- 05:45:03 [INFO] Starting target session
- 05:45:04 [INFO] Connected to am335x-evm via serial 
- 05:45:04 [INFO] Host: #check prompt
- 05:45:07 [ERROR] On command: #check prompt waiting for #check prompt.+?(?-mix:((?-mix:.*\s+login)|[Pp]assword)) >>> error: execution expired
- 05:45:07 [INFO] Target: 
#check prompt
root@am335x-evm:~# 
- 05:45:07 [INFO] Host: #check prompt
- 05:45:07 [INFO] Target: 
#check prompt
root@am335x-evm:~# 
- 05:45:07 [INFO] Host: sync;poweroff
- 05:45:24 [INFO] Target: 
sync;poweroff
Broadcast message from root@am335x-evm (ttyO0) (Tue Oct 14 01:20:55 2014):
The system is going down for system halt NOW!
INIT: Switching to runlevel: 0
root@am335x-evm:~# 
INIT: Sending processes the TERM signal
UIM SYSFS Node Found at /sys/./devices/kim.11/install
Stopping uim-sysfs daemon.
Stopping Dropbear SSH server: stopped /usr/sbin/dropbear (pid 1609)
dropbear.
Stopping telnet daemon.
Stopping system message bus: dbus.
Stopping syslogd/klogd: stopped syslogd (pid 1646)
stopped klogd (pid 1649)
done
Stopping thttpd.
Stopping Weston
stopping statd: done
ALSA: Storing mixer settings...
Stopping PVR
Stopping rpcbind daemon...
done.
Stopping Lighttpd Web Server: stopped /usr/sbin/lighttpd (pid 1710)
lighttpd.
NOT deconfiguring network interfaces: / is an NFS mount
Stopping Matrix GUI applicationstart-stop-daemon: warning: killing process 1718: No such process
***************************************************************
***************************************************************
NOTICE: This file system contains the followin GPLv3 packages:
	binutils
	elfutils
	gdbserver
	libdw1
	libelf1
If you do not wish to distribute GPLv3 components please remove
the above packages prior to distribution.  This can be done using
the opkg remove command.  i.e.:
    opkg remove <package>
Where <package> is the name printed in the list above
NOTE: If the package is a dependency of another package you
      will be notified of the dependent packages.  You should
      use the --force-removal-of-dependent-packages option to
      also remove the dependent packages as well
***************************************************************
***************************************************************
Sending all processes the TERM signal...
Error VT_WAITACTIVE failed
: Interrupted system call
Sending all processes the KILL signal...
Unmounting remote filesystems...
Deactivating swap...
Unmounting local filesystems...
[61478.615016] musb-hdrc musb-hdrc.2.auto: remove, state 1
[61478.622079] usb usb2: USB disconnect, device number 1
[61478.627582] usb 2-1: USB disconnect, device number 2
[61478.787958] musb-hdrc musb-hdrc.2.auto: USB bus 2 deregistered
[61478.800769] musb-hdrc musb-hdrc.1.auto: remove, state 4
[61478.806794] usb usb1: USB disconnect, device number 1
[61478.815369] musb-hdrc musb-hdrc.1.auto: USB bus 1 deregistered
[61478.852521] reboot: System halted
- 05:45:24 [INFO] Disconnected serial from am335x-evm
- 05:45:45 [INFO] Connected to am335x-evm via serial 
- 05:45:45 [INFO] Host: 
- 05:45:46 [ERROR] On command:  waiting for (?-mix:U-Boot#) >>> error: execution expired
- 05:45:46 [INFO] Target: 
U-Boot SPL 2014.07-g8f725ef (Oct 12 2014 - 06:28:07)
- 05:45:46 [INFO] Host: 
- 05:45:46 [ERROR] On command:  waiting for (?-mix:U-Boot#) >>> error: execution expired
- 05:45:46 [INFO] Target: 
- 05:45:46 [INFO] Host: 
- 05:45:47 [ERROR] On command:  waiting for (?-mix:U-Boot#) >>> error: execution expired
- 05:45:47 [INFO] Target: 
- 05:45:47 [INFO] Host: 
- 05:45:47 [ERROR] On command:  waiting for (?-mix:U-Boot#) >>> error: execution expired
- 05:45:47 [INFO] Target: 
- 05:45:47 [INFO] Host: 
- 05:45:48 [ERROR] On command:  waiting for (?-mix:U-Boot#) >>> error: execution expired
- 05:45:48 [INFO] Target: 
reading args
spl_load_image_fat_os: error reading image args, err - -1
reading u-boot.img
reading u-boot.img
U-Boot 2014.07-g8f725ef (Oct 12 2014 - 06:28:07)
I2C:   ready
DRAM:  1 GiB
- 05:45:48 [INFO] Host: 
- 05:45:48 [INFO] Target: 
NAND:  256 MiB
MMC:   OMAP SD/MMC: 0, OMAP SD/MMC: 1
reading uboot.env
** Unable to read "uboot.env" from mmc0:1 **
Using default environment
Net:   <ethaddr> not set. Validating first E-fuse MAC
cpsw, usb_ether
Hit any key to stop autoboot:  1  0 
U-Boot# 
- 05:45:48 [INFO] Host: 
- 05:45:49 [INFO] Target: 
U-Boot# 
- 05:45:49 [INFO] Host: version
- 05:45:49 [INFO] Target: 
version
U-Boot 2014.07-g8f725ef (Oct 12 2014 - 06:28:07)
arm-linux-gnueabihf-gcc (crosstool-NG linaro-1.13.1-4.7-2013.03-20130313 - Linaro GCC 2013.03) 4.7.3 20130226 (prerelease)
GNU ld (crosstool-NG linaro-1.13.1-4.7-2013.03-20130313 - Linaro GCC 2013.03) 2.23.1
U-Boot# 
- 05:45:49 [INFO] Host: setenv bootargs 'console=ttyO0,115200n8 earlyprintk rootwait  '
- 05:45:50 [INFO] Target: 
setenv bootargs 'console=ttyO0,115200n8 earlyprintk rootwait  '
U-Boot# 
- 05:45:50 [INFO] Host: setenv bootcmd  ''
- 05:45:50 [INFO] Target: 
setenv bootcmd  ''
U-Boot# 
- 05:45:50 [INFO] Host: setenv autoload 'no'
- 05:45:51 [INFO] Target: 
setenv autoload 'no'
U-Boot# 
- 05:45:51 [INFO] Host: setenv serverip '192.168.1.254'
- 05:45:51 [INFO] Target: 
setenv serverip '192.168.1.254'
U-Boot# 
- 05:45:51 [INFO] Host: printenv
- 05:45:52 [INFO] Target: 
printenv
arch=arm
autoload=no
baudrate=115200
board=am335x
board_name=A33515BB
board_rev=1.5B
boot_fdt=try
bootargs=console=ttyO0,115200n8 earlyprintk rootwait  
bootcmd=
bootcount=1
bootdelay=1
bootdir=/boot
bootenv=uEnv.txt
bootfile=zImage
bootm_size=0x10000000
bootpart=0:2
console=ttyO0,115200n8
cpu=armv7
dfu_alt_info_emmc=rawemmc raw 0 3751936
dfu_alt_info_mmc=boot part 0 1;rootfs part 0 2;MLO fat 0 1;MLO.raw raw 0x100 0x100;u-boot.img.raw raw 0x300 0x400;spl-os-args.raw raw 0x80 0x80;spl-os-image.raw raw 0x900 0x2000;spl-os-args fat 0 1;spl-os-image fat 0 1;u-boot.img fat 0 1;uEnv.txt fat 0 1
dfu_alt_info_nand=SPL part 0 1;SPL.backup1 part 0 2;SPL.backup2 part 0 3;SPL.backup3 part 0 4;u-boot part 0 5;u-boot-spl-os part 0 6;kernel part 0 8;rootfs part 0 9
dfu_alt_info_ram=kernel ram 0x80200000 0xD80000;fdt ram 0x80F80000 0x80000;ramdisk ram 0x81000000 0x4000000
eth1addr=c8:a0:30:a1:c2:d9
ethact=cpsw
ethaddr=c8:a0:30:a1:c2:d7
fdt_addr_r=0x88000000
fdtaddr=0x88000000
fdtfile=undefined
findfdt=if test $board_name = A335BONE; then setenv fdtfile am335x-bone.dtb; fi; if test $board_name = A335BNLT; then setenv fdtfile am335x-boneblack.dtb; fi; if test $board_name = A33515BB; then setenv fdtfile am335x-evm.dtb; fi; if test $board_name = A335X_SK; then setenv fdtfile am335x-evmsk.dtb; fi; if test $fdtfile = undefined; then echo WARNING: Could not determine device tree to use; fi; 
importbootenv=echo Importing environment from mmc ...; env import -t -r $loadaddr $filesize
kernel_addr_r=0x82000000
loadaddr=0x82000000
loadbootenv=load mmc ${mmcdev} ${loadaddr} ${bootenv}
loadfdt=load mmc ${bootpart} ${fdtaddr} ${bootdir}/${fdtfile}
loadimage=load mmc ${bootpart} ${loadaddr} ${bootdir}/${bootfile}
loadramdisk=load mmc ${mmcdev} ${rdaddr} ramdisk.gz
mmcargs=setenv bootargs console=${console} ${optargs} root=${mmcroot} rootfstype=${mmcrootfstype}
mmcboot=mmc dev ${mmcdev}; if mmc rescan; then echo SD/MMC found on device ${mmcdev};if run loadbootenv; then echo Loaded environment from ${bootenv};run importbootenv;fi;if test -n $uenvcmd; then echo Running uenvcmd ...;run uenvcmd;fi;if run loadimage; then run mmcloados;fi;fi;
mmcdev=0
mmcloados=run mmcargs; if test ${boot_fdt} = yes || test ${boot_fdt} = try; then if run loadfdt; then bootz ${loadaddr} - ${fdtaddr}; else if test ${boot_fdt} = try; then bootz; else echo WARN: Cannot load the DT; fi; fi; else bootz; fi;
mmcroot=/dev/mmcblk0p2 ro
mmcrootfstype=ext4 rootwait
mtdids=nand0=nand.0
mtdparts=mtdparts=nand.0:128k(NAND.SPL),128k(NAND.SPL.backup1),128k(NAND.SPL.backup2),128k(NAND.SPL.backup3),256k(NAND.u-boot-spl-os),1m(NAND.u-boot),128k(NAND.u-boot-env),128k(NAND.u-boot-env.backup1),8m(NAND.kernel),-(NAND.file-system)
nandargs=setenv bootargs console=${console} ${optargs} root=${nandroot} rootfstype=${nandrootfstype}
nandboot=echo Booting from nand ...; run nandargs; nand read ${fdtaddr} NAND.u-boot-spl-os; nand read ${loadaddr} NAND.kernel; bootz ${loadaddr} - ${fdtaddr}
nandroot=ubi0:rootfs rw ubi.mtd=NAND.file-system,2048
nandrootfstype=ubifs rootwait=1
netargs=setenv bootargs console=${console} ${optargs} root=/dev/nfs nfsroot=${serverip}:${rootpath},${nfsopts} rw ip=dhcp
netboot=echo Booting from network ...; setenv autoload no; dhcp; tftp ${loadaddr} ${bootfile}; tftp ${fdtaddr} ${fdtfile}; run netargs; bootz ${loadaddr} - ${fdtaddr}
nfsopts=nolock
partitions=uuid_disk=${uuid_gpt_disk};name=rootfs,start=2MiB,size=-,uuid=${uuid_gpt_rootfs}
ramargs=setenv bootargs console=${console} ${optargs} root=${ramroot} rootfstype=${ramrootfstype}
ramboot=echo Booting from ramdisk ...; run ramargs; bootz ${loadaddr} ${rdaddr} ${fdtaddr}
ramdisk_addr_r=0x88080000
ramroot=/dev/ram0 rw
ramrootfstype=ext2
rdaddr=0x88080000
rootpath=/export/rootfs
serverip=192.168.1.254
soc=am33xx
spiargs=setenv bootargs console=${console} ${optargs} root=${spiroot} rootfstype=${spirootfstype}
spiboot=echo Booting from spi ...; run spiargs; sf probe ${spibusno}:0; sf read ${loadaddr} ${spisrcaddr} ${spiimgsize}; bootz ${loadaddr}
spibusno=0
spiimgsize=0x362000
spiroot=/dev/mtdblock4 rw
spirootfstype=jffs2
spisrcaddr=0xe0000
static_ip=${ipaddr}:${serverip}:${gatewayip}:${netmask}:${hostname}::off
stderr=serial
stdin=serial
stdout=serial
usbnet_devaddr=c8:a0:30:a1:c2:d9
vendor=ti
ver=U-Boot 2014.07-g8f725ef (Oct 12 2014 - 06:28:07)
Environment size: 4467/131068 bytes
U-Boot# 
- 05:45:52 [INFO] Host: printenv
- 05:45:52 [INFO] Target: 
printenv
arch=arm
autoload=no
baudrate=115200
board=am335x
board_name=A33515BB
board_rev=1.5B
boot_fdt=try
bootargs=console=ttyO0,115200n8 earlyprintk rootwait  
bootcmd=
bootcount=1
bootdelay=1
bootdir=/boot
bootenv=uEnv.txt
bootfile=zImage
bootm_size=0x10000000
bootpart=0:2
console=ttyO0,115200n8
cpu=armv7
dfu_alt_info_emmc=rawemmc raw 0 3751936
dfu_alt_info_mmc=boot part 0 1;rootfs part 0 2;MLO fat 0 1;MLO.raw raw 0x100 0x100;u-boot.img.raw raw 0x300 0x400;spl-os-args.raw raw 0x80 0x80;spl-os-image.raw raw 0x900 0x2000;spl-os-args fat 0 1;spl-os-image fat 0 1;u-boot.img fat 0 1;uEnv.txt fat 0 1
dfu_alt_info_nand=SPL part 0 1;SPL.backup1 part 0 2;SPL.backup2 part 0 3;SPL.backup3 part 0 4;u-boot part 0 5;u-boot-spl-os part 0 6;kernel part 0 8;rootfs part 0 9
dfu_alt_info_ram=kernel ram 0x80200000 0xD80000;fdt ram 0x80F80000 0x80000;ramdisk ram 0x81000000 0x4000000
eth1addr=c8:a0:30:a1:c2:d9
ethact=cpsw
ethaddr=c8:a0:30:a1:c2:d7
fdt_addr_r=0x88000000
fdtaddr=0x88000000
fdtfile=undefined
findfdt=if test $board_name = A335BONE; then setenv fdtfile am335x-bone.dtb; fi; if test $board_name = A335BNLT; then setenv fdtfile am335x-boneblack.dtb; fi; if test $board_name = A33515BB; then setenv fdtfile am335x-evm.dtb; fi; if test $board_name = A335X_SK; then setenv fdtfile am335x-evmsk.dtb; fi; if test $fdtfile = undefined; then echo WARNING: Could not determine device tree to use; fi; 
importbootenv=echo Importing environment from mmc ...; env import -t -r $loadaddr $filesize
kernel_addr_r=0x82000000
loadaddr=0x82000000
loadbootenv=load mmc ${mmcdev} ${loadaddr} ${bootenv}
loadfdt=load mmc ${bootpart} ${fdtaddr} ${bootdir}/${fdtfile}
loadimage=load mmc ${bootpart} ${loadaddr} ${bootdir}/${bootfile}
loadramdisk=load mmc ${mmcdev} ${rdaddr} ramdisk.gz
mmcargs=setenv bootargs console=${console} ${optargs} root=${mmcroot} rootfstype=${mmcrootfstype}
mmcboot=mmc dev ${mmcdev}; if mmc rescan; then echo SD/MMC found on device ${mmcdev};if run loadbootenv; then echo Loaded environment from ${bootenv};run importbootenv;fi;if test -n $uenvcmd; then echo Running uenvcmd ...;run uenvcmd;fi;if run loadimage; then run mmcloados;fi;fi;
mmcdev=0
mmcloados=run mmcargs; if test ${boot_fdt} = yes || test ${boot_fdt} = try; then if run loadfdt; then bootz ${loadaddr} - ${fdtaddr}; else if test ${boot_fdt} = try; then bootz; else echo WARN: Cannot load the DT; fi; fi; else bootz; fi;
mmcroot=/dev/mmcblk0p2 ro
mmcrootfstype=ext4 rootwait
mtdids=nand0=nand.0
mtdparts=mtdparts=nand.0:128k(NAND.SPL),128k(NAND.SPL.backup1),128k(NAND.SPL.backup2),128k(NAND.SPL.backup3),256k(NAND.u-boot-spl-os),1m(NAND.u-boot),128k(NAND.u-boot-env),128k(NAND.u-boot-env.backup1),8m(NAND.kernel),-(NAND.file-system)
nandargs=setenv bootargs console=${console} ${optargs} root=${nandroot} rootfstype=${nandrootfstype}
nandboot=echo Booting from nand ...; run nandargs; nand read ${fdtaddr} NAND.u-boot-spl-os; nand read ${loadaddr} NAND.kernel; bootz ${loadaddr} - ${fdtaddr}
nandroot=ubi0:rootfs rw ubi.mtd=NAND.file-system,2048
nandrootfstype=ubifs rootwait=1
netargs=setenv bootargs console=${console} ${optargs} root=/dev/nfs nfsroot=${serverip}:${rootpath},${nfsopts} rw ip=dhcp
netboot=echo Booting from network ...; setenv autoload no; dhcp; tftp ${loadaddr} ${bootfile}; tftp ${fdtaddr} ${fdtfile}; run netargs; bootz ${loadaddr} - ${fdtaddr}
nfsopts=nolock
partitions=uuid_disk=${uuid_gpt_disk};name=rootfs,start=2MiB,size=-,uuid=${uuid_gpt_rootfs}
ramargs=setenv bootargs console=${console} ${optargs} root=${ramroot} rootfstype=${ramrootfstype}
ramboot=echo Booting from ramdisk ...; run ramargs; bootz ${loadaddr} ${rdaddr} ${fdtaddr}
ramdisk_addr_r=0x88080000
ramroot=/dev/ram0 rw
ramrootfstype=ext2
rdaddr=0x88080000
rootpath=/export/rootfs
serverip=192.168.1.254
soc=am33xx
spiargs=setenv bootargs console=${console} ${optargs} root=${spiroot} rootfstype=${spirootfstype}
spiboot=echo Booting from spi ...; run spiargs; sf probe ${spibusno}:0; sf read ${loadaddr} ${spisrcaddr} ${spiimgsize}; bootz ${loadaddr}
spibusno=0
spiimgsize=0x362000
spiroot=/dev/mtdblock4 rw
spirootfstype=jffs2
spisrcaddr=0xe0000
static_ip=${ipaddr}:${serverip}:${gatewayip}:${netmask}:${hostname}::off
stderr=serial
stdin=serial
stdout=serial
usbnet_devaddr=c8:a0:30:a1:c2:d9
vendor=ti
ver=U-Boot 2014.07-g8f725ef (Oct 12 2014 - 06:28:07)
Environment size: 4467/131068 bytes
U-Boot# 
- 05:45:52 [INFO] Host: setenv bootargs ''${bootargs}' ip=dhcp '
- 05:45:53 [INFO] Target: 
setenv bootargs ''${bootargs}' ip=dhcp '
U-Boot# 
- 05:45:53 [INFO] Host: setenv serverip '192.168.1.254'
- 05:45:53 [INFO] Target: 
setenv serverip '192.168.1.254'
U-Boot# 
- 05:45:53 [INFO] Host: setenv ipaddr dhcp
- 05:45:54 [INFO] Target: 
setenv ipaddr dhcp
U-Boot# 
- 05:45:54 [INFO] Host: setenv autoload 'no'
- 05:45:54 [INFO] Target: 
setenv autoload 'no'
U-Boot# 
- 05:45:54 [INFO] Host: dhcp
- 05:45:56 [INFO] Target: 
dhcp
link up on port 0, speed 1000, full duplex
BOOTP broadcast 1
DHCP client bound to address 192.168.1.151
U-Boot# 
- 05:45:56 [INFO] Host: setenv serverip '192.168.1.254'
- 05:45:56 [INFO] Target: 
setenv serverip '192.168.1.254'
U-Boot# 
- 05:45:56 [INFO] Host: tftp ${loadaddr} 192.168.1.254:vatf_am335x-evm/c2a123e9e86ad8f272b40582828ec3e0
- 05:45:57 [INFO] Target: 
tftp ${loadaddr} 192.168.1.254:vatf_am335x-evm/c2a123e9e86ad8f272b40582828ec3e0
link up on port 0, speed 1000, full duplex
Using cpsw device
TFTP from server 192.168.1.254; our IP address is 192.168.1.151
Filename 'vatf_am335x-evm/c2a123e9e86ad8f272b40582828ec3e0'.
Load address: 0x82000000
Loading: *#################################################################
	 #################################################################
	 #################################################################
	 #################################################################
	 #######################################################
	 5.4 MiB/s
done
Bytes transferred = 4611216 (465c90 hex)
U-Boot# 
- 05:45:57 [INFO] Host: tftp ${fdt_addr_r} 192.168.1.254:vatf_am335x-evm/e6825f3059167c31a0acfca5abaf4b09
- 05:45:58 [INFO] Target: 
tftp ${fdt_addr_r} 192.168.1.254:vatf_am335x-evm/e6825f3059167c31a0acfca5abaf4b09
link up on port 0, speed 1000, full duplex
Using cpsw device
TFTP from server 192.168.1.254; our IP address is 192.168.1.151
Filename 'vatf_am335x-evm/e6825f3059167c31a0acfca5abaf4b09'.
Load address: 0x88000000
Loading: *###
	 4.8 MiB/s
done
Bytes transferred = 35555 (8ae3 hex)
U-Boot# 
- 05:45:58 [INFO] Host: ls mmc 0:1
- 05:45:58 [INFO] Target: 
ls mmc 0:1
    77172   mlo 
   446176   u-boot.img 
  4605619   ramdisk.gz 
        0   pointercal 
  5114552   zimage 
    30502   am335x-evm-profile1.dtb 
    30446   am335x-evm.dtb 
    13276   ramdisk.gz.old 
       14   .ipaddr 
        4   ws-calibrate.rules 
10 file(s), 0 dir(s)
U-Boot# 
- 05:45:58 [INFO] Host: ls mmc 0:2
- 05:45:59 [INFO] Target: 
ls mmc 0:2
<DIR>       4096 .
<DIR>       4096 ..
<DIR>       4096 bin
<DIR>       4096 boot
<DIR>       4096 dev
<DIR>       4096 etc
<DIR>       4096 home
<DIR>       4096 lib
<DIR>       4096 media
<DIR>       4096 mnt
<DIR>       4096 opt
<DIR>       4096 proc
<DIR>       4096 sbin
<DIR>       4096 srv
<DIR>       4096 sys
<SYM>          8 tmp
<DIR>       4096 usr
<DIR>       4096 var
<DIR>       4096 www
<SYM>          8 run
<DIR>       4096 Settings
<DIR>       4096 debug
<DIR>       4096 test
U-Boot# 
- 05:45:59 [INFO] Host: part uuid mmc 0:2
- 05:45:59 [INFO] Target: 
part uuid mmc 0:2
00000000-02
U-Boot# 
- 05:45:59 [INFO] Host: printenv
- 05:46:00 [INFO] Target: 
printenv
arch=arm
autoload=no
baudrate=115200
board=am335x
board_name=A33515BB
board_rev=1.5B
boot_fdt=try
bootargs=console=ttyO0,115200n8 earlyprintk rootwait   ip=dhcp 
bootcmd=
bootcount=1
bootdelay=1
bootdir=/boot
bootenv=uEnv.txt
bootfile=zImage
bootm_size=0x10000000
bootpart=0:2
console=ttyO0,115200n8
cpu=armv7
dfu_alt_info_emmc=rawemmc raw 0 3751936
dfu_alt_info_mmc=boot part 0 1;rootfs part 0 2;MLO fat 0 1;MLO.raw raw 0x100 0x100;u-boot.img.raw raw 0x300 0x400;spl-os-args.raw raw 0x80 0x80;spl-os-image.raw raw 0x900 0x2000;spl-os-args fat 0 1;spl-os-image fat 0 1;u-boot.img fat 0 1;uEnv.txt fat 0 1
dfu_alt_info_nand=SPL part 0 1;SPL.backup1 part 0 2;SPL.backup2 part 0 3;SPL.backup3 part 0 4;u-boot part 0 5;u-boot-spl-os part 0 6;kernel part 0 8;rootfs part 0 9
dfu_alt_info_ram=kernel ram 0x80200000 0xD80000;fdt ram 0x80F80000 0x80000;ramdisk ram 0x81000000 0x4000000
dnsip=192.0.2.2
dnsip2=192.0.2.3
eth1addr=c8:a0:30:a1:c2:d9
ethact=cpsw
ethaddr=c8:a0:30:a1:c2:d7
fdt_addr_r=0x88000000
fdtaddr=0x88000000
fdtfile=undefined
fileaddr=88000000
filesize=8ae3
findfdt=if test $board_name = A335BONE; then setenv fdtfile am335x-bone.dtb; fi; if test $board_name = A335BNLT; then setenv fdtfile am335x-boneblack.dtb; fi; if test $board_name = A33515BB; then setenv fdtfile am335x-evm.dtb; fi; if test $board_name = A335X_SK; then setenv fdtfile am335x-evmsk.dtb; fi; if test $fdtfile = undefined; then echo WARNING: Could not determine device tree to use; fi; 
gatewayip=192.168.1.254
importbootenv=echo Importing environment from mmc ...; env import -t -r $loadaddr $filesize
ipaddr=192.168.1.151
kernel_addr_r=0x82000000
loadaddr=0x82000000
loadbootenv=load mmc ${mmcdev} ${loadaddr} ${bootenv}
loadfdt=load mmc ${bootpart} ${fdtaddr} ${bootdir}/${fdtfile}
loadimage=load mmc ${bootpart} ${loadaddr} ${bootdir}/${bootfile}
loadramdisk=load mmc ${mmcdev} ${rdaddr} ramdisk.gz
mmcargs=setenv bootargs console=${console} ${optargs} root=${mmcroot} rootfstype=${mmcrootfstype}
mmcboot=mmc dev ${mmcdev}; if mmc rescan; then echo SD/MMC found on device ${mmcdev};if run loadbootenv; then echo Loaded environment from ${bootenv};run importbootenv;fi;if test -n $uenvcmd; then echo Running uenvcmd ...;run uenvcmd;fi;if run loadimage; then run mmcloados;fi;fi;
mmcdev=0
mmcloados=run mmcargs; if test ${boot_fdt} = yes || test ${boot_fdt} = try; then if run loadfdt; then bootz ${loadaddr} - ${fdtaddr}; else if test ${boot_fdt} = try; then bootz; else echo WARN: Cannot load the DT; fi; fi; else bootz; fi;
mmcroot=/dev/mmcblk0p2 ro
mmcrootfstype=ext4 rootwait
mtdids=nand0=nand.0
mtdparts=mtdparts=nand.0:128k(NAND.SPL),128k(NAND.SPL.backup1),128k(NAND.SPL.backup2),128k(NAND.SPL.backup3),256k(NAND.u-boot-spl-os),1m(NAND.u-boot),128k(NAND.u-boot-env),128k(NAND.u-boot-env.backup1),8m(NAND.kernel),-(NAND.file-system)
nandargs=setenv bootargs console=${console} ${optargs} root=${nandroot} rootfstype=${nandrootfstype}
nandboot=echo Booting from nand ...; run nandargs; nand read ${fdtaddr} NAND.u-boot-spl-os; nand read ${loadaddr} NAND.kernel; bootz ${loadaddr} - ${fdtaddr}
nandroot=ubi0:rootfs rw ubi.mtd=NAND.file-system,2048
nandrootfstype=ubifs rootwait=1
netargs=setenv bootargs console=${console} ${optargs} root=/dev/nfs nfsroot=${serverip}:${rootpath},${nfsopts} rw ip=dhcp
netboot=echo Booting from network ...; setenv autoload no; dhcp; tftp ${loadaddr} ${bootfile}; tftp ${fdtaddr} ${fdtfile}; run netargs; bootz ${loadaddr} - ${fdtaddr}
netmask=255.255.255.0
nfsopts=nolock
partitions=uuid_disk=${uuid_gpt_disk};name=rootfs,start=2MiB,size=-,uuid=${uuid_gpt_rootfs}
ramargs=setenv bootargs console=${console} ${optargs} root=${ramroot} rootfstype=${ramrootfstype}
ramboot=echo Booting from ramdisk ...; run ramargs; bootz ${loadaddr} ${rdaddr} ${fdtaddr}
ramdisk_addr_r=0x88080000
ramroot=/dev/ram0 rw
ramrootfstype=ext2
rdaddr=0x88080000
rootpath=/export/rootfs
serverip=192.168.1.254
soc=am33xx
spiargs=setenv bootargs console=${console} ${optargs} root=${spiroot} rootfstype=${spirootfstype}
spiboot=echo Booting from spi ...; run spiargs; sf probe ${spibusno}:0; sf read ${loadaddr} ${spisrcaddr} ${spiimgsize}; bootz ${loadaddr}
spibusno=0
spiimgsize=0x362000
spiroot=/dev/mtdblock4 rw
spirootfstype=jffs2
spisrcaddr=0xe0000
static_ip=${ipaddr}:${serverip}:${gatewayip}:${netmask}:${hostname}::off
stderr=serial
stdin=serial
stdout=serial
usbnet_devaddr=c8:a0:30:a1:c2:d9
vendor=ti
ver=U-Boot 2014.07-g8f725ef (Oct 12 2014 - 06:28:07)
Environment size: 4622/131068 bytes
U-Boot# 
- 05:46:00 [INFO] Host: setenv bootargs ''${bootargs}' root=PARTUUID=00000000-02 rw rootfstype=ext4 rootwait '
- 05:46:00 [INFO] Target: 
setenv bootargs ''${bootargs}' root=PARTUUID=00000000-02 rw rootfstype=ext4 rootwait '
U-Boot# 
- 05:46:00 [INFO] Host: printenv
- 05:46:01 [INFO] Target: 
printenv
arch=arm
autoload=no
baudrate=115200
board=am335x
board_name=A33515BB
board_rev=1.5B
boot_fdt=try
bootargs=console=ttyO0,115200n8 earlyprintk rootwait   ip=dhcp  root=PARTUUID=00000000-02 rw rootfstype=ext4 rootwait 
bootcmd=
bootcount=1
bootdelay=1
bootdir=/boot
bootenv=uEnv.txt
bootfile=zImage
bootm_size=0x10000000
bootpart=0:2
console=ttyO0,115200n8
cpu=armv7
dfu_alt_info_emmc=rawemmc raw 0 3751936
dfu_alt_info_mmc=boot part 0 1;rootfs part 0 2;MLO fat 0 1;MLO.raw raw 0x100 0x100;u-boot.img.raw raw 0x300 0x400;spl-os-args.raw raw 0x80 0x80;spl-os-image.raw raw 0x900 0x2000;spl-os-args fat 0 1;spl-os-image fat 0 1;u-boot.img fat 0 1;uEnv.txt fat 0 1
dfu_alt_info_nand=SPL part 0 1;SPL.backup1 part 0 2;SPL.backup2 part 0 3;SPL.backup3 part 0 4;u-boot part 0 5;u-boot-spl-os part 0 6;kernel part 0 8;rootfs part 0 9
dfu_alt_info_ram=kernel ram 0x80200000 0xD80000;fdt ram 0x80F80000 0x80000;ramdisk ram 0x81000000 0x4000000
dnsip=192.0.2.2
dnsip2=192.0.2.3
eth1addr=c8:a0:30:a1:c2:d9
ethact=cpsw
ethaddr=c8:a0:30:a1:c2:d7
fdt_addr_r=0x88000000
fdtaddr=0x88000000
fdtfile=undefined
fileaddr=88000000
filesize=8ae3
findfdt=if test $board_name = A335BONE; then setenv fdtfile am335x-bone.dtb; fi; if test $board_name = A335BNLT; then setenv fdtfile am335x-boneblack.dtb; fi; if test $board_name = A33515BB; then setenv fdtfile am335x-evm.dtb; fi; if test $board_name = A335X_SK; then setenv fdtfile am335x-evmsk.dtb; fi; if test $fdtfile = undefined; then echo WARNING: Could not determine device tree to use; fi; 
gatewayip=192.168.1.254
importbootenv=echo Importing environment from mmc ...; env import -t -r $loadaddr $filesize
ipaddr=192.168.1.151
kernel_addr_r=0x82000000
loadaddr=0x82000000
loadbootenv=load mmc ${mmcdev} ${loadaddr} ${bootenv}
loadfdt=load mmc ${bootpart} ${fdtaddr} ${bootdir}/${fdtfile}
loadimage=load mmc ${bootpart} ${loadaddr} ${bootdir}/${bootfile}
loadramdisk=load mmc ${mmcdev} ${rdaddr} ramdisk.gz
mmcargs=setenv bootargs console=${console} ${optargs} root=${mmcroot} rootfstype=${mmcrootfstype}
mmcboot=mmc dev ${mmcdev}; if mmc rescan; then echo SD/MMC found on device ${mmcdev};if run loadbootenv; then echo Loaded environment from ${bootenv};run importbootenv;fi;if test -n $uenvcmd; then echo Running uenvcmd ...;run uenvcmd;fi;if run loadimage; then run mmcloados;fi;fi;
mmcdev=0
mmcloados=run mmcargs; if test ${boot_fdt} = yes || test ${boot_fdt} = try; then if run loadfdt; then bootz ${loadaddr} - ${fdtaddr}; else if test ${boot_fdt} = try; then bootz; else echo WARN: Cannot load the DT; fi; fi; else bootz; fi;
mmcroot=/dev/mmcblk0p2 ro
mmcrootfstype=ext4 rootwait
mtdids=nand0=nand.0
mtdparts=mtdparts=nand.0:128k(NAND.SPL),128k(NAND.SPL.backup1),128k(NAND.SPL.backup2),128k(NAND.SPL.backup3),256k(NAND.u-boot-spl-os),1m(NAND.u-boot),128k(NAND.u-boot-env),128k(NAND.u-boot-env.backup1),8m(NAND.kernel),-(NAND.file-system)
nandargs=setenv bootargs console=${console} ${optargs} root=${nandroot} rootfstype=${nandrootfstype}
nandboot=echo Booting from nand ...; run nandargs; nand read ${fdtaddr} NAND.u-boot-spl-os; nand read ${loadaddr} NAND.kernel; bootz ${loadaddr} - ${fdtaddr}
nandroot=ubi0:rootfs rw ubi.mtd=NAND.file-system,2048
nandrootfstype=ubifs rootwait=1
netargs=setenv bootargs console=${console} ${optargs} root=/dev/nfs nfsroot=${serverip}:${rootpath},${nfsopts} rw ip=dhcp
netboot=echo Booting from network ...; setenv autoload no; dhcp; tftp ${loadaddr} ${bootfile}; tftp ${fdtaddr} ${fdtfile}; run netargs; bootz ${loadaddr} - ${fdtaddr}
netmask=255.255.255.0
nfsopts=nolock
partitions=uuid_disk=${uuid_gpt_disk};name=rootfs,start=2MiB,size=-,uuid=${uuid_gpt_rootfs}
ramargs=setenv bootargs console=${console} ${optargs} root=${ramroot} rootfstype=${ramrootfstype}
ramboot=echo Booting from ramdisk ...; run ramargs; bootz ${loadaddr} ${rdaddr} ${fdtaddr}
ramdisk_addr_r=0x88080000
ramroot=/dev/ram0 rw
ramrootfstype=ext2
rdaddr=0x88080000
rootpath=/export/rootfs
serverip=192.168.1.254
soc=am33xx
spiargs=setenv bootargs console=${console} ${optargs} root=${spiroot} rootfstype=${spirootfstype}
spiboot=echo Booting from spi ...; run spiargs; sf probe ${spibusno}:0; sf read ${loadaddr} ${spisrcaddr} ${spiimgsize}; bootz ${loadaddr}
spibusno=0
spiimgsize=0x362000
spiroot=/dev/mtdblock4 rw
spirootfstype=jffs2
spisrcaddr=0xe0000
static_ip=${ipaddr}:${serverip}:${gatewayip}:${netmask}:${hostname}::off
stderr=serial
stdin=serial
stdout=serial
usbnet_devaddr=c8:a0:30:a1:c2:d9
vendor=ti
ver=U-Boot 2014.07-g8f725ef (Oct 12 2014 - 06:28:07)
Environment size: 4677/131068 bytes
U-Boot# 
- 05:46:01 [INFO] Host: setenv bootcmd ''${bootcmd}' if iminfo ${loadaddr}; then bootm ${loadaddr} - ${fdt_addr_r}; else bootz ${loadaddr} - ${fdt_addr_r}; bootm ${loadaddr} - ${fdt_addr_r}; fi'
- 05:46:01 [INFO] Target: 
setenv bootcmd ''${bootcmd}' if iminfo ${loadaddr}; then bootm ${loadaddr} - ${fdt_addr_r}; else bootz ${loadaddr} - ${fdt_addr_r}; bootm ${loadaddr} - ${fdt_addr_r}; fi'
U-Boot# 
- 05:46:01 [INFO] Host: bdinfo
- 05:46:02 [INFO] Target: 
bdinfo
arch_number = 0x00000E05
boot_params = 0x80000100
DRAM bank   = 0x00000000
-> start    = 0x80000000
-> size     = 0x40000000
eth0name    = cpsw
ethaddr     = c8:a0:30:a1:c2:d7
eth1name    = usb_ether
eth1addr    = c8:a0:30:a1:c2:d9
current eth = cpsw
ip_addr     = 192.168.1.151
baudrate    = 115200 bps
TLB addr    = 0xBFFF0000
relocaddr   = 0xBF741000
reloc off   = 0x3EF41000
irq_sp      = 0xBE720EE0
sp start    = 0xBE720ED0
U-Boot# 
- 05:46:02 [INFO] Host: mmc rescan
- 05:46:02 [INFO] Target: 
mmc rescan
U-Boot# 
- 05:46:02 [INFO] Host: fatwrite mmc ${mmcdev}:1 ${loadaddr} ws-calibrate.rules 4
- 05:46:03 [INFO] Target: 
fatwrite mmc ${mmcdev}:1 ${loadaddr} ws-calibrate.rules 4
writing ws-calibrate.rules
4 bytes written
U-Boot# 
- 05:46:03 [INFO] Host: boot
- 05:48:33 [ERROR] On command: boot waiting for boot.+?(?-mix:.*\s+login) >>> error: execution expired
- 05:48:33 [INFO] Target: 
boot
## Checking Image at 82000000 ...
Unknown image format!
Kernel image @ 0x82000000 [ 0x000000 - 0x465c90 ]
## Flattened Device Tree blob at 88000000
   Booting using the fdt blob at 0x88000000
   Loading Device Tree to 8fff4000, end 8ffffae2 ... OK
Starting kernel ...
[    0.000000] Booting Linux on physical CPU 0x0
[    0.000000] Initializing cgroup subsys cpuset
[    0.000000] Initializing cgroup subsys cpu
[    0.000000] Initializing cgroup subsys cpuacct
[    0.000000] Linux version 4.0.0-rc3-next-20150313-00002-g3edae4a369f7 (nmenon@kahuna) (gcc version 4.6.3 (Ubuntu/Linaro 4.6.3-1ubuntu5) ) #1 SMP Fri Mar 13 05:43:10 CDT 2015
[    0.000000] CPU: ARMv7 Processor [413fc082] revision 2 (ARMv7), cr=10c5387d
[    0.000000] CPU: PIPT / VIPT nonaliasing data cache, VIPT aliasing instruction cache
[    0.000000] Machine model: TI AM335x EVM
[    0.000000] cma: Reserved 16 MiB at 0xbe800000
[    0.000000] Memory policy: Data cache writeback
[    0.000000] CPU: All CPU(s) started in SVC mode.
[    0.000000] AM335X ES2.1 (sgx neon )
[    0.000000] PERCPU: Embedded 12 pages/cpu @eeebc000 s18560 r8192 d22400 u49152
[    0.000000] Built 1 zonelists in Zone order, mobility grouping on.  Total pages: 260178
[    0.000000] Kernel command line: console=ttyO0,115200n8 earlyprintk rootwait   ip=dhcp  root=PARTUUID=00000000-02 rw rootfstype=ext4 rootwait 
[    0.000000] PID hash table entries: 4096 (order: 2, 16384 bytes)
[    0.000000] Dentry cache hash table entries: 131072 (order: 7, 524288 bytes)
[    0.000000] Inode-cache hash table entries: 65536 (order: 6, 262144 bytes)
[    0.000000] Memory: 1003176K/1047552K available (6136K kernel code, 598K rwdata, 2288K rodata, 428K init, 8219K bss, 27992K reserved, 16384K cma-reserved, 252928K highmem)
[    0.000000] Virtual kernel memory layout:
[    0.000000]     vector  : 0xffff0000 - 0xffff1000   (   4 kB)
[    0.000000]     fixmap  : 0xffc00000 - 0xfff00000   (3072 kB)
[    0.000000]     vmalloc : 0xf0000000 - 0xff000000   ( 240 MB)
[    0.000000]     lowmem  : 0xc0000000 - 0xef800000   ( 760 MB)
[    0.000000]     pkmap   : 0xbfe00000 - 0xc0000000   (   2 MB)
[    0.000000]     modules : 0xbf000000 - 0xbfe00000   (  14 MB)
[    0.000000]       .text : 0xc0008000 - 0xc08423e8   (8425 kB)
[    0.000000]       .init : 0xc0843000 - 0xc08ae000   ( 428 kB)
[    0.000000]       .data : 0xc08ae000 - 0xc0943b38   ( 599 kB)
[    0.000000]        .bss : 0xc0943b38 - 0xc114a988   (8220 kB)
[    0.000000] Running RCU self tests
[    0.000000] Hierarchical RCU implementation.
[    0.000000] 	RCU lockdep checking is enabled.
[    0.000000] 	Additional per-CPU info printed with stalls.
[    0.000000] 	RCU restricting CPUs from NR_CPUS=2 to nr_cpu_ids=1.
[    0.000000] RCU: Adjusting geometry for rcu_fanout_leaf=16, nr_cpu_ids=1
[    0.000000] NR_IRQS:16 nr_irqs:16 16
[    0.000000] IRQ: Found an INTC at 0xfa200000 (revision 5.0) with 128 interrupts
[    0.000000] OMAP clockevent source: timer2 at 24000000 Hz
[    0.000019] sched_clock: 32 bits at 24MHz, resolution 41ns, wraps every 178956969942ns
[    0.000078] OMAP clocksource: timer1 at 24000000 Hz
[    0.000926] Console: colour dummy device 80x30
[    0.000983] Lock dependency validator: Copyright (c) 2006 Red Hat, Inc., Ingo Molnar
[    0.000993] ... MAX_LOCKDEP_SUBCLASSES:  8
[    0.001000] ... MAX_LOCK_DEPTH:          48
[    0.001008] ... MAX_LOCKDEP_KEYS:        8191
[    0.001015] ... CLASSHASH_SIZE:          4096
[    0.001022] ... MAX_LOCKDEP_ENTRIES:     32768
[    0.001029] ... MAX_LOCKDEP_CHAINS:      65536
[    0.001036] ... CHAINHASH_SIZE:          32768
[    0.001043]  memory used by lock dependency info: 5167 kB
[    0.001051]  per task-struct memory footprint: 1152 bytes
[    0.001083] Calibrating delay loop... 996.14 BogoMIPS (lpj=4980736)
[    0.078853] pid_max: default: 32768 minimum: 301
[    0.079231] Security Framework initialized
[    0.079389] Mount-cache hash table entries: 2048 (order: 1, 8192 bytes)
[    0.079404] Mountpoint-cache hash table entries: 2048 (order: 1, 8192 bytes)
[    0.082404] Initializing cgroup subsys blkio
[    0.082452] Initializing cgroup subsys memory
[    0.082548] Initializing cgroup subsys devices
[    0.082648] Initializing cgroup subsys freezer
[    0.082771] Initializing cgroup subsys perf_event
[    0.082846] CPU: Testing write buffer coherency: ok
[    0.084276] CPU0: thread -1, cpu 0, socket -1, mpidr 0
[    0.084404] Setting up static identity map for 0x805d2b08 - 0x805d2b78
[    0.088293] Brought up 1 CPUs
[    0.088319] SMP: Total of 1 processors activated (996.14 BogoMIPS).
[    0.088329] CPU: All CPU(s) started in SVC mode.
[    0.091821] devtmpfs: initialized
[    0.094037] VFP support v0.3: implementor 41 architecture 3 part 30 variant c rev 3
[    0.133128] omap_hwmod: tptc0 using broken dt data from edma
[    0.133518] omap_hwmod: tptc1 using broken dt data from edma
[    0.133884] omap_hwmod: tptc2 using broken dt data from edma
[    0.142237] omap_hwmod: debugss: _wait_target_disable failed
[    0.200111] pinctrl core: initialized pinctrl subsystem
[    0.237031] NET: Registered protocol family 16
[    0.242371] DMA: preallocated 256 KiB pool for atomic coherent allocations
[    0.244472] cpuidle: using governor ladder
[    0.244503] cpuidle: using governor menu
[    0.252503] OMAP GPIO hardware version 0.1
[    0.270223] omap-gpmc 50000000.gpmc: could not find pctldev for node /pinmux@44e10800/nandflash_pins_s0, deferring probe
[    0.270272] platform 50000000.gpmc: Driver omap-gpmc requests probe deferral
[    0.275190] No ATAGs?
[    0.275222] hw-breakpoint: debug architecture 0x4 unsupported.
[    0.317746] edma-dma-engine edma-dma-engine.0: TI EDMA DMA engine driver
[    0.323114] SCSI subsystem initialized
[    0.325019] omap_i2c 44e0b000.i2c: could not find pctldev for node /pinmux@44e10800/pinmux_i2c0_pins, deferring probe
[    0.325059] platform 44e0b000.i2c: Driver omap_i2c requests probe deferral
[    0.325120] omap_i2c 4802a000.i2c: could not find pctldev for node /pinmux@44e10800/pinmux_i2c1_pins, deferring probe
[    0.325146] platform 4802a000.i2c: Driver omap_i2c requests probe deferral
[    0.329406] Switched to clocksource timer1
[    0.473225] NET: Registered protocol family 2
[    0.475267] TCP established hash table entries: 8192 (order: 3, 32768 bytes)
[    0.475521] TCP bind hash table entries: 8192 (order: 6, 294912 bytes)
[    0.478170] TCP: Hash tables configured (established 8192 bind 8192)
[    0.478449] UDP hash table entries: 512 (order: 3, 40960 bytes)
[    0.478813] UDP-Lite hash table entries: 512 (order: 3, 40960 bytes)
[    0.480145] NET: Registered protocol family 1
[    0.481915] RPC: Registered named UNIX socket transport module.
[    0.481939] RPC: Registered udp transport module.
[    0.481949] RPC: Registered tcp transport module.
[    0.481959] RPC: Registered tcp NFSv4.1 backchannel transport module.
[    0.484046] hw perfevents: enabled with armv7_cortex_a8 PMU driver, 5 counters available
[    0.488472] futex hash table entries: 256 (order: 2, 16384 bytes)
[    0.488780] audit: initializing netlink subsys (disabled)
[    0.489048] audit: type=2000 audit(0.480:1): initialized
[    0.494480] VFS: Disk quotas dquot_6.5.2
[    0.494642] VFS: Dquot-cache hash table entries: 1024 (order 0, 4096 bytes)
[    0.496986] NFS: Registering the id_resolver key type
[    0.497348] Key type id_resolver registered
[    0.497366] Key type id_legacy registered
[    0.497547] jffs2: version 2.2. (NAND) (SUMMARY)   2001-2006 Red Hat, Inc.
[    0.502762] bounce: pool size: 64 pages
[    0.502917] io scheduler noop registered
[    0.502942] io scheduler deadline registered
[    0.503002] io scheduler cfq registered (default)
[    0.505147] pinctrl-single 44e10800.pinmux: 142 pins at pa f9e10800 size 568
[    0.509096] Serial: 8250/16550 driver, 4 ports, IRQ sharing enabled
[    0.515398] omap_uart 44e09000.serial: no wakeirq for uart0
[    0.516062] 44e09000.serial: ttyO0 at MMIO 0x44e09000 (irq = 154, base_baud = 3000000) is a OMAP UART0
[    1.237580] console [ttyO0] enabled
[    1.272095] brd: module loaded
[    1.278272] Unable to handle kernel NULL pointer dereference at virtual address 00000000
[    1.286901] pgd = c0004000
[    1.289789] [00000000] *pgd=00000000
[    1.293546] Internal error: Oops: 80000005 [#1] SMP ARM
[    1.299004] Modules linked in:
[    1.302202] CPU: 0 PID: 1 Comm: swapper/0 Not tainted 4.0.0-rc3-next-20150313-00002-g3edae4a369f7 #1
[    1.311734] Hardware name: Generic AM33XX (Flattened Device Tree)
[    1.318093] task: ee09ab80 ti: ee09c000 task.ti: ee09c000
[    1.323728] PC is at 0x0
[    1.326384] LR is at percpu_ref_kill_and_confirm+0x16c/0x1e4
[    1.332292] pc : [<00000000>]    lr : [<c034cdc4>]    psr: 60000113
[    1.332292] sp : ee09de10  ip : 0000019f  fp : ee382080
[    1.344273] r10: 00000001  r9 : 00000000  r8 : 00000001
[    1.349724] r7 : ee2ec9f0  r6 : ee3b347c  r5 : c0940c7c  r4 : ee3b3454
[    1.356536] r3 : 00000000  r2 : 00000000  r1 : 00000000  r0 : ee3b3454
[    1.363350] Flags: nZCv  IRQs on  FIQs on  Mode SVC_32  ISA ARM  Segment kernel
[    1.370978] Control: 10c5387d  Table: 80004019  DAC: 00000015
[    1.376974] Process swapper/0 (pid: 1, stack limit = 0xee09c218)
[    1.383242] Stack: (0xee09de10 to 0xee09e000)
[    1.387792] de00:                                     00000000 00000000 c034cc74 00000000
[    1.396330] de20: ee3b2e08 00000000 ee3b347c c03252b4 ee2ec9f0 ee3b2e08 ee3b347c c0325440
[    1.404868] de40: ee3b2e08 c0325474 ee2ec9f0 ee2ec9ac ee2ec984 ee3b347c ee3b2e08 c0325b70
[    1.413406] de60: 00000000 00000001 00000080 d09e46c0 ee382080 ee382100 ee3b3488 ee2ec984
[    1.421944] de80: ee3b3488 00000000 ee2ec984 00000001 ee09dee4 c0843588 00000000 c0325cd8
[    1.430481] dea0: 00000005 ee2ec800 00000000 c03e7308 000000d0 00000008 00000008 00000001
[    1.439019] dec0: 00100000 c11389e0 ee382440 c08a84a0 c0843588 c0880a30 00000000 00000000
[    1.447557] dee0: 0000000a c0880934 00000000 c0880934 00000000 c08b3d58 c08b3d58 c0008a04
[    1.456094] df00: ee09ab80 c08f13b0 00000004 00000000 ee09ab00 00000004 00000006 00000001
[    1.464632] df20: 00000000 00000000 00000000 c008a840 c080f32c ef7fc564 00000093 c005ac80
[    1.473170] df40: c07c1e28 c080e9fc 00000006 00000006 c08f136c c08928e4 00000006 c08928c4
[    1.481707] df60: c0943b40 00000093 c08a84a0 c0843588 00000000 c0843e80 00000006 00000006
[    1.490245] df80: c0843588 00000000 00000000 c05c502c 00000000 00000000 00000000 00000000
[    1.498782] dfa0: 00000000 c05c5034 00000000 c000e6d0 00000000 00000000 00000000 00000000
[    1.507320] dfc0: 00000000 00000000 00000000 00000000 00000000 00000000 00000000 00000000
[    1.515857] dfe0: 00000000 00000000 00000000 00000000 00000013 00000000 eececded c57eff56
[    1.524411] [<c034cdc4>] (percpu_ref_kill_and_confirm) from [<c03252b4>] (blk_mq_freeze_queue_start+0x3c/0x4c)
[    1.534857] [<c03252b4>] (blk_mq_freeze_queue_start) from [<c0325440>] (blk_mq_freeze_queue+0xc/0x18)
[    1.544485] [<c0325440>] (blk_mq_freeze_queue) from [<c0325474>] (blk_mq_update_tag_set_depth+0x28/0xa0)
[    1.554385] [<c0325474>] (blk_mq_update_tag_set_depth) from [<c0325b70>] (blk_mq_init_allocated_queue+0x684/0x7c0)
[    1.565191] [<c0325b70>] (blk_mq_init_allocated_queue) from [<c0325cd8>] (blk_mq_init_queue+0x2c/0x4c)
[    1.574916] [<c0325cd8>] (blk_mq_init_queue) from [<c03e7308>] (loop_add+0xc0/0x254)
[    1.583005] [<c03e7308>] (loop_add) from [<c0880a30>] (loop_init+0xfc/0x160)
[    1.590369] [<c0880a30>] (loop_init) from [<c0008a04>] (do_one_initcall+0x80/0x1d8)
[    1.598377] [<c0008a04>] (do_one_initcall) from [<c0843e80>] (kernel_init_freeable+0x1fc/0x2d4)
[    1.607469] [<c0843e80>] (kernel_init_freeable) from [<c05c5034>] (kernel_init+0x8/0xe4)
[    1.615924] [<c05c5034>] (kernel_init) from [<c000e6d0>] (ret_from_fork+0x14/0x24)
[    1.623829] Code: bad PC value
[    1.627129] ---[ end trace d38c3005b8f94ecd ]---
[    1.632064] Kernel panic - not syncing: Attempted to kill init! exitcode=0x0000000b
[    1.632064] 
[    1.641614] ---[ end Kernel panic - not syncing: Attempted to kill init! exitcode=0x0000000b
[    1.641614] 
[   82.939246] random: nonblocking pool is initialized
URL:gtsystest.telogy.design.ti.com/vatf/tidfarm-01.dal.design.ti.com/tidfarm-01.dal.design.ti.com_vatf@am335x-evm/tidfarm-01.dal.design.ti.com03_13_2015_05_45_02/files/session_iteration_1/test_1
