- 06:41:51 [INFO] Starting target session
- 06:41:51 [INFO] Connected to am335x-evm via serial 
- 06:41:51 [INFO] Host: #check prompt
- 06:41:54 [ERROR] On command: #check prompt waiting for #check prompt.+?(?-mix:((?-mix:login:)|[Pp]assword)) >>> error: execution expired
- 06:41:54 [INFO] Target: 
#check prompt
root@am335x-evm:/test# 
- 06:41:54 [INFO] Host: #check prompt
- 06:41:54 [INFO] Target: 
#check prompt
root@am335x-evm:/test# 
- 06:41:54 [INFO] Host: sync;poweroff
- 06:42:08 [INFO] Target: 
sync;poweroff
Broadcast message from root@am335x-evm (ttyS0) (Thu Apr 16 07:33:18 2015):
The system is going down for system halt NOW!
INIT: Switching to runlevel: 0root@am335x-evm:/test# 
INIT: Sending processes the TERM signal
INIT: SendingStopping syslogd/klogd: stopped syslogd (pid 1182)
stopped klogd (pid 1185)
done
not deconfiguring network interfaces: network file systems still mounted.
Sending all processes the TERM signal...
Sending all processes the KILL signal...
Unmounting remote filesystems...
Deactivating swap...
Unmounting local filesystems...
[  549.996269] reboot: System halted
- 06:42:08 [INFO] Disconnected serial from am335x-evm
- 06:42:09 [INFO] Connected to am335x-evm via serial 
- 06:42:09 [INFO] Host: 
- 06:42:12 [INFO] Target: 
U-Boot SPL 2014.07-00071-gaca0808 (Oct 02 2014 - 11:22:57)
reading args
spl_load_image_fat_os: error reading image args, err - -1
reading u-boot.img
reading u-boot.img
U-Boot 2014.07-00071-gaca0808 (Oct 02 2014 - 11:22:57), Build: jenkins-ti-linux-3-14-y_opentest-216
I2C:   ready
DRAM:  1 GiB
NAND:  256 MiB
MMC:   OMAP SD/MMC: 0, OMAP SD/MMC: 1
reading uboot.env
** Unable to read "uboot.env" from mmc0:1 **
Using default environment
Net:   <ethaddr> not set. Validating first E-fuse MAC
cpsw, usb_ether
Hit any key to stop autoboot:  1  0 
U-Boot# 
U-Boot# 
U-Boot# 
U-Boot# 
U-Boot# 
U-Boot# 
U-Boot# 
- 06:42:12 [INFO] Host: 
- 06:42:12 [INFO] Target: 
U-Boot# 
U-Boot# 
- 06:42:12 [INFO] Host: version
- 06:42:12 [INFO] Target: 
version
U-Boot 2014.07-00071-gaca0808 (Oct 02 2014 - 11:22:57)
arm-linux-gnueabihf-gcc (crosstool-NG linaro-1.13.1-4.7-2013.03-20130313 - Linaro GCC 2013.03) 4.7.3 20130226 (prerelease)
GNU ld (crosstool-NG linaro-1.13.1-4.7-2013.03-20130313 - Linaro GCC 2013.03) 2.23.1
U-Boot# 
- 06:42:12 [INFO] Host: setenv bootargs 'console=ttyO0,115200n8 earlyprintk rootwait  '
- 06:42:12 [INFO] Target: 
setenv bootargs 'console=ttyO0,115200n8 earlyprintk rootwait  '
U-Boot# 
- 06:42:12 [INFO] Host: setenv bootcmd  ''
- 06:42:12 [INFO] Target: 
setenv bootcmd  ''
U-Boot# 
- 06:42:12 [INFO] Host: setenv autoload 'no'
- 06:42:12 [INFO] Target: 
setenv autoload 'no'
U-Boot# 
- 06:42:12 [INFO] Host: setenv serverip '192.168.0.1'
- 06:42:12 [INFO] Target: 
setenv serverip '192.168.0.1'
U-Boot# 
- 06:42:12 [INFO] Host: printenv
- 06:42:13 [INFO] Target: 
printenv
arch=arm
autoload=no
baudrate=115200
board=am335x
board_name=A33515BB
board_rev=1.5B
boot_fdt=try
bootargs=console=ttyO0,115200n8 earlyprintk rootwait  
bootcmd=
bootcount=1
bootdelay=1
bootdir=/boot
bootenv=uEnv.txt
bootfile=zImage
bootm_size=0x10000000
bootpart=0:2
console=ttyO0,115200n8
cpu=armv7
dfu_alt_info_emmc=rawemmc mmc 0 3751936
dfu_alt_info_mmc=boot part 0 1;rootfs part 0 2;MLO fat 0 1;MLO.raw mmc 0x100 0x100;u-boot.img.raw mmc 0x300 0x400;spl-os-args.raw mmc 0x80 0x80;spl-os-image.raw mmc 0x900 0x2000;spl-os-args fat 0 1;spl-os-image fat 0 1;u-boot.img fat 0 1;uEnv.txt fat 0 1
dfu_alt_info_nand=SPL part 0 1;SPL.backup1 part 0 2;SPL.backup2 part 0 3;SPL.backup3 part 0 4;u-boot part 0 5;u-boot-spl-os part 0 6;kernel part 0 8;rootfs part 0 9
dfu_alt_info_ram=kernel ram 0x80200000 0xD80000;fdt ram 0x80F80000 0x80000;ramdisk ram 0x81000000 0x4000000
eth1addr=c8:a0:30:a1:e1:d5
ethact=cpsw
ethaddr=c8:a0:30:a1:e1:d3
fdt_addr_r=0x88000000
fdtaddr=0x88000000
fdtfile=undefined
findfdt=if test $board_name = A335BONE; then setenv fdtfile am335x-bone.dtb; fi; if test $board_name = A335BNLT; then setenv fdtfile am335x-boneblack.dtb; fi; if test $board_name = A33515BB; then setenv fdtfile am335x-evm.dtb; fi; if test $board_name = A335X_SK; then setenv fdtfile am335x-evmsk.dtb; fi; if test $fdtfile = undefined; then echo WARNING: Could not determine device tree to use; fi; 
importbootenv=echo Importing environment from mmc ...; env import -t -r $loadaddr $filesize
kernel_addr_r=0x82000000
loadaddr=0x82000000
loadbootenv=load mmc ${mmcdev} ${loadaddr} ${bootenv}
loadfdt=load mmc ${bootpart} ${fdtaddr} ${bootdir}/${fdtfile}
loadimage=load mmc ${bootpart} ${loadaddr} ${bootdir}/${bootfile}
loadramdisk=load mmc ${mmcdev} ${rdaddr} ramdisk.gz
mmcargs=setenv bootargs console=${console} ${optargs} root=${mmcroot} rootfstype=${mmcrootfstype}
mmcboot=mmc dev ${mmcdev}; if mmc rescan; then echo SD/MMC found on device ${mmcdev};if run loadbootenv; then echo Loaded environment from ${bootenv};run importbootenv;fi;if test -n $uenvcmd; then echo Running uenvcmd ...;run uenvcmd;fi;if run loadimage; then run mmcloados;fi;fi;
mmcdev=0
mmcloados=run mmcargs; if test ${boot_fdt} = yes || test ${boot_fdt} = try; then if run loadfdt; then bootz ${loadaddr} - ${fdtaddr}; else if test ${boot_fdt} = try; then bootz; else echo WARN: Cannot load the DT; fi; fi; else bootz; fi;
mmcroot=/dev/mmcblk0p2 ro
mmcrootfstype=ext4 rootwait
mtdids=nand0=nand.0
mtdparts=mtdparts=nand.0:128k(NAND.SPL),128k(NAND.SPL.backup1),128k(NAND.SPL.backup2),128k(NAND.SPL.backup3),256k(NAND.u-boot-spl-os),1m(NAND.u-boot),128k(NAND.u-boot-env),128k(NAND.u-boot-env.backup1),8m(NAND.kernel),-(NAND.file-system)
nandargs=setenv bootargs console=${console} ${optargs} root=${nandroot} rootfstype=${nandrootfstype}
nandboot=echo Booting from nand ...; run nandargs; nand read ${fdtaddr} NAND.u-boot-spl-os; nand read ${loadaddr} NAND.kernel; bootz ${loadaddr} - ${fdtaddr}
nandroot=ubi0:rootfs rw ubi.mtd=NAND.file-system,2048
nandrootfstype=ubifs rootwait=1
netargs=setenv bootargs console=${console} ${optargs} root=/dev/nfs nfsroot=${serverip}:${rootpath},${nfsopts} rw ip=dhcp
netboot=echo Booting from network ...; setenv autoload no; dhcp; tftp ${loadaddr} ${bootfile}; tftp ${fdtaddr} ${fdtfile}; run netargs; bootz ${loadaddr} - ${fdtaddr}
nfsopts=nolock
partitions=uuid_disk=${uuid_gpt_disk};name=rootfs,start=2MiB,size=-,uuid=${uuid_gpt_rootfs}
ramargs=setenv bootargs console=${console} ${optargs} root=${ramroot} rootfstype=${ramrootfstype}
ramboot=echo Booting from ramdisk ...; run ramargs; bootz ${loadaddr} ${rdaddr} ${fdtaddr}
ramdisk_addr_r=0x88080000
ramroot=/dev/ram0 rw
ramrootfstype=ext2
rdaddr=0x88080000
rootpath=/export/rootfs
serverip=192.168.0.1
soc=am33xx
spiargs=setenv bootargs console=${console} ${optargs} root=${spiroot} rootfstype=${spirootfstype}
spiboot=echo Booting from spi ...; run spiargs; sf probe ${spibusno}:0; sf read ${loadaddr} ${spisrcaddr} ${spiimgsize}; bootz ${loadaddr}
spibusno=0
spiimgsize=0x362000
spiroot=/dev/mtdblock4 rw
spirootfstype=jffs2
spisrcaddr=0xe0000
static_ip=${ipaddr}:${serverip}:${gatewayip}:${netmask}:${hostname}::off
stderr=serial
stdin=serial
stdout=serial
usbnet_devaddr=c8:a0:30:a1:e1:d5
vendor=ti
ver=U-Boot 2014.07-00071-gaca0808 (Oct 02 2014 - 11:22:57)
Environment size: 4471/131068 bytes
U-Boot# 
- 06:42:13 [INFO] Host: printenv
- 06:42:13 [INFO] Target: 
printenv
arch=arm
autoload=no
baudrate=115200
board=am335x
board_name=A33515BB
board_rev=1.5B
boot_fdt=try
bootargs=console=ttyO0,115200n8 earlyprintk rootwait  
bootcmd=
bootcount=1
bootdelay=1
bootdir=/boot
bootenv=uEnv.txt
bootfile=zImage
bootm_size=0x10000000
bootpart=0:2
console=ttyO0,115200n8
cpu=armv7
dfu_alt_info_emmc=rawemmc mmc 0 3751936
dfu_alt_info_mmc=boot part 0 1;rootfs part 0 2;MLO fat 0 1;MLO.raw mmc 0x100 0x100;u-boot.img.raw mmc 0x300 0x400;spl-os-args.raw mmc 0x80 0x80;spl-os-image.raw mmc 0x900 0x2000;spl-os-args fat 0 1;spl-os-image fat 0 1;u-boot.img fat 0 1;uEnv.txt fat 0 1
dfu_alt_info_nand=SPL part 0 1;SPL.backup1 part 0 2;SPL.backup2 part 0 3;SPL.backup3 part 0 4;u-boot part 0 5;u-boot-spl-os part 0 6;kernel part 0 8;rootfs part 0 9
dfu_alt_info_ram=kernel ram 0x80200000 0xD80000;fdt ram 0x80F80000 0x80000;ramdisk ram 0x81000000 0x4000000
eth1addr=c8:a0:30:a1:e1:d5
ethact=cpsw
ethaddr=c8:a0:30:a1:e1:d3
fdt_addr_r=0x88000000
fdtaddr=0x88000000
fdtfile=undefined
findfdt=if test $board_name = A335BONE; then setenv fdtfile am335x-bone.dtb; fi; if test $board_name = A335BNLT; then setenv fdtfile am335x-boneblack.dtb; fi; if test $board_name = A33515BB; then setenv fdtfile am335x-evm.dtb; fi; if test $board_name = A335X_SK; then setenv fdtfile am335x-evmsk.dtb; fi; if test $fdtfile = undefined; then echo WARNING: Could not determine device tree to use; fi; 
importbootenv=echo Importing environment from mmc ...; env import -t -r $loadaddr $filesize
kernel_addr_r=0x82000000
loadaddr=0x82000000
loadbootenv=load mmc ${mmcdev} ${loadaddr} ${bootenv}
loadfdt=load mmc ${bootpart} ${fdtaddr} ${bootdir}/${fdtfile}
loadimage=load mmc ${bootpart} ${loadaddr} ${bootdir}/${bootfile}
loadramdisk=load mmc ${mmcdev} ${rdaddr} ramdisk.gz
mmcargs=setenv bootargs console=${console} ${optargs} root=${mmcroot} rootfstype=${mmcrootfstype}
mmcboot=mmc dev ${mmcdev}; if mmc rescan; then echo SD/MMC found on device ${mmcdev};if run loadbootenv; then echo Loaded environment from ${bootenv};run importbootenv;fi;if test -n $uenvcmd; then echo Running uenvcmd ...;run uenvcmd;fi;if run loadimage; then run mmcloados;fi;fi;
mmcdev=0
mmcloados=run mmcargs; if test ${boot_fdt} = yes || test ${boot_fdt} = try; then if run loadfdt; then bootz ${loadaddr} - ${fdtaddr}; else if test ${boot_fdt} = try; then bootz; else echo WARN: Cannot load the DT; fi; fi; else bootz; fi;
mmcroot=/dev/mmcblk0p2 ro
mmcrootfstype=ext4 rootwait
mtdids=nand0=nand.0
mtdparts=mtdparts=nand.0:128k(NAND.SPL),128k(NAND.SPL.backup1),128k(NAND.SPL.backup2),128k(NAND.SPL.backup3),256k(NAND.u-boot-spl-os),1m(NAND.u-boot),128k(NAND.u-boot-env),128k(NAND.u-boot-env.backup1),8m(NAND.kernel),-(NAND.file-system)
nandargs=setenv bootargs console=${console} ${optargs} root=${nandroot} rootfstype=${nandrootfstype}
nandboot=echo Booting from nand ...; run nandargs; nand read ${fdtaddr} NAND.u-boot-spl-os; nand read ${loadaddr} NAND.kernel; bootz ${loadaddr} - ${fdtaddr}
nandroot=ubi0:rootfs rw ubi.mtd=NAND.file-system,2048
nandrootfstype=ubifs rootwait=1
netargs=setenv bootargs console=${console} ${optargs} root=/dev/nfs nfsroot=${serverip}:${rootpath},${nfsopts} rw ip=dhcp
netboot=echo Booting from network ...; setenv autoload no; dhcp; tftp ${loadaddr} ${bootfile}; tftp ${fdtaddr} ${fdtfile}; run netargs; bootz ${loadaddr} - ${fdtaddr}
nfsopts=nolock
partitions=uuid_disk=${uuid_gpt_disk};name=rootfs,start=2MiB,size=-,uuid=${uuid_gpt_rootfs}
ramargs=setenv bootargs console=${console} ${optargs} root=${ramroot} rootfstype=${ramrootfstype}
ramboot=echo Booting from ramdisk ...; run ramargs; bootz ${loadaddr} ${rdaddr} ${fdtaddr}
ramdisk_addr_r=0x88080000
ramroot=/dev/ram0 rw
ramrootfstype=ext2
rdaddr=0x88080000
rootpath=/export/rootfs
serverip=192.168.0.1
soc=am33xx
spiargs=setenv bootargs console=${console} ${optargs} root=${spiroot} rootfstype=${spirootfstype}
spiboot=echo Booting from spi ...; run spiargs; sf probe ${spibusno}:0; sf read ${loadaddr} ${spisrcaddr} ${spiimgsize}; bootz ${loadaddr}
spibusno=0
spiimgsize=0x362000
spiroot=/dev/mtdblock4 rw
spirootfstype=jffs2
spisrcaddr=0xe0000
static_ip=${ipaddr}:${serverip}:${gatewayip}:${netmask}:${hostname}::off
stderr=serial
stdin=serial
stdout=serial
usbnet_devaddr=c8:a0:30:a1:e1:d5
vendor=ti
ver=U-Boot 2014.07-00071-gaca0808 (Oct 02 2014 - 11:22:57)
Environment size: 4471/131068 bytes
U-Boot# 
- 06:42:13 [INFO] Host: setenv bootargs ''${bootargs}' ip=:::::eth0:dhcp '
- 06:42:13 [INFO] Target: 
setenv bootargs ''${bootargs}' ip=:::::eth0:dhcp '
U-Boot# 
- 06:42:13 [INFO] Host: setenv serverip '192.168.0.1'
- 06:42:13 [INFO] Target: 
setenv serverip '192.168.0.1'
U-Boot# 
- 06:42:13 [INFO] Host: setenv autoload 'no'
- 06:42:14 [INFO] Target: 
setenv autoload 'no'
U-Boot# 
- 06:42:14 [INFO] Host: dhcp
- 06:42:16 [INFO] Target: 
dhcp
cpsw Waiting for PHY auto negotiation to complete.. done
link up on port 0, speed 1000, full duplex
BOOTP broadcast 1
DHCP client bound to address 192.168.0.79
U-Boot# 
- 06:42:16 [INFO] Host: tftp ${loadaddr} 192.168.0.1:vatf_am335x-evm-2.1/d745d1497af0a6d65d371a2519ae854f
- 06:42:16 [INFO] Target: 
tftp ${loadaddr} 192.168.0.1:vatf_am335x-evm-2.1/d745d1497af0a6d65d371a2519ae854f
link up on port 0, speed 1000, full duplex
Using cpsw device
TFTP from server 192.168.0.1; our IP address is 192.168.0.79
Filename 'vatf_am335x-evm-2.1/d745d1497af0a6d65d371a2519ae854f'.
Load address: 0x82000000
Loading: *#################################################################
	 #################################################################
	 #################################################################
	 ##################################################
	 9.3 MiB/s
done
Bytes transferred = 3593544 (36d548 hex)
U-Boot# 
- 06:42:16 [INFO] Host: tftp ${fdt_addr_r} 192.168.0.1:vatf_am335x-evm-2.1/f5499806416bab5845bb681524a78634
- 06:42:16 [INFO] Target: 
tftp ${fdt_addr_r} 192.168.0.1:vatf_am335x-evm-2.1/f5499806416bab5845bb681524a78634
link up on port 0, speed 1000, full duplex
Using cpsw device
TFTP from server 192.168.0.1; our IP address is 192.168.0.79
Filename 'vatf_am335x-evm-2.1/f5499806416bab5845bb681524a78634'.
Load address: 0x88000000
Loading: *###
	 7.3 MiB/s
done
Bytes transferred = 38518 (9676 hex)
U-Boot# 
- 06:42:16 [INFO] Host: ls mmc 0:1
- 06:42:17 [INFO] Target: 
ls mmc 0:1
    77476   mlo 
   447116   u-boot.img 
  2627551   u-boot 
   447084   u-boot.bin 
   905453   u-boot-spl 
    76900   u-boot-spl.bin 
      259   uboot_build.txt 
       13   .ipaddr 
            windows_users/
       52   pointercal 
            old_uboot/
        4   ws-calibrate.rules 
10 file(s), 2 dir(s)
U-Boot# 
- 06:42:17 [INFO] Host: ls mmc 0:2
- 06:42:17 [INFO] Target: 
ls mmc 0:2
<DIR>       4096 .
<DIR>       4096 ..
<DIR>       4096 bin
<DIR>       4096 boot
<DIR>       4096 dev
<DIR>       4096 etc
<DIR>       4096 home
<DIR>       4096 lib
<DIR>       4096 media
<DIR>       4096 mnt
<DIR>       4096 opt
<DIR>       4096 proc
<DIR>       4096 sbin
<DIR>       4096 srv
<DIR>       4096 sys
<SYM>          8 tmp
<DIR>       4096 usr
<DIR>       4096 var
<DIR>       4096 www
<SYM>          8 run
<DIR>       4096 Settings
<DIR>       4096 test
U-Boot# 
- 06:42:17 [INFO] Host: part uuid mmc 0:2
- 06:42:17 [INFO] Target: 
part uuid mmc 0:2
00000000-02
U-Boot# 
- 06:42:17 [INFO] Host: printenv
- 06:42:17 [INFO] Target: 
printenv
arch=arm
autoload=no
baudrate=115200
board=am335x
board_name=A33515BB
board_rev=1.5B
boot_fdt=try
bootargs=console=ttyO0,115200n8 earlyprintk rootwait   ip=:::::eth0:dhcp 
bootcmd=
bootcount=1
bootdelay=1
bootdir=/boot
bootenv=uEnv.txt
bootfile=zImage
bootm_size=0x10000000
bootpart=0:2
console=ttyO0,115200n8
cpu=armv7
dfu_alt_info_emmc=rawemmc mmc 0 3751936
dfu_alt_info_mmc=boot part 0 1;rootfs part 0 2;MLO fat 0 1;MLO.raw mmc 0x100 0x100;u-boot.img.raw mmc 0x300 0x400;spl-os-args.raw mmc 0x80 0x80;spl-os-image.raw mmc 0x900 0x2000;spl-os-args fat 0 1;spl-os-image fat 0 1;u-boot.img fat 0 1;uEnv.txt fat 0 1
dfu_alt_info_nand=SPL part 0 1;SPL.backup1 part 0 2;SPL.backup2 part 0 3;SPL.backup3 part 0 4;u-boot part 0 5;u-boot-spl-os part 0 6;kernel part 0 8;rootfs part 0 9
dfu_alt_info_ram=kernel ram 0x80200000 0xD80000;fdt ram 0x80F80000 0x80000;ramdisk ram 0x81000000 0x4000000
dnsip=192.0.2.2
dnsip2=192.0.2.3
eth1addr=c8:a0:30:a1:e1:d5
ethact=cpsw
ethaddr=c8:a0:30:a1:e1:d3
fdt_addr_r=0x88000000
fdtaddr=0x88000000
fdtfile=undefined
fileaddr=88000000
filesize=9676
findfdt=if test $board_name = A335BONE; then setenv fdtfile am335x-bone.dtb; fi; if test $board_name = A335BNLT; then setenv fdtfile am335x-boneblack.dtb; fi; if test $board_name = A33515BB; then setenv fdtfile am335x-evm.dtb; fi; if test $board_name = A335X_SK; then setenv fdtfile am335x-evmsk.dtb; fi; if test $fdtfile = undefined; then echo WARNING: Could not determine device tree to use; fi; 
gatewayip=192.168.0.1
importbootenv=echo Importing environment from mmc ...; env import -t -r $loadaddr $filesize
ipaddr=192.168.0.79
kernel_addr_r=0x82000000
loadaddr=0x82000000
loadbootenv=load mmc ${mmcdev} ${loadaddr} ${bootenv}
loadfdt=load mmc ${bootpart} ${fdtaddr} ${bootdir}/${fdtfile}
loadimage=load mmc ${bootpart} ${loadaddr} ${bootdir}/${bootfile}
loadramdisk=load mmc ${mmcdev} ${rdaddr} ramdisk.gz
mmcargs=setenv bootargs console=${console} ${optargs} root=${mmcroot} rootfstype=${mmcrootfstype}
mmcboot=mmc dev ${mmcdev}; if mmc rescan; then echo SD/MMC found on device ${mmcdev};if run loadbootenv; then echo Loaded environment from ${bootenv};run importbootenv;fi;if test -n $uenvcmd; then echo Running uenvcmd ...;run uenvcmd;fi;if run loadimage; then run mmcloados;fi;fi;
mmcdev=0
mmcloados=run mmcargs; if test ${boot_fdt} = yes || test ${boot_fdt} = try; then if run loadfdt; then bootz ${loadaddr} - ${fdtaddr}; else if test ${boot_fdt} = try; then bootz; else echo WARN: Cannot load the DT; fi; fi; else bootz; fi;
mmcroot=/dev/mmcblk0p2 ro
mmcrootfstype=ext4 rootwait
mtdids=nand0=nand.0
mtdparts=mtdparts=nand.0:128k(NAND.SPL),128k(NAND.SPL.backup1),128k(NAND.SPL.backup2),128k(NAND.SPL.backup3),256k(NAND.u-boot-spl-os),1m(NAND.u-boot),128k(NAND.u-boot-env),128k(NAND.u-boot-env.backup1),8m(NAND.kernel),-(NAND.file-system)
nandargs=setenv bootargs console=${console} ${optargs} root=${nandroot} rootfstype=${nandrootfstype}
nandboot=echo Booting from nand ...; run nandargs; nand read ${fdtaddr} NAND.u-boot-spl-os; nand read ${loadaddr} NAND.kernel; bootz ${loadaddr} - ${fdtaddr}
nandroot=ubi0:rootfs rw ubi.mtd=NAND.file-system,2048
nandrootfstype=ubifs rootwait=1
netargs=setenv bootargs console=${console} ${optargs} root=/dev/nfs nfsroot=${serverip}:${rootpath},${nfsopts} rw ip=dhcp
netboot=echo Booting from network ...; setenv autoload no; dhcp; tftp ${loadaddr} ${bootfile}; tftp ${fdtaddr} ${fdtfile}; run netargs; bootz ${loadaddr} - ${fdtaddr}
netmask=255.255.255.0
nfsopts=nolock
partitions=uuid_disk=${uuid_gpt_disk};name=rootfs,start=2MiB,size=-,uuid=${uuid_gpt_rootfs}
ramargs=setenv bootargs console=${console} ${optargs} root=${ramroot} rootfstype=${ramrootfstype}
ramboot=echo Booting from ramdisk ...; run ramargs; bootz ${loadaddr} ${rdaddr} ${fdtaddr}
ramdisk_addr_r=0x88080000
ramroot=/dev/ram0 rw
ramrootfstype=ext2
rdaddr=0x88080000
rootpath=/export/rootfs
serverip=192.168.0.1
soc=am33xx
spiargs=setenv bootargs console=${console} ${optargs} root=${spiroot} rootfstype=${spirootfstype}
spiboot=echo Booting from spi ...; run spiargs; sf probe ${spibusno}:0; sf read ${loadaddr} ${spisrcaddr} ${spiimgsize}; bootz ${loadaddr}
spibusno=0
spiimgsize=0x362000
spiroot=/dev/mtdblock4 rw
spirootfstype=jffs2
spisrcaddr=0xe0000
static_ip=${ipaddr}:${serverip}:${gatewayip}:${netmask}:${hostname}::off
stderr=serial
stdin=serial
stdout=serial
usbnet_devaddr=c8:a0:30:a1:e1:d5
vendor=ti
ver=U-Boot 2014.07-00071-gaca0808 (Oct 02 2014 - 11:22:57)
Environment size: 4633/131068 bytes
U-Boot# 
- 06:42:17 [INFO] Host: setenv bootargs ''${bootargs}' root=PARTUUID=00000000-02 rw rootfstype=ext4 rootwait '
- 06:42:17 [INFO] Target: 
setenv bootargs ''${bootargs}' root=PARTUUID=00000000-02 rw rootfstype=ext4 rootwait '
U-Boot# 
- 06:42:17 [INFO] Host: printenv
- 06:42:18 [INFO] Target: 
printenv
arch=arm
autoload=no
baudrate=115200
board=am335x
board_name=A33515BB
board_rev=1.5B
boot_fdt=try
bootargs=console=ttyO0,115200n8 earlyprintk rootwait   ip=:::::eth0:dhcp  root=PARTUUID=00000000-02 rw rootfstype=ext4 rootwait 
bootcmd=
bootcount=1
bootdelay=1
bootdir=/boot
bootenv=uEnv.txt
bootfile=zImage
bootm_size=0x10000000
bootpart=0:2
console=ttyO0,115200n8
cpu=armv7
dfu_alt_info_emmc=rawemmc mmc 0 3751936
dfu_alt_info_mmc=boot part 0 1;rootfs part 0 2;MLO fat 0 1;MLO.raw mmc 0x100 0x100;u-boot.img.raw mmc 0x300 0x400;spl-os-args.raw mmc 0x80 0x80;spl-os-image.raw mmc 0x900 0x2000;spl-os-args fat 0 1;spl-os-image fat 0 1;u-boot.img fat 0 1;uEnv.txt fat 0 1
dfu_alt_info_nand=SPL part 0 1;SPL.backup1 part 0 2;SPL.backup2 part 0 3;SPL.backup3 part 0 4;u-boot part 0 5;u-boot-spl-os part 0 6;kernel part 0 8;rootfs part 0 9
dfu_alt_info_ram=kernel ram 0x80200000 0xD80000;fdt ram 0x80F80000 0x80000;ramdisk ram 0x81000000 0x4000000
dnsip=192.0.2.2
dnsip2=192.0.2.3
eth1addr=c8:a0:30:a1:e1:d5
ethact=cpsw
ethaddr=c8:a0:30:a1:e1:d3
fdt_addr_r=0x88000000
fdtaddr=0x88000000
fdtfile=undefined
fileaddr=88000000
filesize=9676
findfdt=if test $board_name = A335BONE; then setenv fdtfile am335x-bone.dtb; fi; if test $board_name = A335BNLT; then setenv fdtfile am335x-boneblack.dtb; fi; if test $board_name = A33515BB; then setenv fdtfile am335x-evm.dtb; fi; if test $board_name = A335X_SK; then setenv fdtfile am335x-evmsk.dtb; fi; if test $fdtfile = undefined; then echo WARNING: Could not determine device tree to use; fi; 
gatewayip=192.168.0.1
importbootenv=echo Importing environment from mmc ...; env import -t -r $loadaddr $filesize
ipaddr=192.168.0.79
kernel_addr_r=0x82000000
loadaddr=0x82000000
loadbootenv=load mmc ${mmcdev} ${loadaddr} ${bootenv}
loadfdt=load mmc ${bootpart} ${fdtaddr} ${bootdir}/${fdtfile}
loadimage=load mmc ${bootpart} ${loadaddr} ${bootdir}/${bootfile}
loadramdisk=load mmc ${mmcdev} ${rdaddr} ramdisk.gz
mmcargs=setenv bootargs console=${console} ${optargs} root=${mmcroot} rootfstype=${mmcrootfstype}
mmcboot=mmc dev ${mmcdev}; if mmc rescan; then echo SD/MMC found on device ${mmcdev};if run loadbootenv; then echo Loaded environment from ${bootenv};run importbootenv;fi;if test -n $uenvcmd; then echo Running uenvcmd ...;run uenvcmd;fi;if run loadimage; then run mmcloados;fi;fi;
mmcdev=0
mmcloados=run mmcargs; if test ${boot_fdt} = yes || test ${boot_fdt} = try; then if run loadfdt; then bootz ${loadaddr} - ${fdtaddr}; else if test ${boot_fdt} = try; then bootz; else echo WARN: Cannot load the DT; fi; fi; else bootz; fi;
mmcroot=/dev/mmcblk0p2 ro
mmcrootfstype=ext4 rootwait
mtdids=nand0=nand.0
mtdparts=mtdparts=nand.0:128k(NAND.SPL),128k(NAND.SPL.backup1),128k(NAND.SPL.backup2),128k(NAND.SPL.backup3),256k(NAND.u-boot-spl-os),1m(NAND.u-boot),128k(NAND.u-boot-env),128k(NAND.u-boot-env.backup1),8m(NAND.kernel),-(NAND.file-system)
nandargs=setenv bootargs console=${console} ${optargs} root=${nandroot} rootfstype=${nandrootfstype}
nandboot=echo Booting from nand ...; run nandargs; nand read ${fdtaddr} NAND.u-boot-spl-os; nand read ${loadaddr} NAND.kernel; bootz ${loadaddr} - ${fdtaddr}
nandroot=ubi0:rootfs rw ubi.mtd=NAND.file-system,2048
nandrootfstype=ubifs rootwait=1
netargs=setenv bootargs console=${console} ${optargs} root=/dev/nfs nfsroot=${serverip}:${rootpath},${nfsopts} rw ip=dhcp
netboot=echo Booting from network ...; setenv autoload no; dhcp; tftp ${loadaddr} ${bootfile}; tftp ${fdtaddr} ${fdtfile}; run netargs; bootz ${loadaddr} - ${fdtaddr}
netmask=255.255.255.0
nfsopts=nolock
partitions=uuid_disk=${uuid_gpt_disk};name=rootfs,start=2MiB,size=-,uuid=${uuid_gpt_rootfs}
ramargs=setenv bootargs console=${console} ${optargs} root=${ramroot} rootfstype=${ramrootfstype}
ramboot=echo Booting from ramdisk ...; run ramargs; bootz ${loadaddr} ${rdaddr} ${fdtaddr}
ramdisk_addr_r=0x88080000
ramroot=/dev/ram0 rw
ramrootfstype=ext2
rdaddr=0x88080000
rootpath=/export/rootfs
serverip=192.168.0.1
soc=am33xx
spiargs=setenv bootargs console=${console} ${optargs} root=${spiroot} rootfstype=${spirootfstype}
spiboot=echo Booting from spi ...; run spiargs; sf probe ${spibusno}:0; sf read ${loadaddr} ${spisrcaddr} ${spiimgsize}; bootz ${loadaddr}
spibusno=0
spiimgsize=0x362000
spiroot=/dev/mtdblock4 rw
spirootfstype=jffs2
spisrcaddr=0xe0000
static_ip=${ipaddr}:${serverip}:${gatewayip}:${netmask}:${hostname}::off
stderr=serial
stdin=serial
stdout=serial
usbnet_devaddr=c8:a0:30:a1:e1:d5
vendor=ti
ver=U-Boot 2014.07-00071-gaca0808 (Oct 02 2014 - 11:22:57)
Environment size: 4688/131068 bytes
U-Boot# 
- 06:42:18 [INFO] Host: setenv bootcmd ''${bootcmd}' if iminfo ${loadaddr}; then bootm ${loadaddr} - ${fdt_addr_r}; else bootz ${loadaddr} - ${fdt_addr_r}; bootm ${loadaddr} - ${fdt_addr_r}; fi'
- 06:42:18 [INFO] Target: 
setenv bootcmd ''${bootcmd}' if iminfo ${loadaddr}; then bootm ${loadaddr} - ${fdt_addr_r}; else bootz ${loadaddr} - ${fdt_addr_r}; bootm ${loadaddr} - ${fdt_addr_r}; fi'
U-Boot# 
- 06:42:18 [INFO] Host: version
- 06:42:18 [INFO] Target: 
version
U-Boot 2014.07-00071-gaca0808 (Oct 02 2014 - 11:22:57)
arm-linux-gnueabihf-gcc (crosstool-NG linaro-1.13.1-4.7-2013.03-20130313 - Linaro GCC 2013.03) 4.7.3 20130226 (prerelease)
GNU ld (crosstool-NG linaro-1.13.1-4.7-2013.03-20130313 - Linaro GCC 2013.03) 2.23.1
U-Boot# 
- 06:42:18 [INFO] Host: bdinfo
- 06:42:18 [INFO] Target: 
bdinfo
arch_number = 0x00000E05
boot_params = 0x80000100
DRAM bank   = 0x00000000
-> start    = 0x80000000
-> size     = 0x40000000
eth0name    = cpsw
ethaddr     = c8:a0:30:a1:e1:d3
eth1name    = usb_ether
eth1addr    = c8:a0:30:a1:e1:d5
current eth = cpsw
ip_addr     = 192.168.0.79
baudrate    = 115200 bps
TLB addr    = 0xBFFF0000
relocaddr   = 0xBF741000
reloc off   = 0x3EF41000
irq_sp      = 0xBE720EE0
sp start    = 0xBE720ED0
U-Boot# 
- 06:42:18 [INFO] Host: mmc rescan; echo $?
- 06:42:18 [INFO] Target: 
mmc rescan; echo $?
U-Boot# 
- 06:42:18 [INFO] Host: fatwrite mmc ${mmcdev}:1 ${loadaddr} ws-calibrate.rules 4
- 06:42:18 [INFO] Target: 
fatwrite mmc ${mmcdev}:1 ${loadaddr} ws-calibrate.rules 4
writing ws-calibrate.rules
4 bytes written
U-Boot# 
- 06:42:18 [INFO] Host: boot
- 06:45:48 [ERROR] On command: boot waiting for boot.+?(?-mix:login:) >>> error: execution expired
- 06:45:48 [INFO] Target: 
boot
## Checking Image at 82000000 ...
Unknown image format!
Kernel image @ 0x82000000 [ 0x000000 - 0x36d548 ]
## Flattened Device Tree blob at 88000000
   Booting using the fdt blob at 0x88000000
   Loading Device Tree to 8fff3000, end 8ffff675 ... OK
Starting kernel ...
[    0.000000] Booting Linux on physical CPU 0x0
[    0.000000] Initializing cgroup subsys cpuset
[    0.000000] Initializing cgroup subsys cpu
[    0.000000] Initializing cgroup subsys cpuacct
[    0.000000] Linux version 4.3.0-next-20151104-00002-g25f5832bcbeb (nmenon@kahuna) (gcc version 4.6.3 (Ubuntu/Linaro 4.6.3-1ubuntu5) ) #1 SMP Wed Nov 4 05:40:09 CST 2015
[    0.000000] CPU: ARMv7 Processor [413fc082] revision 2 (ARMv7), cr=10c5387d
[    0.000000] CPU: PIPT / VIPT nonaliasing data cache, VIPT aliasing instruction cache
[    0.000000] Machine model: TI AM335x EVM
[    0.000000] cma: Reserved 16 MiB at 0xbe800000
[    0.000000] Memory policy: Data cache writeback
[    0.000000] CPU: All CPU(s) started in SVC mode.
[    0.000000] AM335X ES2.1 (sgx neon )
[    0.000000] PERCPU: Embedded 14 pages/cpu @ef6ba000 s25024 r8192 d24128 u57344
[    0.000000] Built 1 zonelists in Zone order, mobility grouping on.  Total pages: 259904
[    0.000000] Kernel command line: console=ttyO0,115200n8 earlyprintk rootwait   ip=:::::eth0:dhcp  root=PARTUUID=00000000-02 rw rootfstype=ext4 rootwait 
[    0.000000] PID hash table entries: 4096 (order: 2, 16384 bytes)
[    0.000000] Dentry cache hash table entries: 131072 (order: 7, 524288 bytes)
[    0.000000] Inode-cache hash table entries: 65536 (order: 6, 262144 bytes)
[    0.000000] Memory: 1001480K/1046528K available (6625K kernel code, 745K rwdata, 2232K rodata, 452K init, 8264K bss, 28664K reserved, 16384K cma-reserved, 243712K highmem)
[    0.000000] Virtual kernel memory layout:
[    0.000000]     vector  : 0xffff0000 - 0xffff1000   (   4 kB)
[    0.000000]     fixmap  : 0xffc00000 - 0xfff00000   (3072 kB)
[    0.000000]     vmalloc : 0xf0800000 - 0xff800000   ( 240 MB)
[    0.000000]     lowmem  : 0xc0000000 - 0xf0000000   ( 768 MB)
[    0.000000]     pkmap   : 0xbfe00000 - 0xc0000000   (   2 MB)
[    0.000000]     modules : 0xbf000000 - 0xbfe00000   (  14 MB)
[    0.000000]       .text : 0xc0008000 - 0xc08ae858   (8859 kB)
[    0.000000]       .init : 0xc08af000 - 0xc0920000   ( 452 kB)
[    0.000000]       .data : 0xc0920000 - 0xc09da5d8   ( 746 kB)
[    0.000000]        .bss : 0xc09dd000 - 0xc11ef028   (8265 kB)
[    0.000000] Running RCU self tests
[    0.000000] Hierarchical RCU implementation.
[    0.000000] 	RCU lockdep checking is enabled.
[    0.000000] 	Build-time adjustment of leaf fanout to 32.
[    0.000000] 	RCU restricting CPUs from NR_CPUS=2 to nr_cpu_ids=1.
[    0.000000] RCU: Adjusting geometry for rcu_fanout_leaf=32, nr_cpu_ids=1
[    0.000000] NR_IRQS:16 nr_irqs:16 16
[    0.000000] IRQ: Found an INTC at 0xfa200000 (revision 5.0) with 128 interrupts
[    0.000000] OMAP clockevent source: timer2 at 24000000 Hz
[    0.000016] sched_clock: 32 bits at 24MHz, resolution 41ns, wraps every 89478484971ns
[    0.000040] clocksource: timer1: mask: 0xffffffff max_cycles: 0xffffffff, max_idle_ns: 79635851949 ns
[    0.000092] OMAP clocksource: timer1 at 24000000 Hz
[    0.000937] Console: colour dummy device 80x30
[    0.000994] Lock dependency validator: Copyright (c) 2006 Red Hat, Inc., Ingo Molnar
[    0.001002] ... MAX_LOCKDEP_SUBCLASSES:  8
[    0.001010] ... MAX_LOCK_DEPTH:          48
[    0.001018] ... MAX_LOCKDEP_KEYS:        8191
[    0.001025] ... CLASSHASH_SIZE:          4096
[    0.001033] ... MAX_LOCKDEP_ENTRIES:     32768
[    0.001040] ... MAX_LOCKDEP_CHAINS:      65536
[    0.001048] ... CHAINHASH_SIZE:          32768
[    0.001056]  memory used by lock dependency info: 5167 kB
[    0.001063]  per task-struct memory footprint: 1536 bytes
[    0.001096] Calibrating delay loop... 996.14 BogoMIPS (lpj=4980736)
[    0.078720] pid_max: default: 32768 minimum: 301
[    0.079109] Security Framework initialized
[    0.079241] Mount-cache hash table entries: 2048 (order: 1, 8192 bytes)
[    0.079256] Mountpoint-cache hash table entries: 2048 (order: 1, 8192 bytes)
[    0.082333] Initializing cgroup subsys io
[    0.082441] Initializing cgroup subsys memory
[    0.082526] Initializing cgroup subsys devices
[    0.082615] Initializing cgroup subsys freezer
[    0.082744] Initializing cgroup subsys perf_event
[    0.082812] CPU: Testing write buffer coherency: ok
[    0.084271] CPU0: thread -1, cpu 0, socket -1, mpidr 0
[    0.084412] Setting up static identity map for 0x80008280 - 0x800082f0
[    0.088209] Brought up 1 CPUs
[    0.088234] SMP: Total of 1 processors activated (996.14 BogoMIPS).
[    0.088245] CPU: All CPU(s) started in SVC mode.
[    0.092297] devtmpfs: initialized
[    0.129159] VFP support v0.3: implementor 41 architecture 3 part 30 variant c rev 3
[    0.184028] omap_hwmod: debugss: _wait_target_disable failed
[    0.239472] clocksource: jiffies: mask: 0xffffffff max_cycles: 0xffffffff, max_idle_ns: 19112604462750000 ns
[    0.242010] pinctrl core: initialized pinctrl subsystem
[    0.247313] NET: Registered protocol family 16
[    0.252401] DMA: preallocated 256 KiB pool for atomic coherent allocations
[    0.254476] cpuidle: using governor ladder
[    0.254504] cpuidle: using governor menu
[    0.265933] OMAP GPIO hardware version 0.1
[    0.285938] omap-gpmc 50000000.gpmc: could not find pctldev for node /ocp/l4_wkup@44c00000/scm@210000/pinmux@800/nandflash_pins_s0, deferring probe
[    0.291771] No ATAGs?
[    0.291804] hw-breakpoint: debug architecture 0x4 unsupported.
[    0.292411] omap4_sram_init:Unable to allocate sram needed to handle errata I688
[    0.292431] omap4_sram_init:Unable to get sram pool needed to handle errata I688
[    0.334354] edma 49000000.edma: TI EDMA DMA engine driver
[    0.340844] SCSI subsystem initialized
[    0.342812] omap_i2c 44e0b000.i2c: could not find pctldev for node /ocp/l4_wkup@44c00000/scm@210000/pinmux@800/pinmux_i2c0_pins, deferring probe
[    0.342911] omap_i2c 4802a000.i2c: could not find pctldev for node /ocp/l4_wkup@44c00000/scm@210000/pinmux@800/pinmux_i2c1_pins, deferring probe
[    0.343188] pps_core: LinuxPPS API ver. 1 registered
[    0.343199] pps_core: Software ver. 5.3.6 - Copyright 2005-2007 Rodolfo Giometti <giometti@linux.it>
[    0.343253] PTP clock support registered
[    0.347428] clocksource: Switched to clocksource timer1
[    0.490689] NET: Registered protocol family 2
[    0.492822] TCP established hash table entries: 8192 (order: 3, 32768 bytes)
[    0.492986] TCP bind hash table entries: 8192 (order: 6, 294912 bytes)
[    0.495627] TCP: Hash tables configured (established 8192 bind 8192)
[    0.495900] UDP hash table entries: 512 (order: 3, 40960 bytes)
[    0.496262] UDP-Lite hash table entries: 512 (order: 3, 40960 bytes)
[    0.497519] NET: Registered protocol family 1
[    0.499365] RPC: Registered named UNIX socket transport module.
[    0.499390] RPC: Registered udp transport module.
[    0.499399] RPC: Registered tcp transport module.
[    0.499409] RPC: Registered tcp NFSv4.1 backchannel transport module.
[    0.502019] hw perfevents: enabled with armv7_cortex_a8 PMU driver, 5 counters available
[    0.506572] futex hash table entries: 256 (order: 2, 16384 bytes)
[    0.506818] audit: initializing netlink subsys (disabled)
[    0.507095] audit: type=2000 audit(0.490:1): initialized
[    0.511186] VFS: Disk quotas dquot_6.6.0
[    0.511349] VFS: Dquot-cache hash table entries: 1024 (order 0, 4096 bytes)
[    0.514001] NFS: Registering the id_resolver key type
[    0.514395] Key type id_resolver registered
[    0.514412] Key type id_legacy registered
[    0.514616] jffs2: version 2.2. (NAND) (SUMMARY)   2001-2006 Red Hat, Inc.
[    0.520315] bounce: pool size: 64 pages
[    0.520493] io scheduler noop registered
[    0.520516] io scheduler deadline registered
[    0.520574] io scheduler cfq registered (default)
[    0.522884] pinctrl-single 44e10800.pinmux: 142 pins at pa f9e10800 size 568
[    0.527081] Serial: 8250/16550 driver, 4 ports, IRQ sharing enabled
[    0.533358] omap_uart 44e09000.serial: no wakeirq for uart0
[    0.534043] 44e09000.serial: ttyO0 at MMIO 0x44e09000 (irq = 158, base_baud = 3000000) is a OMAP UART0
[    1.277762] console [ttyO0] enabled
[    1.283596] omap_uart 48022000.serial: no wakeirq for uart1
[    1.290005] 48022000.serial: ttyO1 at MMIO 0x48022000 (irq = 159, base_baud = 3000000) is a OMAP UART1
[    1.338019] brd: module loaded
[    1.364320] loop: module loaded
[    1.370497] mtdoops: mtd device (mtddev=name/number) must be supplied
[    1.447407] davinci_mdio 4a101000.mdio: davinci mdio revision 1.6
[    1.453797] davinci_mdio 4a101000.mdio: detected phy mask fffffffe
[    1.464351] libphy: 4a101000.mdio: probed
[    1.468709] davinci_mdio 4a101000.mdio: phy[0]: device 4a101000.mdio:00, driver Atheros 8031 ethernet
[    1.479698] cpsw 4a100000.ethernet: Detected MACID = c8:a0:30:a1:e1:d3
[    1.492128] mousedev: PS/2 mouse device common for all mice
[    1.498125] i2c /dev entries driver
[    1.503566] omap_hsmmc 48060000.mmc: Got CD GPIO
[    1.627944] ledtrig-cpu: registered to indicate activity on CPUs
[    1.635485] oprofile: using arm/armv7
[    1.640307] Initializing XFRM netlink socket
[    1.645222] NET: Registered protocol family 10
[    1.654214] sit: IPv6 over IPv4 tunneling driver
[    1.661676] NET: Registered protocol family 17
[    1.666415] NET: Registered protocol family 15
[    1.671586] Key type dns_resolver registered
[    1.676318] omap_voltage_late_init: Voltage driver support not added
[    1.683047] sr_dev_init: No voltage domain specified for smartreflex0. Cannot initialize
[    1.691528] sr_dev_init: No voltage domain specified for smartreflex1. Cannot initialize
[    1.701110] ThumbEE CPU extension supported.
[    1.705620] Registering SWP/SWPB emulation handler
[    1.710720] SmartReflex Class3 initialized
[    1.720514] omap_hsmmc 47810000.mmc: card claims to support voltages below defined range
[    1.733822] omap-gpmc 50000000.gpmc: GPMC revision 6.0
[    1.739584] gpmc_mem_init: disabling cs 0 mapped at 0x0-0x1000000
[    1.747822] nand: device found, Manufacturer ID: 0x2c, Chip ID: 0xda
[    1.754469] nand: Micron MT29F2G08ABAEAWP
[    1.758699] nand: 256 MiB, SLC, erase size: 128 KiB, page size: 2048, OOB size: 64
[    1.766686] nand: using OMAP_ECC_BCH8_CODE_HW ECC scheme
[    1.772331] MT29F2G08ABAEAWP: 'partitions' subnode not found on /ocp/gpmc@50000000/nand@0,0. Trying to parse direct subnodes as partitions.
[    1.785628] 10 ofpart partitions found on MTD device MT29F2G08ABAEAWP
[    1.792386] Creating 10 MTD partitions on "MT29F2G08ABAEAWP":
[    1.798441] 0x000000000000-0x000000020000 : "NAND.SPL"
[    1.811942] 0x000000020000-0x000000040000 : "NAND.SPL.backup1"
[    1.823036] 0x000000040000-0x000000060000 : "NAND.SPL.backup2"
[    1.833883] 0x000000060000-0x000000080000 : "NAND.SPL.backup3"
[    1.844692] 0x000000080000-0x0000000c0000 : "NAND.u-boot-spl-os"
[    1.855635] 0x0000000c0000-0x0000001c0000 : "NAND.u-boot"
[    1.866546] 0x0000001c0000-0x0000001e0000 : "NAND.u-boot-env"
[    1.880396] mmc0: queuing unknown CIS tuple 0x91 (3 bytes)
[    1.887135] 0x0000001e0000-0x000000200000 : "NAND.u-boot-env.backup1"
[    1.898508] mmc0: new SDIO card at address 0001
[    1.910125] 0x000000200000-0x000000a00000 : "NAND.kernel"
[    1.926679] 0x000000a00000-0x000010000000 : "NAND.file-system"
[    2.168635] tps65910 0-002d: No interrupt support, no core IRQ
[    2.220509] omap_i2c 44e0b000.i2c: bus 0 rev0.11 at 400 kHz
[    2.230964] omap_i2c 4802a000.i2c: bus 1 rev0.11 at 100 kHz
[    2.238088] omap_hsmmc 48060000.mmc: Got CD GPIO
[    2.243822] vmmc: supplied by vbat
[    2.290116] hctosys: unable to open rtc device (rtc0)
[    2.295419] sr_init: No PMIC hook to init smartreflex
[    2.301051] sr_init: platform driver register failed for SR
[    2.328987] net eth0: initializing cpsw version 1.12 (0)
[    2.365589] mmc1: host does not support reading read-only switch, assuming write-enable
[    2.376648] mmc1: new high speed SDHC card at address 1234
[    2.385414] mmcblk0: mmc1:1234 SA04G 3.63 GiB 
[    2.395140]  mmcblk0: p1 p2 p3
[    2.408248] net eth0: phy found : id is : 0x4dd074
[    2.413446] libphy: PHY 4a101000.mdio:01 not found
[    2.418528] net eth0: phy 4a101000.mdio:01 not found on slave 1
[    2.432748] IPv6: ADDRCONF(NETDEV_UP): eth0: link is not ready
[    6.408282] cpsw 4a100000.ethernet eth0: Link is Up - 1Gbps/Full - flow control rx/tx
[    6.417463] IPv6: ADDRCONF(NETDEV_CHANGE): eth0: link becomes ready
[    6.437352] Sending DHCP requests ., OK
[    6.457894] IP-Config: Got DHCP answer from 192.168.0.1, my address is 192.168.0.79
[    6.466398] IP-Config: Complete:
[    6.469892]      device=eth0, hwaddr=c8:a0:30:a1:e1:d3, ipaddr=192.168.0.79, mask=255.255.255.0, gw=192.168.0.1
[    6.480462]      host=192.168.0.79, domain=ti.com, nis-domain=(none)
[    6.487098]      bootserver=0.0.0.0, rootserver=0.0.0.0, rootpath=
[    6.493390]      nameserver0=192.0.2.2, nameserver1=192.0.2.3
[    6.499695] platform 49800000.tptc: omap_device_late_idle: enabled but no driver.  Idling
[    6.508464] lis3_reg: disabling
[    6.511756] wlan-en-regulator: disabling
[  164.047567] random: nonblocking pool is initialized
- 06:45:48 [INFO] Boot attempt 1/1 failed
URL:gtsystest.telogy.design.ti.com/vatf/tigtfarm01/tigtfarm01_vatf@am335x-evm-2.1/tigtfarm0111_04_2015_06_41_51/files/session_iteration_1/test_1
