- 06:33:49 [INFO] Starting target session
- 06:33:49 [INFO] Connected to am335x-sk via serial 
- 06:33:49 [INFO] Host: 
- 06:33:51 [ERROR] On command:  waiting for (?-mix:login:) >>> error: execution expired
- 06:33:51 [INFO] Target: 

root@am335x-evm:/test# 
- 06:33:51 [INFO] Host: 
- 06:33:52 [INFO] Target: 

root@am335x-evm:/test# 
- 06:33:52 [INFO] Host: sync;poweroff
- 06:34:07 [INFO] Target: 
sync;poweroff


Broadcast message from root@am335x-evm (ttyO0) (Sun Jun  8 12:47:34 2014):



The system is going down for system halt NOW!


INIT: Switching to runlevel: 0

root@am335x-evm:/test# 
INIT: Sending processes the TERM signal


INIT: Sending processes theUIM SYSFS Node Not Found
Stopping Dropbear SSH server: stopped /usr/sbin/dropbear (pid 1055)
dropbear.
Stopping telnet daemon.
Stopping system message bus: dbus.
Stopping syslogd/klogd: stopped syslogd (pid 1067)
stopped klogd (pid 1070)
done
Stopping thttpd.
ALSA: Storing mixer settings...
/usr/sbin/alsactl: save_state:1590: No soundcards found...
NOT deconfiguring network interfaces: / is an NFS mount
Stopping PVR
rmmod: ERROR: Module bufferclass_ti is not currently loaded
Stopping Lighttpd Web Server: stopped /usr/sbin/lighttpd (pid 1113)
lighttpd.
Stopping Matrix GUI application.
***************************************************************
***************************************************************
NOTICE: This file system contains the followin GPLv3 packages:
	binutils-symlinks
	binutils
	gdbserver

If you do not wish to distribute GPLv3 components please remove
the above packages prior to distribution.  This can be done using
the opkg remove command.  i.e.:
    opkg remove <package>
Where <package> is the name printed in the list above

NOTE: If the package is a dependency of another package you
      will be notified of the dependent packages.  You should
      use the --force-removal-of-dependent-packages option to
      also remove the dependent packages as well
***************************************************************
***************************************************************
Sending all processes the TERM signal...
Error VT_WAITACTIVE failed
: Interrupted system call
Sending all processes the KILL signal...
Unmounting remote filesystems...
Deactivating swap...
Unmounting local filesystems...
[11877.190090] reboot: System halted

- 06:34:30 [INFO] Disconnected serial from am335x-sk
- 06:34:30 [INFO] Connected to am335x-sk via serial 
- 06:34:30 [INFO] Host: 
- 06:34:30 [ERROR] On command:  waiting for (?-mix:U-Boot#) >>> error: execution expired
- 06:34:30 [INFO] Target: 
NAND:  0 MiB
MMC:   OMAP SD/MMC: 0, OMAP SD/MMC: 1
*** Warning - readenv() failed, using default environment


- 06:34:30 [INFO] Host: 
- 06:34:31 [INFO] Target: 
Net:   <ethaddr> not set. Validating first E-fuse MAC
cpsw, usb_ether
Hit any key to stop autoboot:  1  0 
U-Boot# 
U-Boot# 
- 06:34:31 [INFO] Host: 
- 06:34:31 [INFO] Target: 

U-Boot# 
- 06:34:31 [INFO] Host: version
- 06:34:32 [INFO] Target: 
version

U-Boot 2014.07-rc2 (May 29 2014 - 18:04:30)
arm-linux-gnueabihf-gcc (crosstool-NG linaro-1.13.1-4.7-2013.03-20130313 - Linaro GCC 2013.03) 4.7.3 20130226 (prerelease)
GNU ld (crosstool-NG linaro-1.13.1-4.7-2013.03-20130313 - Linaro GCC 2013.03) 2.23.1
U-Boot# 
- 06:34:32 [INFO] Host: setenv bootargs 'console=ttyO0,115200n8 earlyprintk rootwait '
- 06:34:32 [INFO] Target: 
setenv bootargs 'console=ttyO0,115200n8 earlyprintk rootwait '
U-Boot# 
- 06:34:32 [INFO] Host: setenv bootcmd  ''
- 06:34:33 [INFO] Target: 
setenv bootcmd  ''
U-Boot# 
- 06:34:33 [INFO] Host: setenv autoload 'no'
- 06:34:33 [INFO] Target: 
setenv autoload 'no'
U-Boot# 
- 06:34:33 [INFO] Host: setenv serverip '192.168.0.1'
- 06:34:34 [INFO] Target: 
setenv serverip '192.168.0.1'
U-Boot# 
- 06:34:34 [INFO] Host: printenv
- 06:34:34 [INFO] Target: 
printenv
arch=arm
autoload=no
baudrate=115200
board=am335x
board_name=A335X_SK
board_rev=1.2C
boot_fdt=try
bootargs=console=ttyO0,115200n8 earlyprintk rootwait 
bootcmd=
bootcount=1
bootdelay=1
bootdir=/boot
bootenv=uEnv.txt
bootfile=zImage
bootm_size=0x10000000
bootpart=0:2
console=ttyO0,115200n8
cpu=armv7
dfu_alt_info_emmc=rawemmc mmc 0 3751936
dfu_alt_info_mmc=boot part 0 1;rootfs part 0 2;MLO fat 0 1;MLO.raw mmc 0x100 0x100;u-boot.img.raw mmc 0x300 0x400;spl-os-args.raw mmc 0x80 0x80;spl-os-image.raw mmc 0x900 0x2000;spl-os-args fat 0 1;spl-os-image fat 0 1;u-boot.img fat 0 1;uEnv.txt fat 0 1
dfu_alt_info_nand=SPL part 0 1;SPL.backup1 part 0 2;SPL.backup2 part 0 3;SPL.backup3 part 0 4;u-boot part 0 5;u-boot-spl-os part 0 6;kernel part 0 8;rootfs part 0 9
dfu_alt_info_ram=kernel ram 0x80200000 0xD80000;fdt ram 0x80F80000 0x80000;ramdisk ram 0x81000000 0x4000000
eth1addr=c8:a0:30:a1:db:5a
ethact=cpsw
ethaddr=c8:a0:30:a1:db:58
fdt_addr_r=0x88000000
fdtaddr=0x88000000
fdtfile=undefined
findfdt=if test $board_name = A335BONE; then setenv fdtfile am335x-bone.dtb; fi; if test $board_name = A335BNLT; then setenv fdtfile am335x-boneblack.dtb; fi; if test $board_name = A33515BB; then setenv fdtfile am335x-evm.dtb; fi; if test $board_name = A335X_SK; then setenv fdtfile am335x-evmsk.dtb; fi; if test $fdtfile = undefined; then echo WARNING: Could not determine device tree to use; fi; 
importbootenv=echo Importing environment from mmc ...; env import -t $loadaddr $filesize
kernel_addr_r=0x82000000
loadaddr=0x82000000
loadbootenv=load mmc ${mmcdev} ${loadaddr} ${bootenv}
loadfdt=load mmc ${bootpart} ${fdtaddr} ${bootdir}/${fdtfile}
loadimage=load mmc ${bootpart} ${loadaddr} ${bootdir}/${bootfile}
loadramdisk=load mmc ${mmcdev} ${rdaddr} ramdisk.gz
mmcargs=setenv bootargs console=${console} ${optargs} root=${mmcroot} rootfstype=${mmcrootfstype}
mmcboot=mmc dev ${mmcdev}; if mmc rescan; then echo SD/MMC found on device ${mmcdev};if run loadbootenv; then echo Loaded environment from ${bootenv};run importbootenv;fi;if test -n $uenvcmd; then echo Running uenvcmd ...;run uenvcmd;fi;if run loadimage; then run mmcloados;fi;fi;
mmcdev=0
mmcloados=run mmcargs; if test ${boot_fdt} = yes || test ${boot_fdt} = try; then if run loadfdt; then bootz ${loadaddr} - ${fdtaddr}; else if test ${boot_fdt} = try; then bootz; else echo WARN: Cannot load the DT; fi; fi; else bootz; fi;
mmcroot=/dev/mmcblk0p2 ro
mmcrootfstype=ext4 rootwait
mtdids=nand0=omap2-nand.0
mtdparts=mtdparts=omap2-nand.0:128k(SPL),128k(SPL.backup1),128k(SPL.backup2),128k(SPL.backup3),1792k(u-boot),128k(u-boot-spl-os),128k(u-boot-env),5m(kernel),-(rootfs)
nandargs=setenv bootargs console=${console} ${optargs} root=${nandroot} rootfstype=${nandrootfstype}
nandboot=echo Booting from nand ...; run nandargs; nand read ${fdtaddr} u-boot-spl-os; nand read ${loadaddr} kernel; bootz ${loadaddr} - ${fdtaddr}
nandroot=ubi0:rootfs rw ubi.mtd=7,2048
nandrootfstype=ubifs rootwait=1
netargs=setenv bootargs console=${console} ${optargs} root=/dev/nfs nfsroot=${serverip}:${rootpath},${nfsopts} rw ip=dhcp
netboot=echo Booting from network ...; setenv autoload no; dhcp; tftp ${loadaddr} ${bootfile}; tftp ${fdtaddr} ${fdtfile}; run netargs; bootz ${loadaddr} - ${fdtaddr}
nfsopts=nolock
partitions=uuid_disk=${uuid_gpt_disk};name=rootfs,start=2MiB,size=-,uuid=${uuid_gpt_rootfs}
ramargs=setenv bootargs console=${console} ${optargs} root=${ramroot} rootfstype=${ramrootfstype}
ramboot=echo Booting from ramdisk ...; run ramargs; bootz ${loadaddr} ${rdaddr} ${fdtaddr}
ramdisk_addr_r=0x88080000
ramroot=/dev/ram0 rw
ramrootfstype=ext2
rdaddr=0x88080000
rootpath=/export/rootfs
serverip=192.168.0.1
soc=am33xx
spiargs=setenv bootargs console=${console} ${optargs} root=${spiroot} rootfstype=${spirootfstype}
spiboot=echo Booting from spi ...; run spiargs; sf probe ${spibusno}:0; sf read ${loadaddr} ${spisrcaddr} ${spiimgsize}; bootz ${loadaddr}
spibusno=0
spiimgsize=0x362000
spiroot=/dev/mtdblock4 rw
spirootfstype=jffs2
spisrcaddr=0xe0000
static_ip=${ipaddr}:${serverip}:${gatewayip}:${netmask}:${hostname}::off
stderr=serial
stdin=serial
stdout=serial
usbnet_devaddr=c8:a0:30:a1:db:5a
vendor=ti
ver=U-Boot 2014.07-rc2 (May 29 2014 - 18:04:30)

Environment size: 4366/131068 bytes
U-Boot# 
- 06:34:34 [INFO] Host: printenv
- 06:34:35 [INFO] Target: 
printenv
arch=arm
autoload=no
baudrate=115200
board=am335x
board_name=A335X_SK
board_rev=1.2C
boot_fdt=try
bootargs=console=ttyO0,115200n8 earlyprintk rootwait 
bootcmd=
bootcount=1
bootdelay=1
bootdir=/boot
bootenv=uEnv.txt
bootfile=zImage
bootm_size=0x10000000
bootpart=0:2
console=ttyO0,115200n8
cpu=armv7
dfu_alt_info_emmc=rawemmc mmc 0 3751936
dfu_alt_info_mmc=boot part 0 1;rootfs part 0 2;MLO fat 0 1;MLO.raw mmc 0x100 0x100;u-boot.img.raw mmc 0x300 0x400;spl-os-args.raw mmc 0x80 0x80;spl-os-image.raw mmc 0x900 0x2000;spl-os-args fat 0 1;spl-os-image fat 0 1;u-boot.img fat 0 1;uEnv.txt fat 0 1
dfu_alt_info_nand=SPL part 0 1;SPL.backup1 part 0 2;SPL.backup2 part 0 3;SPL.backup3 part 0 4;u-boot part 0 5;u-boot-spl-os part 0 6;kernel part 0 8;rootfs part 0 9
dfu_alt_info_ram=kernel ram 0x80200000 0xD80000;fdt ram 0x80F80000 0x80000;ramdisk ram 0x81000000 0x4000000
eth1addr=c8:a0:30:a1:db:5a
ethact=cpsw
ethaddr=c8:a0:30:a1:db:58
fdt_addr_r=0x88000000
fdtaddr=0x88000000
fdtfile=undefined
findfdt=if test $board_name = A335BONE; then setenv fdtfile am335x-bone.dtb; fi; if test $board_name = A335BNLT; then setenv fdtfile am335x-boneblack.dtb; fi; if test $board_name = A33515BB; then setenv fdtfile am335x-evm.dtb; fi; if test $board_name = A335X_SK; then setenv fdtfile am335x-evmsk.dtb; fi; if test $fdtfile = undefined; then echo WARNING: Could not determine device tree to use; fi; 
importbootenv=echo Importing environment from mmc ...; env import -t $loadaddr $filesize
kernel_addr_r=0x82000000
loadaddr=0x82000000
loadbootenv=load mmc ${mmcdev} ${loadaddr} ${bootenv}
loadfdt=load mmc ${bootpart} ${fdtaddr} ${bootdir}/${fdtfile}
loadimage=load mmc ${bootpart} ${loadaddr} ${bootdir}/${bootfile}
loadramdisk=load mmc ${mmcdev} ${rdaddr} ramdisk.gz
mmcargs=setenv bootargs console=${console} ${optargs} root=${mmcroot} rootfstype=${mmcrootfstype}
mmcboot=mmc dev ${mmcdev}; if mmc rescan; then echo SD/MMC found on device ${mmcdev};if run loadbootenv; then echo Loaded environment from ${bootenv};run importbootenv;fi;if test -n $uenvcmd; then echo Running uenvcmd ...;run uenvcmd;fi;if run loadimage; then run mmcloados;fi;fi;
mmcdev=0
mmcloados=run mmcargs; if test ${boot_fdt} = yes || test ${boot_fdt} = try; then if run loadfdt; then bootz ${loadaddr} - ${fdtaddr}; else if test ${boot_fdt} = try; then bootz; else echo WARN: Cannot load the DT; fi; fi; else bootz; fi;
mmcroot=/dev/mmcblk0p2 ro
mmcrootfstype=ext4 rootwait
mtdids=nand0=omap2-nand.0
mtdparts=mtdparts=omap2-nand.0:128k(SPL),128k(SPL.backup1),128k(SPL.backup2),128k(SPL.backup3),1792k(u-boot),128k(u-boot-spl-os),128k(u-boot-env),5m(kernel),-(rootfs)
nandargs=setenv bootargs console=${console} ${optargs} root=${nandroot} rootfstype=${nandrootfstype}
nandboot=echo Booting from nand ...; run nandargs; nand read ${fdtaddr} u-boot-spl-os; nand read ${loadaddr} kernel; bootz ${loadaddr} - ${fdtaddr}
nandroot=ubi0:rootfs rw ubi.mtd=7,2048
nandrootfstype=ubifs rootwait=1
netargs=setenv bootargs console=${console} ${optargs} root=/dev/nfs nfsroot=${serverip}:${rootpath},${nfsopts} rw ip=dhcp
netboot=echo Booting from network ...; setenv autoload no; dhcp; tftp ${loadaddr} ${bootfile}; tftp ${fdtaddr} ${fdtfile}; run netargs; bootz ${loadaddr} - ${fdtaddr}
nfsopts=nolock
partitions=uuid_disk=${uuid_gpt_disk};name=rootfs,start=2MiB,size=-,uuid=${uuid_gpt_rootfs}
ramargs=setenv bootargs console=${console} ${optargs} root=${ramroot} rootfstype=${ramrootfstype}
ramboot=echo Booting from ramdisk ...; run ramargs; bootz ${loadaddr} ${rdaddr} ${fdtaddr}
ramdisk_addr_r=0x88080000
ramroot=/dev/ram0 rw
ramrootfstype=ext2
rdaddr=0x88080000
rootpath=/export/rootfs
serverip=192.168.0.1
soc=am33xx
spiargs=setenv bootargs console=${console} ${optargs} root=${spiroot} rootfstype=${spirootfstype}
spiboot=echo Booting from spi ...; run spiargs; sf probe ${spibusno}:0; sf read ${loadaddr} ${spisrcaddr} ${spiimgsize}; bootz ${loadaddr}
spibusno=0
spiimgsize=0x362000
spiroot=/dev/mtdblock4 rw
spirootfstype=jffs2
spisrcaddr=0xe0000
static_ip=${ipaddr}:${serverip}:${gatewayip}:${netmask}:${hostname}::off
stderr=serial
stdin=serial
stdout=serial
usbnet_devaddr=c8:a0:30:a1:db:5a
vendor=ti
ver=U-Boot 2014.07-rc2 (May 29 2014 - 18:04:30)

Environment size: 4366/131068 bytes
U-Boot# 
- 06:34:35 [INFO] Host: setenv bootargs ''${bootargs}' ip=dhcp '
- 06:34:35 [INFO] Target: 
setenv bootargs ''${bootargs}' ip=dhcp '
U-Boot# 
- 06:34:35 [INFO] Host: setenv ipaddr dhcp
- 06:34:36 [INFO] Target: 
setenv ipaddr dhcp
U-Boot# 
- 06:34:36 [INFO] Host: dhcp
- 06:34:37 [INFO] Target: 
dhcp
link up on port 0, speed 1000, full duplex
BOOTP broadcast 1
DHCP client bound to address 192.168.0.172
U-Boot# 
- 06:34:37 [INFO] Host: setenv serverip '192.168.0.1'
- 06:34:38 [INFO] Target: 
setenv serverip '192.168.0.1'
U-Boot# 
- 06:34:38 [INFO] Host: tftp ${loadaddr} 192.168.0.1:vatf_am335x-sk/195398581ef416d484409def1c3c67a2
- 06:34:39 [INFO] Target: 
tftp ${loadaddr} 192.168.0.1:vatf_am335x-sk/195398581ef416d484409def1c3c67a2
link up on port 0, speed 1000, full duplex
Using cpsw device
TFTP from server 192.168.0.1; our IP address is 192.168.0.172
Filename 'vatf_am335x-sk/195398581ef416d484409def1c3c67a2'.
Load address: 0x82000000
Loading: *#################################################################
	 #################################################################
	 #################################################################
	 #################################################################
	 ####################################
	 5.9 MiB/s
done
Bytes transferred = 4344104 (424928 hex)
U-Boot# 
- 06:34:39 [INFO] Host: tftp ${fdt_addr_r} 192.168.0.1:vatf_am335x-sk/f6f4c16d55cf877d32fc670857a6fff3
- 06:34:39 [INFO] Target: 
tftp ${fdt_addr_r} 192.168.0.1:vatf_am335x-sk/f6f4c16d55cf877d32fc670857a6fff3
link up on port 0, speed 1000, full duplex
Using cpsw device
TFTP from server 192.168.0.1; our IP address is 192.168.0.172
Filename 'vatf_am335x-sk/f6f4c16d55cf877d32fc670857a6fff3'.
Load address: 0x88000000
Loading: *###
	 5.2 MiB/s
done
Bytes transferred = 32728 (7fd8 hex)
U-Boot# 
- 06:34:39 [INFO] Host: ls mmc 0:1
- 06:34:40 [INFO] Target: 
ls mmc 0:1
  2206363   am335x-evm-sk-quickstartguide.pdf 
      140   autorun.inf 
   176621   beaglebone-quickstartguide.pdf 
    82480   mlo 
  2371014   quickstartguide.pdf 
       14   .ipaddr 
     1164   readme 
   408372   u-boot.img 
            windows_users/
        0   pointercal 

9 file(s), 1 dir(s)

U-Boot# 
- 06:34:40 [INFO] Host: ls mmc 0:2
- 06:34:40 [INFO] Target: 
ls mmc 0:2
<DIR>       4096 .
<DIR>       4096 ..
<DIR>       4096 bin
<DIR>       4096 boot
<DIR>       4096 dev
<DIR>       4096 etc
<DIR>       4096 home
<DIR>       4096 lib
<DIR>       4096 media
<DIR>       4096 mnt
<DIR>       4096 opt
<DIR>       4096 proc
<DIR>       4096 sbin
<DIR>       4096 srv
<DIR>       4096 sys
<SYM>          8 tmp
<DIR>       4096 usr
<DIR>       4096 var
<DIR>       4096 www
<SYM>          8 run
<DIR>       4096 Settings
<DIR>       4096 test
U-Boot# 
- 06:34:40 [INFO] Host: part uuid mmc 0:2
- 06:34:41 [INFO] Target: 
part uuid mmc 0:2
00000000-02
U-Boot# 
- 06:34:41 [INFO] Host: printenv
- 06:34:41 [INFO] Target: 
printenv
arch=arm
autoload=no
baudrate=115200
board=am335x
board_name=A335X_SK
board_rev=1.2C
boot_fdt=try
bootargs=console=ttyO0,115200n8 earlyprintk rootwait  ip=dhcp 
bootcmd=
bootcount=1
bootdelay=1
bootdir=/boot
bootenv=uEnv.txt
bootfile=zImage
bootm_size=0x10000000
bootpart=0:2
console=ttyO0,115200n8
cpu=armv7
dfu_alt_info_emmc=rawemmc mmc 0 3751936
dfu_alt_info_mmc=boot part 0 1;rootfs part 0 2;MLO fat 0 1;MLO.raw mmc 0x100 0x100;u-boot.img.raw mmc 0x300 0x400;spl-os-args.raw mmc 0x80 0x80;spl-os-image.raw mmc 0x900 0x2000;spl-os-args fat 0 1;spl-os-image fat 0 1;u-boot.img fat 0 1;uEnv.txt fat 0 1
dfu_alt_info_nand=SPL part 0 1;SPL.backup1 part 0 2;SPL.backup2 part 0 3;SPL.backup3 part 0 4;u-boot part 0 5;u-boot-spl-os part 0 6;kernel part 0 8;rootfs part 0 9
dfu_alt_info_ram=kernel ram 0x80200000 0xD80000;fdt ram 0x80F80000 0x80000;ramdisk ram 0x81000000 0x4000000
dnsip=192.0.2.2
dnsip2=192.0.2.3
eth1addr=c8:a0:30:a1:db:5a
ethact=cpsw
ethaddr=c8:a0:30:a1:db:58
fdt_addr_r=0x88000000
fdtaddr=0x88000000
fdtfile=undefined
fileaddr=88000000
filesize=7fd8
findfdt=if test $board_name = A335BONE; then setenv fdtfile am335x-bone.dtb; fi; if test $board_name = A335BNLT; then setenv fdtfile am335x-boneblack.dtb; fi; if test $board_name = A33515BB; then setenv fdtfile am335x-evm.dtb; fi; if test $board_name = A335X_SK; then setenv fdtfile am335x-evmsk.dtb; fi; if test $fdtfile = undefined; then echo WARNING: Could not determine device tree to use; fi; 
gatewayip=192.168.0.1
importbootenv=echo Importing environment from mmc ...; env import -t $loadaddr $filesize
ipaddr=192.168.0.172
kernel_addr_r=0x82000000
loadaddr=0x82000000
loadbootenv=load mmc ${mmcdev} ${loadaddr} ${bootenv}
loadfdt=load mmc ${bootpart} ${fdtaddr} ${bootdir}/${fdtfile}
loadimage=load mmc ${bootpart} ${loadaddr} ${bootdir}/${bootfile}
loadramdisk=load mmc ${mmcdev} ${rdaddr} ramdisk.gz
mmcargs=setenv bootargs console=${console} ${optargs} root=${mmcroot} rootfstype=${mmcrootfstype}
mmcboot=mmc dev ${mmcdev}; if mmc rescan; then echo SD/MMC found on device ${mmcdev};if run loadbootenv; then echo Loaded environment from ${bootenv};run importbootenv;fi;if test -n $uenvcmd; then echo Running uenvcmd ...;run uenvcmd;fi;if run loadimage; then run mmcloados;fi;fi;
mmcdev=0
mmcloados=run mmcargs; if test ${boot_fdt} = yes || test ${boot_fdt} = try; then if run loadfdt; then bootz ${loadaddr} - ${fdtaddr}; else if test ${boot_fdt} = try; then bootz; else echo WARN: Cannot load the DT; fi; fi; else bootz; fi;
mmcroot=/dev/mmcblk0p2 ro
mmcrootfstype=ext4 rootwait
mtdids=nand0=omap2-nand.0
mtdparts=mtdparts=omap2-nand.0:128k(SPL),128k(SPL.backup1),128k(SPL.backup2),128k(SPL.backup3),1792k(u-boot),128k(u-boot-spl-os),128k(u-boot-env),5m(kernel),-(rootfs)
nandargs=setenv bootargs console=${console} ${optargs} root=${nandroot} rootfstype=${nandrootfstype}
nandboot=echo Booting from nand ...; run nandargs; nand read ${fdtaddr} u-boot-spl-os; nand read ${loadaddr} kernel; bootz ${loadaddr} - ${fdtaddr}
nandroot=ubi0:rootfs rw ubi.mtd=7,2048
nandrootfstype=ubifs rootwait=1
netargs=setenv bootargs console=${console} ${optargs} root=/dev/nfs nfsroot=${serverip}:${rootpath},${nfsopts} rw ip=dhcp
netboot=echo Booting from network ...; setenv autoload no; dhcp; tftp ${loadaddr} ${bootfile}; tftp ${fdtaddr} ${fdtfile}; run netargs; bootz ${loadaddr} - ${fdtaddr}
netmask=255.255.255.0
nfsopts=nolock
partitions=uuid_disk=${uuid_gpt_disk};name=rootfs,start=2MiB,size=-,uuid=${uuid_gpt_rootfs}
ramargs=setenv bootargs console=${console} ${optargs} root=${ramroot} rootfstype=${ramrootfstype}
ramboot=echo Booting from ramdisk ...; run ramargs; bootz ${loadaddr} ${rdaddr} ${fdtaddr}
ramdisk_addr_r=0x88080000
ramroot=/dev/ram0 rw
ramrootfstype=ext2
rdaddr=0x88080000
rootpath=/export/rootfs
serverip=192.168.0.1
soc=am33xx
spiargs=setenv bootargs console=${console} ${optargs} root=${spiroot} rootfstype=${spirootfstype}
spiboot=echo Booting from spi ...; run spiargs; sf probe ${spibusno}:0; sf read ${loadaddr} ${spisrcaddr} ${spiimgsize}; bootz ${loadaddr}
spibusno=0
spiimgsize=0x362000
spiroot=/dev/mtdblock4 rw
spirootfstype=jffs2
spisrcaddr=0xe0000
static_ip=${ipaddr}:${serverip}:${gatewayip}:${netmask}:${hostname}::off
stderr=serial
stdin=serial
stdout=serial
usbnet_devaddr=c8:a0:30:a1:db:5a
vendor=ti
ver=U-Boot 2014.07-rc2 (May 29 2014 - 18:04:30)

Environment size: 4519/131068 bytes
U-Boot# 
- 06:34:41 [INFO] Host: setenv bootargs ''${bootargs}' root=PARTUUID=00000000-02 rw rootfstype=ext4 rootwait '
- 06:34:42 [INFO] Target: 
setenv bootargs ''${bootargs}' root=PARTUUID=00000000-02 rw rootfstype=ext4 rootwait '
U-Boot# 
- 06:34:42 [INFO] Host: printenv
- 06:34:42 [INFO] Target: 
printenv
arch=arm
autoload=no
baudrate=115200
board=am335x
board_name=A335X_SK
board_rev=1.2C
boot_fdt=try
bootargs=console=ttyO0,115200n8 earlyprintk rootwait  ip=dhcp  root=PARTUUID=00000000-02 rw rootfstype=ext4 rootwait 
bootcmd=
bootcount=1
bootdelay=1
bootdir=/boot
bootenv=uEnv.txt
bootfile=zImage
bootm_size=0x10000000
bootpart=0:2
console=ttyO0,115200n8
cpu=armv7
dfu_alt_info_emmc=rawemmc mmc 0 3751936
dfu_alt_info_mmc=boot part 0 1;rootfs part 0 2;MLO fat 0 1;MLO.raw mmc 0x100 0x100;u-boot.img.raw mmc 0x300 0x400;spl-os-args.raw mmc 0x80 0x80;spl-os-image.raw mmc 0x900 0x2000;spl-os-args fat 0 1;spl-os-image fat 0 1;u-boot.img fat 0 1;uEnv.txt fat 0 1
dfu_alt_info_nand=SPL part 0 1;SPL.backup1 part 0 2;SPL.backup2 part 0 3;SPL.backup3 part 0 4;u-boot part 0 5;u-boot-spl-os part 0 6;kernel part 0 8;rootfs part 0 9
dfu_alt_info_ram=kernel ram 0x80200000 0xD80000;fdt ram 0x80F80000 0x80000;ramdisk ram 0x81000000 0x4000000
dnsip=192.0.2.2
dnsip2=192.0.2.3
eth1addr=c8:a0:30:a1:db:5a
ethact=cpsw
ethaddr=c8:a0:30:a1:db:58
fdt_addr_r=0x88000000
fdtaddr=0x88000000
fdtfile=undefined
fileaddr=88000000
filesize=7fd8
findfdt=if test $board_name = A335BONE; then setenv fdtfile am335x-bone.dtb; fi; if test $board_name = A335BNLT; then setenv fdtfile am335x-boneblack.dtb; fi; if test $board_name = A33515BB; then setenv fdtfile am335x-evm.dtb; fi; if test $board_name = A335X_SK; then setenv fdtfile am335x-evmsk.dtb; fi; if test $fdtfile = undefined; then echo WARNING: Could not determine device tree to use; fi; 
gatewayip=192.168.0.1
importbootenv=echo Importing environment from mmc ...; env import -t $loadaddr $filesize
ipaddr=192.168.0.172
kernel_addr_r=0x82000000
loadaddr=0x82000000
loadbootenv=load mmc ${mmcdev} ${loadaddr} ${bootenv}
loadfdt=load mmc ${bootpart} ${fdtaddr} ${bootdir}/${fdtfile}
loadimage=load mmc ${bootpart} ${loadaddr} ${bootdir}/${bootfile}
loadramdisk=load mmc ${mmcdev} ${rdaddr} ramdisk.gz
mmcargs=setenv bootargs console=${console} ${optargs} root=${mmcroot} rootfstype=${mmcrootfstype}
mmcboot=mmc dev ${mmcdev}; if mmc rescan; then echo SD/MMC found on device ${mmcdev};if run loadbootenv; then echo Loaded environment from ${bootenv};run importbootenv;fi;if test -n $uenvcmd; then echo Running uenvcmd ...;run uenvcmd;fi;if run loadimage; then run mmcloados;fi;fi;
mmcdev=0
mmcloados=run mmcargs; if test ${boot_fdt} = yes || test ${boot_fdt} = try; then if run loadfdt; then bootz ${loadaddr} - ${fdtaddr}; else if test ${boot_fdt} = try; then bootz; else echo WARN: Cannot load the DT; fi; fi; else bootz; fi;
mmcroot=/dev/mmcblk0p2 ro
mmcrootfstype=ext4 rootwait
mtdids=nand0=omap2-nand.0
mtdparts=mtdparts=omap2-nand.0:128k(SPL),128k(SPL.backup1),128k(SPL.backup2),128k(SPL.backup3),1792k(u-boot),128k(u-boot-spl-os),128k(u-boot-env),5m(kernel),-(rootfs)
nandargs=setenv bootargs console=${console} ${optargs} root=${nandroot} rootfstype=${nandrootfstype}
nandboot=echo Booting from nand ...; run nandargs; nand read ${fdtaddr} u-boot-spl-os; nand read ${loadaddr} kernel; bootz ${loadaddr} - ${fdtaddr}
nandroot=ubi0:rootfs rw ubi.mtd=7,2048
nandrootfstype=ubifs rootwait=1
netargs=setenv bootargs console=${console} ${optargs} root=/dev/nfs nfsroot=${serverip}:${rootpath},${nfsopts} rw ip=dhcp
netboot=echo Booting from network ...; setenv autoload no; dhcp; tftp ${loadaddr} ${bootfile}; tftp ${fdtaddr} ${fdtfile}; run netargs; bootz ${loadaddr} - ${fdtaddr}
netmask=255.255.255.0
nfsopts=nolock
partitions=uuid_disk=${uuid_gpt_disk};name=rootfs,start=2MiB,size=-,uuid=${uuid_gpt_rootfs}
ramargs=setenv bootargs console=${console} ${optargs} root=${ramroot} rootfstype=${ramrootfstype}
ramboot=echo Booting from ramdisk ...; run ramargs; bootz ${loadaddr} ${rdaddr} ${fdtaddr}
ramdisk_addr_r=0x88080000
ramroot=/dev/ram0 rw
ramrootfstype=ext2
rdaddr=0x88080000
rootpath=/export/rootfs
serverip=192.168.0.1
soc=am33xx
spiargs=setenv bootargs console=${console} ${optargs} root=${spiroot} rootfstype=${spirootfstype}
spiboot=echo Booting from spi ...; run spiargs; sf probe ${spibusno}:0; sf read ${loadaddr} ${spisrcaddr} ${spiimgsize}; bootz ${loadaddr}
spibusno=0
spiimgsize=0x362000
spiroot=/dev/mtdblock4 rw
spirootfstype=jffs2
spisrcaddr=0xe0000
static_ip=${ipaddr}:${serverip}:${gatewayip}:${netmask}:${hostname}::off
stderr=serial
stdin=serial
stdout=serial
usbnet_devaddr=c8:a0:30:a1:db:5a
vendor=ti
ver=U-Boot 2014.07-rc2 (May 29 2014 - 18:04:30)

Environment size: 4574/131068 bytes
U-Boot# 
- 06:34:42 [INFO] Host: setenv bootcmd ''${bootcmd}' if iminfo ${loadaddr}; then bootm ${loadaddr} - ${fdt_addr_r}; else bootz ${loadaddr} - ${fdt_addr_r}; bootm ${loadaddr} - ${fdt_addr_r}; fi'
- 06:34:43 [INFO] Target: 
setenv bootcmd ''${bootcmd}' if iminfo ${loadaddr}; then bootm ${loadaddr} - ${fdt_addr_r}; else bootz ${loadaddr} - ${fdt_addr_r}; bootm ${loadaddr} - ${fdt_addr_r}; fi'
U-Boot# 
- 06:34:43 [INFO] Host: bdinfo
- 06:34:43 [INFO] Target: 
bdinfo
arch_number = 0x00000E05
boot_params = 0x80000100
DRAM bank   = 0x00000000
-> start    = 0x80000000
-> size     = 0x10000000
eth0name    = cpsw
ethaddr     = c8:a0:30:a1:db:58
eth1name    = usb_ether
eth1addr    = c8:a0:30:a1:db:5a
current eth = cpsw
ip_addr     = 192.168.0.172
baudrate    = 115200 bps
TLB addr    = 0x8FFF0000
relocaddr   = 0x8F74A000
reloc off   = 0x0EF4A000
irq_sp      = 0x8F629EE0
sp start    = 0x8F629ED0
U-Boot# 
- 06:34:43 [INFO] Host: boot
- 06:35:11 [INFO] Target: 
boot

## Checking Image at 82000000 ...
Unknown image format!
Kernel image @ 0x82000000 [ 0x000000 - 0x424928 ]
## Flattened Device Tree blob at 88000000
   Booting using the fdt blob at 0x88000000
   Loading Device Tree to 8f61d000, end 8f627fd7 ... OK

Starting kernel ...

[    0.000000] Booting Linux on physical CPU 0x0
[    0.000000] Linux version 3.15.0-next-20140611-00002-gb150056 (nmenon@kahuna) (gcc version 4.6.3 (Ubuntu/Linaro 4.6.3-1ubuntu5) ) #1 SMP Wed Jun 11 05:30:00 CDT 2014
[    0.000000] CPU: ARMv7 Processor [413fc082] revision 2 (ARMv7), cr=10c5387d
[    0.000000] CPU: PIPT / VIPT nonaliasing data cache, VIPT aliasing instruction cache
[    0.000000] Machine model: TI AM335x EVM-SK
[    0.000000] cma: CMA: reserved 16 MiB at 8e000000
[    0.000000] Memory policy: Data cache writeback
[    0.000000]   HighMem zone: 1048574 pages exceeds freesize 0
[    0.000000] CPU: All CPU(s) started in SVC mode.
[    0.000000] AM335X ES2.1 (sgx neon )
[    0.000000] PERCPU: Embedded 9 pages/cpu @cfc9e000 s14336 r8192 d14336 u36864
[    0.000000] Built 1 zonelists in Zone order, mobility grouping on.  Total pages: 64768
[    0.000000] Kernel command line: console=ttyO0,115200n8 earlyprintk rootwait  ip=dhcp  root=PARTUUID=00000000-02 rw rootfstype=ext4 rootwait 
[    0.000000] PID hash table entries: 1024 (order: 0, 4096 bytes)
[    0.000000] Dentry cache hash table entries: 32768 (order: 5, 131072 bytes)
[    0.000000] Inode-cache hash table entries: 16384 (order: 4, 65536 bytes)
[    0.000000] Memory: 224916K/261120K available (5645K kernel code, 680K rwdata, 2192K rodata, 402K init, 8209K bss, 36204K reserved, 0K highmem)
[    0.000000] Virtual kernel memory layout:
[    0.000000]     vector  : 0xffff0000 - 0xffff1000   (   4 kB)
[    0.000000]     fixmap  : 0xffc00000 - 0xffe00000   (2048 kB)
[    0.000000]     vmalloc : 0xd0800000 - 0xff000000   ( 744 MB)
[    0.000000]     lowmem  : 0xc0000000 - 0xd0000000   ( 256 MB)
[    0.000000]     pkmap   : 0xbfe00000 - 0xc0000000   (   2 MB)
[    0.000000]     modules : 0xbf000000 - 0xbfe00000   (  14 MB)
[    0.000000]       .text : 0xc0008000 - 0xc07af958   (7839 kB)
[    0.000000]       .init : 0xc07b0000 - 0xc0814800   ( 402 kB)
[    0.000000]       .data : 0xc0816000 - 0xc08c0198   ( 681 kB)
[    0.000000]        .bss : 0xc08c0198 - 0xc10c46d8   (8210 kB)
[    0.000000] Hierarchical RCU implementation.
[    0.000000] 	RCU restricting CPUs from NR_CPUS=2 to nr_cpu_ids=1.
[    0.000000] RCU: Adjusting geometry for rcu_fanout_leaf=16, nr_cpu_ids=1
[    0.000000] NR_IRQS:16 nr_irqs:16 16
[    0.000000] IRQ: Found an INTC at 0xfa200000 (revision 5.0) with 128 interrupts
[    0.000000] Total of 128 interrupts on 1 active controller
[    0.000000] OMAP clockevent source: timer2 at 24000000 Hz
[    0.000013] sched_clock: 32 bits at 24MHz, resolution 41ns, wraps every 178956969942ns
[    0.000068] OMAP clocksource: timer1 at 24000000 Hz
[    0.000840] Console: colour dummy device 80x30
[    0.000883] Lock dependency validator: Copyright (c) 2006 Red Hat, Inc., Ingo Molnar
[    0.000897] ... MAX_LOCKDEP_SUBCLASSES:  8
[    0.000909] ... MAX_LOCK_DEPTH:          48
[    0.000921] ... MAX_LOCKDEP_KEYS:        8191
[    0.000933] ... CLASSHASH_SIZE:          4096
[    0.000945] ... MAX_LOCKDEP_ENTRIES:     32768
[    0.000957] ... MAX_LOCKDEP_CHAINS:      65536
[    0.000969] ... CHAINHASH_SIZE:          32768
[    0.000981]  memory used by lock dependency info: 5167 kB
[    0.000993]  per task-struct memory footprint: 1152 bytes
[    0.001040] Calibrating delay loop... 996.14 BogoMIPS (lpj=4980736)
[    0.079075] pid_max: default: 32768 minimum: 301
[    0.079490] Security Framework initialized
[    0.079619] Mount-cache hash table entries: 1024 (order: 0, 4096 bytes)
[    0.079637] Mountpoint-cache hash table entries: 1024 (order: 0, 4096 bytes)
[    0.081834] CPU: Testing write buffer coherency: ok
[    0.083017] CPU0: thread -1, cpu 0, socket -1, mpidr 0
[    0.083144] Setting up static identity map for 0x80559e68 - 0x80559ed8
[    0.086516] Brought up 1 CPUs
[    0.086541] SMP: Total of 1 processors activated.
[    0.086556] CPU: All CPU(s) started in SVC mode.
[    0.089495] devtmpfs: initialized
[    0.098162] VFP support v0.3: implementor 41 architecture 3 part 30 variant c rev 3
[    0.133214] omap_hwmod: tptc0 using broken dt data from edma
[    0.133579] omap_hwmod: tptc1 using broken dt data from edma
[    0.133922] omap_hwmod: tptc2 using broken dt data from edma
[    0.141616] omap_hwmod: debugss: _wait_target_disable failed
[    0.198282] pinctrl core: initialized pinctrl subsystem
[    0.200924] regulator-dummy: no parameters
[    0.231417] NET: Registered protocol family 16
[    0.237204] DMA: preallocated 256 KiB pool for atomic coherent allocations
[    0.239770] cpuidle: using governor ladder
[    0.239828] cpuidle: using governor menu
[    0.248968] platform 49000000.edma: alias fck already exists
[    0.249451] platform 49000000.edma: alias fck already exists
[    0.249485] platform 49000000.edma: alias fck already exists
[    0.252277] OMAP GPIO hardware version 0.1
[    0.270166] No ATAGs?
[    0.270209] hw-breakpoint: debug architecture 0x4 unsupported.
[    0.315187] edma-dma-engine edma-dma-engine.0: TI EDMA DMA engine driver
[    0.316521] vbat: 5000 mV 
[    0.317381] lis3_reg: no parameters
[    0.317760] reg-fixed-voltage fixedregulator@2: could not find pctldev for node /pinmux@44e10800/pinmux_wl12xx_gpio, deferring probe
[    0.317798] platform fixedregulator@2: Driver reg-fixed-voltage requests probe deferral
[    0.318580] vtt: 1500 mV 
[    0.322081] SCSI subsystem initialized
[    0.322920] usbcore: registered new interface driver usbfs
[    0.323104] usbcore: registered new interface driver hub
[    0.327256] usbcore: registered new device driver usb
[    0.328123] omap_i2c 44e0b000.i2c: could not find pctldev for node /pinmux@44e10800/pinmux_i2c0_pins, deferring probe
[    0.328177] platform 44e0b000.i2c: Driver omap_i2c requests probe deferral
[    0.332724] Switched to clocksource timer1
[    0.487057] NET: Registered protocol family 2
[    0.488927] TCP established hash table entries: 2048 (order: 1, 8192 bytes)
[    0.489088] TCP bind hash table entries: 2048 (order: 4, 73728 bytes)
[    0.489768] TCP: Hash tables configured (established 2048 bind 2048)
[    0.489969] TCP: reno registered
[    0.490023] UDP hash table entries: 256 (order: 2, 20480 bytes)
[    0.490215] UDP-Lite hash table entries: 256 (order: 2, 20480 bytes)
[    0.491264] NET: Registered protocol family 1
[    0.493418] RPC: Registered named UNIX socket transport module.
[    0.493471] RPC: Registered udp transport module.
[    0.493487] RPC: Registered tcp transport module.
[    0.493501] RPC: Registered tcp NFSv4.1 backchannel transport module.
[    0.494811] hw perfevents: enabled with ARMv7 Cortex-A8 PMU driver, 5 counters available
[    0.499052] futex hash table entries: 256 (order: 2, 16384 bytes)
[    0.504890] VFS: Disk quotas dquot_6.5.2
[    0.505046] Dquot-cache hash table entries: 1024 (order 0, 4096 bytes)
[    0.507569] NFS: Registering the id_resolver key type
[    0.507931] Key type id_resolver registered
[    0.507972] Key type id_legacy registered
[    0.508124] jffs2: version 2.2. (NAND) (SUMMARY)   2001-2006 Red Hat, Inc.
[    0.508612] msgmni has been set to 471
[    0.513748] io scheduler noop registered
[    0.513788] io scheduler deadline registered
[    0.513868] io scheduler cfq registered (default)
[    0.516095] pinctrl-single 44e10800.pinmux: 142 pins at pa f9e10800 size 568
[    0.519256] Serial: 8250/16550 driver, 4 ports, IRQ sharing enabled
[    0.526143] omap_uart 44e09000.serial: no wakeirq for uart0
[    0.526772] 44e09000.serial: ttyO0 at MMIO 0x44e09000 (irq = 88, base_baud = 3000000) is a OMAP UART0
[    1.226738] console [ttyO0] enabled
[    1.235454] omap_rng 48310000.rng: OMAP Random Number Generator ver. 20
[    1.268886] brd: module loaded
[    1.289115] loop: module loaded
[    1.295566] mtdoops: mtd device (mtddev=name/number) must be supplied
[    1.305364] usbcore: registered new interface driver asix
[    1.311168] usbcore: registered new interface driver ax88179_178a
[    1.317745] usbcore: registered new interface driver cdc_ether
[    1.324065] usbcore: registered new interface driver smsc95xx
[    1.330194] usbcore: registered new interface driver net1080
[    1.336284] usbcore: registered new interface driver cdc_subset
[    1.342633] usbcore: registered new interface driver zaurus
[    1.348675] usbcore: registered new interface driver cdc_ncm
[    1.356595] usbcore: registered new interface driver cdc_wdm
[    1.362961] usbcore: registered new interface driver usb-storage
[    1.369416] usbcore: registered new interface driver usbtest
[    1.379345] mousedev: PS/2 mouse device common for all mice
[    1.390533] omap_rtc 44e3e000.rtc: rtc core: registered 44e3e000.rtc as rtc0
[    1.398721] i2c /dev entries driver
[    1.402462] Driver for 1-wire Dallas network protocol.
[    1.414740] omap_wdt: OMAP Watchdog Timer Rev 0x01: initial timeout 60 sec
[    1.424573] omap_hsmmc 48060000.mmc: unable to get vmmc regulator -517
[    1.431887] platform 48060000.mmc: Driver omap_hsmmc requests probe deferral
[    1.439981] omap_hsmmc 481d8000.mmc: unable to get vmmc regulator -517
[    1.447025] platform 481d8000.mmc: Driver omap_hsmmc requests probe deferral
[    1.457473] ledtrig-cpu: registered to indicate activity on CPUs
[    1.464446] usbcore: registered new interface driver usbhid
[    1.470278] usbhid: USB HID core driver
[    1.475438] oprofile: using arm/armv7
[    1.479928] TCP: cubic registered
[    1.483541] Initializing XFRM netlink socket
[    1.488134] NET: Registered protocol family 17
[    1.492919] NET: Registered protocol family 15
[    1.497926] Key type dns_resolver registered
[    1.502746] omap_voltage_late_init: Voltage driver support not added
[    1.509408] sr_dev_init: No voltage domain specified for smartreflex0. Cannot initialize
[    1.517912] sr_dev_init: No voltage domain specified for smartreflex1. Cannot initialize
[    1.527657] ThumbEE CPU extension supported.
[    1.532182] Registering SWP/SWPB emulation handler
[    1.537294] SmartReflex Class3 initialized
[    1.569253] vwl1271: 1800 mV 
[    1.662197] tps65910 0-002d: No interrupt support, no core IRQ
[    1.679546] vrtc: 1800 mV 
[    1.683157] vrtc: supplied by vbat
[    1.690429] vio: at 1500 mV 
[    1.693848] vio: supplied by vbat
[    1.700786] vdd_mpu: 912 <--> 1312 mV at 1325 mV 
[    1.706122] vdd_mpu: supplied by vbat
[    1.713413] vdd_core: 912 <--> 1150 mV at 1137 mV 
[    1.718675] vdd_core: supplied by vbat
[    1.725577] vdd3: 5000 mV 
[    1.731115] vdig1: at 1800 mV 
[    1.734702] vdig1: supplied by vbat
[    1.741168] vdig2: at 1800 mV 
[    1.744704] vdig2: supplied by vbat
[    1.751182] vpll: at 1800 mV 
[    1.754676] vpll: supplied by vbat
[    1.761111] vdac: at 1800 mV 
[    1.764599] vdac: supplied by vbat
[    1.770996] vaux1: at 1800 mV 
[    1.774562] vaux1: supplied by vbat
[    1.781077] vaux2: at 3300 mV 
[    1.784644] vaux2: supplied by vbat
[    1.791100] vaux33: at 3300 mV 
[    1.794753] vaux33: supplied by vbat
[    1.801325] vmmc: 1800 <--> 3300 mV at 3300 mV 
[    1.806432] vmmc: supplied by vbat
[    1.812787] vbb: at 3000 mV 
[    1.816312] vbb: supplied by vbat
[    1.824565] omap_i2c 44e0b000.i2c: bus 0 rev0.11 at 400 kHz
[    1.910656] mmc0: host does not support reading read-only switch. assuming write-enable.
[    1.921923] mmc0: new high speed SDHC card at address 1234
[    1.930464] mmcblk0: mmc0:1234 SA04G 3.63 GiB 
[    1.941341]  mmcblk0: p1 p2 p3
[    2.015172] omap_hsmmc 481d8000.mmc: card claims to support voltages below defined range
[    2.035456] mmc1: queuing unknown CIS tuple 0x91 (3 bytes)
[    2.044322] mmc1: new SDIO card at address 0001
[    2.052677] davinci_mdio 4a101000.mdio: davinci mdio revision 1.6
[    2.059106] davinci_mdio 4a101000.mdio: detected phy mask fffffffc
[    2.069482] libphy: 4a101000.mdio: probed
[    2.073852] davinci_mdio 4a101000.mdio: phy[0]: device 4a101000.mdio:00, driver Atheros 8031 ethernet
[    2.083532] davinci_mdio 4a101000.mdio: phy[1]: device 4a101000.mdio:01, driver Atheros 8031 ethernet
[    2.094377] cpsw 4a100000.ethernet: Detected MACID = c8:a0:30:a1:db:58
[    2.103770] cpsw 4a100000.ethernet: cpsw: Detected MACID = c8:a0:30:a1:db:5a
[    2.114797] input: gpio_buttons@0 as /devices/gpio_buttons@0/input/input0
[    2.124558] omap_rtc 44e3e000.rtc: setting system clock to 2000-01-01 00:00:00 UTC (946684800)
[    2.133780] sr_init: No PMIC hook to init smartreflex
[    2.139382] sr_init: platform driver register failed for SR
[    2.163555] net eth0: initializing cpsw version 1.12 (0)
[    2.243549] net eth0: phy found : id is : 0x4dd074
[    2.254057] net eth1: initializing cpsw version 1.12 (0)
[    2.333297] net eth1: phy found : id is : 0x4dd074
[    6.243512] cpsw 4a100000.ethernet eth0: Link is Up - 1Gbps/Full - flow control rx/tx
[    6.272600] Sending DHCP requests ., OK
[    6.323015] IP-Config: Got DHCP answer from 192.168.0.1, my address is 192.168.0.172
[    6.335426] IP-Config: Complete:
[    6.338830]      device=eth0, hwaddr=c8:a0:30:a1:db:58, ipaddr=192.168.0.172, mask=255.255.255.0, gw=192.168.0.1
[    6.349577]      host=192.168.0.172, domain=ti.com, nis-domain=(none)
[    6.356351]      bootserver=192.168.0.1, rootserver=192.168.0.1, rootpath=
[    6.363385]      nameserver0=192.0.2.2, nameserver1=192.0.2.3
[    6.370885] lis3_reg: disabling
[    6.408576] EXT4-fs (mmcblk0p2): mounted filesystem with ordered data mode. Opts: (null)
[    6.417357] VFS: Mounted root (ext4 filesystem) on device 179:2.
[    6.435049] devtmpfs: mounted
[    6.438839] Freeing unused kernel memory: 400K (c07b0000 - c0814000)

INIT: version 2.88 booting

Error opening /dev/fb0: No such file or directory
Starting udev
[    7.267799] udevd[715]: starting version 182
[   12.340471] random: nonblocking pool is initialized
[   12.437522] FAT-fs (mmcblk0p1): Volume was not properly unmounted. Some data may be corrupt. Please run fsck.
Starting Bootlog daemon: bootlogd: cannot allocate pseudo tty: No such file or directory
bootlogd.
[   12.813465] EXT4-fs (mmcblk0p2): re-mounted. Opts: data=ordered
ALSA: Restoring mixer settings...
/usr/sbin/alsactl: load_state:1696: No soundcards found...
Configuring network interfaces... udhcpc (v1.20.2) started
Sending discover...
Sending select for 192.168.0.103...
Lease of 192.168.0.103 obtained, lease time 7200
/etc/udhcpc.d/50default: Adding DNS 192.0.2.2
/etc/udhcpc.d/50default: Adding DNS 192.0.2.3
done.
Wed May 14 21:30:00 UTC 2014

INIT: Entering runlevel: 5

Starting system message bus: dbus.
Starting Dropbear SSH server: dropbear.
Starting telnet daemon.
Starting syslogd/klogd: done
Starting thttpd.
Starting Lighttpd Web Server: lighttpd.
2014-05-14 21:30:00: (log.c.166) server started 
/etc/rc5.d/S96am335x-pm-firmware-load: line 4: /sys/devices/ocp.2/44d00000.wkup_m3/firmware/am335x-pm-firmware.bin/loading: No such file or directory
/etc/rc5.d/S96am335x-pm-firmware-load: line 5: /sys/devices/ocp.2/44d00000.wkup_m3/firmware/am335x-pm-firmware.bin/data: No such file or directory
/etc/rc5.d/S96am335x-pm-firmware-load: line 6: /sys/devices/ocp.2/44d00000.wkup_m3/firmware/am335x-pm-firmware.bin/loading: No such file or directory
/
Starting Matrix GUI application.
***************************************************************
***************************************************************
NOTICE: This file system contains the followin GPLv3 packages:
	binutils-symlinks
	binutils
	gdbserver

If you do not wish to distribute GPLv3 components please remove
the above packages prior to distribution.  This can be done using
the opkg remove command.  i.e.:
    opkg remove <package>
Where <package> is the name printed in the list above

NOTE: If the package is a dependency of another package you
      will be notified of the dependent packages.  You should
      use the --force-removal-of-dependent-packages option to
      also remove the dependent packages as well
***************************************************************
***************************************************************
Stopping Bootlog daemon: bootlogd.

 _____                    _____           _         _   
|  _  |___ ___ ___ ___   |  _  |___ ___  |_|___ ___| |_ 
|     |  _| .'| . | . |  |   __|  _| . | | | -_|  _|  _|
|__|__|_| |__,|_  |___|  |__|  |_| |___|_| |___|___|_|  
              |___|                    |___|            

Arago Project http://arago-project.org am335x-evm ttyO0

Arago 2013.10 am335x-evm ttyO0

am335x-evm login: 
- 06:35:11 [INFO] Host: root
- 06:35:11 [INFO] Target: 
root
root@am335x-evm:~# 
- 06:35:11 [INFO] Host: uname -a
- 06:35:12 [INFO] Target: 
uname -a
Linux am335x-evm 3.15.0-next-20140611-00002-gb150056 #1 SMP Wed Jun 11 05:30:00 CDT 2014 armv7l GNU/Linux
root@am335x-evm:~# 
- 06:35:12 [INFO] Host: cat /proc/cmdline
- 06:35:12 [INFO] Target: 
cat /proc/cmdline
console=ttyO0,115200n8 earlyprintk rootwait  ip=dhcp  root=PARTUUID=00000000-02 rw rootfstype=ext4 rootwait 
root@am335x-evm:~# 
- 06:35:12 [INFO] Host: uname -a
- 06:35:13 [INFO] Target: 
uname -a
Linux am335x-evm 3.15.0-next-20140611-00002-gb150056 #1 SMP Wed Jun 11 05:30:00 CDT 2014 armv7l GNU/Linux
root@am335x-evm:~# 
- 06:35:13 [INFO] Host: cat /proc/mtd
- 06:35:13 [INFO] Target: 
cat /proc/mtd
dev:    size   erasesize  name
root@am335x-evm:~# 
- 06:35:20 [INFO] Host: export IPERFHOST=192.168.0.1
- 06:35:21 [INFO] Target: 
export IPERFHOST=192.168.0.1
root@am335x-evm:~# 
- 06:35:21 [INFO] Host: export NFS_SERVER=192.168.0.1
- 06:35:21 [INFO] Target: 
export NFS_SERVER=192.168.0.1
root@am335x-evm:~# 
- 06:35:21 [INFO] Host: export NFS_ROOT_PATH=/home/tigtfarm02/NFS_exports/am335x-sk
- 06:35:22 [INFO] Target: 
export NFS_ROOT_PATH=/home/tigtfarm02/NFS_exports/am335x-sk
root@am335x-evm:~# 
- 06:35:22 [INFO] Host: mkdir -p -m 777 /test
- 06:35:22 [INFO] Target: 
mkdir -p -m 777 /test
root@am335x-evm:~# 
- 06:35:22 [INFO] Host: cd /test
- 06:35:23 [INFO] Target: 
cd /test
root@am335x-evm:/test# 
- 06:35:23 [INFO] Host: cat > test.sh << EOF
- 06:35:23 [INFO] Target: 
cat > test.sh << EOF
> 
- 06:35:23 [INFO] Host: failtest() {

- 06:35:24 [INFO] Target: 
failtest() {
> 
- 06:35:24 [INFO] Host:   echo 1 >&3

- 06:35:24 [INFO] Target: 
  echo 1 >&3
> 
- 06:35:24 [INFO] Host: }

- 06:35:25 [INFO] Target: 
}
> 
- 06:35:25 [INFO] Host: script=anonymous:anonymous@gtautoftp.gt.design.ti.com/anonymous/opentest/target-test-basic.sh_md5_5d260c597a39e144f6dea1bc54ee8584

- 06:35:35 [ERROR] On command: script=anonymous:anonymous@gtautoftp.gt.design.ti.com/anonymous/opentest/target-test-basic.sh_md5_5d260c597a39e144f6dea1bc54ee8584
 waiting for (?-mix:.*) >>> error: execution expired
- 06:35:35 [INFO] Target: 
script=anonymous:anonymous@gtautoftp.gt.design.ti.com/anonymous/opentest/targe 
t-test-basic.sh_md5_5d260c597a39e144f6dea1bc54ee8584
> 
- 06:35:35 [INFO] Host: timeout=600

- 06:35:35 [INFO] Target: 
timeout=600
> 
- 06:35:35 [INFO] Host: 

- 06:35:36 [INFO] Target: 

> 
- 06:35:36 [INFO] Host: # Start of user's script logic

- 06:35:36 [INFO] Target: 
# Start of user's script logic
> 
- 06:35:36 [INFO] Host: 

- 06:35:37 [INFO] Target: 

> 
- 06:35:37 [INFO] Host: 

- 06:35:37 [INFO] Target: 

> 
- 06:35:37 [INFO] Host: mount -t proc proc /proc 2>/dev/null;

- 06:35:38 [INFO] Target: 
mount -t proc proc /proc 2>/dev/null;
> 
- 06:35:38 [INFO] Host: 

- 06:35:38 [INFO] Target: 

> 
- 06:35:38 [INFO] Host: mount -t sysfs sys /sys 2>/dev/null;

- 06:35:39 [INFO] Target: 
mount -t sysfs sys /sys 2>/dev/null;
> 
- 06:35:39 [INFO] Host: 

- 06:35:39 [INFO] Target: 

> 
- 06:35:39 [INFO] Host: mount -t debugfs none /sys/kernel/debug 2>/dev/null;

- 06:35:40 [INFO] Target: 
mount -t debugfs none /sys/kernel/debug 2>/dev/null;
> 
- 06:35:40 [INFO] Host: 

- 06:35:40 [INFO] Target: 

> 
- 06:35:40 [INFO] Host: echo 'cpuinfo:';cat /proc/cpuinfo; echo '=======';

- 06:35:41 [INFO] Target: 
echo 'cpuinfo:';cat /proc/cpuinfo; echo '=======';
> 
- 06:35:41 [INFO] Host: 

- 06:35:41 [INFO] Target: 

> 
- 06:35:41 [INFO] Host: echo 'soc info:';head /sys/devices/soc0/* 2>/dev/null; echo '=======';

- 06:35:42 [INFO] Target: 
echo 'soc info:';head /sys/devices/soc0/* 2>/dev/null; echo '=======';
> 
- 06:35:42 [INFO] Host: 

- 06:35:42 [INFO] Target: 

> 
- 06:35:42 [INFO] Host: echo 'interrupts:';cat /proc/interrupts; echo '=======';

- 06:35:43 [INFO] Target: 
echo 'interrupts:';cat /proc/interrupts; echo '=======';
> 
- 06:35:43 [INFO] Host: 

- 06:35:43 [INFO] Target: 

> 
- 06:35:43 [INFO] Host: echo 'Clk_summary:';cat /sys/kernel/debug/clk/clk_summary; echo '=======';

- 06:35:44 [INFO] Target: 
echo 'Clk_summary:';cat /sys/kernel/debug/clk/clk_summary; echo '=======';
> 
- 06:35:44 [INFO] Host: 

- 06:35:44 [INFO] Target: 

> 
- 06:35:44 [INFO] Host: echo 'Orphan Clks:';ls /sys/kernel/debug/clk/orphans/; echo '=======';

- 06:35:45 [INFO] Target: 
echo 'Orphan Clks:';ls /sys/kernel/debug/clk/orphans/; echo '=======';
> 
- 06:35:45 [INFO] Host: 

- 06:35:45 [INFO] Target: 

> 
- 06:35:45 [INFO] Host: echo 'H''ello World' 'B''oard Booted';

- 06:35:46 [INFO] Target: 
echo 'H''ello World' 'B''oard Booted';
> 
- 06:35:46 [INFO] Host: 

- 06:35:46 [INFO] Target: 

> 
- 06:35:46 [INFO] Host: EOF
- 06:35:47 [INFO] Target: 
EOF
root@am335x-evm:/test# 
- 06:35:47 [INFO] Host: cd /test
- 06:35:47 [INFO] Target: 
cd /test
root@am335x-evm:/test# 
- 06:35:47 [INFO] Host: chmod +x test.sh
- 06:35:48 [INFO] Target: 
chmod +x test.sh
root@am335x-evm:/test# 
- 06:35:48 [INFO] Host: ./test.sh 2> stderr.log > stdout.log 3> result.log
- 06:35:48 [INFO] Target: 
./test.sh 2> stderr.log > stdout.log 3> result.log
root@am335x-evm:/test# 
- 06:35:48 [INFO] Host: echo $?
- 06:35:49 [INFO] Target: 
echo $?
0
root@am335x-evm:/test# 
- 06:35:49 [INFO] Host: cd /test
- 06:35:49 [INFO] Target: 
cd /test
root@am335x-evm:/test# 
- 06:35:49 [INFO] Host: cat stdout.log
- 06:35:50 [INFO] Target: 
cat stdout.log
cpuinfo:
processor	: 0
model name	: ARMv7 Processor rev 2 (v7l)
Features	: swp half thumb fastmult vfp edsp thumbee neon vfpv3 tls vfpd32 
CPU implementer	: 0x41
CPU architecture: 7
CPU variant	: 0x3
CPU part	: 0xc08
CPU revision	: 2

Hardware	: Generic AM33XX (Flattened Device Tree)
Revision	: 0000
Serial		: 0000000000000000
=======
soc info:
==> /sys/devices/soc0/family <==
Unknown

==> /sys/devices/soc0/machine <==
AM335X

==> /sys/devices/soc0/power <==

==> /sys/devices/soc0/revision <==
ES2.1

==> /sys/devices/soc0/subsystem <==

==> /sys/devices/soc0/type <==
GP

==> /sys/devices/soc0/uevent <==
=======
interrupts:
           CPU0       
 28:       1834      INTC  12  edma
 30:         12      INTC  14  edma_error
 44:        144      INTC  28  mmc1
 56:          0      INTC  40  4a100000.ethernet
 57:         30      INTC  41  4a100000.ethernet
 58:          9      INTC  42  4a100000.ethernet
 59:          0      INTC  43  4a100000.ethernet
 80:       5523      INTC  64  mmc0
 84:       2773      INTC  68  gp_timer
 86:        273      INTC  70  44e0b000.i2c
 88:       3813      INTC  72  OMAP UART0
 91:          0      INTC  75  rtc0
 92:          0      INTC  76  rtc0
127:          0      INTC 111  48310000.rng
150:          0      GPIO   6  mmc0
174:          0      GPIO  30  button2
210:          0      GPIO   2  button1
211:          0      GPIO   3  button0
213:          0      GPIO   5  button3
IPI0:          0  CPU wakeup interrupts
IPI1:          0  Timer broadcast interrupts
IPI2:          0  Rescheduling interrupts
IPI3:          0  Function call interrupts
IPI4:          0  Single function call interrupts
IPI5:          0  CPU stop interrupts
IPI6:          0  IRQ work interrupts
IPI7:          0  completion interrupts
Err:          0
=======
Clk_summary:
   clock                         enable_cnt  prepare_cnt        rate   accuracy
--------------------------------------------------------------------------------
 tclkin_ck                                0            0    12000000          0
 virt_26000000_ck                         0            0    26000000          0
 virt_25000000_ck                         0            0    25000000          0
 virt_24000000_ck                         1            1    24000000          0
    sys_clkin_ck                          9           23    24000000          0
       timer6_fck                         0            1    24000000          0
       timer3_fck                         0            1    24000000          0
       dpll_per_ck                        1            2   960000000          0
          dpll_per_m2_ck                  2            4   192000000          0
             ehrpwm2_tbclk                0            0   192000000          0
             ehrpwm1_tbclk                0            0   192000000          0
             ehrpwm0_tbclk                0            0   192000000          0
             mmc_clk                      0            3    96000000          0
             clk_24mhz                    1            1    24000000          0
                clkdiv32k_ck              1            1       32786          0
                   clkdiv32k_ick           2            5       32786          0
                      wdt1_fck            0            1       32786          0
                      gpio3_dbclk           0            1       32786          0
                      gpio2_dbclk           1            2       32786          0
                      gpio1_dbclk           0            1       32786          0
             dpll_per_m2_div4_ck           0            9    48000000          0
             dpll_per_m2_div4_wkupdm_ck           1            2    48000000          0
          usbotg_fck                      0            1   960000000          0
       dpll_disp_ck                       0            1    24000000          0
          dpll_disp_m2_ck                 0            1    24000000          0
             lcd_gclk                     0            1    24000000          0
       dpll_ddr_ck                        1            1   303000000          0
          dpll_ddr_m2_ck                  2            2   303000000          0
             dpll_ddr_m2_div2_ck           1            1   151500000          0
       dpll_mpu_ck                        1            1  1000000000          0
          dpll_mpu_m2_ck                  4            4  1000000000          0
       dpll_core_ck                       1            1  1000000000          0
          dpll_core_x2_ck                 2            2  2000000000          0
             dpll_core_m6_ck              0            0   500000000          0
             dpll_core_m5_ck              1            1   250000000          0
                cpsw_cpts_rft_clk           0            0   250000000          0
                cpsw_125mhz_gclk           3            3   125000000          0
             dpll_core_m4_ck              9           11   200000000          0
                dbg_clka_ck               0            2   200000000          0
                   trace_pmd_clk_mux_ck           0            1   200000000          0
                      trace_clk_div_ck           0            1    50000000          0
                   stm_pmd_clock_mux_ck           0            0   200000000          0
                      stm_clk_div_ck           0            0    50000000          0
                gfx_fclk_clksel_ck           0            1   200000000          0
                   gfx_fck_div_ck           0            1   200000000          0
                sysclk_div_ck             0            0   200000000          0
                l4hs_gclk                 2            2   200000000          0
                l4_rtc_gclk               0            0   100000000          0
                dpll_core_m4_div2_ck          16           17   100000000          0
                   l4ls_gclk             43           59   100000000          0
                   l4fw_gclk              1            1   100000000          0
                   l3s_gclk               9           10   100000000          0
                   ieee5000_fck           0            0   100000000          0
                mmu_fck                   0            0   200000000          0
                l3_gclk                  13           15   200000000          0
                   pruss_ocp_gclk           0            1   200000000          0
       rng_fck                            2            2    24000000          0
       aes0_fck                           1            2    24000000          0
       sha0_fck                           1            1    24000000          0
       smartreflex1_fck                   0            1    24000000          0
       smartreflex0_fck                   0            1    24000000          0
       mcasp1_fck                         0            1    24000000          0
       mcasp0_fck                         0            1    24000000          0
       dcan1_fck                          0            1    24000000          0
       dcan0_fck                          0            1    24000000          0
       adc_tsc_fck                        0            1    24000000          0
       cefuse_fck                         0            0    24000000          0
       timer1_fck                         1            1    24000000          0
       timer2_fck                         1            1    24000000          0
       timer4_fck                         0            1    24000000          0
       timer5_fck                         0            1    24000000          0
       timer7_fck                         0            1    24000000          0
       dbg_sysclk_ck                      0            1    24000000          0
 virt_19200000_ck                         0            0    19200000          0
 clk_rc32k_ck                             1            1       32000          0
    gpio0_dbclk_mux_ck                    1            1       32000          0
       gpio0_dbclk                        1            2       32000          0
 clk_32768_ck                             2            2       32768          0
    sysclkout_pre_ck                      1            1       32768          0
       clkout2_div_ck                     1            1       32768          0
          clkout2_ck                      1            1       32768          0
=======
Orphan Clks:
=======
Hello World Board Booted
root@am335x-evm:/test# 
- 06:35:50 [INFO] Host: cat stderr.log
- 06:35:51 [INFO] Target: 
cat stderr.log
root@am335x-evm:/test# 
- 06:35:51 [INFO] Host: cat result.log
- 06:35:53 [ERROR] On command: cat result.log waiting for (?m-ix:^1[\0\n\r]+) >>> error: execution expired
- 06:35:53 [INFO] Target: 
cat result.log
root@am335x-evm:/test# 
- 06:35:53 [INFO] Host: cd /test
- 06:35:53 [INFO] Target: 
cd /test
root@am335x-evm:/test# 
FOR DEBUG:URL:http://gtsystest.telogy.design.ti.com/vatf/tigtfarm02/tigtfarm02_vatf@am335x-sk/tigtfarm0206_11_2014_06_33_49/files/session_iteration_1/test_1/dut1_1_log.txt
