- 06:33:34 [INFO] Starting target session
- 06:33:34 [INFO] Connected to am335x-evm via serial 
- 06:33:34 [INFO] Host: #check prompt
- 06:33:36 [ERROR] On command: #check prompt waiting for #check prompt.+?(?-mix:((?-mix:login:)|[Pp]assword)) >>> error: execution expired
- 06:33:36 [INFO] Target: 
#check prompt
root@am335x-evm:/test# 
- 06:33:36 [INFO] Host: #check prompt
- 06:33:36 [INFO] Target: 
#check prompt
root@am335x-evm:/test# 
- 06:33:36 [INFO] Host: sync;poweroff
- 06:33:54 [INFO] Target: 
sync;poweroff
Broadcast message from root@am335x-evm (ttyO0) (Sun Dec 29 12:16:56 2013):
The system is going down for system halt NOW!
root@am335x-evm:/t
INIT: Sending processes the TERM signal
INIT: SendStopping Dropbear SSH server: stopped /usr/sbin/dropbear (pid 508)
dropbear.
Stopping telnet daemon.
Stopping system message bus: hwclock: can't open '/dev/misc/rtc': No such file or directory
Error opening /dev/fb0: No such file or directory
Stopping syslogd/klogd: stopped syslogd (pid 520)
stopped klogd (pid 523)
done
Stopping thttpd.
ALSA: Storing mixer settings...
/usr/sbin/alsactl: save_state:1580: No soundcards found...
Deconfiguring network interfaces... done.
Stopping Lighttpd Web Server: stopped /usr/sbin/lighttpd (pid 535)
lighttpd.
/etc/rc0.d/K96am335x-pm-firmware-load: line 4: /sys/devices/ocp.2/44d00000.wkup_m3/firmware/am335x-pm-firmware.bin/loading: No such file or directory
/etc/rc0.d/K96am335x-pm-firmware-load: line 5: /sys/devices/ocp.2/44d00000.wkup_m3/firmware/am335x-pm-firmware.bin/data: No such file or directory
/etc/rc0.d/K96am335x-pm-firmware-load: line 6: /sys/devices/ocp.2/44d00000.wkup_m3/firmware/am335x-pm-firmware.bin/loading: No such file or directory
Stopping Matrix GUI applicationstart-stop-daemon: warning: killing process 545: No such process
***************************************************************
***************************************************************
NOTICE: This file system contains the followin GPLv3 packages:
	binutils-symlinks
	binutils
	gdbserver
If you do not wish to distribute GPLv3 components please remove
the above packages prior to distribution.  This can be done using
the opkg remove command.  i.e.:
    opkg remove <package>
Where <package> is the name printed in the list above
NOTE: If the package is a dependency of another package you
      will be notified of the dependent packages.  You should
      use the --force-removal-of-dependent-packages option to
      also remove the dependent packages as well
***************************************************************
***************************************************************
Sending all processes the TERM signal...
Sending all processes the KILL signal...
Unmounting remote filesystems...
Deactivating swap...
Unmounting local filesystems...
[11124.752794] EXT4-fs (mmcblk0p2): re-mounted. Opts: data=ordered
[11126.887608] reboot: System halted
- 06:33:54 [INFO] Disconnected serial from am335x-evm
- 06:34:15 [INFO] Connected to am335x-evm via serial 
- 06:34:15 [INFO] Host: 
- 06:34:16 [ERROR] On command:  waiting for (?-mix:U-Boot#) >>> error: execution expired
- 06:34:16 [INFO] Target: 
U-Boot SPL 2014.07-00071-gaca0808 (Oct 02 2014 - 11:22:57)
- 06:34:16 [INFO] Host: 
- 06:34:16 [ERROR] On command:  waiting for (?-mix:U-Boot#) >>> error: execution expired
- 06:34:16 [INFO] Target: 
- 06:34:16 [INFO] Host: 
- 06:34:17 [ERROR] On command:  waiting for (?-mix:U-Boot#) >>> error: execution expired
- 06:34:17 [INFO] Target: 
- 06:34:17 [INFO] Host: 
- 06:34:17 [ERROR] On command:  waiting for (?-mix:U-Boot#) >>> error: execution expired
- 06:34:17 [INFO] Target: 
- 06:34:17 [INFO] Host: 
- 06:34:18 [ERROR] On command:  waiting for (?-mix:U-Boot#) >>> error: execution expired
- 06:34:18 [INFO] Target: 
reading args
spl_load_image_fat_os: error reading image args, err - -1
reading u-boot.img
reading u-boot.img
U-Boot 2014.07-00071-gaca0808 (Oct 02 2014 - 11:22:57), Build: jenkins-ti-linux-3-14-y_opentest-216
I2C:   ready
DRAM:  1 GiB
- 06:34:18 [INFO] Host: 
- 06:34:18 [INFO] Target: 
NAND:  256 MiB
MMC:   OMAP SD/MMC: 0, OMAP SD/MMC: 1
reading uboot.env
** Unable to read "uboot.env" from mmc0:1 **
Using default environment
Net:   <ethaddr> not set. Validating first E-fuse MAC
cpsw, usb_ether
Hit any key to stop autoboot:  1  0 
U-Boot# 
- 06:34:18 [INFO] Host: 
- 06:34:19 [INFO] Target: 
U-Boot# 
- 06:34:19 [INFO] Host: version
- 06:34:19 [INFO] Target: 
version
U-Boot 2014.07-00071-gaca0808 (Oct 02 2014 - 11:22:57)
arm-linux-gnueabihf-gcc (crosstool-NG linaro-1.13.1-4.7-2013.03-20130313 - Linaro GCC 2013.03) 4.7.3 20130226 (prerelease)
GNU ld (crosstool-NG linaro-1.13.1-4.7-2013.03-20130313 - Linaro GCC 2013.03) 2.23.1
U-Boot# 
- 06:34:19 [INFO] Host: setenv bootargs 'console=ttyO0,115200n8 earlyprintk rootwait  '
- 06:34:20 [INFO] Target: 
setenv bootargs 'console=ttyO0,115200n8 earlyprintk rootwait  '
U-Boot# 
- 06:34:20 [INFO] Host: setenv bootcmd  ''
- 06:34:20 [INFO] Target: 
setenv bootcmd  ''
U-Boot# 
- 06:34:20 [INFO] Host: setenv autoload 'no'
- 06:34:21 [INFO] Target: 
setenv autoload 'no'
U-Boot# 
- 06:34:21 [INFO] Host: setenv serverip '192.168.0.1'
- 06:34:21 [INFO] Target: 
setenv serverip '192.168.0.1'
U-Boot# 
- 06:34:21 [INFO] Host: printenv
- 06:34:22 [INFO] Target: 
printenv
arch=arm
autoload=no
baudrate=115200
board=am335x
board_name=A33515BB
board_rev=1.5B
boot_fdt=try
bootargs=console=ttyO0,115200n8 earlyprintk rootwait  
bootcmd=
bootcount=1
bootdelay=1
bootdir=/boot
bootenv=uEnv.txt
bootfile=zImage
bootm_size=0x10000000
bootpart=0:2
console=ttyO0,115200n8
cpu=armv7
dfu_alt_info_emmc=rawemmc mmc 0 3751936
dfu_alt_info_mmc=boot part 0 1;rootfs part 0 2;MLO fat 0 1;MLO.raw mmc 0x100 0x100;u-boot.img.raw mmc 0x300 0x400;spl-os-args.raw mmc 0x80 0x80;spl-os-image.raw mmc 0x900 0x2000;spl-os-args fat 0 1;spl-os-image fat 0 1;u-boot.img fat 0 1;uEnv.txt fat 0 1
dfu_alt_info_nand=SPL part 0 1;SPL.backup1 part 0 2;SPL.backup2 part 0 3;SPL.backup3 part 0 4;u-boot part 0 5;u-boot-spl-os part 0 6;kernel part 0 8;rootfs part 0 9
dfu_alt_info_ram=kernel ram 0x80200000 0xD80000;fdt ram 0x80F80000 0x80000;ramdisk ram 0x81000000 0x4000000
eth1addr=c8:a0:30:a1:b6:c2
ethact=cpsw
ethaddr=c8:a0:30:a1:b6:c0
fdt_addr_r=0x88000000
fdtaddr=0x88000000
fdtfile=undefined
findfdt=if test $board_name = A335BONE; then setenv fdtfile am335x-bone.dtb; fi; if test $board_name = A335BNLT; then setenv fdtfile am335x-boneblack.dtb; fi; if test $board_name = A33515BB; then setenv fdtfile am335x-evm.dtb; fi; if test $board_name = A335X_SK; then setenv fdtfile am335x-evmsk.dtb; fi; if test $fdtfile = undefined; then echo WARNING: Could not determine device tree to use; fi; 
importbootenv=echo Importing environment from mmc ...; env import -t -r $loadaddr $filesize
kernel_addr_r=0x82000000
loadaddr=0x82000000
loadbootenv=load mmc ${mmcdev} ${loadaddr} ${bootenv}
loadfdt=load mmc ${bootpart} ${fdtaddr} ${bootdir}/${fdtfile}
loadimage=load mmc ${bootpart} ${loadaddr} ${bootdir}/${bootfile}
loadramdisk=load mmc ${mmcdev} ${rdaddr} ramdisk.gz
mmcargs=setenv bootargs console=${console} ${optargs} root=${mmcroot} rootfstype=${mmcrootfstype}
mmcboot=mmc dev ${mmcdev}; if mmc rescan; then echo SD/MMC found on device ${mmcdev};if run loadbootenv; then echo Loaded environment from ${bootenv};run importbootenv;fi;if test -n $uenvcmd; then echo Running uenvcmd ...;run uenvcmd;fi;if run loadimage; then run mmcloados;fi;fi;
mmcdev=0
mmcloados=run mmcargs; if test ${boot_fdt} = yes || test ${boot_fdt} = try; then if run loadfdt; then bootz ${loadaddr} - ${fdtaddr}; else if test ${boot_fdt} = try; then bootz; else echo WARN: Cannot load the DT; fi; fi; else bootz; fi;
mmcroot=/dev/mmcblk0p2 ro
mmcrootfstype=ext4 rootwait
mtdids=nand0=nand.0
mtdparts=mtdparts=nand.0:128k(NAND.SPL),128k(NAND.SPL.backup1),128k(NAND.SPL.backup2),128k(NAND.SPL.backup3),256k(NAND.u-boot-spl-os),1m(NAND.u-boot),128k(NAND.u-boot-env),128k(NAND.u-boot-env.backup1),8m(NAND.kernel),-(NAND.file-system)
nandargs=setenv bootargs console=${console} ${optargs} root=${nandroot} rootfstype=${nandrootfstype}
nandboot=echo Booting from nand ...; run nandargs; nand read ${fdtaddr} NAND.u-boot-spl-os; nand read ${loadaddr} NAND.kernel; bootz ${loadaddr} - ${fdtaddr}
nandroot=ubi0:rootfs rw ubi.mtd=NAND.file-system,2048
nandrootfstype=ubifs rootwait=1
netargs=setenv bootargs console=${console} ${optargs} root=/dev/nfs nfsroot=${serverip}:${rootpath},${nfsopts} rw ip=dhcp
netboot=echo Booting from network ...; setenv autoload no; dhcp; tftp ${loadaddr} ${bootfile}; tftp ${fdtaddr} ${fdtfile}; run netargs; bootz ${loadaddr} - ${fdtaddr}
nfsopts=nolock
partitions=uuid_disk=${uuid_gpt_disk};name=rootfs,start=2MiB,size=-,uuid=${uuid_gpt_rootfs}
ramargs=setenv bootargs console=${console} ${optargs} root=${ramroot} rootfstype=${ramrootfstype}
ramboot=echo Booting from ramdisk ...; run ramargs; bootz ${loadaddr} ${rdaddr} ${fdtaddr}
ramdisk_addr_r=0x88080000
ramroot=/dev/ram0 rw
ramrootfstype=ext2
rdaddr=0x88080000
rootpath=/export/rootfs
serverip=192.168.0.1
soc=am33xx
spiargs=setenv bootargs console=${console} ${optargs} root=${spiroot} rootfstype=${spirootfstype}
spiboot=echo Booting from spi ...; run spiargs; sf probe ${spibusno}:0; sf read ${loadaddr} ${spisrcaddr} ${spiimgsize}; bootz ${loadaddr}
spibusno=0
spiimgsize=0x362000
spiroot=/dev/mtdblock4 rw
spirootfstype=jffs2
spisrcaddr=0xe0000
static_ip=${ipaddr}:${serverip}:${gatewayip}:${netmask}:${hostname}::off
stderr=serial
stdin=serial
stdout=serial
usbnet_devaddr=c8:a0:30:a1:b6:c2
vendor=ti
ver=U-Boot 2014.07-00071-gaca0808 (Oct 02 2014 - 11:22:57)
Environment size: 4471/131068 bytes
U-Boot# 
- 06:34:22 [INFO] Host: printenv
- 06:34:22 [INFO] Target: 
printenv
arch=arm
autoload=no
baudrate=115200
board=am335x
board_name=A33515BB
board_rev=1.5B
boot_fdt=try
bootargs=console=ttyO0,115200n8 earlyprintk rootwait  
bootcmd=
bootcount=1
bootdelay=1
bootdir=/boot
bootenv=uEnv.txt
bootfile=zImage
bootm_size=0x10000000
bootpart=0:2
console=ttyO0,115200n8
cpu=armv7
dfu_alt_info_emmc=rawemmc mmc 0 3751936
dfu_alt_info_mmc=boot part 0 1;rootfs part 0 2;MLO fat 0 1;MLO.raw mmc 0x100 0x100;u-boot.img.raw mmc 0x300 0x400;spl-os-args.raw mmc 0x80 0x80;spl-os-image.raw mmc 0x900 0x2000;spl-os-args fat 0 1;spl-os-image fat 0 1;u-boot.img fat 0 1;uEnv.txt fat 0 1
dfu_alt_info_nand=SPL part 0 1;SPL.backup1 part 0 2;SPL.backup2 part 0 3;SPL.backup3 part 0 4;u-boot part 0 5;u-boot-spl-os part 0 6;kernel part 0 8;rootfs part 0 9
dfu_alt_info_ram=kernel ram 0x80200000 0xD80000;fdt ram 0x80F80000 0x80000;ramdisk ram 0x81000000 0x4000000
eth1addr=c8:a0:30:a1:b6:c2
ethact=cpsw
ethaddr=c8:a0:30:a1:b6:c0
fdt_addr_r=0x88000000
fdtaddr=0x88000000
fdtfile=undefined
findfdt=if test $board_name = A335BONE; then setenv fdtfile am335x-bone.dtb; fi; if test $board_name = A335BNLT; then setenv fdtfile am335x-boneblack.dtb; fi; if test $board_name = A33515BB; then setenv fdtfile am335x-evm.dtb; fi; if test $board_name = A335X_SK; then setenv fdtfile am335x-evmsk.dtb; fi; if test $fdtfile = undefined; then echo WARNING: Could not determine device tree to use; fi; 
importbootenv=echo Importing environment from mmc ...; env import -t -r $loadaddr $filesize
kernel_addr_r=0x82000000
loadaddr=0x82000000
loadbootenv=load mmc ${mmcdev} ${loadaddr} ${bootenv}
loadfdt=load mmc ${bootpart} ${fdtaddr} ${bootdir}/${fdtfile}
loadimage=load mmc ${bootpart} ${loadaddr} ${bootdir}/${bootfile}
loadramdisk=load mmc ${mmcdev} ${rdaddr} ramdisk.gz
mmcargs=setenv bootargs console=${console} ${optargs} root=${mmcroot} rootfstype=${mmcrootfstype}
mmcboot=mmc dev ${mmcdev}; if mmc rescan; then echo SD/MMC found on device ${mmcdev};if run loadbootenv; then echo Loaded environment from ${bootenv};run importbootenv;fi;if test -n $uenvcmd; then echo Running uenvcmd ...;run uenvcmd;fi;if run loadimage; then run mmcloados;fi;fi;
mmcdev=0
mmcloados=run mmcargs; if test ${boot_fdt} = yes || test ${boot_fdt} = try; then if run loadfdt; then bootz ${loadaddr} - ${fdtaddr}; else if test ${boot_fdt} = try; then bootz; else echo WARN: Cannot load the DT; fi; fi; else bootz; fi;
mmcroot=/dev/mmcblk0p2 ro
mmcrootfstype=ext4 rootwait
mtdids=nand0=nand.0
mtdparts=mtdparts=nand.0:128k(NAND.SPL),128k(NAND.SPL.backup1),128k(NAND.SPL.backup2),128k(NAND.SPL.backup3),256k(NAND.u-boot-spl-os),1m(NAND.u-boot),128k(NAND.u-boot-env),128k(NAND.u-boot-env.backup1),8m(NAND.kernel),-(NAND.file-system)
nandargs=setenv bootargs console=${console} ${optargs} root=${nandroot} rootfstype=${nandrootfstype}
nandboot=echo Booting from nand ...; run nandargs; nand read ${fdtaddr} NAND.u-boot-spl-os; nand read ${loadaddr} NAND.kernel; bootz ${loadaddr} - ${fdtaddr}
nandroot=ubi0:rootfs rw ubi.mtd=NAND.file-system,2048
nandrootfstype=ubifs rootwait=1
netargs=setenv bootargs console=${console} ${optargs} root=/dev/nfs nfsroot=${serverip}:${rootpath},${nfsopts} rw ip=dhcp
netboot=echo Booting from network ...; setenv autoload no; dhcp; tftp ${loadaddr} ${bootfile}; tftp ${fdtaddr} ${fdtfile}; run netargs; bootz ${loadaddr} - ${fdtaddr}
nfsopts=nolock
partitions=uuid_disk=${uuid_gpt_disk};name=rootfs,start=2MiB,size=-,uuid=${uuid_gpt_rootfs}
ramargs=setenv bootargs console=${console} ${optargs} root=${ramroot} rootfstype=${ramrootfstype}
ramboot=echo Booting from ramdisk ...; run ramargs; bootz ${loadaddr} ${rdaddr} ${fdtaddr}
ramdisk_addr_r=0x88080000
ramroot=/dev/ram0 rw
ramrootfstype=ext2
rdaddr=0x88080000
rootpath=/export/rootfs
serverip=192.168.0.1
soc=am33xx
spiargs=setenv bootargs console=${console} ${optargs} root=${spiroot} rootfstype=${spirootfstype}
spiboot=echo Booting from spi ...; run spiargs; sf probe ${spibusno}:0; sf read ${loadaddr} ${spisrcaddr} ${spiimgsize}; bootz ${loadaddr}
spibusno=0
spiimgsize=0x362000
spiroot=/dev/mtdblock4 rw
spirootfstype=jffs2
spisrcaddr=0xe0000
static_ip=${ipaddr}:${serverip}:${gatewayip}:${netmask}:${hostname}::off
stderr=serial
stdin=serial
stdout=serial
usbnet_devaddr=c8:a0:30:a1:b6:c2
vendor=ti
ver=U-Boot 2014.07-00071-gaca0808 (Oct 02 2014 - 11:22:57)
Environment size: 4471/131068 bytes
U-Boot# 
- 06:34:22 [INFO] Host: setenv bootargs ''${bootargs}' ip=dhcp '
- 06:34:23 [INFO] Target: 
setenv bootargs ''${bootargs}' ip=dhcp '
U-Boot# 
- 06:34:23 [INFO] Host: setenv serverip '192.168.0.1'
- 06:34:23 [INFO] Target: 
setenv serverip '192.168.0.1'
U-Boot# 
- 06:34:23 [INFO] Host: setenv ipaddr dhcp
- 06:34:24 [INFO] Target: 
setenv ipaddr dhcp
U-Boot# 
- 06:34:24 [INFO] Host: setenv autoload 'no'
- 06:34:24 [INFO] Target: 
setenv autoload 'no'
U-Boot# 
- 06:34:24 [INFO] Host: dhcp
- 06:34:26 [INFO] Target: 
dhcp
link up on port 0, speed 1000, full duplex
BOOTP broadcast 1
DHCP client bound to address 192.168.0.55
U-Boot# 
- 06:34:26 [INFO] Host: setenv serverip '192.168.0.1'
- 06:34:26 [INFO] Target: 
setenv serverip '192.168.0.1'
U-Boot# 
- 06:34:27 [INFO] Host: tftp ${loadaddr} 192.168.0.1:vatf_am335x-evm/886384e3d8125bc674b31e1ee48c5f47
- 06:34:28 [INFO] Target: 
tftp ${loadaddr} 192.168.0.1:vatf_am335x-evm/886384e3d8125bc674b31e1ee48c5f47
link up on port 0, speed 1000, full duplex
Using cpsw device
TFTP from server 192.168.0.1; our IP address is 192.168.0.55
Filename 'vatf_am335x-evm/886384e3d8125bc674b31e1ee48c5f47'.
Load address: 0x82000000
Loading: *#################################################################
	 #################################################################
	 #################################################################
	 #################################################################
	 ###############################################################
	 5.4 MiB/s
done
Bytes transferred = 4741232 (485870 hex)
U-Boot# 
- 06:34:28 [INFO] Host: tftp ${fdt_addr_r} 192.168.0.1:vatf_am335x-evm/4eb4ee78b6fd57680720348d84e791b5
- 06:34:28 [INFO] Target: 
tftp ${fdt_addr_r} 192.168.0.1:vatf_am335x-evm/4eb4ee78b6fd57680720348d84e791b5
link up on port 0, speed 1000, full duplex
Using cpsw device
TFTP from server 192.168.0.1; our IP address is 192.168.0.55
Filename 'vatf_am335x-evm/4eb4ee78b6fd57680720348d84e791b5'.
Load address: 0x88000000
Loading: *###
	 4.8 MiB/s
done
Bytes transferred = 34892 (884c hex)
U-Boot# 
- 06:34:28 [INFO] Host: ls mmc 0:1
- 06:34:29 [INFO] Target: 
ls mmc 0:1
  2206363   am335x-evm-sk-quickstartguide.pdf 
      140   autorun.inf 
   176621   beaglebone-quickstartguide.pdf 
    77476   mlo 
  2371014   quickstartguide.pdf 
     1164   readme 
            start_here/
   447116   u-boot.img 
            windows_users/
        0   pointercal 
       14   .ipaddr 
9 file(s), 2 dir(s)
U-Boot# 
- 06:34:29 [INFO] Host: ls mmc 0:2
- 06:34:29 [INFO] Target: 
ls mmc 0:2
<DIR>       4096 .
<DIR>       4096 ..
<DIR>       4096 bin
<DIR>       4096 boot
<DIR>       4096 dev
<DIR>       4096 etc
<DIR>       4096 home
<DIR>       4096 lib
<DIR>       4096 media
<DIR>       4096 mnt
<DIR>       4096 opt
<DIR>       4096 proc
<DIR>       4096 sbin
<DIR>       4096 srv
<DIR>       4096 sys
<SYM>          8 tmp
<DIR>       4096 usr
<DIR>       4096 var
<DIR>       4096 www
<SYM>          8 run
<DIR>       4096 Settings
<DIR>       4096 test
U-Boot# 
- 06:34:29 [INFO] Host: part uuid mmc 0:2
- 06:34:30 [INFO] Target: 
part uuid mmc 0:2
00000000-02
U-Boot# 
- 06:34:30 [INFO] Host: printenv
- 06:34:30 [INFO] Target: 
printenv
arch=arm
autoload=no
baudrate=115200
board=am335x
board_name=A33515BB
board_rev=1.5B
boot_fdt=try
bootargs=console=ttyO0,115200n8 earlyprintk rootwait   ip=dhcp 
bootcmd=
bootcount=1
bootdelay=1
bootdir=/boot
bootenv=uEnv.txt
bootfile=zImage
bootm_size=0x10000000
bootpart=0:2
console=ttyO0,115200n8
cpu=armv7
dfu_alt_info_emmc=rawemmc mmc 0 3751936
dfu_alt_info_mmc=boot part 0 1;rootfs part 0 2;MLO fat 0 1;MLO.raw mmc 0x100 0x100;u-boot.img.raw mmc 0x300 0x400;spl-os-args.raw mmc 0x80 0x80;spl-os-image.raw mmc 0x900 0x2000;spl-os-args fat 0 1;spl-os-image fat 0 1;u-boot.img fat 0 1;uEnv.txt fat 0 1
dfu_alt_info_nand=SPL part 0 1;SPL.backup1 part 0 2;SPL.backup2 part 0 3;SPL.backup3 part 0 4;u-boot part 0 5;u-boot-spl-os part 0 6;kernel part 0 8;rootfs part 0 9
dfu_alt_info_ram=kernel ram 0x80200000 0xD80000;fdt ram 0x80F80000 0x80000;ramdisk ram 0x81000000 0x4000000
dnsip=192.0.2.2
dnsip2=192.0.2.3
eth1addr=c8:a0:30:a1:b6:c2
ethact=cpsw
ethaddr=c8:a0:30:a1:b6:c0
fdt_addr_r=0x88000000
fdtaddr=0x88000000
fdtfile=undefined
fileaddr=88000000
filesize=884c
findfdt=if test $board_name = A335BONE; then setenv fdtfile am335x-bone.dtb; fi; if test $board_name = A335BNLT; then setenv fdtfile am335x-boneblack.dtb; fi; if test $board_name = A33515BB; then setenv fdtfile am335x-evm.dtb; fi; if test $board_name = A335X_SK; then setenv fdtfile am335x-evmsk.dtb; fi; if test $fdtfile = undefined; then echo WARNING: Could not determine device tree to use; fi; 
gatewayip=192.168.0.1
importbootenv=echo Importing environment from mmc ...; env import -t -r $loadaddr $filesize
ipaddr=192.168.0.55
kernel_addr_r=0x82000000
loadaddr=0x82000000
loadbootenv=load mmc ${mmcdev} ${loadaddr} ${bootenv}
loadfdt=load mmc ${bootpart} ${fdtaddr} ${bootdir}/${fdtfile}
loadimage=load mmc ${bootpart} ${loadaddr} ${bootdir}/${bootfile}
loadramdisk=load mmc ${mmcdev} ${rdaddr} ramdisk.gz
mmcargs=setenv bootargs console=${console} ${optargs} root=${mmcroot} rootfstype=${mmcrootfstype}
mmcboot=mmc dev ${mmcdev}; if mmc rescan; then echo SD/MMC found on device ${mmcdev};if run loadbootenv; then echo Loaded environment from ${bootenv};run importbootenv;fi;if test -n $uenvcmd; then echo Running uenvcmd ...;run uenvcmd;fi;if run loadimage; then run mmcloados;fi;fi;
mmcdev=0
mmcloados=run mmcargs; if test ${boot_fdt} = yes || test ${boot_fdt} = try; then if run loadfdt; then bootz ${loadaddr} - ${fdtaddr}; else if test ${boot_fdt} = try; then bootz; else echo WARN: Cannot load the DT; fi; fi; else bootz; fi;
mmcroot=/dev/mmcblk0p2 ro
mmcrootfstype=ext4 rootwait
mtdids=nand0=nand.0
mtdparts=mtdparts=nand.0:128k(NAND.SPL),128k(NAND.SPL.backup1),128k(NAND.SPL.backup2),128k(NAND.SPL.backup3),256k(NAND.u-boot-spl-os),1m(NAND.u-boot),128k(NAND.u-boot-env),128k(NAND.u-boot-env.backup1),8m(NAND.kernel),-(NAND.file-system)
nandargs=setenv bootargs console=${console} ${optargs} root=${nandroot} rootfstype=${nandrootfstype}
nandboot=echo Booting from nand ...; run nandargs; nand read ${fdtaddr} NAND.u-boot-spl-os; nand read ${loadaddr} NAND.kernel; bootz ${loadaddr} - ${fdtaddr}
nandroot=ubi0:rootfs rw ubi.mtd=NAND.file-system,2048
nandrootfstype=ubifs rootwait=1
netargs=setenv bootargs console=${console} ${optargs} root=/dev/nfs nfsroot=${serverip}:${rootpath},${nfsopts} rw ip=dhcp
netboot=echo Booting from network ...; setenv autoload no; dhcp; tftp ${loadaddr} ${bootfile}; tftp ${fdtaddr} ${fdtfile}; run netargs; bootz ${loadaddr} - ${fdtaddr}
netmask=255.255.255.0
nfsopts=nolock
partitions=uuid_disk=${uuid_gpt_disk};name=rootfs,start=2MiB,size=-,uuid=${uuid_gpt_rootfs}
ramargs=setenv bootargs console=${console} ${optargs} root=${ramroot} rootfstype=${ramrootfstype}
ramboot=echo Booting from ramdisk ...; run ramargs; bootz ${loadaddr} ${rdaddr} ${fdtaddr}
ramdisk_addr_r=0x88080000
ramroot=/dev/ram0 rw
ramrootfstype=ext2
rdaddr=0x88080000
rootpath=/export/rootfs
serverip=192.168.0.1
soc=am33xx
spiargs=setenv bootargs console=${console} ${optargs} root=${spiroot} rootfstype=${spirootfstype}
spiboot=echo Booting from spi ...; run spiargs; sf probe ${spibusno}:0; sf read ${loadaddr} ${spisrcaddr} ${spiimgsize}; bootz ${loadaddr}
spibusno=0
spiimgsize=0x362000
spiroot=/dev/mtdblock4 rw
spirootfstype=jffs2
spisrcaddr=0xe0000
static_ip=${ipaddr}:${serverip}:${gatewayip}:${netmask}:${hostname}::off
stderr=serial
stdin=serial
stdout=serial
usbnet_devaddr=c8:a0:30:a1:b6:c2
vendor=ti
ver=U-Boot 2014.07-00071-gaca0808 (Oct 02 2014 - 11:22:57)
Environment size: 4623/131068 bytes
U-Boot# 
- 06:34:30 [INFO] Host: setenv bootargs ''${bootargs}' root=PARTUUID=00000000-02 rw rootfstype=ext4 rootwait '
- 06:34:31 [INFO] Target: 
setenv bootargs ''${bootargs}' root=PARTUUID=00000000-02 rw rootfstype=ext4 rootwait '
U-Boot# 
- 06:34:31 [INFO] Host: printenv
- 06:34:31 [INFO] Target: 
printenv
arch=arm
autoload=no
baudrate=115200
board=am335x
board_name=A33515BB
board_rev=1.5B
boot_fdt=try
bootargs=console=ttyO0,115200n8 earlyprintk rootwait   ip=dhcp  root=PARTUUID=00000000-02 rw rootfstype=ext4 rootwait 
bootcmd=
bootcount=1
bootdelay=1
bootdir=/boot
bootenv=uEnv.txt
bootfile=zImage
bootm_size=0x10000000
bootpart=0:2
console=ttyO0,115200n8
cpu=armv7
dfu_alt_info_emmc=rawemmc mmc 0 3751936
dfu_alt_info_mmc=boot part 0 1;rootfs part 0 2;MLO fat 0 1;MLO.raw mmc 0x100 0x100;u-boot.img.raw mmc 0x300 0x400;spl-os-args.raw mmc 0x80 0x80;spl-os-image.raw mmc 0x900 0x2000;spl-os-args fat 0 1;spl-os-image fat 0 1;u-boot.img fat 0 1;uEnv.txt fat 0 1
dfu_alt_info_nand=SPL part 0 1;SPL.backup1 part 0 2;SPL.backup2 part 0 3;SPL.backup3 part 0 4;u-boot part 0 5;u-boot-spl-os part 0 6;kernel part 0 8;rootfs part 0 9
dfu_alt_info_ram=kernel ram 0x80200000 0xD80000;fdt ram 0x80F80000 0x80000;ramdisk ram 0x81000000 0x4000000
dnsip=192.0.2.2
dnsip2=192.0.2.3
eth1addr=c8:a0:30:a1:b6:c2
ethact=cpsw
ethaddr=c8:a0:30:a1:b6:c0
fdt_addr_r=0x88000000
fdtaddr=0x88000000
fdtfile=undefined
fileaddr=88000000
filesize=884c
findfdt=if test $board_name = A335BONE; then setenv fdtfile am335x-bone.dtb; fi; if test $board_name = A335BNLT; then setenv fdtfile am335x-boneblack.dtb; fi; if test $board_name = A33515BB; then setenv fdtfile am335x-evm.dtb; fi; if test $board_name = A335X_SK; then setenv fdtfile am335x-evmsk.dtb; fi; if test $fdtfile = undefined; then echo WARNING: Could not determine device tree to use; fi; 
gatewayip=192.168.0.1
importbootenv=echo Importing environment from mmc ...; env import -t -r $loadaddr $filesize
ipaddr=192.168.0.55
kernel_addr_r=0x82000000
loadaddr=0x82000000
loadbootenv=load mmc ${mmcdev} ${loadaddr} ${bootenv}
loadfdt=load mmc ${bootpart} ${fdtaddr} ${bootdir}/${fdtfile}
loadimage=load mmc ${bootpart} ${loadaddr} ${bootdir}/${bootfile}
loadramdisk=load mmc ${mmcdev} ${rdaddr} ramdisk.gz
mmcargs=setenv bootargs console=${console} ${optargs} root=${mmcroot} rootfstype=${mmcrootfstype}
mmcboot=mmc dev ${mmcdev}; if mmc rescan; then echo SD/MMC found on device ${mmcdev};if run loadbootenv; then echo Loaded environment from ${bootenv};run importbootenv;fi;if test -n $uenvcmd; then echo Running uenvcmd ...;run uenvcmd;fi;if run loadimage; then run mmcloados;fi;fi;
mmcdev=0
mmcloados=run mmcargs; if test ${boot_fdt} = yes || test ${boot_fdt} = try; then if run loadfdt; then bootz ${loadaddr} - ${fdtaddr}; else if test ${boot_fdt} = try; then bootz; else echo WARN: Cannot load the DT; fi; fi; else bootz; fi;
mmcroot=/dev/mmcblk0p2 ro
mmcrootfstype=ext4 rootwait
mtdids=nand0=nand.0
mtdparts=mtdparts=nand.0:128k(NAND.SPL),128k(NAND.SPL.backup1),128k(NAND.SPL.backup2),128k(NAND.SPL.backup3),256k(NAND.u-boot-spl-os),1m(NAND.u-boot),128k(NAND.u-boot-env),128k(NAND.u-boot-env.backup1),8m(NAND.kernel),-(NAND.file-system)
nandargs=setenv bootargs console=${console} ${optargs} root=${nandroot} rootfstype=${nandrootfstype}
nandboot=echo Booting from nand ...; run nandargs; nand read ${fdtaddr} NAND.u-boot-spl-os; nand read ${loadaddr} NAND.kernel; bootz ${loadaddr} - ${fdtaddr}
nandroot=ubi0:rootfs rw ubi.mtd=NAND.file-system,2048
nandrootfstype=ubifs rootwait=1
netargs=setenv bootargs console=${console} ${optargs} root=/dev/nfs nfsroot=${serverip}:${rootpath},${nfsopts} rw ip=dhcp
netboot=echo Booting from network ...; setenv autoload no; dhcp; tftp ${loadaddr} ${bootfile}; tftp ${fdtaddr} ${fdtfile}; run netargs; bootz ${loadaddr} - ${fdtaddr}
netmask=255.255.255.0
nfsopts=nolock
partitions=uuid_disk=${uuid_gpt_disk};name=rootfs,start=2MiB,size=-,uuid=${uuid_gpt_rootfs}
ramargs=setenv bootargs console=${console} ${optargs} root=${ramroot} rootfstype=${ramrootfstype}
ramboot=echo Booting from ramdisk ...; run ramargs; bootz ${loadaddr} ${rdaddr} ${fdtaddr}
ramdisk_addr_r=0x88080000
ramroot=/dev/ram0 rw
ramrootfstype=ext2
rdaddr=0x88080000
rootpath=/export/rootfs
serverip=192.168.0.1
soc=am33xx
spiargs=setenv bootargs console=${console} ${optargs} root=${spiroot} rootfstype=${spirootfstype}
spiboot=echo Booting from spi ...; run spiargs; sf probe ${spibusno}:0; sf read ${loadaddr} ${spisrcaddr} ${spiimgsize}; bootz ${loadaddr}
spibusno=0
spiimgsize=0x362000
spiroot=/dev/mtdblock4 rw
spirootfstype=jffs2
spisrcaddr=0xe0000
static_ip=${ipaddr}:${serverip}:${gatewayip}:${netmask}:${hostname}::off
stderr=serial
stdin=serial
stdout=serial
usbnet_devaddr=c8:a0:30:a1:b6:c2
vendor=ti
ver=U-Boot 2014.07-00071-gaca0808 (Oct 02 2014 - 11:22:57)
Environment size: 4678/131068 bytes
U-Boot# 
- 06:34:31 [INFO] Host: setenv bootcmd ''${bootcmd}' if iminfo ${loadaddr}; then bootm ${loadaddr} - ${fdt_addr_r}; else bootz ${loadaddr} - ${fdt_addr_r}; bootm ${loadaddr} - ${fdt_addr_r}; fi'
- 06:34:32 [INFO] Target: 
setenv bootcmd ''${bootcmd}' if iminfo ${loadaddr}; then bootm ${loadaddr} - ${fdt_addr_r}; else bootz ${loadaddr} - ${fdt_addr_r}; bootm ${loadaddr} - ${fdt_addr_r}; fi'
U-Boot# 
- 06:34:32 [INFO] Host: bdinfo
- 06:34:32 [INFO] Target: 
bdinfo
arch_number = 0x00000E05
boot_params = 0x80000100
DRAM bank   = 0x00000000
-> start    = 0x80000000
-> size     = 0x40000000
eth0name    = cpsw
ethaddr     = c8:a0:30:a1:b6:c0
eth1name    = usb_ether
eth1addr    = c8:a0:30:a1:b6:c2
current eth = cpsw
ip_addr     = 192.168.0.55
baudrate    = 115200 bps
TLB addr    = 0xBFFF0000
relocaddr   = 0xBF741000
reloc off   = 0x3EF41000
irq_sp      = 0xBE720EE0
sp start    = 0xBE720ED0
U-Boot# 
- 06:34:32 [INFO] Host: boot
- 06:35:04 [INFO] Target: 
boot
## Checking Image at 82000000 ...
Unknown image format!
Kernel image @ 0x82000000 [ 0x000000 - 0x485870 ]
## Flattened Device Tree blob at 88000000
   Booting using the fdt blob at 0x88000000
   Loading Device Tree to 8fff4000, end 8ffff84b ... OK
Starting kernel ...
[    0.000000] Booting Linux on physical CPU 0x0
[    0.000000] Initializing cgroup subsys cpuset
[    0.000000] Initializing cgroup subsys cpu
[    0.000000] Initializing cgroup subsys cpuacct
[    0.000000] Linux version 3.17.0-rc7-next-20141003-00002-gf08e3bd (nmenon@kahuna) (gcc version 4.6.3 (Ubuntu/Linaro 4.6.3-1ubuntu5) ) #1 SMP Mon Oct 6 05:31:19 CDT 2014
[    0.000000] CPU: ARMv7 Processor [413fc082] revision 2 (ARMv7), cr=10c5387d
[    0.000000] CPU: PIPT / VIPT nonaliasing data cache, VIPT aliasing instruction cache
[    0.000000] Machine model: TI AM335x EVM
[    0.000000] cma: Reserved 16 MiB at be800000
[    0.000000] Memory policy: Data cache writeback
[    0.000000] CPU: All CPU(s) started in SVC mode.
[    0.000000] AM335X ES2.1 (sgx neon )
[    0.000000] PERCPU: Embedded 11 pages/cpu @eefbe000 s14912 r8192 d21952 u45056
[    0.000000] Built 1 zonelists in Zone order, mobility grouping on.  Total pages: 260368
[    0.000000] Kernel command line: console=ttyO0,115200n8 earlyprintk rootwait   ip=dhcp  root=PARTUUID=00000000-02 rw rootfstype=ext4 rootwait 
[    0.000000] PID hash table entries: 4096 (order: 2, 16384 bytes)
[    0.000000] Dentry cache hash table entries: 131072 (order: 7, 524288 bytes)
[    0.000000] Inode-cache hash table entries: 65536 (order: 6, 262144 bytes)
[    0.000000] allocated 2095104 bytes of page_cgroup
[    0.000000] please try 'cgroup_disable=memory' option if you don't want memory cgroups
[    0.000000] Memory: 1001876K/1047552K available (6269K kernel code, 684K rwdata, 2320K rodata, 410K init, 8264K bss, 45676K reserved, 252928K highmem)
[    0.000000] Virtual kernel memory layout:
[    0.000000]     vector  : 0xffff0000 - 0xffff1000   (   4 kB)
[    0.000000]     fixmap  : 0xffc00000 - 0xffe00000   (2048 kB)
[    0.000000]     vmalloc : 0xf0000000 - 0xff000000   ( 240 MB)
[    0.000000]     lowmem  : 0xc0000000 - 0xef800000   ( 760 MB)
[    0.000000]     pkmap   : 0xbfe00000 - 0xc0000000   (   2 MB)
[    0.000000]     modules : 0xbf000000 - 0xbfe00000   (  14 MB)
[    0.000000]       .text : 0xc0008000 - 0xc086b8ec   (8591 kB)
[    0.000000]       .init : 0xc086c000 - 0xc08d2a40   ( 411 kB)
[    0.000000]       .data : 0xc08d4000 - 0xc097f2f8   ( 685 kB)
[    0.000000]        .bss : 0xc097f2f8 - 0xc11915e8   (8265 kB)
[    0.000000] Hierarchical RCU implementation.
[    0.000000] 	RCU restricting CPUs from NR_CPUS=2 to nr_cpu_ids=1.
[    0.000000] RCU: Adjusting geometry for rcu_fanout_leaf=16, nr_cpu_ids=1
[    0.000000] NR_IRQS:16 nr_irqs:16 16
[    0.000000] IRQ: Found an INTC at 0xfa200000 (revision 5.0) with 128 interrupts
[    0.000000] OMAP clockevent source: timer2 at 24000000 Hz
[    0.000015] sched_clock: 32 bits at 24MHz, resolution 41ns, wraps every 178956969942ns
[    0.000071] OMAP clocksource: timer1 at 24000000 Hz
[    0.000869] Console: colour dummy device 80x30
[    0.000921] Lock dependency validator: Copyright (c) 2006 Red Hat, Inc., Ingo Molnar
[    0.000930] ... MAX_LOCKDEP_SUBCLASSES:  8
[    0.000938] ... MAX_LOCK_DEPTH:          48
[    0.000945] ... MAX_LOCKDEP_KEYS:        8191
[    0.000952] ... CLASSHASH_SIZE:          4096
[    0.000960] ... MAX_LOCKDEP_ENTRIES:     32768
[    0.000967] ... MAX_LOCKDEP_CHAINS:      65536
[    0.000974] ... CHAINHASH_SIZE:          32768
[    0.000981]  memory used by lock dependency info: 5167 kB
[    0.000989]  per task-struct memory footprint: 1152 bytes
[    0.001021] Calibrating delay loop... 996.14 BogoMIPS (lpj=4980736)
[    0.078946] pid_max: default: 32768 minimum: 301
[    0.079320] Security Framework initialized
[    0.079490] Mount-cache hash table entries: 2048 (order: 1, 8192 bytes)
[    0.079506] Mountpoint-cache hash table entries: 2048 (order: 1, 8192 bytes)
[    0.082073] Initializing cgroup subsys memory
[    0.082158] Initializing cgroup subsys devices
[    0.082242] Initializing cgroup subsys freezer
[    0.082325] Initializing cgroup subsys blkio
[    0.082398] Initializing cgroup subsys perf_event
[    0.082475] CPU: Testing write buffer coherency: ok
[    0.083742] CPU0: thread -1, cpu 0, socket -1, mpidr 0
[    0.083868] Setting up static identity map for 0x805f1558 - 0x805f15c8
[    0.087436] Brought up 1 CPUs
[    0.087455] SMP: Total of 1 processors activated.
[    0.087466] CPU: All CPU(s) started in SVC mode.
[    0.090598] devtmpfs: initialized
[    0.092788] VFP support v0.3: implementor 41 architecture 3 part 30 variant c rev 3
[    0.130047] omap_hwmod: tptc0 using broken dt data from edma
[    0.130420] omap_hwmod: tptc1 using broken dt data from edma
[    0.130769] omap_hwmod: tptc2 using broken dt data from edma
[    0.138857] omap_hwmod: debugss: _wait_target_disable failed
[    0.197392] pinctrl core: initialized pinctrl subsystem
[    0.200170] regulator-dummy: no parameters
[    0.231268] NET: Registered protocol family 16
[    0.236373] DMA: preallocated 256 KiB pool for atomic coherent allocations
[    0.238520] cpuidle: using governor ladder
[    0.238548] cpuidle: using governor menu
[    0.246381] OMAP GPIO hardware version 0.1
[    0.262990] omap-gpmc 50000000.gpmc: could not find pctldev for node /pinmux@44e10800/nandflash_pins_s0, deferring probe
[    0.263033] platform 50000000.gpmc: Driver omap-gpmc requests probe deferral
[    0.267750] No ATAGs?
[    0.267786] hw-breakpoint: debug architecture 0x4 unsupported.
[    0.308206] edma-dma-engine edma-dma-engine.0: TI EDMA DMA engine driver
[    0.309641] vbat: 5000 mV 
[    0.310416] lis3_reg: no parameters
[    0.313522] SCSI subsystem initialized
[    0.314273] usbcore: registered new interface driver usbfs
[    0.314437] usbcore: registered new interface driver hub
[    0.314569] usbcore: registered new device driver usb
[    0.315324] omap_i2c 44e0b000.i2c: could not find pctldev for node /pinmux@44e10800/pinmux_i2c0_pins, deferring probe
[    0.315358] platform 44e0b000.i2c: Driver omap_i2c requests probe deferral
[    0.315415] omap_i2c 4802a000.i2c: could not find pctldev for node /pinmux@44e10800/pinmux_i2c1_pins, deferring probe
[    0.315440] platform 4802a000.i2c: Driver omap_i2c requests probe deferral
[    0.319621] Switched to clocksource timer1
[    0.457555] NET: Registered protocol family 2
[    0.459332] TCP established hash table entries: 8192 (order: 3, 32768 bytes)
[    0.459709] TCP bind hash table entries: 8192 (order: 6, 294912 bytes)
[    0.462351] TCP: Hash tables configured (established 8192 bind 8192)
[    0.462608] TCP: reno registered
[    0.462639] UDP hash table entries: 512 (order: 3, 40960 bytes)
[    0.463000] UDP-Lite hash table entries: 512 (order: 3, 40960 bytes)
[    0.464282] NET: Registered protocol family 1
[    0.465830] RPC: Registered named UNIX socket transport module.
[    0.465854] RPC: Registered udp transport module.
[    0.465864] RPC: Registered tcp transport module.
[    0.465873] RPC: Registered tcp NFSv4.1 backchannel transport module.
[    0.467258] hw perfevents: enabled with armv7_cortex_a8 PMU driver, 5 counters available
[    0.471748] futex hash table entries: 256 (order: 2, 16384 bytes)
[    0.471949] audit: initializing netlink subsys (disabled)
[    0.472144] audit: type=2000 audit(0.470:1): initialized
[    0.476854] VFS: Disk quotas dquot_6.5.2
[    0.477026] Dquot-cache hash table entries: 1024 (order 0, 4096 bytes)
[    0.479267] NFS: Registering the id_resolver key type
[    0.479833] Key type id_resolver registered
[    0.479851] Key type id_legacy registered
[    0.480050] jffs2: version 2.2. (NAND) (SUMMARY)   2001-2006 Red Hat, Inc.
[    0.481931] msgmni has been set to 1462
[    0.485675] bounce: pool size: 64 pages
[    0.485817] io scheduler noop registered
[    0.485841] io scheduler deadline registered
[    0.485952] io scheduler cfq registered (default)
[    0.488215] pinctrl-single 44e10800.pinmux: 142 pins at pa f9e10800 size 568
[    0.491951] Serial: 8250/16550 driver, 4 ports, IRQ sharing enabled
[    0.497551] omap_uart 44e09000.serial: no wakeirq for uart0
[    0.498144] omap_uart 44e09000.serial: ttyO0 at MMIO 0x44e09000 (irq = 154, base_baud = 3000000) is a OMAP UART0
[    1.249333] console [ttyO0] enabled
[    1.256876] omap_rng 48310000.rng: OMAP Random Number Generator ver. 20
[    1.284698] brd: module loaded
[    1.300403] loop: module loaded
[    1.306540] mtdoops: mtd device (mtddev=name/number) must be supplied
[    1.316192] usbcore: registered new interface driver asix
[    1.322058] usbcore: registered new interface driver ax88179_178a
[    1.328531] usbcore: registered new interface driver cdc_ether
[    1.334817] usbcore: registered new interface driver smsc95xx
[    1.340954] usbcore: registered new interface driver net1080
[    1.346970] usbcore: registered new interface driver cdc_subset
[    1.353283] usbcore: registered new interface driver zaurus
[    1.359320] usbcore: registered new interface driver cdc_ncm
[    1.366345] usbcore: registered new interface driver cdc_wdm
[    1.372513] usbcore: registered new interface driver usb-storage
[    1.378962] usbcore: registered new interface driver usbtest
[    1.386936] mousedev: PS/2 mouse device common for all mice
[    1.396254] omap_rtc 44e3e000.rtc: rtc core: registered 44e3e000.rtc as rtc0
[    1.404621] i2c /dev entries driver
[    1.408349] Driver for 1-wire Dallas network protocol.
[    1.416773] omap_wdt: OMAP Watchdog Timer Rev 0x01: initial timeout 60 sec
[    1.427110] omap_hsmmc 48060000.mmc: unable to get vmmc regulator -517
[    1.434553] platform 48060000.mmc: Driver omap_hsmmc requests probe deferral
[    1.442658] ledtrig-cpu: registered to indicate activity on CPUs
[    1.449516] usbcore: registered new interface driver usbhid
[    1.455340] usbhid: USB HID core driver
[    1.460670] oprofile: using arm/armv7
[    1.465174] TCP: cubic registered
[    1.468682] Initializing XFRM netlink socket
[    1.473613] NET: Registered protocol family 10
[    1.481179] sit: IPv6 over IPv4 tunneling driver
[    1.488199] NET: Registered protocol family 17
[    1.493112] NET: Registered protocol family 15
[    1.498103] Key type dns_resolver registered
[    1.502898] omap_voltage_late_init: Voltage driver support not added
[    1.509592] sr_dev_init: No voltage domain specified for smartreflex0. Cannot initialize
[    1.518042] sr_dev_init: No voltage domain specified for smartreflex1. Cannot initialize
[    1.527210] platform cpufreq-cpu0.0: Driver cpufreq-cpu0 requests probe deferral
[    1.535687] ThumbEE CPU extension supported.
[    1.540271] Registering SWP/SWPB emulation handler
[    1.545292] SmartReflex Class3 initialized
[    1.554701] omap-gpmc 50000000.gpmc: GPMC revision 6.0
[    1.561994] nand: device found, Manufacturer ID: 0x2c, Chip ID: 0xda
[    1.568641] nand: Micron MT29F2G08ABAEAWP
[    1.572910] nand: 256MiB, SLC, page size: 2048, OOB size: 64
[    1.578827] omap2-nand omap2-nand.0: CONFIG_MTD_NAND_OMAP_BCH not enabled
[    1.586025] omap2-nand: probe of omap2-nand.0 failed with error -22
[    1.600589] tps65910 0-002d: No interrupt support, no core IRQ
[    1.614241] vrtc: 1800 mV 
[    1.617632] vrtc: supplied by vbat
[    1.624650] vio: at 1500 mV 
[    1.627888] vio: supplied by vbat
[    1.634407] vdd_mpu: 912 <--> 1312 mV at 1325 mV 
[    1.639644] vdd_mpu: supplied by vbat
[    1.646554] vdd_core: 912 <--> 1150 mV at 1137 mV 
[    1.651803] vdd_core: supplied by vbat
[    1.658454] vdd3: 5000 mV 
[    1.663692] vdig1: at 1800 mV 
[    1.667089] vdig1: supplied by vbat
[    1.673302] vdig2: at 1800 mV 
[    1.676688] vdig2: supplied by vbat
[    1.682897] vpll: at 1800 mV 
[    1.686192] vpll: supplied by vbat
[    1.692353] vdac: at 1800 mV 
[    1.695642] vdac: supplied by vbat
[    1.701737] vaux1: at 1800 mV 
[    1.705116] vaux1: supplied by vbat
[    1.711291] vaux2: at 3300 mV 
[    1.714673] vaux2: supplied by vbat
[    1.720869] vaux33: at 3300 mV 
[    1.724342] vaux33: supplied by vbat
[    1.730638] vmmc: 1800 <--> 3300 mV at 3300 mV 
[    1.735561] vmmc: supplied by vbat
[    1.741376] vbb: at 3000 mV 
[    1.744829] vbb: supplied by vbat
[    1.750064] omap_i2c 44e0b000.i2c: bus 0 rev0.11 at 400 kHz
[    1.763029] omap_i2c 4802a000.i2c: bus 1 rev0.11 at 100 kHz
[    1.812692] cpufreq: __cpufreq_add_dev: CPU0: Running at unlisted freq: 1000000 KHz
[    1.822860] cpufreq: __cpufreq_add_dev: CPU0: Unlisted initial frequency changed to: 720000 KHz
[    1.887731] mmc0: host does not support reading read-only switch, assuming write-enable
[    1.898655] mmc0: new high speed SDHC card at address 0007
[    1.907007] davinci_mdio 4a101000.mdio: davinci mdio revision 1.6
[    1.913527] davinci_mdio 4a101000.mdio: detected phy mask fffffffe
[    1.921299] mmcblk0: mmc0:0007 SD4GB 3.70 GiB 
[    1.934019] libphy: 4a101000.mdio: probed
[    1.938241] davinci_mdio 4a101000.mdio: phy[0]: device 4a101000.mdio:00, driver Atheros 8031 ethernet
[    1.949724] cpsw 4a100000.ethernet: Detected MACID = c8:a0:30:a1:b6:c0
[    1.963114] input: volume_keys@0 as /devices/volume_keys@0/input/input0
[    1.971940]  mmcblk0: p1 p2 p3
[    1.977495] omap_rtc 44e3e000.rtc: setting system clock to 2000-01-01 00:00:01 UTC (946684801)
[    1.986726] sr_init: No PMIC hook to init smartreflex
[    1.992456] sr_init: platform driver register failed for SR
[    2.027791] net eth0: initializing cpsw version 1.12 (0)
[    2.110336] net eth0: phy found : id is : 0x4dd074
[    2.115588] libphy: PHY 4a101000.mdio:01 not found
[    2.120662] net eth0: phy 4a101000.mdio:01 not found on slave 1
[    2.133963] IPv6: ADDRCONF(NETDEV_UP): eth0: link is not ready
[    6.110760] cpsw 4a100000.ethernet eth0: Link is Up - 1Gbps/Full - flow control rx/tx
[    6.120482] IPv6: ADDRCONF(NETDEV_CHANGE): eth0: link becomes ready
[    6.139702] Sending DHCP requests ., OK
[    6.190597] IP-Config: Got DHCP answer from 192.168.0.1, my address is 192.168.0.55
[    6.200166] IP-Config: Complete:
[    6.203648]      device=eth0, hwaddr=c8:a0:30:a1:b6:c0, ipaddr=192.168.0.55, mask=255.255.255.0, gw=192.168.0.1
[    6.214440]      host=192.168.0.55, domain=ti.com, nis-domain=(none)
[    6.221256]      bootserver=192.168.0.1, rootserver=192.168.0.1, rootpath=
[    6.228368]      nameserver0=192.0.2.2, nameserver1=192.0.2.3
[    6.237835] lis3_reg: disabling
[    6.750348] EXT4-fs (mmcblk0p2): mounted filesystem with ordered data mode. Opts: (null)
[    6.759352] VFS: Mounted root (ext4 filesystem) on device 179:2.
[    6.780498] devtmpfs: mounted
[    6.785826] Freeing unused kernel memory: 408K (c086c000 - c08d2000)
INIT: version 2.88 booting
Error opening /dev/fb0: No such file or directory
Starting udev
[    8.222066] udevd[82]: starting version 182
[   12.223457] random: nonblocking pool is initialized
[   15.822269] EXT4-fs (mmcblk0p3): warning: mounting unchecked fs, running e2fsck is recommended
[   15.869204] EXT4-fs (mmcblk0p3): mounted filesystem without journal. Opts: (null)
[   15.896896] FAT-fs (mmcblk0p1): Volume was not properly unmounted. Some data may be corrupt. Please run fsck.
Starting Bootlog daemon: bootlogd: cannot allocate pseudo tty: No such file or directory
bootlogd.
[   16.658963] EXT4-fs (mmcblk0p2): re-mounted. Opts: data=ordered
ALSA: Restoring mixer settings...
/usr/sbin/alsactl: load_state:1696: No soundcards found...
Configuring network interfaces... udhcpc (v1.20.2) started
Sending discover...
Sending select for 192.168.0.112...
Lease of 192.168.0.112 obtained, lease time 7200
/etc/udhcpc.d/50default: Adding DNS 192.0.2.2
/etc/udhcpc.d/50default: Adding DNS 192.0.2.3
done.
Sun Dec 29 12:17:00 UTC 2013
INIT: Entering runlevel: 5
Starting system message bus: dbus.
Starting Dropbear SSH server: dropbear.
Starting telnet daemon.
Starting syslogd/klogd: done
Starting thttpd.
Starting Lighttpd Web Server: lighttpd.
2013-12-29 12:17:00: (log.c.166) server started 
/etc/rc5.d/S96am335x-pm-firmware-load: line 4: /sys/devices/ocp.2/44d00000.wkup_m3/firmware/am335x-pm-firmware.bin/loading: No such file or directory
/etc/rc5.d/S96am335x-pm-firmware-load: line 5: /sys/devices/ocp.2/44d00000.wkup_m3/firmware/am335x-pm-firmware.bin/data: No such file or directory
/etc/rc5.d/S96am335x-pm-firmware-load: line 6: /sys/devices/ocp.2/44d00000.wkup_m3/firmware/am335x-pm-firmware.bin/loading: No such file or directory
Starting Matrix GUI application.
***************************************************************
***************************************************************
NOTICE: This file system contains the followin GPLv3 packages:
	binutils-symlinks
	binutils
	gdbserver
If you do not wish to distribute GPLv3 components please remove
the above packages prior to distribution.  This can be done using
the opkg remove command.  i.e.:
    opkg remove <package>
Where <package> is the name printed in the list above
NOTE: If the package is a dependency of another package you
      will be notified of the dependent packages.  You should
      use the --force-removal-of-dependent-packages option to
      also remove the dependent packages as well
***************************************************************
***************************************************************
Stopping Bootlog daemon: bootlogd.
 _____                    _____           _         _   
|  _  |___ ___ ___ ___   |  _  |___ ___  |_|___ ___| |_ 
|     |  _| .'| . | . |  |   __|  _| . | | | -_|  _|  _|
|__|__|_| |__,|_  |___|  |__|  |_| |___|_| |___|___|_|  
              |___|                    |___|            
Arago Project http://arago-project.org am335x-evm ttyO0
Arago 2013.10 am335x-evm ttyO0
am335x-evm login: 
- 06:35:04 [INFO] Host: root
- 06:35:05 [INFO] Target: 
root
root@am335x-evm:~# 
- 06:35:05 [INFO] Host: uname -a
- 06:35:05 [INFO] Target: 
uname -a
Linux am335x-evm 3.17.0-rc7-next-20141003-00002-gf08e3bd #1 SMP Mon Oct 6 05:31:19 CDT 2014 armv7l GNU/Linux
root@am335x-evm:~# 
- 06:35:05 [INFO] Host: cat /proc/cmdline
- 06:35:06 [INFO] Target: 
cat /proc/cmdline
console=ttyO0,115200n8 earlyprintk rootwait   ip=dhcp  root=PARTUUID=00000000-02 rw rootfstype=ext4 rootwait 
root@am335x-evm:~# 
- 06:35:06 [INFO] Host: uname -a
- 06:35:06 [INFO] Target: 
uname -a
Linux am335x-evm 3.17.0-rc7-next-20141003-00002-gf08e3bd #1 SMP Mon Oct 6 05:31:19 CDT 2014 armv7l GNU/Linux
root@am335x-evm:~# 
- 06:35:06 [INFO] Host: cat /proc/mtd
- 06:35:07 [INFO] Target: 
cat /proc/mtd
dev:    size   erasesize  name
root@am335x-evm:~# 
- 06:35:15 [INFO] Host: export IPERFHOST=192.168.0.1
- 06:35:15 [INFO] Target: 
export IPERFHOST=192.168.0.1
root@am335x-evm:~# 
- 06:35:15 [INFO] Host: export NFS_SERVER=192.168.0.1
- 06:35:16 [INFO] Target: 
export NFS_SERVER=192.168.0.1
root@am335x-evm:~# 
- 06:35:16 [INFO] Host: export NFS_ROOT_PATH=/home/tigtfarm02/NFS_exports/am335x-evm
- 06:35:16 [INFO] Target: 
export NFS_ROOT_PATH=/home/tigtfarm02/NFS_exports/am335x-evm
root@am335x-evm:~# 
- 06:35:16 [INFO] Host: mkdir -p -m 777 /test
- 06:35:17 [INFO] Target: 
mkdir -p -m 777 /test
root@am335x-evm:~# 
- 06:35:17 [INFO] Host: cd /test
- 06:35:17 [INFO] Target: 
cd /test
root@am335x-evm:/test# 
- 06:35:17 [INFO] Host: cat > test.sh << EOF
- 06:35:18 [INFO] Target: 
cat > test.sh << EOF
- 06:35:18 [INFO] Host: failtest() {
- 06:35:18 [INFO] Target: 
failtest() {
- 06:35:18 [INFO] Host:   echo 1 >&3
- 06:35:19 [INFO] Target: 
  echo 1 >&3
- 06:35:19 [INFO] Host: }
- 06:35:19 [INFO] Target: 
- 06:35:19 [INFO] Host: timeout=600
- 06:35:20 [INFO] Target: 
timeout=600
- 06:35:20 [INFO] Host: 
- 06:35:20 [INFO] Target: 
- 06:35:20 [INFO] Host: # Start of user's script logic
- 06:35:21 [INFO] Target: 
# Start of user's script logic
- 06:35:21 [INFO] Host: 
- 06:35:21 [INFO] Target: 
- 06:35:21 [INFO] Host: 
- 06:35:22 [INFO] Target: 
- 06:35:22 [INFO] Host: mount -t proc proc /proc 2>/dev/null;
- 06:35:22 [INFO] Target: 
mount -t proc proc /proc 2>/dev/null;
- 06:35:22 [INFO] Host: 
- 06:35:23 [INFO] Target: 
- 06:35:23 [INFO] Host: mount -t sysfs sys /sys 2>/dev/null;
- 06:35:23 [INFO] Target: 
mount -t sysfs sys /sys 2>/dev/null;
- 06:35:23 [INFO] Host: 
- 06:35:24 [INFO] Target: 
- 06:35:24 [INFO] Host: mount -t debugfs none /sys/kernel/debug 2>/dev/null;
- 06:35:24 [INFO] Target: 
mount -t debugfs none /sys/kernel/debug 2>/dev/null;
- 06:35:24 [INFO] Host: 
- 06:35:25 [INFO] Target: 
- 06:35:25 [INFO] Host: echo 'cpuinfo:';cat /proc/cpuinfo; echo '=======';
- 06:35:25 [INFO] Target: 
echo 'cpuinfo:';cat /proc/cpuinfo; echo '=======';
- 06:35:25 [INFO] Host: 
- 06:35:26 [INFO] Target: 
- 06:35:26 [INFO] Host: echo 'soc info:';head /sys/devices/soc0/* 2>/dev/null; echo '=======';
- 06:35:26 [INFO] Target: 
echo 'soc info:';head /sys/devices/soc0/* 2>/dev/null; echo '=======';
- 06:35:26 [INFO] Host: 
- 06:35:27 [INFO] Target: 
- 06:35:27 [INFO] Host: echo 'DT Model info'; head /proc/device-tree/name /proc/device-tree/model /proc/device-tree/compatible 2>/dev/null;echo; echo '=======';
- 06:35:27 [INFO] Target: 
echo 'DT Model info'; head /proc/device-tree/name /proc/device-tree/model /pro 
c/device-tree/compatible 2>/dev/null;echo; echo '=======';
- 06:35:27 [INFO] Host: 
- 06:35:28 [INFO] Target: 
- 06:35:28 [INFO] Host: echo 'interrupts:';cat /proc/interrupts; echo '=======';
- 06:35:28 [INFO] Target: 
echo 'interrupts:';cat /proc/interrupts; echo '=======';
- 06:35:28 [INFO] Host: 
- 06:35:29 [INFO] Target: 
- 06:35:29 [INFO] Host: echo 'Clk_summary:';cat /sys/kernel/debug/clk/clk_summary; echo '=======';
- 06:35:29 [INFO] Target: 
echo 'Clk_summary:';cat /sys/kernel/debug/clk/clk_summary; echo '=======';
- 06:35:29 [INFO] Host: 
- 06:35:30 [INFO] Target: 
- 06:35:30 [INFO] Host: echo 'Orphan Clks:';ls /sys/kernel/debug/clk/orphans/; echo '=======';
- 06:35:30 [INFO] Target: 
echo 'Orphan Clks:';ls /sys/kernel/debug/clk/orphans/; echo '=======';
- 06:35:30 [INFO] Host: 
- 06:35:31 [INFO] Target: 
- 06:35:31 [INFO] Host: echo "Available frequencies"; cat /sys/devices/system/cpu/cpu0/cpufreq/scaling_available_frequencies 2>/dev/null;echo '=======';
- 06:35:31 [INFO] Target: 
echo "Available frequencies"; cat /sys/devices/system/cpu/cpu0/cpufreq/scaling 
_available_frequencies 2>/dev/null;echo '=======';
- 06:35:31 [INFO] Host: 
- 06:35:32 [INFO] Target: 
- 06:35:32 [INFO] Host: echo 'H''ello World' 'B''oard Booted';
- 06:35:32 [INFO] Target: 
echo 'H''ello World' 'B''oard Booted';
- 06:35:32 [INFO] Host: 
- 06:35:33 [INFO] Target: 
- 06:35:33 [INFO] Host: EOF
- 06:35:33 [INFO] Target: 
root@am335x-evm:/test# 
- 06:35:33 [INFO] Host: cd /test
- 06:35:34 [INFO] Target: 
cd /test
root@am335x-evm:/test# 
- 06:35:34 [INFO] Host: chmod +x test.sh
- 06:35:34 [INFO] Target: 
chmod +x test.sh
root@am335x-evm:/test# 
- 06:35:34 [INFO] Host: ./test.sh 2> stderr.log > stdout.log 3> result.log
- 06:35:35 [INFO] Target: 
./test.sh 2> stderr.log > stdout.log 3> result.log
root@am335x-evm:/test# 
- 06:35:35 [INFO] Host: echo $?
- 06:35:35 [INFO] Target: 
echo $?
root@am335x-evm:/test# 
- 06:35:35 [INFO] Host: cd /test
- 06:35:36 [INFO] Target: 
cd /test
root@am335x-evm:/test# 
- 06:35:36 [INFO] Host: cat stdout.log
- 06:35:37 [INFO] Target: 
cat stdout.log
cpuinfo:
processor	: 0
model name	: ARMv7 Processor rev 2 (v7l)
Features	: half thumb fastmult vfp edsp thumbee neon vfpv3 tls vfpd32 
CPU implementer	: 0x41
CPU architecture: 7
CPU variant	: 0x3
CPU part	: 0xc08
CPU revision	: 2
Hardware	: Generic AM33XX (Flattened Device Tree)
Revision	: 0000
Serial		: 0000000000000000
=======
soc info:
==> /sys/devices/soc0/family <==
Unknown
==> /sys/devices/soc0/machine <==
AM335X
==> /sys/devices/soc0/power <==
==> /sys/devices/soc0/revision <==
ES2.1
==> /sys/devices/soc0/subsystem <==
==> /sys/devices/soc0/type <==
==> /sys/devices/soc0/uevent <==
=======
DT Model info
==> /proc/device-tree/name <==
==> /proc/device-tree/model <==
TI AM335x EVM
==> /proc/device-tree/compatible <==
ti,am335x-evmti,am33xx
=======
interrupts:
           CPU0       
 16:       3506      INTC  68  gp_timer
 19:       2793      INTC  12  edma
 21:         18      INTC  14  edma_error
 25:          0  44e07000.gpio   2  volume-up
 26:          0  44e07000.gpio   3  volume-down
 29:          0  44e07000.gpio   6  mmc0
154:       4309      INTC  72  OMAP UART0
155:        327      INTC  70  44e0b000.i2c
156:          0      INTC  71  4802a000.i2c
157:       8877      INTC  64  mmc0
165:          0      INTC  75  rtc0
166:          0      INTC  76  rtc0
167:          0      INTC  40  4a100000.ethernet
168:         28      INTC  41  4a100000.ethernet
169:         16      INTC  42  4a100000.ethernet
170:          0      INTC  43  4a100000.ethernet
174:          0      INTC 100  gpmc
179:          0      INTC 111  48310000.rng
IPI0:          0  CPU wakeup interrupts
IPI1:          0  Timer broadcast interrupts
IPI2:          0  Rescheduling interrupts
IPI3:          0  Function call interrupts
IPI4:          0  Single function call interrupts
IPI5:          0  CPU stop interrupts
IPI6:          0  IRQ work interrupts
IPI7:          0  completion interrupts
Err:          0
=======
Clk_summary:
   clock                         enable_cnt  prepare_cnt        rate   accuracy   phase
----------------------------------------------------------------------------------------
 tclkin_ck                                0            0    12000000          0 0  
 virt_26000000_ck                         0            0    26000000          0 0  
 virt_25000000_ck                         0            0    25000000          0 0  
 virt_24000000_ck                         1            1    24000000          0 0  
    sys_clkin_ck                          9           23    24000000          0 0  
       timer6_fck                         0            1    24000000          0 0  
       timer3_fck                         0            1    24000000          0 0  
       dbg_sysclk_ck                      0            1    24000000          0 0  
       timer7_fck                         0            1    24000000          0 0  
       timer5_fck                         0            1    24000000          0 0  
       timer4_fck                         0            1    24000000          0 0  
       timer2_fck                         1            1    24000000          0 0  
       timer1_fck                         1            1    24000000          0 0  
       cefuse_fck                         0            0    24000000          0 0  
       dpll_per_ck                        1            2   960000000          0 0  
          usbotg_fck                      0            1   960000000          0 0  
          dpll_per_m2_ck                  2            4   192000000          0 0  
             ehrpwm2_tbclk                0            0   192000000          0 0  
             ehrpwm1_tbclk                0            0   192000000          0 0  
             ehrpwm0_tbclk                0            0   192000000          0 0  
             mmc_clk                      0            3    96000000          0 0  
             clk_24mhz                    1            1    24000000          0 0  
                clkdiv32k_ck              1            1       32786          0 0  
                   clkdiv32k_ick           1            5       32786          0 0  
                      wdt1_fck            0            1       32786          0 0  
                      gpio3_dbclk           0            1       32786          0 0  
                      gpio2_dbclk           0            1       32786          0 0  
                      gpio1_dbclk           0            1       32786          0 0  
             dpll_per_m2_div4_ck           0            9    48000000          0 0  
             dpll_per_m2_div4_wkupdm_ck           2            2    48000000          0 0  
       dpll_disp_ck                       0            1    24000000          0 0  
          dpll_disp_m2_ck                 0            1    24000000          0 0  
             lcd_gclk                     0            1    24000000          0 0  
       dpll_ddr_ck                        1            1   303000000          0 0  
          dpll_ddr_m2_ck                  2            2   303000000          0 0  
             dpll_ddr_m2_div2_ck           1            1   151500000          0 0  
       dpll_mpu_ck                        1            1   720000000          0 0  
          dpll_mpu_m2_ck                  4            4   720000000          0 0  
       dpll_core_ck                       1            1  1000000000          0 0  
          dpll_core_x2_ck                 2            2  2000000000          0 0  
             dpll_core_m6_ck              0            0   500000000          0 0  
             dpll_core_m5_ck              1            1   250000000          0 0  
                cpsw_cpts_rft_clk           0            0   250000000          0 0  
                cpsw_125mhz_gclk           3            3   125000000          0 0  
             dpll_core_m4_ck              9           11   200000000          0 0  
                dbg_clka_ck               0            2   200000000          0 0  
                   trace_pmd_clk_mux_ck           0            1   200000000          0 0  
                      trace_clk_div_ck           0            1    50000000          0 0  
                   stm_pmd_clock_mux_ck           0            0   200000000          0 0  
                      stm_clk_div_ck           0            0    50000000          0 0  
                gfx_fclk_clksel_ck           0            1   200000000          0 0  
                   gfx_fck_div_ck           0            1   200000000          0 0  
                sysclk_div_ck             0            0   200000000          0 0  
                l4hs_gclk                 2            2   200000000          0 0  
                l4_rtc_gclk               0            0   100000000          0 0  
                dpll_core_m4_div2_ck          16           17   100000000          0 0  
                   l4ls_gclk             41           59   100000000          0 0  
                   l4fw_gclk              1            1   100000000          0 0  
                   l3s_gclk               9           10   100000000          0 0  
                   ieee5000_fck           0            0   100000000          0 0  
                mmu_fck                   0            0   200000000          0 0  
                l3_gclk                  13           15   200000000          0 0  
                   pruss_ocp_gclk           0            1   200000000          0 0  
       rng_fck                            2            2    24000000          0 0  
       aes0_fck                           1            2    24000000          0 0  
       sha0_fck                           1            1    24000000          0 0  
       smartreflex1_fck                   0            1    24000000          0 0  
       smartreflex0_fck                   0            1    24000000          0 0  
       mcasp1_fck                         0            1    24000000          0 0  
       mcasp0_fck                         0            1    24000000          0 0  
       dcan1_fck                          0            1    24000000          0 0  
       dcan0_fck                          0            1    24000000          0 0  
       adc_tsc_fck                        0            1    24000000          0 0  
 virt_19200000_ck                         0            0    19200000          0 0  
 clk_rc32k_ck                             1            1       32000          0 0  
    gpio0_dbclk_mux_ck                    1            1       32000          0 0  
       gpio0_dbclk                        1            2       32000          0 0  
 clk_32768_ck                             2            2       32768          0 0  
    sysclkout_pre_ck                      1            1       32768          0 0  
       clkout2_div_ck                     1            1       32768          0 0  
          clkout2_ck                      1            1       32768          0 0  
=======
Orphan Clks:
=======
Available frequencies
275000 500000 600000 720000 
=======
Hello World Board Booted
root@am335x-evm:/test# 
- 06:35:37 [INFO] Host: cat stderr.log
- 06:35:37 [INFO] Target: 
cat stderr.log
ls: /sys/kernel/debug/clk/orphans/: No such file or directory
root@am335x-evm:/test# 
- 06:35:37 [INFO] Host: cat result.log
- 06:35:39 [ERROR] On command: cat result.log waiting for cat result.log.+?(?m-ix:^1[\0\n\r]+) >>> error: execution expired
- 06:35:39 [INFO] Target: 
cat result.log
root@am335x-evm:/test# 
- 06:35:39 [INFO] Host: cd /test
- 06:35:40 [INFO] Target: 
cd /test
root@am335x-evm:/test# 
