- 06:33:21 [INFO] Starting target session
- 06:33:22 [INFO] Connected to am335x-evm via serial 
- 06:33:22 [INFO] Host: #check prompt
- 06:33:24 [ERROR] On command: #check prompt waiting for #check prompt.+?(?-mix:((?-mix:login:)|[Pp]assword)) >>> error: execution expired
- 06:33:24 [INFO] Target: 
#check prompt
root@am335x-evm:/test# 
- 06:33:24 [INFO] Host: #check prompt
- 06:33:24 [INFO] Target: 
#check prompt
root@am335x-evm:/test# 
- 06:33:24 [INFO] Host: sync;poweroff
- 06:33:38 [INFO] Target: 
sync;poweroff
Broadcast message from root@am335x-evm (ttyO0) (Mon Sep 29 00:56:57 2014):
The system is going down for system halt NOW!
INIT: Switching to runlevel: 0root@am335x-evm:/test# 
INIT: Sending processes the TERM signal
UIM SYSFS Node Found at /sys/./devices/kim.11/install
Stopping uim-sysfs daemon.
Stopping Dropbear SSH server: stopped /usr/sbin/dropbear (pid 1573)
dropbear.
Stopping telnet daemon.
Stopping system message bus: dbus.
Stopping syslogd/klogd: stopped syslogd (pid 1610)
stopped klogd (pid 1613)
done
Stopping thttpd.
Stopping Weston
stopping statd: done
ALSA: Storing mixer settings...
Stopping PVR
rmmod: ERROR: Module bufferclass_ti is not currently loaded
Stopping rpcbind daemon...
done.
Stopping Lighttpd Web Server: stopped /usr/sbin/lighttpd (pid 1656)
lighttpd.
NOT deconfiguring network interfaces: / is an NFS mount
Stopping Matrix GUI applicationstart-stop-daemon: warning: killing process 1671: No such process
***************************************************************
***************************************************************
NOTICE: This file system contains the followin GPLv3 packages:
	binutils
	elfutils
	gdbserver
	libdw1
	libelf1
If you do not wish to distribute GPLv3 components please remove
the above packages prior to distribution.  This can be done using
the opkg remove command.  i.e.:
    opkg remove <package>
Where <package> is the name printed in the list above
NOTE: If the package is a dependency of another package you
      will be notified of the dependent packages.  You should
      use the --force-removal-of-dependent-packages option to
      also remove the dependent packages as well
***************************************************************
***************************************************************
Sending all processes the TERM signal...
Error VT_WAITACTIVE failed
: Interrupted system call
Sending all processes the KILL signal...
Unmounting remote filesystems...
Deactivating swap...
Unmounting local filesystems...
[ 9762.446996] musb-hdrc musb-hdrc.1.auto: remove, state 4
[ 9762.454186] usb usb2: USB disconnect, device number 1
[ 9762.502144] musb-hdrc musb-hdrc.1.auto: USB bus 2 deregistered
[ 9762.520346] musb-hdrc musb-hdrc.0.auto: remove, state 4
[ 9762.526552] usb usb1: USB disconnect, device number 1
[ 9762.538888] musb-hdrc musb-hdrc.0.auto: USB bus 1 deregistered
[ 9762.604050] reboot: System halted
- 06:33:38 [INFO] Disconnected serial from am335x-evm
- 06:33:59 [INFO] Connected to am335x-evm via serial 
- 06:33:59 [INFO] Host: 
- 06:33:59 [ERROR] On command:  waiting for (?-mix:U-Boot#) >>> error: execution expired
- 06:33:59 [INFO] Target: 
U-Boot SPL 2014.07-rc2 (May 29 2014 - 18:04:30)
- 06:33:59 [INFO] Host: 
- 06:34:00 [ERROR] On command:  waiting for (?-mix:U-Boot#) >>> error: execution expired
- 06:34:00 [INFO] Target: 
reading u-boot.img
reading u-boot.img
U-Boot 2014.07-rc2 (May 29 2014 - 18:04:30)
I2C:   ready
DRAM:  1 GiB
- 06:34:00 [INFO] Host: 
- 06:34:00 [ERROR] On command:  waiting for (?-mix:U-Boot#) >>> error: execution expired
- 06:34:00 [INFO] Target: 
NAND:  256 MiB
MMC:   OMAP SD/MMC: 0, OMAP SD/MMC: 1
- 06:34:00 [INFO] Host: 
- 06:34:01 [ERROR] On command:  waiting for (?-mix:U-Boot#) >>> error: execution expired
- 06:34:01 [INFO] Target: 
- 06:34:01 [INFO] Host: 
- 06:34:01 [ERROR] On command:  waiting for (?-mix:U-Boot#) >>> error: execution expired
- 06:34:01 [INFO] Target: 
- 06:34:01 [INFO] Host: 
- 06:34:02 [ERROR] On command:  waiting for (?-mix:U-Boot#) >>> error: execution expired
- 06:34:02 [INFO] Target: 
Net:   <ethaddr> not set. Validating first E-fuse MAC
- 06:34:02 [INFO] Host: 
- 06:34:02 [INFO] Target: 
cpsw, usb_ether
Hit any key to stop autoboot:  1  0 
U-Boot# 
U-Boot# 
U-Boot# 
U-Boot# 
U-Boot# 
- 06:34:02 [INFO] Host: 
- 06:34:03 [INFO] Target: 
U-Boot# 
- 06:34:03 [INFO] Host: version
- 06:34:03 [INFO] Target: 
version
U-Boot 2014.07-rc2 (May 29 2014 - 18:04:30)
arm-linux-gnueabihf-gcc (crosstool-NG linaro-1.13.1-4.7-2013.03-20130313 - Linaro GCC 2013.03) 4.7.3 20130226 (prerelease)
GNU ld (crosstool-NG linaro-1.13.1-4.7-2013.03-20130313 - Linaro GCC 2013.03) 2.23.1
U-Boot# 
- 06:34:03 [INFO] Host: setenv bootargs 'console=ttyO0,115200n8 earlyprintk rootwait  '
- 06:34:04 [INFO] Target: 
setenv bootargs 'console=ttyO0,115200n8 earlyprintk rootwait  '
U-Boot# 
- 06:34:04 [INFO] Host: setenv bootcmd  ''
- 06:34:04 [INFO] Target: 
setenv bootcmd  ''
U-Boot# 
- 06:34:04 [INFO] Host: setenv autoload 'no'
- 06:34:05 [INFO] Target: 
setenv autoload 'no'
U-Boot# 
- 06:34:05 [INFO] Host: setenv serverip '192.168.0.1'
- 06:34:05 [INFO] Target: 
setenv serverip '192.168.0.1'
U-Boot# 
- 06:34:05 [INFO] Host: printenv
- 06:34:06 [INFO] Target: 
printenv
arch=arm
autoload=no
baudrate=115200
board=am335x
board_name=A33515BB
board_rev=1.5B
boot_fdt=try
bootargs=console=ttyO0,115200n8 earlyprintk rootwait  
bootcmd=
bootcount=1
bootdelay=1
bootdir=/boot
bootenv=uEnv.txt
bootfile=zImage
bootm_size=0x10000000
bootpart=0:2
console=ttyO0,115200n8
cpu=armv7
dfu_alt_info_emmc=rawemmc mmc 0 3751936
dfu_alt_info_mmc=boot part 0 1;rootfs part 0 2;MLO fat 0 1;MLO.raw mmc 0x100 0x100;u-boot.img.raw mmc 0x300 0x400;spl-os-args.raw mmc 0x80 0x80;spl-os-image.raw mmc 0x900 0x2000;spl-os-args fat 0 1;spl-os-image fat 0 1;u-boot.img fat 0 1;uEnv.txt fat 0 1
dfu_alt_info_nand=SPL part 0 1;SPL.backup1 part 0 2;SPL.backup2 part 0 3;SPL.backup3 part 0 4;u-boot part 0 5;u-boot-spl-os part 0 6;kernel part 0 8;rootfs part 0 9
dfu_alt_info_ram=kernel ram 0x80200000 0xD80000;fdt ram 0x80F80000 0x80000;ramdisk ram 0x81000000 0x4000000
eth1addr=c8:a0:30:a1:b6:c2
ethact=cpsw
ethaddr=c8:a0:30:a1:b6:c0
fdt_addr_r=0x88000000
fdtaddr=0x88000000
fdtfile=undefined
findfdt=if test $board_name = A335BONE; then setenv fdtfile am335x-bone.dtb; fi; if test $board_name = A335BNLT; then setenv fdtfile am335x-boneblack.dtb; fi; if test $board_name = A33515BB; then setenv fdtfile am335x-evm.dtb; fi; if test $board_name = A335X_SK; then setenv fdtfile am335x-evmsk.dtb; fi; if test $fdtfile = undefined; then echo WARNING: Could not determine device tree to use; fi; 
importbootenv=echo Importing environment from mmc ...; env import -t $loadaddr $filesize
kernel_addr_r=0x82000000
loadaddr=0x82000000
loadbootenv=load mmc ${mmcdev} ${loadaddr} ${bootenv}
loadfdt=load mmc ${bootpart} ${fdtaddr} ${bootdir}/${fdtfile}
loadimage=load mmc ${bootpart} ${loadaddr} ${bootdir}/${bootfile}
loadramdisk=load mmc ${mmcdev} ${rdaddr} ramdisk.gz
mmcargs=setenv bootargs console=${console} ${optargs} root=${mmcroot} rootfstype=${mmcrootfstype}
mmcboot=mmc dev ${mmcdev}; if mmc rescan; then echo SD/MMC found on device ${mmcdev};if run loadbootenv; then echo Loaded environment from ${bootenv};run importbootenv;fi;if test -n $uenvcmd; then echo Running uenvcmd ...;run uenvcmd;fi;if run loadimage; then run mmcloados;fi;fi;
mmcdev=0
mmcloados=run mmcargs; if test ${boot_fdt} = yes || test ${boot_fdt} = try; then if run loadfdt; then bootz ${loadaddr} - ${fdtaddr}; else if test ${boot_fdt} = try; then bootz; else echo WARN: Cannot load the DT; fi; fi; else bootz; fi;
mmcroot=/dev/mmcblk0p2 ro
mmcrootfstype=ext4 rootwait
mtdids=nand0=omap2-nand.0
mtdparts=mtdparts=omap2-nand.0:128k(SPL),128k(SPL.backup1),128k(SPL.backup2),128k(SPL.backup3),1792k(u-boot),128k(u-boot-spl-os),128k(u-boot-env),5m(kernel),-(rootfs)
nandargs=setenv bootargs console=${console} ${optargs} root=${nandroot} rootfstype=${nandrootfstype}
nandboot=echo Booting from nand ...; run nandargs; nand read ${fdtaddr} u-boot-spl-os; nand read ${loadaddr} kernel; bootz ${loadaddr} - ${fdtaddr}
nandroot=ubi0:rootfs rw ubi.mtd=7,2048
nandrootfstype=ubifs rootwait=1
netargs=setenv bootargs console=${console} ${optargs} root=/dev/nfs nfsroot=${serverip}:${rootpath},${nfsopts} rw ip=dhcp
netboot=echo Booting from network ...; setenv autoload no; dhcp; tftp ${loadaddr} ${bootfile}; tftp ${fdtaddr} ${fdtfile}; run netargs; bootz ${loadaddr} - ${fdtaddr}
nfsopts=nolock
partitions=uuid_disk=${uuid_gpt_disk};name=rootfs,start=2MiB,size=-,uuid=${uuid_gpt_rootfs}
ramargs=setenv bootargs console=${console} ${optargs} root=${ramroot} rootfstype=${ramrootfstype}
ramboot=echo Booting from ramdisk ...; run ramargs; bootz ${loadaddr} ${rdaddr} ${fdtaddr}
ramdisk_addr_r=0x88080000
ramroot=/dev/ram0 rw
ramrootfstype=ext2
rdaddr=0x88080000
rootpath=/export/rootfs
serverip=192.168.0.1
soc=am33xx
spiargs=setenv bootargs console=${console} ${optargs} root=${spiroot} rootfstype=${spirootfstype}
spiboot=echo Booting from spi ...; run spiargs; sf probe ${spibusno}:0; sf read ${loadaddr} ${spisrcaddr} ${spiimgsize}; bootz ${loadaddr}
spibusno=0
spiimgsize=0x362000
spiroot=/dev/mtdblock4 rw
spirootfstype=jffs2
spisrcaddr=0xe0000
static_ip=${ipaddr}:${serverip}:${gatewayip}:${netmask}:${hostname}::off
stderr=serial
stdin=serial
stdout=serial
usbnet_devaddr=c8:a0:30:a1:b6:c2
vendor=ti
ver=U-Boot 2014.07-rc2 (May 29 2014 - 18:04:30)
Environment size: 4367/131068 bytes
U-Boot# 
- 06:34:06 [INFO] Host: printenv
- 06:34:06 [INFO] Target: 
printenv
arch=arm
autoload=no
baudrate=115200
board=am335x
board_name=A33515BB
board_rev=1.5B
boot_fdt=try
bootargs=console=ttyO0,115200n8 earlyprintk rootwait  
bootcmd=
bootcount=1
bootdelay=1
bootdir=/boot
bootenv=uEnv.txt
bootfile=zImage
bootm_size=0x10000000
bootpart=0:2
console=ttyO0,115200n8
cpu=armv7
dfu_alt_info_emmc=rawemmc mmc 0 3751936
dfu_alt_info_mmc=boot part 0 1;rootfs part 0 2;MLO fat 0 1;MLO.raw mmc 0x100 0x100;u-boot.img.raw mmc 0x300 0x400;spl-os-args.raw mmc 0x80 0x80;spl-os-image.raw mmc 0x900 0x2000;spl-os-args fat 0 1;spl-os-image fat 0 1;u-boot.img fat 0 1;uEnv.txt fat 0 1
dfu_alt_info_nand=SPL part 0 1;SPL.backup1 part 0 2;SPL.backup2 part 0 3;SPL.backup3 part 0 4;u-boot part 0 5;u-boot-spl-os part 0 6;kernel part 0 8;rootfs part 0 9
dfu_alt_info_ram=kernel ram 0x80200000 0xD80000;fdt ram 0x80F80000 0x80000;ramdisk ram 0x81000000 0x4000000
eth1addr=c8:a0:30:a1:b6:c2
ethact=cpsw
ethaddr=c8:a0:30:a1:b6:c0
fdt_addr_r=0x88000000
fdtaddr=0x88000000
fdtfile=undefined
findfdt=if test $board_name = A335BONE; then setenv fdtfile am335x-bone.dtb; fi; if test $board_name = A335BNLT; then setenv fdtfile am335x-boneblack.dtb; fi; if test $board_name = A33515BB; then setenv fdtfile am335x-evm.dtb; fi; if test $board_name = A335X_SK; then setenv fdtfile am335x-evmsk.dtb; fi; if test $fdtfile = undefined; then echo WARNING: Could not determine device tree to use; fi; 
importbootenv=echo Importing environment from mmc ...; env import -t $loadaddr $filesize
kernel_addr_r=0x82000000
loadaddr=0x82000000
loadbootenv=load mmc ${mmcdev} ${loadaddr} ${bootenv}
loadfdt=load mmc ${bootpart} ${fdtaddr} ${bootdir}/${fdtfile}
loadimage=load mmc ${bootpart} ${loadaddr} ${bootdir}/${bootfile}
loadramdisk=load mmc ${mmcdev} ${rdaddr} ramdisk.gz
mmcargs=setenv bootargs console=${console} ${optargs} root=${mmcroot} rootfstype=${mmcrootfstype}
mmcboot=mmc dev ${mmcdev}; if mmc rescan; then echo SD/MMC found on device ${mmcdev};if run loadbootenv; then echo Loaded environment from ${bootenv};run importbootenv;fi;if test -n $uenvcmd; then echo Running uenvcmd ...;run uenvcmd;fi;if run loadimage; then run mmcloados;fi;fi;
mmcdev=0
mmcloados=run mmcargs; if test ${boot_fdt} = yes || test ${boot_fdt} = try; then if run loadfdt; then bootz ${loadaddr} - ${fdtaddr}; else if test ${boot_fdt} = try; then bootz; else echo WARN: Cannot load the DT; fi; fi; else bootz; fi;
mmcroot=/dev/mmcblk0p2 ro
mmcrootfstype=ext4 rootwait
mtdids=nand0=omap2-nand.0
mtdparts=mtdparts=omap2-nand.0:128k(SPL),128k(SPL.backup1),128k(SPL.backup2),128k(SPL.backup3),1792k(u-boot),128k(u-boot-spl-os),128k(u-boot-env),5m(kernel),-(rootfs)
nandargs=setenv bootargs console=${console} ${optargs} root=${nandroot} rootfstype=${nandrootfstype}
nandboot=echo Booting from nand ...; run nandargs; nand read ${fdtaddr} u-boot-spl-os; nand read ${loadaddr} kernel; bootz ${loadaddr} - ${fdtaddr}
nandroot=ubi0:rootfs rw ubi.mtd=7,2048
nandrootfstype=ubifs rootwait=1
netargs=setenv bootargs console=${console} ${optargs} root=/dev/nfs nfsroot=${serverip}:${rootpath},${nfsopts} rw ip=dhcp
netboot=echo Booting from network ...; setenv autoload no; dhcp; tftp ${loadaddr} ${bootfile}; tftp ${fdtaddr} ${fdtfile}; run netargs; bootz ${loadaddr} - ${fdtaddr}
nfsopts=nolock
partitions=uuid_disk=${uuid_gpt_disk};name=rootfs,start=2MiB,size=-,uuid=${uuid_gpt_rootfs}
ramargs=setenv bootargs console=${console} ${optargs} root=${ramroot} rootfstype=${ramrootfstype}
ramboot=echo Booting from ramdisk ...; run ramargs; bootz ${loadaddr} ${rdaddr} ${fdtaddr}
ramdisk_addr_r=0x88080000
ramroot=/dev/ram0 rw
ramrootfstype=ext2
rdaddr=0x88080000
rootpath=/export/rootfs
serverip=192.168.0.1
soc=am33xx
spiargs=setenv bootargs console=${console} ${optargs} root=${spiroot} rootfstype=${spirootfstype}
spiboot=echo Booting from spi ...; run spiargs; sf probe ${spibusno}:0; sf read ${loadaddr} ${spisrcaddr} ${spiimgsize}; bootz ${loadaddr}
spibusno=0
spiimgsize=0x362000
spiroot=/dev/mtdblock4 rw
spirootfstype=jffs2
spisrcaddr=0xe0000
static_ip=${ipaddr}:${serverip}:${gatewayip}:${netmask}:${hostname}::off
stderr=serial
stdin=serial
stdout=serial
usbnet_devaddr=c8:a0:30:a1:b6:c2
vendor=ti
ver=U-Boot 2014.07-rc2 (May 29 2014 - 18:04:30)
Environment size: 4367/131068 bytes
U-Boot# 
- 06:34:06 [INFO] Host: setenv bootargs ''${bootargs}' ip=dhcp '
- 06:34:07 [INFO] Target: 
setenv bootargs ''${bootargs}' ip=dhcp '
U-Boot# 
- 06:34:07 [INFO] Host: setenv serverip '192.168.0.1'
- 06:34:07 [INFO] Target: 
setenv serverip '192.168.0.1'
U-Boot# 
- 06:34:07 [INFO] Host: setenv ipaddr dhcp
- 06:34:08 [INFO] Target: 
setenv ipaddr dhcp
U-Boot# 
- 06:34:08 [INFO] Host: setenv autoload 'no'
- 06:34:08 [INFO] Target: 
setenv autoload 'no'
U-Boot# 
- 06:34:08 [INFO] Host: dhcp
- 06:34:10 [INFO] Target: 
dhcp
link up on port 0, speed 1000, full duplex
BOOTP broadcast 1
DHCP client bound to address 192.168.0.246
U-Boot# 
- 06:34:10 [INFO] Host: setenv serverip '192.168.0.1'
- 06:34:10 [INFO] Target: 
setenv serverip '192.168.0.1'
U-Boot# 
- 06:34:10 [INFO] Host: tftp ${loadaddr} 192.168.0.1:vatf_am335x-evm/28bfafed59c55ad024c12370b123a013
- 06:34:11 [INFO] Target: 
tftp ${loadaddr} 192.168.0.1:vatf_am335x-evm/28bfafed59c55ad024c12370b123a013
link up on port 0, speed 1000, full duplex
Using cpsw device
TFTP from server 192.168.0.1; our IP address is 192.168.0.246
Filename 'vatf_am335x-evm/28bfafed59c55ad024c12370b123a013'.
Load address: 0x82000000
Loading: *#################################################################
	 #################################################################
	 #################################################################
	 #################################################################
	 ###############################################################
	 5.5 MiB/s
done
Bytes transferred = 4740328 (4854e8 hex)
U-Boot# 
- 06:34:11 [INFO] Host: tftp ${fdt_addr_r} 192.168.0.1:vatf_am335x-evm/4eb4ee78b6fd57680720348d84e791b5
- 06:34:12 [INFO] Target: 
tftp ${fdt_addr_r} 192.168.0.1:vatf_am335x-evm/4eb4ee78b6fd57680720348d84e791b5
link up on port 0, speed 1000, full duplex
Using cpsw device
TFTP from server 192.168.0.1; our IP address is 192.168.0.246
Filename 'vatf_am335x-evm/4eb4ee78b6fd57680720348d84e791b5'.
Load address: 0x88000000
Loading: *###
	 5.5 MiB/s
done
Bytes transferred = 34892 (884c hex)
U-Boot# 
- 06:34:12 [INFO] Host: ls mmc 0:1
- 06:34:12 [INFO] Target: 
ls mmc 0:1
  2206363   am335x-evm-sk-quickstartguide.pdf 
      140   autorun.inf 
   176621   beaglebone-quickstartguide.pdf 
    82480   mlo 
  2371014   quickstartguide.pdf 
     1164   readme 
            start_here/
   408372   u-boot.img 
            windows_users/
        0   pointercal 
       14   .ipaddr 
9 file(s), 2 dir(s)
U-Boot# 
- 06:34:12 [INFO] Host: ls mmc 0:2
- 06:34:13 [INFO] Target: 
ls mmc 0:2
<DIR>       4096 .
<DIR>       4096 ..
<DIR>       4096 bin
<DIR>       4096 boot
<DIR>       4096 dev
<DIR>       4096 etc
<DIR>       4096 home
<DIR>       4096 lib
<DIR>       4096 media
<DIR>       4096 mnt
<DIR>       4096 opt
<DIR>       4096 proc
<DIR>       4096 sbin
<DIR>       4096 srv
<DIR>       4096 sys
<SYM>          8 tmp
<DIR>       4096 usr
<DIR>       4096 var
<DIR>       4096 www
<SYM>          8 run
<DIR>       4096 Settings
<DIR>       4096 test
U-Boot# 
- 06:34:13 [INFO] Host: part uuid mmc 0:2
- 06:34:13 [INFO] Target: 
part uuid mmc 0:2
00000000-02
U-Boot# 
- 06:34:13 [INFO] Host: printenv
- 06:34:14 [INFO] Target: 
printenv
arch=arm
autoload=no
baudrate=115200
board=am335x
board_name=A33515BB
board_rev=1.5B
boot_fdt=try
bootargs=console=ttyO0,115200n8 earlyprintk rootwait   ip=dhcp 
bootcmd=
bootcount=1
bootdelay=1
bootdir=/boot
bootenv=uEnv.txt
bootfile=zImage
bootm_size=0x10000000
bootpart=0:2
console=ttyO0,115200n8
cpu=armv7
dfu_alt_info_emmc=rawemmc mmc 0 3751936
dfu_alt_info_mmc=boot part 0 1;rootfs part 0 2;MLO fat 0 1;MLO.raw mmc 0x100 0x100;u-boot.img.raw mmc 0x300 0x400;spl-os-args.raw mmc 0x80 0x80;spl-os-image.raw mmc 0x900 0x2000;spl-os-args fat 0 1;spl-os-image fat 0 1;u-boot.img fat 0 1;uEnv.txt fat 0 1
dfu_alt_info_nand=SPL part 0 1;SPL.backup1 part 0 2;SPL.backup2 part 0 3;SPL.backup3 part 0 4;u-boot part 0 5;u-boot-spl-os part 0 6;kernel part 0 8;rootfs part 0 9
dfu_alt_info_ram=kernel ram 0x80200000 0xD80000;fdt ram 0x80F80000 0x80000;ramdisk ram 0x81000000 0x4000000
dnsip=192.0.2.2
dnsip2=192.0.2.3
eth1addr=c8:a0:30:a1:b6:c2
ethact=cpsw
ethaddr=c8:a0:30:a1:b6:c0
fdt_addr_r=0x88000000
fdtaddr=0x88000000
fdtfile=undefined
fileaddr=88000000
filesize=884c
findfdt=if test $board_name = A335BONE; then setenv fdtfile am335x-bone.dtb; fi; if test $board_name = A335BNLT; then setenv fdtfile am335x-boneblack.dtb; fi; if test $board_name = A33515BB; then setenv fdtfile am335x-evm.dtb; fi; if test $board_name = A335X_SK; then setenv fdtfile am335x-evmsk.dtb; fi; if test $fdtfile = undefined; then echo WARNING: Could not determine device tree to use; fi; 
gatewayip=192.168.0.1
importbootenv=echo Importing environment from mmc ...; env import -t $loadaddr $filesize
ipaddr=192.168.0.246
kernel_addr_r=0x82000000
loadaddr=0x82000000
loadbootenv=load mmc ${mmcdev} ${loadaddr} ${bootenv}
loadfdt=load mmc ${bootpart} ${fdtaddr} ${bootdir}/${fdtfile}
loadimage=load mmc ${bootpart} ${loadaddr} ${bootdir}/${bootfile}
loadramdisk=load mmc ${mmcdev} ${rdaddr} ramdisk.gz
mmcargs=setenv bootargs console=${console} ${optargs} root=${mmcroot} rootfstype=${mmcrootfstype}
mmcboot=mmc dev ${mmcdev}; if mmc rescan; then echo SD/MMC found on device ${mmcdev};if run loadbootenv; then echo Loaded environment from ${bootenv};run importbootenv;fi;if test -n $uenvcmd; then echo Running uenvcmd ...;run uenvcmd;fi;if run loadimage; then run mmcloados;fi;fi;
mmcdev=0
mmcloados=run mmcargs; if test ${boot_fdt} = yes || test ${boot_fdt} = try; then if run loadfdt; then bootz ${loadaddr} - ${fdtaddr}; else if test ${boot_fdt} = try; then bootz; else echo WARN: Cannot load the DT; fi; fi; else bootz; fi;
mmcroot=/dev/mmcblk0p2 ro
mmcrootfstype=ext4 rootwait
mtdids=nand0=omap2-nand.0
mtdparts=mtdparts=omap2-nand.0:128k(SPL),128k(SPL.backup1),128k(SPL.backup2),128k(SPL.backup3),1792k(u-boot),128k(u-boot-spl-os),128k(u-boot-env),5m(kernel),-(rootfs)
nandargs=setenv bootargs console=${console} ${optargs} root=${nandroot} rootfstype=${nandrootfstype}
nandboot=echo Booting from nand ...; run nandargs; nand read ${fdtaddr} u-boot-spl-os; nand read ${loadaddr} kernel; bootz ${loadaddr} - ${fdtaddr}
nandroot=ubi0:rootfs rw ubi.mtd=7,2048
nandrootfstype=ubifs rootwait=1
netargs=setenv bootargs console=${console} ${optargs} root=/dev/nfs nfsroot=${serverip}:${rootpath},${nfsopts} rw ip=dhcp
netboot=echo Booting from network ...; setenv autoload no; dhcp; tftp ${loadaddr} ${bootfile}; tftp ${fdtaddr} ${fdtfile}; run netargs; bootz ${loadaddr} - ${fdtaddr}
netmask=255.255.255.0
nfsopts=nolock
partitions=uuid_disk=${uuid_gpt_disk};name=rootfs,start=2MiB,size=-,uuid=${uuid_gpt_rootfs}
ramargs=setenv bootargs console=${console} ${optargs} root=${ramroot} rootfstype=${ramrootfstype}
ramboot=echo Booting from ramdisk ...; run ramargs; bootz ${loadaddr} ${rdaddr} ${fdtaddr}
ramdisk_addr_r=0x88080000
ramroot=/dev/ram0 rw
ramrootfstype=ext2
rdaddr=0x88080000
rootpath=/export/rootfs
serverip=192.168.0.1
soc=am33xx
spiargs=setenv bootargs console=${console} ${optargs} root=${spiroot} rootfstype=${spirootfstype}
spiboot=echo Booting from spi ...; run spiargs; sf probe ${spibusno}:0; sf read ${loadaddr} ${spisrcaddr} ${spiimgsize}; bootz ${loadaddr}
spibusno=0
spiimgsize=0x362000
spiroot=/dev/mtdblock4 rw
spirootfstype=jffs2
spisrcaddr=0xe0000
static_ip=${ipaddr}:${serverip}:${gatewayip}:${netmask}:${hostname}::off
stderr=serial
stdin=serial
stdout=serial
usbnet_devaddr=c8:a0:30:a1:b6:c2
vendor=ti
ver=U-Boot 2014.07-rc2 (May 29 2014 - 18:04:30)
Environment size: 4520/131068 bytes
U-Boot# 
- 06:34:14 [INFO] Host: setenv bootargs ''${bootargs}' root=PARTUUID=00000000-02 rw rootfstype=ext4 rootwait '
- 06:34:14 [INFO] Target: 
setenv bootargs ''${bootargs}' root=PARTUUID=00000000-02 rw rootfstype=ext4 rootwait '
U-Boot# 
- 06:34:14 [INFO] Host: printenv
- 06:34:15 [INFO] Target: 
printenv
arch=arm
autoload=no
baudrate=115200
board=am335x
board_name=A33515BB
board_rev=1.5B
boot_fdt=try
bootargs=console=ttyO0,115200n8 earlyprintk rootwait   ip=dhcp  root=PARTUUID=00000000-02 rw rootfstype=ext4 rootwait 
bootcmd=
bootcount=1
bootdelay=1
bootdir=/boot
bootenv=uEnv.txt
bootfile=zImage
bootm_size=0x10000000
bootpart=0:2
console=ttyO0,115200n8
cpu=armv7
dfu_alt_info_emmc=rawemmc mmc 0 3751936
dfu_alt_info_mmc=boot part 0 1;rootfs part 0 2;MLO fat 0 1;MLO.raw mmc 0x100 0x100;u-boot.img.raw mmc 0x300 0x400;spl-os-args.raw mmc 0x80 0x80;spl-os-image.raw mmc 0x900 0x2000;spl-os-args fat 0 1;spl-os-image fat 0 1;u-boot.img fat 0 1;uEnv.txt fat 0 1
dfu_alt_info_nand=SPL part 0 1;SPL.backup1 part 0 2;SPL.backup2 part 0 3;SPL.backup3 part 0 4;u-boot part 0 5;u-boot-spl-os part 0 6;kernel part 0 8;rootfs part 0 9
dfu_alt_info_ram=kernel ram 0x80200000 0xD80000;fdt ram 0x80F80000 0x80000;ramdisk ram 0x81000000 0x4000000
dnsip=192.0.2.2
dnsip2=192.0.2.3
eth1addr=c8:a0:30:a1:b6:c2
ethact=cpsw
ethaddr=c8:a0:30:a1:b6:c0
fdt_addr_r=0x88000000
fdtaddr=0x88000000
fdtfile=undefined
fileaddr=88000000
filesize=884c
findfdt=if test $board_name = A335BONE; then setenv fdtfile am335x-bone.dtb; fi; if test $board_name = A335BNLT; then setenv fdtfile am335x-boneblack.dtb; fi; if test $board_name = A33515BB; then setenv fdtfile am335x-evm.dtb; fi; if test $board_name = A335X_SK; then setenv fdtfile am335x-evmsk.dtb; fi; if test $fdtfile = undefined; then echo WARNING: Could not determine device tree to use; fi; 
gatewayip=192.168.0.1
importbootenv=echo Importing environment from mmc ...; env import -t $loadaddr $filesize
ipaddr=192.168.0.246
kernel_addr_r=0x82000000
loadaddr=0x82000000
loadbootenv=load mmc ${mmcdev} ${loadaddr} ${bootenv}
loadfdt=load mmc ${bootpart} ${fdtaddr} ${bootdir}/${fdtfile}
loadimage=load mmc ${bootpart} ${loadaddr} ${bootdir}/${bootfile}
loadramdisk=load mmc ${mmcdev} ${rdaddr} ramdisk.gz
mmcargs=setenv bootargs console=${console} ${optargs} root=${mmcroot} rootfstype=${mmcrootfstype}
mmcboot=mmc dev ${mmcdev}; if mmc rescan; then echo SD/MMC found on device ${mmcdev};if run loadbootenv; then echo Loaded environment from ${bootenv};run importbootenv;fi;if test -n $uenvcmd; then echo Running uenvcmd ...;run uenvcmd;fi;if run loadimage; then run mmcloados;fi;fi;
mmcdev=0
mmcloados=run mmcargs; if test ${boot_fdt} = yes || test ${boot_fdt} = try; then if run loadfdt; then bootz ${loadaddr} - ${fdtaddr}; else if test ${boot_fdt} = try; then bootz; else echo WARN: Cannot load the DT; fi; fi; else bootz; fi;
mmcroot=/dev/mmcblk0p2 ro
mmcrootfstype=ext4 rootwait
mtdids=nand0=omap2-nand.0
mtdparts=mtdparts=omap2-nand.0:128k(SPL),128k(SPL.backup1),128k(SPL.backup2),128k(SPL.backup3),1792k(u-boot),128k(u-boot-spl-os),128k(u-boot-env),5m(kernel),-(rootfs)
nandargs=setenv bootargs console=${console} ${optargs} root=${nandroot} rootfstype=${nandrootfstype}
nandboot=echo Booting from nand ...; run nandargs; nand read ${fdtaddr} u-boot-spl-os; nand read ${loadaddr} kernel; bootz ${loadaddr} - ${fdtaddr}
nandroot=ubi0:rootfs rw ubi.mtd=7,2048
nandrootfstype=ubifs rootwait=1
netargs=setenv bootargs console=${console} ${optargs} root=/dev/nfs nfsroot=${serverip}:${rootpath},${nfsopts} rw ip=dhcp
netboot=echo Booting from network ...; setenv autoload no; dhcp; tftp ${loadaddr} ${bootfile}; tftp ${fdtaddr} ${fdtfile}; run netargs; bootz ${loadaddr} - ${fdtaddr}
netmask=255.255.255.0
nfsopts=nolock
partitions=uuid_disk=${uuid_gpt_disk};name=rootfs,start=2MiB,size=-,uuid=${uuid_gpt_rootfs}
ramargs=setenv bootargs console=${console} ${optargs} root=${ramroot} rootfstype=${ramrootfstype}
ramboot=echo Booting from ramdisk ...; run ramargs; bootz ${loadaddr} ${rdaddr} ${fdtaddr}
ramdisk_addr_r=0x88080000
ramroot=/dev/ram0 rw
ramrootfstype=ext2
rdaddr=0x88080000
rootpath=/export/rootfs
serverip=192.168.0.1
soc=am33xx
spiargs=setenv bootargs console=${console} ${optargs} root=${spiroot} rootfstype=${spirootfstype}
spiboot=echo Booting from spi ...; run spiargs; sf probe ${spibusno}:0; sf read ${loadaddr} ${spisrcaddr} ${spiimgsize}; bootz ${loadaddr}
spibusno=0
spiimgsize=0x362000
spiroot=/dev/mtdblock4 rw
spirootfstype=jffs2
spisrcaddr=0xe0000
static_ip=${ipaddr}:${serverip}:${gatewayip}:${netmask}:${hostname}::off
stderr=serial
stdin=serial
stdout=serial
usbnet_devaddr=c8:a0:30:a1:b6:c2
vendor=ti
ver=U-Boot 2014.07-rc2 (May 29 2014 - 18:04:30)
Environment size: 4575/131068 bytes
U-Boot# 
- 06:34:15 [INFO] Host: setenv bootcmd ''${bootcmd}' if iminfo ${loadaddr}; then bootm ${loadaddr} - ${fdt_addr_r}; else bootz ${loadaddr} - ${fdt_addr_r}; bootm ${loadaddr} - ${fdt_addr_r}; fi'
- 06:34:15 [INFO] Target: 
setenv bootcmd ''${bootcmd}' if iminfo ${loadaddr}; then bootm ${loadaddr} - ${fdt_addr_r}; else bootz ${loadaddr} - ${fdt_addr_r}; bootm ${loadaddr} - ${fdt_addr_r}; fi'
U-Boot# 
- 06:34:15 [INFO] Host: bdinfo
- 06:34:16 [INFO] Target: 
bdinfo
arch_number = 0x00000E05
boot_params = 0x80000100
DRAM bank   = 0x00000000
-> start    = 0x80000000
-> size     = 0x40000000
eth0name    = cpsw
ethaddr     = c8:a0:30:a1:b6:c0
eth1name    = usb_ether
eth1addr    = c8:a0:30:a1:b6:c2
current eth = cpsw
ip_addr     = 192.168.0.246
baudrate    = 115200 bps
TLB addr    = 0xBFFF0000
relocaddr   = 0xBF74A000
reloc off   = 0x3EF4A000
irq_sp      = 0xBF629EE0
sp start    = 0xBF629ED0
U-Boot# 
- 06:34:16 [INFO] Host: boot
- 06:34:43 [INFO] Target: 
boot
## Checking Image at 82000000 ...
Unknown image format!
Kernel image @ 0x82000000 [ 0x000000 - 0x4854e8 ]
## Flattened Device Tree blob at 88000000
   Booting using the fdt blob at 0x88000000
   Loading Device Tree to 8fff4000, end 8ffff84b ... OK
Starting kernel ...
[    0.000000] Booting Linux on physical CPU 0x0
[    0.000000] Initializing cgroup subsys cpuset
[    0.000000] Initializing cgroup subsys cpu
[    0.000000] Initializing cgroup subsys cpuacct
[    0.000000] Linux version 3.17.0-rc7-next-20141001-00002-g14cab8f (nmenon@kahuna) (gcc version 4.6.3 (Ubuntu/Linaro 4.6.3-1ubuntu5) ) #1 SMP Thu Oct 2 05:31:09 CDT 2014
[    0.000000] CPU: ARMv7 Processor [413fc082] revision 2 (ARMv7), cr=10c5387d
[    0.000000] CPU: PIPT / VIPT nonaliasing data cache, VIPT aliasing instruction cache
[    0.000000] Machine model: TI AM335x EVM
[    0.000000] cma: Reserved 16 MiB at be800000
[    0.000000] Memory policy: Data cache writeback
[    0.000000] CPU: All CPU(s) started in SVC mode.
[    0.000000] AM335X ES2.1 (sgx neon )
[    0.000000] PERCPU: Embedded 11 pages/cpu @eefbe000 s14976 r8192 d21888 u45056
[    0.000000] Built 1 zonelists in Zone order, mobility grouping on.  Total pages: 260368
[    0.000000] Kernel command line: console=ttyO0,115200n8 earlyprintk rootwait   ip=dhcp  root=PARTUUID=00000000-02 rw rootfstype=ext4 rootwait 
[    0.000000] PID hash table entries: 4096 (order: 2, 16384 bytes)
[    0.000000] Dentry cache hash table entries: 131072 (order: 7, 524288 bytes)
[    0.000000] Inode-cache hash table entries: 65536 (order: 6, 262144 bytes)
[    0.000000] allocated 2095104 bytes of page_cgroup
[    0.000000] please try 'cgroup_disable=memory' option if you don't want memory cgroups
[    0.000000] Memory: 1001884K/1047552K available (6265K kernel code, 684K rwdata, 2320K rodata, 410K init, 8264K bss, 45668K reserved, 252928K highmem)
[    0.000000] Virtual kernel memory layout:
[    0.000000]     vector  : 0xffff0000 - 0xffff1000   (   4 kB)
[    0.000000]     fixmap  : 0xffc00000 - 0xffe00000   (2048 kB)
[    0.000000]     vmalloc : 0xf0000000 - 0xff000000   ( 240 MB)
[    0.000000]     lowmem  : 0xc0000000 - 0xef800000   ( 760 MB)
[    0.000000]     pkmap   : 0xbfe00000 - 0xc0000000   (   2 MB)
[    0.000000]     modules : 0xbf000000 - 0xbfe00000   (  14 MB)
[    0.000000]       .text : 0xc0008000 - 0xc086a91c   (8587 kB)
[    0.000000]       .init : 0xc086b000 - 0xc08d1a80   ( 411 kB)
[    0.000000]       .data : 0xc08d2000 - 0xc097d2f8   ( 685 kB)
[    0.000000]        .bss : 0xc097d2f8 - 0xc118f3a8   (8265 kB)
[    0.000000] Hierarchical RCU implementation.
[    0.000000] 	RCU restricting CPUs from NR_CPUS=2 to nr_cpu_ids=1.
[    0.000000] RCU: Adjusting geometry for rcu_fanout_leaf=16, nr_cpu_ids=1
[    0.000000] NR_IRQS:16 nr_irqs:16 16
[    0.000000] IRQ: Found an INTC at 0xfa200000 (revision 5.0) with 128 interrupts
[    0.000000] OMAP clockevent source: timer2 at 24000000 Hz
[    0.000015] sched_clock: 32 bits at 24MHz, resolution 41ns, wraps every 178956969942ns
[    0.000067] OMAP clocksource: timer1 at 24000000 Hz
[    0.000872] Console: colour dummy device 80x30
[    0.000924] Lock dependency validator: Copyright (c) 2006 Red Hat, Inc., Ingo Molnar
[    0.000933] ... MAX_LOCKDEP_SUBCLASSES:  8
[    0.000941] ... MAX_LOCK_DEPTH:          48
[    0.000948] ... MAX_LOCKDEP_KEYS:        8191
[    0.000955] ... CLASSHASH_SIZE:          4096
[    0.000963] ... MAX_LOCKDEP_ENTRIES:     32768
[    0.000970] ... MAX_LOCKDEP_CHAINS:      65536
[    0.000977] ... CHAINHASH_SIZE:          32768
[    0.000985]  memory used by lock dependency info: 5167 kB
[    0.000993]  per task-struct memory footprint: 1152 bytes
[    0.001027] Calibrating delay loop... 996.14 BogoMIPS (lpj=4980736)
[    0.078936] pid_max: default: 32768 minimum: 301
[    0.079321] Security Framework initialized
[    0.079500] Mount-cache hash table entries: 2048 (order: 1, 8192 bytes)
[    0.079517] Mountpoint-cache hash table entries: 2048 (order: 1, 8192 bytes)
[    0.082110] Initializing cgroup subsys memory
[    0.082198] Initializing cgroup subsys devices
[    0.082281] Initializing cgroup subsys freezer
[    0.082362] Initializing cgroup subsys blkio
[    0.082435] Initializing cgroup subsys perf_event
[    0.082514] CPU: Testing write buffer coherency: ok
[    0.083771] CPU0: thread -1, cpu 0, socket -1, mpidr 0
[    0.083902] Setting up static identity map for 0x805f0f58 - 0x805f0fc8
[    0.087456] Brought up 1 CPUs
[    0.087476] SMP: Total of 1 processors activated.
[    0.087486] CPU: All CPU(s) started in SVC mode.
[    0.090639] devtmpfs: initialized
[    0.092844] VFP support v0.3: implementor 41 architecture 3 part 30 variant c rev 3
[    0.130331] omap_hwmod: tptc0 using broken dt data from edma
[    0.130708] omap_hwmod: tptc1 using broken dt data from edma
[    0.131061] omap_hwmod: tptc2 using broken dt data from edma
[    0.139222] omap_hwmod: debugss: _wait_target_disable failed
[    0.197721] pinctrl core: initialized pinctrl subsystem
[    0.200510] regulator-dummy: no parameters
[    0.232179] NET: Registered protocol family 16
[    0.237070] DMA: preallocated 256 KiB pool for atomic coherent allocations
[    0.239383] cpuidle: using governor ladder
[    0.239415] cpuidle: using governor menu
[    0.247147] OMAP GPIO hardware version 0.1
[    0.264068] omap-gpmc 50000000.gpmc: could not find pctldev for node /pinmux@44e10800/nandflash_pins_s0, deferring probe
[    0.264115] platform 50000000.gpmc: Driver omap-gpmc requests probe deferral
[    0.268890] No ATAGs?
[    0.268922] hw-breakpoint: debug architecture 0x4 unsupported.
[    0.309843] edma-dma-engine edma-dma-engine.0: TI EDMA DMA engine driver
[    0.311163] vbat: 5000 mV 
[    0.311939] lis3_reg: no parameters
[    0.315020] SCSI subsystem initialized
[    0.315770] usbcore: registered new interface driver usbfs
[    0.315937] usbcore: registered new interface driver hub
[    0.316069] usbcore: registered new device driver usb
[    0.316843] omap_i2c 44e0b000.i2c: could not find pctldev for node /pinmux@44e10800/pinmux_i2c0_pins, deferring probe
[    0.316881] platform 44e0b000.i2c: Driver omap_i2c requests probe deferral
[    0.316939] omap_i2c 4802a000.i2c: could not find pctldev for node /pinmux@44e10800/pinmux_i2c1_pins, deferring probe
[    0.316963] platform 4802a000.i2c: Driver omap_i2c requests probe deferral
[    0.321228] Switched to clocksource timer1
[    0.458864] NET: Registered protocol family 2
[    0.460671] TCP established hash table entries: 8192 (order: 3, 32768 bytes)
[    0.460920] TCP bind hash table entries: 8192 (order: 6, 294912 bytes)
[    0.463688] TCP: Hash tables configured (established 8192 bind 8192)
[    0.463945] TCP: reno registered
[    0.463978] UDP hash table entries: 512 (order: 3, 40960 bytes)
[    0.464338] UDP-Lite hash table entries: 512 (order: 3, 40960 bytes)
[    0.465649] NET: Registered protocol family 1
[    0.467197] RPC: Registered named UNIX socket transport module.
[    0.467222] RPC: Registered udp transport module.
[    0.467232] RPC: Registered tcp transport module.
[    0.467241] RPC: Registered tcp NFSv4.1 backchannel transport module.
[    0.468622] hw perfevents: enabled with armv7_cortex_a8 PMU driver, 5 counters available
[    0.473151] futex hash table entries: 256 (order: 2, 16384 bytes)
[    0.473351] audit: initializing netlink subsys (disabled)
[    0.473546] audit: type=2000 audit(0.470:1): initialized
[    0.478275] VFS: Disk quotas dquot_6.5.2
[    0.478455] Dquot-cache hash table entries: 1024 (order 0, 4096 bytes)
[    0.480875] NFS: Registering the id_resolver key type
[    0.481456] Key type id_resolver registered
[    0.481475] Key type id_legacy registered
[    0.481680] jffs2: version 2.2. (NAND) (SUMMARY)   2001-2006 Red Hat, Inc.
[    0.483550] msgmni has been set to 1462
[    0.487373] bounce: pool size: 64 pages
[    0.487507] io scheduler noop registered
[    0.487531] io scheduler deadline registered
[    0.487649] io scheduler cfq registered (default)
[    0.489934] pinctrl-single 44e10800.pinmux: 142 pins at pa f9e10800 size 568
[    0.493707] Serial: 8250/16550 driver, 4 ports, IRQ sharing enabled
[    0.499337] omap_uart 44e09000.serial: no wakeirq for uart0
[    0.499929] omap_uart 44e09000.serial: ttyO0 at MMIO 0x44e09000 (irq = 154, base_baud = 3000000) is a OMAP UART0
[    1.251195] console [ttyO0] enabled
[    1.258720] omap_rng 48310000.rng: OMAP Random Number Generator ver. 20
[    1.286753] brd: module loaded
[    1.302642] loop: module loaded
[    1.308785] mtdoops: mtd device (mtddev=name/number) must be supplied
[    1.318459] usbcore: registered new interface driver asix
[    1.324322] usbcore: registered new interface driver ax88179_178a
[    1.330796] usbcore: registered new interface driver cdc_ether
[    1.337083] usbcore: registered new interface driver smsc95xx
[    1.343221] usbcore: registered new interface driver net1080
[    1.349238] usbcore: registered new interface driver cdc_subset
[    1.355568] usbcore: registered new interface driver zaurus
[    1.361634] usbcore: registered new interface driver cdc_ncm
[    1.368616] usbcore: registered new interface driver cdc_wdm
[    1.374786] usbcore: registered new interface driver usb-storage
[    1.381273] usbcore: registered new interface driver usbtest
[    1.389217] mousedev: PS/2 mouse device common for all mice
[    1.398599] omap_rtc 44e3e000.rtc: rtc core: registered 44e3e000.rtc as rtc0
[    1.406973] i2c /dev entries driver
[    1.410697] Driver for 1-wire Dallas network protocol.
[    1.419169] omap_wdt: OMAP Watchdog Timer Rev 0x01: initial timeout 60 sec
[    1.429521] omap_hsmmc 48060000.mmc: unable to get vmmc regulator -517
[    1.436980] platform 48060000.mmc: Driver omap_hsmmc requests probe deferral
[    1.445086] ledtrig-cpu: registered to indicate activity on CPUs
[    1.451924] usbcore: registered new interface driver usbhid
[    1.457745] usbhid: USB HID core driver
[    1.463070] oprofile: using arm/armv7
[    1.467575] TCP: cubic registered
[    1.471165] Initializing XFRM netlink socket
[    1.476037] NET: Registered protocol family 10
[    1.483624] sit: IPv6 over IPv4 tunneling driver
[    1.490684] NET: Registered protocol family 17
[    1.495601] NET: Registered protocol family 15
[    1.500597] Key type dns_resolver registered
[    1.505397] omap_voltage_late_init: Voltage driver support not added
[    1.512087] sr_dev_init: No voltage domain specified for smartreflex0. Cannot initialize
[    1.520537] sr_dev_init: No voltage domain specified for smartreflex1. Cannot initialize
[    1.529704] platform cpufreq-cpu0.0: Driver cpufreq-cpu0 requests probe deferral
[    1.538190] ThumbEE CPU extension supported.
[    1.542770] Registering SWP/SWPB emulation handler
[    1.547791] SmartReflex Class3 initialized
[    1.557220] omap-gpmc 50000000.gpmc: GPMC revision 6.0
[    1.564509] nand: device found, Manufacturer ID: 0x2c, Chip ID: 0xda
[    1.571244] nand: Micron MT29F2G08ABAEAWP
[    1.575432] nand: 256MiB, SLC, page size: 2048, OOB size: 64
[    1.581369] omap2-nand omap2-nand.0: CONFIG_MTD_NAND_OMAP_BCH not enabled
[    1.588549] omap2-nand: probe of omap2-nand.0 failed with error -22
[    1.603129] tps65910 0-002d: No interrupt support, no core IRQ
[    1.616657] vrtc: 1800 mV 
[    1.620050] vrtc: supplied by vbat
[    1.627039] vio: at 1500 mV 
[    1.630277] vio: supplied by vbat
[    1.636869] vdd_mpu: 912 <--> 1312 mV at 1325 mV 
[    1.642082] vdd_mpu: supplied by vbat
[    1.648949] vdd_core: 912 <--> 1150 mV at 1137 mV 
[    1.654237] vdd_core: supplied by vbat
[    1.660815] vdd3: 5000 mV 
[    1.666052] vdig1: at 1800 mV 
[    1.669444] vdig1: supplied by vbat
[    1.675648] vdig2: at 1800 mV 
[    1.679034] vdig2: supplied by vbat
[    1.685212] vpll: at 1800 mV 
[    1.688506] vpll: supplied by vbat
[    1.694644] vdac: at 1800 mV 
[    1.697934] vdac: supplied by vbat
[    1.703995] vaux1: at 1800 mV 
[    1.707382] vaux1: supplied by vbat
[    1.713560] vaux2: at 3300 mV 
[    1.716939] vaux2: supplied by vbat
[    1.723099] vaux33: at 3300 mV 
[    1.726570] vaux33: supplied by vbat
[    1.732813] vmmc: 1800 <--> 3300 mV at 3300 mV 
[    1.737736] vmmc: supplied by vbat
[    1.743541] vbb: at 3000 mV 
[    1.747006] vbb: supplied by vbat
[    1.752193] omap_i2c 44e0b000.i2c: bus 0 rev0.11 at 400 kHz
[    1.764963] omap_i2c 4802a000.i2c: bus 1 rev0.11 at 100 kHz
[    1.814308] cpufreq: __cpufreq_add_dev: CPU0: Running at unlisted freq: 1000000 KHz
[    1.824461] cpufreq: __cpufreq_add_dev: CPU0: Unlisted initial frequency changed to: 720000 KHz
[    1.889317] mmc0: host does not support reading read-only switch, assuming write-enable
[    1.900240] mmc0: new high speed SDHC card at address 0007
[    1.908618] davinci_mdio 4a101000.mdio: davinci mdio revision 1.6
[    1.915171] davinci_mdio 4a101000.mdio: detected phy mask fffffffe
[    1.922961] mmcblk0: mmc0:0007 SD4GB 3.70 GiB 
[    1.935745] libphy: 4a101000.mdio: probed
[    1.939966] davinci_mdio 4a101000.mdio: phy[0]: device 4a101000.mdio:00, driver Atheros 8031 ethernet
[    1.951453] cpsw 4a100000.ethernet: Detected MACID = c8:a0:30:a1:b6:c0
[    1.964847] input: volume_keys@0 as /devices/volume_keys@0/input/input0
[    1.973683]  mmcblk0: p1 p2 p3
[    1.979279] omap_rtc 44e3e000.rtc: setting system clock to 2000-01-01 00:00:01 UTC (946684801)
[    1.988513] sr_init: No PMIC hook to init smartreflex
[    1.994246] sr_init: platform driver register failed for SR
[    2.029664] net eth0: initializing cpsw version 1.12 (0)
[    2.111920] net eth0: phy found : id is : 0x4dd074
[    2.117168] libphy: PHY 4a101000.mdio:01 not found
[    2.122245] net eth0: phy 4a101000.mdio:01 not found on slave 1
[    2.135554] IPv6: ADDRCONF(NETDEV_UP): eth0: link is not ready
[    6.112347] cpsw 4a100000.ethernet eth0: Link is Up - 1Gbps/Full - flow control rx/tx
[    6.122081] IPv6: ADDRCONF(NETDEV_CHANGE): eth0: link becomes ready
[    6.141311] Sending DHCP requests ., OK
[    6.181905] IP-Config: Got DHCP answer from 192.168.0.1, my address is 192.168.0.246
[    6.191594] IP-Config: Complete:
[    6.195077]      device=eth0, hwaddr=c8:a0:30:a1:b6:c0, ipaddr=192.168.0.246, mask=255.255.255.0, gw=192.168.0.1
[    6.205962]      host=192.168.0.246, domain=ti.com, nis-domain=(none)
[    6.212868]      bootserver=192.168.0.1, rootserver=192.168.0.1, rootpath=
[    6.219983]      nameserver0=192.0.2.2, nameserver1=192.0.2.3
[    6.229437] lis3_reg: disabling
[    6.323241] EXT4-fs (mmcblk0p2): mounted filesystem with ordered data mode. Opts: (null)
[    6.332354] VFS: Mounted root (ext4 filesystem) on device 179:2.
[    6.349697] devtmpfs: mounted
[    6.354152] Freeing unused kernel memory: 408K (c086b000 - c08d1000)
INIT: version 2.88 booting
Error opening /dev/fb0: No such file or directory
Starting udev
[    7.759483] udevd[82]: starting version 182
[   11.380953] random: nonblocking pool is initialized
[   14.947152] EXT4-fs (mmcblk0p3): warning: mounting unchecked fs, running e2fsck is recommended
[   14.989361] EXT4-fs (mmcblk0p3): mounted filesystem without journal. Opts: (null)
[   15.007175] FAT-fs (mmcblk0p1): Volume was not properly unmounted. Some data may be corrupt. Please run fsck.
Starting Bootlog daemon: bootlogd: cannot allocate pseudo tty: No such file or directory
bootlogd.
[   15.788221] EXT4-fs (mmcblk0p2): re-mounted. Opts: data=ordered
ALSA: Restoring mixer settings...
/usr/sbin/alsactl: load_state:1696: No soundcards found...
Configuring network interfaces... udhcpc (v1.20.2) started
Sending discover...
Sending select for 192.168.0.112...
Lease of 192.168.0.112 obtained, lease time 7200
/etc/udhcpc.d/50default: Adding DNS 192.0.2.2
/etc/udhcpc.d/50default: Adding DNS 192.0.2.3
done.
Sun Dec 29 07:14:00 UTC 2013
INIT: Entering runlevel: 5
Starting system message bus: dbus.
Starting Dropbear SSH server: dropbear.
Starting telnet daemon.
Starting syslogd/klogd: done
Starting thttpd.
Starting Lighttpd Web Server: lighttpd.
2013-12-29 07:14:01: (log.c.166) server started 
/etc/rc5.d/S96am335x-pm-firmware-load: line 4: /sys/devices/ocp.2/44d00000.wkup_m3/firmware/am335x-pm-firmware.bin/loading: No such file or directory
/etc/rc5.d/S96am335x-pm-firmware-load: line 5: /sys/devices/ocp.2/44d00000.wkup_m3/firmware/am335x-pm-firmware.bin/data: No such file or directory
/etc/rc5.d/S96am335x-pm-firmware-load: line 6: /sys/devices/ocp.2/44d00000.wkup_m3/firmware/am335x-pm-firmware.bin/loading: No such file or directory
Starting Matrix GUI application.
***************************************************************
***************************************************************
NOTICE: This file system contains the followin GPLv3 packages:
	binutils-symlinks
	binutils
	gdbserver
If you do not wish to distribute GPLv3 components please remove
the above packages prior to distribution.  This can be done using
the opkg remove command.  i.e.:
    opkg remove <package>
Where <package> is the name printed in the list above
NOTE: If the package is a dependency of another package you
      will be notified of the dependent packages.  You should
      use the --force-removal-of-dependent-packages option to
      also remove the dependent packages as well
***************************************************************
***************************************************************
Stopping Bootlog daemon: bootlogd.
 _____                    _____           _         _   
|  _  |___ ___ ___ ___   |  _  |___ ___  |_|___ ___| |_ 
|     |  _| .'| . | . |  |   __|  _| . | | | -_|  _|  _|
|__|__|_| |__,|_  |___|  |__|  |_| |___|_| |___|___|_|  
              |___|                    |___|            
Arago Project http://arago-project.org am335x-evm ttyO0
Arago 2013.10 am335x-evm ttyO0
am335x-evm login: 
- 06:34:43 [INFO] Host: root
- 06:34:44 [INFO] Target: 
root
root@am335x-evm:~# 
- 06:34:44 [INFO] Host: uname -a
- 06:34:44 [INFO] Target: 
uname -a
Linux am335x-evm 3.17.0-rc7-next-20141001-00002-g14cab8f #1 SMP Thu Oct 2 05:31:09 CDT 2014 armv7l GNU/Linux
root@am335x-evm:~# 
- 06:34:44 [INFO] Host: cat /proc/cmdline
- 06:34:45 [INFO] Target: 
cat /proc/cmdline
console=ttyO0,115200n8 earlyprintk rootwait   ip=dhcp  root=PARTUUID=00000000-02 rw rootfstype=ext4 rootwait 
root@am335x-evm:~# 
- 06:34:45 [INFO] Host: uname -a
- 06:34:45 [INFO] Target: 
uname -a
Linux am335x-evm 3.17.0-rc7-next-20141001-00002-g14cab8f #1 SMP Thu Oct 2 05:31:09 CDT 2014 armv7l GNU/Linux
root@am335x-evm:~# 
- 06:34:45 [INFO] Host: cat /proc/mtd
- 06:34:46 [INFO] Target: 
cat /proc/mtd
dev:    size   erasesize  name
root@am335x-evm:~# 
- 06:34:54 [INFO] Host: export IPERFHOST=192.168.0.1
- 06:34:54 [INFO] Target: 
export IPERFHOST=192.168.0.1
root@am335x-evm:~# 
- 06:34:54 [INFO] Host: export NFS_SERVER=192.168.0.1
- 06:34:55 [INFO] Target: 
export NFS_SERVER=192.168.0.1
root@am335x-evm:~# 
- 06:34:55 [INFO] Host: export NFS_ROOT_PATH=/home/tigtfarm02/NFS_exports/am335x-evm
- 06:34:55 [INFO] Target: 
export NFS_ROOT_PATH=/home/tigtfarm02/NFS_exports/am335x-evm
root@am335x-evm:~# 
- 06:34:55 [INFO] Host: mkdir -p -m 777 /test
- 06:34:56 [INFO] Target: 
mkdir -p -m 777 /test
root@am335x-evm:~# 
- 06:34:56 [INFO] Host: cd /test
- 06:34:56 [INFO] Target: 
cd /test
root@am335x-evm:/test# 
- 06:34:56 [INFO] Host: cat > test.sh << EOF
- 06:34:57 [INFO] Target: 
cat > test.sh << EOF
- 06:34:57 [INFO] Host: failtest() {
- 06:34:57 [INFO] Target: 
failtest() {
- 06:34:57 [INFO] Host:   echo 1 >&3
- 06:34:58 [INFO] Target: 
  echo 1 >&3
- 06:34:58 [INFO] Host: }
- 06:34:58 [INFO] Target: 
- 06:34:58 [INFO] Host: timeout=600
- 06:34:59 [INFO] Target: 
timeout=600
- 06:34:59 [INFO] Host: 
- 06:34:59 [INFO] Target: 
- 06:34:59 [INFO] Host: # Start of user's script logic
- 06:35:00 [INFO] Target: 
# Start of user's script logic
- 06:35:00 [INFO] Host: 
- 06:35:00 [INFO] Target: 
- 06:35:00 [INFO] Host: 
- 06:35:01 [INFO] Target: 
- 06:35:01 [INFO] Host: mount -t proc proc /proc 2>/dev/null;
- 06:35:01 [INFO] Target: 
mount -t proc proc /proc 2>/dev/null;
- 06:35:01 [INFO] Host: 
- 06:35:02 [INFO] Target: 
- 06:35:02 [INFO] Host: mount -t sysfs sys /sys 2>/dev/null;
- 06:35:02 [INFO] Target: 
mount -t sysfs sys /sys 2>/dev/null;
- 06:35:02 [INFO] Host: 
- 06:35:03 [INFO] Target: 
- 06:35:03 [INFO] Host: mount -t debugfs none /sys/kernel/debug 2>/dev/null;
- 06:35:03 [INFO] Target: 
mount -t debugfs none /sys/kernel/debug 2>/dev/null;
- 06:35:03 [INFO] Host: 
- 06:35:04 [INFO] Target: 
- 06:35:04 [INFO] Host: echo 'cpuinfo:';cat /proc/cpuinfo; echo '=======';
- 06:35:04 [INFO] Target: 
echo 'cpuinfo:';cat /proc/cpuinfo; echo '=======';
- 06:35:04 [INFO] Host: 
- 06:35:05 [INFO] Target: 
- 06:35:05 [INFO] Host: echo 'soc info:';head /sys/devices/soc0/* 2>/dev/null; echo '=======';
- 06:35:05 [INFO] Target: 
echo 'soc info:';head /sys/devices/soc0/* 2>/dev/null; echo '=======';
- 06:35:05 [INFO] Host: 
- 06:35:06 [INFO] Target: 
- 06:35:06 [INFO] Host: echo 'DT Model info'; head /proc/device-tree/name /proc/device-tree/model /proc/device-tree/compatible 2>/dev/null;echo; echo '=======';
- 06:35:06 [INFO] Target: 
echo 'DT Model info'; head /proc/device-tree/name /proc/device-tree/model /pro 
c/device-tree/compatible 2>/dev/null;echo; echo '=======';
- 06:35:06 [INFO] Host: 
- 06:35:07 [INFO] Target: 
- 06:35:07 [INFO] Host: echo 'interrupts:';cat /proc/interrupts; echo '=======';
- 06:35:07 [INFO] Target: 
echo 'interrupts:';cat /proc/interrupts; echo '=======';
- 06:35:07 [INFO] Host: 
- 06:35:08 [INFO] Target: 
- 06:35:08 [INFO] Host: echo 'Clk_summary:';cat /sys/kernel/debug/clk/clk_summary; echo '=======';
- 06:35:08 [INFO] Target: 
echo 'Clk_summary:';cat /sys/kernel/debug/clk/clk_summary; echo '=======';
- 06:35:08 [INFO] Host: 
- 06:35:09 [INFO] Target: 
- 06:35:09 [INFO] Host: echo 'Orphan Clks:';ls /sys/kernel/debug/clk/orphans/; echo '=======';
- 06:35:09 [INFO] Target: 
echo 'Orphan Clks:';ls /sys/kernel/debug/clk/orphans/; echo '=======';
- 06:35:09 [INFO] Host: 
- 06:35:10 [INFO] Target: 
- 06:35:10 [INFO] Host: echo "Available frequencies"; cat /sys/devices/system/cpu/cpu0/cpufreq/scaling_available_frequencies 2>/dev/null;echo '=======';
- 06:35:10 [INFO] Target: 
echo "Available frequencies"; cat /sys/devices/system/cpu/cpu0/cpufreq/scaling 
_available_frequencies 2>/dev/null;echo '=======';
- 06:35:10 [INFO] Host: 
- 06:35:11 [INFO] Target: 
- 06:35:11 [INFO] Host: echo 'H''ello World' 'B''oard Booted';
- 06:35:11 [INFO] Target: 
echo 'H''ello World' 'B''oard Booted';
- 06:35:11 [INFO] Host: 
- 06:35:12 [INFO] Target: 
- 06:35:12 [INFO] Host: EOF
- 06:35:12 [INFO] Target: 
root@am335x-evm:/test# 
- 06:35:12 [INFO] Host: cd /test
- 06:35:13 [INFO] Target: 
cd /test
root@am335x-evm:/test# 
- 06:35:13 [INFO] Host: chmod +x test.sh
- 06:35:13 [INFO] Target: 
chmod +x test.sh
root@am335x-evm:/test# 
- 06:35:13 [INFO] Host: ./test.sh 2> stderr.log > stdout.log 3> result.log
- 06:35:14 [INFO] Target: 
./test.sh 2> stderr.log > stdout.log 3> result.log
root@am335x-evm:/test# 
- 06:35:14 [INFO] Host: echo $?
- 06:35:14 [INFO] Target: 
echo $?
root@am335x-evm:/test# 
- 06:35:14 [INFO] Host: cd /test
- 06:35:15 [INFO] Target: 
cd /test
root@am335x-evm:/test# 
- 06:35:15 [INFO] Host: cat stdout.log
- 06:35:16 [INFO] Target: 
cat stdout.log
cpuinfo:
processor	: 0
model name	: ARMv7 Processor rev 2 (v7l)
Features	: half thumb fastmult vfp edsp thumbee neon vfpv3 tls vfpd32 
CPU implementer	: 0x41
CPU architecture: 7
CPU variant	: 0x3
CPU part	: 0xc08
CPU revision	: 2
Hardware	: Generic AM33XX (Flattened Device Tree)
Revision	: 0000
Serial		: 0000000000000000
=======
soc info:
==> /sys/devices/soc0/family <==
Unknown
==> /sys/devices/soc0/machine <==
AM335X
==> /sys/devices/soc0/power <==
==> /sys/devices/soc0/revision <==
ES2.1
==> /sys/devices/soc0/subsystem <==
==> /sys/devices/soc0/type <==
==> /sys/devices/soc0/uevent <==
=======
DT Model info
==> /proc/device-tree/name <==
==> /proc/device-tree/model <==
TI AM335x EVM
==> /proc/device-tree/compatible <==
ti,am335x-evmti,am33xx
=======
interrupts:
           CPU0       
 16:       3386      INTC  68  gp_timer
 19:       2608      INTC  12  edma
 21:         21      INTC  14  edma_error
 25:          0  44e07000.gpio   2  volume-up
 26:          0  44e07000.gpio   3  volume-down
 29:          0  44e07000.gpio   6  mmc0
154:       4264      INTC  72  OMAP UART0
155:        325      INTC  70  44e0b000.i2c
156:          0      INTC  71  4802a000.i2c
157:       7951      INTC  64  mmc0
165:          0      INTC  75  rtc0
166:          0      INTC  76  rtc0
167:          0      INTC  40  4a100000.ethernet
168:         21      INTC  41  4a100000.ethernet
169:         17      INTC  42  4a100000.ethernet
170:          0      INTC  43  4a100000.ethernet
174:          0      INTC 100  gpmc
179:          0      INTC 111  48310000.rng
IPI0:          0  CPU wakeup interrupts
IPI1:          0  Timer broadcast interrupts
IPI2:          0  Rescheduling interrupts
IPI3:          0  Function call interrupts
IPI4:          0  Single function call interrupts
IPI5:          0  CPU stop interrupts
IPI6:          0  IRQ work interrupts
IPI7:          0  completion interrupts
Err:          0
=======
Clk_summary:
   clock                         enable_cnt  prepare_cnt        rate   accuracy   phase
----------------------------------------------------------------------------------------
 tclkin_ck                                0            0    12000000          0 0  
 virt_26000000_ck                         0            0    26000000          0 0  
 virt_25000000_ck                         0            0    25000000          0 0  
 virt_24000000_ck                         1            1    24000000          0 0  
    sys_clkin_ck                          9           23    24000000          0 0  
       timer6_fck                         0            1    24000000          0 0  
       timer3_fck                         0            1    24000000          0 0  
       dbg_sysclk_ck                      0            1    24000000          0 0  
       timer7_fck                         0            1    24000000          0 0  
       timer5_fck                         0            1    24000000          0 0  
       timer4_fck                         0            1    24000000          0 0  
       timer2_fck                         1            1    24000000          0 0  
       timer1_fck                         1            1    24000000          0 0  
       cefuse_fck                         0            0    24000000          0 0  
       dpll_per_ck                        1            2   960000000          0 0  
          usbotg_fck                      0            1   960000000          0 0  
          dpll_per_m2_ck                  2            4   192000000          0 0  
             ehrpwm2_tbclk                0            0   192000000          0 0  
             ehrpwm1_tbclk                0            0   192000000          0 0  
             ehrpwm0_tbclk                0            0   192000000          0 0  
             mmc_clk                      0            3    96000000          0 0  
             clk_24mhz                    1            1    24000000          0 0  
                clkdiv32k_ck              1            1       32786          0 0  
                   clkdiv32k_ick           1            5       32786          0 0  
                      wdt1_fck            0            1       32786          0 0  
                      gpio3_dbclk           0            1       32786          0 0  
                      gpio2_dbclk           0            1       32786          0 0  
                      gpio1_dbclk           0            1       32786          0 0  
             dpll_per_m2_div4_ck           0            9    48000000          0 0  
             dpll_per_m2_div4_wkupdm_ck           2            2    48000000          0 0  
       dpll_disp_ck                       0            1    24000000          0 0  
          dpll_disp_m2_ck                 0            1    24000000          0 0  
             lcd_gclk                     0            1    24000000          0 0  
       dpll_ddr_ck                        1            1   303000000          0 0  
          dpll_ddr_m2_ck                  2            2   303000000          0 0  
             dpll_ddr_m2_div2_ck           1            1   151500000          0 0  
       dpll_mpu_ck                        1            1   600000000          0 0  
          dpll_mpu_m2_ck                  4            4   600000000          0 0  
       dpll_core_ck                       1            1  1000000000          0 0  
          dpll_core_x2_ck                 2            2  2000000000          0 0  
             dpll_core_m6_ck              0            0   500000000          0 0  
             dpll_core_m5_ck              1            1   250000000          0 0  
                cpsw_cpts_rft_clk           0            0   250000000          0 0  
                cpsw_125mhz_gclk           3            3   125000000          0 0  
             dpll_core_m4_ck              9           11   200000000          0 0  
                dbg_clka_ck               0            2   200000000          0 0  
                   trace_pmd_clk_mux_ck           0            1   200000000          0 0  
                      trace_clk_div_ck           0            1    50000000          0 0  
                   stm_pmd_clock_mux_ck           0            0   200000000          0 0  
                      stm_clk_div_ck           0            0    50000000          0 0  
                gfx_fclk_clksel_ck           0            1   200000000          0 0  
                   gfx_fck_div_ck           0            1   200000000          0 0  
                sysclk_div_ck             0            0   200000000          0 0  
                l4hs_gclk                 2            2   200000000          0 0  
                l4_rtc_gclk               0            0   100000000          0 0  
                dpll_core_m4_div2_ck          16           17   100000000          0 0  
                   l4ls_gclk             41           59   100000000          0 0  
                   l4fw_gclk              1            1   100000000          0 0  
                   l3s_gclk               9           10   100000000          0 0  
                   ieee5000_fck           0            0   100000000          0 0  
                mmu_fck                   0            0   200000000          0 0  
                l3_gclk                  13           15   200000000          0 0  
                   pruss_ocp_gclk           0            1   200000000          0 0  
       rng_fck                            2            2    24000000          0 0  
       aes0_fck                           1            2    24000000          0 0  
       sha0_fck                           1            1    24000000          0 0  
       smartreflex1_fck                   0            1    24000000          0 0  
       smartreflex0_fck                   0            1    24000000          0 0  
       mcasp1_fck                         0            1    24000000          0 0  
       mcasp0_fck                         0            1    24000000          0 0  
       dcan1_fck                          0            1    24000000          0 0  
       dcan0_fck                          0            1    24000000          0 0  
       adc_tsc_fck                        0            1    24000000          0 0  
 virt_19200000_ck                         0            0    19200000          0 0  
 clk_rc32k_ck                             1            1       32000          0 0  
    gpio0_dbclk_mux_ck                    1            1       32000          0 0  
       gpio0_dbclk                        1            2       32000          0 0  
 clk_32768_ck                             2            2       32768          0 0  
    sysclkout_pre_ck                      1            1       32768          0 0  
       clkout2_div_ck                     1            1       32768          0 0  
          clkout2_ck                      1            1       32768          0 0  
=======
Orphan Clks:
=======
Available frequencies
275000 500000 600000 720000 
=======
Hello World Board Booted
root@am335x-evm:/test# 
- 06:35:16 [INFO] Host: cat stderr.log
- 06:35:16 [INFO] Target: 
cat stderr.log
ls: /sys/kernel/debug/clk/orphans/: No such file or directory
root@am335x-evm:/test# 
- 06:35:16 [INFO] Host: cat result.log
- 06:35:18 [ERROR] On command: cat result.log waiting for cat result.log.+?(?m-ix:^1[\0\n\r]+) >>> error: execution expired
- 06:35:18 [INFO] Target: 
cat result.log
root@am335x-evm:/test# 
- 06:35:18 [INFO] Host: cd /test
- 06:35:19 [INFO] Target: 
cd /test
root@am335x-evm:/test# 
