- 16:16:14 [INFO] Starting target session
- 16:16:14 [INFO] Connected to am335x-evm via serial 
- 16:16:14 [INFO] Host: #check prompt
- 16:16:17 [ERROR] On command: #check prompt waiting for #check prompt.+?(?-mix:((?-mix:login:)|[Pp]assword)) >>> error: execution expired
- 16:16:17 [INFO] Target: 
#check prompt
root@am335x-evm:~# 
- 16:16:17 [INFO] Host: #check prompt
- 16:16:17 [INFO] Target: 
#check prompt
root@am335x-evm:~# 
- 16:16:17 [INFO] Host: sync;poweroff
- 16:16:28 [INFO] Target: 
sync;poweroff
Broadcast message from root@am335x-evm (ttyO0) (Thu Dec 11 09:58:44 2014):
The system is going down for system halt NOW!
INIT: Switching to runlevel: 0
root@am335x-evm:~# 
INIT: Sending processes the TERM signal
UIM SYSFS Node Found at /sys/./devices/kim.11/install
Stopping uim-sysfs daemon.
Stopping Dropbear SSH server: stopped /usr/sbin/dropbear (pid 1492)
dropbear.
Stopping telnet daemon.
Stopping system message bus: dbus.
Stopping syslogd/klogd: stopped syslogd (pid 1528)
stopped klogd (pid 1531)
done
Stopping thttpd.
Stopping Weston
stopping statd: done
ALSA: Storing mixer settings...
Stopping PVR
rmmod: ERROR: Module bufferclass_ti is not currently loaded
Stopping rpcbind daemon...
done.
Stopping Lighttpd Web Server: stopped /usr/sbin/lighttpd (pid 1574)
lighttpd.
NOT deconfiguring network interfaces: / is an NFS mount
Stopping Matrix GUI applicationstart-stop-daemon: warning: killing process 1582: No such process
***************************************************************
***************************************************************
NOTICE: This file system contains the followin GPLv3 packages:
	binutils
	elfutils
	gdbserver
	libdw1
	libelf1
If you do not wish to distribute GPLv3 components please remove
the above packages prior to distribution.  This can be done using
the opkg remove command.  i.e.:
    opkg remove <package>
Where <package> is the name printed in the list above
NOTE: If the package is a dependency of another package you
      will be notified of the dependent packages.  You should
      use the --force-removal-of-dependent-packages option to
      also remove the dependent packages as well
***************************************************************
***************************************************************
Sending all processes the TERM signal...
Error VT_WAITACTIVE failed
: Interrupted system call
Sending all processes the KILL signal...
Unmounting remote filesystems...
Deactivating swap...
Unmounting local filesystems...
[ 1631.363185] reboot: System halted
- 16:16:28 [INFO] Disconnected serial from am335x-evm
- 16:16:49 [INFO] Connected to am335x-evm via serial 
- 16:16:49 [INFO] Host: 
- 16:16:49 [ERROR] On command:  waiting for (?-mix:U-Boot#) >>> error: execution expired
- 16:16:49 [INFO] Target: 
U-Boot SPL 2014.07-g8f725ef (Oct 12 2014 - 06:28:07)
- 16:16:49 [INFO] Host: 
- 16:16:50 [ERROR] On command:  waiting for (?-mix:U-Boot#) >>> error: execution expired
- 16:16:50 [INFO] Target: 
- 16:16:50 [INFO] Host: 
- 16:16:50 [ERROR] On command:  waiting for (?-mix:U-Boot#) >>> error: execution expired
- 16:16:50 [INFO] Target: 
- 16:16:50 [INFO] Host: 
- 16:16:51 [ERROR] On command:  waiting for (?-mix:U-Boot#) >>> error: execution expired
- 16:16:51 [INFO] Target: 
- 16:16:51 [INFO] Host: 
- 16:16:51 [ERROR] On command:  waiting for (?-mix:U-Boot#) >>> error: execution expired
- 16:16:51 [INFO] Target: 
reading args
spl_load_image_fat_os: error reading image args, err - -1
reading u-boot.img
reading u-boot.img
U-Boot 2014.07-g8f725ef (Oct 12 2014 - 06:28:07)
I2C:   ready
DRAM:  1 GiB
- 16:16:51 [INFO] Host: 
- 16:16:52 [INFO] Target: 
NAND:  256 MiB
MMC:   OMAP SD/MMC: 0, OMAP SD/MMC: 1
reading uboot.env
** Unable to read "uboot.env" from mmc0:1 **
Using default environment
Net:   <ethaddr> not set. Validating first E-fuse MAC
cpsw, usb_ether
Hit any key to stop autoboot:  1  0 
U-Boot# 
- 16:16:52 [INFO] Host: 
- 16:16:52 [INFO] Target: 
U-Boot# 
- 16:16:52 [INFO] Host: version
- 16:16:53 [INFO] Target: 
version
U-Boot 2014.07-g8f725ef (Oct 12 2014 - 06:28:07)
arm-linux-gnueabihf-gcc (crosstool-NG linaro-1.13.1-4.7-2013.03-20130313 - Linaro GCC 2013.03) 4.7.3 20130226 (prerelease)
GNU ld (crosstool-NG linaro-1.13.1-4.7-2013.03-20130313 - Linaro GCC 2013.03) 2.23.1
U-Boot# 
- 16:16:53 [INFO] Host: setenv bootargs 'console=ttyO0,115200n8 earlyprintk rootwait  '
- 16:16:53 [INFO] Target: 
setenv bootargs 'console=ttyO0,115200n8 earlyprintk rootwait  '
U-Boot# 
- 16:16:53 [INFO] Host: setenv bootcmd  ''
- 16:16:54 [INFO] Target: 
setenv bootcmd  ''
U-Boot# 
- 16:16:54 [INFO] Host: setenv autoload 'no'
- 16:16:54 [INFO] Target: 
setenv autoload 'no'
U-Boot# 
- 16:16:54 [INFO] Host: setenv serverip '192.168.0.1'
- 16:16:55 [INFO] Target: 
setenv serverip '192.168.0.1'
U-Boot# 
- 16:16:55 [INFO] Host: printenv
- 16:16:55 [INFO] Target: 
printenv
arch=arm
autoload=no
baudrate=115200
board=am335x
board_name=A33515BB
board_rev=1.5B
boot_fdt=try
bootargs=console=ttyO0,115200n8 earlyprintk rootwait  
bootcmd=
bootcount=1
bootdelay=1
bootdir=/boot
bootenv=uEnv.txt
bootfile=zImage
bootm_size=0x10000000
bootpart=0:2
console=ttyO0,115200n8
cpu=armv7
dfu_alt_info_emmc=rawemmc raw 0 3751936
dfu_alt_info_mmc=boot part 0 1;rootfs part 0 2;MLO fat 0 1;MLO.raw raw 0x100 0x100;u-boot.img.raw raw 0x300 0x400;spl-os-args.raw raw 0x80 0x80;spl-os-image.raw raw 0x900 0x2000;spl-os-args fat 0 1;spl-os-image fat 0 1;u-boot.img fat 0 1;uEnv.txt fat 0 1
dfu_alt_info_nand=SPL part 0 1;SPL.backup1 part 0 2;SPL.backup2 part 0 3;SPL.backup3 part 0 4;u-boot part 0 5;u-boot-spl-os part 0 6;kernel part 0 8;rootfs part 0 9
dfu_alt_info_ram=kernel ram 0x80200000 0xD80000;fdt ram 0x80F80000 0x80000;ramdisk ram 0x81000000 0x4000000
eth1addr=c8:a0:30:a1:b6:c2
ethact=cpsw
ethaddr=c8:a0:30:a1:b6:c0
fdt_addr_r=0x88000000
fdtaddr=0x88000000
fdtfile=undefined
findfdt=if test $board_name = A335BONE; then setenv fdtfile am335x-bone.dtb; fi; if test $board_name = A335BNLT; then setenv fdtfile am335x-boneblack.dtb; fi; if test $board_name = A33515BB; then setenv fdtfile am335x-evm.dtb; fi; if test $board_name = A335X_SK; then setenv fdtfile am335x-evmsk.dtb; fi; if test $fdtfile = undefined; then echo WARNING: Could not determine device tree to use; fi; 
importbootenv=echo Importing environment from mmc ...; env import -t -r $loadaddr $filesize
kernel_addr_r=0x82000000
loadaddr=0x82000000
loadbootenv=load mmc ${mmcdev} ${loadaddr} ${bootenv}
loadfdt=load mmc ${bootpart} ${fdtaddr} ${bootdir}/${fdtfile}
loadimage=load mmc ${bootpart} ${loadaddr} ${bootdir}/${bootfile}
loadramdisk=load mmc ${mmcdev} ${rdaddr} ramdisk.gz
mmcargs=setenv bootargs console=${console} ${optargs} root=${mmcroot} rootfstype=${mmcrootfstype}
mmcboot=mmc dev ${mmcdev}; if mmc rescan; then echo SD/MMC found on device ${mmcdev};if run loadbootenv; then echo Loaded environment from ${bootenv};run importbootenv;fi;if test -n $uenvcmd; then echo Running uenvcmd ...;run uenvcmd;fi;if run loadimage; then run mmcloados;fi;fi;
mmcdev=0
mmcloados=run mmcargs; if test ${boot_fdt} = yes || test ${boot_fdt} = try; then if run loadfdt; then bootz ${loadaddr} - ${fdtaddr}; else if test ${boot_fdt} = try; then bootz; else echo WARN: Cannot load the DT; fi; fi; else bootz; fi;
mmcroot=/dev/mmcblk0p2 ro
mmcrootfstype=ext4 rootwait
mtdids=nand0=nand.0
mtdparts=mtdparts=nand.0:128k(NAND.SPL),128k(NAND.SPL.backup1),128k(NAND.SPL.backup2),128k(NAND.SPL.backup3),256k(NAND.u-boot-spl-os),1m(NAND.u-boot),128k(NAND.u-boot-env),128k(NAND.u-boot-env.backup1),8m(NAND.kernel),-(NAND.file-system)
nandargs=setenv bootargs console=${console} ${optargs} root=${nandroot} rootfstype=${nandrootfstype}
nandboot=echo Booting from nand ...; run nandargs; nand read ${fdtaddr} NAND.u-boot-spl-os; nand read ${loadaddr} NAND.kernel; bootz ${loadaddr} - ${fdtaddr}
nandroot=ubi0:rootfs rw ubi.mtd=NAND.file-system,2048
nandrootfstype=ubifs rootwait=1
netargs=setenv bootargs console=${console} ${optargs} root=/dev/nfs nfsroot=${serverip}:${rootpath},${nfsopts} rw ip=dhcp
netboot=echo Booting from network ...; setenv autoload no; dhcp; tftp ${loadaddr} ${bootfile}; tftp ${fdtaddr} ${fdtfile}; run netargs; bootz ${loadaddr} - ${fdtaddr}
nfsopts=nolock
partitions=uuid_disk=${uuid_gpt_disk};name=rootfs,start=2MiB,size=-,uuid=${uuid_gpt_rootfs}
ramargs=setenv bootargs console=${console} ${optargs} root=${ramroot} rootfstype=${ramrootfstype}
ramboot=echo Booting from ramdisk ...; run ramargs; bootz ${loadaddr} ${rdaddr} ${fdtaddr}
ramdisk_addr_r=0x88080000
ramroot=/dev/ram0 rw
ramrootfstype=ext2
rdaddr=0x88080000
rootpath=/export/rootfs
serverip=192.168.0.1
soc=am33xx
spiargs=setenv bootargs console=${console} ${optargs} root=${spiroot} rootfstype=${spirootfstype}
spiboot=echo Booting from spi ...; run spiargs; sf probe ${spibusno}:0; sf read ${loadaddr} ${spisrcaddr} ${spiimgsize}; bootz ${loadaddr}
spibusno=0
spiimgsize=0x362000
spiroot=/dev/mtdblock4 rw
spirootfstype=jffs2
spisrcaddr=0xe0000
static_ip=${ipaddr}:${serverip}:${gatewayip}:${netmask}:${hostname}::off
stderr=serial
stdin=serial
stdout=serial
usbnet_devaddr=c8:a0:30:a1:b6:c2
vendor=ti
ver=U-Boot 2014.07-g8f725ef (Oct 12 2014 - 06:28:07)
Environment size: 4465/131068 bytes
U-Boot# 
- 16:16:55 [INFO] Host: printenv
- 16:16:56 [INFO] Target: 
printenv
arch=arm
autoload=no
baudrate=115200
board=am335x
board_name=A33515BB
board_rev=1.5B
boot_fdt=try
bootargs=console=ttyO0,115200n8 earlyprintk rootwait  
bootcmd=
bootcount=1
bootdelay=1
bootdir=/boot
bootenv=uEnv.txt
bootfile=zImage
bootm_size=0x10000000
bootpart=0:2
console=ttyO0,115200n8
cpu=armv7
dfu_alt_info_emmc=rawemmc raw 0 3751936
dfu_alt_info_mmc=boot part 0 1;rootfs part 0 2;MLO fat 0 1;MLO.raw raw 0x100 0x100;u-boot.img.raw raw 0x300 0x400;spl-os-args.raw raw 0x80 0x80;spl-os-image.raw raw 0x900 0x2000;spl-os-args fat 0 1;spl-os-image fat 0 1;u-boot.img fat 0 1;uEnv.txt fat 0 1
dfu_alt_info_nand=SPL part 0 1;SPL.backup1 part 0 2;SPL.backup2 part 0 3;SPL.backup3 part 0 4;u-boot part 0 5;u-boot-spl-os part 0 6;kernel part 0 8;rootfs part 0 9
dfu_alt_info_ram=kernel ram 0x80200000 0xD80000;fdt ram 0x80F80000 0x80000;ramdisk ram 0x81000000 0x4000000
eth1addr=c8:a0:30:a1:b6:c2
ethact=cpsw
ethaddr=c8:a0:30:a1:b6:c0
fdt_addr_r=0x88000000
fdtaddr=0x88000000
fdtfile=undefined
findfdt=if test $board_name = A335BONE; then setenv fdtfile am335x-bone.dtb; fi; if test $board_name = A335BNLT; then setenv fdtfile am335x-boneblack.dtb; fi; if test $board_name = A33515BB; then setenv fdtfile am335x-evm.dtb; fi; if test $board_name = A335X_SK; then setenv fdtfile am335x-evmsk.dtb; fi; if test $fdtfile = undefined; then echo WARNING: Could not determine device tree to use; fi; 
importbootenv=echo Importing environment from mmc ...; env import -t -r $loadaddr $filesize
kernel_addr_r=0x82000000
loadaddr=0x82000000
loadbootenv=load mmc ${mmcdev} ${loadaddr} ${bootenv}
loadfdt=load mmc ${bootpart} ${fdtaddr} ${bootdir}/${fdtfile}
loadimage=load mmc ${bootpart} ${loadaddr} ${bootdir}/${bootfile}
loadramdisk=load mmc ${mmcdev} ${rdaddr} ramdisk.gz
mmcargs=setenv bootargs console=${console} ${optargs} root=${mmcroot} rootfstype=${mmcrootfstype}
mmcboot=mmc dev ${mmcdev}; if mmc rescan; then echo SD/MMC found on device ${mmcdev};if run loadbootenv; then echo Loaded environment from ${bootenv};run importbootenv;fi;if test -n $uenvcmd; then echo Running uenvcmd ...;run uenvcmd;fi;if run loadimage; then run mmcloados;fi;fi;
mmcdev=0
mmcloados=run mmcargs; if test ${boot_fdt} = yes || test ${boot_fdt} = try; then if run loadfdt; then bootz ${loadaddr} - ${fdtaddr}; else if test ${boot_fdt} = try; then bootz; else echo WARN: Cannot load the DT; fi; fi; else bootz; fi;
mmcroot=/dev/mmcblk0p2 ro
mmcrootfstype=ext4 rootwait
mtdids=nand0=nand.0
mtdparts=mtdparts=nand.0:128k(NAND.SPL),128k(NAND.SPL.backup1),128k(NAND.SPL.backup2),128k(NAND.SPL.backup3),256k(NAND.u-boot-spl-os),1m(NAND.u-boot),128k(NAND.u-boot-env),128k(NAND.u-boot-env.backup1),8m(NAND.kernel),-(NAND.file-system)
nandargs=setenv bootargs console=${console} ${optargs} root=${nandroot} rootfstype=${nandrootfstype}
nandboot=echo Booting from nand ...; run nandargs; nand read ${fdtaddr} NAND.u-boot-spl-os; nand read ${loadaddr} NAND.kernel; bootz ${loadaddr} - ${fdtaddr}
nandroot=ubi0:rootfs rw ubi.mtd=NAND.file-system,2048
nandrootfstype=ubifs rootwait=1
netargs=setenv bootargs console=${console} ${optargs} root=/dev/nfs nfsroot=${serverip}:${rootpath},${nfsopts} rw ip=dhcp
netboot=echo Booting from network ...; setenv autoload no; dhcp; tftp ${loadaddr} ${bootfile}; tftp ${fdtaddr} ${fdtfile}; run netargs; bootz ${loadaddr} - ${fdtaddr}
nfsopts=nolock
partitions=uuid_disk=${uuid_gpt_disk};name=rootfs,start=2MiB,size=-,uuid=${uuid_gpt_rootfs}
ramargs=setenv bootargs console=${console} ${optargs} root=${ramroot} rootfstype=${ramrootfstype}
ramboot=echo Booting from ramdisk ...; run ramargs; bootz ${loadaddr} ${rdaddr} ${fdtaddr}
ramdisk_addr_r=0x88080000
ramroot=/dev/ram0 rw
ramrootfstype=ext2
rdaddr=0x88080000
rootpath=/export/rootfs
serverip=192.168.0.1
soc=am33xx
spiargs=setenv bootargs console=${console} ${optargs} root=${spiroot} rootfstype=${spirootfstype}
spiboot=echo Booting from spi ...; run spiargs; sf probe ${spibusno}:0; sf read ${loadaddr} ${spisrcaddr} ${spiimgsize}; bootz ${loadaddr}
spibusno=0
spiimgsize=0x362000
spiroot=/dev/mtdblock4 rw
spirootfstype=jffs2
spisrcaddr=0xe0000
static_ip=${ipaddr}:${serverip}:${gatewayip}:${netmask}:${hostname}::off
stderr=serial
stdin=serial
stdout=serial
usbnet_devaddr=c8:a0:30:a1:b6:c2
vendor=ti
ver=U-Boot 2014.07-g8f725ef (Oct 12 2014 - 06:28:07)
Environment size: 4465/131068 bytes
U-Boot# 
- 16:16:56 [INFO] Host: setenv bootargs ''${bootargs}' ip=dhcp '
- 16:16:56 [INFO] Target: 
setenv bootargs ''${bootargs}' ip=dhcp '
U-Boot# 
- 16:16:56 [INFO] Host: setenv serverip '192.168.0.1'
- 16:16:57 [INFO] Target: 
setenv serverip '192.168.0.1'
U-Boot# 
- 16:16:57 [INFO] Host: setenv ipaddr dhcp
- 16:16:57 [INFO] Target: 
setenv ipaddr dhcp
U-Boot# 
- 16:16:57 [INFO] Host: setenv autoload 'no'
- 16:16:58 [INFO] Target: 
setenv autoload 'no'
U-Boot# 
- 16:16:58 [INFO] Host: dhcp
- 16:16:59 [INFO] Target: 
dhcp
link up on port 0, speed 1000, full duplex
BOOTP broadcast 1
DHCP client bound to address 192.168.0.168
U-Boot# 
- 16:16:59 [INFO] Host: setenv serverip '192.168.0.1'
- 16:17:00 [INFO] Target: 
setenv serverip '192.168.0.1'
U-Boot# 
- 16:17:00 [INFO] Host: tftp ${loadaddr} 192.168.0.1:vatf_am335x-evm/8108d7dd8739649abe7e3523428a65b5
- 16:17:01 [INFO] Target: 
tftp ${loadaddr} 192.168.0.1:vatf_am335x-evm/8108d7dd8739649abe7e3523428a65b5
link up on port 0, speed 1000, full duplex
Using cpsw device
TFTP from server 192.168.0.1; our IP address is 192.168.0.168
Filename 'vatf_am335x-evm/8108d7dd8739649abe7e3523428a65b5'.
Load address: 0x82000000
Loading: *#################################################################
	 #################################################################
	 #################################################################
	 #################################################################
	 #######################################################
	 5.4 MiB/s
done
Bytes transferred = 4623160 (468b38 hex)
U-Boot# 
- 16:17:01 [INFO] Host: tftp ${fdt_addr_r} 192.168.0.1:vatf_am335x-evm/b35fd0835feb81970ba6e2921604f8c9
- 16:17:01 [INFO] Target: 
tftp ${fdt_addr_r} 192.168.0.1:vatf_am335x-evm/b35fd0835feb81970ba6e2921604f8c9
link up on port 0, speed 1000, full duplex
Using cpsw device
TFTP from server 192.168.0.1; our IP address is 192.168.0.168
Filename 'vatf_am335x-evm/b35fd0835feb81970ba6e2921604f8c9'.
Load address: 0x88000000
Loading: *###
	 4.2 MiB/s
done
Bytes transferred = 35491 (8aa3 hex)
U-Boot# 
- 16:17:01 [INFO] Host: ls mmc 0:1
- 16:17:02 [INFO] Target: 
ls mmc 0:1
    77172   mlo 
   452120   am335x-evm-sk-quickstartguide.pdf 
      140   autorun.inf 
   176621   beaglebone-quickstartguide.pdf 
  1167591   quickstartguide.pdf 
     1164   readme 
   446176   u-boot.img 
            windows_users/
       14   .ipaddr 
        4   ws-calibrate.rules 
9 file(s), 1 dir(s)
U-Boot# 
- 16:17:02 [INFO] Host: ls mmc 0:2
- 16:17:02 [INFO] Target: 
ls mmc 0:2
<DIR>       4096 .
<DIR>       4096 ..
<DIR>       4096 bin
<DIR>       4096 boot
<DIR>       4096 dev
<DIR>       4096 etc
<DIR>       4096 home
<DIR>       4096 lib
<DIR>       4096 media
<DIR>       4096 mnt
<DIR>       4096 opt
<DIR>       4096 proc
<DIR>       4096 run
<DIR>       4096 sbin
<DIR>       4096 srv
<DIR>       4096 sys
<DIR>       4096 test
<SYM>          8 tmp
<DIR>       4096 usr
<DIR>       4096 var
<DIR>       4096 www
U-Boot# 
- 16:17:02 [INFO] Host: part uuid mmc 0:2
- 16:17:03 [INFO] Target: 
part uuid mmc 0:2
00000000-02
U-Boot# 
- 16:17:03 [INFO] Host: printenv
- 16:17:03 [INFO] Target: 
printenv
arch=arm
autoload=no
baudrate=115200
board=am335x
board_name=A33515BB
board_rev=1.5B
boot_fdt=try
bootargs=console=ttyO0,115200n8 earlyprintk rootwait   ip=dhcp 
bootcmd=
bootcount=1
bootdelay=1
bootdir=/boot
bootenv=uEnv.txt
bootfile=zImage
bootm_size=0x10000000
bootpart=0:2
console=ttyO0,115200n8
cpu=armv7
dfu_alt_info_emmc=rawemmc raw 0 3751936
dfu_alt_info_mmc=boot part 0 1;rootfs part 0 2;MLO fat 0 1;MLO.raw raw 0x100 0x100;u-boot.img.raw raw 0x300 0x400;spl-os-args.raw raw 0x80 0x80;spl-os-image.raw raw 0x900 0x2000;spl-os-args fat 0 1;spl-os-image fat 0 1;u-boot.img fat 0 1;uEnv.txt fat 0 1
dfu_alt_info_nand=SPL part 0 1;SPL.backup1 part 0 2;SPL.backup2 part 0 3;SPL.backup3 part 0 4;u-boot part 0 5;u-boot-spl-os part 0 6;kernel part 0 8;rootfs part 0 9
dfu_alt_info_ram=kernel ram 0x80200000 0xD80000;fdt ram 0x80F80000 0x80000;ramdisk ram 0x81000000 0x4000000
dnsip=192.0.2.2
dnsip2=192.0.2.3
eth1addr=c8:a0:30:a1:b6:c2
ethact=cpsw
ethaddr=c8:a0:30:a1:b6:c0
fdt_addr_r=0x88000000
fdtaddr=0x88000000
fdtfile=undefined
fileaddr=88000000
filesize=8aa3
findfdt=if test $board_name = A335BONE; then setenv fdtfile am335x-bone.dtb; fi; if test $board_name = A335BNLT; then setenv fdtfile am335x-boneblack.dtb; fi; if test $board_name = A33515BB; then setenv fdtfile am335x-evm.dtb; fi; if test $board_name = A335X_SK; then setenv fdtfile am335x-evmsk.dtb; fi; if test $fdtfile = undefined; then echo WARNING: Could not determine device tree to use; fi; 
gatewayip=192.168.0.1
importbootenv=echo Importing environment from mmc ...; env import -t -r $loadaddr $filesize
ipaddr=192.168.0.168
kernel_addr_r=0x82000000
loadaddr=0x82000000
loadbootenv=load mmc ${mmcdev} ${loadaddr} ${bootenv}
loadfdt=load mmc ${bootpart} ${fdtaddr} ${bootdir}/${fdtfile}
loadimage=load mmc ${bootpart} ${loadaddr} ${bootdir}/${bootfile}
loadramdisk=load mmc ${mmcdev} ${rdaddr} ramdisk.gz
mmcargs=setenv bootargs console=${console} ${optargs} root=${mmcroot} rootfstype=${mmcrootfstype}
mmcboot=mmc dev ${mmcdev}; if mmc rescan; then echo SD/MMC found on device ${mmcdev};if run loadbootenv; then echo Loaded environment from ${bootenv};run importbootenv;fi;if test -n $uenvcmd; then echo Running uenvcmd ...;run uenvcmd;fi;if run loadimage; then run mmcloados;fi;fi;
mmcdev=0
mmcloados=run mmcargs; if test ${boot_fdt} = yes || test ${boot_fdt} = try; then if run loadfdt; then bootz ${loadaddr} - ${fdtaddr}; else if test ${boot_fdt} = try; then bootz; else echo WARN: Cannot load the DT; fi; fi; else bootz; fi;
mmcroot=/dev/mmcblk0p2 ro
mmcrootfstype=ext4 rootwait
mtdids=nand0=nand.0
mtdparts=mtdparts=nand.0:128k(NAND.SPL),128k(NAND.SPL.backup1),128k(NAND.SPL.backup2),128k(NAND.SPL.backup3),256k(NAND.u-boot-spl-os),1m(NAND.u-boot),128k(NAND.u-boot-env),128k(NAND.u-boot-env.backup1),8m(NAND.kernel),-(NAND.file-system)
nandargs=setenv bootargs console=${console} ${optargs} root=${nandroot} rootfstype=${nandrootfstype}
nandboot=echo Booting from nand ...; run nandargs; nand read ${fdtaddr} NAND.u-boot-spl-os; nand read ${loadaddr} NAND.kernel; bootz ${loadaddr} - ${fdtaddr}
nandroot=ubi0:rootfs rw ubi.mtd=NAND.file-system,2048
nandrootfstype=ubifs rootwait=1
netargs=setenv bootargs console=${console} ${optargs} root=/dev/nfs nfsroot=${serverip}:${rootpath},${nfsopts} rw ip=dhcp
netboot=echo Booting from network ...; setenv autoload no; dhcp; tftp ${loadaddr} ${bootfile}; tftp ${fdtaddr} ${fdtfile}; run netargs; bootz ${loadaddr} - ${fdtaddr}
netmask=255.255.255.0
nfsopts=nolock
partitions=uuid_disk=${uuid_gpt_disk};name=rootfs,start=2MiB,size=-,uuid=${uuid_gpt_rootfs}
ramargs=setenv bootargs console=${console} ${optargs} root=${ramroot} rootfstype=${ramrootfstype}
ramboot=echo Booting from ramdisk ...; run ramargs; bootz ${loadaddr} ${rdaddr} ${fdtaddr}
ramdisk_addr_r=0x88080000
ramroot=/dev/ram0 rw
ramrootfstype=ext2
rdaddr=0x88080000
rootpath=/export/rootfs
serverip=192.168.0.1
soc=am33xx
spiargs=setenv bootargs console=${console} ${optargs} root=${spiroot} rootfstype=${spirootfstype}
spiboot=echo Booting from spi ...; run spiargs; sf probe ${spibusno}:0; sf read ${loadaddr} ${spisrcaddr} ${spiimgsize}; bootz ${loadaddr}
spibusno=0
spiimgsize=0x362000
spiroot=/dev/mtdblock4 rw
spirootfstype=jffs2
spisrcaddr=0xe0000
static_ip=${ipaddr}:${serverip}:${gatewayip}:${netmask}:${hostname}::off
stderr=serial
stdin=serial
stdout=serial
usbnet_devaddr=c8:a0:30:a1:b6:c2
vendor=ti
ver=U-Boot 2014.07-g8f725ef (Oct 12 2014 - 06:28:07)
Environment size: 4618/131068 bytes
U-Boot# 
- 16:17:03 [INFO] Host: setenv bootargs ''${bootargs}' root=PARTUUID=00000000-02 rw rootfstype=ext4 rootwait '
- 16:17:04 [INFO] Target: 
setenv bootargs ''${bootargs}' root=PARTUUID=00000000-02 rw rootfstype=ext4 rootwait '
U-Boot# 
- 16:17:04 [INFO] Host: printenv
- 16:17:04 [INFO] Target: 
printenv
arch=arm
autoload=no
baudrate=115200
board=am335x
board_name=A33515BB
board_rev=1.5B
boot_fdt=try
bootargs=console=ttyO0,115200n8 earlyprintk rootwait   ip=dhcp  root=PARTUUID=00000000-02 rw rootfstype=ext4 rootwait 
bootcmd=
bootcount=1
bootdelay=1
bootdir=/boot
bootenv=uEnv.txt
bootfile=zImage
bootm_size=0x10000000
bootpart=0:2
console=ttyO0,115200n8
cpu=armv7
dfu_alt_info_emmc=rawemmc raw 0 3751936
dfu_alt_info_mmc=boot part 0 1;rootfs part 0 2;MLO fat 0 1;MLO.raw raw 0x100 0x100;u-boot.img.raw raw 0x300 0x400;spl-os-args.raw raw 0x80 0x80;spl-os-image.raw raw 0x900 0x2000;spl-os-args fat 0 1;spl-os-image fat 0 1;u-boot.img fat 0 1;uEnv.txt fat 0 1
dfu_alt_info_nand=SPL part 0 1;SPL.backup1 part 0 2;SPL.backup2 part 0 3;SPL.backup3 part 0 4;u-boot part 0 5;u-boot-spl-os part 0 6;kernel part 0 8;rootfs part 0 9
dfu_alt_info_ram=kernel ram 0x80200000 0xD80000;fdt ram 0x80F80000 0x80000;ramdisk ram 0x81000000 0x4000000
dnsip=192.0.2.2
dnsip2=192.0.2.3
eth1addr=c8:a0:30:a1:b6:c2
ethact=cpsw
ethaddr=c8:a0:30:a1:b6:c0
fdt_addr_r=0x88000000
fdtaddr=0x88000000
fdtfile=undefined
fileaddr=88000000
filesize=8aa3
findfdt=if test $board_name = A335BONE; then setenv fdtfile am335x-bone.dtb; fi; if test $board_name = A335BNLT; then setenv fdtfile am335x-boneblack.dtb; fi; if test $board_name = A33515BB; then setenv fdtfile am335x-evm.dtb; fi; if test $board_name = A335X_SK; then setenv fdtfile am335x-evmsk.dtb; fi; if test $fdtfile = undefined; then echo WARNING: Could not determine device tree to use; fi; 
gatewayip=192.168.0.1
importbootenv=echo Importing environment from mmc ...; env import -t -r $loadaddr $filesize
ipaddr=192.168.0.168
kernel_addr_r=0x82000000
loadaddr=0x82000000
loadbootenv=load mmc ${mmcdev} ${loadaddr} ${bootenv}
loadfdt=load mmc ${bootpart} ${fdtaddr} ${bootdir}/${fdtfile}
loadimage=load mmc ${bootpart} ${loadaddr} ${bootdir}/${bootfile}
loadramdisk=load mmc ${mmcdev} ${rdaddr} ramdisk.gz
mmcargs=setenv bootargs console=${console} ${optargs} root=${mmcroot} rootfstype=${mmcrootfstype}
mmcboot=mmc dev ${mmcdev}; if mmc rescan; then echo SD/MMC found on device ${mmcdev};if run loadbootenv; then echo Loaded environment from ${bootenv};run importbootenv;fi;if test -n $uenvcmd; then echo Running uenvcmd ...;run uenvcmd;fi;if run loadimage; then run mmcloados;fi;fi;
mmcdev=0
mmcloados=run mmcargs; if test ${boot_fdt} = yes || test ${boot_fdt} = try; then if run loadfdt; then bootz ${loadaddr} - ${fdtaddr}; else if test ${boot_fdt} = try; then bootz; else echo WARN: Cannot load the DT; fi; fi; else bootz; fi;
mmcroot=/dev/mmcblk0p2 ro
mmcrootfstype=ext4 rootwait
mtdids=nand0=nand.0
mtdparts=mtdparts=nand.0:128k(NAND.SPL),128k(NAND.SPL.backup1),128k(NAND.SPL.backup2),128k(NAND.SPL.backup3),256k(NAND.u-boot-spl-os),1m(NAND.u-boot),128k(NAND.u-boot-env),128k(NAND.u-boot-env.backup1),8m(NAND.kernel),-(NAND.file-system)
nandargs=setenv bootargs console=${console} ${optargs} root=${nandroot} rootfstype=${nandrootfstype}
nandboot=echo Booting from nand ...; run nandargs; nand read ${fdtaddr} NAND.u-boot-spl-os; nand read ${loadaddr} NAND.kernel; bootz ${loadaddr} - ${fdtaddr}
nandroot=ubi0:rootfs rw ubi.mtd=NAND.file-system,2048
nandrootfstype=ubifs rootwait=1
netargs=setenv bootargs console=${console} ${optargs} root=/dev/nfs nfsroot=${serverip}:${rootpath},${nfsopts} rw ip=dhcp
netboot=echo Booting from network ...; setenv autoload no; dhcp; tftp ${loadaddr} ${bootfile}; tftp ${fdtaddr} ${fdtfile}; run netargs; bootz ${loadaddr} - ${fdtaddr}
netmask=255.255.255.0
nfsopts=nolock
partitions=uuid_disk=${uuid_gpt_disk};name=rootfs,start=2MiB,size=-,uuid=${uuid_gpt_rootfs}
ramargs=setenv bootargs console=${console} ${optargs} root=${ramroot} rootfstype=${ramrootfstype}
ramboot=echo Booting from ramdisk ...; run ramargs; bootz ${loadaddr} ${rdaddr} ${fdtaddr}
ramdisk_addr_r=0x88080000
ramroot=/dev/ram0 rw
ramrootfstype=ext2
rdaddr=0x88080000
rootpath=/export/rootfs
serverip=192.168.0.1
soc=am33xx
spiargs=setenv bootargs console=${console} ${optargs} root=${spiroot} rootfstype=${spirootfstype}
spiboot=echo Booting from spi ...; run spiargs; sf probe ${spibusno}:0; sf read ${loadaddr} ${spisrcaddr} ${spiimgsize}; bootz ${loadaddr}
spibusno=0
spiimgsize=0x362000
spiroot=/dev/mtdblock4 rw
spirootfstype=jffs2
spisrcaddr=0xe0000
static_ip=${ipaddr}:${serverip}:${gatewayip}:${netmask}:${hostname}::off
stderr=serial
stdin=serial
stdout=serial
usbnet_devaddr=c8:a0:30:a1:b6:c2
vendor=ti
ver=U-Boot 2014.07-g8f725ef (Oct 12 2014 - 06:28:07)
Environment size: 4673/131068 bytes
U-Boot# 
- 16:17:04 [INFO] Host: setenv bootcmd ''${bootcmd}' if iminfo ${loadaddr}; then bootm ${loadaddr} - ${fdt_addr_r}; else bootz ${loadaddr} - ${fdt_addr_r}; bootm ${loadaddr} - ${fdt_addr_r}; fi'
- 16:17:05 [INFO] Target: 
setenv bootcmd ''${bootcmd}' if iminfo ${loadaddr}; then bootm ${loadaddr} - ${fdt_addr_r}; else bootz ${loadaddr} - ${fdt_addr_r}; bootm ${loadaddr} - ${fdt_addr_r}; fi'
U-Boot# 
- 16:17:05 [INFO] Host: bdinfo
- 16:17:05 [INFO] Target: 
bdinfo
arch_number = 0x00000E05
boot_params = 0x80000100
DRAM bank   = 0x00000000
-> start    = 0x80000000
-> size     = 0x40000000
eth0name    = cpsw
ethaddr     = c8:a0:30:a1:b6:c0
eth1name    = usb_ether
eth1addr    = c8:a0:30:a1:b6:c2
current eth = cpsw
ip_addr     = 192.168.0.168
baudrate    = 115200 bps
TLB addr    = 0xBFFF0000
relocaddr   = 0xBF741000
reloc off   = 0x3EF41000
irq_sp      = 0xBE720EE0
sp start    = 0xBE720ED0
U-Boot# 
- 16:17:05 [INFO] Host: mmc rescan
- 16:17:06 [INFO] Target: 
mmc rescan
U-Boot# 
- 16:17:06 [INFO] Host: fatwrite mmc ${mmcdev}:1 ${loadaddr} ws-calibrate.rules 4
- 16:17:06 [INFO] Target: 
fatwrite mmc ${mmcdev}:1 ${loadaddr} ws-calibrate.rules 4
writing ws-calibrate.rules
4 bytes written
U-Boot# 
- 16:17:06 [INFO] Host: boot
- 16:17:34 [INFO] Target: 
boot
## Checking Image at 82000000 ...
Unknown image format!
Kernel image @ 0x82000000 [ 0x000000 - 0x468b38 ]
## Flattened Device Tree blob at 88000000
   Booting using the fdt blob at 0x88000000
   Loading Device Tree to 8fff4000, end 8ffffaa2 ... OK
Starting kernel ...
[    0.000000] Booting Linux on physical CPU 0x0
[    0.000000] Initializing cgroup subsys cpuset
[    0.000000] Initializing cgroup subsys cpu
[    0.000000] Initializing cgroup subsys cpuacct
[    0.000000] Linux version 3.18.0-next-20141211-00002-g44be431 (nmenon@kahuna) (gcc version 4.6.3 (Ubuntu/Linaro 4.6.3-1ubuntu5) ) #1 SMP Thu Dec 11 15:14:51 CST 2014
[    0.000000] CPU: ARMv7 Processor [413fc082] revision 2 (ARMv7), cr=10c5387d
[    0.000000] CPU: PIPT / VIPT nonaliasing data cache, VIPT aliasing instruction cache
[    0.000000] Machine model: TI AM335x EVM
[    0.000000] cma: Reserved 16 MiB at 0xbe800000
[    0.000000] Memory policy: Data cache writeback
[    0.000000] CPU: All CPU(s) started in SVC mode.
[    0.000000] AM335X ES2.1 (sgx neon )
[    0.000000] PERCPU: Embedded 11 pages/cpu @eeebd000 s14912 r8192 d21952 u45056
[    0.000000] Built 1 zonelists in Zone order, mobility grouping on.  Total pages: 260178
[    0.000000] Kernel command line: console=ttyO0,115200n8 earlyprintk rootwait   ip=dhcp  root=PARTUUID=00000000-02 rw rootfstype=ext4 rootwait 
[    0.000000] PID hash table entries: 4096 (order: 2, 16384 bytes)
[    0.000000] Dentry cache hash table entries: 131072 (order: 7, 524288 bytes)
[    0.000000] Inode-cache hash table entries: 65536 (order: 6, 262144 bytes)
[    0.000000] Memory: 1003156K/1047552K available (6073K kernel code, 679K rwdata, 2304K rodata, 420K init, 8218K bss, 28012K reserved, 16384K cma-reserved, 252928K highmem)
[    0.000000] Virtual kernel memory layout:
[    0.000000]     vector  : 0xffff0000 - 0xffff1000   (   4 kB)
[    0.000000]     fixmap  : 0xffc00000 - 0xfff00000   (3072 kB)
[    0.000000]     vmalloc : 0xf0000000 - 0xff000000   ( 240 MB)
[    0.000000]     lowmem  : 0xc0000000 - 0xef800000   ( 760 MB)
[    0.000000]     pkmap   : 0xbfe00000 - 0xc0000000   (   2 MB)
[    0.000000]     modules : 0xbf000000 - 0xbfe00000   (  14 MB)
[    0.000000]       .text : 0xc0008000 - 0xc08369d0   (8379 kB)
[    0.000000]       .init : 0xc0837000 - 0xc08a0000   ( 420 kB)
[    0.000000]       .data : 0xc08a0000 - 0xc0949e48   ( 680 kB)
[    0.000000]        .bss : 0xc0949e48 - 0xc1150788   (8219 kB)
[    0.000000] Hierarchical RCU implementation.
[    0.000000] 	Additional per-CPU info printed with stalls.
[    0.000000] 	RCU restricting CPUs from NR_CPUS=2 to nr_cpu_ids=1.
[    0.000000] RCU: Adjusting geometry for rcu_fanout_leaf=16, nr_cpu_ids=1
[    0.000000] NR_IRQS:16 nr_irqs:16 16
[    0.000000] IRQ: Found an INTC at 0xfa200000 (revision 5.0) with 128 interrupts
[    0.000000] OMAP clockevent source: timer2 at 24000000 Hz
[    0.000017] sched_clock: 32 bits at 24MHz, resolution 41ns, wraps every 178956969942ns
[    0.000071] OMAP clocksource: timer1 at 24000000 Hz
[    0.000881] Console: colour dummy device 80x30
[    0.000933] Lock dependency validator: Copyright (c) 2006 Red Hat, Inc., Ingo Molnar
[    0.000942] ... MAX_LOCKDEP_SUBCLASSES:  8
[    0.000950] ... MAX_LOCK_DEPTH:          48
[    0.000957] ... MAX_LOCKDEP_KEYS:        8191
[    0.000964] ... CLASSHASH_SIZE:          4096
[    0.000972] ... MAX_LOCKDEP_ENTRIES:     32768
[    0.000979] ... MAX_LOCKDEP_CHAINS:      65536
[    0.000985] ... CHAINHASH_SIZE:          32768
[    0.000993]  memory used by lock dependency info: 5167 kB
[    0.001001]  per task-struct memory footprint: 1152 bytes
[    0.001033] Calibrating delay loop... 996.14 BogoMIPS (lpj=4980736)
[    0.078931] pid_max: default: 32768 minimum: 301
[    0.079306] Security Framework initialized
[    0.079480] Mount-cache hash table entries: 2048 (order: 1, 8192 bytes)
[    0.079497] Mountpoint-cache hash table entries: 2048 (order: 1, 8192 bytes)
[    0.082349] Initializing cgroup subsys memory
[    0.082430] Initializing cgroup subsys devices
[    0.082513] Initializing cgroup subsys freezer
[    0.082598] Initializing cgroup subsys blkio
[    0.082671] Initializing cgroup subsys perf_event
[    0.082750] CPU: Testing write buffer coherency: ok
[    0.084026] CPU0: thread -1, cpu 0, socket -1, mpidr 0
[    0.084148] Setting up static identity map for 0x805c2090 - 0x805c2100
[    0.087781] Brought up 1 CPUs
[    0.087803] CPU: All CPU(s) started in SVC mode.
[    0.091029] devtmpfs: initialized
[    0.093174] VFP support v0.3: implementor 41 architecture 3 part 30 variant c rev 3
[    0.130704] omap_hwmod: tptc0 using broken dt data from edma
[    0.131085] omap_hwmod: tptc1 using broken dt data from edma
[    0.131439] omap_hwmod: tptc2 using broken dt data from edma
[    0.139627] omap_hwmod: debugss: _wait_target_disable failed
[    0.198290] pinctrl core: initialized pinctrl subsystem
[    0.233268] NET: Registered protocol family 16
[    0.238081] DMA: preallocated 256 KiB pool for atomic coherent allocations
[    0.240335] cpuidle: using governor ladder
[    0.240363] cpuidle: using governor menu
[    0.248010] OMAP GPIO hardware version 0.1
[    0.265125] omap-gpmc 50000000.gpmc: could not find pctldev for node /pinmux@44e10800/nandflash_pins_s0, deferring probe
[    0.265173] platform 50000000.gpmc: Driver omap-gpmc requests probe deferral
[    0.270111] No ATAGs?
[    0.270144] hw-breakpoint: debug architecture 0x4 unsupported.
[    0.311816] edma-dma-engine edma-dma-engine.0: TI EDMA DMA engine driver
[    0.317082] SCSI subsystem initialized
[    0.317800] usbcore: registered new interface driver usbfs
[    0.317956] usbcore: registered new interface driver hub
[    0.318087] usbcore: registered new device driver usb
[    0.318845] omap_i2c 44e0b000.i2c: could not find pctldev for node /pinmux@44e10800/pinmux_i2c0_pins, deferring probe
[    0.318887] platform 44e0b000.i2c: Driver omap_i2c requests probe deferral
[    0.319081] omap_i2c 4802a000.i2c: could not find pctldev for node /pinmux@44e10800/pinmux_i2c1_pins, deferring probe
[    0.319112] platform 4802a000.i2c: Driver omap_i2c requests probe deferral
[    0.323267] Switched to clocksource timer1
[    0.462594] NET: Registered protocol family 2
[    0.464506] TCP established hash table entries: 8192 (order: 3, 32768 bytes)
[    0.464758] TCP bind hash table entries: 8192 (order: 6, 294912 bytes)
[    0.467408] TCP: Hash tables configured (established 8192 bind 8192)
[    0.467656] TCP: reno registered
[    0.467688] UDP hash table entries: 512 (order: 3, 40960 bytes)
[    0.468050] UDP-Lite hash table entries: 512 (order: 3, 40960 bytes)
[    0.469324] NET: Registered protocol family 1
[    0.470822] RPC: Registered named UNIX socket transport module.
[    0.470845] RPC: Registered udp transport module.
[    0.470854] RPC: Registered tcp transport module.
[    0.470864] RPC: Registered tcp NFSv4.1 backchannel transport module.
[    0.472348] hw perfevents: enabled with armv7_cortex_a8 PMU driver, 5 counters available
[    0.476827] futex hash table entries: 256 (order: 2, 16384 bytes)
[    0.477069] audit: initializing netlink subsys (disabled)
[    0.477301] audit: type=2000 audit(0.470:1): initialized
[    0.482167] VFS: Disk quotas dquot_6.5.2
[    0.482337] VFS: Dquot-cache hash table entries: 1024 (order 0, 4096 bytes)
[    0.485051] NFS: Registering the id_resolver key type
[    0.485402] Key type id_resolver registered
[    0.485417] Key type id_legacy registered
[    0.485603] jffs2: version 2.2. (NAND) (SUMMARY)   2001-2006 Red Hat, Inc.
[    0.489704] bounce: pool size: 64 pages
[    0.489833] io scheduler noop registered
[    0.489856] io scheduler deadline registered
[    0.489972] io scheduler cfq registered (default)
[    0.492364] pinctrl-single 44e10800.pinmux: 142 pins at pa f9e10800 size 568
[    0.499146] Serial: 8250/16550 driver, 4 ports, IRQ sharing enabled
[    0.505094] omap_uart 44e09000.serial: no wakeirq for uart0
[    0.505726] omap_uart 44e09000.serial: ttyO0 at MMIO 0x44e09000 (irq = 154, base_baud = 3000000) is a OMAP UART0
[    1.232185] console [ttyO0] enabled
[    1.240278] omap_rng 48310000.rng: OMAP Random Number Generator ver. 20
[    1.268352] brd: module loaded
[    1.284456] loop: module loaded
[    1.290529] mtdoops: mtd device (mtddev=name/number) must be supplied
[    1.300218] usbcore: registered new interface driver asix
[    1.306091] usbcore: registered new interface driver ax88179_178a
[    1.312578] usbcore: registered new interface driver cdc_ether
[    1.318884] usbcore: registered new interface driver smsc95xx
[    1.325023] usbcore: registered new interface driver net1080
[    1.331040] usbcore: registered new interface driver cdc_subset
[    1.337368] usbcore: registered new interface driver zaurus
[    1.343423] usbcore: registered new interface driver cdc_ncm
[    1.350471] usbcore: registered new interface driver cdc_wdm
[    1.356645] usbcore: registered new interface driver usb-storage
[    1.363079] usbcore: registered new interface driver usbtest
[    1.371123] mousedev: PS/2 mouse device common for all mice
[    1.380761] omap_rtc 44e3e000.rtc: rtc core: registered 44e3e000.rtc as rtc0
[    1.388994] i2c /dev entries driver
[    1.392719] Driver for 1-wire Dallas network protocol.
[    1.401126] omap_wdt: OMAP Watchdog Timer Rev 0x01: initial timeout 60 sec
[    1.409241] Driver 'mmcblk' needs updating - please use bus_type methods
[    1.418496] omap_hsmmc 48060000.mmc: unable to get vmmc regulator -517
[    1.425971] platform 48060000.mmc: Driver omap_hsmmc requests probe deferral
[    1.434100] ledtrig-cpu: registered to indicate activity on CPUs
[    1.440924] usbcore: registered new interface driver usbhid
[    1.446813] usbhid: USB HID core driver
[    1.452124] oprofile: using arm/armv7
[    1.456728] TCP: cubic registered
[    1.460239] Initializing XFRM netlink socket
[    1.464916] NET: Registered protocol family 17
[    1.469642] NET: Registered protocol family 15
[    1.474740] Key type dns_resolver registered
[    1.479432] omap_voltage_late_init: Voltage driver support not added
[    1.486139] sr_dev_init: No voltage domain specified for smartreflex0. Cannot initialize
[    1.494611] sr_dev_init: No voltage domain specified for smartreflex1. Cannot initialize
[    1.504184] ThumbEE CPU extension supported.
[    1.508685] Registering SWP/SWPB emulation handler
[    1.513769] SmartReflex Class3 initialized
[    1.523642] omap-gpmc 50000000.gpmc: GPMC revision 6.0
[    1.530805] nand: device found, Manufacturer ID: 0x2c, Chip ID: 0xda
[    1.537549] nand: Micron MT29F2G08ABAEAWP
[    1.541740] nand: 256 MiB, SLC, erase size: 128 KiB, page size: 2048, OOB size: 64
[    1.549679] omap2-nand omap2-nand.0: CONFIG_MTD_NAND_OMAP_BCH not enabled
[    1.556885] omap2-nand: probe of omap2-nand.0 failed with error -22
[    1.584292] tps65910 0-002d: No interrupt support, no core IRQ
[    1.598056] vrtc: supplied by vbat
[    1.605366] vio: supplied by vbat
[    1.611983] vdd_mpu: supplied by vbat
[    1.619276] vdd_core: supplied by vbat
[    1.628464] vdig1: supplied by vbat
[    1.634975] vdig2: supplied by vbat
[    1.641388] vpll: supplied by vbat
[    1.647858] vdac: supplied by vbat
[    1.654221] vaux1: supplied by vbat
[    1.660614] vaux2: supplied by vbat
[    1.667071] vaux33: supplied by vbat
[    1.673523] vmmc: supplied by vbat
[    1.679775] vbb: supplied by vbat
[    1.684968] omap_i2c 44e0b000.i2c: bus 0 rev0.11 at 400 kHz
[    1.697569] omap_i2c 4802a000.i2c: bus 1 rev0.11 at 100 kHz
[    1.791073] mmc0: host does not support reading read-only switch, assuming write-enable
[    1.801922] mmc0: new high speed SDHC card at address 0007
[    1.809716] davinci_mdio 4a101000.mdio: davinci mdio revision 1.6
[    1.816192] davinci_mdio 4a101000.mdio: detected phy mask fffffffe
[    1.823765] mmcblk0: mmc0:0007 SD4GB 3.70 GiB 
[    1.834608] libphy: 4a101000.mdio: probed
[    1.838814] davinci_mdio 4a101000.mdio: phy[0]: device 4a101000.mdio:00, driver Atheros 8031 ethernet
[    1.849789] cpsw 4a100000.ethernet: Detected MACID = c8:a0:30:a1:b6:c0
[    1.861090] input: volume_keys@0 as /devices/platform/volume_keys@0/input/input0
[    1.870985]  mmcblk0: p1 p2 p3
[    1.876134] omap_rtc 44e3e000.rtc: setting system clock to 2000-01-01 00:00:01 UTC (946684801)
[    1.885219] sr_init: No PMIC hook to init smartreflex
[    1.890793] sr_init: platform driver register failed for SR
[    1.917732] net eth0: initializing cpsw version 1.12 (0)
[    2.003989] net eth0: phy found : id is : 0x4dd074
[    2.009182] libphy: PHY 4a101000.mdio:01 not found
[    2.014239] net eth0: phy 4a101000.mdio:01 not found on slave 1
[    6.004151] cpsw 4a100000.ethernet eth0: Link is Up - 1Gbps/Full - flow control rx/tx
[    6.023219] Sending DHCP requests ., OK
[    6.073677] IP-Config: Got DHCP answer from 192.168.0.1, my address is 192.168.0.168
[    6.082184] IP-Config: Complete:
[    6.085652]      device=eth0, hwaddr=c8:a0:30:a1:b6:c0, ipaddr=192.168.0.168, mask=255.255.255.0, gw=192.168.0.1
[    6.096304]      host=192.168.0.168, domain=ti.com, nis-domain=(none)
[    6.103030]      bootserver=192.168.0.1, rootserver=192.168.0.1, rootpath=
[    6.110044]      nameserver0=192.0.2.2, nameserver1=192.0.2.3
[    6.117634] lis3_reg: disabling
[    6.157384] EXT4-fs (mmcblk0p2): mounted filesystem with ordered data mode. Opts: (null)
[    6.166176] VFS: Mounted root (ext4 filesystem) on device 179:2.
[    6.184857] devtmpfs: mounted
[    6.188660] Freeing unused kernel memory: 420K (c0837000 - c08a0000)
INIT: version 2.88 booting
Error opening /dev/fb0: No such file or directory
Starting udev
[    7.108310] udevd[79]: starting version 182
[   12.784071] EXT4-fs (mmcblk0p3): warning: mounting unchecked fs, running e2fsck is recommended
[   12.806851] FAT-fs (mmcblk0p1): Volume was not properly unmounted. Some data may be corrupt. Please run fsck.
[   12.824291] EXT4-fs (mmcblk0p3): mounted filesystem without journal. Opts: (null)
depmod: ERROR: could not open directory /lib/modules/3.18.0-next-20141211-00002-g44be431: No such file or directory
depmod: WARNING: -e needs -E or -F
depmod: ERROR: could not open directory /lib/modules/3.18.0-next-20141211-00002-g44be431: No such file or directory
depmod: FATAL: could not search modules: No such file or directory
[   13.501086] EXT4-fs (mmcblk0p2): re-mounted. Opts: data=ordered
Starting Bootlog daemon: bootlogd: cannot allocate pseudo tty: No such file or directory
bootlogd.
[   13.692064] random: dd urandom read with 53 bits of entropy available
Populating dev cache
ALSA: Restoring mixer settings...
/usr/sbin/alsactl: load_state:1729: No soundcards found...
Mon Oct 27 08:58:00 UTC 2014
INIT: Entering runlevel: 5
Configuring network interfaces... udhcpc (v1.22.1) started
Sending discover...
Sending select for 192.168.0.112...
Lease of 192.168.0.112 obtained, lease time 7200
/etc/udhcpc.d/50default: Adding DNS 192.0.2.2
/etc/udhcpc.d/50default: Adding DNS 192.0.2.3
done.
Starting system message bus: dbus.
UIM SYSFS Node Not Found
Starting Dropbear SSH server: dropbear.
Starting telnet daemon.
Starting rpcbind daemon...rpcbind: cannot create socket for udp6
rpcbind: cannot create socket for tcp6
done.
creating NFS state directory: done
starting statd: done
Starting syslogd/klogd: done
Starting thttpd.
Starting Lighttpd Web Server: lighttpd.
2014-10-27 08:58:04: (/scratch/jenkins/coresdk-nightly-build/build-CORTEX_1/arago-tmp-external-linaro-toolchain/work/cortexa8t2hf-vfp-neon-oe-linux-gnueabi/lighttpd/1.4.33-r1/lighttpd-1.4.33/src/log.c.166) server started 
Starting Matrix GUI application.
[   25.021421] random: nonblocking pool is initialized
***************************************************************
***************************************************************
NOTICE: This file system contains the followin GPLv3 packages:
	binutils
	elfutils
	gdbserver
	libdw1
	libelf1
If you do not wish to distribute GPLv3 components please remove
the above packages prior to distribution.  This can be done using
the opkg remove command.  i.e.:
    opkg remove <package>
Where <package> is the name printed in the list above
NOTE: If the package is a dependency of another package you
      will be notified of the dependent packages.  You should
      use the --force-removal-of-dependent-packages option to
      also remove the dependent packages as well
***************************************************************
***************************************************************
Stopping Bootlog daemon: bootlogd.
 _____                    _____           _         _   
|  _  |___ ___ ___ ___   |  _  |___ ___  |_|___ ___| |_ 
|     |  _| .'| . | . |  |   __|  _| . | | | -_|  _|  _|
|__|__|_| |__,|_  |___|  |__|  |_| |___|_| |___|___|_|  
              |___|                    |___|            
Arago Project http://arago-project.org am335x-evm /dev/ttyO0
Arago 2014.10 am335x-evm /dev/ttyO0
am335x-evm login: 
- 16:17:34 [INFO] Host: root
- 16:17:34 [INFO] Target: 
root
root@am335x-evm:~# 
- 16:17:34 [INFO] Host: uname -a
- 16:17:35 [INFO] Target: 
uname -a
Linux am335x-evm 3.18.0-next-20141211-00002-g44be431 #1 SMP Thu Dec 11 15:14:51 CST 2014 armv7l GNU/Linux
root@am335x-evm:~# 
- 16:17:35 [INFO] Host: cat /proc/cmdline
- 16:17:35 [INFO] Target: 
cat /proc/cmdline
console=ttyO0,115200n8 earlyprintk rootwait   ip=dhcp  root=PARTUUID=00000000-02 rw rootfstype=ext4 rootwait 
root@am335x-evm:~# 
- 16:17:35 [INFO] Host: uname -a
- 16:17:36 [INFO] Target: 
uname -a
Linux am335x-evm 3.18.0-next-20141211-00002-g44be431 #1 SMP Thu Dec 11 15:14:51 CST 2014 armv7l GNU/Linux
root@am335x-evm:~# 
- 16:17:36 [INFO] Host: cat /proc/mtd
- 16:17:36 [INFO] Target: 
cat /proc/mtd
dev:    size   erasesize  name
root@am335x-evm:~# 
- 16:17:49 [INFO] Host: export IPERFHOST=192.168.0.1
- 16:17:49 [INFO] Target: 
export IPERFHOST=192.168.0.1
root@am335x-evm:~# 
- 16:17:49 [INFO] Host: export NFS_SERVER=192.168.0.1
- 16:17:50 [INFO] Target: 
export NFS_SERVER=192.168.0.1
root@am335x-evm:~# 
- 16:17:50 [INFO] Host: export NFS_ROOT_PATH=/home/tigtfarm02/NFS_exports/am335x-evm
- 16:17:50 [INFO] Target: 
export NFS_ROOT_PATH=/home/tigtfarm02/NFS_exports/am335x-evm
root@am335x-evm:~# 
- 16:17:50 [INFO] Host: mkdir -p -m 777 /test
- 16:17:51 [INFO] Target: 
mkdir -p -m 777 /test
root@am335x-evm:~# 
- 16:17:51 [INFO] Host: cd /test
- 16:17:51 [INFO] Target: 
cd /test
root@am335x-evm:/test# 
- 16:17:51 [INFO] Host: cat > test.sh << EOF
- 16:17:52 [INFO] Target: 
cat > test.sh << EOF
- 16:17:52 [INFO] Host: failtest() {
- 16:17:52 [INFO] Target: 
failtest() {
- 16:17:52 [INFO] Host:   echo 1 >&3
- 16:17:53 [INFO] Target: 
  echo 1 >&3
- 16:17:53 [INFO] Host: }
- 16:17:53 [INFO] Target: 
- 16:17:53 [INFO] Host: timeout=600
- 16:17:54 [INFO] Target: 
timeout=600
- 16:17:54 [INFO] Host: 
- 16:17:54 [INFO] Target: 
- 16:17:54 [INFO] Host: # Start of user's script logic
- 16:17:55 [INFO] Target: 
# Start of user's script logic
- 16:17:55 [INFO] Host: 
- 16:17:55 [INFO] Target: 
- 16:17:55 [INFO] Host: 
- 16:17:56 [INFO] Target: 
- 16:17:56 [INFO] Host: mount -t proc proc /proc 2>/dev/null;
- 16:17:56 [INFO] Target: 
mount -t proc proc /proc 2>/dev/null;
- 16:17:56 [INFO] Host: 
- 16:17:57 [INFO] Target: 
- 16:17:57 [INFO] Host: mount -t sysfs sys /sys 2>/dev/null;
- 16:17:57 [INFO] Target: 
mount -t sysfs sys /sys 2>/dev/null;
- 16:17:57 [INFO] Host: 
- 16:17:58 [INFO] Target: 
- 16:17:58 [INFO] Host: mount -t debugfs none /sys/kernel/debug 2>/dev/null;
- 16:17:58 [INFO] Target: 
mount -t debugfs none /sys/kernel/debug 2>/dev/null;
- 16:17:58 [INFO] Host: 
- 16:17:59 [INFO] Target: 
- 16:17:59 [INFO] Host: echo 'cpuinfo:';cat /proc/cpuinfo; echo '=======';
- 16:17:59 [INFO] Target: 
echo 'cpuinfo:';cat /proc/cpuinfo; echo '=======';
- 16:17:59 [INFO] Host: 
- 16:18:00 [INFO] Target: 
- 16:18:00 [INFO] Host: echo 'soc info:';head /sys/devices/soc0/* 2>/dev/null; echo '=======';
- 16:18:00 [INFO] Target: 
echo 'soc info:';head /sys/devices/soc0/* 2>/dev/null; echo '=======';
- 16:18:00 [INFO] Host: 
- 16:18:01 [INFO] Target: 
- 16:18:01 [INFO] Host: echo 'DT Model info'; head /proc/device-tree/name /proc/device-tree/model /proc/device-tree/compatible 2>/dev/null;echo; echo '=======';
- 16:18:01 [INFO] Target: 
echo 'DT Model info'; head /proc/device-tree/name /proc/device-tree/model /pro 
c/device-tree/compatible 2>/dev/null;echo; echo '=======';
- 16:18:01 [INFO] Host: 
- 16:18:02 [INFO] Target: 
- 16:18:02 [INFO] Host: echo 'interrupts:';cat /proc/interrupts; echo '=======';
- 16:18:02 [INFO] Target: 
echo 'interrupts:';cat /proc/interrupts; echo '=======';
- 16:18:02 [INFO] Host: 
- 16:18:03 [INFO] Target: 
- 16:18:03 [INFO] Host: echo 'Clk_summary:';cat /sys/kernel/debug/clk/clk_summary; echo '=======';
- 16:18:03 [INFO] Target: 
echo 'Clk_summary:';cat /sys/kernel/debug/clk/clk_summary; echo '=======';
- 16:18:03 [INFO] Host: 
- 16:18:04 [INFO] Target: 
- 16:18:04 [INFO] Host: echo 'Orphan Clks:';ls /sys/kernel/debug/clk/orphans/; echo '=======';
- 16:18:04 [INFO] Target: 
echo 'Orphan Clks:';ls /sys/kernel/debug/clk/orphans/; echo '=======';
- 16:18:04 [INFO] Host: 
- 16:18:05 [INFO] Target: 
- 16:18:05 [INFO] Host: echo "Available frequencies"; cat /sys/devices/system/cpu/cpu0/cpufreq/scaling_available_frequencies 2>/dev/null;echo '=======';
- 16:18:05 [INFO] Target: 
echo "Available frequencies"; cat /sys/devices/system/cpu/cpu0/cpufreq/scaling 
_available_frequencies 2>/dev/null;echo '=======';
- 16:18:05 [INFO] Host: 
- 16:18:06 [INFO] Target: 
- 16:18:06 [INFO] Host: echo 'H''ello World' 'B''oard Booted';
- 16:18:06 [INFO] Target: 
echo 'H''ello World' 'B''oard Booted';
- 16:18:06 [INFO] Host: 
- 16:18:07 [INFO] Target: 
- 16:18:07 [INFO] Host: EOF
- 16:18:07 [INFO] Target: 
root@am335x-evm:/test# 
- 16:18:07 [INFO] Host: cd /test
- 16:18:08 [INFO] Target: 
cd /test
root@am335x-evm:/test# 
- 16:18:08 [INFO] Host: chmod +x test.sh
- 16:18:08 [INFO] Target: 
chmod +x test.sh
root@am335x-evm:/test# 
- 16:18:08 [INFO] Host: ./test.sh 2> stderr.log > stdout.log 3> result.log
- 16:18:09 [INFO] Target: 
./test.sh 2> stderr.log > stdout.log 3> result.log
root@am335x-evm:/test# 
- 16:18:09 [INFO] Host: echo $?
- 16:18:09 [INFO] Target: 
echo $?
root@am335x-evm:/test# 
- 16:18:09 [INFO] Host: cd /test
- 16:18:10 [INFO] Target: 
cd /test
root@am335x-evm:/test# 
- 16:18:10 [INFO] Host: cat stdout.log
- 16:18:11 [INFO] Target: 
cat stdout.log
cpuinfo:
processor	: 0
model name	: ARMv7 Processor rev 2 (v7l)
Features	: half thumb fastmult vfp edsp thumbee neon vfpv3 tls vfpd32 
CPU implementer	: 0x41
CPU architecture: 7
CPU variant	: 0x3
CPU part	: 0xc08
CPU revision	: 2
Hardware	: Generic AM33XX (Flattened Device Tree)
Revision	: 0000
Serial		: 0000000000000000
=======
soc info:
==> /sys/devices/soc0/family <==
Unknown
==> /sys/devices/soc0/machine <==
AM335X
==> /sys/devices/soc0/power <==
==> /sys/devices/soc0/revision <==
ES2.1
==> /sys/devices/soc0/subsystem <==
==> /sys/devices/soc0/type <==
==> /sys/devices/soc0/uevent <==
=======
DT Model info
==> /proc/device-tree/name <==
==> /proc/device-tree/model <==
TI AM335x EVM
==> /proc/device-tree/compatible <==
ti,am335x-evmti,am33xx
=======
interrupts:
           CPU0       
 16:       2402      INTC  68  gp_timer
 19:       2067      INTC  12  edma
 21:         29      INTC  14  edma_error
 25:          0  44e07000.gpio   2  volume-up
 26:          0  44e07000.gpio   3  volume-down
 29:          0  44e07000.gpio   6  mmc0
154:       4366      INTC  72  OMAP UART0
155:        275      INTC  70  44e0b000.i2c
156:          0      INTC  71  4802a000.i2c
157:       6197      INTC  64  mmc0
165:          0      INTC  75  rtc0
166:          0      INTC  76  rtc0
167:          0      INTC  40  4a100000.ethernet
168:         29      INTC  41  4a100000.ethernet
169:          8      INTC  42  4a100000.ethernet
170:          0      INTC  43  4a100000.ethernet
174:          0      INTC 100  gpmc
179:          0      INTC 111  48310000.rng
IPI0:          0  CPU wakeup interrupts
IPI1:          0  Timer broadcast interrupts
IPI2:          0  Rescheduling interrupts
IPI3:          0  Function call interrupts
IPI4:          0  Single function call interrupts
IPI5:          0  CPU stop interrupts
IPI6:          0  IRQ work interrupts
IPI7:          0  completion interrupts
Err:          0
=======
Clk_summary:
   clock                         enable_cnt  prepare_cnt        rate   accuracy   phase
----------------------------------------------------------------------------------------
 tclkin_ck                                0            0    12000000          0 0  
 virt_26000000_ck                         0            0    26000000          0 0  
 virt_25000000_ck                         0            0    25000000          0 0  
 virt_24000000_ck                         1            1    24000000          0 0  
    sys_clkin_ck                          9           23    24000000          0 0  
       timer6_fck                         0            1    24000000          0 0  
       timer3_fck                         0            1    24000000          0 0  
       dbg_sysclk_ck                      0            1    24000000          0 0  
       timer7_fck                         0            1    24000000          0 0  
       timer5_fck                         0            1    24000000          0 0  
       timer4_fck                         0            1    24000000          0 0  
       timer2_fck                         1            1    24000000          0 0  
       timer1_fck                         1            1    24000000          0 0  
       cefuse_fck                         0            0    24000000          0 0  
       dpll_per_ck                        1            2   960000000          0 0  
          usbotg_fck                      0            1   960000000          0 0  
          dpll_per_m2_ck                  2            4   192000000          0 0  
             ehrpwm2_tbclk                0            0   192000000          0 0  
             ehrpwm1_tbclk                0            0   192000000          0 0  
             ehrpwm0_tbclk                0            0   192000000          0 0  
             mmc_clk                      0            3    96000000          0 0  
             clk_24mhz                    1            1    24000000          0 0  
                clkdiv32k_ck              1            1       32786          0 0  
                   clkdiv32k_ick           1            5       32786          0 0  
                      wdt1_fck            0            1       32786          0 0  
                      gpio3_dbclk           0            1       32786          0 0  
                      gpio2_dbclk           0            1       32786          0 0  
                      gpio1_dbclk           0            1       32786          0 0  
             dpll_per_m2_div4_ck           0            9    48000000          0 0  
             dpll_per_m2_div4_wkupdm_ck           1            2    48000000          0 0  
       dpll_disp_ck                       0            1    24000000          0 0  
          dpll_disp_m2_ck                 0            1    24000000          0 0  
             lcd_gclk                     0            1    24000000          0 0  
       dpll_ddr_ck                        1            1   303000000          0 0  
          dpll_ddr_m2_ck                  2            2   303000000          0 0  
             dpll_ddr_m2_div2_ck           1            1   151500000          0 0  
       dpll_mpu_ck                        1            1  1000000000          0 0  
          dpll_mpu_m2_ck                  4            4  1000000000          0 0  
       dpll_core_ck                       1            1  1000000000          0 0  
          dpll_core_x2_ck                 2            2  2000000000          0 0  
             dpll_core_m6_ck              0            0   500000000          0 0  
             dpll_core_m5_ck              1            1   250000000          0 0  
                cpsw_cpts_rft_clk           0            0   250000000          0 0  
                cpsw_125mhz_gclk           3            3   125000000          0 0  
             dpll_core_m4_ck              9           11   200000000          0 0  
                dbg_clka_ck               0            2   200000000          0 0  
                   trace_pmd_clk_mux_ck           0            1   200000000          0 0  
                      trace_clk_div_ck           0            1    50000000          0 0  
                   stm_pmd_clock_mux_ck           0            0   200000000          0 0  
                      stm_clk_div_ck           0            0    50000000          0 0  
                gfx_fclk_clksel_ck           0            1   200000000          0 0  
                   gfx_fck_div_ck           0            1   200000000          0 0  
                sysclk_div_ck             0            0   200000000          0 0  
                l4hs_gclk                 2            2   200000000          0 0  
                l4_rtc_gclk               0            0   100000000          0 0  
                dpll_core_m4_div2_ck          16           17   100000000          0 0  
                   l4ls_gclk             42           59   100000000          0 0  
                   l4fw_gclk              1            1   100000000          0 0  
                   l3s_gclk               9           10   100000000          0 0  
                   ieee5000_fck           0            0   100000000          0 0  
                mmu_fck                   0            0   200000000          0 0  
                l3_gclk                  13           15   200000000          0 0  
                   pruss_ocp_gclk           0            1   200000000          0 0  
       rng_fck                            2            2    24000000          0 0  
       aes0_fck                           1            2    24000000          0 0  
       sha0_fck                           1            1    24000000          0 0  
       smartreflex1_fck                   0            1    24000000          0 0  
       smartreflex0_fck                   0            1    24000000          0 0  
       mcasp1_fck                         0            1    24000000          0 0  
       mcasp0_fck                         0            1    24000000          0 0  
       dcan1_fck                          0            1    24000000          0 0  
       dcan0_fck                          0            1    24000000          0 0  
       adc_tsc_fck                        0            1    24000000          0 0  
 virt_19200000_ck                         0            0    19200000          0 0  
 clk_rc32k_ck                             1            1       32000          0 0  
    gpio0_dbclk_mux_ck                    1            1       32000          0 0  
       gpio0_dbclk                        1            2       32000          0 0  
 clk_32768_ck                             2            2       32768          0 0  
    sysclkout_pre_ck                      1            1       32768          0 0  
       clkout2_div_ck                     1            1       32768          0 0  
          clkout2_ck                      1            1       32768          0 0  
=======
Orphan Clks:
=======
Available frequencies
=======
Hello World Board Booted
root@am335x-evm:/test# 
- 16:18:11 [INFO] Host: cat stderr.log
- 16:18:11 [INFO] Target: 
cat stderr.log
ls: /sys/kernel/debug/clk/orphans/: No such file or directory
root@am335x-evm:/test# 
- 16:18:11 [INFO] Host: cat result.log
- 16:18:13 [ERROR] On command: cat result.log waiting for cat result.log.+?(?m-ix:^1[\0\n\r]+) >>> error: execution expired
- 16:18:13 [INFO] Target: 
cat result.log
root@am335x-evm:/test# 
- 16:18:13 [INFO] Host: cd /test
- 16:18:14 [INFO] Target: 
cd /test
root@am335x-evm:/test# 
URL:gtsystest.telogy.design.ti.com/vatf/tigtfarm02/tigtfarm02_vatf@am335x-evm/tigtfarm0212_11_2014_16_16_14/files/session_iteration_1/test_1
