- 19:27:35 [INFO] Starting target session
- 19:27:35 [INFO] Connected to am335x-evm via serial 
- 19:27:35 [INFO] Host: #check prompt
- 19:27:38 [ERROR] On command: #check prompt waiting for #check prompt.+?(?-mix:((?-mix:login:)|[Pp]assword)) >>> error: execution expired
- 19:27:38 [INFO] Target: 
#check prompt
root@am335x-evm:/test# 
- 19:27:38 [INFO] Host: #check prompt
- 19:27:38 [INFO] Target: 
#check prompt
root@am335x-evm:/test# 
- 19:27:38 [INFO] Host: sync;poweroff
- 19:28:15 [INFO] Target: 
sync;poweroff
[[0;32m  OK  [0m] Stopped target System Time Synchronized.
[[0;32m  OK  [0m] Stopped target Timers.
[[0;32m  OK  [0m] Stopped Daily Cleanup of Temporary Directories.
[[0;32m  OK  [0m] Closed Load/Save RF Kill Switch Status /dev/rfkill Watch.
[[0;32m  OK  [0m] Stopped target Multi-User System.
         Stopping Network Name Resolution...
         Stopping Kernel Logging Service...
         Stopping parse-ip.service...
         Stopping System Logging Service...
         Stopping User Manager for UID 0...
[[0;32m  OK  [0m] Stopped target Sound Card.
[[0;32m  OK  [0m] Stopped target Login Prompts.
         Stopping Serial Getty on ttyS0...
         Stopping strongSwan IPsec IKEv1/IKEv2 daemon using ipsec.conf...
         Stopping Session c1 of user root.
         Stopping Serial Getty on ttyS3...
         Stopping Lightning Fast Webserver With Light System Requirements...
         Stopping thermal-zone-init.service...
         Stopping Save/Restore Sound Card State...
         Stopping Getty on tty1...
[[0;32m  OK  [0m] Stopped System Logging Service.
[[0;32m  OK  [0m] Stopped strongSwan IPsec IKEv1/IKEv2 daemon using ipsec.conf.
[[0;32m  OK  [0m] Stopped Kernel Logging Service.
[[0;32m  OK  [0m] Stopped Network Name Resolution.
[[0;32m  OK  [0m] Stopped Serial Getty on ttyS0.
[[0;32m  OK  [0m] Stopped Getty on tty1.
[[0;32m  OK  [0m] Stopped Lightning Fast Webserver With Light System Requirements.
[[0;32m  OK  [0m] Stopped User Manager for UID 0.
[[0;32m  OK  [0m] Stopped Serial Getty on ttyS3.
[[0;32m  OK  [0m] Stopped parse-ip.service.
[[0;32m  OK  [0m] Stopped Session c1 of user root.
[[0;32m  OK  [0m] Stopped thermal-zone-init.service.
[[0;32m  OK  [0m] Stopped Save/Restore Sound Card State.
[[0;32m  OK  [0m] Stopped User Manager for UID 0.
         Stopping matrix-gui-2.0.service...
[[0;32m  OK  [0m] Removed slice User Slice of root.
         Stopping Login Service...
[[0;32m  OK  [0m] Removed slice system-getty.slice.
[[0;32m  OK  [0m] Removed slice system-serial\x2dgetty.slice.
         Stopping Permit User Sessions...
[[0;32m  OK  [0m] Stopped target Network.
         Stopping Network Service...
[[0;32m  OK  [0m] Stopped Login Service.
[[0;32m  OK  [0m] Stopped Network Service.
[[0;32m  OK  [0m] Stopped matrix-gui-2.0.service.
[[0;32m  OK  [0m] Stopped Permit User Sessions.
         Stopping rng-tools.service...
         Stopping D-Bus System Message Bus...
[[0;32m  OK  [0m] Stopped D-Bus System Message Bus.
[[0;32m  OK  [0m] Stopped rng-tools.service.
         Stopping thttpd.service...
[[0;32m  OK  [0m] Stopped thttpd.service.
         Stopping telnetd.service...
[[0;32m  OK  [0m] Stopped telnetd.service.
         Stopping weston.service...
[[0;32m  OK  [0m] Stopped weston.service.
[[0;32m  OK  [0m] Stopped target Remote File Systems.
         Stopping rc.pvr.service...
[ 9743.147686] tilcdc 4830e000.lcdc: tilcdc_crtc_irq(0x00000020): FIFO underfow
[ 9743.159138] tilcdc 4830e000.lcdc: tilcdc_crtc_irq(0x00000004): Sync lost
[ 9743.160090] tilcdc 4830e000.lcdc: tilcdc_crtc_irq(0x00000004): Sync lost
[[0;32m  OK  [0m] Stopped rc.pvr.service.
         Stopping uim-sysfs.service...
[[0;32m  OK  [0m] Stopped uim-sysfs.service.
[[0;32m  OK  [0m] Stopped target Basic System.
[[0;32m  OK  [0m] Stopped target Slices.
[[0;32m  OK  [0m] Removed slice User and Session Slice.
[[0;32m  OK  [0m] Stopped target Sockets.
[[0;32m  OK  [0m] Closed D-Bus System Message Bus Socket.
[[0;32m  OK  [0m] Closed Syslog Socket.
[[0;32m  OK  [0m] Closed RPCbind Server Activation Socket.
[[0;32m  OK  [0m] Closed dropbear.socket.
[[0;32m  OK  [0m] Stopped target Paths.
[[0;32m  OK  [0m] Stopped Dispatch Password Requests to Console Directory Watch.
[[0;32m  OK  [0m] Stopped Forward Password Requests to Wall Directory Watch.
[[0;32m  OK  [0m] Stopped target System Initialization.
[[0;32m  OK  [0m] Stopped target Swap.
         Stopping Load/Save Screen Backlight...htness of backlight:backlight...
[[0;32m  OK  [0m] Stopped Synchronize System and HW clocks.
         Stopping Load/Save Random Seed...
[[0;32m  OK  [0m] Stopped Setup Virtual Console.
         Stopping Network Time Synchronization...
[[0;32m  OK  [0m] Stopped Apply Kernel Variables.
[[0;32m  OK  [0m] Stopped Load Kernel Modules.
[[0;32m  OK  [0m] Stopped Load/Save Screen Backlight Brightness of backlight:backlight.
[[0;32m  OK  [0m] Stopped Load/Save Random Seed.
[[0;32m  OK  [0m] Removed slice system-systemd\x2dbacklight.slice.
[  [0;31m*[0;1;31m*[0m[0;31m* [0m] A stop job is running for Network T...Synchronization (11s / 1min 35s)
[K[ [0;31m*[0;1;31m*[0m[0;31m*  [0m] A stop job is running for Network T...Synchronization (11s / 1min 35s)
[K[[0;31m*[0;1;31m*[0m[0;31m*   [0m] A stop job is running for Network T...Synchronization (12s / 1min 35s)
[K[[0;1;31m*[0m[0;31m*    [0m] A stop job is running for Network T...Synchronization (12s / 1min 35s)
[K[[0m[0;31m*     [0m] A stop job is running for Network T...Synchronization (13s / 1min 35s)
[K[[0;1;31m*[0m[0;31m*    [0m] A stop job is running for Network T...Synchronization (13s / 1min 35s)
[K[[0;31m*[0;1;31m*[0m[0;31m*   [0m] A stop job is running for Network T...Synchronization (14s / 1min 35s)
[K[ [0;31m*[0;1;31m*[0m[0;31m*  [0m] A stop job is running for Network T...Synchronization (14s / 1min 35s)
[K[  [0;31m*[0;1;31m*[0m[0;31m* [0m] A stop job is running for Network T...Synchronization (15s / 1min 35s)
[K[   [0;31m*[0;1;31m*[0m[0;31m*[0m] A stop job is running for Network T...Synchronization (15s / 1min 35s)
[K[    [0;31m*[0;1;31m*[0m] A stop job is running for Network T...Synchronization (16s / 1min 35s)
[K[     [0;31m*[0m] A stop job is running for Network T...Synchronization (16s / 1min 35s)
[K[    [0;31m*[0;1;31m*[0m] A stop job is running for Network T...Synchronization (17s / 1min 35s)
[K[   [0;31m*[0;1;31m*[0m[0;31m*[0m] A stop job is running for Network T...Synchronization (17s / 1min 35s)
[K[  [0;31m*[0;1;31m*[0m[0;31m* [0m] A stop job is running for Network T...Synchronization (18s / 1min 35s)
[K[ [0;31m*[0;1;31m*[0m[0;31m*  [0m] A stop job is running for Network T...Synchronization (18s / 1min 35s)
[K[[0;31m*[0;1;31m*[0m[0;31m*   [0m] A stop job is running for Network T...Synchronization (19s / 1min 35s)
[K[[0;1;31m*[0m[0;31m*    [0m] A stop job is running for Network T...Synchronization (19s / 1min 35s)
[K[[0m[0;31m*     [0m] A stop job is running for Network T...Synchronization (20s / 1min 35s)
[K[[0;1;31m*[0m[0;31m*    [0m] A stop job is running for Network T...Synchronization (20s / 1min 35s)
[K[[0;31m*[0;1;31m*[0m[0;31m*   [0m] A stop job is running for Network T...Synchronization (21s / 1min 35s)
[K[ [0;31m*[0;1;31m*[0m[0;31m*  [0m] A stop job is running for Network T...Synchronization (21s / 1min 35s)
[K[  [0;31m*[0;1;31m*[0m[0;31m* [0m] A stop job is running for Network T...Synchronization (22s / 1min 35s)
[K[   [0;31m*[0;1;31m*[0m[0;31m*[0m] A stop job is running for Network T...Synchronization (22s / 1min 35s)
[K[    [0;31m*[0;1;31m*[0m] A stop job is running for Network T...Synchronization (23s / 1min 35s)
[K[[0;32m  OK  [0m] Stopped Network Time Synchronization.
[[0;32m  OK  [0m] Stopped Create Volatile Files and Directories.
[[0;32m  OK  [0m] Stopped target Local File Systems.
         Unmounting /var/volatile...
         Unmounting Temporary Directory...
         Unmounting /run/media/mmcblk0p1...
         Unmounting /run/user/0...
         Unmounting /run/media/mmcblk0p3...
         Unmounting /run/media/mmcblk0p2...
         Unmounting /media/ram...
[[0;32m  OK  [0m] Unmounted /var/volatile.
[[0;32m  OK  [0m] Unmounted Temporary Directory.
[[0;32m  OK  [0m] Unmounted /run/media/mmcblk0p1.
[[0;32m  OK  [0m] Unmounted /run/user/0.
[[0;32m  OK  [0m] Unmounted /run/media/mmcblk0p3.
[[0;32m  OK  [0m] Unmounted /run/media/mmcblk0p2.
[[0;32m  OK  [0m] Unmounted /media/ram.
[[0;32m  OK  [0m] Reached target Unmount All Filesystems.
[[0;32m  OK  [0m] Stopped target Local File Systems (Pre).
[[0;32m  OK  [0m] Stopped Create Static Device Nodes in /dev.
[[0;32m  OK  [0m] Stopped Remount Root and Kernel File Systems.
[[0;32m  OK  [0m] Reached target Shutdown.
[ 9764.949565] systemd-shutdown[1]: Sending SIGTERM to remaining processes...
[ 9764.988586] systemd-journald[155]: Received SIGTERM from PID 1 (systemd-shutdow).
[ 9775.014551] systemd-shutdown[1]: Sending SIGKILL to remaining processes...
[ 9775.045483] systemd-shutdown[1]: Sending SIGKILL to PID 951 (rngd).
[ 9775.059044] systemd-shutdown[1]: Unmounting file systems.
[ 9775.066308] systemd-shutdown[1]: Remounting '/' read-only with options 'vers=3,rsize=4096,wsize=4096,namlen=255,hard,nolock,proto=tcp,timeo=600,retrans=2,sec=sys,mountaddr=192.168.0.1,mountvers=3,mountproto=tcp,local_lock=all,addr=192.168.0.1'.
[ 9775.092285] systemd-shutdown[1]: Remounting '/' read-only with options 'vers=3,rsize=4096,wsize=4096,namlen=255,hard,nolock,proto=tcp,timeo=600,retrans=2,sec=sys,mountaddr=192.168.0.1,mountvers=3,mountproto=tcp,local_lock=all,addr=192.168.0.1'.
[ 9775.115871] systemd-shutdown[1]: All filesystems unmounted.
[ 9775.121502] systemd-shutdown[1]: Deactivating swaps.
[ 9775.126968] systemd-shutdown[1]: All swaps deactivated.
[ 9775.132238] systemd-shutdown[1]: Detaching loop devices.
[ 9775.145935] systemd-shutdown[1]: All loop devices detached.
[ 9775.151586] systemd-shutdown[1]: Detaching DM devices.
[ 9775.158268] systemd-shutdown[1]: All DM devices detached.
[ 9775.168044] systemd-shutdown[1]: Powering off.
[ 9775.172649] musb-hdrc musb-hdrc.1.auto: remove, state 4
[ 9775.178050] usb usb2: USB disconnect, device number 1
[ 9775.183729] musb-hdrc musb-hdrc.1.auto: USB bus 2 deregistered
[ 9775.189715] musb-hdrc musb-hdrc.0.auto: remove, state 4
[ 9775.194995] usb usb1: USB disconnect, device number 1
[ 9775.200541] musb-hdrc musb-hdrc.0.auto: USB bus 1 deregistered
[ 9775.218754] reboot: Power down
- 19:28:15 [INFO] Disconnected serial from am335x-evm
- 19:28:16 [INFO] Connected to am335x-evm via serial 
- 19:28:16 [INFO] Host: 
- 19:28:18 [INFO] Target: 
U-Boot SPL 2016.05-00041-ga456020 (Jul 08 2016 - 12:54:09)
Trying to boot from MMC1
reading args
spl_load_image_fat_os: error reading image args, err - -1
reading u-boot.img
reading u-boot.img
reading u-boot.img
reading u-boot.img
U-Boot 2016.05-00041-ga456020 (Jul 08 2016 - 12:54:09 -0500), Build: jenkins-ti-uboot-compile-test-146
       Watchdog enabled
I2C:   ready
DRAM:  1 GiB
NAND:  256 MiB
MMC:   OMAP SD/MMC: 0, OMAP SD/MMC: 1
reading uboot.env
<ethaddr> not set. Validating first E-fuse MAC
Net:   eth0: ethernet@4a100000
Warning: usb_ether MAC addresses don't match:
Address in SROM is         de:ad:be:ef:00:01
Address in environment is  d0:ff:50:56:ef:91
, eth1: usb_ether
Press SPACE to abort autoboot in 2 seconds
=>  
=>  
=>  
=>  
- 19:28:18 [INFO] Host: 
- 19:28:18 [INFO] Target: 
- 19:28:18 [INFO] Host: version
- 19:28:18 [INFO] Target: 
version
U-Boot 2016.05-00041-ga456020 (Jul 08 2016 - 12:54:09 -0500)
arm-linux-gnueabihf-gcc (Linaro GCC 5.3-2016.02) 5.3.1 20160113
GNU ld (GNU Binutils) 2.25.0 Linaro 2015_10
- 19:28:18 [INFO] Host: setenv bootargs 'console=ttyO0,115200n8 earlyprintk=serial,ttyO0,115200n8 rootwait  '
- 19:28:18 [INFO] Target: 
setenv bootargs 'console=ttyO0,115200n8 earlyprintk=serial,ttyO0,115200n8 rootwait  '
- 19:28:18 [INFO] Host: setenv bootcmd  ''
- 19:28:18 [INFO] Target: 
setenv bootcmd  ''
- 19:28:18 [INFO] Host: setenv autoload 'no'
- 19:28:18 [INFO] Target: 
setenv autoload 'no'
- 19:28:18 [INFO] Host: setenv serverip '192.168.0.1'
- 19:28:18 [INFO] Target: 
setenv serverip '192.168.0.1'
- 19:28:18 [INFO] Host: setenv _initramfs -
- 19:28:18 [INFO] Target: 
setenv _initramfs -
- 19:28:18 [INFO] Host: printenv
- 19:28:19 [INFO] Target: 
printenv
_initramfs=-
arch=arm
args_mmc=run finduuid;setenv bootargs console=${console} ${optargs} root=PARTUUID=${uuid} rw rootfstype=${mmcrootfstype}
autoload=no
baudrate=115200
board=am335x
board_name=A33515BB
board_rev=1.6A
board_serial=15194P160193
boot_a_script=load ${devtype} ${devnum}:${distro_bootpart} ${scriptaddr} ${prefix}${script}; source ${scriptaddr}
boot_efi_binary=load ${devtype} ${devnum}:${distro_bootpart} ${kernel_addr_r} efi/boot/bootarm.efi; if fdt addr ${fdt_addr_r}; then bootefi ${kernel_addr_r} ${fdt_addr_r};elsebootefi ${kernel_addr_r} ${fdtcontroladdr};fi
boot_extlinux=sysboot ${devtype} ${devnum}:${distro_bootpart} any ${scriptaddr} ${prefix}extlinux/extlinux.conf
boot_fdt=try
boot_net_usb_start=usb start
boot_prefixes=/ /boot/
boot_script_dhcp=boot.scr.uimg
boot_scripts=boot.scr.uimg boot.scr
boot_targets=mmc0 legacy_mmc0 mmc1 legacy_mmc1 nand0 pxe dhcp 
bootargs=console=ttyO0,115200n8 earlyprintk=serial,ttyO0,115200n8 rootwait  
bootcmd=
bootcmd_dhcp=run boot_net_usb_start; if dhcp ${scriptaddr} ${boot_script_dhcp}; then source ${scriptaddr}; fi
bootcmd_legacy_mmc0=setenv mmcdev 0; setenv bootpart 0:2 ; run mmcboot
bootcmd_legacy_mmc1=setenv mmcdev 1; setenv bootpart 1:2 ; run mmcboot
bootcmd_mmc0=setenv devnum 0; run mmc_boot
bootcmd_mmc1=setenv devnum 1; run mmc_boot
bootcmd_nand=run nandboot
bootcmd_pxe=run boot_net_usb_start; dhcp; if pxe get; then pxe boot; fi
bootcount=1
bootdelay=2
bootdir=/boot
bootenvfile=uEnv.txt
bootfile=zImage
bootm_size=0x10000000
bootpart=0:2
bootscript=echo Running bootscript from mmc${mmcdev} ...; source ${loadaddr}
console=ttyO0,115200n8
cpu=armv7
dfu_alt_info_emmc=rawemmc raw 0 3751936
dfu_alt_info_mmc=boot part 0 1;rootfs part 0 2;MLO fat 0 1;MLO.raw raw 0x100 0x100;u-boot.img.raw raw 0x300 0x400;spl-os-args.raw raw 0x80 0x80;spl-os-image.raw raw 0x900 0x2000;spl-os-args fat 0 1;spl-os-image fat 0 1;u-boot.img fat 0 1;uEnv.txt fat 0 1
dfu_alt_info_nand=SPL part 0 1;SPL.backup1 part 0 2;SPL.backup2 part 0 3;SPL.backup3 part 0 4;u-boot part 0 5;u-boot-spl-os part 0 6;kernel part 0 8;rootfs part 0 9
dfu_alt_info_ram=kernel ram 0x80200000 0xD80000;fdt ram 0x80F80000 0x80000;ramdisk ram 0x81000000 0x4000000
distro_bootcmd=for target in ${boot_targets}; do run bootcmd_${target}; done
efi_dtb_prefixes=/ /dtb/ /dtb/current/
envboot=mmc dev ${mmcdev}; if mmc rescan; then echo SD/MMC found on device ${mmcdev};if run loadbootscript; then run bootscript;else if run loadbootenv; then echo Loaded env from ${bootenvfile};run importbootenv;fi;if test -n $uenvcmd; then echo Running uenvcmd ...;run uenvcmd;fi;fi;fi;
eth1addr=d0:ff:50:56:ef:91
ethaddr=d0:ff:50:56:ef:8f
fdt_addr_r=0x88000000
fdtaddr=0x88000000
fdtcontroladdr=bef28ed8
fdtfile=undefined
findfdt=if test $board_name = A335BONE; then setenv fdtfile am335x-bone.dtb; fi; if test $board_name = A335BNLT; then setenv fdtfile am335x-boneblack.dtb; fi; if test $board_name = BBG1; then setenv fdtfile am335x-bonegreen.dtb; fi; if test $board_name = A33515BB; then setenv fdtfile am335x-evm.dtb; fi; if test $board_name = A335X_SK; then setenv fdtfile am335x-evmsk.dtb; fi; if test $board_name = A335_ICE; then setenv fdtfile am335x-icev2.dtb; fi; if test $fdtfile = undefined; then echo WARNING: Could not determine device tree to use; fi; 
finduuid=part uuid mmc ${bootpart} uuid
importbootenv=echo Importing environment from mmc${mmcdev} ...; env import -t ${loadaddr} ${filesize}
init_console=if test $board_name = A335_ICE; then setenv console ttyO3,115200n8;else setenv console ttyO0,115200n8;fi;
kernel_addr_r=0x82000000
load_efi_dtb=load ${devtype} ${devnum}:${distro_bootpart} ${fdt_addr_r} ${prefix}${efi_fdtfile}
loadaddr=0x82000000
loadbootenv=fatload mmc ${mmcdev} ${loadaddr} ${bootenvfile}
loadbootscript=load mmc ${mmcdev} ${loadaddr} boot.scr
loadfdt=load mmc ${bootpart} ${fdtaddr} ${bootdir}/${fdtfile}
loadimage=load mmc ${bootpart} ${loadaddr} ${bootdir}/${bootfile}
loadramdisk=load mmc ${mmcdev} ${rdaddr} ramdisk.gz
mmc_boot=if mmc dev ${devnum}; then setenv devtype mmc; run scan_dev_for_boot_part; fi
mmcboot=mmc dev ${mmcdev}; if mmc rescan; then echo SD/MMC found on device ${mmcdev};run envboot; if run loadimage; then run mmcloados;fi;fi;
mmcdev=0
mmcloados=run args_mmc; if test ${boot_fdt} = yes || test ${boot_fdt} = try; then if run loadfdt; then bootz ${loadaddr} - ${fdtaddr}; else if test ${boot_fdt} = try; then bootz; else echo WARN: Cannot load the DT; fi; fi; else bootz; fi;
mmcrootfstype=ext4 rootwait
mtdids=nand0=nand.0
mtdparts=mtdparts=nand.0:128k(NAND.SPL),128k(NAND.SPL.backup1),128k(NAND.SPL.backup2),128k(NAND.SPL.backup3),256k(NAND.u-boot-spl-os),1m(NAND.u-boot),128k(NAND.u-boot-env),128k(NAND.u-boot-env.backup1),8m(NAND.kernel),-(NAND.file-system)
nandargs=setenv bootargs console=${console} ${optargs} root=${nandroot} rootfstype=${nandrootfstype}
nandboot=echo Booting from nand ...; run nandargs; nand read ${fdtaddr} NAND.u-boot-spl-os; nand read ${loadaddr} NAND.kernel; bootz ${loadaddr} - ${fdtaddr}
nandroot=ubi0:rootfs rw ubi.mtd=NAND.file-system,2048
nandrootfstype=ubifs rootwait=1
netargs=setenv bootargs console=${console} ${optargs} root=/dev/nfs nfsroot=${serverip}:${rootpath},${nfsopts} rw ip=dhcp
netboot=echo Booting from network ...; setenv autoload no; dhcp; run netloadimage; run netloadfdt; run netargs; bootz ${loadaddr} - ${fdtaddr}
netloadfdt=tftp ${fdtaddr} ${fdtfile}
netloadimage=tftp ${loadaddr} ${bootfile}
nfsopts=nolock
partitions=uuid_disk=${uuid_gpt_disk};name=rootfs,start=2MiB,size=-,uuid=${uuid_gpt_rootfs}
pxefile_addr_r=0x80100000
ramargs=setenv bootargs console=${console} ${optargs} root=${ramroot} rootfstype=${ramrootfstype}
ramboot=echo Booting from ramdisk ...; run ramargs; bootz ${loadaddr} ${rdaddr} ${fdtaddr}
ramdisk_addr_r=0x88080000
ramroot=/dev/ram0 rw
ramrootfstype=ext2
rdaddr=0x88080000
rootpath=/export/rootfs
scan_dev_for_boot=echo Scanning ${devtype} ${devnum}:${distro_bootpart}...; for prefix in ${boot_prefixes}; do run scan_dev_for_extlinux; run scan_dev_for_scripts; done;run scan_dev_for_efi;
scan_dev_for_boot_part=part list ${devtype} ${devnum} -bootable devplist; env exists devplist || setenv devplist 1; for distro_bootpart in ${devplist}; do if fstype ${devtype} ${devnum}:${distro_bootpart} bootfstype; then run scan_dev_for_boot; fi; done
scan_dev_for_efi=setenv efi_fdtfile ${fdtfile}; if test -z "${fdtfile}" -a -n "${soc}"; then setenv efi_fdtfile ${soc}-${board}${boardver}.dtb; fi; for prefix in ${efi_dtb_prefixes}; do if test -e ${devtype} ${devnum}:${distro_bootpart} ${prefix}${efi_fdtfile}; then run load_efi_dtb; fi;done;if test -e ${devtype} ${devnum}:${distro_bootpart} efi/boot/bootarm.efi; then echo Found EFI removable media binary efi/boot/bootarm.efi; run boot_efi_binary; echo EFI LOAD FAILED: continuing...; fi; setenv efi_fdtfile
scan_dev_for_extlinux=if test -e ${devtype} ${devnum}:${distro_bootpart} ${prefix}extlinux/extlinux.conf; then echo Found ${prefix}extlinux/extlinux.conf; run boot_extlinux; echo SCRIPT FAILED: continuing...; fi
scan_dev_for_scripts=for script in ${boot_scripts}; do if test -e ${devtype} ${devnum}:${distro_bootpart} ${prefix}${script}; then echo Found U-Boot script ${prefix}${script}; run boot_a_script; echo SCRIPT FAILED: continuing...; fi; done
scriptaddr=0x80000000
serverip=192.168.0.1
soc=am33xx
spiargs=setenv bootargs console=${console} ${optargs} root=${spiroot} rootfstype=${spirootfstype}
spiboot=echo Booting from spi ...; run spiargs; sf probe ${spibusno}:0; sf read ${loadaddr} ${spisrcaddr} ${spiimgsize}; bootz ${loadaddr}
spibusno=0
spiimgsize=0x362000
spiroot=/dev/mtdblock4 rw
spirootfstype=jffs2
spisrcaddr=0xe0000
static_ip=${ipaddr}:${serverip}:${gatewayip}:${netmask}:${hostname}::off
stderr=serial@44e09000
stdin=serial@44e09000
stdout=serial@44e09000
usb_boot=usb start; if usb dev ${devnum}; then setenv devtype usb; run scan_dev_for_boot_part; fi
usbnet_devaddr=de:ad:be:ef:00:01
vendor=ti
ver=U-Boot 2016.05-00041-ga456020 (Jul 08 2016 - 12:54:09 -0500)
Environment size: 8228/131068 bytes
- 19:28:19 [INFO] Host: printenv
- 19:28:20 [INFO] Target: 
printenv
_initramfs=-
arch=arm
args_mmc=run finduuid;setenv bootargs console=${console} ${optargs} root=PARTUUID=${uuid} rw rootfstype=${mmcrootfstype}
autoload=no
baudrate=115200
board=am335x
board_name=A33515BB
board_rev=1.6A
board_serial=15194P160193
boot_a_script=load ${devtype} ${devnum}:${distro_bootpart} ${scriptaddr} ${prefix}${script}; source ${scriptaddr}
boot_efi_binary=load ${devtype} ${devnum}:${distro_bootpart} ${kernel_addr_r} efi/boot/bootarm.efi; if fdt addr ${fdt_addr_r}; then bootefi ${kernel_addr_r} ${fdt_addr_r};elsebootefi ${kernel_addr_r} ${fdtcontroladdr};fi
boot_extlinux=sysboot ${devtype} ${devnum}:${distro_bootpart} any ${scriptaddr} ${prefix}extlinux/extlinux.conf
boot_fdt=try
boot_net_usb_start=usb start
boot_prefixes=/ /boot/
boot_script_dhcp=boot.scr.uimg
boot_scripts=boot.scr.uimg boot.scr
boot_targets=mmc0 legacy_mmc0 mmc1 legacy_mmc1 nand0 pxe dhcp 
bootargs=console=ttyO0,115200n8 earlyprintk=serial,ttyO0,115200n8 rootwait  
bootcmd=
bootcmd_dhcp=run boot_net_usb_start; if dhcp ${scriptaddr} ${boot_script_dhcp}; then source ${scriptaddr}; fi
bootcmd_legacy_mmc0=setenv mmcdev 0; setenv bootpart 0:2 ; run mmcboot
bootcmd_legacy_mmc1=setenv mmcdev 1; setenv bootpart 1:2 ; run mmcboot
bootcmd_mmc0=setenv devnum 0; run mmc_boot
bootcmd_mmc1=setenv devnum 1; run mmc_boot
bootcmd_nand=run nandboot
bootcmd_pxe=run boot_net_usb_start; dhcp; if pxe get; then pxe boot; fi
bootcount=1
bootdelay=2
bootdir=/boot
bootenvfile=uEnv.txt
bootfile=zImage
bootm_size=0x10000000
bootpart=0:2
bootscript=echo Running bootscript from mmc${mmcdev} ...; source ${loadaddr}
console=ttyO0,115200n8
cpu=armv7
dfu_alt_info_emmc=rawemmc raw 0 3751936
dfu_alt_info_mmc=boot part 0 1;rootfs part 0 2;MLO fat 0 1;MLO.raw raw 0x100 0x100;u-boot.img.raw raw 0x300 0x400;spl-os-args.raw raw 0x80 0x80;spl-os-image.raw raw 0x900 0x2000;spl-os-args fat 0 1;spl-os-image fat 0 1;u-boot.img fat 0 1;uEnv.txt fat 0 1
dfu_alt_info_nand=SPL part 0 1;SPL.backup1 part 0 2;SPL.backup2 part 0 3;SPL.backup3 part 0 4;u-boot part 0 5;u-boot-spl-os part 0 6;kernel part 0 8;rootfs part 0 9
dfu_alt_info_ram=kernel ram 0x80200000 0xD80000;fdt ram 0x80F80000 0x80000;ramdisk ram 0x81000000 0x4000000
distro_bootcmd=for target in ${boot_targets}; do run bootcmd_${target}; done
efi_dtb_prefixes=/ /dtb/ /dtb/current/
envboot=mmc dev ${mmcdev}; if mmc rescan; then echo SD/MMC found on device ${mmcdev};if run loadbootscript; then run bootscript;else if run loadbootenv; then echo Loaded env from ${bootenvfile};run importbootenv;fi;if test -n $uenvcmd; then echo Running uenvcmd ...;run uenvcmd;fi;fi;fi;
eth1addr=d0:ff:50:56:ef:91
ethaddr=d0:ff:50:56:ef:8f
fdt_addr_r=0x88000000
fdtaddr=0x88000000
fdtcontroladdr=bef28ed8
fdtfile=undefined
findfdt=if test $board_name = A335BONE; then setenv fdtfile am335x-bone.dtb; fi; if test $board_name = A335BNLT; then setenv fdtfile am335x-boneblack.dtb; fi; if test $board_name = BBG1; then setenv fdtfile am335x-bonegreen.dtb; fi; if test $board_name = A33515BB; then setenv fdtfile am335x-evm.dtb; fi; if test $board_name = A335X_SK; then setenv fdtfile am335x-evmsk.dtb; fi; if test $board_name = A335_ICE; then setenv fdtfile am335x-icev2.dtb; fi; if test $fdtfile = undefined; then echo WARNING: Could not determine device tree to use; fi; 
finduuid=part uuid mmc ${bootpart} uuid
importbootenv=echo Importing environment from mmc${mmcdev} ...; env import -t ${loadaddr} ${filesize}
init_console=if test $board_name = A335_ICE; then setenv console ttyO3,115200n8;else setenv console ttyO0,115200n8;fi;
kernel_addr_r=0x82000000
load_efi_dtb=load ${devtype} ${devnum}:${distro_bootpart} ${fdt_addr_r} ${prefix}${efi_fdtfile}
loadaddr=0x82000000
loadbootenv=fatload mmc ${mmcdev} ${loadaddr} ${bootenvfile}
loadbootscript=load mmc ${mmcdev} ${loadaddr} boot.scr
loadfdt=load mmc ${bootpart} ${fdtaddr} ${bootdir}/${fdtfile}
loadimage=load mmc ${bootpart} ${loadaddr} ${bootdir}/${bootfile}
loadramdisk=load mmc ${mmcdev} ${rdaddr} ramdisk.gz
mmc_boot=if mmc dev ${devnum}; then setenv devtype mmc; run scan_dev_for_boot_part; fi
mmcboot=mmc dev ${mmcdev}; if mmc rescan; then echo SD/MMC found on device ${mmcdev};run envboot; if run loadimage; then run mmcloados;fi;fi;
mmcdev=0
mmcloados=run args_mmc; if test ${boot_fdt} = yes || test ${boot_fdt} = try; then if run loadfdt; then bootz ${loadaddr} - ${fdtaddr}; else if test ${boot_fdt} = try; then bootz; else echo WARN: Cannot load the DT; fi; fi; else bootz; fi;
mmcrootfstype=ext4 rootwait
mtdids=nand0=nand.0
mtdparts=mtdparts=nand.0:128k(NAND.SPL),128k(NAND.SPL.backup1),128k(NAND.SPL.backup2),128k(NAND.SPL.backup3),256k(NAND.u-boot-spl-os),1m(NAND.u-boot),128k(NAND.u-boot-env),128k(NAND.u-boot-env.backup1),8m(NAND.kernel),-(NAND.file-system)
nandargs=setenv bootargs console=${console} ${optargs} root=${nandroot} rootfstype=${nandrootfstype}
nandboot=echo Booting from nand ...; run nandargs; nand read ${fdtaddr} NAND.u-boot-spl-os; nand read ${loadaddr} NAND.kernel; bootz ${loadaddr} - ${fdtaddr}
nandroot=ubi0:rootfs rw ubi.mtd=NAND.file-system,2048
nandrootfstype=ubifs rootwait=1
netargs=setenv bootargs console=${console} ${optargs} root=/dev/nfs nfsroot=${serverip}:${rootpath},${nfsopts} rw ip=dhcp
netboot=echo Booting from network ...; setenv autoload no; dhcp; run netloadimage; run netloadfdt; run netargs; bootz ${loadaddr} - ${fdtaddr}
netloadfdt=tftp ${fdtaddr} ${fdtfile}
netloadimage=tftp ${loadaddr} ${bootfile}
nfsopts=nolock
partitions=uuid_disk=${uuid_gpt_disk};name=rootfs,start=2MiB,size=-,uuid=${uuid_gpt_rootfs}
pxefile_addr_r=0x80100000
ramargs=setenv bootargs console=${console} ${optargs} root=${ramroot} rootfstype=${ramrootfstype}
ramboot=echo Booting from ramdisk ...; run ramargs; bootz ${loadaddr} ${rdaddr} ${fdtaddr}
ramdisk_addr_r=0x88080000
ramroot=/dev/ram0 rw
ramrootfstype=ext2
rdaddr=0x88080000
rootpath=/export/rootfs
scan_dev_for_boot=echo Scanning ${devtype} ${devnum}:${distro_bootpart}...; for prefix in ${boot_prefixes}; do run scan_dev_for_extlinux; run scan_dev_for_scripts; done;run scan_dev_for_efi;
scan_dev_for_boot_part=part list ${devtype} ${devnum} -bootable devplist; env exists devplist || setenv devplist 1; for distro_bootpart in ${devplist}; do if fstype ${devtype} ${devnum}:${distro_bootpart} bootfstype; then run scan_dev_for_boot; fi; done
scan_dev_for_efi=setenv efi_fdtfile ${fdtfile}; if test -z "${fdtfile}" -a -n "${soc}"; then setenv efi_fdtfile ${soc}-${board}${boardver}.dtb; fi; for prefix in ${efi_dtb_prefixes}; do if test -e ${devtype} ${devnum}:${distro_bootpart} ${prefix}${efi_fdtfile}; then run load_efi_dtb; fi;done;if test -e ${devtype} ${devnum}:${distro_bootpart} efi/boot/bootarm.efi; then echo Found EFI removable media binary efi/boot/bootarm.efi; run boot_efi_binary; echo EFI LOAD FAILED: continuing...; fi; setenv efi_fdtfile
scan_dev_for_extlinux=if test -e ${devtype} ${devnum}:${distro_bootpart} ${prefix}extlinux/extlinux.conf; then echo Found ${prefix}extlinux/extlinux.conf; run boot_extlinux; echo SCRIPT FAILED: continuing...; fi
scan_dev_for_scripts=for script in ${boot_scripts}; do if test -e ${devtype} ${devnum}:${distro_bootpart} ${prefix}${script}; then echo Found U-Boot script ${prefix}${script}; run boot_a_script; echo SCRIPT FAILED: continuing...; fi; done
scriptaddr=0x80000000
serverip=192.168.0.1
soc=am33xx
spiargs=setenv bootargs console=${console} ${optargs} root=${spiroot} rootfstype=${spirootfstype}
spiboot=echo Booting from spi ...; run spiargs; sf probe ${spibusno}:0; sf read ${loadaddr} ${spisrcaddr} ${spiimgsize}; bootz ${loadaddr}
spibusno=0
spiimgsize=0x362000
spiroot=/dev/mtdblock4 rw
spirootfstype=jffs2
spisrcaddr=0xe0000
static_ip=${ipaddr}:${serverip}:${gatewayip}:${netmask}:${hostname}::off
stderr=serial@44e09000
stdin=serial@44e09000
stdout=serial@44e09000
usb_boot=usb start; if usb dev ${devnum}; then setenv devtype usb; run scan_dev_for_boot_part; fi
usbnet_devaddr=de:ad:be:ef:00:01
vendor=ti
ver=U-Boot 2016.05-00041-ga456020 (Jul 08 2016 - 12:54:09 -0500)
Environment size: 8228/131068 bytes
- 19:28:20 [INFO] Host: setenv bootargs ''${bootargs}' ip=:::::eth0:dhcp '
- 19:28:20 [INFO] Target: 
setenv bootargs ''${bootargs}' ip=:::::eth0:dhcp '
- 19:28:20 [INFO] Host: setenv serverip '192.168.0.1'
- 19:28:20 [INFO] Target: 
setenv serverip '192.168.0.1'
- 19:28:20 [INFO] Host: setenv autoload 'no'
- 19:28:20 [INFO] Target: 
setenv autoload 'no'
- 19:28:20 [INFO] Host: dhcp
- 19:28:21 [INFO] Target: 
dhcp
link up on port 0, speed 1000, full duplex
BOOTP broadcast 1
BOOTP broadcast 2
BOOTP broadcast 3
DHCP client bound to address 192.168.0.189 (1057 ms)
- 19:28:21 [INFO] Host: tftp ${loadaddr} 192.168.0.1:vatf_am335x-evm2/58279b4322c2863925bc36df4427892d
- 19:28:22 [INFO] Target: 
tftp ${loadaddr} 192.168.0.1:vatf_am335x-evm2/58279b4322c2863925bc36df4427892d
link up on port 0, speed 1000, full duplex
Using ethernet@4a100000 device
TFTP from server 192.168.0.1; our IP address is 192.168.0.189
Filename 'vatf_am335x-evm2/58279b4322c2863925bc36df4427892d'.
Load address: 0x82000000
Loading: *#################################################################
	 #################################################################
	 #################################################################
	 #################################################################
	 6.7 MiB/s
done
Bytes transferred = 3814560 (3a34a0 hex)
- 19:28:22 [INFO] Host: tftp ${fdt_addr_r} 192.168.0.1:vatf_am335x-evm2/20cba433b9d45cf40a2ea09b20fc9ace
- 19:28:22 [INFO] Target: 
tftp ${fdt_addr_r} 192.168.0.1:vatf_am335x-evm2/20cba433b9d45cf40a2ea09b20fc9ace
link up on port 0, speed 1000, full duplex
Using ethernet@4a100000 device
TFTP from server 192.168.0.1; our IP address is 192.168.0.189
Filename 'vatf_am335x-evm2/20cba433b9d45cf40a2ea09b20fc9ace'.
Load address: 0x88000000
Loading: *###
	 5.5 MiB/s
done
Bytes transferred = 40235 (9d2b hex)
- 19:28:22 [INFO] Host: ls mmc 0:1
- 19:28:22 [INFO] Target: 
ls mmc 0:1
    78288   mlo 
      140   autorun.inf 
   176621   beaglebone-quickstartguide.pdf 
  2371014   quickstartguide.pdf 
   642296   u-boot.img 
  3061672   uimage 
            windows_users/
       53   pointercal 
       14   .ipaddr 
    77232   mlo-orig 
   231388   u-boot-orig.img 
  3420064   zimage 
        4   ws-calibrate.rules 
   446472   u-boot.img.orig 
   131072   uboot.env 
14 file(s), 1 dir(s)
- 19:28:22 [INFO] Host: ls mmc 0:2
- 19:28:22 [INFO] Target: 
ls mmc 0:2
<DIR>       4096 .
<DIR>       4096 ..
<DIR>       4096 bin
<DIR>       4096 boot
<DIR>       4096 dev
<DIR>       4096 etc
<DIR>       4096 home
<DIR>       4096 lib
<SYM>         12 linuxrc
<DIR>       4096 media
<DIR>       4096 mnt
<DIR>       4096 opt
<DIR>       4096 proc
<DIR>       4096 sbin
<DIR>       4096 srv
<DIR>       4096 sys
<SYM>          8 tmp
<DIR>       4096 usr
<DIR>       4096 var
<DIR>       4096 www
<DIR>       4096 Settings
<DIR>       4096 .qws
<DIR>       4096 test
- 19:28:22 [INFO] Host: part uuid mmc 0:2
- 19:28:23 [INFO] Target: 
part uuid mmc 0:2
00000000-02
- 19:28:23 [INFO] Host: printenv
- 19:28:23 [INFO] Target: 
printenv
_initramfs=-
arch=arm
args_mmc=run finduuid;setenv bootargs console=${console} ${optargs} root=PARTUUID=${uuid} rw rootfstype=${mmcrootfstype}
autoload=no
baudrate=115200
board=am335x
board_name=A33515BB
board_rev=1.6A
board_serial=15194P160193
boot_a_script=load ${devtype} ${devnum}:${distro_bootpart} ${scriptaddr} ${prefix}${script}; source ${scriptaddr}
boot_efi_binary=load ${devtype} ${devnum}:${distro_bootpart} ${kernel_addr_r} efi/boot/bootarm.efi; if fdt addr ${fdt_addr_r}; then bootefi ${kernel_addr_r} ${fdt_addr_r};elsebootefi ${kernel_addr_r} ${fdtcontroladdr};fi
boot_extlinux=sysboot ${devtype} ${devnum}:${distro_bootpart} any ${scriptaddr} ${prefix}extlinux/extlinux.conf
boot_fdt=try
boot_net_usb_start=usb start
boot_prefixes=/ /boot/
boot_script_dhcp=boot.scr.uimg
boot_scripts=boot.scr.uimg boot.scr
boot_targets=mmc0 legacy_mmc0 mmc1 legacy_mmc1 nand0 pxe dhcp 
bootargs=console=ttyO0,115200n8 earlyprintk=serial,ttyO0,115200n8 rootwait   ip=:::::eth0:dhcp 
bootcmd=
bootcmd_dhcp=run boot_net_usb_start; if dhcp ${scriptaddr} ${boot_script_dhcp}; then source ${scriptaddr}; fi
bootcmd_legacy_mmc0=setenv mmcdev 0; setenv bootpart 0:2 ; run mmcboot
bootcmd_legacy_mmc1=setenv mmcdev 1; setenv bootpart 1:2 ; run mmcboot
bootcmd_mmc0=setenv devnum 0; run mmc_boot
bootcmd_mmc1=setenv devnum 1; run mmc_boot
bootcmd_nand=run nandboot
bootcmd_pxe=run boot_net_usb_start; dhcp; if pxe get; then pxe boot; fi
bootcount=1
bootdelay=2
bootdir=/boot
bootenvfile=uEnv.txt
bootfile=zImage
bootm_size=0x10000000
bootpart=0:2
bootscript=echo Running bootscript from mmc${mmcdev} ...; source ${loadaddr}
console=ttyO0,115200n8
cpu=armv7
dfu_alt_info_emmc=rawemmc raw 0 3751936
dfu_alt_info_mmc=boot part 0 1;rootfs part 0 2;MLO fat 0 1;MLO.raw raw 0x100 0x100;u-boot.img.raw raw 0x300 0x400;spl-os-args.raw raw 0x80 0x80;spl-os-image.raw raw 0x900 0x2000;spl-os-args fat 0 1;spl-os-image fat 0 1;u-boot.img fat 0 1;uEnv.txt fat 0 1
dfu_alt_info_nand=SPL part 0 1;SPL.backup1 part 0 2;SPL.backup2 part 0 3;SPL.backup3 part 0 4;u-boot part 0 5;u-boot-spl-os part 0 6;kernel part 0 8;rootfs part 0 9
dfu_alt_info_ram=kernel ram 0x80200000 0xD80000;fdt ram 0x80F80000 0x80000;ramdisk ram 0x81000000 0x4000000
distro_bootcmd=for target in ${boot_targets}; do run bootcmd_${target}; done
dnsip=192.0.2.2
dnsip2=192.0.2.3
efi_dtb_prefixes=/ /dtb/ /dtb/current/
envboot=mmc dev ${mmcdev}; if mmc rescan; then echo SD/MMC found on device ${mmcdev};if run loadbootscript; then run bootscript;else if run loadbootenv; then echo Loaded env from ${bootenvfile};run importbootenv;fi;if test -n $uenvcmd; then echo Running uenvcmd ...;run uenvcmd;fi;fi;fi;
eth1addr=d0:ff:50:56:ef:91
ethact=ethernet@4a100000
ethaddr=d0:ff:50:56:ef:8f
fdt_addr_r=0x88000000
fdtaddr=0x88000000
fdtcontroladdr=bef28ed8
fdtfile=undefined
fileaddr=88000000
filesize=9d2b
findfdt=if test $board_name = A335BONE; then setenv fdtfile am335x-bone.dtb; fi; if test $board_name = A335BNLT; then setenv fdtfile am335x-boneblack.dtb; fi; if test $board_name = BBG1; then setenv fdtfile am335x-bonegreen.dtb; fi; if test $board_name = A33515BB; then setenv fdtfile am335x-evm.dtb; fi; if test $board_name = A335X_SK; then setenv fdtfile am335x-evmsk.dtb; fi; if test $board_name = A335_ICE; then setenv fdtfile am335x-icev2.dtb; fi; if test $fdtfile = undefined; then echo WARNING: Could not determine device tree to use; fi; 
finduuid=part uuid mmc ${bootpart} uuid
gatewayip=192.168.0.1
importbootenv=echo Importing environment from mmc${mmcdev} ...; env import -t ${loadaddr} ${filesize}
init_console=if test $board_name = A335_ICE; then setenv console ttyO3,115200n8;else setenv console ttyO0,115200n8;fi;
ipaddr=192.168.0.189
kernel_addr_r=0x82000000
load_efi_dtb=load ${devtype} ${devnum}:${distro_bootpart} ${fdt_addr_r} ${prefix}${efi_fdtfile}
loadaddr=0x82000000
loadbootenv=fatload mmc ${mmcdev} ${loadaddr} ${bootenvfile}
loadbootscript=load mmc ${mmcdev} ${loadaddr} boot.scr
loadfdt=load mmc ${bootpart} ${fdtaddr} ${bootdir}/${fdtfile}
loadimage=load mmc ${bootpart} ${loadaddr} ${bootdir}/${bootfile}
loadramdisk=load mmc ${mmcdev} ${rdaddr} ramdisk.gz
mmc_boot=if mmc dev ${devnum}; then setenv devtype mmc; run scan_dev_for_boot_part; fi
mmcboot=mmc dev ${mmcdev}; if mmc rescan; then echo SD/MMC found on device ${mmcdev};run envboot; if run loadimage; then run mmcloados;fi;fi;
mmcdev=0
mmcloados=run args_mmc; if test ${boot_fdt} = yes || test ${boot_fdt} = try; then if run loadfdt; then bootz ${loadaddr} - ${fdtaddr}; else if test ${boot_fdt} = try; then bootz; else echo WARN: Cannot load the DT; fi; fi; else bootz; fi;
mmcrootfstype=ext4 rootwait
mtdids=nand0=nand.0
mtdparts=mtdparts=nand.0:128k(NAND.SPL),128k(NAND.SPL.backup1),128k(NAND.SPL.backup2),128k(NAND.SPL.backup3),256k(NAND.u-boot-spl-os),1m(NAND.u-boot),128k(NAND.u-boot-env),128k(NAND.u-boot-env.backup1),8m(NAND.kernel),-(NAND.file-system)
nandargs=setenv bootargs console=${console} ${optargs} root=${nandroot} rootfstype=${nandrootfstype}
nandboot=echo Booting from nand ...; run nandargs; nand read ${fdtaddr} NAND.u-boot-spl-os; nand read ${loadaddr} NAND.kernel; bootz ${loadaddr} - ${fdtaddr}
nandroot=ubi0:rootfs rw ubi.mtd=NAND.file-system,2048
nandrootfstype=ubifs rootwait=1
netargs=setenv bootargs console=${console} ${optargs} root=/dev/nfs nfsroot=${serverip}:${rootpath},${nfsopts} rw ip=dhcp
netboot=echo Booting from network ...; setenv autoload no; dhcp; run netloadimage; run netloadfdt; run netargs; bootz ${loadaddr} - ${fdtaddr}
netloadfdt=tftp ${fdtaddr} ${fdtfile}
netloadimage=tftp ${loadaddr} ${bootfile}
netmask=255.255.255.0
nfsopts=nolock
partitions=uuid_disk=${uuid_gpt_disk};name=rootfs,start=2MiB,size=-,uuid=${uuid_gpt_rootfs}
pxefile_addr_r=0x80100000
ramargs=setenv bootargs console=${console} ${optargs} root=${ramroot} rootfstype=${ramrootfstype}
ramboot=echo Booting from ramdisk ...; run ramargs; bootz ${loadaddr} ${rdaddr} ${fdtaddr}
ramdisk_addr_r=0x88080000
ramroot=/dev/ram0 rw
ramrootfstype=ext2
rdaddr=0x88080000
rootpath=/export/rootfs
scan_dev_for_boot=echo Scanning ${devtype} ${devnum}:${distro_bootpart}...; for prefix in ${boot_prefixes}; do run scan_dev_for_extlinux; run scan_dev_for_scripts; done;run scan_dev_for_efi;
scan_dev_for_boot_part=part list ${devtype} ${devnum} -bootable devplist; env exists devplist || setenv devplist 1; for distro_bootpart in ${devplist}; do if fstype ${devtype} ${devnum}:${distro_bootpart} bootfstype; then run scan_dev_for_boot; fi; done
scan_dev_for_efi=setenv efi_fdtfile ${fdtfile}; if test -z "${fdtfile}" -a -n "${soc}"; then setenv efi_fdtfile ${soc}-${board}${boardver}.dtb; fi; for prefix in ${efi_dtb_prefixes}; do if test -e ${devtype} ${devnum}:${distro_bootpart} ${prefix}${efi_fdtfile}; then run load_efi_dtb; fi;done;if test -e ${devtype} ${devnum}:${distro_bootpart} efi/boot/bootarm.efi; then echo Found EFI removable media binary efi/boot/bootarm.efi; run boot_efi_binary; echo EFI LOAD FAILED: continuing...; fi; setenv efi_fdtfile
scan_dev_for_extlinux=if test -e ${devtype} ${devnum}:${distro_bootpart} ${prefix}extlinux/extlinux.conf; then echo Found ${prefix}extlinux/extlinux.conf; run boot_extlinux; echo SCRIPT FAILED: continuing...; fi
scan_dev_for_scripts=for script in ${boot_scripts}; do if test -e ${devtype} ${devnum}:${distro_bootpart} ${prefix}${script}; then echo Found U-Boot script ${prefix}${script}; run boot_a_script; echo SCRIPT FAILED: continuing...; fi; done
scriptaddr=0x80000000
serverip=192.168.0.1
soc=am33xx
spiargs=setenv bootargs console=${console} ${optargs} root=${spiroot} rootfstype=${spirootfstype}
spiboot=echo Booting from spi ...; run spiargs; sf probe ${spibusno}:0; sf read ${loadaddr} ${spisrcaddr} ${spiimgsize}; bootz ${loadaddr}
spibusno=0
spiimgsize=0x362000
spiroot=/dev/mtdblock4 rw
spirootfstype=jffs2
spisrcaddr=0xe0000
static_ip=${ipaddr}:${serverip}:${gatewayip}:${netmask}:${hostname}::off
stderr=serial@44e09000
stdin=serial@44e09000
stdout=serial@44e09000
usb_boot=usb start; if usb dev ${devnum}; then setenv devtype usb; run scan_dev_for_boot_part; fi
usbnet_devaddr=de:ad:be:ef:00:01
vendor=ti
ver=U-Boot 2016.05-00041-ga456020 (Jul 08 2016 - 12:54:09 -0500)
Environment size: 8418/131068 bytes
- 19:28:23 [INFO] Host: setenv bootargs ''${bootargs}' root=PARTUUID=00000000-02 rw rootfstype=ext4 rootwait '
- 19:28:23 [INFO] Target: 
setenv bootargs ''${bootargs}' root=PARTUUID=00000000-02 rw rootfstype=ext4 rootwait '
- 19:28:23 [INFO] Host: printenv
- 19:28:24 [INFO] Target: 
printenv
_initramfs=-
arch=arm
args_mmc=run finduuid;setenv bootargs console=${console} ${optargs} root=PARTUUID=${uuid} rw rootfstype=${mmcrootfstype}
autoload=no
baudrate=115200
board=am335x
board_name=A33515BB
board_rev=1.6A
board_serial=15194P160193
boot_a_script=load ${devtype} ${devnum}:${distro_bootpart} ${scriptaddr} ${prefix}${script}; source ${scriptaddr}
boot_efi_binary=load ${devtype} ${devnum}:${distro_bootpart} ${kernel_addr_r} efi/boot/bootarm.efi; if fdt addr ${fdt_addr_r}; then bootefi ${kernel_addr_r} ${fdt_addr_r};elsebootefi ${kernel_addr_r} ${fdtcontroladdr};fi
boot_extlinux=sysboot ${devtype} ${devnum}:${distro_bootpart} any ${scriptaddr} ${prefix}extlinux/extlinux.conf
boot_fdt=try
boot_net_usb_start=usb start
boot_prefixes=/ /boot/
boot_script_dhcp=boot.scr.uimg
boot_scripts=boot.scr.uimg boot.scr
boot_targets=mmc0 legacy_mmc0 mmc1 legacy_mmc1 nand0 pxe dhcp 
bootargs=console=ttyO0,115200n8 earlyprintk=serial,ttyO0,115200n8 rootwait   ip=:::::eth0:dhcp  root=PARTUUID=00000000-02 rw rootfstype=ext4 rootwait 
bootcmd=
bootcmd_dhcp=run boot_net_usb_start; if dhcp ${scriptaddr} ${boot_script_dhcp}; then source ${scriptaddr}; fi
bootcmd_legacy_mmc0=setenv mmcdev 0; setenv bootpart 0:2 ; run mmcboot
bootcmd_legacy_mmc1=setenv mmcdev 1; setenv bootpart 1:2 ; run mmcboot
bootcmd_mmc0=setenv devnum 0; run mmc_boot
bootcmd_mmc1=setenv devnum 1; run mmc_boot
bootcmd_nand=run nandboot
bootcmd_pxe=run boot_net_usb_start; dhcp; if pxe get; then pxe boot; fi
bootcount=1
bootdelay=2
bootdir=/boot
bootenvfile=uEnv.txt
bootfile=zImage
bootm_size=0x10000000
bootpart=0:2
bootscript=echo Running bootscript from mmc${mmcdev} ...; source ${loadaddr}
console=ttyO0,115200n8
cpu=armv7
dfu_alt_info_emmc=rawemmc raw 0 3751936
dfu_alt_info_mmc=boot part 0 1;rootfs part 0 2;MLO fat 0 1;MLO.raw raw 0x100 0x100;u-boot.img.raw raw 0x300 0x400;spl-os-args.raw raw 0x80 0x80;spl-os-image.raw raw 0x900 0x2000;spl-os-args fat 0 1;spl-os-image fat 0 1;u-boot.img fat 0 1;uEnv.txt fat 0 1
dfu_alt_info_nand=SPL part 0 1;SPL.backup1 part 0 2;SPL.backup2 part 0 3;SPL.backup3 part 0 4;u-boot part 0 5;u-boot-spl-os part 0 6;kernel part 0 8;rootfs part 0 9
dfu_alt_info_ram=kernel ram 0x80200000 0xD80000;fdt ram 0x80F80000 0x80000;ramdisk ram 0x81000000 0x4000000
distro_bootcmd=for target in ${boot_targets}; do run bootcmd_${target}; done
dnsip=192.0.2.2
dnsip2=192.0.2.3
efi_dtb_prefixes=/ /dtb/ /dtb/current/
envboot=mmc dev ${mmcdev}; if mmc rescan; then echo SD/MMC found on device ${mmcdev};if run loadbootscript; then run bootscript;else if run loadbootenv; then echo Loaded env from ${bootenvfile};run importbootenv;fi;if test -n $uenvcmd; then echo Running uenvcmd ...;run uenvcmd;fi;fi;fi;
eth1addr=d0:ff:50:56:ef:91
ethact=ethernet@4a100000
ethaddr=d0:ff:50:56:ef:8f
fdt_addr_r=0x88000000
fdtaddr=0x88000000
fdtcontroladdr=bef28ed8
fdtfile=undefined
fileaddr=88000000
filesize=9d2b
findfdt=if test $board_name = A335BONE; then setenv fdtfile am335x-bone.dtb; fi; if test $board_name = A335BNLT; then setenv fdtfile am335x-boneblack.dtb; fi; if test $board_name = BBG1; then setenv fdtfile am335x-bonegreen.dtb; fi; if test $board_name = A33515BB; then setenv fdtfile am335x-evm.dtb; fi; if test $board_name = A335X_SK; then setenv fdtfile am335x-evmsk.dtb; fi; if test $board_name = A335_ICE; then setenv fdtfile am335x-icev2.dtb; fi; if test $fdtfile = undefined; then echo WARNING: Could not determine device tree to use; fi; 
finduuid=part uuid mmc ${bootpart} uuid
gatewayip=192.168.0.1
importbootenv=echo Importing environment from mmc${mmcdev} ...; env import -t ${loadaddr} ${filesize}
init_console=if test $board_name = A335_ICE; then setenv console ttyO3,115200n8;else setenv console ttyO0,115200n8;fi;
ipaddr=192.168.0.189
kernel_addr_r=0x82000000
load_efi_dtb=load ${devtype} ${devnum}:${distro_bootpart} ${fdt_addr_r} ${prefix}${efi_fdtfile}
loadaddr=0x82000000
loadbootenv=fatload mmc ${mmcdev} ${loadaddr} ${bootenvfile}
loadbootscript=load mmc ${mmcdev} ${loadaddr} boot.scr
loadfdt=load mmc ${bootpart} ${fdtaddr} ${bootdir}/${fdtfile}
loadimage=load mmc ${bootpart} ${loadaddr} ${bootdir}/${bootfile}
loadramdisk=load mmc ${mmcdev} ${rdaddr} ramdisk.gz
mmc_boot=if mmc dev ${devnum}; then setenv devtype mmc; run scan_dev_for_boot_part; fi
mmcboot=mmc dev ${mmcdev}; if mmc rescan; then echo SD/MMC found on device ${mmcdev};run envboot; if run loadimage; then run mmcloados;fi;fi;
mmcdev=0
mmcloados=run args_mmc; if test ${boot_fdt} = yes || test ${boot_fdt} = try; then if run loadfdt; then bootz ${loadaddr} - ${fdtaddr}; else if test ${boot_fdt} = try; then bootz; else echo WARN: Cannot load the DT; fi; fi; else bootz; fi;
mmcrootfstype=ext4 rootwait
mtdids=nand0=nand.0
mtdparts=mtdparts=nand.0:128k(NAND.SPL),128k(NAND.SPL.backup1),128k(NAND.SPL.backup2),128k(NAND.SPL.backup3),256k(NAND.u-boot-spl-os),1m(NAND.u-boot),128k(NAND.u-boot-env),128k(NAND.u-boot-env.backup1),8m(NAND.kernel),-(NAND.file-system)
nandargs=setenv bootargs console=${console} ${optargs} root=${nandroot} rootfstype=${nandrootfstype}
nandboot=echo Booting from nand ...; run nandargs; nand read ${fdtaddr} NAND.u-boot-spl-os; nand read ${loadaddr} NAND.kernel; bootz ${loadaddr} - ${fdtaddr}
nandroot=ubi0:rootfs rw ubi.mtd=NAND.file-system,2048
nandrootfstype=ubifs rootwait=1
netargs=setenv bootargs console=${console} ${optargs} root=/dev/nfs nfsroot=${serverip}:${rootpath},${nfsopts} rw ip=dhcp
netboot=echo Booting from network ...; setenv autoload no; dhcp; run netloadimage; run netloadfdt; run netargs; bootz ${loadaddr} - ${fdtaddr}
netloadfdt=tftp ${fdtaddr} ${fdtfile}
netloadimage=tftp ${loadaddr} ${bootfile}
netmask=255.255.255.0
nfsopts=nolock
partitions=uuid_disk=${uuid_gpt_disk};name=rootfs,start=2MiB,size=-,uuid=${uuid_gpt_rootfs}
pxefile_addr_r=0x80100000
ramargs=setenv bootargs console=${console} ${optargs} root=${ramroot} rootfstype=${ramrootfstype}
ramboot=echo Booting from ramdisk ...; run ramargs; bootz ${loadaddr} ${rdaddr} ${fdtaddr}
ramdisk_addr_r=0x88080000
ramroot=/dev/ram0 rw
ramrootfstype=ext2
rdaddr=0x88080000
rootpath=/export/rootfs
scan_dev_for_boot=echo Scanning ${devtype} ${devnum}:${distro_bootpart}...; for prefix in ${boot_prefixes}; do run scan_dev_for_extlinux; run scan_dev_for_scripts; done;run scan_dev_for_efi;
scan_dev_for_boot_part=part list ${devtype} ${devnum} -bootable devplist; env exists devplist || setenv devplist 1; for distro_bootpart in ${devplist}; do if fstype ${devtype} ${devnum}:${distro_bootpart} bootfstype; then run scan_dev_for_boot; fi; done
scan_dev_for_efi=setenv efi_fdtfile ${fdtfile}; if test -z "${fdtfile}" -a -n "${soc}"; then setenv efi_fdtfile ${soc}-${board}${boardver}.dtb; fi; for prefix in ${efi_dtb_prefixes}; do if test -e ${devtype} ${devnum}:${distro_bootpart} ${prefix}${efi_fdtfile}; then run load_efi_dtb; fi;done;if test -e ${devtype} ${devnum}:${distro_bootpart} efi/boot/bootarm.efi; then echo Found EFI removable media binary efi/boot/bootarm.efi; run boot_efi_binary; echo EFI LOAD FAILED: continuing...; fi; setenv efi_fdtfile
scan_dev_for_extlinux=if test -e ${devtype} ${devnum}:${distro_bootpart} ${prefix}extlinux/extlinux.conf; then echo Found ${prefix}extlinux/extlinux.conf; run boot_extlinux; echo SCRIPT FAILED: continuing...; fi
scan_dev_for_scripts=for script in ${boot_scripts}; do if test -e ${devtype} ${devnum}:${distro_bootpart} ${prefix}${script}; then echo Found U-Boot script ${prefix}${script}; run boot_a_script; echo SCRIPT FAILED: continuing...; fi; done
scriptaddr=0x80000000
serverip=192.168.0.1
soc=am33xx
spiargs=setenv bootargs console=${console} ${optargs} root=${spiroot} rootfstype=${spirootfstype}
spiboot=echo Booting from spi ...; run spiargs; sf probe ${spibusno}:0; sf read ${loadaddr} ${spisrcaddr} ${spiimgsize}; bootz ${loadaddr}
spibusno=0
spiimgsize=0x362000
spiroot=/dev/mtdblock4 rw
spirootfstype=jffs2
spisrcaddr=0xe0000
static_ip=${ipaddr}:${serverip}:${gatewayip}:${netmask}:${hostname}::off
stderr=serial@44e09000
stdin=serial@44e09000
stdout=serial@44e09000
usb_boot=usb start; if usb dev ${devnum}; then setenv devtype usb; run scan_dev_for_boot_part; fi
usbnet_devaddr=de:ad:be:ef:00:01
vendor=ti
ver=U-Boot 2016.05-00041-ga456020 (Jul 08 2016 - 12:54:09 -0500)
Environment size: 8473/131068 bytes
- 19:28:24 [INFO] Host: setenv bootcmd ''${bootcmd}' if iminfo ${loadaddr}; then bootm ${loadaddr} ${_initramfs} ${fdt_addr_r}; else bootz ${loadaddr} ${_initramfs} ${fdt_addr_r}; bootm ${loadaddr} ${_initramfs} ${fdt_addr_r}; fi'
- 19:28:24 [INFO] Target: 
setenv bootcmd ''${bootcmd}' if iminfo ${loadaddr}; then bootm ${loadaddr} ${_initramfs} ${fdt_addr_r}; else bootz ${loadaddr} ${_initramfs} ${fdt_addr_r}; bootm ${loadaddr} ${_initramfs} ${fdt_addr_r}; fi'
- 19:28:24 [INFO] Host: version
- 19:28:24 [INFO] Target: 
version
U-Boot 2016.05-00041-ga456020 (Jul 08 2016 - 12:54:09 -0500)
arm-linux-gnueabihf-gcc (Linaro GCC 5.3-2016.02) 5.3.1 20160113
GNU ld (GNU Binutils) 2.25.0 Linaro 2015_10
- 19:28:24 [INFO] Host: bdinfo
- 19:28:25 [INFO] Target: 
bdinfo
arch_number = 0x00000E05
boot_params = 0x80000100
DRAM bank   = 0x00000000
-> start    = 0x80000000
-> size     = 0x40000000
baudrate    = 115200 bps
TLB addr    = 0xBFFF0000
relocaddr   = 0xBFF53000
reloc off   = 0x3F753000
irq_sp      = 0xBEF28EC0
sp start    = 0xBEF28EB0
- 19:28:25 [INFO] Host: mmc rescan; echo $?
- 19:28:25 [INFO] Target: 
mmc rescan; echo $?
- 19:28:25 [INFO] Host: fatwrite mmc ${mmcdev}:1 ${loadaddr} ws-calibrate.rules 4
- 19:28:25 [INFO] Target: 
fatwrite mmc ${mmcdev}:1 ${loadaddr} ws-calibrate.rules 4
writing ws-calibrate.rules
4 bytes written
- 19:28:25 [INFO] Host: boot
- 19:29:09 [INFO] Target: 
boot
## Checking Image at 82000000 ...
Unknown image format!
Kernel image @ 0x82000000 [ 0x000000 - 0x3a34a0 ]
## Flattened Device Tree blob at 88000000
   Booting using the fdt blob at 0x88000000
   Loading Device Tree to 8fff3000, end 8ffffd2a ... OK
Starting kernel ...
[    0.000000] Booting Linux on physical CPU 0x0
[    0.000000] Linux version 4.7.0-rc7-next-20160715-00002-gd2ffc3411892 (nmenon@horus) (gcc version 4.9.3 20150413 (prerelease) (Linaro GCC 4.9-2015.05) ) #1 SMP Fri Jul 15 18:11:18 CDT 2016
[    0.000000] CPU: ARMv7 Processor [413fc082] revision 2 (ARMv7), cr=10c5387d
[    0.000000] CPU: PIPT / VIPT nonaliasing data cache, VIPT aliasing instruction cache
[    0.000000] Machine model: TI AM335x EVM
[    0.000000] cma: Reserved 16 MiB at 0xbe800000
[    0.000000] Memory policy: Data cache writeback
[    0.000000] CPU: All CPU(s) started in SVC mode.
[    0.000000] AM335X ES2.1 (sgx neon )
[    0.000000] percpu: Embedded 15 pages/cpu @ef6b9000 s31808 r8192 d21440 u61440
[    0.000000] Built 1 zonelists in Zone order, mobility grouping on.  Total pages: 259904
[    0.000000] Kernel command line: console=ttyO0,115200n8 earlyprintk=serial,ttyO0,115200n8 rootwait   ip=:::::eth0:dhcp  root=PARTUUID=00000000-02 rw rootfstype=ext4 rootwait 
[    0.000000] PID hash table entries: 4096 (order: 2, 16384 bytes)
[    0.000000] Dentry cache hash table entries: 131072 (order: 7, 524288 bytes)
[    0.000000] Inode-cache hash table entries: 65536 (order: 6, 262144 bytes)
[    0.000000] Memory: 999648K/1046528K available (7168K kernel code, 768K rwdata, 2384K rodata, 1024K init, 8122K bss, 30496K reserved, 16384K cma-reserved, 243712K highmem)
[    0.000000] Virtual kernel memory layout:
[    0.000000]     vector  : 0xffff0000 - 0xffff1000   (   4 kB)
[    0.000000]     fixmap  : 0xffc00000 - 0xfff00000   (3072 kB)
[    0.000000]     vmalloc : 0xf0800000 - 0xff800000   ( 240 MB)
[    0.000000]     lowmem  : 0xc0000000 - 0xf0000000   ( 768 MB)
[    0.000000]     pkmap   : 0xbfe00000 - 0xc0000000   (   2 MB)
[    0.000000]     modules : 0xbf000000 - 0xbfe00000   (  14 MB)
[    0.000000]       .text : 0xc0008000 - 0xc0800000   (8160 kB)
[    0.000000]       .init : 0xc0b00000 - 0xc0c00000   (1024 kB)
[    0.000000]       .data : 0xc0c00000 - 0xc0cc022c   ( 769 kB)
[    0.000000]        .bss : 0xc0cc2000 - 0xc14b0a38   (8123 kB)
[    0.000000] Running RCU self tests
[    0.000000] Hierarchical RCU implementation.
[    0.000000] 	RCU lockdep checking is enabled.
[    0.000000] 	Build-time adjustment of leaf fanout to 32.
[    0.000000] 	RCU restricting CPUs from NR_CPUS=2 to nr_cpu_ids=1.
[    0.000000] RCU: Adjusting geometry for rcu_fanout_leaf=32, nr_cpu_ids=1
[    0.000000] NR_IRQS:16 nr_irqs:16 16
[    0.000000] IRQ: Found an INTC at 0xfa200000 (revision 5.0) with 128 interrupts
[    0.000000] OMAP clockevent source: timer2 at 24000000 Hz
[    0.000017] sched_clock: 32 bits at 24MHz, resolution 41ns, wraps every 89478484971ns
[    0.000037] clocksource: timer1: mask: 0xffffffff max_cycles: 0xffffffff, max_idle_ns: 79635851949 ns
[    0.000089] OMAP clocksource: timer1 at 24000000 Hz
[    0.000609] clocksource_probe: no matching clocksources found
[    0.001548] Console: colour dummy device 80x30
[    0.001609] Lock dependency validator: Copyright (c) 2006 Red Hat, Inc., Ingo Molnar
[    0.001620] ... MAX_LOCKDEP_SUBCLASSES:  8
[    0.001627] ... MAX_LOCK_DEPTH:          48
[    0.001635] ... MAX_LOCKDEP_KEYS:        8191
[    0.001643] ... CLASSHASH_SIZE:          4096
[    0.001650] ... MAX_LOCKDEP_ENTRIES:     32768
[    0.001658] ... MAX_LOCKDEP_CHAINS:      65536
[    0.001665] ... CHAINHASH_SIZE:          32768
[    0.001673]  memory used by lock dependency info: 5167 kB
[    0.001680]  per task-struct memory footprint: 1536 bytes
[    0.001718] Calibrating delay loop... 996.14 BogoMIPS (lpj=4980736)
[    0.078677] pid_max: default: 32768 minimum: 301
[    0.079142] Security Framework initialized
[    0.079284] Mount-cache hash table entries: 2048 (order: 1, 8192 bytes)
[    0.079300] Mountpoint-cache hash table entries: 2048 (order: 1, 8192 bytes)
[    0.082808] CPU: Testing write buffer coherency: ok
[    0.084557] CPU0: thread -1, cpu 0, socket -1, mpidr 0
[    0.084633] Setting up static identity map for 0x80100000 - 0x80100070
[    0.089210] Brought up 1 CPUs
[    0.089235] SMP: Total of 1 processors activated (996.14 BogoMIPS).
[    0.089246] CPU: All CPU(s) started in SVC mode.
[    0.093247] devtmpfs: initialized
[    0.136893] VFP support v0.3: implementor 41 architecture 3 part 30 variant c rev 3
[    0.137786] clocksource: jiffies: mask: 0xffffffff max_cycles: 0xffffffff, max_idle_ns: 19112604462750000 ns
[    0.139723] pinctrl core: initialized pinctrl subsystem
[    0.145095] NET: Registered protocol family 16
[    0.150694] DMA: preallocated 256 KiB pool for atomic coherent allocations
[    0.198524] omap_hwmod: debugss: _wait_target_disable failed
[    0.250851] cpuidle: using governor menu
[    0.264603] OMAP GPIO hardware version 0.1
[    0.290442] omap-gpmc 50000000.gpmc: could not find pctldev for node /ocp/l4_wkup@44c00000/scm@210000/pinmux@800/nandflash_pins_s0, deferring probe
[    0.296532] No ATAGs?hw-breakpoint: debug architecture 0x4 unsupported.
[    0.296793] omap4_sram_init:Unable to allocate sram needed to handle errata I688
[    0.296813] omap4_sram_init:Unable to get sram pool needed to handle errata I688
[    0.343557] edma 49000000.edma: TI EDMA DMA engine driver
[    0.350549] SCSI subsystem initialized
[    0.352320] omap_i2c 44e0b000.i2c: could not find pctldev for node /ocp/l4_wkup@44c00000/scm@210000/pinmux@800/pinmux_i2c0_pins, deferring probe
[    0.352436] omap_i2c 4802a000.i2c: could not find pctldev for node /ocp/l4_wkup@44c00000/scm@210000/pinmux@800/pinmux_i2c1_pins, deferring probe
[    0.352752] pps_core: LinuxPPS API ver. 1 registered
[    0.352765] pps_core: Software ver. 5.3.6 - Copyright 2005-2007 Rodolfo Giometti <giometti@linux.it>
[    0.352817] PTP clock support registered
[    0.357440] clocksource: Switched to clocksource timer1
[    0.461259] VFS: Disk quotas dquot_6.6.0
[    0.461503] VFS: Dquot-cache hash table entries: 1024 (order 0, 4096 bytes)
[    0.493712] NET: Registered protocol family 2
[    0.495858] TCP established hash table entries: 8192 (order: 3, 32768 bytes)
[    0.496025] TCP bind hash table entries: 8192 (order: 6, 294912 bytes)
[    0.498532] TCP: Hash tables configured (established 8192 bind 8192)
[    0.498849] UDP hash table entries: 512 (order: 3, 40960 bytes)
[    0.499175] UDP-Lite hash table entries: 512 (order: 3, 40960 bytes)
[    0.500151] NET: Registered protocol family 1
[    0.502275] RPC: Registered named UNIX socket transport module.
[    0.502301] RPC: Registered udp transport module.
[    0.502311] RPC: Registered tcp transport module.
[    0.502321] RPC: Registered tcp NFSv4.1 backchannel transport module.
[    0.505053] hw perfevents: /pmu: failed to probe PMU!
[    0.505075] hw perfevents: /pmu: failed to register PMU devices!
[    0.505148] armv7-pmu: probe of pmu failed with error -22
[    0.510042] futex hash table entries: 256 (order: 2, 16384 bytes)
[    0.510346] audit: initializing netlink subsys (disabled)
[    0.510614] audit: type=2000 audit(0.500:1): initialized
[    0.514286] workingset: timestamp_bits=14 max_order=18 bucket_order=4
[    0.516838] NFS: Registering the id_resolver key type
[    0.517252] Key type id_resolver registered
[    0.517268] Key type id_legacy registered
[    0.517720] jffs2: version 2.2. (NAND) (SUMMARY)   2001-2006 Red Hat, Inc.
[    0.523468] bounce: pool size: 64 pages
[    0.523644] io scheduler noop registered
[    0.523660] io scheduler deadline registered
[    0.523784] io scheduler cfq registered (default)
[    0.526211] pinctrl-single 44e10800.pinmux: 142 pins at pa f9e10800 size 568
[    0.530882] Serial: 8250/16550 driver, 4 ports, IRQ sharing enabled
[    0.537065] omap_uart 44e09000.serial: no wakeirq for uart0
[    0.537988] 44e09000.serial: ttyO0 at MMIO 0x44e09000 (irq = 158, base_baud = 3000000) is a OMAP UART0
[    1.268772] console [ttyO0] enabled
[    1.274384] omap_uart 48022000.serial: no wakeirq for uart1
[    1.280723] 48022000.serial: ttyO1 at MMIO 0x48022000 (irq = 159, base_baud = 3000000) is a OMAP UART1
[    1.331622] brd: module loaded
[    1.359264] loop: module loaded
[    1.365308] mtdoops: mtd device (mtddev=name/number) must be supplied
[    1.375878] libphy: Fixed MDIO Bus: probed
[    1.457458] davinci_mdio 4a101000.mdio: davinci mdio revision 1.6
[    1.463863] davinci_mdio 4a101000.mdio: detected phy mask fffffffe
[    1.474655] libphy: 4a101000.mdio: probed
[    1.479058] davinci_mdio 4a101000.mdio: phy[0]: device 4a101000.mdio:00, driver Atheros 8031 ethernet
[    1.490325] cpsw 4a100000.ethernet: Detected MACID = d0:ff:50:56:ef:8f
[    1.502548] mousedev: PS/2 mouse device common for all mice
[    1.508564] i2c /dev entries driver
[    1.514732] omap_hsmmc 48060000.mmc: Got CD GPIO
[    1.667894] ledtrig-cpu: registered to indicate activity on CPUs
[    1.675806] oprofile: no performance counters
[    1.681989] oprofile: using timer interrupt.
[    1.687089] Initializing XFRM netlink socket
[    1.692139] NET: Registered protocol family 10
[    1.702767] sit: IPv6, IPv4 and MPLS over IPv4 tunneling driver
[    1.711600] NET: Registered protocol family 17
[    1.716355] NET: Registered protocol family 15
[    1.721557] Key type dns_resolver registered
[    1.726258] omap_voltage_late_init: Voltage driver support not added
[    1.733011] sr_dev_init: No voltage domain specified for smartreflex0. Cannot initialize
[    1.741519] sr_dev_init: No voltage domain specified for smartreflex1. Cannot initialize
[    1.750792] ThumbEE CPU extension supported.
[    1.755307] Registering SWP/SWPB emulation handler
[    1.760404] SmartReflex Class3 initialized
[    1.774280] omap-gpmc 50000000.gpmc: omap_device: omap_device_enable() called from invalid state 1
[    1.783879] omap-gpmc 50000000.gpmc: use pm_runtime_put_sync_suspend() in driver?
[    1.791811] omap-gpmc 50000000.gpmc: GPMC revision 6.0
[    1.797556] gpmc_mem_init: disabling cs 0 mapped at 0x0-0x1000000
[    1.810011] nand: device found, Manufacturer ID: 0x2c, Chip ID: 0xda
[    1.816682] nand: Micron MT29F2G08ABAEAWP
[    1.821013] nand: 256 MiB, SLC, erase size: 128 KiB, page size: 2048, OOB size: 64
[    1.829071] nand: using OMAP_ECC_BCH8_CODE_HW ECC scheme
[    1.834951] 10 ofpart partitions found on MTD device 8000000.nand
[    1.841383] Creating 10 MTD partitions on "8000000.nand":
[    1.847051] 0x000000000000-0x000000020000 : "NAND.SPL"
[    1.860659] 0x000000020000-0x000000040000 : "NAND.SPL.backup1"
[    1.871607] 0x000000040000-0x000000060000 : "NAND.SPL.backup2"
[    1.882877] 0x000000060000-0x000000080000 : "NAND.SPL.backup3"
[    1.893512] 0x000000080000-0x0000000c0000 : "NAND.u-boot-spl-os"
[    1.904613] 0x0000000c0000-0x0000001c0000 : "NAND.u-boot"
[    1.915042] 0x0000001c0000-0x0000001e0000 : "NAND.u-boot-env"
[    1.925791] 0x0000001e0000-0x000000200000 : "NAND.u-boot-env.backup1"
[    1.936925] 0x000000200000-0x000000a00000 : "NAND.kernel"
[    1.950234] 0x000000a00000-0x000010000000 : "NAND.file-system"
[    2.089668] tps65910 0-002d: No interrupt support, no core IRQ
[    2.100070] vrtc: supplied by vbat
[    2.110116] vio: supplied by vbat
[    2.116733] vdd1: supplied by vbat
[    2.124073] vdd2: supplied by vbat
[    2.134328] vdig1: supplied by vbat
[    2.141059] vdig2: supplied by vbat
[    2.147760] vpll: supplied by vbat
[    2.154340] vdac: supplied by vbat
[    2.161205] vaux1: supplied by vbat
[    2.168006] vaux2: supplied by vbat
[    2.174713] vaux33: supplied by vbat
[    2.181598] vmmc: supplied by vbat
[    2.188242] vbb: supplied by vbat
[    2.194580] omap_i2c 44e0b000.i2c: bus 0 rev0.11 at 400 kHz
[    2.205202] omap_i2c 4802a000.i2c: bus 1 rev0.11 at 100 kHz
[    2.212494] omap_hsmmc 48060000.mmc: Got CD GPIO
[    2.280400] hctosys: unable to open rtc device (rtc0)
[    2.285712] sr_init: No PMIC hook to init smartreflex
[    2.291391] sr_init: platform driver register failed for SR
[    2.328564] net eth0: initializing cpsw version 1.12 (0)
[    2.375103] mmc1: host does not support reading read-only switch, assuming write-enable
[    2.385728] mmc1: new high speed SDHC card at address 59b4
[    2.395419] mmcblk1: mmc1:59b4 NCard 7.48 GiB 
[    2.405150]  mmcblk1: p1 p2 p3
[    2.428376] Atheros 8031 ethernet 4a101000.mdio:00: attached PHY driver [Atheros 8031 ethernet] (mii_bus:phy_addr=4a101000.mdio:00, irq=-1)
[    2.441771] libphy: PHY 4a101000.mdio:01 not found
[    2.446800] net eth0: phy "4a101000.mdio:01" not found on slave 1, err -19
[    2.462806] IPv6: ADDRCONF(NETDEV_UP): eth0: link is not ready
[    6.568443] cpsw 4a100000.ethernet eth0: Link is Up - 1Gbps/Full - flow control rx/tx
[    6.577565] IPv6: ADDRCONF(NETDEV_CHANGE): eth0: link becomes ready
[    6.607429] Sending DHCP requests ., OK
[    6.647911] IP-Config: Got DHCP answer from 192.168.0.1, my address is 192.168.0.189
[    6.656831] IP-Config: Complete:
[    6.660349]      device=eth0, hwaddr=d0:ff:50:56:ef:8f, ipaddr=192.168.0.189, mask=255.255.255.0, gw=192.168.0.1
[    6.671048]      host=192.168.0.189, domain=ti.com, nis-domain=(none)
[    6.677838]      bootserver=0.0.0.0, rootserver=0.0.0.0, rootpath=     nameserver0=192.0.2.2, nameserver1=192.0.2.3
[    6.689008] lis3_reg: disabling
[    6.692310] wlan-en-regulator: disabling
[    6.731549] EXT4-fs (mmcblk1p2): mounted filesystem with ordered data mode. Opts: (null)
[    6.740427] VFS: Mounted root (ext4 filesystem) on device 179:2.
[    6.758705] devtmpfs: mounted
[    6.764249] Freeing unused kernel memory: 1024K (c0b00000 - c0c00000)
INIT: version 2.86 booting
Please wait: booting...
Error opening /dev/fb0: No such file or directory
Starting udev
WARNING: -e needs -E or -F
[    7.726406] udevd (117): /proc/117/oom_adj is deprecated, please use /proc/117/oom_score_adj instead.
[   19.396404] FAT-fs (mmcblk1p1): Volume was not properly unmounted. Some data may be corrupt. Please run fsck.
[   19.594474] FAT-fs (mmcblk1p3): Volume was not properly unmounted. Some data may be corrupt. Please run fsck.
[   19.868998] alignment: ignoring faults is unsafe on this CPU.  Defaulting to fixup mode.
Remounting root file system...
[   20.004429] EXT4-fs (mmcblk1p2): re-mounted. Opts: (null)
Caching udev devnodes
logger: mount: mount point /proc/bus/usb does not exist
ALSA: Restoring mixer settings...
/usr/sbin/alsactl: load_state:1625: No soundcards found...
Configuring network interfaces... [   22.597292] net eth0: initializing cpsw version 1.12 (0)
[   22.698273] Atheros 8031 ethernet 4a101000.mdio:00: attached PHY driver [Atheros 8031 ethernet] (mii_bus:phy_addr=4a101000.mdio:00, irq=-1)
[   22.711585] libphy: PHY 4a101000.mdio:01 not found
[   22.716610] net eth0: phy "4a101000.mdio:01" not found on slave 1, err -19
[   22.729779] IPv6: ADDRCONF(NETDEV_UP): eth0: link is not ready
eth0      no wireless extensions.
udhcpc (v1.13.2) started
Sending discover...
Sending discover...
[   26.888537] cpsw 4a100000.ethernet eth0: Link is Up - 1Gbps/Full - flow control rx/tx
[   26.896926] IPv6: ADDRCONF(NETDEV_CHANGE): eth0: link becomes ready
Sending discover...
Sending select for 192.168.0.62...
Lease of 192.168.0.62 obtained, lease time 600
adding dns 192.0.2.2
adding dns 192.0.2.3
done.
Setting up IP spoofing protection: rp_filter.
hwclock: can't open '/dev/misc/rtc': No such file or directory
Wed Apr 11 17:03:00 UTC 2012
hwclock: can't open '/dev/misc/rtc': No such file or directory
INIT: Entering runlevel: 5
Starting system message bus: [   30.636415] random: dbus-daemon urandom read with 77 bits of entropy available
dbus.
Starting Hardware abstraction layer hald
[   32.418269] omap2-nand 8000000.nand: uncorrectable bit-flips found
[   32.424777] omap2-nand 8000000.nand: uncorrectable bit-flips found
[   32.431328] omap2-nand 8000000.nand: uncorrectable bit-flips found
[   32.437834] omap2-nand 8000000.nand: uncorrectable bit-flips found
[   32.444613] blk_update_request: I/O error, dev mtdblock0, sector 0
[   32.637687] omap2-nand 8000000.nand: uncorrectable bit-flips found
[   32.644195] omap2-nand 8000000.nand: uncorrectable bit-flips found
[   32.650761] omap2-nand 8000000.nand: uncorrectable bit-flips found
[   32.657239] omap2-nand 8000000.nand: uncorrectable bit-flips found
[   32.664323] blk_update_request: I/O error, dev mtdblock0, sector 8
[   32.758580] omap2-nand 8000000.nand: uncorrectable bit-flips found
[   32.765085] omap2-nand 8000000.nand: uncorrectable bit-flips found
[   32.771685] omap2-nand 8000000.nand: uncorrectable bit-flips found
[   32.778213] omap2-nand 8000000.nand: uncorrectable bit-flips found
[   32.784753] blk_update_request: I/O error, dev mtdblock0, sector 16
[   32.828533] omap2-nand 8000000.nand: uncorrectable bit-flips found
[   32.835038] omap2-nand 8000000.nand: uncorrectable bit-flips found
[   32.841624] omap2-nand 8000000.nand: uncorrectable bit-flips found
[   32.848145] omap2-nand 8000000.nand: uncorrectable bit-flips found
[   32.854693] blk_update_request: I/O error, dev mtdblock0, sector 24
[   32.918584] omap2-nand 8000000.nand: uncorrectable bit-flips found
[   32.925160] omap2-nand 8000000.nand: uncorrectable bit-flips found
[   32.931757] omap2-nand 8000000.nand: uncorrectable bit-flips found
[   32.938283] omap2-nand 8000000.nand: uncorrectable bit-flips found
[   32.944840] blk_update_request: I/O error, dev mtdblock0, sector 32
[   33.073848] omap2-nand 8000000.nand: uncorrectable bit-flips found
[   33.080588] omap2-nand 8000000.nand: uncorrectable bit-flips found
[   33.087069] omap2-nand 8000000.nand: uncorrectable bit-flips found
[   33.093599] omap2-nand 8000000.nand: uncorrectable bit-flips found
[   33.100243] blk_update_request: I/O error, dev mtdblock0, sector 40
[   33.130631] omap2-nand 8000000.nand: uncorrectable bit-flips found
[   33.137137] omap2-nand 8000000.nand: uncorrectable bit-flips found
[   33.143772] omap2-nand 8000000.nand: uncorrectable bit-flips found
[   33.150311] omap2-nand 8000000.nand: uncorrectable bit-flips found
[   33.156905] blk_update_request: I/O error, dev mtdblock0, sector 48
[   33.164900] omap2-nand 8000000.nand: uncorrectable bit-flips found
[   33.171480] omap2-nand 8000000.nand: uncorrectable bit-flips found
[   33.177993] omap2-nand 8000000.nand: uncorrectable bit-flips found
[   33.184468] omap2-nand 8000000.nand: uncorrectable bit-flips found
[   33.191068] blk_update_request: I/O error, dev mtdblock0, sector 56
[   33.198671] omap2-nand 8000000.nand: uncorrectable bit-flips found
[   33.205153] omap2-nand 8000000.nand: uncorrectable bit-flips found
[   33.211701] omap2-nand 8000000.nand: uncorrectable bit-flips found
[   33.218210] omap2-nand 8000000.nand: uncorrectable bit-flips found
[   33.224785] blk_update_request: I/O error, dev mtdblock0, sector 64
[   33.232287] omap2-nand 8000000.nand: uncorrectable bit-flips found
[   33.238818] omap2-nand 8000000.nand: uncorrectable bit-flips found
[   33.245294] omap2-nand 8000000.nand: uncorrectable bit-flips found
[   33.251794] omap2-nand 8000000.nand: uncorrectable bit-flips found
[   33.258394] blk_update_request: I/O error, dev mtdblock0, sector 72
[   33.265818] omap2-nand 8000000.nand: uncorrectable bit-flips found
[   33.272349] omap2-nand 8000000.nand: uncorrectable bit-flips found
[   33.278854] omap2-nand 8000000.nand: uncorrectable bit-flips found
[   33.285327] omap2-nand 8000000.nand: uncorrectable bit-flips found
[   33.293516] omap2-nand 8000000.nand: uncorrectable bit-flips found
[   33.300039] omap2-nand 8000000.nand: uncorrectable bit-flips found
[   33.306515] omap2-nand 8000000.nand: uncorrectable bit-flips found
[   33.313024] omap2-nand 8000000.nand: uncorrectable bit-flips found
[   33.320558] omap2-nand 8000000.nand: uncorrectable bit-flips found
[   33.327043] omap2-nand 8000000.nand: uncorrectable bit-flips found
[   33.333601] omap2-nand 8000000.nand: uncorrectable bit-flips found
[   33.340111] omap2-nand 8000000.nand: uncorrectable bit-flips found
[   33.347635] omap2-nand 8000000.nand: uncorrectable bit-flips found
[   33.354117] omap2-nand 8000000.nand: uncorrectable bit-flips found
[   33.360630] omap2-nand 8000000.nand: uncorrectable bit-flips found
[   33.367105] omap2-nand 8000000.nand: uncorrectable bit-flips found
[   33.374574] omap2-nand 8000000.nand: uncorrectable bit-flips found
[   33.381095] omap2-nand 8000000.nand: uncorrectable bit-flips found
[   33.387592] omap2-nand 8000000.nand: uncorrectable bit-flips found
[   33.394066] omap2-nand 8000000.nand: uncorrectable bit-flips found
[   33.401519] omap2-nand 8000000.nand: uncorrectable bit-flips found
[   33.408041] omap2-nand 8000000.nand: uncorrectable bit-flips found
[   33.414516] omap2-nand 8000000.nand: uncorrectable bit-flips found
[   33.421014] omap2-nand 8000000.nand: uncorrectable bit-flips found
[   33.428455] omap2-nand 8000000.nand: uncorrectable bit-flips found
[   33.434934] omap2-nand 8000000.nand: uncorrectable bit-flips found
[   33.441445] omap2-nand 8000000.nand: uncorrectable bit-flips found
[   33.447944] omap2-nand 8000000.nand: uncorrectable bit-flips found
[   33.455352] omap2-nand 8000000.nand: uncorrectable bit-flips found
[   33.461866] omap2-nand 8000000.nand: uncorrectable bit-flips found
[   33.468365] omap2-nand 8000000.nand: uncorrectable bit-flips found
[   33.474840] omap2-nand 8000000.nand: uncorrectable bit-flips found
[   33.482258] omap2-nand 8000000.nand: uncorrectable bit-flips found
[   33.488769] omap2-nand 8000000.nand: uncorrectable bit-flips found
[   33.495243] omap2-nand 8000000.nand: uncorrectable bit-flips found
[   33.501740] omap2-nand 8000000.nand: uncorrectable bit-flips found
[   33.509162] omap2-nand 8000000.nand: uncorrectable bit-flips found
[   33.515640] omap2-nand 8000000.nand: uncorrectable bit-flips found
[   33.522146] omap2-nand 8000000.nand: uncorrectable bit-flips found
[   33.528644] omap2-nand 8000000.nand: uncorrectable bit-flips found
[   33.536040] omap2-nand 8000000.nand: uncorrectable bit-flips found
[   33.542559] omap2-nand 8000000.nand: uncorrectable bit-flips found
[   33.549059] omap2-nand 8000000.nand: uncorrectable bit-flips found
[   33.555534] omap2-nand 8000000.nand: uncorrectable bit-flips found
[   33.562952] omap2-nand 8000000.nand: uncorrectable bit-flips found
[   33.569462] omap2-nand 8000000.nand: uncorrectable bit-flips found
[   33.575936] omap2-nand 8000000.nand: uncorrectable bit-flips found
[   33.582435] omap2-nand 8000000.nand: uncorrectable bit-flips found
[   33.589857] omap2-nand 8000000.nand: uncorrectable bit-flips found
[   33.596334] omap2-nand 8000000.nand: uncorrectable bit-flips found
[   33.602841] omap2-nand 8000000.nand: uncorrectable bit-flips found
[   33.609340] omap2-nand 8000000.nand: uncorrectable bit-flips found
[   33.616744] omap2-nand 8000000.nand: uncorrectable bit-flips found
[   33.623251] omap2-nand 8000000.nand: uncorrectable bit-flips found
[   33.629751] omap2-nand 8000000.nand: uncorrectable bit-flips found
[   33.636225] omap2-nand 8000000.nand: uncorrectable bit-flips found
[   33.643645] omap2-nand 8000000.nand: uncorrectable bit-flips found
[   33.650153] omap2-nand 8000000.nand: uncorrectable bit-flips found
[   33.656627] omap2-nand 8000000.nand: uncorrectable bit-flips found
[   33.663125] omap2-nand 8000000.nand: uncorrectable bit-flips found
[   33.670542] omap2-nand 8000000.nand: uncorrectable bit-flips found
[   33.677020] omap2-nand 8000000.nand: uncorrectable bit-flips found
[   33.683525] omap2-nand 8000000.nand: uncorrectable bit-flips found
[   33.690023] omap2-nand 8000000.nand: uncorrectable bit-flips found
[   33.697432] omap2-nand 8000000.nand: uncorrectable bit-flips found
[   33.703909] omap2-nand 8000000.nand: uncorrectable bit-flips found
[   33.710414] omap2-nand 8000000.nand: uncorrectable bit-flips found
[   33.716889] omap2-nand 8000000.nand: uncorrectable bit-flips found
[   33.724305] omap2-nand 8000000.nand: uncorrectable bit-flips found
[   33.730815] omap2-nand 8000000.nand: uncorrectable bit-flips found
[   33.737311] omap2-nand 8000000.nand: uncorrectable bit-flips found
[   33.743785] omap2-nand 8000000.nand: uncorrectable bit-flips found
[   33.751194] omap2-nand 8000000.nand: uncorrectable bit-flips found
[   33.757700] omap2-nand 8000000.nand: uncorrectable bit-flips found
[   33.764174] omap2-nand 8000000.nand: uncorrectable bit-flips found
[   33.770672] omap2-nand 8000000.nand: uncorrectable bit-flips found
[   33.778131] omap2-nand 8000000.nand: uncorrectable bit-flips found
[   33.784608] omap2-nand 8000000.nand: uncorrectable bit-flips found
[   33.791113] omap2-nand 8000000.nand: uncorrectable bit-flips found
[   33.797609] omap2-nand 8000000.nand: uncorrectable bit-flips found
[   33.805012] omap2-nand 8000000.nand: uncorrectable bit-flips found
[   33.811521] omap2-nand 8000000.nand: uncorrectable bit-flips found
[   33.818019] omap2-nand 8000000.nand: uncorrectable bit-flips found
[   33.824493] omap2-nand 8000000.nand: uncorrectable bit-flips found
[   33.831909] omap2-nand 8000000.nand: uncorrectable bit-flips found
[   33.838418] omap2-nand 8000000.nand: uncorrectable bit-flips found
[   33.844892] omap2-nand 8000000.nand: uncorrectable bit-flips found
[   33.851389] omap2-nand 8000000.nand: uncorrectable bit-flips found
[   33.859670] omap2-nand 8000000.nand: uncorrectable bit-flips found
[   33.866159] omap2-nand 8000000.nand: uncorrectable bit-flips found
[   33.872705] omap2-nand 8000000.nand: uncorrectable bit-flips found
[   33.879208] omap2-nand 8000000.nand: uncorrectable bit-flips found
[   33.916298] omap2-nand 8000000.nand: uncorrectable bit-flips found
[   33.922982] omap2-nand 8000000.nand: uncorrectable bit-flips found
[   33.929506] omap2-nand 8000000.nand: uncorrectable bit-flips found
[   33.935981] omap2-nand 8000000.nand: uncorrectable bit-flips found
[   33.943013] Buffer I/O error on dev mtdblock0, logical block 0, async page read
[   34.092219] omap2-nand 8000000.nand: uncorrectable bit-flips found
[   34.098881] omap2-nand 8000000.nand: uncorrectable bit-flips found
[   34.105360] omap2-nand 8000000.nand: uncorrectable bit-flips found
[   34.111878] omap2-nand 8000000.nand: uncorrectable bit-flips found
[   34.118458] Buffer I/O error on dev mtdblock0, logical block 30, async page read
[   34.152424] omap2-nand 8000000.nand: uncorrectable bit-flips found
[   34.159056] omap2-nand 8000000.nand: uncorrectable bit-flips found
[   34.165534] omap2-nand 8000000.nand: uncorrectable bit-flips found
[   34.172048] omap2-nand 8000000.nand: uncorrectable bit-flips found
[   34.178636] Buffer I/O error on dev mtdblock0, logical block 0, async page read
[   34.243232] omap2-nand 8000000.nand: uncorrectable bit-flips found
[   34.249805] omap2-nand 8000000.nand: uncorrectable bit-flips found
[   34.256279] omap2-nand 8000000.nand: uncorrectable bit-flips found
[   34.262780] omap2-nand 8000000.nand: uncorrectable bit-flips found
[   34.269366] Buffer I/O error on dev mtdblock0, logical block 0, async page read
[   34.277944] Buffer I/O error on dev mtdblock9, logical block 0, async page read
[   34.289372] omap2-nand 8000000.nand: uncorrectable bit-flips found
[   34.295864] omap2-nand 8000000.nand: uncorrectable bit-flips found
[   34.302407] omap2-nand 8000000.nand: uncorrectable bit-flips found
[   34.308913] omap2-nand 8000000.nand: uncorrectable bit-flips found
[   34.315474] Buffer I/O error on dev mtdblock0, logical block 31, async page read
[   34.326570] Buffer I/O error on dev mtdblock9, logical block 0, async page read
[   34.336061] omap2-nand 8000000.nand: uncorrectable bit-flips found
[   34.342572] omap2-nand 8000000.nand: uncorrectable bit-flips found
[   34.349075] omap2-nand 8000000.nand: uncorrectable bit-flips found
[   34.355549] omap2-nand 8000000.nand: uncorrectable bit-flips found
[   34.362116] Buffer I/O error on dev mtdblock0, logical block 31, async page read
[   34.401337] omap2-nand 8000000.nand: uncorrectable bit-flips found
[   34.408039] omap2-nand 8000000.nand: uncorrectable bit-flips found
[   34.414518] omap2-nand 8000000.nand: uncorrectable bit-flips found
[   34.421033] omap2-nand 8000000.nand: uncorrectable bit-flips found
[   34.427628] Buffer I/O error on dev mtdblock0, logical block 31, async page read
[   34.440227] omap2-nand 8000000.nand: uncorrectable bit-flips found
[   34.446726] omap2-nand 8000000.nand: uncorrectable bit-flips found
[   34.453367] omap2-nand 8000000.nand: uncorrectable bit-flips found
[   34.459900] omap2-nand 8000000.nand: uncorrectable bit-flips found
[   34.466466] Buffer I/O error on dev mtdblock0, logical block 31, async page read
[   34.478169] omap2-nand 8000000.nand: uncorrectable bit-flips found
[   34.484664] omap2-nand 8000000.nand: uncorrectable bit-flips found
[   34.491241] omap2-nand 8000000.nand: uncorrectable bit-flips found
[   34.497750] omap2-nand 8000000.nand: uncorrectable bit-flips found
[   34.507567] omap2-nand 8000000.nand: uncorrectable bit-flips found
[   34.514057] omap2-nand 8000000.nand: uncorrectable bit-flips found
[   34.520579] omap2-nand 8000000.nand: uncorrectable bit-flips found
[   34.527053] omap2-nand 8000000.nand: uncorrectable bit-flips found
[   34.548575] omap2-nand 8000000.nand: uncorrectable bit-flips found
[   34.555083] omap2-nand 8000000.nand: uncorrectable bit-flips found
[   34.561705] omap2-nand 8000000.nand: uncorrectable bit-flips found
[   34.568225] omap2-nand 8000000.nand: uncorrectable bit-flips found
[   34.587625] omap2-nand 8000000.nand: uncorrectable bit-flips found
[   34.594132] omap2-nand 8000000.nand: uncorrectable bit-flips found
[   34.600687] omap2-nand 8000000.nand: uncorrectable bit-flips found
[   34.607163] omap2-nand 8000000.nand: uncorrectable bit-flips found
[   34.615570] omap2-nand 8000000.nand: uncorrectable bit-flips found
[   34.622179] omap2-nand 8000000.nand: uncorrectable bit-flips found
[   34.628708] omap2-nand 8000000.nand: uncorrectable bit-flips found
[   34.635182] omap2-nand 8000000.nand: uncorrectable bit-flips found
[   34.643542] omap2-nand 8000000.nand: uncorrectable bit-flips found
[   34.650117] omap2-nand 8000000.nand: uncorrectable bit-flips found
[   34.656595] omap2-nand 8000000.nand: uncorrectable bit-flips found
[   34.663103] omap2-nand 8000000.nand: uncorrectable bit-flips found
[   34.671344] omap2-nand 8000000.nand: uncorrectable bit-flips found
[   34.677913] omap2-nand 8000000.nand: uncorrectable bit-flips found
[   34.684388] omap2-nand 8000000.nand: uncorrectable bit-flips found
[   34.690896] omap2-nand 8000000.nand: uncorrectable bit-flips found
Starting Dropbear SSH server: dropbear.
Starting telnet daemon.
Starting network benchmark server: netserver.
Starting syslogd/klogd: done
Starting thttpd.
Starting Lighttpd Web Server: lighttpd.
2012-04-11 17:03:05: (log.c.166) server started 
Starting Matrix GUI application.
[   37.425668] random: nonblocking pool is initialized
***************************************************************
***************************************************************
NOTICE: This file system contains the followin GPLv3 packages:
	binutils-symlinks
	binutils
	gdbserver
If you do not wish to distribute GPLv3 components please remove
the above packages prior to distribution.  This can be done using
the opkg remove command.  i.e.:
    opkg remove <package>
Where <package> is the name printed in the list above
NOTE: If the package is a dependency of another package you
      will be notified of the dependent packages.  You should
      use the --force-removal-of-dependent-packages option to
      also remove the dependent packages as well
***************************************************************
***************************************************************
 _____                    _____           _         _   
|  _  |___ ___ ___ ___   |  _  |___ ___  |_|___ ___| |_ 
|     |  _| .'| . | . |  |   __|  _| . | | | -_|  _|  _|
|__|__|_| |__,|_  |___|  |__|  |_| |___|_| |___|___|_|  
              |___|                    |___|            
Arago Project http://arago-project.org am335x-evm ttyO0
Arago 2011.09 am335x-evm ttyO0
am335x-evm login: 
- 19:29:09 [INFO] Host: root
- 19:29:10 [INFO] Target: 
root
root@am335x-evm:~# 
- 19:29:10 [INFO] Sleeping 15 secs to allow systemd to finish starting processes...
- 19:29:25 [INFO] Disconnected serial from am335x-evm
- 19:29:25 [INFO] Connected to am335x-evm via serial 
- 19:29:25 [INFO] Host: uname -a
- 19:29:25 [INFO] Target: 
uname -a
Linux am335x-evm 4.7.0-rc7-next-20160715-00002-gd2ffc3411892 #1 SMP Fri Jul 15 18:11:18 CDT 2016 armv7l unknown
root@am335x-evm:~# 
- 19:29:25 [INFO] Host: cat /proc/cmdline
- 19:29:25 [INFO] Target: 
cat /proc/cmdline
console=ttyO0,115200n8 earlyprintk=serial,ttyO0,115200n8 rootwait   ip=:::::eth0:dhcp  root=PARTUUID=00000000-02 rw rootfstype=ext4 rootwait 
root@am335x-evm:~# 
- 19:29:25 [INFO] Host: uname -a
- 19:29:25 [INFO] Target: 
uname -a
Linux am335x-evm 4.7.0-rc7-next-20160715-00002-gd2ffc3411892 #1 SMP Fri Jul 15 18:11:18 CDT 2016 armv7l unknown
root@am335x-evm:~# 
- 19:29:25 [INFO] Host: cat /proc/mtd
- 19:29:25 [INFO] Target: 
cat /proc/mtd
dev:    size   erasesize  name
mtd0: 00020000 00020000 "NAND.SPL"
mtd1: 00020000 00020000 "NAND.SPL.backup1"
mtd2: 00020000 00020000 "NAND.SPL.backup2"
mtd3: 00020000 00020000 "NAND.SPL.backup3"
mtd4: 00040000 00020000 "NAND.u-boot-spl-os"
mtd5: 00100000 00020000 "NAND.u-boot"
mtd6: 00020000 00020000 "NAND.u-boot-env"
mtd7: 00020000 00020000 "NAND.u-boot-env.backup1"
mtd8: 00800000 00020000 "NAND.kernel"
mtd9: 0f600000 00020000 "NAND.file-system"
root@am335x-evm:~# 
- 19:29:25 [INFO] Host: export IPERFHOST=192.168.0.1
- 19:29:26 [INFO] Target: 
export IPERFHOST=192.168.0.1
root@am335x-evm:~# 
- 19:29:26 [INFO] Host: export NFS_SERVER=192.168.0.1
- 19:29:26 [INFO] Target: 
export NFS_SERVER=192.168.0.1
root@am335x-evm:~# 
- 19:29:26 [INFO] Host: export NFS_ROOT_PATH=/home/tigtfarm09/NFS_exports/linux/am335x-evm2
- 19:29:26 [INFO] Target: 
export NFS_ROOT_PATH=/home/tigtfarm09/NFS_exports/linux/am335
x-evm2
root@am335x-evm:~# 
- 19:29:26 [INFO] Host: export AP_SSID=
- 19:29:26 [INFO] Target: 
export AP_SSID=
root@am335x-evm:~# 
- 19:29:26 [INFO] Host: mkdir -p -m 777 /test
- 19:29:26 [INFO] Target: 
mkdir -p -m 777 /test
root@am335x-evm:~# 
- 19:29:26 [INFO] Host: cd /test
- 19:29:26 [INFO] Target: 
cd /test
root@am335x-evm:/test# 
- 19:29:26 [INFO] Host: cat > test.sh << EOF
- 19:29:26 [INFO] Target: 
cat > test.sh << EOF
- 19:29:26 [INFO] Host: failtest() {
- 19:29:26 [INFO] Target: 
failtest() {
- 19:29:26 [INFO] Host:   echo 1 >&3
- 19:29:26 [INFO] Target: 
  echo 1 >&3
- 19:29:26 [INFO] Host: }
- 19:29:26 [INFO] Target: 
- 19:29:26 [INFO] Host: timeout=600
- 19:29:27 [INFO] Target: 
timeout=600
- 19:29:27 [INFO] Host: 
- 19:29:27 [INFO] Target: 
- 19:29:27 [INFO] Host: # Start of user's script logic
- 19:29:27 [INFO] Target: 
# Start of user's script logic
- 19:29:27 [INFO] Host: mount -t proc proc /proc 2>/dev/null;
- 19:29:27 [INFO] Target: 
mount -t proc proc /proc 2>/dev/null;
- 19:29:27 [INFO] Host: 
- 19:29:27 [INFO] Target: 
- 19:29:27 [INFO] Host: mount -t sysfs sys /sys 2>/dev/null;
- 19:29:27 [INFO] Target: 
mount -t sysfs sys /sys 2>/dev/null;
- 19:29:27 [INFO] Host: 
- 19:29:27 [INFO] Target: 
- 19:29:27 [INFO] Host: mount -t debugfs none /sys/kernel/debug 2>/dev/null;
- 19:29:27 [INFO] Target: 
mount -t debugfs none /sys/kernel/debug 2>/dev/null;
- 19:29:27 [INFO] Host: 
- 19:29:27 [INFO] Target: 
- 19:29:27 [INFO] Host: echo 'cpuinfo:';cat /proc/cpuinfo; echo '=======';
- 19:29:27 [INFO] Target: 
echo 'cpuinfo:';cat /proc/cpuinfo; echo '=======';
- 19:29:27 [INFO] Host: 
- 19:29:28 [INFO] Target: 
- 19:29:28 [INFO] Host: echo 'soc info:';head /sys/devices/soc0/* 2>/dev/null; echo '=======';
- 19:29:28 [INFO] Target: 
echo 'soc info:';head /sys/devices/soc0/* 2>/dev/null; echo '=======';
- 19:29:28 [INFO] Host: 
- 19:29:28 [INFO] Target: 
- 19:29:28 [INFO] Host: echo 'DT Model info'; head /proc/device-tree/name /proc/device-tree/model /proc/device-tree/compatible 2>/dev/null;echo; echo '=======';
- 19:29:28 [INFO] Target: 
echo 'DT Model info'; head /proc/device-tree/name /proc/device-tree/model /pro
c/device-tree/compatible 2>/dev/null;echo; echo '=======';
- 19:29:28 [INFO] Host: 
- 19:29:28 [INFO] Target: 
- 19:29:28 [INFO] Host: echo 'interrupts:';cat /proc/interrupts; echo '=======';
- 19:29:28 [INFO] Target: 
echo 'interrupts:';cat /proc/interrupts; echo '=======';
- 19:29:28 [INFO] Host: 
- 19:29:28 [INFO] Target: 
- 19:29:28 [INFO] Host: echo 'Clk_summary:';cat /sys/kernel/debug/clk/clk_summary; echo '=======';
- 19:29:28 [INFO] Target: 
echo 'Clk_summary:';cat /sys/kernel/debug/clk/clk_summary; echo '=======';
- 19:29:28 [INFO] Host: 
- 19:29:28 [INFO] Target: 
- 19:29:28 [INFO] Host: echo "Available frequencies"; cat /sys/devices/system/cpu/cpu0/cpufreq/scaling_available_frequencies 2>/dev/null;echo '=======';
- 19:29:28 [INFO] Target: 
echo "Available frequencies"; cat /sys/devices/system/cpu/cpu0/cpufreq/scaling
_available_frequencies 2>/dev/null;echo '=======';
- 19:29:28 [INFO] Host: 
- 19:29:29 [INFO] Target: 
- 19:29:29 [INFO] Host: TMPF=/tmp/a.\$\$; TMPF2=/tmp/b.\$\$; STR=""
- 19:29:29 [INFO] Target: 
TMPF=/tmp/a.\$\$; TMPF2=/tmp/b.\$\$; STR=""
- 19:29:29 [INFO] Host: 
- 19:29:29 [INFO] Target: 
- 19:29:29 [INFO] Host: cp /dev/kmsg \$TMPF &
- 19:29:29 [INFO] Target: 
cp /dev/kmsg \$TMPF &
- 19:29:29 [INFO] Host: 
- 19:29:29 [INFO] Target: 
- 19:29:29 [INFO] Host: PID=\$! ; sleep 5; kill -9 \$PID
- 19:29:29 [INFO] Target: 
PID=\$! ; sleep 5; kill -9 \$PID
- 19:29:29 [INFO] Host: 
- 19:29:29 [INFO] Target: 
- 19:29:29 [INFO] Host: 
- 19:29:29 [INFO] Target: 
- 19:29:29 [INFO] Host: 
- 19:29:29 [INFO] Target: 
- 19:29:29 [INFO] Host: cat \$TMPF|grep "^0">\$TMPF2; N=\`cat \$TMPF2|wc -l\`; if [ "\$N" -ne 0 ]; then STR="\$STR emerg=\$N";echo "===== EMERGE++";cat \$TMPF2|cut -d ';' -f2;echo "====="; fi
- 19:29:29 [INFO] Target: 
cat \$TMPF|grep "^0">\$TMPF2; N=\`cat \$TMPF2|wc -l\`; if [ "\$N" -ne 0 ]; the
n STR="\$STR emerg=\$N";echo "===== EMERGE++";cat \$TMPF2|cut -d ';' -f2;echo "=
===="; fi
- 19:29:29 [INFO] Host: 
- 19:29:30 [INFO] Target: 
- 19:29:30 [INFO] Host: cat \$TMPF|grep "^1">\$TMPF2; N=\`cat \$TMPF2|wc -l\`; if [ "\$N" -ne 0 ]; then STR="\$STR alert=\$N";echo "===== ALERT ==";cat \$TMPF2|cut -d ';' -f2;echo "====="; fi
- 19:29:30 [INFO] Target: 
cat \$TMPF|grep "^1">\$TMPF2; N=\`cat \$TMPF2|wc -l\`; if [ "\$N" -ne 0 ]; the
n STR="\$STR alert=\$N";echo "===== ALERT ==";cat \$TMPF2|cut -d ';' -f2;echo "=
===="; fi
- 19:29:30 [INFO] Host: 
- 19:29:30 [INFO] Target: 
- 19:29:30 [INFO] Host: cat \$TMPF|grep "^2">\$TMPF2; N=\`cat \$TMPF2|wc -l\`; if [ "\$N" -ne 0 ]; then STR="\$STR crit=\$N";echo "===== CRIT ==";cat \$TMPF2|cut -d ';' -f2;echo "====="; fi
- 19:29:30 [INFO] Target: 
cat \$TMPF|grep "^2">\$TMPF2; N=\`cat \$TMPF2|wc -l\`; if [ "\$N" -ne 0 ]; the
n STR="\$STR crit=\$N";echo "===== CRIT ==";cat \$TMPF2|cut -d ';' -f2;echo "===
=="; fi
- 19:29:30 [INFO] Host: 
- 19:29:30 [INFO] Target: 
- 19:29:30 [INFO] Host: cat \$TMPF|grep "^3">\$TMPF2; N=\`cat \$TMPF2|wc -l\`; if [ "\$N" -ne 0 ]; then STR="\$STR err=\$N";echo "===== ERR ==";cat \$TMPF2|cut -d ';' -f2;echo "=====" ;fi
- 19:29:30 [INFO] Target: 
cat \$TMPF|grep "^3">\$TMPF2; N=\`cat \$TMPF2|wc -l\`; if [ "\$N" -ne 0 ]; the
n STR="\$STR err=\$N";echo "===== ERR ==";cat \$TMPF2|cut -d ';' -f2;echo "=====
" ;fi
- 19:29:30 [INFO] Host: 
- 19:29:30 [INFO] Target: 
- 19:29:30 [INFO] Host: cat \$TMPF|grep "^4">\$TMPF2; N=\`cat \$TMPF2|wc -l\`; if [ "\$N" -ne 0 ]; then STR="\$STR warn=\$N";echo "===== WARN ==";cat \$TMPF2|cut -d ';' -f2;echo "=====" ;fi
- 19:29:30 [INFO] Target: 
cat \$TMPF|grep "^4">\$TMPF2; N=\`cat \$TMPF2|wc -l\`; if [ "\$N" -ne 0 ]; the
n STR="\$STR warn=\$N";echo "===== WARN ==";cat \$TMPF2|cut -d ';' -f2;echo "===
==" ;fi
- 19:29:30 [INFO] Host: 
- 19:29:30 [INFO] Target: 
- 19:29:30 [INFO] Host: rm \$TMPF \$TMPF2; echo "SUM""MARY RESULT: BOOT:" 'PASS: H''ello World' 'B''oard' "Booted" "Boot Log has::::\$STR:"
- 19:29:31 [INFO] Target: 
rm \$TMPF \$TMPF2; echo "SUM""MARY RESULT: BOOT:" 'PASS: H''ello World' 'B''oa
rd' "Booted" "Boot Log has::::\$STR:"
- 19:29:31 [INFO] Host: 
- 19:29:31 [INFO] Target: 
- 19:29:31 [INFO] Host: EOF
- 19:29:31 [INFO] Target: 
root@am335x-evm:/test# 
- 19:29:31 [INFO] Host: cd /test
- 19:29:31 [INFO] Target: 
cd /test
root@am335x-evm:/test# 
- 19:29:31 [INFO] Host: chmod +x test.sh
- 19:29:31 [INFO] Target: 
chmod +x test.sh
root@am335x-evm:/test# 
- 19:29:31 [INFO] Host: ./test.sh 2> stderr.log > stdout.log 3> result.log
- 19:29:37 [INFO] Target: 
./test.sh 2> stderr.log > stdout.log 3> result.log
root@am335x-evm:/test# 
- 19:29:37 [INFO] Host: echo $?
- 19:29:37 [INFO] Target: 
echo $?
root@am335x-evm:/test# 
- 19:29:37 [INFO] Host: cd /test
- 19:29:37 [INFO] Target: 
cd /test
root@am335x-evm:/test# 
- 19:29:37 [INFO] Host: cat stdout.log
- 19:29:39 [INFO] Target: 
cat stdout.log
cpuinfo:
processor	: 0
model name	: ARMv7 Processor rev 2 (v7l)
BogoMIPS	: 996.14
Features	: half thumb fastmult vfp edsp thumbee neon vfpv3 tls vfpd32 
CPU implementer	: 0x41
CPU architecture: 7
CPU variant	: 0x3
CPU part	: 0xc08
CPU revision	: 2
Hardware	: Generic AM33XX (Flattened Device Tree)
Revision	: 0000
Serial		: 0000000000000000
=======
soc info:
==> /sys/devices/soc0/family <==
AM33xx
==> /sys/devices/soc0/machine <==
AM335X
==> /sys/devices/soc0/power <==
==> /sys/devices/soc0/revision <==
ES2.1
==> /sys/devices/soc0/subsystem <==
==> /sys/devices/soc0/type <==
==> /sys/devices/soc0/uevent <==
=======
DT Model info
==> /proc/device-tree/name <==
==> /proc/device-tree/model <==
TI AM335x EVM
==> /proc/device-tree/compatible <==
ti,am335x-evmti,am33xx
=======
interrupts:
           CPU0       
 16:       4122      INTC  68 Level     gp_timer
 20:       2015      INTC  12 Level     49000000.edma_ccint
 22:         22      INTC  14 Level     49000000.edma_ccerrint
 26:          0      INTC  96 Level     44e07000.gpio
 33:          0  44e07000.gpio   6 Edge      48060000.mmc cd
 59:          0      INTC  98 Level     4804c000.gpio
 92:          0      INTC  32 Level     481ac000.gpio
125:          0      INTC  62 Level     481ae000.gpio
158:       8266      INTC  72 Level     OMAP UART0
160:        271      INTC  70 Level     44e0b000.i2c
161:          0      INTC  71 Level     4802a000.i2c
162:       6257      INTC  64 Level     mmc1
163:         13      INTC  29 Level     mmc0
174:         17      INTC  41 Level     4a100000.ethernet
175:         23      INTC  42 Level     4a100000.ethernet
177:         59      INTC   4 Level     48080000.elm
180:          0      INTC 100 Level     gpmc
IPI0:          0  CPU wakeup interrupts
IPI1:          0  Timer broadcast interrupts
IPI2:          0  Rescheduling interrupts
IPI3:          0  Function call interrupts
IPI4:          0  CPU stop interrupts
IPI5:          0  IRQ work interrupts
IPI6:          0  completion interrupts
Err:          0
=======
Clk_summary:
   clock                         enable_cnt  prepare_cnt        rate   accuracy   phase
----------------------------------------------------------------------------------------
 tclkin_ck                                0            0    12000000          0 0  
 virt_26000000_ck                         0            0    26000000          0 0  
 virt_25000000_ck                         0            0    25000000          0 0  
 virt_24000000_ck                         1            1    24000000          0 0  
    sys_clkin_ck                          9           23    24000000          0 0  
       timer6_fck                         0            1    24000000          0 0  
       timer3_fck                         0            1    24000000          0 0  
       dbg_sysclk_ck                      0            1    24000000          0 0  
       timer7_fck                         0            1    24000000          0 0  
       timer5_fck                         0            1    24000000          0 0  
       timer4_fck                         0            1    24000000          0 0  
       timer2_fck                         1            1    24000000          0 0  
       timer1_fck                         1            1    24000000          0 0  
       cefuse_fck                         0            0    24000000          0 0  
       dpll_per_ck                        1            2   960000000          0 0  
          usbotg_fck                      0            1   960000000          0 0  
          dpll_per_m2_ck                  3            4   192000000          0 0  
             mmc_clk                      0            3    96000000          0 0  
             clk_24mhz                    1            1    24000000          0 0  
                clkdiv32k_ck              1            1       32786          0 0  
                   clkdiv32k_ick           1            5       32786          0 0  
                      wdt1_fck            0            1       32786          0 0  
                      gpio3_dbclk           0            2       32786          0 0  
                      gpio2_dbclk           0            2       32786          0 0  
                      gpio1_dbclk           0            2       32786          0 0  
             dpll_per_m2_div4_ck           1            9    48000000          0 0  
             dpll_per_m2_div4_wkupdm_ck           1            2    48000000          0 0  
       dpll_disp_ck                       0            1    24000000          0 0  
          dpll_disp_m2_ck                 0            1    24000000          0 0  
             lcd_gclk                     0            1    24000000          0 0  
       dpll_ddr_ck                        1            1   303000000          0 0  
          dpll_ddr_m2_ck                  2            2   303000000          0 0  
             dpll_ddr_m2_div2_ck           1            1   151500000          0 0  
       dpll_mpu_ck                        1            1  1000000000          0 0  
          dpll_mpu_m2_ck                  4            4  1000000000          0 0  
       dpll_core_ck                       1            1  1000000000          0 0  
          dpll_core_x2_ck                 2            2  2000000000          0 0  
             dpll_core_m6_ck              0            0   500000000          0 0  
             dpll_core_m5_ck              2            2   250000000          0 0  
                cpsw_cpts_rft_clk           1            2   250000000          0 0  
                cpsw_125mhz_gclk           2            3   125000000          0 0  
             dpll_core_m4_ck              9           11   200000000          0 0  
                dbg_clka_ck               0            2   200000000          0 0  
                   trace_pmd_clk_mux_ck           0            1   200000000          0 0  
                      trace_clk_div_ck           0            1    50000000          0 0  
                   stm_pmd_clock_mux_ck           0            0   200000000          0 0  
                      stm_clk_div_ck           0            0    50000000          0 0  
                gfx_fclk_clksel_ck           0            1   200000000          0 0  
                   gfx_fck_div_ck           0            1   200000000          0 0  
                sysclk_div_ck             0            0   200000000          0 0  
                l4hs_gclk                 2            2   200000000          0 0  
                l4_rtc_gclk               0            0   100000000          0 0  
                dpll_core_m4_div2_ck          16           17   100000000          0 0  
                   l4ls_gclk             35           41   100000000          0 0  
                      ehrpwm2_tbclk           0            0   100000000          0 0  
                      ehrpwm1_tbclk           0            0   100000000          0 0  
                      ehrpwm0_tbclk           0            0   100000000          0 0  
                   l4fw_gclk              1            1   100000000          0 0  
                   l3s_gclk               9           10   100000000          0 0  
                   ieee5000_fck           0            0   100000000          0 0  
                mmu_fck                   0            0   200000000          0 0  
                l3_gclk                  13           15   200000000          0 0  
                   pruss_ocp_gclk           0            1   200000000          0 0  
       rng_fck                            1            2    24000000          0 0  
       aes0_fck                           1            2    24000000          0 0  
       sha0_fck                           1            1    24000000          0 0  
       smartreflex1_fck                   0            1    24000000          0 0  
       smartreflex0_fck                   0            1    24000000          0 0  
       mcasp1_fck                         0            1    24000000          0 0  
       mcasp0_fck                         0            1    24000000          0 0  
       dcan1_fck                          0            1    24000000          0 0  
       dcan0_fck                          0            1    24000000          0 0  
       adc_tsc_fck                        0            1    24000000          0 0  
 virt_19200000_ck                         0            0    19200000          0 0  
 clk_rc32k_ck                             0            1       32000          0 0  
    gpio0_dbclk_mux_ck                    0            1       32000          0 0  
       gpio0_dbclk                        0            2       32000          0 0  
 clk_32768_ck                             1            2       32768          0 0  
    sysclkout_pre_ck                      1            1       32768          0 0  
       clkout2_div_ck                     1            1       32768          0 0  
