- 06:42:02 [INFO] Starting target session
- 06:42:02 [INFO] Connected to am335x-evm via serial 
- 06:42:02 [INFO] Host: #check prompt
- 06:42:05 [ERROR] On command: #check prompt waiting for #check prompt.+?(?-mix:((?-mix:login:)|[Pp]assword)) >>> error: execution expired
- 06:42:05 [INFO] Target: 
#check prompt
root@am335x-evm:/test# 
- 06:42:05 [INFO] Host: #check prompt
- 06:42:05 [INFO] Target: 
#check prompt
root@am335x-evm:/test# 
- 06:42:05 [INFO] Host: sync;poweroff
- 06:42:19 [INFO] Target: 
sync;poweroff
INIT: Switching to runlevel: 0
INIT: Sending processes the TERM signal
Broadcast message from root@am335x-evm (ttyS0) (Thu Apr 16 03:15:35 2015):
The system is going down for system halt NOW!
root@am335x-evm:/test# 
INIT: Sending Stopping syslogd/klogd: stopped syslogd (pid 1298)
stopped klogd (pid 1302)
done
Deconfiguring network interfaces... done.
Sending all processes the TERM signal...
Sending all processes the KILL signal...
Unmounting remote filesystems...
Deactivating swap...
Unmounting local filesystems...
[ 6666.577053] reboot: System halted
- 06:42:19 [INFO] Disconnected serial from am335x-evm
- 06:42:20 [INFO] Connected to am335x-evm via serial 
- 06:42:20 [INFO] Host: 
- 06:42:23 [INFO] Target: 
U-Boot SPL 2015.07 (Sep 17 2015 - 01:00:56)
reading args
spl_load_image_fat_os: error reading image args, err - -1
reading u-boot.img
reading u-boot.img
U-Boot 2015.07 (Sep 17 2015 - 01:00:56 -0400)
       Watchdog enabled
I2C:   ready
DRAM:  1 GiB
NAND:  256 MiB
MMC:   OMAP SD/MMC: 0, OMAP SD/MMC: 1
reading uboot.env
Net:   <ethaddr> not set. Validating first E-fuse MAC
cpsw, usb_ether
Hit any key to stop autoboot:  1  0 
U-Boot# 
U-Boot# 
U-Boot# 
- 06:42:23 [INFO] Host: 
- 06:42:23 [INFO] Target: 
U-Boot# 
- 06:42:23 [INFO] Host: version
- 06:42:23 [INFO] Target: 
version
U-Boot 2015.07 (Sep 17 2015 - 01:00:56 -0400)
arm-linux-gnueabihf-gcc (Linaro GCC 4.9-2015.05) 4.9.3 20150413 (prerelease)
GNU ld (GNU Binutils) Linaro 2014.11-3-git 2.24.0.20141017
U-Boot# 
- 06:42:23 [INFO] Host: setenv bootargs 'console=ttyO0,115200n8 earlyprintk rootwait  '
- 06:42:23 [INFO] Target: 
setenv bootargs 'console=ttyO0,115200n8 earlyprintk rootwait  '
U-Boot# 
- 06:42:23 [INFO] Host: setenv bootcmd  ''
- 06:42:23 [INFO] Target: 
setenv bootcmd  ''
U-Boot# 
- 06:42:23 [INFO] Host: setenv autoload 'no'
- 06:42:23 [INFO] Target: 
setenv autoload 'no'
U-Boot# 
- 06:42:23 [INFO] Host: setenv serverip '192.168.0.1'
- 06:42:23 [INFO] Target: 
setenv serverip '192.168.0.1'
U-Boot# 
- 06:42:23 [INFO] Host: printenv
- 06:42:24 [INFO] Target: 
printenv
arch=arm
args_mmc=run finduuid;setenv bootargs console=${console} ${optargs} root=PARTUUID=${uuid} rw rootfstype=${mmcrootfstype}
autoload=no
baudrate=115200
board=am335x
board_name=A33515BB
board_rev=1.5B
boot_fdt=try
bootargs=console=ttyO0,115200n8 earlyprintk rootwait  
bootcmd=
bootcount=1
bootdelay=1
bootdir=/boot
bootenv=uEnv.txt
bootfile=zImage
bootm_size=0x10000000
bootpart=0:2
bootscript=echo Running bootscript from mmc${mmcdev} ...; source ${loadaddr}
console=ttyO0,115200n8
cpu=armv7
dfu_alt_info_emmc=rawemmc raw 0 3751936
dfu_alt_info_mmc=boot part 0 1;rootfs part 0 2;MLO fat 0 1;MLO.raw raw 0x100 0x100;u-boot.img.raw raw 0x300 0x400;spl-os-args.raw raw 0x80 0x80;spl-os-image.raw raw 0x900 0x2000;spl-os-args fat 0 1;spl-os-image fat 0 1;u-boot.img fat 0 1;uEnv.txt fat 0 1
dfu_alt_info_nand=SPL part 0 1;SPL.backup1 part 0 2;SPL.backup2 part 0 3;SPL.backup3 part 0 4;u-boot part 0 5;u-boot-spl-os part 0 6;kernel part 0 8;rootfs part 0 9
dfu_alt_info_ram=kernel ram 0x80200000 0xD80000;fdt ram 0x80F80000 0x80000;ramdisk ram 0x81000000 0x4000000
eth1addr=c8:a0:30:a0:62:c0
ethact=cpsw
ethaddr=c8:a0:30:a0:62:be
fdt_addr_r=0x88000000
fdtaddr=0x88000000
fdtfile=undefined
findfdt=if test $board_name = A335BONE; then setenv fdtfile am335x-bone.dtb; fi; if test $board_name = A335BNLT; then setenv fdtfile am335x-boneblack.dtb; fi; if test $board_name = A33515BB; then setenv fdtfile am335x-evm.dtb; fi; if test $board_name = A335X_SK; then setenv fdtfile am335x-evmsk.dtb; fi; if test $fdtfile = undefined; then echo WARNING: Could not determine device tree to use; fi; 
finduuid=part uuid mmc 0:2 uuid
importbootenv=echo Importing environment from mmc ...; env import -t -r $loadaddr $filesize
kernel_addr_r=0x82000000
loadaddr=0x82000000
loadbootenv=load mmc ${mmcdev} ${loadaddr} ${bootenv}
loadbootscript=load mmc ${mmcdev} ${loadaddr} boot.scr
loadfdt=load mmc ${bootpart} ${fdtaddr} ${bootdir}/${fdtfile}
loadimage=load mmc ${bootpart} ${loadaddr} ${bootdir}/${bootfile}
loadramdisk=load mmc ${mmcdev} ${rdaddr} ramdisk.gz
mmcboot=mmc dev ${mmcdev}; if mmc rescan; then echo SD/MMC found on device ${mmcdev};if run loadbootscript; then run bootscript;else if run loadbootenv; then echo Loaded environment from ${bootenv};run importbootenv;fi;if test -n $uenvcmd; then echo Running uenvcmd ...;run uenvcmd;fi;if run loadimage; then run mmcloados;fi;fi ;fi;
mmcdev=0
mmcloados=run args_mmc; if test ${boot_fdt} = yes || test ${boot_fdt} = try; then if run loadfdt; then bootz ${loadaddr} - ${fdtaddr}; else if test ${boot_fdt} = try; then bootz; else echo WARN: Cannot load the DT; fi; fi; else bootz; fi;
mmcrootfstype=ext4 rootwait
mtdids=nand0=nand.0
mtdparts=mtdparts=nand.0:128k(NAND.SPL),128k(NAND.SPL.backup1),128k(NAND.SPL.backup2),128k(NAND.SPL.backup3),256k(NAND.u-boot-spl-os),1m(NAND.u-boot),128k(NAND.u-boot-env),128k(NAND.u-boot-env.backup1),8m(NAND.kernel),-(NAND.file-system)
nandargs=setenv bootargs console=${console} ${optargs} root=${nandroot} rootfstype=${nandrootfstype}
nandboot=echo Booting from nand ...; run nandargs; nand read ${fdtaddr} NAND.u-boot-spl-os; nand read ${loadaddr} NAND.kernel; bootz ${loadaddr} - ${fdtaddr}
nandroot=ubi0:rootfs rw ubi.mtd=NAND.file-system,2048
nandrootfstype=ubifs rootwait=1
netargs=setenv bootargs console=${console} ${optargs} root=/dev/nfs nfsroot=${serverip}:${rootpath},${nfsopts} rw ip=dhcp
netboot=echo Booting from network ...; setenv autoload no; dhcp; run netloadimage; run netloadfdt; run netargs; bootz ${loadaddr} - ${fdtaddr}
netloadfdt=tftp ${fdtaddr} ${fdtfile}
netloadimage=tftp ${loadaddr} ${bootfile}
nfsopts=nolock
partitions=uuid_disk=${uuid_gpt_disk};name=rootfs,start=2MiB,size=-,uuid=${uuid_gpt_rootfs}
ramargs=setenv bootargs console=${console} ${optargs} root=${ramroot} rootfstype=${ramrootfstype}
ramboot=echo Booting from ramdisk ...; run ramargs; bootz ${loadaddr} ${rdaddr} ${fdtaddr}
ramdisk_addr_r=0x88080000
ramroot=/dev/ram0 rw
ramrootfstype=ext2
rdaddr=0x88080000
rootpath=/export/rootfs
serverip=192.168.0.1
soc=am33xx
spiargs=setenv bootargs console=${console} ${optargs} root=${spiroot} rootfstype=${spirootfstype}
spiboot=echo Booting from spi ...; run spiargs; sf probe ${spibusno}:0; sf read ${loadaddr} ${spisrcaddr} ${spiimgsize}; bootz ${loadaddr}
spibusno=0
spiimgsize=0x362000
spiroot=/dev/mtdblock4 rw
spirootfstype=jffs2
spisrcaddr=0xe0000
static_ip=${ipaddr}:${serverip}:${gatewayip}:${netmask}:${hostname}::off
stderr=serial_omap
stdin=serial_omap
stdout=serial_omap
usbnet_devaddr=c8:a0:30:a0:62:c0
vendor=ti
ver=U-Boot 2015.07 (Sep 17 2015 - 01:00:56 -0400)
Environment size: 4755/131068 bytes
U-Boot# 
- 06:42:24 [INFO] Host: printenv
- 06:42:24 [INFO] Target: 
printenv
arch=arm
args_mmc=run finduuid;setenv bootargs console=${console} ${optargs} root=PARTUUID=${uuid} rw rootfstype=${mmcrootfstype}
autoload=no
baudrate=115200
board=am335x
board_name=A33515BB
board_rev=1.5B
boot_fdt=try
bootargs=console=ttyO0,115200n8 earlyprintk rootwait  
bootcmd=
bootcount=1
bootdelay=1
bootdir=/boot
bootenv=uEnv.txt
bootfile=zImage
bootm_size=0x10000000
bootpart=0:2
bootscript=echo Running bootscript from mmc${mmcdev} ...; source ${loadaddr}
console=ttyO0,115200n8
cpu=armv7
dfu_alt_info_emmc=rawemmc raw 0 3751936
dfu_alt_info_mmc=boot part 0 1;rootfs part 0 2;MLO fat 0 1;MLO.raw raw 0x100 0x100;u-boot.img.raw raw 0x300 0x400;spl-os-args.raw raw 0x80 0x80;spl-os-image.raw raw 0x900 0x2000;spl-os-args fat 0 1;spl-os-image fat 0 1;u-boot.img fat 0 1;uEnv.txt fat 0 1
dfu_alt_info_nand=SPL part 0 1;SPL.backup1 part 0 2;SPL.backup2 part 0 3;SPL.backup3 part 0 4;u-boot part 0 5;u-boot-spl-os part 0 6;kernel part 0 8;rootfs part 0 9
dfu_alt_info_ram=kernel ram 0x80200000 0xD80000;fdt ram 0x80F80000 0x80000;ramdisk ram 0x81000000 0x4000000
eth1addr=c8:a0:30:a0:62:c0
ethact=cpsw
ethaddr=c8:a0:30:a0:62:be
fdt_addr_r=0x88000000
fdtaddr=0x88000000
fdtfile=undefined
findfdt=if test $board_name = A335BONE; then setenv fdtfile am335x-bone.dtb; fi; if test $board_name = A335BNLT; then setenv fdtfile am335x-boneblack.dtb; fi; if test $board_name = A33515BB; then setenv fdtfile am335x-evm.dtb; fi; if test $board_name = A335X_SK; then setenv fdtfile am335x-evmsk.dtb; fi; if test $fdtfile = undefined; then echo WARNING: Could not determine device tree to use; fi; 
finduuid=part uuid mmc 0:2 uuid
importbootenv=echo Importing environment from mmc ...; env import -t -r $loadaddr $filesize
kernel_addr_r=0x82000000
loadaddr=0x82000000
loadbootenv=load mmc ${mmcdev} ${loadaddr} ${bootenv}
loadbootscript=load mmc ${mmcdev} ${loadaddr} boot.scr
loadfdt=load mmc ${bootpart} ${fdtaddr} ${bootdir}/${fdtfile}
loadimage=load mmc ${bootpart} ${loadaddr} ${bootdir}/${bootfile}
loadramdisk=load mmc ${mmcdev} ${rdaddr} ramdisk.gz
mmcboot=mmc dev ${mmcdev}; if mmc rescan; then echo SD/MMC found on device ${mmcdev};if run loadbootscript; then run bootscript;else if run loadbootenv; then echo Loaded environment from ${bootenv};run importbootenv;fi;if test -n $uenvcmd; then echo Running uenvcmd ...;run uenvcmd;fi;if run loadimage; then run mmcloados;fi;fi ;fi;
mmcdev=0
mmcloados=run args_mmc; if test ${boot_fdt} = yes || test ${boot_fdt} = try; then if run loadfdt; then bootz ${loadaddr} - ${fdtaddr}; else if test ${boot_fdt} = try; then bootz; else echo WARN: Cannot load the DT; fi; fi; else bootz; fi;
mmcrootfstype=ext4 rootwait
mtdids=nand0=nand.0
mtdparts=mtdparts=nand.0:128k(NAND.SPL),128k(NAND.SPL.backup1),128k(NAND.SPL.backup2),128k(NAND.SPL.backup3),256k(NAND.u-boot-spl-os),1m(NAND.u-boot),128k(NAND.u-boot-env),128k(NAND.u-boot-env.backup1),8m(NAND.kernel),-(NAND.file-system)
nandargs=setenv bootargs console=${console} ${optargs} root=${nandroot} rootfstype=${nandrootfstype}
nandboot=echo Booting from nand ...; run nandargs; nand read ${fdtaddr} NAND.u-boot-spl-os; nand read ${loadaddr} NAND.kernel; bootz ${loadaddr} - ${fdtaddr}
nandroot=ubi0:rootfs rw ubi.mtd=NAND.file-system,2048
nandrootfstype=ubifs rootwait=1
netargs=setenv bootargs console=${console} ${optargs} root=/dev/nfs nfsroot=${serverip}:${rootpath},${nfsopts} rw ip=dhcp
netboot=echo Booting from network ...; setenv autoload no; dhcp; run netloadimage; run netloadfdt; run netargs; bootz ${loadaddr} - ${fdtaddr}
netloadfdt=tftp ${fdtaddr} ${fdtfile}
netloadimage=tftp ${loadaddr} ${bootfile}
nfsopts=nolock
partitions=uuid_disk=${uuid_gpt_disk};name=rootfs,start=2MiB,size=-,uuid=${uuid_gpt_rootfs}
ramargs=setenv bootargs console=${console} ${optargs} root=${ramroot} rootfstype=${ramrootfstype}
ramboot=echo Booting from ramdisk ...; run ramargs; bootz ${loadaddr} ${rdaddr} ${fdtaddr}
ramdisk_addr_r=0x88080000
ramroot=/dev/ram0 rw
ramrootfstype=ext2
rdaddr=0x88080000
rootpath=/export/rootfs
serverip=192.168.0.1
soc=am33xx
spiargs=setenv bootargs console=${console} ${optargs} root=${spiroot} rootfstype=${spirootfstype}
spiboot=echo Booting from spi ...; run spiargs; sf probe ${spibusno}:0; sf read ${loadaddr} ${spisrcaddr} ${spiimgsize}; bootz ${loadaddr}
spibusno=0
spiimgsize=0x362000
spiroot=/dev/mtdblock4 rw
spirootfstype=jffs2
spisrcaddr=0xe0000
static_ip=${ipaddr}:${serverip}:${gatewayip}:${netmask}:${hostname}::off
stderr=serial_omap
stdin=serial_omap
stdout=serial_omap
usbnet_devaddr=c8:a0:30:a0:62:c0
vendor=ti
ver=U-Boot 2015.07 (Sep 17 2015 - 01:00:56 -0400)
Environment size: 4755/131068 bytes
U-Boot# 
- 06:42:24 [INFO] Host: setenv bootargs ''${bootargs}' ip=:::::eth0:dhcp '
- 06:42:25 [INFO] Target: 
setenv bootargs ''${bootargs}' ip=:::::eth0:dhcp '
U-Boot# 
- 06:42:25 [INFO] Host: setenv serverip '192.168.0.1'
- 06:42:25 [INFO] Target: 
setenv serverip '192.168.0.1'
U-Boot# 
- 06:42:25 [INFO] Host: setenv autoload 'no'
- 06:42:25 [INFO] Target: 
setenv autoload 'no'
U-Boot# 
- 06:42:25 [INFO] Host: dhcp
- 06:42:27 [INFO] Target: 
dhcp
cpsw Waiting for PHY auto negotiation to complete. done
link up on port 0, speed 1000, full duplex
BOOTP broadcast 1
BOOTP broadcast 2
BOOTP broadcast 3
DHCP client bound to address 192.168.0.224 (1031 ms)
U-Boot# 
- 06:42:27 [INFO] Host: tftp ${loadaddr} 192.168.0.1:vatf_am335x-evm/0cae83d9e582ede0bd3a59a997c5afb9
- 06:42:27 [INFO] Target: 
tftp ${loadaddr} 192.168.0.1:vatf_am335x-evm/0cae83d9e582ede0bd3a59a997c5afb9
link up on port 0, speed 1000, full duplex
Using cpsw device
TFTP from server 192.168.0.1; our IP address is 192.168.0.224
Filename 'vatf_am335x-evm/0cae83d9e582ede0bd3a59a997c5afb9'.
Load address: 0x82000000
Loading: *#################################################################
	 #################################################################
	 #################################################################
	 #################################################
	 6.1 MiB/s
done
Bytes transferred = 3574336 (368a40 hex)
U-Boot# 
- 06:42:27 [INFO] Host: tftp ${fdt_addr_r} 192.168.0.1:vatf_am335x-evm/21b86c499c68ccc4ea5b97a49490dcd3
- 06:42:27 [INFO] Target: 
tftp ${fdt_addr_r} 192.168.0.1:vatf_am335x-evm/21b86c499c68ccc4ea5b97a49490dcd3
link up on port 0, speed 1000, full duplex
Using cpsw device
TFTP from server 192.168.0.1; our IP address is 192.168.0.224
Filename 'vatf_am335x-evm/21b86c499c68ccc4ea5b97a49490dcd3'.
Load address: 0x88000000
Loading: *###
	 5.1 MiB/s
done
Bytes transferred = 37587 (92d3 hex)
U-Boot# 
- 06:42:27 [INFO] Host: ls mmc 0:1
- 06:42:27 [INFO] Target: 
ls mmc 0:1
    69400   mlo 
   373688   u-boot.img 
        4   ws-calibrate.rules 
       14   .ipaddr 
        0   pointercal 
   131072   uboot.env 
       33   primary_bootloader.md5 
       33   fs.md5 
8 file(s), 0 dir(s)
U-Boot# 
- 06:42:27 [INFO] Host: ls mmc 0:2
- 06:42:28 [INFO] Target: 
ls mmc 0:2
<DIR>       4096 .
<DIR>       4096 ..
<DIR>       4096 include
<DIR>       4096 srv
<DIR>       4096 home
<DIR>       4096 media
<DIR>       4096 opt
<DIR>       4096 var
<DIR>       4096 sys
<DIR>       4096 boot
<DIR>       4096 dev
<DIR>       4096 usr
<DIR>       4096 bin
<DIR>       4096 mnt
<DIR>       4096 etc
<DIR>       4096 sbin
<DIR>       4096 www
<SYM>          8 tmp
<DIR>       4096 proc
<DIR>       4096 run
<DIR>       4096 lib
U-Boot# 
- 06:42:28 [INFO] Host: part uuid mmc 0:2
- 06:42:28 [INFO] Target: 
part uuid mmc 0:2
00000000-02
U-Boot# 
- 06:42:28 [INFO] Host: printenv
- 06:42:28 [INFO] Target: 
printenv
arch=arm
args_mmc=run finduuid;setenv bootargs console=${console} ${optargs} root=PARTUUID=${uuid} rw rootfstype=${mmcrootfstype}
autoload=no
baudrate=115200
board=am335x
board_name=A33515BB
board_rev=1.5B
boot_fdt=try
bootargs=console=ttyO0,115200n8 earlyprintk rootwait   ip=:::::eth0:dhcp 
bootcmd=
bootcount=1
bootdelay=1
bootdir=/boot
bootenv=uEnv.txt
bootfile=zImage
bootm_size=0x10000000
bootpart=0:2
bootscript=echo Running bootscript from mmc${mmcdev} ...; source ${loadaddr}
console=ttyO0,115200n8
cpu=armv7
dfu_alt_info_emmc=rawemmc raw 0 3751936
dfu_alt_info_mmc=boot part 0 1;rootfs part 0 2;MLO fat 0 1;MLO.raw raw 0x100 0x100;u-boot.img.raw raw 0x300 0x400;spl-os-args.raw raw 0x80 0x80;spl-os-image.raw raw 0x900 0x2000;spl-os-args fat 0 1;spl-os-image fat 0 1;u-boot.img fat 0 1;uEnv.txt fat 0 1
dfu_alt_info_nand=SPL part 0 1;SPL.backup1 part 0 2;SPL.backup2 part 0 3;SPL.backup3 part 0 4;u-boot part 0 5;u-boot-spl-os part 0 6;kernel part 0 8;rootfs part 0 9
dfu_alt_info_ram=kernel ram 0x80200000 0xD80000;fdt ram 0x80F80000 0x80000;ramdisk ram 0x81000000 0x4000000
dnsip=192.0.2.2
dnsip2=192.0.2.3
eth1addr=c8:a0:30:a0:62:c0
ethact=cpsw
ethaddr=c8:a0:30:a0:62:be
fdt_addr_r=0x88000000
fdtaddr=0x88000000
fdtfile=undefined
fileaddr=88000000
filesize=92d3
findfdt=if test $board_name = A335BONE; then setenv fdtfile am335x-bone.dtb; fi; if test $board_name = A335BNLT; then setenv fdtfile am335x-boneblack.dtb; fi; if test $board_name = A33515BB; then setenv fdtfile am335x-evm.dtb; fi; if test $board_name = A335X_SK; then setenv fdtfile am335x-evmsk.dtb; fi; if test $fdtfile = undefined; then echo WARNING: Could not determine device tree to use; fi; 
finduuid=part uuid mmc 0:2 uuid
gatewayip=192.168.0.1
importbootenv=echo Importing environment from mmc ...; env import -t -r $loadaddr $filesize
ipaddr=192.168.0.224
kernel_addr_r=0x82000000
loadaddr=0x82000000
loadbootenv=load mmc ${mmcdev} ${loadaddr} ${bootenv}
loadbootscript=load mmc ${mmcdev} ${loadaddr} boot.scr
loadfdt=load mmc ${bootpart} ${fdtaddr} ${bootdir}/${fdtfile}
loadimage=load mmc ${bootpart} ${loadaddr} ${bootdir}/${bootfile}
loadramdisk=load mmc ${mmcdev} ${rdaddr} ramdisk.gz
mmcboot=mmc dev ${mmcdev}; if mmc rescan; then echo SD/MMC found on device ${mmcdev};if run loadbootscript; then run bootscript;else if run loadbootenv; then echo Loaded environment from ${bootenv};run importbootenv;fi;if test -n $uenvcmd; then echo Running uenvcmd ...;run uenvcmd;fi;if run loadimage; then run mmcloados;fi;fi ;fi;
mmcdev=0
mmcloados=run args_mmc; if test ${boot_fdt} = yes || test ${boot_fdt} = try; then if run loadfdt; then bootz ${loadaddr} - ${fdtaddr}; else if test ${boot_fdt} = try; then bootz; else echo WARN: Cannot load the DT; fi; fi; else bootz; fi;
mmcrootfstype=ext4 rootwait
mtdids=nand0=nand.0
mtdparts=mtdparts=nand.0:128k(NAND.SPL),128k(NAND.SPL.backup1),128k(NAND.SPL.backup2),128k(NAND.SPL.backup3),256k(NAND.u-boot-spl-os),1m(NAND.u-boot),128k(NAND.u-boot-env),128k(NAND.u-boot-env.backup1),8m(NAND.kernel),-(NAND.file-system)
nandargs=setenv bootargs console=${console} ${optargs} root=${nandroot} rootfstype=${nandrootfstype}
nandboot=echo Booting from nand ...; run nandargs; nand read ${fdtaddr} NAND.u-boot-spl-os; nand read ${loadaddr} NAND.kernel; bootz ${loadaddr} - ${fdtaddr}
nandroot=ubi0:rootfs rw ubi.mtd=NAND.file-system,2048
nandrootfstype=ubifs rootwait=1
netargs=setenv bootargs console=${console} ${optargs} root=/dev/nfs nfsroot=${serverip}:${rootpath},${nfsopts} rw ip=dhcp
netboot=echo Booting from network ...; setenv autoload no; dhcp; run netloadimage; run netloadfdt; run netargs; bootz ${loadaddr} - ${fdtaddr}
netloadfdt=tftp ${fdtaddr} ${fdtfile}
netloadimage=tftp ${loadaddr} ${bootfile}
netmask=255.255.255.0
nfsopts=nolock
partitions=uuid_disk=${uuid_gpt_disk};name=rootfs,start=2MiB,size=-,uuid=${uuid_gpt_rootfs}
ramargs=setenv bootargs console=${console} ${optargs} root=${ramroot} rootfstype=${ramrootfstype}
ramboot=echo Booting from ramdisk ...; run ramargs; bootz ${loadaddr} ${rdaddr} ${fdtaddr}
ramdisk_addr_r=0x88080000
ramroot=/dev/ram0 rw
ramrootfstype=ext2
rdaddr=0x88080000
rootpath=/export/rootfs
serverip=192.168.0.1
soc=am33xx
spiargs=setenv bootargs console=${console} ${optargs} root=${spiroot} rootfstype=${spirootfstype}
spiboot=echo Booting from spi ...; run spiargs; sf probe ${spibusno}:0; sf read ${loadaddr} ${spisrcaddr} ${spiimgsize}; bootz ${loadaddr}
spibusno=0
spiimgsize=0x362000
spiroot=/dev/mtdblock4 rw
spirootfstype=jffs2
spisrcaddr=0xe0000
static_ip=${ipaddr}:${serverip}:${gatewayip}:${netmask}:${hostname}::off
stderr=serial_omap
stdin=serial_omap
stdout=serial_omap
usbnet_devaddr=c8:a0:30:a0:62:c0
vendor=ti
ver=U-Boot 2015.07 (Sep 17 2015 - 01:00:56 -0400)
Environment size: 4918/131068 bytes
U-Boot# 
- 06:42:28 [INFO] Host: setenv bootargs ''${bootargs}' root=/dev/mmcblk0p2 rw rootfstype=ext3 rootwait '
- 06:42:28 [INFO] Target: 
setenv bootargs ''${bootargs}' root=/dev/mmcblk0p2 rw rootfstype=ext3 rootwait '
U-Boot# 
- 06:42:28 [INFO] Host: printenv
- 06:42:29 [INFO] Target: 
printenv
arch=arm
args_mmc=run finduuid;setenv bootargs console=${console} ${optargs} root=PARTUUID=${uuid} rw rootfstype=${mmcrootfstype}
autoload=no
baudrate=115200
board=am335x
board_name=A33515BB
board_rev=1.5B
boot_fdt=try
bootargs=console=ttyO0,115200n8 earlyprintk rootwait   ip=:::::eth0:dhcp  root=/dev/mmcblk0p2 rw rootfstype=ext3 rootwait 
bootcmd=
bootcount=1
bootdelay=1
bootdir=/boot
bootenv=uEnv.txt
bootfile=zImage
bootm_size=0x10000000
bootpart=0:2
bootscript=echo Running bootscript from mmc${mmcdev} ...; source ${loadaddr}
console=ttyO0,115200n8
cpu=armv7
dfu_alt_info_emmc=rawemmc raw 0 3751936
dfu_alt_info_mmc=boot part 0 1;rootfs part 0 2;MLO fat 0 1;MLO.raw raw 0x100 0x100;u-boot.img.raw raw 0x300 0x400;spl-os-args.raw raw 0x80 0x80;spl-os-image.raw raw 0x900 0x2000;spl-os-args fat 0 1;spl-os-image fat 0 1;u-boot.img fat 0 1;uEnv.txt fat 0 1
dfu_alt_info_nand=SPL part 0 1;SPL.backup1 part 0 2;SPL.backup2 part 0 3;SPL.backup3 part 0 4;u-boot part 0 5;u-boot-spl-os part 0 6;kernel part 0 8;rootfs part 0 9
dfu_alt_info_ram=kernel ram 0x80200000 0xD80000;fdt ram 0x80F80000 0x80000;ramdisk ram 0x81000000 0x4000000
dnsip=192.0.2.2
dnsip2=192.0.2.3
eth1addr=c8:a0:30:a0:62:c0
ethact=cpsw
ethaddr=c8:a0:30:a0:62:be
fdt_addr_r=0x88000000
fdtaddr=0x88000000
fdtfile=undefined
fileaddr=88000000
filesize=92d3
findfdt=if test $board_name = A335BONE; then setenv fdtfile am335x-bone.dtb; fi; if test $board_name = A335BNLT; then setenv fdtfile am335x-boneblack.dtb; fi; if test $board_name = A33515BB; then setenv fdtfile am335x-evm.dtb; fi; if test $board_name = A335X_SK; then setenv fdtfile am335x-evmsk.dtb; fi; if test $fdtfile = undefined; then echo WARNING: Could not determine device tree to use; fi; 
finduuid=part uuid mmc 0:2 uuid
gatewayip=192.168.0.1
importbootenv=echo Importing environment from mmc ...; env import -t -r $loadaddr $filesize
ipaddr=192.168.0.224
kernel_addr_r=0x82000000
loadaddr=0x82000000
loadbootenv=load mmc ${mmcdev} ${loadaddr} ${bootenv}
loadbootscript=load mmc ${mmcdev} ${loadaddr} boot.scr
loadfdt=load mmc ${bootpart} ${fdtaddr} ${bootdir}/${fdtfile}
loadimage=load mmc ${bootpart} ${loadaddr} ${bootdir}/${bootfile}
loadramdisk=load mmc ${mmcdev} ${rdaddr} ramdisk.gz
mmcboot=mmc dev ${mmcdev}; if mmc rescan; then echo SD/MMC found on device ${mmcdev};if run loadbootscript; then run bootscript;else if run loadbootenv; then echo Loaded environment from ${bootenv};run importbootenv;fi;if test -n $uenvcmd; then echo Running uenvcmd ...;run uenvcmd;fi;if run loadimage; then run mmcloados;fi;fi ;fi;
mmcdev=0
mmcloados=run args_mmc; if test ${boot_fdt} = yes || test ${boot_fdt} = try; then if run loadfdt; then bootz ${loadaddr} - ${fdtaddr}; else if test ${boot_fdt} = try; then bootz; else echo WARN: Cannot load the DT; fi; fi; else bootz; fi;
mmcrootfstype=ext4 rootwait
mtdids=nand0=nand.0
mtdparts=mtdparts=nand.0:128k(NAND.SPL),128k(NAND.SPL.backup1),128k(NAND.SPL.backup2),128k(NAND.SPL.backup3),256k(NAND.u-boot-spl-os),1m(NAND.u-boot),128k(NAND.u-boot-env),128k(NAND.u-boot-env.backup1),8m(NAND.kernel),-(NAND.file-system)
nandargs=setenv bootargs console=${console} ${optargs} root=${nandroot} rootfstype=${nandrootfstype}
nandboot=echo Booting from nand ...; run nandargs; nand read ${fdtaddr} NAND.u-boot-spl-os; nand read ${loadaddr} NAND.kernel; bootz ${loadaddr} - ${fdtaddr}
nandroot=ubi0:rootfs rw ubi.mtd=NAND.file-system,2048
nandrootfstype=ubifs rootwait=1
netargs=setenv bootargs console=${console} ${optargs} root=/dev/nfs nfsroot=${serverip}:${rootpath},${nfsopts} rw ip=dhcp
netboot=echo Booting from network ...; setenv autoload no; dhcp; run netloadimage; run netloadfdt; run netargs; bootz ${loadaddr} - ${fdtaddr}
netloadfdt=tftp ${fdtaddr} ${fdtfile}
netloadimage=tftp ${loadaddr} ${bootfile}
netmask=255.255.255.0
nfsopts=nolock
partitions=uuid_disk=${uuid_gpt_disk};name=rootfs,start=2MiB,size=-,uuid=${uuid_gpt_rootfs}
ramargs=setenv bootargs console=${console} ${optargs} root=${ramroot} rootfstype=${ramrootfstype}
ramboot=echo Booting from ramdisk ...; run ramargs; bootz ${loadaddr} ${rdaddr} ${fdtaddr}
ramdisk_addr_r=0x88080000
ramroot=/dev/ram0 rw
ramrootfstype=ext2
rdaddr=0x88080000
rootpath=/export/rootfs
serverip=192.168.0.1
soc=am33xx
spiargs=setenv bootargs console=${console} ${optargs} root=${spiroot} rootfstype=${spirootfstype}
spiboot=echo Booting from spi ...; run spiargs; sf probe ${spibusno}:0; sf read ${loadaddr} ${spisrcaddr} ${spiimgsize}; bootz ${loadaddr}
spibusno=0
spiimgsize=0x362000
spiroot=/dev/mtdblock4 rw
spirootfstype=jffs2
spisrcaddr=0xe0000
static_ip=${ipaddr}:${serverip}:${gatewayip}:${netmask}:${hostname}::off
stderr=serial_omap
stdin=serial_omap
stdout=serial_omap
usbnet_devaddr=c8:a0:30:a0:62:c0
vendor=ti
ver=U-Boot 2015.07 (Sep 17 2015 - 01:00:56 -0400)
Environment size: 4967/131068 bytes
U-Boot# 
- 06:42:29 [INFO] Host: setenv bootcmd ''${bootcmd}' if iminfo ${loadaddr}; then bootm ${loadaddr} - ${fdt_addr_r}; else bootz ${loadaddr} - ${fdt_addr_r}; bootm ${loadaddr} - ${fdt_addr_r}; fi'
- 06:42:29 [INFO] Target: 
setenv bootcmd ''${bootcmd}' if iminfo ${loadaddr}; then bootm ${loadaddr} - ${fdt_addr_r}; else bootz ${loadaddr} - ${fdt_addr_r}; bootm ${loadaddr} - ${fdt_addr_r}; fi'
U-Boot# 
- 06:42:29 [INFO] Host: version
- 06:42:29 [INFO] Target: 
version
U-Boot 2015.07 (Sep 17 2015 - 01:00:56 -0400)
arm-linux-gnueabihf-gcc (Linaro GCC 4.9-2015.05) 4.9.3 20150413 (prerelease)
GNU ld (GNU Binutils) Linaro 2014.11-3-git 2.24.0.20141017
U-Boot# 
- 06:42:29 [INFO] Host: bdinfo
- 06:42:29 [INFO] Target: 
bdinfo
arch_number = 0x00000E05
boot_params = 0x80000100
DRAM bank   = 0x00000000
-> start    = 0x80000000
-> size     = 0x40000000
eth0name    = cpsw
ethaddr     = c8:a0:30:a0:62:be
eth1name    = usb_ether
eth1addr    = c8:a0:30:a0:62:c0
current eth = cpsw
ip_addr     = 192.168.0.224
baudrate    = 115200 bps
TLB addr    = 0xBFFF0000
relocaddr   = 0xBFF53000
reloc off   = 0x3F753000
irq_sp      = 0xBEF32EC0
sp start    = 0xBEF32EB0
U-Boot# 
- 06:42:29 [INFO] Host: mmc rescan; echo $?
- 06:42:29 [INFO] Target: 
mmc rescan; echo $?
U-Boot# 
- 06:42:29 [INFO] Host: fatwrite mmc ${mmcdev}:1 ${loadaddr} ws-calibrate.rules 4
- 06:42:29 [INFO] Target: 
fatwrite mmc ${mmcdev}:1 ${loadaddr} ws-calibrate.rules 4
writing ws-calibrate.rules
4 bytes written
U-Boot# 
- 06:42:29 [INFO] Host: boot
- 06:44:59 [ERROR] On command: boot waiting for boot.+?(?-mix:login:) >>> error: execution expired
- 06:44:59 [INFO] Target: 
boot
## Checking Image at 82000000 ...
Unknown image format!
Kernel image @ 0x82000000 [ 0x000000 - 0x368a40 ]
## Flattened Device Tree blob at 88000000
   Booting using the fdt blob at 0x88000000
   Loading Device Tree to 8fff3000, end 8ffff2d2 ... OK
Starting kernel ...
[    0.000000] Booting Linux on physical CPU 0x0
[    0.000000] Initializing cgroup subsys cpuset
[    0.000000] Initializing cgroup subsys cpu
[    0.000000] Initializing cgroup subsys cpuacct
[    0.000000] Linux version 4.3.0-rc2-next-20150921-00002-g37e097fd14bd (nmenon@kahuna) (gcc version 4.6.3 (Ubuntu/Linaro 4.6.3-1ubuntu5) ) #1 SMP Mon Sep 21 05:42:33 CDT 2015
[    0.000000] CPU: ARMv7 Processor [413fc082] revision 2 (ARMv7), cr=10c5387d
[    0.000000] CPU: PIPT / VIPT nonaliasing data cache, VIPT aliasing instruction cache
[    0.000000] Machine model: TI AM335x EVM
[    0.000000] cma: Reserved 16 MiB at 0xbe800000
[    0.000000] Memory policy: Data cache writeback
[    0.000000] CPU: All CPU(s) started in SVC mode.
[    0.000000] AM335X ES2.1 (sgx neon )
[    0.000000] PERCPU: Embedded 14 pages/cpu @ef6bb000 s25152 r8192 d24000 u57344
[    0.000000] Built 1 zonelists in Zone order, mobility grouping on.  Total pages: 259904
[    0.000000] Kernel command line: console=ttyO0,115200n8 earlyprintk rootwait   ip=:::::eth0:dhcp  root=/dev/mmcblk0p2 rw rootfstype=ext3 rootwait 
[    0.000000] PID hash table entries: 4096 (order: 2, 16384 bytes)
[    0.000000] Dentry cache hash table entries: 131072 (order: 7, 524288 bytes)
[    0.000000] Inode-cache hash table entries: 65536 (order: 6, 262144 bytes)
[    0.000000] Memory: 1001544K/1046528K available (6569K kernel code, 745K rwdata, 2228K rodata, 456K init, 8263K bss, 28600K reserved, 16384K cma-reserved, 243712K highmem)
[    0.000000] Virtual kernel memory layout:
[    0.000000]     vector  : 0xffff0000 - 0xffff1000   (   4 kB)
[    0.000000]     fixmap  : 0xffc00000 - 0xfff00000   (3072 kB)
[    0.000000]     vmalloc : 0xf0800000 - 0xff800000   ( 240 MB)
[    0.000000]     lowmem  : 0xc0000000 - 0xf0000000   ( 768 MB)
[    0.000000]     pkmap   : 0xbfe00000 - 0xc0000000   (   2 MB)
[    0.000000]     modules : 0xbf000000 - 0xbfe00000   (  14 MB)
[    0.000000]       .text : 0xc0008000 - 0xc089f858   (8799 kB)
[    0.000000]       .init : 0xc08a0000 - 0xc0912000   ( 456 kB)
[    0.000000]       .data : 0xc0912000 - 0xc09cc718   ( 746 kB)
[    0.000000]        .bss : 0xc09cf000 - 0xc11e0ff0   (8264 kB)
[    0.000000] Running RCU self tests
[    0.000000] Hierarchical RCU implementation.
[    0.000000] 	RCU lockdep checking is enabled.
[    0.000000] 	Build-time adjustment of leaf fanout to 32.
[    0.000000] 	RCU restricting CPUs from NR_CPUS=2 to nr_cpu_ids=1.
[    0.000000] RCU: Adjusting geometry for rcu_fanout_leaf=32, nr_cpu_ids=1
[    0.000000] NR_IRQS:16 nr_irqs:16 16
[    0.000000] IRQ: Found an INTC at 0xfa200000 (revision 5.0) with 128 interrupts
[    0.000000] OMAP clockevent source: timer2 at 24000000 Hz
[    0.000015] sched_clock: 32 bits at 24MHz, resolution 41ns, wraps every 89478484971ns
[    0.000039] clocksource: timer1: mask: 0xffffffff max_cycles: 0xffffffff, max_idle_ns: 79635851949 ns
[    0.000090] OMAP clocksource: timer1 at 24000000 Hz
[    0.000970] Console: colour dummy device 80x30
[    0.001031] Lock dependency validator: Copyright (c) 2006 Red Hat, Inc., Ingo Molnar
[    0.001041] ... MAX_LOCKDEP_SUBCLASSES:  8
[    0.001049] ... MAX_LOCK_DEPTH:          48
[    0.001056] ... MAX_LOCKDEP_KEYS:        8191
[    0.001063] ... CLASSHASH_SIZE:          4096
[    0.001070] ... MAX_LOCKDEP_ENTRIES:     32768
[    0.001078] ... MAX_LOCKDEP_CHAINS:      65536
[    0.001085] ... CHAINHASH_SIZE:          32768
[    0.001092]  memory used by lock dependency info: 5167 kB
[    0.001100]  per task-struct memory footprint: 1536 bytes
[    0.001132] Calibrating delay loop... 996.14 BogoMIPS (lpj=4980736)
[    0.078733] pid_max: default: 32768 minimum: 301
[    0.079116] Security Framework initialized
[    0.079253] Mount-cache hash table entries: 2048 (order: 1, 8192 bytes)
[    0.079269] Mountpoint-cache hash table entries: 2048 (order: 1, 8192 bytes)
[    0.082396] Initializing cgroup subsys io
[    0.082515] Initializing cgroup subsys memory
[    0.082619] Initializing cgroup subsys devices
[    0.082708] Initializing cgroup subsys freezer
[    0.082847] Initializing cgroup subsys perf_event
[    0.082918] CPU: Testing write buffer coherency: ok
[    0.084470] CPU0: thread -1, cpu 0, socket -1, mpidr 0
[    0.084607] Setting up static identity map for 0x80008280 - 0x800082f0
[    0.089126] Brought up 1 CPUs
[    0.089154] SMP: Total of 1 processors activated (996.14 BogoMIPS).
[    0.089165] CPU: All CPU(s) started in SVC mode.
[    0.093157] devtmpfs: initialized
[    0.129810] VFP support v0.3: implementor 41 architecture 3 part 30 variant c rev 3
[    0.174622] omap_hwmod: tptc0 using broken dt data from edma
[    0.175112] omap_hwmod: tptc1 using broken dt data from edma
[    0.175575] omap_hwmod: tptc2 using broken dt data from edma
[    0.184685] omap_hwmod: debugss: _wait_target_disable failed
[    0.240128] clocksource: jiffies: mask: 0xffffffff max_cycles: 0xffffffff, max_idle_ns: 19112604462750000 ns
[    0.242935] pinctrl core: initialized pinctrl subsystem
[    0.248430] NET: Registered protocol family 16
[    0.253813] DMA: preallocated 256 KiB pool for atomic coherent allocations
[    0.255948] cpuidle: using governor ladder
[    0.255979] cpuidle: using governor menu
[    0.265485] OMAP GPIO hardware version 0.1
[    0.285140] omap-gpmc 50000000.gpmc: could not find pctldev for node /ocp/l4_wkup@44c00000/scm@210000/pinmux@800/nandflash_pins_s0, deferring probe
[    0.291124] No ATAGs?
[    0.291159] hw-breakpoint: debug architecture 0x4 unsupported.
[    0.293473] omap4_sram_init:Unable to allocate sram needed to handle errata I688
[    0.293497] omap4_sram_init:Unable to get sram pool needed to handle errata I688
[    0.335563] edma-dma-engine edma-dma-engine.0: TI EDMA DMA engine driver
[    0.341909] SCSI subsystem initialized
[    0.343853] omap_i2c 44e0b000.i2c: could not find pctldev for node /ocp/l4_wkup@44c00000/scm@210000/pinmux@800/pinmux_i2c0_pins, deferring probe
[    0.343956] omap_i2c 4802a000.i2c: could not find pctldev for node /ocp/l4_wkup@44c00000/scm@210000/pinmux@800/pinmux_i2c1_pins, deferring probe
[    0.344239] pps_core: LinuxPPS API ver. 1 registered
[    0.344250] pps_core: Software ver. 5.3.6 - Copyright 2005-2007 Rodolfo Giometti <giometti@linux.it>
[    0.344303] PTP clock support registered
[    0.348620] clocksource: Switched to clocksource timer1
[    0.494733] NET: Registered protocol family 2
[    0.496897] TCP established hash table entries: 8192 (order: 3, 32768 bytes)
[    0.497064] TCP bind hash table entries: 8192 (order: 6, 294912 bytes)
[    0.499856] TCP: Hash tables configured (established 8192 bind 8192)
[    0.500176] UDP hash table entries: 512 (order: 3, 40960 bytes)
[    0.500541] UDP-Lite hash table entries: 512 (order: 3, 40960 bytes)
[    0.501669] NET: Registered protocol family 1
[    0.503516] RPC: Registered named UNIX socket transport module.
[    0.503540] RPC: Registered udp transport module.
[    0.503550] RPC: Registered tcp transport module.
[    0.503560] RPC: Registered tcp NFSv4.1 backchannel transport module.
[    0.506180] hw perfevents: enabled with armv7_cortex_a8 PMU driver, 5 counters available
[    0.511124] futex hash table entries: 256 (order: 2, 16384 bytes)
[    0.511385] audit: initializing netlink subsys (disabled)
[    0.511667] audit: type=2000 audit(0.500:1): initialized
[    0.516104] VFS: Disk quotas dquot_6.6.0
[    0.516274] VFS: Dquot-cache hash table entries: 1024 (order 0, 4096 bytes)
[    0.519142] NFS: Registering the id_resolver key type
[    0.519577] Key type id_resolver registered
[    0.519592] Key type id_legacy registered
[    0.519794] jffs2: version 2.2. (NAND) (SUMMARY)   2001-2006 Red Hat, Inc.
[    0.525819] bounce: pool size: 64 pages
[    0.526001] io scheduler noop registered
[    0.526023] io scheduler deadline registered
[    0.526082] io scheduler cfq registered (default)
[    0.528424] pinctrl-single 44e10800.pinmux: 142 pins at pa f9e10800 size 568
[    0.532990] Serial: 8250/16550 driver, 4 ports, IRQ sharing enabled
[    0.539292] omap_uart 44e09000.serial: no wakeirq for uart0
[    0.539992] 44e09000.serial: ttyO0 at MMIO 0x44e09000 (irq = 155, base_baud = 3000000) is a OMAP UART0
[    1.302580] console [ttyO0] enabled
[    1.308880] omap_uart 48022000.serial: no wakeirq for uart1
[    1.315074] 48022000.serial: ttyO1 at MMIO 0x48022000 (irq = 156, base_baud = 3000000) is a OMAP UART1
[    1.364165] brd: module loaded
[    1.390748] loop: module loaded
[    1.396859] mtdoops: mtd device (mtddev=name/number) must be supplied
[    1.410540] mousedev: PS/2 mouse device common for all mice
[    1.416395] i2c /dev entries driver
[    1.421904] omap_hsmmc 48060000.mmc: Got CD GPIO
[    1.549152] ledtrig-cpu: registered to indicate activity on CPUs
[    1.556678] oprofile: using arm/armv7
[    1.561502] Initializing XFRM netlink socket
[    1.566446] NET: Registered protocol family 10
[    1.575375] sit: IPv6 over IPv4 tunneling driver
[    1.582763] NET: Registered protocol family 17
[    1.587502] NET: Registered protocol family 15
[    1.592666] Key type dns_resolver registered
[    1.597365] omap_voltage_late_init: Voltage driver support not added
[    1.604089] sr_dev_init: No voltage domain specified for smartreflex0. Cannot initialize
[    1.612570] sr_dev_init: No voltage domain specified for smartreflex1. Cannot initialize
[    1.622276] ThumbEE CPU extension supported.
[    1.626782] Registering SWP/SWPB emulation handler
[    1.631883] SmartReflex Class3 initialized
[    1.642430] omap_hsmmc 47810000.mmc: card claims to support voltages below defined range
[    1.655105] omap-gpmc 50000000.gpmc: GPMC revision 6.0
[    1.660874] gpmc_mem_init: disabling cs 0 mapped at 0x0-0x1000000
[    1.669146] nand: device found, Manufacturer ID: 0x2c, Chip ID: 0xda
[    1.675794] nand: Micron MT29F2G08ABAEAWP
[    1.680029] nand: 256 MiB, SLC, erase size: 128 KiB, page size: 2048, OOB size: 64
[    1.688011] nand: using OMAP_ECC_BCH8_CODE_HW ECC scheme
[    1.693826] 10 ofpart partitions found on MTD device omap2-nand.0
[    1.700225] Creating 10 MTD partitions on "omap2-nand.0":
[    1.705874] 0x000000000000-0x000000020000 : "NAND.SPL"
[    1.720015] 0x000000020000-0x000000040000 : "NAND.SPL.backup1"
[    1.731049] 0x000000040000-0x000000060000 : "NAND.SPL.backup2"
[    1.741993] 0x000000060000-0x000000080000 : "NAND.SPL.backup3"
[    1.752837] 0x000000080000-0x0000000c0000 : "NAND.u-boot-spl-os"
[    1.763778] 0x0000000c0000-0x0000001c0000 : "NAND.u-boot"
[    1.774696] 0x0000001c0000-0x0000001e0000 : "NAND.u-boot-env"
[    1.788563] mmc0: queuing unknown CIS tuple 0x91 (3 bytes)
[    1.795290] 0x0000001e0000-0x000000200000 : "NAND.u-boot-env.backup1"
[    1.806568] mmc0: new SDIO card at address 0001
[    1.818300] 0x000000200000-0x000000a00000 : "NAND.kernel"
[    1.835041] 0x000000a00000-0x000010000000 : "NAND.file-system"
[    2.079896] tps65910 0-002d: No interrupt support, no core IRQ
[    2.131994] omap_i2c 44e0b000.i2c: bus 0 rev0.11 at 400 kHz
[    2.142445] omap_i2c 4802a000.i2c: bus 1 rev0.11 at 100 kHz
[    2.149549] omap_hsmmc 48060000.mmc: Got CD GPIO
[    2.155157] vmmc: supplied by vbat
[    2.258563] davinci_mdio 4a101000.mdio: davinci mdio revision 1.6
[    2.264978] davinci_mdio 4a101000.mdio: detected phy mask fffffffe
[    2.276428] libphy: 4a101000.mdio: probed
[    2.280781] davinci_mdio 4a101000.mdio: phy[0]: device 4a101000.mdio:00, driver Atheros 8031 ethernet
[    2.291846] cpsw 4a100000.ethernet: Detected MACID = c8:a0:30:a0:62:be
[    2.302734] hctosys: unable to open rtc device (rtc0)
[    2.308038] sr_init: No PMIC hook to init smartreflex
[    2.313757] sr_init: platform driver register failed for SR
[    2.342256] net eth0: initializing cpsw version 1.12 (0)
[    2.358207] mmc1: host does not support reading read-only switch, assuming write-enable
[    2.370578] mmc1: new high speed SDHC card at address e624
[    2.379403] mmcblk0: mmc1:e624 SD04G 3.69 GiB 
[    2.391667]  mmcblk0: p1 p2 p3
[    2.429287] net eth0: phy found : id is : 0x4dd074
[    2.434496] libphy: PHY 4a101000.mdio:01 not found
[    2.439555] net eth0: phy 4a101000.mdio:01 not found on slave 1
[    2.454032] IPv6: ADDRCONF(NETDEV_UP): eth0: link is not ready
[    6.429454] cpsw 4a100000.ethernet eth0: Link is Up - 1Gbps/Full - flow control rx/tx
[    6.438643] IPv6: ADDRCONF(NETDEV_CHANGE): eth0: link becomes ready
[    6.458532] Sending DHCP requests ., OK
[    6.479085] IP-Config: Got DHCP answer from 192.168.0.1, my address is 192.168.0.224
[    6.487671] IP-Config: Complete:
[    6.491159]      device=eth0, hwaddr=c8:a0:30:a0:62:be, ipaddr=192.168.0.224, mask=255.255.255.0, gw=192.168.0.1
[    6.501817]      host=192.168.0.224, domain=ti.com, nis-domain=(none)
[    6.508564]      bootserver=0.0.0.0, rootserver=0.0.0.0, rootpath=
[    6.514835]      nameserver0=192.0.2.2, nameserver1=192.0.2.3
[    6.521282] lis3_reg: disabling
[    6.524571] wlan-en-regulator: disabling
[    6.538032] EXT4-fs (mmcblk0p2): couldn't mount as ext3 due to feature incompatibilities
[    6.549002] EXT4-fs (mmcblk0p2): couldn't mount as ext3 due to feature incompatibilities
[    6.557678] List of all partitions:
[    6.561727] 0100           16384 ram0  (driver?)
[    6.566582] 0101           16384 ram1  (driver?)
[    6.571485] 0102           16384 ram2  (driver?)
[    6.576321] 0103           16384 ram3  (driver?)
[    6.581198] 0104           16384 ram4  (driver?)
[    6.586033] 0105           16384 ram5  (driver?)
[    6.590899] 0106           16384 ram6  (driver?)
[    6.595734] 0107           16384 ram7  (driver?)
[    6.600595] 0108           16384 ram8  (driver?)
[    6.605431] 0109           16384 ram9  (driver?)
[    6.610290] 010a           16384 ram10  (driver?)
[    6.615217] 010b           16384 ram11  (driver?)
[    6.620168] 010c           16384 ram12  (driver?)
[    6.625094] 010d           16384 ram13  (driver?)
[    6.630060] 010e           16384 ram14  (driver?)
[    6.634987] 010f           16384 ram15  (driver?)
[    6.639955] 1f00             128 mtdblock0  (driver?)
[    6.645245] 1f01             128 mtdblock1  (driver?)
[    6.650588] 1f02             128 mtdblock2  (driver?)
[    6.655878] 1f03             128 mtdblock3  (driver?)
[    6.661195] 1f04             256 mtdblock4  (driver?)
[    6.666484] 1f05            1024 mtdblock5  (driver?)
[    6.671800] 1f06             128 mtdblock6  (driver?)
[    6.677089] 1f07             128 mtdblock7  (driver?)
[    6.682403] 1f08            8192 mtdblock8  (driver?)
[    6.687692] 1f09          251904 mtdblock9  (driver?)
[    6.693005] b300         3872256 mmcblk0  driver: mmcblk
[    6.698593]   b301           16064 mmcblk0p1 00000000-01
[    6.704152]   b302         2024190 mmcblk0p2 00000000-02
[    6.709732]   b303         1831410 mmcblk0p3 00000000-03
[    6.715288] No filesystem could mount root, tried:  ext3
[    6.721023] Kernel panic - not syncing: VFS: Unable to mount root fs on unknown-block(179,2)
[    6.729982] ---[ end Kernel panic - not syncing: VFS: Unable to mount root fs on unknown-block(179,2)
[   79.538671] random: nonblocking pool is initialized
- 06:44:59 [INFO] Boot attempt 1/1 failed
URL:gtsystest.telogy.design.ti.com/vatf/tigtfarm08/tigtfarm08_vatf@am335x-evm/tigtfarm0809_21_2015_06_42_02/files/session_iteration_1/test_1
