- 09:51:34 [INFO] Starting target session
- 09:51:34 [INFO] Connected to am335x-sk via serial 
- 09:51:34 [INFO] Host: 
- 09:51:36 [ERROR] On command:  waiting for (?-mix:login:) >>> error: execution expired
- 09:51:36 [INFO] Target: 

root@am335x-evm:/test# 
- 09:51:36 [INFO] Host: 
- 09:51:36 [INFO] Target: 

root@am335x-evm:/test# 
- 09:51:36 [INFO] Host: sync;poweroff
- 09:51:51 [INFO] Target: 
sync;poweroff


Broadcast message from root@am335x-evm (ttyO0) (Thu Apr 24 23:57:49 2014):



The system is going down for system halt NOW!


INIT: Switching to runlevw
INIT: root@am335x-evm:/test# Sending processes the TERM signal


INIT: Sending processes tStopping telnet daemon.
Stopping system message bus: dbus.
Stopping syslogd/klogd: stopped syslogd (pid 1220)
stopped klogd (pid 1221)
done
Stopping thttpd.
ALSA: Storing mixer settings...
/usr/sbin/alsactl: save_state:1590: No soundcards found...
Deconfiguring network interfaces... done.
Sending all processes the TERM signal...
Sending all processes the KILL signal...
Unmounting remote filesystems...
Deactivating swap...
Unmounting local filesystems...
[ 9674.546109] reboot: System halted

- 09:52:29 [INFO] Disconnected serial from am335x-sk
- 09:52:29 [INFO] Connected to am335x-sk via serial 
- 09:52:29 [INFO] Host: 
- 09:52:29 [INFO] Target: 
NAND:  0 MiB
MMC:   OMAP SD/MMC: 0, OMAP SD/MMC: 1
*** Error - No Valid Environment Area found
*** Warning - bad CRC, using default environment

Net:   <ethaddr> not set. Validating first E-fuse MAC
cpsw, usb_ether
Hit any key to stop autoboot:  3  0 
U-Boot# 
- 09:52:29 [INFO] Host: 
- 09:52:30 [INFO] Target: 

U-Boot# 
- 09:52:30 [INFO] Host: version
- 09:52:30 [INFO] Target: 
version

U-Boot 2013.10-g310aa48 (Dec 15 2013 - 22:31:18)
arm-linux-gnueabihf-gcc (crosstool-NG linaro-1.13.1-4.7-2013.03-20130313 - Linaro GCC 2013.03) 4.7.3 20130226 (prerelease)
GNU ld (crosstool-NG linaro-1.13.1-4.7-2013.03-20130313 - Linaro GCC 2013.03) 2.23.1
U-Boot# 
- 09:52:30 [INFO] Host: setenv bootargs 'console=ttyO0,115200n8 earlyprintk rootwait '
- 09:52:31 [INFO] Target: 
setenv bootargs 'console=ttyO0,115200n8 earlyprintk rootwait '
U-Boot# 
- 09:52:31 [INFO] Host: setenv bootcmd  ''
- 09:52:31 [INFO] Target: 
setenv bootcmd  ''
U-Boot# 
- 09:52:31 [INFO] Host: setenv autoload 'no'
- 09:52:32 [INFO] Target: 
setenv autoload 'no'
U-Boot# 
- 09:52:32 [INFO] Host: setenv serverip '192.168.0.1'
- 09:52:32 [INFO] Target: 
setenv serverip '192.168.0.1'
U-Boot# 
- 09:52:32 [INFO] Host: printenv
- 09:52:33 [INFO] Target: 
printenv
arch=arm
autoload=no
baudrate=115200
board=am335x
board_name=A335X_SK
board_rev=1.2C
boot_fdt=try
boot_targets= mmc0 nand 
bootargs=console=ttyO0,115200n8 earlyprintk rootwait 
bootcmd=
bootcmd_mmc0=setenv devnum 0; setenv rootpart 2; run mmc_boot;
bootcmd_nand=run nandboot;
bootdelay=3
bootdir=/boot
bootenv=uEnv.txt
bootfile=zImage
bootpart=0:2
console=ttyO0,115200n8
cpu=armv7
dfu_alt_info_emmc=rawemmc mmc 0 3751936
dfu_alt_info_mmc=boot part 0 1;rootfs part 0 2;MLO fat 0 1;MLO.raw mmc 100 100;u-boot.img.raw mmc 300 400;spl-os-args.raw mmc 80 80;spl-os-image.raw mmc 900 2000;spl-os-args fat 0 1;spl-os-image fat 0 1;u-boot.img fat 0 1;uEnv.txt fat 0 1
dfu_alt_info_nand=SPL part 0 1;SPL.backup1 part 0 2;SPL.backup2 part 0 3;SPL.backup3 part 0 4;u-boot part 0 5;u-boot-spl-os part 0 6;kernel part 0 8;rootfs part 0 9
dfu_alt_info_ram=kernel ram 0x80200000 0xD80000;fdt ram 0x80F80000 0x80000;ramdisk ram 0x81000000 0x4000000
eth1addr=c8:a0:30:a1:db:5a
ethact=cpsw
ethaddr=c8:a0:30:a1:db:58
fdt_high=0xa0000000
fdtaddr=0x80F80000
fdtfile=undefined
findfdt=if test $board_name = A335BONE; then setenv fdtfile am335x-bone.dtb; fi; if test $board_name = A335BNLT; then setenv fdtfile am335x-boneblack.dtb; fi; if test $board_name = A33515BB; then setenv fdtfile am335x-evm.dtb; fi; if test $board_name = A335X_SK; then setenv fdtfile am335x-evmsk.dtb; fi; if test $fdtfile = undefined; then echo WARNING: Could not determine device tree to use; fi; 
importbootenv=echo Importing environment from mmc ...; env import -t $loadaddr $filesize
loadaddr=0x80200000
loadbootenv=load mmc ${mmcdev} ${loadaddr} ${bootenv}
loadfdt=load mmc ${bootpart} ${fdtaddr} ${bootdir}/${fdtfile}
loadimage=load mmc ${bootpart} ${loadaddr} ${bootdir}/${bootfile}
loadramdisk=load mmc ${mmcdev} ${rdaddr} ramdisk.gz
mmc_boot=setenv devtype mmc; if mmc dev ${devnum}; then run mmcargs;run scan_boot; run mmcboot;setenv mmcdev 1; setenv bootpart 1:2; run mmcboot;fi
mmcargs=setenv bootargs console=${console} ${optargs} root=${mmcroot} rootfstype=${mmcrootfstype}
mmcboot=mmc dev ${mmcdev}; if mmc rescan; then echo SD/MMC found on device ${mmcdev};if run loadbootenv; then echo Loaded environment from ${bootenv};run importbootenv;fi;if test -n $uenvcmd; then echo Running uenvcmd ...;run uenvcmd;fi;if run loadimage; then run mmcloados;fi;fi;
mmcdev=0
mmcloados=run mmcargs; if test ${boot_fdt} = yes || test ${boot_fdt} = try; then if run loadfdt; then bootz ${loadaddr} - ${fdtaddr}; else if test ${boot_fdt} = try; then bootz; else echo WARN: Cannot load the DT; fi; fi; else bootz; fi;
mmcroot=/dev/mmcblk0p2 ro
mmcrootfstype=ext4 rootwait
mtdids=nand0=nand.0
mtdparts=mtdparts=nand.0:128k(SPL),128k(SPL.backup1),128k(SPL.backup2),640k(SPL.backup3),1m(u-boot),512k(u-boot-spl-os),256k(u-boot-env),256k(u-boot-env.backup1),5m(kernel),-(rootfs)
nandargs=setenv bootargs console=${console} ${optargs} root=${nandroot} rootfstype=${nandrootfstype}
nandboot=echo Booting from nand ...; run nandargs; nand read ${fdtaddr} u-boot-spl-os; nand read ${loadaddr} kernel; bootz ${loadaddr} - ${fdtaddr}
nandroot=ubi0:rootfs rw ubi.mtd=9,2048
nandrootfstype=ubifs rootwait=1
netargs=setenv bootargs console=${console} ${optargs} root=/dev/nfs nfsroot=${serverip}:${rootpath},${nfsopts} rw ip=dhcp
netboot=echo Booting from network ...; setenv autoload no; dhcp; tftp ${loadaddr} ${bootfile}; tftp ${fdtaddr} ${fdtfile}; run netargs; bootz ${loadaddr} - ${fdtaddr}
nfsopts=nolock
ramargs=setenv bootargs console=${console} ${optargs} root=${ramroot} rootfstype=${ramrootfstype}
ramboot=echo Booting from ramdisk ...; run ramargs; bootz ${loadaddr} ${rdaddr} ${fdtaddr}
ramroot=/dev/ram0 rw ramdisk_size=65536 initrd=${rdaddr},64M
ramrootfstype=ext2
rdaddr=0x81000000
rootpart=2
rootpath=/export/rootfs
scan_boot=echo Scanning ${devtype} ${devnum}...; for prefix in ${bootdir}; do for script in ${bootfile}; do run script_boot; done; done;
script_boot=if load ${devtype} ${devnum}:${rootpart} ${loadaddr} ${bootdir}/${bootfile}; then run findfdt; load ${devtype} ${devnum}:${rootpart} ${fdtaddr} ${bootdir}/${fdtfile};fi;
serverip=192.168.0.1
soc=am33xx
spiargs=setenv bootargs console=${console} ${optargs} root=${spiroot} rootfstype=${spirootfstype}
spiboot=echo Booting from spi ...; run spiargs; sf probe ${spibusno}:0; sf read ${loadaddr} ${spisrcaddr} ${spiimgsize}; bootz ${loadaddr}
spibusno=0
spiimgsize=0x362000
spiroot=/dev/mtdblock4 rw
spirootfstype=jffs2
spisrcaddr=0xe0000
static_ip=${ipaddr}:${serverip}:${gatewayip}:${netmask}:${hostname}::off
stderr=serial
stdin=serial
stdout=serial
usbnet_devaddr=c8:a0:30:a1:db:5a
vendor=ti
ver=U-Boot 2013.10-g310aa48 (Dec 15 2013 - 22:31:18)

Environment size: 4823/131067 bytes
U-Boot# 
- 09:52:33 [INFO] Host: printenv
- 09:52:33 [INFO] Target: 
printenv
arch=arm
autoload=no
baudrate=115200
board=am335x
board_name=A335X_SK
board_rev=1.2C
boot_fdt=try
boot_targets= mmc0 nand 
bootargs=console=ttyO0,115200n8 earlyprintk rootwait 
bootcmd=
bootcmd_mmc0=setenv devnum 0; setenv rootpart 2; run mmc_boot;
bootcmd_nand=run nandboot;
bootdelay=3
bootdir=/boot
bootenv=uEnv.txt
bootfile=zImage
bootpart=0:2
console=ttyO0,115200n8
cpu=armv7
dfu_alt_info_emmc=rawemmc mmc 0 3751936
dfu_alt_info_mmc=boot part 0 1;rootfs part 0 2;MLO fat 0 1;MLO.raw mmc 100 100;u-boot.img.raw mmc 300 400;spl-os-args.raw mmc 80 80;spl-os-image.raw mmc 900 2000;spl-os-args fat 0 1;spl-os-image fat 0 1;u-boot.img fat 0 1;uEnv.txt fat 0 1
dfu_alt_info_nand=SPL part 0 1;SPL.backup1 part 0 2;SPL.backup2 part 0 3;SPL.backup3 part 0 4;u-boot part 0 5;u-boot-spl-os part 0 6;kernel part 0 8;rootfs part 0 9
dfu_alt_info_ram=kernel ram 0x80200000 0xD80000;fdt ram 0x80F80000 0x80000;ramdisk ram 0x81000000 0x4000000
eth1addr=c8:a0:30:a1:db:5a
ethact=cpsw
ethaddr=c8:a0:30:a1:db:58
fdt_high=0xa0000000
fdtaddr=0x80F80000
fdtfile=undefined
findfdt=if test $board_name = A335BONE; then setenv fdtfile am335x-bone.dtb; fi; if test $board_name = A335BNLT; then setenv fdtfile am335x-boneblack.dtb; fi; if test $board_name = A33515BB; then setenv fdtfile am335x-evm.dtb; fi; if test $board_name = A335X_SK; then setenv fdtfile am335x-evmsk.dtb; fi; if test $fdtfile = undefined; then echo WARNING: Could not determine device tree to use; fi; 
importbootenv=echo Importing environment from mmc ...; env import -t $loadaddr $filesize
loadaddr=0x80200000
loadbootenv=load mmc ${mmcdev} ${loadaddr} ${bootenv}
loadfdt=load mmc ${bootpart} ${fdtaddr} ${bootdir}/${fdtfile}
loadimage=load mmc ${bootpart} ${loadaddr} ${bootdir}/${bootfile}
loadramdisk=load mmc ${mmcdev} ${rdaddr} ramdisk.gz
mmc_boot=setenv devtype mmc; if mmc dev ${devnum}; then run mmcargs;run scan_boot; run mmcboot;setenv mmcdev 1; setenv bootpart 1:2; run mmcboot;fi
mmcargs=setenv bootargs console=${console} ${optargs} root=${mmcroot} rootfstype=${mmcrootfstype}
mmcboot=mmc dev ${mmcdev}; if mmc rescan; then echo SD/MMC found on device ${mmcdev};if run loadbootenv; then echo Loaded environment from ${bootenv};run importbootenv;fi;if test -n $uenvcmd; then echo Running uenvcmd ...;run uenvcmd;fi;if run loadimage; then run mmcloados;fi;fi;
mmcdev=0
mmcloados=run mmcargs; if test ${boot_fdt} = yes || test ${boot_fdt} = try; then if run loadfdt; then bootz ${loadaddr} - ${fdtaddr}; else if test ${boot_fdt} = try; then bootz; else echo WARN: Cannot load the DT; fi; fi; else bootz; fi;
mmcroot=/dev/mmcblk0p2 ro
mmcrootfstype=ext4 rootwait
mtdids=nand0=nand.0
mtdparts=mtdparts=nand.0:128k(SPL),128k(SPL.backup1),128k(SPL.backup2),640k(SPL.backup3),1m(u-boot),512k(u-boot-spl-os),256k(u-boot-env),256k(u-boot-env.backup1),5m(kernel),-(rootfs)
nandargs=setenv bootargs console=${console} ${optargs} root=${nandroot} rootfstype=${nandrootfstype}
nandboot=echo Booting from nand ...; run nandargs; nand read ${fdtaddr} u-boot-spl-os; nand read ${loadaddr} kernel; bootz ${loadaddr} - ${fdtaddr}
nandroot=ubi0:rootfs rw ubi.mtd=9,2048
nandrootfstype=ubifs rootwait=1
netargs=setenv bootargs console=${console} ${optargs} root=/dev/nfs nfsroot=${serverip}:${rootpath},${nfsopts} rw ip=dhcp
netboot=echo Booting from network ...; setenv autoload no; dhcp; tftp ${loadaddr} ${bootfile}; tftp ${fdtaddr} ${fdtfile}; run netargs; bootz ${loadaddr} - ${fdtaddr}
nfsopts=nolock
ramargs=setenv bootargs console=${console} ${optargs} root=${ramroot} rootfstype=${ramrootfstype}
ramboot=echo Booting from ramdisk ...; run ramargs; bootz ${loadaddr} ${rdaddr} ${fdtaddr}
ramroot=/dev/ram0 rw ramdisk_size=65536 initrd=${rdaddr},64M
ramrootfstype=ext2
rdaddr=0x81000000
rootpart=2
rootpath=/export/rootfs
scan_boot=echo Scanning ${devtype} ${devnum}...; for prefix in ${bootdir}; do for script in ${bootfile}; do run script_boot; done; done;
script_boot=if load ${devtype} ${devnum}:${rootpart} ${loadaddr} ${bootdir}/${bootfile}; then run findfdt; load ${devtype} ${devnum}:${rootpart} ${fdtaddr} ${bootdir}/${fdtfile};fi;
serverip=192.168.0.1
soc=am33xx
spiargs=setenv bootargs console=${console} ${optargs} root=${spiroot} rootfstype=${spirootfstype}
spiboot=echo Booting from spi ...; run spiargs; sf probe ${spibusno}:0; sf read ${loadaddr} ${spisrcaddr} ${spiimgsize}; bootz ${loadaddr}
spibusno=0
spiimgsize=0x362000
spiroot=/dev/mtdblock4 rw
spirootfstype=jffs2
spisrcaddr=0xe0000
static_ip=${ipaddr}:${serverip}:${gatewayip}:${netmask}:${hostname}::off
stderr=serial
stdin=serial
stdout=serial
usbnet_devaddr=c8:a0:30:a1:db:5a
vendor=ti
ver=U-Boot 2013.10-g310aa48 (Dec 15 2013 - 22:31:18)

Environment size: 4823/131067 bytes
U-Boot# 
- 09:52:33 [INFO] Host: setenv bootargs ''${bootargs}' ip=dhcp '
- 09:52:34 [INFO] Target: 
setenv bootargs ''${bootargs}' ip=dhcp '
U-Boot# 
- 09:52:34 [INFO] Host: setenv ipaddr dhcp
- 09:52:34 [INFO] Target: 
setenv ipaddr dhcp
U-Boot# 
- 09:52:34 [INFO] Host: dhcp
- 09:52:36 [INFO] Target: 
dhcp
link up on port 0, speed 1000, full duplex
BOOTP broadcast 1
DHCP client bound to address 192.168.0.116
U-Boot# 
- 09:52:36 [INFO] Host: setenv serverip '192.168.0.1'
- 09:52:36 [INFO] Target: 
setenv serverip '192.168.0.1'
U-Boot# 
- 09:52:36 [INFO] Host: tftp ${loadaddr} 192.168.0.1:vatf_am335x-sk/ee6298372f744e522eddc7041674ab89
- 09:52:37 [INFO] Target: 
tftp ${loadaddr} 192.168.0.1:vatf_am335x-sk/ee6298372f744e522eddc7041674ab89
link up on port 0, speed 1000, full duplex
Using cpsw device
TFTP from server 192.168.0.1; our IP address is 192.168.0.116
Filename 'vatf_am335x-sk/ee6298372f744e522eddc7041674ab89'.
Load address: 0x80200000
Loading: *#################################################################
	 #################################################################
	 #################################################################
	 #################################################################
	 ##################################
	 9.2 MiB/s
done
Bytes transferred = 4303448 (41aa58 hex)
U-Boot# 
- 09:52:37 [INFO] Host: tftp ${fdtaddr} 192.168.0.1:vatf_am335x-sk/aaa2c4bcd0c125e66b4ca1a922e1e942
- 09:52:37 [INFO] Target: 
tftp ${fdtaddr} 192.168.0.1:vatf_am335x-sk/aaa2c4bcd0c125e66b4ca1a922e1e942
link up on port 0, speed 1000, full duplex
Using cpsw device
TFTP from server 192.168.0.1; our IP address is 192.168.0.116
Filename 'vatf_am335x-sk/aaa2c4bcd0c125e66b4ca1a922e1e942'.
Load address: 0x80f80000
Loading: *###
	 7.9 MiB/s
done
Bytes transferred = 33011 (80f3 hex)
U-Boot# 
- 09:52:37 [INFO] Host: printenv
- 09:52:38 [INFO] Target: 
printenv
arch=arm
autoload=no
baudrate=115200
board=am335x
board_name=A335X_SK
board_rev=1.2C
boot_fdt=try
boot_targets= mmc0 nand 
bootargs=console=ttyO0,115200n8 earlyprintk rootwait ip=dhcp
bootcmd=
bootcmd_mmc0=setenv devnum 0; setenv rootpart 2; run mmc_boot;
bootcmd_nand=run nandboot;
bootdelay=3
bootdir=/boot
bootenv=uEnv.txt
bootfile=zImage
bootpart=0:2
console=ttyO0,115200n8
cpu=armv7
dfu_alt_info_emmc=rawemmc mmc 0 3751936
dfu_alt_info_mmc=boot part 0 1;rootfs part 0 2;MLO fat 0 1;MLO.raw mmc 100 100;u-boot.img.raw mmc 300 400;spl-os-args.raw mmc 80 80;spl-os-image.raw mmc 900 2000;spl-os-args fat 0 1;spl-os-image fat 0 1;u-boot.img fat 0 1;uEnv.txt fat 0 1
dfu_alt_info_nand=SPL part 0 1;SPL.backup1 part 0 2;SPL.backup2 part 0 3;SPL.backup3 part 0 4;u-boot part 0 5;u-boot-spl-os part 0 6;kernel part 0 8;rootfs part 0 9
dfu_alt_info_ram=kernel ram 0x80200000 0xD80000;fdt ram 0x80F80000 0x80000;ramdisk ram 0x81000000 0x4000000
dnsip=192.0.2.2
dnsip2=192.0.2.3
eth1addr=c8:a0:30:a1:db:5a
ethact=cpsw
ethaddr=c8:a0:30:a1:db:58
fdt_high=0xa0000000
fdtaddr=0x80F80000
fdtfile=undefined
fileaddr=80f80000
filesize=80f3
findfdt=if test $board_name = A335BONE; then setenv fdtfile am335x-bone.dtb; fi; if test $board_name = A335BNLT; then setenv fdtfile am335x-boneblack.dtb; fi; if test $board_name = A33515BB; then setenv fdtfile am335x-evm.dtb; fi; if test $board_name = A335X_SK; then setenv fdtfile am335x-evmsk.dtb; fi; if test $fdtfile = undefined; then echo WARNING: Could not determine device tree to use; fi; 
gatewayip=192.168.0.1
importbootenv=echo Importing environment from mmc ...; env import -t $loadaddr $filesize
ipaddr=192.168.0.116
loadaddr=0x80200000
loadbootenv=load mmc ${mmcdev} ${loadaddr} ${bootenv}
loadfdt=load mmc ${bootpart} ${fdtaddr} ${bootdir}/${fdtfile}
loadimage=load mmc ${bootpart} ${loadaddr} ${bootdir}/${bootfile}
loadramdisk=load mmc ${mmcdev} ${rdaddr} ramdisk.gz
mmc_boot=setenv devtype mmc; if mmc dev ${devnum}; then run mmcargs;run scan_boot; run mmcboot;setenv mmcdev 1; setenv bootpart 1:2; run mmcboot;fi
mmcargs=setenv bootargs console=${console} ${optargs} root=${mmcroot} rootfstype=${mmcrootfstype}
mmcboot=mmc dev ${mmcdev}; if mmc rescan; then echo SD/MMC found on device ${mmcdev};if run loadbootenv; then echo Loaded environment from ${bootenv};run importbootenv;fi;if test -n $uenvcmd; then echo Running uenvcmd ...;run uenvcmd;fi;if run loadimage; then run mmcloados;fi;fi;
mmcdev=0
mmcloados=run mmcargs; if test ${boot_fdt} = yes || test ${boot_fdt} = try; then if run loadfdt; then bootz ${loadaddr} - ${fdtaddr}; else if test ${boot_fdt} = try; then bootz; else echo WARN: Cannot load the DT; fi; fi; else bootz; fi;
mmcroot=/dev/mmcblk0p2 ro
mmcrootfstype=ext4 rootwait
mtdids=nand0=nand.0
mtdparts=mtdparts=nand.0:128k(SPL),128k(SPL.backup1),128k(SPL.backup2),640k(SPL.backup3),1m(u-boot),512k(u-boot-spl-os),256k(u-boot-env),256k(u-boot-env.backup1),5m(kernel),-(rootfs)
nandargs=setenv bootargs console=${console} ${optargs} root=${nandroot} rootfstype=${nandrootfstype}
nandboot=echo Booting from nand ...; run nandargs; nand read ${fdtaddr} u-boot-spl-os; nand read ${loadaddr} kernel; bootz ${loadaddr} - ${fdtaddr}
nandroot=ubi0:rootfs rw ubi.mtd=9,2048
nandrootfstype=ubifs rootwait=1
netargs=setenv bootargs console=${console} ${optargs} root=/dev/nfs nfsroot=${serverip}:${rootpath},${nfsopts} rw ip=dhcp
netboot=echo Booting from network ...; setenv autoload no; dhcp; tftp ${loadaddr} ${bootfile}; tftp ${fdtaddr} ${fdtfile}; run netargs; bootz ${loadaddr} - ${fdtaddr}
netmask=255.255.255.0
nfsopts=nolock
ramargs=setenv bootargs console=${console} ${optargs} root=${ramroot} rootfstype=${ramrootfstype}
ramboot=echo Booting from ramdisk ...; run ramargs; bootz ${loadaddr} ${rdaddr} ${fdtaddr}
ramroot=/dev/ram0 rw ramdisk_size=65536 initrd=${rdaddr},64M
ramrootfstype=ext2
rdaddr=0x81000000
rootpart=2
rootpath=/export/rootfs
scan_boot=echo Scanning ${devtype} ${devnum}...; for prefix in ${bootdir}; do for script in ${bootfile}; do run script_boot; done; done;
script_boot=if load ${devtype} ${devnum}:${rootpart} ${loadaddr} ${bootdir}/${bootfile}; then run findfdt; load ${devtype} ${devnum}:${rootpart} ${fdtaddr} ${bootdir}/${fdtfile};fi;
serverip=192.168.0.1
soc=am33xx
spiargs=setenv bootargs console=${console} ${optargs} root=${spiroot} rootfstype=${spirootfstype}
spiboot=echo Booting from spi ...; run spiargs; sf probe ${spibusno}:0; sf read ${loadaddr} ${spisrcaddr} ${spiimgsize}; bootz ${loadaddr}
spibusno=0
spiimgsize=0x362000
spiroot=/dev/mtdblock4 rw
spirootfstype=jffs2
spisrcaddr=0xe0000
static_ip=${ipaddr}:${serverip}:${gatewayip}:${netmask}:${hostname}::off
stderr=serial
stdin=serial
stdout=serial
usbnet_devaddr=c8:a0:30:a1:db:5a
vendor=ti
ver=U-Boot 2013.10-g310aa48 (Dec 15 2013 - 22:31:18)

Environment size: 4974/131067 bytes
U-Boot# 
- 09:52:38 [INFO] Host: setenv bootargs ''${bootargs}' root=/dev/mmcblk0p2 rw rootfstype=ext3 rootwait '
- 09:52:38 [INFO] Target: 
setenv bootargs ''${bootargs}' root=/dev/mmcblk0p2 rw rootfstype=ext3 rootwait '
U-Boot# 
- 09:52:38 [INFO] Host: printenv
- 09:52:39 [INFO] Target: 
printenv
arch=arm
autoload=no
baudrate=115200
board=am335x
board_name=A335X_SK
board_rev=1.2C
boot_fdt=try
boot_targets= mmc0 nand 
bootargs=console=ttyO0,115200n8 earlyprintk rootwait ip=dhcp root=/dev/mmcblk0p2 rw rootfstype=ext3 rootwait
bootcmd=
bootcmd_mmc0=setenv devnum 0; setenv rootpart 2; run mmc_boot;
bootcmd_nand=run nandboot;
bootdelay=3
bootdir=/boot
bootenv=uEnv.txt
bootfile=zImage
bootpart=0:2
console=ttyO0,115200n8
cpu=armv7
dfu_alt_info_emmc=rawemmc mmc 0 3751936
dfu_alt_info_mmc=boot part 0 1;rootfs part 0 2;MLO fat 0 1;MLO.raw mmc 100 100;u-boot.img.raw mmc 300 400;spl-os-args.raw mmc 80 80;spl-os-image.raw mmc 900 2000;spl-os-args fat 0 1;spl-os-image fat 0 1;u-boot.img fat 0 1;uEnv.txt fat 0 1
dfu_alt_info_nand=SPL part 0 1;SPL.backup1 part 0 2;SPL.backup2 part 0 3;SPL.backup3 part 0 4;u-boot part 0 5;u-boot-spl-os part 0 6;kernel part 0 8;rootfs part 0 9
dfu_alt_info_ram=kernel ram 0x80200000 0xD80000;fdt ram 0x80F80000 0x80000;ramdisk ram 0x81000000 0x4000000
dnsip=192.0.2.2
dnsip2=192.0.2.3
eth1addr=c8:a0:30:a1:db:5a
ethact=cpsw
ethaddr=c8:a0:30:a1:db:58
fdt_high=0xa0000000
fdtaddr=0x80F80000
fdtfile=undefined
fileaddr=80f80000
filesize=80f3
findfdt=if test $board_name = A335BONE; then setenv fdtfile am335x-bone.dtb; fi; if test $board_name = A335BNLT; then setenv fdtfile am335x-boneblack.dtb; fi; if test $board_name = A33515BB; then setenv fdtfile am335x-evm.dtb; fi; if test $board_name = A335X_SK; then setenv fdtfile am335x-evmsk.dtb; fi; if test $fdtfile = undefined; then echo WARNING: Could not determine device tree to use; fi; 
gatewayip=192.168.0.1
importbootenv=echo Importing environment from mmc ...; env import -t $loadaddr $filesize
ipaddr=192.168.0.116
loadaddr=0x80200000
loadbootenv=load mmc ${mmcdev} ${loadaddr} ${bootenv}
loadfdt=load mmc ${bootpart} ${fdtaddr} ${bootdir}/${fdtfile}
loadimage=load mmc ${bootpart} ${loadaddr} ${bootdir}/${bootfile}
loadramdisk=load mmc ${mmcdev} ${rdaddr} ramdisk.gz
mmc_boot=setenv devtype mmc; if mmc dev ${devnum}; then run mmcargs;run scan_boot; run mmcboot;setenv mmcdev 1; setenv bootpart 1:2; run mmcboot;fi
mmcargs=setenv bootargs console=${console} ${optargs} root=${mmcroot} rootfstype=${mmcrootfstype}
mmcboot=mmc dev ${mmcdev}; if mmc rescan; then echo SD/MMC found on device ${mmcdev};if run loadbootenv; then echo Loaded environment from ${bootenv};run importbootenv;fi;if test -n $uenvcmd; then echo Running uenvcmd ...;run uenvcmd;fi;if run loadimage; then run mmcloados;fi;fi;
mmcdev=0
mmcloados=run mmcargs; if test ${boot_fdt} = yes || test ${boot_fdt} = try; then if run loadfdt; then bootz ${loadaddr} - ${fdtaddr}; else if test ${boot_fdt} = try; then bootz; else echo WARN: Cannot load the DT; fi; fi; else bootz; fi;
mmcroot=/dev/mmcblk0p2 ro
mmcrootfstype=ext4 rootwait
mtdids=nand0=nand.0
mtdparts=mtdparts=nand.0:128k(SPL),128k(SPL.backup1),128k(SPL.backup2),640k(SPL.backup3),1m(u-boot),512k(u-boot-spl-os),256k(u-boot-env),256k(u-boot-env.backup1),5m(kernel),-(rootfs)
nandargs=setenv bootargs console=${console} ${optargs} root=${nandroot} rootfstype=${nandrootfstype}
nandboot=echo Booting from nand ...; run nandargs; nand read ${fdtaddr} u-boot-spl-os; nand read ${loadaddr} kernel; bootz ${loadaddr} - ${fdtaddr}
nandroot=ubi0:rootfs rw ubi.mtd=9,2048
nandrootfstype=ubifs rootwait=1
netargs=setenv bootargs console=${console} ${optargs} root=/dev/nfs nfsroot=${serverip}:${rootpath},${nfsopts} rw ip=dhcp
netboot=echo Booting from network ...; setenv autoload no; dhcp; tftp ${loadaddr} ${bootfile}; tftp ${fdtaddr} ${fdtfile}; run netargs; bootz ${loadaddr} - ${fdtaddr}
netmask=255.255.255.0
nfsopts=nolock
ramargs=setenv bootargs console=${console} ${optargs} root=${ramroot} rootfstype=${ramrootfstype}
ramboot=echo Booting from ramdisk ...; run ramargs; bootz ${loadaddr} ${rdaddr} ${fdtaddr}
ramroot=/dev/ram0 rw ramdisk_size=65536 initrd=${rdaddr},64M
ramrootfstype=ext2
rdaddr=0x81000000
rootpart=2
rootpath=/export/rootfs
scan_boot=echo Scanning ${devtype} ${devnum}...; for prefix in ${bootdir}; do for script in ${bootfile}; do run script_boot; done; done;
script_boot=if load ${devtype} ${devnum}:${rootpart} ${loadaddr} ${bootdir}/${bootfile}; then run findfdt; load ${devtype} ${devnum}:${rootpart} ${fdtaddr} ${bootdir}/${fdtfile};fi;
serverip=192.168.0.1
soc=am33xx
spiargs=setenv bootargs console=${console} ${optargs} root=${spiroot} rootfstype=${spirootfstype}
spiboot=echo Booting from spi ...; run spiargs; sf probe ${spibusno}:0; sf read ${loadaddr} ${spisrcaddr} ${spiimgsize}; bootz ${loadaddr}
spibusno=0
spiimgsize=0x362000
spiroot=/dev/mtdblock4 rw
spirootfstype=jffs2
spisrcaddr=0xe0000
static_ip=${ipaddr}:${serverip}:${gatewayip}:${netmask}:${hostname}::off
stderr=serial
stdin=serial
stdout=serial
usbnet_devaddr=c8:a0:30:a1:db:5a
vendor=ti
ver=U-Boot 2013.10-g310aa48 (Dec 15 2013 - 22:31:18)

Environment size: 5022/131067 bytes
U-Boot# 
- 09:52:39 [INFO] Host: setenv bootcmd ''${bootcmd}' if iminfo ${loadaddr}; then bootm ${loadaddr} - ${fdtaddr}; else bootz ${loadaddr} - ${fdtaddr}; bootm ${loadaddr} - ${fdtaddr}; fi'
- 09:52:39 [INFO] Target: 
setenv bootcmd ''${bootcmd}' if iminfo ${loadaddr}; then bootm ${loadaddr} - ${fdtaddr}; else bootz ${loadaddr} - ${fdtaddr}; bootm ${loadaddr} - ${fdtaddr}; fi'
U-Boot# 
- 09:52:39 [INFO] Host: bdinfo
- 09:52:40 [INFO] Target: 
bdinfo
arch_number = 0x00000E05
boot_params = 0x80000100
DRAM bank   = 0x00000000
-> start    = 0x80000000
-> size     = 0x10000000
eth0name    = cpsw
ethaddr     = c8:a0:30:a1:db:58
eth1name    = usb_ether
eth1addr    = c8:a0:30:a1:db:5a
current eth = cpsw
ip_addr     = 192.168.0.116
baudrate    = 115200 bps
TLB addr    = 0x8FFF0000
relocaddr   = 0x8F750000
reloc off   = 0x0EF50000
irq_sp      = 0x8F62FF38
sp start    = 0x8F62FF28
U-Boot# 
- 09:52:40 [INFO] Host: boot
- 09:53:14 [INFO] Target: 
boot

## Checking Image at 80200000 ...
Unknown image format!
Kernel image @ 0x80200000 [ 0x000000 - 0x41aa58 ]
## Flattened Device Tree blob at 80f80000
   Booting using the fdt blob at 0x80f80000
   Loading Device Tree to 8f623000, end 8f62e0f2 ... OK

Starting kernel ...

[    0.000000] Booting Linux on physical CPU 0x0
[    0.000000] Linux version 3.15.0-rc5-next-20140520-00002-gd5602f4 (nmenon@kahuna) (gcc version 4.6.3 (Ubuntu/Linaro 4.6.3-1ubuntu5) ) #1 SMP Tue May 20 08:46:35 CDT 2014
[    0.000000] CPU: ARMv7 Processor [413fc082] revision 2 (ARMv7), cr=10c5387d
[    0.000000] CPU: PIPT / VIPT nonaliasing data cache, VIPT aliasing instruction cache
[    0.000000] Machine model: TI AM335x EVM-SK
[    0.000000] cma: CMA: reserved 16 MiB at 8e000000
[    0.000000] Memory policy: Data cache writeback
[    0.000000] CPU: All CPU(s) started in SVC mode.
[    0.000000] AM335X ES2.1 (sgx neon )
[    0.000000] PERCPU: Embedded 9 pages/cpu @cfcc5000 s13568 r8192 d15104 u36864
[    0.000000] Built 1 zonelists in Zone order, mobility grouping on.  Total pages: 64768
[    0.000000] Kernel command line: console=ttyO0,115200n8 earlyprintk rootwait ip=dhcp root=/dev/mmcblk0p2 rw rootfstype=ext3 rootwait
[    0.000000] PID hash table entries: 1024 (order: 0, 4096 bytes)
[    0.000000] Dentry cache hash table entries: 32768 (order: 5, 131072 bytes)
[    0.000000] Inode-cache hash table entries: 16384 (order: 4, 65536 bytes)
[    0.000000] Memory: 225032K/261120K available (5600K kernel code, 671K rwdata, 2168K rodata, 393K init, 8339K bss, 36088K reserved, 0K highmem)
[    0.000000] Virtual kernel memory layout:
[    0.000000]     vector  : 0xffff0000 - 0xffff1000   (   4 kB)
[    0.000000]     fixmap  : 0xffc00000 - 0xffe00000   (2048 kB)
[    0.000000]     vmalloc : 0xd0800000 - 0xff000000   ( 744 MB)
[    0.000000]     lowmem  : 0xc0000000 - 0xd0000000   ( 256 MB)
[    0.000000]     pkmap   : 0xbfe00000 - 0xc0000000   (   2 MB)
[    0.000000]     modules : 0xbf000000 - 0xbfe00000   (  14 MB)
[    0.000000]       .text : 0xc0008000 - 0xc079e378   (7769 kB)
[    0.000000]       .init : 0xc079f000 - 0xc0801500   ( 394 kB)
[    0.000000]       .data : 0xc0802000 - 0xc08a9f98   ( 672 kB)
[    0.000000]        .bss : 0xc08a9f98 - 0xc10cee10   (8340 kB)
[    0.000000] Hierarchical RCU implementation.
[    0.000000] 	RCU restricting CPUs from NR_CPUS=2 to nr_cpu_ids=1.
[    0.000000] RCU: Adjusting geometry for rcu_fanout_leaf=16, nr_cpu_ids=1
[    0.000000] NR_IRQS:16 nr_irqs:16 16
[    0.000000] IRQ: Found an INTC at 0xfa200000 (revision 5.0) with 128 interrupts
[    0.000000] Total of 128 interrupts on 1 active controller
[    0.000000] OMAP clockevent source: timer2 at 24000000 Hz
[    0.000016] sched_clock: 32 bits at 24MHz, resolution 41ns, wraps every 178956969942ns
[    0.000076] OMAP clocksource: timer1 at 24000000 Hz
[    0.000842] Console: colour dummy device 80x30
[    0.000889] Lock dependency validator: Copyright (c) 2006 Red Hat, Inc., Ingo Molnar
[    0.000903] ... MAX_LOCKDEP_SUBCLASSES:  8
[    0.000916] ... MAX_LOCK_DEPTH:          48
[    0.000928] ... MAX_LOCKDEP_KEYS:        8191
[    0.000940] ... CLASSHASH_SIZE:          4096
[    0.000951] ... MAX_LOCKDEP_ENTRIES:     32768
[    0.000964] ... MAX_LOCKDEP_CHAINS:      65536
[    0.000976] ... CHAINHASH_SIZE:          32768
[    0.000988]  memory used by lock dependency info: 5167 kB
[    0.001001]  per task-struct memory footprint: 1152 bytes
[    0.001049] Calibrating delay loop... 996.14 BogoMIPS (lpj=4980736)
[    0.079051] pid_max: default: 32768 minimum: 301
[    0.079461] Security Framework initialized
[    0.079593] Mount-cache hash table entries: 1024 (order: 0, 4096 bytes)
[    0.079611] Mountpoint-cache hash table entries: 1024 (order: 0, 4096 bytes)
[    0.081900] CPU: Testing write buffer coherency: ok
[    0.083115] CPU0: thread -1, cpu 0, socket -1, mpidr 0
[    0.083249] Setting up static identity map for 0x8054eea8 - 0x8054ef18
[    0.086565] Brought up 1 CPUs
[    0.086593] SMP: Total of 1 processors activated.
[    0.086608] CPU: All CPU(s) started in SVC mode.
[    0.089703] devtmpfs: initialized
[    0.098271] VFP support v0.3: implementor 41 architecture 3 part 30 variant c rev 3
[    0.134519] omap_hwmod: tptc0 using broken dt data from edma
[    0.134907] omap_hwmod: tptc1 using broken dt data from edma
[    0.135269] omap_hwmod: tptc2 using broken dt data from edma
[    0.143134] omap_hwmod: debugss: _wait_target_disable failed
[    0.200861] pinctrl core: initialized pinctrl subsystem
[    0.203424] regulator-dummy: no parameters
[    0.233268] NET: Registered protocol family 16
[    0.239425] DMA: preallocated 256 KiB pool for atomic coherent allocations
[    0.252062] platform 49000000.edma: alias fck already exists
[    0.252160] platform 49000000.edma: alias fck already exists
[    0.252186] platform 49000000.edma: alias fck already exists
[    0.255079] OMAP GPIO hardware version 0.1
[    0.273339] No ATAGs?
[    0.273386] hw-breakpoint: debug architecture 0x4 unsupported.
[    0.317209] edma-dma-engine edma-dma-engine.0: TI EDMA DMA engine driver
[    0.318510] vbat: 5000 mV 
[    0.319443] lis3_reg: no parameters
[    0.319874] reg-fixed-voltage fixedregulator.6: could not find pctldev for node /pinmux@44e10800/pinmux_wl12xx_gpio, deferring probe
[    0.319916] platform fixedregulator.6: Driver reg-fixed-voltage requests probe deferral
[    0.322926] SCSI subsystem initialized
[    0.323770] usbcore: registered new interface driver usbfs
[    0.323946] usbcore: registered new interface driver hub
[    0.327850] usbcore: registered new device driver usb
[    0.328710] omap_i2c 44e0b000.i2c: could not find pctldev for node /pinmux@44e10800/pinmux_i2c0_pins, deferring probe
[    0.328765] platform 44e0b000.i2c: Driver omap_i2c requests probe deferral
[    0.333308] Switched to clocksource timer1
[    0.486467] NET: Registered protocol family 2
[    0.488378] TCP established hash table entries: 2048 (order: 1, 8192 bytes)
[    0.488537] TCP bind hash table entries: 2048 (order: 4, 73728 bytes)
[    0.489220] TCP: Hash tables configured (established 2048 bind 2048)
[    0.489421] TCP: reno registered
[    0.489475] UDP hash table entries: 256 (order: 2, 20480 bytes)
[    0.489668] UDP-Lite hash table entries: 256 (order: 2, 20480 bytes)
[    0.490701] NET: Registered protocol family 1
[    0.492707] RPC: Registered named UNIX socket transport module.
[    0.492757] RPC: Registered udp transport module.
[    0.492772] RPC: Registered tcp transport module.
[    0.492786] RPC: Registered tcp NFSv4.1 backchannel transport module.
[    0.494303] hw perfevents: enabled with ARMv7 Cortex-A8 PMU driver, 5 counters available
[    0.498515] futex hash table entries: 256 (order: 2, 16384 bytes)
[    0.504466] VFS: Disk quotas dquot_6.5.2
[    0.504616] Dquot-cache hash table entries: 1024 (order 0, 4096 bytes)
[    0.507153] NFS: Registering the id_resolver key type
[    0.507545] Key type id_resolver registered
[    0.507590] Key type id_legacy registered
[    0.507747] jffs2: version 2.2. (NAND) (SUMMARY)   2001-2006 Red Hat, Inc.
[    0.508217] msgmni has been set to 471
[    0.513360] io scheduler noop registered
[    0.513407] io scheduler deadline registered
[    0.513504] io scheduler cfq registered (default)
[    0.515740] pinctrl-single 44e10800.pinmux: 142 pins at pa f9e10800 size 568
[    0.518263] Serial: 8250/16550 driver, 4 ports, IRQ sharing enabled
[    0.524834] omap_uart 44e09000.serial: no wakeirq for uart0
[    0.525440] 44e09000.serial: ttyO0 at MMIO 0x44e09000 (irq = 88, base_baud = 3000000) is a OMAP UART0
[    1.207621] console [ttyO0] enabled
[    1.216369] omap_rng 48310000.rng: OMAP Random Number Generator ver. 20
[    1.247462] brd: module loaded
[    1.265407] loop: module loaded
[    1.271541] mtdoops: mtd device (mtddev=name/number) must be supplied
[    1.281326] usbcore: registered new interface driver asix
[    1.287214] usbcore: registered new interface driver ax88179_178a
[    1.293751] usbcore: registered new interface driver cdc_ether
[    1.300019] usbcore: registered new interface driver smsc95xx
[    1.306184] usbcore: registered new interface driver net1080
[    1.312217] usbcore: registered new interface driver cdc_subset
[    1.318559] usbcore: registered new interface driver zaurus
[    1.324639] usbcore: registered new interface driver cdc_ncm
[    1.331726] usbcore: registered new interface driver cdc_wdm
[    1.337934] usbcore: registered new interface driver usb-storage
[    1.344428] usbcore: registered new interface driver usbtest
[    1.356356] mousedev: PS/2 mouse device common for all mice
[    1.367589] omap_rtc 44e3e000.rtc: rtc core: registered 44e3e000.rtc as rtc0
[    1.375768] i2c /dev entries driver
[    1.379512] Driver for 1-wire Dallas network protocol.
[    1.391874] omap_wdt: OMAP Watchdog Timer Rev 0x01: initial timeout 60 sec
[    1.401712] omap_hsmmc 48060000.mmc: unable to get vmmc regulator -517
[    1.409301] platform 48060000.mmc: Driver omap_hsmmc requests probe deferral
[    1.417369] omap_hsmmc 481d8000.mmc: unable to get vmmc regulator -517
[    1.424408] platform 481d8000.mmc: Driver omap_hsmmc requests probe deferral
[    1.435135] ledtrig-cpu: registered to indicate activity on CPUs
[    1.441978] usbcore: registered new interface driver usbhid
[    1.447890] usbhid: USB HID core driver
[    1.452913] oprofile: using arm/armv7
[    1.457472] TCP: cubic registered
[    1.460992] Initializing XFRM netlink socket
[    1.465650] NET: Registered protocol family 17
[    1.470389] NET: Registered protocol family 15
[    1.475419] Key type dns_resolver registered
[    1.481204] ThumbEE CPU extension supported.
[    1.485828] Registering SWP/SWPB emulation handler
[    1.497874] lis3_reg: disabling
[    1.501249] vbat: disabling
[    1.508024] vwl1271: 1800 mV 
[    1.620335] tps65910 0-002d: No interrupt support, no core IRQ
[    1.637325] vrtc: 1800 mV 
[    1.640750] vrtc: supplied by vbat
[    1.648254] vio: at 1500 mV 
[    1.651515] vio: supplied by vbat
[    1.658512] vdd_mpu: 912 <--> 1312 mV at 1325 mV 
[    1.663808] vdd_mpu: supplied by vbat
[    1.670992] vdd_core: 912 <--> 1150 mV at 1137 mV 
[    1.676364] vdd_core: supplied by vbat
[    1.683219] vdd3: 5000 mV 
[    1.688606] vdig1: at 1800 mV 
[    1.692034] vdig1: supplied by vbat
[    1.698564] vdig2: at 1800 mV 
[    1.701981] vdig2: supplied by vbat
[    1.708542] vpll: at 1800 mV 
[    1.711874] vpll: supplied by vbat
[    1.718313] vdac: at 1800 mV 
[    1.721641] vdac: supplied by vbat
[    1.728109] vaux1: at 1800 mV 
[    1.731531] vaux1: supplied by vbat
[    1.738048] vaux2: at 3300 mV 
[    1.741464] vaux2: supplied by vbat
[    1.748014] vaux33: at 3300 mV 
[    1.751529] vaux33: supplied by vbat
[    1.758149] vmmc: 1800 <--> 3300 mV at 3300 mV 
[    1.763235] vmmc: supplied by vbat
[    1.769270] vbb: at 3000 mV 
[    1.772759] vbb: supplied by vbat
[    1.780842] omap_i2c 44e0b000.i2c: bus 0 rev0.11 at 400 kHz
[    1.861205] mmc0: host does not support reading read-only switch. assuming write-enable.
[    1.872475] mmc0: new high speed SDHC card at address 1234
[    1.880955] mmcblk0: mmc0:1234 SA04G 3.63 GiB 
[    1.891840]  mmcblk0: p1 p2 p3
[    1.965748] omap_hsmmc 481d8000.mmc: card claims to support voltages below defined range
[    1.986012] mmc1: queuing unknown CIS tuple 0x91 (3 bytes)
[    1.994243] mmc1: new SDIO card at address 0001
[    2.003307] davinci_mdio 4a101000.mdio: davinci mdio revision 1.6
[    2.009743] davinci_mdio 4a101000.mdio: detected phy mask fffffffc
[    2.020052] libphy: 4a101000.mdio: probed
[    2.024414] davinci_mdio 4a101000.mdio: phy[0]: device 4a101000.mdio:00, driver Atheros 8031 ethernet
[    2.034090] davinci_mdio 4a101000.mdio: phy[1]: device 4a101000.mdio:01, driver Atheros 8031 ethernet
[    2.045556] cpsw 4a100000.ethernet: Detected MACID = c8:a0:30:a1:db:58
[    2.054918] cpsw 4a100000.ethernet: cpsw: Detected MACID = c8:a0:30:a1:db:5a
[    2.065936] input: gpio_buttons.8 as /devices/gpio_buttons.8/input/input0
[    2.076126] omap_rtc 44e3e000.rtc: setting system clock to 2000-01-01 00:00:01 UTC (946684801)
[    2.103603] net eth0: initializing cpsw version 1.12 (0)
[    2.184156] net eth0: phy found : id is : 0x4dd074
[    2.194717] net eth1: initializing cpsw version 1.12 (0)
[    2.273904] net eth1: phy found : id is : 0x4dd074
[    6.184120] cpsw 4a100000.ethernet eth0: Link is Up - 1Gbps/Full - flow control rx/tx
[    6.213181] Sending DHCP requests ., OK
[    6.263604] IP-Config: Got DHCP answer from 192.168.0.1, my address is 192.168.0.116
[    6.276045] IP-Config: Complete:
[    6.279448]      device=eth0, hwaddr=c8:a0:30:a1:db:58, ipaddr=192.168.0.116, mask=255.255.255.0, gw=192.168.0.1
[    6.290192]      host=192.168.0.116, domain=ti.com, nis-domain=(none)
[    6.296964]      bootserver=192.168.0.1, rootserver=192.168.0.1, rootpath=
[    6.303998]      nameserver0=192.0.2.2, nameserver1=192.0.2.3
[    6.323866] kjournald starting.  Commit interval 5 seconds
[    6.340096] EXT3-fs (mmcblk0p2): using internal journal
[    6.345731] EXT3-fs (mmcblk0p2): mounted filesystem with ordered data mode
[    6.353062] VFS: Mounted root (ext3 filesystem) on device 179:2.
[    6.363902] devtmpfs: mounted
[    6.367679] Freeing unused kernel memory: 392K (c079f000 - c0801000)

INIT: version 2.88 booting

Error opening /dev/fb0: No such file or directory
Starting udev
[    7.181028] udevd[708]: starting version 182
[   12.075188] random: nonblocking pool is initialized
[   12.981957] FAT-fs (mmcblk0p1): Volume was not properly unmounted. Some data may be corrupt. Please run fsck.
Starting Bootlog daemon: bootlogd: cannot allocate pseudo tty: No such file or directory
bootlogd.
ALSA: Restoring mixer settings...
/usr/sbin/alsactl: load_state:1696: No soundcards found...
Configuring network interfaces... udhcpc (v1.20.2) started
Sending discover...
Sending select for 192.168.0.103...
Lease of 192.168.0.103 obtained, lease time 7200
/etc/udhcpc.d/50default: Adding DNS 192.0.2.2
/etc/udhcpc.d/50default: Adding DNS 192.0.2.3
done.
Mon May 12 21:05:00 UTC 2014

INIT: Entering runlevel: 5

Starting system message bus: dbus.
Starting Dropbear SSH server: dropbear.
Starting telnet daemon.
Starting syslogd/klogd: done
Starting thttpd.
Starting Lighttpd Web Server: lighttpd.
2014-05-12 21:05:00: (log.c.166) server started 
/etc/rc5.d/S96am335x-pm-firmware-load: line 4: /sys/devices/ocp.2/44d00000.wkup_m3/firmware/am335x-pm-firmware.bin/loading: No such file or directory
/etc/rc5.d/S96am335x-pm-firmware-load: line 5: /sys/devices/ocp.2/44d00000.wkup_m3/firmware/am335x-pm-firmware.bin/data: No such file or directory
/etc/rc5.d/S96am335x-pm-firmware-load: line 6: /sys/devices/ocp.2/44d00000.wkup_m3/firmware/am335x-pm-firmware.bin/loading: No such file or directory
/
Starting Matrix GUI application.
***************************************************************
***************************************************************
NOTICE: This file system contains the followin GPLv3 packages:
	binutils-symlinks
	binutils
	gdbserver

If you do not wish to distribute GPLv3 components please remove
the above packages prior to distribution.  This can be done using
the opkg remove command.  i.e.:
    opkg remove <package>
Where <package> is the name printed in the list above

NOTE: If the package is a dependency of another package you
      will be notified of the dependent packages.  You should
      use the --force-removal-of-dependent-packages option to
      also remove the dependent packages as well
***************************************************************
***************************************************************
Stopping Bootlog daemon: bootlogd.

 _____                    _____           _         _   
|  _  |___ ___ ___ ___   |  _  |___ ___  |_|___ ___| |_ 
|     |  _| .'| . | . |  |   __|  _| . | | | -_|  _|  _|
|__|__|_| |__,|_  |___|  |__|  |_| |___|_| |___|___|_|  
              |___|                    |___|            

Arago Project http://arago-project.org am335x-evm ttyO0

Arago 2013.10 am335x-evm ttyO0

am335x-evm login: 
- 09:53:14 [INFO] Host: root
- 09:53:14 [INFO] Target: 
root
root@am335x-evm:~# 
- 09:53:14 [INFO] Host: uname -a
- 09:53:15 [INFO] Target: 
uname -a
Linux am335x-evm 3.15.0-rc5-next-20140520-00002-gd5602f4 #1 SMP Tue May 20 08:46:35 CDT 2014 armv7l GNU/Linux
root@am335x-evm:~# 
- 09:53:15 [INFO] Host: cat /proc/cmdline
- 09:53:15 [INFO] Target: 
cat /proc/cmdline
console=ttyO0,115200n8 earlyprintk rootwait ip=dhcp root=/dev/mmcblk0p2 rw rootfstype=ext3 rootwait
root@am335x-evm:~# 
- 09:53:15 [INFO] Host: uname -a
- 09:53:16 [INFO] Target: 
uname -a
Linux am335x-evm 3.15.0-rc5-next-20140520-00002-gd5602f4 #1 SMP Tue May 20 08:46:35 CDT 2014 armv7l GNU/Linux
root@am335x-evm:~# 
- 09:53:16 [INFO] Host: cat /proc/mtd
- 09:53:16 [INFO] Target: 
cat /proc/mtd
dev:    size   erasesize  name
root@am335x-evm:~# 
- 09:53:21 [INFO] Host: export IPERFHOST=192.168.0.1
- 09:53:21 [INFO] Target: 
export IPERFHOST=192.168.0.1
root@am335x-evm:~# 
- 09:53:21 [INFO] Host: export NFS_SERVER=192.168.0.1
- 09:53:22 [INFO] Target: 
export NFS_SERVER=192.168.0.1
root@am335x-evm:~# 
- 09:53:22 [INFO] Host: export NFS_ROOT_PATH=/home/tigtfarm02/NFS_exports/am335x-sk
- 09:53:22 [INFO] Target: 
export NFS_ROOT_PATH=/home/tigtfarm02/NFS_exports/am335x-sk
root@am335x-evm:~# 
- 09:53:22 [INFO] Host: mkdir -p -m 777 /test
- 09:53:23 [INFO] Target: 
mkdir -p -m 777 /test
root@am335x-evm:~# 
- 09:53:23 [INFO] Host: cd /test
- 09:53:23 [INFO] Target: 
cd /test
root@am335x-evm:/test# 
- 09:53:23 [INFO] Host: cat > test.sh << EOF
- 09:53:24 [INFO] Target: 
cat > test.sh << EOF
> 
- 09:53:24 [INFO] Host: failtest() {

- 09:53:24 [INFO] Target: 
failtest() {
> 
- 09:53:24 [INFO] Host:   echo 1 >&3

- 09:53:25 [INFO] Target: 
  echo 1 >&3
> 
- 09:53:25 [INFO] Host: }

- 09:53:25 [INFO] Target: 
}
> 
- 09:53:25 [INFO] Host: script=anonymous:anonymous@gtautoftp.gt.design.ti.com/anonymous/opentest/target-test-basic.sh_md5_5d260c597a39e144f6dea1bc54ee8584

- 09:53:35 [ERROR] On command: script=anonymous:anonymous@gtautoftp.gt.design.ti.com/anonymous/opentest/target-test-basic.sh_md5_5d260c597a39e144f6dea1bc54ee8584
 waiting for (?-mix:.*) >>> error: execution expired
- 09:53:35 [INFO] Target: 
script=anonymous:anonymous@gtautoftp.gt.design.ti.com/anonymous/opentest/targe 
t-test-basic.sh_md5_5d260c597a39e144f6dea1bc54ee8584
> 
- 09:53:35 [INFO] Host: timeout=600

- 09:53:36 [INFO] Target: 
timeout=600
> 
- 09:53:36 [INFO] Host: 

- 09:53:36 [INFO] Target: 

> 
- 09:53:36 [INFO] Host: # Start of user's script logic

- 09:53:37 [INFO] Target: 
# Start of user's script logic
> 
- 09:53:37 [INFO] Host: 

- 09:53:37 [INFO] Target: 

> 
- 09:53:37 [INFO] Host: 

- 09:53:38 [INFO] Target: 

> 
- 09:53:38 [INFO] Host: mount -t proc proc /proc 2>/dev/null;

- 09:53:38 [INFO] Target: 
mount -t proc proc /proc 2>/dev/null;
> 
- 09:53:38 [INFO] Host: 

- 09:53:39 [INFO] Target: 

> 
- 09:53:39 [INFO] Host: mount -t sysfs sys /sys 2>/dev/null;

- 09:53:39 [INFO] Target: 
mount -t sysfs sys /sys 2>/dev/null;
> 
- 09:53:39 [INFO] Host: 

- 09:53:40 [INFO] Target: 

> 
- 09:53:40 [INFO] Host: mount -t debugfs none /sys/kernel/debug 2>/dev/null;

- 09:53:40 [INFO] Target: 
mount -t debugfs none /sys/kernel/debug 2>/dev/null;
> 
- 09:53:40 [INFO] Host: 

- 09:53:41 [INFO] Target: 

> 
- 09:53:41 [INFO] Host: echo 'cpuinfo:';cat /proc/cpuinfo; echo '=======';

- 09:53:41 [INFO] Target: 
echo 'cpuinfo:';cat /proc/cpuinfo; echo '=======';
> 
- 09:53:41 [INFO] Host: 

- 09:53:42 [INFO] Target: 

> 
- 09:53:42 [INFO] Host: echo 'soc info:';head /sys/devices/soc0/* 2>/dev/null; echo '=======';

- 09:53:42 [INFO] Target: 
echo 'soc info:';head /sys/devices/soc0/* 2>/dev/null; echo '=======';
> 
- 09:53:42 [INFO] Host: 

- 09:53:43 [INFO] Target: 

> 
- 09:53:43 [INFO] Host: echo 'interrupts:';cat /proc/interrupts; echo '=======';

- 09:53:43 [INFO] Target: 
echo 'interrupts:';cat /proc/interrupts; echo '=======';
> 
- 09:53:43 [INFO] Host: 

- 09:53:44 [INFO] Target: 

> 
- 09:53:44 [INFO] Host: echo 'Clk_summary:';cat /sys/kernel/debug/clk/clk_summary; echo '=======';

- 09:53:44 [INFO] Target: 
echo 'Clk_summary:';cat /sys/kernel/debug/clk/clk_summary; echo '=======';
> 
- 09:53:44 [INFO] Host: 

- 09:53:45 [INFO] Target: 

> 
- 09:53:45 [INFO] Host: echo 'Orphan Clks:';ls /sys/kernel/debug/clk/orphans/; echo '=======';

- 09:53:45 [INFO] Target: 
echo 'Orphan Clks:';ls /sys/kernel/debug/clk/orphans/; echo '=======';
> 
- 09:53:45 [INFO] Host: 

- 09:53:46 [INFO] Target: 

> 
- 09:53:46 [INFO] Host: echo 'H''ello World' 'B''oard Booted';

- 09:53:46 [INFO] Target: 
echo 'H''ello World' 'B''oard Booted';
> 
- 09:53:46 [INFO] Host: 

- 09:53:47 [INFO] Target: 

> 
- 09:53:47 [INFO] Host: EOF
- 09:53:47 [INFO] Target: 
EOF
root@am335x-evm:/test# 
- 09:53:47 [INFO] Host: cd /test
- 09:53:48 [INFO] Target: 
cd /test
root@am335x-evm:/test# 
- 09:53:48 [INFO] Host: chmod +x test.sh
- 09:53:48 [INFO] Target: 
chmod +x test.sh
root@am335x-evm:/test# 
- 09:53:48 [INFO] Host: ./test.sh 2> stderr.log > stdout.log 3> result.log
- 09:53:49 [INFO] Target: 
./test.sh 2> stderr.log > stdout.log 3> result.log
root@am335x-evm:/test# 
- 09:53:49 [INFO] Host: echo $?
- 09:53:49 [INFO] Target: 
echo $?
0
root@am335x-evm:/test# 
- 09:53:49 [INFO] Host: cd /test
- 09:53:50 [INFO] Target: 
cd /test
root@am335x-evm:/test# 
- 09:53:50 [INFO] Host: cat stdout.log
- 09:53:51 [INFO] Target: 
cat stdout.log
cpuinfo:
processor	: 0
model name	: ARMv7 Processor rev 2 (v7l)
Features	: swp half thumb fastmult vfp edsp thumbee neon vfpv3 tls vfpd32 
CPU implementer	: 0x41
CPU architecture: 7
CPU variant	: 0x3
CPU part	: 0xc08
CPU revision	: 2

Hardware	: Generic AM33XX (Flattened Device Tree)
Revision	: 0000
Serial		: 0000000000000000
=======
soc info:
==> /sys/devices/soc0/family <==
Unknown

==> /sys/devices/soc0/machine <==
AM335X

==> /sys/devices/soc0/power <==

==> /sys/devices/soc0/revision <==
ES2.1

==> /sys/devices/soc0/subsystem <==

==> /sys/devices/soc0/type <==
GP

==> /sys/devices/soc0/uevent <==
=======
interrupts:
           CPU0       
 28:       2128      INTC  12  edma
 30:          9      INTC  14  edma_error
 44:        144      INTC  28  mmc1
 56:          0      INTC  40  4a100000.ethernet
 57:         23      INTC  41  4a100000.ethernet
 58:          8      INTC  42  4a100000.ethernet
 59:          0      INTC  43  4a100000.ethernet
 80:       6541      INTC  64  mmc0
 84:       2850      INTC  68  gp_timer
 86:        270      INTC  70  44e0b000.i2c
 88:       3793      INTC  72  OMAP UART0
 91:          0      INTC  75  rtc0
 92:          0      INTC  76  rtc0
127:          0      INTC 111  48310000.rng
150:          0      GPIO   6  mmc0
174:          0      GPIO  30  button2
210:          0      GPIO   2  button1
211:          0      GPIO   3  button0
213:          0      GPIO   5  button3
IPI0:          0  CPU wakeup interrupts
IPI1:          0  Timer broadcast interrupts
IPI2:          0  Rescheduling interrupts
IPI3:          0  Function call interrupts
IPI4:          0  Single function call interrupts
IPI5:          0  CPU stop interrupts
IPI6:          0  IRQ work interrupts
IPI7:          0  completion interrupts
Err:          0
=======
Clk_summary:
   clock                        enable_cnt  prepare_cnt  rate        accuracy
---------------------------------------------------------------------------------
 tclkin_ck                      0           0            12000000   0          
 virt_26000000_ck               0           0            26000000   0          
 virt_25000000_ck               0           0            25000000   0          
 virt_24000000_ck               1           1            24000000   0          
    sys_clkin_ck                9           23           24000000   0          
       timer6_fck               0           1            24000000   0          
       timer3_fck               0           1            24000000   0          
       dpll_per_ck              1           2            960000000  0          
          dpll_per_m2_ck        3           4            192000000  0          
             ehrpwm2_tbclk      0           0            192000000  0          
             ehrpwm1_tbclk      0           0            192000000  0          
             ehrpwm0_tbclk      0           0            192000000  0          
             mmc_clk            1           3            96000000   0          
             clk_24mhz          1           1            24000000   0          
                clkdiv32k_ck    1           1            32786      0          
                   clkdiv32k_ick 2           5            32786      0          
                      wdt1_fck  0           1            32786      0          
                      gpio3_dbclk 0           1            32786      0          
                      gpio2_dbclk 1           2            32786      0          
                      gpio1_dbclk 0           1            32786      0          
             dpll_per_m2_div4_ck 0           9            48000000   0          
             dpll_per_m2_div4_wkupdm_ck 1           2            48000000   0          
          usbotg_fck            0           1            960000000  0          
       dpll_disp_ck             0           1            24000000   0          
          dpll_disp_m2_ck       0           1            24000000   0          
             lcd_gclk           0           1            24000000   0          
       dpll_ddr_ck              1           1            303000000  0          
          dpll_ddr_m2_ck        2           2            303000000  0          
             dpll_ddr_m2_div2_ck 1           1            151500000  0          
       dpll_mpu_ck              1           1            1000000000 0          
          dpll_mpu_m2_ck        4           4            1000000000 0          
       dpll_core_ck             1           1            1000000000 0          
          dpll_core_x2_ck       2           2            2000000000 0          
             dpll_core_m6_ck    0           0            500000000  0          
             dpll_core_m5_ck    1           1            250000000  0          
                cpsw_cpts_rft_clk 0           0            250000000  0          
                cpsw_125mhz_gclk 3           3            125000000  0          
             dpll_core_m4_ck    9           11           200000000  0          
                dbg_clka_ck     0           2            200000000  0          
                   trace_pmd_clk_mux_ck 0           1            200000000  0          
                      trace_clk_div_ck 0           1            50000000   0          
                   stm_pmd_clock_mux_ck 0           0            200000000  0          
                      stm_clk_div_ck 0           0            50000000   0          
                gfx_fclk_clksel_ck 0           1            200000000  0          
                   gfx_fck_div_ck 0           1            200000000  0          
                sysclk_div_ck   0           0            200000000  0          
                l4hs_gclk       2           2            200000000  0          
                l4_rtc_gclk     0           0            100000000  0          
                dpll_core_m4_div2_ck 16          17           100000000  0          
                   l4ls_gclk    43          59           100000000  0          
                   l4fw_gclk    1           1            100000000  0          
                   l3s_gclk     9           10           100000000  0          
                   ieee5000_fck 0           0            100000000  0          
                mmu_fck         0           0            200000000  0          
                l3_gclk         13          15           200000000  0          
                   pruss_ocp_gclk 0           1            200000000  0          
       rng_fck                  2           2            24000000   0          
       aes0_fck                 1           2            24000000   0          
       sha0_fck                 1           1            24000000   0          
       smartreflex1_fck         0           1            24000000   0          
       smartreflex0_fck         0           1            24000000   0          
       mcasp1_fck               0           1            24000000   0          
       mcasp0_fck               0           1            24000000   0          
       dcan1_fck                0           1            24000000   0          
       dcan0_fck                0           1            24000000   0          
       adc_tsc_fck              0           1            24000000   0          
       cefuse_fck               0           0            24000000   0          
       timer1_fck               1           1            24000000   0          
       timer2_fck               1           1            24000000   0          
       timer4_fck               0           1            24000000   0          
       timer5_fck               0           1            24000000   0          
       timer7_fck               0           1            24000000   0          
       dbg_sysclk_ck            0           1            24000000   0          
 virt_19200000_ck               0           0            19200000   0          
 clk_rc32k_ck                   1           1            32000      0          
    gpio0_dbclk_mux_ck          1           1            32000      0          
       gpio0_dbclk              1           2            32000      0          
 clk_32768_ck                   2           2            32768      0          
    sysclkout_pre_ck            1           1            32768      0          
       clkout2_div_ck           1           1            32768      0          
          clkout2_ck            1           1            32768      0          
=======
Orphan Clks:
=======
Hello World Board Booted
root@am335x-evm:/test# 
- 09:53:51 [INFO] Host: cat stderr.log
- 09:53:51 [INFO] Target: 
cat stderr.log
root@am335x-evm:/test# 
- 09:53:51 [INFO] Host: cat result.log
- 09:53:53 [ERROR] On command: cat result.log waiting for (?m-ix:^1[\0\n\r]+) >>> error: execution expired
- 09:53:53 [INFO] Target: 
cat result.log
root@am335x-evm:/test# 
- 09:53:53 [INFO] Host: cd /test
- 09:53:54 [INFO] Target: 
cd /test
root@am335x-evm:/test# 
