- 06:34:24 [INFO] Starting target session
- 06:34:24 [INFO] Connected to am335x-evm via serial 
- 06:34:24 [INFO] Host: #check prompt
- 06:34:26 [ERROR] On command: #check prompt waiting for (?-mix:((?-mix:login:)|[Pp]assword)) >>> error: execution expired
- 06:34:26 [INFO] Target: 
#check prompt
root@am335x-evm:/test# 
- 06:34:26 [INFO] Host: #check prompt
- 06:34:27 [INFO] Target: 
#check prompt
root@am335x-evm:/test# 
- 06:34:27 [INFO] Host: sync;poweroff
- 06:34:47 [INFO] Target: 
sync;poweroff


Broadcast message from root@am335x-evm (ttyO0) (Wed Jul 23 10:09:11 2014):



The system is going down for system halt NOW!


INIT: Switching to runlevel: 0


INIT: Sending processes the TERM signal

root@am335x-evm:/test# 
INIT: Sending processes the KILL signal

UIM SYSFS Node Found at /sys/./devices/kim.11/install
Stopping uim-sysfs daemon.
Stopping Dropbear SSH server: stopped /usr/sbin/dropbear (pid 1656)
dropbear.
Stopping telnet daemon.
Stopping system message bus: dbus.
Error opening /dev/fb0: No such file or directory
Stopping syslogd/klogd: stopped syslogd (pid 1693)
stopped klogd (pid 1695)
done
Stopping thttpd.
stopping statd: done
ALSA: Storing mixer settings...
/usr/sbin/alsactl: save_state:1590: No soundcards found...
Stopping rpcbind daemon...
done.
Stopping Lighttpd Web Server: stopped /usr/sbin/lighttpd (pid 1707)
lighttpd.
NOT deconfiguring network interfaces: / is an NFS mount
Stopping Matrix GUI applicationstart-stop-daemon: warning: killing process 1720: No such process
.
***************************************************************
***************************************************************
NOTICE: This file system contains the followin GPLv3 packages:
	binutils
	elfutils
	gdbserver
	libdw1
	libelf1
	m4

If you do not wish to distribute GPLv3 components please remove
the above packages prior to distribution.  This can be done using
the opkg remove command.  i.e.:
    opkg remove <package>
Where <package> is the name printed in the list above

NOTE: If the package is a dependency of another package you
      will be notified of the dependent packages.  You should
      use the --force-removal-of-dependent-packages option to
      also remove the dependent packages as well
***************************************************************
***************************************************************
Sending all processes the TERM signal...
Sending all processes the KILL signal...
Unmounting remote filesystems...
Deactivating swap...
Unmounting local filesystems...
[17822.137540] musb-hdrc musb-hdrc.2.auto: remove, state 1
[17822.143746] usb usb2: USB disconnect, device number 1
[17822.149148] usb 2-1: USB disconnect, device number 2
[17822.223659] musb-hdrc musb-hdrc.2.auto: USB bus 2 deregistered
[17822.234337] musb-hdrc musb-hdrc.1.auto: remove, state 4
[17822.239987] usb usb1: USB disconnect, device number 1
[17822.248114] musb-hdrc musb-hdrc.1.auto: USB bus 1 deregistered
[17822.263437] reboot: System halted

- 06:34:47 [INFO] Disconnected serial from am335x-evm
- 06:35:08 [INFO] Connected to am335x-evm via serial 
- 06:35:08 [INFO] Host: 
- 06:35:08 [ERROR] On command:  waiting for (?-mix:U-Boot#) >>> error: execution expired
- 06:35:08 [INFO] Target: 

U-Boot SPL 2014.07-rc2 (May 29 2014 - 18:04:30)

- 06:35:08 [INFO] Host: 
- 06:35:09 [ERROR] On command:  waiting for (?-mix:U-Boot#) >>> error: execution expired
- 06:35:09 [INFO] Target: 
reading u-boot.img
reading u-boot.img


U-Boot 2014.07-rc2 (May 29 2014 - 18:04:30)

I2C:   ready
DRAM:  512 MiB

- 06:35:09 [INFO] Host: 
- 06:35:09 [ERROR] On command:  waiting for (?-mix:U-Boot#) >>> error: execution expired
- 06:35:09 [INFO] Target: 
NAND:  256 MiB
MMC:   OMAP SD/MMC: 0, OMAP SD/MMC: 1

- 06:35:09 [INFO] Host: 
- 06:35:10 [ERROR] On command:  waiting for (?-mix:U-Boot#) >>> error: execution expired
- 06:35:10 [INFO] Target: 

- 06:35:10 [INFO] Host: 
- 06:35:10 [ERROR] On command:  waiting for (?-mix:U-Boot#) >>> error: execution expired
- 06:35:10 [INFO] Target: 

- 06:35:10 [INFO] Host: 
- 06:35:11 [ERROR] On command:  waiting for (?-mix:U-Boot#) >>> error: execution expired
- 06:35:11 [INFO] Target: 

- 06:35:11 [INFO] Host: 
- 06:35:11 [INFO] Target: 
Net:   <ethaddr> not set. Validating first E-fuse MAC
cpsw, usb_ether
Hit any key to stop autoboot:  1  0 
U-Boot# 
U-Boot# 
U-Boot# 
U-Boot# 
U-Boot# 
- 06:35:11 [INFO] Host: 
- 06:35:12 [INFO] Target: 

U-Boot# 
- 06:35:12 [INFO] Host: version
- 06:35:12 [INFO] Target: 
version

U-Boot 2014.07-rc2 (May 29 2014 - 18:04:30)
arm-linux-gnueabihf-gcc (crosstool-NG linaro-1.13.1-4.7-2013.03-20130313 - Linaro GCC 2013.03) 4.7.3 20130226 (prerelease)
GNU ld (crosstool-NG linaro-1.13.1-4.7-2013.03-20130313 - Linaro GCC 2013.03) 2.23.1
U-Boot# 
- 06:35:12 [INFO] Host: setenv bootargs 'console=ttyO0,115200n8 earlyprintk rootwait  '
- 06:35:13 [INFO] Target: 
setenv bootargs 'console=ttyO0,115200n8 earlyprintk rootwait  '
U-Boot# 
- 06:35:13 [INFO] Host: setenv bootcmd  ''
- 06:35:13 [INFO] Target: 
setenv bootcmd  ''
U-Boot# 
- 06:35:13 [INFO] Host: setenv autoload 'no'
- 06:35:14 [INFO] Target: 
setenv autoload 'no'
U-Boot# 
- 06:35:14 [INFO] Host: setenv serverip '192.168.0.1'
- 06:35:14 [INFO] Target: 
setenv serverip '192.168.0.1'
U-Boot# 
- 06:35:14 [INFO] Host: printenv
- 06:35:15 [INFO] Target: 
printenv
arch=arm
autoload=no
baudrate=115200
board=am335x
board_name=A33515BB
board_rev=1.1A
boot_fdt=try
bootargs=console=ttyO0,115200n8 earlyprintk rootwait  
bootcmd=
bootcount=1
bootdelay=1
bootdir=/boot
bootenv=uEnv.txt
bootfile=zImage
bootm_size=0x10000000
bootpart=0:2
console=ttyO0,115200n8
cpu=armv7
dfu_alt_info_emmc=rawemmc mmc 0 3751936
dfu_alt_info_mmc=boot part 0 1;rootfs part 0 2;MLO fat 0 1;MLO.raw mmc 0x100 0x100;u-boot.img.raw mmc 0x300 0x400;spl-os-args.raw mmc 0x80 0x80;spl-os-image.raw mmc 0x900 0x2000;spl-os-args fat 0 1;spl-os-image fat 0 1;u-boot.img fat 0 1;uEnv.txt fat 0 1
dfu_alt_info_nand=SPL part 0 1;SPL.backup1 part 0 2;SPL.backup2 part 0 3;SPL.backup3 part 0 4;u-boot part 0 5;u-boot-spl-os part 0 6;kernel part 0 8;rootfs part 0 9
dfu_alt_info_ram=kernel ram 0x80200000 0xD80000;fdt ram 0x80F80000 0x80000;ramdisk ram 0x81000000 0x4000000
eth1addr=40:5f:c2:76:54:11
ethact=cpsw
ethaddr=40:5f:c2:76:54:10
fdt_addr_r=0x88000000
fdtaddr=0x88000000
fdtfile=undefined
findfdt=if test $board_name = A335BONE; then setenv fdtfile am335x-bone.dtb; fi; if test $board_name = A335BNLT; then setenv fdtfile am335x-boneblack.dtb; fi; if test $board_name = A33515BB; then setenv fdtfile am335x-evm.dtb; fi; if test $board_name = A335X_SK; then setenv fdtfile am335x-evmsk.dtb; fi; if test $fdtfile = undefined; then echo WARNING: Could not determine device tree to use; fi; 
importbootenv=echo Importing environment from mmc ...; env import -t $loadaddr $filesize
kernel_addr_r=0x82000000
loadaddr=0x82000000
loadbootenv=load mmc ${mmcdev} ${loadaddr} ${bootenv}
loadfdt=load mmc ${bootpart} ${fdtaddr} ${bootdir}/${fdtfile}
loadimage=load mmc ${bootpart} ${loadaddr} ${bootdir}/${bootfile}
loadramdisk=load mmc ${mmcdev} ${rdaddr} ramdisk.gz
mmcargs=setenv bootargs console=${console} ${optargs} root=${mmcroot} rootfstype=${mmcrootfstype}
mmcboot=mmc dev ${mmcdev}; if mmc rescan; then echo SD/MMC found on device ${mmcdev};if run loadbootenv; then echo Loaded environment from ${bootenv};run importbootenv;fi;if test -n $uenvcmd; then echo Running uenvcmd ...;run uenvcmd;fi;if run loadimage; then run mmcloados;fi;fi;
mmcdev=0
mmcloados=run mmcargs; if test ${boot_fdt} = yes || test ${boot_fdt} = try; then if run loadfdt; then bootz ${loadaddr} - ${fdtaddr}; else if test ${boot_fdt} = try; then bootz; else echo WARN: Cannot load the DT; fi; fi; else bootz; fi;
mmcroot=/dev/mmcblk0p2 ro
mmcrootfstype=ext4 rootwait
mtdids=nand0=omap2-nand.0
mtdparts=mtdparts=omap2-nand.0:128k(SPL),128k(SPL.backup1),128k(SPL.backup2),128k(SPL.backup3),1792k(u-boot),128k(u-boot-spl-os),128k(u-boot-env),5m(kernel),-(rootfs)
nandargs=setenv bootargs console=${console} ${optargs} root=${nandroot} rootfstype=${nandrootfstype}
nandboot=echo Booting from nand ...; run nandargs; nand read ${fdtaddr} u-boot-spl-os; nand read ${loadaddr} kernel; bootz ${loadaddr} - ${fdtaddr}
nandroot=ubi0:rootfs rw ubi.mtd=7,2048
nandrootfstype=ubifs rootwait=1
netargs=setenv bootargs console=${console} ${optargs} root=/dev/nfs nfsroot=${serverip}:${rootpath},${nfsopts} rw ip=dhcp
netboot=echo Booting from network ...; setenv autoload no; dhcp; tftp ${loadaddr} ${bootfile}; tftp ${fdtaddr} ${fdtfile}; run netargs; bootz ${loadaddr} - ${fdtaddr}
nfsopts=nolock
partitions=uuid_disk=${uuid_gpt_disk};name=rootfs,start=2MiB,size=-,uuid=${uuid_gpt_rootfs}
ramargs=setenv bootargs console=${console} ${optargs} root=${ramroot} rootfstype=${ramrootfstype}
ramboot=echo Booting from ramdisk ...; run ramargs; bootz ${loadaddr} ${rdaddr} ${fdtaddr}
ramdisk_addr_r=0x88080000
ramroot=/dev/ram0 rw
ramrootfstype=ext2
rdaddr=0x88080000
rootpath=/export/rootfs
serverip=192.168.0.1
soc=am33xx
spiargs=setenv bootargs console=${console} ${optargs} root=${spiroot} rootfstype=${spirootfstype}
spiboot=echo Booting from spi ...; run spiargs; sf probe ${spibusno}:0; sf read ${loadaddr} ${spisrcaddr} ${spiimgsize}; bootz ${loadaddr}
spibusno=0
spiimgsize=0x362000
spiroot=/dev/mtdblock4 rw
spirootfstype=jffs2
spisrcaddr=0xe0000
static_ip=${ipaddr}:${serverip}:${gatewayip}:${netmask}:${hostname}::off
stderr=serial
stdin=serial
stdout=serial
usbnet_devaddr=40:5f:c2:76:54:11
vendor=ti
ver=U-Boot 2014.07-rc2 (May 29 2014 - 18:04:30)

Environment size: 4367/131068 bytes
U-Boot# 
- 06:35:15 [INFO] Host: printenv
- 06:35:15 [INFO] Target: 
printenv
arch=arm
autoload=no
baudrate=115200
board=am335x
board_name=A33515BB
board_rev=1.1A
boot_fdt=try
bootargs=console=ttyO0,115200n8 earlyprintk rootwait  
bootcmd=
bootcount=1
bootdelay=1
bootdir=/boot
bootenv=uEnv.txt
bootfile=zImage
bootm_size=0x10000000
bootpart=0:2
console=ttyO0,115200n8
cpu=armv7
dfu_alt_info_emmc=rawemmc mmc 0 3751936
dfu_alt_info_mmc=boot part 0 1;rootfs part 0 2;MLO fat 0 1;MLO.raw mmc 0x100 0x100;u-boot.img.raw mmc 0x300 0x400;spl-os-args.raw mmc 0x80 0x80;spl-os-image.raw mmc 0x900 0x2000;spl-os-args fat 0 1;spl-os-image fat 0 1;u-boot.img fat 0 1;uEnv.txt fat 0 1
dfu_alt_info_nand=SPL part 0 1;SPL.backup1 part 0 2;SPL.backup2 part 0 3;SPL.backup3 part 0 4;u-boot part 0 5;u-boot-spl-os part 0 6;kernel part 0 8;rootfs part 0 9
dfu_alt_info_ram=kernel ram 0x80200000 0xD80000;fdt ram 0x80F80000 0x80000;ramdisk ram 0x81000000 0x4000000
eth1addr=40:5f:c2:76:54:11
ethact=cpsw
ethaddr=40:5f:c2:76:54:10
fdt_addr_r=0x88000000
fdtaddr=0x88000000
fdtfile=undefined
findfdt=if test $board_name = A335BONE; then setenv fdtfile am335x-bone.dtb; fi; if test $board_name = A335BNLT; then setenv fdtfile am335x-boneblack.dtb; fi; if test $board_name = A33515BB; then setenv fdtfile am335x-evm.dtb; fi; if test $board_name = A335X_SK; then setenv fdtfile am335x-evmsk.dtb; fi; if test $fdtfile = undefined; then echo WARNING: Could not determine device tree to use; fi; 
importbootenv=echo Importing environment from mmc ...; env import -t $loadaddr $filesize
kernel_addr_r=0x82000000
loadaddr=0x82000000
loadbootenv=load mmc ${mmcdev} ${loadaddr} ${bootenv}
loadfdt=load mmc ${bootpart} ${fdtaddr} ${bootdir}/${fdtfile}
loadimage=load mmc ${bootpart} ${loadaddr} ${bootdir}/${bootfile}
loadramdisk=load mmc ${mmcdev} ${rdaddr} ramdisk.gz
mmcargs=setenv bootargs console=${console} ${optargs} root=${mmcroot} rootfstype=${mmcrootfstype}
mmcboot=mmc dev ${mmcdev}; if mmc rescan; then echo SD/MMC found on device ${mmcdev};if run loadbootenv; then echo Loaded environment from ${bootenv};run importbootenv;fi;if test -n $uenvcmd; then echo Running uenvcmd ...;run uenvcmd;fi;if run loadimage; then run mmcloados;fi;fi;
mmcdev=0
mmcloados=run mmcargs; if test ${boot_fdt} = yes || test ${boot_fdt} = try; then if run loadfdt; then bootz ${loadaddr} - ${fdtaddr}; else if test ${boot_fdt} = try; then bootz; else echo WARN: Cannot load the DT; fi; fi; else bootz; fi;
mmcroot=/dev/mmcblk0p2 ro
mmcrootfstype=ext4 rootwait
mtdids=nand0=omap2-nand.0
mtdparts=mtdparts=omap2-nand.0:128k(SPL),128k(SPL.backup1),128k(SPL.backup2),128k(SPL.backup3),1792k(u-boot),128k(u-boot-spl-os),128k(u-boot-env),5m(kernel),-(rootfs)
nandargs=setenv bootargs console=${console} ${optargs} root=${nandroot} rootfstype=${nandrootfstype}
nandboot=echo Booting from nand ...; run nandargs; nand read ${fdtaddr} u-boot-spl-os; nand read ${loadaddr} kernel; bootz ${loadaddr} - ${fdtaddr}
nandroot=ubi0:rootfs rw ubi.mtd=7,2048
nandrootfstype=ubifs rootwait=1
netargs=setenv bootargs console=${console} ${optargs} root=/dev/nfs nfsroot=${serverip}:${rootpath},${nfsopts} rw ip=dhcp
netboot=echo Booting from network ...; setenv autoload no; dhcp; tftp ${loadaddr} ${bootfile}; tftp ${fdtaddr} ${fdtfile}; run netargs; bootz ${loadaddr} - ${fdtaddr}
nfsopts=nolock
partitions=uuid_disk=${uuid_gpt_disk};name=rootfs,start=2MiB,size=-,uuid=${uuid_gpt_rootfs}
ramargs=setenv bootargs console=${console} ${optargs} root=${ramroot} rootfstype=${ramrootfstype}
ramboot=echo Booting from ramdisk ...; run ramargs; bootz ${loadaddr} ${rdaddr} ${fdtaddr}
ramdisk_addr_r=0x88080000
ramroot=/dev/ram0 rw
ramrootfstype=ext2
rdaddr=0x88080000
rootpath=/export/rootfs
serverip=192.168.0.1
soc=am33xx
spiargs=setenv bootargs console=${console} ${optargs} root=${spiroot} rootfstype=${spirootfstype}
spiboot=echo Booting from spi ...; run spiargs; sf probe ${spibusno}:0; sf read ${loadaddr} ${spisrcaddr} ${spiimgsize}; bootz ${loadaddr}
spibusno=0
spiimgsize=0x362000
spiroot=/dev/mtdblock4 rw
spirootfstype=jffs2
spisrcaddr=0xe0000
static_ip=${ipaddr}:${serverip}:${gatewayip}:${netmask}:${hostname}::off
stderr=serial
stdin=serial
stdout=serial
usbnet_devaddr=40:5f:c2:76:54:11
vendor=ti
ver=U-Boot 2014.07-rc2 (May 29 2014 - 18:04:30)

Environment size: 4367/131068 bytes
U-Boot# 
- 06:35:15 [INFO] Host: setenv bootargs ''${bootargs}' ip=dhcp '
- 06:35:16 [INFO] Target: 
setenv bootargs ''${bootargs}' ip=dhcp '
U-Boot# 
- 06:35:16 [INFO] Host: setenv serverip '192.168.0.1'
- 06:35:16 [INFO] Target: 
setenv serverip '192.168.0.1'
U-Boot# 
- 06:35:16 [INFO] Host: setenv ipaddr dhcp
- 06:35:17 [INFO] Target: 
setenv ipaddr dhcp
U-Boot# 
- 06:35:17 [INFO] Host: setenv autoload 'no'
- 06:35:17 [INFO] Target: 
setenv autoload 'no'
U-Boot# 
- 06:35:17 [INFO] Host: dhcp
- 06:35:19 [INFO] Target: 
dhcp
link up on port 0, speed 1000, full duplex
BOOTP broadcast 1
DHCP client bound to address 192.168.0.130
U-Boot# 
- 06:35:19 [INFO] Host: setenv serverip '192.168.0.1'
- 06:35:19 [INFO] Target: 
setenv serverip '192.168.0.1'
U-Boot# 
- 06:35:19 [INFO] Host: tftp ${loadaddr} 192.168.0.1:vatf_am335x-evm/9b496cd489f146147eb6a866b6869616
- 06:35:20 [INFO] Target: 
tftp ${loadaddr} 192.168.0.1:vatf_am335x-evm/9b496cd489f146147eb6a866b6869616
link up on port 0, speed 1000, full duplex
Using cpsw device
TFTP from server 192.168.0.1; our IP address is 192.168.0.130
Filename 'vatf_am335x-evm/9b496cd489f146147eb6a866b6869616'.
Load address: 0x82000000
Loading: *#################################################################
	 #################################################################
	 #################################################################
	 #################################################################
	 ######################################
	 8 MiB/s
done
Bytes transferred = 4361784 (428e38 hex)
U-Boot# 
- 06:35:20 [INFO] Host: tftp ${fdt_addr_r} 192.168.0.1:vatf_am335x-evm/4e8d765236922a11f556fa5c4a58216b
- 06:35:21 [INFO] Target: 
tftp ${fdt_addr_r} 192.168.0.1:vatf_am335x-evm/4e8d765236922a11f556fa5c4a58216b
link up on port 0, speed 1000, full duplex
Using cpsw device
TFTP from server 192.168.0.1; our IP address is 192.168.0.130
Filename 'vatf_am335x-evm/4e8d765236922a11f556fa5c4a58216b'.
Load address: 0x88000000
Loading: *###
	 6.6 MiB/s
done
Bytes transferred = 34536 (86e8 hex)
U-Boot# 
- 06:35:21 [INFO] Host: ls mmc 0:1
- 06:35:21 [INFO] Target: 
ls mmc 0:1
    82480   mlo 
  2207667   u-boot 
   376260   u-boot.bin 
   408372   u-boot.img 
  1009270   u-boot-spl 
   102952   u-boot-spl.bin 
       53   pointercal 
       13   .ipaddr 

8 file(s), 0 dir(s)

U-Boot# 
- 06:35:21 [INFO] Host: ls mmc 0:2
- 06:35:22 [INFO] Target: 
ls mmc 0:2
<DIR>       4096 .
<DIR>       4096 ..
<DIR>       4096 bin
<DIR>       4096 boot
<DIR>       4096 dev
<DIR>       4096 etc
<DIR>       4096 home
<DIR>       4096 lib
<DIR>       4096 media
<DIR>       4096 mnt
<DIR>       4096 opt
<DIR>       4096 proc
<DIR>       4096 sbin
<DIR>       4096 Settings
<DIR>       4096 srv
<DIR>       4096 sys
<DIR>       4096 test
<SYM>          8 tmp
<DIR>       4096 usr
<DIR>       4096 var
<DIR>       4096 www
<DIR>       4096 debug
U-Boot# 
- 06:35:22 [INFO] Host: part uuid mmc 0:2
- 06:35:22 [INFO] Target: 
part uuid mmc 0:2
00050067-02
U-Boot# 
- 06:35:22 [INFO] Host: printenv
- 06:35:23 [INFO] Target: 
printenv
arch=arm
autoload=no
baudrate=115200
board=am335x
board_name=A33515BB
board_rev=1.1A
boot_fdt=try
bootargs=console=ttyO0,115200n8 earlyprintk rootwait   ip=dhcp 
bootcmd=
bootcount=1
bootdelay=1
bootdir=/boot
bootenv=uEnv.txt
bootfile=zImage
bootm_size=0x10000000
bootpart=0:2
console=ttyO0,115200n8
cpu=armv7
dfu_alt_info_emmc=rawemmc mmc 0 3751936
dfu_alt_info_mmc=boot part 0 1;rootfs part 0 2;MLO fat 0 1;MLO.raw mmc 0x100 0x100;u-boot.img.raw mmc 0x300 0x400;spl-os-args.raw mmc 0x80 0x80;spl-os-image.raw mmc 0x900 0x2000;spl-os-args fat 0 1;spl-os-image fat 0 1;u-boot.img fat 0 1;uEnv.txt fat 0 1
dfu_alt_info_nand=SPL part 0 1;SPL.backup1 part 0 2;SPL.backup2 part 0 3;SPL.backup3 part 0 4;u-boot part 0 5;u-boot-spl-os part 0 6;kernel part 0 8;rootfs part 0 9
dfu_alt_info_ram=kernel ram 0x80200000 0xD80000;fdt ram 0x80F80000 0x80000;ramdisk ram 0x81000000 0x4000000
dnsip=192.0.2.2
dnsip2=192.0.2.3
eth1addr=40:5f:c2:76:54:11
ethact=cpsw
ethaddr=40:5f:c2:76:54:10
fdt_addr_r=0x88000000
fdtaddr=0x88000000
fdtfile=undefined
fileaddr=88000000
filesize=86e8
findfdt=if test $board_name = A335BONE; then setenv fdtfile am335x-bone.dtb; fi; if test $board_name = A335BNLT; then setenv fdtfile am335x-boneblack.dtb; fi; if test $board_name = A33515BB; then setenv fdtfile am335x-evm.dtb; fi; if test $board_name = A335X_SK; then setenv fdtfile am335x-evmsk.dtb; fi; if test $fdtfile = undefined; then echo WARNING: Could not determine device tree to use; fi; 
gatewayip=192.168.0.1
importbootenv=echo Importing environment from mmc ...; env import -t $loadaddr $filesize
ipaddr=192.168.0.130
kernel_addr_r=0x82000000
loadaddr=0x82000000
loadbootenv=load mmc ${mmcdev} ${loadaddr} ${bootenv}
loadfdt=load mmc ${bootpart} ${fdtaddr} ${bootdir}/${fdtfile}
loadimage=load mmc ${bootpart} ${loadaddr} ${bootdir}/${bootfile}
loadramdisk=load mmc ${mmcdev} ${rdaddr} ramdisk.gz
mmcargs=setenv bootargs console=${console} ${optargs} root=${mmcroot} rootfstype=${mmcrootfstype}
mmcboot=mmc dev ${mmcdev}; if mmc rescan; then echo SD/MMC found on device ${mmcdev};if run loadbootenv; then echo Loaded environment from ${bootenv};run importbootenv;fi;if test -n $uenvcmd; then echo Running uenvcmd ...;run uenvcmd;fi;if run loadimage; then run mmcloados;fi;fi;
mmcdev=0
mmcloados=run mmcargs; if test ${boot_fdt} = yes || test ${boot_fdt} = try; then if run loadfdt; then bootz ${loadaddr} - ${fdtaddr}; else if test ${boot_fdt} = try; then bootz; else echo WARN: Cannot load the DT; fi; fi; else bootz; fi;
mmcroot=/dev/mmcblk0p2 ro
mmcrootfstype=ext4 rootwait
mtdids=nand0=omap2-nand.0
mtdparts=mtdparts=omap2-nand.0:128k(SPL),128k(SPL.backup1),128k(SPL.backup2),128k(SPL.backup3),1792k(u-boot),128k(u-boot-spl-os),128k(u-boot-env),5m(kernel),-(rootfs)
nandargs=setenv bootargs console=${console} ${optargs} root=${nandroot} rootfstype=${nandrootfstype}
nandboot=echo Booting from nand ...; run nandargs; nand read ${fdtaddr} u-boot-spl-os; nand read ${loadaddr} kernel; bootz ${loadaddr} - ${fdtaddr}
nandroot=ubi0:rootfs rw ubi.mtd=7,2048
nandrootfstype=ubifs rootwait=1
netargs=setenv bootargs console=${console} ${optargs} root=/dev/nfs nfsroot=${serverip}:${rootpath},${nfsopts} rw ip=dhcp
netboot=echo Booting from network ...; setenv autoload no; dhcp; tftp ${loadaddr} ${bootfile}; tftp ${fdtaddr} ${fdtfile}; run netargs; bootz ${loadaddr} - ${fdtaddr}
netmask=255.255.255.0
nfsopts=nolock
partitions=uuid_disk=${uuid_gpt_disk};name=rootfs,start=2MiB,size=-,uuid=${uuid_gpt_rootfs}
ramargs=setenv bootargs console=${console} ${optargs} root=${ramroot} rootfstype=${ramrootfstype}
ramboot=echo Booting from ramdisk ...; run ramargs; bootz ${loadaddr} ${rdaddr} ${fdtaddr}
ramdisk_addr_r=0x88080000
ramroot=/dev/ram0 rw
ramrootfstype=ext2
rdaddr=0x88080000
rootpath=/export/rootfs
serverip=192.168.0.1
soc=am33xx
spiargs=setenv bootargs console=${console} ${optargs} root=${spiroot} rootfstype=${spirootfstype}
spiboot=echo Booting from spi ...; run spiargs; sf probe ${spibusno}:0; sf read ${loadaddr} ${spisrcaddr} ${spiimgsize}; bootz ${loadaddr}
spibusno=0
spiimgsize=0x362000
spiroot=/dev/mtdblock4 rw
spirootfstype=jffs2
spisrcaddr=0xe0000
static_ip=${ipaddr}:${serverip}:${gatewayip}:${netmask}:${hostname}::off
stderr=serial
stdin=serial
stdout=serial
usbnet_devaddr=40:5f:c2:76:54:11
vendor=ti
ver=U-Boot 2014.07-rc2 (May 29 2014 - 18:04:30)

Environment size: 4520/131068 bytes
U-Boot# 
- 06:35:23 [INFO] Host: setenv bootargs ''${bootargs}' root=PARTUUID=00050067-02 rw rootfstype=ext4 rootwait '
- 06:35:23 [INFO] Target: 
setenv bootargs ''${bootargs}' root=PARTUUID=00050067-02 rw rootfstype=ext4 rootwait '
U-Boot# 
- 06:35:23 [INFO] Host: printenv
- 06:35:24 [INFO] Target: 
printenv
arch=arm
autoload=no
baudrate=115200
board=am335x
board_name=A33515BB
board_rev=1.1A
boot_fdt=try
bootargs=console=ttyO0,115200n8 earlyprintk rootwait   ip=dhcp  root=PARTUUID=00050067-02 rw rootfstype=ext4 rootwait 
bootcmd=
bootcount=1
bootdelay=1
bootdir=/boot
bootenv=uEnv.txt
bootfile=zImage
bootm_size=0x10000000
bootpart=0:2
console=ttyO0,115200n8
cpu=armv7
dfu_alt_info_emmc=rawemmc mmc 0 3751936
dfu_alt_info_mmc=boot part 0 1;rootfs part 0 2;MLO fat 0 1;MLO.raw mmc 0x100 0x100;u-boot.img.raw mmc 0x300 0x400;spl-os-args.raw mmc 0x80 0x80;spl-os-image.raw mmc 0x900 0x2000;spl-os-args fat 0 1;spl-os-image fat 0 1;u-boot.img fat 0 1;uEnv.txt fat 0 1
dfu_alt_info_nand=SPL part 0 1;SPL.backup1 part 0 2;SPL.backup2 part 0 3;SPL.backup3 part 0 4;u-boot part 0 5;u-boot-spl-os part 0 6;kernel part 0 8;rootfs part 0 9
dfu_alt_info_ram=kernel ram 0x80200000 0xD80000;fdt ram 0x80F80000 0x80000;ramdisk ram 0x81000000 0x4000000
dnsip=192.0.2.2
dnsip2=192.0.2.3
eth1addr=40:5f:c2:76:54:11
ethact=cpsw
ethaddr=40:5f:c2:76:54:10
fdt_addr_r=0x88000000
fdtaddr=0x88000000
fdtfile=undefined
fileaddr=88000000
filesize=86e8
findfdt=if test $board_name = A335BONE; then setenv fdtfile am335x-bone.dtb; fi; if test $board_name = A335BNLT; then setenv fdtfile am335x-boneblack.dtb; fi; if test $board_name = A33515BB; then setenv fdtfile am335x-evm.dtb; fi; if test $board_name = A335X_SK; then setenv fdtfile am335x-evmsk.dtb; fi; if test $fdtfile = undefined; then echo WARNING: Could not determine device tree to use; fi; 
gatewayip=192.168.0.1
importbootenv=echo Importing environment from mmc ...; env import -t $loadaddr $filesize
ipaddr=192.168.0.130
kernel_addr_r=0x82000000
loadaddr=0x82000000
loadbootenv=load mmc ${mmcdev} ${loadaddr} ${bootenv}
loadfdt=load mmc ${bootpart} ${fdtaddr} ${bootdir}/${fdtfile}
loadimage=load mmc ${bootpart} ${loadaddr} ${bootdir}/${bootfile}
loadramdisk=load mmc ${mmcdev} ${rdaddr} ramdisk.gz
mmcargs=setenv bootargs console=${console} ${optargs} root=${mmcroot} rootfstype=${mmcrootfstype}
mmcboot=mmc dev ${mmcdev}; if mmc rescan; then echo SD/MMC found on device ${mmcdev};if run loadbootenv; then echo Loaded environment from ${bootenv};run importbootenv;fi;if test -n $uenvcmd; then echo Running uenvcmd ...;run uenvcmd;fi;if run loadimage; then run mmcloados;fi;fi;
mmcdev=0
mmcloados=run mmcargs; if test ${boot_fdt} = yes || test ${boot_fdt} = try; then if run loadfdt; then bootz ${loadaddr} - ${fdtaddr}; else if test ${boot_fdt} = try; then bootz; else echo WARN: Cannot load the DT; fi; fi; else bootz; fi;
mmcroot=/dev/mmcblk0p2 ro
mmcrootfstype=ext4 rootwait
mtdids=nand0=omap2-nand.0
mtdparts=mtdparts=omap2-nand.0:128k(SPL),128k(SPL.backup1),128k(SPL.backup2),128k(SPL.backup3),1792k(u-boot),128k(u-boot-spl-os),128k(u-boot-env),5m(kernel),-(rootfs)
nandargs=setenv bootargs console=${console} ${optargs} root=${nandroot} rootfstype=${nandrootfstype}
nandboot=echo Booting from nand ...; run nandargs; nand read ${fdtaddr} u-boot-spl-os; nand read ${loadaddr} kernel; bootz ${loadaddr} - ${fdtaddr}
nandroot=ubi0:rootfs rw ubi.mtd=7,2048
nandrootfstype=ubifs rootwait=1
netargs=setenv bootargs console=${console} ${optargs} root=/dev/nfs nfsroot=${serverip}:${rootpath},${nfsopts} rw ip=dhcp
netboot=echo Booting from network ...; setenv autoload no; dhcp; tftp ${loadaddr} ${bootfile}; tftp ${fdtaddr} ${fdtfile}; run netargs; bootz ${loadaddr} - ${fdtaddr}
netmask=255.255.255.0
nfsopts=nolock
partitions=uuid_disk=${uuid_gpt_disk};name=rootfs,start=2MiB,size=-,uuid=${uuid_gpt_rootfs}
ramargs=setenv bootargs console=${console} ${optargs} root=${ramroot} rootfstype=${ramrootfstype}
ramboot=echo Booting from ramdisk ...; run ramargs; bootz ${loadaddr} ${rdaddr} ${fdtaddr}
ramdisk_addr_r=0x88080000
ramroot=/dev/ram0 rw
ramrootfstype=ext2
rdaddr=0x88080000
rootpath=/export/rootfs
serverip=192.168.0.1
soc=am33xx
spiargs=setenv bootargs console=${console} ${optargs} root=${spiroot} rootfstype=${spirootfstype}
spiboot=echo Booting from spi ...; run spiargs; sf probe ${spibusno}:0; sf read ${loadaddr} ${spisrcaddr} ${spiimgsize}; bootz ${loadaddr}
spibusno=0
spiimgsize=0x362000
spiroot=/dev/mtdblock4 rw
spirootfstype=jffs2
spisrcaddr=0xe0000
static_ip=${ipaddr}:${serverip}:${gatewayip}:${netmask}:${hostname}::off
stderr=serial
stdin=serial
stdout=serial
usbnet_devaddr=40:5f:c2:76:54:11
vendor=ti
ver=U-Boot 2014.07-rc2 (May 29 2014 - 18:04:30)

Environment size: 4575/131068 bytes
U-Boot# 
- 06:35:24 [INFO] Host: setenv bootcmd ''${bootcmd}' if iminfo ${loadaddr}; then bootm ${loadaddr} - ${fdt_addr_r}; else bootz ${loadaddr} - ${fdt_addr_r}; bootm ${loadaddr} - ${fdt_addr_r}; fi'
- 06:35:24 [INFO] Target: 
setenv bootcmd ''${bootcmd}' if iminfo ${loadaddr}; then bootm ${loadaddr} - ${fdt_addr_r}; else bootz ${loadaddr} - ${fdt_addr_r}; bootm ${loadaddr} - ${fdt_addr_r}; fi'
U-Boot# 
- 06:35:24 [INFO] Host: bdinfo
- 06:35:25 [INFO] Target: 
bdinfo
arch_number = 0x00000E05
boot_params = 0x80000100
DRAM bank   = 0x00000000
-> start    = 0x80000000
-> size     = 0x20000000
eth0name    = cpsw
ethaddr     = 40:5f:c2:76:54:10
eth1name    = usb_ether
eth1addr    = 40:5f:c2:76:54:11
current eth = cpsw
ip_addr     = 192.168.0.130
baudrate    = 115200 bps
TLB addr    = 0x9FFF0000
relocaddr   = 0x9F74A000
reloc off   = 0x1EF4A000
irq_sp      = 0x9F629EE0
sp start    = 0x9F629ED0
U-Boot# 
- 06:35:25 [INFO] Host: boot
- 06:37:55 [ERROR] On command: boot waiting for (?-mix:login:) >>> error: execution expired
- 06:37:55 [INFO] Target: 
boot

## Checking Image at 82000000 ...
Unknown image format!
Kernel image @ 0x82000000 [ 0x000000 - 0x428e38 ]
## Flattened Device Tree blob at 88000000
   Booting using the fdt blob at 0x88000000
   Loading Device Tree to 8fff4000, end 8ffff6e7 ... OK

Starting kernel ...

[    0.000000] Booting Linux on physical CPU 0x0
[    0.000000] Linux version 3.16.0-rc6-next-20140723-00002-g93bd822 (nmenon@kahuna) (gcc version 4.6.3 (Ubuntu/Linaro 4.6.3-1ubuntu5) ) #1 SMP Wed Jul 23 05:39:51 CDT 2014
[    0.000000] CPU: ARMv7 Processor [413fc082] revision 2 (ARMv7), cr=10c5387d
[    0.000000] CPU: PIPT / VIPT nonaliasing data cache, VIPT aliasing instruction cache
[    0.000000] Machine model: TI AM335x EVM
[    0.000000] cma: Reserved 16 MiB at 9e800000
[    0.000000] Memory policy: Data cache writeback
[    0.000000]   HighMem zone: 1048574 pages exceeds freesize 0
[    0.000000] CPU: All CPU(s) started in SVC mode.
[    0.000000] AM335X ES1.0 (sgx neon )
[    0.000000] PERCPU: Embedded 9 pages/cpu @dfa9a000 s14336 r8192 d14336 u36864
[    0.000000] Built 1 zonelists in Zone order, mobility grouping on.  Total pages: 129792
[    0.000000] Kernel command line: console=ttyO0,115200n8 earlyprintk rootwait   ip=dhcp  root=PARTUUID=00050067-02 rw rootfstype=ext4 rootwait 
[    0.000000] PID hash table entries: 2048 (order: 1, 8192 bytes)
[    0.000000] Dentry cache hash table entries: 65536 (order: 6, 262144 bytes)
[    0.000000] Inode-cache hash table entries: 32768 (order: 5, 131072 bytes)
[    0.000000] Memory: 484796K/523264K available (5674K kernel code, 650K rwdata, 2196K rodata, 406K init, 8210K bss, 38468K reserved, 0K highmem)
[    0.000000] Virtual kernel memory layout:
[    0.000000]     vector  : 0xffff0000 - 0xffff1000   (   4 kB)
[    0.000000]     fixmap  : 0xffc00000 - 0xffe00000   (2048 kB)
[    0.000000]     vmalloc : 0xe0800000 - 0xff000000   ( 488 MB)
[    0.000000]     lowmem  : 0xc0000000 - 0xe0000000   ( 512 MB)
[    0.000000]     pkmap   : 0xbfe00000 - 0xc0000000   (   2 MB)
[    0.000000]     modules : 0xbf000000 - 0xbfe00000   (  14 MB)
[    0.000000]       .text : 0xc0008000 - 0xc07b7c10   (7872 kB)
[    0.000000]       .init : 0xc07b8000 - 0xc081d800   ( 406 kB)
[    0.000000]       .data : 0xc081e000 - 0xc08c08f0   ( 651 kB)
[    0.000000]        .bss : 0xc08c08f0 - 0xc10c53d8   (8211 kB)
[    0.000000] Hierarchical RCU implementation.
[    0.000000] 	RCU restricting CPUs from NR_CPUS=2 to nr_cpu_ids=1.
[    0.000000] RCU: Adjusting geometry for rcu_fanout_leaf=16, nr_cpu_ids=1
[    0.000000] NR_IRQS:16 nr_irqs:16 16
[    0.000000] IRQ: Found an INTC at 0xfa200000 (revision 5.0) with 128 interrupts
[    0.000000] Total of 128 interrupts on 1 active controller
[    0.000000] OMAP clockevent source: timer2 at 24000000 Hz
[    0.000018] sched_clock: 32 bits at 24MHz, resolution 41ns, wraps every 178956969942ns
[    0.000077] OMAP clocksource: timer1 at 24000000 Hz
[    0.001037] Console: colour dummy device 80x30
[    0.001100] Lock dependency validator: Copyright (c) 2006 Red Hat, Inc., Ingo Molnar
[    0.001112] ... MAX_LOCKDEP_SUBCLASSES:  8
[    0.001122] ... MAX_LOCK_DEPTH:          48
[    0.001131] ... MAX_LOCKDEP_KEYS:        8191
[    0.001141] ... CLASSHASH_SIZE:          4096
[    0.001151] ... MAX_LOCKDEP_ENTRIES:     32768
[    0.001160] ... MAX_LOCKDEP_CHAINS:      65536
[    0.001169] ... CHAINHASH_SIZE:          32768
[    0.001179]  memory used by lock dependency info: 5167 kB
[    0.001189]  per task-struct memory footprint: 1152 bytes
[    0.001242] Calibrating delay loop... 715.16 BogoMIPS (lpj=3575808)
[    0.098676] pid_max: default: 32768 minimum: 301
[    0.099217] Security Framework initialized
[    0.099385] Mount-cache hash table entries: 1024 (order: 0, 4096 bytes)
[    0.099402] Mountpoint-cache hash table entries: 1024 (order: 0, 4096 bytes)
[    0.102300] CPU: Testing write buffer coherency: ok
[    0.103787] CPU0: thread -1, cpu 0, socket -1, mpidr 0
[    0.103932] Setting up static identity map for 0x80560b68 - 0x80560bd8
[    0.108186] Brought up 1 CPUs
[    0.108210] SMP: Total of 1 processors activated.
[    0.108223] CPU: All CPU(s) started in SVC mode.
[    0.112074] devtmpfs: initialized
[    0.124205] VFP support v0.3: implementor 41 architecture 3 part 30 variant c rev 3
[    0.176100] omap_hwmod: tptc0 using broken dt data from edma
[    0.176612] omap_hwmod: tptc1 using broken dt data from edma
[    0.177098] omap_hwmod: tptc2 using broken dt data from edma
[    0.187122] omap_hwmod: debugss: _wait_target_disable failed
[    0.247028] pinctrl core: initialized pinctrl subsystem
[    0.250518] regulator-dummy: no parameters
[    0.291101] NET: Registered protocol family 16
[    0.299076] DMA: preallocated 256 KiB pool for atomic coherent allocations
[    0.301893] cpuidle: using governor ladder
[    0.301930] cpuidle: using governor menu
[    0.314895] platform 49000000.edma: alias fck already exists
[    0.314940] platform 49000000.edma: alias fck already exists
[    0.314966] platform 49000000.edma: alias fck already exists
[    0.318516] OMAP GPIO hardware version 0.1
[    0.338584] omap-gpmc 50000000.gpmc: could not find pctldev for node /pinmux@44e10800/nandflash_pins_s0, deferring probe
[    0.338640] platform 50000000.gpmc: Driver omap-gpmc requests probe deferral
[    0.344862] No ATAGs?
[    0.344902] hw-breakpoint: debug architecture 0x4 unsupported.
[    0.404409] edma-dma-engine edma-dma-engine.0: TI EDMA DMA engine driver
[    0.406138] vbat: 5000 mV 
[    0.407173] lis3_reg: no parameters
[    0.411741] SCSI subsystem initialized
[    0.412834] usbcore: registered new interface driver usbfs
[    0.413079] usbcore: registered new interface driver hub
[    0.419719] usbcore: registered new device driver usb
[    0.420853] omap_i2c 44e0b000.i2c: could not find pctldev for node /pinmux@44e10800/pinmux_i2c0_pins, deferring probe
[    0.420903] platform 44e0b000.i2c: Driver omap_i2c requests probe deferral
[    0.420977] omap_i2c 4802a000.i2c: could not find pctldev for node /pinmux@44e10800/pinmux_i2c1_pins, deferring probe
[    0.421008] platform 4802a000.i2c: Driver omap_i2c requests probe deferral
[    0.426585] Switched to clocksource timer1
[    0.641376] NET: Registered protocol family 2
[    0.643775] TCP established hash table entries: 4096 (order: 2, 16384 bytes)
[    0.644020] TCP bind hash table entries: 4096 (order: 5, 147456 bytes)
[    0.645883] TCP: Hash tables configured (established 4096 bind 4096)
[    0.646122] TCP: reno registered
[    0.646156] UDP hash table entries: 256 (order: 2, 20480 bytes)
[    0.646668] UDP-Lite hash table entries: 256 (order: 2, 20480 bytes)
[    0.648137] NET: Registered protocol family 1
[    0.650546] RPC: Registered named UNIX socket transport module.
[    0.650576] RPC: Registered udp transport module.
[    0.650589] RPC: Registered tcp transport module.
[    0.650601] RPC: Registered tcp NFSv4.1 backchannel transport module.
[    0.652248] hw perfevents: enabled with armv7_cortex_a8 PMU driver, 5 counters available
[    0.658102] futex hash table entries: 256 (order: 2, 16384 bytes)
[    0.664576] VFS: Disk quotas dquot_6.5.2
[    0.664749] Dquot-cache hash table entries: 1024 (order 0, 4096 bytes)
[    0.667751] NFS: Registering the id_resolver key type
[    0.668197] Key type id_resolver registered
[    0.668215] Key type id_legacy registered
[    0.668402] jffs2: version 2.2. (NAND) (SUMMARY)   2001-2006 Red Hat, Inc.
[    0.669002] msgmni has been set to 978
[    0.677014] io scheduler noop registered
[    0.677058] io scheduler deadline registered
[    0.677150] io scheduler cfq registered (default)
[    0.680091] pinctrl-single 44e10800.pinmux: 142 pins at pa f9e10800 size 568
[    0.683994] Serial: 8250/16550 driver, 4 ports, IRQ sharing enabled
[    0.692709] omap_uart 44e09000.serial: no wakeirq for uart0
[    0.693461] 44e09000.serial: ttyO0 at MMIO 0x44e09000 (irq = 88, base_baud = 3000000) is a OMAP UART0
[    1.410406] console [ttyO0] enabled
[    1.420748] omap_rng 48310000.rng: OMAP Random Number Generator ver. 20
[    1.460702] brd: module loaded
[    1.484280] loop: module loaded
[    1.491599] mtdoops: mtd device (mtddev=name/number) must be supplied
[    1.502500] usbcore: registered new interface driver asix
[    1.508483] usbcore: registered new interface driver ax88179_178a
[    1.515035] usbcore: registered new interface driver cdc_ether
[    1.521436] usbcore: registered new interface driver smsc95xx
[    1.527675] usbcore: registered new interface driver net1080
[    1.533767] usbcore: registered new interface driver cdc_subset
[    1.540183] usbcore: registered new interface driver zaurus
[    1.546379] usbcore: registered new interface driver cdc_ncm
[    1.553869] usbcore: registered new interface driver cdc_wdm
[    1.560296] usbcore: registered new interface driver usb-storage
[    1.566949] usbcore: registered new interface driver usbtest
[    1.576193] mousedev: PS/2 mouse device common for all mice
[    1.587963] omap_rtc 44e3e000.rtc: rtc core: registered 44e3e000.rtc as rtc0
[    1.596444] i2c /dev entries driver
[    1.600233] Driver for 1-wire Dallas network protocol.
[    1.609518] omap_wdt: OMAP Watchdog Timer Rev 0x01: initial timeout 60 sec
[    1.620168] omap_hsmmc 48060000.mmc: unable to get vmmc regulator -517
[    1.627771] platform 48060000.mmc: Driver omap_hsmmc requests probe deferral
[    1.636065] ledtrig-cpu: registered to indicate activity on CPUs
[    1.643197] usbcore: registered new interface driver usbhid
[    1.649108] usbhid: USB HID core driver
[    1.654877] oprofile: using arm/armv7
[    1.659637] TCP: cubic registered
[    1.663131] Initializing XFRM netlink socket
[    1.667829] NET: Registered protocol family 17
[    1.672593] NET: Registered protocol family 15
[    1.677754] Key type dns_resolver registered
[    1.682510] omap_voltage_late_init: Voltage driver support not added
[    1.689271] sr_dev_init: No voltage domain specified for smartreflex0. Cannot initialize
[    1.697800] sr_dev_init: No voltage domain specified for smartreflex1. Cannot initialize
[    1.707639] ThumbEE CPU extension supported.
[    1.712183] Registering SWP/SWPB emulation handler
[    1.717323] SmartReflex Class3 initialized
[    1.753422] omap-gpmc 50000000.gpmc: GPMC revision 6.0
[    1.761194] nand: device found, Manufacturer ID: 0x2c, Chip ID: 0xda
[    1.768113] nand: Micron MT29F2G08ABAEAWP
[    1.772322] nand: 256MiB, SLC, page size: 2048, OOB size: 64
[    1.778359] nand: error: CONFIG_MTD_NAND_OMAP_BCH not enabled
[    1.784501] omap2-nand: probe of omap2-nand.0 failed with error -22
[    1.914222] tps65910 0-002d: No interrupt support, no core IRQ
[    1.933145] vrtc: 1800 mV 
[    1.936972] vrtc: supplied by vbat
[    1.945087] vio: at 1800 mV 
[    1.948604] vio: supplied by vbat
[    1.956449] vdd_mpu: 912 <--> 1312 mV at 1137 mV 
[    1.961693] vdd_mpu: supplied by vbat
[    1.966979] omap_i2c 44e0b000.i2c: Arbitration lost
[    1.972158] tps65910 0-002d: Error in configuring external control EN2
[    1.979129] tps65910 0-002d: Failed to initialise ext control config
[    1.988337] vdd_core: 912 <--> 1150 mV at 1137 mV 
[    1.993677] vdd_core: supplied by vbat
[    1.998833] omap_i2c 44e0b000.i2c: Arbitration lost
[    2.004006] tps65910 0-002d: Error in configuring external control EN2
[    2.010966] tps65910 0-002d: Failed to initialise ext control config
[    3.036377] omap_i2c 44e0b000.i2c: timeout waiting for bus ready
[    3.042707] vdd3: failed to enable
[    3.049465] tps65910 0-002d: failed to register tps65910-pmic regulator
[    3.062364] tps65910-pmic: probe of tps65910-pmic failed with error -110
[    3.070907] omap_i2c 44e0b000.i2c: bus 0 rev0.11 at 400 kHz
[    3.088667] omap_i2c 4802a000.i2c: bus 1 rev0.11 at 100 kHz
[    3.096766] omap_hsmmc 48060000.mmc: unable to get vmmc regulator -517
[    3.104019] platform 48060000.mmc: Driver omap_hsmmc requests probe deferral
[    3.176383] davinci_mdio 4a101000.mdio: davinci mdio revision 1.6
[    3.182795] davinci_mdio 4a101000.mdio: detected phy mask fffffffe
[    3.192335] libphy: 4a101000.mdio: probed
[    3.196715] davinci_mdio 4a101000.mdio: phy[0]: device 4a101000.mdio:00, driver Atheros 8031 ethernet
[    3.207980] cpsw 4a100000.ethernet: Detected MACID = 40:5f:c2:76:54:10
[    3.220382] input: volume_keys@0 as /devices/volume_keys@0/input/input0
[    3.230521] omap_hsmmc 48060000.mmc: unable to get vmmc regulator -517
[    3.237810] platform 48060000.mmc: Driver omap_hsmmc requests probe deferral
[    3.247052] omap_rtc 44e3e000.rtc: setting system clock to 2000-01-01 00:00:01 UTC (946684801)
[    3.256101] sr_init: No PMIC hook to init smartreflex
[    3.261840] sr_init: platform driver register failed for SR
[    3.291972] net eth0: initializing cpsw version 1.12 (0)
[    3.301901] omap_hsmmc 48060000.mmc: unable to get vmmc regulator -517
[    3.309317] platform 48060000.mmc: Driver omap_hsmmc requests probe deferral
[    3.377410] net eth0: phy found : id is : 0x4dd074
[    3.382653] libphy: PHY 4a101000.mdio:01 not found
[    3.387764] net eth0: phy 4a101000.mdio:01 not found on slave 1
[    7.377374] cpsw 4a100000.ethernet eth0: Link is Up - 1Gbps/Full - flow control rx/tx
[    7.396379] Sending DHCP requests ., OK
[    7.436882] IP-Config: Got DHCP answer from 192.168.0.1, my address is 192.168.0.130
[    7.445412] IP-Config: Complete:
[    7.448904]      device=eth0, hwaddr=40:5f:c2:76:54:10, ipaddr=192.168.0.130, mask=255.255.255.0, gw=192.168.0.1
[    7.459603]      host=192.168.0.130, domain=ti.com, nis-domain=(none)
[    7.466385]      bootserver=192.168.0.1, rootserver=192.168.0.1, rootpath=
[    7.473404]      nameserver0=192.0.2.2, nameserver1=192.0.2.3
[    7.479919] lis3_reg: disabling
[    7.487540] Waiting for root device PARTUUID=00050067-02...
[  136.846584] random: nonblocking pool is initialized

