- 14:24:47 [INFO] Starting target session
- 14:24:49 [INFO] Connected to am335x-evm via serial 
- 14:24:49 [INFO] Host: #check prompt
- 14:24:52 [ERROR] On command: #check prompt waiting for #check prompt.+?(?-mix:((?-mix:.*\s+login)|[Pp]assword)) >>> error: execution expired
- 14:24:52 [INFO] Target: 
#check prompt
root@am335x-evm:/test# 
- 14:24:52 [INFO] Host: #check prompt
- 14:24:52 [INFO] Target: 
#check prompt
root@am335x-evm:/test# 
- 14:24:52 [INFO] Host: sync;poweroff
- 14:26:52 [ERROR] On command: sync;poweroff waiting for sync;poweroff.+?(?i-mx:System halted|System will go to power_off|Power down) >>> error: execution expired
- 14:26:52 [INFO] Target: 
sync;poweroff
-sh: sync: command not found
-sh: poweroff: command not found
root@am335x-evm:/test# 
- 14:26:52 [INFO] Disconnected serial from am335x-evm
- 14:27:13 [INFO] Connected to am335x-evm via serial 
- 14:27:13 [INFO] Host: 
- 14:27:14 [ERROR] On command:  waiting for (?-mix:U-Boot#) >>> error: execution expired
- 14:27:14 [INFO] Target: 
U-Boot SPL 2014.07-g8f725ef (Oct 12 2014 - 06:28:07)
- 14:27:14 [INFO] Host: 
- 14:27:14 [ERROR] On command:  waiting for (?-mix:U-Boot#) >>> error: execution expired
- 14:27:14 [INFO] Target: 
- 14:27:14 [INFO] Host: 
- 14:27:15 [ERROR] On command:  waiting for (?-mix:U-Boot#) >>> error: execution expired
- 14:27:15 [INFO] Target: 
- 14:27:15 [INFO] Host: 
- 14:27:15 [ERROR] On command:  waiting for (?-mix:U-Boot#) >>> error: execution expired
- 14:27:15 [INFO] Target: 
- 14:27:15 [INFO] Host: 
- 14:27:16 [ERROR] On command:  waiting for (?-mix:U-Boot#) >>> error: execution expired
- 14:27:16 [INFO] Target: 
reading args
spl_load_image_fat_os: error reading image args, err - -1
reading u-boot.img
reading u-boot.img
U-Boot 2014.07-g8f725ef (Oct 12 2014 - 06:28:07)
I2C:   ready
DRAM:  1 GiB
- 14:27:16 [INFO] Host: 
- 14:27:16 [INFO] Target: 
NAND:  256 MiB
MMC:   OMAP SD/MMC: 0, OMAP SD/MMC: 1
reading uboot.env
** Unable to read "uboot.env" from mmc0:1 **
Using default environment
Net:   <ethaddr> not set. Validating first E-fuse MAC
cpsw, usb_ether
Hit any key to stop autoboot:  1  0 
U-Boot# 
- 14:27:16 [INFO] Host: 
- 14:27:17 [INFO] Target: 
U-Boot# 
- 14:27:17 [INFO] Host: version
- 14:27:17 [INFO] Target: 
version
U-Boot 2014.07-g8f725ef (Oct 12 2014 - 06:28:07)
arm-linux-gnueabihf-gcc (crosstool-NG linaro-1.13.1-4.7-2013.03-20130313 - Linaro GCC 2013.03) 4.7.3 20130226 (prerelease)
GNU ld (crosstool-NG linaro-1.13.1-4.7-2013.03-20130313 - Linaro GCC 2013.03) 2.23.1
U-Boot# 
- 14:27:17 [INFO] Host: setenv bootargs 'console=ttyO0,115200n8 earlyprintk rootwait  '
- 14:27:18 [INFO] Target: 
setenv bootargs 'console=ttyO0,115200n8 earlyprintk rootwait  '
U-Boot# 
- 14:27:18 [INFO] Host: setenv bootcmd  ''
- 14:27:18 [INFO] Target: 
setenv bootcmd  ''
U-Boot# 
- 14:27:18 [INFO] Host: setenv autoload 'no'
- 14:27:19 [INFO] Target: 
setenv autoload 'no'
U-Boot# 
- 14:27:19 [INFO] Host: setenv serverip '128.247.105.180'
- 14:27:19 [INFO] Target: 
setenv serverip '128.247.105.180'
U-Boot# 
- 14:27:19 [INFO] Host: printenv
- 14:27:20 [INFO] Target: 
printenv
arch=arm
autoload=no
baudrate=115200
board=am335x
board_name=A33515BB
board_rev=1.5B
boot_fdt=try
bootargs=console=ttyO0,115200n8 earlyprintk rootwait  
bootcmd=
bootcount=1
bootdelay=1
bootdir=/boot
bootenv=uEnv.txt
bootfile=zImage
bootm_size=0x10000000
bootpart=0:2
console=ttyO0,115200n8
cpu=armv7
dfu_alt_info_emmc=rawemmc raw 0 3751936
dfu_alt_info_mmc=boot part 0 1;rootfs part 0 2;MLO fat 0 1;MLO.raw raw 0x100 0x100;u-boot.img.raw raw 0x300 0x400;spl-os-args.raw raw 0x80 0x80;spl-os-image.raw raw 0x900 0x2000;spl-os-args fat 0 1;spl-os-image fat 0 1;u-boot.img fat 0 1;uEnv.txt fat 0 1
dfu_alt_info_nand=SPL part 0 1;SPL.backup1 part 0 2;SPL.backup2 part 0 3;SPL.backup3 part 0 4;u-boot part 0 5;u-boot-spl-os part 0 6;kernel part 0 8;rootfs part 0 9
dfu_alt_info_ram=kernel ram 0x80200000 0xD80000;fdt ram 0x80F80000 0x80000;ramdisk ram 0x81000000 0x4000000
eth1addr=c8:a0:30:a1:c2:d9
ethact=cpsw
ethaddr=c8:a0:30:a1:c2:d7
fdt_addr_r=0x88000000
fdtaddr=0x88000000
fdtfile=undefined
findfdt=if test $board_name = A335BONE; then setenv fdtfile am335x-bone.dtb; fi; if test $board_name = A335BNLT; then setenv fdtfile am335x-boneblack.dtb; fi; if test $board_name = A33515BB; then setenv fdtfile am335x-evm.dtb; fi; if test $board_name = A335X_SK; then setenv fdtfile am335x-evmsk.dtb; fi; if test $fdtfile = undefined; then echo WARNING: Could not determine device tree to use; fi; 
importbootenv=echo Importing environment from mmc ...; env import -t -r $loadaddr $filesize
kernel_addr_r=0x82000000
loadaddr=0x82000000
loadbootenv=load mmc ${mmcdev} ${loadaddr} ${bootenv}
loadfdt=load mmc ${bootpart} ${fdtaddr} ${bootdir}/${fdtfile}
loadimage=load mmc ${bootpart} ${loadaddr} ${bootdir}/${bootfile}
loadramdisk=load mmc ${mmcdev} ${rdaddr} ramdisk.gz
mmcargs=setenv bootargs console=${console} ${optargs} root=${mmcroot} rootfstype=${mmcrootfstype}
mmcboot=mmc dev ${mmcdev}; if mmc rescan; then echo SD/MMC found on device ${mmcdev};if run loadbootenv; then echo Loaded environment from ${bootenv};run importbootenv;fi;if test -n $uenvcmd; then echo Running uenvcmd ...;run uenvcmd;fi;if run loadimage; then run mmcloados;fi;fi;
mmcdev=0
mmcloados=run mmcargs; if test ${boot_fdt} = yes || test ${boot_fdt} = try; then if run loadfdt; then bootz ${loadaddr} - ${fdtaddr}; else if test ${boot_fdt} = try; then bootz; else echo WARN: Cannot load the DT; fi; fi; else bootz; fi;
mmcroot=/dev/mmcblk0p2 ro
mmcrootfstype=ext4 rootwait
mtdids=nand0=nand.0
mtdparts=mtdparts=nand.0:128k(NAND.SPL),128k(NAND.SPL.backup1),128k(NAND.SPL.backup2),128k(NAND.SPL.backup3),256k(NAND.u-boot-spl-os),1m(NAND.u-boot),128k(NAND.u-boot-env),128k(NAND.u-boot-env.backup1),8m(NAND.kernel),-(NAND.file-system)
nandargs=setenv bootargs console=${console} ${optargs} root=${nandroot} rootfstype=${nandrootfstype}
nandboot=echo Booting from nand ...; run nandargs; nand read ${fdtaddr} NAND.u-boot-spl-os; nand read ${loadaddr} NAND.kernel; bootz ${loadaddr} - ${fdtaddr}
nandroot=ubi0:rootfs rw ubi.mtd=NAND.file-system,2048
nandrootfstype=ubifs rootwait=1
netargs=setenv bootargs console=${console} ${optargs} root=/dev/nfs nfsroot=${serverip}:${rootpath},${nfsopts} rw ip=dhcp
netboot=echo Booting from network ...; setenv autoload no; dhcp; tftp ${loadaddr} ${bootfile}; tftp ${fdtaddr} ${fdtfile}; run netargs; bootz ${loadaddr} - ${fdtaddr}
nfsopts=nolock
partitions=uuid_disk=${uuid_gpt_disk};name=rootfs,start=2MiB,size=-,uuid=${uuid_gpt_rootfs}
ramargs=setenv bootargs console=${console} ${optargs} root=${ramroot} rootfstype=${ramrootfstype}
ramboot=echo Booting from ramdisk ...; run ramargs; bootz ${loadaddr} ${rdaddr} ${fdtaddr}
ramdisk_addr_r=0x88080000
ramroot=/dev/ram0 rw
ramrootfstype=ext2
rdaddr=0x88080000
rootpath=/export/rootfs
serverip=128.247.105.180
soc=am33xx
spiargs=setenv bootargs console=${console} ${optargs} root=${spiroot} rootfstype=${spirootfstype}
spiboot=echo Booting from spi ...; run spiargs; sf probe ${spibusno}:0; sf read ${loadaddr} ${spisrcaddr} ${spiimgsize}; bootz ${loadaddr}
spibusno=0
spiimgsize=0x362000
spiroot=/dev/mtdblock4 rw
spirootfstype=jffs2
spisrcaddr=0xe0000
static_ip=${ipaddr}:${serverip}:${gatewayip}:${netmask}:${hostname}::off
stderr=serial
stdin=serial
stdout=serial
usbnet_devaddr=c8:a0:30:a1:c2:d9
vendor=ti
ver=U-Boot 2014.07-g8f725ef (Oct 12 2014 - 06:28:07)
Environment size: 4469/131068 bytes
U-Boot# 
- 14:27:20 [INFO] Host: printenv
- 14:27:20 [INFO] Target: 
printenv
arch=arm
autoload=no
baudrate=115200
board=am335x
board_name=A33515BB
board_rev=1.5B
boot_fdt=try
bootargs=console=ttyO0,115200n8 earlyprintk rootwait  
bootcmd=
bootcount=1
bootdelay=1
bootdir=/boot
bootenv=uEnv.txt
bootfile=zImage
bootm_size=0x10000000
bootpart=0:2
console=ttyO0,115200n8
cpu=armv7
dfu_alt_info_emmc=rawemmc raw 0 3751936
dfu_alt_info_mmc=boot part 0 1;rootfs part 0 2;MLO fat 0 1;MLO.raw raw 0x100 0x100;u-boot.img.raw raw 0x300 0x400;spl-os-args.raw raw 0x80 0x80;spl-os-image.raw raw 0x900 0x2000;spl-os-args fat 0 1;spl-os-image fat 0 1;u-boot.img fat 0 1;uEnv.txt fat 0 1
dfu_alt_info_nand=SPL part 0 1;SPL.backup1 part 0 2;SPL.backup2 part 0 3;SPL.backup3 part 0 4;u-boot part 0 5;u-boot-spl-os part 0 6;kernel part 0 8;rootfs part 0 9
dfu_alt_info_ram=kernel ram 0x80200000 0xD80000;fdt ram 0x80F80000 0x80000;ramdisk ram 0x81000000 0x4000000
eth1addr=c8:a0:30:a1:c2:d9
ethact=cpsw
ethaddr=c8:a0:30:a1:c2:d7
fdt_addr_r=0x88000000
fdtaddr=0x88000000
fdtfile=undefined
findfdt=if test $board_name = A335BONE; then setenv fdtfile am335x-bone.dtb; fi; if test $board_name = A335BNLT; then setenv fdtfile am335x-boneblack.dtb; fi; if test $board_name = A33515BB; then setenv fdtfile am335x-evm.dtb; fi; if test $board_name = A335X_SK; then setenv fdtfile am335x-evmsk.dtb; fi; if test $fdtfile = undefined; then echo WARNING: Could not determine device tree to use; fi; 
importbootenv=echo Importing environment from mmc ...; env import -t -r $loadaddr $filesize
kernel_addr_r=0x82000000
loadaddr=0x82000000
loadbootenv=load mmc ${mmcdev} ${loadaddr} ${bootenv}
loadfdt=load mmc ${bootpart} ${fdtaddr} ${bootdir}/${fdtfile}
loadimage=load mmc ${bootpart} ${loadaddr} ${bootdir}/${bootfile}
loadramdisk=load mmc ${mmcdev} ${rdaddr} ramdisk.gz
mmcargs=setenv bootargs console=${console} ${optargs} root=${mmcroot} rootfstype=${mmcrootfstype}
mmcboot=mmc dev ${mmcdev}; if mmc rescan; then echo SD/MMC found on device ${mmcdev};if run loadbootenv; then echo Loaded environment from ${bootenv};run importbootenv;fi;if test -n $uenvcmd; then echo Running uenvcmd ...;run uenvcmd;fi;if run loadimage; then run mmcloados;fi;fi;
mmcdev=0
mmcloados=run mmcargs; if test ${boot_fdt} = yes || test ${boot_fdt} = try; then if run loadfdt; then bootz ${loadaddr} - ${fdtaddr}; else if test ${boot_fdt} = try; then bootz; else echo WARN: Cannot load the DT; fi; fi; else bootz; fi;
mmcroot=/dev/mmcblk0p2 ro
mmcrootfstype=ext4 rootwait
mtdids=nand0=nand.0
mtdparts=mtdparts=nand.0:128k(NAND.SPL),128k(NAND.SPL.backup1),128k(NAND.SPL.backup2),128k(NAND.SPL.backup3),256k(NAND.u-boot-spl-os),1m(NAND.u-boot),128k(NAND.u-boot-env),128k(NAND.u-boot-env.backup1),8m(NAND.kernel),-(NAND.file-system)
nandargs=setenv bootargs console=${console} ${optargs} root=${nandroot} rootfstype=${nandrootfstype}
nandboot=echo Booting from nand ...; run nandargs; nand read ${fdtaddr} NAND.u-boot-spl-os; nand read ${loadaddr} NAND.kernel; bootz ${loadaddr} - ${fdtaddr}
nandroot=ubi0:rootfs rw ubi.mtd=NAND.file-system,2048
nandrootfstype=ubifs rootwait=1
netargs=setenv bootargs console=${console} ${optargs} root=/dev/nfs nfsroot=${serverip}:${rootpath},${nfsopts} rw ip=dhcp
netboot=echo Booting from network ...; setenv autoload no; dhcp; tftp ${loadaddr} ${bootfile}; tftp ${fdtaddr} ${fdtfile}; run netargs; bootz ${loadaddr} - ${fdtaddr}
nfsopts=nolock
partitions=uuid_disk=${uuid_gpt_disk};name=rootfs,start=2MiB,size=-,uuid=${uuid_gpt_rootfs}
ramargs=setenv bootargs console=${console} ${optargs} root=${ramroot} rootfstype=${ramrootfstype}
ramboot=echo Booting from ramdisk ...; run ramargs; bootz ${loadaddr} ${rdaddr} ${fdtaddr}
ramdisk_addr_r=0x88080000
ramroot=/dev/ram0 rw
ramrootfstype=ext2
rdaddr=0x88080000
rootpath=/export/rootfs
serverip=128.247.105.180
soc=am33xx
spiargs=setenv bootargs console=${console} ${optargs} root=${spiroot} rootfstype=${spirootfstype}
spiboot=echo Booting from spi ...; run spiargs; sf probe ${spibusno}:0; sf read ${loadaddr} ${spisrcaddr} ${spiimgsize}; bootz ${loadaddr}
spibusno=0
spiimgsize=0x362000
spiroot=/dev/mtdblock4 rw
spirootfstype=jffs2
spisrcaddr=0xe0000
static_ip=${ipaddr}:${serverip}:${gatewayip}:${netmask}:${hostname}::off
stderr=serial
stdin=serial
stdout=serial
usbnet_devaddr=c8:a0:30:a1:c2:d9
vendor=ti
ver=U-Boot 2014.07-g8f725ef (Oct 12 2014 - 06:28:07)
Environment size: 4469/131068 bytes
U-Boot# 
- 14:27:20 [INFO] Host: setenv bootargs ''${bootargs}' ip=dhcp '
- 14:27:21 [INFO] Target: 
setenv bootargs ''${bootargs}' ip=dhcp '
U-Boot# 
- 14:27:21 [INFO] Host: setenv serverip '128.247.105.180'
- 14:27:21 [INFO] Target: 
setenv serverip '128.247.105.180'
U-Boot# 
- 14:27:21 [INFO] Host: setenv ipaddr dhcp
- 14:27:22 [INFO] Target: 
setenv ipaddr dhcp
U-Boot# 
- 14:27:22 [INFO] Host: setenv autoload 'no'
- 14:27:22 [INFO] Target: 
setenv autoload 'no'
U-Boot# 
- 14:27:22 [INFO] Host: dhcp
- 14:27:24 [INFO] Target: 
dhcp
link up on port 0, speed 1000, full duplex
BOOTP broadcast 1
DHCP client bound to address 128.247.105.243
U-Boot# 
- 14:27:24 [INFO] Host: setenv serverip '128.247.105.180'
- 14:27:24 [INFO] Target: 
setenv serverip '128.247.105.180'
U-Boot# 
- 14:27:24 [INFO] Host: tftp ${loadaddr} 128.247.105.180:vatf_am335x-evm/d879308abf0493a17ed0ed1281d1cbde
- 14:27:25 [INFO] Target: 
tftp ${loadaddr} 128.247.105.180:vatf_am335x-evm/d879308abf0493a17ed0ed1281d1cbde
link up on port 0, speed 1000, full duplex
Using cpsw device
TFTP from server 128.247.105.180; our IP address is 128.247.105.243
Filename 'vatf_am335x-evm/d879308abf0493a17ed0ed1281d1cbde'.
Load address: 0x82000000
Loading: *#################################################################
	 #################################################################
	 #################################################################
	 #################################################################
	 #######################################################
	 8.9 MiB/s
done
Bytes transferred = 4609960 (4657a8 hex)
U-Boot# 
- 14:27:25 [INFO] Host: tftp ${fdt_addr_r} 128.247.105.180:vatf_am335x-evm/b35fd0835feb81970ba6e2921604f8c9
- 14:27:26 [INFO] Target: 
tftp ${fdt_addr_r} 128.247.105.180:vatf_am335x-evm/b35fd0835feb81970ba6e2921604f8c9
link up on port 0, speed 1000, full duplex
Using cpsw device
TFTP from server 128.247.105.180; our IP address is 128.247.105.243
Filename 'vatf_am335x-evm/b35fd0835feb81970ba6e2921604f8c9'.
Load address: 0x88000000
Loading: *###
	 6.8 MiB/s
done
Bytes transferred = 35491 (8aa3 hex)
U-Boot# 
- 14:27:26 [INFO] Host: ls mmc 0:1
- 14:27:26 [INFO] Target: 
ls mmc 0:1
    77172   mlo 
   446176   u-boot.img 
  4605619   ramdisk.gz 
        0   pointercal 
  5114552   zimage 
    30502   am335x-evm-profile1.dtb 
    30446   am335x-evm.dtb 
    13276   ramdisk.gz.old 
       15   .ipaddr 
        4   ws-calibrate.rules 
10 file(s), 0 dir(s)
U-Boot# 
- 14:27:26 [INFO] Host: ls mmc 0:2
- 14:27:27 [INFO] Target: 
ls mmc 0:2
<DIR>       4096 .
<DIR>       4096 ..
<DIR>       4096 bin
<DIR>       4096 boot
<DIR>       4096 dev
<DIR>       4096 etc
<DIR>       4096 home
<DIR>       4096 lib
<DIR>       4096 media
<DIR>       4096 mnt
<DIR>       4096 opt
<DIR>       4096 proc
<DIR>       4096 sbin
<DIR>       4096 srv
<DIR>       4096 sys
<SYM>          8 tmp
<DIR>       4096 usr
<DIR>       4096 var
<DIR>       4096 www
<SYM>          8 run
<DIR>       4096 Settings
<DIR>       4096 debug
<DIR>       4096 test
U-Boot# 
- 14:27:27 [INFO] Host: part uuid mmc 0:2
- 14:27:27 [INFO] Target: 
part uuid mmc 0:2
00000000-02
U-Boot# 
- 14:27:27 [INFO] Host: printenv
- 14:27:28 [INFO] Target: 
printenv
arch=arm
autoload=no
baudrate=115200
board=am335x
board_name=A33515BB
board_rev=1.5B
boot_fdt=try
bootargs=console=ttyO0,115200n8 earlyprintk rootwait   ip=dhcp 
bootcmd=
bootcount=1
bootdelay=1
bootdir=/boot
bootenv=uEnv.txt
bootfile=zImage
bootm_size=0x10000000
bootpart=0:2
console=ttyO0,115200n8
cpu=armv7
dfu_alt_info_emmc=rawemmc raw 0 3751936
dfu_alt_info_mmc=boot part 0 1;rootfs part 0 2;MLO fat 0 1;MLO.raw raw 0x100 0x100;u-boot.img.raw raw 0x300 0x400;spl-os-args.raw raw 0x80 0x80;spl-os-image.raw raw 0x900 0x2000;spl-os-args fat 0 1;spl-os-image fat 0 1;u-boot.img fat 0 1;uEnv.txt fat 0 1
dfu_alt_info_nand=SPL part 0 1;SPL.backup1 part 0 2;SPL.backup2 part 0 3;SPL.backup3 part 0 4;u-boot part 0 5;u-boot-spl-os part 0 6;kernel part 0 8;rootfs part 0 9
dfu_alt_info_ram=kernel ram 0x80200000 0xD80000;fdt ram 0x80F80000 0x80000;ramdisk ram 0x81000000 0x4000000
dnsip=192.0.2.2
dnsip2=192.0.2.3
eth1addr=c8:a0:30:a1:c2:d9
ethact=cpsw
ethaddr=c8:a0:30:a1:c2:d7
fdt_addr_r=0x88000000
fdtaddr=0x88000000
fdtfile=undefined
fileaddr=88000000
filesize=8aa3
findfdt=if test $board_name = A335BONE; then setenv fdtfile am335x-bone.dtb; fi; if test $board_name = A335BNLT; then setenv fdtfile am335x-boneblack.dtb; fi; if test $board_name = A33515BB; then setenv fdtfile am335x-evm.dtb; fi; if test $board_name = A335X_SK; then setenv fdtfile am335x-evmsk.dtb; fi; if test $fdtfile = undefined; then echo WARNING: Could not determine device tree to use; fi; 
gatewayip=128.247.104.1
importbootenv=echo Importing environment from mmc ...; env import -t -r $loadaddr $filesize
ipaddr=128.247.105.243
kernel_addr_r=0x82000000
loadaddr=0x82000000
loadbootenv=load mmc ${mmcdev} ${loadaddr} ${bootenv}
loadfdt=load mmc ${bootpart} ${fdtaddr} ${bootdir}/${fdtfile}
loadimage=load mmc ${bootpart} ${loadaddr} ${bootdir}/${bootfile}
loadramdisk=load mmc ${mmcdev} ${rdaddr} ramdisk.gz
mmcargs=setenv bootargs console=${console} ${optargs} root=${mmcroot} rootfstype=${mmcrootfstype}
mmcboot=mmc dev ${mmcdev}; if mmc rescan; then echo SD/MMC found on device ${mmcdev};if run loadbootenv; then echo Loaded environment from ${bootenv};run importbootenv;fi;if test -n $uenvcmd; then echo Running uenvcmd ...;run uenvcmd;fi;if run loadimage; then run mmcloados;fi;fi;
mmcdev=0
mmcloados=run mmcargs; if test ${boot_fdt} = yes || test ${boot_fdt} = try; then if run loadfdt; then bootz ${loadaddr} - ${fdtaddr}; else if test ${boot_fdt} = try; then bootz; else echo WARN: Cannot load the DT; fi; fi; else bootz; fi;
mmcroot=/dev/mmcblk0p2 ro
mmcrootfstype=ext4 rootwait
mtdids=nand0=nand.0
mtdparts=mtdparts=nand.0:128k(NAND.SPL),128k(NAND.SPL.backup1),128k(NAND.SPL.backup2),128k(NAND.SPL.backup3),256k(NAND.u-boot-spl-os),1m(NAND.u-boot),128k(NAND.u-boot-env),128k(NAND.u-boot-env.backup1),8m(NAND.kernel),-(NAND.file-system)
nandargs=setenv bootargs console=${console} ${optargs} root=${nandroot} rootfstype=${nandrootfstype}
nandboot=echo Booting from nand ...; run nandargs; nand read ${fdtaddr} NAND.u-boot-spl-os; nand read ${loadaddr} NAND.kernel; bootz ${loadaddr} - ${fdtaddr}
nandroot=ubi0:rootfs rw ubi.mtd=NAND.file-system,2048
nandrootfstype=ubifs rootwait=1
netargs=setenv bootargs console=${console} ${optargs} root=/dev/nfs nfsroot=${serverip}:${rootpath},${nfsopts} rw ip=dhcp
netboot=echo Booting from network ...; setenv autoload no; dhcp; tftp ${loadaddr} ${bootfile}; tftp ${fdtaddr} ${fdtfile}; run netargs; bootz ${loadaddr} - ${fdtaddr}
netmask=255.255.254.0
nfsopts=nolock
partitions=uuid_disk=${uuid_gpt_disk};name=rootfs,start=2MiB,size=-,uuid=${uuid_gpt_rootfs}
ramargs=setenv bootargs console=${console} ${optargs} root=${ramroot} rootfstype=${ramrootfstype}
ramboot=echo Booting from ramdisk ...; run ramargs; bootz ${loadaddr} ${rdaddr} ${fdtaddr}
ramdisk_addr_r=0x88080000
ramroot=/dev/ram0 rw
ramrootfstype=ext2
rdaddr=0x88080000
rootpath=/export/rootfs
serverip=128.247.105.180
soc=am33xx
spiargs=setenv bootargs console=${console} ${optargs} root=${spiroot} rootfstype=${spirootfstype}
spiboot=echo Booting from spi ...; run spiargs; sf probe ${spibusno}:0; sf read ${loadaddr} ${spisrcaddr} ${spiimgsize}; bootz ${loadaddr}
spibusno=0
spiimgsize=0x362000
spiroot=/dev/mtdblock4 rw
spirootfstype=jffs2
spisrcaddr=0xe0000
static_ip=${ipaddr}:${serverip}:${gatewayip}:${netmask}:${hostname}::off
stderr=serial
stdin=serial
stdout=serial
usbnet_devaddr=c8:a0:30:a1:c2:d9
vendor=ti
ver=U-Boot 2014.07-g8f725ef (Oct 12 2014 - 06:28:07)
Environment size: 4626/131068 bytes
U-Boot# 
- 14:27:28 [INFO] Host: setenv bootargs ''${bootargs}' root=PARTUUID=00000000-02 rw rootfstype=ext4 rootwait '
- 14:27:28 [INFO] Target: 
setenv bootargs ''${bootargs}' root=PARTUUID=00000000-02 rw rootfstype=ext4 rootwait '
U-Boot# 
- 14:27:28 [INFO] Host: printenv
- 14:27:29 [INFO] Target: 
printenv
arch=arm
autoload=no
baudrate=115200
board=am335x
board_name=A33515BB
board_rev=1.5B
boot_fdt=try
bootargs=console=ttyO0,115200n8 earlyprintk rootwait   ip=dhcp  root=PARTUUID=00000000-02 rw rootfstype=ext4 rootwait 
bootcmd=
bootcount=1
bootdelay=1
bootdir=/boot
bootenv=uEnv.txt
bootfile=zImage
bootm_size=0x10000000
bootpart=0:2
console=ttyO0,115200n8
cpu=armv7
dfu_alt_info_emmc=rawemmc raw 0 3751936
dfu_alt_info_mmc=boot part 0 1;rootfs part 0 2;MLO fat 0 1;MLO.raw raw 0x100 0x100;u-boot.img.raw raw 0x300 0x400;spl-os-args.raw raw 0x80 0x80;spl-os-image.raw raw 0x900 0x2000;spl-os-args fat 0 1;spl-os-image fat 0 1;u-boot.img fat 0 1;uEnv.txt fat 0 1
dfu_alt_info_nand=SPL part 0 1;SPL.backup1 part 0 2;SPL.backup2 part 0 3;SPL.backup3 part 0 4;u-boot part 0 5;u-boot-spl-os part 0 6;kernel part 0 8;rootfs part 0 9
dfu_alt_info_ram=kernel ram 0x80200000 0xD80000;fdt ram 0x80F80000 0x80000;ramdisk ram 0x81000000 0x4000000
dnsip=192.0.2.2
dnsip2=192.0.2.3
eth1addr=c8:a0:30:a1:c2:d9
ethact=cpsw
ethaddr=c8:a0:30:a1:c2:d7
fdt_addr_r=0x88000000
fdtaddr=0x88000000
fdtfile=undefined
fileaddr=88000000
filesize=8aa3
findfdt=if test $board_name = A335BONE; then setenv fdtfile am335x-bone.dtb; fi; if test $board_name = A335BNLT; then setenv fdtfile am335x-boneblack.dtb; fi; if test $board_name = A33515BB; then setenv fdtfile am335x-evm.dtb; fi; if test $board_name = A335X_SK; then setenv fdtfile am335x-evmsk.dtb; fi; if test $fdtfile = undefined; then echo WARNING: Could not determine device tree to use; fi; 
gatewayip=128.247.104.1
importbootenv=echo Importing environment from mmc ...; env import -t -r $loadaddr $filesize
ipaddr=128.247.105.243
kernel_addr_r=0x82000000
loadaddr=0x82000000
loadbootenv=load mmc ${mmcdev} ${loadaddr} ${bootenv}
loadfdt=load mmc ${bootpart} ${fdtaddr} ${bootdir}/${fdtfile}
loadimage=load mmc ${bootpart} ${loadaddr} ${bootdir}/${bootfile}
loadramdisk=load mmc ${mmcdev} ${rdaddr} ramdisk.gz
mmcargs=setenv bootargs console=${console} ${optargs} root=${mmcroot} rootfstype=${mmcrootfstype}
mmcboot=mmc dev ${mmcdev}; if mmc rescan; then echo SD/MMC found on device ${mmcdev};if run loadbootenv; then echo Loaded environment from ${bootenv};run importbootenv;fi;if test -n $uenvcmd; then echo Running uenvcmd ...;run uenvcmd;fi;if run loadimage; then run mmcloados;fi;fi;
mmcdev=0
mmcloados=run mmcargs; if test ${boot_fdt} = yes || test ${boot_fdt} = try; then if run loadfdt; then bootz ${loadaddr} - ${fdtaddr}; else if test ${boot_fdt} = try; then bootz; else echo WARN: Cannot load the DT; fi; fi; else bootz; fi;
mmcroot=/dev/mmcblk0p2 ro
mmcrootfstype=ext4 rootwait
mtdids=nand0=nand.0
mtdparts=mtdparts=nand.0:128k(NAND.SPL),128k(NAND.SPL.backup1),128k(NAND.SPL.backup2),128k(NAND.SPL.backup3),256k(NAND.u-boot-spl-os),1m(NAND.u-boot),128k(NAND.u-boot-env),128k(NAND.u-boot-env.backup1),8m(NAND.kernel),-(NAND.file-system)
nandargs=setenv bootargs console=${console} ${optargs} root=${nandroot} rootfstype=${nandrootfstype}
nandboot=echo Booting from nand ...; run nandargs; nand read ${fdtaddr} NAND.u-boot-spl-os; nand read ${loadaddr} NAND.kernel; bootz ${loadaddr} - ${fdtaddr}
nandroot=ubi0:rootfs rw ubi.mtd=NAND.file-system,2048
nandrootfstype=ubifs rootwait=1
netargs=setenv bootargs console=${console} ${optargs} root=/dev/nfs nfsroot=${serverip}:${rootpath},${nfsopts} rw ip=dhcp
netboot=echo Booting from network ...; setenv autoload no; dhcp; tftp ${loadaddr} ${bootfile}; tftp ${fdtaddr} ${fdtfile}; run netargs; bootz ${loadaddr} - ${fdtaddr}
netmask=255.255.254.0
nfsopts=nolock
partitions=uuid_disk=${uuid_gpt_disk};name=rootfs,start=2MiB,size=-,uuid=${uuid_gpt_rootfs}
ramargs=setenv bootargs console=${console} ${optargs} root=${ramroot} rootfstype=${ramrootfstype}
ramboot=echo Booting from ramdisk ...; run ramargs; bootz ${loadaddr} ${rdaddr} ${fdtaddr}
ramdisk_addr_r=0x88080000
ramroot=/dev/ram0 rw
ramrootfstype=ext2
rdaddr=0x88080000
rootpath=/export/rootfs
serverip=128.247.105.180
soc=am33xx
spiargs=setenv bootargs console=${console} ${optargs} root=${spiroot} rootfstype=${spirootfstype}
spiboot=echo Booting from spi ...; run spiargs; sf probe ${spibusno}:0; sf read ${loadaddr} ${spisrcaddr} ${spiimgsize}; bootz ${loadaddr}
spibusno=0
spiimgsize=0x362000
spiroot=/dev/mtdblock4 rw
spirootfstype=jffs2
spisrcaddr=0xe0000
static_ip=${ipaddr}:${serverip}:${gatewayip}:${netmask}:${hostname}::off
stderr=serial
stdin=serial
stdout=serial
usbnet_devaddr=c8:a0:30:a1:c2:d9
vendor=ti
ver=U-Boot 2014.07-g8f725ef (Oct 12 2014 - 06:28:07)
Environment size: 4681/131068 bytes
U-Boot# 
- 14:27:29 [INFO] Host: setenv bootcmd ''${bootcmd}' if iminfo ${loadaddr}; then bootm ${loadaddr} - ${fdt_addr_r}; else bootz ${loadaddr} - ${fdt_addr_r}; bootm ${loadaddr} - ${fdt_addr_r}; fi'
- 14:27:29 [INFO] Target: 
setenv bootcmd ''${bootcmd}' if iminfo ${loadaddr}; then bootm ${loadaddr} - ${fdt_addr_r}; else bootz ${loadaddr} - ${fdt_addr_r}; bootm ${loadaddr} - ${fdt_addr_r}; fi'
U-Boot# 
- 14:27:29 [INFO] Host: bdinfo
- 14:27:30 [INFO] Target: 
bdinfo
arch_number = 0x00000E05
boot_params = 0x80000100
DRAM bank   = 0x00000000
-> start    = 0x80000000
-> size     = 0x40000000
eth0name    = cpsw
ethaddr     = c8:a0:30:a1:c2:d7
eth1name    = usb_ether
eth1addr    = c8:a0:30:a1:c2:d9
current eth = cpsw
ip_addr     = 128.247.105.243
baudrate    = 115200 bps
TLB addr    = 0xBFFF0000
relocaddr   = 0xBF741000
reloc off   = 0x3EF41000
irq_sp      = 0xBE720EE0
sp start    = 0xBE720ED0
U-Boot# 
- 14:27:30 [INFO] Host: mmc rescan
- 14:27:30 [INFO] Target: 
mmc rescan
U-Boot# 
- 14:27:30 [INFO] Host: fatwrite mmc ${mmcdev}:1 ${loadaddr} ws-calibrate.rules 4
- 14:27:31 [INFO] Target: 
fatwrite mmc ${mmcdev}:1 ${loadaddr} ws-calibrate.rules 4
writing ws-calibrate.rules
4 bytes written
U-Boot# 
- 14:27:31 [INFO] Host: boot
- 14:28:57 [INFO] Target: 
boot
## Checking Image at 82000000 ...
Unknown image format!
Kernel image @ 0x82000000 [ 0x000000 - 0x4657a8 ]
## Flattened Device Tree blob at 88000000
   Booting using the fdt blob at 0x88000000
   Loading Device Tree to 8fff4000, end 8ffffaa2 ... OK
Starting kernel ...
CCCCCCCC
U-Boot SPL 2014.07-g8f725ef (Oct 12 2014 - 06:28:07)
reading args
spl_load_image_fat_os: error reading image args, err - -1
reading u-boot.img
reading u-boot.img
U-Boot 2014.07-g8f725ef (Oct 12 2014 - 06:28:07)
I2C:   ready
DRAM:  1 GiB
NAND:  256 MiB
MMC:   OMAP SD/MMC: 0, OMAP SD/MMC: 1
reading uboot.env
** Unable to read "uboot.env" from mmc0:1 **
Using default environment
Net:   <ethaddr> not set. Validating first E-fuse MAC
cpsw, usb_ether
Hit any key to stop autoboot:  1  0 
switch to partitions #0, OK
mmc0 is current device
SD/MMC found on device 0
reading uEnv.txt
** Unable to read file uEnv.txt **
5218680 bytes read in 313 ms (15.9 MiB/s)
39903 bytes read in 44 ms (884.8 KiB/s)
Kernel image @ 0x82000000 [ 0x000000 - 0x4fa178 ]
## Flattened Device Tree blob at 88000000
   Booting using the fdt blob at 0x88000000
   Loading Device Tree to 8fff3000, end 8ffffbde ... OK
Starting kernel ...
[    0.000000] Booting Linux on physical CPU 0x0
[    0.000000] Linux version 3.12.4-g9921cde (jenkins@sdit-build02) (gcc version 4.7.3 20130226 (prerelease) (crosstool-NG linaro-1.13.1-4.7-2013.03-20130313 - Linaro GCC 2013.03) ) #1 SMP PREEMPT Sun Dec 15 22:52:58 CST 2013
[    0.000000] CPU: ARMv7 Processor [413fc082] revision 2 (ARMv7), cr=10c53c7d
[    0.000000] CPU: PIPT / VIPT nonaliasing data cache, VIPT aliasing instruction cache
[    0.000000] Machine: Generic AM33XX (Flattened Device Tree), model: TI AM335x EVM
[    0.000000] cma: CMA: reserved 16 MiB at ae800000
[    0.000000] Memory policy: ECC disabled, Data cache writeback
[    0.000000] CPU: All CPU(s) started in SVC mode.
[    0.000000] AM335X ES2.1 (sgx neon )
[    0.000000] PERCPU: Embedded 9 pages/cpu @c1809000 s15168 r8192 d13504 u36864
[    0.000000] Built 1 zonelists in Zone order, mobility grouping on.  Total pages: 259856
[    0.000000] Kernel command line: console=ttyO0,115200n8 root=/dev/mmcblk0p2 ro rootfstype=ext4 rootwait
[    0.000000] PID hash table entries: 4096 (order: 2, 16384 bytes)
[    0.000000] Dentry cache hash table entries: 131072 (order: 7, 524288 bytes)
[    0.000000] Inode-cache hash table entries: 65536 (order: 6, 262144 bytes)
[    0.000000] Memory: 1003604K/1045504K available (6689K kernel code, 788K rwdata, 2748K rodata, 478K init, 5542K bss, 41900K reserved, 267264K highmem)
[    0.000000] Virtual kernel memory layout:
[    0.000000]     vector  : 0xffff0000 - 0xffff1000   (   4 kB)
[    0.000000]     fixmap  : 0xfff00000 - 0xfffe0000   ( 896 kB)
[    0.000000]     vmalloc : 0xf0000000 - 0xff000000   ( 240 MB)
[    0.000000]     lowmem  : 0xc0000000 - 0xef800000   ( 760 MB)
[    0.000000]     pkmap   : 0xbfe00000 - 0xc0000000   (   2 MB)
[    0.000000]     modules : 0xbf000000 - 0xbfe00000   (  14 MB)
[    0.000000]       .text : 0xc0008000 - 0xc093fb40   (9439 kB)
[    0.000000]       .init : 0xc0940000 - 0xc09b7b40   ( 479 kB)
[    0.000000]       .data : 0xc09b8000 - 0xc0a7d194   ( 789 kB)
[    0.000000]        .bss : 0xc0a7d194 - 0xc0fe6b28   (5543 kB)
[    0.000000] Preemptible hierarchical RCU implementation.
[    0.000000] 	RCU restricting CPUs from NR_CPUS=2 to nr_cpu_ids=1.
[    0.000000] NR_IRQS:16 nr_irqs:16 16
[    0.000000] kmemleak: Kernel memory leak detector disabled
[    0.000000] IRQ: Found an INTC at 0xfa200000 (revision 5.0) with 128 interrupts
[    0.000000] Total of 128 interrupts on 1 active controller
[    0.000000] OMAP clockevent source: timer2 at 24000000 Hz
[    0.000000] sched_clock: 32 bits at 24MHz, resolution 41ns, wraps every 178956ms
[    0.000000] OMAP clocksource: timer1 at 24000000 Hz
[    0.000000] Console: colour dummy device 80x30
[    0.000000] Lock dependency validator: Copyright (c) 2006 Red Hat, Inc., Ingo Molnar
[    0.000000] ... MAX_LOCKDEP_SUBCLASSES:  8
[    0.000000] ... MAX_LOCK_DEPTH:          48
[    0.000000] ... MAX_LOCKDEP_KEYS:        8191
[    0.000000] ... CLASSHASH_SIZE:          4096
[    0.000000] ... MAX_LOCKDEP_ENTRIES:     16384
[    0.000000] ... MAX_LOCKDEP_CHAINS:      32768
[    0.000000] ... CHAINHASH_SIZE:          16384
[    0.000000]  memory used by lock dependency info: 3695 kB
[    0.000000]  per task-struct memory footprint: 1152 bytes
[    0.000000] kmemleak: Early log buffer exceeded (1152), please increase DEBUG_KMEMLEAK_EARLY_LOG_SIZE
[    0.001095] Calibrating delay loop... 663.55 BogoMIPS (lpj=3317760)
[    0.109551] pid_max: default: 32768 minimum: 301
[    0.109916] Security Framework initialized
[    0.110043] Mount-cache hash table entries: 512
[    0.135729] CPU: Testing write buffer coherency: ok
[    0.137071] CPU0: thread -1, cpu 0, socket -1, mpidr 0
[    0.137147] Setting up static identity map for 0xc0656fe8 - 0xc0657058
[    0.170482] Brought up 1 CPUs
[    0.170503] SMP: Total of 1 processors activated.
[    0.170513] CPU: All CPU(s) started in SVC mode.
[    0.173093] devtmpfs: initialized
[    0.182439] VFP support v0.3: implementor 41 architecture 3 part 30 variant c rev 3
[    0.257570] omap_hwmod: debugss: _wait_target_disable failed
[    0.262063] pinctrl core: initialized pinctrl subsystem
[    0.266206] regulator-dummy: no parameters
[    0.269809] NET: Registered protocol family 16
[    0.275540] DMA: preallocated 256 KiB pool for atomic coherent allocations
[    0.291429] platform mpu.1: FIXME: clock-name 'fck' DOES NOT exist in dt!
[    0.294309] platform 49000000.edma: FIXME: clock-name 'fck' DOES NOT exist in dt!
[    0.298586] OMAP GPIO hardware version 0.1
[    0.324362] omap-gpmc 50000000.gpmc: could not find pctldev for node /pinmux@44e10800/nandflash_pins_s0, deferring probe
[    0.324416] platform 50000000.gpmc: Driver omap-gpmc requests probe deferral
[    0.325475] platform 56000000.sgx: FIXME: clock-name 'fck' DOES NOT exist in dt!
[    0.334870] DSS not supported on this SoC
[    0.334896] No ATAGs?
[    0.334909] hw-breakpoint: debug architecture 0x4 unsupported.
[    0.412985] bio: create slab <bio-0> at 0
[    0.452636] edma-dma-engine edma-dma-engine.0: TI EDMA DMA engine driver
[    0.454731] vbat: 5000 mV 
[    0.455670] lis3_reg: no parameters
[    0.456852] wlan-en-regulator: 1800 mV 
[    0.464618] vgaarb: loaded
[    0.467619] SCSI subsystem initialized
[    0.471718] usbcore: registered new interface driver usbfs
[    0.472131] usbcore: registered new interface driver hub
[    0.472794] usbcore: registered new device driver usb
[    0.475111] omap_i2c 44e0b000.i2c: could not find pctldev for node /pinmux@44e10800/pinmux_i2c0_pins, deferring probe
[    0.475154] platform 44e0b000.i2c: Driver omap_i2c requests probe deferral
[    0.475214] omap_i2c 4802a000.i2c: could not find pctldev for node /pinmux@44e10800/pinmux_i2c1_pins, deferring probe
[    0.475239] platform 4802a000.i2c: Driver omap_i2c requests probe deferral
[    0.476151] pps_core: LinuxPPS API ver. 1 registered
[    0.476165] pps_core: Software ver. 5.3.6 - Copyright 2005-2007 Rodolfo Giometti <giometti@linux.it>
[    0.476507] PTP clock support registered
[    0.480171] Advanced Linux Sound Architecture Driver Initialized.
[    0.485650] Switched to clocksource timer1
[    0.621977] NET: Registered protocol family 2
[    0.624080] TCP established hash table entries: 8192 (order: 4, 65536 bytes)
[    0.624386] TCP bind hash table entries: 8192 (order: 6, 294912 bytes)
[    0.628218] TCP: Hash tables configured (established 8192 bind 8192)
[    0.628530] TCP: reno registered
[    0.628574] UDP hash table entries: 512 (order: 3, 40960 bytes)
[    0.628997] UDP-Lite hash table entries: 512 (order: 3, 40960 bytes)
[    0.630366] NET: Registered protocol family 1
[    0.631708] RPC: Registered named UNIX socket transport module.
[    0.631730] RPC: Registered udp transport module.
[    0.631740] RPC: Registered tcp transport module.
[    0.631750] RPC: Registered tcp NFSv4.1 backchannel transport module.
[    0.634029] NetWinder Floating Point Emulator V0.97 (double precision)
[    0.635290] PM: Loading am335x-pm-firmware.binbounce pool size: 64 pages
[    0.791357] VFS: Disk quotas dquot_6.5.2
[    0.791560] Dquot-cache hash table entries: 1024 (order 0, 4096 bytes)
[    0.793826] NFS: Registering the id_resolver key type
[    0.794209] Key type id_resolver registered
[    0.794228] Key type id_legacy registered
[    0.794357] jffs2: version 2.2. (NAND) (SUMMARY)   2001-2006 Red Hat, Inc.
[    0.794801] msgmni has been set to 1470
[    0.805287] alg: No test for stdrng (krng)
[    0.805375] NET: Registered protocol family 38
[    0.805941] io scheduler noop registered
[    0.805962] io scheduler deadline registered
[    0.806064] io scheduler cfq registered (default)
[    0.811030] pinctrl-single 44e10800.pinmux: 142 pins at pa f9e10800 size 568
[    0.852492] Console: switching to colour frame buffer device 100x30
[    0.863587] Serial: 8250/16550 driver, 4 ports, IRQ sharing enabled
[    0.872324] 44e09000.serial: ttyO0 at MMIO 0x44e09000 (irq = 88, base_baud = 3000000) is a OMAP UART0
[    1.620706] console [ttyO0] enabled
[    1.628938] omap_rng 48310000.rng: OMAP Random Number Generator ver. 20
[    1.662655] brd: module loaded
[    1.683087] loop: module loaded
[    1.698606] mtdoops: mtd device (mtddev=name/number) must be supplied
[    1.717769] usbcore: registered new interface driver asix
[    1.723941] usbcore: registered new interface driver ax88179_178a
[    1.731360] usbcore: registered new interface driver cdc_ether
[    1.738284] usbcore: registered new interface driver r815x
[    1.744530] usbcore: registered new interface driver smsc95xx
[    1.751081] usbcore: registered new interface driver net1080
[    1.757566] usbcore: registered new interface driver cdc_subset
[    1.764234] usbcore: registered new interface driver zaurus
[    1.770766] usbcore: registered new interface driver cdc_ncm
[    1.780764] ehci_hcd: USB 2.0 'Enhanced' Host Controller (EHCI) Driver
[    1.788010] ehci-pci: EHCI PCI platform driver
[    1.793166] ehci-omap: OMAP-EHCI Host Controller driver
[    1.801131] usbcore: registered new interface driver cdc_acm
[    1.807529] cdc_acm: USB Abstract Control Model driver for USB modems and ISDN adapters
[    1.816632] usbcore: registered new interface driver usblp
[    1.822862] usbcore: registered new interface driver cdc_wdm
[    1.829363] usbcore: registered new interface driver usb-storage
[    1.836254] usbcore: registered new interface driver usbtest
[    1.890322] mousedev: PS/2 mouse device common for all mice
[    1.900174] input: matrix_keypad.7 as /devices/matrix_keypad.7/input/input0
[    1.915048] input: ti-tsc as /devices/ocp.2/44e0d000.tscadc/TI-am335x-tsc/input/input1
[    1.930375] omap_rtc 44e3e000.rtc: rtc core: registered 44e3e000.rtc as rtc0
[    1.940168] i2c /dev entries driver
[    1.944278] Driver for 1-wire Dallas network protocol.
[    1.956786] omap_wdt: OMAP Watchdog Timer Rev 0x01: initial timeout 60 sec
[    1.973497] edma-dma-engine edma-dma-engine.0: allocated channel for 0:25
[    1.981330] edma-dma-engine edma-dma-engine.0: allocated channel for 0:24
[    1.988864] omap_hsmmc 48060000.mmc: unable to get vmmc regulator -517
[    1.996217] edma-dma-engine edma-dma-engine.0: freeing channel for 24
[    2.002999] edma-dma-engine edma-dma-engine.0: freeing channel for 25
[    2.013303] omap_hwmod: gpio1: _wait_target_disable failed
[    2.019326] platform 48060000.mmc: Driver omap_hsmmc requests probe deferral
[    2.027335] edma-dma-engine edma-dma-engine.0: allocated channel for 0:13
[    2.034489] edma-dma-engine edma-dma-engine.0: allocated channel for 0:12
[    2.151508] mmc0: card claims to support voltages below the defined range. These will be ignored.
[    2.161433] ledtrig-cpu: registered to indicate activity on CPUs
[    2.168544] edma-dma-engine edma-dma-engine.0: allocated channel for 0:36
[    2.176008] omap-sham 53100000.sham: hw accel on OMAP rev 4.3
[    2.197459] mmc0: queuing unknown CIS tuple 0x91 (3 bytes)
[    2.209149] mmc0: new SDIO card at address 0001
[    2.240533] omap-aes 53500000.aes: OMAP AES hw accel rev: 3.2
[    2.247252] edma-dma-engine edma-dma-engine.0: allocated channel for 0:5
[    2.254341] edma-dma-engine edma-dma-engine.0: allocated channel for 0:6
[    2.268634] usbcore: registered new interface driver usbhid
[    2.274502] usbhid: USB HID core driver
[    2.292942] davinci_evm sound.3: ASoC: CODEC (null) not registered
[    2.300572] davinci_evm sound.3: snd_soc_register_card failed (-517)
[    2.307916] platform sound.3: Driver davinci_evm requests probe deferral
[    2.320988] oprofile: no performance counters
[    2.328557] oprofile: using timer interrupt.
[    2.333463] nf_conntrack version 0.5.0 (15937 buckets, 63748 max)
[    2.341672] ip_tables: (C) 2000-2006 Netfilter Core Team
[    2.348102] TCP: cubic registered
[    2.351595] Initializing XFRM netlink socket
[    2.356404] NET: Registered protocol family 17
[    2.361151] NET: Registered protocol family 15
[    2.366277] Bridge firewalling registered
[    2.370839] 8021q: 802.1Q VLAN Support v1.8
[    2.375416] Key type dns_resolver registered
[    2.381191] cpu cpu0: cpu0 regulator not ready, retry
[    2.386782] platform cpufreq-cpu0.0: Driver cpufreq-cpu0 requests probe deferral
[    2.396188] ThumbEE CPU extension supported.
[    2.405347] omap-gpmc 50000000.gpmc: GPMC revision 6.0
[    2.411287] gpmc_mem_init: disabling cs 0 mapped at 0x0-0x1000000
[    2.420103] ONFI param page 0 valid
[    2.423786] ONFI flash detected
[    2.427609] NAND device: Manufacturer ID: 0x2c, Chip ID: 0xda (Micron MT29F2G08ABAEAWP), 256MiB, page size: 2048, OOB size: 64
[    2.439712] omap2-nand: detected x8 NAND flash
[    2.444392] nand: using OMAP_ECC_BCH8_CODE_HW ECC scheme
[    2.450117] omap2-nand: using custom ecc layout
[    2.455197] 10 ofpart partitions found on MTD device omap2-nand.0
[    2.461686] Creating 10 MTD partitions on "omap2-nand.0":
[    2.467544] 0x000000000000-0x000000020000 : "SPL"
[    2.480124] 0x000000020000-0x000000040000 : "SPL.backup1"
[    2.489941] 0x000000040000-0x000000060000 : "SPL.backup2"
[    2.499758] 0x000000060000-0x000000100000 : "SPL.backup3"
[    2.510066] 0x000000100000-0x000000200000 : "u-boot"
[    2.520455] 0x000000200000-0x000000280000 : "u-boot-spl-os"
[    2.530759] 0x000000280000-0x0000002c0000 : "u-boot-env"
[    2.540579] 0x0000002c0000-0x000000300000 : "u-boot-env.backup1"
[    2.551030] 0x000000300000-0x000000800000 : "kernel"
[    2.564518] 0x000000800000-0x000010000000 : "file-system"
[    2.792606] tps65910 0-002d: No interrupt support, no core IRQ
[    2.805451] vrtc: 1800 mV 
[    2.809156] vrtc: supplied by vbat
[    2.815399] vio: at 1500 mV 
[    2.819095] vio: supplied by vbat
[    2.825254] vdd_mpu: 912 <--> 1375 mV at 1325 mV 
[    2.830576] vdd_mpu: supplied by vbat
[    2.837191] vdd_core: 912 <--> 1150 mV at 1137 mV 
[    2.842374] vdd_core: supplied by vbat
[    2.848731] vdd3: 5000 mV 
[    2.853760] vdig1: at 1800 mV 
[    2.857310] vdig1: supplied by vbat
[    2.863326] vdig2: at 1800 mV 
[    2.866992] vdig2: supplied by vbat
[    2.873011] vpll: at 1800 mV 
[    2.876644] vpll: supplied by vbat
[    2.882609] vdac: at 1800 mV 
[    2.886100] vdac: supplied by vbat
[    2.891994] vaux1: at 1800 mV 
[    2.895351] vaux1: supplied by vbat
[    2.901706] vaux2: at 3300 mV 
[    2.905059] vaux2: supplied by vbat
[    2.911541] vaux33: at 3300 mV 
[    2.914991] vaux33: supplied by vbat
[    2.921317] vmmc: 1800 <--> 3300 mV at 3300 mV 
[    2.926435] vmmc: supplied by vbat
[    2.932201] omap_i2c 44e0b000.i2c: bus 0 rev0.11 at 400 kHz
[    2.946363] omap_i2c 4802a000.i2c: bus 1 rev0.11 at 100 kHz
[    2.953789] edma-dma-engine edma-dma-engine.0: allocated channel for 0:25
[    2.961569] edma-dma-engine edma-dma-engine.0: allocated channel for 0:24
[    3.013077] davinci_evm sound.3:  tlv320aic3x-hifi <-> 4803c000.mcasp mapping ok
[    3.115719] davinci_mdio 4a101000.mdio: davinci mdio revision 1.6
[    3.122360] mmc1: new high speed SDHC card at address aaaa
[    3.128227] davinci_mdio 4a101000.mdio: detected phy mask fffffffe
[    3.138188] mmcblk0: mmc1:aaaa SU08G 7.40 GiB 
[    3.146201] libphy: 4a101000.mdio: probed
[    3.150470] davinci_mdio 4a101000.mdio: phy[0]: device 4a101000.mdio:00, driver Atheros 8031 ethernet
[    3.165053]  mmcblk0: p1 p2 p3
[    3.171654] Detected MACID = c8:a0:30:a1:c2:d7
[    3.186792] input: volume_keys.8 as /devices/volume_keys.8/input/input2
[    3.197609] omap_rtc 44e3e000.rtc: setting system clock to 2000-01-01 00:00:01 UTC (946684801)
[    3.222021] ALSA device list:
[    3.225173]   #0: AM335x-EVM
[    3.238517] EXT4-fs (mmcblk0p2): INFO: recovery required on readonly filesystem
[    3.246812] EXT4-fs (mmcblk0p2): write access will be enabled during recovery
[    3.270210] EXT4-fs (mmcblk0p2): recovery complete
[    3.278798] EXT4-fs (mmcblk0p2): mounted filesystem with ordered data mode. Opts: (null)
[    3.287600] VFS: Mounted root (ext4 filesystem) readonly on device 179:2.
[    3.304406] devtmpfs: mounted
[    3.309148] Freeing unused kernel memory: 476K (c0940000 - c09b7000)
INIT: version 2.88 booting
Starting udev
[    4.208568] udevd[1026]: starting version 182
[    5.191711] musb-hdrc musb-hdrc.0.auto: Enabled SW babble control
[    5.279391] musb-hdrc musb-hdrc.0.auto: MUSB HDRC host driver
[    5.391308] musb-hdrc musb-hdrc.0.auto: new USB bus registered, assigned bus number 1
[    5.456573] usb usb1: New USB device found, idVendor=1d6b, idProduct=0002
[    5.463742] usb usb1: New USB device strings: Mfr=3, Product=2, SerialNumber=1
[    5.616089] usb usb1: Product: MUSB HDRC host driver
[    5.621330] usb usb1: Manufacturer: Linux 3.12.4-g9921cde musb-hcd
[    5.695922] usb usb1: SerialNumber: musb-hdrc.0.auto
[    5.753051] hub 1-0:1.0: USB hub found
[    5.790589] hub 1-0:1.0: 1 port detected
[    5.872165] musb-hdrc musb-hdrc.1.auto: Enabled SW babble control
[    5.919616] musb-hdrc musb-hdrc.1.auto: MUSB HDRC host driver
[    5.984035] musb-hdrc musb-hdrc.1.auto: new USB bus registered, assigned bus number 2
[    6.033487] usb usb2: New USB device found, idVendor=1d6b, idProduct=0002
[    6.076209] usb usb2: New USB device strings: Mfr=3, Product=2, SerialNumber=1
[    6.083845] usb usb2: Product: MUSB HDRC host driver
[    6.156202] usb usb2: Manufacturer: Linux 3.12.4-g9921cde musb-hcd
[    6.162740] usb usb2: SerialNumber: musb-hdrc.1.auto
[    6.212079] tsl2550 1-0039: standard operating mode
[    6.310724] hub 2-0:1.0: USB hub found
[    6.327438] tsl2550 1-0039: support ver. 1.2 enabled
[    6.374083] hub 2-0:1.0: 1 port detected
[    6.403135] lm75 1-0048: hwmon0: sensor 'tmp275'
[    6.534952] lis3lv02d: 16 bits lis331dlh sensor found
[    6.666455] input: ST LIS3LV02DL Accelerometer as /devices/platform/lis3lv02d/input/input3
[    6.926579] usb 2-1: new high-speed USB device number 2 using musb-hdrc
[    7.166891] usb 2-1: New USB device found, idVendor=0781, idProduct=5406
[    7.173935] usb 2-1: New USB device strings: Mfr=1, Product=2, SerialNumber=3
[    7.273937] usb 2-1: Product: U3 Cruzer Micro
[    7.331631] usb 2-1: Manufacturer: SanDisk
[    7.376685] usb 2-1: SerialNumber: 0878111B58820888
[    7.449014] usb-storage 2-1:1.0: USB Mass Storage device detected
[    7.535359] scsi0 : usb-storage 2-1:1.0
[    8.721683] scsi 0:0:0:0: Direct-Access     SanDisk  Cruzer           8.01 PQ: 0 ANSI: 0 CCS
[    8.941090] scsi 0:0:0:1: CD-ROM            SanDisk  Cruzer           8.01 PQ: 0 ANSI: 0
[    9.306394] sd 0:0:0:0: [sda] 15682559 512-byte logical blocks: (8.02 GB/7.47 GiB)
[    9.565220] sd 0:0:0:0: [sda] Write Protect is off
[    9.675552] sd 0:0:0:0: [sda] No Caching mode page found
[    9.916134] sd 0:0:0:0: [sda] Assuming drive cache: write through
[   10.312180] sd 0:0:0:0: [sda] No Caching mode page found
[   10.542734] sd 0:0:0:0: [sda] Assuming drive cache: write through
[   10.799513]  sda: sda1
[   10.940834] sd 0:0:0:0: [sda] No Caching mode page found
[   11.012832] sd 0:0:0:0: [sda] Assuming drive cache: write through
[   11.281314] sd 0:0:0:0: [sda] Attached SCSI removable disk
[   12.790834] cfg80211: Calling CRDA to update world regulatory domain
[   12.941013] FAT-fs (mmcblk0p1): Volume was not properly unmounted. Some data may be corrupt. Please run fsck.
[   13.034489] EXT4-fs (mmcblk0p3): warning: maximal mount count reached, running e2fsck is recommended
[   13.079371] EXT4-fs (mmcblk0p3): recovery complete
[   13.084465] EXT4-fs (mmcblk0p3): mounted filesystem with ordered data mode. Opts: (null)
[   13.300503] wlcore: wl12xx driver version: v3.12.4-1557-g9921cde
[   14.044007] FAT-fs (sda1): Volume was not properly unmounted. Some data may be corrupt. Please run fsck.
[   14.072575] wlcore: loaded
[   14.075539] wlcore: driver version: v3.12.4-1557-g9921cde
[   14.115070] wlcore: compilation time: Sun Dec 15 22:53:51 2013
Starting Bootlog daemon: bootlogd: cannot allocate pseudo tty: No such file or directory
bootlogd.
[   14.372725] EXT4-fs (mmcblk0p2): warning: maximal mount count reached, running e2fsck is recommended
[   14.386496] EXT4-fs (mmcblk0p2): re-mounted. Opts: data=ordered
ALSA: Restoring mixer settings...
Found hardware: "AM335x-EVM" "" "" "" ""
Hardware is initialized using a generic method
/usr/sbin/alsactl: set_control:1328: failed to obtain info for control #47 (No such file or directory)
/usr/sbin/alsactl: set_control:1328: failed to obtain info for control #48 (No such file or directory)
Configuring network interfaces... [   15.627855] net eth0: initializing cpsw version 1.12 (0)
[   15.636252] net eth0: phy found : id is : 0x4dd074
[   15.657390] 8021q: adding VLAN 0 to HW filter on device eth0
udhcpc (v1.20.2) started
Sending discover...
[   17.637060] libphy: 4a101000.mdio:00 - Link is Up - 1000/Full
Sending discover...
Sending select for 128.247.105.93...
Lease of 128.247.105.93 obtained, lease time 3600
/etc/udhcpc.d/50default: Adding DNS 192.0.2.2
/etc/udhcpc.d/50default: Adding DNS 192.0.2.3
done.
Tue Jan 14 09:14:00 UTC 2014
INIT: Entering runlevel: 5
Starting system message bus: dbus.
Starting Dropbear SSH server: dropbear.
Starting telnet daemon.
Starting syslogd/klogd: done
Starting thttpd.
Starting PVR
Starting Lighttpd Web Server: lighttpd.
2014-01-14 09:14:01: (log.c.166) server started 
[   22.010757] PM: CM3 Firmware Version = 0x184
Starting Matrix GUI application.
[   23.270069] Number of LUNs=8
[   23.273420] Mass Storage Function, version: 2009/09/11
[   23.287407] LUN: removable file: (no medium)
[   23.292296] Number of LUNs=2
[   23.302260] LUN: file: /dev/mmcblk0p1
[   23.312255] LUN: file: /dev/mmcblk0p3
[   23.318171] Number of LUNs=2
[   23.332404] g_mass_storage gadget: Mass Storage Gadget, version: 2009/09/11
[   23.341369] g_mass_storage gadget: userspace failed to provide iSerialNumber
[   23.351909] g_mass_storage gadget: g_mass_storage ready
***************************************************************
***************************************************************
NOTICE: This file system contains the followin GPLv3 packages:
	binutils-symlinks
	binutils
	gdbserver
If you do not wish to distribute GPLv3 components please remove
the above packages prior to distribution.  This can be done using
the opkg remove command.  i.e.:
    opkg remove <package>
Where <package> is the name printed in the list above
NOTE: If the package is a dependency of another package you
      will be notified of the dependent packages.  You should
      use the --force-removal-of-dependent-packages option to
      also remove the dependent packages as well
***************************************************************
***************************************************************
Stopping Bootlog daemon: bootlogd.
 _____                    _____           _         _   
|  _  |___ ___ ___ ___   |  _  |___ ___  |_|___ ___| |_ 
|     |  _| .'| . | . |  |   __|  _| . | | | -_|  _|  _|
|__|__|_| |__,|_  |___|  |__|  |_| |___|_| |___|___|_|  
              |___|                    |___|            
Arago Project http://arago-project.org am335x-evm ttyO0
Arago 2013.10 am335x-evm ttyO0
am335x-evm login: 
URL:gtsystest.telogy.design.ti.com/vatf/tidfarm01/tidfarm01_vatf@am335x-evm/tidfarm0101_30_2015_14_24_46/files/session_iteration_1/test_1
