- 03:05:56 [INFO] Starting target session
- 03:05:56 [INFO] Connected to am335x-evm via serial 
- 03:05:56 [INFO] Host: #check prompt
- 03:05:58 [ERROR] On command: #check prompt waiting for (?-mix:((?-mix:login:)|[Pp]assword)) >>> error: execution expired
- 03:05:58 [INFO] Target: 
- 03:05:58 [INFO] Host: #check prompt
- 03:06:00 [ERROR] On command: #check prompt waiting for (?-mix:[\w\d]+@.+[@:#]+) >>> error: execution expired
- 03:06:00 [INFO] Target: 
- 03:06:00 [INFO] Disconnected serial from am335x-evm
- 03:06:21 [INFO] Connected to am335x-evm via serial 
- 03:06:21 [INFO] Host: 
- 03:06:22 [ERROR] On command:  waiting for (?-mix:U-Boot#) >>> error: execution expired
- 03:06:22 [INFO] Target: 
U-Boot SPL 2014.07-rc2 (May 29 2014 - 18:04:30)
- 03:06:22 [INFO] Host: 
- 03:06:22 [ERROR] On command:  waiting for (?-mix:U-Boot#) >>> error: execution expired
- 03:06:22 [INFO] Target: 
reading u-boot.img
reading u-boot.img
U-Boot 2014.07-rc2 (May 29 2014 - 18:04:30)
I2C:   ready
DRAM:  1 GiB
- 03:06:22 [INFO] Host: 
- 03:06:23 [ERROR] On command:  waiting for (?-mix:U-Boot#) >>> error: execution expired
- 03:06:23 [INFO] Target: 
NAND:  256 MiB
MMC:   OMAP SD/MMC: 0, OMAP SD/MMC: 1
- 03:06:23 [INFO] Host: 
- 03:06:23 [ERROR] On command:  waiting for (?-mix:U-Boot#) >>> error: execution expired
- 03:06:23 [INFO] Target: 
- 03:06:23 [INFO] Host: 
- 03:06:24 [ERROR] On command:  waiting for (?-mix:U-Boot#) >>> error: execution expired
- 03:06:24 [INFO] Target: 
- 03:06:24 [INFO] Host: 
- 03:06:24 [ERROR] On command:  waiting for (?-mix:U-Boot#) >>> error: execution expired
- 03:06:24 [INFO] Target: 
Net:   <ethaddr> not set. Validating first E-fuse MAC
cpsw, usb_ether
Hit any key t
- 03:06:24 [INFO] Host: 
- 03:06:25 [ERROR] On command:  waiting for (?-mix:U-Boot#) >>> error: execution expired
- 03:06:25 [INFO] Target: 
oot:  1  0 
U-Boot# 
U-Boot# 
U-Boot# 
U-Boot# 
U-Boot# 
- 03:06:25 [INFO] Host: 
- 03:06:25 [INFO] Target: 
U-Boot# 
- 03:06:25 [INFO] Host: 
- 03:06:26 [INFO] Target: 
U-Boot# 
- 03:06:26 [INFO] Host: version
- 03:06:26 [INFO] Target: 
version
U-Boot 2014.07-rc2 (May 29 2014 - 18:04:30)
arm-linux-gnueabihf-gcc (crosstool-NG linaro-1.13.1-4.7-2013.03-20130313 - Linaro GCC 2013.03) 4.7.3 20130226 (prerelease)
GNU ld (crosstool-NG linaro-1.13.1-4.7-2013.03-20130313 - Linaro GCC 2013.03) 2.23.1
U-Boot# 
- 03:06:26 [INFO] Host: setenv bootargs 'console=ttyO0,115200n8 earlyprintk rootwait  '
- 03:06:27 [INFO] Target: 
setenv bootargs 'console=ttyO0,115200n8 earlyprintk rootwait  '
U-Boot# 
- 03:06:27 [INFO] Host: setenv bootcmd  ''
- 03:06:27 [INFO] Target: 
setenv bootcmd  ''
U-Boot# 
- 03:06:27 [INFO] Host: setenv autoload 'no'
- 03:06:28 [INFO] Target: 
setenv autoload 'no'
U-Boot# 
- 03:06:28 [INFO] Host: setenv serverip '192.168.0.1'
- 03:06:28 [INFO] Target: 
setenv serverip '192.168.0.1'
U-Boot# 
- 03:06:28 [INFO] Host: printenv
- 03:06:29 [INFO] Target: 
printenv
arch=arm
autoload=no
baudrate=115200
board=am335x
board_name=A33515BB
board_rev=1.5B
boot_fdt=try
bootargs=console=ttyO0,115200n8 earlyprintk rootwait  
bootcmd=
bootcount=1
bootdelay=1
bootdir=/boot
bootenv=uEnv.txt
bootfile=zImage
bootm_size=0x10000000
bootpart=0:2
console=ttyO0,115200n8
cpu=armv7
dfu_alt_info_emmc=rawemmc mmc 0 3751936
dfu_alt_info_mmc=boot part 0 1;rootfs part 0 2;MLO fat 0 1;MLO.raw mmc 0x100 0x100;u-boot.img.raw mmc 0x300 0x400;spl-os-args.raw mmc 0x80 0x80;spl-os-image.raw mmc 0x900 0x2000;spl-os-args fat 0 1;spl-os-image fat 0 1;u-boot.img fat 0 1;uEnv.txt fat 0 1
dfu_alt_info_nand=SPL part 0 1;SPL.backup1 part 0 2;SPL.backup2 part 0 3;SPL.backup3 part 0 4;u-boot part 0 5;u-boot-spl-os part 0 6;kernel part 0 8;rootfs part 0 9
dfu_alt_info_ram=kernel ram 0x80200000 0xD80000;fdt ram 0x80F80000 0x80000;ramdisk ram 0x81000000 0x4000000
eth1addr=c8:a0:30:a1:b6:c2
ethact=cpsw
ethaddr=c8:a0:30:a1:b6:c0
fdt_addr_r=0x88000000
fdtaddr=0x88000000
fdtfile=undefined
findfdt=if test $board_name = A335BONE; then setenv fdtfile am335x-bone.dtb; fi; if test $board_name = A335BNLT; then setenv fdtfile am335x-boneblack.dtb; fi; if test $board_name = A33515BB; then setenv fdtfile am335x-evm.dtb; fi; if test $board_name = A335X_SK; then setenv fdtfile am335x-evmsk.dtb; fi; if test $fdtfile = undefined; then echo WARNING: Could not determine device tree to use; fi; 
importbootenv=echo Importing environment from mmc ...; env import -t $loadaddr $filesize
kernel_addr_r=0x82000000
loadaddr=0x82000000
loadbootenv=load mmc ${mmcdev} ${loadaddr} ${bootenv}
loadfdt=load mmc ${bootpart} ${fdtaddr} ${bootdir}/${fdtfile}
loadimage=load mmc ${bootpart} ${loadaddr} ${bootdir}/${bootfile}
loadramdisk=load mmc ${mmcdev} ${rdaddr} ramdisk.gz
mmcargs=setenv bootargs console=${console} ${optargs} root=${mmcroot} rootfstype=${mmcrootfstype}
mmcboot=mmc dev ${mmcdev}; if mmc rescan; then echo SD/MMC found on device ${mmcdev};if run loadbootenv; then echo Loaded environment from ${bootenv};run importbootenv;fi;if test -n $uenvcmd; then echo Running uenvcmd ...;run uenvcmd;fi;if run loadimage; then run mmcloados;fi;fi;
mmcdev=0
mmcloados=run mmcargs; if test ${boot_fdt} = yes || test ${boot_fdt} = try; then if run loadfdt; then bootz ${loadaddr} - ${fdtaddr}; else if test ${boot_fdt} = try; then bootz; else echo WARN: Cannot load the DT; fi; fi; else bootz; fi;
mmcroot=/dev/mmcblk0p2 ro
mmcrootfstype=ext4 rootwait
mtdids=nand0=omap2-nand.0
mtdparts=mtdparts=omap2-nand.0:128k(SPL),128k(SPL.backup1),128k(SPL.backup2),128k(SPL.backup3),1792k(u-boot),128k(u-boot-spl-os),128k(u-boot-env),5m(kernel),-(rootfs)
nandargs=setenv bootargs console=${console} ${optargs} root=${nandroot} rootfstype=${nandrootfstype}
nandboot=echo Booting from nand ...; run nandargs; nand read ${fdtaddr} u-boot-spl-os; nand read ${loadaddr} kernel; bootz ${loadaddr} - ${fdtaddr}
nandroot=ubi0:rootfs rw ubi.mtd=7,2048
nandrootfstype=ubifs rootwait=1
netargs=setenv bootargs console=${console} ${optargs} root=/dev/nfs nfsroot=${serverip}:${rootpath},${nfsopts} rw ip=dhcp
netboot=echo Booting from network ...; setenv autoload no; dhcp; tftp ${loadaddr} ${bootfile}; tftp ${fdtaddr} ${fdtfile}; run netargs; bootz ${loadaddr} - ${fdtaddr}
nfsopts=nolock
partitions=uuid_disk=${uuid_gpt_disk};name=rootfs,start=2MiB,size=-,uuid=${uuid_gpt_rootfs}
ramargs=setenv bootargs console=${console} ${optargs} root=${ramroot} rootfstype=${ramrootfstype}
ramboot=echo Booting from ramdisk ...; run ramargs; bootz ${loadaddr} ${rdaddr} ${fdtaddr}
ramdisk_addr_r=0x88080000
ramroot=/dev/ram0 rw
ramrootfstype=ext2
rdaddr=0x88080000
rootpath=/export/rootfs
serverip=192.168.0.1
soc=am33xx
spiargs=setenv bootargs console=${console} ${optargs} root=${spiroot} rootfstype=${spirootfstype}
spiboot=echo Booting from spi ...; run spiargs; sf probe ${spibusno}:0; sf read ${loadaddr} ${spisrcaddr} ${spiimgsize}; bootz ${loadaddr}
spibusno=0
spiimgsize=0x362000
spiroot=/dev/mtdblock4 rw
spirootfstype=jffs2
spisrcaddr=0xe0000
static_ip=${ipaddr}:${serverip}:${gatewayip}:${netmask}:${hostname}::off
stderr=serial
stdin=serial
stdout=serial
usbnet_devaddr=c8:a0:30:a1:b6:c2
vendor=ti
ver=U-Boot 2014.07-rc2 (May 29 2014 - 18:04:30)
Environment size: 4367/131068 bytes
U-Boot# 
- 03:06:29 [INFO] Host: printenv
- 03:06:29 [INFO] Target: 
printenv
arch=arm
autoload=no
baudrate=115200
board=am335x
board_name=A33515BB
board_rev=1.5B
boot_fdt=try
bootargs=console=ttyO0,115200n8 earlyprintk rootwait  
bootcmd=
bootcount=1
bootdelay=1
bootdir=/boot
bootenv=uEnv.txt
bootfile=zImage
bootm_size=0x10000000
bootpart=0:2
console=ttyO0,115200n8
cpu=armv7
dfu_alt_info_emmc=rawemmc mmc 0 3751936
dfu_alt_info_mmc=boot part 0 1;rootfs part 0 2;MLO fat 0 1;MLO.raw mmc 0x100 0x100;u-boot.img.raw mmc 0x300 0x400;spl-os-args.raw mmc 0x80 0x80;spl-os-image.raw mmc 0x900 0x2000;spl-os-args fat 0 1;spl-os-image fat 0 1;u-boot.img fat 0 1;uEnv.txt fat 0 1
dfu_alt_info_nand=SPL part 0 1;SPL.backup1 part 0 2;SPL.backup2 part 0 3;SPL.backup3 part 0 4;u-boot part 0 5;u-boot-spl-os part 0 6;kernel part 0 8;rootfs part 0 9
dfu_alt_info_ram=kernel ram 0x80200000 0xD80000;fdt ram 0x80F80000 0x80000;ramdisk ram 0x81000000 0x4000000
eth1addr=c8:a0:30:a1:b6:c2
ethact=cpsw
ethaddr=c8:a0:30:a1:b6:c0
fdt_addr_r=0x88000000
fdtaddr=0x88000000
fdtfile=undefined
findfdt=if test $board_name = A335BONE; then setenv fdtfile am335x-bone.dtb; fi; if test $board_name = A335BNLT; then setenv fdtfile am335x-boneblack.dtb; fi; if test $board_name = A33515BB; then setenv fdtfile am335x-evm.dtb; fi; if test $board_name = A335X_SK; then setenv fdtfile am335x-evmsk.dtb; fi; if test $fdtfile = undefined; then echo WARNING: Could not determine device tree to use; fi; 
importbootenv=echo Importing environment from mmc ...; env import -t $loadaddr $filesize
kernel_addr_r=0x82000000
loadaddr=0x82000000
loadbootenv=load mmc ${mmcdev} ${loadaddr} ${bootenv}
loadfdt=load mmc ${bootpart} ${fdtaddr} ${bootdir}/${fdtfile}
loadimage=load mmc ${bootpart} ${loadaddr} ${bootdir}/${bootfile}
loadramdisk=load mmc ${mmcdev} ${rdaddr} ramdisk.gz
mmcargs=setenv bootargs console=${console} ${optargs} root=${mmcroot} rootfstype=${mmcrootfstype}
mmcboot=mmc dev ${mmcdev}; if mmc rescan; then echo SD/MMC found on device ${mmcdev};if run loadbootenv; then echo Loaded environment from ${bootenv};run importbootenv;fi;if test -n $uenvcmd; then echo Running uenvcmd ...;run uenvcmd;fi;if run loadimage; then run mmcloados;fi;fi;
mmcdev=0
mmcloados=run mmcargs; if test ${boot_fdt} = yes || test ${boot_fdt} = try; then if run loadfdt; then bootz ${loadaddr} - ${fdtaddr}; else if test ${boot_fdt} = try; then bootz; else echo WARN: Cannot load the DT; fi; fi; else bootz; fi;
mmcroot=/dev/mmcblk0p2 ro
mmcrootfstype=ext4 rootwait
mtdids=nand0=omap2-nand.0
mtdparts=mtdparts=omap2-nand.0:128k(SPL),128k(SPL.backup1),128k(SPL.backup2),128k(SPL.backup3),1792k(u-boot),128k(u-boot-spl-os),128k(u-boot-env),5m(kernel),-(rootfs)
nandargs=setenv bootargs console=${console} ${optargs} root=${nandroot} rootfstype=${nandrootfstype}
nandboot=echo Booting from nand ...; run nandargs; nand read ${fdtaddr} u-boot-spl-os; nand read ${loadaddr} kernel; bootz ${loadaddr} - ${fdtaddr}
nandroot=ubi0:rootfs rw ubi.mtd=7,2048
nandrootfstype=ubifs rootwait=1
netargs=setenv bootargs console=${console} ${optargs} root=/dev/nfs nfsroot=${serverip}:${rootpath},${nfsopts} rw ip=dhcp
netboot=echo Booting from network ...; setenv autoload no; dhcp; tftp ${loadaddr} ${bootfile}; tftp ${fdtaddr} ${fdtfile}; run netargs; bootz ${loadaddr} - ${fdtaddr}
nfsopts=nolock
partitions=uuid_disk=${uuid_gpt_disk};name=rootfs,start=2MiB,size=-,uuid=${uuid_gpt_rootfs}
ramargs=setenv bootargs console=${console} ${optargs} root=${ramroot} rootfstype=${ramrootfstype}
ramboot=echo Booting from ramdisk ...; run ramargs; bootz ${loadaddr} ${rdaddr} ${fdtaddr}
ramdisk_addr_r=0x88080000
ramroot=/dev/ram0 rw
ramrootfstype=ext2
rdaddr=0x88080000
rootpath=/export/rootfs
serverip=192.168.0.1
soc=am33xx
spiargs=setenv bootargs console=${console} ${optargs} root=${spiroot} rootfstype=${spirootfstype}
spiboot=echo Booting from spi ...; run spiargs; sf probe ${spibusno}:0; sf read ${loadaddr} ${spisrcaddr} ${spiimgsize}; bootz ${loadaddr}
spibusno=0
spiimgsize=0x362000
spiroot=/dev/mtdblock4 rw
spirootfstype=jffs2
spisrcaddr=0xe0000
static_ip=${ipaddr}:${serverip}:${gatewayip}:${netmask}:${hostname}::off
stderr=serial
stdin=serial
stdout=serial
usbnet_devaddr=c8:a0:30:a1:b6:c2
vendor=ti
ver=U-Boot 2014.07-rc2 (May 29 2014 - 18:04:30)
Environment size: 4367/131068 bytes
U-Boot# 
- 03:06:29 [INFO] Host: setenv bootargs ''${bootargs}' ip=dhcp '
- 03:06:30 [INFO] Target: 
setenv bootargs ''${bootargs}' ip=dhcp '
U-Boot# 
- 03:06:30 [INFO] Host: setenv serverip '192.168.0.1'
- 03:06:30 [INFO] Target: 
setenv serverip '192.168.0.1'
U-Boot# 
- 03:06:30 [INFO] Host: setenv ipaddr dhcp
- 03:06:31 [INFO] Target: 
setenv ipaddr dhcp
U-Boot# 
- 03:06:31 [INFO] Host: setenv autoload 'no'
- 03:06:31 [INFO] Target: 
setenv autoload 'no'
U-Boot# 
- 03:06:31 [INFO] Host: dhcp
- 03:06:33 [INFO] Target: 
dhcp
link up on port 0, speed 1000, full duplex
BOOTP broadcast 1
DHCP client bound to address 192.168.0.150
U-Boot# 
- 03:06:33 [INFO] Host: setenv serverip '192.168.0.1'
- 03:06:33 [INFO] Target: 
setenv serverip '192.168.0.1'
U-Boot# 
- 03:06:33 [INFO] Host: tftp ${loadaddr} 192.168.0.1:vatf_am335x-evm/680180996807ed92a45862cc79af05c6
- 03:06:34 [INFO] Target: 
tftp ${loadaddr} 192.168.0.1:vatf_am335x-evm/680180996807ed92a45862cc79af05c6
link up on port 0, speed 1000, full duplex
Using cpsw device
TFTP from server 192.168.0.1; our IP address is 192.168.0.150
Filename 'vatf_am335x-evm/680180996807ed92a45862cc79af05c6'.
Load address: 0x82000000
Loading: *#################################################################
	 #################################################################
	 #################################################################
	 #################################################################
	 #######################################
	 5.7 MiB/s
done
Bytes transferred = 4375984 (42c5b0 hex)
U-Boot# 
- 03:06:34 [INFO] Host: tftp ${fdt_addr_r} 192.168.0.1:vatf_am335x-evm/2692dcc176f7a93400de0f96acf645bc
- 03:06:35 [INFO] Target: 
tftp ${fdt_addr_r} 192.168.0.1:vatf_am335x-evm/2692dcc176f7a93400de0f96acf645bc
link up on port 0, speed 1000, full duplex
Using cpsw device
TFTP from server 192.168.0.1; our IP address is 192.168.0.150
Filename 'vatf_am335x-evm/2692dcc176f7a93400de0f96acf645bc'.
Load address: 0x88000000
Loading: *###
	 4.7 MiB/s
done
Bytes transferred = 34720 (87a0 hex)
U-Boot# 
- 03:06:35 [INFO] Host: ls mmc 0:1
- 03:06:35 [INFO] Target: 
ls mmc 0:1
  2206363   am335x-evm-sk-quickstartguide.pdf 
      140   autorun.inf 
   176621   beaglebone-quickstartguide.pdf 
    82480   mlo 
  2371014   quickstartguide.pdf 
     1164   readme 
            start_here/
   408372   u-boot.img 
            windows_users/
        0   pointercal 
       14   .ipaddr 
9 file(s), 2 dir(s)
U-Boot# 
- 03:06:35 [INFO] Host: ls mmc 0:2
- 03:06:36 [INFO] Target: 
ls mmc 0:2
<DIR>       4096 .
<DIR>       4096 ..
<DIR>       4096 bin
<DIR>       4096 boot
<DIR>       4096 dev
<DIR>       4096 etc
<DIR>       4096 home
<DIR>       4096 lib
<DIR>       4096 media
<DIR>       4096 mnt
<DIR>       4096 opt
<DIR>       4096 proc
<DIR>       4096 sbin
<DIR>       4096 srv
<DIR>       4096 sys
<SYM>          8 tmp
<DIR>       4096 usr
<DIR>       4096 var
<DIR>       4096 www
<SYM>          8 run
<DIR>       4096 Settings
<DIR>       4096 test
U-Boot# 
- 03:06:36 [INFO] Host: part uuid mmc 0:2
- 03:06:36 [INFO] Target: 
part uuid mmc 0:2
00000000-02
U-Boot# 
- 03:06:36 [INFO] Host: printenv
- 03:06:37 [INFO] Target: 
printenv
arch=arm
autoload=no
baudrate=115200
board=am335x
board_name=A33515BB
board_rev=1.5B
boot_fdt=try
bootargs=console=ttyO0,115200n8 earlyprintk rootwait   ip=dhcp 
bootcmd=
bootcount=1
bootdelay=1
bootdir=/boot
bootenv=uEnv.txt
bootfile=zImage
bootm_size=0x10000000
bootpart=0:2
console=ttyO0,115200n8
cpu=armv7
dfu_alt_info_emmc=rawemmc mmc 0 3751936
dfu_alt_info_mmc=boot part 0 1;rootfs part 0 2;MLO fat 0 1;MLO.raw mmc 0x100 0x100;u-boot.img.raw mmc 0x300 0x400;spl-os-args.raw mmc 0x80 0x80;spl-os-image.raw mmc 0x900 0x2000;spl-os-args fat 0 1;spl-os-image fat 0 1;u-boot.img fat 0 1;uEnv.txt fat 0 1
dfu_alt_info_nand=SPL part 0 1;SPL.backup1 part 0 2;SPL.backup2 part 0 3;SPL.backup3 part 0 4;u-boot part 0 5;u-boot-spl-os part 0 6;kernel part 0 8;rootfs part 0 9
dfu_alt_info_ram=kernel ram 0x80200000 0xD80000;fdt ram 0x80F80000 0x80000;ramdisk ram 0x81000000 0x4000000
dnsip=192.0.2.2
dnsip2=192.0.2.3
eth1addr=c8:a0:30:a1:b6:c2
ethact=cpsw
ethaddr=c8:a0:30:a1:b6:c0
fdt_addr_r=0x88000000
fdtaddr=0x88000000
fdtfile=undefined
fileaddr=88000000
filesize=87a0
findfdt=if test $board_name = A335BONE; then setenv fdtfile am335x-bone.dtb; fi; if test $board_name = A335BNLT; then setenv fdtfile am335x-boneblack.dtb; fi; if test $board_name = A33515BB; then setenv fdtfile am335x-evm.dtb; fi; if test $board_name = A335X_SK; then setenv fdtfile am335x-evmsk.dtb; fi; if test $fdtfile = undefined; then echo WARNING: Could not determine device tree to use; fi; 
gatewayip=192.168.0.1
importbootenv=echo Importing environment from mmc ...; env import -t $loadaddr $filesize
ipaddr=192.168.0.150
kernel_addr_r=0x82000000
loadaddr=0x82000000
loadbootenv=load mmc ${mmcdev} ${loadaddr} ${bootenv}
loadfdt=load mmc ${bootpart} ${fdtaddr} ${bootdir}/${fdtfile}
loadimage=load mmc ${bootpart} ${loadaddr} ${bootdir}/${bootfile}
loadramdisk=load mmc ${mmcdev} ${rdaddr} ramdisk.gz
mmcargs=setenv bootargs console=${console} ${optargs} root=${mmcroot} rootfstype=${mmcrootfstype}
mmcboot=mmc dev ${mmcdev}; if mmc rescan; then echo SD/MMC found on device ${mmcdev};if run loadbootenv; then echo Loaded environment from ${bootenv};run importbootenv;fi;if test -n $uenvcmd; then echo Running uenvcmd ...;run uenvcmd;fi;if run loadimage; then run mmcloados;fi;fi;
mmcdev=0
mmcloados=run mmcargs; if test ${boot_fdt} = yes || test ${boot_fdt} = try; then if run loadfdt; then bootz ${loadaddr} - ${fdtaddr}; else if test ${boot_fdt} = try; then bootz; else echo WARN: Cannot load the DT; fi; fi; else bootz; fi;
mmcroot=/dev/mmcblk0p2 ro
mmcrootfstype=ext4 rootwait
mtdids=nand0=omap2-nand.0
mtdparts=mtdparts=omap2-nand.0:128k(SPL),128k(SPL.backup1),128k(SPL.backup2),128k(SPL.backup3),1792k(u-boot),128k(u-boot-spl-os),128k(u-boot-env),5m(kernel),-(rootfs)
nandargs=setenv bootargs console=${console} ${optargs} root=${nandroot} rootfstype=${nandrootfstype}
nandboot=echo Booting from nand ...; run nandargs; nand read ${fdtaddr} u-boot-spl-os; nand read ${loadaddr} kernel; bootz ${loadaddr} - ${fdtaddr}
nandroot=ubi0:rootfs rw ubi.mtd=7,2048
nandrootfstype=ubifs rootwait=1
netargs=setenv bootargs console=${console} ${optargs} root=/dev/nfs nfsroot=${serverip}:${rootpath},${nfsopts} rw ip=dhcp
netboot=echo Booting from network ...; setenv autoload no; dhcp; tftp ${loadaddr} ${bootfile}; tftp ${fdtaddr} ${fdtfile}; run netargs; bootz ${loadaddr} - ${fdtaddr}
netmask=255.255.255.0
nfsopts=nolock
partitions=uuid_disk=${uuid_gpt_disk};name=rootfs,start=2MiB,size=-,uuid=${uuid_gpt_rootfs}
ramargs=setenv bootargs console=${console} ${optargs} root=${ramroot} rootfstype=${ramrootfstype}
ramboot=echo Booting from ramdisk ...; run ramargs; bootz ${loadaddr} ${rdaddr} ${fdtaddr}
ramdisk_addr_r=0x88080000
ramroot=/dev/ram0 rw
ramrootfstype=ext2
rdaddr=0x88080000
rootpath=/export/rootfs
serverip=192.168.0.1
soc=am33xx
spiargs=setenv bootargs console=${console} ${optargs} root=${spiroot} rootfstype=${spirootfstype}
spiboot=echo Booting from spi ...; run spiargs; sf probe ${spibusno}:0; sf read ${loadaddr} ${spisrcaddr} ${spiimgsize}; bootz ${loadaddr}
spibusno=0
spiimgsize=0x362000
spiroot=/dev/mtdblock4 rw
spirootfstype=jffs2
spisrcaddr=0xe0000
static_ip=${ipaddr}:${serverip}:${gatewayip}:${netmask}:${hostname}::off
stderr=serial
stdin=serial
stdout=serial
usbnet_devaddr=c8:a0:30:a1:b6:c2
vendor=ti
ver=U-Boot 2014.07-rc2 (May 29 2014 - 18:04:30)
Environment size: 4520/131068 bytes
U-Boot# 
- 03:06:37 [INFO] Host: setenv bootargs ''${bootargs}' root=PARTUUID=00000000-02 rw rootfstype=ext4 rootwait '
- 03:06:37 [INFO] Target: 
setenv bootargs ''${bootargs}' root=PARTUUID=00000000-02 rw rootfstype=ext4 rootwait '
U-Boot# 
- 03:06:37 [INFO] Host: printenv
- 03:06:38 [INFO] Target: 
printenv
arch=arm
autoload=no
baudrate=115200
board=am335x
board_name=A33515BB
board_rev=1.5B
boot_fdt=try
bootargs=console=ttyO0,115200n8 earlyprintk rootwait   ip=dhcp  root=PARTUUID=00000000-02 rw rootfstype=ext4 rootwait 
bootcmd=
bootcount=1
bootdelay=1
bootdir=/boot
bootenv=uEnv.txt
bootfile=zImage
bootm_size=0x10000000
bootpart=0:2
console=ttyO0,115200n8
cpu=armv7
dfu_alt_info_emmc=rawemmc mmc 0 3751936
dfu_alt_info_mmc=boot part 0 1;rootfs part 0 2;MLO fat 0 1;MLO.raw mmc 0x100 0x100;u-boot.img.raw mmc 0x300 0x400;spl-os-args.raw mmc 0x80 0x80;spl-os-image.raw mmc 0x900 0x2000;spl-os-args fat 0 1;spl-os-image fat 0 1;u-boot.img fat 0 1;uEnv.txt fat 0 1
dfu_alt_info_nand=SPL part 0 1;SPL.backup1 part 0 2;SPL.backup2 part 0 3;SPL.backup3 part 0 4;u-boot part 0 5;u-boot-spl-os part 0 6;kernel part 0 8;rootfs part 0 9
dfu_alt_info_ram=kernel ram 0x80200000 0xD80000;fdt ram 0x80F80000 0x80000;ramdisk ram 0x81000000 0x4000000
dnsip=192.0.2.2
dnsip2=192.0.2.3
eth1addr=c8:a0:30:a1:b6:c2
ethact=cpsw
ethaddr=c8:a0:30:a1:b6:c0
fdt_addr_r=0x88000000
fdtaddr=0x88000000
fdtfile=undefined
fileaddr=88000000
filesize=87a0
findfdt=if test $board_name = A335BONE; then setenv fdtfile am335x-bone.dtb; fi; if test $board_name = A335BNLT; then setenv fdtfile am335x-boneblack.dtb; fi; if test $board_name = A33515BB; then setenv fdtfile am335x-evm.dtb; fi; if test $board_name = A335X_SK; then setenv fdtfile am335x-evmsk.dtb; fi; if test $fdtfile = undefined; then echo WARNING: Could not determine device tree to use; fi; 
gatewayip=192.168.0.1
importbootenv=echo Importing environment from mmc ...; env import -t $loadaddr $filesize
ipaddr=192.168.0.150
kernel_addr_r=0x82000000
loadaddr=0x82000000
loadbootenv=load mmc ${mmcdev} ${loadaddr} ${bootenv}
loadfdt=load mmc ${bootpart} ${fdtaddr} ${bootdir}/${fdtfile}
loadimage=load mmc ${bootpart} ${loadaddr} ${bootdir}/${bootfile}
loadramdisk=load mmc ${mmcdev} ${rdaddr} ramdisk.gz
mmcargs=setenv bootargs console=${console} ${optargs} root=${mmcroot} rootfstype=${mmcrootfstype}
mmcboot=mmc dev ${mmcdev}; if mmc rescan; then echo SD/MMC found on device ${mmcdev};if run loadbootenv; then echo Loaded environment from ${bootenv};run importbootenv;fi;if test -n $uenvcmd; then echo Running uenvcmd ...;run uenvcmd;fi;if run loadimage; then run mmcloados;fi;fi;
mmcdev=0
mmcloados=run mmcargs; if test ${boot_fdt} = yes || test ${boot_fdt} = try; then if run loadfdt; then bootz ${loadaddr} - ${fdtaddr}; else if test ${boot_fdt} = try; then bootz; else echo WARN: Cannot load the DT; fi; fi; else bootz; fi;
mmcroot=/dev/mmcblk0p2 ro
mmcrootfstype=ext4 rootwait
mtdids=nand0=omap2-nand.0
mtdparts=mtdparts=omap2-nand.0:128k(SPL),128k(SPL.backup1),128k(SPL.backup2),128k(SPL.backup3),1792k(u-boot),128k(u-boot-spl-os),128k(u-boot-env),5m(kernel),-(rootfs)
nandargs=setenv bootargs console=${console} ${optargs} root=${nandroot} rootfstype=${nandrootfstype}
nandboot=echo Booting from nand ...; run nandargs; nand read ${fdtaddr} u-boot-spl-os; nand read ${loadaddr} kernel; bootz ${loadaddr} - ${fdtaddr}
nandroot=ubi0:rootfs rw ubi.mtd=7,2048
nandrootfstype=ubifs rootwait=1
netargs=setenv bootargs console=${console} ${optargs} root=/dev/nfs nfsroot=${serverip}:${rootpath},${nfsopts} rw ip=dhcp
netboot=echo Booting from network ...; setenv autoload no; dhcp; tftp ${loadaddr} ${bootfile}; tftp ${fdtaddr} ${fdtfile}; run netargs; bootz ${loadaddr} - ${fdtaddr}
netmask=255.255.255.0
nfsopts=nolock
partitions=uuid_disk=${uuid_gpt_disk};name=rootfs,start=2MiB,size=-,uuid=${uuid_gpt_rootfs}
ramargs=setenv bootargs console=${console} ${optargs} root=${ramroot} rootfstype=${ramrootfstype}
ramboot=echo Booting from ramdisk ...; run ramargs; bootz ${loadaddr} ${rdaddr} ${fdtaddr}
ramdisk_addr_r=0x88080000
ramroot=/dev/ram0 rw
ramrootfstype=ext2
rdaddr=0x88080000
rootpath=/export/rootfs
serverip=192.168.0.1
soc=am33xx
spiargs=setenv bootargs console=${console} ${optargs} root=${spiroot} rootfstype=${spirootfstype}
spiboot=echo Booting from spi ...; run spiargs; sf probe ${spibusno}:0; sf read ${loadaddr} ${spisrcaddr} ${spiimgsize}; bootz ${loadaddr}
spibusno=0
spiimgsize=0x362000
spiroot=/dev/mtdblock4 rw
spirootfstype=jffs2
spisrcaddr=0xe0000
static_ip=${ipaddr}:${serverip}:${gatewayip}:${netmask}:${hostname}::off
stderr=serial
stdin=serial
stdout=serial
usbnet_devaddr=c8:a0:30:a1:b6:c2
vendor=ti
ver=U-Boot 2014.07-rc2 (May 29 2014 - 18:04:30)
Environment size: 4575/131068 bytes
U-Boot# 
- 03:06:38 [INFO] Host: setenv bootcmd ''${bootcmd}' if iminfo ${loadaddr}; then bootm ${loadaddr} - ${fdt_addr_r}; else bootz ${loadaddr} - ${fdt_addr_r}; bootm ${loadaddr} - ${fdt_addr_r}; fi'
- 03:06:38 [INFO] Target: 
setenv bootcmd ''${bootcmd}' if iminfo ${loadaddr}; then bootm ${loadaddr} - ${fdt_addr_r}; else bootz ${loadaddr} - ${fdt_addr_r}; bootm ${loadaddr} - ${fdt_addr_r}; fi'
U-Boot# 
- 03:06:38 [INFO] Host: bdinfo
- 03:06:39 [INFO] Target: 
bdinfo
arch_number = 0x00000E05
boot_params = 0x80000100
DRAM bank   = 0x00000000
-> start    = 0x80000000
-> size     = 0x40000000
eth0name    = cpsw
ethaddr     = c8:a0:30:a1:b6:c0
eth1name    = usb_ether
eth1addr    = c8:a0:30:a1:b6:c2
current eth = cpsw
ip_addr     = 192.168.0.150
baudrate    = 115200 bps
TLB addr    = 0xBFFF0000
relocaddr   = 0xBF74A000
reloc off   = 0x3EF4A000
irq_sp      = 0xBF629EE0
sp start    = 0xBF629ED0
U-Boot# 
- 03:06:39 [INFO] Host: boot
- 03:07:02 [INFO] Target: 
boot
## Checking Image at 82000000 ...
Unknown image format!
Kernel image @ 0x82000000 [ 0x000000 - 0x42c5b0 ]
## Flattened Device Tree blob at 88000000
   Booting using the fdt blob at 0x88000000
   Loading Device Tree to 8fff4000, end 8ffff79f ... OK
Starting kernel ...
[    0.000000] Booting Linux on physical CPU 0x0
[    0.000000] Linux version 3.17.0-rc5-00002-g619e9c8 (nmenon@kahuna) (gcc version 4.6.3 (Ubuntu/Linaro 4.6.3-1ubuntu5) ) #1 SMP Mon Sep 15 02:03:25 CDT 2014
[    0.000000] CPU: ARMv7 Processor [413fc082] revision 2 (ARMv7), cr=10c5387d
[    0.000000] CPU: PIPT / VIPT nonaliasing data cache, VIPT aliasing instruction cache
[    0.000000] Machine model: TI AM335x EVM
[    0.000000] cma: Reserved 16 MiB at ae800000
[    0.000000] Memory policy: Data cache writeback
[    0.000000] CPU: All CPU(s) started in SVC mode.
[    0.000000] AM335X ES2.1 (sgx neon )
[    0.000000] PERCPU: Embedded 9 pages/cpu @edfb8000 s14336 r8192 d14336 u36864
[    0.000000] Built 1 zonelists in Zone order, mobility grouping on.  Total pages: 260368
[    0.000000] Kernel command line: console=ttyO0,115200n8 earlyprintk rootwait   ip=dhcp  root=PARTUUID=00000000-02 rw rootfstype=ext4 rootwait 
[    0.000000] PID hash table entries: 4096 (order: 2, 16384 bytes)
[    0.000000] Dentry cache hash table entries: 131072 (order: 7, 524288 bytes)
[    0.000000] Inode-cache hash table entries: 65536 (order: 6, 262144 bytes)
[    0.000000] Memory: 1004688K/1047552K available (5694K kernel code, 647K rwdata, 2204K rodata, 406K init, 8210K bss, 42864K reserved, 269312K highmem)
[    0.000000] Virtual kernel memory layout:
[    0.000000]     vector  : 0xffff0000 - 0xffff1000   (   4 kB)
[    0.000000]     fixmap  : 0xffc00000 - 0xffe00000   (2048 kB)
[    0.000000]     vmalloc : 0xf0000000 - 0xff000000   ( 240 MB)
[    0.000000]     lowmem  : 0xc0000000 - 0xef800000   ( 760 MB)
[    0.000000]     pkmap   : 0xbfe00000 - 0xc0000000   (   2 MB)
[    0.000000]     modules : 0xbf000000 - 0xbfe00000   (  14 MB)
[    0.000000]       .text : 0xc0008000 - 0xc07bee10   (7900 kB)
[    0.000000]       .init : 0xc07bf000 - 0xc0824800   ( 406 kB)
[    0.000000]       .data : 0xc0826000 - 0xc08c7c88   ( 648 kB)
[    0.000000]        .bss : 0xc08c7c88 - 0xc10cc858   (8211 kB)
[    0.000000] Hierarchical RCU implementation.
[    0.000000] 	RCU restricting CPUs from NR_CPUS=2 to nr_cpu_ids=1.
[    0.000000] RCU: Adjusting geometry for rcu_fanout_leaf=16, nr_cpu_ids=1
[    0.000000] NR_IRQS:16 nr_irqs:16 16
[    0.000000] IRQ: Found an INTC at 0xfa200000 (revision 5.0) with 128 interrupts
[    0.000000] Total of 128 interrupts on 1 active controller
[    0.000000] OMAP clockevent source: timer2 at 24000000 Hz
[    0.000016] sched_clock: 32 bits at 24MHz, resolution 41ns, wraps every 178956969942ns
[    0.000065] OMAP clocksource: timer1 at 24000000 Hz
[    0.000813] Console: colour dummy device 80x30
[    0.000865] Lock dependency validator: Copyright (c) 2006 Red Hat, Inc., Ingo Molnar
[    0.000875] ... MAX_LOCKDEP_SUBCLASSES:  8
[    0.000882] ... MAX_LOCK_DEPTH:          48
[    0.000890] ... MAX_LOCKDEP_KEYS:        8191
[    0.000897] ... CLASSHASH_SIZE:          4096
[    0.000905] ... MAX_LOCKDEP_ENTRIES:     32768
[    0.000912] ... MAX_LOCKDEP_CHAINS:      65536
[    0.000919] ... CHAINHASH_SIZE:          32768
[    0.000926]  memory used by lock dependency info: 5167 kB
[    0.000934]  per task-struct memory footprint: 1152 bytes
[    0.000981] Calibrating delay loop... 996.14 BogoMIPS (lpj=4980736)
[    0.078997] pid_max: default: 32768 minimum: 301
[    0.079405] Security Framework initialized
[    0.079534] Mount-cache hash table entries: 2048 (order: 1, 8192 bytes)
[    0.079549] Mountpoint-cache hash table entries: 2048 (order: 1, 8192 bytes)
[    0.081756] CPU: Testing write buffer coherency: ok
[    0.082949] CPU0: thread -1, cpu 0, socket -1, mpidr 0
[    0.083076] Setting up static identity map for 0x805654a8 - 0x80565518
[    0.086377] Brought up 1 CPUs
[    0.086397] SMP: Total of 1 processors activated.
[    0.086407] CPU: All CPU(s) started in SVC mode.
[    0.089274] devtmpfs: initialized
[    0.097873] VFP support v0.3: implementor 41 architecture 3 part 30 variant c rev 3
[    0.134665] omap_hwmod: tptc0 using broken dt data from edma
[    0.135033] omap_hwmod: tptc1 using broken dt data from edma
[    0.135379] omap_hwmod: tptc2 using broken dt data from edma
[    0.143410] omap_hwmod: debugss: _wait_target_disable failed
[    0.201377] pinctrl core: initialized pinctrl subsystem
[    0.203941] regulator-dummy: no parameters
[    0.234411] NET: Registered protocol family 16
[    0.243292] DMA: preallocated 256 KiB pool for atomic coherent allocations
[    0.245525] cpuidle: using governor ladder
[    0.245552] cpuidle: using governor menu
[    0.257588] OMAP GPIO hardware version 0.1
[    0.273148] omap-gpmc 50000000.gpmc: could not find pctldev for node /pinmux@44e10800/nandflash_pins_s0, deferring probe
[    0.273192] platform 50000000.gpmc: Driver omap-gpmc requests probe deferral
[    0.277752] No ATAGs?
[    0.277785] hw-breakpoint: debug architecture 0x4 unsupported.
[    0.322023] edma-dma-engine edma-dma-engine.0: TI EDMA DMA engine driver
[    0.323383] vbat: 5000 mV 
[    0.324166] lis3_reg: no parameters
[    0.327492] SCSI subsystem initialized
[    0.328319] usbcore: registered new interface driver usbfs
[    0.328501] usbcore: registered new interface driver hub
[    0.332483] usbcore: registered new device driver usb
[    0.333375] omap_i2c 44e0b000.i2c: could not find pctldev for node /pinmux@44e10800/pinmux_i2c0_pins, deferring probe
[    0.333415] platform 44e0b000.i2c: Driver omap_i2c requests probe deferral
[    0.333473] omap_i2c 4802a000.i2c: could not find pctldev for node /pinmux@44e10800/pinmux_i2c1_pins, deferring probe
[    0.333499] platform 4802a000.i2c: Driver omap_i2c requests probe deferral
[    0.337909] Switched to clocksource timer1
[    0.489749] NET: Registered protocol family 2
[    0.491580] TCP established hash table entries: 8192 (order: 3, 32768 bytes)
[    0.491827] TCP bind hash table entries: 8192 (order: 6, 294912 bytes)
[    0.494498] TCP: Hash tables configured (established 8192 bind 8192)
[    0.494724] TCP: reno registered
[    0.494754] UDP hash table entries: 512 (order: 3, 40960 bytes)
[    0.495117] UDP-Lite hash table entries: 512 (order: 3, 40960 bytes)
[    0.496328] NET: Registered protocol family 1
[    0.498444] RPC: Registered named UNIX socket transport module.
[    0.498468] RPC: Registered udp transport module.
[    0.498478] RPC: Registered tcp transport module.
[    0.498487] RPC: Registered tcp NFSv4.1 backchannel transport module.
[    0.499814] hw perfevents: enabled with armv7_cortex_a8 PMU driver, 5 counters available
[    0.504057] futex hash table entries: 256 (order: 2, 16384 bytes)
[    0.510062] VFS: Disk quotas dquot_6.5.2
[    0.510210] Dquot-cache hash table entries: 1024 (order 0, 4096 bytes)
[    0.512789] NFS: Registering the id_resolver key type
[    0.513136] Key type id_resolver registered
[    0.513150] Key type id_legacy registered
[    0.513296] jffs2: version 2.2. (NAND) (SUMMARY)   2001-2006 Red Hat, Inc.
[    0.513751] msgmni has been set to 1468
[    0.519141] bounce: pool size: 64 pages
[    0.519315] io scheduler noop registered
[    0.519339] io scheduler deadline registered
[    0.519414] io scheduler cfq registered (default)
[    0.521744] pinctrl-single 44e10800.pinmux: 142 pins at pa f9e10800 size 568
[    0.524715] Serial: 8250/16550 driver, 4 ports, IRQ sharing enabled
[    0.530852] omap_uart 44e09000.serial: no wakeirq for uart0
[    0.531447] 44e09000.serial: ttyO0 at MMIO 0x44e09000 (irq = 88, base_baud = 3000000) is a OMAP UART0
[    1.224979] console [ttyO0] enabled
[    1.234201] omap_rng 48310000.rng: OMAP Random Number Generator ver. 20
[    1.263824] brd: module loaded
[    1.282338] loop: module loaded
[    1.288892] mtdoops: mtd device (mtddev=name/number) must be supplied
[    1.298847] usbcore: registered new interface driver asix
[    1.304636] usbcore: registered new interface driver ax88179_178a
[    1.311188] usbcore: registered new interface driver cdc_ether
[    1.317458] usbcore: registered new interface driver smsc95xx
[    1.323618] usbcore: registered new interface driver net1080
[    1.329679] usbcore: registered new interface driver cdc_subset
[    1.335979] usbcore: registered new interface driver zaurus
[    1.342046] usbcore: registered new interface driver cdc_ncm
[    1.349257] usbcore: registered new interface driver cdc_wdm
[    1.355353] usbcore: registered new interface driver usb-storage
[    1.361930] usbcore: registered new interface driver usbtest
[    1.369956] mousedev: PS/2 mouse device common for all mice
[    1.381006] omap_rtc 44e3e000.rtc: rtc core: registered 44e3e000.rtc as rtc0
[    1.389238] i2c /dev entries driver
[    1.392990] Driver for 1-wire Dallas network protocol.
[    1.405716] omap_wdt: OMAP Watchdog Timer Rev 0x01: initial timeout 60 sec
[    1.415735] omap_hsmmc 48060000.mmc: unable to get vmmc regulator -517
[    1.423156] platform 48060000.mmc: Driver omap_hsmmc requests probe deferral
[    1.431242] ledtrig-cpu: registered to indicate activity on CPUs
[    1.438176] usbcore: registered new interface driver usbhid
[    1.443997] usbhid: USB HID core driver
[    1.449315] oprofile: using arm/armv7
[    1.453797] TCP: cubic registered
[    1.457273] Initializing XFRM netlink socket
[    1.461921] NET: Registered protocol family 17
[    1.466649] NET: Registered protocol family 15
[    1.471685] Key type dns_resolver registered
[    1.476371] omap_voltage_late_init: Voltage driver support not added
[    1.483070] sr_dev_init: No voltage domain specified for smartreflex0. Cannot initialize
[    1.491538] sr_dev_init: No voltage domain specified for smartreflex1. Cannot initialize
[    1.501063] ThumbEE CPU extension supported.
[    1.505581] Registering SWP/SWPB emulation handler
[    1.510668] SmartReflex Class3 initialized
[    1.520804] omap-gpmc 50000000.gpmc: GPMC revision 6.0
[    1.527993] nand: device found, Manufacturer ID: 0x2c, Chip ID: 0xda
[    1.534638] nand: Micron MT29F2G08ABAEAWP
[    1.538851] nand: 256MiB, SLC, page size: 2048, OOB size: 64
[    1.544761] nand: error: CONFIG_MTD_NAND_OMAP_BCH not enabled
[    1.550867] omap2-nand: probe of omap2-nand.0 failed with error -22
[    1.678163] tps65910 0-002d: No interrupt support, no core IRQ
[    1.694497] vrtc: 1800 mV 
[    1.698058] vrtc: supplied by vbat
[    1.706124] vio: at 1500 mV 
[    1.709494] vio: supplied by vbat
[    1.716367] vdd_mpu: 912 <--> 1312 mV at 1325 mV 
[    1.721623] vdd_mpu: supplied by vbat
[    1.729121] vdd_core: 912 <--> 1150 mV at 1137 mV 
[    1.734362] vdd_core: supplied by vbat
[    1.741230] vdd3: 5000 mV 
[    1.746628] vdig1: at 1800 mV 
[    1.750144] vdig1: supplied by vbat
[    1.756689] vdig2: at 1800 mV 
[    1.760186] vdig2: supplied by vbat
[    1.766589] vpll: at 1800 mV 
[    1.770013] vpll: supplied by vbat
[    1.776355] vdac: at 1800 mV 
[    1.779763] vdac: supplied by vbat
[    1.786039] vaux1: at 1800 mV 
[    1.789540] vaux1: supplied by vbat
[    1.795936] vaux2: at 3300 mV 
[    1.799435] vaux2: supplied by vbat
[    1.805788] vaux33: at 3300 mV 
[    1.809405] vaux33: supplied by vbat
[    1.815897] vmmc: 1800 <--> 3300 mV at 3300 mV 
[    1.820939] vmmc: supplied by vbat
[    1.827103] vbb: at 3000 mV 
[    1.830725] vbb: supplied by vbat
[    1.835999] omap_i2c 44e0b000.i2c: bus 0 rev0.11 at 400 kHz
[    1.850020] omap_i2c 4802a000.i2c: bus 1 rev0.11 at 100 kHz
[    1.945513] mmc0: host does not support reading read-only switch. assuming write-enable.
[    1.956478] mmc0: new high speed SDHC card at address 0007
[    1.964409] davinci_mdio 4a101000.mdio: davinci mdio revision 1.6
[    1.970876] davinci_mdio 4a101000.mdio: detected phy mask fffffffe
[    1.978603] mmcblk0: mmc0:0007 SD4GB 3.70 GiB 
[    1.989844] libphy: 4a101000.mdio: probed
[    1.994046] davinci_mdio 4a101000.mdio: phy[0]: device 4a101000.mdio:00, driver Atheros 8031 ethernet
[    2.005020] cpsw 4a100000.ethernet: Detected MACID = c8:a0:30:a1:b6:c0
[    2.016046] input: volume_keys@0 as /devices/volume_keys@0/input/input0
[    2.024480]  mmcblk0: p1 p2 p3
[    2.029823] omap_rtc 44e3e000.rtc: setting system clock to 2000-01-01 00:00:00 UTC (946684800)
[    2.038990] sr_init: No PMIC hook to init smartreflex
[    2.044581] sr_init: platform driver register failed for SR
[    2.068690] net eth0: initializing cpsw version 1.12 (0)
[    2.148577] net eth0: phy found : id is : 0x4dd074
[    2.153766] libphy: PHY 4a101000.mdio:01 not found
[    2.158815] net eth0: phy 4a101000.mdio:01 not found on slave 1
[    6.148729] cpsw 4a100000.ethernet eth0: Link is Up - 1Gbps/Full - flow control rx/tx
[    6.167782] Sending DHCP requests ., OK
[    6.218229] IP-Config: Got DHCP answer from 192.168.0.1, my address is 192.168.0.150
[    6.226855] IP-Config: Complete:
[    6.230314]      device=eth0, hwaddr=c8:a0:30:a1:b6:c0, ipaddr=192.168.0.150, mask=255.255.255.0, gw=192.168.0.1
[    6.240971]      host=192.168.0.150, domain=ti.com, nis-domain=(none)
[    6.247716]      bootserver=192.168.0.1, rootserver=192.168.0.1, rootpath=
[    6.254717]      nameserver0=192.0.2.2, nameserver1=192.0.2.3
[    6.262173] lis3_reg: disabling
[    6.313361] EXT4-fs (mmcblk0p2): mounted filesystem with ordered data mode. Opts: (null)
[    6.322058] VFS: Mounted root (ext4 filesystem) on device 179:2.
[    6.340338] devtmpfs: mounted
[    6.344144] Freeing unused kernel memory: 404K (c07bf000 - c0824000)
INIT: version 2.88 booting
Error opening /dev/fb0: No such file or directory
Starting udev
[    7.199723] udevd[720]: starting version 182
[   12.507137] EXT4-fs (mmcblk0p3): warning: mounting unchecked fs, running e2fsck is recommended
[   12.522310] EXT4-fs (mmcblk0p3): mounted filesystem without journal. Opts: (null)
[   12.568533] FAT-fs (mmcblk0p1): Volume was not properly unmounted. Some data may be corrupt. Please run fsck.
Starting Bootlog daemon: [   13.043345] random: nonblocking pool is initialized
bootlogd: cannot allocate pseudo tty: No such file or directory
bootlogd.
[   13.114870] EXT4-fs (mmcblk0p2): re-mounted. Opts: data=ordered
ALSA: Restoring mixer settings...
/usr/sbin/alsactl: load_state:1696: No soundcards found...
Configuring network interfaces... udhcpc (v1.20.2) started
Sending discover...
Sending select for 192.168.0.112...
Lease of 192.168.0.112 obtained, lease time 7200
/etc/udhcpc.d/50default: Adding DNS 192.0.2.2
/etc/udhcpc.d/50default: Adding DNS 192.0.2.3
done.
Sat Dec 28 16:36:00 UTC 2013
INIT: Entering runlevel: 5
Starting system message bus: dbus.
Starting Dropbear SSH server: dropbear.
Starting telnet daemon.
Starting syslogd/klogd: done
Starting thttpd.
Starting Lighttpd Web Server: lighttpd.
2013-12-28 16:36:01: (log.c.166) server started 
/etc/rc5.d/S96am335x-pm-firmware-load: line 4: /sys/devices/ocp.2/44d00000.wkup_m3/firmware/am335x-pm-firmware.bin/loading: No such file or directory
/etc/rc5.d/S96am335x-pm-firmware-load: line 5: /sys/devices/ocp.2/44d00000.wkup_m3/firmware/am335x-pm-firmware.bin/data: No such file or directory
/etc/rc5.d/S96am335x-pm-firmware-load: line 6: /sys/devices/ocp.2/44d00000.wkup_m3/firmware/am335x-pm-firmware.bin/loading: No such file or directory
Starting Matrix GUI application.
***************************************************************
***************************************************************
NOTICE: This file system contains the followin GPLv3 packages:
	binutils-symlinks
	binutils
	gdbserver
If you do not wish to distribute GPLv3 components please remove
the above packages prior to distribution.  This can be done using
the opkg remove command.  i.e.:
    opkg remove <package>
Where <package> is the name printed in the list above
NOTE: If the package is a dependency of another package you
      will be notified of the dependent packages.  You should
      use the --force-removal-of-dependent-packages option to
      also remove the dependent packages as well
***************************************************************
***************************************************************
Stopping Bootlog daemon: bootlogd.
 _____                    _____           _         _   
|  _  |___ ___ ___ ___   |  _  |___ ___  |_|___ ___| |_ 
|     |  _| .'| . | . |  |   __|  _| . | | | -_|  _|  _|
|__|__|_| |__,|_  |___|  |__|  |_| |___|_| |___|___|_|  
              |___|                    |___|            
Arago Project http://arago-project.org am335x-evm ttyO0
Arago 2013.10 am335x-evm ttyO0
am335x-evm login: 
- 03:07:02 [INFO] Host: root
- 03:07:02 [INFO] Target: 
root
root@am335x-evm:~# 
- 03:07:02 [INFO] Host: uname -a
- 03:07:03 [INFO] Target: 
uname -a
Linux am335x-evm 3.17.0-rc5-00002-g619e9c8 #1 SMP Mon Sep 15 02:03:25 CDT 2014 armv7l GNU/Linux
root@am335x-evm:~# 
- 03:07:03 [INFO] Host: cat /proc/cmdline
- 03:07:03 [INFO] Target: 
cat /proc/cmdline
console=ttyO0,115200n8 earlyprintk rootwait   ip=dhcp  root=PARTUUID=00000000-02 rw rootfstype=ext4 rootwait 
root@am335x-evm:~# 
- 03:07:03 [INFO] Host: uname -a
- 03:07:04 [INFO] Target: 
uname -a
Linux am335x-evm 3.17.0-rc5-00002-g619e9c8 #1 SMP Mon Sep 15 02:03:25 CDT 2014 armv7l GNU/Linux
root@am335x-evm:~# 
- 03:07:04 [INFO] Host: cat /proc/mtd
- 03:07:04 [INFO] Target: 
cat /proc/mtd
dev:    size   erasesize  name
root@am335x-evm:~# 
- 03:07:12 [INFO] Host: export IPERFHOST=192.168.0.1
- 03:07:13 [INFO] Target: 
export IPERFHOST=192.168.0.1
root@am335x-evm:~# 
- 03:07:13 [INFO] Host: export NFS_SERVER=192.168.0.1
- 03:07:13 [INFO] Target: 
export NFS_SERVER=192.168.0.1
root@am335x-evm:~# 
- 03:07:13 [INFO] Host: export NFS_ROOT_PATH=/home/tigtfarm02/NFS_exports/am335x-evm
- 03:07:14 [INFO] Target: 
export NFS_ROOT_PATH=/home/tigtfarm02/NFS_exports/am335x-evm
root@am335x-evm:~# 
- 03:07:14 [INFO] Host: mkdir -p -m 777 /test
- 03:07:14 [INFO] Target: 
mkdir -p -m 777 /test
root@am335x-evm:~# 
- 03:07:14 [INFO] Host: cd /test
- 03:07:15 [INFO] Target: 
cd /test
root@am335x-evm:/test# 
- 03:07:15 [INFO] Host: cat > test.sh << EOF
- 03:07:15 [INFO] Target: 
cat > test.sh << EOF
- 03:07:15 [INFO] Host: failtest() {
- 03:07:16 [INFO] Target: 
failtest() {
- 03:07:16 [INFO] Host:   echo 1 >&3
- 03:07:16 [INFO] Target: 
  echo 1 >&3
- 03:07:16 [INFO] Host: }
- 03:07:17 [INFO] Target: 
- 03:07:17 [INFO] Host: timeout=600
- 03:07:17 [INFO] Target: 
timeout=600
- 03:07:17 [INFO] Host: 
- 03:07:18 [INFO] Target: 
- 03:07:18 [INFO] Host: # Start of user's script logic
- 03:07:18 [INFO] Target: 
# Start of user's script logic
- 03:07:18 [INFO] Host: 
- 03:07:19 [INFO] Target: 
- 03:07:19 [INFO] Host: 
- 03:07:19 [INFO] Target: 
- 03:07:19 [INFO] Host: mount -t proc proc /proc 2>/dev/null;
- 03:07:20 [INFO] Target: 
mount -t proc proc /proc 2>/dev/null;
- 03:07:20 [INFO] Host: 
- 03:07:20 [INFO] Target: 
- 03:07:20 [INFO] Host: mount -t sysfs sys /sys 2>/dev/null;
- 03:07:21 [INFO] Target: 
mount -t sysfs sys /sys 2>/dev/null;
- 03:07:21 [INFO] Host: 
- 03:07:21 [INFO] Target: 
- 03:07:21 [INFO] Host: mount -t debugfs none /sys/kernel/debug 2>/dev/null;
- 03:07:22 [INFO] Target: 
mount -t debugfs none /sys/kernel/debug 2>/dev/null;
- 03:07:22 [INFO] Host: 
- 03:07:22 [INFO] Target: 
- 03:07:22 [INFO] Host: echo 'cpuinfo:';cat /proc/cpuinfo; echo '=======';
- 03:07:23 [INFO] Target: 
echo 'cpuinfo:';cat /proc/cpuinfo; echo '=======';
- 03:07:23 [INFO] Host: 
- 03:07:23 [INFO] Target: 
- 03:07:23 [INFO] Host: echo 'soc info:';head /sys/devices/soc0/* 2>/dev/null; echo '=======';
- 03:07:24 [INFO] Target: 
echo 'soc info:';head /sys/devices/soc0/* 2>/dev/null; echo '=======';
- 03:07:24 [INFO] Host: 
- 03:07:24 [INFO] Target: 
- 03:07:24 [INFO] Host: echo 'DT Model info'; head /proc/device-tree/name /proc/device-tree/model /proc/device-tree/compatible 2>/dev/null;echo; echo '=======';
- 03:07:25 [INFO] Target: 
echo 'DT Model info'; head /proc/device-tree/name /proc/device-tree/model /pro 
c/device-tree/compatible 2>/dev/null;echo; echo '=======';
- 03:07:25 [INFO] Host: 
- 03:07:25 [INFO] Target: 
- 03:07:25 [INFO] Host: echo 'interrupts:';cat /proc/interrupts; echo '=======';
- 03:07:26 [INFO] Target: 
echo 'interrupts:';cat /proc/interrupts; echo '=======';
- 03:07:26 [INFO] Host: 
- 03:07:26 [INFO] Target: 
- 03:07:26 [INFO] Host: echo 'Clk_summary:';cat /sys/kernel/debug/clk/clk_summary; echo '=======';
- 03:07:27 [INFO] Target: 
echo 'Clk_summary:';cat /sys/kernel/debug/clk/clk_summary; echo '=======';
- 03:07:27 [INFO] Host: 
- 03:07:27 [INFO] Target: 
- 03:07:27 [INFO] Host: echo 'Orphan Clks:';ls /sys/kernel/debug/clk/orphans/; echo '=======';
- 03:07:28 [INFO] Target: 
echo 'Orphan Clks:';ls /sys/kernel/debug/clk/orphans/; echo '=======';
- 03:07:28 [INFO] Host: 
- 03:07:28 [INFO] Target: 
- 03:07:28 [INFO] Host: echo "Available frequencies"; cat /sys/devices/system/cpu/cpu0/cpufreq/scaling_available_frequencies 2>/dev/null;echo '=======';
- 03:07:29 [INFO] Target: 
echo "Available frequencies"; cat /sys/devices/system/cpu/cpu0/cpufreq/scaling 
_available_frequencies 2>/dev/null;echo '=======';
- 03:07:29 [INFO] Host: 
- 03:07:29 [INFO] Target: 
- 03:07:29 [INFO] Host: echo 'H''ello World' 'B''oard Booted';
- 03:07:30 [INFO] Target: 
echo 'H''ello World' 'B''oard Booted';
- 03:07:30 [INFO] Host: 
- 03:07:30 [INFO] Target: 
- 03:07:30 [INFO] Host: EOF
- 03:07:31 [INFO] Target: 
root@am335x-evm:/test# 
- 03:07:31 [INFO] Host: cd /test
- 03:07:31 [INFO] Target: 
cd /test
root@am335x-evm:/test# 
- 03:07:31 [INFO] Host: chmod +x test.sh
- 03:07:32 [INFO] Target: 
chmod +x test.sh
root@am335x-evm:/test# 
- 03:07:32 [INFO] Host: ./test.sh 2> stderr.log > stdout.log 3> result.log
- 03:07:32 [INFO] Target: 
./test.sh 2> stderr.log > stdout.log 3> result.log
root@am335x-evm:/test# 
- 03:07:32 [INFO] Host: echo $?
- 03:07:33 [INFO] Target: 
echo $?
root@am335x-evm:/test# 
- 03:07:33 [INFO] Host: cd /test
- 03:07:33 [INFO] Target: 
cd /test
root@am335x-evm:/test# 
- 03:07:33 [INFO] Host: cat stdout.log
- 03:07:34 [INFO] Target: 
cat stdout.log
cpuinfo:
processor	: 0
model name	: ARMv7 Processor rev 2 (v7l)
Features	: half thumb fastmult vfp edsp thumbee neon vfpv3 tls vfpd32 
CPU implementer	: 0x41
CPU architecture: 7
CPU variant	: 0x3
CPU part	: 0xc08
CPU revision	: 2
Hardware	: Generic AM33XX (Flattened Device Tree)
Revision	: 0000
Serial		: 0000000000000000
=======
soc info:
==> /sys/devices/soc0/family <==
Unknown
==> /sys/devices/soc0/machine <==
AM335X
==> /sys/devices/soc0/power <==
==> /sys/devices/soc0/revision <==
ES2.1
==> /sys/devices/soc0/subsystem <==
==> /sys/devices/soc0/type <==
==> /sys/devices/soc0/uevent <==
=======
DT Model info
==> /proc/device-tree/name <==
==> /proc/device-tree/model <==
TI AM335x EVM
==> /proc/device-tree/compatible <==
ti,am335x-evmti,am33xx
=======
interrupts:
           CPU0       
 28:       1865      INTC  12  edma
 30:         19      INTC  14  edma_error
 56:          0      INTC  40  4a100000.ethernet
 57:         28      INTC  41  4a100000.ethernet
 58:          9      INTC  42  4a100000.ethernet
 59:          0      INTC  43  4a100000.ethernet
 80:       5580      INTC  64  mmc0
 84:       2581      INTC  68  gp_timer
 86:        273      INTC  70  44e0b000.i2c
 87:          0      INTC  71  4802a000.i2c
 88:       4338      INTC  72  OMAP UART0
 91:          0      INTC  75  rtc0
 92:          0      INTC  76  rtc0
116:          0      INTC 100  gpmc
127:          0      INTC 111  48310000.rng
146:          0      GPIO   2  volume-up
147:          0      GPIO   3  volume-down
150:          0      GPIO   6  mmc0
IPI0:          0  CPU wakeup interrupts
IPI1:          0  Timer broadcast interrupts
IPI2:          0  Rescheduling interrupts
IPI3:          0  Function call interrupts
IPI4:          0  Single function call interrupts
IPI5:          0  CPU stop interrupts
IPI6:          0  IRQ work interrupts
IPI7:          0  completion interrupts
Err:          0
=======
Clk_summary:
   clock                         enable_cnt  prepare_cnt        rate   accuracy
--------------------------------------------------------------------------------
 tclkin_ck                                0            0    12000000          0
 virt_26000000_ck                         0            0    26000000          0
 virt_25000000_ck                         0            0    25000000          0
 virt_24000000_ck                         1            1    24000000          0
    sys_clkin_ck                          9           23    24000000          0
       timer6_fck                         0            1    24000000          0
       timer3_fck                         0            1    24000000          0
       dpll_per_ck                        1            2   960000000          0
          dpll_per_m2_ck                  2            4   192000000          0
             ehrpwm2_tbclk                0            0   192000000          0
             ehrpwm1_tbclk                0            0   192000000          0
             ehrpwm0_tbclk                0            0   192000000          0
             mmc_clk                      0            3    96000000          0
             clk_24mhz                    1            1    24000000          0
                clkdiv32k_ck              1            1       32786          0
                   clkdiv32k_ick           1            5       32786          0
                      wdt1_fck            0            1       32786          0
                      gpio3_dbclk           0            1       32786          0
                      gpio2_dbclk           0            1       32786          0
                      gpio1_dbclk           0            1       32786          0
             dpll_per_m2_div4_ck           0            9    48000000          0
             dpll_per_m2_div4_wkupdm_ck           1            2    48000000          0
          usbotg_fck                      0            1   960000000          0
       dpll_disp_ck                       0            1    24000000          0
          dpll_disp_m2_ck                 0            1    24000000          0
             lcd_gclk                     0            1    24000000          0
       dpll_ddr_ck                        1            1   303000000          0
          dpll_ddr_m2_ck                  2            2   303000000          0
             dpll_ddr_m2_div2_ck           1            1   151500000          0
       dpll_mpu_ck                        1            1  1000000000          0
          dpll_mpu_m2_ck                  4            4  1000000000          0
       dpll_core_ck                       1            1  1000000000          0
          dpll_core_x2_ck                 2            2  2000000000          0
             dpll_core_m6_ck              0            0   500000000          0
             dpll_core_m5_ck              1            1   250000000          0
                cpsw_cpts_rft_clk           0            0   250000000          0
                cpsw_125mhz_gclk           3            3   125000000          0
             dpll_core_m4_ck              9           11   200000000          0
                dbg_clka_ck               0            2   200000000          0
                   trace_pmd_clk_mux_ck           0            1   200000000          0
                      trace_clk_div_ck           0            1    50000000          0
                   stm_pmd_clock_mux_ck           0            0   200000000          0
                      stm_clk_div_ck           0            0    50000000          0
                gfx_fclk_clksel_ck           0            1   200000000          0
                   gfx_fck_div_ck           0            1   200000000          0
                sysclk_div_ck             0            0   200000000          0
                l4hs_gclk                 2            2   200000000          0
                l4_rtc_gclk               0            0   100000000          0
                dpll_core_m4_div2_ck          16           17   100000000          0
                   l4ls_gclk             41           59   100000000          0
                   l4fw_gclk              1            1   100000000          0
                   l3s_gclk               9           10   100000000          0
                   ieee5000_fck           0            0   100000000          0
                mmu_fck                   0            0   200000000          0
                l3_gclk                  13           15   200000000          0
                   pruss_ocp_gclk           0            1   200000000          0
       rng_fck                            2            2    24000000          0
       aes0_fck                           1            2    24000000          0
       sha0_fck                           1            1    24000000          0
       smartreflex1_fck                   0            1    24000000          0
       smartreflex0_fck                   0            1    24000000          0
       mcasp1_fck                         0            1    24000000          0
       mcasp0_fck                         0            1    24000000          0
       dcan1_fck                          0            1    24000000          0
       dcan0_fck                          0            1    24000000          0
       adc_tsc_fck                        0            1    24000000          0
       cefuse_fck                         0            0    24000000          0
       timer1_fck                         1            1    24000000          0
       timer2_fck                         1            1    24000000          0
       timer4_fck                         0            1    24000000          0
       timer5_fck                         0            1    24000000          0
       timer7_fck                         0            1    24000000          0
       dbg_sysclk_ck                      0            1    24000000          0
 virt_19200000_ck                         0            0    19200000          0
 clk_rc32k_ck                             1            1       32000          0
    gpio0_dbclk_mux_ck                    1            1       32000          0
       gpio0_dbclk                        1            2       32000          0
 clk_32768_ck                             2            2       32768          0
    sysclkout_pre_ck                      1            1       32768          0
       clkout2_div_ck                     1            1       32768          0
          clkout2_ck                      1            1       32768          0
=======
Orphan Clks:
=======
Available frequencies
=======
Hello World Board Booted
root@am335x-evm:/test# 
- 03:07:34 [INFO] Host: cat stderr.log
- 03:07:35 [INFO] Target: 
cat stderr.log
ls: /sys/kernel/debug/clk/orphans/: No such file or directory
root@am335x-evm:/test# 
- 03:07:35 [INFO] Host: cat result.log
- 03:07:37 [ERROR] On command: cat result.log waiting for (?m-ix:^1[\0\n\r]+) >>> error: execution expired
- 03:07:37 [INFO] Target: 
cat result.log
root@am335x-evm:/test# 
- 03:07:37 [INFO] Host: cd /test
- 03:07:37 [INFO] Target: 
cd /test
root@am335x-evm:/test# 
