- 06:31:14 [INFO] Starting target session
- 06:31:14 [INFO] Connected to am335x-evm via serial 
- 06:31:14 [INFO] Host: #check prompt
- 06:31:16 [ERROR] On command: #check prompt waiting for (?-mix:((?-mix:login:)|[Pp]assword)) >>> error: execution expired
- 06:31:16 [INFO] Target: 

- 06:31:16 [INFO] Host: #check prompt
- 06:31:18 [ERROR] On command: #check prompt waiting for (?-mix:[\w\d]+@.+[@:#]+) >>> error: execution expired
- 06:31:18 [INFO] Target: 

- 06:31:18 [INFO] Disconnected serial from am335x-evm
- 06:31:39 [INFO] Connected to am335x-evm via serial 
- 06:31:39 [INFO] Host: 
- 06:31:40 [ERROR] On command:  waiting for (?-mix:U-Boot#) >>> error: execution expired
- 06:31:40 [INFO] Target: 

U-Boot SPL 2014.07-rc2 (May 29 2014 - 18:04:30)

- 06:31:40 [INFO] Host: 
- 06:31:40 [ERROR] On command:  waiting for (?-mix:U-Boot#) >>> error: execution expired
- 06:31:40 [INFO] Target: 
reading u-boot.img
reading u-boot.img


U-Boot 2014.07-rc2 (May 29 2014 - 18:04:30)

I2C:   ready
DRAM:  512 MiB

- 06:31:40 [INFO] Host: 
- 06:31:41 [ERROR] On command:  waiting for (?-mix:U-Boot#) >>> error: execution expired
- 06:31:41 [INFO] Target: 
NAND:  256 MiB
MMC:   OMAP SD/MMC: 0, OMAP SD/MMC: 1

- 06:31:41 [INFO] Host: 
- 06:31:41 [ERROR] On command:  waiting for (?-mix:U-Boot#) >>> error: execution expired
- 06:31:41 [INFO] Target: 

- 06:31:41 [INFO] Host: 
- 06:31:42 [ERROR] On command:  waiting for (?-mix:U-Boot#) >>> error: execution expired
- 06:31:42 [INFO] Target: 

- 06:31:42 [INFO] Host: 
- 06:31:42 [ERROR] On command:  waiting for (?-mix:U-Boot#) >>> error: execution expired
- 06:31:42 [INFO] Target: 

- 06:31:42 [INFO] Host: 
- 06:31:43 [INFO] Target: 
Net:   <ethaddr> not set. Validating first E-fuse MAC
cpsw, usb_ether
Hit any key to stop autoboot:  1  0 
U-Boot# 
U-Boot# 
U-Boot# 
U-Boot# 
U-Boot# 
- 06:31:43 [INFO] Host: 
- 06:31:43 [INFO] Target: 

U-Boot# 
- 06:31:43 [INFO] Host: version
- 06:31:44 [INFO] Target: 
version

U-Boot 2014.07-rc2 (May 29 2014 - 18:04:30)
arm-linux-gnueabihf-gcc (crosstool-NG linaro-1.13.1-4.7-2013.03-20130313 - Linaro GCC 2013.03) 4.7.3 20130226 (prerelease)
GNU ld (crosstool-NG linaro-1.13.1-4.7-2013.03-20130313 - Linaro GCC 2013.03) 2.23.1
U-Boot# 
- 06:31:44 [INFO] Host: setenv bootargs 'console=ttyO0,115200n8 earlyprintk rootwait  '
- 06:31:44 [INFO] Target: 
setenv bootargs 'console=ttyO0,115200n8 earlyprintk rootwait  '
U-Boot# 
- 06:31:44 [INFO] Host: setenv bootcmd  ''
- 06:31:45 [INFO] Target: 
setenv bootcmd  ''
U-Boot# 
- 06:31:45 [INFO] Host: setenv autoload 'no'
- 06:31:45 [INFO] Target: 
setenv autoload 'no'
U-Boot# 
- 06:31:45 [INFO] Host: setenv serverip '192.168.0.1'
- 06:31:46 [INFO] Target: 
setenv serverip '192.168.0.1'
U-Boot# 
- 06:31:46 [INFO] Host: printenv
- 06:31:46 [INFO] Target: 
printenv
arch=arm
autoload=no
baudrate=115200
board=am335x
board_name=A33515BB
board_rev=1.1A
boot_fdt=try
bootargs=console=ttyO0,115200n8 earlyprintk rootwait  
bootcmd=
bootcount=1
bootdelay=1
bootdir=/boot
bootenv=uEnv.txt
bootfile=zImage
bootm_size=0x10000000
bootpart=0:2
console=ttyO0,115200n8
cpu=armv7
dfu_alt_info_emmc=rawemmc mmc 0 3751936
dfu_alt_info_mmc=boot part 0 1;rootfs part 0 2;MLO fat 0 1;MLO.raw mmc 0x100 0x100;u-boot.img.raw mmc 0x300 0x400;spl-os-args.raw mmc 0x80 0x80;spl-os-image.raw mmc 0x900 0x2000;spl-os-args fat 0 1;spl-os-image fat 0 1;u-boot.img fat 0 1;uEnv.txt fat 0 1
dfu_alt_info_nand=SPL part 0 1;SPL.backup1 part 0 2;SPL.backup2 part 0 3;SPL.backup3 part 0 4;u-boot part 0 5;u-boot-spl-os part 0 6;kernel part 0 8;rootfs part 0 9
dfu_alt_info_ram=kernel ram 0x80200000 0xD80000;fdt ram 0x80F80000 0x80000;ramdisk ram 0x81000000 0x4000000
eth1addr=40:5f:c2:76:54:11
ethact=cpsw
ethaddr=40:5f:c2:76:54:10
fdt_addr_r=0x88000000
fdtaddr=0x88000000
fdtfile=undefined
findfdt=if test $board_name = A335BONE; then setenv fdtfile am335x-bone.dtb; fi; if test $board_name = A335BNLT; then setenv fdtfile am335x-boneblack.dtb; fi; if test $board_name = A33515BB; then setenv fdtfile am335x-evm.dtb; fi; if test $board_name = A335X_SK; then setenv fdtfile am335x-evmsk.dtb; fi; if test $fdtfile = undefined; then echo WARNING: Could not determine device tree to use; fi; 
importbootenv=echo Importing environment from mmc ...; env import -t $loadaddr $filesize
kernel_addr_r=0x82000000
loadaddr=0x82000000
loadbootenv=load mmc ${mmcdev} ${loadaddr} ${bootenv}
loadfdt=load mmc ${bootpart} ${fdtaddr} ${bootdir}/${fdtfile}
loadimage=load mmc ${bootpart} ${loadaddr} ${bootdir}/${bootfile}
loadramdisk=load mmc ${mmcdev} ${rdaddr} ramdisk.gz
mmcargs=setenv bootargs console=${console} ${optargs} root=${mmcroot} rootfstype=${mmcrootfstype}
mmcboot=mmc dev ${mmcdev}; if mmc rescan; then echo SD/MMC found on device ${mmcdev};if run loadbootenv; then echo Loaded environment from ${bootenv};run importbootenv;fi;if test -n $uenvcmd; then echo Running uenvcmd ...;run uenvcmd;fi;if run loadimage; then run mmcloados;fi;fi;
mmcdev=0
mmcloados=run mmcargs; if test ${boot_fdt} = yes || test ${boot_fdt} = try; then if run loadfdt; then bootz ${loadaddr} - ${fdtaddr}; else if test ${boot_fdt} = try; then bootz; else echo WARN: Cannot load the DT; fi; fi; else bootz; fi;
mmcroot=/dev/mmcblk0p2 ro
mmcrootfstype=ext4 rootwait
mtdids=nand0=omap2-nand.0
mtdparts=mtdparts=omap2-nand.0:128k(SPL),128k(SPL.backup1),128k(SPL.backup2),128k(SPL.backup3),1792k(u-boot),128k(u-boot-spl-os),128k(u-boot-env),5m(kernel),-(rootfs)
nandargs=setenv bootargs console=${console} ${optargs} root=${nandroot} rootfstype=${nandrootfstype}
nandboot=echo Booting from nand ...; run nandargs; nand read ${fdtaddr} u-boot-spl-os; nand read ${loadaddr} kernel; bootz ${loadaddr} - ${fdtaddr}
nandroot=ubi0:rootfs rw ubi.mtd=7,2048
nandrootfstype=ubifs rootwait=1
netargs=setenv bootargs console=${console} ${optargs} root=/dev/nfs nfsroot=${serverip}:${rootpath},${nfsopts} rw ip=dhcp
netboot=echo Booting from network ...; setenv autoload no; dhcp; tftp ${loadaddr} ${bootfile}; tftp ${fdtaddr} ${fdtfile}; run netargs; bootz ${loadaddr} - ${fdtaddr}
nfsopts=nolock
partitions=uuid_disk=${uuid_gpt_disk};name=rootfs,start=2MiB,size=-,uuid=${uuid_gpt_rootfs}
ramargs=setenv bootargs console=${console} ${optargs} root=${ramroot} rootfstype=${ramrootfstype}
ramboot=echo Booting from ramdisk ...; run ramargs; bootz ${loadaddr} ${rdaddr} ${fdtaddr}
ramdisk_addr_r=0x88080000
ramroot=/dev/ram0 rw
ramrootfstype=ext2
rdaddr=0x88080000
rootpath=/export/rootfs
serverip=192.168.0.1
soc=am33xx
spiargs=setenv bootargs console=${console} ${optargs} root=${spiroot} rootfstype=${spirootfstype}
spiboot=echo Booting from spi ...; run spiargs; sf probe ${spibusno}:0; sf read ${loadaddr} ${spisrcaddr} ${spiimgsize}; bootz ${loadaddr}
spibusno=0
spiimgsize=0x362000
spiroot=/dev/mtdblock4 rw
spirootfstype=jffs2
spisrcaddr=0xe0000
static_ip=${ipaddr}:${serverip}:${gatewayip}:${netmask}:${hostname}::off
stderr=serial
stdin=serial
stdout=serial
usbnet_devaddr=40:5f:c2:76:54:11
vendor=ti
ver=U-Boot 2014.07-rc2 (May 29 2014 - 18:04:30)

Environment size: 4367/131068 bytes
U-Boot# 
- 06:31:46 [INFO] Host: printenv
- 06:31:47 [INFO] Target: 
printenv
arch=arm
autoload=no
baudrate=115200
board=am335x
board_name=A33515BB
board_rev=1.1A
boot_fdt=try
bootargs=console=ttyO0,115200n8 earlyprintk rootwait  
bootcmd=
bootcount=1
bootdelay=1
bootdir=/boot
bootenv=uEnv.txt
bootfile=zImage
bootm_size=0x10000000
bootpart=0:2
console=ttyO0,115200n8
cpu=armv7
dfu_alt_info_emmc=rawemmc mmc 0 3751936
dfu_alt_info_mmc=boot part 0 1;rootfs part 0 2;MLO fat 0 1;MLO.raw mmc 0x100 0x100;u-boot.img.raw mmc 0x300 0x400;spl-os-args.raw mmc 0x80 0x80;spl-os-image.raw mmc 0x900 0x2000;spl-os-args fat 0 1;spl-os-image fat 0 1;u-boot.img fat 0 1;uEnv.txt fat 0 1
dfu_alt_info_nand=SPL part 0 1;SPL.backup1 part 0 2;SPL.backup2 part 0 3;SPL.backup3 part 0 4;u-boot part 0 5;u-boot-spl-os part 0 6;kernel part 0 8;rootfs part 0 9
dfu_alt_info_ram=kernel ram 0x80200000 0xD80000;fdt ram 0x80F80000 0x80000;ramdisk ram 0x81000000 0x4000000
eth1addr=40:5f:c2:76:54:11
ethact=cpsw
ethaddr=40:5f:c2:76:54:10
fdt_addr_r=0x88000000
fdtaddr=0x88000000
fdtfile=undefined
findfdt=if test $board_name = A335BONE; then setenv fdtfile am335x-bone.dtb; fi; if test $board_name = A335BNLT; then setenv fdtfile am335x-boneblack.dtb; fi; if test $board_name = A33515BB; then setenv fdtfile am335x-evm.dtb; fi; if test $board_name = A335X_SK; then setenv fdtfile am335x-evmsk.dtb; fi; if test $fdtfile = undefined; then echo WARNING: Could not determine device tree to use; fi; 
importbootenv=echo Importing environment from mmc ...; env import -t $loadaddr $filesize
kernel_addr_r=0x82000000
loadaddr=0x82000000
loadbootenv=load mmc ${mmcdev} ${loadaddr} ${bootenv}
loadfdt=load mmc ${bootpart} ${fdtaddr} ${bootdir}/${fdtfile}
loadimage=load mmc ${bootpart} ${loadaddr} ${bootdir}/${bootfile}
loadramdisk=load mmc ${mmcdev} ${rdaddr} ramdisk.gz
mmcargs=setenv bootargs console=${console} ${optargs} root=${mmcroot} rootfstype=${mmcrootfstype}
mmcboot=mmc dev ${mmcdev}; if mmc rescan; then echo SD/MMC found on device ${mmcdev};if run loadbootenv; then echo Loaded environment from ${bootenv};run importbootenv;fi;if test -n $uenvcmd; then echo Running uenvcmd ...;run uenvcmd;fi;if run loadimage; then run mmcloados;fi;fi;
mmcdev=0
mmcloados=run mmcargs; if test ${boot_fdt} = yes || test ${boot_fdt} = try; then if run loadfdt; then bootz ${loadaddr} - ${fdtaddr}; else if test ${boot_fdt} = try; then bootz; else echo WARN: Cannot load the DT; fi; fi; else bootz; fi;
mmcroot=/dev/mmcblk0p2 ro
mmcrootfstype=ext4 rootwait
mtdids=nand0=omap2-nand.0
mtdparts=mtdparts=omap2-nand.0:128k(SPL),128k(SPL.backup1),128k(SPL.backup2),128k(SPL.backup3),1792k(u-boot),128k(u-boot-spl-os),128k(u-boot-env),5m(kernel),-(rootfs)
nandargs=setenv bootargs console=${console} ${optargs} root=${nandroot} rootfstype=${nandrootfstype}
nandboot=echo Booting from nand ...; run nandargs; nand read ${fdtaddr} u-boot-spl-os; nand read ${loadaddr} kernel; bootz ${loadaddr} - ${fdtaddr}
nandroot=ubi0:rootfs rw ubi.mtd=7,2048
nandrootfstype=ubifs rootwait=1
netargs=setenv bootargs console=${console} ${optargs} root=/dev/nfs nfsroot=${serverip}:${rootpath},${nfsopts} rw ip=dhcp
netboot=echo Booting from network ...; setenv autoload no; dhcp; tftp ${loadaddr} ${bootfile}; tftp ${fdtaddr} ${fdtfile}; run netargs; bootz ${loadaddr} - ${fdtaddr}
nfsopts=nolock
partitions=uuid_disk=${uuid_gpt_disk};name=rootfs,start=2MiB,size=-,uuid=${uuid_gpt_rootfs}
ramargs=setenv bootargs console=${console} ${optargs} root=${ramroot} rootfstype=${ramrootfstype}
ramboot=echo Booting from ramdisk ...; run ramargs; bootz ${loadaddr} ${rdaddr} ${fdtaddr}
ramdisk_addr_r=0x88080000
ramroot=/dev/ram0 rw
ramrootfstype=ext2
rdaddr=0x88080000
rootpath=/export/rootfs
serverip=192.168.0.1
soc=am33xx
spiargs=setenv bootargs console=${console} ${optargs} root=${spiroot} rootfstype=${spirootfstype}
spiboot=echo Booting from spi ...; run spiargs; sf probe ${spibusno}:0; sf read ${loadaddr} ${spisrcaddr} ${spiimgsize}; bootz ${loadaddr}
spibusno=0
spiimgsize=0x362000
spiroot=/dev/mtdblock4 rw
spirootfstype=jffs2
spisrcaddr=0xe0000
static_ip=${ipaddr}:${serverip}:${gatewayip}:${netmask}:${hostname}::off
stderr=serial
stdin=serial
stdout=serial
usbnet_devaddr=40:5f:c2:76:54:11
vendor=ti
ver=U-Boot 2014.07-rc2 (May 29 2014 - 18:04:30)

Environment size: 4367/131068 bytes
U-Boot# 
- 06:31:47 [INFO] Host: setenv bootargs ''${bootargs}' ip=dhcp '
- 06:31:47 [INFO] Target: 
setenv bootargs ''${bootargs}' ip=dhcp '
U-Boot# 
- 06:31:47 [INFO] Host: setenv serverip '192.168.0.1'
- 06:31:48 [INFO] Target: 
setenv serverip '192.168.0.1'
U-Boot# 
- 06:31:48 [INFO] Host: setenv ipaddr dhcp
- 06:31:48 [INFO] Target: 
setenv ipaddr dhcp
U-Boot# 
- 06:31:48 [INFO] Host: setenv autoload 'no'
- 06:31:49 [INFO] Target: 
setenv autoload 'no'
U-Boot# 
- 06:31:49 [INFO] Host: dhcp
- 06:31:50 [INFO] Target: 
dhcp
link up on port 0, speed 1000, full duplex
BOOTP broadcast 1
DHCP client bound to address 192.168.0.153
U-Boot# 
- 06:31:50 [INFO] Host: setenv serverip '192.168.0.1'
- 06:31:51 [INFO] Target: 
setenv serverip '192.168.0.1'
U-Boot# 
- 06:31:51 [INFO] Host: tftp ${loadaddr} 192.168.0.1:vatf_am335x-evm/655032a2cd216c64d4a3407a23a9af14
- 06:31:52 [INFO] Target: 
tftp ${loadaddr} 192.168.0.1:vatf_am335x-evm/655032a2cd216c64d4a3407a23a9af14
link up on port 0, speed 1000, full duplex
Using cpsw device
TFTP from server 192.168.0.1; our IP address is 192.168.0.153
Filename 'vatf_am335x-evm/655032a2cd216c64d4a3407a23a9af14'.
Load address: 0x82000000
Loading: *#################################################################
	 #################################################################
	 #################################################################
	 #################################################################
	 ######################################
	 8.1 MiB/s
done
Bytes transferred = 4360664 (4289d8 hex)
U-Boot# 
- 06:31:52 [INFO] Host: tftp ${fdt_addr_r} 192.168.0.1:vatf_am335x-evm/4e8d765236922a11f556fa5c4a58216b
- 06:31:52 [INFO] Target: 
tftp ${fdt_addr_r} 192.168.0.1:vatf_am335x-evm/4e8d765236922a11f556fa5c4a58216b
link up on port 0, speed 1000, full duplex
Using cpsw device
TFTP from server 192.168.0.1; our IP address is 192.168.0.153
Filename 'vatf_am335x-evm/4e8d765236922a11f556fa5c4a58216b'.
Load address: 0x88000000
Loading: *###
	 6.6 MiB/s
done
Bytes transferred = 34536 (86e8 hex)
U-Boot# 
- 06:31:52 [INFO] Host: ls mmc 0:1
- 06:31:53 [INFO] Target: 
ls mmc 0:1
    82480   mlo 
  2207667   u-boot 
   376260   u-boot.bin 
   408372   u-boot.img 
  1009270   u-boot-spl 
   102952   u-boot-spl.bin 
       53   pointercal 
       13   .ipaddr 

8 file(s), 0 dir(s)

U-Boot# 
- 06:31:53 [INFO] Host: ls mmc 0:2
- 06:31:54 [INFO] Target: 
ls mmc 0:2
<DIR>       4096 .
<DIR>       4096 ..
<DIR>       4096 bin
<DIR>       4096 boot
<DIR>       4096 dev
<DIR>       4096 etc
<DIR>       4096 home
<DIR>       4096 lib
<DIR>       4096 media
<DIR>       4096 mnt
<DIR>       4096 opt
<DIR>       4096 proc
<DIR>       4096 sbin
<DIR>       4096 Settings
<DIR>       4096 srv
<DIR>       4096 sys
<DIR>       4096 test
<SYM>          8 tmp
<DIR>       4096 usr
<DIR>       4096 var
<DIR>       4096 www
<DIR>       4096 debug
U-Boot# 
- 06:31:54 [INFO] Host: part uuid mmc 0:2
- 06:31:54 [INFO] Target: 
part uuid mmc 0:2
00050067-02
U-Boot# 
- 06:31:54 [INFO] Host: printenv
- 06:31:55 [INFO] Target: 
printenv
arch=arm
autoload=no
baudrate=115200
board=am335x
board_name=A33515BB
board_rev=1.1A
boot_fdt=try
bootargs=console=ttyO0,115200n8 earlyprintk rootwait   ip=dhcp 
bootcmd=
bootcount=1
bootdelay=1
bootdir=/boot
bootenv=uEnv.txt
bootfile=zImage
bootm_size=0x10000000
bootpart=0:2
console=ttyO0,115200n8
cpu=armv7
dfu_alt_info_emmc=rawemmc mmc 0 3751936
dfu_alt_info_mmc=boot part 0 1;rootfs part 0 2;MLO fat 0 1;MLO.raw mmc 0x100 0x100;u-boot.img.raw mmc 0x300 0x400;spl-os-args.raw mmc 0x80 0x80;spl-os-image.raw mmc 0x900 0x2000;spl-os-args fat 0 1;spl-os-image fat 0 1;u-boot.img fat 0 1;uEnv.txt fat 0 1
dfu_alt_info_nand=SPL part 0 1;SPL.backup1 part 0 2;SPL.backup2 part 0 3;SPL.backup3 part 0 4;u-boot part 0 5;u-boot-spl-os part 0 6;kernel part 0 8;rootfs part 0 9
dfu_alt_info_ram=kernel ram 0x80200000 0xD80000;fdt ram 0x80F80000 0x80000;ramdisk ram 0x81000000 0x4000000
dnsip=192.0.2.2
dnsip2=192.0.2.3
eth1addr=40:5f:c2:76:54:11
ethact=cpsw
ethaddr=40:5f:c2:76:54:10
fdt_addr_r=0x88000000
fdtaddr=0x88000000
fdtfile=undefined
fileaddr=88000000
filesize=86e8
findfdt=if test $board_name = A335BONE; then setenv fdtfile am335x-bone.dtb; fi; if test $board_name = A335BNLT; then setenv fdtfile am335x-boneblack.dtb; fi; if test $board_name = A33515BB; then setenv fdtfile am335x-evm.dtb; fi; if test $board_name = A335X_SK; then setenv fdtfile am335x-evmsk.dtb; fi; if test $fdtfile = undefined; then echo WARNING: Could not determine device tree to use; fi; 
gatewayip=192.168.0.1
importbootenv=echo Importing environment from mmc ...; env import -t $loadaddr $filesize
ipaddr=192.168.0.153
kernel_addr_r=0x82000000
loadaddr=0x82000000
loadbootenv=load mmc ${mmcdev} ${loadaddr} ${bootenv}
loadfdt=load mmc ${bootpart} ${fdtaddr} ${bootdir}/${fdtfile}
loadimage=load mmc ${bootpart} ${loadaddr} ${bootdir}/${bootfile}
loadramdisk=load mmc ${mmcdev} ${rdaddr} ramdisk.gz
mmcargs=setenv bootargs console=${console} ${optargs} root=${mmcroot} rootfstype=${mmcrootfstype}
mmcboot=mmc dev ${mmcdev}; if mmc rescan; then echo SD/MMC found on device ${mmcdev};if run loadbootenv; then echo Loaded environment from ${bootenv};run importbootenv;fi;if test -n $uenvcmd; then echo Running uenvcmd ...;run uenvcmd;fi;if run loadimage; then run mmcloados;fi;fi;
mmcdev=0
mmcloados=run mmcargs; if test ${boot_fdt} = yes || test ${boot_fdt} = try; then if run loadfdt; then bootz ${loadaddr} - ${fdtaddr}; else if test ${boot_fdt} = try; then bootz; else echo WARN: Cannot load the DT; fi; fi; else bootz; fi;
mmcroot=/dev/mmcblk0p2 ro
mmcrootfstype=ext4 rootwait
mtdids=nand0=omap2-nand.0
mtdparts=mtdparts=omap2-nand.0:128k(SPL),128k(SPL.backup1),128k(SPL.backup2),128k(SPL.backup3),1792k(u-boot),128k(u-boot-spl-os),128k(u-boot-env),5m(kernel),-(rootfs)
nandargs=setenv bootargs console=${console} ${optargs} root=${nandroot} rootfstype=${nandrootfstype}
nandboot=echo Booting from nand ...; run nandargs; nand read ${fdtaddr} u-boot-spl-os; nand read ${loadaddr} kernel; bootz ${loadaddr} - ${fdtaddr}
nandroot=ubi0:rootfs rw ubi.mtd=7,2048
nandrootfstype=ubifs rootwait=1
netargs=setenv bootargs console=${console} ${optargs} root=/dev/nfs nfsroot=${serverip}:${rootpath},${nfsopts} rw ip=dhcp
netboot=echo Booting from network ...; setenv autoload no; dhcp; tftp ${loadaddr} ${bootfile}; tftp ${fdtaddr} ${fdtfile}; run netargs; bootz ${loadaddr} - ${fdtaddr}
netmask=255.255.255.0
nfsopts=nolock
partitions=uuid_disk=${uuid_gpt_disk};name=rootfs,start=2MiB,size=-,uuid=${uuid_gpt_rootfs}
ramargs=setenv bootargs console=${console} ${optargs} root=${ramroot} rootfstype=${ramrootfstype}
ramboot=echo Booting from ramdisk ...; run ramargs; bootz ${loadaddr} ${rdaddr} ${fdtaddr}
ramdisk_addr_r=0x88080000
ramroot=/dev/ram0 rw
ramrootfstype=ext2
rdaddr=0x88080000
rootpath=/export/rootfs
serverip=192.168.0.1
soc=am33xx
spiargs=setenv bootargs console=${console} ${optargs} root=${spiroot} rootfstype=${spirootfstype}
spiboot=echo Booting from spi ...; run spiargs; sf probe ${spibusno}:0; sf read ${loadaddr} ${spisrcaddr} ${spiimgsize}; bootz ${loadaddr}
spibusno=0
spiimgsize=0x362000
spiroot=/dev/mtdblock4 rw
spirootfstype=jffs2
spisrcaddr=0xe0000
static_ip=${ipaddr}:${serverip}:${gatewayip}:${netmask}:${hostname}::off
stderr=serial
stdin=serial
stdout=serial
usbnet_devaddr=40:5f:c2:76:54:11
vendor=ti
ver=U-Boot 2014.07-rc2 (May 29 2014 - 18:04:30)

Environment size: 4520/131068 bytes
U-Boot# 
- 06:31:55 [INFO] Host: setenv bootargs ''${bootargs}' root=PARTUUID=00050067-02 rw rootfstype=ext4 rootwait '
- 06:31:55 [INFO] Target: 
setenv bootargs ''${bootargs}' root=PARTUUID=00050067-02 rw rootfstype=ext4 rootwait '
U-Boot# 
- 06:31:55 [INFO] Host: printenv
- 06:31:56 [INFO] Target: 
printenv
arch=arm
autoload=no
baudrate=115200
board=am335x
board_name=A33515BB
board_rev=1.1A
boot_fdt=try
bootargs=console=ttyO0,115200n8 earlyprintk rootwait   ip=dhcp  root=PARTUUID=00050067-02 rw rootfstype=ext4 rootwait 
bootcmd=
bootcount=1
bootdelay=1
bootdir=/boot
bootenv=uEnv.txt
bootfile=zImage
bootm_size=0x10000000
bootpart=0:2
console=ttyO0,115200n8
cpu=armv7
dfu_alt_info_emmc=rawemmc mmc 0 3751936
dfu_alt_info_mmc=boot part 0 1;rootfs part 0 2;MLO fat 0 1;MLO.raw mmc 0x100 0x100;u-boot.img.raw mmc 0x300 0x400;spl-os-args.raw mmc 0x80 0x80;spl-os-image.raw mmc 0x900 0x2000;spl-os-args fat 0 1;spl-os-image fat 0 1;u-boot.img fat 0 1;uEnv.txt fat 0 1
dfu_alt_info_nand=SPL part 0 1;SPL.backup1 part 0 2;SPL.backup2 part 0 3;SPL.backup3 part 0 4;u-boot part 0 5;u-boot-spl-os part 0 6;kernel part 0 8;rootfs part 0 9
dfu_alt_info_ram=kernel ram 0x80200000 0xD80000;fdt ram 0x80F80000 0x80000;ramdisk ram 0x81000000 0x4000000
dnsip=192.0.2.2
dnsip2=192.0.2.3
eth1addr=40:5f:c2:76:54:11
ethact=cpsw
ethaddr=40:5f:c2:76:54:10
fdt_addr_r=0x88000000
fdtaddr=0x88000000
fdtfile=undefined
fileaddr=88000000
filesize=86e8
findfdt=if test $board_name = A335BONE; then setenv fdtfile am335x-bone.dtb; fi; if test $board_name = A335BNLT; then setenv fdtfile am335x-boneblack.dtb; fi; if test $board_name = A33515BB; then setenv fdtfile am335x-evm.dtb; fi; if test $board_name = A335X_SK; then setenv fdtfile am335x-evmsk.dtb; fi; if test $fdtfile = undefined; then echo WARNING: Could not determine device tree to use; fi; 
gatewayip=192.168.0.1
importbootenv=echo Importing environment from mmc ...; env import -t $loadaddr $filesize
ipaddr=192.168.0.153
kernel_addr_r=0x82000000
loadaddr=0x82000000
loadbootenv=load mmc ${mmcdev} ${loadaddr} ${bootenv}
loadfdt=load mmc ${bootpart} ${fdtaddr} ${bootdir}/${fdtfile}
loadimage=load mmc ${bootpart} ${loadaddr} ${bootdir}/${bootfile}
loadramdisk=load mmc ${mmcdev} ${rdaddr} ramdisk.gz
mmcargs=setenv bootargs console=${console} ${optargs} root=${mmcroot} rootfstype=${mmcrootfstype}
mmcboot=mmc dev ${mmcdev}; if mmc rescan; then echo SD/MMC found on device ${mmcdev};if run loadbootenv; then echo Loaded environment from ${bootenv};run importbootenv;fi;if test -n $uenvcmd; then echo Running uenvcmd ...;run uenvcmd;fi;if run loadimage; then run mmcloados;fi;fi;
mmcdev=0
mmcloados=run mmcargs; if test ${boot_fdt} = yes || test ${boot_fdt} = try; then if run loadfdt; then bootz ${loadaddr} - ${fdtaddr}; else if test ${boot_fdt} = try; then bootz; else echo WARN: Cannot load the DT; fi; fi; else bootz; fi;
mmcroot=/dev/mmcblk0p2 ro
mmcrootfstype=ext4 rootwait
mtdids=nand0=omap2-nand.0
mtdparts=mtdparts=omap2-nand.0:128k(SPL),128k(SPL.backup1),128k(SPL.backup2),128k(SPL.backup3),1792k(u-boot),128k(u-boot-spl-os),128k(u-boot-env),5m(kernel),-(rootfs)
nandargs=setenv bootargs console=${console} ${optargs} root=${nandroot} rootfstype=${nandrootfstype}
nandboot=echo Booting from nand ...; run nandargs; nand read ${fdtaddr} u-boot-spl-os; nand read ${loadaddr} kernel; bootz ${loadaddr} - ${fdtaddr}
nandroot=ubi0:rootfs rw ubi.mtd=7,2048
nandrootfstype=ubifs rootwait=1
netargs=setenv bootargs console=${console} ${optargs} root=/dev/nfs nfsroot=${serverip}:${rootpath},${nfsopts} rw ip=dhcp
netboot=echo Booting from network ...; setenv autoload no; dhcp; tftp ${loadaddr} ${bootfile}; tftp ${fdtaddr} ${fdtfile}; run netargs; bootz ${loadaddr} - ${fdtaddr}
netmask=255.255.255.0
nfsopts=nolock
partitions=uuid_disk=${uuid_gpt_disk};name=rootfs,start=2MiB,size=-,uuid=${uuid_gpt_rootfs}
ramargs=setenv bootargs console=${console} ${optargs} root=${ramroot} rootfstype=${ramrootfstype}
ramboot=echo Booting from ramdisk ...; run ramargs; bootz ${loadaddr} ${rdaddr} ${fdtaddr}
ramdisk_addr_r=0x88080000
ramroot=/dev/ram0 rw
ramrootfstype=ext2
rdaddr=0x88080000
rootpath=/export/rootfs
serverip=192.168.0.1
soc=am33xx
spiargs=setenv bootargs console=${console} ${optargs} root=${spiroot} rootfstype=${spirootfstype}
spiboot=echo Booting from spi ...; run spiargs; sf probe ${spibusno}:0; sf read ${loadaddr} ${spisrcaddr} ${spiimgsize}; bootz ${loadaddr}
spibusno=0
spiimgsize=0x362000
spiroot=/dev/mtdblock4 rw
spirootfstype=jffs2
spisrcaddr=0xe0000
static_ip=${ipaddr}:${serverip}:${gatewayip}:${netmask}:${hostname}::off
stderr=serial
stdin=serial
stdout=serial
usbnet_devaddr=40:5f:c2:76:54:11
vendor=ti
ver=U-Boot 2014.07-rc2 (May 29 2014 - 18:04:30)

Environment size: 4575/131068 bytes
U-Boot# 
- 06:31:56 [INFO] Host: setenv bootcmd ''${bootcmd}' if iminfo ${loadaddr}; then bootm ${loadaddr} - ${fdt_addr_r}; else bootz ${loadaddr} - ${fdt_addr_r}; bootm ${loadaddr} - ${fdt_addr_r}; fi'
- 06:31:56 [INFO] Target: 
setenv bootcmd ''${bootcmd}' if iminfo ${loadaddr}; then bootm ${loadaddr} - ${fdt_addr_r}; else bootz ${loadaddr} - ${fdt_addr_r}; bootm ${loadaddr} - ${fdt_addr_r}; fi'
U-Boot# 
- 06:31:56 [INFO] Host: bdinfo
- 06:31:57 [INFO] Target: 
bdinfo
arch_number = 0x00000E05
boot_params = 0x80000100
DRAM bank   = 0x00000000
-> start    = 0x80000000
-> size     = 0x20000000
eth0name    = cpsw
ethaddr     = 40:5f:c2:76:54:10
eth1name    = usb_ether
eth1addr    = 40:5f:c2:76:54:11
current eth = cpsw
ip_addr     = 192.168.0.153
baudrate    = 115200 bps
TLB addr    = 0x9FFF0000
relocaddr   = 0x9F74A000
reloc off   = 0x1EF4A000
irq_sp      = 0x9F629EE0
sp start    = 0x9F629ED0
U-Boot# 
- 06:31:57 [INFO] Host: boot
- 06:34:27 [ERROR] On command: boot waiting for (?-mix:login:) >>> error: execution expired
- 06:34:27 [INFO] Target: 
boot

## Checking Image at 82000000 ...
Unknown image format!
Kernel image @ 0x82000000 [ 0x000000 - 0x4289d8 ]
## Flattened Device Tree blob at 88000000
   Booting using the fdt blob at 0x88000000
   Loading Device Tree to 8fff4000, end 8ffff6e7 ... OK

Starting kernel ...

[    0.000000] Booting Linux on physical CPU 0x0
[    0.000000] Linux version 3.16.0-rc6-next-20140724-00002-g27b0b8b (nmenon@kahuna) (gcc version 4.6.3 (Ubuntu/Linaro 4.6.3-1ubuntu5) ) #1 SMP Thu Jul 24 05:36:44 CDT 2014
[    0.000000] CPU: ARMv7 Processor [413fc082] revision 2 (ARMv7), cr=10c5387d
[    0.000000] CPU: PIPT / VIPT nonaliasing data cache, VIPT aliasing instruction cache
[    0.000000] Machine model: TI AM335x EVM
[    0.000000] cma: Reserved 16 MiB at 9e800000
[    0.000000] Memory policy: Data cache writeback
[    0.000000]   HighMem zone: 1048574 pages exceeds freesize 0
[    0.000000] CPU: All CPU(s) started in SVC mode.
[    0.000000] AM335X ES1.0 (sgx neon )
[    0.000000] PERCPU: Embedded 9 pages/cpu @dfa9a000 s14336 r8192 d14336 u36864
[    0.000000] Built 1 zonelists in Zone order, mobility grouping on.  Total pages: 129792
[    0.000000] Kernel command line: console=ttyO0,115200n8 earlyprintk rootwait   ip=dhcp  root=PARTUUID=00050067-02 rw rootfstype=ext4 rootwait 
[    0.000000] PID hash table entries: 2048 (order: 1, 8192 bytes)
[    0.000000] Dentry cache hash table entries: 65536 (order: 6, 262144 bytes)
[    0.000000] Inode-cache hash table entries: 32768 (order: 5, 131072 bytes)
[    0.000000] Memory: 484796K/523264K available (5674K kernel code, 650K rwdata, 2196K rodata, 406K init, 8210K bss, 38468K reserved, 0K highmem)
[    0.000000] Virtual kernel memory layout:
[    0.000000]     vector  : 0xffff0000 - 0xffff1000   (   4 kB)
[    0.000000]     fixmap  : 0xffc00000 - 0xffe00000   (2048 kB)
[    0.000000]     vmalloc : 0xe0800000 - 0xff000000   ( 488 MB)
[    0.000000]     lowmem  : 0xc0000000 - 0xe0000000   ( 512 MB)
[    0.000000]     pkmap   : 0xbfe00000 - 0xc0000000   (   2 MB)
[    0.000000]     modules : 0xbf000000 - 0xbfe00000   (  14 MB)
[    0.000000]       .text : 0xc0008000 - 0xc07b7c40   (7872 kB)
[    0.000000]       .init : 0xc07b8000 - 0xc081d800   ( 406 kB)
[    0.000000]       .data : 0xc081e000 - 0xc08c0b70   ( 651 kB)
[    0.000000]        .bss : 0xc08c0b70 - 0xc10c5658   (8211 kB)
[    0.000000] Hierarchical RCU implementation.
[    0.000000] 	RCU restricting CPUs from NR_CPUS=2 to nr_cpu_ids=1.
[    0.000000] RCU: Adjusting geometry for rcu_fanout_leaf=16, nr_cpu_ids=1
[    0.000000] NR_IRQS:16 nr_irqs:16 16
[    0.000000] IRQ: Found an INTC at 0xfa200000 (revision 5.0) with 128 interrupts
[    0.000000] Total of 128 interrupts on 1 active controller
[    0.000000] OMAP clockevent source: timer2 at 24000000 Hz
[    0.000020] sched_clock: 32 bits at 24MHz, resolution 41ns, wraps every 178956969942ns
[    0.000086] OMAP clocksource: timer1 at 24000000 Hz
[    0.001037] Console: colour dummy device 80x30
[    0.001103] Lock dependency validator: Copyright (c) 2006 Red Hat, Inc., Ingo Molnar
[    0.001115] ... MAX_LOCKDEP_SUBCLASSES:  8
[    0.001124] ... MAX_LOCK_DEPTH:          48
[    0.001134] ... MAX_LOCKDEP_KEYS:        8191
[    0.001144] ... CLASSHASH_SIZE:          4096
[    0.001154] ... MAX_LOCKDEP_ENTRIES:     32768
[    0.001164] ... MAX_LOCKDEP_CHAINS:      65536
[    0.001173] ... CHAINHASH_SIZE:          32768
[    0.001183]  memory used by lock dependency info: 5167 kB
[    0.001194]  per task-struct memory footprint: 1152 bytes
[    0.001248] Calibrating delay loop... 715.16 BogoMIPS (lpj=3575808)
[    0.098652] pid_max: default: 32768 minimum: 301
[    0.099193] Security Framework initialized
[    0.099365] Mount-cache hash table entries: 1024 (order: 0, 4096 bytes)
[    0.099382] Mountpoint-cache hash table entries: 1024 (order: 0, 4096 bytes)
[    0.102284] CPU: Testing write buffer coherency: ok
[    0.103766] CPU0: thread -1, cpu 0, socket -1, mpidr 0
[    0.103916] Setting up static identity map for 0x80560f68 - 0x80560fd8
[    0.108170] Brought up 1 CPUs
[    0.108195] SMP: Total of 1 processors activated.
[    0.108208] CPU: All CPU(s) started in SVC mode.
[    0.112082] devtmpfs: initialized
[    0.124144] VFP support v0.3: implementor 41 architecture 3 part 30 variant c rev 3
[    0.177322] omap_hwmod: tptc0 using broken dt data from edma
[    0.177846] omap_hwmod: tptc1 using broken dt data from edma
[    0.178344] omap_hwmod: tptc2 using broken dt data from edma
[    0.188536] omap_hwmod: debugss: _wait_target_disable failed
[    0.248560] pinctrl core: initialized pinctrl subsystem
[    0.252061] regulator-dummy: no parameters
[    0.293209] NET: Registered protocol family 16
[    0.301181] DMA: preallocated 256 KiB pool for atomic coherent allocations
[    0.303988] cpuidle: using governor ladder
[    0.304021] cpuidle: using governor menu
[    0.317041] platform 49000000.edma: alias fck already exists
[    0.317086] platform 49000000.edma: alias fck already exists
[    0.317112] platform 49000000.edma: alias fck already exists
[    0.320812] OMAP GPIO hardware version 0.1
[    0.341040] omap-gpmc 50000000.gpmc: could not find pctldev for node /pinmux@44e10800/nandflash_pins_s0, deferring probe
[    0.341097] platform 50000000.gpmc: Driver omap-gpmc requests probe deferral
[    0.347238] No ATAGs?
[    0.347279] hw-breakpoint: debug architecture 0x4 unsupported.
[    0.406295] edma-dma-engine edma-dma-engine.0: TI EDMA DMA engine driver
[    0.408037] vbat: 5000 mV 
[    0.409212] lis3_reg: no parameters
[    0.413653] SCSI subsystem initialized
[    0.414750] usbcore: registered new interface driver usbfs
[    0.414992] usbcore: registered new interface driver hub
[    0.421749] usbcore: registered new device driver usb
[    0.422894] omap_i2c 44e0b000.i2c: could not find pctldev for node /pinmux@44e10800/pinmux_i2c0_pins, deferring probe
[    0.422947] platform 44e0b000.i2c: Driver omap_i2c requests probe deferral
[    0.423024] omap_i2c 4802a000.i2c: could not find pctldev for node /pinmux@44e10800/pinmux_i2c1_pins, deferring probe
[    0.423056] platform 4802a000.i2c: Driver omap_i2c requests probe deferral
[    0.428631] Switched to clocksource timer1
[    0.643869] NET: Registered protocol family 2
[    0.646254] TCP established hash table entries: 4096 (order: 2, 16384 bytes)
[    0.646498] TCP bind hash table entries: 4096 (order: 5, 147456 bytes)
[    0.648603] TCP: Hash tables configured (established 4096 bind 4096)
[    0.648843] TCP: reno registered
[    0.648880] UDP hash table entries: 256 (order: 2, 20480 bytes)
[    0.649140] UDP-Lite hash table entries: 256 (order: 2, 20480 bytes)
[    0.650582] NET: Registered protocol family 1
[    0.652996] RPC: Registered named UNIX socket transport module.
[    0.653026] RPC: Registered udp transport module.
[    0.653039] RPC: Registered tcp transport module.
[    0.653052] RPC: Registered tcp NFSv4.1 backchannel transport module.
[    0.654710] hw perfevents: enabled with armv7_cortex_a8 PMU driver, 5 counters available
[    0.660625] futex hash table entries: 256 (order: 2, 16384 bytes)
[    0.667164] VFS: Disk quotas dquot_6.5.2
[    0.667341] Dquot-cache hash table entries: 1024 (order 0, 4096 bytes)
[    0.670365] NFS: Registering the id_resolver key type
[    0.670820] Key type id_resolver registered
[    0.670840] Key type id_legacy registered
[    0.671026] jffs2: version 2.2. (NAND) (SUMMARY)   2001-2006 Red Hat, Inc.
[    0.671623] msgmni has been set to 978
[    0.679747] io scheduler noop registered
[    0.679795] io scheduler deadline registered
[    0.679888] io scheduler cfq registered (default)
[    0.682833] pinctrl-single 44e10800.pinmux: 142 pins at pa f9e10800 size 568
[    0.686776] Serial: 8250/16550 driver, 4 ports, IRQ sharing enabled
[    0.695691] omap_uart 44e09000.serial: no wakeirq for uart0
[    0.696436] 44e09000.serial: ttyO0 at MMIO 0x44e09000 (irq = 88, base_baud = 3000000) is a OMAP UART0
[    1.413275] console [ttyO0] enabled
[    1.424170] omap_rng 48310000.rng: OMAP Random Number Generator ver. 20
[    1.464121] brd: module loaded
[    1.487980] loop: module loaded
[    1.495470] mtdoops: mtd device (mtddev=name/number) must be supplied
[    1.506411] usbcore: registered new interface driver asix
[    1.512397] usbcore: registered new interface driver ax88179_178a
[    1.519023] usbcore: registered new interface driver cdc_ether
[    1.525358] usbcore: registered new interface driver smsc95xx
[    1.531597] usbcore: registered new interface driver net1080
[    1.537691] usbcore: registered new interface driver cdc_subset
[    1.544109] usbcore: registered new interface driver zaurus
[    1.550295] usbcore: registered new interface driver cdc_ncm
[    1.557813] usbcore: registered new interface driver cdc_wdm
[    1.564188] usbcore: registered new interface driver usb-storage
[    1.570778] usbcore: registered new interface driver usbtest
[    1.583907] mousedev: PS/2 mouse device common for all mice
[    1.595906] omap_rtc 44e3e000.rtc: rtc core: registered 44e3e000.rtc as rtc0
[    1.604423] i2c /dev entries driver
[    1.608199] Driver for 1-wire Dallas network protocol.
[    1.617979] omap_wdt: OMAP Watchdog Timer Rev 0x01: initial timeout 60 sec
[    1.628843] omap_hsmmc 48060000.mmc: unable to get vmmc regulator -517
[    1.636311] platform 48060000.mmc: Driver omap_hsmmc requests probe deferral
[    1.644711] ledtrig-cpu: registered to indicate activity on CPUs
[    1.651818] usbcore: registered new interface driver usbhid
[    1.657656] usbhid: USB HID core driver
[    1.663493] oprofile: using arm/armv7
[    1.668134] TCP: cubic registered
[    1.671736] Initializing XFRM netlink socket
[    1.676360] NET: Registered protocol family 17
[    1.681188] NET: Registered protocol family 15
[    1.686274] Key type dns_resolver registered
[    1.691124] omap_voltage_late_init: Voltage driver support not added
[    1.697803] sr_dev_init: No voltage domain specified for smartreflex0. Cannot initialize
[    1.706345] sr_dev_init: No voltage domain specified for smartreflex1. Cannot initialize
[    1.716216] ThumbEE CPU extension supported.
[    1.720863] Registering SWP/SWPB emulation handler
[    1.725908] SmartReflex Class3 initialized
[    1.763416] omap-gpmc 50000000.gpmc: GPMC revision 6.0
[    1.771094] nand: device found, Manufacturer ID: 0x2c, Chip ID: 0xda
[    1.777765] nand: Micron MT29F2G08ABAEAWP
[    1.782171] nand: 256MiB, SLC, page size: 2048, OOB size: 64
[    1.788103] nand: error: CONFIG_MTD_NAND_OMAP_BCH not enabled
[    1.794321] omap2-nand: probe of omap2-nand.0 failed with error -22
[    1.919139] tps65910 0-002d: No interrupt support, no core IRQ
[    1.936873] vrtc: 1800 mV 
[    1.940702] vrtc: supplied by vbat
[    1.949549] vio: at 1800 mV 
[    1.952903] vio: supplied by vbat
[    1.960786] vdd_mpu: 912 <--> 1312 mV at 1137 mV 
[    1.966030] vdd_mpu: supplied by vbat
[    1.974179] vdd_core: 912 <--> 1150 mV at 1137 mV 
[    1.979620] vdd_core: supplied by vbat
[    2.978508] omap_i2c 44e0b000.i2c: controller timed out
[    2.998437] tps65910 0-002d: Error in configuring external control EN2
[    3.005279] tps65910 0-002d: Failed to initialise ext control config
[    4.028411] omap_i2c 44e0b000.i2c: timeout waiting for bus ready
[    4.034733] vdd3: failed to enable
[    4.041108] tps65910 0-002d: failed to register tps65910-pmic regulator
[    4.054202] tps65910-pmic: probe of tps65910-pmic failed with error -110
[    4.062677] omap_i2c 44e0b000.i2c: bus 0 rev0.11 at 400 kHz
[    4.080302] omap_i2c 4802a000.i2c: bus 1 rev0.11 at 100 kHz
[    4.088126] omap_hsmmc 48060000.mmc: unable to get vmmc regulator -517
[    4.095613] platform 48060000.mmc: Driver omap_hsmmc requests probe deferral
[    4.168472] davinci_mdio 4a101000.mdio: davinci mdio revision 1.6
[    4.174886] davinci_mdio 4a101000.mdio: detected phy mask fffffffe
[    4.184407] libphy: 4a101000.mdio: probed
[    4.188781] davinci_mdio 4a101000.mdio: phy[0]: device 4a101000.mdio:00, driver Atheros 8031 ethernet
[    4.200053] cpsw 4a100000.ethernet: Detected MACID = 40:5f:c2:76:54:10
[    4.212474] input: volume_keys@0 as /devices/volume_keys@0/input/input0
[    4.222588] omap_hsmmc 48060000.mmc: unable to get vmmc regulator -517
[    4.229871] platform 48060000.mmc: Driver omap_hsmmc requests probe deferral
[    4.239108] omap_rtc 44e3e000.rtc: setting system clock to 2000-01-01 00:00:02 UTC (946684802)
[    4.248158] sr_init: No PMIC hook to init smartreflex
[    4.253906] sr_init: platform driver register failed for SR
[    4.284166] net eth0: initializing cpsw version 1.12 (0)
[    4.294102] omap_hsmmc 48060000.mmc: unable to get vmmc regulator -517
[    4.301526] platform 48060000.mmc: Driver omap_hsmmc requests probe deferral
[    4.369443] net eth0: phy found : id is : 0x4dd074
[    4.374694] libphy: PHY 4a101000.mdio:01 not found
[    4.379800] net eth0: phy 4a101000.mdio:01 not found on slave 1
[    8.369409] cpsw 4a100000.ethernet eth0: Link is Up - 1Gbps/Full - flow control rx/tx
[    8.388423] Sending DHCP requests ., OK
[    8.448919] IP-Config: Got DHCP answer from 192.168.0.1, my address is 192.168.0.153
[    8.457455] IP-Config: Complete:
[    8.460950]      device=eth0, hwaddr=40:5f:c2:76:54:10, ipaddr=192.168.0.153, mask=255.255.255.0, gw=192.168.0.1
[    8.471648]      host=192.168.0.153, domain=ti.com, nis-domain=(none)
[    8.478428]      bootserver=192.168.0.1, rootserver=192.168.0.1, rootpath=
[    8.485445]      nameserver0=192.0.2.2, nameserver1=192.0.2.3
[    8.491959] lis3_reg: disabling
[    8.499603] Waiting for root device PARTUUID=00050067-02...
[  136.648654] random: nonblocking pool is initialized

