- 07:00:31 [INFO] Starting target session
- 07:00:32 [INFO] Connected to am3517-evm via serial 
- 07:00:32 [INFO] Host: #check prompt
- 07:00:35 [ERROR] On command: #check prompt waiting for #check prompt.+?(?-mix:((?-mix:login:)|[Pp]assword)) >>> error: execution expired
- 07:00:35 [INFO] Target: 
#check prompt
root@am3517-evm:/test# 
- 07:00:35 [INFO] Host: #check prompt
- 07:00:36 [INFO] Target: 
#check prompt
root@am3517-evm:/test# 
- 07:00:36 [INFO] Host: sync;poweroff
- 07:00:49 [INFO] Target: 
sync;poweroff
Broadcast message from root@am3517-evm (ttyO2) (Thu Aug 28 03:14:35 2014):
The system is going down to runlevel: 0
root@am3517-evm:/test# 
INIT: Sending processes the TERM signal
INIT: Sending processes the KILLhwclock: can't open '/dev/misc/rtc': No such file or directory
Stopping syslogd/klogd: stopped syslogd (pid 1159)
stopped klogd (pid 1162)
done
Deconfiguring network interfaces... ifdown: interface eth0 not configured
done.
Sending all processes the TERM signal...
Sending all processes the KILL signal...
Unmounting remote filesystems...
Deactivating swap...
Unmounting local filesystems...
[ 6712.112436] reboot: System halted
- 07:00:49 [INFO] Disconnected serial from am3517-evm
- 07:01:12 [INFO] Connected to am3517-evm via serial 
- 07:01:12 [INFO] Host: 
- 07:01:14 [INFO] Target: 
tm1`U
U-Boot SPL 2011.09-00000-g9cf431d (Jun 25 2013 - 15:14:11)
Texas Instruments Revision detection unimplemented
OMAP SD/MMC: 0
reading u-boot.img
reading u-boot.img
U-Boot 2011.09-00000-g9cf431d (Jun 25 2013 - 15:14:11)
AM35XX-GP ES2.0, CPU-OPP2, L3-165MHz, Max CPU Clock 600 Mhz
AM3517EVM Board + LPDDR/NAND
I2C:   ready
DRAM:  256 MiB
WARNING: Caches not enabled
NAND:  HW ECC [Kernel/FS layout] selected
512 MiB
MMC:   OMAP SD/MMC: 0
In:    serial
Out:   serial
Err:   serial
Die ID #5f5c00010000000001685a201600f025
Net:   Ethernet PHY: GENERIC @ 0x00
DaVinci-EMAC
Hit any key to stop autoboot:  3  0 
AM3517_EVM # 
AM3517_EVM # 
AM3517_EVM # 
AM3517_EVM # 
AM3517_EVM # 
AM3517_EVM # 
AM3517_EVM # 
AM3517_EVM # 
AM3517_EVM # 
AM3517_EVM # 
AM3517_EVM # 
AM3517_EVM # 
- 07:01:14 [INFO] Host: 
- 07:01:14 [INFO] Target: 
AM3517_EVM # 
- 07:01:14 [INFO] Host: version
- 07:01:14 [INFO] Target: 
version
U-Boot 2011.09-00000-g9cf431d (Jun 25 2013 - 15:14:11)
arm-linux-gnueabihf-gcc (crosstool-NG linaro-1.13.1-4.7-2013.03-20130313 - Linaro GCC 2013.03) 4.7.3 20130226 (prerelease)
GNU ld (crosstool-NG linaro-1.13.1-4.7-2013.03-20130313 - Linaro GCC 2013.03) 2.23.1
AM3517_EVM # 
- 07:01:14 [INFO] Host: setenv bootargs 'console=ttyO2,115200n8 debug ignore_loglevel earlyprintk root=/dev/mmcblk0p2 rootwait nohlt '
- 07:01:14 [INFO] Target: 
setenv bootargs 'console=ttyO2,115200n8 debug ignore_loglevel earlyprintk root=/dev/mmcblk0p2 rootwait nohlt '
AM3517_EVM # 
- 07:01:14 [INFO] Host: setenv bootcmd  ''
- 07:01:14 [INFO] Target: 
setenv bootcmd  ''
AM3517_EVM # 
- 07:01:14 [INFO] Host: setenv autoload 'no'
- 07:01:14 [INFO] Target: 
setenv autoload 'no'
AM3517_EVM # 
- 07:01:14 [INFO] Host: setenv serverip '10.218.102.142'
- 07:01:14 [INFO] Target: 
setenv serverip '10.218.102.142'
AM3517_EVM # 
- 07:01:14 [INFO] Host: setenv mmcdev ' '
- 07:01:15 [INFO] Target: 
setenv mmcdev ' '
AM3517_EVM # 
- 07:01:15 [INFO] Host: printenv
- 07:01:15 [INFO] Target: 
printenv
autoload=no
baudrate=115200
bootargs=console=ttyO2,115200n8 debug ignore_loglevel earlyprintk root=/dev/mmcblk0p2 rootwait nohlt 
bootargs_defaults=setenv bootargs console=${console} ${optargs}
bootcmd=
bootdelay=3
bootenv=uEnv.txt
bootfile=tigt-0001-desktop/2012-09-19t22-05-12-184/am3517-evm/70132be54a7f7fcf07b00ec4a126f0b2
bootscript=echo Running bootscript from mmc ...; source ${loadaddr}
console=ttyO2,115200n8
dieid#=5f5c00010000000001685a201600f025
ethact=DaVinci-EMAC
ethaddr=40:98:4e:74:71:9d
importbootenv=echo Importing environment from mmc ...; env import -t $loadaddr $filesize
kloadaddr=0x80007fc0
loadaddr=0x82000000
loadbootenv=fatload mmc ${mmc_dev} ${loadaddr} ${bootenv}
loadbootscript=fatload mmc ${mmcdev} ${loadaddr} boot.scr
loaduimage=fatload mmc ${mmcdev} ${kloadaddr} uImage
mmc_load_uimage=mmc rescan; fatload mmc 0 ${loadaddr} uImage
mmcargs=run bootargs_defaults; setenv bootargs ${bootargs} root=/dev/mmcblk0p2 rw rootfstype=ext3 rootwait
mmcboot=echo Booting from mmc ...; run mmcargs; bootm ${kloadaddr}; 
mmcdev= 
nandargs=run bootargs_defaults; setenv bootargs ${bootargs} root=/dev/mtdblock4 rw rootfstype=jffs2
nandboot=echo Booting from nand ...; run nandargs; nand read ${kloadaddr} 280000 400000; bootm ${kloadaddr}; 
nfs_root_path=10.218.102.142:/home/tigt-0001/NFS_exports/am3517/autofs/ae0d8e03f9b2bf510b0c654ac60741c7
ramdisk_addr=0x8A080000
serverip=10.218.102.142
stderr=serial
stdin=serial
stdout=serial
Environment size: 1515/131068 bytes
AM3517_EVM # 
- 07:01:15 [INFO] Host: printenv
- 07:01:15 [INFO] Target: 
printenv
autoload=no
baudrate=115200
bootargs=console=ttyO2,115200n8 debug ignore_loglevel earlyprintk root=/dev/mmcblk0p2 rootwait nohlt 
bootargs_defaults=setenv bootargs console=${console} ${optargs}
bootcmd=
bootdelay=3
bootenv=uEnv.txt
bootfile=tigt-0001-desktop/2012-09-19t22-05-12-184/am3517-evm/70132be54a7f7fcf07b00ec4a126f0b2
bootscript=echo Running bootscript from mmc ...; source ${loadaddr}
console=ttyO2,115200n8
dieid#=5f5c00010000000001685a201600f025
ethact=DaVinci-EMAC
ethaddr=40:98:4e:74:71:9d
importbootenv=echo Importing environment from mmc ...; env import -t $loadaddr $filesize
kloadaddr=0x80007fc0
loadaddr=0x82000000
loadbootenv=fatload mmc ${mmc_dev} ${loadaddr} ${bootenv}
loadbootscript=fatload mmc ${mmcdev} ${loadaddr} boot.scr
loaduimage=fatload mmc ${mmcdev} ${kloadaddr} uImage
mmc_load_uimage=mmc rescan; fatload mmc 0 ${loadaddr} uImage
mmcargs=run bootargs_defaults; setenv bootargs ${bootargs} root=/dev/mmcblk0p2 rw rootfstype=ext3 rootwait
mmcboot=echo Booting from mmc ...; run mmcargs; bootm ${kloadaddr}; 
mmcdev= 
nandargs=run bootargs_defaults; setenv bootargs ${bootargs} root=/dev/mtdblock4 rw rootfstype=jffs2
nandboot=echo Booting from nand ...; run nandargs; nand read ${kloadaddr} 280000 400000; bootm ${kloadaddr}; 
nfs_root_path=10.218.102.142:/home/tigt-0001/NFS_exports/am3517/autofs/ae0d8e03f9b2bf510b0c654ac60741c7
ramdisk_addr=0x8A080000
serverip=10.218.102.142
stderr=serial
stdin=serial
stdout=serial
Environment size: 1515/131068 bytes
AM3517_EVM # 
- 07:01:15 [INFO] Host: setenv bootargs ''${bootargs}' ip=:::::eth0:dhcp '
- 07:01:15 [INFO] Target: 
setenv bootargs ''${bootargs}' ip=:::::eth0:dhcp '
AM3517_EVM # 
- 07:01:15 [INFO] Host: setenv serverip '10.218.102.142'
- 07:01:15 [INFO] Target: 
setenv serverip '10.218.102.142'
AM3517_EVM # 
- 07:01:15 [INFO] Host: setenv ipaddr dhcp
- 07:01:15 [INFO] Target: 
setenv ipaddr dhcp
AM3517_EVM # 
- 07:01:15 [INFO] Host: setenv autoload 'no'
- 07:01:15 [INFO] Target: 
setenv autoload 'no'
AM3517_EVM # 
- 07:01:15 [INFO] Host: dhcp
- 07:01:16 [INFO] Target: 
dhcp
BOOTP broadcast 1
DHCP client bound to address 10.218.102.219
AM3517_EVM # 
- 07:01:16 [INFO] Host: setenv serverip '10.218.102.142'
- 07:01:16 [INFO] Target: 
setenv serverip '10.218.102.142'
AM3517_EVM # 
- 07:01:16 [INFO] Host: tftp ${loadaddr} 10.218.102.142:vatf_am3517-evm/c4592c021d8b5cb023f31dcf24b009bb
- 07:01:21 [INFO] Target: 
tftp ${loadaddr} 10.218.102.142:vatf_am3517-evm/c4592c021d8b5cb023f31dcf24b009bb
Using DaVinci-EMAC device
TFTP from server 10.218.102.142; our IP address is 10.218.102.219
Filename 'vatf_am3517-evm/c4592c021d8b5cb023f31dcf24b009bb'.
Load address: 0x82000000
Loading: *#################################################################
	 #################################################################
	 #################################################################
	 #################################################################
	 #################################################################
	 #################################################################
	 #################################################################
	 #################################################################
	 #################################################################
	 #################################################################
	 #######################################################
done
Bytes transferred = 3609249 (3712a1 hex)
AM3517_EVM # 
- 07:01:21 [INFO] Host: ls mmc 0:1
- 07:01:21 [INFO] Target: 
ls mmc 0:1
ls - list files in a directory (default /)
Usage:
ls [ directory ]
AM3517_EVM # 
- 07:01:21 [INFO] Host: ls mmc 0:2
- 07:01:22 [INFO] Target: 
ls mmc 0:2
ls - list files in a directory (default /)
Usage:
ls [ directory ]
AM3517_EVM # 
- 07:01:22 [INFO] Host: ls mmc 0:3
- 07:01:22 [INFO] Target: 
ls mmc 0:3
ls - list files in a directory (default /)
Usage:
ls [ directory ]
AM3517_EVM # 
- 07:01:22 [INFO] Host: ls mmc 0:4
- 07:01:22 [INFO] Target: 
ls mmc 0:4
ls - list files in a directory (default /)
Usage:
ls [ directory ]
AM3517_EVM # 
- 07:01:22 [INFO] Host: ls mmc 0:5
- 07:01:22 [INFO] Target: 
ls mmc 0:5
ls - list files in a directory (default /)
Usage:
ls [ directory ]
AM3517_EVM # 
- 07:01:22 [INFO] Host: part uuid mmc 0:
- 07:01:22 [INFO] Target: 
part uuid mmc 0:
Unknown command 'part' - try 'help'
AM3517_EVM # 
- 07:01:22 [INFO] Host: printenv
- 07:01:22 [INFO] Target: 
printenv
autoload=no
baudrate=115200
bootargs=console=ttyO2,115200n8 debug ignore_loglevel earlyprintk root=/dev/mmcblk0p2 rootwait nohlt ip=:::::eth0:dhcp
bootargs_defaults=setenv bootargs console=${console} ${optargs}
bootcmd=
bootdelay=3
bootenv=uEnv.txt
bootfile=tigt-0001-desktop/2012-09-19t22-05-12-184/am3517-evm/70132be54a7f7fcf07b00ec4a126f0b2
bootscript=echo Running bootscript from mmc ...; source ${loadaddr}
console=ttyO2,115200n8
dieid#=5f5c00010000000001685a201600f025
dnsip=192.0.2.2
dnsip2=192.0.2.3
ethact=DaVinci-EMAC
ethaddr=40:98:4e:74:71:9d
fileaddr=82000000
filesize=3712A1
importbootenv=echo Importing environment from mmc ...; env import -t $loadaddr $filesize
ipaddr=10.218.102.219
kloadaddr=0x80007fc0
loadaddr=0x82000000
loadbootenv=fatload mmc ${mmc_dev} ${loadaddr} ${bootenv}
loadbootscript=fatload mmc ${mmcdev} ${loadaddr} boot.scr
loaduimage=fatload mmc ${mmcdev} ${kloadaddr} uImage
mmc_load_uimage=mmc rescan; fatload mmc 0 ${loadaddr} uImage
mmcargs=run bootargs_defaults; setenv bootargs ${bootargs} root=/dev/mmcblk0p2 rw rootfstype=ext3 rootwait
mmcboot=echo Booting from mmc ...; run mmcargs; bootm ${kloadaddr}; 
mmcdev= 
nandargs=run bootargs_defaults; setenv bootargs ${bootargs} root=/dev/mtdblock4 rw rootfstype=jffs2
nandboot=echo Booting from nand ...; run nandargs; nand read ${kloadaddr} 280000 400000; bootm ${kloadaddr}; 
netmask=255.255.255.0
nfs_root_path=10.218.102.142:/home/tigt-0001/NFS_exports/am3517/autofs/ae0d8e03f9b2bf510b0c654ac60741c7
ramdisk_addr=0x8A080000
serverip=10.218.102.142
stderr=serial
stdin=serial
stdout=serial
Environment size: 1655/131068 bytes
AM3517_EVM # 
- 07:01:22 [INFO] Host: setenv bootargs ''${bootargs}' root=/dev/mmcblk0p2 rw rootfstype=ext3 rootwait '
- 07:01:22 [INFO] Target: 
setenv bootargs ''${bootargs}' root=/dev/mmcblk0p2 rw rootfstype=ext3 rootwait '
AM3517_EVM # 
- 07:01:22 [INFO] Host: printenv
- 07:01:22 [INFO] Target: 
printenv
autoload=no
baudrate=115200
bootargs=console=ttyO2,115200n8 debug ignore_loglevel earlyprintk root=/dev/mmcblk0p2 rootwait nohlt ip=:::::eth0:dhcp root=/dev/mmcblk0p2 rw rootfstype=ext3 rootwait
bootargs_defaults=setenv bootargs console=${console} ${optargs}
bootcmd=
bootdelay=3
bootenv=uEnv.txt
bootfile=tigt-0001-desktop/2012-09-19t22-05-12-184/am3517-evm/70132be54a7f7fcf07b00ec4a126f0b2
bootscript=echo Running bootscript from mmc ...; source ${loadaddr}
console=ttyO2,115200n8
dieid#=5f5c00010000000001685a201600f025
dnsip=192.0.2.2
dnsip2=192.0.2.3
ethact=DaVinci-EMAC
ethaddr=40:98:4e:74:71:9d
fileaddr=82000000
filesize=3712A1
importbootenv=echo Importing environment from mmc ...; env import -t $loadaddr $filesize
ipaddr=10.218.102.219
kloadaddr=0x80007fc0
loadaddr=0x82000000
loadbootenv=fatload mmc ${mmc_dev} ${loadaddr} ${bootenv}
loadbootscript=fatload mmc ${mmcdev} ${loadaddr} boot.scr
loaduimage=fatload mmc ${mmcdev} ${kloadaddr} uImage
mmc_load_uimage=mmc rescan; fatload mmc 0 ${loadaddr} uImage
mmcargs=run bootargs_defaults; setenv bootargs ${bootargs} root=/dev/mmcblk0p2 rw rootfstype=ext3 rootwait
mmcboot=echo Booting from mmc ...; run mmcargs; bootm ${kloadaddr}; 
mmcdev= 
nandargs=run bootargs_defaults; setenv bootargs ${bootargs} root=/dev/mtdblock4 rw rootfstype=jffs2
nandboot=echo Booting from nand ...; run nandargs; nand read ${kloadaddr} 280000 400000; bootm ${kloadaddr}; 
netmask=255.255.255.0
nfs_root_path=10.218.102.142:/home/tigt-0001/NFS_exports/am3517/autofs/ae0d8e03f9b2bf510b0c654ac60741c7
ramdisk_addr=0x8A080000
serverip=10.218.102.142
stderr=serial
stdin=serial
stdout=serial
Environment size: 1703/131068 bytes
AM3517_EVM # 
- 07:01:22 [INFO] Host: setenv bootcmd ''${bootcmd}' if iminfo ${loadaddr}; then bootm ${loadaddr}  ; else bootz ${loadaddr}  ; bootm ${loadaddr}  ; fi'
- 07:01:22 [INFO] Target: 
setenv bootcmd ''${bootcmd}' if iminfo ${loadaddr}; then bootm ${loadaddr}  ; else bootz ${loadaddr}  ; bootm ${loadaddr}  ; fi'
AM3517_EVM # 
- 07:01:22 [INFO] Host: version
- 07:01:23 [INFO] Target: 
version
U-Boot 2011.09-00000-g9cf431d (Jun 25 2013 - 15:14:11)
arm-linux-gnueabihf-gcc (crosstool-NG linaro-1.13.1-4.7-2013.03-20130313 - Linaro GCC 2013.03) 4.7.3 20130226 (prerelease)
GNU ld (crosstool-NG linaro-1.13.1-4.7-2013.03-20130313 - Linaro GCC 2013.03) 2.23.1
AM3517_EVM # 
- 07:01:23 [INFO] Host: bdinfo
- 07:01:23 [INFO] Target: 
bdinfo
arch_number = 0x00000898
boot_params = 0x80000100
DRAM bank   = 0x00000000
-> start    = 0x80000000
-> size     = 0x10000000
DRAM bank   = 0x00000001
-> start    = 0x80000000
-> size     = 0x00000000
ethaddr     = 40:98:4e:74:71:9d
ip_addr     = 10.218.102.219
baudrate    = 115200 bps
TLB addr    = 0x8FFF0000
relocaddr   = 0x8FF71000
reloc off   = 0x0FE71000
irq_sp      = 0x8FF30F68
sp start    = 0x8FF30F58
FB base     = 0x00000000
AM3517_EVM # 
- 07:01:23 [INFO] Host: mmc rescan; echo $?
- 07:01:23 [INFO] Target: 
mmc rescan; echo $?
AM3517_EVM # 
- 07:01:23 [INFO] Host: fatwrite mmc ${mmcdev}:1 ${loadaddr} ws-calibrate.rules 4
- 07:01:23 [INFO] Target: 
fatwrite mmc ${mmcdev}:1 ${loadaddr} ws-calibrate.rules 4
Unknown command 'fatwrite' - try 'help'
AM3517_EVM # 
- 07:01:23 [INFO] Host: boot
- 07:02:06 [INFO] Target: 
boot
Unknown command 'iminfo' - try 'help'
Unknown command 'bootz' - try 'help'
## Booting kernel from Legacy Image at 82000000 ...
   Image Name:   Linux-4.2.0-rc7-next-20150819-00
   Image Type:   ARM Linux Kernel Image (uncompressed)
   Data Size:    3609185 Bytes = 3.4 MiB
   Load Address: 80800000
   Entry Point:  80800000
   Verifying Checksum ... OK
   Loading Kernel Image ... OK
Starting kernel ...
[    0.000000] Booting Linux on physical CPU 0x0
[    0.000000] Initializing cgroup subsys cpuset
[    0.000000] Initializing cgroup subsys cpu
[    0.000000] Initializing cgroup subsys cpuacct
[    0.000000] Linux version 4.2.0-rc7-next-20150819-00002-g79c1fc743cdd (nmenon@kahuna) (gcc version 4.6.3 (Ubuntu/Linaro 4.6.3-1ubuntu5) ) #1 SMP Thu Aug 20 05:47:10 CDT 2015
[    0.000000] CPU: ARMv7 Processor [411fc087] revision 7 (ARMv7), cr=10c5387d
[    0.000000] CPU: PIPT / VIPT nonaliasing data cache, VIPT nonaliasing instruction cache
[    0.000000] Machine model: TI AM3517 EVM (AM3517/05 TMDSEVM3517)
[    0.000000] debug: ignoring loglevel setting.
[    0.000000] cma: Reserved 16 MiB at 0x8e800000
[    0.000000] Memory policy: Data cache writeback
[    0.000000] On node 0 totalpages: 65024
[    0.000000] free_area_init_node: node 0, pgdat c09b2a00, node_mem_map cfbb1000
[    0.000000]   Normal zone: 576 pages used for memmap
[    0.000000]   Normal zone: 0 pages reserved
[    0.000000]   Normal zone: 65024 pages, LIFO batch:15
[    0.000000] CPU: All CPU(s) started in SVC mode.
[    0.000000] AM3517 ES1.1 (l2cache sgx neon )
[    0.000000] PERCPU: Embedded 14 pages/cpu @cfb44000 s25152 r8192 d24000 u57344
[    0.000000] pcpu-alloc: s25152 r8192 d24000 u57344 alloc=14*4096
[    0.000000] pcpu-alloc: [0] 0 
[    0.000000] Built 1 zonelists in Zone order, mobility grouping on.  Total pages: 64448
[    0.000000] Kernel command line: console=ttyO2,115200n8 debug ignore_loglevel earlyprintk root=/dev/mmcblk0p2 rootwait nohlt ip=:::::eth0:dhcp root=/dev/mmcblk0p2 rw rootfstype=ext3 rootwait
[    0.000000] PID hash table entries: 1024 (order: 0, 4096 bytes)
[    0.000000] Dentry cache hash table entries: 32768 (order: 5, 131072 bytes)
[    0.000000] Inode-cache hash table entries: 16384 (order: 4, 65536 bytes)
[    0.000000] Memory: 222452K/260096K available (6520K kernel code, 738K rwdata, 2212K rodata, 448K init, 8263K bss, 21260K reserved, 16384K cma-reserved, 0K highmem)
[    0.000000] Virtual kernel memory layout:
[    0.000000]     vector  : 0xffff0000 - 0xffff1000   (   4 kB)
[    0.000000]     fixmap  : 0xffc00000 - 0xfff00000   (3072 kB)
[    0.000000]     vmalloc : 0xd0800000 - 0xff000000   ( 744 MB)
[    0.000000]     lowmem  : 0xc0000000 - 0xd0000000   ( 256 MB)
[    0.000000]     pkmap   : 0xbfe00000 - 0xc0000000   (   2 MB)
[    0.000000]     modules : 0xbf000000 - 0xbfe00000   (  14 MB)
[    0.000000]       .text : 0xc0008000 - 0xc088f648   (8734 kB)
[    0.000000]       .init : 0xc0890000 - 0xc0900000   ( 448 kB)
[    0.000000]       .data : 0xc0900000 - 0xc09b8870   ( 739 kB)
[    0.000000]        .bss : 0xc09bb000 - 0xc11ccf38   (8264 kB)
[    0.000000] Running RCU self tests
[    0.000000] Hierarchical RCU implementation.
[    0.000000] 	RCU lockdep checking is enabled.
[    0.000000] 	Build-time adjustment of leaf fanout to 32.
[    0.000000] 	RCU restricting CPUs from NR_CPUS=2 to nr_cpu_ids=1.
[    0.000000] RCU: Adjusting geometry for rcu_fanout_leaf=32, nr_cpu_ids=1
[    0.000000] NR_IRQS:16 nr_irqs:16 16
[    0.000000] IRQ: Found an INTC at 0xfa200000 (revision 4.0) with 96 interrupts
[    0.000000] Clocking rate (Crystal/Core/MPU): 26.0/332/600 MHz
[    0.000000] OMAP clockevent source: timer2 at 13000000 Hz
[    0.000031] sched_clock: 32 bits at 13MHz, resolution 76ns, wraps every 165191050201ns
[    0.000073] clocksource: timer1: mask: 0xffffffff max_cycles: 0xffffffff, max_idle_ns: 147020034397 ns
[    0.000177] OMAP clocksource: timer1 at 13000000 Hz
[    0.001703] Console: colour dummy device 80x30
[    0.001808] Lock dependency validator: Copyright (c) 2006 Red Hat, Inc., Ingo Molnar
[    0.001825] ... MAX_LOCKDEP_SUBCLASSES:  8
[    0.001840] ... MAX_LOCK_DEPTH:          48
[    0.001854] ... MAX_LOCKDEP_KEYS:        8191
[    0.001868] ... CLASSHASH_SIZE:          4096
[    0.001882] ... MAX_LOCKDEP_ENTRIES:     32768
[    0.001896] ... MAX_LOCKDEP_CHAINS:      65536
[    0.001910] ... CHAINHASH_SIZE:          32768
[    0.001925]  memory used by lock dependency info: 5167 kB
[    0.001939]  per task-struct memory footprint: 1536 bytes
[    0.001982] Calibrating delay loop... 594.73 BogoMIPS (lpj=2973696)
[    0.095936] pid_max: default: 32768 minimum: 301
[    0.096640] Security Framework initialized
[    0.096875] Mount-cache hash table entries: 1024 (order: 0, 4096 bytes)
[    0.096904] Mountpoint-cache hash table entries: 1024 (order: 0, 4096 bytes)
[    0.102303] Initializing cgroup subsys blkio
[    0.102468] Initializing cgroup subsys memory
[    0.102632] Initializing cgroup subsys devices
[    0.102785] Initializing cgroup subsys freezer
[    0.103014] Initializing cgroup subsys perf_event
[    0.103126] CPU: Testing write buffer coherency: ok
[    0.105625] CPU0: thread -1, cpu 0, socket -1, mpidr 0
[    0.105844] Setting up static identity map for 0x80008280 - 0x800082f0
[    0.113584] Brought up 1 CPUs
[    0.113626] SMP: Total of 1 processors activated (594.73 BogoMIPS).
[    0.113645] CPU: All CPU(s) started in SVC mode.
[    0.118989] devtmpfs: initialized
[    0.231068] VFP support v0.3: implementor 41 architecture 3 part 30 variant c rev 1
[    0.305289] omap_hwmod: mcbsp2_sidetone using broken dt data from mcbsp
[    0.307524] omap_hwmod: mcbsp3_sidetone using broken dt data from mcbsp
[    0.399928] clocksource: jiffies: mask: 0xffffffff max_cycles: 0xffffffff, max_idle_ns: 19112604462750000 ns
[    0.404175] pinctrl core: initialized pinctrl subsystem
[    0.413573] NET: Registered protocol family 16
[    0.424351] DMA: preallocated 256 KiB pool for atomic coherent allocations
[    0.428344] cpuidle: using governor ladder
[    0.428396] cpuidle: using governor menu
[    0.429384] Reprogramming SDRC clock to 332000000 Hz
[    0.433739] Address Hole seen by USB_OTG  at address dc0f9c0c
[    0.433766] ------------[ cut here ]------------
[    0.433818] WARNING: CPU: 0 PID: 1 at drivers/bus/omap_l3_smx.c:166 omap3_l3_app_irq+0x100/0x128()
[    0.433835] Modules linked in:
[    0.433872] CPU: 0 PID: 1 Comm: swapper/0 Not tainted 4.2.0-rc7-next-20150819-00002-g79c1fc743cdd #1
[    0.433889] Hardware name: Generic AM3517 (Flattened Device Tree)
[    0.433938] [<c0016644>] (unwind_backtrace) from [<c0012a64>] (show_stack+0x10/0x14)
[    0.433977] [<c0012a64>] (show_stack) from [<c0628124>] (dump_stack+0x78/0x94)
[    0.434021] [<c0628124>] (dump_stack) from [<c003cb38>] (warn_slowpath_common+0x7c/0xb4)
[    0.434054] [<c003cb38>] (warn_slowpath_common) from [<c003cb8c>] (warn_slowpath_null+0x1c/0x24)
[    0.434086] [<c003cb8c>] (warn_slowpath_null) from [<c0367d70>] (omap3_l3_app_irq+0x100/0x128)
[    0.434123] [<c0367d70>] (omap3_l3_app_irq) from [<c009888c>] (handle_irq_event_percpu+0x68/0x22c)
[    0.434150] [<c009888c>] (handle_irq_event_percpu) from [<c0098a90>] (handle_irq_event+0x40/0x64)
[    0.434180] [<c0098a90>] (handle_irq_event) from [<c009ba28>] (handle_level_irq+0xc0/0x150)
[    0.434208] [<c009ba28>] (handle_level_irq) from [<c0098130>] (generic_handle_irq+0x20/0x30)
[    0.434234] [<c0098130>] (generic_handle_irq) from [<c0098244>] (__handle_domain_irq+0x64/0xd8)
[    0.434266] [<c0098244>] (__handle_domain_irq) from [<c062efe4>] (__irq_svc+0x44/0x5c)
[    0.434294] [<c062efe4>] (__irq_svc) from [<c062eb78>] (_raw_spin_unlock_irqrestore+0x34/0x44)
[    0.434321] [<c062eb78>] (_raw_spin_unlock_irqrestore) from [<c009a368>] (__setup_irq+0x2f4/0x4e4)
[    0.434347] [<c009a368>] (__setup_irq) from [<c009a62c>] (request_threaded_irq+0xd4/0x15c)
[    0.434376] [<c009a62c>] (request_threaded_irq) from [<c0367c00>] (omap3_l3_probe+0xec/0x15c)
[    0.434407] [<c0367c00>] (omap3_l3_probe) from [<c03d0afc>] (platform_drv_probe+0x48/0x98)
[    0.434445] [<c03d0afc>] (platform_drv_probe) from [<c03cf468>] (driver_probe_device+0x1e0/0x29c)
[    0.434475] [<c03cf468>] (driver_probe_device) from [<c03cdc4c>] (bus_for_each_drv+0x5c/0x88)
[    0.434503] [<c03cdc4c>] (bus_for_each_drv) from [<c03cf204>] (__device_attach+0xa4/0x104)
[    0.434531] [<c03cf204>] (__device_attach) from [<c03ce958>] (bus_probe_device+0x88/0x90)
[    0.434558] [<c03ce958>] (bus_probe_device) from [<c03cce60>] (device_add+0x324/0x520)
[    0.434589] [<c03cce60>] (device_add) from [<c04c0d50>] (of_platform_device_create_pdata+0x88/0xc0)
[    0.434616] [<c04c0d50>] (of_platform_device_create_pdata) from [<c04c0e64>] (of_platform_bus_create+0xdc/0x190)
[    0.434641] [<c04c0e64>] (of_platform_bus_create) from [<c04c0f78>] (of_platform_populate+0x60/0xa8)
[    0.434673] [<c04c0f78>] (of_platform_populate) from [<c08a38bc>] (pdata_quirks_init+0x34/0x44)
[    0.434699] [<c08a38bc>] (pdata_quirks_init) from [<c08a3504>] (omap_generic_init+0x10/0x1c)
[    0.434734] [<c08a3504>] (omap_generic_init) from [<c08938b8>] (customize_machine+0x1c/0x40)
[    0.434766] [<c08938b8>] (customize_machine) from [<c0009764>] (do_one_initcall+0x80/0x1d8)
[    0.434797] [<c0009764>] (do_one_initcall) from [<c0890ea0>] (kernel_init_freeable+0x208/0x2e4)
[    0.434826] [<c0890ea0>] (kernel_init_freeable) from [<c06222a4>] (kernel_init+0x8/0xe4)
[    0.434859] [<c06222a4>] (kernel_init) from [<c000f518>] (ret_from_fork+0x14/0x3c)
[    0.435037] ---[ end trace 575e63be4d0eb67a ]---
[    0.440017] platform 480c5000.aes: Cannot lookup hwmod 'aes'
[    0.448322] gpiochip_add: registered GPIOs 0 to 31 on device: gpio
[    0.450034] OMAP GPIO hardware version 2.5
[    0.452350] gpiochip_add: registered GPIOs 32 to 63 on device: gpio
[    0.455712] gpiochip_add: registered GPIOs 64 to 95 on device: gpio
[    0.459256] gpiochip_add: registered GPIOs 96 to 127 on device: gpio
[    0.462595] gpiochip_add: registered GPIOs 128 to 159 on device: gpio
[    0.465932] gpiochip_add: registered GPIOs 160 to 191 on device: gpio
[    0.481813] platform 480c3000.sham: Cannot lookup hwmod 'sham'
[    0.482771] platform 480cb000.smartreflex: Cannot lookup hwmod 'smartreflex_core'
[    0.496133] omap-gpmc 6e000000.gpmc: GPMC revision 5.0
[    0.496493] gpmc_mem_init: disabling cs 0 mapped at 0x0-0x1000000
[    0.497833] platform 480ab000.usb_otg_hs: Cannot lookup hwmod 'usb_otg_hs'
[    0.502707] No ATAGs?
[    0.502756] hw-breakpoint: debug architecture 0x4 unsupported.
[    0.505860] omap4_sram_init:Unable to allocate sram needed to handle errata I688
[    0.505902] omap4_sram_init:Unable to get sram pool needed to handle errata I688
[    0.508105] OMAP DMA hardware revision 4.0
[    0.569294] omap-dma-engine 48056000.dma-controller: OMAP DMA engine driver
[    0.570580] of_get_named_gpiod_flags: can't parse 'gpio' property of node '/vmmc[0]'
[    0.577597] SCSI subsystem initialized
[    0.578920] libata version 3.00 loaded.
[    0.584282] omap_i2c 48070000.i2c: bus 0 rev3.3 at 400 kHz
[    0.586896] omap_i2c 48072000.i2c: bus 1 rev3.3 at 400 kHz
[    0.589106] omap_i2c 48060000.i2c: bus 2 rev3.3 at 400 kHz
[    0.589731] pps_core: LinuxPPS API ver. 1 registered
[    0.589754] pps_core: Software ver. 5.3.6 - Copyright 2005-2007 Rodolfo Giometti <giometti@linux.it>
[    0.589862] PTP clock support registered
[    0.591350] lo uses DEPRECATED zero tx_queue_len - convert driver to use IFF_NO_QUEUE instead.
[    0.597781] clocksource: Switched to clocksource timer1
[    0.856789] NET: Registered protocol family 2
[    0.860603] TCP established hash table entries: 2048 (order: 1, 8192 bytes)
[    0.860717] TCP bind hash table entries: 2048 (order: 4, 73728 bytes)
[    0.861839] TCP: Hash tables configured (established 2048 bind 2048)
[    0.862215] UDP hash table entries: 256 (order: 2, 20480 bytes)
[    0.862537] UDP-Lite hash table entries: 256 (order: 2, 20480 bytes)
[    0.864147] NET: Registered protocol family 1
[    0.867152] RPC: Registered named UNIX socket transport module.
[    0.867190] RPC: Registered udp transport module.
[    0.867209] RPC: Registered tcp transport module.
[    0.867228] RPC: Registered tcp NFSv4.1 backchannel transport module.
[    0.875134] hw perfevents: enabled with armv7_cortex_a8 PMU driver, 5 counters available
[    0.884908] futex hash table entries: 256 (order: 2, 16384 bytes)
[    0.885324] audit: initializing netlink subsys (disabled)
[    0.885739] audit: type=2000 audit(0.880:1): initialized
[    0.893909] VFS: Disk quotas dquot_6.6.0
[    0.894165] VFS: Dquot-cache hash table entries: 1024 (order 0, 4096 bytes)
[    0.899077] NFS: Registering the id_resolver key type
[    0.899814] Key type id_resolver registered
[    0.899843] Key type id_legacy registered
[    0.900232] jffs2: version 2.2. (NAND) (SUMMARY)   2001-2006 Red Hat, Inc.
[    0.911142] io scheduler noop registered
[    0.911196] io scheduler deadline registered
[    0.911293] io scheduler cfq registered (default)
[    0.915161] pinctrl-single 48002030.pinmux: 284 pins at pa fa002030 size 568
[    0.916047] pinctrl-single 48002a00.pinmux: 46 pins at pa fa002a00 size 92
[    0.917259] pinctrl-single 480025d8.pinmux: 18 pins at pa fa0025d8 size 36
[    0.923748] Serial: 8250/16550 driver, 4 ports, IRQ sharing enabled
[    0.934832] omap_uart 4806a000.serial: no wakeirq for uart0
[    0.934885] of_get_named_gpiod_flags: can't parse 'rts-gpio' property of node '/ocp/serial@4806a000[0]'
[    0.935909] 4806a000.serial: ttyO0 at MMIO 0x4806a000 (irq = 88, base_baud = 3000000) is a OMAP UART0
[    0.940037] omap_uart 4806c000.serial: no wakeirq for uart1
[    0.940086] of_get_named_gpiod_flags: can't parse 'rts-gpio' property of node '/ocp/serial@4806c000[0]'
[    0.940587] 4806c000.serial: ttyO1 at MMIO 0x4806c000 (irq = 89, base_baud = 3000000) is a OMAP UART1
[    0.942740] omap_uart 49020000.serial: no wakeirq for uart2
[    0.942780] of_get_named_gpiod_flags: can't parse 'rts-gpio' property of node '/ocp/serial@49020000[0]'
[    0.943263] 49020000.serial: ttyO2 at MMIO 0x49020000 (irq = 90, base_baud = 3000000) is a OMAP UART2
[    2.232115] console [ttyO2] enabled
[    2.302785] brd: module loaded
[    2.344689] loop: module loaded
[    2.352930] mtdoops: mtd device (mtddev=name/number) must be supplied
[    2.417689] davinci_mdio davinci_mdio.0: davinci mdio revision 1.5
[    2.424189] davinci_mdio davinci_mdio.0: detected phy mask fffffffe
[    2.437124] libphy: davinci_mdio.0: probed
[    2.441660] davinci_mdio davinci_mdio.0: phy[0]: device davinci_mdio.0:00, driver SMSC LAN8710/LAN8720
[    2.456313] mousedev: PS/2 mouse device common for all mice
[    2.462358] i2c /dev entries driver
[    2.472859] omap_hsmmc 4809c000.mmc: GPIO lookup for consumer cd
[    2.479447] omap_hsmmc 4809c000.mmc: using device tree for GPIO lookup
[    2.486298] of_get_named_gpiod_flags: can't parse 'cd-gpios' property of node '/ocp/mmc@4809c000[0]'
[    2.495935] of_get_named_gpiod_flags: can't parse 'cd-gpio' property of node '/ocp/mmc@4809c000[0]'
[    2.505455] omap_hsmmc 4809c000.mmc: using lookup tables for GPIO lookup
[    2.512771] omap_hsmmc 4809c000.mmc: lookup for GPIO cd failed
[    2.518980] omap_hsmmc 4809c000.mmc: GPIO lookup for consumer wp
[    2.525267] omap_hsmmc 4809c000.mmc: using device tree for GPIO lookup
[    2.532162] of_get_named_gpiod_flags: can't parse 'wp-gpios' property of node '/ocp/mmc@4809c000[0]'
[    2.541764] of_get_named_gpiod_flags: can't parse 'wp-gpio' property of node '/ocp/mmc@4809c000[0]'
[    2.551269] omap_hsmmc 4809c000.mmc: using lookup tables for GPIO lookup
[    2.558339] omap_hsmmc 4809c000.mmc: lookup for GPIO wp failed
[    2.608256] ledtrig-cpu: registered to indicate activity on CPUs
[    2.616717] oprofile: using arm/armv7
[    2.622043] Initializing XFRM netlink socket
[    2.627269] NET: Registered protocol family 10
[    2.638574] sit: IPv6 over IPv4 tunneling driver
[    2.643511] sit0 uses DEPRECATED zero tx_queue_len - convert driver to use IFF_NO_QUEUE instead.
[    2.656939] NET: Registered protocol family 17
[    2.661885] NET: Registered protocol family 15
[    2.667313] Key type dns_resolver registered
[    2.672359] omap2_set_init_voltage: unable to find boot up OPP for vdd_mpu_iva
[    2.679992] omap2_set_init_voltage: unable to set vdd_mpu_iva
[    2.686050] omap2_set_init_voltage: unable to find boot up OPP for vdd_core
[    2.693391] omap2_set_init_voltage: unable to set vdd_core
[    2.701161] PM: no software I/O chain control; some wakeups may be lost
[    2.708281] pm: Failed to request pm_wkup irq
[    2.712927] ThumbEE CPU extension supported.
[    2.717528] Registering SWP/SWPB emulation handler
[    2.722559] SmartReflex Class3 initialized
[    2.754120] hctosys: unable to open rtc device (rtc0)
[    2.759660] sr_init: No PMIC hook to init smartreflex
[    2.765392] sr_init: platform driver register failed for SR
[    2.863733] davinci_mdio davinci_mdio.0: resetting idled controller
[    2.871359] net eth0: attached PHY driver [SMSC LAN8710/LAN8720] (mii_bus:phy_addr=davinci_mdio.0:00, id=7c0f1)
[    2.882249] IPv6: ADDRCONF(NETDEV_UP): eth0: link is not ready
[    2.898718] mmc0: host does not support reading read-only switch, assuming write-enable
[    2.909378] mmc0: new high speed SDHC card at address b368
[    2.920246] mmcblk0: mmc0:b368 SDC   3.74 GiB 
[    2.932104]  mmcblk0: p1 p2 p3
[    5.887860] davinci_emac davinci_emac.0 eth0: Link is Up - 100Mbps/Full - flow control rx/tx
[    5.896944] IPv6: ADDRCONF(NETDEV_CHANGE): eth0: link becomes ready
[    5.907611] Sending DHCP requests ., OK
[    5.988105] IP-Config: Got DHCP answer from 10.218.102.3, my address is 10.218.102.219
[    5.998837] IP-Config: Complete:
[    6.002805]      device=eth0, hwaddr=40:98:4e:74:71:9d, ipaddr=10.218.102.219, mask=255.255.255.0, gw=10.218.102.1
[    6.013915]      host=dhcp-10-218-102-219, domain=am.dhcp.ti.com, nis-domain=(none)
[    6.022026]      bootserver=0.0.0.0, rootserver=0.0.0.0, rootpath=
[    6.028363]      nameserver0=192.0.2.2, nameserver1=192.0.2.3
[    6.049537] EXT4-fs (mmcblk0p2): mounting ext3 file system using the ext4 subsystem
[    6.080857] EXT4-fs (mmcblk0p2): warning: maximal mount count reached, running e2fsck is recommended
[    6.455576] EXT4-fs (mmcblk0p2): mounted filesystem with ordered data mode. Opts: (null)
[    6.464483] VFS: Mounted root (ext3 filesystem) on device 179:2.
[    6.488230] devtmpfs: mounted
[    6.492904] Freeing unused kernel memory: 448K (c0890000 - c0900000)
INIT: version 2.86 booting
Please wait: booting...
Error opening /dev/fb0: No such file or directory
Starting udev
WARNING: -e needs -E or -F
[    7.753101] udevd (107): /proc/107/oom_adj is deprecated, please use /proc/107/oom_score_adj instead.
[   22.568089] EXT4-fs (mmcblk0p3): mounting ext3 file system using the ext4 subsystem
[   22.598097] EXT4-fs (mmcblk0p3): warning: maximal mount count reached, running e2fsck is recommended
[   22.675976] EXT4-fs (mmcblk0p3): mounted filesystem with ordered data mode. Opts: (null)
[   22.739574] FAT-fs (mmcblk0p1): Volume was not properly unmounted. Some data may be corrupt. Please run fsck.
[   22.916564] alignment: ignoring faults is unsafe on this CPU.  Defaulting to fixup mode.
Remounting root file system...
[   23.117387] EXT4-fs (mmcblk0p2): re-mounted. Opts: (null)
Caching udev devnodes
logger: mount: mount point /proc/bus/usb does not exist
ALSA: Restoring mixer settings...
/usr/sbin/alsactl: load_state:1625: No soundcards found...
Configuring network interfaces... udhcpc (v1.13.2) started
Sending discover...
Sending select for 10.218.102.209...
Lease of 10.218.102.209 obtained, lease time 3600
adding dns 192.0.2.2
adding dns 192.0.2.3
done.
Setting up IP spoofing protection: rp_filter.
hwclock: can't open '/dev/misc/rtc': No such file or directory
Sun Jun  3 08:45:00 UTC 2012
hwclock: can't open '/dev/misc/rtc': No such file or directory
INIT: Entering runlevel: 5
Starting system message bus: [   27.354158] random: dbus-daemon urandom read with 116 bits of entropy available
dbus.
Starting Hardware abstraction layer hald
[   29.798481] random: nonblocking pool is initialized
Starting Dropbear SSH server: dropbear.
Starting telnet daemon.
Starting syslogd/klogd: done
Starting thttpd.
Starting Lighttpd Web Server: lighttpd.
2012-06-03 08:45:04: (log.c.166) server started 
Starting Matrix GUI application.
***************************************************************
***************************************************************
NOTICE: This file system contains the followin GPLv3 packages:
	binutils-dev
	binutils-symlinks
	binutils
	gdbserver
If you do not wish to distribute GPLv3 components please remove
the above packages prior to distribution.  This can be done using
the opkg remove command.  i.e.:
    opkg remove <package>
Where <package> is the name printed in the list above
NOTE: If the package is a dependency of another package you
      will be notified of the dependent packages.  You should
      use the --force-removal-of-dependent-packages option to
      also remove the dependent packages as well
***************************************************************
***************************************************************
 _____                    _____           _         _   
|  _  |___ ___ ___ ___   |  _  |___ ___  |_|___ ___| |_ 
|     |  _| .'| . | . |  |   __|  _| . | | | -_|  _|  _|
|__|__|_| |__,|_  |___|  |__|  |_| |___|_| |___|___|_|  
              |___|                    |___|            
Arago Project http://arago-project.org am3517-evm ttyO2
Arago 2011.09 am3517-evm ttyO2
am3517-evm login: 
- 07:02:06 [INFO] Host: root
- 07:02:06 [INFO] Target: 
root
root@am3517-evm:~# 
- 07:02:06 [INFO] Host: uname -a
- 07:02:06 [INFO] Target: 
uname -a
Linux am3517-evm 4.2.0-rc7-next-20150819-00002-g79c1fc743cdd #1 SMP Thu Aug 20 05:47:10 CDT 2015 armv7l unknown
- 07:02:06 [INFO] Host: cat /proc/cmdline
- 07:02:06 [INFO] Target: 
cat /proc/cmdline
root@am3517-evm:~# cat /proc/cmdline
console=ttyO2,115200n8 debug ignore_loglevel earlyprintk root=/dev/mmcblk0p2 rootwait nohlt ip=:::::eth0:dhcp root=/dev/mmcblk0p2 rw rootfstype=ext3 roo
- 07:02:06 [INFO] Host: uname -a
- 07:02:06 [INFO] Target: 
twait
root@am3517-evm:~# uname -a
- 07:02:06 [INFO] Host: cat /proc/mtd
- 07:02:07 [INFO] Target: 
Linux am3517-evm 4.2.0-rc7-next-20150819-00002-g79c1fc743cdd #1 SMP Thu Aug 20 05:47:10 CDT 2015 armv7l unknown
root@am3517-evm:~# cat /proc/mtd
- 07:02:19 [INFO] Host: export IPERFHOST=10.218.102.142
- 07:02:19 [INFO] Target: 
export IPERFHOST=10.218.102.142
root@am3517-evm:~# 
- 07:02:19 [INFO] Host: export NFS_SERVER=10.218.102.142
- 07:02:19 [INFO] Target: 
export NFS_SERVER=10.218.102.142
root@am3517-evm:~# 
- 07:02:19 [INFO] Host: export NFS_ROOT_PATH=/home/tigt-0001/NFS_exports/am3517
- 07:02:19 [INFO] Target: 
export NFS_ROOT_PATH=/home/tigt-0001/NFS_exports/am3517
root@am3517-evm:~# 
- 07:02:19 [INFO] Host: mkdir -p -m 777 /test
- 07:02:19 [INFO] Target: 
mkdir -p -m 777 /test
root@am3517-evm:~# 
- 07:02:19 [INFO] Host: cd /test
- 07:02:19 [INFO] Target: 
cd /test
root@am3517-evm:/test# 
- 07:02:19 [INFO] Host: cat > test.sh << EOF
- 07:02:19 [INFO] Target: 
cat > test.sh << EOF
- 07:02:19 [INFO] Host: failtest() {
- 07:02:19 [INFO] Target: 
failtest() {
- 07:02:19 [INFO] Host:   echo 1 >&3
- 07:02:19 [INFO] Target: 
  echo 1 >&3
- 07:02:19 [INFO] Host: }
- 07:02:19 [INFO] Target: 
- 07:02:19 [INFO] Host: timeout=600
- 07:02:19 [INFO] Target: 
> timeout=600
- 07:02:19 [INFO] Host: 
- 07:02:19 [INFO] Target: 
- 07:02:19 [INFO] Host: # Start of user's script logic
- 07:02:19 [INFO] Target: 
# Start of user's script logic
- 07:02:19 [INFO] Host: mount -t proc proc /proc 2>/dev/null;
- 07:02:19 [INFO] Target: 
mount -t proc proc /proc 2>/dev/null;
- 07:02:19 [INFO] Host: 
- 07:02:20 [INFO] Target: 
- 07:02:20 [INFO] Host: mount -t sysfs sys /sys 2>/dev/null;
- 07:02:20 [INFO] Target: 
mount -t sysfs sys /sys 2>/dev/null;
- 07:02:20 [INFO] Host: 
- 07:02:20 [INFO] Target: 
- 07:02:20 [INFO] Host: mount -t debugfs none /sys/kernel/debug 2>/dev/null;
- 07:02:20 [INFO] Target: 
mount -t debugfs none /sys/kernel/debug 2>/dev/null;
- 07:02:20 [INFO] Host: 
- 07:02:20 [INFO] Target: 
- 07:02:20 [INFO] Host: echo 'cpuinfo:';cat /proc/cpuinfo; echo '=======';
- 07:02:20 [INFO] Target: 
echo 'cpuinfo:';cat /proc/cpuinfo; echo '=======';
- 07:02:20 [INFO] Host: 
- 07:02:20 [INFO] Target: 
- 07:02:20 [INFO] Host: echo 'soc info:';head /sys/devices/soc0/* 2>/dev/null; echo '=======';
- 07:02:20 [INFO] Target: 
> echo 'soc info:';head /s
- 07:02:20 [INFO] Host: 
- 07:02:20 [INFO] Target: 
ys/devices/soc0/* 2>/dev/null; echo '=======';
- 07:02:20 [INFO] Host: echo 'DT Model info'; head /proc/device-tree/name /proc/device-tree/model /proc/device-tree/compatible 2>/dev/null;echo; echo '=======';
- 07:02:20 [INFO] Target: 
echo 'DT Model info'; head /proc/device-tree/nam
- 07:02:20 [INFO] Host: 
- 07:02:20 [INFO] Target: 
e /proc/device-tree/model /pro
c/device-tree/compatible 2>/dev/null;echo; echo '=======';
- 07:02:20 [INFO] Host: echo 'interrupts:';cat /proc/interrupts; echo '=======';
- 07:02:20 [INFO] Target: 
echo 'interrupts:';cat /proc/interrupts; echo '=======';
- 07:02:20 [INFO] Host: 
- 07:02:20 [INFO] Target: 
- 07:02:20 [INFO] Host: echo 'Clk_summary:';cat /sys/kernel/debug/clk/clk_summary; echo '=======';
- 07:02:20 [INFO] Target: 
echo 'Clk_summary:';cat /sys/kerne
- 07:02:20 [INFO] Host: 
- 07:02:20 [INFO] Target: 
l/debug/clk/clk_summary; echo '=======';
- 07:02:20 [INFO] Host: echo "Available frequencies"; cat /sys/devices/system/cpu/cpu0/cpufreq/scaling_available_frequencies 2>/dev/null;echo '=======';
- 07:02:20 [INFO] Target: 
echo "Available frequencies"; cat /sys/devices/system/cpu/cpu0/cpufreq/scaling
_available_frequencies 2>/dev/null;echo '=======';
- 07:02:20 [INFO] Host: 
- 07:02:20 [INFO] Target: 
- 07:02:20 [INFO] Host: TMPF=/tmp/a.\$\$; TMPF2=/tmp/b.\$\$; STR=""
- 07:02:21 [INFO] Target: 
TMPF=/tmp/a.\$\$; TMPF2=/tmp/b.\$\$; STR=""
- 07:02:21 [INFO] Host: 
- 07:02:21 [INFO] Target: 
- 07:02:21 [INFO] Host: cp /dev/kmsg \$TMPF &
- 07:02:21 [INFO] Target: 
cp /dev/kmsg \$TMPF &
- 07:02:21 [INFO] Host: 
- 07:02:21 [INFO] Target: 
- 07:02:21 [INFO] Host: PID=\$! ; sleep 5; kill -9 \$PID
- 07:02:21 [INFO] Target: 
PID=\$! ; sleep 5; kill -9 \$PID
- 07:02:21 [INFO] Host: 
- 07:02:21 [INFO] Target: 
- 07:02:21 [INFO] Host: 
- 07:02:21 [INFO] Target: 
- 07:02:21 [INFO] Host: 
- 07:02:21 [INFO] Target: 
- 07:02:21 [INFO] Host: cat \$TMPF|grep "^0">\$TMPF2; N=\`cat \$TMPF2|wc -l\`; if [ "\$N" -ne 0 ]; then STR="\$STR emerg=\$N";echo "===== EMERGE++";cat \$TMPF2|cut -d ';' -f2;echo "====="; fi
- 07:02:21 [INFO] Target: 
cat \$TMPF|grep "^0">\$TMPF2; N=\`cat \$TMPF2|wc -l\`; if [ "\$N" -ne 0 ]; the
n STR="\$STR emerg=\$N";echo "===== EMERGE++";cat \$TMPF2|cut -d ';' -f2;echo "=
===="; fi
- 07:02:21 [INFO] Host: 
- 07:02:21 [INFO] Target: 
- 07:02:21 [INFO] Host: cat \$TMPF|grep "^1">\$TMPF2; N=\`cat \$TMPF2|wc -l\`; if [ "\$N" -ne 0 ]; then STR="\$STR alert=\$N";echo "===== ALERT ==";cat \$TMPF2|cut -d ';' -f2;echo "====="; fi
- 07:02:21 [INFO] Target: 
cat \$TMPF|grep "^1">\$TMPF2; N=\`cat \$TMPF2|wc -l\`; if [ "\$N" -ne 0 ]; the
n STR="\$STR alert=\$N";echo "===== ALERT ==";cat \$TMPF2|cut -d ';' -f2;echo "=
===="; fi
- 07:02:21 [INFO] Host: 
- 07:02:21 [INFO] Target: 
- 07:02:21 [INFO] Host: cat \$TMPF|grep "^2">\$TMPF2; N=\`cat \$TMPF2|wc -l\`; if [ "\$N" -ne 0 ]; then STR="\$STR crit=\$N";echo "===== CRIT ==";cat \$TMPF2|cut -d ';' -f2;echo "====="; fi
- 07:02:21 [INFO] Target: 
cat \$TMPF|grep "^2">\$TMPF2; N=\`c
- 07:02:21 [INFO] Host: 
- 07:02:21 [INFO] Target: 
at \$TMPF2|wc -l\`; if [ "\$N" -ne 0 ]; the
n STR="\$STR crit=\$N";echo "===== CRIT ==";cat \$TMPF2|cut -d ';' -f2;echo "===
=="; fi
- 07:02:21 [INFO] Host: cat \$TMPF|grep "^3">\$TMPF2; N=\`cat \$TMPF2|wc -l\`; if [ "\$N" -ne 0 ]; then STR="\$STR err=\$N";echo "===== ERR ==";cat \$TMPF2|cut -d ';' -f2;echo "=====" ;fi
- 07:02:21 [INFO] Target: 
cat \$TMPF|grep "^3">\$TMPF2; N=\`cat \$TMPF2|wc -l\`; if [ "\$N" -ne 0 
- 07:02:21 [INFO] Host: 
- 07:02:21 [INFO] Target: 
]; the
n STR="\$STR err=\$N";echo "===== ERR ==";cat \$TMPF2|cut -d ';' -f2;echo "=====
" ;fi
- 07:02:21 [INFO] Host: cat \$TMPF|grep "^4">\$TMPF2; N=\`cat \$TMPF2|wc -l\`; if [ "\$N" -ne 0 ]; then STR="\$STR warn=\$N";echo "===== WARN ==";cat \$TMPF2|cut -d ';' -f2;echo "=====" ;fi
- 07:02:21 [INFO] Target: 
cat \$TMPF|grep "^4">\$TMPF2; N=\`cat \$TMPF2|wc -l\`; if [ "\$N" -ne 0 ]; the
n STR="\$STR warn=\$N";
- 07:02:21 [INFO] Host: 
- 07:02:21 [INFO] Target: 
echo "===== WARN ==";cat \$TMPF2|cut -d ';' -f2;echo "===
==" ;fi
- 07:02:21 [INFO] Host: rm \$TMPF \$TMPF2; echo "SUM""MARY RESULT: BOOT:" 'PASS: H''ello World' 'B''oard' "Booted" "Boot Log has::::\$STR:"
- 07:02:22 [INFO] Target: 
rm \$TMPF \$TMPF2; echo "SUM""MARY RESULT: BOOT:" 'PASS: H''ello World' 'B''oa
rd' "Booted" "Boot Log has::::\$STR:"
- 07:02:22 [INFO] Host: 
- 07:02:22 [INFO] Target: 
- 07:02:22 [INFO] Host: EOF
- 07:02:22 [INFO] Target: 
root@am3517-evm:/test# 
- 07:02:22 [INFO] Host: cd /test
- 07:02:22 [INFO] Target: 
cd /test
root@am3517-evm:/test# 
- 07:02:22 [INFO] Host: chmod +x test.sh
- 07:02:22 [INFO] Target: 
chmod +x test.sh
root@am3517-evm:/test# 
- 07:02:22 [INFO] Host: ./test.sh 2> stderr.log > stdout.log 3> result.log
- 07:02:28 [INFO] Target: 
./test.sh 2> stderr.log > stdout.log 3> result.log
root@am3517-evm:/test# 
- 07:02:28 [INFO] Host: echo $?
- 07:02:28 [INFO] Target: 
echo $?
root@am3517-evm:/test# 
- 07:02:28 [INFO] Host: cd /test
- 07:02:28 [INFO] Target: 
cd /test
root@am3517-evm:/test# 
- 07:02:28 [INFO] Host: cat stdout.log
- 07:02:30 [INFO] Target: 
cat stdout.log
cpuinfo:
processor	: 0
model name	: ARMv7 Processor rev 7 (v7l)
BogoMIPS	: 594.73
Features	: half thumb fastmult vfp edsp thumbee neon vfpv3 tls vfpd32 
CPU implementer	: 0x41
CPU architecture: 7
CPU variant	: 0x1
CPU part	: 0xc08
CPU revision	: 7
Hardware	: Generic AM3517 (Flattened Device Tree)
Revision	: 0000
Serial		: 0000000000000000
=======
soc info:
==> /sys/devices/soc0/family <==
OMAP3
==> /sys/devices/soc0/machine <==
AM3517
==> /sys/devices/soc0/power <==
==> /sys/devices/soc0/revision <==
ES1.1
==> /sys/devices/soc0/subsystem <==
==> /sys/devices/soc0/type <==
==> /sys/devices/soc0/uevent <==
=======
DT Model info
==> /proc/device-tree/name <==
==> /proc/device-tree/model <==
TI AM3517 EVM (AM3517/05 TMDSEVM3517)
==> /proc/device-tree/compatible <==
ti,am3517-evmti,am3517ti,omap3
=======
interrupts:
           CPU0       
 25:          0      INTC   9 Edge      l3-debug-irq
 26:          1      INTC  10 Edge      l3-app-irq
 28:          0      INTC  12 Edge      DMA
 29:       4236      INTC  13 Edge      omap-dma-engine
 36:          0      INTC  20 Edge      gpmc
 54:       4991      INTC  38 Edge      gp_timer
 72:          0      INTC  56 Edge      48070000.i2c
 73:          0      INTC  57 Edge      48072000.i2c
 77:          0      INTC  61 Edge      48060000.i2c
 83:          0      INTC  67 Edge      eth0
 84:         47      INTC  68 Edge      eth0
 85:         16      INTC  69 Edge      eth0
 86:          0      INTC  70 Edge      eth0
 90:       7673      INTC  74 Edge      OMAP UART2
 99:       6537      INTC  83 Edge      mmc0
IPI0:          0  CPU wakeup interrupts
IPI1:          0  Timer broadcast interrupts
IPI2:          0  Rescheduling interrupts
IPI3:          0  Function call interrupts
IPI4:          0  Single function call interrupts
IPI5:          0  CPU stop interrupts
IPI6:          0  IRQ work interrupts
IPI7:          0  completion interrupts
Err:          0
=======
Clk_summary:
   clock                         enable_cnt  prepare_cnt        rate   accuracy   phase
----------------------------------------------------------------------------------------
 pclk_ck                                  0            0    27000000          0 0  
    vpfe_fck                              0            0    27000000          0 0  
 rmii_ck                                  1            1    50000000          0 0  
    emac_fck                              2            2    50000000          0 0  
 secure_32k_fck                           0            1       32768          0 0  
    wdt1_fck                              0            0       32768          0 0  
    gpt12_fck                             0            1       32768          0 0  
 dummy_ck                                 0            0           0          0 0  
 mcbsp_clks                               0            5           0          0 0  
 sys_altclk                               0            0           0          0 0  
 virt_38_4m_ck                            0            0    38400000          0 0  
 virt_26000000_ck                         1            1    26000000          0 0  
    osc_sys_ck                            1            1    26000000          0 0  
       sys_clkout1                        0            0    26000000          0 0  
       sys_ck                             5           17    13000000          0 0  
          gpt9_fck                        0            1    13000000          0 0  
          gpt8_fck                        0            1    13000000          0 0  
          gpt7_fck                        0            1    13000000          0 0  
          gpt6_fck                        0            1    13000000          0 0  
          gpt5_fck                        0            1    13000000          0 0  
          gpt4_fck                        0            1    13000000          0 0  
          gpt3_fck                        0            1    13000000          0 0  
          gpt2_fck                        1            1    13000000          0 0  
          gpt1_fck                        1            1    13000000          0 0  
          hecc_ck                         0            0    13000000          0 0  
          hsotgusb_fck_am35xx             0            1    13000000          0 0  
          cpefuse_fck                     0            0    13000000          0 0  
          dpll5_ck                        0            1   120000000          0 0  
             dpll5_m2_ck                  0            1   120000000          0 0  
                usbhost_120m_fck           0            0   120000000          0 0  
                usbtll_fck                0            1   120000000          0 0  
          traceclk_src_fck                0            0    13000000          0 0  
             traceclk_fck                 0            0    13000000          0 0  
          emu_src_mux_ck                  0            1    13000000          0 0  
             emu_src_ck                   0            1    13000000          0 0  
                atclk_fck                 0            0    13000000          0 0  
                pclkx2_fck                0            0    13000000          0 0  
                pclk_fck                  0            0     6500000          0 0  
          dss2_alwon_fck                  0            2    13000000          0 0  
          dpll1_ck                        0            1   600000000          0 0  
             dpll1_x2_ck                  0            1  1200000000          0 0  
                dpll1_x2m2_ck             0            1  1200000000          0 0  
                   mpu_ck                 0            1  1200000000          0 0  
                      emu_mpu_alwon_ck           0            0  1200000000          0 0  
                      arm_fck             0            1   600000000          0 0  
          dpll3_ck                        1            1   332000000          0 0  
             dpll3_x2_ck                  0            0   664000000          0 0  
             dpll3_m2_ck                  1            1   332000000          0 0  
                dpll3_m2x2_ck             0            0   664000000          0 0  
                   corex2_fck             0            0   664000000          0 0  
                      corex2_d5_fck           0            0   132800000          0 0  
                      corex2_d3_fck           0            0   221333333          0 0  
                core_ck                   1            1   332000000          0 0  
                   core_d2_ck             0            0   166000000          0 0  
                   core_d6_ck             0            0    55333333          0 0  
                      sgx_fck             0            0    55333333          0 0  
                   core_d4_ck             0            0    83000000          0 0  
                   core_d3_ck             0            0   110666666          0 0  
                   l3_ick                 2            2   166000000          0 0  
                      sgx_ick             0            0   166000000          0 0  
                      core_l3_ick           6            7   166000000          0 0  
                         ipss_ick           2            2   166000000          0 0  
                            hsotgusb_ick_am35xx           2            2   166000000          0 0  
                            vpfe_ick           0            0   166000000          0 0  
                            emac_ick           2            2   166000000          0 0  
                         gpmc_fck           2            2   166000000          0 0  
                         sdrc_ick           1            1   166000000          0 0  
                      l4_ick              4            4    83000000          0 0  
                         usbhost_ick           1            1    83000000          0 0  
                         dss_ick_3430es2           4            6    83000000          0 0  
                         per_l4_ick          13           18    83000000          0 0  
                            mcbsp4_ick           1            1    83000000          0 0  
                            mcbsp3_ick           2            2    83000000          0 0  
                            mcbsp2_ick           2            2    83000000          0 0  
                            gpt2_ick           1            1    83000000          0 0  
                            gpt3_ick           1            1    83000000          0 0  
                            gpt4_ick           1            1    83000000          0 0  
                            gpt5_ick           1            1    83000000          0 0  
                            gpt6_ick           1            1    83000000          0 0  
                            gpt7_ick           1            1    83000000          0 0  
                            gpt8_ick           1            1    83000000          0 0  
                            gpt9_ick           1            1    83000000          0 0  
                            uart4_ick           1            1    83000000          0 0  
                            uart3_ick           1            1    83000000          0 0  
                            wdt3_ick           0            0    83000000          0 0  
                            gpio2_ick           0            1    83000000          0 0  
                            gpio3_ick           0            1    83000000          0 0  
                            gpio4_ick           0            1    83000000          0 0  
                            gpio5_ick           0            1    83000000          0 0  
                            gpio6_ick           0            1    83000000          0 0  
                         core_l4_ick          19           20    83000000          0 0  
                            mmchs3_ick           1            1    83000000          0 0  
                            usbtll_ick           1            1    83000000          0 0  
                            uart4_ick_am35xx           0            0    83000000          0 0  
                            sha12_ick           0            0    83000000          0 0  
                            aes2_ick           0            0    83000000          0 0  
                            omapctrl_ick           1            1    83000000          0 0  
                            mcbsp1_ick           1            1    83000000          0 0  
                            mcbsp5_ick           1            1    83000000          0 0  
                            gpt10_ick           1            1    83000000          0 0  
                            gpt11_ick           1            1    83000000          0 0  
                            uart1_ick           1            1    83000000          0 0  
                            uart2_ick           1            1    83000000          0 0  
                            i2c1_ick           1            1    83000000          0 0  
                            i2c2_ick           1            1    83000000          0 0  
                            i2c3_ick           1            1    83000000          0 0  
                            mcspi1_ick           1            1    83000000          0 0  
                            mcspi2_ick           1            1    83000000          0 0  
                            mcspi3_ick           1            1    83000000          0 0  
                            mcspi4_ick           1            1    83000000          0 0  
                            hdq_ick           0            1    83000000          0 0  
                            mmchs1_ick           1            1    83000000          0 0  
                            mmchs2_ick           1            1    83000000          0 0  
                         rm_ick           0            0    41500000          0 0  
                   dpll1_fck              0            0   166000000          0 0  
             dpll3_m3_ck                  0            0   166000000          0 0  
                dpll3_m3x2_mul_ck           0            0   332000000          0 0  
                   dpll3_m3x2_ck           0            0   332000000          0 0  
                      emu_core_alwon_ck           0            0   332000000          0 0  
          dpll4_ck                        1            3   432000000          0 0  
             dpll4_x2_ck                  0            0   864000000          0 0  
             dpll4_m6_ck                  0            0   144000000          0 0  
                dpll4_m6x2_mul_ck           0            0   288000000          0 0  
                   dpll4_m6x2_ck           0            0   288000000          0 0  
                      emu_per_alwon_ck           0            0   288000000          0 0  
             dpll4_m5_ck                  0            0   108000000          0 0  
                dpll4_m5x2_mul_ck           0            0   216000000          0 0  
                   dpll4_m5x2_ck           0            0   216000000          0 0  
             dpll4_m4_ck                  0            1   216000000          0 0  
                dpll4_m4x2_mul_ck           0            1   432000000          0 0  
                   dpll4_m4x2_ck           0            1   432000000          0 0  
                      dss1_alwon_fck_3430es2           0            4   432000000          0 0  
             dpll4_m3_ck                  0            1    27000000          0 0  
                dpll4_m3x2_mul_ck           0            1    54000000          0 0  
                   dpll4_m3x2_ck           0            1    54000000          0 0  
                      omap_54m_fck           0            1    54000000          0 0  
                         clkout2_src_ck           0            0    54000000          0 0  
                            sys_clkout2           0            0    54000000          0 0  
                         dss_tv_fck           0            2    54000000          0 0  
             dpll4_m2_ck                  1            1    48000000          0 0  
                dpll4_m2x2_mul_ck           1            1    96000000          0 0  
                   dpll4_m2x2_ck           1            1    96000000          0 0  
                      omap_192m_alwon_fck           0            0    96000000          0 0  
                      omap_96m_alwon_fck           1            2    96000000          0 0  
                         per_96m_fck           0            6    96000000          0 0  
                            mcbsp4_fck           0            1    96000000          0 0  
                            mcbsp3_fck           0            2    96000000          0 0  
                            mcbsp2_fck           0            2    96000000          0 0  
                         cm_96m_fck           1            2    96000000          0 0  
                            cm_96m_d2_fck           1            1    48000000          0 0  
                               omap_48m_fck           2            4    48000000          0 0  
                                  usbhost_48m_fck           0            1    48000000          0 0  
                                  per_48m_fck           1            1    48000000          0 0  
                                     uart3_fck           1            1    48000000          0 0  
                                  core_48m_fck           2            7    48000000          0 0  
                                     uart4_fck_am35xx           0            1    48000000          0 0  
                                     uart1_fck           1            2    48000000          0 0  
                                     uart2_fck           1            1    48000000          0 0  
                                     mcspi1_fck           0            1    48000000          0 0  
                                     mcspi2_fck           0            1    48000000          0 0  
                                     mcspi3_fck           0            1    48000000          0 0  
                                     mcspi4_fck           0            1    48000000          0 0  
                                  omap_12m_fck           0            1    12000000          0 0  
                                     core_12m_fck           0            1    12000000          0 0  
                                        hdq_fck             0            1    12000000          0 0  
                            omap_96m_fck           0            2    96000000          0 0  
                               dss_96m_fck           0            2    96000000          0 0  
                               core_96m_fck           0           10    96000000          0 0  
                                  mcbsp1_fck           0            1    96000000          0 0  
                                  mcbsp5_fck           0            1    96000000          0 0  
                                  mmchs3_fck           0            1    96000000          0 0  
                                  i2c1_fck           0            1    96000000          0 0  
                                  i2c2_fck           0            1    96000000          0 0  
                                  i2c3_fck           0            1    96000000          0 0  
                                  mmchs1_fck           0            1    96000000          0 0  
                                  mmchs2_fck           0            1    96000000          0 0  
          wkup_l4_ick                     4            5    13000000          0 0  
             gpt1_ick                     1            1    13000000          0 0  
             gpt12_ick                    1            1    13000000          0 0  
             omap_32ksync_ick             1            1    13000000          0 0  
             gpio1_ick                    0            1    13000000          0 0  
             wdt1_ick                     0            0    13000000          0 0  
             wdt2_ick                     1            1    13000000          0 0  
 virt_19200000_ck                         0            0    19200000          0 0  
 virt_13m_ck                              0            0    13000000          0 0  
 virt_12m_ck                              0            0    12000000          0 0  
 omap_32k_fck                             0            7       32768          0 0  
    gpt11_fck                             0            1       32768          0 0  
    gpt10_fck                             0            1       32768          0 0  
    ts_fck                                0            0       32768          0 0  
    per_32k_alwon_fck                     0            5       32768          0 0  
       wdt3_fck                           0            0       32768          0 0  
       gpio2_dbck                         0            1       32768          0 0  
       gpio3_dbck                         0            1       32768          0 0  
       gpio4_dbck                         0            1       32768          0 0  
       gpio5_dbck                         0            1       32768          0 0  
       gpio6_dbck                         0            1       32768          0 0  
    wkup_32k_fck                          0            3       32768          0 0  
       wdt2_fck                           0            1       32768          0 0  
       gpio1_dbck                         0            1       32768          0 0  
 dummy_apb_pclk                           0            0           0          0 0  
 virt_16_8m_ck                            0            0    16800000          0 0  
=======
Available frequencies
=======
===== ERR ==
Address Hole seen by USB_OTG  at address dc0f9c0c
platform 480c5000.aes: Cannot lookup hwmod 'aes'
platform 480c3000.sham: Cannot lookup hwmod 'sham'
platform 480cb000.smartreflex: Cannot lookup hwmod 'smartreflex_core'
platform 480ab000.usb_otg_hs: Cannot lookup hwmod 'usb_otg_hs'
mtdoops: mtd device (mtddev=name/number) must be supplied
omap2_set_init_voltage: unable to find boot up OPP for vdd_mpu_iva
omap2_set_init_voltage: unable to set vdd_mpu_iva
omap2_set_init_voltage: unable to find boot up OPP for vdd_core
omap2_set_init_voltage: unable to set vdd_core
pm: Failed to request pm_wkup irq
sr_init: platform driver register failed for SR
=====
===== WARN ==
Lock dependency validator: Copyright (c) 2006 Red Hat, Inc., Ingo Molnar
... MAX_LOCKDEP_SUBCLASSES:  8
... MAX_LOCK_DEPTH:          48
... MAX_LOCKDEP_KEYS:        8191
... CLASSHASH_SIZE:          4096
... MAX_LOCKDEP_ENTRIES:     32768
... MAX_LOCKDEP_CHAINS:      65536
... CHAINHASH_SIZE:          32768
 memory used by lock dependency info: 5167 kB
 per task-struct memory footprint: 1536 bytes
omap_hwmod: mcbsp2_sidetone using broken dt data from mcbsp
omap_hwmod: mcbsp3_sidetone using broken dt data from mcbsp
------------[ cut here ]------------
WARNING: CPU: 0 PID: 1 at drivers/bus/omap_l3_smx.c:166 omap3_l3_app_irq+0x100/0x128()
Modules linked in:
CPU: 0 PID: 1 Comm: swapper/0 Not tainted 4.2.0-rc7-next-20150819-00002-g79c1fc743cdd #1
Hardware name: Generic AM3517 (Flattened Device Tree)
[<c0016644>] (unwind_backtrace) from [<c0012a64>] (show_stack+0x10/0x14)
[<c0012a64>] (show_stack) from [<c0628124>] (dump_stack+0x78/0x94)
[<c0628124>] (dump_stack) from [<c003cb38>] (warn_slowpath_common+0x7c/0xb4)
[<c003cb38>] (warn_slowpath_common) from [<c003cb8c>] (warn_slowpath_null+0x1c/0x24)
[<c003cb8c>] (warn_slowpath_null) from [<c0367d70>] (omap3_l3_app_irq+0x100/0x128)
[<c0367d70>] (omap3_l3_app_irq) from [<c009888c>] (handle_irq_event_percpu+0x68/0x22c)
[<c009888c>] (handle_irq_event_percpu) from [<c0098a90>] (handle_irq_event+0x40/0x64)
[<c0098a90>] (handle_irq_event) from [<c009ba28>] (handle_level_irq+0xc0/0x150)
[<c009ba28>] (handle_level_irq) from [<c0098130>] (generic_handle_irq+0x20/0x30)
[<c0098130>] (generic_handle_irq) from [<c0098244>] (__handle_domain_irq+0x64/0xd8)
[<c0098244>] (__handle_domain_irq) from [<c062efe4>] (__irq_svc+0x44/0x5c)
[<c062efe4>] (__irq_svc) from [<c062eb78>] (_raw_spin_unlock_irqrestore+0x34/0x44)
[<c062eb78>] (_raw_spin_unlock_irqrestore) from [<c009a368>] (__setup_irq+0x2f4/0x4e4)
[<c009a368>] (__setup_irq) from [<c009a62c>] (request_threaded_irq+0xd4/0x15c)
[<c009a62c>] (request_threaded_irq) from [<c0367c00>] (omap3_l3_probe+0xec/0x15c)
[<c0367c00>] (omap3_l3_probe) from [<c03d0afc>] (platform_drv_probe+0x48/0x98)
[<c03d0afc>] (platform_drv_probe) from [<c03cf468>] (driver_probe_device+0x1e0/0x29c)
[<c03cf468>] (driver_probe_device) from [<c03cdc4c>] (bus_for_each_drv+0x5c/0x88)
[<c03cdc4c>] (bus_for_each_drv) from [<c03cf204>] (__device_attach+0xa4/0x104)
[<c03cf204>] (__device_attach) from [<c03ce958>] (bus_probe_device+0x88/0x90)
[<c03ce958>] (bus_probe_device) from [<c03cce60>] (device_add+0x324/0x520)
[<c03cce60>] (device_add) from [<c04c0d50>] (of_platform_device_create_pdata+0x88/0xc0)
[<c04c0d50>] (of_platform_device_create_pdata) from [<c04c0e64>] (of_platform_bus_create+0xdc/0x190)
[<c04c0e64>] (of_platform_bus_create) from [<c04c0f78>] (of_platform_populate+0x60/0xa8)
[<c04c0f78>] (of_platform_populate) from [<c08a38bc>] (pdata_quirks_init+0x34/0x44)
[<c08a38bc>] (pdata_quirks_init) from [<c08a3504>] (omap_generic_init+0x10/0x1c)
[<c08a3504>] (omap_generic_init) from [<c08938b8>] (customize_machine+0x1c/0x40)
[<c08938b8>] (customize_machine) from [<c0009764>] (do_one_initcall+0x80/0x1d8)
[<c0009764>] (do_one_initcall) from [<c0890ea0>] (kernel_init_freeable+0x208/0x2e4)
[<c0890ea0>] (kernel_init_freeable) from [<c06222a4>] (kernel_init+0x8/0xe4)
[<c06222a4>] (kernel_init) from [<c000f518>] (ret_from_fork+0x14/0x3c)
---[ end trace 575e63be4d0eb67a ]---
gpmc_mem_init: disabling cs 0 mapped at 0x0-0x1000000
omap4_sram_init:Unable to allocate sram needed to handle errata I688
omap4_sram_init:Unable to get sram pool needed to handle errata I688
lo uses DEPRECATED zero tx_queue_len - convert driver to use IFF_NO_QUEUE instead.
sit0 uses DEPRECATED zero tx_queue_len - convert driver to use IFF_NO_QUEUE instead.
PM: no software I/O chain control
sr_init: No PMIC hook to init smartreflex
davinci_mdio davinci_mdio.0: resetting idled controller
mmc0: host does not support reading read-only switch, assuming write-enable
IP-Config: Got DHCP answer from 10.218.102.3, my address is 10.218.102.219
, nameserver1=192.0.2.3
EXT4-fs (mmcblk0p2): warning: maximal mount count reached, running e2fsck is recommended
udevd (107): /proc/107/oom_adj is deprecated, please use /proc/107/oom_score_adj instead.
EXT4-fs (mmcblk0p3): warning: maximal mount count reached, running e2fsck is recommended
FAT-fs (mmcblk0p1): Volume was not properly unmounted. Some data may be corrupt. Please run fsck.
alignment: ignoring faults is unsafe on this CPU.  Defaulting to fixup mode.
=====
SUMMARY RESULT: BOOT: PASS: Hello World Board Booted Boot Log has:::: err=12 warn=65:
root@am3517-evm:/test# 
- 07:02:30 [INFO] Host: cat stderr.log
- 07:02:30 [INFO] Target: 
cat stderr.log
root@am3517-evm:/test# 
- 07:02:30 [INFO] Host: cat result.log
- 07:02:32 [ERROR] On command: cat result.log waiting for cat result.log.+?(?m-ix:^1[\0\n\r]+) >>> error: execution expired
- 07:02:32 [INFO] Target: 
cat result.log
root@am3517-evm:/test# 
- 07:02:32 [INFO] Host: cd /test
- 07:02:32 [INFO] Target: 
cd /test
root@am3517-evm:/test# 
URL:gtsystest.telogy.design.ti.com/vatf/tigt-0001-desktop/tigt-0001-desktop_vatf@am3517-evm/tigt-0001-desktop08_20_2015_07_00_31/files/session_iteration_1/test_1
