- 00:31:02 [INFO] Starting target session
- 00:31:02 [INFO] Connected to am3517-evm via serial 
- 00:31:02 [INFO] Host: #check prompt
- 00:31:05 [ERROR] On command: #check prompt waiting for #check prompt.+?(?-mix:((?-mix:.*\s+login)|[Pp]assword)) >>> error: execution expired
- 00:31:05 [INFO] Target: 
#check prompt
AM3517_EVM # 
- 00:31:05 [INFO] Host: #check prompt
- 00:31:07 [ERROR] On command: #check prompt waiting for #check prompt.+?(?m-ix:root.*#) >>> error: execution expired
- 00:31:07 [INFO] Target: 
#check prompt
AM3517_EVM # 
- 00:31:07 [INFO] Host: #check prompt
- 00:31:09 [ERROR] On command: #check prompt waiting for #check prompt.+?(?m-ix:root.*#) >>> error: execution expired
- 00:31:09 [INFO] Target: 
#check prompt
AM3517_EVM # 
- 00:31:09 [INFO] Host: #check prompt
- 00:31:11 [ERROR] On command: #check prompt waiting for #check prompt.+?(?m-ix:root.*#) >>> error: execution expired
- 00:31:11 [INFO] Target: 
#check prompt
AM3517_EVM # 
- 00:31:11 [INFO] Disconnected serial from am3517-evm
- 00:31:54 [INFO] Connected to am3517-evm via serial 
- 00:31:54 [INFO] Host: 
- 00:32:00 [INFO] Target: 
tm1`  @ @ @
U-Boot SPL 2011.09-00000-gb71d291 (Apr 05 2013 - 03:00:48)
Texas Instruments Revision detection unimplemented
OMAP SD/MMC: 0
reading u-boot.img
reading u-boot.img
U-Boot 2011.09-00000-gb71d291 (Apr 05 2013 - 03:00:48)
AM35XX-GP ES2.0, CPU-OPP2, L3-165MHz, Max CPU Clock 600 Mhz
AM3517EVM Board + LPDDR/NAND
I2C:   ready
DRAM:  256 MiB
WARNING: Caches not enabled
NAND:  HW ECC [Kernel/FS layout] selected
512 MiB
MMC:   OMAP SD/MMC: 0
*** Warning - bad CRC, using default environment
In:    serial
Out:   serial
Err:   serial
Die ID #1abc000100000000015da3960f00d01f
Net:   Ethernet PHY: GENERIC @ 0x00
DaVinci-EMAC
Hit any key to stop autoboot:  3  0 
AM3517_EVM # 
AM3517_EVM # 
AM3517_EVM # 
AM3517_EVM # 
AM3517_EVM # 
AM3517_EVM # 
AM3517_EVM # 
AM3517_EVM # 
AM3517_EVM # 
AM3517_EVM # 
AM3517_EVM # 
AM3517_EVM # 
AM3517_EVM # 
AM3517_EVM # 
AM3517_EVM # 
AM3517_EVM # 
AM3517_EVM # 
AM3517_EVM # 
AM3517_EVM # 
AM3517_EVM # 
AM3517_EVM # 
AM3517_EVM # 
AM3517_EVM # 
AM3517_EVM # 
AM3517_EVM # 
AM3517_EVM # 
AM3517_EVM # 
AM3517_EVM # 
AM3517_EVM # 
AM3517_EVM # 
AM3517_EVM # 
AM3517_EVM # 
AM3517_EVM # 
AM3517_EVM # 
AM3517_EVM # 
AM3517_EVM # 
AM3517_EVM # 
AM3517_EVM # 
AM3517_EVM # 
AM3517_EVM # 
- 00:32:00 [INFO] Host: 
- 00:32:01 [INFO] Target: 
17_EVM # 
AM3517_EVM # 
AM3517_EVM # 
- 00:32:01 [INFO] Host: version
- 00:32:01 [INFO] Target: 
version
U-Boot 2011.09-00000-gb71d291 (Apr 05 2013 - 03:00:48)
arm-arago-linux-gnueabi-gcc (GCC) 4.5.3 20110311 (prerelease)
GNU ld (GNU Binutils) 2.20.1.20100303
AM3517_EVM # 
- 00:32:01 [INFO] Host: setenv bootargs 'console=ttyO2,115200n8 debug ignore_loglevel earlyprintk root=/dev/mmcblk0p2 rootwait nohlt '
- 00:32:01 [INFO] Target: 
setenv bootargs 'console=ttyO2,115200n8 debug ignore_loglevel earlyprintk root=/dev/mmcblk0p2 rootwait nohlt '
AM3517_EVM # 
- 00:32:01 [INFO] Host: setenv bootcmd  ''
- 00:32:01 [INFO] Target: 
setenv bootcmd  ''
AM3517_EVM # 
- 00:32:01 [INFO] Host: setenv autoload 'no'
- 00:32:01 [INFO] Target: 
setenv autoload 'no'
AM3517_EVM # 
- 00:32:01 [INFO] Host: setenv serverip '192.168.1.254'
- 00:32:01 [INFO] Target: 
setenv serverip '192.168.1.254'
AM3517_EVM # 
- 00:32:01 [INFO] Host: printenv
- 00:32:01 [INFO] Target: 
printenv
autoload=no
baudrate=115200
bootargs=console=ttyO2,115200n8 debug ignore_loglevel earlyprintk root=/dev/mmcblk0p2 rootwait nohlt 
bootargs_defaults=setenv bootargs console=${console} ${optargs}
bootcmd=
bootdelay=3
bootenv=uEnv.txt
bootfile="uImage"
bootscript=echo Running bootscript from mmc ...; source ${loadaddr}
console=ttyO2,115200n8
dieid#=1abc000100000000015da3960f00d01f
ethact=DaVinci-EMAC
ethaddr=08:00:28:0f:49:cb
importbootenv=echo Importing environment from mmc ...; env import -t $loadaddr $filesize
kloadaddr=0x80007fc0
loadaddr=0x82000000
loadbootenv=fatload mmc ${mmc_dev} ${loadaddr} ${bootenv}
loadbootscript=fatload mmc ${mmcdev} ${loadaddr} boot.scr
loaduimage=fatload mmc ${mmcdev} ${kloadaddr} uImage
mmcargs=run bootargs_defaults; setenv bootargs ${bootargs} root=/dev/mmcblk0p2 rw rootfstype=ext3 rootwait
mmcboot=echo Booting from mmc ...; run mmcargs; bootm ${kloadaddr}; 
mmcdev=0
nandargs=run bootargs_defaults; setenv bootargs ${bootargs} root=/dev/mtdblock4 rw rootfstype=jffs2
nandboot=echo Booting from nand ...; run nandargs; nand read ${kloadaddr} 280000 400000; bootm ${kloadaddr}; 
serverip=192.168.1.254
stderr=serial
stdin=serial
stdout=serial
Environment size: 1242/131068 bytes
AM3517_EVM # 
- 00:32:01 [INFO] Host: printenv
- 00:32:01 [INFO] Target: 
printenv
autoload=no
baudrate=115200
bootargs=console=ttyO2,115200n8 debug ignore_loglevel earlyprintk root=/dev/mmcblk0p2 rootwait nohlt 
bootargs_defaults=setenv bootargs console=${console} ${optargs}
bootcmd=
bootdelay=3
bootenv=uEnv.txt
bootfile="uImage"
bootscript=echo Running bootscript from mmc ...; source ${loadaddr}
console=ttyO2,115200n8
dieid#=1abc000100000000015da3960f00d01f
ethact=DaVinci-EMAC
ethaddr=08:00:28:0f:49:cb
importbootenv=echo Importing environment from mmc ...; env import -t $loadaddr $filesize
kloadaddr=0x80007fc0
loadaddr=0x82000000
loadbootenv=fatload mmc ${mmc_dev} ${loadaddr} ${bootenv}
loadbootscript=fatload mmc ${mmcdev} ${loadaddr} boot.scr
loaduimage=fatload mmc ${mmcdev} ${kloadaddr} uImage
mmcargs=run bootargs_defaults; setenv bootargs ${bootargs} root=/dev/mmcblk0p2 rw rootfstype=ext3 rootwait
mmcboot=echo Booting from mmc ...; run mmcargs; bootm ${kloadaddr}; 
mmcdev=0
nandargs=run bootargs_defaults; setenv bootargs ${bootargs} root=/dev/mtdblock4 rw rootfstype=jffs2
nandboot=echo Booting from nand ...; run nandargs; nand read ${kloadaddr} 280000 400000; bootm ${kloadaddr}; 
serverip=192.168.1.254
stderr=serial
stdin=serial
stdout=serial
Environment size: 1242/131068 bytes
AM3517_EVM # 
- 00:32:01 [INFO] Host: setenv bootargs ''${bootargs}' ip=:::::eth0:dhcp '
- 00:32:02 [INFO] Target: 
setenv bootargs ''${bootargs}' ip=:::::eth0:dhcp '
AM3517_EVM # 
- 00:32:02 [INFO] Host: setenv serverip '192.168.1.254'
- 00:32:02 [INFO] Target: 
setenv serverip '192.168.1.254'
AM3517_EVM # 
- 00:32:02 [INFO] Host: setenv autoload 'no'
- 00:32:02 [INFO] Target: 
setenv autoload 'no'
AM3517_EVM # 
- 00:32:02 [INFO] Host: dhcp
- 00:32:03 [INFO] Target: 
dhcp
BOOTP broadcast 1
DHCP client bound to address 192.168.1.184
AM3517_EVM # 
- 00:32:03 [INFO] Host: tftp ${loadaddr} 192.168.1.254:vatf_am3517-evm/0d269c56475ce65c6e9120bcd22a08ba
- 00:32:06 [INFO] Target: 
tftp ${loadaddr} 192.168.1.254:vatf_am3517-evm/0d269c56475ce65c6e9120bcd22a08ba
Using DaVinci-EMAC device
TFTP from server 192.168.1.254; our IP address is 192.168.1.184
Filename 'vatf_am3517-evm/0d269c56475ce65c6e9120bcd22a08ba'.
Load address: 0x82000000
Loading: *#################################################################
	 #################################################################
	 #################################################################
	 ######################################################
done
Bytes transferred = 3651885 (37b92d hex)
AM3517_EVM # 
- 00:32:06 [INFO] Host: ls mmc 0:1
- 00:32:06 [INFO] Target: 
ls mmc 0:1
ls - list files in a directory (default /)
Usage:
ls [ directory ]
AM3517_EVM # 
- 00:32:06 [INFO] Host: ls mmc 0:2
- 00:32:06 [INFO] Target: 
ls mmc 0:2
ls - list files in a directory (default /)
Usage:
ls [ directory ]
AM3517_EVM # 
- 00:32:06 [INFO] Host: ls mmc 0:3
- 00:32:06 [INFO] Target: 
ls mmc 0:3
ls - list files in a directory (default /)
Usage:
ls [ directory ]
AM3517_EVM # 
- 00:32:06 [INFO] Host: ls mmc 0:4
- 00:32:06 [INFO] Target: 
ls mmc 0:4
ls - list files in a directory (default /)
Usage:
ls [ directory ]
AM3517_EVM # 
- 00:32:06 [INFO] Host: ls mmc 0:5
- 00:32:06 [INFO] Target: 
ls mmc 0:5
ls - list files in a directory (default /)
Usage:
ls [ directory ]
AM3517_EVM # 
- 00:32:06 [INFO] Host: part uuid mmc 0:
- 00:32:06 [INFO] Target: 
part uuid mmc 0:
Unknown command 'part' - try 'help'
AM3517_EVM # 
- 00:32:06 [INFO] Host: printenv
- 00:32:07 [INFO] Target: 
printenv
autoload=no
baudrate=115200
bootargs=console=ttyO2,115200n8 debug ignore_loglevel earlyprintk root=/dev/mmcblk0p2 rootwait nohlt ip=:::::eth0:dhcp
bootargs_defaults=setenv bootargs console=${console} ${optargs}
bootcmd=
bootdelay=3
bootenv=uEnv.txt
bootfile=uImage
bootscript=echo Running bootscript from mmc ...; source ${loadaddr}
console=ttyO2,115200n8
dieid#=1abc000100000000015da3960f00d01f
dnsip=192.0.2.2
dnsip2=192.0.2.3
ethact=DaVinci-EMAC
ethaddr=08:00:28:0f:49:cb
fileaddr=82000000
filesize=37B92D
importbootenv=echo Importing environment from mmc ...; env import -t $loadaddr $filesize
ipaddr=192.168.1.184
kloadaddr=0x80007fc0
loadaddr=0x82000000
loadbootenv=fatload mmc ${mmc_dev} ${loadaddr} ${bootenv}
loadbootscript=fatload mmc ${mmcdev} ${loadaddr} boot.scr
loaduimage=fatload mmc ${mmcdev} ${kloadaddr} uImage
mmcargs=run bootargs_defaults; setenv bootargs ${bootargs} root=/dev/mmcblk0p2 rw rootfstype=ext3 rootwait
mmcboot=echo Booting from mmc ...; run mmcargs; bootm ${kloadaddr}; 
mmcdev=0
nandargs=run bootargs_defaults; setenv bootargs ${bootargs} root=/dev/mtdblock4 rw rootfstype=jffs2
nandboot=echo Booting from nand ...; run nandargs; nand read ${kloadaddr} 280000 400000; bootm ${kloadaddr}; 
netmask=255.255.255.0
serverip=192.168.1.254
stderr=serial
stdin=serial
stdout=serial
Environment size: 1379/131068 bytes
AM3517_EVM # 
- 00:32:07 [INFO] Host: setenv bootargs ''${bootargs}' root=/dev/mmcblk0p2 rw rootfstype=ext3 rootwait '
- 00:32:07 [INFO] Target: 
setenv bootargs ''${bootargs}' root=/dev/mmcblk0p2 rw rootfstype=ext3 rootwait '
AM3517_EVM # 
- 00:32:07 [INFO] Host: printenv
- 00:32:07 [INFO] Target: 
printenv
autoload=no
baudrate=115200
bootargs=console=ttyO2,115200n8 debug ignore_loglevel earlyprintk root=/dev/mmcblk0p2 rootwait nohlt ip=:::::eth0:dhcp root=/dev/mmcblk0p2 rw rootfstype=ext3 rootwait
bootargs_defaults=setenv bootargs console=${console} ${optargs}
bootcmd=
bootdelay=3
bootenv=uEnv.txt
bootfile=uImage
bootscript=echo Running bootscript from mmc ...; source ${loadaddr}
console=ttyO2,115200n8
dieid#=1abc000100000000015da3960f00d01f
dnsip=192.0.2.2
dnsip2=192.0.2.3
ethact=DaVinci-EMAC
ethaddr=08:00:28:0f:49:cb
fileaddr=82000000
filesize=37B92D
importbootenv=echo Importing environment from mmc ...; env import -t $loadaddr $filesize
ipaddr=192.168.1.184
kloadaddr=0x80007fc0
loadaddr=0x82000000
loadbootenv=fatload mmc ${mmc_dev} ${loadaddr} ${bootenv}
loadbootscript=fatload mmc ${mmcdev} ${loadaddr} boot.scr
loaduimage=fatload mmc ${mmcdev} ${kloadaddr} uImage
mmcargs=run bootargs_defaults; setenv bootargs ${bootargs} root=/dev/mmcblk0p2 rw rootfstype=ext3 rootwait
mmcboot=echo Booting from mmc ...; run mmcargs; bootm ${kloadaddr}; 
mmcdev=0
nandargs=run bootargs_defaults; setenv bootargs ${bootargs} root=/dev/mtdblock4 rw rootfstype=jffs2
nandboot=echo Booting from nand ...; run nandargs; nand read ${kloadaddr} 280000 400000; bootm ${kloadaddr}; 
netmask=255.255.255.0
serverip=192.168.1.254
stderr=serial
stdin=serial
stdout=serial
Environment size: 1427/131068 bytes
AM3517_EVM # 
- 00:32:07 [INFO] Host: setenv bootcmd ''${bootcmd}' if iminfo ${loadaddr}; then bootm ${loadaddr}  ; else bootz ${loadaddr}  ; bootm ${loadaddr}  ; fi'
- 00:32:07 [INFO] Target: 
setenv bootcmd ''${bootcmd}' if iminfo ${loadaddr}; then bootm ${loadaddr}  ; else bootz ${loadaddr}  ; bootm ${loadaddr}  ; fi'
AM3517_EVM # 
- 00:32:07 [INFO] Host: version
- 00:32:07 [INFO] Target: 
version
U-Boot 2011.09-00000-gb71d291 (Apr 05 2013 - 03:00:48)
arm-arago-linux-gnueabi-gcc (GCC) 4.5.3 20110311 (prerelease)
GNU ld (GNU Binutils) 2.20.1.20100303
AM3517_EVM # 
- 00:32:07 [INFO] Host: bdinfo
- 00:32:07 [INFO] Target: 
bdinfo
arch_number = 0x00000898
boot_params = 0x80000100
DRAM bank   = 0x00000000
-> start    = 0x80000000
-> size     = 0x10000000
DRAM bank   = 0x00000001
-> start    = 0x80000000
-> size     = 0x00000000
ethaddr     = 08:00:28:0f:49:cb
ip_addr     = 192.168.1.184
baudrate    = 115200 bps
TLB addr    = 0x8FFF0000
relocaddr   = 0x8FF71000
reloc off   = 0x0FE71000
irq_sp      = 0x8FF30F68
sp start    = 0x8FF30F58
FB base     = 0x00000000
AM3517_EVM # 
- 00:32:07 [INFO] Host: mmc rescan; echo $?
- 00:32:07 [INFO] Target: 
mmc rescan; echo $?
AM3517_EVM # 
- 00:32:07 [INFO] Host: fatwrite mmc ${mmcdev}:1 ${loadaddr} ws-calibrate.rules 4
- 00:32:07 [INFO] Target: 
fatwrite mmc ${mmcdev}:1 ${loadaddr} ws-calibrate.rules 4
Unknown command 'fatwrite' - try 'help'
AM3517_EVM # 
- 00:32:07 [INFO] Host: boot
- 00:32:44 [INFO] Target: 
boot
Unknown command 'iminfo' - try 'help'
Unknown command 'bootz' - try 'help'
## Booting kernel from Legacy Image at 82000000 ...
   Image Name:   Linux-4.4.0-00002-gc9839de9836d
   Image Type:   ARM Linux Kernel Image (uncompressed)
   Data Size:    3651821 Bytes = 3.5 MiB
   Load Address: 81000000
   Entry Point:  81000000
   Verifying Checksum ... OK
   Loading Kernel Image ... OK
Starting kernel ...
[    0.000000] Booting Linux on physical CPU 0x0
[    0.000000] Initializing cgroup subsys cpuset
[    0.000000] Initializing cgroup subsys cpu
[    0.000000] Initializing cgroup subsys cpuacct
[    0.000000] Linux version 4.4.0-00002-gc9839de9836d (nmenon@horus) (gcc version 4.9.3 20150413 (prerelease) (Linaro GCC 4.9-2015.05) ) #1 SMP Mon Jan 11 00:27:52 CST 2016
[    0.000000] CPU: ARMv7 Processor [411fc087] revision 7 (ARMv7), cr=10c5387d
[    0.000000] CPU: PIPT / VIPT nonaliasing data cache, VIPT nonaliasing instruction cache
[    0.000000] Machine model: TI AM3517 EVM (AM3517/05 TMDSEVM3517)
[    0.000000] debug: ignoring loglevel setting.
[    0.000000] cma: Reserved 16 MiB at 0x8e800000
[    0.000000] Memory policy: Data cache writeback
[    0.000000] On node 0 totalpages: 65024
[    0.000000] free_area_init_node: node 0, pgdat c09d2c40, node_mem_map cfbb1000
[    0.000000]   Normal zone: 576 pages used for memmap
[    0.000000]   Normal zone: 0 pages reserved
[    0.000000]   Normal zone: 65024 pages, LIFO batch:15
[    0.000000] CPU: All CPU(s) started in SVC mode.
[    0.000000] AM3517 ES1.1 (l2cache sgx neon )
[    0.000000] PERCPU: Embedded 14 pages/cpu @cfb44000 s24960 r8192 d24192 u57344
[    0.000000] pcpu-alloc: s24960 r8192 d24192 u57344 alloc=14*4096
[    0.000000] pcpu-alloc: [0] 0 
[    0.000000] Built 1 zonelists in Zone order, mobility grouping on.  Total pages: 64448
[    0.000000] Kernel command line: console=ttyO2,115200n8 debug ignore_loglevel earlyprintk root=/dev/mmcblk0p2 rootwait nohlt ip=:::::eth0:dhcp root=/dev/mmcblk0p2 rw rootfstype=ext3 rootwait
[    0.000000] PID hash table entries: 1024 (order: 0, 4096 bytes)
[    0.000000] Dentry cache hash table entries: 32768 (order: 5, 131072 bytes)
[    0.000000] Inode-cache hash table entries: 16384 (order: 4, 65536 bytes)
[    0.000000] Memory: 222328K/260096K available (6603K kernel code, 747K rwdata, 2240K rodata, 456K init, 8263K bss, 21384K reserved, 16384K cma-reserved, 0K highmem)
[    0.000000] Virtual kernel memory layout:
[    0.000000]     vector  : 0xffff0000 - 0xffff1000   (   4 kB)
[    0.000000]     fixmap  : 0xffc00000 - 0xfff00000   (3072 kB)
[    0.000000]     vmalloc : 0xd0800000 - 0xff800000   ( 752 MB)
[    0.000000]     lowmem  : 0xc0000000 - 0xd0000000   ( 256 MB)
[    0.000000]     pkmap   : 0xbfe00000 - 0xc0000000   (   2 MB)
[    0.000000]     modules : 0xbf000000 - 0xbfe00000   (  14 MB)
[    0.000000]       .text : 0xc0008000 - 0xc08ab030   (8845 kB)
[    0.000000]       .init : 0xc08ac000 - 0xc091e000   ( 456 kB)
[    0.000000]       .data : 0xc091e000 - 0xc09d8c18   ( 748 kB)
[    0.000000]        .bss : 0xc09db000 - 0xc11ece28   (8264 kB)
[    0.000000] Running RCU self tests
[    0.000000] Hierarchical RCU implementation.
[    0.000000] 	RCU lockdep checking is enabled.
[    0.000000] 	Build-time adjustment of leaf fanout to 32.
[    0.000000] 	RCU restricting CPUs from NR_CPUS=2 to nr_cpu_ids=1.
[    0.000000] RCU: Adjusting geometry for rcu_fanout_leaf=32, nr_cpu_ids=1
[    0.000000] NR_IRQS:16 nr_irqs:16 16
[    0.000000] IRQ: Found an INTC at 0xfa200000 (revision 4.0) with 96 interrupts
[    0.000000] Clocking rate (Crystal/Core/MPU): 26.0/332/600 MHz
[    0.000000] OMAP clockevent source: timer2 at 13000000 Hz
[    0.000030] sched_clock: 32 bits at 13MHz, resolution 76ns, wraps every 165191050201ns
[    0.000075] clocksource: timer1: mask: 0xffffffff max_cycles: 0xffffffff, max_idle_ns: 147020034397 ns
[    0.000177] OMAP clocksource: timer1 at 13000000 Hz
[    0.001643] Console: colour dummy device 80x30
[    0.001741] Lock dependency validator: Copyright (c) 2006 Red Hat, Inc., Ingo Molnar
[    0.001759] ... MAX_LOCKDEP_SUBCLASSES:  8
[    0.001775] ... MAX_LOCK_DEPTH:          48
[    0.001789] ... MAX_LOCKDEP_KEYS:        8191
[    0.001804] ... CLASSHASH_SIZE:          4096
[    0.001818] ... MAX_LOCKDEP_ENTRIES:     32768
[    0.001833] ... MAX_LOCKDEP_CHAINS:      65536
[    0.001848] ... CHAINHASH_SIZE:          32768
[    0.001863]  memory used by lock dependency info: 5167 kB
[    0.001879]  per task-struct memory footprint: 1536 bytes
[    0.001922] Calibrating delay loop... 597.60 BogoMIPS (lpj=2988032)
[    0.096026] pid_max: default: 32768 minimum: 301
[    0.096651] Security Framework initialized
[    0.096876] Mount-cache hash table entries: 1024 (order: 0, 4096 bytes)
[    0.096901] Mountpoint-cache hash table entries: 1024 (order: 0, 4096 bytes)
[    0.102205] Initializing cgroup subsys io
[    0.102382] Initializing cgroup subsys memory
[    0.102513] Initializing cgroup subsys devices
[    0.102661] Initializing cgroup subsys freezer
[    0.102875] Initializing cgroup subsys perf_event
[    0.102993] CPU: Testing write buffer coherency: ok
[    0.105874] CPU0: thread -1, cpu 0, socket -1, mpidr 0
[    0.106251] Setting up static identity map for 0x80008280 - 0x800082f0
[    0.112902] Brought up 1 CPUs
[    0.112939] SMP: Total of 1 processors activated (597.60 BogoMIPS).
[    0.112959] CPU: All CPU(s) started in SVC mode.
[    0.120084] devtmpfs: initialized
[    0.230939] VFP support v0.3: implementor 41 architecture 3 part 30 variant c rev 1
[    0.303543] omap_hwmod: mcbsp2_sidetone using broken dt data from mcbsp
[    0.305596] omap_hwmod: mcbsp3_sidetone using broken dt data from mcbsp
[    0.397429] clocksource: jiffies: mask: 0xffffffff max_cycles: 0xffffffff, max_idle_ns: 19112604462750000 ns
[    0.401112] pinctrl core: initialized pinctrl subsystem
[    0.410229] NET: Registered protocol family 16
[    0.421466] DMA: preallocated 256 KiB pool for atomic coherent allocations
[    0.425115] cpuidle: using governor ladder
[    0.425168] cpuidle: using governor menu
[    0.426276] Reprogramming SDRC clock to 332000000 Hz
[    0.430522] In-band Error seen by USB_OTG  at address 0
[    0.430552] ------------[ cut here ]------------
[    0.430591] WARNING: CPU: 0 PID: 1 at drivers/bus/omap_l3_smx.c:166 omap3_l3_app_irq+0xdc/0x130()
[    0.430609] Modules linked in:
[    0.430645] CPU: 0 PID: 1 Comm: swapper/0 Not tainted 4.4.0-00002-gc9839de9836d #1
[    0.430662] Hardware name: Generic AM3517 (Flattened Device Tree)
[    0.430711] [<c0017b84>] (unwind_backtrace) from [<c0013ee8>] (show_stack+0x10/0x14)
[    0.430741] [<c0013ee8>] (show_stack) from [<c0347e80>] (dump_stack+0x84/0x9c)
[    0.430779] [<c0347e80>] (dump_stack) from [<c003c528>] (warn_slowpath_common+0x78/0xb4)
[    0.430809] [<c003c528>] (warn_slowpath_common) from [<c003c600>] (warn_slowpath_null+0x1c/0x24)
[    0.430836] [<c003c600>] (warn_slowpath_null) from [<c0374428>] (omap3_l3_app_irq+0xdc/0x130)
[    0.430867] [<c0374428>] (omap3_l3_app_irq) from [<c009c2c4>] (handle_irq_event_percpu+0x44/0x1f0)
[    0.430895] [<c009c2c4>] (handle_irq_event_percpu) from [<c009c4a8>] (handle_irq_event+0x38/0x5c)
[    0.430926] [<c009c4a8>] (handle_irq_event) from [<c009f4b0>] (handle_level_irq+0xb8/0x150)
[    0.430952] [<c009f4b0>] (handle_level_irq) from [<c009b974>] (generic_handle_irq+0x20/0x34)
[    0.430977] [<c009b974>] (generic_handle_irq) from [<c009bc54>] (__handle_domain_irq+0x64/0xe0)
[    0.431006] [<c009bc54>] (__handle_domain_irq) from [<c064c1b8>] (__irq_svc+0x58/0x78)
[    0.431034] [<c064c1b8>] (__irq_svc) from [<c064b994>] (_raw_spin_unlock_irqrestore+0x34/0x44)
[    0.431060] [<c064b994>] (_raw_spin_unlock_irqrestore) from [<c009df68>] (__setup_irq+0x26c/0x5f8)
[    0.431086] [<c009df68>] (__setup_irq) from [<c009e444>] (request_threaded_irq+0xc0/0x158)
[    0.431112] [<c009e444>] (request_threaded_irq) from [<c0374564>] (omap3_l3_probe+0xe8/0x16c)
[    0.431147] [<c0374564>] (omap3_l3_probe) from [<c03e275c>] (platform_drv_probe+0x50/0xac)
[    0.431175] [<c03e275c>] (platform_drv_probe) from [<c03e0cf8>] (driver_probe_device+0x1f4/0x2f8)
[    0.431202] [<c03e0cf8>] (driver_probe_device) from [<c03df224>] (bus_for_each_drv+0x64/0x98)
[    0.431227] [<c03df224>] (bus_for_each_drv) from [<c03e0a74>] (__device_attach+0xa4/0x10c)
[    0.431252] [<c03e0a74>] (__device_attach) from [<c03e017c>] (bus_probe_device+0x88/0x90)
[    0.431291] [<c03e017c>] (bus_probe_device) from [<c03de524>] (device_add+0x3bc/0x56c)
[    0.431324] [<c03de524>] (device_add) from [<c04d6cc0>] (of_platform_device_create_pdata+0x80/0xb8)
[    0.431353] [<c04d6cc0>] (of_platform_device_create_pdata) from [<c04d6de0>] (of_platform_bus_create+0xdc/0x18c)
[    0.431379] [<c04d6de0>] (of_platform_bus_create) from [<c04d6fbc>] (of_platform_populate+0x5c/0xac)
[    0.431419] [<c04d6fbc>] (of_platform_populate) from [<c08bf52c>] (pdata_quirks_init+0x54/0x74)
[    0.431449] [<c08bf52c>] (pdata_quirks_init) from [<c08bf184>] (omap_generic_init+0x10/0x1c)
[    0.431480] [<c08bf184>] (omap_generic_init) from [<c08af7d8>] (customize_machine+0x1c/0x40)
[    0.431509] [<c08af7d8>] (customize_machine) from [<c0009804>] (do_one_initcall+0x80/0x1e0)
[    0.431539] [<c0009804>] (do_one_initcall) from [<c08acec0>] (kernel_init_freeable+0x214/0x2e4)
[    0.431575] [<c08acec0>] (kernel_init_freeable) from [<c06453dc>] (kernel_init+0x8/0xec)
[    0.431610] [<c06453dc>] (kernel_init) from [<c000f770>] (ret_from_fork+0x14/0x24)
[    0.431781] ---[ end trace ac11ea841a5f160d ]---
[    0.437431] platform 480c5000.aes: Cannot lookup hwmod 'aes'
[    0.444769] gpiochip_add: registered GPIOs 0 to 31 on device: gpio
[    0.447463] OMAP GPIO hardware version 2.5
[    0.449910] gpiochip_add: registered GPIOs 32 to 63 on device: gpio
[    0.453695] gpiochip_add: registered GPIOs 64 to 95 on device: gpio
[    0.457623] gpiochip_add: registered GPIOs 96 to 127 on device: gpio
[    0.461428] gpiochip_add: registered GPIOs 128 to 159 on device: gpio
[    0.465146] gpiochip_add: registered GPIOs 160 to 191 on device: gpio
[    0.481190] platform 480c3000.sham: Cannot lookup hwmod 'sham'
[    0.482134] platform 480cb000.smartreflex: Cannot lookup hwmod 'smartreflex_core'
[    0.495170] omap-gpmc 6e000000.gpmc: GPMC revision 5.0
[    0.495530] gpmc_mem_init: disabling cs 0 mapped at 0x0-0x1000000
[    0.496981] platform 480ab000.usb_otg_hs: Cannot lookup hwmod 'usb_otg_hs'
[    0.501760] No ATAGs?
[    0.501813] hw-breakpoint: debug architecture 0x4 unsupported.
[    0.503702] omap4_sram_init:Unable to allocate sram needed to handle errata I688
[    0.503743] omap4_sram_init:Unable to get sram pool needed to handle errata I688
[    0.505752] OMAP DMA hardware revision 4.0
[    0.565810] omap-dma-engine 48056000.dma-controller: OMAP DMA engine driver
[    0.568153] of_get_named_gpiod_flags: can't parse 'gpio' property of node '/vmmc[0]'
[    0.574924] SCSI subsystem initialized
[    0.576414] libata version 3.00 loaded.
[    0.581611] omap_i2c 48070000.i2c: bus 0 rev3.3 at 400 kHz
[    0.584049] omap_i2c 48072000.i2c: bus 1 rev3.3 at 400 kHz
[    0.586394] omap_i2c 48060000.i2c: bus 2 rev3.3 at 400 kHz
[    0.587030] pps_core: LinuxPPS API ver. 1 registered
[    0.587053] pps_core: Software ver. 5.3.6 - Copyright 2005-2007 Rodolfo Giometti <giometti@linux.it>
[    0.587161] PTP clock support registered
[    0.594503] clocksource: Switched to clocksource timer1
[    0.852738] NET: Registered protocol family 2
[    0.856374] TCP established hash table entries: 2048 (order: 1, 8192 bytes)
[    0.856491] TCP bind hash table entries: 2048 (order: 4, 73728 bytes)
[    0.857500] TCP: Hash tables configured (established 2048 bind 2048)
[    0.857897] UDP hash table entries: 256 (order: 2, 20480 bytes)
[    0.858190] UDP-Lite hash table entries: 256 (order: 2, 20480 bytes)
[    0.859655] NET: Registered protocol family 1
[    0.862531] RPC: Registered named UNIX socket transport module.
[    0.862573] RPC: Registered udp transport module.
[    0.862592] RPC: Registered tcp transport module.
[    0.862612] RPC: Registered tcp NFSv4.1 backchannel transport module.
[    0.870322] hw perfevents: enabled with armv7_cortex_a8 PMU driver, 5 counters available
[    0.879857] futex hash table entries: 256 (order: 2, 16384 bytes)
[    0.880276] audit: initializing netlink subsys (disabled)
[    0.880670] audit: type=2000 audit(0.870:1): initialized
[    0.889584] VFS: Disk quotas dquot_6.6.0
[    0.890047] VFS: Dquot-cache hash table entries: 1024 (order 0, 4096 bytes)
[    0.894128] NFS: Registering the id_resolver key type
[    0.895141] Key type id_resolver registered
[    0.895169] Key type id_legacy registered
[    0.895501] jffs2: version 2.2. (NAND) (SUMMARY)   2001-2006 Red Hat, Inc.
[    0.905680] io scheduler noop registered
[    0.905741] io scheduler deadline registered
[    0.905838] io scheduler cfq registered (default)
[    0.909727] pinctrl-single 48002030.pinmux: 284 pins at pa fa002030 size 568
[    0.910634] pinctrl-single 48002a00.pinmux: 46 pins at pa fa002a00 size 92
[    0.911782] pinctrl-single 480025d8.pinmux: 18 pins at pa fa0025d8 size 36
[    0.918869] Serial: 8250/16550 driver, 4 ports, IRQ sharing enabled
[    0.930500] omap_uart 4806a000.serial: no wakeirq for uart0
[    0.930553] of_get_named_gpiod_flags: can't parse 'rts-gpio' property of node '/ocp/serial@4806a000[0]'
[    0.931529] 4806a000.serial: ttyO0 at MMIO 0x4806a000 (irq = 88, base_baud = 3000000) is a OMAP UART0
[    0.934943] omap_uart 4806c000.serial: no wakeirq for uart1
[    0.934989] of_get_named_gpiod_flags: can't parse 'rts-gpio' property of node '/ocp/serial@4806c000[0]'
[    0.935471] 4806c000.serial: ttyO1 at MMIO 0x4806c000 (irq = 89, base_baud = 3000000) is a OMAP UART1
[    0.937652] omap_uart 49020000.serial: no wakeirq for uart2
[    0.937689] of_get_named_gpiod_flags: can't parse 'rts-gpio' property of node '/ocp/serial@49020000[0]'
[    0.938147] 49020000.serial: ttyO2 at MMIO 0x49020000 (irq = 90, base_baud = 3000000) is a OMAP UART2
[    2.214950] console [ttyO2] enabled
[    2.288459] brd: module loaded
[    2.332268] loop: module loaded
[    2.340336] mtdoops: mtd device (mtddev=name/number) must be supplied
[    2.414393] davinci_mdio davinci_mdio.0: davinci mdio revision 1.5
[    2.420887] davinci_mdio davinci_mdio.0: detected phy mask fffffffe
[    2.433496] libphy: davinci_mdio.0: probed
[    2.438037] davinci_mdio davinci_mdio.0: phy[0]: device davinci_mdio.0:00, driver SMSC LAN8710/LAN8720
[    2.453163] mousedev: PS/2 mouse device common for all mice
[    2.459221] i2c /dev entries driver
[    2.469694] omap_hsmmc 4809c000.mmc: GPIO lookup for consumer cd
[    2.476285] omap_hsmmc 4809c000.mmc: using device tree for GPIO lookup
[    2.483145] of_get_named_gpiod_flags: can't parse 'cd-gpios' property of node '/ocp/mmc@4809c000[0]'
[    2.492787] of_get_named_gpiod_flags: can't parse 'cd-gpio' property of node '/ocp/mmc@4809c000[0]'
[    2.502294] omap_hsmmc 4809c000.mmc: using lookup tables for GPIO lookup
[    2.509602] omap_hsmmc 4809c000.mmc: lookup for GPIO cd failed
[    2.515809] omap_hsmmc 4809c000.mmc: GPIO lookup for consumer wp
[    2.522098] omap_hsmmc 4809c000.mmc: using device tree for GPIO lookup
[    2.528997] of_get_named_gpiod_flags: can't parse 'wp-gpios' property of node '/ocp/mmc@4809c000[0]'
[    2.538601] of_get_named_gpiod_flags: can't parse 'wp-gpio' property of node '/ocp/mmc@4809c000[0]'
[    2.548107] omap_hsmmc 4809c000.mmc: using lookup tables for GPIO lookup
[    2.555176] omap_hsmmc 4809c000.mmc: lookup for GPIO wp failed
[    2.604995] ledtrig-cpu: registered to indicate activity on CPUs
[    2.613512] oprofile: using arm/armv7
[    2.618859] Initializing XFRM netlink socket
[    2.624023] NET: Registered protocol family 10
[    2.635049] sit: IPv6 over IPv4 tunneling driver
[    2.643854] NET: Registered protocol family 17
[    2.648828] NET: Registered protocol family 15
[    2.654276] Key type dns_resolver registered
[    2.659222] omap2_set_init_voltage: unable to find boot up OPP for vdd_mpu_iva
[    2.666859] omap2_set_init_voltage: unable to set vdd_mpu_iva
[    2.672918] omap2_set_init_voltage: unable to find boot up OPP for vdd_core
[    2.680250] omap2_set_init_voltage: unable to set vdd_core
[    2.687889] PM: no software I/O chain control; some wakeups may be lost
[    2.694999] pm: Failed to request pm_wkup irq
[    2.699654] ThumbEE CPU extension supported.
[    2.704314] Registering SWP/SWPB emulation handler
[    2.709357] SmartReflex Class3 initialized
[    2.734839] davinci_emac davinci_emac.0: using random MAC addr: d6:97:ee:79:c4:44
[    2.747916] hctosys: unable to open rtc device (rtc0)
[    2.753239] sr_init: No PMIC hook to init smartreflex
[    2.759149] sr_init: platform driver register failed for SR
[    2.856475] davinci_mdio davinci_mdio.0: resetting idled controller
[    2.863540] net eth0: attached PHY driver [SMSC LAN8710/LAN8720] (mii_bus:phy_addr=davinci_mdio.0:00, id=7c0f1)
[    2.874496] IPv6: ADDRCONF(NETDEV_UP): eth0: link is not ready
[    2.892066] mmc0: host does not support reading read-only switch, assuming write-enable
[    2.903466] mmc0: new high speed SD card at address 0002
[    2.913934] mmcblk0: mmc0:0002 00000 1.86 GiB 
[    2.927229]  mmcblk0: p1 p2
[    6.894601] davinci_emac davinci_emac.0 eth0: Link is Up - 100Mbps/Full - flow control rx/tx
[    6.903679] IPv6: ADDRCONF(NETDEV_CHANGE): eth0: link becomes ready
[    6.914350] Sending DHCP requests ., OK
[    7.984840] IP-Config: Got DHCP answer from 192.168.1.254, my address is 192.168.1.198
[    7.994046] IP-Config: Complete:
[    7.997598]      device=eth0, hwaddr=d6:97:ee:79:c4:44, ipaddr=192.168.1.198, mask=255.255.255.0, gw=192.168.1.254
[    8.008485]      host=192.168.1.198, domain=tidfarm-06.internal.ti.com, nis-domain=(none)
[    8.017091]      bootserver=192.168.1.254, rootserver=192.168.1.254, rootpath=
[    8.024509]      nameserver0=192.0.2.2, nameserver1=192.0.2.3
[    8.046038] EXT4-fs (mmcblk0p2): mounting ext3 file system using the ext4 subsystem
[    8.095840] EXT4-fs (mmcblk0p2): mounted filesystem with ordered data mode. Opts: (null)
[    8.104777] VFS: Mounted root (ext3 filesystem) on device 179:2.
[    8.123059] devtmpfs: mounted
[    8.127985] Freeing unused kernel memory: 456K (c08ac000 - c091e000)
INIT: version 2.88 booting
Error opening /dev/fb0: No such file or directory
Starting udev
[    9.663145] udev[96]: starting version 164
[   17.398199] FAT-fs (mmcblk0p1): Volume was not properly unmounted. Some data may be corrupt. Please run fsck.
ERROR: could not open directory /lib/modules/4.4.0-00002-gc9839de9836d: No such file or directory
WARNING: -e needs -E or -F
ERROR: could not open directory /lib/modules/4.4.0-00002-gc9839de9836d: No such file or directory
FATAL: could not search modules: No such file or directory
Starting Bootlog daemon: bootlogd: cannot allocate pseudo tty: No such file or directory
bootlogd.
[   17.904074] EXT4-fs (mmcblk0p2): re-mounted. Opts: data=ordered
ALSA: Restoring mixer settings...
/usr/sbin/alsactl: load_state:1686: No soundcards found...
Configuring network interfaces... udhcpc (v1.20.2) started
Sending discover...
Sending select for 192.168.1.198...
Lease of 192.168.1.198 obtained, lease time 600
/etc/udhcpc.d/50default: Adding DNS 192.0.2.2
/etc/udhcpc.d/50default: Adding DNS 192.0.2.3
done.
hwclock: can't open '/dev/misc/rtc': No such file or directory
Thu May 23 02:21:00 UTC 2013
hwclock: can't open '/dev/misc/rtc': No such file or directory
INIT: Entering runlevel: 5
Starting system message bus: [   20.999794] random: dbus-daemon urandom read with 71 bits of entropy available
dbus.
Starting Dropbear SSH server: dropbear.
Starting telnet daemon.
hwclock: can't open '/dev/misc/rtc': No such file or directory
Starting syslogd/klogd: done
Starting thttpd.
Starting Lighttpd Web Server: lighttpd.
2013-05-23 02:21:01: (log.c.166) server started 
Starting Matrix GUI application.
[   25.830656] random: nonblocking pool is initialized
***************************************************************
***************************************************************
NOTICE: This file system contains the followin GPLv3 packages:
	binutils-symlinks
	binutils
	gdbserver
If you do not wish to distribute GPLv3 components please remove
the above packages prior to distribution.  This can be done using
the opkg remove command.  i.e.:
    opkg remove <package>
Where <package> is the name printed in the list above
NOTE: If the package is a dependency of another package you
      will be notified of the dependent packages.  You should
      use the --force-removal-of-dependent-packages option to
      also remove the dependent packages as well
***************************************************************
***************************************************************
Stopping Bootlog daemon: bootlogd.
 _____                    _____           _         _   
|  _  |___ ___ ___ ___   |  _  |___ ___  |_|___ ___| |_ 
|     |  _| .'| . | . |  |   __|  _| . | | | -_|  _|  _|
|__|__|_| |__,|_  |___|  |__|  |_| |___|_| |___|___|_|  
              |___|                    |___|            
Arago Project http://arago-project.org am3517-evm ttyO2
Arago 2013.02 am3517-evm ttyO2
am3517-evm login: 
- 00:32:44 [INFO] Host: root
- 00:32:44 [INFO] Target: 
root
root@am3517-evm:~# 
- 00:32:44 [INFO] Host: uname -a
- 00:32:44 [INFO] Target: 
uname -a
Linux am3517-evm 4.4.0-00002-gc9839de9836d #1 SMP Mon Jan 11 00:27:52 CST 2016 armv7l GNU/Linux
root@am3517-evm:~# 
- 00:32:44 [INFO] Host: cat /proc/cmdline
- 00:32:44 [INFO] Target: 
cat /proc/cmdline
console=ttyO2,115200n8 debug ignore_loglevel earlyprintk root=/dev/mmcblk0p2 rootwait nohlt ip=:::::eth0:dhcp root=/dev/mmcblk0p2 rw rootfstype=ext3 rootwait
root@am3517-evm:~# 
- 00:32:44 [INFO] Host: uname -a
- 00:32:44 [INFO] Target: 
uname -a
Linux am3517-evm 4.4.0-00002-gc9839de9836d #1 SMP Mon Jan 11 00:27:52 CST 2016 armv7l GNU/Linux
root@am3517-evm:~# 
- 00:32:44 [INFO] Host: cat /proc/mtd
- 00:32:44 [INFO] Target: 
cat /proc/mtd
dev:    size   erasesize  name
root@am3517-evm:~# 
- 00:32:46 [INFO] Host: export IPERFHOST=192.168.1.254
- 00:32:46 [INFO] Target: 
export IPERFHOST=192.168.1.254
root@am3517-evm:~# 
- 00:32:46 [INFO] Host: export NFS_SERVER=192.168.1.254
- 00:32:46 [INFO] Target: 
export NFS_SERVER=192.168.1.254
root@am3517-evm:~# 
- 00:32:46 [INFO] Host: export NFS_ROOT_PATH=/home/NFS_exports/am3517
- 00:32:46 [INFO] Target: 
export NFS_ROOT_PATH=/home/NFS_exports/am3517
root@am3517-evm:~# 
- 00:32:46 [INFO] Host: export AP_SSID=
- 00:32:46 [INFO] Target: 
export AP_SSID=
root@am3517-evm:~# 
- 00:32:46 [INFO] Host: mkdir -p -m 777 /test
- 00:32:47 [INFO] Target: 
mkdir -p -m 777 /test
root@am3517-evm:~# 
- 00:32:47 [INFO] Host: cd /test
- 00:32:47 [INFO] Target: 
cd /test
root@am3517-evm:/test# 
- 00:32:47 [INFO] Host: cat > test.sh << EOF
- 00:32:47 [INFO] Target: 
cat > test.sh << EOF
- 00:32:47 [INFO] Host: failtest() {
- 00:32:47 [INFO] Target: 
failtest() {
- 00:32:47 [INFO] Host:   echo 1 >&3
- 00:32:47 [INFO] Target: 
  echo 1 >&3
- 00:32:47 [INFO] Host: }
- 00:32:47 [INFO] Target: 
- 00:32:47 [INFO] Host: timeout=600
- 00:32:47 [INFO] Target: 
timeout=600
- 00:32:47 [INFO] Host: 
- 00:32:47 [INFO] Target: 
- 00:32:47 [INFO] Host: # Start of user's script logic
- 00:32:47 [INFO] Target: 
# Start of user's script logic
- 00:32:47 [INFO] Host: mount -t proc proc /proc 2>/dev/null;
- 00:32:47 [INFO] Target: 
mount -t proc proc /proc 2>/dev/null;
- 00:32:47 [INFO] Host: 
- 00:32:48 [INFO] Target: 
- 00:32:48 [INFO] Host: mount -t sysfs sys /sys 2>/dev/null;
- 00:32:48 [INFO] Target: 
mount -t sysfs sys /sys 2>/dev/null;
- 00:32:48 [INFO] Host: 
- 00:32:48 [INFO] Target: 
- 00:32:48 [INFO] Host: mount -t debugfs none /sys/kernel/debug 2>/dev/null;
- 00:32:48 [INFO] Target: 
mount -t debugfs none /sys/kernel/debug 2>/dev/null;
- 00:32:48 [INFO] Host: 
- 00:32:48 [INFO] Target: 
- 00:32:48 [INFO] Host: echo 'cpuinfo:';cat /proc/cpuinfo; echo '=======';
- 00:32:48 [INFO] Target: 
echo 'cpuinfo:';cat /proc/cpuinfo; echo '=======';
- 00:32:48 [INFO] Host: 
- 00:32:48 [INFO] Target: 
- 00:32:48 [INFO] Host: echo 'soc info:';head /sys/devices/soc0/* 2>/dev/null; echo '=======';
- 00:32:48 [INFO] Target: 
echo 'soc info:';head /sys/devices/soc0/* 2>/dev/null; echo '=======';
- 00:32:48 [INFO] Host: 
- 00:32:48 [INFO] Target: 
- 00:32:48 [INFO] Host: echo 'DT Model info'; head /proc/device-tree/name /proc/device-tree/model /proc/device-tree/compatible 2>/dev/null;echo; echo '=======';
- 00:32:48 [INFO] Target: 
echo 'DT Model info'; head /proc/device-tree/name /proc/device-tree/model /pro 
c/device-tree/compatible 2>/dev/null;echo; echo '=======';
- 00:32:48 [INFO] Host: 
- 00:32:49 [INFO] Target: 
- 00:32:49 [INFO] Host: echo 'interrupts:';cat /proc/interrupts; echo '=======';
- 00:32:49 [INFO] Target: 
echo 'interrupts:';cat /proc/interrupts; echo '=======';
- 00:32:49 [INFO] Host: 
- 00:32:49 [INFO] Target: 
- 00:32:49 [INFO] Host: echo 'Clk_summary:';cat /sys/kernel/debug/clk/clk_summary; echo '=======';
- 00:32:49 [INFO] Target: 
echo 'Clk_summary:';cat /sys/kernel/debug/clk/clk_summary; echo '=======';
- 00:32:49 [INFO] Host: 
- 00:32:49 [INFO] Target: 
- 00:32:49 [INFO] Host: echo "Available frequencies"; cat /sys/devices/system/cpu/cpu0/cpufreq/scaling_available_frequencies 2>/dev/null;echo '=======';
- 00:32:49 [INFO] Target: 
echo "Available frequencies"; cat /sys/devices/system/cpu/cpu0/cpufreq/scaling 
_available_frequencies 2>/dev/null;echo '=======';
- 00:32:49 [INFO] Host: 
- 00:32:49 [INFO] Target: 
- 00:32:49 [INFO] Host: TMPF=/tmp/a.\$\$; TMPF2=/tmp/b.\$\$; STR=""
- 00:32:49 [INFO] Target: 
TMPF=/tmp/a.\$\$; TMPF2=/tmp/b.\$\$; STR=""
- 00:32:49 [INFO] Host: 
- 00:32:49 [INFO] Target: 
- 00:32:49 [INFO] Host: cp /dev/kmsg \$TMPF &
- 00:32:49 [INFO] Target: 
cp /dev/kmsg \$TMPF &
- 00:32:49 [INFO] Host: 
- 00:32:50 [INFO] Target: 
- 00:32:50 [INFO] Host: PID=\$! ; sleep 5; kill -9 \$PID
- 00:32:50 [INFO] Target: 
PID=\$! ; sleep 5; kill -9 \$PID
- 00:32:50 [INFO] Host: 
- 00:32:50 [INFO] Target: 
- 00:32:50 [INFO] Host: 
- 00:32:50 [INFO] Target: 
- 00:32:50 [INFO] Host: 
- 00:32:50 [INFO] Target: 
- 00:32:50 [INFO] Host: cat \$TMPF|grep "^0">\$TMPF2; N=\`cat \$TMPF2|wc -l\`; if [ "\$N" -ne 0 ]; then STR="\$STR emerg=\$N";echo "===== EMERGE++";cat \$TMPF2|cut -d ';' -f2;echo "====="; fi
- 00:32:50 [INFO] Target: 
cat \$TMPF|grep "^0">\$TMPF2; N=\`cat \$TMPF2|wc -l\`; if [ "\$N" -ne 0 ]; the 
n STR="\$STR emerg=\$N";echo "===== EMERGE++";cat \$TMPF2|cut -d ';' -f2;echo "= 
===="; fi
- 00:32:50 [INFO] Host: 
- 00:32:50 [INFO] Target: 
- 00:32:50 [INFO] Host: cat \$TMPF|grep "^1">\$TMPF2; N=\`cat \$TMPF2|wc -l\`; if [ "\$N" -ne 0 ]; then STR="\$STR alert=\$N";echo "===== ALERT ==";cat \$TMPF2|cut -d ';' -f2;echo "====="; fi
- 00:32:50 [INFO] Target: 
cat \$TMPF|grep "^1">\$TMPF2; N=\`cat \$TMPF2|wc -l\`; if [ "\$N" -ne 0 ]; the 
n STR="\$STR alert=\$N";echo "===== ALERT ==";cat \$TMPF2|cut -d ';' -f2;echo "= 
===="; fi
- 00:32:50 [INFO] Host: 
- 00:32:50 [INFO] Target: 
- 00:32:50 [INFO] Host: cat \$TMPF|grep "^2">\$TMPF2; N=\`cat \$TMPF2|wc -l\`; if [ "\$N" -ne 0 ]; then STR="\$STR crit=\$N";echo "===== CRIT ==";cat \$TMPF2|cut -d ';' -f2;echo "====="; fi
- 00:32:50 [INFO] Target: 
cat \$TMPF|grep "^2">\$TMPF2; N=\`cat \$TMPF2|wc -l\`; if [ "\$N" -ne 0 ]; the 
n STR="\$STR crit=\$N";echo "===== CRIT ==";cat \$TMPF2|cut -d ';' -f2;echo "=== 
=="; fi
- 00:32:50 [INFO] Host: 
- 00:32:51 [INFO] Target: 
- 00:32:51 [INFO] Host: cat \$TMPF|grep "^3">\$TMPF2; N=\`cat \$TMPF2|wc -l\`; if [ "\$N" -ne 0 ]; then STR="\$STR err=\$N";echo "===== ERR ==";cat \$TMPF2|cut -d ';' -f2;echo "=====" ;fi
- 00:32:51 [INFO] Target: 
cat \$TMPF|grep "^3">\$TMPF2; N=\`cat \$TMPF2|wc -l\`; if [ "\$N" -ne 0 ]; the 
n STR="\$STR err=\$N";echo "===== ERR ==";cat \$TMPF2|cut -d ';' -f2;echo "===== 
" ;fi
- 00:32:51 [INFO] Host: 
- 00:32:51 [INFO] Target: 
- 00:32:51 [INFO] Host: cat \$TMPF|grep "^4">\$TMPF2; N=\`cat \$TMPF2|wc -l\`; if [ "\$N" -ne 0 ]; then STR="\$STR warn=\$N";echo "===== WARN ==";cat \$TMPF2|cut -d ';' -f2;echo "=====" ;fi
- 00:32:51 [INFO] Target: 
cat \$TMPF|grep "^4">\$TMPF2; N=\`cat \$TMPF2|wc -l\`; if [ "\$N" -ne 0 ]; the 
n STR="\$STR warn=\$N";echo "===== WARN ==";cat \$TMPF2|cut -d ';' -f2;echo "=== 
==" ;fi
- 00:32:51 [INFO] Host: 
- 00:32:51 [INFO] Target: 
- 00:32:51 [INFO] Host: rm \$TMPF \$TMPF2; echo "SUM""MARY RESULT: BOOT:" 'PASS: H''ello World' 'B''oard' "Booted" "Boot Log has::::\$STR:"
- 00:32:51 [INFO] Target: 
rm \$TMPF \$TMPF2; echo "SUM""MARY RESULT: BOOT:" 'PASS: H''ello World' 'B''oa 
rd' "Booted" "Boot Log has::::\$STR:"
- 00:32:51 [INFO] Host: 
- 00:32:51 [INFO] Target: 
- 00:32:51 [INFO] Host: EOF
- 00:32:51 [INFO] Target: 
root@am3517-evm:/test# 
- 00:32:51 [INFO] Host: cd /test
- 00:32:51 [INFO] Target: 
cd /test
root@am3517-evm:/test# 
- 00:32:51 [INFO] Host: chmod +x test.sh
- 00:32:51 [INFO] Target: 
chmod +x test.sh
root@am3517-evm:/test# 
- 00:32:51 [INFO] Host: ./test.sh 2> stderr.log > stdout.log 3> result.log
- 00:32:58 [INFO] Target: 
./test.sh 2> stderr.log > stdout.log 3> result.log
root@am3517-evm:/test# 
- 00:32:58 [INFO] Host: echo $?
- 00:32:58 [INFO] Target: 
echo $?
root@am3517-evm:/test# 
- 00:32:58 [INFO] Host: cd /test
- 00:32:58 [INFO] Target: 
cd /test
root@am3517-evm:/test# 
- 00:32:58 [INFO] Host: cat stdout.log
- 00:33:00 [INFO] Target: 
cat stdout.log
cpuinfo:
processor	: 0
model name	: ARMv7 Processor rev 7 (v7l)
BogoMIPS	: 597.60
Features	: half thumb fastmult vfp edsp thumbee neon vfpv3 tls vfpd32 
CPU implementer	: 0x41
CPU architecture: 7
CPU variant	: 0x1
CPU part	: 0xc08
CPU revision	: 7
Hardware	: Generic AM3517 (Flattened Device Tree)
Revision	: 0000
Serial		: 0000000000000000
=======
soc info:
==> /sys/devices/soc0/family <==
OMAP3
==> /sys/devices/soc0/machine <==
AM3517
==> /sys/devices/soc0/power <==
==> /sys/devices/soc0/revision <==
ES1.1
==> /sys/devices/soc0/subsystem <==
==> /sys/devices/soc0/type <==
==> /sys/devices/soc0/uevent <==
=======
DT Model info
==> /proc/device-tree/name <==
==> /proc/device-tree/model <==
TI AM3517 EVM (AM3517/05 TMDSEVM3517)
==> /proc/device-tree/compatible <==
ti,am3517-evmti,am3517ti,omap3
=======
interrupts:
           CPU0       
 25:          0      INTC   9 Edge      l3-debug-irq
 26:          1      INTC  10 Edge      l3-app-irq
 28:          0      INTC  12 Edge      DMA
 29:       3702      INTC  13 Edge      omap-dma-engine
 36:          0      INTC  20 Edge      gpmc
 45:          0      INTC  29 Edge      48310000.gpio
 46:          0      INTC  30 Edge      49050000.gpio
 47:          0      INTC  31 Edge      49052000.gpio
 48:          0      INTC  32 Edge      49054000.gpio
 49:          0      INTC  33 Edge      49056000.gpio
 50:          0      INTC  34 Edge      49058000.gpio
 54:       3656      INTC  38 Edge      gp_timer
 72:          0      INTC  56 Edge      48070000.i2c
 73:          0      INTC  57 Edge      48072000.i2c
 77:          0      INTC  61 Edge      48060000.i2c
 83:          0      INTC  67 Edge      eth0
 84:          4      INTC  68 Edge      eth0
 85:         14      INTC  69 Edge      eth0
 86:          0      INTC  70 Edge      eth0
 90:       7104      INTC  74 Edge      OMAP UART2
 99:       4479      INTC  83 Edge      mmc0
IPI0:          0  CPU wakeup interrupts
IPI1:          0  Timer broadcast interrupts
IPI2:          0  Rescheduling interrupts
IPI3:          0  Function call interrupts
IPI4:          0  Single function call interrupts
IPI5:          0  CPU stop interrupts
IPI6:          0  IRQ work interrupts
IPI7:          0  completion interrupts
Err:          0
=======
Clk_summary:
   clock                         enable_cnt  prepare_cnt        rate   accuracy   phase
----------------------------------------------------------------------------------------
 pclk_ck                                  0            0    27000000          0 0  
    vpfe_fck                              0            0    27000000          0 0  
 rmii_ck                                  1            1    50000000          0 0  
    emac_fck                              2            2    50000000          0 0  
 secure_32k_fck                           0            1       32768          0 0  
    wdt1_fck                              0            0       32768          0 0  
    gpt12_fck                             0            1       32768          0 0  
 dummy_ck                                 0            0           0          0 0  
 mcbsp_clks                               0            5           0          0 0  
 sys_altclk                               0            0           0          0 0  
 virt_38_4m_ck                            0            0    38400000          0 0  
 virt_26000000_ck                         1            1    26000000          0 0  
    osc_sys_ck                            1            1    26000000          0 0  
       sys_clkout1                        0            0    26000000          0 0  
       sys_ck                             5           17    13000000          0 0  
          gpt9_fck                        0            1    13000000          0 0  
          gpt8_fck                        0            1    13000000          0 0  
          gpt7_fck                        0            1    13000000          0 0  
          gpt6_fck                        0            1    13000000          0 0  
          gpt5_fck                        0            1    13000000          0 0  
          gpt4_fck                        0            1    13000000          0 0  
          gpt3_fck                        0            1    13000000          0 0  
          gpt2_fck                        1            1    13000000          0 0  
          gpt1_fck                        1            1    13000000          0 0  
          hecc_ck                         0            0    13000000          0 0  
          hsotgusb_fck_am35xx             0            1    13000000          0 0  
          cpefuse_fck                     0            0    13000000          0 0  
          dpll5_ck                        0            1   120000000          0 0  
             dpll5_m2_ck                  0            1   120000000          0 0  
                usbhost_120m_fck           0            0   120000000          0 0  
                usbtll_fck                0            1   120000000          0 0  
          traceclk_src_fck                0            0    13000000          0 0  
             traceclk_fck                 0            0    13000000          0 0  
          emu_src_mux_ck                  0            1    13000000          0 0  
             emu_src_ck                   0            1    13000000          0 0  
                atclk_fck                 0            0    13000000          0 0  
                pclkx2_fck                0            0    13000000          0 0  
                pclk_fck                  0            0     6500000          0 0  
          dss2_alwon_fck                  0            2    13000000          0 0  
          dpll1_ck                        0            1   600000000          0 0  
             dpll1_x2_ck                  0            1  1200000000          0 0  
                dpll1_x2m2_ck             0            1  1200000000          0 0  
                   mpu_ck                 0            1  1200000000          0 0  
                      emu_mpu_alwon_ck           0            0  1200000000          0 0  
                      arm_fck             0            1   600000000          0 0  
          dpll3_ck                        1            1   332000000          0 0  
             dpll3_x2_ck                  0            0   664000000          0 0  
             dpll3_m2_ck                  1            1   332000000          0 0  
                dpll3_m2x2_ck             0            0   664000000          0 0  
                   corex2_fck             0            0   664000000          0 0  
                      corex2_d5_fck           0            0   132800000          0 0  
                      corex2_d3_fck           0            0   221333333          0 0  
                core_ck                   1            1   332000000          0 0  
                   core_d2_ck             0            0   166000000          0 0  
                   core_d6_ck             0            0    55333333          0 0  
                      sgx_fck             0            0    55333333          0 0  
                   core_d4_ck             0            0    83000000          0 0  
                   core_d3_ck             0            0   110666666          0 0  
                   l3_ick                 2            2   166000000          0 0  
                      sgx_ick             0            0   166000000          0 0  
                      core_l3_ick           6            7   166000000          0 0  
                         ipss_ick           2            2   166000000          0 0  
                            hsotgusb_ick_am35xx           2            2   166000000          0 0  
                            vpfe_ick           0            0   166000000          0 0  
                            emac_ick           2            2   166000000          0 0  
                         gpmc_fck           2            2   166000000          0 0  
                         sdrc_ick           1            1   166000000          0 0  
                      l4_ick              4            4    83000000          0 0  
                         usbhost_ick           1            1    83000000          0 0  
                         dss_ick_3430es2           4            6    83000000          0 0  
                         per_l4_ick          12           17    83000000          0 0  
                            mcbsp4_ick           1            1    83000000          0 0  
                            mcbsp3_ick           2            2    83000000          0 0  
                            mcbsp2_ick           2            2    83000000          0 0  
                            gpt2_ick           1            1    83000000          0 0  
                            gpt3_ick           1            1    83000000          0 0  
                            gpt4_ick           1            1    83000000          0 0  
                            gpt5_ick           1            1    83000000          0 0  
                            gpt6_ick           1            1    83000000          0 0  
                            gpt7_ick           1            1    83000000          0 0  
                            gpt8_ick           1            1    83000000          0 0  
                            gpt9_ick           1            1    83000000          0 0  
                            uart4_ick           0            0    83000000          0 0  
                            uart3_ick           1            1    83000000          0 0  
                            wdt3_ick           0            0    83000000          0 0  
                            gpio2_ick           0            1    83000000          0 0  
                            gpio3_ick           0            1    83000000          0 0  
                            gpio4_ick           0            1    83000000          0 0  
                            gpio5_ick           0            1    83000000          0 0  
                            gpio6_ick           0            1    83000000          0 0  
                         core_l4_ick          20           21    83000000          0 0  
                            mmchs3_ick           1            1    83000000          0 0  
                            usbtll_ick           1            1    83000000          0 0  
                            uart4_ick_am35xx           1            1    83000000          0 0  
                            sha12_ick           0            0    83000000          0 0  
                            aes2_ick           0            0    83000000          0 0  
                            omapctrl_ick           1            1    83000000          0 0  
                            mcbsp1_ick           1            1    83000000          0 0  
                            mcbsp5_ick           1            1    83000000          0 0  
                            gpt10_ick           1            1    83000000          0 0  
                            gpt11_ick           1            1    83000000          0 0  
                            uart1_ick           1            1    83000000          0 0  
                            uart2_ick           1            1    83000000          0 0  
                            i2c1_ick           1            1    83000000          0 0  
                            i2c2_ick           1            1    83000000          0 0  
                            i2c3_ick           1            1    83000000          0 0  
                            mcspi1_ick           1            1    83000000          0 0  
                            mcspi2_ick           1            1    83000000          0 0  
                            mcspi3_ick           1            1    83000000          0 0  
                            mcspi4_ick           1            1    83000000          0 0  
                            hdq_ick           0            1    83000000          0 0  
                            mmchs1_ick           1            1    83000000          0 0  
                            mmchs2_ick           1            1    83000000          0 0  
                         rm_ick           0            0    41500000          0 0  
                   dpll1_fck              0            0   166000000          0 0  
             dpll3_m3_ck                  0            0   166000000          0 0  
                dpll3_m3x2_mul_ck           0            0   332000000          0 0  
                   dpll3_m3x2_ck           0            0   332000000          0 0  
                      emu_core_alwon_ck           0            0   332000000          0 0  
          dpll4_ck                        1            3   432000000          0 0  
             dpll4_x2_ck                  0            0   864000000          0 0  
             dpll4_m6_ck                  0            0   144000000          0 0  
                dpll4_m6x2_mul_ck           0            0   288000000          0 0  
                   dpll4_m6x2_ck           0            0   288000000          0 0  
                      emu_per_alwon_ck           0            0   288000000          0 0  
             dpll4_m5_ck                  0            0   108000000          0 0  
                dpll4_m5x2_mul_ck           0            0   216000000          0 0  
                   dpll4_m5x2_ck           0            0   216000000          0 0  
             dpll4_m4_ck                  0            1   216000000          0 0  
                dpll4_m4x2_mul_ck           0            1   432000000          0 0  
                   dpll4_m4x2_ck           0            1   432000000          0 0  
                      dss1_alwon_fck_3430es2           0            4   432000000          0 0  
             dpll4_m3_ck                  0            1    27000000          0 0  
                dpll4_m3x2_mul_ck           0            1    54000000          0 0  
                   dpll4_m3x2_ck           0            1    54000000          0 0  
                      omap_54m_fck           0            1    54000000          0 0  
                         clkout2_src_ck           0            0    54000000          0 0  
                            sys_clkout2           0            0    54000000          0 0  
                         dss_tv_fck           0            2    54000000          0 0  
             dpll4_m2_ck                  1            1    48000000          0 0  
                dpll4_m2x2_mul_ck           1            1    96000000          0 0  
                   dpll4_m2x2_ck           1            1    96000000          0 0  
                      omap_192m_alwon_fck           0            0    96000000          0 0  
                      omap_96m_alwon_fck           1            2    96000000          0 0  
                         per_96m_fck           0            6    96000000          0 0  
                            mcbsp4_fck           0            1    96000000          0 0  
                            mcbsp3_fck           0            2    96000000          0 0  
                            mcbsp2_fck           0            2    96000000          0 0  
                         cm_96m_fck           1            2    96000000          0 0  
                            cm_96m_d2_fck           1            1    48000000          0 0  
                               omap_48m_fck           2            4    48000000          0 0  
                                  usbhost_48m_fck           0            1    48000000          0 0  
                                  per_48m_fck           1            1    48000000          0 0  
                                     uart3_fck           1            1    48000000          0 0  
                                  core_48m_fck           2            7    48000000          0 0  
                                     uart4_fck_am35xx           0            1    48000000          0 0  
                                     uart1_fck           1            2    48000000          0 0  
                                     uart2_fck           1            1    48000000          0 0  
                                     mcspi1_fck           0            1    48000000          0 0  
                                     mcspi2_fck           0            1    48000000          0 0  
                                     mcspi3_fck           0            1    48000000          0 0  
                                     mcspi4_fck           0            1    48000000          0 0  
                                  omap_12m_fck           0            1    12000000          0 0  
                                     core_12m_fck           0            1    12000000          0 0  
                                        hdq_fck             0            1    12000000          0 0  
                            omap_96m_fck           0            2    96000000          0 0  
                               dss_96m_fck           0            2    96000000          0 0  
                               core_96m_fck           0           10    96000000          0 0  
                                  mcbsp1_fck           0            1    96000000          0 0  
                                  mcbsp5_fck           0            1    96000000          0 0  
                                  mmchs3_fck           0            1    96000000          0 0  
                                  i2c1_fck           0            1    96000000          0 0  
                                  i2c2_fck           0            1    96000000          0 0  
                                  i2c3_fck           0            1    96000000          0 0  
                                  mmchs1_fck           0            1    96000000          0 0  
                                  mmchs2_fck           0            1    96000000          0 0  
          wkup_l4_ick                     4            5    13000000          0 0  
             gpt1_ick                     1            1    13000000          0 0  
             gpt12_ick                    1            1    13000000          0 0  
             omap_32ksync_ick             1            1    13000000          0 0  
             gpio1_ick                    0            1    13000000          0 0  
             wdt1_ick                     0            0    13000000          0 0  
             wdt2_ick                     1            1    13000000          0 0  
 virt_19200000_ck                         0            0    19200000          0 0  
 virt_13m_ck                              0            0    13000000          0 0  
 virt_12m_ck                              0            0    12000000          0 0  
 omap_32k_fck                             0            7       32768          0 0  
    gpt11_fck                             0            1       32768          0 0  
    gpt10_fck                             0            1       32768          0 0  
    ts_fck                                0            0       32768          0 0  
    per_32k_alwon_fck                     0            5       32768          0 0  
       wdt3_fck                           0            0       32768          0 0  
       gpio2_dbck                         0            2       32768          0 0  
       gpio3_dbck                         0            2       32768          0 0  
       gpio4_dbck                         0            2       32768          0 0  
       gpio5_dbck                         0            2       32768          0 0  
       gpio6_dbck                         0            2       32768          0 0  
    wkup_32k_fck                          0            3       32768          0 0  
       wdt2_fck                           0            1       32768          0 0  
       gpio1_dbck                         0            2       32768          0 0  
 dummy_apb_pclk                           0            0           0          0 0  
 virt_16_8m_ck                            0            0    16800000          0 0  
=======
Available frequencies
=======
===== ALERT ==
udev[96]: starting version 164
=====
===== ERR ==
In-band Error seen by USB_OTG  at address 0
platform 480c5000.aes: Cannot lookup hwmod 'aes'
platform 480c3000.sham: Cannot lookup hwmod 'sham'
platform 480cb000.smartreflex: Cannot lookup hwmod 'smartreflex_core'
platform 480ab000.usb_otg_hs: Cannot lookup hwmod 'usb_otg_hs'
mtdoops: mtd device (mtddev=name/number) must be supplied
omap2_set_init_voltage: unable to find boot up OPP for vdd_mpu_iva
omap2_set_init_voltage: unable to set vdd_mpu_iva
omap2_set_init_voltage: unable to find boot up OPP for vdd_core
omap2_set_init_voltage: unable to set vdd_core
pm: Failed to request pm_wkup irq
sr_init: platform driver register failed for SR
=====
===== WARN ==
Lock dependency validator: Copyright (c) 2006 Red Hat, Inc., Ingo Molnar
... MAX_LOCKDEP_SUBCLASSES:  8
... MAX_LOCK_DEPTH:          48
... MAX_LOCKDEP_KEYS:        8191
... CLASSHASH_SIZE:          4096
... MAX_LOCKDEP_ENTRIES:     32768
... MAX_LOCKDEP_CHAINS:      65536
... CHAINHASH_SIZE:          32768
 memory used by lock dependency info: 5167 kB
 per task-struct memory footprint: 1536 bytes
omap_hwmod: mcbsp2_sidetone using broken dt data from mcbsp
omap_hwmod: mcbsp3_sidetone using broken dt data from mcbsp
------------[ cut here ]------------
WARNING: CPU: 0 PID: 1 at drivers/bus/omap_l3_smx.c:166 omap3_l3_app_irq+0xdc/0x130()
Modules linked in:
CPU: 0 PID: 1 Comm: swapper/0 Not tainted 4.4.0-00002-gc9839de9836d #1
Hardware name: Generic AM3517 (Flattened Device Tree)
[<c0017b84>] (unwind_backtrace) from [<c0013ee8>] (show_stack+0x10/0x14)
[<c0013ee8>] (show_stack) from [<c0347e80>] (dump_stack+0x84/0x9c)
[<c0347e80>] (dump_stack) from [<c003c528>] (warn_slowpath_common+0x78/0xb4)
[<c003c528>] (warn_slowpath_common) from [<c003c600>] (warn_slowpath_null+0x1c/0x24)
[<c003c600>] (warn_slowpath_null) from [<c0374428>] (omap3_l3_app_irq+0xdc/0x130)
[<c0374428>] (omap3_l3_app_irq) from [<c009c2c4>] (handle_irq_event_percpu+0x44/0x1f0)
[<c009c2c4>] (handle_irq_event_percpu) from [<c009c4a8>] (handle_irq_event+0x38/0x5c)
[<c009c4a8>] (handle_irq_event) from [<c009f4b0>] (handle_level_irq+0xb8/0x150)
[<c009f4b0>] (handle_level_irq) from [<c009b974>] (generic_handle_irq+0x20/0x34)
[<c009b974>] (generic_handle_irq) from [<c009bc54>] (__handle_domain_irq+0x64/0xe0)
[<c009bc54>] (__handle_domain_irq) from [<c064c1b8>] (__irq_svc+0x58/0x78)
[<c064c1b8>] (__irq_svc) from [<c064b994>] (_raw_spin_unlock_irqrestore+0x34/0x44)
[<c064b994>] (_raw_spin_unlock_irqrestore) from [<c009df68>] (__setup_irq+0x26c/0x5f8)
[<c009df68>] (__setup_irq) from [<c009e444>] (request_threaded_irq+0xc0/0x158)
[<c009e444>] (request_threaded_irq) from [<c0374564>] (omap3_l3_probe+0xe8/0x16c)
[<c0374564>] (omap3_l3_probe) from [<c03e275c>] (platform_drv_probe+0x50/0xac)
[<c03e275c>] (platform_drv_probe) from [<c03e0cf8>] (driver_probe_device+0x1f4/0x2f8)
[<c03e0cf8>] (driver_probe_device) from [<c03df224>] (bus_for_each_drv+0x64/0x98)
[<c03df224>] (bus_for_each_drv) from [<c03e0a74>] (__device_attach+0xa4/0x10c)
[<c03e0a74>] (__device_attach) from [<c03e017c>] (bus_probe_device+0x88/0x90)
[<c03e017c>] (bus_probe_device) from [<c03de524>] (device_add+0x3bc/0x56c)
[<c03de524>] (device_add) from [<c04d6cc0>] (of_platform_device_create_pdata+0x80/0xb8)
[<c04d6cc0>] (of_platform_device_create_pdata) from [<c04d6de0>] (of_platform_bus_create+0xdc/0x18c)
[<c04d6de0>] (of_platform_bus_create) from [<c04d6fbc>] (of_platform_populate+0x5c/0xac)
[<c04d6fbc>] (of_platform_populate) from [<c08bf52c>] (pdata_quirks_init+0x54/0x74)
[<c08bf52c>] (pdata_quirks_init) from [<c08bf184>] (omap_generic_init+0x10/0x1c)
[<c08bf184>] (omap_generic_init) from [<c08af7d8>] (customize_machine+0x1c/0x40)
[<c08af7d8>] (customize_machine) from [<c0009804>] (do_one_initcall+0x80/0x1e0)
[<c0009804>] (do_one_initcall) from [<c08acec0>] (kernel_init_freeable+0x214/0x2e4)
[<c08acec0>] (kernel_init_freeable) from [<c06453dc>] (kernel_init+0x8/0xec)
[<c06453dc>] (kernel_init) from [<c000f770>] (ret_from_fork+0x14/0x24)
---[ end trace ac11ea841a5f160d ]---
gpmc_mem_init: disabling cs 0 mapped at 0x0-0x1000000
omap4_sram_init:Unable to allocate sram needed to handle errata I688
omap4_sram_init:Unable to get sram pool needed to handle errata I688
PM: no software I/O chain control
davinci_emac davinci_emac.0: using random MAC addr: d6:97:ee:79:c4:44
sr_init: No PMIC hook to init smartreflex
davinci_mdio davinci_mdio.0: resetting idled controller
mmc0: host does not support reading read-only switch, assuming write-enable
IP-Config: Got DHCP answer from 192.168.1.254, my address is 192.168.1.198
, nameserver1=192.0.2.3
FAT-fs (mmcblk0p1): Volume was not properly unmounted. Some data may be corrupt. Please run fsck.
=====
SUMMARY RESULT: BOOT: PASS: Hello World Board Booted Boot Log has:::: alert=1 err=12 warn=60:
root@am3517-evm:/test# 
- 00:33:00 [INFO] Host: cat stderr.log
- 00:33:00 [INFO] Target: 
cat stderr.log
./test.sh: line 33:   661 Killed                  cp /dev/kmsg $TMPF
root@am3517-evm:/test# 
- 00:33:00 [INFO] Host: cat result.log
- 00:33:02 [ERROR] On command: cat result.log waiting for cat result.log.+?(?m-ix:^1[\0\n\r]+) >>> error: execution expired
- 00:33:02 [INFO] Target: 
cat result.log
root@am3517-evm:/test# 
- 00:33:02 [INFO] Host: cd /test
- 00:33:02 [INFO] Target: 
cd /test
root@am3517-evm:/test# 
URL:gtsystest.telogy.design.ti.com/vatf/tidfarm-06/tidfarm-06_vatf@am3517-evm/tidfarm-0601_11_2016_00_31_00/files/session_iteration_1/test_1
