- 07:00:11 [INFO] Starting target session
- 07:00:12 [INFO] Connected to am3517-evm via serial 
- 07:00:12 [INFO] Host: #check prompt
- 07:00:15 [ERROR] On command: #check prompt waiting for #check prompt.+?(?-mix:((?-mix:login:)|[Pp]assword)) >>> error: execution expired
- 07:00:15 [INFO] Target: 
#check prompt
root@am3517-evm:/test# 
- 07:00:15 [INFO] Host: #check prompt
- 07:00:15 [INFO] Target: 
#check prompt
root@am3517-evm:/test# 
- 07:00:15 [INFO] Host: sync;poweroff
- 07:00:24 [INFO] Target: 
sync;poweroff
Broadcast message from root (ttyO2) (Mon Feb 20 08:02:19 20Br=]jRStopping Dropbear SSH server: stopped /usr/sbin/dropbear (pid 1633)
dropbear.
Stopping telnet daemon.
Stopping Hardware abstraction layer hald
Stopping system message bus: stopped process in pidfile '/var/run/dbus/pid' (pid 1595)
dbus.
Stopping thttpdError opening /dev/fb0: No such file or directory
ALSA: Storing mixer settings...
/usr/sbin/alsactl: save_state:1519: No soundcards found...
Deconfiguring network interfaces... cat: can't open '/var/run/udhcpc.eth0.pid': No such file or directory
ifconfig: SIOCGIFFLAGS: No such device
done.
Stopping Lighttpd Web Server: stopped /usr/sbin/lighttpd (pid 1668)
lighttpd.
Stopping syslogd/klogd: stopped syslogd (pid 1645)
stopped klogd (pid 1647)
done
Stopping Matrix GUI applicationstart-stop-daemon: warning: killing process 0: No such process
***************************************************************
***************************************************************
NOTICE: This file system contains the followin GPLv3 packages:
	binutils-dev
	binutils-symlinks
	binutils
	gdbserver
If you do not wish to distribute GPLv3 components please remove
the above packages prior to distribution.  This can be done using
the opkg remove command.  i.e.:
    opkg remove <package>
Where <package> is the name printed in the list above
NOTE: If the package is a dependency of another package you
      will be notified of the dependent packages.  You should
      use the --force-removal-of-dependent-packages option to
      also remove the dependent packages as well
***************************************************************
***************************************************************
Sending all processes the TERM signal...
Sending all processes the KILL signal...
hwclock: can't open '/dev/misc/rtc': No such file or directory
Unmounting remote filesystems...
Deactivating swap...
Unmounting local filesystems...
[12173.578676] EXT4-fs (mmcblk0p2): re-mounted. Opts: (null)
[12175.750455] reboot: System halted
- 07:00:24 [INFO] Disconnected serial from am3517-evm
- 07:00:47 [INFO] Connected to am3517-evm via serial 
- 07:00:47 [INFO] Host: 
- 07:00:47 [ERROR] On command:  waiting for (?-mix:AM3517_EVM\s*#) >>> error: execution expired
- 07:00:47 [INFO] Target: 
- 07:00:47 [INFO] Host: 
- 07:00:48 [ERROR] On command:  waiting for (?-mix:AM3517_EVM\s*#) >>> error: execution expired
- 07:00:48 [INFO] Target: 
40XU
U-Boot SPL 2011.09-00000-g9cf431d (Jun 25 2013 - 15:14:11)
Texas Instruments Revision detection unimplemented
OMAP SD/M
- 07:00:48 [INFO] Host: 
- 07:00:48 [ERROR] On command:  waiting for (?-mix:AM3517_EVM\s*#) >>> error: execution expired
- 07:00:48 [INFO] Target: 
MC: 0
reading u-boot.img
reading u-boot.img
U-Boot 2011.09-00000-g9cf431d (Jun 25 2013 - 15:14:11)
AM35XX-GP ES2.0, CPU-OPP2, L3-165MHz, Max CPU Clock 600 Mhz
AM3517EVM Board + LPDDR/NAND
I2C:   ready
DRAM:  256 MiB
WARNING: Caches not enabled
NAND:  HW ECC [Kernel/FS layout] selected
512 MiB
MMC:   OMAP SD/MMC: 0
- 07:00:48 [INFO] Host: 
- 07:00:49 [ERROR] On command:  waiting for (?-mix:AM3517_EVM\s*#) >>> error: execution expired
- 07:00:49 [INFO] Target: 
- 07:00:49 [INFO] Host: 
- 07:00:49 [INFO] Target: 
In:    serial
Out:   serial
Err:   serial
Die ID #5f5c00010000000001685a201600f025
Net:   Ethernet PHY: GENERIC @ 0x00
DaVinci-EMAC
Hit any key to stop autoboot:  3  0 
AM3517_EVM # 
AM3517_EVM # 
- 07:00:49 [INFO] Host: 
- 07:00:49 [INFO] Target: 
AM3517_EVM # 
- 07:00:49 [INFO] Host: version
- 07:00:49 [INFO] Target: 
version
U-Boot 2011.09-00000-g9cf431d (Jun 25 2013 - 15:14:11)
arm-linux-gnueabihf-gcc (crosstool-NG linaro-1.13.1-4.7-2013.03-20130313 - Linaro GCC 2013.03) 4.7.3 20130226 (prerelease)
GNU ld (crosstool-NG linaro-1.13.1-4.7-2013.03-20130313 - Linaro GCC 2013.03) 2.23.1
AM3517_EVM # 
- 07:00:49 [INFO] Host: setenv bootargs 'console=ttyO2,115200n8 debug ignore_loglevel earlyprintk root=/dev/mmcblk0p2 rootwait nohlt '
- 07:00:49 [INFO] Target: 
setenv bootargs 'console=ttyO2,115200n8 debug ignore_loglevel earlyprintk root=/dev/mmcblk0p2 rootwait nohlt '
AM3517_EVM # 
- 07:00:49 [INFO] Host: setenv bootcmd  ''
- 07:00:49 [INFO] Target: 
setenv bootcmd  ''
AM3517_EVM # 
- 07:00:49 [INFO] Host: setenv autoload 'no'
- 07:00:49 [INFO] Target: 
setenv autoload 'no'
AM3517_EVM # 
- 07:00:49 [INFO] Host: setenv serverip '10.218.102.142'
- 07:00:49 [INFO] Target: 
setenv serverip '10.218.102.142'
AM3517_EVM # 
- 07:00:49 [INFO] Host: printenv
- 07:00:49 [INFO] Target: 
printenv
autoload=no
baudrate=115200
bootargs=console=ttyO2,115200n8 debug ignore_loglevel earlyprintk root=/dev/mmcblk0p2 rootwait nohlt 
bootargs_defaults=setenv bootargs console=${console} ${optargs}
bootcmd=
bootdelay=3
bootenv=uEnv.txt
bootfile=tigt-0001-desktop/2012-09-19t22-05-12-184/am3517-evm/70132be54a7f7fcf07b00ec4a126f0b2
bootscript=echo Running bootscript from mmc ...; source ${loadaddr}
console=ttyO2,115200n8
dieid#=5f5c00010000000001685a201600f025
ethact=DaVinci-EMAC
ethaddr=40:98:4e:74:71:9d
importbootenv=echo Importing environment from mmc ...; env import -t $loadaddr $filesize
kloadaddr=0x80007fc0
loadaddr=0x82000000
loadbootenv=fatload mmc ${mmc_dev} ${loadaddr} ${bootenv}
loadbootscript=fatload mmc ${mmcdev} ${loadaddr} boot.scr
loaduimage=fatload mmc ${mmcdev} ${kloadaddr} uImage
mmc_load_uimage=mmc rescan; fatload mmc 0 ${loadaddr} uImage
mmcargs=run bootargs_defaults; setenv bootargs ${bootargs} root=/dev/mmcblk0p2 rw rootfstype=ext3 rootwait
mmcboot=echo Booting from mmc ...; run mmcargs; bootm ${kloadaddr}; 
mmcdev=0
nandargs=run bootargs_defaults; setenv bootargs ${bootargs} root=/dev/mtdblock4 rw rootfstype=jffs2
nandboot=echo Booting from nand ...; run nandargs; nand read ${kloadaddr} 280000 400000; bootm ${kloadaddr}; 
nfs_root_path=10.218.102.142:/home/tigt-0001/NFS_exports/am3517/autofs/ae0d8e03f9b2bf510b0c654ac60741c7
ramdisk_addr=0x8A080000
serverip=10.218.102.142
stderr=serial
stdin=serial
stdout=serial
Environment size: 1515/131068 bytes
AM3517_EVM # 
- 07:00:49 [INFO] Host: printenv
- 07:00:49 [INFO] Target: 
printenv
autoload=no
baudrate=115200
bootargs=console=ttyO2,115200n8 debug ignore_loglevel earlyprintk root=/dev/mmcblk0p2 rootwait nohlt 
bootargs_defaults=setenv bootargs console=${console} ${optargs}
bootcmd=
bootdelay=3
bootenv=uEnv.txt
bootfile=tigt-0001-desktop/2012-09-19t22-05-12-184/am3517-evm/70132be54a7f7fcf07b00ec4a126f0b2
bootscript=echo Running bootscript from mmc ...; source ${loadaddr}
console=ttyO2,115200n8
dieid#=5f5c00010000000001685a201600f025
ethact=DaVinci-EMAC
ethaddr=40:98:4e:74:71:9d
importbootenv=echo Importing environment from mmc ...; env import -t $loadaddr $filesize
kloadaddr=0x80007fc0
loadaddr=0x82000000
loadbootenv=fatload mmc ${mmc_dev} ${loadaddr} ${bootenv}
loadbootscript=fatload mmc ${mmcdev} ${loadaddr} boot.scr
loaduimage=fatload mmc ${mmcdev} ${kloadaddr} uImage
mmc_load_uimage=mmc rescan; fatload mmc 0 ${loadaddr} uImage
mmcargs=run bootargs_defaults; setenv bootargs ${bootargs} root=/dev/mmcblk0p2 rw rootfstype=ext3 rootwait
mmcboot=echo Booting from mmc ...; run mmcargs; bootm ${kloadaddr}; 
mmcdev=0
nandargs=run bootargs_defaults; setenv bootargs ${bootargs} root=/dev/mtdblock4 rw rootfstype=jffs2
nandboot=echo Booting from nand ...; run nandargs; nand read ${kloadaddr} 280000 400000; bootm ${kloadaddr}; 
nfs_root_path=10.218.102.142:/home/tigt-0001/NFS_exports/am3517/autofs/ae0d8e03f9b2bf510b0c654ac60741c7
ramdisk_addr=0x8A080000
serverip=10.218.102.142
stderr=serial
stdin=serial
stdout=serial
Environment size: 1515/131068 bytes
AM3517_EVM # 
- 07:00:49 [INFO] Host: setenv bootargs ''${bootargs}' ip=dhcp '
- 07:00:50 [INFO] Target: 
setenv bootargs ''${bootargs}' ip=dhcp '
AM3517_EVM # 
- 07:00:50 [INFO] Host: setenv serverip '10.218.102.142'
- 07:00:50 [INFO] Target: 
setenv serverip '10.218.102.142'
AM3517_EVM # 
- 07:00:50 [INFO] Host: setenv ipaddr dhcp
- 07:00:50 [INFO] Target: 
setenv ipaddr dhcp
AM3517_EVM # 
- 07:00:50 [INFO] Host: setenv autoload 'no'
- 07:00:50 [INFO] Target: 
setenv autoload 'no'
AM3517_EVM # 
- 07:00:50 [INFO] Host: dhcp
- 07:00:51 [INFO] Target: 
dhcp
BOOTP broadcast 1
DHCP client bound to address 10.218.102.209
AM3517_EVM # 
- 07:00:51 [INFO] Host: setenv serverip '10.218.102.142'
- 07:00:51 [INFO] Target: 
setenv serverip '10.218.102.142'
AM3517_EVM # 
- 07:00:51 [INFO] Host: tftp ${loadaddr} 10.218.102.142:vatf_am3517-evm/fe364353da1be056b28bf49f81e9c3e7
- 07:00:57 [INFO] Target: 
tftp ${loadaddr} 10.218.102.142:vatf_am3517-evm/fe364353da1be056b28bf49f81e9c3e7
Using DaVinci-EMAC device
TFTP from server 10.218.102.142; our IP address is 10.218.102.209
Filename 'vatf_am3517-evm/fe364353da1be056b28bf49f81e9c3e7'.
Load address: 0x82000000
Loading: *#################################################################
	 #################################################################
	 #################################################################
	 #################################################################
	 #################################################################
	 #################################################################
	 #################################################################
	 #################################################################
	 #################################################################
	 #################################################################
	 #################################################################
	 #################################################################
	 #################################################################
	 #################################
done
Bytes transferred = 4490530 (448522 hex)
AM3517_EVM # 
- 07:00:57 [INFO] Host: ls mmc 0:1
- 07:00:57 [INFO] Target: 
ls mmc 0:1
ls - list files in a directory (default /)
Usage:
ls [ directory ]
AM3517_EVM # 
- 07:00:57 [INFO] Host: ls mmc 0:2
- 07:00:57 [INFO] Target: 
ls mmc 0:2
ls - list files in a directory (default /)
Usage:
ls [ directory ]
AM3517_EVM # 
- 07:00:57 [INFO] Host: ls mmc 0:3
- 07:00:57 [INFO] Target: 
ls mmc 0:3
ls - list files in a directory (default /)
Usage:
ls [ directory ]
AM3517_EVM # 
- 07:00:57 [INFO] Host: ls mmc 0:4
- 07:00:57 [INFO] Target: 
ls mmc 0:4
ls - list files in a directory (default /)
Usage:
ls [ directory ]
AM3517_EVM # 
- 07:00:57 [INFO] Host: ls mmc 0:5
- 07:00:57 [INFO] Target: 
ls mmc 0:5
ls - list files in a directory (default /)
Usage:
ls [ directory ]
AM3517_EVM # 
- 07:00:57 [INFO] Host: part uuid mmc 0:
- 07:00:58 [INFO] Target: 
part uuid mmc 0:
Unknown command 'part' - try 'help'
AM3517_EVM # 
- 07:00:58 [INFO] Host: printenv
- 07:00:58 [INFO] Target: 
printenv
autoload=no
baudrate=115200
bootargs=console=ttyO2,115200n8 debug ignore_loglevel earlyprintk root=/dev/mmcblk0p2 rootwait nohlt ip=dhcp
bootargs_defaults=setenv bootargs console=${console} ${optargs}
bootcmd=
bootdelay=3
bootenv=uEnv.txt
bootfile=tigt-0001-desktop/2012-09-19t22-05-12-184/am3517-evm/70132be54a7f7fcf07b00ec4a126f0b2
bootscript=echo Running bootscript from mmc ...; source ${loadaddr}
console=ttyO2,115200n8
dieid#=5f5c00010000000001685a201600f025
dnsip=192.0.2.2
dnsip2=192.0.2.3
ethact=DaVinci-EMAC
ethaddr=40:98:4e:74:71:9d
fileaddr=82000000
filesize=448522
importbootenv=echo Importing environment from mmc ...; env import -t $loadaddr $filesize
ipaddr=10.218.102.209
kloadaddr=0x80007fc0
loadaddr=0x82000000
loadbootenv=fatload mmc ${mmc_dev} ${loadaddr} ${bootenv}
loadbootscript=fatload mmc ${mmcdev} ${loadaddr} boot.scr
loaduimage=fatload mmc ${mmcdev} ${kloadaddr} uImage
mmc_load_uimage=mmc rescan; fatload mmc 0 ${loadaddr} uImage
mmcargs=run bootargs_defaults; setenv bootargs ${bootargs} root=/dev/mmcblk0p2 rw rootfstype=ext3 rootwait
mmcboot=echo Booting from mmc ...; run mmcargs; bootm ${kloadaddr}; 
mmcdev=0
nandargs=run bootargs_defaults; setenv bootargs ${bootargs} root=/dev/mtdblock4 rw rootfstype=jffs2
nandboot=echo Booting from nand ...; run nandargs; nand read ${kloadaddr} 280000 400000; bootm ${kloadaddr}; 
netmask=255.255.255.0
nfs_root_path=10.218.102.142:/home/tigt-0001/NFS_exports/am3517/autofs/ae0d8e03f9b2bf510b0c654ac60741c7
ramdisk_addr=0x8A080000
serverip=10.218.102.142
stderr=serial
stdin=serial
stdout=serial
Environment size: 1645/131068 bytes
AM3517_EVM # 
- 07:00:58 [INFO] Host: setenv bootargs ''${bootargs}' root=/dev/mmcblk0p2 rw rootfstype=ext3 rootwait '
- 07:00:58 [INFO] Target: 
setenv bootargs ''${bootargs}' root=/dev/mmcblk0p2 rw rootfstype=ext3 rootwait '
AM3517_EVM # 
- 07:00:58 [INFO] Host: printenv
- 07:00:58 [INFO] Target: 
printenv
autoload=no
baudrate=115200
bootargs=console=ttyO2,115200n8 debug ignore_loglevel earlyprintk root=/dev/mmcblk0p2 rootwait nohlt ip=dhcp root=/dev/mmcblk0p2 rw rootfstype=ext3 rootwait
bootargs_defaults=setenv bootargs console=${console} ${optargs}
bootcmd=
bootdelay=3
bootenv=uEnv.txt
bootfile=tigt-0001-desktop/2012-09-19t22-05-12-184/am3517-evm/70132be54a7f7fcf07b00ec4a126f0b2
bootscript=echo Running bootscript from mmc ...; source ${loadaddr}
console=ttyO2,115200n8
dieid#=5f5c00010000000001685a201600f025
dnsip=192.0.2.2
dnsip2=192.0.2.3
ethact=DaVinci-EMAC
ethaddr=40:98:4e:74:71:9d
fileaddr=82000000
filesize=448522
importbootenv=echo Importing environment from mmc ...; env import -t $loadaddr $filesize
ipaddr=10.218.102.209
kloadaddr=0x80007fc0
loadaddr=0x82000000
loadbootenv=fatload mmc ${mmc_dev} ${loadaddr} ${bootenv}
loadbootscript=fatload mmc ${mmcdev} ${loadaddr} boot.scr
loaduimage=fatload mmc ${mmcdev} ${kloadaddr} uImage
mmc_load_uimage=mmc rescan; fatload mmc 0 ${loadaddr} uImage
mmcargs=run bootargs_defaults; setenv bootargs ${bootargs} root=/dev/mmcblk0p2 rw rootfstype=ext3 rootwait
mmcboot=echo Booting from mmc ...; run mmcargs; bootm ${kloadaddr}; 
mmcdev=0
nandargs=run bootargs_defaults; setenv bootargs ${bootargs} root=/dev/mtdblock4 rw rootfstype=jffs2
nandboot=echo Booting from nand ...; run nandargs; nand read ${kloadaddr} 280000 400000; bootm ${kloadaddr}; 
netmask=255.255.255.0
nfs_root_path=10.218.102.142:/home/tigt-0001/NFS_exports/am3517/autofs/ae0d8e03f9b2bf510b0c654ac60741c7
ramdisk_addr=0x8A080000
serverip=10.218.102.142
stderr=serial
stdin=serial
stdout=serial
Environment size: 1693/131068 bytes
AM3517_EVM # 
- 07:00:58 [INFO] Host: setenv bootcmd ''${bootcmd}' if iminfo ${loadaddr}; then bootm ${loadaddr}  ; else bootz ${loadaddr}  ; bootm ${loadaddr}  ; fi'
- 07:00:58 [INFO] Target: 
setenv bootcmd ''${bootcmd}' if iminfo ${loadaddr}; then bootm ${loadaddr}  ; else bootz ${loadaddr}  ; bootm ${loadaddr}  ; fi'
AM3517_EVM # 
- 07:00:58 [INFO] Host: bdinfo
- 07:00:58 [INFO] Target: 
bdinfo
arch_number = 0x00000898
boot_params = 0x80000100
DRAM bank   = 0x00000000
-> start    = 0x80000000
-> size     = 0x10000000
DRAM bank   = 0x00000001
-> start    = 0x80000000
-> size     = 0x00000000
ethaddr     = 40:98:4e:74:71:9d
ip_addr     = 10.218.102.209
baudrate    = 115200 bps
TLB addr    = 0x8FFF0000
relocaddr   = 0x8FF71000
reloc off   = 0x0FE71000
irq_sp      = 0x8FF30F68
sp start    = 0x8FF30F58
FB base     = 0x00000000
AM3517_EVM # 
- 07:00:58 [INFO] Host: mmc rescan
- 07:00:58 [INFO] Target: 
mmc rescan
AM3517_EVM # 
- 07:00:58 [INFO] Host: fatwrite mmc ${mmcdev}:1 ${loadaddr} ws-calibrate.rules 4
- 07:00:58 [INFO] Target: 
fatwrite mmc ${mmcdev}:1 ${loadaddr} ws-calibrate.rules 4
Unknown command 'fatwrite' - try 'help'
AM3517_EVM # 
- 07:00:58 [INFO] Host: boot
- 07:03:28 [ERROR] On command: boot waiting for boot.+?(?-mix:login:) >>> error: execution expired
- 07:03:29 [INFO] Target: 
boot
Unknown command 'iminfo' - try 'help'
Unknown command 'bootz' - try 'help'
## Booting kernel from Legacy Image at 82000000 ...
   Image Name:   Linux-3.19.0-rc5-next-20150119-0
   Image Type:   ARM Linux Kernel Image (uncompressed)
   Data Size:    4490466 Bytes = 4.3 MiB
   Load Address: 80800000
   Entry Point:  80800000
   Verifying Checksum ... OK
   Loading Kernel Image ... OK
Starting kernel ...
[    0.000000] Booting Linux on physical CPU 0x0
[    0.000000] Initializing cgroup subsys cpuset
[    0.000000] Initializing cgroup subsys cpu
[    0.000000] Initializing cgroup subsys cpuacct
[    0.000000] Linux version 3.19.0-rc5-next-20150119-00002-gfdefcded1272 (nmenon@kahuna) (gcc version 4.6.3 (Ubuntu/Linaro 4.6.3-1ubuntu5) ) #1 SMP Mon Jan 19 05:52:32 CST 2015
[    0.000000] CPU: ARMv7 Processor [411fc087] revision 7 (ARMv7), cr=10c5387d
[    0.000000] CPU: PIPT / VIPT nonaliasing data cache, VIPT nonaliasing instruction cache
[    0.000000] Machine model: TI AM3517 EVM (AM3517/05 TMDSEVM3517)
[    0.000000] debug: ignoring loglevel setting.
[    0.000000] cma: Reserved 16 MiB at 0x8e800000
[    0.000000] Memory policy: Data cache writeback
[    0.000000] On node 0 totalpages: 65280
[    0.000000] free_area_init_node: node 0, pgdat c08ec140, node_mem_map cfcb1000
[    0.000000]   Normal zone: 576 pages used for memmap
[    0.000000]   Normal zone: 0 pages reserved
[    0.000000]   Normal zone: 65280 pages, LIFO batch:15
[    0.000000] CPU: All CPU(s) started in SVC mode.
[    0.000000] AM3517 ES1.1 (l2cache sgx neon )
[    0.000000] PERCPU: Embedded 12 pages/cpu @cfc47000 s19328 r8192 d21632 u49152
[    0.000000] pcpu-alloc: s19328 r8192 d21632 u49152 alloc=12*4096
[    0.000000] pcpu-alloc: [0] 0 
[    0.000000] Built 1 zonelists in Zone order, mobility grouping on.  Total pages: 64704
[    0.000000] Kernel command line: console=ttyO2,115200n8 debug ignore_loglevel earlyprintk root=/dev/mmcblk0p2 rootwait nohlt ip=dhcp root=/dev/mmcblk0p2 rw rootfstype=ext3 rootwait
[    0.000000] PID hash table entries: 1024 (order: 0, 4096 bytes)
[    0.000000] Dentry cache hash table entries: 32768 (order: 5, 131072 bytes)
[    0.000000] Inode-cache hash table entries: 16384 (order: 4, 65536 bytes)
[    0.000000] Memory: 224336K/261120K available (5837K kernel code, 623K rwdata, 2232K rodata, 432K init, 8219K bss, 20400K reserved, 16384K cma-reserved, 0K highmem)
[    0.000000] Virtual kernel memory layout:
[    0.000000]     vector  : 0xffff0000 - 0xffff1000   (   4 kB)
[    0.000000]     fixmap  : 0xffc00000 - 0xfff00000   (3072 kB)
[    0.000000]     vmalloc : 0xd0800000 - 0xff000000   ( 744 MB)
[    0.000000]     lowmem  : 0xc0000000 - 0xd0000000   ( 256 MB)
[    0.000000]     pkmap   : 0xbfe00000 - 0xc0000000   (   2 MB)
[    0.000000]     modules : 0xbf000000 - 0xbfe00000   (  14 MB)
[    0.000000]       .text : 0xc0008000 - 0xc07e98b0   (8071 kB)
[    0.000000]       .init : 0xc07ea000 - 0xc0856000   ( 432 kB)
[    0.000000]       .data : 0xc0856000 - 0xc08f1fe8   ( 624 kB)
[    0.000000]        .bss : 0xc08f1fe8 - 0xc10f8e88   (8220 kB)
[    0.000000] Hierarchical RCU implementation.
[    0.000000] 	Additional per-CPU info printed with stalls.
[    0.000000] 	RCU restricting CPUs from NR_CPUS=2 to nr_cpu_ids=1.
[    0.000000] RCU: Adjusting geometry for rcu_fanout_leaf=16, nr_cpu_ids=1
[    0.000000] NR_IRQS:16 nr_irqs:16 16
[    0.000000] IRQ: Found an INTC at 0xfa200000 (revision 4.0) with 96 interrupts
[    0.000000] Clocking rate (Crystal/Core/MPU): 26.0/332/600 MHz
[    0.000000] OMAP clockevent source: timer2 at 13000000 Hz
[    0.000030] sched_clock: 32 bits at 13MHz, resolution 76ns, wraps every 330382100403ns
[    0.000142] OMAP clocksource: timer1 at 13000000 Hz
[    0.001577] Console: colour dummy device 80x30
[    0.001667] Lock dependency validator: Copyright (c) 2006 Red Hat, Inc., Ingo Molnar
[    0.001684] ... MAX_LOCKDEP_SUBCLASSES:  8
[    0.001699] ... MAX_LOCK_DEPTH:          48
[    0.001714] ... MAX_LOCKDEP_KEYS:        8191
[    0.001728] ... CLASSHASH_SIZE:          4096
[    0.001743] ... MAX_LOCKDEP_ENTRIES:     32768
[    0.001757] ... MAX_LOCKDEP_CHAINS:      65536
[    0.001771] ... CHAINHASH_SIZE:          32768
[    0.001786]  memory used by lock dependency info: 5167 kB
[    0.001801]  per task-struct memory footprint: 1152 bytes
[    0.001846] Calibrating delay loop... 597.60 BogoMIPS (lpj=2988032)
[    0.106085] pid_max: default: 32768 minimum: 301
[    0.106692] Security Framework initialized
[    0.106957] Mount-cache hash table entries: 1024 (order: 0, 4096 bytes)
[    0.106986] Mountpoint-cache hash table entries: 1024 (order: 0, 4096 bytes)
[    0.111985] Initializing cgroup subsys blkio
[    0.112059] Initializing cgroup subsys memory
[    0.112198] Initializing cgroup subsys devices
[    0.112343] Initializing cgroup subsys freezer
[    0.112550] Initializing cgroup subsys perf_event
[    0.112708] CPU: Testing write buffer coherency: ok
[    0.114875] CPU0: thread -1, cpu 0, socket -1, mpidr 0
[    0.115093] Setting up static identity map for 0x80588820 - 0x80588890
[    0.121341] Brought up 1 CPUs
[    0.121378] SMP: Total of 1 processors activated (597.60 BogoMIPS).
[    0.121398] CPU: All CPU(s) started in SVC mode.
[    0.126955] devtmpfs: initialized
[    0.141165] VFP support v0.3: implementor 41 architecture 3 part 30 variant c rev 1
[    0.214124] omap_hwmod: mcbsp2_sidetone using broken dt data from mcbsp
[    0.216311] omap_hwmod: mcbsp3_sidetone using broken dt data from mcbsp
[    0.310846] pinctrl core: initialized pinctrl subsystem
[    0.413745] NET: Registered protocol family 16
[    0.426509] DMA: preallocated 256 KiB pool for atomic coherent allocations
[    0.430230] cpuidle: using governor ladder
[    0.430284] cpuidle: using governor menu
[    0.440494] Reprogramming SDRC clock to 332000000 Hz
[    0.444464] Address Hole seen by USB_OTG  at address dc0f9c0c
[    0.444495] ------------[ cut here ]------------
[    0.444538] WARNING: CPU: 0 PID: 1 at drivers/bus/omap_l3_smx.c:166 omap3_l3_app_irq+0x100/0x128()
[    0.444556] Modules linked in:
[    0.444593] CPU: 0 PID: 1 Comm: swapper/0 Not tainted 3.19.0-rc5-next-20150119-00002-gfdefcded1272 #1
[    0.444611] Hardware name: Generic AM3517 (Flattened Device Tree)
[    0.444670] [<c00153f0>] (unwind_backtrace) from [<c0011a74>] (show_stack+0x10/0x14)
[    0.444710] [<c0011a74>] (show_stack) from [<c0580150>] (dump_stack+0x78/0x94)
[    0.444754] [<c0580150>] (dump_stack) from [<c003d4d0>] (warn_slowpath_common+0x7c/0xb4)
[    0.444787] [<c003d4d0>] (warn_slowpath_common) from [<c003d524>] (warn_slowpath_null+0x1c/0x24)
[    0.444816] [<c003d524>] (warn_slowpath_null) from [<c033ffc0>] (omap3_l3_app_irq+0x100/0x128)
[    0.444847] [<c033ffc0>] (omap3_l3_app_irq) from [<c008da04>] (handle_irq_event_percpu+0x60/0x230)
[    0.444875] [<c008da04>] (handle_irq_event_percpu) from [<c008dc10>] (handle_irq_event+0x3c/0x5c)
[    0.444904] [<c008dc10>] (handle_irq_event) from [<c0090874>] (handle_level_irq+0xb4/0x13c)
[    0.444930] [<c0090874>] (handle_level_irq) from [<c008d2ac>] (generic_handle_irq+0x20/0x30)
[    0.444955] [<c008d2ac>] (generic_handle_irq) from [<c008d3c0>] (__handle_domain_irq+0x64/0xd8)
[    0.444981] [<c008d3c0>] (__handle_domain_irq) from [<c00086f0>] (omap_intc_handle_irq+0xb4/0xc4)
[    0.445007] [<c00086f0>] (omap_intc_handle_irq) from [<c0586a24>] (__irq_svc+0x44/0x5c)
[    0.445026] Exception stack(0xce09bcc8 to 0xce09bd10)
[    0.445050] bcc0:                   00000001 ce099130 00000000 ce098b80 60000153 ce014a60
[    0.445074] bce0: ce014a60 00000000 0000001a ce014a38 60000153 00000000 ce09bce8 ce09bd10
[    0.445094] bd00: c0083bf8 c05865c0 20000153 ffffffff
[    0.445128] [<c0586a24>] (__irq_svc) from [<c05865c0>] (_raw_spin_unlock_irqrestore+0x34/0x44)
[    0.445158] [<c05865c0>] (_raw_spin_unlock_irqrestore) from [<c008f264>] (__setup_irq+0x2e4/0x4d8)
[    0.445184] [<c008f264>] (__setup_irq) from [<c008f510>] (request_threaded_irq+0xb8/0x13c)
[    0.445211] [<c008f510>] (request_threaded_irq) from [<c033fe50>] (omap3_l3_probe+0xf0/0x160)
[    0.445239] [<c033fe50>] (omap3_l3_probe) from [<c03a50fc>] (platform_drv_probe+0x48/0x98)
[    0.445278] [<c03a50fc>] (platform_drv_probe) from [<c03a3af4>] (driver_probe_device+0x10c/0x234)
[    0.445307] [<c03a3af4>] (driver_probe_device) from [<c03a23dc>] (bus_for_each_drv+0x5c/0x88)
[    0.445334] [<c03a23dc>] (bus_for_each_drv) from [<c03a39b4>] (device_attach+0x74/0x8c)
[    0.445362] [<c03a39b4>] (device_attach) from [<c03a30e4>] (bus_probe_device+0x88/0xb0)
[    0.445390] [<c03a30e4>] (bus_probe_device) from [<c03a161c>] (device_add+0x2fc/0x4e0)
[    0.445432] [<c03a161c>] (device_add) from [<c0488f2c>] (of_platform_device_create_pdata+0xf0/0x14c)
[    0.445464] [<c0488f2c>] (of_platform_device_create_pdata) from [<c0489064>] (of_platform_bus_create+0xdc/0x190)
[    0.445494] [<c0489064>] (of_platform_bus_create) from [<c0489178>] (of_platform_populate+0x60/0xa8)
[    0.445536] [<c0489178>] (of_platform_populate) from [<c07fcf60>] (pdata_quirks_init+0x34/0x44)
[    0.445567] [<c07fcf60>] (pdata_quirks_init) from [<c07fcbf0>] (omap_generic_init+0x10/0x1c)
[    0.445601] [<c07fcbf0>] (omap_generic_init) from [<c07ed814>] (customize_machine+0x1c/0x40)
[    0.445630] [<c07ed814>] (customize_machine) from [<c00089e4>] (do_one_initcall+0x80/0x1d8)
[    0.445658] [<c00089e4>] (do_one_initcall) from [<c07eae80>] (kernel_init_freeable+0x1fc/0x2d4)
[    0.445687] [<c07eae80>] (kernel_init_freeable) from [<c057b4b4>] (kernel_init+0x8/0xe4)
[    0.445714] [<c057b4b4>] (kernel_init) from [<c000e6b0>] (ret_from_fork+0x14/0x24)
[    0.445894] ---[ end trace 738ff534a870f5a9 ]---
[    0.447073] platform 480c5000.aes: Cannot lookup hwmod 'aes'
[    0.457677] gpiochip_add: registered GPIOs 0 to 31 on device: gpio
[    0.459289] OMAP GPIO hardware version 2.5
[    0.461340] gpiochip_add: registered GPIOs 32 to 63 on device: gpio
[    0.464480] gpiochip_add: registered GPIOs 64 to 95 on device: gpio
[    0.467772] gpiochip_add: registered GPIOs 96 to 127 on device: gpio
[    0.470907] gpiochip_add: registered GPIOs 128 to 159 on device: gpio
[    0.473984] gpiochip_add: registered GPIOs 160 to 191 on device: gpio
[    0.488491] platform 480c3000.sham: Cannot lookup hwmod 'sham'
[    0.489381] platform 480cb000.smartreflex: Cannot lookup hwmod 'smartreflex_core'
[    0.501591] omap-gpmc 6e000000.gpmc: GPMC revision 5.0
[    0.502987] platform 480ab000.usb_otg_hs: Cannot lookup hwmod 'usb_otg_hs'
[    0.506944] No ATAGs?
[    0.506997] hw-breakpoint: debug architecture 0x4 unsupported.
[    0.511000] OMAP DMA hardware revision 4.0
[    0.609279] omap-dma-engine 48056000.dma-controller: OMAP DMA engine driver
[    0.610548] of_get_named_gpiod_flags: can't parse 'gpio' property of node '/vmmc[0]'
[    0.617274] SCSI subsystem initialized
[    0.618537] libata version 3.00 loaded.
[    0.622809] omap_i2c 48070000.i2c: bus 0 rev3.3 at 400 kHz
[    0.624986] omap_i2c 48072000.i2c: bus 1 rev3.3 at 400 kHz
[    0.626960] omap_i2c 48060000.i2c: bus 2 rev3.3 at 400 kHz
[    0.634733] Switched to clocksource timer1
[    0.889183] NET: Registered protocol family 2
[    0.892099] TCP established hash table entries: 2048 (order: 1, 8192 bytes)
[    0.892357] TCP bind hash table entries: 2048 (order: 4, 73728 bytes)
[    0.893476] TCP: Hash tables configured (established 2048 bind 2048)
[    0.893836] TCP: reno registered
[    0.893888] UDP hash table entries: 256 (order: 2, 20480 bytes)
[    0.894395] UDP-Lite hash table entries: 256 (order: 2, 20480 bytes)
[    0.896123] NET: Registered protocol family 1
[    0.899085] RPC: Registered named UNIX socket transport module.
[    0.899125] RPC: Registered udp transport module.
[    0.899145] RPC: Registered tcp transport module.
[    0.899165] RPC: Registered tcp NFSv4.1 backchannel transport module.
[    0.901543] hw perfevents: enabled with armv7_cortex_a8 PMU driver, 5 counters available
[    0.910666] futex hash table entries: 256 (order: 2, 16384 bytes)
[    0.911113] audit: initializing netlink subsys (disabled)
[    0.911499] audit: type=2000 audit(0.900:1): initialized
[    0.919515] VFS: Disk quotas dquot_6.5.2
[    0.919765] VFS: Dquot-cache hash table entries: 1024 (order 0, 4096 bytes)
[    0.923889] NFS: Registering the id_resolver key type
[    0.924798] Key type id_resolver registered
[    0.924832] Key type id_legacy registered
[    0.925140] jffs2: version 2.2. (NAND) (SUMMARY)   2001-2006 Red Hat, Inc.
[    0.933048] io scheduler noop registered
[    0.933105] io scheduler deadline registered
[    0.933208] io scheduler cfq registered (default)
[    0.936702] pinctrl-single 48002030.pinmux: 284 pins at pa fa002030 size 568
[    0.937579] pinctrl-single 48002a00.pinmux: 46 pins at pa fa002a00 size 92
[    0.944488] Serial: 8250/16550 driver, 4 ports, IRQ sharing enabled
[    0.954845] omap_uart 4806a000.serial: no wakeirq for uart0
[    0.954906] of_get_named_gpiod_flags: can't parse 'rts-gpio' property of node '/ocp/serial@4806a000[0]'
[    0.955807] 4806a000.serial: ttyO0 at MMIO 0x4806a000 (irq = 88, base_baud = 3000000) is a OMAP UART0
[    0.959149] omap_uart 4806c000.serial: no wakeirq for uart0
[    0.959206] of_get_named_gpiod_flags: can't parse 'rts-gpio' property of node '/ocp/serial@4806c000[0]'
[    0.959668] 4806c000.serial: ttyO1 at MMIO 0x4806c000 (irq = 89, base_baud = 3000000) is a OMAP UART1
[    0.961712] omap_uart 49020000.serial: no wakeirq for uart0
[    0.961760] of_get_named_gpiod_flags: can't parse 'rts-gpio' property of node '/ocp/serial@49020000[0]'
[    0.962202] 49020000.serial: ttyO2 at MMIO 0x49020000 (irq = 90, base_baud = 3000000) is a OMAP UART2
[    2.203852] console [ttyO2] enabled
[    2.217279]  ram0: unknown partition table
[    2.225155]  ram1: unknown partition table
[    2.232307]  ram2: unknown partition table
[    2.239752]  ram3: unknown partition table
[    2.247141]  ram4: unknown partition table
[    2.254869]  ram5: unknown partition table
[    2.261968]  ram6: unknown partition table
[    2.269288]  ram7: unknown partition table
[    2.276653]  ram8: unknown partition table
[    2.283694]  ram9: unknown partition table
[    2.290970]  ram10: unknown partition table
[    2.298361]  ram11: unknown partition table
[    2.305760]  ram12: unknown partition table
[    2.312902]  ram13: unknown partition table
[    2.320372]  ram14: unknown partition table
[    2.327756]  ram15: unknown partition table
[    2.332920] brd: module loaded
[    2.366422] loop: module loaded
[    2.375525] mtdoops: mtd device (mtddev=name/number) must be supplied
[    2.444207] davinci_mdio davinci_mdio.0: davinci mdio revision 1.5
[    2.450705] davinci_mdio davinci_mdio.0: detected phy mask fffffffe
[    2.462973] libphy: davinci_mdio.0: probed
[    2.467501] davinci_mdio davinci_mdio.0: phy[0]: device davinci_mdio.0:00, driver SMSC LAN8710/LAN8720
[    2.481739] mousedev: PS/2 mouse device common for all mice
[    2.487780] i2c /dev entries driver
[    2.496124] Driver 'mmcblk' needs updating - please use bus_type methods
[    2.505518] omap_hsmmc 4809c000.mmc: GPIO lookup for consumer cd
[    2.511826] omap_hsmmc 4809c000.mmc: using device tree for GPIO lookup
[    2.518797] of_get_named_gpiod_flags: can't parse 'cd-gpios' property of node '/ocp/mmc@4809c000[0]'
[    2.528421] of_get_named_gpiod_flags: can't parse 'cd-gpio' property of node '/ocp/mmc@4809c000[0]'
[    2.537941] omap_hsmmc 4809c000.mmc: using lookup tables for GPIO lookup
[    2.545189] omap_hsmmc 4809c000.mmc: lookup for GPIO cd failed
[    2.551319] omap_hsmmc 4809c000.mmc: GPIO lookup for consumer wp
[    2.557673] omap_hsmmc 4809c000.mmc: using device tree for GPIO lookup
[    2.564568] of_get_named_gpiod_flags: can't parse 'wp-gpios' property of node '/ocp/mmc@4809c000[0]'
[    2.574182] of_get_named_gpiod_flags: can't parse 'wp-gpio' property of node '/ocp/mmc@4809c000[0]'
[    2.583647] omap_hsmmc 4809c000.mmc: using lookup tables for GPIO lookup
[    2.590715] omap_hsmmc 4809c000.mmc: lookup for GPIO wp failed
[    2.634780] ledtrig-cpu: registered to indicate activity on CPUs
[    2.643049] oprofile: using arm/armv7
[    2.648250] TCP: cubic registered
[    2.651800] Initializing XFRM netlink socket
[    2.656684] NET: Registered protocol family 17
[    2.661501] NET: Registered protocol family 15
[    2.666831] Key type dns_resolver registered
[    2.671706] omap2_set_init_voltage: unable to find boot up OPP for vdd_mpu_iva
[    2.679357] omap2_set_init_voltage: unable to set vdd_mpu_iva
[    2.685455] omap2_set_init_voltage: unable to find boot up OPP for vdd_core
[    2.692737] omap2_set_init_voltage: unable to set vdd_core
[    2.700210] PM: no software I/O chain control; some wakeups may be lost
[    2.707263] pm: Failed to request pm_wkup irq
[    2.711892] ThumbEE CPU extension supported.
[    2.716481] Registering SWP/SWPB emulation handler
[    2.721527] SmartReflex Class3 initialized
[    2.746429] drivers/rtc/hctosys.c: unable to open rtc device (rtc0)
[    2.753030] sr_init: No PMIC hook to init smartreflex
[    2.758877] sr_init: platform driver register failed for SR
[    2.873481] mmc0: host does not support reading read-only switch, assuming write-enable
[    2.884272] mmc0: new high speed SDHC card at address b368
[    2.893692] mmcblk0: mmc0:b368 SDC   3.74 GiB 
[    2.905016]  mmcblk0: p1 p2 p3
[   14.985424] kjournald starting.  Commit interval 5 seconds
[   14.991684] EXT3-fs (mmcblk0p2): warning: maximal mount count reached, running e2fsck is recommended
[   15.354923] EXT3-fs (mmcblk0p2): using internal journal
[   15.360425] EXT3-fs (mmcblk0p2): mounted filesystem with ordered data mode
[   15.367899] VFS: Mounted root (ext3 filesystem) on device 179:2.
[   15.380013] devtmpfs: mounted
[   15.384750] Freeing unused kernel memory: 432K (c07ea000 - c0856000)
INIT: version 2.86 booting
[   15.636274] ------------[ cut here ]------------
[   15.641181] WARNING: CPU: 0 PID: 49 at mm/mmap.c:2859 exit_mmap+0x1a8/0x21c()
[   15.648772] Modules linked in:
[   15.652005] CPU: 0 PID: 49 Comm: init Tainted: G        W       3.19.0-rc5-next-20150119-00002-gfdefcded1272 #1
[   15.662605] Hardware name: Generic AM3517 (Flattened Device Tree)
[   15.669073] [<c00153f0>] (unwind_backtrace) from [<c0011a74>] (show_stack+0x10/0x14)
[   15.677246] [<c0011a74>] (show_stack) from [<c0580150>] (dump_stack+0x78/0x94)
[   15.684881] [<c0580150>] (dump_stack) from [<c003d4d0>] (warn_slowpath_common+0x7c/0xb4)
[   15.693357] [<c003d4d0>] (warn_slowpath_common) from [<c003d524>] (warn_slowpath_null+0x1c/0x24)
[   15.702611] [<c003d524>] (warn_slowpath_null) from [<c012de64>] (exit_mmap+0x1a8/0x21c)
[   15.711048] [<c012de64>] (exit_mmap) from [<c003abb8>] (mmput+0x44/0xec)
[   15.718128] [<c003abb8>] (mmput) from [<c0151368>] (flush_old_exec+0x300/0x5a4)
[   15.725860] [<c0151368>] (flush_old_exec) from [<c0195c10>] (load_elf_binary+0x2ec/0x1144)
[   15.734617] [<c0195c10>] (load_elf_binary) from [<c0150ea0>] (search_binary_handler+0x88/0x1ac)
[   15.743726] [<c0150ea0>] (search_binary_handler) from [<c019554c>] (load_script+0x260/0x280)
[   15.752629] [<c019554c>] (load_script) from [<c0150ea0>] (search_binary_handler+0x88/0x1ac)
[   15.761432] [<c0150ea0>] (search_binary_handler) from [<c0151f0c>] (do_execveat_common+0x538/0x6c4)
[   15.770955] [<c0151f0c>] (do_execveat_common) from [<c01520c4>] (do_execve+0x2c/0x34)
[   15.779214] [<c01520c4>] (do_execve) from [<c000e5e0>] (ret_fast_syscall+0x0/0x4c)
[   15.787187] ---[ end trace 738ff534a870f5ab ]---
[   15.865590] ------------[ cut here ]------------
[   15.870498] WARNING: CPU: 0 PID: 50 at mm/mmap.c:2859 exit_mmap+0x1a8/0x21c()
[   15.878069] Modules linked in:
[   15.881299] CPU: 0 PID: 50 Comm: rcS Tainted: G        W       3.19.0-rc5-next-20150119-00002-gfdefcded1272 #1
[   15.891811] Hardware name: Generic AM3517 (Flattened Device Tree)
[   15.898294] [<c00153f0>] (unwind_backtrace) from [<c0011a74>] (show_stack+0x10/0x14)
[   15.906474] [<c0011a74>] (show_stack) from [<c0580150>] (dump_stack+0x78/0x94)
[   15.914108] [<c0580150>] (dump_stack) from [<c003d4d0>] (warn_slowpath_common+0x7c/0xb4)
[   15.922595] [<c003d4d0>] (warn_slowpath_common) from [<c003d524>] (warn_slowpath_null+0x1c/0x24)
[   15.931851] [<c003d524>] (warn_slowpath_null) from [<c012de64>] (exit_mmap+0x1a8/0x21c)
[   15.940287] [<c012de64>] (exit_mmap) from [<c003abb8>] (mmput+0x44/0xec)
[   15.947368] [<c003abb8>] (mmput) from [<c0151368>] (flush_old_exec+0x300/0x5a4)
[   15.955142] [<c0151368>] (flush_old_exec) from [<c0195c10>] (load_elf_binary+0x2ec/0x1144)
[   15.963807] [<c0195c10>] (load_elf_binary) from [<c0150ea0>] (search_binary_handler+0x88/0x1ac)
[   15.972971] [<c0150ea0>] (search_binary_handler) from [<c0151f0c>] (do_execveat_common+0x538/0x6c4)
[   15.982494] [<c0151f0c>] (do_execveat_common) from [<c01520c4>] (do_execve+0x2c/0x34)
[   15.990751] [<c01520c4>] (do_execve) from [<c000e5e0>] (ret_fast_syscall+0x0/0x4c)
[   15.998722] ---[ end trace 738ff534a870f5ac ]---
[   16.059940] ------------[ cut here ]------------
[   16.065067] WARNING: CPU: 0 PID: 50 at mm/mmap.c:2859 exit_mmap+0x1a8/0x21c()
[   16.072537] Modules linked in:
[   16.075837] CPU: 0 PID: 50 Comm: mount Tainted: G        W       3.19.0-rc5-next-20150119-00002-gfdefcded1272 #1
[   16.086526] Hardware name: Generic AM3517 (Flattened Device Tree)
[   16.092950] [<c00153f0>] (unwind_backtrace) from [<c0011a74>] (show_stack+0x10/0x14)
[   16.101121] [<c0011a74>] (show_stack) from [<c0580150>] (dump_stack+0x78/0x94)
[   16.108774] [<c0580150>] (dump_stack) from [<c003d4d0>] (warn_slowpath_common+0x7c/0xb4)
[   16.117313] [<c003d4d0>] (warn_slowpath_common) from [<c003d524>] (warn_slowpath_null+0x1c/0x24)
[   16.126563] [<c003d524>] (warn_slowpath_null) from [<c012de64>] (exit_mmap+0x1a8/0x21c)
[   16.134999] [<c012de64>] (exit_mmap) from [<c003abb8>] (mmput+0x44/0xec)
[   16.142023] [<c003abb8>] (mmput) from [<c003fa84>] (do_exit+0x2b4/0x9b8)
[   16.149087] [<c003fa84>] (do_exit) from [<c00401fc>] (do_group_exit+0x48/0xbc)
[   16.156741] [<c00401fc>] (do_group_exit) from [<c0040280>] (__wake_up_parent+0x0/0x18)
[   16.165080] ---[ end trace 738ff534a870f5ad ]---
[   16.186041] ------------[ cut here ]------------
[   16.190949] WARNING: CPU: 0 PID: 49 at mm/mmap.c:2859 exit_mmap+0x1a8/0x21c()
[   16.198617] Modules linked in:
[   16.201851] CPU: 0 PID: 49 Comm: rcS Tainted: G        W       3.19.0-rc5-next-20150119-00002-gfdefcded1272 #1
[   16.212378] Hardware name: Generic AM3517 (Flattened Device Tree)
[   16.218857] [<c00153f0>] (unwind_backtrace) from [<c0011a74>] (show_stack+0x10/0x14)
[   16.227035] [<c0011a74>] (show_stack) from [<c0580150>] (dump_stack+0x78/0x94)
[   16.234671] [<c0580150>] (dump_stack) from [<c003d4d0>] (warn_slowpath_common+0x7c/0xb4)
[   16.243148] [<c003d4d0>] (warn_slowpath_common) from [<c003d524>] (warn_slowpath_null+0x1c/0x24)
[   16.252399] [<c003d524>] (warn_slowpath_null) from [<c012de64>] (exit_mmap+0x1a8/0x21c)
[   16.260833] [<c012de64>] (exit_mmap) from [<c003abb8>] (mmput+0x44/0xec)
[   16.267929] [<c003abb8>] (mmput) from [<c0151368>] (flush_old_exec+0x300/0x5a4)
[   16.275686] [<c0151368>] (flush_old_exec) from [<c0195c10>] (load_elf_binary+0x2ec/0x1144)
[   16.284416] [<c0195c10>] (load_elf_binary) from [<c0150ea0>] (search_binary_handler+0x88/0x1ac)
[   16.293527] [<c0150ea0>] (search_binary_handler) from [<c019554c>] (load_script+0x260/0x280)
[   16.302420] [<c019554c>] (load_script) from [<c0150ea0>] (search_binary_handler+0x88/0x1ac)
[   16.311219] [<c0150ea0>] (search_binary_handler) from [<c0151f0c>] (do_execveat_common+0x538/0x6c4)
[   16.320743] [<c0151f0c>] (do_execveat_common) from [<c01520c4>] (do_execve+0x2c/0x34)
[   16.328995] [<c01520c4>] (do_execve) from [<c000e5e0>] (ret_fast_syscall+0x0/0x4c)
[   16.336965] ---[ end trace 738ff534a870f5ae ]---
[   16.362350] ------------[ cut here ]------------
[   16.367527] WARNING: CPU: 0 PID: 51 at mm/mmap.c:2859 exit_mmap+0x1a8/0x21c()
[   16.375072] Modules linked in:
[   16.378303] CPU: 0 PID: 51 Comm: rc Tainted: G        W       3.19.0-rc5-next-20150119-00002-gfdefcded1272 #1
[   16.388722] Hardware name: Generic AM3517 (Flattened Device Tree)
[   16.395192] [<c00153f0>] (unwind_backtrace) from [<c0011a74>] (show_stack+0x10/0x14)
[   16.403313] [<c0011a74>] (show_stack) from [<c0580150>] (dump_stack+0x78/0x94)
[   16.410955] [<c0580150>] (dump_stack) from [<c003d4d0>] (warn_slowpath_common+0x7c/0xb4)
[   16.419489] [<c003d4d0>] (warn_slowpath_common) from [<c003d524>] (warn_slowpath_null+0x1c/0x24)
[   16.428740] [<c003d524>] (warn_slowpath_null) from [<c012de64>] (exit_mmap+0x1a8/0x21c)
[   16.437172] [<c012de64>] (exit_mmap) from [<c003abb8>] (mmput+0x44/0xec)
[   16.444258] [<c003abb8>] (mmput) from [<c0151368>] (flush_old_exec+0x300/0x5a4)
[   16.451928] [<c0151368>] (flush_old_exec) from [<c0195c10>] (load_elf_binary+0x2ec/0x1144)
[   16.460682] [<c0195c10>] (load_elf_binary) from [<c0150ea0>] (search_binary_handler+0x88/0x1ac)
[   16.469857] [<c0150ea0>] (search_binary_handler) from [<c0151f0c>] (do_execveat_common+0x538/0x6c4)
[   16.479383] [<c0151f0c>] (do_execveat_common) from [<c01520c4>] (do_execve+0x2c/0x34)
[   16.487634] [<c01520c4>] (do_execve) from [<c000e5e0>] (ret_fast_syscall+0x0/0x4c)
[   16.495606] ---[ end trace 738ff534a870f5af ]---
[   16.518470] ------------[ cut here ]------------
[   16.523374] WARNING: CPU: 0 PID: 51 at mm/mmap.c:2859 exit_mmap+0x1a8/0x21c()
[   16.531029] Modules linked in:
[   16.534343] CPU: 0 PID: 51 Comm: stty Tainted: G        W       3.19.0-rc5-next-20150119-00002-gfdefcded1272 #1
[   16.544939] Hardware name: Generic AM3517 (Flattened Device Tree)
[   16.551367] [<c00153f0>] (unwind_backtrace) from [<c0011a74>] (show_stack+0x10/0x14)
[   16.559548] [<c0011a74>] (show_stack) from [<c0580150>] (dump_stack+0x78/0x94)
[   16.567182] [<c0580150>] (dump_stack) from [<c003d4d0>] (warn_slowpath_common+0x7c/0xb4)
[   16.575711] [<c003d4d0>] (warn_slowpath_common) from [<c003d524>] (warn_slowpath_null+0x1c/0x24)
[   16.584963] [<c003d524>] (warn_slowpath_null) from [<c012de64>] (exit_mmap+0x1a8/0x21c)
[   16.593352] [<c012de64>] (exit_mmap) from [<c003abb8>] (mmput+0x44/0xec)
[   16.600422] [<c003abb8>] (mmput) from [<c003fa84>] (do_exit+0x2b4/0x9b8)
[   16.607491] [<c003fa84>] (do_exit) from [<c00401fc>] (do_group_exit+0x48/0xbc)
[   16.615135] [<c00401fc>] (do_group_exit) from [<c0040280>] (__wake_up_parent+0x0/0x18)
[   16.623425] ---[ end trace 738ff534a870f5b0 ]---
[   16.651455] ------------[ cut here ]------------
[   16.656598] WARNING: CPU: 0 PID: 52 at mm/mmap.c:2859 exit_mmap+0x1a8/0x21c()
[   16.664145] Modules linked in:
[   16.667375] CPU: 0 PID: 52 Comm: rc Tainted: G        W       3.19.0-rc5-next-20150119-00002-gfdefcded1272 #1
[   16.677802] Hardware name: Generic AM3517 (Flattened Device Tree)
[   16.684278] [<c00153f0>] (unwind_backtrace) from [<c0011a74>] (show_stack+0x10/0x14)
[   16.692404] [<c0011a74>] (show_stack) from [<c0580150>] (dump_stack+0x78/0x94)
[   16.700047] [<c0580150>] (dump_stack) from [<c003d4d0>] (warn_slowpath_common+0x7c/0xb4)
[   16.708584] [<c003d4d0>] (warn_slowpath_common) from [<c003d524>] (warn_slowpath_null+0x1c/0x24)
[   16.717834] [<c003d524>] (warn_slowpath_null) from [<c012de64>] (exit_mmap+0x1a8/0x21c)
[   16.726265] [<c012de64>] (exit_mmap) from [<c003abb8>] (mmput+0x44/0xec)
[   16.733300] [<c003abb8>] (mmput) from [<c0151368>] (flush_old_exec+0x300/0x5a4)
[   16.741034] [<c0151368>] (flush_old_exec) from [<c0195c10>] (load_elf_binary+0x2ec/0x1144)
[   16.749785] [<c0195c10>] (load_elf_binary) from [<c0150ea0>] (search_binary_handler+0x88/0x1ac)
[   16.758947] [<c0150ea0>] (search_binary_handler) from [<c019554c>] (load_script+0x260/0x280)
[   16.767838] [<c019554c>] (load_script) from [<c0150ea0>] (search_binary_handler+0x88/0x1ac)
[   16.776639] [<c0150ea0>] (search_binary_handler) from [<c0151f0c>] (do_execveat_common+0x538/0x6c4)
[   16.786166] [<c0151f0c>] (do_execveat_common) from [<c01520c4>] (do_execve+0x2c/0x34)
[   16.794419] [<c01520c4>] (do_execve) from [<c000e5e0>] (ret_fast_syscall+0x0/0x4c)
[   16.802342] ---[ end trace 738ff534a870f5b1 ]---
[   16.822320] ------------[ cut here ]------------
[   16.827465] WARNING: CPU: 0 PID: 53 at mm/mmap.c:2859 exit_mmap+0x1a8/0x21c()
[   16.835005] Modules linked in:
[   16.838234] CPU: 0 PID: 53 Comm: S01psplash Tainted: G        W       3.19.0-rc5-next-20150119-00002-gfdefcded1272 #1
[   16.849381] Hardware name: Generic AM3517 (Flattened Device Tree)
[   16.855850] [<c00153f0>] (unwind_backtrace) from [<c0011a74>] (show_stack+0x10/0x14)
[   16.863974] [<c0011a74>] (show_stack) from [<c0580150>] (dump_stack+0x78/0x94)
[   16.871657] [<c0580150>] (dump_stack) from [<c003d4d0>] (warn_slowpath_common+0x7c/0xb4)
[   16.880194] [<c003d4d0>] (warn_slowpath_common) from [<c003d524>] (warn_slowpath_null+0x1c/0x24)
[   16.889443] [<c003d524>] (warn_slowpath_null) from [<c012de64>] (exit_mmap+0x1a8/0x21c)
[   16.897882] [<c012de64>] (exit_mmap) from [<c003abb8>] (mmput+0x44/0xec)
[   16.904962] [<c003abb8>] (mmput) from [<c0151368>] (flush_old_exec+0x300/0x5a4)
[   16.912625] [<c0151368>] (flush_old_exec) from [<c0195c10>] (load_elf_binary+0x2ec/0x1144)
[   16.921332] [<c0195c10>] (load_elf_binary) from [<c0150ea0>] (search_binary_handler+0x88/0x1ac)
[   16.930502] [<c0150ea0>] (search_binary_handler) from [<c0151f0c>] (do_execveat_common+0x538/0x6c4)
[   16.940029] [<c0151f0c>] (do_execveat_common) from [<c01520c4>] (do_execve+0x2c/0x34)
[   16.948286] [<c01520c4>] (do_execve) from [<c000e5e0>] (ret_fast_syscall+0x0/0x4c)
[   16.956255] ---[ end trace 738ff534a870f5b2 ]---
[   16.972468] ------------[ cut here ]------------
[   16.977589] WARNING: CPU: 0 PID: 53 at mm/mmap.c:2859 exit_mmap+0x1a8/0x21c()
[   16.985122] Modules linked in:
[   16.988352] CPU: 0 PID: 53 Comm: grep Tainted: G        W       3.19.0-rc5-next-20150119-00002-gfdefcded1272 #1
[   16.998952] Hardware name: Generic AM3517 (Flattened Device Tree)
[   17.005427] [<c00153f0>] (unwind_backtrace) from [<c0011a74>] (show_stack+0x10/0x14)
[   17.013547] [<c0011a74>] (show_stack) from [<c0580150>] (dump_stack+0x78/0x94)
[   17.021187] [<c0580150>] (dump_stack) from [<c003d4d0>] (warn_slowpath_common+0x7c/0xb4)
[   17.029725] [<c003d4d0>] (warn_slowpath_common) from [<c003d524>] (warn_slowpath_null+0x1c/0x24)
[   17.038975] [<c003d524>] (warn_slowpath_null) from [<c012de64>] (exit_mmap+0x1a8/0x21c)
[   17.047456] [<c012de64>] (exit_mmap) from [<c003abb8>] (mmput+0x44/0xec)
[   17.054538] [<c003abb8>] (mmput) from [<c003fa84>] (do_exit+0x2b4/0x9b8)
[   17.061553] [<c003fa84>] (do_exit) from [<c00401fc>] (do_group_exit+0x48/0xbc)
[   17.069166] [<c00401fc>] (do_group_exit) from [<c0040280>] (__wake_up_parent+0x0/0x18)
[   17.077493] ---[ end trace 738ff534a870f5b3 ]---
[   17.110059] ------------[ cut here ]------------
[   17.115153] WARNING: CPU: 0 PID: 55 at mm/mmap.c:2859 exit_mmap+0x1a8/0x21c()
[   17.122624] Modules linked in:
[   17.125917] CPU: 0 PID: 55 Comm: S01psplash Tainted: G        W       3.19.0-rc5-next-20150119-00002-gfdefcded1272 #1
[   17.137062] Hardware name: Generic AM3517 (Flattened Device Tree)
[   17.143482] [<c00153f0>] (unwind_backtrace) from [<c0011a74>] (show_stack+0x10/0x14)
[   17.151656] [<c0011a74>] (show_stack) from [<c0580150>] (dump_stack+0x78/0x94)
[   17.159301] [<c0580150>] (dump_stack) from [<c003d4d0>] (warn_slowpath_common+0x7c/0xb4)
[   17.167832] [<c003d4d0>] (warn_slowpath_common) from [<c003d524>] (warn_slowpath_null+0x1c/0x24)
[   17.177084] [<c003d524>] (warn_slowpath_null) from [<c012de64>] (exit_mmap+0x1a8/0x21c)
[   17.185543] [<c012de64>] (exit_mmap) from [<c003abb8>] (mmput+0x44/0xec)
[   17.192578] [<c003abb8>] (mmput) from [<c0151368>] (flush_old_exec+0x300/0x5a4)
[   17.200301] [<c0151368>] (flush_old_exec) from [<c0195c10>] (load_elf_binary+0x2ec/0x1144)
[   17.209051] [<c0195c10>] (load_elf_binary) from [<c0150ea0>] (search_binary_handler+0x88/0x1ac)
[   17.218222] [<c0150ea0>] (search_binary_handler) from [<c0151f0c>] (do_execveat_common+0x538/0x6c4)
[   17.227751] [<c0151f0c>] (do_execveat_common) from [<c01520c4>] (do_execve+0x2c/0x34)
[   17.236006] [<c01520c4>] (do_execve) from [<c000e5e0>] (ret_fast_syscall+0x0/0x4c)
[   17.243926] ---[ end trace 738ff534a870f5b4 ]---
[   17.262568] ------------[ cut here ]------------
[   17.267690] WARNING: CPU: 0 PID: 55 at mm/mmap.c:2859 exit_mmap+0x1a8/0x21c()
[   17.275231] Modules linked in:
[   17.278461] CPU: 0 PID: 55 Comm: awk Tainted: G        W       3.19.0-rc5-next-20150119-00002-gfdefcded1272 #1
[   17.288977] Hardware name: Generic AM3517 (Flattened Device Tree)
[   17.295448] [<c00153f0>] (unwind_backtrace) from [<c0011a74>] (show_stack+0x10/0x14)
[   17.303572] [<c0011a74>] (show_stack) from [<c0580150>] (dump_stack+0x78/0x94)
[   17.311209] [<c0580150>] (dump_stack) from [<c003d4d0>] (warn_slowpath_common+0x7c/0xb4)
[   17.319745] [<c003d4d0>] (warn_slowpath_common) from [<c003d524>] (warn_slowpath_null+0x1c/0x24)
[   17.328996] [<c003d524>] (warn_slowpath_null) from [<c012de64>] (exit_mmap+0x1a8/0x21c)
[   17.337433] [<c012de64>] (exit_mmap) from [<c003abb8>] (mmput+0x44/0xec)
[   17.344512] [<c003abb8>] (mmput) from [<c003fa84>] (do_exit+0x2b4/0x9b8)
[   17.351537] [<c003fa84>] (do_exit) from [<c00401fc>] (do_group_exit+0x48/0xbc)
[   17.359151] [<c00401fc>] (do_group_exit) from [<c0040280>] (__wake_up_parent+0x0/0x18)
[   17.367482] ---[ end trace 738ff534a870f5b5 ]---
[   17.376680] ------------[ cut here ]------------
[   17.381571] WARNING: CPU: 0 PID: 54 at mm/mmap.c:2859 exit_mmap+0x1a8/0x21c()
[   17.389203] Modules linked in:
[   17.392432] CPU: 0 PID: 54 Comm: S01psplash Tainted: G        W       3.19.0-rc5-next-20150119-00002-gfdefcded1272 #1
[   17.403591] Hardware name: Generic AM3517 (Flattened Device Tree)
[   17.410060] [<c00153f0>] (unwind_backtrace) from [<c0011a74>] (show_stack+0x10/0x14)
[   17.418241] [<c0011a74>] (show_stack) from [<c0580150>] (dump_stack+0x78/0x94)
[   17.425874] [<c0580150>] (dump_stack) from [<c003d4d0>] (warn_slowpath_common+0x7c/0xb4)
[   17.434405] [<c003d4d0>] (warn_slowpath_common) from [<c003d524>] (warn_slowpath_null+0x1c/0x24)
[   17.443608] [<c003d524>] (warn_slowpath_null) from [<c012de64>] (exit_mmap+0x1a8/0x21c)
[   17.452041] [<c012de64>] (exit_mmap) from [<c003abb8>] (mmput+0x44/0xec)
[   17.459121] [<c003abb8>] (mmput) from [<c003fa84>] (do_exit+0x2b4/0x9b8)
[   17.466192] [<c003fa84>] (do_exit) from [<c00401fc>] (do_group_exit+0x48/0xbc)
[   17.473756] [<c00401fc>] (do_group_exit) from [<c0040280>] (__wake_up_parent+0x0/0x18)
[   17.482091] ---[ end trace 738ff534a870f5b6 ]---
[   17.492939] ------------[ cut here ]------------
[   17.498082] WARNING: CPU: 0 PID: 56 at mm/mmap.c:2859 exit_mmap+0x1a8/0x21c()
[   17.505621] Modules linked in:
[   17.508848] CPU: 0 PID: 56 Comm: S01psplash Tainted: G        W       3.19.0-rc5-next-20150119-00002-gfdefcded1272 #1
[   17.519996] Hardware name: Generic AM3517 (Flattened Device Tree)
[   17.526458] [<c00153f0>] (unwind_backtrace) from [<c0011a74>] (show_stack+0x10/0x14)
[   17.534632] [<c0011a74>] (show_stack) from [<c0580150>] (dump_stack+0x78/0x94)
[   17.542205] [<c0580150>] (dump_stack) from [<c003d4d0>] (warn_slowpath_common+0x7c/0xb4)
[   17.550737] [<c003d4d0>] (warn_slowpath_common) from [<c003d524>] (warn_slowpath_null+0x1c/0x24)
[   17.559992] [<c003d524>] (warn_slowpath_null) from [<c012de64>] (exit_mmap+0x1a8/0x21c)
[   17.568423] [<c012de64>] (exit_mmap) from [<c003abb8>] (mmput+0x44/0xec)
[   17.575501] [<c003abb8>] (mmput) from [<c0151368>] (flush_old_exec+0x300/0x5a4)
[   17.583166] [<c0151368>] (flush_old_exec) from [<c0195c10>] (load_elf_binary+0x2ec/0x1144)
[   17.591871] [<c0195c10>] (load_elf_binary) from [<c0150ea0>] (search_binary_handler+0x88/0x1ac)
[   17.601032] [<c0150ea0>] (search_binary_handler) from [<c0151f0c>] (do_execveat_common+0x538/0x6c4)
[   17.610557] [<c0151f0c>] (do_execveat_common) from [<c01520c4>] (do_execve+0x2c/0x34)
[   17.618814] [<c01520c4>] (do_execve) from [<c000e5e0>] (ret_fast_syscall+0x0/0x4c)
[   17.626782] ---[ end trace 738ff534a870f5b7 ]---
[   17.652915] ------------[ cut here ]------------
[   17.658055] WARNING: CPU: 0 PID: 56 at mm/mmap.c:2859 exit_mmap+0x1a8/0x21c()
[   17.665593] Modules linked in:
[   17.668825] CPU: 0 PID: 56 Comm: mount Tainted: G        W       3.19.0-rc5-next-20150119-00002-gfdefcded1272 #1
[   17.679517] Hardware name: Generic AM3517 (Flattened Device Tree)
[   17.685982] [<c00153f0>] (unwind_backtrace) from [<c0011a74>] (show_stack+0x10/0x14)
[   17.694158] [<c0011a74>] (show_stack) from [<c0580150>] (dump_stack+0x78/0x94)
[   17.701741] [<c0580150>] (dump_stack) from [<c003d4d0>] (warn_slowpath_common+0x7c/0xb4)
[   17.710273] [<c003d4d0>] (warn_slowpath_common) from [<c003d524>] (warn_slowpath_null+0x1c/0x24)
[   17.719523] [<c003d524>] (warn_slowpath_null) from [<c012de64>] (exit_mmap+0x1a8/0x21c)
[   17.727956] [<c012de64>] (exit_mmap) from [<c003abb8>] (mmput+0x44/0xec)
[   17.735029] [<c003abb8>] (mmput) from [<c003fa84>] (do_exit+0x2b4/0x9b8)
[   17.742050] [<c003fa84>] (do_exit) from [<c00401fc>] (do_group_exit+0x48/0xbc)
[   17.749710] [<c00401fc>] (do_group_exit) from [<c0040280>] (__wake_up_parent+0x0/0x18)
[   17.758043] ---[ end trace 738ff534a870f5b8 ]---
[   17.767715] ------------[ cut here ]------------
[   17.772619] WARNING: CPU: 0 PID: 52 at mm/mmap.c:2859 exit_mmap+0x1a8/0x21c()
[   17.780223] Modules linked in:
[   17.783455] CPU: 0 PID: 52 Comm: S01psplash Tainted: G        W       3.19.0-rc5-next-20150119-00002-gfdefcded1272 #1
[   17.794606] Hardware name: Generic AM3517 (Flattened Device Tree)
[   17.801022] [<c00153f0>] (unwind_backtrace) from [<c0011a74>] (show_stack+0x10/0x14)
[   17.809198] [<c0011a74>] (show_stack) from [<c0580150>] (dump_stack+0x78/0x94)
[   17.816827] [<c0580150>] (dump_stack) from [<c003d4d0>] (warn_slowpath_common+0x7c/0xb4)
[   17.825355] [<c003d4d0>] (warn_slowpath_common) from [<c003d524>] (warn_slowpath_null+0x1c/0x24)
[   17.834605] [<c003d524>] (warn_slowpath_null) from [<c012de64>] (exit_mmap+0x1a8/0x21c)
[   17.842991] [<c012de64>] (exit_mmap) from [<c003abb8>] (mmput+0x44/0xec)
[   17.850064] [<c003abb8>] (mmput) from [<c003fa84>] (do_exit+0x2b4/0x9b8)
[   17.857136] [<c003fa84>] (do_exit) from [<c00401fc>] (do_group_exit+0x48/0xbc)
[   17.864749] [<c00401fc>] (do_group_exit) from [<c0040280>] (__wake_up_parent+0x0/0x18)
[   17.873033] ---[ end trace 738ff534a870f5b9 ]---
[   17.887839] ------------[ cut here ]------------
[   17.892736] WARNING: CPU: 0 PID: 59 at mm/mmap.c:2859 exit_mmap+0x1a8/0x21c()
[   17.900412] Modules linked in:
[   17.903651] CPU: 0 PID: 59 Comm: S01psplash Tainted: G        W       3.19.0-rc5-next-20150119-00002-gfdefcded1272 #1
[   17.914805] Hardware name: Generic AM3517 (Flattened Device Tree)
[   17.921227] [<c00153f0>] (unwind_backtrace) from [<c0011a74>] (show_stack+0x10/0x14)
[   17.929412] [<c0011a74>] (show_stack) from [<c0580150>] (dump_stack+0x78/0x94)
[   17.937050] [<c0580150>] (dump_stack) from [<c003d4d0>] (warn_slowpath_common+0x7c/0xb4)
[   17.945578] [<c003d4d0>] (warn_slowpath_common) from [<c003d524>] (warn_slowpath_null+0x1c/0x24)
[   17.954835] [<c003d524>] (warn_slowpath_null) from [<c012de64>] (exit_mmap+0x1a8/0x21c)
[   17.963223] [<c012de64>] (exit_mmap) from [<c003abb8>] (mmput+0x44/0xec)
[   17.970308] [<c003abb8>] (mmput) from [<c0151368>] (flush_old_exec+0x300/0x5a4)
[   17.978027] [<c0151368>] (flush_old_exec) from [<c0195c10>] (load_elf_binary+0x2ec/0x1144)
[   17.986734] [<c0195c10>] (load_elf_binary) from [<c0150ea0>] (search_binary_handler+0x88/0x1ac)
[   17.995901] [<c0150ea0>] (search_binary_handler) from [<c0151f0c>] (do_execveat_common+0x538/0x6c4)
[   18.005428] [<c0151f0c>] (do_execveat_common) from [<c01520c4>] (do_execve+0x2c/0x34)
[   18.013636] [<c01520c4>] (do_execve) from [<c000e5e0>] (ret_fast_syscall+0x0/0x4c)
[   18.021606] ---[ end trace 738ff534a870f5ba ]---
[   18.040736] ------------[ cut here ]------------
[   18.045841] WARNING: CPU: 0 PID: 57 at mm/mmap.c:2859 exit_mmap+0x1a8/0x21c()
[   18.053313] Modules linked in:
[   18.056612] CPU: 0 PID: 57 Comm: S01psplash Tainted: G        W       3.19.0-rc5-next-20150119-00002-gfdefcded1272 #1
[   18.067756] Hardware name: Generic AM3517 (Flattened Device Tree)
[   18.074229] [<c00153f0>] (unwind_backtrace) from [<c0011a74>] (show_stack+0x10/0x14)
[   18.082355] [<c0011a74>] (show_stack) from [<c0580150>] (dump_stack+0x78/0x94)
[   18.089999] [<c0580150>] (dump_stack) from [<c003d4d0>] (warn_slowpath_common+0x7c/0xb4)
[   18.098534] [<c003d4d0>] (warn_slowpath_common) from [<c003d524>] (warn_slowpath_null+0x1c/0x24)
[   18.107780] [<c003d524>] (warn_slowpath_null) from [<c012de64>] (exit_mmap+0x1a8/0x21c)
[   18.116219] [<c012de64>] (exit_mmap) from [<c003abb8>] (mmput+0x44/0xec)
[   18.123253] [<c003abb8>] (mmput) from [<c0151368>] (flush_old_exec+0x300/0x5a4)
[   18.130982] [<c0151368>] (flush_old_exec) from [<c0195c10>] (load_elf_binary+0x2ec/0x1144)
[   18.139694] [<c0195c10>] (load_elf_binary) from [<c0150ea0>] (search_binary_handler+0x88/0x1ac)
[   18.148864] [<c0150ea0>] (search_binary_handler) from [<c0151f0c>] (do_execveat_common+0x538/0x6c4)
[   18.158388] [<c0151f0c>] (do_execveat_common) from [<c01520c4>] (do_execve+0x2c/0x34)
[   18.166642] [<c01520c4>] (do_execve) from [<c000e5e0>] (ret_fast_syscall+0x0/0x4c)
[   18.174616] ---[ end trace 738ff534a870f5bb ]---
[   18.201148] ------------[ cut here ]------------
[   18.206267] WARNING: CPU: 0 PID: 61 at mm/mmap.c:2859 exit_mmap+0x1a8/0x21c()
[   18.213737] Modules linked in:
[   18.217038] CPU: 0 PID: 61 Comm: rc Tainted: G        W       3.19.0-rc5-next-20150119-00002-gfdefcded1272 #1
[   18.227462] Hardware name: Generic AM3517 (Flattened Device Tree)
[   18.233893] [<c00153f0>] (unwind_backtrace) from [<c0011a74>] (show_stack+0x10/0x14)
[   18.242071] [<c0011a74>] (show_stack) from [<c0580150>] (dump_stack+0x78/0x94)
[   18.249700] [<c0580150>] (dump_stack) from [<c003d4d0>] (warn_slowpath_common+0x7c/0xb4)
[   18.258240] [<c003d4d0>] (warn_slowpath_common) from [<c003d524>] (warn_slowpath_null+0x1c/0x24)
[   18.267491] [<c003d524>] (warn_slowpath_null) from [<c012de64>] (exit_mmap+0x1a8/0x21c)
[   18.275942] [<c012de64>] (exit_mmap) from [<c003abb8>] (mmput+0x44/0xec)
[   18.282976] [<c003abb8>] (mmput) from [<c0151368>] (flush_old_exec+0x300/0x5a4)
[   18.290695] [<c0151368>] (flush_old_exec) from [<c0195c10>] (load_elf_binary+0x2ec/0x1144)
[   18.299451] [<c0195c10>] (load_elf_binary) from [<c0150ea0>] (search_binary_handler+0x88/0x1ac)
[   18.308618] [<c0150ea0>] (search_binary_handler) from [<c019554c>] (load_script+0x260/0x280)
[   18.317506] [<c019554c>] (load_script) from [<c0150ea0>] (search_binary_handler+0x88/0x1ac)
[   18.326305] [<c0150ea0>] (search_binary_handler) from [<c0151f0c>] (do_execveat_common+0x538/0x6c4)
[   18.335831] [<c0151f0c>] (do_execveat_common) from [<c01520c4>] (do_execve+0x2c/0x34)
[   18.344089] [<c01520c4>] (do_execve) from [<c000e5e0>] (ret_fast_syscall+0x0/0x4c)
[   18.352011] ---[ end trace 738ff534a870f5bc ]---
[   18.363622] ------------[ cut here ]------------
[   18.368751] WARNING: CPU: 0 PID: 62 at mm/mmap.c:2859 exit_mmap+0x1a8/0x21c()
[   18.376336] Modules linked in:
[   18.379570] CPU: 0 PID: 62 Comm: rc Tainted: G        W       3.19.0-rc5-next-20150119-00002-gfdefcded1272 #1
[   18.390011] Hardware name: Generic AM3517 (Flattened Device Tree)
[   18.396481] [<c00153f0>] (unwind_backtrace) from [<c0011a74>] (show_stack+0x10/0x14)
[   18.404669] [<c0011a74>] (show_stack) from [<c0580150>] (dump_stack+0x78/0x94)
[   18.412256] [<c0580150>] (dump_stack) from [<c003d4d0>] (warn_slowpath_common+0x7c/0xb4)
[   18.420788] [<c003d4d0>] (warn_slowpath_common) from [<c003d524>] (warn_slowpath_null+0x1c/0x24)
[   18.430041] [<c003d524>] (warn_slowpath_null) from [<c012de64>] (exit_mmap+0x1a8/0x21c)
[   18.438472] [<c012de64>] (exit_mmap) from [<c003abb8>] (mmput+0x44/0xec)
[   18.445554] [<c003abb8>] (mmput) from [<c0151368>] (flush_old_exec+0x300/0x5a4)
[   18.453219] [<c0151368>] (flush_old_exec) from [<c0195c10>] (load_elf_binary+0x2ec/0x1144)
[   18.461937] [<c0195c10>] (load_elf_binary) from [<c0150ea0>] (search_binary_handler+0x88/0x1ac)
[   18.471101] [<c0150ea0>] (search_binary_handler) from [<c0151f0c>] (do_execveat_common+0x538/0x6c4)
[   18.480627] [<c0151f0c>] (do_execveat_common) from [<c01520c4>] (do_execve+0x2c/0x34)
[   18.488882] [<c01520c4>] (do_execve) from [<c000e5e0>] (ret_fast_syscall+0x0/0x4c)
[   18.496857] ---[ end trace 738ff534a870f5bd ]---
Error opening /dev/fb0: No such file or directory
[   18.525221] ------------[ cut here ]------------
[   18.530116] WARNING: CPU: 0 PID: 57 at mm/mmap.c:2859 exit_mmap+0x1a8/0x21c()
[   18.537749] Modules linked in:
[   18.540983] CPU: 0 PID: 57 Comm: psplash Tainted: G        W       3.19.0-rc5-next-20150119-00002-gfdefcded1272 #1
[   18.551879] Hardware name: Generic AM3517 (Flattened Device Tree)
[   18.558349] [<c00153f0>] (unwind_backtrace) from [<c0011a74>] (show_stack+0x10/0x14)
[   18.566524] [<c0011a74>] (show_stack) from [<c0580150>] (dump_stack+0x78/0x94)
[   18.574161] [<c0580150>] (dump_stack) from [<c003d4d0>] (warn_slowpath_common+0x7c/0xb4)
[   18.582638] [<c003d4d0>] (warn_slowpath_common) from [<c003d524>] (warn_slowpath_null+0x1c/0x24)
[   18.591895] [<c003d524>] (warn_slowpath_null) from [<c012de64>] (exit_mmap+0x1a8/0x21c)
[   18.600377] [<c012de64>] (exit_mmap) from [<c003abb8>] (mmput+0x44/0xec)
[   18.607457] [<c003abb8>] (mmput) from [<c003fa84>] (do_exit+0x2b4/0x9b8)
[   18.614523] [<c003fa84>] (do_exit) from [<c00401fc>] (do_group_exit+0x48/0xbc)
[   18.622089] [<c00401fc>] (do_group_exit) from [<c0040280>] (__wake_up_parent+0x0/0x18)
[   18.630421] ---[ end trace 738ff534a870f5be ]---
Please wait: booting...
[   18.646551] ------------[ cut here ]------------
[   18.652135] WARNING: CPU: 0 PID: 61 at mm/mmap.c:2859 exit_mmap+0x1a8/0x21c()
[   18.659755] Modules linked in:
[   18.662985] CPU: 0 PID: 61 Comm: S02banner Tainted: G        W       3.19.0-rc5-next-20150119-00002-gfdefcded1272 #1
[   18.674055] Hardware name: Generic AM3517 (Flattened Device Tree)
[   18.680481] [<c00153f0>] (unwind_backtrace) from [<c0011a74>] (show_stack+0x10/0x14)
[   18.688656] [<c0011a74>] (show_stack) from [<c0580150>] (dump_stack+0x78/0x94)
[   18.696297] [<c0580150>] (dump_stack) from [<c003d4d0>] (warn_slowpath_common+0x7c/0xb4)
[   18.704832] [<c003d4d0>] (warn_slowpath_common) from [<c003d524>] (warn_slowpath_null+0x1c/0x24)
[   18.714084] [<c003d524>] (warn_slowpath_null) from [<c012de64>] (exit_mmap+0x1a8/0x21c)
[   18.722473] [<c012de64>] (exit_mmap) from [<c003abb8>] (mmput+0x44/0xec)
[   18.729546] [<c003abb8>] (mmput) from [<c003fa84>] (do_exit+0x2b4/0x9b8)
[   18.736613] [<c003fa84>] (do_exit) from [<c00401fc>] (do_group_exit+0x48/0xbc)
[   18.744232] [<c00401fc>] (do_group_exit) from [<c0040280>] (__wake_up_parent+0x0/0x18)
[   18.752512] ---[ end trace 738ff534a870f5bf ]---
[   18.765850] ------------[ cut here ]------------
[   18.770751] WARNING: CPU: 0 PID: 62 at mm/mmap.c:2859 exit_mmap+0x1a8/0x21c()
[   18.778354] Modules linked in:
[   18.781587] CPU: 0 PID: 62 Comm: splash-write Tainted: G        W       3.19.0-rc5-next-20150119-00002-gfdefcded1272 #1
[   18.792922] Hardware name: Generic AM3517 (Flattened Device Tree)
[   18.799393] [<c00153f0>] (unwind_backtrace) from [<c0011a74>] (show_stack+0x10/0x14)
[   18.807562] [<c0011a74>] (show_stack) from [<c0580150>] (dump_stack+0x78/0x94)
[   18.815195] [<c0580150>] (dump_stack) from [<c003d4d0>] (warn_slowpath_common+0x7c/0xb4)
[   18.823674] [<c003d4d0>] (warn_slowpath_common) from [<c003d524>] (warn_slowpath_null+0x1c/0x24)
[   18.832928] [<c003d524>] (warn_slowpath_null) from [<c012de64>] (exit_mmap+0x1a8/0x21c)
[   18.841372] [<c012de64>] (exit_mmap) from [<c003abb8>] (mmput+0x44/0xec)
[   18.848451] [<c003abb8>] (mmput) from [<c003fa84>] (do_exit+0x2b4/0x9b8)
[   18.855522] [<c003fa84>] (do_exit) from [<c00401fc>] (do_group_exit+0x48/0xbc)
[   18.863081] [<c00401fc>] (do_group_exit) from [<c0040280>] (__wake_up_parent+0x0/0x18)
[   18.871411] ---[ end trace 738ff534a870f5c0 ]---
[   18.893174] ------------[ cut here ]------------
[   18.898252] WARNING: CPU: 0 PID: 64 at mm/mmap.c:2859 exit_mmap+0x1a8/0x21c()
[   18.905781] Modules linked in:
[   18.909006] CPU: 0 PID: 64 Comm: rc Tainted: G        W       3.19.0-rc5-next-20150119-00002-gfdefcded1272 #1
[   18.919433] Hardware name: Generic AM3517 (Flattened Device Tree)
[   18.925906] [<c00153f0>] (unwind_backtrace) from [<c0011a74>] (show_stack+0x10/0x14)
[   18.934085] [<c0011a74>] (show_stack) from [<c0580150>] (dump_stack+0x78/0x94)
[   18.941669] [<c0580150>] (dump_stack) from [<c003d4d0>] (warn_slowpath_common+0x7c/0xb4)
[   18.950203] [<c003d4d0>] (warn_slowpath_common) from [<c003d524>] (warn_slowpath_null+0x1c/0x24)
[   18.959459] [<c003d524>] (warn_slowpath_null) from [<c012de64>] (exit_mmap+0x1a8/0x21c)
[   18.967894] [<c012de64>] (exit_mmap) from [<c003abb8>] (mmput+0x44/0xec)
[   18.974983] [<c003abb8>] (mmput) from [<c0151368>] (flush_old_exec+0x300/0x5a4)
[   18.982648] [<c0151368>] (flush_old_exec) from [<c0195c10>] (load_elf_binary+0x2ec/0x1144)
[   18.991400] [<c0195c10>] (load_elf_binary) from [<c0150ea0>] (search_binary_handler+0x88/0x1ac)
[   19.000569] [<c0150ea0>] (search_binary_handler) from [<c019554c>] (load_script+0x260/0x280)
[   19.009463] [<c019554c>] (load_script) from [<c0150ea0>] (search_binary_handler+0x88/0x1ac)
[   19.018264] [<c0150ea0>] (search_binary_handler) from [<c0151f0c>] (do_execveat_common+0x538/0x6c4)
[   19.027789] [<c0151f0c>] (do_execveat_common) from [<c01520c4>] (do_execve+0x2c/0x34)
[   19.036045] [<c01520c4>] (do_execve) from [<c000e5e0>] (ret_fast_syscall+0x0/0x4c)
[   19.043970] ---[ end trace 738ff534a870f5c1 ]---
[   19.052615] ------------[ cut here ]------------
[   19.057750] WARNING: CPU: 0 PID: 65 at mm/mmap.c:2859 exit_mmap+0x1a8/0x21c()
[   19.065295] Modules linked in:
[   19.068523] CPU: 0 PID: 65 Comm: rc Tainted: G        W       3.19.0-rc5-next-20150119-00002-gfdefcded1272 #1
[   19.078944] Hardware name: Generic AM3517 (Flattened Device Tree)
[   19.085403] [<c00153f0>] (unwind_backtrace) from [<c0011a74>] (show_stack+0x10/0x14)
[   19.093527] [<c0011a74>] (show_stack) from [<c0580150>] (dump_stack+0x78/0x94)
[   19.101163] [<c0580150>] (dump_stack) from [<c003d4d0>] (warn_slowpath_common+0x7c/0xb4)
[   19.109699] [<c003d4d0>] (warn_slowpath_common) from [<c003d524>] (warn_slowpath_null+0x1c/0x24)
[   19.118950] [<c003d524>] (warn_slowpath_null) from [<c012de64>] (exit_mmap+0x1a8/0x21c)
[   19.127378] [<c012de64>] (exit_mmap) from [<c003abb8>] (mmput+0x44/0xec)
[   19.134460] [<c003abb8>] (mmput) from [<c0151368>] (flush_old_exec+0x300/0x5a4)
[   19.142124] [<c0151368>] (flush_old_exec) from [<c0195c10>] (load_elf_binary+0x2ec/0x1144)
[   19.150831] [<c0195c10>] (load_elf_binary) from [<c0150ea0>] (search_binary_handler+0x88/0x1ac)
[   19.159997] [<c0150ea0>] (search_binary_handler) from [<c0151f0c>] (do_execveat_common+0x538/0x6c4)
[   19.169526] [<c0151f0c>] (do_execveat_common) from [<c01520c4>] (do_execve+0x2c/0x34)
[   19.177780] [<c01520c4>] (do_execve) from [<c000e5e0>] (ret_fast_syscall+0x0/0x4c)
[   19.185748] ---[ end trace 738ff534a870f5c2 ]---
[   19.192737] ------------[ cut here ]------------
[   19.197791] WARNING: CPU: 0 PID: 60 at mm/mmap.c:2859 exit_mmap+0x1a8/0x21c()
[   19.205321] Modules linked in:
[   19.208546] CPU: 0 PID: 60 Comm: rc Tainted: G        W       3.19.0-rc5-next-20150119-00002-gfdefcded1272 #1
[   19.218955] Hardware name: Generic AM3517 (Flattened Device Tree)
[   19.225414] [<c00153f0>] (unwind_backtrace) from [<c0011a74>] (show_stack+0x10/0x14)
[   19.233535] [<c0011a74>] (show_stack) from [<c0580150>] (dump_stack+0x78/0x94)
[   19.241165] [<c0580150>] (dump_stack) from [<c003d4d0>] (warn_slowpath_common+0x7c/0xb4)
[   19.249693] [<c003d4d0>] (warn_slowpath_common) from [<c003d524>] (warn_slowpath_null+0x1c/0x24)
[   19.258940] [<c003d524>] (warn_slowpath_null) from [<c012de64>] (exit_mmap+0x1a8/0x21c)
[   19.267385] [<c012de64>] (exit_mmap) from [<c003abb8>] (mmput+0x44/0xec)
[   19.274459] [<c003abb8>] (mmput) from [<c003fa84>] (do_exit+0x2b4/0x9b8)
[   19.281480] [<c003fa84>] (do_exit) from [<c00401fc>] (do_group_exit+0x48/0xbc)
[   19.289092] [<c00401fc>] (do_group_exit) from [<c0040280>] (__wake_up_parent+0x0/0x18)
[   19.297424] ---[ end trace 738ff534a870f5c3 ]---
[   19.308688] ------------[ cut here ]------------
[   19.313586] WARNING: CPU: 0 PID: 65 at mm/mmap.c:2859 exit_mmap+0x1a8/0x21c()
[   19.321277] Modules linked in:
[   19.324576] CPU: 0 PID: 65 Comm: splash-write Tainted: G        W       3.19.0-rc5-next-20150119-00002-gfdefcded1272 #1
[   19.335894] Hardware name: Generic AM3517 (Flattened Device Tree)
[   19.342320] [<c00153f0>] (unwind_backtrace) from [<c0011a74>] (show_stack+0x10/0x14)
[   19.350497] [<c0011a74>] (show_stack) from [<c0580150>] (dump_stack+0x78/0x94)
[   19.358133] [<c0580150>] (dump_stack) from [<c003d4d0>] (warn_slowpath_common+0x7c/0xb4)
[   19.366665] [<c003d4d0>] (warn_slowpath_common) from [<c003d524>] (warn_slowpath_null+0x1c/0x24)
[   19.375917] [<c003d524>] (warn_slowpath_null) from [<c012de64>] (exit_mmap+0x1a8/0x21c)
[   19.384353] [<c012de64>] (exit_mmap) from [<c003abb8>] (mmput+0x44/0xec)
[   19.391372] [<c003abb8>] (mmput) from [<c003fa84>] (do_exit+0x2b4/0x9b8)
[   19.398439] [<c003fa84>] (do_exit) from [<c00401fc>] (do_group_exit+0x48/0xbc)
[   19.406055] [<c00401fc>] (do_group_exit) from [<c0040280>] (__wake_up_parent+0x0/0x18)
[   19.414387] ---[ end trace 738ff534a870f5c4 ]---
[   19.433468] ------------[ cut here ]------------
[   19.438647] WARNING: CPU: 0 PID: 63 at mm/mmap.c:2859 exit_mmap+0x1a8/0x21c()
[   19.446276] Modules linked in:
[   19.449538] CPU: 0 PID: 63 Comm: rc Tainted: G        W       3.19.0-rc5-next-20150119-00002-gfdefcded1272 #1
[   19.460062] Hardware name: Generic AM3517 (Flattened Device Tree)
[   19.466594] [<c00153f0>] (unwind_backtrace) from [<c0011a74>] (show_stack+0x10/0x14)
[   19.474855] [<c0011a74>] (show_stack) from [<c0580150>] (dump_stack+0x78/0x94)
[   19.482516] [<c0580150>] (dump_stack) from [<c003d4d0>] (warn_slowpath_common+0x7c/0xb4)
[   19.491139] [<c003d4d0>] (warn_slowpath_common) from [<c003d524>] (warn_slowpath_null+0x1c/0x24)
[   19.500485] [<c003d524>] (warn_slowpath_null) from [<c012de64>] (exit_mmap+0x1a8/0x21c)
[   19.509005] [<c012de64>] (exit_mmap) from [<c003abb8>] (mmput+0x44/0xec)
[   19.516149] [<c003abb8>] (mmput) from [<c003fa84>] (do_exit+0x2b4/0x9b8)
[   19.523240] [<c003fa84>] (do_exit) from [<c00401fc>] (do_group_exit+0x48/0xbc)
[   19.530930] [<c00401fc>] (do_group_exit) from [<c0040280>] (__wake_up_parent+0x0/0x18)
[   19.539346] ---[ end trace 738ff534a870f5c5 ]---
[   19.550128] ------------[ cut here ]------------
[   19.555255] WARNING: CPU: 0 PID: 66 at mm/mmap.c:2859 exit_mmap+0x1a8/0x21c()
[   19.562724] Modules linked in:
[   19.566033] CPU: 0 PID: 66 Comm: S03sysfs Tainted: G        W       3.19.0-rc5-next-20150119-00002-gfdefcded1272 #1
[   19.576997] Hardware name: Generic AM3517 (Flattened Device Tree)
[   19.583414] [<c00153f0>] (unwind_backtrace) from [<c0011a74>] (show_stack+0x10/0x14)
[   19.591588] [<c0011a74>] (show_stack) from [<c0580150>] (dump_stack+0x78/0x94)
[   19.599223] [<c0580150>] (dump_stack) from [<c003d4d0>] (warn_slowpath_common+0x7c/0xb4)
[   19.607751] [<c003d4d0>] (warn_slowpath_common) from [<c003d524>] (warn_slowpath_null+0x1c/0x24)
[   19.616999] [<c003d524>] (warn_slowpath_null) from [<c012de64>] (exit_mmap+0x1a8/0x21c)
[   19.625435] [<c012de64>] (exit_mmap) from [<c003abb8>] (mmput+0x44/0xec)
[   19.632470] [<c003abb8>] (mmput) from [<c0151368>] (flush_old_exec+0x300/0x5a4)
[   19.640185] [<c0151368>] (flush_old_exec) from [<c0195c10>] (load_elf_binary+0x2ec/0x1144)
[   19.648943] [<c0195c10>] (load_elf_binary) from [<c0150ea0>] (search_binary_handler+0x88/0x1ac)
[   19.658121] [<c0150ea0>] (search_binary_handler) from [<c0151f0c>] (do_execveat_common+0x538/0x6c4)
[   19.667650] [<c0151f0c>] (do_execveat_common) from [<c01520c4>] (do_execve+0x2c/0x34)
[   19.675903] [<c01520c4>] (do_execve) from [<c000e5e0>] (ret_fast_syscall+0x0/0x4c)
[   19.683823] ---[ end trace 738ff534a870f5c6 ]---
[   19.699609] ------------[ cut here ]------------
[   19.704711] WARNING: CPU: 0 PID: 66 at mm/mmap.c:2859 exit_mmap+0x1a8/0x21c()
[   19.712187] Modules linked in:
[   19.715476] CPU: 0 PID: 66 Comm: grep Tainted: G        W       3.19.0-rc5-next-20150119-00002-gfdefcded1272 #1
[   19.726079] Hardware name: Generic AM3517 (Flattened Device Tree)
[   19.732500] [<c00153f0>] (unwind_backtrace) from [<c0011a74>] (show_stack+0x10/0x14)
[   19.740676] [<c0011a74>] (show_stack) from [<c0580150>] (dump_stack+0x78/0x94)
[   19.748315] [<c0580150>] (dump_stack) from [<c003d4d0>] (warn_slowpath_common+0x7c/0xb4)
[   19.756840] [<c003d4d0>] (warn_slowpath_common) from [<c003d524>] (warn_slowpath_null+0x1c/0x24)
[   19.766092] [<c003d524>] (warn_slowpath_null) from [<c012de64>] (exit_mmap+0x1a8/0x21c)
[   19.774527] [<c012de64>] (exit_mmap) from [<c003abb8>] (mmput+0x44/0xec)
[   19.781546] [<c003abb8>] (mmput) from [<c003fa84>] (do_exit+0x2b4/0x9b8)
[   19.788615] [<c003fa84>] (do_exit) from [<c00401fc>] (do_group_exit+0x48/0xbc)
[   19.796230] [<c00401fc>] (do_group_exit) from [<c0040280>] (__wake_up_parent+0x0/0x18)
[   19.804559] ---[ end trace 738ff534a870f5c7 ]---
[   19.815702] ------------[ cut here ]------------
[   19.820598] WARNING: CPU: 0 PID: 67 at mm/mmap.c:2859 exit_mmap+0x1a8/0x21c()
[   19.828200] Modules linked in:
[   19.831429] CPU: 0 PID: 67 Comm: S03sysfs Tainted: G        W       3.19.0-rc5-next-20150119-00002-gfdefcded1272 #1
[   19.842406] Hardware name: Generic AM3517 (Flattened Device Tree)
[   19.848874] [<c00153f0>] (unwind_backtrace) from [<c0011a74>] (show_stack+0x10/0x14)
[   19.857053] [<c0011a74>] (show_stack) from [<c0580150>] (dump_stack+0x78/0x94)
[   19.864686] [<c0580150>] (dump_stack) from [<c003d4d0>] (warn_slowpath_common+0x7c/0xb4)
[   19.873163] [<c003d4d0>] (warn_slowpath_common) from [<c003d524>] (warn_slowpath_null+0x1c/0x24)
[   19.882416] [<c003d524>] (warn_slowpath_null) from [<c012de64>] (exit_mmap+0x1a8/0x21c)
[   19.890851] [<c012de64>] (exit_mmap) from [<c003abb8>] (mmput+0x44/0xec)
[   19.897934] [<c003abb8>] (mmput) from [<c0151368>] (flush_old_exec+0x300/0x5a4)
[   19.905651] [<c0151368>] (flush_old_exec) from [<c0195c10>] (load_elf_binary+0x2ec/0x1144)
[   19.914360] [<c0195c10>] (load_elf_binary) from [<c0150ea0>] (search_binary_handler+0x88/0x1ac)
[   19.923474] [<c0150ea0>] (search_binary_handler) from [<c0151f0c>] (do_execveat_common+0x538/0x6c4)
[   19.933003] [<c0151f0c>] (do_execveat_common) from [<c01520c4>] (do_execve+0x2c/0x34)
[   19.941258] [<c01520c4>] (do_execve) from [<c000e5e0>] (ret_fast_syscall+0x0/0x4c)
[   19.949225] ---[ end trace 738ff534a870f5c8 ]---
[   19.967136] ------------[ cut here ]------------
[   19.972045] WARNING: CPU: 0 PID: 67 at mm/mmap.c:2859 exit_mmap+0x1a8/0x21c()
[   19.979684] Modules linked in:
[   19.982914] CPU: 0 PID: 67 Comm: mount Tainted: G        W       3.19.0-rc5-next-20150119-00002-gfdefcded1272 #1
[   19.993617] Hardware name: Generic AM3517 (Flattened Device Tree)
[   20.000089] [<c00153f0>] (unwind_backtrace) from [<c0011a74>] (show_stack+0x10/0x14)
[   20.008302] [<c0011a74>] (show_stack) from [<c0580150>] (dump_stack+0x78/0x94)
[   20.015940] [<c0580150>] (dump_stack) from [<c003d4d0>] (warn_slowpath_common+0x7c/0xb4)
[   20.024466] [<c003d4d0>] (warn_slowpath_common) from [<c003d524>] (warn_slowpath_null+0x1c/0x24)
[   20.033667] [<c003d524>] (warn_slowpath_null) from [<c012de64>] (exit_mmap+0x1a8/0x21c)
[   20.042112] [<c012de64>] (exit_mmap) from [<c003abb8>] (mmput+0x44/0xec)
[   20.049224] [<c003abb8>] (mmput) from [<c003fa84>] (do_exit+0x2b4/0x9b8)
[   20.056305] [<c003fa84>] (do_exit) from [<c00401fc>] (do_group_exit+0x48/0xbc)
[   20.063869] [<c00401fc>] (do_group_exit) from [<c0040280>] (__wake_up_parent+0x0/0x18)
[   20.072202] ---[ end trace 738ff534a870f5c9 ]---
[   20.080006] ------------[ cut here ]------------
[   20.085123] WARNING: CPU: 0 PID: 64 at mm/mmap.c:2859 exit_mmap+0x1a8/0x21c()
[   20.092597] Modules linked in:
[   20.095906] CPU: 0 PID: 64 Comm: S03sysfs Tainted: G        W       3.19.0-rc5-next-20150119-00002-gfdefcded1272 #1
[   20.106885] Hardware name: Generic AM3517 (Flattened Device Tree)
[   20.113298] [<c00153f0>] (unwind_backtrace) from [<c0011a74>] (show_stack+0x10/0x14)
[   20.121491] [<c0011a74>] (show_stack) from [<c0580150>] (dump_stack+0x78/0x94)
[   20.129126] [<c0580150>] (dump_stack) from [<c003d4d0>] (warn_slowpath_common+0x7c/0xb4)
[   20.137658] [<c003d4d0>] (warn_slowpath_common) from [<c003d524>] (warn_slowpath_null+0x1c/0x24)
[   20.146914] [<c003d524>] (warn_slowpath_null) from [<c012de64>] (exit_mmap+0x1a8/0x21c)
[   20.155354] [<c012de64>] (exit_mmap) from [<c003abb8>] (mmput+0x44/0xec)
[   20.162379] [<c003abb8>] (mmput) from [<c003fa84>] (do_exit+0x2b4/0x9b8)
[   20.169446] [<c003fa84>] (do_exit) from [<c00401fc>] (do_group_exit+0x48/0xbc)
[   20.177060] [<c00401fc>] (do_group_exit) from [<c0040280>] (__wake_up_parent+0x0/0x18)
[   20.185391] ---[ end trace 738ff534a870f5ca ]---
[   20.209624] ------------[ cut here ]------------
[   20.214764] WARNING: CPU: 0 PID: 70 at mm/mmap.c:2859 exit_mmap+0x1a8/0x21c()
[   20.222233] Modules linked in:
[   20.225559] CPU: 0 PID: 70 Comm: rc Tainted: G        W       3.19.0-rc5-next-20150119-00002-gfdefcded1272 #1
[   20.235980] Hardware name: Generic AM3517 (Flattened Device Tree)
[   20.242403] [<c00153f0>] (unwind_backtrace) from [<c0011a74>] (show_stack+0x10/0x14)
[   20.250582] [<c0011a74>] (show_stack) from [<c0580150>] (dump_stack+0x78/0x94)
[   20.258223] [<c0580150>] (dump_stack) from [<c003d4d0>] (warn_slowpath_common+0x7c/0xb4)
[   20.266761] [<c003d4d0>] (warn_slowpath_common) from [<c003d524>] (warn_slowpath_null+0x1c/0x24)
[   20.276020] [<c003d524>] (warn_slowpath_null) from [<c012de64>] (exit_mmap+0x1a8/0x21c)
[   20.284461] [<c012de64>] (exit_mmap) from [<c003abb8>] (mmput+0x44/0xec)
[   20.291499] [<c003abb8>] (mmput) from [<c0151368>] (flush_old_exec+0x300/0x5a4)
[   20.299218] [<c0151368>] (flush_old_exec) from [<c0195c10>] (load_elf_binary+0x2ec/0x1144)
[   20.307980] [<c0195c10>] (load_elf_binary) from [<c0150ea0>] (search_binary_handler+0x88/0x1ac)
[   20.317147] [<c0150ea0>] (search_binary_handler) from [<c0151f0c>] (do_execveat_common+0x538/0x6c4)
[   20.326672] [<c0151f0c>] (do_execveat_common) from [<c01520c4>] (do_execve+0x2c/0x34)
[   20.334926] [<c01520c4>] (do_execve) from [<c000e5e0>] (ret_fast_syscall+0x0/0x4c)
[   20.342847] ---[ end trace 738ff534a870f5cb ]---
[   20.349590] ------------[ cut here ]------------
[   20.354681] WARNING: CPU: 0 PID: 69 at mm/mmap.c:2859 exit_mmap+0x1a8/0x21c()
[   20.362228] Modules linked in:
[   20.365547] CPU: 0 PID: 69 Comm: rc Tainted: G        W       3.19.0-rc5-next-20150119-00002-gfdefcded1272 #1
[   20.376071] Hardware name: Generic AM3517 (Flattened Device Tree)
[   20.382547] [<c00153f0>] (unwind_backtrace) from [<c0011a74>] (show_stack+0x10/0x14)
[   20.390804] [<c0011a74>] (show_stack) from [<c0580150>] (dump_stack+0x78/0x94)
[   20.398511] [<c0580150>] (dump_stack) from [<c003d4d0>] (warn_slowpath_common+0x7c/0xb4)
[   20.407128] [<c003d4d0>] (warn_slowpath_common) from [<c003d524>] (warn_slowpath_null+0x1c/0x24)
[   20.416474] [<c003d524>] (warn_slowpath_null) from [<c012de64>] (exit_mmap+0x1a8/0x21c)
[   20.424993] [<c012de64>] (exit_mmap) from [<c003abb8>] (mmput+0x44/0xec)
[   20.432095] [<c003abb8>] (mmput) from [<c0151368>] (flush_old_exec+0x300/0x5a4)
[   20.439884] [<c0151368>] (flush_old_exec) from [<c0195c10>] (load_elf_binary+0x2ec/0x1144)
[   20.448678] [<c0195c10>] (load_elf_binary) from [<c0150ea0>] (search_binary_handler+0x88/0x1ac)
[   20.457930] [<c0150ea0>] (search_binary_handler) from [<c019554c>] (load_script+0x260/0x280)
[   20.466907] [<c019554c>] (load_script) from [<c0150ea0>] (search_binary_handler+0x88/0x1ac)
[   20.475792] [<c0150ea0>] (search_binary_handler) from [<c0151f0c>] (do_execveat_common+0x538/0x6c4)
[   20.485411] [<c0151f0c>] (do_execveat_common) from [<c01520c4>] (do_execve+0x2c/0x34)
[   20.493698] [<c01520c4>] (do_execve) from [<c000e5e0>] (ret_fast_syscall+0x0/0x4c)
[   20.501748] ---[ end trace 738ff534a870f5cc ]---
[   20.512370] ------------[ cut here ]------------
[   20.517491] WARNING: CPU: 0 PID: 70 at mm/mmap.c:2859 exit_mmap+0x1a8/0x21c()
[   20.525026] Modules linked in:
[   20.528253] CPU: 0 PID: 70 Comm: splash-write Tainted: G        W       3.19.0-rc5-next-20150119-00002-gfdefcded1272 #1
[   20.539585] Hardware name: Generic AM3517 (Flattened Device Tree)
[   20.546051] [<c00153f0>] (unwind_backtrace) from [<c0011a74>] (show_stack+0x10/0x14)
[   20.554225] [<c0011a74>] (show_stack) from [<c0580150>] (dump_stack+0x78/0x94)
[   20.561807] [<c0580150>] (dump_stack) from [<c003d4d0>] (warn_slowpath_common+0x7c/0xb4)
[   20.570343] [<c003d4d0>] (warn_slowpath_common) from [<c003d524>] (warn_slowpath_null+0x1c/0x24)
[   20.579596] [<c003d524>] (warn_slowpath_null) from [<c012de64>] (exit_mmap+0x1a8/0x21c)
[   20.588030] [<c012de64>] (exit_mmap) from [<c003abb8>] (mmput+0x44/0xec)
[   20.595100] [<c003abb8>] (mmput) from [<c003fa84>] (do_exit+0x2b4/0x9b8)
[   20.602119] [<c003fa84>] (do_exit) from [<c00401fc>] (do_group_exit+0x48/0xbc)
[   20.609730] [<c00401fc>] (do_group_exit) from [<c0040280>] (__wake_up_parent+0x0/0x18)
[   20.618059] ---[ end trace 738ff534a870f5cd ]---
[   20.637618] ------------[ cut here ]------------
[   20.642523] WARNING: CPU: 0 PID: 68 at mm/mmap.c:2859 exit_mmap+0x1a8/0x21c()
[   20.650156] Modules linked in:
[   20.653389] CPU: 0 PID: 68 Comm: rc Tainted: G        W       3.19.0-rc5-next-20150119-00002-gfdefcded1272 #1
[   20.663809] Hardware name: Generic AM3517 (Flattened Device Tree)
[   20.670285] [<c00153f0>] (unwind_backtrace) from [<c0011a74>] (show_stack+0x10/0x14)
[   20.678461] [<c0011a74>] (show_stack) from [<c0580150>] (dump_stack+0x78/0x94)
[   20.686098] [<c0580150>] (dump_stack) from [<c003d4d0>] (warn_slowpath_common+0x7c/0xb4)
[   20.694632] [<c003d4d0>] (warn_slowpath_common) from [<c003d524>] (warn_slowpath_null+0x1c/0x24)
[   20.703839] [<c003d524>] (warn_slowpath_null) from [<c012de64>] (exit_mmap+0x1a8/0x21c)
[   20.712276] [<c012de64>] (exit_mmap) from [<c003abb8>] (mmput+0x44/0xec)
[   20.719346] [<c003abb8>] (mmput) from [<c003fa84>] (do_exit+0x2b4/0x9b8)
[   20.726416] [<c003fa84>] (do_exit) from [<c00401fc>] (do_group_exit+0x48/0xbc)
[   20.733975] [<c00401fc>] (do_group_exit) from [<c0040280>] (__wake_up_parent+0x0/0x18)
[   20.742348] ---[ end trace 738ff534a870f5ce ]---
Starting udev
[   20.762762] ------------[ cut here ]------------
[   20.767865] WARNING: CPU: 0 PID: 71 at mm/mmap.c:2859 exit_mmap+0x1a8/0x21c()
[   20.775400] Modules linked in:
[   20.778630] CPU: 0 PID: 71 Comm: S03udev Tainted: G        W       3.19.0-rc5-next-20150119-00002-gfdefcded1272 #1
[   20.789503] Hardware name: Generic AM3517 (Flattened Device Tree)
[   20.795974] [<c00153f0>] (unwind_backtrace) from [<c0011a74>] (show_stack+0x10/0x14)
[   20.804154] [<c0011a74>] (show_stack) from [<c0580150>] (dump_stack+0x78/0x94)
[   20.811735] [<c0580150>] (dump_stack) from [<c003d4d0>] (warn_slowpath_common+0x7c/0xb4)
[   20.820278] [<c003d4d0>] (warn_slowpath_common) from [<c003d524>] (warn_slowpath_null+0x1c/0x24)
[   20.829531] [<c003d524>] (warn_slowpath_null) from [<c012de64>] (exit_mmap+0x1a8/0x21c)
[   20.837967] [<c012de64>] (exit_mmap) from [<c003abb8>] (mmput+0x44/0xec)
[   20.845066] [<c003abb8>] (mmput) from [<c0151368>] (flush_old_exec+0x300/0x5a4)
[   20.852737] [<c0151368>] (flush_old_exec) from [<c0195c10>] (load_elf_binary+0x2ec/0x1144)
[   20.861496] [<c0195c10>] (load_elf_binary) from [<c0150ea0>] (search_binary_handler+0x88/0x1ac)
[   20.870661] [<c0150ea0>] (search_binary_handler) from [<c0151f0c>] (do_execveat_common+0x538/0x6c4)
[   20.880190] [<c0151f0c>] (do_execveat_common) from [<c01520c4>] (do_execve+0x2c/0x34)
[   20.888445] [<c01520c4>] (do_execve) from [<c000e5e0>] (ret_fast_syscall+0x0/0x4c)
[   20.896417] ---[ end trace 738ff534a870f5cf ]---
[   20.913047] ------------[ cut here ]------------
[   20.918194] WARNING: CPU: 0 PID: 71 at mm/mmap.c:2859 exit_mmap+0x1a8/0x21c()
[   20.925732] Modules linked in:
[   20.928961] CPU: 0 PID: 71 Comm: awk Tainted: G        W       3.19.0-rc5-next-20150119-00002-gfdefcded1272 #1
[   20.939470] Hardware name: Generic AM3517 (Flattened Device Tree)
[   20.945934] [<c00153f0>] (unwind_backtrace) from [<c0011a74>] (show_stack+0x10/0x14)
[   20.954112] [<c0011a74>] (show_stack) from [<c0580150>] (dump_stack+0x78/0x94)
[   20.961698] [<c0580150>] (dump_stack) from [<c003d4d0>] (warn_slowpath_common+0x7c/0xb4)
[   20.970232] [<c003d4d0>] (warn_slowpath_common) from [<c003d524>] (warn_slowpath_null+0x1c/0x24)
[   20.979486] [<c003d524>] (warn_slowpath_null) from [<c012de64>] (exit_mmap+0x1a8/0x21c)
[   20.987918] [<c012de64>] (exit_mmap) from [<c003abb8>] (mmput+0x44/0xec)
[   20.994989] [<c003abb8>] (mmput) from [<c003fa84>] (do_exit+0x2b4/0x9b8)
[   21.002007] [<c003fa84>] (do_exit) from [<c00401fc>] (do_group_exit+0x48/0xbc)
[   21.009624] [<c00401fc>] (do_group_exit) from [<c0040280>] (__wake_up_parent+0x0/0x18)
[   21.017960] ---[ end trace 738ff534a870f5d0 ]---
[   21.028986] ------------[ cut here ]------------
[   21.033885] WARNING: CPU: 0 PID: 72 at mm/mmap.c:2859 exit_mmap+0x1a8/0x21c()
[   21.041542] Modules linked in:
[   21.044894] CPU: 0 PID: 72 Comm: S03udev Tainted: G        W       3.19.0-rc5-next-20150119-00002-gfdefcded1272 #1
[   21.055786] Hardware name: Generic AM3517 (Flattened Device Tree)
[   21.062207] [<c00153f0>] (unwind_backtrace) from [<c0011a74>] (show_stack+0x10/0x14)
[   21.070412] [<c0011a74>] (show_stack) from [<c0580150>] (dump_stack+0x78/0x94)
[   21.078057] [<c0580150>] (dump_stack) from [<c003d4d0>] (warn_slowpath_common+0x7c/0xb4)
[   21.086592] [<c003d4d0>] (warn_slowpath_common) from [<c003d524>] (warn_slowpath_null+0x1c/0x24)
[   21.095842] [<c003d524>] (warn_slowpath_null) from [<c012de64>] (exit_mmap+0x1a8/0x21c)
[   21.104277] [<c012de64>] (exit_mmap) from [<c003abb8>] (mmput+0x44/0xec)
[   21.111314] [<c003abb8>] (mmput) from [<c0151368>] (flush_old_exec+0x300/0x5a4)
[   21.119027] [<c0151368>] (flush_old_exec) from [<c0195c10>] (load_elf_binary+0x2ec/0x1144)
[   21.127740] [<c0195c10>] (load_elf_binary) from [<c0150ea0>] (search_binary_handler+0x88/0x1ac)
[   21.136906] [<c0150ea0>] (search_binary_handler) from [<c0151f0c>] (do_execveat_common+0x538/0x6c4)
[   21.146426] [<c0151f0c>] (do_execveat_common) from [<c01520c4>] (do_execve+0x2c/0x34)
[   21.154682] [<c01520c4>] (do_execve) from [<c000e5e0>] (ret_fast_syscall+0x0/0x4c)
[   21.162603] ---[ end trace 738ff534a870f5d1 ]---
[   21.187132] ------------[ cut here ]------------
[   21.192043] WARNING: CPU: 0 PID: 72 at mm/mmap.c:2859 exit_mmap+0x1a8/0x21c()
[   21.199717] Modules linked in:
[   21.202955] CPU: 0 PID: 72 Comm: mount Tainted: G        W       3.19.0-rc5-next-20150119-00002-gfdefcded1272 #1
[   21.213682] Hardware name: Generic AM3517 (Flattened Device Tree)
[   21.220174] [<c00153f0>] (unwind_backtrace) from [<c0011a74>] (show_stack+0x10/0x14)
[   21.228368] [<c0011a74>] (show_stack) from [<c0580150>] (dump_stack+0x78/0x94)
[   21.236009] [<c0580150>] (dump_stack) from [<c003d4d0>] (warn_slowpath_common+0x7c/0xb4)
[   21.244546] [<c003d4d0>] (warn_slowpath_common) from [<c003d524>] (warn_slowpath_null+0x1c/0x24)
[   21.253745] [<c003d524>] (warn_slowpath_null) from [<c012de64>] (exit_mmap+0x1a8/0x21c)
[   21.262175] [<c012de64>] (exit_mmap) from [<c003abb8>] (mmput+0x44/0xec)
[   21.269248] [<c003abb8>] (mmput) from [<c003fa84>] (do_exit+0x2b4/0x9b8)
[   21.276313] [<c003fa84>] (do_exit) from [<c00401fc>] (do_group_exit+0x48/0xbc)
[   21.283876] [<c00401fc>] (do_group_exit) from [<c0040280>] (__wake_up_parent+0x0/0x18)
[   21.292209] ---[ end trace 738ff534a870f5d2 ]---
[   21.303088] ------------[ cut here ]------------
[   21.308196] WARNING: CPU: 0 PID: 73 at mm/mmap.c:2859 exit_mmap+0x1a8/0x21c()
[   21.315727] Modules linked in:
[   21.318957] CPU: 0 PID: 73 Comm: S03udev Tainted: G        W       3.19.0-rc5-next-20150119-00002-gfdefcded1272 #1
[   21.329831] Hardware name: Generic AM3517 (Flattened Device Tree)
[   21.336296] [<c00153f0>] (unwind_backtrace) from [<c0011a74>] (show_stack+0x10/0x14)
[   21.344473] [<c0011a74>] (show_stack) from [<c0580150>] (dump_stack+0x78/0x94)
[   21.352054] [<c0580150>] (dump_stack) from [<c003d4d0>] (warn_slowpath_common+0x7c/0xb4)
[   21.360590] [<c003d4d0>] (warn_slowpath_common) from [<c003d524>] (warn_slowpath_null+0x1c/0x24)
[   21.369837] [<c003d524>] (warn_slowpath_null) from [<c012de64>] (exit_mmap+0x1a8/0x21c)
[   21.378274] [<c012de64>] (exit_mmap) from [<c003abb8>] (mmput+0x44/0xec)
[   21.385357] [<c003abb8>] (mmput) from [<c0151368>] (flush_old_exec+0x300/0x5a4)
[   21.393029] [<c0151368>] (flush_old_exec) from [<c0195c10>] (load_elf_binary+0x2ec/0x1144)
[   21.401738] [<c0195c10>] (load_elf_binary) from [<c0150ea0>] (search_binary_handler+0x88/0x1ac)
[   21.410900] [<c0150ea0>] (search_binary_handler) from [<c0151f0c>] (do_execveat_common+0x538/0x6c4)
[   21.420422] [<c0151f0c>] (do_execveat_common) from [<c01520c4>] (do_execve+0x2c/0x34)
[   21.428669] [<c01520c4>] (do_execve) from [<c000e5e0>] (ret_fast_syscall+0x0/0x4c)
[   21.436638] ---[ end trace 738ff534a870f5d3 ]---
[   21.450808] ------------[ cut here ]------------
[   21.455965] WARNING: CPU: 0 PID: 73 at mm/mmap.c:2859 exit_mmap+0x1a8/0x21c()
[   21.463433] Modules linked in:
[   21.466730] CPU: 0 PID: 73 Comm: mkdir Tainted: G        W       3.19.0-rc5-next-20150119-00002-gfdefcded1272 #1
[   21.477419] Hardware name: Generic AM3517 (Flattened Device Tree)
[   21.483837] [<c00153f0>] (unwind_backtrace) from [<c0011a74>] (show_stack+0x10/0x14)
[   21.492013] [<c0011a74>] (show_stack) from [<c0580150>] (dump_stack+0x78/0x94)
[   21.499647] [<c0580150>] (dump_stack) from [<c003d4d0>] (warn_slowpath_common+0x7c/0xb4)
[   21.508180] [<c003d4d0>] (warn_slowpath_common) from [<c003d524>] (warn_slowpath_null+0x1c/0x24)
[   21.517432] [<c003d524>] (warn_slowpath_null) from [<c012de64>] (exit_mmap+0x1a8/0x21c)
[   21.525872] [<c012de64>] (exit_mmap) from [<c003abb8>] (mmput+0x44/0xec)
[   21.532894] [<c003abb8>] (mmput) from [<c003fa84>] (do_exit+0x2b4/0x9b8)
[   21.539964] [<c003fa84>] (do_exit) from [<c00401fc>] (do_group_exit+0x48/0xbc)
[   21.547575] [<c00401fc>] (do_group_exit) from [<c0040280>] (__wake_up_parent+0x0/0x18)
[   21.555985] ---[ end trace 738ff534a870f5d4 ]---
[   21.568543] ------------[ cut here ]------------
[   21.573447] WARNING: CPU: 0 PID: 74 at mm/mmap.c:2859 exit_mmap+0x1a8/0x21c()
[   21.581086] Modules linked in:
[   21.584387] CPU: 0 PID: 74 Comm: S03udev Tainted: G        W       3.19.0-rc5-next-20150119-00002-gfdefcded1272 #1
[   21.595261] Hardware name: Generic AM3517 (Flattened Device Tree)
[   21.601685] [<c00153f0>] (unwind_backtrace) from [<c0011a74>] (show_stack+0x10/0x14)
[   21.609862] [<c0011a74>] (show_stack) from [<c0580150>] (dump_stack+0x78/0x94)
[   21.617517] [<c0580150>] (dump_stack) from [<c003d4d0>] (warn_slowpath_common+0x7c/0xb4)
[   21.626050] [<c003d4d0>] (warn_slowpath_common) from [<c003d524>] (warn_slowpath_null+0x1c/0x24)
[   21.635302] [<c003d524>] (warn_slowpath_null) from [<c012de64>] (exit_mmap+0x1a8/0x21c)
[   21.643754] [<c012de64>] (exit_mmap) from [<c003abb8>] (mmput+0x44/0xec)
[   21.650899] [<c003abb8>] (mmput) from [<c0151368>] (flush_old_exec+0x300/0x5a4)
[   21.658632] [<c0151368>] (flush_old_exec) from [<c0195c10>] (load_elf_binary+0x2ec/0x1144)
[   21.667344] [<c0195c10>] (load_elf_binary) from [<c0150ea0>] (search_binary_handler+0x88/0x1ac)
[   21.676509] [<c0150ea0>] (search_binary_handler) from [<c0151f0c>] (do_execveat_common+0x538/0x6c4)
[   21.686032] [<c0151f0c>] (do_execveat_common) from [<c01520c4>] (do_execve+0x2c/0x34)
[   21.694280] [<c01520c4>] (do_execve) from [<c000e5e0>] (ret_fast_syscall+0x0/0x4c)
[   21.702209] ---[ end trace 738ff534a870f5d5 ]---
[   21.717989] ------------[ cut here ]------------
[   21.722894] WARNING: CPU: 0 PID: 74 at mm/mmap.c:2859 exit_mmap+0x1a8/0x21c()
[   21.730518] Modules linked in:
[   21.733751] CPU: 0 PID: 74 Comm: mkdir Tainted: G        W       3.19.0-rc5-next-20150119-00002-gfdefcded1272 #1
[   21.744456] Hardware name: Generic AM3517 (Flattened Device Tree)
[   21.750868] [<c00153f0>] (unwind_backtrace) from [<c0011a74>] (show_stack+0x10/0x14)
[   21.759042] [<c0011a74>] (show_stack) from [<c0580150>] (dump_stack+0x78/0x94)
[   21.766685] [<c0580150>] (dump_stack) from [<c003d4d0>] (warn_slowpath_common+0x7c/0xb4)
[   21.775216] [<c003d4d0>] (warn_slowpath_common) from [<c003d524>] (warn_slowpath_null+0x1c/0x24)
[   21.784466] [<c003d524>] (warn_slowpath_null) from [<c012de64>] (exit_mmap+0x1a8/0x21c)
[   21.792848] [<c012de64>] (exit_mmap) from [<c003abb8>] (mmput+0x44/0xec)
[   21.799911] [<c003abb8>] (mmput) from [<c003fa84>] (do_exit+0x2b4/0x9b8)
[   21.806982] [<c003fa84>] (do_exit) from [<c00401fc>] (do_group_exit+0x48/0xbc)
[   21.814598] [<c00401fc>] (do_group_exit) from [<c0040280>] (__wake_up_parent+0x0/0x18)
[   21.822890] ---[ end trace 738ff534a870f5d6 ]---
[   22.064357] ------------[ cut here ]------------
[   22.069336] WARNING: CPU: 0 PID: 75 at mm/mmap.c:2859 exit_mmap+0x1a8/0x21c()
[   22.076876] Modules linked in:
[   22.080110] CPU: 0 PID: 75 Comm: S03udev Tainted: G        W       3.19.0-rc5-next-20150119-00002-gfdefcded1272 #1
[   22.090979] Hardware name: Generic AM3517 (Flattened Device Tree)
[   22.097447] [<c00153f0>] (unwind_backtrace) from [<c0011a74>] (show_stack+0x10/0x14)
[   22.105621] [<c0011a74>] (show_stack) from [<c0580150>] (dump_stack+0x78/0x94)
[   22.113207] [<c0580150>] (dump_stack) from [<c003d4d0>] (warn_slowpath_common+0x7c/0xb4)
[   22.121741] [<c003d4d0>] (warn_slowpath_common) from [<c003d524>] (warn_slowpath_null+0x1c/0x24)
[   22.130996] [<c003d524>] (warn_slowpath_null) from [<c012de64>] (exit_mmap+0x1a8/0x21c)
[   22.139436] [<c012de64>] (exit_mmap) from [<c003abb8>] (mmput+0x44/0xec)
[   22.146524] [<c003abb8>] (mmput) from [<c0151368>] (flush_old_exec+0x300/0x5a4)
[   22.154251] [<c0151368>] (flush_old_exec) from [<c0195c10>] (load_elf_binary+0x2ec/0x1144)
[   22.162913] [<c0195c10>] (load_elf_binary) from [<c0150ea0>] (search_binary_handler+0x88/0x1ac)
[   22.172079] [<c0150ea0>] (search_binary_handler) from [<c0151f0c>] (do_execveat_common+0x538/0x6c4)
[   22.181602] [<c0151f0c>] (do_execveat_common) from [<c01520c4>] (do_execve+0x2c/0x34)
[   22.189861] [<c01520c4>] (do_execve) from [<c000e5e0>] (ret_fast_syscall+0x0/0x4c)
[   22.197843] ---[ end trace 738ff534a870f5d7 ]---
[   22.212514] ------------[ cut here ]------------
[   22.217617] WARNING: CPU: 0 PID: 75 at mm/mmap.c:2859 exit_mmap+0x1a8/0x21c()
[   22.225155] Modules linked in:
[   22.228385] CPU: 0 PID: 75 Comm: uname Tainted: G        W       3.19.0-rc5-next-20150119-00002-gfdefcded1272 #1
[   22.239089] Hardware name: Generic AM3517 (Flattened Device Tree)
[   22.245558] [<c00153f0>] (unwind_backtrace) from [<c0011a74>] (show_stack+0x10/0x14)
[   22.253679] [<c0011a74>] (show_stack) from [<c0580150>] (dump_stack+0x78/0x94)
[   22.261328] [<c0580150>] (dump_stack) from [<c003d4d0>] (warn_slowpath_common+0x7c/0xb4)
[   22.269865] [<c003d4d0>] (warn_slowpath_common) from [<c003d524>] (warn_slowpath_null+0x1c/0x24)
[   22.279120] [<c003d524>] (warn_slowpath_null) from [<c012de64>] (exit_mmap+0x1a8/0x21c)
[   22.287561] [<c012de64>] (exit_mmap) from [<c003abb8>] (mmput+0x44/0xec)
[   22.294691] [<c003abb8>] (mmput) from [<c003fa84>] (do_exit+0x2b4/0x9b8)
[   22.301711] [<c003fa84>] (do_exit) from [<c00401fc>] (do_group_exit+0x48/0xbc)
[   22.309338] [<c00401fc>] (do_group_exit) from [<c0040280>] (__wake_up_parent+0x0/0x18)
[   22.317675] ---[ end trace 738ff534a870f5d8 ]---
[   22.335910] ------------[ cut here ]------------
[   22.340818] WARNING: CPU: 0 PID: 76 at mm/mmap.c:2859 exit_mmap+0x1a8/0x21c()
[   22.348423] Modules linked in:
[   22.351653] CPU: 0 PID: 76 Comm: S03udev Tainted: G        W       3.19.0-rc5-next-20150119-00002-gfdefcded1272 #1
[   22.362538] Hardware name: Generic AM3517 (Flattened Device Tree)
[   22.369013] [<c00153f0>] (unwind_backtrace) from [<c0011a74>] (show_stack+0x10/0x14)
[   22.377194] [<c0011a74>] (show_stack) from [<c0580150>] (dump_stack+0x78/0x94)
[   22.384832] [<c0580150>] (dump_stack) from [<c003d4d0>] (warn_slowpath_common+0x7c/0xb4)
[   22.393314] [<c003d4d0>] (warn_slowpath_common) from [<c003d524>] (warn_slowpath_null+0x1c/0x24)
[   22.402570] [<c003d524>] (warn_slowpath_null) from [<c012de64>] (exit_mmap+0x1a8/0x21c)
[   22.411008] [<c012de64>] (exit_mmap) from [<c003abb8>] (mmput+0x44/0xec)
[   22.418090] [<c003abb8>] (mmput) from [<c0151368>] (flush_old_exec+0x300/0x5a4)
[   22.425848] [<c0151368>] (flush_old_exec) from [<c0195c10>] (load_elf_binary+0x2ec/0x1144)
[   22.434564] [<c0195c10>] (load_elf_binary) from [<c0150ea0>] (search_binary_handler+0x88/0x1ac)
[   22.443677] [<c0150ea0>] (search_binary_handler) from [<c0151f0c>] (do_execveat_common+0x538/0x6c4)
[   22.453199] [<c0151f0c>] (do_execveat_common) from [<c01520c4>] (do_execve+0x2c/0x34)
[   22.461459] [<c01520c4>] (do_execve) from [<c000e5e0>] (ret_fast_syscall+0x0/0x4c)
[   22.469435] ---[ end trace 738ff534a870f5d9 ]---
[   22.483335] ------------[ cut here ]------------
[   22.488443] WARNING: CPU: 0 PID: 76 at mm/mmap.c:2859 exit_mmap+0x1a8/0x21c()
[   22.495973] Modules linked in:
[   22.499204] CPU: 0 PID: 76 Comm: uname Tainted: G        W       3.19.0-rc5-next-20150119-00002-gfdefcded1272 #1
[   22.509896] Hardware name: Generic AM3517 (Flattened Device Tree)
[   22.516365] [<c00153f0>] (unwind_backtrace) from [<c0011a74>] (show_stack+0x10/0x14)
[   22.524540] [<c0011a74>] (show_stack) from [<c0580150>] (dump_stack+0x78/0x94)
[   22.532129] [<c0580150>] (dump_stack) from [<c003d4d0>] (warn_slowpath_common+0x7c/0xb4)
[   22.540664] [<c003d4d0>] (warn_slowpath_common) from [<c003d524>] (warn_slowpath_null+0x1c/0x24)
[   22.549914] [<c003d524>] (warn_slowpath_null) from [<c012de64>] (exit_mmap+0x1a8/0x21c)
[   22.558342] [<c012de64>] (exit_mmap) from [<c003abb8>] (mmput+0x44/0xec)
[   22.565414] [<c003abb8>] (mmput) from [<c003fa84>] (do_exit+0x2b4/0x9b8)
[   22.572433] [<c003fa84>] (do_exit) from [<c00401fc>] (do_group_exit+0x48/0xbc)
[   22.580051] [<c00401fc>] (do_group_exit) from [<c0040280>] (__wake_up_parent+0x0/0x18)
[   22.588388] ---[ end trace 738ff534a870f5da ]---
[   22.599152] ------------[ cut here ]------------
[   22.604282] WARNING: CPU: 0 PID: 77 at mm/mmap.c:2859 exit_mmap+0x1a8/0x21c()
[   22.611752] Modules linked in:
[   22.615059] CPU: 0 PID: 77 Comm: S03udev Tainted: G        W       3.19.0-rc5-next-20150119-00002-gfdefcded1272 #1
[   22.625943] Hardware name: Generic AM3517 (Flattened Device Tree)
[   22.632358] [<c00153f0>] (unwind_backtrace) from [<c0011a74>] (show_stack+0x10/0x14)
[   22.640531] [<c0011a74>] (show_stack) from [<c0580150>] (dump_stack+0x78/0x94)
