- 06:40:26 [INFO] Starting target session
- 06:40:27 [INFO] Connected to am3517-evm via serial 
- 06:40:27 [INFO] Host: 
- 06:40:29 [ERROR] On command:  waiting for (?-mix:login:) >>> error: execution expired
- 06:40:29 [INFO] Target: 


root@am3517-evm:/test# 
- 06:40:29 [INFO] Host: 
- 06:40:29 [INFO] Target: 


root@am3517-evm:/test# 
- 06:40:29 [INFO] Host: sync;poweroff
- 06:40:43 [INFO] Target: 
sync;poweroff




Broadcast message from root@am3517-evm (ttyO2) (Fri Aug 29 00:56:43 2014):




The system is going down for system halt NOW!



INIT: Swroot@am3517-evm:/test# 
INIT: Sending processes the TERM signal



INIT: Sending processes the KILhwclock: can't open '/dev/misc/rtc': No such file or directory

Stopping syslogd/klogd: stopped syslogd (pid 1160)

stopped klogd (pid 1163)

done

Deconfiguring network interfaces... ifdown: interface eth0 not configured

done.

Sending all processes the TERM signal...

Sending all processes the KILL signal...

Unmounting remote filesystems...

Deactivating swap...

Unmounting local filesystems...

[84840.044621] reboot: System halted


- 06:41:13 [INFO] Disconnected serial from am3517-evm
- 06:41:14 [INFO] Connected to am3517-evm via serial 
- 06:41:14 [INFO] Host: 
- 06:41:14 [ERROR] On command:  waiting for (?-mix:AM3517_EVM\s*#) >>> error: execution expired
- 06:41:14 [INFO] Target: 
tm1`U@
- 06:41:14 [INFO] Host: 
- 06:41:15 [ERROR] On command:  waiting for (?-mix:AM3517_EVM\s*#) >>> error: execution expired
- 06:41:15 [INFO] Target: 


U-Boot SPL 2011.09-00000-g9cf431d (Jun 25 2013 - 15:14:11)

Texas Instruments Revision detection unimplemented

OMAP SD/MMC: 0

reading u-boot.img

reading u-boot.img





U-Bo
- 06:41:15 [INFO] Host: 
- 06:41:15 [ERROR] On command:  waiting for (?-mix:AM3517_EVM\s*#) >>> error: execution expired
- 06:41:15 [INFO] Target: 
ot 2011.09-00000-g9cf431d (Jun 25 2013 - 15:14:11)



AM35XX-GP ES2.0, CPU-OPP2, L3-165MHz, Max CPU Clock 600 Mhz

AM3517EVM Board + LPDDR/NAND

I2C:   ready

DRAM:  256 MiB

WARNING: Caches not enabled

NAND:  HW ECC [Kernel/FS layout] selected

512 MiB

MMC:   OMAP SD/MMC: 0


- 06:41:15 [INFO] Host: 
- 06:41:16 [ERROR] On command:  waiting for (?-mix:AM3517_EVM\s*#) >>> error: execution expired
- 06:41:16 [INFO] Target: 
In:    serial

Out:   se
- 06:41:16 [INFO] Host: 
- 06:41:16 [INFO] Target: 
rial

Err:   serial

Die ID #5f5c00010000000001685a201600f025

Net:   Ethernet PHY: GENERIC @ 0x00

DaVinci-EMAC

Hit any key to stop autoboot:  3  0 

AM3517_EVM # 


AM3517_EVM # 


AM3517_EVM # 
- 06:41:16 [INFO] Host: 
- 06:41:16 [INFO] Target: 



AM3517_EVM # 
- 06:41:16 [INFO] Host: version
- 06:41:16 [INFO] Target: 
version




U-Boot 2011.09-00000-g9cf431d (Jun 25 2013 - 15:14:11)

arm-linux-gnueabihf-gcc (crosstool-NG linaro-1.13.1-4.7-2013.03-20130313 - Linaro GCC 2013.03) 4.7.3 20130226 (prerelease)

GNU ld (crosstool-NG linaro-1.13.1-4.7-2013.03-20130313 - Linaro GCC 2013.03) 2.23.1

AM3517_EVM # 
- 06:41:16 [INFO] Host: setenv bootargs 'console=ttyO2,115200n8 debug ignore_loglevel earlyprintk root=/dev/mmcblk0p2 rootwait nohlt '
- 06:41:16 [INFO] Target: 
setenv bootargs 'console=ttyO2,115200n8 debug ignore_loglevel earlyprintk root=/dev/mmcblk0p2 rootwait nohlt '


AM3517_EVM # 
- 06:41:16 [INFO] Host: setenv bootcmd  ''
- 06:41:16 [INFO] Target: 
setenv bootcmd  ''


AM3517_EVM # 
- 06:41:16 [INFO] Host: setenv autoload 'no'
- 06:41:16 [INFO] Target: 
setenv autoload 'no'


AM3517_EVM # 
- 06:41:16 [INFO] Host: setenv serverip '10.218.102.142'
- 06:41:16 [INFO] Target: 
setenv serverip '10.218.102.142'


AM3517_EVM # 
- 06:41:16 [INFO] Host: printenv
- 06:41:17 [INFO] Target: 
printenv


autoload=no

baudrate=115200

bootargs=console=ttyO2,115200n8 debug ignore_loglevel earlyprintk root=/dev/mmcblk0p2 rootwait nohlt 

bootargs_defaults=setenv bootargs console=${console} ${optargs}

bootcmd=

bootdelay=3

bootenv=uEnv.txt

bootfile=tigt-0001-desktop/2012-09-19t22-05-12-184/am3517-evm/70132be54a7f7fcf07b00ec4a126f0b2

bootscript=echo Running bootscript from mmc ...; source ${loadaddr}

console=ttyO2,115200n8

dieid#=5f5c00010000000001685a201600f025

ethact=DaVinci-EMAC

ethaddr=40:98:4e:74:71:9d

importbootenv=echo Importing environment from mmc ...; env import -t $loadaddr $filesize

kloadaddr=0x80007fc0

loadaddr=0x82000000

loadbootenv=fatload mmc ${mmc_dev} ${loadaddr} ${bootenv}

loadbootscript=fatload mmc ${mmcdev} ${loadaddr} boot.scr

loaduimage=fatload mmc ${mmcdev} ${kloadaddr} uImage

mmc_load_uimage=mmc rescan; fatload mmc 0 ${loadaddr} uImage

mmcargs=run bootargs_defaults; setenv bootargs ${bootargs} root=/dev/mmcblk0p2 rw rootfstype=ext3 rootwait

mmcboot=echo Booting from mmc ...; run mmcargs; bootm ${kloadaddr}; 

mmcdev=0

nandargs=run bootargs_defaults; setenv bootargs ${bootargs} root=/dev/mtdblock4 rw rootfstype=jffs2

nandboot=echo Booting from nand ...; run nandargs; nand read ${kloadaddr} 280000 400000; bootm ${kloadaddr}; 

nfs_root_path=10.218.102.142:/home/tigt-0001/NFS_exports/am3517/autofs/ae0d8e03f9b2bf510b0c654ac60741c7

ramdisk_addr=0x8A080000

serverip=10.218.102.142

stderr=serial

stdin=serial

stdout=serial



Environment size: 1515/131068 bytes

AM3517_EVM # 
- 06:41:17 [INFO] Host: printenv
- 06:41:17 [INFO] Target: 
printenv


autoload=no

baudrate=115200

bootargs=console=ttyO2,115200n8 debug ignore_loglevel earlyprintk root=/dev/mmcblk0p2 rootwait nohlt 

bootargs_defaults=setenv bootargs console=${console} ${optargs}

bootcmd=

bootdelay=3

bootenv=uEnv.txt

bootfile=tigt-0001-desktop/2012-09-19t22-05-12-184/am3517-evm/70132be54a7f7fcf07b00ec4a126f0b2

bootscript=echo Running bootscript from mmc ...; source ${loadaddr}

console=ttyO2,115200n8

dieid#=5f5c00010000000001685a201600f025

ethact=DaVinci-EMAC

ethaddr=40:98:4e:74:71:9d

importbootenv=echo Importing environment from mmc ...; env import -t $loadaddr $filesize

kloadaddr=0x80007fc0

loadaddr=0x82000000

loadbootenv=fatload mmc ${mmc_dev} ${loadaddr} ${bootenv}

loadbootscript=fatload mmc ${mmcdev} ${loadaddr} boot.scr

loaduimage=fatload mmc ${mmcdev} ${kloadaddr} uImage

mmc_load_uimage=mmc rescan; fatload mmc 0 ${loadaddr} uImage

mmcargs=run bootargs_defaults; setenv bootargs ${bootargs} root=/dev/mmcblk0p2 rw rootfstype=ext3 rootwait

mmcboot=echo Booting from mmc ...; run mmcargs; bootm ${kloadaddr}; 

mmcdev=0

nandargs=run bootargs_defaults; setenv bootargs ${bootargs} root=/dev/mtdblock4 rw rootfstype=jffs2

nandboot=echo Booting from nand ...; run nandargs; nand read ${kloadaddr} 280000 400000; bootm ${kloadaddr}; 

nfs_root_path=10.218.102.142:/home/tigt-0001/NFS_exports/am3517/autofs/ae0d8e03f9b2bf510b0c654ac60741c7

ramdisk_addr=0x8A080000

serverip=10.218.102.142

stderr=serial

stdin=serial

stdout=serial



Environment size: 1515/131068 bytes

AM3517_EVM # 
- 06:41:17 [INFO] Host: setenv bootargs ''${bootargs}' ip=dhcp '
- 06:41:17 [INFO] Target: 
setenv bootargs ''${bootargs}' ip=dhcp '


AM3517_EVM # 
- 06:41:17 [INFO] Host: setenv ipaddr dhcp
- 06:41:17 [INFO] Target: 
setenv ipaddr dhcp


AM3517_EVM # 
- 06:41:17 [INFO] Host: dhcp
- 06:41:18 [INFO] Target: 
dhcp


BOOTP broadcast 1

DHCP client bound to address 10.218.102.217

AM3517_EVM # 
- 06:41:18 [INFO] Host: setenv serverip '10.218.102.142'
- 06:41:18 [INFO] Target: 
setenv serverip '10.218.102.142'


AM3517_EVM # 
- 06:41:18 [INFO] Host: tftp ${loadaddr} 10.218.102.142:vatf_am3517-evm/5494a4c732b096d5d1bbb9af12ac2b35
- 06:41:24 [INFO] Target: 
tftp ${loadaddr} 10.218.102.142:vatf_am3517-evm/5494a4c732b096d5d1bbb9af12ac2b35


Using DaVinci-EMAC device

TFTP from server 10.218.102.142; our IP address is 10.218.102.217

Filename 'vatf_am3517-evm/5494a4c732b096d5d1bbb9af12ac2b35'.

Load address: 0x82000000

Loading: *#################################################################

	 #################################################################

	 #################################################################

	 #################################################################

	 #################################################################

	 #################################################################

	 #################################################################

	 #################################################################

	 #################################################################

	 #################################################################

	 #################################################################

	 #################################################################

	 #################################################################

	 #####################

done

Bytes transferred = 4433029 (43a485 hex)

AM3517_EVM # 
- 06:41:24 [INFO] Host: ls mmc 0:1
- 06:41:24 [INFO] Target: 
ls mmc 0:1


ls - list files in a directory (default /)



Usage:

ls [ directory ]

AM3517_EVM # 
- 06:41:24 [INFO] Host: ls mmc 0:2
- 06:41:24 [INFO] Target: 
ls mmc 0:2


ls - list files in a directory (default /)



Usage:

ls [ directory ]

AM3517_EVM # 
- 06:41:24 [INFO] Host: ls mmc 0:3
- 06:41:25 [INFO] Target: 
ls mmc 0:3


ls - list files in a directory (default /)



Usage:

ls [ directory ]

AM3517_EVM # 
- 06:41:25 [INFO] Host: ls mmc 0:4
- 06:41:25 [INFO] Target: 
ls mmc 0:4


ls - list files in a directory (default /)



Usage:

ls [ directory ]

AM3517_EVM # 
- 06:41:25 [INFO] Host: ls mmc 0:5
- 06:41:25 [INFO] Target: 
ls mmc 0:5


ls - list files in a directory (default /)



Usage:

ls [ directory ]

AM3517_EVM # 
- 06:41:25 [INFO] Host: part uuid mmc 0:
- 06:41:25 [INFO] Target: 
part uuid mmc 0:


Unknown command 'part' - try 'help'

AM3517_EVM # 
- 06:41:25 [INFO] Host: printenv
- 06:41:25 [INFO] Target: 
printenv


autoload=no

baudrate=115200

bootargs=console=ttyO2,115200n8 debug ignore_loglevel earlyprintk root=/dev/mmcblk0p2 rootwait nohlt ip=dhcp

bootargs_defaults=setenv bootargs console=${console} ${optargs}

bootcmd=

bootdelay=3

bootenv=uEnv.txt

bootfile=tigt-0001-desktop/2012-09-19t22-05-12-184/am3517-evm/70132be54a7f7fcf07b00ec4a126f0b2

bootscript=echo Running bootscript from mmc ...; source ${loadaddr}

console=ttyO2,115200n8

dieid#=5f5c00010000000001685a201600f025

dnsip=192.0.2.2

dnsip2=192.0.2.3

ethact=DaVinci-EMAC

ethaddr=40:98:4e:74:71:9d

fileaddr=82000000

filesize=43A485

importbootenv=echo Importing environment from mmc ...; env import -t $loadaddr $filesize

ipaddr=10.218.102.217

kloadaddr=0x80007fc0

loadaddr=0x82000000

loadbootenv=fatload mmc ${mmc_dev} ${loadaddr} ${bootenv}

loadbootscript=fatload mmc ${mmcdev} ${loadaddr} boot.scr

loaduimage=fatload mmc ${mmcdev} ${kloadaddr} uImage

mmc_load_uimage=mmc rescan; fatload mmc 0 ${loadaddr} uImage

mmcargs=run bootargs_defaults; setenv bootargs ${bootargs} root=/dev/mmcblk0p2 rw rootfstype=ext3 rootwait

mmcboot=echo Booting from mmc ...; run mmcargs; bootm ${kloadaddr}; 

mmcdev=0

nandargs=run bootargs_defaults; setenv bootargs ${bootargs} root=/dev/mtdblock4 rw rootfstype=jffs2

nandboot=echo Booting from nand ...; run nandargs; nand read ${kloadaddr} 280000 400000; bootm ${kloadaddr}; 

netmask=255.255.255.0

nfs_root_path=10.218.102.142:/home/tigt-0001/NFS_exports/am3517/autofs/ae0d8e03f9b2bf510b0c654ac60741c7

ramdisk_addr=0x8A080000

serverip=10.218.102.142

stderr=serial

stdin=serial

stdout=serial



Environment size: 1645/131068 bytes

AM3517_EVM # 
- 06:41:25 [INFO] Host: setenv bootargs ''${bootargs}' root=/dev/mmcblk0p2 rw rootfstype=ext3 rootwait '
- 06:41:25 [INFO] Target: 
setenv bootargs ''${bootargs}' root=/dev/mmcblk0p2 rw rootfstype=ext3 rootwait '


AM3517_EVM # 
- 06:41:25 [INFO] Host: printenv
- 06:41:25 [INFO] Target: 
printenv


autoload=no

baudrate=115200

bootargs=console=ttyO2,115200n8 debug ignore_loglevel earlyprintk root=/dev/mmcblk0p2 rootwait nohlt ip=dhcp root=/dev/mmcblk0p2 rw rootfstype=ext3 rootwait

bootargs_defaults=setenv bootargs console=${console} ${optargs}

bootcmd=

bootdelay=3

bootenv=uEnv.txt

bootfile=tigt-0001-desktop/2012-09-19t22-05-12-184/am3517-evm/70132be54a7f7fcf07b00ec4a126f0b2

bootscript=echo Running bootscript from mmc ...; source ${loadaddr}

console=ttyO2,115200n8

dieid#=5f5c00010000000001685a201600f025

dnsip=192.0.2.2

dnsip2=192.0.2.3

ethact=DaVinci-EMAC

ethaddr=40:98:4e:74:71:9d

fileaddr=82000000

filesize=43A485

importbootenv=echo Importing environment from mmc ...; env import -t $loadaddr $filesize

ipaddr=10.218.102.217

kloadaddr=0x80007fc0

loadaddr=0x82000000

loadbootenv=fatload mmc ${mmc_dev} ${loadaddr} ${bootenv}

loadbootscript=fatload mmc ${mmcdev} ${loadaddr} boot.scr

loaduimage=fatload mmc ${mmcdev} ${kloadaddr} uImage

mmc_load_uimage=mmc rescan; fatload mmc 0 ${loadaddr} uImage

mmcargs=run bootargs_defaults; setenv bootargs ${bootargs} root=/dev/mmcblk0p2 rw rootfstype=ext3 rootwait

mmcboot=echo Booting from mmc ...; run mmcargs; bootm ${kloadaddr}; 

mmcdev=0

nandargs=run bootargs_defaults; setenv bootargs ${bootargs} root=/dev/mtdblock4 rw rootfstype=jffs2

nandboot=echo Booting from nand ...; run nandargs; nand read ${kloadaddr} 280000 400000; bootm ${kloadaddr}; 

netmask=255.255.255.0

nfs_root_path=10.218.102.142:/home/tigt-0001/NFS_exports/am3517/autofs/ae0d8e03f9b2bf510b0c654ac60741c7

ramdisk_addr=0x8A080000

serverip=10.218.102.142

stderr=serial

stdin=serial

stdout=serial



Environment size: 1693/131068 bytes

AM3517_EVM # 
- 06:41:25 [INFO] Host: setenv bootcmd ''${bootcmd}' if iminfo ${loadaddr}; then bootm ${loadaddr}  ; else bootz ${loadaddr}  ; bootm ${loadaddr}  ; fi'
- 06:41:25 [INFO] Target: 
setenv bootcmd ''${bootcmd}' if iminfo ${loadaddr}; then bootm ${loadaddr}  ; else bootz ${loadaddr}  ; bootm ${loadaddr}  ; fi'


AM3517_EVM # 
- 06:41:25 [INFO] Host: bdinfo
- 06:41:26 [INFO] Target: 
bdinfo


arch_number = 0x00000898

boot_params = 0x80000100

DRAM bank   = 0x00000000

-> start    = 0x80000000

-> size     = 0x10000000

DRAM bank   = 0x00000001

-> start    = 0x80000000

-> size     = 0x00000000

ethaddr     = 40:98:4e:74:71:9d

ip_addr     = 10.218.102.217

baudrate    = 115200 bps

TLB addr    = 0x8FFF0000

relocaddr   = 0x8FF71000

reloc off   = 0x0FE71000

irq_sp      = 0x8FF30F68

sp start    = 0x8FF30F58

FB base     = 0x00000000

AM3517_EVM # 
- 06:41:26 [INFO] Host: boot
- 06:42:14 [INFO] Target: 
boot


Unknown command 'iminfo' - try 'help'

Unknown command 'bootz' - try 'help'

## Booting kernel from Legacy Image at 82000000 ...

   Image Name:   Linux-3.17.0-rc3-next-20140903-0

   Image Type:   ARM Linux Kernel Image (uncompressed)

   Data Size:    4432965 Bytes = 4.2 MiB

   Load Address: 80800000

   Entry Point:  80800000

   Verifying Checksum ... OK

   Loading Kernel Image ... OK

OK



Starting kernel ...



[    0.000000] Booting Linux on physical CPU 0x0

[    0.000000] Linux version 3.17.0-rc3-next-20140903-00002-g6917daac (nmenon@kahuna) (gcc version 4.6.3 (Ubuntu/Linaro 4.6.3-1ubuntu5) ) #1 SMP Thu Sep 4 05:36:37 CDT 2014

[    0.000000] CPU: ARMv7 Processor [411fc087] revision 7 (ARMv7), cr=10c5387d

[    0.000000] CPU: PIPT / VIPT nonaliasing data cache, VIPT nonaliasing instruction cache

[    0.000000] Machine model: TI AM3517 EVM (AM3517/05 TMDSEVM3517)

[    0.000000] debug: ignoring loglevel setting.

[    0.000000] cma: Reserved 16 MiB at 8e800000

[    0.000000] Memory policy: Data cache writeback

[    0.000000] On node 0 totalpages: 65280

[    0.000000] free_area_init_node: node 0, pgdat c08cbdc0, node_mem_map cfcf1000

[    0.000000]   Normal zone: 512 pages used for memmap

[    0.000000]   Normal zone: 0 pages reserved

[    0.000000]   Normal zone: 65280 pages, LIFO batch:15

[    0.000000]   HighMem zone: 1048574 pages exceeds freesize 0

[    0.000000] CPU: All CPU(s) started in SVC mode.

[    0.000000] AM3517 ES1.1 (l2cache sgx neon )

[    0.000000] PERCPU: Embedded 11 pages/cpu @cfc87000 s14336 r8192 d22528 u45056

[    0.000000] pcpu-alloc: s14336 r8192 d22528 u45056 alloc=11*4096

[    0.000000] pcpu-alloc: [0] 0 

[    0.000000] Built 1 zonelists in Zone order, mobility grouping on.  Total pages: 64768

[    0.000000] Kernel command line: console=ttyO2,115200n8 debug ignore_loglevel earlyprintk root=/dev/mmcblk0p2 rootwait nohlt ip=dhcp root=/dev/mmcblk0p2 rw rootfstype=ext3 rootwait

[    0.000000] PID hash table entries: 1024 (order: 0, 4096 bytes)

[    0.000000] Dentry cache hash table entries: 32768 (order: 5, 131072 bytes)

[    0.000000] Inode-cache hash table entries: 16384 (order: 4, 65536 bytes)

[    0.000000] Memory: 224732K/261120K available (5719K kernel code, 654K rwdata, 2212K rodata, 406K init, 8211K bss, 36388K reserved, 0K highmem)

[    0.000000] Virtual kernel memory layout:

[    0.000000]     vector  : 0xffff0000 - 0xffff1000   (   4 kB)

[    0.000000]     fixmap  : 0xffc00000 - 0xffe00000   (2048 kB)

[    0.000000]     vmalloc : 0xd0800000 - 0xff000000   ( 744 MB)

[    0.000000]     lowmem  : 0xc0000000 - 0xd0000000   ( 256 MB)

[    0.000000]     pkmap   : 0xbfe00000 - 0xc0000000   (   2 MB)

[    0.000000]     modules : 0xbf000000 - 0xbfe00000   (  14 MB)

[    0.000000]       .text : 0xc0008000 - 0xc07c706c   (7933 kB)

[    0.000000]       .init : 0xc07c8000 - 0xc082d800   ( 406 kB)

[    0.000000]       .data : 0xc082e000 - 0xc08d1890   ( 655 kB)

[    0.000000]        .bss : 0xc08d1890 - 0xc10d6490   (8211 kB)

[    0.000000] Hierarchical RCU implementation.

[    0.000000] 	RCU restricting CPUs from NR_CPUS=2 to nr_cpu_ids=1.

[    0.000000] RCU: Adjusting geometry for rcu_fanout_leaf=16, nr_cpu_ids=1

[    0.000000] NR_IRQS:16 nr_irqs:16 16

[    0.000000] IRQ: Found an INTC at 0xfa200000 (revision 4.0) with 96 interrupts

[    0.000000] Total of 96 interrupts on 1 active controller

[    0.000000] Clocking rate (Crystal/Core/MPU): 26.0/332/600 MHz

[    0.000000] OMAP clockevent source: timer2 at 13000000 Hz

[    0.000032] sched_clock: 32 bits at 13MHz, resolution 76ns, wraps every 330382100403ns

[    0.000134] OMAP clocksource: timer1 at 13000000 Hz

[    0.001411] Console: colour dummy device 80x30

[    0.001494] Lock dependency validator: Copyright (c) 2006 Red Hat, Inc., Ingo Molnar

[    0.001511] ... MAX_LOCKDEP_SUBCLASSES:  8

[    0.001525] ... MAX_LOCK_DEPTH:          48

[    0.001539] ... MAX_LOCKDEP_KEYS:        8191

[    0.001553] ... CLASSHASH_SIZE:          4096

[    0.001566] ... MAX_LOCKDEP_ENTRIES:     32768

[    0.001580] ... MAX_LOCKDEP_CHAINS:      65536

[    0.001593] ... CHAINHASH_SIZE:          32768

[    0.001607]  memory used by lock dependency info: 5167 kB

[    0.001621]  per task-struct memory footprint: 1152 bytes

[    0.001691] Calibrating delay loop... 597.60 BogoMIPS (lpj=2988032)

[    0.106539] pid_max: default: 32768 minimum: 301

[    0.107181] Security Framework initialized

[    0.107388] Mount-cache hash table entries: 1024 (order: 0, 4096 bytes)

[    0.107412] Mountpoint-cache hash table entries: 1024 (order: 0, 4096 bytes)

[    0.111248] CPU: Testing write buffer coherency: ok

[    0.113233] CPU0: thread -1, cpu 0, socket -1, mpidr 0

[    0.113442] Setting up static identity map for 0x8056bc58 - 0x8056bcc8

[    0.119572] Brought up 1 CPUs

[    0.119606] SMP: Total of 1 processors activated.

[    0.119623] CPU: All CPU(s) started in SVC mode.

[    0.124127] devtmpfs: initialized

[    0.137676] VFP support v0.3: implementor 41 architecture 3 part 30 variant c rev 1

[    0.206697] omap_hwmod: mcbsp2_sidetone using broken dt data from mcbsp

[    0.208689] omap_hwmod: mcbsp3_sidetone using broken dt data from mcbsp

[    0.303711] pinctrl core: initialized pinctrl subsystem

[    0.308610] regulator-dummy: no parameters

[    0.399823] NET: Registered protocol family 16

[    0.409663] DMA: preallocated 256 KiB pool for atomic coherent allocations

[    0.414074] cpuidle: using governor ladder

[    0.414121] cpuidle: using governor menu

[    0.414505] Address Hole seen by USB_OTG  at address dc0f9d0c

[    0.414526] ------------[ cut here ]------------

[    0.414562] WARNING: CPU: 0 PID: 1 at drivers/bus/omap_l3_smx.c:162 omap3_l3_app_irq+0x100/0x128()

[    0.414579] Modules linked in:

[    0.414616] CPU: 0 PID: 1 Comm: swapper/0 Not tainted 3.17.0-rc3-next-20140903-00002-g6917daac #1

[    0.414675] [<c0015230>] (unwind_backtrace) from [<c0011a18>] (show_stack+0x10/0x14)

[    0.414710] [<c0011a18>] (show_stack) from [<c05638a4>] (dump_stack+0x78/0x94)

[    0.414741] [<c05638a4>] (dump_stack) from [<c0040ec8>] (warn_slowpath_common+0x6c/0x8c)

[    0.414768] [<c0040ec8>] (warn_slowpath_common) from [<c0040f04>] (warn_slowpath_null+0x1c/0x24)

[    0.414793] [<c0040f04>] (warn_slowpath_null) from [<c0303418>] (omap3_l3_app_irq+0x100/0x128)

[    0.414824] [<c0303418>] (omap3_l3_app_irq) from [<c0088b34>] (handle_irq_event_percpu+0x58/0x20c)

[    0.414850] [<c0088b34>] (handle_irq_event_percpu) from [<c0088d24>] (handle_irq_event+0x3c/0x5c)

[    0.414878] [<c0088d24>] (handle_irq_event) from [<c008b868>] (handle_level_irq+0xac/0x148)

[    0.414903] [<c008b868>] (handle_level_irq) from [<c0088510>] (generic_handle_irq+0x20/0x30)

[    0.414929] [<c0088510>] (generic_handle_irq) from [<c000eea8>] (handle_IRQ+0x4c/0xb8)

[    0.414955] [<c000eea8>] (handle_IRQ) from [<c000868c>] (omap3_intc_handle_irq+0x80/0x9c)

[    0.414987] [<c000868c>] (omap3_intc_handle_irq) from [<c0569ee4>] (__irq_svc+0x44/0x5c)

[    0.415005] Exception stack(0xce055da8 to 0xce055df0)

[    0.415031] 5da0:                   00000001 ce053078 00000000 ce052b00 60000153 ce005a5c

[    0.415054] 5dc0: ce005a5c 00000000 0000001a ce005a34 60000153 00000000 ce055dd0 ce055df0

[    0.415073] 5de0: c007f4f4 c0569910 20000153 ffffffff

[    0.415101] [<c0569ee4>] (__irq_svc) from [<c0569910>] (_raw_spin_unlock_irqrestore+0x34/0x44)

[    0.415127] [<c0569910>] (_raw_spin_unlock_irqrestore) from [<c008a3cc>] (__setup_irq+0x2d8/0x4c0)

[    0.415153] [<c008a3cc>] (__setup_irq) from [<c008a66c>] (request_threaded_irq+0xb8/0x13c)

[    0.415180] [<c008a66c>] (request_threaded_irq) from [<c07fc708>] (omap3_l3_probe+0x100/0x160)

[    0.415210] [<c07fc708>] (omap3_l3_probe) from [<c0367e44>] (platform_drv_probe+0x2c/0x5c)

[    0.415246] [<c0367e44>] (platform_drv_probe) from [<c0366898>] (driver_probe_device+0x10c/0x234)

[    0.415276] [<c0366898>] (driver_probe_device) from [<c0366a54>] (__driver_attach+0x94/0x98)

[    0.415303] [<c0366a54>] (__driver_attach) from [<c0365208>] (bus_for_each_dev+0x54/0x88)

[    0.415330] [<c0365208>] (bus_for_each_dev) from [<c0366088>] (bus_add_driver+0xdc/0x1d4)

[    0.415356] [<c0366088>] (bus_add_driver) from [<c036720c>] (driver_register+0x78/0xf4)

[    0.415382] [<c036720c>] (driver_register) from [<c0367d94>] (platform_driver_probe+0x20/0xa4)

[    0.415407] [<c0367d94>] (platform_driver_probe) from [<c00089a4>] (do_one_initcall+0x80/0x1d8)

[    0.415434] [<c00089a4>] (do_one_initcall) from [<c07c8cb8>] (kernel_init_freeable+0x108/0x1d8)

[    0.415467] [<c07c8cb8>] (kernel_init_freeable) from [<c055e2b8>] (kernel_init+0x8/0xe4)

[    0.415494] [<c055e2b8>] (kernel_init) from [<c000e648>] (ret_from_fork+0x14/0x2c)

[    0.415653] ---[ end trace 39a8ddec56cdb549 ]---

[    0.425987] Reprogramming SDRC clock to 332000000 Hz

[    0.430343] platform 480c5000.aes: Cannot lookup hwmod 'aes'

[    0.441553] gpiochip_add: registered GPIOs 0 to 31 on device: gpio

[    0.443081] OMAP GPIO hardware version 2.5

[    0.445232] gpiochip_add: registered GPIOs 32 to 63 on device: gpio

[    0.448549] gpiochip_add: registered GPIOs 64 to 95 on device: gpio

[    0.451623] gpiochip_add: registered GPIOs 96 to 127 on device: gpio

[    0.454623] gpiochip_add: registered GPIOs 128 to 159 on device: gpio

[    0.457819] gpiochip_add: registered GPIOs 160 to 191 on device: gpio

[    0.471993] platform 480c3000.sham: Cannot lookup hwmod 'sham'

[    0.472881] platform 480cb000.smartreflex: Cannot lookup hwmod 'smartreflex_core'

[    0.485160] omap-gpmc 6e000000.gpmc: GPMC revision 5.0

[    0.486649] platform 480ab000.usb_otg_hs: Cannot lookup hwmod 'usb_otg_hs'

[    0.490528] No ATAGs?

[    0.490581] hw-breakpoint: debug architecture 0x4 unsupported.

[    0.494605] OMAP DMA hardware revision 4.0

[    0.543607] edma-dma-engine edma-dma-engine.0: Can't allocate PaRAM dummy slot

[    0.543726] edma-dma-engine: probe of edma-dma-engine.0 failed with error -22

[    0.609970] omap-dma-engine 48056000.dma-controller: OMAP DMA engine driver

[    0.611297] of_get_named_gpiod_flags: can't parse 'gpio' property of node '/vmmc[0]'

[    0.612277] vmmc_fixed: 3300 mV 

[    0.618834] SCSI subsystem initialized

[    0.620294] usbcore: registered new interface driver usbfs

[    0.620616] usbcore: registered new interface driver hub

[    0.650775] usbcore: registered new device driver usb

[    0.655733] omap_i2c 48070000.i2c: bus 0 rev3.3 at 400 kHz

[    0.658393] omap_i2c 48072000.i2c: bus 1 rev3.3 at 400 kHz

[    0.660784] omap_i2c 48060000.i2c: bus 2 rev3.3 at 400 kHz

[    0.668388] Switched to clocksource timer1

[    0.972608] NET: Registered protocol family 2

[    0.975581] TCP established hash table entries: 2048 (order: 1, 8192 bytes)

[    0.975832] TCP bind hash table entries: 2048 (order: 4, 73728 bytes)

[    0.976954] TCP: Hash tables configured (established 2048 bind 2048)

[    0.977232] TCP: reno registered

[    0.977277] UDP hash table entries: 256 (order: 2, 20480 bytes)

[    0.977591] UDP-Lite hash table entries: 256 (order: 2, 20480 bytes)

[    0.979796] NET: Registered protocol family 1

[    0.982898] RPC: Registered named UNIX socket transport module.

[    0.982933] RPC: Registered udp transport module.

[    0.982952] RPC: Registered tcp transport module.

[    0.982969] RPC: Registered tcp NFSv4.1 backchannel transport module.

[    0.985272] hw perfevents: enabled with armv7_cortex_a8 PMU driver, 5 counters available

[    0.994561] futex hash table entries: 256 (order: 2, 16384 bytes)

[    1.003753] VFS: Disk quotas dquot_6.5.2

[    1.003979] Dquot-cache hash table entries: 1024 (order 0, 4096 bytes)

[    1.007416] NFS: Registering the id_resolver key type

[    1.008037] Key type id_resolver registered

[    1.008065] Key type id_legacy registered

[    1.008599] jffs2: version 2.2. (NAND) (SUMMARY)   2001-2006 Red Hat, Inc.

[    1.010293] msgmni has been set to 470

[    1.019811] io scheduler noop registered

[    1.019867] io scheduler deadline registered

[    1.019984] io scheduler cfq registered (default)

[    1.024304] pinctrl-single 48002030.pinmux: 284 pins at pa fa002030 size 568

[    1.025123] pinctrl-single 48002a00.pinmux: 46 pins at pa fa002a00 size 92

[    1.029688] pbias_mmc_omap2430: 1800 <--> 3000 mV at 3000 mV 

[    1.033471] Serial: 8250/16550 driver, 4 ports, IRQ sharing enabled

[    1.045799] omap_uart 4806a000.serial: no wakeirq for uart0

[    1.045858] of_get_named_gpiod_flags: can't parse 'rts-gpio' property of node '/ocp/serial@4806a000[0]'

[    1.046773] 4806a000.serial: ttyO0 at MMIO 0x4806a000 (irq = 88, base_baud = 3000000) is a OMAP UART0

[    1.051788] omap_uart 4806c000.serial: no wakeirq for uart0

[    1.051845] of_get_named_gpiod_flags: can't parse 'rts-gpio' property of node '/ocp/serial@4806c000[0]'

[    1.052319] 4806c000.serial: ttyO1 at MMIO 0x4806c000 (irq = 89, base_baud = 3000000) is a OMAP UART1

[    1.055119] omap_uart 49020000.serial: no wakeirq for uart0

[    1.055169] of_get_named_gpiod_flags: can't parse 'rts-gpio' property of node '/ocp/serial@49020000[0]'

[    1.055592] 49020000.serial: ttyO2 at MMIO 0x49020000 (irq = 90, base_baud = 3000000) is a OMAP UART2

[    2.238631] console [ttyO2] enabled

[    2.297038] brd: module loaded

[    2.331836] loop: module loaded

[    2.340934] mtdoops: mtd device (mtddev=name/number) must be supplied

[    2.409089] davinci_mdio davinci_mdio.0: davinci mdio revision 1.5

[    2.415593] davinci_mdio davinci_mdio.0: detected phy mask fffffffe

[    2.543270] libphy: davinci_mdio.0: probed

[    2.547605] davinci_mdio davinci_mdio.0: phy[0]: device davinci_mdio.0:00, driver SMSC LAN8710/LAN8720

[    2.559043] usbcore: registered new interface driver asix

[    2.564963] usbcore: registered new interface driver ax88179_178a

[    2.571700] usbcore: registered new interface driver cdc_ether

[    2.578120] usbcore: registered new interface driver smsc95xx

[    2.584490] usbcore: registered new interface driver net1080

[    2.590734] usbcore: registered new interface driver cdc_subset

[    2.597174] usbcore: registered new interface driver zaurus

[    2.603501] usbcore: registered new interface driver cdc_ncm

[    2.612250] usbcore: registered new interface driver cdc_wdm

[    2.618780] usbcore: registered new interface driver usb-storage

[    2.625426] usbcore: registered new interface driver usbtest

[    2.635253] mousedev: PS/2 mouse device common for all mice

[    2.645724] i2c /dev entries driver

[    2.653718] Driver for 1-wire Dallas network protocol.

[    2.664118] omap_wdt: OMAP Watchdog Timer Rev 0x31: initial timeout 60 sec

[    2.673986] of_get_named_gpiod_flags: can't parse 'cd-gpios' property of node '/ocp/mmc@4809c000[0]'

[    2.683656] of_get_named_gpiod_flags: can't parse 'wp-gpios' property of node '/ocp/mmc@4809c000[0]'

[    2.739790] ledtrig-cpu: registered to indicate activity on CPUs

[    2.747071] usbcore: registered new interface driver usbhid

[    2.753101] usbhid: USB HID core driver

[    2.759716] oprofile: using arm/armv7

[    2.764956] TCP: cubic registered

[    2.768607] Initializing XFRM netlink socket

[    2.773366] NET: Registered protocol family 17

[    2.778324] NET: Registered protocol family 15

[    2.783642] Key type dns_resolver registered

[    2.788780] omap2_set_init_voltage: unable to find boot up OPP for vdd_mpu_iva

[    2.796339] omap2_set_init_voltage: unable to set vdd_mpu_iva

[    2.802505] omap2_set_init_voltage: unable to find boot up OPP for vdd_core

[    2.809860] omap2_set_init_voltage: unable to set vdd_core

[    2.817370] PM: no software I/O chain control; some wakeups may be lost

[    2.824432] pm: Failed to request pm_wkup irq

[    2.829114] ThumbEE CPU extension supported.

[    2.833665] Registering SWP/SWPB emulation handler

[    2.838764] SmartReflex Class3 initialized

[    2.867710] drivers/rtc/hctosys.c: unable to open rtc device (rtc0)

[    2.874548] sr_init: No PMIC hook to init smartreflex

[    2.880411] sr_init: platform driver register failed for SR

[    2.971274] mmc0: host does not support reading read-only switch. assuming write-enable.

[    2.982099] mmc0: new high speed SDHC card at address b368

[    2.992458] mmcblk0: mmc0:b368 SDC   3.74 GiB 

[    3.006182]  mmcblk0: p1 p2 p3

[   15.098115] kjournald starting.  Commit interval 5 seconds

[   15.104510] EXT3-fs (mmcblk0p2): warning: maximal mount count reached, running e2fsck is recommended

[   15.468422] EXT3-fs (mmcblk0p2): using internal journal

[   15.473910] EXT3-fs (mmcblk0p2): mounted filesystem with ordered data mode

[   15.481371] VFS: Mounted root (ext3 filesystem) on device 179:2.

[   15.492982] devtmpfs: mounted

[   15.497450] Freeing unused kernel memory: 404K (c07c8000 - c082d000)


INIT: version 2.86 booting


Please wait: booting...

Error opening /dev/fb0: No such file or directory

Starting udev

WARNING: -e needs -E or -F

[   16.549247] udevd (769): /proc/769/oom_adj is deprecated, please use /proc/769/oom_score_adj instead.

[   23.308806] random: nonblocking pool is initialized

[   29.533536] kjournald starting.  Commit interval 5 seconds

[   29.539713] EXT3-fs (mmcblk0p3): warning: maximal mount count reached, running e2fsck is recommended

[   29.616902] EXT3-fs (mmcblk0p3): using internal journal

[   29.622535] EXT3-fs (mmcblk0p3): mounted filesystem with ordered data mode

[   29.708733] FAT-fs (mmcblk0p1): Volume was not properly unmounted. Some data may be corrupt. Please run fsck.

[   29.833913] alignment: ignoring faults is unsafe on this CPU.  Defaulting to fixup mode.

Remounting root file system...

Caching udev devnodes

logger: mount: mount point /proc/bus/usb does not exist

ALSA: Restoring mixer settings...

/usr/sbin/alsactl: load_state:1625: No soundcards found...

Configuring network interfaces... ifconfig: SIOCGIFFLAGS: No such device

done.

Setting up IP spoofing protection: rp_filter.

hwclock: can't open '/dev/misc/rtc': No such file or directory

Fri Jan  6 15:04:00 UTC 2012

hwclock: can't open '/dev/misc/rtc': No such file or directory


INIT: Entering runlevel: 5


Starting system message bus: dbus.

Starting Hardware abstraction layer hald

Starting Dropbear SSH server: dropbear.

Starting telnet daemon.

Starting syslogd/klogd: done

Starting thttpd.

Starting Lighttpd Web Server: lighttpd.

2012-01-06 15:04:03: (log.c.166) server started 

/

/

Starting Matrix GUI application.

***************************************************************

***************************************************************

NOTICE: This file system contains the followin GPLv3 packages:

	binutils-dev

	binutils-symlinks

	binutils

	gdbserver



If you do not wish to distribute GPLv3 components please remove

the above packages prior to distribution.  This can be done using

the opkg remove command.  i.e.:

    opkg remove <package>

Where <package> is the name printed in the list above



NOTE: If the package is a dependency of another package you

      will be notified of the dependent packages.  You should

      use the --force-removal-of-dependent-packages option to

      also remove the dependent packages as well

***************************************************************

***************************************************************



 _____                    _____           _         _   

|  _  |___ ___ ___ ___   |  _  |___ ___  |_|___ ___| |_ 

|     |  _| .'| . | . |  |   __|  _| . | | | -_|  _|  _|

|__|__|_| |__,|_  |___|  |__|  |_| |___|_| |___|___|_|  

              |___|                    |___|            



Arago Project http://arago-project.org am3517-evm ttyO2



Arago 2011.09 am3517-evm ttyO2



am3517-evm login: 
- 06:42:14 [INFO] Host: root
- 06:42:15 [INFO] Target: 
root
root@am3517-evm:~# 
- 06:42:15 [INFO] Host: uname -a
- 06:42:15 [INFO] Target: 
uname -a
Linux am3517-evm 3.17.0-rc3-next-20140903-00002-
- 06:42:15 [INFO] Host: cat /proc/cmdline
- 06:42:15 [INFO] Target: 
g6917daac #1 SMP Thu Sep 4 05:36:37 CDT 2014 armv7l unknown
root@am3517-evm:~# cat /proc/cmdline
console=ttyO2,115200n8 debug ignore_loglevel earlyprintk root=/dev/mmcblk0p2 rootwait nohlt ip=dhcp root=/dev/mmcblk0p2 rw rootfstype=ext3 rootwait
root@am3517-evm:~# 
- 06:42:15 [INFO] Host: uname -a
- 06:42:15 [INFO] Target: 
uname -a
Linux am3517-evm 3.17.0-rc3-next-20140903-00002-g6917daac #1 SMP Thu Sep 4 05:36:37 CDT 2014 armv7l unknown
root@am3517-evm:~# 
- 06:42:15 [INFO] Host: cat /proc/mtd
- 06:42:15 [INFO] Target: 
cat /proc/mtd
dev:    size   erasesize  name
root@am3517-evm:~# 
- 06:42:23 [INFO] Host: export IPERFHOST=10.218.102.142
- 06:42:23 [INFO] Target: 
export IPERFHOST=10.218.102.142
root@am3517-evm:~# 
- 06:42:23 [INFO] Host: export NFS_SERVER=10.218.102.142
- 06:42:23 [INFO] Target: 
export NFS_SERVER=10.218.102.142
root@am3517-evm:~# 
- 06:42:23 [INFO] Host: export NFS_ROOT_PATH=/home/tigt-0001/NFS_exports/am3517
- 06:42:23 [INFO] Target: 
export NFS_ROOT_PATH=/home/tigt-0001/NFS_exports/am3517
root@am3517-evm:~# 
- 06:42:23 [INFO] Host: mkdir -p -m 777 /test
- 06:42:24 [INFO] Target: 
mkdir -p -m 777 /test
root@am3517-evm:~# 
- 06:42:24 [INFO] Host: cd /test
- 06:42:24 [INFO] Target: 
cd /test
root@am3517-evm:/test# 
- 06:42:24 [INFO] Host: cat > test.sh << EOF
- 06:42:24 [INFO] Target: 
cat > test.sh << EOF
> 
- 06:42:24 [INFO] Host: failtest() {

- 06:42:24 [INFO] Target: 
failtest() {
> 
> 
- 06:42:24 [INFO] Host:   echo 1 >&3

- 06:42:24 [INFO] Target: 
  echo 1 >&3

- 06:42:24 [INFO] Host: }

- 06:42:24 [INFO] Target: 
> 
> }
> 

- 06:42:24 [INFO] Host: timeout=600

- 06:42:24 [INFO] Target: 
> timeout=600
> 

- 06:42:24 [INFO] Host: 

- 06:42:24 [INFO] Target: 
> 
> 
> 
- 06:42:24 [INFO] Host: # Start of user's script logic

- 06:42:24 [INFO] Target: 
# Start of user's script logic
> 
> 
- 06:42:24 [INFO] Host: 

- 06:42:24 [INFO] Target: 

> 
> 
- 06:42:24 [INFO] Host: 

- 06:42:24 [INFO] Target: 

> 
> 
- 06:42:24 [INFO] Host: mount -t proc proc /proc 2>/dev/null;

- 06:42:24 [INFO] Target: 
mount -t proc proc /proc 2>/dev/null;
> 
> 
- 06:42:24 [INFO] Host: 

- 06:42:24 [INFO] Target: 

> 
> 
- 06:42:24 [INFO] Host: mount -t sysfs sys /sys 2>/dev/null;

- 06:42:24 [INFO] Target: 
mount -t sysfs sys /sys 2>/dev/null;
> 
> 
- 06:42:24 [INFO] Host: 

- 06:42:24 [INFO] Target: 

> 
> 
- 06:42:24 [INFO] Host: mount -t debugfs none /sys/kernel/debug 2>/dev/null;

- 06:42:25 [INFO] Target: 
mount -t debugfs none /sys/kernel/debug 2>/dev/null;
> 
> 
- 06:42:25 [INFO] Host: 

- 06:42:25 [INFO] Target: 

> 
> 
- 06:42:25 [INFO] Host: echo 'cpuinfo:';cat /proc/cpuinfo; echo '=======';

- 06:42:25 [INFO] Target: 
echo 'cpuinfo:';ca
- 06:42:25 [INFO] Host: 

- 06:42:25 [INFO] Target: 
t /proc/cpuinfo; echo '=======';
> 
> 
> 
> 
- 06:42:25 [INFO] Host: echo 'soc info:';head /sys/devices/soc0/* 2>/dev/null; echo '=======';

- 06:42:25 [INFO] Target: 
echo 'soc info:';head /sys/dev
- 06:42:25 [INFO] Host: 

- 06:42:25 [INFO] Target: 
ices/soc0/* 2>/dev/null; echo '=======';
> 
> 
- 06:42:25 [INFO] Host: echo 'DT Model info'; head /proc/device-tree/name /proc/device-tree/model /proc/device-tree/compatible 2>/dev/null;echo; echo '=======';

- 06:42:25 [INFO] Target: 

> 
> echo 'DT Model info'; head /proc/device-tree/name /proc/device-tree/model /pro

c/device-tree/compatible 2>/dev/null;echo; echo '=======';
> 
> 
- 06:42:25 [INFO] Host: 

- 06:42:25 [INFO] Target: 

> 
> 
- 06:42:25 [INFO] Host: echo 'interrupts:';cat /proc/interrupts; echo '=======';

- 06:42:25 [INFO] Target: 
echo 'interrupts:';cat /proc/interrupts; echo '=======';
> 
> 
- 06:42:25 [INFO] Host: 

- 06:42:25 [INFO] Target: 

> 
> 
- 06:42:25 [INFO] Host: echo 'Clk_summary:';cat /sys/kernel/debug/clk/clk_summary; echo '=======';

- 06:42:25 [INFO] Target: 
echo 'Clk_summary:';cat /sys/kernel/debug/clk/clk_summary; echo '=======';
> 
> 
- 06:42:25 [INFO] Host: 

- 06:42:25 [INFO] Target: 

> 
> 
- 06:42:25 [INFO] Host: echo 'Orphan Clks:';ls /sys/kernel/debug/clk/orphans/; echo '=======';

- 06:42:25 [INFO] Target: 
echo 'Orphan Clks:';ls /sys/kernel/debug/clk/orphans/; echo '=======';
> 
> 
- 06:42:25 [INFO] Host: 

- 06:42:25 [INFO] Target: 

> 
> 
- 06:42:25 [INFO] Host: echo 'H''ello World' 'B''oard Booted';

- 06:42:25 [INFO] Target: 
echo 'H''ello World' 'B''oard Booted';
> 
> 
- 06:42:25 [INFO] Host: 

- 06:42:25 [INFO] Target: 

> 
> 
- 06:42:25 [INFO] Host: EOF
- 06:42:25 [INFO] Target: 
EOF
root@am3517-evm:/test# 
- 06:42:25 [INFO] Host: cd /test
- 06:42:26 [INFO] Target: 
cd /test
root@am3517-evm:/test# 
- 06:42:26 [INFO] Host: chmod +x test.sh
- 06:42:26 [INFO] Target: 
chmod +x test.sh
root@am3517-evm:/test# 
- 06:42:26 [INFO] Host: ./test.sh 2> stderr.log > stdout.log 3> result.log
- 06:42:26 [INFO] Target: 
./test.sh 2> stderr.log > stdout.log 3> result.log
root@am3517-evm:/test# 
- 06:42:26 [INFO] Host: echo $?
- 06:42:26 [INFO] Target: 
echo $?
0
root@am3517-evm:/test# 
- 06:42:26 [INFO] Host: cd /test
- 06:42:26 [INFO] Target: 
cd /test
root@am3517-evm:/test# 
- 06:42:26 [INFO] Host: cat stdout.log
- 06:42:28 [INFO] Target: 
cat stdout.log
cpuinfo:
processor	: 0
model name	: ARMv7 Processor rev 7 (v7l)
Features	: half thumb fastmult vfp edsp thumbee neon vfpv3 tls vfpd32 
CPU implementer	: 0x41
CPU architecture: 7
CPU variant	: 0x1
CPU part	: 0xc08
CPU revision	: 7

Hardware	: Generic AM3517 (Flattened Device Tree)
Revision	: 0000
Serial		: 0000000000000000
=======
soc info:
==> /sys/devices/soc0/family <==
OMAP3

==> /sys/devices/soc0/machine <==
AM3517

==> /sys/devices/soc0/power <==

==> /sys/devices/soc0/revision <==
ES1.1

==> /sys/devices/soc0/subsystem <==

==> /sys/devices/soc0/type <==
GP

==> /sys/devices/soc0/uevent <==
=======
DT Model info
==> /proc/device-tree/name <==

==> /proc/device-tree/model <==
TI AM3517 EVM (AM3517/05 TMDSEVM3517)
==> /proc/device-tree/compatible <==
ti,am3517-evmti,am3517ti,omap3
=======
interrupts:
           CPU0       
 25:          0      INTC   9  l3-debug-irq
 26:          1      INTC  10  l3-app-irq
 28:          0      INTC  12  DMA
 29:       4114      INTC  13  omap-dma-engine
 36:          0      INTC  20  gpmc
 54:       4240      INTC  38  gp_timer
 72:          0      INTC  56  48070000.i2c
 73:          0      INTC  57  48072000.i2c
 77:          0      INTC  61  48060000.i2c
 90:       3608      INTC  74  OMAP UART2
 99:       6997      INTC  83  mmc0
IPI0:          0  CPU wakeup interrupts
IPI1:          0  Timer broadcast interrupts
IPI2:          0  Rescheduling interrupts
IPI3:          0  Function call interrupts
IPI4:          0  Single function call interrupts
IPI5:          0  CPU stop interrupts
IPI6:          0  IRQ work interrupts
IPI7:          0  completion interrupts
Err:          0
=======
Clk_summary:
   clock                         enable_cnt  prepare_cnt        rate   accuracy
--------------------------------------------------------------------------------
 pclk_ck                                  0            0    27000000          0
    vpfe_fck                              0            0    27000000          0
 rmii_ck                                  1            1    50000000          0
    emac_fck                              2            2    50000000          0
 secure_32k_fck                           0            1       32768          0
    wdt1_fck                              0            0       32768          0
    gpt12_fck                             0            1       32768          0
 dummy_ck                                 0            0           0          0
 mcbsp_clks                               0            5           0          0
 sys_altclk                               0            0           0          0
 virt_38_4m_ck                            0            0    38400000          0
 virt_26000000_ck                         1            1    26000000          0
    osc_sys_ck                            1            1    26000000          0
       sys_clkout1                        0            0    26000000          0
       sys_ck                             5           17    13000000          0
          hecc_ck                         0            0    13000000          0
          hsotgusb_fck_am35xx             0            1    13000000          0
          cpefuse_fck                     0            0    13000000          0
          dpll5_ck                        0            1   120000000          0
             dpll5_m2_ck                  0            1   120000000          0
                usbhost_120m_fck           0            0   120000000          0
                usbtll_fck                0            1   120000000          0
          traceclk_src_fck                0            0    13000000          0
             traceclk_fck                 0            0    13000000          0
          emu_src_mux_ck                  0            1    13000000          0
             emu_src_ck                   0            1    13000000          0
                atclk_fck                 0            0    13000000          0
                pclkx2_fck                0            0    13000000          0
                pclk_fck                  0            0     6500000          0
          gpt9_fck                        0            1    13000000          0
          gpt8_fck                        0            1    13000000          0
          gpt7_fck                        0            1    13000000          0
          gpt6_fck                        0            1    13000000          0
          gpt5_fck                        0            1    13000000          0
          gpt4_fck                        0            1    13000000          0
          gpt3_fck                        0            1    13000000          0
          gpt2_fck                        1            1    13000000          0
          gpt1_fck                        1            1    13000000          0
          dss2_alwon_fck                  0            2    13000000          0
          dpll1_ck                        0            1   600000000          0
             dpll1_x2_ck                  0            1  1200000000          0
                dpll1_x2m2_ck             0            1  1200000000          0
                   mpu_ck                 0            1  1200000000          0
                      emu_mpu_alwon_ck           0            0  1200000000          0
                      arm_fck             0            1   600000000          0
          dpll3_ck                        1            1   332000000          0
             dpll3_m2_ck                  1            1   332000000          0
                core_ck                   1            1   332000000          0
                   core_d2_ck             0            0   166000000          0
                   core_d6_ck             0            0    55333333          0
                      sgx_fck             0            0    55333333          0
                   core_d4_ck             0            0    83000000          0
                   core_d3_ck             0            0   110666666          0
                   l3_ick                 2            2   166000000          0
                      sgx_ick             0            0   166000000          0
                      core_l3_ick           6            7   166000000          0
                         ipss_ick           2            2   166000000          0
                            hsotgusb_ick_am35xx           2            2   166000000          0
                            vpfe_ick           0            0   166000000          0
                            emac_ick           2            2   166000000          0
                         gpmc_fck           2            2   166000000          0
                         sdrc_ick           1            1   166000000          0
                      l4_ick              4            4    83000000          0
                         usbhost_ick           1            1    83000000          0
                         dss_ick_3430es2           4            6    83000000          0
                         per_l4_ick          13           18    83000000          0
                            mcbsp4_ick           2            2    83000000          0
                            mcbsp3_ick           2            2    83000000          0
                            mcbsp2_ick           1            1    83000000          0
                            gpt2_ick           1            1    83000000          0
                            gpt3_ick           1            1    83000000          0
                            gpt4_ick           1            1    83000000          0
                            gpt5_ick           1            1    83000000          0
                            gpt6_ick           1            1    83000000          0
                            gpt7_ick           1            1    83000000          0
                            gpt8_ick           1            1    83000000          0
                            gpt9_ick           1            1    83000000          0
                            uart4_ick           1            1    83000000          0
                            uart3_ick           1            1    83000000          0
                            wdt3_ick           0            0    83000000          0
                            gpio2_ick           0            1    83000000          0
                            gpio3_ick           0            1    83000000          0
                            gpio4_ick           0            1    83000000          0
                            gpio5_ick           0            1    83000000          0
                            gpio6_ick           0            1    83000000          0
                         core_l4_ick          19           20    83000000          0
                            mmchs3_ick           1            1    83000000          0
                            usbtll_ick           1            1    83000000          0
                            uart4_ick_am35xx           0            0    83000000          0
                            sha12_ick           0            0    83000000          0
                            aes2_ick           0            0    83000000          0
                            omapctrl_ick           1            1    83000000          0
                            mcbsp1_ick           1            1    83000000          0
                            mcbsp5_ick           1            1    83000000          0
                            gpt10_ick           1            1    83000000          0
                            gpt11_ick           1            1    83000000          0
                            uart1_ick           1            1    83000000          0
                            uart2_ick           1            1    83000000          0
                            i2c1_ick           1            1    83000000          0
                            i2c2_ick           1            1    83000000          0
                            i2c3_ick           1            1    83000000          0
                            mcspi1_ick           1            1    83000000          0
                            mcspi2_ick           1            1    83000000          0
                            mcspi3_ick           1            1    83000000          0
                            mcspi4_ick           1            1    83000000          0
                            hdq_ick           0            1    83000000          0
                            mmchs1_ick           1            1    83000000          0
                            mmchs2_ick           1            1    83000000          0
                         rm_ick           0            0    41500000          0
                   dpll1_fck              0            0   166000000          0
                dpll3_m2x2_ck             0            0   664000000          0
                   corex2_fck             0            0   664000000          0
                      corex2_d5_fck           0            0   132800000          0
                      corex2_d3_fck           0            0   221333333          0
             dpll3_m3_ck                  0            0   166000000          0
                dpll3_m3x2_mul_ck           0            0   332000000          0
                   dpll3_m3x2_ck           0            0   332000000          0
                      emu_core_alwon_ck           0            0   332000000          0
             dpll3_x2_ck                  0            0   664000000          0
          dpll4_ck                        1            3   432000000          0
             dpll4_m6_ck                  0            0   144000000          0
                dpll4_m6x2_mul_ck           0            0   288000000          0
                   dpll4_m6x2_ck           0            0   288000000          0
                      emu_per_alwon_ck           0            0   288000000          0
             dpll4_m5_ck                  0            0   108000000          0
                dpll4_m5x2_mul_ck           0            0   216000000          0
                   dpll4_m5x2_ck           0            0   216000000          0
             dpll4_m4_ck                  0            1   216000000          0
                dpll4_m4x2_mul_ck           0            1   432000000          0
                   dpll4_m4x2_ck           0            1   432000000          0
                      dss1_alwon_fck_3430es2           0            4   432000000          0
             dpll4_m3_ck                  0            1    27000000          0
                dpll4_m3x2_mul_ck           0            1    54000000          0
                   dpll4_m3x2_ck           0            1    54000000          0
                      omap_54m_fck           0            1    54000000          0
                         dss_tv_fck           0            2    54000000          0
                         clkout2_src_ck           0            0    54000000          0
                            sys_clkout2           0            0    54000000          0
             dpll4_m2_ck                  1            1    48000000          0
                dpll4_m2x2_mul_ck           1            1    96000000          0
                   dpll4_m2x2_ck           1            1    96000000          0
                      omap_192m_alwon_fck           0            0    96000000          0
                      omap_96m_alwon_fck           1            2    96000000          0
                         per_96m_fck           0            6    96000000          0
                            mcbsp4_fck           0            1    96000000          0
                            mcbsp3_fck           0            2    96000000          0
                            mcbsp2_fck           0            2    96000000          0
                         cm_96m_fck           1            2    96000000          0
                            cm_96m_d2_fck           1            1    48000000          0
                               omap_48m_fck           2            4    48000000          0
                                  usbhost_48m_fck           0            1    48000000          0
                                  per_48m_fck           1            1    48000000          0
                                     uart3_fck           1            1    48000000          0
                                  core_48m_fck           2            7    48000000          0
                                     uart4_fck_am35xx           0            1    48000000          0
                                     uart1_fck           1            2    48000000          0
                                     uart2_fck           1            1    48000000          0
                                     mcspi1_fck           0            1    48000000          0
                                     mcspi2_fck           0            1    48000000          0
                                     mcspi3_fck           0            1    48000000          0
                                     mcspi4_fck           0            1    48000000          0
                                  omap_12m_fck           0            1    12000000          0
                                     core_12m_fck           0            1    12000000          0
                                        hdq_fck             0            1    12000000          0
                            omap_96m_fck           0            2    96000000          0
                               dss_96m_fck           0            2    96000000          0
                               core_96m_fck           0           10    96000000          0
                                  mcbsp1_fck           0            1    96000000          0
                                  mcbsp5_fck           0            1    96000000          0
                                  mmchs3_fck           0            1    96000000          0
                                  i2c1_fck           0            1    96000000          0
                                  i2c2_fck           0            1    96000000          0
                                  i2c3_fck           0            1    96000000          0
                                  mmchs1_fck           0            1    96000000          0
                                  mmchs2_fck           0            1    96000000          0
             dpll4_x2_ck                  0            0   864000000          0
          wkup_l4_ick                     4            5    13000000          0
             gpt1_ick                     1            1    13000000          0
             gpt12_ick                    1            1    13000000          0
             omap_32ksync_ick             1            1    13000000          0
             gpio1_ick                    0            1    13000000          0
             wdt1_ick                     0            0    13000000          0
             wdt2_ick                     1            1    13000000          0
 virt_19200000_ck                         0            0    19200000          0
 virt_13m_ck                              0            0    13000000          0
 virt_12m_ck                              0            0    12000000          0
 omap_32k_fck                             0            7       32768          0
    ts_fck                                0            0       32768          0
    per_32k_alwon_fck                     0            5       32768          0
       wdt3_fck                           0            0       32768          0
       gpio2_dbck                         0            1       32768          0
       gpio3_dbck                         0            1       32768          0
       gpio4_dbck                         0            1       32768          0
       gpio5_dbck                         0            1       32768          0
       gpio6_dbck                         0            1       32768          0
    wkup_32k_fck                          0            3       32768          0
       wdt2_fck                           0            1       32768          0
       gpio1_dbck                         0            1       32768          0
    gpt11_fck                             0            1       32768          0
    gpt10_fck                             0            1       32768          0
 dummy_apb_pclk                           0            0           0          0
 virt_16_8m_ck                            0            0    16800000          0
=======
Orphan Clks:
=======
Hello World Board Booted
root@am3517-evm:/test# 
- 06:42:28 [INFO] Host: cat stderr.log
- 06:42:28 [INFO] Target: 
cat stderr.log
ls: /sys/kernel/debug/clk/orphans/: No such file or directory
root@am3517-evm:/test# 
- 06:42:28 [INFO] Host: cat result.log
- 06:42:30 [ERROR] On command: cat result.log waiting for (?m-ix:^1[\0\n\r]+) >>> error: execution expired
- 06:42:30 [INFO] Target: 
cat result.log
root@am3517-evm:/test# 
- 06:42:30 [INFO] Host: cd /test
- 06:42:30 [INFO] Target: 
cd /test
root@am3517-evm:/test# 
