- 15:34:06 [INFO] Starting target session
- 15:34:07 [INFO] Connected to am3517-evm via serial 
- 15:34:07 [INFO] Host: #check prompt
- 15:34:10 [ERROR] On command: #check prompt waiting for #check prompt.+?(?-mix:((?-mix:.*\s+login)|[Pp]assword)) >>> error: execution expired
- 15:34:10 [INFO] Target: 
#check prompt
root@am3517-evm:/test# 
- 15:34:10 [INFO] Host: #check prompt
- 15:34:10 [INFO] Target: 
#check prompt
root@am3517-evm:/test# 
- 15:34:10 [INFO] Host: sync;poweroff
- 15:34:26 [INFO] Target: 
sync;poweroff
Broadcast message from root@am3517-evm (ttyO2) (Sat May 18 20:45:40 2013):
The system is going down for system halt NOW!
INIT: Switching to
INIT: Sending processes the TERM signal
root@am3517-evm:/test# 
INIT: Sending proStopping Dropbear SSH server: stopped /usr/sbin/dropbear (pid 448)
dropbear.
Stopping telnet daemon.
Stopping system message bus: hwclock: can't open '/dev/misc/rtc': No such file or directory
Error opening /dev/fb0: No such file or directory
Stopping syslogd/klogd: stopped syslogd (pid 458)
stopped klogd (pid 461)
done
Stopping thttpd.
ALSA: Storing mixer settings...
/usr/sbin/alsactl: save_state:1580: No soundcards found...
Deconfiguring network interfaces... ifdown: interface eth0 not configured
done.
Stopping Lighttpd Web Server: stopped /usr/sbin/lighttpd (pid 470)
lighttpd.
Stopping Matrix GUI applicationstart-stop-daemon: warning: killing process 513: No such process
***************************************************************
***************************************************************
NOTICE: This file system contains the followin GPLv3 packages:
	binutils-symlinks
	binutils
	gdbserver
If you do not wish to distribute GPLv3 components please remove
the above packages prior to distribution.  This can be done using
the opkg remove command.  i.e.:
    opkg remove <package>
Where <package> is the name printed in the list above
NOTE: If the package is a dependency of another package you
      will be notified of the dependent packages.  You should
      use the --force-removal-of-dependent-packages option to
      also remove the dependent packages as well
***************************************************************
***************************************************************
Sending all processes the TERM signal...
Sending all processes the KILL signal...
Unmounting remote filesystems...
Deactivating swap...
Unmounting local filesystems...
[ 9795.723122] EXT4-fs (mmcblk0p2): re-mounted. Opts: data=ordered
[ 9797.887630] reboot: System halted
- 15:34:26 [INFO] Disconnected serial from am3517-evm
- 15:35:03 [INFO] Connected to am3517-evm via serial 
- 15:35:03 [INFO] Host: 
- 15:35:07 [INFO] Target: 
tm1`U
@  @D` @ @
U-Boot SPL 2011.09-00000-gb71d291 (Apr 05 2013 - 03:00:48)
Texas Instruments Revision detection unimplemented
OMAP SD/MMC: 0
reading u-boot.img
reading u-boot.img
U-Boot 2011.09-00000-gb71d291 (Apr 05 2013 - 03:00:48)
AM35XX-GP ES2.0, CPU-OPP2, L3-165MHz, Max CPU Clock 600 Mhz
AM3517EVM Board + LPDDR/NAND
I2C:   ready
DRAM:  256 MiB
WARNING: Caches not enabled
NAND:  HW ECC [Kernel/FS layout] selected
512 MiB
MMC:   OMAP SD/MMC: 0
*** Warning - bad CRC, using default environment
In:    serial
Out:   serial
Err:   serial
Die ID #1abc000100000000015da3960f00d01f
Net:   Ethernet PHY: GENERIC @ 0x00
DaVinci-EMAC
Hit any key to stop autoboot:  3  0 
AM3517_EVM # 
AM3517_EVM # 
AM3517_EVM # 
AM3517_EVM # 
AM3517_EVM # 
AM3517_EVM # 
AM3517_EVM # 
AM3517_EVM # 
AM3517_EVM # 
AM3517_EVM # 
AM3517_EVM # 
AM3517_EVM # 
AM3517_EVM # 
AM3517_EVM # 
AM3517_EVM # 
AM3517_EVM # 
- 15:35:07 [INFO] Host: 
- 15:35:07 [INFO] Target: 
517_EVM # 
AM3517_EVM # 
AM3517_EVM # 
AM3517_EVM # 
- 15:35:07 [INFO] Host: version
- 15:35:07 [INFO] Target: 
version
U-Boot 2011.09-00000-gb71d291 (Apr 05 2013 - 03:00:48)
arm-arago-linux-gnueabi-gcc (GCC) 4.5.3 20110311 (prerelease)
GNU ld (GNU Binutils) 2.20.1.20100303
AM3517_EVM # 
- 15:35:07 [INFO] Host: setenv bootargs 'console=ttyO2,115200n8 debug ignore_loglevel earlyprintk root=/dev/mmcblk0p2 rootwait nohlt '
- 15:35:08 [INFO] Target: 
setenv bootargs 'console=ttyO2,115200n8 debug ignore_loglevel earlyprintk root=/dev/mmcblk0p2 rootwait nohlt '
AM3517_EVM # 
- 15:35:08 [INFO] Host: setenv bootcmd  ''
- 15:35:08 [INFO] Target: 
setenv bootcmd  ''
AM3517_EVM # 
- 15:35:08 [INFO] Host: setenv autoload 'no'
- 15:35:08 [INFO] Target: 
setenv autoload 'no'
AM3517_EVM # 
- 15:35:08 [INFO] Host: setenv serverip '192.168.1.254'
- 15:35:08 [INFO] Target: 
setenv serverip '192.168.1.254'
AM3517_EVM # 
- 15:35:08 [INFO] Host: printenv
- 15:35:08 [INFO] Target: 
printenv
autoload=no
baudrate=115200
bootargs=console=ttyO2,115200n8 debug ignore_loglevel earlyprintk root=/dev/mmcblk0p2 rootwait nohlt 
bootargs_defaults=setenv bootargs console=${console} ${optargs}
bootcmd=
bootdelay=3
bootenv=uEnv.txt
bootfile="uImage"
bootscript=echo Running bootscript from mmc ...; source ${loadaddr}
console=ttyO2,115200n8
dieid#=1abc000100000000015da3960f00d01f
ethact=DaVinci-EMAC
ethaddr=08:00:28:0f:49:cb
importbootenv=echo Importing environment from mmc ...; env import -t $loadaddr $filesize
kloadaddr=0x80007fc0
loadaddr=0x82000000
loadbootenv=fatload mmc ${mmc_dev} ${loadaddr} ${bootenv}
loadbootscript=fatload mmc ${mmcdev} ${loadaddr} boot.scr
loaduimage=fatload mmc ${mmcdev} ${kloadaddr} uImage
mmcargs=run bootargs_defaults; setenv bootargs ${bootargs} root=/dev/mmcblk0p2 rw rootfstype=ext3 rootwait
mmcboot=echo Booting from mmc ...; run mmcargs; bootm ${kloadaddr}; 
mmcdev=0
nandargs=run bootargs_defaults; setenv bootargs ${bootargs} root=/dev/mtdblock4 rw rootfstype=jffs2
nandboot=echo Booting from nand ...; run nandargs; nand read ${kloadaddr} 280000 400000; bootm ${kloadaddr}; 
serverip=192.168.1.254
stderr=serial
stdin=serial
stdout=serial
Environment size: 1242/131068 bytes
AM3517_EVM # 
- 15:35:08 [INFO] Host: printenv
- 15:35:08 [INFO] Target: 
printenv
autoload=no
baudrate=115200
bootargs=console=ttyO2,115200n8 debug ignore_loglevel earlyprintk root=/dev/mmcblk0p2 rootwait nohlt 
bootargs_defaults=setenv bootargs console=${console} ${optargs}
bootcmd=
bootdelay=3
bootenv=uEnv.txt
bootfile="uImage"
bootscript=echo Running bootscript from mmc ...; source ${loadaddr}
console=ttyO2,115200n8
dieid#=1abc000100000000015da3960f00d01f
ethact=DaVinci-EMAC
ethaddr=08:00:28:0f:49:cb
importbootenv=echo Importing environment from mmc ...; env import -t $loadaddr $filesize
kloadaddr=0x80007fc0
loadaddr=0x82000000
loadbootenv=fatload mmc ${mmc_dev} ${loadaddr} ${bootenv}
loadbootscript=fatload mmc ${mmcdev} ${loadaddr} boot.scr
loaduimage=fatload mmc ${mmcdev} ${kloadaddr} uImage
mmcargs=run bootargs_defaults; setenv bootargs ${bootargs} root=/dev/mmcblk0p2 rw rootfstype=ext3 rootwait
mmcboot=echo Booting from mmc ...; run mmcargs; bootm ${kloadaddr}; 
mmcdev=0
nandargs=run bootargs_defaults; setenv bootargs ${bootargs} root=/dev/mtdblock4 rw rootfstype=jffs2
nandboot=echo Booting from nand ...; run nandargs; nand read ${kloadaddr} 280000 400000; bootm ${kloadaddr}; 
serverip=192.168.1.254
stderr=serial
stdin=serial
stdout=serial
Environment size: 1242/131068 bytes
AM3517_EVM # 
- 15:35:08 [INFO] Host: setenv bootargs ''${bootargs}' ip=:::::eth0:dhcp '
- 15:35:08 [INFO] Target: 
setenv bootargs ''${bootargs}' ip=:::::eth0:dhcp '
AM3517_EVM # 
- 15:35:08 [INFO] Host: setenv serverip '192.168.1.254'
- 15:35:08 [INFO] Target: 
setenv serverip '192.168.1.254'
AM3517_EVM # 
- 15:35:08 [INFO] Host: setenv autoload 'no'
- 15:35:09 [INFO] Target: 
setenv autoload 'no'
AM3517_EVM # 
- 15:35:09 [INFO] Host: dhcp
- 15:35:10 [INFO] Target: 
dhcp
BOOTP broadcast 1
DHCP client bound to address 192.168.1.184
AM3517_EVM # 
- 15:35:10 [INFO] Host: tftp ${loadaddr} 192.168.1.254:vatf_am3517-evm/d8638781afb1c52607baec19b778dbe4
- 15:35:13 [INFO] Target: 
tftp ${loadaddr} 192.168.1.254:vatf_am3517-evm/d8638781afb1c52607baec19b778dbe4
Using DaVinci-EMAC device
TFTP from server 192.168.1.254; our IP address is 192.168.1.184
Filename 'vatf_am3517-evm/d8638781afb1c52607baec19b778dbe4'.
Load address: 0x82000000
Loading: *#################################################################
	 #################################################################
	 #################################################################
	 #########################################################
done
Bytes transferred = 3691821 (38552d hex)
AM3517_EVM # 
- 15:35:13 [INFO] Host: ls mmc 0:1
- 15:35:13 [INFO] Target: 
ls mmc 0:1
ls - list files in a directory (default /)
Usage:
ls [ directory ]
AM3517_EVM # 
- 15:35:13 [INFO] Host: ls mmc 0:2
- 15:35:13 [INFO] Target: 
ls mmc 0:2
ls - list files in a directory (default /)
Usage:
ls [ directory ]
AM3517_EVM # 
- 15:35:13 [INFO] Host: ls mmc 0:3
- 15:35:13 [INFO] Target: 
ls mmc 0:3
ls - list files in a directory (default /)
Usage:
ls [ directory ]
AM3517_EVM # 
- 15:35:13 [INFO] Host: ls mmc 0:4
- 15:35:13 [INFO] Target: 
ls mmc 0:4
ls - list files in a directory (default /)
Usage:
ls [ directory ]
AM3517_EVM # 
- 15:35:13 [INFO] Host: ls mmc 0:5
- 15:35:13 [INFO] Target: 
ls mmc 0:5
ls - list files in a directory (default /)
Usage:
ls [ directory ]
AM3517_EVM # 
- 15:35:13 [INFO] Host: part uuid mmc 0:
- 15:35:13 [INFO] Target: 
part uuid mmc 0:
Unknown command 'part' - try 'help'
AM3517_EVM # 
- 15:35:13 [INFO] Host: printenv
- 15:35:13 [INFO] Target: 
printenv
autoload=no
baudrate=115200
bootargs=console=ttyO2,115200n8 debug ignore_loglevel earlyprintk root=/dev/mmcblk0p2 rootwait nohlt ip=:::::eth0:dhcp
bootargs_defaults=setenv bootargs console=${console} ${optargs}
bootcmd=
bootdelay=3
bootenv=uEnv.txt
bootfile=uImage
bootscript=echo Running bootscript from mmc ...; source ${loadaddr}
console=ttyO2,115200n8
dieid#=1abc000100000000015da3960f00d01f
dnsip=192.0.2.2
dnsip2=192.0.2.3
ethact=DaVinci-EMAC
ethaddr=08:00:28:0f:49:cb
fileaddr=82000000
filesize=38552D
importbootenv=echo Importing environment from mmc ...; env import -t $loadaddr $filesize
ipaddr=192.168.1.184
kloadaddr=0x80007fc0
loadaddr=0x82000000
loadbootenv=fatload mmc ${mmc_dev} ${loadaddr} ${bootenv}
loadbootscript=fatload mmc ${mmcdev} ${loadaddr} boot.scr
loaduimage=fatload mmc ${mmcdev} ${kloadaddr} uImage
mmcargs=run bootargs_defaults; setenv bootargs ${bootargs} root=/dev/mmcblk0p2 rw rootfstype=ext3 rootwait
mmcboot=echo Booting from mmc ...; run mmcargs; bootm ${kloadaddr}; 
mmcdev=0
nandargs=run bootargs_defaults; setenv bootargs ${bootargs} root=/dev/mtdblock4 rw rootfstype=jffs2
nandboot=echo Booting from nand ...; run nandargs; nand read ${kloadaddr} 280000 400000; bootm ${kloadaddr}; 
netmask=255.255.255.0
serverip=192.168.1.254
stderr=serial
stdin=serial
stdout=serial
Environment size: 1379/131068 bytes
AM3517_EVM # 
- 15:35:13 [INFO] Host: setenv bootargs ''${bootargs}' root=/dev/mmcblk0p2 rw rootfstype=ext3 rootwait '
- 15:35:13 [INFO] Target: 
setenv bootargs ''${bootargs}' root=/dev/mmcblk0p2 rw rootfstype=ext3 rootwait '
AM3517_EVM # 
- 15:35:13 [INFO] Host: printenv
- 15:35:14 [INFO] Target: 
printenv
autoload=no
baudrate=115200
bootargs=console=ttyO2,115200n8 debug ignore_loglevel earlyprintk root=/dev/mmcblk0p2 rootwait nohlt ip=:::::eth0:dhcp root=/dev/mmcblk0p2 rw rootfstype=ext3 rootwait
bootargs_defaults=setenv bootargs console=${console} ${optargs}
bootcmd=
bootdelay=3
bootenv=uEnv.txt
bootfile=uImage
bootscript=echo Running bootscript from mmc ...; source ${loadaddr}
console=ttyO2,115200n8
dieid#=1abc000100000000015da3960f00d01f
dnsip=192.0.2.2
dnsip2=192.0.2.3
ethact=DaVinci-EMAC
ethaddr=08:00:28:0f:49:cb
fileaddr=82000000
filesize=38552D
importbootenv=echo Importing environment from mmc ...; env import -t $loadaddr $filesize
ipaddr=192.168.1.184
kloadaddr=0x80007fc0
loadaddr=0x82000000
loadbootenv=fatload mmc ${mmc_dev} ${loadaddr} ${bootenv}
loadbootscript=fatload mmc ${mmcdev} ${loadaddr} boot.scr
loaduimage=fatload mmc ${mmcdev} ${kloadaddr} uImage
mmcargs=run bootargs_defaults; setenv bootargs ${bootargs} root=/dev/mmcblk0p2 rw rootfstype=ext3 rootwait
mmcboot=echo Booting from mmc ...; run mmcargs; bootm ${kloadaddr}; 
mmcdev=0
nandargs=run bootargs_defaults; setenv bootargs ${bootargs} root=/dev/mtdblock4 rw rootfstype=jffs2
nandboot=echo Booting from nand ...; run nandargs; nand read ${kloadaddr} 280000 400000; bootm ${kloadaddr}; 
netmask=255.255.255.0
serverip=192.168.1.254
stderr=serial
stdin=serial
stdout=serial
Environment size: 1427/131068 bytes
AM3517_EVM # 
- 15:35:14 [INFO] Host: setenv bootcmd ''${bootcmd}' if iminfo ${loadaddr}; then bootm ${loadaddr}  ; else bootz ${loadaddr}  ; bootm ${loadaddr}  ; fi'
- 15:35:14 [INFO] Target: 
setenv bootcmd ''${bootcmd}' if iminfo ${loadaddr}; then bootm ${loadaddr}  ; else bootz ${loadaddr}  ; bootm ${loadaddr}  ; fi'
AM3517_EVM # 
- 15:35:14 [INFO] Host: version
- 15:35:14 [INFO] Target: 
version
U-Boot 2011.09-00000-gb71d291 (Apr 05 2013 - 03:00:48)
arm-arago-linux-gnueabi-gcc (GCC) 4.5.3 20110311 (prerelease)
GNU ld (GNU Binutils) 2.20.1.20100303
AM3517_EVM # 
- 15:35:14 [INFO] Host: bdinfo
- 15:35:14 [INFO] Target: 
bdinfo
arch_number = 0x00000898
boot_params = 0x80000100
DRAM bank   = 0x00000000
-> start    = 0x80000000
-> size     = 0x10000000
DRAM bank   = 0x00000001
-> start    = 0x80000000
-> size     = 0x00000000
ethaddr     = 08:00:28:0f:49:cb
ip_addr     = 192.168.1.184
baudrate    = 115200 bps
TLB addr    = 0x8FFF0000
relocaddr   = 0x8FF71000
reloc off   = 0x0FE71000
irq_sp      = 0x8FF30F68
sp start    = 0x8FF30F58
FB base     = 0x00000000
AM3517_EVM # 
- 15:35:14 [INFO] Host: mmc rescan; echo $?
- 15:35:14 [INFO] Target: 
mmc rescan; echo $?
AM3517_EVM # 
- 15:35:14 [INFO] Host: fatwrite mmc ${mmcdev}:1 ${loadaddr} ws-calibrate.rules 4
- 15:35:14 [INFO] Target: 
fatwrite mmc ${mmcdev}:1 ${loadaddr} ws-calibrate.rules 4
Unknown command 'fatwrite' - try 'help'
AM3517_EVM # 
- 15:35:14 [INFO] Host: boot
- 15:35:51 [INFO] Target: 
boot
Unknown command 'iminfo' - try 'help'
Unknown command 'bootz' - try 'help'
## Booting kernel from Legacy Image at 82000000 ...
   Image Name:   Linux-4.4.0-rc6-next-20151222-00
   Image Type:   ARM Linux Kernel Image (uncompressed)
   Data Size:    3691757 Bytes = 3.5 MiB
   Load Address: 81000000
   Entry Point:  81000000
   Verifying Checksum ... OK
   Loading Kernel Image ... OK
Starting kernel ...
[    0.000000] Booting Linux on physical CPU 0x0
[    0.000000] Initializing cgroup subsys cpuset
[    0.000000] Initializing cgroup subsys cpu
[    0.000000] Initializing cgroup subsys cpuacct
[    0.000000] Linux version 4.4.0-rc6-next-20151222-00002-g99fa4834b478 (nmenon@horus) (gcc version 4.9.3 20150413 (prerelease) (Linaro GCC 4.9-2015.05) ) #1 SMP Tue Dec 22 15:30:19 CST 2015
[    0.000000] CPU: ARMv7 Processor [411fc087] revision 7 (ARMv7), cr=10c5387d
[    0.000000] CPU: PIPT / VIPT nonaliasing data cache, VIPT nonaliasing instruction cache
[    0.000000] Machine model: TI AM3517 EVM (AM3517/05 TMDSEVM3517)
[    0.000000] debug: ignoring loglevel setting.
[    0.000000] cma: Reserved 16 MiB at 0x8e800000
[    0.000000] Memory policy: Data cache writeback
[    0.000000] On node 0 totalpages: 65024
[    0.000000] free_area_init_node: node 0, pgdat c0cb6240, node_mem_map cfbb1000
[    0.000000]   Normal zone: 576 pages used for memmap
[    0.000000]   Normal zone: 0 pages reserved
[    0.000000]   Normal zone: 65024 pages, LIFO batch:15
[    0.000000] CPU: All CPU(s) started in SVC mode.
[    0.000000] AM3517 ES1.1 (l2cache sgx neon )
[    0.000000] PERCPU: Embedded 15 pages/cpu @cfb43000 s29120 r8192 d24128 u61440
[    0.000000] pcpu-alloc: s29120 r8192 d24128 u61440 alloc=15*4096
[    0.000000] pcpu-alloc: [0] 0 
[    0.000000] Built 1 zonelists in Zone order, mobility grouping on.  Total pages: 64448
[    0.000000] Kernel command line: console=ttyO2,115200n8 debug ignore_loglevel earlyprintk root=/dev/mmcblk0p2 rootwait nohlt ip=:::::eth0:dhcp root=/dev/mmcblk0p2 rw rootfstype=ext3 rootwait
[    0.000000] PID hash table entries: 1024 (order: 0, 4096 bytes)
[    0.000000] Dentry cache hash table entries: 32768 (order: 5, 131072 bytes)
[    0.000000] Inode-cache hash table entries: 16384 (order: 4, 65536 bytes)
[    0.000000] Memory: 220348K/260096K available (7345K kernel code, 752K rwdata, 2260K rodata, 1024K init, 8267K bss, 23364K reserved, 16384K cma-reserved, 0K highmem)
[    0.000000] Virtual kernel memory layout:
[    0.000000]     vector  : 0xffff0000 - 0xffff1000   (   4 kB)
[    0.000000]     fixmap  : 0xffc00000 - 0xfff00000   (3072 kB)
[    0.000000]     vmalloc : 0xd0800000 - 0xff800000   ( 752 MB)
[    0.000000]     lowmem  : 0xc0000000 - 0xd0000000   ( 256 MB)
[    0.000000]     pkmap   : 0xbfe00000 - 0xc0000000   (   2 MB)
[    0.000000]     modules : 0xbf000000 - 0xbfe00000   (  14 MB)
[    0.000000]       .text : 0xc0008000 - 0xc0a61528   (10598 kB)
[    0.000000]       .init : 0xc0b00000 - 0xc0c00000   (1024 kB)
[    0.000000]       .data : 0xc0c00000 - 0xc0cbc29c   ( 753 kB)
[    0.000000]        .bss : 0xc0cbf000 - 0xc14d1fe0   (8268 kB)
[    0.000000] Running RCU self tests
[    0.000000] Hierarchical RCU implementation.
[    0.000000] 	RCU lockdep checking is enabled.
[    0.000000] 	Build-time adjustment of leaf fanout to 32.
[    0.000000] 	RCU restricting CPUs from NR_CPUS=2 to nr_cpu_ids=1.
[    0.000000] RCU: Adjusting geometry for rcu_fanout_leaf=32, nr_cpu_ids=1
[    0.000000] NR_IRQS:16 nr_irqs:16 16
[    0.000000] IRQ: Found an INTC at 0xfa200000 (revision 4.0) with 96 interrupts
[    0.000000] Clocking rate (Crystal/Core/MPU): 26.0/332/600 MHz
[    0.000000] OMAP clockevent source: timer2 at 13000000 Hz
[    0.000029] sched_clock: 32 bits at 13MHz, resolution 76ns, wraps every 165191050201ns
[    0.000072] clocksource: timer1: mask: 0xffffffff max_cycles: 0xffffffff, max_idle_ns: 147020034397 ns
[    0.000169] OMAP clocksource: timer1 at 13000000 Hz
[    0.001659] Console: colour dummy device 80x30
[    0.001756] Lock dependency validator: Copyright (c) 2006 Red Hat, Inc., Ingo Molnar
[    0.001773] ... MAX_LOCKDEP_SUBCLASSES:  8
[    0.001788] ... MAX_LOCK_DEPTH:          48
[    0.001804] ... MAX_LOCKDEP_KEYS:        8191
[    0.001818] ... CLASSHASH_SIZE:          4096
[    0.001833] ... MAX_LOCKDEP_ENTRIES:     32768
[    0.001847] ... MAX_LOCKDEP_CHAINS:      65536
[    0.001861] ... CHAINHASH_SIZE:          32768
[    0.001876]  memory used by lock dependency info: 5167 kB
[    0.001892]  per task-struct memory footprint: 1536 bytes
[    0.001936] Calibrating delay loop... 594.73 BogoMIPS (lpj=2973696)
[    0.105849] pid_max: default: 32768 minimum: 301
[    0.106638] Security Framework initialized
[    0.106868] Mount-cache hash table entries: 1024 (order: 0, 4096 bytes)
[    0.106892] Mountpoint-cache hash table entries: 1024 (order: 0, 4096 bytes)
[    0.112113] Initializing cgroup subsys io
[    0.112286] Initializing cgroup subsys memory
[    0.112418] Initializing cgroup subsys devices
[    0.112563] Initializing cgroup subsys freezer
[    0.112778] Initializing cgroup subsys perf_event
[    0.112906] CPU: Testing write buffer coherency: ok
[    0.115851] CPU0: thread -1, cpu 0, socket -1, mpidr 0
[    0.116173] Setting up static identity map for 0x80100000 - 0x80100070
[    0.122539] Brought up 1 CPUs
[    0.122576] SMP: Total of 1 processors activated (594.73 BogoMIPS).
[    0.122595] CPU: All CPU(s) started in SVC mode.
[    0.129716] devtmpfs: initialized
[    0.238630] VFP support v0.3: implementor 41 architecture 3 part 30 variant c rev 1
[    0.240228] clocksource: jiffies: mask: 0xffffffff max_cycles: 0xffffffff, max_idle_ns: 19112604462750000 ns
[    0.243556] pinctrl core: initialized pinctrl subsystem
[    0.252864] NET: Registered protocol family 16
[    0.263359] DMA: preallocated 256 KiB pool for atomic coherent allocations
[    0.336831] omap_hwmod: mcbsp2_sidetone using broken dt data from mcbsp
[    0.338953] omap_hwmod: mcbsp3_sidetone using broken dt data from mcbsp
[    0.433388] cpuidle: using governor ladder
[    0.433446] cpuidle: using governor menu
[    0.434402] Reprogramming SDRC clock to 332000000 Hz
[    0.439028] In-band Error seen by USB_OTG  at address 0
[    0.439059] ------------[ cut here ]------------
[    0.439108] WARNING: CPU: 0 PID: 1 at drivers/bus/omap_l3_smx.c:166 omap3_l3_app_irq+0xdc/0x130()
[    0.439127] Modules linked in:
[    0.439166] CPU: 0 PID: 1 Comm: swapper/0 Not tainted 4.4.0-rc6-next-20151222-00002-g99fa4834b478 #1
[    0.439184] Hardware name: Generic AM3517 (Flattened Device Tree)
[    0.439234] [<c010fd44>] (unwind_backtrace) from [<c010c074>] (show_stack+0x10/0x14)
[    0.439273] [<c010c074>] (show_stack) from [<c04532bc>] (dump_stack+0x84/0x9c)
[    0.439313] [<c04532bc>] (dump_stack) from [<c0134a9c>] (warn_slowpath_common+0x78/0xb4)
[    0.439343] [<c0134a9c>] (warn_slowpath_common) from [<c0134b74>] (warn_slowpath_null+0x1c/0x24)
[    0.439372] [<c0134b74>] (warn_slowpath_null) from [<c047f9a0>] (omap3_l3_app_irq+0xdc/0x130)
[    0.439406] [<c047f9a0>] (omap3_l3_app_irq) from [<c01950b8>] (handle_irq_event_percpu+0x44/0x1f0)
[    0.439434] [<c01950b8>] (handle_irq_event_percpu) from [<c019529c>] (handle_irq_event+0x38/0x5c)
[    0.439464] [<c019529c>] (handle_irq_event) from [<c0198308>] (handle_level_irq+0xb8/0x14c)
[    0.439491] [<c0198308>] (handle_level_irq) from [<c019475c>] (generic_handle_irq+0x20/0x34)
[    0.439515] [<c019475c>] (generic_handle_irq) from [<c0194a50>] (__handle_domain_irq+0x64/0xe0)
[    0.439544] [<c0194a50>] (__handle_domain_irq) from [<c075b1f8>] (__irq_svc+0x58/0x78)
[    0.439586] [<c075b1f8>] (__irq_svc) from [<c075a9cc>] (_raw_spin_unlock_irqrestore+0x34/0x44)
[    0.439615] [<c075a9cc>] (_raw_spin_unlock_irqrestore) from [<c0196dc0>] (__setup_irq+0x26c/0x5f8)
[    0.439642] [<c0196dc0>] (__setup_irq) from [<c019729c>] (request_threaded_irq+0xc0/0x158)
[    0.439670] [<c019729c>] (request_threaded_irq) from [<c047fadc>] (omap3_l3_probe+0xe8/0x16c)
[    0.439702] [<c047fadc>] (omap3_l3_probe) from [<c04ee2e0>] (platform_drv_probe+0x50/0xac)
[    0.439730] [<c04ee2e0>] (platform_drv_probe) from [<c04ec8ac>] (driver_probe_device+0x208/0x2c0)
[    0.439767] [<c04ec8ac>] (driver_probe_device) from [<c04eace0>] (bus_for_each_drv+0x64/0x98)
[    0.439799] [<c04eace0>] (bus_for_each_drv) from [<c04ec5e4>] (__device_attach+0xa4/0x10c)
[    0.439828] [<c04ec5e4>] (__device_attach) from [<c04ebc3c>] (bus_probe_device+0x88/0x90)
[    0.439856] [<c04ebc3c>] (bus_probe_device) from [<c04e9fe0>] (device_add+0x3bc/0x56c)
[    0.439901] [<c04e9fe0>] (device_add) from [<c05e4f30>] (of_platform_device_create_pdata+0x80/0xb8)
[    0.439931] [<c05e4f30>] (of_platform_device_create_pdata) from [<c05e5050>] (of_platform_bus_create+0xdc/0x18c)
[    0.439956] [<c05e5050>] (of_platform_bus_create) from [<c05e522c>] (of_platform_populate+0x5c/0xac)
[    0.439992] [<c05e522c>] (of_platform_populate) from [<c0b1375c>] (pdata_quirks_init+0x54/0x74)
[    0.440020] [<c0b1375c>] (pdata_quirks_init) from [<c0b1339c>] (omap_generic_init+0x10/0x1c)
[    0.440047] [<c0b1339c>] (omap_generic_init) from [<c0b03830>] (customize_machine+0x1c/0x40)
[    0.440075] [<c0b03830>] (customize_machine) from [<c0101824>] (do_one_initcall+0x80/0x1e0)
[    0.440117] [<c0101824>] (do_one_initcall) from [<c0b00ee0>] (kernel_init_freeable+0x214/0x2e4)
[    0.440147] [<c0b00ee0>] (kernel_init_freeable) from [<c0754728>] (kernel_init+0x8/0xf4)
[    0.440181] [<c0754728>] (kernel_init) from [<c01078d0>] (ret_from_fork+0x14/0x24)
[    0.440357] ---[ end trace bd853a9c26038487 ]---
[    0.445818] platform 480c5000.aes: Cannot lookup hwmod 'aes'
[    0.453351] gpiochip_add: registered GPIOs 0 to 31 on device: gpio
[    0.455854] OMAP GPIO hardware version 2.5
[    0.458368] gpiochip_add: registered GPIOs 32 to 63 on device: gpio
[    0.462139] gpiochip_add: registered GPIOs 64 to 95 on device: gpio
[    0.465838] gpiochip_add: registered GPIOs 96 to 127 on device: gpio
[    0.469794] gpiochip_add: registered GPIOs 128 to 159 on device: gpio
[    0.473539] gpiochip_add: registered GPIOs 160 to 191 on device: gpio
[    0.489437] platform 480c3000.sham: Cannot lookup hwmod 'sham'
[    0.490372] platform 480cb000.smartreflex: Cannot lookup hwmod 'smartreflex_core'
[    0.503356] omap-gpmc 6e000000.gpmc: GPMC revision 5.0
[    0.503705] gpmc_mem_init: disabling cs 0 mapped at 0x0-0x1000000
[    0.505015] platform 480ab000.usb_otg_hs: Cannot lookup hwmod 'usb_otg_hs'
[    0.509931] No ATAGs?
[    0.509982] hw-breakpoint: debug architecture 0x4 unsupported.
[    0.511415] omap4_sram_init:Unable to allocate sram needed to handle errata I688
[    0.511450] omap4_sram_init:Unable to get sram pool needed to handle errata I688
[    0.513420] OMAP DMA hardware revision 4.0
[    0.572646] omap-dma-engine 48056000.dma-controller: OMAP DMA engine driver
[    0.574853] of_get_named_gpiod_flags: can't parse 'gpio' property of node '/vmmc[0]'
[    0.581716] SCSI subsystem initialized
[    0.582984] libata version 3.00 loaded.
[    0.588230] omap_i2c 48070000.i2c: bus 0 rev3.3 at 400 kHz
[    0.590646] omap_i2c 48072000.i2c: bus 1 rev3.3 at 400 kHz
[    0.592739] omap_i2c 48060000.i2c: bus 2 rev3.3 at 400 kHz
[    0.593367] pps_core: LinuxPPS API ver. 1 registered
[    0.593391] pps_core: Software ver. 5.3.6 - Copyright 2005-2007 Rodolfo Giometti <giometti@linux.it>
[    0.593496] PTP clock support registered
[    0.600680] clocksource: Switched to clocksource timer1
[    0.797943] VFS: Disk quotas dquot_6.6.0
[    0.798213] VFS: Dquot-cache hash table entries: 1024 (order 0, 4096 bytes)
[    0.854709] NET: Registered protocol family 2
[    0.858031] TCP established hash table entries: 2048 (order: 1, 8192 bytes)
[    0.858140] TCP bind hash table entries: 2048 (order: 4, 73728 bytes)
[    0.859151] TCP: Hash tables configured (established 2048 bind 2048)
[    0.859541] UDP hash table entries: 256 (order: 2, 20480 bytes)
[    0.859832] UDP-Lite hash table entries: 256 (order: 2, 20480 bytes)
[    0.861504] NET: Registered protocol family 1
[    0.864342] RPC: Registered named UNIX socket transport module.
[    0.864386] RPC: Registered udp transport module.
[    0.864407] RPC: Registered tcp transport module.
[    0.864426] RPC: Registered tcp NFSv4.1 backchannel transport module.
[    0.872331] hw perfevents: enabled with armv7_cortex_a8 PMU driver, 5 counters available
[    0.881486] futex hash table entries: 256 (order: 2, 16384 bytes)
[    0.881875] audit: initializing netlink subsys (disabled)
[    0.882262] audit: type=2000 audit(0.880:1): initialized
[    0.895335] NFS: Registering the id_resolver key type
[    0.896010] Key type id_resolver registered
[    0.896037] Key type id_legacy registered
[    0.896345] jffs2: version 2.2. (NAND) (SUMMARY)   2001-2006 Red Hat, Inc.
[    0.906021] io scheduler noop registered
[    0.906080] io scheduler deadline registered
[    0.906177] io scheduler cfq registered (default)
[    0.910003] pinctrl-single 48002030.pinmux: 284 pins at pa fa002030 size 568
[    0.911229] pinctrl-single 48002a00.pinmux: 46 pins at pa fa002a00 size 92
[    0.912394] pinctrl-single 480025d8.pinmux: 18 pins at pa fa0025d8 size 36
[    0.919168] Serial: 8250/16550 driver, 4 ports, IRQ sharing enabled
[    0.928773] omap_uart 4806a000.serial: no wakeirq for uart0
[    0.928824] of_get_named_gpiod_flags: can't parse 'rts-gpio' property of node '/ocp/serial@4806a000[0]'
[    0.929722] 4806a000.serial: ttyO0 at MMIO 0x4806a000 (irq = 88, base_baud = 3000000) is a OMAP UART0
[    0.933978] omap_uart 4806c000.serial: no wakeirq for uart1
[    0.934026] of_get_named_gpiod_flags: can't parse 'rts-gpio' property of node '/ocp/serial@4806c000[0]'
[    0.934516] 4806c000.serial: ttyO1 at MMIO 0x4806c000 (irq = 89, base_baud = 3000000) is a OMAP UART1
[    0.936640] omap_uart 49020000.serial: no wakeirq for uart2
[    0.936682] of_get_named_gpiod_flags: can't parse 'rts-gpio' property of node '/ocp/serial@49020000[0]'
[    0.937127] 49020000.serial: ttyO2 at MMIO 0x49020000 (irq = 90, base_baud = 3000000) is a OMAP UART2
[    2.219719] console [ttyO2] enabled
[    2.290861] brd: module loaded
[    2.333913] loop: module loaded
[    2.342021] mtdoops: mtd device (mtddev=name/number) must be supplied
[    2.410645] davinci_mdio davinci_mdio.0: davinci mdio revision 1.5
[    2.417142] davinci_mdio davinci_mdio.0: detected phy mask fffffffe
[    2.429559] libphy: davinci_mdio.0: probed
[    2.434092] davinci_mdio davinci_mdio.0: phy[0]: device davinci_mdio.0:00, driver SMSC LAN8710/LAN8720
[    2.449215] mousedev: PS/2 mouse device common for all mice
[    2.455275] i2c /dev entries driver
[    2.465508] omap_hsmmc 4809c000.mmc: GPIO lookup for consumer cd
[    2.472084] omap_hsmmc 4809c000.mmc: using device tree for GPIO lookup
[    2.478938] of_get_named_gpiod_flags: can't parse 'cd-gpios' property of node '/ocp/mmc@4809c000[0]'
[    2.488564] of_get_named_gpiod_flags: can't parse 'cd-gpio' property of node '/ocp/mmc@4809c000[0]'
[    2.498075] omap_hsmmc 4809c000.mmc: using lookup tables for GPIO lookup
[    2.505368] omap_hsmmc 4809c000.mmc: lookup for GPIO cd failed
[    2.511576] omap_hsmmc 4809c000.mmc: GPIO lookup for consumer wp
[    2.517863] omap_hsmmc 4809c000.mmc: using device tree for GPIO lookup
[    2.524751] of_get_named_gpiod_flags: can't parse 'wp-gpios' property of node '/ocp/mmc@4809c000[0]'
[    2.534355] of_get_named_gpiod_flags: can't parse 'wp-gpio' property of node '/ocp/mmc@4809c000[0]'
[    2.543867] omap_hsmmc 4809c000.mmc: using lookup tables for GPIO lookup
[    2.550929] omap_hsmmc 4809c000.mmc: lookup for GPIO wp failed
[    2.601215] ledtrig-cpu: registered to indicate activity on CPUs
[    2.609648] oprofile: using arm/armv7
[    2.614881] Initializing XFRM netlink socket
[    2.620025] NET: Registered protocol family 10
[    2.634811] sit: IPv6 over IPv4 tunneling driver
[    2.643800] NET: Registered protocol family 17
[    2.648613] NET: Registered protocol family 15
[    2.654073] Key type dns_resolver registered
[    2.659076] omap2_set_init_voltage: unable to find boot up OPP for vdd_mpu_iva
[    2.666742] omap2_set_init_voltage: unable to set vdd_mpu_iva
[    2.672854] omap2_set_init_voltage: unable to find boot up OPP for vdd_core
[    2.680136] omap2_set_init_voltage: unable to set vdd_core
[    2.687760] PM: no software I/O chain control; some wakeups may be lost
[    2.694874] pm: Failed to request pm_wkup irq
[    2.699525] ThumbEE CPU extension supported.
[    2.704130] Registering SWP/SWPB emulation handler
[    2.709169] SmartReflex Class3 initialized
[    2.730131] davinci_emac davinci_emac.0: using random MAC addr: 66:61:3c:fe:85:55
[    2.743473] hctosys: unable to open rtc device (rtc0)
[    2.748793] sr_init: No PMIC hook to init smartreflex
[    2.754708] sr_init: platform driver register failed for SR
[    2.848325] davinci_mdio davinci_mdio.0: resetting idled controller
[    2.855983] net eth0: attached PHY driver [SMSC LAN8710/LAN8720] (mii_bus:phy_addr=davinci_mdio.0:00, id=7c0f1)
[    2.866865] IPv6: ADDRCONF(NETDEV_UP): eth0: link is not ready
[    2.883578] mmc0: host does not support reading read-only switch, assuming write-enable
[    2.894899] mmc0: new high speed SD card at address 0002
[    2.905286] mmcblk0: mmc0:0002 00000 1.87 GiB 
[    2.918625]  mmcblk0: p1 p2
[    6.890845] davinci_emac davinci_emac.0 eth0: Link is Up - 100Mbps/Full - flow control rx/tx
[    6.899918] IPv6: ADDRCONF(NETDEV_CHANGE): eth0: link becomes ready
[    6.910588] Sending DHCP requests ., OK
[    7.961085] IP-Config: Got DHCP answer from 192.168.1.254, my address is 192.168.1.151
[    7.970336] IP-Config: Complete:
[    7.973887]      device=eth0, hwaddr=66:61:3c:fe:85:55, ipaddr=192.168.1.151, mask=255.255.255.0, gw=192.168.1.254
[    7.984765]      host=192.168.1.151, domain=tidfarm-06.internal.ti.com, nis-domain=(none)
[    7.993367]      bootserver=192.168.1.254, rootserver=192.168.1.254, rootpath=     nameserver0=192.0.2.2, nameserver1=192.0.2.3
[    8.018663] EXT4-fs (mmcblk0p2): mounting ext3 file system using the ext4 subsystem
[    8.067636] EXT4-fs (mmcblk0p2): mounted filesystem with ordered data mode. Opts: (null)
[    8.076555] VFS: Mounted root (ext3 filesystem) on device 179:2.
[    8.093386] devtmpfs: mounted
[    8.100830] Freeing unused kernel memory: 1024K (c0b00000 - c0c00000)
INIT: version 2.88 booting
Error opening /dev/fb0: No such file or directory
Starting udev
[    9.642855] udev[95]: starting version 164
[   17.382914] FAT-fs (mmcblk0p1): Volume was not properly unmounted. Some data may be corrupt. Please run fsck.
ERROR: could not open directory /lib/modules/4.4.0-rc6-next-20151222-00002-g99fa4834b478: No such file or directory
WARNING: -e needs -E or -F
ERROR: could not open directory /lib/modules/4.4.0-rc6-next-20151222-00002-g99fa4834b478: No such file or directory
FATAL: could not search modules: No such file or directory
Starting Bootlog daemon: bootlogd: cannot allocate pseudo tty: No such file or directory
bootlogd.
[   17.898614] EXT4-fs (mmcblk0p2): re-mounted. Opts: data=ordered
ALSA: Restoring mixer settings...
/usr/sbin/alsactl: load_state:1686: No soundcards found...
Configuring network interfaces... udhcpc (v1.20.2) started
Sending discover...
Sending select for 192.168.1.151...
Lease of 192.168.1.151 obtained, lease time 600
/etc/udhcpc.d/50default: Adding DNS 192.0.2.2
/etc/udhcpc.d/50default: Adding DNS 192.0.2.3
done.
hwclock: can't open '/dev/misc/rtc': No such file or directory
Sat May 18 20:45:00 UTC 2013
hwclock: can't open '/dev/misc/rtc': No such file or directory
INIT: Entering runlevel: 5
Starting system message bus: [   20.996648] random: dbus-daemon urandom read with 71 bits of entropy available
dbus.
Starting Dropbear SSH server: dropbear.
Starting telnet daemon.
hwclock: can't open '/dev/misc/rtc': No such file or directory
Starting syslogd/klogd: done
Starting thttpd.
Starting Lighttpd Web Server: lighttpd.
2013-05-18 20:45:01: (log.c.166) server started 
Starting Matrix GUI application.
[   25.951448] random: nonblocking pool is initialized
***************************************************************
***************************************************************
NOTICE: This file system contains the followin GPLv3 packages:
	binutils-symlinks
	binutils
	gdbserver
If you do not wish to distribute GPLv3 components please remove
the above packages prior to distribution.  This can be done using
the opkg remove command.  i.e.:
    opkg remove <package>
Where <package> is the name printed in the list above
NOTE: If the package is a dependency of another package you
      will be notified of the dependent packages.  You should
      use the --force-removal-of-dependent-packages option to
      also remove the dependent packages as well
***************************************************************
***************************************************************
Stopping Bootlog daemon: bootlogd.
 _____                    _____           _         _   
|  _  |___ ___ ___ ___   |  _  |___ ___  |_|___ ___| |_ 
|     |  _| .'| . | . |  |   __|  _| . | | | -_|  _|  _|
|__|__|_| |__,|_  |___|  |__|  |_| |___|_| |___|___|_|  
              |___|                    |___|            
Arago Project http://arago-project.org am3517-evm ttyO2
Arago 2013.02 am3517-evm ttyO2
am3517-evm login: 
- 15:35:51 [INFO] Host: root
- 15:35:51 [INFO] Target: 
root
root@am3517-evm:~# 
- 15:35:51 [INFO] Host: uname -a
- 15:35:51 [INFO] Target: 
uname -a
Linux am3517-evm 4.4.0-rc6-next-20151222-00002-g99fa4834b478 #1 SMP Tue Dec 22 15:30:19 CST 2015 armv7l GNU/Linux
root@am3517-evm:~# 
- 15:35:51 [INFO] Host: cat /proc/cmdline
- 15:35:51 [INFO] Target: 
cat /proc/cmdline
console=ttyO2,115200n8 debug ignore_loglevel earlyprintk root=/dev/mmcblk0p2 rootwait nohlt ip=:::::eth0:dhcp root=/dev/mmcblk0p2 rw rootfstype=ext3 rootwait
root@am3517-evm:~# 
- 15:35:51 [INFO] Host: uname -a
- 15:35:51 [INFO] Target: 
uname -a
Linux am3517-evm 4.4.0-rc6-next-20151222-00002-g99fa4834b478 #1 SMP Tue Dec 22 15:30:19 CST 2015 armv7l GNU/Linux
root@am3517-evm:~# 
- 15:35:51 [INFO] Host: cat /proc/mtd
- 15:35:51 [INFO] Target: 
cat /proc/mtd
dev:    size   erasesize  name
root@am3517-evm:~# 
- 15:35:58 [INFO] Host: export IPERFHOST=192.168.1.254
- 15:35:58 [INFO] Target: 
export IPERFHOST=192.168.1.254
root@am3517-evm:~# 
- 15:35:58 [INFO] Host: export NFS_SERVER=192.168.1.254
- 15:35:58 [INFO] Target: 
export NFS_SERVER=192.168.1.254
root@am3517-evm:~# 
- 15:35:58 [INFO] Host: export NFS_ROOT_PATH=/home/NFS_exports/am3517
- 15:35:59 [INFO] Target: 
export NFS_ROOT_PATH=/home/NFS_exports/am3517
root@am3517-evm:~# 
- 15:35:59 [INFO] Host: export AP_SSID=
- 15:35:59 [INFO] Target: 
export AP_SSID=
root@am3517-evm:~# 
- 15:35:59 [INFO] Host: mkdir -p -m 777 /test
- 15:35:59 [INFO] Target: 
mkdir -p -m 777 /test
root@am3517-evm:~# 
- 15:35:59 [INFO] Host: cd /test
- 15:35:59 [INFO] Target: 
cd /test
root@am3517-evm:/test# 
- 15:35:59 [INFO] Host: cat > test.sh << EOF
- 15:35:59 [INFO] Target: 
cat > test.sh << EOF
- 15:35:59 [INFO] Host: failtest() {
- 15:35:59 [INFO] Target: 
failtest() {
- 15:35:59 [INFO] Host:   echo 1 >&3
- 15:35:59 [INFO] Target: 
  echo 1 >&3
- 15:35:59 [INFO] Host: }
- 15:35:59 [INFO] Target: 
- 15:35:59 [INFO] Host: timeout=600
- 15:35:59 [INFO] Target: 
timeout=600
- 15:35:59 [INFO] Host: 
- 15:35:59 [INFO] Target: 
- 15:35:59 [INFO] Host: # Start of user's script logic
- 15:36:00 [INFO] Target: 
# Start of user's script logic
- 15:36:00 [INFO] Host: mount -t proc proc /proc 2>/dev/null;
- 15:36:00 [INFO] Target: 
mount -t proc proc /proc 2>/dev/null;
- 15:36:00 [INFO] Host: 
- 15:36:00 [INFO] Target: 
- 15:36:00 [INFO] Host: mount -t sysfs sys /sys 2>/dev/null;
- 15:36:00 [INFO] Target: 
mount -t sysfs sys /sys 2>/dev/null;
- 15:36:00 [INFO] Host: 
- 15:36:00 [INFO] Target: 
- 15:36:00 [INFO] Host: mount -t debugfs none /sys/kernel/debug 2>/dev/null;
- 15:36:00 [INFO] Target: 
mount -t debugfs none /sys/kernel/debug 2>/dev/null;
- 15:36:00 [INFO] Host: 
- 15:36:00 [INFO] Target: 
- 15:36:00 [INFO] Host: echo 'cpuinfo:';cat /proc/cpuinfo; echo '=======';
- 15:36:00 [INFO] Target: 
echo 'cpuinfo:';cat /proc/cpuinfo; echo '=======';
- 15:36:00 [INFO] Host: 
- 15:36:00 [INFO] Target: 
- 15:36:00 [INFO] Host: echo 'soc info:';head /sys/devices/soc0/* 2>/dev/null; echo '=======';
- 15:36:01 [INFO] Target: 
echo 'soc info:';head /sys/devices/soc0/* 2>/dev/null; echo '=======';
- 15:36:01 [INFO] Host: 
- 15:36:01 [INFO] Target: 
- 15:36:01 [INFO] Host: echo 'DT Model info'; head /proc/device-tree/name /proc/device-tree/model /proc/device-tree/compatible 2>/dev/null;echo; echo '=======';
- 15:36:01 [INFO] Target: 
echo 'DT Model info'; head /proc/device-tree/name /proc/device-tree/model /pro 
c/device-tree/compatible 2>/dev/null;echo; echo '=======';
- 15:36:01 [INFO] Host: 
- 15:36:01 [INFO] Target: 
- 15:36:01 [INFO] Host: echo 'interrupts:';cat /proc/interrupts; echo '=======';
- 15:36:01 [INFO] Target: 
echo 'interrupts:';cat /proc/interrupts; echo '=======';
- 15:36:01 [INFO] Host: 
- 15:36:01 [INFO] Target: 
- 15:36:01 [INFO] Host: echo 'Clk_summary:';cat /sys/kernel/debug/clk/clk_summary; echo '=======';
- 15:36:01 [INFO] Target: 
echo 'Clk_summary:';cat /sys/kernel/debug/clk/clk_summary; echo '=======';
- 15:36:01 [INFO] Host: 
- 15:36:01 [INFO] Target: 
- 15:36:01 [INFO] Host: echo "Available frequencies"; cat /sys/devices/system/cpu/cpu0/cpufreq/scaling_available_frequencies 2>/dev/null;echo '=======';
- 15:36:01 [INFO] Target: 
echo "Available frequencies"; cat /sys/devices/system/cpu/cpu0/cpufreq/scaling 
_available_frequencies 2>/dev/null;echo '=======';
- 15:36:01 [INFO] Host: 
- 15:36:01 [INFO] Target: 
- 15:36:01 [INFO] Host: TMPF=/tmp/a.\$\$; TMPF2=/tmp/b.\$\$; STR=""
- 15:36:02 [INFO] Target: 
TMPF=/tmp/a.\$\$; TMPF2=/tmp/b.\$\$; STR=""
- 15:36:02 [INFO] Host: 
- 15:36:02 [INFO] Target: 
- 15:36:02 [INFO] Host: cp /dev/kmsg \$TMPF &
- 15:36:02 [INFO] Target: 
cp /dev/kmsg \$TMPF &
- 15:36:02 [INFO] Host: 
- 15:36:02 [INFO] Target: 
- 15:36:02 [INFO] Host: PID=\$! ; sleep 5; kill -9 \$PID
- 15:36:02 [INFO] Target: 
PID=\$! ; sleep 5; kill -9 \$PID
- 15:36:02 [INFO] Host: 
- 15:36:02 [INFO] Target: 
- 15:36:02 [INFO] Host: 
- 15:36:02 [INFO] Target: 
- 15:36:02 [INFO] Host: 
- 15:36:02 [INFO] Target: 
- 15:36:02 [INFO] Host: cat \$TMPF|grep "^0">\$TMPF2; N=\`cat \$TMPF2|wc -l\`; if [ "\$N" -ne 0 ]; then STR="\$STR emerg=\$N";echo "===== EMERGE++";cat \$TMPF2|cut -d ';' -f2;echo "====="; fi
- 15:36:02 [INFO] Target: 
cat \$TMPF|grep "^0">\$TMPF2; N=\`cat \$TMPF2|wc -l\`; if [ "\$N" -ne 0 ]; the 
n STR="\$STR emerg=\$N";echo "===== EMERGE++";cat \$TMPF2|cut -d ';' -f2;echo "= 
===="; fi
- 15:36:02 [INFO] Host: 
- 15:36:02 [INFO] Target: 
- 15:36:02 [INFO] Host: cat \$TMPF|grep "^1">\$TMPF2; N=\`cat \$TMPF2|wc -l\`; if [ "\$N" -ne 0 ]; then STR="\$STR alert=\$N";echo "===== ALERT ==";cat \$TMPF2|cut -d ';' -f2;echo "====="; fi
- 15:36:03 [INFO] Target: 
cat \$TMPF|grep "^1">\$TMPF2; N=\`cat \$TMPF2|wc -l\`; if [ "\$N" -ne 0 ]; the 
n STR="\$STR alert=\$N";echo "===== ALERT ==";cat \$TMPF2|cut -d ';' -f2;echo "= 
===="; fi
- 15:36:03 [INFO] Host: 
- 15:36:03 [INFO] Target: 
- 15:36:03 [INFO] Host: cat \$TMPF|grep "^2">\$TMPF2; N=\`cat \$TMPF2|wc -l\`; if [ "\$N" -ne 0 ]; then STR="\$STR crit=\$N";echo "===== CRIT ==";cat \$TMPF2|cut -d ';' -f2;echo "====="; fi
- 15:36:03 [INFO] Target: 
cat \$TMPF|grep "^2">\$TMPF2; N=\`cat \$TMPF2|wc -l\`; if [ "\$N" -ne 0 ]; the 
n STR="\$STR crit=\$N";echo "===== CRIT ==";cat \$TMPF2|cut -d ';' -f2;echo "=== 
=="; fi
- 15:36:03 [INFO] Host: 
- 15:36:03 [INFO] Target: 
- 15:36:03 [INFO] Host: cat \$TMPF|grep "^3">\$TMPF2; N=\`cat \$TMPF2|wc -l\`; if [ "\$N" -ne 0 ]; then STR="\$STR err=\$N";echo "===== ERR ==";cat \$TMPF2|cut -d ';' -f2;echo "=====" ;fi
- 15:36:03 [INFO] Target: 
cat \$TMPF|grep "^3">\$TMPF2; N=\`cat \$TMPF2|wc -l\`; if [ "\$N" -ne 0 ]; the 
n STR="\$STR err=\$N";echo "===== ERR ==";cat \$TMPF2|cut -d ';' -f2;echo "===== 
" ;fi
- 15:36:03 [INFO] Host: 
- 15:36:03 [INFO] Target: 
- 15:36:03 [INFO] Host: cat \$TMPF|grep "^4">\$TMPF2; N=\`cat \$TMPF2|wc -l\`; if [ "\$N" -ne 0 ]; then STR="\$STR warn=\$N";echo "===== WARN ==";cat \$TMPF2|cut -d ';' -f2;echo "=====" ;fi
- 15:36:03 [INFO] Target: 
cat \$TMPF|grep "^4">\$TMPF2; N=\`cat \$TMPF2|wc -l\`; if [ "\$N" -ne 0 ]; the 
n STR="\$STR warn=\$N";echo "===== WARN ==";cat \$TMPF2|cut -d ';' -f2;echo "=== 
==" ;fi
- 15:36:03 [INFO] Host: 
- 15:36:03 [INFO] Target: 
- 15:36:03 [INFO] Host: rm \$TMPF \$TMPF2; echo "SUM""MARY RESULT: BOOT:" 'PASS: H''ello World' 'B''oard' "Booted" "Boot Log has::::\$STR:"
- 15:36:03 [INFO] Target: 
rm \$TMPF \$TMPF2; echo "SUM""MARY RESULT: BOOT:" 'PASS: H''ello World' 'B''oa 
rd' "Booted" "Boot Log has::::\$STR:"
- 15:36:03 [INFO] Host: 
- 15:36:03 [INFO] Target: 
- 15:36:03 [INFO] Host: EOF
- 15:36:04 [INFO] Target: 
root@am3517-evm:/test# 
- 15:36:04 [INFO] Host: cd /test
- 15:36:04 [INFO] Target: 
cd /test
root@am3517-evm:/test# 
- 15:36:04 [INFO] Host: chmod +x test.sh
- 15:36:04 [INFO] Target: 
chmod +x test.sh
root@am3517-evm:/test# 
- 15:36:04 [INFO] Host: ./test.sh 2> stderr.log > stdout.log 3> result.log
- 15:36:10 [INFO] Target: 
./test.sh 2> stderr.log > stdout.log 3> result.log
root@am3517-evm:/test# 
- 15:36:10 [INFO] Host: echo $?
- 15:36:10 [INFO] Target: 
echo $?
root@am3517-evm:/test# 
- 15:36:10 [INFO] Host: cd /test
- 15:36:10 [INFO] Target: 
cd /test
root@am3517-evm:/test# 
- 15:36:10 [INFO] Host: cat stdout.log
- 15:36:12 [INFO] Target: 
cat stdout.log
cpuinfo:
processor	: 0
model name	: ARMv7 Processor rev 7 (v7l)
BogoMIPS	: 594.73
Features	: half thumb fastmult vfp edsp thumbee neon vfpv3 tls vfpd32 
CPU implementer	: 0x41
CPU architecture: 7
CPU variant	: 0x1
CPU part	: 0xc08
CPU revision	: 7
Hardware	: Generic AM3517 (Flattened Device Tree)
Revision	: 0000
Serial		: 0000000000000000
=======
soc info:
==> /sys/devices/soc0/family <==
OMAP3
==> /sys/devices/soc0/machine <==
AM3517
==> /sys/devices/soc0/power <==
==> /sys/devices/soc0/revision <==
ES1.1
==> /sys/devices/soc0/subsystem <==
==> /sys/devices/soc0/type <==
==> /sys/devices/soc0/uevent <==
=======
DT Model info
==> /proc/device-tree/name <==
==> /proc/device-tree/model <==
TI AM3517 EVM (AM3517/05 TMDSEVM3517)
==> /proc/device-tree/compatible <==
ti,am3517-evmti,am3517ti,omap3
=======
interrupts:
           CPU0       
 25:          0      INTC   9 Edge      l3-debug-irq
 26:          1      INTC  10 Edge      l3-app-irq
 28:          0      INTC  12 Edge      DMA
 29:       3717      INTC  13 Edge      omap-dma-engine
 36:          0      INTC  20 Edge      gpmc
 45:          0      INTC  29 Edge      48310000.gpio
 46:          0      INTC  30 Edge      49050000.gpio
 47:          0      INTC  31 Edge      49052000.gpio
 48:          0      INTC  32 Edge      49054000.gpio
 49:          0      INTC  33 Edge      49056000.gpio
 50:          0      INTC  34 Edge      49058000.gpio
 54:       4041      INTC  38 Edge      gp_timer
 72:          0      INTC  56 Edge      48070000.i2c
 73:          0      INTC  57 Edge      48072000.i2c
 77:          0      INTC  61 Edge      48060000.i2c
 83:          0      INTC  67 Edge      eth0
 84:         19      INTC  68 Edge      eth0
 85:         14      INTC  69 Edge      eth0
 86:          0      INTC  70 Edge      eth0
 90:       7112      INTC  74 Edge      OMAP UART2
 99:       4656      INTC  83 Edge      mmc0
IPI0:          0  CPU wakeup interrupts
IPI1:          0  Timer broadcast interrupts
IPI2:          0  Rescheduling interrupts
IPI3:          0  Function call interrupts
IPI4:          0  CPU stop interrupts
IPI5:          0  IRQ work interrupts
IPI6:          0  completion interrupts
Err:          0
=======
Clk_summary:
   clock                         enable_cnt  prepare_cnt        rate   accuracy   phase
----------------------------------------------------------------------------------------
 pclk_ck                                  0            0    27000000          0 0  
    vpfe_fck                              0            0    27000000          0 0  
 rmii_ck                                  1            1    50000000          0 0  
    emac_fck                              2            2    50000000          0 0  
 secure_32k_fck                           0            1       32768          0 0  
    wdt1_fck                              0            0       32768          0 0  
    gpt12_fck                             0            1       32768          0 0  
 dummy_ck                                 0            0           0          0 0  
 mcbsp_clks                               0            5           0          0 0  
 sys_altclk                               0            0           0          0 0  
 virt_38_4m_ck                            0            0    38400000          0 0  
 virt_26000000_ck                         1            1    26000000          0 0  
    osc_sys_ck                            1            1    26000000          0 0  
       sys_clkout1                        0            0    26000000          0 0  
       sys_ck                             5           17    13000000          0 0  
          gpt9_fck                        0            1    13000000          0 0  
          gpt8_fck                        0            1    13000000          0 0  
          gpt7_fck                        0            1    13000000          0 0  
          gpt6_fck                        0            1    13000000          0 0  
          gpt5_fck                        0            1    13000000          0 0  
          gpt4_fck                        0            1    13000000          0 0  
          gpt3_fck                        0            1    13000000          0 0  
          gpt2_fck                        1            1    13000000          0 0  
          gpt1_fck                        1            1    13000000          0 0  
          hecc_ck                         0            0    13000000          0 0  
          hsotgusb_fck_am35xx             0            1    13000000          0 0  
          cpefuse_fck                     0            0    13000000          0 0  
          dpll5_ck                        0            1   120000000          0 0  
             dpll5_m2_ck                  0            1   120000000          0 0  
                usbhost_120m_fck           0            0   120000000          0 0  
                usbtll_fck                0            1   120000000          0 0  
          traceclk_src_fck                0            0    13000000          0 0  
             traceclk_fck                 0            0    13000000          0 0  
          emu_src_mux_ck                  0            1    13000000          0 0  
             emu_src_ck                   0            1    13000000          0 0  
                atclk_fck                 0            0    13000000          0 0  
                pclkx2_fck                0            0    13000000          0 0  
                pclk_fck                  0            0     6500000          0 0  
          dss2_alwon_fck                  0            2    13000000          0 0  
          dpll1_ck                        0            1   600000000          0 0  
             dpll1_x2_ck                  0            1  1200000000          0 0  
                dpll1_x2m2_ck             0            1  1200000000          0 0  
                   mpu_ck                 0            1  1200000000          0 0  
                      emu_mpu_alwon_ck           0            0  1200000000          0 0  
                      arm_fck             0            1   600000000          0 0  
          dpll3_ck                        1            1   332000000          0 0  
             dpll3_x2_ck                  0            0   664000000          0 0  
             dpll3_m2_ck                  1            1   332000000          0 0  
                dpll3_m2x2_ck             0            0   664000000          0 0  
                   corex2_fck             0            0   664000000          0 0  
                      corex2_d5_fck           0            0   132800000          0 0  
                      corex2_d3_fck           0            0   221333333          0 0  
                core_ck                   1            1   332000000          0 0  
                   core_d2_ck             0            0   166000000          0 0  
                   core_d6_ck             0            0    55333333          0 0  
                      sgx_fck             0            0    55333333          0 0  
                   core_d4_ck             0            0    83000000          0 0  
                   core_d3_ck             0            0   110666666          0 0  
                   l3_ick                 2            2   166000000          0 0  
                      sgx_ick             0            0   166000000          0 0  
                      core_l3_ick           6            7   166000000          0 0  
                         ipss_ick           2            2   166000000          0 0  
                            hsotgusb_ick_am35xx           2            2   166000000          0 0  
                            vpfe_ick           0            0   166000000          0 0  
                            emac_ick           2            2   166000000          0 0  
                         gpmc_fck           2            2   166000000          0 0  
                         sdrc_ick           1            1   166000000          0 0  
                      l4_ick              4            4    83000000          0 0  
                         usbhost_ick           1            1    83000000          0 0  
                         dss_ick_3430es2           4            6    83000000          0 0  
                         per_l4_ick          12           17    83000000          0 0  
                            mcbsp4_ick           1            1    83000000          0 0  
                            mcbsp3_ick           2            2    83000000          0 0  
                            mcbsp2_ick           2            2    83000000          0 0  
                            gpt2_ick           1            1    83000000          0 0  
                            gpt3_ick           1            1    83000000          0 0  
                            gpt4_ick           1            1    83000000          0 0  
                            gpt5_ick           1            1    83000000          0 0  
                            gpt6_ick           1            1    83000000          0 0  
                            gpt7_ick           1            1    83000000          0 0  
                            gpt8_ick           1            1    83000000          0 0  
                            gpt9_ick           1            1    83000000          0 0  
                            uart4_ick           0            0    83000000          0 0  
                            uart3_ick           1            1    83000000          0 0  
                            wdt3_ick           0            0    83000000          0 0  
                            gpio2_ick           0            1    83000000          0 0  
                            gpio3_ick           0            1    83000000          0 0  
                            gpio4_ick           0            1    83000000          0 0  
                            gpio5_ick           0            1    83000000          0 0  
                            gpio6_ick           0            1    83000000          0 0  
                         core_l4_ick          20           21    83000000          0 0  
                            mmchs3_ick           1            1    83000000          0 0  
                            usbtll_ick           1            1    83000000          0 0  
                            uart4_ick_am35xx           1            1    83000000          0 0  
                            sha12_ick           0            0    83000000          0 0  
                            aes2_ick           0            0    83000000          0 0  
                            omapctrl_ick           1            1    83000000          0 0  
                            mcbsp1_ick           1            1    83000000          0 0  
                            mcbsp5_ick           1            1    83000000          0 0  
                            gpt10_ick           1            1    83000000          0 0  
                            gpt11_ick           1            1    83000000          0 0  
                            uart1_ick           1            1    83000000          0 0  
                            uart2_ick           1            1    83000000          0 0  
                            i2c1_ick           1            1    83000000          0 0  
                            i2c2_ick           1            1    83000000          0 0  
                            i2c3_ick           1            1    83000000          0 0  
                            mcspi1_ick           1            1    83000000          0 0  
                            mcspi2_ick           1            1    83000000          0 0  
                            mcspi3_ick           1            1    83000000          0 0  
                            mcspi4_ick           1            1    83000000          0 0  
                            hdq_ick           0            1    83000000          0 0  
                            mmchs1_ick           1            1    83000000          0 0  
                            mmchs2_ick           1            1    83000000          0 0  
                         rm_ick           0            0    41500000          0 0  
                   dpll1_fck              0            0   166000000          0 0  
             dpll3_m3_ck                  0            0   166000000          0 0  
                dpll3_m3x2_mul_ck           0            0   332000000          0 0  
                   dpll3_m3x2_ck           0            0   332000000          0 0  
                      emu_core_alwon_ck           0            0   332000000          0 0  
          dpll4_ck                        1            3   432000000          0 0  
             dpll4_x2_ck                  0            0   864000000          0 0  
             dpll4_m6_ck                  0            0   144000000          0 0  
                dpll4_m6x2_mul_ck           0            0   288000000          0 0  
                   dpll4_m6x2_ck           0            0   288000000          0 0  
                      emu_per_alwon_ck           0            0   288000000          0 0  
             dpll4_m5_ck                  0            0   108000000          0 0  
                dpll4_m5x2_mul_ck           0            0   216000000          0 0  
                   dpll4_m5x2_ck           0            0   216000000          0 0  
             dpll4_m4_ck                  0            1   216000000          0 0  
                dpll4_m4x2_mul_ck           0            1   432000000          0 0  
                   dpll4_m4x2_ck           0            1   432000000          0 0  
                      dss1_alwon_fck_3430es2           0            4   432000000          0 0  
             dpll4_m3_ck                  0            1    27000000          0 0  
                dpll4_m3x2_mul_ck           0            1    54000000          0 0  
                   dpll4_m3x2_ck           0            1    54000000          0 0  
                      omap_54m_fck           0            1    54000000          0 0  
                         clkout2_src_ck           0            0    54000000          0 0  
                            sys_clkout2           0            0    54000000          0 0  
                         dss_tv_fck           0            2    54000000          0 0  
             dpll4_m2_ck                  1            1    48000000          0 0  
                dpll4_m2x2_mul_ck           1            1    96000000          0 0  
                   dpll4_m2x2_ck           1            1    96000000          0 0  
                      omap_192m_alwon_fck           0            0    96000000          0 0  
                      omap_96m_alwon_fck           1            2    96000000          0 0  
                         per_96m_fck           0            6    96000000          0 0  
                            mcbsp4_fck           0            1    96000000          0 0  
                            mcbsp3_fck           0            2    96000000          0 0  
                            mcbsp2_fck           0            2    96000000          0 0  
                         cm_96m_fck           1            2    96000000          0 0  
                            cm_96m_d2_fck           1            1    48000000          0 0  
                               omap_48m_fck           2            4    48000000          0 0  
                                  usbhost_48m_fck           0            1    48000000          0 0  
                                  per_48m_fck           1            1    48000000          0 0  
                                     uart3_fck           1            1    48000000          0 0  
                                  core_48m_fck           2            7    48000000          0 0  
                                     uart4_fck_am35xx           0            1    48000000          0 0  
                                     uart1_fck           1            2    48000000          0 0  
                                     uart2_fck           1            1    48000000          0 0  
                                     mcspi1_fck           0            1    48000000          0 0  
                                     mcspi2_fck           0            1    48000000          0 0  
                                     mcspi3_fck           0            1    48000000          0 0  
                                     mcspi4_fck           0            1    48000000          0 0  
                                  omap_12m_fck           0            1    12000000          0 0  
                                     core_12m_fck           0            1    12000000          0 0  
                                        hdq_fck             0            1    12000000          0 0  
                            omap_96m_fck           0            2    96000000          0 0  
                               dss_96m_fck           0            2    96000000          0 0  
                               core_96m_fck           0           10    96000000          0 0  
                                  mcbsp1_fck           0            1    96000000          0 0  
                                  mcbsp5_fck           0            1    96000000          0 0  
                                  mmchs3_fck           0            1    96000000          0 0  
                                  i2c1_fck           0            1    96000000          0 0  
                                  i2c2_fck           0            1    96000000          0 0  
                                  i2c3_fck           0            1    96000000          0 0  
                                  mmchs1_fck           0            1    96000000          0 0  
                                  mmchs2_fck           0            1    96000000          0 0  
          wkup_l4_ick                     4            5    13000000          0 0  
             gpt1_ick                     1            1    13000000          0 0  
             gpt12_ick                    1            1    13000000          0 0  
             omap_32ksync_ick             1            1    13000000          0 0  
             gpio1_ick                    0            1    13000000          0 0  
             wdt1_ick                     0            0    13000000          0 0  
             wdt2_ick                     1            1    13000000          0 0  
 virt_19200000_ck                         0            0    19200000          0 0  
 virt_13m_ck                              0            0    13000000          0 0  
 virt_12m_ck                              0            0    12000000          0 0  
 omap_32k_fck                             0            7       32768          0 0  
    gpt11_fck                             0            1       32768          0 0  
    gpt10_fck                             0            1       32768          0 0  
    ts_fck                                0            0       32768          0 0  
    per_32k_alwon_fck                     0            5       32768          0 0  
       wdt3_fck                           0            0       32768          0 0  
       gpio2_dbck                         0            2       32768          0 0  
       gpio3_dbck                         0            2       32768          0 0  
       gpio4_dbck                         0            2       32768          0 0  
       gpio5_dbck                         0            2       32768          0 0  
       gpio6_dbck                         0            2       32768          0 0  
    wkup_32k_fck                          0            3       32768          0 0  
       wdt2_fck                           0            1       32768          0 0  
       gpio1_dbck                         0            2       32768          0 0  
 dummy_apb_pclk                           0            0           0          0 0  
 virt_16_8m_ck                            0            0    16800000          0 0  
=======
Available frequencies
=======
===== ALERT ==
udev[95]: starting version 164
=====
===== ERR ==
In-band Error seen by USB_OTG  at address 0
platform 480c5000.aes: Cannot lookup hwmod 'aes'
platform 480c3000.sham: Cannot lookup hwmod 'sham'
platform 480cb000.smartreflex: Cannot lookup hwmod 'smartreflex_core'
platform 480ab000.usb_otg_hs: Cannot lookup hwmod 'usb_otg_hs'
mtdoops: mtd device (mtddev=name/number) must be supplied
omap2_set_init_voltage: unable to find boot up OPP for vdd_mpu_iva
omap2_set_init_voltage: unable to set vdd_mpu_iva
omap2_set_init_voltage: unable to find boot up OPP for vdd_core
omap2_set_init_voltage: unable to set vdd_core
pm: Failed to request pm_wkup irq
sr_init: platform driver register failed for SR
=====
===== WARN ==
Lock dependency validator: Copyright (c) 2006 Red Hat, Inc., Ingo Molnar
... MAX_LOCKDEP_SUBCLASSES:  8
... MAX_LOCK_DEPTH:          48
... MAX_LOCKDEP_KEYS:        8191
... CLASSHASH_SIZE:          4096
... MAX_LOCKDEP_ENTRIES:     32768
... MAX_LOCKDEP_CHAINS:      65536
... CHAINHASH_SIZE:          32768
 memory used by lock dependency info: 5167 kB
 per task-struct memory footprint: 1536 bytes
omap_hwmod: mcbsp2_sidetone using broken dt data from mcbsp
omap_hwmod: mcbsp3_sidetone using broken dt data from mcbsp
------------[ cut here ]------------
WARNING: CPU: 0 PID: 1 at drivers/bus/omap_l3_smx.c:166 omap3_l3_app_irq+0xdc/0x130()
Modules linked in:
CPU: 0 PID: 1 Comm: swapper/0 Not tainted 4.4.0-rc6-next-20151222-00002-g99fa4834b478 #1
Hardware name: Generic AM3517 (Flattened Device Tree)
[<c010fd44>] (unwind_backtrace) from [<c010c074>] (show_stack+0x10/0x14)
[<c010c074>] (show_stack) from [<c04532bc>] (dump_stack+0x84/0x9c)
[<c04532bc>] (dump_stack) from [<c0134a9c>] (warn_slowpath_common+0x78/0xb4)
[<c0134a9c>] (warn_slowpath_common) from [<c0134b74>] (warn_slowpath_null+0x1c/0x24)
[<c0134b74>] (warn_slowpath_null) from [<c047f9a0>] (omap3_l3_app_irq+0xdc/0x130)
[<c047f9a0>] (omap3_l3_app_irq) from [<c01950b8>] (handle_irq_event_percpu+0x44/0x1f0)
[<c01950b8>] (handle_irq_event_percpu) from [<c019529c>] (handle_irq_event+0x38/0x5c)
[<c019529c>] (handle_irq_event) from [<c0198308>] (handle_level_irq+0xb8/0x14c)
[<c0198308>] (handle_level_irq) from [<c019475c>] (generic_handle_irq+0x20/0x34)
[<c019475c>] (generic_handle_irq) from [<c0194a50>] (__handle_domain_irq+0x64/0xe0)
[<c0194a50>] (__handle_domain_irq) from [<c075b1f8>] (__irq_svc+0x58/0x78)
[<c075b1f8>] (__irq_svc) from [<c075a9cc>] (_raw_spin_unlock_irqrestore+0x34/0x44)
[<c075a9cc>] (_raw_spin_unlock_irqrestore) from [<c0196dc0>] (__setup_irq+0x26c/0x5f8)
[<c0196dc0>] (__setup_irq) from [<c019729c>] (request_threaded_irq+0xc0/0x158)
[<c019729c>] (request_threaded_irq) from [<c047fadc>] (omap3_l3_probe+0xe8/0x16c)
[<c047fadc>] (omap3_l3_probe) from [<c04ee2e0>] (platform_drv_probe+0x50/0xac)
[<c04ee2e0>] (platform_drv_probe) from [<c04ec8ac>] (driver_probe_device+0x208/0x2c0)
[<c04ec8ac>] (driver_probe_device) from [<c04eace0>] (bus_for_each_drv+0x64/0x98)
[<c04eace0>] (bus_for_each_drv) from [<c04ec5e4>] (__device_attach+0xa4/0x10c)
[<c04ec5e4>] (__device_attach) from [<c04ebc3c>] (bus_probe_device+0x88/0x90)
[<c04ebc3c>] (bus_probe_device) from [<c04e9fe0>] (device_add+0x3bc/0x56c)
[<c04e9fe0>] (device_add) from [<c05e4f30>] (of_platform_device_create_pdata+0x80/0xb8)
[<c05e4f30>] (of_platform_device_create_pdata) from [<c05e5050>] (of_platform_bus_create+0xdc/0x18c)
[<c05e5050>] (of_platform_bus_create) from [<c05e522c>] (of_platform_populate+0x5c/0xac)
[<c05e522c>] (of_platform_populate) from [<c0b1375c>] (pdata_quirks_init+0x54/0x74)
[<c0b1375c>] (pdata_quirks_init) from [<c0b1339c>] (omap_generic_init+0x10/0x1c)
[<c0b1339c>] (omap_generic_init) from [<c0b03830>] (customize_machine+0x1c/0x40)
[<c0b03830>] (customize_machine) from [<c0101824>] (do_one_initcall+0x80/0x1e0)
[<c0101824>] (do_one_initcall) from [<c0b00ee0>] (kernel_init_freeable+0x214/0x2e4)
[<c0b00ee0>] (kernel_init_freeable) from [<c0754728>] (kernel_init+0x8/0xf4)
[<c0754728>] (kernel_init) from [<c01078d0>] (ret_from_fork+0x14/0x24)
---[ end trace bd853a9c26038487 ]---
gpmc_mem_init: disabling cs 0 mapped at 0x0-0x1000000
omap4_sram_init:Unable to allocate sram needed to handle errata I688
omap4_sram_init:Unable to get sram pool needed to handle errata I688
PM: no software I/O chain control
davinci_emac davinci_emac.0: using random MAC addr: 66:61:3c:fe:85:55
sr_init: No PMIC hook to init smartreflex
davinci_mdio davinci_mdio.0: resetting idled controller
mmc0: host does not support reading read-only switch, assuming write-enable
FAT-fs (mmcblk0p1): Volume was not properly unmounted. Some data may be corrupt. Please run fsck.
=====
SUMMARY RESULT: BOOT: PASS: Hello World Board Booted Boot Log has:::: alert=1 err=12 warn=58:
root@am3517-evm:/test# 
- 15:36:12 [INFO] Host: cat stderr.log
- 15:36:12 [INFO] Target: 
cat stderr.log
./test.sh: line 33:   659 Killed                  cp /dev/kmsg $TMPF
root@am3517-evm:/test# 
- 15:36:12 [INFO] Host: cat result.log
- 15:36:14 [ERROR] On command: cat result.log waiting for cat result.log.+?(?m-ix:^1[\0\n\r]+) >>> error: execution expired
- 15:36:14 [INFO] Target: 
cat result.log
root@am3517-evm:/test# 
- 15:36:14 [INFO] Host: cd /test
- 15:36:15 [INFO] Target: 
cd /test
root@am3517-evm:/test# 
URL:gtsystest.telogy.design.ti.com/vatf/tidfarm-06/tidfarm-06_vatf@am3517-evm/tidfarm-0612_22_2015_15_34_05/files/session_iteration_1/test_1
