- 06:52:57 [INFO] Starting target session
- 06:52:58 [INFO] Connected to am3517-evm via serial 
- 06:52:58 [INFO] Host: #check prompt
- 06:53:01 [ERROR] On command: #check prompt waiting for #check prompt.+?(?-mix:((?-mix:login:)|[Pp]assword)) >>> error: execution expired
- 06:53:01 [INFO] Target: 
#check prompt
root@am3517-evm:/test# 
- 06:53:01 [INFO] Host: #check prompt
- 06:53:01 [INFO] Target: 
#check prompt
root@am3517-evm:/test# 
- 06:53:01 [INFO] Host: sync;poweroff
- 06:53:11 [INFO] Target: 
sync;poweroff
INIT: Swi
INIT: Sending procStopping Dropbear SSH server: stopped /usr/sbin/dropbear (pid 1638)
dropbear.
Stopping telnet daemon.
Stopping Hardware abstraction layer hald
Stopping system message bus: stopped process in pidfile '/var/run/dbus/pid' (pid 1600)
dbus.
Stopping thttpdError opening /dev/fb0: No such file or directory
ALSA: Storing mixer settings...
/usr/sbin/alsactl: save_state:1519: No soundcards found...
Deconfiguring network interfaces... cat: can't open '/var/run/udhcpc.eth0.pid': No such file or directory
ifconfig: SIOCGIFFLAGS: No such device
done.
Stopping Lighttpd Web Server: stopped /usr/sbin/lighttpd (pid 1673)
lighttpd.
Stopping syslogd/klogd: stopped syslogd (pid 1650)
stopped klogd (pid 1652)
done
Stopping Matrix GUI applicationstart-stop-daemon: warning: killing process 0: No such process
***************************************************************
***************************************************************
NOTICE: This file system contains the followin GPLv3 packages:
	binutils-dev
	binutils-symlinks
	binutils
	gdbserver
If you do not wish to distribute GPLv3 components please remove
the above packages prior to distribution.  This can be done using
the opkg remove command.  i.e.:
    opkg remove <package>
Where <package> is the name printed in the list above
NOTE: If the package is a dependency of another package you
      will be notified of the dependent packages.  You should
      use the --force-removal-of-dependent-packages option to
      also remove the dependent packages as well
***************************************************************
***************************************************************
Sending all processes the TERM signal...
Sending all processes the KILL signal...
hwclock: can't open '/dev/misc/rtc': No such file or directory
Unmounting remote filesystems...
Deactivating swap...
Unmounting local filesystems...
[84792.369846] EXT4-fs (mmcblk0p2): re-mounted. Opts: (null)
[84794.542546] reboot: System halted
- 06:53:11 [INFO] Disconnected serial from am3517-evm
- 06:53:33 [INFO] Connected to am3517-evm via serial 
- 06:53:33 [INFO] Host: 
- 06:53:33 [ERROR] On command:  waiting for (?-mix:AM3517_EVM\s*#) >>> error: execution expired
- 06:53:33 [INFO] Target: 
- 06:53:33 [INFO] Host: 
- 06:53:34 [ERROR] On command:  waiting for (?-mix:AM3517_EVM\s*#) >>> error: execution expired
- 06:53:34 [INFO] Target: 
40XU
U-Boot SPL 2011.09-00000-g9cf431d (Jun 25 2013 - 15:14:11)
Texas Instruments Revision detection unimplemented
OMAP SD/MMC: 0
- 06:53:34 [INFO] Host: 
- 06:53:34 [ERROR] On command:  waiting for (?-mix:AM3517_EVM\s*#) >>> error: execution expired
- 06:53:34 [INFO] Target: 
reading u-boot.img
reading u-boot.img
U-Boot 2011.09-00000-g9cf431d (Jun 25 2013 - 15:14:11)
AM35XX-GP ES2.0, CPU-OPP2, L3-165MHz, Max CPU Clock 600 Mhz
AM3517EVM Board + LPDDR/NAND
I2C:   ready
DRAM:  256 MiB
WARNING: Caches not enabled
NAND:  HW ECC [Kernel/FS layout] selected
512 MiB
MMC:   OMAP SD/MMC: 0
- 06:53:34 [INFO] Host: 
- 06:53:35 [ERROR] On command:  waiting for (?-mix:AM3517_EVM\s*#) >>> error: execution expired
- 06:53:35 [INFO] Target: 
- 06:53:35 [INFO] Host: 
- 06:53:35 [INFO] Target: 
In:    serial
Out:   serial
Err:   serial
Die ID #5f5c00010000000001685a201600f025
Net:   Ethernet PHY: GENERIC @ 0x00
DaVinci-EMAC
Hit any key to stop autoboot:  3  0 
AM3517_EVM # 
AM3517_EVM # 
- 06:53:35 [INFO] Host: 
- 06:53:35 [INFO] Target: 
AM3517_EVM # 
- 06:53:35 [INFO] Host: version
- 06:53:35 [INFO] Target: 
version
U-Boot 2011.09-00000-g9cf431d (Jun 25 2013 - 15:14:11)
arm-linux-gnueabihf-gcc (crosstool-NG linaro-1.13.1-4.7-2013.03-20130313 - Linaro GCC 2013.03) 4.7.3 20130226 (prerelease)
GNU ld (crosstool-NG linaro-1.13.1-4.7-2013.03-20130313 - Linaro GCC 2013.03) 2.23.1
AM3517_EVM # 
- 06:53:35 [INFO] Host: setenv bootargs 'console=ttyO2,115200n8 debug ignore_loglevel earlyprintk root=/dev/mmcblk0p2 rootwait nohlt '
- 06:53:35 [INFO] Target: 
setenv bootargs 'console=ttyO2,115200n8 debug ignore_loglevel earlyprintk root=/dev/mmcblk0p2 rootwait nohlt '
AM3517_EVM # 
- 06:53:35 [INFO] Host: setenv bootcmd  ''
- 06:53:35 [INFO] Target: 
setenv bootcmd  ''
AM3517_EVM # 
- 06:53:35 [INFO] Host: setenv autoload 'no'
- 06:53:35 [INFO] Target: 
setenv autoload 'no'
AM3517_EVM # 
- 06:53:35 [INFO] Host: setenv serverip '10.218.102.142'
- 06:53:35 [INFO] Target: 
setenv serverip '10.218.102.142'
AM3517_EVM # 
- 06:53:35 [INFO] Host: printenv
- 06:53:36 [INFO] Target: 
printenv
autoload=no
baudrate=115200
bootargs=console=ttyO2,115200n8 debug ignore_loglevel earlyprintk root=/dev/mmcblk0p2 rootwait nohlt 
bootargs_defaults=setenv bootargs console=${console} ${optargs}
bootcmd=
bootdelay=3
bootenv=uEnv.txt
bootfile=tigt-0001-desktop/2012-09-19t22-05-12-184/am3517-evm/70132be54a7f7fcf07b00ec4a126f0b2
bootscript=echo Running bootscript from mmc ...; source ${loadaddr}
console=ttyO2,115200n8
dieid#=5f5c00010000000001685a201600f025
ethact=DaVinci-EMAC
ethaddr=40:98:4e:74:71:9d
importbootenv=echo Importing environment from mmc ...; env import -t $loadaddr $filesize
kloadaddr=0x80007fc0
loadaddr=0x82000000
loadbootenv=fatload mmc ${mmc_dev} ${loadaddr} ${bootenv}
loadbootscript=fatload mmc ${mmcdev} ${loadaddr} boot.scr
loaduimage=fatload mmc ${mmcdev} ${kloadaddr} uImage
mmc_load_uimage=mmc rescan; fatload mmc 0 ${loadaddr} uImage
mmcargs=run bootargs_defaults; setenv bootargs ${bootargs} root=/dev/mmcblk0p2 rw rootfstype=ext3 rootwait
mmcboot=echo Booting from mmc ...; run mmcargs; bootm ${kloadaddr}; 
mmcdev=0
nandargs=run bootargs_defaults; setenv bootargs ${bootargs} root=/dev/mtdblock4 rw rootfstype=jffs2
nandboot=echo Booting from nand ...; run nandargs; nand read ${kloadaddr} 280000 400000; bootm ${kloadaddr}; 
nfs_root_path=10.218.102.142:/home/tigt-0001/NFS_exports/am3517/autofs/ae0d8e03f9b2bf510b0c654ac60741c7
ramdisk_addr=0x8A080000
serverip=10.218.102.142
stderr=serial
stdin=serial
stdout=serial
Environment size: 1515/131068 bytes
AM3517_EVM # 
- 06:53:36 [INFO] Host: printenv
- 06:53:36 [INFO] Target: 
printenv
autoload=no
baudrate=115200
bootargs=console=ttyO2,115200n8 debug ignore_loglevel earlyprintk root=/dev/mmcblk0p2 rootwait nohlt 
bootargs_defaults=setenv bootargs console=${console} ${optargs}
bootcmd=
bootdelay=3
bootenv=uEnv.txt
bootfile=tigt-0001-desktop/2012-09-19t22-05-12-184/am3517-evm/70132be54a7f7fcf07b00ec4a126f0b2
bootscript=echo Running bootscript from mmc ...; source ${loadaddr}
console=ttyO2,115200n8
dieid#=5f5c00010000000001685a201600f025
ethact=DaVinci-EMAC
ethaddr=40:98:4e:74:71:9d
importbootenv=echo Importing environment from mmc ...; env import -t $loadaddr $filesize
kloadaddr=0x80007fc0
loadaddr=0x82000000
loadbootenv=fatload mmc ${mmc_dev} ${loadaddr} ${bootenv}
loadbootscript=fatload mmc ${mmcdev} ${loadaddr} boot.scr
loaduimage=fatload mmc ${mmcdev} ${kloadaddr} uImage
mmc_load_uimage=mmc rescan; fatload mmc 0 ${loadaddr} uImage
mmcargs=run bootargs_defaults; setenv bootargs ${bootargs} root=/dev/mmcblk0p2 rw rootfstype=ext3 rootwait
mmcboot=echo Booting from mmc ...; run mmcargs; bootm ${kloadaddr}; 
mmcdev=0
nandargs=run bootargs_defaults; setenv bootargs ${bootargs} root=/dev/mtdblock4 rw rootfstype=jffs2
nandboot=echo Booting from nand ...; run nandargs; nand read ${kloadaddr} 280000 400000; bootm ${kloadaddr}; 
nfs_root_path=10.218.102.142:/home/tigt-0001/NFS_exports/am3517/autofs/ae0d8e03f9b2bf510b0c654ac60741c7
ramdisk_addr=0x8A080000
serverip=10.218.102.142
stderr=serial
stdin=serial
stdout=serial
Environment size: 1515/131068 bytes
AM3517_EVM # 
- 06:53:36 [INFO] Host: setenv bootargs ''${bootargs}' ip=dhcp '
- 06:53:36 [INFO] Target: 
setenv bootargs ''${bootargs}' ip=dhcp '
AM3517_EVM # 
- 06:53:36 [INFO] Host: setenv serverip '10.218.102.142'
- 06:53:36 [INFO] Target: 
setenv serverip '10.218.102.142'
AM3517_EVM # 
- 06:53:36 [INFO] Host: setenv ipaddr dhcp
- 06:53:36 [INFO] Target: 
setenv ipaddr dhcp
AM3517_EVM # 
- 06:53:36 [INFO] Host: setenv autoload 'no'
- 06:53:36 [INFO] Target: 
setenv autoload 'no'
AM3517_EVM # 
- 06:53:36 [INFO] Host: dhcp
- 06:53:37 [INFO] Target: 
dhcp
BOOTP broadcast 1
DHCP client bound to address 10.218.102.219
AM3517_EVM # 
- 06:53:37 [INFO] Host: setenv serverip '10.218.102.142'
- 06:53:37 [INFO] Target: 
setenv serverip '10.218.102.142'
AM3517_EVM # 
- 06:53:37 [INFO] Host: tftp ${loadaddr} 10.218.102.142:vatf_am3517-evm/58bcb7108875a6310a63ced52f0a57ea
- 06:53:44 [INFO] Target: 
tftp ${loadaddr} 10.218.102.142:vatf_am3517-evm/58bcb7108875a6310a63ced52f0a57ea
Using DaVinci-EMAC device
TFTP from server 10.218.102.142; our IP address is 10.218.102.219
Filename 'vatf_am3517-evm/58bcb7108875a6310a63ced52f0a57ea'.
Load address: 0x82000000
Loading: *#################################################################
	 #################################################################
	 #################################################################
	 #################################################################
	 #################################################################
	 #################################################################
	 #################################################################
	 #################################################################
	 #################################################################
	 #################################################################
	 #################################################################
	 #################################################################
	 #################################################################
	 ################################################################
done
Bytes transferred = 4651082 (46f84a hex)
AM3517_EVM # 
- 06:53:44 [INFO] Host: ls mmc 0:1
- 06:53:44 [INFO] Target: 
ls mmc 0:1
ls - list files in a directory (default /)
Usage:
ls [ directory ]
AM3517_EVM # 
- 06:53:44 [INFO] Host: ls mmc 0:2
- 06:53:44 [INFO] Target: 
ls mmc 0:2
ls - list files in a directory (default /)
Usage:
ls [ directory ]
AM3517_EVM # 
- 06:53:44 [INFO] Host: ls mmc 0:3
- 06:53:44 [INFO] Target: 
ls mmc 0:3
ls - list files in a directory (default /)
Usage:
ls [ directory ]
AM3517_EVM # 
- 06:53:44 [INFO] Host: ls mmc 0:4
- 06:53:44 [INFO] Target: 
ls mmc 0:4
ls - list files in a directory (default /)
Usage:
ls [ directory ]
AM3517_EVM # 
- 06:53:44 [INFO] Host: ls mmc 0:5
- 06:53:44 [INFO] Target: 
ls mmc 0:5
ls - list files in a directory (default /)
Usage:
ls [ directory ]
AM3517_EVM # 
- 06:53:44 [INFO] Host: part uuid mmc 0:
- 06:53:44 [INFO] Target: 
part uuid mmc 0:
Unknown command 'part' - try 'help'
AM3517_EVM # 
- 06:53:44 [INFO] Host: printenv
- 06:53:44 [INFO] Target: 
printenv
autoload=no
baudrate=115200
bootargs=console=ttyO2,115200n8 debug ignore_loglevel earlyprintk root=/dev/mmcblk0p2 rootwait nohlt ip=dhcp
bootargs_defaults=setenv bootargs console=${console} ${optargs}
bootcmd=
bootdelay=3
bootenv=uEnv.txt
bootfile=tigt-0001-desktop/2012-09-19t22-05-12-184/am3517-evm/70132be54a7f7fcf07b00ec4a126f0b2
bootscript=echo Running bootscript from mmc ...; source ${loadaddr}
console=ttyO2,115200n8
dieid#=5f5c00010000000001685a201600f025
dnsip=192.0.2.2
dnsip2=192.0.2.3
ethact=DaVinci-EMAC
ethaddr=40:98:4e:74:71:9d
fileaddr=82000000
filesize=46F84A
importbootenv=echo Importing environment from mmc ...; env import -t $loadaddr $filesize
ipaddr=10.218.102.219
kloadaddr=0x80007fc0
loadaddr=0x82000000
loadbootenv=fatload mmc ${mmc_dev} ${loadaddr} ${bootenv}
loadbootscript=fatload mmc ${mmcdev} ${loadaddr} boot.scr
loaduimage=fatload mmc ${mmcdev} ${kloadaddr} uImage
mmc_load_uimage=mmc rescan; fatload mmc 0 ${loadaddr} uImage
mmcargs=run bootargs_defaults; setenv bootargs ${bootargs} root=/dev/mmcblk0p2 rw rootfstype=ext3 rootwait
mmcboot=echo Booting from mmc ...; run mmcargs; bootm ${kloadaddr}; 
mmcdev=0
nandargs=run bootargs_defaults; setenv bootargs ${bootargs} root=/dev/mtdblock4 rw rootfstype=jffs2
nandboot=echo Booting from nand ...; run nandargs; nand read ${kloadaddr} 280000 400000; bootm ${kloadaddr}; 
netmask=255.255.255.0
nfs_root_path=10.218.102.142:/home/tigt-0001/NFS_exports/am3517/autofs/ae0d8e03f9b2bf510b0c654ac60741c7
ramdisk_addr=0x8A080000
serverip=10.218.102.142
stderr=serial
stdin=serial
stdout=serial
Environment size: 1645/131068 bytes
AM3517_EVM # 
- 06:53:44 [INFO] Host: setenv bootargs ''${bootargs}' root=/dev/mmcblk0p2 rw rootfstype=ext3 rootwait '
- 06:53:44 [INFO] Target: 
setenv bootargs ''${bootargs}' root=/dev/mmcblk0p2 rw rootfstype=ext3 rootwait '
AM3517_EVM # 
- 06:53:44 [INFO] Host: printenv
- 06:53:45 [INFO] Target: 
printenv
autoload=no
baudrate=115200
bootargs=console=ttyO2,115200n8 debug ignore_loglevel earlyprintk root=/dev/mmcblk0p2 rootwait nohlt ip=dhcp root=/dev/mmcblk0p2 rw rootfstype=ext3 rootwait
bootargs_defaults=setenv bootargs console=${console} ${optargs}
bootcmd=
bootdelay=3
bootenv=uEnv.txt
bootfile=tigt-0001-desktop/2012-09-19t22-05-12-184/am3517-evm/70132be54a7f7fcf07b00ec4a126f0b2
bootscript=echo Running bootscript from mmc ...; source ${loadaddr}
console=ttyO2,115200n8
dieid#=5f5c00010000000001685a201600f025
dnsip=192.0.2.2
dnsip2=192.0.2.3
ethact=DaVinci-EMAC
ethaddr=40:98:4e:74:71:9d
fileaddr=82000000
filesize=46F84A
importbootenv=echo Importing environment from mmc ...; env import -t $loadaddr $filesize
ipaddr=10.218.102.219
kloadaddr=0x80007fc0
loadaddr=0x82000000
loadbootenv=fatload mmc ${mmc_dev} ${loadaddr} ${bootenv}
loadbootscript=fatload mmc ${mmcdev} ${loadaddr} boot.scr
loaduimage=fatload mmc ${mmcdev} ${kloadaddr} uImage
mmc_load_uimage=mmc rescan; fatload mmc 0 ${loadaddr} uImage
mmcargs=run bootargs_defaults; setenv bootargs ${bootargs} root=/dev/mmcblk0p2 rw rootfstype=ext3 rootwait
mmcboot=echo Booting from mmc ...; run mmcargs; bootm ${kloadaddr}; 
mmcdev=0
nandargs=run bootargs_defaults; setenv bootargs ${bootargs} root=/dev/mtdblock4 rw rootfstype=jffs2
nandboot=echo Booting from nand ...; run nandargs; nand read ${kloadaddr} 280000 400000; bootm ${kloadaddr}; 
netmask=255.255.255.0
nfs_root_path=10.218.102.142:/home/tigt-0001/NFS_exports/am3517/autofs/ae0d8e03f9b2bf510b0c654ac60741c7
ramdisk_addr=0x8A080000
serverip=10.218.102.142
stderr=serial
stdin=serial
stdout=serial
Environment size: 1693/131068 bytes
AM3517_EVM # 
- 06:53:45 [INFO] Host: setenv bootcmd ''${bootcmd}' if iminfo ${loadaddr}; then bootm ${loadaddr}  ; else bootz ${loadaddr}  ; bootm ${loadaddr}  ; fi'
- 06:53:45 [INFO] Target: 
setenv bootcmd ''${bootcmd}' if iminfo ${loadaddr}; then bootm ${loadaddr}  ; else bootz ${loadaddr}  ; bootm ${loadaddr}  ; fi'
AM3517_EVM # 
- 06:53:45 [INFO] Host: bdinfo
- 06:53:45 [INFO] Target: 
bdinfo
arch_number = 0x00000898
boot_params = 0x80000100
DRAM bank   = 0x00000000
-> start    = 0x80000000
-> size     = 0x10000000
DRAM bank   = 0x00000001
-> start    = 0x80000000
-> size     = 0x00000000
ethaddr     = 40:98:4e:74:71:9d
ip_addr     = 10.218.102.219
baudrate    = 115200 bps
TLB addr    = 0x8FFF0000
relocaddr   = 0x8FF71000
reloc off   = 0x0FE71000
irq_sp      = 0x8FF30F68
sp start    = 0x8FF30F58
FB base     = 0x00000000
AM3517_EVM # 
- 06:53:45 [INFO] Host: mmc rescan
- 06:53:45 [INFO] Target: 
mmc rescan
AM3517_EVM # 
- 06:53:45 [INFO] Host: fatwrite mmc ${mmcdev}:1 ${loadaddr} ws-calibrate.rules 4
- 06:53:45 [INFO] Target: 
fatwrite mmc ${mmcdev}:1 ${loadaddr} ws-calibrate.rules 4
Unknown command 'fatwrite' - try 'help'
AM3517_EVM # 
- 06:53:45 [INFO] Host: boot
- 06:54:34 [INFO] Target: 
boot
Unknown command 'iminfo' - try 'help'
Unknown command 'bootz' - try 'help'
## Booting kernel from Legacy Image at 82000000 ...
   Image Name:   Linux-3.19.0-rc7-next-20150203-0
   Image Type:   ARM Linux Kernel Image (uncompressed)
   Data Size:    4651018 Bytes = 4.4 MiB
   Load Address: 80800000
   Entry Point:  80800000
   Verifying Checksum ... OK
   Loading Kernel Image ... OK
Starting kernel ...
[    0.000000] Booting Linux on physical CPU 0x0
[    0.000000] Initializing cgroup subsys cpuset
[    0.000000] Initializing cgroup subsys cpu
[    0.000000] Initializing cgroup subsys cpuacct
[    0.000000] Linux version 3.19.0-rc7-next-20150203-00002-g037e6a2fa459 (nmenon@kahuna) (gcc version 4.6.3 (Ubuntu/Linaro 4.6.3-1ubuntu5) ) #1 SMP Tue Feb 3 05:45:08 CST 2015
[    0.000000] CPU: ARMv7 Processor [411fc087] revision 7 (ARMv7), cr=10c5387d
[    0.000000] CPU: PIPT / VIPT nonaliasing data cache, VIPT nonaliasing instruction cache
[    0.000000] Machine model: TI AM3517 EVM (AM3517/05 TMDSEVM3517)
[    0.000000] debug: ignoring loglevel setting.
[    0.000000] cma: Reserved 16 MiB at 0x8e800000
[    0.000000] Memory policy: Data cache writeback
[    0.000000] On node 0 totalpages: 65280
[    0.000000] free_area_init_node: node 0, pgdat c0936d00, node_mem_map cfcb1000
[    0.000000]   Normal zone: 576 pages used for memmap
[    0.000000]   Normal zone: 0 pages reserved
[    0.000000]   Normal zone: 65280 pages, LIFO batch:15
[    0.000000] CPU: All CPU(s) started in SVC mode.
[    0.000000] AM3517 ES1.1 (l2cache sgx neon )
[    0.000000] PERCPU: Embedded 12 pages/cpu @cfc47000 s18496 r8192 d22464 u49152
[    0.000000] pcpu-alloc: s18496 r8192 d22464 u49152 alloc=12*4096
[    0.000000] pcpu-alloc: [0] 0 
[    0.000000] Built 1 zonelists in Zone order, mobility grouping on.  Total pages: 64704
[    0.000000] Kernel command line: console=ttyO2,115200n8 debug ignore_loglevel earlyprintk root=/dev/mmcblk0p2 rootwait nohlt ip=dhcp root=/dev/mmcblk0p2 rw rootfstype=ext3 rootwait
[    0.000000] PID hash table entries: 1024 (order: 0, 4096 bytes)
[    0.000000] Dentry cache hash table entries: 32768 (order: 5, 131072 bytes)
[    0.000000] Inode-cache hash table entries: 16384 (order: 4, 65536 bytes)
[    0.000000] Memory: 224036K/261120K available (6119K kernel code, 604K rwdata, 2272K rodata, 428K init, 8220K bss, 20700K reserved, 16384K cma-reserved, 0K highmem)
[    0.000000] Virtual kernel memory layout:
[    0.000000]     vector  : 0xffff0000 - 0xffff1000   (   4 kB)
[    0.000000]     fixmap  : 0xffc00000 - 0xfff00000   (3072 kB)
[    0.000000]     vmalloc : 0xd0800000 - 0xff000000   ( 744 MB)
[    0.000000]     lowmem  : 0xc0000000 - 0xd0000000   ( 256 MB)
[    0.000000]     pkmap   : 0xbfe00000 - 0xc0000000   (   2 MB)
[    0.000000]     modules : 0xbf000000 - 0xbfe00000   (  14 MB)
[    0.000000]       .text : 0xc0008000 - 0xc083a0e8   (8393 kB)
[    0.000000]       .init : 0xc083b000 - 0xc08a6000   ( 428 kB)
[    0.000000]       .data : 0xc08a6000 - 0xc093d000   ( 604 kB)
[    0.000000]        .bss : 0xc093d000 - 0xc1144008   (8221 kB)
[    0.000000] Running RCU self tests
[    0.000000] Hierarchical RCU implementation.
[    0.000000] 	RCU lockdep checking is enabled.
[    0.000000] 	Additional per-CPU info printed with stalls.
[    0.000000] 	RCU restricting CPUs from NR_CPUS=2 to nr_cpu_ids=1.
[    0.000000] RCU: Adjusting geometry for rcu_fanout_leaf=16, nr_cpu_ids=1
[    0.000000] NR_IRQS:16 nr_irqs:16 16
[    0.000000] IRQ: Found an INTC at 0xfa200000 (revision 4.0) with 96 interrupts
[    0.000000] Clocking rate (Crystal/Core/MPU): 26.0/332/600 MHz
[    0.000000] ------------[ cut here ]------------
[    0.000000] WARNING: CPU: 0 PID: 0 at arch/arm/mach-omap2/dpll3xxx.c:436 omap3_noncore_dpll_enable+0xe4/0x10c()
[    0.000000] Modules linked in:
[    0.000000] CPU: 0 PID: 0 Comm: swapper/0 Not tainted 3.19.0-rc7-next-20150203-00002-g037e6a2fa459 #1
[    0.000000] Hardware name: Generic AM3517 (Flattened Device Tree)
[    0.000000] [<c0015474>] (unwind_backtrace) from [<c0011a84>] (show_stack+0x10/0x14)
[    0.000000] [<c0011a84>] (show_stack) from [<c05c5da0>] (dump_stack+0x78/0x94)
[    0.000000] [<c05c5da0>] (dump_stack) from [<c003e054>] (warn_slowpath_common+0x7c/0xb4)
[    0.000000] [<c003e054>] (warn_slowpath_common) from [<c003e0a8>] (warn_slowpath_null+0x1c/0x24)
[    0.000000] [<c003e0a8>] (warn_slowpath_null) from [<c003523c>] (omap3_noncore_dpll_enable+0xe4/0x10c)
[    0.000000] [<c003523c>] (omap3_noncore_dpll_enable) from [<c04b6f30>] (clk_core_enable+0x64/0x9c)
[    0.000000] [<c04b6f30>] (clk_core_enable) from [<c04b7990>] (clk_enable+0x20/0x34)
[    0.000000] [<c04b7990>] (clk_enable) from [<c084d564>] (omap3_clk_lock_dpll5+0x34/0xb4)
[    0.000000] [<c084d564>] (omap3_clk_lock_dpll5) from [<c088150c>] (omap3xxx_dt_clk_init+0x174/0x1b8)
[    0.000000] [<c088150c>] (omap3xxx_dt_clk_init) from [<c08454f0>] (omap_clk_init+0x4c/0x60)
[    0.000000] [<c08454f0>] (omap_clk_init) from [<c0847434>] (omap3_gptimer_timer_init+0x8/0x3c)
[    0.000000] [<c0847434>] (omap3_gptimer_timer_init) from [<c083f6ac>] (time_init+0x1c/0x30)
[    0.000000] [<c083f6ac>] (time_init) from [<c083bad0>] (start_kernel+0x248/0x3fc)
[    0.000000] [<c083bad0>] (start_kernel) from [<80008074>] (0x80008074)
[    0.000000] ---[ end trace cb88537fdc8fa200 ]---
[    0.000000] ------------[ cut here ]------------
[    0.000000] WARNING: CPU: 0 PID: 0 at arch/arm/mach-omap2/dpll3xxx.c:436 omap3_noncore_dpll_enable+0xe4/0x10c()
[    0.000000] Modules linked in:
[    0.000000] CPU: 0 PID: 0 Comm: swapper/0 Tainted: G        W       3.19.0-rc7-next-20150203-00002-g037e6a2fa459 #1
[    0.000000] Hardware name: Generic AM3517 (Flattened Device Tree)
[    0.000000] [<c0015474>] (unwind_backtrace) from [<c0011a84>] (show_stack+0x10/0x14)
[    0.000000] [<c0011a84>] (show_stack) from [<c05c5da0>] (dump_stack+0x78/0x94)
[    0.000000] [<c05c5da0>] (dump_stack) from [<c003e054>] (warn_slowpath_common+0x7c/0xb4)
[    0.000000] [<c003e054>] (warn_slowpath_common) from [<c003e0a8>] (warn_slowpath_null+0x1c/0x24)
[    0.000000] [<c003e0a8>] (warn_slowpath_null) from [<c003523c>] (omap3_noncore_dpll_enable+0xe4/0x10c)
[    0.000000] [<c003523c>] (omap3_noncore_dpll_enable) from [<c04b6f30>] (clk_core_enable+0x64/0x9c)
[    0.000000] [<c04b6f30>] (clk_core_enable) from [<c04b6f10>] (clk_core_enable+0x44/0x9c)
[    0.000000] ---[ end trace cb88537fdc8fa201 ]---
[    0.000000] OMAP clockevent source: timer2 at 13000000 Hz
[    0.000031] sched_clock: 32 bits at 13MHz, resolution 76ns, wraps every 330382100403ns
[    0.000138] OMAP clocksource: timer1 at 13000000 Hz
[    0.001606] Console: colour dummy device 80x30
[    0.001696] Lock dependency validator: Copyright (c) 2006 Red Hat, Inc., Ingo Molnar
[    0.001713] ... MAX_LOCKDEP_SUBCLASSES:  8
[    0.001728] ... MAX_LOCK_DEPTH:          48
[    0.001742] ... MAX_LOCKDEP_KEYS:        8191
[    0.001757] ... CLASSHASH_SIZE:          4096
[    0.001771] ... MAX_LOCKDEP_ENTRIES:     32768
[    0.001785] ... MAX_LOCKDEP_CHAINS:      65536
[    0.001800] ... CHAINHASH_SIZE:          32768
[    0.001814]  memory used by lock dependency info: 5167 kB
[    0.001829]  per task-struct memory footprint: 1152 bytes
[    0.001875] Calibrating delay loop... 597.60 BogoMIPS (lpj=2988032)
[    0.106078] pid_max: default: 32768 minimum: 301
[    0.106688] Security Framework initialized
[    0.106957] Mount-cache hash table entries: 1024 (order: 0, 4096 bytes)
[    0.106986] Mountpoint-cache hash table entries: 1024 (order: 0, 4096 bytes)
[    0.111906] Initializing cgroup subsys blkio
[    0.111979] Initializing cgroup subsys memory
[    0.112126] Initializing cgroup subsys devices
[    0.112271] Initializing cgroup subsys freezer
[    0.112489] Initializing cgroup subsys perf_event
[    0.112625] CPU: Testing write buffer coherency: ok
[    0.114842] CPU0: thread -1, cpu 0, socket -1, mpidr 0
[    0.115046] Setting up static identity map for 0x805ce808 - 0x805ce878
[    0.121699] Brought up 1 CPUs
[    0.121734] SMP: Total of 1 processors activated (597.60 BogoMIPS).
[    0.121753] CPU: All CPU(s) started in SVC mode.
[    0.127431] devtmpfs: initialized
[    0.142104] VFP support v0.3: implementor 41 architecture 3 part 30 variant c rev 1
[    0.214598] omap_hwmod: mcbsp2_sidetone using broken dt data from mcbsp
[    0.216776] omap_hwmod: mcbsp3_sidetone using broken dt data from mcbsp
[    0.261293] ------------[ cut here ]------------
[    0.261367] WARNING: CPU: 0 PID: 1 at arch/arm/mach-omap2/dpll3xxx.c:436 omap3_noncore_dpll_enable+0xe4/0x10c()
[    0.261386] Modules linked in:
[    0.261424] CPU: 0 PID: 1 Comm: swapper/0 Tainted: G        W       3.19.0-rc7-next-20150203-00002-g037e6a2fa459 #1
[    0.261441] Hardware name: Generic AM3517 (Flattened Device Tree)
[    0.261504] [<c0015474>] (unwind_backtrace) from [<c0011a84>] (show_stack+0x10/0x14)
[    0.261545] [<c0011a84>] (show_stack) from [<c05c5da0>] (dump_stack+0x78/0x94)
[    0.261590] [<c05c5da0>] (dump_stack) from [<c003e054>] (warn_slowpath_common+0x7c/0xb4)
[    0.261624] [<c003e054>] (warn_slowpath_common) from [<c003e0a8>] (warn_slowpath_null+0x1c/0x24)
[    0.261653] [<c003e0a8>] (warn_slowpath_null) from [<c003523c>] (omap3_noncore_dpll_enable+0xe4/0x10c)
[    0.261700] [<c003523c>] (omap3_noncore_dpll_enable) from [<c04b6f30>] (clk_core_enable+0x64/0x9c)
[    0.261731] [<c04b6f30>] (clk_core_enable) from [<c04b6f10>] (clk_core_enable+0x44/0x9c)
[    0.261752] ---[ end trace cb88537fdc8fa202 ]---
[    0.261846] ------------[ cut here ]------------
[    0.261876] WARNING: CPU: 0 PID: 1 at arch/arm/mach-omap2/dpll3xxx.c:436 omap3_noncore_dpll_enable+0xe4/0x10c()
[    0.261892] Modules linked in:
[    0.261920] CPU: 0 PID: 1 Comm: swapper/0 Tainted: G        W       3.19.0-rc7-next-20150203-00002-g037e6a2fa459 #1
[    0.261937] Hardware name: Generic AM3517 (Flattened Device Tree)
[    0.261971] [<c0015474>] (unwind_backtrace) from [<c0011a84>] (show_stack+0x10/0x14)
[    0.262001] [<c0011a84>] (show_stack) from [<c05c5da0>] (dump_stack+0x78/0x94)
[    0.262033] [<c05c5da0>] (dump_stack) from [<c003e054>] (warn_slowpath_common+0x7c/0xb4)
[    0.262063] [<c003e054>] (warn_slowpath_common) from [<c003e0a8>] (warn_slowpath_null+0x1c/0x24)
[    0.262092] [<c003e0a8>] (warn_slowpath_null) from [<c003523c>] (omap3_noncore_dpll_enable+0xe4/0x10c)
[    0.262123] [<c003523c>] (omap3_noncore_dpll_enable) from [<c04b6f30>] (clk_core_enable+0x64/0x9c)
[    0.262153] [<c04b6f30>] (clk_core_enable) from [<c04b6f10>] (clk_core_enable+0x44/0x9c)
[    0.262171] ---[ end trace cb88537fdc8fa203 ]---
[    0.262280] ------------[ cut here ]------------
[    0.262309] WARNING: CPU: 0 PID: 1 at arch/arm/mach-omap2/dpll3xxx.c:436 omap3_noncore_dpll_enable+0xe4/0x10c()
[    0.262323] Modules linked in:
[    0.262349] CPU: 0 PID: 1 Comm: swapper/0 Tainted: G        W       3.19.0-rc7-next-20150203-00002-g037e6a2fa459 #1
[    0.262365] Hardware name: Generic AM3517 (Flattened Device Tree)
[    0.262397] [<c0015474>] (unwind_backtrace) from [<c0011a84>] (show_stack+0x10/0x14)
[    0.262426] [<c0011a84>] (show_stack) from [<c05c5da0>] (dump_stack+0x78/0x94)
[    0.262457] [<c05c5da0>] (dump_stack) from [<c003e054>] (warn_slowpath_common+0x7c/0xb4)
[    0.262488] [<c003e054>] (warn_slowpath_common) from [<c003e0a8>] (warn_slowpath_null+0x1c/0x24)
[    0.262517] [<c003e0a8>] (warn_slowpath_null) from [<c003523c>] (omap3_noncore_dpll_enable+0xe4/0x10c)
[    0.262547] [<c003523c>] (omap3_noncore_dpll_enable) from [<c04b6f30>] (clk_core_enable+0x64/0x9c)
[    0.262576] [<c04b6f30>] (clk_core_enable) from [<c04b6f10>] (clk_core_enable+0x44/0x9c)
[    0.262593] ---[ end trace cb88537fdc8fa204 ]---
[    0.262699] ------------[ cut here ]------------
[    0.262728] WARNING: CPU: 0 PID: 1 at arch/arm/mach-omap2/dpll3xxx.c:436 omap3_noncore_dpll_enable+0xe4/0x10c()
[    0.262743] Modules linked in:
[    0.262770] CPU: 0 PID: 1 Comm: swapper/0 Tainted: G        W       3.19.0-rc7-next-20150203-00002-g037e6a2fa459 #1
[    0.262786] Hardware name: Generic AM3517 (Flattened Device Tree)
[    0.262816] [<c0015474>] (unwind_backtrace) from [<c0011a84>] (show_stack+0x10/0x14)
[    0.262845] [<c0011a84>] (show_stack) from [<c05c5da0>] (dump_stack+0x78/0x94)
[    0.262874] [<c05c5da0>] (dump_stack) from [<c003e054>] (warn_slowpath_common+0x7c/0xb4)
[    0.262905] [<c003e054>] (warn_slowpath_common) from [<c003e0a8>] (warn_slowpath_null+0x1c/0x24)
[    0.262934] [<c003e0a8>] (warn_slowpath_null) from [<c003523c>] (omap3_noncore_dpll_enable+0xe4/0x10c)
[    0.262963] [<c003523c>] (omap3_noncore_dpll_enable) from [<c04b6f30>] (clk_core_enable+0x64/0x9c)
[    0.262992] [<c04b6f30>] (clk_core_enable) from [<c04b6f10>] (clk_core_enable+0x44/0x9c)
[    0.263010] ---[ end trace cb88537fdc8fa205 ]---
[    0.263112] ------------[ cut here ]------------
[    0.263140] WARNING: CPU: 0 PID: 1 at arch/arm/mach-omap2/dpll3xxx.c:436 omap3_noncore_dpll_enable+0xe4/0x10c()
[    0.263156] Modules linked in:
[    0.263181] CPU: 0 PID: 1 Comm: swapper/0 Tainted: G        W       3.19.0-rc7-next-20150203-00002-g037e6a2fa459 #1
[    0.263197] Hardware name: Generic AM3517 (Flattened Device Tree)
[    0.263227] [<c0015474>] (unwind_backtrace) from [<c0011a84>] (show_stack+0x10/0x14)
[    0.263256] [<c0011a84>] (show_stack) from [<c05c5da0>] (dump_stack+0x78/0x94)
[    0.263285] [<c05c5da0>] (dump_stack) from [<c003e054>] (warn_slowpath_common+0x7c/0xb4)
[    0.263316] [<c003e054>] (warn_slowpath_common) from [<c003e0a8>] (warn_slowpath_null+0x1c/0x24)
[    0.263345] [<c003e0a8>] (warn_slowpath_null) from [<c003523c>] (omap3_noncore_dpll_enable+0xe4/0x10c)
[    0.263374] [<c003523c>] (omap3_noncore_dpll_enable) from [<c04b6f30>] (clk_core_enable+0x64/0x9c)
[    0.263403] [<c04b6f30>] (clk_core_enable) from [<c04b6f10>] (clk_core_enable+0x44/0x9c)
[    0.263421] ---[ end trace cb88537fdc8fa206 ]---
[    0.263526] ------------[ cut here ]------------
[    0.263553] WARNING: CPU: 0 PID: 1 at arch/arm/mach-omap2/dpll3xxx.c:436 omap3_noncore_dpll_enable+0xe4/0x10c()
[    0.263568] Modules linked in:
[    0.263594] CPU: 0 PID: 1 Comm: swapper/0 Tainted: G        W       3.19.0-rc7-next-20150203-00002-g037e6a2fa459 #1
[    0.263610] Hardware name: Generic AM3517 (Flattened Device Tree)
[    0.263641] [<c0015474>] (unwind_backtrace) from [<c0011a84>] (show_stack+0x10/0x14)
[    0.263670] [<c0011a84>] (show_stack) from [<c05c5da0>] (dump_stack+0x78/0x94)
[    0.263700] [<c05c5da0>] (dump_stack) from [<c003e054>] (warn_slowpath_common+0x7c/0xb4)
[    0.263730] [<c003e054>] (warn_slowpath_common) from [<c003e0a8>] (warn_slowpath_null+0x1c/0x24)
[    0.263759] [<c003e0a8>] (warn_slowpath_null) from [<c003523c>] (omap3_noncore_dpll_enable+0xe4/0x10c)
[    0.263788] [<c003523c>] (omap3_noncore_dpll_enable) from [<c04b6f30>] (clk_core_enable+0x64/0x9c)
[    0.263817] [<c04b6f30>] (clk_core_enable) from [<c04b6f10>] (clk_core_enable+0x44/0x9c)
[    0.263836] ---[ end trace cb88537fdc8fa207 ]---
[    0.277754] ------------[ cut here ]------------
[    0.277789] WARNING: CPU: 0 PID: 1 at arch/arm/mach-omap2/dpll3xxx.c:436 omap3_noncore_dpll_enable+0xe4/0x10c()
[    0.277805] Modules linked in:
[    0.277832] CPU: 0 PID: 1 Comm: swapper/0 Tainted: G        W       3.19.0-rc7-next-20150203-00002-g037e6a2fa459 #1
[    0.277848] Hardware name: Generic AM3517 (Flattened Device Tree)
[    0.277882] [<c0015474>] (unwind_backtrace) from [<c0011a84>] (show_stack+0x10/0x14)
[    0.277911] [<c0011a84>] (show_stack) from [<c05c5da0>] (dump_stack+0x78/0x94)
[    0.277942] [<c05c5da0>] (dump_stack) from [<c003e054>] (warn_slowpath_common+0x7c/0xb4)
[    0.277973] [<c003e054>] (warn_slowpath_common) from [<c003e0a8>] (warn_slowpath_null+0x1c/0x24)
[    0.278002] [<c003e0a8>] (warn_slowpath_null) from [<c003523c>] (omap3_noncore_dpll_enable+0xe4/0x10c)
[    0.278032] [<c003523c>] (omap3_noncore_dpll_enable) from [<c04b6f30>] (clk_core_enable+0x64/0x9c)
[    0.278061] [<c04b6f30>] (clk_core_enable) from [<c04b6f10>] (clk_core_enable+0x44/0x9c)
[    0.278079] ---[ end trace cb88537fdc8fa208 ]---
[    0.293340] ------------[ cut here ]------------
[    0.293374] WARNING: CPU: 0 PID: 1 at arch/arm/mach-omap2/dpll3xxx.c:436 omap3_noncore_dpll_enable+0xe4/0x10c()
[    0.293390] Modules linked in:
[    0.293417] CPU: 0 PID: 1 Comm: swapper/0 Tainted: G        W       3.19.0-rc7-next-20150203-00002-g037e6a2fa459 #1
[    0.293434] Hardware name: Generic AM3517 (Flattened Device Tree)
[    0.293468] [<c0015474>] (unwind_backtrace) from [<c0011a84>] (show_stack+0x10/0x14)
[    0.293498] [<c0011a84>] (show_stack) from [<c05c5da0>] (dump_stack+0x78/0x94)
[    0.293528] [<c05c5da0>] (dump_stack) from [<c003e054>] (warn_slowpath_common+0x7c/0xb4)
[    0.293559] [<c003e054>] (warn_slowpath_common) from [<c003e0a8>] (warn_slowpath_null+0x1c/0x24)
[    0.293587] [<c003e0a8>] (warn_slowpath_null) from [<c003523c>] (omap3_noncore_dpll_enable+0xe4/0x10c)
[    0.293619] [<c003523c>] (omap3_noncore_dpll_enable) from [<c04b6f30>] (clk_core_enable+0x64/0x9c)
[    0.293649] [<c04b6f30>] (clk_core_enable) from [<c04b6f10>] (clk_core_enable+0x44/0x9c)
[    0.293667] ---[ end trace cb88537fdc8fa209 ]---
[    0.293769] ------------[ cut here ]------------
[    0.293796] WARNING: CPU: 0 PID: 1 at arch/arm/mach-omap2/dpll3xxx.c:436 omap3_noncore_dpll_enable+0xe4/0x10c()
[    0.293811] Modules linked in:
[    0.293837] CPU: 0 PID: 1 Comm: swapper/0 Tainted: G        W       3.19.0-rc7-next-20150203-00002-g037e6a2fa459 #1
[    0.293853] Hardware name: Generic AM3517 (Flattened Device Tree)
[    0.293884] [<c0015474>] (unwind_backtrace) from [<c0011a84>] (show_stack+0x10/0x14)
[    0.293913] [<c0011a84>] (show_stack) from [<c05c5da0>] (dump_stack+0x78/0x94)
[    0.293943] [<c05c5da0>] (dump_stack) from [<c003e054>] (warn_slowpath_common+0x7c/0xb4)
[    0.293974] [<c003e054>] (warn_slowpath_common) from [<c003e0a8>] (warn_slowpath_null+0x1c/0x24)
[    0.294003] [<c003e0a8>] (warn_slowpath_null) from [<c003523c>] (omap3_noncore_dpll_enable+0xe4/0x10c)
[    0.294033] [<c003523c>] (omap3_noncore_dpll_enable) from [<c04b6f30>] (clk_core_enable+0x64/0x9c)
[    0.294062] [<c04b6f30>] (clk_core_enable) from [<c04b6f10>] (clk_core_enable+0x44/0x9c)
[    0.294079] ---[ end trace cb88537fdc8fa20a ]---
[    0.294175] ------------[ cut here ]------------
[    0.294203] WARNING: CPU: 0 PID: 1 at arch/arm/mach-omap2/dpll3xxx.c:436 omap3_noncore_dpll_enable+0xe4/0x10c()
[    0.294219] Modules linked in:
[    0.294244] CPU: 0 PID: 1 Comm: swapper/0 Tainted: G        W       3.19.0-rc7-next-20150203-00002-g037e6a2fa459 #1
[    0.294260] Hardware name: Generic AM3517 (Flattened Device Tree)
[    0.294290] [<c0015474>] (unwind_backtrace) from [<c0011a84>] (show_stack+0x10/0x14)
[    0.294318] [<c0011a84>] (show_stack) from [<c05c5da0>] (dump_stack+0x78/0x94)
[    0.294348] [<c05c5da0>] (dump_stack) from [<c003e054>] (warn_slowpath_common+0x7c/0xb4)
[    0.294379] [<c003e054>] (warn_slowpath_common) from [<c003e0a8>] (warn_slowpath_null+0x1c/0x24)
[    0.294407] [<c003e0a8>] (warn_slowpath_null) from [<c003523c>] (omap3_noncore_dpll_enable+0xe4/0x10c)
[    0.294437] [<c003523c>] (omap3_noncore_dpll_enable) from [<c04b6f30>] (clk_core_enable+0x64/0x9c)
[    0.294466] [<c04b6f30>] (clk_core_enable) from [<c04b6f10>] (clk_core_enable+0x44/0x9c)
[    0.294483] ---[ end trace cb88537fdc8fa20b ]---
[    0.294577] ------------[ cut here ]------------
[    0.294605] WARNING: CPU: 0 PID: 1 at arch/arm/mach-omap2/dpll3xxx.c:436 omap3_noncore_dpll_enable+0xe4/0x10c()
[    0.294620] Modules linked in:
[    0.294645] CPU: 0 PID: 1 Comm: swapper/0 Tainted: G        W       3.19.0-rc7-next-20150203-00002-g037e6a2fa459 #1
[    0.294661] Hardware name: Generic AM3517 (Flattened Device Tree)
[    0.294692] [<c0015474>] (unwind_backtrace) from [<c0011a84>] (show_stack+0x10/0x14)
[    0.294720] [<c0011a84>] (show_stack) from [<c05c5da0>] (dump_stack+0x78/0x94)
[    0.294750] [<c05c5da0>] (dump_stack) from [<c003e054>] (warn_slowpath_common+0x7c/0xb4)
[    0.294780] [<c003e054>] (warn_slowpath_common) from [<c003e0a8>] (warn_slowpath_null+0x1c/0x24)
[    0.294809] [<c003e0a8>] (warn_slowpath_null) from [<c003523c>] (omap3_noncore_dpll_enable+0xe4/0x10c)
[    0.294838] [<c003523c>] (omap3_noncore_dpll_enable) from [<c04b6f30>] (clk_core_enable+0x64/0x9c)
[    0.294867] [<c04b6f30>] (clk_core_enable) from [<c04b6f10>] (clk_core_enable+0x44/0x9c)
[    0.294885] ---[ end trace cb88537fdc8fa20c ]---
[    0.294982] ------------[ cut here ]------------
[    0.295009] WARNING: CPU: 0 PID: 1 at arch/arm/mach-omap2/dpll3xxx.c:436 omap3_noncore_dpll_enable+0xe4/0x10c()
[    0.295024] Modules linked in:
[    0.295050] CPU: 0 PID: 1 Comm: swapper/0 Tainted: G        W       3.19.0-rc7-next-20150203-00002-g037e6a2fa459 #1
[    0.295066] Hardware name: Generic AM3517 (Flattened Device Tree)
[    0.295097] [<c0015474>] (unwind_backtrace) from [<c0011a84>] (show_stack+0x10/0x14)
[    0.295126] [<c0011a84>] (show_stack) from [<c05c5da0>] (dump_stack+0x78/0x94)
[    0.295156] [<c05c5da0>] (dump_stack) from [<c003e054>] (warn_slowpath_common+0x7c/0xb4)
[    0.295187] [<c003e054>] (warn_slowpath_common) from [<c003e0a8>] (warn_slowpath_null+0x1c/0x24)
[    0.295215] [<c003e0a8>] (warn_slowpath_null) from [<c003523c>] (omap3_noncore_dpll_enable+0xe4/0x10c)
[    0.295245] [<c003523c>] (omap3_noncore_dpll_enable) from [<c04b6f30>] (clk_core_enable+0x64/0x9c)
[    0.295274] [<c04b6f30>] (clk_core_enable) from [<c04b6f10>] (clk_core_enable+0x44/0x9c)
[    0.295292] ---[ end trace cb88537fdc8fa20d ]---
[    0.295383] ------------[ cut here ]------------
[    0.295411] WARNING: CPU: 0 PID: 1 at arch/arm/mach-omap2/dpll3xxx.c:436 omap3_noncore_dpll_enable+0xe4/0x10c()
[    0.295426] Modules linked in:
[    0.295452] CPU: 0 PID: 1 Comm: swapper/0 Tainted: G        W       3.19.0-rc7-next-20150203-00002-g037e6a2fa459 #1
[    0.295468] Hardware name: Generic AM3517 (Flattened Device Tree)
[    0.295499] [<c0015474>] (unwind_backtrace) from [<c0011a84>] (show_stack+0x10/0x14)
[    0.295528] [<c0011a84>] (show_stack) from [<c05c5da0>] (dump_stack+0x78/0x94)
[    0.295557] [<c05c5da0>] (dump_stack) from [<c003e054>] (warn_slowpath_common+0x7c/0xb4)
[    0.295588] [<c003e054>] (warn_slowpath_common) from [<c003e0a8>] (warn_slowpath_null+0x1c/0x24)
[    0.295617] [<c003e0a8>] (warn_slowpath_null) from [<c003523c>] (omap3_noncore_dpll_enable+0xe4/0x10c)
[    0.295646] [<c003523c>] (omap3_noncore_dpll_enable) from [<c04b6f30>] (clk_core_enable+0x64/0x9c)
[    0.295675] [<c04b6f30>] (clk_core_enable) from [<c04b6f10>] (clk_core_enable+0x44/0x9c)
[    0.295693] ---[ end trace cb88537fdc8fa20e ]---
[    0.295781] ------------[ cut here ]------------
[    0.295809] WARNING: CPU: 0 PID: 1 at arch/arm/mach-omap2/dpll3xxx.c:436 omap3_noncore_dpll_enable+0xe4/0x10c()
[    0.295824] Modules linked in:
[    0.295849] CPU: 0 PID: 1 Comm: swapper/0 Tainted: G        W       3.19.0-rc7-next-20150203-00002-g037e6a2fa459 #1
[    0.295865] Hardware name: Generic AM3517 (Flattened Device Tree)
[    0.295895] [<c0015474>] (unwind_backtrace) from [<c0011a84>] (show_stack+0x10/0x14)
[    0.295925] [<c0011a84>] (show_stack) from [<c05c5da0>] (dump_stack+0x78/0x94)
[    0.295954] [<c05c5da0>] (dump_stack) from [<c003e054>] (warn_slowpath_common+0x7c/0xb4)
[    0.295985] [<c003e054>] (warn_slowpath_common) from [<c003e0a8>] (warn_slowpath_null+0x1c/0x24)
[    0.296014] [<c003e0a8>] (warn_slowpath_null) from [<c003523c>] (omap3_noncore_dpll_enable+0xe4/0x10c)
[    0.296044] [<c003523c>] (omap3_noncore_dpll_enable) from [<c04b6f30>] (clk_core_enable+0x64/0x9c)
[    0.296073] [<c04b6f30>] (clk_core_enable) from [<c04b6f10>] (clk_core_enable+0x44/0x9c)
[    0.296091] ---[ end trace cb88537fdc8fa20f ]---
[    0.296273] ------------[ cut here ]------------
[    0.296305] WARNING: CPU: 0 PID: 1 at arch/arm/mach-omap2/dpll3xxx.c:436 omap3_noncore_dpll_enable+0xe4/0x10c()
[    0.296321] Modules linked in:
[    0.296347] CPU: 0 PID: 1 Comm: swapper/0 Tainted: G        W       3.19.0-rc7-next-20150203-00002-g037e6a2fa459 #1
[    0.296363] Hardware name: Generic AM3517 (Flattened Device Tree)
[    0.296397] [<c0015474>] (unwind_backtrace) from [<c0011a84>] (show_stack+0x10/0x14)
[    0.296426] [<c0011a84>] (show_stack) from [<c05c5da0>] (dump_stack+0x78/0x94)
[    0.296457] [<c05c5da0>] (dump_stack) from [<c003e054>] (warn_slowpath_common+0x7c/0xb4)
[    0.296488] [<c003e054>] (warn_slowpath_common) from [<c003e0a8>] (warn_slowpath_null+0x1c/0x24)
[    0.296516] [<c003e0a8>] (warn_slowpath_null) from [<c003523c>] (omap3_noncore_dpll_enable+0xe4/0x10c)
[    0.296547] [<c003523c>] (omap3_noncore_dpll_enable) from [<c04b6f30>] (clk_core_enable+0x64/0x9c)
[    0.296576] [<c04b6f30>] (clk_core_enable) from [<c04b6f10>] (clk_core_enable+0x44/0x9c)
[    0.296594] ---[ end trace cb88537fdc8fa210 ]---
[    0.296699] ------------[ cut here ]------------
[    0.296727] WARNING: CPU: 0 PID: 1 at arch/arm/mach-omap2/dpll3xxx.c:436 omap3_noncore_dpll_enable+0xe4/0x10c()
[    0.296743] Modules linked in:
[    0.296768] CPU: 0 PID: 1 Comm: swapper/0 Tainted: G        W       3.19.0-rc7-next-20150203-00002-g037e6a2fa459 #1
[    0.296785] Hardware name: Generic AM3517 (Flattened Device Tree)
[    0.296816] [<c0015474>] (unwind_backtrace) from [<c0011a84>] (show_stack+0x10/0x14)
[    0.296845] [<c0011a84>] (show_stack) from [<c05c5da0>] (dump_stack+0x78/0x94)
[    0.296874] [<c05c5da0>] (dump_stack) from [<c003e054>] (warn_slowpath_common+0x7c/0xb4)
[    0.296905] [<c003e054>] (warn_slowpath_common) from [<c003e0a8>] (warn_slowpath_null+0x1c/0x24)
[    0.296934] [<c003e0a8>] (warn_slowpath_null) from [<c003523c>] (omap3_noncore_dpll_enable+0xe4/0x10c)
[    0.296964] [<c003523c>] (omap3_noncore_dpll_enable) from [<c04b6f30>] (clk_core_enable+0x64/0x9c)
[    0.296993] [<c04b6f30>] (clk_core_enable) from [<c04b6f10>] (clk_core_enable+0x44/0x9c)
[    0.297011] ---[ end trace cb88537fdc8fa211 ]---
[    0.297113] ------------[ cut here ]------------
[    0.297141] WARNING: CPU: 0 PID: 1 at arch/arm/mach-omap2/dpll3xxx.c:436 omap3_noncore_dpll_enable+0xe4/0x10c()
[    0.297156] Modules linked in:
[    0.297181] CPU: 0 PID: 1 Comm: swapper/0 Tainted: G        W       3.19.0-rc7-next-20150203-00002-g037e6a2fa459 #1
[    0.297197] Hardware name: Generic AM3517 (Flattened Device Tree)
[    0.297228] [<c0015474>] (unwind_backtrace) from [<c0011a84>] (show_stack+0x10/0x14)
[    0.297257] [<c0011a84>] (show_stack) from [<c05c5da0>] (dump_stack+0x78/0x94)
[    0.297287] [<c05c5da0>] (dump_stack) from [<c003e054>] (warn_slowpath_common+0x7c/0xb4)
[    0.297318] [<c003e054>] (warn_slowpath_common) from [<c003e0a8>] (warn_slowpath_null+0x1c/0x24)
[    0.297347] [<c003e0a8>] (warn_slowpath_null) from [<c003523c>] (omap3_noncore_dpll_enable+0xe4/0x10c)
[    0.297376] [<c003523c>] (omap3_noncore_dpll_enable) from [<c04b6f30>] (clk_core_enable+0x64/0x9c)
[    0.297405] [<c04b6f30>] (clk_core_enable) from [<c04b6f10>] (clk_core_enable+0x44/0x9c)
[    0.297422] ---[ end trace cb88537fdc8fa212 ]---
[    0.297525] ------------[ cut here ]------------
[    0.297553] WARNING: CPU: 0 PID: 1 at arch/arm/mach-omap2/dpll3xxx.c:436 omap3_noncore_dpll_enable+0xe4/0x10c()
[    0.297568] Modules linked in:
[    0.297593] CPU: 0 PID: 1 Comm: swapper/0 Tainted: G        W       3.19.0-rc7-next-20150203-00002-g037e6a2fa459 #1
[    0.297609] Hardware name: Generic AM3517 (Flattened Device Tree)
[    0.297640] [<c0015474>] (unwind_backtrace) from [<c0011a84>] (show_stack+0x10/0x14)
[    0.297669] [<c0011a84>] (show_stack) from [<c05c5da0>] (dump_stack+0x78/0x94)
[    0.297699] [<c05c5da0>] (dump_stack) from [<c003e054>] (warn_slowpath_common+0x7c/0xb4)
[    0.297729] [<c003e054>] (warn_slowpath_common) from [<c003e0a8>] (warn_slowpath_null+0x1c/0x24)
[    0.297758] [<c003e0a8>] (warn_slowpath_null) from [<c003523c>] (omap3_noncore_dpll_enable+0xe4/0x10c)
[    0.297787] [<c003523c>] (omap3_noncore_dpll_enable) from [<c04b6f30>] (clk_core_enable+0x64/0x9c)
[    0.297816] [<c04b6f30>] (clk_core_enable) from [<c04b6f10>] (clk_core_enable+0x44/0x9c)
[    0.297834] ---[ end trace cb88537fdc8fa213 ]---
[    0.297968] ------------[ cut here ]------------
[    0.297996] WARNING: CPU: 0 PID: 1 at arch/arm/mach-omap2/dpll3xxx.c:436 omap3_noncore_dpll_enable+0xe4/0x10c()
[    0.298011] Modules linked in:
[    0.298037] CPU: 0 PID: 1 Comm: swapper/0 Tainted: G        W       3.19.0-rc7-next-20150203-00002-g037e6a2fa459 #1
[    0.298053] Hardware name: Generic AM3517 (Flattened Device Tree)
[    0.298086] [<c0015474>] (unwind_backtrace) from [<c0011a84>] (show_stack+0x10/0x14)
[    0.298114] [<c0011a84>] (show_stack) from [<c05c5da0>] (dump_stack+0x78/0x94)
[    0.298144] [<c05c5da0>] (dump_stack) from [<c003e054>] (warn_slowpath_common+0x7c/0xb4)
[    0.298174] [<c003e054>] (warn_slowpath_common) from [<c003e0a8>] (warn_slowpath_null+0x1c/0x24)
[    0.298203] [<c003e0a8>] (warn_slowpath_null) from [<c003523c>] (omap3_noncore_dpll_enable+0xe4/0x10c)
[    0.298232] [<c003523c>] (omap3_noncore_dpll_enable) from [<c04b6f30>] (clk_core_enable+0x64/0x9c)
[    0.298261] [<c04b6f30>] (clk_core_enable) from [<c04b6f10>] (clk_core_enable+0x44/0x9c)
[    0.298279] ---[ end trace cb88537fdc8fa214 ]---
[    0.298543] ------------[ cut here ]------------
[    0.298574] WARNING: CPU: 0 PID: 1 at arch/arm/mach-omap2/dpll3xxx.c:436 omap3_noncore_dpll_enable+0xe4/0x10c()
[    0.298589] Modules linked in:
[    0.298615] CPU: 0 PID: 1 Comm: swapper/0 Tainted: G        W       3.19.0-rc7-next-20150203-00002-g037e6a2fa459 #1
[    0.298631] Hardware name: Generic AM3517 (Flattened Device Tree)
[    0.298662] [<c0015474>] (unwind_backtrace) from [<c0011a84>] (show_stack+0x10/0x14)
[    0.298692] [<c0011a84>] (show_stack) from [<c05c5da0>] (dump_stack+0x78/0x94)
[    0.298722] [<c05c5da0>] (dump_stack) from [<c003e054>] (warn_slowpath_common+0x7c/0xb4)
[    0.298752] [<c003e054>] (warn_slowpath_common) from [<c003e0a8>] (warn_slowpath_null+0x1c/0x24)
[    0.298781] [<c003e0a8>] (warn_slowpath_null) from [<c003523c>] (omap3_noncore_dpll_enable+0xe4/0x10c)
[    0.298811] [<c003523c>] (omap3_noncore_dpll_enable) from [<c04b6f30>] (clk_core_enable+0x64/0x9c)
[    0.298841] [<c04b6f30>] (clk_core_enable) from [<c04b6f10>] (clk_core_enable+0x44/0x9c)
[    0.298858] ---[ end trace cb88537fdc8fa215 ]---
[    0.298992] ------------[ cut here ]------------
[    0.299019] WARNING: CPU: 0 PID: 1 at arch/arm/mach-omap2/dpll3xxx.c:436 omap3_noncore_dpll_enable+0xe4/0x10c()
[    0.299035] Modules linked in:
[    0.299061] CPU: 0 PID: 1 Comm: swapper/0 Tainted: G        W       3.19.0-rc7-next-20150203-00002-g037e6a2fa459 #1
[    0.299077] Hardware name: Generic AM3517 (Flattened Device Tree)
[    0.299108] [<c0015474>] (unwind_backtrace) from [<c0011a84>] (show_stack+0x10/0x14)
[    0.299137] [<c0011a84>] (show_stack) from [<c05c5da0>] (dump_stack+0x78/0x94)
[    0.299167] [<c05c5da0>] (dump_stack) from [<c003e054>] (warn_slowpath_common+0x7c/0xb4)
[    0.299198] [<c003e054>] (warn_slowpath_common) from [<c003e0a8>] (warn_slowpath_null+0x1c/0x24)
[    0.299227] [<c003e0a8>] (warn_slowpath_null) from [<c003523c>] (omap3_noncore_dpll_enable+0xe4/0x10c)
[    0.299257] [<c003523c>] (omap3_noncore_dpll_enable) from [<c04b6f30>] (clk_core_enable+0x64/0x9c)
[    0.299286] [<c04b6f30>] (clk_core_enable) from [<c04b6f10>] (clk_core_enable+0x44/0x9c)
[    0.299304] ---[ end trace cb88537fdc8fa216 ]---
[    0.299407] ------------[ cut here ]------------
[    0.299434] WARNING: CPU: 0 PID: 1 at arch/arm/mach-omap2/dpll3xxx.c:436 omap3_noncore_dpll_enable+0xe4/0x10c()
[    0.299450] Modules linked in:
[    0.299475] CPU: 0 PID: 1 Comm: swapper/0 Tainted: G        W       3.19.0-rc7-next-20150203-00002-g037e6a2fa459 #1
[    0.299491] Hardware name: Generic AM3517 (Flattened Device Tree)
[    0.299523] [<c0015474>] (unwind_backtrace) from [<c0011a84>] (show_stack+0x10/0x14)
[    0.299552] [<c0011a84>] (show_stack) from [<c05c5da0>] (dump_stack+0x78/0x94)
[    0.299582] [<c05c5da0>] (dump_stack) from [<c003e054>] (warn_slowpath_common+0x7c/0xb4)
[    0.299613] [<c003e054>] (warn_slowpath_common) from [<c003e0a8>] (warn_slowpath_null+0x1c/0x24)
[    0.299642] [<c003e0a8>] (warn_slowpath_null) from [<c003523c>] (omap3_noncore_dpll_enable+0xe4/0x10c)
[    0.299671] [<c003523c>] (omap3_noncore_dpll_enable) from [<c04b6f30>] (clk_core_enable+0x64/0x9c)
[    0.299700] [<c04b6f30>] (clk_core_enable) from [<c04b6f10>] (clk_core_enable+0x44/0x9c)
[    0.299718] ---[ end trace cb88537fdc8fa217 ]---
[    0.299816] ------------[ cut here ]------------
[    0.299844] WARNING: CPU: 0 PID: 1 at arch/arm/mach-omap2/dpll3xxx.c:436 omap3_noncore_dpll_enable+0xe4/0x10c()
[    0.299858] Modules linked in:
[    0.299884] CPU: 0 PID: 1 Comm: swapper/0 Tainted: G        W       3.19.0-rc7-next-20150203-00002-g037e6a2fa459 #1
[    0.299900] Hardware name: Generic AM3517 (Flattened Device Tree)
[    0.299930] [<c0015474>] (unwind_backtrace) from [<c0011a84>] (show_stack+0x10/0x14)
[    0.299959] [<c0011a84>] (show_stack) from [<c05c5da0>] (dump_stack+0x78/0x94)
[    0.299989] [<c05c5da0>] (dump_stack) from [<c003e054>] (warn_slowpath_common+0x7c/0xb4)
[    0.300020] [<c003e054>] (warn_slowpath_common) from [<c003e0a8>] (warn_slowpath_null+0x1c/0x24)
[    0.300049] [<c003e0a8>] (warn_slowpath_null) from [<c003523c>] (omap3_noncore_dpll_enable+0xe4/0x10c)
[    0.300078] [<c003523c>] (omap3_noncore_dpll_enable) from [<c04b6f30>] (clk_core_enable+0x64/0x9c)
[    0.300107] [<c04b6f30>] (clk_core_enable) from [<c04b6f10>] (clk_core_enable+0x44/0x9c)
[    0.300125] ---[ end trace cb88537fdc8fa218 ]---
[    0.300226] ------------[ cut here ]------------
[    0.300254] WARNING: CPU: 0 PID: 1 at arch/arm/mach-omap2/dpll3xxx.c:436 omap3_noncore_dpll_enable+0xe4/0x10c()
[    0.300268] Modules linked in:
[    0.300294] CPU: 0 PID: 1 Comm: swapper/0 Tainted: G        W       3.19.0-rc7-next-20150203-00002-g037e6a2fa459 #1
[    0.300310] Hardware name: Generic AM3517 (Flattened Device Tree)
[    0.300342] [<c0015474>] (unwind_backtrace) from [<c0011a84>] (show_stack+0x10/0x14)
[    0.300372] [<c0011a84>] (show_stack) from [<c05c5da0>] (dump_stack+0x78/0x94)
[    0.300401] [<c05c5da0>] (dump_stack) from [<c003e054>] (warn_slowpath_common+0x7c/0xb4)
[    0.300432] [<c003e054>] (warn_slowpath_common) from [<c003e0a8>] (warn_slowpath_null+0x1c/0x24)
[    0.300461] [<c003e0a8>] (warn_slowpath_null) from [<c003523c>] (omap3_noncore_dpll_enable+0xe4/0x10c)
[    0.300490] [<c003523c>] (omap3_noncore_dpll_enable) from [<c04b6f30>] (clk_core_enable+0x64/0x9c)
[    0.300519] [<c04b6f30>] (clk_core_enable) from [<c04b6f10>] (clk_core_enable+0x44/0x9c)
[    0.300536] ---[ end trace cb88537fdc8fa219 ]---
[    0.300632] ------------[ cut here ]------------
[    0.300660] WARNING: CPU: 0 PID: 1 at arch/arm/mach-omap2/dpll3xxx.c:436 omap3_noncore_dpll_enable+0xe4/0x10c()
[    0.300675] Modules linked in:
[    0.300701] CPU: 0 PID: 1 Comm: swapper/0 Tainted: G        W       3.19.0-rc7-next-20150203-00002-g037e6a2fa459 #1
[    0.300717] Hardware name: Generic AM3517 (Flattened Device Tree)
[    0.300747] [<c0015474>] (unwind_backtrace) from [<c0011a84>] (show_stack+0x10/0x14)
[    0.300776] [<c0011a84>] (show_stack) from [<c05c5da0>] (dump_stack+0x78/0x94)
[    0.300806] [<c05c5da0>] (dump_stack) from [<c003e054>] (warn_slowpath_common+0x7c/0xb4)
[    0.300837] [<c003e054>] (warn_slowpath_common) from [<c003e0a8>] (warn_slowpath_null+0x1c/0x24)
[    0.300865] [<c003e0a8>] (warn_slowpath_null) from [<c003523c>] (omap3_noncore_dpll_enable+0xe4/0x10c)
[    0.300895] [<c003523c>] (omap3_noncore_dpll_enable) from [<c04b6f30>] (clk_core_enable+0x64/0x9c)
[    0.300924] [<c04b6f30>] (clk_core_enable) from [<c04b6f10>] (clk_core_enable+0x44/0x9c)
[    0.300942] ---[ end trace cb88537fdc8fa21a ]---
[    0.314860] ------------[ cut here ]------------
[    0.314893] WARNING: CPU: 0 PID: 1 at arch/arm/mach-omap2/dpll3xxx.c:436 omap3_noncore_dpll_enable+0xe4/0x10c()
[    0.314908] Modules linked in:
[    0.314935] CPU: 0 PID: 1 Comm: swapper/0 Tainted: G        W       3.19.0-rc7-next-20150203-00002-g037e6a2fa459 #1
[    0.314952] Hardware name: Generic AM3517 (Flattened Device Tree)
[    0.314987] [<c0015474>] (unwind_backtrace) from [<c0011a84>] (show_stack+0x10/0x14)
[    0.315017] [<c0011a84>] (show_stack) from [<c05c5da0>] (dump_stack+0x78/0x94)
[    0.315046] [<c05c5da0>] (dump_stack) from [<c003e054>] (warn_slowpath_common+0x7c/0xb4)
[    0.315076] [<c003e054>] (warn_slowpath_common) from [<c003e0a8>] (warn_slowpath_null+0x1c/0x24)
[    0.315105] [<c003e0a8>] (warn_slowpath_null) from [<c003523c>] (omap3_noncore_dpll_enable+0xe4/0x10c)
[    0.315137] [<c003523c>] (omap3_noncore_dpll_enable) from [<c04b6f30>] (clk_core_enable+0x64/0x9c)
[    0.315166] [<c04b6f30>] (clk_core_enable) from [<c04b6f10>] (clk_core_enable+0x44/0x9c)
[    0.315184] ---[ end trace cb88537fdc8fa21b ]---
[    0.315282] ------------[ cut here ]------------
[    0.315310] WARNING: CPU: 0 PID: 1 at arch/arm/mach-omap2/dpll3xxx.c:436 omap3_noncore_dpll_enable+0xe4/0x10c()
[    0.315324] Modules linked in:
[    0.315350] CPU: 0 PID: 1 Comm: swapper/0 Tainted: G        W       3.19.0-rc7-next-20150203-00002-g037e6a2fa459 #1
[    0.315366] Hardware name: Generic AM3517 (Flattened Device Tree)
[    0.315398] [<c0015474>] (unwind_backtrace) from [<c0011a84>] (show_stack+0x10/0x14)
[    0.315428] [<c0011a84>] (show_stack) from [<c05c5da0>] (dump_stack+0x78/0x94)
[    0.315458] [<c05c5da0>] (dump_stack) from [<c003e054>] (warn_slowpath_common+0x7c/0xb4)
[    0.315489] [<c003e054>] (warn_slowpath_common) from [<c003e0a8>] (warn_slowpath_null+0x1c/0x24)
[    0.315518] [<c003e0a8>] (warn_slowpath_null) from [<c003523c>] (omap3_noncore_dpll_enable+0xe4/0x10c)
[    0.315548] [<c003523c>] (omap3_noncore_dpll_enable) from [<c04b6f30>] (clk_core_enable+0x64/0x9c)
[    0.315577] [<c04b6f30>] (clk_core_enable) from [<c04b6f10>] (clk_core_enable+0x44/0x9c)
[    0.315595] ---[ end trace cb88537fdc8fa21c ]---
[    0.315685] ------------[ cut here ]------------
[    0.315712] WARNING: CPU: 0 PID: 1 at arch/arm/mach-omap2/dpll3xxx.c:436 omap3_noncore_dpll_enable+0xe4/0x10c()
[    0.315728] Modules linked in:
[    0.315753] CPU: 0 PID: 1 Comm: swapper/0 Tainted: G        W       3.19.0-rc7-next-20150203-00002-g037e6a2fa459 #1
[    0.315769] Hardware name: Generic AM3517 (Flattened Device Tree)
[    0.315800] [<c0015474>] (unwind_backtrace) from [<c0011a84>] (show_stack+0x10/0x14)
[    0.315829] [<c0011a84>] (show_stack) from [<c05c5da0>] (dump_stack+0x78/0x94)
[    0.315859] [<c05c5da0>] (dump_stack) from [<c003e054>] (warn_slowpath_common+0x7c/0xb4)
[    0.315890] [<c003e054>] (warn_slowpath_common) from [<c003e0a8>] (warn_slowpath_null+0x1c/0x24)
[    0.315918] [<c003e0a8>] (warn_slowpath_null) from [<c003523c>] (omap3_noncore_dpll_enable+0xe4/0x10c)
[    0.315947] [<c003523c>] (omap3_noncore_dpll_enable) from [<c04b6f30>] (clk_core_enable+0x64/0x9c)
[    0.315976] [<c04b6f30>] (clk_core_enable) from [<c04b6f10>] (clk_core_enable+0x44/0x9c)
[    0.315994] ---[ end trace cb88537fdc8fa21d ]---
[    0.316163] ------------[ cut here ]------------
[    0.316193] WARNING: CPU: 0 PID: 1 at arch/arm/mach-omap2/dpll3xxx.c:436 omap3_noncore_dpll_enable+0xe4/0x10c()
[    0.316208] Modules linked in:
[    0.316235] CPU: 0 PID: 1 Comm: swapper/0 Tainted: G        W       3.19.0-rc7-next-20150203-00002-g037e6a2fa459 #1
[    0.316251] Hardware name: Generic AM3517 (Flattened Device Tree)
[    0.316283] [<c0015474>] (unwind_backtrace) from [<c0011a84>] (show_stack+0x10/0x14)
[    0.316313] [<c0011a84>] (show_stack) from [<c05c5da0>] (dump_stack+0x78/0x94)
[    0.316344] [<c05c5da0>] (dump_stack) from [<c003e054>] (warn_slowpath_common+0x7c/0xb4)
[    0.316374] [<c003e054>] (warn_slowpath_common) from [<c003e0a8>] (warn_slowpath_null+0x1c/0x24)
[    0.316403] [<c003e0a8>] (warn_slowpath_null) from [<c003523c>] (omap3_noncore_dpll_enable+0xe4/0x10c)
[    0.316433] [<c003523c>] (omap3_noncore_dpll_enable) from [<c04b6f30>] (clk_core_enable+0x64/0x9c)
[    0.316462] [<c04b6f30>] (clk_core_enable) from [<c04b6f10>] (clk_core_enable+0x44/0x9c)
[    0.316480] ---[ end trace cb88537fdc8fa21e ]---
[    0.321302] pinctrl core: initialized pinctrl subsystem
[    0.425170] NET: Registered protocol family 16
[    0.438255] DMA: preallocated 256 KiB pool for atomic coherent allocations
[    0.442043] cpuidle: using governor ladder
[    0.442093] cpuidle: using governor menu
[    0.452515] Reprogramming SDRC clock to 332000000 Hz
[    0.456790] Address Hole seen by USB_OTG  at address dc0f9d0c
[    0.456821] ------------[ cut here ]------------
[    0.456867] WARNING: CPU: 0 PID: 1 at drivers/bus/omap_l3_smx.c:166 omap3_l3_app_irq+0x100/0x128()
[    0.456884] Modules linked in:
[    0.456920] CPU: 0 PID: 1 Comm: swapper/0 Tainted: G        W       3.19.0-rc7-next-20150203-00002-g037e6a2fa459 #1
[    0.456937] Hardware name: Generic AM3517 (Flattened Device Tree)
[    0.456997] [<c0015474>] (unwind_backtrace) from [<c0011a84>] (show_stack+0x10/0x14)
[    0.457036] [<c0011a84>] (show_stack) from [<c05c5da0>] (dump_stack+0x78/0x94)
[    0.457083] [<c05c5da0>] (dump_stack) from [<c003e054>] (warn_slowpath_common+0x7c/0xb4)
[    0.457116] [<c003e054>] (warn_slowpath_common) from [<c003e0a8>] (warn_slowpath_null+0x1c/0x24)
[    0.457148] [<c003e0a8>] (warn_slowpath_null) from [<c0363740>] (omap3_l3_app_irq+0x100/0x128)
[    0.457184] [<c0363740>] (omap3_l3_app_irq) from [<c0094024>] (handle_irq_event_percpu+0x68/0x24c)
[    0.457212] [<c0094024>] (handle_irq_event_percpu) from [<c0094244>] (handle_irq_event+0x3c/0x5c)
[    0.457243] [<c0094244>] (handle_irq_event) from [<c0096ec8>] (handle_level_irq+0xb4/0x13c)
[    0.457269] [<c0096ec8>] (handle_level_irq) from [<c00938c4>] (generic_handle_irq+0x20/0x30)
[    0.457295] [<c00938c4>] (generic_handle_irq) from [<c00939d8>] (__handle_domain_irq+0x64/0xd8)
[    0.457322] [<c00939d8>] (__handle_domain_irq) from [<c00086f0>] (omap_intc_handle_irq+0xb4/0xc4)
[    0.457356] [<c00086f0>] (omap_intc_handle_irq) from [<c05cc864>] (__irq_svc+0x44/0x5c)
[    0.457375] Exception stack(0xce0a1cc8 to 0xce0a1d10)
[    0.457400] 1cc0:                   00000001 ce09f130 00000000 ce09eb80 60000153 ce014a60
[    0.457424] 1ce0: ce014a60 00000000 0000001a ce014a38 60000153 00000000 ce0a1ce8 ce0a1d10
[    0.457444] 1d00: c0089e04 c05cc408 20000153 ffffffff
[    0.457474] [<c05cc864>] (__irq_svc) from [<c05cc408>] (_raw_spin_unlock_irqrestore+0x34/0x44)
[    0.457503] [<c05cc408>] (_raw_spin_unlock_irqrestore) from [<c00958b8>] (__setup_irq+0x2e4/0x4d8)
[    0.457530] [<c00958b8>] (__setup_irq) from [<c0095b64>] (request_threaded_irq+0xb8/0x13c)
[    0.457557] [<c0095b64>] (request_threaded_irq) from [<c03635d0>] (omap3_l3_probe+0xf0/0x160)
[    0.457593] [<c03635d0>] (omap3_l3_probe) from [<c03c9ba4>] (platform_drv_probe+0x48/0x98)
[    0.457621] [<c03c9ba4>] (platform_drv_probe) from [<c03c8580>] (driver_probe_device+0x10c/0x234)
[    0.457649] [<c03c8580>] (driver_probe_device) from [<c03c6e68>] (bus_for_each_drv+0x5c/0x88)
[    0.457674] [<c03c6e68>] (bus_for_each_drv) from [<c03c8440>] (device_attach+0x74/0x8c)
[    0.457699] [<c03c8440>] (device_attach) from [<c03c7b70>] (bus_probe_device+0x88/0xb0)
[    0.457738] [<c03c7b70>] (bus_probe_device) from [<c03c60a8>] (device_add+0x2fc/0x4e0)
[    0.457778] [<c03c60a8>] (device_add) from [<c04b39d4>] (of_platform_device_create_pdata+0xf0/0x14c)
[    0.457808] [<c04b39d4>] (of_platform_device_create_pdata) from [<c04b3b0c>] (of_platform_bus_create+0xdc/0x190)
[    0.457837] [<c04b3b0c>] (of_platform_bus_create) from [<c04b3c20>] (of_platform_populate+0x60/0xa8)
[    0.457873] [<c04b3c20>] (of_platform_populate) from [<c084ddec>] (pdata_quirks_init+0x34/0x44)
[    0.457902] [<c084ddec>] (pdata_quirks_init) from [<c084da7c>] (omap_generic_init+0x10/0x1c)
[    0.457931] [<c084da7c>] (omap_generic_init) from [<c083e814>] (customize_machine+0x1c/0x40)
[    0.457958] [<c083e814>] (customize_machine) from [<c00089e4>] (do_one_initcall+0x80/0x1d8)
[    0.457997] [<c00089e4>] (do_one_initcall) from [<c083be80>] (kernel_init_freeable+0x1fc/0x2d4)
[    0.458025] [<c083be80>] (kernel_init_freeable) from [<c05c0ea8>] (kernel_init+0x8/0xe4)
[    0.458052] [<c05c0ea8>] (kernel_init) from [<c000e6b0>] (ret_from_fork+0x14/0x24)
[    0.458071] ---[ end trace cb88537fdc8fa21f ]---
[    0.459071] platform 480c5000.aes: Cannot lookup hwmod 'aes'
[    0.469872] gpiochip_add: registered GPIOs 0 to 31 on device: gpio
[    0.471525] OMAP GPIO hardware version 2.5
[    0.473662] gpiochip_add: registered GPIOs 32 to 63 on device: gpio
[    0.477082] gpiochip_add: registered GPIOs 64 to 95 on device: gpio
[    0.480260] gpiochip_add: registered GPIOs 96 to 127 on device: gpio
[    0.483440] gpiochip_add: registered GPIOs 128 to 159 on device: gpio
[    0.486784] gpiochip_add: registered GPIOs 160 to 191 on device: gpio
[    0.501094] platform 480c3000.sham: Cannot lookup hwmod 'sham'
[    0.501975] platform 480cb000.smartreflex: Cannot lookup hwmod 'smartreflex_core'
[    0.514403] omap-gpmc 6e000000.gpmc: GPMC revision 5.0
[    0.515803] platform 480ab000.usb_otg_hs: Cannot lookup hwmod 'usb_otg_hs'
[    0.519741] No ATAGs?
[    0.519788] hw-breakpoint: debug architecture 0x4 unsupported.
[    0.523803] OMAP DMA hardware revision 4.0
[    0.624078] omap-dma-engine 48056000.dma-controller: OMAP DMA engine driver
[    0.625372] of_get_named_gpiod_flags: can't parse 'gpio' property of node '/vmmc[0]'
[    0.632054] SCSI subsystem initialized
[    0.633336] libata version 3.00 loaded.
[    0.635538] ------------[ cut here ]------------
[    0.635593] WARNING: CPU: 0 PID: 1 at arch/arm/mach-omap2/dpll3xxx.c:436 omap3_noncore_dpll_enable+0xe4/0x10c()
[    0.635612] Modules linked in:
[    0.635648] CPU: 0 PID: 1 Comm: swapper/0 Tainted: G        W       3.19.0-rc7-next-20150203-00002-g037e6a2fa459 #1
[    0.635666] Hardware name: Generic AM3517 (Flattened Device Tree)
[    0.635725] [<c0015474>] (unwind_backtrace) from [<c0011a84>] (show_stack+0x10/0x14)
[    0.635763] [<c0011a84>] (show_stack) from [<c05c5da0>] (dump_stack+0x78/0x94)
[    0.635805] [<c05c5da0>] (dump_stack) from [<c003e054>] (warn_slowpath_common+0x7c/0xb4)
[    0.635839] [<c003e054>] (warn_slowpath_common) from [<c003e0a8>] (warn_slowpath_null+0x1c/0x24)
[    0.635869] [<c003e0a8>] (warn_slowpath_null) from [<c003523c>] (omap3_noncore_dpll_enable+0xe4/0x10c)
[    0.635915] [<c003523c>] (omap3_noncore_dpll_enable) from [<c04b6f30>] (clk_core_enable+0x64/0x9c)
[    0.635947] [<c04b6f30>] (clk_core_enable) from [<c04b6f10>] (clk_core_enable+0x44/0x9c)
[    0.635966] ---[ end trace cb88537fdc8fa220 ]---
[    0.638323] omap_i2c 48070000.i2c: bus 0 rev3.3 at 400 kHz
[    0.640642] omap_i2c 48072000.i2c: bus 1 rev3.3 at 400 kHz
[    0.642503] omap_i2c 48060000.i2c: bus 2 rev3.3 at 400 kHz
[    0.650546] Switched to clocksource timer1
[    0.901123] ------------[ cut here ]------------
[    0.901187] WARNING: CPU: 0 PID: 1 at arch/arm/mach-omap2/dpll3xxx.c:436 omap3_noncore_dpll_enable+0xe4/0x10c()
[    0.901206] Modules linked in:
[    0.901242] CPU: 0 PID: 1 Comm: swapper/0 Tainted: G        W       3.19.0-rc7-next-20150203-00002-g037e6a2fa459 #1
[    0.901260] Hardware name: Generic AM3517 (Flattened Device Tree)
[    0.901318] [<c0015474>] (unwind_backtrace) from [<c0011a84>] (show_stack+0x10/0x14)
[    0.901358] [<c0011a84>] (show_stack) from [<c05c5da0>] (dump_stack+0x78/0x94)
[    0.901400] [<c05c5da0>] (dump_stack) from [<c003e054>] (warn_slowpath_common+0x7c/0xb4)
[    0.901434] [<c003e054>] (warn_slowpath_common) from [<c003e0a8>] (warn_slowpath_null+0x1c/0x24)
[    0.901463] [<c003e0a8>] (warn_slowpath_null) from [<c003523c>] (omap3_noncore_dpll_enable+0xe4/0x10c)
[    0.901509] [<c003523c>] (omap3_noncore_dpll_enable) from [<c04b6f30>] (clk_core_enable+0x64/0x9c)
[    0.901539] [<c04b6f30>] (clk_core_enable) from [<c04b6f10>] (clk_core_enable+0x44/0x9c)
[    0.901559] ---[ end trace cb88537fdc8fa221 ]---
[    0.903032] NET: Registered protocol family 2
[    0.906267] TCP established hash table entries: 2048 (order: 1, 8192 bytes)
[    0.906531] TCP bind hash table entries: 2048 (order: 4, 73728 bytes)
[    0.907652] TCP: Hash tables configured (established 2048 bind 2048)
[    0.908005] TCP: reno registered
[    0.908053] UDP hash table entries: 256 (order: 2, 20480 bytes)
[    0.908383] UDP-Lite hash table entries: 256 (order: 2, 20480 bytes)
[    0.910164] NET: Registered protocol family 1
[    0.913408] RPC: Registered named UNIX socket transport module.
[    0.913445] RPC: Registered udp transport module.
[    0.913464] RPC: Registered tcp transport module.
[    0.913483] RPC: Registered tcp NFSv4.1 backchannel transport module.
[    0.914252] ------------[ cut here ]------------
[    0.914304] WARNING: CPU: 0 PID: 1 at arch/arm/mach-omap2/dpll3xxx.c:436 omap3_noncore_dpll_enable+0xe4/0x10c()
[    0.914322] Modules linked in:
[    0.914358] CPU: 0 PID: 1 Comm: swapper/0 Tainted: G        W       3.19.0-rc7-next-20150203-00002-g037e6a2fa459 #1
[    0.914375] Hardware name: Generic AM3517 (Flattened Device Tree)
[    0.914430] [<c0015474>] (unwind_backtrace) from [<c0011a84>] (show_stack+0x10/0x14)
[    0.914467] [<c0011a84>] (show_stack) from [<c05c5da0>] (dump_stack+0x78/0x94)
[    0.914508] [<c05c5da0>] (dump_stack) from [<c003e054>] (warn_slowpath_common+0x7c/0xb4)
[    0.914541] [<c003e054>] (warn_slowpath_common) from [<c003e0a8>] (warn_slowpath_null+0x1c/0x24)
[    0.914571] [<c003e0a8>] (warn_slowpath_null) from [<c003523c>] (omap3_noncore_dpll_enable+0xe4/0x10c)
[    0.914615] [<c003523c>] (omap3_noncore_dpll_enable) from [<c04b6f30>] (clk_core_enable+0x64/0x9c)
[    0.914646] [<c04b6f30>] (clk_core_enable) from [<c04b6f10>] (clk_core_enable+0x44/0x9c)
[    0.914667] ---[ end trace cb88537fdc8fa222 ]---
[    0.914879] ------------[ cut here ]------------
[    0.914911] WARNING: CPU: 0 PID: 1 at arch/arm/mach-omap2/dpll3xxx.c:436 omap3_noncore_dpll_enable+0xe4/0x10c()
[    0.914928] Modules linked in:
[    0.914957] CPU: 0 PID: 1 Comm: swapper/0 Tainted: G        W       3.19.0-rc7-next-20150203-00002-g037e6a2fa459 #1
[    0.914973] Hardware name: Generic AM3517 (Flattened Device Tree)
[    0.915009] [<c0015474>] (unwind_backtrace) from [<c0011a84>] (show_stack+0x10/0x14)
[    0.915040] [<c0011a84>] (show_stack) from [<c05c5da0>] (dump_stack+0x78/0x94)
[    0.915070] [<c05c5da0>] (dump_stack) from [<c003e054>] (warn_slowpath_common+0x7c/0xb4)
[    0.915102] [<c003e054>] (warn_slowpath_common) from [<c003e0a8>] (warn_slowpath_null+0x1c/0x24)
[    0.915132] [<c003e0a8>] (warn_slowpath_null) from [<c003523c>] (omap3_noncore_dpll_enable+0xe4/0x10c)
[    0.915164] [<c003523c>] (omap3_noncore_dpll_enable) from [<c04b6f30>] (clk_core_enable+0x64/0x9c)
[    0.915193] [<c04b6f30>] (clk_core_enable) from [<c04b6f10>] (clk_core_enable+0x44/0x9c)
[    0.915211] ---[ end trace cb88537fdc8fa223 ]---
[    0.915421] ------------[ cut here ]------------
[    0.915453] WARNING: CPU: 0 PID: 1 at arch/arm/mach-omap2/dpll3xxx.c:436 omap3_noncore_dpll_enable+0xe4/0x10c()
[    0.915469] Modules linked in:
[    0.915495] CPU: 0 PID: 1 Comm: swapper/0 Tainted: G        W       3.19.0-rc7-next-20150203-00002-g037e6a2fa459 #1
[    0.915511] Hardware name: Generic AM3517 (Flattened Device Tree)
[    0.915546] [<c0015474>] (unwind_backtrace) from [<c0011a84>] (show_stack+0x10/0x14)
[    0.915576] [<c0011a84>] (show_stack) from [<c05c5da0>] (dump_stack+0x78/0x94)
[    0.915606] [<c05c5da0>] (dump_stack) from [<c003e054>] (warn_slowpath_common+0x7c/0xb4)
[    0.915637] [<c003e054>] (warn_slowpath_common) from [<c003e0a8>] (warn_slowpath_null+0x1c/0x24)
[    0.915666] [<c003e0a8>] (warn_slowpath_null) from [<c003523c>] (omap3_noncore_dpll_enable+0xe4/0x10c)
[    0.915696] [<c003523c>] (omap3_noncore_dpll_enable) from [<c04b6f30>] (clk_core_enable+0x64/0x9c)
[    0.915724] [<c04b6f30>] (clk_core_enable) from [<c04b6f10>] (clk_core_enable+0x44/0x9c)
[    0.915743] ---[ end trace cb88537fdc8fa224 ]---
[    0.921215] hw perfevents: enabled with armv7_cortex_a8 PMU driver, 5 counters available
[    0.930426] futex hash table entries: 256 (order: 2, 16384 bytes)
[    0.930832] audit: initializing netlink subsys (disabled)
[    0.931329] audit: type=2000 audit(0.930:1): initialized
[    0.939385] VFS: Disk quotas dquot_6.5.2
[    0.939635] VFS: Dquot-cache hash table entries: 1024 (order 0, 4096 bytes)
[    0.944007] NFS: Registering the id_resolver key type
[    0.944648] Key type id_resolver registered
[    0.944676] Key type id_legacy registered
[    0.944997] jffs2: version 2.2. (NAND) (SUMMARY)   2001-2006 Red Hat, Inc.
[    0.953676] io scheduler noop registered
[    0.953729] io scheduler deadline registered
[    0.953833] io scheduler cfq registered (default)
[    0.957020] pinctrl-single 48002030.pinmux: 284 pins at pa fa002030 size 568
[    0.957820] pinctrl-single 48002a00.pinmux: 46 pins at pa fa002a00 size 92
[    0.964883] Serial: 8250/16550 driver, 4 ports, IRQ sharing enabled
[    0.975637] omap_uart 4806a000.serial: no wakeirq for uart0
[    0.975697] of_get_named_gpiod_flags: can't parse 'rts-gpio' property of node '/ocp/serial@4806a000[0]'
[    0.976606] 4806a000.serial: ttyO0 at MMIO 0x4806a000 (irq = 88, base_baud = 3000000) is a OMAP UART0
[    0.979707] omap_uart 4806c000.serial: no wakeirq for uart0
[    0.980083] of_get_named_gpiod_flags: can't parse 'rts-gpio' property of node '/ocp/serial@4806c000[0]'
[    0.980513] 4806c000.serial: ttyO1 at MMIO 0x4806c000 (irq = 89, base_baud = 3000000) is a OMAP UART1
[    0.982903] omap_uart 49020000.serial: no wakeirq for uart0
[    0.982953] of_get_named_gpiod_flags: can't parse 'rts-gpio' property of node '/ocp/serial@49020000[0]'
[    0.983398] 49020000.serial: ttyO2 at MMIO 0x49020000 (irq = 90, base_baud = 3000000) is a OMAP UART2
[    5.975411] console [ttyO2] enabled
[    6.033967] brd: module loaded
[    6.068524] loop: module loaded
[    6.076389] mtdoops: mtd device (mtddev=name/number) must be supplied
[    6.140015] davinci_mdio davinci_mdio.0: davinci mdio revision 1.5
[    6.146510] davinci_mdio davinci_mdio.0: detected phy mask fffffffe
[    6.159022] libphy: davinci_mdio.0: probed
[    6.163591] davinci_mdio davinci_mdio.0: phy[0]: device davinci_mdio.0:00, driver SMSC LAN8710/LAN8720
[    6.177987] mousedev: PS/2 mouse device common for all mice
[    6.184030] i2c /dev entries driver
[    6.192645] Driver 'mmcblk' needs updating - please use bus_type methods
[    6.202060] omap_hsmmc 4809c000.mmc: GPIO lookup for consumer cd
[    6.208371] omap_hsmmc 4809c000.mmc: using device tree for GPIO lookup
[    6.215357] of_get_named_gpiod_flags: can't parse 'cd-gpios' property of node '/ocp/mmc@4809c000[0]'
[    6.224984] of_get_named_gpiod_flags: can't parse 'cd-gpio' property of node '/ocp/mmc@4809c000[0]'
[    6.234504] omap_hsmmc 4809c000.mmc: using lookup tables for GPIO lookup
[    6.241752] omap_hsmmc 4809c000.mmc: lookup for GPIO cd failed
[    6.247880] omap_hsmmc 4809c000.mmc: GPIO lookup for consumer wp
[    6.254238] omap_hsmmc 4809c000.mmc: using device tree for GPIO lookup
[    6.261130] of_get_named_gpiod_flags: can't parse 'wp-gpios' property of node '/ocp/mmc@4809c000[0]'
[    6.270739] of_get_named_gpiod_flags: can't parse 'wp-gpio' property of node '/ocp/mmc@4809c000[0]'
[    6.280253] omap_hsmmc 4809c000.mmc: using lookup tables for GPIO lookup
[    6.287272] omap_hsmmc 4809c000.mmc: lookup for GPIO wp failed
[    6.330545] ledtrig-cpu: registered to indicate activity on CPUs
[    6.338896] oprofile: using arm/armv7
[    6.344051] TCP: cubic registered
[    6.347639] Initializing XFRM netlink socket
[    6.352491] NET: Registered protocol family 17
[    6.357289] NET: Registered protocol family 15
[    6.362657] Key type dns_resolver registered
[    6.367550] omap2_set_init_voltage: unable to find boot up OPP for vdd_mpu_iva
[    6.375212] omap2_set_init_voltage: unable to set vdd_mpu_iva
[    6.381321] omap2_set_init_voltage: unable to find boot up OPP for vdd_core
[    6.388605] omap2_set_init_voltage: unable to set vdd_core
[    6.396145] PM: no software I/O chain control; some wakeups may be lost
[    6.403273] pm: Failed to request pm_wkup irq
[    6.407946] ThumbEE CPU extension supported.
[    6.412543] Registering SWP/SWPB emulation handler
[    6.417580] SmartReflex Class3 initialized
[    6.448800] drivers/rtc/hctosys.c: unable to open rtc device (rtc0)
[    6.455614] sr_init: No PMIC hook to init smartreflex
[    6.461397] sr_init: platform driver register failed for SR
[    6.555026] davinci_mdio davinci_mdio.0: resetting idled controller
[    6.562671] net eth0: attached PHY driver [SMSC LAN8710/LAN8720] (mii_bus:phy_addr=davinci_mdio.0:00, id=7c0f1)
[    6.599335] mmc0: host does not support reading read-only switch, assuming write-enable
[    6.610188] mmc0: new high speed SDHC card at address b368
[    6.619680] mmcblk0: mmc0:b368 SDC   3.74 GiB 
[    6.631127]  mmcblk0: p1 p2 p3
[    9.640157] davinci_emac davinci_emac.0 eth0: Link is Up - 100Mbps/Full - flow control rx/tx
[    9.669907] Sending DHCP requests ., OK
[    9.740457] IP-Config: Got DHCP answer from 10.218.102.3, my address is 10.218.102.219
[    9.750961] IP-Config: Complete:
[    9.754376]      device=eth0, hwaddr=40:98:4e:74:71:9d, ipaddr=10.218.102.219, mask=255.255.255.0, gw=10.218.102.1
[    9.765331]      host=dhcp-10-218-102-219, domain=am.dhcp.ti.com, nis-domain=(none)
[    9.773822]      bootserver=0.0.0.0, rootserver=0.0.0.0, rootpath=
[    9.780368]      nameserver0=192.0.2.2, nameserver1=192.0.2.3
[    9.809428] kjournald starting.  Commit interval 5 seconds
[    9.815891] EXT3-fs (mmcblk0p2): warning: maximal mount count reached, running e2fsck is recommended
[   10.179552] EXT3-fs (mmcblk0p2): using internal journal
[   10.185135] EXT3-fs (mmcblk0p2): mounted filesystem with ordered data mode
[   10.192619] VFS: Mounted root (ext3 filesystem) on device 179:2.
[   10.205162] devtmpfs: mounted
[   10.209928] Freeing unused kernel memory: 428K (c083b000 - c08a6000)
INIT: version 2.86 booting
Please wait: booting...
Error opening /dev/fb0: No such file or directory
Starting udev
WARNING: -e needs -E or -F
[   11.438243] udevd (81): /proc/81/oom_adj is deprecated, please use /proc/81/oom_score_adj instead.
[   28.325784] kjournald starting.  Commit interval 5 seconds
[   28.331974] EXT3-fs (mmcblk0p3): warning: maximal mount count reached, running e2fsck is recommended
[   28.342230] FAT-fs (mmcblk0p1): Volume was not properly unmounted. Some data may be corrupt. Please run fsck.
[   28.419317] EXT3-fs (mmcblk0p3): using internal journal
[   28.425048] EXT3-fs (mmcblk0p3): mounted filesystem with ordered data mode
[   28.569454] alignment: ignoring faults is unsafe on this CPU.  Defaulting to fixup mode.
Remounting root file system...
Caching udev devnodes
logger: mount: mount point /proc/bus/usb does not exist
ALSA: Restoring mixer settings...
/usr/sbin/alsactl: load_state:1625: No soundcards found...
Configuring network interfaces... udhcpc (v1.13.2) started
Sending discover...
Sending select for 10.218.102.209...
Lease of 10.218.102.209 obtained, lease time 3600
adding dns 192.0.2.2
adding dns 192.0.2.3
done.
Setting up IP spoofing protection: rp_filter.
hwclock: can't open '/dev/misc/rtc': No such file or directory
Mon Feb 27 03:06:00 UTC 2012
hwclock: can't open '/dev/misc/rtc': No such file or directory
INIT: Entering runlevel: 5
Starting system message bus: [   35.017275] random: dbus-daemon urandom read with 127 bits of entropy available
dbus.
Starting Hardware abstraction layer hald
[   35.144222] random: nonblocking pool is initialized
Starting Dropbear SSH server: dropbear.
Starting telnet daemon.
Starting syslogd/klogd: done
Starting thttpd.
Starting Lighttpd Web Server: lighttpd.
2012-02-27 03:06:04: (log.c.166) server started 
Starting Matrix GUI application.
***************************************************************
***************************************************************
NOTICE: This file system contains the followin GPLv3 packages:
	binutils-dev
	binutils-symlinks
	binutils
	gdbserver
If you do not wish to distribute GPLv3 components please remove
the above packages prior to distribution.  This can be done using
the opkg remove command.  i.e.:
    opkg remove <package>
Where <package> is the name printed in the list above
NOTE: If the package is a dependency of another package you
      will be notified of the dependent packages.  You should
      use the --force-removal-of-dependent-packages option to
      also remove the dependent packages as well
***************************************************************
***************************************************************
 _____                    _____           _         _   
|  _  |___ ___ ___ ___   |  _  |___ ___  |_|___ ___| |_ 
|     |  _| .'| . | . |  |   __|  _| . | | | -_|  _|  _|
|__|__|_| |__,|_  |___|  |__|  |_| |___|_| |___|___|_|  
              |___|                    |___|            
Arago Project http://arago-project.org am3517-evm ttyO2
Arago 2011.09 am3517-evm ttyO2
am3517-evm login: 
- 06:54:34 [INFO] Host: root
- 06:54:35 [INFO] Target: 
root
root@am3517-evm:~# 
- 06:54:35 [INFO] Host: uname -a
- 06:54:35 [INFO] Target: 
uname -a
Linux am3517-evm 3.19.0-rc7-next-20150203-00002-g037e6a2fa459 #1 SMP Tue Feb 3 05:45:08 CST 2015 armv7l unknown
root@am3517-evm:~# 
- 06:54:35 [INFO] Host: cat /proc/cmdline
- 06:54:35 [INFO] Target: 
cat /proc/cmdline
console=ttyO2,115200n8 debug ignore_loglevel earlyprintk root=/dev/mmcblk0p2 rootwait nohlt ip=dhcp root=/dev/mmcblk0p2 rw rootfstype=ext3 rootwait
root@am3517-evm:~# 
- 06:54:35 [INFO] Host: uname -a
- 06:54:35 [INFO] Target: 
uname -a
Linux am3517-evm 3.19.0-rc7-next-20150203-00002-g037e6a2fa459 #1 SMP Tue Feb 3 05:45:08 CST 2015 armv7l unknown
root@am3517-evm:~
- 06:54:35 [INFO] Host: cat /proc/mtd
- 06:54:35 [INFO] Target: 
# cat /proc/mtd
dev:    size   erasesize  name
root@am3517-evm:~# 
- 06:54:39 [INFO] Host: export IPERFHOST=10.218.102.142
- 06:54:39 [INFO] Target: 
export IPERFHOST=10.218.102.142
root@am3517-evm:~# 
- 06:54:39 [INFO] Host: export NFS_SERVER=10.218.102.142
- 06:54:40 [INFO] Target: 
export NFS_SERVER=10.218.102.142
root@am3517-evm:~# 
- 06:54:40 [INFO] Host: export NFS_ROOT_PATH=/home/tigt-0001/NFS_exports/am3517
- 06:54:40 [INFO] Target: 
export NFS_ROOT_PATH=/home/tigt-0001/NFS_exports/am3517
root@am3517-evm:~# 
- 06:54:40 [INFO] Host: mkdir -p -m 777 /test
- 06:54:40 [INFO] Target: 
mkdir -p -m 777 /test
root@am3517-evm:~# 
- 06:54:40 [INFO] Host: cd /test
- 06:54:40 [INFO] Target: 
cd /test
root@am3517-evm:/test# 
- 06:54:40 [INFO] Host: cat > test.sh << EOF
- 06:54:40 [INFO] Target: 
cat > test.sh << EOF
- 06:54:40 [INFO] Host: failtest() {
- 06:54:40 [INFO] Target: 
failtest() {
- 06:54:40 [INFO] Host:   echo 1 >&3
- 06:54:40 [INFO] Target: 
  echo 1 >&3
- 06:54:40 [INFO] Host: }
- 06:54:40 [INFO] Target: 
- 06:54:40 [INFO] Host: timeout=600
- 06:54:40 [INFO] Target: 
> timeout=600
- 06:54:40 [INFO] Host: 
- 06:54:40 [INFO] Target: 
- 06:54:40 [INFO] Host: # Start of user's script logic
- 06:54:40 [INFO] Target: 
# Start of user's script logic
- 06:54:40 [INFO] Host: 
- 06:54:40 [INFO] Target: 
- 06:54:40 [INFO] Host: 
- 06:54:40 [INFO] Target: 
- 06:54:40 [INFO] Host: mount -t proc proc /proc 2>/dev/null;
- 06:54:40 [INFO] Target: 
mount -t proc proc /proc 2>/dev/null;
- 06:54:40 [INFO] Host: 
- 06:54:40 [INFO] Target: 
- 06:54:40 [INFO] Host: mount -t sysfs sys /sys 2>/dev/null;
- 06:54:40 [INFO] Target: 
mount -t sysfs sys /sys 2>/dev/null;
- 06:54:40 [INFO] Host: 
- 06:54:41 [INFO] Target: 
- 06:54:41 [INFO] Host: mount -t debugfs none /sys/kernel/debug 2>/dev/null;
- 06:54:41 [INFO] Target: 
mount -t debugfs none /sys/kernel/debug 2>/dev/null;
- 06:54:41 [INFO] Host: 
- 06:54:41 [INFO] Target: 
- 06:54:41 [INFO] Host: echo 'cpuinfo:';cat /proc/cpuinfo; echo '=======';
- 06:54:41 [INFO] Target: 
> echo 'cpuinfo:';cat /proc/
- 06:54:41 [INFO] Host: 
- 06:54:41 [INFO] Target: 
cpuinfo; echo '=======';
- 06:54:41 [INFO] Host: echo 'soc info:';head /sys/devices/soc0/* 2>/dev/null; echo '=======';
- 06:54:41 [INFO] Target: 
echo 'soc info:';head /s
- 06:54:41 [INFO] Host: 
- 06:54:41 [INFO] Target: 
ys/devices/soc0/* 2>/dev/null; echo '=======';
- 06:54:41 [INFO] Host: echo 'DT Model info'; head /proc/device-tree/name /proc/device-tree/model /proc/device-tree/compatible 2>/dev/null;echo; echo '=======';
- 06:54:41 [INFO] Target: 
echo 'DT Model info'; head /proc/device-tree/name /proc/d
- 06:54:41 [INFO] Host: 
- 06:54:41 [INFO] Target: 
evice-tree/model /pro
c/device-tree/compatible 2>/dev/null;echo; echo '=======';
- 06:54:41 [INFO] Host: echo 'interrupts:';cat /proc/interrupts; echo '=======';
- 06:54:41 [INFO] Target: 
echo 'interrupts:';cat /proc/interrupts; echo '=======';
- 06:54:41 [INFO] Host: 
- 06:54:41 [INFO] Target: 
- 06:54:41 [INFO] Host: echo 'Clk_summary:';cat /sys/kernel/debug/clk/clk_summary; echo '=======';
- 06:54:41 [INFO] Target: 
echo 'Clk_summary:';cat /sys/kernel/debug/clk/clk_summary; echo '=======';
- 06:54:41 [INFO] Host: 
- 06:54:41 [INFO] Target: 
- 06:54:41 [INFO] Host: echo 'Orphan Clks:';ls /sys/kernel/debug/clk/orphans/; echo '=======';
- 06:54:41 [INFO] Target: 
echo 'Orphan Clks:';ls /sys/kernel/debug/clk/orphans/; echo '=======';
- 06:54:41 [INFO] Host: 
- 06:54:41 [INFO] Target: 
- 06:54:41 [INFO] Host: echo "Available frequencies"; cat /sys/devices/system/cpu/cpu0/cpufreq/scaling_available_frequencies 2>/dev/null;echo '=======';
- 06:54:41 [INFO] Target: 
> echo "Available frequencies"; 
- 06:54:41 [INFO] Host: 
- 06:54:41 [INFO] Target: 
cat /sys/devices/system/cpu/cpu0/cpufreq/scaling
_available_frequencies 2>/dev/null;echo '=======';
- 06:54:41 [INFO] Host: echo 'H''ello World' 'B''oard Booted';
- 06:54:41 [INFO] Target: 
> echo 'H''ello World' 'B''oard Booted';
- 06:54:41 [INFO] Host: 
- 06:54:42 [INFO] Target: 
- 06:54:42 [INFO] Host: EOF
- 06:54:42 [INFO] Target: 
root@am3517-evm:/test# 
- 06:54:42 [INFO] Host: cd /test
- 06:54:42 [INFO] Target: 
cd /test
root@am3517-evm:/test# 
- 06:54:42 [INFO] Host: chmod +x test.sh
- 06:54:42 [INFO] Target: 
chmod +x test.sh
root@am3517-evm:/test# 
- 06:54:42 [INFO] Host: ./test.sh 2> stderr.log > stdout.log 3> result.log
- 06:54:42 [INFO] Target: 
./test.sh 2> stderr.log > stdout.log 3> result.log
root@am3517-evm:/test# 
- 06:54:42 [INFO] Host: echo $?
- 06:54:42 [INFO] Target: 
echo $?
root@am3517-evm:/test# 
- 06:54:42 [INFO] Host: cd /test
- 06:54:42 [INFO] Target: 
cd /test
root@am3517-evm:/test# 
- 06:54:42 [INFO] Host: cat stdout.log
- 06:54:44 [INFO] Target: 
cat stdout.log
cpuinfo:
processor	: 0
model name	: ARMv7 Processor rev 7 (v7l)
BogoMIPS	: 597.60
Features	: half thumb fastmult vfp edsp thumbee neon vfpv3 tls vfpd32 
CPU implementer	: 0x41
CPU architecture: 7
CPU variant	: 0x1
CPU part	: 0xc08
CPU revision	: 7
Hardware	: Generic AM3517 (Flattened Device Tree)
Revision	: 0000
Serial		: 0000000000000000
=======
soc info:
==> /sys/devices/soc0/family <==
OMAP3
==> /sys/devices/soc0/machine <==
AM3517
==> /sys/devices/soc0/power <==
==> /sys/devices/soc0/revision <==
ES1.1
==> /sys/devices/soc0/subsystem <==
==> /sys/devices/soc0/type <==
==> /sys/devices/soc0/uevent <==
=======
DT Model info
==> /proc/device-tree/name <==
==> /proc/device-tree/model <==
TI AM3517 EVM (AM3517/05 TMDSEVM3517)
==> /proc/device-tree/compatible <==
ti,am3517-evmti,am3517ti,omap3
=======
interrupts:
           CPU0       
 25:          0      INTC   9  l3-debug-irq
 26:          1      INTC  10  l3-app-irq
 28:          0      INTC  12  DMA
 29:       4177      INTC  13  omap-dma-engine
 36:          0      INTC  20  gpmc
 54:       5021      INTC  38  gp_timer
 72:          0      INTC  56  48070000.i2c
 73:          0      INTC  57  48072000.i2c
 77:          0      INTC  61  48060000.i2c
 83:          0      INTC  67  eth0
 84:         33      INTC  68  eth0
 85:          6      INTC  69  eth0
 86:          0      INTC  70  eth0
 90:       3981      INTC  74  OMAP UART2
 99:       7062      INTC  83  mmc0
IPI0:          0  CPU wakeup interrupts
IPI1:          0  Timer broadcast interrupts
IPI2:          0  Rescheduling interrupts
IPI3:          0  Function call interrupts
IPI4:          0  Single function call interrupts
IPI5:          0  CPU stop interrupts
IPI6:          0  IRQ work interrupts
IPI7:          0  completion interrupts
Err:          0
=======
Clk_summary:
   clock                         enable_cnt  prepare_cnt        rate   accuracy   phase
----------------------------------------------------------------------------------------
 pclk_ck                                  0            0    27000000          0 0  
    vpfe_fck                              0            0    27000000          0 0  
 rmii_ck                                  1            1    50000000          0 0  
    emac_fck                              2            2    50000000          0 0  
 secure_32k_fck                           0            1       32768          0 0  
    wdt1_fck                              0            0       32768          0 0  
    gpt12_fck                             0            1       32768          0 0  
 dummy_ck                                 0            0           0          0 0  
 mcbsp_clks                               0            5           0          0 0  
 sys_altclk                               0            0           0          0 0  
 virt_38_4m_ck                            0            0    38400000          0 0  
 virt_26000000_ck                         1            1    26000000          0 0  
    osc_sys_ck                            1            1    26000000          0 0  
       sys_clkout1                        0            0    26000000          0 0  
       sys_ck                             5           17    13000000          0 0  
          gpt9_fck                        0            1    13000000          0 0  
          gpt8_fck                        0            1    13000000          0 0  
          gpt7_fck                        0            1    13000000          0 0  
          gpt6_fck                        0            1    13000000          0 0  
          gpt5_fck                        0            1    13000000          0 0  
          gpt4_fck                        0            1    13000000          0 0  
          gpt3_fck                        0            1    13000000          0 0  
          gpt2_fck                        1            1    13000000          0 0  
          gpt1_fck                        1            1    13000000          0 0  
          hecc_ck                         0            0    13000000          0 0  
          hsotgusb_fck_am35xx             0            1    13000000          0 0  
          cpefuse_fck                     0            0    13000000          0 0  
          dpll5_ck                        0            1   120000000          0 0  
             dpll5_m2_ck                  0            1   120000000          0 0  
                usbhost_120m_fck           0            0   120000000          0 0  
                usbtll_fck                0            1   120000000          0 0  
          traceclk_src_fck                0            0    13000000          0 0  
             traceclk_fck                 0            0    13000000          0 0  
          emu_src_mux_ck                  0            1    13000000          0 0  
             emu_src_ck                   0            1    13000000          0 0  
                atclk_fck                 0            0    13000000          0 0  
                pclkx2_fck                0            0    13000000          0 0  
                pclk_fck                  0            0     6500000          0 0  
          dss2_alwon_fck                  0            2    13000000          0 0  
          dpll1_ck                        0            1   600000000          0 0  
             dpll1_x2_ck                  0            1  1200000000          0 0  
                dpll1_x2m2_ck             0            1  1200000000          0 0  
                   mpu_ck                 0            1  1200000000          0 0  
                      emu_mpu_alwon_ck           0            0  1200000000          0 0  
                      arm_fck             0            1   600000000          0 0  
          dpll3_ck                        1            1   332000000          0 0  
             dpll3_x2_ck                  0            0   664000000          0 0  
             dpll3_m2_ck                  1            1   332000000          0 0  
                dpll3_m2x2_ck             0            0   664000000          0 0  
                   corex2_fck             0            0   664000000          0 0  
                      corex2_d5_fck           0            0   132800000          0 0  
                      corex2_d3_fck           0            0   221333333          0 0  
                core_ck                   1            1   332000000          0 0  
                   core_d2_ck             0            0   166000000          0 0  
                   core_d6_ck             0            0    55333333          0 0  
                      sgx_fck             0            0    55333333          0 0  
                   core_d4_ck             0            0    83000000          0 0  
                   core_d3_ck             0            0   110666666          0 0  
                   l3_ick                 2            2   166000000          0 0  
                      sgx_ick             0            0   166000000          0 0  
                      core_l3_ick           6            7   166000000          0 0  
                         ipss_ick           2            2   166000000          0 0  
                            hsotgusb_ick_am35xx           2            2   166000000          0 0  
                            vpfe_ick           0            0   166000000          0 0  
                            emac_ick           2            2   166000000          0 0  
                         gpmc_fck           2            2   166000000          0 0  
                         sdrc_ick           1            1   166000000          0 0  
                      l4_ick              4            4    83000000          0 0  
                         usbhost_ick           1            1    83000000          0 0  
                         dss_ick_3430es2           4            6    83000000          0 0  
                         per_l4_ick          13           18    83000000          0 0  
                            mcbsp4_ick           2            2    83000000          0 0  
                            mcbsp3_ick           2            2    83000000          0 0  
                            mcbsp2_ick           1            1    83000000          0 0  
                            gpt2_ick           1            1    83000000          0 0  
                            gpt3_ick           1            1    83000000          0 0  
                            gpt4_ick           1            1    83000000          0 0  
                            gpt5_ick           1            1    83000000          0 0  
                            gpt6_ick           1            1    83000000          0 0  
                            gpt7_ick           1            1    83000000          0 0  
                            gpt8_ick           1            1    83000000          0 0  
                            gpt9_ick           1            1    83000000          0 0  
                            uart4_ick           1            1    83000000          0 0  
                            uart3_ick           1            1    83000000          0 0  
                            wdt3_ick           0            0    83000000          0 0  
                            gpio2_ick           0            1    83000000          0 0  
                            gpio3_ick           0            1    83000000          0 0  
                            gpio4_ick           0            1    83000000          0 0  
                            gpio5_ick           0            1    83000000          0 0  
                            gpio6_ick           0            1    83000000          0 0  
                         core_l4_ick          19           20    83000000          0 0  
                            mmchs3_ick           1            1    83000000          0 0  
                            usbtll_ick           1            1    83000000          0 0  
                            uart4_ick_am35xx           0            0    83000000          0 0  
                            sha12_ick           0            0    83000000          0 0  
                            aes2_ick           0            0    83000000          0 0  
                            omapctrl_ick           1            1    83000000          0 0  
                            mcbsp1_ick           1            1    83000000          0 0  
                            mcbsp5_ick           1            1    83000000          0 0  
                            gpt10_ick           1            1    83000000          0 0  
                            gpt11_ick           1            1    83000000          0 0  
                            uart1_ick           1            1    83000000          0 0  
                            uart2_ick           1            1    83000000          0 0  
                            i2c1_ick           1            1    83000000          0 0  
                            i2c2_ick           1            1    83000000          0 0  
                            i2c3_ick           1            1    83000000          0 0  
                            mcspi1_ick           1            1    83000000          0 0  
                            mcspi2_ick           1            1    83000000          0 0  
                            mcspi3_ick           1            1    83000000          0 0  
                            mcspi4_ick           1            1    83000000          0 0  
                            hdq_ick           0            1    83000000          0 0  
                            mmchs1_ick           1            1    83000000          0 0  
                            mmchs2_ick           1            1    83000000          0 0  
                         rm_ick           0            0    41500000          0 0  
                   dpll1_fck              0            0   166000000          0 0  
             dpll3_m3_ck                  0            0   166000000          0 0  
                dpll3_m3x2_mul_ck           0            0   332000000          0 0  
                   dpll3_m3x2_ck           0            0   332000000          0 0  
                      emu_core_alwon_ck           0            0   332000000          0 0  
          dpll4_ck                        1            3   432000000          0 0  
             dpll4_x2_ck                  0            0   864000000          0 0  
             dpll4_m6_ck                  0            0   144000000          0 0  
                dpll4_m6x2_mul_ck           0            0   288000000          0 0  
                   dpll4_m6x2_ck           0            0   288000000          0 0  
                      emu_per_alwon_ck           0            0   288000000          0 0  
             dpll4_m5_ck                  0            0   108000000          0 0  
                dpll4_m5x2_mul_ck           0            0   216000000          0 0  
                   dpll4_m5x2_ck           0            0   216000000          0 0  
             dpll4_m4_ck                  0            1   216000000          0 0  
                dpll4_m4x2_mul_ck           0            1   432000000          0 0  
                   dpll4_m4x2_ck           0            1   432000000          0 0  
                      dss1_alwon_fck_3430es2           0            4   432000000          0 0  
             dpll4_m3_ck                  0            1    27000000          0 0  
                dpll4_m3x2_mul_ck           0            1    54000000          0 0  
                   dpll4_m3x2_ck           0            1    54000000          0 0  
                      omap_54m_fck           0            1    54000000          0 0  
                         clkout2_src_ck           0            0    54000000          0 0  
                            sys_clkout2           0            0    54000000          0 0  
                         dss_tv_fck           0            2    54000000          0 0  
             dpll4_m2_ck                  1            1    48000000          0 0  
                dpll4_m2x2_mul_ck           1            1    96000000          0 0  
                   dpll4_m2x2_ck           1            1    96000000          0 0  
                      omap_192m_alwon_fck           0            0    96000000          0 0  
                      omap_96m_alwon_fck           1            2    96000000          0 0  
                         per_96m_fck           0            6    96000000          0 0  
                            mcbsp4_fck           0            1    96000000          0 0  
                            mcbsp3_fck           0            2    96000000          0 0  
                            mcbsp2_fck           0            2    96000000          0 0  
                         cm_96m_fck           1            2    96000000          0 0  
                            cm_96m_d2_fck           1            1    48000000          0 0  
                               omap_48m_fck           2            4    48000000          0 0  
                                  usbhost_48m_fck           0            1    48000000          0 0  
                                  per_48m_fck           1            1    48000000          0 0  
                                     uart3_fck           1            1    48000000          0 0  
                                  core_48m_fck           2            7    48000000          0 0  
                                     uart4_fck_am35xx           0            1    48000000          0 0  
                                     uart1_fck           1            2    48000000          0 0  
                                     uart2_fck           1            1    48000000          0 0  
                                     mcspi1_fck           0            1    48000000          0 0  
                                     mcspi2_fck           0            1    48000000          0 0  
                                     mcspi3_fck           0            1    48000000          0 0  
                                     mcspi4_fck           0            1    48000000          0 0  
                                  omap_12m_fck           0            1    12000000          0 0  
                                     core_12m_fck           0            1    12000000          0 0  
                                        hdq_fck             0            1    12000000          0 0  
                            omap_96m_fck           0            2    96000000          0 0  
                               dss_96m_fck           0            2    96000000          0 0  
                               core_96m_fck           0           10    96000000          0 0  
