- 03:10:59 [INFO] Starting target session
- 03:11:00 [INFO] Connected to am3517-evm via serial 
- 03:11:00 [INFO] Host: #check prompt
- 03:11:03 [ERROR] On command: #check prompt waiting for #check prompt.+?(?-mix:((?-mix:login:)|[Pp]assword)) >>> error: execution expired
- 03:11:03 [INFO] Target: 
#check prompt
root@am3517-evm:/test# 
- 03:11:03 [INFO] Host: #check prompt
- 03:11:03 [INFO] Target: 
#check prompt
root@am3517-evm:/test# 
- 03:11:03 [INFO] Host: sync;poweroff
- 03:11:17 [INFO] Target: 
sync;poweroff
Broadcast message from root@am3517-evm (ttyO2) (Thu Aug 28 21:26:13 2014):
The system is going down for system halt NOWRroot@am3517-evm:/test# 
INIT: Sending processes the TERM signal
INIT: Sending processes the KILhwclock: can't open '/dev/misc/rtc': No such file or directory
Stopping syslogd/klogd: stopped syslogd (pid 1158)
stopped klogd (pid 1161)
done
Deconfiguring network interfaces... ifdown: interface eth0 not configured
done.
Sending all processes the TERM signal...
Sending all processes the KILL signal...
Unmounting remote filesystems...
Deactivating swap...
Unmounting local filesystems...
[72209.915540] reboot: System halted
- 03:11:17 [INFO] Disconnected serial from am3517-evm
- 03:11:39 [INFO] Connected to am3517-evm via serial 
- 03:11:39 [INFO] Host: 
- 03:11:40 [ERROR] On command:  waiting for (?-mix:AM3517_EVM\s*#) >>> error: execution expired
- 03:11:40 [INFO] Target: 
tm1`U
- 03:11:40 [INFO] Host: 
- 03:11:40 [ERROR] On command:  waiting for (?-mix:AM3517_EVM\s*#) >>> error: execution expired
- 03:11:40 [INFO] Target: 
U-Boot SPL 2011.09-00000-g9cf431d (Jun 25 2013 - 15:14:11)
Texas Instruments Revision detection unimplemented
- 03:11:40 [INFO] Host: 
- 03:11:41 [ERROR] On command:  waiting for (?-mix:AM3517_EVM\s*#) >>> error: execution expired
- 03:11:41 [INFO] Target: 
OMAP SD/MMC: 0
reading u-boot.img
reading u-boot.img
U-Boot 2011.09-00000-g9cf431d (Jun 25 2013 - 15:14:11)
AM35XX-GP ES2.0, CPU-OPP2, L3-165MHz, Max CPU Clock 600 Mhz
AM3517EVM Board + LPDDR/NAND
I2C:   ready
DRAM:  256 MiB
WARNING: Caches not enabled
NAND:  HW ECC [Kernel/FS layout] selected
512 MiB
MMC:   OMAP SD/MMC: 0
- 03:11:41 [INFO] Host: 
- 03:11:41 [ERROR] On command:  waiting for (?-mix:AM3517_EVM\s*#) >>> error: execution expired
- 03:11:41 [INFO] Target: 
- 03:11:41 [INFO] Host: 
- 03:11:42 [INFO] Target: 
In:    serial
Out:   serial
Err:   serial
Die ID #5f5c00010000000001685a201600f025
Net:   Ethernet PHY: GENERIC @ 0x00
DaVinci-EMAC
Hit any key to stop autoboot:  3  0 
AM3517_EVM # 
AM3517_EVM # 
- 03:11:42 [INFO] Host: 
- 03:11:42 [INFO] Target: 
AM3517_EVM # 
- 03:11:42 [INFO] Host: version
- 03:11:42 [INFO] Target: 
version
U-Boot 2011.09-00000-g9cf431d (Jun 25 2013 - 15:14:11)
arm-linux-gnueabihf-gcc (crosstool-NG linaro-1.13.1-4.7-2013.03-20130313 - Linaro GCC 2013.03) 4.7.3 20130226 (prerelease)
GNU ld (crosstool-NG linaro-1.13.1-4.7-2013.03-20130313 - Linaro GCC 2013.03) 2.23.1
AM3517_EVM # 
- 03:11:42 [INFO] Host: setenv bootargs 'console=ttyO2,115200n8 debug ignore_loglevel earlyprintk root=/dev/mmcblk0p2 rootwait nohlt '
- 03:11:42 [INFO] Target: 
setenv bootargs 'console=ttyO2,115200n8 debug ignore_loglevel earlyprintk root=/dev/mmcblk0p2 rootwait nohlt '
AM3517_EVM # 
- 03:11:42 [INFO] Host: setenv bootcmd  ''
- 03:11:42 [INFO] Target: 
setenv bootcmd  ''
AM3517_EVM # 
- 03:11:42 [INFO] Host: setenv autoload 'no'
- 03:11:42 [INFO] Target: 
setenv autoload 'no'
AM3517_EVM # 
- 03:11:42 [INFO] Host: setenv serverip '10.218.102.142'
- 03:11:42 [INFO] Target: 
setenv serverip '10.218.102.142'
AM3517_EVM # 
- 03:11:42 [INFO] Host: printenv
- 03:11:42 [INFO] Target: 
printenv
autoload=no
baudrate=115200
bootargs=console=ttyO2,115200n8 debug ignore_loglevel earlyprintk root=/dev/mmcblk0p2 rootwait nohlt 
bootargs_defaults=setenv bootargs console=${console} ${optargs}
bootcmd=
bootdelay=3
bootenv=uEnv.txt
bootfile=tigt-0001-desktop/2012-09-19t22-05-12-184/am3517-evm/70132be54a7f7fcf07b00ec4a126f0b2
bootscript=echo Running bootscript from mmc ...; source ${loadaddr}
console=ttyO2,115200n8
dieid#=5f5c00010000000001685a201600f025
ethact=DaVinci-EMAC
ethaddr=40:98:4e:74:71:9d
importbootenv=echo Importing environment from mmc ...; env import -t $loadaddr $filesize
kloadaddr=0x80007fc0
loadaddr=0x82000000
loadbootenv=fatload mmc ${mmc_dev} ${loadaddr} ${bootenv}
loadbootscript=fatload mmc ${mmcdev} ${loadaddr} boot.scr
loaduimage=fatload mmc ${mmcdev} ${kloadaddr} uImage
mmc_load_uimage=mmc rescan; fatload mmc 0 ${loadaddr} uImage
mmcargs=run bootargs_defaults; setenv bootargs ${bootargs} root=/dev/mmcblk0p2 rw rootfstype=ext3 rootwait
mmcboot=echo Booting from mmc ...; run mmcargs; bootm ${kloadaddr}; 
mmcdev=0
nandargs=run bootargs_defaults; setenv bootargs ${bootargs} root=/dev/mtdblock4 rw rootfstype=jffs2
nandboot=echo Booting from nand ...; run nandargs; nand read ${kloadaddr} 280000 400000; bootm ${kloadaddr}; 
nfs_root_path=10.218.102.142:/home/tigt-0001/NFS_exports/am3517/autofs/ae0d8e03f9b2bf510b0c654ac60741c7
ramdisk_addr=0x8A080000
serverip=10.218.102.142
stderr=serial
stdin=serial
stdout=serial
Environment size: 1515/131068 bytes
AM3517_EVM # 
- 03:11:42 [INFO] Host: printenv
- 03:11:43 [INFO] Target: 
printenv
autoload=no
baudrate=115200
bootargs=console=ttyO2,115200n8 debug ignore_loglevel earlyprintk root=/dev/mmcblk0p2 rootwait nohlt 
bootargs_defaults=setenv bootargs console=${console} ${optargs}
bootcmd=
bootdelay=3
bootenv=uEnv.txt
bootfile=tigt-0001-desktop/2012-09-19t22-05-12-184/am3517-evm/70132be54a7f7fcf07b00ec4a126f0b2
bootscript=echo Running bootscript from mmc ...; source ${loadaddr}
console=ttyO2,115200n8
dieid#=5f5c00010000000001685a201600f025
ethact=DaVinci-EMAC
ethaddr=40:98:4e:74:71:9d
importbootenv=echo Importing environment from mmc ...; env import -t $loadaddr $filesize
kloadaddr=0x80007fc0
loadaddr=0x82000000
loadbootenv=fatload mmc ${mmc_dev} ${loadaddr} ${bootenv}
loadbootscript=fatload mmc ${mmcdev} ${loadaddr} boot.scr
loaduimage=fatload mmc ${mmcdev} ${kloadaddr} uImage
mmc_load_uimage=mmc rescan; fatload mmc 0 ${loadaddr} uImage
mmcargs=run bootargs_defaults; setenv bootargs ${bootargs} root=/dev/mmcblk0p2 rw rootfstype=ext3 rootwait
mmcboot=echo Booting from mmc ...; run mmcargs; bootm ${kloadaddr}; 
mmcdev=0
nandargs=run bootargs_defaults; setenv bootargs ${bootargs} root=/dev/mtdblock4 rw rootfstype=jffs2
nandboot=echo Booting from nand ...; run nandargs; nand read ${kloadaddr} 280000 400000; bootm ${kloadaddr}; 
nfs_root_path=10.218.102.142:/home/tigt-0001/NFS_exports/am3517/autofs/ae0d8e03f9b2bf510b0c654ac60741c7
ramdisk_addr=0x8A080000
serverip=10.218.102.142
stderr=serial
stdin=serial
stdout=serial
Environment size: 1515/131068 bytes
AM3517_EVM # 
- 03:11:43 [INFO] Host: setenv bootargs ''${bootargs}' ip=dhcp '
- 03:11:43 [INFO] Target: 
setenv bootargs ''${bootargs}' ip=dhcp '
AM3517_EVM # 
- 03:11:43 [INFO] Host: setenv serverip '10.218.102.142'
- 03:11:43 [INFO] Target: 
setenv serverip '10.218.102.142'
AM3517_EVM # 
- 03:11:43 [INFO] Host: setenv ipaddr dhcp
- 03:11:43 [INFO] Target: 
setenv ipaddr dhcp
AM3517_EVM # 
- 03:11:43 [INFO] Host: setenv autoload 'no'
- 03:11:43 [INFO] Target: 
setenv autoload 'no'
AM3517_EVM # 
- 03:11:43 [INFO] Host: dhcp
- 03:11:44 [INFO] Target: 
dhcp
BOOTP broadcast 1
DHCP client bound to address 10.218.102.209
AM3517_EVM # 
- 03:11:44 [INFO] Host: setenv serverip '10.218.102.142'
- 03:11:44 [INFO] Target: 
setenv serverip '10.218.102.142'
AM3517_EVM # 
- 03:11:44 [INFO] Host: tftp ${loadaddr} 10.218.102.142:vatf_am3517-evm/3369c872fb87a02bf2eece909b356647
- 03:11:51 [INFO] Target: 
tftp ${loadaddr} 10.218.102.142:vatf_am3517-evm/3369c872fb87a02bf2eece909b356647
Using DaVinci-EMAC device
TFTP from server 10.218.102.142; our IP address is 10.218.102.209
Filename 'vatf_am3517-evm/3369c872fb87a02bf2eece909b356647'.
Load address: 0x82000000
Loading: *#################################################################
	 #################################################################
	 #################################################################
	 #################################################################
	 #################################################################
	 #################################################################
	 #################################################################
	 #################################################################
	 #################################################################
	 #################################################################
	 #################################################################
	 #################################################################
	 #################################################################
	 #################################################################
	 #####################
done
Bytes transferred = 4762538 (48abaa hex)
AM3517_EVM # 
- 03:11:51 [INFO] Host: ls mmc 0:1
- 03:11:51 [INFO] Target: 
ls mmc 0:1
ls - list files in a directory (default /)
Usage:
ls [ directory ]
AM3517_EVM # 
- 03:11:51 [INFO] Host: ls mmc 0:2
- 03:11:51 [INFO] Target: 
ls mmc 0:2
ls - list files in a directory (default /)
Usage:
ls [ directory ]
AM3517_EVM # 
- 03:11:51 [INFO] Host: ls mmc 0:3
- 03:11:51 [INFO] Target: 
ls mmc 0:3
ls - list files in a directory (default /)
Usage:
ls [ directory ]
AM3517_EVM # 
- 03:11:51 [INFO] Host: ls mmc 0:4
- 03:11:51 [INFO] Target: 
ls mmc 0:4
ls - list files in a directory (default /)
Usage:
ls [ directory ]
AM3517_EVM # 
- 03:11:51 [INFO] Host: ls mmc 0:5
- 03:11:51 [INFO] Target: 
ls mmc 0:5
ls - list files in a directory (default /)
Usage:
ls [ directory ]
AM3517_EVM # 
- 03:11:51 [INFO] Host: part uuid mmc 0:
- 03:11:51 [INFO] Target: 
part uuid mmc 0:
Unknown command 'part' - try 'help'
AM3517_EVM # 
- 03:11:51 [INFO] Host: printenv
- 03:11:51 [INFO] Target: 
printenv
autoload=no
baudrate=115200
bootargs=console=ttyO2,115200n8 debug ignore_loglevel earlyprintk root=/dev/mmcblk0p2 rootwait nohlt ip=dhcp
bootargs_defaults=setenv bootargs console=${console} ${optargs}
bootcmd=
bootdelay=3
bootenv=uEnv.txt
bootfile=tigt-0001-desktop/2012-09-19t22-05-12-184/am3517-evm/70132be54a7f7fcf07b00ec4a126f0b2
bootscript=echo Running bootscript from mmc ...; source ${loadaddr}
console=ttyO2,115200n8
dieid#=5f5c00010000000001685a201600f025
dnsip=192.0.2.2
dnsip2=192.0.2.3
ethact=DaVinci-EMAC
ethaddr=40:98:4e:74:71:9d
fileaddr=82000000
filesize=48ABAA
importbootenv=echo Importing environment from mmc ...; env import -t $loadaddr $filesize
ipaddr=10.218.102.209
kloadaddr=0x80007fc0
loadaddr=0x82000000
loadbootenv=fatload mmc ${mmc_dev} ${loadaddr} ${bootenv}
loadbootscript=fatload mmc ${mmcdev} ${loadaddr} boot.scr
loaduimage=fatload mmc ${mmcdev} ${kloadaddr} uImage
mmc_load_uimage=mmc rescan; fatload mmc 0 ${loadaddr} uImage
mmcargs=run bootargs_defaults; setenv bootargs ${bootargs} root=/dev/mmcblk0p2 rw rootfstype=ext3 rootwait
mmcboot=echo Booting from mmc ...; run mmcargs; bootm ${kloadaddr}; 
mmcdev=0
nandargs=run bootargs_defaults; setenv bootargs ${bootargs} root=/dev/mtdblock4 rw rootfstype=jffs2
nandboot=echo Booting from nand ...; run nandargs; nand read ${kloadaddr} 280000 400000; bootm ${kloadaddr}; 
netmask=255.255.255.0
nfs_root_path=10.218.102.142:/home/tigt-0001/NFS_exports/am3517/autofs/ae0d8e03f9b2bf510b0c654ac60741c7
ramdisk_addr=0x8A080000
serverip=10.218.102.142
stderr=serial
stdin=serial
stdout=serial
Environment size: 1645/131068 bytes
AM3517_EVM # 
- 03:11:51 [INFO] Host: setenv bootargs ''${bootargs}' root=/dev/mmcblk0p2 rw rootfstype=ext3 rootwait '
- 03:11:51 [INFO] Target: 
setenv bootargs ''${bootargs}' root=/dev/mmcblk0p2 rw rootfstype=ext3 rootwait '
AM3517_EVM # 
- 03:11:51 [INFO] Host: printenv
- 03:11:51 [INFO] Target: 
printenv
autoload=no
baudrate=115200
bootargs=console=ttyO2,115200n8 debug ignore_loglevel earlyprintk root=/dev/mmcblk0p2 rootwait nohlt ip=dhcp root=/dev/mmcblk0p2 rw rootfstype=ext3 rootwait
bootargs_defaults=setenv bootargs console=${console} ${optargs}
bootcmd=
bootdelay=3
bootenv=uEnv.txt
bootfile=tigt-0001-desktop/2012-09-19t22-05-12-184/am3517-evm/70132be54a7f7fcf07b00ec4a126f0b2
bootscript=echo Running bootscript from mmc ...; source ${loadaddr}
console=ttyO2,115200n8
dieid#=5f5c00010000000001685a201600f025
dnsip=192.0.2.2
dnsip2=192.0.2.3
ethact=DaVinci-EMAC
ethaddr=40:98:4e:74:71:9d
fileaddr=82000000
filesize=48ABAA
importbootenv=echo Importing environment from mmc ...; env import -t $loadaddr $filesize
ipaddr=10.218.102.209
kloadaddr=0x80007fc0
loadaddr=0x82000000
loadbootenv=fatload mmc ${mmc_dev} ${loadaddr} ${bootenv}
loadbootscript=fatload mmc ${mmcdev} ${loadaddr} boot.scr
loaduimage=fatload mmc ${mmcdev} ${kloadaddr} uImage
mmc_load_uimage=mmc rescan; fatload mmc 0 ${loadaddr} uImage
mmcargs=run bootargs_defaults; setenv bootargs ${bootargs} root=/dev/mmcblk0p2 rw rootfstype=ext3 rootwait
mmcboot=echo Booting from mmc ...; run mmcargs; bootm ${kloadaddr}; 
mmcdev=0
nandargs=run bootargs_defaults; setenv bootargs ${bootargs} root=/dev/mtdblock4 rw rootfstype=jffs2
nandboot=echo Booting from nand ...; run nandargs; nand read ${kloadaddr} 280000 400000; bootm ${kloadaddr}; 
netmask=255.255.255.0
nfs_root_path=10.218.102.142:/home/tigt-0001/NFS_exports/am3517/autofs/ae0d8e03f9b2bf510b0c654ac60741c7
ramdisk_addr=0x8A080000
serverip=10.218.102.142
stderr=serial
stdin=serial
stdout=serial
Environment size: 1693/131068 bytes
AM3517_EVM # 
- 03:11:51 [INFO] Host: setenv bootcmd ''${bootcmd}' if iminfo ${loadaddr}; then bootm ${loadaddr}  ; else bootz ${loadaddr}  ; bootm ${loadaddr}  ; fi'
- 03:11:51 [INFO] Target: 
setenv bootcmd ''${bootcmd}' if iminfo ${loadaddr}; then bootm ${loadaddr}  ; else bootz ${loadaddr}  ; bootm ${loadaddr}  ; fi'
AM3517_EVM # 
- 03:11:51 [INFO] Host: bdinfo
- 03:11:52 [INFO] Target: 
bdinfo
arch_number = 0x00000898
boot_params = 0x80000100
DRAM bank   = 0x00000000
-> start    = 0x80000000
-> size     = 0x10000000
DRAM bank   = 0x00000001
-> start    = 0x80000000
-> size     = 0x00000000
ethaddr     = 40:98:4e:74:71:9d
ip_addr     = 10.218.102.209
baudrate    = 115200 bps
TLB addr    = 0x8FFF0000
relocaddr   = 0x8FF71000
reloc off   = 0x0FE71000
irq_sp      = 0x8FF30F68
sp start    = 0x8FF30F58
FB base     = 0x00000000
AM3517_EVM # 
- 03:11:52 [INFO] Host: mmc rescan
- 03:11:52 [INFO] Target: 
mmc rescan
AM3517_EVM # 
- 03:11:52 [INFO] Host: fatwrite mmc ${mmcdev}:1 ${loadaddr} ws-calibrate.rules 4
- 03:11:52 [INFO] Target: 
fatwrite mmc ${mmcdev}:1 ${loadaddr} ws-calibrate.rules 4
Unknown command 'fatwrite' - try 'help'
AM3517_EVM # 
- 03:11:52 [INFO] Host: boot
- 03:12:42 [INFO] Target: 
boot
Unknown command 'iminfo' - try 'help'
Unknown command 'bootz' - try 'help'
## Booting kernel from Legacy Image at 82000000 ...
   Image Name:   Linux-3.19.0-rc5-00002-g3a305435
   Image Type:   ARM Linux Kernel Image (uncompressed)
   Data Size:    4762474 Bytes = 4.5 MiB
   Load Address: 80800000
   Entry Point:  80800000
   Verifying Checksum ... OK
   Loading Kernel Image ... OK
Starting kernel ...
[    0.000000] Booting Linux on physical CPU 0x0
[    0.000000] Initializing cgroup subsys cpuset
[    0.000000] Initializing cgroup subsys cpu
[    0.000000] Initializing cgroup subsys cpuacct
[    0.000000] Linux version 3.19.0-rc5-00002-g3a3054358c6d (nmenon@kahuna) (gcc version 4.6.3 (Ubuntu/Linaro 4.6.3-1ubuntu5) ) #1 SMP Mon Jan 19 02:03:37 CST 2015
[    0.000000] CPU: ARMv7 Processor [411fc087] revision 7 (ARMv7), cr=10c5387d
[    0.000000] CPU: PIPT / VIPT nonaliasing data cache, VIPT nonaliasing instruction cache
[    0.000000] Machine model: TI AM3517 EVM (AM3517/05 TMDSEVM3517)
[    0.000000] debug: ignoring loglevel setting.
[    0.000000] cma: Reserved 16 MiB at 0x8e800000
[    0.000000] Memory policy: Data cache writeback
[    0.000000] On node 0 totalpages: 65280
[    0.000000] free_area_init_node: node 0, pgdat c096ee00, node_mem_map cfcb1000
[    0.000000]   Normal zone: 576 pages used for memmap
[    0.000000]   Normal zone: 0 pages reserved
[    0.000000]   Normal zone: 65280 pages, LIFO batch:15
[    0.000000] CPU: All CPU(s) started in SVC mode.
[    0.000000] AM3517 ES1.1 (l2cache sgx neon )
[    0.000000] PERCPU: Embedded 11 pages/cpu @cfc48000 s14912 r8192 d21952 u45056
[    0.000000] pcpu-alloc: s14912 r8192 d21952 u45056 alloc=11*4096
[    0.000000] pcpu-alloc: [0] 0 
[    0.000000] Built 1 zonelists in Zone order, mobility grouping on.  Total pages: 64704
[    0.000000] Kernel command line: console=ttyO2,115200n8 debug ignore_loglevel earlyprintk root=/dev/mmcblk0p2 rootwait nohlt ip=dhcp root=/dev/mmcblk0p2 rw rootfstype=ext3 rootwait
[    0.000000] PID hash table entries: 1024 (order: 0, 4096 bytes)
[    0.000000] Dentry cache hash table entries: 32768 (order: 5, 131072 bytes)
[    0.000000] Inode-cache hash table entries: 16384 (order: 4, 65536 bytes)
[    0.000000] Memory: 223812K/261120K available (6189K kernel code, 675K rwdata, 2356K rodata, 428K init, 8221K bss, 20924K reserved, 16384K cma-reserved, 0K highmem)
[    0.000000] Virtual kernel memory layout:
[    0.000000]     vector  : 0xffff0000 - 0xffff1000   (   4 kB)
[    0.000000]     fixmap  : 0xffc00000 - 0xfff00000   (3072 kB)
[    0.000000]     vmalloc : 0xd0800000 - 0xff000000   ( 744 MB)
[    0.000000]     lowmem  : 0xc0000000 - 0xd0000000   ( 256 MB)
[    0.000000]     pkmap   : 0xbfe00000 - 0xc0000000   (   2 MB)
[    0.000000]     modules : 0xbf000000 - 0xbfe00000   (  14 MB)
[    0.000000]       .text : 0xc0008000 - 0xc0860770   (8546 kB)
[    0.000000]       .init : 0xc0861000 - 0xc08cc000   ( 428 kB)
[    0.000000]       .data : 0xc08cc000 - 0xc0974c28   ( 676 kB)
[    0.000000]        .bss : 0xc0974c28 - 0xc117c388   (8222 kB)
[    0.000000] Hierarchical RCU implementation.
[    0.000000] 	RCU restricting CPUs from NR_CPUS=2 to nr_cpu_ids=1.
[    0.000000] RCU: Adjusting geometry for rcu_fanout_leaf=16, nr_cpu_ids=1
[    0.000000] NR_IRQS:16 nr_irqs:16 16
[    0.000000] IRQ: Found an INTC at 0xfa200000 (revision 4.0) with 96 interrupts
[    0.000000] Clocking rate (Crystal/Core/MPU): 26.0/332/600 MHz
[    0.000000] OMAP clockevent source: timer2 at 13000000 Hz
[    0.000033] sched_clock: 32 bits at 13MHz, resolution 76ns, wraps every 330382100403ns
[    0.000145] OMAP clocksource: timer1 at 13000000 Hz
[    0.001510] Console: colour dummy device 80x30
[    0.001600] Lock dependency validator: Copyright (c) 2006 Red Hat, Inc., Ingo Molnar
[    0.001617] ... MAX_LOCKDEP_SUBCLASSES:  8
[    0.001633] ... MAX_LOCK_DEPTH:          48
[    0.001648] ... MAX_LOCKDEP_KEYS:        8191
[    0.001662] ... CLASSHASH_SIZE:          4096
[    0.001677] ... MAX_LOCKDEP_ENTRIES:     32768
[    0.001691] ... MAX_LOCKDEP_CHAINS:      65536
[    0.001706] ... CHAINHASH_SIZE:          32768
[    0.001721]  memory used by lock dependency info: 5167 kB
[    0.001736]  per task-struct memory footprint: 1152 bytes
[    0.001781] Calibrating delay loop... 594.73 BogoMIPS (lpj=2973696)
[    0.096287] pid_max: default: 32768 minimum: 301
[    0.096916] Security Framework initialized
[    0.097204] Mount-cache hash table entries: 1024 (order: 0, 4096 bytes)
[    0.097233] Mountpoint-cache hash table entries: 1024 (order: 0, 4096 bytes)
[    0.102162] Initializing cgroup subsys memory
[    0.102293] Initializing cgroup subsys devices
[    0.102436] Initializing cgroup subsys freezer
[    0.102570] Initializing cgroup subsys blkio
[    0.102700] Initializing cgroup subsys perf_event
[    0.102830] CPU: Testing write buffer coherency: ok
[    0.104937] CPU0: thread -1, cpu 0, socket -1, mpidr 0
[    0.105152] Setting up static identity map for 0x805dda10 - 0x805dda80
[    0.110981] Brought up 1 CPUs
[    0.111017] SMP: Total of 1 processors activated (594.73 BogoMIPS).
[    0.111036] CPU: All CPU(s) started in SVC mode.
[    0.115849] devtmpfs: initialized
[    0.120194] VFP support v0.3: implementor 41 architecture 3 part 30 variant c rev 1
[    0.191661] omap_hwmod: mcbsp2_sidetone using broken dt data from mcbsp
[    0.193709] omap_hwmod: mcbsp3_sidetone using broken dt data from mcbsp
[    0.286864] pinctrl core: initialized pinctrl subsystem
[    0.383597] NET: Registered protocol family 16
[    0.393899] DMA: preallocated 256 KiB pool for atomic coherent allocations
[    0.397656] cpuidle: using governor ladder
[    0.397706] cpuidle: using governor menu
[    0.407973] Reprogramming SDRC clock to 332000000 Hz
[    0.412413] Address Hole seen by USB_OTG  at address dc0f9c0c
[    0.412443] ------------[ cut here ]------------
[    0.412486] WARNING: CPU: 0 PID: 1 at drivers/bus/omap_l3_smx.c:166 omap3_l3_app_irq+0x100/0x128()
[    0.412505] Modules linked in:
[    0.412540] CPU: 0 PID: 1 Comm: swapper/0 Not tainted 3.19.0-rc5-00002-g3a3054358c6d #1
[    0.412558] Hardware name: Generic AM3517 (Flattened Device Tree)
[    0.412619] [<c00153e8>] (unwind_backtrace) from [<c0011a74>] (show_stack+0x10/0x14)
[    0.412666] [<c0011a74>] (show_stack) from [<c05d53e0>] (dump_stack+0x78/0x94)
[    0.412700] [<c05d53e0>] (dump_stack) from [<c003de14>] (warn_slowpath_common+0x7c/0xb4)
[    0.412728] [<c003de14>] (warn_slowpath_common) from [<c003de68>] (warn_slowpath_null+0x1c/0x24)
[    0.412755] [<c003de68>] (warn_slowpath_null) from [<c033bf80>] (omap3_l3_app_irq+0x100/0x128)
[    0.412790] [<c033bf80>] (omap3_l3_app_irq) from [<c008d3d4>] (handle_irq_event_percpu+0x60/0x230)
[    0.412819] [<c008d3d4>] (handle_irq_event_percpu) from [<c008d5e0>] (handle_irq_event+0x3c/0x5c)
[    0.412850] [<c008d5e0>] (handle_irq_event) from [<c0090244>] (handle_level_irq+0xb4/0x13c)
[    0.412879] [<c0090244>] (handle_level_irq) from [<c008cc7c>] (generic_handle_irq+0x20/0x30)
[    0.412907] [<c008cc7c>] (generic_handle_irq) from [<c008cd90>] (__handle_domain_irq+0x64/0xd8)
[    0.412935] [<c008cd90>] (__handle_domain_irq) from [<c00086f0>] (omap_intc_handle_irq+0xb4/0xc4)
[    0.412970] [<c00086f0>] (omap_intc_handle_irq) from [<c05dbba4>] (__irq_svc+0x44/0x5c)
[    0.412988] Exception stack(0xce095cc8 to 0xce095d10)
[    0.413013] 5cc0:                   00000001 ce0930c8 00000000 ce092b40 60000153 ce02e260
[    0.413037] 5ce0: ce02e260 00000000 00000014 ce02e238 60000153 00000000 ce095ce8 ce095d10
[    0.413057] 5d00: c00837fc c05db748 20000153 ffffffff
[    0.413086] [<c05dbba4>] (__irq_svc) from [<c05db748>] (_raw_spin_unlock_irqrestore+0x34/0x44)
[    0.413115] [<c05db748>] (_raw_spin_unlock_irqrestore) from [<c008ec34>] (__setup_irq+0x2e4/0x4d8)
[    0.413144] [<c008ec34>] (__setup_irq) from [<c008eee0>] (request_threaded_irq+0xb8/0x13c)
[    0.413171] [<c008eee0>] (request_threaded_irq) from [<c033be10>] (omap3_l3_probe+0xf0/0x160)
[    0.413204] [<c033be10>] (omap3_l3_probe) from [<c03a6240>] (platform_drv_probe+0x48/0x98)
[    0.413234] [<c03a6240>] (platform_drv_probe) from [<c03a4c38>] (driver_probe_device+0x10c/0x234)
[    0.413274] [<c03a4c38>] (driver_probe_device) from [<c03a3520>] (bus_for_each_drv+0x5c/0x88)
[    0.413304] [<c03a3520>] (bus_for_each_drv) from [<c03a4af8>] (device_attach+0x74/0x8c)
[    0.413330] [<c03a4af8>] (device_attach) from [<c03a4228>] (bus_probe_device+0x88/0xb0)
[    0.413358] [<c03a4228>] (bus_probe_device) from [<c03a2760>] (device_add+0x2fc/0x4e0)
[    0.413394] [<c03a2760>] (device_add) from [<c04dddfc>] (of_platform_device_create_pdata+0xf0/0x14c)
[    0.413422] [<c04dddfc>] (of_platform_device_create_pdata) from [<c04ddf34>] (of_platform_bus_create+0xdc/0x190)
[    0.413449] [<c04ddf34>] (of_platform_bus_create) from [<c04de048>] (of_platform_populate+0x60/0xa8)
[    0.413480] [<c04de048>] (of_platform_populate) from [<c0873b4c>] (pdata_quirks_init+0x34/0x44)
[    0.413507] [<c0873b4c>] (pdata_quirks_init) from [<c08737dc>] (omap_generic_init+0x10/0x1c)
[    0.413540] [<c08737dc>] (omap_generic_init) from [<c086480c>] (customize_machine+0x1c/0x40)
[    0.413570] [<c086480c>] (customize_machine) from [<c00089e4>] (do_one_initcall+0x80/0x1d8)
[    0.413598] [<c00089e4>] (do_one_initcall) from [<c0861e78>] (kernel_init_freeable+0x1f4/0x2cc)
[    0.413631] [<c0861e78>] (kernel_init_freeable) from [<c05d0744>] (kernel_init+0x8/0xe4)
[    0.413661] [<c05d0744>] (kernel_init) from [<c000e6a8>] (ret_from_fork+0x14/0x2c)
[    0.413837] ---[ end trace 854d3b80e22acf24 ]---
[    0.415058] platform 480c5000.aes: Cannot lookup hwmod 'aes'
[    0.426586] gpiochip_add: registered GPIOs 0 to 31 on device: gpio
[    0.428192] OMAP GPIO hardware version 2.5
[    0.430466] gpiochip_add: registered GPIOs 32 to 63 on device: gpio
[    0.434190] gpiochip_add: registered GPIOs 64 to 95 on device: gpio
[    0.437742] gpiochip_add: registered GPIOs 96 to 127 on device: gpio
[    0.441179] gpiochip_add: registered GPIOs 128 to 159 on device: gpio
[    0.444527] gpiochip_add: registered GPIOs 160 to 191 on device: gpio
[    0.460352] platform 480c3000.sham: Cannot lookup hwmod 'sham'
[    0.461335] platform 480cb000.smartreflex: Cannot lookup hwmod 'smartreflex_core'
[    0.474849] omap-gpmc 6e000000.gpmc: GPMC revision 5.0
[    0.476673] platform 480ab000.usb_otg_hs: Cannot lookup hwmod 'usb_otg_hs'
[    0.480743] No ATAGs?
[    0.480798] hw-breakpoint: debug architecture 0x4 unsupported.
[    0.484934] OMAP DMA hardware revision 4.0
[    0.591585] omap-dma-engine 48056000.dma-controller: OMAP DMA engine driver
[    0.592855] of_get_named_gpiod_flags: can't parse 'gpio' property of node '/vmmc[0]'
[    0.599868] SCSI subsystem initialized
[    0.601032] libata version 3.00 loaded.
[    0.602370] usbcore: registered new interface driver usbfs
[    0.602663] usbcore: registered new interface driver hub
[    0.602901] usbcore: registered new device driver usb
[    0.607074] omap_i2c 48070000.i2c: bus 0 rev3.3 at 400 kHz
[    0.609219] omap_i2c 48072000.i2c: bus 1 rev3.3 at 400 kHz
[    0.610949] omap_i2c 48060000.i2c: bus 2 rev3.3 at 400 kHz
[    0.618495] Switched to clocksource timer1
[    0.869349] NET: Registered protocol family 2
[    0.872031] TCP established hash table entries: 2048 (order: 1, 8192 bytes)
[    0.872290] TCP bind hash table entries: 2048 (order: 4, 73728 bytes)
[    0.873408] TCP: Hash tables configured (established 2048 bind 2048)
[    0.873751] TCP: reno registered
[    0.873799] UDP hash table entries: 256 (order: 2, 20480 bytes)
[    0.874116] UDP-Lite hash table entries: 256 (order: 2, 20480 bytes)
[    0.875859] NET: Registered protocol family 1
[    0.878471] RPC: Registered named UNIX socket transport module.
[    0.878508] RPC: Registered udp transport module.
[    0.878527] RPC: Registered tcp transport module.
[    0.878547] RPC: Registered tcp NFSv4.1 backchannel transport module.
[    0.881053] hw perfevents: enabled with armv7_cortex_a8 PMU driver, 5 counters available
[    0.890227] futex hash table entries: 256 (order: 2, 16384 bytes)
[    0.890643] audit: initializing netlink subsys (disabled)
[    0.891042] audit: type=2000 audit(0.890:1): initialized
[    0.898633] VFS: Disk quotas dquot_6.5.2
[    0.898982] VFS: Dquot-cache hash table entries: 1024 (order 0, 4096 bytes)
[    0.903208] NFS: Registering the id_resolver key type
[    0.903826] Key type id_resolver registered
[    0.903852] Key type id_legacy registered
[    0.904153] jffs2: version 2.2. (NAND) (SUMMARY)   2001-2006 Red Hat, Inc.
[    0.911809] io scheduler noop registered
[    0.911862] io scheduler deadline registered
[    0.912036] io scheduler cfq registered (default)
[    0.916284] pinctrl-single 48002030.pinmux: 284 pins at pa fa002030 size 568
[    0.917123] pinctrl-single 48002a00.pinmux: 46 pins at pa fa002a00 size 92
[    0.925915] Serial: 8250/16550 driver, 4 ports, IRQ sharing enabled
[    0.936462] omap_uart 4806a000.serial: no wakeirq for uart0
[    0.936523] of_get_named_gpiod_flags: can't parse 'rts-gpio' property of node '/ocp/serial@4806a000[0]'
[    0.937436] 4806a000.serial: ttyO0 at MMIO 0x4806a000 (irq = 225, base_baud = 3000000) is a OMAP UART0
[    0.941367] omap_uart 4806c000.serial: no wakeirq for uart0
[    0.941422] of_get_named_gpiod_flags: can't parse 'rts-gpio' property of node '/ocp/serial@4806c000[0]'
[    0.941935] 4806c000.serial: ttyO1 at MMIO 0x4806c000 (irq = 226, base_baud = 3000000) is a OMAP UART1
[    0.944099] omap_uart 49020000.serial: no wakeirq for uart0
[    0.944147] of_get_named_gpiod_flags: can't parse 'rts-gpio' property of node '/ocp/serial@49020000[0]'
[    0.944570] 49020000.serial: ttyO2 at MMIO 0x49020000 (irq = 227, base_baud = 3000000) is a OMAP UART2
[    2.193701] console [ttyO2] enabled
[    2.238995] brd: module loaded
[    2.265301] loop: module loaded
[    2.274234] mtdoops: mtd device (mtddev=name/number) must be supplied
[    2.338452] davinci_mdio davinci_mdio.0: davinci mdio revision 1.5
[    2.344951] davinci_mdio davinci_mdio.0: detected phy mask fffffffe
[    2.357024] libphy: davinci_mdio.0: probed
[    2.361549] davinci_mdio davinci_mdio.0: phy[0]: device davinci_mdio.0:00, driver SMSC LAN8710/LAN8720
[    2.372539] usbcore: registered new interface driver asix
[    2.378536] usbcore: registered new interface driver ax88179_178a
[    2.385137] usbcore: registered new interface driver cdc_ether
[    2.391649] usbcore: registered new interface driver smsc95xx
[    2.397886] usbcore: registered new interface driver net1080
[    2.404093] usbcore: registered new interface driver cdc_subset
[    2.410557] usbcore: registered new interface driver zaurus
[    2.416767] usbcore: registered new interface driver cdc_ncm
[    2.424653] usbcore: registered new interface driver cdc_wdm
[    2.431068] usbcore: registered new interface driver usb-storage
[    2.437663] usbcore: registered new interface driver usbtest
[    2.447100] mousedev: PS/2 mouse device common for all mice
[    2.457407] i2c /dev entries driver
[    2.465245] Driver for 1-wire Dallas network protocol.
[    2.475599] omap_wdt: OMAP Watchdog Timer Rev 0x31: initial timeout 60 sec
[    2.484547] Driver 'mmcblk' needs updating - please use bus_type methods
[    2.493068] of_get_named_gpiod_flags: can't parse 'cd-gpios' property of node '/ocp/mmc@4809c000[0]'
[    2.502717] of_get_named_gpiod_flags: can't parse 'wp-gpios' property of node '/ocp/mmc@4809c000[0]'
[    2.549553] ledtrig-cpu: registered to indicate activity on CPUs
[    2.556777] usbcore: registered new interface driver usbhid
[    2.562713] usbhid: USB HID core driver
[    2.569194] oprofile: using arm/armv7
[    2.574165] TCP: cubic registered
[    2.577707] Initializing XFRM netlink socket
[    2.582505] NET: Registered protocol family 17
[    2.587292] NET: Registered protocol family 15
[    2.592567] Key type dns_resolver registered
[    2.597552] omap2_set_init_voltage: unable to find boot up OPP for vdd_mpu_iva
[    2.605204] omap2_set_init_voltage: unable to set vdd_mpu_iva
[    2.611299] omap2_set_init_voltage: unable to find boot up OPP for vdd_core
[    2.618626] omap2_set_init_voltage: unable to set vdd_core
[    2.625933] cpu cpu0: dev_pm_opp_get_opp_count: device OPP not found (-19)
[    2.634359] PM: no software I/O chain control; some wakeups may be lost
[    2.641397] pm: Failed to request pm_wkup irq
[    2.646033] ThumbEE CPU extension supported.
[    2.650639] Registering SWP/SWPB emulation handler
[    2.655688] SmartReflex Class3 initialized
[    2.672500] drivers/rtc/hctosys.c: unable to open rtc device (rtc0)
[    2.679287] sr_init: No PMIC hook to init smartreflex
[    2.684980] sr_init: platform driver register failed for SR
[    2.807614] mmc0: host does not support reading read-only switch, assuming write-enable
[    2.818383] mmc0: new high speed SDHC card at address b368
[    2.827815] mmcblk0: mmc0:b368 SDC   3.74 GiB 
[    2.840374]  mmcblk0: p1 p2 p3
[   14.909229] kjournald starting.  Commit interval 5 seconds
[   14.915497] EXT3-fs (mmcblk0p2): warning: maximal mount count reached, running e2fsck is recommended
[   15.279485] EXT3-fs (mmcblk0p2): using internal journal
[   15.284982] EXT3-fs (mmcblk0p2): mounted filesystem with ordered data mode
[   15.292471] VFS: Mounted root (ext3 filesystem) on device 179:2.
[   15.304279] devtmpfs: mounted
[   15.308984] Freeing unused kernel memory: 428K (c0861000 - c08cc000)
INIT: version 2.86 booting
Please wait: booting...
Error opening /dev/fb0: No such file or directory
Starting udev
WARNING: -e needs -E or -F
[   16.433659] udevd (79): /proc/79/oom_adj is deprecated, please use /proc/79/oom_score_adj instead.
[   30.654406] kjournald starting.  Commit interval 5 seconds
[   30.660703] EXT3-fs (mmcblk0p3): warning: maximal mount count reached, running e2fsck is recommended
[   30.696319] EXT3-fs (mmcblk0p3): using internal journal
[   30.702038] EXT3-fs (mmcblk0p3): mounted filesystem with ordered data mode
[   30.782199] FAT-fs (mmcblk0p1): Volume was not properly unmounted. Some data may be corrupt. Please run fsck.
[   30.919844] alignment: ignoring faults is unsafe on this CPU.  Defaulting to fixup mode.
Remounting root file system...
Caching udev devnodes
logger: mount: mount point /proc/bus/usb does not exist
ALSA: Restoring mixer settings...
/usr/sbin/alsactl: load_state:1625: No soundcards found...
Configuring network interfaces... ifconfig: SIOCGIFFLAGS: No such device
done.
Setting up IP spoofing protection: rp_filter.
hwclock: can't open '/dev/misc/rtc': No such file or directory
Mon Feb 20 04:16:00 UTC 2012
hwclock: can't open '/dev/misc/rtc': No such file or directory
INIT: Entering runlevel: 5
Starting system message bus: [   36.336977] random: dbus-daemon urandom read with 121 bits of entropy available
dbus.
Starting Hardware abstraction layer hald
[   36.816155] random: nonblocking pool is initialized
Starting Dropbear SSH server: dropbear.
Starting telnet daemon.
Starting syslogd/klogd: done
Starting thttpd.
Starting Lighttpd Web Server: lighttpd.
2012-02-20 04:16:03: (log.c.166) server started 
Starting Matrix GUI application.
***************************************************************
***************************************************************
NOTICE: This file system contains the followin GPLv3 packages:
	binutils-dev
	binutils-symlinks
	binutils
	gdbserver
If you do not wish to distribute GPLv3 components please remove
the above packages prior to distribution.  This can be done using
the opkg remove command.  i.e.:
    opkg remove <package>
Where <package> is the name printed in the list above
NOTE: If the package is a dependency of another package you
      will be notified of the dependent packages.  You should
      use the --force-removal-of-dependent-packages option to
      also remove the dependent packages as well
***************************************************************
***************************************************************
 _____                    _____           _         _   
|  _  |___ ___ ___ ___   |  _  |___ ___  |_|___ ___| |_ 
|     |  _| .'| . | . |  |   __|  _| . | | | -_|  _|  _|
|__|__|_| |__,|_  |___|  |__|  |_| |___|_| |___|___|_|  
              |___|                    |___|            
Arago Project http://arago-project.org am3517-evm ttyO2
Arago 2011.09 am3517-evm ttyO2
am3517-evm login: 
- 03:12:42 [INFO] Host: root
- 03:12:42 [INFO] Target: 
root
root@am3517-evm:~# 
- 03:12:42 [INFO] Host: uname -a
- 03:12:42 [INFO] Target: 
uname -a
Linux am3517-evm 3.19.0-rc5-00002-g3a3054358c6d #1 SMP Mon Jan 19 02:03:37 CST 2015 armv7l unknown
root@am3517-evm:~# 
- 03:12:42 [INFO] Host: cat /proc/cmdline
- 03:12:42 [INFO] Target: 
cat /proc/cmdline
console=ttyO2,115200n8 debug ignore_loglevel earlyprintk root=/dev/mmcblk0p2 rootwait nohlt ip=dhcp root=/dev/mmcblk0p2 rw rootfstype=ext3 rootwait
root@am3517-evm:~# 
- 03:12:42 [INFO] Host: uname -a
- 03:12:43 [INFO] Target: 
uname -a
Linux am3517-evm 3.19.0-rc5-00002-g3a3054358c6d #1 SMP Mon Jan 19 02:03:37 CST 2015 armv7l unknown
root@am3517-evm:~# 
- 03:12:43 [INFO] Host: cat /proc/mtd
- 03:12:43 [INFO] Target: 
cat /proc/mtd
dev:    size   erasesize  name
root@am3517-evm:~# 
- 03:12:53 [INFO] Host: export IPERFHOST=10.218.102.142
- 03:12:54 [INFO] Target: 
export IPERFHOST=10.218.102.142
root@am3517-evm:~# 
- 03:12:54 [INFO] Host: export NFS_SERVER=10.218.102.142
- 03:12:54 [INFO] Target: 
export NFS_SERVER=10.218.102.142
root@am3517-evm:~# 
- 03:12:54 [INFO] Host: export NFS_ROOT_PATH=/home/tigt-0001/NFS_exports/am3517
- 03:12:54 [INFO] Target: 
export NFS_ROOT_PATH=/home/tigt-0001/NFS_exports/am3517
root@am3517-evm:~# 
- 03:12:54 [INFO] Host: mkdir -p -m 777 /test
- 03:12:54 [INFO] Target: 
mkdir -p -m 777 /test
root@am3517-evm:~# 
- 03:12:54 [INFO] Host: cd /test
- 03:12:54 [INFO] Target: 
cd /test
root@am3517-evm:/test# 
- 03:12:54 [INFO] Host: cat > test.sh << EOF
- 03:12:54 [INFO] Target: 
cat > test.sh << EOF
- 03:12:54 [INFO] Host: failtest() {
- 03:12:54 [INFO] Target: 
failtest() {
- 03:12:54 [INFO] Host:   echo 1 >&3
- 03:12:54 [INFO] Target: 
  echo 1 >&3
- 03:12:54 [INFO] Host: }
- 03:12:54 [INFO] Target: 
- 03:12:54 [INFO] Host: timeout=600
- 03:12:54 [INFO] Target: 
timeout=600
- 03:12:54 [INFO] Host: 
- 03:12:54 [INFO] Target: 
- 03:12:54 [INFO] Host: # Start of user's script logic
- 03:12:54 [INFO] Target: 
# Start of user's script logic
- 03:12:54 [INFO] Host: 
- 03:12:54 [INFO] Target: 
- 03:12:54 [INFO] Host: 
- 03:12:54 [INFO] Target: 
- 03:12:54 [INFO] Host: mount -t proc proc /proc 2>/dev/null;
- 03:12:54 [INFO] Target: 
mount -t proc proc /proc 2>/dev/null;
- 03:12:54 [INFO] Host: 
- 03:12:54 [INFO] Target: 
- 03:12:54 [INFO] Host: mount -t sysfs sys /sys 2>/dev/null;
- 03:12:54 [INFO] Target: 
mount -t sysfs sys /sys 2>/dev/null;
- 03:12:54 [INFO] Host: 
- 03:12:55 [INFO] Target: 
- 03:12:55 [INFO] Host: mount -t debugfs none /sys/kernel/debug 2>/dev/null;
- 03:12:55 [INFO] Target: 
mount -t debugfs none /sys/kernel/debug 2>/dev/null;
- 03:12:55 [INFO] Host: 
- 03:12:55 [INFO] Target: 
- 03:12:55 [INFO] Host: echo 'cpuinfo:';cat /proc/cpuinfo; echo '=======';
- 03:12:55 [INFO] Target: 
echo 'cp
- 03:12:55 [INFO] Host: 
- 03:12:55 [INFO] Target: 
uinfo:';cat /proc/cpuinfo; e
- 03:12:55 [INFO] Host: echo 'soc info:';head /sys/devices/soc0/* 2>/dev/null; echo '=======';
- 03:12:55 [INFO] Target: 
cho '=======';
> echo 'soc info:';head /sys/devices/soc0/* 2>/dev/null; e
- 03:12:55 [INFO] Host: 
- 03:12:55 [INFO] Target: 
cho '=======';
- 03:12:55 [INFO] Host: echo 'DT Model info'; head /proc/device-tree/name /proc/device-tree/model /proc/device-tree/compatible 2>/dev/null;echo; echo '=======';
- 03:12:55 [INFO] Target: 
echo 'DT Model info'; head /proc/device-tree/name /proc/device-tree/model /pro
c/device-tr
- 03:12:55 [INFO] Host: 
- 03:12:55 [INFO] Target: 
ee/compatible 2>/dev/null;echo; echo '=======';
- 03:12:55 [INFO] Host: echo 'interrupts:';cat /proc/interrupts; echo '=======';
- 03:12:55 [INFO] Target: 
echo 'interrupts:';cat /proc/interrupts; echo '=======';
- 03:12:55 [INFO] Host: 
- 03:12:55 [INFO] Target: 
- 03:12:55 [INFO] Host: echo 'Clk_summary:';cat /sys/kernel/debug/clk/clk_summary; echo '=======';
- 03:12:55 [INFO] Target: 
echo 'Clk_summary:';cat /sys/kernel/debug/clk/clk_summary; echo '=======';
- 03:12:55 [INFO] Host: 
- 03:12:55 [INFO] Target: 
- 03:12:55 [INFO] Host: echo 'Orphan Clks:';ls /sys/kernel/debug/clk/orphans/; echo '=======';
- 03:12:55 [INFO] Target: 
echo 'Orphan Clks:';ls /sys/kernel/debug/clk/orphans/; echo '=======';
- 03:12:55 [INFO] Host: 
- 03:12:55 [INFO] Target: 
- 03:12:55 [INFO] Host: echo "Available frequencies"; cat /sys/devices/system/cpu/cpu0/cpufreq/scaling_available_frequencies 2>/dev/null;echo '=======';
- 03:12:55 [INFO] Target: 
echo "Available frequenc
- 03:12:55 [INFO] Host: 
- 03:12:55 [INFO] Target: 
ies"; cat /sys/devices/system/cpu/cpu0/cpufreq/scaling
_available_frequencies 2>/dev/null;echo '=======';
- 03:12:55 [INFO] Host: echo 'H''ello World' 'B''oard Booted';
- 03:12:55 [INFO] Target: 
echo 'H''ello World' 'B''oard Booted';
- 03:12:55 [INFO] Host: 
- 03:12:56 [INFO] Target: 
- 03:12:56 [INFO] Host: EOF
- 03:12:56 [INFO] Target: 
root@am3517-evm:/test# 
- 03:12:56 [INFO] Host: cd /test
- 03:12:56 [INFO] Target: 
cd /test
root@am3517-evm:/test# 
- 03:12:56 [INFO] Host: chmod +x test.sh
- 03:12:56 [INFO] Target: 
chmod +x test.sh
root@am3517-evm:/test# 
- 03:12:56 [INFO] Host: ./test.sh 2> stderr.log > stdout.log 3> result.log
- 03:12:56 [INFO] Target: 
./test.sh 2> stderr.log > stdout.log 3> result.log
root@am3517-evm:/test# 
- 03:12:56 [INFO] Host: echo $?
- 03:12:56 [INFO] Target: 
echo $?
root@am3517-evm:/test# 
- 03:12:56 [INFO] Host: cd /test
- 03:12:56 [INFO] Target: 
cd /test
root@am3517-evm:/test# 
- 03:12:56 [INFO] Host: cat stdout.log
- 03:12:58 [INFO] Target: 
cat stdout.log
cpuinfo:
processor	: 0
model name	: ARMv7 Processor rev 7 (v7l)
BogoMIPS	: 594.73
Features	: half thumb fastmult vfp edsp thumbee neon vfpv3 tls vfpd32 
CPU implementer	: 0x41
CPU architecture: 7
CPU variant	: 0x1
CPU part	: 0xc08
CPU revision	: 7
Hardware	: Generic AM3517 (Flattened Device Tree)
Revision	: 0000
Serial		: 0000000000000000
=======
soc info:
==> /sys/devices/soc0/family <==
OMAP3
==> /sys/devices/soc0/machine <==
AM3517
==> /sys/devices/soc0/power <==
==> /sys/devices/soc0/revision <==
ES1.1
==> /sys/devices/soc0/subsystem <==
==> /sys/devices/soc0/type <==
==> /sys/devices/soc0/uevent <==
=======
DT Model info
==> /proc/device-tree/name <==
==> /proc/device-tree/model <==
TI AM3517 EVM (AM3517/05 TMDSEVM3517)
==> /proc/device-tree/compatible <==
ti,am3517-evmti,am3517ti,omap3
=======
interrupts:
           CPU0       
 16:       4505      INTC  38  gp_timer
 19:          0      INTC   9  l3-debug-irq
 20:          1      INTC  10  l3-app-irq
 24:       4089      INTC  13  omap-dma-engine
 28:          0  48310000.gpio   0  DMA
227:       4315      INTC  74  OMAP UART2
228:          0      INTC  56  48070000.i2c
229:          0      INTC  57  48072000.i2c
230:          0      INTC  61  48060000.i2c
236:       7009      INTC  83  mmc0
250:          0      INTC  20  gpmc
IPI0:          0  CPU wakeup interrupts
IPI1:          0  Timer broadcast interrupts
IPI2:          0  Rescheduling interrupts
IPI3:          0  Function call interrupts
IPI4:          0  Single function call interrupts
IPI5:          0  CPU stop interrupts
IPI6:          0  IRQ work interrupts
IPI7:          0  completion interrupts
Err:          0
=======
Clk_summary:
   clock                         enable_cnt  prepare_cnt        rate   accuracy   phase
----------------------------------------------------------------------------------------
 pclk_ck                                  0            0    27000000          0 0  
    vpfe_fck                              0            0    27000000          0 0  
 rmii_ck                                  1            1    50000000          0 0  
    emac_fck                              2            2    50000000          0 0  
 secure_32k_fck                           0            1       32768          0 0  
    wdt1_fck                              0            0       32768          0 0  
    gpt12_fck                             0            1       32768          0 0  
 dummy_ck                                 0            0           0          0 0  
 mcbsp_clks                               0            5           0          0 0  
 sys_altclk                               0            0           0          0 0  
 virt_38_4m_ck                            0            0    38400000          0 0  
 virt_26000000_ck                         1            1    26000000          0 0  
    osc_sys_ck                            1            1    26000000          0 0  
       sys_clkout1                        0            0    26000000          0 0  
       sys_ck                             5           17    13000000          0 0  
          gpt9_fck                        0            1    13000000          0 0  
          gpt8_fck                        0            1    13000000          0 0  
          gpt7_fck                        0            1    13000000          0 0  
          gpt6_fck                        0            1    13000000          0 0  
          gpt5_fck                        0            1    13000000          0 0  
          gpt4_fck                        0            1    13000000          0 0  
          gpt3_fck                        0            1    13000000          0 0  
          gpt2_fck                        1            1    13000000          0 0  
          gpt1_fck                        1            1    13000000          0 0  
          hecc_ck                         0            0    13000000          0 0  
          hsotgusb_fck_am35xx             0            1    13000000          0 0  
          cpefuse_fck                     0            0    13000000          0 0  
          dpll5_ck                        0            1   120000000          0 0  
             dpll5_m2_ck                  0            1   120000000          0 0  
                usbhost_120m_fck           0            0   120000000          0 0  
                usbtll_fck                0            1   120000000          0 0  
          traceclk_src_fck                0            0    13000000          0 0  
             traceclk_fck                 0            0    13000000          0 0  
          emu_src_mux_ck                  0            1    13000000          0 0  
             emu_src_ck                   0            1    13000000          0 0  
                atclk_fck                 0            0    13000000          0 0  
                pclkx2_fck                0            0    13000000          0 0  
                pclk_fck                  0            0     6500000          0 0  
          dss2_alwon_fck                  0            2    13000000          0 0  
          dpll1_ck                        0            1   600000000          0 0  
             dpll1_x2_ck                  0            1  1200000000          0 0  
                dpll1_x2m2_ck             0            1  1200000000          0 0  
                   mpu_ck                 0            1  1200000000          0 0  
                      emu_mpu_alwon_ck           0            0  1200000000          0 0  
                      arm_fck             0            1   600000000          0 0  
          dpll3_ck                        1            1   332000000          0 0  
             dpll3_x2_ck                  0            0   664000000          0 0  
             dpll3_m2_ck                  1            1   332000000          0 0  
                dpll3_m2x2_ck             0            0   664000000          0 0  
                   corex2_fck             0            0   664000000          0 0  
                      corex2_d5_fck           0            0   132800000          0 0  
                      corex2_d3_fck           0            0   221333333          0 0  
                core_ck                   1            1   332000000          0 0  
                   core_d2_ck             0            0   166000000          0 0  
                   core_d6_ck             0            0    55333333          0 0  
                      sgx_fck             0            0    55333333          0 0  
                   core_d4_ck             0            0    83000000          0 0  
                   core_d3_ck             0            0   110666666          0 0  
                   l3_ick                 2            2   166000000          0 0  
                      sgx_ick             0            0   166000000          0 0  
                      core_l3_ick           6            7   166000000          0 0  
                         ipss_ick           2            2   166000000          0 0  
                            hsotgusb_ick_am35xx           2            2   166000000          0 0  
                            vpfe_ick           0            0   166000000          0 0  
                            emac_ick           2            2   166000000          0 0  
                         gpmc_fck           2            2   166000000          0 0  
                         sdrc_ick           1            1   166000000          0 0  
                      l4_ick              4            4    83000000          0 0  
                         usbhost_ick           1            1    83000000          0 0  
                         dss_ick_3430es2           4            6    83000000          0 0  
                         per_l4_ick          13           18    83000000          0 0  
                            mcbsp4_ick           2            2    83000000          0 0  
                            mcbsp3_ick           2            2    83000000          0 0  
                            mcbsp2_ick           1            1    83000000          0 0  
                            gpt2_ick           1            1    83000000          0 0  
                            gpt3_ick           1            1    83000000          0 0  
                            gpt4_ick           1            1    83000000          0 0  
                            gpt5_ick           1            1    83000000          0 0  
                            gpt6_ick           1            1    83000000          0 0  
                            gpt7_ick           1            1    83000000          0 0  
                            gpt8_ick           1            1    83000000          0 0  
                            gpt9_ick           1            1    83000000          0 0  
                            uart4_ick           1            1    83000000          0 0  
                            uart3_ick           1            1    83000000          0 0  
                            wdt3_ick           0            0    83000000          0 0  
                            gpio2_ick           0            1    83000000          0 0  
                            gpio3_ick           0            1    83000000          0 0  
                            gpio4_ick           0            1    83000000          0 0  
                            gpio5_ick           0            1    83000000          0 0  
                            gpio6_ick           0            1    83000000          0 0  
                         core_l4_ick          19           20    83000000          0 0  
                            mmchs3_ick           1            1    83000000          0 0  
                            usbtll_ick           1            1    83000000          0 0  
                            uart4_ick_am35xx           0            0    83000000          0 0  
                            sha12_ick           0            0    83000000          0 0  
                            aes2_ick           0            0    83000000          0 0  
                            omapctrl_ick           1            1    83000000          0 0  
                            mcbsp1_ick           1            1    83000000          0 0  
                            mcbsp5_ick           1            1    83000000          0 0  
                            gpt10_ick           1            1    83000000          0 0  
                            gpt11_ick           1            1    83000000          0 0  
                            uart1_ick           1            1    83000000          0 0  
                            uart2_ick           1            1    83000000          0 0  
                            i2c1_ick           1            1    83000000          0 0  
                            i2c2_ick           1            1    83000000          0 0  
                            i2c3_ick           1            1    83000000          0 0  
                            mcspi1_ick           1            1    83000000          0 0  
                            mcspi2_ick           1            1    83000000          0 0  
                            mcspi3_ick           1            1    83000000          0 0  
                            mcspi4_ick           1            1    83000000          0 0  
                            hdq_ick           0            1    83000000          0 0  
                            mmchs1_ick           1            1    83000000          0 0  
                            mmchs2_ick           1            1    83000000          0 0  
                         rm_ick           0            0    41500000          0 0  
                   dpll1_fck              0            0   166000000          0 0  
             dpll3_m3_ck                  0            0   166000000          0 0  
                dpll3_m3x2_mul_ck           0            0   332000000          0 0  
                   dpll3_m3x2_ck           0            0   332000000          0 0  
                      emu_core_alwon_ck           0            0   332000000          0 0  
          dpll4_ck                        1            3   432000000          0 0  
             dpll4_x2_ck                  0            0   864000000          0 0  
             dpll4_m6_ck                  0            0   144000000          0 0  
                dpll4_m6x2_mul_ck           0            0   288000000          0 0  
                   dpll4_m6x2_ck           0            0   288000000          0 0  
                      emu_per_alwon_ck           0            0   288000000          0 0  
             dpll4_m5_ck                  0            0   108000000          0 0  
                dpll4_m5x2_mul_ck           0            0   216000000          0 0  
                   dpll4_m5x2_ck           0            0   216000000          0 0  
             dpll4_m4_ck                  0            1   216000000          0 0  
                dpll4_m4x2_mul_ck           0            1   432000000          0 0  
                   dpll4_m4x2_ck           0            1   432000000          0 0  
                      dss1_alwon_fck_3430es2           0            4   432000000          0 0  
             dpll4_m3_ck                  0            1    27000000          0 0  
                dpll4_m3x2_mul_ck           0            1    54000000          0 0  
                   dpll4_m3x2_ck           0            1    54000000          0 0  
                      omap_54m_fck           0            1    54000000          0 0  
                         clkout2_src_ck           0            0    54000000          0 0  
                            sys_clkout2           0            0    54000000          0 0  
                         dss_tv_fck           0            2    54000000          0 0  
             dpll4_m2_ck                  1            1    48000000          0 0  
                dpll4_m2x2_mul_ck           1            1    96000000          0 0  
                   dpll4_m2x2_ck           1            1    96000000          0 0  
                      omap_192m_alwon_fck           0            0    96000000          0 0  
                      omap_96m_alwon_fck           1            2    96000000          0 0  
                         per_96m_fck           0            6    96000000          0 0  
                            mcbsp4_fck           0            1    96000000          0 0  
                            mcbsp3_fck           0            2    96000000          0 0  
                            mcbsp2_fck           0            2    96000000          0 0  
                         cm_96m_fck           1            2    96000000          0 0  
                            cm_96m_d2_fck           1            1    48000000          0 0  
                               omap_48m_fck           2            4    48000000          0 0  
                                  usbhost_48m_fck           0            1    48000000          0 0  
                                  per_48m_fck           1            1    48000000          0 0  
                                     uart3_fck           1            1    48000000          0 0  
                                  core_48m_fck           2            7    48000000          0 0  
                                     uart4_fck_am35xx           0            1    48000000          0 0  
                                     uart1_fck           1            2    48000000          0 0  
                                     uart2_fck           1            1    48000000          0 0  
                                     mcspi1_fck           0            1    48000000          0 0  
                                     mcspi2_fck           0            1    48000000          0 0  
                                     mcspi3_fck           0            1    48000000          0 0  
                                     mcspi4_fck           0            1    48000000          0 0  
                                  omap_12m_fck           0            1    12000000          0 0  
                                     core_12m_fck           0            1    12000000          0 0  
                                        hdq_fck             0            1    12000000          0 0  
                            omap_96m_fck           0            2    96000000          0 0  
                               dss_96m_fck           0            2    96000000          0 0  
                               core_96m_fck           0           10    96000000          0 0  
                                  mcbsp1_fck           0            1    96000000          0 0  
                                  mcbsp5_fck           0            1    96000000          0 0  
                                  mmchs3_fck           0            1    96000000          0 0  
                                  i2c1_fck           0            1    96000000          0 0  
                                  i2c2_fck           0            1    96000000          0 0  
                                  i2c3_fck           0            1    96000000          0 0  
                                  mmchs1_fck           0            1    96000000          0 0  
                                  mmchs2_fck           0            1    96000000          0 0  
          wkup_l4_ick                     4            5    13000000          0 0  
             gpt1_ick                     1            1    13000000          0 0  
             gpt12_ick                    1            1    13000000          0 0  
             omap_32ksync_ick             1            1    13000000          0 0  
             gpio1_ick                    0            1    13000000          0 0  
             wdt1_ick                     0            0    13000000          0 0  
             wdt2_ick                     1            1    13000000          0 0  
 virt_19200000_ck                         0            0    19200000          0 0  
 virt_13m_ck                              0            0    13000000          0 0  
 virt_12m_ck                              0            0    12000000          0 0  
 omap_32k_fck                             0            7       32768          0 0  
    gpt11_fck                             0            1       32768          0 0  
    gpt10_fck                             0            1       32768          0 0  
    ts_fck                                0            0       32768          0 0  
    per_32k_alwon_fck                     0            5       32768          0 0  
       wdt3_fck                           0            0       32768          0 0  
       gpio2_dbck                         0            1       32768          0 0  
       gpio3_dbck                         0            1       32768          0 0  
       gpio4_dbck                         0            1       32768          0 0  
       gpio5_dbck                         0            1       32768          0 0  
       gpio6_dbck                         0            1       32768          0 0  
    wkup_32k_fck                          0            3       32768          0 0  
       wdt2_fck                           0            1       32768          0 0  
       gpio1_dbck                         0            1       32768          0 0  
 dummy_apb_pclk                           0            0           0          0 0  
 virt_16_8m_ck                            0            0    16800000          0 0  
=======
Orphan Clks:
=======
Available frequencies
=======
Hello World Board Booted
root@am3517-evm:/test# 
- 03:12:58 [INFO] Host: cat stderr.log
- 03:12:58 [INFO] Target: 
cat stderr.log
ls: /sys/kernel/debug/clk/orphans/: No such file or directory
root@am3517-evm:/test# 
- 03:12:58 [INFO] Host: cat result.log
- 03:13:00 [ERROR] On command: cat result.log waiting for cat result.log.+?(?m-ix:^1[\0\n\r]+) >>> error: execution expired
- 03:13:00 [INFO] Target: 
cat result.log
root@am3517-evm:/test# 
- 03:13:00 [INFO] Host: cd /test
- 03:13:00 [INFO] Target: 
cd /test
root@am3517-evm:/test# 
URL:gtsystest.telogy.design.ti.com/vatf/tigt-0001-desktop/tigt-0001-desktop_vatf@am3517-evm/tigt-0001-desktop01_19_2015_03_10_59/files/session_iteration_1/test_1
