- 06:49:37 [INFO] Starting target session
- 06:49:38 [INFO] Connected to am3517-evm via serial 
- 06:49:38 [INFO] Host: #check prompt
- 06:49:40 [ERROR] On command: #check prompt waiting for #check prompt.+?(?-mix:((?-mix:login:)|[Pp]assword)) >>> error: execution expired
- 06:49:40 [INFO] Target: 
- 06:49:40 [INFO] Host: #check prompt
- 06:49:42 [ERROR] On command: #check prompt waiting for #check prompt.+?(?-mix:[\w\d]+@.+[@:#]+) >>> error: execution expired
- 06:49:42 [INFO] Target: 
- 06:49:42 [INFO] Disconnected serial from am3517-evm
- 06:50:14 [INFO] Connected to am3517-evm via serial 
- 06:50:14 [INFO] Host: 
- 06:50:14 [ERROR] On command:  waiting for (?-mix:AM3517_EVM\s*#) >>> error: execution expired
- 06:50:14 [INFO] Target: 
40mL`U
- 06:50:14 [INFO] Host: 
- 06:50:15 [ERROR] On command:  waiting for (?-mix:AM3517_EVM\s*#) >>> error: execution expired
- 06:50:15 [INFO] Target: 
U-Boot SPL 2011.09-00000-g9cf431d (Jun 25 2013 - 15:14:11)
Texas Instruments Revision detection unimplemented
OMAP SD/MMC: 0
reading u-boot.img
reading u-boot.img
U-Boot 2011.
- 06:50:15 [INFO] Host: 
- 06:50:15 [ERROR] On command:  waiting for (?-mix:AM3517_EVM\s*#) >>> error: execution expired
- 06:50:15 [INFO] Target: 
09-00000-g9cf431d (Jun 25 2013 - 15:14:11)
AM35XX-GP ES2.0, CPU-OPP2, L3-165MHz, Max CPU Clock 600 Mhz
AM3517EVM Board + LPDDR/NAND
I2C:   ready
DRAM:  256 MiB
WARNING: Caches not enabled
NAND:  HW ECC [Kernel/FS layout] selected
512 MiB
MMC:   OMAP SD/MMC: 0
- 06:50:15 [INFO] Host: 
- 06:50:16 [ERROR] On command:  waiting for (?-mix:AM3517_EVM\s*#) >>> error: execution expired
- 06:50:16 [INFO] Target: 
In:    serial
Out:   se
- 06:50:16 [INFO] Host: 
- 06:50:16 [INFO] Target: 
rial
Err:   serial
Die ID #5f5c00010000000001685a201600f025
Net:   Ethernet PHY: GENERIC @ 0x00
DaVinci-EMAC
Hit any key to stop autoboot:  3  0 
AM3517_EVM # 
AM3517_EVM # 
AM3517_EVM # 
- 06:50:16 [INFO] Host: 
- 06:50:16 [INFO] Target: 
AM3517_EVM # 
- 06:50:16 [INFO] Host: version
- 06:50:16 [INFO] Target: 
version
U-Boot 2011.09-00000-g9cf431d (Jun 25 2013 - 15:14:11)
arm-linux-gnueabihf-gcc (crosstool-NG linaro-1.13.1-4.7-2013.03-20130313 - Linaro GCC 2013.03) 4.7.3 20130226 (prerelease)
GNU ld (crosstool-NG linaro-1.13.1-4.7-2013.03-20130313 - Linaro GCC 2013.03) 2.23.1
AM3517_EVM # 
- 06:50:16 [INFO] Host: setenv bootargs 'console=ttyO2,115200n8 debug ignore_loglevel earlyprintk root=/dev/mmcblk0p2 rootwait nohlt '
- 06:50:16 [INFO] Target: 
setenv bootargs 'console=ttyO2,115200n8 debug ignore_loglevel earlyprintk root=/dev/mmcblk0p2 rootwait nohlt '
AM3517_EVM # 
- 06:50:16 [INFO] Host: setenv bootcmd  ''
- 06:50:16 [INFO] Target: 
setenv bootcmd  ''
AM3517_EVM # 
- 06:50:16 [INFO] Host: setenv autoload 'no'
- 06:50:16 [INFO] Target: 
setenv autoload 'no'
AM3517_EVM # 
- 06:50:16 [INFO] Host: setenv serverip '10.218.102.142'
- 06:50:16 [INFO] Target: 
setenv serverip '10.218.102.142'
AM3517_EVM # 
- 06:50:16 [INFO] Host: printenv
- 06:50:16 [INFO] Target: 
printenv
autoload=no
baudrate=115200
bootargs=console=ttyO2,115200n8 debug ignore_loglevel earlyprintk root=/dev/mmcblk0p2 rootwait nohlt 
bootargs_defaults=setenv bootargs console=${console} ${optargs}
bootcmd=
bootdelay=3
bootenv=uEnv.txt
bootfile=tigt-0001-desktop/2012-09-19t22-05-12-184/am3517-evm/70132be54a7f7fcf07b00ec4a126f0b2
bootscript=echo Running bootscript from mmc ...; source ${loadaddr}
console=ttyO2,115200n8
dieid#=5f5c00010000000001685a201600f025
ethact=DaVinci-EMAC
ethaddr=40:98:4e:74:71:9d
importbootenv=echo Importing environment from mmc ...; env import -t $loadaddr $filesize
kloadaddr=0x80007fc0
loadaddr=0x82000000
loadbootenv=fatload mmc ${mmc_dev} ${loadaddr} ${bootenv}
loadbootscript=fatload mmc ${mmcdev} ${loadaddr} boot.scr
loaduimage=fatload mmc ${mmcdev} ${kloadaddr} uImage
mmc_load_uimage=mmc rescan; fatload mmc 0 ${loadaddr} uImage
mmcargs=run bootargs_defaults; setenv bootargs ${bootargs} root=/dev/mmcblk0p2 rw rootfstype=ext3 rootwait
mmcboot=echo Booting from mmc ...; run mmcargs; bootm ${kloadaddr}; 
mmcdev=0
nandargs=run bootargs_defaults; setenv bootargs ${bootargs} root=/dev/mtdblock4 rw rootfstype=jffs2
nandboot=echo Booting from nand ...; run nandargs; nand read ${kloadaddr} 280000 400000; bootm ${kloadaddr}; 
nfs_root_path=10.218.102.142:/home/tigt-0001/NFS_exports/am3517/autofs/ae0d8e03f9b2bf510b0c654ac60741c7
ramdisk_addr=0x8A080000
serverip=10.218.102.142
stderr=serial
stdin=serial
stdout=serial
Environment size: 1515/131068 bytes
AM3517_EVM # 
- 06:50:16 [INFO] Host: printenv
- 06:50:16 [INFO] Target: 
printenv
autoload=no
baudrate=115200
bootargs=console=ttyO2,115200n8 debug ignore_loglevel earlyprintk root=/dev/mmcblk0p2 rootwait nohlt 
bootargs_defaults=setenv bootargs console=${console} ${optargs}
bootcmd=
bootdelay=3
bootenv=uEnv.txt
bootfile=tigt-0001-desktop/2012-09-19t22-05-12-184/am3517-evm/70132be54a7f7fcf07b00ec4a126f0b2
bootscript=echo Running bootscript from mmc ...; source ${loadaddr}
console=ttyO2,115200n8
dieid#=5f5c00010000000001685a201600f025
ethact=DaVinci-EMAC
ethaddr=40:98:4e:74:71:9d
importbootenv=echo Importing environment from mmc ...; env import -t $loadaddr $filesize
kloadaddr=0x80007fc0
loadaddr=0x82000000
loadbootenv=fatload mmc ${mmc_dev} ${loadaddr} ${bootenv}
loadbootscript=fatload mmc ${mmcdev} ${loadaddr} boot.scr
loaduimage=fatload mmc ${mmcdev} ${kloadaddr} uImage
mmc_load_uimage=mmc rescan; fatload mmc 0 ${loadaddr} uImage
mmcargs=run bootargs_defaults; setenv bootargs ${bootargs} root=/dev/mmcblk0p2 rw rootfstype=ext3 rootwait
mmcboot=echo Booting from mmc ...; run mmcargs; bootm ${kloadaddr}; 
mmcdev=0
nandargs=run bootargs_defaults; setenv bootargs ${bootargs} root=/dev/mtdblock4 rw rootfstype=jffs2
nandboot=echo Booting from nand ...; run nandargs; nand read ${kloadaddr} 280000 400000; bootm ${kloadaddr}; 
nfs_root_path=10.218.102.142:/home/tigt-0001/NFS_exports/am3517/autofs/ae0d8e03f9b2bf510b0c654ac60741c7
ramdisk_addr=0x8A080000
serverip=10.218.102.142
stderr=serial
stdin=serial
stdout=serial
Environment size: 1515/131068 bytes
AM3517_EVM # 
- 06:50:16 [INFO] Host: setenv bootargs ''${bootargs}' ip=dhcp '
- 06:50:16 [INFO] Target: 
setenv bootargs ''${bootargs}' ip=dhcp '
AM3517_EVM # 
- 06:50:16 [INFO] Host: setenv serverip '10.218.102.142'
- 06:50:16 [INFO] Target: 
setenv serverip '10.218.102.142'
AM3517_EVM # 
- 06:50:16 [INFO] Host: setenv ipaddr dhcp
- 06:50:17 [INFO] Target: 
setenv ipaddr dhcp
AM3517_EVM # 
- 06:50:17 [INFO] Host: setenv autoload 'no'
- 06:50:17 [INFO] Target: 
setenv autoload 'no'
AM3517_EVM # 
- 06:50:17 [INFO] Host: dhcp
- 06:50:18 [INFO] Target: 
dhcp
BOOTP broadcast 1
DHCP client bound to address 10.218.102.209
AM3517_EVM # 
- 06:50:18 [INFO] Host: setenv serverip '10.218.102.142'
- 06:50:18 [INFO] Target: 
setenv serverip '10.218.102.142'
AM3517_EVM # 
- 06:50:18 [INFO] Host: tftp ${loadaddr} 10.218.102.142:vatf_am3517-evm/281e04c5d92443dff6ea4b6e215458d7
- 06:50:24 [INFO] Target: 
tftp ${loadaddr} 10.218.102.142:vatf_am3517-evm/281e04c5d92443dff6ea4b6e215458d7
Using DaVinci-EMAC device
TFTP from server 10.218.102.142; our IP address is 10.218.102.209
Filename 'vatf_am3517-evm/281e04c5d92443dff6ea4b6e215458d7'.
Load address: 0x82000000
Loading: *#################################################################
	 #################################################################
	 #################################################################
	 #################################################################
	 #################################################################
	 #################################################################
	 #################################################################
	 #################################################################
	 #################################################################
	 #################################################################
	 #################################################################
	 #################################################################
	 #################################################################
	 ################################################################
done
Bytes transferred = 4651114 (46f86a hex)
AM3517_EVM # 
- 06:50:24 [INFO] Host: ls mmc 0:1
- 06:50:24 [INFO] Target: 
ls mmc 0:1
ls - list files in a directory (default /)
Usage:
ls [ directory ]
AM3517_EVM # 
- 06:50:24 [INFO] Host: ls mmc 0:2
- 06:50:24 [INFO] Target: 
ls mmc 0:2
ls - list files in a directory (default /)
Usage:
ls [ directory ]
AM3517_EVM # 
- 06:50:24 [INFO] Host: ls mmc 0:3
- 06:50:24 [INFO] Target: 
ls mmc 0:3
ls - list files in a directory (default /)
Usage:
ls [ directory ]
AM3517_EVM # 
- 06:50:24 [INFO] Host: ls mmc 0:4
- 06:50:24 [INFO] Target: 
ls mmc 0:4
ls - list files in a directory (default /)
Usage:
ls [ directory ]
AM3517_EVM # 
- 06:50:24 [INFO] Host: ls mmc 0:5
- 06:50:25 [INFO] Target: 
ls mmc 0:5
ls - list files in a directory (default /)
Usage:
ls [ directory ]
AM3517_EVM # 
- 06:50:25 [INFO] Host: part uuid mmc 0:
- 06:50:25 [INFO] Target: 
part uuid mmc 0:
Unknown command 'part' - try 'help'
AM3517_EVM # 
- 06:50:25 [INFO] Host: printenv
- 06:50:25 [INFO] Target: 
printenv
autoload=no
baudrate=115200
bootargs=console=ttyO2,115200n8 debug ignore_loglevel earlyprintk root=/dev/mmcblk0p2 rootwait nohlt ip=dhcp
bootargs_defaults=setenv bootargs console=${console} ${optargs}
bootcmd=
bootdelay=3
bootenv=uEnv.txt
bootfile=tigt-0001-desktop/2012-09-19t22-05-12-184/am3517-evm/70132be54a7f7fcf07b00ec4a126f0b2
bootscript=echo Running bootscript from mmc ...; source ${loadaddr}
console=ttyO2,115200n8
dieid#=5f5c00010000000001685a201600f025
dnsip=192.0.2.2
dnsip2=192.0.2.3
ethact=DaVinci-EMAC
ethaddr=40:98:4e:74:71:9d
fileaddr=82000000
filesize=46F86A
importbootenv=echo Importing environment from mmc ...; env import -t $loadaddr $filesize
ipaddr=10.218.102.209
kloadaddr=0x80007fc0
loadaddr=0x82000000
loadbootenv=fatload mmc ${mmc_dev} ${loadaddr} ${bootenv}
loadbootscript=fatload mmc ${mmcdev} ${loadaddr} boot.scr
loaduimage=fatload mmc ${mmcdev} ${kloadaddr} uImage
mmc_load_uimage=mmc rescan; fatload mmc 0 ${loadaddr} uImage
mmcargs=run bootargs_defaults; setenv bootargs ${bootargs} root=/dev/mmcblk0p2 rw rootfstype=ext3 rootwait
mmcboot=echo Booting from mmc ...; run mmcargs; bootm ${kloadaddr}; 
mmcdev=0
nandargs=run bootargs_defaults; setenv bootargs ${bootargs} root=/dev/mtdblock4 rw rootfstype=jffs2
nandboot=echo Booting from nand ...; run nandargs; nand read ${kloadaddr} 280000 400000; bootm ${kloadaddr}; 
netmask=255.255.255.0
nfs_root_path=10.218.102.142:/home/tigt-0001/NFS_exports/am3517/autofs/ae0d8e03f9b2bf510b0c654ac60741c7
ramdisk_addr=0x8A080000
serverip=10.218.102.142
stderr=serial
stdin=serial
stdout=serial
Environment size: 1645/131068 bytes
AM3517_EVM # 
- 06:50:25 [INFO] Host: setenv bootargs ''${bootargs}' root=/dev/mmcblk0p2 rw rootfstype=ext3 rootwait '
- 06:50:25 [INFO] Target: 
setenv bootargs ''${bootargs}' root=/dev/mmcblk0p2 rw rootfstype=ext3 rootwait '
AM3517_EVM # 
- 06:50:25 [INFO] Host: printenv
- 06:50:25 [INFO] Target: 
printenv
autoload=no
baudrate=115200
bootargs=console=ttyO2,115200n8 debug ignore_loglevel earlyprintk root=/dev/mmcblk0p2 rootwait nohlt ip=dhcp root=/dev/mmcblk0p2 rw rootfstype=ext3 rootwait
bootargs_defaults=setenv bootargs console=${console} ${optargs}
bootcmd=
bootdelay=3
bootenv=uEnv.txt
bootfile=tigt-0001-desktop/2012-09-19t22-05-12-184/am3517-evm/70132be54a7f7fcf07b00ec4a126f0b2
bootscript=echo Running bootscript from mmc ...; source ${loadaddr}
console=ttyO2,115200n8
dieid#=5f5c00010000000001685a201600f025
dnsip=192.0.2.2
dnsip2=192.0.2.3
ethact=DaVinci-EMAC
ethaddr=40:98:4e:74:71:9d
fileaddr=82000000
filesize=46F86A
importbootenv=echo Importing environment from mmc ...; env import -t $loadaddr $filesize
ipaddr=10.218.102.209
kloadaddr=0x80007fc0
loadaddr=0x82000000
loadbootenv=fatload mmc ${mmc_dev} ${loadaddr} ${bootenv}
loadbootscript=fatload mmc ${mmcdev} ${loadaddr} boot.scr
loaduimage=fatload mmc ${mmcdev} ${kloadaddr} uImage
mmc_load_uimage=mmc rescan; fatload mmc 0 ${loadaddr} uImage
mmcargs=run bootargs_defaults; setenv bootargs ${bootargs} root=/dev/mmcblk0p2 rw rootfstype=ext3 rootwait
mmcboot=echo Booting from mmc ...; run mmcargs; bootm ${kloadaddr}; 
mmcdev=0
nandargs=run bootargs_defaults; setenv bootargs ${bootargs} root=/dev/mtdblock4 rw rootfstype=jffs2
nandboot=echo Booting from nand ...; run nandargs; nand read ${kloadaddr} 280000 400000; bootm ${kloadaddr}; 
netmask=255.255.255.0
nfs_root_path=10.218.102.142:/home/tigt-0001/NFS_exports/am3517/autofs/ae0d8e03f9b2bf510b0c654ac60741c7
ramdisk_addr=0x8A080000
serverip=10.218.102.142
stderr=serial
stdin=serial
stdout=serial
Environment size: 1693/131068 bytes
AM3517_EVM # 
- 06:50:25 [INFO] Host: setenv bootcmd ''${bootcmd}' if iminfo ${loadaddr}; then bootm ${loadaddr}  ; else bootz ${loadaddr}  ; bootm ${loadaddr}  ; fi'
- 06:50:25 [INFO] Target: 
setenv bootcmd ''${bootcmd}' if iminfo ${loadaddr}; then bootm ${loadaddr}  ; else bootz ${loadaddr}  ; bootm ${loadaddr}  ; fi'
AM3517_EVM # 
- 06:50:25 [INFO] Host: bdinfo
- 06:50:25 [INFO] Target: 
bdinfo
arch_number = 0x00000898
boot_params = 0x80000100
DRAM bank   = 0x00000000
-> start    = 0x80000000
-> size     = 0x10000000
DRAM bank   = 0x00000001
-> start    = 0x80000000
-> size     = 0x00000000
ethaddr     = 40:98:4e:74:71:9d
ip_addr     = 10.218.102.209
baudrate    = 115200 bps
TLB addr    = 0x8FFF0000
relocaddr   = 0x8FF71000
reloc off   = 0x0FE71000
irq_sp      = 0x8FF30F68
sp start    = 0x8FF30F58
FB base     = 0x00000000
AM3517_EVM # 
- 06:50:25 [INFO] Host: boot
- 06:51:16 [INFO] Target: 
boot
Unknown command 'iminfo' - try 'help'
Unknown command 'bootz' - try 'help'
## Booting kernel from Legacy Image at 82000000 ...
   Image Name:   Linux-3.18.0-rc5-next-20141121-0
   Image Type:   ARM Linux Kernel Image (uncompressed)
   Data Size:    4651050 Bytes = 4.4 MiB
   Load Address: 80800000
   Entry Point:  80800000
   Verifying Checksum ... OK
   Loading Kernel Image ... OK
Starting kernel ...
[    0.000000] Booting Linux on physical CPU 0x0
[    0.000000] Initializing cgroup subsys cpuset
[    0.000000] Initializing cgroup subsys cpu
[    0.000000] Initializing cgroup subsys cpuacct
[    0.000000] Linux version 3.18.0-rc5-next-20141121-00002-g6fcab18 (nmenon@kahuna) (gcc version 4.6.3 (Ubuntu/Linaro 4.6.3-1ubuntu5) ) #1 SMP Fri Nov 21 05:43:54 CST 2014
[    0.000000] CPU: ARMv7 Processor [411fc087] revision 7 (ARMv7), cr=10c5387d
[    0.000000] CPU: PIPT / VIPT nonaliasing data cache, VIPT nonaliasing instruction cache
[    0.000000] Machine model: TI AM3517 EVM (AM3517/05 TMDSEVM3517)
[    0.000000] debug: ignoring loglevel setting.
[    0.000000] cma: Reserved 16 MiB at 0x8e800000
[    0.000000] Memory policy: Data cache writeback
[    0.000000] On node 0 totalpages: 65280
[    0.000000] free_area_init_node: node 0, pgdat c111ca80, node_mem_map cfcb1000
[    0.000000]   Normal zone: 576 pages used for memmap
[    0.000000]   Normal zone: 0 pages reserved
[    0.000000]   Normal zone: 65280 pages, LIFO batch:15
[    0.000000]   HighMem zone: 1048574 pages exceeds freesize 0
[    0.000000] CPU: All CPU(s) started in SVC mode.
[    0.000000] AM3517 ES1.1 (l2cache sgx neon )
[    0.000000] PERCPU: Embedded 11 pages/cpu @cfc47000 s14912 r8192 d21952 u45056
[    0.000000] pcpu-alloc: s14912 r8192 d21952 u45056 alloc=11*4096
[    0.000000] pcpu-alloc: [0] 0 
[    0.000000] Built 1 zonelists in Zone order, mobility grouping on.  Total pages: 64704
[    0.000000] Kernel command line: console=ttyO2,115200n8 debug ignore_loglevel earlyprintk root=/dev/mmcblk0p2 rootwait nohlt ip=dhcp root=/dev/mmcblk0p2 rw rootfstype=ext3 rootwait
[    0.000000] PID hash table entries: 1024 (order: 0, 4096 bytes)
[    0.000000] Dentry cache hash table entries: 32768 (order: 5, 131072 bytes)
[    0.000000] Inode-cache hash table entries: 16384 (order: 4, 65536 bytes)
[    0.000000] Memory: 224028K/261120K available (6044K kernel code, 670K rwdata, 2288K rodata, 424K init, 8228K bss, 20708K reserved, 16384K cma-reserved, 0K highmem)
[    0.000000] Virtual kernel memory layout:
[    0.000000]     vector  : 0xffff0000 - 0xffff1000   (   4 kB)
[    0.000000]     fixmap  : 0xffc00000 - 0xfff00000   (3072 kB)
[    0.000000]     vmalloc : 0xd0800000 - 0xff000000   ( 744 MB)
[    0.000000]     lowmem  : 0xc0000000 - 0xd0000000   ( 256 MB)
[    0.000000]     pkmap   : 0xbfe00000 - 0xc0000000   (   2 MB)
[    0.000000]     modules : 0xbf000000 - 0xbfe00000   (  14 MB)
[    0.000000]       .text : 0xc0008000 - 0xc082b34c   (8333 kB)
[    0.000000]       .init : 0xc082c000 - 0xc0896000   ( 424 kB)
[    0.000000]       .data : 0xc0896000 - 0xc093db18   ( 671 kB)
[    0.000000]        .bss : 0xc093db18 - 0xc1146b78   (8229 kB)
[    0.000000] Hierarchical RCU implementation.
[    0.000000] 	RCU restricting CPUs from NR_CPUS=2 to nr_cpu_ids=1.
[    0.000000] RCU: Adjusting geometry for rcu_fanout_leaf=16, nr_cpu_ids=1
[    0.000000] NR_IRQS:16 nr_irqs:16 16
[    0.000000] IRQ: Found an INTC at 0xfa200000 (revision 4.0) with 96 interrupts
[    0.000000] Clocking rate (Crystal/Core/MPU): 26.0/332/600 MHz
[    0.000000] OMAP clockevent source: timer2 at 13000000 Hz
[    0.000031] sched_clock: 32 bits at 13MHz, resolution 76ns, wraps every 330382100403ns
[    0.000136] OMAP clocksource: timer1 at 13000000 Hz
[    0.001474] Console: colour dummy device 80x30
[    0.001560] Lock dependency validator: Copyright (c) 2006 Red Hat, Inc., Ingo Molnar
[    0.001577] ... MAX_LOCKDEP_SUBCLASSES:  8
[    0.001591] ... MAX_LOCK_DEPTH:          48
[    0.001605] ... MAX_LOCKDEP_KEYS:        8191
[    0.001619] ... CLASSHASH_SIZE:          4096
[    0.001632] ... MAX_LOCKDEP_ENTRIES:     32768
[    0.001645] ... MAX_LOCKDEP_CHAINS:      65536
[    0.001659] ... CHAINHASH_SIZE:          32768
[    0.001673]  memory used by lock dependency info: 5167 kB
[    0.001687]  per task-struct memory footprint: 1152 bytes
[    0.001729] Calibrating delay loop... 594.73 BogoMIPS (lpj=2973696)
[    0.096305] pid_max: default: 32768 minimum: 301
[    0.096954] Security Framework initialized
[    0.097239] Mount-cache hash table entries: 1024 (order: 0, 4096 bytes)
[    0.097269] Mountpoint-cache hash table entries: 1024 (order: 0, 4096 bytes)
[    0.101715] Initializing cgroup subsys memory
[    0.101843] Initializing cgroup subsys devices
[    0.101989] Initializing cgroup subsys freezer
[    0.102121] Initializing cgroup subsys blkio
[    0.102249] Initializing cgroup subsys perf_event
[    0.102380] CPU: Testing write buffer coherency: ok
[    0.104466] CPU0: thread -1, cpu 0, socket -1, mpidr 0
[    0.104681] Setting up static identity map for 0x805bb150 - 0x805bb1c0
[    0.111180] Brought up 1 CPUs
[    0.111210] SMP: Total of 1 processors activated.
[    0.111227] CPU: All CPU(s) started in SVC mode.
[    0.115989] devtmpfs: initialized
[    0.120226] VFP support v0.3: implementor 41 architecture 3 part 30 variant c rev 1
[    0.191211] omap_hwmod: mcbsp2_sidetone using broken dt data from mcbsp
[    0.193232] omap_hwmod: mcbsp3_sidetone using broken dt data from mcbsp
[    0.288143] pinctrl core: initialized pinctrl subsystem
[    0.384397] NET: Registered protocol family 16
[    0.395315] DMA: preallocated 256 KiB pool for atomic coherent allocations
[    0.399197] cpuidle: using governor ladder
[    0.399246] cpuidle: using governor menu
[    0.409302] Reprogramming SDRC clock to 332000000 Hz
[    0.413588] Address Hole seen by USB_OTG  at address dc0f9c0c
[    0.413617] ------------[ cut here ]------------
[    0.413653] WARNING: CPU: 0 PID: 1 at drivers/bus/omap_l3_smx.c:166 omap3_l3_app_irq+0x100/0x128()
[    0.413670] Modules linked in:
[    0.413706] CPU: 0 PID: 1 Comm: swapper/0 Not tainted 3.18.0-rc5-next-20141121-00002-g6fcab18 #1
[    0.413765] [<c0015478>] (unwind_backtrace) from [<c0011ad8>] (show_stack+0x10/0x14)
[    0.413811] [<c0011ad8>] (show_stack) from [<c05b2c70>] (dump_stack+0x78/0x94)
[    0.413843] [<c05b2c70>] (dump_stack) from [<c0040924>] (warn_slowpath_common+0x7c/0xb4)
[    0.413870] [<c0040924>] (warn_slowpath_common) from [<c0040978>] (warn_slowpath_null+0x1c/0x24)
[    0.413896] [<c0040978>] (warn_slowpath_null) from [<c033c570>] (omap3_l3_app_irq+0x100/0x128)
[    0.413930] [<c033c570>] (omap3_l3_app_irq) from [<c008fdc8>] (handle_irq_event_percpu+0x60/0x230)
[    0.413959] [<c008fdc8>] (handle_irq_event_percpu) from [<c008ffd4>] (handle_irq_event+0x3c/0x5c)
[    0.413989] [<c008ffd4>] (handle_irq_event) from [<c0092c24>] (handle_level_irq+0xb4/0x13c)
[    0.414016] [<c0092c24>] (handle_level_irq) from [<c008f6d8>] (generic_handle_irq+0x20/0x30)
[    0.414042] [<c008f6d8>] (generic_handle_irq) from [<c008f7d0>] (__handle_domain_irq+0x64/0xc4)
[    0.414068] [<c008f7d0>] (__handle_domain_irq) from [<c00086f0>] (omap_intc_handle_irq+0xb4/0xc4)
[    0.414101] [<c00086f0>] (omap_intc_handle_irq) from [<c05b92e4>] (__irq_svc+0x44/0x5c)
[    0.414118] Exception stack(0xce055cd8 to 0xce055d20)
[    0.414140] 5cc0:                                                       00000001 ce0530c8
[    0.414164] 5ce0: 00000000 ce052b40 60000153 ce01f25c ce01f25c 00000000 00000014 ce01f234
[    0.414188] 5d00: 60000153 00000000 ce055cf8 ce055d20 c00862c4 c05b8e70 20000153 ffffffff
[    0.414215] [<c05b92e4>] (__irq_svc) from [<c05b8e70>] (_raw_spin_unlock_irqrestore+0x34/0x44)
[    0.414243] [<c05b8e70>] (_raw_spin_unlock_irqrestore) from [<c0091614>] (__setup_irq+0x2e4/0x4d8)
[    0.414271] [<c0091614>] (__setup_irq) from [<c00918c0>] (request_threaded_irq+0xb8/0x13c)
[    0.414297] [<c00918c0>] (request_threaded_irq) from [<c033c400>] (omap3_l3_probe+0xf0/0x160)
[    0.414329] [<c033c400>] (omap3_l3_probe) from [<c03a52ec>] (platform_drv_probe+0x48/0x98)
[    0.414358] [<c03a52ec>] (platform_drv_probe) from [<c03a3ce4>] (driver_probe_device+0x10c/0x234)
[    0.414397] [<c03a3ce4>] (driver_probe_device) from [<c03a25cc>] (bus_for_each_drv+0x5c/0x88)
[    0.414424] [<c03a25cc>] (bus_for_each_drv) from [<c03a3ba4>] (device_attach+0x74/0x8c)
[    0.414448] [<c03a3ba4>] (device_attach) from [<c03a32d4>] (bus_probe_device+0x88/0xb0)
[    0.414473] [<c03a32d4>] (bus_probe_device) from [<c03a180c>] (device_add+0x2fc/0x4e0)
[    0.414509] [<c03a180c>] (device_add) from [<c04c0a38>] (of_platform_device_create_pdata+0xd8/0x110)
[    0.414539] [<c04c0a38>] (of_platform_device_create_pdata) from [<c04c0b4c>] (of_platform_bus_create+0xdc/0x190)
[    0.414566] [<c04c0b4c>] (of_platform_bus_create) from [<c04c0c60>] (of_platform_populate+0x60/0x98)
[    0.414604] [<c04c0c60>] (of_platform_populate) from [<c083e928>] (pdata_quirks_init+0x34/0x44)
[    0.414634] [<c083e928>] (pdata_quirks_init) from [<c083e574>] (omap_generic_init+0x10/0x1c)
[    0.414664] [<c083e574>] (omap_generic_init) from [<c082f80c>] (customize_machine+0x1c/0x40)
[    0.414692] [<c082f80c>] (customize_machine) from [<c00089e4>] (do_one_initcall+0x80/0x1d8)
[    0.414718] [<c00089e4>] (do_one_initcall) from [<c082ce70>] (kernel_init_freeable+0x1f4/0x2cc)
[    0.414746] [<c082ce70>] (kernel_init_freeable) from [<c05ae034>] (kernel_init+0x8/0xe4)
[    0.414775] [<c05ae034>] (kernel_init) from [<c000e6a8>] (ret_from_fork+0x14/0x2c)
[    0.414950] ---[ end trace 9782b09c15f944a6 ]---
[    0.416106] platform 480c5000.aes: Cannot lookup hwmod 'aes'
[    0.427112] gpiochip_add: registered GPIOs 0 to 31 on device: gpio
[    0.428528] OMAP GPIO hardware version 2.5
[    0.430697] gpiochip_add: registered GPIOs 32 to 63 on device: gpio
[    0.434222] gpiochip_add: registered GPIOs 64 to 95 on device: gpio
[    0.437443] gpiochip_add: registered GPIOs 96 to 127 on device: gpio
[    0.440601] gpiochip_add: registered GPIOs 128 to 159 on device: gpio
[    0.443701] gpiochip_add: registered GPIOs 160 to 191 on device: gpio
[    0.458475] platform 480c3000.sham: Cannot lookup hwmod 'sham'
[    0.459400] platform 480cb000.smartreflex: Cannot lookup hwmod 'smartreflex_core'
[    0.472141] omap-gpmc 6e000000.gpmc: GPMC revision 5.0
[    0.473706] platform 480ab000.usb_otg_hs: Cannot lookup hwmod 'usb_otg_hs'
[    0.477754] No ATAGs?
[    0.477805] hw-breakpoint: debug architecture 0x4 unsupported.
[    0.481916] OMAP DMA hardware revision 4.0
[    0.583513] omap-dma-engine 48056000.dma-controller: OMAP DMA engine driver
[    0.584799] of_get_named_gpiod_flags: can't parse 'gpio' property of node '/vmmc[0]'
[    0.591688] SCSI subsystem initialized
[    0.592980] usbcore: registered new interface driver usbfs
[    0.593270] usbcore: registered new interface driver hub
[    0.593502] usbcore: registered new device driver usb
[    0.597725] omap_i2c 48070000.i2c: bus 0 rev3.3 at 400 kHz
[    0.601137] omap_i2c 48072000.i2c: bus 1 rev3.3 at 400 kHz
[    0.603222] omap_i2c 48060000.i2c: bus 2 rev3.3 at 400 kHz
[    0.610585] Switched to clocksource timer1
[    0.860826] NET: Registered protocol family 2
[    0.863536] TCP established hash table entries: 2048 (order: 1, 8192 bytes)
[    0.863792] TCP bind hash table entries: 2048 (order: 4, 73728 bytes)
[    0.864910] TCP: Hash tables configured (established 2048 bind 2048)
[    0.865260] TCP: reno registered
[    0.865308] UDP hash table entries: 256 (order: 2, 20480 bytes)
[    0.865627] UDP-Lite hash table entries: 256 (order: 2, 20480 bytes)
[    0.867411] NET: Registered protocol family 1
[    0.869879] RPC: Registered named UNIX socket transport module.
[    0.869914] RPC: Registered udp transport module.
[    0.869933] RPC: Registered tcp transport module.
[    0.869951] RPC: Registered tcp NFSv4.1 backchannel transport module.
[    0.872501] hw perfevents: enabled with armv7_cortex_a8 PMU driver, 5 counters available
[    0.881505] futex hash table entries: 256 (order: 2, 16384 bytes)
[    0.881851] audit: initializing netlink subsys (disabled)
[    0.882222] audit: type=2000 audit(0.880:1): initialized
[    0.889495] VFS: Disk quotas dquot_6.5.2
[    0.889766] VFS: Dquot-cache hash table entries: 1024 (order 0, 4096 bytes)
[    0.894274] NFS: Registering the id_resolver key type
[    0.894902] Key type id_resolver registered
[    0.894930] Key type id_legacy registered
[    0.895213] jffs2: version 2.2. (NAND) (SUMMARY)   2001-2006 Red Hat, Inc.
[    0.902846] io scheduler noop registered
[    0.902896] io scheduler deadline registered
[    0.903067] io scheduler cfq registered (default)
[    0.907419] pinctrl-single 48002030.pinmux: 284 pins at pa fa002030 size 568
[    0.908308] pinctrl-single 48002a00.pinmux: 46 pins at pa fa002a00 size 92
[    0.915860] Serial: 8250/16550 driver, 4 ports, IRQ sharing enabled
[    0.926150] omap_uart 4806a000.serial: no wakeirq for uart0
[    0.926208] of_get_named_gpiod_flags: can't parse 'rts-gpio' property of node '/ocp/serial@4806a000[0]'
[    0.927139] omap_uart 4806a000.serial: ttyO0 at MMIO 0x4806a000 (irq = 225, base_baud = 3000000) is a OMAP UART0
[    0.930099] omap_uart 4806c000.serial: no wakeirq for uart0
[    0.930149] of_get_named_gpiod_flags: can't parse 'rts-gpio' property of node '/ocp/serial@4806c000[0]'
[    0.931344] omap_uart 4806c000.serial: ttyO1 at MMIO 0x4806c000 (irq = 226, base_baud = 3000000) is a OMAP UART1
[    0.933570] omap_uart 49020000.serial: no wakeirq for uart0
[    0.933617] of_get_named_gpiod_flags: can't parse 'rts-gpio' property of node '/ocp/serial@49020000[0]'
[    0.934060] omap_uart 49020000.serial: ttyO2 at MMIO 0x49020000 (irq = 227, base_baud = 3000000) is a OMAP UART2
[    2.184280] console [ttyO2] enabled
[    2.193000] error detecting cacheinfo..cpu0
[    2.233783] brd: module loaded
[    2.259773] loop: module loaded
[    2.268153] mtdoops: mtd device (mtddev=name/number) must be supplied
[    2.330542] davinci_mdio davinci_mdio.0: davinci mdio revision 1.5
[    2.337042] davinci_mdio davinci_mdio.0: detected phy mask fffffffe
[    2.349145] libphy: davinci_mdio.0: probed
[    2.353660] davinci_mdio davinci_mdio.0: phy[0]: device davinci_mdio.0:00, driver SMSC LAN8710/LAN8720
[    2.364706] usbcore: registered new interface driver asix
[    2.370703] usbcore: registered new interface driver ax88179_178a
[    2.377300] usbcore: registered new interface driver cdc_ether
[    2.383774] usbcore: registered new interface driver smsc95xx
[    2.390005] usbcore: registered new interface driver net1080
[    2.396221] usbcore: registered new interface driver cdc_subset
[    2.402685] usbcore: registered new interface driver zaurus
[    2.408890] usbcore: registered new interface driver cdc_ncm
[    2.416753] usbcore: registered new interface driver cdc_wdm
[    2.423187] usbcore: registered new interface driver usb-storage
[    2.429779] usbcore: registered new interface driver usbtest
[    2.439287] mousedev: PS/2 mouse device common for all mice
[    2.449580] i2c /dev entries driver
[    2.457602] Driver for 1-wire Dallas network protocol.
[    2.467785] omap_wdt: OMAP Watchdog Timer Rev 0x31: initial timeout 60 sec
[    2.476428] Driver 'mmcblk' needs updating - please use bus_type methods
[    2.484985] of_get_named_gpiod_flags: can't parse 'cd-gpios' property of node '/ocp/mmc@4809c000[0]'
[    2.494634] of_get_named_gpiod_flags: can't parse 'wp-gpios' property of node '/ocp/mmc@4809c000[0]'
[    2.541738] ledtrig-cpu: registered to indicate activity on CPUs
[    2.548957] usbcore: registered new interface driver usbhid
[    2.554897] usbhid: USB HID core driver
[    2.561314] oprofile: using arm/armv7
[    2.566308] TCP: cubic registered
[    2.569856] Initializing XFRM netlink socket
[    2.574661] NET: Registered protocol family 17
[    2.579450] NET: Registered protocol family 15
[    2.584723] Key type dns_resolver registered
[    2.589649] omap2_set_init_voltage: unable to find boot up OPP for vdd_mpu_iva
[    2.597293] omap2_set_init_voltage: unable to set vdd_mpu_iva
[    2.603389] omap2_set_init_voltage: unable to find boot up OPP for vdd_core
[    2.610719] omap2_set_init_voltage: unable to set vdd_core
[    2.618194] PM: no software I/O chain control; some wakeups may be lost
[    2.625237] pm: Failed to request pm_wkup irq
[    2.629870] ThumbEE CPU extension supported.
[    2.634446] Registering SWP/SWPB emulation handler
[    2.639486] SmartReflex Class3 initialized
[    2.655852] drivers/rtc/hctosys.c: unable to open rtc device (rtc0)
[    2.662651] sr_init: No PMIC hook to init smartreflex
[    2.668338] sr_init: platform driver register failed for SR
[    2.799655] mmc0: host does not support reading read-only switch, assuming write-enable
[    2.810415] mmc0: new high speed SDHC card at address b368
[    2.819640] mmcblk0: mmc0:b368 SDC   3.74 GiB 
[    2.832251]  mmcblk0: p1 p2 p3
[   14.900746] kjournald starting.  Commit interval 5 seconds
[   14.907101] EXT3-fs (mmcblk0p2): warning: maximal mount count reached, running e2fsck is recommended
[   15.271564] EXT3-fs (mmcblk0p2): using internal journal
[   15.277055] EXT3-fs (mmcblk0p2): mounted filesystem with ordered data mode
[   15.284525] VFS: Mounted root (ext3 filesystem) on device 179:2.
[   15.296246] devtmpfs: mounted
[   15.300956] Freeing unused kernel memory: 424K (c082c000 - c0896000)
INIT: version 2.86 booting
Please wait: booting...
Error opening /dev/fb0: No such file or directory
Starting udev
WARNING: -e needs -E or -F
[   16.426409] udevd (78): /proc/78/oom_adj is deprecated, please use /proc/78/oom_score_adj instead.
[   30.700629] kjournald starting.  Commit interval 5 seconds
[   30.706687] EXT3-fs (mmcblk0p3): warning: maximal mount count reached, running e2fsck is recommended
[   30.716972] FAT-fs (mmcblk0p1): Volume was not properly unmounted. Some data may be corrupt. Please run fsck.
[   30.807022] EXT3-fs (mmcblk0p3): using internal journal
[   30.812661] EXT3-fs (mmcblk0p3): mounted filesystem with ordered data mode
[   30.958378] alignment: ignoring faults is unsafe on this CPU.  Defaulting to fixup mode.
Remounting root file system...
Caching udev devnodes
logger: mount: mount point /proc/bus/usb does not exist
ALSA: Restoring mixer settings...
/usr/sbin/alsactl: load_state:1625: No soundcards found...
Configuring network interfaces... ifconfig: SIOCGIFFLAGS: No such device
done.
Setting up IP spoofing protection: rp_filter.
hwclock: can't open '/dev/misc/rtc': No such file or directory
Thu Jan 26 04:21:00 UTC 2012
hwclock: can't open '/dev/misc/rtc': No such file or directory
INIT: Entering runlevel: 5
Starting system message bus: [   37.445444] random: dbus-daemon urandom read with 121 bits of entropy available
dbus.
Starting Hardware abstraction layer hald
[   37.846026] random: nonblocking pool is initialized
Starting Dropbear SSH server: dropbear.
Starting telnet daemon.
Starting syslogd/klogd: done
Starting thttpd.
Starting Lighttpd Web Server: lighttpd.
2012-01-26 04:21:03: (log.c.166) server started 
Starting Matrix GUI application.
***************************************************************
***************************************************************
NOTICE: This file system contains the followin GPLv3 packages:
	binutils-dev
	binutils-symlinks
	binutils
	gdbserver
If you do not wish to distribute GPLv3 components please remove
the above packages prior to distribution.  This can be done using
the opkg remove command.  i.e.:
    opkg remove <package>
Where <package> is the name printed in the list above
NOTE: If the package is a dependency of another package you
      will be notified of the dependent packages.  You should
      use the --force-removal-of-dependent-packages option to
      also remove the dependent packages as well
***************************************************************
***************************************************************
 _____                    _____           _         _   
|  _  |___ ___ ___ ___   |  _  |___ ___  |_|___ ___| |_ 
|     |  _| .'| . | . |  |   __|  _| . | | | -_|  _|  _|
|__|__|_| |__,|_  |___|  |__|  |_| |___|_| |___|___|_|  
              |___|                    |___|            
Arago Project http://arago-project.org am3517-evm ttyO2
Arago 2011.09 am3517-evm ttyO2
am3517-evm login: 
- 06:51:16 [INFO] Host: root
- 06:51:17 [INFO] Target: 
root
root@am3517-evm:~# 
- 06:51:17 [INFO] Host: uname -a
- 06:51:17 [INFO] Target: 
uname -a
Linux am3517-evm 3.18.0-rc5-next-20141121-00002-g6fcab18 #1 SMP Fri Nov 21 05:43:54 CST 2014 armv7l unknown
root@am3517-evm:~# 
- 06:51:17 [INFO] Host: cat /proc/cmdline
- 06:51:17 [INFO] Target: 
cat /proc/cmdline
console=ttyO2,115200n8 debug ignore_loglevel earlyprintk root=/dev/mmcblk0p2 rootwait nohlt ip=dhcp root=/dev/mmcblk0p2 rw rootfstype=ext3 rootwait
root@am3517-evm:~# 
- 06:51:17 [INFO] Host: uname -a
- 06:51:17 [INFO] Target: 
uname -a
Linux am3517-evm 3.18.0-rc5-next-20141121-00002-g6fcab18 #1 SMP Fri Nov 21 05:43:54 CST 2014 armv7l unknown
root@am3517-evm:~# 
- 06:51:17 [INFO] Host: cat /proc/mtd
- 06:51:17 [INFO] Target: 
cat /proc/mtd
dev:    size   erasesize  name
root@am3517-evm:~# 
- 06:51:25 [INFO] Host: export IPERFHOST=10.218.102.142
- 06:51:25 [INFO] Target: 
export IPERFHOST=10.218.102.142
root@am3517-evm:~# 
- 06:51:25 [INFO] Host: export NFS_SERVER=10.218.102.142
- 06:51:25 [INFO] Target: 
export NFS_SERVER=10.218.102.142
root@am3517-evm:~# 
- 06:51:25 [INFO] Host: export NFS_ROOT_PATH=/home/tigt-0001/NFS_exports/am3517
- 06:51:25 [INFO] Target: 
export NFS_ROOT_PATH=/home/tigt-0001/NFS_exports/am3517
root@am3517-evm:~# 
- 06:51:25 [INFO] Host: mkdir -p -m 777 /test
- 06:51:26 [INFO] Target: 
mkdir -p -m 777 /test
root@am3517-evm:~# 
- 06:51:26 [INFO] Host: cd /test
- 06:51:26 [INFO] Target: 
cd /test
root@am3517-evm:/test# 
- 06:51:26 [INFO] Host: cat > test.sh << EOF
- 06:51:26 [INFO] Target: 
cat > test.sh << EOF
- 06:51:26 [INFO] Host: failtest() {
- 06:51:26 [INFO] Target: 
failtest() {
- 06:51:26 [INFO] Host:   echo 1 >&3
- 06:51:26 [INFO] Target: 
  echo 1 >&3
- 06:51:26 [INFO] Host: }
- 06:51:26 [INFO] Target: 
- 06:51:26 [INFO] Host: timeout=600
- 06:51:26 [INFO] Target: 
timeout=600
- 06:51:26 [INFO] Host: 
- 06:51:26 [INFO] Target: 
- 06:51:26 [INFO] Host: # Start of user's script logic
- 06:51:26 [INFO] Target: 
# Start of user's s
- 06:51:26 [INFO] Host: 
- 06:51:26 [INFO] Target: 
cript logic
- 06:51:26 [INFO] Host: 
- 06:51:26 [INFO] Target: 
- 06:51:26 [INFO] Host: mount -t proc proc /proc 2>/dev/null;
- 06:51:26 [INFO] Target: 
mount -t proc proc /proc 2>/dev/null;
- 06:51:26 [INFO] Host: 
- 06:51:26 [INFO] Target: 
- 06:51:26 [INFO] Host: mount -t sysfs sys /sys 2>/dev/null;
- 06:51:26 [INFO] Target: 
mount -t sysfs sys /sys 2>/dev/null;
- 06:51:26 [INFO] Host: 
- 06:51:26 [INFO] Target: 
- 06:51:26 [INFO] Host: mount -t debugfs none /sys/kernel/debug 2>/dev/null;
- 06:51:26 [INFO] Target: 
mount -t debugfs none /sys/kernel/debug 2>/dev/null;
- 06:51:26 [INFO] Host: 
- 06:51:26 [INFO] Target: 
- 06:51:26 [INFO] Host: echo 'cpuinfo:';cat /proc/cpuinfo; echo '=======';
- 06:51:27 [INFO] Target: 
echo 
- 06:51:27 [INFO] Host: 
- 06:51:27 [INFO] Target: 
'cpuinfo:';cat /proc/cpuinfo; echo '=======';
- 06:51:27 [INFO] Host: echo 'soc info:';head /sys/devices/soc0/* 2>/dev/null; echo '=======';
- 06:51:27 [INFO] Target: 
echo 'soc info:';head /sys/de
- 06:51:27 [INFO] Host: 
- 06:51:27 [INFO] Target: 
vices/soc0/* 2>/dev/null; echo '=======';
- 06:51:27 [INFO] Host: echo 'DT Model info'; head /proc/device-tree/name /proc/device-tree/model /proc/device-tree/compatible 2>/dev/null;echo; echo '=======';
- 06:51:27 [INFO] Target: 
echo 'DT Model info'; head /proc/dev
- 06:51:27 [INFO] Host: 
- 06:51:27 [INFO] Target: 
- 06:51:27 [INFO] Host: echo 'interrupts:';cat /proc/interrupts; echo '=======';
- 06:51:27 [INFO] Target: 
e-tree/name /proc/device-tree/model /pro
c/device-tree/compatible 2>/dev/null;echo; echo '=======';
> echo 'interrupts:';cat /proc/interrupts; echo '=======';
- 06:51:27 [INFO] Host: 
- 06:51:27 [INFO] Target: 
- 06:51:27 [INFO] Host: echo 'Clk_summary:';cat /sys/kernel/debug/clk/clk_summary; echo '=======';
- 06:51:27 [INFO] Target: 
echo 'Clk_summary:';cat /sys/kernel/debug/clk/clk_summary; echo '=======';
- 06:51:27 [INFO] Host: 
- 06:51:27 [INFO] Target: 
- 06:51:27 [INFO] Host: echo 'Orphan Clks:';ls /sys/kernel/debug/clk/orphans/; echo '=======';
- 06:51:27 [INFO] Target: 
echo 'Orphan Clks:';ls /sys/kernel/debug/clk/orphans/; echo '=======';
- 06:51:27 [INFO] Host: 
- 06:51:27 [INFO] Target: 
- 06:51:27 [INFO] Host: echo "Available frequencies"; cat /sys/devices/system/cpu/cpu0/cpufreq/scaling_available_frequencies 2>/dev/null;echo '=======';
- 06:51:27 [INFO] Target: 
echo "Available 
- 06:51:27 [INFO] Host: 
- 06:51:27 [INFO] Target: 
frequencies"; cat /sys/devices/system/cpu/cpu0/cpufreq/scaling
_available_frequencies 2>/dev/null;echo '=======';
- 06:51:27 [INFO] Host: echo 'H''ello World' 'B''oard Booted';
- 06:51:27 [INFO] Target: 
echo 'H''ello World' 'B''oard Booted';
- 06:51:27 [INFO] Host: 
- 06:51:27 [INFO] Target: 
- 06:51:27 [INFO] Host: EOF
- 06:51:27 [INFO] Target: 
root@am3517-evm:/test# 
- 06:51:27 [INFO] Host: cd /test
- 06:51:27 [INFO] Target: 
cd /test
root@am3517-evm:/test# 
- 06:51:27 [INFO] Host: chmod +x test.sh
- 06:51:28 [INFO] Target: 
chmod +x test.sh
root@am3517-evm:/test# 
- 06:51:28 [INFO] Host: ./test.sh 2> stderr.log > stdout.log 3> result.log
- 06:51:28 [INFO] Target: 
./test.sh 2> stderr.log > stdout.log 3> result.log
root@am3517-evm:/test# 
- 06:51:28 [INFO] Host: echo $?
- 06:51:28 [INFO] Target: 
echo $?
root@am3517-evm:/test# 
- 06:51:28 [INFO] Host: cd /test
- 06:51:28 [INFO] Target: 
cd /test
root@am3517-evm:/test# 
- 06:51:28 [INFO] Host: cat stdout.log
- 06:51:30 [INFO] Target: 
cat stdout.log
cpuinfo:
processor	: 0
model name	: ARMv7 Processor rev 7 (v7l)
Features	: half thumb fastmult vfp edsp thumbee neon vfpv3 tls vfpd32 
CPU implementer	: 0x41
CPU architecture: 7
CPU variant	: 0x1
CPU part	: 0xc08
CPU revision	: 7
Hardware	: Generic AM3517 (Flattened Device Tree)
Revision	: 0000
Serial		: 0000000000000000
=======
soc info:
==> /sys/devices/soc0/family <==
OMAP3
==> /sys/devices/soc0/machine <==
AM3517
==> /sys/devices/soc0/power <==
==> /sys/devices/soc0/revision <==
ES1.1
==> /sys/devices/soc0/subsystem <==
==> /sys/devices/soc0/type <==
==> /sys/devices/soc0/uevent <==
=======
DT Model info
==> /proc/device-tree/name <==
==> /proc/device-tree/model <==
TI AM3517 EVM (AM3517/05 TMDSEVM3517)
==> /proc/device-tree/compatible <==
ti,am3517-evmti,am3517ti,omap3
=======
interrupts:
           CPU0       
 16:       4453      INTC  38  gp_timer
 19:          0      INTC   9  l3-debug-irq
 20:          1      INTC  10  l3-app-irq
 24:       4084      INTC  13  omap-dma-engine
 28:          0  48310000.gpio   0  DMA
227:       4032      INTC  74  OMAP UART2
228:          0      INTC  56  48070000.i2c
229:          0      INTC  57  48072000.i2c
230:          0      INTC  61  48060000.i2c
236:       6997      INTC  83  mmc0
250:          0      INTC  20  gpmc
IPI0:          0  CPU wakeup interrupts
IPI1:          0  Timer broadcast interrupts
IPI2:          0  Rescheduling interrupts
IPI3:          0  Function call interrupts
IPI4:          0  Single function call interrupts
IPI5:          0  CPU stop interrupts
IPI6:          0  IRQ work interrupts
IPI7:          0  completion interrupts
Err:          0
=======
Clk_summary:
   clock                         enable_cnt  prepare_cnt        rate   accuracy   phase
----------------------------------------------------------------------------------------
 pclk_ck                                  0            0    27000000          0 0  
    vpfe_fck                              0            0    27000000          0 0  
 rmii_ck                                  1            1    50000000          0 0  
    emac_fck                              2            2    50000000          0 0  
 secure_32k_fck                           0            1       32768          0 0  
    wdt1_fck                              0            0       32768          0 0  
    gpt12_fck                             0            1       32768          0 0  
 dummy_ck                                 0            0           0          0 0  
 mcbsp_clks                               0            5           0          0 0  
 sys_altclk                               0            0           0          0 0  
 virt_38_4m_ck                            0            0    38400000          0 0  
 virt_26000000_ck                         1            1    26000000          0 0  
    osc_sys_ck                            1            1    26000000          0 0  
       sys_clkout1                        0            0    26000000          0 0  
       sys_ck                             5           17    13000000          0 0  
          gpt9_fck                        0            1    13000000          0 0  
          gpt8_fck                        0            1    13000000          0 0  
          gpt7_fck                        0            1    13000000          0 0  
          gpt6_fck                        0            1    13000000          0 0  
          gpt5_fck                        0            1    13000000          0 0  
          gpt4_fck                        0            1    13000000          0 0  
          gpt3_fck                        0            1    13000000          0 0  
          gpt2_fck                        1            1    13000000          0 0  
          gpt1_fck                        1            1    13000000          0 0  
          hecc_ck                         0            0    13000000          0 0  
          hsotgusb_fck_am35xx             0            1    13000000          0 0  
          cpefuse_fck                     0            0    13000000          0 0  
          dpll5_ck                        0            1   120000000          0 0  
             dpll5_m2_ck                  0            1   120000000          0 0  
                usbhost_120m_fck           0            0   120000000          0 0  
                usbtll_fck                0            1   120000000          0 0  
          traceclk_src_fck                0            0    13000000          0 0  
             traceclk_fck                 0            0    13000000          0 0  
          emu_src_mux_ck                  0            1    13000000          0 0  
             emu_src_ck                   0            1    13000000          0 0  
                atclk_fck                 0            0    13000000          0 0  
                pclkx2_fck                0            0    13000000          0 0  
                pclk_fck                  0            0     6500000          0 0  
          dss2_alwon_fck                  0            2    13000000          0 0  
          dpll1_ck                        0            1   600000000          0 0  
             dpll1_x2_ck                  0            1  1200000000          0 0  
                dpll1_x2m2_ck             0            1  1200000000          0 0  
                   mpu_ck                 0            1  1200000000          0 0  
                      emu_mpu_alwon_ck           0            0  1200000000          0 0  
                      arm_fck             0            1   600000000          0 0  
          dpll3_ck                        1            1   332000000          0 0  
             dpll3_x2_ck                  0            0   664000000          0 0  
             dpll3_m2_ck                  1            1   332000000          0 0  
                dpll3_m2x2_ck             0            0   664000000          0 0  
                   corex2_fck             0            0   664000000          0 0  
                      corex2_d5_fck           0            0   132800000          0 0  
                      corex2_d3_fck           0            0   221333333          0 0  
                core_ck                   1            1   332000000          0 0  
                   core_d2_ck             0            0   166000000          0 0  
                   core_d6_ck             0            0    55333333          0 0  
                      sgx_fck             0            0    55333333          0 0  
                   core_d4_ck             0            0    83000000          0 0  
                   core_d3_ck             0            0   110666666          0 0  
                   l3_ick                 2            2   166000000          0 0  
                      sgx_ick             0            0   166000000          0 0  
                      core_l3_ick           6            7   166000000          0 0  
                         ipss_ick           2            2   166000000          0 0  
                            hsotgusb_ick_am35xx           2            2   166000000          0 0  
                            vpfe_ick           0            0   166000000          0 0  
                            emac_ick           2            2   166000000          0 0  
                         gpmc_fck           2            2   166000000          0 0  
                         sdrc_ick           1            1   166000000          0 0  
                      l4_ick              4            4    83000000          0 0  
                         usbhost_ick           1            1    83000000          0 0  
                         dss_ick_3430es2           4            6    83000000          0 0  
                         per_l4_ick          13           18    83000000          0 0  
                            mcbsp4_ick           2            2    83000000          0 0  
                            mcbsp3_ick           2            2    83000000          0 0  
                            mcbsp2_ick           1            1    83000000          0 0  
                            gpt2_ick           1            1    83000000          0 0  
                            gpt3_ick           1            1    83000000          0 0  
                            gpt4_ick           1            1    83000000          0 0  
                            gpt5_ick           1            1    83000000          0 0  
                            gpt6_ick           1            1    83000000          0 0  
                            gpt7_ick           1            1    83000000          0 0  
                            gpt8_ick           1            1    83000000          0 0  
                            gpt9_ick           1            1    83000000          0 0  
                            uart4_ick           1            1    83000000          0 0  
                            uart3_ick           1            1    83000000          0 0  
                            wdt3_ick           0            0    83000000          0 0  
                            gpio2_ick           0            1    83000000          0 0  
                            gpio3_ick           0            1    83000000          0 0  
                            gpio4_ick           0            1    83000000          0 0  
                            gpio5_ick           0            1    83000000          0 0  
                            gpio6_ick           0            1    83000000          0 0  
                         core_l4_ick          19           20    83000000          0 0  
                            mmchs3_ick           1            1    83000000          0 0  
                            usbtll_ick           1            1    83000000          0 0  
                            uart4_ick_am35xx           0            0    83000000          0 0  
                            sha12_ick           0            0    83000000          0 0  
                            aes2_ick           0            0    83000000          0 0  
                            omapctrl_ick           1            1    83000000          0 0  
                            mcbsp1_ick           1            1    83000000          0 0  
                            mcbsp5_ick           1            1    83000000          0 0  
                            gpt10_ick           1            1    83000000          0 0  
                            gpt11_ick           1            1    83000000          0 0  
                            uart1_ick           1            1    83000000          0 0  
                            uart2_ick           1            1    83000000          0 0  
                            i2c1_ick           1            1    83000000          0 0  
                            i2c2_ick           1            1    83000000          0 0  
                            i2c3_ick           1            1    83000000          0 0  
                            mcspi1_ick           1            1    83000000          0 0  
                            mcspi2_ick           1            1    83000000          0 0  
                            mcspi3_ick           1            1    83000000          0 0  
                            mcspi4_ick           1            1    83000000          0 0  
                            hdq_ick           0            1    83000000          0 0  
                            mmchs1_ick           1            1    83000000          0 0  
                            mmchs2_ick           1            1    83000000          0 0  
                         rm_ick           0            0    41500000          0 0  
                   dpll1_fck              0            0   166000000          0 0  
             dpll3_m3_ck                  0            0   166000000          0 0  
                dpll3_m3x2_mul_ck           0            0   332000000          0 0  
                   dpll3_m3x2_ck           0            0   332000000          0 0  
                      emu_core_alwon_ck           0            0   332000000          0 0  
          dpll4_ck                        1            3   432000000          0 0  
             dpll4_x2_ck                  0            0   864000000          0 0  
             dpll4_m6_ck                  0            0   144000000          0 0  
                dpll4_m6x2_mul_ck           0            0   288000000          0 0  
                   dpll4_m6x2_ck           0            0   288000000          0 0  
                      emu_per_alwon_ck           0            0   288000000          0 0  
             dpll4_m5_ck                  0            0   108000000          0 0  
                dpll4_m5x2_mul_ck           0            0   216000000          0 0  
                   dpll4_m5x2_ck           0            0   216000000          0 0  
             dpll4_m4_ck                  0            1   216000000          0 0  
                dpll4_m4x2_mul_ck           0            1   432000000          0 0  
                   dpll4_m4x2_ck           0            1   432000000          0 0  
                      dss1_alwon_fck_3430es2           0            4   432000000          0 0  
             dpll4_m3_ck                  0            1    27000000          0 0  
                dpll4_m3x2_mul_ck           0            1    54000000          0 0  
                   dpll4_m3x2_ck           0            1    54000000          0 0  
                      omap_54m_fck           0            1    54000000          0 0  
                         clkout2_src_ck           0            0    54000000          0 0  
                            sys_clkout2           0            0    54000000          0 0  
                         dss_tv_fck           0            2    54000000          0 0  
             dpll4_m2_ck                  1            1    48000000          0 0  
                dpll4_m2x2_mul_ck           1            1    96000000          0 0  
                   dpll4_m2x2_ck           1            1    96000000          0 0  
                      omap_192m_alwon_fck           0            0    96000000          0 0  
                      omap_96m_alwon_fck           1            2    96000000          0 0  
                         per_96m_fck           0            6    96000000          0 0  
                            mcbsp4_fck           0            1    96000000          0 0  
                            mcbsp3_fck           0            2    96000000          0 0  
                            mcbsp2_fck           0            2    96000000          0 0  
                         cm_96m_fck           1            2    96000000          0 0  
                            cm_96m_d2_fck           1            1    48000000          0 0  
                               omap_48m_fck           2            4    48000000          0 0  
                                  usbhost_48m_fck           0            1    48000000          0 0  
                                  per_48m_fck           1            1    48000000          0 0  
                                     uart3_fck           1            1    48000000          0 0  
                                  core_48m_fck           2            7    48000000          0 0  
                                     uart4_fck_am35xx           0            1    48000000          0 0  
                                     uart1_fck           1            2    48000000          0 0  
                                     uart2_fck           1            1    48000000          0 0  
                                     mcspi1_fck           0            1    48000000          0 0  
                                     mcspi2_fck           0            1    48000000          0 0  
                                     mcspi3_fck           0            1    48000000          0 0  
                                     mcspi4_fck           0            1    48000000          0 0  
                                  omap_12m_fck           0            1    12000000          0 0  
                                     core_12m_fck           0            1    12000000          0 0  
                                        hdq_fck             0            1    12000000          0 0  
                            omap_96m_fck           0            2    96000000          0 0  
                               dss_96m_fck           0            2    96000000          0 0  
                               core_96m_fck           0           10    96000000          0 0  
                                  mcbsp1_fck           0            1    96000000          0 0  
                                  mcbsp5_fck           0            1    96000000          0 0  
                                  mmchs3_fck           0            1    96000000          0 0  
                                  i2c1_fck           0            1    96000000          0 0  
                                  i2c2_fck           0            1    96000000          0 0  
                                  i2c3_fck           0            1    96000000          0 0  
                                  mmchs1_fck           0            1    96000000          0 0  
                                  mmchs2_fck           0            1    96000000          0 0  
          wkup_l4_ick                     4            5    13000000          0 0  
             gpt1_ick                     1            1    13000000          0 0  
             gpt12_ick                    1            1    13000000          0 0  
             omap_32ksync_ick             1            1    13000000          0 0  
             gpio1_ick                    0            1    13000000          0 0  
             wdt1_ick                     0            0    13000000          0 0  
             wdt2_ick                     1            1    13000000          0 0  
 virt_19200000_ck                         0            0    19200000          0 0  
 virt_13m_ck                              0            0    13000000          0 0  
 virt_12m_ck                              0            0    12000000          0 0  
 omap_32k_fck                             0            7       32768          0 0  
    gpt11_fck                             0            1       32768          0 0  
    gpt10_fck                             0            1       32768          0 0  
    ts_fck                                0            0       32768          0 0  
    per_32k_alwon_fck                     0            5       32768          0 0  
       wdt3_fck                           0            0       32768          0 0  
       gpio2_dbck                         0            1       32768          0 0  
       gpio3_dbck                         0            1       32768          0 0  
       gpio4_dbck                         0            1       32768          0 0  
       gpio5_dbck                         0            1       32768          0 0  
       gpio6_dbck                         0            1       32768          0 0  
    wkup_32k_fck                          0            3       32768          0 0  
       wdt2_fck                           0            1       32768          0 0  
       gpio1_dbck                         0            1       32768          0 0  
 dummy_apb_pclk                           0            0           0          0 0  
 virt_16_8m_ck                            0            0    16800000          0 0  
=======
Orphan Clks:
=======
Available frequencies
=======
Hello World Board Booted
root@am3517-evm:/test# 
- 06:51:30 [INFO] Host: cat stderr.log
- 06:51:30 [INFO] Target: 
cat stderr.log
ls: /sys/kernel/debug/clk/orphans/: No such file or directory
root@am3517-evm:/test# 
- 06:51:30 [INFO] Host: cat result.log
- 06:51:32 [ERROR] On command: cat result.log waiting for cat result.log.+?(?m-ix:^1[\0\n\r]+) >>> error: execution expired
- 06:51:32 [INFO] Target: 
cat result.log
root@am3517-evm:/test# 
- 06:51:32 [INFO] Host: cd /test
- 06:51:32 [INFO] Target: 
cd /test
root@am3517-evm:/test# 
URL:gtsystest.telogy.design.ti.com/vatf/tigt-0001-desktop/tigt-0001-desktop_vatf@am3517-evm/tigt-0001-desktop11_21_2014_06_49_37/files/session_iteration_1/test_1
