- 06:35:19 [INFO] Starting target session
- 06:35:20 [INFO] Connected to am3517-evm via serial 
- 06:35:20 [INFO] Host: #check prompt
- 06:35:23 [ERROR] On command: #check prompt waiting for #check prompt.+?(?-mix:((?-mix:.*\s+login)|[Pp]assword)) >>> error: execution expired
- 06:35:23 [INFO] Target: 
#check prompt
AM3517_EVM # 
- 06:35:23 [INFO] Host: #check prompt
- 06:35:25 [ERROR] On command: #check prompt waiting for #check prompt.+?(?m-ix:root.*#) >>> error: execution expired
- 06:35:25 [INFO] Target: 
#check prompt
AM3517_EVM # 
- 06:35:25 [INFO] Host: #check prompt
- 06:35:27 [ERROR] On command: #check prompt waiting for #check prompt.+?(?m-ix:root.*#) >>> error: execution expired
- 06:35:27 [INFO] Target: 
#check prompt
AM3517_EVM # 
- 06:35:27 [INFO] Host: #check prompt
- 06:35:29 [ERROR] On command: #check prompt waiting for #check prompt.+?(?m-ix:root.*#) >>> error: execution expired
- 06:35:29 [INFO] Target: 
#check prompt
AM3517_EVM # 
- 06:35:29 [INFO] Disconnected serial from am3517-evm
- 06:36:05 [INFO] Connected to am3517-evm via serial 
- 06:36:05 [INFO] Host: 
- 06:36:12 [INFO] Target: 
tm1`U
@ @ @QT,0@ @ @
U-Boot SPL 2011.09-00000-gb71d291 (Apr 05 2013 - 03:00:48)
Texas Instruments Revision detection unimplemented
OMAP SD/MMC: 0
reading u-boot.img
reading u-boot.img
U-Boot 2011.09-00000-gb71d291 (Apr 05 2013 - 03:00:48)
AM35XX-GP ES2.0, CPU-OPP2, L3-165MHz, Max CPU Clock 600 Mhz
AM3517EVM Board + LPDDR/NAND
I2C:   ready
DRAM:  256 MiB
WARNING: Caches not enabled
NAND:  HW ECC [Kernel/FS layout] selected
512 MiB
MMC:   OMAP SD/MMC: 0
*** Warning - bad CRC, using default environment
In:    serial
Out:   serial
Err:   serial
Die ID #1abc000100000000015da3960f00d01f
Net:   Ethernet PHY: GENERIC @ 0x00
DaVinci-EMAC
Hit any key to stop autoboot:  3  0 
AM3517_EVM # 
AM3517_EVM # 
AM3517_EVM # 
AM3517_EVM # 
AM3517_EVM # 
AM3517_EVM # 
AM3517_EVM # 
AM3517_EVM # 
AM3517_EVM # 
AM3517_EVM # 
AM3517_EVM # 
AM3517_EVM # 
AM3517_EVM # 
AM3517_EVM # 
AM3517_EVM # 
AM3517_EVM # 
AM3517_EVM # 
AM3517_EVM # 
AM3517_EVM # 
AM3517_EVM # 
AM3517_EVM # 
AM3517_EVM # 
AM3517_EVM # 
AM3517_EVM # 
AM3517_EVM # 
AM3517_EVM # 
AM3517_EVM # 
AM3517_EVM # 
AM3517_EVM # 
AM3517_EVM # 
AM3517_EVM # 
AM3517_EVM # 
AM3517_EVM # 
AM3517_EVM # 
AM3517_EVM # 
AM3517_EVM # 
AM3517_EVM # 
AM3517_EVM # 
AM3517_EVM # 
AM3517_EVM # 
AM3517_EVM # 
AM3517_EVM # 
AM3517_EVM # 
AM3517_EVM # 
AM3517_EVM # 
AM3517_EVM # 
AM3517_EVM # 
AM3517_EVM # 
AM3517_EVM # 
AM3517_EVM # 
- 06:36:13 [INFO] Host: 
- 06:36:13 [INFO] Target: 
M3517_EVM # 
AM3517_EVM # 
AM3517_EVM # 
- 06:36:13 [INFO] Host: version
- 06:36:13 [INFO] Target: 
AM3517_EVM # version
U-Boot 2011.09-00000-gb71d291 (Apr 05 2013 - 03:00:48)
arm-arago-linux-gnueabi-gcc (GCC) 4.5.3 20110311 (prerelease)
GNU ld (GNU Binutils) 2.20.1.20100303
AM3517_EVM # 
- 06:36:13 [INFO] Host: setenv bootargs 'console=ttyO2,115200n8 debug ignore_loglevel earlyprintk root=/dev/mmcblk0p2 rootwait nohlt '
- 06:36:13 [INFO] Target: 
setenv bootargs 'console=ttyO2,115200n8 debug ignore_loglevel earlyprintk root=/dev/mmcblk0p2 rootwait nohlt '
AM3517_EVM # 
- 06:36:13 [INFO] Host: setenv bootcmd  ''
- 06:36:13 [INFO] Target: 
setenv bootcmd  ''
AM3517_EVM # 
- 06:36:13 [INFO] Host: setenv autoload 'no'
- 06:36:13 [INFO] Target: 
setenv autoload 'no'
AM3517_EVM # 
- 06:36:13 [INFO] Host: setenv serverip '192.168.1.254'
- 06:36:13 [INFO] Target: 
setenv serverip '192.168.1.254'
AM3517_EVM # 
- 06:36:13 [INFO] Host: setenv _initramfs -
- 06:36:13 [INFO] Target: 
setenv _initramfs -
AM3517_EVM # 
- 06:36:13 [INFO] Host: printenv
- 06:36:13 [INFO] Target: 
printenv
_initramfs=-
autoload=no
baudrate=115200
bootargs=console=ttyO2,115200n8 debug ignore_loglevel earlyprintk root=/dev/mmcblk0p2 rootwait nohlt 
bootargs_defaults=setenv bootargs console=${console} ${optargs}
bootcmd=
bootdelay=3
bootenv=uEnv.txt
bootfile="uImage"
bootscript=echo Running bootscript from mmc ...; source ${loadaddr}
console=ttyO2,115200n8
dieid#=1abc000100000000015da3960f00d01f
ethact=DaVinci-EMAC
ethaddr=08:00:28:0f:49:cb
importbootenv=echo Importing environment from mmc ...; env import -t $loadaddr $filesize
kloadaddr=0x80007fc0
loadaddr=0x82000000
loadbootenv=fatload mmc ${mmc_dev} ${loadaddr} ${bootenv}
loadbootscript=fatload mmc ${mmcdev} ${loadaddr} boot.scr
loaduimage=fatload mmc ${mmcdev} ${kloadaddr} uImage
mmcargs=run bootargs_defaults; setenv bootargs ${bootargs} root=/dev/mmcblk0p2 rw rootfstype=ext3 rootwait
mmcboot=echo Booting from mmc ...; run mmcargs; bootm ${kloadaddr}; 
mmcdev=0
nandargs=run bootargs_defaults; setenv bootargs ${bootargs} root=/dev/mtdblock4 rw rootfstype=jffs2
nandboot=echo Booting from nand ...; run nandargs; nand read ${kloadaddr} 280000 400000; bootm ${kloadaddr}; 
serverip=192.168.1.254
stderr=serial
stdin=serial
stdout=serial
Environment size: 1257/131068 bytes
AM3517_EVM # 
- 06:36:13 [INFO] Host: printenv
- 06:36:14 [INFO] Target: 
printenv
_initramfs=-
autoload=no
baudrate=115200
bootargs=console=ttyO2,115200n8 debug ignore_loglevel earlyprintk root=/dev/mmcblk0p2 rootwait nohlt 
bootargs_defaults=setenv bootargs console=${console} ${optargs}
bootcmd=
bootdelay=3
bootenv=uEnv.txt
bootfile="uImage"
bootscript=echo Running bootscript from mmc ...; source ${loadaddr}
console=ttyO2,115200n8
dieid#=1abc000100000000015da3960f00d01f
ethact=DaVinci-EMAC
ethaddr=08:00:28:0f:49:cb
importbootenv=echo Importing environment from mmc ...; env import -t $loadaddr $filesize
kloadaddr=0x80007fc0
loadaddr=0x82000000
loadbootenv=fatload mmc ${mmc_dev} ${loadaddr} ${bootenv}
loadbootscript=fatload mmc ${mmcdev} ${loadaddr} boot.scr
loaduimage=fatload mmc ${mmcdev} ${kloadaddr} uImage
mmcargs=run bootargs_defaults; setenv bootargs ${bootargs} root=/dev/mmcblk0p2 rw rootfstype=ext3 rootwait
mmcboot=echo Booting from mmc ...; run mmcargs; bootm ${kloadaddr}; 
mmcdev=0
nandargs=run bootargs_defaults; setenv bootargs ${bootargs} root=/dev/mtdblock4 rw rootfstype=jffs2
nandboot=echo Booting from nand ...; run nandargs; nand read ${kloadaddr} 280000 400000; bootm ${kloadaddr}; 
serverip=192.168.1.254
stderr=serial
stdin=serial
stdout=serial
Environment size: 1257/131068 bytes
AM3517_EVM # 
- 06:36:14 [INFO] Host: setenv bootargs ''${bootargs}' ip=:::::eth0:dhcp '
- 06:36:14 [INFO] Target: 
setenv bootargs ''${bootargs}' ip=:::::eth0:dhcp '
AM3517_EVM # 
- 06:36:14 [INFO] Host: setenv serverip '192.168.1.254'
- 06:36:14 [INFO] Target: 
setenv serverip '192.168.1.254'
AM3517_EVM # 
- 06:36:14 [INFO] Host: setenv autoload 'no'
- 06:36:14 [INFO] Target: 
setenv autoload 'no'
AM3517_EVM # 
- 06:36:14 [INFO] Host: dhcp
- 06:36:15 [INFO] Target: 
dhcp
BOOTP broadcast 1
DHCP client bound to address 192.168.1.185
AM3517_EVM # 
- 06:36:15 [INFO] Host: tftp ${loadaddr} 192.168.1.254:vatf_am3517-evm/4c732e62a3676e3bc7fdf4c7a526b36a
- 06:36:18 [INFO] Target: 
tftp ${loadaddr} 192.168.1.254:vatf_am3517-evm/4c732e62a3676e3bc7fdf4c7a526b36a
Using DaVinci-EMAC device
TFTP from server 192.168.1.254; our IP address is 192.168.1.185
Filename 'vatf_am3517-evm/4c732e62a3676e3bc7fdf4c7a526b36a'.
Load address: 0x82000000
Loading: *#################################################################
	 #################################################################
	 #################################################################
	 #################################################################
	 ##
done
Bytes transferred = 3842353 (3aa131 hex)
AM3517_EVM # 
- 06:36:18 [INFO] Host: ls mmc 0:1
- 06:36:18 [INFO] Target: 
ls mmc 0:1
ls - list files in a directory (default /)
Usage:
ls [ directory ]
AM3517_EVM # 
- 06:36:18 [INFO] Host: ls mmc 0:2
- 06:36:18 [INFO] Target: 
ls mmc 0:2
ls - list files in a directory (default /)
Usage:
ls [ directory ]
AM3517_EVM # 
- 06:36:18 [INFO] Host: ls mmc 0:3
- 06:36:18 [INFO] Target: 
ls mmc 0:3
ls - list files in a directory (default /)
Usage:
ls [ directory ]
AM3517_EVM # 
- 06:36:18 [INFO] Host: ls mmc 0:4
- 06:36:18 [INFO] Target: 
ls mmc 0:4
ls - list files in a directory (default /)
Usage:
ls [ directory ]
AM3517_EVM # 
- 06:36:18 [INFO] Host: ls mmc 0:5
- 06:36:19 [INFO] Target: 
ls mmc 0:5
ls - list files in a directory (default /)
Usage:
ls [ directory ]
AM3517_EVM # 
- 06:36:19 [INFO] Host: part uuid mmc 0:
- 06:36:19 [INFO] Target: 
part uuid mmc 0:
Unknown command 'part' - try 'help'
AM3517_EVM # 
- 06:36:19 [INFO] Host: printenv
- 06:36:19 [INFO] Target: 
printenv
_initramfs=-
autoload=no
baudrate=115200
bootargs=console=ttyO2,115200n8 debug ignore_loglevel earlyprintk root=/dev/mmcblk0p2 rootwait nohlt ip=:::::eth0:dhcp
bootargs_defaults=setenv bootargs console=${console} ${optargs}
bootcmd=
bootdelay=3
bootenv=uEnv.txt
bootfile=uImage
bootscript=echo Running bootscript from mmc ...; source ${loadaddr}
console=ttyO2,115200n8
dieid#=1abc000100000000015da3960f00d01f
dnsip=192.0.2.2
dnsip2=192.0.2.3
ethact=DaVinci-EMAC
ethaddr=08:00:28:0f:49:cb
fileaddr=82000000
filesize=3AA131
importbootenv=echo Importing environment from mmc ...; env import -t $loadaddr $filesize
ipaddr=192.168.1.185
kloadaddr=0x80007fc0
loadaddr=0x82000000
loadbootenv=fatload mmc ${mmc_dev} ${loadaddr} ${bootenv}
loadbootscript=fatload mmc ${mmcdev} ${loadaddr} boot.scr
loaduimage=fatload mmc ${mmcdev} ${kloadaddr} uImage
mmcargs=run bootargs_defaults; setenv bootargs ${bootargs} root=/dev/mmcblk0p2 rw rootfstype=ext3 rootwait
mmcboot=echo Booting from mmc ...; run mmcargs; bootm ${kloadaddr}; 
mmcdev=0
nandargs=run bootargs_defaults; setenv bootargs ${bootargs} root=/dev/mtdblock4 rw rootfstype=jffs2
nandboot=echo Booting from nand ...; run nandargs; nand read ${kloadaddr} 280000 400000; bootm ${kloadaddr}; 
netmask=255.255.255.0
serverip=192.168.1.254
stderr=serial
stdin=serial
stdout=serial
Environment size: 1394/131068 bytes
AM3517_EVM # 
- 06:36:19 [INFO] Host: setenv bootargs ''${bootargs}' root=/dev/mmcblk0p2 rw rootfstype=ext3 rootwait '
- 06:36:19 [INFO] Target: 
setenv bootargs ''${bootargs}' root=/dev/mmcblk0p2 rw rootfstype=ext3 rootwait '
AM3517_EVM # 
- 06:36:19 [INFO] Host: printenv
- 06:36:19 [INFO] Target: 
printenv
_initramfs=-
autoload=no
baudrate=115200
bootargs=console=ttyO2,115200n8 debug ignore_loglevel earlyprintk root=/dev/mmcblk0p2 rootwait nohlt ip=:::::eth0:dhcp root=/dev/mmcblk0p2 rw rootfstype=ext3 rootwait
bootargs_defaults=setenv bootargs console=${console} ${optargs}
bootcmd=
bootdelay=3
bootenv=uEnv.txt
bootfile=uImage
bootscript=echo Running bootscript from mmc ...; source ${loadaddr}
console=ttyO2,115200n8
dieid#=1abc000100000000015da3960f00d01f
dnsip=192.0.2.2
dnsip2=192.0.2.3
ethact=DaVinci-EMAC
ethaddr=08:00:28:0f:49:cb
fileaddr=82000000
filesize=3AA131
importbootenv=echo Importing environment from mmc ...; env import -t $loadaddr $filesize
ipaddr=192.168.1.185
kloadaddr=0x80007fc0
loadaddr=0x82000000
loadbootenv=fatload mmc ${mmc_dev} ${loadaddr} ${bootenv}
loadbootscript=fatload mmc ${mmcdev} ${loadaddr} boot.scr
loaduimage=fatload mmc ${mmcdev} ${kloadaddr} uImage
mmcargs=run bootargs_defaults; setenv bootargs ${bootargs} root=/dev/mmcblk0p2 rw rootfstype=ext3 rootwait
mmcboot=echo Booting from mmc ...; run mmcargs; bootm ${kloadaddr}; 
mmcdev=0
nandargs=run bootargs_defaults; setenv bootargs ${bootargs} root=/dev/mtdblock4 rw rootfstype=jffs2
nandboot=echo Booting from nand ...; run nandargs; nand read ${kloadaddr} 280000 400000; bootm ${kloadaddr}; 
netmask=255.255.255.0
serverip=192.168.1.254
stderr=serial
stdin=serial
stdout=serial
Environment size: 1442/131068 bytes
AM3517_EVM # 
- 06:36:19 [INFO] Host: setenv bootcmd ''${bootcmd}' if iminfo ${loadaddr}; then bootm ${loadaddr} ${_initramfs} ; else bootz ${loadaddr} ${_initramfs} ; bootm ${loadaddr} ${_initramfs} ; fi'
- 06:36:19 [INFO] Target: 
setenv bootcmd ''${bootcmd}' if iminfo ${loadaddr}; then bootm ${loadaddr} ${_initramfs} ; else bootz ${loadaddr} ${_initramfs} ; bootm ${loadaddr} ${_initramfs} ; fi'
AM3517_EVM # 
- 06:36:19 [INFO] Host: version
- 06:36:19 [INFO] Target: 
version
U-Boot 2011.09-00000-gb71d291 (Apr 05 2013 - 03:00:48)
arm-arago-linux-gnueabi-gcc (GCC) 4.5.3 20110311 (prerelease)
GNU ld (GNU Binutils) 2.20.1.20100303
AM3517_EVM # 
- 06:36:19 [INFO] Host: bdinfo
- 06:36:19 [INFO] Target: 
bdinfo
arch_number = 0x00000898
boot_params = 0x80000100
DRAM bank   = 0x00000000
-> start    = 0x80000000
-> size     = 0x10000000
DRAM bank   = 0x00000001
-> start    = 0x80000000
-> size     = 0x00000000
ethaddr     = 08:00:28:0f:49:cb
ip_addr     = 192.168.1.185
baudrate    = 115200 bps
TLB addr    = 0x8FFF0000
relocaddr   = 0x8FF71000
reloc off   = 0x0FE71000
irq_sp      = 0x8FF30F68
sp start    = 0x8FF30F58
FB base     = 0x00000000
AM3517_EVM # 
- 06:36:19 [INFO] Host: mmc rescan; echo $?
- 06:36:20 [INFO] Target: 
mmc rescan; echo $?
AM3517_EVM # 
- 06:36:20 [INFO] Host: fatwrite mmc ${mmcdev}:1 ${loadaddr} ws-calibrate.rules 4
- 06:36:20 [INFO] Target: 
fatwrite mmc ${mmcdev}:1 ${loadaddr} ws-calibrate.rules 4
Unknown command 'fatwrite' - try 'help'
AM3517_EVM # 
- 06:36:20 [INFO] Host: boot
- 06:36:58 [INFO] Target: 
boot
Unknown command 'iminfo' - try 'help'
Unknown command 'bootz' - try 'help'
## Booting kernel from Legacy Image at 82000000 ...
   Image Name:   Linux-4.6.0-rc7-next-20160511-00
   Image Type:   ARM Linux Kernel Image (uncompressed)
   Data Size:    3842289 Bytes = 3.7 MiB
   Load Address: 81000000
   Entry Point:  81000000
   Verifying Checksum ... OK
   Loading Kernel Image ... OK
Starting kernel ...
[    0.000000] Booting Linux on physical CPU 0x0
[    0.000000] Linux version 4.6.0-rc7-next-20160511-00002-g1621f54c2bf3 (nmenon@horus) (gcc version 4.9.3 20150413 (prerelease) (Linaro GCC 4.9-2015.05) ) #1 SMP Wed May 11 06:32:05 CDT 2016
[    0.000000] CPU: ARMv7 Processor [411fc087] revision 7 (ARMv7), cr=10c5387d
[    0.000000] CPU: PIPT / VIPT nonaliasing data cache, VIPT nonaliasing instruction cache
[    0.000000] Machine model: TI AM3517 EVM (AM3517/05 TMDSEVM3517)
[    0.000000] debug: ignoring loglevel setting.
[    0.000000] cma: Reserved 16 MiB at 0x8e800000
[    0.000000] Memory policy: Data cache writeback
[    0.000000] On node 0 totalpages: 65024
[    0.000000] free_area_init_node: node 0, pgdat c0cb9880, node_mem_map cfbb1000
[    0.000000]   Normal zone: 576 pages used for memmap
[    0.000000]   Normal zone: 0 pages reserved
[    0.000000]   Normal zone: 65024 pages, LIFO batch:15
[    0.000000] CPU: All CPU(s) started in SVC mode.
[    0.000000] AM3517 ES1.1 (l2cache sgx neon )
[    0.000000] percpu: Embedded 15 pages/cpu @cfb42000 s29440 r8192 d23808 u61440
[    0.000000] pcpu-alloc: s29440 r8192 d23808 u61440 alloc=15*4096
[    0.000000] pcpu-alloc: [0] 0 
[    0.000000] Built 1 zonelists in Zone order, mobility grouping on.  Total pages: 64448
[    0.000000] Kernel command line: console=ttyO2,115200n8 debug ignore_loglevel earlyprintk root=/dev/mmcblk0p2 rootwait nohlt ip=:::::eth0:dhcp root=/dev/mmcblk0p2 rw rootfstype=ext3 rootwait
[    0.000000] PID hash table entries: 1024 (order: 0, 4096 bytes)
[    0.000000] Dentry cache hash table entries: 32768 (order: 5, 131072 bytes)
[    0.000000] Inode-cache hash table entries: 16384 (order: 4, 65536 bytes)
[    0.000000] Memory: 220480K/260096K available (7354K kernel code, 768K rwdata, 2356K rodata, 1024K init, 8122K bss, 23232K reserved, 16384K cma-reserved, 0K highmem)
[    0.000000] Virtual kernel memory layout:
[    0.000000]     vector  : 0xffff0000 - 0xffff1000   (   4 kB)
[    0.000000]     fixmap  : 0xffc00000 - 0xfff00000   (3072 kB)
[    0.000000]     vmalloc : 0xd0800000 - 0xff800000   ( 752 MB)
[    0.000000]     lowmem  : 0xc0000000 - 0xd0000000   ( 256 MB)
[    0.000000]     pkmap   : 0xbfe00000 - 0xc0000000   (   2 MB)
[    0.000000]     modules : 0xbf000000 - 0xbfe00000   (  14 MB)
[    0.000000]       .text : 0xc0008000 - 0xc0a7b828   (10703 kB)
[    0.000000]       .init : 0xc0b00000 - 0xc0c00000   (1024 kB)
[    0.000000]       .data : 0xc0c00000 - 0xc0cc0204   ( 769 kB)
[    0.000000]        .bss : 0xc0cc2000 - 0xc14b0a40   (8123 kB)
[    0.000000] Running RCU self tests
[    0.000000] Hierarchical RCU implementation.
[    0.000000] 	RCU lockdep checking is enabled.
[    0.000000] 	Build-time adjustment of leaf fanout to 32.
[    0.000000] 	RCU restricting CPUs from NR_CPUS=2 to nr_cpu_ids=1.
[    0.000000] RCU: Adjusting geometry for rcu_fanout_leaf=32, nr_cpu_ids=1
[    0.000000] NR_IRQS:16 nr_irqs:16 16
[    0.000000] IRQ: Found an INTC at 0xfa200000 (revision 4.0) with 96 interrupts
[    0.000000] Clocking rate (Crystal/Core/MPU): 26.0/332/600 MHz
[    0.000000] OMAP clockevent source: timer2 at 13000000 Hz
[    0.000035] sched_clock: 32 bits at 13MHz, resolution 76ns, wraps every 165191050201ns
[    0.000075] clocksource: timer1: mask: 0xffffffff max_cycles: 0xffffffff, max_idle_ns: 147020034397 ns
[    0.000184] OMAP clocksource: timer1 at 13000000 Hz
[    0.001782] Console: colour dummy device 80x30
[    0.001884] Lock dependency validator: Copyright (c) 2006 Red Hat, Inc., Ingo Molnar
[    0.001902] ... MAX_LOCKDEP_SUBCLASSES:  8
[    0.001917] ... MAX_LOCK_DEPTH:          48
[    0.001932] ... MAX_LOCKDEP_KEYS:        8191
[    0.001946] ... CLASSHASH_SIZE:          4096
[    0.001960] ... MAX_LOCKDEP_ENTRIES:     32768
[    0.001974] ... MAX_LOCKDEP_CHAINS:      65536
[    0.001988] ... CHAINHASH_SIZE:          32768
[    0.002002]  memory used by lock dependency info: 5167 kB
[    0.002017]  per task-struct memory footprint: 1536 bytes
[    0.002061] Calibrating delay loop... 594.73 BogoMIPS (lpj=2973696)
[    0.105846] pid_max: default: 32768 minimum: 301
[    0.106684] Security Framework initialized
[    0.106940] Mount-cache hash table entries: 1024 (order: 0, 4096 bytes)
[    0.106966] Mountpoint-cache hash table entries: 1024 (order: 0, 4096 bytes)
[    0.113023] CPU: Testing write buffer coherency: ok
[    0.116191] CPU0: thread -1, cpu 0, socket -1, mpidr 0
[    0.116340] Setting up static identity map for 0x80100000 - 0x80100070
[    0.123637] Brought up 1 CPUs
[    0.123672] SMP: Total of 1 processors activated (594.73 BogoMIPS).
[    0.123691] CPU: All CPU(s) started in SVC mode.
[    0.131087] devtmpfs: initialized
[    0.247884] VFP support v0.3: implementor 41 architecture 3 part 30 variant c rev 1
[    0.249509] clocksource: jiffies: mask: 0xffffffff max_cycles: 0xffffffff, max_idle_ns: 19112604462750000 ns
[    0.251923] pinctrl core: initialized pinctrl subsystem
[    0.261451] NET: Registered protocol family 16
[    0.272656] DMA: preallocated 256 KiB pool for atomic coherent allocations
[    0.348248] omap_hwmod: mcbsp2_sidetone using broken dt data from mcbsp
[    0.350412] omap_hwmod: mcbsp3_sidetone using broken dt data from mcbsp
[    0.447073] cpuidle: using governor menu
[    0.448157] Reprogramming SDRC clock to 332000000 Hz
[    0.452830] In-band Error seen by USB_OTG  at address 0
[    0.452860] ------------[ cut here ]------------
[    0.452903] WARNING: CPU: 0 PID: 1 at drivers/bus/omap_l3_smx.c:166 omap3_l3_app_irq+0xdc/0x130
[    0.452921] Modules linked in:
[    0.452958] CPU: 0 PID: 1 Comm: swapper/0 Not tainted 4.6.0-rc7-next-20160511-00002-g1621f54c2bf3 #1
[    0.452975] Hardware name: Generic AM3517 (Flattened Device Tree)
[    0.453022] [<c01100d4>] (unwind_backtrace) from [<c010c250>] (show_stack+0x10/0x14)
[    0.453061] [<c010c250>] (show_stack) from [<c047f098>] (dump_stack+0xb0/0xe4)
[    0.453104] [<c047f098>] (dump_stack) from [<c01375d4>] (__warn+0xd4/0x100)
[    0.453135] [<c01375d4>] (__warn) from [<c01376ac>] (warn_slowpath_null+0x20/0x28)
[    0.453162] [<c01376ac>] (warn_slowpath_null) from [<c04ac980>] (omap3_l3_app_irq+0xdc/0x130)
[    0.453201] [<c04ac980>] (omap3_l3_app_irq) from [<c019eaf4>] (handle_irq_event_percpu+0x44/0x3fc)
[    0.453231] [<c019eaf4>] (handle_irq_event_percpu) from [<c019eee4>] (handle_irq_event+0x38/0x5c)
[    0.453265] [<c019eee4>] (handle_irq_event) from [<c01a1fcc>] (handle_level_irq+0xb8/0x14c)
[    0.453293] [<c01a1fcc>] (handle_level_irq) from [<c019e120>] (generic_handle_irq+0x20/0x34)
[    0.453322] [<c019e120>] (generic_handle_irq) from [<c019e414>] (__handle_domain_irq+0x64/0xe0)
[    0.453353] [<c019e414>] (__handle_domain_irq) from [<c07af3f8>] (__irq_svc+0x58/0x78)
[    0.453398] [<c07af3f8>] (__irq_svc) from [<c07aed34>] (_raw_spin_unlock_irqrestore+0x34/0x44)
[    0.453429] [<c07aed34>] (_raw_spin_unlock_irqrestore) from [<c01a0a08>] (__setup_irq+0x26c/0x5e8)
[    0.453459] [<c01a0a08>] (__setup_irq) from [<c01a0edc>] (request_threaded_irq+0xc8/0x164)
[    0.453486] [<c01a0edc>] (request_threaded_irq) from [<c04acabc>] (omap3_l3_probe+0xe8/0x16c)
[    0.453515] [<c04acabc>] (omap3_l3_probe) from [<c05255ec>] (platform_drv_probe+0x4c/0xb0)
[    0.453554] [<c05255ec>] (platform_drv_probe) from [<c05237ac>] (driver_probe_device+0x208/0x2c0)
[    0.453583] [<c05237ac>] (driver_probe_device) from [<c0521ba0>] (bus_for_each_drv+0x64/0x98)
[    0.453611] [<c0521ba0>] (bus_for_each_drv) from [<c05234c0>] (__device_attach+0xb0/0x118)
[    0.453639] [<c05234c0>] (__device_attach) from [<c0522afc>] (bus_probe_device+0x88/0x90)
[    0.453666] [<c0522afc>] (bus_probe_device) from [<c0520ea0>] (device_add+0x3bc/0x56c)
[    0.453703] [<c0520ea0>] (device_add) from [<c062b930>] (of_platform_device_create_pdata+0x80/0xb8)
[    0.453732] [<c062b930>] (of_platform_device_create_pdata) from [<c062ba64>] (of_platform_bus_create+0xf0/0x1ec)
[    0.453759] [<c062ba64>] (of_platform_bus_create) from [<c062bc8c>] (of_platform_populate+0x5c/0xac)
[    0.453794] [<c062bc8c>] (of_platform_populate) from [<c0b13a84>] (pdata_quirks_init+0x54/0x74)
[    0.453821] [<c0b13a84>] (pdata_quirks_init) from [<c0b13630>] (omap_generic_init+0x10/0x1c)
[    0.453860] [<c0b13630>] (omap_generic_init) from [<c0b037d8>] (customize_machine+0x20/0x44)
[    0.453890] [<c0b037d8>] (customize_machine) from [<c010185c>] (do_one_initcall+0x3c/0x178)
[    0.453919] [<c010185c>] (do_one_initcall) from [<c0b00e8c>] (kernel_init_freeable+0x210/0x2e0)
[    0.453948] [<c0b00e8c>] (kernel_init_freeable) from [<c07a82d4>] (kernel_init+0x8/0x118)
[    0.453982] [<c07a82d4>] (kernel_init) from [<c01078d0>] (ret_from_fork+0x14/0x24)
[    0.454167] ---[ end trace 10627475ffd5d07a ]---
[    0.460361] platform 480c5000.aes: Cannot lookup hwmod 'aes'
[    0.467894] gpio gpiochip0: (gpio): added GPIO chardev (254:0)
[    0.470625] gpiochip_setup_dev: registered GPIOs 0 to 31 on device: gpiochip0 (gpio)
[    0.473272] OMAP GPIO hardware version 2.5
[    0.475530] gpio gpiochip1: (gpio): added GPIO chardev (254:1)
[    0.479002] gpiochip_setup_dev: registered GPIOs 32 to 63 on device: gpiochip1 (gpio)
[    0.483030] gpio gpiochip2: (gpio): added GPIO chardev (254:2)
[    0.484787] gpiochip_setup_dev: registered GPIOs 64 to 95 on device: gpiochip2 (gpio)
[    0.488989] gpio gpiochip3: (gpio): added GPIO chardev (254:3)
[    0.490637] gpiochip_setup_dev: registered GPIOs 96 to 127 on device: gpiochip3 (gpio)
[    0.494543] gpio gpiochip4: (gpio): added GPIO chardev (254:4)
[    0.496459] gpiochip_setup_dev: registered GPIOs 128 to 159 on device: gpiochip4 (gpio)
[    0.500420] gpio gpiochip5: (gpio): added GPIO chardev (254:5)
[    0.502073] gpiochip_setup_dev: registered GPIOs 160 to 191 on device: gpiochip5 (gpio)
[    0.519335] platform 480c3000.sham: Cannot lookup hwmod 'sham'
[    0.520343] platform 480cb000.smartreflex: Cannot lookup hwmod 'smartreflex_core'
[    0.534212] omap-gpmc 6e000000.gpmc: GPMC revision 5.0
[    0.534582] gpmc_mem_init: disabling cs 0 mapped at 0x0-0x1000000
[    0.534678] gpiochip_find_base: found new base at 508
[    0.534751] gpio gpiochip6: (omap-gpmc): added GPIO chardev (254:6)
[    0.536718] gpiochip_setup_dev: registered GPIOs 508 to 511 on device: gpiochip6 (omap-gpmc)
[    0.538032] platform 480ab000.usb_otg_hs: Cannot lookup hwmod 'usb_otg_hs'
[    0.542899] No ATAGs?
[    0.542935] hw-breakpoint: debug architecture 0x4 unsupported.
[    0.544314] omap4_sram_init:Unable to allocate sram needed to handle errata I688
[    0.544354] omap4_sram_init:Unable to get sram pool needed to handle errata I688
[    0.546449] OMAP DMA hardware revision 4.0
[    0.609773] omap-dma-engine 48056000.dma-controller: OMAP DMA engine driver
[    0.612049] of_get_named_gpiod_flags: can't parse 'gpio' property of node '/vmmc[0]'
[    0.621103] SCSI subsystem initialized
[    0.622477] libata version 3.00 loaded.
[    0.628190] omap_i2c 48070000.i2c: bus 0 rev3.3 at 400 kHz
[    0.630904] omap_i2c 48072000.i2c: bus 1 rev3.3 at 400 kHz
[    0.633289] omap_i2c 48060000.i2c: bus 2 rev3.3 at 400 kHz
[    0.633917] pps_core: LinuxPPS API ver. 1 registered
[    0.633939] pps_core: Software ver. 5.3.6 - Copyright 2005-2007 Rodolfo Giometti <giometti@linux.it>
[    0.634061] PTP clock support registered
[    0.642372] clocksource: Switched to clocksource timer1
[    0.825128] VFS: Disk quotas dquot_6.6.0
[    0.825423] VFS: Dquot-cache hash table entries: 1024 (order 0, 4096 bytes)
[    0.884942] NET: Registered protocol family 2
[    0.888306] TCP established hash table entries: 2048 (order: 1, 8192 bytes)
[    0.888418] TCP bind hash table entries: 2048 (order: 4, 73728 bytes)
[    0.889412] TCP: Hash tables configured (established 2048 bind 2048)
[    0.889822] UDP hash table entries: 256 (order: 2, 20480 bytes)
[    0.890111] UDP-Lite hash table entries: 256 (order: 2, 20480 bytes)
[    0.891473] NET: Registered protocol family 1
[    0.894776] RPC: Registered named UNIX socket transport module.
[    0.894821] RPC: Registered udp transport module.
[    0.894841] RPC: Registered tcp transport module.
[    0.894861] RPC: Registered tcp NFSv4.1 backchannel transport module.
[    0.903606] hw perfevents: enabled with armv7_cortex_a8 PMU driver, 5 counters available
[    0.913278] futex hash table entries: 256 (order: 2, 16384 bytes)
[    0.913647] audit: initializing netlink subsys (disabled)
[    0.914069] audit: type=2000 audit(0.910:1): initialized
[    0.921363] workingset: timestamp_bits=12 max_order=16 bucket_order=4
[    0.927202] NFS: Registering the id_resolver key type
[    0.927951] Key type id_resolver registered
[    0.927980] Key type id_legacy registered
[    0.928264] jffs2: version 2.2. (NAND) (SUMMARY)   2001-2006 Red Hat, Inc.
[    0.938542] io scheduler noop registered
[    0.938587] io scheduler deadline registered
[    0.938674] io scheduler cfq registered (default)
[    0.943187] pinctrl-single 48002030.pinmux: 284 pins at pa fa002030 size 568
[    0.944077] pinctrl-single 48002a00.pinmux: 46 pins at pa fa002a00 size 92
[    0.945265] pinctrl-single 480025d8.pinmux: 18 pins at pa fa0025d8 size 36
[    0.952625] Serial: 8250/16550 driver, 4 ports, IRQ sharing enabled
[    0.964219] omap_uart 4806a000.serial: no wakeirq for uart0
[    0.964275] of_get_named_gpiod_flags: can't parse 'rts-gpio' property of node '/ocp/serial@4806a000[0]'
[    0.965102] 4806a000.serial: ttyO0 at MMIO 0x4806a000 (irq = 88, base_baud = 3000000) is a OMAP UART0
[    0.968819] omap_uart 4806c000.serial: no wakeirq for uart1
[    0.968868] of_get_named_gpiod_flags: can't parse 'rts-gpio' property of node '/ocp/serial@4806c000[0]'
[    0.969567] 4806c000.serial: ttyO1 at MMIO 0x4806c000 (irq = 89, base_baud = 3000000) is a OMAP UART1
[    0.971823] omap_uart 49020000.serial: no wakeirq for uart2
[    0.971863] of_get_named_gpiod_flags: can't parse 'rts-gpio' property of node '/ocp/serial@49020000[0]'
[    0.972774] 49020000.serial: ttyO2 at MMIO 0x49020000 (irq = 90, base_baud = 3000000) is a OMAP UART2
[    2.287740] console [ttyO2] enabled
[    2.364225] brd: module loaded
[    2.410688] loop: module loaded
[    2.418829] mtdoops: mtd device (mtddev=name/number) must be supplied
[    2.492430] davinci_mdio davinci_mdio.0: davinci mdio revision 1.5
[    2.498932] davinci_mdio davinci_mdio.0: detected phy mask fffffffe
[    2.512008] libphy: davinci_mdio.0: probed
[    2.516568] davinci_mdio davinci_mdio.0: phy[0]: device davinci_mdio.0:00, driver SMSC LAN8710/LAN8720
[    2.532075] mousedev: PS/2 mouse device common for all mice
[    2.538123] i2c /dev entries driver
[    2.550601] omap_hsmmc 4809c000.mmc: GPIO lookup for consumer cd
[    2.557221] omap_hsmmc 4809c000.mmc: using device tree for GPIO lookup
[    2.564159] of_get_named_gpiod_flags: can't parse 'cd-gpios' property of node '/ocp/mmc@4809c000[0]'
[    2.573779] of_get_named_gpiod_flags: can't parse 'cd-gpio' property of node '/ocp/mmc@4809c000[0]'
[    2.583300] omap_hsmmc 4809c000.mmc: using lookup tables for GPIO lookup
[    2.590559] omap_hsmmc 4809c000.mmc: lookup for GPIO cd failed
[    2.596780] omap_hsmmc 4809c000.mmc: GPIO lookup for consumer wp
[    2.603125] omap_hsmmc 4809c000.mmc: using device tree for GPIO lookup
[    2.609972] of_get_named_gpiod_flags: can't parse 'wp-gpios' property of node '/ocp/mmc@4809c000[0]'
[    2.619580] of_get_named_gpiod_flags: can't parse 'wp-gpio' property of node '/ocp/mmc@4809c000[0]'
[    2.629094] omap_hsmmc 4809c000.mmc: using lookup tables for GPIO lookup
[    2.636169] omap_hsmmc 4809c000.mmc: lookup for GPIO wp failed
[    2.682991] ledtrig-cpu: registered to indicate activity on CPUs
[    2.692014] oprofile: using arm/armv7
[    2.697192] Initializing XFRM netlink socket
[    2.702663] NET: Registered protocol family 10
[    2.717436] sit: IPv6 over IPv4 tunneling driver
[    2.726592] NET: Registered protocol family 17
[    2.731395] NET: Registered protocol family 15
[    2.736889] Key type dns_resolver registered
[    2.741838] omap2_set_init_voltage: unable to find boot up OPP for vdd_mpu_iva
[    2.749515] omap2_set_init_voltage: unable to set vdd_mpu_iva
[    2.755636] omap2_set_init_voltage: unable to find boot up OPP for vdd_core
[    2.762976] omap2_set_init_voltage: unable to set vdd_core
[    2.769907] PM: no software I/O chain control; some wakeups may be lost
[    2.776976] pm: Failed to request pm_wkup irq
[    2.781608] ThumbEE CPU extension supported.
[    2.786212] Registering SWP/SWPB emulation handler
[    2.791234] SmartReflex Class3 initialized
[    2.812671] davinci_emac davinci_emac.0: using random MAC addr: 3e:f3:90:60:b6:09
[    2.825926] hctosys: unable to open rtc device (rtc0)
[    2.831235] sr_init: No PMIC hook to init smartreflex
[    2.837178] sr_init: platform driver register failed for SR
[    2.922833] davinci_mdio davinci_mdio.0: resetting idled controller
[    2.930258] SMSC LAN8710/LAN8720 davinci_mdio.0:00: attached PHY driver [SMSC LAN8710/LAN8720] (mii_bus:phy_addr=davinci_mdio.0:00, irq=-1)
[    2.943742] IPv6: ADDRCONF(NETDEV_UP): eth0: link is not ready
[    2.972648] mmc0: host does not support reading read-only switch, assuming write-enable
[    2.983851] mmc0: new high speed SD card at address 0002
[    2.995664] mmcblk0: mmc0:0002 00000 1.87 GiB 
[    3.009838]  mmcblk0: p1 p2
[    5.942617] davinci_emac davinci_emac.0 eth0: Link is Up - 100Mbps/Full - flow control rx/tx
[    5.951734] IPv6: ADDRCONF(NETDEV_CHANGE): eth0: link becomes ready
[    5.962376] Sending DHCP requests ., OK
[    7.032879] IP-Config: Got DHCP answer from 192.168.1.254, my address is 192.168.1.177
[    7.042492] IP-Config: Complete:
[    7.045898]      device=eth0, hwaddr=3e:f3:90:60:b6:09, ipaddr=192.168.1.177, mask=255.255.255.0, gw=192.168.1.254
[    7.056798]      host=192.168.1.177, domain=tidfarm-06.internal.ti.com, nis-domain=(none)
[    7.065406]      bootserver=192.168.1.254, rootserver=192.168.1.254, rootpath=     nameserver0=192.0.2.2, nameserver1=192.0.2.3
[    7.090450] EXT4-fs (mmcblk0p2): mounting ext3 file system using the ext4 subsystem
[    7.140004] EXT4-fs (mmcblk0p2): mounted filesystem with ordered data mode. Opts: (null)
[    7.148938] VFS: Mounted root (ext3 filesystem) on device 179:2.
[    7.177259] devtmpfs: mounted
[    7.184836] Freeing unused kernel memory: 1024K (c0b00000 - c0c00000)
INIT: version 2.88 booting
Error opening /dev/fb0: No such file or directory
Starting udev
[    8.724595] udev[97]: starting version 164
[   16.898412] FAT-fs (mmcblk0p1): Volume was not properly unmounted. Some data may be corrupt. Please run fsck.
ERROR: could not open directory /lib/modules/4.6.0-rc7-next-20160511-00002-g1621f54c2bf3: No such file or directory
WARNING: -e needs -E or -F
ERROR: could not open directory /lib/modules/4.6.0-rc7-next-20160511-00002-g1621f54c2bf3: No such file or directory
FATAL: could not search modules: No such file or directory
Starting Bootlog daemon: bootlogd: cannot allocate pseudo tty: No such file or directory
bootlogd.
[   17.506282] EXT4-fs (mmcblk0p2): re-mounted. Opts: data=ordered
ALSA: Restoring mixer settings...
/usr/sbin/alsactl: load_state:1686: No soundcards found...
Configuring network interfaces... udhcpc (v1.20.2) started
Sending discover...
Sending select for 192.168.1.177...
Lease of 192.168.1.177 obtained, lease time 600
/etc/udhcpc.d/50default: Adding DNS 192.0.2.2
/etc/udhcpc.d/50default: Adding DNS 192.0.2.3
done.
hwclock: can't open '/dev/misc/rtc': No such file or directory
Fri Jun 21 15:15:00 UTC 2013
hwclock: can't open '/dev/misc/rtc': No such file or directory
INIT: Entering runlevel: 5
Starting system message bus: [   20.687052] random: dbus-daemon urandom read with 69 bits of entropy available
dbus.
Starting Dropbear SSH server: dropbear.
Starting telnet daemon.
hwclock: can't open '/dev/misc/rtc': No such file or directory
Starting syslogd/klogd: done
Starting thttpd.
Starting Lighttpd Web Server: lighttpd.
2013-06-21 15:15:01: (log.c.166) server started 
Starting Matrix GUI application.
[   25.987877] random: nonblocking pool is initialized
***************************************************************
***************************************************************
NOTICE: This file system contains the followin GPLv3 packages:
	binutils-symlinks
	binutils
	gdbserver
If you do not wish to distribute GPLv3 components please remove
the above packages prior to distribution.  This can be done using
the opkg remove command.  i.e.:
    opkg remove <package>
Where <package> is the name printed in the list above
NOTE: If the package is a dependency of another package you
      will be notified of the dependent packages.  You should
      use the --force-removal-of-dependent-packages option to
      also remove the dependent packages as well
***************************************************************
***************************************************************
Stopping Bootlog daemon: bootlogd.
 _____                    _____           _         _   
|  _  |___ ___ ___ ___   |  _  |___ ___  |_|___ ___| |_ 
|     |  _| .'| . | . |  |   __|  _| . | | | -_|  _|  _|
|__|__|_| |__,|_  |___|  |__|  |_| |___|_| |___|___|_|  
              |___|                    |___|            
Arago Project http://arago-project.org am3517-evm ttyO2
Arago 2013.02 am3517-evm ttyO2
am3517-evm login: 
- 06:36:58 [INFO] Host: root
- 06:36:58 [INFO] Target: 
root
root@am3517-evm:~# 
- 06:36:58 [INFO] Disconnected serial from am3517-evm
- 06:36:58 [INFO] Connected to am3517-evm via serial 
- 06:36:58 [INFO] Host: uname -a
- 06:36:58 [INFO] Target: 
uname -a
Linux am3517-evm 4.6.0-rc7-next-20160511-00002-g1621f54c2bf3 #1 SMP Wed May 11 06:32:05 CDT 2016 armv7l GNU/Linux
root@am3517-evm:~# 
- 06:36:58 [INFO] Host: cat /proc/cmdline
- 06:36:58 [INFO] Target: 
cat /proc/cmdline
console=ttyO2,115200n8 debug ignore_loglevel earlyprintk root=/dev/mmcblk0p2 rootwait nohlt ip=:::::eth0:dhcp root=/dev/mmcblk0p2 rw rootfstype=ext3 rootwait
root@am3517-evm:~# 
- 06:36:58 [INFO] Host: uname -a
- 06:36:58 [INFO] Target: 
uname -a
Linux am3517-evm 4.6.0-rc7-next-20160511-00002-g1621f54c2bf3 #1 SMP Wed May 11 06:32:05 CDT 2016 armv7l GNU/Linux
root@am3517-evm:~# 
- 06:36:58 [INFO] Host: cat /proc/mtd
- 06:36:58 [INFO] Target: 
cat /proc/mtd
dev:    size   erasesize  name
root@am3517-evm:~# 
- 06:37:00 [INFO] Host: export IPERFHOST=192.168.1.254
- 06:37:00 [INFO] Target: 
export IPERFHOST=192.168.1.254
root@am3517-evm:~# 
- 06:37:00 [INFO] Host: export NFS_SERVER=192.168.1.254
- 06:37:00 [INFO] Target: 
export NFS_SERVER=192.168.1.254
root@am3517-evm:~# 
- 06:37:00 [INFO] Host: export NFS_ROOT_PATH=/home/NFS_exports/am3517
- 06:37:00 [INFO] Target: 
export NFS_ROOT_PATH=/home/NFS_exports/am3517
root@am3517-evm:~# 
- 06:37:00 [INFO] Host: export AP_SSID=
- 06:37:00 [INFO] Target: 
export AP_SSID=
root@am3517-evm:~# 
- 06:37:00 [INFO] Host: mkdir -p -m 777 /test
- 06:37:01 [INFO] Target: 
mkdir -p -m 777 /test
root@am3517-evm:~# 
- 06:37:01 [INFO] Host: cd /test
- 06:37:01 [INFO] Target: 
cd /test
root@am3517-evm:/test# 
- 06:37:01 [INFO] Host: cat > test.sh << EOF
- 06:37:01 [INFO] Target: 
cat > test.sh << EOF
- 06:37:01 [INFO] Host: failtest() {
- 06:37:01 [INFO] Target: 
failtest() {
- 06:37:01 [INFO] Host:   echo 1 >&3
- 06:37:01 [INFO] Target: 
  echo 1 >&3
- 06:37:01 [INFO] Host: }
- 06:37:01 [INFO] Target: 
- 06:37:01 [INFO] Host: timeout=600
- 06:37:01 [INFO] Target: 
timeout=600
- 06:37:01 [INFO] Host: 
- 06:37:01 [INFO] Target: 
- 06:37:01 [INFO] Host: # Start of user's script logic
- 06:37:01 [INFO] Target: 
# Start of user's script logic
- 06:37:01 [INFO] Host: mount -t proc proc /proc 2>/dev/null;
- 06:37:01 [INFO] Target: 
mount -t proc proc /proc 2>/dev/null;
- 06:37:01 [INFO] Host: 
- 06:37:02 [INFO] Target: 
- 06:37:02 [INFO] Host: mount -t sysfs sys /sys 2>/dev/null;
- 06:37:02 [INFO] Target: 
mount -t sysfs sys /sys 2>/dev/null;
- 06:37:02 [INFO] Host: 
- 06:37:02 [INFO] Target: 
- 06:37:02 [INFO] Host: mount -t debugfs none /sys/kernel/debug 2>/dev/null;
- 06:37:02 [INFO] Target: 
mount -t debugfs none /sys/kernel/debug 2>/dev/null;
- 06:37:02 [INFO] Host: 
- 06:37:02 [INFO] Target: 
- 06:37:02 [INFO] Host: echo 'cpuinfo:';cat /proc/cpuinfo; echo '=======';
- 06:37:02 [INFO] Target: 
echo 'cpuinfo:';cat /proc/cpuinfo; echo '=======';
- 06:37:02 [INFO] Host: 
- 06:37:02 [INFO] Target: 
- 06:37:02 [INFO] Host: echo 'soc info:';head /sys/devices/soc0/* 2>/dev/null; echo '=======';
- 06:37:02 [INFO] Target: 
echo 'soc info:';head /sys/devices/soc0/* 2>/dev/null; echo '=======';
- 06:37:02 [INFO] Host: 
- 06:37:02 [INFO] Target: 
- 06:37:02 [INFO] Host: echo 'DT Model info'; head /proc/device-tree/name /proc/device-tree/model /proc/device-tree/compatible 2>/dev/null;echo; echo '=======';
- 06:37:02 [INFO] Target: 
echo 'DT Model info'; head /proc/device-tree/name /proc/device-tree/model /pro 
c/device-tree/compatible 2>/dev/null;echo; echo '=======';
- 06:37:02 [INFO] Host: 
- 06:37:03 [INFO] Target: 
- 06:37:03 [INFO] Host: echo 'interrupts:';cat /proc/interrupts; echo '=======';
- 06:37:03 [INFO] Target: 
echo 'interrupts:';cat /proc/interrupts; echo '=======';
- 06:37:03 [INFO] Host: 
- 06:37:03 [INFO] Target: 
- 06:37:03 [INFO] Host: echo 'Clk_summary:';cat /sys/kernel/debug/clk/clk_summary; echo '=======';
- 06:37:03 [INFO] Target: 
echo 'Clk_summary:';cat /sys/kernel/debug/clk/clk_summary; echo '=======';
- 06:37:03 [INFO] Host: 
- 06:37:03 [INFO] Target: 
- 06:37:03 [INFO] Host: echo "Available frequencies"; cat /sys/devices/system/cpu/cpu0/cpufreq/scaling_available_frequencies 2>/dev/null;echo '=======';
- 06:37:03 [INFO] Target: 
echo "Available frequencies"; cat /sys/devices/system/cpu/cpu0/cpufreq/scaling 
_available_frequencies 2>/dev/null;echo '=======';
- 06:37:03 [INFO] Host: 
- 06:37:03 [INFO] Target: 
- 06:37:03 [INFO] Host: TMPF=/tmp/a.\$\$; TMPF2=/tmp/b.\$\$; STR=""
- 06:37:03 [INFO] Target: 
TMPF=/tmp/a.\$\$; TMPF2=/tmp/b.\$\$; STR=""
- 06:37:03 [INFO] Host: 
- 06:37:03 [INFO] Target: 
- 06:37:03 [INFO] Host: cp /dev/kmsg \$TMPF &
- 06:37:03 [INFO] Target: 
cp /dev/kmsg \$TMPF &
- 06:37:03 [INFO] Host: 
- 06:37:04 [INFO] Target: 
- 06:37:04 [INFO] Host: PID=\$! ; sleep 5; kill -9 \$PID
- 06:37:04 [INFO] Target: 
PID=\$! ; sleep 5; kill -9 \$PID
- 06:37:04 [INFO] Host: 
- 06:37:04 [INFO] Target: 
- 06:37:04 [INFO] Host: 
- 06:37:04 [INFO] Target: 
- 06:37:04 [INFO] Host: 
- 06:37:04 [INFO] Target: 
- 06:37:04 [INFO] Host: cat \$TMPF|grep "^0">\$TMPF2; N=\`cat \$TMPF2|wc -l\`; if [ "\$N" -ne 0 ]; then STR="\$STR emerg=\$N";echo "===== EMERGE++";cat \$TMPF2|cut -d ';' -f2;echo "====="; fi
- 06:37:04 [INFO] Target: 
cat \$TMPF|grep "^0">\$TMPF2; N=\`cat \$TMPF2|wc -l\`; if [ "\$N" -ne 0 ]; the 
n STR="\$STR emerg=\$N";echo "===== EMERGE++";cat \$TMPF2|cut -d ';' -f2;echo "= 
===="; fi
- 06:37:04 [INFO] Host: 
- 06:37:04 [INFO] Target: 
- 06:37:04 [INFO] Host: cat \$TMPF|grep "^1">\$TMPF2; N=\`cat \$TMPF2|wc -l\`; if [ "\$N" -ne 0 ]; then STR="\$STR alert=\$N";echo "===== ALERT ==";cat \$TMPF2|cut -d ';' -f2;echo "====="; fi
- 06:37:04 [INFO] Target: 
cat \$TMPF|grep "^1">\$TMPF2; N=\`cat \$TMPF2|wc -l\`; if [ "\$N" -ne 0 ]; the 
n STR="\$STR alert=\$N";echo "===== ALERT ==";cat \$TMPF2|cut -d ';' -f2;echo "= 
===="; fi
- 06:37:04 [INFO] Host: 
- 06:37:04 [INFO] Target: 
- 06:37:04 [INFO] Host: cat \$TMPF|grep "^2">\$TMPF2; N=\`cat \$TMPF2|wc -l\`; if [ "\$N" -ne 0 ]; then STR="\$STR crit=\$N";echo "===== CRIT ==";cat \$TMPF2|cut -d ';' -f2;echo "====="; fi
- 06:37:04 [INFO] Target: 
cat \$TMPF|grep "^2">\$TMPF2; N=\`cat \$TMPF2|wc -l\`; if [ "\$N" -ne 0 ]; the 
n STR="\$STR crit=\$N";echo "===== CRIT ==";cat \$TMPF2|cut -d ';' -f2;echo "=== 
=="; fi
- 06:37:04 [INFO] Host: 
- 06:37:05 [INFO] Target: 
- 06:37:05 [INFO] Host: cat \$TMPF|grep "^3">\$TMPF2; N=\`cat \$TMPF2|wc -l\`; if [ "\$N" -ne 0 ]; then STR="\$STR err=\$N";echo "===== ERR ==";cat \$TMPF2|cut -d ';' -f2;echo "=====" ;fi
- 06:37:05 [INFO] Target: 
cat \$TMPF|grep "^3">\$TMPF2; N=\`cat \$TMPF2|wc -l\`; if [ "\$N" -ne 0 ]; the 
n STR="\$STR err=\$N";echo "===== ERR ==";cat \$TMPF2|cut -d ';' -f2;echo "===== 
" ;fi
- 06:37:05 [INFO] Host: 
- 06:37:05 [INFO] Target: 
- 06:37:05 [INFO] Host: cat \$TMPF|grep "^4">\$TMPF2; N=\`cat \$TMPF2|wc -l\`; if [ "\$N" -ne 0 ]; then STR="\$STR warn=\$N";echo "===== WARN ==";cat \$TMPF2|cut -d ';' -f2;echo "=====" ;fi
- 06:37:05 [INFO] Target: 
cat \$TMPF|grep "^4">\$TMPF2; N=\`cat \$TMPF2|wc -l\`; if [ "\$N" -ne 0 ]; the 
n STR="\$STR warn=\$N";echo "===== WARN ==";cat \$TMPF2|cut -d ';' -f2;echo "=== 
==" ;fi
- 06:37:05 [INFO] Host: 
- 06:37:05 [INFO] Target: 
- 06:37:05 [INFO] Host: rm \$TMPF \$TMPF2; echo "SUM""MARY RESULT: BOOT:" 'PASS: H''ello World' 'B''oard' "Booted" "Boot Log has::::\$STR:"
- 06:37:05 [INFO] Target: 
rm \$TMPF \$TMPF2; echo "SUM""MARY RESULT: BOOT:" 'PASS: H''ello World' 'B''oa 
rd' "Booted" "Boot Log has::::\$STR:"
- 06:37:05 [INFO] Host: 
- 06:37:05 [INFO] Target: 
- 06:37:05 [INFO] Host: EOF
- 06:37:05 [INFO] Target: 
root@am3517-evm:/test# 
- 06:37:05 [INFO] Host: cd /test
- 06:37:05 [INFO] Target: 
cd /test
root@am3517-evm:/test# 
- 06:37:05 [INFO] Host: chmod +x test.sh
- 06:37:06 [INFO] Target: 
chmod +x test.sh
root@am3517-evm:/test# 
- 06:37:06 [INFO] Host: ./test.sh 2> stderr.log > stdout.log 3> result.log
- 06:37:12 [INFO] Target: 
./test.sh 2> stderr.log > stdout.log 3> result.log
root@am3517-evm:/test# 
- 06:37:12 [INFO] Host: echo $?
- 06:37:12 [INFO] Target: 
echo $?
root@am3517-evm:/test# 
- 06:37:12 [INFO] Host: cd /test
- 06:37:12 [INFO] Target: 
cd /test
root@am3517-evm:/test# 
- 06:37:12 [INFO] Host: cat stdout.log
- 06:37:14 [INFO] Target: 
cat stdout.log
cpuinfo:
processor	: 0
model name	: ARMv7 Processor rev 7 (v7l)
BogoMIPS	: 594.73
Features	: half thumb fastmult vfp edsp thumbee neon vfpv3 tls vfpd32 
CPU implementer	: 0x41
CPU architecture: 7
CPU variant	: 0x1
CPU part	: 0xc08
CPU revision	: 7
Hardware	: Generic AM3517 (Flattened Device Tree)
Revision	: 0000
Serial		: 0000000000000000
=======
soc info:
==> /sys/devices/soc0/family <==
OMAP3
==> /sys/devices/soc0/machine <==
AM3517
==> /sys/devices/soc0/power <==
==> /sys/devices/soc0/revision <==
ES1.1
==> /sys/devices/soc0/subsystem <==
==> /sys/devices/soc0/type <==
==> /sys/devices/soc0/uevent <==
=======
DT Model info
==> /proc/device-tree/name <==
==> /proc/device-tree/model <==
TI AM3517 EVM (AM3517/05 TMDSEVM3517)
==> /proc/device-tree/compatible <==
ti,am3517-evmti,am3517ti,omap3
=======
interrupts:
           CPU0       
 25:          0      INTC   9 Edge      l3-debug-irq
 26:          1      INTC  10 Edge      l3-app-irq
 28:          0      INTC  12 Edge      DMA
 29:       3631      INTC  13 Edge      omap-dma-engine
 36:          0      INTC  20 Edge      gpmc
 45:          0      INTC  29 Edge      48310000.gpio
 46:          0      INTC  30 Edge      49050000.gpio
 47:          0      INTC  31 Edge      49052000.gpio
 48:          0      INTC  32 Edge      49054000.gpio
 49:          0      INTC  33 Edge      49056000.gpio
 50:          0      INTC  34 Edge      49058000.gpio
 54:       3851      INTC  38 Edge      gp_timer
 72:          0      INTC  56 Edge      48070000.i2c
 73:          0      INTC  57 Edge      48072000.i2c
 77:          0      INTC  61 Edge      48060000.i2c
 83:          0      INTC  67 Edge      eth0
 84:          7      INTC  68 Edge      eth0
 85:         14      INTC  69 Edge      eth0
 86:          0      INTC  70 Edge      eth0
 90:       7573      INTC  74 Edge      OMAP UART2
 99:       4143      INTC  83 Edge      mmc0
IPI0:          0  CPU wakeup interrupts
IPI1:          0  Timer broadcast interrupts
IPI2:          0  Rescheduling interrupts
IPI3:          0  Function call interrupts
IPI4:          0  CPU stop interrupts
IPI5:          0  IRQ work interrupts
IPI6:          0  completion interrupts
Err:          0
=======
Clk_summary:
   clock                         enable_cnt  prepare_cnt        rate   accuracy   phase
----------------------------------------------------------------------------------------
 pclk_ck                                  0            0    27000000          0 0  
    vpfe_fck                              0            0    27000000          0 0  
 rmii_ck                                  1            1    50000000          0 0  
    emac_fck                              2            2    50000000          0 0  
 secure_32k_fck                           0            1       32768          0 0  
    wdt1_fck                              0            0       32768          0 0  
    gpt12_fck                             0            1       32768          0 0  
 dummy_ck                                 0            0           0          0 0  
 mcbsp_clks                               0            5           0          0 0  
 sys_altclk                               0            0           0          0 0  
 virt_38_4m_ck                            0            0    38400000          0 0  
 virt_26000000_ck                         1            1    26000000          0 0  
    osc_sys_ck                            1            1    26000000          0 0  
       sys_clkout1                        0            0    26000000          0 0  
       sys_ck                             5           17    13000000          0 0  
          gpt9_fck                        0            1    13000000          0 0  
          gpt8_fck                        0            1    13000000          0 0  
          gpt7_fck                        0            1    13000000          0 0  
          gpt6_fck                        0            1    13000000          0 0  
          gpt5_fck                        0            1    13000000          0 0  
          gpt4_fck                        0            1    13000000          0 0  
          gpt3_fck                        0            1    13000000          0 0  
          gpt2_fck                        1            1    13000000          0 0  
          gpt1_fck                        1            1    13000000          0 0  
          hecc_ck                         0            0    13000000          0 0  
          hsotgusb_fck_am35xx             0            1    13000000          0 0  
          cpefuse_fck                     0            0    13000000          0 0  
          dpll5_ck                        0            1   120000000          0 0  
             dpll5_m2_ck                  0            1   120000000          0 0  
                usbhost_120m_fck           0            0   120000000          0 0  
                usbtll_fck                0            1   120000000          0 0  
          traceclk_src_fck                0            0    13000000          0 0  
             traceclk_fck                 0            0    13000000          0 0  
          emu_src_mux_ck                  0            1    13000000          0 0  
             emu_src_ck                   0            1    13000000          0 0  
                atclk_fck                 0            0    13000000          0 0  
                pclkx2_fck                0            0    13000000          0 0  
                pclk_fck                  0            0     6500000          0 0  
          dss2_alwon_fck                  0            2    13000000          0 0  
          dpll1_ck                        0            1   600000000          0 0  
             dpll1_x2_ck                  0            1  1200000000          0 0  
                dpll1_x2m2_ck             0            1  1200000000          0 0  
                   mpu_ck                 0            1  1200000000          0 0  
                      emu_mpu_alwon_ck           0            0  1200000000          0 0  
                      arm_fck             0            1   600000000          0 0  
          dpll3_ck                        1            1   332000000          0 0  
             dpll3_x2_ck                  0            0   664000000          0 0  
             dpll3_m2_ck                  1            1   332000000          0 0  
                dpll3_m2x2_ck             0            0   664000000          0 0  
                   corex2_fck             0            0   664000000          0 0  
                      corex2_d5_fck           0            0   132800000          0 0  
                      corex2_d3_fck           0            0   221333333          0 0  
                core_ck                   1            1   332000000          0 0  
                   core_d2_ck             0            0   166000000          0 0  
                   core_d6_ck             0            0    55333333          0 0  
                      sgx_fck             0            0    55333333          0 0  
                   core_d4_ck             0            0    83000000          0 0  
                   core_d3_ck             0            0   110666666          0 0  
                   l3_ick                 2            2   166000000          0 0  
                      sgx_ick             0            0   166000000          0 0  
                      core_l3_ick           6            7   166000000          0 0  
                         ipss_ick           2            2   166000000          0 0  
                            hsotgusb_ick_am35xx           2            2   166000000          0 0  
                            vpfe_ick           0            0   166000000          0 0  
                            emac_ick           2            2   166000000          0 0  
                         gpmc_fck           2            2   166000000          0 0  
                         sdrc_ick           1            1   166000000          0 0  
                      l4_ick              4            4    83000000          0 0  
                         usbhost_ick           1            1    83000000          0 0  
                         dss_ick_3430es2           4            6    83000000          0 0  
                         per_l4_ick          12           17    83000000          0 0  
                            mcbsp4_ick           1            1    83000000          0 0  
                            mcbsp3_ick           2            2    83000000          0 0  
                            mcbsp2_ick           2            2    83000000          0 0  
                            gpt2_ick           1            1    83000000          0 0  
                            gpt3_ick           1            1    83000000          0 0  
                            gpt4_ick           1            1    83000000          0 0  
                            gpt5_ick           1            1    83000000          0 0  
                            gpt6_ick           1            1    83000000          0 0  
                            gpt7_ick           1            1    83000000          0 0  
                            gpt8_ick           1            1    83000000          0 0  
                            gpt9_ick           1            1    83000000          0 0  
                            uart4_ick           0            0    83000000          0 0  
                            uart3_ick           1            1    83000000          0 0  
                            wdt3_ick           0            0    83000000          0 0  
                            gpio2_ick           0            1    83000000          0 0  
                            gpio3_ick           0            1    83000000          0 0  
                            gpio4_ick           0            1    83000000          0 0  
                            gpio5_ick           0            1    83000000          0 0  
                            gpio6_ick           0            1    83000000          0 0  
                         core_l4_ick          20           21    83000000          0 0  
                            mmchs3_ick           1            1    83000000          0 0  
                            usbtll_ick           1            1    83000000          0 0  
                            uart4_ick_am35xx           1            1    83000000          0 0  
                            sha12_ick           0            0    83000000          0 0  
                            aes2_ick           0            0    83000000          0 0  
                            omapctrl_ick           1            1    83000000          0 0  
                            mcbsp1_ick           1            1    83000000          0 0  
                            mcbsp5_ick           1            1    83000000          0 0  
                            gpt10_ick           1            1    83000000          0 0  
                            gpt11_ick           1            1    83000000          0 0  
                            uart1_ick           1            1    83000000          0 0  
                            uart2_ick           1            1    83000000          0 0  
                            i2c1_ick           1            1    83000000          0 0  
                            i2c2_ick           1            1    83000000          0 0  
                            i2c3_ick           1            1    83000000          0 0  
                            mcspi1_ick           1            1    83000000          0 0  
                            mcspi2_ick           1            1    83000000          0 0  
                            mcspi3_ick           1            1    83000000          0 0  
                            mcspi4_ick           1            1    83000000          0 0  
                            hdq_ick           0            1    83000000          0 0  
                            mmchs1_ick           1            1    83000000          0 0  
                            mmchs2_ick           1            1    83000000          0 0  
                         rm_ick           0            0    41500000          0 0  
                   dpll1_fck              0            0   166000000          0 0  
             dpll3_m3_ck                  0            0   166000000          0 0  
                dpll3_m3x2_mul_ck           0            0   332000000          0 0  
                   dpll3_m3x2_ck           0            0   332000000          0 0  
                      emu_core_alwon_ck           0            0   332000000          0 0  
          dpll4_ck                        1            3   432000000          0 0  
             dpll4_x2_ck                  0            0   864000000          0 0  
             dpll4_m6_ck                  0            0   144000000          0 0  
                dpll4_m6x2_mul_ck           0            0   288000000          0 0  
                   dpll4_m6x2_ck           0            0   288000000          0 0  
                      emu_per_alwon_ck           0            0   288000000          0 0  
             dpll4_m5_ck                  0            0   108000000          0 0  
                dpll4_m5x2_mul_ck           0            0   216000000          0 0  
                   dpll4_m5x2_ck           0            0   216000000          0 0  
             dpll4_m4_ck                  0            1   216000000          0 0  
                dpll4_m4x2_mul_ck           0            1   432000000          0 0  
                   dpll4_m4x2_ck           0            1   432000000          0 0  
                      dss1_alwon_fck_3430es2           0            4   432000000          0 0  
             dpll4_m3_ck                  0            1    27000000          0 0  
                dpll4_m3x2_mul_ck           0            1    54000000          0 0  
                   dpll4_m3x2_ck           0            1    54000000          0 0  
                      omap_54m_fck           0            1    54000000          0 0  
                         clkout2_src_ck           0            0    54000000          0 0  
                            sys_clkout2           0            0    54000000          0 0  
                         dss_tv_fck           0            2    54000000          0 0  
             dpll4_m2_ck                  1            1    48000000          0 0  
                dpll4_m2x2_mul_ck           1            1    96000000          0 0  
                   dpll4_m2x2_ck           1            1    96000000          0 0  
                      omap_192m_alwon_fck           0            0    96000000          0 0  
                      omap_96m_alwon_fck           1            2    96000000          0 0  
                         per_96m_fck           0            6    96000000          0 0  
                            mcbsp4_fck           0            1    96000000          0 0  
                            mcbsp3_fck           0            2    96000000          0 0  
                            mcbsp2_fck           0            2    96000000          0 0  
                         cm_96m_fck           1            2    96000000          0 0  
                            cm_96m_d2_fck           1            1    48000000          0 0  
                               omap_48m_fck           2            4    48000000          0 0  
                                  usbhost_48m_fck           0            1    48000000          0 0  
                                  per_48m_fck           1            1    48000000          0 0  
                                     uart3_fck           1            1    48000000          0 0  
                                  core_48m_fck           2            7    48000000          0 0  
                                     uart4_fck_am35xx           0            1    48000000          0 0  
                                     uart1_fck           1            2    48000000          0 0  
                                     uart2_fck           1            1    48000000          0 0  
                                     mcspi1_fck           0            1    48000000          0 0  
                                     mcspi2_fck           0            1    48000000          0 0  
                                     mcspi3_fck           0            1    48000000          0 0  
                                     mcspi4_fck           0            1    48000000          0 0  
                                  omap_12m_fck           0            1    12000000          0 0  
                                     core_12m_fck           0            1    12000000          0 0  
                                        hdq_fck             0            1    12000000          0 0  
                            omap_96m_fck           0            2    96000000          0 0  
                               dss_96m_fck           0            2    96000000          0 0  
                               core_96m_fck           0           10    96000000          0 0  
                                  mcbsp1_fck           0            1    96000000          0 0  
                                  mcbsp5_fck           0            1    96000000          0 0  
                                  mmchs3_fck           0            1    96000000          0 0  
                                  i2c1_fck           0            1    96000000          0 0  
                                  i2c2_fck           0            1    96000000          0 0  
                                  i2c3_fck           0            1    96000000          0 0  
                                  mmchs1_fck           0            1    96000000          0 0  
                                  mmchs2_fck           0            1    96000000          0 0  
          wkup_l4_ick                     4            5    13000000          0 0  
             gpt1_ick                     1            1    13000000          0 0  
             gpt12_ick                    1            1    13000000          0 0  
             omap_32ksync_ick             1            1    13000000          0 0  
             gpio1_ick                    0            1    13000000          0 0  
             wdt1_ick                     0            0    13000000          0 0  
             wdt2_ick                     1            1    13000000          0 0  
 virt_19200000_ck                         0            0    19200000          0 0  
 virt_13m_ck                              0            0    13000000          0 0  
 virt_12m_ck                              0            0    12000000          0 0  
 omap_32k_fck                             0            7       32768          0 0  
    gpt11_fck                             0            1       32768          0 0  
    gpt10_fck                             0            1       32768          0 0  
    ts_fck                                0            0       32768          0 0  
    per_32k_alwon_fck                     0            5       32768          0 0  
       wdt3_fck                           0            0       32768          0 0  
       gpio2_dbck                         0            2       32768          0 0  
       gpio3_dbck                         0            2       32768          0 0  
       gpio4_dbck                         0            2       32768          0 0  
       gpio5_dbck                         0            2       32768          0 0  
       gpio6_dbck                         0            2       32768          0 0  
    wkup_32k_fck                          0            3       32768          0 0  
       wdt2_fck                           0            1       32768          0 0  
       gpio1_dbck                         0            2       32768          0 0  
 dummy_apb_pclk                           0            0           0          0 0  
 virt_16_8m_ck                            0            0    16800000          0 0  
=======
Available frequencies
=======
===== ALERT ==
udev[97]: starting version 164
=====
===== ERR ==
In-band Error seen by USB_OTG  at address 0
platform 480c5000.aes: Cannot lookup hwmod 'aes'
platform 480c3000.sham: Cannot lookup hwmod 'sham'
platform 480cb000.smartreflex: Cannot lookup hwmod 'smartreflex_core'
platform 480ab000.usb_otg_hs: Cannot lookup hwmod 'usb_otg_hs'
mtdoops: mtd device (mtddev=name/number) must be supplied
omap2_set_init_voltage: unable to find boot up OPP for vdd_mpu_iva
omap2_set_init_voltage: unable to set vdd_mpu_iva
omap2_set_init_voltage: unable to find boot up OPP for vdd_core
omap2_set_init_voltage: unable to set vdd_core
pm: Failed to request pm_wkup irq
sr_init: platform driver register failed for SR
=====
===== WARN ==
Lock dependency validator: Copyright (c) 2006 Red Hat, Inc., Ingo Molnar
... MAX_LOCKDEP_SUBCLASSES:  8
... MAX_LOCK_DEPTH:          48
... MAX_LOCKDEP_KEYS:        8191
... CLASSHASH_SIZE:          4096
... MAX_LOCKDEP_ENTRIES:     32768
... MAX_LOCKDEP_CHAINS:      65536
... CHAINHASH_SIZE:          32768
 memory used by lock dependency info: 5167 kB
 per task-struct memory footprint: 1536 bytes
omap_hwmod: mcbsp2_sidetone using broken dt data from mcbsp
omap_hwmod: mcbsp3_sidetone using broken dt data from mcbsp
------------[ cut here ]------------
WARNING: CPU: 0 PID: 1 at drivers/bus/omap_l3_smx.c:166 omap3_l3_app_irq+0xdc/0x130
Modules linked in:
CPU: 0 PID: 1 Comm: swapper/0 Not tainted 4.6.0-rc7-next-20160511-00002-g1621f54c2bf3 #1
Hardware name: Generic AM3517 (Flattened Device Tree)
[<c01100d4>] (unwind_backtrace) from [<c010c250>] (show_stack+0x10/0x14)
[<c010c250>] (show_stack) from [<c047f098>] (dump_stack+0xb0/0xe4)
[<c047f098>] (dump_stack) from [<c01375d4>] (__warn+0xd4/0x100)
[<c01375d4>] (__warn) from [<c01376ac>] (warn_slowpath_null+0x20/0x28)
[<c01376ac>] (warn_slowpath_null) from [<c04ac980>] (omap3_l3_app_irq+0xdc/0x130)
[<c04ac980>] (omap3_l3_app_irq) from [<c019eaf4>] (handle_irq_event_percpu+0x44/0x3fc)
[<c019eaf4>] (handle_irq_event_percpu) from [<c019eee4>] (handle_irq_event+0x38/0x5c)
[<c019eee4>] (handle_irq_event) from [<c01a1fcc>] (handle_level_irq+0xb8/0x14c)
[<c01a1fcc>] (handle_level_irq) from [<c019e120>] (generic_handle_irq+0x20/0x34)
[<c019e120>] (generic_handle_irq) from [<c019e414>] (__handle_domain_irq+0x64/0xe0)
[<c019e414>] (__handle_domain_irq) from [<c07af3f8>] (__irq_svc+0x58/0x78)
[<c07af3f8>] (__irq_svc) from [<c07aed34>] (_raw_spin_unlock_irqrestore+0x34/0x44)
[<c07aed34>] (_raw_spin_unlock_irqrestore) from [<c01a0a08>] (__setup_irq+0x26c/0x5e8)
[<c01a0a08>] (__setup_irq) from [<c01a0edc>] (request_threaded_irq+0xc8/0x164)
[<c01a0edc>] (request_threaded_irq) from [<c04acabc>] (omap3_l3_probe+0xe8/0x16c)
[<c04acabc>] (omap3_l3_probe) from [<c05255ec>] (platform_drv_probe+0x4c/0xb0)
[<c05255ec>] (platform_drv_probe) from [<c05237ac>] (driver_probe_device+0x208/0x2c0)
[<c05237ac>] (driver_probe_device) from [<c0521ba0>] (bus_for_each_drv+0x64/0x98)
[<c0521ba0>] (bus_for_each_drv) from [<c05234c0>] (__device_attach+0xb0/0x118)
[<c05234c0>] (__device_attach) from [<c0522afc>] (bus_probe_device+0x88/0x90)
[<c0522afc>] (bus_probe_device) from [<c0520ea0>] (device_add+0x3bc/0x56c)
[<c0520ea0>] (device_add) from [<c062b930>] (of_platform_device_create_pdata+0x80/0xb8)
[<c062b930>] (of_platform_device_create_pdata) from [<c062ba64>] (of_platform_bus_create+0xf0/0x1ec)
[<c062ba64>] (of_platform_bus_create) from [<c062bc8c>] (of_platform_populate+0x5c/0xac)
[<c062bc8c>] (of_platform_populate) from [<c0b13a84>] (pdata_quirks_init+0x54/0x74)
[<c0b13a84>] (pdata_quirks_init) from [<c0b13630>] (omap_generic_init+0x10/0x1c)
[<c0b13630>] (omap_generic_init) from [<c0b037d8>] (customize_machine+0x20/0x44)
[<c0b037d8>] (customize_machine) from [<c010185c>] (do_one_initcall+0x3c/0x178)
[<c010185c>] (do_one_initcall) from [<c0b00e8c>] (kernel_init_freeable+0x210/0x2e0)
[<c0b00e8c>] (kernel_init_freeable) from [<c07a82d4>] (kernel_init+0x8/0x118)
[<c07a82d4>] (kernel_init) from [<c01078d0>] (ret_from_fork+0x14/0x24)
---[ end trace 10627475ffd5d07a ]---
gpmc_mem_init: disabling cs 0 mapped at 0x0-0x1000000
omap4_sram_init:Unable to allocate sram needed to handle errata I688
omap4_sram_init:Unable to get sram pool needed to handle errata I688
workingset: timestamp_bits=12 max_order=16 bucket_order=4
PM: no software I/O chain control
davinci_emac davinci_emac.0: using random MAC addr: 3e:f3:90:60:b6:09
sr_init: No PMIC hook to init smartreflex
davinci_mdio davinci_mdio.0: resetting idled controller
mmc0: host does not support reading read-only switch, assuming write-enable
FAT-fs (mmcblk0p1): Volume was not properly unmounted. Some data may be corrupt. Please run fsck.
=====
SUMMARY RESULT: BOOT: PASS: Hello World Board Booted Boot Log has:::: alert=1 err=12 warn=59:
root@am3517-evm:/test# 
- 06:37:14 [INFO] Host: cat stderr.log
- 06:37:14 [INFO] Target: 
cat stderr.log
./test.sh: line 33:   658 Killed                  cp /dev/kmsg $TMPF
root@am3517-evm:/test# 
- 06:37:14 [INFO] Host: cat result.log
- 06:37:16 [ERROR] On command: cat result.log waiting for cat result.log.+?(?m-ix:^1[\0\n\r]+) >>> error: execution expired
- 06:37:16 [INFO] Target: 
cat result.log
root@am3517-evm:/test# 
- 06:37:16 [INFO] Host: cd /test
- 06:37:16 [INFO] Target: 
cd /test
root@am3517-evm:/test# 
URL:gtsystest.telogy.design.ti.com/vatf/tidfarm-06/tidfarm-06_vatf@am3517-evm/tidfarm-0605_11_2016_06_35_17/files/session_iteration_1/test_1
