- 03:03:38 [INFO] Starting target session
- 03:03:38 [INFO] Connected to am37x-evm via serial 
- 03:03:38 [INFO] Host: #check prompt
- 03:03:41 [ERROR] On command: #check prompt waiting for #check prompt.+?(?-mix:((?-mix:login:)|[Pp]assword)) >>> error: execution expired
- 03:03:41 [INFO] Target: 
- 03:03:41 [INFO] Host: #check prompt
- 03:03:43 [ERROR] On command: #check prompt waiting for #check prompt.+?(?-mix:[\w\d]+@.+[@:#]+) >>> error: execution expired
- 03:03:43 [INFO] Target: 
- 03:03:43 [INFO] Disconnected serial from am37x-evm
- 03:03:44 [INFO] Connected to am37x-evm via serial 
- 03:03:44 [INFO] Host: 
- 03:03:44 [ERROR] On command:  waiting for (?-mix:OMAP3_EVM\s*#) >>> error: execution expired
- 03:03:44 [INFO] Target: 
- 03:03:44 [INFO] Host: 
- 03:03:45 [ERROR] On command:  waiting for (?-mix:OMAP3_EVM\s*#) >>> error: execution expired
- 03:03:45 [INFO] Target: 
- 03:03:45 [INFO] Host: 
- 03:03:45 [ERROR] On command:  waiting for (?-mix:OMAP3_EVM\s*#) >>> error: execution expired
- 03:03:45 [INFO] Target: 
U-Boot SPL 2013.01.01 (Nov 27 2013 - 12:07:30)
OMAP SD/MMC: 0
reading u-boot.img
reading u-boot.img
U-Boot 2013.01.01 (Nov 27 2013 - 12:07:30)
OMAP3630/3730-GP ES1.2, CPU-OPP2, L3-165MHz, Max CPU Clock 1 Ghz
OMAP3 EVM board + LPDDR/NAND
I2C:   ready
DRAM:  256 MiB
NAND:  512 MiB
MMC:   OMAP SD/MMC: 0
- 03:03:45 [INFO] Host: 
- 03:03:46 [ERROR] On command:  waiting for (?-mix:OMAP3_EVM\s*#) >>> error: execution expired
- 03:03:46 [INFO] Target: 
- 03:03:46 [INFO] Host: 
- 03:03:46 [INFO] Target: 
In:    serial
Out:   serial
Err:   serial
Read back SMSC id 0x92200000
Die ID #16d400029ff80000015f02690c019016
Net:   smc911x-0
Hit any key to stop autoboot:  3  0 
OMAP3_EVM # 
OMAP3_EVM # 
- 03:03:46 [INFO] Host: 
- 03:03:47 [INFO] Target: 
OMAP3_EVM # 
- 03:03:47 [INFO] Host: version
- 03:03:47 [INFO] Target: 
version
U-Boot 2013.01.01 (Nov 27 2013 - 12:07:30)
arm-linux-gnueabihf-gcc (crosstool-NG linaro-1.13.1-4.7-2013.03-20130313 - Linaro GCC 2013.03) 4.7.3 20130226 (prerelease)
GNU ld (crosstool-NG linaro-1.13.1-4.7-2013.03-20130313 - Linaro GCC 2013.03) 2.23.1
OMAP3_EVM # 
- 03:03:47 [INFO] Host: setenv bootargs 'console=ttyO0,115200n8 earlyprintk  '
- 03:03:48 [INFO] Target: 
setenv bootargs 'console=ttyO0,115200n8 earlyprintk  '
OMAP3_EVM # 
- 03:03:48 [INFO] Host: setenv bootcmd  ''
- 03:03:48 [INFO] Target: 
setenv bootcmd  ''
OMAP3_EVM # 
- 03:03:48 [INFO] Host: setenv autoload 'no'
- 03:03:49 [INFO] Target: 
setenv autoload 'no'
OMAP3_EVM # 
- 03:03:49 [INFO] Host: setenv serverip '192.168.0.1'
- 03:03:49 [INFO] Target: 
setenv serverip '192.168.0.1'
OMAP3_EVM # 
- 03:03:49 [INFO] Host: printenv
- 03:03:50 [INFO] Target: 
printenv
autoload=no
baudrate=115200
bootargs=console=ttyO0,115200n8 earlyprintk  
bootcmd=
bootdelay=3
bootfile=uImage
bootscript=echo Running bootscript from mmc ...; source ${loadaddr}
console=ttyO0,115200n8
dieid#=16d400029ff80000015f02690c019016
ethact=smc911x-0
ethaddr=00:50:c2:7e:93:ba
loadaddr=0x82000000
loadbootscript=fatload mmc ${mmcdev} ${loadaddr} boot.scr
loaduimage=fatload mmc ${mmcdev} ${loadaddr} uImage
mmcargs=setenv bootargs console=${console} root=/dev/mmcblk0p2 rw rootfstype=ext3 rootwait
mmcboot=echo Booting from mmc ...; run mmcargs; bootm ${loadaddr}
mmcdev=0
nandargs=setenv bootargs console=${console} root=/dev/mtdblock4 rw rootfstype=jffs2
nandboot=echo Booting from nand ...; run nandargs; onenand read ${loadaddr} 280000 400000; bootm ${loadaddr}
ramdisk_addr=0x8A080000
serverip=192.168.0.1
stderr=serial
stdin=serial
stdout=serial
usbtty=cdc_acm
Environment size: 926/131068 bytes
OMAP3_EVM # 
- 03:03:50 [INFO] Host: printenv
- 03:03:50 [INFO] Target: 
printenv
autoload=no
baudrate=115200
bootargs=console=ttyO0,115200n8 earlyprintk  
bootcmd=
bootdelay=3
bootfile=uImage
bootscript=echo Running bootscript from mmc ...; source ${loadaddr}
console=ttyO0,115200n8
dieid#=16d400029ff80000015f02690c019016
ethact=smc911x-0
ethaddr=00:50:c2:7e:93:ba
loadaddr=0x82000000
loadbootscript=fatload mmc ${mmcdev} ${loadaddr} boot.scr
loaduimage=fatload mmc ${mmcdev} ${loadaddr} uImage
mmcargs=setenv bootargs console=${console} root=/dev/mmcblk0p2 rw rootfstype=ext3 rootwait
mmcboot=echo Booting from mmc ...; run mmcargs; bootm ${loadaddr}
mmcdev=0
nandargs=setenv bootargs console=${console} root=/dev/mtdblock4 rw rootfstype=jffs2
nandboot=echo Booting from nand ...; run nandargs; onenand read ${loadaddr} 280000 400000; bootm ${loadaddr}
ramdisk_addr=0x8A080000
serverip=192.168.0.1
stderr=serial
stdin=serial
stdout=serial
usbtty=cdc_acm
Environment size: 926/131068 bytes
OMAP3_EVM # 
- 03:03:50 [INFO] Host: setenv bootargs ''${bootargs}' ip=dhcp '
- 03:03:51 [INFO] Target: 
setenv bootargs ''${bootargs}' ip=dhcp '
OMAP3_EVM # 
- 03:03:51 [INFO] Host: setenv serverip '192.168.0.1'
- 03:03:51 [INFO] Target: 
setenv serverip '192.168.0.1'
OMAP3_EVM # 
- 03:03:51 [INFO] Host: setenv ipaddr dhcp
- 03:03:52 [INFO] Target: 
setenv ipaddr dhcp
OMAP3_EVM # 
- 03:03:52 [INFO] Host: setenv autoload 'no'
- 03:03:52 [INFO] Target: 
setenv autoload 'no'
OMAP3_EVM # 
- 03:03:52 [INFO] Host: dhcp
- 03:03:55 [INFO] Target: 
dhcp
smc911x: detected LAN9220 controller
smc911x: phy initialized
smc911x: MAC 00:50:c2:7e:93:ba
BOOTP broadcast 1
DHCP client bound to address 192.168.0.111
OMAP3_EVM # 
- 03:03:55 [INFO] Host: setenv serverip '192.168.0.1'
- 03:03:56 [INFO] Target: 
setenv serverip '192.168.0.1'
OMAP3_EVM # 
- 03:03:56 [INFO] Host: tftp ${loadaddr} 192.168.0.1:vatf_am37x-evm/161306f5f267d19d6093943e9ddbd20c
- 03:03:59 [INFO] Target: 
tftp ${loadaddr} 192.168.0.1:vatf_am37x-evm/161306f5f267d19d6093943e9ddbd20c
smc911x: detected LAN9220 controller
smc911x: phy initialized
smc911x: MAC 00:50:c2:7e:93:ba
Using smc911x-0 device
TFTP from server 192.168.0.1; our IP address is 192.168.0.111
Filename 'vatf_am37x-evm/161306f5f267d19d6093943e9ddbd20c'.
Load address: 0x82000000
Loading: *#################################################################
	 #################################################################
	 #################################################################
	 #################################################################
	 ########################################################
	 3.3 MiB/s
done
Bytes transferred = 4637069 (46c18d hex)
OMAP3_EVM # 
- 03:03:59 [INFO] Host: ls mmc 0:1
- 03:03:59 [INFO] Target: 
ls mmc 0:1
ls - list files in a directory (default /)
Usage:
ls [ directory ]
OMAP3_EVM # 
- 03:03:59 [INFO] Host: ls mmc 0:2
- 03:04:00 [INFO] Target: 
ls mmc 0:2
ls - list files in a directory (default /)
Usage:
ls [ directory ]
OMAP3_EVM # 
- 03:04:00 [INFO] Host: ls mmc 0:3
- 03:04:00 [INFO] Target: 
ls mmc 0:3
ls - list files in a directory (default /)
Usage:
ls [ directory ]
OMAP3_EVM # 
- 03:04:00 [INFO] Host: ls mmc 0:4
- 03:04:01 [INFO] Target: 
ls mmc 0:4
ls - list files in a directory (default /)
Usage:
ls [ directory ]
OMAP3_EVM # 
- 03:04:01 [INFO] Host: ls mmc 0:5
- 03:04:01 [INFO] Target: 
ls mmc 0:5
ls - list files in a directory (default /)
Usage:
ls [ directory ]
OMAP3_EVM # 
- 03:04:01 [INFO] Host: part uuid mmc 0:
- 03:04:02 [INFO] Target: 
part uuid mmc 0:
Unknown command 'part' - try 'help'
OMAP3_EVM # 
- 03:04:02 [INFO] Host: printenv
- 03:04:02 [INFO] Target: 
printenv
autoload=no
baudrate=115200
bootargs=console=ttyO0,115200n8 earlyprintk ip=dhcp
bootcmd=
bootdelay=3
bootfile=uImage
bootscript=echo Running bootscript from mmc ...; source ${loadaddr}
console=ttyO0,115200n8
dieid#=16d400029ff80000015f02690c019016
ethact=smc911x-0
ethaddr=00:50:c2:7e:93:ba
fileaddr=82000000
filesize=46C18D
gatewayip=192.168.0.1
ipaddr=192.168.0.111
loadaddr=0x82000000
loadbootscript=fatload mmc ${mmcdev} ${loadaddr} boot.scr
loaduimage=fatload mmc ${mmcdev} ${loadaddr} uImage
mmcargs=setenv bootargs console=${console} root=/dev/mmcblk0p2 rw rootfstype=ext3 rootwait
mmcboot=echo Booting from mmc ...; run mmcargs; bootm ${loadaddr}
mmcdev=0
nandargs=setenv bootargs console=${console} root=/dev/mtdblock4 rw rootfstype=jffs2
nandboot=echo Booting from nand ...; run nandargs; onenand read ${loadaddr} 280000 400000; bootm ${loadaddr}
netmask=255.255.255.0
ramdisk_addr=0x8A080000
serverip=192.168.0.1
stderr=serial
stdin=serial
stdout=serial
usbtty=cdc_acm
Environment size: 1041/131068 bytes
OMAP3_EVM # 
- 03:04:02 [INFO] Host: setenv bootargs ''${bootargs}' root=/dev/mmcblk0p2 rw rootfstype=ext3 rootwait '
- 03:04:03 [INFO] Target: 
setenv bootargs ''${bootargs}' root=/dev/mmcblk0p2 rw rootfstype=ext3 rootwait '
OMAP3_EVM # 
- 03:04:03 [INFO] Host: printenv
- 03:04:03 [INFO] Target: 
printenv
autoload=no
baudrate=115200
bootargs=console=ttyO0,115200n8 earlyprintk ip=dhcp root=/dev/mmcblk0p2 rw rootfstype=ext3 rootwait
bootcmd=
bootdelay=3
bootfile=uImage
bootscript=echo Running bootscript from mmc ...; source ${loadaddr}
console=ttyO0,115200n8
dieid#=16d400029ff80000015f02690c019016
ethact=smc911x-0
ethaddr=00:50:c2:7e:93:ba
fileaddr=82000000
filesize=46C18D
gatewayip=192.168.0.1
ipaddr=192.168.0.111
loadaddr=0x82000000
loadbootscript=fatload mmc ${mmcdev} ${loadaddr} boot.scr
loaduimage=fatload mmc ${mmcdev} ${loadaddr} uImage
mmcargs=setenv bootargs console=${console} root=/dev/mmcblk0p2 rw rootfstype=ext3 rootwait
mmcboot=echo Booting from mmc ...; run mmcargs; bootm ${loadaddr}
mmcdev=0
nandargs=setenv bootargs console=${console} root=/dev/mtdblock4 rw rootfstype=jffs2
nandboot=echo Booting from nand ...; run nandargs; onenand read ${loadaddr} 280000 400000; bootm ${loadaddr}
netmask=255.255.255.0
ramdisk_addr=0x8A080000
serverip=192.168.0.1
stderr=serial
stdin=serial
stdout=serial
usbtty=cdc_acm
Environment size: 1089/131068 bytes
OMAP3_EVM # 
- 03:04:03 [INFO] Host: setenv bootcmd ''${bootcmd}' if iminfo ${loadaddr}; then bootm ${loadaddr}  ; else bootz ${loadaddr}  ; bootm ${loadaddr}  ; fi'
- 03:04:04 [INFO] Target: 
setenv bootcmd ''${bootcmd}' if iminfo ${loadaddr}; then bootm ${loadaddr}  ; else bootz ${loadaddr}  ; bootm ${loadaddr}  ; fi'
OMAP3_EVM # 
- 03:04:04 [INFO] Host: bdinfo
- 03:04:04 [INFO] Target: 
bdinfo
arch_number = 0x000005FF
boot_params = 0x80000100
DRAM bank   = 0x00000000
-> start    = 0x80000000
-> size     = 0x10000000
DRAM bank   = 0x00000001
-> start    = 0x90000000
-> size     = 0x00000000
ethaddr     = 00:50:c2:7e:93:ba
ip_addr     = 192.168.0.111
baudrate    = 115200 bps
TLB addr    = 0x8FFF0000
relocaddr   = 0x8FF6E000
reloc off   = 0x0FE6E000
irq_sp      = 0x8FF0DF58
sp start    = 0x8FF0DF48
FB base     = 0x00000000
OMAP3_EVM # 
- 03:04:04 [INFO] Host: mmc rescan
- 03:04:05 [INFO] Target: 
mmc rescan
OMAP3_EVM # 
- 03:04:05 [INFO] Host: fatwrite mmc ${mmcdev}:1 ${loadaddr} ws-calibrate.rules 4
- 03:04:05 [INFO] Target: 
fatwrite mmc ${mmcdev}:1 ${loadaddr} ws-calibrate.rules 4
Unknown command 'fatwrite' - try 'help'
OMAP3_EVM # 
- 03:04:05 [INFO] Host: boot
- 03:04:47 [INFO] Target: 
boot
Unknown command 'iminfo' - try 'help'
Unknown command 'bootz' - try 'help'
## Booting kernel from Legacy Image at 82000000 ...
   Image Name:   Linux-3.18.0-00002-gd129c56
   Image Type:   ARM Linux Kernel Image (uncompressed)
   Data Size:    4637005 Bytes = 4.4 MiB
   Load Address: 80800000
   Entry Point:  80800000
   Verifying Checksum ... OK
   Loading Kernel Image ... OK
Starting kernel ...
[    0.000000] Booting Linux on physical CPU 0x0
[    0.000000] Initializing cgroup subsys cpuset
[    0.000000] Initializing cgroup subsys cpu
[    0.000000] Initializing cgroup subsys cpuacct
[    0.000000] Linux version 3.18.0-00002-gd129c56 (nmenon@kahuna) (gcc version 4.6.3 (Ubuntu/Linaro 4.6.3-1ubuntu5) ) #1 SMP Mon Dec 15 02:03:53 CST 2014
[    0.000000] CPU: ARMv7 Processor [413fc082] revision 2 (ARMv7), cr=10c5387d
[    0.000000] CPU: PIPT / VIPT nonaliasing data cache, VIPT aliasing instruction cache
[    0.000000] Machine model: TI OMAP37XX EVM (TMDSEVM3730)
[    0.000000] cma: Reserved 16 MiB at 0x8e800000
[    0.000000] Memory policy: Data cache writeback
[    0.000000]   HighMem zone: 1048574 pages exceeds freesize 0
[    0.000000] CPU: All CPU(s) started in SVC mode.
[    0.000000] OMAP3630 ES1.2 (l2cache iva sgx neon isp 192mhz_clk )
[    0.000000] PERCPU: Embedded 11 pages/cpu @cfc7b000 s14976 r8192 d21888 u45056
[    0.000000] Built 1 zonelists in Zone order, mobility grouping on.  Total pages: 64768
[    0.000000] Kernel command line: console=ttyO0,115200n8 earlyprintk ip=dhcp root=/dev/mmcblk0p2 rw rootfstype=ext3 rootwait
[    0.000000] PID hash table entries: 1024 (order: 0, 4096 bytes)
[    0.000000] Dentry cache hash table entries: 32768 (order: 5, 131072 bytes)
[    0.000000] Inode-cache hash table entries: 16384 (order: 4, 65536 bytes)
[    0.000000] allocated 522240 bytes of page_cgroup
[    0.000000] please try 'cgroup_disable=memory' option if you don't want memory cgroups
[    0.000000] Memory: 223792K/261120K available (5983K kernel code, 671K rwdata, 2280K rodata, 412K init, 8226K bss, 37328K reserved, 0K highmem)
[    0.000000] Virtual kernel memory layout:
[    0.000000]     vector  : 0xffff0000 - 0xffff1000   (   4 kB)
[    0.000000]     fixmap  : 0xffc00000 - 0xffe00000   (2048 kB)
[    0.000000]     vmalloc : 0xd0800000 - 0xff000000   ( 744 MB)
[    0.000000]     lowmem  : 0xc0000000 - 0xd0000000   ( 256 MB)
[    0.000000]     pkmap   : 0xbfe00000 - 0xc0000000   (   2 MB)
[    0.000000]     modules : 0xbf000000 - 0xbfe00000   (  14 MB)
[    0.000000]       .text : 0xc0008000 - 0xc081a0c4   (8265 kB)
[    0.000000]       .init : 0xc081b000 - 0xc0882000   ( 412 kB)
[    0.000000]       .data : 0xc0882000 - 0xc0929c58   ( 672 kB)
[    0.000000]        .bss : 0xc0929c58 - 0xc1132538   (8227 kB)
[    0.000000] Hierarchical RCU implementation.
[    0.000000] 	RCU restricting CPUs from NR_CPUS=2 to nr_cpu_ids=1.
[    0.000000] RCU: Adjusting geometry for rcu_fanout_leaf=16, nr_cpu_ids=1
[    0.000000] NR_IRQS:16 nr_irqs:16 16
[    0.000000] IRQ: Found an INTC at 0xfa200000 (revision 4.0) with 96 interrupts
[    0.000000] Clocking rate (Crystal/Core/MPU): 26.0/400/600 MHz
[    0.000000] OMAP clockevent source: timer1 at 32768 Hz
[    0.000030] sched_clock: 32 bits at 32kHz, resolution 30517ns, wraps every 65536000000000ns
[    0.000030] OMAP clocksource: 32k_counter at 32768 Hz
[    0.001159] Console: colour dummy device 80x30
[    0.001220] Lock dependency validator: Copyright (c) 2006 Red Hat, Inc., Ingo Molnar
[    0.001251] ... MAX_LOCKDEP_SUBCLASSES:  8
[    0.001251] ... MAX_LOCK_DEPTH:          48
[    0.001281] ... MAX_LOCKDEP_KEYS:        8191
[    0.001281] ... CLASSHASH_SIZE:          4096
[    0.001312] ... MAX_LOCKDEP_ENTRIES:     32768
[    0.001312] ... MAX_LOCKDEP_CHAINS:      65536
[    0.001312] ... CHAINHASH_SIZE:          32768
[    0.001342]  memory used by lock dependency info: 5167 kB
[    0.001342]  per task-struct memory footprint: 1152 bytes
[    0.001373] Calibrating delay loop... 594.73 BogoMIPS (lpj=2973696)
[    0.097503] pid_max: default: 32768 minimum: 301
[    0.098052] Security Framework initialized
[    0.098266] Mount-cache hash table entries: 1024 (order: 0, 4096 bytes)
[    0.098297] Mountpoint-cache hash table entries: 1024 (order: 0, 4096 bytes)
[    0.102050] Initializing cgroup subsys memory
[    0.102142] Initializing cgroup subsys devices
[    0.102264] Initializing cgroup subsys freezer
[    0.102355] Initializing cgroup subsys blkio
[    0.102478] Initializing cgroup subsys perf_event
[    0.102569] CPU: Testing write buffer coherency: ok
[    0.104248] CPU0: thread -1, cpu 0, socket -1, mpidr 0
[    0.104400] Setting up static identity map for 0x805ab668 - 0x805ab6d8
[    0.109649] Brought up 1 CPUs
[    0.109680] SMP: Total of 1 processors activated.
[    0.109680] CPU: All CPU(s) started in SVC mode.
[    0.113616] devtmpfs: initialized
[    0.116546] VFP support v0.3: implementor 41 architecture 3 part 30 variant c rev 3
[    0.201538] omap_hwmod: mcbsp2_sidetone using broken dt data from mcbsp
[    0.203948] omap_hwmod: mcbsp3_sidetone using broken dt data from mcbsp
[    0.316345] pinctrl core: initialized pinctrl subsystem
[    0.320312] regulator-dummy: no parameters
[    0.420074] NET: Registered protocol family 16
[    0.428710] DMA: preallocated 256 KiB pool for atomic coherent allocations
[    0.432220] cpuidle: using governor ladder
[    0.432250] cpuidle: using governor menu
[    0.432464] omap_l3_smx omap_l3_smx.0: couldn't request debug irq
[    0.432586] omap_l3_smx: probe of omap_l3_smx.0 failed with error -22
[    0.440887] Reprogramming SDRC clock to 400000000 Hz
[    0.455932] OMAP GPIO hardware version 2.5
[    0.470855] irq: no irq domain found for /ocp/pinmux@48002030 !
[    0.471771] irq: no irq domain found for /ocp/pinmux@48002030 !
[    0.472625] irq: no irq domain found for /ocp/pinmux@48002030 !
[    0.498046] omap-gpmc 6e000000.gpmc: GPMC revision 5.0
[    0.499633] gpmc_probe_nand_child: ti,elm-id property not found
[    0.499847] gpmc_cs_program_settings: invalid width 0!
[    0.502441] platform 48058000.ssi-controller: Cannot lookup hwmod 'ssi'
[    0.511230] No ATAGs?
[    0.511291] hw-breakpoint: debug architecture 0x4 unsupported.
[    0.514801] OMAP DMA hardware revision 5.0
[    0.603332] omap-dma-engine 48056000.dma-controller: OMAP DMA engine driver
[    0.605438] vddvario: no parameters
[    0.606628] vdd33a: no parameters
[    0.607269] reg-fixed-voltage wl12xx_vmmc: could not find pctldev for node /ocp/pinmux@48002030/pinmux_wl12xx_gpio, deferring probe
[    0.607330] platform wl12xx_vmmc: Driver reg-fixed-voltage requests probe deferral
[    0.608367] lcd_3v3: 3300 mV 
[    0.614410] SCSI subsystem initialized
[    0.615539] usbcore: registered new interface driver usbfs
[    0.615783] usbcore: registered new interface driver hub
[    0.615966] usbcore: registered new device driver usb
[    0.623291] omap_i2c 48070000.i2c: bus 0 rev4.4 at 2600 kHz
[    0.624908] omap_i2c 48072000.i2c: bus 1 rev4.4 at 400 kHz
[    0.627807] omap_i2c 48060000.i2c: bus 2 rev4.4 at 400 kHz
[    0.633972] Switched to clocksource 32k_counter
[    0.850555] NET: Registered protocol family 2
[    0.852844] TCP established hash table entries: 2048 (order: 1, 8192 bytes)
[    0.853088] TCP bind hash table entries: 2048 (order: 4, 73728 bytes)
[    0.854339] TCP: Hash tables configured (established 2048 bind 2048)
[    0.854614] TCP: reno registered
[    0.854644] UDP hash table entries: 256 (order: 2, 20480 bytes)
[    0.854980] UDP-Lite hash table entries: 256 (order: 2, 20480 bytes)
[    0.856628] NET: Registered protocol family 1
[    0.858642] RPC: Registered named UNIX socket transport module.
[    0.858673] RPC: Registered udp transport module.
[    0.858703] RPC: Registered tcp transport module.
[    0.858703] RPC: Registered tcp NFSv4.1 backchannel transport module.
[    0.860504] hw perfevents: enabled with armv7_cortex_a8 PMU driver, 5 counters available
[    0.868774] futex hash table entries: 256 (order: 2, 16384 bytes)
[    0.869049] audit: initializing netlink subsys (disabled)
[    0.869293] audit: type=2000 audit(0.850:1): initialized
[    0.875488] VFS: Disk quotas dquot_6.5.2
[    0.875762] Dquot-cache hash table entries: 1024 (order 0, 4096 bytes)
[    0.879119] NFS: Registering the id_resolver key type
[    0.879608] Key type id_resolver registered
[    0.879608] Key type id_legacy registered
[    0.879852] jffs2: version 2.2. (NAND) (SUMMARY)   2001-2006 Red Hat, Inc.
[    0.880584] msgmni has been set to 469
[    0.885894] io scheduler noop registered
[    0.885925] io scheduler deadline registered
[    0.886047] io scheduler cfq registered (default)
[    0.890075] pinctrl-single 48002030.pinmux: 284 pins at pa fa002030 size 568
[    0.890869] pinctrl-single 48002a00.pinmux: 46 pins at pa fa002a00 size 92
[    0.892028] pinctrl-single 480025a0.pinmux: 46 pins at pa fa0025a0 size 92
[    0.896606] pbias_mmc_omap2430: 1800 <--> 3000 mV at 3000 mV 
[    0.898895] abb_mpu_iva: 1012 <--> 1375 mV 
[    0.901184] Serial: 8250/16550 driver, 4 ports, IRQ sharing enabled
[    0.911315] omap_uart 4806a000.serial: ttyO0 at MMIO 0x4806a000 (irq = 224, base_baud = 3000000) is a OMAP UART0
[    1.741668] console [ttyO0] enabled
[    1.748718] omap_uart 4806c000.serial: ttyO1 at MMIO 0x4806c000 (irq = 225, base_baud = 3000000) is a OMAP UART1
[    1.762145] omap_uart 49020000.serial: ttyO2 at MMIO 0x49020000 (irq = 226, base_baud = 3000000) is a OMAP UART2
[    1.775207] omap_uart 49042000.serial: no wakeirq for uart0
[    1.781463] omap_uart 49042000.serial: ttyO3 at MMIO 0x49042000 (irq = 260, base_baud = 3000000) is a OMAP UART3
[    1.826202] brd: module loaded
[    1.848968] loop: module loaded
[    1.863830] twl 0-0048: PIH (irq 294) chaining IRQs 298..306
[    1.870361] twl 0-0048: power (irq 303) chaining IRQs 306..313
[    1.882904] VAUX1: at 3000 mV 
[    1.889190] VAUX2_4030: at 1800 mV 
[    1.895568] VAUX3: at 2800 mV 
[    1.901428] VAUX4: at 2800 mV 
[    1.907257] VDD1: 600 <--> 1450 mV at 1200 mV 
[    1.914611] VDAC: 1800 mV 
[    1.922088] VIO: at 1800 mV 
[    1.928405] VINTANA1: 1500 mV 
[    1.934875] VINTANA2: at 2750 mV 
[    1.941497] VINTDIG: 1500 mV 
[    1.947082] VMMC1: 1850 <--> 3150 mV at 3150 mV 
[    1.954589] VMMC2: 1850 <--> 3150 mV at 2600 mV 
[    1.961822] VUSB1V5: 1500 mV 
[    1.967163] VUSB1V8: 1800 mV 
[    1.972259] VUSB3V1: 3100 mV 
[    1.978576] VPLL1: at 1800 mV 
[    1.985839] VPLL2: 1800 mV 
[    1.991546] VSIM: 1800 <--> 3000 mV at 1800 mV 
[    1.998809] twl4030_gpio twl4030-gpio: gpio (irq 298) chaining IRQs 314..331
[    2.072967] mtdoops: mtd device (mtddev=name/number) must be supplied
[    2.100494] libphy: smsc911x-mdio: probed
[    2.105438] smsc911x 2c000000.ethernet eth0: attached PHY driver [SMSC LAN8700] (mii_bus:phy_addr=2c000000.etherne:01, irq=-1)
[    2.117828] smsc911x 2c000000.ethernet eth0: MAC Address: 00:50:c2:7e:93:ba
[    2.127410] usbcore: registered new interface driver asix
[    2.133300] usbcore: registered new interface driver ax88179_178a
[    2.139984] usbcore: registered new interface driver cdc_ether
[    2.146453] usbcore: registered new interface driver smsc95xx
[    2.152679] usbcore: registered new interface driver net1080
[    2.158874] usbcore: registered new interface driver cdc_subset
[    2.165374] usbcore: registered new interface driver zaurus
[    2.171569] usbcore: registered new interface driver cdc_ncm
[    2.179168] usbcore: registered new interface driver cdc_wdm
[    2.185607] usbcore: registered new interface driver usb-storage
[    2.192199] usbcore: registered new interface driver usbtest
[    2.201538] mousedev: PS/2 mouse device common for all mice
[    2.209014] twl4030_keypad 48070000.i2c:twl@48:keypad: OF: linux,keymap property not defined in /ocp/i2c@48070000/twl@48/keypad
[    2.221221] twl4030_keypad 48070000.i2c:twl@48:keypad: Failed to build keymap
[    2.228851] twl4030_keypad: probe of 48070000.i2c:twl@48:keypad failed with error -2
[    2.241333] input: twl4030_pwrbutton as /devices/68000000.ocp/48070000.i2c/i2c-0/0-0048/48070000.i2c:twl@48:pwrbutton/input/input1
[    2.258148] twl_rtc 48070000.i2c:twl@48:rtc: Enabling TWL-RTC
[    2.269165] twl_rtc 48070000.i2c:twl@48:rtc: rtc core: registered 48070000.i2c:twl@48 as rtc0
[    2.279632] i2c /dev entries driver
[    2.287048] Driver for 1-wire Dallas network protocol.
[    2.297058] omap_wdt: OMAP Watchdog Timer Rev 0x31: initial timeout 60 sec
[    2.355407] omap_hsmmc 480b4000.mmc: unable to get vmmc regulator -517
[    2.362945] platform 480b4000.mmc: Driver omap_hsmmc requests probe deferral
[    2.379364] ledtrig-cpu: registered to indicate activity on CPUs
[    2.386993] usbcore: registered new interface driver usbhid
[    2.392883] usbhid: USB HID core driver
[    2.399627] oprofile: using arm/armv7
[    2.404449] TCP: cubic registered
[    2.408020] Initializing XFRM netlink socket
[    2.412689] NET: Registered protocol family 17
[    2.417572] NET: Registered protocol family 15
[    2.422729] Key type dns_resolver registered
[    2.427673] omap2_set_init_voltage: unable to find boot up OPP for vdd_mpu_iva
[    2.435363] omap2_set_init_voltage: unable to set vdd_mpu_iva
[    2.441436] omap2_set_init_voltage: unable to find boot up OPP for vdd_core
[    2.448822] omap2_set_init_voltage: unable to set vdd_core
[    2.459564] ThumbEE CPU extension supported.
[    2.464233] Registering SWP/SWPB emulation handler
[    2.469299] SmartReflex Class3 initialized
[    2.486541] vwl1271: 1800 mV 
[    2.489898] vwl1271: supplied by VMMC2
[    2.524353] mmc0: host does not support reading read-only switch, assuming write-enable
[    2.535125] mmc0: new high speed SDHC card at address b368
[    2.543975] mmcblk0: mmc0:b368 SDC   3.74 GiB 
[    2.555664]  mmcblk0: p1 p2 p3
[    2.622161] twl_rtc 48070000.i2c:twl@48:rtc: setting system clock to 2014-08-30 20:07:13 UTC (1409429233)
[    2.632385] sr_init: No PMIC hook to init smartreflex
[    2.638366] smartreflex smartreflex.0: omap_sr_probe: SmartReflex driver initialized
[    2.647552] smartreflex smartreflex.1: omap_sr_probe: SmartReflex driver initialized
[    2.746734] smsc911x 2c000000.ethernet eth0: SMSC911x/921x identified at 0xd087c000, IRQ: 208
[    2.757385] omap_hsmmc 480b4000.mmc: card claims to support voltages below defined range
[    2.783843] mmc1: queuing unknown CIS tuple 0x91 (3 bytes)
[    2.793640] mmc1: new SDIO card at address 0001
[    5.134124] Sending DHCP requests ., OK
[    5.214569] IP-Config: Got DHCP answer from 192.168.0.1, my address is 192.168.0.111
[    5.223480] IP-Config: Complete:
[    5.226989]      device=eth0, hwaddr=00:50:c2:7e:93:ba, ipaddr=192.168.0.111, mask=255.255.255.0, gw=192.168.0.1
[    5.237762]      host=192.168.0.111, domain=tim.com, nis-domain=(none)
[    5.244689]      bootserver=192.168.0.1, rootserver=192.168.0.1, rootpath=
[    5.251739]      nameserver0=192.0.2.2, nameserver1=192.0.2.3
[    5.259552] VUSB3V1: disabling
[    5.265136] lcd_3v3: disabling
[    5.286773] kjournald starting.  Commit interval 5 seconds
[    5.292968] EXT3-fs (mmcblk0p2): warning: maximal mount count reached, running e2fsck is recommended
[    5.658050] EXT3-fs (mmcblk0p2): using internal journal
[    5.663604] EXT3-fs (mmcblk0p2): mounted filesystem with ordered data mode
[    5.671081] VFS: Mounted root (ext3 filesystem) on device 179:2.
[    5.682861] devtmpfs: mounted
[    5.687103] Freeing unused kernel memory: 412K (c081b000 - c0882000)
INIT: version 2.86 booting
Please wait: booting...
Error opening /dev/fb0: No such file or directory
Starting udev
WARNING: -e needs -E or -F
[    6.731811] udevd (85): /proc/85/oom_adj is deprecated, please use /proc/85/oom_score_adj instead.
[   20.871337] FAT-fs (mmcblk0p1): Volume was not properly unmounted. Some data may be corrupt. Please run fsck.
[   23.028289] kjournald starting.  Commit interval 5 seconds
[   23.034332] EXT3-fs (mmcblk0p3): warning: maximal mount count reached, running e2fsck is recommended
[   23.401397] EXT3-fs (mmcblk0p3): using internal journal
[   23.406982] EXT3-fs (mmcblk0p3): mounted filesystem with ordered data mode
[   23.501342] alignment: ignoring faults is unsafe on this CPU.  Defaulting to fixup mode.
Remounting root file system...
Caching udev devnodes
logger: mount: mount point /proc/bus/usb does not exist
ALSA: Restoring mixer settings...
/usr/sbin/alsactl: load_state:1625: No soundcards found...
Configuring network interfaces... [   25.994415] random: nonblocking pool is initialized
[   27.183563] smsc911x 2c000000.ethernet eth0: SMSC911x/921x identified at 0xd087c000, IRQ: 208
eth0      no wireless extensions.
udhcpc (v1.13.2) started
Sending discover...
Sending discover...
Sending select for 192.168.0.58...
Lease of 192.168.0.58 obtained, lease time 600
adding dns 192.0.2.2
adding dns 192.0.2.3
done.
Setting up IP spoofing protection: rp_filter.
Sun Nov 16 05:24:00 UTC 2014
INIT: Entering runlevel: 5
Starting system message bus: dbus.
Starting Hardware abstraction layer hald
Starting Dropbear SSH server: dropbear.
Starting telnet daemon.
Starting network benchmark server: netserver.
Starting syslogd/klogd: done
Starting thttpd.
Starting Lighttpd Web Server: lighttpd.
2014-11-16 05:24:03: (log.c.166) server started 
Starting Matrix GUI application.
***************************************************************
***************************************************************
NOTICE: This file system contains the followin GPLv3 packages:
	binutils-dev
	binutils-symlinks
	binutils
	gdbserver
If you do not wish to distribute GPLv3 components please remove
the above packages prior to distribution.  This can be done using
the opkg remove command.  i.e.:
    opkg remove <package>
Where <package> is the name printed in the list above
NOTE: If the package is a dependency of another package you
      will be notified of the dependent packages.  You should
      use the --force-removal-of-dependent-packages option to
      also remove the dependent packages as well
***************************************************************
***************************************************************
 _____                    _____           _         _   
|  _  |___ ___ ___ ___   |  _  |___ ___  |_|___ ___| |_ 
|     |  _| .'| . | . |  |   __|  _| . | | | -_|  _|  _|
|__|__|_| |__,|_  |___|  |__|  |_| |___|_| |___|___|_|  
              |___|                    |___|            
Arago Project http://arago-project.org am37x-evm ttyO0
Arago 2011.09 am37x-evm ttyO0
am37x-evm login: 
- 03:04:47 [INFO] Host: root
- 03:04:48 [INFO] Target: 
root
root@am37x-evm:~# 
- 03:04:48 [INFO] Host: uname -a
- 03:04:48 [INFO] Target: 
uname -a
Linux am37x-evm 3.18.0-00002-gd129c56 #1 SMP Mon Dec 15 02:03:53 CST 2014 armv7l unknown
root@am37x-evm:~# 
- 03:04:48 [INFO] Host: cat /proc/cmdline
- 03:04:49 [INFO] Target: 
cat /proc/cmdline
console=ttyO0,115200n8 earlyprintk ip=dhcp root=/dev/mmcblk0p2 rw rootfstype=ext3 rootwait
root@am37x-evm:~# 
- 03:04:49 [INFO] Host: uname -a
- 03:04:49 [INFO] Target: 
uname -a
Linux am37x-evm 3.18.0-00002-gd129c56 #1 SMP Mon Dec 15 02:03:53 CST 2014 armv7l unknown
root@am37x-evm:~# 
- 03:04:49 [INFO] Host: cat /proc/mtd
- 03:04:50 [INFO] Target: 
cat /proc/mtd
dev:    size   erasesize  name
root@am37x-evm:~# 
- 03:04:54 [INFO] Host: export IPERFHOST=192.168.0.1
- 03:04:54 [INFO] Target: 
export IPERFHOST=192.168.0.1
root@am37x-evm:~# 
- 03:04:54 [INFO] Host: export NFS_SERVER=192.168.0.1
- 03:04:55 [INFO] Target: 
export NFS_SERVER=192.168.0.1
root@am37x-evm:~# 
- 03:04:55 [INFO] Host: export NFS_ROOT_PATH=/home/tigtfarm06/NFS_exports/linux/am37x-evm
- 03:04:55 [INFO] Target: 
export NFS_ROOT_PATH=/home/tigtfarm06/NFS_exports/linux/am37x-
root@am37x-evm:~# 
- 03:04:55 [INFO] Host: mkdir -p -m 777 /test
- 03:04:56 [INFO] Target: 
mkdir -p -m 777 /test
root@am37x-evm:~# 
- 03:04:56 [INFO] Host: cd /test
- 03:04:56 [INFO] Target: 
cd /test
root@am37x-evm:/test# 
- 03:04:56 [INFO] Host: cat > test.sh << EOF
- 03:04:57 [INFO] Target: 
cat > test.sh << EOF
- 03:04:57 [INFO] Host: failtest() {
- 03:04:57 [INFO] Target: 
failtest() {
- 03:04:57 [INFO] Host:   echo 1 >&3
- 03:04:58 [INFO] Target: 
  echo 1 >&3
- 03:04:58 [INFO] Host: }
- 03:04:58 [INFO] Target: 
- 03:04:58 [INFO] Host: timeout=600
- 03:04:59 [INFO] Target: 
timeout=600
- 03:04:59 [INFO] Host: 
- 03:04:59 [INFO] Target: 
- 03:04:59 [INFO] Host: # Start of user's script logic
- 03:05:00 [INFO] Target: 
# Start of user's script logic
- 03:05:00 [INFO] Host: 
- 03:05:00 [INFO] Target: 
- 03:05:00 [INFO] Host: 
- 03:05:01 [INFO] Target: 
- 03:05:01 [INFO] Host: mount -t proc proc /proc 2>/dev/null;
- 03:05:01 [INFO] Target: 
mount -t proc proc /proc 2>/dev/null;
- 03:05:01 [INFO] Host: 
- 03:05:02 [INFO] Target: 
- 03:05:02 [INFO] Host: mount -t sysfs sys /sys 2>/dev/null;
- 03:05:02 [INFO] Target: 
mount -t sysfs sys /sys 2>/dev/null;
- 03:05:02 [INFO] Host: 
- 03:05:03 [INFO] Target: 
- 03:05:03 [INFO] Host: mount -t debugfs none /sys/kernel/debug 2>/dev/null;
- 03:05:03 [INFO] Target: 
mount -t debugfs none /sys/kernel/debug 2>/dev/null;
- 03:05:03 [INFO] Host: 
- 03:05:04 [INFO] Target: 
- 03:05:04 [INFO] Host: echo 'cpuinfo:';cat /proc/cpuinfo; echo '=======';
- 03:05:04 [INFO] Target: 
echo 'cpuinfo:';cat /proc/cpuinfo; echo '=======';
- 03:05:04 [INFO] Host: 
- 03:05:05 [INFO] Target: 
- 03:05:05 [INFO] Host: echo 'soc info:';head /sys/devices/soc0/* 2>/dev/null; echo '=======';
- 03:05:05 [INFO] Target: 
echo 'soc info:';head /sys/devices/soc0/* 2>/dev/null; echo '=======';
- 03:05:05 [INFO] Host: 
- 03:05:06 [INFO] Target: 
- 03:05:06 [INFO] Host: echo 'DT Model info'; head /proc/device-tree/name /proc/device-tree/model /proc/device-tree/compatible 2>/dev/null;echo; echo '=======';
- 03:05:06 [INFO] Target: 
echo 'DT Model info'; head /proc/device-tree/name /proc/device-tree/model /pro
c/device-tree/compatible 2>/dev/null;echo; echo '=======';
- 03:05:06 [INFO] Host: 
- 03:05:07 [INFO] Target: 
- 03:05:07 [INFO] Host: echo 'interrupts:';cat /proc/interrupts; echo '=======';
- 03:05:07 [INFO] Target: 
echo 'interrupts:';cat /proc/interrupts; echo '=======';
- 03:05:07 [INFO] Host: 
- 03:05:08 [INFO] Target: 
- 03:05:08 [INFO] Host: echo 'Clk_summary:';cat /sys/kernel/debug/clk/clk_summary; echo '=======';
- 03:05:08 [INFO] Target: 
echo 'Clk_summary:';cat /sys/kernel/debug/clk/clk_summary; echo '=======';
- 03:05:08 [INFO] Host: 
- 03:05:09 [INFO] Target: 
- 03:05:09 [INFO] Host: echo 'Orphan Clks:';ls /sys/kernel/debug/clk/orphans/; echo '=======';
- 03:05:09 [INFO] Target: 
echo 'Orphan Clks:';ls /sys/kernel/debug/clk/orphans/; echo '=======';
- 03:05:09 [INFO] Host: 
- 03:05:10 [INFO] Target: 
- 03:05:10 [INFO] Host: echo "Available frequencies"; cat /sys/devices/system/cpu/cpu0/cpufreq/scaling_available_frequencies 2>/dev/null;echo '=======';
- 03:05:10 [INFO] Target: 
echo "Available frequencies"; cat /sys/devices/system/cpu/cpu0/cpufreq/scaling
_available_frequencies 2>/dev/null;echo '=======';
- 03:05:10 [INFO] Host: 
- 03:05:11 [INFO] Target: 
- 03:05:11 [INFO] Host: echo 'H''ello World' 'B''oard Booted';
- 03:05:11 [INFO] Target: 
echo 'H''ello World' 'B''oard Booted';
- 03:05:11 [INFO] Host: 
- 03:05:12 [INFO] Target: 
- 03:05:12 [INFO] Host: EOF
- 03:05:12 [INFO] Target: 
root@am37x-evm:/test# 
- 03:05:12 [INFO] Host: cd /test
- 03:05:13 [INFO] Target: 
cd /test
root@am37x-evm:/test# 
- 03:05:13 [INFO] Host: chmod +x test.sh
- 03:05:13 [INFO] Target: 
chmod +x test.sh
root@am37x-evm:/test# 
- 03:05:13 [INFO] Host: ./test.sh 2> stderr.log > stdout.log 3> result.log
- 03:05:14 [INFO] Target: 
./test.sh 2> stderr.log > stdout.log 3> result.log
root@am37x-evm:/test# 
- 03:05:14 [INFO] Host: echo $?
- 03:05:14 [INFO] Target: 
echo $?
root@am37x-evm:/test# 
- 03:05:14 [INFO] Host: cd /test
- 03:05:15 [INFO] Target: 
cd /test
root@am37x-evm:/test# 
- 03:05:15 [INFO] Host: cat stdout.log
- 03:05:17 [INFO] Target: 
cat stdout.log
cpuinfo:
processor	: 0
model name	: ARMv7 Processor rev 2 (v7l)
Features	: half thumb fastmult vfp edsp thumbee neon vfpv3 tls vfpd32 
CPU implementer	: 0x41
CPU architecture: 7
CPU variant	: 0x3
CPU part	: 0xc08
CPU revision	: 2
Hardware	: Generic OMAP36xx (Flattened Device Tree)
Revision	: 0000
Serial		: 0000000000000000
=======
soc info:
==> /sys/devices/soc0/family <==
OMAP3
==> /sys/devices/soc0/machine <==
OMAP3630
==> /sys/devices/soc0/power <==
==> /sys/devices/soc0/revision <==
ES1.2
==> /sys/devices/soc0/subsystem <==
==> /sys/devices/soc0/type <==
==> /sys/devices/soc0/uevent <==
=======
DT Model info
==> /proc/device-tree/name <==
==> /proc/device-tree/model <==
TI OMAP37XX EVM (TMDSEVM3730)
==> /proc/device-tree/compatible <==
ti,omap3-evm-37xxti,omap36xx
=======
interrupts:
           CPU0       
 16:       3667      INTC  37  gp_timer
 23:       4342      INTC  13  omap-dma-engine
 28:          0  48310000.gpio   1  DMA
208:         28  49058000.gpio  16  eth0
224:       4023      INTC  72  OMAP UART0
227:       1066      INTC  56  48070000.i2c
228:          0      INTC  57  48072000.i2c
229:          0      INTC  61  48060000.i2c
236:       7263      INTC  83  mmc0
237:        144      INTC  86  mmc1
254:          0      INTC  20  gpmc
262:        936      PRCM  pm_wkup
271:          2      PRCM  pinctrl, pinctrl, pinctrl, pm_io
294:          0      INTC   7  TWL4030-PIH
295:          1   pinctrl 338  OMAP UART0
298:          0   twl4030   0  twl4030_gpio
303:          0   twl4030   5  twl4030_power
306:          0   twl4030   8  twl4030_pwrbutton
309:          0   twl4030  11  rtc0
IPI0:          0  CPU wakeup interrupts
IPI1:          0  Timer broadcast interrupts
IPI2:          0  Rescheduling interrupts
IPI3:          0  Function call interrupts
IPI4:          0  Single function call interrupts
IPI5:          0  CPU stop interrupts
IPI6:          0  IRQ work interrupts
IPI7:          0  completion interrupts
Err:          0
=======
Clk_summary:
   clock                         enable_cnt  prepare_cnt        rate   accuracy   phase
----------------------------------------------------------------------------------------
 secure_32k_fck                           0            1       32768          0 0  
    wdt1_fck                              0            0       32768          0 0  
    gpt12_fck                             0            1       32768          0 0  
 dummy_ck                                 0            0           0          0 0  
 mcbsp_clks                               0            5           0          0 0  
 sys_altclk                               0            0           0          0 0  
 virt_38_4m_ck                            0            0    38400000          0 0  
 virt_26000000_ck                         1            1    26000000          0 0  
    osc_sys_ck                            1            1    26000000          0 0  
       sys_clkout1                        0            0    26000000          0 0  
       sys_ck                             3           18    13000000          0 0  
          gpt9_fck                        0            1    13000000          0 0  
          gpt8_fck                        0            1    13000000          0 0  
          gpt7_fck                        0            1    13000000          0 0  
          gpt6_fck                        0            1    13000000          0 0  
          gpt5_fck                        0            1    13000000          0 0  
          gpt4_fck                        0            1    13000000          0 0  
          gpt3_fck                        0            1    13000000          0 0  
          gpt2_fck                        0            1    13000000          0 0  
          cpefuse_fck                     0            0    13000000          0 0  
          dpll5_ck                        0            1   120000000          0 0  
             dpll5_m2_ck                  0            1   120000000          0 0  
                dpll5_m2_d20_ck           0            0     6000000          0 0  
                dpll5_m2_d16_ck           0            0     7500000          0 0  
                dpll5_m2_d8_ck            0            0    15000000          0 0  
                dpll5_m2_d4_ck            0            0    30000000          0 0  
                usbhost_120m_fck           0            0   120000000          0 0  
                usbtll_fck                0            1   120000000          0 0  
          sys_d2_ck                       0            0     6500000          0 0  
             usim_fck                     0            0     6500000          0 0  
          modem_fck                       0            0    13000000          0 0  
          dpll2_ck                        0            1   260000000          0 0  
             dpll2_m2_ck                  0            1   260000000          0 0  
                iva2_ck                   0            2   260000000          0 0  
          sr2_fck                         0            1    13000000          0 0  
          sr1_fck                         0            1    13000000          0 0  
          traceclk_src_fck                0            0    13000000          0 0  
             traceclk_fck                 0            0    13000000          0 0  
          emu_src_mux_ck                  0            1    13000000          0 0  
             emu_src_ck                   0            1    13000000          0 0  
                atclk_fck                 0            0    13000000          0 0  
                pclkx2_fck                0            0    13000000          0 0  
                pclk_fck                  0            0     6500000          0 0  
          dss2_alwon_fck                  0            2    13000000          0 0  
          dpll1_ck                        0            1   600000000          0 0  
             dpll1_x2_ck                  0            1  1200000000          0 0  
                dpll1_x2m2_ck             0            1  1200000000          0 0  
                   mpu_ck                 0            1  1200000000          0 0  
                      emu_mpu_alwon_ck           0            0  1200000000          0 0  
                      arm_fck             0            1   600000000          0 0  
          dpll3_ck                        1            1   400000000          0 0  
             dpll3_x2_ck                  0            0   800000000          0 0  
             dpll3_m2_ck                  1            1   400000000          0 0  
                dpll3_m2x2_ck             0            0   800000000          0 0  
                   corex2_fck             0            0   800000000          0 0  
                      ssi_ssr_fck_3430es2           0            0   266666667          0 0  
                         ssi_sst_fck_3430es2           0            0   133333333          0 0  
                      corex2_d5_fck           0            0   160000000          0 0  
                      corex2_d3_fck           0            0   266666666          0 0  
                core_ck                   1            1   400000000          0 0  
                   core_d2_ck             0            0   200000000          0 0  
                      sgx_fck             0            0   200000000          0 0  
                   core_d6_ck             0            0    66666666          0 0  
                   core_d4_ck             0            0   100000000          0 0  
                   core_d3_ck             0            0   133333333          0 0  
                   dpll2_fck              0            0   400000000          0 0  
                   l3_ick                 2            3   200000000          0 0  
                      sgx_ick             0            0   200000000          0 0  
                      mad2d_ick           0            0   200000000          0 0  
                      sad2d_ick           0            1   200000000          0 0  
                      security_l3_ick           0            0   200000000          0 0  
                         pka_ick           0            0   200000000          0 0  
                      core_l3_ick           8           10   200000000          0 0  
                         hsotgusb_ick_3430es2           0            1   200000000          0 0  
                         gpmc_fck           2            2   200000000          0 0  
                         sdrc_ick           1            1   200000000          0 0  
                      l4_ick              6            7   100000000          0 0  
                         usbhost_ick           1            1   100000000          0 0  
                         dss_ick_3430es2           4            6   100000000          0 0  
                         sr_l4_ick           2            2   100000000          0 0  
                         ssi_l4_ick           0            0   100000000          0 0  
                            ssi_ick_3430es2           0            0   100000000          0 0  
                         cam_ick           0            1   100000000          0 0  
                         security_l4_ick2           0            0   100000000          0 0  
                            des1_ick           0            0   100000000          0 0  
                            sha11_ick           0            0   100000000          0 0  
                            rng_ick           0            0   100000000          0 0  
                            aes1_ick           0            0   100000000          0 0  
                         per_l4_ick          15           18   100000000          0 0  
                            mcbsp4_ick           2            2   100000000          0 0  
                            mcbsp3_ick           2            2   100000000          0 0  
                            mcbsp2_ick           1            1   100000000          0 0  
                            gpt2_ick           1            1   100000000          0 0  
                            gpt3_ick           1            1   100000000          0 0  
                            gpt4_ick           1            1   100000000          0 0  
                            gpt5_ick           1            1   100000000          0 0  
                            gpt6_ick           1            1   100000000          0 0  
                            gpt7_ick           1            1   100000000          0 0  
                            gpt8_ick           1            1   100000000          0 0  
                            gpt9_ick           1            1   100000000          0 0  
                            uart4_ick           1            1   100000000          0 0  
                            uart3_ick           1            1   100000000          0 0  
                            wdt3_ick           0            0   100000000          0 0  
                            gpio2_ick           0            1   100000000          0 0  
                            gpio3_ick           0            1   100000000          0 0  
                            gpio4_ick           0            1   100000000          0 0  
                            gpio5_ick           1            1   100000000          0 0  
                            gpio6_ick           1            1   100000000          0 0  
                         core_l4_ick          21           23   100000000          0 0  
                            mmchs3_ick           1            1   100000000          0 0  
                            usbtll_ick           1            1   100000000          0 0  
                            mailboxes_ick           0            1   100000000          0 0  
                            mspro_ick           0            0   100000000          0 0  
                            des2_ick           0            0   100000000          0 0  
                            icr_ick           0            0   100000000          0 0  
                            sha12_ick           1            2   100000000          0 0  
                            aes2_ick           1            2   100000000          0 0  
                            omapctrl_ick           1            1   100000000          0 0  
                            mcbsp1_ick           1            1   100000000          0 0  
                            mcbsp5_ick           1            1   100000000          0 0  
                            gpt10_ick           1            1   100000000          0 0  
                            gpt11_ick           1            1   100000000          0 0  
                            uart1_ick           1            1   100000000          0 0  
                            uart2_ick           1            1   100000000          0 0  
                            i2c1_ick           1            1   100000000          0 0  
                            i2c2_ick           1            1   100000000          0 0  
                            i2c3_ick           1            1   100000000          0 0  
                            mcspi1_ick           1            1   100000000          0 0  
                            mcspi2_ick           1            1   100000000          0 0  
                            mcspi3_ick           1            1   100000000          0 0  
                            mcspi4_ick           1            1   100000000          0 0  
                            hdq_ick           0            1   100000000          0 0  
                            mmchs1_ick           1            1   100000000          0 0  
                            mmchs2_ick           1            1   100000000          0 0  
                         rm_ick           0            0    50000000          0 0  
                   dpll1_fck              0            0   200000000          0 0  
             dpll3_m3_ck                  0            0   200000000          0 0  
                dpll3_m3x2_mul_ck           0            0   400000000          0 0  
                   dpll3_m3x2_ck           0            0   400000000          0 0  
                      emu_core_alwon_ck           0            0   400000000          0 0  
          dpll4_ck                        1            3   864000000          0 0  
             dpll4_x2_ck                  0            0  1728000000          0 0  
             dpll4_m6_ck                  0            0   288000000          0 0  
                dpll4_m6x2_mul_ck           0            0   288000000          0 0  
                   dpll4_m6x2_ck           0            0   288000000          0 0  
                      emu_per_alwon_ck           0            0   288000000          0 0  
             dpll4_m5_ck                  0            0   216000000          0 0  
                dpll4_m5x2_mul_ck           0            0   216000000          0 0  
                   dpll4_m5x2_ck           0            0   216000000          0 0  
                      cam_mclk            0            0   216000000          0 0  
             dpll4_m4_ck                  0            1    96000000          0 0  
                dpll4_m4x2_mul_ck           0            1    96000000          0 0  
                   dpll4_m4x2_ck           0            1    96000000          0 0  
                      dss1_alwon_fck_3430es2           0            4    96000000          0 0  
             dpll4_m3_ck                  0            1    54000000          0 0  
                dpll4_m3x2_mul_ck           0            1    54000000          0 0  
                   dpll4_m3x2_ck           0            1    54000000          0 0  
                      omap_54m_fck           0            1    54000000          0 0  
                         clkout2_src_ck           0            0    54000000          0 0  
                            sys_clkout2           0            0    54000000          0 0  
                         dss_tv_fck           0            2    54000000          0 0  
             dpll4_m2_ck                  1            1    96000000          0 0  
                dpll4_m2x2_mul_ck           1            1    96000000          0 0  
                   dpll4_m2x2_ck           1            1    96000000          0 0  
                      omap_192m_alwon_fck           0            0    96000000          0 0  
                      omap_96m_alwon_fck           1            2    96000000          0 0  
                         per_96m_fck           0            6    96000000          0 0  
                            mcbsp4_fck           0            1    96000000          0 0  
                            mcbsp3_fck           0            2    96000000          0 0  
                            mcbsp2_fck           0            2    96000000          0 0  
                         cm_96m_fck           1            2    96000000          0 0  
                            cm_96m_d2_fck           1            1    48000000          0 0  
                               omap_48m_fck           2            4    48000000          0 0  
                                  usbhost_48m_fck           0            1    48000000          0 0  
                                  per_48m_fck           2            2    48000000          0 0  
                                     uart4_fck           1            1    48000000          0 0  
                                     uart3_fck           1            1    48000000          0 0  
                                  core_48m_fck           2            6    48000000          0 0  
                                     uart1_fck           1            1    48000000          0 0  
                                     uart2_fck           1            1    48000000          0 0  
                                     mcspi1_fck           0            1    48000000          0 0  
                                     mcspi2_fck           0            1    48000000          0 0  
                                     mcspi3_fck           0            1    48000000          0 0  
                                     mcspi4_fck           0            1    48000000          0 0  
                                  omap_12m_fck           0            1    12000000          0 0  
                                     core_12m_fck           0            1    12000000          0 0  
                                        hdq_fck             0            1    12000000          0 0  
                            omap_96m_fck           0            2    96000000          0 0  
                               omap_96m_d10_fck           0            0     9600000          0 0  
                               omap_96m_d8_fck           0            0    12000000          0 0  
                               omap_96m_d4_fck           0            0    24000000          0 0  
                               omap_96m_d2_fck           0            0    48000000          0 0  
                               dss_96m_fck           0            2    96000000          0 0  
                               core_96m_fck           0           10    96000000          0 0  
                                  mcbsp1_fck           0            1    96000000          0 0  
                                  mcbsp5_fck           0            1    96000000          0 0  
                                  mmchs3_fck           0            1    96000000          0 0  
                                  mspro_fck           0            0    96000000          0 0  
                                  csi2_96m_fck           0            0    96000000          0 0  
                                  i2c1_fck           0            1    96000000          0 0  
                                  i2c2_fck           0            1    96000000          0 0  
                                  i2c3_fck           0            1    96000000          0 0  
                                  mmchs1_fck           0            1    96000000          0 0  
                                  mmchs2_fck           0            1    96000000          0 0  
          wkup_l4_ick                     4            5    13000000          0 0  
             usim_ick                     0            0    13000000          0 0  
             gpt1_ick                     1            1    13000000          0 0  
             gpt12_ick                    1            1    13000000          0 0  
             omap_32ksync_ick             1            1    13000000          0 0  
             gpio1_ick                    0            1    13000000          0 0  
             wdt1_ick                     0            0    13000000          0 0  
             wdt2_ick                     1            1    13000000          0 0  
 virt_19200000_ck                         0            0    19200000          0 0  
 virt_13m_ck                              0            0    13000000          0 0  
 virt_12m_ck                              0            0    12000000          0 0  
 omap_32k_fck                             2            8       32768          0 0  
    gpt1_fck                              1            1       32768          0 0  
    gpt11_fck                             0            1       32768          0 0  
    gpt10_fck                             0            1       32768          0 0  
    ts_fck                                0            0       32768          0 0  
    per_32k_alwon_fck                     0            5       32768          0 0  
       wdt3_fck                           0            0       32768          0 0  
       gpio2_dbck                         0            1       32768          0 0  
       gpio3_dbck                         0            1       32768          0 0  
       gpio4_dbck                         0            1       32768          0 0  
       gpio5_dbck                         0            1       32768          0 0  
       gpio6_dbck                         0            1       32768          0 0  
    wkup_32k_fck                          1            3       32768          0 0  
       wdt2_fck                           0            1       32768          0 0  
       gpio1_dbck                         0            1       32768          0 0  
 dummy_apb_pclk                           0            0           0          0 0  
 virt_16_8m_ck                            0            0    16800000          0 0  
=======
Orphan Clks:
=======
Available frequencies
=======
Hello World Board Booted
root@am37x-evm:/test# 
- 03:05:17 [INFO] Host: cat stderr.log
- 03:05:18 [INFO] Target: 
cat stderr.log
ls: /sys/kernel/debug/clk/orphans/: No such file or directory
root@am37x-evm:/test# 
- 03:05:18 [INFO] Host: cat result.log
- 03:05:20 [ERROR] On command: cat result.log waiting for cat result.log.+?(?m-ix:^1[\0\n\r]+) >>> error: execution expired
- 03:05:20 [INFO] Target: 
cat result.log
root@am37x-evm:/test# 
- 03:05:20 [INFO] Host: cd /test
- 03:05:20 [INFO] Target: 
cd /test
root@am37x-evm:/test# 
URL:gtsystest.telogy.design.ti.com/vatf/tigtfarm06/tigtfarm06_vatf@am37x-evm/tigtfarm0612_15_2014_03_03_37/files/session_iteration_1/test_1
