- 01:22:15 [INFO] Starting target session
- 01:22:15 [INFO] Connected to am37x-evm via serial 
- 01:22:15 [INFO] Host: #check prompt
- 01:22:18 [ERROR] On command: #check prompt waiting for #check prompt.+?(?-mix:((?-mix:login:)|[Pp]assword)) >>> error: execution expired
- 01:22:18 [INFO] Target: 
#check prompt
root@am37x-evm:/test# 
- 01:22:18 [INFO] Host: #check prompt
- 01:22:18 [INFO] Target: 
#check prompt
root@am37x-evm:/test# 
- 01:22:18 [INFO] Host: sync;poweroff
- 01:22:27 [INFO] Target: 
sync;poweroff
INIT: Switchin
INIT: Broadcast message fromStopping Dropbear SSH server: stopped /usr/sbin/dropbear (pid 2061)
dropbear.
Stopping telnet daemon.
Stopping Hardware abstraction layer hald
Stopping system message bus: stopped process in pidfile '/var/run/dbus/pid' (pid 2024)
dbus.
Stopping network benchmark server: netserverstopped /usr/sbin/netserver (pid 2073)
Stopping thttpdError opening /dev/fb0: No such file or directory
ALSA: Storing mixer settings...
/usr/sbin/alsactl: save_state:1519: No soundcards found...
Deconfiguring network interfaces... done.
Stopping Lighttpd Web Server: stopped /usr/sbin/lighttpd (pid 2100)
lighttpd.
Stopping syslogd/klogd: stopped syslogd (pid 2078)
stopped klogd (pid 2080)
done
Stopping Matrix GUI applicationstart-stop-daemon: warning: killing process 0: No such process
***************************************************************
***************************************************************
NOTICE: This file system contains the followin GPLv3 packages:
	binutils-dev
	binutils-symlinks
	binutils
	gdbserver
If you do not wish to distribute GPLv3 components please remove
the above packages prior to distribution.  This can be done using
the opkg remove command.  i.e.:
    opkg remove <package>
Where <package> is the name printed in the list above
NOTE: If the package is a dependency of another package you
      will be notified of the dependent packages.  You should
      use the --force-removal-of-dependent-packages option to
      also remove the dependent packages as well
***************************************************************
***************************************************************
Sending all processes the TERM signal...
Sending all processes the KILL signal...
Unmounting remote filesystems...
Deactivating swap...
Unmounting local filesystems...
[41916.692687] EXT4-fs (mmcblk0p2): re-mounted. Opts: (null)
[41918.903045] reboot: Power down
- 01:22:27 [INFO] Disconnected serial from am37x-evm
- 01:22:28 [INFO] Connected to am37x-evm via serial 
- 01:22:29 [INFO] Host: 
- 01:22:31 [INFO] Target: 
U-Boot SPL 2015.07-00043-gaada495 (Nov 09 2015 - 12:23:36)
reading u-boot.img
reading u-boot.img
U-Boot 2015.07-00043-gaada495 (Nov 09 2015 - 12:23:36 -0500)
OMAP3630/3730-GP ES1.2, CPU-OPP2, L3-200MHz, Max CPU Clock 1 Ghz
OMAP3 EVM board + LPDDR/NAND
I2C:   ready
DRAM:  256 MiB
NAND:  512 MiB
MMC:   OMAP SD/MMC: 0
Error: Bad compare! failed
NAND read from offset 260000 failed -74
*** Warning - readenv() failed, using default environment
In:    serial
Out:   serial
Err:   serial
Read back SMSC id 0x92200000
Die ID #16d400029ff80000015f02690c019016
Net:   smc911x-0
Warning: Your board does not use generic board. Please read
doc/README.generic-board and take action. Boards not
upgraded by the late 2014 may break or be removed.
Hit any key to stop autoboot:  3  0 
OMAP3_EVM # 
OMAP3_EVM #  
OMAP3_EVM #  
OMAP3_EVM #  
OMAP3_EVM #  
OMAP3_EVM #  
OMAP3_EVM #  
OMAP3_EVM #  
OMAP3_EVM #  
OMAP3_EVM #  
- 01:22:31 [INFO] Host: 
- 01:22:31 [INFO] Target: 
AP3_EVM # 
OMAP3_EVM # 
- 01:22:31 [INFO] Host: version
- 01:22:31 [INFO] Target: 
version
U-Boot 2015.07-00043-gaada495 (Nov 09 2015 - 12:23:36 -0500)
arm-linux-gnueabihf-gcc (crosstool-NG linaro-1.13.1-4.7-2013.03-20130313 - Linaro GCC 2013.03) 4.7.3 20130226 (prerelease)
GNU ld (crosstool-NG linaro-1.13.1-4.7-2013.03-20130313 - Linaro GCC 2013.03) 2.23.1
OMAP3_EVM # 
- 01:22:31 [INFO] Host: setenv bootargs 'console=ttyO0,115200n8 earlyprintk=serial,ttyO0,115200n8  '
- 01:22:31 [INFO] Target: 
setenv bootargs 'console=ttyO0,115200n8 earlyprintk=serial,ttyO0,115200n8  '
OMAP3_EVM # 
- 01:22:31 [INFO] Host: setenv bootcmd  ''
- 01:22:31 [INFO] Target: 
setenv bootcmd  ''
OMAP3_EVM # 
- 01:22:31 [INFO] Host: setenv autoload 'no'
- 01:22:31 [INFO] Target: 
setenv autoload 'no'
OMAP3_EVM # 
- 01:22:31 [INFO] Host: setenv serverip '192.168.0.1'
- 01:22:32 [INFO] Target: 
setenv serverip '192.168.0.1'
OMAP3_EVM # 
- 01:22:32 [INFO] Host: setenv _initramfs -
- 01:22:32 [INFO] Target: 
setenv _initramfs -
OMAP3_EVM # 
- 01:22:32 [INFO] Host: printenv
- 01:22:32 [INFO] Target: 
printenv
_initramfs=-
autoload=no
baudrate=115200
bootargs=console=ttyO0,115200n8 earlyprintk=serial,ttyO0,115200n8  
bootcmd=
bootdelay=3
bootfile=uImage
bootscript=echo Running bootscript from mmc ...; source ${loadaddr}
console=ttyO0,115200n8
dieid#=16d400029ff80000015f02690c019016
ethact=smc911x-0
ethaddr=00:50:c2:7e:93:ba
loadaddr=0x82000000
loadbootscript=fatload mmc ${mmcdev} ${loadaddr} boot.scr
loaduimage=fatload mmc ${mmcdev} ${loadaddr} uImage
mmcargs=setenv bootargs console=${console} root=/dev/mmcblk0p2 rw rootfstype=ext3 rootwait
mmcboot=echo Booting from mmc ...; run mmcargs; bootm ${loadaddr}
mmcdev=0
nandargs=setenv bootargs console=${console} root=/dev/mtdblock4 rw rootfstype=jffs2
nandboot=echo Booting from nand ...; run nandargs; onenand read ${loadaddr} 280000 400000; bootm ${loadaddr}
serverip=192.168.0.1
stderr=serial
stdin=serial
stdout=serial
usbtty=cdc_acm
Environment size: 937/131068 bytes
OMAP3_EVM # 
- 01:22:32 [INFO] Host: printenv
- 01:22:32 [INFO] Target: 
printenv
_initramfs=-
autoload=no
baudrate=115200
bootargs=console=ttyO0,115200n8 earlyprintk=serial,ttyO0,115200n8  
bootcmd=
bootdelay=3
bootfile=uImage
bootscript=echo Running bootscript from mmc ...; source ${loadaddr}
console=ttyO0,115200n8
dieid#=16d400029ff80000015f02690c019016
ethact=smc911x-0
ethaddr=00:50:c2:7e:93:ba
loadaddr=0x82000000
loadbootscript=fatload mmc ${mmcdev} ${loadaddr} boot.scr
loaduimage=fatload mmc ${mmcdev} ${loadaddr} uImage
mmcargs=setenv bootargs console=${console} root=/dev/mmcblk0p2 rw rootfstype=ext3 rootwait
mmcboot=echo Booting from mmc ...; run mmcargs; bootm ${loadaddr}
mmcdev=0
nandargs=setenv bootargs console=${console} root=/dev/mtdblock4 rw rootfstype=jffs2
nandboot=echo Booting from nand ...; run nandargs; onenand read ${loadaddr} 280000 400000; bootm ${loadaddr}
serverip=192.168.0.1
stderr=serial
stdin=serial
stdout=serial
usbtty=cdc_acm
Environment size: 937/131068 bytes
OMAP3_EVM # 
- 01:22:32 [INFO] Host: setenv bootargs ''${bootargs}' ip=:::::eth0:dhcp '
- 01:22:32 [INFO] Target: 
setenv bootargs ''${bootargs}' ip=:::::eth0:dhcp '
OMAP3_EVM # 
- 01:22:32 [INFO] Host: setenv serverip '192.168.0.1'
- 01:22:32 [INFO] Target: 
setenv serverip '192.168.0.1'
OMAP3_EVM # 
- 01:22:32 [INFO] Host: setenv autoload 'no'
- 01:22:32 [INFO] Target: 
setenv autoload 'no'
OMAP3_EVM # 
- 01:22:32 [INFO] Host: dhcp
- 01:22:35 [INFO] Target: 
dhcp
smc911x: MAC 00:50:c2:7e:93:ba
smc911x: detected LAN9220 controller
smc911x: phy initialized
smc911x: MAC 00:50:c2:7e:93:ba
BOOTP broadcast 1
BOOTP broadcast 2
BOOTP broadcast 3
DHCP client bound to address 192.168.0.245 (1045 ms)
smc911x: MAC 00:50:c2:7e:93:ba
OMAP3_EVM # 
- 01:22:35 [INFO] Host: tftp ${loadaddr} 192.168.0.1:vatf_am37x-evm/32a38698188185518e3ee815c2a519c3
- 01:22:38 [INFO] Target: 
tftp ${loadaddr} 192.168.0.1:vatf_am37x-evm/32a38698188185518e3ee815c2a519c3
smc911x: MAC 00:50:c2:7e:93:ba
smc911x: detected LAN9220 controller
smc911x: phy initialized
smc911x: MAC 00:50:c2:7e:93:ba
Using smc911x-0 device
TFTP from server 192.168.0.1; our IP address is 192.168.0.245
Filename 'vatf_am37x-evm/32a38698188185518e3ee815c2a519c3'.
Load address: 0x82000000
Loading: *#################################################################
	 #################################################################
	 #################################################################
	 #################################################################
	 ########
	 3.3 MiB/s
done
Bytes transferred = 3933527 (3c0557 hex)
smc911x: MAC 00:50:c2:7e:93:ba
OMAP3_EVM # 
- 01:22:38 [INFO] Host: ls mmc 0:1
- 01:22:38 [INFO] Target: 
ls mmc 0:1
ls - list files in a directory (default /)
Usage:
ls [ directory ]
OMAP3_EVM # 
- 01:22:38 [INFO] Host: ls mmc 0:2
- 01:22:38 [INFO] Target: 
ls mmc 0:2
ls - list files in a directory (default /)
Usage:
ls [ directory ]
OMAP3_EVM # 
- 01:22:38 [INFO] Host: ls mmc 0:3
- 01:22:38 [INFO] Target: 
ls mmc 0:3
ls - list files in a directory (default /)
Usage:
ls [ directory ]
OMAP3_EVM # 
- 01:22:38 [INFO] Host: ls mmc 0:4
- 01:22:38 [INFO] Target: 
ls mmc 0:4
ls - list files in a directory (default /)
Usage:
ls [ directory ]
OMAP3_EVM # 
- 01:22:38 [INFO] Host: ls mmc 0:5
- 01:22:38 [INFO] Target: 
ls mmc 0:5
ls - list files in a directory (default /)
Usage:
ls [ directory ]
OMAP3_EVM # 
- 01:22:38 [INFO] Host: part uuid mmc 0:
- 01:22:38 [INFO] Target: 
part uuid mmc 0:
Unknown command 'part' - try 'help'
OMAP3_EVM # 
- 01:22:38 [INFO] Host: printenv
- 01:22:38 [INFO] Target: 
printenv
_initramfs=-
autoload=no
baudrate=115200
bootargs=console=ttyO0,115200n8 earlyprintk=serial,ttyO0,115200n8   ip=:::::eth0:dhcp 
bootcmd=
bootdelay=3
bootfile=uImage
bootscript=echo Running bootscript from mmc ...; source ${loadaddr}
console=ttyO0,115200n8
dieid#=16d400029ff80000015f02690c019016
ethact=smc911x-0
ethaddr=00:50:c2:7e:93:ba
fileaddr=82000000
filesize=3c0557
gatewayip=192.168.0.1
ipaddr=192.168.0.245
loadaddr=0x82000000
loadbootscript=fatload mmc ${mmcdev} ${loadaddr} boot.scr
loaduimage=fatload mmc ${mmcdev} ${loadaddr} uImage
mmcargs=setenv bootargs console=${console} root=/dev/mmcblk0p2 rw rootfstype=ext3 rootwait
mmcboot=echo Booting from mmc ...; run mmcargs; bootm ${loadaddr}
mmcdev=0
nandargs=setenv bootargs console=${console} root=/dev/mtdblock4 rw rootfstype=jffs2
nandboot=echo Booting from nand ...; run nandargs; onenand read ${loadaddr} 280000 400000; bootm ${loadaddr}
netmask=255.255.255.0
serverip=192.168.0.1
stderr=serial
stdin=serial
stdout=serial
usbtty=cdc_acm
Environment size: 1065/131068 bytes
OMAP3_EVM # 
- 01:22:38 [INFO] Host: setenv bootargs ''${bootargs}' root=/dev/mmcblk0p2 rw rootfstype=ext3 rootwait '
- 01:22:39 [INFO] Target: 
setenv bootargs ''${bootargs}' root=/dev/mmcblk0p2 rw rootfstype=ext3 rootwait '
OMAP3_EVM # 
- 01:22:39 [INFO] Host: printenv
- 01:22:39 [INFO] Target: 
printenv
_initramfs=-
autoload=no
baudrate=115200
bootargs=console=ttyO0,115200n8 earlyprintk=serial,ttyO0,115200n8   ip=:::::eth0:dhcp  root=/dev/mmcblk0p2 rw rootfstype=ext3 rootwait 
bootcmd=
bootdelay=3
bootfile=uImage
bootscript=echo Running bootscript from mmc ...; source ${loadaddr}
console=ttyO0,115200n8
dieid#=16d400029ff80000015f02690c019016
ethact=smc911x-0
ethaddr=00:50:c2:7e:93:ba
fileaddr=82000000
filesize=3c0557
gatewayip=192.168.0.1
ipaddr=192.168.0.245
loadaddr=0x82000000
loadbootscript=fatload mmc ${mmcdev} ${loadaddr} boot.scr
loaduimage=fatload mmc ${mmcdev} ${loadaddr} uImage
mmcargs=setenv bootargs console=${console} root=/dev/mmcblk0p2 rw rootfstype=ext3 rootwait
mmcboot=echo Booting from mmc ...; run mmcargs; bootm ${loadaddr}
mmcdev=0
nandargs=setenv bootargs console=${console} root=/dev/mtdblock4 rw rootfstype=jffs2
nandboot=echo Booting from nand ...; run nandargs; onenand read ${loadaddr} 280000 400000; bootm ${loadaddr}
netmask=255.255.255.0
serverip=192.168.0.1
stderr=serial
stdin=serial
stdout=serial
usbtty=cdc_acm
Environment size: 1114/131068 bytes
OMAP3_EVM # 
- 01:22:39 [INFO] Host: setenv bootcmd ''${bootcmd}' if iminfo ${loadaddr}; then bootm ${loadaddr} ${_initramfs} ; else bootz ${loadaddr} ${_initramfs} ; bootm ${loadaddr} ${_initramfs} ; fi'
- 01:22:39 [INFO] Target: 
setenv bootcmd ''${bootcmd}' if iminfo ${loadaddr}; then bootm ${loadaddr} ${_initramfs} ; else bootz ${loadaddr} ${_initramfs} ; bootm ${loadaddr} ${_initramfs} ; fi'
OMAP3_EVM # 
- 01:22:39 [INFO] Host: version
- 01:22:39 [INFO] Target: 
version
U-Boot 2015.07-00043-gaada495 (Nov 09 2015 - 12:23:36 -0500)
arm-linux-gnueabihf-gcc (crosstool-NG linaro-1.13.1-4.7-2013.03-20130313 - Linaro GCC 2013.03) 4.7.3 20130226 (prerelease)
GNU ld (crosstool-NG linaro-1.13.1-4.7-2013.03-20130313 - Linaro GCC 2013.03) 2.23.1
OMAP3_EVM # 
- 01:22:39 [INFO] Host: bdinfo
- 01:22:39 [INFO] Target: 
bdinfo
arch_number = 0x000005FF
boot_params = 0x80000100
DRAM bank   = 0x00000000
-> start    = 0x80000000
-> size     = 0x10000000
DRAM bank   = 0x00000001
-> start    = 0x90000000
-> size     = 0x00000000
eth0name    = smc911x-0
ethaddr     = 00:50:c2:7e:93:ba
current eth = smc911x-0
ip_addr     = 192.168.0.245
baudrate    = 115200 bps
TLB addr    = 0x8FFF0000
relocaddr   = 0x8FF61000
reloc off   = 0x0FE61000
irq_sp      = 0x8FF00F24
sp start    = 0x8FF00F18
OMAP3_EVM # 
- 01:22:39 [INFO] Host: mmc rescan; echo $?
- 01:22:39 [INFO] Target: 
mmc rescan; echo $?
OMAP3_EVM # 
- 01:22:39 [INFO] Host: fatwrite mmc ${mmcdev}:1 ${loadaddr} ws-calibrate.rules 4
- 01:22:39 [INFO] Target: 
fatwrite mmc ${mmcdev}:1 ${loadaddr} ws-calibrate.rules 4
Unknown command 'fatwrite' - try 'help'
OMAP3_EVM # 
- 01:22:39 [INFO] Host: boot
- 01:23:31 [INFO] Target: 
boot
Unknown command 'iminfo' - try 'help'
Unknown command 'bootz' - try 'help'
## Booting kernel from Legacy Image at 82000000 ...
   Image Name:   Linux-4.9.0-rc5-next-20161115-00
   Image Type:   ARM Linux Kernel Image (uncompressed)
   Data Size:    3933463 Bytes = 3.8 MiB
   Load Address: 81000000
   Entry Point:  81000000
   Verifying Checksum ... OK
   Loading Kernel Image ... OK
Starting kernel ...
[    0.000000] Booting Linux on physical CPU 0x0
[    0.000000] Linux version 4.9.0-rc5-next-20161115-00002-g7fbcfcfcdce9 (nmenon@horus) (gcc version 4.9.3 20150413 (prerelease) (Linaro GCC 4.9-2015.05) ) #3 SMP Tue Nov 15 00:20:06 CST 2016
[    0.000000] CPU: ARMv7 Processor [413fc082] revision 2 (ARMv7), cr=10c5387d
[    0.000000] CPU: PIPT / VIPT nonaliasing data cache, VIPT aliasing instruction cache
[    0.000000] OF: fdt:Machine model: TI OMAP37XX EVM (TMDSEVM3730)
[    0.000000] cma: Reserved 16 MiB at 0x8e800000
[    0.000000] Memory policy: Data cache writeback
[    0.000000] CPU: All CPU(s) started in SVC mode.
[    0.000000] OMAP3630 ES1.2 (l2cache iva sgx neon isp 192mhz_clk)
[    0.000000] percpu: Embedded 15 pages/cpu @cfb5f000 s31872 r8192 d21376 u61440
[    0.000000] Built 1 zonelists in Zone order, mobility grouping on.  Total pages: 64448
[    0.000000] Kernel command line: console=ttyO0,115200n8 earlyprintk=serial,ttyO0,115200n8   ip=:::::eth0:dhcp  root=/dev/mmcblk0p2 rw rootfstype=ext3 rootwait 
[    0.000000] PID hash table entries: 1024 (order: 0, 4096 bytes)
[    0.000000] Dentry cache hash table entries: 32768 (order: 5, 131072 bytes)
[    0.000000] Inode-cache hash table entries: 16384 (order: 4, 65536 bytes)
[    0.000000] Memory: 220564K/260096K available (7168K kernel code, 777K rwdata, 2392K rodata, 1024K init, 8125K bss, 23148K reserved, 16384K cma-reserved, 0K highmem)
[    0.000000] Virtual kernel memory layout:
[    0.000000]     vector  : 0xffff0000 - 0xffff1000   (   4 kB)
[    0.000000]     fixmap  : 0xffc00000 - 0xfff00000   (3072 kB)
[    0.000000]     vmalloc : 0xd0800000 - 0xff800000   ( 752 MB)
[    0.000000]     lowmem  : 0xc0000000 - 0xd0000000   ( 256 MB)
[    0.000000]     pkmap   : 0xbfe00000 - 0xc0000000   (   2 MB)
[    0.000000]     modules : 0xbf000000 - 0xbfe00000   (  14 MB)
[    0.000000]       .text : 0xc0008000 - 0xc0800000   (8160 kB)
[    0.000000]       .init : 0xc0b00000 - 0xc0c00000   (1024 kB)
[    0.000000]       .data : 0xc0c00000 - 0xc0cc27f4   ( 778 kB)
[    0.000000]        .bss : 0xc0cc4000 - 0xc14b3780   (8126 kB)
[    0.000000] Running RCU self tests
[    0.000000] Hierarchical RCU implementation.
[    0.000000] 	RCU lockdep checking is enabled.
[    0.000000] 	Build-time adjustment of leaf fanout to 32.
[    0.000000] 	RCU restricting CPUs from NR_CPUS=2 to nr_cpu_ids=1.
[    0.000000] RCU: Adjusting geometry for rcu_fanout_leaf=32, nr_cpu_ids=1
[    0.000000] NR_IRQS:16 nr_irqs:16 16
[    0.000000] IRQ: Found an INTC at 0xfa200000 (revision 4.0) with 96 interrupts
[    0.000000] Clocking rate (Crystal/Core/MPU): 26.0/400/600 MHz
[    0.000000] OMAP clockevent source: timer1 at 32768 Hz
[    0.000000] clocksource: 32k_counter: mask: 0xffffffff max_cycles: 0xffffffff, max_idle_ns: 58327039986419 ns
[    0.000000] sched_clock: 32 bits at 32kHz, resolution 30517ns, wraps every 65535999984741ns
[    0.000030] OMAP clocksource: 32k_counter at 32768 Hz
[    0.001739] Console: colour dummy device 80x30
[    0.001800] Lock dependency validator: Copyright (c) 2006 Red Hat, Inc., Ingo Molnar
[    0.001831] ... MAX_LOCKDEP_SUBCLASSES:  8
[    0.001831] ... MAX_LOCK_DEPTH:          48
[    0.001861] ... MAX_LOCKDEP_KEYS:        8191
[    0.001861] ... CLASSHASH_SIZE:          4096
[    0.001892] ... MAX_LOCKDEP_ENTRIES:     32768
[    0.001892] ... MAX_LOCKDEP_CHAINS:      65536
[    0.001922] ... CHAINHASH_SIZE:          32768
[    0.001922]  memory used by lock dependency info: 5167 kB
[    0.001922]  per task-struct memory footprint: 1536 bytes
[    0.001983] Calibrating delay loop... 594.73 BogoMIPS (lpj=2973696)
[    0.105834] pid_max: default: 32768 minimum: 301
[    0.106475] Security Framework initialized
[    0.106658] Mount-cache hash table entries: 1024 (order: 0, 4096 bytes)
[    0.106658] Mountpoint-cache hash table entries: 1024 (order: 0, 4096 bytes)
[    0.111724] CPU: Testing write buffer coherency: ok
[    0.113800] CPU0: thread -1, cpu 0, socket -1, mpidr 0
[    0.115478] Setting up static identity map for 0x80100000 - 0x80100070
[    0.119232] smp: Bringing up secondary CPUs ...
[    0.119262] smp: Brought up 1 node, 1 CPU
[    0.119293] SMP: Total of 1 processors activated (594.73 BogoMIPS).
[    0.119323] CPU: All CPU(s) started in SVC mode.
[    0.124908] devtmpfs: initialized
[    0.236022] VFP support v0.3: implementor 41 architecture 3 part 30 variant c rev 3
[    0.237243] clocksource: jiffies: mask: 0xffffffff max_cycles: 0xffffffff, max_idle_ns: 19112604462750000 ns
[    0.239044] pinctrl core: initialized pinctrl subsystem
[    0.246215] NET: Registered protocol family 16
[    0.255401] DMA: preallocated 256 KiB pool for atomic coherent allocations
[    0.347351] omap_hwmod: mcbsp2_sidetone using broken dt data from mcbsp
[    0.349975] omap_hwmod: mcbsp3_sidetone using broken dt data from mcbsp
[    0.483795] cpuidle: using governor menu
[    0.484619] Reprogramming SDRC clock to 400000000 Hz
[    0.509460] OMAP GPIO hardware version 2.5
[    0.559143] irq: no irq domain found for /ocp@68000000/l4@48000000/scm@2000/pinmux@30 !
[    0.560211] irq: no irq domain found for /ocp@68000000/l4@48000000/scm@2000/pinmux@30 !
[    0.561187] irq: no irq domain found for /ocp@68000000/l4@48000000/scm@2000/pinmux@30 !
[    0.570404] irq: no irq domain found for /ocp@68000000/l4@48000000/scm@2000/pinmux@30 !
[    0.589965] omap-gpmc 6e000000.gpmc: GPMC revision 5.0
[    0.590240] gpmc_mem_init: disabling cs 0 mapped at 0x0-0x1000000
[    0.609039] No ATAGs?
[    0.609069] hw-breakpoint: debug architecture 0x4 unsupported.
[    0.610412] omap4_sram_init:Unable to allocate sram needed to handle errata I688
[    0.610443] omap4_sram_init:Unable to get sram pool needed to handle errata I688
[    0.612274] OMAP DMA hardware revision 5.0
[    0.695007] omap-dma-engine 48056000.dma-controller: OMAP DMA engine driver (LinkedList1/2/3 supported)
[    0.699493] reg-fixed-voltage wl12xx_vmmc: could not find pctldev for node /ocp@68000000/l4@48000000/scm@2000/pinmux@30/pinmux_wl12xx_gpio, deferring probe
[    0.708679] omap-iommu 480bd400.mmu: 480bd400.mmu registered
[    0.710418] SCSI subsystem initialized
[    0.715972] omap_i2c 48070000.i2c: bus 0 rev4.4 at 2600 kHz
[    0.718048] omap_i2c 48072000.i2c: bus 1 rev4.4 at 400 kHz
[    0.720367] omap_i2c 48060000.i2c: bus 2 rev4.4 at 400 kHz
[    0.721038] pps_core: LinuxPPS API ver. 1 registered
[    0.721069] pps_core: Software ver. 5.3.6 - Copyright 2005-2007 Rodolfo Giometti <giometti@linux.it>
[    0.721130] PTP clock support registered
[    0.727386] clocksource: Switched to clocksource 32k_counter
[    0.896759] VFS: Disk quotas dquot_6.6.0
[    0.897003] VFS: Dquot-cache hash table entries: 1024 (order 0, 4096 bytes)
[    0.944396] NET: Registered protocol family 2
[    0.947021] TCP established hash table entries: 2048 (order: 1, 8192 bytes)
[    0.947113] TCP bind hash table entries: 2048 (order: 4, 73728 bytes)
[    0.948272] TCP: Hash tables configured (established 2048 bind 2048)
[    0.948608] UDP hash table entries: 256 (order: 2, 20480 bytes)
[    0.948883] UDP-Lite hash table entries: 256 (order: 2, 20480 bytes)
[    0.950164] NET: Registered protocol family 1
[    0.953124] RPC: Registered named UNIX socket transport module.
[    0.953155] RPC: Registered udp transport module.
[    0.953155] RPC: Registered tcp transport module.
[    0.953186] RPC: Registered tcp NFSv4.1 backchannel transport module.
[    0.960968] hw perfevents: enabled with armv7_cortex_a8 PMU driver, 5 counters available
[    0.969635] futex hash table entries: 256 (order: 2, 16384 bytes)
[    0.969879] audit: initializing netlink subsys (disabled)
[    0.970153] audit: type=2000 audit(0.960:1): initialized
[    0.975524] workingset: timestamp_bits=14 max_order=16 bucket_order=2
[    0.979492] NFS: Registering the id_resolver key type
[    0.980010] Key type id_resolver registered
[    0.980010] Key type id_legacy registered
[    0.980255] jffs2: version 2.2. (NAND) (SUMMARY)   2001-2006 Red Hat, Inc.
[    0.990234] io scheduler noop registered
[    0.990264] io scheduler deadline registered
[    0.990417] io scheduler cfq registered (default)
[    0.994781] pinctrl-single 48002030.pinmux: 284 pins at pa fa002030 size 568
[    0.995666] pinctrl-single 48002a00.pinmux: 46 pins at pa fa002a00 size 92
[    0.996948] pinctrl-single 480025a0.pinmux: 46 pins at pa fa0025a0 size 92
[    1.006744] Serial: 8250/16550 driver, 4 ports, IRQ sharing enabled
[    1.017883] 4806a000.serial: ttyO0 at MMIO 0x4806a000 (irq = 88, base_baud = 3000000) is a OMAP UART0
[    1.824554] console [ttyO0] enabled
[    1.831359] 4806c000.serial: ttyO1 at MMIO 0x4806c000 (irq = 89, base_baud = 3000000) is a OMAP UART1
[    1.843963] 49020000.serial: ttyO2 at MMIO 0x49020000 (irq = 90, base_baud = 3000000) is a OMAP UART2
[    1.855834] omap_uart 49042000.serial: no wakeirq for uart3
[    1.862274] 49042000.serial: ttyO3 at MMIO 0x49042000 (irq = 96, base_baud = 3000000) is a OMAP UART3
[    1.927978] brd: module loaded
[    1.964324] loop: module loaded
[    2.007812] random: fast init done
[    2.012054] twl 0-0048: PIH (irq 23) chaining IRQs 341..349
[    2.018524] twl 0-0048: power (irq 346) chaining IRQs 349..356
[    2.082366] VPLL2: Bringing 1300000uV into 1800000-1800000uV
[    2.099884] twl4030_gpio twl4030-gpio: gpio (irq 341) chaining IRQs 357..374
[    2.189605] mtdoops: mtd device (mtddev=name/number) must be supplied
[    2.199584] nand: Could not find valid ONFI parameter page; aborting
[    2.206329] nand: device found, Manufacturer ID: 0xad, Chip ID: 0xbc
[    2.213104] nand: Hynix NAND 512MiB 1,8V 16-bit
[    2.217926] nand: 512 MiB, SLC, erase size: 128 KiB, page size: 2048, OOB size: 64
[    2.225891] nand: using OMAP_ECC_BCH8_CODE_HW_DETECTION_SW
[    2.234374] 5 ofpart partitions found on MTD device 30000000.nand
[    2.240905] Creating 5 MTD partitions on "30000000.nand":
[    2.246612] 0x000000000000-0x000000080000 : "X-Loader"
[    2.261291] 0x000000080000-0x000000240000 : "U-Boot"
[    2.273864] 0x000000240000-0x000000280000 : "Environment"
[    2.285156] 0x000000280000-0x000000780000 : "Kernel"
[    2.300231] 0x000000780000-0x000020000000 : "Filesystem"
[    2.765777] libphy: Fixed MDIO Bus: probed
[    2.832733] libphy: smsc911x-mdio: probed
[    2.839965] smsc911x 2c000000.ethernet eth0: MAC Address: 00:50:c2:7e:93:ba
[    2.852966] mousedev: PS/2 mouse device common for all mice
[    2.858978] i2c /dev entries driver
[    2.943847] ledtrig-cpu: registered to indicate activity on CPUs
[    2.951843] oprofile: using arm/armv7
[    2.956604] Initializing XFRM netlink socket
[    2.961730] NET: Registered protocol family 10
[    3.007781] IPv6: Attempt to unregister permanent protocol 6
[    3.013793] IPv6: Attempt to unregister permanent protocol 136
[    3.019989] IPv6: Attempt to unregister permanent protocol 17
[    3.185821] mmc0: host does not support reading read-only switch, assuming write-enable
[    3.196472] mmc0: new high speed SDHC card at address b368
[    3.207153] mmcblk0: mmc0:b368 SDC   3.75 GiB 
[    3.218627]  mmcblk0: p1 p2 p3
[    3.277557] NET: Unregistered protocol family 10
[    3.282623] sit: IPv6, IPv4 and MPLS over IPv4 tunneling driver
[    3.291564] NET: Registered protocol family 17
[    3.296386] NET: Registered protocol family 15
[    3.301696] Key type dns_resolver registered
[    3.306549] omap2_set_init_voltage: unable to find boot up OPP for vdd_mpu_iva
[    3.314239] omap2_set_init_voltage: unable to set vdd_mpu_iva
[    3.320343] omap2_set_init_voltage: unable to find boot up OPP for vdd_core
[    3.327728] omap2_set_init_voltage: unable to set vdd_core
[    3.338409] ThumbEE CPU extension supported.
[    3.342987] Registering SWP/SWPB emulation handler
[    3.348083] SmartReflex Class3 initialized
[    3.432800] vwl1271: supplied by VMMC2
[    3.590667] hctosys: unable to open rtc device (rtc0)
[    3.596008] sr_init: No PMIC hook to init smartreflex
[    3.602081] smartreflex smartreflex.0: omap_sr_probe: SmartReflex driver initialized
[    3.611175] smartreflex smartreflex.1: omap_sr_probe: SmartReflex driver initialized
[    3.626983] omap_hsmmc 480b4000.mmc: card claims to support voltages below defined range
[    3.660064] mmc1: new SDIO card at address 0001
[    3.718017] SMSC LAN8700 2c000000.etherne:01: attached PHY driver [SMSC LAN8700] (mii_bus:phy_addr=2c000000.etherne:01, irq=-1)
[    3.733947] smsc911x 2c000000.ethernet eth0: SMSC911x/921x identified at 0xd0950000, IRQ: 288
[    5.867614] Sending DHCP requests ., OK
[    5.908081] IP-Config: Got DHCP answer from 192.168.0.1, my address is 192.168.0.245
[    5.916229] IP-Config: Complete:
[    5.919738]      device=eth0, hwaddr=00:50:c2:7e:93:ba, ipaddr=192.168.0.245, mask=255.255.255.0, gw=192.168.0.1
[    5.930480]      host=192.168.0.245, domain=ti.com, nis-domain=(none)
[    5.937255]      bootserver=0.0.0.0, rootserver=0.0.0.0, rootpath=     nameserver0=192.0.2.2, nameserver1=192.0.2.3
[    5.950042] lcd_3v3: disabling
[    5.957153] VUSB3V1: disabling
[    5.961120] vwl1271: disabling
[    5.974884] EXT4-fs (mmcblk0p2): mounting ext3 file system using the ext4 subsystem
[    6.006591] EXT4-fs (mmcblk0p2): warning: maximal mount count reached, running e2fsck is recommended
[    6.372619] EXT4-fs (mmcblk0p2): mounted filesystem with ordered data mode. Opts: (null)
[    6.381500] VFS: Mounted root (ext3 filesystem) on device 179:2.
[    6.402709] devtmpfs: mounted
[    6.409698] Freeing unused kernel memory: 1024K
INIT: version 2.86 booting
Please wait: booting...
Error opening /dev/fb0: No such file or directory
Starting udev
WARNING: -e needs -E or -F
[    7.706054] udevd (120): /proc/120/oom_adj is deprecated, please use /proc/120/oom_score_adj instead.
[   25.545684] EXT4-fs (mmcblk0p3): mounting ext3 file system using the ext4 subsystem
[   25.576202] EXT4-fs (mmcblk0p3): warning: maximal mount count reached, running e2fsck is recommended
[   25.654510] EXT4-fs (mmcblk0p3): mounted filesystem with ordered data mode. Opts: (null)
[   25.734649] FAT-fs (mmcblk0p1): Volume was not properly unmounted. Some data may be corrupt. Please run fsck.
[   25.872985] alignment: ignoring faults is unsafe on this CPU.  Defaulting to fixup mode.
Remounting root file system...
[   26.051727] EXT4-fs (mmcblk0p2): re-mounted. Opts: (null)
Caching udev devnodes
logger: mount: mount point /proc/bus/usb does not exist
ALSA: Restoring mixer settings...
/usr/sbin/alsactl: load_state:1625: No soundcards found...
Configuring network interfaces... [   29.188201] SMSC LAN8700 2c000000.etherne:01: attached PHY driver [SMSC LAN8700] (mii_bus:phy_addr=2c000000.etherne:01, irq=-1)
[   29.203277] smsc911x 2c000000.ethernet eth0: SMSC911x/921x identified at 0xd0950000, IRQ: 288
eth0      no wireless extensions.
udhcpc (v1.13.2) started
Sending discover...
Sending discover...
Sending select for 192.168.0.57...
Lease of 192.168.0.57 obtained, lease time 7200
adding dns 192.0.2.2
adding dns 192.0.2.3
done.
Setting up IP spoofing protection: rp_filter.
hwclock: can't open '/dev/misc/rtc': No such file or directory
Sun Jul  3 10:44:00 UTC 2016
hwclock: can't open '/dev/misc/rtc': No such file or directory
INIT: Entering runlevel: 5
Starting system message bus: dbus.
Starting Hardware abstraction layer hald
[   36.827178] ecc unrecoverable error
[   36.831207] ecc unrecoverable error
[   36.834991] ecc unrecoverable error
[   36.838806] ecc unrecoverable error
[   36.842773] blk_update_request: I/O error, dev mtdblock0, sector 0
[   36.968170] ecc unrecoverable error
[   36.971984] ecc unrecoverable error
[   36.975738] ecc unrecoverable error
[   36.979614] ecc unrecoverable error
[   36.983337] blk_update_request: I/O error, dev mtdblock0, sector 0
[   36.990203] Buffer I/O error on dev mtdblock0, logical block 0, async page read
[   37.118499] ecc unrecoverable error
[   37.122283] ecc unrecoverable error
[   37.126068] ecc unrecoverable error
[   37.129974] ecc unrecoverable error
[   37.133666] blk_update_request: I/O error, dev mtdblock1, sector 3456
[   37.168487] ecc unrecoverable error
[   37.172302] ecc unrecoverable error
[   37.175994] blk_update_request: I/O error, dev mtdblock2, sector 0
[   37.198120] ecc unrecoverable error
[   37.201904] ecc unrecoverable error
[   37.205657] ecc unrecoverable error
[   37.209533] ecc unrecoverable error
[   37.213256] blk_update_request: I/O error, dev mtdblock0, sector 0
[   37.219757] Buffer I/O error on dev mtdblock0, logical block 0, async page read
[   37.258270] ecc unrecoverable error
[   37.262084] ecc unrecoverable error
[   37.265777] blk_update_request: I/O error, dev mtdblock3, sector 10112
[   37.289489] ecc unrecoverable error
[   37.293273] ecc unrecoverable error
[   37.297058] ecc unrecoverable error
[   37.300964] ecc unrecoverable error
[   37.304687] blk_update_request: I/O error, dev mtdblock1, sector 3456
[   37.311462] Buffer I/O error on dev mtdblock1, logical block 432, async page read
[   37.390319] ecc unrecoverable error
[   37.394256] ecc unrecoverable error
[   37.398132] blk_update_request: I/O error, dev mtdblock2, sector 0
[   37.404632] Buffer I/O error on dev mtdblock2, logical block 0, async page read
[   37.416656] ecc unrecoverable error
[   37.420684] ecc unrecoverable error
[   37.424438] ecc unrecoverable error
[   37.428253] ecc unrecoverable error
[   37.431945] blk_update_request: I/O error, dev mtdblock0, sector 0
[   37.438446] Buffer I/O error on dev mtdblock0, logical block 0, async page read
[   37.524902] ecc unrecoverable error
[   37.528900] ecc unrecoverable error
[   37.532623] blk_update_request: I/O error, dev mtdblock3, sector 10112
[   37.539489] Buffer I/O error on dev mtdblock3, logical block 1264, async page read
[   37.619232] ecc unrecoverable error
[   37.623046] ecc unrecoverable error
[   37.626800] ecc unrecoverable error
[   37.630737] ecc unrecoverable error
[   37.637756] ecc unrecoverable error
[   37.641540] ecc unrecoverable error
[   37.645263] Buffer I/O error on dev mtdblock2, logical block 0, async page read
[   37.654022] ecc unrecoverable error
[   37.657958] ecc unrecoverable error
[   37.661743] ecc unrecoverable error
[   37.665466] ecc unrecoverable error
[   37.669219] Buffer I/O error on dev mtdblock0, logical block 0, async page read
[   37.678283] ecc unrecoverable error
[   37.682067] ecc unrecoverable error
[   37.687591] ecc unrecoverable error
[   37.691375] ecc unrecoverable error
[   37.695129] ecc unrecoverable error
[   37.698974] ecc unrecoverable error
[   37.702667] Buffer I/O error on dev mtdblock1, logical block 446, async page read
[   37.711517] ecc unrecoverable error
[   37.715301] ecc unrecoverable error
[   37.719085] Buffer I/O error on dev mtdblock2, logical block 0, async page read
[   37.728454] ecc unrecoverable error
[   37.732238] ecc unrecoverable error
[   37.735992] ecc unrecoverable error
[   37.739837] ecc unrecoverable error
[   37.744293] ecc unrecoverable error
[   37.748138] ecc unrecoverable error
[   37.753509] ecc unrecoverable error
[   37.757293] ecc unrecoverable error
[   37.761169] ecc unrecoverable error
[   37.764953] ecc unrecoverable error
[   37.769409] ecc unrecoverable error
[   37.773162] ecc unrecoverable error
[   37.777740] ecc unrecoverable error
[   37.781494] ecc unrecoverable error
[   37.785278] ecc unrecoverable error
[   37.789062] ecc unrecoverable error
[   37.793518] ecc unrecoverable error
[   37.797393] ecc unrecoverable error
[   37.802581] ecc unrecoverable error
[   37.806335] ecc unrecoverable error
[   37.810180] ecc unrecoverable error
[   37.813934] ecc unrecoverable error
[   37.818420] ecc unrecoverable error
[   37.822174] ecc unrecoverable error
[   37.826538] ecc unrecoverable error
[   37.830413] ecc unrecoverable error
[   37.834167] ecc unrecoverable error
[   37.838012] ecc unrecoverable error
[   37.842529] ecc unrecoverable error
[   37.846313] ecc unrecoverable error
[   37.853424] ecc unrecoverable error
[   37.857208] ecc unrecoverable error
[   37.861145] ecc unrecoverable error
[   37.864929] ecc unrecoverable error
[   37.869537] ecc unrecoverable error
[   37.873321] ecc unrecoverable error
[   37.878021] ecc unrecoverable error
[   37.881805] ecc unrecoverable error
[   37.885559] ecc unrecoverable error
[   37.889404] ecc unrecoverable error
[   37.893829] ecc unrecoverable error
[   37.897674] ecc unrecoverable error
[   37.902984] ecc unrecoverable error
[   37.906768] ecc unrecoverable error
[   37.910614] ecc unrecoverable error
[   37.914367] ecc unrecoverable error
[   37.920593] ecc unrecoverable error
[   37.924377] ecc unrecoverable error
[   37.929077] ecc unrecoverable error
[   37.932861] ecc unrecoverable error
[   37.936614] ecc unrecoverable error
[   37.940490] ecc unrecoverable error
[   37.945007] ecc unrecoverable error
[   37.948883] ecc unrecoverable error
[   37.955902] ecc unrecoverable error
[   37.959869] ecc unrecoverable error
[   37.963623] ecc unrecoverable error
[   37.967468] ecc unrecoverable error
[   37.972015] ecc unrecoverable error
[   37.975769] ecc unrecoverable error
[   37.980377] ecc unrecoverable error
[   37.984161] ecc unrecoverable error
[   37.988037] ecc unrecoverable error
[   37.991760] ecc unrecoverable error
[   37.996215] ecc unrecoverable error
[   38.000091] ecc unrecoverable error
[   38.005767] ecc unrecoverable error
[   38.009643] ecc unrecoverable error
[   38.013427] ecc unrecoverable error
[   38.017181] ecc unrecoverable error
[   38.021606] ecc unrecoverable error
[   38.025390] ecc unrecoverable error
[   38.029785] ecc unrecoverable error
[   38.033569] ecc unrecoverable error
[   38.037322] ecc unrecoverable error
[   38.041137] ecc unrecoverable error
[   38.045471] ecc unrecoverable error
[   38.049316] ecc unrecoverable error
[   38.054626] ecc unrecoverable error
[   38.058502] ecc unrecoverable error
[   38.062255] ecc unrecoverable error
[   38.066040] ecc unrecoverable error
[   38.070495] ecc unrecoverable error
[   38.074279] ecc unrecoverable error
[   38.078765] ecc unrecoverable error
[   38.082550] ecc unrecoverable error
[   38.086303] ecc unrecoverable error
[   38.090118] ecc unrecoverable error
[   38.094543] ecc unrecoverable error
[   38.098388] ecc unrecoverable error
[   38.103576] ecc unrecoverable error
[   38.107513] ecc unrecoverable error
[   38.111267] ecc unrecoverable error
[   38.115020] ecc unrecoverable error
[   38.119476] ecc unrecoverable error
[   38.123260] ecc unrecoverable error
[   38.127746] ecc unrecoverable error
[   38.131500] ecc unrecoverable error
[   38.135284] ecc unrecoverable error
[   38.139068] ecc unrecoverable error
[   38.143463] ecc unrecoverable error
[   38.147216] ecc unrecoverable error
[   38.152557] ecc unrecoverable error
[   38.156341] ecc unrecoverable error
[   38.160217] ecc unrecoverable error
[   38.163970] ecc unrecoverable error
[   38.168395] ecc unrecoverable error
[   38.172180] ecc unrecoverable error
[   38.176483] ecc unrecoverable error
[   38.180358] ecc unrecoverable error
[   38.184112] ecc unrecoverable error
[   38.187896] ecc unrecoverable error
[   38.192291] ecc unrecoverable error
[   38.196044] ecc unrecoverable error
[   38.201354] ecc unrecoverable error
[   38.205139] ecc unrecoverable error
[   38.208984] ecc unrecoverable error
[   38.212738] ecc unrecoverable error
[   38.217437] ecc unrecoverable error
[   38.221221] ecc unrecoverable error
[   38.225616] ecc unrecoverable error
[   38.229461] ecc unrecoverable error
[   38.233215] ecc unrecoverable error
[   38.236968] ecc unrecoverable error
[   38.241424] ecc unrecoverable error
[   38.245208] ecc unrecoverable error
[   38.250640] ecc unrecoverable error
[   38.254425] ecc unrecoverable error
[   38.258270] ecc unrecoverable error
[   38.262054] ecc unrecoverable error
[   38.266448] ecc unrecoverable error
[   38.270324] ecc unrecoverable error
[   38.274749] ecc unrecoverable error
[   38.278594] ecc unrecoverable error
[   38.282348] ecc unrecoverable error
[   38.286102] ecc unrecoverable error
[   38.290527] ecc unrecoverable error
[   38.294311] ecc unrecoverable error
[   38.299591] ecc unrecoverable error
[   38.303375] ecc unrecoverable error
[   38.307128] ecc unrecoverable error
[   38.310974] ecc unrecoverable error
[   38.315307] ecc unrecoverable error
[   38.319122] ecc unrecoverable error
[   38.323455] ecc unrecoverable error
[   38.327209] ecc unrecoverable error
[   38.331024] ecc unrecoverable error
[   38.334808] ecc unrecoverable error
[   38.339172] ecc unrecoverable error
[   38.342926] ecc unrecoverable error
[   38.348205] ecc unrecoverable error
[   38.351959] ecc unrecoverable error
[   38.355743] ecc unrecoverable error
[   38.359588] ecc unrecoverable error
[   38.364013] ecc unrecoverable error
[   38.367828] ecc unrecoverable error
[   38.372222] ecc unrecoverable error
[   38.375976] ecc unrecoverable error
[   38.379791] ecc unrecoverable error
[   38.383575] ecc unrecoverable error
[   38.388061] ecc unrecoverable error
[   38.391815] ecc unrecoverable error
[   38.396942] ecc unrecoverable error
[   38.400817] ecc unrecoverable error
[   38.404602] ecc unrecoverable error
[   38.408416] ecc unrecoverable error
[   38.412811] ecc unrecoverable error
[   38.416564] ecc unrecoverable error
[   38.420989] ecc unrecoverable error
[   38.424774] ecc unrecoverable error
[   38.428588] ecc unrecoverable error
[   38.432342] ecc unrecoverable error
[   38.436706] ecc unrecoverable error
[   38.440551] ecc unrecoverable error
[   38.445831] ecc unrecoverable error
[   38.449676] ecc unrecoverable error
[   38.453460] ecc unrecoverable error
[   38.457214] ecc unrecoverable error
[   38.461669] ecc unrecoverable error
[   38.465423] ecc unrecoverable error
[   38.469818] ecc unrecoverable error
[   38.473602] ecc unrecoverable error
[   38.477447] ecc unrecoverable error
[   38.481231] ecc unrecoverable error
[   38.485534] ecc unrecoverable error
[   38.489379] ecc unrecoverable error
[   38.494659] ecc unrecoverable error
[   38.498504] ecc unrecoverable error
[   38.502288] ecc unrecoverable error
[   38.506042] ecc unrecoverable error
[   38.510528] ecc unrecoverable error
[   38.514282] ecc unrecoverable error
[   38.518737] ecc unrecoverable error
[   38.522521] ecc unrecoverable error
[   38.526275] ecc unrecoverable error
[   38.530090] ecc unrecoverable error
[   38.534515] ecc unrecoverable error
[   38.538330] ecc unrecoverable error
[   38.543487] ecc unrecoverable error
[   38.547271] ecc unrecoverable error
[   38.551086] ecc unrecoverable error
[   38.554870] ecc unrecoverable error
[   38.559295] ecc unrecoverable error
[   38.563049] ecc unrecoverable error
[   38.567535] ecc unrecoverable error
[   38.571289] ecc unrecoverable error
[   38.575042] ecc unrecoverable error
[   38.578857] ecc unrecoverable error
[   38.583251] ecc unrecoverable error
[   38.587005] ecc unrecoverable error
[   38.592285] ecc unrecoverable error
[   38.596069] ecc unrecoverable error
[   38.599884] ecc unrecoverable error
[   38.603668] ecc unrecoverable error
[   38.608032] ecc unrecoverable error
[   38.611785] ecc unrecoverable error
[   38.616088] ecc unrecoverable error
[   38.619934] ecc unrecoverable error
[   38.623687] ecc unrecoverable error
[   38.627502] ecc unrecoverable error
[   38.631835] ecc unrecoverable error
[   38.635589] ecc unrecoverable error
[   38.640808] ecc unrecoverable error
[   38.644592] ecc unrecoverable error
[   38.648406] ecc unrecoverable error
[   38.652191] ecc unrecoverable error
[   38.656585] ecc unrecoverable error
[   38.660400] ecc unrecoverable error
[   38.664794] ecc unrecoverable error
[   38.668640] ecc unrecoverable error
[   38.672393] ecc unrecoverable error
[   38.676147] ecc unrecoverable error
[   38.680572] ecc unrecoverable error
[   38.684326] ecc unrecoverable error
[   38.689544] ecc unrecoverable error
[   38.693328] ecc unrecoverable error
[   38.697052] ecc unrecoverable error
[   38.700897] ecc unrecoverable error
[   38.705291] ecc unrecoverable error
[   38.709106] ecc unrecoverable error
[   38.713500] ecc unrecoverable error
[   38.717254] ecc unrecoverable error
[   38.721099] ecc unrecoverable error
[   38.724853] ecc unrecoverable error
[   38.729278] ecc unrecoverable error
[   38.733032] ecc unrecoverable error
[   38.738403] ecc unrecoverable error
[   38.742156] ecc unrecoverable error
[   38.745910] ecc unrecoverable error
[   38.749755] ecc unrecoverable error
[   38.754089] ecc unrecoverable error
[   38.757934] ecc unrecoverable error
[   38.762603] ecc unrecoverable error
[   38.766357] ecc unrecoverable error
[   38.770202] ecc unrecoverable error
[   38.773956] ecc unrecoverable error
[   38.778320] ecc unrecoverable error
[   38.782073] ecc unrecoverable error
[   38.787231] ecc unrecoverable error
[   38.791107] ecc unrecoverable error
[   38.794830] ecc unrecoverable error
[   38.798645] ecc unrecoverable error
[   38.803070] ecc unrecoverable error
[   38.806854] ecc unrecoverable error
[   38.811309] ecc unrecoverable error
[   38.815063] ecc unrecoverable error
[   38.818908] ecc unrecoverable error
[   38.822631] ecc unrecoverable error
[   38.827178] ecc unrecoverable error
[   38.831024] ecc unrecoverable error
[   38.836181] ecc unrecoverable error
[   38.840026] ecc unrecoverable error
[   38.843780] ecc unrecoverable error
[   38.847595] ecc unrecoverable error
[   38.852050] ecc unrecoverable error
[   38.855804] ecc unrecoverable error
[   38.860260] ecc unrecoverable error
[   38.864044] ecc unrecoverable error
[   38.867889] ecc unrecoverable error
[   38.871612] ecc unrecoverable error
[   38.876037] ecc unrecoverable error
[   38.879882] ecc unrecoverable error
[   38.885131] ecc unrecoverable error
[   38.889007] ecc unrecoverable error
[   38.892761] ecc unrecoverable error
[   38.896514] ecc unrecoverable error
[   38.900909] ecc unrecoverable error
[   38.904693] ecc unrecoverable error
[   38.909210] ecc unrecoverable error
[   38.912994] ecc unrecoverable error
[   38.916748] ecc unrecoverable error
[   38.920593] ecc unrecoverable error
[   38.924926] ecc unrecoverable error
[   38.928771] ecc unrecoverable error
[   38.933929] ecc unrecoverable error
[   38.937774] ecc unrecoverable error
[   38.941528] ecc unrecoverable error
[   38.945312] ecc unrecoverable error
[   38.949768] ecc unrecoverable error
[   38.953521] ecc unrecoverable error
[   38.958068] ecc unrecoverable error
[   38.961822] ecc unrecoverable error
[   38.965576] ecc unrecoverable error
[   38.969390] ecc unrecoverable error
[   38.973815] ecc unrecoverable error
[   38.977630] ecc unrecoverable error
[   38.982788] ecc unrecoverable error
[   38.986572] ecc unrecoverable error
[   38.990386] ecc unrecoverable error
[   38.994171] ecc unrecoverable error
[   38.998596] ecc unrecoverable error
[   39.002380] ecc unrecoverable error
[   39.006744] ecc unrecoverable error
[   39.010589] ecc unrecoverable error
[   39.014373] ecc unrecoverable error
[   39.018157] ecc unrecoverable error
[   39.022521] ecc unrecoverable error
[   39.026306] ecc unrecoverable error
[   39.031585] ecc unrecoverable error
[   39.035369] ecc unrecoverable error
[   39.039184] ecc unrecoverable error
[   39.042968] ecc unrecoverable error
[   39.047424] ecc unrecoverable error
[   39.051177] ecc unrecoverable error
[   39.055511] ecc unrecoverable error
[   39.059356] ecc unrecoverable error
[   39.063110] ecc unrecoverable error
[   39.066864] ecc unrecoverable error
[   39.071228] ecc unrecoverable error
[   39.074981] ecc unrecoverable error
[   39.080230] ecc unrecoverable error
[   39.083984] ecc unrecoverable error
[   39.087799] ecc unrecoverable error
[   39.091583] ecc unrecoverable error
[   39.095977] ecc unrecoverable error
[   39.099822] ecc unrecoverable error
[   39.104217] ecc unrecoverable error
[   39.108032] ecc unrecoverable error
[   39.111816] ecc unrecoverable error
[   39.115539] ecc unrecoverable error
[   39.119995] ecc unrecoverable error
[   39.123748] ecc unrecoverable error
[   39.128967] ecc unrecoverable error
[   39.132720] ecc unrecoverable error
[   39.136474] ecc unrecoverable error
[   39.140319] ecc unrecoverable error
[   39.144714] ecc unrecoverable error
[   39.148559] ecc unrecoverable error
[   39.153015] ecc unrecoverable error
[   39.156768] ecc unrecoverable error
[   39.160614] ecc unrecoverable error
[   39.164367] ecc unrecoverable error
[   39.168792] ecc unrecoverable error
[   39.172546] ecc unrecoverable error
[   39.177886] ecc unrecoverable error
[   39.181671] ecc unrecoverable error
[   39.185394] ecc unrecoverable error
[   39.189239] ecc unrecoverable error
[   39.193603] ecc unrecoverable error
[   39.197479] ecc unrecoverable error
[   39.201782] ecc unrecoverable error
[   39.205566] ecc unrecoverable error
[   39.209411] ecc unrecoverable error
[   39.213134] ecc unrecoverable error
[   39.217559] ecc unrecoverable error
[   39.221313] ecc unrecoverable error
[   39.226531] ecc unrecoverable error
[   39.230377] ecc unrecoverable error
[   39.234130] ecc unrecoverable error
[   39.237945] ecc unrecoverable error
[   39.242340] ecc unrecoverable error
[   39.246124] ecc unrecoverable error
[   39.250579] ecc unrecoverable error
[   39.254364] ecc unrecoverable error
[   39.258178] ecc unrecoverable error
[   39.261901] ecc unrecoverable error
[   39.266296] ecc unrecoverable error
[   39.270141] ecc unrecoverable error
[   39.275299] ecc unrecoverable error
[   39.279144] ecc unrecoverable error
[   39.282897] ecc unrecoverable error
[   39.286651] ecc unrecoverable error
[   39.291107] ecc unrecoverable error
[   39.294891] ecc unrecoverable error
[   39.299316] ecc unrecoverable error
[   39.303100] ecc unrecoverable error
[   39.306854] ecc unrecoverable error
[   39.310668] ecc unrecoverable error
[   39.315032] ecc unrecoverable error
[   39.318878] ecc unrecoverable error
[   39.324096] ecc unrecoverable error
[   39.327941] ecc unrecoverable error
[   39.331695] ecc unrecoverable error
[   39.335449] ecc unrecoverable error
[   39.339843] ecc unrecoverable error
[   39.343597] ecc unrecoverable error
[   39.348022] ecc unrecoverable error
[   39.351776] ecc unrecoverable error
[   39.355529] ecc unrecoverable error
[   39.359344] ecc unrecoverable error
[   39.363677] ecc unrecoverable error
[   39.367492] ecc unrecoverable error
[   39.372680] ecc unrecoverable error
[   39.376434] ecc unrecoverable error
[   39.380279] ecc unrecoverable error
[   39.384033] ecc unrecoverable error
[   39.388488] ecc unrecoverable error
[   39.392242] ecc unrecoverable error
[   39.396606] ecc unrecoverable error
[   39.400451] ecc unrecoverable error
[   39.404235] ecc unrecoverable error
[   39.408020] ecc unrecoverable error
[   39.412414] ecc unrecoverable error
[   39.416168] ecc unrecoverable error
[   39.421386] ecc unrecoverable error
[   39.425170] ecc unrecoverable error
[   39.428985] ecc unrecoverable error
[   39.432769] ecc unrecoverable error
[   39.437133] ecc unrecoverable error
[   39.440979] ecc unrecoverable error
[   39.445373] ecc unrecoverable error
[   39.449218] ecc unrecoverable error
[   39.452972] ecc unrecoverable error
[   39.456726] ecc unrecoverable error
[   39.461151] ecc unrecoverable error
[   39.464904] ecc unrecoverable error
[   39.470184] ecc unrecoverable error
[   39.473968] ecc unrecoverable error
[   39.477783] ecc unrecoverable error
[   39.481536] ecc unrecoverable error
[   39.485870] ecc unrecoverable error
[   39.489715] ecc unrecoverable error
[   39.494049] ecc unrecoverable error
[   39.497863] ecc unrecoverable error
[   39.501647] ecc unrecoverable error
[   39.505371] ecc unrecoverable error
[   39.509735] ecc unrecoverable error
[   39.513488] ecc unrecoverable error
[   39.520050] ecc unrecoverable error
[   39.523895] ecc unrecoverable error
[   39.527770] ecc unrecoverable error
[   39.531524] ecc unrecoverable error
[   39.536865] ecc unrecoverable error
[   39.540771] ecc unrecoverable error
[   39.545654] ecc unrecoverable error
[   39.549530] ecc unrecoverable error
[   39.553314] ecc unrecoverable error
[   39.557037] ecc unrecoverable error
[   39.561523] ecc unrecoverable error
[   39.565277] ecc unrecoverable error
[   39.570587] ecc unrecoverable error
[   39.574340] ecc unrecoverable error
[   39.578186] ecc unrecoverable error
[   39.581970] ecc unrecoverable error
[   39.586364] ecc unrecoverable error
[   39.590209] ecc unrecoverable error
[   39.594604] ecc unrecoverable error
[   39.598449] ecc unrecoverable error
[   39.602203] ecc unrecoverable error
[   39.605957] ecc unrecoverable error
[   39.610382] ecc unrecoverable error
[   39.614135] ecc unrecoverable error
[   39.619445] ecc unrecoverable error
[   39.623199] ecc unrecoverable error
[   39.626953] ecc unrecoverable error
[   39.630798] ecc unrecoverable error
[   39.635192] ecc unrecoverable error
[   39.639068] ecc unrecoverable error
[   39.643371] ecc unrecoverable error
[   39.647155] ecc unrecoverable error
[   39.651000] ecc unrecoverable error
[   39.654754] ecc unrecoverable error
[   39.659118] ecc unrecoverable error
[   39.662872] ecc unrecoverable error
[   39.668212] ecc unrecoverable error
[   39.671997] ecc unrecoverable error
[   39.675750] ecc unrecoverable error
[   39.679595] ecc unrecoverable error
[   39.684783] ecc unrecoverable error
[   39.688629] ecc unrecoverable error
[   39.693084] ecc unrecoverable error
[   39.696868] ecc unrecoverable error
[   39.700714] ecc unrecoverable error
[   39.704467] ecc unrecoverable error
[   39.708923] ecc unrecoverable error
[   39.712707] ecc unrecoverable error
[   39.718048] ecc unrecoverable error
[   39.721832] ecc unrecoverable error
[   39.725585] ecc unrecoverable error
[   39.729431] ecc unrecoverable error
[   39.733886] ecc unrecoverable error
[   39.737731] ecc unrecoverable error
[   39.742126] ecc unrecoverable error
[   39.745880] ecc unrecoverable error
[   39.749725] ecc unrecoverable error
[   39.753479] ecc unrecoverable error
[   39.757995] ecc unrecoverable error
[   39.761749] ecc unrecoverable error
[   39.766998] ecc unrecoverable error
[   39.770843] ecc unrecoverable error
[   39.774627] ecc unrecoverable error
[   39.778442] ecc unrecoverable error
[   39.782806] ecc unrecoverable error
[   39.786590] ecc unrecoverable error
[   39.790985] ecc unrecoverable error
[   39.794769] ecc unrecoverable error
[   39.798583] ecc unrecoverable error
[   39.802307] ecc unrecoverable error
[   39.806671] ecc unrecoverable error
[   39.810516] ecc unrecoverable error
[   39.815734] ecc unrecoverable error
[   39.819580] ecc unrecoverable error
[   39.823364] ecc unrecoverable error
[   39.827117] ecc unrecoverable error
[   39.831665] ecc unrecoverable error
[   39.835449] ecc unrecoverable error
[   39.839904] ecc unrecoverable error
[   39.843688] ecc unrecoverable error
[   39.847534] ecc unrecoverable error
[   39.851287] ecc unrecoverable error
[   39.855743] ecc unrecoverable error
[   39.859558] ecc unrecoverable error
[   39.864746] ecc unrecoverable error
[   39.868591] ecc unrecoverable error
[   39.872375] ecc unrecoverable error
[   39.876129] ecc unrecoverable error
[   39.880889] ecc unrecoverable error
[   39.884674] ecc unrecoverable error
[   39.889160] ecc unrecoverable error
[   39.892913] ecc unrecoverable error
[   39.896667] ecc unrecoverable error
[   39.900512] ecc unrecoverable error
[   39.904907] ecc unrecoverable error
[   39.908721] ecc unrecoverable error
[   39.913970] ecc unrecoverable error
[   39.917816] ecc unrecoverable error
[   39.921600] ecc unrecoverable error
[   39.925354] ecc unrecoverable error
[   39.929779] ecc unrecoverable error
[   39.933563] ecc unrecoverable error
[   39.938018] ecc unrecoverable error
[   39.941772] ecc unrecoverable error
[   39.945526] ecc unrecoverable error
[   39.949340] ecc unrecoverable error
[   39.953674] ecc unrecoverable error
[   39.957489] ecc unrecoverable error
[   39.962707] ecc unrecoverable error
[   39.966491] ecc unrecoverable error
[   39.970336] ecc unrecoverable error
[   39.974121] ecc unrecoverable error
[   39.978576] ecc unrecoverable error
[   39.982330] ecc unrecoverable error
[   39.986724] ecc unrecoverable error
[   39.990570] ecc unrecoverable error
[   39.994354] ecc unrecoverable error
[   39.998138] ecc unrecoverable error
[   40.002532] ecc unrecoverable error
[   40.006317] ecc unrecoverable error
[   40.011596] ecc unrecoverable error
[   40.015380] ecc unrecoverable error
[   40.019226] ecc unrecoverable error
[   40.023010] ecc unrecoverable error
[   40.027496] ecc unrecoverable error
[   40.031280] ecc unrecoverable error
[   40.035644] ecc unrecoverable error
[   40.039520] ecc unrecoverable error
[   40.043273] ecc unrecoverable error
[   40.046997] ecc unrecoverable error
[   40.058532] ecc unrecoverable error
[   40.062347] ecc unrecoverable error
[   40.073944] ecc unrecoverable error
[   40.077972] ecc unrecoverable error
[   40.081726] ecc unrecoverable error
[   40.085510] ecc unrecoverable error
[   40.090118] ecc unrecoverable error
[   40.093902] ecc unrecoverable error
[   40.098541] ecc unrecoverable error
[   40.102325] ecc unrecoverable error
[   40.108398] ecc unrecoverable error
[   40.112182] ecc unrecoverable error
[   40.115936] ecc unrecoverable error
[   40.119842] ecc unrecoverable error
[   40.124389] ecc unrecoverable error
[   40.128265] ecc unrecoverable error
[   40.144409] ecc unrecoverable error
[   40.148406] ecc unrecoverable error
[   40.153991] ecc unrecoverable error
[   40.157928] ecc unrecoverable error
[   40.161682] ecc unrecoverable error
[   40.165466] ecc unrecoverable error
[   40.170104] ecc unrecoverable error
[   40.173889] ecc unrecoverable error
[   40.179718] ecc unrecoverable error
[   40.183471] ecc unrecoverable error
[   40.187225] ecc unrecoverable error
[   40.191162] ecc unrecoverable error
[   40.195648] ecc unrecoverable error
[   40.199523] ecc unrecoverable error
[   40.204803] ecc unrecoverable error
[   40.208648] ecc unrecoverable error
[   40.212432] ecc unrecoverable error
[   40.216186] ecc unrecoverable error
[   40.220581] ecc unrecoverable error
[   40.224334] ecc unrecoverable error
[   40.229614] ecc unrecoverable error
[   40.233398] ecc unrecoverable error
[   40.237152] ecc unrecoverable error
[   40.240997] ecc unrecoverable error
[   40.245391] ecc unrecoverable error
[   40.249237] ecc unrecoverable error
[   40.254394] ecc unrecoverable error
[   40.258270] ecc unrecoverable error
[   40.262023] ecc unrecoverable error
[   40.265777] ecc unrecoverable error
[   40.270233] ecc unrecoverable error
[   40.274017] ecc unrecoverable error
[   40.279205] ecc unrecoverable error
[   40.282989] ecc unrecoverable error
[   40.286743] ecc unrecoverable error
[   40.290588] ecc unrecoverable error
[   40.294982] ecc unrecoverable error
[   40.298797] ecc unrecoverable error
[   40.304016] ecc unrecoverable error
[   40.307861] ecc unrecoverable error
[   40.311645] ecc unrecoverable error
[   40.315399] ecc unrecoverable error
[   40.319824] ecc unrecoverable error
[   40.323577] ecc unrecoverable error
[   40.328887] ecc unrecoverable error
[   40.332641] ecc unrecoverable error
[   40.336425] ecc unrecoverable error
[   40.340270] ecc unrecoverable error
[   40.344909] ecc unrecoverable error
[   40.348754] ecc unrecoverable error
[   40.354034] ecc unrecoverable error
[   40.357910] ecc unrecoverable error
[   40.361663] ecc unrecoverable error
[   40.365417] ecc unrecoverable error
[   40.369873] ecc unrecoverable error
[   40.373657] ecc unrecoverable error
[   40.378875] ecc unrecoverable error
[   40.382659] ecc unrecoverable error
[   40.386413] ecc unrecoverable error
[   40.390258] ecc unrecoverable error
[   40.394653] ecc unrecoverable error
[   40.398498] ecc unrecoverable error
[   40.403656] ecc unrecoverable error
[   40.407501] ecc unrecoverable error
[   40.411254] ecc unrecoverable error
[   40.415008] ecc unrecoverable error
[   40.419433] ecc unrecoverable error
[   40.423217] ecc unrecoverable error
[   40.428527] ecc unrecoverable error
[   40.432312] ecc unrecoverable error
[   40.436035] ecc unrecoverable error
[   40.439880] ecc unrecoverable error
[   40.444274] ecc unrecoverable error
[   40.448089] ecc unrecoverable error
[   40.453308] ecc unrecoverable error
[   40.457061] ecc unrecoverable error
[   40.460906] ecc unrecoverable error
[   40.464660] ecc unrecoverable error
[   40.469024] ecc unrecoverable error
[   40.472808] ecc unrecoverable error
[   40.478149] ecc unrecoverable error
[   40.481933] ecc unrecoverable error
[   40.485656] ecc unrecoverable error
[   40.489501] ecc unrecoverable error
[   40.493896] ecc unrecoverable error
[   40.497741] ecc unrecoverable error
[   40.502868] ecc unrecoverable error
[   40.506652] ecc unrecoverable error
[   40.510467] ecc unrecoverable error
[   40.514251] ecc unrecoverable error
[   40.518707] ecc unrecoverable error
[   40.522491] ecc unrecoverable error
[   40.527770] ecc unrecoverable error
[   40.531524] ecc unrecoverable error
[   40.535278] ecc unrecoverable error
[   40.539123] ecc unrecoverable error
[   40.543487] ecc unrecoverable error
[   40.547271] ecc unrecoverable error
[   40.552703] ecc unrecoverable error
[   40.556457] ecc unrecoverable error
[   40.560333] ecc unrecoverable error
[   40.564086] ecc unrecoverable error
[   40.568511] ecc unrecoverable error
[   40.572296] ecc unrecoverable error
[   40.577575] ecc unrecoverable error
[   40.581359] ecc unrecoverable error
[   40.585113] ecc unrecoverable error
[   40.588928] ecc unrecoverable error
[   40.593261] ecc unrecoverable error
[   40.597045] ecc unrecoverable error
[   40.602325] ecc unrecoverable error
[   40.606079] ecc unrecoverable error
[   40.609924] ecc unrecoverable error
[   40.613677] ecc unrecoverable error
[   40.618133] ecc unrecoverable error
[   40.621887] ecc unrecoverable error
[   40.627014] ecc unrecoverable error
[   40.630859] ecc unrecoverable error
[   40.634643] ecc unrecoverable error
[   40.638458] ecc unrecoverable error
[   40.642852] ecc unrecoverable error
[   40.646636] ecc unrecoverable error
[   40.651855] ecc unrecoverable error
[   40.655609] ecc unrecoverable error
[   40.659454] ecc unrecoverable error
[   40.663208] ecc unrecoverable error
[   40.667694] ecc unrecoverable error
[   40.671478] ecc unrecoverable error
[   40.676727] ecc unrecoverable error
[   40.680572] ecc unrecoverable error
[   40.684356] ecc unrecoverable error
[   40.688171] ecc unrecoverable error
[   40.692565] ecc unrecoverable error
[   40.696350] ecc unrecoverable error
[   40.701629] ecc unrecoverable error
[   40.705383] ecc unrecoverable error
[   40.709228] ecc unrecoverable error
[   40.712982] ecc unrecoverable error
[   40.717437] ecc unrecoverable error
[   40.721221] ecc unrecoverable error
[   40.726409] ecc unrecoverable error
[   40.730255] ecc unrecoverable error
[   40.734039] ecc unrecoverable error
[   40.737854] ecc unrecoverable error
[   40.742248] ecc unrecoverable error
[   40.746002] ecc unrecoverable error
[   40.751220] ecc unrecoverable error
[   40.754974] ecc unrecoverable error
[   40.758819] ecc unrecoverable error
[   40.762573] ecc unrecoverable error
[   40.766967] ecc unrecoverable error
[   40.770812] ecc unrecoverable error
[   40.775970] ecc unrecoverable error
[   40.779785] ecc unrecoverable error
[   40.783538] ecc unrecoverable error
[   40.787414] ecc unrecoverable error
[   40.791809] ecc unrecoverable error
[   40.795562] ecc unrecoverable error
[   40.800842] ecc unrecoverable error
[   40.804595] ecc unrecoverable error
[   40.808441] ecc unrecoverable error
[   40.812194] ecc unrecoverable error
[   40.816589] ecc unrecoverable error
[   40.820434] ecc unrecoverable error
[   40.825744] ecc unrecoverable error
[   40.829589] ecc unrecoverable error
[   40.833343] ecc unrecoverable error
[   40.837097] ecc unrecoverable error
[   40.841491] ecc unrecoverable error
[   40.845275] ecc unrecoverable error
[   40.850585] ecc unrecoverable error
[   40.854339] ecc unrecoverable error
[   40.858184] ecc unrecoverable error
[   40.861938] ecc unrecoverable error
[   40.866363] ecc unrecoverable error
[   40.870239] ecc unrecoverable error
[   40.875518] ecc unrecoverable error
[   40.879364] ecc unrecoverable error
[   40.883148] ecc unrecoverable error
[   40.886901] ecc unrecoverable error
[   40.891387] ecc unrecoverable error
[   40.895141] ecc unrecoverable error
[   40.908111] ecc unrecoverable error
[   40.911895] ecc unrecoverable error
[   40.915649] ecc unrecoverable error
[   40.919555] ecc unrecoverable error
[   40.929931] ecc unrecoverable error
[   40.933746] ecc unrecoverable error
[   40.938507] ecc unrecoverable error
[   40.942260] ecc unrecoverable error
[   40.946014] ecc unrecoverable error
[   40.949951] ecc unrecoverable error
[   40.954742] ecc unrecoverable error
[   40.958679] ecc unrecoverable error
[   40.963165] ecc unrecoverable error
[   40.966918] ecc unrecoverable error
[   40.970794] ecc unrecoverable error
[   40.974548] ecc unrecoverable error
[   40.979339] ecc unrecoverable error
[   40.983093] ecc unrecoverable error
[   40.987670] ecc unrecoverable error
[   40.991424] ecc unrecoverable error
[   40.995178] ecc unrecoverable error
[   40.999023] ecc unrecoverable error
[   41.003479] ecc unrecoverable error
[   41.007263] ecc unrecoverable error
[   41.011688] ecc unrecoverable error
[   41.015472] ecc unrecoverable error
[   41.019287] ecc unrecoverable error
[   41.023040] ecc unrecoverable error
[   41.027496] ecc unrecoverable error
[   41.031280] ecc unrecoverable error
[   41.035644] ecc unrecoverable error
[   41.039459] ecc unrecoverable error
[   41.043212] ecc unrecoverable error
[   41.046997] ecc unrecoverable error
[   41.051391] ecc unrecoverable error
[   41.055145] ecc unrecoverable error
[   41.059570] ecc unrecoverable error
[   41.063323] ecc unrecoverable error
[   41.067077] ecc unrecoverable error
[   41.070892] ecc unrecoverable error
[   41.075256] ecc unrecoverable error
[   41.079101] ecc unrecoverable error
[   41.083435] ecc unrecoverable error
[   41.087188] ecc unrecoverable error
[   41.091003] ecc unrecoverable error
[   41.094787] ecc unrecoverable error
[   41.099090] ecc unrecoverable error
[   41.102874] ecc unrecoverable error
[   41.107177] ecc unrecoverable error
[   41.110992] ecc unrecoverable error
[   41.114746] ecc unrecoverable error
[   41.118591] ecc unrecoverable error
[   41.122955] ecc unrecoverable error
[   41.126739] ecc unrecoverable error
[   41.131195] ecc unrecoverable error
[   41.134979] ecc unrecoverable error
[   41.138763] ecc unrecoverable error
[   41.142547] ecc unrecoverable error
[   41.146911] ecc unrecoverable error
[   41.150726] ecc unrecoverable error
[   41.155090] ecc unrecoverable error
[   41.158905] ecc unrecoverable error
[   41.162658] ecc unrecoverable error
[   41.166412] ecc unrecoverable error
[   41.170806] ecc unrecoverable error
[   41.174591] ecc unrecoverable error
[   41.178985] ecc unrecoverable error
[   41.182739] ecc unrecoverable error
[   41.186492] ecc unrecoverable error
[   41.190307] ecc unrecoverable error
[   41.194671] ecc unrecoverable error
[   41.198486] ecc unrecoverable error
[   41.202819] ecc unrecoverable error
[   41.206604] ecc unrecoverable error
[   41.210418] ecc unrecoverable error
[   41.214172] ecc unrecoverable error
[   41.218505] ecc unrecoverable error
[   41.222290] ecc unrecoverable error
[   41.226562] ecc unrecoverable error
[   41.230407] ecc unrecoverable error
[   41.234161] ecc unrecoverable error
[   41.237945] ecc unrecoverable error
[   41.242309] ecc unrecoverable error
[   41.246093] ecc unrecoverable error
[   41.250488] ecc unrecoverable error
[   41.254272] ecc unrecoverable error
[   41.258087] ecc unrecoverable error
[   41.261840] ecc unrecoverable error
[   41.266174] ecc unrecoverable error
[   41.270019] ecc unrecoverable error
[   41.274353] ecc unrecoverable error
[   41.278198] ecc unrecoverable error
[   41.281921] ecc unrecoverable error
[   41.285705] ecc unrecoverable error
[   41.290069] ecc unrecoverable error
[   41.293853] ecc unrecoverable error
[   41.298248] ecc unrecoverable error
[   41.302001] ecc unrecoverable error
[   41.305755] ecc unrecoverable error
[   41.309570] ecc unrecoverable error
[   41.313903] ecc unrecoverable error
[   41.317749] ecc unrecoverable error
[   41.322082] ecc unrecoverable error
[   41.325836] ecc unrecoverable error
[   41.329650] ecc unrecoverable error
[   41.333435] ecc unrecoverable error
[   41.337799] ecc unrecoverable error
[   41.341583] ecc unrecoverable error
[   41.345886] ecc unrecoverable error
[   41.349700] ecc unrecoverable error
[   41.353485] ecc unrecoverable error
[   41.357238] ecc unrecoverable error
[   41.361694] ecc unrecoverable error
[   41.365478] ecc unrecoverable error
[   41.369873] ecc unrecoverable error
[   41.373626] ecc unrecoverable error
[   41.377471] ecc unrecoverable error
[   41.381225] ecc unrecoverable error
[   41.385589] ecc unrecoverable error
[   41.389404] ecc unrecoverable error
[   41.393768] ecc unrecoverable error
[   41.397583] ecc unrecoverable error
[   41.401336] ecc unrecoverable error
[   41.405090] ecc unrecoverable error
[   41.409484] ecc unrecoverable error
[   41.413269] ecc unrecoverable error
[   41.417694] ecc unrecoverable error
[   41.421447] ecc unrecoverable error
[   41.425201] ecc unrecoverable error
[   41.429016] ecc unrecoverable error
[   41.433380] ecc unrecoverable error
[   41.437164] ecc unrecoverable error
[   41.441528] ecc unrecoverable error
[   41.445312] ecc unrecoverable error
[   41.449096] ecc unrecoverable error
[   41.452880] ecc unrecoverable error
[   41.457153] ecc unrecoverable error
[   41.460998] ecc unrecoverable error
[   41.465301] ecc unrecoverable error
[   41.469116] ecc unrecoverable error
[   41.472869] ecc unrecoverable error
[   41.476623] ecc unrecoverable error
[   41.481048] ecc unrecoverable error
[   41.484802] ecc unrecoverable error
[   41.489196] ecc unrecoverable error
[   41.492980] ecc unrecoverable error
[   41.496704] ecc unrecoverable error
[   41.500549] ecc unrecoverable error
[   41.504882] ecc unrecoverable error
[   41.508697] ecc unrecoverable error
[   41.513031] ecc unrecoverable error
[   41.516815] ecc unrecoverable error
[   41.520629] ecc unrecoverable error
[   41.524383] ecc unrecoverable error
[   41.528778] ecc unrecoverable error
[   41.532562] ecc unrecoverable error
[   41.536895] ecc unrecoverable error
[   41.540710] ecc unrecoverable error
[   41.544464] ecc unrecoverable error
[   41.548278] ecc unrecoverable error
[   41.560150] ecc unrecoverable error
[   41.563964] ecc unrecoverable error
[   41.573028] ecc unrecoverable error
[   41.576843] ecc unrecoverable error
[   41.581665] ecc unrecoverable error
[   41.585449] ecc unrecoverable error
[   41.590057] ecc unrecoverable error
[   41.593841] ecc unrecoverable error
[   41.598693] ecc unrecoverable error
[   41.602478] ecc unrecoverable error
[   41.606811] ecc unrecoverable error
[   41.610717] ecc unrecoverable error
[   41.615112] ecc unrecoverable error
[   41.618988] ecc unrecoverable error
[   41.623382] ecc unrecoverable error
[   41.627136] ecc unrecoverable error
Starting Dropbear SSH server: dropbear.
Starting telnet daemon.
Starting network benchmark server: netserver.
Starting syslogd/klogd: done
Starting thttpd.
Starting Lighttpd Web Server: lighttpd.
2016-07-03 10:44:08: (log.c.166) server started 
Starting Matrix GUI application.
[   45.725921] random: crng init done
***************************************************************
***************************************************************
NOTICE: This file system contains the followin GPLv3 packages:
	binutils-dev
	binutils-symlinks
	binutils
	gdbserver
If you do not wish to distribute GPLv3 components please remove
the above packages prior to distribution.  This can be done using
the opkg remove command.  i.e.:
    opkg remove <package>
Where <package> is the name printed in the list above
NOTE: If the package is a dependency of another package you
      will be notified of the dependent packages.  You should
      use the --force-removal-of-dependent-packages option to
      also remove the dependent packages as well
***************************************************************
***************************************************************
 _____                    _____           _         _   
|  _  |___ ___ ___ ___   |  _  |___ ___  |_|___ ___| |_ 
|     |  _| .'| . | . |  |   __|  _| . | | | -_|  _|  _|
|__|__|_| |__,|_  |___|  |__|  |_| |___|_| |___|___|_|  
              |___|                    |___|            
Arago Project http://arago-project.org am37x-evm ttyO0
Arago 2011.09 am37x-evm ttyO0
am37x-evm login: 
- 01:23:31 [INFO] Host: root
- 01:23:31 [INFO] Target: 
root
root@am37x-evm:~# 
- 01:23:31 [INFO] Sleeping 15 secs to allow systemd to finish starting processes...
- 01:23:46 [INFO] Disconnected serial from am37x-evm
- 01:23:46 [INFO] Connected to am37x-evm via serial 
- 01:23:46 [INFO] Host: uname -a
- 01:23:46 [INFO] Target: 
uname -a
Linux am37x-evm 4.9.0-rc5-next-20161115-00002-g7fbcfcfcdce9 #3 SMP Tue Nov 15 00:20:06 CST 2016 armv7l unknown
root@am37x-evm:~# 
- 01:23:46 [INFO] Host: cat /proc/cmdline
- 01:23:47 [INFO] Target: 
cat /proc/cmdline
console=ttyO0,115200n8 earlyprintk=serial,ttyO0,115200n8   ip=:::::eth0:dhcp  root=/dev/mmcblk0p2 rw rootfstype=ext3 rootwait 
root@am37x-evm:~# 
- 01:23:47 [INFO] Host: uname -a
- 01:23:47 [INFO] Target: 
uname -a
Linux am37x-evm 4.9.0-rc5-next-20161115-00002-g7fbcfcfcdce9 #3 SMP Tue Nov 15 00:20:06 CST 2016 armv7l unknown
root@am37x-evm:~# 
- 01:23:47 [INFO] Host: cat /proc/mtd
- 01:23:47 [INFO] Target: 
cat /proc/mtd
dev:    size   erasesize  name
mtd0: 00080000 00020000 "X-Loader"
mtd1: 001c0000 00020000 "U-Boot"
mtd2: 00040000 00020000 "Environment"
mtd3: 00500000 00020000 "Kernel"
mtd4: 1f880000 00020000 "Filesystem"
root@am37x-evm:~# 
- 01:23:47 [INFO] Host: cat /proc/diskstats
- 01:23:47 [INFO] Target: 
cat /proc/diskstats
   1       0 ram0 0 0 0 0 0 0 0 0 0 0 0
   1       1 ram1 0 0 0 0 0 0 0 0 0 0 0
   1       2 ram2 0 0 0 0 0 0 0 0 0 0 0
   1       3 ram3 0 0 0 0 0 0 0 0 0 0 0
   1       4 ram4 0 0 0 0 0 0 0 0 0 0 0
   1       5 ram5 0 0 0 0 0 0 0 0 0 0 0
   1       6 ram6 0 0 0 0 0 0 0 0 0 0 0
   1       7 ram7 0 0 0 0 0 0 0 0 0 0 0
   1       8 ram8 0 0 0 0 0 0 0 0 0 0 0
   1       9 ram9 0 0 0 0 0 0 0 0 0 0 0
   1      10 ram10 0 0 0 0 0 0 0 0 0 0 0
   1      11 ram11 0 0 0 0 0 0 0 0 0 0 0
   1      12 ram12 0 0 0 0 0 0 0 0 0 0 0
   1      13 ram13 0 0 0 0 0 0 0 0 0 0 0
   1      14 ram14 0 0 0 0 0 0 0 0 0 0 0
   1      15 ram15 0 0 0 0 0 0 0 0 0 0 0
   7       0 loop0 0 0 0 0 0 0 0 0 0 0 0
   7       1 loop1 0 0 0 0 0 0 0 0 0 0 0
   7       2 loop2 0 0 0 0 0 0 0 0 0 0 0
   7       3 loop3 0 0 0 0 0 0 0 0 0 0 0
   7       4 loop4 0 0 0 0 0 0 0 0 0 0 0
   7       5 loop5 0 0 0 0 0 0 0 0 0 0 0
   7       6 loop6 0 0 0 0 0 0 0 0 0 0 0
   7       7 loop7 0 0 0 0 0 0 0 0 0 0 0
  31       0 mtdblock0 53 0 424 3120 0 0 0 0 0 3120 3120
  31       1 mtdblock1 110 0 880 4620 0 0 0 0 0 4610 4610
  31       2 mtdblock2 53 0 424 3120 0 0 0 0 0 3120 3120
  31       3 mtdblock3 117 0 936 4560 0 0 0 0 0 4560 4560
  31       4 mtdblock4 83 0 664 3830 0 0 0 0 0 3830 3830
 179       0 mmcblk0 2183 809 82401 10490 38 44 656 23670 0 12100 34150
 179       1 mmcblk0p1 303 2 3190 1710 0 0 0 0 0 1550 1700
 179       2 mmcblk0p2 1611 774 76293 7890 37 44 648 23600 0 10800 31500
 179       3 mmcblk0p3 259 33 2758 870 1 0 8 70 0 930 930
root@am37x-evm:~# 
- 01:23:47 [INFO] Host: cat /proc/interrupts
- 01:23:47 [INFO] Target: 
cat /proc/interrupts
           CPU0       
 23:          0      INTC   7 Edge      TWL4030-PIH
 25:          0      INTC   9 Edge      l3-debug-irq
 26:          0      INTC  10 Edge      l3-app-irq
 28:          0      INTC  12 Edge      DMA
 29:       2225      INTC  13 Edge      omap-dma-engine
 36:          0      INTC  20 Edge      gpmc
 40:          0      INTC  24 Edge      480bd400.mmu
 45:          0      INTC  29 Edge      48310000.gpio
 46:          0      INTC  30 Edge      49050000.gpio
 47:          0      INTC  31 Edge      49052000.gpio
 48:          0      INTC  32 Edge      49054000.gpio
 49:          0      INTC  33 Edge      49056000.gpio
 50:         17      INTC  34 Edge      49058000.gpio
 53:       4456      INTC  37 Edge      gp_timer
 72:        982      INTC  56 Edge      48070000.i2c
 73:          0      INTC  57 Edge      48072000.i2c
 77:          0      INTC  61 Edge      48060000.i2c
 88:        631      INTC  72 Edge      OMAP UART0
 99:       6775      INTC  83 Edge      mmc0
102:        144      INTC  86 Edge      mmc1
288:         17  49058000.gpio  16 Level     eth0
306:        484      PRCM Edge      pm_wkup
315:         90      PRCM Edge      pinctrl, pinctrl, pinctrl, pm_io
338:          0   pinctrl 338 Edge      4806a000.serial
341:          0   twl4030   0 Edge      twl4030_gpio
346:          0   twl4030   5 Edge      twl4030_power
375:         30   pinctrl 282 Edge      4809c000.mmc
IPI0:          0  CPU wakeup interrupts
IPI1:          0  Timer broadcast interrupts
IPI2:          0  Rescheduling interrupts
IPI3:          0  Function call interrupts
IPI4:          0  CPU stop interrupts
IPI5:          0  IRQ work interrupts
IPI6:          0  completion interrupts
Err:          0
root@am37x-evm:~# 
- 01:23:47 [INFO] Host: cat /proc/softirqs
- 01:23:47 [INFO] Target: 
cat /proc/softirqs
                    CPU0       
          HI:          0
       TIMER:       4088
      NET_TX:          1
      NET_RX:         15
       BLOCK:          0
    IRQ_POLL:          0
     TASKLET:       2259
       SCHED:          0
     HRTIMER:          0
         RCU:       6032
root@am37x-evm:~# 
- 01:23:53 [INFO] Host: export IPERFHOST=192.168.0.1
- 01:23:53 [INFO] Target: 
export IPERFHOST=192.168.0.1
root@am37x-evm:~# 
- 01:23:53 [INFO] Host: export NFS_SERVER=192.168.0.1
- 01:23:53 [INFO] Target: 
export NFS_SERVER=192.168.0.1
root@am37x-evm:~# 
- 01:23:53 [INFO] Host: export NFS_ROOT_PATH=/home/tigtfarm06/NFS_exports/linux/am37x-evm
- 01:23:53 [INFO] Target: 
export NFS_ROOT_PATH=/home/tigtfarm06/NFS_exports/linux/am37x-
root@am37x-evm:~# 
- 01:23:53 [INFO] Host: export AP_SSID=
- 01:23:53 [INFO] Target: 
export AP_SSID=
root@am37x-evm:~# 
- 01:23:53 [INFO] Host: mkdir -p -m 777 /test
- 01:23:53 [INFO] Target: 
mkdir -p -m 777 /test
root@am37x-evm:~# 
- 01:23:53 [INFO] Host: cd /test
- 01:23:53 [INFO] Target: 
cd /test
root@am37x-evm:/test# 
- 01:23:53 [INFO] Host: cat > test.sh << EOF
- 01:23:53 [INFO] Target: 
cat > test.sh << EOF
- 01:23:53 [INFO] Host: failtest() {
- 01:23:53 [INFO] Target: 
failtest() {
- 01:23:53 [INFO] Host:   echo 1 >&3
- 01:23:54 [INFO] Target: 
  echo 1 >&3
- 01:23:54 [INFO] Host: }
- 01:23:54 [INFO] Target: 
- 01:23:54 [INFO] Host: timeout=600
- 01:23:54 [INFO] Target: 
timeout=600
- 01:23:54 [INFO] Host: 
- 01:23:54 [INFO] Target: 
- 01:23:54 [INFO] Host: # Start of user's script logic
- 01:23:54 [INFO] Target: 
# Start of user's script logic
- 01:23:54 [INFO] Host: mount -t proc proc /proc 2>/dev/null;
- 01:23:54 [INFO] Target: 
mount -t proc proc /proc 2>/dev/null;
- 01:23:54 [INFO] Host: 
- 01:23:54 [INFO] Target: 
- 01:23:54 [INFO] Host: mount -t sysfs sys /sys 2>/dev/null;
- 01:23:54 [INFO] Target: 
mount -t sysfs sys /sys 2>/dev/null;
- 01:23:54 [INFO] Host: 
- 01:23:54 [INFO] Target: 
- 01:23:54 [INFO] Host: mount -t debugfs none /sys/kernel/debug 2>/dev/null;
- 01:23:54 [INFO] Target: 
mount -t debugfs none /sys/kernel/debug 2>/dev/null;
- 01:23:54 [INFO] Host: 
- 01:23:55 [INFO] Target: 
- 01:23:55 [INFO] Host: echo 'cpuinfo:';cat /proc/cpuinfo; echo '=======';
- 01:23:55 [INFO] Target: 
echo 'cpuinfo:';cat /proc/cpuinfo; echo '=======';
- 01:23:55 [INFO] Host: 
- 01:23:55 [INFO] Target: 
- 01:23:55 [INFO] Host: echo 'soc info:';head /sys/devices/soc0/* 2>/dev/null; echo '=======';
- 01:23:55 [INFO] Target: 
echo 'soc info:';head /sys/devices/soc0/* 2>/dev/null; echo '=======';
- 01:23:55 [INFO] Host: 
- 01:23:55 [INFO] Target: 
- 01:23:55 [INFO] Host: echo 'DT Model info'; head /proc/device-tree/name /proc/device-tree/model /proc/device-tree/compatible 2>/dev/null;echo; echo '=======';
- 01:23:55 [INFO] Target: 
echo 'DT Model info'; head /proc/device-tree/name /proc/device-tree/model /pro
c/device-tree/compatible 2>/dev/null;echo; echo '=======';
- 01:23:55 [INFO] Host: 
- 01:23:55 [INFO] Target: 
- 01:23:55 [INFO] Host: echo 'interrupts:';cat /proc/interrupts; echo '=======';
- 01:23:55 [INFO] Target: 
echo 'interrupts:';cat /proc/interrupts; echo '=======';
- 01:23:55 [INFO] Host: 
- 01:23:55 [INFO] Target: 
- 01:23:55 [INFO] Host: echo 'Clk_summary:';cat /sys/kernel/debug/clk/clk_summary; echo '=======';
- 01:23:55 [INFO] Target: 
echo 'Clk_summary:';cat /sys/kernel/debug/clk/clk_summary; echo '=======';
- 01:23:55 [INFO] Host: 
- 01:23:56 [INFO] Target: 
- 01:23:56 [INFO] Host: echo "Available frequencies"; cat /sys/devices/system/cpu/cpu0/cpufreq/scaling_available_frequencies 2>/dev/null;echo '=======';
- 01:23:56 [INFO] Target: 
echo "Available frequencies"; cat /sys/devices/system/cpu/cpu0/cpufreq/scaling
_available_frequencies 2>/dev/null;echo '=======';
- 01:23:56 [INFO] Host: 
- 01:23:56 [INFO] Target: 
- 01:23:56 [INFO] Host: TMPF=/tmp/a.\$\$; TMPF2=/tmp/b.\$\$; STR=""
- 01:23:56 [INFO] Target: 
TMPF=/tmp/a.\$\$; TMPF2=/tmp/b.\$\$; STR=""
- 01:23:56 [INFO] Host: 
- 01:23:56 [INFO] Target: 
- 01:23:56 [INFO] Host: cp /dev/kmsg \$TMPF &
- 01:23:56 [INFO] Target: 
cp /dev/kmsg \$TMPF &
- 01:23:56 [INFO] Host: 
- 01:23:56 [INFO] Target: 
- 01:23:56 [INFO] Host: PID=\$! ; sleep 5; kill -9 \$PID
- 01:23:56 [INFO] Target: 
PID=\$! ; sleep 5; kill -9 \$PID
- 01:23:56 [INFO] Host: 
- 01:23:56 [INFO] Target: 
- 01:23:56 [INFO] Host: 
- 01:23:56 [INFO] Target: 
- 01:23:56 [INFO] Host: 
- 01:23:57 [INFO] Target: 
- 01:23:57 [INFO] Host: cat \$TMPF|grep "^0">\$TMPF2; N=\`cat \$TMPF2|wc -l\`; if [ "\$N" -ne 0 ]; then STR="\$STR emerg=\$N";echo "===== EMERGE++";cat \$TMPF2|cut -d ';' -f2;echo "====="; fi
- 01:23:57 [INFO] Target: 
cat \$TMPF|grep "^0">\$TMPF2; N=\`cat \$TMPF2|wc -l\`; if [ "\$N" -ne 0 ]; the
n STR="\$STR emerg=\$N";echo "===== EMERGE++";cat \$TMPF2|cut -d ';' -f2;echo "=
===="; fi
- 01:23:57 [INFO] Host: 
- 01:23:57 [INFO] Target: 
- 01:23:57 [INFO] Host: cat \$TMPF|grep "^1">\$TMPF2; N=\`cat \$TMPF2|wc -l\`; if [ "\$N" -ne 0 ]; then STR="\$STR alert=\$N";echo "===== ALERT ==";cat \$TMPF2|cut -d ';' -f2;echo "====="; fi
- 01:23:57 [INFO] Target: 
cat \$TMPF|grep "^1">\$TMPF2; N=\`cat \$TMPF2|wc -l\`; if [ "\$N" -ne 0 ]; the
n STR="\$STR alert=\$N";echo "===== ALERT ==";cat \$TMPF2|cut -d ';' -f2;echo "=
===="; fi
- 01:23:57 [INFO] Host: 
- 01:23:57 [INFO] Target: 
- 01:23:57 [INFO] Host: cat \$TMPF|grep "^2">\$TMPF2; N=\`cat \$TMPF2|wc -l\`; if [ "\$N" -ne 0 ]; then STR="\$STR crit=\$N";echo "===== CRIT ==";cat \$TMPF2|cut -d ';' -f2;echo "====="; fi
- 01:23:57 [INFO] Target: 
cat \$TMPF|grep "^2">\$TMPF2; N=\`cat \$TMPF2|wc -l\`; if [ "\$N" -ne 0 ]; the
n STR="\$STR crit=\$N";echo "===== CRIT ==";cat \$TMPF2|cut -d ';' -f2;echo "===
=="; fi
- 01:23:57 [INFO] Host: 
- 01:23:57 [INFO] Target: 
- 01:23:57 [INFO] Host: cat \$TMPF|grep "^3">\$TMPF2; N=\`cat \$TMPF2|wc -l\`; if [ "\$N" -ne 0 ]; then STR="\$STR err=\$N";echo "===== ERR ==";cat \$TMPF2|cut -d ';' -f2;echo "=====" ;fi
- 01:23:57 [INFO] Target: 
cat \$TMPF|grep "^3">\$TMPF2; N=\`cat \$TMPF2|wc -l\`; if [ "\$N" -ne 0 ]; the
n STR="\$STR err=\$N";echo "===== ERR ==";cat \$TMPF2|cut -d ';' -f2;echo "=====
" ;fi
- 01:23:57 [INFO] Host: 
- 01:23:57 [INFO] Target: 
- 01:23:57 [INFO] Host: cat \$TMPF|grep "^4">\$TMPF2; N=\`cat \$TMPF2|wc -l\`; if [ "\$N" -ne 0 ]; then STR="\$STR warn=\$N";echo "===== WARN ==";cat \$TMPF2|cut -d ';' -f2;echo "=====" ;fi
- 01:23:57 [INFO] Target: 
cat \$TMPF|grep "^4">\$TMPF2; N=\`cat \$TMPF2|wc -l\`; if [ "\$N" -ne 0 ]; the
n STR="\$STR warn=\$N";echo "===== WARN ==";cat \$TMPF2|cut -d ';' -f2;echo "===
==" ;fi
- 01:23:57 [INFO] Host: 
- 01:23:58 [INFO] Target: 
- 01:23:58 [INFO] Host: rm \$TMPF \$TMPF2; echo "SUM""MARY RESULT: BOOT:" 'PASS: H''ello World' 'B''oard' "Booted" "Boot Log has::::\$STR:"
- 01:23:58 [INFO] Target: 
rm \$TMPF \$TMPF2; echo "SUM""MARY RESULT: BOOT:" 'PASS: H''ello World' 'B''oa
rd' "Booted" "Boot Log has::::\$STR:"
- 01:23:58 [INFO] Host: 
- 01:23:58 [INFO] Target: 
- 01:23:58 [INFO] Host: EOF
- 01:23:58 [INFO] Target: 
root@am37x-evm:/test# 
- 01:23:58 [INFO] Host: cd /test
- 01:23:58 [INFO] Target: 
cd /test
root@am37x-evm:/test# 
- 01:23:58 [INFO] Host: chmod +x test.sh
- 01:23:58 [INFO] Target: 
chmod +x test.sh
root@am37x-evm:/test# 
- 01:23:58 [INFO] Host: ./test.sh 2> stderr.log > stdout.log 3> result.log
- 01:24:04 [INFO] Target: 
./test.sh 2> stderr.log > stdout.log 3> result.log
root@am37x-evm:/test# 
- 01:24:04 [INFO] Host: echo $?
- 01:24:04 [INFO] Target: 
echo $?
root@am37x-evm:/test# 
- 01:24:04 [INFO] Host: cd /test
- 01:24:04 [INFO] Target: 
cd /test
root@am37x-evm:/test# 
- 01:24:04 [INFO] Host: cat stdout.log
- 01:24:09 [INFO] Target: 
cat stdout.log
cpuinfo:
processor	: 0
model name	: ARMv7 Processor rev 2 (v7l)
BogoMIPS	: 594.73
Features	: half thumb fastmult vfp edsp thumbee neon vfpv3 tls vfpd32 
CPU implementer	: 0x41
CPU architecture: 7
CPU variant	: 0x3
CPU part	: 0xc08
CPU revision	: 2
Hardware	: Generic OMAP36xx (Flattened Device Tree)
Revision	: 0000
Serial		: 0000000000000000
=======
soc info:
==> /sys/devices/soc0/deferred_probe <==
==> /sys/devices/soc0/family <==
OMAP3
==> /sys/devices/soc0/machine <==
OMAP3630
==> /sys/devices/soc0/power <==
==> /sys/devices/soc0/revision <==
ES1.2
==> /sys/devices/soc0/subsystem <==
==> /sys/devices/soc0/type <==
==> /sys/devices/soc0/uevent <==
=======
DT Model info
==> /proc/device-tree/name <==
==> /proc/device-tree/model <==
TI OMAP37XX EVM (TMDSEVM3730)
==> /proc/device-tree/compatible <==
ti,omap3-evm-37xxti,omap3630ti,omap3
=======
interrupts:
           CPU0       
 23:          0      INTC   7 Edge      TWL4030-PIH
 25:          0      INTC   9 Edge      l3-debug-irq
 26:          0      INTC  10 Edge      l3-app-irq
 28:          0      INTC  12 Edge      DMA
 29:       2230      INTC  13 Edge      omap-dma-engine
 36:          0      INTC  20 Edge      gpmc
 40:          0      INTC  24 Edge      480bd400.mmu
 45:          0      INTC  29 Edge      48310000.gpio
 46:          0      INTC  30 Edge      49050000.gpio
 47:          0      INTC  31 Edge      49052000.gpio
 48:          0      INTC  32 Edge      49054000.gpio
 49:          0      INTC  33 Edge      49056000.gpio
 50:         17      INTC  34 Edge      49058000.gpio
 53:       4752      INTC  37 Edge      gp_timer
 72:        982      INTC  56 Edge      48070000.i2c
 73:          0      INTC  57 Edge      48072000.i2c
 77:          0      INTC  61 Edge      48060000.i2c
 88:       7624      INTC  72 Edge      OMAP UART0
 99:       6798      INTC  83 Edge      mmc0
102:        144      INTC  86 Edge      mmc1
288:         17  49058000.gpio  16 Level     eth0
306:        872      PRCM Edge      pm_wkup
315:         96      PRCM Edge      pinctrl, pinctrl, pinctrl, pm_io
338:          0   pinctrl 338 Edge      4806a000.serial
341:          0   twl4030   0 Edge      twl4030_gpio
346:          0   twl4030   5 Edge      twl4030_power
375:         32   pinctrl 282 Edge      4809c000.mmc
IPI0:          0  CPU wakeup interrupts
IPI1:          0  Timer broadcast interrupts
IPI2:          0  Rescheduling interrupts
IPI3:          0  Function call interrupts
IPI4:          0  CPU stop interrupts
IPI5:          0  IRQ work interrupts
IPI6:          0  completion interrupts
Err:          0
=======
Clk_summary:
   clock                         enable_cnt  prepare_cnt        rate   accuracy   phase
----------------------------------------------------------------------------------------
 secure_32k_fck                           0            1       32768          0 0  
    wdt1_fck                              0            0       32768          0 0  
    gpt12_fck                             0            1       32768          0 0  
 dummy_ck                                 0            0           0          0 0  
 mcbsp_clks                               0            5           0          0 0  
 sys_altclk                               0            0           0          0 0  
 virt_38_4m_ck                            0            0    38400000          0 0  
 virt_26000000_ck                         1            1    26000000          0 0  
    osc_sys_ck                            1            1    26000000          0 0  
       sys_clkout1                        0            0    26000000          0 0  
       sys_ck                             3           18    13000000          0 0  
          gpt9_fck                        0            1    13000000          0 0  
          gpt8_fck                        0            1    13000000          0 0  
          gpt7_fck                        0            1    13000000          0 0  
          gpt6_fck                        0            1    13000000          0 0  
          gpt5_fck                        0            1    13000000          0 0  
          gpt4_fck                        0            1    13000000          0 0  
          gpt3_fck                        0            1    13000000          0 0  
          gpt2_fck                        0            1    13000000          0 0  
          cpefuse_fck                     0            0    13000000          0 0  
          dpll5_ck                        0            1   120000000          0 0  
             dpll5_m2_ck                  0            1   120000000          0 0  
                dpll5_m2_d20_ck           0            0     6000000          0 0  
                dpll5_m2_d16_ck           0            0     7500000          0 0  
                dpll5_m2_d8_ck            0            0    15000000          0 0  
                dpll5_m2_d4_ck            0            0    30000000          0 0  
                usbhost_120m_fck           0            0   120000000          0 0  
                usbtll_fck                0            1   120000000          0 0  
          sys_d2_ck                       0            0     6500000          0 0  
             usim_fck                     0            0     6500000          0 0  
          modem_fck                       0            0    13000000          0 0  
          dpll2_ck                        0            1   260000000          0 0  
             dpll2_m2_ck                  0            1   260000000          0 0  
                iva2_ck                   0            2   260000000          0 0  
          sr2_fck                         0            1    13000000          0 0  
          sr1_fck                         0            1    13000000          0 0  
          traceclk_src_fck                0            0    13000000          0 0  
             traceclk_fck                 0            0    13000000          0 0  
          emu_src_mux_ck                  0            1    13000000          0 0  
             emu_src_ck                   0            1    13000000          0 0  
                atclk_fck                 0            0    13000000          0 0  
                pclkx2_fck                0            0    13000000          0 0  
                pclk_fck                  0            0     6500000          0 0  
          dss2_alwon_fck                  0            2    13000000          0 0  
          dpll1_ck                        0            1   600000000          0 0  
             dpll1_x2_ck                  0            1  1200000000          0 0  
                dpll1_x2m2_ck             0            1  1200000000          0 0  
                   mpu_ck                 0            1  1200000000          0 0  
                      emu_mpu_alwon_ck           0            0  1200000000          0 0  
                      arm_fck             0            1   600000000          0 0  
          dpll3_ck                        1            1   400000000          0 0  
             dpll3_x2_ck                  0            0   800000000          0 0  
             dpll3_m2_ck                  1            2   400000000          0 0  
                dpll3_m2x2_ck             0            1   800000000          0 0  
                   corex2_fck             0            1   800000000          0 0  
                      ssi_ssr_fck_3430es2           0            1   266666667          0 0  
                         ssi_sst_fck_3430es2           0            0   133333333          0 0  
                      corex2_d5_fck           0            0   160000000          0 0  
                      corex2_d3_fck           0            0   266666666          0 0  
                core_ck                   1            1   400000000          0 0  
                   core_d2_ck             0            0   200000000          0 0  
                      sgx_fck             0            0   200000000          0 0  
                   core_d6_ck             0            0    66666666          0 0  
                   core_d4_ck             0            0   100000000          0 0  
                   core_d3_ck             0            0   133333333          0 0  
                   dpll2_fck              0            0   400000000          0 0  
                   l3_ick                 2            3   200000000          0 0  
                      sgx_ick             0            0   200000000          0 0  
                      mad2d_ick           0            0   200000000          0 0  
                      sad2d_ick           0            1   200000000          0 0  
                      security_l3_ick           0            0   200000000          0 0  
                         pka_ick           0            0   200000000          0 0  
                      core_l3_ick           8           10   200000000          0 0  
                         hsotgusb_ick_3430es2           0            1   200000000          0 0  
                         gpmc_fck           2            2   200000000          0 0  
                         sdrc_ick           1            1   200000000          0 0  
                      l4_ick              7            8   100000000          0 0  
                         usbhost_ick           1            1   100000000          0 0  
                         dss_ick_3430es2           4            6   100000000          0 0  
                         sr_l4_ick           2            2   100000000          0 0  
                         ssi_l4_ick           1            1   100000000          0 0  
                            ssi_ick_3430es2           1            1   100000000          0 0  
                         cam_ick           0            1   100000000          0 0  
                         security_l4_ick2           0            0   100000000          0 0  
                            des1_ick           0            0   100000000          0 0  
                            sha11_ick           0            0   100000000          0 0  
                            rng_ick           0            0   100000000          0 0  
                            aes1_ick           0            0   100000000          0 0  
                         per_l4_ick          15           18   100000000          0 0  
                            mcbsp4_ick           1            1   100000000          0 0  
                            mcbsp3_ick           2            3   100000000          0 0  
                            mcbsp2_ick           2            3   100000000          0 0  
                            gpt2_ick           1            1   100000000          0 0  
                            gpt3_ick           1            1   100000000          0 0  
                            gpt4_ick           1            1   100000000          0 0  
                            gpt5_ick           1            1   100000000          0 0  
                            gpt6_ick           1            1   100000000          0 0  
                            gpt7_ick           1            1   100000000          0 0  
                            gpt8_ick           1            1   100000000          0 0  
                            gpt9_ick           1            1   100000000          0 0  
                            uart4_ick           1            1   100000000          0 0  
                            uart3_ick           1            1   100000000          0 0  
                            wdt3_ick           0            0   100000000          0 0  
                            gpio2_ick           0            1   100000000          0 0  
                            gpio3_ick           0            1   100000000          0 0  
                            gpio4_ick           0            1   100000000          0 0  
                            gpio5_ick           1            1   100000000          0 0  
                            gpio6_ick           1            1   100000000          0 0  
                         core_l4_ick          21           23   100000000          0 0  
                            mmchs3_ick           1            1   100000000          0 0  
                            usbtll_ick           1            1   100000000          0 0  
                            mailboxes_ick           0            1   100000000          0 0  
                            mspro_ick           0            0   100000000          0 0  
                            des2_ick           0            0   100000000          0 0  
                            icr_ick           0            0   100000000          0 0  
                            sha12_ick           1            2   100000000          0 0  
                            aes2_ick           1            2   100000000          0 0  
                            omapctrl_ick           1            1   100000000          0 0  
                            mcbsp1_ick           1            1   100000000          0 0  
                            mcbsp5_ick           1            1   100000000          0 0  
                            gpt10_ick           1            1   100000000          0 0  
                            gpt11_ick           1            1   100000000          0 0  
                            uart1_ick           1            1   100000000          0 0  
                            uart2_ick           1            1   100000000          0 0  
                            i2c1_ick           1            1   100000000          0 0  
                            i2c2_ick           1            1   100000000          0 0  
                            i2c3_ick           1            1   100000000          0 0  
                            mcspi1_ick           1            1   100000000          0 0  
                            mcspi2_ick           1            1   100000000          0 0  
                            mcspi3_ick           1            1   100000000          0 0  
                            mcspi4_ick           1            1   100000000          0 0  
                            hdq_ick           0            1   100000000          0 0  
                            mmchs1_ick           1            1   100000000          0 0  
                            mmchs2_ick           1            1   100000000          0 0  
                         rm_ick           0            0    50000000          0 0  
                   dpll1_fck              0            0   200000000          0 0  
             dpll3_m3_ck                  0            0   200000000          0 0  
                dpll3_m3x2_mul_ck           0            0   400000000          0 0  
                   dpll3_m3x2_ck           0            0   400000000          0 0  
                      emu_core_alwon_ck           0            0   400000000          0 0  
          dpll4_ck                        1            3   864000000          0 0  
             dpll4_x2_ck                  0            0  1728000000          0 0  
             dpll4_m6_ck                  0            0   288000000          0 0  
                dpll4_m6x2_mul_ck           0            0   288000000          0 0  
                   dpll4_m6x2_ck           0            0   288000000          0 0  
                      emu_per_alwon_ck           0            0   288000000          0 0  
             dpll4_m5_ck                  0            0   216000000          0 0  
                dpll4_m5x2_mul_ck           0            0   216000000          0 0  
                   dpll4_m5x2_ck           0            0   216000000          0 0  
                      cam_mclk            0            0   216000000          0 0  
             dpll4_m4_ck                  0            1    96000000          0 0  
                dpll4_m4x2_mul_ck           0            1    96000000          0 0  
                   dpll4_m4x2_ck           0            1    96000000          0 0  
                      dss1_alwon_fck_3430es2           0            4    96000000          0 0  
             dpll4_m3_ck                  0            1    54000000          0 0  
                dpll4_m3x2_mul_ck           0            1    54000000          0 0  
                   dpll4_m3x2_ck           0            1    54000000          0 0  
                      omap_54m_fck           0            1    54000000          0 0  
                         clkout2_src_ck           0            0    54000000          0 0  
