- 07:10:14 [INFO] Starting target session
- 07:10:15 [INFO] Connected to am37x-evm via serial 
- 07:10:15 [INFO] Host: #check prompt
- 07:10:18 [ERROR] On command: #check prompt waiting for #check prompt.+?(?-mix:((?-mix:login:)|[Pp]assword)) >>> error: execution expired
- 07:10:18 [INFO] Target: 
#check prompt
/test # 
- 07:10:18 [INFO] Host: #check prompt
- 07:10:20 [ERROR] On command: #check prompt waiting for #check prompt.+?(?-mix:root@.+[@:#]+) >>> error: execution expired
- 07:10:20 [INFO] Target: 
#check prompt
/test # 
- 07:10:20 [INFO] Host: #check prompt
- 07:10:22 [ERROR] On command: #check prompt waiting for #check prompt.+?(?-mix:root@.+[@:#]+) >>> error: execution expired
- 07:10:22 [INFO] Target: 
#check prompt
/test # 
- 07:10:22 [INFO] Host: #check prompt
- 07:10:24 [ERROR] On command: #check prompt waiting for #check prompt.+?(?-mix:root@.+[@:#]+) >>> error: execution expired
- 07:10:24 [INFO] Target: 
#check prompt
/test # 
- 07:10:24 [INFO] Disconnected serial from am37x-evm
- 07:10:25 [INFO] Connected to am37x-evm via serial 
- 07:10:25 [INFO] Host: 
- 07:10:27 [INFO] Target: 
U-Boot SPL 2015.07-00043-gaada495 (Nov 09 2015 - 12:23:36)
reading u-boot.img
reading u-boot.img
U-Boot 2015.07-00043-gaada495 (Nov 09 2015 - 12:23:36 -0500)
OMAP3630/3730-GP ES1.2, CPU-OPP2, L3-200MHz, Max CPU Clock 1 Ghz
OMAP3 EVM board + LPDDR/NAND
I2C:   ready
DRAM:  256 MiB
NAND:  512 MiB
MMC:   OMAP SD/MMC: 0
Error: Bad compare! failed
NAND read from offset 260000 failed -74
*** Warning - readenv() failed, using default environment
In:    serial
Out:   serial
Err:   serial
Read back SMSC id 0x92200000
Die ID #16d400029ff80000015f02690c019016
Net:   smc911x-0
Warning: Your board does not use generic board. Please read
doc/README.generic-board and take action. Boards not
upgraded by the late 2014 may break or be removed.
Hit any key to stop autoboot:  3  0 
OMAP3_EVM # 
OMAP3_EVM #  
OMAP3_EVM #  
OMAP3_EVM #  
OMAP3_EVM #  
OMAP3_EVM # 
- 07:10:27 [INFO] Host: 
- 07:10:27 [INFO] Target: 
OMAP3_EVM # 
- 07:10:27 [INFO] Host: version
- 07:10:27 [INFO] Target: 
OMAP3_EVM # version
U-Boot 2015.07-00043-gaada495 (Nov 09 2015 - 12:23:36 -0500)
arm-linux-gnueabihf-gcc (crosstool-NG linaro-1.13.1-4.7-2013.03-20130313 - Linaro GCC 2013.03) 4.7.3 20130226 (prerelease)
GNU ld (crosstool-NG linaro-1.13.1-4.7-2013.03-20130313 - Linaro GCC 2013.03) 2.23.1
OMAP3_EVM # 
- 07:10:27 [INFO] Host: setenv bootargs 'console=ttyO0,115200n8 earlyprintk=serial,ttyO0,115200n8  '
- 07:10:27 [INFO] Target: 
setenv bootargs 'console=ttyO0,115200n8 earlyprintk=serial,ttyO0,115200n8  '
OMAP3_EVM # 
- 07:10:27 [INFO] Host: setenv bootcmd  ''
- 07:10:27 [INFO] Target: 
setenv bootcmd  ''
OMAP3_EVM # 
- 07:10:27 [INFO] Host: setenv autoload 'no'
- 07:10:27 [INFO] Target: 
setenv autoload 'no'
OMAP3_EVM # 
- 07:10:27 [INFO] Host: setenv serverip '192.168.0.1'
- 07:10:27 [INFO] Target: 
setenv serverip '192.168.0.1'
OMAP3_EVM # 
- 07:10:27 [INFO] Host: setenv _initramfs -
- 07:10:27 [INFO] Target: 
setenv _initramfs -
OMAP3_EVM # 
- 07:10:27 [INFO] Host: printenv
- 07:10:27 [INFO] Target: 
printenv
_initramfs=-
autoload=no
baudrate=115200
bootargs=console=ttyO0,115200n8 earlyprintk=serial,ttyO0,115200n8  
bootcmd=
bootdelay=3
bootfile=uImage
bootscript=echo Running bootscript from mmc ...; source ${loadaddr}
console=ttyO0,115200n8
dieid#=16d400029ff80000015f02690c019016
ethact=smc911x-0
ethaddr=00:50:c2:7e:93:ba
loadaddr=0x82000000
loadbootscript=fatload mmc ${mmcdev} ${loadaddr} boot.scr
loaduimage=fatload mmc ${mmcdev} ${loadaddr} uImage
mmcargs=setenv bootargs console=${console} root=/dev/mmcblk0p2 rw rootfstype=ext3 rootwait
mmcboot=echo Booting from mmc ...; run mmcargs; bootm ${loadaddr}
mmcdev=0
nandargs=setenv bootargs console=${console} root=/dev/mtdblock4 rw rootfstype=jffs2
nandboot=echo Booting from nand ...; run nandargs; onenand read ${loadaddr} 280000 400000; bootm ${loadaddr}
serverip=192.168.0.1
stderr=serial
stdin=serial
stdout=serial
usbtty=cdc_acm
Environment size: 937/131068 bytes
OMAP3_EVM # 
- 07:10:27 [INFO] Host: printenv
- 07:10:27 [INFO] Target: 
printenv
_initramfs=-
autoload=no
baudrate=115200
bootargs=console=ttyO0,115200n8 earlyprintk=serial,ttyO0,115200n8  
bootcmd=
bootdelay=3
bootfile=uImage
bootscript=echo Running bootscript from mmc ...; source ${loadaddr}
console=ttyO0,115200n8
dieid#=16d400029ff80000015f02690c019016
ethact=smc911x-0
ethaddr=00:50:c2:7e:93:ba
loadaddr=0x82000000
loadbootscript=fatload mmc ${mmcdev} ${loadaddr} boot.scr
loaduimage=fatload mmc ${mmcdev} ${loadaddr} uImage
mmcargs=setenv bootargs console=${console} root=/dev/mmcblk0p2 rw rootfstype=ext3 rootwait
mmcboot=echo Booting from mmc ...; run mmcargs; bootm ${loadaddr}
mmcdev=0
nandargs=setenv bootargs console=${console} root=/dev/mtdblock4 rw rootfstype=jffs2
nandboot=echo Booting from nand ...; run nandargs; onenand read ${loadaddr} 280000 400000; bootm ${loadaddr}
serverip=192.168.0.1
stderr=serial
stdin=serial
stdout=serial
usbtty=cdc_acm
Environment size: 937/131068 bytes
OMAP3_EVM # 
- 07:10:27 [INFO] Host: setenv bootargs ''${bootargs}' ip=:::::eth0:dhcp '
- 07:10:28 [INFO] Target: 
setenv bootargs ''${bootargs}' ip=:::::eth0:dhcp '
OMAP3_EVM # 
- 07:10:28 [INFO] Host: setenv serverip '192.168.0.1'
- 07:10:28 [INFO] Target: 
setenv serverip '192.168.0.1'
OMAP3_EVM # 
- 07:10:28 [INFO] Host: setenv autoload 'no'
- 07:10:28 [INFO] Target: 
setenv autoload 'no'
OMAP3_EVM # 
- 07:10:28 [INFO] Host: dhcp
- 07:10:30 [INFO] Target: 
dhcp
smc911x: MAC 00:50:c2:7e:93:ba
smc911x: detected LAN9220 controller
smc911x: phy initialized
smc911x: MAC 00:50:c2:7e:93:ba
BOOTP broadcast 1
BOOTP broadcast 2
BOOTP broadcast 3
DHCP client bound to address 192.168.0.106 (1062 ms)
smc911x: MAC 00:50:c2:7e:93:ba
OMAP3_EVM # 
- 07:10:30 [INFO] Host: tftp ${loadaddr} 192.168.0.1:vatf_am37x-evm/e326ecb63e57fee8bfa999910a6875c6
- 07:10:33 [INFO] Target: 
tftp ${loadaddr} 192.168.0.1:vatf_am37x-evm/e326ecb63e57fee8bfa999910a6875c6
smc911x: MAC 00:50:c2:7e:93:ba
smc911x: detected LAN9220 controller
smc911x: phy initialized
smc911x: MAC 00:50:c2:7e:93:ba
Using smc911x-0 device
TFTP from server 192.168.0.1; our IP address is 192.168.0.106
Filename 'vatf_am37x-evm/e326ecb63e57fee8bfa999910a6875c6'.
Load address: 0x82000000
Loading: *#################################################################
	 #################################################################
	 #################################################################
	 #################################################################
	 ######
	 3.3 MiB/s
done
Bytes transferred = 3900704 (3b8520 hex)
smc911x: MAC 00:50:c2:7e:93:ba
OMAP3_EVM # 
- 07:10:33 [INFO] Host: ls mmc 0:1
- 07:10:33 [INFO] Target: 
ls mmc 0:1
ls - list files in a directory (default /)
Usage:
ls [ directory ]
OMAP3_EVM # 
- 07:10:33 [INFO] Host: ls mmc 0:2
- 07:10:33 [INFO] Target: 
ls mmc 0:2
ls - list files in a directory (default /)
Usage:
ls [ directory ]
OMAP3_EVM # 
- 07:10:33 [INFO] Host: ls mmc 0:3
- 07:10:34 [INFO] Target: 
ls mmc 0:3
ls - list files in a directory (default /)
Usage:
ls [ directory ]
OMAP3_EVM # 
- 07:10:34 [INFO] Host: ls mmc 0:4
- 07:10:34 [INFO] Target: 
ls mmc 0:4
ls - list files in a directory (default /)
Usage:
ls [ directory ]
OMAP3_EVM # 
- 07:10:34 [INFO] Host: ls mmc 0:5
- 07:10:34 [INFO] Target: 
ls mmc 0:5
ls - list files in a directory (default /)
Usage:
ls [ directory ]
OMAP3_EVM # 
- 07:10:34 [INFO] Host: part uuid mmc 0:
- 07:10:34 [INFO] Target: 
part uuid mmc 0:
Unknown command 'part' - try 'help'
OMAP3_EVM # 
- 07:10:34 [INFO] Host: printenv
- 07:10:34 [INFO] Target: 
printenv
_initramfs=-
autoload=no
baudrate=115200
bootargs=console=ttyO0,115200n8 earlyprintk=serial,ttyO0,115200n8   ip=:::::eth0:dhcp 
bootcmd=
bootdelay=3
bootfile=uImage
bootscript=echo Running bootscript from mmc ...; source ${loadaddr}
console=ttyO0,115200n8
dieid#=16d400029ff80000015f02690c019016
ethact=smc911x-0
ethaddr=00:50:c2:7e:93:ba
fileaddr=82000000
filesize=3b8520
gatewayip=192.168.0.1
ipaddr=192.168.0.106
loadaddr=0x82000000
loadbootscript=fatload mmc ${mmcdev} ${loadaddr} boot.scr
loaduimage=fatload mmc ${mmcdev} ${loadaddr} uImage
mmcargs=setenv bootargs console=${console} root=/dev/mmcblk0p2 rw rootfstype=ext3 rootwait
mmcboot=echo Booting from mmc ...; run mmcargs; bootm ${loadaddr}
mmcdev=0
nandargs=setenv bootargs console=${console} root=/dev/mtdblock4 rw rootfstype=jffs2
nandboot=echo Booting from nand ...; run nandargs; onenand read ${loadaddr} 280000 400000; bootm ${loadaddr}
netmask=255.255.255.0
serverip=192.168.0.1
stderr=serial
stdin=serial
stdout=serial
usbtty=cdc_acm
Environment size: 1065/131068 bytes
OMAP3_EVM # 
- 07:10:34 [INFO] Host: setenv bootargs ''${bootargs}' root=/dev/mmcblk0p2 rw rootfstype=ext3 rootwait '
- 07:10:34 [INFO] Target: 
setenv bootargs ''${bootargs}' root=/dev/mmcblk0p2 rw rootfstype=ext3 rootwait '
OMAP3_EVM # 
- 07:10:34 [INFO] Host: printenv
- 07:10:34 [INFO] Target: 
printenv
_initramfs=-
autoload=no
baudrate=115200
bootargs=console=ttyO0,115200n8 earlyprintk=serial,ttyO0,115200n8   ip=:::::eth0:dhcp  root=/dev/mmcblk0p2 rw rootfstype=ext3 rootwait 
bootcmd=
bootdelay=3
bootfile=uImage
bootscript=echo Running bootscript from mmc ...; source ${loadaddr}
console=ttyO0,115200n8
dieid#=16d400029ff80000015f02690c019016
ethact=smc911x-0
ethaddr=00:50:c2:7e:93:ba
fileaddr=82000000
filesize=3b8520
gatewayip=192.168.0.1
ipaddr=192.168.0.106
loadaddr=0x82000000
loadbootscript=fatload mmc ${mmcdev} ${loadaddr} boot.scr
loaduimage=fatload mmc ${mmcdev} ${loadaddr} uImage
mmcargs=setenv bootargs console=${console} root=/dev/mmcblk0p2 rw rootfstype=ext3 rootwait
mmcboot=echo Booting from mmc ...; run mmcargs; bootm ${loadaddr}
mmcdev=0
nandargs=setenv bootargs console=${console} root=/dev/mtdblock4 rw rootfstype=jffs2
nandboot=echo Booting from nand ...; run nandargs; onenand read ${loadaddr} 280000 400000; bootm ${loadaddr}
netmask=255.255.255.0
serverip=192.168.0.1
stderr=serial
stdin=serial
stdout=serial
usbtty=cdc_acm
Environment size: 1114/131068 bytes
OMAP3_EVM # 
- 07:10:34 [INFO] Host: setenv bootcmd ''${bootcmd}' if iminfo ${loadaddr}; then bootm ${loadaddr} ${_initramfs} ; else bootz ${loadaddr} ${_initramfs} ; bootm ${loadaddr} ${_initramfs} ; fi'
- 07:10:34 [INFO] Target: 
setenv bootcmd ''${bootcmd}' if iminfo ${loadaddr}; then bootm ${loadaddr} ${_initramfs} ; else bootz ${loadaddr} ${_initramfs} ; bootm ${loadaddr} ${_initramfs} ; fi'
OMAP3_EVM # 
- 07:10:34 [INFO] Host: version
- 07:10:34 [INFO] Target: 
version
U-Boot 2015.07-00043-gaada495 (Nov 09 2015 - 12:23:36 -0500)
arm-linux-gnueabihf-gcc (crosstool-NG linaro-1.13.1-4.7-2013.03-20130313 - Linaro GCC 2013.03) 4.7.3 20130226 (prerelease)
GNU ld (crosstool-NG linaro-1.13.1-4.7-2013.03-20130313 - Linaro GCC 2013.03) 2.23.1
OMAP3_EVM # 
- 07:10:34 [INFO] Host: bdinfo
- 07:10:35 [INFO] Target: 
bdinfo
arch_number = 0x000005FF
boot_params = 0x80000100
DRAM bank   = 0x00000000
-> start    = 0x80000000
-> size     = 0x10000000
DRAM bank   = 0x00000001
-> start    = 0x90000000
-> size     = 0x00000000
eth0name    = smc911x-0
ethaddr     = 00:50:c2:7e:93:ba
current eth = smc911x-0
ip_addr     = 192.168.0.106
baudrate    = 115200 bps
TLB addr    = 0x8FFF0000
relocaddr   = 0x8FF61000
reloc off   = 0x0FE61000
irq_sp      = 0x8FF00F24
sp start    = 0x8FF00F18
OMAP3_EVM # 
- 07:10:35 [INFO] Host: mmc rescan; echo $?
- 07:10:35 [INFO] Target: 
mmc rescan; echo $?
OMAP3_EVM # 
- 07:10:35 [INFO] Host: fatwrite mmc ${mmcdev}:1 ${loadaddr} ws-calibrate.rules 4
- 07:10:35 [INFO] Target: 
fatwrite mmc ${mmcdev}:1 ${loadaddr} ws-calibrate.rules 4
Unknown command 'fatwrite' - try 'help'
OMAP3_EVM # 
- 07:10:35 [INFO] Host: boot
- 07:11:18 [INFO] Target: 
boot
Unknown command 'iminfo' - try 'help'
Unknown command 'bootz' - try 'help'
## Booting kernel from Legacy Image at 82000000 ...
   Image Name:   Linux-4.8.0-rc6-next-20160915-00
   Image Type:   ARM Linux Kernel Image (uncompressed)
   Data Size:    3900640 Bytes = 3.7 MiB
   Load Address: 81000000
   Entry Point:  81000000
   Verifying Checksum ... OK
   Loading Kernel Image ... OK
Starting kernel ...
[    0.000000] Booting Linux on physical CPU 0x0
[    0.000000] Linux version 4.8.0-rc6-next-20160915-00002-gf396e0658e5f (nmenon@horus) (gcc version 4.9.3 20150413 (prerelease) (Linaro GCC 4.9-2015.05) ) #3 SMP Thu Sep 15 06:35:26 CDT 2016
[    0.000000] CPU: ARMv7 Processor [413fc082] revision 2 (ARMv7), cr=10c5387d
[    0.000000] CPU: PIPT / VIPT nonaliasing data cache, VIPT aliasing instruction cache
[    0.000000] OF: fdt:Machine model: TI OMAP37XX EVM (TMDSEVM3730)
[    0.000000] cma: Reserved 16 MiB at 0x8e800000
[    0.000000] Memory policy: Data cache writeback
[    0.000000] CPU: All CPU(s) started in SVC mode.
[    0.000000] OMAP3630 ES1.2 (l2cache iva sgx neon isp 192mhz_clk )
[    0.000000] percpu: Embedded 15 pages/cpu @cfb34000 s31808 r8192 d21440 u61440
[    0.000000] Built 1 zonelists in Zone order, mobility grouping on.  Total pages: 64448
[    0.000000] Kernel command line: console=ttyO0,115200n8 earlyprintk=serial,ttyO0,115200n8   ip=:::::eth0:dhcp  root=/dev/mmcblk0p2 rw rootfstype=ext3 rootwait 
[    0.000000] PID hash table entries: 1024 (order: 0, 4096 bytes)
[    0.000000] Dentry cache hash table entries: 32768 (order: 5, 131072 bytes)
[    0.000000] Inode-cache hash table entries: 16384 (order: 4, 65536 bytes)
[    0.000000] Memory: 220412K/260096K available (7168K kernel code, 765K rwdata, 2376K rodata, 1024K init, 8122K bss, 23300K reserved, 16384K cma-reserved, 0K highmem)
[    0.000000] Virtual kernel memory layout:
[    0.000000]     vector  : 0xffff0000 - 0xffff1000   (   4 kB)
[    0.000000]     fixmap  : 0xffc00000 - 0xfff00000   (3072 kB)
[    0.000000]     vmalloc : 0xd0800000 - 0xff800000   ( 752 MB)
[    0.000000]     lowmem  : 0xc0000000 - 0xd0000000   ( 256 MB)
[    0.000000]     pkmap   : 0xbfe00000 - 0xc0000000   (   2 MB)
[    0.000000]     modules : 0xbf000000 - 0xbfe00000   (  14 MB)
[    0.000000]       .text : 0xc0008000 - 0xc0800000   (8160 kB)
[    0.000000]       .init : 0xc0b00000 - 0xc0c00000   (1024 kB)
[    0.000000]       .data : 0xc0c00000 - 0xc0cbf4b4   ( 766 kB)
[    0.000000]        .bss : 0xc0cc1000 - 0xc14af840   (8123 kB)
[    0.000000] Running RCU self tests
[    0.000000] Hierarchical RCU implementation.
[    0.000000] 	RCU lockdep checking is enabled.
[    0.000000] 	Build-time adjustment of leaf fanout to 32.
[    0.000000] 	RCU restricting CPUs from NR_CPUS=2 to nr_cpu_ids=1.
[    0.000000] RCU: Adjusting geometry for rcu_fanout_leaf=32, nr_cpu_ids=1
[    0.000000] NR_IRQS:16 nr_irqs:16 16
[    0.000000] IRQ: Found an INTC at 0xfa200000 (revision 4.0) with 96 interrupts
[    0.000000] Clocking rate (Crystal/Core/MPU): 26.0/400/600 MHz
[    0.000000] OMAP clockevent source: timer1 at 32768 Hz
[    0.000000] clocksource: 32k_counter: mask: 0xffffffff max_cycles: 0xffffffff, max_idle_ns: 58327039986419 ns
[    0.000030] sched_clock: 32 bits at 32kHz, resolution 30517ns, wraps every 65535999984741ns
[    0.000030] OMAP clocksource: 32k_counter at 32768 Hz
[    0.001800] Console: colour dummy device 80x30
[    0.001892] Lock dependency validator: Copyright (c) 2006 Red Hat, Inc., Ingo Molnar
[    0.001892] ... MAX_LOCKDEP_SUBCLASSES:  8
[    0.001922] ... MAX_LOCK_DEPTH:          48
[    0.001922] ... MAX_LOCKDEP_KEYS:        8191
[    0.001922] ... CLASSHASH_SIZE:          4096
[    0.001953] ... MAX_LOCKDEP_ENTRIES:     32768
[    0.001953] ... MAX_LOCKDEP_CHAINS:      65536
[    0.001983] ... CHAINHASH_SIZE:          32768
[    0.001983]  memory used by lock dependency info: 5167 kB
[    0.002014]  per task-struct memory footprint: 1536 bytes
[    0.002044] Calibrating delay loop... 594.73 BogoMIPS (lpj=2973696)
[    0.105926] pid_max: default: 32768 minimum: 301
[    0.106628] Security Framework initialized
[    0.106872] Mount-cache hash table entries: 1024 (order: 0, 4096 bytes)
[    0.106903] Mountpoint-cache hash table entries: 1024 (order: 0, 4096 bytes)
[    0.112030] CPU: Testing write buffer coherency: ok
[    0.114166] CPU0: thread -1, cpu 0, socket -1, mpidr 0
[    0.114257] Setting up static identity map for 0x80100000 - 0x80100070
[    0.120819] Brought up 1 CPUs
[    0.120849] SMP: Total of 1 processors activated (594.73 BogoMIPS).
[    0.120849] CPU: All CPU(s) started in SVC mode.
[    0.121429] span: 0 (max cpu_capacity = 1024)
[    0.126892] devtmpfs: initialized
[    0.261352] VFP support v0.3: implementor 41 architecture 3 part 30 variant c rev 3
[    0.262664] clocksource: jiffies: mask: 0xffffffff max_cycles: 0xffffffff, max_idle_ns: 19112604462750000 ns
[    0.264495] pinctrl core: initialized pinctrl subsystem
[    0.272155] NET: Registered protocol family 16
[    0.281616] DMA: preallocated 256 KiB pool for atomic coherent allocations
[    0.373046] omap_hwmod: mcbsp2_sidetone using broken dt data from mcbsp
[    0.375732] omap_hwmod: mcbsp3_sidetone using broken dt data from mcbsp
[    0.511322] cpuidle: using governor menu
[    0.512176] Reprogramming SDRC clock to 400000000 Hz
[    0.538848] OMAP GPIO hardware version 2.5
[    0.595458] irq: no irq domain found for /ocp@68000000/l4@48000000/scm@2000/pinmux@30 !
[    0.596588] irq: no irq domain found for /ocp@68000000/l4@48000000/scm@2000/pinmux@30 !
[    0.597595] irq: no irq domain found for /ocp@68000000/l4@48000000/scm@2000/pinmux@30 !
[    0.607238] irq: no irq domain found for /ocp@68000000/l4@48000000/scm@2000/pinmux@30 !
[    0.627624] omap-gpmc 6e000000.gpmc: GPMC revision 5.0
[    0.627899] gpmc_mem_init: disabling cs 0 mapped at 0x0-0x1000000
[    0.647766] No ATAGs?
[    0.647796] hw-breakpoint: debug architecture 0x4 unsupported.
[    0.649200] omap4_sram_init:Unable to allocate sram needed to handle errata I688
[    0.649230] omap4_sram_init:Unable to get sram pool needed to handle errata I688
[    0.651092] OMAP DMA hardware revision 5.0
[    0.743194] omap-dma-engine 48056000.dma-controller: OMAP DMA engine driver (LinkedList1/2/3 supported)
[    0.747985] reg-fixed-voltage wl12xx_vmmc: could not find pctldev for node /ocp@68000000/l4@48000000/scm@2000/pinmux@30/pinmux_wl12xx_gpio, deferring probe
[    0.756774] omap-iommu 480bd400.mmu: 480bd400.mmu registered
[    0.758605] SCSI subsystem initialized
[    0.764099] omap_i2c 48070000.i2c: bus 0 rev4.4 at 2600 kHz
[    0.766510] omap_i2c 48072000.i2c: bus 1 rev4.4 at 400 kHz
[    0.768981] omap_i2c 48060000.i2c: bus 2 rev4.4 at 400 kHz
[    0.769683] pps_core: LinuxPPS API ver. 1 registered
[    0.769683] pps_core: Software ver. 5.3.6 - Copyright 2005-2007 Rodolfo Giometti <giometti@linux.it>
[    0.769775] PTP clock support registered
[    0.776611] clocksource: Switched to clocksource 32k_counter
[    0.944091] VFS: Disk quotas dquot_6.6.0
[    0.944366] VFS: Dquot-cache hash table entries: 1024 (order 0, 4096 bytes)
[    0.995178] NET: Registered protocol family 2
[    0.998229] TCP established hash table entries: 2048 (order: 1, 8192 bytes)
[    0.998321] TCP bind hash table entries: 2048 (order: 4, 73728 bytes)
[    0.999328] TCP: Hash tables configured (established 2048 bind 2048)
[    0.999572] UDP hash table entries: 256 (order: 2, 20480 bytes)
[    0.999847] UDP-Lite hash table entries: 256 (order: 2, 20480 bytes)
[    1.001129] NET: Registered protocol family 1
[    1.003936] RPC: Registered named UNIX socket transport module.
[    1.003997] RPC: Registered udp transport module.
[    1.003997] RPC: Registered tcp transport module.
[    1.004028] RPC: Registered tcp NFSv4.1 backchannel transport module.
[    1.012084] hw perfevents: enabled with armv7_cortex_a8 PMU driver, 5 counters available
[    1.020751] futex hash table entries: 256 (order: 2, 16384 bytes)
[    1.021057] audit: initializing netlink subsys (disabled)
[    1.021362] audit: type=2000 audit(1.010:1): initialized
[    1.027374] workingset: timestamp_bits=14 max_order=16 bucket_order=2
[    1.031219] NFS: Registering the id_resolver key type
[    1.031738] Key type id_resolver registered
[    1.031738] Key type id_legacy registered
[    1.031982] jffs2: version 2.2. (NAND) (SUMMARY)   2001-2006 Red Hat, Inc.
[    1.040222] io scheduler noop registered
[    1.040252] io scheduler deadline registered
[    1.040405] io scheduler cfq registered (default)
[    1.044128] pinctrl-single 48002030.pinmux: 284 pins at pa fa002030 size 568
[    1.044921] pinctrl-single 48002a00.pinmux: 46 pins at pa fa002a00 size 92
[    1.046081] pinctrl-single 480025a0.pinmux: 46 pins at pa fa0025a0 size 92
[    1.054321] Serial: 8250/16550 driver, 4 ports, IRQ sharing enabled
[    1.065734] 4806a000.serial: ttyO0 at MMIO 0x4806a000 (irq = 88, base_baud = 3000000) is a OMAP UART0
[    1.871246] console [ttyO0] enabled
[    1.878326] 4806c000.serial: ttyO1 at MMIO 0x4806c000 (irq = 89, base_baud = 3000000) is a OMAP UART1
[    1.891174] 49020000.serial: ttyO2 at MMIO 0x49020000 (irq = 90, base_baud = 3000000) is a OMAP UART2
[    1.903320] omap_uart 49042000.serial: no wakeirq for uart3
[    1.909790] 49042000.serial: ttyO3 at MMIO 0x49042000 (irq = 96, base_baud = 3000000) is a OMAP UART3
[    1.979064] brd: module loaded
[    2.017608] loop: module loaded
[    2.057098] random: fast init done
[    2.061859] twl 0-0048: PIH (irq 23) chaining IRQs 341..349
[    2.068328] twl 0-0048: power (irq 346) chaining IRQs 349..356
[    2.133880] VPLL2: Bringing 1300000uV into 1800000-1800000uV
[    2.152069] twl4030_gpio twl4030-gpio: gpio (irq 341) chaining IRQs 357..374
[    2.242126] mtdoops: mtd device (mtddev=name/number) must be supplied
[    2.251983] nand: Could not find valid ONFI parameter page; aborting
[    2.258819] nand: device found, Manufacturer ID: 0xad, Chip ID: 0xbc
[    2.265502] nand: Hynix NAND 512MiB 1,8V 16-bit
[    2.270294] nand: 512 MiB, SLC, erase size: 128 KiB, page size: 2048, OOB size: 64
[    2.278289] nand: using OMAP_ECC_BCH8_CODE_HW_DETECTION_SW
[    2.286865] 5 ofpart partitions found on MTD device 30000000.nand
[    2.293273] Creating 5 MTD partitions on "30000000.nand":
[    2.299041] 0x000000000000-0x000000080000 : "X-Loader"
[    2.314147] 0x000000080000-0x000000240000 : "U-Boot"
[    2.327178] 0x000000240000-0x000000280000 : "Environment"
[    2.339324] 0x000000280000-0x000000780000 : "Kernel"
[    2.354919] 0x000000780000-0x000020000000 : "Filesystem"
[    2.803375] libphy: Fixed MDIO Bus: probed
[    2.872131] libphy: smsc911x-mdio: probed
[    2.879638] smsc911x 2c000000.ethernet eth0: MAC Address: 00:50:c2:7e:93:ba
[    2.892639] mousedev: PS/2 mouse device common for all mice
[    2.898651] i2c /dev entries driver
[    2.983245] ledtrig-cpu: registered to indicate activity on CPUs
[    2.994140] oprofile: using arm/armv7
[    2.999023] Initializing XFRM netlink socket
[    3.004119] NET: Registered protocol family 10
[    3.016784] sit: IPv6, IPv4 and MPLS over IPv4 tunneling driver
[    3.026794] NET: Registered protocol family 17
[    3.031585] NET: Registered protocol family 15
[    3.036865] Key type dns_resolver registered
[    3.041748] omap2_set_init_voltage: unable to find boot up OPP for vdd_mpu_iva
[    3.049438] omap2_set_init_voltage: unable to set vdd_mpu_iva
[    3.055511] omap2_set_init_voltage: unable to find boot up OPP for vdd_core
[    3.062866] omap2_set_init_voltage: unable to set vdd_core
[    3.073699] ThumbEE CPU extension supported.
[    3.078338] Registering SWP/SWPB emulation handler
[    3.083404] SmartReflex Class3 initialized
[    3.099456] vwl1271: supplied by VMMC2
[    3.237243] mmc0: host does not support reading read-only switch, assuming write-enable
[    3.247955] mmc0: new high speed SDHC card at address b368
[    3.260192] hctosys: unable to open rtc device (rtc0)
[    3.265502] sr_init: No PMIC hook to init smartreflex
[    3.271575] smartreflex smartreflex.0: omap_sr_probe: SmartReflex driver initialized
[    3.280670] smartreflex smartreflex.1: omap_sr_probe: SmartReflex driver initialized
[    3.371368] mmcblk0: mmc0:b368 SDC   3.75 GiB 
[    3.378387] omap_hsmmc 480b4000.mmc: card claims to support voltages below defined range
[    3.391418]  mmcblk0: p1 p2 p3
[    3.422973] mmc1: new SDIO card at address 0001
[    3.457336] SMSC LAN8700 2c000000.etherne:01: attached PHY driver [SMSC LAN8700] (mii_bus:phy_addr=2c000000.etherne:01, irq=-1)
[    3.473205] smsc911x 2c000000.ethernet eth0: SMSC911x/921x identified at 0xd090e000, IRQ: 288
[    3.482696] IPv6: ADDRCONF(NETDEV_UP): eth0: link is not ready
[    6.576965] IPv6: ADDRCONF(NETDEV_CHANGE): eth0: link becomes ready
[    6.608489] Sending DHCP requests ., OK
[    6.687347] IP-Config: Got DHCP answer from 192.168.0.1, my address is 192.168.0.106
[    6.695465] IP-Config: Complete:
[    6.698974]      device=eth0, hwaddr=00:50:c2:7e:93:ba, ipaddr=192.168.0.106, mask=255.255.255.0, gw=192.168.0.1
[    6.709716]      host=192.168.0.106, domain=tim.com, nis-domain=(none)
[    6.716613]      bootserver=192.168.0.1, rootserver=192.168.0.1, rootpath=     nameserver0=192.0.2.2, nameserver1=192.0.2.3
[    6.729583] lcd_3v3: disabling
[    6.736877] VUSB3V1: disabling
[    6.740661] vwl1271: disabling
[    6.753173] 
[    6.754760] ===============================
[    6.759155] [ INFO: suspicious RCU usage. ]
[    6.763549] 4.8.0-rc6-next-20160915-00002-gf396e0658e5f #3 Not tainted
[    6.770416] -------------------------------
[    6.774810] ./include/trace/events/rpm.h:63 suspicious rcu_dereference_check() usage!
[    6.783020] 
[    6.783020] other info that might help us debug this:
[    6.783020] 
[    6.791442] 
[    6.791442] RCU used illegally from idle CPU!
[    6.791442] rcu_scheduler_active = 1, debug_locks = 0
[    6.802886] RCU used illegally from extended quiescent state!
[    6.808929] 1 lock held by swapper/0/0:
[    6.812957]  #0:  (&(&dev->power.lock)->rlock){-.-...}, at: [<c053c900>] __pm_runtime_suspend+0x50/0x80
[    6.822906] 
[    6.822906] stack backtrace:
[    6.827484] CPU: 0 PID: 0 Comm: swapper/0 Not tainted 4.8.0-rc6-next-20160915-00002-gf396e0658e5f #3
[    6.837066] Hardware name: Generic OMAP36xx (Flattened Device Tree)
[    6.843688] [<c0110064>] (unwind_backtrace) from [<c010c27c>] (show_stack+0x10/0x14)
[    6.851837] [<c010c27c>] (show_stack) from [<c048a10c>] (dump_stack+0xb0/0xe4)
[    6.859436] [<c048a10c>] (dump_stack) from [<c053b5a0>] (rpm_suspend+0x728/0x7c8)
[    6.867279] [<c053b5a0>] (rpm_suspend) from [<c053c910>] (__pm_runtime_suspend+0x60/0x80)
[    6.875885] [<c053c910>] (__pm_runtime_suspend) from [<c04cb058>] (omap2_gpio_prepare_for_idle+0x5c/0x70)
[    6.885955] [<c04cb058>] (omap2_gpio_prepare_for_idle) from [<c012575c>] (omap_sram_idle+0x134/0x238)
[    6.895629] [<c012575c>] (omap_sram_idle) from [<c012687c>] (omap3_enter_idle_bm+0xf8/0x200)
[    6.904510] [<c012687c>] (omap3_enter_idle_bm) from [<c0612e60>] (cpuidle_enter_state+0x80/0x3d4)
[    6.913848] [<c0612e60>] (cpuidle_enter_state) from [<c01872f8>] (cpu_startup_entry+0x130/0x224)
[    6.923095] [<c01872f8>] (cpu_startup_entry) from [<c0b00c08>] (start_kernel+0x340/0x3b4)
[    6.931701] [<c0b00c08>] (start_kernel) from [<8000807c>] (0x8000807c)
[    6.939758] EXT4-fs (mmcblk0p2): mounting ext3 file system using the ext4 subsystem
[    6.963012] EXT4-fs (mmcblk0p2): warning: maximal mount count reached, running e2fsck is recommended
[    7.327392] EXT4-fs (mmcblk0p2): mounted filesystem with ordered data mode. Opts: (null)
[    7.335998] VFS: Mounted root (ext3 filesystem) on device 179:2.
[    7.353576] devtmpfs: mounted
[    7.359588] Freeing unused kernel memory: 1024K (c0b00000 - c0c00000)
INIT: version 2.86 booting
Error opening /dev/fb0: No such file or directory
Please wait: booting...
Starting udev
WARNING: -e needs -E or -F
[    8.347503] udevd (124): /proc/124/oom_adj is deprecated, please use /proc/124/oom_score_adj instead.
[   20.252410] EXT4-fs (mmcblk0p3): mounting ext3 file system using the ext4 subsystem
[   20.279052] EXT4-fs (mmcblk0p3): warning: maximal mount count reached, running e2fsck is recommended
[   20.289093] FAT-fs (mmcblk0p1): Volume was not properly unmounted. Some data may be corrupt. Please run fsck.
[   20.367156] EXT4-fs (mmcblk0p3): mounted filesystem with ordered data mode. Opts: (null)
[   20.452453] alignment: ignoring faults is unsafe on this CPU.  Defaulting to fixup mode.
Remounting root file system...
[   20.574859] EXT4-fs (mmcblk0p2): re-mounted. Opts: (null)
Caching udev devnodes
logger: mount: mount point /proc/bus/usb does not exist
ALSA: Restoring mixer settings...
/usr/sbin/alsactl: load_state:1625: No soundcards found...
Configuring network interfaces... [   23.047271] SMSC LAN8700 2c000000.etherne:01: attached PHY driver [SMSC LAN8700] (mii_bus:phy_addr=2c000000.etherne:01, irq=-1)
[   23.062042] smsc911x 2c000000.ethernet eth0: SMSC911x/921x identified at 0xd090e000, IRQ: 288
[   23.071441] IPv6: ADDRCONF(NETDEV_UP): eth0: link is not ready
eth0      no wireless extensions.
udhcpc (v1.13.2) started
Sending discover...
[   26.157470] IPv6: ADDRCONF(NETDEV_CHANGE): eth0: link becomes ready
Sending discover...
Sending select for 192.168.0.194...
Lease of 192.168.0.194 obtained, lease time 600
adding dns 192.0.2.2
adding dns 192.0.2.3
done.
Setting up IP spoofing protection: rp_filter.
hwclock: can't open '/dev/misc/rtc': No such file or directory
Tue Jun  7 14:00:00 UTC 2016
hwclock: can't open '/dev/misc/rtc': No such file or directory
INIT: Entering runlevel: 5
Starting system message bus: dbus.
Starting Hardware abstraction layer hald
[   29.733612] ecc unrecoverable error
[   29.737579] ecc unrecoverable error
[   29.741363] ecc unrecoverable error
[   29.745117] ecc unrecoverable error
[   29.748870] blk_update_request: I/O error, dev mtdblock0, sector 0
[   29.846282] ecc unrecoverable error
[   29.850280] ecc unrecoverable error
[   29.854034] ecc unrecoverable error
[   29.857849] ecc unrecoverable error
[   29.861541] blk_update_request: I/O error, dev mtdblock0, sector 0
[   29.868041] Buffer I/O error on dev mtdblock0, logical block 0, async page read
[   29.937469] ecc unrecoverable error
[   29.941284] ecc unrecoverable error
[   29.945098] blk_update_request: I/O error, dev mtdblock2, sector 0
[   29.967315] ecc unrecoverable error
[   29.971099] ecc unrecoverable error
[   29.974853] ecc unrecoverable error
[   29.978759] ecc unrecoverable error
[   29.982421] blk_update_request: I/O error, dev mtdblock1, sector 3456
[   30.017364] ecc unrecoverable error
[   30.021148] ecc unrecoverable error
[   30.024841] blk_update_request: I/O error, dev mtdblock3, sector 10112
[   30.052124] ecc unrecoverable error
[   30.056060] ecc unrecoverable error
[   30.059967] ecc unrecoverable error
[   30.063720] ecc unrecoverable error
[   30.067474] blk_update_request: I/O error, dev mtdblock0, sector 0
[   30.073974] Buffer I/O error on dev mtdblock0, logical block 0, async page read
[   30.177551] ecc unrecoverable error
[   30.181365] ecc unrecoverable error
[   30.185058] blk_update_request: I/O error, dev mtdblock2, sector 0
[   30.191558] Buffer I/O error on dev mtdblock2, logical block 0, async page read
[   30.257507] ecc unrecoverable error
[   30.261322] ecc unrecoverable error
[   30.265075] ecc unrecoverable error
[   30.268951] ecc unrecoverable error
[   30.272644] blk_update_request: I/O error, dev mtdblock1, sector 3456
[   30.279418] Buffer I/O error on dev mtdblock1, logical block 432, async page read
[   30.292938] ecc unrecoverable error
[   30.296905] ecc unrecoverable error
[   30.300598] blk_update_request: I/O error, dev mtdblock3, sector 10112
[   30.307464] Buffer I/O error on dev mtdblock3, logical block 1264, async page read
[   30.317321] ecc unrecoverable error
[   30.321105] ecc unrecoverable error
[   30.324859] ecc unrecoverable error
[   30.328704] ecc unrecoverable error
[   30.332397] blk_update_request: I/O error, dev mtdblock0, sector 0
[   30.338897] Buffer I/O error on dev mtdblock0, logical block 0, async page read
[   30.347320] ecc unrecoverable error
[   30.351104] ecc unrecoverable error
[   30.354766] Buffer I/O error on dev mtdblock2, logical block 0, async page read
[   30.363189] ecc unrecoverable error
[   30.367065] ecc unrecoverable error
[   30.370849] ecc unrecoverable error
[   30.374603] ecc unrecoverable error
[   30.378875] ecc unrecoverable error
[   30.382629] ecc unrecoverable error
[   30.388000] ecc unrecoverable error
[   30.391754] ecc unrecoverable error
[   30.395538] ecc unrecoverable error
[   30.399383] ecc unrecoverable error
[   30.403076] Buffer I/O error on dev mtdblock0, logical block 0, async page read
[   30.411437] ecc unrecoverable error
[   30.415191] ecc unrecoverable error
[   30.418945] Buffer I/O error on dev mtdblock2, logical block 0, async page read
[   30.427246] ecc unrecoverable error
[   30.431030] ecc unrecoverable error
[   30.434783] ecc unrecoverable error
[   30.438598] ecc unrecoverable error
[   30.442291] Buffer I/O error on dev mtdblock1, logical block 446, async page read
[   30.450836] ecc unrecoverable error
[   30.454589] ecc unrecoverable error
[   30.459594] ecc unrecoverable error
[   30.463378] ecc unrecoverable error
[   30.467224] ecc unrecoverable error
[   30.470947] ecc unrecoverable error
[   30.475219] ecc unrecoverable error
[   30.479064] ecc unrecoverable error
[   30.483276] ecc unrecoverable error
[   30.487121] ecc unrecoverable error
[   30.490875] ecc unrecoverable error
[   30.494628] ecc unrecoverable error
[   30.498840] ecc unrecoverable error
[   30.502624] ecc unrecoverable error
[   30.507476] ecc unrecoverable error
[   30.511260] ecc unrecoverable error
[   30.515014] ecc unrecoverable error
[   30.518829] ecc unrecoverable error
[   30.523040] ecc unrecoverable error
[   30.526855] ecc unrecoverable error
[   30.531066] ecc unrecoverable error
[   30.534820] ecc unrecoverable error
[   30.538635] ecc unrecoverable error
[   30.542388] ecc unrecoverable error
[   30.546691] ecc unrecoverable error
[   30.550445] ecc unrecoverable error
[   30.556793] ecc unrecoverable error
[   30.560546] ecc unrecoverable error
[   30.564331] ecc unrecoverable error
[   30.568145] ecc unrecoverable error
[   30.572479] ecc unrecoverable error
[   30.576232] ecc unrecoverable error
[   30.580596] ecc unrecoverable error
[   30.584381] ecc unrecoverable error
[   30.588256] ecc unrecoverable error
[   30.592010] ecc unrecoverable error
[   30.596343] ecc unrecoverable error
[   30.600189] ecc unrecoverable error
[   30.605133] ecc unrecoverable error
[   30.608978] ecc unrecoverable error
[   30.612731] ecc unrecoverable error
[   30.616485] ecc unrecoverable error
[   30.620788] ecc unrecoverable error
[   30.624542] ecc unrecoverable error
[   30.628814] ecc unrecoverable error
[   30.632598] ecc unrecoverable error
[   30.636352] ecc unrecoverable error
[   30.640167] ecc unrecoverable error
[   30.645660] ecc unrecoverable error
[   30.649597] ecc unrecoverable error
[   30.655792] ecc unrecoverable error
[   30.659729] ecc unrecoverable error
[   30.663482] ecc unrecoverable error
[   30.667297] ecc unrecoverable error
[   30.671630] ecc unrecoverable error
[   30.675415] ecc unrecoverable error
[   30.679779] ecc unrecoverable error
[   30.683563] ecc unrecoverable error
[   30.687408] ecc unrecoverable error
[   30.691192] ecc unrecoverable error
[   30.695434] ecc unrecoverable error
[   30.699279] ecc unrecoverable error
[   30.704437] ecc unrecoverable error
[   30.708282] ecc unrecoverable error
[   30.712066] ecc unrecoverable error
[   30.715942] ecc unrecoverable error
[   30.720306] ecc unrecoverable error
[   30.724090] ecc unrecoverable error
[   30.728454] ecc unrecoverable error
[   30.732238] ecc unrecoverable error
[   30.735992] ecc unrecoverable error
[   30.739868] ecc unrecoverable error
[   30.744171] ecc unrecoverable error
[   30.748016] ecc unrecoverable error
[   30.753021] ecc unrecoverable error
[   30.756896] ecc unrecoverable error
[   30.760650] ecc unrecoverable error
[   30.764373] ecc unrecoverable error
[   30.768646] ecc unrecoverable error
[   30.772399] ecc unrecoverable error
[   30.776702] ecc unrecoverable error
[   30.780456] ecc unrecoverable error
[   30.784240] ecc unrecoverable error
[   30.788024] ecc unrecoverable error
[   30.792266] ecc unrecoverable error
[   30.796020] ecc unrecoverable error
[   30.800964] ecc unrecoverable error
[   30.804748] ecc unrecoverable error
[   30.808563] ecc unrecoverable error
[   30.812316] ecc unrecoverable error
[   30.816619] ecc unrecoverable error
[   30.820373] ecc unrecoverable error
[   30.824584] ecc unrecoverable error
[   30.828430] ecc unrecoverable error
[   30.832183] ecc unrecoverable error
[   30.835937] ecc unrecoverable error
[   30.840209] ecc unrecoverable error
[   30.843963] ecc unrecoverable error
[   30.848876] ecc unrecoverable error
[   30.852630] ecc unrecoverable error
[   30.856384] ecc unrecoverable error
[   30.860198] ecc unrecoverable error
[   30.864410] ecc unrecoverable error
[   30.868255] ecc unrecoverable error
[   30.872436] ecc unrecoverable error
[   30.876220] ecc unrecoverable error
[   30.880035] ecc unrecoverable error
[   30.883819] ecc unrecoverable error
[   30.888122] ecc unrecoverable error
[   30.891876] ecc unrecoverable error
[   30.896881] ecc unrecoverable error
[   30.900634] ecc unrecoverable error
[   30.904388] ecc unrecoverable error
[   30.908203] ecc unrecoverable error
[   30.912445] ecc unrecoverable error
[   30.916229] ecc unrecoverable error
[   30.920501] ecc unrecoverable error
[   30.924285] ecc unrecoverable error
[   30.928100] ecc unrecoverable error
[   30.931854] ecc unrecoverable error
[   30.936157] ecc unrecoverable error
[   30.940002] ecc unrecoverable error
[   30.944885] ecc unrecoverable error
[   30.948730] ecc unrecoverable error
[   30.952484] ecc unrecoverable error
[   30.956237] ecc unrecoverable error
[   30.960510] ecc unrecoverable error
[   30.964263] ecc unrecoverable error
[   30.968597] ecc unrecoverable error
[   30.972351] ecc unrecoverable error
[   30.976104] ecc unrecoverable error
[   30.979949] ecc unrecoverable error
[   30.984161] ecc unrecoverable error
[   30.988006] ecc unrecoverable error
[   30.992797] ecc unrecoverable error
[   30.996643] ecc unrecoverable error
[   31.000396] ecc unrecoverable error
[   31.004150] ecc unrecoverable error
[   31.008392] ecc unrecoverable error
[   31.012145] ecc unrecoverable error
[   31.016326] ecc unrecoverable error
[   31.020141] ecc unrecoverable error
[   31.023925] ecc unrecoverable error
[   31.027709] ecc unrecoverable error
[   31.031951] ecc unrecoverable error
[   31.035705] ecc unrecoverable error
[   31.040649] ecc unrecoverable error
[   31.044403] ecc unrecoverable error
[   31.048248] ecc unrecoverable error
[   31.052001] ecc unrecoverable error
[   31.056243] ecc unrecoverable error
[   31.060058] ecc unrecoverable error
[   31.064270] ecc unrecoverable error
[   31.068084] ecc unrecoverable error
[   31.071838] ecc unrecoverable error
[   31.075592] ecc unrecoverable error
[   31.079833] ecc unrecoverable error
[   31.083587] ecc unrecoverable error
[   31.088470] ecc unrecoverable error
[   31.092254] ecc unrecoverable error
[   31.095977] ecc unrecoverable error
[   31.099822] ecc unrecoverable error
[   31.104034] ecc unrecoverable error
[   31.107849] ecc unrecoverable error
[   31.112060] ecc unrecoverable error
[   31.115814] ecc unrecoverable error
[   31.119659] ecc unrecoverable error
[   31.123413] ecc unrecoverable error
[   31.127655] ecc unrecoverable error
[   31.131408] ecc unrecoverable error
[   31.136230] ecc unrecoverable error
[   31.140075] ecc unrecoverable error
[   31.143829] ecc unrecoverable error
[   31.147644] ecc unrecoverable error
[   31.151824] ecc unrecoverable error
[   31.155578] ecc unrecoverable error
[   31.159973] ecc unrecoverable error
[   31.163726] ecc unrecoverable error
[   31.167572] ecc unrecoverable error
[   31.171325] ecc unrecoverable error
[   31.175659] ecc unrecoverable error
[   31.179504] ecc unrecoverable error
[   31.184448] ecc unrecoverable error
[   31.188293] ecc unrecoverable error
[   31.192047] ecc unrecoverable error
[   31.195800] ecc unrecoverable error
[   31.200103] ecc unrecoverable error
[   31.203857] ecc unrecoverable error
[   31.208129] ecc unrecoverable error
[   31.211883] ecc unrecoverable error
[   31.215637] ecc unrecoverable error
[   31.219482] ecc unrecoverable error
[   31.223693] ecc unrecoverable error
[   31.227508] ecc unrecoverable error
[   31.232391] ecc unrecoverable error
[   31.236175] ecc unrecoverable error
[   31.239990] ecc unrecoverable error
[   31.243743] ecc unrecoverable error
[   31.248016] ecc unrecoverable error
[   31.251770] ecc unrecoverable error
[   31.255950] ecc unrecoverable error
[   31.259796] ecc unrecoverable error
[   31.263549] ecc unrecoverable error
[   31.267364] ecc unrecoverable error
[   31.271545] ecc unrecoverable error
[   31.275299] ecc unrecoverable error
[   31.280364] ecc unrecoverable error
[   31.284149] ecc unrecoverable error
[   31.287994] ecc unrecoverable error
[   31.291748] ecc unrecoverable error
[   31.295959] ecc unrecoverable error
[   31.299774] ecc unrecoverable error
[   31.303985] ecc unrecoverable error
[   31.307800] ecc unrecoverable error
[   31.311553] ecc unrecoverable error
[   31.315307] ecc unrecoverable error
[   31.319580] ecc unrecoverable error
[   31.323333] ecc unrecoverable error
[   31.328308] ecc unrecoverable error
[   31.332092] ecc unrecoverable error
[   31.335815] ecc unrecoverable error
[   31.339660] ecc unrecoverable error
[   31.343902] ecc unrecoverable error
[   31.347717] ecc unrecoverable error
[   31.351928] ecc unrecoverable error
[   31.355712] ecc unrecoverable error
[   31.359497] ecc unrecoverable error
[   31.363281] ecc unrecoverable error
[   31.367553] ecc unrecoverable error
[   31.371307] ecc unrecoverable error
[   31.376129] ecc unrecoverable error
[   31.379974] ecc unrecoverable error
[   31.383728] ecc unrecoverable error
[   31.387542] ecc unrecoverable error
[   31.391754] ecc unrecoverable error
[   31.395507] ecc unrecoverable error
[   31.399780] ecc unrecoverable error
[   31.403533] ecc unrecoverable error
[   31.407348] ecc unrecoverable error
[   31.411102] ecc unrecoverable error
[   31.415283] ecc unrecoverable error
[   31.419128] ecc unrecoverable error
[   31.423950] ecc unrecoverable error
[   31.427825] ecc unrecoverable error
[   31.431579] ecc unrecoverable error
[   31.435302] ecc unrecoverable error
[   31.439544] ecc unrecoverable error
[   31.443328] ecc unrecoverable error
[   31.447570] ecc unrecoverable error
[   31.451324] ecc unrecoverable error
[   31.455047] ecc unrecoverable error
[   31.458892] ecc unrecoverable error
[   31.463104] ecc unrecoverable error
[   31.466949] ecc unrecoverable error
[   31.472045] ecc unrecoverable error
[   31.475830] ecc unrecoverable error
[   31.479675] ecc unrecoverable error
[   31.483398] ecc unrecoverable error
[   31.487670] ecc unrecoverable error
[   31.491424] ecc unrecoverable error
[   31.495635] ecc unrecoverable error
[   31.499481] ecc unrecoverable error
[   31.503204] ecc unrecoverable error
[   31.507019] ecc unrecoverable error
[   31.511230] ecc unrecoverable error
[   31.514984] ecc unrecoverable error
[   31.519897] ecc unrecoverable error
[   31.523651] ecc unrecoverable error
[   31.527496] ecc unrecoverable error
[   31.531219] ecc unrecoverable error
[   31.535430] ecc unrecoverable error
[   31.539276] ecc unrecoverable error
[   31.543457] ecc unrecoverable error
[   31.547302] ecc unrecoverable error
[   31.551055] ecc unrecoverable error
[   31.554809] ecc unrecoverable error
[   31.559082] ecc unrecoverable error
[   31.562835] ecc unrecoverable error
[   31.567718] ecc unrecoverable error
[   31.571472] ecc unrecoverable error
[   31.575225] ecc unrecoverable error
[   31.579040] ecc unrecoverable error
[   31.583251] ecc unrecoverable error
[   31.587097] ecc unrecoverable error
[   31.591278] ecc unrecoverable error
[   31.595062] ecc unrecoverable error
[   31.598876] ecc unrecoverable error
[   31.602630] ecc unrecoverable error
[   31.606933] ecc unrecoverable error
[   31.610687] ecc unrecoverable error
[   31.615570] ecc unrecoverable error
[   31.619415] ecc unrecoverable error
[   31.623168] ecc unrecoverable error
[   31.626983] ecc unrecoverable error
[   31.631225] ecc unrecoverable error
[   31.634979] ecc unrecoverable error
[   31.639282] ecc unrecoverable error
[   31.643035] ecc unrecoverable error
[   31.646850] ecc unrecoverable error
[   31.650604] ecc unrecoverable error
[   31.654815] ecc unrecoverable error
[   31.658660] ecc unrecoverable error
[   31.663513] ecc unrecoverable error
[   31.667358] ecc unrecoverable error
[   31.671112] ecc unrecoverable error
[   31.674835] ecc unrecoverable error
[   31.679107] ecc unrecoverable error
[   31.682861] ecc unrecoverable error
[   31.687133] ecc unrecoverable error
[   31.690887] ecc unrecoverable error
[   31.694641] ecc unrecoverable error
[   31.698455] ecc unrecoverable error
[   31.702667] ecc unrecoverable error
[   31.706420] ecc unrecoverable error
[   31.711273] ecc unrecoverable error
[   31.715026] ecc unrecoverable error
[   31.718872] ecc unrecoverable error
[   31.722595] ecc unrecoverable error
[   31.726867] ecc unrecoverable error
[   31.730621] ecc unrecoverable error
[   31.734802] ecc unrecoverable error
[   31.738616] ecc unrecoverable error
[   31.742370] ecc unrecoverable error
[   31.746124] ecc unrecoverable error
[   31.750396] ecc unrecoverable error
[   31.754150] ecc unrecoverable error
[   31.759094] ecc unrecoverable error
[   31.762847] ecc unrecoverable error
[   31.766693] ecc unrecoverable error
[   31.770416] ecc unrecoverable error
[   31.774658] ecc unrecoverable error
[   31.778503] ecc unrecoverable error
[   31.782714] ecc unrecoverable error
[   31.786468] ecc unrecoverable error
[   31.790252] ecc unrecoverable error
[   31.794036] ecc unrecoverable error
[   31.798278] ecc unrecoverable error
[   31.802032] ecc unrecoverable error
[   31.806945] ecc unrecoverable error
[   31.810729] ecc unrecoverable error
[   31.814483] ecc unrecoverable error
[   31.818298] ecc unrecoverable error
[   31.822509] ecc unrecoverable error
[   31.826293] ecc unrecoverable error
[   31.830535] ecc unrecoverable error
[   31.834289] ecc unrecoverable error
[   31.838104] ecc unrecoverable error
[   31.841857] ecc unrecoverable error
[   31.846038] ecc unrecoverable error
[   31.849884] ecc unrecoverable error
[   31.854675] ecc unrecoverable error
[   31.858520] ecc unrecoverable error
[   31.862274] ecc unrecoverable error
[   31.865997] ecc unrecoverable error
[   31.870239] ecc unrecoverable error
[   31.873992] ecc unrecoverable error
[   31.878265] ecc unrecoverable error
[   31.882019] ecc unrecoverable error
[   31.885742] ecc unrecoverable error
[   31.889587] ecc unrecoverable error
[   31.893798] ecc unrecoverable error
[   31.897644] ecc unrecoverable error
[   31.902526] ecc unrecoverable error
[   31.906280] ecc unrecoverable error
[   31.910125] ecc unrecoverable error
[   31.913848] ecc unrecoverable error
[   31.918121] ecc unrecoverable error
[   31.921905] ecc unrecoverable error
[   31.926086] ecc unrecoverable error
[   31.929901] ecc unrecoverable error
[   31.933654] ecc unrecoverable error
[   31.937469] ecc unrecoverable error
[   31.941680] ecc unrecoverable error
[   31.945434] ecc unrecoverable error
[   31.950347] ecc unrecoverable error
[   31.954101] ecc unrecoverable error
[   31.957946] ecc unrecoverable error
[   31.961669] ecc unrecoverable error
[   31.965911] ecc unrecoverable error
[   31.969757] ecc unrecoverable error
[   31.973968] ecc unrecoverable error
[   31.977783] ecc unrecoverable error
[   31.981506] ecc unrecoverable error
[   31.985260] ecc unrecoverable error
[   31.989501] ecc unrecoverable error
[   31.993255] ecc unrecoverable error
[   31.998107] ecc unrecoverable error
[   32.001861] ecc unrecoverable error
[   32.005615] ecc unrecoverable error
[   32.009429] ecc unrecoverable error
[   32.013641] ecc unrecoverable error
[   32.017456] ecc unrecoverable error
[   32.021636] ecc unrecoverable error
[   32.025390] ecc unrecoverable error
[   32.029205] ecc unrecoverable error
[   32.032958] ecc unrecoverable error
[   32.037231] ecc unrecoverable error
[   32.041015] ecc unrecoverable error
[   32.045837] ecc unrecoverable error
[   32.049682] ecc unrecoverable error
[   32.053466] ecc unrecoverable error
[   32.057220] ecc unrecoverable error
[   32.061462] ecc unrecoverable error
[   32.065246] ecc unrecoverable error
[   32.069519] ecc unrecoverable error
[   32.073272] ecc unrecoverable error
[   32.077087] ecc unrecoverable error
[   32.080841] ecc unrecoverable error
[   32.085083] ecc unrecoverable error
[   32.088897] ecc unrecoverable error
[   32.093749] ecc unrecoverable error
[   32.097595] ecc unrecoverable error
[   32.101348] ecc unrecoverable error
[   32.105102] ecc unrecoverable error
[   32.109344] ecc unrecoverable error
[   32.113128] ecc unrecoverable error
[   32.117431] ecc unrecoverable error
[   32.121215] ecc unrecoverable error
[   32.124938] ecc unrecoverable error
[   32.128784] ecc unrecoverable error
[   32.132965] ecc unrecoverable error
[   32.136810] ecc unrecoverable error
[   32.141601] ecc unrecoverable error
[   32.145355] ecc unrecoverable error
[   32.149200] ecc unrecoverable error
[   32.152954] ecc unrecoverable error
[   32.157196] ecc unrecoverable error
[   32.160949] ecc unrecoverable error
[   32.165130] ecc unrecoverable error
[   32.168975] ecc unrecoverable error
[   32.172729] ecc unrecoverable error
[   32.176483] ecc unrecoverable error
[   32.180755] ecc unrecoverable error
[   32.184539] ecc unrecoverable error
[   32.189453] ecc unrecoverable error
[   32.193206] ecc unrecoverable error
[   32.197052] ecc unrecoverable error
[   32.200775] ecc unrecoverable error
[   32.205017] ecc unrecoverable error
[   32.208862] ecc unrecoverable error
[   32.213073] ecc unrecoverable error
[   32.216888] ecc unrecoverable error
[   32.220672] ecc unrecoverable error
[   32.224426] ecc unrecoverable error
[   32.228668] ecc unrecoverable error
[   32.232421] ecc unrecoverable error
[   32.237335] ecc unrecoverable error
[   32.241119] ecc unrecoverable error
[   32.244873] ecc unrecoverable error
[   32.248687] ecc unrecoverable error
[   32.252899] ecc unrecoverable error
[   32.256744] ecc unrecoverable error
[   32.260925] ecc unrecoverable error
[   32.264678] ecc unrecoverable error
[   32.268524] ecc unrecoverable error
[   32.272277] ecc unrecoverable error
[   32.276458] ecc unrecoverable error
[   32.280273] ecc unrecoverable error
[   32.285095] ecc unrecoverable error
[   32.288940] ecc unrecoverable error
[   32.292694] ecc unrecoverable error
[   32.296417] ecc unrecoverable error
[   32.300659] ecc unrecoverable error
[   32.304412] ecc unrecoverable error
[   32.308654] ecc unrecoverable error
[   32.312408] ecc unrecoverable error
[   32.316162] ecc unrecoverable error
[   32.320007] ecc unrecoverable error
[   32.324249] ecc unrecoverable error
[   32.328063] ecc unrecoverable error
[   32.332977] ecc unrecoverable error
[   32.336822] ecc unrecoverable error
[   32.340576] ecc unrecoverable error
[   32.344299] ecc unrecoverable error
[   32.348571] ecc unrecoverable error
[   32.352325] ecc unrecoverable error
[   32.356597] ecc unrecoverable error
[   32.360382] ecc unrecoverable error
[   32.364135] ecc unrecoverable error
[   32.367950] ecc unrecoverable error
[   32.372161] ecc unrecoverable error
[   32.375946] ecc unrecoverable error
[   32.380828] ecc unrecoverable error
[   32.384582] ecc unrecoverable error
[   32.388427] ecc unrecoverable error
[   32.392150] ecc unrecoverable error
[   32.396362] ecc unrecoverable error
[   32.400207] ecc unrecoverable error
[   32.404418] ecc unrecoverable error
[   32.408233] ecc unrecoverable error
[   32.411987] ecc unrecoverable error
[   32.415771] ecc unrecoverable error
[   32.419982] ecc unrecoverable error
[   32.423736] ecc unrecoverable error
[   32.428588] ecc unrecoverable error
[   32.432373] ecc unrecoverable error
[   32.436126] ecc unrecoverable error
[   32.439941] ecc unrecoverable error
[   32.444122] ecc unrecoverable error
[   32.447967] ecc unrecoverable error
[   32.452148] ecc unrecoverable error
[   32.455902] ecc unrecoverable error
[   32.459747] ecc unrecoverable error
[   32.463500] ecc unrecoverable error
[   32.467834] ecc unrecoverable error
[   32.471588] ecc unrecoverable error
[   32.476470] ecc unrecoverable error
[   32.480346] ecc unrecoverable error
[   32.484100] ecc unrecoverable error
[   32.487884] ecc unrecoverable error
[   32.492156] ecc unrecoverable error
[   32.495910] ecc unrecoverable error
[   32.500183] ecc unrecoverable error
[   32.503967] ecc unrecoverable error
[   32.507781] ecc unrecoverable error
[   32.511566] ecc unrecoverable error
[   32.515777] ecc unrecoverable error
[   32.519592] ecc unrecoverable error
[   32.524627] ecc unrecoverable error
[   32.528503] ecc unrecoverable error
[   32.532257] ecc unrecoverable error
[   32.536010] ecc unrecoverable error
[   32.540313] ecc unrecoverable error
[   32.544097] ecc unrecoverable error
[   32.548370] ecc unrecoverable error
[   32.552154] ecc unrecoverable error
[   32.555908] ecc unrecoverable error
[   32.559722] ecc unrecoverable error
[   32.563903] ecc unrecoverable error
[   32.567749] ecc unrecoverable error
[   32.572540] ecc unrecoverable error
[   32.576293] ecc unrecoverable error
[   32.580139] ecc unrecoverable error
[   32.583892] ecc unrecoverable error
[   32.588134] ecc unrecoverable error
[   32.591888] ecc unrecoverable error
[   32.596099] ecc unrecoverable error
[   32.599945] ecc unrecoverable error
[   32.603729] ecc unrecoverable error
[   32.607513] ecc unrecoverable error
[   32.611785] ecc unrecoverable error
[   32.615539] ecc unrecoverable error
[   32.620483] ecc unrecoverable error
[   32.624267] ecc unrecoverable error
[   32.628082] ecc unrecoverable error
[   32.631835] ecc unrecoverable error
[   32.636047] ecc unrecoverable error
[   32.639892] ecc unrecoverable error
[   32.644104] ecc unrecoverable error
[   32.647949] ecc unrecoverable error
[   32.651733] ecc unrecoverable error
[   32.655487] ecc unrecoverable error
[   32.659729] ecc unrecoverable error
[   32.663513] ecc unrecoverable error
[   32.668426] ecc unrecoverable error
[   32.672180] ecc unrecoverable error
[   32.675933] ecc unrecoverable error
[   32.679748] ecc unrecoverable error
[   32.683990] ecc unrecoverable error
[   32.687835] ecc unrecoverable error
[   32.692016] ecc unrecoverable error
[   32.695800] ecc unrecoverable error
[   32.699615] ecc unrecoverable error
[   32.703399] ecc unrecoverable error
[   32.707611] ecc unrecoverable error
[   32.711364] ecc unrecoverable error
[   32.716156] ecc unrecoverable error
[   32.720001] ecc unrecoverable error
[   32.723785] ecc unrecoverable error
[   32.727569] ecc unrecoverable error
[   32.740814] ecc unrecoverable error
[   32.744598] ecc unrecoverable error
[   32.749206] ecc unrecoverable error
[   32.752990] ecc unrecoverable error
[   32.756896] ecc unrecoverable error
[   32.760681] ecc unrecoverable error
[   32.765258] ecc unrecoverable error
[   32.769165] ecc unrecoverable error
[   32.774261] ecc unrecoverable error
[   32.778167] ecc unrecoverable error
[   32.791412] ecc unrecoverable error
[   32.795196] ecc unrecoverable error
[   32.799133] ecc unrecoverable error
[   32.802917] ecc unrecoverable error
[   32.807434] ecc unrecoverable error
[   32.811187] ecc unrecoverable error
[   32.816192] ecc unrecoverable error
[   32.820129] ecc unrecoverable error
[   32.823852] ecc unrecoverable error
[   32.827697] ecc unrecoverable error
[   32.832031] ecc unrecoverable error
[   32.835784] ecc unrecoverable error
[   32.841003] ecc unrecoverable error
[   32.844787] ecc unrecoverable error
[   32.848663] ecc unrecoverable error
[   32.852447] ecc unrecoverable error
[   32.856811] ecc unrecoverable error
[   32.860565] ecc unrecoverable error
[   32.865447] ecc unrecoverable error
[   32.869293] ecc unrecoverable error
[   32.873046] ecc unrecoverable error
[   32.876861] ecc unrecoverable error
[   32.881134] ecc unrecoverable error
[   32.884887] ecc unrecoverable error
[   32.889801] ecc unrecoverable error
[   32.893585] ecc unrecoverable error
[   32.897399] ecc unrecoverable error
[   32.901184] ecc unrecoverable error
[   32.905395] ecc unrecoverable error
[   32.909240] ecc unrecoverable error
[   32.914062] ecc unrecoverable error
[   32.917907] ecc unrecoverable error
[   32.921661] ecc unrecoverable error
[   32.925445] ecc unrecoverable error
[   32.929687] ecc unrecoverable error
[   32.933441] ecc unrecoverable error
[   32.938354] ecc unrecoverable error
[   32.942108] ecc unrecoverable error
[   32.945861] ecc unrecoverable error
[   32.949707] ecc unrecoverable error
[   32.953918] ecc unrecoverable error
[   32.957702] ecc unrecoverable error
[   32.962524] ecc unrecoverable error
[   32.966278] ecc unrecoverable error
[   32.970123] ecc unrecoverable error
[   32.973876] ecc unrecoverable error
[   32.978088] ecc unrecoverable error
[   32.981842] ecc unrecoverable error
[   32.986663] ecc unrecoverable error
[   32.990447] ecc unrecoverable error
[   32.994201] ecc unrecoverable error
[   32.998016] ecc unrecoverable error
[   33.002227] ecc unrecoverable error
[   33.005981] ecc unrecoverable error
[   33.010894] ecc unrecoverable error
[   33.014648] ecc unrecoverable error
[   33.018493] ecc unrecoverable error
[   33.022247] ecc unrecoverable error
[   33.026458] ecc unrecoverable error
[   33.030303] ecc unrecoverable error
[   33.035125] ecc unrecoverable error
[   33.038940] ecc unrecoverable error
[   33.042694] ecc unrecoverable error
[   33.046447] ecc unrecoverable error
[   33.050689] ecc unrecoverable error
[   33.054473] ecc unrecoverable error
[   33.059326] ecc unrecoverable error
[   33.063110] ecc unrecoverable error
[   33.066925] ecc unrecoverable error
[   33.070678] ecc unrecoverable error
[   33.074890] ecc unrecoverable error
[   33.078735] ecc unrecoverable error
[   33.083557] ecc unrecoverable error
[   33.087402] ecc unrecoverable error
[   33.091125] ecc unrecoverable error
[   33.094909] ecc unrecoverable error
[   33.099121] ecc unrecoverable error
[   33.102905] ecc unrecoverable error
[   33.107727] ecc unrecoverable error
[   33.111511] ecc unrecoverable error
[   33.115234] ecc unrecoverable error
[   33.119140] ecc unrecoverable error
[   33.125335] ecc unrecoverable error
[   33.129211] ecc unrecoverable error
[   33.134582] ecc unrecoverable error
[   33.138519] ecc unrecoverable error
[   33.142364] ecc unrecoverable error
[   33.146148] ecc unrecoverable error
[   33.151397] ecc unrecoverable error
[   33.155181] ecc unrecoverable error
[   33.160888] ecc unrecoverable error
[   33.164672] ecc unrecoverable error
[   33.168579] ecc unrecoverable error
[   33.172332] ecc unrecoverable error
[   33.176727] ecc unrecoverable error
[   33.180511] ecc unrecoverable error
[   33.185424] ecc unrecoverable error
[   33.189270] ecc unrecoverable error
[   33.193023] ecc unrecoverable error
[   33.196838] ecc unrecoverable error
[   33.201080] ecc unrecoverable error
[   33.204833] ecc unrecoverable error
[   33.209808] ecc unrecoverable error
[   33.213562] ecc unrecoverable error
[   33.217407] ecc unrecoverable error
[   33.221191] ecc unrecoverable error
[   33.225402] ecc unrecoverable error
[   33.229248] ecc unrecoverable error
[   33.234039] ecc unrecoverable error
[   33.237884] ecc unrecoverable error
[   33.241638] ecc unrecoverable error
[   33.245391] ecc unrecoverable error
[   33.249664] ecc unrecoverable error
[   33.253417] ecc unrecoverable error
[   33.258361] ecc unrecoverable error
[   33.262115] ecc unrecoverable error
[   33.265869] ecc unrecoverable error
[   33.269714] ecc unrecoverable error
[   33.274566] ecc unrecoverable error
[   33.278656] ecc unrecoverable error
[   33.283599] ecc unrecoverable error
[   33.287475] ecc unrecoverable error
[   33.291229] ecc unrecoverable error
[   33.294982] ecc unrecoverable error
[   33.299285] ecc unrecoverable error
[   33.303070] ecc unrecoverable error
[   33.307983] ecc unrecoverable error
[   33.311737] ecc unrecoverable error
[   33.315490] ecc unrecoverable error
[   33.319305] ecc unrecoverable error
[   33.323516] ecc unrecoverable error
[   33.327362] ecc unrecoverable error
[   33.332244] ecc unrecoverable error
[   33.335998] ecc unrecoverable error
[   33.339843] ecc unrecoverable error
[   33.343597] ecc unrecoverable error
[   33.347839] ecc unrecoverable error
[   33.351593] ecc unrecoverable error
[   33.356384] ecc unrecoverable error
[   33.360229] ecc unrecoverable error
[   33.363983] ecc unrecoverable error
[   33.367797] ecc unrecoverable error
[   33.372039] ecc unrecoverable error
[   33.375793] ecc unrecoverable error
[   33.380706] ecc unrecoverable error
[   33.384490] ecc unrecoverable error
[   33.388305] ecc unrecoverable error
[   33.392059] ecc unrecoverable error
[   33.396362] ecc unrecoverable error
[   33.400207] ecc unrecoverable error
[   33.405059] ecc unrecoverable error
[   33.408905] ecc unrecoverable error
[   33.412628] ecc unrecoverable error
[   33.416381] ecc unrecoverable error
[   33.420654] ecc unrecoverable error
[   33.424407] ecc unrecoverable error
[   33.429290] ecc unrecoverable error
[   33.433074] ecc unrecoverable error
[   33.436889] ecc unrecoverable error
[   33.440673] ecc unrecoverable error
[   33.444946] ecc unrecoverable error
[   33.448791] ecc unrecoverable error
[   33.453643] ecc unrecoverable error
[   33.457489] ecc unrecoverable error
[   33.461242] ecc unrecoverable error
[   33.464996] ecc unrecoverable error
[   33.469207] ecc unrecoverable error
[   33.472991] ecc unrecoverable error
[   33.477935] ecc unrecoverable error
[   33.481689] ecc unrecoverable error
[   33.485443] ecc unrecoverable error
[   33.489257] ecc unrecoverable error
[   33.493499] ecc unrecoverable error
[   33.497344] ecc unrecoverable error
[   33.502227] ecc unrecoverable error
[   33.505981] ecc unrecoverable error
[   33.509826] ecc unrecoverable error
[   33.513580] ecc unrecoverable error
[   33.517852] ecc unrecoverable error
[   33.521606] ecc unrecoverable error
[   33.526611] ecc unrecoverable error
[   33.530395] ecc unrecoverable error
[   33.534149] ecc unrecoverable error
[   33.537963] ecc unrecoverable error
[   33.542205] ecc unrecoverable error
[   33.545959] ecc unrecoverable error
[   33.557525] ecc unrecoverable error
[   33.561309] ecc unrecoverable error
[   33.565032] ecc unrecoverable error
[   33.568939] ecc unrecoverable error
[   33.577545] ecc unrecoverable error
[   33.581329] ecc unrecoverable error
[   33.585693] ecc unrecoverable error
[   33.589630] ecc unrecoverable error
[   33.593383] ecc unrecoverable error
[   33.597229] ecc unrecoverable error
[   33.601715] ecc unrecoverable error
[   33.605499] ecc unrecoverable error
[   33.610137] ecc unrecoverable error
[   33.613891] ecc unrecoverable error
[   33.617736] ecc unrecoverable error
[   33.621520] ecc unrecoverable error
[   33.626037] ecc unrecoverable error
[   33.629943] ecc unrecoverable error
[   33.634216] ecc unrecoverable error
[   33.638061] ecc unrecoverable error
[   33.641784] ecc unrecoverable error
[   33.645538] ecc unrecoverable error
[   33.649810] ecc unrecoverable error
[   33.653564] ecc unrecoverable error
[   33.657806] ecc unrecoverable error
[   33.661560] ecc unrecoverable error
[   33.665313] ecc unrecoverable error
[   33.669128] ecc unrecoverable error
[   33.673339] ecc unrecoverable error
[   33.677154] ecc unrecoverable error
[   33.681335] ecc unrecoverable error
[   33.685089] ecc unrecoverable error
[   33.688873] ecc unrecoverable error
[   33.692657] ecc unrecoverable error
[   33.696868] ecc unrecoverable error
[   33.700622] ecc unrecoverable error
[   33.704772] ecc unrecoverable error
[   33.708618] ecc unrecoverable error
[   33.712341] ecc unrecoverable error
[   33.716094] ecc unrecoverable error
[   33.720306] ecc unrecoverable error
[   33.724060] ecc unrecoverable error
[   33.728332] ecc unrecoverable error
[   33.732086] ecc unrecoverable error
[   33.735809] ecc unrecoverable error
[   33.739624] ecc unrecoverable error
[   33.743835] ecc unrecoverable error
[   33.747650] ecc unrecoverable error
[   33.751831] ecc unrecoverable error
[   33.755584] ecc unrecoverable error
[   33.759399] ecc unrecoverable error
[   33.763153] ecc unrecoverable error
[   33.767364] ecc unrecoverable error
[   33.771118] ecc unrecoverable error
[   33.775268] ecc unrecoverable error
[   33.779113] ecc unrecoverable error
[   33.782836] ecc unrecoverable error
[   33.786651] ecc unrecoverable error
[   33.790832] ecc unrecoverable error
[   33.794586] ecc unrecoverable error
[   33.798797] ecc unrecoverable error
[   33.802581] ecc unrecoverable error
[   33.806304] ecc unrecoverable error
[   33.810119] ecc unrecoverable error
[   33.814300] ecc unrecoverable error
[   33.818115] ecc unrecoverable error
[   33.822265] ecc unrecoverable error
[   33.826019] ecc unrecoverable error
[   33.829803] ecc unrecoverable error
[   33.833587] ecc unrecoverable error
[   33.837799] ecc unrecoverable error
[   33.841552] ecc unrecoverable error
[   33.845703] ecc unrecoverable error
[   33.849548] ecc unrecoverable error
[   33.853302] ecc unrecoverable error
[   33.857116] ecc unrecoverable error
[   33.861297] ecc unrecoverable error
[   33.865051] ecc unrecoverable error
[   33.869262] ecc unrecoverable error
[   33.873016] ecc unrecoverable error
[   33.876831] ecc unrecoverable error
[   33.880584] ecc unrecoverable error
[   33.884765] ecc unrecoverable error
[   33.888580] ecc unrecoverable error
[   33.892761] ecc unrecoverable error
[   33.896514] ecc unrecoverable error
[   33.900329] ecc unrecoverable error
[   33.904083] ecc unrecoverable error
[   33.908294] ecc unrecoverable error
[   33.912048] ecc unrecoverable error
[   33.916229] ecc unrecoverable error
[   33.920043] ecc unrecoverable error
[   33.923767] ecc unrecoverable error
[   33.927581] ecc unrecoverable error
[   33.931762] ecc unrecoverable error
[   33.935516] ecc unrecoverable error
[   33.939697] ecc unrecoverable error
[   33.943481] ecc unrecoverable error
[   33.947265] ecc unrecoverable error
[   33.951019] ecc unrecoverable error
[   33.955169] ecc unrecoverable error
[   33.959014] ecc unrecoverable error
[   33.963195] ecc unrecoverable error
[   33.967010] ecc unrecoverable error
[   33.970733] ecc unrecoverable error
[   33.974487] ecc unrecoverable error
[   33.978729] ecc unrecoverable error
[   33.982482] ecc unrecoverable error
[   33.986694] ecc unrecoverable error
[   33.990447] ecc unrecoverable error
[   33.994201] ecc unrecoverable error
[   33.998016] ecc unrecoverable error
[   34.002258] ecc unrecoverable error
[   34.006011] ecc unrecoverable error
[   34.010223] ecc unrecoverable error
[   34.013977] ecc unrecoverable error
[   34.017791] ecc unrecoverable error
[   34.021545] ecc unrecoverable error
[   34.025726] ecc unrecoverable error
[   34.029571] ecc unrecoverable error
[   34.033721] ecc unrecoverable error
[   34.037536] ecc unrecoverable error
[   34.041290] ecc unrecoverable error
[   34.045043] ecc unrecoverable error
[   34.049255] ecc unrecoverable error
[   34.053009] ecc unrecoverable error
[   34.057220] ecc unrecoverable error
[   34.060974] ecc unrecoverable error
[   34.064727] ecc unrecoverable error
[   34.068542] ecc unrecoverable error
[   34.072692] ecc unrecoverable error
[   34.076446] ecc unrecoverable error
[   34.080718] ecc unrecoverable error
[   34.084472] ecc unrecoverable error
[   34.088256] ecc unrecoverable error
[   34.092041] ecc unrecoverable error
[   34.096252] ecc unrecoverable error
[   34.100067] ecc unrecoverable error
[   34.104248] ecc unrecoverable error
[   34.108062] ecc unrecoverable error
[   34.111816] ecc unrecoverable error
[   34.115570] ecc unrecoverable error
[   34.119812] ecc unrecoverable error
[   34.123565] ecc unrecoverable error
[   34.127777] ecc unrecoverable error
[   34.131530] ecc unrecoverable error
[   34.135253] ecc unrecoverable error
[   34.139068] ecc unrecoverable error
[   34.143249] ecc unrecoverable error
[   34.147064] ecc unrecoverable error
[   34.151214] ecc unrecoverable error
[   34.154968] ecc unrecoverable error
[   34.158782] ecc unrecoverable error
[   34.162536] ecc unrecoverable error
[   34.166778] ecc unrecoverable error
[   34.170532] ecc unrecoverable error
[   34.174682] ecc unrecoverable error
[   34.178497] ecc unrecoverable error
[   34.182250] ecc unrecoverable error
[   34.186004] ecc unrecoverable error
[   34.197235] ecc unrecoverable error
[   34.201019] ecc unrecoverable error
[   34.207916] ecc unrecoverable error
[   34.211700] ecc unrecoverable error
[   34.216064] ecc unrecoverable error
[   34.220031] ecc unrecoverable error
[   34.224517] ecc unrecoverable error
[   34.228393] ecc unrecoverable error
[   34.232666] ecc unrecoverable error
[   34.236419] ecc unrecoverable error
[   34.240753] ecc unrecoverable error
[   34.244506] ecc unrecoverable error
[   34.248748] ecc unrecoverable error
[   34.252502] ecc unrecoverable error
[   34.256713] ecc unrecoverable error
[   34.260467] ecc unrecoverable error
Starting Dropbear SSH server: dropbear.
Starting telnet daemon.
Starting network benchmark server: netserver.
Starting syslogd/klogd: done
Starting thttpd.
Starting Lighttpd Web Server: lighttpd.
2016-06-07 14:00:07: (log.c.166) server started 
Starting Matrix GUI application.
[   38.030151] random: crng init done
***************************************************************
***************************************************************
NOTICE: This file system contains the followin GPLv3 packages:
	binutils-dev
	binutils-symlinks
	binutils
	gdbserver
If you do not wish to distribute GPLv3 components please remove
the above packages prior to distribution.  This can be done using
the opkg remove command.  i.e.:
    opkg remove <package>
Where <package> is the name printed in the list above
NOTE: If the package is a dependency of another package you
      will be notified of the dependent packages.  You should
      use the --force-removal-of-dependent-packages option to
      also remove the dependent packages as well
***************************************************************
**********************
 _____                    _____           _         _   
|  _  |___ ___ ___ ___   |  _  |___ ___  |_|___ ___| |_ 
|     |  _| .'| . | . |  |   __|  _| . | | | -_|  _|  _|
|__|__|_| |__,|_  |___|  |__|  |_| |___|_| |___|___|_|  
              |___|                    |___|            
Arago Project http://arago-project.org am37x-evm ttyO0
Arago 2011.09 am37x-evm ttyO0
am37x-evm login: 
- 07:11:18 [INFO] Host: root
- 07:11:18 [INFO] Target: 
root
root@am37x-evm:~# 
- 07:11:18 [INFO] Sleeping 15 secs to allow systemd to finish starting processes...
- 07:11:33 [INFO] Disconnected serial from am37x-evm
- 07:11:33 [INFO] Connected to am37x-evm via serial 
- 07:11:33 [INFO] Host: uname -a
- 07:11:33 [INFO] Target: 
uname -a
Linux am37x-evm 4.8.0-rc6-next-20160915-00002-gf396e0658e5f #3 SMP Thu Sep 15 06:35:26 CDT 2016 armv7l unknown
root@am37x-evm:~# 
- 07:11:33 [INFO] Host: cat /proc/cmdline
- 07:11:34 [INFO] Target: 
cat /proc/cmdline
console=ttyO0,115200n8 earlyprintk=serial,ttyO0,115200n8   ip=:::::eth0:dhcp  root=/dev/mmcblk0p2 rw rootfstype=ext3 rootwait 
root@am37x-evm:~# 
- 07:11:34 [INFO] Host: uname -a
- 07:11:34 [INFO] Target: 
uname -a
Linux am37x-evm 4.8.0-rc6-next-20160915-00002-gf396e0658e5f #3 SMP Thu Sep 15 06:35:26 CDT 2016 armv7l unknown
root@am37x-evm:~# 
- 07:11:34 [INFO] Host: cat /proc/mtd
- 07:11:34 [INFO] Target: 
cat /proc/mtd
dev:    size   erasesize  name
mtd0: 00080000 00020000 "X-Loader"
mtd1: 001c0000 00020000 "U-Boot"
mtd2: 00040000 00020000 "Environment"
mtd3: 00500000 00020000 "Kernel"
mtd4: 1f880000 00020000 "Filesystem"
root@am37x-evm:~# 
- 07:11:34 [INFO] Host: cat /proc/diskstats
- 07:11:34 [INFO] Target: 
cat /proc/diskstats
   1       0 ram0 0 0 0 0 0 0 0 0 0 0 0
   1       1 ram1 0 0 0 0 0 0 0 0 0 0 0
   1       2 ram2 0 0 0 0 0 0 0 0 0 0 0
   1       3 ram3 0 0 0 0 0 0 0 0 0 0 0
   1       4 ram4 0 0 0 0 0 0 0 0 0 0 0
   1       5 ram5 0 0 0 0 0 0 0 0 0 0 0
   1       6 ram6 0 0 0 0 0 0 0 0 0 0 0
   1       7 ram7 0 0 0 0 0 0 0 0 0 0 0
   1       8 ram8 0 0 0 0 0 0 0 0 0 0 0
   1       9 ram9 0 0 0 0 0 0 0 0 0 0 0
   1      10 ram10 0 0 0 0 0 0 0 0 0 0 0
   1      11 ram11 0 0 0 0 0 0 0 0 0 0 0
   1      12 ram12 0 0 0 0 0 0 0 0 0 0 0
   1      13 ram13 0 0 0 0 0 0 0 0 0 0 0
   1      14 ram14 0 0 0 0 0 0 0 0 0 0 0
   1      15 ram15 0 0 0 0 0 0 0 0 0 0 0
   7       0 loop0 0 0 0 0 0 0 0 0 0 0 0
   7       1 loop1 0 0 0 0 0 0 0 0 0 0 0
   7       2 loop2 0 0 0 0 0 0 0 0 0 0 0
   7       3 loop3 0 0 0 0 0 0 0 0 0 0 0
   7       4 loop4 0 0 0 0 0 0 0 0 0 0 0
   7       5 loop5 0 0 0 0 0 0 0 0 0 0 0
   7       6 loop6 0 0 0 0 0 0 0 0 0 0 0
   7       7 loop7 0 0 0 0 0 0 0 0 0 0 0
  31       0 mtdblock0 53 0 424 2910 0 0 0 0 0 2910 2910
  31       1 mtdblock1 110 0 880 4360 0 0 0 0 0 4360 4360
  31       2 mtdblock2 53 0 424 2970 0 0 0 0 0 2970 2970
  31       3 mtdblock3 117 0 936 4430 0 0 0 0 0 4430 4430
  31       4 mtdblock4 83 0 664 3710 0 0 0 0 0 3710 3710
 179       0 mmcblk0 2184 808 82401 10250 62 196 2064 83080 0 11600 93330
 179       1 mmcblk0p1 304 1 3190 1280 0 0 0 0 0 1270 1280
 179       2 mmcblk0p2 1611 774 76293 7990 61 196 2056 83010 0 10670 91000
 179       3 mmcblk0p3 259 33 2758 960 1 0 8 70 0 1020 1030
root@am37x-evm:~# 
- 07:11:34 [INFO] Host: cat /proc/interrupts
- 07:11:34 [INFO] Target: 
cat /proc/interrupts
           CPU0       
 23:          0      INTC   7 Edge      TWL4030-PIH
 25:          0      INTC   9 Edge      l3-debug-irq
 26:          0      INTC  10 Edge      l3-app-irq
 28:          0      INTC  12 Edge      DMA
 29:       2250      INTC  13 Edge      omap-dma-engine
 36:          0      INTC  20 Edge      gpmc
 40:          0      INTC  24 Edge      480bd400.mmu
 45:          0      INTC  29 Edge      48310000.gpio
 46:          0      INTC  30 Edge      49050000.gpio
 47:          0      INTC  31 Edge      49052000.gpio
 48:          0      INTC  32 Edge      49054000.gpio
 49:          0      INTC  33 Edge      49056000.gpio
 50:         27      INTC  34 Edge      49058000.gpio
 53:       3447      INTC  37 Edge      gp_timer
 72:        976      INTC  56 Edge      48070000.i2c
 73:          0      INTC  57 Edge      48072000.i2c
 77:          0      INTC  61 Edge      48060000.i2c
 88:        651      INTC  72 Edge      OMAP UART0
 99:       6894      INTC  83 Edge      mmc0
102:        144      INTC  86 Edge      mmc1
288:         27  49058000.gpio  16 Level     eth0
306:        584      PRCM Edge      pm_wkup
315:         66      PRCM Edge      pinctrl, pinctrl, pinctrl, pm_io
338:          0   pinctrl 338 Edge      4806a000.serial
341:          0   twl4030   0 Edge      twl4030_gpio
346:          0   twl4030   5 Edge      twl4030_power
375:         22   pinctrl 282 Edge      4809c000.mmc
IPI0:          0  CPU wakeup interrupts
IPI1:          0  Timer broadcast interrupts
IPI2:          0  Rescheduling interrupts
IPI3:          0  Function call interrupts
IPI4:          0  CPU stop interrupts
IPI5:          0  IRQ work interrupts
IPI6:          0  completion interrupts
Err:          0
root@am37x-evm:~# 
- 07:11:34 [INFO] Host: cat /proc/softirqs
- 07:11:34 [INFO] Target: 
cat /proc/softirqs
                    CPU0       
          HI:          0
       TIMER:       3178
      NET_TX:          1
      NET_RX:         25
       BLOCK:          0
BLOCK_IOPOLL:          0
     TASKLET:       2276
       SCHED:          0
     HRTIMER:          0
         RCU:       5444
root@am37x-evm:~# 
- 07:11:40 [INFO] Host: export IPERFHOST=192.168.0.1
- 07:11:40 [INFO] Target: 
export IPERFHOST=192.168.0.1
root@am37x-evm:~# 
- 07:11:40 [INFO] Host: export NFS_SERVER=192.168.0.1
- 07:11:40 [INFO] Target: 
export NFS_SERVER=192.168.0.1
root@am37x-evm:~# 
- 07:11:40 [INFO] Host: export NFS_ROOT_PATH=/home/tigtfarm06/NFS_exports/linux/am37x-evm
- 07:11:40 [INFO] Target: 
export NFS_ROOT_PATH=/home/tigtfarm06/NFS_exports/linux/am37x-
root@am37x-evm:~# 
- 07:11:40 [INFO] Host: export AP_SSID=
- 07:11:40 [INFO] Target: 
export AP_SSID=
root@am37x-evm:~# 
- 07:11:40 [INFO] Host: mkdir -p -m 777 /test
- 07:11:40 [INFO] Target: 
mkdir -p -m 777 /test
root@am37x-evm:~# 
- 07:11:40 [INFO] Host: cd /test
- 07:11:40 [INFO] Target: 
cd /test
root@am37x-evm:/test# 
- 07:11:40 [INFO] Host: cat > test.sh << EOF
- 07:11:41 [INFO] Target: 
cat > test.sh << EOF
- 07:11:41 [INFO] Host: failtest() {
- 07:11:41 [INFO] Target: 
failtest() {
- 07:11:41 [INFO] Host:   echo 1 >&3
- 07:11:41 [INFO] Target: 
  echo 1 >&3
- 07:11:41 [INFO] Host: }
- 07:11:41 [INFO] Target: 
- 07:11:41 [INFO] Host: timeout=600
- 07:11:41 [INFO] Target: 
timeout=600
- 07:11:41 [INFO] Host: 
- 07:11:41 [INFO] Target: 
- 07:11:41 [INFO] Host: # Start of user's script logic
- 07:11:41 [INFO] Target: 
# Start of user's script logic
- 07:11:41 [INFO] Host: mount -t proc proc /proc 2>/dev/null;
- 07:11:41 [INFO] Target: 
mount -t proc proc /proc 2>/dev/null;
- 07:11:41 [INFO] Host: 
- 07:11:41 [INFO] Target: 
- 07:11:41 [INFO] Host: mount -t sysfs sys /sys 2>/dev/null;
- 07:11:41 [INFO] Target: 
mount -t sysfs sys /sys 2>/dev/null;
- 07:11:41 [INFO] Host: 
- 07:11:42 [INFO] Target: 
- 07:11:42 [INFO] Host: mount -t debugfs none /sys/kernel/debug 2>/dev/null;
- 07:11:42 [INFO] Target: 
mount -t debugfs none /sys/kernel/debug 2>/dev/null;
- 07:11:42 [INFO] Host: 
- 07:11:42 [INFO] Target: 
- 07:11:42 [INFO] Host: echo 'cpuinfo:';cat /proc/cpuinfo; echo '=======';
- 07:11:42 [INFO] Target: 
echo 'cpuinfo:';cat /proc/cpuinfo; echo '=======';
- 07:11:42 [INFO] Host: 
- 07:11:42 [INFO] Target: 
- 07:11:42 [INFO] Host: echo 'soc info:';head /sys/devices/soc0/* 2>/dev/null; echo '=======';
- 07:11:42 [INFO] Target: 
echo 'soc info:';head /sys/devices/soc0/* 2>/dev/null; echo '=======';
- 07:11:42 [INFO] Host: 
- 07:11:42 [INFO] Target: 
- 07:11:42 [INFO] Host: echo 'DT Model info'; head /proc/device-tree/name /proc/device-tree/model /proc/device-tree/compatible 2>/dev/null;echo; echo '=======';
- 07:11:42 [INFO] Target: 
echo 'DT Model info'; head /proc/device-tree/name /proc/device-tree/model /pro
c/device-tree/compatible 2>/dev/null;echo; echo '=======';
- 07:11:42 [INFO] Host: 
- 07:11:42 [INFO] Target: 
- 07:11:42 [INFO] Host: echo 'interrupts:';cat /proc/interrupts; echo '=======';
- 07:11:42 [INFO] Target: 
echo 'interrupts:';cat /proc/interrupts; echo '=======';
- 07:11:42 [INFO] Host: 
- 07:11:43 [INFO] Target: 
- 07:11:43 [INFO] Host: echo 'Clk_summary:';cat /sys/kernel/debug/clk/clk_summary; echo '=======';
- 07:11:43 [INFO] Target: 
echo 'Clk_summary:';cat /sys/kernel/debug/clk/clk_summary; echo '=======';
- 07:11:43 [INFO] Host: 
- 07:11:43 [INFO] Target: 
- 07:11:43 [INFO] Host: echo "Available frequencies"; cat /sys/devices/system/cpu/cpu0/cpufreq/scaling_available_frequencies 2>/dev/null;echo '=======';
- 07:11:43 [INFO] Target: 
echo "Available frequencies"; cat /sys/devices/system/cpu/cpu0/cpufreq/scaling
_available_frequencies 2>/dev/null;echo '=======';
- 07:11:43 [INFO] Host: 
- 07:11:43 [INFO] Target: 
- 07:11:43 [INFO] Host: TMPF=/tmp/a.\$\$; TMPF2=/tmp/b.\$\$; STR=""
- 07:11:43 [INFO] Target: 
TMPF=/tmp/a.\$\$; TMPF2=/tmp/b.\$\$; STR=""
- 07:11:43 [INFO] Host: 
- 07:11:43 [INFO] Target: 
- 07:11:43 [INFO] Host: cp /dev/kmsg \$TMPF &
- 07:11:43 [INFO] Target: 
cp /dev/kmsg \$TMPF &
- 07:11:43 [INFO] Host: 
- 07:11:43 [INFO] Target: 
- 07:11:43 [INFO] Host: PID=\$! ; sleep 5; kill -9 \$PID
- 07:11:43 [INFO] Target: 
PID=\$! ; sleep 5; kill -9 \$PID
- 07:11:43 [INFO] Host: 
- 07:11:44 [INFO] Target: 
- 07:11:44 [INFO] Host: 
- 07:11:44 [INFO] Target: 
- 07:11:44 [INFO] Host: 
- 07:11:44 [INFO] Target: 
- 07:11:44 [INFO] Host: cat \$TMPF|grep "^0">\$TMPF2; N=\`cat \$TMPF2|wc -l\`; if [ "\$N" -ne 0 ]; then STR="\$STR emerg=\$N";echo "===== EMERGE++";cat \$TMPF2|cut -d ';' -f2;echo "====="; fi
- 07:11:44 [INFO] Target: 
cat \$TMPF|grep "^0">\$TMPF2; N=\`cat \$TMPF2|wc -l\`; if [ "\$N" -ne 0 ]; the
n STR="\$STR emerg=\$N";echo "===== EMERGE++";cat \$TMPF2|cut -d ';' -f2;echo "=
===="; fi
- 07:11:44 [INFO] Host: 
- 07:11:44 [INFO] Target: 
- 07:11:44 [INFO] Host: cat \$TMPF|grep "^1">\$TMPF2; N=\`cat \$TMPF2|wc -l\`; if [ "\$N" -ne 0 ]; then STR="\$STR alert=\$N";echo "===== ALERT ==";cat \$TMPF2|cut -d ';' -f2;echo "====="; fi
- 07:11:44 [INFO] Target: 
cat \$TMPF|grep "^1">\$TMPF2; N=\`cat \$TMPF2|wc -l\`; if [ "\$N" -ne 0 ]; the
n STR="\$STR alert=\$N";echo "===== ALERT ==";cat \$TMPF2|cut -d ';' -f2;echo "=
===="; fi
- 07:11:44 [INFO] Host: 
- 07:11:44 [INFO] Target: 
- 07:11:44 [INFO] Host: cat \$TMPF|grep "^2">\$TMPF2; N=\`cat \$TMPF2|wc -l\`; if [ "\$N" -ne 0 ]; then STR="\$STR crit=\$N";echo "===== CRIT ==";cat \$TMPF2|cut -d ';' -f2;echo "====="; fi
- 07:11:44 [INFO] Target: 
cat \$TMPF|grep "^2">\$TMPF2; N=\`cat \$TMPF2|wc -l\`; if [ "\$N" -ne 0 ]; the
n STR="\$STR crit=\$N";echo "===== CRIT ==";cat \$TMPF2|cut -d ';' -f2;echo "===
=="; fi
- 07:11:44 [INFO] Host: 
- 07:11:44 [INFO] Target: 
- 07:11:44 [INFO] Host: cat \$TMPF|grep "^3">\$TMPF2; N=\`cat \$TMPF2|wc -l\`; if [ "\$N" -ne 0 ]; then STR="\$STR err=\$N";echo "===== ERR ==";cat \$TMPF2|cut -d ';' -f2;echo "=====" ;fi
- 07:11:45 [INFO] Target: 
cat \$TMPF|grep "^3">\$TMPF2; N=\`cat \$TMPF2|wc -l\`; if [ "\$N" -ne 0 ]; the
n STR="\$STR err=\$N";echo "===== ERR ==";cat \$TMPF2|cut -d ';' -f2;echo "=====
" ;fi
- 07:11:45 [INFO] Host: 
- 07:11:45 [INFO] Target: 
- 07:11:45 [INFO] Host: cat \$TMPF|grep "^4">\$TMPF2; N=\`cat \$TMPF2|wc -l\`; if [ "\$N" -ne 0 ]; then STR="\$STR warn=\$N";echo "===== WARN ==";cat \$TMPF2|cut -d ';' -f2;echo "=====" ;fi
- 07:11:45 [INFO] Target: 
cat \$TMPF|grep "^4">\$TMPF2; N=\`cat \$TMPF2|wc -l\`; if [ "\$N" -ne 0 ]; the
n STR="\$STR warn=\$N";echo "===== WARN ==";cat \$TMPF2|cut -d ';' -f2;echo "===
==" ;fi
- 07:11:45 [INFO] Host: 
- 07:11:45 [INFO] Target: 
- 07:11:45 [INFO] Host: rm \$TMPF \$TMPF2; echo "SUM""MARY RESULT: BOOT:" 'PASS: H''ello World' 'B''oard' "Booted" "Boot Log has::::\$STR:"
- 07:11:45 [INFO] Target: 
rm \$TMPF \$TMPF2; echo "SUM""MARY RESULT: BOOT:" 'PASS: H''ello World' 'B''oa
rd' "Booted" "Boot Log has::::\$STR:"
- 07:11:45 [INFO] Host: 
- 07:11:45 [INFO] Target: 
- 07:11:45 [INFO] Host: EOF
- 07:11:45 [INFO] Target: 
root@am37x-evm:/test# 
- 07:11:45 [INFO] Host: cd /test
- 07:11:45 [INFO] Target: 
cd /test
root@am37x-evm:/test# 
- 07:11:45 [INFO] Host: chmod +x test.sh
- 07:11:45 [INFO] Target: 
chmod +x test.sh
root@am37x-evm:/test# 
- 07:11:45 [INFO] Host: ./test.sh 2> stderr.log > stdout.log 3> result.log
- 07:11:51 [INFO] Target: 
./test.sh 2> stderr.log > stdout.log 3> result.log
root@am37x-evm:/test# 
- 07:11:51 [INFO] Host: echo $?
- 07:11:51 [INFO] Target: 
echo $?
root@am37x-evm:/test# 
- 07:11:51 [INFO] Host: cd /test
- 07:11:51 [INFO] Target: 
cd /test
root@am37x-evm:/test# 
- 07:11:51 [INFO] Host: cat stdout.log
- 07:11:56 [INFO] Target: 
cat stdout.log
cpuinfo:
processor	: 0
model name	: ARMv7 Processor rev 2 (v7l)
BogoMIPS	: 594.73
Features	: half thumb fastmult vfp edsp thumbee neon vfpv3 tls vfpd32 
CPU implementer	: 0x41
CPU architecture: 7
CPU variant	: 0x3
CPU part	: 0xc08
CPU revision	: 2
Hardware	: Generic OMAP36xx (Flattened Device Tree)
Revision	: 0000
Serial		: 0000000000000000
=======
soc info:
==> /sys/devices/soc0/family <==
OMAP3
==> /sys/devices/soc0/machine <==
OMAP3630
==> /sys/devices/soc0/power <==
==> /sys/devices/soc0/revision <==
ES1.2
==> /sys/devices/soc0/subsystem <==
==> /sys/devices/soc0/type <==
==> /sys/devices/soc0/uevent <==
=======
DT Model info
==> /proc/device-tree/name <==
==> /proc/device-tree/model <==
TI OMAP37XX EVM (TMDSEVM3730)
==> /proc/device-tree/compatible <==
ti,omap3-evm-37xxti,omap3630ti,omap3
=======
interrupts:
           CPU0       
 23:          0      INTC   7 Edge      TWL4030-PIH
 25:          0      INTC   9 Edge      l3-debug-irq
 26:          0      INTC  10 Edge      l3-app-irq
 28:          0      INTC  12 Edge      DMA
 29:       2256      INTC  13 Edge      omap-dma-engine
 36:          0      INTC  20 Edge      gpmc
 40:          0      INTC  24 Edge      480bd400.mmu
 45:          0      INTC  29 Edge      48310000.gpio
 46:          0      INTC  30 Edge      49050000.gpio
 47:          0      INTC  31 Edge      49052000.gpio
 48:          0      INTC  32 Edge      49054000.gpio
 49:          0      INTC  33 Edge      49056000.gpio
 50:         30      INTC  34 Edge      49058000.gpio
 53:       3720      INTC  37 Edge      gp_timer
 72:        976      INTC  56 Edge      48070000.i2c
 73:          0      INTC  57 Edge      48072000.i2c
 77:          0      INTC  61 Edge      48060000.i2c
 88:       8246      INTC  72 Edge      OMAP UART0
 99:       6922      INTC  83 Edge      mmc0
102:        144      INTC  86 Edge      mmc1
288:         30  49058000.gpio  16 Level     eth0
306:        998      PRCM Edge      pm_wkup
315:         72      PRCM Edge      pinctrl, pinctrl, pinctrl, pm_io
338:          0   pinctrl 338 Edge      4806a000.serial
341:          0   twl4030   0 Edge      twl4030_gpio
346:          0   twl4030   5 Edge      twl4030_power
375:         24   pinctrl 282 Edge      4809c000.mmc
IPI0:          0  CPU wakeup interrupts
IPI1:          0  Timer broadcast interrupts
IPI2:          0  Rescheduling interrupts
IPI3:          0  Function call interrupts
IPI4:          0  CPU stop interrupts
IPI5:          0  IRQ work interrupts
IPI6:          0  completion interrupts
Err:          0
=======
Clk_summary:
   clock                         enable_cnt  prepare_cnt        rate   accuracy   phase
----------------------------------------------------------------------------------------
 secure_32k_fck                           0            1       32768          0 0  
    wdt1_fck                              0            0       32768          0 0  
    gpt12_fck                             0            1       32768          0 0  
 dummy_ck                                 0            0           0          0 0  
 mcbsp_clks                               0            5           0          0 0  
 sys_altclk                               0            0           0          0 0  
 virt_38_4m_ck                            0            0    38400000          0 0  
 virt_26000000_ck                         1            1    26000000          0 0  
    osc_sys_ck                            1            1    26000000          0 0  
       sys_clkout1                        0            0    26000000          0 0  
       sys_ck                             3           18    13000000          0 0  
          gpt9_fck                        0            1    13000000          0 0  
          gpt8_fck                        0            1    13000000          0 0  
          gpt7_fck                        0            1    13000000          0 0  
          gpt6_fck                        0            1    13000000          0 0  
          gpt5_fck                        0            1    13000000          0 0  
          gpt4_fck                        0            1    13000000          0 0  
          gpt3_fck                        0            1    13000000          0 0  
          gpt2_fck                        0            1    13000000          0 0  
          cpefuse_fck                     0            0    13000000          0 0  
          dpll5_ck                        0            1   120000000          0 0  
             dpll5_m2_ck                  0            1   120000000          0 0  
                dpll5_m2_d20_ck           0            0     6000000          0 0  
                dpll5_m2_d16_ck           0            0     7500000          0 0  
                dpll5_m2_d8_ck            0            0    15000000          0 0  
                dpll5_m2_d4_ck            0            0    30000000          0 0  
                usbhost_120m_fck           0            0   120000000          0 0  
                usbtll_fck                0            1   120000000          0 0  
          sys_d2_ck                       0            0     6500000          0 0  
             usim_fck                     0            0     6500000          0 0  
          modem_fck                       0            0    13000000          0 0  
          dpll2_ck                        0            1   260000000          0 0  
             dpll2_m2_ck                  0            1   260000000          0 0  
                iva2_ck                   0            2   260000000          0 0  
          sr2_fck                         0            1    13000000          0 0  
          sr1_fck                         0            1    13000000          0 0  
          traceclk_src_fck                0            0    13000000          0 0  
             traceclk_fck                 0            0    13000000          0 0  
          emu_src_mux_ck                  0            1    13000000          0 0  
             emu_src_ck                   0            1    13000000          0 0  
                atclk_fck                 0            0    13000000          0 0  
                pclkx2_fck                0            0    13000000          0 0  
                pclk_fck                  0            0     6500000          0 0  
          dss2_alwon_fck                  0            2    13000000          0 0  
          dpll1_ck                        0            1   600000000          0 0  
             dpll1_x2_ck                  0            1  1200000000          0 0  
                dpll1_x2m2_ck             0            1  1200000000          0 0  
                   mpu_ck                 0            1  1200000000          0 0  
                      emu_mpu_alwon_ck           0            0  1200000000          0 0  
                      arm_fck             0            1   600000000          0 0  
          dpll3_ck                        1            1   400000000          0 0  
             dpll3_x2_ck                  0            0   800000000          0 0  
             dpll3_m2_ck                  1            2   400000000          0 0  
                dpll3_m2x2_ck             0            1   800000000          0 0  
                   corex2_fck             0            1   800000000          0 0  
                      ssi_ssr_fck_3430es2           0            1   266666667          0 0  
                         ssi_sst_fck_3430es2           0            0   133333333          0 0  
                      corex2_d5_fck           0            0   160000000          0 0  
                      corex2_d3_fck           0            0   266666666          0 0  
                core_ck                   1            1   400000000          0 0  
                   core_d2_ck             0            0   200000000          0 0  
                      sgx_fck             0            0   200000000          0 0  
                   core_d6_ck             0            0    66666666          0 0  
                   core_d4_ck             0            0   100000000          0 0  
                   core_d3_ck             0            0   133333333          0 0  
                   dpll2_fck              0            0   400000000          0 0  
                   l3_ick                 2            3   200000000          0 0  
                      sgx_ick             0            0   200000000          0 0  
                      mad2d_ick           0            0   200000000          0 0  
                      sad2d_ick           0            1   200000000          0 0  
                      security_l3_ick           0            0   200000000          0 0  
                         pka_ick           0            0   200000000          0 0  
                      core_l3_ick           8           10   200000000          0 0  
                         hsotgusb_ick_3430es2           0            1   200000000          0 0  
                         gpmc_fck           2            2   200000000          0 0  
                         sdrc_ick           1            1   200000000          0 0  
                      l4_ick              7            8   100000000          0 0  
                         usbhost_ick           1            1   100000000          0 0  
                         dss_ick_3430es2           4            6   100000000          0 0  
                         sr_l4_ick           2            2   100000000          0 0  
                         ssi_l4_ick           1            1   100000000          0 0  
                            ssi_ick_3430es2           1            1   100000000          0 0  
                         cam_ick           0            1   100000000          0 0  
                         security_l4_ick2           0            0   100000000          0 0  
                            des1_ick           0            0   100000000          0 0  
                            sha11_ick           0            0   100000000          0 0  
                            rng_ick           0            0   100000000          0 0  
                            aes1_ick           0            0   100000000          0 0  
                         per_l4_ick          15           18   100000000          0 0  
                            mcbsp4_ick           1            1   100000000          0 0  
                            mcbsp3_ick           2            3   100000000          0 0  
                            mcbsp2_ick           2            3   100000000          0 0  
                            gpt2_ick           1            1   100000000          0 0  
                            gpt3_ick           1            1   100000000          0 0  
                            gpt4_ick           1            1   100000000          0 0  
                            gpt5_ick           1            1   100000000          0 0  
                            gpt6_ick           1            1   100000000          0 0  
                            gpt7_ick           1            1   100000000          0 0  
                            gpt8_ick           1            1   100000000          0 0  
                            gpt9_ick           1            1   100000000          0 0  
                            uart4_ick           1            1   100000000          0 0  
                            uart3_ick           1            1   100000000          0 0  
                            wdt3_ick           0            0   100000000          0 0  
                            gpio2_ick           0            1   100000000          0 0  
                            gpio3_ick           0            1   100000000          0 0  
                            gpio4_ick           0            1   100000000          0 0  
                            gpio5_ick           1            1   100000000          0 0  
                            gpio6_ick           1            1   100000000          0 0  
                         core_l4_ick          21           23   100000000          0 0  
                            mmchs3_ick           1            1   100000000          0 0  
                            usbtll_ick           1            1   100000000          0 0  
                            mailboxes_ick           0            1   100000000          0 0  
                            mspro_ick           0            0   100000000          0 0  
                            des2_ick           0            0   100000000          0 0  
                            icr_ick           0            0   100000000          0 0  
                            sha12_ick           1            2   100000000          0 0  
                            aes2_ick           1            2   100000000          0 0  
                            omapctrl_ick           1            1   100000000          0 0  
                            mcbsp1_ick           1            1   100000000          0 0  
                            mcbsp5_ick           1            1   100000000          0 0  
                            gpt10_ick           1            1   100000000          0 0  
                            gpt11_ick           1            1   100000000          0 0  
                            uart1_ick           1            1   100000000          0 0  
                            uart2_ick           1            1   100000000          0 0  
                            i2c1_ick           1            1   100000000          0 0  
                            i2c2_ick           1            1   100000000          0 0  
                            i2c3_ick           1            1   100000000          0 0  
                            mcspi1_ick           1            1   100000000          0 0  
                            mcspi2_ick           1            1   100000000          0 0  
                            mcspi3_ick           1            1   100000000          0 0  
                            mcspi4_ick           1            1   100000000          0 0  
                            hdq_ick           0            1   100000000          0 0  
                            mmchs1_ick           1            1   100000000          0 0  
                            mmchs2_ick           1            1   100000000          0 0  
                         rm_ick           0            0    50000000          0 0  
                   dpll1_fck              0            0   200000000          0 0  
             dpll3_m3_ck                  0            0   200000000          0 0  
                dpll3_m3x2_mul_ck           0            0   400000000          0 0  
                   dpll3_m3x2_ck           0            0   400000000          0 0  
                      emu_core_alwon_ck           0            0   400000000          0 0  
          dpll4_ck                        1            3   864000000          0 0  
             dpll4_x2_ck                  0            0  1728000000          0 0  
             dpll4_m6_ck                  0            0   288000000          0 0  
                dpll4_m6x2_mul_ck           0            0   288000000          0 0  
                   dpll4_m6x2_ck           0            0   288000000          0 0  
                      emu_per_alwon_ck           0            0   288000000          0 0  
             dpll4_m5_ck                  0            0   216000000          0 0  
                dpll4_m5x2_mul_ck           0            0   216000000          0 0  
                   dpll4_m5x2_ck           0            0   216000000          0 0  
                      cam_mclk            0            0   216000000          0 0  
             dpll4_m4_ck                  0            1    96000000          0 0  
                dpll4_m4x2_mul_ck           0            1    96000000          0 0  
                   dpll4_m4x2_ck           0            1    96000000          0 0  
                      dss1_alwon_fck_3430es2           0            4    96000000          0 0  
