- 06:22:26 [INFO] Starting target session
- 06:22:26 [INFO] Connected to am37x-evm via serial 
- 06:22:26 [INFO] Host: #check prompt
- 06:22:29 [ERROR] On command: #check prompt waiting for #check prompt.+?(?-mix:((?-mix:login:)|[Pp]assword)) >>> error: execution expired
- 06:22:29 [INFO] Target: 
#check prompt
OMAP3_EVM # 
- 06:22:29 [INFO] Host: #check prompt
- 06:22:31 [ERROR] On command: #check prompt waiting for #check prompt.+?(?-mix:root@.+[@:#]+) >>> error: execution expired
- 06:22:31 [INFO] Target: 
#check prompt
OMAP3_EVM # 
- 06:22:31 [INFO] Host: #check prompt
- 06:22:33 [ERROR] On command: #check prompt waiting for #check prompt.+?(?-mix:root@.+[@:#]+) >>> error: execution expired
- 06:22:33 [INFO] Target: 
#check prompt
OMAP3_EVM # 
- 06:22:33 [INFO] Host: #check prompt
- 06:22:35 [ERROR] On command: #check prompt waiting for #check prompt.+?(?-mix:root@.+[@:#]+) >>> error: execution expired
- 06:22:35 [INFO] Target: 
#check prompt
OMAP3_EVM # 
- 06:22:35 [INFO] Disconnected serial from am37x-evm
- 06:22:36 [INFO] Connected to am37x-evm via serial 
- 06:22:36 [INFO] Host: 
- 06:22:38 [INFO] Target: 
U-Boot SPL 2015.07-00043-gaada495 (Nov 09 2015 - 12:23:36)
reading u-boot.img
reading u-boot.img
U-Boot 2015.07-00043-gaada495 (Nov 09 2015 - 12:23:36 -0500)
OMAP3630/3730-GP ES1.2, CPU-OPP2, L3-200MHz, Max CPU Clock 1 Ghz
OMAP3 EVM board + LPDDR/NAND
I2C:   ready
DRAM:  256 MiB
NAND:  512 MiB
MMC:   OMAP SD/MMC: 0
Error: Bad compare! failed
NAND read from offset 260000 failed -74
*** Warning - readenv() failed, using default environment
In:    serial
Out:   serial
Err:   serial
Read back SMSC id 0x92200000
Die ID #16d400029ff80000015f02690c019016
Net:   smc911x-0
Warning: Your board does not use generic board. Please read
doc/README.generic-board and take action. Boards not
upgraded by the late 2014 may break or be removed.
Hit any key to stop autoboot:  3  0 
OMAP3_EVM # 
OMAP3_EVM # 
OMAP3_EVM # 
OMAP3_EVM # 
OMAP3_EVM # 
- 06:22:38 [INFO] Host: 
- 06:22:38 [INFO] Target: 
OMAP3_EVM # 
- 06:22:38 [INFO] Host: version
- 06:22:38 [INFO] Target: 
OMAP3_EVM # version
U-Boot 2015.07-00043-gaada495 (Nov 09 2015 - 12:23:36 -0500)
arm-linux-gnueabihf-gcc (crosstool-NG linaro-1.13.1-4.7-2013.03-20130313 - Linaro GCC 2013.03) 4.7.3 20130226 (prerelease)
GNU ld (crosstool-NG linaro-1.13.1-4.7-2013.03-20130313 - Linaro GCC 2013.03) 2.23.1
OMAP3_EVM # 
- 06:22:38 [INFO] Host: setenv bootargs 'console=ttyO0,115200n8 earlyprintk  '
- 06:22:38 [INFO] Target: 
setenv bootargs 'console=ttyO0,115200n8 earlyprintk  '
OMAP3_EVM # 
- 06:22:38 [INFO] Host: setenv bootcmd  ''
- 06:22:38 [INFO] Target: 
setenv bootcmd  ''
OMAP3_EVM # 
- 06:22:38 [INFO] Host: setenv autoload 'no'
- 06:22:38 [INFO] Target: 
setenv autoload 'no'
OMAP3_EVM # 
- 06:22:38 [INFO] Host: setenv serverip '192.168.0.1'
- 06:22:39 [INFO] Target: 
setenv serverip '192.168.0.1'
OMAP3_EVM # 
- 06:22:39 [INFO] Host: printenv
- 06:22:39 [INFO] Target: 
printenv
autoload=no
baudrate=115200
bootargs=console=ttyO0,115200n8 earlyprintk  
bootcmd=
bootdelay=3
bootfile=uImage
bootscript=echo Running bootscript from mmc ...; source ${loadaddr}
console=ttyO0,115200n8
dieid#=16d400029ff80000015f02690c019016
ethact=smc911x-0
ethaddr=00:50:c2:7e:93:ba
loadaddr=0x82000000
loadbootscript=fatload mmc ${mmcdev} ${loadaddr} boot.scr
loaduimage=fatload mmc ${mmcdev} ${loadaddr} uImage
mmcargs=setenv bootargs console=${console} root=/dev/mmcblk0p2 rw rootfstype=ext3 rootwait
mmcboot=echo Booting from mmc ...; run mmcargs; bootm ${loadaddr}
mmcdev=0
nandargs=setenv bootargs console=${console} root=/dev/mtdblock4 rw rootfstype=jffs2
nandboot=echo Booting from nand ...; run nandargs; onenand read ${loadaddr} 280000 400000; bootm ${loadaddr}
serverip=192.168.0.1
stderr=serial
stdin=serial
stdout=serial
usbtty=cdc_acm
Environment size: 900/131068 bytes
OMAP3_EVM # 
- 06:22:39 [INFO] Host: printenv
- 06:22:39 [INFO] Target: 
printenv
autoload=no
baudrate=115200
bootargs=console=ttyO0,115200n8 earlyprintk  
bootcmd=
bootdelay=3
bootfile=uImage
bootscript=echo Running bootscript from mmc ...; source ${loadaddr}
console=ttyO0,115200n8
dieid#=16d400029ff80000015f02690c019016
ethact=smc911x-0
ethaddr=00:50:c2:7e:93:ba
loadaddr=0x82000000
loadbootscript=fatload mmc ${mmcdev} ${loadaddr} boot.scr
loaduimage=fatload mmc ${mmcdev} ${loadaddr} uImage
mmcargs=setenv bootargs console=${console} root=/dev/mmcblk0p2 rw rootfstype=ext3 rootwait
mmcboot=echo Booting from mmc ...; run mmcargs; bootm ${loadaddr}
mmcdev=0
nandargs=setenv bootargs console=${console} root=/dev/mtdblock4 rw rootfstype=jffs2
nandboot=echo Booting from nand ...; run nandargs; onenand read ${loadaddr} 280000 400000; bootm ${loadaddr}
serverip=192.168.0.1
stderr=serial
stdin=serial
stdout=serial
usbtty=cdc_acm
Environment size: 900/131068 bytes
OMAP3_EVM # 
- 06:22:39 [INFO] Host: setenv bootargs ''${bootargs}' ip=:::::eth0:dhcp '
- 06:22:39 [INFO] Target: 
setenv bootargs ''${bootargs}' ip=:::::eth0:dhcp '
OMAP3_EVM # 
- 06:22:39 [INFO] Host: setenv serverip '192.168.0.1'
- 06:22:39 [INFO] Target: 
setenv serverip '192.168.0.1'
OMAP3_EVM # 
- 06:22:39 [INFO] Host: setenv autoload 'no'
- 06:22:39 [INFO] Target: 
setenv autoload 'no'
OMAP3_EVM # 
- 06:22:39 [INFO] Host: dhcp
- 06:22:42 [INFO] Target: 
dhcp
smc911x: MAC 00:50:c2:7e:93:ba
smc911x: detected LAN9220 controller
smc911x: phy initialized
smc911x: MAC 00:50:c2:7e:93:ba
BOOTP broadcast 1
BOOTP broadcast 2
BOOTP broadcast 3
DHCP client bound to address 192.168.0.91 (1045 ms)
smc911x: MAC 00:50:c2:7e:93:ba
OMAP3_EVM # 
- 06:22:42 [INFO] Host: tftp ${loadaddr} 192.168.0.1:vatf_am37x-evm/e7dcc4fc32deabdc08c43c40437a931c
- 06:22:44 [INFO] Target: 
tftp ${loadaddr} 192.168.0.1:vatf_am37x-evm/e7dcc4fc32deabdc08c43c40437a931c
smc911x: MAC 00:50:c2:7e:93:ba
smc911x: detected LAN9220 controller
smc911x: phy initialized
smc911x: MAC 00:50:c2:7e:93:ba
Using smc911x-0 device
TFTP from server 192.168.0.1; our IP address is 192.168.0.91
Filename 'vatf_am37x-evm/e7dcc4fc32deabdc08c43c40437a931c'.
Load address: 0x82000000
Loading: *#################################################################
	 #################################################################
	 #################################################################
	 #######################################################
	 3.3 MiB/s
done
Bytes transferred = 3662267 (37e1bb hex)
smc911x: MAC 00:50:c2:7e:93:ba
OMAP3_EVM # 
- 06:22:44 [INFO] Host: ls mmc 0:1
- 06:22:45 [INFO] Target: 
ls mmc 0:1
ls - list files in a directory (default /)
Usage:
ls [ directory ]
OMAP3_EVM # 
- 06:22:45 [INFO] Host: ls mmc 0:2
- 06:22:45 [INFO] Target: 
ls mmc 0:2
ls - list files in a directory (default /)
Usage:
ls [ directory ]
OMAP3_EVM # 
- 06:22:45 [INFO] Host: ls mmc 0:3
- 06:22:45 [INFO] Target: 
ls mmc 0:3
ls - list files in a directory (default /)
Usage:
ls [ directory ]
OMAP3_EVM # 
- 06:22:45 [INFO] Host: ls mmc 0:4
- 06:22:45 [INFO] Target: 
ls mmc 0:4
ls - list files in a directory (default /)
Usage:
ls [ directory ]
OMAP3_EVM # 
- 06:22:45 [INFO] Host: ls mmc 0:5
- 06:22:45 [INFO] Target: 
ls mmc 0:5
ls - list files in a directory (default /)
Usage:
ls [ directory ]
OMAP3_EVM # 
- 06:22:45 [INFO] Host: part uuid mmc 0:
- 06:22:45 [INFO] Target: 
part uuid mmc 0:
Unknown command 'part' - try 'help'
OMAP3_EVM # 
- 06:22:45 [INFO] Host: printenv
- 06:22:45 [INFO] Target: 
printenv
autoload=no
baudrate=115200
bootargs=console=ttyO0,115200n8 earlyprintk   ip=:::::eth0:dhcp 
bootcmd=
bootdelay=3
bootfile=uImage
bootscript=echo Running bootscript from mmc ...; source ${loadaddr}
console=ttyO0,115200n8
dieid#=16d400029ff80000015f02690c019016
ethact=smc911x-0
ethaddr=00:50:c2:7e:93:ba
fileaddr=82000000
filesize=37e1bb
gatewayip=192.168.0.1
ipaddr=192.168.0.91
loadaddr=0x82000000
loadbootscript=fatload mmc ${mmcdev} ${loadaddr} boot.scr
loaduimage=fatload mmc ${mmcdev} ${loadaddr} uImage
mmcargs=setenv bootargs console=${console} root=/dev/mmcblk0p2 rw rootfstype=ext3 rootwait
mmcboot=echo Booting from mmc ...; run mmcargs; bootm ${loadaddr}
mmcdev=0
nandargs=setenv bootargs console=${console} root=/dev/mtdblock4 rw rootfstype=jffs2
nandboot=echo Booting from nand ...; run nandargs; onenand read ${loadaddr} 280000 400000; bootm ${loadaddr}
netmask=255.255.255.0
serverip=192.168.0.1
stderr=serial
stdin=serial
stdout=serial
usbtty=cdc_acm
Environment size: 1027/131068 bytes
OMAP3_EVM # 
- 06:22:45 [INFO] Host: setenv bootargs ''${bootargs}' root=/dev/mmcblk0p2 rw rootfstype=ext3 rootwait '
- 06:22:45 [INFO] Target: 
setenv bootargs ''${bootargs}' root=/dev/mmcblk0p2 rw rootfstype=ext3 rootwait '
OMAP3_EVM # 
- 06:22:45 [INFO] Host: printenv
- 06:22:45 [INFO] Target: 
printenv
autoload=no
baudrate=115200
bootargs=console=ttyO0,115200n8 earlyprintk   ip=:::::eth0:dhcp  root=/dev/mmcblk0p2 rw rootfstype=ext3 rootwait 
bootcmd=
bootdelay=3
bootfile=uImage
bootscript=echo Running bootscript from mmc ...; source ${loadaddr}
console=ttyO0,115200n8
dieid#=16d400029ff80000015f02690c019016
ethact=smc911x-0
ethaddr=00:50:c2:7e:93:ba
fileaddr=82000000
filesize=37e1bb
gatewayip=192.168.0.1
ipaddr=192.168.0.91
loadaddr=0x82000000
loadbootscript=fatload mmc ${mmcdev} ${loadaddr} boot.scr
loaduimage=fatload mmc ${mmcdev} ${loadaddr} uImage
mmcargs=setenv bootargs console=${console} root=/dev/mmcblk0p2 rw rootfstype=ext3 rootwait
mmcboot=echo Booting from mmc ...; run mmcargs; bootm ${loadaddr}
mmcdev=0
nandargs=setenv bootargs console=${console} root=/dev/mtdblock4 rw rootfstype=jffs2
nandboot=echo Booting from nand ...; run nandargs; onenand read ${loadaddr} 280000 400000; bootm ${loadaddr}
netmask=255.255.255.0
serverip=192.168.0.1
stderr=serial
stdin=serial
stdout=serial
usbtty=cdc_acm
Environment size: 1076/131068 bytes
OMAP3_EVM # 
- 06:22:45 [INFO] Host: setenv bootcmd ''${bootcmd}' if iminfo ${loadaddr}; then bootm ${loadaddr}  ; else bootz ${loadaddr}  ; bootm ${loadaddr}  ; fi'
- 06:22:46 [INFO] Target: 
setenv bootcmd ''${bootcmd}' if iminfo ${loadaddr}; then bootm ${loadaddr}  ; else bootz ${loadaddr}  ; bootm ${loadaddr}  ; fi'
OMAP3_EVM # 
- 06:22:46 [INFO] Host: version
- 06:22:46 [INFO] Target: 
version
U-Boot 2015.07-00043-gaada495 (Nov 09 2015 - 12:23:36 -0500)
arm-linux-gnueabihf-gcc (crosstool-NG linaro-1.13.1-4.7-2013.03-20130313 - Linaro GCC 2013.03) 4.7.3 20130226 (prerelease)
GNU ld (crosstool-NG linaro-1.13.1-4.7-2013.03-20130313 - Linaro GCC 2013.03) 2.23.1
OMAP3_EVM # 
- 06:22:46 [INFO] Host: bdinfo
- 06:22:46 [INFO] Target: 
bdinfo
arch_number = 0x000005FF
boot_params = 0x80000100
DRAM bank   = 0x00000000
-> start    = 0x80000000
-> size     = 0x10000000
DRAM bank   = 0x00000001
-> start    = 0x90000000
-> size     = 0x00000000
eth0name    = smc911x-0
ethaddr     = 00:50:c2:7e:93:ba
current eth = smc911x-0
ip_addr     = 192.168.0.91
baudrate    = 115200 bps
TLB addr    = 0x8FFF0000
relocaddr   = 0x8FF61000
reloc off   = 0x0FE61000
irq_sp      = 0x8FF00F24
sp start    = 0x8FF00F18
OMAP3_EVM # 
- 06:22:46 [INFO] Host: mmc rescan; echo $?
- 06:22:46 [INFO] Target: 
mmc rescan; echo $?
OMAP3_EVM # 
- 06:22:46 [INFO] Host: fatwrite mmc ${mmcdev}:1 ${loadaddr} ws-calibrate.rules 4
- 06:22:46 [INFO] Target: 
fatwrite mmc ${mmcdev}:1 ${loadaddr} ws-calibrate.rules 4
Unknown command 'fatwrite' - try 'help'
OMAP3_EVM # 
- 06:22:46 [INFO] Host: boot
- 06:23:40 [INFO] Target: 
boot
Unknown command 'iminfo' - try 'help'
Unknown command 'bootz' - try 'help'
## Booting kernel from Legacy Image at 82000000 ...
   Image Name:   Linux-4.4.0-rc1-next-20151120-00
   Image Type:   ARM Linux Kernel Image (uncompressed)
   Data Size:    3662203 Bytes = 3.5 MiB
   Load Address: 80800000
   Entry Point:  80800000
   Verifying Checksum ... OK
   Loading Kernel Image ... OK
Starting kernel ...
[    0.000000] Booting Linux on physical CPU 0x0
[    0.000000] Initializing cgroup subsys cpuset
[    0.000000] Initializing cgroup subsys cpu
[    0.000000] Initializing cgroup subsys cpuacct
[    0.000000] Linux version 4.4.0-rc1-next-20151120-00002-g1bcf70991ad0 (nmenon@kahuna) (gcc version 4.6.3 (Ubuntu/Linaro 4.6.3-1ubuntu5) ) #1 SMP Fri Nov 20 05:36:46 CST 2015
[    0.000000] CPU: ARMv7 Processor [413fc082] revision 2 (ARMv7), cr=10c5387d
[    0.000000] CPU: PIPT / VIPT nonaliasing data cache, VIPT aliasing instruction cache
[    0.000000] Machine model: TI OMAP37XX EVM (TMDSEVM3730)
[    0.000000] cma: Reserved 16 MiB at 0x8e800000
[    0.000000] Memory policy: Data cache writeback
[    0.000000] CPU: All CPU(s) started in SVC mode.
[    0.000000] OMAP3630 ES1.2 (l2cache iva sgx neon isp 192mhz_clk )
[    0.000000] PERCPU: Embedded 14 pages/cpu @cfb37000 s25088 r8192 d24064 u57344
[    0.000000] Built 1 zonelists in Zone order, mobility grouping on.  Total pages: 64448
[    0.000000] Kernel command line: console=ttyO0,115200n8 earlyprintk   ip=:::::eth0:dhcp  root=/dev/mmcblk0p2 rw rootfstype=ext3 rootwait 
[    0.000000] PID hash table entries: 1024 (order: 0, 4096 bytes)
[    0.000000] Dentry cache hash table entries: 32768 (order: 5, 131072 bytes)
[    0.000000] Inode-cache hash table entries: 16384 (order: 4, 65536 bytes)
[    0.000000] Memory: 222224K/260096K available (6637K kernel code, 748K rwdata, 2240K rodata, 456K init, 8262K bss, 21488K reserved, 16384K cma-reserved, 0K highmem)
[    0.000000] Virtual kernel memory layout:
[    0.000000]     vector  : 0xffff0000 - 0xffff1000   (   4 kB)
[    0.000000]     fixmap  : 0xffc00000 - 0xfff00000   (3072 kB)
[    0.000000]     vmalloc : 0xd0800000 - 0xff800000   ( 752 MB)
[    0.000000]     lowmem  : 0xc0000000 - 0xd0000000   ( 256 MB)
[    0.000000]     pkmap   : 0xbfe00000 - 0xc0000000   (   2 MB)
[    0.000000]     modules : 0xbf000000 - 0xbfe00000   (  14 MB)
[    0.000000]       .text : 0xc0008000 - 0xc08b39b0   (8879 kB)
[    0.000000]       .init : 0xc08b4000 - 0xc0926000   ( 456 kB)
[    0.000000]       .data : 0xc0926000 - 0xc09e1048   ( 749 kB)
[    0.000000]        .bss : 0xc09e4000 - 0xc11f5ae8   (8263 kB)
[    0.000000] Running RCU self tests
[    0.000000] Hierarchical RCU implementation.
[    0.000000] 	RCU lockdep checking is enabled.
[    0.000000] 	Build-time adjustment of leaf fanout to 32.
[    0.000000] 	RCU restricting CPUs from NR_CPUS=2 to nr_cpu_ids=1.
[    0.000000] RCU: Adjusting geometry for rcu_fanout_leaf=32, nr_cpu_ids=1
[    0.000000] NR_IRQS:16 nr_irqs:16 16
[    0.000000] IRQ: Found an INTC at 0xfa200000 (revision 4.0) with 96 interrupts
[    0.000000] Clocking rate (Crystal/Core/MPU): 26.0/400/600 MHz
[    0.000000] OMAP clockevent source: timer1 at 32768 Hz
[    0.000000] clocksource: 32k_counter: mask: 0xffffffff max_cycles: 0xffffffff, max_idle_ns: 58327039986419 ns
[    0.000000] sched_clock: 32 bits at 32kHz, resolution 30517ns, wraps every 65535999984741ns
[    0.000000] OMAP clocksource: 32k_counter at 32768 Hz
[    0.001708] Console: colour dummy device 80x30
[    0.001770] Lock dependency validator: Copyright (c) 2006 Red Hat, Inc., Ingo Molnar
[    0.001800] ... MAX_LOCKDEP_SUBCLASSES:  8
[    0.001800] ... MAX_LOCK_DEPTH:          48
[    0.001800] ... MAX_LOCKDEP_KEYS:        8191
[    0.001831] ... CLASSHASH_SIZE:          4096
[    0.001831] ... MAX_LOCKDEP_ENTRIES:     32768
[    0.001861] ... MAX_LOCKDEP_CHAINS:      65536
[    0.001861] ... CHAINHASH_SIZE:          32768
[    0.001892]  memory used by lock dependency info: 5167 kB
[    0.001892]  per task-struct memory footprint: 1536 bytes
[    0.001922] Calibrating delay loop... 594.73 BogoMIPS (lpj=2973696)
[    0.106109] pid_max: default: 32768 minimum: 301
[    0.106750] Security Framework initialized
[    0.106964] Mount-cache hash table entries: 1024 (order: 0, 4096 bytes)
[    0.106964] Mountpoint-cache hash table entries: 1024 (order: 0, 4096 bytes)
[    0.111358] Initializing cgroup subsys io
[    0.111511] Initializing cgroup subsys memory
[    0.111602] Initializing cgroup subsys devices
[    0.111724] Initializing cgroup subsys freezer
[    0.111907] Initializing cgroup subsys perf_event
[    0.111999] CPU: Testing write buffer coherency: ok
[    0.113922] CPU0: thread -1, cpu 0, socket -1, mpidr 0
[    0.114074] Setting up static identity map for 0x80008280 - 0x800082f0
[    0.119567] Brought up 1 CPUs
[    0.119598] SMP: Total of 1 processors activated (594.73 BogoMIPS).
[    0.119598] CPU: All CPU(s) started in SVC mode.
[    0.124999] devtmpfs: initialized
[    0.241149] VFP support v0.3: implementor 41 architecture 3 part 30 variant c rev 3
[    0.328552] omap_hwmod: mcbsp2_sidetone using broken dt data from mcbsp
[    0.330993] omap_hwmod: mcbsp3_sidetone using broken dt data from mcbsp
[    0.442932] clocksource: jiffies: mask: 0xffffffff max_cycles: 0xffffffff, max_idle_ns: 19112604462750000 ns
[    0.446044] pinctrl core: initialized pinctrl subsystem
[    0.453643] NET: Registered protocol family 16
[    0.462585] DMA: preallocated 256 KiB pool for atomic coherent allocations
[    0.465637] cpuidle: using governor ladder
[    0.465667] cpuidle: using governor menu
[    0.466430] Reprogramming SDRC clock to 400000000 Hz
[    0.484283] OMAP GPIO hardware version 2.5
[    0.501617] irq: no irq domain found for /ocp/l4@48000000/scm@2000/pinmux@30 !
[    0.502532] irq: no irq domain found for /ocp/l4@48000000/scm@2000/pinmux@30 !
[    0.503448] irq: no irq domain found for /ocp/l4@48000000/scm@2000/pinmux@30 !
[    0.512115] irq: no irq domain found for /ocp/l4@48000000/scm@2000/pinmux@30 !
[    0.530242] omap-gpmc 6e000000.gpmc: GPMC revision 5.0
[    0.530487] gpmc_mem_init: disabling cs 0 mapped at 0x0-0x1000000
[    0.535156] platform 48058000.ssi-controller: Cannot lookup hwmod 'ssi'
[    0.545654] No ATAGs?
[    0.545684] hw-breakpoint: debug architecture 0x4 unsupported.
[    0.547515] omap4_sram_init:Unable to allocate sram needed to handle errata I688
[    0.547546] omap4_sram_init:Unable to get sram pool needed to handle errata I688
[    0.549591] OMAP DMA hardware revision 5.0
[    0.602264] omap-dma-engine 48056000.dma-controller: OMAP DMA engine driver
[    0.607177] reg-fixed-voltage wl12xx_vmmc: could not find pctldev for node /ocp/l4@48000000/scm@2000/pinmux@30/pinmux_wl12xx_gpio, deferring probe
[    0.614501] SCSI subsystem initialized
[    0.620391] omap_i2c 48070000.i2c: bus 0 rev4.4 at 2600 kHz
[    0.622406] omap_i2c 48072000.i2c: bus 1 rev4.4 at 400 kHz
[    0.624633] omap_i2c 48060000.i2c: bus 2 rev4.4 at 400 kHz
[    0.625427] pps_core: LinuxPPS API ver. 1 registered
[    0.625457] pps_core: Software ver. 5.3.6 - Copyright 2005-2007 Rodolfo Giometti <giometti@linux.it>
[    0.625579] PTP clock support registered
[    0.631530] clocksource: Switched to clocksource 32k_counter
[    0.859283] NET: Registered protocol family 2
[    0.862213] TCP established hash table entries: 2048 (order: 1, 8192 bytes)
[    0.862304] TCP bind hash table entries: 2048 (order: 4, 73728 bytes)
[    0.863403] TCP: Hash tables configured (established 2048 bind 2048)
[    0.863677] UDP hash table entries: 256 (order: 2, 20480 bytes)
[    0.864013] UDP-Lite hash table entries: 256 (order: 2, 20480 bytes)
[    0.865417] NET: Registered protocol family 1
[    0.867675] RPC: Registered named UNIX socket transport module.
[    0.867706] RPC: Registered udp transport module.
[    0.867706] RPC: Registered tcp transport module.
[    0.867736] RPC: Registered tcp NFSv4.1 backchannel transport module.
[    0.874328] hw perfevents: enabled with armv7_cortex_a8 PMU driver, 5 counters available
[    0.882873] futex hash table entries: 256 (order: 2, 16384 bytes)
[    0.883239] audit: initializing netlink subsys (disabled)
[    0.883544] audit: type=2000 audit(0.870:1): initialized
[    0.889739] VFS: Disk quotas dquot_6.6.0
[    0.889953] VFS: Dquot-cache hash table entries: 1024 (order 0, 4096 bytes)
[    0.893737] NFS: Registering the id_resolver key type
[    0.894256] Key type id_resolver registered
[    0.894287] Key type id_legacy registered
[    0.894561] jffs2: version 2.2. (NAND) (SUMMARY)   2001-2006 Red Hat, Inc.
[    0.902587] io scheduler noop registered
[    0.902648] io scheduler deadline registered
[    0.902709] io scheduler cfq registered (default)
[    0.906280] pinctrl-single 48002030.pinmux: 284 pins at pa fa002030 size 568
[    0.907043] pinctrl-single 48002a00.pinmux: 46 pins at pa fa002a00 size 92
[    0.908264] pinctrl-single 480025a0.pinmux: 46 pins at pa fa0025a0 size 92
[    0.916320] Serial: 8250/16550 driver, 4 ports, IRQ sharing enabled
[    0.926849] 4806a000.serial: ttyO0 at MMIO 0x4806a000 (irq = 88, base_baud = 3000000) is a OMAP UART0
[    1.753173] console [ttyO0] enabled
[    1.760253] 4806c000.serial: ttyO1 at MMIO 0x4806c000 (irq = 89, base_baud = 3000000) is a OMAP UART1
[    1.773101] 49020000.serial: ttyO2 at MMIO 0x49020000 (irq = 90, base_baud = 3000000) is a OMAP UART2
[    1.785095] omap_uart 49042000.serial: no wakeirq for uart3
[    1.791534] 49042000.serial: ttyO3 at MMIO 0x49042000 (irq = 96, base_baud = 3000000) is a OMAP UART3
[    1.856262] brd: module loaded
[    1.892608] loop: module loaded
[    1.919494] twl 0-0048: PIH (irq 23) chaining IRQs 341..349
[    1.925994] twl 0-0048: power (irq 346) chaining IRQs 349..356
[    1.996124] twl4030_gpio twl4030-gpio: gpio (irq 341) chaining IRQs 357..374
[    2.084197] mtdoops: mtd device (mtddev=name/number) must be supplied
[    2.093658] nand: Could not find valid ONFI parameter page; aborting
[    2.100433] nand: device found, Manufacturer ID: 0xad, Chip ID: 0xbc
[    2.107208] nand: Hynix NAND 512MiB 1,8V 16-bit
[    2.112030] nand: 512 MiB, SLC, erase size: 128 KiB, page size: 2048, OOB size: 64
[    2.120025] nand: using OMAP_ECC_BCH8_CODE_HW_DETECTION_SW
[    2.128479] NAND 512MiB 1,8V 16-bit: 'partitions' subnode not found on /ocp/gpmc@6e000000/nand@0,0. Trying to parse direct subnodes as partitions.
[    2.142578] 5 ofpart partitions found on MTD device NAND 512MiB 1,8V 16-bit
[    2.149902] Creating 5 MTD partitions on "NAND 512MiB 1,8V 16-bit":
[    2.156585] 0x000000000000-0x000000080000 : "X-Loader"
[    2.171142] 0x000000080000-0x000000240000 : "U-Boot"
[    2.183685] 0x000000240000-0x000000280000 : "Environment"
[    2.195312] 0x000000280000-0x000000780000 : "Kernel"
[    2.210327] 0x000000780000-0x000020000000 : "Filesystem"
[    2.719757] libphy: smsc911x-mdio: probed
[    2.724700] smsc911x 2c000000.ethernet eth0: attached PHY driver [SMSC LAN8700] (mii_bus:phy_addr=2c000000.etherne:01, irq=-1)
[    2.737091] smsc911x 2c000000.ethernet eth0: MAC Address: 00:50:c2:7e:93:ba
[    2.750915] mousedev: PS/2 mouse device common for all mice
[    2.756958] i2c /dev entries driver
[    2.816131] ledtrig-cpu: registered to indicate activity on CPUs
[    2.824829] oprofile: using arm/armv7
[    2.829681] Initializing XFRM netlink socket
[    2.834930] NET: Registered protocol family 10
[    2.845153] sit: IPv6 over IPv4 tunneling driver
[    2.853515] NET: Registered protocol family 17
[    2.858337] NET: Registered protocol family 15
[    2.863708] Key type dns_resolver registered
[    2.868652] omap2_set_init_voltage: unable to find boot up OPP for vdd_mpu_iva
[    2.876342] omap2_set_init_voltage: unable to set vdd_mpu_iva
[    2.882507] omap2_set_init_voltage: unable to find boot up OPP for vdd_core
[    2.889831] omap2_set_init_voltage: unable to set vdd_core
[    2.900970] ThumbEE CPU extension supported.
[    2.905639] Registering SWP/SWPB emulation handler
[    2.910736] SmartReflex Class3 initialized
[    2.935272] vwl1271: supplied by VMMC2
[    3.064971] hctosys: unable to open rtc device (rtc0)
[    3.070343] sr_init: No PMIC hook to init smartreflex
[    3.076385] smartreflex smartreflex.0: omap_sr_probe: SmartReflex driver initialized
[    3.085632] smartreflex smartreflex.1: omap_sr_probe: SmartReflex driver initialized
[    3.186279] smsc911x 2c000000.ethernet eth0: SMSC911x/921x identified at 0xd081e000, IRQ: 288
[    3.195831] IPv6: ADDRCONF(NETDEV_UP): eth0: link is not ready
[    3.214935] mmc0: host does not support reading read-only switch, assuming write-enable
[    3.226104] mmc0: new high speed SDHC card at address b368
[    3.235687] mmcblk0: mmc0:b368 SDC   3.75 GiB 
[    3.246520]  mmcblk0: p1 p2 p3
[    3.263488] omap_hsmmc 480b4000.mmc: card claims to support voltages below defined range
[    3.298370] mmc1: queuing unknown CIS tuple 0x91 (3 bytes)
[    3.309417] mmc1: new SDIO card at address 0001
[    5.743041] IPv6: ADDRCONF(NETDEV_CHANGE): eth0: link becomes ready
[    5.763336] Sending DHCP requests .
[    5.771972] ,[    5.851867]  OK
[    5.853759] IP-Config: Got DHCP answer from 192.168.0.1, 
[    5.859252] my address is 192.168.0.91
[    5.864227] IP-Config: Complete:
[    5.867645]      device=eth0, hwaddr=00:50:c2:7e:93:ba, ipaddr=192.168.0.91, mask=255.255.255.0, gw=192.168.0.1
[    5.878356]      host=192.168.0.91, domain=tim.com, nis-domain=(none)
[    5.885192]      bootserver=192.168.0.1, rootserver=192.168.0.1, rootpath=
[    5.892303]      nameserver0=192.0.2.2, nameserver1=192.0.2.3
[    5.898376] 
[    5.900543] lcd_3v3: disabling
[    5.907379] VUSB3V1: disabling
[    5.911163] vwl1271: disabling
[    5.925994] EXT4-fs (mmcblk0p2): mounting ext3 file system using the ext4 subsystem
[    5.957061] EXT4-fs (mmcblk0p2): warning: maximal mount count reached, running e2fsck is recommended
[    6.324493] EXT4-fs (mmcblk0p2): mounted filesystem with ordered data mode. Opts: (null)
[    6.333343] VFS: Mounted root (ext3 filesystem) on device 179:2.
[    6.354095] devtmpfs: mounted
[    6.358398] Freeing unused kernel memory: 456K (c08b4000 - c0926000)
INIT: version 2.86 booting
Please wait: booting...
Error opening /dev/fb0: No such file or directory
Starting udev
WARNING: -e needs -E or -F
[    7.620330] udevd (119): /proc/119/oom_adj is deprecated, please use /proc/119/oom_score_adj instead.
[   23.629028] EXT4-fs (mmcblk0p3): mounting ext3 file system using the ext4 subsystem
[   23.666778] EXT4-fs (mmcblk0p3): warning: maximal mount count reached, running e2fsck is recommended
[   23.748260] EXT4-fs (mmcblk0p3): mounted filesystem with ordered data mode. Opts: (null)
[   23.763153] FAT-fs (mmcblk0p1): Volume was not properly unmounted. Some data may be corrupt. Please run fsck.
[   23.907531] alignment: ignoring faults is unsafe on this CPU.  Defaulting to fixup mode.
Remounting root file system...
[   24.078704] EXT4-fs (mmcblk0p2): re-mounted. Opts: (null)
Caching udev devnodes
logger: mount: mount point /proc/bus/usb does not exist
ALSA: Restoring mixer settings...
[   25.446105] random: nonblocking pool is initialized
/usr/sbin/alsactl: load_state:1625: No soundcards found...
Configuring network interfaces... [   27.022430] smsc911x 2c000000.ethernet eth0: SMSC911x/921x identified at 0xd081e000, IRQ: 288
[   27.032470] IPv6: ADDRCONF(NETDEV_UP): eth0: link is not ready
eth0      no wireless extensions.
udhcpc (v1.13.2) started
Sending discover...
[   28.742523] IPv6: ADDRCONF(NETDEV_CHANGE): eth0: link becomes ready
Sending discover...
Sending select for 192.168.0.58...
Lease of 192.168.0.58 obtained, lease time 600
adding dns 192.0.2.2
adding dns 192.0.2.3
done.
Setting up IP spoofing protection: rp_filter.
hwclock: can't open '/dev/misc/rtc': No such file or directory
Mon Apr 27 17:55:00 UTC 2015
hwclock: can't open '/dev/misc/rtc': No such file or directory
INIT: Entering runlevel: 5
Starting system message bus: dbus.
Starting Hardware abstraction layer hald
[   34.543334] ecc unrecoverable error
[   34.547149] ecc unrecoverable error
[   34.550933] ecc unrecoverable error
[   34.554809] ecc unrecoverable error
[   34.558746] blk_update_request: I/O error, dev mtdblock0, sector 0
[   34.694702] ecc unrecoverable error
[   34.698516] ecc unrecoverable error
[   34.702484] ecc unrecoverable error
[   34.706237] ecc unrecoverable error
[   34.709930] blk_update_request: I/O error, dev mtdblock0, sector 0
[   34.716796] Buffer I/O error on dev mtdblock0, logical block 0, async page read
[   34.782501] ecc unrecoverable error
[   34.786315] ecc unrecoverable error
[   34.790100] ecc unrecoverable error
[   34.794036] ecc unrecoverable error
[   34.797760] blk_update_request: I/O error, dev mtdblock1, sector 3456
[   34.822143] ecc unrecoverable error
[   34.825958] ecc unrecoverable error
[   34.829650] blk_update_request: I/O error, dev mtdblock2, sector 0
[   34.852111] ecc unrecoverable error
[   34.855895] ecc unrecoverable error
[   34.859619] blk_update_request: I/O error, dev mtdblock3, sector 10112
[   34.883087] ecc unrecoverable error
[   34.886901] ecc unrecoverable error
[   34.890686] ecc unrecoverable error
[   34.894561] ecc unrecoverable error
[   34.898284] blk_update_request: I/O error, dev mtdblock0, sector 0
[   34.904815] Buffer I/O error on dev mtdblock0, logical block 0, async page read
[   34.964355] ecc unrecoverable error
[   34.968170] ecc unrecoverable error
[   34.972137] ecc unrecoverable error
[   34.975891] ecc unrecoverable error
[   34.979614] blk_update_request: I/O error, dev mtdblock1, sector 3456
[   34.986389] Buffer I/O error on dev mtdblock1, logical block 432, async page read
[   35.044189] ecc unrecoverable error
[   35.048004] ecc unrecoverable error
[   35.051879] blk_update_request: I/O error, dev mtdblock2, sector 0
[   35.058410] Buffer I/O error on dev mtdblock2, logical block 0, async page read
[   35.122192] ecc unrecoverable error
[   35.126007] ecc unrecoverable error
[   35.129730] blk_update_request: I/O error, dev mtdblock3, sector 10112
[   35.136596] Buffer I/O error on dev mtdblock3, logical block 1264, async page read
[   35.222656] ecc unrecoverable error
[   35.226470] ecc unrecoverable error
[   35.230255] ecc unrecoverable error
[   35.234161] ecc unrecoverable error
[   35.237884] blk_update_request: I/O error, dev mtdblock0, sector 0
[   35.244384] Buffer I/O error on dev mtdblock0, logical block 0, async page read
[   35.260101] ecc unrecoverable error
[   35.264129] ecc unrecoverable error
[   35.267913] ecc unrecoverable error
[   35.271759] ecc unrecoverable error
[   35.276367] ecc unrecoverable error
[   35.280151] ecc unrecoverable error
[   35.283966] Buffer I/O error on dev mtdblock2, logical block 0, async page read
[   35.292572] ecc unrecoverable error
[   35.296356] ecc unrecoverable error
[   35.300659] ecc unrecoverable error
[   35.305114] ecc unrecoverable error
[   35.308868] ecc unrecoverable error
[   35.312774] ecc unrecoverable error
[   35.316497] ecc unrecoverable error
[   35.320190] Buffer I/O error on dev mtdblock0, logical block 0, async page read
[   35.329345] ecc unrecoverable error
[   35.333251] ecc unrecoverable error
[   35.337036] ecc unrecoverable error
[   35.340820] ecc unrecoverable error
[   35.344573] Buffer I/O error on dev mtdblock1, logical block 446, async page read
[   35.353363] ecc unrecoverable error
[   35.357147] ecc unrecoverable error
[   35.360839] Buffer I/O error on dev mtdblock2, logical block 0, async page read
[   35.369293] ecc unrecoverable error
[   35.373138] ecc unrecoverable error
[   35.377532] ecc unrecoverable error
[   35.382110] ecc unrecoverable error
[   35.385894] ecc unrecoverable error
[   35.389678] ecc unrecoverable error
[   35.393493] ecc unrecoverable error
[   35.397888] ecc unrecoverable error
[   35.401733] ecc unrecoverable error
[   35.405487] ecc unrecoverable error
[   35.409271] ecc unrecoverable error
[   35.413604] ecc unrecoverable error
[   35.417388] ecc unrecoverable error
[   35.421844] ecc unrecoverable error
[   35.425628] ecc unrecoverable error
[   35.430694] ecc unrecoverable error
[   35.434539] ecc unrecoverable error
[   35.438323] ecc unrecoverable error
[   35.442108] ecc unrecoverable error
[   35.446472] ecc unrecoverable error
[   35.450256] ecc unrecoverable error
[   35.454101] ecc unrecoverable error
[   35.457855] ecc unrecoverable error
[   35.462280] ecc unrecoverable error
[   35.466064] ecc unrecoverable error
[   35.470458] ecc unrecoverable error
[   35.474304] ecc unrecoverable error
[   35.479461] ecc unrecoverable error
[   35.483337] ecc unrecoverable error
[   35.487121] ecc unrecoverable error
[   35.490875] ecc unrecoverable error
[   35.495208] ecc unrecoverable error
[   35.498962] ecc unrecoverable error
[   35.502807] ecc unrecoverable error
[   35.506591] ecc unrecoverable error
[   35.510894] ecc unrecoverable error
[   35.514739] ecc unrecoverable error
[   35.519012] ecc unrecoverable error
[   35.522857] ecc unrecoverable error
[   35.529785] ecc unrecoverable error
[   35.533721] ecc unrecoverable error
[   35.537506] ecc unrecoverable error
[   35.541259] ecc unrecoverable error
[   35.545806] ecc unrecoverable error
[   35.549591] ecc unrecoverable error
[   35.553497] ecc unrecoverable error
[   35.557281] ecc unrecoverable error
[   35.563415] ecc unrecoverable error
[   35.567199] ecc unrecoverable error
[   35.571807] ecc unrecoverable error
[   35.575622] ecc unrecoverable error
[   35.582580] ecc unrecoverable error
[   35.586364] ecc unrecoverable error
[   35.590148] ecc unrecoverable error
[   35.594024] ecc unrecoverable error
[   35.598480] ecc unrecoverable error
[   35.602386] ecc unrecoverable error
[   35.606170] ecc unrecoverable error
[   35.609954] ecc unrecoverable error
[   35.614410] ecc unrecoverable error
[   35.618194] ecc unrecoverable error
[   35.622619] ecc unrecoverable error
[   35.626373] ecc unrecoverable error
[   35.630676] ecc unrecoverable error
[   35.635040] ecc unrecoverable error
[   35.638824] ecc unrecoverable error
[   35.642639] ecc unrecoverable error
[   35.646392] ecc unrecoverable error
[   35.650634] ecc unrecoverable error
[   35.654479] ecc unrecoverable error
[   35.658264] ecc unrecoverable error
[   35.662078] ecc unrecoverable error
[   35.666381] ecc unrecoverable error
[   35.670135] ecc unrecoverable error
[   35.674560] ecc unrecoverable error
[   35.678314] ecc unrecoverable error
[   35.682678] ecc unrecoverable error
[   35.687225] ecc unrecoverable error
[   35.691040] ecc unrecoverable error
[   35.694885] ecc unrecoverable error
[   35.698638] ecc unrecoverable error
[   35.703002] ecc unrecoverable error
[   35.706817] ecc unrecoverable error
[   35.710571] ecc unrecoverable error
[   35.714416] ecc unrecoverable error
[   35.718749] ecc unrecoverable error
[   35.722595] ecc unrecoverable error
[   35.726928] ecc unrecoverable error
[   35.730712] ecc unrecoverable error
[   35.735046] ecc unrecoverable error
[   35.739379] ecc unrecoverable error
[   35.743225] ecc unrecoverable error
[   35.746978] ecc unrecoverable error
[   35.750732] ecc unrecoverable error
[   35.755096] ecc unrecoverable error
[   35.758850] ecc unrecoverable error
[   35.762695] ecc unrecoverable error
[   35.766479] ecc unrecoverable error
[   35.770812] ecc unrecoverable error
[   35.774658] ecc unrecoverable error
[   35.778900] ecc unrecoverable error
[   35.782775] ecc unrecoverable error
[   35.786987] ecc unrecoverable error
[   35.791320] ecc unrecoverable error
[   35.795166] ecc unrecoverable error
[   35.798919] ecc unrecoverable error
[   35.802734] ecc unrecoverable error
[   35.806976] ecc unrecoverable error
[   35.810760] ecc unrecoverable error
[   35.814575] ecc unrecoverable error
[   35.818359] ecc unrecoverable error
[   35.822723] ecc unrecoverable error
[   35.826507] ecc unrecoverable error
[   35.830841] ecc unrecoverable error
[   35.834686] ecc unrecoverable error
[   35.839019] ecc unrecoverable error
[   35.843414] ecc unrecoverable error
[   35.847198] ecc unrecoverable error
[   35.850952] ecc unrecoverable error
[   35.854766] ecc unrecoverable error
[   35.859130] ecc unrecoverable error
[   35.862976] ecc unrecoverable error
[   35.866760] ecc unrecoverable error
[   35.870544] ecc unrecoverable error
[   35.874999] ecc unrecoverable error
[   35.878784] ecc unrecoverable error
[   35.883178] ecc unrecoverable error
[   35.886932] ecc unrecoverable error
[   35.891235] ecc unrecoverable error
[   35.895629] ecc unrecoverable error
[   35.899414] ecc unrecoverable error
[   35.903228] ecc unrecoverable error
[   35.907012] ecc unrecoverable error
[   35.911346] ecc unrecoverable error
[   35.915161] ecc unrecoverable error
[   35.918945] ecc unrecoverable error
[   35.922790] ecc unrecoverable error
[   35.927093] ecc unrecoverable error
[   35.930877] ecc unrecoverable error
[   35.935302] ecc unrecoverable error
[   35.939086] ecc unrecoverable error
[   35.943450] ecc unrecoverable error
[   35.947784] ecc unrecoverable error
[   35.951599] ecc unrecoverable error
[   35.955383] ecc unrecoverable error
[   35.959136] ecc unrecoverable error
[   35.963439] ecc unrecoverable error
[   35.967224] ecc unrecoverable error
[   35.970977] ecc unrecoverable error
[   35.974822] ecc unrecoverable error
[   35.979064] ecc unrecoverable error
[   35.982910] ecc unrecoverable error
[   35.987213] ecc unrecoverable error
[   35.990997] ecc unrecoverable error
[   35.995330] ecc unrecoverable error
[   35.999938] ecc unrecoverable error
[   36.003814] ecc unrecoverable error
[   36.007568] ecc unrecoverable error
[   36.011444] ecc unrecoverable error
[   36.015747] ecc unrecoverable error
[   36.019531] ecc unrecoverable error
[   36.023345] ecc unrecoverable error
[   36.027130] ecc unrecoverable error
[   36.031524] ecc unrecoverable error
[   36.035308] ecc unrecoverable error
[   36.039550] ecc unrecoverable error
[   36.043395] ecc unrecoverable error
[   36.047637] ecc unrecoverable error
[   36.052124] ecc unrecoverable error
[   36.055908] ecc unrecoverable error
[   36.059661] ecc unrecoverable error
[   36.063507] ecc unrecoverable error
[   36.067840] ecc unrecoverable error
[   36.071685] ecc unrecoverable error
[   36.075469] ecc unrecoverable error
[   36.079254] ecc unrecoverable error
[   36.083618] ecc unrecoverable error
[   36.087371] ecc unrecoverable error
[   36.092041] ecc unrecoverable error
[   36.095825] ecc unrecoverable error
[   36.100189] ecc unrecoverable error
[   36.104614] ecc unrecoverable error
[   36.108398] ecc unrecoverable error
[   36.112243] ecc unrecoverable error
[   36.115997] ecc unrecoverable error
[   36.120269] ecc unrecoverable error
[   36.124114] ecc unrecoverable error
[   36.127899] ecc unrecoverable error
[   36.131713] ecc unrecoverable error
[   36.136077] ecc unrecoverable error
[   36.139831] ecc unrecoverable error
[   36.144226] ecc unrecoverable error
[   36.148010] ecc unrecoverable error
[   36.152404] ecc unrecoverable error
[   36.156738] ecc unrecoverable error
[   36.160522] ecc unrecoverable error
[   36.164337] ecc unrecoverable error
[   36.168121] ecc unrecoverable error
[   36.172485] ecc unrecoverable error
[   36.176269] ecc unrecoverable error
[   36.180023] ecc unrecoverable error
[   36.183868] ecc unrecoverable error
[   36.188201] ecc unrecoverable error
[   36.192016] ecc unrecoverable error
[   36.196350] ecc unrecoverable error
[   36.200134] ecc unrecoverable error
[   36.204498] ecc unrecoverable error
[   36.208801] ecc unrecoverable error
[   36.212646] ecc unrecoverable error
[   36.216400] ecc unrecoverable error
[   36.220184] ecc unrecoverable error
[   36.224517] ecc unrecoverable error
[   36.228302] ecc unrecoverable error
[   36.232086] ecc unrecoverable error
[   36.235870] ecc unrecoverable error
[   36.240173] ecc unrecoverable error
[   36.244018] ecc unrecoverable error
[   36.248321] ecc unrecoverable error
[   36.252166] ecc unrecoverable error
[   36.256439] ecc unrecoverable error
[   36.260711] ecc unrecoverable error
[   36.264556] ecc unrecoverable error
[   36.268341] ecc unrecoverable error
[   36.272155] ecc unrecoverable error
[   36.276397] ecc unrecoverable error
[   36.280181] ecc unrecoverable error
[   36.283996] ecc unrecoverable error
[   36.287780] ecc unrecoverable error
[   36.292083] ecc unrecoverable error
[   36.295837] ecc unrecoverable error
[   36.300140] ecc unrecoverable error
[   36.303985] ecc unrecoverable error
[   36.308227] ecc unrecoverable error
[   36.312591] ecc unrecoverable error
[   36.316345] ecc unrecoverable error
[   36.320098] ecc unrecoverable error
[   36.323944] ecc unrecoverable error
[   36.328247] ecc unrecoverable error
[   36.332092] ecc unrecoverable error
[   36.335845] ecc unrecoverable error
[   36.339630] ecc unrecoverable error
[   36.343963] ecc unrecoverable error
[   36.347717] ecc unrecoverable error
[   36.352081] ecc unrecoverable error
[   36.355865] ecc unrecoverable error
[   36.360137] ecc unrecoverable error
[   36.364501] ecc unrecoverable error
[   36.368286] ecc unrecoverable error
[   36.372131] ecc unrecoverable error
[   36.375885] ecc unrecoverable error
[   36.380157] ecc unrecoverable error
[   36.384002] ecc unrecoverable error
[   36.387756] ecc unrecoverable error
[   36.391571] ecc unrecoverable error
[   36.395904] ecc unrecoverable error
[   36.399658] ecc unrecoverable error
[   36.403991] ecc unrecoverable error
[   36.407806] ecc unrecoverable error
[   36.412139] ecc unrecoverable error
[   36.416442] ecc unrecoverable error
[   36.420196] ecc unrecoverable error
[   36.424072] ecc unrecoverable error
[   36.427825] ecc unrecoverable error
[   36.432098] ecc unrecoverable error
[   36.435882] ecc unrecoverable error
[   36.439605] ecc unrecoverable error
[   36.443481] ecc unrecoverable error
[   36.447723] ecc unrecoverable error
[   36.451568] ecc unrecoverable error
[   36.455871] ecc unrecoverable error
[   36.459655] ecc unrecoverable error
[   36.463989] ecc unrecoverable error
[   36.468292] ecc unrecoverable error
[   36.472137] ecc unrecoverable error
[   36.475921] ecc unrecoverable error
[   36.479644] ecc unrecoverable error
[   36.483978] ecc unrecoverable error
[   36.487762] ecc unrecoverable error
[   36.491577] ecc unrecoverable error
[   36.495361] ecc unrecoverable error
[   36.499664] ecc unrecoverable error
[   36.503509] ecc unrecoverable error
[   36.507751] ecc unrecoverable error
[   36.511596] ecc unrecoverable error
[   36.515869] ecc unrecoverable error
[   36.520202] ecc unrecoverable error
[   36.524047] ecc unrecoverable error
[   36.527832] ecc unrecoverable error
[   36.531616] ecc unrecoverable error
[   36.536010] ecc unrecoverable error
[   36.539825] ecc unrecoverable error
[   36.543640] ecc unrecoverable error
[   36.547424] ecc unrecoverable error
[   36.551879] ecc unrecoverable error
[   36.555664] ecc unrecoverable error
[   36.559967] ecc unrecoverable error
[   36.563842] ecc unrecoverable error
[   36.568115] ecc unrecoverable error
[   36.572509] ecc unrecoverable error
[   36.576263] ecc unrecoverable error
[   36.580047] ecc unrecoverable error
[   36.583831] ecc unrecoverable error
[   36.588165] ecc unrecoverable error
[   36.592010] ecc unrecoverable error
[   36.595794] ecc unrecoverable error
[   36.599548] ecc unrecoverable error
[   36.603851] ecc unrecoverable error
[   36.607635] ecc unrecoverable error
[   36.612030] ecc unrecoverable error
[   36.615814] ecc unrecoverable error
[   36.620086] ecc unrecoverable error
[   36.624481] ecc unrecoverable error
[   36.628265] ecc unrecoverable error
[   36.632110] ecc unrecoverable error
[   36.635864] ecc unrecoverable error
[   36.640197] ecc unrecoverable error
[   36.644012] ecc unrecoverable error
[   36.647796] ecc unrecoverable error
[   36.651611] ecc unrecoverable error
[   36.655914] ecc unrecoverable error
[   36.659698] ecc unrecoverable error
[   36.664123] ecc unrecoverable error
[   36.667877] ecc unrecoverable error
[   36.672241] ecc unrecoverable error
[   36.676544] ecc unrecoverable error
[   36.680297] ecc unrecoverable error
[   36.684173] ecc unrecoverable error
[   36.687896] ecc unrecoverable error
[   36.692260] ecc unrecoverable error
[   36.696044] ecc unrecoverable error
[   36.699798] ecc unrecoverable error
[   36.703643] ecc unrecoverable error
[   36.707946] ecc unrecoverable error
[   36.711791] ecc unrecoverable error
[   36.716094] ecc unrecoverable error
[   36.719879] ecc unrecoverable error
[   36.724243] ecc unrecoverable error
[   36.728668] ecc unrecoverable error
[   36.732513] ecc unrecoverable error
[   36.736297] ecc unrecoverable error
[   36.740051] ecc unrecoverable error
[   36.744354] ecc unrecoverable error
[   36.748107] ecc unrecoverable error
[   36.751922] ecc unrecoverable error
[   36.755706] ecc unrecoverable error
[   36.759979] ecc unrecoverable error
[   36.763793] ecc unrecoverable error
[   36.768066] ecc unrecoverable error
[   36.771911] ecc unrecoverable error
[   36.776977] ecc unrecoverable error
[   36.780761] ecc unrecoverable error
[   36.784606] ecc unrecoverable error
[   36.788360] ecc unrecoverable error
[   36.792724] ecc unrecoverable error
[   36.796508] ecc unrecoverable error
[   36.800262] ecc unrecoverable error
[   36.804107] ecc unrecoverable error
[   36.808410] ecc unrecoverable error
[   36.812255] ecc unrecoverable error
[   36.816589] ecc unrecoverable error
[   36.820343] ecc unrecoverable error
[   36.825469] ecc unrecoverable error
[   36.829254] ecc unrecoverable error
[   36.833099] ecc unrecoverable error
[   36.836853] ecc unrecoverable error
[   36.841186] ecc unrecoverable error
[   36.845031] ecc unrecoverable error
[   36.848785] ecc unrecoverable error
[   36.852600] ecc unrecoverable error
[   36.856933] ecc unrecoverable error
[   36.860687] ecc unrecoverable error
[   36.865081] ecc unrecoverable error
[   36.868865] ecc unrecoverable error
[   36.873931] ecc unrecoverable error
[   36.877716] ecc unrecoverable error
[   36.881561] ecc unrecoverable error
[   36.885284] ecc unrecoverable error
[   36.889556] ecc unrecoverable error
[   36.893402] ecc unrecoverable error
[   36.897155] ecc unrecoverable error
[   36.900939] ecc unrecoverable error
[   36.905212] ecc unrecoverable error
[   36.908996] ecc unrecoverable error
[   36.913299] ecc unrecoverable error
[   36.917083] ecc unrecoverable error
[   36.921478] ecc unrecoverable error
[   36.925720] ecc unrecoverable error
[   36.929504] ecc unrecoverable error
[   36.933349] ecc unrecoverable error
[   36.937072] ecc unrecoverable error
[   36.941497] ecc unrecoverable error
[   36.945251] ecc unrecoverable error
[   36.949005] ecc unrecoverable error
[   36.952850] ecc unrecoverable error
[   36.957183] ecc unrecoverable error
[   36.960937] ecc unrecoverable error
[   36.965301] ecc unrecoverable error
[   36.969085] ecc unrecoverable error
[   36.973358] ecc unrecoverable error
[   36.977661] ecc unrecoverable error
[   36.981506] ecc unrecoverable error
[   36.985290] ecc unrecoverable error
[   36.989013] ecc unrecoverable error
[   36.993377] ecc unrecoverable error
[   36.997161] ecc unrecoverable error
[   37.000885] ecc unrecoverable error
[   37.004730] ecc unrecoverable error
[   37.009033] ecc unrecoverable error
[   37.012878] ecc unrecoverable error
[   37.017181] ecc unrecoverable error
[   37.020965] ecc unrecoverable error
[   37.025299] ecc unrecoverable error
[   37.029937] ecc unrecoverable error
[   37.033782] ecc unrecoverable error
[   37.037567] ecc unrecoverable error
[   37.041320] ecc unrecoverable error
[   37.045623] ecc unrecoverable error
[   37.049377] ecc unrecoverable error
[   37.053192] ecc unrecoverable error
[   37.057006] ecc unrecoverable error
[   37.061248] ecc unrecoverable error
[   37.065093] ecc unrecoverable error
[   37.072021] ecc unrecoverable error
[   37.075836] ecc unrecoverable error
[   37.080322] ecc unrecoverable error
[   37.084899] ecc unrecoverable error
[   37.088684] ecc unrecoverable error
[   37.092559] ecc unrecoverable error
[   37.096313] ecc unrecoverable error
[   37.100769] ecc unrecoverable error
[   37.104614] ecc unrecoverable error
[   37.108398] ecc unrecoverable error
[   37.112243] ecc unrecoverable error
[   37.116668] ecc unrecoverable error
[   37.120452] ecc unrecoverable error
[   37.124999] ecc unrecoverable error
[   37.128784] ecc unrecoverable error
[   37.134307] ecc unrecoverable error
[   37.139526] ecc unrecoverable error
[   37.143432] ecc unrecoverable error
[   37.147186] ecc unrecoverable error
[   37.150939] ecc unrecoverable error
[   37.155364] ecc unrecoverable error
[   37.159149] ecc unrecoverable error
[   37.162994] ecc unrecoverable error
[   37.166748] ecc unrecoverable error
[   37.171112] ecc unrecoverable error
[   37.174957] ecc unrecoverable error
[   37.179321] ecc unrecoverable error
[   37.183166] ecc unrecoverable error
[   37.187469] ecc unrecoverable error
[   37.191925] ecc unrecoverable error
[   37.195709] ecc unrecoverable error
[   37.199462] ecc unrecoverable error
[   37.203277] ecc unrecoverable error
[   37.207580] ecc unrecoverable error
[   37.211364] ecc unrecoverable error
[   37.215179] ecc unrecoverable error
[   37.218963] ecc unrecoverable error
[   37.223266] ecc unrecoverable error
[   37.227020] ecc unrecoverable error
[   37.231475] ecc unrecoverable error
[   37.235260] ecc unrecoverable error
[   37.239501] ecc unrecoverable error
[   37.243865] ecc unrecoverable error
[   37.247650] ecc unrecoverable error
[   37.251525] ecc unrecoverable error
[   37.255249] ecc unrecoverable error
[   37.259552] ecc unrecoverable error
[   37.263397] ecc unrecoverable error
[   37.267181] ecc unrecoverable error
[   37.270965] ecc unrecoverable error
[   37.275329] ecc unrecoverable error
[   37.279113] ecc unrecoverable error
[   37.284118] ecc unrecoverable error
[   37.287902] ecc unrecoverable error
[   37.292327] ecc unrecoverable error
[   37.296722] ecc unrecoverable error
[   37.300506] ecc unrecoverable error
[   37.304351] ecc unrecoverable error
[   37.308105] ecc unrecoverable error
[   37.312408] ecc unrecoverable error
[   37.316192] ecc unrecoverable error
[   37.319946] ecc unrecoverable error
[   37.324157] ecc unrecoverable error
[   37.328582] ecc unrecoverable error
[   37.332427] ecc unrecoverable error
[   37.336822] ecc unrecoverable error
[   37.340606] ecc unrecoverable error
[   37.345825] ecc unrecoverable error
[   37.349609] ecc unrecoverable error
[   37.353454] ecc unrecoverable error
[   37.357208] ecc unrecoverable error
[   37.361633] ecc unrecoverable error
[   37.365417] ecc unrecoverable error
[   37.369201] ecc unrecoverable error
[   37.373016] ecc unrecoverable error
[   37.377349] ecc unrecoverable error
[   37.381134] ecc unrecoverable error
[   37.385528] ecc unrecoverable error
[   37.389312] ecc unrecoverable error
[   37.394439] ecc unrecoverable error
[   37.398223] ecc unrecoverable error
[   37.402069] ecc unrecoverable error
[   37.405822] ecc unrecoverable error
[   37.410156] ecc unrecoverable error
[   37.414001] ecc unrecoverable error
[   37.417785] ecc unrecoverable error
[   37.421600] ecc unrecoverable error
[   37.426025] ecc unrecoverable error
[   37.429809] ecc unrecoverable error
[   37.434143] ecc unrecoverable error
[   37.437927] ecc unrecoverable error
[   37.443084] ecc unrecoverable error
[   37.446838] ecc unrecoverable error
[   37.450622] ecc unrecoverable error
[   37.454437] ecc unrecoverable error
[   37.458740] ecc unrecoverable error
[   37.462585] ecc unrecoverable error
[   37.466369] ecc unrecoverable error
[   37.470123] ecc unrecoverable error
[   37.474517] ecc unrecoverable error
[   37.478302] ecc unrecoverable error
[   37.482666] ecc unrecoverable error
[   37.486450] ecc unrecoverable error
[   37.490722] ecc unrecoverable error
[   37.495117] ecc unrecoverable error
[   37.498901] ecc unrecoverable error
[   37.502746] ecc unrecoverable error
[   37.506469] ecc unrecoverable error
[   37.510803] ecc unrecoverable error
[   37.514678] ecc unrecoverable error
[   37.518432] ecc unrecoverable error
[   37.522247] ecc unrecoverable error
[   37.526580] ecc unrecoverable error
[   37.530364] ecc unrecoverable error
[   37.534759] ecc unrecoverable error
[   37.538543] ecc unrecoverable error
[   37.542877] ecc unrecoverable error
[   37.547210] ecc unrecoverable error
[   37.550964] ecc unrecoverable error
[   37.554840] ecc unrecoverable error
[   37.558563] ecc unrecoverable error
[   37.562957] ecc unrecoverable error
[   37.566741] ecc unrecoverable error
[   37.570495] ecc unrecoverable error
[   37.574371] ecc unrecoverable error
[   37.578674] ecc unrecoverable error
[   37.582519] ecc unrecoverable error
[   37.586791] ecc unrecoverable error
[   37.590545] ecc unrecoverable error
[   37.594879] ecc unrecoverable error
[   37.599151] ecc unrecoverable error
[   37.603027] ecc unrecoverable error
[   37.606811] ecc unrecoverable error
[   37.610565] ecc unrecoverable error
[   37.614929] ecc unrecoverable error
[   37.618713] ecc unrecoverable error
[   37.622528] ecc unrecoverable error
[   37.626312] ecc unrecoverable error
[   37.630615] ecc unrecoverable error
[   37.634460] ecc unrecoverable error
[   37.638824] ecc unrecoverable error
[   37.642639] ecc unrecoverable error
[   37.646942] ecc unrecoverable error
[   37.651245] ecc unrecoverable error
[   37.655090] ecc unrecoverable error
[   37.658874] ecc unrecoverable error
[   37.662689] ecc unrecoverable error
[   37.666992] ecc unrecoverable error
[   37.670776] ecc unrecoverable error
[   37.674621] ecc unrecoverable error
[   37.678375] ecc unrecoverable error
[   37.682708] ecc unrecoverable error
[   37.686492] ecc unrecoverable error
[   37.690826] ecc unrecoverable error
[   37.694671] ecc unrecoverable error
[   37.698944] ecc unrecoverable error
[   37.703308] ecc unrecoverable error
[   37.707122] ecc unrecoverable error
[   37.710876] ecc unrecoverable error
[   37.714691] ecc unrecoverable error
[   37.718994] ecc unrecoverable error
[   37.722839] ecc unrecoverable error
[   37.726623] ecc unrecoverable error
[   37.730407] ecc unrecoverable error
[   37.734741] ecc unrecoverable error
[   37.738525] ecc unrecoverable error
[   37.742889] ecc unrecoverable error
[   37.746673] ecc unrecoverable error
[   37.750946] ecc unrecoverable error
[   37.755340] ecc unrecoverable error
[   37.759124] ecc unrecoverable error
[   37.762939] ecc unrecoverable error
[   37.766693] ecc unrecoverable error
[   37.770965] ecc unrecoverable error
[   37.774810] ecc unrecoverable error
[   37.778564] ecc unrecoverable error
[   37.782379] ecc unrecoverable error
[   37.786712] ecc unrecoverable error
[   37.790466] ecc unrecoverable error
[   37.794982] ecc unrecoverable error
[   37.798767] ecc unrecoverable error
[   37.803131] ecc unrecoverable error
[   37.807434] ecc unrecoverable error
[   37.811218] ecc unrecoverable error
[   37.815063] ecc unrecoverable error
[   37.818817] ecc unrecoverable error
[   37.830780] ecc unrecoverable error
[   37.834777] ecc unrecoverable error
[   37.838592] ecc unrecoverable error
[   37.842407] ecc unrecoverable error
[   37.851287] ecc unrecoverable error
[   37.855255] ecc unrecoverable error
[   37.859893] ecc unrecoverable error
[   37.863830] ecc unrecoverable error
[   37.868286] ecc unrecoverable error
[   37.873138] ecc unrecoverable error
[   37.876892] ecc unrecoverable error
[   37.880645] ecc unrecoverable error
[   37.884552] ecc unrecoverable error
[   37.889007] ecc unrecoverable error
[   37.892913] ecc unrecoverable error
[   37.908294] ecc unrecoverable error
[   37.912292] ecc unrecoverable error
[   37.916870] ecc unrecoverable error
[   37.921264] ecc unrecoverable error
[   37.925201] ecc unrecoverable error
[   37.928955] ecc unrecoverable error
[   37.932800] ecc unrecoverable error
[   37.937255] ecc unrecoverable error
[   37.941040] ecc unrecoverable error
[   37.945770] ecc unrecoverable error
[   37.950134] ecc unrecoverable error
[   37.954010] ecc unrecoverable error
[   37.957794] ecc unrecoverable error
[   37.961608] ecc unrecoverable error
[   37.966033] ecc unrecoverable error
[   37.969787] ecc unrecoverable error
[   37.974243] ecc unrecoverable error
[   37.978576] ecc unrecoverable error
[   37.982421] ecc unrecoverable error
[   37.986175] ecc unrecoverable error
[   37.989959] ecc unrecoverable error
[   37.994262] ecc unrecoverable error
[   37.998016] ecc unrecoverable error
[   38.002380] ecc unrecoverable error
[   38.006683] ecc unrecoverable error
[   38.010467] ecc unrecoverable error
[   38.014312] ecc unrecoverable error
[   38.018096] ecc unrecoverable error
[   38.022460] ecc unrecoverable error
[   38.026214] ecc unrecoverable error
[   38.030487] ecc unrecoverable error
[   38.035156] ecc unrecoverable error
[   38.038940] ecc unrecoverable error
[   38.042785] ecc unrecoverable error
[   38.046569] ecc unrecoverable error
[   38.050872] ecc unrecoverable error
[   38.054718] ecc unrecoverable error
[   38.059020] ecc unrecoverable error
[   38.063690] ecc unrecoverable error
[   38.067474] ecc unrecoverable error
[   38.071258] ecc unrecoverable error
[   38.075103] ecc unrecoverable error
[   38.079467] ecc unrecoverable error
[   38.083312] ecc unrecoverable error
[   38.087615] ecc unrecoverable error
[   38.092041] ecc unrecoverable error
[   38.095825] ecc unrecoverable error
[   38.099578] ecc unrecoverable error
[   38.103424] ecc unrecoverable error
[   38.107757] ecc unrecoverable error
[   38.111572] ecc unrecoverable error
[   38.115844] ecc unrecoverable error
[   38.120147] ecc unrecoverable error
[   38.123992] ecc unrecoverable error
[   38.127746] ecc unrecoverable error
[   38.131561] ecc unrecoverable error
[   38.135833] ecc unrecoverable error
[   38.139617] ecc unrecoverable error
[   38.144256] ecc unrecoverable error
[   38.148590] ecc unrecoverable error
[   38.152465] ecc unrecoverable error
[   38.156249] ecc unrecoverable error
[   38.160003] ecc unrecoverable error
[   38.164398] ecc unrecoverable error
[   38.168182] ecc unrecoverable error
[   38.172485] ecc unrecoverable error
[   38.176727] ecc unrecoverable error
[   38.180511] ecc unrecoverable error
[   38.184356] ecc unrecoverable error
[   38.188110] ecc unrecoverable error
[   38.192474] ecc unrecoverable error
[   38.196228] ecc unrecoverable error
[   38.200500] ecc unrecoverable error
[   38.204864] ecc unrecoverable error
[   38.208648] ecc unrecoverable error
[   38.212463] ecc unrecoverable error
[   38.216247] ecc unrecoverable error
[   38.220550] ecc unrecoverable error
[   38.224395] ecc unrecoverable error
[   38.228668] ecc unrecoverable error
[   38.233001] ecc unrecoverable error
[   38.236785] ecc unrecoverable error
[   38.240539] ecc unrecoverable error
[   38.244384] ecc unrecoverable error
[   38.248687] ecc unrecoverable error
[   38.252532] ecc unrecoverable error
[   38.256774] ecc unrecoverable error
[   38.261077] ecc unrecoverable error
[   38.264892] ecc unrecoverable error
[   38.268646] ecc unrecoverable error
[   38.272491] ecc unrecoverable error
[   38.276733] ecc unrecoverable error
[   38.280517] ecc unrecoverable error
[   38.284759] ecc unrecoverable error
[   38.289062] ecc unrecoverable error
[   38.292877] ecc unrecoverable error
[   38.296630] ecc unrecoverable error
[   38.300415] ecc unrecoverable error
[   38.304748] ecc unrecoverable error
[   38.308532] ecc unrecoverable error
[   38.312835] ecc unrecoverable error
[   38.317108] ecc unrecoverable error
[   38.320892] ecc unrecoverable error
[   38.324707] ecc unrecoverable error
[   38.328491] ecc unrecoverable error
[   38.332885] ecc unrecoverable error
[   38.336669] ecc unrecoverable error
[   38.340942] ecc unrecoverable error
[   38.345306] ecc unrecoverable error
[   38.349090] ecc unrecoverable error
[   38.352905] ecc unrecoverable error
[   38.356689] ecc unrecoverable error
[   38.360992] ecc unrecoverable error
[   38.364837] ecc unrecoverable error
[   38.369140] ecc unrecoverable error
[   38.373474] ecc unrecoverable error
[   38.377258] ecc unrecoverable error
[   38.381011] ecc unrecoverable error
[   38.384857] ecc unrecoverable error
[   38.389160] ecc unrecoverable error
[   38.393005] ecc unrecoverable error
[   38.397277] ecc unrecoverable error
[   38.401641] ecc unrecoverable error
[   38.405426] ecc unrecoverable error
[   38.409179] ecc unrecoverable error
[   38.413024] ecc unrecoverable error
[   38.417266] ecc unrecoverable error
[   38.421020] ecc unrecoverable error
[   38.425384] ecc unrecoverable error
[   38.429687] ecc unrecoverable error
[   38.433502] ecc unrecoverable error
[   38.437286] ecc unrecoverable error
[   38.441040] ecc unrecoverable error
[   38.445373] ecc unrecoverable error
[   38.449157] ecc unrecoverable error
[   38.453491] ecc unrecoverable error
[   38.457824] ecc unrecoverable error
[   38.461669] ecc unrecoverable error
[   38.465423] ecc unrecoverable error
[   38.469207] ecc unrecoverable error
[   38.473571] ecc unrecoverable error
[   38.477355] ecc unrecoverable error
[   38.481719] ecc unrecoverable error
[   38.486022] ecc unrecoverable error
[   38.489776] ecc unrecoverable error
[   38.493621] ecc unrecoverable error
[   38.497406] ecc unrecoverable error
[   38.501770] ecc unrecoverable error
[   38.505554] ecc unrecoverable error
[   38.509857] ecc unrecoverable error
[   38.514160] ecc unrecoverable error
[   38.517944] ecc unrecoverable error
[   38.521759] ecc unrecoverable error
[   38.525543] ecc unrecoverable error
[   38.529846] ecc unrecoverable error
[   38.533691] ecc unrecoverable error
[   38.537963] ecc unrecoverable error
[   38.542297] ecc unrecoverable error
[   38.546081] ecc unrecoverable error
[   38.549865] ecc unrecoverable error
[   38.553863] ecc unrecoverable error
[   38.558227] ecc unrecoverable error
[   38.562072] ecc unrecoverable error
[   38.566375] ecc unrecoverable error
[   38.570678] ecc unrecoverable error
[   38.574523] ecc unrecoverable error
[   38.578308] ecc unrecoverable error
[   38.582122] ecc unrecoverable error
[   38.586456] ecc unrecoverable error
[   38.590240] ecc unrecoverable error
[   38.594543] ecc unrecoverable error
[   38.598846] ecc unrecoverable error
[   38.602691] ecc unrecoverable error
[   38.606445] ecc unrecoverable error
[   38.610229] ecc unrecoverable error
[   38.614562] ecc unrecoverable error
[   38.618347] ecc unrecoverable error
[   38.622619] ecc unrecoverable error
[   38.634216] ecc unrecoverable error
[   38.638000] ecc unrecoverable error
[   38.641937] ecc unrecoverable error
[   38.645721] ecc unrecoverable error
[   38.654815] ecc unrecoverable error
[   38.658630] ecc unrecoverable error
[   38.663391] ecc unrecoverable error
[   38.667175] ecc unrecoverable error
[   38.670928] ecc unrecoverable error
[   38.674865] ecc unrecoverable error
[   38.679595] ecc unrecoverable error
[   38.683502] ecc unrecoverable error
[   38.687927] ecc unrecoverable error
[   38.691802] ecc unrecoverable error
[   38.695556] ecc unrecoverable error
[   38.699340] ecc unrecoverable error
[   38.703796] ecc unrecoverable error
[   38.707550] ecc unrecoverable error
[   38.712066] ecc unrecoverable error
[   38.715850] ecc unrecoverable error
[   38.719604] ecc unrecoverable error
[   38.723449] ecc unrecoverable error
[   38.727844] ecc unrecoverable error
[   38.731689] ecc unrecoverable error
[   38.735992] ecc unrecoverable error
[   38.739776] ecc unrecoverable error
[   38.743621] ecc unrecoverable error
[   38.747406] ecc unrecoverable error
[   38.751770] ecc unrecoverable error
[   38.755554] ecc unrecoverable error
[   38.759796] ecc unrecoverable error
[   38.763641] ecc unrecoverable error
[   38.767364] ecc unrecoverable error
[   38.771148] ecc unrecoverable error
[   38.775451] ecc unrecoverable error
[   38.779235] ecc unrecoverable error
[   38.783569] ecc unrecoverable error
[   38.787353] ecc unrecoverable error
[   38.791107] ecc unrecoverable error
[   38.794921] ecc unrecoverable error
[   38.799224] ecc unrecoverable error
[   38.803039] ecc unrecoverable error
[   38.807342] ecc unrecoverable error
[   38.811096] ecc unrecoverable error
[   38.814941] ecc unrecoverable error
[   38.818695] ecc unrecoverable error
[   38.823028] ecc unrecoverable error
[   38.826812] ecc unrecoverable error
[   38.831054] ecc unrecoverable error
[   38.834899] ecc unrecoverable error
[   38.838653] ecc unrecoverable error
[   38.842498] ecc unrecoverable error
[   38.846771] ecc unrecoverable error
[   38.850555] ecc unrecoverable error
[   38.854858] ecc unrecoverable error
[   38.858642] ecc unrecoverable error
[   38.862487] ecc unrecoverable error
[   38.866241] ecc unrecoverable error
[   38.870513] ecc unrecoverable error
[   38.874359] ecc unrecoverable error
[   38.878570] ecc unrecoverable error
[   38.882415] ecc unrecoverable error
[   38.886169] ecc unrecoverable error
[   38.889953] ecc unrecoverable error
[   38.894226] ecc unrecoverable error
[   38.898010] ecc unrecoverable error
[   38.902343] ecc unrecoverable error
[   38.906097] ecc unrecoverable error
[   38.909851] ecc unrecoverable error
[   38.913696] ecc unrecoverable error
[   38.917968] ecc unrecoverable error
[   38.921813] ecc unrecoverable error
[   38.926086] ecc unrecoverable error
[   38.929870] ecc unrecoverable error
[   38.933685] ecc unrecoverable error
[   38.937469] ecc unrecoverable error
[   38.941833] ecc unrecoverable error
[   38.945617] ecc unrecoverable error
[   38.949859] ecc unrecoverable error
[   38.953704] ecc unrecoverable error
[   38.957458] ecc unrecoverable error
[   38.961212] ecc unrecoverable error
[   38.965545] ecc unrecoverable error
[   38.969329] ecc unrecoverable error
[   38.973632] ecc unrecoverable error
[   38.977416] ecc unrecoverable error
[   38.981170] ecc unrecoverable error
[   38.984985] ecc unrecoverable error
[   38.989257] ecc unrecoverable error
[   38.993103] ecc unrecoverable error
[   38.997314] ecc unrecoverable error
[   39.001098] ecc unrecoverable error
[   39.004913] ecc unrecoverable error
[   39.008697] ecc unrecoverable error
[   39.012969] ecc unrecoverable error
[   39.016754] ecc unrecoverable error
[   39.021026] ecc unrecoverable error
[   39.024841] ecc unrecoverable error
[   39.028625] ecc unrecoverable error
[   39.032470] ecc unrecoverable error
[   39.036743] ecc unrecoverable error
[   39.040527] ecc unrecoverable error
[   39.045166] ecc unrecoverable error
[   39.048950] ecc unrecoverable error
[   39.052764] ecc unrecoverable error
[   39.056549] ecc unrecoverable error
[   39.060882] ecc unrecoverable error
[   39.064727] ecc unrecoverable error
[   39.069000] ecc unrecoverable error
[   39.072845] ecc unrecoverable error
[   39.076599] ecc unrecoverable error
[   39.080352] ecc unrecoverable error
[   39.084716] ecc unrecoverable error
[   39.088470] ecc unrecoverable error
[   39.092803] ecc unrecoverable error
[   39.096588] ecc unrecoverable error
[   39.100311] ecc unrecoverable error
[   39.104156] ecc unrecoverable error
[   39.108428] ecc unrecoverable error
[   39.112274] ecc unrecoverable error
[   39.116485] ecc unrecoverable error
[   39.120269] ecc unrecoverable error
[   39.124084] ecc unrecoverable error
[   39.127868] ecc unrecoverable error
[   39.132110] ecc unrecoverable error
[   39.135894] ecc unrecoverable error
[   39.140167] ecc unrecoverable error
[   39.143981] ecc unrecoverable error
[   39.147735] ecc unrecoverable error
[   39.151550] ecc unrecoverable error
[   39.155853] ecc unrecoverable error
[   39.159637] ecc unrecoverable error
[   39.163940] ecc unrecoverable error
[   39.167724] ecc unrecoverable error
[   39.171539] ecc unrecoverable error
[   39.175323] ecc unrecoverable error
[   39.179595] ecc unrecoverable error
[   39.183410] ecc unrecoverable error
[   39.187683] ecc unrecoverable error
[   39.191528] ecc unrecoverable error
[   39.195312] ecc unrecoverable error
[   39.199066] ecc unrecoverable error
[   39.203430] ecc unrecoverable error
[   39.207214] ecc unrecoverable error
[   39.211578] ecc unrecoverable error
[   39.215332] ecc unrecoverable error
[   39.219116] ecc unrecoverable error
[   39.222930] ecc unrecoverable error
[   39.227233] ecc unrecoverable error
[   39.231018] ecc unrecoverable error
[   39.235290] ecc unrecoverable error
[   39.239074] ecc unrecoverable error
[   39.242889] ecc unrecoverable error
[   39.246673] ecc unrecoverable error
[   39.250915] ecc unrecoverable error
[   39.254730] ecc unrecoverable error
[   39.259033] ecc unrecoverable error
[   39.262847] ecc unrecoverable error
[   39.266601] ecc unrecoverable error
[   39.270385] ecc unrecoverable error
[   39.274719] ecc unrecoverable error
[   39.278472] ecc unrecoverable error
[   39.282806] ecc unrecoverable error
[   39.286560] ecc unrecoverable error
[   39.290313] ecc unrecoverable error
[   39.294158] ecc unrecoverable error
[   39.298431] ecc unrecoverable error
[   39.302276] ecc unrecoverable error
[   39.306549] ecc unrecoverable error
[   39.310302] ecc unrecoverable error
[   39.314117] ecc unrecoverable error
[   39.317901] ecc unrecoverable error
[   39.322235] ecc unrecoverable error
[   39.325988] ecc unrecoverable error
[   39.330261] ecc unrecoverable error
[   39.334106] ecc unrecoverable error
[   39.337860] ecc unrecoverable error
[   39.341705] ecc unrecoverable error
[   39.345977] ecc unrecoverable error
[   39.349731] ecc unrecoverable error
[   39.354003] ecc unrecoverable error
[   39.357788] ecc unrecoverable error
[   39.361602] ecc unrecoverable error
[   39.365386] ecc unrecoverable error
[   39.369628] ecc unrecoverable error
[   39.373443] ecc unrecoverable error
[   39.377716] ecc unrecoverable error
[   39.381561] ecc unrecoverable error
[   39.385314] ecc unrecoverable error
[   39.389068] ecc unrecoverable error
[   39.399932] ecc unrecoverable error
[   39.403930] ecc unrecoverable error
[   39.413085] ecc unrecoverable error
[   39.416870] ecc unrecoverable error
[   39.421691] ecc unrecoverable error
[   39.425476] ecc unrecoverable error
[   39.429901] ecc unrecoverable error
[   39.433837] ecc unrecoverable error
[   39.438446] ecc unrecoverable error
[   39.442352] ecc unrecoverable error
[   39.446716] ecc unrecoverable error
[   39.450500] ecc unrecoverable error
[   39.454895] ecc unrecoverable error
[   39.458679] ecc unrecoverable error
[   39.462982] ecc unrecoverable error
[   39.466766] ecc unrecoverable error
Starting Dropbear SSH server: dropbear.
Starting telnet daemon.
Starting network benchmark server: netserver.
Starting syslogd/klogd: done
Starting thttpd.
Starting Lighttpd Web Server: lighttpd.
2015-04-27 17:55:08: (log.c.166) server started 
Starting Matrix GUI application.
***************************************************************
***************************************************************
NOTICE: This file system contains the followin GPLv3 packages:
	binutils-dev
	binutils-symlinks
	binutils
	gdbserver
If you do not wish to distribute GPLv3 components please remove
the above packages prior to distribution.  This can be done using
the opkg remove command.  i.e.:
    opkg remove <package>
Where <package> is the name printed in the list above
NOTE: If the package is a dependency of another package you
      will be notified of the dependent packages.  You should
      use the --force-removal-of-dependent-packages option to
      also remove the dependent packages as well
***************************************************************
***************************************************************
 _____                    _____           _         _   
|  _  |___ ___ ___ ___   |  _  |___ ___  |_|___ ___| |_ 
|     |  _| .'| . | . |  |   __|  _| . | | | -_|  _|  _|
|__|__|_| |__,|_  |___|  |__|  |_| |___|_| |___|___|_|  
              |___|                    |___|            
Arago Project http://arago-project.org am37x-evm ttyO0
Arago 2011.09 am37x-evm ttyO0
am37x-evm login: 
- 06:23:40 [INFO] Host: root
- 06:23:41 [INFO] Target: 
root
root@am37x-evm:~# 
- 06:23:41 [INFO] Host: uname -a
- 06:23:41 [INFO] Target: 
uname -a
Linux am37x-evm 4.4.0-rc1-next-20151120-00002-g1bcf70991ad0 #1 SMP Fri Nov 20 05:36:46 CST 2015 armv7l unknown
root@am37x-evm:~# 
- 06:23:41 [INFO] Host: cat /proc/cmdline
- 06:23:41 [INFO] Target: 
cat /proc/cmdline
console=ttyO0,115200n8 earlyprintk   ip=:::::eth0:dhcp  root=/dev/mmcblk0p2 rw rootfstype=ext3 rootwait 
root@am37x-evm:~# 
- 06:23:41 [INFO] Host: uname -a
- 06:23:41 [INFO] Target: 
uname -a
Linux am37x-evm 4.4.0-rc1-next-20151120-00002-g1bcf70991ad0 #1 SMP Fri Nov 20 05:36:46 CST 2015 armv7l unknown
root@am37x-evm:~# 
- 06:23:41 [INFO] Host: cat /proc/mtd
- 06:23:41 [INFO] Target: 
cat /proc/mtd
dev:    size   erasesize  name
mtd0: 00080000 00020000 "X-Loader"
mtd1: 001c0000 00020000 "U-Boot"
mtd2: 00040000 00020000 "Environment"
mtd3: 00500000 00020000 "Kernel"
mtd4: 1f880000 00020000 "Filesystem"
root@am37x-evm:~# 
- 06:23:41 [INFO] Host: export IPERFHOST=192.168.0.1
- 06:23:42 [INFO] Target: 
export IPERFHOST=192.168.0.1
root@am37x-evm:~# 
- 06:23:42 [INFO] Host: export NFS_SERVER=192.168.0.1
- 06:23:42 [INFO] Target: 
export NFS_SERVER=192.168.0.1
root@am37x-evm:~# 
- 06:23:42 [INFO] Host: export NFS_ROOT_PATH=/home/tigtfarm06/NFS_exports/linux/am37x-evm
- 06:23:42 [INFO] Target: 
export NFS_ROOT_PATH=/home/tigtfarm06/NFS_exports/linux/am37x-
root@am37x-evm:~# 
- 06:23:42 [INFO] Host: export AP_SSID=
- 06:23:42 [INFO] Target: 
export AP_SSID=
root@am37x-evm:~# 
- 06:23:42 [INFO] Host: mkdir -p -m 777 /test
- 06:23:42 [INFO] Target: 
mkdir -p -m 777 /test
root@am37x-evm:~# 
- 06:23:42 [INFO] Host: cd /test
- 06:23:42 [INFO] Target: 
cd /test
root@am37x-evm:/test# 
- 06:23:42 [INFO] Host: cat > test.sh << EOF
- 06:23:42 [INFO] Target: 
cat > test.sh << EOF
- 06:23:42 [INFO] Host: failtest() {
- 06:23:42 [INFO] Target: 
failtest() {
- 06:23:42 [INFO] Host:   echo 1 >&3
- 06:23:42 [INFO] Target: 
  echo 1 >&3
- 06:23:42 [INFO] Host: }
- 06:23:42 [INFO] Target: 
- 06:23:42 [INFO] Host: timeout=600
- 06:23:43 [INFO] Target: 
timeout=600
- 06:23:43 [INFO] Host: 
- 06:23:43 [INFO] Target: 
- 06:23:43 [INFO] Host: # Start of user's script logic
- 06:23:43 [INFO] Target: 
# Start of user's script logic
- 06:23:43 [INFO] Host: mount -t proc proc /proc 2>/dev/null;
- 06:23:43 [INFO] Target: 
mount -t proc proc /proc 2>/dev/null;
- 06:23:43 [INFO] Host: 
- 06:23:43 [INFO] Target: 
- 06:23:43 [INFO] Host: mount -t sysfs sys /sys 2>/dev/null;
- 06:23:43 [INFO] Target: 
mount -t sysfs sys /sys 2>/dev/null;
- 06:23:43 [INFO] Host: 
- 06:23:43 [INFO] Target: 
- 06:23:43 [INFO] Host: mount -t debugfs none /sys/kernel/debug 2>/dev/null;
- 06:23:43 [INFO] Target: 
mount -t debugfs none /sys/kernel/debug 2>/dev/null;
- 06:23:43 [INFO] Host: 
- 06:23:43 [INFO] Target: 
- 06:23:43 [INFO] Host: echo 'cpuinfo:';cat /proc/cpuinfo; echo '=======';
- 06:23:43 [INFO] Target: 
echo 'cpuinfo:';cat /proc/cpuinfo; echo '=======';
- 06:23:43 [INFO] Host: 
- 06:23:44 [INFO] Target: 
- 06:23:44 [INFO] Host: echo 'soc info:';head /sys/devices/soc0/* 2>/dev/null; echo '=======';
- 06:23:44 [INFO] Target: 
echo 'soc info:';head /sys/devices/soc0/* 2>/dev/null; echo '=======';
- 06:23:44 [INFO] Host: 
- 06:23:44 [INFO] Target: 
- 06:23:44 [INFO] Host: echo 'DT Model info'; head /proc/device-tree/name /proc/device-tree/model /proc/device-tree/compatible 2>/dev/null;echo; echo '=======';
- 06:23:44 [INFO] Target: 
echo 'DT Model info'; head /proc/device-tree/name /proc/device-tree/model /pro
c/device-tree/compatible 2>/dev/null;echo; echo '=======';
- 06:23:44 [INFO] Host: 
- 06:23:44 [INFO] Target: 
- 06:23:44 [INFO] Host: echo 'interrupts:';cat /proc/interrupts; echo '=======';
- 06:23:44 [INFO] Target: 
echo 'interrupts:';cat /proc/interrupts; echo '=======';
- 06:23:44 [INFO] Host: 
- 06:23:44 [INFO] Target: 
- 06:23:44 [INFO] Host: echo 'Clk_summary:';cat /sys/kernel/debug/clk/clk_summary; echo '=======';
- 06:23:44 [INFO] Target: 
echo 'Clk_summary:';cat /sys/kernel/debug/clk/clk_summary; echo '=======';
- 06:23:44 [INFO] Host: 
- 06:23:44 [INFO] Target: 
- 06:23:44 [INFO] Host: echo "Available frequencies"; cat /sys/devices/system/cpu/cpu0/cpufreq/scaling_available_frequencies 2>/dev/null;echo '=======';
- 06:23:44 [INFO] Target: 
echo "Available frequencies"; cat /sys/devices/system/cpu/cpu0/cpufreq/scaling
_available_frequencies 2>/dev/null;echo '=======';
- 06:23:44 [INFO] Host: 
- 06:23:45 [INFO] Target: 
- 06:23:45 [INFO] Host: TMPF=/tmp/a.\$\$; TMPF2=/tmp/b.\$\$; STR=""
- 06:23:45 [INFO] Target: 
TMPF=/tmp/a.\$\$; TMPF2=/tmp/b.\$\$; STR=""
- 06:23:45 [INFO] Host: 
- 06:23:45 [INFO] Target: 
- 06:23:45 [INFO] Host: cp /dev/kmsg \$TMPF &
- 06:23:45 [INFO] Target: 
cp /dev/kmsg \$TMPF &
- 06:23:45 [INFO] Host: 
- 06:23:45 [INFO] Target: 
- 06:23:45 [INFO] Host: PID=\$! ; sleep 5; kill -9 \$PID
- 06:23:45 [INFO] Target: 
PID=\$! ; sleep 5; kill -9 \$PID
- 06:23:45 [INFO] Host: 
- 06:23:45 [INFO] Target: 
- 06:23:45 [INFO] Host: 
- 06:23:45 [INFO] Target: 
- 06:23:45 [INFO] Host: 
- 06:23:45 [INFO] Target: 
- 06:23:45 [INFO] Host: cat \$TMPF|grep "^0">\$TMPF2; N=\`cat \$TMPF2|wc -l\`; if [ "\$N" -ne 0 ]; then STR="\$STR emerg=\$N";echo "===== EMERGE++";cat \$TMPF2|cut -d ';' -f2;echo "====="; fi
- 06:23:45 [INFO] Target: 
cat \$TMPF|grep "^0">\$TMPF2; N=\`cat \$TMPF2|wc -l\`; if [ "\$N" -ne 0 ]; the
n STR="\$STR emerg=\$N";echo "===== EMERGE++";cat \$TMPF2|cut -d ';' -f2;echo "=
===="; fi
- 06:23:45 [INFO] Host: 
- 06:23:46 [INFO] Target: 
- 06:23:46 [INFO] Host: cat \$TMPF|grep "^1">\$TMPF2; N=\`cat \$TMPF2|wc -l\`; if [ "\$N" -ne 0 ]; then STR="\$STR alert=\$N";echo "===== ALERT ==";cat \$TMPF2|cut -d ';' -f2;echo "====="; fi
- 06:23:46 [INFO] Target: 
cat \$TMPF|grep "^1">\$TMPF2; N=\`cat \$TMPF2|wc -l\`; if [ "\$N" -ne 0 ]; the
n STR="\$STR alert=\$N";echo "===== ALERT ==";cat \$TMPF2|cut -d ';' -f2;echo "=
===="; fi
- 06:23:46 [INFO] Host: 
- 06:23:46 [INFO] Target: 
- 06:23:46 [INFO] Host: cat \$TMPF|grep "^2">\$TMPF2; N=\`cat \$TMPF2|wc -l\`; if [ "\$N" -ne 0 ]; then STR="\$STR crit=\$N";echo "===== CRIT ==";cat \$TMPF2|cut -d ';' -f2;echo "====="; fi
- 06:23:46 [INFO] Target: 
cat \$TMPF|grep "^2">\$TMPF2; N=\`cat \$TMPF2|wc -l\`; if [ "\$N" -ne 0 ]; the
n STR="\$STR crit=\$N";echo "===== CRIT ==";cat \$TMPF2|cut -d ';' -f2;echo "===
=="; fi
- 06:23:46 [INFO] Host: 
- 06:23:46 [INFO] Target: 
- 06:23:46 [INFO] Host: cat \$TMPF|grep "^3">\$TMPF2; N=\`cat \$TMPF2|wc -l\`; if [ "\$N" -ne 0 ]; then STR="\$STR err=\$N";echo "===== ERR ==";cat \$TMPF2|cut -d ';' -f2;echo "=====" ;fi
- 06:23:46 [INFO] Target: 
cat \$TMPF|grep "^3">\$TMPF2; N=\`cat \$TMPF2|wc -l\`; if [ "\$N" -ne 0 ]; the
n STR="\$STR err=\$N";echo "===== ERR ==";cat \$TMPF2|cut -d ';' -f2;echo "=====
" ;fi
- 06:23:46 [INFO] Host: 
- 06:23:46 [INFO] Target: 
- 06:23:46 [INFO] Host: cat \$TMPF|grep "^4">\$TMPF2; N=\`cat \$TMPF2|wc -l\`; if [ "\$N" -ne 0 ]; then STR="\$STR warn=\$N";echo "===== WARN ==";cat \$TMPF2|cut -d ';' -f2;echo "=====" ;fi
- 06:23:46 [INFO] Target: 
cat \$TMPF|grep "^4">\$TMPF2; N=\`cat \$TMPF2|wc -l\`; if [ "\$N" -ne 0 ]; the
n STR="\$STR warn=\$N";echo "===== WARN ==";cat \$TMPF2|cut -d ';' -f2;echo "===
==" ;fi
- 06:23:46 [INFO] Host: 
- 06:23:46 [INFO] Target: 
- 06:23:46 [INFO] Host: rm \$TMPF \$TMPF2; echo "SUM""MARY RESULT: BOOT:" 'PASS: H''ello World' 'B''oard' "Booted" "Boot Log has::::\$STR:"
- 06:23:46 [INFO] Target: 
rm \$TMPF \$TMPF2; echo "SUM""MARY RESULT: BOOT:" 'PASS: H''ello World' 'B''oa
rd' "Booted" "Boot Log has::::\$STR:"
- 06:23:46 [INFO] Host: 
- 06:23:47 [INFO] Target: 
- 06:23:47 [INFO] Host: EOF
- 06:23:47 [INFO] Target: 
root@am37x-evm:/test# 
- 06:23:47 [INFO] Host: cd /test
- 06:23:47 [INFO] Target: 
cd /test
root@am37x-evm:/test# 
- 06:23:47 [INFO] Host: chmod +x test.sh
- 06:23:47 [INFO] Target: 
chmod +x test.sh
root@am37x-evm:/test# 
- 06:23:47 [INFO] Host: ./test.sh 2> stderr.log > stdout.log 3> result.log
- 06:23:53 [INFO] Target: 
./test.sh 2> stderr.log > stdout.log 3> result.log
root@am37x-evm:/test# 
- 06:23:53 [INFO] Host: echo $?
- 06:23:53 [INFO] Target: 
echo $?
root@am37x-evm:/test# 
- 06:23:53 [INFO] Host: cd /test
- 06:23:53 [INFO] Target: 
cd /test
root@am37x-evm:/test# 
- 06:23:53 [INFO] Host: cat stdout.log
- 06:23:58 [INFO] Target: 
cat stdout.log
cpuinfo:
processor	: 0
model name	: ARMv7 Processor rev 2 (v7l)
BogoMIPS	: 594.73
Features	: half thumb fastmult vfp edsp thumbee neon vfpv3 tls vfpd32 
CPU implementer	: 0x41
CPU architecture: 7
CPU variant	: 0x3
CPU part	: 0xc08
CPU revision	: 2
Hardware	: Generic OMAP36xx (Flattened Device Tree)
Revision	: 0000
Serial		: 0000000000000000
=======
soc info:
==> /sys/devices/soc0/family <==
OMAP3
==> /sys/devices/soc0/machine <==
OMAP3630
==> /sys/devices/soc0/power <==
==> /sys/devices/soc0/revision <==
ES1.2
==> /sys/devices/soc0/subsystem <==
==> /sys/devices/soc0/type <==
==> /sys/devices/soc0/uevent <==
=======
DT Model info
==> /proc/device-tree/name <==
==> /proc/device-tree/model <==
TI OMAP37XX EVM (TMDSEVM3730)
==> /proc/device-tree/compatible <==
ti,omap3-evm-37xxti,omap3630ti,omap3
=======
interrupts:
           CPU0       
 23:          0      INTC   7 Edge      TWL4030-PIH
 25:          0      INTC   9 Edge      l3-debug-irq
 26:          0      INTC  10 Edge      l3-app-irq
 28:          0      INTC  12 Edge      DMA
 29:       4449      INTC  13 Edge      omap-dma-engine
 36:          0      INTC  20 Edge      gpmc
 45:          0      INTC  29 Edge      48310000.gpio
 46:          0      INTC  30 Edge      49050000.gpio
 47:          0      INTC  31 Edge      49052000.gpio
 48:          0      INTC  32 Edge      49054000.gpio
 49:          0      INTC  33 Edge      49056000.gpio
 50:         11      INTC  34 Edge      49058000.gpio
 53:       4474      INTC  37 Edge      gp_timer
 72:        964      INTC  56 Edge      48070000.i2c
 73:          0      INTC  57 Edge      48072000.i2c
 77:          0      INTC  61 Edge      48060000.i2c
 88:       7576      INTC  72 Edge      OMAP UART0
 99:       6859      INTC  83 Edge      mmc0
102:        144      INTC  86 Edge      mmc1
288:         11  49058000.gpio  16 Level     eth0
306:       1243      PRCM Edge      pm_wkup
315:         96      PRCM Edge      pinctrl, pinctrl, pinctrl, pm_io
338:          0   pinctrl 338 Edge      4806a000.serial
341:          0   twl4030   0 Edge      twl4030_gpio
346:          0   twl4030   5 Edge      twl4030_power
375:         64   pinctrl 282 Edge      4809c000.mmc
IPI0:          0  CPU wakeup interrupts
IPI1:          0  Timer broadcast interrupts
IPI2:          0  Rescheduling interrupts
IPI3:          0  Function call interrupts
IPI4:          0  Single function call interrupts
IPI5:          0  CPU stop interrupts
IPI6:          0  IRQ work interrupts
IPI7:          0  completion interrupts
Err:          0
=======
Clk_summary:
   clock                         enable_cnt  prepare_cnt        rate   accuracy   phase
----------------------------------------------------------------------------------------
 secure_32k_fck                           0            1       32768          0 0  
    wdt1_fck                              0            0       32768          0 0  
    gpt12_fck                             0            1       32768          0 0  
 dummy_ck                                 0            0           0          0 0  
 mcbsp_clks                               0            5           0          0 0  
 sys_altclk                               0            0           0          0 0  
 virt_38_4m_ck                            0            0    38400000          0 0  
 virt_26000000_ck                         1            1    26000000          0 0  
    osc_sys_ck                            1            1    26000000          0 0  
       sys_clkout1                        0            0    26000000          0 0  
       sys_ck                             3           18    13000000          0 0  
          gpt9_fck                        0            1    13000000          0 0  
          gpt8_fck                        0            1    13000000          0 0  
          gpt7_fck                        0            1    13000000          0 0  
          gpt6_fck                        0            1    13000000          0 0  
          gpt5_fck                        0            1    13000000          0 0  
          gpt4_fck                        0            1    13000000          0 0  
          gpt3_fck                        0            1    13000000          0 0  
          gpt2_fck                        0            1    13000000          0 0  
          cpefuse_fck                     0            0    13000000          0 0  
          dpll5_ck                        0            1   120000000          0 0  
             dpll5_m2_ck                  0            1   120000000          0 0  
                dpll5_m2_d20_ck           0            0     6000000          0 0  
                dpll5_m2_d16_ck           0            0     7500000          0 0  
                dpll5_m2_d8_ck            0            0    15000000          0 0  
                dpll5_m2_d4_ck            0            0    30000000          0 0  
                usbhost_120m_fck           0            0   120000000          0 0  
                usbtll_fck                0            1   120000000          0 0  
          sys_d2_ck                       0            0     6500000          0 0  
             usim_fck                     0            0     6500000          0 0  
          modem_fck                       0            0    13000000          0 0  
          dpll2_ck                        0            1   260000000          0 0  
             dpll2_m2_ck                  0            1   260000000          0 0  
                iva2_ck                   0            2   260000000          0 0  
          sr2_fck                         0            1    13000000          0 0  
          sr1_fck                         0            1    13000000          0 0  
          traceclk_src_fck                0            0    13000000          0 0  
             traceclk_fck                 0            0    13000000          0 0  
          emu_src_mux_ck                  0            1    13000000          0 0  
             emu_src_ck                   0            1    13000000          0 0  
                atclk_fck                 0            0    13000000          0 0  
                pclkx2_fck                0            0    13000000          0 0  
                pclk_fck                  0            0     6500000          0 0  
          dss2_alwon_fck                  0            2    13000000          0 0  
          dpll1_ck                        0            1   600000000          0 0  
             dpll1_x2_ck                  0            1  1200000000          0 0  
                dpll1_x2m2_ck             0            1  1200000000          0 0  
                   mpu_ck                 0            1  1200000000          0 0  
                      emu_mpu_alwon_ck           0            0  1200000000          0 0  
                      arm_fck             0            1   600000000          0 0  
          dpll3_ck                        1            1   400000000          0 0  
             dpll3_x2_ck                  0            0   800000000          0 0  
             dpll3_m2_ck                  1            1   400000000          0 0  
                dpll3_m2x2_ck             0            0   800000000          0 0  
                   corex2_fck             0            0   800000000          0 0  
                      ssi_ssr_fck_3430es2           0            0   266666667          0 0  
                         ssi_sst_fck_3430es2           0            0   133333333          0 0  
                      corex2_d5_fck           0            0   160000000          0 0  
                      corex2_d3_fck           0            0   266666666          0 0  
                core_ck                   1            1   400000000          0 0  
                   core_d2_ck             0            0   200000000          0 0  
                      sgx_fck             0            0   200000000          0 0  
                   core_d6_ck             0            0    66666666          0 0  
                   core_d4_ck             0            0   100000000          0 0  
                   core_d3_ck             0            0   133333333          0 0  
                   dpll2_fck              0            0   400000000          0 0  
                   l3_ick                 2            3   200000000          0 0  
                      sgx_ick             0            0   200000000          0 0  
                      mad2d_ick           0            0   200000000          0 0  
                      sad2d_ick           0            1   200000000          0 0  
                      security_l3_ick           0            0   200000000          0 0  
                         pka_ick           0            0   200000000          0 0  
                      core_l3_ick           8           10   200000000          0 0  
                         hsotgusb_ick_3430es2           0            1   200000000          0 0  
                         gpmc_fck           2            2   200000000          0 0  
                         sdrc_ick           1            1   200000000          0 0  
                      l4_ick              6            7   100000000          0 0  
                         usbhost_ick           1            1   100000000          0 0  
                         dss_ick_3430es2           4            6   100000000          0 0  
                         sr_l4_ick           2            2   100000000          0 0  
                         ssi_l4_ick           0            0   100000000          0 0  
                            ssi_ick_3430es2           0            0   100000000          0 0  
                         cam_ick           0            1   100000000          0 0  
                         security_l4_ick2           0            0   100000000          0 0  
                            des1_ick           0            0   100000000          0 0  
                            sha11_ick           0            0   100000000          0 0  
                            rng_ick           0            0   100000000          0 0  
                            aes1_ick           0            0   100000000          0 0  
                         per_l4_ick          15           18   100000000          0 0  
                            mcbsp4_ick           1            1   100000000          0 0  
                            mcbsp3_ick           2            2   100000000          0 0  
                            mcbsp2_ick           2            2   100000000          0 0  
                            gpt2_ick           1            1   100000000          0 0  
                            gpt3_ick           1            1   100000000          0 0  
                            gpt4_ick           1            1   100000000          0 0  
                            gpt5_ick           1            1   100000000          0 0  
                            gpt6_ick           1            1   100000000          0 0  
                            gpt7_ick           1            1   100000000          0 0  
                            gpt8_ick           1            1   100000000          0 0  
                            gpt9_ick           1            1   100000000          0 0  
                            uart4_ick           1            1   100000000          0 0  
                            uart3_ick           1            1   100000000          0 0  
                            wdt3_ick           0            0   100000000          0 0  
                            gpio2_ick           0            1   100000000          0 0  
                            gpio3_ick           0            1   100000000          0 0  
                            gpio4_ick           0            1   100000000          0 0  
                            gpio5_ick           1            1   100000000          0 0  
                            gpio6_ick           1            1   100000000          0 0  
                         core_l4_ick          21           23   100000000          0 0  
                            mmchs3_ick           1            1   100000000          0 0  
                            usbtll_ick           1            1   100000000          0 0  
                            mailboxes_ick           0            1   100000000          0 0  
                            mspro_ick           0            0   100000000          0 0  
                            des2_ick           0            0   100000000          0 0  
                            icr_ick           0            0   100000000          0 0  
                            sha12_ick           1            2   100000000          0 0  
                            aes2_ick           1            2   100000000          0 0  
                            omapctrl_ick           1            1   100000000          0 0  
                            mcbsp1_ick           1            1   100000000          0 0  
                            mcbsp5_ick           1            1   100000000          0 0  
                            gpt10_ick           1            1   100000000          0 0  
                            gpt11_ick           1            1   100000000          0 0  
                            uart1_ick           1            1   100000000          0 0  
                            uart2_ick           1            1   100000000          0 0  
                            i2c1_ick           1            1   100000000          0 0  
                            i2c2_ick           1            1   100000000          0 0  
                            i2c3_ick           1            1   100000000          0 0  
                            mcspi1_ick           1            1   100000000          0 0  
                            mcspi2_ick           1            1   100000000          0 0  
                            mcspi3_ick           1            1   100000000          0 0  
                            mcspi4_ick           1            1   100000000          0 0  
                            hdq_ick           0            1   100000000          0 0  
                            mmchs1_ick           1            1   100000000          0 0  
                            mmchs2_ick           1            1   100000000          0 0  
                         rm_ick           0            0    50000000          0 0  
                   dpll1_fck              0            0   200000000          0 0  
             dpll3_m3_ck                  0            0   200000000          0 0  
                dpll3_m3x2_mul_ck           0            0   400000000          0 0  
                   dpll3_m3x2_ck           0            0   400000000          0 0  
                      emu_core_alwon_ck           0            0   400000000          0 0  
          dpll4_ck                        1            3   864000000          0 0  
             dpll4_x2_ck                  0            0  1728000000          0 0  
             dpll4_m6_ck                  0            0   288000000          0 0  
                dpll4_m6x2_mul_ck           0            0   288000000          0 0  
                   dpll4_m6x2_ck           0            0   288000000          0 0  
                      emu_per_alwon_ck           0            0   288000000          0 0  
             dpll4_m5_ck                  0            0   216000000          0 0  
                dpll4_m5x2_mul_ck           0            0   216000000          0 0  
                   dpll4_m5x2_ck           0            0   216000000          0 0  
                      cam_mclk            0            0   216000000          0 0  
             dpll4_m4_ck                  0            1    96000000          0 0  
                dpll4_m4x2_mul_ck           0            1    96000000          0 0  
                   dpll4_m4x2_ck           0            1    96000000          0 0  
                      dss1_alwon_fck_3430es2           0            4    96000000          0 0  
             dpll4_m3_ck                  0            1    54000000          0 0  
                dpll4_m3x2_mul_ck           0            1    54000000          0 0  
                   dpll4_m3x2_ck           0            1    54000000          0 0  
                      omap_54m_fck           0            1    54000000          0 0  
                         clkout2_src_ck           0            0    54000000          0 0  
                            sys_clkout2           0            0    54000000          0 0  
                         dss_tv_fck           0            2    54000000          0 0  
             dpll4_m2_ck                  1            1    96000000          0 0  
                dpll4_m2x2_mul_ck           1            1    96000000          0 0  
                   dpll4_m2x2_ck           1            1    96000000          0 0  
                      omap_192m_alwon_fck           0            0    96000000          0 0  
                      omap_96m_alwon_fck           1            2    96000000          0 0  
                         per_96m_fck           0            6    96000000          0 0  
                            mcbsp4_fck           0            1    96000000          0 0  
                            mcbsp3_fck           0            2    96000000          0 0  
                            mcbsp2_fck           0            2    96000000          0 0  
                         cm_96m_fck           1            2    96000000          0 0  
                            cm_96m_d2_fck           1            1    48000000          0 0  
                               omap_48m_fck           2            4    48000000          0 0  
                                  usbhost_48m_fck           0            1    48000000          0 0  
                                  per_48m_fck           2            2    48000000          0 0  
                                     uart4_fck           1            1    48000000          0 0  
                                     uart3_fck           1            1    48000000          0 0  
                                  core_48m_fck           2            6    48000000          0 0  
                                     uart1_fck           1            1    48000000          0 0  
                                     uart2_fck           1            1    48000000          0 0  
                                     mcspi1_fck           0            1    48000000          0 0  
                                     mcspi2_fck           0            1    48000000          0 0  
                                     mcspi3_fck           0            1    48000000          0 0  
                                     mcspi4_fck           0            1    48000000          0 0  
                                  omap_12m_fck           0            1    12000000          0 0  
                                     core_12m_fck           0            1    12000000          0 0  
                                        hdq_fck             0            1    12000000          0 0  
                            omap_96m_fck           0            2    96000000          0 0  
                               omap_96m_d10_fck           0            0     9600000          0 0  
                               omap_96m_d8_fck           0            0    12000000          0 0  
                               omap_96m_d4_fck           0            0    24000000          0 0  
                               omap_96m_d2_fck           0            0    48000000          0 0  
                               dss_96m_fck           0            2    96000000          0 0  
