- 01:17:46 [INFO] Starting target session
- 01:17:46 [INFO] Connected to am37x-evm via serial 
- 01:17:46 [INFO] Host: #check prompt
- 01:17:49 [ERROR] On command: #check prompt waiting for #check prompt.+?(?-mix:((?-mix:login:)|[Pp]assword)) >>> error: execution expired
- 01:17:49 [INFO] Target: 
#check prompt
OMAP3_EVM # 
- 01:17:49 [INFO] Host: #check prompt
- 01:17:51 [ERROR] On command: #check prompt waiting for #check prompt.+?(?-mix:root@.+[@:#]+) >>> error: execution expired
- 01:17:51 [INFO] Target: 
#check prompt
OMAP3_EVM # 
- 01:17:51 [INFO] Host: #check prompt
- 01:17:53 [ERROR] On command: #check prompt waiting for #check prompt.+?(?-mix:root@.+[@:#]+) >>> error: execution expired
- 01:17:53 [INFO] Target: 
#check prompt
OMAP3_EVM # 
- 01:17:53 [INFO] Host: #check prompt
- 01:17:55 [ERROR] On command: #check prompt waiting for #check prompt.+?(?-mix:root@.+[@:#]+) >>> error: execution expired
- 01:17:55 [INFO] Target: 
#check prompt
OMAP3_EVM # 
- 01:17:55 [INFO] Disconnected serial from am37x-evm
- 01:17:56 [INFO] Connected to am37x-evm via serial 
- 01:17:56 [INFO] Host: 
- 01:17:58 [INFO] Target: 
U-Boot SPL 2015.07-00043-gaada495 (Nov 09 2015 - 12:23:36)
reading u-boot.img
reading u-boot.img
U-Boot 2015.07-00043-gaada495 (Nov 09 2015 - 12:23:36 -0500)
OMAP3630/3730-GP ES1.2, CPU-OPP2, L3-200MHz, Max CPU Clock 1 Ghz
OMAP3 EVM board + LPDDR/NAND
I2C:   ready
DRAM:  256 MiB
NAND:  512 MiB
MMC:   OMAP SD/MMC: 0
Error: Bad compare! failed
NAND read from offset 260000 failed -74
*** Warning - readenv() failed, using default environment
In:    serial
Out:   serial
Err:   serial
Read back SMSC id 0x92200000
Die ID #16d400029ff80000015f02690c019016
Net:   smc911x-0
Warning: Your board does not use generic board. Please read
doc/README.generic-board and take action. Boards not
upgraded by the late 2014 may break or be removed.
Hit any key to stop autoboot:  3  0 
OMAP3_EVM # 
OMAP3_EVM # 
OMAP3_EVM # 
OMAP3_EVM # 
OMAP3_EVM # 
- 01:17:59 [INFO] Host: 
- 01:17:59 [INFO] Target: 
OMAP3_EVM # 
OMAP3_EVM # 
- 01:17:59 [INFO] Host: version
- 01:17:59 [INFO] Target: 
OMAP3_EVM # version
U-Boot 2015.07-00043-gaada495 (Nov 09 2015 - 12:23:36 -0500)
arm-linux-gnueabihf-gcc (crosstool-NG linaro-1.13.1-4.7-2013.03-20130313 - Linaro GCC 2013.03) 4.7.3 20130226 (prerelease)
GNU ld (crosstool-NG linaro-1.13.1-4.7-2013.03-20130313 - Linaro GCC 2013.03) 2.23.1
OMAP3_EVM # 
- 01:17:59 [INFO] Host: setenv bootargs 'console=ttyO0,115200n8 earlyprintk  '
- 01:17:59 [INFO] Target: 
setenv bootargs 'console=ttyO0,115200n8 earlyprintk  '
OMAP3_EVM # 
- 01:17:59 [INFO] Host: setenv bootcmd  ''
- 01:17:59 [INFO] Target: 
setenv bootcmd  ''
OMAP3_EVM # 
- 01:17:59 [INFO] Host: setenv autoload 'no'
- 01:17:59 [INFO] Target: 
setenv autoload 'no'
OMAP3_EVM # 
- 01:17:59 [INFO] Host: setenv serverip '192.168.0.1'
- 01:17:59 [INFO] Target: 
setenv serverip '192.168.0.1'
OMAP3_EVM # 
- 01:17:59 [INFO] Host: printenv
- 01:17:59 [INFO] Target: 
printenv
autoload=no
baudrate=115200
bootargs=console=ttyO0,115200n8 earlyprintk  
bootcmd=
bootdelay=3
bootfile=uImage
bootscript=echo Running bootscript from mmc ...; source ${loadaddr}
console=ttyO0,115200n8
dieid#=16d400029ff80000015f02690c019016
ethact=smc911x-0
ethaddr=00:50:c2:7e:93:ba
loadaddr=0x82000000
loadbootscript=fatload mmc ${mmcdev} ${loadaddr} boot.scr
loaduimage=fatload mmc ${mmcdev} ${loadaddr} uImage
mmcargs=setenv bootargs console=${console} root=/dev/mmcblk0p2 rw rootfstype=ext3 rootwait
mmcboot=echo Booting from mmc ...; run mmcargs; bootm ${loadaddr}
mmcdev=0
nandargs=setenv bootargs console=${console} root=/dev/mtdblock4 rw rootfstype=jffs2
nandboot=echo Booting from nand ...; run nandargs; onenand read ${loadaddr} 280000 400000; bootm ${loadaddr}
serverip=192.168.0.1
stderr=serial
stdin=serial
stdout=serial
usbtty=cdc_acm
Environment size: 900/131068 bytes
OMAP3_EVM # 
- 01:17:59 [INFO] Host: setenv _initramfs -
- 01:17:59 [INFO] Target: 
setenv _initramfs -
OMAP3_EVM # 
- 01:17:59 [INFO] Host: printenv
- 01:17:59 [INFO] Target: 
printenv
_initramfs=-
autoload=no
baudrate=115200
bootargs=console=ttyO0,115200n8 earlyprintk  
bootcmd=
bootdelay=3
bootfile=uImage
bootscript=echo Running bootscript from mmc ...; source ${loadaddr}
console=ttyO0,115200n8
dieid#=16d400029ff80000015f02690c019016
ethact=smc911x-0
ethaddr=00:50:c2:7e:93:ba
loadaddr=0x82000000
loadbootscript=fatload mmc ${mmcdev} ${loadaddr} boot.scr
loaduimage=fatload mmc ${mmcdev} ${loadaddr} uImage
mmcargs=setenv bootargs console=${console} root=/dev/mmcblk0p2 rw rootfstype=ext3 rootwait
mmcboot=echo Booting from mmc ...; run mmcargs; bootm ${loadaddr}
mmcdev=0
nandargs=setenv bootargs console=${console} root=/dev/mtdblock4 rw rootfstype=jffs2
nandboot=echo Booting from nand ...; run nandargs; onenand read ${loadaddr} 280000 400000; bootm ${loadaddr}
serverip=192.168.0.1
stderr=serial
stdin=serial
stdout=serial
usbtty=cdc_acm
Environment size: 915/131068 bytes
OMAP3_EVM # 
- 01:17:59 [INFO] Host: setenv bootargs ''${bootargs}' ip=:::::eth0:dhcp '
- 01:17:59 [INFO] Target: 
setenv bootargs ''${bootargs}' ip=:::::eth0:dhcp '
OMAP3_EVM # 
- 01:17:59 [INFO] Host: setenv serverip '192.168.0.1'
- 01:18:00 [INFO] Target: 
setenv serverip '192.168.0.1'
OMAP3_EVM # 
- 01:18:00 [INFO] Host: setenv autoload 'no'
- 01:18:00 [INFO] Target: 
setenv autoload 'no'
OMAP3_EVM # 
- 01:18:00 [INFO] Host: dhcp
- 01:18:02 [INFO] Target: 
dhcp
smc911x: MAC 00:50:c2:7e:93:ba
smc911x: detected LAN9220 controller
smc911x: phy initialized
smc911x: MAC 00:50:c2:7e:93:ba
BOOTP broadcast 1
BOOTP broadcast 2
BOOTP broadcast 3
DHCP client bound to address 192.168.0.217 (1046 ms)
smc911x: MAC 00:50:c2:7e:93:ba
OMAP3_EVM # 
- 01:18:02 [INFO] Host: tftp ${loadaddr} 192.168.0.1:vatf_am37x-evm/cdef8c98535d2918e5c1e051fe6fa160
- 01:18:05 [INFO] Target: 
tftp ${loadaddr} 192.168.0.1:vatf_am37x-evm/cdef8c98535d2918e5c1e051fe6fa160
smc911x: MAC 00:50:c2:7e:93:ba
smc911x: detected LAN9220 controller
smc911x: phy initialized
smc911x: MAC 00:50:c2:7e:93:ba
Using smc911x-0 device
TFTP from server 192.168.0.1; our IP address is 192.168.0.217
Filename 'vatf_am37x-evm/cdef8c98535d2918e5c1e051fe6fa160'.
Load address: 0x82000000
Loading: *#################################################################
	 #################################################################
	 #################################################################
	 ###########################################################
	 3.3 MiB/s
done
Bytes transferred = 3719036 (38bf7c hex)
smc911x: MAC 00:50:c2:7e:93:ba
OMAP3_EVM # 
- 01:18:05 [INFO] Host: ls mmc 0:1
- 01:18:05 [INFO] Target: 
ls mmc 0:1
ls - list files in a directory (default /)
Usage:
ls [ directory ]
OMAP3_EVM # 
- 01:18:05 [INFO] Host: ls mmc 0:2
- 01:18:05 [INFO] Target: 
ls mmc 0:2
ls - list files in a directory (default /)
Usage:
ls [ directory ]
OMAP3_EVM # 
- 01:18:05 [INFO] Host: ls mmc 0:3
- 01:18:05 [INFO] Target: 
ls mmc 0:3
ls - list files in a directory (default /)
Usage:
ls [ directory ]
OMAP3_EVM # 
- 01:18:05 [INFO] Host: ls mmc 0:4
- 01:18:05 [INFO] Target: 
ls mmc 0:4
ls - list files in a directory (default /)
Usage:
ls [ directory ]
OMAP3_EVM # 
- 01:18:05 [INFO] Host: ls mmc 0:5
- 01:18:06 [INFO] Target: 
ls mmc 0:5
ls - list files in a directory (default /)
Usage:
ls [ directory ]
OMAP3_EVM # 
- 01:18:06 [INFO] Host: part uuid mmc 0:
- 01:18:06 [INFO] Target: 
part uuid mmc 0:
Unknown command 'part' - try 'help'
OMAP3_EVM # 
- 01:18:06 [INFO] Host: printenv
- 01:18:06 [INFO] Target: 
printenv
_initramfs=-
autoload=no
baudrate=115200
bootargs=console=ttyO0,115200n8 earlyprintk   ip=:::::eth0:dhcp 
bootcmd=
bootdelay=3
bootfile=uImage
bootscript=echo Running bootscript from mmc ...; source ${loadaddr}
console=ttyO0,115200n8
dieid#=16d400029ff80000015f02690c019016
ethact=smc911x-0
ethaddr=00:50:c2:7e:93:ba
fileaddr=82000000
filesize=38bf7c
gatewayip=192.168.0.1
ipaddr=192.168.0.217
loadaddr=0x82000000
loadbootscript=fatload mmc ${mmcdev} ${loadaddr} boot.scr
loaduimage=fatload mmc ${mmcdev} ${loadaddr} uImage
mmcargs=setenv bootargs console=${console} root=/dev/mmcblk0p2 rw rootfstype=ext3 rootwait
mmcboot=echo Booting from mmc ...; run mmcargs; bootm ${loadaddr}
mmcdev=0
nandargs=setenv bootargs console=${console} root=/dev/mtdblock4 rw rootfstype=jffs2
nandboot=echo Booting from nand ...; run nandargs; onenand read ${loadaddr} 280000 400000; bootm ${loadaddr}
netmask=255.255.255.0
serverip=192.168.0.1
stderr=serial
stdin=serial
stdout=serial
usbtty=cdc_acm
Environment size: 1043/131068 bytes
OMAP3_EVM # 
- 01:18:06 [INFO] Host: setenv bootargs ''${bootargs}' root=/dev/mmcblk0p2 rw rootfstype=ext3 rootwait '
- 01:18:06 [INFO] Target: 
setenv bootargs ''${bootargs}' root=/dev/mmcblk0p2 rw rootfstype=ext3 rootwait '
OMAP3_EVM # 
- 01:18:06 [INFO] Host: printenv
- 01:18:06 [INFO] Target: 
printenv
_initramfs=-
autoload=no
baudrate=115200
bootargs=console=ttyO0,115200n8 earlyprintk   ip=:::::eth0:dhcp  root=/dev/mmcblk0p2 rw rootfstype=ext3 rootwait 
bootcmd=
bootdelay=3
bootfile=uImage
bootscript=echo Running bootscript from mmc ...; source ${loadaddr}
console=ttyO0,115200n8
dieid#=16d400029ff80000015f02690c019016
ethact=smc911x-0
ethaddr=00:50:c2:7e:93:ba
fileaddr=82000000
filesize=38bf7c
gatewayip=192.168.0.1
ipaddr=192.168.0.217
loadaddr=0x82000000
loadbootscript=fatload mmc ${mmcdev} ${loadaddr} boot.scr
loaduimage=fatload mmc ${mmcdev} ${loadaddr} uImage
mmcargs=setenv bootargs console=${console} root=/dev/mmcblk0p2 rw rootfstype=ext3 rootwait
mmcboot=echo Booting from mmc ...; run mmcargs; bootm ${loadaddr}
mmcdev=0
nandargs=setenv bootargs console=${console} root=/dev/mtdblock4 rw rootfstype=jffs2
nandboot=echo Booting from nand ...; run nandargs; onenand read ${loadaddr} 280000 400000; bootm ${loadaddr}
netmask=255.255.255.0
serverip=192.168.0.1
stderr=serial
stdin=serial
stdout=serial
usbtty=cdc_acm
Environment size: 1092/131068 bytes
OMAP3_EVM # 
- 01:18:06 [INFO] Host: setenv bootcmd ''${bootcmd}' if iminfo ${loadaddr}; then bootm ${loadaddr} ${_initramfs} ; else bootz ${loadaddr} ${_initramfs} ; bootm ${loadaddr} ${_initramfs} ; fi'
- 01:18:06 [INFO] Target: 
setenv bootcmd ''${bootcmd}' if iminfo ${loadaddr}; then bootm ${loadaddr} ${_initramfs} ; else bootz ${loadaddr} ${_initramfs} ; bootm ${loadaddr} ${_initramfs} ; fi'
OMAP3_EVM # 
- 01:18:06 [INFO] Host: version
- 01:18:06 [INFO] Target: 
version
U-Boot 2015.07-00043-gaada495 (Nov 09 2015 - 12:23:36 -0500)
arm-linux-gnueabihf-gcc (crosstool-NG linaro-1.13.1-4.7-2013.03-20130313 - Linaro GCC 2013.03) 4.7.3 20130226 (prerelease)
GNU ld (crosstool-NG linaro-1.13.1-4.7-2013.03-20130313 - Linaro GCC 2013.03) 2.23.1
OMAP3_EVM # 
- 01:18:06 [INFO] Host: bdinfo
- 01:18:06 [INFO] Target: 
bdinfo
arch_number = 0x000005FF
boot_params = 0x80000100
DRAM bank   = 0x00000000
-> start    = 0x80000000
-> size     = 0x10000000
DRAM bank   = 0x00000001
-> start    = 0x90000000
-> size     = 0x00000000
eth0name    = smc911x-0
ethaddr     = 00:50:c2:7e:93:ba
current eth = smc911x-0
ip_addr     = 192.168.0.217
baudrate    = 115200 bps
TLB addr    = 0x8FFF0000
relocaddr   = 0x8FF61000
reloc off   = 0x0FE61000
irq_sp      = 0x8FF00F24
sp start    = 0x8FF00F18
OMAP3_EVM # 
- 01:18:06 [INFO] Host: mmc rescan; echo $?
- 01:18:06 [INFO] Target: 
mmc rescan; echo $?
OMAP3_EVM # 
- 01:18:06 [INFO] Host: fatwrite mmc 0:1 ${loadaddr} ws-calibrate.rules 4
- 01:18:07 [INFO] Target: 
fatwrite mmc 0:1 ${loadaddr} ws-calibrate.rules 4
Unknown command 'fatwrite' - try 'help'
OMAP3_EVM # 
- 01:18:07 [INFO] Host: boot
- 01:19:04 [INFO] Target: 
boot
Unknown command 'iminfo' - try 'help'
Unknown command 'bootz' - try 'help'
## Booting kernel from Legacy Image at 82000000 ...
   Image Name:   Linux-4.4.0-next-20160118-00002-
   Image Type:   ARM Linux Kernel Image (uncompressed)
   Data Size:    3718972 Bytes = 3.5 MiB
   Load Address: 81000000
   Entry Point:  81000000
   Verifying Checksum ... OK
   Loading Kernel Image ... OK
Starting kernel ...
[    0.000000] Booting Linux on physical CPU 0x0
[    0.000000] Linux version 4.4.0-next-20160118-00002-ge231369a68e5 (nmenon@horus) (gcc version 4.9.3 20150413 (prerelease) (Linaro GCC 4.9-2015.05) ) #1 SMP Mon Jan 18 00:31:00 CST 2016
[    0.000000] CPU: ARMv7 Processor [413fc082] revision 2 (ARMv7), cr=10c5387d
[    0.000000] CPU: PIPT / VIPT nonaliasing data cache, VIPT aliasing instruction cache
[    0.000000] Machine model: TI OMAP37XX EVM (TMDSEVM3730)
[    0.000000] cma: Reserved 16 MiB at 0x8e800000
[    0.000000] Memory policy: Data cache writeback
[    0.000000] CPU: All CPU(s) started in SVC mode.
[    0.000000] OMAP3630 ES1.2 (l2cache iva sgx neon isp 192mhz_clk )
[    0.000000] PERCPU: Embedded 14 pages/cpu @cfb37000 s24832 r8192 d24320 u57344
[    0.000000] Built 1 zonelists in Zone order, mobility grouping on.  Total pages: 64448
[    0.000000] Kernel command line: console=ttyO0,115200n8 earlyprintk   ip=:::::eth0:dhcp  root=/dev/mmcblk0p2 rw rootfstype=ext3 rootwait 
[    0.000000] PID hash table entries: 1024 (order: 0, 4096 bytes)
[    0.000000] Dentry cache hash table entries: 32768 (order: 5, 131072 bytes)
[    0.000000] Inode-cache hash table entries: 16384 (order: 4, 65536 bytes)
[    0.000000] Memory: 222076K/260096K available (6721K kernel code, 770K rwdata, 2280K rodata, 460K init, 8267K bss, 21636K reserved, 16384K cma-reserved, 0K highmem)
[    0.000000] Virtual kernel memory layout:
[    0.000000]     vector  : 0xffff0000 - 0xffff1000   (   4 kB)
[    0.000000]     fixmap  : 0xffc00000 - 0xfff00000   (3072 kB)
[    0.000000]     vmalloc : 0xd0800000 - 0xff800000   ( 752 MB)
[    0.000000]     lowmem  : 0xc0000000 - 0xd0000000   ( 256 MB)
[    0.000000]     pkmap   : 0xbfe00000 - 0xc0000000   (   2 MB)
[    0.000000]     modules : 0xbf000000 - 0xbfe00000   (  14 MB)
[    0.000000]       .text : 0xc0008000 - 0xc08d2810   (9003 kB)
[    0.000000]       .init : 0xc08d3000 - 0xc0946000   ( 460 kB)
[    0.000000]       .data : 0xc0946000 - 0xc0a068f4   ( 771 kB)
[    0.000000]        .bss : 0xc0a09000 - 0xc121bfa0   (8268 kB)
[    0.000000] Running RCU self tests
[    0.000000] Hierarchical RCU implementation.
[    0.000000] 	RCU lockdep checking is enabled.
[    0.000000] 	Build-time adjustment of leaf fanout to 32.
[    0.000000] 	RCU restricting CPUs from NR_CPUS=2 to nr_cpu_ids=1.
[    0.000000] RCU: Adjusting geometry for rcu_fanout_leaf=32, nr_cpu_ids=1
[    0.000000] NR_IRQS:16 nr_irqs:16 16
[    0.000000] IRQ: Found an INTC at 0xfa200000 (revision 4.0) with 96 interrupts
[    0.000000] Clocking rate (Crystal/Core/MPU): 26.0/400/600 MHz
[    0.000000] OMAP clockevent source: timer1 at 32768 Hz
[    0.000000] clocksource: 32k_counter: mask: 0xffffffff max_cycles: 0xffffffff, max_idle_ns: 58327039986419 ns
[    0.000030] sched_clock: 32 bits at 32kHz, resolution 30517ns, wraps every 65535999984741ns
[    0.000030] OMAP clocksource: 32k_counter at 32768 Hz
[    0.001739] Console: colour dummy device 80x30
[    0.001800] Lock dependency validator: Copyright (c) 2006 Red Hat, Inc., Ingo Molnar
[    0.001831] ... MAX_LOCKDEP_SUBCLASSES:  8
[    0.001831] ... MAX_LOCK_DEPTH:          48
[    0.001861] ... MAX_LOCKDEP_KEYS:        8191
[    0.001861] ... CLASSHASH_SIZE:          4096
[    0.001892] ... MAX_LOCKDEP_ENTRIES:     32768
[    0.001892] ... MAX_LOCKDEP_CHAINS:      65536
[    0.001892] ... CHAINHASH_SIZE:          32768
[    0.001922]  memory used by lock dependency info: 5167 kB
[    0.001922]  per task-struct memory footprint: 1536 bytes
[    0.001953] Calibrating delay loop... 594.73 BogoMIPS (lpj=2973696)
[    0.106109] pid_max: default: 32768 minimum: 301
[    0.106719] Security Framework initialized
[    0.106933] Mount-cache hash table entries: 1024 (order: 0, 4096 bytes)
[    0.106933] Mountpoint-cache hash table entries: 1024 (order: 0, 4096 bytes)
[    0.111785] CPU: Testing write buffer coherency: ok
[    0.114166] CPU0: thread -1, cpu 0, socket -1, mpidr 0
[    0.114288] Setting up static identity map for 0x80008280 - 0x800082f0
[    0.119781] Brought up 1 CPUs
[    0.119812] SMP: Total of 1 processors activated (594.73 BogoMIPS).
[    0.119812] CPU: All CPU(s) started in SVC mode.
[    0.125183] devtmpfs: initialized
[    0.241973] VFP support v0.3: implementor 41 architecture 3 part 30 variant c rev 3
[    0.243255] clocksource: jiffies: mask: 0xffffffff max_cycles: 0xffffffff, max_idle_ns: 19112604462750000 ns
[    0.245819] pinctrl core: initialized pinctrl subsystem
[    0.253631] NET: Registered protocol family 16
[    0.262786] DMA: preallocated 256 KiB pool for atomic coherent allocations
[    0.347991] omap_hwmod: mcbsp2_sidetone using broken dt data from mcbsp
[    0.350402] omap_hwmod: mcbsp3_sidetone using broken dt data from mcbsp
[    0.462463] cpuidle: using governor menu
[    0.463226] Reprogramming SDRC clock to 400000000 Hz
[    0.481475] OMAP GPIO hardware version 2.5
[    0.498809] irq: no irq domain found for /ocp/l4@48000000/scm@2000/pinmux@30 !
[    0.499725] irq: no irq domain found for /ocp/l4@48000000/scm@2000/pinmux@30 !
[    0.500640] irq: no irq domain found for /ocp/l4@48000000/scm@2000/pinmux@30 !
[    0.509460] irq: no irq domain found for /ocp/l4@48000000/scm@2000/pinmux@30 !
[    0.527770] omap-gpmc 6e000000.gpmc: GPMC revision 5.0
[    0.528045] gpmc_mem_init: disabling cs 0 mapped at 0x0-0x1000000
[    0.532745] platform 48058000.ssi-controller: Cannot lookup hwmod 'ssi'
[    0.543151] No ATAGs?
[    0.543182] hw-breakpoint: debug architecture 0x4 unsupported.
[    0.544616] omap4_sram_init:Unable to allocate sram needed to handle errata I688
[    0.544647] omap4_sram_init:Unable to get sram pool needed to handle errata I688
[    0.546813] OMAP DMA hardware revision 5.0
[    0.599548] omap-dma-engine 48056000.dma-controller: OMAP DMA engine driver
[    0.604309] reg-fixed-voltage wl12xx_vmmc: could not find pctldev for node /ocp/l4@48000000/scm@2000/pinmux@30/pinmux_wl12xx_gpio, deferring probe
[    0.611846] SCSI subsystem initialized
[    0.617858] omap_i2c 48070000.i2c: bus 0 rev4.4 at 2600 kHz
[    0.619873] omap_i2c 48072000.i2c: bus 1 rev4.4 at 400 kHz
[    0.622161] omap_i2c 48060000.i2c: bus 2 rev4.4 at 400 kHz
[    0.622833] pps_core: LinuxPPS API ver. 1 registered
[    0.622863] pps_core: Software ver. 5.3.6 - Copyright 2005-2007 Rodolfo Giometti <giometti@linux.it>
[    0.622924] PTP clock support registered
[    0.628936] clocksource: Switched to clocksource 32k_counter
[    0.804260] VFS: Disk quotas dquot_6.6.0
[    0.804473] VFS: Dquot-cache hash table entries: 1024 (order 0, 4096 bytes)
[    0.853485] NET: Registered protocol family 2
[    0.856231] TCP established hash table entries: 2048 (order: 1, 8192 bytes)
[    0.856323] TCP bind hash table entries: 2048 (order: 4, 73728 bytes)
[    0.857330] TCP: Hash tables configured (established 2048 bind 2048)
[    0.857604] UDP hash table entries: 256 (order: 2, 20480 bytes)
[    0.857910] UDP-Lite hash table entries: 256 (order: 2, 20480 bytes)
[    0.859374] NET: Registered protocol family 1
[    0.861633] RPC: Registered named UNIX socket transport module.
[    0.861663] RPC: Registered udp transport module.
[    0.861694] RPC: Registered tcp transport module.
[    0.861724] RPC: Registered tcp NFSv4.1 backchannel transport module.
[    0.868286] hw perfevents: enabled with armv7_cortex_a8 PMU driver, 5 counters available
[    0.876892] futex hash table entries: 256 (order: 2, 16384 bytes)
[    0.877227] audit: initializing netlink subsys (disabled)
[    0.877532] audit: type=2000 audit(0.860:1): initialized
[    0.887969] NFS: Registering the id_resolver key type
[    0.888488] Key type id_resolver registered
[    0.888519] Key type id_legacy registered
[    0.889038] jffs2: version 2.2. (NAND) (SUMMARY)   2001-2006 Red Hat, Inc.
[    0.896759] io scheduler noop registered
[    0.896820] io scheduler deadline registered
[    0.896881] io scheduler cfq registered (default)
[    0.900695] pinctrl-single 48002030.pinmux: 284 pins at pa fa002030 size 568
[    0.901428] pinctrl-single 48002a00.pinmux: 46 pins at pa fa002a00 size 92
[    0.902679] pinctrl-single 480025a0.pinmux: 46 pins at pa fa0025a0 size 92
[    0.910766] Serial: 8250/16550 driver, 4 ports, IRQ sharing enabled
[    0.921020] 4806a000.serial: ttyO0 at MMIO 0x4806a000 (irq = 88, base_baud = 3000000) is a OMAP UART0
[    1.708435] console [ttyO0] enabled
[    1.715118] 4806c000.serial: ttyO1 at MMIO 0x4806c000 (irq = 89, base_baud = 3000000) is a OMAP UART1
[    1.727600] 49020000.serial: ttyO2 at MMIO 0x49020000 (irq = 90, base_baud = 3000000) is a OMAP UART2
[    1.739685] omap_uart 49042000.serial: no wakeirq for uart3
[    1.746002] 49042000.serial: ttyO3 at MMIO 0x49042000 (irq = 96, base_baud = 3000000) is a OMAP UART3
[    1.810760] brd: module loaded
[    1.847198] loop: module loaded
[    1.876586] twl 0-0048: PIH (irq 23) chaining IRQs 341..349
[    1.883087] twl 0-0048: power (irq 346) chaining IRQs 349..356
[    1.952087] twl4030_gpio twl4030-gpio: gpio (irq 341) chaining IRQs 357..374
[    2.035705] mtdoops: mtd device (mtddev=name/number) must be supplied
[    2.045257] nand: Could not find valid ONFI parameter page; aborting
[    2.052124] nand: device found, Manufacturer ID: 0xad, Chip ID: 0xbc
[    2.058868] nand: Hynix NAND 512MiB 1,8V 16-bit
[    2.063659] nand: 512 MiB, SLC, erase size: 128 KiB, page size: 2048, OOB size: 64
[    2.071685] nand: using OMAP_ECC_BCH8_CODE_HW_DETECTION_SW
[    2.080291] 5 ofpart partitions found on MTD device omap2-nand.0
[    2.086639] Creating 5 MTD partitions on "omap2-nand.0":
[    2.092346] 0x000000000000-0x000000080000 : "X-Loader"
[    2.107696] 0x000000080000-0x000000240000 : "U-Boot"
[    2.120178] 0x000000240000-0x000000280000 : "Environment"
[    2.131652] 0x000000280000-0x000000780000 : "Kernel"
[    2.146728] 0x000000780000-0x000020000000 : "Filesystem"
[    2.657287] libphy: smsc911x-mdio: probed
[    2.662200] SMSC LAN8700 2c000000.etherne:01: attached PHY driver [SMSC LAN8700] (mii_bus:phy_addr=2c000000.etherne:01, irq=-1)
[    2.674713] smsc911x 2c000000.ethernet eth0: MAC Address: 00:50:c2:7e:93:ba
[    2.688659] mousedev: PS/2 mouse device common for all mice
[    2.694732] i2c /dev entries driver
[    2.753570] ledtrig-cpu: registered to indicate activity on CPUs
[    2.762329] oprofile: using arm/armv7
[    2.767150] Initializing XFRM netlink socket
[    2.772338] NET: Registered protocol family 10
[    2.786193] sit: IPv6 over IPv4 tunneling driver
[    2.794525] NET: Registered protocol family 17
[    2.799438] NET: Registered protocol family 15
[    2.804748] Key type dns_resolver registered
[    2.809783] omap2_set_init_voltage: unable to find boot up OPP for vdd_mpu_iva
[    2.817382] omap2_set_init_voltage: unable to set vdd_mpu_iva
[    2.823547] omap2_set_init_voltage: unable to find boot up OPP for vdd_core
[    2.830932] omap2_set_init_voltage: unable to set vdd_core
[    2.842163] ThumbEE CPU extension supported.
[    2.846740] Registering SWP/SWPB emulation handler
[    2.851928] SmartReflex Class3 initialized
[    2.872222] omap_hsmmc 480b4000.mmc: omap_device: omap_device_enable() called from invalid state 1
[    2.882446] vwl1271: supplied by VMMC2
[    2.998168] mmc0: host does not support reading read-only switch, assuming write-enable
[    3.011383] hctosys: unable to open rtc device (rtc0)
[    3.016754] sr_init: No PMIC hook to init smartreflex
[    3.022796] smartreflex smartreflex.0: omap_sr_probe: SmartReflex driver initialized
[    3.032073] smartreflex smartreflex.1: omap_sr_probe: SmartReflex driver initialized
[    3.130310] smsc911x 2c000000.ethernet eth0: SMSC911x/921x identified at 0xd081e000, IRQ: 288
[    3.139801] IPv6: ADDRCONF(NETDEV_UP): eth0: link is not ready
[    3.146362] mmc0: new high speed SDHC card at address b368
[    3.160827] omap_hsmmc 480b4000.mmc: card claims to support voltages below defined range
[    3.169647] mmcblk0: mmc0:b368 SDC   3.74 GiB 
[    3.180023]  mmcblk0: p1 p2 p3
[    3.205535] mmc1: queuing unknown CIS tuple 0x91 (3 bytes)
[    3.216400] mmc1: new SDIO card at address 0001
[    5.689178] IPv6: ADDRCONF(NETDEV_CHANGE): eth0: link becomes ready
[    5.710418] Sending DHCP requests ., OK
[    5.779571] IP-Config: Got DHCP answer from 192.168.0.1, my address is 192.168.0.217
[    5.788482] IP-Config: Complete:
[    5.792083]      device=eth0, hwaddr=00:50:c2:7e:93:ba, ipaddr=192.168.0.217, mask=255.255.255.0, gw=192.168.0.1
[    5.802947]      host=192.168.0.217, domain=tim.com, nis-domain=(none)
[    5.809875]      bootserver=192.168.0.1, rootserver=192.168.0.1, rootpath=     nameserver0=192.0.2.2, nameserver1=192.0.2.3
[    5.822082] lcd_3v3: disabling
[    5.829040] VUSB3V1: disabling
[    5.832824] vwl1271: disabling
[    5.846435] EXT4-fs (mmcblk0p2): mounting ext3 file system using the ext4 subsystem
[   10.275360] EXT4-fs (mmcblk0p2): warning: maximal mount count reached, running e2fsck is recommended
[   10.364929] EXT4-fs (mmcblk0p2): recovery complete
[   10.726501] EXT4-fs (mmcblk0p2): mounted filesystem with ordered data mode. Opts: (null)
[   10.735351] VFS: Mounted root (ext3 filesystem) on device 179:2.
[   10.749816] devtmpfs: mounted
[   10.754150] Freeing unused kernel memory: 460K (c08d3000 - c0946000)
INIT: version 2.86 booting
Please wait: booting...
Error opening /dev/fb0: No such file or directory
Starting udev
WARNING: -e needs -E or -F
[   11.969726] udevd (120): /proc/120/oom_adj is deprecated, please use /proc/120/oom_score_adj instead.
[   28.217315] EXT4-fs (mmcblk0p3): mounting ext3 file system using the ext4 subsystem
[   28.248016] EXT4-fs (mmcblk0p3): warning: maximal mount count reached, running e2fsck is recommended
[   28.326141] EXT4-fs (mmcblk0p3): recovery complete
[   28.331359] EXT4-fs (mmcblk0p3): mounted filesystem with ordered data mode. Opts: (null)
[   28.354187] FAT-fs (mmcblk0p1): Volume was not properly unmounted. Some data may be corrupt. Please run fsck.
[   28.546936] alignment: ignoring faults is unsafe on this CPU.  Defaulting to fixup mode.
Remounting root file system...
[   28.720794] EXT4-fs (mmcblk0p2): re-mounted. Opts: (null)
Caching udev devnodes
logger: mount: mount point /proc/bus/usb does not exist
ALSA: Restoring mixer settings...
[   30.104888] random: nonblocking pool is initialized
/usr/sbin/alsactl: load_state:1625: No soundcards found...
Configuring network interfaces... [   31.693267] smsc911x 2c000000.ethernet eth0: SMSC911x/921x identified at 0xd081e000, IRQ: 288
[   31.703369] IPv6: ADDRCONF(NETDEV_UP): eth0: link is not ready
eth0      no wireless extensions.
udhcpc (v1.13.2) started
Sending discover...
[   33.689941] IPv6: ADDRCONF(NETDEV_CHANGE): eth0: link becomes ready
Sending discover...
Sending select for 192.168.0.58...
Lease of 192.168.0.58 obtained, lease time 600
adding dns 192.0.2.2
adding dns 192.0.2.3
done.
Setting up IP spoofing protection: rp_filter.
hwclock: can't open '/dev/misc/rtc': No such file or directory
Fri May 22 00:11:00 UTC 2015
hwclock: can't open '/dev/misc/rtc': No such file or directory
INIT: Entering runlevel: 5
Starting system message bus: dbus.
Starting Hardware abstraction layer hald
[   39.193023] ecc unrecoverable error
[   39.196838] ecc unrecoverable error
[   39.200836] ecc unrecoverable error
[   39.204589] ecc unrecoverable error
[   39.208526] blk_update_request: I/O error, dev mtdblock0, sector 0
[   39.339874] ecc unrecoverable error
[   39.343688] ecc unrecoverable error
[   39.347442] ecc unrecoverable error
[   39.351348] ecc unrecoverable error
[   39.355072] blk_update_request: I/O error, dev mtdblock0, sector 0
[   39.361968] Buffer I/O error on dev mtdblock0, logical block 0, async page read
[   39.439941] ecc unrecoverable error
[   39.443756] ecc unrecoverable error
[   39.447540] ecc unrecoverable error
[   39.451446] ecc unrecoverable error
[   39.455169] blk_update_request: I/O error, dev mtdblock1, sector 3456
[   39.479736] ecc unrecoverable error
[   39.483551] ecc unrecoverable error
[   39.487243] blk_update_request: I/O error, dev mtdblock2, sector 0
[   39.510101] ecc unrecoverable error
[   39.513916] ecc unrecoverable error
[   39.517608] blk_update_request: I/O error, dev mtdblock3, sector 10112
[   39.539489] ecc unrecoverable error
[   39.543273] ecc unrecoverable error
[   39.547058] ecc unrecoverable error
[   39.550872] ecc unrecoverable error
[   39.554595] blk_update_request: I/O error, dev mtdblock0, sector 0
[   39.561126] Buffer I/O error on dev mtdblock0, logical block 0, async page read
[   39.616333] ecc unrecoverable error
[   39.620330] ecc unrecoverable error
[   39.624114] ecc unrecoverable error
[   39.627868] ecc unrecoverable error
[   39.631652] blk_update_request: I/O error, dev mtdblock1, sector 3456
[   39.638458] Buffer I/O error on dev mtdblock1, logical block 432, async page read
[   39.703674] ecc unrecoverable error
[   39.707519] ecc unrecoverable error
[   39.711425] blk_update_request: I/O error, dev mtdblock2, sector 0
[   39.717956] Buffer I/O error on dev mtdblock2, logical block 0, async page read
[   39.788116] ecc unrecoverable error
[   39.792114] ecc unrecoverable error
[   39.795837] blk_update_request: I/O error, dev mtdblock3, sector 10112
[   39.802734] Buffer I/O error on dev mtdblock3, logical block 1264, async page read
[   39.889984] ecc unrecoverable error
[   39.893768] ecc unrecoverable error
[   39.897552] ecc unrecoverable error
[   39.901458] ecc unrecoverable error
[   39.905181] blk_update_request: I/O error, dev mtdblock0, sector 0
[   39.911743] Buffer I/O error on dev mtdblock0, logical block 0, async page read
[   39.924346] ecc unrecoverable error
[   39.928161] ecc unrecoverable error
[   39.932098] ecc unrecoverable error
[   39.935882] ecc unrecoverable error
[   39.940704] ecc unrecoverable error
[   39.944488] ecc unrecoverable error
[   39.948211] Buffer I/O error on dev mtdblock2, logical block 0, async page read
[   39.956848] ecc unrecoverable error
[   39.960754] ecc unrecoverable error
[   39.965637] ecc unrecoverable error
[   39.969543] ecc unrecoverable error
[   39.973327] ecc unrecoverable error
[   39.977050] ecc unrecoverable error
[   39.980834] Buffer I/O error on dev mtdblock0, logical block 0, async page read
[   39.989471] ecc unrecoverable error
[   39.993743] ecc unrecoverable error
[   39.997528] ecc unrecoverable error
[   40.001434] ecc unrecoverable error
[   40.005218] ecc unrecoverable error
[   40.008972] Buffer I/O error on dev mtdblock1, logical block 446, async page read
[   40.017608] ecc unrecoverable error
[   40.021484] ecc unrecoverable error
[   40.025177] Buffer I/O error on dev mtdblock2, logical block 0, async page read
[   40.033599] ecc unrecoverable error
[   40.037384] ecc unrecoverable error
[   40.041870] ecc unrecoverable error
[   40.045654] ecc unrecoverable error
[   40.049530] ecc unrecoverable error
[   40.053253] ecc unrecoverable error
[   40.057586] ecc unrecoverable error
[   40.062103] ecc unrecoverable error
[   40.065887] ecc unrecoverable error
[   40.069702] ecc unrecoverable error
[   40.073486] ecc unrecoverable error
[   40.077789] ecc unrecoverable error
[   40.081634] ecc unrecoverable error
[   40.086273] ecc unrecoverable error
[   40.090148] ecc unrecoverable error
[   40.094451] ecc unrecoverable error
[   40.098236] ecc unrecoverable error
[   40.102081] ecc unrecoverable error
[   40.105834] ecc unrecoverable error
[   40.111114] ecc unrecoverable error
[   40.114898] ecc unrecoverable error
[   40.118652] ecc unrecoverable error
[   40.122497] ecc unrecoverable error
[   40.126892] ecc unrecoverable error
[   40.130767] ecc unrecoverable error
[   40.135101] ecc unrecoverable error
[   40.138946] ecc unrecoverable error
[   40.143280] ecc unrecoverable error
[   40.147064] ecc unrecoverable error
[   40.150909] ecc unrecoverable error
[   40.154663] ecc unrecoverable error
[   40.159729] ecc unrecoverable error
[   40.163513] ecc unrecoverable error
[   40.167266] ecc unrecoverable error
[   40.171112] ecc unrecoverable error
[   40.175445] ecc unrecoverable error
[   40.179290] ecc unrecoverable error
[   40.183563] ecc unrecoverable error
[   40.187316] ecc unrecoverable error
[   40.191650] ecc unrecoverable error
[   40.195434] ecc unrecoverable error
[   40.199279] ecc unrecoverable error
[   40.203033] ecc unrecoverable error
[   40.210083] ecc unrecoverable error
[   40.213897] ecc unrecoverable error
[   40.217651] ecc unrecoverable error
[   40.221588] ecc unrecoverable error
[   40.227630] ecc unrecoverable error
[   40.231567] ecc unrecoverable error
[   40.236083] ecc unrecoverable error
[   40.239990] ecc unrecoverable error
[   40.246093] ecc unrecoverable error
[   40.250030] ecc unrecoverable error
[   40.253814] ecc unrecoverable error
[   40.257568] ecc unrecoverable error
[   40.262908] ecc unrecoverable error
[   40.266693] ecc unrecoverable error
[   40.270599] ecc unrecoverable error
[   40.274383] ecc unrecoverable error
[   40.278991] ecc unrecoverable error
[   40.282775] ecc unrecoverable error
[   40.287170] ecc unrecoverable error
[   40.291046] ecc unrecoverable error
[   40.295379] ecc unrecoverable error
[   40.299224] ecc unrecoverable error
[   40.303009] ecc unrecoverable error
[   40.306732] ecc unrecoverable error
[   40.311035] ecc unrecoverable error
[   40.315307] ecc unrecoverable error
[   40.319152] ecc unrecoverable error
[   40.322937] ecc unrecoverable error
[   40.326721] ecc unrecoverable error
[   40.331024] ecc unrecoverable error
[   40.334808] ecc unrecoverable error
[   40.339233] ecc unrecoverable error
[   40.343017] ecc unrecoverable error
[   40.347320] ecc unrecoverable error
[   40.351196] ecc unrecoverable error
[   40.354949] ecc unrecoverable error
[   40.358703] ecc unrecoverable error
[   40.363037] ecc unrecoverable error
[   40.367584] ecc unrecoverable error
[   40.371459] ecc unrecoverable error
[   40.375213] ecc unrecoverable error
[   40.379058] ecc unrecoverable error
[   40.383392] ecc unrecoverable error
[   40.387176] ecc unrecoverable error
[   40.391571] ecc unrecoverable error
[   40.395355] ecc unrecoverable error
[   40.399719] ecc unrecoverable error
[   40.403503] ecc unrecoverable error
[   40.407257] ecc unrecoverable error
[   40.411071] ecc unrecoverable error
[   40.415374] ecc unrecoverable error
[   40.419738] ecc unrecoverable error
[   40.423522] ecc unrecoverable error
[   40.427307] ecc unrecoverable error
[   40.431152] ecc unrecoverable error
[   40.435455] ecc unrecoverable error
[   40.439300] ecc unrecoverable error
[   40.443634] ecc unrecoverable error
[   40.447418] ecc unrecoverable error
[   40.451782] ecc unrecoverable error
[   40.455535] ecc unrecoverable error
[   40.459381] ecc unrecoverable error
[   40.463134] ecc unrecoverable error
[   40.467376] ecc unrecoverable error
[   40.471740] ecc unrecoverable error
[   40.475524] ecc unrecoverable error
[   40.479339] ecc unrecoverable error
[   40.483123] ecc unrecoverable error
[   40.487426] ecc unrecoverable error
[   40.491271] ecc unrecoverable error
[   40.495605] ecc unrecoverable error
[   40.499450] ecc unrecoverable error
[   40.503814] ecc unrecoverable error
[   40.507598] ecc unrecoverable error
[   40.511413] ecc unrecoverable error
[   40.515167] ecc unrecoverable error
[   40.519531] ecc unrecoverable error
[   40.523864] ecc unrecoverable error
[   40.527648] ecc unrecoverable error
[   40.531494] ecc unrecoverable error
[   40.535247] ecc unrecoverable error
[   40.539764] ecc unrecoverable error
[   40.543548] ecc unrecoverable error
[   40.547851] ecc unrecoverable error
[   40.551696] ecc unrecoverable error
[   40.555969] ecc unrecoverable error
[   40.559814] ecc unrecoverable error
[   40.563598] ecc unrecoverable error
[   40.567352] ecc unrecoverable error
[   40.571685] ecc unrecoverable error
[   40.575988] ecc unrecoverable error
[   40.579864] ecc unrecoverable error
[   40.583618] ecc unrecoverable error
[   40.587402] ecc unrecoverable error
[   40.591766] ecc unrecoverable error
[   40.595550] ecc unrecoverable error
[   40.599975] ecc unrecoverable error
[   40.603729] ecc unrecoverable error
[   40.608062] ecc unrecoverable error
[   40.611907] ecc unrecoverable error
[   40.615661] ecc unrecoverable error
[   40.619476] ecc unrecoverable error
[   40.623718] ecc unrecoverable error
[   40.628021] ecc unrecoverable error
[   40.631866] ecc unrecoverable error
[   40.635650] ecc unrecoverable error
[   40.639465] ecc unrecoverable error
[   40.643737] ecc unrecoverable error
[   40.647491] ecc unrecoverable error
[   40.651855] ecc unrecoverable error
[   40.655609] ecc unrecoverable error
[   40.659973] ecc unrecoverable error
[   40.663757] ecc unrecoverable error
[   40.667510] ecc unrecoverable error
[   40.671356] ecc unrecoverable error
[   40.675628] ecc unrecoverable error
[   40.679992] ecc unrecoverable error
[   40.683776] ecc unrecoverable error
[   40.687530] ecc unrecoverable error
[   40.691375] ecc unrecoverable error
[   40.695678] ecc unrecoverable error
[   40.699493] ecc unrecoverable error
[   40.703826] ecc unrecoverable error
[   40.707580] ecc unrecoverable error
[   40.711944] ecc unrecoverable error
[   40.715728] ecc unrecoverable error
[   40.719543] ecc unrecoverable error
[   40.723327] ecc unrecoverable error
[   40.727600] ecc unrecoverable error
[   40.731994] ecc unrecoverable error
[   40.735778] ecc unrecoverable error
[   40.739624] ecc unrecoverable error
[   40.743408] ecc unrecoverable error
[   40.747711] ecc unrecoverable error
[   40.751556] ecc unrecoverable error
[   40.755798] ecc unrecoverable error
[   40.759643] ecc unrecoverable error
[   40.763946] ecc unrecoverable error
[   40.767730] ecc unrecoverable error
[   40.771545] ecc unrecoverable error
[   40.775329] ecc unrecoverable error
[   40.779602] ecc unrecoverable error
[   40.783905] ecc unrecoverable error
[   40.787689] ecc unrecoverable error
[   40.791534] ecc unrecoverable error
[   40.795288] ecc unrecoverable error
[   40.799652] ecc unrecoverable error
[   40.803436] ecc unrecoverable error
[   40.807739] ecc unrecoverable error
[   40.811584] ecc unrecoverable error
[   40.815887] ecc unrecoverable error
[   40.819732] ecc unrecoverable error
[   40.823486] ecc unrecoverable error
[   40.827270] ecc unrecoverable error
[   40.831604] ecc unrecoverable error
[   40.835906] ecc unrecoverable error
[   40.839752] ecc unrecoverable error
[   40.843536] ecc unrecoverable error
[   40.847320] ecc unrecoverable error
[   40.851654] ecc unrecoverable error
[   40.855407] ecc unrecoverable error
[   40.859771] ecc unrecoverable error
[   40.863555] ecc unrecoverable error
[   40.867858] ecc unrecoverable error
[   40.871704] ecc unrecoverable error
[   40.875457] ecc unrecoverable error
[   40.879272] ecc unrecoverable error
[   40.883575] ecc unrecoverable error
[   40.887847] ecc unrecoverable error
[   40.891693] ecc unrecoverable error
[   40.895477] ecc unrecoverable error
[   40.899291] ecc unrecoverable error
[   40.903594] ecc unrecoverable error
[   40.907348] ecc unrecoverable error
[   40.911712] ecc unrecoverable error
[   40.915496] ecc unrecoverable error
[   40.919830] ecc unrecoverable error
[   40.923614] ecc unrecoverable error
[   40.927368] ecc unrecoverable error
[   40.931213] ecc unrecoverable error
[   40.935424] ecc unrecoverable error
[   40.939788] ecc unrecoverable error
[   40.943572] ecc unrecoverable error
[   40.947326] ecc unrecoverable error
[   40.951171] ecc unrecoverable error
[   40.955413] ecc unrecoverable error
[   40.959228] ecc unrecoverable error
[   40.963562] ecc unrecoverable error
[   40.967315] ecc unrecoverable error
[   40.971679] ecc unrecoverable error
[   40.975463] ecc unrecoverable error
[   40.979278] ecc unrecoverable error
[   40.983062] ecc unrecoverable error
[   40.987640] ecc unrecoverable error
[   40.992034] ecc unrecoverable error
[   40.995819] ecc unrecoverable error
[   40.999633] ecc unrecoverable error
[   41.003417] ecc unrecoverable error
[   41.007720] ecc unrecoverable error
[   41.011535] ecc unrecoverable error
[   41.015777] ecc unrecoverable error
[   41.019622] ecc unrecoverable error
[   41.023956] ecc unrecoverable error
[   41.027740] ecc unrecoverable error
[   41.031555] ecc unrecoverable error
[   41.035308] ecc unrecoverable error
[   41.039642] ecc unrecoverable error
[   41.043945] ecc unrecoverable error
[   41.047729] ecc unrecoverable error
[   41.051574] ecc unrecoverable error
[   41.055358] ecc unrecoverable error
[   41.059692] ecc unrecoverable error
[   41.063446] ecc unrecoverable error
[   41.067749] ecc unrecoverable error
[   41.071594] ecc unrecoverable error
[   41.075897] ecc unrecoverable error
[   41.079742] ecc unrecoverable error
[   41.083526] ecc unrecoverable error
[   41.087249] ecc unrecoverable error
[   41.091522] ecc unrecoverable error
[   41.095825] ecc unrecoverable error
[   41.099700] ecc unrecoverable error
[   41.103454] ecc unrecoverable error
[   41.107208] ecc unrecoverable error
[   41.111511] ecc unrecoverable error
[   41.115295] ecc unrecoverable error
[   41.119659] ecc unrecoverable error
[   41.123413] ecc unrecoverable error
[   41.127716] ecc unrecoverable error
[   41.131561] ecc unrecoverable error
[   41.135345] ecc unrecoverable error
[   41.139129] ecc unrecoverable error
[   41.143432] ecc unrecoverable error
[   41.147735] ecc unrecoverable error
[   41.151611] ecc unrecoverable error
[   41.155364] ecc unrecoverable error
[   41.159179] ecc unrecoverable error
[   41.163513] ecc unrecoverable error
[   41.167266] ecc unrecoverable error
[   41.171661] ecc unrecoverable error
[   41.175415] ecc unrecoverable error
[   41.179779] ecc unrecoverable error
[   41.183532] ecc unrecoverable error
[   41.187316] ecc unrecoverable error
[   41.191131] ecc unrecoverable error
[   41.195526] ecc unrecoverable error
[   41.199920] ecc unrecoverable error
[   41.203704] ecc unrecoverable error
[   41.207458] ecc unrecoverable error
[   41.211273] ecc unrecoverable error
[   41.215637] ecc unrecoverable error
[   41.219482] ecc unrecoverable error
[   41.223815] ecc unrecoverable error
[   41.227600] ecc unrecoverable error
[   41.231994] ecc unrecoverable error
[   41.235778] ecc unrecoverable error
[   41.239624] ecc unrecoverable error
[   41.243377] ecc unrecoverable error
[   41.247650] ecc unrecoverable error
[   41.252014] ecc unrecoverable error
[   41.255798] ecc unrecoverable error
[   41.259643] ecc unrecoverable error
[   41.263397] ecc unrecoverable error
[   41.267669] ecc unrecoverable error
[   41.271514] ecc unrecoverable error
[   41.275756] ecc unrecoverable error
[   41.279602] ecc unrecoverable error
[   41.283905] ecc unrecoverable error
[   41.287689] ecc unrecoverable error
[   41.291534] ecc unrecoverable error
[   41.295318] ecc unrecoverable error
[   41.299621] ecc unrecoverable error
[   41.303924] ecc unrecoverable error
[   41.307708] ecc unrecoverable error
[   41.311523] ecc unrecoverable error
[   41.315307] ecc unrecoverable error
[   41.319671] ecc unrecoverable error
[   41.323425] ecc unrecoverable error
[   41.327758] ecc unrecoverable error
[   41.331604] ecc unrecoverable error
[   41.335876] ecc unrecoverable error
[   41.339721] ecc unrecoverable error
[   41.343475] ecc unrecoverable error
[   41.347229] ecc unrecoverable error
[   41.351562] ecc unrecoverable error
[   41.355865] ecc unrecoverable error
[   41.359710] ecc unrecoverable error
[   41.363464] ecc unrecoverable error
[   41.367248] ecc unrecoverable error
[   41.371582] ecc unrecoverable error
[   41.375366] ecc unrecoverable error
[   41.379852] ecc unrecoverable error
[   41.383636] ecc unrecoverable error
[   41.387939] ecc unrecoverable error
[   41.391815] ecc unrecoverable error
[   41.395568] ecc unrecoverable error
[   41.399383] ecc unrecoverable error
[   41.403625] ecc unrecoverable error
[   41.408050] ecc unrecoverable error
[   41.411926] ecc unrecoverable error
[   41.415679] ecc unrecoverable error
[   41.419494] ecc unrecoverable error
[   41.423797] ecc unrecoverable error
[   41.427581] ecc unrecoverable error
[   41.431945] ecc unrecoverable error
[   41.435729] ecc unrecoverable error
[   41.440093] ecc unrecoverable error
[   41.443878] ecc unrecoverable error
[   41.447662] ecc unrecoverable error
[   41.451446] ecc unrecoverable error
[   41.456542] ecc unrecoverable error
[   41.460388] ecc unrecoverable error
[   41.464172] ecc unrecoverable error
[   41.467926] ecc unrecoverable error
[   41.472320] ecc unrecoverable error
[   41.476074] ecc unrecoverable error
[   41.480468] ecc unrecoverable error
[   41.484222] ecc unrecoverable error
[   41.488525] ecc unrecoverable error
[   41.492370] ecc unrecoverable error
[   41.496154] ecc unrecoverable error
[   41.499938] ecc unrecoverable error
[   41.505035] ecc unrecoverable error
[   41.508911] ecc unrecoverable error
[   41.512695] ecc unrecoverable error
[   41.516448] ecc unrecoverable error
[   41.520812] ecc unrecoverable error
[   41.524597] ecc unrecoverable error
[   41.528930] ecc unrecoverable error
[   41.532714] ecc unrecoverable error
[   41.537017] ecc unrecoverable error
[   41.540863] ecc unrecoverable error
[   41.544647] ecc unrecoverable error
[   41.548370] ecc unrecoverable error
[   41.553405] ecc unrecoverable error
[   41.557189] ecc unrecoverable error
[   41.561004] ecc unrecoverable error
[   41.564788] ecc unrecoverable error
[   41.569122] ecc unrecoverable error
[   41.572906] ecc unrecoverable error
[   41.577209] ecc unrecoverable error
[   41.581054] ecc unrecoverable error
[   41.585296] ecc unrecoverable error
[   41.589141] ecc unrecoverable error
[   41.592926] ecc unrecoverable error
[   41.596649] ecc unrecoverable error
[   41.600982] ecc unrecoverable error
[   41.605285] ecc unrecoverable error
[   41.609130] ecc unrecoverable error
[   41.612884] ecc unrecoverable error
[   41.616668] ecc unrecoverable error
[   41.621002] ecc unrecoverable error
[   41.624786] ecc unrecoverable error
[   41.629180] ecc unrecoverable error
[   41.632934] ecc unrecoverable error
[   41.637237] ecc unrecoverable error
[   41.641082] ecc unrecoverable error
[   41.644866] ecc unrecoverable error
[   41.648620] ecc unrecoverable error
[   41.652954] ecc unrecoverable error
[   41.657257] ecc unrecoverable error
[   41.661102] ecc unrecoverable error
[   41.664855] ecc unrecoverable error
[   41.668640] ecc unrecoverable error
[   41.673004] ecc unrecoverable error
[   41.676788] ecc unrecoverable error
[   41.681121] ecc unrecoverable error
[   41.684906] ecc unrecoverable error
[   41.689270] ecc unrecoverable error
[   41.693054] ecc unrecoverable error
[   41.696838] ecc unrecoverable error
[   41.700622] ecc unrecoverable error
[   41.704864] ecc unrecoverable error
[   41.709228] ecc unrecoverable error
[   41.713012] ecc unrecoverable error
[   41.716766] ecc unrecoverable error
[   41.720581] ecc unrecoverable error
[   41.724853] ecc unrecoverable error
[   41.728607] ecc unrecoverable error
[   41.733001] ecc unrecoverable error
[   41.736755] ecc unrecoverable error
[   41.741119] ecc unrecoverable error
[   41.744903] ecc unrecoverable error
[   41.748687] ecc unrecoverable error
[   41.752471] ecc unrecoverable error
[   41.756774] ecc unrecoverable error
[   41.761138] ecc unrecoverable error
[   41.764923] ecc unrecoverable error
[   41.768676] ecc unrecoverable error
[   41.772521] ecc unrecoverable error
[   41.776824] ecc unrecoverable error
[   41.780670] ecc unrecoverable error
[   41.784912] ecc unrecoverable error
[   41.788696] ecc unrecoverable error
[   41.793029] ecc unrecoverable error
[   41.796813] ecc unrecoverable error
[   41.800659] ecc unrecoverable error
[   41.804382] ecc unrecoverable error
[   41.808654] ecc unrecoverable error
[   41.813018] ecc unrecoverable error
[   41.816802] ecc unrecoverable error
[   41.820617] ecc unrecoverable error
[   41.824401] ecc unrecoverable error
[   41.828704] ecc unrecoverable error
[   41.832550] ecc unrecoverable error
[   41.836883] ecc unrecoverable error
[   41.840728] ecc unrecoverable error
[   41.844940] ecc unrecoverable error
[   41.848724] ecc unrecoverable error
[   41.852569] ecc unrecoverable error
[   41.856323] ecc unrecoverable error
[   41.860595] ecc unrecoverable error
[   41.864868] ecc unrecoverable error
[   41.868652] ecc unrecoverable error
[   41.872467] ecc unrecoverable error
[   41.876251] ecc unrecoverable error
[   41.880523] ecc unrecoverable error
[   41.884307] ecc unrecoverable error
[   41.888610] ecc unrecoverable error
[   41.892456] ecc unrecoverable error
[   41.896759] ecc unrecoverable error
[   41.900604] ecc unrecoverable error
[   41.904357] ecc unrecoverable error
[   41.908111] ecc unrecoverable error
[   41.912445] ecc unrecoverable error
[   41.916748] ecc unrecoverable error
[   41.920562] ecc unrecoverable error
[   41.924346] ecc unrecoverable error
[   41.928131] ecc unrecoverable error
[   41.932464] ecc unrecoverable error
[   41.936248] ecc unrecoverable error
[   41.940612] ecc unrecoverable error
[   41.944396] ecc unrecoverable error
[   41.948669] ecc unrecoverable error
[   41.952514] ecc unrecoverable error
[   41.956298] ecc unrecoverable error
[   41.960083] ecc unrecoverable error
[   41.964355] ecc unrecoverable error
[   41.968719] ecc unrecoverable error
[   41.972564] ecc unrecoverable error
[   41.976318] ecc unrecoverable error
[   41.980163] ecc unrecoverable error
[   41.984466] ecc unrecoverable error
[   41.988250] ecc unrecoverable error
[   41.993011] ecc unrecoverable error
[   41.996765] ecc unrecoverable error
[   42.001190] ecc unrecoverable error
[   42.004974] ecc unrecoverable error
[   42.008728] ecc unrecoverable error
[   42.012573] ecc unrecoverable error
[   42.017913] ecc unrecoverable error
[   42.021759] ecc unrecoverable error
[   42.025543] ecc unrecoverable error
[   42.029357] ecc unrecoverable error
[   42.033691] ecc unrecoverable error
[   42.037475] ecc unrecoverable error
[   42.041809] ecc unrecoverable error
[   42.045593] ecc unrecoverable error
[   42.049987] ecc unrecoverable error
[   42.053771] ecc unrecoverable error
[   42.057556] ecc unrecoverable error
[   42.061370] ecc unrecoverable error
[   42.067352] ecc unrecoverable error
[   42.071289] ecc unrecoverable error
[   42.075073] ecc unrecoverable error
[   42.078948] ecc unrecoverable error
[   42.084350] ecc unrecoverable error
[   42.088134] ecc unrecoverable error
[   42.093078] ecc unrecoverable error
[   42.096893] ecc unrecoverable error
[   42.101287] ecc unrecoverable error
[   42.105072] ecc unrecoverable error
[   42.108947] ecc unrecoverable error
[   42.112701] ecc unrecoverable error
[   42.117858] ecc unrecoverable error
[   42.121734] ecc unrecoverable error
[   42.125518] ecc unrecoverable error
[   42.129333] ecc unrecoverable error
[   42.133697] ecc unrecoverable error
[   42.137481] ecc unrecoverable error
[   42.141876] ecc unrecoverable error
[   42.145660] ecc unrecoverable error
[   42.150024] ecc unrecoverable error
[   42.153778] ecc unrecoverable error
[   42.157562] ecc unrecoverable error
[   42.161376] ecc unrecoverable error
[   42.165618] ecc unrecoverable error
[   42.170043] ecc unrecoverable error
[   42.173828] ecc unrecoverable error
[   42.177612] ecc unrecoverable error
[   42.181457] ecc unrecoverable error
[   42.185791] ecc unrecoverable error
[   42.189636] ecc unrecoverable error
[   42.193908] ecc unrecoverable error
[   42.197692] ecc unrecoverable error
[   42.202087] ecc unrecoverable error
[   42.205871] ecc unrecoverable error
[   42.209716] ecc unrecoverable error
[   42.213470] ecc unrecoverable error
[   42.217803] ecc unrecoverable error
[   42.222167] ecc unrecoverable error
[   42.225952] ecc unrecoverable error
[   42.229797] ecc unrecoverable error
[   42.233581] ecc unrecoverable error
[   42.238342] ecc unrecoverable error
[   42.242187] ecc unrecoverable error
[   42.246551] ecc unrecoverable error
[   42.250396] ecc unrecoverable error
[   42.254638] ecc unrecoverable error
[   42.258422] ecc unrecoverable error
[   42.262268] ecc unrecoverable error
[   42.266052] ecc unrecoverable error
[   42.270446] ecc unrecoverable error
[   42.274780] ecc unrecoverable error
[   42.278564] ecc unrecoverable error
[   42.282409] ecc unrecoverable error
[   42.286193] ecc unrecoverable error
[   42.290588] ecc unrecoverable error
[   42.294372] ecc unrecoverable error
[   42.298706] ecc unrecoverable error
[   42.302551] ecc unrecoverable error
[   42.306854] ecc unrecoverable error
[   42.310699] ecc unrecoverable error
[   42.314483] ecc unrecoverable error
[   42.318237] ecc unrecoverable error
[   42.322540] ecc unrecoverable error
[   42.326843] ecc unrecoverable error
[   42.330718] ecc unrecoverable error
[   42.334503] ecc unrecoverable error
[   42.338256] ecc unrecoverable error
[   42.342620] ecc unrecoverable error
[   42.346374] ecc unrecoverable error
[   42.350769] ecc unrecoverable error
[   42.354553] ecc unrecoverable error
[   42.358947] ecc unrecoverable error
[   42.362731] ecc unrecoverable error
[   42.366516] ecc unrecoverable error
[   42.370330] ecc unrecoverable error
[   42.374603] ecc unrecoverable error
[   42.379089] ecc unrecoverable error
[   42.382873] ecc unrecoverable error
[   42.386657] ecc unrecoverable error
[   42.390472] ecc unrecoverable error
[   42.394805] ecc unrecoverable error
[   42.398590] ecc unrecoverable error
[   42.402954] ecc unrecoverable error
[   42.406738] ecc unrecoverable error
[   42.411102] ecc unrecoverable error
[   42.414886] ecc unrecoverable error
[   42.418670] ecc unrecoverable error
[   42.422485] ecc unrecoverable error
[   42.426757] ecc unrecoverable error
[   42.431152] ecc unrecoverable error
[   42.434936] ecc unrecoverable error
[   42.438690] ecc unrecoverable error
[   42.442535] ecc unrecoverable error
[   42.446838] ecc unrecoverable error
[   42.450683] ecc unrecoverable error
[   42.454925] ecc unrecoverable error
[   42.458709] ecc unrecoverable error
[   42.463073] ecc unrecoverable error
[   42.466857] ecc unrecoverable error
[   42.470672] ecc unrecoverable error
[   42.474426] ecc unrecoverable error
[   42.486755] ecc unrecoverable error
[   42.495880] ecc unrecoverable error
[   42.499877] ecc unrecoverable error
[   42.503662] ecc unrecoverable error
[   42.507415] ecc unrecoverable error
[   42.512054] ecc unrecoverable error
[   42.515838] ecc unrecoverable error
[   42.520416] ecc unrecoverable error
[   42.524200] ecc unrecoverable error
[   42.528533] ecc unrecoverable error
[   42.533355] ecc unrecoverable error
[   42.537139] ecc unrecoverable error
[   42.541015] ecc unrecoverable error
[   42.544769] ecc unrecoverable error
[   42.549377] ecc unrecoverable error
[   42.553161] ecc unrecoverable error
[   42.564208] ecc unrecoverable error
[   42.568023] ecc unrecoverable error
[   42.577026] ecc unrecoverable error
[   42.581726] ecc unrecoverable error
[   42.585510] ecc unrecoverable error
[   42.589385] ecc unrecoverable error
[   42.593170] ecc unrecoverable error
[   42.597625] ecc unrecoverable error
[   42.601593] ecc unrecoverable error
[   42.606231] ecc unrecoverable error
[   42.610778] ecc unrecoverable error
[   42.614532] ecc unrecoverable error
[   42.618316] ecc unrecoverable error
[   42.622192] ecc unrecoverable error
[   42.626617] ecc unrecoverable error
[   42.630493] ecc unrecoverable error
[   42.634826] ecc unrecoverable error
[   42.639251] ecc unrecoverable error
[   42.643005] ecc unrecoverable error
[   42.646789] ecc unrecoverable error
[   42.650634] ecc unrecoverable error
[   42.654937] ecc unrecoverable error
[   42.658691] ecc unrecoverable error
[   42.663024] ecc unrecoverable error
[   42.667327] ecc unrecoverable error
[   42.671173] ecc unrecoverable error
[   42.674957] ecc unrecoverable error
[   42.678741] ecc unrecoverable error
[   42.683074] ecc unrecoverable error
[   42.686828] ecc unrecoverable error
[   42.691162] ecc unrecoverable error
[   42.695434] ecc unrecoverable error
[   42.699279] ecc unrecoverable error
[   42.703063] ecc unrecoverable error
[   42.706817] ecc unrecoverable error
[   42.711120] ecc unrecoverable error
[   42.714904] ecc unrecoverable error
[   42.719238] ecc unrecoverable error
[   42.723541] ecc unrecoverable error
[   42.727325] ecc unrecoverable error
[   42.731170] ecc unrecoverable error
[   42.734954] ecc unrecoverable error
[   42.739349] ecc unrecoverable error
[   42.743103] ecc unrecoverable error
[   42.747375] ecc unrecoverable error
[   42.751739] ecc unrecoverable error
[   42.755523] ecc unrecoverable error
[   42.759338] ecc unrecoverable error
[   42.763092] ecc unrecoverable error
[   42.767395] ecc unrecoverable error
[   42.771209] ecc unrecoverable error
[   42.775482] ecc unrecoverable error
[   42.779815] ecc unrecoverable error
[   42.783599] ecc unrecoverable error
[   42.787384] ecc unrecoverable error
[   42.791198] ecc unrecoverable error
[   42.795501] ecc unrecoverable error
[   42.799346] ecc unrecoverable error
[   42.803924] ecc unrecoverable error
[   42.808227] ecc unrecoverable error
[   42.812103] ecc unrecoverable error
[   42.815887] ecc unrecoverable error
[   42.819702] ecc unrecoverable error
[   42.823974] ecc unrecoverable error
[   42.827758] ecc unrecoverable error
[   42.832061] ecc unrecoverable error
[   42.836395] ecc unrecoverable error
[   42.840240] ecc unrecoverable error
[   42.843994] ecc unrecoverable error
[   42.847778] ecc unrecoverable error
[   42.852111] ecc unrecoverable error
[   42.855895] ecc unrecoverable error
[   42.860229] ecc unrecoverable error
[   42.864501] ecc unrecoverable error
[   42.868286] ecc unrecoverable error
[   42.872100] ecc unrecoverable error
[   42.875885] ecc unrecoverable error
[   42.880218] ecc unrecoverable error
[   42.883972] ecc unrecoverable error
[   42.888244] ecc unrecoverable error
[   42.892608] ecc unrecoverable error
[   42.896392] ecc unrecoverable error
[   42.900207] ecc unrecoverable error
[   42.903961] ecc unrecoverable error
[   42.908264] ecc unrecoverable error
[   42.912109] ecc unrecoverable error
[   42.916381] ecc unrecoverable error
[   42.920654] ecc unrecoverable error
[   42.924438] ecc unrecoverable error
[   42.928192] ecc unrecoverable error
[   42.932006] ecc unrecoverable error
[   42.936309] ecc unrecoverable error
[   42.940155] ecc unrecoverable error
[   42.944427] ecc unrecoverable error
[   42.948699] ecc unrecoverable error
[   42.952545] ecc unrecoverable error
[   42.956298] ecc unrecoverable error
[   42.960113] ecc unrecoverable error
[   42.964355] ecc unrecoverable error
[   42.968139] ecc unrecoverable error
[   42.972473] ecc unrecoverable error
[   42.976745] ecc unrecoverable error
[   42.980560] ecc unrecoverable error
[   42.984313] ecc unrecoverable error
[   42.988098] ecc unrecoverable error
[   42.992492] ecc unrecoverable error
[   42.996276] ecc unrecoverable error
[   43.000640] ecc unrecoverable error
[   43.004913] ecc unrecoverable error
[   43.008697] ecc unrecoverable error
[   43.012542] ecc unrecoverable error
[   43.016326] ecc unrecoverable error
[   43.020629] ecc unrecoverable error
[   43.024414] ecc unrecoverable error
[   43.028717] ecc unrecoverable error
[   43.033325] ecc unrecoverable error
[   43.037109] ecc unrecoverable error
[   43.040954] ecc unrecoverable error
[   43.044708] ecc unrecoverable error
[   43.049133] ecc unrecoverable error
[   43.052917] ecc unrecoverable error
[   43.057189] ecc unrecoverable error
[   43.061614] ecc unrecoverable error
[   43.065368] ecc unrecoverable error
[   43.069213] ecc unrecoverable error
[   43.072998] ecc unrecoverable error
[   43.077301] ecc unrecoverable error
[   43.081146] ecc unrecoverable error
[   43.085418] ecc unrecoverable error
[   43.089782] ecc unrecoverable error
[   43.093536] ecc unrecoverable error
[   43.097320] ecc unrecoverable error
[   43.101165] ecc unrecoverable error
[   43.105468] ecc unrecoverable error
[   43.109283] ecc unrecoverable error
[   43.113555] ecc unrecoverable error
[   43.117889] ecc unrecoverable error
[   43.121704] ecc unrecoverable error
[   43.125488] ecc unrecoverable error
[   43.129302] ecc unrecoverable error
[   43.133605] ecc unrecoverable error
[   43.137390] ecc unrecoverable error
[   43.141723] ecc unrecoverable error
[   43.145996] ecc unrecoverable error
[   43.149841] ecc unrecoverable error
[   43.153594] ecc unrecoverable error
[   43.157379] ecc unrecoverable error
[   43.161712] ecc unrecoverable error
[   43.165496] ecc unrecoverable error
[   43.169799] ecc unrecoverable error
[   43.174102] ecc unrecoverable error
[   43.177856] ecc unrecoverable error
[   43.181701] ecc unrecoverable error
[   43.185485] ecc unrecoverable error
[   43.189758] ecc unrecoverable error
[   43.193542] ecc unrecoverable error
[   43.197784] ecc unrecoverable error
[   43.202148] ecc unrecoverable error
[   43.205932] ecc unrecoverable error
[   43.209747] ecc unrecoverable error
[   43.213531] ecc unrecoverable error
[   43.217803] ecc unrecoverable error
[   43.221649] ecc unrecoverable error
[   43.225921] ecc unrecoverable error
[   43.230255] ecc unrecoverable error
[   43.234008] ecc unrecoverable error
[   43.237792] ecc unrecoverable error
[   43.241638] ecc unrecoverable error
[   43.245910] ecc unrecoverable error
[   43.249755] ecc unrecoverable error
[   43.253997] ecc unrecoverable error
[   43.258270] ecc unrecoverable error
[   43.262115] ecc unrecoverable error
[   43.265869] ecc unrecoverable error
[   43.269683] ecc unrecoverable error
[   43.273986] ecc unrecoverable error
[   43.277740] ecc unrecoverable error
[   43.282012] ecc unrecoverable error
[   43.293609] ecc unrecoverable error
[   43.297393] ecc unrecoverable error
[   43.301330] ecc unrecoverable error
[   43.305114] ecc unrecoverable error
[   43.313751] ecc unrecoverable error
[   43.317565] ecc unrecoverable error
[   43.322326] ecc unrecoverable error
[   43.326110] ecc unrecoverable error
[   43.330017] ecc unrecoverable error
[   43.333801] ecc unrecoverable error
[   43.338256] ecc unrecoverable error
[   43.342193] ecc unrecoverable error
[   43.346801] ecc unrecoverable error
[   43.350708] ecc unrecoverable error
[   43.354461] ecc unrecoverable error
[   43.358215] ecc unrecoverable error
[   43.362731] ecc unrecoverable error
[   43.366516] ecc unrecoverable error
[   43.370971] ecc unrecoverable error
[   43.374755] ecc unrecoverable error
[   43.378509] ecc unrecoverable error
[   43.382354] ecc unrecoverable error
[   43.386718] ecc unrecoverable error
[   43.390563] ecc unrecoverable error
[   43.394866] ecc unrecoverable error
[   43.398651] ecc unrecoverable error
[   43.402496] ecc unrecoverable error
[   43.406280] ecc unrecoverable error
[   43.410614] ecc unrecoverable error
[   43.414398] ecc unrecoverable error
[   43.418609] ecc unrecoverable error
[   43.422454] ecc unrecoverable error
[   43.426208] ecc unrecoverable error
[   43.430023] ecc unrecoverable error
[   43.434265] ecc unrecoverable error
[   43.438049] ecc unrecoverable error
[   43.442382] ecc unrecoverable error
[   43.446166] ecc unrecoverable error
[   43.449981] ecc unrecoverable error
[   43.453765] ecc unrecoverable error
[   43.458038] ecc unrecoverable error
[   43.461883] ecc unrecoverable error
[   43.466156] ecc unrecoverable error
[   43.470001] ecc unrecoverable error
[   43.473754] ecc unrecoverable error
[   43.477508] ecc unrecoverable error
[   43.481842] ecc unrecoverable error
[   43.485626] ecc unrecoverable error
[   43.489959] ecc unrecoverable error
[   43.493713] ecc unrecoverable error
[   43.497467] ecc unrecoverable error
[   43.501312] ecc unrecoverable error
[   43.505584] ecc unrecoverable error
[   43.509429] ecc unrecoverable error
[   43.513702] ecc unrecoverable error
[   43.517486] ecc unrecoverable error
[   43.521301] ecc unrecoverable error
[   43.525085] ecc unrecoverable error
[   43.529449] ecc unrecoverable error
[   43.533203] ecc unrecoverable error
[   43.537445] ecc unrecoverable error
[   43.541259] ecc unrecoverable error
[   43.545043] ecc unrecoverable error
[   43.548889] ecc unrecoverable error
[   43.553131] ecc unrecoverable error
[   43.556915] ecc unrecoverable error
[   43.561248] ecc unrecoverable error
[   43.565032] ecc unrecoverable error
[   43.568878] ecc unrecoverable error
[   43.572662] ecc unrecoverable error
[   43.576934] ecc unrecoverable error
[   43.580780] ecc unrecoverable error
[   43.585083] ecc unrecoverable error
[   43.588958] ecc unrecoverable error
[   43.592712] ecc unrecoverable error
[   43.596466] ecc unrecoverable error
[   43.600799] ecc unrecoverable error
[   43.604553] ecc unrecoverable error
[   43.609130] ecc unrecoverable error
[   43.612915] ecc unrecoverable error
[   43.616668] ecc unrecoverable error
[   43.620513] ecc unrecoverable error
[   43.624847] ecc unrecoverable error
[   43.628631] ecc unrecoverable error
[   43.632995] ecc unrecoverable error
[   43.636779] ecc unrecoverable error
[   43.640594] ecc unrecoverable error
[   43.644378] ecc unrecoverable error
[   43.648651] ecc unrecoverable error
[   43.652496] ecc unrecoverable error
[   43.656738] ecc unrecoverable error
[   43.660552] ecc unrecoverable error
[   43.664306] ecc unrecoverable error
[   43.668090] ecc unrecoverable error
[   43.672363] ecc unrecoverable error
[   43.676147] ecc unrecoverable error
[   43.680480] ecc unrecoverable error
[   43.684234] ecc unrecoverable error
[   43.687988] ecc unrecoverable error
[   43.691833] ecc unrecoverable error
[   43.696136] ecc unrecoverable error
[   43.699951] ecc unrecoverable error
[   43.704254] ecc unrecoverable error
[   43.708007] ecc unrecoverable error
[   43.711853] ecc unrecoverable error
[   43.715606] ecc unrecoverable error
[   43.719940] ecc unrecoverable error
[   43.723724] ecc unrecoverable error
[   43.727966] ecc unrecoverable error
[   43.731811] ecc unrecoverable error
[   43.735565] ecc unrecoverable error
[   43.739379] ecc unrecoverable error
[   43.743652] ecc unrecoverable error
[   43.747436] ecc unrecoverable error
[   43.751770] ecc unrecoverable error
[   43.755554] ecc unrecoverable error
[   43.759338] ecc unrecoverable error
[   43.763122] ecc unrecoverable error
[   43.767425] ecc unrecoverable error
[   43.771240] ecc unrecoverable error
[   43.775482] ecc unrecoverable error
[   43.779327] ecc unrecoverable error
[   43.783081] ecc unrecoverable error
[   43.786834] ecc unrecoverable error
[   43.791107] ecc unrecoverable error
[   43.794891] ecc unrecoverable error
[   43.799255] ecc unrecoverable error
[   43.803039] ecc unrecoverable error
[   43.806793] ecc unrecoverable error
[   43.810638] ecc unrecoverable error
[   43.814941] ecc unrecoverable error
[   43.818695] ecc unrecoverable error
[   43.823028] ecc unrecoverable error
[   43.826812] ecc unrecoverable error
[   43.830627] ecc unrecoverable error
[   43.834411] ecc unrecoverable error
[   43.838684] ecc unrecoverable error
[   43.842498] ecc unrecoverable error
[   43.846801] ecc unrecoverable error
[   43.850616] ecc unrecoverable error
[   43.854400] ecc unrecoverable error
[   43.858154] ecc unrecoverable error
[   43.862518] ecc unrecoverable error
[   43.866302] ecc unrecoverable error
[   43.870635] ecc unrecoverable error
[   43.874389] ecc unrecoverable error
[   43.878173] ecc unrecoverable error
[   43.881988] ecc unrecoverable error
[   43.886291] ecc unrecoverable error
[   43.890106] ecc unrecoverable error
[   43.894348] ecc unrecoverable error
[   43.898132] ecc unrecoverable error
[   43.901947] ecc unrecoverable error
[   43.905731] ecc unrecoverable error
[   43.910003] ecc unrecoverable error
[   43.913757] ecc unrecoverable error
[   43.918029] ecc unrecoverable error
[   43.921874] ecc unrecoverable error
[   43.925659] ecc unrecoverable error
[   43.929473] ecc unrecoverable error
[   43.933746] ecc unrecoverable error
[   43.937530] ecc unrecoverable error
[   43.941864] ecc unrecoverable error
[   43.945648] ecc unrecoverable error
[   43.949462] ecc unrecoverable error
[   43.953216] ecc unrecoverable error
[   43.957519] ecc unrecoverable error
[   43.961364] ecc unrecoverable error
[   43.965606] ecc unrecoverable error
[   43.969451] ecc unrecoverable error
[   43.973205] ecc unrecoverable error
[   43.976989] ecc unrecoverable error
[   43.981292] ecc unrecoverable error
[   43.985076] ecc unrecoverable error
[   43.989410] ecc unrecoverable error
[   43.993194] ecc unrecoverable error
[   43.996948] ecc unrecoverable error
[   44.000793] ecc unrecoverable error
[   44.005065] ecc unrecoverable error
[   44.008911] ecc unrecoverable error
[   44.013153] ecc unrecoverable error
[   44.016937] ecc unrecoverable error
[   44.020751] ecc unrecoverable error
[   44.024505] ecc unrecoverable error
[   44.028747] ecc unrecoverable error
[   44.032592] ecc unrecoverable error
[   44.036865] ecc unrecoverable error
[   44.040710] ecc unrecoverable error
[   44.044464] ecc unrecoverable error
[   44.048248] ecc unrecoverable error
[   44.060028] ecc unrecoverable error
[   44.063842] ecc unrecoverable error
[   44.073303] ecc unrecoverable error
[   44.077087] ecc unrecoverable error
[   44.081909] ecc unrecoverable error
[   44.085693] ecc unrecoverable error
[   44.090484] ecc unrecoverable error
[   44.094268] ecc unrecoverable error
[   44.098571] ecc unrecoverable error
[   44.102478] ecc unrecoverable error
[   44.106811] ecc unrecoverable error
[   44.110717] ecc unrecoverable error
[   44.115020] ecc unrecoverable error
[   44.118927] ecc unrecoverable error
[   44.123138] ecc unrecoverable error
[   44.126922] ecc unrecoverable error
Starting Dropbear SSH server: dropbear.
Starting telnet daemon.
Starting network benchmark server: netserver.
Starting syslogd/klogd: done
Starting thttpd.
Starting Lighttpd Web Server: lighttpd.
2015-05-22 00:11:08: (log.c.166) server started 
Starting Matrix GUI application.
***************************************************************
***************************************************************
NOTICE: This file system contains the followin GPLv3 packages:
	binutils-dev
	binutils-symlinks
	binutils
	gdbserver
If you do not wish to distribute GPLv3 components please remove
the above packages prior to distribution.  This can be done using
the opkg remove command.  i.e.:
    opkg remove <package>
Where <package> is the name printed in the list above
NOTE: If the package is a dependency of another package you
      will be notified of the dependent packages.  You should
      use the --force-removal-of-dependent-packages option to
      also remove the dependent packages as well
***************************************************************
***************************************************************
 _____                    _____           _         _   
|  _  |___ ___ ___ ___   |  _  |___ ___  |_|___ ___| |_ 
|     |  _| .'| . | . |  |   __|  _| . | | | -_|  _|  _|
|__|__|_| |__,|_  |___|  |__|  |_| |___|_| |___|___|_|  
              |___|                    |___|            
Arago Project http://arago-project.org am37x-evm ttyO0
Arago 2011.09 am37x-evm ttyO0
am37x-evm login: 
- 01:19:04 [INFO] Host: root
- 01:19:04 [INFO] Target: 
root
root@am37x-evm:~# 
- 01:19:04 [INFO] Host: uname -a
- 01:19:04 [INFO] Target: 
uname -a
Linux am37x-evm 4.4.0-next-20160118-00002-ge231369a68e5 #1 SMP Mon Jan 18 00:31:00 CST 2016 armv7l unknown
root@am37x-evm:~# 
- 01:19:04 [INFO] Host: cat /proc/cmdline
- 01:19:04 [INFO] Target: 
cat /proc/cmdline
console=ttyO0,115200n8 earlyprintk   ip=:::::eth0:dhcp  root=/dev/mmcblk0p2 rw rootfstype=ext3 rootwait 
root@am37x-evm:~# 
- 01:19:04 [INFO] Host: uname -a
- 01:19:04 [INFO] Target: 
uname -a
Linux am37x-evm 4.4.0-next-20160118-00002-ge231369a68e5 #1 SMP Mon Jan 18 00:31:00 CST 2016 armv7l unknown
root@am37x-evm:~# 
- 01:19:04 [INFO] Host: cat /proc/mtd
- 01:19:04 [INFO] Target: 
cat /proc/mtd
dev:    size   erasesize  name
mtd0: 00080000 00020000 "X-Loader"
mtd1: 001c0000 00020000 "U-Boot"
mtd2: 00040000 00020000 "Environment"
mtd3: 00500000 00020000 "Kernel"
mtd4: 1f880000 00020000 "Filesystem"
root@am37x-evm:~# 
- 01:19:05 [INFO] Host: export IPERFHOST=192.168.0.1
- 01:19:05 [INFO] Target: 
export IPERFHOST=192.168.0.1
root@am37x-evm:~# 
- 01:19:05 [INFO] Host: export NFS_SERVER=192.168.0.1
- 01:19:05 [INFO] Target: 
export NFS_SERVER=192.168.0.1
root@am37x-evm:~# 
- 01:19:05 [INFO] Host: export NFS_ROOT_PATH=/home/tigtfarm06/NFS_exports/linux/am37x-evm
- 01:19:05 [INFO] Target: 
export NFS_ROOT_PATH=/home/tigtfarm06/NFS_exports/linux/am37x-
root@am37x-evm:~# 
- 01:19:05 [INFO] Host: export AP_SSID=
- 01:19:05 [INFO] Target: 
export AP_SSID=
root@am37x-evm:~# 
- 01:19:05 [INFO] Host: mkdir -p -m 777 /test
- 01:19:05 [INFO] Target: 
mkdir -p -m 777 /test
root@am37x-evm:~# 
- 01:19:05 [INFO] Host: cd /test
- 01:19:05 [INFO] Target: 
cd /test
root@am37x-evm:/test# 
- 01:19:05 [INFO] Host: cat > test.sh << EOF
- 01:19:06 [INFO] Target: 
cat > test.sh << EOF
- 01:19:06 [INFO] Host: failtest() {
- 01:19:06 [INFO] Target: 
failtest() {
- 01:19:06 [INFO] Host:   echo 1 >&3
- 01:19:06 [INFO] Target: 
  echo 1 >&3
- 01:19:06 [INFO] Host: }
- 01:19:06 [INFO] Target: 
- 01:19:06 [INFO] Host: timeout=600
- 01:19:06 [INFO] Target: 
timeout=600
- 01:19:06 [INFO] Host: 
- 01:19:06 [INFO] Target: 
- 01:19:06 [INFO] Host: # Start of user's script logic
- 01:19:06 [INFO] Target: 
# Start of user's script logic
- 01:19:06 [INFO] Host: mount -t proc proc /proc 2>/dev/null;
- 01:19:06 [INFO] Target: 
mount -t proc proc /proc 2>/dev/null;
- 01:19:06 [INFO] Host: 
- 01:19:06 [INFO] Target: 
- 01:19:06 [INFO] Host: mount -t sysfs sys /sys 2>/dev/null;
- 01:19:06 [INFO] Target: 
mount -t sysfs sys /sys 2>/dev/null;
- 01:19:06 [INFO] Host: 
- 01:19:07 [INFO] Target: 
- 01:19:07 [INFO] Host: mount -t debugfs none /sys/kernel/debug 2>/dev/null;
- 01:19:07 [INFO] Target: 
mount -t debugfs none /sys/kernel/debug 2>/dev/null;
- 01:19:07 [INFO] Host: 
- 01:19:07 [INFO] Target: 
- 01:19:07 [INFO] Host: echo 'cpuinfo:';cat /proc/cpuinfo; echo '=======';
- 01:19:07 [INFO] Target: 
echo 'cpuinfo:';cat /proc/cpuinfo; echo '=======';
- 01:19:07 [INFO] Host: 
- 01:19:07 [INFO] Target: 
- 01:19:07 [INFO] Host: echo 'soc info:';head /sys/devices/soc0/* 2>/dev/null; echo '=======';
- 01:19:07 [INFO] Target: 
echo 'soc info:';head /sys/devices/soc0/* 2>/dev/null; echo '=======';
- 01:19:07 [INFO] Host: 
- 01:19:07 [INFO] Target: 
- 01:19:07 [INFO] Host: echo 'DT Model info'; head /proc/device-tree/name /proc/device-tree/model /proc/device-tree/compatible 2>/dev/null;echo; echo '=======';
- 01:19:07 [INFO] Target: 
echo 'DT Model info'; head /proc/device-tree/name /proc/device-tree/model /pro
c/device-tree/compatible 2>/dev/null;echo; echo '=======';
- 01:19:07 [INFO] Host: 
- 01:19:07 [INFO] Target: 
- 01:19:07 [INFO] Host: echo 'interrupts:';cat /proc/interrupts; echo '=======';
- 01:19:07 [INFO] Target: 
echo 'interrupts:';cat /proc/interrupts; echo '=======';
- 01:19:07 [INFO] Host: 
- 01:19:08 [INFO] Target: 
- 01:19:08 [INFO] Host: echo 'Clk_summary:';cat /sys/kernel/debug/clk/clk_summary; echo '=======';
- 01:19:08 [INFO] Target: 
echo 'Clk_summary:';cat /sys/kernel/debug/clk/clk_summary; echo '=======';
- 01:19:08 [INFO] Host: 
- 01:19:08 [INFO] Target: 
- 01:19:08 [INFO] Host: echo "Available frequencies"; cat /sys/devices/system/cpu/cpu0/cpufreq/scaling_available_frequencies 2>/dev/null;echo '=======';
- 01:19:08 [INFO] Target: 
echo "Available frequencies"; cat /sys/devices/system/cpu/cpu0/cpufreq/scaling
_available_frequencies 2>/dev/null;echo '=======';
- 01:19:08 [INFO] Host: 
- 01:19:08 [INFO] Target: 
- 01:19:08 [INFO] Host: TMPF=/tmp/a.\$\$; TMPF2=/tmp/b.\$\$; STR=""
- 01:19:08 [INFO] Target: 
TMPF=/tmp/a.\$\$; TMPF2=/tmp/b.\$\$; STR=""
- 01:19:08 [INFO] Host: 
- 01:19:08 [INFO] Target: 
- 01:19:08 [INFO] Host: cp /dev/kmsg \$TMPF &
- 01:19:08 [INFO] Target: 
cp /dev/kmsg \$TMPF &
- 01:19:08 [INFO] Host: 
- 01:19:08 [INFO] Target: 
- 01:19:08 [INFO] Host: PID=\$! ; sleep 5; kill -9 \$PID
- 01:19:08 [INFO] Target: 
PID=\$! ; sleep 5; kill -9 \$PID
- 01:19:08 [INFO] Host: 
- 01:19:09 [INFO] Target: 
- 01:19:09 [INFO] Host: 
- 01:19:09 [INFO] Target: 
- 01:19:09 [INFO] Host: 
- 01:19:09 [INFO] Target: 
- 01:19:09 [INFO] Host: cat \$TMPF|grep "^0">\$TMPF2; N=\`cat \$TMPF2|wc -l\`; if [ "\$N" -ne 0 ]; then STR="\$STR emerg=\$N";echo "===== EMERGE++";cat \$TMPF2|cut -d ';' -f2;echo "====="; fi
- 01:19:09 [INFO] Target: 
cat \$TMPF|grep "^0">\$TMPF2; N=\`cat \$TMPF2|wc -l\`; if [ "\$N" -ne 0 ]; the
n STR="\$STR emerg=\$N";echo "===== EMERGE++";cat \$TMPF2|cut -d ';' -f2;echo "=
===="; fi
- 01:19:09 [INFO] Host: 
- 01:19:09 [INFO] Target: 
- 01:19:09 [INFO] Host: cat \$TMPF|grep "^1">\$TMPF2; N=\`cat \$TMPF2|wc -l\`; if [ "\$N" -ne 0 ]; then STR="\$STR alert=\$N";echo "===== ALERT ==";cat \$TMPF2|cut -d ';' -f2;echo "====="; fi
- 01:19:09 [INFO] Target: 
cat \$TMPF|grep "^1">\$TMPF2; N=\`cat \$TMPF2|wc -l\`; if [ "\$N" -ne 0 ]; the
n STR="\$STR alert=\$N";echo "===== ALERT ==";cat \$TMPF2|cut -d ';' -f2;echo "=
===="; fi
- 01:19:09 [INFO] Host: 
- 01:19:09 [INFO] Target: 
- 01:19:09 [INFO] Host: cat \$TMPF|grep "^2">\$TMPF2; N=\`cat \$TMPF2|wc -l\`; if [ "\$N" -ne 0 ]; then STR="\$STR crit=\$N";echo "===== CRIT ==";cat \$TMPF2|cut -d ';' -f2;echo "====="; fi
- 01:19:09 [INFO] Target: 
cat \$TMPF|grep "^2">\$TMPF2; N=\`cat \$TMPF2|wc -l\`; if [ "\$N" -ne 0 ]; the
n STR="\$STR crit=\$N";echo "===== CRIT ==";cat \$TMPF2|cut -d ';' -f2;echo "===
=="; fi
- 01:19:09 [INFO] Host: 
- 01:19:10 [INFO] Target: 
- 01:19:10 [INFO] Host: cat \$TMPF|grep "^3">\$TMPF2; N=\`cat \$TMPF2|wc -l\`; if [ "\$N" -ne 0 ]; then STR="\$STR err=\$N";echo "===== ERR ==";cat \$TMPF2|cut -d ';' -f2;echo "=====" ;fi
- 01:19:10 [INFO] Target: 
cat \$TMPF|grep "^3">\$TMPF2; N=\`cat \$TMPF2|wc -l\`; if [ "\$N" -ne 0 ]; the
n STR="\$STR err=\$N";echo "===== ERR ==";cat \$TMPF2|cut -d ';' -f2;echo "=====
" ;fi
- 01:19:10 [INFO] Host: 
- 01:19:10 [INFO] Target: 
- 01:19:10 [INFO] Host: cat \$TMPF|grep "^4">\$TMPF2; N=\`cat \$TMPF2|wc -l\`; if [ "\$N" -ne 0 ]; then STR="\$STR warn=\$N";echo "===== WARN ==";cat \$TMPF2|cut -d ';' -f2;echo "=====" ;fi
- 01:19:10 [INFO] Target: 
cat \$TMPF|grep "^4">\$TMPF2; N=\`cat \$TMPF2|wc -l\`; if [ "\$N" -ne 0 ]; the
n STR="\$STR warn=\$N";echo "===== WARN ==";cat \$TMPF2|cut -d ';' -f2;echo "===
==" ;fi
- 01:19:10 [INFO] Host: 
- 01:19:10 [INFO] Target: 
- 01:19:10 [INFO] Host: rm \$TMPF \$TMPF2; echo "SUM""MARY RESULT: BOOT:" 'PASS: H''ello World' 'B''oard' "Booted" "Boot Log has::::\$STR:"
- 01:19:10 [INFO] Target: 
rm \$TMPF \$TMPF2; echo "SUM""MARY RESULT: BOOT:" 'PASS: H''ello World' 'B''oa
rd' "Booted" "Boot Log has::::\$STR:"
- 01:19:10 [INFO] Host: 
- 01:19:10 [INFO] Target: 
- 01:19:10 [INFO] Host: EOF
- 01:19:10 [INFO] Target: 
root@am37x-evm:/test# 
- 01:19:10 [INFO] Host: cd /test
- 01:19:10 [INFO] Target: 
cd /test
root@am37x-evm:/test# 
- 01:19:10 [INFO] Host: chmod +x test.sh
- 01:19:11 [INFO] Target: 
chmod +x test.sh
root@am37x-evm:/test# 
- 01:19:11 [INFO] Host: ./test.sh 2> stderr.log > stdout.log 3> result.log
- 01:19:16 [INFO] Target: 
./test.sh 2> stderr.log > stdout.log 3> result.log
root@am37x-evm:/test# 
- 01:19:16 [INFO] Host: echo $?
- 01:19:16 [INFO] Target: 
echo $?
root@am37x-evm:/test# 
- 01:19:16 [INFO] Host: cd /test
- 01:19:17 [INFO] Target: 
cd /test
root@am37x-evm:/test# 
- 01:19:17 [INFO] Host: cat stdout.log
- 01:19:21 [INFO] Target: 
cat stdout.log
cpuinfo:
processor	: 0
model name	: ARMv7 Processor rev 2 (v7l)
BogoMIPS	: 594.73
Features	: half thumb fastmult vfp edsp thumbee neon vfpv3 tls vfpd32 
CPU implementer	: 0x41
CPU architecture: 7
CPU variant	: 0x3
CPU part	: 0xc08
CPU revision	: 2
Hardware	: Generic OMAP36xx (Flattened Device Tree)
Revision	: 0000
Serial		: 0000000000000000
=======
soc info:
==> /sys/devices/soc0/family <==
OMAP3
==> /sys/devices/soc0/machine <==
OMAP3630
==> /sys/devices/soc0/power <==
==> /sys/devices/soc0/revision <==
ES1.2
==> /sys/devices/soc0/subsystem <==
==> /sys/devices/soc0/type <==
==> /sys/devices/soc0/uevent <==
=======
DT Model info
==> /proc/device-tree/name <==
==> /proc/device-tree/model <==
TI OMAP37XX EVM (TMDSEVM3730)
==> /proc/device-tree/compatible <==
ti,omap3-evm-37xxti,omap3630ti,omap3
=======
interrupts:
           CPU0       
 23:          0      INTC   7 Edge      TWL4030-PIH
 25:          0      INTC   9 Edge      l3-debug-irq
 26:          0      INTC  10 Edge      l3-app-irq
 28:          0      INTC  12 Edge      DMA
 29:       4371      INTC  13 Edge      omap-dma-engine
 36:          0      INTC  20 Edge      gpmc
 45:          0      INTC  29 Edge      48310000.gpio
 46:          0      INTC  30 Edge      49050000.gpio
 47:          0      INTC  31 Edge      49052000.gpio
 48:          0      INTC  32 Edge      49054000.gpio
 49:          0      INTC  33 Edge      49056000.gpio
 50:         18      INTC  34 Edge      49058000.gpio
 53:       4467      INTC  37 Edge      gp_timer
 72:        964      INTC  56 Edge      48070000.i2c
 73:          0      INTC  57 Edge      48072000.i2c
 77:          0      INTC  61 Edge      48060000.i2c
 88:       7560      INTC  72 Edge      OMAP UART0
 99:       7153      INTC  83 Edge      mmc0
102:        144      INTC  86 Edge      mmc1
288:         18  49058000.gpio  16 Level     eth0
306:        794      PRCM Edge      pm_wkup
315:         93      PRCM Edge      pinctrl, pinctrl, pinctrl, pm_io
338:          0   pinctrl 338 Edge      4806a000.serial
341:          0   twl4030   0 Edge      twl4030_gpio
346:          0   twl4030   5 Edge      twl4030_power
375:         31   pinctrl 282 Edge      4809c000.mmc
IPI0:          0  CPU wakeup interrupts
IPI1:          0  Timer broadcast interrupts
IPI2:          0  Rescheduling interrupts
IPI3:          0  Function call interrupts
IPI4:          0  CPU stop interrupts
IPI5:          0  IRQ work interrupts
IPI6:          0  completion interrupts
Err:          0
=======
Clk_summary:
   clock                         enable_cnt  prepare_cnt        rate   accuracy   phase
----------------------------------------------------------------------------------------
 secure_32k_fck                           0            1       32768          0 0  
    wdt1_fck                              0            0       32768          0 0  
    gpt12_fck                             0            1       32768          0 0  
 dummy_ck                                 0            0           0          0 0  
 mcbsp_clks                               0            5           0          0 0  
 sys_altclk                               0            0           0          0 0  
 virt_38_4m_ck                            0            0    38400000          0 0  
 virt_26000000_ck                         1            1    26000000          0 0  
    osc_sys_ck                            1            1    26000000          0 0  
       sys_clkout1                        0            0    26000000          0 0  
       sys_ck                             3           18    13000000          0 0  
          gpt9_fck                        0            1    13000000          0 0  
          gpt8_fck                        0            1    13000000          0 0  
          gpt7_fck                        0            1    13000000          0 0  
          gpt6_fck                        0            1    13000000          0 0  
          gpt5_fck                        0            1    13000000          0 0  
          gpt4_fck                        0            1    13000000          0 0  
          gpt3_fck                        0            1    13000000          0 0  
          gpt2_fck                        0            1    13000000          0 0  
          cpefuse_fck                     0            0    13000000          0 0  
          dpll5_ck                        0            1   120000000          0 0  
             dpll5_m2_ck                  0            1   120000000          0 0  
                dpll5_m2_d20_ck           0            0     6000000          0 0  
                dpll5_m2_d16_ck           0            0     7500000          0 0  
                dpll5_m2_d8_ck            0            0    15000000          0 0  
                dpll5_m2_d4_ck            0            0    30000000          0 0  
                usbhost_120m_fck           0            0   120000000          0 0  
                usbtll_fck                0            1   120000000          0 0  
          sys_d2_ck                       0            0     6500000          0 0  
             usim_fck                     0            0     6500000          0 0  
          modem_fck                       0            0    13000000          0 0  
          dpll2_ck                        0            1   260000000          0 0  
             dpll2_m2_ck                  0            1   260000000          0 0  
                iva2_ck                   0            2   260000000          0 0  
          sr2_fck                         0            1    13000000          0 0  
          sr1_fck                         0            1    13000000          0 0  
          traceclk_src_fck                0            0    13000000          0 0  
             traceclk_fck                 0            0    13000000          0 0  
          emu_src_mux_ck                  0            1    13000000          0 0  
             emu_src_ck                   0            1    13000000          0 0  
                atclk_fck                 0            0    13000000          0 0  
                pclkx2_fck                0            0    13000000          0 0  
                pclk_fck                  0            0     6500000          0 0  
          dss2_alwon_fck                  0            2    13000000          0 0  
          dpll1_ck                        0            1   600000000          0 0  
             dpll1_x2_ck                  0            1  1200000000          0 0  
                dpll1_x2m2_ck             0            1  1200000000          0 0  
                   mpu_ck                 0            1  1200000000          0 0  
                      emu_mpu_alwon_ck           0            0  1200000000          0 0  
                      arm_fck             0            1   600000000          0 0  
          dpll3_ck                        1            1   400000000          0 0  
             dpll3_x2_ck                  0            0   800000000          0 0  
             dpll3_m2_ck                  1            1   400000000          0 0  
                dpll3_m2x2_ck             0            0   800000000          0 0  
                   corex2_fck             0            0   800000000          0 0  
                      ssi_ssr_fck_3430es2           0            0   266666667          0 0  
                         ssi_sst_fck_3430es2           0            0   133333333          0 0  
                      corex2_d5_fck           0            0   160000000          0 0  
                      corex2_d3_fck           0            0   266666666          0 0  
                core_ck                   1            1   400000000          0 0  
                   core_d2_ck             0            0   200000000          0 0  
                      sgx_fck             0            0   200000000          0 0  
                   core_d6_ck             0            0    66666666          0 0  
                   core_d4_ck             0            0   100000000          0 0  
                   core_d3_ck             0            0   133333333          0 0  
                   dpll2_fck              0            0   400000000          0 0  
                   l3_ick                 2            3   200000000          0 0  
                      sgx_ick             0            0   200000000          0 0  
                      mad2d_ick           0            0   200000000          0 0  
                      sad2d_ick           0            1   200000000          0 0  
                      security_l3_ick           0            0   200000000          0 0  
                         pka_ick           0            0   200000000          0 0  
                      core_l3_ick           8           10   200000000          0 0  
                         hsotgusb_ick_3430es2           0            1   200000000          0 0  
                         gpmc_fck           2            2   200000000          0 0  
                         sdrc_ick           1            1   200000000          0 0  
                      l4_ick              6            7   100000000          0 0  
                         usbhost_ick           1            1   100000000          0 0  
                         dss_ick_3430es2           4            6   100000000          0 0  
                         sr_l4_ick           2            2   100000000          0 0  
                         ssi_l4_ick           0            0   100000000          0 0  
                            ssi_ick_3430es2           0            0   100000000          0 0  
                         cam_ick           0            1   100000000          0 0  
                         security_l4_ick2           0            0   100000000          0 0  
                            des1_ick           0            0   100000000          0 0  
                            sha11_ick           0            0   100000000          0 0  
                            rng_ick           0            0   100000000          0 0  
                            aes1_ick           0            0   100000000          0 0  
                         per_l4_ick          15           18   100000000          0 0  
                            mcbsp4_ick           1            1   100000000          0 0  
                            mcbsp3_ick           2            2   100000000          0 0  
                            mcbsp2_ick           2            2   100000000          0 0  
                            gpt2_ick           1            1   100000000          0 0  
                            gpt3_ick           1            1   100000000          0 0  
                            gpt4_ick           1            1   100000000          0 0  
                            gpt5_ick           1            1   100000000          0 0  
                            gpt6_ick           1            1   100000000          0 0  
                            gpt7_ick           1            1   100000000          0 0  
                            gpt8_ick           1            1   100000000          0 0  
                            gpt9_ick           1            1   100000000          0 0  
                            uart4_ick           1            1   100000000          0 0  
                            uart3_ick           1            1   100000000          0 0  
                            wdt3_ick           0            0   100000000          0 0  
                            gpio2_ick           0            1   100000000          0 0  
                            gpio3_ick           0            1   100000000          0 0  
                            gpio4_ick           0            1   100000000          0 0  
                            gpio5_ick           1            1   100000000          0 0  
                            gpio6_ick           1            1   100000000          0 0  
                         core_l4_ick          21           23   100000000          0 0  
                            mmchs3_ick           1            1   100000000          0 0  
                            usbtll_ick           1            1   100000000          0 0  
                            mailboxes_ick           0            1   100000000          0 0  
                            mspro_ick           0            0   100000000          0 0  
                            des2_ick           0            0   100000000          0 0  
                            icr_ick           0            0   100000000          0 0  
                            sha12_ick           1            2   100000000          0 0  
                            aes2_ick           1            2   100000000          0 0  
                            omapctrl_ick           1            1   100000000          0 0  
                            mcbsp1_ick           1            1   100000000          0 0  
                            mcbsp5_ick           1            1   100000000          0 0  
                            gpt10_ick           1            1   100000000          0 0  
                            gpt11_ick           1            1   100000000          0 0  
                            uart1_ick           1            1   100000000          0 0  
                            uart2_ick           1            1   100000000          0 0  
                            i2c1_ick           1            1   100000000          0 0  
                            i2c2_ick           1            1   100000000          0 0  
                            i2c3_ick           1            1   100000000          0 0  
                            mcspi1_ick           1            1   100000000          0 0  
                            mcspi2_ick           1            1   100000000          0 0  
                            mcspi3_ick           1            1   100000000          0 0  
                            mcspi4_ick           1            1   100000000          0 0  
                            hdq_ick           0            1   100000000          0 0  
                            mmchs1_ick           1            1   100000000          0 0  
                            mmchs2_ick           1            1   100000000          0 0  
                         rm_ick           0            0    50000000          0 0  
                   dpll1_fck              0            0   200000000          0 0  
             dpll3_m3_ck                  0            0   200000000          0 0  
                dpll3_m3x2_mul_ck           0            0   400000000          0 0  
                   dpll3_m3x2_ck           0            0   400000000          0 0  
                      emu_core_alwon_ck           0            0   400000000          0 0  
          dpll4_ck                        1            3   864000000          0 0  
             dpll4_x2_ck                  0            0  1728000000          0 0  
             dpll4_m6_ck                  0            0   288000000          0 0  
                dpll4_m6x2_mul_ck           0            0   288000000          0 0  
                   dpll4_m6x2_ck           0            0   288000000          0 0  
                      emu_per_alwon_ck           0            0   288000000          0 0  
             dpll4_m5_ck                  0            0   216000000          0 0  
                dpll4_m5x2_mul_ck           0            0   216000000          0 0  
                   dpll4_m5x2_ck           0            0   216000000          0 0  
                      cam_mclk            0            0   216000000          0 0  
             dpll4_m4_ck                  0            1    96000000          0 0  
                dpll4_m4x2_mul_ck           0            1    96000000          0 0  
                   dpll4_m4x2_ck           0            1    96000000          0 0  
                      dss1_alwon_fck_3430es2           0            4    96000000          0 0  
             dpll4_m3_ck                  0            1    54000000          0 0  
                dpll4_m3x2_mul_ck           0            1    54000000          0 0  
                   dpll4_m3x2_ck           0            1    54000000          0 0  
                      omap_54m_fck           0            1    54000000          0 0  
                         clkout2_src_ck           0            0    54000000          0 0  
                            sys_clkout2           0            0    54000000          0 0  
                         dss_tv_fck           0            2    54000000          0 0  
             dpll4_m2_ck                  1            1    96000000          0 0  
                dpll4_m2x2_mul_ck           1            1    96000000          0 0  
                   dpll4_m2x2_ck           1            1    96000000          0 0  
                      omap_192m_alwon_fck           0            0    96000000          0 0  
                      omap_96m_alwon_fck           1            2    96000000          0 0  
                         per_96m_fck           0            6    96000000          0 0  
                            mcbsp4_fck           0            1    96000000          0 0  
                            mcbsp3_fck           0            2    96000000          0 0  
                            mcbsp2_fck           0            2    96000000          0 0  
                         cm_96m_fck           2            2    96000000          0 0  
                            cm_96m_d2_fck           1            1    48000000          0 0  
                               omap_48m_fck           2            4    48000000          0 0  
                                  usbhost_48m_fck           0            1    48000000          0 0  
                                  per_48m_fck           2            2    48000000          0 0  
                                     uart4_fck           1            1    48000000          0 0  
                                     uart3_fck           1            1    48000000          0 0  
                                  core_48m_fck           2            6    48000000          0 0  
                                     uart1_fck           1            1    48000000          0 0  
                                     uart2_fck           1            1    48000000          0 0  
                                     mcspi1_fck           0            1    48000000          0 0  
                                     mcspi2_fck           0            1    48000000          0 0  
                                     mcspi3_fck           0            1    48000000          0 0  
                                     mcspi4_fck           0            1    48000000          0 0  
                                  omap_12m_fck           0            1    12000000          0 0  
                                     core_12m_fck           0            1    12000000          0 0  
                                        hdq_fck             0            1    12000000          0 0  
                            omap_96m_fck           1            2    96000000          0 0  
                               omap_96m_d10_fck           0            0     9600000          0 0  
                               omap_96m_d8_fck           0            0    12000000          0 0  
                               omap_96m_d4_fck           0            0    24000000          0 0  
                               omap_96m_d2_fck           0            0    48000000          0 0  
                               dss_96m_fck           0            2    96000000          0 0  
                               core_96m_fck           1           10    96000000          0 0  
                                  mcbsp1_fck           0            1    96000000          0 0  
                                  mcbsp5_fck           0            1    96000000          0 0  
