- 06:46:12 [INFO] Starting target session
- 06:46:13 [INFO] Connected to am37x-evm via serial 
- 06:46:13 [INFO] Host: #check prompt
- 06:46:15 [ERROR] On command: #check prompt waiting for #check prompt.+?(?-mix:((?-mix:login:)|[Pp]assword)) >>> error: execution expired
- 06:46:15 [INFO] Target: 
#check prompt
root@am37x-evm:/test# 
- 06:46:15 [INFO] Host: #check prompt
- 06:46:15 [INFO] Target: 
#check prompt
root@am37x-evm:/test# 
- 06:46:15 [INFO] Host: sync;poweroff
- 06:48:15 [ERROR] On command: sync;poweroff waiting for sync;poweroff.+?(?i-mx:System halted|System will go to power_off) >>> error: execution expired
- 06:48:15 [INFO] Target: 
sync;poweroff
Broadcast message from root (t)jRD
W.]Y[Z.HStopping Dropbear SSH server: stopped /usr/sbin/dropbear (pid 1774)
dropbear.
Stopping telnet daemon.
Stopping Hardware abstraction layer hald
Stopping system message bus: stopped process in pidfile '/var/run/dbus/pid' (pid 1736)
dbus.
Stopping network benchmark server: netserverstopped /usr/sbin/netserver (pid 1786)
Stopping thttpdError opening /dev/fb0: No such file or directory
ALSA: Storing mixer settings...
/usr/sbin/alsactl: save_state:1519: No soundcards found...
Deconfiguring network interfaces... cat: can't open '/var/run/udhcpc.eth0.pid': No such file or directory
done.
Stopping Lighttpd Web Server: stopped /usr/sbin/lighttpd (pid 1814)
lighttpd.
Stopping syslogd/klogd: stopped syslogd (pid 1791)
stopped klogd (pid 1793)
done
Stopping Matrix GUI applicationstart-stop-daemon: warning: killing process 0: No such process
***************************************************************
***************************************************************
NOTICE: This file system contains the followin GPLv3 packages:
	binutils-dev
	binutils-symlinks
	binutils
	gdbserver
If you do not wish to distribute GPLv3 components please remove
the above packages prior to distribution.  This can be done using
the opkg remove command.  i.e.:
    opkg remove <package>
Where <package> is the name printed in the list above
NOTE: If the package is a dependency of another package you
      will be notified of the dependent packages.  You should
      use the --force-removal-of-dependent-packages option to
      also remove the dependent packages as well
***************************************************************
***************************************************************
Sending all processes the TERM signal...
Sending all processes the KILL signal...
Unmounting remote filesystems...
Deactivating swap...
Unmounting local filesystems...
[11554.212249] EXT4-fs (mmcblk0p2): re-mounted. Opts: (null)
[11556.373229] reboot: Power down
U-Boot SPL 2013.01.01 (Nov 27 2013 - 12:07:30)
OMAP SD/MMC: 0
reading u-boot.img
reading u-boot.img
U-Boot 2013.01.01 (Nov 27 2013 - 12:07:30)
OMAP3630/3730-GP ES1.2, CPU-OPP2, L3-165MHz, Max CPU Clock 1 Ghz
OMAP3 EVM board + LPDDR/NAND
I2C:   ready
DRAM:  256 MiB
NAND:  512 MiB
MMC:   OMAP SD/MMC: 0
In:    serial
Out:   serial
Err:   serial
Read back SMSC id 0x92200000
Die ID #16d400029ff80000015f02690c019016
Net:   smc911x-0
Hit any key to stop autoboot:  3  2  1  0 
mmc0 is current device
reading boot.scr
** Unable to read file boot.scr **
reading uImage
3158804 bytes read in 206 ms (14.6 MiB/s)
Booting from mmc ...
## Booting kernel from Legacy Image at 82000000 ...
   Image Name:   Arago/2.6.37-psp04.02.00.07.sdk/
   Image Type:   ARM Linux Kernel Image (uncompressed)
   Data Size:    3158740 Bytes = 3 MiB
   Load Address: 80008000
   Entry Point:  80008000
   Verifying Checksum ... OK
   Loading Kernel Image ... OK
Starting kernel ...
Uncompressing Linux... done, booting the kernel.
[    0.000000] Linux version 2.6.37 (jenkins@sdit-build01) (gcc version 4.5.3 20110311 (prerelease) (GCC) ) #1 Thu Dec 15 17:26:39 CST 2011
[    0.000000] CPU: ARMv7 Processor [413fc082] revision 2 (ARMv7), cr=10c53c7f
[    0.000000] CPU: VIPT nonaliasing data cache, VIPT aliasing instruction cache
[    0.000000] Machine: OMAP3 EVM
[    0.000000] Reserving 4194304 bytes SDRAM for VRAM
[    0.000000] Memory policy: ECC disabled, Data cache writeback
[    0.000000] OMAP3630 ES1.2 (l2cache iva sgx neon isp 192mhz_clk )
[    0.000000] SRAM: Mapped pa 0x40200000 to va 0xfe400000 size: 0x10000
[    0.000000] Built 1 zonelists in Zone order, mobility grouping on.  Total pages: 64000
[    0.000000] Kernel command line: console=ttyO0,115200n8 root=/dev/mmcblk0p2 rw rootfstype=ext3 rootwait
[    0.000000] PID hash table entries: 1024 (order: 0, 4096 bytes)
[    0.000000] Dentry cache hash table entries: 32768 (order: 5, 131072 bytes)
[    0.000000] Inode-cache hash table entries: 16384 (order: 4, 65536 bytes)
[    0.000000] Memory: 252MB = 252MB total
[    0.000000] Memory: 242240k/242240k available, 19904k reserved, 0K highmem
[    0.000000] Virtual kernel memory layout:
[    0.000000]     vector  : 0xffff0000 - 0xffff1000   (   4 kB)
[    0.000000]     fixmap  : 0xfff00000 - 0xfffe0000   ( 896 kB)
[    0.000000]     DMA     : 0xffc00000 - 0xffe00000   (   2 MB)
[    0.000000]     vmalloc : 0xd0800000 - 0xf8000000   ( 632 MB)
[    0.000000]     lowmem  : 0xc0000000 - 0xd0000000   ( 256 MB)
[    0.000000]     modules : 0xbf000000 - 0xc0000000   (  16 MB)
[    0.000000]       .init : 0xc0008000 - 0xc003c000   ( 208 kB)
[    0.000000]       .text : 0xc003c000 - 0xc05db96c   (5759 kB)
[    0.000000]       .data : 0xc05dc000 - 0xc079afe0   (1788 kB)
[    0.000000] NR_IRQS:409
[    0.000000] Clocking rate (Crystal/Core/MPU): 26.0/400/600 MHz
[    0.000000] omap_hwmod: i2c1: softreset failed (waited 10000 usec)
[    0.000000] omap_hwmod: i2c2: softreset failed (waited 10000 usec)
[    0.000000] omap_hwmod: i2c3: softreset failed (waited 10000 usec)
[    0.000000] Reprogramming SDRC clock to 400000000 Hz
[    0.000000] IRQ: Found an INTC at 0xfa200000 (revision 4.0) with 96 interrupts
[    0.000000] Total of 96 interrupts on 1 active controller
[    0.000000] GPMC revision 5.0
[    0.000000] Trying to install interrupt handler for IRQ402
[    0.000000] Trying to install interrupt handler for IRQ403
[    0.000000] Trying to install interrupt handler for IRQ404
[    0.000000] Trying to install interrupt handler for IRQ405
[    0.000000] Trying to install interrupt handler for IRQ406
[    0.000000] Trying to install interrupt handler for IRQ407
[    0.000000] Trying to install interrupt handler for IRQ408
[    0.000000] Trying to install type control for IRQ409
[    0.000000] Trying to set irq flags for IRQ409
[    0.000000] OMAP clockevent source: GPTIMER1 at 32768 Hz
[    0.000000] Console: colour dummy device 80x30
[    0.000000] Lock dependency validator: Copyright (c) 2006 Red Hat, Inc., Ingo Molnar
[    0.000000] ... MAX_LOCKDEP_SUBCLASSES:  8
[    0.000000] ... MAX_LOCK_DEPTH:          48
[    0.000000] ... MAX_LOCKDEP_KEYS:        8191
[    0.000000] ... CLASSHASH_SIZE:          4096
[    0.000000] ... MAX_LOCKDEP_ENTRIES:     16384
[    0.000000] ... MAX_LOCKDEP_CHAINS:      32768
[    0.000000] ... CHAINHASH_SIZE:          16384
[    0.000000]  memory used by lock dependency info: 3951 kB
[    0.000000]  per task-struct memory footprint: 2304 bytes
[    0.000000] Calibrating delay loop... 597.64 BogoMIPS (lpj=2334720)
[    0.000000] pid_max: default: 32768 minimum: 301
[    0.000000] Security Framework initialized
[    0.000000] Mount-cache hash table entries: 512
[    0.000000] CPU: Testing write buffer coherency: ok
[    0.000000] regulator: core version 0.5
[    0.000000] regulator: dummy: 
[    0.000000] NET: Registered protocol family 16
[    0.000000] OMAP GPIO hardware version 2.5
[    0.000000] OMAP GPIO hardware version 2.5
[    0.000000] OMAP GPIO hardware version 2.5
[    0.000000] OMAP GPIO hardware version 2.5
[    0.000000] OMAP GPIO hardware version 2.5
[    0.000000] OMAP GPIO hardware version 2.5
[    0.000000] omap_mux_init: Add partition: #1: core, flags: 0
[    0.000000] hw-breakpoint: debug architecture 0x4 unsupported.
[    0.000000] OMAP DMA hardware revision 5.0
[    0.118499] bio: create slab <bio-0> at 0
[    0.123565] regulator: vwl1271: 1800 mV 
[    0.129333] SCSI subsystem initialized
[    0.142669] usbcore: registered new interface driver usbfs
[    0.144165] usbcore: registered new interface driver hub
[    0.145263] usbcore: registered new device driver usb
[    0.150115] omap_device: omap_i2c.1: new worst case activate latency 0: 30517
[    0.150268] omap_i2c omap_i2c.1: bus 1 rev4.0 at 2600 kHz
[    0.161865] twl4030: PIH (irq 7) chaining IRQs 368..375
[    0.162048] twl4030: power (irq 373) chaining IRQs 376..383
[    0.164459] twl4030: gpio (irq 368) chaining IRQs 384..401
[    0.181915] regulator: VIO: 1800 mV normal standby
[    0.184814] regulator: VMMC1: 1850 <--> 3150 mV at 3150 mV normal standby
[    0.187561] regulator: VDAC: 1800 mV normal standby
[    0.190460] regulator: VAUX2_4030: 2800 mV normal standby
[    0.193237] regulator: VPLL2: 1800 mV normal standby
[    0.196166] regulator: VSIM: 1800 <--> 3000 mV at 1800 mV normal standby
[    0.199035] regulator: VAUX3: 2800 mV normal standby
[    0.200164] omap_device: omap_i2c.1: new worst case deactivate latency 0: 30517
[    0.200500] omap_i2c omap_i2c.2: bus 2 rev4.0 at 400 kHz
[    0.213806] omap_i2c omap_i2c.3: bus 3 rev4.0 at 400 kHz
[    0.220306] Advanced Linux Sound Architecture Driver Version 1.0.23.
[    0.226715] Switching to clocksource 32k_counter
[    0.358367] musb-hdrc: version 6.0, otg (peripheral+host), debug=0
[    0.358795] musb-hdrc musb-hdrc.0: dma type: dma-inventra
[    0.360168] musb-hdrc musb-hdrc.0: USB OTG mode controller at fa0ab000 using DMA, IRQ 92
[    0.361968] NET: Registered protocol family 2
[    0.362701] IP route cache hash table entries: 2048 (order: 1, 8192 bytes)
[    0.364471] TCP established hash table entries: 8192 (order: 4, 65536 bytes)
[    0.364929] TCP bind hash table entries: 8192 (order: 6, 360448 bytes)
[    0.369598] TCP: Hash tables configured (established 8192 bind 8192)
[    0.369720] TCP reno registered
[    0.369750] UDP hash table entries: 128 (order: 1, 12288 bytes)
[    0.370086] UDP-Lite hash table entries: 128 (order: 1, 12288 bytes)
[    0.371124] NET: Registered protocol family 1
[    0.372650] RPC: Registered udp transport module.
[    0.372680] RPC: Registered tcp transport module.
[    0.372711] RPC: Registered tcp NFSv4.1 backchannel transport module.
[    0.373779] NetWinder Floating Point Emulator V0.97 (double precision)
[    0.377563] omap_device: omap_i2c.1: new worst case activate latency 0: 91552
[    0.380462] omap3evm camera init done successfully...
[    0.381164] omap-iommu omap-iommu.0: isp registered
[    0.382019] AM37x/DM37x  Linux PSP version 04.02.00.07 (OMAP3EVM)
[    0.538665] VFS: Disk quotas dquot_6.5.2
[    0.538787] Dquot-cache hash table entries: 1024 (order 0, 4096 bytes)
[    0.541595] JFFS2 version 2.2. (NAND) (SUMMARY)   2001-2006 Red Hat, Inc.
[    0.542633] msgmni has been set to 473
[    0.548797] io scheduler noop registered
[    0.548828] io scheduler deadline registered
[    0.549011] io scheduler cfq registered (default)
[    0.610015] OMAP DSS rev 2.0
[    0.610504] OMAP DISPC rev 3.0
[    0.610656] OMAP VENC rev 2
[    0.611755] OMAP DSI rev 1.0
[    0.941894] Serial: 8250/16550 driver, 4 ports, IRQ sharing enabled
[    0.950561] omap_uart.0: ttyO0 at MMIO 0x4806a000 (irq = 72) is a OMAP UART0
[    1.666412] console [ttyO0] enabled
[    1.671844] omap_uart.1: ttyO1 at MMIO 0x4806c000 (irq = 73) is a OMAP UART1
[    1.680786] omap_uart.2: ttyO2 at MMIO 0x49020000 (irq = 74) is a OMAP UART2
[    1.689666] omap_uart.3: ttyO3 at MMIO 0x49042000 (irq = 80) is a OMAP UART3
[    1.743652] brd: module loaded
[    1.769073] loop: module loaded
[    1.781372] mtdoops: mtd device (mtddev=name/number) must be supplied
[    1.788299] omap2-nand driver initializing
[    1.793334] NAND device: Manufacturer ID: 0xad, Chip ID: 0xbc (Hynix )
[    1.800354] Creating 5 MTD partitions on "omap2-nand.0":
[    1.805969] 0x000000000000-0x000000080000 : "X-Loader-NAND"
[    1.821136] 0x000000080000-0x0000001c0000 : "U-Boot-NAND"
[    1.833740] 0x0000001c0000-0x000000280000 : "Boot Env-NAND"
[    1.846649] 0x000000280000-0x000000780000 : "Kernel-NAND"
[    1.861022] 0x000000780000-0x000020000000 : "File System - NAND"
[    2.132080] OneNAND driver initializing
[    2.136505] omap2-onenand omap2-onenand: Cannot request GPMC CS
[    2.142974] omap2-onenand: probe of omap2-onenand failed with error -16
[    2.154357] smsc911x: Driver version 2008-10-21.
[    2.166687] smsc911x-mdio: probed
[    2.170715] eth0: attached PHY driver [SMSC LAN8700] (mii_bus:phy_addr=ffffffff:01, irq=-1)
[    2.180084] net eth0: MAC Address: 00:50:c2:7e:93:ba
[    2.186920] usbcore: registered new interface driver asix
[    2.193359] usbcore: registered new interface driver cdc_ether
[    2.200225] usbcore: registered new interface driver net1080
[    2.206909] usbcore: registered new interface driver cdc_subset
[    2.213867] usbcore: registered new interface driver zaurus
[    2.219818] ehci_hcd: USB 2.0 'Enhanced' Host Controller (EHCI) Driver
[    3.234710] ehci-omap ehci-omap.0: OMAP-EHCI Host Controller
[    3.242767] ehci-omap ehci-omap.0: new USB bus registered, assigned bus number 1
[    3.251281] ehci-omap ehci-omap.0: irq 77, io mem 0x48064800
[    3.266082] ehci-omap ehci-omap.0: USB 2.0 started, EHCI 1.00
[    3.272979] usb usb1: New USB device found, idVendor=1d6b, idProduct=0002
[    3.280151] usb usb1: New USB device strings: Mfr=3, Product=2, SerialNumber=1
[    3.287780] usb usb1: Product: OMAP-EHCI Host Controller
[    3.293395] usb usb1: Manufacturer: Linux 2.6.37 ehci_hcd
[    3.299102] usb usb1: SerialNumber: ehci-omap.0
[    3.309387] hub 1-0:1.0: USB hub found
[    3.313629] hub 1-0:1.0: 3 ports detected
[    3.352905] Initializing USB Mass Storage driver...
[    3.358886] usbcore: registered new interface driver usb-storage
[    3.365264] USB Mass Storage support registered.
[    3.370971] usbcore: registered new interface driver usbtest
[    3.377105] g_ether gadget: using random self ethernet address
[    3.383300] g_ether gadget: using random host ethernet address
[    3.391784] usb0: MAC 0e:be:94:76:46:7a
[    3.395812] usb0: HOST MAC 02:a8:82:9f:4b:c1
[    3.400421] g_ether gadget: Ethernet Gadget, version: Memorial Day 2008
[    3.407440] g_ether gadget: g_ether ready
[    3.411651] musb-hdrc musb-hdrc.0: MUSB HDRC host driver
[    3.417816] musb-hdrc musb-hdrc.0: new USB bus registered, assigned bus number 2
[    3.426635] usb usb2: New USB device found, idVendor=1d6b, idProduct=0002
[    3.433837] usb usb2: New USB device strings: Mfr=3, Product=2, SerialNumber=1
[    3.441436] usb usb2: Product: MUSB HDRC host driver
[    3.446716] usb usb2: Manufacturer: Linux 2.6.37 musb-hcd
[    3.452362] usb usb2: SerialNumber: musb-hdrc.0
[    3.460937] hub 2-0:1.0: USB hub found
[    3.465118] hub 2-0:1.0: 1 port detected
[    3.474822] mice: PS/2 mouse device common for all mice
[    3.484313] input: TWL4030 Keypad as /devices/platform/omap/omap_i2c.1/i2c-1/1-004a/twl4030_keypad/input/input0
[    3.505218] ads7846 spi1.0: touchscreen, irq 335
[    3.512969] input: ADS7846 Touchscreen as /devices/platform/omap2_mcspi.1/spi1.0/input/input1
[    3.530700] input: twl4030_pwrbutton as /devices/platform/omap/omap_i2c.1/i2c-1/1-0049/twl4030_pwrbutton/input/input2
[    3.546539] twl_rtc twl_rtc: rtc core: registered twl_rtc as rtc0
[    3.556304] i2c /dev entries driver
[    3.566101] Linux media interface: v0.10
[    3.571197] Linux video capture interface: v2.00
[    3.578704] omap3isp supply VDD_CSIPHY1 not found, using dummy regulator
[    3.585815] omap3isp supply VDD_CSIPHY2 not found, using dummy regulator
[    3.593444] omap3isp omap3isp: Revision 15.0 found
[    3.598846] omap-iommu omap-iommu.0: isp: version 1.1
[    3.680755] mt9t111 2-003c: Unable to detectmt9t111sensor
[    3.686706] usb 1-2: new high speed USB device using ehci-omap and address 2
[    3.695068] omap_device: omap_i2c.1: new worst case activate latency 0: 457763
[    3.709991] isp_register_subdev_group: Unable to register subdev mt9t111
[    3.719146] tvp514x 3-005c: tvp514x 3-005c decoder driver registered !!
[    3.727661] tvp514x 3-005c: Write: retry ... 0
[    3.750915] tvp514x 3-005c: Write: retry ... 1
[    3.774047] tvp514x 3-005c: Write: retry ... 2
[    3.797454] tvp514x 3-005c: Write: retry ... 3
[    3.821044] tvp514x 3-005c: Write: retry ... 4
[    3.844329] tvp514x 3-005c: Write: retry ... 5
[    3.854339] usb 1-2: New USB device found, idVendor=05e3, idProduct=0608
[    3.861419] usb 1-2: New USB device strings: Mfr=0, Product=1, SerialNumber=0
[    3.868988] usb 1-2: Product: USB2.0 Hub
[    3.875946] tvp514x 3-005c: Write failed. Err[-121]
[    3.881072] tvp514x 3-005c: Unable to turn on decoder
[    3.887512] tvp514x 3-005c: Read: retry ... 0
[    3.892822] hub 1-2:1.0: USB hub found
[    3.897369] hub 1-2:1.0: 4 ports detected
[    3.914703] tvp514x 3-005c: Read: retry ... 1
[    3.938079] tvp514x 3-005c: Read: retry ... 2
[    3.961517] tvp514x 3-005c: Read: retry ... 3
[    3.984924] tvp514x 3-005c: Read: retry ... 4
[    4.008361] tvp514x 3-005c: Read: retry ... 5
[    4.031829] tvp514x 3-005c: Unable to query std
[    4.038299] usbcore: registered new interface driver uvcvideo
[    4.044403] USB Video Class driver (v1.0.0)
[    4.049224] omap_device: omap_wdt.-1: new worst case activate latency 0: 30517
[    4.058807] OMAP Watchdog Timer Rev 0x31: initial timeout 60 sec
[    4.077056] mmci-omap-hs.1 supply vmmc_aux not found, using dummy regulator
[    4.092193] usbcore: registered new interface driver usbhid
[    4.098144] usbhid: USB HID core driver
[    4.107055] usbcore: registered new interface driver snd-usb-audio
[    4.119049] OMAP3 EVM SoC init
[    4.172241] omap_device: omap_i2c.1: new worst case deactivate latency 0: 61035
[    4.191467] usb 1-2.1: new high speed USB device using ehci-omap and address 3
[    4.224670] asoc: twl4030-hifi <-> omap-mcbsp-dai.1 mapping ok
[    4.238586] ALSA device list:
[    4.241699]   #0: omap3evm
[    4.244689] oprofile: hardware counters not available
[    4.250000] oprofile: using timer interrupt.
[    4.254791] nf_conntrack version 0.5.0 (3785 buckets, 15140 max)
[    4.263000] ip_tables: (C) 2000-2006 Netfilter Core Team
[    4.269348] TCP cubic registered
[    4.272705] Initializing XFRM netlink socket
[    4.277435] NET: Registered protocol family 17
[    4.282287] NET: Registered protocol family 15
[    4.287750] Registering the dns_resolver key type
[    4.293426] VFP support v0.3: implementor 41 architecture 3 part 30 variant c rev 3
[    4.307342] ThumbEE CPU extension supported.
[    4.333496] Power Management for TI OMAP3.
[    4.338653] sr_init: No PMIC hook to init smartreflex
[    4.344635] smartreflex smartreflex.0: omap_sr_probe: SmartReflex driver initialized
[    4.353637] smartreflex smartreflex.1: omap_sr_probe: SmartReflex driver initialized
[    4.363922] SmartReflex Class3 initialized
[    4.416503] clock: disabling unused clocks to save power
[    4.425018] platform mpu.0: omap_voltage_scale: Already at the requestedrate 600000000
[    4.433898] usb 1-2.1: New USB device found, idVendor=0781, idProduct=5406
[    4.441162] usb 1-2.1: New USB device strings: Mfr=1, Product=2, SerialNumber=3
[    4.448883] usb 1-2.1: Product: U3 Cruzer Micro
[    4.453674] usb 1-2.1: Manufacturer: SanDisk
[    4.458160] usb 1-2.1: SerialNumber: 0573311B4C1116BF
[    4.473999] scsi0 : usb-storage 1-2.1:1.0
[    4.539611] mmc0: new high speed SDHC card at address b368
[    4.549072] mmcblk0: mmc0:b368 SDC   3.74 GiB 
[    4.561950] twl_rtc twl_rtc: setting system clock to 2014-09-21 14:18:39 UTC (1411309119)
[    4.571044] omap_vout omap_vout: Buffer Size = 3686400
[    4.579406] omap_vout omap_vout: : registered and initialized video device 16
[    4.587219] omap_vout omap_vout: Buffer Size = 3686400
[    4.595001]  mmcblk0: p1 p2 p3
[    4.602416] omap_vout omap_vout: : registered and initialized video device 17
[    4.696105] EXT3-fs: barriers not enabled
[    4.702423] kjournald starting.  Commit interval 5 seconds
[    4.708587] EXT3-fs (mmcblk0p2): warning: maximal mount count reached, running e2fsck is recommended
[    4.739410] mmc1: card claims to support voltages below the defined range. These will be ignored.
[    4.776458] mmc1: queuing unknown CIS tuple 0x91 (3 bytes)
[    4.784637] mmc1: new SDIO card at address 0001
[    5.078735] EXT3-fs (mmcblk0p2): using internal journal
[    5.084869] EXT3-fs (mmcblk0p2): mounted filesystem with ordered data mode
[    5.092712] VFS: Mounted root (ext3 filesystem) on device 179:2.
[    5.099243] Freeing init memory: 208K
INIT: version 2.86 booting
[    5.503753] scsi 0:0:0:0: Direct-Access     SanDisk  U3 Cruzer Micro  8.02 PQ: 0 ANSI: 0 CCS
[    5.547637] sd 0:0:0:0: [sda] 3907583 512-byte logical blocks: (2.00 GB/1.86 GiB)
[    5.563049] sd 0:0:0:0: [sda] Write Protect is off
[    5.568115] sd 0:0:0:0: [sda] Assuming drive cache: write through
[    5.603546] sd 0:0:0:0: [sda] Assuming drive cache: write through
[    5.614807]  sda: sda1
[    5.631927] sd 0:0:0:0: [sda] Assuming drive cache: write through
[    5.638397] sd 0:0:0:0: [sda] Attached SCSI removable disk
Please wait: booting...
Starting udev
[    6.147338] udevd (742): /proc/742/oom_adj is deprecated, please use /proc/742/oom_score_adj instead.
[    7.823303] Compat-wireless backport release: compat-wireless-2011-07-27
[    7.830444] Backport based on wl12xx.git v2.6.39-1152-g0c08ddf
[    8.085083] cfg80211: Calling CRDA to update world regulatory domain
[   15.461151] cfg80211: World regulatory domain updated:
[   15.466674] cfg80211:     (start_freq - end_freq @ bandwidth), (max_antenna_gain, max_eirp)
[   15.475494] cfg80211:     (2402000 KHz - 2472000 KHz @ 40000 KHz), (300 mBi, 2000 mBm)
[   15.483825] cfg80211:     (2457000 KHz - 2482000 KHz @ 20000 KHz), (300 mBi, 2000 mBm)
[   15.492187] cfg80211:     (2474000 KHz - 2494000 KHz @ 20000 KHz), (300 mBi, 2000 mBm)
[   15.500579] cfg80211:     (5170000 KHz - 5250000 KHz @ 40000 KHz), (300 mBi, 2000 mBm)
[   15.509124] cfg80211:     (5735000 KHz - 5835000 KHz @ 40000 KHz), (300 mBi, 2000 mBm)
[   22.893981] EXT3-fs: barriers not enabled
[   22.948974] kjournald starting.  Commit interval 5 seconds
[   22.954956] EXT3-fs (mmcblk0p3): warning: maximal mount count reached, running e2fsck is recommended
[   23.062469] EXT3-fs (mmcblk0p3): using internal journal
[   23.068115] EXT3-fs (mmcblk0p3): mounted filesystem with ordered data mode
[   23.403076] wl1271: loaded
Remounting root file system...
Caching udev devnodes
ALSA: Restoring mixer settings...
Configuring network interfaces... [   28.814453] net eth0: SMSC911x/921x identified at 0xd0884000, IRQ: 336
eth0      no wireless extensions.
udhcpc (v1.13.2) started
Sending discover...
Sending discover...
Sending select for 10.218.102.89...
Lease of 10.218.102.89 obtained, lease time 3600
adding dns 192.0.2.2
adding dns 192.0.2.3
done.
Setting up IP spoofing protection: rp_filter.
INIT: Entering runlevel: 5
Starting system message bus: dbus.
Starting Hardware abstraction layer hald
[   35.594299] tvp514x 3-005c: Write: retry ... 0
[   35.617950] tvp514x 3-005c: Write: retry ... 1
[   35.680389] tvp514x 3-005c: Write: retry ... 2
[   35.711669] tvp514x 3-005c: Write: retry ... 3
[   35.751037] tvp514x 3-005c: Write: retry ... 4
[   35.789764] tvp514x 3-005c: Write: retry ... 5
[   35.828521] tvp514x 3-005c: Write failed. Err[-121]
[   35.833618] tvp514x 3-005c: Unable to turn on decoder
[   35.874633] tvp514x 3-005c: Read: retry ... 0
[   35.899139] tvp514x 3-005c: Read: retry ... 1
[   35.922637] tvp514x 3-005c: Read: retry ... 2
[   35.946105] tvp514x 3-005c: Read: retry ... 3
[   35.969390] tvp514x 3-005c: Read: retry ... 4
[   35.992950] tvp514x 3-005c: Read: retry ... 5
[   36.016265] tvp514x 3-005c: Unable to query std
Starting Dropbear SSH server: dropbear.
Starting telnet daemon.
Starting network benchmark server: netserver.
Starting syslogd/klogd: done
Starting thttpd.
Starting PVR
[   38.819671] 
[   38.819702] =============================================
[   38.826904] [ INFO: possible recursive locking detected ]
[   38.832580] 2.6.37 #1
[   38.834960] ---------------------------------------------
[   38.840606] pvrsrvinit/2341 is trying to acquire lock:
[   38.845977]  (psPVRSRVMutex){+.+.+.}, at: [<bf1416dc>] PVRMMapRegisterArea+0x10/0x64 [pvrsrvkm]
[   38.855255] 
[   38.855255] but task is already holding lock:
[   38.861358]  (psPVRSRVMutex){+.+.+.}, at: [<bf143e40>] PVRSRV_BridgeDispatchKM+0x1c/0xec [pvrsrvkm]
[   38.870941] 
[   38.870941] other info that might help us debug this:
[   38.877777] 1 lock held by pvrsrvinit/2341:
[   38.882171]  #0:  (psPVRSRVMutex){+.+.+.}, at: [<bf143e40>] PVRSRV_BridgeDispatchKM+0x1c/0xec [pvrsrvkm]
[   38.892211] 
[   38.892211] stack backtrace:
[   38.896820] [<c004b690>] (unwind_backtrace+0x0/0xe0) from [<c00a05b0>] (__lock_acquire+0xe78/0x182c)
[   38.906402] [<c00a05b0>] (__lock_acquire+0xe78/0x182c) from [<c00a1540>] (lock_acquire+0xe0/0x104)
[   38.915802] [<c00a1540>] (lock_acquire+0xe0/0x104) from [<c042b428>] (mutex_lock_nested+0x58/0x2d8)
[   38.925354] [<c042b428>] (mutex_lock_nested+0x58/0x2d8) from [<bf1416dc>] (PVRMMapRegisterArea+0x10/0x64 [pvrsrvkm])
[   38.936523] [<bf1416dc>] (PVRMMapRegisterArea+0x10/0x64 [pvrsrvkm]) from [<bf142a08>] (OSAllocPages_Impl+0x6c/0xac [pvrsrvkm])
[   38.948577] [<bf142a08>] (OSAllocPages_Impl+0x6c/0xac [pvrsrvkm]) from [<bf13a4a4>] (BM_ImportMemory+0xcc/0x260 [pvrsrvkm])
[   38.960357] [<bf13a4a4>] (BM_ImportMemory+0xcc/0x260 [pvrsrvkm]) from [<bf13f0f8>] (RA_Alloc+0xac/0x240 [pvrsrvkm])
[   38.971405] [<bf13f0f8>] (RA_Alloc+0xac/0x240 [pvrsrvkm]) from [<bf13aae8>] (BM_Alloc+0xa4/0x248 [pvrsrvkm])
[   38.981842] [<bf13aae8>] (BM_Alloc+0xa4/0x248 [pvrsrvkm]) from [<bf13f7c0>] (AllocDeviceMem.clone.0+0x74/0xe8 [pvrsrvkm])
[   38.993438] [<bf13f7c0>] (AllocDeviceMem.clone.0+0x74/0xe8 [pvrsrvkm]) from [<bf13ff30>] (_PVRSRVAllocDeviceMemKM+0x80/0x150 [pvrsrvkm])
[   39.006439] [<bf13ff30>] (_PVRSRVAllocDeviceMemKM+0x80/0x150 [pvrsrvkm]) from [<bf149aec>] (PVRSRVAllocDeviceMemBW+0xa4/0x1a8 [pvrsrvkm])
[   39.019531] [<bf149aec>] (PVRSRVAllocDeviceMemBW+0xa4/0x1a8 [pvrsrvkm]) from [<bf14a41c>] (BridgedDispatchKM+0xd8/0x130 [pvrsrvkm])
[   39.032073] [<bf14a41c>] (BridgedDispatchKM+0xd8/0x130 [pvrsrvkm]) from [<bf143ee4>] (PVRSRV_BridgeDispatchKM+0xc0/0xec [pvrsrvkm])
[   39.044525] [<bf143ee4>] (PVRSRV_BridgeDispatchKM+0xc0/0xec [pvrsrvkm]) from [<c0109b2c>] (do_vfs_ioctl+0x4e0/0x554)
[   39.055572] [<c0109b2c>] (do_vfs_ioctl+0x4e0/0x554) from [<c0109bec>] (sys_ioctl+0x4c/0x6c)
[   39.064331] [<c0109bec>] (sys_ioctl+0x4c/0x6c) from [<c0045a80>] (ret_fast_syscall+0x0/0x3c)
Starting Lighttpd Web Server: lighttpd.
2014-09-21 14:19:12: (log.c.166) server started 
Starting Matrix GUI application.
***************************************************************
***************************************************************
NOTICE: This file system contains the followin GPLv3 packages:
	binutils-dev
	binutils-symlinks
	binutils
	gdbserver
If you do not wish to distribute GPLv3 components please remove
the above packages prior to distribution.  This can be done using
the opkg remove command.  i.e.:
    opkg remove <package>
Where <package> is the name printed in the list above
NOTE: If the package is a dependency of another package you
      will be notified of the dependent packages.  You should
      use the --force-removal-of-dependent-packages option to
      also remove the dependent packages as well
***************************************************************
***************************************
 _____                    _____           _         _   
|  _  |___ ___ ___ ___   |  _  |___ ___  |_|___ ___| |_ 
|     |  _| .'| . | . |  |   __|  _| . | | | -_|  _|  _|
|__|__|_| |__,|_  |___|  |__|  |_| |___|_| |___|___|_|  
              |___|                    |___|            
Arago Project http://arago-project.org am37x-evm ttyO0
Arago 2011.09 am37x-evm ttyO0
am37x-evm login: 
- 06:48:15 [INFO] Disconnected serial from am37x-evm
- 06:48:37 [INFO] Connected to am37x-evm via serial 
- 06:48:37 [INFO] Host: 
- 06:48:38 [ERROR] On command:  waiting for (?-mix:OMAP3_EVM\s*#) >>> error: execution expired
- 06:48:38 [INFO] Target: 
- 06:48:38 [INFO] Host: 
- 06:48:38 [INFO] Target: 
OMAP3_EVM # 
- 06:48:38 [INFO] Host: 
- 06:48:38 [INFO] Target: 
OMAP3_EVM # 
OMAP3_EVM # 
- 06:48:38 [INFO] Host: version
- 06:48:38 [INFO] Target: 
version
U-Boot 2013.01.01 (Nov 27 2013 - 12:07:30)
arm-linux-gnueabihf-gcc (crosstool-NG linaro-1.13.1-4.7-2013.03-20130313 - Linaro GCC 2013.03) 4.7.3 20130226 (prerelease)
GNU ld (crosstool-NG linaro-1.13.1-4.7-2013.03-20130313 - Linaro GCC 2013.03) 2.23.1
OMAP3_EVM # 
- 06:48:38 [INFO] Host: setenv bootargs 'console=ttyO0,115200n8 earlyprintk  '
- 06:48:38 [INFO] Target: 
setenv bootargs 'console=ttyO0,115200n8 earlyprintk  '
OMAP3_EVM # 
- 06:48:38 [INFO] Host: setenv bootcmd  ''
- 06:48:38 [INFO] Target: 
setenv bootcmd  ''
OMAP3_EVM # 
- 06:48:38 [INFO] Host: setenv autoload 'no'
- 06:48:38 [INFO] Target: 
setenv autoload 'no'
OMAP3_EVM # 
- 06:48:38 [INFO] Host: setenv serverip '10.218.102.142'
- 06:48:38 [INFO] Target: 
setenv serverip '10.218.102.142'
OMAP3_EVM # 
- 06:48:38 [INFO] Host: printenv
- 06:48:38 [INFO] Target: 
printenv
autoload=no
baudrate=115200
bootargs=console=ttyO0,115200n8 earlyprintk  
bootcmd=
bootdelay=3
bootfile=uImage
bootscript=echo Running bootscript from mmc ...; source ${loadaddr}
console=ttyO0,115200n8
dieid#=16d400029ff80000015f02690c019016
ethact=smc911x-0
ethaddr=00:50:c2:7e:93:ba
loadaddr=0x82000000
loadbootscript=fatload mmc ${mmcdev} ${loadaddr} boot.scr
loaduimage=fatload mmc ${mmcdev} ${loadaddr} uImage
mmcargs=setenv bootargs console=${console} root=/dev/mmcblk0p2 rw rootfstype=ext3 rootwait
mmcboot=echo Booting from mmc ...; run mmcargs; bootm ${loadaddr}
mmcdev=0
nandargs=setenv bootargs console=${console} root=/dev/mtdblock4 rw rootfstype=jffs2
nandboot=echo Booting from nand ...; run nandargs; onenand read ${loadaddr} 280000 400000; bootm ${loadaddr}
ramdisk_addr=0x8A080000
serverip=10.218.102.142
stderr=serial
stdin=serial
stdout=serial
usbtty=cdc_acm
Environment size: 929/131068 bytes
OMAP3_EVM # 
- 06:48:38 [INFO] Host: printenv
- 06:48:38 [INFO] Target: 
printenv
autoload=no
baudrate=115200
bootargs=console=ttyO0,115200n8 earlyprintk  
bootcmd=
bootdelay=3
bootfile=uImage
bootscript=echo Running bootscript from mmc ...; source ${loadaddr}
console=ttyO0,115200n8
dieid#=16d400029ff80000015f02690c019016
ethact=smc911x-0
ethaddr=00:50:c2:7e:93:ba
loadaddr=0x82000000
loadbootscript=fatload mmc ${mmcdev} ${loadaddr} boot.scr
loaduimage=fatload mmc ${mmcdev} ${loadaddr} uImage
mmcargs=setenv bootargs console=${console} root=/dev/mmcblk0p2 rw rootfstype=ext3 rootwait
mmcboot=echo Booting from mmc ...; run mmcargs; bootm ${loadaddr}
mmcdev=0
nandargs=setenv bootargs console=${console} root=/dev/mtdblock4 rw rootfstype=jffs2
nandboot=echo Booting from nand ...; run nandargs; onenand read ${loadaddr} 280000 400000; bootm ${loadaddr}
ramdisk_addr=0x8A080000
serverip=10.218.102.142
stderr=serial
stdin=serial
stdout=serial
usbtty=cdc_acm
Environment size: 929/131068 bytes
OMAP3_EVM # 
- 06:48:38 [INFO] Host: setenv bootargs ''${bootargs}' ip=dhcp '
- 06:48:38 [INFO] Target: 
setenv bootargs ''${bootargs}' ip=dhcp '
OMAP3_EVM # 
- 06:48:38 [INFO] Host: setenv serverip '10.218.102.142'
- 06:48:38 [INFO] Target: 
setenv serverip '10.218.102.142'
OMAP3_EVM # 
- 06:48:38 [INFO] Host: setenv ipaddr dhcp
- 06:48:39 [INFO] Target: 
setenv ipaddr dhcp
OMAP3_EVM # 
- 06:48:39 [INFO] Host: setenv autoload 'no'
- 06:48:39 [INFO] Target: 
setenv autoload 'no'
OMAP3_EVM # 
- 06:48:39 [INFO] Host: dhcp
- 06:48:41 [INFO] Target: 
dhcp
smc911x: detected LAN9220 controller
smc911x: phy initialized
smc911x: MAC 00:50:c2:7e:93:ba
BOOTP broadcast 1
DHCP client bound to address 10.218.102.94
OMAP3_EVM # 
- 06:48:41 [INFO] Host: setenv serverip '10.218.102.142'
- 06:48:41 [INFO] Target: 
setenv serverip '10.218.102.142'
OMAP3_EVM # 
- 06:48:41 [INFO] Host: tftp ${loadaddr} 10.218.102.142:vatf_am37x-evm/c1ff71bcb31a53861eddf8ec54a10e7e
- 06:48:46 [INFO] Target: 
tftp ${loadaddr} 10.218.102.142:vatf_am37x-evm/c1ff71bcb31a53861eddf8ec54a10e7e
smc911x: detected LAN9220 controller
smc911x: phy initialized
smc911x: MAC 00:50:c2:7e:93:ba
Using smc911x-0 device
TFTP from server 10.218.102.142; our IP address is 10.218.102.94
Filename 'vatf_am37x-evm/c1ff71bcb31a53861eddf8ec54a10e7e'.
Load address: 0x82000000
Loading: *#################################################################
	 #################################################################
	 #################################################################
	 #################################################################
	 #################################################################
	 #################################################################
	 #################################################################
	 #################################################################
	 #################################################################
	 #################################################################
	 #################################################################
	 #################################################################
	 #################################################################
	 ##########################
	 1.3 MiB/s
done
Bytes transferred = 4456896 (4401c0 hex)
OMAP3_EVM # 
- 06:48:46 [INFO] Host: printenv
- 06:48:47 [INFO] Target: 
printenv
autoload=no
baudrate=115200
bootargs=console=ttyO0,115200n8 earlyprintk ip=dhcp
bootcmd=
bootdelay=3
bootfile=uImage
bootscript=echo Running bootscript from mmc ...; source ${loadaddr}
console=ttyO0,115200n8
dieid#=16d400029ff80000015f02690c019016
ethact=smc911x-0
ethaddr=00:50:c2:7e:93:ba
fileaddr=82000000
filesize=4401C0
gatewayip=10.218.102.1
hostname=dhcp-10-218-102-94
ipaddr=10.218.102.94
loadaddr=0x82000000
loadbootscript=fatload mmc ${mmcdev} ${loadaddr} boot.scr
loaduimage=fatload mmc ${mmcdev} ${loadaddr} uImage
mmcargs=setenv bootargs console=${console} root=/dev/mmcblk0p2 rw rootfstype=ext3 rootwait
mmcboot=echo Booting from mmc ...; run mmcargs; bootm ${loadaddr}
mmcdev=0
nandargs=setenv bootargs console=${console} root=/dev/mtdblock4 rw rootfstype=jffs2
nandboot=echo Booting from nand ...; run nandargs; onenand read ${loadaddr} 280000 400000; bootm ${loadaddr}
netmask=255.255.255.0
ramdisk_addr=0x8A080000
serverip=10.218.102.142
stderr=serial
stdin=serial
stdout=serial
usbtty=cdc_acm
Environment size: 1075/131068 bytes
OMAP3_EVM # 
- 06:48:47 [INFO] Host: setenv bootargs ''${bootargs}' root=PARTUUID=00000000-02 rw rootfstype=ext4 rootwait '
- 06:48:47 [INFO] Target: 
setenv bootargs ''${bootargs}' root=PARTUUID=00000000-02 rw rootfstype=ext4 rootwait '
OMAP3_EVM # 
- 06:48:47 [INFO] Host: printenv
- 06:48:47 [INFO] Target: 
printenv
autoload=no
baudrate=115200
bootargs=console=ttyO0,115200n8 earlyprintk ip=dhcp root=PARTUUID=00000000-02 rw rootfstype=ext4 rootwait
bootcmd=
bootdelay=3
bootfile=uImage
bootscript=echo Running bootscript from mmc ...; source ${loadaddr}
console=ttyO0,115200n8
dieid#=16d400029ff80000015f02690c019016
ethact=smc911x-0
ethaddr=00:50:c2:7e:93:ba
fileaddr=82000000
filesize=4401C0
gatewayip=10.218.102.1
hostname=dhcp-10-218-102-94
ipaddr=10.218.102.94
loadaddr=0x82000000
loadbootscript=fatload mmc ${mmcdev} ${loadaddr} boot.scr
loaduimage=fatload mmc ${mmcdev} ${loadaddr} uImage
mmcargs=setenv bootargs console=${console} root=/dev/mmcblk0p2 rw rootfstype=ext3 rootwait
mmcboot=echo Booting from mmc ...; run mmcargs; bootm ${loadaddr}
mmcdev=0
nandargs=setenv bootargs console=${console} root=/dev/mtdblock4 rw rootfstype=jffs2
nandboot=echo Booting from nand ...; run nandargs; onenand read ${loadaddr} 280000 400000; bootm ${loadaddr}
netmask=255.255.255.0
ramdisk_addr=0x8A080000
serverip=10.218.102.142
stderr=serial
stdin=serial
stdout=serial
usbtty=cdc_acm
Environment size: 1129/131068 bytes
OMAP3_EVM # 
- 06:48:47 [INFO] Host: setenv bootcmd ''${bootcmd}' if iminfo ${loadaddr}; then bootm ${loadaddr}  ; else bootz ${loadaddr}  ; bootm ${loadaddr}  ; fi'
- 06:48:47 [INFO] Target: 
setenv bootcmd ''${bootcmd}' if iminfo ${loadaddr}; then bootm ${loadaddr}  ; else bootz ${loadaddr}  ; bootm ${loadaddr}  ; fi'
OMAP3_EVM # 
- 06:48:47 [INFO] Host: bdinfo
- 06:48:47 [INFO] Target: 
bdinfo
arch_number = 0x000005FF
boot_params = 0x80000100
DRAM bank   = 0x00000000
-> start    = 0x80000000
-> size     = 0x10000000
DRAM bank   = 0x00000001
-> start    = 0x90000000
-> size     = 0x00000000
ethaddr     = 00:50:c2:7e:93:ba
ip_addr     = 10.218.102.94
baudrate    = 115200 bps
TLB addr    = 0x8FFF0000
relocaddr   = 0x8FF6E000
reloc off   = 0x0FE6E000
irq_sp      = 0x8FF0DF58
sp start    = 0x8FF0DF48
FB base     = 0x00000000
OMAP3_EVM # 
- 06:48:47 [INFO] Host: boot
- 06:49:22 [INFO] Target: 
boot
Unknown command 'iminfo' - try 'help'
Unknown command 'bootz' - try 'help'
## Booting kernel from Legacy Image at 82000000 ...
   Image Name:   Linux-3.17.0-rc6-next-20140922-0
   Image Type:   ARM Linux Kernel Image (uncompressed)
   Data Size:    4456832 Bytes = 4.3 MiB
   Load Address: 80800000
   Entry Point:  80800000
   Verifying Checksum ... OK
   Loading Kernel Image ... OK
Starting kernel ...
[    0.000000] Booting Linux on physical CPU 0x0
[    0.000000] Linux version 3.17.0-rc6-next-20140922-00002-ga705213 (nmenon@kahuna) (gcc version 4.6.3 (Ubuntu/Linaro 4.6.3-1ubuntu5) ) #1 SMP Mon Sep 22 05:41:54 CDT 2014
[    0.000000] CPU: ARMv7 Processor [413fc082] revision 2 (ARMv7), cr=10c5387d
[    0.000000] CPU: PIPT / VIPT nonaliasing data cache, VIPT aliasing instruction cache
[    0.000000] Machine model: TI OMAP37XX EVM (TMDSEVM3730)
[    0.000000] cma: Reserved 16 MiB at 8e800000
[    0.000000] Memory policy: Data cache writeback
[    0.000000]   HighMem zone: 1048574 pages exceeds freesize 0
[    0.000000] CPU: All CPU(s) started in SVC mode.
[    0.000000] OMAP3630 ES1.2 (l2cache iva sgx neon isp 192mhz_clk )
[    0.000000] PERCPU: Embedded 11 pages/cpu @cfc7b000 s14336 r8192 d22528 u45056
[    0.000000] Built 1 zonelists in Zone order, mobility grouping on.  Total pages: 64768
[    0.000000] Kernel command line: console=ttyO0,115200n8 earlyprintk ip=dhcp root=PARTUUID=00000000-02 rw rootfstype=ext4 rootwait
[    0.000000] PID hash table entries: 1024 (order: 0, 4096 bytes)
[    0.000000] Dentry cache hash table entries: 32768 (order: 5, 131072 bytes)
[    0.000000] Inode-cache hash table entries: 16384 (order: 4, 65536 bytes)
[    0.000000] Memory: 224652K/261120K available (5732K kernel code, 656K rwdata, 2216K rodata, 406K init, 8212K bss, 36468K reserved, 0K highmem)
[    0.000000] Virtual kernel memory layout:
[    0.000000]     vector  : 0xffff0000 - 0xffff1000   (   4 kB)
[    0.000000]     fixmap  : 0xffc00000 - 0xffe00000   (2048 kB)
[    0.000000]     vmalloc : 0xd0800000 - 0xff000000   ( 744 MB)
[    0.000000]     lowmem  : 0xc0000000 - 0xd0000000   ( 256 MB)
[    0.000000]     pkmap   : 0xbfe00000 - 0xc0000000   (   2 MB)
[    0.000000]     modules : 0xbf000000 - 0xbfe00000   (  14 MB)
[    0.000000]       .text : 0xc0008000 - 0xc07cb2e8   (7949 kB)
[    0.000000]       .init : 0xc07cc000 - 0xc0831800   ( 406 kB)
[    0.000000]       .data : 0xc0832000 - 0xc08d6150   ( 657 kB)
[    0.000000]        .bss : 0xc08d6150 - 0xc10db2e8   (8213 kB)
[    0.000000] Hierarchical RCU implementation.
[    0.000000] 	RCU restricting CPUs from NR_CPUS=2 to nr_cpu_ids=1.
[    0.000000] RCU: Adjusting geometry for rcu_fanout_leaf=16, nr_cpu_ids=1
[    0.000000] NR_IRQS:16 nr_irqs:16 16
[    0.000000] IRQ: Found an INTC at 0xfa200000 (revision 4.0) with 96 interrupts
[    0.000000] Total of 96 interrupts on 1 active controller
[    0.000000] Clocking rate (Crystal/Core/MPU): 26.0/400/600 MHz
[    0.000000] OMAP clockevent source: timer1 at 32768 Hz
[    0.000030] sched_clock: 32 bits at 32kHz, resolution 30517ns, wraps every 65536000000000ns
[    0.000061] OMAP clocksource: 32k_counter at 32768 Hz
[    0.001129] Console: colour dummy device 80x30
[    0.001190] Lock dependency validator: Copyright (c) 2006 Red Hat, Inc., Ingo Molnar
[    0.001190] ... MAX_LOCKDEP_SUBCLASSES:  8
[    0.001220] ... MAX_LOCK_DEPTH:          48
[    0.001220] ... MAX_LOCKDEP_KEYS:        8191
[    0.001251] ... CLASSHASH_SIZE:          4096
[    0.001251] ... MAX_LOCKDEP_ENTRIES:     32768
[    0.001251] ... MAX_LOCKDEP_CHAINS:      65536
[    0.001281] ... CHAINHASH_SIZE:          32768
[    0.001281]  memory used by lock dependency info: 5167 kB
[    0.001312]  per task-struct memory footprint: 1152 bytes
[    0.001373] Calibrating delay loop... 594.73 BogoMIPS (lpj=2973696)
[    0.097534] pid_max: default: 32768 minimum: 301
[    0.098083] Security Framework initialized
[    0.098297] Mount-cache hash table entries: 1024 (order: 0, 4096 bytes)
[    0.098327] Mountpoint-cache hash table entries: 1024 (order: 0, 4096 bytes)
[    0.101623] CPU: Testing write buffer coherency: ok
[    0.103210] CPU0: thread -1, cpu 0, socket -1, mpidr 0
[    0.103363] Setting up static identity map for 0x8056f298 - 0x8056f308
[    0.108215] Brought up 1 CPUs
[    0.108245] SMP: Total of 1 processors activated.
[    0.108276] CPU: All CPU(s) started in SVC mode.
[    0.111999] devtmpfs: initialized
[    0.123199] VFP support v0.3: implementor 41 architecture 3 part 30 variant c rev 3
[    0.205627] omap_hwmod: mcbsp2_sidetone using broken dt data from mcbsp
[    0.208007] omap_hwmod: mcbsp3_sidetone using broken dt data from mcbsp
[    0.319946] pinctrl core: initialized pinctrl subsystem
[    0.323669] regulator-dummy: no parameters
[    0.421600] NET: Registered protocol family 16
[    0.433013] DMA: preallocated 256 KiB pool for atomic coherent allocations
[    0.436523] cpuidle: using governor ladder
[    0.436553] cpuidle: using governor menu
[    0.444976] Reprogramming SDRC clock to 400000000 Hz
[    0.459808] OMAP GPIO hardware version 2.5
[    0.474395] irq: no irq domain found for /ocp/pinmux@48002030 !
[    0.475311] irq: no irq domain found for /ocp/pinmux@48002030 !
[    0.476165] irq: no irq domain found for /ocp/pinmux@48002030 !
[    0.500610] omap-gpmc 6e000000.gpmc: GPMC revision 5.0
[    0.502166] gpmc_probe_nand_child: ti,elm-id property not found
[    0.502380] gpmc_cs_program_settings: invalid width 0!
[    0.504852] platform 48058000.ssi-controller: Cannot lookup hwmod 'ssi'
[    0.513641] No ATAGs?
[    0.513671] hw-breakpoint: debug architecture 0x4 unsupported.
[    0.517578] OMAP DMA hardware revision 5.0
[    0.556243] edma-dma-engine edma-dma-engine.0: Can't allocate PaRAM dummy slot
[    0.556335] edma-dma-engine: probe of edma-dma-engine.0 failed with error -22
[    0.612121] omap-dma-engine 48056000.dma-controller: OMAP DMA engine driver
[    0.614257] vddvario: no parameters
[    0.615447] vdd33a: no parameters
[    0.616058] reg-fixed-voltage wl12xx_vmmc: could not find pctldev for node /ocp/pinmux@48002030/pinmux_wl12xx_gpio, deferring probe
[    0.616119] platform wl12xx_vmmc: Driver reg-fixed-voltage requests probe deferral
[    0.617401] lcd_3v3: 3300 mV 
[    0.623748] SCSI subsystem initialized
[    0.624938] usbcore: registered new interface driver usbfs
[    0.625213] usbcore: registered new interface driver hub
[    0.625793] usbcore: registered new device driver usb
[    0.784301] omap_i2c 48070000.i2c: bus 0 rev4.4 at 2600 kHz
[    0.786376] omap_i2c 48072000.i2c: bus 1 rev4.4 at 400 kHz
[    0.791809] omap_i2c 48060000.i2c: bus 2 rev4.4 at 400 kHz
[    0.799041] Switched to clocksource 32k_counter
[    1.023590] NET: Registered protocol family 2
[    1.026184] TCP established hash table entries: 2048 (order: 1, 8192 bytes)
[    1.026428] TCP bind hash table entries: 2048 (order: 4, 73728 bytes)
[    1.027526] TCP: Hash tables configured (established 2048 bind 2048)
[    1.027740] TCP: reno registered
[    1.027770] UDP hash table entries: 256 (order: 2, 20480 bytes)
[    1.028076] UDP-Lite hash table entries: 256 (order: 2, 20480 bytes)
[    1.029846] NET: Registered protocol family 1
[    1.032318] RPC: Registered named UNIX socket transport module.
[    1.032348] RPC: Registered udp transport module.
[    1.032348] RPC: Registered tcp transport module.
[    1.032379] RPC: Registered tcp NFSv4.1 backchannel transport module.
[    1.034271] hw perfevents: enabled with armv7_cortex_a8 PMU driver, 5 counters available
[    1.042663] futex hash table entries: 256 (order: 2, 16384 bytes)
[    1.049591] VFS: Disk quotas dquot_6.5.2
[    1.049804] Dquot-cache hash table entries: 1024 (order 0, 4096 bytes)
[    1.053192] NFS: Registering the id_resolver key type
[    1.053680] Key type id_resolver registered
[    1.053710] Key type id_legacy registered
[    1.053955] jffs2: version 2.2. (NAND) (SUMMARY)   2001-2006 Red Hat, Inc.
[    1.054595] msgmni has been set to 470
[    1.062316] io scheduler noop registered
[    1.062377] io scheduler deadline registered
[    1.062469] io scheduler cfq registered (default)
[    1.066558] pinctrl-single 48002030.pinmux: 284 pins at pa fa002030 size 568
[    1.067352] pinctrl-single 48002a00.pinmux: 46 pins at pa fa002a00 size 92
[    1.068634] pinctrl-single 480025a0.pinmux: 46 pins at pa fa0025a0 size 92
[    1.072113] pbias_mmc_omap2430: 1800 <--> 3000 mV at 3000 mV 
[    1.074493] abb_mpu_iva: 1012 <--> 1375 mV 
[    1.076721] Serial: 8250/16550 driver, 4 ports, IRQ sharing enabled
[    1.088562] omap_uart 4806a000.serial: ttyO0 at MMIO 0x4806a000 (irq = 88, base_baud = 3000000) is a OMAP UART0
[    1.866149] console [ttyO0] enabled
[    1.874389] omap_uart 4806c000.serial: ttyO1 at MMIO 0x4806c000 (irq = 89, base_baud = 3000000) is a OMAP UART1
[    1.891662] omap_uart 49020000.serial: ttyO2 at MMIO 0x49020000 (irq = 90, base_baud = 3000000) is a OMAP UART2
[    1.904510] omap_uart 49042000.serial: no wakeirq for uart0
[    1.910827] omap_uart 49042000.serial: ttyO3 at MMIO 0x49042000 (irq = 96, base_baud = 3000000) is a OMAP UART3
[    1.966949] brd: module loaded
[    1.993957] loop: module loaded
[    2.016632] twl 0-0048: PIH (irq 23) chaining IRQs 341..349
[    2.023162] twl 0-0048: power (irq 346) chaining IRQs 349..356
[    2.041564] VAUX1: at 3000 mV 
[    2.050018] VAUX2_4030: at 1800 mV 
[    2.057983] VAUX3: at 2800 mV 
[    2.065612] VAUX4: at 2800 mV 
[    2.073272] VDD1: 600 <--> 1450 mV at 1200 mV 
[    2.082855] VDAC: 1800 mV 
[    2.092742] VIO: at 1800 mV 
[    2.104980] VINTANA1: 1500 mV 
[    2.113006] VINTANA2: at 2750 mV 
[    2.122009] VINTDIG: 1500 mV 
[    2.129333] VMMC1: 1850 <--> 3150 mV at 3150 mV 
[    2.139251] VMMC2: 1850 <--> 3150 mV at 2600 mV 
[    2.147766] VUSB1V5: 1500 mV 
[    2.153381] VUSB1V8: 1800 mV 
[    2.158721] VUSB3V1: 3100 mV 
[    2.166534] VPLL1: at 1800 mV 
[    2.177307] VPLL2: 1800 mV 
[    2.184387] VSIM: 1800 <--> 3000 mV at 1800 mV 
[    2.193145] twl4030_gpio twl4030-gpio: gpio (irq 341) chaining IRQs 357..374
[    2.286224] mtdoops: mtd device (mtddev=name/number) must be supplied
[    2.325653] libphy: smsc911x-mdio: probed
[    2.330596] smsc911x 2c000000.ethernet eth0: attached PHY driver [SMSC LAN8700] (mii_bus:phy_addr=2c000000.etherne:01, irq=-1)
[    2.343017] smsc911x 2c000000.ethernet eth0: MAC Address: 00:50:c2:7e:93:ba
[    2.352691] usbcore: registered new interface driver asix
[    2.358734] usbcore: registered new interface driver ax88179_178a
[    2.365356] usbcore: registered new interface driver cdc_ether
[    2.371887] usbcore: registered new interface driver smsc95xx
[    2.378143] usbcore: registered new interface driver net1080
[    2.384368] usbcore: registered new interface driver cdc_subset
[    2.390899] usbcore: registered new interface driver zaurus
[    2.397094] usbcore: registered new interface driver cdc_ncm
[    2.404998] usbcore: registered new interface driver cdc_wdm
[    2.411437] usbcore: registered new interface driver usb-storage
[    2.418060] usbcore: registered new interface driver usbtest
[    2.427673] mousedev: PS/2 mouse device common for all mice
[    2.435211] twl4030_keypad 48070000.i2c:twl@48:keypad: OF: linux,keymap property not defined in /ocp/i2c@48070000/twl@48/keypad
[    2.447448] twl4030_keypad 48070000.i2c:twl@48:keypad: Failed to build keymap
[    2.455169] twl4030_keypad: probe of 48070000.i2c:twl@48:keypad failed with error -2
[    2.539916] ads7846 spi1.0: touchscreen, irq 287
[    2.547698] input: ADS7846 Touchscreen as /devices/68000000.ocp/48098000.spi/spi_master/spi1/spi1.0/input/input1
[    2.566192] input: twl4030_pwrbutton as /devices/68000000.ocp/48070000.i2c/i2c-0/0-0048/48070000.i2c:twl@48:pwrbutton/input/input2
[    2.583831] twl_rtc 48070000.i2c:twl@48:rtc: Enabling TWL-RTC
[    2.595611] twl_rtc 48070000.i2c:twl@48:rtc: rtc core: registered 48070000.i2c:twl@48 as rtc0
[    2.606689] i2c /dev entries driver
[    2.614685] Driver for 1-wire Dallas network protocol.
[    2.625030] omap_wdt: OMAP Watchdog Timer Rev 0x31: initial timeout 60 sec
[    2.689788] omap_hsmmc 480b4000.mmc: unable to get vmmc regulator -517
[    2.697326] platform 480b4000.mmc: Driver omap_hsmmc requests probe deferral
[    2.712371] ledtrig-cpu: registered to indicate activity on CPUs
[    2.720123] usbcore: registered new interface driver usbhid
[    2.726013] usbhid: USB HID core driver
[    2.732910] oprofile: using arm/armv7
[    2.737609] TCP: cubic registered
[    2.741210] Initializing XFRM netlink socket
[    2.745910] NET: Registered protocol family 17
[    2.750762] NET: Registered protocol family 15
[    2.755889] Key type dns_resolver registered
[    2.760803] omap2_set_init_voltage: unable to find boot up OPP for vdd_mpu_iva
[    2.768463] omap2_set_init_voltage: unable to set vdd_mpu_iva
[    2.774566] omap2_set_init_voltage: unable to find boot up OPP for vdd_core
[    2.781951] omap2_set_init_voltage: unable to set vdd_core
[    2.792785] ThumbEE CPU extension supported.
[    2.797363] Registering SWP/SWPB emulation handler
[    2.802551] SmartReflex Class3 initialized
[    2.827514] vwl1271: 1800 mV 
[    2.831024] vwl1271: supplied by VMMC2
[    2.908752] mmc0: host does not support reading read-only switch. assuming write-enable.
[    2.919616] mmc0: new high speed SDHC card at address b368
[    2.929138] mmcblk0: mmc0:b368 SDC   3.74 GiB 
[    2.941955]  mmcblk0: p1 p2 p3
[    2.968444] twl_rtc 48070000.i2c:twl@48:rtc: setting system clock to 2014-09-21 14:20:52 UTC (1411309252)
[    2.978607] sr_init: No PMIC hook to init smartreflex
[    2.984588] smartreflex smartreflex.0: omap_sr_probe: SmartReflex driver initialized
[    2.993804] smartreflex smartreflex.1: omap_sr_probe: SmartReflex driver initialized
[    3.082336] smsc911x 2c000000.ethernet eth0: SMSC911x/921x identified at 0xd087c000, IRQ: 288
[    3.092041] omap_hsmmc 480b4000.mmc: card claims to support voltages below defined range
[    3.119018] mmc1: queuing unknown CIS tuple 0x91 (3 bytes)
[    3.128784] mmc1: new SDIO card at address 0001
[    6.348449] Sending DHCP requests ., OK
[    6.418945] IP-Config: Got DHCP answer from 10.218.102.3, my address is 10.218.102.94
[    6.428833] IP-Config: Complete:
[    6.432250]      device=eth0, hwaddr=00:50:c2:7e:93:ba, ipaddr=10.218.102.94, mask=255.255.255.0, gw=10.218.102.1
[    6.443145]      host=dhcp-10-218-102-94, domain=am.dhcp.ti.com, nis-domain=(none)
[    6.451538]      bootserver=0.0.0.0, rootserver=0.0.0.0, rootpath=
[    6.458038]      nameserver0=192.0.2.2, nameserver1=192.0.2.3
[    6.466094] VUSB3V1: disabling
[    8.592285] EXT4-fs (mmcblk0p2): warning: maximal mount count reached, running e2fsck is recommended
[    8.610046] EXT4-fs (mmcblk0p2): recovery complete
[    8.623748] EXT4-fs (mmcblk0p2): mounted filesystem with ordered data mode. Opts: (null)
[    8.632537] VFS: Mounted root (ext4 filesystem) on device 179:2.
[    8.652465] devtmpfs: mounted
[    8.656585] Freeing unused kernel memory: 404K (c07cc000 - c0831000)
INIT: version 2.86 booting
Please wait: booting...
Error opening /dev/fb0: No such file or directory
Starting udev
WARNING: -e needs -E or -F
[    9.715515] udevd (874): /proc/874/oom_adj is deprecated, please use /proc/874/oom_score_adj instead.
[   14.135131] random: nonblocking pool is initialized
[   22.374053] kjournald starting.  Commit interval 5 seconds
[   22.380493] EXT3-fs (mmcblk0p3): warning: maximal mount count reached, running e2fsck is recommended
[   22.458587] EXT3-fs (mmcblk0p3): using internal journal
[   22.464843] EXT3-fs (mmcblk0p3): recovery complete
[   22.469970] EXT3-fs (mmcblk0p3): mounted filesystem with ordered data mode
[   22.508758] FAT-fs (mmcblk0p1): Volume was not properly unmounted. Some data may be corrupt. Please run fsck.
[   22.638946] alignment: ignoring faults is unsafe on this CPU.  Defaulting to fixup mode.
Remounting root file system...
[   22.777557] EXT4-fs (mmcblk0p2): re-mounted. Opts: (null)
Caching udev devnodes
logger: mount: mount point /proc/bus/usb does not exist
ALSA: Restoring mixer settings...
/usr/sbin/alsactl: load_state:1625: No soundcards found...
Configuring network interfaces... ifconfig: SIOCSIFFLAGS: Input/output error
eth0      no wireless extensions.
ifconfig: SIOCSIFFLAGS: Input/output error
done.
Setting up IP spoofing protection: rp_filter.
INIT: Entering runlevel: 5
Starting system message bus: dbus.
Starting Hardware abstraction layer hald
Starting Dropbear SSH server: dropbear.
Starting telnet daemon.
Starting network benchmark server: netserver.
Starting syslogd/klogd: done
Starting thttpd.
Starting Lighttpd Web Server: lighttpd.
2014-09-21 14:21:18: (log.c.166) server started 
Starting Matrix GUI application.
***************************************************************
***************************************************************
NOTICE: This file system contains the followin GPLv3 packages:
	binutils-dev
	binutils-symlinks
	binutils
	gdbserver
If you do not wish to distribute GPLv3 components please remove
the above packages prior to distribution.  This can be done using
the opkg remove command.  i.e.:
    opkg remove <package>
Where <package> is the name printed in the list above
NOTE: If the package is a dependency of another package you
      will be notified of the dependent packages.  You should
      use the --force-removal-of-dependent-packages option to
      also remove the dependent packages as well
***************************************************************
***************************************************************
 _____                    _____           _         _   
|  _  |___ ___ ___ ___   |  _  |___ ___  |_|___ ___| |_ 
|     |  _| .'| . | . |  |   __|  _| . | | | -_|  _|  _|
|__|__|_| |__,|_  |___|  |__|  |_| |___|_| |___|___|_|  
              |___|                    |___|            
Arago Project http://arago-project.org am37x-evm ttyO0
Arago 2011.09 am37x-evm ttyO0
am37x-evm login: 
- 06:49:22 [INFO] Host: root
- 06:49:22 [INFO] Target: 
root
root@am37x-evm:~# 
- 06:49:22 [INFO] Host: uname -a
- 06:49:22 [INFO] Target: 
uname -a
Linux am37x-evm 3.17.0-rc6-next-20140922-00002-ga705213 #1 SMP Mon Sep 22 05:41:54 CDT 2014 armv7l unknown
root@am37x-evm:~# 
- 06:49:22 [INFO] Host: cat /proc/cmdline
- 06:49:22 [INFO] Target: 
cat /proc/cmdline
console=ttyO0,115200n8 earlyprintk ip=dhcp root=PARTUUID=00000000-02 rw rootfstype=ext4 rootwait
root@am37x-evm:~# 
- 06:49:22 [INFO] Host: uname -a
- 06:49:22 [INFO] Target: 
uname -a
Linux am37x-evm 3.17.0-rc6-next-20140922-00002-ga705213 #1 SMP Mon Sep 22 05:41:54 CDT 2014 armv7l unknown
root@am37x-evm:~# 
- 06:49:22 [INFO] Host: cat /proc/mtd
- 06:49:22 [INFO] Target: 
cat /proc/mtd
dev:    size   erasesize  name
root@am37x-evm:~
- 06:49:27 [INFO] Host: export IPERFHOST=10.218.102.142
- 06:49:27 [INFO] Target: 
export IPERFHOST=10.218.102.142
root@am37x-evm:~
- 06:49:27 [INFO] Host: export NFS_SERVER=10.218.102.142
- 06:49:28 [INFO] Target: 
# export NFS_SERVER=10.218.102.142
root@am37x-evm:~# 
- 06:49:28 [INFO] Host: export NFS_ROOT_PATH=/home/tigt-0001/NFS_exports/am37x
- 06:49:29 [INFO] Target: 
export NFS_ROOT_PATH=/home/tigt-0001/NFS_exports/am37x
root@am37x-evm:~# 
- 06:49:29 [INFO] Host: mkdir -p -m 777 /test
- 06:49:29 [INFO] Target: 
mkdir -p -m 777 /test
root@am37x-evm:~# 
- 06:49:29 [INFO] Host: cd /test
- 06:49:29 [INFO] Target: 
cd /test
root@am37x-evm:/test# 
- 06:49:29 [INFO] Host: cat > test.sh << EOF
- 06:49:29 [INFO] Target: 
cat > test.sh << EOF
- 06:49:29 [INFO] Host: failtest() {
- 06:49:29 [INFO] Target: 
failtest() {
- 06:49:29 [INFO] Host:   echo 1 >&3
- 06:49:29 [INFO] Target: 
  echo 1 >&3
- 06:49:29 [INFO] Host: }
- 06:49:29 [INFO] Target: 
- 06:49:29 [INFO] Host: timeout=600
- 06:49:29 [INFO] Target: 
timeout=600
- 06:49:29 [INFO] Host: 
- 06:49:29 [INFO] Target: 
- 06:49:29 [INFO] Host: # Start of user's script logic
- 06:49:29 [INFO] Target: 
# Start of user's script logic
- 06:49:29 [INFO] Host: 
- 06:49:29 [INFO] Target: 
- 06:49:29 [INFO] Host: 
- 06:49:29 [INFO] Target: 
- 06:49:29 [INFO] Host: mount -t proc proc /proc 2>/dev/null;
- 06:49:29 [INFO] Target: 
mount -t proc proc /proc 2>/dev/null;
- 06:49:29 [INFO] Host: 
- 06:49:29 [INFO] Target: 
- 06:49:29 [INFO] Host: mount -t sysfs sys /sys 2>/dev/null;
- 06:49:29 [INFO] Target: 
mount -t sysfs sys /sys 2>/dev/null;
- 06:49:29 [INFO] Host: 
- 06:49:30 [INFO] Target: 
- 06:49:30 [INFO] Host: mount -t debugfs none /sys/kernel/debug 2>/dev/null;
- 06:49:30 [INFO] Target: 
mount -t debugfs none /sys/kernel/debug 2>/dev/null;
- 06:49:30 [INFO] Host: 
- 06:49:30 [INFO] Target: 
- 06:49:30 [INFO] Host: echo 'cpuinfo:';cat /proc/cpuinfo; echo '=======';
- 06:49:30 [INFO] Target: 
echo 'cpuinfo
- 06:49:30 [INFO] Host: 
- 06:49:30 [INFO] Target: 
:';cat /proc/cpuinfo; echo '=======';
- 06:49:30 [INFO] Host: echo 'soc info:';head /sys/devices/soc0/* 2>/dev/null; echo '=======';
- 06:49:30 [INFO] Target: 
> echo 'soc info:';hea
- 06:49:30 [INFO] Host: 
- 06:49:30 [INFO] Target: 
d /sys/devices/soc0/* 2>/dev/null; echo '=======';
- 06:49:30 [INFO] Host: echo 'DT Model info'; head /proc/device-tree/name /proc/device-tree/model /proc/device-tree/compatible 2>/dev/null;echo; echo '=======';
- 06:49:30 [INFO] Target: 
echo 'DT Model info'; head /proc/device-tree/name /proc/dev
- 06:49:30 [INFO] Host: 
- 06:49:30 [INFO] Target: 
ice-tree/model /pro
c/device-tree/compatible 2>/dev/null;echo; echo '=======';
- 06:49:30 [INFO] Host: echo 'interrupts:';cat /proc/interrupts; echo '=======';
- 06:49:30 [INFO] Target: 
echo 'interrupts:';cat /proc/interrupts; echo '=======';
- 06:49:30 [INFO] Host: 
- 06:49:30 [INFO] Target: 
- 06:49:30 [INFO] Host: echo 'Clk_summary:';cat /sys/kernel/debug/clk/clk_summary; echo '=======';
- 06:49:31 [INFO] Target: 
echo 'Clk_summary:';cat /sys/kernel/debug/clk/clk_summary; echo '=======';
- 06:49:31 [INFO] Host: 
- 06:49:31 [INFO] Target: 
- 06:49:31 [INFO] Host: echo 'Orphan Clks:';ls /sys/kernel/debug/clk/orphans/; echo '=======';
- 06:49:31 [INFO] Target: 
echo 'Orphan Clks:';ls /sys/kernel/debug/clk/orphans/; echo '=======';
- 06:49:31 [INFO] Host: 
- 06:49:31 [INFO] Target: 
- 06:49:31 [INFO] Host: echo "Available frequencies"; cat /sys/devices/system/cpu/cpu0/cpufreq/scaling_available_frequencies 2>/dev/null;echo '=======';
- 06:49:31 [INFO] Target: 
echo "Available frequencies"; cat /sys/devices/system/cpu/cpu0/cpufreq/scaling
_available_frequencies 2>/dev/null;echo '=======';
- 06:49:31 [INFO] Host: 
- 06:49:31 [INFO] Target: 
- 06:49:31 [INFO] Host: echo 'H''ello World' 'B''oard Booted';
- 06:49:31 [INFO] Target: 
echo 'H''ello World' 'B''oard Booted';
- 06:49:31 [INFO] Host: 
- 06:49:31 [INFO] Target: 
- 06:49:31 [INFO] Host: EOF
- 06:49:31 [INFO] Target: 
> EOF
root@am37x-evm:/test# 
- 06:49:31 [INFO] Host: cd /test
- 06:49:31 [INFO] Target: 
cd /test
root@am37x-evm:/test# 
- 06:49:31 [INFO] Host: chmod +x test.sh
- 06:49:31 [INFO] Target: 
chmod +x test.sh
root@am37x-evm:/test# 
- 06:49:31 [INFO] Host: ./test.sh 2> stderr.log > stdout.log 3> result.log
- 06:49:31 [INFO] Target: 
./test.sh 2> stderr.log > stdout.log 3> result.log
root@am37x-evm:/test# 
- 06:49:31 [INFO] Host: echo $?
- 06:49:31 [INFO] Target: 
echo $?
root@am37x-evm:/test# 
- 06:49:31 [INFO] Host: cd /test
- 06:49:32 [INFO] Target: 
cd /test
root@am37x-evm:/test# 
- 06:49:32 [INFO] Host: cat stdout.log
- 06:49:34 [INFO] Target: 
cat stdout.log
cpuinfo:
processor	: 0
model name	: ARMv7 Processor rev 2 (v7l)
Features	: half thumb fastmult vfp edsp thumbee neon vfpv3 tls vfpd32 
CPU implementer	: 0x41
CPU architecture: 7
CPU variant	: 0x3
CPU part	: 0xc08
CPU revision	: 2
Hardware	: Generic OMAP36xx (Flattened Device Tree)
Revision	: 0000
Serial		: 0000000000000000
=======
soc info:
==> /sys/devices/soc0/family <==
OMAP3
==> /sys/devices/soc0/machine <==
OMAP3630
==> /sys/devices/soc0/power <==
==> /sys/devices/soc0/revision <==
ES1.2
==> /sys/devices/soc0/subsystem <==
==> /sys/devices/soc0/type <==
==> /sys/devices/soc0/uevent <==
=======
DT Model info
==> /proc/device-tree/name <==
==> /proc/device-tree/model <==
TI OMAP37XX EVM (TMDSEVM3730)
==> /proc/device-tree/compatible <==
ti,omap3-evm-37xxti,omap36xx
=======
interrupts:
           CPU0       
 23:          0      INTC   7  TWL4030-PIH
 25:          0      INTC   9  l3-debug-irq
 26:          0      INTC  10  l3-app-irq
 28:          0      INTC  12  DMA
 29:       4144      INTC  13  omap-dma-engine
 36:          0      INTC  20  gpmc
 53:       3299      INTC  37  gp_timer
 72:       1048      INTC  56  48070000.i2c
 73:          0      INTC  57  48072000.i2c
 77:          0      INTC  61  48060000.i2c
 88:       4113      INTC  72  OMAP UART0
 99:       6726      INTC  83  mmc0
102:        144      INTC  86  mmc1
287:          1      GPIO  15  ads7846
288:         17      GPIO  16  eth0
306:        544      PRCM  pm_wkup
315:          2      PRCM  pinctrl, pinctrl, pinctrl, pm_io
338:          1   pinctrl 338  OMAP UART0
341:          0   twl4030   0  twl4030_gpio
346:          0   twl4030   5  twl4030_power
349:          0   twl4030   8  twl4030_pwrbutton
352:          0   twl4030  11  rtc0
IPI0:          0  CPU wakeup interrupts
IPI1:          0  Timer broadcast interrupts
IPI2:          0  Rescheduling interrupts
IPI3:          0  Function call interrupts
IPI4:          0  Single function call interrupts
IPI5:          0  CPU stop interrupts
IPI6:          0  IRQ work interrupts
IPI7:          0  completion interrupts
Err:          0
=======
Clk_summary:
   clock                         enable_cnt  prepare_cnt        rate   accuracy
--------------------------------------------------------------------------------
 secure_32k_fck                           0            1       32768          0
    wdt1_fck                              0            0       32768          0
    gpt12_fck                             0            1       32768          0
 dummy_ck                                 0            0           0          0
 mcbsp_clks                               0            5           0          0
 sys_altclk                               0            0           0          0
 virt_38_4m_ck                            0            0    38400000          0
 virt_26000000_ck                         1            1    26000000          0
    osc_sys_ck                            1            1    26000000          0
       sys_clkout1                        0            0    26000000          0
       sys_ck                             3           18    13000000          0
          cpefuse_fck                     0            0    13000000          0
          dpll5_ck                        0            1   120000000          0
             dpll5_m2_ck                  0            1   120000000          0
                usbhost_120m_fck           0            0   120000000          0
                usbtll_fck                0            1   120000000          0
                dpll5_m2_d4_ck            0            0    30000000          0
                dpll5_m2_d8_ck            0            0    15000000          0
                dpll5_m2_d16_ck           0            0     7500000          0
                dpll5_m2_d20_ck           0            0     6000000          0
          sys_d2_ck                       0            0     6500000          0
             usim_fck                     0            0     6500000          0
          modem_fck                       0            0    13000000          0
          dpll2_ck                        0            1   260000000          0
             dpll2_m2_ck                  0            1   260000000          0
                iva2_ck                   0            2   260000000          0
          sr2_fck                         0            1    13000000          0
          sr1_fck                         0            1    13000000          0
          traceclk_src_fck                0            0    13000000          0
             traceclk_fck                 0            0    13000000          0
          emu_src_mux_ck                  0            1    13000000          0
             emu_src_ck                   0            1    13000000          0
                atclk_fck                 0            0    13000000          0
                pclkx2_fck                0            0    13000000          0
                pclk_fck                  0            0     6500000          0
          gpt9_fck                        0            1    13000000          0
          gpt8_fck                        0            1    13000000          0
          gpt7_fck                        0            1    13000000          0
          gpt6_fck                        0            1    13000000          0
          gpt5_fck                        0            1    13000000          0
          gpt4_fck                        0            1    13000000          0
          gpt3_fck                        0            1    13000000          0
          gpt2_fck                        0            1    13000000          0
          dss2_alwon_fck                  0            2    13000000          0
          dpll1_ck                        0            1   600000000          0
             dpll1_x2_ck                  0            1  1200000000          0
                dpll1_x2m2_ck             0            1  1200000000          0
                   mpu_ck                 0            1  1200000000          0
                      emu_mpu_alwon_ck           0            0  1200000000          0
                      arm_fck             0            1   600000000          0
          dpll3_ck                        1            1   400000000          0
             dpll3_m2_ck                  1            1   400000000          0
                core_ck                   1            1   400000000          0
                   core_d2_ck             0            0   200000000          0
                      sgx_fck             0            0   200000000          0
                   core_d6_ck             0            0    66666666          0
                   core_d4_ck             0            0   100000000          0
                   core_d3_ck             0            0   133333333          0
                   dpll2_fck              0            0   400000000          0
                   l3_ick                 2            3   200000000          0
                      sgx_ick             0            0   200000000          0
                      mad2d_ick           0            0   200000000          0
                      sad2d_ick           0            1   200000000          0
                      security_l3_ick           0            0   200000000          0
                         pka_ick           0            0   200000000          0
                      core_l3_ick           8           10   200000000          0
                         hsotgusb_ick_3430es2           0            1   200000000          0
                         gpmc_fck           2            2   200000000          0
                         sdrc_ick           1            1   200000000          0
                      l4_ick              6            7   100000000          0
                         usbhost_ick           1            1   100000000          0
                         dss_ick_3430es2           4            6   100000000          0
                         sr_l4_ick           2            2   100000000          0
                         ssi_l4_ick           0            0   100000000          0
                            ssi_ick_3430es2           0            0   100000000          0
                         cam_ick           0            1   100000000          0
                         security_l4_ick2           0            0   100000000          0
                            des1_ick           0            0   100000000          0
                            sha11_ick           0            0   100000000          0
                            rng_ick           0            0   100000000          0
                            aes1_ick           0            0   100000000          0
                         per_l4_ick          15           18   100000000          0
                            mcbsp4_ick           2            2   100000000          0
                            mcbsp3_ick           2            2   100000000          0
                            mcbsp2_ick           1            1   100000000          0
                            gpt2_ick           1            1   100000000          0
                            gpt3_ick           1            1   100000000          0
                            gpt4_ick           1            1   100000000          0
                            gpt5_ick           1            1   100000000          0
                            gpt6_ick           1            1   100000000          0
                            gpt7_ick           1            1   100000000          0
                            gpt8_ick           1            1   100000000          0
                            gpt9_ick           1            1   100000000          0
                            uart4_ick           1            1   100000000          0
                            uart3_ick           1            1   100000000          0
                            wdt3_ick           0            0   100000000          0
                            gpio2_ick           0            1   100000000          0
                            gpio3_ick           0            1   100000000          0
                            gpio4_ick           0            1   100000000          0
                            gpio5_ick           1            1   100000000          0
                            gpio6_ick           1            1   100000000          0
                         core_l4_ick          21           23   100000000          0
                            mmchs3_ick           1            1   100000000          0
                            usbtll_ick           1            1   100000000          0
                            mailboxes_ick           0            1   100000000          0
                            mspro_ick           0            0   100000000          0
                            des2_ick           0            0   100000000          0
                            icr_ick           0            0   100000000          0
                            sha12_ick           1            2   100000000          0
                            aes2_ick           1            2   100000000          0
                            omapctrl_ick           1            1   100000000          0
                            mcbsp1_ick           1            1   100000000          0
                            mcbsp5_ick           1            1   100000000          0
                            gpt10_ick           1            1   100000000          0
                            gpt11_ick           1            1   100000000          0
                            uart1_ick           1            1   100000000          0
                            uart2_ick           1            1   100000000          0
                            i2c1_ick           1            1   100000000          0
                            i2c2_ick           1            1   100000000          0
                            i2c3_ick           1            1   100000000          0
                            mcspi1_ick           1            1   100000000          0
                            mcspi2_ick           1            1   100000000          0
                            mcspi3_ick           1            1   100000000          0
                            mcspi4_ick           1            1   100000000          0
                            hdq_ick           0            1   100000000          0
                            mmchs1_ick           1            1   100000000          0
                            mmchs2_ick           1            1   100000000          0
                         rm_ick           0            0    50000000          0
                   dpll1_fck              0            0   200000000          0
                dpll3_m2x2_ck             0            0   800000000          0
                   corex2_fck             0            0   800000000          0
                      ssi_ssr_fck_3430es2           0            0   266666667          0
                         ssi_sst_fck_3430es2           0            0   133333333          0
                      corex2_d5_fck           0            0   160000000          0
                      corex2_d3_fck           0            0   266666666          0
             dpll3_m3_ck                  0            0   200000000          0
                dpll3_m3x2_mul_ck           0            0   400000000          0
                   dpll3_m3x2_ck           0            0   400000000          0
                      emu_core_alwon_ck           0            0   400000000          0
             dpll3_x2_ck                  0            0   800000000          0
          dpll4_ck                        1            3   864000000          0
             dpll4_m6_ck                  0            0   288000000          0
                dpll4_m6x2_mul_ck           0            0   288000000          0
                   dpll4_m6x2_ck           0            0   288000000          0
                      emu_per_alwon_ck           0            0   288000000          0
             dpll4_m5_ck                  0            0   216000000          0
                dpll4_m5x2_mul_ck           0            0   216000000          0
                   dpll4_m5x2_ck           0            0   216000000          0
                      cam_mclk            0            0   216000000          0
             dpll4_m4_ck                  0            1    96000000          0
                dpll4_m4x2_mul_ck           0            1    96000000          0
                   dpll4_m4x2_ck           0            1    96000000          0
                      dss1_alwon_fck_3430es2           0            4    96000000          0
             dpll4_m3_ck                  0            1    54000000          0
                dpll4_m3x2_mul_ck           0            1    54000000          0
                   dpll4_m3x2_ck           0            1    54000000          0
                      omap_54m_fck           0            1    54000000          0
                         dss_tv_fck           0            2    54000000          0
                         clkout2_src_ck           0            0    54000000          0
                            sys_clkout2           0            0    54000000          0
             dpll4_m2_ck                  1            1    96000000          0
                dpll4_m2x2_mul_ck           1            1    96000000          0
                   dpll4_m2x2_ck           1            1    96000000          0
                      omap_192m_alwon_fck           0            0    96000000          0
                      omap_96m_alwon_fck           1            2    96000000          0
                         per_96m_fck           0            6    96000000          0
                            mcbsp4_fck           0            1    96000000          0
                            mcbsp3_fck           0            2    96000000          0
                            mcbsp2_fck           0            2    96000000          0
                         cm_96m_fck           1            2    96000000          0
                            cm_96m_d2_fck           1            1    48000000          0
                               omap_48m_fck           2            4    48000000          0
                                  usbhost_48m_fck           0            1    48000000          0
                                  per_48m_fck           2            2    48000000          0
                                     uart4_fck           1            1    48000000          0
                                     uart3_fck           1            1    48000000          0
                                  core_48m_fck           2            6    48000000          0
                                     uart1_fck           1            1    48000000          0
                                     uart2_fck           1            1    48000000          0
                                     mcspi1_fck           0            1    48000000          0
                                     mcspi2_fck           0            1    48000000          0
                                     mcspi3_fck           0            1    48000000          0
                                     mcspi4_fck           0            1    48000000          0
                                  omap_12m_fck           0            1    12000000          0
                                     core_12m_fck           0            1    12000000          0
                                        hdq_fck             0            1    12000000          0
                            omap_96m_fck           0            2    96000000          0
                               omap_96m_d10_fck           0            0     9600000          0
                               omap_96m_d8_fck           0            0    12000000          0
                               omap_96m_d4_fck           0            0    24000000          0
                               omap_96m_d2_fck           0            0    48000000          0
                               dss_96m_fck           0            2    96000000          0
                               core_96m_fck           0           10    96000000          0
                                  mcbsp1_fck           0            1    96000000          0
                                  mcbsp5_fck           0            1    96000000          0
                                  mmchs3_fck           0            1    96000000          0
                                  mspro_fck           0            0    96000000          0
                                  csi2_96m_fck           0            0    96000000          0
                                  i2c1_fck           0            1    96000000          0
                                  i2c2_fck           0            1    96000000          0
                                  i2c3_fck           0            1    96000000          0
                                  mmchs1_fck           0            1    96000000          0
                                  mmchs2_fck           0            1    96000000          0
             dpll4_x2_ck                  0            0  1728000000          0
          wkup_l4_ick                     4            5    13000000          0
             usim_ick                     0            0    13000000          0
             gpt1_ick                     1            1    13000000          0
             gpt12_ick                    1            1    13000000          0
             omap_32ksync_ick             1            1    13000000          0
             gpio1_ick                    0            1    13000000          0
             wdt1_ick                     0            0    13000000          0
             wdt2_ick                     1            1    13000000          0
 virt_19200000_ck                         0            0    19200000          0
 virt_13m_ck                              0            0    13000000          0
 virt_12m_ck                              0            0    12000000          0
 omap_32k_fck                             2            8       32768          0
    gpt1_fck                              1            1       32768          0
    ts_fck                                0            0       32768          0
    per_32k_alwon_fck                     0            5       32768          0
       wdt3_fck                           0            0       32768          0
       gpio2_dbck                         0            1       32768          0
       gpio3_dbck                         0            1       32768          0
       gpio4_dbck                         0            1       32768          0
       gpio5_dbck                         0            1       32768          0
       gpio6_dbck                         0            1       32768          0
    wkup_32k_fck                          1            3       32768          0
       wdt2_fck                           0            1       32768          0
       gpio1_dbck                         0            1       32768          0
    gpt11_fck                             0            1       32768          0
    gpt10_fck                             0            1       32768          0
 dummy_apb_pclk                           0            0           0          0
 virt_16_8m_ck                            0            0    16800000          0
=======
Orphan Clks:
=======
Available frequencies
=======
Hello World Board Booted
root@am37x-evm:/test# 
- 06:49:34 [INFO] Host: cat stderr.log
- 06:49:34 [INFO] Target: 
cat stderr.log
ls: /sys/kernel/debug/clk/orphans/: No such file or directory
root@am37x-evm:/test# 
- 06:49:34 [INFO] Host: cat result.log
- 06:49:36 [ERROR] On command: cat result.log waiting for cat result.log.+?(?m-ix:^1[\0\n\r]+) >>> error: execution expired
- 06:49:36 [INFO] Target: 
cat result.log
root@am37x-evm:/test# 
- 06:49:36 [INFO] Host: cd /test
- 06:49:36 [INFO] Target: 
cd /test
root@am37x-evm:/test# 
