- 06:59:25 [INFO] Starting target session
- 06:59:25 [INFO] Connected to am37x-evm via serial 
- 06:59:25 [INFO] Host: #check prompt
- 06:59:28 [ERROR] On command: #check prompt waiting for #check prompt.+?(?-mix:((?-mix:login:)|[Pp]assword)) >>> error: execution expired
- 06:59:28 [INFO] Target: 
- 06:59:28 [INFO] Host: #check prompt
- 06:59:30 [ERROR] On command: #check prompt waiting for #check prompt.+?(?-mix:root@.+[@:#]+) >>> error: execution expired
- 06:59:30 [INFO] Target: 
- 06:59:30 [INFO] Host: #check prompt
- 06:59:32 [ERROR] On command: #check prompt waiting for #check prompt.+?(?-mix:root@.+[@:#]+) >>> error: execution expired
- 06:59:32 [INFO] Target: 
- 06:59:32 [INFO] Host: #check prompt
- 06:59:34 [ERROR] On command: #check prompt waiting for #check prompt.+?(?-mix:root@.+[@:#]+) >>> error: execution expired
- 06:59:34 [INFO] Target: 
- 06:59:34 [INFO] Disconnected serial from am37x-evm
- 06:59:35 [INFO] Connected to am37x-evm via serial 
- 06:59:35 [INFO] Host: 
- 06:59:37 [INFO] Target: 
U-Boot SPL 2015.07-00043-gaada495 (Nov 09 2015 - 12:23:36)
reading u-boot.img
reading u-boot.img
U-Boot 2015.07-00043-gaada495 (Nov 09 2015 - 12:23:36 -0500)
OMAP3630/3730-GP ES1.2, CPU-OPP2, L3-200MHz, Max CPU Clock 1 Ghz
OMAP3 EVM board + LPDDR/NAND
I2C:   ready
DRAM:  256 MiB
NAND:  512 MiB
MMC:   OMAP SD/MMC: 0
Error: Bad compare! failed
NAND read from offset 260000 failed -74
*** Warning - readenv() failed, using default environment
In:    serial
Out:   serial
Err:   serial
Read back SMSC id 0x92200000
Die ID #16d400029ff80000015f02690c019016
Net:   smc911x-0
Warning: Your board does not use generic board. Please read
doc/README.generic-board and take action. Boards not
upgraded by the late 2014 may break or be removed.
Hit any key to stop autoboot:  3  0 
OMAP3_EVM # 
OMAP3_EVM #  
OMAP3_EVM #  
OMAP3_EVM #  
OMAP3_EVM #  
OMAP3_EVM #  
- 06:59:37 [INFO] Host: 
- 06:59:37 [INFO] Target: 
OMAP3_EVM # 
- 06:59:37 [INFO] Host: version
- 06:59:37 [INFO] Target: 
OMAP3_EVM # version
U-Boot 2015.07-00043-gaada495 (Nov 09 2015 - 12:23:36 -0500)
arm-linux-gnueabihf-gcc (crosstool-NG linaro-1.13.1-4.7-2013.03-20130313 - Linaro GCC 2013.03) 4.7.3 20130226 (prerelease)
GNU ld (crosstool-NG linaro-1.13.1-4.7-2013.03-20130313 - Linaro GCC 2013.03) 2.23.1
OMAP3_EVM # 
- 06:59:37 [INFO] Host: setenv bootargs 'console=ttyO0,115200n8 earlyprintk=serial,ttyO0,115200n8  '
- 06:59:37 [INFO] Target: 
setenv bootargs 'console=ttyO0,115200n8 earlyprintk=serial,ttyO0,115200n8  '
OMAP3_EVM # 
- 06:59:37 [INFO] Host: setenv bootcmd  ''
- 06:59:37 [INFO] Target: 
setenv bootcmd  ''
OMAP3_EVM # 
- 06:59:37 [INFO] Host: setenv autoload 'no'
- 06:59:38 [INFO] Target: 
setenv autoload 'no'
OMAP3_EVM # 
- 06:59:38 [INFO] Host: setenv serverip '192.168.0.1'
- 06:59:38 [INFO] Target: 
setenv serverip '192.168.0.1'
OMAP3_EVM # 
- 06:59:38 [INFO] Host: setenv _initramfs -
- 06:59:38 [INFO] Target: 
setenv _initramfs -
OMAP3_EVM # 
- 06:59:38 [INFO] Host: printenv
- 06:59:38 [INFO] Target: 
printenv
_initramfs=-
autoload=no
baudrate=115200
bootargs=console=ttyO0,115200n8 earlyprintk=serial,ttyO0,115200n8  
bootcmd=
bootdelay=3
bootfile=uImage
bootscript=echo Running bootscript from mmc ...; source ${loadaddr}
console=ttyO0,115200n8
dieid#=16d400029ff80000015f02690c019016
ethact=smc911x-0
ethaddr=00:50:c2:7e:93:ba
loadaddr=0x82000000
loadbootscript=fatload mmc ${mmcdev} ${loadaddr} boot.scr
loaduimage=fatload mmc ${mmcdev} ${loadaddr} uImage
mmcargs=setenv bootargs console=${console} root=/dev/mmcblk0p2 rw rootfstype=ext3 rootwait
mmcboot=echo Booting from mmc ...; run mmcargs; bootm ${loadaddr}
mmcdev=0
nandargs=setenv bootargs console=${console} root=/dev/mtdblock4 rw rootfstype=jffs2
nandboot=echo Booting from nand ...; run nandargs; onenand read ${loadaddr} 280000 400000; bootm ${loadaddr}
serverip=192.168.0.1
stderr=serial
stdin=serial
stdout=serial
usbtty=cdc_acm
Environment size: 937/131068 bytes
OMAP3_EVM # 
- 06:59:38 [INFO] Host: printenv
- 06:59:38 [INFO] Target: 
printenv
_initramfs=-
autoload=no
baudrate=115200
bootargs=console=ttyO0,115200n8 earlyprintk=serial,ttyO0,115200n8  
bootcmd=
bootdelay=3
bootfile=uImage
bootscript=echo Running bootscript from mmc ...; source ${loadaddr}
console=ttyO0,115200n8
dieid#=16d400029ff80000015f02690c019016
ethact=smc911x-0
ethaddr=00:50:c2:7e:93:ba
loadaddr=0x82000000
loadbootscript=fatload mmc ${mmcdev} ${loadaddr} boot.scr
loaduimage=fatload mmc ${mmcdev} ${loadaddr} uImage
mmcargs=setenv bootargs console=${console} root=/dev/mmcblk0p2 rw rootfstype=ext3 rootwait
mmcboot=echo Booting from mmc ...; run mmcargs; bootm ${loadaddr}
mmcdev=0
nandargs=setenv bootargs console=${console} root=/dev/mtdblock4 rw rootfstype=jffs2
nandboot=echo Booting from nand ...; run nandargs; onenand read ${loadaddr} 280000 400000; bootm ${loadaddr}
serverip=192.168.0.1
stderr=serial
stdin=serial
stdout=serial
usbtty=cdc_acm
Environment size: 937/131068 bytes
OMAP3_EVM # 
- 06:59:38 [INFO] Host: setenv bootargs ''${bootargs}' ip=:::::eth0:dhcp '
- 06:59:38 [INFO] Target: 
setenv bootargs ''${bootargs}' ip=:::::eth0:dhcp '
OMAP3_EVM # 
- 06:59:38 [INFO] Host: setenv serverip '192.168.0.1'
- 06:59:38 [INFO] Target: 
setenv serverip '192.168.0.1'
OMAP3_EVM # 
- 06:59:38 [INFO] Host: setenv autoload 'no'
- 06:59:38 [INFO] Target: 
setenv autoload 'no'
OMAP3_EVM # 
- 06:59:38 [INFO] Host: dhcp
- 06:59:41 [INFO] Target: 
dhcp
smc911x: MAC 00:50:c2:7e:93:ba
smc911x: detected LAN9220 controller
smc911x: phy initialized
smc911x: MAC 00:50:c2:7e:93:ba
BOOTP broadcast 1
BOOTP broadcast 2
BOOTP broadcast 3
DHCP client bound to address 192.168.0.166 (1096 ms)
smc911x: MAC 00:50:c2:7e:93:ba
OMAP3_EVM # 
- 06:59:41 [INFO] Host: tftp ${loadaddr} 192.168.0.1:vatf_am37x-evm/cc52b4b076861ee28fbad247f2fa2d19
- 06:59:44 [INFO] Target: 
tftp ${loadaddr} 192.168.0.1:vatf_am37x-evm/cc52b4b076861ee28fbad247f2fa2d19
smc911x: MAC 00:50:c2:7e:93:ba
smc911x: detected LAN9220 controller
smc911x: phy initialized
smc911x: MAC 00:50:c2:7e:93:ba
Using smc911x-0 device
TFTP from server 192.168.0.1; our IP address is 192.168.0.166
Filename 'vatf_am37x-evm/cc52b4b076861ee28fbad247f2fa2d19'.
Load address: 0x82000000
Loading: *#################################################################
	 #################################################################
	 #################################################################
	 #################################################################
	 ####
	 3.3 MiB/s
done
Bytes transferred = 3873812 (3b1c14 hex)
smc911x: MAC 00:50:c2:7e:93:ba
OMAP3_EVM # 
- 06:59:44 [INFO] Host: ls mmc 0:1
- 06:59:44 [INFO] Target: 
ls mmc 0:1
ls - list files in a directory (default /)
Usage:
ls [ directory ]
OMAP3_EVM # 
- 06:59:44 [INFO] Host: ls mmc 0:2
- 06:59:44 [INFO] Target: 
ls mmc 0:2
ls - list files in a directory (default /)
Usage:
ls [ directory ]
OMAP3_EVM # 
- 06:59:44 [INFO] Host: ls mmc 0:3
- 06:59:44 [INFO] Target: 
ls mmc 0:3
ls - list files in a directory (default /)
Usage:
ls [ directory ]
OMAP3_EVM # 
- 06:59:44 [INFO] Host: ls mmc 0:4
- 06:59:44 [INFO] Target: 
ls mmc 0:4
ls - list files in a directory (default /)
Usage:
ls [ directory ]
OMAP3_EVM # 
- 06:59:44 [INFO] Host: ls mmc 0:5
- 06:59:44 [INFO] Target: 
ls mmc 0:5
ls - list files in a directory (default /)
Usage:
ls [ directory ]
OMAP3_EVM # 
- 06:59:44 [INFO] Host: part uuid mmc 0:
- 06:59:44 [INFO] Target: 
part uuid mmc 0:
Unknown command 'part' - try 'help'
OMAP3_EVM # 
- 06:59:44 [INFO] Host: printenv
- 06:59:45 [INFO] Target: 
printenv
_initramfs=-
autoload=no
baudrate=115200
bootargs=console=ttyO0,115200n8 earlyprintk=serial,ttyO0,115200n8   ip=:::::eth0:dhcp 
bootcmd=
bootdelay=3
bootfile=uImage
bootscript=echo Running bootscript from mmc ...; source ${loadaddr}
console=ttyO0,115200n8
dieid#=16d400029ff80000015f02690c019016
ethact=smc911x-0
ethaddr=00:50:c2:7e:93:ba
fileaddr=82000000
filesize=3b1c14
gatewayip=192.168.0.1
ipaddr=192.168.0.166
loadaddr=0x82000000
loadbootscript=fatload mmc ${mmcdev} ${loadaddr} boot.scr
loaduimage=fatload mmc ${mmcdev} ${loadaddr} uImage
mmcargs=setenv bootargs console=${console} root=/dev/mmcblk0p2 rw rootfstype=ext3 rootwait
mmcboot=echo Booting from mmc ...; run mmcargs; bootm ${loadaddr}
mmcdev=0
nandargs=setenv bootargs console=${console} root=/dev/mtdblock4 rw rootfstype=jffs2
nandboot=echo Booting from nand ...; run nandargs; onenand read ${loadaddr} 280000 400000; bootm ${loadaddr}
netmask=255.255.255.0
serverip=192.168.0.1
stderr=serial
stdin=serial
stdout=serial
usbtty=cdc_acm
Environment size: 1065/131068 bytes
OMAP3_EVM # 
- 06:59:45 [INFO] Host: setenv bootargs ''${bootargs}' root=/dev/mmcblk0p2 rw rootfstype=ext3 rootwait '
- 06:59:45 [INFO] Target: 
setenv bootargs ''${bootargs}' root=/dev/mmcblk0p2 rw rootfstype=ext3 rootwait '
OMAP3_EVM # 
- 06:59:45 [INFO] Host: printenv
- 06:59:45 [INFO] Target: 
printenv
_initramfs=-
autoload=no
baudrate=115200
bootargs=console=ttyO0,115200n8 earlyprintk=serial,ttyO0,115200n8   ip=:::::eth0:dhcp  root=/dev/mmcblk0p2 rw rootfstype=ext3 rootwait 
bootcmd=
bootdelay=3
bootfile=uImage
bootscript=echo Running bootscript from mmc ...; source ${loadaddr}
console=ttyO0,115200n8
dieid#=16d400029ff80000015f02690c019016
ethact=smc911x-0
ethaddr=00:50:c2:7e:93:ba
fileaddr=82000000
filesize=3b1c14
gatewayip=192.168.0.1
ipaddr=192.168.0.166
loadaddr=0x82000000
loadbootscript=fatload mmc ${mmcdev} ${loadaddr} boot.scr
loaduimage=fatload mmc ${mmcdev} ${loadaddr} uImage
mmcargs=setenv bootargs console=${console} root=/dev/mmcblk0p2 rw rootfstype=ext3 rootwait
mmcboot=echo Booting from mmc ...; run mmcargs; bootm ${loadaddr}
mmcdev=0
nandargs=setenv bootargs console=${console} root=/dev/mtdblock4 rw rootfstype=jffs2
nandboot=echo Booting from nand ...; run nandargs; onenand read ${loadaddr} 280000 400000; bootm ${loadaddr}
netmask=255.255.255.0
serverip=192.168.0.1
stderr=serial
stdin=serial
stdout=serial
usbtty=cdc_acm
Environment size: 1114/131068 bytes
OMAP3_EVM # 
- 06:59:45 [INFO] Host: setenv bootcmd ''${bootcmd}' if iminfo ${loadaddr}; then bootm ${loadaddr} ${_initramfs} ; else bootz ${loadaddr} ${_initramfs} ; bootm ${loadaddr} ${_initramfs} ; fi'
- 06:59:45 [INFO] Target: 
setenv bootcmd ''${bootcmd}' if iminfo ${loadaddr}; then bootm ${loadaddr} ${_initramfs} ; else bootz ${loadaddr} ${_initramfs} ; bootm ${loadaddr} ${_initramfs} ; fi'
OMAP3_EVM # 
- 06:59:45 [INFO] Host: version
- 06:59:45 [INFO] Target: 
version
U-Boot 2015.07-00043-gaada495 (Nov 09 2015 - 12:23:36 -0500)
arm-linux-gnueabihf-gcc (crosstool-NG linaro-1.13.1-4.7-2013.03-20130313 - Linaro GCC 2013.03) 4.7.3 20130226 (prerelease)
GNU ld (crosstool-NG linaro-1.13.1-4.7-2013.03-20130313 - Linaro GCC 2013.03) 2.23.1
OMAP3_EVM # 
- 06:59:45 [INFO] Host: bdinfo
- 06:59:45 [INFO] Target: 
bdinfo
arch_number = 0x000005FF
boot_params = 0x80000100
DRAM bank   = 0x00000000
-> start    = 0x80000000
-> size     = 0x10000000
DRAM bank   = 0x00000001
-> start    = 0x90000000
-> size     = 0x00000000
eth0name    = smc911x-0
ethaddr     = 00:50:c2:7e:93:ba
current eth = smc911x-0
ip_addr     = 192.168.0.166
baudrate    = 115200 bps
TLB addr    = 0x8FFF0000
relocaddr   = 0x8FF61000
reloc off   = 0x0FE61000
irq_sp      = 0x8FF00F24
sp start    = 0x8FF00F18
OMAP3_EVM # 
- 06:59:45 [INFO] Host: mmc rescan; echo $?
- 06:59:45 [INFO] Target: 
mmc rescan; echo $?
OMAP3_EVM # 
- 06:59:45 [INFO] Host: fatwrite mmc ${mmcdev}:1 ${loadaddr} ws-calibrate.rules 4
- 06:59:45 [INFO] Target: 
fatwrite mmc ${mmcdev}:1 ${loadaddr} ws-calibrate.rules 4
Unknown command 'fatwrite' - try 'help'
OMAP3_EVM # 
- 06:59:45 [INFO] Host: boot
- 07:00:27 [INFO] Target: 
boot
Unknown command 'iminfo' - try 'help'
Unknown command 'bootz' - try 'help'
## Booting kernel from Legacy Image at 82000000 ...
   Image Name:   Linux-4.7.0-rc5-next-20160629-00
   Image Type:   ARM Linux Kernel Image (uncompressed)
   Data Size:    3873748 Bytes = 3.7 MiB
   Load Address: 81000000
   Entry Point:  81000000
   Verifying Checksum ... OK
   Loading Kernel Image ... OK
Starting kernel ...
[    0.000000] Booting Linux on physical CPU 0x0
[    0.000000] Linux version 4.7.0-rc5-next-20160629-00002-gb2415e4d095f (nmenon@horus) (gcc version 4.9.3 20150413 (prerelease) (Linaro GCC 4.9-2015.05) ) #1 SMP Wed Jun 29 06:22:39 CDT 2016
[    0.000000] CPU: ARMv7 Processor [413fc082] revision 2 (ARMv7), cr=10c5387d
[    0.000000] CPU: PIPT / VIPT nonaliasing data cache, VIPT aliasing instruction cache
[    0.000000] Machine model: TI OMAP37XX EVM (TMDSEVM3730)
[    0.000000] cma: Reserved 16 MiB at 0x8e800000
[    0.000000] Memory policy: Data cache writeback
[    0.000000] CPU: All CPU(s) started in SVC mode.
[    0.000000] OMAP3630 ES1.2 (l2cache iva sgx neon isp 192mhz_clk )
[    0.000000] percpu: Embedded 15 pages/cpu @cfb37000 s29504 r8192 d23744 u61440
[    0.000000] Built 1 zonelists in Zone order, mobility grouping on.  Total pages: 64448
[    0.000000] Kernel command line: console=ttyO0,115200n8 earlyprintk=serial,ttyO0,115200n8   ip=:::::eth0:dhcp  root=/dev/mmcblk0p2 rw rootfstype=ext3 rootwait 
[    0.000000] PID hash table entries: 1024 (order: 0, 4096 bytes)
[    0.000000] Dentry cache hash table entries: 32768 (order: 5, 131072 bytes)
[    0.000000] Inode-cache hash table entries: 16384 (order: 4, 65536 bytes)
[    0.000000] Memory: 220424K/260096K available (7354K kernel code, 766K rwdata, 2376K rodata, 1024K init, 8122K bss, 23288K reserved, 16384K cma-reserved, 0K highmem)
[    0.000000] Virtual kernel memory layout:
[    0.000000]     vector  : 0xffff0000 - 0xffff1000   (   4 kB)
[    0.000000]     fixmap  : 0xffc00000 - 0xfff00000   (3072 kB)
[    0.000000]     vmalloc : 0xd0800000 - 0xff800000   ( 752 MB)
[    0.000000]     lowmem  : 0xc0000000 - 0xd0000000   ( 256 MB)
[    0.000000]     pkmap   : 0xbfe00000 - 0xc0000000   (   2 MB)
[    0.000000]     modules : 0xbf000000 - 0xbfe00000   (  14 MB)
[    0.000000]       .text : 0xc0008000 - 0xc0a80bf8   (10723 kB)
[    0.000000]       .init : 0xc0b00000 - 0xc0c00000   (1024 kB)
[    0.000000]       .data : 0xc0c00000 - 0xc0cbfa6c   ( 767 kB)
[    0.000000]        .bss : 0xc0cc1000 - 0xc14afb40   (8123 kB)
[    0.000000] Running RCU self tests
[    0.000000] Hierarchical RCU implementation.
[    0.000000] 	RCU lockdep checking is enabled.
[    0.000000] 	Build-time adjustment of leaf fanout to 32.
[    0.000000] 	RCU restricting CPUs from NR_CPUS=2 to nr_cpu_ids=1.
[    0.000000] RCU: Adjusting geometry for rcu_fanout_leaf=32, nr_cpu_ids=1
[    0.000000] NR_IRQS:16 nr_irqs:16 16
[    0.000000] IRQ: Found an INTC at 0xfa200000 (revision 4.0) with 96 interrupts
[    0.000000] Clocking rate (Crystal/Core/MPU): 26.0/400/600 MHz
[    0.000000] OMAP clockevent source: timer1 at 32768 Hz
[    0.000000] clocksource: 32k_counter: mask: 0xffffffff max_cycles: 0xffffffff, max_idle_ns: 58327039986419 ns
[    0.000030] sched_clock: 32 bits at 32kHz, resolution 30517ns, wraps every 65535999984741ns
[    0.000030] OMAP clocksource: 32k_counter at 32768 Hz
[    0.001831] Console: colour dummy device 80x30
[    0.001922] Lock dependency validator: Copyright (c) 2006 Red Hat, Inc., Ingo Molnar
[    0.001922] ... MAX_LOCKDEP_SUBCLASSES:  8
[    0.001953] ... MAX_LOCK_DEPTH:          48
[    0.001953] ... MAX_LOCKDEP_KEYS:        8191
[    0.001953] ... CLASSHASH_SIZE:          4096
[    0.001983] ... MAX_LOCKDEP_ENTRIES:     32768
[    0.001983] ... MAX_LOCKDEP_CHAINS:      65536
[    0.002014] ... CHAINHASH_SIZE:          32768
[    0.002014]  memory used by lock dependency info: 5167 kB
[    0.002044]  per task-struct memory footprint: 1536 bytes
[    0.002075] Calibrating delay loop... 594.73 BogoMIPS (lpj=2973696)
[    0.106140] pid_max: default: 32768 minimum: 301
[    0.106842] Security Framework initialized
[    0.107055] Mount-cache hash table entries: 1024 (order: 0, 4096 bytes)
[    0.107086] Mountpoint-cache hash table entries: 1024 (order: 0, 4096 bytes)
[    0.112182] CPU: Testing write buffer coherency: ok
[    0.114593] CPU0: thread -1, cpu 0, socket -1, mpidr 0
[    0.114654] Setting up static identity map for 0x80100000 - 0x80100070
[    0.121276] Brought up 1 CPUs
[    0.121307] SMP: Total of 1 processors activated (594.73 BogoMIPS).
[    0.121307] CPU: All CPU(s) started in SVC mode.
[    0.127410] devtmpfs: initialized
[    0.263366] VFP support v0.3: implementor 41 architecture 3 part 30 variant c rev 3
[    0.264709] clocksource: jiffies: mask: 0xffffffff max_cycles: 0xffffffff, max_idle_ns: 19112604462750000 ns
[    0.266906] pinctrl core: initialized pinctrl subsystem
[    0.274444] NET: Registered protocol family 16
[    0.284149] DMA: preallocated 256 KiB pool for atomic coherent allocations
[    0.375122] omap_hwmod: mcbsp2_sidetone using broken dt data from mcbsp
[    0.377807] omap_hwmod: mcbsp3_sidetone using broken dt data from mcbsp
[    0.493438] cpuidle: using governor menu
[    0.494293] Reprogramming SDRC clock to 400000000 Hz
[    0.515136] OMAP GPIO hardware version 2.5
[    0.541931] irq: no irq domain found for /ocp/l4@48000000/scm@2000/pinmux@30 !
[    0.543029] irq: no irq domain found for /ocp/l4@48000000/scm@2000/pinmux@30 !
[    0.544006] irq: no irq domain found for /ocp/l4@48000000/scm@2000/pinmux@30 !
[    0.553497] irq: no irq domain found for /ocp/l4@48000000/scm@2000/pinmux@30 !
[    0.573547] omap-gpmc 6e000000.gpmc: GPMC revision 5.0
[    0.573822] gpmc_mem_init: disabling cs 0 mapped at 0x0-0x1000000
[    0.593353] No ATAGs?hw-breakpoint: debug architecture 0x4 unsupported.
[    0.594757] omap4_sram_init:Unable to allocate sram needed to handle errata I688
[    0.594787] omap4_sram_init:Unable to get sram pool needed to handle errata I688
[    0.596862] OMAP DMA hardware revision 5.0
[    0.654174] omap-dma-engine 48056000.dma-controller: OMAP DMA engine driver
[    0.658996] reg-fixed-voltage wl12xx_vmmc: could not find pctldev for node /ocp/l4@48000000/scm@2000/pinmux@30/pinmux_wl12xx_gpio, deferring probe
[    0.667846] omap-iommu 480bd400.mmu: 480bd400.mmu registered
[    0.669647] SCSI subsystem initialized
[    0.675445] omap_i2c 48070000.i2c: bus 0 rev4.4 at 2600 kHz
[    0.677673] omap_i2c 48072000.i2c: bus 1 rev4.4 at 400 kHz
[    0.680114] omap_i2c 48060000.i2c: bus 2 rev4.4 at 400 kHz
[    0.680847] pps_core: LinuxPPS API ver. 1 registered
[    0.680847] pps_core: Software ver. 5.3.6 - Copyright 2005-2007 Rodolfo Giometti <giometti@linux.it>
[    0.680938] PTP clock support registered
[    0.687805] clocksource: Switched to clocksource 32k_counter
[    0.851470] VFS: Disk quotas dquot_6.6.0
[    0.851715] VFS: Dquot-cache hash table entries: 1024 (order 0, 4096 bytes)
[    0.902893] NET: Registered protocol family 2
[    0.905700] TCP established hash table entries: 2048 (order: 1, 8192 bytes)
[    0.905792] TCP bind hash table entries: 2048 (order: 4, 73728 bytes)
[    0.906768] TCP: Hash tables configured (established 2048 bind 2048)
[    0.907073] UDP hash table entries: 256 (order: 2, 20480 bytes)
[    0.907348] UDP-Lite hash table entries: 256 (order: 2, 20480 bytes)
[    0.908843] NET: Registered protocol family 1
[    0.911651] RPC: Registered named UNIX socket transport module.
[    0.911682] RPC: Registered udp transport module.
[    0.911712] RPC: Registered tcp transport module.
[    0.911712] RPC: Registered tcp NFSv4.1 backchannel transport module.
[    0.919036] hw perfevents: enabled with armv7_cortex_a8 PMU driver, 5 counters available
[    0.927551] futex hash table entries: 256 (order: 2, 16384 bytes)
[    0.928070] audit: initializing netlink subsys (disabled)
[    0.928375] audit: type=2000 audit(0.920:1): initialized
[    0.934478] workingset: timestamp_bits=12 max_order=16 bucket_order=4
[    0.938354] NFS: Registering the id_resolver key type
[    0.938903] Key type id_resolver registered
[    0.938934] Key type id_legacy registered
[    0.939147] jffs2: version 2.2. (NAND) (SUMMARY)   2001-2006 Red Hat, Inc.
[    0.947296] io scheduler noop registered
[    0.947326] io scheduler deadline registered
[    0.947479] io scheduler cfq registered (default)
[    0.951629] pinctrl-single 48002030.pinmux: 284 pins at pa fa002030 size 568
[    0.952423] pinctrl-single 48002a00.pinmux: 46 pins at pa fa002a00 size 92
[    0.953643] pinctrl-single 480025a0.pinmux: 46 pins at pa fa0025a0 size 92
[    0.961822] Serial: 8250/16550 driver, 4 ports, IRQ sharing enabled
[    0.972869] 4806a000.serial: ttyO0 at MMIO 0x4806a000 (irq = 88, base_baud = 3000000) is a OMAP UART0
[    1.765319] console [ttyO0] enabled
[    1.772186] 4806c000.serial: ttyO1 at MMIO 0x4806c000 (irq = 89, base_baud = 3000000) is a OMAP UART1
[    1.784973] 49020000.serial: ttyO2 at MMIO 0x49020000 (irq = 90, base_baud = 3000000) is a OMAP UART2
[    1.797058] omap_uart 49042000.serial: no wakeirq for uart3
[    1.803497] 49042000.serial: ttyO3 at MMIO 0x49042000 (irq = 96, base_baud = 3000000) is a OMAP UART3
[    1.872802] brd: module loaded
[    1.911590] loop: module loaded
[    1.946166] twl 0-0048: PIH (irq 23) chaining IRQs 341..349
[    1.952728] twl 0-0048: power (irq 346) chaining IRQs 349..356
[    2.017425] VPLL2: Bringing 1300000uV into 1800000-1800000uV
[    2.032318] twl4030_gpio twl4030-gpio: gpio (irq 341) chaining IRQs 357..374
[    2.125366] mtdoops: mtd device (mtddev=name/number) must be supplied
[    2.135223] nand: Could not find valid ONFI parameter page; aborting
[    2.142059] nand: device found, Manufacturer ID: 0xad, Chip ID: 0xbc
[    2.148773] nand: Hynix NAND 512MiB 1,8V 16-bit
[    2.153533] nand: 512 MiB, SLC, erase size: 128 KiB, page size: 2048, OOB size: 64
[    2.161529] nand: using OMAP_ECC_BCH8_CODE_HW_DETECTION_SW
[    2.170074] 5 ofpart partitions found on MTD device 30000000.nand
[    2.176513] Creating 5 MTD partitions on "30000000.nand":
[    2.182281] 0x000000000000-0x000000080000 : "X-Loader"
[    2.197509] 0x000000080000-0x000000240000 : "U-Boot"
[    2.211212] 0x000000240000-0x000000280000 : "Environment"
[    2.223510] 0x000000280000-0x000000780000 : "Kernel"
[    2.238983] 0x000000780000-0x000020000000 : "Filesystem"
[    2.688690] libphy: Fixed MDIO Bus: probed
[    2.746643] libphy: smsc911x-mdio: probed
[    2.828338] SMSC LAN8700 2c000000.etherne:01: attached PHY driver [SMSC LAN8700] (mii_bus:phy_addr=2c000000.etherne:01, irq=-1)
[    2.840789] smsc911x 2c000000.ethernet eth0: MAC Address: 00:50:c2:7e:93:ba
[    2.853637] mousedev: PS/2 mouse device common for all mice
[    2.859649] i2c /dev entries driver
[    2.922698] ledtrig-cpu: registered to indicate activity on CPUs
[    2.932220] oprofile: using arm/armv7
[    2.936950] Initializing XFRM netlink socket
[    2.942199] NET: Registered protocol family 10
[    2.956146] sit: IPv6 over IPv4 tunneling driver
[    2.964752] NET: Registered protocol family 17
[    2.969635] NET: Registered protocol family 15
[    2.974853] Key type dns_resolver registered
[    2.979766] omap2_set_init_voltage: unable to find boot up OPP for vdd_mpu_iva
[    2.987365] omap2_set_init_voltage: unable to set vdd_mpu_iva
[    2.993499] omap2_set_init_voltage: unable to find boot up OPP for vdd_core
[    3.000885] omap2_set_init_voltage: unable to set vdd_core
[    3.011840] ThumbEE CPU extension supported.
[    3.016387] Registering SWP/SWPB emulation handler
[    3.021545] SmartReflex Class3 initialized
[    3.039581] vwl1271: supplied by VMMC2
[    3.157836] mmc0: host does not support reading read-only switch, assuming write-enable
[    3.170745] hctosys: unable to open rtc device (rtc0)
[    3.176055] sr_init: No PMIC hook to init smartreflex
[    3.182128] smartreflex smartreflex.0: omap_sr_probe: SmartReflex driver initialized
[    3.191375] smartreflex smartreflex.1: omap_sr_probe: SmartReflex driver initialized
[    3.282135] smsc911x 2c000000.ethernet eth0: SMSC911x/921x identified at 0xd081e000, IRQ: 288
[    3.291656] IPv6: ADDRCONF(NETDEV_UP): eth0: link is not ready
[    3.298461] mmc0: new high speed SDHC card at address b368
[    3.313751] mmcblk0: mmc0:b368 SDC   3.75 GiB 
[    3.320922] omap_hsmmc 480b4000.mmc: card claims to support voltages below defined range
[    3.333557]  mmcblk0: p1 p2 p3
[    3.365478] mmc1: new SDIO card at address 0001
[    5.849182] IPv6: ADDRCONF(NETDEV_CHANGE): eth0: link becomes ready
[    5.869567] Sending DHCP requests ., OK
[    5.938537] IP-Config: Got DHCP answer from 192.168.0.1, my address is 192.168.0.166
[    5.947448] IP-Config: Complete:
[    5.950988]      device=eth0, hwaddr=00:50:c2:7e:93:ba, ipaddr=192.168.0.166, mask=255.255.255.0, gw=192.168.0.1
[    5.961730]      host=192.168.0.166, domain=tim.com, nis-domain=(none)
[    5.968627]      bootserver=192.168.0.1, rootserver=192.168.0.1, rootpath=     nameserver0=192.0.2.2, nameserver1=192.0.2.3
[    5.980743] lcd_3v3: disabling
[    5.988159] VUSB3V1: disabling
[    5.991973] vwl1271: disabling
[    6.004577] 
[    6.006164] ===============================
[    6.010559] [ INFO: suspicious RCU usage. ]
[    6.014953] 4.7.0-rc5-next-20160629-00002-gb2415e4d095f #1 Not tainted
[    6.021820] -------------------------------
[    6.026214] include/trace/events/rpm.h:63 suspicious rcu_dereference_check() usage!
[    6.034240] 
[    6.034240] other info that might help us debug this:
[    6.034240] 
[    6.042663] 
[    6.042663] RCU used illegally from idle CPU!
[    6.042663] rcu_scheduler_active = 1, debug_locks = 0
[    6.054077] RCU used illegally from extended quiescent state!
[    6.060119] 1 lock held by swapper/0/0:
[    6.064147]  #0:  (&(&dev->power.lock)->rlock){-.-...}, at: [<c0536e84>] __pm_runtime_suspend+0x50/0x80
[    6.074066] 
[    6.074066] stack backtrace:
[    6.078674] CPU: 0 PID: 0 Comm: swapper/0 Not tainted 4.7.0-rc5-next-20160629-00002-gb2415e4d095f #1
[    6.088256] Hardware name: Generic OMAP36xx (Flattened Device Tree)
[    6.094879] [<c01100b4>] (unwind_backtrace) from [<c010c290>] (show_stack+0x10/0x14)
[    6.103027] [<c010c290>] (show_stack) from [<c0484c80>] (dump_stack+0xb0/0xe4)
[    6.110626] [<c0484c80>] (dump_stack) from [<c05358b8>] (rpm_suspend+0x728/0x7c8)
[    6.118469] [<c05358b8>] (rpm_suspend) from [<c0536e94>] (__pm_runtime_suspend+0x60/0x80)
[    6.127105] [<c0536e94>] (__pm_runtime_suspend) from [<c04c5688>] (omap2_gpio_prepare_for_idle+0x5c/0x70)
[    6.137176] [<c04c5688>] (omap2_gpio_prepare_for_idle) from [<c0125334>] (omap_sram_idle+0x134/0x238)
[    6.146850] [<c0125334>] (omap_sram_idle) from [<c01267a4>] (omap3_enter_idle_bm+0xf8/0x200)
[    6.155761] [<c01267a4>] (omap3_enter_idle_bm) from [<c06096f8>] (cpuidle_enter_state+0x80/0x370)
[    6.165069] [<c06096f8>] (cpuidle_enter_state) from [<c0185f44>] (cpu_startup_entry+0x1dc/0x40c)
[    6.174316] [<c0185f44>] (cpu_startup_entry) from [<c0b00c08>] (start_kernel+0x340/0x3b4)
[    6.182922] [<c0b00c08>] (start_kernel) from [<8000807c>] (0x8000807c)
[    6.191497] EXT4-fs (mmcblk0p2): mounting ext3 file system using the ext4 subsystem
[    6.215820] EXT4-fs (mmcblk0p2): warning: maximal mount count reached, running e2fsck is recommended
[    6.590637] EXT4-fs (mmcblk0p2): mounted filesystem with ordered data mode. Opts: (null)
[    6.599334] VFS: Mounted root (ext3 filesystem) on device 179:2.
[    6.617187] devtmpfs: mounted
[    6.623229] Freeing unused kernel memory: 1024K (c0b00000 - c0c00000)
INIT: version 2.86 booting
Please wait: booting...
Error opening /dev/fb0: No such file or directory
Starting udev
WARNING: -e needs -E or -F
[    7.584899] udevd (125): /proc/125/oom_adj is deprecated, please use /proc/125/oom_score_adj instead.
[   18.753631] FAT-fs (mmcblk0p1): Volume was not properly unmounted. Some data may be corrupt. Please run fsck.
[   18.774139] EXT4-fs (mmcblk0p3): mounting ext3 file system using the ext4 subsystem
[   18.808868] EXT4-fs (mmcblk0p3): warning: maximal mount count reached, running e2fsck is recommended
[   18.826477] EXT4-fs (mmcblk0p3): mounted filesystem with ordered data mode. Opts: (null)
[   18.907226] alignment: ignoring faults is unsafe on this CPU.  Defaulting to fixup mode.
Remounting root file system...
[   19.029815] EXT4-fs (mmcblk0p2): re-mounted. Opts: (null)
Caching udev devnodes
logger: mount: mount point /proc/bus/usb does not exist
ALSA: Restoring mixer settings...
/usr/sbin/alsactl: load_state:1625: No soundcards found...
Configuring network interfaces... [   21.418273] smsc911x 2c000000.ethernet eth0: SMSC911x/921x identified at 0xd081e000, IRQ: 288
[   21.427886] IPv6: ADDRCONF(NETDEV_UP): eth0: link is not ready
eth0      no wireless extensions.
udhcpc (v1.13.2) started
Sending discover...
[   23.868560] IPv6: ADDRCONF(NETDEV_CHANGE): eth0: link becomes ready
Sending discover...
Sending select for 192.168.0.194...
Lease of 192.168.0.194 obtained, lease time 600
adding dns 192.0.2.2
adding dns 192.0.2.3
done.
Setting up IP spoofing protection: rp_filter.
hwclock: can't open '/dev/misc/rtc': No such file or directory
Thu Apr 21 22:49:00 UTC 2016
hwclock: can't open '/dev/misc/rtc': No such file or directory
INIT: Entering runlevel: 5
[   26.408905] random: nonblocking pool is initialized
Starting system message bus: dbus.
Starting Hardware abstraction layer hald
[   28.229309] ecc unrecoverable error
[   28.233123] ecc unrecoverable error
[   28.236877] ecc unrecoverable error
[   28.240814] ecc unrecoverable error
[   28.244506] blk_update_request: I/O error, dev mtdblock0, sector 0
[   28.348419] ecc unrecoverable error
[   28.352203] ecc unrecoverable error
[   28.355987] ecc unrecoverable error
[   28.359832] ecc unrecoverable error
[   28.363525] blk_update_request: I/O error, dev mtdblock0, sector 0
[   28.370025] Buffer I/O error on dev mtdblock0, logical block 0, async page read
[   28.428558] ecc unrecoverable error
[   28.432342] ecc unrecoverable error
[   28.436096] ecc unrecoverable error
[   28.440002] ecc unrecoverable error
[   28.443695] blk_update_request: I/O error, dev mtdblock1, sector 3456
[   28.478515] ecc unrecoverable error
[   28.482299] ecc unrecoverable error
[   28.485992] blk_update_request: I/O error, dev mtdblock3, sector 10112
[   28.508392] ecc unrecoverable error
[   28.512176] ecc unrecoverable error
[   28.515869] blk_update_request: I/O error, dev mtdblock2, sector 0
[   28.549041] ecc unrecoverable error
[   28.552825] ecc unrecoverable error
[   28.556610] ecc unrecoverable error
[   28.560485] ecc unrecoverable error
[   28.564208] blk_update_request: I/O error, dev mtdblock0, sector 0
[   28.570709] Buffer I/O error on dev mtdblock0, logical block 0, async page read
[   28.614440] ecc unrecoverable error
[   28.618438] ecc unrecoverable error
[   28.622222] ecc unrecoverable error
[   28.625946] ecc unrecoverable error
[   28.629730] blk_update_request: I/O error, dev mtdblock1, sector 3456
[   28.636505] Buffer I/O error on dev mtdblock1, logical block 432, async page read
[   28.647491] ecc unrecoverable error
[   28.651458] ecc unrecoverable error
[   28.655181] blk_update_request: I/O error, dev mtdblock3, sector 10112
[   28.662048] Buffer I/O error on dev mtdblock3, logical block 1264, async page read
[   28.727447] ecc unrecoverable error
[   28.731445] ecc unrecoverable error
[   28.735198] blk_update_request: I/O error, dev mtdblock2, sector 0
[   28.741729] Buffer I/O error on dev mtdblock2, logical block 0, async page read
[   28.798767] ecc unrecoverable error
[   28.802551] ecc unrecoverable error
[   28.806335] ecc unrecoverable error
[   28.810241] ecc unrecoverable error
[   28.813934] blk_update_request: I/O error, dev mtdblock0, sector 0
[   28.820434] Buffer I/O error on dev mtdblock0, logical block 0, async page read
[   28.829132] ecc unrecoverable error
[   28.832916] ecc unrecoverable error
[   28.836700] ecc unrecoverable error
[   28.840576] ecc unrecoverable error
[   28.844879] ecc unrecoverable error
[   28.848785] ecc unrecoverable error
[   28.853027] ecc unrecoverable error
[   28.856811] ecc unrecoverable error
[   28.860595] Buffer I/O error on dev mtdblock2, logical block 0, async page read
[   28.869628] ecc unrecoverable error
[   28.873413] ecc unrecoverable error
[   28.877166] ecc unrecoverable error
[   28.881011] ecc unrecoverable error
[   28.884704] Buffer I/O error on dev mtdblock0, logical block 0, async page read
[   28.893035] ecc unrecoverable error
[   28.896820] ecc unrecoverable error
[   28.900695] ecc unrecoverable error
[   28.904449] ecc unrecoverable error
[   28.908172] Buffer I/O error on dev mtdblock1, logical block 446, async page read
[   28.916748] ecc unrecoverable error
[   28.920654] ecc unrecoverable error
[   28.924346] Buffer I/O error on dev mtdblock3, logical block 1278, async page read
[   28.933227] ecc unrecoverable error
[   28.937011] ecc unrecoverable error
[   28.942047] ecc unrecoverable error
[   28.945800] ecc unrecoverable error
[   28.949676] ecc unrecoverable error
[   28.953399] ecc unrecoverable error
[   28.957672] ecc unrecoverable error
[   28.961517] ecc unrecoverable error
[   28.965240] ecc unrecoverable error
[   28.969055] ecc unrecoverable error
[   28.973266] ecc unrecoverable error
[   28.977050] ecc unrecoverable error
[   28.981292] ecc unrecoverable error
[   28.985076] ecc unrecoverable error
[   28.989990] ecc unrecoverable error
[   28.993774] ecc unrecoverable error
[   28.997528] ecc unrecoverable error
[   29.001312] ecc unrecoverable error
[   29.005554] ecc unrecoverable error
[   29.009368] ecc unrecoverable error
[   29.013122] ecc unrecoverable error
[   29.016906] ecc unrecoverable error
[   29.021179] ecc unrecoverable error
[   29.024932] ecc unrecoverable error
[   29.029235] ecc unrecoverable error
[   29.033020] ecc unrecoverable error
[   29.039337] ecc unrecoverable error
[   29.043121] ecc unrecoverable error
[   29.046874] ecc unrecoverable error
[   29.050781] ecc unrecoverable error
[   29.055084] ecc unrecoverable error
[   29.058990] ecc unrecoverable error
[   29.062744] ecc unrecoverable error
[   29.066497] ecc unrecoverable error
[   29.070861] ecc unrecoverable error
[   29.074615] ecc unrecoverable error
[   29.079010] ecc unrecoverable error
[   29.082763] ecc unrecoverable error
[   29.087707] ecc unrecoverable error
[   29.091583] ecc unrecoverable error
[   29.095336] ecc unrecoverable error
[   29.099151] ecc unrecoverable error
[   29.103393] ecc unrecoverable error
[   29.107177] ecc unrecoverable error
[   29.110992] ecc unrecoverable error
[   29.114776] ecc unrecoverable error
[   29.120300] ecc unrecoverable error
[   29.124084] ecc unrecoverable error
[   29.129730] ecc unrecoverable error
[   29.133514] ecc unrecoverable error
[   29.138732] ecc unrecoverable error
[   29.142517] ecc unrecoverable error
[   29.146270] ecc unrecoverable error
[   29.150146] ecc unrecoverable error
[   29.154449] ecc unrecoverable error
[   29.158355] ecc unrecoverable error
[   29.162109] ecc unrecoverable error
[   29.165893] ecc unrecoverable error
[   29.170227] ecc unrecoverable error
[   29.173980] ecc unrecoverable error
[   29.178283] ecc unrecoverable error
[   29.182067] ecc unrecoverable error
[   29.187225] ecc unrecoverable error
[   29.191101] ecc unrecoverable error
[   29.194885] ecc unrecoverable error
[   29.198669] ecc unrecoverable error
[   29.202880] ecc unrecoverable error
[   29.206665] ecc unrecoverable error
[   29.210510] ecc unrecoverable error
[   29.214263] ecc unrecoverable error
[   29.218505] ecc unrecoverable error
[   29.222290] ecc unrecoverable error
[   29.226470] ecc unrecoverable error
[   29.230316] ecc unrecoverable error
[   29.235290] ecc unrecoverable error
[   29.239166] ecc unrecoverable error
[   29.242919] ecc unrecoverable error
[   29.246673] ecc unrecoverable error
[   29.250946] ecc unrecoverable error
[   29.254730] ecc unrecoverable error
[   29.258575] ecc unrecoverable error
[   29.262329] ecc unrecoverable error
[   29.266571] ecc unrecoverable error
[   29.270416] ecc unrecoverable error
[   29.274658] ecc unrecoverable error
[   29.278503] ecc unrecoverable error
[   29.283386] ecc unrecoverable error
[   29.287139] ecc unrecoverable error
[   29.290985] ecc unrecoverable error
[   29.294708] ecc unrecoverable error
[   29.298980] ecc unrecoverable error
[   29.302764] ecc unrecoverable error
[   29.306518] ecc unrecoverable error
[   29.310333] ecc unrecoverable error
[   29.314575] ecc unrecoverable error
[   29.318389] ecc unrecoverable error
[   29.322631] ecc unrecoverable error
[   29.326385] ecc unrecoverable error
[   29.331298] ecc unrecoverable error
[   29.335083] ecc unrecoverable error
[   29.338897] ecc unrecoverable error
[   29.342651] ecc unrecoverable error
[   29.346832] ecc unrecoverable error
[   29.350677] ecc unrecoverable error
[   29.354461] ecc unrecoverable error
[   29.358276] ecc unrecoverable error
[   29.362487] ecc unrecoverable error
[   29.366271] ecc unrecoverable error
[   29.370727] ecc unrecoverable error
[   29.374511] ecc unrecoverable error
[   29.379486] ecc unrecoverable error
[   29.383270] ecc unrecoverable error
[   29.387023] ecc unrecoverable error
[   29.390838] ecc unrecoverable error
[   29.395111] ecc unrecoverable error
[   29.398956] ecc unrecoverable error
[   29.402740] ecc unrecoverable error
[   29.406494] ecc unrecoverable error
[   29.410766] ecc unrecoverable error
[   29.414550] ecc unrecoverable error
[   29.418914] ecc unrecoverable error
[   29.422698] ecc unrecoverable error
[   29.427612] ecc unrecoverable error
[   29.431457] ecc unrecoverable error
[   29.435211] ecc unrecoverable error
[   29.439025] ecc unrecoverable error
[   29.443267] ecc unrecoverable error
[   29.447052] ecc unrecoverable error
[   29.450866] ecc unrecoverable error
[   29.454650] ecc unrecoverable error
[   29.458923] ecc unrecoverable error
[   29.462677] ecc unrecoverable error
[   29.466888] ecc unrecoverable error
[   29.470733] ecc unrecoverable error
[   29.475616] ecc unrecoverable error
[   29.479461] ecc unrecoverable error
[   29.483215] ecc unrecoverable error
[   29.486968] ecc unrecoverable error
[   29.491210] ecc unrecoverable error
[   29.494964] ecc unrecoverable error
[   29.498779] ecc unrecoverable error
[   29.502563] ecc unrecoverable error
[   29.506744] ecc unrecoverable error
[   29.510559] ecc unrecoverable error
[   29.514770] ecc unrecoverable error
[   29.518585] ecc unrecoverable error
[   29.523437] ecc unrecoverable error
[   29.527191] ecc unrecoverable error
[   29.531036] ecc unrecoverable error
[   29.534790] ecc unrecoverable error
[   29.539062] ecc unrecoverable error
[   29.542816] ecc unrecoverable error
[   29.546569] ecc unrecoverable error
[   29.550415] ecc unrecoverable error
[   29.554656] ecc unrecoverable error
[   29.558471] ecc unrecoverable error
[   29.562713] ecc unrecoverable error
[   29.566467] ecc unrecoverable error
[   29.571380] ecc unrecoverable error
[   29.575134] ecc unrecoverable error
[   29.578979] ecc unrecoverable error
[   29.582733] ecc unrecoverable error
[   29.586944] ecc unrecoverable error
[   29.590789] ecc unrecoverable error
[   29.594573] ecc unrecoverable error
[   29.598388] ecc unrecoverable error
[   29.602600] ecc unrecoverable error
[   29.606353] ecc unrecoverable error
[   29.610626] ecc unrecoverable error
[   29.614379] ecc unrecoverable error
[   29.619293] ecc unrecoverable error
[   29.623077] ecc unrecoverable error
[   29.626800] ecc unrecoverable error
[   29.630645] ecc unrecoverable error
[   29.634857] ecc unrecoverable error
[   29.638671] ecc unrecoverable error
[   29.642456] ecc unrecoverable error
[   29.646209] ecc unrecoverable error
[   29.650482] ecc unrecoverable error
[   29.654235] ecc unrecoverable error
[   29.658508] ecc unrecoverable error
[   29.662261] ecc unrecoverable error
[   29.667114] ecc unrecoverable error
[   29.670959] ecc unrecoverable error
[   29.674713] ecc unrecoverable error
[   29.678527] ecc unrecoverable error
[   29.682769] ecc unrecoverable error
[   29.686523] ecc unrecoverable error
[   29.690368] ecc unrecoverable error
[   29.694122] ecc unrecoverable error
[   29.698394] ecc unrecoverable error
[   29.702178] ecc unrecoverable error
[   29.706390] ecc unrecoverable error
[   29.710205] ecc unrecoverable error
[   29.715057] ecc unrecoverable error
[   29.718902] ecc unrecoverable error
[   29.722656] ecc unrecoverable error
[   29.726409] ecc unrecoverable error
[   29.730682] ecc unrecoverable error
[   29.734436] ecc unrecoverable error
[   29.738250] ecc unrecoverable error
[   29.742004] ecc unrecoverable error
[   29.746215] ecc unrecoverable error
[   29.750061] ecc unrecoverable error
[   29.754272] ecc unrecoverable error
[   29.758087] ecc unrecoverable error
[   29.762908] ecc unrecoverable error
[   29.766693] ecc unrecoverable error
[   29.770507] ecc unrecoverable error
[   29.774261] ecc unrecoverable error
[   29.778503] ecc unrecoverable error
[   29.782257] ecc unrecoverable error
[   29.786010] ecc unrecoverable error
[   29.789825] ecc unrecoverable error
[   29.794006] ecc unrecoverable error
[   29.797851] ecc unrecoverable error
[   29.802032] ecc unrecoverable error
[   29.805786] ecc unrecoverable error
[   29.810668] ecc unrecoverable error
[   29.814453] ecc unrecoverable error
[   29.818267] ecc unrecoverable error
[   29.822021] ecc unrecoverable error
[   29.826263] ecc unrecoverable error
[   29.830108] ecc unrecoverable error
[   29.833862] ecc unrecoverable error
[   29.837615] ecc unrecoverable error
[   29.841888] ecc unrecoverable error
[   29.845642] ecc unrecoverable error
[   29.849914] ecc unrecoverable error
[   29.853668] ecc unrecoverable error
[   29.858581] ecc unrecoverable error
[   29.862335] ecc unrecoverable error
[   29.866119] ecc unrecoverable error
[   29.869903] ecc unrecoverable error
[   29.874145] ecc unrecoverable error
[   29.877960] ecc unrecoverable error
[   29.881713] ecc unrecoverable error
[   29.885467] ecc unrecoverable error
[   29.889709] ecc unrecoverable error
[   29.893493] ecc unrecoverable error
[   29.897674] ecc unrecoverable error
[   29.901489] ecc unrecoverable error
[   29.906341] ecc unrecoverable error
[   29.910186] ecc unrecoverable error
[   29.913940] ecc unrecoverable error
[   29.917663] ecc unrecoverable error
[   29.921905] ecc unrecoverable error
[   29.925659] ecc unrecoverable error
[   29.929473] ecc unrecoverable error
[   29.933258] ecc unrecoverable error
[   29.937438] ecc unrecoverable error
[   29.941253] ecc unrecoverable error
[   29.945465] ecc unrecoverable error
[   29.949279] ecc unrecoverable error
[   29.954132] ecc unrecoverable error
[   29.957977] ecc unrecoverable error
[   29.961730] ecc unrecoverable error
[   29.965484] ecc unrecoverable error
[   29.970001] ecc unrecoverable error
[   29.973754] ecc unrecoverable error
[   29.977508] ecc unrecoverable error
[   29.981323] ecc unrecoverable error
[   29.985565] ecc unrecoverable error
[   29.989410] ecc unrecoverable error
[   29.993621] ecc unrecoverable error
[   29.997406] ecc unrecoverable error
[   30.002319] ecc unrecoverable error
[   30.006072] ecc unrecoverable error
[   30.009918] ecc unrecoverable error
[   30.013641] ecc unrecoverable error
[   30.018035] ecc unrecoverable error
[   30.021820] ecc unrecoverable error
[   30.025573] ecc unrecoverable error
[   30.029388] ecc unrecoverable error
[   30.033630] ecc unrecoverable error
[   30.037414] ecc unrecoverable error
[   30.041717] ecc unrecoverable error
[   30.045471] ecc unrecoverable error
[   30.050384] ecc unrecoverable error
[   30.054168] ecc unrecoverable error
[   30.057983] ecc unrecoverable error
[   30.061737] ecc unrecoverable error
[   30.065948] ecc unrecoverable error
[   30.069793] ecc unrecoverable error
[   30.073547] ecc unrecoverable error
[   30.077301] ecc unrecoverable error
[   30.081756] ecc unrecoverable error
[   30.085540] ecc unrecoverable error
[   30.089874] ecc unrecoverable error
[   30.093627] ecc unrecoverable error
[   30.098632] ecc unrecoverable error
[   30.102416] ecc unrecoverable error
[   30.106170] ecc unrecoverable error
[   30.109985] ecc unrecoverable error
[   30.114257] ecc unrecoverable error
[   30.118103] ecc unrecoverable error
[   30.121826] ecc unrecoverable error
[   30.125610] ecc unrecoverable error
[   30.129882] ecc unrecoverable error
[   30.133666] ecc unrecoverable error
[   30.137939] ecc unrecoverable error
[   30.141723] ecc unrecoverable error
[   30.146636] ecc unrecoverable error
[   30.150482] ecc unrecoverable error
[   30.154235] ecc unrecoverable error
[   30.158020] ecc unrecoverable error
[   30.162261] ecc unrecoverable error
[   30.166046] ecc unrecoverable error
[   30.169830] ecc unrecoverable error
[   30.173614] ecc unrecoverable error
[   30.177886] ecc unrecoverable error
[   30.181640] ecc unrecoverable error
[   30.185852] ecc unrecoverable error
[   30.189666] ecc unrecoverable error
[   30.194519] ecc unrecoverable error
[   30.198364] ecc unrecoverable error
[   30.202117] ecc unrecoverable error
[   30.205871] ecc unrecoverable error
[   30.210113] ecc unrecoverable error
[   30.213867] ecc unrecoverable error
[   30.217590] ecc unrecoverable error
[   30.221435] ecc unrecoverable error
[   30.225646] ecc unrecoverable error
[   30.229492] ecc unrecoverable error
[   30.233795] ecc unrecoverable error
[   30.237548] ecc unrecoverable error
[   30.242492] ecc unrecoverable error
[   30.246276] ecc unrecoverable error
[   30.250122] ecc unrecoverable error
[   30.253875] ecc unrecoverable error
[   30.258178] ecc unrecoverable error
[   30.261932] ecc unrecoverable error
[   30.265655] ecc unrecoverable error
[   30.269500] ecc unrecoverable error
[   30.273712] ecc unrecoverable error
[   30.277496] ecc unrecoverable error
[   30.281768] ecc unrecoverable error
[   30.285522] ecc unrecoverable error
[   30.290435] ecc unrecoverable error
[   30.294219] ecc unrecoverable error
[   30.298065] ecc unrecoverable error
[   30.301788] ecc unrecoverable error
[   30.306030] ecc unrecoverable error
[   30.309844] ecc unrecoverable error
[   30.313598] ecc unrecoverable error
[   30.317352] ecc unrecoverable error
[   30.321624] ecc unrecoverable error
[   30.325378] ecc unrecoverable error
[   30.329650] ecc unrecoverable error
[   30.333404] ecc unrecoverable error
[   30.338317] ecc unrecoverable error
[   30.342071] ecc unrecoverable error
[   30.345855] ecc unrecoverable error
[   30.349639] ecc unrecoverable error
[   30.353851] ecc unrecoverable error
[   30.357604] ecc unrecoverable error
[   30.361419] ecc unrecoverable error
[   30.365173] ecc unrecoverable error
[   30.369415] ecc unrecoverable error
[   30.373168] ecc unrecoverable error
[   30.377349] ecc unrecoverable error
[   30.381195] ecc unrecoverable error
[   30.386047] ecc unrecoverable error
[   30.389892] ecc unrecoverable error
[   30.393676] ecc unrecoverable error
[   30.397399] ecc unrecoverable error
[   30.401672] ecc unrecoverable error
[   30.405426] ecc unrecoverable error
[   30.409240] ecc unrecoverable error
[   30.413024] ecc unrecoverable error
[   30.417236] ecc unrecoverable error
[   30.421081] ecc unrecoverable error
[   30.425292] ecc unrecoverable error
[   30.429138] ecc unrecoverable error
[   30.433990] ecc unrecoverable error
[   30.437835] ecc unrecoverable error
[   30.441619] ecc unrecoverable error
[   30.445343] ecc unrecoverable error
[   30.449615] ecc unrecoverable error
[   30.453369] ecc unrecoverable error
[   30.457122] ecc unrecoverable error
[   30.460937] ecc unrecoverable error
[   30.465148] ecc unrecoverable error
[   30.468963] ecc unrecoverable error
[   30.473175] ecc unrecoverable error
[   30.476959] ecc unrecoverable error
[   30.481842] ecc unrecoverable error
[   30.485626] ecc unrecoverable error
[   30.489440] ecc unrecoverable error
[   30.493194] ecc unrecoverable error
[   30.497375] ecc unrecoverable error
[   30.501220] ecc unrecoverable error
[   30.504974] ecc unrecoverable error
[   30.508789] ecc unrecoverable error
[   30.512969] ecc unrecoverable error
[   30.516723] ecc unrecoverable error
[   30.520965] ecc unrecoverable error
[   30.524719] ecc unrecoverable error
[   30.529632] ecc unrecoverable error
[   30.533416] ecc unrecoverable error
[   30.537170] ecc unrecoverable error
[   30.540985] ecc unrecoverable error
[   30.545196] ecc unrecoverable error
[   30.549041] ecc unrecoverable error
[   30.552795] ecc unrecoverable error
[   30.556549] ecc unrecoverable error
[   30.560821] ecc unrecoverable error
[   30.564575] ecc unrecoverable error
[   30.568847] ecc unrecoverable error
[   30.572631] ecc unrecoverable error
[   30.577453] ecc unrecoverable error
[   30.581298] ecc unrecoverable error
[   30.585083] ecc unrecoverable error
[   30.588867] ecc unrecoverable error
[   30.593078] ecc unrecoverable error
[   30.596832] ecc unrecoverable error
[   30.600646] ecc unrecoverable error
[   30.604400] ecc unrecoverable error
[   30.608673] ecc unrecoverable error
[   30.612426] ecc unrecoverable error
[   30.616638] ecc unrecoverable error
[   30.620452] ecc unrecoverable error
[   30.625274] ecc unrecoverable error
[   30.629119] ecc unrecoverable error
[   30.632904] ecc unrecoverable error
[   30.636627] ecc unrecoverable error
[   30.640869] ecc unrecoverable error
[   30.644622] ecc unrecoverable error
[   30.648437] ecc unrecoverable error
[   30.652191] ecc unrecoverable error
[   30.656372] ecc unrecoverable error
[   30.660217] ecc unrecoverable error
[   30.664398] ecc unrecoverable error
[   30.668212] ecc unrecoverable error
[   30.673065] ecc unrecoverable error
[   30.676849] ecc unrecoverable error
[   30.680664] ecc unrecoverable error
[   30.684417] ecc unrecoverable error
[   30.688690] ecc unrecoverable error
[   30.692443] ecc unrecoverable error
[   30.696197] ecc unrecoverable error
[   30.700012] ecc unrecoverable error
[   30.704254] ecc unrecoverable error
[   30.708068] ecc unrecoverable error
[   30.712280] ecc unrecoverable error
[   30.716033] ecc unrecoverable error
[   30.720947] ecc unrecoverable error
[   30.724731] ecc unrecoverable error
[   30.728546] ecc unrecoverable error
[   30.732269] ecc unrecoverable error
[   30.736511] ecc unrecoverable error
[   30.740325] ecc unrecoverable error
[   30.744079] ecc unrecoverable error
[   30.747894] ecc unrecoverable error
[   30.752105] ecc unrecoverable error
[   30.755859] ecc unrecoverable error
[   30.760101] ecc unrecoverable error
[   30.763854] ecc unrecoverable error
[   30.768768] ecc unrecoverable error
[   30.772521] ecc unrecoverable error
[   30.776275] ecc unrecoverable error
[   30.780090] ecc unrecoverable error
[   30.784271] ecc unrecoverable error
[   30.788085] ecc unrecoverable error
[   30.791870] ecc unrecoverable error
[   30.795623] ecc unrecoverable error
[   30.799896] ecc unrecoverable error
[   30.803649] ecc unrecoverable error
[   30.807922] ecc unrecoverable error
[   30.811676] ecc unrecoverable error
[   30.816528] ecc unrecoverable error
[   30.820373] ecc unrecoverable error
[   30.824157] ecc unrecoverable error
[   30.827911] ecc unrecoverable error
[   30.832153] ecc unrecoverable error
[   30.835937] ecc unrecoverable error
[   30.839752] ecc unrecoverable error
[   30.843536] ecc unrecoverable error
[   30.847839] ecc unrecoverable error
[   30.851593] ecc unrecoverable error
[   30.855804] ecc unrecoverable error
[   30.859649] ecc unrecoverable error
[   30.864501] ecc unrecoverable error
[   30.868347] ecc unrecoverable error
[   30.872131] ecc unrecoverable error
[   30.875854] ecc unrecoverable error
[   30.880126] ecc unrecoverable error
[   30.883880] ecc unrecoverable error
[   30.887664] ecc unrecoverable error
[   30.891479] ecc unrecoverable error
[   30.895690] ecc unrecoverable error
[   30.899536] ecc unrecoverable error
[   30.903747] ecc unrecoverable error
[   30.907501] ecc unrecoverable error
[   30.912384] ecc unrecoverable error
[   30.916168] ecc unrecoverable error
[   30.919982] ecc unrecoverable error
[   30.923736] ecc unrecoverable error
[   30.927978] ecc unrecoverable error
[   30.931762] ecc unrecoverable error
[   30.935516] ecc unrecoverable error
[   30.939331] ecc unrecoverable error
[   30.943572] ecc unrecoverable error
[   30.947326] ecc unrecoverable error
[   30.951599] ecc unrecoverable error
[   30.955352] ecc unrecoverable error
[   30.960266] ecc unrecoverable error
[   30.964050] ecc unrecoverable error
[   30.967895] ecc unrecoverable error
[   30.971649] ecc unrecoverable error
[   30.975891] ecc unrecoverable error
[   30.979736] ecc unrecoverable error
[   30.983489] ecc unrecoverable error
[   30.987243] ecc unrecoverable error
[   30.991516] ecc unrecoverable error
[   30.995269] ecc unrecoverable error
[   30.999542] ecc unrecoverable error
[   31.003326] ecc unrecoverable error
[   31.008483] ecc unrecoverable error
[   31.012268] ecc unrecoverable error
[   31.016021] ecc unrecoverable error
[   31.019866] ecc unrecoverable error
[   31.024108] ecc unrecoverable error
[   31.027954] ecc unrecoverable error
[   31.031707] ecc unrecoverable error
[   31.035461] ecc unrecoverable error
[   31.039733] ecc unrecoverable error
[   31.043487] ecc unrecoverable error
[   31.047668] ecc unrecoverable error
[   31.051544] ecc unrecoverable error
[   31.056396] ecc unrecoverable error
[   31.060241] ecc unrecoverable error
[   31.064025] ecc unrecoverable error
[   31.067840] ecc unrecoverable error
[   31.072082] ecc unrecoverable error
[   31.075836] ecc unrecoverable error
[   31.079681] ecc unrecoverable error
[   31.083435] ecc unrecoverable error
[   31.087646] ecc unrecoverable error
[   31.091461] ecc unrecoverable error
[   31.095672] ecc unrecoverable error
[   31.099517] ecc unrecoverable error
[   31.104400] ecc unrecoverable error
[   31.108245] ecc unrecoverable error
[   31.112030] ecc unrecoverable error
[   31.115753] ecc unrecoverable error
[   31.120025] ecc unrecoverable error
[   31.123809] ecc unrecoverable error
[   31.127563] ecc unrecoverable error
[   31.131378] ecc unrecoverable error
[   31.135620] ecc unrecoverable error
[   31.139465] ecc unrecoverable error
[   31.143676] ecc unrecoverable error
[   31.147460] ecc unrecoverable error
[   31.152374] ecc unrecoverable error
[   31.156158] ecc unrecoverable error
[   31.160003] ecc unrecoverable error
[   31.163726] ecc unrecoverable error
[   31.168029] ecc unrecoverable error
[   31.171813] ecc unrecoverable error
[   31.175567] ecc unrecoverable error
[   31.179382] ecc unrecoverable error
[   31.183593] ecc unrecoverable error
[   31.187377] ecc unrecoverable error
[   31.191650] ecc unrecoverable error
[   31.195404] ecc unrecoverable error
[   31.200286] ecc unrecoverable error
[   31.204071] ecc unrecoverable error
[   31.207916] ecc unrecoverable error
[   31.211639] ecc unrecoverable error
[   31.225097] ecc unrecoverable error
[   31.229095] ecc unrecoverable error
[   31.232879] ecc unrecoverable error
[   31.236633] ecc unrecoverable error
[   31.241119] ecc unrecoverable error
[   31.244903] ecc unrecoverable error
[   31.249359] ecc unrecoverable error
[   31.253143] ecc unrecoverable error
[   31.258544] ecc unrecoverable error
[   31.262298] ecc unrecoverable error
[   31.266052] ecc unrecoverable error
[   31.269927] ecc unrecoverable error
[   31.274291] ecc unrecoverable error
[   31.278167] ecc unrecoverable error
[   31.282470] ecc unrecoverable error
[   31.286224] ecc unrecoverable error
[   31.299224] ecc unrecoverable error
[   31.303009] ecc unrecoverable error
[   31.306732] ecc unrecoverable error
[   31.310668] ecc unrecoverable error
[   31.316497] ecc unrecoverable error
[   31.320465] ecc unrecoverable error
[   31.325805] ecc unrecoverable error
[   31.329742] ecc unrecoverable error
[   31.333496] ecc unrecoverable error
[   31.337280] ecc unrecoverable error
[   31.341644] ecc unrecoverable error
[   31.345397] ecc unrecoverable error
[   31.350433] ecc unrecoverable error
[   31.354187] ecc unrecoverable error
[   31.358062] ecc unrecoverable error
[   31.361816] ecc unrecoverable error
[   31.366058] ecc unrecoverable error
[   31.369903] ecc unrecoverable error
[   31.374755] ecc unrecoverable error
[   31.378631] ecc unrecoverable error
[   31.382385] ecc unrecoverable error
[   31.386138] ecc unrecoverable error
[   31.390411] ecc unrecoverable error
[   31.394195] ecc unrecoverable error
[   31.399078] ecc unrecoverable error
[   31.402862] ecc unrecoverable error
[   31.406616] ecc unrecoverable error
[   31.410430] ecc unrecoverable error
[   31.414642] ecc unrecoverable error
[   31.418487] ecc unrecoverable error
[   31.423309] ecc unrecoverable error
[   31.427062] ecc unrecoverable error
[   31.430908] ecc unrecoverable error
[   31.434661] ecc unrecoverable error
[   31.438903] ecc unrecoverable error
[   31.442657] ecc unrecoverable error
[   31.447479] ecc unrecoverable error
[   31.451324] ecc unrecoverable error
[   31.455078] ecc unrecoverable error
[   31.458892] ecc unrecoverable error
[   31.463104] ecc unrecoverable error
[   31.466857] ecc unrecoverable error
[   31.471679] ecc unrecoverable error
[   31.475463] ecc unrecoverable error
[   31.479309] ecc unrecoverable error
[   31.483062] ecc unrecoverable error
[   31.487243] ecc unrecoverable error
[   31.491088] ecc unrecoverable error
[   31.495910] ecc unrecoverable error
[   31.499755] ecc unrecoverable error
[   31.503540] ecc unrecoverable error
[   31.507293] ecc unrecoverable error
[   31.511566] ecc unrecoverable error
[   31.515350] ecc unrecoverable error
[   31.520233] ecc unrecoverable error
[   31.523986] ecc unrecoverable error
[   31.527801] ecc unrecoverable error
[   31.531585] ecc unrecoverable error
[   31.535797] ecc unrecoverable error
[   31.539611] ecc unrecoverable error
[   31.544464] ecc unrecoverable error
[   31.548278] ecc unrecoverable error
[   31.552032] ecc unrecoverable error
[   31.555786] ecc unrecoverable error
[   31.560028] ecc unrecoverable error
[   31.563812] ecc unrecoverable error
[   31.568695] ecc unrecoverable error
[   31.572448] ecc unrecoverable error
[   31.576202] ecc unrecoverable error
[   31.580017] ecc unrecoverable error
[   31.584228] ecc unrecoverable error
[   31.588043] ecc unrecoverable error
[   31.592834] ecc unrecoverable error
[   31.596618] ecc unrecoverable error
[   31.600433] ecc unrecoverable error
[   31.604187] ecc unrecoverable error
[   31.608398] ecc unrecoverable error
[   31.612182] ecc unrecoverable error
[   31.616973] ecc unrecoverable error
[   31.620819] ecc unrecoverable error
[   31.624572] ecc unrecoverable error
[   31.628387] ecc unrecoverable error
[   31.632629] ecc unrecoverable error
[   31.636383] ecc unrecoverable error
[   31.641601] ecc unrecoverable error
[   31.645385] ecc unrecoverable error
[   31.649230] ecc unrecoverable error
[   31.652984] ecc unrecoverable error
[   31.657257] ecc unrecoverable error
[   31.661102] ecc unrecoverable error
[   31.665985] ecc unrecoverable error
[   31.669830] ecc unrecoverable error
[   31.673614] ecc unrecoverable error
[   31.677368] ecc unrecoverable error
[   31.681640] ecc unrecoverable error
[   31.685394] ecc unrecoverable error
[   31.690368] ecc unrecoverable error
[   31.694122] ecc unrecoverable error
[   31.697937] ecc unrecoverable error
[   31.701721] ecc unrecoverable error
[   31.705932] ecc unrecoverable error
[   31.709747] ecc unrecoverable error
[   31.714569] ecc unrecoverable error
[   31.718414] ecc unrecoverable error
[   31.722167] ecc unrecoverable error
[   31.725952] ecc unrecoverable error
[   31.730163] ecc unrecoverable error
[   31.733947] ecc unrecoverable error
[   31.738830] ecc unrecoverable error
[   31.742584] ecc unrecoverable error
[   31.746337] ecc unrecoverable error
[   31.750183] ecc unrecoverable error
[   31.754425] ecc unrecoverable error
[   31.758239] ecc unrecoverable error
[   31.763061] ecc unrecoverable error
[   31.766815] ecc unrecoverable error
[   31.770660] ecc unrecoverable error
[   31.774414] ecc unrecoverable error
[   31.778686] ecc unrecoverable error
[   31.782440] ecc unrecoverable error
[   31.787261] ecc unrecoverable error
[   31.791076] ecc unrecoverable error
[   31.794860] ecc unrecoverable error
[   31.798675] ecc unrecoverable error
[   31.802886] ecc unrecoverable error
[   31.806640] ecc unrecoverable error
[   31.811553] ecc unrecoverable error
[   31.815307] ecc unrecoverable error
[   31.819152] ecc unrecoverable error
[   31.822937] ecc unrecoverable error
[   31.827117] ecc unrecoverable error
[   31.830963] ecc unrecoverable error
[   31.835784] ecc unrecoverable error
[   31.839599] ecc unrecoverable error
[   31.843383] ecc unrecoverable error
[   31.847137] ecc unrecoverable error
[   31.851348] ecc unrecoverable error
[   31.855133] ecc unrecoverable error
[   31.860015] ecc unrecoverable error
[   31.863769] ecc unrecoverable error
[   31.867553] ecc unrecoverable error
[   31.871368] ecc unrecoverable error
[   31.875610] ecc unrecoverable error
[   31.879455] ecc unrecoverable error
[   31.884277] ecc unrecoverable error
[   31.888092] ecc unrecoverable error
[   31.891845] ecc unrecoverable error
[   31.895629] ecc unrecoverable error
[   31.899871] ecc unrecoverable error
[   31.903656] ecc unrecoverable error
[   31.908538] ecc unrecoverable error
[   31.912292] ecc unrecoverable error
[   31.916046] ecc unrecoverable error
[   31.919860] ecc unrecoverable error
[   31.924072] ecc unrecoverable error
[   31.927886] ecc unrecoverable error
[   31.932708] ecc unrecoverable error
[   31.936492] ecc unrecoverable error
[   31.940307] ecc unrecoverable error
[   31.944061] ecc unrecoverable error
[   31.948303] ecc unrecoverable error
[   31.952056] ecc unrecoverable error
[   31.956970] ecc unrecoverable error
[   31.960815] ecc unrecoverable error
[   31.964538] ecc unrecoverable error
[   31.968353] ecc unrecoverable error
[   31.972564] ecc unrecoverable error
[   31.976348] ecc unrecoverable error
[   31.981262] ecc unrecoverable error
[   31.985046] ecc unrecoverable error
[   31.988861] ecc unrecoverable error
[   31.992614] ecc unrecoverable error
[   31.996856] ecc unrecoverable error
[   32.000701] ecc unrecoverable error
[   32.005645] ecc unrecoverable error
[   32.009490] ecc unrecoverable error
[   32.013275] ecc unrecoverable error
[   32.017028] ecc unrecoverable error
[   32.021301] ecc unrecoverable error
[   32.025085] ecc unrecoverable error
[   32.036682] ecc unrecoverable error
[   32.040710] ecc unrecoverable error
[   32.044464] ecc unrecoverable error
[   32.048278] ecc unrecoverable error
[   32.056396] ecc unrecoverable error
[   32.060394] ecc unrecoverable error
[   32.066009] ecc unrecoverable error
[   32.070068] ecc unrecoverable error
[   32.073852] ecc unrecoverable error
[   32.077636] ecc unrecoverable error
[   32.082702] ecc unrecoverable error
[   32.086486] ecc unrecoverable error
[   32.091339] ecc unrecoverable error
[   32.095092] ecc unrecoverable error
[   32.098968] ecc unrecoverable error
[   32.102722] ecc unrecoverable error
[   32.107025] ecc unrecoverable error
[   32.110931] ecc unrecoverable error
[   32.115173] ecc unrecoverable error
[   32.119018] ecc unrecoverable error
[   32.122772] ecc unrecoverable error
[   32.126525] ecc unrecoverable error
[   32.130798] ecc unrecoverable error
[   32.134552] ecc unrecoverable error
[   32.138824] ecc unrecoverable error
[   32.142578] ecc unrecoverable error
[   32.146301] ecc unrecoverable error
[   32.150146] ecc unrecoverable error
[   32.154327] ecc unrecoverable error
[   32.158172] ecc unrecoverable error
[   32.162353] ecc unrecoverable error
[   32.166107] ecc unrecoverable error
[   32.169921] ecc unrecoverable error
[   32.173675] ecc unrecoverable error
[   32.177947] ecc unrecoverable error
[   32.181701] ecc unrecoverable error
[   32.185882] ecc unrecoverable error
[   32.189727] ecc unrecoverable error
[   32.193481] ecc unrecoverable error
[   32.197235] ecc unrecoverable error
[   32.201446] ecc unrecoverable error
[   32.205230] ecc unrecoverable error
[   32.210052] ecc unrecoverable error
[   32.213836] ecc unrecoverable error
[   32.217559] ecc unrecoverable error
[   32.221435] ecc unrecoverable error
[   32.225860] ecc unrecoverable error
[   32.229736] ecc unrecoverable error
[   32.234008] ecc unrecoverable error
[   32.237854] ecc unrecoverable error
[   32.241607] ecc unrecoverable error
[   32.245361] ecc unrecoverable error
[   32.249633] ecc unrecoverable error
[   32.253417] ecc unrecoverable error
[   32.257598] ecc unrecoverable error
[   32.261413] ecc unrecoverable error
[   32.265167] ecc unrecoverable error
[   32.268981] ecc unrecoverable error
[   32.273193] ecc unrecoverable error
[   32.276947] ecc unrecoverable error
[   32.281188] ecc unrecoverable error
[   32.284973] ecc unrecoverable error
[   32.288757] ecc unrecoverable error
[   32.292510] ecc unrecoverable error
[   32.296722] ecc unrecoverable error
[   32.300537] ecc unrecoverable error
[   32.304718] ecc unrecoverable error
[   32.308563] ecc unrecoverable error
[   32.312286] ecc unrecoverable error
[   32.316040] ecc unrecoverable error
[   32.320281] ecc unrecoverable error
[   32.324035] ecc unrecoverable error
[   32.328338] ecc unrecoverable error
[   32.332092] ecc unrecoverable error
[   32.335845] ecc unrecoverable error
[   32.339660] ecc unrecoverable error
[   32.343872] ecc unrecoverable error
[   32.347625] ecc unrecoverable error
[   32.351867] ecc unrecoverable error
[   32.355621] ecc unrecoverable error
[   32.359436] ecc unrecoverable error
[   32.363220] ecc unrecoverable error
[   32.367401] ecc unrecoverable error
[   32.371215] ecc unrecoverable error
[   32.375396] ecc unrecoverable error
[   32.379241] ecc unrecoverable error
[   32.382965] ecc unrecoverable error
[   32.386749] ecc unrecoverable error
[   32.390960] ecc unrecoverable error
[   32.394744] ecc unrecoverable error
[   32.398956] ecc unrecoverable error
[   32.402709] ecc unrecoverable error
[   32.406463] ecc unrecoverable error
[   32.410278] ecc unrecoverable error
[   32.414459] ecc unrecoverable error
[   32.418304] ecc unrecoverable error
[   32.422485] ecc unrecoverable error
[   32.426239] ecc unrecoverable error
[   32.430023] ecc unrecoverable error
[   32.433807] ecc unrecoverable error
[   32.438018] ecc unrecoverable error
[   32.441802] ecc unrecoverable error
[   32.445953] ecc unrecoverable error
[   32.449768] ecc unrecoverable error
[   32.453521] ecc unrecoverable error
[   32.457275] ecc unrecoverable error
[   32.461486] ecc unrecoverable error
[   32.465240] ecc unrecoverable error
[   32.469482] ecc unrecoverable error
[   32.473236] ecc unrecoverable error
[   32.476989] ecc unrecoverable error
[   32.480804] ecc unrecoverable error
[   32.485046] ecc unrecoverable error
[   32.488891] ecc unrecoverable error
[   32.493072] ecc unrecoverable error
[   32.496826] ecc unrecoverable error
[   32.500640] ecc unrecoverable error
[   32.504425] ecc unrecoverable error
[   32.508636] ecc unrecoverable error
[   32.512390] ecc unrecoverable error
[   32.516571] ecc unrecoverable error
[   32.520385] ecc unrecoverable error
[   32.524139] ecc unrecoverable error
[   32.527954] ecc unrecoverable error
[   32.532135] ecc unrecoverable error
[   32.535919] ecc unrecoverable error
[   32.540130] ecc unrecoverable error
[   32.543914] ecc unrecoverable error
[   32.547637] ecc unrecoverable error
[   32.551452] ecc unrecoverable error
[   32.555633] ecc unrecoverable error
[   32.559478] ecc unrecoverable error
[   32.563629] ecc unrecoverable error
[   32.567382] ecc unrecoverable error
[   32.571197] ecc unrecoverable error
[   32.574951] ecc unrecoverable error
[   32.579162] ecc unrecoverable error
[   32.582946] ecc unrecoverable error
[   32.587127] ecc unrecoverable error
[   32.590942] ecc unrecoverable error
[   32.594696] ecc unrecoverable error
[   32.598510] ecc unrecoverable error
[   32.602691] ecc unrecoverable error
[   32.606445] ecc unrecoverable error
[   32.610687] ecc unrecoverable error
[   32.614440] ecc unrecoverable error
[   32.618225] ecc unrecoverable error
[   32.622009] ecc unrecoverable error
[   32.626190] ecc unrecoverable error
[   32.630004] ecc unrecoverable error
[   32.634185] ecc unrecoverable error
[   32.638000] ecc unrecoverable error
[   32.641723] ecc unrecoverable error
[   32.645507] ecc unrecoverable error
[   32.649719] ecc unrecoverable error
[   32.653472] ecc unrecoverable error
[   32.657653] ecc unrecoverable error
[   32.661468] ecc unrecoverable error
[   32.665222] ecc unrecoverable error
[   32.669006] ecc unrecoverable error
[   32.682159] ecc unrecoverable error
[   32.685974] ecc unrecoverable error
[   32.690582] ecc unrecoverable error
[   32.694335] ecc unrecoverable error
[   32.699005] ecc unrecoverable error
[   32.702758] ecc unrecoverable error
[   32.707000] ecc unrecoverable error
[   32.710906] ecc unrecoverable error
[   32.715148] ecc unrecoverable error
[   32.718994] ecc unrecoverable error
[   32.723205] ecc unrecoverable error
[   32.726989] ecc unrecoverable error
[   32.731201] ecc unrecoverable error
[   32.734985] ecc unrecoverable error
[   32.739196] ecc unrecoverable error
[   32.742950] ecc unrecoverable error
Starting Dropbear SSH server: dropbear.
Starting telnet daemon.
Starting network benchmark server: netserver.
Starting syslogd/klogd: done
Starting thttpd.
Starting Lighttpd Web Server: lighttpd.
2016-04-21 22:49:07: (log.c.166) server started 
Starting Matrix GUI application.
***************************************************************
***************************************************************
NOTICE: This file system contains the followin GPLv3 packages:
	binutils-dev
	binutils-symlinks
	binutils
	gdbserver
If you do not wish to distribute GPLv3 components please remove
the above packages prior to distribution.  This can be done using
the opkg remove command.  i.e.:
    opkg remove <package>
Where <package> is the name printed in the list above
NOTE: If the package is a dependency of another package you
      will be notified of the dependent packages.  You should
      use the --force-removal-of-depen
 _____                    _____           _         _   
|  _  |___ ___ ___ ___   |  _  |___ ___  |_|___ ___| |_ 
|     |  _| .'| . | . |  |   __|  _| . | | | -_|  _|  _|
|__|__|_| |__,|_  |___|  |__|  |_| |___|_| |___|___|_|  
              |___|                    |___|            
Arago Project http://arago-project.org am37x-evm ttyO0
Arago 2011.09 am37x-evm ttyO0
am37x-evm login: 
- 07:00:27 [INFO] Host: root
- 07:00:27 [INFO] Target: 
root
root@am37x-evm:~# 
- 07:00:27 [INFO] Sleeping 15 secs to allow systemd to finish starting processes...
- 07:00:42 [INFO] Disconnected serial from am37x-evm
- 07:00:42 [INFO] Connected to am37x-evm via serial 
- 07:00:42 [INFO] Host: uname -a
- 07:00:43 [INFO] Target: 
uname -a
Linux am37x-evm 4.7.0-rc5-next-20160629-00002-gb2415e4d095f #1 SMP Wed Jun 29 06:22:39 CDT 2016 armv7l unknown
root@am37x-evm:~# 
- 07:00:43 [INFO] Host: cat /proc/cmdline
- 07:00:43 [INFO] Target: 
cat /proc/cmdline
console=ttyO0,115200n8 earlyprintk=serial,ttyO0,115200n8   ip=:::::eth0:dhcp  root=/dev/mmcblk0p2 rw rootfstype=ext3 rootwait 
root@am37x-evm:~# 
- 07:00:43 [INFO] Host: uname -a
- 07:00:43 [INFO] Target: 
uname -a
Linux am37x-evm 4.7.0-rc5-next-20160629-00002-gb2415e4d095f #1 SMP Wed Jun 29 06:22:39 CDT 2016 armv7l unknown
root@am37x-evm:~# 
- 07:00:43 [INFO] Host: cat /proc/mtd
- 07:00:43 [INFO] Target: 
cat /proc/mtd
dev:    size   erasesize  name
mtd0: 00080000 00020000 "X-Loader"
mtd1: 001c0000 00020000 "U-Boot"
mtd2: 00040000 00020000 "Environment"
mtd3: 00500000 00020000 "Kernel"
mtd4: 1f880000 00020000 "Filesystem"
root@am37x-evm:~# 
- 07:00:43 [INFO] Host: export IPERFHOST=192.168.0.1
- 07:00:43 [INFO] Target: 
export IPERFHOST=192.168.0.1
root@am37x-evm:~# 
- 07:00:43 [INFO] Host: export NFS_SERVER=192.168.0.1
- 07:00:44 [INFO] Target: 
export NFS_SERVER=192.168.0.1
root@am37x-evm:~# 
- 07:00:44 [INFO] Host: export NFS_ROOT_PATH=/home/tigtfarm06/NFS_exports/linux/am37x-evm
- 07:00:44 [INFO] Target: 
export NFS_ROOT_PATH=/home/tigtfarm06/NFS_exports/linux/am37x-
root@am37x-evm:~# 
- 07:00:44 [INFO] Host: export AP_SSID=
- 07:00:44 [INFO] Target: 
export AP_SSID=
root@am37x-evm:~# 
- 07:00:44 [INFO] Host: mkdir -p -m 777 /test
- 07:00:44 [INFO] Target: 
mkdir -p -m 777 /test
root@am37x-evm:~# 
- 07:00:44 [INFO] Host: cd /test
- 07:00:44 [INFO] Target: 
cd /test
root@am37x-evm:/test# 
- 07:00:44 [INFO] Host: cat > test.sh << EOF
- 07:00:44 [INFO] Target: 
cat > test.sh << EOF
- 07:00:44 [INFO] Host: failtest() {
- 07:00:44 [INFO] Target: 
failtest() {
- 07:00:44 [INFO] Host:   echo 1 >&3
- 07:00:44 [INFO] Target: 
  echo 1 >&3
- 07:00:44 [INFO] Host: }
- 07:00:44 [INFO] Target: 
- 07:00:44 [INFO] Host: timeout=600
- 07:00:44 [INFO] Target: 
timeout=600
- 07:00:44 [INFO] Host: 
- 07:00:45 [INFO] Target: 
- 07:00:45 [INFO] Host: # Start of user's script logic
- 07:00:45 [INFO] Target: 
# Start of user's script logic
- 07:00:45 [INFO] Host: mount -t proc proc /proc 2>/dev/null;
- 07:00:45 [INFO] Target: 
mount -t proc proc /proc 2>/dev/null;
- 07:00:45 [INFO] Host: 
- 07:00:45 [INFO] Target: 
- 07:00:45 [INFO] Host: mount -t sysfs sys /sys 2>/dev/null;
- 07:00:45 [INFO] Target: 
mount -t sysfs sys /sys 2>/dev/null;
- 07:00:45 [INFO] Host: 
- 07:00:45 [INFO] Target: 
- 07:00:45 [INFO] Host: mount -t debugfs none /sys/kernel/debug 2>/dev/null;
- 07:00:45 [INFO] Target: 
mount -t debugfs none /sys/kernel/debug 2>/dev/null;
- 07:00:45 [INFO] Host: 
- 07:00:45 [INFO] Target: 
- 07:00:45 [INFO] Host: echo 'cpuinfo:';cat /proc/cpuinfo; echo '=======';
- 07:00:45 [INFO] Target: 
echo 'cpuinfo:';cat /proc/cpuinfo; echo '=======';
- 07:00:45 [INFO] Host: 
- 07:00:45 [INFO] Target: 
- 07:00:45 [INFO] Host: echo 'soc info:';head /sys/devices/soc0/* 2>/dev/null; echo '=======';
- 07:00:46 [INFO] Target: 
echo 'soc info:';head /sys/devices/soc0/* 2>/dev/null; echo '=======';
- 07:00:46 [INFO] Host: 
- 07:00:46 [INFO] Target: 
- 07:00:46 [INFO] Host: echo 'DT Model info'; head /proc/device-tree/name /proc/device-tree/model /proc/device-tree/compatible 2>/dev/null;echo; echo '=======';
- 07:00:46 [INFO] Target: 
echo 'DT Model info'; head /proc/device-tree/name /proc/device-tree/model /pro
c/device-tree/compatible 2>/dev/null;echo; echo '=======';
- 07:00:46 [INFO] Host: 
- 07:00:46 [INFO] Target: 
- 07:00:46 [INFO] Host: echo 'interrupts:';cat /proc/interrupts; echo '=======';
- 07:00:46 [INFO] Target: 
echo 'interrupts:';cat /proc/interrupts; echo '=======';
- 07:00:46 [INFO] Host: 
- 07:00:46 [INFO] Target: 
- 07:00:46 [INFO] Host: echo 'Clk_summary:';cat /sys/kernel/debug/clk/clk_summary; echo '=======';
- 07:00:46 [INFO] Target: 
echo 'Clk_summary:';cat /sys/kernel/debug/clk/clk_summary; echo '=======';
- 07:00:46 [INFO] Host: 
- 07:00:46 [INFO] Target: 
- 07:00:46 [INFO] Host: echo "Available frequencies"; cat /sys/devices/system/cpu/cpu0/cpufreq/scaling_available_frequencies 2>/dev/null;echo '=======';
- 07:00:46 [INFO] Target: 
echo "Available frequencies"; cat /sys/devices/system/cpu/cpu0/cpufreq/scaling
_available_frequencies 2>/dev/null;echo '=======';
- 07:00:46 [INFO] Host: 
- 07:00:46 [INFO] Target: 
- 07:00:46 [INFO] Host: TMPF=/tmp/a.\$\$; TMPF2=/tmp/b.\$\$; STR=""
- 07:00:47 [INFO] Target: 
TMPF=/tmp/a.\$\$; TMPF2=/tmp/b.\$\$; STR=""
- 07:00:47 [INFO] Host: 
- 07:00:47 [INFO] Target: 
- 07:00:47 [INFO] Host: cp /dev/kmsg \$TMPF &
- 07:00:47 [INFO] Target: 
cp /dev/kmsg \$TMPF &
- 07:00:47 [INFO] Host: 
- 07:00:47 [INFO] Target: 
- 07:00:47 [INFO] Host: PID=\$! ; sleep 5; kill -9 \$PID
- 07:00:47 [INFO] Target: 
PID=\$! ; sleep 5; kill -9 \$PID
- 07:00:47 [INFO] Host: 
- 07:00:47 [INFO] Target: 
- 07:00:47 [INFO] Host: 
- 07:00:47 [INFO] Target: 
- 07:00:47 [INFO] Host: 
- 07:00:47 [INFO] Target: 
- 07:00:47 [INFO] Host: cat \$TMPF|grep "^0">\$TMPF2; N=\`cat \$TMPF2|wc -l\`; if [ "\$N" -ne 0 ]; then STR="\$STR emerg=\$N";echo "===== EMERGE++";cat \$TMPF2|cut -d ';' -f2;echo "====="; fi
- 07:00:47 [INFO] Target: 
cat \$TMPF|grep "^0">\$TMPF2; N=\`cat \$TMPF2|wc -l\`; if [ "\$N" -ne 0 ]; the
n STR="\$STR emerg=\$N";echo "===== EMERGE++";cat \$TMPF2|cut -d ';' -f2;echo "=
===="; fi
- 07:00:47 [INFO] Host: 
- 07:00:47 [INFO] Target: 
- 07:00:47 [INFO] Host: cat \$TMPF|grep "^1">\$TMPF2; N=\`cat \$TMPF2|wc -l\`; if [ "\$N" -ne 0 ]; then STR="\$STR alert=\$N";echo "===== ALERT ==";cat \$TMPF2|cut -d ';' -f2;echo "====="; fi
- 07:00:48 [INFO] Target: 
cat \$TMPF|grep "^1">\$TMPF2; N=\`cat \$TMPF2|wc -l\`; if [ "\$N" -ne 0 ]; the
n STR="\$STR alert=\$N";echo "===== ALERT ==";cat \$TMPF2|cut -d ';' -f2;echo "=
===="; fi
- 07:00:48 [INFO] Host: 
- 07:00:48 [INFO] Target: 
- 07:00:48 [INFO] Host: cat \$TMPF|grep "^2">\$TMPF2; N=\`cat \$TMPF2|wc -l\`; if [ "\$N" -ne 0 ]; then STR="\$STR crit=\$N";echo "===== CRIT ==";cat \$TMPF2|cut -d ';' -f2;echo "====="; fi
- 07:00:48 [INFO] Target: 
cat \$TMPF|grep "^2">\$TMPF2; N=\`cat \$TMPF2|wc -l\`; if [ "\$N" -ne 0 ]; the
n STR="\$STR crit=\$N";echo "===== CRIT ==";cat \$TMPF2|cut -d ';' -f2;echo "===
=="; fi
- 07:00:48 [INFO] Host: 
- 07:00:48 [INFO] Target: 
- 07:00:48 [INFO] Host: cat \$TMPF|grep "^3">\$TMPF2; N=\`cat \$TMPF2|wc -l\`; if [ "\$N" -ne 0 ]; then STR="\$STR err=\$N";echo "===== ERR ==";cat \$TMPF2|cut -d ';' -f2;echo "=====" ;fi
- 07:00:48 [INFO] Target: 
cat \$TMPF|grep "^3">\$TMPF2; N=\`cat \$TMPF2|wc -l\`; if [ "\$N" -ne 0 ]; the
n STR="\$STR err=\$N";echo "===== ERR ==";cat \$TMPF2|cut -d ';' -f2;echo "=====
" ;fi
- 07:00:48 [INFO] Host: 
- 07:00:48 [INFO] Target: 
- 07:00:48 [INFO] Host: cat \$TMPF|grep "^4">\$TMPF2; N=\`cat \$TMPF2|wc -l\`; if [ "\$N" -ne 0 ]; then STR="\$STR warn=\$N";echo "===== WARN ==";cat \$TMPF2|cut -d ';' -f2;echo "=====" ;fi
- 07:00:48 [INFO] Target: 
cat \$TMPF|grep "^4">\$TMPF2; N=\`cat \$TMPF2|wc -l\`; if [ "\$N" -ne 0 ]; the
n STR="\$STR warn=\$N";echo "===== WARN ==";cat \$TMPF2|cut -d ';' -f2;echo "===
==" ;fi
- 07:00:48 [INFO] Host: 
- 07:00:48 [INFO] Target: 
- 07:00:48 [INFO] Host: rm \$TMPF \$TMPF2; echo "SUM""MARY RESULT: BOOT:" 'PASS: H''ello World' 'B''oard' "Booted" "Boot Log has::::\$STR:"
- 07:00:48 [INFO] Target: 
rm \$TMPF \$TMPF2; echo "SUM""MARY RESULT: BOOT:" 'PASS: H''ello World' 'B''oa
rd' "Booted" "Boot Log has::::\$STR:"
- 07:00:48 [INFO] Host: 
- 07:00:49 [INFO] Target: 
- 07:00:49 [INFO] Host: EOF
- 07:00:49 [INFO] Target: 
root@am37x-evm:/test# 
- 07:00:49 [INFO] Host: cd /test
- 07:00:49 [INFO] Target: 
cd /test
root@am37x-evm:/test# 
- 07:00:49 [INFO] Host: chmod +x test.sh
- 07:00:49 [INFO] Target: 
chmod +x test.sh
root@am37x-evm:/test# 
- 07:00:49 [INFO] Host: ./test.sh 2> stderr.log > stdout.log 3> result.log
- 07:00:54 [INFO] Target: 
./test.sh 2> stderr.log > stdout.log 3> result.log
root@am37x-evm:/test# 
- 07:00:54 [INFO] Host: echo $?
- 07:00:55 [INFO] Target: 
echo $?
root@am37x-evm:/test# 
- 07:00:55 [INFO] Host: cd /test
- 07:00:55 [INFO] Target: 
cd /test
root@am37x-evm:/test# 
- 07:00:55 [INFO] Host: cat stdout.log
- 07:00:59 [INFO] Target: 
cat stdout.log
cpuinfo:
processor	: 0
model name	: ARMv7 Processor rev 2 (v7l)
BogoMIPS	: 594.73
Features	: half thumb fastmult vfp edsp thumbee neon vfpv3 tls vfpd32 
CPU implementer	: 0x41
CPU architecture: 7
CPU variant	: 0x3
CPU part	: 0xc08
CPU revision	: 2
Hardware	: Generic OMAP36xx (Flattened Device Tree)
Revision	: 0000
Serial		: 0000000000000000
=======
soc info:
==> /sys/devices/soc0/family <==
OMAP3
==> /sys/devices/soc0/machine <==
OMAP3630
==> /sys/devices/soc0/power <==
==> /sys/devices/soc0/revision <==
ES1.2
==> /sys/devices/soc0/subsystem <==
==> /sys/devices/soc0/type <==
==> /sys/devices/soc0/uevent <==
=======
DT Model info
==> /proc/device-tree/name <==
==> /proc/device-tree/model <==
TI OMAP37XX EVM (TMDSEVM3730)
==> /proc/device-tree/compatible <==
ti,omap3-evm-37xxti,omap3630ti,omap3
=======
interrupts:
           CPU0       
 23:          0      INTC   7 Edge      TWL4030-PIH
 25:          0      INTC   9 Edge      l3-debug-irq
 26:          0      INTC  10 Edge      l3-app-irq
 28:          0      INTC  12 Edge      DMA
 29:       4289      INTC  13 Edge      omap-dma-engine
 36:          0      INTC  20 Edge      gpmc
 40:          0      INTC  24 Edge      480bd400.mmu
 45:          0      INTC  29 Edge      48310000.gpio
 46:          0      INTC  30 Edge      49050000.gpio
 47:          0      INTC  31 Edge      49052000.gpio
 48:          0      INTC  32 Edge      49054000.gpio
 49:          0      INTC  33 Edge      49056000.gpio
 50:         18      INTC  34 Edge      49058000.gpio
 53:       3546      INTC  37 Edge      gp_timer
 72:        976      INTC  56 Edge      48070000.i2c
 73:          0      INTC  57 Edge      48072000.i2c
 77:          0      INTC  61 Edge      48060000.i2c
 88:       7860      INTC  72 Edge      OMAP UART0
 99:       6764      INTC  83 Edge      mmc0
102:        144      INTC  86 Edge      mmc1
288:         18  49058000.gpio  16 Level     eth0
306:        822      PRCM Edge      pm_wkup
315:         68      PRCM Edge      pinctrl, pinctrl, pinctrl, pm_io
338:          0   pinctrl 338 Edge      4806a000.serial
341:          0   twl4030   0 Edge      twl4030_gpio
346:          0   twl4030   5 Edge      twl4030_power
375:         22   pinctrl 282 Edge      4809c000.mmc
IPI0:          0  CPU wakeup interrupts
IPI1:          0  Timer broadcast interrupts
IPI2:          0  Rescheduling interrupts
IPI3:          0  Function call interrupts
IPI4:          0  CPU stop interrupts
IPI5:          0  IRQ work interrupts
IPI6:          0  completion interrupts
Err:          0
=======
Clk_summary:
   clock                         enable_cnt  prepare_cnt        rate   accuracy   phase
----------------------------------------------------------------------------------------
 secure_32k_fck                           0            1       32768          0 0  
    wdt1_fck                              0            0       32768          0 0  
    gpt12_fck                             0            1       32768          0 0  
 dummy_ck                                 0            0           0          0 0  
 mcbsp_clks                               0            5           0          0 0  
 sys_altclk                               0            0           0          0 0  
 virt_38_4m_ck                            0            0    38400000          0 0  
 virt_26000000_ck                         1            1    26000000          0 0  
    osc_sys_ck                            1            1    26000000          0 0  
       sys_clkout1                        0            0    26000000          0 0  
       sys_ck                             3           18    13000000          0 0  
          gpt9_fck                        0            1    13000000          0 0  
          gpt8_fck                        0            1    13000000          0 0  
          gpt7_fck                        0            1    13000000          0 0  
          gpt6_fck                        0            1    13000000          0 0  
          gpt5_fck                        0            1    13000000          0 0  
          gpt4_fck                        0            1    13000000          0 0  
          gpt3_fck                        0            1    13000000          0 0  
          gpt2_fck                        0            1    13000000          0 0  
          cpefuse_fck                     0            0    13000000          0 0  
          dpll5_ck                        0            1   120000000          0 0  
             dpll5_m2_ck                  0            1   120000000          0 0  
                dpll5_m2_d20_ck           0            0     6000000          0 0  
                dpll5_m2_d16_ck           0            0     7500000          0 0  
                dpll5_m2_d8_ck            0            0    15000000          0 0  
                dpll5_m2_d4_ck            0            0    30000000          0 0  
                usbhost_120m_fck           0            0   120000000          0 0  
                usbtll_fck                0            1   120000000          0 0  
          sys_d2_ck                       0            0     6500000          0 0  
             usim_fck                     0            0     6500000          0 0  
          modem_fck                       0            0    13000000          0 0  
          dpll2_ck                        0            1   260000000          0 0  
             dpll2_m2_ck                  0            1   260000000          0 0  
                iva2_ck                   0            2   260000000          0 0  
          sr2_fck                         0            1    13000000          0 0  
          sr1_fck                         0            1    13000000          0 0  
          traceclk_src_fck                0            0    13000000          0 0  
             traceclk_fck                 0            0    13000000          0 0  
          emu_src_mux_ck                  0            1    13000000          0 0  
             emu_src_ck                   0            1    13000000          0 0  
                atclk_fck                 0            0    13000000          0 0  
                pclkx2_fck                0            0    13000000          0 0  
                pclk_fck                  0            0     6500000          0 0  
          dss2_alwon_fck                  0            2    13000000          0 0  
          dpll1_ck                        0            1   600000000          0 0  
             dpll1_x2_ck                  0            1  1200000000          0 0  
                dpll1_x2m2_ck             0            1  1200000000          0 0  
                   mpu_ck                 0            1  1200000000          0 0  
                      emu_mpu_alwon_ck           0            0  1200000000          0 0  
                      arm_fck             0            1   600000000          0 0  
          dpll3_ck                        1            1   400000000          0 0  
             dpll3_x2_ck                  0            0   800000000          0 0  
             dpll3_m2_ck                  1            2   400000000          0 0  
                dpll3_m2x2_ck             0            1   800000000          0 0  
                   corex2_fck             0            1   800000000          0 0  
                      ssi_ssr_fck_3430es2           0            1   266666667          0 0  
                         ssi_sst_fck_3430es2           0            0   133333333          0 0  
                      corex2_d5_fck           0            0   160000000          0 0  
                      corex2_d3_fck           0            0   266666666          0 0  
                core_ck                   1            1   400000000          0 0  
                   core_d2_ck             0            0   200000000          0 0  
                      sgx_fck             0            0   200000000          0 0  
                   core_d6_ck             0            0    66666666          0 0  
                   core_d4_ck             0            0   100000000          0 0  
                   core_d3_ck             0            0   133333333          0 0  
                   dpll2_fck              0            0   400000000          0 0  
                   l3_ick                 2            3   200000000          0 0  
                      sgx_ick             0            0   200000000          0 0  
                      mad2d_ick           0            0   200000000          0 0  
                      sad2d_ick           0            1   200000000          0 0  
                      security_l3_ick           0            0   200000000          0 0  
                         pka_ick           0            0   200000000          0 0  
                      core_l3_ick           8           10   200000000          0 0  
                         hsotgusb_ick_3430es2           0            1   200000000          0 0  
                         gpmc_fck           2            2   200000000          0 0  
                         sdrc_ick           1            1   200000000          0 0  
                      l4_ick              7            8   100000000          0 0  
                         usbhost_ick           1            1   100000000          0 0  
                         dss_ick_3430es2           4            6   100000000          0 0  
                         sr_l4_ick           2            2   100000000          0 0  
                         ssi_l4_ick           1            1   100000000          0 0  
                            ssi_ick_3430es2           1            1   100000000          0 0  
                         cam_ick           0            1   100000000          0 0  
                         security_l4_ick2           0            0   100000000          0 0  
                            des1_ick           0            0   100000000          0 0  
                            sha11_ick           0            0   100000000          0 0  
                            rng_ick           0            0   100000000          0 0  
                            aes1_ick           0            0   100000000          0 0  
                         per_l4_ick          15           18   100000000          0 0  
                            mcbsp4_ick           1            1   100000000          0 0  
                            mcbsp3_ick           2            3   100000000          0 0  
                            mcbsp2_ick           2            3   100000000          0 0  
                            gpt2_ick           1            1   100000000          0 0  
                            gpt3_ick           1            1   100000000          0 0  
                            gpt4_ick           1            1   100000000          0 0  
                            gpt5_ick           1            1   100000000          0 0  
                            gpt6_ick           1            1   100000000          0 0  
                            gpt7_ick           1            1   100000000          0 0  
                            gpt8_ick           1            1   100000000          0 0  
                            gpt9_ick           1            1   100000000          0 0  
                            uart4_ick           1            1   100000000          0 0  
                            uart3_ick           1            1   100000000          0 0  
                            wdt3_ick           0            0   100000000          0 0  
                            gpio2_ick           0            1   100000000          0 0  
                            gpio3_ick           0            1   100000000          0 0  
                            gpio4_ick           0            1   100000000          0 0  
                            gpio5_ick           1            1   100000000          0 0  
                            gpio6_ick           1            1   100000000          0 0  
                         core_l4_ick          21           23   100000000          0 0  
                            mmchs3_ick           1            1   100000000          0 0  
                            usbtll_ick           1            1   100000000          0 0  
                            mailboxes_ick           0            1   100000000          0 0  
                            mspro_ick           0            0   100000000          0 0  
                            des2_ick           0            0   100000000          0 0  
                            icr_ick           0            0   100000000          0 0  
                            sha12_ick           1            2   100000000          0 0  
                            aes2_ick           1            2   100000000          0 0  
                            omapctrl_ick           1            1   100000000          0 0  
                            mcbsp1_ick           1            1   100000000          0 0  
                            mcbsp5_ick           1            1   100000000          0 0  
                            gpt10_ick           1            1   100000000          0 0  
                            gpt11_ick           1            1   100000000          0 0  
                            uart1_ick           1            1   100000000          0 0  
                            uart2_ick           1            1   100000000          0 0  
                            i2c1_ick           1            1   100000000          0 0  
                            i2c2_ick           1            1   100000000          0 0  
                            i2c3_ick           1            1   100000000          0 0  
                            mcspi1_ick           1            1   100000000          0 0  
                            mcspi2_ick           1            1   100000000          0 0  
                            mcspi3_ick           1            1   100000000          0 0  
                            mcspi4_ick           1            1   100000000          0 0  
                            hdq_ick           0            1   100000000          0 0  
                            mmchs1_ick           1            1   100000000          0 0  
                            mmchs2_ick           1            1   100000000          0 0  
                         rm_ick           0            0    50000000          0 0  
                   dpll1_fck              0            0   200000000          0 0  
             dpll3_m3_ck                  0            0   200000000          0 0  
                dpll3_m3x2_mul_ck           0            0   400000000          0 0  
                   dpll3_m3x2_ck           0            0   400000000          0 0  
                      emu_core_alwon_ck           0            0   400000000          0 0  
          dpll4_ck                        1            3   864000000          0 0  
             dpll4_x2_ck                  0            0  1728000000          0 0  
             dpll4_m6_ck                  0            0   288000000          0 0  
                dpll4_m6x2_mul_ck           0            0   288000000          0 0  
                   dpll4_m6x2_ck           0            0   288000000          0 0  
                      emu_per_alwon_ck           0            0   288000000          0 0  
             dpll4_m5_ck                  0            0   216000000          0 0  
                dpll4_m5x2_mul_ck           0            0   216000000          0 0  
                   dpll4_m5x2_ck           0            0   216000000          0 0  
                      cam_mclk            0            0   216000000          0 0  
             dpll4_m4_ck                  0            1    96000000          0 0  
                dpll4_m4x2_mul_ck           0            1    96000000          0 0  
                   dpll4_m4x2_ck           0            1    96000000          0 0  
                      dss1_alwon_fck_3430es2           0            4    96000000          0 0  
             dpll4_m3_ck                  0            1    54000000          0 0  
                dpll4_m3x2_mul_ck           0            1    54000000          0 0  
                   dpll4_m3x2_ck           0            1    54000000          0 0  
                      omap_54m_fck           0            1    54000000          0 0  
                         clkout2_src_ck           0            0    54000000          0 0  
                            sys_clkout2           0            0    54000000          0 0  
                         dss_tv_fck           0            2    54000000          0 0  
             dpll4_m2_ck                  1            1    96000000          0 0  
                dpll4_m2x2_mul_ck           1            1    96000000          0 0  
                   dpll4_m2x2_ck           1            1    96000000          0 0  
                      omap_192m_alwon_fck           0            0    96000000          0 0  
                      omap_96m_alwon_fck           1            2    96000000          0 0  
                         per_96m_fck           0            6    96000000          0 0  
                            mcbsp4_fck           0            1    96000000          0 0  
                            mcbsp3_fck           0            1    96000000          0 0  
                            mcbsp2_fck           0            1    96000000          0 0  
                         cm_96m_fck           2            2    96000000          0 0  
                            cm_96m_d2_fck           1            1    48000000          0 0  
                               omap_48m_fck           2            4    48000000          0 0  
                                  usbhost_48m_fck           0            1    48000000          0 0  
                                  per_48m_fck           2            2    48000000          0 0  
                                     uart4_fck           1            1    48000000          0 0  
                                     uart3_fck           1            1    48000000          0 0  
                                  core_48m_fck           2            6    48000000          0 0  
                                     uart1_fck           1            1    48000000          0 0  
                                     uart2_fck           1            1    48000000          0 0  
                                     mcspi1_fck           0            1    48000000          0 0  
                                     mcspi2_fck           0            1    48000000          0 0  
                                     mcspi3_fck           0            1    48000000          0 0  
                                     mcspi4_fck           0            1    48000000          0 0  
                                  omap_12m_fck           0            1    12000000          0 0  
                                     core_12m_fck           0            1    12000000          0 0  
                                        hdq_fck             0            1    12000000          0 0  
                            omap_96m_fck           1            2    96000000          0 0  
                               omap_96m_d10_fck           0            0     9600000          0 0  
                               omap_96m_d8_fck           0            0    12000000          0 0  
                               omap_96m_d4_fck           0            0    24000000          0 0  
                               omap_96m_d2_fck           0            0    48000000          0 0  
                               dss_96m_fck           0            2    96000000          0 0  
                               core_96m_fck           1           10    96000000          0 0  
                                  mcbsp1_fck           0            1    96000000          0 0  
                                  mcbsp5_fck           0            1    96000000          0 0  
                                  mmchs3_fck           0            1    96000000          0 0  
                                  mspro_fck           0            0    96000000          0 0  
                                  csi2_96m_fck           0            0    96000000          0 0  
                                  i2c1_fck           0            1    96000000          0 0  
                                  i2c2_fck           0            1    96000000          0 0  
