- 01:16:27 [INFO] Starting target session
- 01:16:27 [INFO] Connected to am37x-evm via serial 
- 01:16:27 [INFO] Host: #check prompt
- 01:16:30 [ERROR] On command: #check prompt waiting for #check prompt.+?(?-mix:((?-mix:login:)|[Pp]assword)) >>> error: execution expired
- 01:16:30 [INFO] Target: 
#check prompt
OMAP3_EVM # 
- 01:16:30 [INFO] Host: #check prompt
- 01:16:32 [ERROR] On command: #check prompt waiting for #check prompt.+?(?-mix:root@.+[@:#]+) >>> error: execution expired
- 01:16:32 [INFO] Target: 
#check prompt
OMAP3_EVM # 
- 01:16:32 [INFO] Host: #check prompt
- 01:16:34 [ERROR] On command: #check prompt waiting for #check prompt.+?(?-mix:root@.+[@:#]+) >>> error: execution expired
- 01:16:34 [INFO] Target: 
#check prompt
OMAP3_EVM # 
- 01:16:34 [INFO] Host: #check prompt
- 01:16:36 [ERROR] On command: #check prompt waiting for #check prompt.+?(?-mix:root@.+[@:#]+) >>> error: execution expired
- 01:16:36 [INFO] Target: 
#check prompt
OMAP3_EVM # 
- 01:16:36 [INFO] Disconnected serial from am37x-evm
- 01:16:37 [INFO] Connected to am37x-evm via serial 
- 01:16:37 [INFO] Host: 
- 01:16:39 [INFO] Target: 
U-Boot SPL 2015.07-00043-gaada495 (Nov 09 2015 - 12:23:36)
reading u-boot.img
reading u-boot.img
U-Boot 2015.07-00043-gaada495 (Nov 09 2015 - 12:23:36 -0500)
OMAP3630/3730-GP ES1.2, CPU-OPP2, L3-200MHz, Max CPU Clock 1 Ghz
OMAP3 EVM board + LPDDR/NAND
I2C:   ready
DRAM:  256 MiB
NAND:  512 MiB
MMC:   OMAP SD/MMC: 0
Error: Bad compare! failed
NAND read from offset 260000 failed -74
*** Warning - readenv() failed, using default environment
In:    serial
Out:   serial
Err:   serial
Read back SMSC id 0x92200000
Die ID #16d400029ff80000015f02690c019016
Net:   smc911x-0
Warning: Your board does not use generic board. Please read
doc/README.generic-board and take action. Boards not
upgraded by the late 2014 may break or be removed.
Hit any key to stop autoboot:  3  0 
OMAP3_EVM # 
OMAP3_EVM # 
OMAP3_EVM # 
OMAP3_EVM # 
OMAP3_EVM # 
- 01:16:39 [INFO] Host: 
- 01:16:39 [INFO] Target: 
OMAP3_EVM # 
- 01:16:39 [INFO] Host: version
- 01:16:39 [INFO] Target: 
OMAP3_EVM # version
U-Boot 2015.07-00043-gaada495 (Nov 09 2015 - 12:23:36 -0500)
arm-linux-gnueabihf-gcc (crosstool-NG linaro-1.13.1-4.7-2013.03-20130313 - Linaro GCC 2013.03) 4.7.3 20130226 (prerelease)
GNU ld (crosstool-NG linaro-1.13.1-4.7-2013.03-20130313 - Linaro GCC 2013.03) 2.23.1
OMAP3_EVM # 
- 01:16:39 [INFO] Host: setenv bootargs 'console=ttyO0,115200n8 earlyprintk=serial,ttyO0,115200n8  '
- 01:16:39 [INFO] Target: 
setenv bootargs 'console=ttyO0,115200n8 earlyprintk=serial,ttyO0,115200n8  '
OMAP3_EVM # 
- 01:16:39 [INFO] Host: setenv bootcmd  ''
- 01:16:39 [INFO] Target: 
setenv bootcmd  ''
OMAP3_EVM # 
- 01:16:39 [INFO] Host: setenv autoload 'no'
- 01:16:39 [INFO] Target: 
setenv autoload 'no'
OMAP3_EVM # 
- 01:16:39 [INFO] Host: setenv serverip '192.168.0.1'
- 01:16:39 [INFO] Target: 
setenv serverip '192.168.0.1'
OMAP3_EVM # 
- 01:16:39 [INFO] Host: printenv
- 01:16:39 [INFO] Target: 
printenv
autoload=no
baudrate=115200
bootargs=console=ttyO0,115200n8 earlyprintk=serial,ttyO0,115200n8  
bootcmd=
bootdelay=3
bootfile=uImage
bootscript=echo Running bootscript from mmc ...; source ${loadaddr}
console=ttyO0,115200n8
dieid#=16d400029ff80000015f02690c019016
ethact=smc911x-0
ethaddr=00:50:c2:7e:93:ba
loadaddr=0x82000000
loadbootscript=fatload mmc ${mmcdev} ${loadaddr} boot.scr
loaduimage=fatload mmc ${mmcdev} ${loadaddr} uImage
mmcargs=setenv bootargs console=${console} root=/dev/mmcblk0p2 rw rootfstype=ext3 rootwait
mmcboot=echo Booting from mmc ...; run mmcargs; bootm ${loadaddr}
mmcdev=0
nandargs=setenv bootargs console=${console} root=/dev/mtdblock4 rw rootfstype=jffs2
nandboot=echo Booting from nand ...; run nandargs; onenand read ${loadaddr} 280000 400000; bootm ${loadaddr}
serverip=192.168.0.1
stderr=serial
stdin=serial
stdout=serial
usbtty=cdc_acm
Environment size: 922/131068 bytes
OMAP3_EVM # 
- 01:16:39 [INFO] Host: setenv _initramfs -
- 01:16:40 [INFO] Target: 
setenv _initramfs -
OMAP3_EVM # 
- 01:16:40 [INFO] Host: printenv
- 01:16:40 [INFO] Target: 
printenv
_initramfs=-
autoload=no
baudrate=115200
bootargs=console=ttyO0,115200n8 earlyprintk=serial,ttyO0,115200n8  
bootcmd=
bootdelay=3
bootfile=uImage
bootscript=echo Running bootscript from mmc ...; source ${loadaddr}
console=ttyO0,115200n8
dieid#=16d400029ff80000015f02690c019016
ethact=smc911x-0
ethaddr=00:50:c2:7e:93:ba
loadaddr=0x82000000
loadbootscript=fatload mmc ${mmcdev} ${loadaddr} boot.scr
loaduimage=fatload mmc ${mmcdev} ${loadaddr} uImage
mmcargs=setenv bootargs console=${console} root=/dev/mmcblk0p2 rw rootfstype=ext3 rootwait
mmcboot=echo Booting from mmc ...; run mmcargs; bootm ${loadaddr}
mmcdev=0
nandargs=setenv bootargs console=${console} root=/dev/mtdblock4 rw rootfstype=jffs2
nandboot=echo Booting from nand ...; run nandargs; onenand read ${loadaddr} 280000 400000; bootm ${loadaddr}
serverip=192.168.0.1
stderr=serial
stdin=serial
stdout=serial
usbtty=cdc_acm
Environment size: 937/131068 bytes
OMAP3_EVM # 
- 01:16:40 [INFO] Host: setenv bootargs ''${bootargs}' ip=:::::eth0:dhcp '
- 01:16:40 [INFO] Target: 
setenv bootargs ''${bootargs}' ip=:::::eth0:dhcp '
OMAP3_EVM # 
- 01:16:40 [INFO] Host: setenv serverip '192.168.0.1'
- 01:16:40 [INFO] Target: 
setenv serverip '192.168.0.1'
OMAP3_EVM # 
- 01:16:40 [INFO] Host: setenv autoload 'no'
- 01:16:40 [INFO] Target: 
setenv autoload 'no'
OMAP3_EVM # 
- 01:16:40 [INFO] Host: dhcp
- 01:16:43 [INFO] Target: 
dhcp
smc911x: MAC 00:50:c2:7e:93:ba
smc911x: detected LAN9220 controller
smc911x: phy initialized
smc911x: MAC 00:50:c2:7e:93:ba
BOOTP broadcast 1
BOOTP broadcast 2
BOOTP broadcast 3
DHCP client bound to address 192.168.0.57 (1044 ms)
smc911x: MAC 00:50:c2:7e:93:ba
OMAP3_EVM # 
- 01:16:43 [INFO] Host: tftp ${loadaddr} 192.168.0.1:vatf_am37x-evm/b7af40a849b9ea6de4c235b19c7db9ff
- 01:16:45 [INFO] Target: 
tftp ${loadaddr} 192.168.0.1:vatf_am37x-evm/b7af40a849b9ea6de4c235b19c7db9ff
smc911x: MAC 00:50:c2:7e:93:ba
smc911x: detected LAN9220 controller
smc911x: phy initialized
smc911x: MAC 00:50:c2:7e:93:ba
Using smc911x-0 device
TFTP from server 192.168.0.1; our IP address is 192.168.0.57
Filename 'vatf_am37x-evm/b7af40a849b9ea6de4c235b19c7db9ff'.
Load address: 0x82000000
Loading: *#################################################################
	 #################################################################
	 #################################################################
	 #################################################################
	 3.3 MiB/s
done
Bytes transferred = 3826906 (3a64da hex)
smc911x: MAC 00:50:c2:7e:93:ba
OMAP3_EVM # 
- 01:16:45 [INFO] Host: ls mmc 0:1
- 01:16:46 [INFO] Target: 
ls mmc 0:1
ls - list files in a directory (default /)
Usage:
ls [ directory ]
OMAP3_EVM # 
- 01:16:46 [INFO] Host: ls mmc 0:2
- 01:16:46 [INFO] Target: 
ls mmc 0:2
ls - list files in a directory (default /)
Usage:
ls [ directory ]
OMAP3_EVM # 
- 01:16:46 [INFO] Host: ls mmc 0:3
- 01:16:46 [INFO] Target: 
ls mmc 0:3
ls - list files in a directory (default /)
Usage:
ls [ directory ]
OMAP3_EVM # 
- 01:16:46 [INFO] Host: ls mmc 0:4
- 01:16:46 [INFO] Target: 
ls mmc 0:4
ls - list files in a directory (default /)
Usage:
ls [ directory ]
OMAP3_EVM # 
- 01:16:46 [INFO] Host: ls mmc 0:5
- 01:16:46 [INFO] Target: 
ls mmc 0:5
ls - list files in a directory (default /)
Usage:
ls [ directory ]
OMAP3_EVM # 
- 01:16:46 [INFO] Host: part uuid mmc 0:
- 01:16:46 [INFO] Target: 
part uuid mmc 0:
Unknown command 'part' - try 'help'
OMAP3_EVM # 
- 01:16:46 [INFO] Host: printenv
- 01:16:46 [INFO] Target: 
printenv
_initramfs=-
autoload=no
baudrate=115200
bootargs=console=ttyO0,115200n8 earlyprintk=serial,ttyO0,115200n8   ip=:::::eth0:dhcp 
bootcmd=
bootdelay=3
bootfile=uImage
bootscript=echo Running bootscript from mmc ...; source ${loadaddr}
console=ttyO0,115200n8
dieid#=16d400029ff80000015f02690c019016
ethact=smc911x-0
ethaddr=00:50:c2:7e:93:ba
fileaddr=82000000
filesize=3a64da
gatewayip=192.168.0.1
ipaddr=192.168.0.57
loadaddr=0x82000000
loadbootscript=fatload mmc ${mmcdev} ${loadaddr} boot.scr
loaduimage=fatload mmc ${mmcdev} ${loadaddr} uImage
mmcargs=setenv bootargs console=${console} root=/dev/mmcblk0p2 rw rootfstype=ext3 rootwait
mmcboot=echo Booting from mmc ...; run mmcargs; bootm ${loadaddr}
mmcdev=0
nandargs=setenv bootargs console=${console} root=/dev/mtdblock4 rw rootfstype=jffs2
nandboot=echo Booting from nand ...; run nandargs; onenand read ${loadaddr} 280000 400000; bootm ${loadaddr}
netmask=255.255.255.0
serverip=192.168.0.1
stderr=serial
stdin=serial
stdout=serial
usbtty=cdc_acm
Environment size: 1064/131068 bytes
OMAP3_EVM # 
- 01:16:46 [INFO] Host: setenv bootargs ''${bootargs}' root=/dev/mmcblk0p2 rw rootfstype=ext3 rootwait '
- 01:16:46 [INFO] Target: 
setenv bootargs ''${bootargs}' root=/dev/mmcblk0p2 rw rootfstype=ext3 rootwait '
OMAP3_EVM # 
- 01:16:46 [INFO] Host: printenv
- 01:16:47 [INFO] Target: 
printenv
_initramfs=-
autoload=no
baudrate=115200
bootargs=console=ttyO0,115200n8 earlyprintk=serial,ttyO0,115200n8   ip=:::::eth0:dhcp  root=/dev/mmcblk0p2 rw rootfstype=ext3 rootwait 
bootcmd=
bootdelay=3
bootfile=uImage
bootscript=echo Running bootscript from mmc ...; source ${loadaddr}
console=ttyO0,115200n8
dieid#=16d400029ff80000015f02690c019016
ethact=smc911x-0
ethaddr=00:50:c2:7e:93:ba
fileaddr=82000000
filesize=3a64da
gatewayip=192.168.0.1
ipaddr=192.168.0.57
loadaddr=0x82000000
loadbootscript=fatload mmc ${mmcdev} ${loadaddr} boot.scr
loaduimage=fatload mmc ${mmcdev} ${loadaddr} uImage
mmcargs=setenv bootargs console=${console} root=/dev/mmcblk0p2 rw rootfstype=ext3 rootwait
mmcboot=echo Booting from mmc ...; run mmcargs; bootm ${loadaddr}
mmcdev=0
nandargs=setenv bootargs console=${console} root=/dev/mtdblock4 rw rootfstype=jffs2
nandboot=echo Booting from nand ...; run nandargs; onenand read ${loadaddr} 280000 400000; bootm ${loadaddr}
netmask=255.255.255.0
serverip=192.168.0.1
stderr=serial
stdin=serial
stdout=serial
usbtty=cdc_acm
Environment size: 1113/131068 bytes
OMAP3_EVM # 
- 01:16:47 [INFO] Host: setenv bootcmd ''${bootcmd}' if iminfo ${loadaddr}; then bootm ${loadaddr} ${_initramfs} ; else bootz ${loadaddr} ${_initramfs} ; bootm ${loadaddr} ${_initramfs} ; fi'
- 01:16:47 [INFO] Target: 
setenv bootcmd ''${bootcmd}' if iminfo ${loadaddr}; then bootm ${loadaddr} ${_initramfs} ; else bootz ${loadaddr} ${_initramfs} ; bootm ${loadaddr} ${_initramfs} ; fi'
OMAP3_EVM # 
- 01:16:47 [INFO] Host: version
- 01:16:47 [INFO] Target: 
version
U-Boot 2015.07-00043-gaada495 (Nov 09 2015 - 12:23:36 -0500)
arm-linux-gnueabihf-gcc (crosstool-NG linaro-1.13.1-4.7-2013.03-20130313 - Linaro GCC 2013.03) 4.7.3 20130226 (prerelease)
GNU ld (crosstool-NG linaro-1.13.1-4.7-2013.03-20130313 - Linaro GCC 2013.03) 2.23.1
OMAP3_EVM # 
- 01:16:47 [INFO] Host: bdinfo
- 01:16:47 [INFO] Target: 
bdinfo
arch_number = 0x000005FF
boot_params = 0x80000100
DRAM bank   = 0x00000000
-> start    = 0x80000000
-> size     = 0x10000000
DRAM bank   = 0x00000001
-> start    = 0x90000000
-> size     = 0x00000000
eth0name    = smc911x-0
ethaddr     = 00:50:c2:7e:93:ba
current eth = smc911x-0
ip_addr     = 192.168.0.57
baudrate    = 115200 bps
TLB addr    = 0x8FFF0000
relocaddr   = 0x8FF61000
reloc off   = 0x0FE61000
irq_sp      = 0x8FF00F24
sp start    = 0x8FF00F18
OMAP3_EVM # 
- 01:16:47 [INFO] Host: mmc rescan; echo $?
- 01:16:47 [INFO] Target: 
mmc rescan; echo $?
OMAP3_EVM # 
- 01:16:47 [INFO] Host: fatwrite mmc 0:1 ${loadaddr} ws-calibrate.rules 4
- 01:16:47 [INFO] Target: 
fatwrite mmc 0:1 ${loadaddr} ws-calibrate.rules 4
Unknown command 'fatwrite' - try 'help'
OMAP3_EVM # 
- 01:16:47 [INFO] Host: boot
- 01:17:28 [INFO] Target: 
boot
Unknown command 'iminfo' - try 'help'
Unknown command 'bootz' - try 'help'
## Booting kernel from Legacy Image at 82000000 ...
   Image Name:   Linux-4.6.0-rc1-next-20160330-00
   Image Type:   ARM Linux Kernel Image (uncompressed)
   Data Size:    3826842 Bytes = 3.6 MiB
   Load Address: 81000000
   Entry Point:  81000000
   Verifying Checksum ... OK
   Loading Kernel Image ... OK
Starting kernel ...
[    0.000000] Booting Linux on physical CPU 0x0
[    0.000000] Linux version 4.6.0-rc1-next-20160330-00002-gefea4f52f0b7 (nmenon@horus) (gcc version 4.9.3 20150413 (prerelease) (Linaro GCC 4.9-2015.05) ) #1 SMP Wed Mar 30 00:30:49 CDT 2016
[    0.000000] CPU: ARMv7 Processor [413fc082] revision 2 (ARMv7), cr=10c5387d
[    0.000000] CPU: PIPT / VIPT nonaliasing data cache, VIPT aliasing instruction cache
[    0.000000] Machine model: TI OMAP37XX EVM (TMDSEVM3730)
[    0.000000] cma: Reserved 16 MiB at 0x8e800000
[    0.000000] Memory policy: Data cache writeback
[    0.000000] CPU: All CPU(s) started in SVC mode.
[    0.000000] OMAP3630 ES1.2 (l2cache iva sgx neon isp 192mhz_clk )
[    0.000000] percpu: Embedded 14 pages/cpu @cfb37000 s25216 r8192 d23936 u57344
[    0.000000] Built 1 zonelists in Zone order, mobility grouping on.  Total pages: 64448
[    0.000000] Kernel command line: console=ttyO0,115200n8 earlyprintk=serial,ttyO0,115200n8   ip=:::::eth0:dhcp  root=/dev/mmcblk0p2 rw rootfstype=ext3 rootwait 
[    0.000000] PID hash table entries: 1024 (order: 0, 4096 bytes)
[    0.000000] Dentry cache hash table entries: 32768 (order: 5, 131072 bytes)
[    0.000000] Inode-cache hash table entries: 16384 (order: 4, 65536 bytes)
[    0.000000] Memory: 220404K/260096K available (7349K kernel code, 786K rwdata, 2332K rodata, 1024K init, 8118K bss, 23308K reserved, 16384K cma-reserved, 0K highmem)
[    0.000000] Virtual kernel memory layout:
[    0.000000]     vector  : 0xffff0000 - 0xffff1000   (   4 kB)
[    0.000000]     fixmap  : 0xffc00000 - 0xfff00000   (3072 kB)
[    0.000000]     vmalloc : 0xd0800000 - 0xff800000   ( 752 MB)
[    0.000000]     lowmem  : 0xc0000000 - 0xd0000000   ( 256 MB)
[    0.000000]     pkmap   : 0xbfe00000 - 0xc0000000   (   2 MB)
[    0.000000]     modules : 0xbf000000 - 0xbfe00000   (  14 MB)
[    0.000000]       .text : 0xc0008000 - 0xc0a745d8   (10674 kB)
[    0.000000]       .init : 0xc0b00000 - 0xc0c00000   (1024 kB)
[    0.000000]       .data : 0xc0c00000 - 0xc0cc4bfc   ( 787 kB)
[    0.000000]        .bss : 0xc0cc6000 - 0xc14b3878   (8119 kB)
[    0.000000] Running RCU self tests
[    0.000000] Hierarchical RCU implementation.
[    0.000000] 	RCU lockdep checking is enabled.
[    0.000000] 	Build-time adjustment of leaf fanout to 32.
[    0.000000] 	RCU restricting CPUs from NR_CPUS=2 to nr_cpu_ids=1.
[    0.000000] RCU: Adjusting geometry for rcu_fanout_leaf=32, nr_cpu_ids=1
[    0.000000] NR_IRQS:16 nr_irqs:16 16
[    0.000000] IRQ: Found an INTC at 0xfa200000 (revision 4.0) with 96 interrupts
[    0.000000] Clocking rate (Crystal/Core/MPU): 26.0/400/600 MHz
[    0.000000] OMAP clockevent source: timer1 at 32768 Hz
[    0.000000] clocksource: 32k_counter: mask: 0xffffffff max_cycles: 0xffffffff, max_idle_ns: 58327039986419 ns
[    0.000000] sched_clock: 32 bits at 32kHz, resolution 30517ns, wraps every 65535999984741ns
[    0.000030] OMAP clocksource: 32k_counter at 32768 Hz
[    0.001708] Console: colour dummy device 80x30
[    0.001800] Lock dependency validator: Copyright (c) 2006 Red Hat, Inc., Ingo Molnar
[    0.001800] ... MAX_LOCKDEP_SUBCLASSES:  8
[    0.001831] ... MAX_LOCK_DEPTH:          48
[    0.001831] ... MAX_LOCKDEP_KEYS:        8191
[    0.001861] ... CLASSHASH_SIZE:          4096
[    0.001861] ... MAX_LOCKDEP_ENTRIES:     32768
[    0.001861] ... MAX_LOCKDEP_CHAINS:      65536
[    0.001892] ... CHAINHASH_SIZE:          32768
[    0.001892]  memory used by lock dependency info: 5167 kB
[    0.001922]  per task-struct memory footprint: 1536 bytes
[    0.001953] Calibrating delay loop... 594.73 BogoMIPS (lpj=2973696)
[    0.106140] pid_max: default: 32768 minimum: 301
[    0.106811] Security Framework initialized
[    0.107025] Mount-cache hash table entries: 1024 (order: 0, 4096 bytes)
[    0.107055] Mountpoint-cache hash table entries: 1024 (order: 0, 4096 bytes)
[    0.112060] CPU: Testing write buffer coherency: ok
[    0.114471] CPU0: thread -1, cpu 0, socket -1, mpidr 0
[    0.114562] Setting up static identity map for 0x80100000 - 0x80100070
[    0.120635] Brought up 1 CPUs
[    0.120666] SMP: Total of 1 processors activated (594.73 BogoMIPS).
[    0.120666] CPU: All CPU(s) started in SVC mode.
[    0.126708] devtmpfs: initialized
[    0.251190] VFP support v0.3: implementor 41 architecture 3 part 30 variant c rev 3
[    0.252471] clocksource: jiffies: mask: 0xffffffff max_cycles: 0xffffffff, max_idle_ns: 19112604462750000 ns
[    0.254302] pinctrl core: initialized pinctrl subsystem
[    0.262695] NET: Registered protocol family 16
[    0.272888] DMA: preallocated 256 KiB pool for atomic coherent allocations
[    0.361938] omap_hwmod: mcbsp2_sidetone using broken dt data from mcbsp
[    0.364440] omap_hwmod: mcbsp3_sidetone using broken dt data from mcbsp
[    0.483032] cpuidle: using governor menu
[    0.483917] Reprogramming SDRC clock to 400000000 Hz
[    0.504974] OMAP GPIO hardware version 2.5
[    0.531005] irq: no irq domain found for /ocp/l4@48000000/scm@2000/pinmux@30 !
[    0.532043] irq: no irq domain found for /ocp/l4@48000000/scm@2000/pinmux@30 !
[    0.533081] irq: no irq domain found for /ocp/l4@48000000/scm@2000/pinmux@30 !
[    0.542541] irq: no irq domain found for /ocp/l4@48000000/scm@2000/pinmux@30 !
[    0.562072] omap-gpmc 6e000000.gpmc: GPMC revision 5.0
[    0.562347] gpmc_mem_init: disabling cs 0 mapped at 0x0-0x1000000
[    0.579528] No ATAGs?
[    0.579559] hw-breakpoint: debug architecture 0x4 unsupported.
[    0.580902] omap4_sram_init:Unable to allocate sram needed to handle errata I688
[    0.580932] omap4_sram_init:Unable to get sram pool needed to handle errata I688
[    0.582885] OMAP DMA hardware revision 5.0
[    0.639251] omap-dma-engine 48056000.dma-controller: OMAP DMA engine driver
[    0.644104] reg-fixed-voltage wl12xx_vmmc: could not find pctldev for node /ocp/l4@48000000/scm@2000/pinmux@30/pinmux_wl12xx_gpio, deferring probe
[    0.652954] omap-iommu 480bd400.mmu: 480bd400.mmu registered
[    0.654968] SCSI subsystem initialized
[    0.661346] omap_i2c 48070000.i2c: bus 0 rev4.4 at 2600 kHz
[    0.663543] omap_i2c 48072000.i2c: bus 1 rev4.4 at 400 kHz
[    0.666290] omap_i2c 48060000.i2c: bus 2 rev4.4 at 400 kHz
[    0.666961] pps_core: LinuxPPS API ver. 1 registered
[    0.666992] pps_core: Software ver. 5.3.6 - Copyright 2005-2007 Rodolfo Giometti <giometti@linux.it>
[    0.667053] PTP clock support registered
[    0.673583] clocksource: Switched to clocksource 32k_counter
[    0.845672] VFS: Disk quotas dquot_6.6.0
[    0.845947] VFS: Dquot-cache hash table entries: 1024 (order 0, 4096 bytes)
[    0.897369] NET: Registered protocol family 2
[    0.900238] TCP established hash table entries: 2048 (order: 1, 8192 bytes)
[    0.900329] TCP bind hash table entries: 2048 (order: 4, 73728 bytes)
[    0.901336] TCP: Hash tables configured (established 2048 bind 2048)
[    0.901641] UDP hash table entries: 256 (order: 2, 20480 bytes)
[    0.901916] UDP-Lite hash table entries: 256 (order: 2, 20480 bytes)
[    0.903259] NET: Registered protocol family 1
[    0.905822] RPC: Registered named UNIX socket transport module.
[    0.905853] RPC: Registered udp transport module.
[    0.905883] RPC: Registered tcp transport module.
[    0.905883] RPC: Registered tcp NFSv4.1 backchannel transport module.
[    0.912658] hw perfevents: enabled with armv7_cortex_a8 PMU driver, 5 counters available
[    0.921600] futex hash table entries: 256 (order: 2, 16384 bytes)
[    0.921905] audit: initializing netlink subsys (disabled)
[    0.922241] audit: type=2000 audit(0.900:1): initialized
[    0.928710] workingset: timestamp_bits=12 max_order=16 bucket_order=4
[    0.933013] NFS: Registering the id_resolver key type
[    0.933837] Key type id_resolver registered
[    0.933868] Key type id_legacy registered
[    0.934143] jffs2: version 2.2. (NAND) (SUMMARY)   2001-2006 Red Hat, Inc.
[    0.942260] io scheduler noop registered
[    0.942321] io scheduler deadline registered
[    0.942382] io scheduler cfq registered (default)
[    0.946350] pinctrl-single 48002030.pinmux: 284 pins at pa fa002030 size 568
[    0.947174] pinctrl-single 48002a00.pinmux: 46 pins at pa fa002a00 size 92
[    0.948425] pinctrl-single 480025a0.pinmux: 46 pins at pa fa0025a0 size 92
[    0.956756] Serial: 8250/16550 driver, 4 ports, IRQ sharing enabled
[    0.967773] 4806a000.serial: ttyO0 at MMIO 0x4806a000 (irq = 88, base_baud = 3000000) is a OMAP UART0
[    1.764678] console [ttyO0] enabled
[    1.771484] 4806c000.serial: ttyO1 at MMIO 0x4806c000 (irq = 89, base_baud = 3000000) is a OMAP UART1
[    1.784393] 49020000.serial: ttyO2 at MMIO 0x49020000 (irq = 90, base_baud = 3000000) is a OMAP UART2
[    1.796478] omap_uart 49042000.serial: no wakeirq for uart3
[    1.802856] 49042000.serial: ttyO3 at MMIO 0x49042000 (irq = 96, base_baud = 3000000) is a OMAP UART3
[    1.870910] brd: module loaded
[    1.909515] loop: module loaded
[    1.942199] twl 0-0048: PIH (irq 23) chaining IRQs 341..349
[    1.948730] twl 0-0048: power (irq 346) chaining IRQs 349..356
[    2.016937] VPLL2: Bringing 1300000uV into 1800000-1800000uV
[    2.030853] twl4030_gpio twl4030-gpio: gpio (irq 341) chaining IRQs 357..374
[    2.128295] mtdoops: mtd device (mtddev=name/number) must be supplied
[    2.137786] nand: Could not find valid ONFI parameter page; aborting
[    2.144622] nand: device found, Manufacturer ID: 0xad, Chip ID: 0xbc
[    2.151306] nand: Hynix NAND 512MiB 1,8V 16-bit
[    2.156158] nand: 512 MiB, SLC, erase size: 128 KiB, page size: 2048, OOB size: 64
[    2.164184] nand: using OMAP_ECC_BCH8_CODE_HW_DETECTION_SW
[    2.172668] 5 ofpart partitions found on MTD device omap2-nand.0
[    2.179107] Creating 5 MTD partitions on "omap2-nand.0":
[    2.184783] 0x000000000000-0x000000080000 : "X-Loader"
[    2.199890] 0x000000080000-0x000000240000 : "U-Boot"
[    2.212615] 0x000000240000-0x000000280000 : "Environment"
[    2.225250] 0x000000280000-0x000000780000 : "Kernel"
[    2.240692] 0x000000780000-0x000020000000 : "Filesystem"
[    2.762481] libphy: smsc911x-mdio: probed
[    2.767425] SMSC LAN8700 2c000000.etherne:01: attached PHY driver [SMSC LAN8700] (mii_bus:phy_addr=2c000000.etherne:01, irq=-1)
[    2.779937] smsc911x 2c000000.ethernet eth0: MAC Address: 00:50:c2:7e:93:ba
[    2.794342] mousedev: PS/2 mouse device common for all mice
[    2.800231] i2c /dev entries driver
[    2.858520] ledtrig-cpu: registered to indicate activity on CPUs
[    2.868011] oprofile: using arm/armv7
[    2.872741] Initializing XFRM netlink socket
[    2.877990] NET: Registered protocol family 10
[    2.892150] sit: IPv6 over IPv4 tunneling driver
[    2.900756] NET: Registered protocol family 17
[    2.905670] NET: Registered protocol family 15
[    2.910858] Key type dns_resolver registered
[    2.915832] omap2_set_init_voltage: unable to find boot up OPP for vdd_mpu_iva
[    2.923461] omap2_set_init_voltage: unable to set vdd_mpu_iva
[    2.929626] omap2_set_init_voltage: unable to find boot up OPP for vdd_core
[    2.937011] omap2_set_init_voltage: unable to set vdd_core
[    2.948516] ThumbEE CPU extension supported.
[    2.953094] Registering SWP/SWPB emulation handler
[    2.958282] SmartReflex Class3 initialized
[    2.977416] vwl1271: supplied by VMMC2
[    2.987335] omap_hsmmc 480b4000.mmc: could not set regulator OCR (-22)
[    2.994812] 
[    2.996398] ===============================
[    3.000793] [ INFO: suspicious RCU usage. ]
[    3.005218] 4.6.0-rc1-next-20160330-00002-gefea4f52f0b7 #1 Not tainted
[    3.012084] -------------------------------
[    3.016510] include/trace/events/power.h:328 suspicious rcu_dereference_check() usage!
[    3.024841] 
[    3.024841] other info that might help us debug this:
[    3.024841] 
[    3.033294] 
[    3.033294] RCU used illegally from idle CPU!
[    3.033294] rcu_scheduler_active = 1, debug_locks = 0
[    3.044738] RCU used illegally from extended quiescent state!
[    3.050811] no locks held by swapper/0/0.
[    3.055023] 
[    3.055023] stack backtrace:
[    3.059631] CPU: 0 PID: 0 Comm: swapper/0 Not tainted 4.6.0-rc1-next-20160330-00002-gefea4f52f0b7 #1
[    3.069244] Hardware name: Generic OMAP36xx (Flattened Device Tree)
[    3.075897] [<c011011c>] (unwind_backtrace) from [<c010c264>] (show_stack+0x10/0x14)
[    3.084075] [<c010c264>] (show_stack) from [<c0479e1c>] (dump_stack+0xb0/0xe4)
[    3.091705] [<c0479e1c>] (dump_stack) from [<c012bb8c>] (pwrdm_set_next_pwrst+0x1b8/0x1dc)
[    3.100433] [<c012bb8c>] (pwrdm_set_next_pwrst) from [<c0126770>] (omap3_enter_idle_bm+0x16c/0x200)
[    3.109985] [<c0126770>] (omap3_enter_idle_bm) from [<c05f7bb0>] (cpuidle_enter_state+0x88/0x3e4)
[    3.119354] [<c05f7bb0>] (cpuidle_enter_state) from [<c01842bc>] (cpu_startup_entry+0x1cc/0x3f0)
[    3.128631] [<c01842bc>] (cpu_startup_entry) from [<c0b00c04>] (start_kernel+0x33c/0x3b4)
[    3.137268] [<c0b00c04>] (start_kernel) from [<8000807c>] (0x8000807c)
[    3.166839] hctosys: unable to open rtc device (rtc0)
[    3.172180] sr_init: No PMIC hook to init smartreflex
[    3.178100] smartreflex smartreflex.0: omap_sr_probe: SmartReflex driver initialized
[    3.186889] smartreflex smartreflex.1: omap_sr_probe: SmartReflex driver initialized
[    3.245086] mmc0: host does not support reading read-only switch, assuming write-enable
[    3.253753] smsc911x 2c000000.ethernet eth0: SMSC911x/921x identified at 0xd081e000, IRQ: 288
[    3.263031] IPv6: ADDRCONF(NETDEV_UP): eth0: link is not ready
[    3.269531] mmc0: new high speed SDHC card at address b368
[    3.276855] mmcblk0: mmc0:b368 SDC   3.75 GiB 
[    3.284332]  mmcblk0: p1 p2 p3
[    5.784240] IPv6: ADDRCONF(NETDEV_CHANGE): eth0: link becomes ready
[    5.803833] Sending DHCP requests ., OK
[    5.864166] IP-Config: Got DHCP answer from 192.168.0.1, my address is 192.168.0.57
[    5.872558] IP-Config: Complete:
[    5.876068]      device=eth0, hwaddr=00:50:c2:7e:93:ba, ipaddr=192.168.0.57, mask=255.255.255.0, gw=192.168.0.1
[    5.886749]      host=192.168.0.57, domain=tim.com, nis-domain=(none)
[    5.893585]      bootserver=192.168.0.1, rootserver=192.168.0.1, rootpath=     nameserver0=192.0.2.2, nameserver1=192.0.2.3
[    5.905639] lcd_3v3: disabling
[    5.910949] VUSB3V1: disabling
[    5.914642] vwl1271: disabling
[    5.922149] EXT4-fs (mmcblk0p2): mounting ext3 file system using the ext4 subsystem
[    5.946716] EXT4-fs (mmcblk0p2): warning: maximal mount count reached, running e2fsck is recommended
[    6.311370] EXT4-fs (mmcblk0p2): mounted filesystem with ordered data mode. Opts: (null)
[    6.320129] VFS: Mounted root (ext3 filesystem) on device 179:2.
[    6.337921] devtmpfs: mounted
[    6.344024] Freeing unused kernel memory: 1024K (c0b00000 - c0c00000)
INIT: version 2.86 booting
Please wait: booting...
Error opening /dev/fb0: No such file or directory
Starting udev
WARNING: -e needs -E or -F
[    7.302215] udevd (123): /proc/123/oom_adj is deprecated, please use /proc/123/oom_score_adj instead.
[   18.512817] EXT4-fs (mmcblk0p3): mounting ext3 file system using the ext4 subsystem
[   18.539764] EXT4-fs (mmcblk0p3): warning: maximal mount count reached, running e2fsck is recommended
[   18.557220] EXT4-fs (mmcblk0p3): mounted filesystem with ordered data mode. Opts: (null)
[   18.589935] FAT-fs (mmcblk0p1): Volume was not properly unmounted. Some data may be corrupt. Please run fsck.
[   18.710540] alignment: ignoring faults is unsafe on this CPU.  Defaulting to fixup mode.
Remounting root file system...
[   18.832305] EXT4-fs (mmcblk0p2): re-mounted. Opts: (null)
Caching udev devnodes
logger: mount: mount point /proc/bus/usb does not exist
ALSA: Restoring mixer settings...
/usr/sbin/alsactl: load_state:1625: No soundcards found...
Configuring network interfaces... [   21.204101] smsc911x 2c000000.ethernet eth0: SMSC911x/921x identified at 0xd081e000, IRQ: 288
[   21.213836] IPv6: ADDRCONF(NETDEV_UP): eth0: link is not ready
eth0      no wireless extensions.
udhcpc (v1.13.2) started
Sending discover...
[   22.784393] IPv6: ADDRCONF(NETDEV_CHANGE): eth0: link becomes ready
Sending discover...
Sending select for 192.168.0.194...
Lease of 192.168.0.194 obtained, lease time 600
adding dns 192.0.2.2
adding dns 192.0.2.3
done.
Setting up IP spoofing protection: rp_filter.
hwclock: can't open '/dev/misc/rtc': No such file or directory
Mon Mar 14 21:57:00 UTC 2016
hwclock: can't open '/dev/misc/rtc': No such file or directory
INIT: Entering runlevel: 5
Starting system message bus: [   25.997772] random: dbus-daemon urandom read with 127 bits of entropy available
dbus.
Starting Hardware abstraction layer hald
[   26.101989] random: nonblocking pool is initialized
[   27.733245] ecc unrecoverable error
[   27.737274] ecc unrecoverable error
[   27.741058] ecc unrecoverable error
[   27.744873] ecc unrecoverable error
[   27.748596] blk_update_request: I/O error, dev mtdblock0, sector 0
[   27.850097] ecc unrecoverable error
[   27.854064] ecc unrecoverable error
[   27.857849] ecc unrecoverable error
[   27.861602] ecc unrecoverable error
[   27.865386] blk_update_request: I/O error, dev mtdblock0, sector 0
[   27.871917] Buffer I/O error on dev mtdblock0, logical block 0, async page read
[   27.924346] ecc unrecoverable error
[   27.928161] ecc unrecoverable error
[   27.931854] blk_update_request: I/O error, dev mtdblock2, sector 0
[   27.954162] ecc unrecoverable error
[   27.957977] ecc unrecoverable error
[   27.961730] ecc unrecoverable error
[   27.965637] ecc unrecoverable error
[   27.969329] blk_update_request: I/O error, dev mtdblock1, sector 3456
[   27.994171] ecc unrecoverable error
[   27.997955] ecc unrecoverable error
[   28.001678] blk_update_request: I/O error, dev mtdblock3, sector 10112
[   28.049743] ecc unrecoverable error
[   28.053833] ecc unrecoverable error
[   28.057617] ecc unrecoverable error
[   28.061370] ecc unrecoverable error
[   28.065185] blk_update_request: I/O error, dev mtdblock0, sector 0
[   28.071716] Buffer I/O error on dev mtdblock0, logical block 0, async page read
[   28.184265] ecc unrecoverable error
[   28.188079] ecc unrecoverable error
[   28.191772] blk_update_request: I/O error, dev mtdblock2, sector 0
[   28.198303] Buffer I/O error on dev mtdblock2, logical block 0, async page read
[   28.230102] ecc unrecoverable error
[   28.234130] ecc unrecoverable error
[   28.237915] ecc unrecoverable error
[   28.241668] ecc unrecoverable error
[   28.245452] blk_update_request: I/O error, dev mtdblock1, sector 3456
[   28.252258] Buffer I/O error on dev mtdblock1, logical block 432, async page read
[   28.261322] ecc unrecoverable error
[   28.265228] ecc unrecoverable error
[   28.268951] blk_update_request: I/O error, dev mtdblock3, sector 10112
[   28.275848] Buffer I/O error on dev mtdblock3, logical block 1264, async page read
[   28.285522] ecc unrecoverable error
[   28.289337] ecc unrecoverable error
[   28.293121] ecc unrecoverable error
[   28.297027] ecc unrecoverable error
[   28.300720] blk_update_request: I/O error, dev mtdblock0, sector 0
[   28.307250] Buffer I/O error on dev mtdblock0, logical block 0, async page read
[   28.315704] ecc unrecoverable error
[   28.319488] ecc unrecoverable error
[   28.323181] Buffer I/O error on dev mtdblock2, logical block 0, async page read
[   28.332183] ecc unrecoverable error
[   28.336090] ecc unrecoverable error
[   28.339874] ecc unrecoverable error
[   28.343688] ecc unrecoverable error
[   28.347930] ecc unrecoverable error
[   28.351715] ecc unrecoverable error
[   28.356689] ecc unrecoverable error
[   28.360473] ecc unrecoverable error
[   28.364379] ecc unrecoverable error
[   28.368133] ecc unrecoverable error
[   28.371826] Buffer I/O error on dev mtdblock0, logical block 0, async page read
[   28.380187] ecc unrecoverable error
[   28.384033] ecc unrecoverable error
[   28.387756] Buffer I/O error on dev mtdblock2, logical block 0, async page read
[   28.396057] ecc unrecoverable error
[   28.399871] ecc unrecoverable error
[   28.403686] ecc unrecoverable error
[   28.407470] ecc unrecoverable error
[   28.411163] Buffer I/O error on dev mtdblock1, logical block 446, async page read
[   28.419708] ecc unrecoverable error
[   28.423492] ecc unrecoverable error
[   28.428466] ecc unrecoverable error
[   28.432250] ecc unrecoverable error
[   28.436126] ecc unrecoverable error
[   28.439880] ecc unrecoverable error
[   28.444152] ecc unrecoverable error
[   28.447937] ecc unrecoverable error
[   28.452148] ecc unrecoverable error
[   28.455993] ecc unrecoverable error
[   28.459747] ecc unrecoverable error
[   28.463592] ecc unrecoverable error
[   28.467834] ecc unrecoverable error
[   28.471588] ecc unrecoverable error
[   28.476470] ecc unrecoverable error
[   28.480255] ecc unrecoverable error
[   28.484100] ecc unrecoverable error
[   28.487854] ecc unrecoverable error
[   28.492095] ecc unrecoverable error
[   28.495941] ecc unrecoverable error
[   28.500152] ecc unrecoverable error
[   28.503997] ecc unrecoverable error
[   28.507751] ecc unrecoverable error
[   28.511535] ecc unrecoverable error
[   28.515777] ecc unrecoverable error
[   28.519561] ecc unrecoverable error
[   28.525756] ecc unrecoverable error
[   28.529541] ecc unrecoverable error
[   28.533325] ecc unrecoverable error
[   28.537231] ecc unrecoverable error
[   28.541534] ecc unrecoverable error
[   28.545440] ecc unrecoverable error
[   28.549713] ecc unrecoverable error
[   28.553588] ecc unrecoverable error
[   28.557373] ecc unrecoverable error
[   28.561157] ecc unrecoverable error
[   28.565521] ecc unrecoverable error
[   28.569274] ecc unrecoverable error
[   28.574279] ecc unrecoverable error
[   28.578063] ecc unrecoverable error
[   28.581817] ecc unrecoverable error
[   28.585662] ecc unrecoverable error
[   28.589904] ecc unrecoverable error
[   28.593749] ecc unrecoverable error
[   28.597961] ecc unrecoverable error
[   28.601745] ecc unrecoverable error
[   28.605621] ecc unrecoverable error
[   28.609374] ecc unrecoverable error
[   28.614868] ecc unrecoverable error
[   28.618652] ecc unrecoverable error
[   28.624877] ecc unrecoverable error
[   28.628662] ecc unrecoverable error
[   28.632446] ecc unrecoverable error
[   28.636322] ecc unrecoverable error
[   28.640655] ecc unrecoverable error
[   28.644531] ecc unrecoverable error
[   28.648803] ecc unrecoverable error
[   28.652587] ecc unrecoverable error
[   28.656463] ecc unrecoverable error
[   28.660247] ecc unrecoverable error
[   28.664489] ecc unrecoverable error
[   28.668273] ecc unrecoverable error
[   28.673309] ecc unrecoverable error
[   28.677215] ecc unrecoverable error
[   28.680999] ecc unrecoverable error
[   28.684783] ecc unrecoverable error
[   28.688995] ecc unrecoverable error
[   28.692779] ecc unrecoverable error
[   28.697052] ecc unrecoverable error
[   28.700836] ecc unrecoverable error
[   28.704681] ecc unrecoverable error
[   28.708465] ecc unrecoverable error
[   28.712677] ecc unrecoverable error
[   28.716522] ecc unrecoverable error
[   28.721496] ecc unrecoverable error
[   28.725372] ecc unrecoverable error
[   28.729125] ecc unrecoverable error
[   28.732879] ecc unrecoverable error
[   28.737182] ecc unrecoverable error
[   28.740966] ecc unrecoverable error
[   28.745239] ecc unrecoverable error
[   28.749023] ecc unrecoverable error
[   28.752777] ecc unrecoverable error
[   28.756622] ecc unrecoverable error
[   28.760864] ecc unrecoverable error
[   28.764709] ecc unrecoverable error
[   28.769531] ecc unrecoverable error
[   28.773315] ecc unrecoverable error
[   28.777191] ecc unrecoverable error
[   28.780914] ecc unrecoverable error
[   28.785217] ecc unrecoverable error
[   28.789001] ecc unrecoverable error
[   28.793182] ecc unrecoverable error
[   28.797027] ecc unrecoverable error
[   28.800811] ecc unrecoverable error
[   28.804656] ecc unrecoverable error
[   28.808837] ecc unrecoverable error
[   28.812622] ecc unrecoverable error
[   28.817535] ecc unrecoverable error
[   28.821319] ecc unrecoverable error
[   28.825195] ecc unrecoverable error
[   28.828948] ecc unrecoverable error
[   28.833129] ecc unrecoverable error
[   28.837005] ecc unrecoverable error
[   28.841186] ecc unrecoverable error
[   28.845031] ecc unrecoverable error
[   28.848815] ecc unrecoverable error
[   28.852600] ecc unrecoverable error
[   28.856872] ecc unrecoverable error
[   28.860656] ecc unrecoverable error
[   28.865600] ecc unrecoverable error
[   28.869384] ecc unrecoverable error
[   28.873168] ecc unrecoverable error
[   28.877014] ecc unrecoverable error
[   28.881286] ecc unrecoverable error
[   28.885131] ecc unrecoverable error
[   28.889343] ecc unrecoverable error
[   28.893127] ecc unrecoverable error
[   28.896972] ecc unrecoverable error
[   28.900756] ecc unrecoverable error
[   28.904998] ecc unrecoverable error
[   28.908782] ecc unrecoverable error
[   28.913726] ecc unrecoverable error
[   28.917510] ecc unrecoverable error
[   28.921264] ecc unrecoverable error
[   28.925109] ecc unrecoverable error
[   28.929351] ecc unrecoverable error
[   28.933105] ecc unrecoverable error
[   28.937469] ecc unrecoverable error
[   28.941253] ecc unrecoverable error
[   28.945098] ecc unrecoverable error
[   28.948883] ecc unrecoverable error
[   28.953063] ecc unrecoverable error
[   28.956909] ecc unrecoverable error
[   28.961791] ecc unrecoverable error
[   28.965667] ecc unrecoverable error
[   28.969421] ecc unrecoverable error
[   28.973205] ecc unrecoverable error
[   28.977447] ecc unrecoverable error
[   28.981201] ecc unrecoverable error
[   28.985443] ecc unrecoverable error
[   28.989196] ecc unrecoverable error
[   28.992980] ecc unrecoverable error
[   28.996826] ecc unrecoverable error
[   29.001037] ecc unrecoverable error
[   29.004882] ecc unrecoverable error
[   29.009735] ecc unrecoverable error
[   29.013610] ecc unrecoverable error
[   29.017364] ecc unrecoverable error
[   29.021148] ecc unrecoverable error
[   29.025421] ecc unrecoverable error
[   29.029205] ecc unrecoverable error
[   29.033386] ecc unrecoverable error
[   29.037231] ecc unrecoverable error
[   29.041015] ecc unrecoverable error
[   29.044860] ecc unrecoverable error
[   29.049072] ecc unrecoverable error
[   29.052825] ecc unrecoverable error
[   29.057708] ecc unrecoverable error
[   29.061492] ecc unrecoverable error
[   29.065307] ecc unrecoverable error
[   29.069091] ecc unrecoverable error
[   29.073333] ecc unrecoverable error
[   29.077148] ecc unrecoverable error
[   29.081604] ecc unrecoverable error
[   29.085479] ecc unrecoverable error
[   29.089263] ecc unrecoverable error
[   29.093017] ecc unrecoverable error
[   29.097259] ecc unrecoverable error
[   29.101043] ecc unrecoverable error
[   29.105987] ecc unrecoverable error
[   29.109741] ecc unrecoverable error
[   29.113586] ecc unrecoverable error
[   29.117370] ecc unrecoverable error
[   29.121582] ecc unrecoverable error
[   29.125427] ecc unrecoverable error
[   29.129608] ecc unrecoverable error
[   29.133392] ecc unrecoverable error
[   29.137237] ecc unrecoverable error
[   29.141021] ecc unrecoverable error
[   29.145324] ecc unrecoverable error
[   29.149108] ecc unrecoverable error
[   29.154022] ecc unrecoverable error
[   29.157806] ecc unrecoverable error
[   29.161560] ecc unrecoverable error
[   29.165405] ecc unrecoverable error
[   29.169647] ecc unrecoverable error
[   29.173400] ecc unrecoverable error
[   29.177673] ecc unrecoverable error
[   29.181457] ecc unrecoverable error
[   29.185333] ecc unrecoverable error
[   29.189086] ecc unrecoverable error
[   29.193298] ecc unrecoverable error
[   29.197143] ecc unrecoverable error
[   29.201965] ecc unrecoverable error
[   29.205841] ecc unrecoverable error
[   29.209594] ecc unrecoverable error
[   29.213378] ecc unrecoverable error
[   29.217620] ecc unrecoverable error
[   29.221405] ecc unrecoverable error
[   29.225646] ecc unrecoverable error
[   29.229431] ecc unrecoverable error
[   29.233184] ecc unrecoverable error
[   29.237030] ecc unrecoverable error
[   29.241241] ecc unrecoverable error
[   29.245086] ecc unrecoverable error
[   29.249908] ecc unrecoverable error
[   29.253753] ecc unrecoverable error
[   29.257507] ecc unrecoverable error
[   29.261291] ecc unrecoverable error
[   29.265533] ecc unrecoverable error
[   29.269287] ecc unrecoverable error
[   29.273468] ecc unrecoverable error
[   29.277313] ecc unrecoverable error
[   29.281066] ecc unrecoverable error
[   29.284881] ecc unrecoverable error
[   29.289093] ecc unrecoverable error
[   29.292877] ecc unrecoverable error
[   29.297790] ecc unrecoverable error
[   29.301544] ecc unrecoverable error
[   29.305389] ecc unrecoverable error
[   29.309173] ecc unrecoverable error
[   29.313385] ecc unrecoverable error
[   29.317230] ecc unrecoverable error
[   29.321441] ecc unrecoverable error
[   29.325286] ecc unrecoverable error
[   29.329040] ecc unrecoverable error
[   29.332824] ecc unrecoverable error
[   29.337066] ecc unrecoverable error
[   29.340850] ecc unrecoverable error
[   29.345672] ecc unrecoverable error
[   29.349456] ecc unrecoverable error
[   29.353240] ecc unrecoverable error
[   29.357055] ecc unrecoverable error
[   29.361297] ecc unrecoverable error
[   29.365112] ecc unrecoverable error
[   29.369323] ecc unrecoverable error
[   29.373107] ecc unrecoverable error
[   29.376953] ecc unrecoverable error
[   29.380706] ecc unrecoverable error
[   29.384948] ecc unrecoverable error
[   29.388702] ecc unrecoverable error
[   29.393585] ecc unrecoverable error
[   29.397369] ecc unrecoverable error
[   29.401153] ecc unrecoverable error
[   29.404937] ecc unrecoverable error
[   29.409149] ecc unrecoverable error
[   29.412933] ecc unrecoverable error
[   29.417144] ecc unrecoverable error
[   29.420928] ecc unrecoverable error
[   29.424743] ecc unrecoverable error
[   29.428527] ecc unrecoverable error
[   29.432739] ecc unrecoverable error
[   29.436584] ecc unrecoverable error
[   29.441436] ecc unrecoverable error
[   29.445312] ecc unrecoverable error
[   29.449066] ecc unrecoverable error
[   29.452819] ecc unrecoverable error
[   29.457092] ecc unrecoverable error
[   29.460876] ecc unrecoverable error
[   29.465148] ecc unrecoverable error
[   29.468902] ecc unrecoverable error
[   29.472656] ecc unrecoverable error
[   29.476501] ecc unrecoverable error
[   29.480712] ecc unrecoverable error
[   29.484558] ecc unrecoverable error
[   29.489349] ecc unrecoverable error
[   29.493133] ecc unrecoverable error
[   29.496978] ecc unrecoverable error
[   29.500732] ecc unrecoverable error
[   29.505004] ecc unrecoverable error
[   29.508789] ecc unrecoverable error
[   29.512969] ecc unrecoverable error
[   29.516815] ecc unrecoverable error
[   29.520599] ecc unrecoverable error
[   29.524414] ecc unrecoverable error
[   29.528625] ecc unrecoverable error
[   29.532409] ecc unrecoverable error
[   29.537322] ecc unrecoverable error
[   29.541107] ecc unrecoverable error
[   29.544952] ecc unrecoverable error
[   29.548706] ecc unrecoverable error
[   29.552947] ecc unrecoverable error
[   29.556793] ecc unrecoverable error
[   29.560974] ecc unrecoverable error
[   29.564849] ecc unrecoverable error
[   29.568603] ecc unrecoverable error
[   29.572387] ecc unrecoverable error
[   29.576629] ecc unrecoverable error
[   29.580413] ecc unrecoverable error
[   29.585296] ecc unrecoverable error
[   29.589080] ecc unrecoverable error
[   29.592864] ecc unrecoverable error
[   29.596710] ecc unrecoverable error
[   29.600952] ecc unrecoverable error
[   29.604797] ecc unrecoverable error
[   29.609039] ecc unrecoverable error
[   29.612792] ecc unrecoverable error
[   29.616638] ecc unrecoverable error
[   29.620422] ecc unrecoverable error
[   29.624664] ecc unrecoverable error
[   29.628448] ecc unrecoverable error
[   29.633209] ecc unrecoverable error
[   29.637084] ecc unrecoverable error
[   29.640869] ecc unrecoverable error
[   29.644653] ecc unrecoverable error
[   29.648864] ecc unrecoverable error
[   29.652648] ecc unrecoverable error
[   29.656921] ecc unrecoverable error
[   29.660705] ecc unrecoverable error
[   29.664520] ecc unrecoverable error
[   29.668304] ecc unrecoverable error
[   29.672454] ecc unrecoverable error
[   29.676300] ecc unrecoverable error
[   29.681152] ecc unrecoverable error
[   29.684997] ecc unrecoverable error
[   29.688781] ecc unrecoverable error
[   29.692535] ecc unrecoverable error
[   29.696777] ecc unrecoverable error
[   29.700561] ecc unrecoverable error
[   29.704772] ecc unrecoverable error
[   29.708557] ecc unrecoverable error
[   29.712310] ecc unrecoverable error
[   29.716156] ecc unrecoverable error
[   29.720367] ecc unrecoverable error
[   29.724212] ecc unrecoverable error
[   29.729034] ecc unrecoverable error
[   29.732818] ecc unrecoverable error
[   29.736694] ecc unrecoverable error
[   29.740447] ecc unrecoverable error
[   29.744720] ecc unrecoverable error
[   29.748504] ecc unrecoverable error
[   29.752685] ecc unrecoverable error
[   29.756530] ecc unrecoverable error
[   29.760314] ecc unrecoverable error
[   29.764129] ecc unrecoverable error
[   29.768341] ecc unrecoverable error
[   29.772125] ecc unrecoverable error
[   29.777008] ecc unrecoverable error
[   29.780792] ecc unrecoverable error
[   29.784637] ecc unrecoverable error
[   29.788391] ecc unrecoverable error
[   29.792602] ecc unrecoverable error
[   29.796447] ecc unrecoverable error
[   29.800659] ecc unrecoverable error
[   29.804504] ecc unrecoverable error
[   29.808258] ecc unrecoverable error
[   29.812042] ecc unrecoverable error
[   29.816253] ecc unrecoverable error
[   29.820037] ecc unrecoverable error
[   29.824920] ecc unrecoverable error
[   29.828704] ecc unrecoverable error
[   29.832489] ecc unrecoverable error
[   29.836334] ecc unrecoverable error
[   29.840515] ecc unrecoverable error
[   29.844360] ecc unrecoverable error
[   29.848541] ecc unrecoverable error
[   29.852325] ecc unrecoverable error
[   29.856140] ecc unrecoverable error
[   29.859924] ecc unrecoverable error
[   29.864166] ecc unrecoverable error
[   29.867950] ecc unrecoverable error
[   29.872741] ecc unrecoverable error
[   29.876617] ecc unrecoverable error
[   29.880401] ecc unrecoverable error
[   29.884185] ecc unrecoverable error
[   29.888427] ecc unrecoverable error
[   29.892211] ecc unrecoverable error
[   29.896484] ecc unrecoverable error
[   29.900238] ecc unrecoverable error
[   29.904083] ecc unrecoverable error
[   29.907836] ecc unrecoverable error
[   29.912048] ecc unrecoverable error
[   29.915893] ecc unrecoverable error
[   29.920715] ecc unrecoverable error
[   29.924591] ecc unrecoverable error
[   29.928375] ecc unrecoverable error
[   29.932098] ecc unrecoverable error
[   29.936401] ecc unrecoverable error
[   29.940185] ecc unrecoverable error
[   29.944427] ecc unrecoverable error
[   29.948211] ecc unrecoverable error
[   29.951965] ecc unrecoverable error
[   29.955810] ecc unrecoverable error
[   29.959991] ecc unrecoverable error
[   29.963806] ecc unrecoverable error
[   29.968627] ecc unrecoverable error
[   29.972412] ecc unrecoverable error
[   29.976287] ecc unrecoverable error
[   29.980041] ecc unrecoverable error
[   29.984283] ecc unrecoverable error
[   29.988037] ecc unrecoverable error
[   29.992218] ecc unrecoverable error
[   29.996063] ecc unrecoverable error
[   29.999847] ecc unrecoverable error
[   30.003662] ecc unrecoverable error
[   30.007873] ecc unrecoverable error
[   30.011657] ecc unrecoverable error
[   30.016571] ecc unrecoverable error
[   30.020355] ecc unrecoverable error
[   30.024200] ecc unrecoverable error
[   30.027954] ecc unrecoverable error
[   30.032165] ecc unrecoverable error
[   30.036041] ecc unrecoverable error
[   30.040252] ecc unrecoverable error
[   30.044097] ecc unrecoverable error
[   30.047851] ecc unrecoverable error
[   30.051635] ecc unrecoverable error
[   30.055908] ecc unrecoverable error
[   30.059661] ecc unrecoverable error
[   30.064575] ecc unrecoverable error
[   30.068359] ecc unrecoverable error
[   30.072113] ecc unrecoverable error
[   30.075958] ecc unrecoverable error
[   30.080200] ecc unrecoverable error
[   30.084045] ecc unrecoverable error
[   30.088531] ecc unrecoverable error
[   30.092315] ecc unrecoverable error
[   30.096191] ecc unrecoverable error
[   30.099975] ecc unrecoverable error
[   30.104309] ecc unrecoverable error
[   30.108093] ecc unrecoverable error
[   30.113189] ecc unrecoverable error
[   30.117095] ecc unrecoverable error
[   30.120880] ecc unrecoverable error
[   30.124664] ecc unrecoverable error
[   30.128936] ecc unrecoverable error
[   30.132720] ecc unrecoverable error
[   30.137054] ecc unrecoverable error
[   30.140808] ecc unrecoverable error
[   30.144653] ecc unrecoverable error
[   30.148437] ecc unrecoverable error
[   30.152648] ecc unrecoverable error
[   30.156494] ecc unrecoverable error
[   30.161376] ecc unrecoverable error
[   30.165222] ecc unrecoverable error
[   30.169006] ecc unrecoverable error
[   30.172760] ecc unrecoverable error
[   30.177032] ecc unrecoverable error
[   30.180816] ecc unrecoverable error
[   30.185089] ecc unrecoverable error
[   30.188873] ecc unrecoverable error
[   30.192626] ecc unrecoverable error
[   30.196472] ecc unrecoverable error
[   30.200683] ecc unrecoverable error
[   30.204528] ecc unrecoverable error
[   30.209350] ecc unrecoverable error
[   30.213134] ecc unrecoverable error
[   30.217010] ecc unrecoverable error
[   30.220764] ecc unrecoverable error
[   30.225006] ecc unrecoverable error
[   30.228790] ecc unrecoverable error
[   30.233001] ecc unrecoverable error
[   30.236846] ecc unrecoverable error
[   30.240631] ecc unrecoverable error
[   30.244445] ecc unrecoverable error
[   30.248626] ecc unrecoverable error
[   30.252380] ecc unrecoverable error
[   30.257293] ecc unrecoverable error
[   30.261077] ecc unrecoverable error
[   30.264923] ecc unrecoverable error
[   30.268676] ecc unrecoverable error
[   30.272888] ecc unrecoverable error
[   30.276733] ecc unrecoverable error
[   30.280914] ecc unrecoverable error
[   30.284729] ecc unrecoverable error
[   30.288513] ecc unrecoverable error
[   30.292266] ecc unrecoverable error
[   30.296569] ecc unrecoverable error
[   30.300323] ecc unrecoverable error
[   30.305236] ecc unrecoverable error
[   30.309020] ecc unrecoverable error
[   30.312805] ecc unrecoverable error
[   30.316619] ecc unrecoverable error
[   30.320861] ecc unrecoverable error
[   30.324707] ecc unrecoverable error
[   30.328918] ecc unrecoverable error
[   30.332702] ecc unrecoverable error
[   30.336547] ecc unrecoverable error
[   30.340332] ecc unrecoverable error
[   30.344573] ecc unrecoverable error
[   30.348358] ecc unrecoverable error
[   30.353118] ecc unrecoverable error
[   30.356994] ecc unrecoverable error
[   30.360778] ecc unrecoverable error
[   30.364562] ecc unrecoverable error
[   30.368804] ecc unrecoverable error
[   30.372589] ecc unrecoverable error
[   30.376861] ecc unrecoverable error
[   30.380645] ecc unrecoverable error
[   30.384490] ecc unrecoverable error
[   30.388275] ecc unrecoverable error
[   30.392425] ecc unrecoverable error
[   30.396301] ecc unrecoverable error
[   30.401123] ecc unrecoverable error
[   30.404998] ecc unrecoverable error
[   30.408782] ecc unrecoverable error
[   30.412506] ecc unrecoverable error
[   30.416748] ecc unrecoverable error
[   30.420532] ecc unrecoverable error
[   30.424774] ecc unrecoverable error
[   30.428558] ecc unrecoverable error
[   30.432312] ecc unrecoverable error
[   30.436187] ecc unrecoverable error
[   30.440429] ecc unrecoverable error
[   30.444274] ecc unrecoverable error
[   30.449127] ecc unrecoverable error
[   30.452911] ecc unrecoverable error
[   30.456787] ecc unrecoverable error
[   30.460540] ecc unrecoverable error
[   30.464843] ecc unrecoverable error
[   30.468597] ecc unrecoverable error
[   30.472808] ecc unrecoverable error
[   30.476684] ecc unrecoverable error
[   30.480438] ecc unrecoverable error
[   30.484283] ecc unrecoverable error
[   30.488464] ecc unrecoverable error
[   30.492248] ecc unrecoverable error
[   30.497070] ecc unrecoverable error
[   30.500885] ecc unrecoverable error
[   30.504730] ecc unrecoverable error
[   30.508514] ecc unrecoverable error
[   30.512725] ecc unrecoverable error
[   30.516601] ecc unrecoverable error
[   30.520812] ecc unrecoverable error
[   30.524688] ecc unrecoverable error
[   30.528472] ecc unrecoverable error
[   30.532226] ecc unrecoverable error
[   30.536468] ecc unrecoverable error
[   30.540222] ecc unrecoverable error
[   30.545104] ecc unrecoverable error
[   30.548889] ecc unrecoverable error
[   30.552673] ecc unrecoverable error
[   30.556518] ecc unrecoverable error
[   30.560699] ecc unrecoverable error
[   30.564544] ecc unrecoverable error
[   30.568756] ecc unrecoverable error
[   30.572540] ecc unrecoverable error
[   30.576416] ecc unrecoverable error
[   30.580169] ecc unrecoverable error
[   30.584442] ecc unrecoverable error
[   30.588195] ecc unrecoverable error
[   30.593017] ecc unrecoverable error
[   30.596862] ecc unrecoverable error
[   30.600646] ecc unrecoverable error
[   30.604461] ecc unrecoverable error
[   30.608673] ecc unrecoverable error
[   30.612457] ecc unrecoverable error
[   30.616729] ecc unrecoverable error
[   30.620544] ecc unrecoverable error
[   30.624359] ecc unrecoverable error
[   30.628143] ecc unrecoverable error
[   30.632354] ecc unrecoverable error
[   30.636199] ecc unrecoverable error
[   30.641021] ecc unrecoverable error
[   30.644897] ecc unrecoverable error
[   30.648651] ecc unrecoverable error
[   30.652404] ecc unrecoverable error
[   30.656677] ecc unrecoverable error
[   30.660461] ecc unrecoverable error
[   30.664733] ecc unrecoverable error
[   30.668518] ecc unrecoverable error
[   30.672271] ecc unrecoverable error
[   30.676116] ecc unrecoverable error
[   30.680297] ecc unrecoverable error
[   30.684173] ecc unrecoverable error
[   30.688995] ecc unrecoverable error
[   30.692810] ecc unrecoverable error
[   30.696655] ecc unrecoverable error
[   30.700408] ecc unrecoverable error
[   30.713348] ecc unrecoverable error
[   30.717346] ecc unrecoverable error
[   30.721740] ecc unrecoverable error
[   30.725646] ecc unrecoverable error
[   30.729431] ecc unrecoverable error
[   30.733215] ecc unrecoverable error
[   30.737609] ecc unrecoverable error
[   30.741394] ecc unrecoverable error
[   30.746643] ecc unrecoverable error
[   30.750457] ecc unrecoverable error
[   30.763427] ecc unrecoverable error
[   30.767456] ecc unrecoverable error
[   30.771209] ecc unrecoverable error
[   30.775054] ecc unrecoverable error
[   30.779479] ecc unrecoverable error
[   30.783264] ecc unrecoverable error
[   30.788391] ecc unrecoverable error
[   30.792175] ecc unrecoverable error
[   30.796081] ecc unrecoverable error
[   30.799865] ecc unrecoverable error
[   30.804351] ecc unrecoverable error
[   30.808135] ecc unrecoverable error
[   30.812988] ecc unrecoverable error
[   30.816894] ecc unrecoverable error
[   30.820678] ecc unrecoverable error
[   30.824493] ecc unrecoverable error
[   30.828765] ecc unrecoverable error
[   30.832519] ecc unrecoverable error
[   30.837493] ecc unrecoverable error
[   30.841278] ecc unrecoverable error
[   30.845153] ecc unrecoverable error
[   30.848937] ecc unrecoverable error
[   30.853210] ecc unrecoverable error
[   30.857055] ecc unrecoverable error
[   30.861877] ecc unrecoverable error
[   30.865753] ecc unrecoverable error
[   30.869506] ecc unrecoverable error
[   30.873291] ecc unrecoverable error
[   30.877563] ecc unrecoverable error
[   30.881347] ecc unrecoverable error
[   30.886199] ecc unrecoverable error
[   30.889984] ecc unrecoverable error
[   30.893859] ecc unrecoverable error
[   30.897644] ecc unrecoverable error
[   30.901855] ecc unrecoverable error
[   30.905700] ecc unrecoverable error
[   30.910491] ecc unrecoverable error
[   30.914337] ecc unrecoverable error
[   30.918121] ecc unrecoverable error
[   30.921905] ecc unrecoverable error
[   30.926177] ecc unrecoverable error
[   30.929931] ecc unrecoverable error
[   30.934783] ecc unrecoverable error
[   30.938598] ecc unrecoverable error
[   30.942352] ecc unrecoverable error
[   30.946228] ecc unrecoverable error
[   30.950408] ecc unrecoverable error
[   30.954223] ecc unrecoverable error
[   30.959045] ecc unrecoverable error
[   30.962829] ecc unrecoverable error
[   30.966705] ecc unrecoverable error
[   30.970458] ecc unrecoverable error
[   30.974731] ecc unrecoverable error
[   30.978515] ecc unrecoverable error
[   30.983276] ecc unrecoverable error
[   30.987152] ecc unrecoverable error
[   30.990936] ecc unrecoverable error
[   30.994750] ecc unrecoverable error
[   30.998992] ecc unrecoverable error
[   31.002777] ecc unrecoverable error
[   31.007629] ecc unrecoverable error
[   31.011413] ecc unrecoverable error
[   31.015228] ecc unrecoverable error
[   31.019012] ecc unrecoverable error
[   31.023223] ecc unrecoverable error
[   31.027099] ecc unrecoverable error
[   31.031860] ecc unrecoverable error
[   31.035736] ecc unrecoverable error
[   31.039489] ecc unrecoverable error
[   31.043243] ecc unrecoverable error
[   31.047546] ecc unrecoverable error
[   31.051330] ecc unrecoverable error
[   31.056274] ecc unrecoverable error
[   31.060058] ecc unrecoverable error
[   31.063903] ecc unrecoverable error
[   31.067687] ecc unrecoverable error
[   31.073699] ecc unrecoverable error
[   31.077514] ecc unrecoverable error
[   31.082580] ecc unrecoverable error
[   31.086456] ecc unrecoverable error
[   31.090240] ecc unrecoverable error
[   31.094085] ecc unrecoverable error
[   31.098388] ecc unrecoverable error
[   31.102172] ecc unrecoverable error
[   31.107238] ecc unrecoverable error
[   31.111022] ecc unrecoverable error
[   31.114898] ecc unrecoverable error
[   31.118682] ecc unrecoverable error
[   31.123229] ecc unrecoverable error
[   31.127136] ecc unrecoverable error
[   31.132812] ecc unrecoverable error
[   31.136718] ecc unrecoverable error
[   31.140502] ecc unrecoverable error
[   31.144317] ecc unrecoverable error
[   31.149108] ecc unrecoverable error
[   31.152893] ecc unrecoverable error
[   31.157897] ecc unrecoverable error
[   31.161682] ecc unrecoverable error
[   31.165527] ecc unrecoverable error
[   31.169311] ecc unrecoverable error
[   31.173645] ecc unrecoverable error
[   31.177429] ecc unrecoverable error
[   31.182342] ecc unrecoverable error
[   31.186187] ecc unrecoverable error
[   31.189971] ecc unrecoverable error
[   31.193817] ecc unrecoverable error
[   31.197998] ecc unrecoverable error
[   31.201782] ecc unrecoverable error
[   31.206726] ecc unrecoverable error
[   31.210510] ecc unrecoverable error
[   31.214355] ecc unrecoverable error
[   31.218139] ecc unrecoverable error
[   31.222351] ecc unrecoverable error
[   31.226257] ecc unrecoverable error
[   31.231079] ecc unrecoverable error
[   31.234954] ecc unrecoverable error
[   31.238739] ecc unrecoverable error
[   31.242492] ecc unrecoverable error
[   31.246795] ecc unrecoverable error
[   31.250579] ecc unrecoverable error
[   31.256072] ecc unrecoverable error
[   31.259857] ecc unrecoverable error
[   31.263732] ecc unrecoverable error
[   31.267517] ecc unrecoverable error
[   31.271789] ecc unrecoverable error
[   31.275634] ecc unrecoverable error
[   31.280517] ecc unrecoverable error
[   31.284362] ecc unrecoverable error
[   31.288146] ecc unrecoverable error
[   31.291931] ecc unrecoverable error
[   31.296203] ecc unrecoverable error
[   31.299987] ecc unrecoverable error
[   31.304931] ecc unrecoverable error
[   31.308715] ecc unrecoverable error
[   31.312469] ecc unrecoverable error
[   31.316345] ecc unrecoverable error
[   31.320526] ecc unrecoverable error
[   31.324401] ecc unrecoverable error
[   31.329223] ecc unrecoverable error
[   31.333007] ecc unrecoverable error
[   31.336853] ecc unrecoverable error
[   31.340637] ecc unrecoverable error
[   31.344879] ecc unrecoverable error
[   31.348663] ecc unrecoverable error
[   31.353454] ecc unrecoverable error
[   31.357330] ecc unrecoverable error
[   31.361083] ecc unrecoverable error
[   31.364929] ecc unrecoverable error
[   31.369140] ecc unrecoverable error
[   31.372924] ecc unrecoverable error
[   31.377868] ecc unrecoverable error
[   31.381652] ecc unrecoverable error
[   31.385498] ecc unrecoverable error
[   31.389251] ecc unrecoverable error
[   31.393554] ecc unrecoverable error
[   31.397338] ecc unrecoverable error
[   31.402160] ecc unrecoverable error
[   31.406005] ecc unrecoverable error
[   31.409790] ecc unrecoverable error
[   31.413604] ecc unrecoverable error
[   31.417816] ecc unrecoverable error
[   31.421600] ecc unrecoverable error
[   31.426818] ecc unrecoverable error
[   31.430603] ecc unrecoverable error
[   31.434448] ecc unrecoverable error
[   31.438201] ecc unrecoverable error
[   31.442413] ecc unrecoverable error
[   31.446289] ecc unrecoverable error
[   31.451263] ecc unrecoverable error
[   31.455139] ecc unrecoverable error
[   31.458892] ecc unrecoverable error
[   31.462677] ecc unrecoverable error
[   31.466949] ecc unrecoverable error
[   31.470733] ecc unrecoverable error
[   31.475677] ecc unrecoverable error
[   31.479461] ecc unrecoverable error
[   31.483215] ecc unrecoverable error
[   31.487091] ecc unrecoverable error
[   31.491333] ecc unrecoverable error
[   31.495178] ecc unrecoverable error
[   31.500091] ecc unrecoverable error
[   31.503967] ecc unrecoverable error
[   31.507751] ecc unrecoverable error
[   31.511535] ecc unrecoverable error
[   31.515808] ecc unrecoverable error
[   31.519592] ecc unrecoverable error
[   31.530548] ecc unrecoverable error
[   31.534515] ecc unrecoverable error
[   31.538299] ecc unrecoverable error
[   31.542083] ecc unrecoverable error
[   31.550354] ecc unrecoverable error
[   31.554321] ecc unrecoverable error
[   31.558776] ecc unrecoverable error
[   31.562561] ecc unrecoverable error
[   31.566467] ecc unrecoverable error
[   31.570251] ecc unrecoverable error
[   31.574615] ecc unrecoverable error
[   31.578399] ecc unrecoverable error
[   31.582641] ecc unrecoverable error
[   31.586578] ecc unrecoverable error
[   31.590332] ecc unrecoverable error
[   31.594177] ecc unrecoverable error
[   31.598541] ecc unrecoverable error
[   31.602325] ecc unrecoverable error
[   31.606628] ecc unrecoverable error
[   31.610412] ecc unrecoverable error
[   31.614288] ecc unrecoverable error
[   31.618072] ecc unrecoverable error
[   31.622314] ecc unrecoverable error
[   31.626190] ecc unrecoverable error
[   31.630401] ecc unrecoverable error
[   31.634246] ecc unrecoverable error
[   31.638031] ecc unrecoverable error
[   31.641784] ecc unrecoverable error
[   31.646026] ecc unrecoverable error
[   31.649810] ecc unrecoverable error
[   31.654022] ecc unrecoverable error
[   31.657806] ecc unrecoverable error
[   31.661560] ecc unrecoverable error
[   31.665405] ecc unrecoverable error
[   31.669586] ecc unrecoverable error
[   31.673370] ecc unrecoverable error
[   31.677612] ecc unrecoverable error
[   31.681396] ecc unrecoverable error
[   31.685211] ecc unrecoverable error
[   31.688995] ecc unrecoverable error
[   31.693145] ecc unrecoverable error
[   31.696990] ecc unrecoverable error
[   31.701171] ecc unrecoverable error
[   31.705017] ecc unrecoverable error
[   31.708770] ecc unrecoverable error
[   31.712554] ecc unrecoverable error
[   31.716796] ecc unrecoverable error
[   31.720550] ecc unrecoverable error
[   31.724792] ecc unrecoverable error
[   31.728576] ecc unrecoverable error
[   31.732330] ecc unrecoverable error
[   31.736175] ecc unrecoverable error
[   31.740356] ecc unrecoverable error
[   31.744201] ecc unrecoverable error
[   31.748352] ecc unrecoverable error
[   31.752136] ecc unrecoverable error
[   31.755981] ecc unrecoverable error
[   31.759765] ecc unrecoverable error
[   31.764221] ecc unrecoverable error
[   31.768005] ecc unrecoverable error
[   31.772186] ecc unrecoverable error
[   31.776031] ecc unrecoverable error
[   31.779815] ecc unrecoverable error
[   31.783630] ecc unrecoverable error
[   31.787841] ecc unrecoverable error
[   31.791625] ecc unrecoverable error
[   31.795867] ecc unrecoverable error
[   31.799652] ecc unrecoverable error
[   31.803405] ecc unrecoverable error
[   31.807250] ecc unrecoverable error
[   31.811401] ecc unrecoverable error
[   31.815246] ecc unrecoverable error
[   31.819427] ecc unrecoverable error
[   31.823211] ecc unrecoverable error
[   31.827056] ecc unrecoverable error
[   31.830810] ecc unrecoverable error
[   31.835052] ecc unrecoverable error
[   31.838836] ecc unrecoverable error
[   31.843017] ecc unrecoverable error
[   31.846862] ecc unrecoverable error
[   31.850616] ecc unrecoverable error
[   31.854431] ecc unrecoverable error
[   31.858612] ecc unrecoverable error
[   31.862396] ecc unrecoverable error
[   31.866638] ecc unrecoverable error
[   31.870422] ecc unrecoverable error
[   31.874237] ecc unrecoverable error
[   31.878021] ecc unrecoverable error
[   31.882171] ecc unrecoverable error
[   31.886016] ecc unrecoverable error
[   31.890167] ecc unrecoverable error
[   31.894012] ecc unrecoverable error
[   31.897766] ecc unrecoverable error
[   31.901550] ecc unrecoverable error
[   31.905761] ecc unrecoverable error
[   31.909545] ecc unrecoverable error
[   31.913787] ecc unrecoverable error
[   31.917541] ecc unrecoverable error
[   31.921295] ecc unrecoverable error
[   31.925140] ecc unrecoverable error
[   31.929290] ecc unrecoverable error
[   31.933074] ecc unrecoverable error
[   31.937286] ecc unrecoverable error
[   31.941070] ecc unrecoverable error
[   31.944915] ecc unrecoverable error
[   31.948669] ecc unrecoverable error
[   31.952850] ecc unrecoverable error
[   31.956695] ecc unrecoverable error
[   31.960876] ecc unrecoverable error
[   31.964691] ecc unrecoverable error
[   31.968475] ecc unrecoverable error
[   31.972259] ecc unrecoverable error
[   31.976531] ecc unrecoverable error
[   31.980316] ecc unrecoverable error
[   31.984527] ecc unrecoverable error
[   31.988311] ecc unrecoverable error
[   31.992065] ecc unrecoverable error
[   31.995910] ecc unrecoverable error
[   32.000122] ecc unrecoverable error
[   32.003967] ecc unrecoverable error
[   32.008117] ecc unrecoverable error
[   32.011871] ecc unrecoverable error
[   32.015716] ecc unrecoverable error
[   32.019500] ecc unrecoverable error
[   32.023742] ecc unrecoverable error
[   32.027526] ecc unrecoverable error
[   32.031677] ecc unrecoverable error
[   32.035522] ecc unrecoverable error
[   32.039306] ecc unrecoverable error
[   32.043060] ecc unrecoverable error
[   32.047271] ecc unrecoverable error
[   32.051055] ecc unrecoverable error
[   32.055572] ecc unrecoverable error
[   32.059326] ecc unrecoverable error
[   32.063110] ecc unrecoverable error
[   32.066986] ecc unrecoverable error
[   32.071289] ecc unrecoverable error
[   32.075164] ecc unrecoverable error
[   32.079406] ecc unrecoverable error
[   32.083190] ecc unrecoverable error
[   32.087066] ecc unrecoverable error
[   32.090850] ecc unrecoverable error
[   32.095123] ecc unrecoverable error
[   32.098907] ecc unrecoverable error
[   32.103088] ecc unrecoverable error
[   32.106933] ecc unrecoverable error
[   32.110687] ecc unrecoverable error
[   32.114532] ecc unrecoverable error
[   32.118713] ecc unrecoverable error
[   32.122467] ecc unrecoverable error
[   32.126922] ecc unrecoverable error
[   32.130706] ecc unrecoverable error
[   32.134521] ecc unrecoverable error
[   32.138305] ecc unrecoverable error
[   32.142517] ecc unrecoverable error
[   32.146362] ecc unrecoverable error
[   32.150543] ecc unrecoverable error
[   32.154388] ecc unrecoverable error
[   32.158142] ecc unrecoverable error
[   32.161926] ecc unrecoverable error
[   32.174194] ecc unrecoverable error
[   32.178009] ecc unrecoverable error
[   32.183959] ecc unrecoverable error
[   32.187774] ecc unrecoverable error
[   32.192169] ecc unrecoverable error
[   32.196136] ecc unrecoverable error
[   32.200500] ecc unrecoverable error
[   32.204406] ecc unrecoverable error
[   32.208648] ecc unrecoverable error
[   32.212432] ecc unrecoverable error
[   32.216735] ecc unrecoverable error
[   32.220489] ecc unrecoverable error
[   32.224792] ecc unrecoverable error
[   32.228546] ecc unrecoverable error
[   32.232696] ecc unrecoverable error
[   32.236572] ecc unrecoverable error
Starting Dropbear SSH server: dropbear.
Starting telnet daemon.
Starting network benchmark server: netserver.
Starting syslogd/klogd: done
Starting thttpd.
Starting Lighttpd Web Server: lighttpd.
2016-03-14 21:57:07: (log.c.166) server started 
Starting Matrix GUI application.
***************************************************************
***************************************************************
NOTICE: This file system contains the followin GPLv3 packages:
	binutils-dev
	binutils-symlinks
	binutils
	gdbserver
If you do not wish to distribute GPLv3 components please remove
the above packages prior to distribution.  This can be done using
the opkg remove command.  i.e.:
    opkg remove <package>
Where <package> is the name printed in the list above
NOTE: If the package is a dependency of another package you
      will be notified of the dependent packages.  You should
      use the --force-removal-of-dependent-packages option to
      also remove the dependent packages as well
***************************************************************
***************
 _____                    _____           _         _   
|  _  |___ ___ ___ ___   |  _  |___ ___  |_|___ ___| |_ 
|     |  _| .'| . | . |  |   __|  _| . | | | -_|  _|  _|
|__|__|_| |__,|_  |___|  |__|  |_| |___|_| |___|___|_|  
              |___|                    |___|            
Arago Project http://arago-project.org am37x-evm ttyO0
Arago 2011.09 am37x-evm ttyO0
am37x-evm login: 
- 01:17:28 [INFO] Host: root
- 01:17:29 [INFO] Target: 
root
root@am37x-evm:~# 
- 01:17:29 [INFO] Disconnected serial from am37x-evm
- 01:17:29 [INFO] Connected to am37x-evm via serial 
- 01:17:29 [INFO] Host: uname -a
- 01:17:29 [INFO] Target: 
uname -a
Linux am37x-evm 4.6.0-rc1-next-20160330-00002-gefea4f52f0b7 #1 SMP Wed Mar 30 00:30:49 CDT 2016 armv7l unknown
root@am37x-evm:~# 
- 01:17:29 [INFO] Host: cat /proc/cmdline
- 01:17:29 [INFO] Target: 
cat /proc/cmdline
console=ttyO0,115200n8 earlyprintk=serial,ttyO0,115200n8   ip=:::::eth0:dhcp  root=/dev/mmcblk0p2 rw rootfstype=ext3 rootwait 
root@am37x-evm:~# 
- 01:17:29 [INFO] Host: uname -a
- 01:17:29 [INFO] Target: 
uname -a
Linux am37x-evm 4.6.0-rc1-next-20160330-00002-gefea4f52f0b7 #1 SMP Wed Mar 30 00:30:49 CDT 2016 armv7l unknown
root@am37x-evm:~# 
- 01:17:29 [INFO] Host: cat /proc/mtd
- 01:17:29 [INFO] Target: 
cat /proc/mtd
dev:    size   erasesize  name
mtd0: 00080000 00020000 "X-Loader"
mtd1: 001c0000 00020000 "U-Boot"
mtd2: 00040000 00020000 "Environment"
mtd3: 00500000 00020000 "Kernel"
mtd4: 1f880000 00020000 "Filesystem"
root@am37x-evm:~# 
- 01:17:30 [INFO] Host: export IPERFHOST=192.168.0.1
- 01:17:30 [INFO] Target: 
export IPERFHOST=192.168.0.1
root@am37x-evm:~# 
- 01:17:30 [INFO] Host: export NFS_SERVER=192.168.0.1
- 01:17:30 [INFO] Target: 
export NFS_SERVER=192.168.0.1
root@am37x-evm:~# 
- 01:17:30 [INFO] Host: export NFS_ROOT_PATH=/home/tigtfarm06/NFS_exports/linux/am37x-evm
- 01:17:30 [INFO] Target: 
export NFS_ROOT_PATH=/home/tigtfarm06/NFS_exports/linux/am37x-
root@am37x-evm:~# 
- 01:17:30 [INFO] Host: export AP_SSID=
- 01:17:30 [INFO] Target: 
export AP_SSID=
root@am37x-evm:~# 
- 01:17:30 [INFO] Host: mkdir -p -m 777 /test
- 01:17:30 [INFO] Target: 
mkdir -p -m 777 /test
root@am37x-evm:~# 
- 01:17:30 [INFO] Host: cd /test
- 01:17:30 [INFO] Target: 
cd /test
root@am37x-evm:/test# 
- 01:17:30 [INFO] Host: cat > test.sh << EOF
- 01:17:30 [INFO] Target: 
cat > test.sh << EOF
- 01:17:30 [INFO] Host: failtest() {
- 01:17:30 [INFO] Target: 
failtest() {
- 01:17:30 [INFO] Host:   echo 1 >&3
- 01:17:30 [INFO] Target: 
  echo 1 >&3
- 01:17:30 [INFO] Host: }
- 01:17:31 [INFO] Target: 
- 01:17:31 [INFO] Host: timeout=600
- 01:17:31 [INFO] Target: 
timeout=600
- 01:17:31 [INFO] Host: 
- 01:17:31 [INFO] Target: 
- 01:17:31 [INFO] Host: # Start of user's script logic
- 01:17:31 [INFO] Target: 
# Start of user's script logic
- 01:17:31 [INFO] Host: mount -t proc proc /proc 2>/dev/null;
- 01:17:31 [INFO] Target: 
mount -t proc proc /proc 2>/dev/null;
- 01:17:31 [INFO] Host: 
- 01:17:31 [INFO] Target: 
- 01:17:31 [INFO] Host: mount -t sysfs sys /sys 2>/dev/null;
- 01:17:31 [INFO] Target: 
mount -t sysfs sys /sys 2>/dev/null;
- 01:17:31 [INFO] Host: 
- 01:17:31 [INFO] Target: 
- 01:17:31 [INFO] Host: mount -t debugfs none /sys/kernel/debug 2>/dev/null;
- 01:17:31 [INFO] Target: 
mount -t debugfs none /sys/kernel/debug 2>/dev/null;
- 01:17:31 [INFO] Host: 
- 01:17:31 [INFO] Target: 
- 01:17:31 [INFO] Host: echo 'cpuinfo:';cat /proc/cpuinfo; echo '=======';
- 01:17:32 [INFO] Target: 
echo 'cpuinfo:';cat /proc/cpuinfo; echo '=======';
- 01:17:32 [INFO] Host: 
- 01:17:32 [INFO] Target: 
- 01:17:32 [INFO] Host: echo 'soc info:';head /sys/devices/soc0/* 2>/dev/null; echo '=======';
- 01:17:32 [INFO] Target: 
echo 'soc info:';head /sys/devices/soc0/* 2>/dev/null; echo '=======';
- 01:17:32 [INFO] Host: 
- 01:17:32 [INFO] Target: 
- 01:17:32 [INFO] Host: echo 'DT Model info'; head /proc/device-tree/name /proc/device-tree/model /proc/device-tree/compatible 2>/dev/null;echo; echo '=======';
- 01:17:32 [INFO] Target: 
echo 'DT Model info'; head /proc/device-tree/name /proc/device-tree/model /pro
c/device-tree/compatible 2>/dev/null;echo; echo '=======';
- 01:17:32 [INFO] Host: 
- 01:17:32 [INFO] Target: 
- 01:17:32 [INFO] Host: echo 'interrupts:';cat /proc/interrupts; echo '=======';
- 01:17:32 [INFO] Target: 
echo 'interrupts:';cat /proc/interrupts; echo '=======';
- 01:17:32 [INFO] Host: 
- 01:17:32 [INFO] Target: 
- 01:17:32 [INFO] Host: echo 'Clk_summary:';cat /sys/kernel/debug/clk/clk_summary; echo '=======';
- 01:17:32 [INFO] Target: 
echo 'Clk_summary:';cat /sys/kernel/debug/clk/clk_summary; echo '=======';
- 01:17:32 [INFO] Host: 
- 01:17:32 [INFO] Target: 
- 01:17:32 [INFO] Host: echo "Available frequencies"; cat /sys/devices/system/cpu/cpu0/cpufreq/scaling_available_frequencies 2>/dev/null;echo '=======';
- 01:17:33 [INFO] Target: 
echo "Available frequencies"; cat /sys/devices/system/cpu/cpu0/cpufreq/scaling
_available_frequencies 2>/dev/null;echo '=======';
- 01:17:33 [INFO] Host: 
- 01:17:33 [INFO] Target: 
- 01:17:33 [INFO] Host: TMPF=/tmp/a.\$\$; TMPF2=/tmp/b.\$\$; STR=""
- 01:17:33 [INFO] Target: 
TMPF=/tmp/a.\$\$; TMPF2=/tmp/b.\$\$; STR=""
- 01:17:33 [INFO] Host: 
- 01:17:33 [INFO] Target: 
- 01:17:33 [INFO] Host: cp /dev/kmsg \$TMPF &
- 01:17:33 [INFO] Target: 
cp /dev/kmsg \$TMPF &
- 01:17:33 [INFO] Host: 
- 01:17:33 [INFO] Target: 
- 01:17:33 [INFO] Host: PID=\$! ; sleep 5; kill -9 \$PID
- 01:17:33 [INFO] Target: 
PID=\$! ; sleep 5; kill -9 \$PID
- 01:17:33 [INFO] Host: 
- 01:17:33 [INFO] Target: 
- 01:17:33 [INFO] Host: 
- 01:17:33 [INFO] Target: 
- 01:17:33 [INFO] Host: 
- 01:17:33 [INFO] Target: 
- 01:17:33 [INFO] Host: cat \$TMPF|grep "^0">\$TMPF2; N=\`cat \$TMPF2|wc -l\`; if [ "\$N" -ne 0 ]; then STR="\$STR emerg=\$N";echo "===== EMERGE++";cat \$TMPF2|cut -d ';' -f2;echo "====="; fi
- 01:17:34 [INFO] Target: 
cat \$TMPF|grep "^0">\$TMPF2; N=\`cat \$TMPF2|wc -l\`; if [ "\$N" -ne 0 ]; the
n STR="\$STR emerg=\$N";echo "===== EMERGE++";cat \$TMPF2|cut -d ';' -f2;echo "=
===="; fi
- 01:17:34 [INFO] Host: 
- 01:17:34 [INFO] Target: 
- 01:17:34 [INFO] Host: cat \$TMPF|grep "^1">\$TMPF2; N=\`cat \$TMPF2|wc -l\`; if [ "\$N" -ne 0 ]; then STR="\$STR alert=\$N";echo "===== ALERT ==";cat \$TMPF2|cut -d ';' -f2;echo "====="; fi
- 01:17:34 [INFO] Target: 
cat \$TMPF|grep "^1">\$TMPF2; N=\`cat \$TMPF2|wc -l\`; if [ "\$N" -ne 0 ]; the
n STR="\$STR alert=\$N";echo "===== ALERT ==";cat \$TMPF2|cut -d ';' -f2;echo "=
===="; fi
- 01:17:34 [INFO] Host: 
- 01:17:34 [INFO] Target: 
- 01:17:34 [INFO] Host: cat \$TMPF|grep "^2">\$TMPF2; N=\`cat \$TMPF2|wc -l\`; if [ "\$N" -ne 0 ]; then STR="\$STR crit=\$N";echo "===== CRIT ==";cat \$TMPF2|cut -d ';' -f2;echo "====="; fi
- 01:17:34 [INFO] Target: 
cat \$TMPF|grep "^2">\$TMPF2; N=\`cat \$TMPF2|wc -l\`; if [ "\$N" -ne 0 ]; the
n STR="\$STR crit=\$N";echo "===== CRIT ==";cat \$TMPF2|cut -d ';' -f2;echo "===
=="; fi
- 01:17:34 [INFO] Host: 
- 01:17:38 [INFO] Target: 
- 01:17:38 [INFO] Host: cat \$TMPF|grep "^3">\$TMPF2; N=\`cat \$TMPF2|wc -l\`; if [ "\$N" -ne 0 ]; then STR="\$STR err=\$N";echo "===== ERR ==";cat \$TMPF2|cut -d ';' -f2;echo "=====" ;fi
- 01:17:38 [INFO] Target: 
cat \$TMPF|grep "^3">\$TMPF2; N=\`cat \$TMPF2|wc -l\`; if [ "\$N" -ne 0 ]; the
n STR="\$STR err=\$N";echo "===== ERR ==";cat \$TMPF2|cut -d ';' -f2;echo "=====
" ;fi
- 01:17:38 [INFO] Host: 
- 01:17:38 [INFO] Target: 
- 01:17:38 [INFO] Host: cat \$TMPF|grep "^4">\$TMPF2; N=\`cat \$TMPF2|wc -l\`; if [ "\$N" -ne 0 ]; then STR="\$STR warn=\$N";echo "===== WARN ==";cat \$TMPF2|cut -d ';' -f2;echo "=====" ;fi
- 01:17:38 [INFO] Target: 
cat \$TMPF|grep "^4">\$TMPF2; N=\`cat \$TMPF2|wc -l\`; if [ "\$N" -ne 0 ]; the
n STR="\$STR warn=\$N";echo "===== WARN ==";cat \$TMPF2|cut -d ';' -f2;echo "===
==" ;fi
- 01:17:38 [INFO] Host: 
- 01:17:38 [INFO] Target: 
- 01:17:38 [INFO] Host: rm \$TMPF \$TMPF2; echo "SUM""MARY RESULT: BOOT:" 'PASS: H''ello World' 'B''oard' "Booted" "Boot Log has::::\$STR:"
- 01:17:38 [INFO] Target: 
rm \$TMPF \$TMPF2; echo "SUM""MARY RESULT: BOOT:" 'PASS: H''ello World' 'B''oa
rd' "Booted" "Boot Log has::::\$STR:"
- 01:17:38 [INFO] Host: 
- 01:17:38 [INFO] Target: 
- 01:17:38 [INFO] Host: EOF
- 01:17:38 [INFO] Target: 
root@am37x-evm:/test# 
- 01:17:38 [INFO] Host: cd /test
- 01:17:38 [INFO] Target: 
cd /test
root@am37x-evm:/test# 
- 01:17:38 [INFO] Host: chmod +x test.sh
- 01:17:38 [INFO] Target: 
chmod +x test.sh
root@am37x-evm:/test# 
- 01:17:38 [INFO] Host: ./test.sh 2> stderr.log > stdout.log 3> result.log
- 01:17:44 [INFO] Target: 
./test.sh 2> stderr.log > stdout.log 3> result.log
root@am37x-evm:/test# 
- 01:17:44 [INFO] Host: echo $?
- 01:17:44 [INFO] Target: 
echo $?
root@am37x-evm:/test# 
- 01:17:44 [INFO] Host: cd /test
- 01:17:44 [INFO] Target: 
cd /test
root@am37x-evm:/test# 
- 01:17:44 [INFO] Host: cat stdout.log
- 01:17:49 [INFO] Target: 
cat stdout.log
cpuinfo:
processor	: 0
model name	: ARMv7 Processor rev 2 (v7l)
BogoMIPS	: 594.73
Features	: half thumb fastmult vfp edsp thumbee neon vfpv3 tls vfpd32 
CPU implementer	: 0x41
CPU architecture: 7
CPU variant	: 0x3
CPU part	: 0xc08
CPU revision	: 2
Hardware	: Generic OMAP36xx (Flattened Device Tree)
Revision	: 0000
Serial		: 0000000000000000
=======
soc info:
==> /sys/devices/soc0/family <==
OMAP3
==> /sys/devices/soc0/machine <==
OMAP3630
==> /sys/devices/soc0/power <==
==> /sys/devices/soc0/revision <==
ES1.2
==> /sys/devices/soc0/subsystem <==
==> /sys/devices/soc0/type <==
==> /sys/devices/soc0/uevent <==
=======
DT Model info
==> /proc/device-tree/name <==
==> /proc/device-tree/model <==
TI OMAP37XX EVM (TMDSEVM3730)
==> /proc/device-tree/compatible <==
ti,omap3-evm-37xxti,omap3630ti,omap3
=======
interrupts:
           CPU0       
 23:          0      INTC   7 Edge      TWL4030-PIH
 25:          0      INTC   9 Edge      l3-debug-irq
 26:          0      INTC  10 Edge      l3-app-irq
 28:          0      INTC  12 Edge      DMA
 29:       4189      INTC  13 Edge      omap-dma-engine
 36:          0      INTC  20 Edge      gpmc
 40:          0      INTC  24 Edge      480bd400.mmu
 45:          0      INTC  29 Edge      48310000.gpio
 46:          0      INTC  30 Edge      49050000.gpio
 47:          0      INTC  31 Edge      49052000.gpio
 48:          0      INTC  32 Edge      49054000.gpio
 49:          0      INTC  33 Edge      49056000.gpio
 50:         11      INTC  34 Edge      49058000.gpio
 53:       3488      INTC  37 Edge      gp_timer
 72:        963      INTC  56 Edge      48070000.i2c
 73:          0      INTC  57 Edge      48072000.i2c
 77:          0      INTC  61 Edge      48060000.i2c
 88:       6858      INTC  72 Edge      OMAP UART0
 99:       6855      INTC  83 Edge      mmc0
102:         13      INTC  86 Edge      mmc1
288:         11  49058000.gpio  16 Level     eth0
306:        724      PRCM Edge      pm_wkup
315:         69      PRCM Edge      pinctrl, pinctrl, pinctrl, pm_io
338:          0   pinctrl 338 Edge      4806a000.serial
341:          0   twl4030   0 Edge      twl4030_gpio
346:          0   twl4030   5 Edge      twl4030_power
375:         23   pinctrl 282 Edge      4809c000.mmc
IPI0:          0  CPU wakeup interrupts
IPI1:          0  Timer broadcast interrupts
IPI2:          0  Rescheduling interrupts
IPI3:          0  Function call interrupts
IPI4:          0  CPU stop interrupts
IPI5:          0  IRQ work interrupts
IPI6:          0  completion interrupts
Err:          0
=======
Clk_summary:
   clock                         enable_cnt  prepare_cnt        rate   accuracy   phase
----------------------------------------------------------------------------------------
 secure_32k_fck                           0            1       32768          0 0  
    wdt1_fck                              0            0       32768          0 0  
    gpt12_fck                             0            1       32768          0 0  
 dummy_ck                                 0            0           0          0 0  
 mcbsp_clks                               0            5           0          0 0  
 sys_altclk                               0            0           0          0 0  
 virt_38_4m_ck                            0            0    38400000          0 0  
 virt_26000000_ck                         1            1    26000000          0 0  
    osc_sys_ck                            1            1    26000000          0 0  
       sys_clkout1                        0            0    26000000          0 0  
       sys_ck                             3           18    13000000          0 0  
          gpt9_fck                        0            1    13000000          0 0  
          gpt8_fck                        0            1    13000000          0 0  
          gpt7_fck                        0            1    13000000          0 0  
          gpt6_fck                        0            1    13000000          0 0  
          gpt5_fck                        0            1    13000000          0 0  
          gpt4_fck                        0            1    13000000          0 0  
          gpt3_fck                        0            1    13000000          0 0  
          gpt2_fck                        0            1    13000000          0 0  
          cpefuse_fck                     0            0    13000000          0 0  
          dpll5_ck                        0            1   120000000          0 0  
             dpll5_m2_ck                  0            1   120000000          0 0  
                dpll5_m2_d20_ck           0            0     6000000          0 0  
                dpll5_m2_d16_ck           0            0     7500000          0 0  
                dpll5_m2_d8_ck            0            0    15000000          0 0  
                dpll5_m2_d4_ck            0            0    30000000          0 0  
                usbhost_120m_fck           0            0   120000000          0 0  
                usbtll_fck                0            1   120000000          0 0  
          sys_d2_ck                       0            0     6500000          0 0  
             usim_fck                     0            0     6500000          0 0  
          modem_fck                       0            0    13000000          0 0  
          dpll2_ck                        0            1   260000000          0 0  
             dpll2_m2_ck                  0            1   260000000          0 0  
                iva2_ck                   0            2   260000000          0 0  
          sr2_fck                         0            1    13000000          0 0  
          sr1_fck                         0            1    13000000          0 0  
          traceclk_src_fck                0            0    13000000          0 0  
             traceclk_fck                 0            0    13000000          0 0  
          emu_src_mux_ck                  0            1    13000000          0 0  
             emu_src_ck                   0            1    13000000          0 0  
                atclk_fck                 0            0    13000000          0 0  
                pclkx2_fck                0            0    13000000          0 0  
                pclk_fck                  0            0     6500000          0 0  
          dss2_alwon_fck                  0            2    13000000          0 0  
          dpll1_ck                        0            1   600000000          0 0  
             dpll1_x2_ck                  0            1  1200000000          0 0  
                dpll1_x2m2_ck             0            1  1200000000          0 0  
                   mpu_ck                 0            1  1200000000          0 0  
                      emu_mpu_alwon_ck           0            0  1200000000          0 0  
                      arm_fck             0            1   600000000          0 0  
          dpll3_ck                        1            1   400000000          0 0  
             dpll3_x2_ck                  0            0   800000000          0 0  
             dpll3_m2_ck                  1            2   400000000          0 0  
                dpll3_m2x2_ck             0            1   800000000          0 0  
                   corex2_fck             0            1   800000000          0 0  
                      ssi_ssr_fck_3430es2           0            1   266666667          0 0  
                         ssi_sst_fck_3430es2           0            0   133333333          0 0  
                      corex2_d5_fck           0            0   160000000          0 0  
                      corex2_d3_fck           0            0   266666666          0 0  
                core_ck                   1            1   400000000          0 0  
                   core_d2_ck             0            0   200000000          0 0  
                      sgx_fck             0            0   200000000          0 0  
                   core_d6_ck             0            0    66666666          0 0  
                   core_d4_ck             0            0   100000000          0 0  
                   core_d3_ck             0            0   133333333          0 0  
                   dpll2_fck              0            0   400000000          0 0  
                   l3_ick                 2            3   200000000          0 0  
                      sgx_ick             0            0   200000000          0 0  
                      mad2d_ick           0            0   200000000          0 0  
                      sad2d_ick           0            1   200000000          0 0  
                      security_l3_ick           0            0   200000000          0 0  
                         pka_ick           0            0   200000000          0 0  
                      core_l3_ick           8           10   200000000          0 0  
                         hsotgusb_ick_3430es2           0            1   200000000          0 0  
                         gpmc_fck           2            2   200000000          0 0  
                         sdrc_ick           1            1   200000000          0 0  
                      l4_ick              7            8   100000000          0 0  
                         usbhost_ick           1            1   100000000          0 0  
                         dss_ick_3430es2           4            6   100000000          0 0  
                         sr_l4_ick           2            2   100000000          0 0  
                         ssi_l4_ick           1            1   100000000          0 0  
                            ssi_ick_3430es2           1            1   100000000          0 0  
                         cam_ick           0            1   100000000          0 0  
                         security_l4_ick2           0            0   100000000          0 0  
                            des1_ick           0            0   100000000          0 0  
                            sha11_ick           0            0   100000000          0 0  
                            rng_ick           0            0   100000000          0 0  
                            aes1_ick           0            0   100000000          0 0  
                         per_l4_ick          15           18   100000000          0 0  
                            mcbsp4_ick           1            1   100000000          0 0  
                            mcbsp3_ick           2            2   100000000          0 0  
                            mcbsp2_ick           2            2   100000000          0 0  
                            gpt2_ick           1            1   100000000          0 0  
                            gpt3_ick           1            1   100000000          0 0  
                            gpt4_ick           1            1   100000000          0 0  
                            gpt5_ick           1            1   100000000          0 0  
                            gpt6_ick           1            1   100000000          0 0  
                            gpt7_ick           1            1   100000000          0 0  
                            gpt8_ick           1            1   100000000          0 0  
                            gpt9_ick           1            1   100000000          0 0  
                            uart4_ick           1            1   100000000          0 0  
                            uart3_ick           1            1   100000000          0 0  
                            wdt3_ick           0            0   100000000          0 0  
                            gpio2_ick           0            1   100000000          0 0  
                            gpio3_ick           0            1   100000000          0 0  
                            gpio4_ick           0            1   100000000          0 0  
                            gpio5_ick           1            1   100000000          0 0  
                            gpio6_ick           1            1   100000000          0 0  
                         core_l4_ick          21           23   100000000          0 0  
                            mmchs3_ick           1            1   100000000          0 0  
                            usbtll_ick           1            1   100000000          0 0  
                            mailboxes_ick           0            1   100000000          0 0  
                            mspro_ick           0            0   100000000          0 0  
                            des2_ick           0            0   100000000          0 0  
                            icr_ick           0            0   100000000          0 0  
                            sha12_ick           1            2   100000000          0 0  
                            aes2_ick           1            2   100000000          0 0  
                            omapctrl_ick           1            1   100000000          0 0  
                            mcbsp1_ick           1            1   100000000          0 0  
                            mcbsp5_ick           1            1   100000000          0 0  
                            gpt10_ick           1            1   100000000          0 0  
                            gpt11_ick           1            1   100000000          0 0  
                            uart1_ick           1            1   100000000          0 0  
                            uart2_ick           1            1   100000000          0 0  
                            i2c1_ick           1            1   100000000          0 0  
                            i2c2_ick           1            1   100000000          0 0  
                            i2c3_ick           1            1   100000000          0 0  
                            mcspi1_ick           1            1   100000000          0 0  
                            mcspi2_ick           1            1   100000000          0 0  
                            mcspi3_ick           1            1   100000000          0 0  
                            mcspi4_ick           1            1   100000000          0 0  
                            hdq_ick           0            1   100000000          0 0  
                            mmchs1_ick           1            1   100000000          0 0  
                            mmchs2_ick           1            1   100000000          0 0  
                         rm_ick           0            0    50000000          0 0  
                   dpll1_fck              0            0   200000000          0 0  
             dpll3_m3_ck                  0            0   200000000          0 0  
                dpll3_m3x2_mul_ck           0            0   400000000          0 0  
                   dpll3_m3x2_ck           0            0   400000000          0 0  
                      emu_core_alwon_ck           0            0   400000000          0 0  
          dpll4_ck                        1            3   864000000          0 0  
             dpll4_x2_ck                  0            0  1728000000          0 0  
             dpll4_m6_ck                  0            0   288000000          0 0  
                dpll4_m6x2_mul_ck           0            0   288000000          0 0  
                   dpll4_m6x2_ck           0            0   288000000          0 0  
                      emu_per_alwon_ck           0            0   288000000          0 0  
             dpll4_m5_ck                  0            0   216000000          0 0  
                dpll4_m5x2_mul_ck           0            0   216000000          0 0  
                   dpll4_m5x2_ck           0            0   216000000          0 0  
                      cam_mclk            0            0   216000000          0 0  
             dpll4_m4_ck                  0            1    96000000          0 0  
                dpll4_m4x2_mul_ck           0            1    96000000          0 0  
                   dpll4_m4x2_ck           0            1    96000000          0 0  
                      dss1_alwon_fck_3430es2           0            4    96000000          0 0  
             dpll4_m3_ck                  0            1    54000000          0 0  
                dpll4_m3x2_mul_ck           0            1    54000000          0 0  
                   dpll4_m3x2_ck           0            1    54000000          0 0  
                      omap_54m_fck           0            1    54000000          0 0  
                         clkout2_src_ck           0            0    54000000          0 0  
                            sys_clkout2           0            0    54000000          0 0  
                         dss_tv_fck           0            2    54000000          0 0  
             dpll4_m2_ck                  1            1    96000000          0 0  
                dpll4_m2x2_mul_ck           1            1    96000000          0 0  
                   dpll4_m2x2_ck           1            1    96000000          0 0  
                      omap_192m_alwon_fck           0            0    96000000          0 0  
                      omap_96m_alwon_fck           1            2    96000000          0 0  
                         per_96m_fck           0            6    96000000          0 0  
                            mcbsp4_fck           0            1    96000000          0 0  
                            mcbsp3_fck           0            2    96000000          0 0  
                            mcbsp2_fck           0            2    96000000          0 0  
                         cm_96m_fck           1            2    96000000          0 0  
                            cm_96m_d2_fck           1            1    48000000          0 0  
                               omap_48m_fck           2            4    48000000          0 0  
                                  usbhost_48m_fck           0            1    48000000          0 0  
                                  per_48m_fck           2            2    48000000          0 0  
                                     uart4_fck           1            1    48000000          0 0  
                                     uart3_fck           1            1    48000000          0 0  
                                  core_48m_fck           2            6    48000000          0 0  
                                     uart1_fck           1            1    48000000          0 0  
                                     uart2_fck           1            1    48000000          0 0  
                                     mcspi1_fck           0            1    48000000          0 0  
                                     mcspi2_fck           0            1    48000000          0 0  
                                     mcspi3_fck           0            1    48000000          0 0  
                                     mcspi4_fck           0            1    48000000          0 0  
                                  omap_12m_fck           0            1    12000000          0 0  
                                     core_12m_fck           0            1    12000000          0 0  
                                        hdq_fck             0            1    12000000          0 0  
                            omap_96m_fck           0            2    96000000          0 0  
                               omap_96m_d10_fck           0            0     9600000          0 0  
                               omap_96m_d8_fck           0            0    12000000          0 0  
                               omap_96m_d4_fck           0            0    24000000          0 0  
                               omap_96m_d2_fck           0            0    48000000          0 0  
                               dss_96m_fck           0            2    96000000          0 0  
                               core_96m_fck           0           10    96000000          0 0  
                                  mcbsp1_fck           0            1    96000000          0 0  
                                  mcbsp5_fck           0            1    96000000          0 0  
                                  mmchs3_fck           0            1    96000000          0 0  
                                  mspro_fck           0            0    96000000          0 0  
                                  csi2_96m_fck           0            0    96000000          0 0  
                                  i2c1_fck           0            1    96000000          0 0  
                                  i2c2_fck           0            1    96000000          0 0  
                                  i2c3_fck           0            1    96000000          0 0  
                                  mmchs1_fck           0            1    96000000          0 0  
                                  mmchs2_fck           0            1    96000000          0 0  
