- 06:24:41 [INFO] Starting target session
- 06:24:41 [INFO] Connected to am37x-evm via serial 
- 06:24:41 [INFO] Host: #check prompt
- 06:24:44 [ERROR] On command: #check prompt waiting for #check prompt.+?(?-mix:((?-mix:login:)|[Pp]assword)) >>> error: execution expired
- 06:24:44 [INFO] Target: 
#check prompt
root@am37x-evm:/test# 
- 06:24:44 [INFO] Host: #check prompt
- 06:24:44 [INFO] Target: 
#check prompt
root@am37x-evm:/test# 
- 06:24:44 [INFO] Host: sync;poweroff
- 06:24:58 [INFO] Target: 
sync;poweroff
INIT: Switching to runlevel:
INIT: Broadcast message from root@am37x-evm (ttyO0) (Thu Aug 28 02:01:13 2014):
The system is going down for system halt NOW!
Sending processes the TERM signal
root@am37x-evm:/test# 
INIT: Sending processStopping syslogd/klogd: stopped syslogd (pid 1298)
stopped klogd (pid 1301)
done
Deconfiguring network interfaces... done.
Sending all processes the TERM signal...
Sending all processes the KILL signal...
Unmounting remote filesystems...
Deactivating swap...
Unmounting local filesystems...
[ 2613.904663] reboot: System halted
- 06:24:58 [INFO] Disconnected serial from am37x-evm
- 06:24:59 [INFO] Connected to am37x-evm via serial 
- 06:24:59 [INFO] Host: 
- 06:25:02 [INFO] Target: 
U-Boot SPL 2013.01.01 (Nov 27 2013 - 12:07:30)
OMAP SD/MMC: 0
reading u-boot.img
reading u-boot.img
U-Boot 2013.01.01 (Nov 27 2013 - 12:07:30)
OMAP3630/3730-GP ES1.2, CPU-OPP2, L3-165MHz, Max CPU Clock 1 Ghz
OMAP3 EVM board + LPDDR/NAND
I2C:   ready
DRAM:  256 MiB
NAND:  512 MiB
MMC:   OMAP SD/MMC: 0
In:    serial
Out:   serial
Err:   serial
Read back SMSC id 0x92200000
Die ID #16d400029ff80000015f02690c019016
Net:   smc911x-0
Hit any key to stop autoboot:  3  0 
OMAP3_EVM # 
OMAP3_EVM # 
OMAP3_EVM # 
OMAP3_EVM # 
OMAP3_EVM # 
OMAP3_EVM # 
OMAP3_EVM # 
OMAP3_EVM # 
OMAP3_EVM # 
OMAP3_EVM # 
OMAP3_EVM # 
OMAP3_EVM # 
- 06:25:02 [INFO] Host: 
- 06:25:02 [INFO] Target: 
OMAP3_EVM # 
- 06:25:02 [INFO] Host: version
- 06:25:02 [INFO] Target: 
OMAP3_EVM # version
U-Boot 2013.01.01 (Nov 27 2013 - 12:07:30)
arm-linux-gnueabihf-gcc (crosstool-NG linaro-1.13.1-4.7-2013.03-20130313 - Linaro GCC 2013.03) 4.7.3 20130226 (prerelease)
GNU ld (crosstool-NG linaro-1.13.1-4.7-2013.03-20130313 - Linaro GCC 2013.03) 2.23.1
OMAP3_EVM # 
- 06:25:02 [INFO] Host: setenv bootargs 'console=ttyO0,115200n8 earlyprintk  '
- 06:25:02 [INFO] Target: 
setenv bootargs 'console=ttyO0,115200n8 earlyprintk  '
OMAP3_EVM # 
- 06:25:02 [INFO] Host: setenv bootcmd  ''
- 06:25:03 [INFO] Target: 
setenv bootcmd  ''
OMAP3_EVM # 
- 06:25:03 [INFO] Host: setenv autoload 'no'
- 06:25:03 [INFO] Target: 
setenv autoload 'no'
OMAP3_EVM # 
- 06:25:03 [INFO] Host: setenv serverip '192.168.0.1'
- 06:25:03 [INFO] Target: 
setenv serverip '192.168.0.1'
OMAP3_EVM # 
- 06:25:03 [INFO] Host: setenv mmcdev ' '
- 06:25:03 [INFO] Target: 
setenv mmcdev ' '
OMAP3_EVM # 
- 06:25:03 [INFO] Host: printenv
- 06:25:03 [INFO] Target: 
printenv
autoload=no
baudrate=115200
bootargs=console=ttyO0,115200n8 earlyprintk  
bootcmd=
bootdelay=3
bootfile=uImage
bootscript=echo Running bootscript from mmc ...; source ${loadaddr}
console=ttyO0,115200n8
dieid#=16d400029ff80000015f02690c019016
ethact=smc911x-0
ethaddr=00:50:c2:7e:93:ba
loadaddr=0x82000000
loadbootscript=fatload mmc ${mmcdev} ${loadaddr} boot.scr
loaduimage=fatload mmc ${mmcdev} ${loadaddr} uImage
mmcargs=setenv bootargs console=${console} root=/dev/mmcblk0p2 rw rootfstype=ext3 rootwait
mmcboot=echo Booting from mmc ...; run mmcargs; bootm ${loadaddr}
mmcdev= 
nandargs=setenv bootargs console=${console} root=/dev/mtdblock4 rw rootfstype=jffs2
nandboot=echo Booting from nand ...; run nandargs; onenand read ${loadaddr} 280000 400000; bootm ${loadaddr}
ramdisk_addr=0x8A080000
serverip=192.168.0.1
stderr=serial
stdin=serial
stdout=serial
usbtty=cdc_acm
Environment size: 926/131068 bytes
OMAP3_EVM # 
- 06:25:03 [INFO] Host: printenv
- 06:25:03 [INFO] Target: 
printenv
autoload=no
baudrate=115200
bootargs=console=ttyO0,115200n8 earlyprintk  
bootcmd=
bootdelay=3
bootfile=uImage
bootscript=echo Running bootscript from mmc ...; source ${loadaddr}
console=ttyO0,115200n8
dieid#=16d400029ff80000015f02690c019016
ethact=smc911x-0
ethaddr=00:50:c2:7e:93:ba
loadaddr=0x82000000
loadbootscript=fatload mmc ${mmcdev} ${loadaddr} boot.scr
loaduimage=fatload mmc ${mmcdev} ${loadaddr} uImage
mmcargs=setenv bootargs console=${console} root=/dev/mmcblk0p2 rw rootfstype=ext3 rootwait
mmcboot=echo Booting from mmc ...; run mmcargs; bootm ${loadaddr}
mmcdev= 
nandargs=setenv bootargs console=${console} root=/dev/mtdblock4 rw rootfstype=jffs2
nandboot=echo Booting from nand ...; run nandargs; onenand read ${loadaddr} 280000 400000; bootm ${loadaddr}
ramdisk_addr=0x8A080000
serverip=192.168.0.1
stderr=serial
stdin=serial
stdout=serial
usbtty=cdc_acm
Environment size: 926/131068 bytes
OMAP3_EVM # 
- 06:25:03 [INFO] Host: setenv bootargs ''${bootargs}' ip=:::::eth0:dhcp '
- 06:25:03 [INFO] Target: 
setenv bootargs ''${bootargs}' ip=:::::eth0:dhcp '
OMAP3_EVM # 
- 06:25:03 [INFO] Host: setenv serverip '192.168.0.1'
- 06:25:03 [INFO] Target: 
setenv serverip '192.168.0.1'
OMAP3_EVM # 
- 06:25:03 [INFO] Host: setenv ipaddr dhcp
- 06:25:03 [INFO] Target: 
setenv ipaddr dhcp
OMAP3_EVM # 
- 06:25:03 [INFO] Host: setenv autoload 'no'
- 06:25:03 [INFO] Target: 
setenv autoload 'no'
OMAP3_EVM # 
- 06:25:03 [INFO] Host: dhcp
- 06:25:06 [INFO] Target: 
dhcp
smc911x: detected LAN9220 controller
smc911x: phy initialized
smc911x: MAC 00:50:c2:7e:93:ba
BOOTP broadcast 1
DHCP client bound to address 192.168.0.134
OMAP3_EVM # 
- 06:25:06 [INFO] Host: setenv serverip '192.168.0.1'
- 06:25:06 [INFO] Target: 
setenv serverip '192.168.0.1'
OMAP3_EVM # 
- 06:25:06 [INFO] Host: tftp ${loadaddr} 192.168.0.1:vatf_am37x-evm/5eac4ecdef7bf89a9bf48c8700c81f02
- 06:25:09 [INFO] Target: 
tftp ${loadaddr} 192.168.0.1:vatf_am37x-evm/5eac4ecdef7bf89a9bf48c8700c81f02
smc911x: detected LAN9220 controller
smc911x: phy initialized
smc911x: MAC 00:50:c2:7e:93:ba
Using smc911x-0 device
TFTP from server 192.168.0.1; our IP address is 192.168.0.134
Filename 'vatf_am37x-evm/5eac4ecdef7bf89a9bf48c8700c81f02'.
Load address: 0x82000000
Loading: *#################################################################
	 #################################################################
	 #################################################################
	 #############################################
	 3.3 MiB/s
done
Bytes transferred = 3520159 (35b69f hex)
OMAP3_EVM # 
- 06:25:09 [INFO] Host: ls mmc 0:1
- 06:25:09 [INFO] Target: 
ls mmc 0:1
ls - list files in a directory (default /)
Usage:
ls [ directory ]
OMAP3_EVM # 
- 06:25:09 [INFO] Host: ls mmc 0:2
- 06:25:09 [INFO] Target: 
ls mmc 0:2
ls - list files in a directory (default /)
Usage:
ls [ directory ]
OMAP3_EVM # 
- 06:25:09 [INFO] Host: ls mmc 0:3
- 06:25:09 [INFO] Target: 
ls mmc 0:3
ls - list files in a directory (default /)
Usage:
ls [ directory ]
OMAP3_EVM # 
- 06:25:09 [INFO] Host: ls mmc 0:4
- 06:25:09 [INFO] Target: 
ls mmc 0:4
ls - list files in a directory (default /)
Usage:
ls [ directory ]
OMAP3_EVM # 
- 06:25:09 [INFO] Host: ls mmc 0:5
- 06:25:09 [INFO] Target: 
ls mmc 0:5
ls - list files in a directory (default /)
Usage:
ls [ directory ]
OMAP3_EVM # 
- 06:25:09 [INFO] Host: part uuid mmc 0:
- 06:25:10 [INFO] Target: 
part uuid mmc 0:
Unknown command 'part' - try 'help'
OMAP3_EVM # 
- 06:25:10 [INFO] Host: printenv
- 06:25:10 [INFO] Target: 
printenv
autoload=no
baudrate=115200
bootargs=console=ttyO0,115200n8 earlyprintk ip=:::::eth0:dhcp
bootcmd=
bootdelay=3
bootfile=uImage
bootscript=echo Running bootscript from mmc ...; source ${loadaddr}
console=ttyO0,115200n8
dieid#=16d400029ff80000015f02690c019016
ethact=smc911x-0
ethaddr=00:50:c2:7e:93:ba
fileaddr=82000000
filesize=35B69F
gatewayip=192.168.0.1
ipaddr=192.168.0.134
loadaddr=0x82000000
loadbootscript=fatload mmc ${mmcdev} ${loadaddr} boot.scr
loaduimage=fatload mmc ${mmcdev} ${loadaddr} uImage
mmcargs=setenv bootargs console=${console} root=/dev/mmcblk0p2 rw rootfstype=ext3 rootwait
mmcboot=echo Booting from mmc ...; run mmcargs; bootm ${loadaddr}
mmcdev= 
nandargs=setenv bootargs console=${console} root=/dev/mtdblock4 rw rootfstype=jffs2
nandboot=echo Booting from nand ...; run nandargs; onenand read ${loadaddr} 280000 400000; bootm ${loadaddr}
netmask=255.255.255.0
ramdisk_addr=0x8A080000
serverip=192.168.0.1
stderr=serial
stdin=serial
stdout=serial
usbtty=cdc_acm
Environment size: 1051/131068 bytes
OMAP3_EVM # 
- 06:25:10 [INFO] Host: setenv bootargs ''${bootargs}' root=/dev/mmcblk0p2 rw rootfstype=ext3 rootwait '
- 06:25:10 [INFO] Target: 
setenv bootargs ''${bootargs}' root=/dev/mmcblk0p2 rw rootfstype=ext3 rootwait '
OMAP3_EVM # 
- 06:25:10 [INFO] Host: printenv
- 06:25:10 [INFO] Target: 
printenv
autoload=no
baudrate=115200
bootargs=console=ttyO0,115200n8 earlyprintk ip=:::::eth0:dhcp root=/dev/mmcblk0p2 rw rootfstype=ext3 rootwait
bootcmd=
bootdelay=3
bootfile=uImage
bootscript=echo Running bootscript from mmc ...; source ${loadaddr}
console=ttyO0,115200n8
dieid#=16d400029ff80000015f02690c019016
ethact=smc911x-0
ethaddr=00:50:c2:7e:93:ba
fileaddr=82000000
filesize=35B69F
gatewayip=192.168.0.1
ipaddr=192.168.0.134
loadaddr=0x82000000
loadbootscript=fatload mmc ${mmcdev} ${loadaddr} boot.scr
loaduimage=fatload mmc ${mmcdev} ${loadaddr} uImage
mmcargs=setenv bootargs console=${console} root=/dev/mmcblk0p2 rw rootfstype=ext3 rootwait
mmcboot=echo Booting from mmc ...; run mmcargs; bootm ${loadaddr}
mmcdev= 
nandargs=setenv bootargs console=${console} root=/dev/mtdblock4 rw rootfstype=jffs2
nandboot=echo Booting from nand ...; run nandargs; onenand read ${loadaddr} 280000 400000; bootm ${loadaddr}
netmask=255.255.255.0
ramdisk_addr=0x8A080000
serverip=192.168.0.1
stderr=serial
stdin=serial
stdout=serial
usbtty=cdc_acm
Environment size: 1099/131068 bytes
OMAP3_EVM # 
- 06:25:10 [INFO] Host: setenv bootcmd ''${bootcmd}' if iminfo ${loadaddr}; then bootm ${loadaddr}  ; else bootz ${loadaddr}  ; bootm ${loadaddr}  ; fi'
- 06:25:10 [INFO] Target: 
setenv bootcmd ''${bootcmd}' if iminfo ${loadaddr}; then bootm ${loadaddr}  ; else bootz ${loadaddr}  ; bootm ${loadaddr}  ; fi'
OMAP3_EVM # 
- 06:25:10 [INFO] Host: bdinfo
- 06:25:10 [INFO] Target: 
bdinfo
arch_number = 0x000005FF
boot_params = 0x80000100
DRAM bank   = 0x00000000
-> start    = 0x80000000
-> size     = 0x10000000
DRAM bank   = 0x00000001
-> start    = 0x90000000
-> size     = 0x00000000
ethaddr     = 00:50:c2:7e:93:ba
ip_addr     = 192.168.0.134
baudrate    = 115200 bps
TLB addr    = 0x8FFF0000
relocaddr   = 0x8FF6E000
reloc off   = 0x0FE6E000
irq_sp      = 0x8FF0DF58
sp start    = 0x8FF0DF48
FB base     = 0x00000000
OMAP3_EVM # 
- 06:25:10 [INFO] Host: mmc rescan
- 06:25:10 [INFO] Target: 
mmc rescan
OMAP3_EVM # 
- 06:25:10 [INFO] Host: fatwrite mmc ${mmcdev}:1 ${loadaddr} ws-calibrate.rules 4
- 06:25:10 [INFO] Target: 
fatwrite mmc ${mmcdev}:1 ${loadaddr} ws-calibrate.rules 4
Unknown command 'fatwrite' - try 'help'
OMAP3_EVM # 
- 06:25:10 [INFO] Host: boot
- 06:25:58 [INFO] Target: 
boot
Unknown command 'iminfo' - try 'help'
Unknown command 'bootz' - try 'help'
## Booting kernel from Legacy Image at 82000000 ...
   Image Name:   Linux-4.1.0-rc7-next-20150615-00
   Image Type:   ARM Linux Kernel Image (uncompressed)
   Data Size:    3520095 Bytes = 3.4 MiB
   Load Address: 80800000
   Entry Point:  80800000
   Verifying Checksum ... OK
   Loading Kernel Image ... OK
Starting kernel ...
[    0.000000] Booting Linux on physical CPU 0x0
[    0.000000] Initializing cgroup subsys cpuset
[    0.000000] Initializing cgroup subsys cpu
[    0.000000] Initializing cgroup subsys cpuacct
[    0.000000] Linux version 4.1.0-rc7-next-20150615-00002-g52d30491ea14 (nmenon@kahuna) (gcc version 4.6.3 (Ubuntu/Linaro 4.6.3-1ubuntu5) ) #3 SMP Tue Jun 16 05:36:37 CDT 2015
[    0.000000] CPU: ARMv7 Processor [413fc082] revision 2 (ARMv7), cr=10c5387d
[    0.000000] CPU: PIPT / VIPT nonaliasing data cache, VIPT aliasing instruction cache
[    0.000000] Machine model: TI OMAP37XX EVM (TMDSEVM3730)
[    0.000000] cma: Reserved 16 MiB at 0x8e800000
[    0.000000] Memory policy: Data cache writeback
[    0.000000] CPU: All CPU(s) started in SVC mode.
[    0.000000] OMAP3630 ES1.2 (l2cache iva sgx neon isp 192mhz_clk )
[    0.000000] PERCPU: Embedded 13 pages/cpu @cfc38000 s22848 r8192 d22208 u53248
[    0.000000] Built 1 zonelists in Zone order, mobility grouping on.  Total pages: 64704
[    0.000000] Kernel command line: console=ttyO0,115200n8 earlyprintk ip=:::::eth0:dhcp root=/dev/mmcblk0p2 rw rootfstype=ext3 rootwait
[    0.000000] PID hash table entries: 1024 (order: 0, 4096 bytes)
[    0.000000] Dentry cache hash table entries: 32768 (order: 5, 131072 bytes)
[    0.000000] Inode-cache hash table entries: 16384 (order: 4, 65536 bytes)
[    0.000000] Memory: 223700K/261120K available (6312K kernel code, 735K rwdata, 2184K rodata, 436K init, 8229K bss, 21036K reserved, 16384K cma-reserved, 0K highmem)
[    0.000000] Virtual kernel memory layout:
[    0.000000]     vector  : 0xffff0000 - 0xffff1000   (   4 kB)
[    0.000000]     fixmap  : 0xffc00000 - 0xfff00000   (3072 kB)
[    0.000000]     vmalloc : 0xd0800000 - 0xff000000   ( 744 MB)
[    0.000000]     lowmem  : 0xc0000000 - 0xd0000000   ( 256 MB)
[    0.000000]     pkmap   : 0xbfe00000 - 0xc0000000   (   2 MB)
[    0.000000]     modules : 0xbf000000 - 0xbfe00000   (  14 MB)
[    0.000000]       .text : 0xc0008000 - 0xc08544d8   (8498 kB)
[    0.000000]       .init : 0xc0855000 - 0xc08c2000   ( 436 kB)
[    0.000000]       .data : 0xc08c2000 - 0xc0979d20   ( 736 kB)
[    0.000000]        .bss : 0xc097c000 - 0xc1185788   (8230 kB)
[    0.000000] Running RCU self tests
[    0.000000] Hierarchical RCU implementation.
[    0.000000] 	RCU lockdep checking is enabled.
[    0.000000] 	Additional per-CPU info printed with stalls.
[    0.000000] 	Build-time adjustment of leaf fanout to 32.
[    0.000000] 	RCU restricting CPUs from NR_CPUS=2 to nr_cpu_ids=1.
[    0.000000] RCU: Adjusting geometry for rcu_fanout_leaf=32, nr_cpu_ids=1
[    0.000000] NR_IRQS:16 nr_irqs:16 16
[    0.000000] IRQ: Found an INTC at 0xfa200000 (revision 4.0) with 96 interrupts
[    0.000000] Clocking rate (Crystal/Core/MPU): 26.0/400/600 MHz
[    0.000000] OMAP clockevent source: timer1 at 32768 Hz
[    0.000000] clocksource: 32k_counter: mask: 0xffffffff max_cycles: 0xffffffff, max_idle_ns: 58327039986419 ns
[    0.000000] sched_clock: 32 bits at 32kHz, resolution 30517ns, wraps every 65535999984741ns
[    0.000030] OMAP clocksource: 32k_counter at 32768 Hz
[    0.001281] Console: colour dummy device 80x30
[    0.001373] Lock dependency validator: Copyright (c) 2006 Red Hat, Inc., Ingo Molnar
[    0.001373] ... MAX_LOCKDEP_SUBCLASSES:  8
[    0.001403] ... MAX_LOCK_DEPTH:          48
[    0.001403] ... MAX_LOCKDEP_KEYS:        8191
[    0.001434] ... CLASSHASH_SIZE:          4096
[    0.001434] ... MAX_LOCKDEP_ENTRIES:     32768
[    0.001464] ... MAX_LOCKDEP_CHAINS:      65536
[    0.001464] ... CHAINHASH_SIZE:          32768
[    0.001464]  memory used by lock dependency info: 5167 kB
[    0.001495]  per task-struct memory footprint: 1152 bytes
[    0.001525] Calibrating delay loop... 594.73 BogoMIPS (lpj=2973696)
[    0.107299] pid_max: default: 32768 minimum: 301
[    0.107849] Security Framework initialized
[    0.108062] Mount-cache hash table entries: 1024 (order: 0, 4096 bytes)
[    0.108093] Mountpoint-cache hash table entries: 1024 (order: 0, 4096 bytes)
[    0.112579] Initializing cgroup subsys blkio
[    0.112640] Initializing cgroup subsys memory
[    0.112762] Initializing cgroup subsys devices
[    0.112884] Initializing cgroup subsys freezer
[    0.113098] Initializing cgroup subsys perf_event
[    0.113189] CPU: Testing write buffer coherency: ok
[    0.115203] CPU0: thread -1, cpu 0, socket -1, mpidr 0
[    0.115356] Setting up static identity map for 0x80008280 - 0x800082f0
[    0.122192] Brought up 1 CPUs
[    0.122222] SMP: Total of 1 processors activated (594.73 BogoMIPS).
[    0.122222] CPU: All CPU(s) started in SVC mode.
[    0.126953] devtmpfs: initialized
[    0.245300] VFP support v0.3: implementor 41 architecture 3 part 30 variant c rev 3
[    0.334045] omap_hwmod: mcbsp2_sidetone using broken dt data from mcbsp
[    0.336547] omap_hwmod: mcbsp3_sidetone using broken dt data from mcbsp
[    0.448638] clocksource: jiffies: mask: 0xffffffff max_cycles: 0xffffffff, max_idle_ns: 19112604462750000 ns
[    0.451812] pinctrl core: initialized pinctrl subsystem
[    0.459625] NET: Registered protocol family 16
[    0.469329] DMA: preallocated 256 KiB pool for atomic coherent allocations
[    0.472442] cpuidle: using governor ladder
[    0.472503] cpuidle: using governor menu
[    0.473266] Reprogramming SDRC clock to 400000000 Hz
[    0.490020] OMAP GPIO hardware version 2.5
[    0.505584] irq: no irq domain found for /ocp/l4@48000000/scm@2000/pinmux@30 !
[    0.506683] irq: no irq domain found for /ocp/l4@48000000/scm@2000/pinmux@30 !
[    0.507629] irq: no irq domain found for /ocp/l4@48000000/scm@2000/pinmux@30 !
[    0.516387] irq: no irq domain found for /ocp/l4@48000000/scm@2000/pinmux@30 !
[    0.534912] omap-gpmc 6e000000.gpmc: GPMC revision 5.0
[    0.535186] gpmc_mem_init: disabling cs 0 mapped at 0x0-0x1000000
[    0.540252] platform 48058000.ssi-controller: Cannot lookup hwmod 'ssi'
[    0.550781] No ATAGs?
[    0.550811] hw-breakpoint: debug architecture 0x4 unsupported.
[    0.555145] OMAP DMA hardware revision 5.0
[    0.609252] omap-dma-engine 48056000.dma-controller: OMAP DMA engine driver
[    0.613006] reg-fixed-voltage wl12xx_vmmc: could not find pctldev for node /ocp/l4@48000000/scm@2000/pinmux@30/pinmux_wl12xx_gpio, deferring probe
[    0.620574] SCSI subsystem initialized
[    0.626831] omap_i2c 48070000.i2c: bus 0 rev4.4 at 2600 kHz
[    0.628997] omap_i2c 48072000.i2c: bus 1 rev4.4 at 400 kHz
[    0.631225] omap_i2c 48060000.i2c: bus 2 rev4.4 at 400 kHz
[    0.638366] clocksource: Switched to clocksource 32k_counter
[    0.880432] NET: Registered protocol family 2
[    0.883087] TCP established hash table entries: 2048 (order: 1, 8192 bytes)
[    0.883178] TCP bind hash table entries: 2048 (order: 4, 73728 bytes)
[    0.884307] TCP: Hash tables configured (established 2048 bind 2048)
[    0.884613] UDP hash table entries: 256 (order: 2, 20480 bytes)
[    0.884918] UDP-Lite hash table entries: 256 (order: 2, 20480 bytes)
[    0.886444] NET: Registered protocol family 1
[    0.889160] RPC: Registered named UNIX socket transport module.
[    0.889190] RPC: Registered udp transport module.
[    0.889221] RPC: Registered tcp transport module.
[    0.889221] RPC: Registered tcp NFSv4.1 backchannel transport module.
[    0.895385] hw perfevents: Failed to parse /pmu/interrupt-affinity[0]
[    0.895538] hw perfevents: enabled with armv7_cortex_a8 PMU driver, 5 counters available
[    0.904235] futex hash table entries: 256 (order: 2, 16384 bytes)
[    0.904724] audit: initializing netlink subsys (disabled)
[    0.905059] audit: type=2000 audit(0.890:1): initialized
[    0.911682] VFS: Disk quotas dquot_6.6.0
[    0.911895] VFS: Dquot-cache hash table entries: 1024 (order 0, 4096 bytes)
[    0.915344] NFS: Registering the id_resolver key type
[    0.915954] Key type id_resolver registered
[    0.915985] Key type id_legacy registered
[    0.916259] jffs2: version 2.2. (NAND) (SUMMARY)   2001-2006 Red Hat, Inc.
[    0.923461] io scheduler noop registered
[    0.923522] io scheduler deadline registered
[    0.923583] io scheduler cfq registered (default)
[    0.927215] pinctrl-single 48002030.pinmux: 284 pins at pa fa002030 size 568
[    0.928009] pinctrl-single 48002a00.pinmux: 46 pins at pa fa002a00 size 92
[    0.929504] pinctrl-single 480025a0.pinmux: 46 pins at pa fa0025a0 size 92
[    0.937103] Serial: 8250/16550 driver, 4 ports, IRQ sharing enabled
[    0.948791] 4806a000.serial: ttyO0 at MMIO 0x4806a000 (irq = 88, base_baud = 3000000) is a OMAP UART0
[    1.752838] console [ttyO0] enabled
[    1.760467] 4806c000.serial: ttyO1 at MMIO 0x4806c000 (irq = 89, base_baud = 3000000) is a OMAP UART1
[    1.773345] 49020000.serial: ttyO2 at MMIO 0x49020000 (irq = 90, base_baud = 3000000) is a OMAP UART2
[    1.785491] omap_uart 49042000.serial: no wakeirq for uart3
[    1.791900] 49042000.serial: ttyO3 at MMIO 0x49042000 (irq = 96, base_baud = 3000000) is a OMAP UART3
[    1.847045] brd: module loaded
[    1.877655] loop: module loaded
[    1.906646] twl 0-0048: PIH (irq 23) chaining IRQs 341..349
[    1.913146] twl 0-0048: power (irq 346) chaining IRQs 349..356
[    1.984832] twl4030_gpio twl4030-gpio: gpio (irq 341) chaining IRQs 357..374
[    2.075103] mtdoops: mtd device (mtddev=name/number) must be supplied
[    2.084808] nand: Could not find valid ONFI parameter page; aborting
[    2.091674] nand: device found, Manufacturer ID: 0xad, Chip ID: 0xbc
[    2.098449] nand: Hynix NAND 512MiB 1,8V 16-bit
[    2.103240] nand: 512 MiB, SLC, erase size: 128 KiB, page size: 2048, OOB size: 64
[    2.111236] nand: using OMAP_ECC_BCH8_CODE_HW_DETECTION_SW
[    2.119934] 5 ofpart partitions found on MTD device omap2-nand.0
[    2.126281] Creating 5 MTD partitions on "omap2-nand.0":
[    2.131988] 0x000000000000-0x000000080000 : "X-Loader"
[    2.146209] 0x000000080000-0x000000240000 : "U-Boot"
[    2.157806] 0x000000240000-0x000000280000 : "Environment"
[    2.168823] 0x000000280000-0x000000780000 : "Kernel"
[    2.183074] 0x000000780000-0x000020000000 : "Filesystem"
[    2.658752] libphy: smsc911x-mdio: probed
[    2.663543] smsc911x 2c000000.ethernet eth0: attached PHY driver [SMSC LAN8700] (mii_bus:phy_addr=2c000000.etherne:01, irq=-1)
[    2.675964] smsc911x 2c000000.ethernet eth0: MAC Address: 00:50:c2:7e:93:ba
[    2.689514] mousedev: PS/2 mouse device common for all mice
[    2.695404] i2c /dev entries driver
[    2.760162] omap_hsmmc 480b4000.mmc: unable to get vmmc regulator -517
[    2.770324] ledtrig-cpu: registered to indicate activity on CPUs
[    2.779052] oprofile: using arm/armv7
[    2.783935] Initializing XFRM netlink socket
[    2.788787] NET: Registered protocol family 17
[    2.793609] NET: Registered protocol family 15
[    2.798980] Key type dns_resolver registered
[    2.803863] omap2_set_init_voltage: unable to find boot up OPP for vdd_mpu_iva
[    2.811523] omap2_set_init_voltage: unable to set vdd_mpu_iva
[    2.817626] omap2_set_init_voltage: unable to find boot up OPP for vdd_core
[    2.825012] omap2_set_init_voltage: unable to set vdd_core
[    2.836242] ThumbEE CPU extension supported.
[    2.840942] Registering SWP/SWPB emulation handler
[    2.846008] SmartReflex Class3 initialized
[    2.869293] vwl1271: supplied by VMMC2
[    3.002441] hctosys: unable to open rtc device (rtc0)
[    3.007812] sr_init: No PMIC hook to init smartreflex
[    3.013854] smartreflex smartreflex.0: omap_sr_probe: SmartReflex driver initialized
[    3.023071] smartreflex smartreflex.1: omap_sr_probe: SmartReflex driver initialized
[    3.123443] smsc911x 2c000000.ethernet eth0: SMSC911x/921x identified at 0xd090e000, IRQ: 288
[    3.143493] mmc0: host does not support reading read-only switch, assuming write-enable
[    3.154418] mmc0: new high speed SDHC card at address b368
[    3.163696] mmcblk0: mmc0:b368 SDC   3.74 GiB 
[    3.175384]  mmcblk0: p1 p2 p3
[    3.191650] omap_hsmmc 480b4000.mmc: card claims to support voltages below defined range
[    3.220764] mmc1: queuing unknown CIS tuple 0x91 (3 bytes)
[    3.232208] mmc1: new SDIO card at address 0001
[    5.688385] Sending DHCP requests ., OK
[    5.748870] IP-Config: Got DHCP answer from 192.168.0.1, my address is 192.168.0.134
[    5.757934] IP-Config: Complete:
[    5.761474]      device=eth0, hwaddr=00:50:c2:7e:93:ba, ipaddr=192.168.0.134, mask=255.255.255.0, gw=192.168.0.1
[    5.772277]      host=192.168.0.134, domain=tim.com, nis-domain=(none)
[    5.779205]      bootserver=192.168.0.1, rootserver=192.168.0.1, rootpath=
[    5.786254]      nameserver0=192.0.2.2, nameserver1=192.0.2.3
[    5.792999] vwl1271: disabling
[    5.797607] VUSB3V1: disabling
[    5.804168] lcd_3v3: disabling
[    5.831817] kjournald starting.  Commit interval 5 seconds
[    5.838348] EXT3-fs (mmcblk0p2): warning: maximal mount count reached, running e2fsck is recommended
[    6.202423] EXT3-fs (mmcblk0p2): using internal journal
[    6.207946] EXT3-fs (mmcblk0p2): mounted filesystem with ordered data mode
[    6.215454] VFS: Mounted root (ext3 filesystem) on device 179:2.
[    6.228454] devtmpfs: mounted
[    6.232727] Freeing unused kernel memory: 436K (c0855000 - c08c2000)
INIT: version 2.86 booting
Please wait: booting...
Error opening /dev/fb0: No such file or directory
Starting udev
WARNING: -e needs -E or -F
[    7.385375] udevd (85): /proc/85/oom_adj is deprecated, please use /proc/85/oom_score_adj instead.
[   23.132537] kjournald starting.  Commit interval 5 seconds
[   23.138763] EXT3-fs (mmcblk0p3): warning: maximal mount count reached, running e2fsck is recommended
[   23.157287] EXT3-fs (mmcblk0p3): using internal journal
[   23.162994] EXT3-fs (mmcblk0p3): mounted filesystem with ordered data mode
[   23.271484] FAT-fs (mmcblk0p1): Volume was not properly unmounted. Some data may be corrupt. Please run fsck.
[   23.388000] alignment: ignoring faults is unsafe on this CPU.  Defaulting to fixup mode.
Remounting root file system...
Caching udev devnodes
logger: mount: mount point /proc/bus/usb does not exist
ALSA: Restoring mixer settings...
[   27.897003] random: nonblocking pool is initialized
/usr/sbin/alsactl: load_state:1625: No soundcards found...
Configuring network interfaces... [   29.419097] smsc911x 2c000000.ethernet eth0: SMSC911x/921x identified at 0xd090e000, IRQ: 288
eth0      no wireless extensions.
udhcpc (v1.13.2) started
Sending discover...
Sending discover...
Sending select for 192.168.0.58...
Lease of 192.168.0.58 obtained, lease time 600
adding dns 192.0.2.2
adding dns 192.0.2.3
done.
Setting up IP spoofing protection: rp_filter.
hwclock: can't open '/dev/misc/rtc': No such file or directory
Sun Feb 15 17:38:00 UTC 2015
hwclock: can't open '/dev/misc/rtc': No such file or directory
INIT: Entering runlevel: 5
Starting system message bus: dbus.
Starting Hardware abstraction layer hald
Starting Dropbear SSH server: dropbear.
Starting telnet daemon.
Starting network benchmark server: netserver.
Starting syslogd/klogd: done
Starting thttpd.
Starting Lighttpd Web Server: lighttpd.
2015-02-15 17:38:03: (log.c.166) server started 
Starting Matrix GUI application.
***************************************************************
***************************************************************
NOTICE: This file system contains the followin GPLv3 packages:
	binutils-dev
	binutils-symlinks
	binutils
	gdbserver
If you do not wish to distribute GPLv3 components please remove
the above packages prior to distribution.  This can be done using
the opkg remove command.  i.e.:
    opkg remove <package>
Where <package> is the name printed in the list above
NOTE: If the package is a dependency of another package you
      will be notified of the dependent packages.  You should
      use the --force-removal-of-dependent-packages option to
      also remove the dependent packages as well
***************************************************************
***************************************************************
 _____                    _____           _         _   
|  _  |___ ___ ___ ___   |  _  |___ ___  |_|___ ___| |_ 
|     |  _| .'| . | . |  |   __|  _| . | | | -_|  _|  _|
|__|__|_| |__,|_  |___|  |__|  |_| |___|_| |___|___|_|  
              |___|                    |___|            
Arago Project http://arago-project.org am37x-evm ttyO0
Arago 2011.09 am37x-evm ttyO0
am37x-evm login: 
- 06:25:58 [INFO] Host: root
- 06:25:58 [INFO] Target: 
root
root@am37x-evm:~# 
- 06:25:58 [INFO] Host: uname -a
- 06:25:58 [INFO] Target: 
uname -a
Linux am37x-evm 4.1.0-rc7-next-20150615-00002-g52d30491ea14 #3 SMP Tue Jun 16 05:36:37 CDT 2015 armv7l unknown
root@am37x-evm:~# 
- 06:25:58 [INFO] Host: cat /proc/cmdline
- 06:25:58 [INFO] Target: 
cat /proc/cmdline
console=ttyO0,115200n8 earlyprintk ip=:::::eth0:dhcp root=/dev/mmcblk0p2 rw rootfstype=ext3 rootwait
root@am37x-evm:~# 
- 06:25:58 [INFO] Host: uname -a
- 06:25:59 [INFO] Target: 
uname -a
Linux am37x-evm 4.1.0-rc7-next-20150615-00002-g52d30491ea14 #3 SMP Tue Jun 16 05:36:37 CDT 2015 armv7l unknown
root@am37x-evm:~# 
- 06:25:59 [INFO] Host: cat /proc/mtd
- 06:25:59 [INFO] Target: 
cat /proc/mtd
dev:    size   erasesize  name
mtd0: 00080000 00020000 "X-Loader"
mtd1: 001c0000 00020000 "U-Boot"
mtd2: 00040000 00020000 "Environment"
mtd3: 00500000 00020000 "Kernel"
mtd4: 1f880000 00020000 "Filesystem"
root@am37x-evm:~# 
- 06:26:11 [INFO] Host: export IPERFHOST=192.168.0.1
- 06:26:11 [INFO] Target: 
export IPERFHOST=192.168.0.1
root@am37x-evm:~# 
- 06:26:11 [INFO] Host: export NFS_SERVER=192.168.0.1
- 06:26:11 [INFO] Target: 
export NFS_SERVER=192.168.0.1
root@am37x-evm:~# 
- 06:26:11 [INFO] Host: export NFS_ROOT_PATH=/home/tigtfarm06/NFS_exports/linux/am37x-evm
- 06:26:11 [INFO] Target: 
export NFS_ROOT_PATH=/home/tigtfarm06/NFS_exports/linux/am37x-
root@am37x-evm:~# 
- 06:26:11 [INFO] Host: mkdir -p -m 777 /test
- 06:26:11 [INFO] Target: 
mkdir -p -m 777 /test
root@am37x-evm:~# 
- 06:26:11 [INFO] Host: cd /test
- 06:26:11 [INFO] Target: 
cd /test
root@am37x-evm:/test# 
- 06:26:11 [INFO] Host: cat > test.sh << EOF
- 06:26:11 [INFO] Target: 
cat > test.sh << EOF
- 06:26:11 [INFO] Host: failtest() {
- 06:26:11 [INFO] Target: 
failtest() {
- 06:26:11 [INFO] Host:   echo 1 >&3
- 06:26:12 [INFO] Target: 
  echo 1 >&3
- 06:26:12 [INFO] Host: }
- 06:26:12 [INFO] Target: 
- 06:26:12 [INFO] Host: timeout=600
- 06:26:12 [INFO] Target: 
timeout=600
- 06:26:12 [INFO] Host: 
- 06:26:12 [INFO] Target: 
- 06:26:12 [INFO] Host: # Start of user's script logic
- 06:26:12 [INFO] Target: 
# Start of user's script logic
- 06:26:12 [INFO] Host: mount -t proc proc /proc 2>/dev/null;
- 06:26:12 [INFO] Target: 
mount -t proc proc /proc 2>/dev/null;
- 06:26:12 [INFO] Host: 
- 06:26:12 [INFO] Target: 
- 06:26:12 [INFO] Host: mount -t sysfs sys /sys 2>/dev/null;
- 06:26:12 [INFO] Target: 
mount -t sysfs sys /sys 2>/dev/null;
- 06:26:12 [INFO] Host: 
- 06:26:12 [INFO] Target: 
- 06:26:12 [INFO] Host: mount -t debugfs none /sys/kernel/debug 2>/dev/null;
- 06:26:12 [INFO] Target: 
mount -t debugfs none /sys/kernel/debug 2>/dev/null;
- 06:26:12 [INFO] Host: 
- 06:26:13 [INFO] Target: 
- 06:26:13 [INFO] Host: echo 'cpuinfo:';cat /proc/cpuinfo; echo '=======';
- 06:26:13 [INFO] Target: 
echo 'cpuinfo:';cat /proc/cpuinfo; echo '=======';
- 06:26:13 [INFO] Host: 
- 06:26:13 [INFO] Target: 
- 06:26:13 [INFO] Host: echo 'soc info:';head /sys/devices/soc0/* 2>/dev/null; echo '=======';
- 06:26:13 [INFO] Target: 
echo 'soc info:';head /sys/devices/soc0/* 2>/dev/null; echo '=======';
- 06:26:13 [INFO] Host: 
- 06:26:13 [INFO] Target: 
- 06:26:13 [INFO] Host: echo 'DT Model info'; head /proc/device-tree/name /proc/device-tree/model /proc/device-tree/compatible 2>/dev/null;echo; echo '=======';
- 06:26:13 [INFO] Target: 
echo 'DT Model info'; head /proc/device-tree/name /proc/device-tree/model /pro
c/device-tree/compatible 2>/dev/null;echo; echo '=======';
- 06:26:13 [INFO] Host: 
- 06:26:13 [INFO] Target: 
- 06:26:13 [INFO] Host: echo 'interrupts:';cat /proc/interrupts; echo '=======';
- 06:26:13 [INFO] Target: 
echo 'interrupts:';cat /proc/interrupts; echo '=======';
- 06:26:13 [INFO] Host: 
- 06:26:13 [INFO] Target: 
- 06:26:13 [INFO] Host: echo 'Clk_summary:';cat /sys/kernel/debug/clk/clk_summary; echo '=======';
- 06:26:13 [INFO] Target: 
echo 'Clk_summary:';cat /sys/kernel/debug/clk/clk_summary; echo '=======';
- 06:26:13 [INFO] Host: 
- 06:26:14 [INFO] Target: 
- 06:26:14 [INFO] Host: echo "Available frequencies"; cat /sys/devices/system/cpu/cpu0/cpufreq/scaling_available_frequencies 2>/dev/null;echo '=======';
- 06:26:14 [INFO] Target: 
echo "Available frequencies"; cat /sys/devices/system/cpu/cpu0/cpufreq/scaling
_available_frequencies 2>/dev/null;echo '=======';
- 06:26:14 [INFO] Host: 
- 06:26:14 [INFO] Target: 
- 06:26:14 [INFO] Host: TMPF=/tmp/a.\$\$; TMPF2=/tmp/b.\$\$; STR=""
- 06:26:14 [INFO] Target: 
TMPF=/tmp/a.\$\$; TMPF2=/tmp/b.\$\$; STR=""
- 06:26:14 [INFO] Host: 
- 06:26:14 [INFO] Target: 
- 06:26:14 [INFO] Host: cp /dev/kmsg \$TMPF &
- 06:26:14 [INFO] Target: 
cp /dev/kmsg \$TMPF &
- 06:26:14 [INFO] Host: 
- 06:26:14 [INFO] Target: 
- 06:26:14 [INFO] Host: PID=\$! ; sleep 5; kill -9 \$PID
- 06:26:14 [INFO] Target: 
PID=\$! ; sleep 5; kill -9 \$PID
- 06:26:14 [INFO] Host: 
- 06:26:14 [INFO] Target: 
- 06:26:14 [INFO] Host: 
- 06:26:14 [INFO] Target: 
- 06:26:14 [INFO] Host: 
- 06:26:15 [INFO] Target: 
- 06:26:15 [INFO] Host: cat \$TMPF|grep "^0">\$TMPF2; N=\`cat \$TMPF2|wc -l\`; if [ "\$N" -ne 0 ]; then STR="\$STR emerg=\$N";echo "===== EMERGE++";cat \$TMPF2|cut -d ';' -f2;echo "====="; fi
- 06:26:15 [INFO] Target: 
cat \$TMPF|grep "^0">\$TMPF2; N=\`cat \$TMPF2|wc -l\`; if [ "\$N" -ne 0 ]; the
n STR="\$STR emerg=\$N";echo "===== EMERGE++";cat \$TMPF2|cut -d ';' -f2;echo "=
===="; fi
- 06:26:15 [INFO] Host: 
- 06:26:15 [INFO] Target: 
- 06:26:15 [INFO] Host: cat \$TMPF|grep "^1">\$TMPF2; N=\`cat \$TMPF2|wc -l\`; if [ "\$N" -ne 0 ]; then STR="\$STR alert=\$N";echo "===== ALERT ==";cat \$TMPF2|cut -d ';' -f2;echo "====="; fi
- 06:26:15 [INFO] Target: 
cat \$TMPF|grep "^1">\$TMPF2; N=\`cat \$TMPF2|wc -l\`; if [ "\$N" -ne 0 ]; the
n STR="\$STR alert=\$N";echo "===== ALERT ==";cat \$TMPF2|cut -d ';' -f2;echo "=
===="; fi
- 06:26:15 [INFO] Host: 
- 06:26:15 [INFO] Target: 
- 06:26:15 [INFO] Host: cat \$TMPF|grep "^2">\$TMPF2; N=\`cat \$TMPF2|wc -l\`; if [ "\$N" -ne 0 ]; then STR="\$STR crit=\$N";echo "===== CRIT ==";cat \$TMPF2|cut -d ';' -f2;echo "====="; fi
- 06:26:15 [INFO] Target: 
cat \$TMPF|grep "^2">\$TMPF2; N=\`cat \$TMPF2|wc -l\`; if [ "\$N" -ne 0 ]; the
n STR="\$STR crit=\$N";echo "===== CRIT ==";cat \$TMPF2|cut -d ';' -f2;echo "===
=="; fi
- 06:26:15 [INFO] Host: 
- 06:26:15 [INFO] Target: 
- 06:26:15 [INFO] Host: cat \$TMPF|grep "^3">\$TMPF2; N=\`cat \$TMPF2|wc -l\`; if [ "\$N" -ne 0 ]; then STR="\$STR err=\$N";echo "===== ERR ==";cat \$TMPF2|cut -d ';' -f2;echo "=====" ;fi
- 06:26:15 [INFO] Target: 
cat \$TMPF|grep "^3">\$TMPF2; N=\`cat \$TMPF2|wc -l\`; if [ "\$N" -ne 0 ]; the
n STR="\$STR err=\$N";echo "===== ERR ==";cat \$TMPF2|cut -d ';' -f2;echo "=====
" ;fi
- 06:26:15 [INFO] Host: 
- 06:26:15 [INFO] Target: 
- 06:26:15 [INFO] Host: cat \$TMPF|grep "^4">\$TMPF2; N=\`cat \$TMPF2|wc -l\`; if [ "\$N" -ne 0 ]; then STR="\$STR warn=\$N";echo "===== WARN ==";cat \$TMPF2|cut -d ';' -f2;echo "=====" ;fi
- 06:26:15 [INFO] Target: 
cat \$TMPF|grep "^4">\$TMPF2; N=\`cat \$TMPF2|wc -l\`; if [ "\$N" -ne 0 ]; the
n STR="\$STR warn=\$N";echo "===== WARN ==";cat \$TMPF2|cut -d ';' -f2;echo "===
==" ;fi
- 06:26:15 [INFO] Host: 
- 06:26:16 [INFO] Target: 
- 06:26:16 [INFO] Host: rm \$TMPF \$TMPF2; echo "SUM""MARY RESULT: BOOT:" 'PASS: H''ello World' 'B''oard' "Booted" "Boot Log has::::\$STR:"
- 06:26:16 [INFO] Target: 
rm \$TMPF \$TMPF2; echo "SUM""MARY RESULT: BOOT:" 'PASS: H''ello World' 'B''oa
rd' "Booted" "Boot Log has::::\$STR:"
- 06:26:16 [INFO] Host: 
- 06:26:16 [INFO] Target: 
- 06:26:16 [INFO] Host: EOF
- 06:26:16 [INFO] Target: 
root@am37x-evm:/test# 
- 06:26:16 [INFO] Host: cd /test
- 06:26:16 [INFO] Target: 
cd /test
root@am37x-evm:/test# 
- 06:26:16 [INFO] Host: chmod +x test.sh
- 06:26:16 [INFO] Target: 
chmod +x test.sh
root@am37x-evm:/test# 
- 06:26:16 [INFO] Host: ./test.sh 2> stderr.log > stdout.log 3> result.log
- 06:26:22 [INFO] Target: 
./test.sh 2> stderr.log > stdout.log 3> result.log
root@am37x-evm:/test# 
- 06:26:22 [INFO] Host: echo $?
- 06:26:22 [INFO] Target: 
echo $?
root@am37x-evm:/test# 
- 06:26:22 [INFO] Host: cd /test
- 06:26:22 [INFO] Target: 
cd /test
root@am37x-evm:/test# 
- 06:26:22 [INFO] Host: cat stdout.log
- 06:26:24 [INFO] Target: 
cat stdout.log
cpuinfo:
processor	: 0
model name	: ARMv7 Processor rev 2 (v7l)
BogoMIPS	: 594.73
Features	: half thumb fastmult vfp edsp thumbee neon vfpv3 tls vfpd32 
CPU implementer	: 0x41
CPU architecture: 7
CPU variant	: 0x3
CPU part	: 0xc08
CPU revision	: 2
Hardware	: Generic OMAP36xx (Flattened Device Tree)
Revision	: 0000
Serial		: 0000000000000000
=======
soc info:
==> /sys/devices/soc0/family <==
OMAP3
==> /sys/devices/soc0/machine <==
OMAP3630
==> /sys/devices/soc0/power <==
==> /sys/devices/soc0/revision <==
ES1.2
==> /sys/devices/soc0/subsystem <==
==> /sys/devices/soc0/type <==
==> /sys/devices/soc0/uevent <==
=======
DT Model info
==> /proc/device-tree/name <==
==> /proc/device-tree/model <==
TI OMAP37XX EVM (TMDSEVM3730)
==> /proc/device-tree/compatible <==
ti,omap3-evm-37xxti,omap36xx
=======
interrupts:
           CPU0       
 23:          0      INTC   7 Edge      TWL4030-PIH
 25:          0      INTC   9 Edge      l3-debug-irq
 26:          0      INTC  10 Edge      l3-app-irq
 28:          0      INTC  12 Edge      DMA
 29:       4276      INTC  13 Edge      omap-dma-engine
 36:          0      INTC  20 Edge      gpmc
 53:       3977      INTC  37 Edge      gp_timer
 72:        982      INTC  56 Edge      48070000.i2c
 73:          0      INTC  57 Edge      48072000.i2c
 77:          0      INTC  61 Edge      48060000.i2c
 88:       6811      INTC  72 Edge      OMAP UART0
 99:       7270      INTC  83 Edge      mmc0
102:        144      INTC  86 Edge      mmc1
288:         29  49058000.gpio  16 Level     eth0
306:        872      PRCM Edge      pm_wkup
315:         72      PRCM Edge      pinctrl, pinctrl, pinctrl, pm_io
338:          0   pinctrl 338 Edge      4806a000.serial
341:          0   twl4030   0 Edge      twl4030_gpio
346:          0   twl4030   5 Edge      twl4030_power
375:         48   pinctrl 282 Edge      4809c000.mmc
IPI0:          0  CPU wakeup interrupts
IPI1:          0  Timer broadcast interrupts
IPI2:          0  Rescheduling interrupts
IPI3:          0  Function call interrupts
IPI4:          0  Single function call interrupts
IPI5:          0  CPU stop interrupts
IPI6:          0  IRQ work interrupts
IPI7:          0  completion interrupts
Err:          0
=======
Clk_summary:
   clock                         enable_cnt  prepare_cnt        rate   accuracy   phase
----------------------------------------------------------------------------------------
 secure_32k_fck                           0            1       32768          0 0  
    wdt1_fck                              0            0       32768          0 0  
    gpt12_fck                             0            1       32768          0 0  
 dummy_ck                                 0            0           0          0 0  
 mcbsp_clks                               0            5           0          0 0  
 sys_altclk                               0            0           0          0 0  
 virt_38_4m_ck                            0            0    38400000          0 0  
 virt_26000000_ck                         1            1    26000000          0 0  
    osc_sys_ck                            1            1    26000000          0 0  
       sys_clkout1                        0            0    26000000          0 0  
       sys_ck                             3           18    13000000          0 0  
          gpt9_fck                        0            1    13000000          0 0  
          gpt8_fck                        0            1    13000000          0 0  
          gpt7_fck                        0            1    13000000          0 0  
          gpt6_fck                        0            1    13000000          0 0  
          gpt5_fck                        0            1    13000000          0 0  
          gpt4_fck                        0            1    13000000          0 0  
          gpt3_fck                        0            1    13000000          0 0  
          gpt2_fck                        0            1    13000000          0 0  
          cpefuse_fck                     0            0    13000000          0 0  
          dpll5_ck                        0            1   120000000          0 0  
             dpll5_m2_ck                  0            1   120000000          0 0  
                dpll5_m2_d20_ck           0            0     6000000          0 0  
                dpll5_m2_d16_ck           0            0     7500000          0 0  
                dpll5_m2_d8_ck            0            0    15000000          0 0  
                dpll5_m2_d4_ck            0            0    30000000          0 0  
                usbhost_120m_fck           0            0   120000000          0 0  
                usbtll_fck                0            1   120000000          0 0  
          sys_d2_ck                       0            0     6500000          0 0  
             usim_fck                     0            0     6500000          0 0  
          modem_fck                       0            0    13000000          0 0  
          dpll2_ck                        0            1   260000000          0 0  
             dpll2_m2_ck                  0            1   260000000          0 0  
                iva2_ck                   0            2   260000000          0 0  
          sr2_fck                         0            1    13000000          0 0  
          sr1_fck                         0            1    13000000          0 0  
          traceclk_src_fck                0            0    13000000          0 0  
             traceclk_fck                 0            0    13000000          0 0  
          emu_src_mux_ck                  0            1    13000000          0 0  
             emu_src_ck                   0            1    13000000          0 0  
                atclk_fck                 0            0    13000000          0 0  
                pclkx2_fck                0            0    13000000          0 0  
                pclk_fck                  0            0     6500000          0 0  
          dss2_alwon_fck                  0            2    13000000          0 0  
          dpll1_ck                        0            1   600000000          0 0  
             dpll1_x2_ck                  0            1  1200000000          0 0  
                dpll1_x2m2_ck             0            1  1200000000          0 0  
                   mpu_ck                 0            1  1200000000          0 0  
                      emu_mpu_alwon_ck           0            0  1200000000          0 0  
                      arm_fck             0            1   600000000          0 0  
          dpll3_ck                        1            1   400000000          0 0  
             dpll3_x2_ck                  0            0   800000000          0 0  
             dpll3_m2_ck                  1            1   400000000          0 0  
                dpll3_m2x2_ck             0            0   800000000          0 0  
                   corex2_fck             0            0   800000000          0 0  
                      ssi_ssr_fck_3430es2           0            0   266666667          0 0  
                         ssi_sst_fck_3430es2           0            0   133333333          0 0  
                      corex2_d5_fck           0            0   160000000          0 0  
                      corex2_d3_fck           0            0   266666666          0 0  
                core_ck                   1            1   400000000          0 0  
                   core_d2_ck             0            0   200000000          0 0  
                      sgx_fck             0            0   200000000          0 0  
                   core_d6_ck             0            0    66666666          0 0  
                   core_d4_ck             0            0   100000000          0 0  
                   core_d3_ck             0            0   133333333          0 0  
                   dpll2_fck              0            0   400000000          0 0  
                   l3_ick                 2            3   200000000          0 0  
                      sgx_ick             0            0   200000000          0 0  
                      mad2d_ick           0            0   200000000          0 0  
                      sad2d_ick           0            1   200000000          0 0  
                      security_l3_ick           0            0   200000000          0 0  
                         pka_ick           0            0   200000000          0 0  
                      core_l3_ick           8           10   200000000          0 0  
                         hsotgusb_ick_3430es2           0            1   200000000          0 0  
                         gpmc_fck           2            2   200000000          0 0  
                         sdrc_ick           1            1   200000000          0 0  
                      l4_ick              6            7   100000000          0 0  
                         usbhost_ick           1            1   100000000          0 0  
                         dss_ick_3430es2           4            6   100000000          0 0  
                         sr_l4_ick           2            2   100000000          0 0  
                         ssi_l4_ick           0            0   100000000          0 0  
                            ssi_ick_3430es2           0            0   100000000          0 0  
                         cam_ick           0            1   100000000          0 0  
                         security_l4_ick2           0            0   100000000          0 0  
                            des1_ick           0            0   100000000          0 0  
                            sha11_ick           0            0   100000000          0 0  
                            rng_ick           0            0   100000000          0 0  
                            aes1_ick           0            0   100000000          0 0  
                         per_l4_ick          15           18   100000000          0 0  
                            mcbsp4_ick           1            1   100000000          0 0  
                            mcbsp3_ick           2            2   100000000          0 0  
                            mcbsp2_ick           2            2   100000000          0 0  
                            gpt2_ick           1            1   100000000          0 0  
                            gpt3_ick           1            1   100000000          0 0  
                            gpt4_ick           1            1   100000000          0 0  
                            gpt5_ick           1            1   100000000          0 0  
                            gpt6_ick           1            1   100000000          0 0  
                            gpt7_ick           1            1   100000000          0 0  
                            gpt8_ick           1            1   100000000          0 0  
                            gpt9_ick           1            1   100000000          0 0  
                            uart4_ick           1            1   100000000          0 0  
                            uart3_ick           1            1   100000000          0 0  
                            wdt3_ick           0            0   100000000          0 0  
                            gpio2_ick           0            1   100000000          0 0  
                            gpio3_ick           0            1   100000000          0 0  
                            gpio4_ick           0            1   100000000          0 0  
                            gpio5_ick           1            1   100000000          0 0  
                            gpio6_ick           1            1   100000000          0 0  
                         core_l4_ick          21           23   100000000          0 0  
                            mmchs3_ick           1            1   100000000          0 0  
                            usbtll_ick           1            1   100000000          0 0  
                            mailboxes_ick           0            1   100000000          0 0  
                            mspro_ick           0            0   100000000          0 0  
                            des2_ick           0            0   100000000          0 0  
                            icr_ick           0            0   100000000          0 0  
                            sha12_ick           1            2   100000000          0 0  
                            aes2_ick           1            2   100000000          0 0  
                            omapctrl_ick           1            1   100000000          0 0  
                            mcbsp1_ick           1            1   100000000          0 0  
                            mcbsp5_ick           1            1   100000000          0 0  
                            gpt10_ick           1            1   100000000          0 0  
                            gpt11_ick           1            1   100000000          0 0  
                            uart1_ick           1            1   100000000          0 0  
                            uart2_ick           1            1   100000000          0 0  
                            i2c1_ick           1            1   100000000          0 0  
                            i2c2_ick           1            1   100000000          0 0  
                            i2c3_ick           1            1   100000000          0 0  
                            mcspi1_ick           1            1   100000000          0 0  
                            mcspi2_ick           1            1   100000000          0 0  
                            mcspi3_ick           1            1   100000000          0 0  
                            mcspi4_ick           1            1   100000000          0 0  
                            hdq_ick           0            1   100000000          0 0  
                            mmchs1_ick           1            1   100000000          0 0  
                            mmchs2_ick           1            1   100000000          0 0  
                         rm_ick           0            0    50000000          0 0  
                   dpll1_fck              0            0   200000000          0 0  
             dpll3_m3_ck                  0            0   200000000          0 0  
                dpll3_m3x2_mul_ck           0            0   400000000          0 0  
                   dpll3_m3x2_ck           0            0   400000000          0 0  
                      emu_core_alwon_ck           0            0   400000000          0 0  
          dpll4_ck                        1            3   864000000          0 0  
             dpll4_x2_ck                  0            0  1728000000          0 0  
             dpll4_m6_ck                  0            0   288000000          0 0  
                dpll4_m6x2_mul_ck           0            0   288000000          0 0  
                   dpll4_m6x2_ck           0            0   288000000          0 0  
                      emu_per_alwon_ck           0            0   288000000          0 0  
             dpll4_m5_ck                  0            0   216000000          0 0  
                dpll4_m5x2_mul_ck           0            0   216000000          0 0  
                   dpll4_m5x2_ck           0            0   216000000          0 0  
                      cam_mclk            0            0   216000000          0 0  
             dpll4_m4_ck                  0            1    96000000          0 0  
                dpll4_m4x2_mul_ck           0            1    96000000          0 0  
                   dpll4_m4x2_ck           0            1    96000000          0 0  
                      dss1_alwon_fck_3430es2           0            4    96000000          0 0  
             dpll4_m3_ck                  0            1    54000000          0 0  
                dpll4_m3x2_mul_ck           0            1    54000000          0 0  
                   dpll4_m3x2_ck           0            1    54000000          0 0  
                      omap_54m_fck           0            1    54000000          0 0  
                         clkout2_src_ck           0            0    54000000          0 0  
                            sys_clkout2           0            0    54000000          0 0  
                         dss_tv_fck           0            2    54000000          0 0  
             dpll4_m2_ck                  1            1    96000000          0 0  
                dpll4_m2x2_mul_ck           1            1    96000000          0 0  
                   dpll4_m2x2_ck           1            1    96000000          0 0  
                      omap_192m_alwon_fck           0            0    96000000          0 0  
                      omap_96m_alwon_fck           1            2    96000000          0 0  
                         per_96m_fck           0            6    96000000          0 0  
                            mcbsp4_fck           0            1    96000000          0 0  
                            mcbsp3_fck           0            2    96000000          0 0  
                            mcbsp2_fck           0            2    96000000          0 0  
                         cm_96m_fck           1            2    96000000          0 0  
                            cm_96m_d2_fck           1            1    48000000          0 0  
                               omap_48m_fck           2            4    48000000          0 0  
                                  usbhost_48m_fck           0            1    48000000          0 0  
                                  per_48m_fck           2            2    48000000          0 0  
                                     uart4_fck           1            1    48000000          0 0  
                                     uart3_fck           1            1    48000000          0 0  
                                  core_48m_fck           2            6    48000000          0 0  
                                     uart1_fck           1            1    48000000          0 0  
                                     uart2_fck           1            1    48000000          0 0  
                                     mcspi1_fck           0            1    48000000          0 0  
                                     mcspi2_fck           0            1    48000000          0 0  
                                     mcspi3_fck           0            1    48000000          0 0  
                                     mcspi4_fck           0            1    48000000          0 0  
                                  omap_12m_fck           0            1    12000000          0 0  
                                     core_12m_fck           0            1    12000000          0 0  
                                        hdq_fck             0            1    12000000          0 0  
                            omap_96m_fck           0            2    96000000          0 0  
                               omap_96m_d10_fck           0            0     9600000          0 0  
                               omap_96m_d8_fck           0            0    12000000          0 0  
                               omap_96m_d4_fck           0            0    24000000          0 0  
                               omap_96m_d2_fck           0            0    48000000          0 0  
                               dss_96m_fck           0            2    96000000          0 0  
                               core_96m_fck           0           10    96000000          0 0  
                                  mcbsp1_fck           0            1    96000000          0 0  
                                  mcbsp5_fck           0            1    96000000          0 0  
                                  mmchs3_fck           0            1    96000000          0 0  
                                  mspro_fck           0            0    96000000          0 0  
                                  csi2_96m_fck           0            0    96000000          0 0  
                                  i2c1_fck           0            1    96000000          0 0  
                                  i2c2_fck           0            1    96000000          0 0  
                                  i2c3_fck           0            1    96000000          0 0  
                                  mmchs1_fck           0            1    96000000          0 0  
                                  mmchs2_fck           0            1    96000000          0 0  
          wkup_l4_ick                     4            5    13000000          0 0  
             usim_ick                     0            0    13000000          0 0  
             gpt1_ick                     1            1    13000000          0 0  
             gpt12_ick                    1            1    13000000          0 0  
             omap_32ksync_ick             1            1    13000000          0 0  
             gpio1_ick                    0            1    13000000          0 0  
             wdt1_ick                     0            0    13000000          0 0  
             wdt2_ick                     1            1    13000000          0 0  
 virt_19200000_ck                         0            0    19200000          0 0  
 virt_13m_ck                              0            0    13000000          0 0  
 virt_12m_ck                              0            0    12000000          0 0  
 omap_32k_fck                             2            8       32768          0 0  
    gpt1_fck                              1            1       32768          0 0  
    gpt11_fck                             0            1       32768          0 0  
    gpt10_fck                             0            1       32768          0 0  
    ts_fck                                0            0       32768          0 0  
    per_32k_alwon_fck                     0            5       32768          0 0  
       wdt3_fck                           0            0       32768          0 0  
       gpio2_dbck                         0            1       32768          0 0  
       gpio3_dbck                         0            1       32768          0 0  
       gpio4_dbck                         0            1       32768          0 0  
       gpio5_dbck                         0            1       32768          0 0  
       gpio6_dbck                         0            1       32768          0 0  
    wkup_32k_fck                          1            3       32768          0 0  
       wdt2_fck                           0            1       32768          0 0  
       gpio1_dbck                         0            1       32768          0 0  
 dummy_apb_pclk                           0            0           0          0 0  
 virt_16_8m_ck                            0            0    16800000          0 0  
=======
Available frequencies
=======
===== ERR ==
platform 48058000.ssi-controller: Cannot lookup hwmod 'ssi'
mtdoops: mtd device (mtddev=name/number) must be supplied
nand: Could not find valid ONFI parameter page
omap_hsmmc 480b4000.mmc: unable to get vmmc regulator -517
omap2_set_init_voltage: unable to find boot up OPP for vdd_mpu_iva
omap2_set_init_voltage: unable to set vdd_mpu_iva
omap2_set_init_voltage: unable to find boot up OPP for vdd_core
omap2_set_init_voltage: unable to set vdd_core
=====
===== WARN ==
Lock dependency validator: Copyright (c) 2006 Red Hat, Inc., Ingo Molnar
... MAX_LOCKDEP_SUBCLASSES:  8
... MAX_LOCK_DEPTH:          48
... MAX_LOCKDEP_KEYS:        8191
... CLASSHASH_SIZE:          4096
... MAX_LOCKDEP_ENTRIES:     32768
... MAX_LOCKDEP_CHAINS:      65536
... CHAINHASH_SIZE:          32768
 memory used by lock dependency info: 5167 kB
 per task-struct memory footprint: 1152 bytes
omap_hwmod: mcbsp2_sidetone using broken dt data from mcbsp
omap_hwmod: mcbsp3_sidetone using broken dt data from mcbsp
irq: no irq domain found for /ocp/l4@48000000/scm@2000/pinmux@30 !
irq: no irq domain found for /ocp/l4@48000000/scm@2000/pinmux@30 !
irq: no irq domain found for /ocp/l4@48000000/scm@2000/pinmux@30 !
irq: no irq domain found for /ocp/l4@48000000/scm@2000/pinmux@30 !
gpmc_mem_init: disabling cs 0 mapped at 0x0-0x1000000
hw perfevents: Failed to parse /pmu/interrupt-affinity[0]
sr_init: No PMIC hook to init smartreflex
mmc0: host does not support reading read-only switch, assuming write-enable
omap_hsmmc 480b4000.mmc: card claims to support voltages below defined range
mmc1: queuing unknown CIS tuple 0x91 (3 bytes)
IP-Config: Got DHCP answer from 192.168.0.1, my address is 192.168.0.134
, nameserver1=192.0.2.3
EXT3-fs (mmcblk0p2): warning: maximal mount count reached, running e2fsck is recommended
udevd (85): /proc/85/oom_adj is deprecated, please use /proc/85/oom_score_adj instead.
EXT3-fs (mmcblk0p3): warning: maximal mount count reached, running e2fsck is recommended
FAT-fs (mmcblk0p1): Volume was not properly unmounted. Some data may be corrupt. Please run fsck.
alignment: ignoring faults is unsafe on this CPU.  Defaulting to fixup mode.
=====
SUMMARY RESULT: BOOT: PASS: Hello World Board Booted Boot Log has:::: err=8 warn=29:
root@am37x-evm:/test# 
- 06:26:24 [INFO] Host: cat stderr.log
- 06:26:24 [INFO] Target: 
cat stderr.log
root@am37x-evm:/test# 
- 06:26:24 [INFO] Host: cat result.log
- 06:26:26 [ERROR] On command: cat result.log waiting for cat result.log.+?(?m-ix:^1[\0\n\r]+) >>> error: execution expired
- 06:26:26 [INFO] Target: 
cat result.log
root@am37x-evm:/test# 
- 06:26:26 [INFO] Host: cd /test
- 06:26:27 [INFO] Target: 
cd /test
root@am37x-evm:/test# 
URL:gtsystest.telogy.design.ti.com/vatf/tigtfarm06/tigtfarm06_vatf@am37x-evm/tigtfarm0606_16_2015_06_24_41/files/session_iteration_1/test_1
