- 06:30:59 [INFO] Starting target session
- 06:31:00 [INFO] Connected to am37x-evm via serial 
- 06:31:00 [INFO] Host: 
- 06:31:02 [ERROR] On command:  waiting for (?-mix:login:) >>> error: execution expired
- 06:31:02 [INFO] Target: 


root@am37x-evm:/test# 
- 06:31:02 [INFO] Host: 
- 06:31:02 [INFO] Target: 


root@am37x-evm:/test# 
- 06:31:02 [INFO] Host: sync;poweroff
- 06:31:17 [INFO] Target: 
sync;poweroff




Broadcast message from root@am37x-evm (ttyO0) (Sun Apr 27 18:57:58 2014):






The system is going dowjroot@am37x-evm:/test# 
INIT: Sending processes the TERM signal



INIT: Sending processes the KIStopping telnet daemon.

Stopping system message bus: dbus.

Error opening /dev/fb0: No such file or directory

Stopping syslogd/klogd: stopped syslogd (pid 1236)

stopped klogd (pid 1239)

done

Stopping thttpd.

ALSA: Storing mixer settings...

/usr/sbin/alsactl: save_state:1590: No soundcards found...

Deconfiguring network interfaces... done.

Sending all processes the TERM signal...

Sending all processes the KILL signal...

Unmounting remote filesystems...

Deactivating swap...

Unmounting local filesystems...

[68888.924865] reboot: System halted


- 06:31:52 [INFO] Disconnected serial from am37x-evm
- 06:31:53 [INFO] Connected to am37x-evm via serial 
- 06:31:53 [INFO] Host: 
- 06:31:53 [ERROR] On command:  waiting for (?-mix:OMAP3_EVM\s*#) >>> error: execution expired
- 06:31:53 [INFO] Target: 
 2 
- 06:31:53 [INFO] Host: 
- 06:31:53 [INFO] Target: 
 0 

OMAP3_EVM # 


OMAP3_EVM # 
- 06:31:53 [INFO] Host: 
- 06:31:53 [INFO] Target: 



OMAP3_EVM # 
- 06:31:53 [INFO] Host: version
- 06:31:53 [INFO] Target: 
version




U-Boot 2013.01.01 (Nov 27 2013 - 12:07:30)

arm-linux-gnueabihf-gcc (crosstool-NG linaro-1.13.1-4.7-2013.03-20130313 - Linaro GCC 2013.03) 4.7.3 20130226 (prerelease)

GNU ld (crosstool-NG linaro-1.13.1-4.7-2013.03-20130313 - Linaro GCC 2013.03) 2.23.1

OMAP3_EVM # 
- 06:31:53 [INFO] Host: setenv bootargs 'console=ttyO0,115200n8 earlyprintk  '
- 06:31:53 [INFO] Target: 
setenv bootargs 'console=ttyO0,115200n8 earlyprintk  '


OMAP3_EVM # 
- 06:31:53 [INFO] Host: setenv bootcmd  ''
- 06:31:53 [INFO] Target: 
setenv bootcmd  ''


OMAP3_EVM # 
- 06:31:53 [INFO] Host: setenv autoload 'no'
- 06:31:53 [INFO] Target: 
setenv autoload 'no'


OMAP3_EVM # 
- 06:31:53 [INFO] Host: setenv serverip '10.218.102.142'
- 06:31:54 [INFO] Target: 
setenv serverip '10.218.102.142'


OMAP3_EVM # 
- 06:31:54 [INFO] Host: printenv
- 06:31:54 [INFO] Target: 
printenv


autoload=no

baudrate=115200

bootargs=console=ttyO0,115200n8 earlyprintk  

bootcmd=

bootdelay=3

bootfile=uImage

bootscript=echo Running bootscript from mmc ...; source ${loadaddr}

console=ttyO0,115200n8

dieid#=16d400029ff80000015f02690c019016

ethact=smc911x-0

ethaddr=00:50:c2:7e:93:ba

loadaddr=0x82000000

loadbootscript=fatload mmc ${mmcdev} ${loadaddr} boot.scr

loaduimage=fatload mmc ${mmcdev} ${loadaddr} uImage

mmcargs=setenv bootargs console=${console} root=/dev/mmcblk0p2 rw rootfstype=ext3 rootwait

mmcboot=echo Booting from mmc ...; run mmcargs; bootm ${loadaddr}

mmcdev=0

nandargs=setenv bootargs console=${console} root=/dev/mtdblock4 rw rootfstype=jffs2

nandboot=echo Booting from nand ...; run nandargs; onenand read ${loadaddr} 280000 400000; bootm ${loadaddr}

ramdisk_addr=0x8A080000

serverip=10.218.102.142

stderr=serial

stdin=serial

stdout=serial

usbtty=cdc_acm



Environment size: 929/131068 bytes

OMAP3_EVM # 
- 06:31:54 [INFO] Host: printenv
- 06:31:54 [INFO] Target: 
printenv


autoload=no

baudrate=115200

bootargs=console=ttyO0,115200n8 earlyprintk  

bootcmd=

bootdelay=3

bootfile=uImage

bootscript=echo Running bootscript from mmc ...; source ${loadaddr}

console=ttyO0,115200n8

dieid#=16d400029ff80000015f02690c019016

ethact=smc911x-0

ethaddr=00:50:c2:7e:93:ba

loadaddr=0x82000000

loadbootscript=fatload mmc ${mmcdev} ${loadaddr} boot.scr

loaduimage=fatload mmc ${mmcdev} ${loadaddr} uImage

mmcargs=setenv bootargs console=${console} root=/dev/mmcblk0p2 rw rootfstype=ext3 rootwait

mmcboot=echo Booting from mmc ...; run mmcargs; bootm ${loadaddr}

mmcdev=0

nandargs=setenv bootargs console=${console} root=/dev/mtdblock4 rw rootfstype=jffs2

nandboot=echo Booting from nand ...; run nandargs; onenand read ${loadaddr} 280000 400000; bootm ${loadaddr}

ramdisk_addr=0x8A080000

serverip=10.218.102.142

stderr=serial

stdin=serial

stdout=serial

usbtty=cdc_acm



Environment size: 929/131068 bytes

OMAP3_EVM # 
- 06:31:54 [INFO] Host: setenv bootargs ''${bootargs}' ip=dhcp '
- 06:31:54 [INFO] Target: 
setenv bootargs ''${bootargs}' ip=dhcp '


OMAP3_EVM # 
- 06:31:54 [INFO] Host: setenv ipaddr dhcp
- 06:31:54 [INFO] Target: 
setenv ipaddr dhcp


OMAP3_EVM # 
- 06:31:54 [INFO] Host: dhcp
- 06:31:57 [INFO] Target: 
dhcp


smc911x: detected LAN9220 controller

smc911x: phy initialized

smc911x: MAC 00:50:c2:7e:93:ba

BOOTP broadcast 1

DHCP client bound to address 10.218.102.175

OMAP3_EVM # 
- 06:31:57 [INFO] Host: setenv serverip '10.218.102.142'
- 06:31:57 [INFO] Target: 
setenv serverip '10.218.102.142'


OMAP3_EVM # 
- 06:31:57 [INFO] Host: tftp ${loadaddr} 10.218.102.142:vatf_1/d7b3d5c9ce9e191a74297b8aea5ee78a
- 06:32:02 [INFO] Target: 
tftp ${loadaddr} 10.218.102.142:vatf_1/d7b3d5c9ce9e191a74297b8aea5ee78a


smc911x: detected LAN9220 controller

smc911x: phy initialized

smc911x: MAC 00:50:c2:7e:93:ba

Using smc911x-0 device

TFTP from server 10.218.102.142; our IP address is 10.218.102.175

Filename 'vatf_1/d7b3d5c9ce9e191a74297b8aea5ee78a'.

Load address: 0x82000000

Loading: *#################################################################

	 #################################################################

	 #################################################################

	 #################################################################

	 #################################################################

	 #################################################################

	 #################################################################

	 #################################################################

	 #################################################################

	 #################################################################

	 #################################################################

	 #################################################################

	 #################################################################

	 #################

	 1.3 MiB/s

done

Bytes transferred = 4412736 (435540 hex)

OMAP3_EVM # 
- 06:32:02 [INFO] Host: printenv
- 06:32:02 [INFO] Target: 
printenv


autoload=no

baudrate=115200

bootargs=console=ttyO0,115200n8 earlyprintk ip=dhcp

bootcmd=

bootdelay=3

bootfile=uImage

bootscript=echo Running bootscript from mmc ...; source ${loadaddr}

console=ttyO0,115200n8

dieid#=16d400029ff80000015f02690c019016

ethact=smc911x-0

ethaddr=00:50:c2:7e:93:ba

fileaddr=82000000

filesize=435540

gatewayip=10.218.102.1

hostname=dhcp-10-218-102-175

ipaddr=10.218.102.175

loadaddr=0x82000000

loadbootscript=fatload mmc ${mmcdev} ${loadaddr} boot.scr

loaduimage=fatload mmc ${mmcdev} ${loadaddr} uImage

mmcargs=setenv bootargs console=${console} root=/dev/mmcblk0p2 rw rootfstype=ext3 rootwait

mmcboot=echo Booting from mmc ...; run mmcargs; bootm ${loadaddr}

mmcdev=0

nandargs=setenv bootargs console=${console} root=/dev/mtdblock4 rw rootfstype=jffs2

nandboot=echo Booting from nand ...; run nandargs; onenand read ${loadaddr} 280000 400000; bootm ${loadaddr}

netmask=255.255.255.0

ramdisk_addr=0x8A080000

serverip=10.218.102.142

stderr=serial

stdin=serial

stdout=serial

usbtty=cdc_acm



Environment size: 1077/131068 bytes

OMAP3_EVM # 
- 06:32:02 [INFO] Host: setenv bootargs ''${bootargs}' root=PARTUUID=00000000-02 rw rootfstype=ext4 rootwait '
- 06:32:02 [INFO] Target: 
setenv bootargs ''${bootargs}' root=PARTUUID=00000000-02 rw rootfstype=ext4 rootwait '


OMAP3_EVM # 
- 06:32:02 [INFO] Host: printenv
- 06:32:02 [INFO] Target: 
printenv


autoload=no

baudrate=115200

bootargs=console=ttyO0,115200n8 earlyprintk ip=dhcp root=PARTUUID=00000000-02 rw rootfstype=ext4 rootwait

bootcmd=

bootdelay=3

bootfile=uImage

bootscript=echo Running bootscript from mmc ...; source ${loadaddr}

console=ttyO0,115200n8

dieid#=16d400029ff80000015f02690c019016

ethact=smc911x-0

ethaddr=00:50:c2:7e:93:ba

fileaddr=82000000

filesize=435540

gatewayip=10.218.102.1

hostname=dhcp-10-218-102-175

ipaddr=10.218.102.175

loadaddr=0x82000000

loadbootscript=fatload mmc ${mmcdev} ${loadaddr} boot.scr

loaduimage=fatload mmc ${mmcdev} ${loadaddr} uImage

mmcargs=setenv bootargs console=${console} root=/dev/mmcblk0p2 rw rootfstype=ext3 rootwait

mmcboot=echo Booting from mmc ...; run mmcargs; bootm ${loadaddr}

mmcdev=0

nandargs=setenv bootargs console=${console} root=/dev/mtdblock4 rw rootfstype=jffs2

nandboot=echo Booting from nand ...; run nandargs; onenand read ${loadaddr} 280000 400000; bootm ${loadaddr}

netmask=255.255.255.0

ramdisk_addr=0x8A080000

serverip=10.218.102.142

stderr=serial

stdin=serial

stdout=serial

usbtty=cdc_acm



Environment size: 1131/131068 bytes

OMAP3_EVM # 
- 06:32:02 [INFO] Host: setenv bootcmd ''${bootcmd}' if iminfo ${loadaddr}; then bootm ${loadaddr}  ; else bootz ${loadaddr}  ; bootm ${loadaddr}  ; fi'
- 06:32:02 [INFO] Target: 
setenv bootcmd ''${bootcmd}' if iminfo ${loadaddr}; then bootm ${loadaddr}  ; else bootz ${loadaddr}  ; bootm ${loadaddr}  ; fi'


OMAP3_EVM # 
- 06:32:02 [INFO] Host: bdinfo
- 06:32:02 [INFO] Target: 
bdinfo


arch_number = 0x000005FF

boot_params = 0x80000100

DRAM bank   = 0x00000000

-> start    = 0x80000000

-> size     = 0x10000000

DRAM bank   = 0x00000001

-> start    = 0x90000000

-> size     = 0x00000000

ethaddr     = 00:50:c2:7e:93:ba

ip_addr     = 10.218.102.175

baudrate    = 115200 bps

TLB addr    = 0x8FFF0000

relocaddr   = 0x8FF6E000

reloc off   = 0x0FE6E000

irq_sp      = 0x8FF0DF58

sp start    = 0x8FF0DF48

FB base     = 0x00000000

OMAP3_EVM # 
- 06:32:02 [INFO] Host: boot
- 06:32:37 [INFO] Target: 
boot


Unknown command 'iminfo' - try 'help'

Unknown command 'bootz' - try 'help'

## Booting kernel from Legacy Image at 82000000 ...

   Image Name:   Linux-3.15.0-next-20140612-00002

   Image Type:   ARM Linux Kernel Image (uncompressed)

   Data Size:    4412672 Bytes = 4.2 MiB

   Load Address: 80800000

   Entry Point:  80800000

   Verifying Checksum ... OK

   Loading Kernel Image ... OK

OK



Starting kernel ...



[    0.000000] Booting Linux on physical CPU 0x0

[    0.000000] Linux version 3.15.0-next-20140612-00002-g3c683f6 (nmenon@kahuna) (gcc version 4.6.3 (Ubuntu/Linaro 4.6.3-1ubuntu5) ) #1 SMP Thu Jun 12 05:29:12 CDT 2014

[    0.000000] CPU: ARMv7 Processor [413fc082] revision 2 (ARMv7), cr=10c5387d

[    0.000000] CPU: PIPT / VIPT nonaliasing data cache, VIPT aliasing instruction cache

[    0.000000] Machine model: TI OMAP37XX EVM (TMDSEVM3730)

[    0.000000] cma: CMA: reserved 16 MiB at 8e800000

[    0.000000] Memory policy: Data cache writeback

[    0.000000]   HighMem zone: 1048574 pages exceeds freesize 0

[    0.000000] CPU: All CPU(s) started in SVC mode.

[    0.000000] OMAP3630 ES1.2 (l2cache iva sgx neon isp 192mhz_clk )

[    0.000000] PERCPU: Embedded 9 pages/cpu @cfc7d000 s14336 r8192 d14336 u36864

[    0.000000] Built 1 zonelists in Zone order, mobility grouping on.  Total pages: 64768

[    0.000000] Kernel command line: console=ttyO0,115200n8 earlyprintk ip=dhcp root=PARTUUID=00000000-02 rw rootfstype=ext4 rootwait

[    0.000000] PID hash table entries: 1024 (order: 0, 4096 bytes)

[    0.000000] Dentry cache hash table entries: 32768 (order: 5, 131072 bytes)

[    0.000000] Inode-cache hash table entries: 16384 (order: 4, 65536 bytes)

[    0.000000] Memory: 224740K/261120K available (5649K kernel code, 685K rwdata, 2196K rodata, 402K init, 8209K bss, 36380K reserved, 0K highmem)

[    0.000000] Virtual kernel memory layout:

[    0.000000]     vector  : 0xffff0000 - 0xffff1000   (   4 kB)

[    0.000000]     fixmap  : 0xffc00000 - 0xffe00000   (2048 kB)

[    0.000000]     vmalloc : 0xd0800000 - 0xff000000   ( 744 MB)

[    0.000000]     lowmem  : 0xc0000000 - 0xd0000000   ( 256 MB)

[    0.000000]     pkmap   : 0xbfe00000 - 0xc0000000   (   2 MB)

[    0.000000]     modules : 0xbf000000 - 0xbfe00000   (  14 MB)

[    0.000000]       .text : 0xc0008000 - 0xc07b1a1c   (7847 kB)

[    0.000000]       .init : 0xc07b2000 - 0xc0816800   ( 402 kB)

[    0.000000]       .data : 0xc0818000 - 0xc08c34f0   ( 686 kB)

[    0.000000]        .bss : 0xc08c34f0 - 0xc10c7a18   (8210 kB)

[    0.000000] Hierarchical RCU implementation.

[    0.000000] 	RCU restricting CPUs from NR_CPUS=2 to nr_cpu_ids=1.

[    0.000000] RCU: Adjusting geometry for rcu_fanout_leaf=16, nr_cpu_ids=1

[    0.000000] NR_IRQS:16 nr_irqs:16 16

[    0.000000] IRQ: Found an INTC at 0xfa200000 (revision 4.0) with 96 interrupts

[    0.000000] Total of 96 interrupts on 1 active controller

[    0.000000] Clocking rate (Crystal/Core/MPU): 26.0/400/600 MHz

[    0.000000] OMAP clockevent source: timer1 at 32768 Hz

[    0.000030] sched_clock: 32 bits at 32kHz, resolution 30517ns, wraps every 65536000000000ns

[    0.000061] OMAP clocksource: 32k_counter at 32768 Hz

[    0.001129] Console: colour dummy device 80x30

[    0.001190] Lock dependency validator: Copyright (c) 2006 Red Hat, Inc., Ingo Molnar

[    0.001220] ... MAX_LOCKDEP_SUBCLASSES:  8

[    0.001220] ... MAX_LOCK_DEPTH:          48

[    0.001251] ... MAX_LOCKDEP_KEYS:        8191

[    0.001281] ... CLASSHASH_SIZE:          4096

[    0.001281] ... MAX_LOCKDEP_ENTRIES:     32768

[    0.001312] ... MAX_LOCKDEP_CHAINS:      65536

[    0.001342] ... CHAINHASH_SIZE:          32768

[    0.001342]  memory used by lock dependency info: 5167 kB

[    0.001373]  per task-struct memory footprint: 1152 bytes

[    0.001434] Calibrating delay loop... 594.73 BogoMIPS (lpj=2973696)

[    0.097625] pid_max: default: 32768 minimum: 301

[    0.098266] Security Framework initialized

[    0.098449] Mount-cache hash table entries: 1024 (order: 0, 4096 bytes)

[    0.098480] Mountpoint-cache hash table entries: 1024 (order: 0, 4096 bytes)

[    0.101745] CPU: Testing write buffer coherency: ok

[    0.103302] CPU0: thread -1, cpu 0, socket -1, mpidr 0

[    0.103454] Setting up static identity map for 0x8055af68 - 0x8055afd8

[    0.108306] Brought up 1 CPUs

[    0.108337] SMP: Total of 1 processors activated.

[    0.108367] CPU: All CPU(s) started in SVC mode.

[    0.112152] devtmpfs: initialized

[    0.122985] VFP support v0.3: implementor 41 architecture 3 part 30 variant c rev 3

[    0.203857] omap_hwmod: mcbsp2_sidetone using broken dt data from mcbsp

[    0.206146] omap_hwmod: mcbsp3_sidetone using broken dt data from mcbsp

[    0.313568] pinctrl core: initialized pinctrl subsystem

[    0.317321] regulator-dummy: no parameters

[    0.414947] NET: Registered protocol family 16

[    0.424041] DMA: preallocated 256 KiB pool for atomic coherent allocations

[    0.428009] cpuidle: using governor ladder

[    0.428100] cpuidle: using governor menu

[    0.436370] Reprogramming SDRC clock to 400000000 Hz

[    0.450469] OMAP GPIO hardware version 2.5

[    0.464538] irq: no irq domain found for /ocp/pinmux@48002030 !

[    0.465362] irq: no irq domain found for /ocp/pinmux@48002030 !

[    0.466186] irq: no irq domain found for /ocp/pinmux@48002030 !

[    0.489044] omap-gpmc 6e000000.gpmc: GPMC revision 5.0

[    0.490600] gpmc_probe_nand_child: ti,elm-id property not found

[    0.490814] gpmc_cs_program_settings: invalid width 0!

[    0.493133] platform 48058000.ssi-controller: Cannot lookup hwmod 'ssi'

[    0.501525] No ATAGs?

[    0.501586] hw-breakpoint: debug architecture 0x4 unsupported.

[    0.505218] OMAP DMA hardware revision 5.0

[    0.546142] edma-dma-engine edma-dma-engine.0: Can't allocate PaRAM dummy slot

[    0.546264] edma-dma-engine: probe of edma-dma-engine.0 failed with error -5

[    0.601165] omap-dma-engine 48056000.dma-controller: OMAP DMA engine driver

[    0.603240] vddvario: no parameters

[    0.604431] vdd33a: no parameters

[    0.605102] reg-fixed-voltage wl12xx_vmmc: could not find pctldev for node /ocp/pinmux@48002030/pinmux_wl12xx_gpio, deferring probe

[    0.605133] platform wl12xx_vmmc: Driver reg-fixed-voltage requests probe deferral

[    0.606231] lcd_3v3: 3300 mV 

[    0.612670] SCSI subsystem initialized

[    0.613922] usbcore: registered new interface driver usbfs

[    0.614196] usbcore: registered new interface driver hub

[    0.615295] usbcore: registered new device driver usb

[    0.768646] omap_i2c 48070000.i2c: bus 0 rev4.4 at 2600 kHz

[    0.770538] omap_i2c 48072000.i2c: bus 1 rev4.4 at 400 kHz

[    0.774108] omap_i2c 48060000.i2c: bus 2 rev4.4 at 400 kHz

[    0.781768] Switched to clocksource 32k_counter

[    1.001129] NET: Registered protocol family 2

[    1.003509] TCP established hash table entries: 2048 (order: 1, 8192 bytes)

[    1.003753] TCP bind hash table entries: 2048 (order: 4, 73728 bytes)

[    1.004882] TCP: Hash tables configured (established 2048 bind 2048)

[    1.005065] TCP: reno registered

[    1.005157] UDP hash table entries: 256 (order: 2, 20480 bytes)

[    1.005493] UDP-Lite hash table entries: 256 (order: 2, 20480 bytes)

[    1.007141] NET: Registered protocol family 1

[    1.009582] RPC: Registered named UNIX socket transport module.

[    1.009643] RPC: Registered udp transport module.

[    1.009674] RPC: Registered tcp transport module.

[    1.009704] RPC: Registered tcp NFSv4.1 backchannel transport module.

[    1.011627] hw perfevents: enabled with ARMv7 Cortex-A8 PMU driver, 5 counters available

[    1.019500] futex hash table entries: 256 (order: 2, 16384 bytes)

[    1.026306] VFS: Disk quotas dquot_6.5.2

[    1.026519] Dquot-cache hash table entries: 1024 (order 0, 4096 bytes)

[    1.029937] NFS: Registering the id_resolver key type

[    1.030426] Key type id_resolver registered

[    1.030517] Key type id_legacy registered

[    1.030853] jffs2: version 2.2. (NAND) (SUMMARY)   2001-2006 Red Hat, Inc.

[    1.031555] msgmni has been set to 470

[    1.039215] io scheduler noop registered

[    1.039276] io scheduler deadline registered

[    1.039428] io scheduler cfq registered (default)

[    1.043487] pinctrl-single 48002030.pinmux: 284 pins at pa fa002030 size 568

[    1.044250] pinctrl-single 48002a00.pinmux: 46 pins at pa fa002a00 size 92

[    1.045379] pinctrl-single 480025a0.pinmux: 46 pins at pa fa0025a0 size 92

[    1.048828] pbias_mmc_omap2430: 1800 <--> 3000 mV at 3000 mV 

[    1.051239] abb_mpu_iva: 1012 <--> 1375 mV 

[    1.052734] Serial: 8250/16550 driver, 4 ports, IRQ sharing enabled

[    1.063537] 4806a000.serial: ttyO0 at MMIO 0x4806a000 (irq = 88, base_baud = 3000000) is a OMAP UART0

[    1.840118] console [ttyO0] enabled

[    1.848175] 4806c000.serial: ttyO1 at MMIO 0x4806c000 (irq = 89, base_baud = 3000000) is a OMAP UART1

[    1.864074] 49020000.serial: ttyO2 at MMIO 0x49020000 (irq = 90, base_baud = 3000000) is a OMAP UART2

[    1.876525] omap_uart 49042000.serial: no wakeirq for uart0

[    1.882934] 49042000.serial: ttyO3 at MMIO 0x49042000 (irq = 96, base_baud = 3000000) is a OMAP UART3

[    1.936828] brd: module loaded

[    1.964141] loop: module loaded

[    1.988647] twl 0-0048: PIH (irq 23) chaining IRQs 341..349

[    1.995208] twl 0-0048: power (irq 346) chaining IRQs 349..356

[    2.011962] VAUX1: at 3000 mV 

[    2.019500] VAUX2_4030: at 1800 mV 

[    2.027893] VAUX3: at 2800 mV 

[    2.035125] VAUX4: at 2800 mV 

[    2.043121] VDD1: 600 <--> 1450 mV at 1200 mV 

[    2.053161] VDAC: 1800 mV 

[    2.065887] VIO: at 1800 mV 

[    2.074401] VINTANA1: 1500 mV 

[    2.083282] VINTANA2: at 2750 mV 

[    2.091949] VINTDIG: 1500 mV 

[    2.098327] VMMC1: 1850 <--> 3150 mV at 3150 mV 

[    2.108062] VMMC2: 1850 <--> 3150 mV at 2600 mV 

[    2.116912] VUSB1V5: 1500 mV 

[    2.122680] VUSB1V8: 1800 mV 

[    2.127868] VUSB3V1: 3100 mV 

[    2.135772] VPLL1: at 1800 mV 

[    2.145721] VPLL2: 1800 mV 

[    2.152709] VSIM: 1800 <--> 3000 mV at 1800 mV 

[    2.161346] twl4030_gpio twl4030-gpio: gpio (irq 341) chaining IRQs 357..374

[    2.180511] mtdoops: mtd device (mtddev=name/number) must be supplied

[    2.239593] libphy: smsc911x-mdio: probed

[    2.321380] smsc911x 2c000000.ethernet eth0: attached PHY driver [SMSC LAN8700] (mii_bus:phy_addr=2c000000.etherne:01, irq=-1)

[    2.333801] smsc911x 2c000000.ethernet eth0: MAC Address: 00:50:c2:7e:93:ba

[    2.343414] usbcore: registered new interface driver asix

[    2.349365] usbcore: registered new interface driver ax88179_178a

[    2.356109] usbcore: registered new interface driver cdc_ether

[    2.362609] usbcore: registered new interface driver smsc95xx

[    2.368865] usbcore: registered new interface driver net1080

[    2.375091] usbcore: registered new interface driver cdc_subset

[    2.381591] usbcore: registered new interface driver zaurus

[    2.387786] usbcore: registered new interface driver cdc_ncm

[    2.395568] usbcore: registered new interface driver cdc_wdm

[    2.401947] usbcore: registered new interface driver usb-storage

[    2.408569] usbcore: registered new interface driver usbtest

[    2.417907] mousedev: PS/2 mouse device common for all mice

[    2.425384] twl4030_keypad 48070000.i2c:twl@48:keypad: OF: linux,keymap property not defined in /ocp/i2c@48070000/twl@48/keypad

[    2.437622] twl4030_keypad 48070000.i2c:twl@48:keypad: Failed to build keymap

[    2.445343] twl4030_keypad: probe of 48070000.i2c:twl@48:keypad failed with error -2

[    2.532318] ads7846 spi1.0: touchscreen, irq 287

[    2.540130] input: ADS7846 Touchscreen as /devices/68000000.ocp/48098000.spi/spi_master/spi1/spi1.0/input/input1

[    2.558654] input: twl4030_pwrbutton as /devices/68000000.ocp/48070000.i2c/i2c-0/0-0048/48070000.i2c:twl@48:pwrbutton/input/input2

[    2.576080] twl_rtc 48070000.i2c:twl@48:rtc: Enabling TWL-RTC

[    2.587768] twl_rtc 48070000.i2c:twl@48:rtc: rtc core: registered 48070000.i2c:twl@48 as rtc0

[    2.598907] i2c /dev entries driver

[    2.607025] Driver for 1-wire Dallas network protocol.

[    2.617340] omap_wdt: OMAP Watchdog Timer Rev 0x31: initial timeout 60 sec

[    2.682006] omap_hsmmc 480b4000.mmc: unable to get vmmc regulator -517

[    2.689544] platform 480b4000.mmc: Driver omap_hsmmc requests probe deferral

[    2.704406] ledtrig-cpu: registered to indicate activity on CPUs

[    2.712158] usbcore: registered new interface driver usbhid

[    2.718048] usbhid: USB HID core driver

[    2.724853] oprofile: using arm/armv7

[    2.729553] TCP: cubic registered

[    2.733245] Initializing XFRM netlink socket

[    2.737945] NET: Registered protocol family 17

[    2.742828] NET: Registered protocol family 15

[    2.747985] Key type dns_resolver registered

[    2.752960] omap2_set_init_voltage: unable to find boot up OPP for vdd_mpu_iva

[    2.760650] omap2_set_init_voltage: unable to set vdd_mpu_iva

[    2.766754] omap2_set_init_voltage: unable to find boot up OPP for vdd_core

[    2.774169] omap2_set_init_voltage: unable to set vdd_core

[    2.784851] ThumbEE CPU extension supported.

[    2.789459] Registering SWP/SWPB emulation handler

[    2.794647] SmartReflex Class3 initialized

[    2.815399] vwl1271: 1800 mV 

[    2.818847] vwl1271: supplied by VMMC2

[    2.891021] mmc0: host does not support reading read-only switch. assuming write-enable.

[    2.901916] mmc0: new high speed SDHC card at address b368

[    2.911285] mmcblk0: mmc0:b368 SDC   3.74 GiB 

[    2.924346]  mmcblk0: p1 p2 p3

[    2.960540] twl_rtc 48070000.i2c:twl@48:rtc: setting system clock to 2014-04-27 18:59:01 UTC (1398625141)

[    2.970825] sr_init: No PMIC hook to init smartreflex

[    2.976776] smartreflex smartreflex.0: omap_sr_probe: SmartReflex driver initialized

[    2.985961] smartreflex smartreflex.1: omap_sr_probe: SmartReflex driver initialized

[    3.173736] smsc911x 2c000000.ethernet eth0: SMSC911x/921x identified at 0xd087c000, IRQ: 288

[    3.183563] omap_hsmmc 480b4000.mmc: card claims to support voltages below defined range

[    3.209747] mmc1: queuing unknown CIS tuple 0x91 (3 bytes)

[    3.219390] mmc1: new SDIO card at address 0001

[    5.340881] Sending DHCP requests ., OK

[    6.421234] IP-Config: Got DHCP answer from 10.218.102.3, my address is 10.218.102.175

[    6.431182] IP-Config: Complete:

[    6.434631]      device=eth0, hwaddr=00:50:c2:7e:93:ba, ipaddr=10.218.102.175, mask=255.255.255.0, gw=10.218.102.1

[    6.445648]      host=dhcp-10-218-102-175, domain=am.dhcp.ti.com, nis-domain=(none)

[    6.455535]      bootserver=0.0.0.0, rootserver=0.0.0.0, rootpath=

[    6.462738]      nameserver0=192.0.2.2, nameserver1=192.0.2.3

[    6.470947] VUSB3V1: disabling

[    6.506317] EXT4-fs (mmcblk0p2): warning: maximal mount count reached, running e2fsck is recommended

[    6.871887] EXT4-fs (mmcblk0p2): mounted filesystem with ordered data mode. Opts: (null)

[    6.880737] VFS: Mounted root (ext4 filesystem) on device 179:2.

[    6.901123] devtmpfs: mounted

[    6.905273] Freeing unused kernel memory: 400K (c07b2000 - c0816000)


INIT: version 2.86 booting


Please wait: booting...

Error opening /dev/fb0: No such file or directory

Starting udev

WARNING: -e needs -E or -F

[    7.968811] udevd (863): /proc/863/oom_adj is deprecated, please use /proc/863/oom_score_adj instead.

[   13.987213] random: nonblocking pool is initialized

[   20.925872] kjournald starting.  Commit interval 5 seconds

[   20.932464] EXT3-fs (mmcblk0p3): warning: maximal mount count reached, running e2fsck is recommended

[   20.942810] FAT-fs (mmcblk0p1): Volume was not properly unmounted. Some data may be corrupt. Please run fsck.

[   21.028533] EXT3-fs (mmcblk0p3): using internal journal

[   21.034240] EXT3-fs (mmcblk0p3): mounted filesystem with ordered data mode

[   21.160247] alignment: ignoring faults is unsafe on this CPU.  Defaulting to fixup mode.

Remounting root file system...

[   21.302795] EXT4-fs (mmcblk0p2): re-mounted. Opts: (null)

Caching udev devnodes

logger: mount: mount point /proc/bus/usb does not exist

ALSA: Restoring mixer settings...

Configuring network interfaces... /usr/sbin/alsactl: load_state:1625: No soundcards found...

ifconfig: SIOCSIFFLAGS: Input/output error

eth0      no wireless extensions.



ifconfig: SIOCSIFFLAGS: Input/output error

done.

Setting up IP spoofing protection: rp_filter.


INIT: Entering runlevel: 5


Starting system message bus: dbus.

Starting Hardware abstraction layer hald

Starting Dropbear SSH server: dropbear.

Starting telnet daemon.

Starting network benchmark server: netserver.

Starting syslogd/klogd: done

Starting thttpd.

Starting Lighttpd Web Server: lighttpd.

2014-04-27 18:59:28: (log.c.166) server started 

/

/

Starting Matrix GUI application.

***************************************************************

***************************************************************

NOTICE: This file system contains the followin GPLv3 packages:

	binutils-dev

	binutils-symlinks

	binutils

	gdbserver



If you do not wish to distribute GPLv3 components please remove

the above packages prior to distribution.  This can be done using

the opkg remove command.  i.e.:

    opkg remove <package>

Where <package> is the name printed in the list above



NOTE: If the package is a dependency of another package you

      will be notified of the dependent packages.  You should

      use the --force-removal-of-dependent-packages option to

      also remove the dependent packages as well

***************************************************************

***************************************************************



 _____                    _____           _         _   

|  _  |___ ___ ___ ___   |  _  |___ ___  |_|___ ___| |_ 

|     |  _| .'| . | . |  |   __|  _| . | | | -_|  _|  _|

|__|__|_| |__,|_  |___|  |__|  |_| |___|_| |___|___|_|  

              |___|                    |___|            



Arago Project http://arago-project.org am37x-evm ttyO0



Arago 2011.09 am37x-evm ttyO0



am37x-evm login: 
- 06:32:37 [INFO] Host: root
- 06:32:37 [INFO] Target: 
root
root@am37x-evm:~# 
- 06:32:37 [INFO] Host: uname -a
- 06:32:37 [INFO] Target: 
uname -a
Linux am37x-evm 3.15.0-next-20140612-00002-g3c683f6 #1 SMP Thu Jun 12 05:29:12 CDT 2014 armv7l unknown
root@am37x-evm:~#
- 06:32:37 [INFO] Host: cat /proc/cmdline
- 06:32:37 [INFO] Target: 
 cat /proc/cmdline
console=ttyO0,115200n8 earlyprintk ip=dhcp root=PARTUUID=00000000-02 rw rootfstype=ext4 rootwait
root@am37x-evm:~# 
- 06:32:37 [INFO] Host: uname -a
- 06:32:38 [INFO] Target: 
uname -a
Linux am37x-evm 3.15.0-next-20140612-00002-g3c683f6 #1 SMP Thu Jun 12 05:29:12 CDT 2014 armv7l unknown
root@am37x-evm:~# 
- 06:32:38 [INFO] Host: cat /proc/mtd
- 06:32:38 [INFO] Target: 
cat /proc/mtd
dev:    size   erasesize  name
root@am37x-evm:~# 
- 06:32:42 [INFO] Host: export IPERFHOST=10.218.102.142
- 06:32:42 [INFO] Target: 
export IPERFHOST=10.218.102.142
root@am37x-evm:~# 
- 06:32:42 [INFO] Host: export NFS_SERVER=10.218.102.142
- 06:32:42 [INFO] Target: 
export NFS_SERVER=10.218.102.142
root@am37x-evm:~# 
- 06:32:42 [INFO] Host: export NFS_ROOT_PATH=/home/tigt-0001/NFS_exports/am37x
- 06:32:42 [INFO] Target: 
export NFS_ROOT_PATH=/home/tigt-0001/NFS_exports/am37x
root@am37x-evm:~# 
- 06:32:42 [INFO] Host: mkdir -p -m 777 /test
- 06:32:42 [INFO] Target: 
mkdir -p -m 777 /test
root@am37x-evm:~# 
- 06:32:42 [INFO] Host: cd /test
- 06:32:42 [INFO] Target: 
cd /test
root@am37x-evm:/test# 
- 06:32:42 [INFO] Host: cat > test.sh << EOF
- 06:32:42 [INFO] Target: 
cat > test.sh << EOF
> 
- 06:32:42 [INFO] Host: failtest() {

- 06:32:43 [INFO] Target: 
failtest() {
> 
> 
- 06:32:43 [INFO] Host:   echo 1 >&3

- 06:32:43 [INFO] Target: 
  echo 1 >&3
> 
> 
- 06:32:43 [INFO] Host: }

- 06:32:43 [INFO] Target: 
}
> 
> 
- 06:32:43 [INFO] Host: script=anonymous:anonymous@gtautoftp.gt.design.ti.com/anonymous/opentest/target-test-basic.sh_md5_5d260c597a39e144f6dea1bc54ee8584

- 06:32:53 [ERROR] On command: script=anonymous:anonymous@gtautoftp.gt.design.ti.com/anonymous/opentest/target-test-basic.sh_md5_5d260c597a39e144f6dea1bc54ee8584
 waiting for (?-mix:.*) >>> error: execution expired
- 06:32:53 [INFO] Target: 
script=anonymous:anonymous@gtautoftp.gt.design.ti.com/anonymous/opentest/targe

t-test-basic.sh_md5_5d260c597a39e144f6dea1bc54ee8584
> 
> 
- 06:32:53 [INFO] Host: timeout=600

- 06:32:53 [INFO] Target: 
timeout=600
> 
> 
- 06:32:53 [INFO] Host: 

- 06:32:53 [INFO] Target: 

> 
> 
- 06:32:53 [INFO] Host: # Start of user's script logic

- 06:32:53 [INFO] Target: 
# Start of 
- 06:32:53 [INFO] Host: 

- 06:32:53 [INFO] Target: 
user's script logic
> 
> 
> 
> 
- 06:32:53 [INFO] Host: 

- 06:32:53 [INFO] Target: 

> 
> 
- 06:32:53 [INFO] Host: mount -t proc proc /proc 2>/dev/null;

- 06:32:53 [INFO] Target: 
mount -t proc proc /proc 2>/dev/null;
> 
> 
- 06:32:53 [INFO] Host: 

- 06:32:53 [INFO] Target: 

> 
> 
- 06:32:53 [INFO] Host: mount -t sysfs sys /sys 2>/dev/null;

- 06:32:53 [INFO] Target: 
mount -t sysfs sys /sys 2>/dev/null;
> 
> 
- 06:32:53 [INFO] Host: 

- 06:32:53 [INFO] Target: 

> 
> 
- 06:32:53 [INFO] Host: mount -t debugfs none /sys/kernel/debug 2>/dev/null;

- 06:32:53 [INFO] Target: 
mount -t debugfs none /sys/kernel/debug 2>/dev/null;
> 
> 
- 06:32:53 [INFO] Host: 

- 06:32:53 [INFO] Target: 

> 
> 
- 06:32:53 [INFO] Host: echo 'cpuinfo:';cat /proc/cpuinfo; echo '=======';

- 06:32:53 [INFO] Target: 
echo 'cpuinfo:';cat /proc/cpuinfo; echo '=======';
> 
> 
- 06:32:53 [INFO] Host: 

- 06:32:53 [INFO] Target: 

> 
> 
- 06:32:53 [INFO] Host: echo 'soc info:';head /sys/devices/soc0/* 2>/dev/null; echo '=======';

- 06:32:53 [INFO] Target: 
echo 'soc info:';head /sys/devices/soc0/* 2>/dev/null; echo '==
- 06:32:53 [INFO] Host: 

- 06:32:54 [INFO] Target: 
=====';
> 
> 
> 
> 
- 06:32:54 [INFO] Host: echo 'interrupts:';cat /proc/interrupts; echo '=======';

- 06:32:54 [INFO] Target: 
echo 'interrupts:';cat /proc/interrupts; echo '=======';
> 
> 
- 06:32:54 [INFO] Host: 

- 06:32:54 [INFO] Target: 

> 
> 
- 06:32:54 [INFO] Host: echo 'Clk_summary:';cat /sys/kernel/debug/clk/clk_summary; echo '=======';

- 06:32:54 [INFO] Target: 
echo 'Clk_summary:';cat /sys/kernel/debug/clk/clk_summary; echo '====
- 06:32:54 [INFO] Host: 

- 06:32:54 [INFO] Target: 
===';
> 
> 
> 
> 
- 06:32:54 [INFO] Host: echo 'Orphan Clks:';ls /sys/kernel/debug/clk/orphans/; echo '=======';

- 06:32:54 [INFO] Target: 
echo 'Orphan Clks:';ls /sys/kernel/debug/clk/orphans/; echo '=======';
> 

- 06:32:54 [INFO] Host: 

- 06:32:54 [INFO] Target: 
> 
> 
> 
- 06:32:54 [INFO] Host: echo 'H''ello World' 'B''oard Booted';

- 06:32:54 [INFO] Target: 
echo 'H''ello World' 'B''oard Booted';
> 
> 
- 06:32:54 [INFO] Host: 

- 06:32:54 [INFO] Target: 

> 
> 
- 06:32:54 [INFO] Host: EOF
- 06:32:54 [INFO] Target: 
EOF
root@am37x-evm:/test# 
- 06:32:54 [INFO] Host: cd /test
- 06:32:54 [INFO] Target: 
cd /test
root@am37x-evm:/test# 
- 06:32:54 [INFO] Host: chmod +x test.sh
- 06:32:54 [INFO] Target: 
chmod +x test.sh
root@am37x-evm:/test# 
- 06:32:54 [INFO] Host: ./test.sh 2> stderr.log > stdout.log 3> result.log
- 06:32:54 [INFO] Target: 
./test.sh 2> stderr.log > stdout.log 3> result.log
root@am37x-evm:/test# 
- 06:32:54 [INFO] Host: echo $?
- 06:32:54 [INFO] Target: 
echo $?
0
root@am37x-evm:/test# 
- 06:32:54 [INFO] Host: cd /test
- 06:32:54 [INFO] Target: 
cd /test
root@am37x-evm:/test# 
- 06:32:54 [INFO] Host: cat stdout.log
- 06:32:56 [INFO] Target: 
cat stdout.log
cpuinfo:
processor	: 0
model name	: ARMv7 Processor rev 2 (v7l)
Features	: swp half thumb fastmult vfp edsp thumbee neon vfpv3 tls vfpd32 
CPU implementer	: 0x41
CPU architecture: 7
CPU variant	: 0x3
CPU part	: 0xc08
CPU revision	: 2

Hardware	: Generic OMAP36xx (Flattened Device Tree)
Revision	: 0000
Serial		: 0000000000000000
=======
soc info:
==> /sys/devices/soc0/family <==
OMAP3

==> /sys/devices/soc0/machine <==
OMAP3630

==> /sys/devices/soc0/power <==

==> /sys/devices/soc0/revision <==
ES1.2

==> /sys/devices/soc0/subsystem <==

==> /sys/devices/soc0/type <==
GP

==> /sys/devices/soc0/uevent <==
=======
interrupts:
           CPU0       
 23:          0      INTC   7  TWL4030-PIH
 25:          0      INTC   9  l3-debug-irq
 26:          0      INTC  10  l3-app-irq
 28:          0      INTC  12  DMA
 29:       4259      INTC  13  omap-dma-engine
 36:          0      INTC  20  gpmc
 53:       3394      INTC  37  gp_timer
 72:        403      INTC  56  48070000.i2c
 73:          0      INTC  57  48072000.i2c
 77:          0      INTC  61  48060000.i2c
 88:       3712      INTC  72  OMAP UART0
 99:       6610      INTC  83  mmc0
102:        144      INTC  86  mmc1
287:          1      GPIO  15  ads7846
288:         18      GPIO  16  eth0
306:        560      PRCM  pm_wkup
315:          2      PRCM  pinctrl, pinctrl, pinctrl, pm_io
338:          1   pinctrl 338  OMAP UART0
341:          0   twl4030   0  twl4030_gpio
346:          0   twl4030   5  twl4030_power
349:          0   twl4030   8  twl4030_pwrbutton
352:          0   twl4030  11  rtc0
IPI0:          0  CPU wakeup interrupts
IPI1:          0  Timer broadcast interrupts
IPI2:          0  Rescheduling interrupts
IPI3:          0  Function call interrupts
IPI4:          0  Single function call interrupts
IPI5:          0  CPU stop interrupts
IPI6:          0  IRQ work interrupts
IPI7:          0  completion interrupts
Err:          0
=======
Clk_summary:
   clock                         enable_cnt  prepare_cnt        rate   accuracy
--------------------------------------------------------------------------------
 secure_32k_fck                           0            1       32768          0
    wdt1_fck                              0            0       32768          0
    gpt12_fck                             0            1       32768          0
 dummy_ck                                 0            0           0          0
 mcbsp_clks                               0            5           0          0
 sys_altclk                               0            0           0          0
 virt_38_4m_ck                            0            0    38400000          0
 virt_26000000_ck                         1            1    26000000          0
    osc_sys_ck                            1            1    26000000          0
       sys_clkout1                        0            0    26000000          0
       sys_ck                             3           18    13000000          0
          cpefuse_fck                     0            0    13000000          0
          dpll5_ck                        0            1   120000000          0
             dpll5_m2_ck                  0            1   120000000          0
                usbhost_120m_fck           0            0   120000000          0
                usbtll_fck                0            1   120000000          0
                dpll5_m2_d4_ck            0            0    30000000          0
                dpll5_m2_d8_ck            0            0    15000000          0
                dpll5_m2_d16_ck           0            0     7500000          0
                dpll5_m2_d20_ck           0            0     6000000          0
          sys_d2_ck                       0            0     6500000          0
             usim_fck                     0            0     6500000          0
          modem_fck                       0            0    13000000          0
          dpll2_ck                        0            1   260000000          0
             dpll2_m2_ck                  0            1   260000000          0
                iva2_ck                   0            2   260000000          0
          sr2_fck                         0            1    13000000          0
          sr1_fck                         0            1    13000000          0
          traceclk_src_fck                0            0    13000000          0
             traceclk_fck                 0            0    13000000          0
          emu_src_mux_ck                  0            1    13000000          0
             emu_src_ck                   0            1    13000000          0
                atclk_fck                 0            0    13000000          0
                pclkx2_fck                0            0    13000000          0
                pclk_fck                  0            0     6500000          0
          gpt9_fck                        0            1    13000000          0
          gpt8_fck                        0            1    13000000          0
          gpt7_fck                        0            1    13000000          0
          gpt6_fck                        0            1    13000000          0
          gpt5_fck                        0            1    13000000          0
          gpt4_fck                        0            1    13000000          0
          gpt3_fck                        0            1    13000000          0
          gpt2_fck                        0            1    13000000          0
          dss2_alwon_fck                  0            2    13000000          0
          dpll1_ck                        0            1   600000000          0
             dpll1_x2_ck                  0            1  1200000000          0
                dpll1_x2m2_ck             0            1  1200000000          0
                   mpu_ck                 0            1  1200000000          0
                      emu_mpu_alwon_ck           0            0  1200000000          0
                      arm_fck             0            1   600000000          0
          dpll3_ck                        1            1   400000000          0
             dpll3_m2_ck                  1            1   400000000          0
                core_ck                   1            1   400000000          0
                   core_d2_ck             0            0   200000000          0
                      sgx_fck             0            0   200000000          0
                   core_d6_ck             0            0    66666666          0
                   core_d4_ck             0            0   100000000          0
                   core_d3_ck             0            0   133333333          0
                   dpll2_fck              0            0   400000000          0
                   l3_ick                 2            3   200000000          0
                      sgx_ick             0            0   200000000          0
                      mad2d_ick           0            0   200000000          0
                      sad2d_ick           0            1   200000000          0
                      security_l3_ick           0            0   200000000          0
                         pka_ick           0            0   200000000          0
                      core_l3_ick           8           10   200000000          0
                         hsotgusb_ick_3430es2           0            1   200000000          0
                         gpmc_fck           2            2   200000000          0
                         sdrc_ick           1            1   200000000          0
                      l4_ick              6            7   100000000          0
                         usbhost_ick           1            1   100000000          0
                         dss_ick_3430es2           4            6   100000000          0
                         sr_l4_ick           2            2   100000000          0
                         ssi_l4_ick           0            0   100000000          0
                            ssi_ick_3430es2           0            0   100000000          0
                         cam_ick           0            1   100000000          0
                         security_l4_ick2           0            0   100000000          0
                            des1_ick           0            0   100000000          0
                            sha11_ick           0            0   100000000          0
                            rng_ick           0            0   100000000          0
                            aes1_ick           0            0   100000000          0
                         per_l4_ick          15           18   100000000          0
                            mcbsp4_ick           2            2   100000000          0
                            mcbsp3_ick           2            2   100000000          0
                            mcbsp2_ick           1            1   100000000          0
                            gpt2_ick           1            1   100000000          0
                            gpt3_ick           1            1   100000000          0
                            gpt4_ick           1            1   100000000          0
                            gpt5_ick           1            1   100000000          0
                            gpt6_ick           1            1   100000000          0
                            gpt7_ick           1            1   100000000          0
                            gpt8_ick           1            1   100000000          0
                            gpt9_ick           1            1   100000000          0
                            uart4_ick           1            1   100000000          0
                            uart3_ick           1            1   100000000          0
                            wdt3_ick           0            0   100000000          0
                            gpio2_ick           0            1   100000000          0
                            gpio3_ick           0            1   100000000          0
                            gpio4_ick           0            1   100000000          0
                            gpio5_ick           1            1   100000000          0
                            gpio6_ick           1            1   100000000          0
                         core_l4_ick          21           23   100000000          0
                            mmchs3_ick           1            1   100000000          0
                            usbtll_ick           1            1   100000000          0
                            mailboxes_ick           0            1   100000000          0
                            mspro_ick           0            0   100000000          0
                            des2_ick           0            0   100000000          0
                            icr_ick           0            0   100000000          0
                            sha12_ick           1            2   100000000          0
                            aes2_ick           1            2   100000000          0
                            omapctrl_ick           1            1   100000000          0
                            mcbsp1_ick           1            1   100000000          0
                            mcbsp5_ick           1            1   100000000          0
                            gpt10_ick           1            1   100000000          0
                            gpt11_ick           1            1   100000000          0
                            uart1_ick           1            1   100000000          0
                            uart2_ick           1            1   100000000          0
                            i2c1_ick           1            1   100000000          0
                            i2c2_ick           1            1   100000000          0
                            i2c3_ick           1            1   100000000          0
                            mcspi1_ick           1            1   100000000          0
                            mcspi2_ick           1            1   100000000          0
                            mcspi3_ick           1            1   100000000          0
                            mcspi4_ick           1            1   100000000          0
                            hdq_ick           0            1   100000000          0
                            mmchs1_ick           1            1   100000000          0
                            mmchs2_ick           1            1   100000000          0
                         rm_ick           0            0    50000000          0
                   dpll1_fck              0            0   200000000          0
                dpll3_m2x2_ck             0            0   800000000          0
                   corex2_fck             0            0   800000000          0
                      ssi_ssr_fck_3430es2           0            0   266666667          0
                         ssi_sst_fck_3430es2           0            0   133333333          0
                      corex2_d5_fck           0            0   160000000          0
                      corex2_d3_fck           0            0   266666666          0
             dpll3_m3_ck                  0            0   200000000          0
                dpll3_m3x2_mul_ck           0            0   400000000          0
                   dpll3_m3x2_ck           0            0   400000000          0
                      emu_core_alwon_ck           0            0   400000000          0
             dpll3_x2_ck                  0            0   800000000          0
          dpll4_ck                        1            3   864000000          0
             dpll4_m6_ck                  0            0   288000000          0
                dpll4_m6x2_mul_ck           0            0   288000000          0
                   dpll4_m6x2_ck           0            0   288000000          0
                      emu_per_alwon_ck           0            0   288000000          0
             dpll4_m5_ck                  0            0   216000000          0
                dpll4_m5x2_mul_ck           0            0   216000000          0
                   dpll4_m5x2_ck           0            0   216000000          0
                      cam_mclk            0            0   216000000          0
             dpll4_m4_ck                  0            1    96000000          0
                dpll4_m4x2_mul_ck           0            1    96000000          0
                   dpll4_m4x2_ck           0            1    96000000          0
                      dss1_alwon_fck_3430es2           0            4    96000000          0
             dpll4_m3_ck                  0            1    54000000          0
                dpll4_m3x2_mul_ck           0            1    54000000          0
                   dpll4_m3x2_ck           0            1    54000000          0
                      omap_54m_fck           0            1    54000000          0
                         dss_tv_fck           0            2    54000000          0
                         clkout2_src_ck           0            0    54000000          0
                            sys_clkout2           0            0    54000000          0
             dpll4_m2_ck                  1            1    96000000          0
                dpll4_m2x2_mul_ck           1            1    96000000          0
                   dpll4_m2x2_ck           1            1    96000000          0
                      omap_192m_alwon_fck           0            0    96000000          0
                      omap_96m_alwon_fck           1            2    96000000          0
                         per_96m_fck           0            6    96000000          0
                            mcbsp4_fck           0            1    96000000          0
                            mcbsp3_fck           0            2    96000000          0
                            mcbsp2_fck           0            2    96000000          0
                         cm_96m_fck           1            2    96000000          0
                            cm_96m_d2_fck           1            1    48000000          0
                               omap_48m_fck           2            4    48000000          0
                                  usbhost_48m_fck           0            1    48000000          0
                                  per_48m_fck           2            2    48000000          0
                                     uart4_fck           1            1    48000000          0
                                     uart3_fck           1            1    48000000          0
                                  core_48m_fck           2            6    48000000          0
                                     uart1_fck           1            1    48000000          0
                                     uart2_fck           1            1    48000000          0
                                     mcspi1_fck           0            1    48000000          0
                                     mcspi2_fck           0            1    48000000          0
                                     mcspi3_fck           0            1    48000000          0
                                     mcspi4_fck           0            1    48000000          0
                                  omap_12m_fck           0            1    12000000          0
                                     core_12m_fck           0            1    12000000          0
                                        hdq_fck             0            1    12000000          0
                            omap_96m_fck           0            2    96000000          0
                               omap_96m_d10_fck           0            0     9600000          0
                               omap_96m_d8_fck           0            0    12000000          0
                               omap_96m_d4_fck           0            0    24000000          0
                               omap_96m_d2_fck           0            0    48000000          0
                               dss_96m_fck           0            2    96000000          0
                               core_96m_fck           0           10    96000000          0
                                  mcbsp1_fck           0            1    96000000          0
                                  mcbsp5_fck           0            1    96000000          0
                                  mmchs3_fck           0            1    96000000          0
                                  mspro_fck           0            0    96000000          0
                                  csi2_96m_fck           0            0    96000000          0
                                  i2c1_fck           0            1    96000000          0
                                  i2c2_fck           0            1    96000000          0
                                  i2c3_fck           0            1    96000000          0
                                  mmchs1_fck           0            1    96000000          0
                                  mmchs2_fck           0            1    96000000          0
             dpll4_x2_ck                  0            0  1728000000          0
          wkup_l4_ick                     4            5    13000000          0
             usim_ick                     0            0    13000000          0
             gpt1_ick                     1            1    13000000          0
             gpt12_ick                    1            1    13000000          0
             omap_32ksync_ick             1            1    13000000          0
             gpio1_ick                    0            1    13000000          0
             wdt1_ick                     0            0    13000000          0
             wdt2_ick                     1            1    13000000          0
 virt_19200000_ck                         0            0    19200000          0
 virt_13m_ck                              0            0    13000000          0
 virt_12m_ck                              0            0    12000000          0
 omap_32k_fck                             2            8       32768          0
    gpt1_fck                              1            1       32768          0
    ts_fck                                0            0       32768          0
    per_32k_alwon_fck                     0            5       32768          0
       wdt3_fck                           0            0       32768          0
       gpio2_dbck                         0            1       32768          0
       gpio3_dbck                         0            1       32768          0
       gpio4_dbck                         0            1       32768          0
       gpio5_dbck                         0            1       32768          0
       gpio6_dbck                         0            1       32768          0
    wkup_32k_fck                          1            3       32768          0
       wdt2_fck                           0            1       32768          0
       gpio1_dbck                         0            1       32768          0
    gpt11_fck                             0            1       32768          0
    gpt10_fck                             0            1       32768          0
 dummy_apb_pclk                           0            0           0          0
 virt_16_8m_ck                            0            0    16800000          0
=======
Orphan Clks:
=======
Hello World Board Booted
root@am37x-evm:/test# 
- 06:32:56 [INFO] Host: cat stderr.log
- 06:32:57 [INFO] Target: 
cat stderr.log
root@am37x-evm:/test# 
- 06:32:57 [INFO] Host: cat result.log
- 06:32:59 [ERROR] On command: cat result.log waiting for (?m-ix:^1[\0\n\r]+) >>> error: execution expired
- 06:32:59 [INFO] Target: 
cat result.log
root@am37x-evm:/test# 
- 06:32:59 [INFO] Host: cd /test
- 06:32:59 [INFO] Target: 
cd /test
root@am37x-evm:/test# 
FOR DEBUG:URL:http://gtsystest.telogy.design.ti.com/vatf/tigt-0001-desktop/tigt-0001-desktop_vatf@1/tigt-0001-desktop06_12_2014_06_30_58/files/session_iteration_1/test_1/dut1_1_log.txt
