- 06:42:25 [INFO] Starting target session
- 06:42:25 [INFO] Connected to am37x-evm via serial 
- 06:42:25 [INFO] Host: #check prompt
- 06:42:28 [ERROR] On command: #check prompt waiting for #check prompt.+?(?-mix:((?-mix:login:)|[Pp]assword)) >>> error: execution expired
- 06:42:28 [INFO] Target: 
#check prompt
root@am37x-evm:/test# 
- 06:42:28 [INFO] Host: #check prompt
- 06:42:29 [INFO] Target: 
#check prompt
root@am37x-evm:/test# 
- 06:42:29 [INFO] Host: sync;poweroff
- 06:42:43 [INFO] Target: 
sync;poweroff
Broadcast message from root@am37x-evm (ttyO0) (Fri Aug 29 01"2Br=]jj(*u5J9%QUI55jR$*z
INIT: Sending processes the KStopping syslogd/klogd: stopped syslogd (pid 1300)
stopped klogd (pid 1303)
done
Deconfiguring network interfaces... done.
Sending all processes the TERM signal...
Sending all processes the KILL signal...
Unmounting remote filesystems...
Deactivating swap...
Unmounting local filesystems...
[85680.499298] reboot: System halted
- 06:42:43 [INFO] Disconnected serial from am37x-evm
- 06:42:44 [INFO] Connected to am37x-evm via serial 
- 06:42:44 [INFO] Host: 
- 06:42:45 [ERROR] On command:  waiting for (?-mix:OMAP3_EVM\s*#) >>> error: execution expired
- 06:42:45 [INFO] Target: 
- 06:42:45 [INFO] Host: 
- 06:42:45 [ERROR] On command:  waiting for (?-mix:OMAP3_EVM\s*#) >>> error: execution expired
- 06:42:45 [INFO] Target: 
- 06:42:45 [INFO] Host: 
- 06:42:46 [ERROR] On command:  waiting for (?-mix:OMAP3_EVM\s*#) >>> error: execution expired
- 06:42:46 [INFO] Target: 
U-Boot SPL 2013.01.01 (Nov 27 2013 - 12:07:30)
OMAP SD/MMC: 0
reading u-boot.img
reading u-boot.img
U-Boot 2013.01.01 (Nov 27 2013 - 12:07:30)
OMAP3630/3730-GP ES1.2, CPU-OPP2, L3-165MHz, Max CPU Clock 1 Ghz
OMAP3 EVM board + LPDDR/NAND
I2C:   ready
DRAM:  256 MiB
NAND:  512 MiB
MMC:   OMAP SD/MMC: 0
- 06:42:46 [INFO] Host: 
- 06:42:46 [ERROR] On command:  waiting for (?-mix:OMAP3_EVM\s*#) >>> error: execution expired
- 06:42:46 [INFO] Target: 
- 06:42:46 [INFO] Host: 
- 06:42:47 [INFO] Target: 
In:    serial
Out:   serial
Err:   serial
Read back SMSC id 0x92200000
Die ID #16d400029ff80000015f02690c019016
Net:   smc911x-0
Hit any key to stop autoboot:  3  0 
OMAP3_EVM # 
OMAP3_EVM # 
- 06:42:47 [INFO] Host: 
- 06:42:47 [INFO] Target: 
OMAP3_EVM # 
- 06:42:47 [INFO] Host: version
- 06:42:48 [INFO] Target: 
version
U-Boot 2013.01.01 (Nov 27 2013 - 12:07:30)
arm-linux-gnueabihf-gcc (crosstool-NG linaro-1.13.1-4.7-2013.03-20130313 - Linaro GCC 2013.03) 4.7.3 20130226 (prerelease)
GNU ld (crosstool-NG linaro-1.13.1-4.7-2013.03-20130313 - Linaro GCC 2013.03) 2.23.1
OMAP3_EVM # 
- 06:42:48 [INFO] Host: setenv bootargs 'console=ttyO0,115200n8 earlyprintk  '
- 06:42:48 [INFO] Target: 
setenv bootargs 'console=ttyO0,115200n8 earlyprintk  '
OMAP3_EVM # 
- 06:42:48 [INFO] Host: setenv bootcmd  ''
- 06:42:49 [INFO] Target: 
setenv bootcmd  ''
OMAP3_EVM # 
- 06:42:49 [INFO] Host: setenv autoload 'no'
- 06:42:49 [INFO] Target: 
setenv autoload 'no'
OMAP3_EVM # 
- 06:42:49 [INFO] Host: setenv serverip '192.168.0.1'
- 06:42:50 [INFO] Target: 
setenv serverip '192.168.0.1'
OMAP3_EVM # 
- 06:42:50 [INFO] Host: printenv
- 06:42:50 [INFO] Target: 
printenv
autoload=no
baudrate=115200
bootargs=console=ttyO0,115200n8 earlyprintk  
bootcmd=
bootdelay=3
bootfile=uImage
bootscript=echo Running bootscript from mmc ...; source ${loadaddr}
console=ttyO0,115200n8
dieid#=16d400029ff80000015f02690c019016
ethact=smc911x-0
ethaddr=00:50:c2:7e:93:ba
loadaddr=0x82000000
loadbootscript=fatload mmc ${mmcdev} ${loadaddr} boot.scr
loaduimage=fatload mmc ${mmcdev} ${loadaddr} uImage
mmcargs=setenv bootargs console=${console} root=/dev/mmcblk0p2 rw rootfstype=ext3 rootwait
mmcboot=echo Booting from mmc ...; run mmcargs; bootm ${loadaddr}
mmcdev=0
nandargs=setenv bootargs console=${console} root=/dev/mtdblock4 rw rootfstype=jffs2
nandboot=echo Booting from nand ...; run nandargs; onenand read ${loadaddr} 280000 400000; bootm ${loadaddr}
ramdisk_addr=0x8A080000
serverip=192.168.0.1
stderr=serial
stdin=serial
stdout=serial
usbtty=cdc_acm
Environment size: 926/131068 bytes
OMAP3_EVM # 
- 06:42:50 [INFO] Host: printenv
- 06:42:51 [INFO] Target: 
printenv
autoload=no
baudrate=115200
bootargs=console=ttyO0,115200n8 earlyprintk  
bootcmd=
bootdelay=3
bootfile=uImage
bootscript=echo Running bootscript from mmc ...; source ${loadaddr}
console=ttyO0,115200n8
dieid#=16d400029ff80000015f02690c019016
ethact=smc911x-0
ethaddr=00:50:c2:7e:93:ba
loadaddr=0x82000000
loadbootscript=fatload mmc ${mmcdev} ${loadaddr} boot.scr
loaduimage=fatload mmc ${mmcdev} ${loadaddr} uImage
mmcargs=setenv bootargs console=${console} root=/dev/mmcblk0p2 rw rootfstype=ext3 rootwait
mmcboot=echo Booting from mmc ...; run mmcargs; bootm ${loadaddr}
mmcdev=0
nandargs=setenv bootargs console=${console} root=/dev/mtdblock4 rw rootfstype=jffs2
nandboot=echo Booting from nand ...; run nandargs; onenand read ${loadaddr} 280000 400000; bootm ${loadaddr}
ramdisk_addr=0x8A080000
serverip=192.168.0.1
stderr=serial
stdin=serial
stdout=serial
usbtty=cdc_acm
Environment size: 926/131068 bytes
OMAP3_EVM # 
- 06:42:51 [INFO] Host: setenv bootargs ''${bootargs}' ip=dhcp '
- 06:42:51 [INFO] Target: 
setenv bootargs ''${bootargs}' ip=dhcp '
OMAP3_EVM # 
- 06:42:51 [INFO] Host: setenv serverip '192.168.0.1'
- 06:42:52 [INFO] Target: 
setenv serverip '192.168.0.1'
OMAP3_EVM # 
- 06:42:52 [INFO] Host: setenv ipaddr dhcp
- 06:42:52 [INFO] Target: 
setenv ipaddr dhcp
OMAP3_EVM # 
- 06:42:52 [INFO] Host: setenv autoload 'no'
- 06:42:53 [INFO] Target: 
setenv autoload 'no'
OMAP3_EVM # 
- 06:42:53 [INFO] Host: dhcp
- 06:42:56 [INFO] Target: 
dhcp
smc911x: detected LAN9220 controller
smc911x: phy initialized
smc911x: MAC 00:50:c2:7e:93:ba
BOOTP broadcast 1
DHCP client bound to address 192.168.0.146
OMAP3_EVM # 
- 06:42:56 [INFO] Host: setenv serverip '192.168.0.1'
- 06:42:57 [INFO] Target: 
setenv serverip '192.168.0.1'
OMAP3_EVM # 
- 06:42:57 [INFO] Host: tftp ${loadaddr} 192.168.0.1:vatf_am37x-evm/7db45e5a6ca3ce57a93c57c9ec53ffee
- 06:43:00 [INFO] Target: 
tftp ${loadaddr} 192.168.0.1:vatf_am37x-evm/7db45e5a6ca3ce57a93c57c9ec53ffee
smc911x: detected LAN9220 controller
smc911x: phy initialized
smc911x: MAC 00:50:c2:7e:93:ba
Using smc911x-0 device
TFTP from server 192.168.0.1; our IP address is 192.168.0.146
Filename 'vatf_am37x-evm/7db45e5a6ca3ce57a93c57c9ec53ffee'.
Load address: 0x82000000
Loading: *#################################################################
	 #################################################################
	 #################################################################
	 #################################################################
	 ###########################################################
	 3.3 MiB/s
done
Bytes transferred = 4675243 (4756ab hex)
OMAP3_EVM # 
- 06:43:00 [INFO] Host: ls mmc 0:1
- 06:43:01 [INFO] Target: 
ls mmc 0:1
ls - list files in a directory (default /)
Usage:
ls [ directory ]
OMAP3_EVM # 
- 06:43:01 [INFO] Host: ls mmc 0:2
- 06:43:01 [INFO] Target: 
ls mmc 0:2
ls - list files in a directory (default /)
Usage:
ls [ directory ]
OMAP3_EVM # 
- 06:43:01 [INFO] Host: ls mmc 0:3
- 06:43:02 [INFO] Target: 
ls mmc 0:3
ls - list files in a directory (default /)
Usage:
ls [ directory ]
OMAP3_EVM # 
- 06:43:02 [INFO] Host: ls mmc 0:4
- 06:43:02 [INFO] Target: 
ls mmc 0:4
ls - list files in a directory (default /)
Usage:
ls [ directory ]
OMAP3_EVM # 
- 06:43:02 [INFO] Host: ls mmc 0:5
- 06:43:03 [INFO] Target: 
ls mmc 0:5
ls - list files in a directory (default /)
Usage:
ls [ directory ]
OMAP3_EVM # 
- 06:43:03 [INFO] Host: part uuid mmc 0:
- 06:43:03 [INFO] Target: 
part uuid mmc 0:
Unknown command 'part' - try 'help'
OMAP3_EVM # 
- 06:43:03 [INFO] Host: printenv
- 06:43:04 [INFO] Target: 
printenv
autoload=no
baudrate=115200
bootargs=console=ttyO0,115200n8 earlyprintk ip=dhcp
bootcmd=
bootdelay=3
bootfile=uImage
bootscript=echo Running bootscript from mmc ...; source ${loadaddr}
console=ttyO0,115200n8
dieid#=16d400029ff80000015f02690c019016
ethact=smc911x-0
ethaddr=00:50:c2:7e:93:ba
fileaddr=82000000
filesize=4756AB
gatewayip=192.168.0.1
ipaddr=192.168.0.146
loadaddr=0x82000000
loadbootscript=fatload mmc ${mmcdev} ${loadaddr} boot.scr
loaduimage=fatload mmc ${mmcdev} ${loadaddr} uImage
mmcargs=setenv bootargs console=${console} root=/dev/mmcblk0p2 rw rootfstype=ext3 rootwait
mmcboot=echo Booting from mmc ...; run mmcargs; bootm ${loadaddr}
mmcdev=0
nandargs=setenv bootargs console=${console} root=/dev/mtdblock4 rw rootfstype=jffs2
nandboot=echo Booting from nand ...; run nandargs; onenand read ${loadaddr} 280000 400000; bootm ${loadaddr}
netmask=255.255.255.0
ramdisk_addr=0x8A080000
serverip=192.168.0.1
stderr=serial
stdin=serial
stdout=serial
usbtty=cdc_acm
Environment size: 1041/131068 bytes
OMAP3_EVM # 
- 06:43:04 [INFO] Host: setenv bootargs ''${bootargs}' root=/dev/mmcblk0p2 rw rootfstype=ext3 rootwait '
- 06:43:04 [INFO] Target: 
setenv bootargs ''${bootargs}' root=/dev/mmcblk0p2 rw rootfstype=ext3 rootwait '
OMAP3_EVM # 
- 06:43:04 [INFO] Host: printenv
- 06:43:05 [INFO] Target: 
printenv
autoload=no
baudrate=115200
bootargs=console=ttyO0,115200n8 earlyprintk ip=dhcp root=/dev/mmcblk0p2 rw rootfstype=ext3 rootwait
bootcmd=
bootdelay=3
bootfile=uImage
bootscript=echo Running bootscript from mmc ...; source ${loadaddr}
console=ttyO0,115200n8
dieid#=16d400029ff80000015f02690c019016
ethact=smc911x-0
ethaddr=00:50:c2:7e:93:ba
fileaddr=82000000
filesize=4756AB
gatewayip=192.168.0.1
ipaddr=192.168.0.146
loadaddr=0x82000000
loadbootscript=fatload mmc ${mmcdev} ${loadaddr} boot.scr
loaduimage=fatload mmc ${mmcdev} ${loadaddr} uImage
mmcargs=setenv bootargs console=${console} root=/dev/mmcblk0p2 rw rootfstype=ext3 rootwait
mmcboot=echo Booting from mmc ...; run mmcargs; bootm ${loadaddr}
mmcdev=0
nandargs=setenv bootargs console=${console} root=/dev/mtdblock4 rw rootfstype=jffs2
nandboot=echo Booting from nand ...; run nandargs; onenand read ${loadaddr} 280000 400000; bootm ${loadaddr}
netmask=255.255.255.0
ramdisk_addr=0x8A080000
serverip=192.168.0.1
stderr=serial
stdin=serial
stdout=serial
usbtty=cdc_acm
Environment size: 1089/131068 bytes
OMAP3_EVM # 
- 06:43:05 [INFO] Host: setenv bootcmd ''${bootcmd}' if iminfo ${loadaddr}; then bootm ${loadaddr}  ; else bootz ${loadaddr}  ; bootm ${loadaddr}  ; fi'
- 06:43:05 [INFO] Target: 
setenv bootcmd ''${bootcmd}' if iminfo ${loadaddr}; then bootm ${loadaddr}  ; else bootz ${loadaddr}  ; bootm ${loadaddr}  ; fi'
OMAP3_EVM # 
- 06:43:05 [INFO] Host: bdinfo
- 06:43:06 [INFO] Target: 
bdinfo
arch_number = 0x000005FF
boot_params = 0x80000100
DRAM bank   = 0x00000000
-> start    = 0x80000000
-> size     = 0x10000000
DRAM bank   = 0x00000001
-> start    = 0x90000000
-> size     = 0x00000000
ethaddr     = 00:50:c2:7e:93:ba
ip_addr     = 192.168.0.146
baudrate    = 115200 bps
TLB addr    = 0x8FFF0000
relocaddr   = 0x8FF6E000
reloc off   = 0x0FE6E000
irq_sp      = 0x8FF0DF58
sp start    = 0x8FF0DF48
FB base     = 0x00000000
OMAP3_EVM # 
- 06:43:06 [INFO] Host: mmc rescan
- 06:43:06 [INFO] Target: 
mmc rescan
OMAP3_EVM # 
- 06:43:06 [INFO] Host: fatwrite mmc ${mmcdev}:1 ${loadaddr} ws-calibrate.rules 4
- 06:43:07 [INFO] Target: 
fatwrite mmc ${mmcdev}:1 ${loadaddr} ws-calibrate.rules 4
Unknown command 'fatwrite' - try 'help'
OMAP3_EVM # 
- 06:43:07 [INFO] Host: boot
- 06:45:37 [ERROR] On command: boot waiting for boot.+?(?-mix:login:) >>> error: execution expired
- 06:45:37 [INFO] Target: 
boot
Unknown command 'iminfo' - try 'help'
Unknown command 'bootz' - try 'help'
## Booting kernel from Legacy Image at 82000000 ...
   Image Name:   Linux-4.0.0-rc3-next-20150313-00
   Image Type:   ARM Linux Kernel Image (uncompressed)
   Data Size:    4675179 Bytes = 4.5 MiB
   Load Address: 80800000
   Entry Point:  80800000
   Verifying Checksum ... OK
   Loading Kernel Image ... OK
Starting kernel ...
[    0.000000] Booting Linux on physical CPU 0x0
[    0.000000] Initializing cgroup subsys cpuset
[    0.000000] Initializing cgroup subsys cpu
[    0.000000] Initializing cgroup subsys cpuacct
[    0.000000] Linux version 4.0.0-rc3-next-20150313-00002-g3edae4a369f7 (nmenon@kahuna) (gcc version 4.6.3 (Ubuntu/Linaro 4.6.3-1ubuntu5) ) #1 SMP Fri Mar 13 05:43:10 CDT 2015
[    0.000000] CPU: ARMv7 Processor [413fc082] revision 2 (ARMv7), cr=10c5387d
[    0.000000] CPU: PIPT / VIPT nonaliasing data cache, VIPT aliasing instruction cache
[    0.000000] Machine model: TI OMAP37XX EVM (TMDSEVM3730)
[    0.000000] cma: Reserved 16 MiB at 0x8e800000
[    0.000000] Memory policy: Data cache writeback
[    0.000000] CPU: All CPU(s) started in SVC mode.
[    0.000000] OMAP3630 ES1.2 (l2cache iva sgx neon isp 192mhz_clk )
[    0.000000] PERCPU: Embedded 12 pages/cpu @cfc3a000 s18560 r8192 d22400 u49152
[    0.000000] Built 1 zonelists in Zone order, mobility grouping on.  Total pages: 64704
[    0.000000] Kernel command line: console=ttyO0,115200n8 earlyprintk ip=dhcp root=/dev/mmcblk0p2 rw rootfstype=ext3 rootwait
[    0.000000] PID hash table entries: 1024 (order: 0, 4096 bytes)
[    0.000000] Dentry cache hash table entries: 32768 (order: 5, 131072 bytes)
[    0.000000] Inode-cache hash table entries: 16384 (order: 4, 65536 bytes)
[    0.000000] Memory: 223948K/261120K available (6136K kernel code, 598K rwdata, 2288K rodata, 428K init, 8219K bss, 20788K reserved, 16384K cma-reserved, 0K highmem)
[    0.000000] Virtual kernel memory layout:
[    0.000000]     vector  : 0xffff0000 - 0xffff1000   (   4 kB)
[    0.000000]     fixmap  : 0xffc00000 - 0xfff00000   (3072 kB)
[    0.000000]     vmalloc : 0xd0800000 - 0xff000000   ( 744 MB)
[    0.000000]     lowmem  : 0xc0000000 - 0xd0000000   ( 256 MB)
[    0.000000]     pkmap   : 0xbfe00000 - 0xc0000000   (   2 MB)
[    0.000000]     modules : 0xbf000000 - 0xbfe00000   (  14 MB)
[    0.000000]       .text : 0xc0008000 - 0xc08423e8   (8425 kB)
[    0.000000]       .init : 0xc0843000 - 0xc08ae000   ( 428 kB)
[    0.000000]       .data : 0xc08ae000 - 0xc0943b38   ( 599 kB)
[    0.000000]        .bss : 0xc0943b38 - 0xc114a988   (8220 kB)
[    0.000000] Running RCU self tests
[    0.000000] Hierarchical RCU implementation.
[    0.000000] 	RCU lockdep checking is enabled.
[    0.000000] 	Additional per-CPU info printed with stalls.
[    0.000000] 	RCU restricting CPUs from NR_CPUS=2 to nr_cpu_ids=1.
[    0.000000] RCU: Adjusting geometry for rcu_fanout_leaf=16, nr_cpu_ids=1
[    0.000000] NR_IRQS:16 nr_irqs:16 16
[    0.000000] IRQ: Found an INTC at 0xfa200000 (revision 4.0) with 96 interrupts
[    0.000000] Clocking rate (Crystal/Core/MPU): 26.0/400/600 MHz
[    0.000000] OMAP clockevent source: timer1 at 32768 Hz
[    0.000030] sched_clock: 32 bits at 32kHz, resolution 30517ns, wraps every 65536000000000ns
[    0.000061] OMAP clocksource: 32k_counter at 32768 Hz
[    0.001281] Console: colour dummy device 80x30
[    0.001373] Lock dependency validator: Copyright (c) 2006 Red Hat, Inc., Ingo Molnar
[    0.001373] ... MAX_LOCKDEP_SUBCLASSES:  8
[    0.001403] ... MAX_LOCK_DEPTH:          48
[    0.001403] ... MAX_LOCKDEP_KEYS:        8191
[    0.001434] ... CLASSHASH_SIZE:          4096
[    0.001434] ... MAX_LOCKDEP_ENTRIES:     32768
[    0.001434] ... MAX_LOCKDEP_CHAINS:      65536
[    0.001464] ... CHAINHASH_SIZE:          32768
[    0.001464]  memory used by lock dependency info: 5167 kB
[    0.001464]  per task-struct memory footprint: 1152 bytes
[    0.001525] Calibrating delay loop... 594.73 BogoMIPS (lpj=2973696)
[    0.107513] pid_max: default: 32768 minimum: 301
[    0.108032] Security Framework initialized
[    0.108276] Mount-cache hash table entries: 1024 (order: 0, 4096 bytes)
[    0.108306] Mountpoint-cache hash table entries: 1024 (order: 0, 4096 bytes)
[    0.112670] Initializing cgroup subsys blkio
[    0.112731] Initializing cgroup subsys memory
[    0.112823] Initializing cgroup subsys devices
[    0.112976] Initializing cgroup subsys freezer
[    0.113159] Initializing cgroup subsys perf_event
[    0.113250] CPU: Testing write buffer coherency: ok
[    0.115112] CPU0: thread -1, cpu 0, socket -1, mpidr 0
[    0.115264] Setting up static identity map for 0x805d2b08 - 0x805d2b78
[    0.120941] Brought up 1 CPUs
[    0.120971] SMP: Total of 1 processors activated (594.73 BogoMIPS).
[    0.120971] CPU: All CPU(s) started in SVC mode.
[    0.125305] devtmpfs: initialized
[    0.138397] VFP support v0.3: implementor 41 architecture 3 part 30 variant c rev 3
[    0.224426] omap_hwmod: mcbsp2_sidetone using broken dt data from mcbsp
[    0.226837] omap_hwmod: mcbsp3_sidetone using broken dt data from mcbsp
[    0.339111] pinctrl core: initialized pinctrl subsystem
[    0.449981] NET: Registered protocol family 16
[    0.459136] DMA: preallocated 256 KiB pool for atomic coherent allocations
[    0.462127] cpuidle: using governor ladder
[    0.462188] cpuidle: using governor menu
[    0.470397] Reprogramming SDRC clock to 400000000 Hz
[    0.485504] OMAP GPIO hardware version 2.5
[    0.500854] irq: no irq domain found for /ocp/pinmux@48002030 !
[    0.501770] irq: no irq domain found for /ocp/pinmux@48002030 !
[    0.502655] irq: no irq domain found for /ocp/pinmux@48002030 !
[    0.528350] omap-gpmc 6e000000.gpmc: GPMC revision 5.0
[    0.533142] platform 48058000.ssi-controller: Cannot lookup hwmod 'ssi'
[    0.541992] No ATAGs?
[    0.542053] hw-breakpoint: debug architecture 0x4 unsupported.
[    0.545776] OMAP DMA hardware revision 5.0
[    0.636993] omap-dma-engine 48056000.dma-controller: OMAP DMA engine driver
[    0.640838] reg-fixed-voltage wl12xx_vmmc: could not find pctldev for node /ocp/pinmux@48002030/pinmux_wl12xx_gpio, deferring probe
[    0.640899] platform wl12xx_vmmc: Driver reg-fixed-voltage requests probe deferral
[    0.648010] SCSI subsystem initialized
[    0.653167] omap_i2c 48070000.i2c: bus 0 rev4.4 at 2600 kHz
[    0.655029] omap_i2c 48072000.i2c: bus 1 rev4.4 at 400 kHz
[    0.657165] omap_i2c 48060000.i2c: bus 2 rev4.4 at 400 kHz
[    0.663513] Switched to clocksource 32k_counter
[    0.891754] NET: Registered protocol family 2
[    0.894561] TCP established hash table entries: 2048 (order: 1, 8192 bytes)
[    0.894805] TCP bind hash table entries: 2048 (order: 4, 73728 bytes)
[    0.895904] TCP: Hash tables configured (established 2048 bind 2048)
[    0.896209] UDP hash table entries: 256 (order: 2, 20480 bytes)
[    0.896514] UDP-Lite hash table entries: 256 (order: 2, 20480 bytes)
[    0.898010] NET: Registered protocol family 1
[    0.900299] RPC: Registered named UNIX socket transport module.
[    0.900329] RPC: Registered udp transport module.
[    0.900329] RPC: Registered tcp transport module.
[    0.900360] RPC: Registered tcp NFSv4.1 backchannel transport module.
[    0.905700] hw perfevents: enabled with armv7_cortex_a8 PMU driver, 5 counters available
[    0.914245] futex hash table entries: 256 (order: 2, 16384 bytes)
[    0.914581] audit: initializing netlink subsys (disabled)
[    0.914886] audit: type=2000 audit(0.900:1): initialized
[    0.921356] VFS: Disk quotas dquot_6.5.2
[    0.921569] VFS: Dquot-cache hash table entries: 1024 (order 0, 4096 bytes)
[    0.925079] NFS: Registering the id_resolver key type
[    0.925598] Key type id_resolver registered
[    0.925598] Key type id_legacy registered
[    0.925872] jffs2: version 2.2. (NAND) (SUMMARY)   2001-2006 Red Hat, Inc.
[    0.932647] io scheduler noop registered
[    0.932708] io scheduler deadline registered
[    0.932769] io scheduler cfq registered (default)
[    0.936492] pinctrl-single 48002030.pinmux: 284 pins at pa fa002030 size 568
[    0.937286] pinctrl-single 48002a00.pinmux: 46 pins at pa fa002a00 size 92
[    0.938415] pinctrl-single 480025a0.pinmux: 46 pins at pa fa0025a0 size 92
[    0.946411] Serial: 8250/16550 driver, 4 ports, IRQ sharing enabled
[    0.956787] 4806a000.serial: ttyO0 at MMIO 0x4806a000 (irq = 88, base_baud = 3000000) is a OMAP UART0
[    1.713592] console [ttyO0] enabled
[    1.720825] 4806c000.serial: ttyO1 at MMIO 0x4806c000 (irq = 89, base_baud = 3000000) is a OMAP UART1
[    1.733947] 49020000.serial: ttyO2 at MMIO 0x49020000 (irq = 90, base_baud = 3000000) is a OMAP UART2
[    1.746002] omap_uart 49042000.serial: no wakeirq for uart0
[    1.752349] 49042000.serial: ttyO3 at MMIO 0x49042000 (irq = 96, base_baud = 3000000) is a OMAP UART3
[    1.806213] brd: module loaded
[    1.813140] Unable to handle kernel NULL pointer dereference at virtual address 00000000
[    1.821838] pgd = c0004000
[    1.824768] [00000000] *pgd=00000000
[    1.828552] Internal error: Oops: 80000005 [#1] SMP ARM
[    1.834075] Modules linked in:
[    1.837310] CPU: 0 PID: 1 Comm: swapper/0 Not tainted 4.0.0-rc3-next-20150313-00002-g3edae4a369f7 #1
[    1.846954] Hardware name: Generic OMAP36xx (Flattened Device Tree)
[    1.853546] task: ce0a6b80 ti: ce0a8000 task.ti: ce0a8000
[    1.859252] PC is at 0x0
[    1.861938] LR is at percpu_ref_kill_and_confirm+0x16c/0x1e4
[    1.867919] pc : [<00000000>]    lr : [<c034cdc4>]    psr: 60000153
[    1.867919] sp : ce0a9e10  ip : 0000019f  fp : ce406840
[    1.880004] r10: 00000001  r9 : 00000000  r8 : 00000001
[    1.885498] r7 : ce445ff0  r6 : ce46347c  r5 : c0940c7c  r4 : ce463454
[    1.892395] r3 : 00000000  r2 : 00000000  r1 : 00000000  r0 : ce463454
[    1.899261] Flags: nZCv  IRQs on  FIQs off  Mode SVC_32  ISA ARM  Segment kernel
[    1.907073] Control: 10c5387d  Table: 80004019  DAC: 00000015
[    1.913116] Process swapper/0 (pid: 1, stack limit = 0xce0a8218)
[    1.919464] Stack: (0xce0a9e10 to 0xce0aa000)
[    1.924072] 9e00:                                     00000000 00000000 c034cc74 00000000
[    1.932678] 9e20: ce462e08 00000000 ce46347c c03252b4 ce445ff0 ce462e08 ce46347c c0325440
[    1.941314] 9e40: ce462e08 c0325474 ce445ff0 ce445fac ce445f84 ce46347c ce462e08 c0325b70
[    1.949951] 9e60: 00000000 00000001 00000080 ef466b00 ce406840 ce406880 ce463488 ce445f84
[    1.958557] 9e80: ce463488 00000000 ce445f84 00000001 ce0a9ee4 c0843588 00000000 c0325cd8
[    1.967193] 9ea0: 00000005 ce445e00 00000000 c03e7308 000000d0 00000008 00000008 00000001
[    1.975830] 9ec0: 00100000 c11389e0 ce406c80 c08a84a0 c0843588 c0880a30 00000000 00000000
[    1.984436] 9ee0: 0000000a c0880934 00000000 c0880934 00000000 c08b3d58 c08b3d58 c0008a04
[    1.993072] 9f00: ce0a6b80 c08f13b0 00000004 00000000 ce0a6b00 00000004 00000006 00000001
[    2.001708] 9f20: 00000000 00000000 00000000 c008a840 c080f32c cfeff192 00000093 c005ac80
[    2.010314] 9f40: c07c1e28 c080e9fc 00000006 00000006 c08f136c c08928e4 00000006 c08928c4
[    2.018951] 9f60: c0943b40 00000093 c08a84a0 c0843588 00000000 c0843e80 00000006 00000006
[    2.027587] 9f80: c0843588 00000000 00000000 c05c502c 00000000 00000000 00000000 00000000
[    2.036193] 9fa0: 00000000 c05c5034 00000000 c000e6d0 00000000 00000000 00000000 00000000
[    2.044830] 9fc0: 00000000 00000000 00000000 00000000 00000000 00000000 00000000 00000000
[    2.053466] 9fe0: 00000000 00000000 00000000 00000000 00000013 00000000 bfbfffff ffffde7f
[    2.062103] [<c034cdc4>] (percpu_ref_kill_and_confirm) from [<c03252b4>] (blk_mq_freeze_queue_start+0x3c/0x4c)
[    2.072662] [<c03252b4>] (blk_mq_freeze_queue_start) from [<c0325440>] (blk_mq_freeze_queue+0xc/0x18)
[    2.082366] [<c0325440>] (blk_mq_freeze_queue) from [<c0325474>] (blk_mq_update_tag_set_depth+0x28/0xa0)
[    2.092376] [<c0325474>] (blk_mq_update_tag_set_depth) from [<c0325b70>] (blk_mq_init_allocated_queue+0x684/0x7c0)
[    2.103302] [<c0325b70>] (blk_mq_init_allocated_queue) from [<c0325cd8>] (blk_mq_init_queue+0x2c/0x4c)
[    2.113128] [<c0325cd8>] (blk_mq_init_queue) from [<c03e7308>] (loop_add+0xc0/0x254)
[    2.121307] [<c03e7308>] (loop_add) from [<c0880a30>] (loop_init+0xfc/0x160)
[    2.128753] [<c0880a30>] (loop_init) from [<c0008a04>] (do_one_initcall+0x80/0x1d8)
[    2.136840] [<c0008a04>] (do_one_initcall) from [<c0843e80>] (kernel_init_freeable+0x1fc/0x2d4)
[    2.146026] [<c0843e80>] (kernel_init_freeable) from [<c05c5034>] (kernel_init+0x8/0xe4)
[    2.154571] [<c05c5034>] (kernel_init) from [<c000e6d0>] (ret_from_fork+0x14/0x24)
[    2.162536] Code: bad PC value
[    2.165954] ---[ end trace 5c759801bf7d11a8 ]---
[    2.170928] Kernel panic - not syncing: Attempted to kill init! exitcode=0x0000000b
[    2.170928] 
[    2.180572] ---[ end Kernel panic - not syncing: Attempted to kill init! exitcode=0x0000000b
[    2.180572] 
[   82.963348] random: nonblocking pool is initialized
URL:gtsystest.telogy.design.ti.com/vatf/tigtfarm06/tigtfarm06_vatf@am37x-evm/tigtfarm0603_13_2015_06_42_25/files/session_iteration_1/test_1
