- 01:14:42 [INFO] Starting target session
- 01:14:42 [INFO] Connected to am37x-evm via serial 
- 01:14:42 [INFO] Host: #check prompt
- 01:14:45 [ERROR] On command: #check prompt waiting for #check prompt.+?(?-mix:((?-mix:login:)|[Pp]assword)) >>> error: execution expired
- 01:14:45 [INFO] Target: 
#check prompt
OMAP3_EVM # 
- 01:14:45 [INFO] Host: #check prompt
- 01:14:47 [ERROR] On command: #check prompt waiting for #check prompt.+?(?-mix:root@.+[@:#]+) >>> error: execution expired
- 01:14:47 [INFO] Target: 
#check prompt
OMAP3_EVM # 
- 01:14:47 [INFO] Host: #check prompt
- 01:14:49 [ERROR] On command: #check prompt waiting for #check prompt.+?(?-mix:root@.+[@:#]+) >>> error: execution expired
- 01:14:49 [INFO] Target: 
#check prompt
OMAP3_EVM # 
- 01:14:49 [INFO] Host: #check prompt
- 01:14:51 [ERROR] On command: #check prompt waiting for #check prompt.+?(?-mix:root@.+[@:#]+) >>> error: execution expired
- 01:14:51 [INFO] Target: 
#check prompt
OMAP3_EVM # 
- 01:14:51 [INFO] Disconnected serial from am37x-evm
- 01:14:52 [INFO] Connected to am37x-evm via serial 
- 01:14:52 [INFO] Host: 
- 01:14:54 [INFO] Target: 
U-Boot SPL 2015.07-00043-gaada495 (Nov 09 2015 - 12:23:36)
reading u-boot.img
reading u-boot.img
U-Boot 2015.07-00043-gaada495 (Nov 09 2015 - 12:23:36 -0500)
OMAP3630/3730-GP ES1.2, CPU-OPP2, L3-200MHz, Max CPU Clock 1 Ghz
OMAP3 EVM board + LPDDR/NAND
I2C:   ready
DRAM:  256 MiB
NAND:  512 MiB
MMC:   OMAP SD/MMC: 0
Error: Bad compare! failed
NAND read from offset 260000 failed -74
*** Warning - readenv() failed, using default environment
In:    serial
Out:   serial
Err:   serial
Read back SMSC id 0x92200000
Die ID #16d400029ff80000015f02690c019016
Net:   smc911x-0
Warning: Your board does not use generic board. Please read
doc/README.generic-board and take action. Boards not
upgraded by the late 2014 may break or be removed.
Hit any key to stop autoboot:  3  0 
OMAP3_EVM # 
OMAP3_EVM # 
OMAP3_EVM # 
OMAP3_EVM # 
OMAP3_EVM # 
- 01:14:54 [INFO] Host: 
- 01:14:54 [INFO] Target: 
OMAP3_EVM # 
- 01:14:54 [INFO] Host: version
- 01:14:54 [INFO] Target: 
OMAP3_EVM # version
U-Boot 2015.07-00043-gaada495 (Nov 09 2015 - 12:23:36 -0500)
arm-linux-gnueabihf-gcc (crosstool-NG linaro-1.13.1-4.7-2013.03-20130313 - Linaro GCC 2013.03) 4.7.3 20130226 (prerelease)
GNU ld (crosstool-NG linaro-1.13.1-4.7-2013.03-20130313 - Linaro GCC 2013.03) 2.23.1
OMAP3_EVM # 
- 01:14:54 [INFO] Host: setenv bootargs 'console=ttyO0,115200n8 earlyprintk  '
- 01:14:54 [INFO] Target: 
setenv bootargs 'console=ttyO0,115200n8 earlyprintk  '
OMAP3_EVM # 
- 01:14:54 [INFO] Host: setenv bootcmd  ''
- 01:14:54 [INFO] Target: 
setenv bootcmd  ''
OMAP3_EVM # 
- 01:14:54 [INFO] Host: setenv autoload 'no'
- 01:14:54 [INFO] Target: 
setenv autoload 'no'
OMAP3_EVM # 
- 01:14:54 [INFO] Host: setenv serverip '192.168.0.1'
- 01:14:54 [INFO] Target: 
setenv serverip '192.168.0.1'
OMAP3_EVM # 
- 01:14:54 [INFO] Host: printenv
- 01:14:54 [INFO] Target: 
printenv
autoload=no
baudrate=115200
bootargs=console=ttyO0,115200n8 earlyprintk  
bootcmd=
bootdelay=3
bootfile=uImage
bootscript=echo Running bootscript from mmc ...; source ${loadaddr}
console=ttyO0,115200n8
dieid#=16d400029ff80000015f02690c019016
ethact=smc911x-0
ethaddr=00:50:c2:7e:93:ba
loadaddr=0x82000000
loadbootscript=fatload mmc ${mmcdev} ${loadaddr} boot.scr
loaduimage=fatload mmc ${mmcdev} ${loadaddr} uImage
mmcargs=setenv bootargs console=${console} root=/dev/mmcblk0p2 rw rootfstype=ext3 rootwait
mmcboot=echo Booting from mmc ...; run mmcargs; bootm ${loadaddr}
mmcdev=0
nandargs=setenv bootargs console=${console} root=/dev/mtdblock4 rw rootfstype=jffs2
nandboot=echo Booting from nand ...; run nandargs; onenand read ${loadaddr} 280000 400000; bootm ${loadaddr}
serverip=192.168.0.1
stderr=serial
stdin=serial
stdout=serial
usbtty=cdc_acm
Environment size: 900/131068 bytes
OMAP3_EVM # 
- 01:14:54 [INFO] Host: printenv
- 01:14:54 [INFO] Target: 
printenv
autoload=no
baudrate=115200
bootargs=console=ttyO0,115200n8 earlyprintk  
bootcmd=
bootdelay=3
bootfile=uImage
bootscript=echo Running bootscript from mmc ...; source ${loadaddr}
console=ttyO0,115200n8
dieid#=16d400029ff80000015f02690c019016
ethact=smc911x-0
ethaddr=00:50:c2:7e:93:ba
loadaddr=0x82000000
loadbootscript=fatload mmc ${mmcdev} ${loadaddr} boot.scr
loaduimage=fatload mmc ${mmcdev} ${loadaddr} uImage
mmcargs=setenv bootargs console=${console} root=/dev/mmcblk0p2 rw rootfstype=ext3 rootwait
mmcboot=echo Booting from mmc ...; run mmcargs; bootm ${loadaddr}
mmcdev=0
nandargs=setenv bootargs console=${console} root=/dev/mtdblock4 rw rootfstype=jffs2
nandboot=echo Booting from nand ...; run nandargs; onenand read ${loadaddr} 280000 400000; bootm ${loadaddr}
serverip=192.168.0.1
stderr=serial
stdin=serial
stdout=serial
usbtty=cdc_acm
Environment size: 900/131068 bytes
OMAP3_EVM # 
- 01:14:54 [INFO] Host: setenv bootargs ''${bootargs}' ip=:::::eth0:dhcp '
- 01:14:55 [INFO] Target: 
setenv bootargs ''${bootargs}' ip=:::::eth0:dhcp '
OMAP3_EVM # 
- 01:14:55 [INFO] Host: setenv serverip '192.168.0.1'
- 01:14:55 [INFO] Target: 
setenv serverip '192.168.0.1'
OMAP3_EVM # 
- 01:14:55 [INFO] Host: setenv autoload 'no'
- 01:14:55 [INFO] Target: 
setenv autoload 'no'
OMAP3_EVM # 
- 01:14:55 [INFO] Host: dhcp
- 01:14:57 [INFO] Target: 
dhcp
smc911x: MAC 00:50:c2:7e:93:ba
smc911x: detected LAN9220 controller
smc911x: phy initialized
smc911x: MAC 00:50:c2:7e:93:ba
BOOTP broadcast 1
BOOTP broadcast 2
BOOTP broadcast 3
DHCP client bound to address 192.168.0.167 (1056 ms)
smc911x: MAC 00:50:c2:7e:93:ba
OMAP3_EVM # 
- 01:14:57 [INFO] Host: tftp ${loadaddr} 192.168.0.1:vatf_am37x-evm/b2704c62a5269c7110609223a57ee443
- 01:15:00 [INFO] Target: 
tftp ${loadaddr} 192.168.0.1:vatf_am37x-evm/b2704c62a5269c7110609223a57ee443
smc911x: MAC 00:50:c2:7e:93:ba
smc911x: detected LAN9220 controller
smc911x: phy initialized
smc911x: MAC 00:50:c2:7e:93:ba
Using smc911x-0 device
TFTP from server 192.168.0.1; our IP address is 192.168.0.167
Filename 'vatf_am37x-evm/b2704c62a5269c7110609223a57ee443'.
Load address: 0x82000000
Loading: *#################################################################
	 #################################################################
	 #################################################################
	 #######################################################
	 3.3 MiB/s
done
Bytes transferred = 3665115 (37ecdb hex)
smc911x: MAC 00:50:c2:7e:93:ba
OMAP3_EVM # 
- 01:15:00 [INFO] Host: ls mmc 0:1
- 01:15:00 [INFO] Target: 
ls mmc 0:1
ls - list files in a directory (default /)
Usage:
ls [ directory ]
OMAP3_EVM # 
- 01:15:00 [INFO] Host: ls mmc 0:2
- 01:15:00 [INFO] Target: 
ls mmc 0:2
ls - list files in a directory (default /)
Usage:
ls [ directory ]
OMAP3_EVM # 
- 01:15:00 [INFO] Host: ls mmc 0:3
- 01:15:01 [INFO] Target: 
ls mmc 0:3
ls - list files in a directory (default /)
Usage:
ls [ directory ]
OMAP3_EVM # 
- 01:15:01 [INFO] Host: ls mmc 0:4
- 01:15:01 [INFO] Target: 
ls mmc 0:4
ls - list files in a directory (default /)
Usage:
ls [ directory ]
OMAP3_EVM # 
- 01:15:01 [INFO] Host: ls mmc 0:5
- 01:15:01 [INFO] Target: 
ls mmc 0:5
ls - list files in a directory (default /)
Usage:
ls [ directory ]
OMAP3_EVM # 
- 01:15:01 [INFO] Host: part uuid mmc 0:
- 01:15:01 [INFO] Target: 
part uuid mmc 0:
Unknown command 'part' - try 'help'
OMAP3_EVM # 
- 01:15:01 [INFO] Host: printenv
- 01:15:01 [INFO] Target: 
printenv
autoload=no
baudrate=115200
bootargs=console=ttyO0,115200n8 earlyprintk   ip=:::::eth0:dhcp 
bootcmd=
bootdelay=3
bootfile=uImage
bootscript=echo Running bootscript from mmc ...; source ${loadaddr}
console=ttyO0,115200n8
dieid#=16d400029ff80000015f02690c019016
ethact=smc911x-0
ethaddr=00:50:c2:7e:93:ba
fileaddr=82000000
filesize=37ecdb
gatewayip=192.168.0.1
ipaddr=192.168.0.167
loadaddr=0x82000000
loadbootscript=fatload mmc ${mmcdev} ${loadaddr} boot.scr
loaduimage=fatload mmc ${mmcdev} ${loadaddr} uImage
mmcargs=setenv bootargs console=${console} root=/dev/mmcblk0p2 rw rootfstype=ext3 rootwait
mmcboot=echo Booting from mmc ...; run mmcargs; bootm ${loadaddr}
mmcdev=0
nandargs=setenv bootargs console=${console} root=/dev/mtdblock4 rw rootfstype=jffs2
nandboot=echo Booting from nand ...; run nandargs; onenand read ${loadaddr} 280000 400000; bootm ${loadaddr}
netmask=255.255.255.0
serverip=192.168.0.1
stderr=serial
stdin=serial
stdout=serial
usbtty=cdc_acm
Environment size: 1028/131068 bytes
OMAP3_EVM # 
- 01:15:01 [INFO] Host: setenv bootargs ''${bootargs}' root=/dev/mmcblk0p2 rw rootfstype=ext3 rootwait '
- 01:15:01 [INFO] Target: 
setenv bootargs ''${bootargs}' root=/dev/mmcblk0p2 rw rootfstype=ext3 rootwait '
OMAP3_EVM # 
- 01:15:01 [INFO] Host: printenv
- 01:15:01 [INFO] Target: 
printenv
autoload=no
baudrate=115200
bootargs=console=ttyO0,115200n8 earlyprintk   ip=:::::eth0:dhcp  root=/dev/mmcblk0p2 rw rootfstype=ext3 rootwait 
bootcmd=
bootdelay=3
bootfile=uImage
bootscript=echo Running bootscript from mmc ...; source ${loadaddr}
console=ttyO0,115200n8
dieid#=16d400029ff80000015f02690c019016
ethact=smc911x-0
ethaddr=00:50:c2:7e:93:ba
fileaddr=82000000
filesize=37ecdb
gatewayip=192.168.0.1
ipaddr=192.168.0.167
loadaddr=0x82000000
loadbootscript=fatload mmc ${mmcdev} ${loadaddr} boot.scr
loaduimage=fatload mmc ${mmcdev} ${loadaddr} uImage
mmcargs=setenv bootargs console=${console} root=/dev/mmcblk0p2 rw rootfstype=ext3 rootwait
mmcboot=echo Booting from mmc ...; run mmcargs; bootm ${loadaddr}
mmcdev=0
nandargs=setenv bootargs console=${console} root=/dev/mtdblock4 rw rootfstype=jffs2
nandboot=echo Booting from nand ...; run nandargs; onenand read ${loadaddr} 280000 400000; bootm ${loadaddr}
netmask=255.255.255.0
serverip=192.168.0.1
stderr=serial
stdin=serial
stdout=serial
usbtty=cdc_acm
Environment size: 1077/131068 bytes
OMAP3_EVM # 
- 01:15:01 [INFO] Host: setenv bootcmd ''${bootcmd}' if iminfo ${loadaddr}; then bootm ${loadaddr}  ; else bootz ${loadaddr}  ; bootm ${loadaddr}  ; fi'
- 01:15:01 [INFO] Target: 
setenv bootcmd ''${bootcmd}' if iminfo ${loadaddr}; then bootm ${loadaddr}  ; else bootz ${loadaddr}  ; bootm ${loadaddr}  ; fi'
OMAP3_EVM # 
- 01:15:01 [INFO] Host: version
- 01:15:01 [INFO] Target: 
version
U-Boot 2015.07-00043-gaada495 (Nov 09 2015 - 12:23:36 -0500)
arm-linux-gnueabihf-gcc (crosstool-NG linaro-1.13.1-4.7-2013.03-20130313 - Linaro GCC 2013.03) 4.7.3 20130226 (prerelease)
GNU ld (crosstool-NG linaro-1.13.1-4.7-2013.03-20130313 - Linaro GCC 2013.03) 2.23.1
OMAP3_EVM # 
- 01:15:01 [INFO] Host: bdinfo
- 01:15:01 [INFO] Target: 
bdinfo
arch_number = 0x000005FF
boot_params = 0x80000100
DRAM bank   = 0x00000000
-> start    = 0x80000000
-> size     = 0x10000000
DRAM bank   = 0x00000001
-> start    = 0x90000000
-> size     = 0x00000000
eth0name    = smc911x-0
ethaddr     = 00:50:c2:7e:93:ba
current eth = smc911x-0
ip_addr     = 192.168.0.167
baudrate    = 115200 bps
TLB addr    = 0x8FFF0000
relocaddr   = 0x8FF61000
reloc off   = 0x0FE61000
irq_sp      = 0x8FF00F24
sp start    = 0x8FF00F18
OMAP3_EVM # 
- 01:15:01 [INFO] Host: mmc rescan; echo $?
- 01:15:02 [INFO] Target: 
mmc rescan; echo $?
OMAP3_EVM # 
- 01:15:02 [INFO] Host: fatwrite mmc ${mmcdev}:1 ${loadaddr} ws-calibrate.rules 4
- 01:15:02 [INFO] Target: 
fatwrite mmc ${mmcdev}:1 ${loadaddr} ws-calibrate.rules 4
Unknown command 'fatwrite' - try 'help'
OMAP3_EVM # 
- 01:15:02 [INFO] Host: boot
- 01:15:55 [INFO] Target: 
boot
Unknown command 'iminfo' - try 'help'
Unknown command 'bootz' - try 'help'
## Booting kernel from Legacy Image at 82000000 ...
   Image Name:   Linux-4.4.0-rc7-00002-gc7244cc5d
   Image Type:   ARM Linux Kernel Image (uncompressed)
   Data Size:    3665051 Bytes = 3.5 MiB
   Load Address: 81000000
   Entry Point:  81000000
   Verifying Checksum ... OK
   Loading Kernel Image ... OK
Starting kernel ...
[    0.000000] Booting Linux on physical CPU 0x0
[    0.000000] Initializing cgroup subsys cpuset
[    0.000000] Initializing cgroup subsys cpu
[    0.000000] Initializing cgroup subsys cpuacct
[    0.000000] Linux version 4.4.0-rc7-00002-gc7244cc5ddbb (nmenon@horus) (gcc version 4.9.3 20150413 (prerelease) (Linaro GCC 4.9-2015.05) ) #1 SMP Mon Dec 28 00:27:50 CST 2015
[    0.000000] CPU: ARMv7 Processor [413fc082] revision 2 (ARMv7), cr=10c5387d
[    0.000000] CPU: PIPT / VIPT nonaliasing data cache, VIPT aliasing instruction cache
[    0.000000] Machine model: TI OMAP37XX EVM (TMDSEVM3730)
[    0.000000] cma: Reserved 16 MiB at 0x8e800000
[    0.000000] Memory policy: Data cache writeback
[    0.000000] CPU: All CPU(s) started in SVC mode.
[    0.000000] OMAP3630 ES1.2 (l2cache iva sgx neon isp 192mhz_clk )
[    0.000000] PERCPU: Embedded 14 pages/cpu @cfb37000 s24960 r8192 d24192 u57344
[    0.000000] Built 1 zonelists in Zone order, mobility grouping on.  Total pages: 64448
[    0.000000] Kernel command line: console=ttyO0,115200n8 earlyprintk   ip=:::::eth0:dhcp  root=/dev/mmcblk0p2 rw rootfstype=ext3 rootwait 
[    0.000000] PID hash table entries: 1024 (order: 0, 4096 bytes)
[    0.000000] Dentry cache hash table entries: 32768 (order: 5, 131072 bytes)
[    0.000000] Inode-cache hash table entries: 16384 (order: 4, 65536 bytes)
[    0.000000] Memory: 222260K/260096K available (6603K kernel code, 747K rwdata, 2240K rodata, 456K init, 8263K bss, 21452K reserved, 16384K cma-reserved, 0K highmem)
[    0.000000] Virtual kernel memory layout:
[    0.000000]     vector  : 0xffff0000 - 0xffff1000   (   4 kB)
[    0.000000]     fixmap  : 0xffc00000 - 0xfff00000   (3072 kB)
[    0.000000]     vmalloc : 0xd0800000 - 0xff800000   ( 752 MB)
[    0.000000]     lowmem  : 0xc0000000 - 0xd0000000   ( 256 MB)
[    0.000000]     pkmap   : 0xbfe00000 - 0xc0000000   (   2 MB)
[    0.000000]     modules : 0xbf000000 - 0xbfe00000   (  14 MB)
[    0.000000]       .text : 0xc0008000 - 0xc08ab048   (8845 kB)
[    0.000000]       .init : 0xc08ac000 - 0xc091e000   ( 456 kB)
[    0.000000]       .data : 0xc091e000 - 0xc09d8c18   ( 748 kB)
[    0.000000]        .bss : 0xc09db000 - 0xc11ece28   (8264 kB)
[    0.000000] Running RCU self tests
[    0.000000] Hierarchical RCU implementation.
[    0.000000] 	RCU lockdep checking is enabled.
[    0.000000] 	Build-time adjustment of leaf fanout to 32.
[    0.000000] 	RCU restricting CPUs from NR_CPUS=2 to nr_cpu_ids=1.
[    0.000000] RCU: Adjusting geometry for rcu_fanout_leaf=32, nr_cpu_ids=1
[    0.000000] NR_IRQS:16 nr_irqs:16 16
[    0.000000] IRQ: Found an INTC at 0xfa200000 (revision 4.0) with 96 interrupts
[    0.000000] Clocking rate (Crystal/Core/MPU): 26.0/400/600 MHz
[    0.000000] OMAP clockevent source: timer1 at 32768 Hz
[    0.000000] clocksource: 32k_counter: mask: 0xffffffff max_cycles: 0xffffffff, max_idle_ns: 58327039986419 ns
[    0.000000] sched_clock: 32 bits at 32kHz, resolution 30517ns, wraps every 65535999984741ns
[    0.000030] OMAP clocksource: 32k_counter at 32768 Hz
[    0.001678] Console: colour dummy device 80x30
[    0.001770] Lock dependency validator: Copyright (c) 2006 Red Hat, Inc., Ingo Molnar
[    0.001770] ... MAX_LOCKDEP_SUBCLASSES:  8
[    0.001800] ... MAX_LOCK_DEPTH:          48
[    0.001800] ... MAX_LOCKDEP_KEYS:        8191
[    0.001831] ... CLASSHASH_SIZE:          4096
[    0.001831] ... MAX_LOCKDEP_ENTRIES:     32768
[    0.001861] ... MAX_LOCKDEP_CHAINS:      65536
[    0.001861] ... CHAINHASH_SIZE:          32768
[    0.001861]  memory used by lock dependency info: 5167 kB
[    0.001892]  per task-struct memory footprint: 1536 bytes
[    0.001922] Calibrating delay loop... 594.73 BogoMIPS (lpj=2973696)
[    0.106170] pid_max: default: 32768 minimum: 301
[    0.106689] Security Framework initialized
[    0.106872] Mount-cache hash table entries: 1024 (order: 0, 4096 bytes)
[    0.106903] Mountpoint-cache hash table entries: 1024 (order: 0, 4096 bytes)
[    0.111236] Initializing cgroup subsys io
[    0.111389] Initializing cgroup subsys memory
[    0.111480] Initializing cgroup subsys devices
[    0.111602] Initializing cgroup subsys freezer
[    0.111785] Initializing cgroup subsys perf_event
[    0.111877] CPU: Testing write buffer coherency: ok
[    0.114196] CPU0: thread -1, cpu 0, socket -1, mpidr 0
[    0.114318] Setting up static identity map for 0x80008280 - 0x800082f0
[    0.119873] Brought up 1 CPUs
[    0.119903] SMP: Total of 1 processors activated (594.73 BogoMIPS).
[    0.119934] CPU: All CPU(s) started in SVC mode.
[    0.125274] devtmpfs: initialized
[    0.240142] VFP support v0.3: implementor 41 architecture 3 part 30 variant c rev 3
[    0.327331] omap_hwmod: mcbsp2_sidetone using broken dt data from mcbsp
[    0.329803] omap_hwmod: mcbsp3_sidetone using broken dt data from mcbsp
[    0.441284] clocksource: jiffies: mask: 0xffffffff max_cycles: 0xffffffff, max_idle_ns: 19112604462750000 ns
[    0.444030] pinctrl core: initialized pinctrl subsystem
[    0.451751] NET: Registered protocol family 16
[    0.460784] DMA: preallocated 256 KiB pool for atomic coherent allocations
[    0.463775] cpuidle: using governor ladder
[    0.463806] cpuidle: using governor menu
[    0.464538] Reprogramming SDRC clock to 400000000 Hz
[    0.482330] OMAP GPIO hardware version 2.5
[    0.499572] irq: no irq domain found for /ocp/l4@48000000/scm@2000/pinmux@30 !
[    0.500488] irq: no irq domain found for /ocp/l4@48000000/scm@2000/pinmux@30 !
[    0.501373] irq: no irq domain found for /ocp/l4@48000000/scm@2000/pinmux@30 !
[    0.510009] irq: no irq domain found for /ocp/l4@48000000/scm@2000/pinmux@30 !
[    0.528167] omap-gpmc 6e000000.gpmc: GPMC revision 5.0
[    0.528442] gpmc_mem_init: disabling cs 0 mapped at 0x0-0x1000000
[    0.533050] platform 48058000.ssi-controller: Cannot lookup hwmod 'ssi'
[    0.543243] No ATAGs?
[    0.543304] hw-breakpoint: debug architecture 0x4 unsupported.
[    0.545104] omap4_sram_init:Unable to allocate sram needed to handle errata I688
[    0.545135] omap4_sram_init:Unable to get sram pool needed to handle errata I688
[    0.547271] OMAP DMA hardware revision 5.0
[    0.598907] omap-dma-engine 48056000.dma-controller: OMAP DMA engine driver
[    0.603546] reg-fixed-voltage wl12xx_vmmc: could not find pctldev for node /ocp/l4@48000000/scm@2000/pinmux@30/pinmux_wl12xx_gpio, deferring probe
[    0.610839] SCSI subsystem initialized
[    0.616638] omap_i2c 48070000.i2c: bus 0 rev4.4 at 2600 kHz
[    0.618621] omap_i2c 48072000.i2c: bus 1 rev4.4 at 400 kHz
[    0.620819] omap_i2c 48060000.i2c: bus 2 rev4.4 at 400 kHz
[    0.621490] pps_core: LinuxPPS API ver. 1 registered
[    0.621490] pps_core: Software ver. 5.3.6 - Copyright 2005-2007 Rodolfo Giometti <giometti@linux.it>
[    0.621612] PTP clock support registered
[    0.627716] clocksource: Switched to clocksource 32k_counter
[    0.849426] NET: Registered protocol family 2
[    0.852020] TCP established hash table entries: 2048 (order: 1, 8192 bytes)
[    0.852111] TCP bind hash table entries: 2048 (order: 4, 73728 bytes)
[    0.853118] TCP: Hash tables configured (established 2048 bind 2048)
[    0.853363] UDP hash table entries: 256 (order: 2, 20480 bytes)
[    0.853637] UDP-Lite hash table entries: 256 (order: 2, 20480 bytes)
[    0.855041] NET: Registered protocol family 1
[    0.857299] RPC: Registered named UNIX socket transport module.
[    0.857330] RPC: Registered udp transport module.
[    0.857330] RPC: Registered tcp transport module.
[    0.857360] RPC: Registered tcp NFSv4.1 backchannel transport module.
[    0.863800] hw perfevents: enabled with armv7_cortex_a8 PMU driver, 5 counters available
[    0.872283] futex hash table entries: 256 (order: 2, 16384 bytes)
[    0.872619] audit: initializing netlink subsys (disabled)
[    0.872924] audit: type=2000 audit(0.860:1): initialized
[    0.879882] VFS: Disk quotas dquot_6.6.0
[    0.880249] VFS: Dquot-cache hash table entries: 1024 (order 0, 4096 bytes)
[    0.883483] NFS: Registering the id_resolver key type
[    0.884033] Key type id_resolver registered
[    0.884033] Key type id_legacy registered
[    0.884307] jffs2: version 2.2. (NAND) (SUMMARY)   2001-2006 Red Hat, Inc.
[    0.892181] io scheduler noop registered
[    0.892211] io scheduler deadline registered
[    0.892303] io scheduler cfq registered (default)
[    0.895751] pinctrl-single 48002030.pinmux: 284 pins at pa fa002030 size 568
[    0.896545] pinctrl-single 48002a00.pinmux: 46 pins at pa fa002a00 size 92
[    0.897979] pinctrl-single 480025a0.pinmux: 46 pins at pa fa0025a0 size 92
[    0.905517] Serial: 8250/16550 driver, 4 ports, IRQ sharing enabled
[    0.915740] 4806a000.serial: ttyO0 at MMIO 0x4806a000 (irq = 88, base_baud = 3000000) is a OMAP UART0
[    1.742156] console [ttyO0] enabled
[    1.749267] 4806c000.serial: ttyO1 at MMIO 0x4806c000 (irq = 89, base_baud = 3000000) is a OMAP UART1
[    1.761871] 49020000.serial: ttyO2 at MMIO 0x49020000 (irq = 90, base_baud = 3000000) is a OMAP UART2
[    1.773925] omap_uart 49042000.serial: no wakeirq for uart3
[    1.780364] 49042000.serial: ttyO3 at MMIO 0x49042000 (irq = 96, base_baud = 3000000) is a OMAP UART3
[    1.843719] brd: module loaded
[    1.879791] loop: module loaded
[    1.915252] twl 0-0048: PIH (irq 23) chaining IRQs 341..349
[    1.921722] twl 0-0048: power (irq 346) chaining IRQs 349..356
[    1.989990] twl4030_gpio twl4030-gpio: gpio (irq 341) chaining IRQs 357..374
[    2.074523] mtdoops: mtd device (mtddev=name/number) must be supplied
[    2.083862] nand: Could not find valid ONFI parameter page; aborting
[    2.090728] nand: device found, Manufacturer ID: 0xad, Chip ID: 0xbc
[    2.097442] nand: Hynix NAND 512MiB 1,8V 16-bit
[    2.102264] nand: 512 MiB, SLC, erase size: 128 KiB, page size: 2048, OOB size: 64
[    2.110290] nand: using OMAP_ECC_BCH8_CODE_HW_DETECTION_SW
[    2.118896] 5 ofpart partitions found on MTD device NAND 512MiB 1,8V 16-bit
[    2.126251] Creating 5 MTD partitions on "NAND 512MiB 1,8V 16-bit":
[    2.132965] 0x000000000000-0x000000080000 : "X-Loader"
[    2.147338] 0x000000080000-0x000000240000 : "U-Boot"
[    2.159790] 0x000000240000-0x000000280000 : "Environment"
[    2.171112] 0x000000280000-0x000000780000 : "Kernel"
[    2.185943] 0x000000780000-0x000020000000 : "Filesystem"
[    2.695770] libphy: smsc911x-mdio: probed
[    2.700683] smsc911x 2c000000.ethernet eth0: attached PHY driver [SMSC LAN8700] (mii_bus:phy_addr=2c000000.etherne:01, irq=-1)
[    2.713104] smsc911x 2c000000.ethernet eth0: MAC Address: 00:50:c2:7e:93:ba
[    2.726776] mousedev: PS/2 mouse device common for all mice
[    2.732849] i2c /dev entries driver
[    2.792266] ledtrig-cpu: registered to indicate activity on CPUs
[    2.800903] oprofile: using arm/armv7
[    2.805816] Initializing XFRM netlink socket
[    2.811004] NET: Registered protocol family 10
[    2.821228] sit: IPv6 over IPv4 tunneling driver
[    2.829589] NET: Registered protocol family 17
[    2.834411] NET: Registered protocol family 15
[    2.839721] Key type dns_resolver registered
[    2.844635] omap2_set_init_voltage: unable to find boot up OPP for vdd_mpu_iva
[    2.852325] omap2_set_init_voltage: unable to set vdd_mpu_iva
[    2.858459] omap2_set_init_voltage: unable to find boot up OPP for vdd_core
[    2.865814] omap2_set_init_voltage: unable to set vdd_core
[    2.876892] ThumbEE CPU extension supported.
[    2.881591] Registering SWP/SWPB emulation handler
[    2.886657] SmartReflex Class3 initialized
[    2.911041] vwl1271: supplied by VMMC2
[    3.041381] hctosys: unable to open rtc device (rtc0)
[    3.046722] sr_init: No PMIC hook to init smartreflex
[    3.052795] smartreflex smartreflex.0: omap_sr_probe: SmartReflex driver initialized
[    3.062011] smartreflex smartreflex.1: omap_sr_probe: SmartReflex driver initialized
[    3.159973] smsc911x 2c000000.ethernet eth0: SMSC911x/921x identified at 0xd081e000, IRQ: 288
[    3.169525] IPv6: ADDRCONF(NETDEV_UP): eth0: link is not ready
[    3.186157] mmc0: host does not support reading read-only switch, assuming write-enable
[    3.197113] mmc0: new high speed SDHC card at address b368
[    3.206756] mmcblk0: mmc0:b368 SDC   3.74 GiB 
[    3.217224]  mmcblk0: p1 p2 p3
[    3.232604] omap_hsmmc 480b4000.mmc: card claims to support voltages below defined range
[    3.261138] mmc1: queuing unknown CIS tuple 0x91 (3 bytes)
[    3.271972] mmc1: new SDIO card at address 0001
[    5.727905] IPv6: ADDRCONF(NETDEV_CHANGE): eth0: link becomes ready
[    5.749237] Sending DHCP requests ., OK
[    5.818267] IP-Config: Got DHCP answer from 192.168.0.1, my address is 192.168.0.167
[    5.827209] IP-Config: Complete:
[    5.830749]      device=eth0, hwaddr=00:50:c2:7e:93:ba, ipaddr=192.168.0.167, mask=255.255.255.0, gw=192.168.0.1
[    5.841522]      host=192.168.0.167, domain=tim.com, nis-domain=(none)
[    5.848449]      bootserver=192.168.0.1, rootserver=192.168.0.1, rootpath=
[    5.855529]      nameserver0=192.0.2.2, nameserver1=192.0.2.3
[    5.862213] lcd_3v3: disabling
[    5.869140] VUSB3V1: disabling
[    5.872924] vwl1271: disabling
[    5.886749] EXT4-fs (mmcblk0p2): mounting ext3 file system using the ext4 subsystem
[    5.918334] EXT4-fs (mmcblk0p2): warning: maximal mount count reached, running e2fsck is recommended
[    6.287109] EXT4-fs (mmcblk0p2): mounted filesystem with ordered data mode. Opts: (null)
[    6.295989] VFS: Mounted root (ext3 filesystem) on device 179:2.
[    6.310394] devtmpfs: mounted
[    6.314727] Freeing unused kernel memory: 456K (c08ac000 - c091e000)
INIT: version 2.86 booting
Please wait: booting...
Error opening /dev/fb0: No such file or directory
Starting udev
WARNING: -e needs -E or -F
[    7.546264] udevd (120): /proc/120/oom_adj is deprecated, please use /proc/120/oom_score_adj instead.
[   23.437927] EXT4-fs (mmcblk0p3): mounting ext3 file system using the ext4 subsystem
[   23.469909] FAT-fs (mmcblk0p1): Volume was not properly unmounted. Some data may be corrupt. Please run fsck.
[   23.481567] EXT4-fs (mmcblk0p3): warning: maximal mount count reached, running e2fsck is recommended
[   23.559356] EXT4-fs (mmcblk0p3): mounted filesystem with ordered data mode. Opts: (null)
[   23.702239] alignment: ignoring faults is unsafe on this CPU.  Defaulting to fixup mode.
Remounting root file system...
[   23.871765] EXT4-fs (mmcblk0p2): re-mounted. Opts: (null)
Caching udev devnodes
logger: mount: mount point /proc/bus/usb does not exist
ALSA: Restoring mixer settings...
/usr/sbin/alsactl: load_state:1625: No soundcards found...
Configuring network interfaces... [   25.487915] random: nonblocking pool is initialized
[   26.795837] smsc911x 2c000000.ethernet eth0: SMSC911x/921x identified at 0xd081e000, IRQ: 288
[   26.805938] IPv6: ADDRCONF(NETDEV_UP): eth0: link is not ready
eth0      no wireless extensions.
udhcpc (v1.13.2) started
Sending discover...
[   28.718719] IPv6: ADDRCONF(NETDEV_CHANGE): eth0: link becomes ready
Sending discover...
Sending select for 192.168.0.58...
Lease of 192.168.0.58 obtained, lease time 600
adding dns 192.0.2.2
adding dns 192.0.2.3
done.
Setting up IP spoofing protection: rp_filter.
hwclock: can't open '/dev/misc/rtc': No such file or directory
Mon May 18 23:21:00 UTC 2015
hwclock: can't open '/dev/misc/rtc': No such file or directory
INIT: Entering runlevel: 5
Starting system message bus: dbus.
Starting Hardware abstraction layer hald
[   34.244720] ecc unrecoverable error
[   34.248718] ecc unrecoverable error
[   34.252471] ecc unrecoverable error
[   34.256225] ecc unrecoverable error
[   34.260253] blk_update_request: I/O error, dev mtdblock0, sector 0
[   34.388366] ecc unrecoverable error
[   34.392150] ecc unrecoverable error
[   34.395935] ecc unrecoverable error
[   34.399810] ecc unrecoverable error
[   34.403533] blk_update_request: I/O error, dev mtdblock0, sector 0
[   34.410430] Buffer I/O error on dev mtdblock0, logical block 0, async page read
[   34.508605] ecc unrecoverable error
[   34.512390] ecc unrecoverable error
[   34.516143] ecc unrecoverable error
[   34.520019] ecc unrecoverable error
[   34.523712] blk_update_request: I/O error, dev mtdblock1, sector 3456
[   34.558380] ecc unrecoverable error
[   34.562194] ecc unrecoverable error
[   34.565887] blk_update_request: I/O error, dev mtdblock2, sector 0
[   34.588500] ecc unrecoverable error
[   34.592315] ecc unrecoverable error
[   34.596099] ecc unrecoverable error
[   34.599975] ecc unrecoverable error
[   34.603668] blk_update_request: I/O error, dev mtdblock0, sector 0
[   34.610137] Buffer I/O error on dev mtdblock0, logical block 0, async page read
[   34.649291] ecc unrecoverable error
[   34.653076] ecc unrecoverable error
[   34.656799] blk_update_request: I/O error, dev mtdblock3, sector 10112
[   34.687927] ecc unrecoverable error
[   34.691741] ecc unrecoverable error
[   34.695495] ecc unrecoverable error
[   34.699310] ecc unrecoverable error
[   34.703002] blk_update_request: I/O error, dev mtdblock1, sector 3456
[   34.709777] Buffer I/O error on dev mtdblock1, logical block 432, async page read
[   34.773925] ecc unrecoverable error
[   34.777954] ecc unrecoverable error
[   34.781677] blk_update_request: I/O error, dev mtdblock2, sector 0
[   34.788208] Buffer I/O error on dev mtdblock2, logical block 0, async page read
[   34.858367] ecc unrecoverable error
[   34.862182] ecc unrecoverable error
[   34.865936] ecc unrecoverable error
[   34.869812] ecc unrecoverable error
[   34.873504] blk_update_request: I/O error, dev mtdblock0, sector 0
[   34.880004] Buffer I/O error on dev mtdblock0, logical block 0, async page read
[   34.967468] ecc unrecoverable error
[   34.971527] ecc unrecoverable error
[   34.975219] blk_update_request: I/O error, dev mtdblock3, sector 10112
[   34.982055] Buffer I/O error on dev mtdblock3, logical block 1264, async page read
[   34.991729] ecc unrecoverable error
[   34.995513] ecc unrecoverable error
[   34.999450] ecc unrecoverable error
[   35.003234] ecc unrecoverable error
[   35.008087] ecc unrecoverable error
[   35.011871] ecc unrecoverable error
[   35.015594] Buffer I/O error on dev mtdblock2, logical block 0, async page read
[   35.024200] ecc unrecoverable error
[   35.028076] ecc unrecoverable error
[   35.031829] ecc unrecoverable error
[   35.035583] ecc unrecoverable error
[   35.039367] Buffer I/O error on dev mtdblock0, logical block 0, async page read
[   35.047912] ecc unrecoverable error
[   35.052185] ecc unrecoverable error
[   35.055938] ecc unrecoverable error
[   35.060913] ecc unrecoverable error
[   35.064697] ecc unrecoverable error
[   35.068572] ecc unrecoverable error
[   35.072357] ecc unrecoverable error
[   35.076080] Buffer I/O error on dev mtdblock1, logical block 446, async page read
[   35.084838] ecc unrecoverable error
[   35.088714] ecc unrecoverable error
[   35.092407] Buffer I/O error on dev mtdblock2, logical block 0, async page read
[   35.100891] ecc unrecoverable error
[   35.104644] ecc unrecoverable error
[   35.108489] ecc unrecoverable error
[   35.112213] ecc unrecoverable error
[   35.116546] ecc unrecoverable error
[   35.121032] ecc unrecoverable error
[   35.124816] ecc unrecoverable error
[   35.129272] ecc unrecoverable error
[   35.133056] ecc unrecoverable error
[   35.136810] ecc unrecoverable error
[   35.140655] ecc unrecoverable error
[   35.144958] ecc unrecoverable error
[   35.148803] ecc unrecoverable error
[   35.153076] ecc unrecoverable error
[   35.156860] ecc unrecoverable error
[   35.160736] ecc unrecoverable error
[   35.164459] ecc unrecoverable error
[   35.169586] ecc unrecoverable error
[   35.173339] ecc unrecoverable error
[   35.177734] ecc unrecoverable error
[   35.181457] ecc unrecoverable error
[   35.185211] ecc unrecoverable error
[   35.188995] ecc unrecoverable error
[   35.193328] ecc unrecoverable error
[   35.197113] ecc unrecoverable error
[   35.201538] ecc unrecoverable error
[   35.205291] ecc unrecoverable error
[   35.209106] ecc unrecoverable error
[   35.212829] ecc unrecoverable error
[   35.217956] ecc unrecoverable error
[   35.221710] ecc unrecoverable error
[   35.225982] ecc unrecoverable error
[   35.229827] ecc unrecoverable error
[   35.233612] ecc unrecoverable error
[   35.237365] ecc unrecoverable error
[   35.241699] ecc unrecoverable error
[   35.245452] ecc unrecoverable error
[   35.249725] ecc unrecoverable error
[   35.253479] ecc unrecoverable error
[   35.257232] ecc unrecoverable error
[   35.261047] ecc unrecoverable error
[   35.268035] ecc unrecoverable error
[   35.271789] ecc unrecoverable error
[   35.276275] ecc unrecoverable error
[   35.280212] ecc unrecoverable error
[   35.283966] ecc unrecoverable error
[   35.287750] ecc unrecoverable error
[   35.293792] ecc unrecoverable error
[   35.297821] ecc unrecoverable error
[   35.302307] ecc unrecoverable error
[   35.306091] ecc unrecoverable error
[   35.309967] ecc unrecoverable error
[   35.313690] ecc unrecoverable error
[   35.319030] ecc unrecoverable error
[   35.322814] ecc unrecoverable error
[   35.328857] ecc unrecoverable error
[   35.332641] ecc unrecoverable error
[   35.336395] ecc unrecoverable error
[   35.340301] ecc unrecoverable error
[   35.344757] ecc unrecoverable error
[   35.348632] ecc unrecoverable error
[   35.353057] ecc unrecoverable error
[   35.356842] ecc unrecoverable error
[   35.360687] ecc unrecoverable error
[   35.364440] ecc unrecoverable error
[   35.368835] ecc unrecoverable error
[   35.373107] ecc unrecoverable error
[   35.376892] ecc unrecoverable error
[   35.381286] ecc unrecoverable error
[   35.385040] ecc unrecoverable error
[   35.388885] ecc unrecoverable error
[   35.392669] ecc unrecoverable error
[   35.396942] ecc unrecoverable error
[   35.400787] ecc unrecoverable error
[   35.404998] ecc unrecoverable error
[   35.408813] ecc unrecoverable error
[   35.412567] ecc unrecoverable error
[   35.416320] ecc unrecoverable error
[   35.420562] ecc unrecoverable error
[   35.425079] ecc unrecoverable error
[   35.428955] ecc unrecoverable error
[   35.433288] ecc unrecoverable error
[   35.437072] ecc unrecoverable error
[   35.440917] ecc unrecoverable error
[   35.444671] ecc unrecoverable error
[   35.449066] ecc unrecoverable error
[   35.452819] ecc unrecoverable error
[   35.457092] ecc unrecoverable error
[   35.460937] ecc unrecoverable error
[   35.464691] ecc unrecoverable error
[   35.468444] ecc unrecoverable error
[   35.472717] ecc unrecoverable error
[   35.477020] ecc unrecoverable error
[   35.480834] ecc unrecoverable error
[   35.485046] ecc unrecoverable error
[   35.488891] ecc unrecoverable error
[   35.492645] ecc unrecoverable error
[   35.496429] ecc unrecoverable error
[   35.500762] ecc unrecoverable error
[   35.504547] ecc unrecoverable error
[   35.508850] ecc unrecoverable error
[   35.512634] ecc unrecoverable error
[   35.516387] ecc unrecoverable error
[   35.520172] ecc unrecoverable error
[   35.524414] ecc unrecoverable error
[   35.528778] ecc unrecoverable error
[   35.532531] ecc unrecoverable error
[   35.536804] ecc unrecoverable error
[   35.540649] ecc unrecoverable error
[   35.544433] ecc unrecoverable error
[   35.548217] ecc unrecoverable error
[   35.552520] ecc unrecoverable error
[   35.556304] ecc unrecoverable error
[   35.560668] ecc unrecoverable error
[   35.564422] ecc unrecoverable error
[   35.568237] ecc unrecoverable error
[   35.571990] ecc unrecoverable error
[   35.576232] ecc unrecoverable error
[   35.580596] ecc unrecoverable error
[   35.584381] ecc unrecoverable error
[   35.588775] ecc unrecoverable error
[   35.592559] ecc unrecoverable error
[   35.596313] ecc unrecoverable error
[   35.600128] ecc unrecoverable error
[   35.604583] ecc unrecoverable error
[   35.608398] ecc unrecoverable error
[   35.612701] ecc unrecoverable error
[   35.616455] ecc unrecoverable error
[   35.620269] ecc unrecoverable error
[   35.624053] ecc unrecoverable error
[   35.628356] ecc unrecoverable error
[   35.632659] ecc unrecoverable error
[   35.636413] ecc unrecoverable error
[   35.640838] ecc unrecoverable error
[   35.644622] ecc unrecoverable error
[   35.648468] ecc unrecoverable error
[   35.652221] ecc unrecoverable error
[   35.656524] ecc unrecoverable error
[   35.660369] ecc unrecoverable error
[   35.664703] ecc unrecoverable error
[   35.668518] ecc unrecoverable error
[   35.672241] ecc unrecoverable error
[   35.676025] ecc unrecoverable error
[   35.680358] ecc unrecoverable error
[   35.684631] ecc unrecoverable error
[   35.688476] ecc unrecoverable error
[   35.692749] ecc unrecoverable error
[   35.696502] ecc unrecoverable error
[   35.700317] ecc unrecoverable error
[   35.704071] ecc unrecoverable error
[   35.708343] ecc unrecoverable error
[   35.712066] ecc unrecoverable error
[   35.716339] ecc unrecoverable error
[   35.720184] ecc unrecoverable error
[   35.723968] ecc unrecoverable error
[   35.727752] ecc unrecoverable error
[   35.731994] ecc unrecoverable error
[   35.736267] ecc unrecoverable error
[   35.740112] ecc unrecoverable error
[   35.744323] ecc unrecoverable error
[   35.748168] ecc unrecoverable error
[   35.751953] ecc unrecoverable error
[   35.755676] ecc unrecoverable error
[   35.760040] ecc unrecoverable error
[   35.763793] ecc unrecoverable error
[   35.768188] ecc unrecoverable error
[   35.771942] ecc unrecoverable error
[   35.775665] ecc unrecoverable error
[   35.779510] ecc unrecoverable error
[   35.783782] ecc unrecoverable error
[   35.788238] ecc unrecoverable error
[   35.791961] ecc unrecoverable error
[   35.796234] ecc unrecoverable error
[   35.800109] ecc unrecoverable error
[   35.803894] ecc unrecoverable error
[   35.807708] ecc unrecoverable error
[   35.812011] ecc unrecoverable error
[   35.815765] ecc unrecoverable error
[   35.820098] ecc unrecoverable error
[   35.823852] ecc unrecoverable error
[   35.827667] ecc unrecoverable error
[   35.831420] ecc unrecoverable error
[   35.835723] ecc unrecoverable error
[   35.840087] ecc unrecoverable error
[   35.843841] ecc unrecoverable error
[   35.848205] ecc unrecoverable error
[   35.851989] ecc unrecoverable error
[   35.855743] ecc unrecoverable error
[   35.859558] ecc unrecoverable error
[   35.863891] ecc unrecoverable error
[   35.867706] ecc unrecoverable error
[   35.871978] ecc unrecoverable error
[   35.875762] ecc unrecoverable error
[   35.879577] ecc unrecoverable error
[   35.883331] ecc unrecoverable error
[   35.887634] ecc unrecoverable error
[   35.891967] ecc unrecoverable error
[   35.895721] ecc unrecoverable error
[   35.900146] ecc unrecoverable error
[   35.903900] ecc unrecoverable error
[   35.907745] ecc unrecoverable error
[   35.911529] ecc unrecoverable error
[   35.915802] ecc unrecoverable error
[   35.919647] ecc unrecoverable error
[   35.923858] ecc unrecoverable error
[   35.927703] ecc unrecoverable error
[   35.931457] ecc unrecoverable error
[   35.935241] ecc unrecoverable error
[   35.939575] ecc unrecoverable error
[   35.943847] ecc unrecoverable error
[   35.947723] ecc unrecoverable error
[   35.951995] ecc unrecoverable error
[   35.955780] ecc unrecoverable error
[   35.959594] ecc unrecoverable error
[   35.963348] ecc unrecoverable error
[   35.967712] ecc unrecoverable error
[   35.971466] ecc unrecoverable error
[   35.975738] ecc unrecoverable error
[   35.979583] ecc unrecoverable error
[   35.983337] ecc unrecoverable error
[   35.987091] ecc unrecoverable error
[   35.991394] ecc unrecoverable error
[   35.995666] ecc unrecoverable error
[   35.999511] ecc unrecoverable error
[   36.003753] ecc unrecoverable error
[   36.007507] ecc unrecoverable error
[   36.011291] ecc unrecoverable error
[   36.015045] ecc unrecoverable error
[   36.019317] ecc unrecoverable error
[   36.023071] ecc unrecoverable error
[   36.027770] ecc unrecoverable error
[   36.031524] ecc unrecoverable error
[   36.035278] ecc unrecoverable error
[   36.039062] ecc unrecoverable error
[   36.043304] ecc unrecoverable error
[   36.047729] ecc unrecoverable error
[   36.051513] ecc unrecoverable error
[   36.055816] ecc unrecoverable error
[   36.059631] ecc unrecoverable error
[   36.063385] ecc unrecoverable error
[   36.067169] ecc unrecoverable error
[   36.071502] ecc unrecoverable error
[   36.075256] ecc unrecoverable error
[   36.079833] ecc unrecoverable error
[   36.083618] ecc unrecoverable error
[   36.087371] ecc unrecoverable error
[   36.091156] ecc unrecoverable error
[   36.095489] ecc unrecoverable error
[   36.099884] ecc unrecoverable error
[   36.103637] ecc unrecoverable error
[   36.108032] ecc unrecoverable error
[   36.111816] ecc unrecoverable error
[   36.115539] ecc unrecoverable error
[   36.119354] ecc unrecoverable error
[   36.123687] ecc unrecoverable error
[   36.127441] ecc unrecoverable error
[   36.131805] ecc unrecoverable error
[   36.135559] ecc unrecoverable error
[   36.139404] ecc unrecoverable error
[   36.143127] ecc unrecoverable error
[   36.147430] ecc unrecoverable error
[   36.151794] ecc unrecoverable error
[   36.155548] ecc unrecoverable error
[   36.159881] ecc unrecoverable error
[   36.163635] ecc unrecoverable error
[   36.167358] ecc unrecoverable error
[   36.171173] ecc unrecoverable error
[   36.175415] ecc unrecoverable error
[   36.179260] ecc unrecoverable error
[   36.183471] ecc unrecoverable error
[   36.187225] ecc unrecoverable error
[   36.191040] ecc unrecoverable error
[   36.194763] ecc unrecoverable error
[   36.199035] ecc unrecoverable error
[   36.203308] ecc unrecoverable error
[   36.207061] ecc unrecoverable error
[   36.211395] ecc unrecoverable error
[   36.215148] ecc unrecoverable error
[   36.218933] ecc unrecoverable error
[   36.222717] ecc unrecoverable error
[   36.226989] ecc unrecoverable error
[   36.230834] ecc unrecoverable error
[   36.235168] ecc unrecoverable error
[   36.238983] ecc unrecoverable error
[   36.242736] ecc unrecoverable error
[   36.246490] ecc unrecoverable error
[   36.250946] ecc unrecoverable error
[   36.255249] ecc unrecoverable error
[   36.259094] ecc unrecoverable error
[   36.263336] ecc unrecoverable error
[   36.267089] ecc unrecoverable error
[   36.270904] ecc unrecoverable error
[   36.274658] ecc unrecoverable error
[   36.279052] ecc unrecoverable error
[   36.282806] ecc unrecoverable error
[   36.287078] ecc unrecoverable error
[   36.290924] ecc unrecoverable error
[   36.294708] ecc unrecoverable error
[   36.298461] ecc unrecoverable error
[   36.302795] ecc unrecoverable error
[   36.307128] ecc unrecoverable error
[   36.310974] ecc unrecoverable error
[   36.315307] ecc unrecoverable error
[   36.319152] ecc unrecoverable error
[   36.322906] ecc unrecoverable error
[   36.326660] ecc unrecoverable error
[   36.330993] ecc unrecoverable error
[   36.334747] ecc unrecoverable error
[   36.339172] ecc unrecoverable error
[   36.342956] ecc unrecoverable error
[   36.346710] ecc unrecoverable error
[   36.350524] ecc unrecoverable error
[   36.354766] ecc unrecoverable error
[   36.359130] ecc unrecoverable error
[   36.362884] ecc unrecoverable error
[   36.367156] ecc unrecoverable error
[   36.371002] ecc unrecoverable error
[   36.374755] ecc unrecoverable error
[   36.378570] ecc unrecoverable error
[   36.382873] ecc unrecoverable error
[   36.386627] ecc unrecoverable error
[   36.390991] ecc unrecoverable error
[   36.394744] ecc unrecoverable error
[   36.398559] ecc unrecoverable error
[   36.402282] ecc unrecoverable error
[   36.406555] ecc unrecoverable error
[   36.410949] ecc unrecoverable error
[   36.414733] ecc unrecoverable error
[   36.419067] ecc unrecoverable error
[   36.422851] ecc unrecoverable error
[   36.426605] ecc unrecoverable error
[   36.430450] ecc unrecoverable error
[   36.434722] ecc unrecoverable error
[   36.438568] ecc unrecoverable error
[   36.442779] ecc unrecoverable error
[   36.446533] ecc unrecoverable error
[   36.450347] ecc unrecoverable error
[   36.454071] ecc unrecoverable error
[   36.458404] ecc unrecoverable error
[   36.462768] ecc unrecoverable error
[   36.466522] ecc unrecoverable error
[   36.470855] ecc unrecoverable error
[   36.474609] ecc unrecoverable error
[   36.478393] ecc unrecoverable error
[   36.482147] ecc unrecoverable error
[   36.486389] ecc unrecoverable error
[   36.490234] ecc unrecoverable error
[   36.494506] ecc unrecoverable error
[   36.498321] ecc unrecoverable error
[   36.502075] ecc unrecoverable error
[   36.505798] ecc unrecoverable error
[   36.510864] ecc unrecoverable error
[   36.514617] ecc unrecoverable error
[   36.518920] ecc unrecoverable error
[   36.522705] ecc unrecoverable error
[   36.526428] ecc unrecoverable error
[   36.530242] ecc unrecoverable error
[   36.534545] ecc unrecoverable error
[   36.538360] ecc unrecoverable error
[   36.542663] ecc unrecoverable error
[   36.546447] ecc unrecoverable error
[   36.550262] ecc unrecoverable error
[   36.553985] ecc unrecoverable error
[   36.559112] ecc unrecoverable error
[   36.562896] ecc unrecoverable error
[   36.567169] ecc unrecoverable error
[   36.571014] ecc unrecoverable error
[   36.574737] ecc unrecoverable error
[   36.578521] ecc unrecoverable error
[   36.582824] ecc unrecoverable error
[   36.586578] ecc unrecoverable error
[   36.590850] ecc unrecoverable error
[   36.594635] ecc unrecoverable error
[   36.598480] ecc unrecoverable error
[   36.602233] ecc unrecoverable error
[   36.607177] ecc unrecoverable error
[   36.610992] ecc unrecoverable error
[   36.615325] ecc unrecoverable error
[   36.619140] ecc unrecoverable error
[   36.622894] ecc unrecoverable error
[   36.626617] ecc unrecoverable error
[   36.630920] ecc unrecoverable error
[   36.634674] ecc unrecoverable error
[   36.639038] ecc unrecoverable error
[   36.642791] ecc unrecoverable error
[   36.646575] ecc unrecoverable error
[   36.650360] ecc unrecoverable error
[   36.654571] ecc unrecoverable error
[   36.658935] ecc unrecoverable error
[   36.662719] ecc unrecoverable error
[   36.666992] ecc unrecoverable error
[   36.670837] ecc unrecoverable error
[   36.674560] ecc unrecoverable error
[   36.678375] ecc unrecoverable error
[   36.682678] ecc unrecoverable error
[   36.686431] ecc unrecoverable error
[   36.690765] ecc unrecoverable error
[   36.694519] ecc unrecoverable error
[   36.698333] ecc unrecoverable error
[   36.702056] ecc unrecoverable error
[   36.706298] ecc unrecoverable error
[   36.710662] ecc unrecoverable error
[   36.714447] ecc unrecoverable error
[   36.718749] ecc unrecoverable error
[   36.722503] ecc unrecoverable error
[   36.726226] ecc unrecoverable error
[   36.730041] ecc unrecoverable error
[   36.734313] ecc unrecoverable error
[   36.738159] ecc unrecoverable error
[   36.742370] ecc unrecoverable error
[   36.746154] ecc unrecoverable error
[   36.749969] ecc unrecoverable error
[   36.753692] ecc unrecoverable error
[   36.758087] ecc unrecoverable error
[   36.762390] ecc unrecoverable error
[   36.766143] ecc unrecoverable error
[   36.770477] ecc unrecoverable error
[   36.774261] ecc unrecoverable error
[   36.778045] ecc unrecoverable error
[   36.781799] ecc unrecoverable error
[   36.786071] ecc unrecoverable error
[   36.789886] ecc unrecoverable error
[   36.794158] ecc unrecoverable error
[   36.797973] ecc unrecoverable error
[   36.801727] ecc unrecoverable error
[   36.805450] ecc unrecoverable error
[   36.809661] ecc unrecoverable error
[   36.813964] ecc unrecoverable error
[   36.817840] ecc unrecoverable error
[   36.822113] ecc unrecoverable error
[   36.825866] ecc unrecoverable error
[   36.829681] ecc unrecoverable error
[   36.833465] ecc unrecoverable error
[   36.837860] ecc unrecoverable error
[   36.841613] ecc unrecoverable error
[   36.845886] ecc unrecoverable error
[   36.849700] ecc unrecoverable error
[   36.853454] ecc unrecoverable error
[   36.857177] ecc unrecoverable error
[   36.861511] ecc unrecoverable error
[   36.865783] ecc unrecoverable error
[   36.869598] ecc unrecoverable error
[   36.873840] ecc unrecoverable error
[   36.877685] ecc unrecoverable error
[   36.881469] ecc unrecoverable error
[   36.885223] ecc unrecoverable error
[   36.889526] ecc unrecoverable error
[   36.893310] ecc unrecoverable error
[   36.897674] ecc unrecoverable error
[   36.901428] ecc unrecoverable error
[   36.905212] ecc unrecoverable error
[   36.908966] ecc unrecoverable error
[   36.913238] ecc unrecoverable error
[   36.917663] ecc unrecoverable error
[   36.921417] ecc unrecoverable error
[   36.925689] ecc unrecoverable error
[   36.929504] ecc unrecoverable error
[   36.933227] ecc unrecoverable error
[   36.936981] ecc unrecoverable error
[   36.941284] ecc unrecoverable error
[   36.945037] ecc unrecoverable error
[   36.949401] ecc unrecoverable error
[   36.953155] ecc unrecoverable error
[   36.956939] ecc unrecoverable error
[   36.960754] ecc unrecoverable error
[   36.964996] ecc unrecoverable error
[   36.969329] ecc unrecoverable error
[   36.973114] ecc unrecoverable error
[   36.977386] ecc unrecoverable error
[   36.981201] ecc unrecoverable error
[   36.984954] ecc unrecoverable error
[   36.988739] ecc unrecoverable error
[   36.993072] ecc unrecoverable error
[   36.996826] ecc unrecoverable error
[   37.001129] ecc unrecoverable error
[   37.004913] ecc unrecoverable error
[   37.008728] ecc unrecoverable error
[   37.012481] ecc unrecoverable error
[   37.016754] ecc unrecoverable error
[   37.021148] ecc unrecoverable error
[   37.024902] ecc unrecoverable error
[   37.029235] ecc unrecoverable error
[   37.033020] ecc unrecoverable error
[   37.036804] ecc unrecoverable error
[   37.040618] ecc unrecoverable error
[   37.044891] ecc unrecoverable error
[   37.048736] ecc unrecoverable error
[   37.053009] ecc unrecoverable error
[   37.056762] ecc unrecoverable error
[   37.060638] ecc unrecoverable error
[   37.064361] ecc unrecoverable error
[   37.072479] ecc unrecoverable error
[   37.076232] ecc unrecoverable error
[   37.081237] ecc unrecoverable error
[   37.084991] ecc unrecoverable error
[   37.088867] ecc unrecoverable error
[   37.092651] ecc unrecoverable error
[   37.097076] ecc unrecoverable error
[   37.100952] ecc unrecoverable error
[   37.105316] ecc unrecoverable error
[   37.109161] ecc unrecoverable error
[   37.112976] ecc unrecoverable error
[   37.116729] ecc unrecoverable error
[   37.122436] ecc unrecoverable error
[   37.126190] ecc unrecoverable error
[   37.130676] ecc unrecoverable error
[   37.134490] ecc unrecoverable error
[   37.138366] ecc unrecoverable error
[   37.142150] ecc unrecoverable error
[   37.147491] ecc unrecoverable error
[   37.151397] ecc unrecoverable error
[   37.156524] ecc unrecoverable error
[   37.160369] ecc unrecoverable error
[   37.164154] ecc unrecoverable error
[   37.167938] ecc unrecoverable error
[   37.173126] ecc unrecoverable error
[   37.176879] ecc unrecoverable error
[   37.181304] ecc unrecoverable error
[   37.185058] ecc unrecoverable error
[   37.188934] ecc unrecoverable error
[   37.192718] ecc unrecoverable error
[   37.197052] ecc unrecoverable error
[   37.200866] ecc unrecoverable error
[   37.205169] ecc unrecoverable error
[   37.209014] ecc unrecoverable error
[   37.212799] ecc unrecoverable error
[   37.216522] ecc unrecoverable error
[   37.220855] ecc unrecoverable error
[   37.225189] ecc unrecoverable error
[   37.229064] ecc unrecoverable error
[   37.233367] ecc unrecoverable error
[   37.237152] ecc unrecoverable error
[   37.240997] ecc unrecoverable error
[   37.244781] ecc unrecoverable error
[   37.249114] ecc unrecoverable error
[   37.252899] ecc unrecoverable error
[   37.257202] ecc unrecoverable error
[   37.261016] ecc unrecoverable error
[   37.264801] ecc unrecoverable error
[   37.268585] ecc unrecoverable error
[   37.272857] ecc unrecoverable error
[   37.277191] ecc unrecoverable error
[   37.281036] ecc unrecoverable error
[   37.286010] ecc unrecoverable error
[   37.289855] ecc unrecoverable error
[   37.293640] ecc unrecoverable error
[   37.297424] ecc unrecoverable error
[   37.301849] ecc unrecoverable error
[   37.305603] ecc unrecoverable error
[   37.309936] ecc unrecoverable error
[   37.313690] ecc unrecoverable error
[   37.317443] ecc unrecoverable error
[   37.321258] ecc unrecoverable error
[   37.325592] ecc unrecoverable error
[   37.329986] ecc unrecoverable error
[   37.333709] ecc unrecoverable error
[   37.338165] ecc unrecoverable error
[   37.341949] ecc unrecoverable error
[   37.345733] ecc unrecoverable error
[   37.349548] ecc unrecoverable error
[   37.353851] ecc unrecoverable error
[   37.357696] ecc unrecoverable error
[   37.362030] ecc unrecoverable error
[   37.365783] ecc unrecoverable error
[   37.369628] ecc unrecoverable error
[   37.373413] ecc unrecoverable error
[   37.377807] ecc unrecoverable error
[   37.382110] ecc unrecoverable error
[   37.385833] ecc unrecoverable error
[   37.390197] ecc unrecoverable error
[   37.393981] ecc unrecoverable error
[   37.397796] ecc unrecoverable error
[   37.401580] ecc unrecoverable error
[   37.405853] ecc unrecoverable error
[   37.409698] ecc unrecoverable error
[   37.414031] ecc unrecoverable error
[   37.417846] ecc unrecoverable error
[   37.421600] ecc unrecoverable error
[   37.425323] ecc unrecoverable error
[   37.429656] ecc unrecoverable error
[   37.434020] ecc unrecoverable error
[   37.437835] ecc unrecoverable error
[   37.442169] ecc unrecoverable error
[   37.445953] ecc unrecoverable error
[   37.449798] ecc unrecoverable error
[   37.453552] ecc unrecoverable error
[   37.457977] ecc unrecoverable error
[   37.461730] ecc unrecoverable error
[   37.466156] ecc unrecoverable error
[   37.469970] ecc unrecoverable error
[   37.473724] ecc unrecoverable error
[   37.477447] ecc unrecoverable error
[   37.481811] ecc unrecoverable error
[   37.486145] ecc unrecoverable error
[   37.489990] ecc unrecoverable error
[   37.494262] ecc unrecoverable error
[   37.498138] ecc unrecoverable error
[   37.501892] ecc unrecoverable error
[   37.505645] ecc unrecoverable error
[   37.509979] ecc unrecoverable error
[   37.513763] ecc unrecoverable error
[   37.518157] ecc unrecoverable error
[   37.521911] ecc unrecoverable error
[   37.525665] ecc unrecoverable error
[   37.529449] ecc unrecoverable error
[   37.541625] ecc unrecoverable error
[   37.550842] ecc unrecoverable error
[   37.554656] ecc unrecoverable error
[   37.559387] ecc unrecoverable error
[   37.563171] ecc unrecoverable error
[   37.566925] ecc unrecoverable error
[   37.570861] ecc unrecoverable error
[   37.575531] ecc unrecoverable error
[   37.579437] ecc unrecoverable error
[   37.583862] ecc unrecoverable error
[   37.588439] ecc unrecoverable error
[   37.592254] ecc unrecoverable error
[   37.596557] ecc unrecoverable error
[   37.600463] ecc unrecoverable error
[   37.604187] ecc unrecoverable error
[   37.608001] ecc unrecoverable error
[   37.612396] ecc unrecoverable error
[   37.616180] ecc unrecoverable error
[   37.627380] ecc unrecoverable error
[   37.636413] ecc unrecoverable error
[   37.640380] ecc unrecoverable error
[   37.644958] ecc unrecoverable error
[   37.648864] ecc unrecoverable error
[   37.652618] ecc unrecoverable error
[   37.656402] ecc unrecoverable error
[   37.660797] ecc unrecoverable error
[   37.665222] ecc unrecoverable error
[   37.669128] ecc unrecoverable error
[   37.673767] ecc unrecoverable error
[   37.677703] ecc unrecoverable error
[   37.681518] ecc unrecoverable error
[   37.685272] ecc unrecoverable error
[   37.689697] ecc unrecoverable error
[   37.694000] ecc unrecoverable error
[   37.697845] ecc unrecoverable error
[   37.702209] ecc unrecoverable error
[   37.705993] ecc unrecoverable error
[   37.709808] ecc unrecoverable error
[   37.713562] ecc unrecoverable error
[   37.717926] ecc unrecoverable error
[   37.722259] ecc unrecoverable error
[   37.726013] ecc unrecoverable error
[   37.730346] ecc unrecoverable error
[   37.734100] ecc unrecoverable error
[   37.737915] ecc unrecoverable error
[   37.741699] ecc unrecoverable error
[   37.745941] ecc unrecoverable error
[   37.750305] ecc unrecoverable error
[   37.754089] ecc unrecoverable error
[   37.758392] ecc unrecoverable error
[   37.762176] ecc unrecoverable error
[   37.765930] ecc unrecoverable error
[   37.769744] ecc unrecoverable error
[   37.774017] ecc unrecoverable error
[   37.778350] ecc unrecoverable error
[   37.782104] ecc unrecoverable error
[   37.786346] ecc unrecoverable error
[   37.790161] ecc unrecoverable error
[   37.793914] ecc unrecoverable error
[   37.797760] ecc unrecoverable error
[   37.801940] ecc unrecoverable error
[   37.806243] ecc unrecoverable error
[   37.810058] ecc unrecoverable error
[   37.814331] ecc unrecoverable error
[   37.818145] ecc unrecoverable error
[   37.821929] ecc unrecoverable error
[   37.825653] ecc unrecoverable error
[   37.829956] ecc unrecoverable error
[   37.834228] ecc unrecoverable error
[   37.838043] ecc unrecoverable error
[   37.842346] ecc unrecoverable error
[   37.846099] ecc unrecoverable error
[   37.849914] ecc unrecoverable error
[   37.853698] ecc unrecoverable error
[   37.858093] ecc unrecoverable error
[   37.862365] ecc unrecoverable error
[   37.866119] ecc unrecoverable error
[   37.870391] ecc unrecoverable error
[   37.874145] ecc unrecoverable error
[   37.878021] ecc unrecoverable error
[   37.881774] ecc unrecoverable error
[   37.886291] ecc unrecoverable error
[   37.890624] ecc unrecoverable error
[   37.894409] ecc unrecoverable error
[   37.898803] ecc unrecoverable error
[   37.902557] ecc unrecoverable error
[   37.906311] ecc unrecoverable error
[   37.910156] ecc unrecoverable error
[   37.914459] ecc unrecoverable error
[   37.918792] ecc unrecoverable error
[   37.922576] ecc unrecoverable error
[   37.926818] ecc unrecoverable error
[   37.930664] ecc unrecoverable error
[   37.934387] ecc unrecoverable error
[   37.938201] ecc unrecoverable error
[   37.942443] ecc unrecoverable error
[   37.946746] ecc unrecoverable error
[   37.950592] ecc unrecoverable error
[   37.954864] ecc unrecoverable error
[   37.958679] ecc unrecoverable error
[   37.962432] ecc unrecoverable error
[   37.966186] ecc unrecoverable error
[   37.970489] ecc unrecoverable error
[   37.974761] ecc unrecoverable error
[   37.978607] ecc unrecoverable error
[   37.982879] ecc unrecoverable error
[   37.986633] ecc unrecoverable error
[   37.990447] ecc unrecoverable error
[   37.994232] ecc unrecoverable error
[   37.998565] ecc unrecoverable error
[   38.002838] ecc unrecoverable error
[   38.006622] ecc unrecoverable error
[   38.010925] ecc unrecoverable error
[   38.014709] ecc unrecoverable error
[   38.018524] ecc unrecoverable error
[   38.022308] ecc unrecoverable error
[   38.026580] ecc unrecoverable error
[   38.030944] ecc unrecoverable error
[   38.034698] ecc unrecoverable error
[   38.039062] ecc unrecoverable error
[   38.042816] ecc unrecoverable error
[   38.046539] ecc unrecoverable error
[   38.050354] ecc unrecoverable error
[   38.054656] ecc unrecoverable error
[   38.059326] ecc unrecoverable error
[   38.063110] ecc unrecoverable error
[   38.067474] ecc unrecoverable error
[   38.071289] ecc unrecoverable error
[   38.075042] ecc unrecoverable error
[   38.078857] ecc unrecoverable error
[   38.083129] ecc unrecoverable error
[   38.087432] ecc unrecoverable error
[   38.091247] ecc unrecoverable error
[   38.095886] ecc unrecoverable error
[   38.099731] ecc unrecoverable error
[   38.103485] ecc unrecoverable error
[   38.107238] ecc unrecoverable error
[   38.111572] ecc unrecoverable error
[   38.115875] ecc unrecoverable error
[   38.119720] ecc unrecoverable error
[   38.123992] ecc unrecoverable error
[   38.127807] ecc unrecoverable error
[   38.131561] ecc unrecoverable error
[   38.135345] ecc unrecoverable error
[   38.139648] ecc unrecoverable error
[   38.143920] ecc unrecoverable error
[   38.147735] ecc unrecoverable error
[   38.152038] ecc unrecoverable error
[   38.155822] ecc unrecoverable error
[   38.159606] ecc unrecoverable error
[   38.163360] ecc unrecoverable error
[   38.167694] ecc unrecoverable error
[   38.172027] ecc unrecoverable error
[   38.175781] ecc unrecoverable error
[   38.180114] ecc unrecoverable error
[   38.183898] ecc unrecoverable error
[   38.187744] ecc unrecoverable error
[   38.191497] ecc unrecoverable error
[   38.195739] ecc unrecoverable error
[   38.200103] ecc unrecoverable error
[   38.203887] ecc unrecoverable error
[   38.208160] ecc unrecoverable error
[   38.211914] ecc unrecoverable error
[   38.215667] ecc unrecoverable error
[   38.219482] ecc unrecoverable error
[   38.223724] ecc unrecoverable error
[   38.228118] ecc unrecoverable error
[   38.231903] ecc unrecoverable error
[   38.236236] ecc unrecoverable error
[   38.240051] ecc unrecoverable error
[   38.243804] ecc unrecoverable error
[   38.247650] ecc unrecoverable error
[   38.251922] ecc unrecoverable error
[   38.256225] ecc unrecoverable error
[   38.260070] ecc unrecoverable error
[   38.264343] ecc unrecoverable error
[   38.268188] ecc unrecoverable error
[   38.271942] ecc unrecoverable error
[   38.275695] ecc unrecoverable error
[   38.279968] ecc unrecoverable error
[   38.284271] ecc unrecoverable error
[   38.288085] ecc unrecoverable error
[   38.292327] ecc unrecoverable error
[   38.296081] ecc unrecoverable error
[   38.299896] ecc unrecoverable error
[   38.303649] ecc unrecoverable error
[   38.307983] ecc unrecoverable error
[   38.312255] ecc unrecoverable error
[   38.316009] ecc unrecoverable error
[   38.320312] ecc unrecoverable error
[   38.324096] ecc unrecoverable error
[   38.327880] ecc unrecoverable error
[   38.331665] ecc unrecoverable error
[   38.335937] ecc unrecoverable error
[   38.347259] ecc unrecoverable error
[   38.351226] ecc unrecoverable error
[   38.360382] ecc unrecoverable error
[   38.364196] ecc unrecoverable error
[   38.368103] ecc unrecoverable error
[   38.371887] ecc unrecoverable error
[   38.376708] ecc unrecoverable error
[   38.380615] ecc unrecoverable error
[   38.385070] ecc unrecoverable error
[   38.388946] ecc unrecoverable error
[   38.392700] ecc unrecoverable error
[   38.396453] ecc unrecoverable error
[   38.400909] ecc unrecoverable error
[   38.404663] ecc unrecoverable error
[   38.409088] ecc unrecoverable error
[   38.412841] ecc unrecoverable error
[   38.416564] ecc unrecoverable error
[   38.420410] ecc unrecoverable error
[   38.424713] ecc unrecoverable error
[   38.428558] ecc unrecoverable error
[   38.432861] ecc unrecoverable error
[   38.436645] ecc unrecoverable error
[   38.440429] ecc unrecoverable error
[   38.444183] ecc unrecoverable error
[   38.448577] ecc unrecoverable error
[   38.452362] ecc unrecoverable error
[   38.456604] ecc unrecoverable error
[   38.460479] ecc unrecoverable error
[   38.464263] ecc unrecoverable error
[   38.468048] ecc unrecoverable error
[   38.472320] ecc unrecoverable error
[   38.476074] ecc unrecoverable error
[   38.480407] ecc unrecoverable error
[   38.484130] ecc unrecoverable error
[   38.487945] ecc unrecoverable error
[   38.491699] ecc unrecoverable error
[   38.495971] ecc unrecoverable error
[   38.499816] ecc unrecoverable error
[   38.504089] ecc unrecoverable error
[   38.507904] ecc unrecoverable error
[   38.511627] ecc unrecoverable error
[   38.515411] ecc unrecoverable error
[   38.519714] ecc unrecoverable error
[   38.523468] ecc unrecoverable error
[   38.527770] ecc unrecoverable error
[   38.531555] ecc unrecoverable error
[   38.535308] ecc unrecoverable error
[   38.539123] ecc unrecoverable error
[   38.543334] ecc unrecoverable error
[   38.547088] ecc unrecoverable error
[   38.551361] ecc unrecoverable error
[   38.555114] ecc unrecoverable error
[   38.558959] ecc unrecoverable error
[   38.562713] ecc unrecoverable error
[   38.567016] ecc unrecoverable error
[   38.570861] ecc unrecoverable error
[   38.575103] ecc unrecoverable error
[   38.578918] ecc unrecoverable error
[   38.582672] ecc unrecoverable error
[   38.586425] ecc unrecoverable error
[   38.590942] ecc unrecoverable error
[   38.594696] ecc unrecoverable error
[   38.599029] ecc unrecoverable error
[   38.602813] ecc unrecoverable error
[   38.606567] ecc unrecoverable error
[   38.610412] ecc unrecoverable error
[   38.614685] ecc unrecoverable error
[   38.618499] ecc unrecoverable error
[   38.622802] ecc unrecoverable error
[   38.626586] ecc unrecoverable error
[   38.630371] ecc unrecoverable error
[   38.634124] ecc unrecoverable error
[   38.638458] ecc unrecoverable error
[   38.642211] ecc unrecoverable error
[   38.646453] ecc unrecoverable error
[   38.650268] ecc unrecoverable error
[   38.654022] ecc unrecoverable error
[   38.657836] ecc unrecoverable error
[   38.662048] ecc unrecoverable error
[   38.665802] ecc unrecoverable error
[   38.670043] ecc unrecoverable error
[   38.673797] ecc unrecoverable error
[   38.677520] ecc unrecoverable error
[   38.681335] ecc unrecoverable error
[   38.685577] ecc unrecoverable error
[   38.689392] ecc unrecoverable error
[   38.693664] ecc unrecoverable error
[   38.697418] ecc unrecoverable error
[   38.701202] ecc unrecoverable error
[   38.704986] ecc unrecoverable error
[   38.709289] ecc unrecoverable error
[   38.713073] ecc unrecoverable error
[   38.717285] ecc unrecoverable error
[   38.721130] ecc unrecoverable error
[   38.724853] ecc unrecoverable error
[   38.728668] ecc unrecoverable error
[   38.732940] ecc unrecoverable error
[   38.736724] ecc unrecoverable error
[   38.740997] ecc unrecoverable error
[   38.744750] ecc unrecoverable error
[   38.748565] ecc unrecoverable error
[   38.752319] ecc unrecoverable error
[   38.756591] ecc unrecoverable error
[   38.760406] ecc unrecoverable error
[   38.764678] ecc unrecoverable error
[   38.768463] ecc unrecoverable error
[   38.772247] ecc unrecoverable error
[   38.775970] ecc unrecoverable error
[   38.780212] ecc unrecoverable error
[   38.783966] ecc unrecoverable error
[   38.788238] ecc unrecoverable error
[   38.791992] ecc unrecoverable error
[   38.795715] ecc unrecoverable error
[   38.799530] ecc unrecoverable error
[   38.803833] ecc unrecoverable error
[   38.807678] ecc unrecoverable error
[   38.811950] ecc unrecoverable error
[   38.815704] ecc unrecoverable error
[   38.819519] ecc unrecoverable error
[   38.823272] ecc unrecoverable error
[   38.827636] ecc unrecoverable error
[   38.831390] ecc unrecoverable error
[   38.835662] ecc unrecoverable error
[   38.839477] ecc unrecoverable error
[   38.843231] ecc unrecoverable error
[   38.846954] ecc unrecoverable error
[   38.851257] ecc unrecoverable error
[   38.855010] ecc unrecoverable error
[   38.859313] ecc unrecoverable error
[   38.863098] ecc unrecoverable error
[   38.866821] ecc unrecoverable error
[   38.870635] ecc unrecoverable error
[   38.874877] ecc unrecoverable error
[   38.878723] ecc unrecoverable error
[   38.882965] ecc unrecoverable error
[   38.886718] ecc unrecoverable error
[   38.890502] ecc unrecoverable error
[   38.894287] ecc unrecoverable error
[   38.898529] ecc unrecoverable error
[   38.902282] ecc unrecoverable error
[   38.906463] ecc unrecoverable error
[   38.910308] ecc unrecoverable error
[   38.914062] ecc unrecoverable error
[   38.917846] ecc unrecoverable error
[   38.922180] ecc unrecoverable error
[   38.925933] ecc unrecoverable error
[   38.930206] ecc unrecoverable error
[   38.933990] ecc unrecoverable error
[   38.937805] ecc unrecoverable error
[   38.941558] ecc unrecoverable error
[   38.945861] ecc unrecoverable error
[   38.949676] ecc unrecoverable error
[   38.953948] ecc unrecoverable error
[   38.957763] ecc unrecoverable error
[   38.961517] ecc unrecoverable error
[   38.965270] ecc unrecoverable error
[   38.969543] ecc unrecoverable error
[   38.973327] ecc unrecoverable error
[   38.977691] ecc unrecoverable error
[   38.981445] ecc unrecoverable error
[   38.985198] ecc unrecoverable error
[   38.989013] ecc unrecoverable error
[   38.993255] ecc unrecoverable error
[   38.997009] ecc unrecoverable error
[   39.001312] ecc unrecoverable error
[   39.005096] ecc unrecoverable error
[   39.008911] ecc unrecoverable error
[   39.012695] ecc unrecoverable error
[   39.016876] ecc unrecoverable error
[   39.020721] ecc unrecoverable error
[   39.024963] ecc unrecoverable error
[   39.028747] ecc unrecoverable error
[   39.032501] ecc unrecoverable error
[   39.036254] ecc unrecoverable error
[   39.040588] ecc unrecoverable error
[   39.044342] ecc unrecoverable error
[   39.048736] ecc unrecoverable error
[   39.052490] ecc unrecoverable error
[   39.056213] ecc unrecoverable error
[   39.060028] ecc unrecoverable error
[   39.064300] ecc unrecoverable error
[   39.068084] ecc unrecoverable error
[   39.072326] ecc unrecoverable error
[   39.076110] ecc unrecoverable error
[   39.079895] ecc unrecoverable error
[   39.083648] ecc unrecoverable error
[   39.088012] ecc unrecoverable error
[   39.091796] ecc unrecoverable error
[   39.096069] ecc unrecoverable error
[   39.099853] ecc unrecoverable error
[   39.103607] ecc unrecoverable error
[   39.107330] ecc unrecoverable error
[   39.118713] ecc unrecoverable error
[   39.122497] ecc unrecoverable error
[   39.131408] ecc unrecoverable error
[   39.135192] ecc unrecoverable error
[   39.139923] ecc unrecoverable error
[   39.143737] ecc unrecoverable error
[   39.148590] ecc unrecoverable error
[   39.152343] ecc unrecoverable error
[   39.156646] ecc unrecoverable error
[   39.160552] ecc unrecoverable error
[   39.164916] ecc unrecoverable error
[   39.168792] ecc unrecoverable error
[   39.173095] ecc unrecoverable error
[   39.176849] ecc unrecoverable error
[   39.181152] ecc unrecoverable error
[   39.184906] ecc unrecoverable error
Starting Dropbear SSH server: dropbear.
Starting telnet daemon.
Starting network benchmark server: netserver.
Starting syslogd/klogd: done
Starting thttpd.
Starting Lighttpd Web Server: lighttpd.
2015-05-18 23:21:08: (log.c.166) server started 
Starting Matrix GUI application.
***************************************************************
***************************************************************
NOTICE: This file system contains the followin GPLv3 packages:
	binutils-dev
	binutils-symlinks
	binutils
	gdbserver
If you do not wish to distribute GPLv3 components please remove
the above packages prior to distribution.  This can be done using
the opkg remove command.  i.e.:
    opkg remove <package>
Where <package> is the name printed in the list above
NOTE: If the package is a dependency of another package you
      will be notified of the dependent packages.  You should
      use the --force-removal-of-dependent-packages option to
      also remove the dependent packages as well
***************************************************************
***************************************************************
 _____                    _____           _         _   
|  _  |___ ___ ___ ___   |  _  |___ ___  |_|___ ___| |_ 
|     |  _| .'| . | . |  |   __|  _| . | | | -_|  _|  _|
|__|__|_| |__,|_  |___|  |__|  |_| |___|_| |___|___|_|  
              |___|                    |___|            
Arago Project http://arago-project.org am37x-evm ttyO0
Arago 2011.09 am37x-evm ttyO0
am37x-evm login: 
- 01:15:55 [INFO] Host: root
- 01:15:55 [INFO] Target: 
root
root@am37x-evm:~# 
- 01:15:55 [INFO] Host: uname -a
- 01:15:55 [INFO] Target: 
uname -a
Linux am37x-evm 4.4.0-rc7-00002-gc7244cc5ddbb #1 SMP Mon Dec 28 00:27:50 CST 2015 armv7l unknown
root@am37x-evm:~# 
- 01:15:55 [INFO] Host: cat /proc/cmdline
- 01:15:55 [INFO] Target: 
cat /proc/cmdline
console=ttyO0,115200n8 earlyprintk   ip=:::::eth0:dhcp  root=/dev/mmcblk0p2 rw rootfstype=ext3 rootwait 
root@am37x-evm:~# 
- 01:15:55 [INFO] Host: uname -a
- 01:15:56 [INFO] Target: 
uname -a
Linux am37x-evm 4.4.0-rc7-00002-gc7244cc5ddbb #1 SMP Mon Dec 28 00:27:50 CST 2015 armv7l unknown
root@am37x-evm:~# 
- 01:15:56 [INFO] Host: cat /proc/mtd
- 01:15:56 [INFO] Target: 
cat /proc/mtd
dev:    size   erasesize  name
mtd0: 00080000 00020000 "X-Loader"
mtd1: 001c0000 00020000 "U-Boot"
mtd2: 00040000 00020000 "Environment"
mtd3: 00500000 00020000 "Kernel"
mtd4: 1f880000 00020000 "Filesystem"
root@am37x-evm:~# 
- 01:15:57 [INFO] Host: export IPERFHOST=192.168.0.1
- 01:15:57 [INFO] Target: 
export IPERFHOST=192.168.0.1
root@am37x-evm:~# 
- 01:15:57 [INFO] Host: export NFS_SERVER=192.168.0.1
- 01:15:57 [INFO] Target: 
export NFS_SERVER=192.168.0.1
root@am37x-evm:~# 
- 01:15:57 [INFO] Host: export NFS_ROOT_PATH=/home/tigtfarm06/NFS_exports/linux/am37x-evm
- 01:15:57 [INFO] Target: 
export NFS_ROOT_PATH=/home/tigtfarm06/NFS_exports/linux/am37x-
root@am37x-evm:~# 
- 01:15:57 [INFO] Host: export AP_SSID=
- 01:15:57 [INFO] Target: 
export AP_SSID=
root@am37x-evm:~# 
- 01:15:57 [INFO] Host: mkdir -p -m 777 /test
- 01:15:57 [INFO] Target: 
mkdir -p -m 777 /test
root@am37x-evm:~# 
- 01:15:57 [INFO] Host: cd /test
- 01:15:58 [INFO] Target: 
cd /test
root@am37x-evm:/test# 
- 01:15:58 [INFO] Host: cat > test.sh << EOF
- 01:15:58 [INFO] Target: 
cat > test.sh << EOF
- 01:15:58 [INFO] Host: failtest() {
- 01:15:58 [INFO] Target: 
failtest() {
- 01:15:58 [INFO] Host:   echo 1 >&3
- 01:15:58 [INFO] Target: 
  echo 1 >&3
- 01:15:58 [INFO] Host: }
- 01:15:58 [INFO] Target: 
- 01:15:58 [INFO] Host: timeout=600
- 01:15:58 [INFO] Target: 
timeout=600
- 01:15:58 [INFO] Host: 
- 01:15:58 [INFO] Target: 
- 01:15:58 [INFO] Host: # Start of user's script logic
- 01:15:58 [INFO] Target: 
# Start of user's script logic
- 01:15:58 [INFO] Host: mount -t proc proc /proc 2>/dev/null;
- 01:15:58 [INFO] Target: 
mount -t proc proc /proc 2>/dev/null;
- 01:15:58 [INFO] Host: 
- 01:15:58 [INFO] Target: 
- 01:15:58 [INFO] Host: mount -t sysfs sys /sys 2>/dev/null;
- 01:15:59 [INFO] Target: 
mount -t sysfs sys /sys 2>/dev/null;
- 01:15:59 [INFO] Host: 
- 01:15:59 [INFO] Target: 
- 01:15:59 [INFO] Host: mount -t debugfs none /sys/kernel/debug 2>/dev/null;
- 01:15:59 [INFO] Target: 
mount -t debugfs none /sys/kernel/debug 2>/dev/null;
- 01:15:59 [INFO] Host: 
- 01:15:59 [INFO] Target: 
- 01:15:59 [INFO] Host: echo 'cpuinfo:';cat /proc/cpuinfo; echo '=======';
- 01:15:59 [INFO] Target: 
echo 'cpuinfo:';cat /proc/cpuinfo; echo '=======';
- 01:15:59 [INFO] Host: 
- 01:15:59 [INFO] Target: 
- 01:15:59 [INFO] Host: echo 'soc info:';head /sys/devices/soc0/* 2>/dev/null; echo '=======';
- 01:15:59 [INFO] Target: 
echo 'soc info:';head /sys/devices/soc0/* 2>/dev/null; echo '=======';
- 01:15:59 [INFO] Host: 
- 01:15:59 [INFO] Target: 
- 01:15:59 [INFO] Host: echo 'DT Model info'; head /proc/device-tree/name /proc/device-tree/model /proc/device-tree/compatible 2>/dev/null;echo; echo '=======';
- 01:15:59 [INFO] Target: 
echo 'DT Model info'; head /proc/device-tree/name /proc/device-tree/model /pro
c/device-tree/compatible 2>/dev/null;echo; echo '=======';
- 01:15:59 [INFO] Host: 
- 01:15:59 [INFO] Target: 
- 01:15:59 [INFO] Host: echo 'interrupts:';cat /proc/interrupts; echo '=======';
- 01:16:00 [INFO] Target: 
echo 'interrupts:';cat /proc/interrupts; echo '=======';
- 01:16:00 [INFO] Host: 
- 01:16:00 [INFO] Target: 
- 01:16:00 [INFO] Host: echo 'Clk_summary:';cat /sys/kernel/debug/clk/clk_summary; echo '=======';
- 01:16:00 [INFO] Target: 
echo 'Clk_summary:';cat /sys/kernel/debug/clk/clk_summary; echo '=======';
- 01:16:00 [INFO] Host: 
- 01:16:00 [INFO] Target: 
- 01:16:00 [INFO] Host: echo "Available frequencies"; cat /sys/devices/system/cpu/cpu0/cpufreq/scaling_available_frequencies 2>/dev/null;echo '=======';
- 01:16:00 [INFO] Target: 
echo "Available frequencies"; cat /sys/devices/system/cpu/cpu0/cpufreq/scaling
_available_frequencies 2>/dev/null;echo '=======';
- 01:16:00 [INFO] Host: 
- 01:16:00 [INFO] Target: 
- 01:16:00 [INFO] Host: TMPF=/tmp/a.\$\$; TMPF2=/tmp/b.\$\$; STR=""
- 01:16:00 [INFO] Target: 
TMPF=/tmp/a.\$\$; TMPF2=/tmp/b.\$\$; STR=""
- 01:16:00 [INFO] Host: 
- 01:16:00 [INFO] Target: 
- 01:16:00 [INFO] Host: cp /dev/kmsg \$TMPF &
- 01:16:00 [INFO] Target: 
cp /dev/kmsg \$TMPF &
- 01:16:00 [INFO] Host: 
- 01:16:00 [INFO] Target: 
- 01:16:00 [INFO] Host: PID=\$! ; sleep 5; kill -9 \$PID
- 01:16:01 [INFO] Target: 
PID=\$! ; sleep 5; kill -9 \$PID
- 01:16:01 [INFO] Host: 
- 01:16:01 [INFO] Target: 
- 01:16:01 [INFO] Host: 
- 01:16:01 [INFO] Target: 
- 01:16:01 [INFO] Host: 
- 01:16:01 [INFO] Target: 
- 01:16:01 [INFO] Host: cat \$TMPF|grep "^0">\$TMPF2; N=\`cat \$TMPF2|wc -l\`; if [ "\$N" -ne 0 ]; then STR="\$STR emerg=\$N";echo "===== EMERGE++";cat \$TMPF2|cut -d ';' -f2;echo "====="; fi
- 01:16:01 [INFO] Target: 
cat \$TMPF|grep "^0">\$TMPF2; N=\`cat \$TMPF2|wc -l\`; if [ "\$N" -ne 0 ]; the
n STR="\$STR emerg=\$N";echo "===== EMERGE++";cat \$TMPF2|cut -d ';' -f2;echo "=
===="; fi
- 01:16:01 [INFO] Host: 
- 01:16:01 [INFO] Target: 
- 01:16:01 [INFO] Host: cat \$TMPF|grep "^1">\$TMPF2; N=\`cat \$TMPF2|wc -l\`; if [ "\$N" -ne 0 ]; then STR="\$STR alert=\$N";echo "===== ALERT ==";cat \$TMPF2|cut -d ';' -f2;echo "====="; fi
- 01:16:01 [INFO] Target: 
cat \$TMPF|grep "^1">\$TMPF2; N=\`cat \$TMPF2|wc -l\`; if [ "\$N" -ne 0 ]; the
n STR="\$STR alert=\$N";echo "===== ALERT ==";cat \$TMPF2|cut -d ';' -f2;echo "=
===="; fi
- 01:16:01 [INFO] Host: 
- 01:16:01 [INFO] Target: 
- 01:16:01 [INFO] Host: cat \$TMPF|grep "^2">\$TMPF2; N=\`cat \$TMPF2|wc -l\`; if [ "\$N" -ne 0 ]; then STR="\$STR crit=\$N";echo "===== CRIT ==";cat \$TMPF2|cut -d ';' -f2;echo "====="; fi
- 01:16:01 [INFO] Target: 
cat \$TMPF|grep "^2">\$TMPF2; N=\`cat \$TMPF2|wc -l\`; if [ "\$N" -ne 0 ]; the
n STR="\$STR crit=\$N";echo "===== CRIT ==";cat \$TMPF2|cut -d ';' -f2;echo "===
=="; fi
- 01:16:01 [INFO] Host: 
- 01:16:01 [INFO] Target: 
- 01:16:01 [INFO] Host: cat \$TMPF|grep "^3">\$TMPF2; N=\`cat \$TMPF2|wc -l\`; if [ "\$N" -ne 0 ]; then STR="\$STR err=\$N";echo "===== ERR ==";cat \$TMPF2|cut -d ';' -f2;echo "=====" ;fi
- 01:16:02 [INFO] Target: 
cat \$TMPF|grep "^3">\$TMPF2; N=\`cat \$TMPF2|wc -l\`; if [ "\$N" -ne 0 ]; the
n STR="\$STR err=\$N";echo "===== ERR ==";cat \$TMPF2|cut -d ';' -f2;echo "=====
" ;fi
- 01:16:02 [INFO] Host: 
- 01:16:02 [INFO] Target: 
- 01:16:02 [INFO] Host: cat \$TMPF|grep "^4">\$TMPF2; N=\`cat \$TMPF2|wc -l\`; if [ "\$N" -ne 0 ]; then STR="\$STR warn=\$N";echo "===== WARN ==";cat \$TMPF2|cut -d ';' -f2;echo "=====" ;fi
- 01:16:02 [INFO] Target: 
cat \$TMPF|grep "^4">\$TMPF2; N=\`cat \$TMPF2|wc -l\`; if [ "\$N" -ne 0 ]; the
n STR="\$STR warn=\$N";echo "===== WARN ==";cat \$TMPF2|cut -d ';' -f2;echo "===
==" ;fi
- 01:16:02 [INFO] Host: 
- 01:16:02 [INFO] Target: 
- 01:16:02 [INFO] Host: rm \$TMPF \$TMPF2; echo "SUM""MARY RESULT: BOOT:" 'PASS: H''ello World' 'B''oard' "Booted" "Boot Log has::::\$STR:"
- 01:16:02 [INFO] Target: 
rm \$TMPF \$TMPF2; echo "SUM""MARY RESULT: BOOT:" 'PASS: H''ello World' 'B''oa
rd' "Booted" "Boot Log has::::\$STR:"
- 01:16:02 [INFO] Host: 
- 01:16:02 [INFO] Target: 
- 01:16:02 [INFO] Host: EOF
- 01:16:02 [INFO] Target: 
root@am37x-evm:/test# 
- 01:16:02 [INFO] Host: cd /test
- 01:16:02 [INFO] Target: 
cd /test
root@am37x-evm:/test# 
- 01:16:02 [INFO] Host: chmod +x test.sh
- 01:16:02 [INFO] Target: 
chmod +x test.sh
root@am37x-evm:/test# 
- 01:16:02 [INFO] Host: ./test.sh 2> stderr.log > stdout.log 3> result.log
- 01:16:08 [INFO] Target: 
./test.sh 2> stderr.log > stdout.log 3> result.log
root@am37x-evm:/test# 
- 01:16:08 [INFO] Host: echo $?
- 01:16:08 [INFO] Target: 
echo $?
root@am37x-evm:/test# 
- 01:16:08 [INFO] Host: cd /test
- 01:16:08 [INFO] Target: 
cd /test
root@am37x-evm:/test# 
- 01:16:08 [INFO] Host: cat stdout.log
- 01:16:13 [INFO] Target: 
cat stdout.log
cpuinfo:
processor	: 0
model name	: ARMv7 Processor rev 2 (v7l)
BogoMIPS	: 594.73
Features	: half thumb fastmult vfp edsp thumbee neon vfpv3 tls vfpd32 
CPU implementer	: 0x41
CPU architecture: 7
CPU variant	: 0x3
CPU part	: 0xc08
CPU revision	: 2
Hardware	: Generic OMAP36xx (Flattened Device Tree)
Revision	: 0000
Serial		: 0000000000000000
=======
soc info:
==> /sys/devices/soc0/family <==
OMAP3
==> /sys/devices/soc0/machine <==
OMAP3630
==> /sys/devices/soc0/power <==
==> /sys/devices/soc0/revision <==
ES1.2
==> /sys/devices/soc0/subsystem <==
==> /sys/devices/soc0/type <==
==> /sys/devices/soc0/uevent <==
=======
DT Model info
==> /proc/device-tree/name <==
==> /proc/device-tree/model <==
TI OMAP37XX EVM (TMDSEVM3730)
==> /proc/device-tree/compatible <==
ti,omap3-evm-37xxti,omap3630ti,omap3
=======
interrupts:
           CPU0       
 23:          0      INTC   7 Edge      TWL4030-PIH
 25:          0      INTC   9 Edge      l3-debug-irq
 26:          0      INTC  10 Edge      l3-app-irq
 28:          0      INTC  12 Edge      DMA
 29:       4480      INTC  13 Edge      omap-dma-engine
 36:          0      INTC  20 Edge      gpmc
 45:          0      INTC  29 Edge      48310000.gpio
 46:          0      INTC  30 Edge      49050000.gpio
 47:          0      INTC  31 Edge      49052000.gpio
 48:          0      INTC  32 Edge      49054000.gpio
 49:          0      INTC  33 Edge      49056000.gpio
 50:         17      INTC  34 Edge      49058000.gpio
 53:       4451      INTC  37 Edge      gp_timer
 72:        963      INTC  56 Edge      48070000.i2c
 73:          0      INTC  57 Edge      48072000.i2c
 77:          0      INTC  61 Edge      48060000.i2c
 88:       7610      INTC  72 Edge      OMAP UART0
 99:       7304      INTC  83 Edge      mmc0
102:        144      INTC  86 Edge      mmc1
288:         17  49058000.gpio  16 Level     eth0
306:        820      PRCM Edge      pm_wkup
315:         90      PRCM Edge      pinctrl, pinctrl, pinctrl, pm_io
338:          0   pinctrl 338 Edge      4806a000.serial
341:          0   twl4030   0 Edge      twl4030_gpio
346:          0   twl4030   5 Edge      twl4030_power
375:         60   pinctrl 282 Edge      4809c000.mmc
IPI0:          0  CPU wakeup interrupts
IPI1:          0  Timer broadcast interrupts
IPI2:          0  Rescheduling interrupts
IPI3:          0  Function call interrupts
IPI4:          0  Single function call interrupts
IPI5:          0  CPU stop interrupts
IPI6:          0  IRQ work interrupts
IPI7:          0  completion interrupts
Err:          0
=======
Clk_summary:
   clock                         enable_cnt  prepare_cnt        rate   accuracy   phase
----------------------------------------------------------------------------------------
 secure_32k_fck                           0            1       32768          0 0  
    wdt1_fck                              0            0       32768          0 0  
    gpt12_fck                             0            1       32768          0 0  
 dummy_ck                                 0            0           0          0 0  
 mcbsp_clks                               0            5           0          0 0  
 sys_altclk                               0            0           0          0 0  
 virt_38_4m_ck                            0            0    38400000          0 0  
 virt_26000000_ck                         1            1    26000000          0 0  
    osc_sys_ck                            1            1    26000000          0 0  
       sys_clkout1                        0            0    26000000          0 0  
       sys_ck                             3           18    13000000          0 0  
          gpt9_fck                        0            1    13000000          0 0  
          gpt8_fck                        0            1    13000000          0 0  
          gpt7_fck                        0            1    13000000          0 0  
          gpt6_fck                        0            1    13000000          0 0  
          gpt5_fck                        0            1    13000000          0 0  
          gpt4_fck                        0            1    13000000          0 0  
          gpt3_fck                        0            1    13000000          0 0  
          gpt2_fck                        0            1    13000000          0 0  
          cpefuse_fck                     0            0    13000000          0 0  
          dpll5_ck                        0            1   120000000          0 0  
             dpll5_m2_ck                  0            1   120000000          0 0  
                dpll5_m2_d20_ck           0            0     6000000          0 0  
                dpll5_m2_d16_ck           0            0     7500000          0 0  
                dpll5_m2_d8_ck            0            0    15000000          0 0  
                dpll5_m2_d4_ck            0            0    30000000          0 0  
                usbhost_120m_fck           0            0   120000000          0 0  
                usbtll_fck                0            1   120000000          0 0  
          sys_d2_ck                       0            0     6500000          0 0  
             usim_fck                     0            0     6500000          0 0  
          modem_fck                       0            0    13000000          0 0  
          dpll2_ck                        0            1   260000000          0 0  
             dpll2_m2_ck                  0            1   260000000          0 0  
                iva2_ck                   0            2   260000000          0 0  
          sr2_fck                         0            1    13000000          0 0  
          sr1_fck                         0            1    13000000          0 0  
          traceclk_src_fck                0            0    13000000          0 0  
             traceclk_fck                 0            0    13000000          0 0  
          emu_src_mux_ck                  0            1    13000000          0 0  
             emu_src_ck                   0            1    13000000          0 0  
                atclk_fck                 0            0    13000000          0 0  
                pclkx2_fck                0            0    13000000          0 0  
                pclk_fck                  0            0     6500000          0 0  
          dss2_alwon_fck                  0            2    13000000          0 0  
          dpll1_ck                        0            1   600000000          0 0  
             dpll1_x2_ck                  0            1  1200000000          0 0  
                dpll1_x2m2_ck             0            1  1200000000          0 0  
                   mpu_ck                 0            1  1200000000          0 0  
                      emu_mpu_alwon_ck           0            0  1200000000          0 0  
                      arm_fck             0            1   600000000          0 0  
          dpll3_ck                        1            1   400000000          0 0  
             dpll3_x2_ck                  0            0   800000000          0 0  
             dpll3_m2_ck                  1            1   400000000          0 0  
                dpll3_m2x2_ck             0            0   800000000          0 0  
                   corex2_fck             0            0   800000000          0 0  
                      ssi_ssr_fck_3430es2           0            0   266666667          0 0  
                         ssi_sst_fck_3430es2           0            0   133333333          0 0  
                      corex2_d5_fck           0            0   160000000          0 0  
                      corex2_d3_fck           0            0   266666666          0 0  
                core_ck                   1            1   400000000          0 0  
                   core_d2_ck             0            0   200000000          0 0  
                      sgx_fck             0            0   200000000          0 0  
                   core_d6_ck             0            0    66666666          0 0  
                   core_d4_ck             0            0   100000000          0 0  
                   core_d3_ck             0            0   133333333          0 0  
                   dpll2_fck              0            0   400000000          0 0  
                   l3_ick                 2            3   200000000          0 0  
                      sgx_ick             0            0   200000000          0 0  
                      mad2d_ick           0            0   200000000          0 0  
                      sad2d_ick           0            1   200000000          0 0  
                      security_l3_ick           0            0   200000000          0 0  
                         pka_ick           0            0   200000000          0 0  
                      core_l3_ick           8           10   200000000          0 0  
                         hsotgusb_ick_3430es2           0            1   200000000          0 0  
                         gpmc_fck           2            2   200000000          0 0  
                         sdrc_ick           1            1   200000000          0 0  
                      l4_ick              6            7   100000000          0 0  
                         usbhost_ick           1            1   100000000          0 0  
                         dss_ick_3430es2           4            6   100000000          0 0  
                         sr_l4_ick           2            2   100000000          0 0  
                         ssi_l4_ick           0            0   100000000          0 0  
                            ssi_ick_3430es2           0            0   100000000          0 0  
                         cam_ick           0            1   100000000          0 0  
                         security_l4_ick2           0            0   100000000          0 0  
                            des1_ick           0            0   100000000          0 0  
                            sha11_ick           0            0   100000000          0 0  
                            rng_ick           0            0   100000000          0 0  
                            aes1_ick           0            0   100000000          0 0  
                         per_l4_ick          15           18   100000000          0 0  
                            mcbsp4_ick           1            1   100000000          0 0  
                            mcbsp3_ick           2            2   100000000          0 0  
                            mcbsp2_ick           2            2   100000000          0 0  
                            gpt2_ick           1            1   100000000          0 0  
                            gpt3_ick           1            1   100000000          0 0  
                            gpt4_ick           1            1   100000000          0 0  
                            gpt5_ick           1            1   100000000          0 0  
                            gpt6_ick           1            1   100000000          0 0  
                            gpt7_ick           1            1   100000000          0 0  
                            gpt8_ick           1            1   100000000          0 0  
                            gpt9_ick           1            1   100000000          0 0  
                            uart4_ick           1            1   100000000          0 0  
                            uart3_ick           1            1   100000000          0 0  
                            wdt3_ick           0            0   100000000          0 0  
                            gpio2_ick           0            1   100000000          0 0  
                            gpio3_ick           0            1   100000000          0 0  
                            gpio4_ick           0            1   100000000          0 0  
                            gpio5_ick           1            1   100000000          0 0  
                            gpio6_ick           1            1   100000000          0 0  
                         core_l4_ick          21           23   100000000          0 0  
                            mmchs3_ick           1            1   100000000          0 0  
                            usbtll_ick           1            1   100000000          0 0  
                            mailboxes_ick           0            1   100000000          0 0  
                            mspro_ick           0            0   100000000          0 0  
                            des2_ick           0            0   100000000          0 0  
                            icr_ick           0            0   100000000          0 0  
                            sha12_ick           1            2   100000000          0 0  
                            aes2_ick           1            2   100000000          0 0  
                            omapctrl_ick           1            1   100000000          0 0  
                            mcbsp1_ick           1            1   100000000          0 0  
                            mcbsp5_ick           1            1   100000000          0 0  
                            gpt10_ick           1            1   100000000          0 0  
                            gpt11_ick           1            1   100000000          0 0  
                            uart1_ick           1            1   100000000          0 0  
                            uart2_ick           1            1   100000000          0 0  
                            i2c1_ick           1            1   100000000          0 0  
                            i2c2_ick           1            1   100000000          0 0  
                            i2c3_ick           1            1   100000000          0 0  
                            mcspi1_ick           1            1   100000000          0 0  
                            mcspi2_ick           1            1   100000000          0 0  
                            mcspi3_ick           1            1   100000000          0 0  
                            mcspi4_ick           1            1   100000000          0 0  
                            hdq_ick           0            1   100000000          0 0  
                            mmchs1_ick           1            1   100000000          0 0  
                            mmchs2_ick           1            1   100000000          0 0  
                         rm_ick           0            0    50000000          0 0  
                   dpll1_fck              0            0   200000000          0 0  
             dpll3_m3_ck                  0            0   200000000          0 0  
                dpll3_m3x2_mul_ck           0            0   400000000          0 0  
                   dpll3_m3x2_ck           0            0   400000000          0 0  
                      emu_core_alwon_ck           0            0   400000000          0 0  
          dpll4_ck                        1            3   864000000          0 0  
             dpll4_x2_ck                  0            0  1728000000          0 0  
             dpll4_m6_ck                  0            0   288000000          0 0  
                dpll4_m6x2_mul_ck           0            0   288000000          0 0  
                   dpll4_m6x2_ck           0            0   288000000          0 0  
                      emu_per_alwon_ck           0            0   288000000          0 0  
             dpll4_m5_ck                  0            0   216000000          0 0  
                dpll4_m5x2_mul_ck           0            0   216000000          0 0  
                   dpll4_m5x2_ck           0            0   216000000          0 0  
                      cam_mclk            0            0   216000000          0 0  
             dpll4_m4_ck                  0            1    96000000          0 0  
                dpll4_m4x2_mul_ck           0            1    96000000          0 0  
                   dpll4_m4x2_ck           0            1    96000000          0 0  
                      dss1_alwon_fck_3430es2           0            4    96000000          0 0  
             dpll4_m3_ck                  0            1    54000000          0 0  
                dpll4_m3x2_mul_ck           0            1    54000000          0 0  
                   dpll4_m3x2_ck           0            1    54000000          0 0  
                      omap_54m_fck           0            1    54000000          0 0  
                         clkout2_src_ck           0            0    54000000          0 0  
                            sys_clkout2           0            0    54000000          0 0  
                         dss_tv_fck           0            2    54000000          0 0  
             dpll4_m2_ck                  1            1    96000000          0 0  
                dpll4_m2x2_mul_ck           1            1    96000000          0 0  
                   dpll4_m2x2_ck           1            1    96000000          0 0  
                      omap_192m_alwon_fck           0            0    96000000          0 0  
                      omap_96m_alwon_fck           1            2    96000000          0 0  
                         per_96m_fck           0            6    96000000          0 0  
                            mcbsp4_fck           0            1    96000000          0 0  
                            mcbsp3_fck           0            2    96000000          0 0  
                            mcbsp2_fck           0            2    96000000          0 0  
                         cm_96m_fck           1            2    96000000          0 0  
                            cm_96m_d2_fck           1            1    48000000          0 0  
                               omap_48m_fck           2            4    48000000          0 0  
                                  usbhost_48m_fck           0            1    48000000          0 0  
                                  per_48m_fck           2            2    48000000          0 0  
                                     uart4_fck           1            1    48000000          0 0  
                                     uart3_fck           1            1    48000000          0 0  
                                  core_48m_fck           2            6    48000000          0 0  
                                     uart1_fck           1            1    48000000          0 0  
                                     uart2_fck           1            1    48000000          0 0  
                                     mcspi1_fck           0            1    48000000          0 0  
                                     mcspi2_fck           0            1    48000000          0 0  
                                     mcspi3_fck           0            1    48000000          0 0  
                                     mcspi4_fck           0            1    48000000          0 0  
                                  omap_12m_fck           0            1    12000000          0 0  
                                     core_12m_fck           0            1    12000000          0 0  
                                        hdq_fck             0            1    12000000          0 0  
                            omap_96m_fck           0            2    96000000          0 0  
                               omap_96m_d10_fck           0            0     9600000          0 0  
                               omap_96m_d8_fck           0            0    12000000          0 0  
                               omap_96m_d4_fck           0            0    24000000          0 0  
                               omap_96m_d2_fck           0            0    48000000          0 0  
                               dss_96m_fck           0            2    96000000          0 0  
                               core_96m_fck           0           10    96000000          0 0  
                                  mcbsp1_fck           0            1    96000000          0 0  
