- 13:15:25 [INFO] Starting target session
- 13:15:25 [INFO] Connected to am37x-evm via serial 
- 13:15:25 [INFO] Host: #check prompt
- 13:15:28 [ERROR] On command: #check prompt waiting for #check prompt.+?(?-mix:((?-mix:login:)|[Pp]assword)) >>> error: execution expired
- 13:15:28 [INFO] Target: 
#check prompt
root@am37x-evm:/test# 
- 13:15:28 [INFO] Host: #check prompt
- 13:15:28 [INFO] Target: 
#check prompt
root@am37x-evm:/test# 
- 13:15:28 [INFO] Host: sync;poweroff
- 13:15:37 [INFO] Target: 
sync;poweroff
Broadcast message from root (ttyO0) (Mon Jul  4Br=]jR*uStopping Dropbear SSH server: stopped /usr/sbin/dropbear (pid 2062)
dropbear.
Stopping telnet daemon.
Stopping Hardware abstraction layer hald
Stopping system message bus: stopped process in pidfile '/var/run/dbus/pid' (pid 2027)
dbus.
Stopping network benchmark server: netserverstopped /usr/sbin/netserver (pid 2072)
Stopping thttpdError opening /dev/fb0: No such file or directory
ALSA: Storing mixer settings...
/usr/sbin/alsactl: save_state:1519: No soundcards found...
Deconfiguring network interfaces... done.
Stopping Lighttpd Web Server: stopped /usr/sbin/lighttpd (pid 2097)
lighttpd.
Stopping syslogd/klogd: stopped syslogd (pid 2077)
stopped klogd (pid 2079)
done
Stopping Matrix GUI applicationstart-stop-daemon: warning: killing process 0: No such process
***************************************************************
***************************************************************
NOTICE: This file system contains the followin GPLv3 packages:
	binutils-dev
	binutils-symlinks
	binutils
	gdbserver
If you do not wish to distribute GPLv3 components please remove
the above packages prior to distribution.  This can be done using
the opkg remove command.  i.e.:
    opkg remove <package>
Where <package> is the name printed in the list above
NOTE: If the package is a dependency of another package you
      will be notified of the dependent packages.  You should
      use the --force-removal-of-dependent-packages option to
      also remove the dependent packages as well
***************************************************************
***************************************************************
Sending all processes the TERM signal...
Sending all processes the KILL signal...
Unmounting remote filesystems...
Deactivating swap...
Unmounting local filesystems...
[15955.149505] EXT4-fs (mmcblk0p2): re-mounted. Opts: (null)
[15957.358093] reboot: Power down
- 13:15:37 [INFO] Disconnected serial from am37x-evm
- 13:15:38 [INFO] Connected to am37x-evm via serial 
- 13:15:39 [INFO] Host: 
- 13:15:41 [INFO] Target: 
U-Boot SPL 2015.07-00043-gaada495 (Nov 09 2015 - 12:23:36)
reading u-boot.img
reading u-boot.img
U-Boot 2015.07-00043-gaada495 (Nov 09 2015 - 12:23:36 -0500)
OMAP3630/3730-GP ES1.2, CPU-OPP2, L3-200MHz, Max CPU Clock 1 Ghz
OMAP3 EVM board + LPDDR/NAND
I2C:   ready
DRAM:  256 MiB
NAND:  512 MiB
MMC:   OMAP SD/MMC: 0
Error: Bad compare! failed
NAND read from offset 260000 failed -74
*** Warning - readenv() failed, using default environment
In:    serial
Out:   serial
Err:   serial
Read back SMSC id 0x92200000
Die ID #16d400029ff80000015f02690c019016
Net:   smc911x-0
Warning: Your board does not use generic board. Please read
doc/README.generic-board and take action. Boards not
upgraded by the late 2014 may break or be removed.
Hit any key to stop autoboot:  3  0 
OMAP3_EVM # 
OMAP3_EVM #  
OMAP3_EVM #  
OMAP3_EVM #  
OMAP3_EVM #  
OMAP3_EVM #  
OMAP3_EVM #  
OMAP3_EVM #  
- 13:15:41 [INFO] Host: 
- 13:15:41 [INFO] Target: 
OMAP3_EVM #  
OMAP3_EVM # 
OMAP3_EVM # 
- 13:15:41 [INFO] Host: version
- 13:15:41 [INFO] Target: 
version
U-Boot 2015.07-00043-gaada495 (Nov 09 2015 - 12:23:36 -0500)
arm-linux-gnueabihf-gcc (crosstool-NG linaro-1.13.1-4.7-2013.03-20130313 - Linaro GCC 2013.03) 4.7.3 20130226 (prerelease)
GNU ld (crosstool-NG linaro-1.13.1-4.7-2013.03-20130313 - Linaro GCC 2013.03) 2.23.1
OMAP3_EVM # 
- 13:15:41 [INFO] Host: setenv bootargs 'console=ttyO0,115200n8 earlyprintk=serial,ttyO0,115200n8  '
- 13:15:41 [INFO] Target: 
setenv bootargs 'console=ttyO0,115200n8 earlyprintk=serial,ttyO0,115200n8  '
OMAP3_EVM # 
- 13:15:41 [INFO] Host: setenv bootcmd  ''
- 13:15:41 [INFO] Target: 
setenv bootcmd  ''
OMAP3_EVM # 
- 13:15:41 [INFO] Host: setenv autoload 'no'
- 13:15:41 [INFO] Target: 
setenv autoload 'no'
OMAP3_EVM # 
- 13:15:41 [INFO] Host: setenv serverip '192.168.0.1'
- 13:15:41 [INFO] Target: 
setenv serverip '192.168.0.1'
OMAP3_EVM # 
- 13:15:41 [INFO] Host: setenv _initramfs -
- 13:15:41 [INFO] Target: 
setenv _initramfs -
OMAP3_EVM # 
- 13:15:41 [INFO] Host: printenv
- 13:15:42 [INFO] Target: 
printenv
_initramfs=-
autoload=no
baudrate=115200
bootargs=console=ttyO0,115200n8 earlyprintk=serial,ttyO0,115200n8  
bootcmd=
bootdelay=3
bootfile=uImage
bootscript=echo Running bootscript from mmc ...; source ${loadaddr}
console=ttyO0,115200n8
dieid#=16d400029ff80000015f02690c019016
ethact=smc911x-0
ethaddr=00:50:c2:7e:93:ba
loadaddr=0x82000000
loadbootscript=fatload mmc ${mmcdev} ${loadaddr} boot.scr
loaduimage=fatload mmc ${mmcdev} ${loadaddr} uImage
mmcargs=setenv bootargs console=${console} root=/dev/mmcblk0p2 rw rootfstype=ext3 rootwait
mmcboot=echo Booting from mmc ...; run mmcargs; bootm ${loadaddr}
mmcdev=0
nandargs=setenv bootargs console=${console} root=/dev/mtdblock4 rw rootfstype=jffs2
nandboot=echo Booting from nand ...; run nandargs; onenand read ${loadaddr} 280000 400000; bootm ${loadaddr}
serverip=192.168.0.1
stderr=serial
stdin=serial
stdout=serial
usbtty=cdc_acm
Environment size: 937/131068 bytes
OMAP3_EVM # 
- 13:15:42 [INFO] Host: printenv
- 13:15:42 [INFO] Target: 
printenv
_initramfs=-
autoload=no
baudrate=115200
bootargs=console=ttyO0,115200n8 earlyprintk=serial,ttyO0,115200n8  
bootcmd=
bootdelay=3
bootfile=uImage
bootscript=echo Running bootscript from mmc ...; source ${loadaddr}
console=ttyO0,115200n8
dieid#=16d400029ff80000015f02690c019016
ethact=smc911x-0
ethaddr=00:50:c2:7e:93:ba
loadaddr=0x82000000
loadbootscript=fatload mmc ${mmcdev} ${loadaddr} boot.scr
loaduimage=fatload mmc ${mmcdev} ${loadaddr} uImage
mmcargs=setenv bootargs console=${console} root=/dev/mmcblk0p2 rw rootfstype=ext3 rootwait
mmcboot=echo Booting from mmc ...; run mmcargs; bootm ${loadaddr}
mmcdev=0
nandargs=setenv bootargs console=${console} root=/dev/mtdblock4 rw rootfstype=jffs2
nandboot=echo Booting from nand ...; run nandargs; onenand read ${loadaddr} 280000 400000; bootm ${loadaddr}
serverip=192.168.0.1
stderr=serial
stdin=serial
stdout=serial
usbtty=cdc_acm
Environment size: 937/131068 bytes
OMAP3_EVM # 
- 13:15:42 [INFO] Host: setenv bootargs ''${bootargs}' ip=:::::eth0:dhcp '
- 13:15:42 [INFO] Target: 
setenv bootargs ''${bootargs}' ip=:::::eth0:dhcp '
OMAP3_EVM # 
- 13:15:42 [INFO] Host: setenv serverip '192.168.0.1'
- 13:15:42 [INFO] Target: 
setenv serverip '192.168.0.1'
OMAP3_EVM # 
- 13:15:42 [INFO] Host: setenv autoload 'no'
- 13:15:42 [INFO] Target: 
setenv autoload 'no'
OMAP3_EVM # 
- 13:15:42 [INFO] Host: dhcp
- 13:15:45 [INFO] Target: 
dhcp
smc911x: MAC 00:50:c2:7e:93:ba
smc911x: detected LAN9220 controller
smc911x: phy initialized
smc911x: MAC 00:50:c2:7e:93:ba
BOOTP broadcast 1
BOOTP broadcast 2
BOOTP broadcast 3
DHCP client bound to address 192.168.0.78 (1040 ms)
smc911x: MAC 00:50:c2:7e:93:ba
OMAP3_EVM # 
- 13:15:45 [INFO] Host: tftp ${loadaddr} 192.168.0.1:vatf_am37x-evm/45deb154b10ae24f41aeece7da66c78c
- 13:15:48 [INFO] Target: 
tftp ${loadaddr} 192.168.0.1:vatf_am37x-evm/45deb154b10ae24f41aeece7da66c78c
smc911x: MAC 00:50:c2:7e:93:ba
smc911x: detected LAN9220 controller
smc911x: phy initialized
smc911x: MAC 00:50:c2:7e:93:ba
Using smc911x-0 device
TFTP from server 192.168.0.1; our IP address is 192.168.0.78
Filename 'vatf_am37x-evm/45deb154b10ae24f41aeece7da66c78c'.
Load address: 0x82000000
Loading: *#################################################################
	 #################################################################
	 #################################################################
	 #################################################################
	 ########
	 3.3 MiB/s
done
Bytes transferred = 3923359 (3bdd9f hex)
smc911x: MAC 00:50:c2:7e:93:ba
OMAP3_EVM # 
- 13:15:48 [INFO] Host: ls mmc 0:1
- 13:15:48 [INFO] Target: 
ls mmc 0:1
ls - list files in a directory (default /)
Usage:
ls [ directory ]
OMAP3_EVM # 
- 13:15:48 [INFO] Host: ls mmc 0:2
- 13:15:48 [INFO] Target: 
ls mmc 0:2
ls - list files in a directory (default /)
Usage:
ls [ directory ]
OMAP3_EVM # 
- 13:15:48 [INFO] Host: ls mmc 0:3
- 13:15:48 [INFO] Target: 
ls mmc 0:3
ls - list files in a directory (default /)
Usage:
ls [ directory ]
OMAP3_EVM # 
- 13:15:48 [INFO] Host: ls mmc 0:4
- 13:15:48 [INFO] Target: 
ls mmc 0:4
ls - list files in a directory (default /)
Usage:
ls [ directory ]
OMAP3_EVM # 
- 13:15:48 [INFO] Host: ls mmc 0:5
- 13:15:48 [INFO] Target: 
ls mmc 0:5
ls - list files in a directory (default /)
Usage:
ls [ directory ]
OMAP3_EVM # 
- 13:15:48 [INFO] Host: part uuid mmc 0:
- 13:15:48 [INFO] Target: 
part uuid mmc 0:
Unknown command 'part' - try 'help'
OMAP3_EVM # 
- 13:15:48 [INFO] Host: printenv
- 13:15:48 [INFO] Target: 
printenv
_initramfs=-
autoload=no
baudrate=115200
bootargs=console=ttyO0,115200n8 earlyprintk=serial,ttyO0,115200n8   ip=:::::eth0:dhcp 
bootcmd=
bootdelay=3
bootfile=uImage
bootscript=echo Running bootscript from mmc ...; source ${loadaddr}
console=ttyO0,115200n8
dieid#=16d400029ff80000015f02690c019016
ethact=smc911x-0
ethaddr=00:50:c2:7e:93:ba
fileaddr=82000000
filesize=3bdd9f
gatewayip=192.168.0.1
ipaddr=192.168.0.78
loadaddr=0x82000000
loadbootscript=fatload mmc ${mmcdev} ${loadaddr} boot.scr
loaduimage=fatload mmc ${mmcdev} ${loadaddr} uImage
mmcargs=setenv bootargs console=${console} root=/dev/mmcblk0p2 rw rootfstype=ext3 rootwait
mmcboot=echo Booting from mmc ...; run mmcargs; bootm ${loadaddr}
mmcdev=0
nandargs=setenv bootargs console=${console} root=/dev/mtdblock4 rw rootfstype=jffs2
nandboot=echo Booting from nand ...; run nandargs; onenand read ${loadaddr} 280000 400000; bootm ${loadaddr}
netmask=255.255.255.0
serverip=192.168.0.1
stderr=serial
stdin=serial
stdout=serial
usbtty=cdc_acm
Environment size: 1064/131068 bytes
OMAP3_EVM # 
- 13:15:48 [INFO] Host: setenv bootargs ''${bootargs}' root=/dev/mmcblk0p2 rw rootfstype=ext3 rootwait '
- 13:15:48 [INFO] Target: 
setenv bootargs ''${bootargs}' root=/dev/mmcblk0p2 rw rootfstype=ext3 rootwait '
OMAP3_EVM # 
- 13:15:48 [INFO] Host: printenv
- 13:15:49 [INFO] Target: 
printenv
_initramfs=-
autoload=no
baudrate=115200
bootargs=console=ttyO0,115200n8 earlyprintk=serial,ttyO0,115200n8   ip=:::::eth0:dhcp  root=/dev/mmcblk0p2 rw rootfstype=ext3 rootwait 
bootcmd=
bootdelay=3
bootfile=uImage
bootscript=echo Running bootscript from mmc ...; source ${loadaddr}
console=ttyO0,115200n8
dieid#=16d400029ff80000015f02690c019016
ethact=smc911x-0
ethaddr=00:50:c2:7e:93:ba
fileaddr=82000000
filesize=3bdd9f
gatewayip=192.168.0.1
ipaddr=192.168.0.78
loadaddr=0x82000000
loadbootscript=fatload mmc ${mmcdev} ${loadaddr} boot.scr
loaduimage=fatload mmc ${mmcdev} ${loadaddr} uImage
mmcargs=setenv bootargs console=${console} root=/dev/mmcblk0p2 rw rootfstype=ext3 rootwait
mmcboot=echo Booting from mmc ...; run mmcargs; bootm ${loadaddr}
mmcdev=0
nandargs=setenv bootargs console=${console} root=/dev/mtdblock4 rw rootfstype=jffs2
nandboot=echo Booting from nand ...; run nandargs; onenand read ${loadaddr} 280000 400000; bootm ${loadaddr}
netmask=255.255.255.0
serverip=192.168.0.1
stderr=serial
stdin=serial
stdout=serial
usbtty=cdc_acm
Environment size: 1113/131068 bytes
OMAP3_EVM # 
- 13:15:49 [INFO] Host: setenv bootcmd ''${bootcmd}' if iminfo ${loadaddr}; then bootm ${loadaddr} ${_initramfs} ; else bootz ${loadaddr} ${_initramfs} ; bootm ${loadaddr} ${_initramfs} ; fi'
- 13:15:49 [INFO] Target: 
setenv bootcmd ''${bootcmd}' if iminfo ${loadaddr}; then bootm ${loadaddr} ${_initramfs} ; else bootz ${loadaddr} ${_initramfs} ; bootm ${loadaddr} ${_initramfs} ; fi'
OMAP3_EVM # 
- 13:15:49 [INFO] Host: version
- 13:15:49 [INFO] Target: 
version
U-Boot 2015.07-00043-gaada495 (Nov 09 2015 - 12:23:36 -0500)
arm-linux-gnueabihf-gcc (crosstool-NG linaro-1.13.1-4.7-2013.03-20130313 - Linaro GCC 2013.03) 4.7.3 20130226 (prerelease)
GNU ld (crosstool-NG linaro-1.13.1-4.7-2013.03-20130313 - Linaro GCC 2013.03) 2.23.1
OMAP3_EVM # 
- 13:15:49 [INFO] Host: bdinfo
- 13:15:49 [INFO] Target: 
bdinfo
arch_number = 0x000005FF
boot_params = 0x80000100
DRAM bank   = 0x00000000
-> start    = 0x80000000
-> size     = 0x10000000
DRAM bank   = 0x00000001
-> start    = 0x90000000
-> size     = 0x00000000
eth0name    = smc911x-0
ethaddr     = 00:50:c2:7e:93:ba
current eth = smc911x-0
ip_addr     = 192.168.0.78
baudrate    = 115200 bps
TLB addr    = 0x8FFF0000
relocaddr   = 0x8FF61000
reloc off   = 0x0FE61000
irq_sp      = 0x8FF00F24
sp start    = 0x8FF00F18
OMAP3_EVM # 
- 13:15:49 [INFO] Host: mmc rescan; echo $?
- 13:15:49 [INFO] Target: 
mmc rescan; echo $?
OMAP3_EVM # 
- 13:15:49 [INFO] Host: fatwrite mmc ${mmcdev}:1 ${loadaddr} ws-calibrate.rules 4
- 13:15:49 [INFO] Target: 
fatwrite mmc ${mmcdev}:1 ${loadaddr} ws-calibrate.rules 4
Unknown command 'fatwrite' - try 'help'
OMAP3_EVM # 
- 13:15:49 [INFO] Host: boot
- 13:16:40 [INFO] Target: 
boot
Unknown command 'iminfo' - try 'help'
Unknown command 'bootz' - try 'help'
## Booting kernel from Legacy Image at 82000000 ...
   Image Name:   Linux-4.9.0-rc5-next-20161117-00
   Image Type:   ARM Linux Kernel Image (uncompressed)
   Data Size:    3923295 Bytes = 3.7 MiB
   Load Address: 81000000
   Entry Point:  81000000
   Verifying Checksum ... OK
   Loading Kernel Image ... OK
Starting kernel ...
[    0.000000] Booting Linux on physical CPU 0x0
[    0.000000] Linux version 4.9.0-rc5-next-20161117-00002-g07920cb92097 (nmenon@horus) (gcc version 4.9.3 20150413 (prerelease) (Linaro GCC 4.9-2015.05) ) #3 SMP Thu Nov 17 12:13:14 CST 2016
[    0.000000] CPU: ARMv7 Processor [413fc082] revision 2 (ARMv7), cr=10c5387d
[    0.000000] CPU: PIPT / VIPT nonaliasing data cache, VIPT aliasing instruction cache
[    0.000000] OF: fdt:Machine model: TI OMAP37XX EVM (TMDSEVM3730)
[    0.000000] cma: Reserved 16 MiB at 0x8e800000
[    0.000000] Memory policy: Data cache writeback
[    0.000000] CPU: All CPU(s) started in SVC mode.
[    0.000000] OMAP3630 ES1.2 (l2cache iva sgx neon isp 192mhz_clk)
[    0.000000] percpu: Embedded 15 pages/cpu @cfb5f000 s31872 r8192 d21376 u61440
[    0.000000] Built 1 zonelists in Zone order, mobility grouping on.  Total pages: 64448
[    0.000000] Kernel command line: console=ttyO0,115200n8 earlyprintk=serial,ttyO0,115200n8   ip=:::::eth0:dhcp  root=/dev/mmcblk0p2 rw rootfstype=ext3 rootwait 
[    0.000000] PID hash table entries: 1024 (order: 0, 4096 bytes)
[    0.000000] Dentry cache hash table entries: 32768 (order: 5, 131072 bytes)
[    0.000000] Inode-cache hash table entries: 16384 (order: 4, 65536 bytes)
[    0.000000] Memory: 220568K/260096K available (7168K kernel code, 772K rwdata, 2380K rodata, 1024K init, 8125K bss, 23144K reserved, 16384K cma-reserved, 0K highmem)
[    0.000000] Virtual kernel memory layout:
[    0.000000]     vector  : 0xffff0000 - 0xffff1000   (   4 kB)
[    0.000000]     fixmap  : 0xffc00000 - 0xfff00000   (3072 kB)
[    0.000000]     vmalloc : 0xd0800000 - 0xff800000   ( 752 MB)
[    0.000000]     lowmem  : 0xc0000000 - 0xd0000000   ( 256 MB)
[    0.000000]     pkmap   : 0xbfe00000 - 0xc0000000   (   2 MB)
[    0.000000]     modules : 0xbf000000 - 0xbfe00000   (  14 MB)
[    0.000000]       .text : 0xc0008000 - 0xc0800000   (8160 kB)
[    0.000000]       .init : 0xc0b00000 - 0xc0c00000   (1024 kB)
[    0.000000]       .data : 0xc0c00000 - 0xc0cc1274   ( 773 kB)
[    0.000000]        .bss : 0xc0cc3000 - 0xc14b2640   (8126 kB)
[    0.000000] Running RCU self tests
[    0.000000] Hierarchical RCU implementation.
[    0.000000] 	RCU lockdep checking is enabled.
[    0.000000] 	Build-time adjustment of leaf fanout to 32.
[    0.000000] 	RCU restricting CPUs from NR_CPUS=2 to nr_cpu_ids=1.
[    0.000000] RCU: Adjusting geometry for rcu_fanout_leaf=32, nr_cpu_ids=1
[    0.000000] NR_IRQS:16 nr_irqs:16 16
[    0.000000] IRQ: Found an INTC at 0xfa200000 (revision 4.0) with 96 interrupts
[    0.000000] Clocking rate (Crystal/Core/MPU): 26.0/400/600 MHz
[    0.000000] OMAP clockevent source: timer1 at 32768 Hz
[    0.000000] clocksource: 32k_counter: mask: 0xffffffff max_cycles: 0xffffffff, max_idle_ns: 58327039986419 ns
[    0.000030] sched_clock: 32 bits at 32kHz, resolution 30517ns, wraps every 65535999984741ns
[    0.000030] OMAP clocksource: 32k_counter at 32768 Hz
[    0.001739] Console: colour dummy device 80x30
[    0.001831] Lock dependency validator: Copyright (c) 2006 Red Hat, Inc., Ingo Molnar
[    0.001831] ... MAX_LOCKDEP_SUBCLASSES:  8
[    0.001861] ... MAX_LOCK_DEPTH:          48
[    0.001861] ... MAX_LOCKDEP_KEYS:        8191
[    0.001892] ... CLASSHASH_SIZE:          4096
[    0.001892] ... MAX_LOCKDEP_ENTRIES:     32768
[    0.001922] ... MAX_LOCKDEP_CHAINS:      65536
[    0.001922] ... CHAINHASH_SIZE:          32768
[    0.001922]  memory used by lock dependency info: 5167 kB
[    0.001953]  per task-struct memory footprint: 1536 bytes
[    0.001983] Calibrating delay loop... 594.73 BogoMIPS (lpj=2973696)
[    0.105926] pid_max: default: 32768 minimum: 301
[    0.106536] Security Framework initialized
[    0.106719] Mount-cache hash table entries: 1024 (order: 0, 4096 bytes)
[    0.106750] Mountpoint-cache hash table entries: 1024 (order: 0, 4096 bytes)
[    0.111816] CPU: Testing write buffer coherency: ok
[    0.113922] CPU0: thread -1, cpu 0, socket -1, mpidr 0
[    0.115570] Setting up static identity map for 0x80100000 - 0x80100070
[    0.119354] smp: Bringing up secondary CPUs ...
[    0.119384] smp: Brought up 1 node, 1 CPU
[    0.119415] SMP: Total of 1 processors activated (594.73 BogoMIPS).
[    0.119415] CPU: All CPU(s) started in SVC mode.
[    0.125061] devtmpfs: initialized
[    0.237518] VFP support v0.3: implementor 41 architecture 3 part 30 variant c rev 3
[    0.238739] clocksource: jiffies: mask: 0xffffffff max_cycles: 0xffffffff, max_idle_ns: 19112604462750000 ns
[    0.240539] pinctrl core: initialized pinctrl subsystem
[    0.247833] NET: Registered protocol family 16
[    0.257537] DMA: preallocated 256 KiB pool for atomic coherent allocations
[    0.347991] omap_hwmod: mcbsp2_sidetone using broken dt data from mcbsp
[    0.350585] omap_hwmod: mcbsp3_sidetone using broken dt data from mcbsp
[    0.483337] cpuidle: using governor menu
[    0.484161] Reprogramming SDRC clock to 400000000 Hz
[    0.509002] OMAP GPIO hardware version 2.5
[    0.558807] irq: no irq domain found for /ocp@68000000/l4@48000000/scm@2000/pinmux@30 !
[    0.559844] irq: no irq domain found for /ocp@68000000/l4@48000000/scm@2000/pinmux@30 !
[    0.560852] irq: no irq domain found for /ocp@68000000/l4@48000000/scm@2000/pinmux@30 !
[    0.569946] irq: no irq domain found for /ocp@68000000/l4@48000000/scm@2000/pinmux@30 !
[    0.589599] omap-gpmc 6e000000.gpmc: GPMC revision 5.0
[    0.589874] gpmc_mem_init: disabling cs 0 mapped at 0x0-0x1000000
[    0.608825] No ATAGs?
[    0.608856] hw-breakpoint: debug architecture 0x4 unsupported.
[    0.610229] omap4_sram_init:Unable to allocate sram needed to handle errata I688
[    0.610290] omap4_sram_init:Unable to get sram pool needed to handle errata I688
[    0.612121] OMAP DMA hardware revision 5.0
[    0.695587] omap-dma-engine 48056000.dma-controller: OMAP DMA engine driver (LinkedList1/2/3 supported)
[    0.700164] reg-fixed-voltage wl12xx_vmmc: could not find pctldev for node /ocp@68000000/l4@48000000/scm@2000/pinmux@30/pinmux_wl12xx_gpio, deferring probe
[    0.709533] omap-iommu 480bd400.mmu: 480bd400.mmu registered
[    0.711242] SCSI subsystem initialized
[    0.716827] omap_i2c 48070000.i2c: bus 0 rev4.4 at 2600 kHz
[    0.718902] omap_i2c 48072000.i2c: bus 1 rev4.4 at 400 kHz
[    0.721191] omap_i2c 48060000.i2c: bus 2 rev4.4 at 400 kHz
[    0.721893] pps_core: LinuxPPS API ver. 1 registered
[    0.721893] pps_core: Software ver. 5.3.6 - Copyright 2005-2007 Rodolfo Giometti <giometti@linux.it>
[    0.721984] PTP clock support registered
[    0.728271] clocksource: Switched to clocksource 32k_counter
[    0.893859] VFS: Disk quotas dquot_6.6.0
[    0.894073] VFS: Dquot-cache hash table entries: 1024 (order 0, 4096 bytes)
[    0.942016] NET: Registered protocol family 2
[    0.944641] TCP established hash table entries: 2048 (order: 1, 8192 bytes)
[    0.944732] TCP bind hash table entries: 2048 (order: 4, 73728 bytes)
[    0.945739] TCP: Hash tables configured (established 2048 bind 2048)
[    0.946014] UDP hash table entries: 256 (order: 2, 20480 bytes)
[    0.946319] UDP-Lite hash table entries: 256 (order: 2, 20480 bytes)
[    0.947540] NET: Registered protocol family 1
[    0.950714] RPC: Registered named UNIX socket transport module.
[    0.950744] RPC: Registered udp transport module.
[    0.950775] RPC: Registered tcp transport module.
[    0.950775] RPC: Registered tcp NFSv4.1 backchannel transport module.
[    0.957763] hw perfevents: enabled with armv7_cortex_a8 PMU driver, 5 counters available
[    0.966430] futex hash table entries: 256 (order: 2, 16384 bytes)
[    0.966674] audit: initializing netlink subsys (disabled)
[    0.966979] audit: type=2000 audit(0.950:1): initialized
[    0.973022] workingset: timestamp_bits=14 max_order=16 bucket_order=2
[    0.976593] NFS: Registering the id_resolver key type
[    0.977081] Key type id_resolver registered
[    0.977111] Key type id_legacy registered
[    0.977325] jffs2: version 2.2. (NAND) (SUMMARY)   2001-2006 Red Hat, Inc.
[    0.987213] io scheduler noop registered
[    0.987274] io scheduler deadline registered
[    0.987396] io scheduler cfq registered (default)
[    0.992218] pinctrl-single 48002030.pinmux: 284 pins at pa fa002030 size 568
[    0.993072] pinctrl-single 48002a00.pinmux: 46 pins at pa fa002a00 size 92
[    0.994384] pinctrl-single 480025a0.pinmux: 46 pins at pa fa0025a0 size 92
[    1.004211] Serial: 8250/16550 driver, 4 ports, IRQ sharing enabled
[    1.014434] 4806a000.serial: ttyO0 at MMIO 0x4806a000 (irq = 88, base_baud = 3000000) is a OMAP UART0
[    1.821807] console [ttyO0] enabled
[    1.828704] 4806c000.serial: ttyO1 at MMIO 0x4806c000 (irq = 89, base_baud = 3000000) is a OMAP UART1
[    1.841308] 49020000.serial: ttyO2 at MMIO 0x49020000 (irq = 90, base_baud = 3000000) is a OMAP UART2
[    1.853149] omap_uart 49042000.serial: no wakeirq for uart3
[    1.859558] 49042000.serial: ttyO3 at MMIO 0x49042000 (irq = 96, base_baud = 3000000) is a OMAP UART3
[    1.925872] brd: module loaded
[    1.961975] loop: module loaded
[    2.008819] random: fast init done
[    2.012939] twl 0-0048: PIH (irq 23) chaining IRQs 341..349
[    2.019409] twl 0-0048: power (irq 346) chaining IRQs 349..356
[    2.083251] VPLL2: Bringing 1300000uV into 1800000-1800000uV
[    2.100860] twl4030_gpio twl4030-gpio: gpio (irq 341) chaining IRQs 357..374
[    2.189971] mtdoops: mtd device (mtddev=name/number) must be supplied
[    2.199951] nand: Could not find valid ONFI parameter page; aborting
[    2.206695] nand: device found, Manufacturer ID: 0xad, Chip ID: 0xbc
[    2.213439] nand: Hynix NAND 512MiB 1,8V 16-bit
[    2.218261] nand: 512 MiB, SLC, erase size: 128 KiB, page size: 2048, OOB size: 64
[    2.226226] nand: using OMAP_ECC_BCH8_CODE_HW_DETECTION_SW
[    2.234710] 5 ofpart partitions found on MTD device 30000000.nand
[    2.241241] Creating 5 MTD partitions on "30000000.nand":
[    2.246948] 0x000000000000-0x000000080000 : "X-Loader"
[    2.261749] 0x000000080000-0x000000240000 : "U-Boot"
[    2.274261] 0x000000240000-0x000000280000 : "Environment"
[    2.285736] 0x000000280000-0x000000780000 : "Kernel"
[    2.300842] 0x000000780000-0x000020000000 : "Filesystem"
[    2.765686] libphy: Fixed MDIO Bus: probed
[    2.833709] libphy: smsc911x-mdio: probed
[    2.840911] smsc911x 2c000000.ethernet eth0: MAC Address: 00:50:c2:7e:93:ba
[    2.854003] mousedev: PS/2 mouse device common for all mice
[    2.860015] i2c /dev entries driver
[    2.944763] ledtrig-cpu: registered to indicate activity on CPUs
[    2.952728] oprofile: using arm/armv7
[    2.957489] Initializing XFRM netlink socket
[    2.962646] NET: Registered protocol family 10
[    2.974975] Segment Routing with IPv6
[    2.979095] sit: IPv6, IPv4 and MPLS over IPv4 tunneling driver
[    2.988677] NET: Registered protocol family 17
[    2.993469] NET: Registered protocol family 15
[    2.998779] Key type dns_resolver registered
[    3.003509] omap2_set_init_voltage: unable to find boot up OPP for vdd_mpu_iva
[    3.011169] omap2_set_init_voltage: unable to set vdd_mpu_iva
[    3.017242] omap2_set_init_voltage: unable to find boot up OPP for vdd_core
[    3.024627] omap2_set_init_voltage: unable to set vdd_core
[    3.035003] ThumbEE CPU extension supported.
[    3.039642] Registering SWP/SWPB emulation handler
[    3.044677] SmartReflex Class3 initialized
[    3.133087] vwl1271: supplied by VMMC2
[    3.178619] mmc0: host does not support reading read-only switch, assuming write-enable
[    3.189392] mmc0: new high speed SDHC card at address b368
[    3.200225] mmcblk0: mmc0:b368 SDC   3.75 GiB 
[    3.210968]  mmcblk0: p1 p2 p3
[    3.291442] hctosys: unable to open rtc device (rtc0)
[    3.296783] sr_init: No PMIC hook to init smartreflex
[    3.302734] smartreflex smartreflex.0: invalid resource
[    3.308319] smartreflex smartreflex.0: omap_sr_probe: ioremap fail
[    3.314849] smartreflex: probe of smartreflex.0 failed with error -22
[    3.321807] smartreflex smartreflex.1: invalid resource
[    3.327301] smartreflex smartreflex.1: omap_sr_probe: ioremap fail
[    3.333892] smartreflex: probe of smartreflex.1 failed with error -22
[    3.341400] sr_init: platform driver register failed for SR
[    3.355560] omap_hsmmc 480b4000.mmc: card claims to support voltages below defined range
[    3.388061] mmc1: new SDIO card at address 0001
[    3.448944] SMSC LAN8700 2c000000.etherne:01: attached PHY driver [SMSC LAN8700] (mii_bus:phy_addr=2c000000.etherne:01, irq=-1)
[    3.464843] smsc911x 2c000000.ethernet eth0: SMSC911x/921x identified at 0xd0950000, IRQ: 288
[    3.474761] IPv6: ADDRCONF(NETDEV_UP): eth0: link is not ready
[    5.608612] IPv6: ADDRCONF(NETDEV_CHANGE): eth0: link becomes ready
[    5.640106] Sending DHCP requests ., OK
[    5.678985] IP-Config: Got DHCP answer from 192.168.0.1, my address is 192.168.0.78
[    5.687042] IP-Config: Complete:
[    5.690551]      device=eth0, hwaddr=00:50:c2:7e:93:ba, ipaddr=192.168.0.78, mask=255.255.255.0, gw=192.168.0.1
[    5.701202]      host=192.168.0.78, domain=ti.com, nis-domain=(none)
[    5.707885]      bootserver=0.0.0.0, rootserver=0.0.0.0, rootpath=     nameserver0=192.0.2.2, nameserver1=192.0.2.3
[    5.720642] lcd_3v3: disabling
[    5.728515] VUSB3V1: disabling
[    5.732330] vwl1271: disabling
[    5.746093] EXT4-fs (mmcblk0p2): mounting ext3 file system using the ext4 subsystem
[    5.777923] EXT4-fs (mmcblk0p2): warning: maximal mount count reached, running e2fsck is recommended
[    6.143249] EXT4-fs (mmcblk0p2): mounted filesystem with ordered data mode. Opts: (null)
[    6.152099] VFS: Mounted root (ext3 filesystem) on device 179:2.
[    6.173431] devtmpfs: mounted
[    6.180480] Freeing unused kernel memory: 1024K
INIT: version 2.86 booting
Please wait: booting...
Error opening /dev/fb0: No such file or directory
Starting udev
WARNING: -e needs -E or -F
[    7.465606] udevd (121): /proc/121/oom_adj is deprecated, please use /proc/121/oom_score_adj instead.
[   24.894561] EXT4-fs (mmcblk0p3): mounting ext3 file system using the ext4 subsystem
[   24.924011] FAT-fs (mmcblk0p1): Volume was not properly unmounted. Some data may be corrupt. Please run fsck.
[   24.935760] EXT4-fs (mmcblk0p3): warning: maximal mount count reached, running e2fsck is recommended
[   25.014282] EXT4-fs (mmcblk0p3): mounted filesystem with ordered data mode. Opts: (null)
[   25.154663] alignment: ignoring faults is unsafe on this CPU.  Defaulting to fixup mode.
Remounting root file system...
[   25.331207] EXT4-fs (mmcblk0p2): re-mounted. Opts: (null)
Caching udev devnodes
logger: mount: mount point /proc/bus/usb does not exist
ALSA: Restoring mixer settings...
/usr/sbin/alsactl: load_state:1625: No soundcards found...
Configuring network interfaces... [   28.419097] SMSC LAN8700 2c000000.etherne:01: attached PHY driver [SMSC LAN8700] (mii_bus:phy_addr=2c000000.etherne:01, irq=-1)
[   28.434173] smsc911x 2c000000.ethernet eth0: SMSC911x/921x identified at 0xd0950000, IRQ: 288
[   28.443878] IPv6: ADDRCONF(NETDEV_UP): eth0: link is not ready
eth0      no wireless extensions.
udhcpc (v1.13.2) started
Sending discover...
[   30.560546] IPv6: ADDRCONF(NETDEV_CHANGE): eth0: link becomes ready
Sending discover...
Sending select for 192.168.0.57...
Lease of 192.168.0.57 obtained, lease time 7200
adding dns 192.0.2.2
adding dns 192.0.2.3
done.
Setting up IP spoofing protection: rp_filter.
hwclock: can't open '/dev/misc/rtc': No such file or directory
Mon Jul  4 17:47:00 UTC 2016
hwclock: can't open '/dev/misc/rtc': No such file or directory
INIT: Entering runlevel: 5
Starting system message bus: dbus.
Starting Hardware abstraction layer hald
[   36.029724] ecc unrecoverable error
[   36.033508] ecc unrecoverable error
[   36.037292] ecc unrecoverable error
[   36.041168] ecc unrecoverable error
[   36.045104] blk_update_request: I/O error, dev mtdblock0, sector 0
[   36.159423] ecc unrecoverable error
[   36.163208] ecc unrecoverable error
[   36.166992] ecc unrecoverable error
[   36.170867] ecc unrecoverable error
[   36.174560] blk_update_request: I/O error, dev mtdblock0, sector 0
[   36.181457] Buffer I/O error on dev mtdblock0, logical block 0, async page read
[   36.299957] ecc unrecoverable error
[   36.303741] ecc unrecoverable error
[   36.307525] ecc unrecoverable error
[   36.311462] ecc unrecoverable error
[   36.315155] blk_update_request: I/O error, dev mtdblock1, sector 3456
[   36.339172] ecc unrecoverable error
[   36.342956] ecc unrecoverable error
[   36.346649] blk_update_request: I/O error, dev mtdblock2, sector 0
[   36.369201] ecc unrecoverable error
[   36.373016] ecc unrecoverable error
[   36.376770] ecc unrecoverable error
[   36.380645] ecc unrecoverable error
[   36.384368] blk_update_request: I/O error, dev mtdblock0, sector 0
[   36.390869] Buffer I/O error on dev mtdblock0, logical block 0, async page read
[   36.441650] ecc unrecoverable error
[   36.445465] ecc unrecoverable error
[   36.449340] blk_update_request: I/O error, dev mtdblock3, sector 10112
[   36.485412] ecc unrecoverable error
[   36.489440] ecc unrecoverable error
[   36.493225] ecc unrecoverable error
[   36.496948] ecc unrecoverable error
[   36.500732] blk_update_request: I/O error, dev mtdblock1, sector 3456
[   36.507507] Buffer I/O error on dev mtdblock1, logical block 432, async page read
[   36.566894] ecc unrecoverable error
[   36.571105] ecc unrecoverable error
[   36.574829] blk_update_request: I/O error, dev mtdblock2, sector 0
[   36.581329] Buffer I/O error on dev mtdblock2, logical block 0, async page read
[   36.593414] ecc unrecoverable error
[   36.597320] ecc unrecoverable error
[   36.601257] ecc unrecoverable error
[   36.604980] ecc unrecoverable error
[   36.608764] blk_update_request: I/O error, dev mtdblock0, sector 0
[   36.615264] Buffer I/O error on dev mtdblock0, logical block 0, async page read
[   36.709716] ecc unrecoverable error
[   36.713500] ecc unrecoverable error
[   36.717224] blk_update_request: I/O error, dev mtdblock3, sector 10112
[   36.724090] Buffer I/O error on dev mtdblock3, logical block 1264, async page read
[   36.791015] ecc unrecoverable error
[   36.794830] ecc unrecoverable error
[   36.798858] ecc unrecoverable error
[   36.802612] ecc unrecoverable error
[   36.807647] ecc unrecoverable error
[   36.811584] ecc unrecoverable error
[   36.815277] Buffer I/O error on dev mtdblock2, logical block 0, async page read
[   36.823944] ecc unrecoverable error
[   36.827728] ecc unrecoverable error
[   36.831634] ecc unrecoverable error
[   36.835357] ecc unrecoverable error
[   36.839141] Buffer I/O error on dev mtdblock0, logical block 0, async page read
[   36.847656] ecc unrecoverable error
[   36.851562] ecc unrecoverable error
[   36.857910] ecc unrecoverable error
[   36.861816] ecc unrecoverable error
[   36.865600] ecc unrecoverable error
[   36.869415] ecc unrecoverable error
[   36.873138] Buffer I/O error on dev mtdblock1, logical block 446, async page read
[   36.882019] ecc unrecoverable error
[   36.885803] ecc unrecoverable error
[   36.889617] Buffer I/O error on dev mtdblock2, logical block 0, async page read
[   36.898071] ecc unrecoverable error
[   36.901947] ecc unrecoverable error
[   36.905731] ecc unrecoverable error
[   36.909545] ecc unrecoverable error
[   36.913970] ecc unrecoverable error
[   36.917755] ecc unrecoverable error
[   36.923187] ecc unrecoverable error
[   36.926971] ecc unrecoverable error
[   36.930816] ecc unrecoverable error
[   36.934570] ecc unrecoverable error
[   36.938995] ecc unrecoverable error
[   36.942779] ecc unrecoverable error
[   36.947143] ecc unrecoverable error
[   36.951019] ecc unrecoverable error
[   36.954772] ecc unrecoverable error
[   36.958587] ecc unrecoverable error
[   36.962951] ecc unrecoverable error
[   36.966705] ecc unrecoverable error
[   36.971923] ecc unrecoverable error
[   36.975708] ecc unrecoverable error
[   36.979553] ecc unrecoverable error
[   36.983306] ecc unrecoverable error
[   36.987731] ecc unrecoverable error
[   36.991577] ecc unrecoverable error
[   36.996063] ecc unrecoverable error
[   36.999938] ecc unrecoverable error
[   37.003692] ecc unrecoverable error
[   37.007415] ecc unrecoverable error
[   37.011871] ecc unrecoverable error
[   37.015624] ecc unrecoverable error
[   37.022613] ecc unrecoverable error
[   37.026397] ecc unrecoverable error
[   37.030334] ecc unrecoverable error
[   37.034118] ecc unrecoverable error
[   37.038879] ecc unrecoverable error
[   37.042633] ecc unrecoverable error
[   37.046997] ecc unrecoverable error
[   37.050903] ecc unrecoverable error
[   37.054656] ecc unrecoverable error
[   37.058471] ecc unrecoverable error
[   37.062927] ecc unrecoverable error
[   37.066711] ecc unrecoverable error
[   37.072113] ecc unrecoverable error
[   37.075897] ecc unrecoverable error
[   37.079772] ecc unrecoverable error
[   37.083526] ecc unrecoverable error
[   37.089965] ecc unrecoverable error
[   37.093749] ecc unrecoverable error
[   37.098205] ecc unrecoverable error
[   37.102203] ecc unrecoverable error
[   37.105957] ecc unrecoverable error
[   37.109771] ecc unrecoverable error
[   37.114227] ecc unrecoverable error
[   37.118011] ecc unrecoverable error
[   37.125091] ecc unrecoverable error
[   37.129058] ecc unrecoverable error
[   37.132843] ecc unrecoverable error
[   37.136596] ecc unrecoverable error
[   37.141204] ecc unrecoverable error
[   37.144958] ecc unrecoverable error
[   37.149536] ecc unrecoverable error
[   37.153320] ecc unrecoverable error
[   37.157073] ecc unrecoverable error
[   37.160919] ecc unrecoverable error
[   37.165374] ecc unrecoverable error
[   37.169219] ecc unrecoverable error
[   37.174926] ecc unrecoverable error
[   37.178802] ecc unrecoverable error
[   37.182586] ecc unrecoverable error
[   37.186340] ecc unrecoverable error
[   37.190765] ecc unrecoverable error
[   37.194549] ecc unrecoverable error
[   37.199005] ecc unrecoverable error
[   37.202758] ecc unrecoverable error
[   37.206512] ecc unrecoverable error
[   37.210327] ecc unrecoverable error
[   37.214721] ecc unrecoverable error
[   37.218566] ecc unrecoverable error
[   37.223876] ecc unrecoverable error
[   37.227661] ecc unrecoverable error
[   37.231536] ecc unrecoverable error
[   37.235290] ecc unrecoverable error
[   37.239776] ecc unrecoverable error
[   37.243560] ecc unrecoverable error
[   37.247924] ecc unrecoverable error
[   37.251770] ecc unrecoverable error
[   37.255554] ecc unrecoverable error
[   37.259338] ecc unrecoverable error
[   37.263671] ecc unrecoverable error
[   37.267425] ecc unrecoverable error
[   37.272644] ecc unrecoverable error
[   37.276428] ecc unrecoverable error
[   37.280273] ecc unrecoverable error
[   37.284057] ecc unrecoverable error
[   37.288543] ecc unrecoverable error
[   37.292327] ecc unrecoverable error
[   37.296722] ecc unrecoverable error
[   37.300567] ecc unrecoverable error
[   37.304321] ecc unrecoverable error
[   37.308074] ecc unrecoverable error
[   37.312469] ecc unrecoverable error
[   37.316253] ecc unrecoverable error
[   37.321563] ecc unrecoverable error
[   37.325347] ecc unrecoverable error
[   37.329193] ecc unrecoverable error
[   37.332977] ecc unrecoverable error
[   37.337371] ecc unrecoverable error
[   37.341217] ecc unrecoverable error
[   37.345550] ecc unrecoverable error
[   37.349395] ecc unrecoverable error
[   37.353179] ecc unrecoverable error
[   37.356903] ecc unrecoverable error
[   37.361389] ecc unrecoverable error
[   37.365142] ecc unrecoverable error
[   37.370422] ecc unrecoverable error
[   37.374206] ecc unrecoverable error
[   37.377960] ecc unrecoverable error
[   37.381835] ecc unrecoverable error
[   37.386413] ecc unrecoverable error
[   37.390258] ecc unrecoverable error
[   37.394683] ecc unrecoverable error
[   37.398529] ecc unrecoverable error
[   37.402252] ecc unrecoverable error
[   37.406036] ecc unrecoverable error
[   37.410400] ecc unrecoverable error
[   37.414184] ecc unrecoverable error
[   37.419494] ecc unrecoverable error
[   37.423278] ecc unrecoverable error
[   37.427032] ecc unrecoverable error
[   37.430877] ecc unrecoverable error
[   37.435302] ecc unrecoverable error
[   37.439147] ecc unrecoverable error
[   37.443603] ecc unrecoverable error
[   37.447357] ecc unrecoverable error
[   37.451171] ecc unrecoverable error
[   37.454956] ecc unrecoverable error
[   37.459381] ecc unrecoverable error
[   37.463165] ecc unrecoverable error
[   37.468475] ecc unrecoverable error
[   37.472259] ecc unrecoverable error
[   37.476013] ecc unrecoverable error
[   37.479858] ecc unrecoverable error
[   37.484191] ecc unrecoverable error
[   37.487945] ecc unrecoverable error
[   37.492309] ecc unrecoverable error
[   37.496093] ecc unrecoverable error
[   37.499908] ecc unrecoverable error
[   37.503662] ecc unrecoverable error
[   37.508026] ecc unrecoverable error
[   37.511871] ecc unrecoverable error
[   37.517059] ecc unrecoverable error
[   37.520904] ecc unrecoverable error
[   37.524658] ecc unrecoverable error
[   37.528472] ecc unrecoverable error
[   37.532897] ecc unrecoverable error
[   37.536651] ecc unrecoverable error
[   37.541076] ecc unrecoverable error
[   37.544830] ecc unrecoverable error
[   37.548675] ecc unrecoverable error
[   37.552429] ecc unrecoverable error
[   37.556762] ecc unrecoverable error
[   37.560607] ecc unrecoverable error
[   37.565734] ecc unrecoverable error
[   37.569610] ecc unrecoverable error
[   37.573364] ecc unrecoverable error
[   37.577148] ecc unrecoverable error
[   37.581573] ecc unrecoverable error
[   37.585327] ecc unrecoverable error
[   37.589752] ecc unrecoverable error
[   37.593536] ecc unrecoverable error
[   37.597259] ecc unrecoverable error
[   37.601104] ecc unrecoverable error
[   37.605499] ecc unrecoverable error
[   37.609344] ecc unrecoverable error
[   37.614593] ecc unrecoverable error
[   37.618438] ecc unrecoverable error
[   37.622222] ecc unrecoverable error
[   37.625976] ecc unrecoverable error
[   37.630401] ecc unrecoverable error
[   37.634155] ecc unrecoverable error
[   37.638641] ecc unrecoverable error
[   37.642395] ecc unrecoverable error
[   37.646148] ecc unrecoverable error
[   37.649963] ecc unrecoverable error
[   37.654357] ecc unrecoverable error
[   37.658142] ecc unrecoverable error
[   37.663421] ecc unrecoverable error
[   37.667205] ecc unrecoverable error
[   37.671081] ecc unrecoverable error
[   37.674835] ecc unrecoverable error
[   37.679290] ecc unrecoverable error
[   37.683044] ecc unrecoverable error
[   37.687408] ecc unrecoverable error
[   37.691253] ecc unrecoverable error
[   37.694976] ecc unrecoverable error
[   37.698822] ecc unrecoverable error
[   37.703155] ecc unrecoverable error
[   37.706909] ecc unrecoverable error
[   37.712127] ecc unrecoverable error
[   37.715881] ecc unrecoverable error
[   37.719726] ecc unrecoverable error
[   37.723480] ecc unrecoverable error
[   37.727874] ecc unrecoverable error
[   37.731689] ecc unrecoverable error
[   37.736083] ecc unrecoverable error
[   37.739929] ecc unrecoverable error
[   37.743652] ecc unrecoverable error
[   37.747406] ecc unrecoverable error
[   37.751831] ecc unrecoverable error
[   37.755615] ecc unrecoverable error
[   37.760864] ecc unrecoverable error
[   37.764648] ecc unrecoverable error
[   37.768463] ecc unrecoverable error
[   37.772247] ecc unrecoverable error
[   37.776550] ecc unrecoverable error
[   37.780395] ecc unrecoverable error
[   37.784698] ecc unrecoverable error
[   37.788543] ecc unrecoverable error
[   37.792266] ecc unrecoverable error
[   37.796051] ecc unrecoverable error
[   37.800445] ecc unrecoverable error
[   37.804229] ecc unrecoverable error
[   37.809478] ecc unrecoverable error
[   37.813262] ecc unrecoverable error
[   37.816986] ecc unrecoverable error
[   37.820831] ecc unrecoverable error
[   37.825256] ecc unrecoverable error
[   37.829071] ecc unrecoverable error
[   37.833435] ecc unrecoverable error
[   37.837219] ecc unrecoverable error
[   37.841064] ecc unrecoverable error
[   37.844787] ecc unrecoverable error
[   37.849151] ecc unrecoverable error
[   37.852935] ecc unrecoverable error
[   37.858062] ecc unrecoverable error
[   37.861907] ecc unrecoverable error
[   37.865661] ecc unrecoverable error
[   37.869476] ecc unrecoverable error
[   37.873870] ecc unrecoverable error
[   37.877624] ecc unrecoverable error
[   37.882080] ecc unrecoverable error
[   37.885833] ecc unrecoverable error
[   37.889678] ecc unrecoverable error
[   37.893432] ecc unrecoverable error
[   37.897796] ecc unrecoverable error
[   37.901641] ecc unrecoverable error
[   37.906890] ecc unrecoverable error
[   37.910736] ecc unrecoverable error
[   37.914489] ecc unrecoverable error
[   37.918395] ecc unrecoverable error
[   37.922729] ecc unrecoverable error
[   37.926513] ecc unrecoverable error
[   37.930877] ecc unrecoverable error
[   37.934661] ecc unrecoverable error
[   37.938507] ecc unrecoverable error
[   37.942230] ecc unrecoverable error
[   37.946624] ecc unrecoverable error
[   37.950469] ecc unrecoverable error
[   37.955932] ecc unrecoverable error
[   37.959808] ecc unrecoverable error
[   37.963562] ecc unrecoverable error
[   37.967315] ecc unrecoverable error
[   37.971771] ecc unrecoverable error
[   37.975555] ecc unrecoverable error
[   37.980010] ecc unrecoverable error
[   37.983764] ecc unrecoverable error
[   37.987548] ecc unrecoverable error
[   37.991333] ecc unrecoverable error
[   37.995666] ecc unrecoverable error
[   37.999511] ecc unrecoverable error
[   38.004669] ecc unrecoverable error
[   38.008544] ecc unrecoverable error
[   38.012298] ecc unrecoverable error
[   38.016052] ecc unrecoverable error
[   38.020538] ecc unrecoverable error
[   38.024322] ecc unrecoverable error
[   38.028839] ecc unrecoverable error
[   38.032623] ecc unrecoverable error
[   38.036376] ecc unrecoverable error
[   38.040191] ecc unrecoverable error
[   38.044616] ecc unrecoverable error
[   38.048461] ecc unrecoverable error
[   38.053710] ecc unrecoverable error
[   38.057495] ecc unrecoverable error
[   38.061340] ecc unrecoverable error
[   38.065093] ecc unrecoverable error
[   38.069488] ecc unrecoverable error
[   38.073242] ecc unrecoverable error
[   38.077545] ecc unrecoverable error
[   38.081420] ecc unrecoverable error
[   38.085174] ecc unrecoverable error
[   38.089019] ecc unrecoverable error
[   38.093383] ecc unrecoverable error
[   38.097167] ecc unrecoverable error
[   38.102386] ecc unrecoverable error
[   38.106170] ecc unrecoverable error
[   38.109985] ecc unrecoverable error
[   38.113739] ecc unrecoverable error
[   38.118164] ecc unrecoverable error
[   38.122009] ecc unrecoverable error
[   38.126464] ecc unrecoverable error
[   38.130340] ecc unrecoverable error
[   38.134094] ecc unrecoverable error
[   38.137817] ecc unrecoverable error
[   38.142211] ecc unrecoverable error
[   38.145996] ecc unrecoverable error
[   38.151214] ecc unrecoverable error
[   38.154968] ecc unrecoverable error
[   38.158813] ecc unrecoverable error
[   38.162567] ecc unrecoverable error
[   38.166961] ecc unrecoverable error
[   38.170806] ecc unrecoverable error
[   38.175201] ecc unrecoverable error
[   38.179046] ecc unrecoverable error
[   38.182800] ecc unrecoverable error
[   38.186553] ecc unrecoverable error
[   38.190948] ecc unrecoverable error
[   38.194732] ecc unrecoverable error
[   38.199981] ecc unrecoverable error
[   38.203765] ecc unrecoverable error
[   38.207489] ecc unrecoverable error
[   38.211334] ecc unrecoverable error
[   38.215667] ecc unrecoverable error
[   38.219512] ecc unrecoverable error
[   38.223846] ecc unrecoverable error
[   38.227600] ecc unrecoverable error
[   38.231445] ecc unrecoverable error
[   38.235198] ecc unrecoverable error
[   38.239593] ecc unrecoverable error
[   38.243377] ecc unrecoverable error
[   38.248626] ecc unrecoverable error
[   38.252410] ecc unrecoverable error
[   38.256134] ecc unrecoverable error
[   38.259979] ecc unrecoverable error
[   38.264373] ecc unrecoverable error
[   38.268157] ecc unrecoverable error
[   38.272583] ecc unrecoverable error
[   38.276367] ecc unrecoverable error
[   38.280181] ecc unrecoverable error
[   38.283935] ecc unrecoverable error
[   38.288360] ecc unrecoverable error
[   38.292144] ecc unrecoverable error
[   38.297302] ecc unrecoverable error
[   38.301147] ecc unrecoverable error
[   38.304901] ecc unrecoverable error
[   38.308715] ecc unrecoverable error
[   38.313079] ecc unrecoverable error
[   38.316864] ecc unrecoverable error
[   38.321319] ecc unrecoverable error
[   38.325073] ecc unrecoverable error
[   38.328918] ecc unrecoverable error
[   38.332641] ecc unrecoverable error
[   38.337036] ecc unrecoverable error
[   38.340881] ecc unrecoverable error
[   38.346069] ecc unrecoverable error
[   38.349914] ecc unrecoverable error
[   38.353668] ecc unrecoverable error
[   38.357421] ecc unrecoverable error
[   38.361816] ecc unrecoverable error
[   38.365570] ecc unrecoverable error
[   38.369964] ecc unrecoverable error
[   38.373718] ecc unrecoverable error
[   38.377502] ecc unrecoverable error
[   38.381286] ecc unrecoverable error
[   38.385681] ecc unrecoverable error
[   38.389526] ecc unrecoverable error
[   38.394714] ecc unrecoverable error
[   38.398559] ecc unrecoverable error
[   38.402313] ecc unrecoverable error
[   38.406066] ecc unrecoverable error
[   38.410522] ecc unrecoverable error
[   38.414276] ecc unrecoverable error
[   38.418762] ecc unrecoverable error
[   38.422546] ecc unrecoverable error
[   38.426300] ecc unrecoverable error
[   38.430084] ecc unrecoverable error
[   38.434417] ecc unrecoverable error
[   38.438201] ecc unrecoverable error
[   38.443420] ecc unrecoverable error
[   38.447174] ecc unrecoverable error
[   38.451019] ecc unrecoverable error
[   38.454772] ecc unrecoverable error
[   38.459228] ecc unrecoverable error
[   38.462982] ecc unrecoverable error
[   38.467346] ecc unrecoverable error
[   38.471221] ecc unrecoverable error
[   38.474975] ecc unrecoverable error
[   38.478759] ecc unrecoverable error
[   38.483154] ecc unrecoverable error
[   38.486907] ecc unrecoverable error
[   38.492187] ecc unrecoverable error
[   38.495941] ecc unrecoverable error
[   38.499786] ecc unrecoverable error
[   38.503540] ecc unrecoverable error
[   38.507873] ecc unrecoverable error
[   38.511718] ecc unrecoverable error
[   38.516021] ecc unrecoverable error
[   38.519866] ecc unrecoverable error
[   38.523620] ecc unrecoverable error
[   38.527374] ecc unrecoverable error
[   38.531768] ecc unrecoverable error
[   38.535552] ecc unrecoverable error
[   38.540771] ecc unrecoverable error
[   38.544525] ecc unrecoverable error
[   38.548339] ecc unrecoverable error
[   38.552124] ecc unrecoverable error
[   38.556518] ecc unrecoverable error
[   38.560363] ecc unrecoverable error
[   38.564727] ecc unrecoverable error
[   38.568572] ecc unrecoverable error
[   38.572326] ecc unrecoverable error
[   38.576049] ecc unrecoverable error
[   38.580413] ecc unrecoverable error
[   38.584197] ecc unrecoverable error
[   38.589447] ecc unrecoverable error
[   38.593231] ecc unrecoverable error
[   38.596954] ecc unrecoverable error
[   38.600799] ecc unrecoverable error
[   38.605194] ecc unrecoverable error
[   38.609039] ecc unrecoverable error
[   38.613433] ecc unrecoverable error
[   38.617187] ecc unrecoverable error
[   38.621032] ecc unrecoverable error
[   38.624786] ecc unrecoverable error
[   38.629180] ecc unrecoverable error
[   38.632965] ecc unrecoverable error
[   38.638122] ecc unrecoverable error
[   38.641998] ecc unrecoverable error
[   38.645751] ecc unrecoverable error
[   38.649566] ecc unrecoverable error
[   38.653900] ecc unrecoverable error
[   38.657653] ecc unrecoverable error
[   38.662048] ecc unrecoverable error
[   38.665802] ecc unrecoverable error
[   38.669647] ecc unrecoverable error
[   38.673400] ecc unrecoverable error
[   38.677764] ecc unrecoverable error
[   38.681610] ecc unrecoverable error
[   38.686767] ecc unrecoverable error
[   38.690612] ecc unrecoverable error
[   38.694396] ecc unrecoverable error
[   38.698150] ecc unrecoverable error
[   38.702606] ecc unrecoverable error
[   38.706359] ecc unrecoverable error
[   38.710784] ecc unrecoverable error
[   38.714569] ecc unrecoverable error
[   38.718383] ecc unrecoverable error
[   38.722137] ecc unrecoverable error
[   38.726440] ecc unrecoverable error
[   38.730285] ecc unrecoverable error
[   38.735443] ecc unrecoverable error
[   38.739288] ecc unrecoverable error
[   38.743041] ecc unrecoverable error
[   38.746795] ecc unrecoverable error
[   38.751251] ecc unrecoverable error
[   38.755004] ecc unrecoverable error
[   38.759460] ecc unrecoverable error
[   38.763214] ecc unrecoverable error
[   38.766998] ecc unrecoverable error
[   38.770782] ecc unrecoverable error
[   38.775177] ecc unrecoverable error
[   38.778991] ecc unrecoverable error
[   38.784210] ecc unrecoverable error
[   38.787963] ecc unrecoverable error
[   38.791809] ecc unrecoverable error
[   38.795562] ecc unrecoverable error
[   38.799987] ecc unrecoverable error
[   38.803741] ecc unrecoverable error
[   38.808044] ecc unrecoverable error
[   38.811889] ecc unrecoverable error
[   38.815673] ecc unrecoverable error
[   38.819458] ecc unrecoverable error
[   38.823822] ecc unrecoverable error
[   38.827575] ecc unrecoverable error
[   38.832824] ecc unrecoverable error
[   38.836608] ecc unrecoverable error
[   38.840454] ecc unrecoverable error
[   38.844207] ecc unrecoverable error
[   38.848724] ecc unrecoverable error
[   38.852508] ecc unrecoverable error
[   38.856872] ecc unrecoverable error
[   38.860717] ecc unrecoverable error
[   38.864471] ecc unrecoverable error
[   38.868316] ecc unrecoverable error
[   38.872650] ecc unrecoverable error
[   38.876403] ecc unrecoverable error
[   38.881622] ecc unrecoverable error
[   38.885406] ecc unrecoverable error
[   38.889251] ecc unrecoverable error
[   38.893005] ecc unrecoverable error
[   38.897399] ecc unrecoverable error
[   38.901245] ecc unrecoverable error
[   38.905639] ecc unrecoverable error
[   38.909484] ecc unrecoverable error
[   38.913238] ecc unrecoverable error
[   38.916961] ecc unrecoverable error
[   38.921386] ecc unrecoverable error
[   38.925170] ecc unrecoverable error
[   38.930419] ecc unrecoverable error
[   38.934204] ecc unrecoverable error
[   38.937957] ecc unrecoverable error
[   38.941802] ecc unrecoverable error
[   38.946197] ecc unrecoverable error
[   38.950073] ecc unrecoverable error
[   38.954376] ecc unrecoverable error
[   38.958160] ecc unrecoverable error
[   38.962005] ecc unrecoverable error
[   38.965728] ecc unrecoverable error
[   38.970184] ecc unrecoverable error
[   38.973968] ecc unrecoverable error
[   38.979278] ecc unrecoverable error
[   38.983062] ecc unrecoverable error
[   38.986816] ecc unrecoverable error
[   38.990661] ecc unrecoverable error
[   38.995086] ecc unrecoverable error
[   38.998931] ecc unrecoverable error
[   39.003570] ecc unrecoverable error
[   39.007354] ecc unrecoverable error
[   39.011199] ecc unrecoverable error
[   39.014953] ecc unrecoverable error
[   39.019378] ecc unrecoverable error
[   39.023132] ecc unrecoverable error
[   39.028411] ecc unrecoverable error
[   39.032196] ecc unrecoverable error
[   39.035949] ecc unrecoverable error
[   39.039794] ecc unrecoverable error
[   39.044189] ecc unrecoverable error
[   39.047973] ecc unrecoverable error
[   39.052429] ecc unrecoverable error
[   39.056182] ecc unrecoverable error
[   39.060028] ecc unrecoverable error
[   39.063812] ecc unrecoverable error
[   39.068176] ecc unrecoverable error
[   39.071990] ecc unrecoverable error
[   39.077209] ecc unrecoverable error
[   39.081085] ecc unrecoverable error
[   39.084838] ecc unrecoverable error
[   39.088653] ecc unrecoverable error
[   39.093048] ecc unrecoverable error
[   39.096801] ecc unrecoverable error
[   39.101226] ecc unrecoverable error
[   39.105010] ecc unrecoverable error
[   39.108825] ecc unrecoverable error
[   39.112579] ecc unrecoverable error
[   39.116973] ecc unrecoverable error
[   39.120788] ecc unrecoverable error
[   39.126007] ecc unrecoverable error
[   39.129882] ecc unrecoverable error
[   39.133636] ecc unrecoverable error
[   39.137390] ecc unrecoverable error
[   39.141845] ecc unrecoverable error
[   39.145629] ecc unrecoverable error
[   39.150054] ecc unrecoverable error
[   39.153839] ecc unrecoverable error
[   39.157592] ecc unrecoverable error
[   39.161407] ecc unrecoverable error
[   39.165954] ecc unrecoverable error
[   39.169830] ecc unrecoverable error
[   39.175079] ecc unrecoverable error
[   39.178955] ecc unrecoverable error
[   39.182708] ecc unrecoverable error
[   39.186462] ecc unrecoverable error
[   39.190948] ecc unrecoverable error
[   39.194702] ecc unrecoverable error
[   39.199157] ecc unrecoverable error
[   39.202941] ecc unrecoverable error
[   39.206695] ecc unrecoverable error
[   39.210510] ecc unrecoverable error
[   39.223022] ecc unrecoverable error
[   39.226837] ecc unrecoverable error
[   39.237060] ecc unrecoverable error
[   39.241058] ecc unrecoverable error
[   39.244842] ecc unrecoverable error
[   39.248687] ecc unrecoverable error
[   39.253234] ecc unrecoverable error
[   39.257019] ecc unrecoverable error
[   39.261657] ecc unrecoverable error
[   39.265441] ecc unrecoverable error
[   39.271179] ecc unrecoverable error
[   39.274932] ecc unrecoverable error
[   39.278839] ecc unrecoverable error
[   39.282592] ecc unrecoverable error
[   39.287109] ecc unrecoverable error
[   39.291015] ecc unrecoverable error
[   39.306701] ecc unrecoverable error
[   39.310699] ecc unrecoverable error
[   39.316284] ecc unrecoverable error
[   39.320220] ecc unrecoverable error
[   39.323974] ecc unrecoverable error
[   39.327728] ecc unrecoverable error
[   39.332366] ecc unrecoverable error
[   39.336151] ecc unrecoverable error
[   39.341979] ecc unrecoverable error
[   39.345733] ecc unrecoverable error
[   39.349639] ecc unrecoverable error
[   39.353424] ecc unrecoverable error
[   39.357910] ecc unrecoverable error
[   39.361785] ecc unrecoverable error
[   39.367065] ecc unrecoverable error
[   39.370910] ecc unrecoverable error
[   39.374694] ecc unrecoverable error
[   39.378509] ecc unrecoverable error
[   39.382843] ecc unrecoverable error
[   39.386596] ecc unrecoverable error
[   39.391876] ecc unrecoverable error
[   39.395660] ecc unrecoverable error
[   39.399505] ecc unrecoverable error
[   39.403259] ecc unrecoverable error
[   39.407653] ecc unrecoverable error
[   39.411499] ecc unrecoverable error
[   39.416625] ecc unrecoverable error
[   39.420501] ecc unrecoverable error
[   39.424285] ecc unrecoverable error
[   39.428039] ecc unrecoverable error
[   39.432464] ecc unrecoverable error
[   39.436248] ecc unrecoverable error
[   39.441436] ecc unrecoverable error
[   39.445220] ecc unrecoverable error
[   39.449035] ecc unrecoverable error
[   39.452819] ecc unrecoverable error
[   39.457183] ecc unrecoverable error
[   39.460998] ecc unrecoverable error
[   39.466217] ecc unrecoverable error
[   39.470062] ecc unrecoverable error
[   39.473846] ecc unrecoverable error
[   39.477600] ecc unrecoverable error
[   39.482025] ecc unrecoverable error
[   39.485778] ecc unrecoverable error
[   39.491027] ecc unrecoverable error
[   39.494781] ecc unrecoverable error
[   39.498626] ecc unrecoverable error
[   39.502410] ecc unrecoverable error
[   39.506713] ecc unrecoverable error
[   39.510559] ecc unrecoverable error
[   39.515777] ecc unrecoverable error
[   39.519653] ecc unrecoverable error
[   39.523406] ecc unrecoverable error
[   39.527191] ecc unrecoverable error
[   39.532714] ecc unrecoverable error
[   39.536560] ecc unrecoverable error
[   39.542785] ecc unrecoverable error
[   39.546630] ecc unrecoverable error
[   39.550476] ecc unrecoverable error
[   39.554260] ecc unrecoverable error
[   39.559570] ecc unrecoverable error
[   39.563354] ecc unrecoverable error
[   39.568817] ecc unrecoverable error
[   39.572601] ecc unrecoverable error
[   39.576354] ecc unrecoverable error
[   39.580200] ecc unrecoverable error
[   39.584625] ecc unrecoverable error
[   39.588470] ecc unrecoverable error
[   39.593719] ecc unrecoverable error
[   39.597503] ecc unrecoverable error
[   39.601348] ecc unrecoverable error
[   39.605102] ecc unrecoverable error
[   39.609527] ecc unrecoverable error
[   39.613311] ecc unrecoverable error
[   39.618591] ecc unrecoverable error
[   39.622344] ecc unrecoverable error
[   39.626098] ecc unrecoverable error
[   39.629943] ecc unrecoverable error
[   39.634277] ecc unrecoverable error
[   39.638031] ecc unrecoverable error
[   39.643310] ecc unrecoverable error
[   39.647064] ecc unrecoverable error
[   39.650909] ecc unrecoverable error
[   39.654693] ecc unrecoverable error
[   39.659118] ecc unrecoverable error
[   39.662902] ecc unrecoverable error
[   39.667968] ecc unrecoverable error
[   39.671844] ecc unrecoverable error
[   39.675598] ecc unrecoverable error
[   39.679412] ecc unrecoverable error
[   39.683837] ecc unrecoverable error
[   39.687622] ecc unrecoverable error
[   39.693664] ecc unrecoverable error
[   39.697418] ecc unrecoverable error
[   39.701293] ecc unrecoverable error
[   39.705047] ecc unrecoverable error
[   39.709533] ecc unrecoverable error
[   39.713287] ecc unrecoverable error
[   39.718811] ecc unrecoverable error
[   39.722564] ecc unrecoverable error
[   39.726318] ecc unrecoverable error
[   39.730163] ecc unrecoverable error
[   39.734588] ecc unrecoverable error
[   39.738403] ecc unrecoverable error
[   39.743621] ecc unrecoverable error
[   39.747375] ecc unrecoverable error
[   39.751251] ecc unrecoverable error
[   39.755004] ecc unrecoverable error
[   39.759368] ecc unrecoverable error
[   39.763153] ecc unrecoverable error
[   39.768493] ecc unrecoverable error
[   39.772247] ecc unrecoverable error
[   39.776000] ecc unrecoverable error
[   39.779846] ecc unrecoverable error
[   39.784210] ecc unrecoverable error
[   39.787994] ecc unrecoverable error
[   39.793121] ecc unrecoverable error
[   39.796905] ecc unrecoverable error
[   39.800781] ecc unrecoverable error
[   39.804534] ecc unrecoverable error
[   39.809020] ecc unrecoverable error
[   39.812774] ecc unrecoverable error
[   39.818054] ecc unrecoverable error
[   39.821929] ecc unrecoverable error
[   39.825683] ecc unrecoverable error
[   39.829498] ecc unrecoverable error
[   39.833923] ecc unrecoverable error
[   39.837677] ecc unrecoverable error
[   39.843017] ecc unrecoverable error
[   39.846771] ecc unrecoverable error
[   39.850616] ecc unrecoverable error
[   39.854400] ecc unrecoverable error
[   39.858886] ecc unrecoverable error
[   39.862640] ecc unrecoverable error
[   39.867828] ecc unrecoverable error
[   39.871673] ecc unrecoverable error
[   39.875457] ecc unrecoverable error
[   39.879272] ecc unrecoverable error
[   39.883605] ecc unrecoverable error
[   39.887359] ecc unrecoverable error
[   39.892608] ecc unrecoverable error
[   39.896392] ecc unrecoverable error
[   39.900238] ecc unrecoverable error
[   39.903991] ecc unrecoverable error
[   39.908477] ecc unrecoverable error
[   39.912231] ecc unrecoverable error
[   39.917327] ecc unrecoverable error
[   39.921173] ecc unrecoverable error
[   39.924926] ecc unrecoverable error
[   39.928741] ecc unrecoverable error
[   39.933135] ecc unrecoverable error
[   39.936920] ecc unrecoverable error
[   39.942169] ecc unrecoverable error
[   39.945953] ecc unrecoverable error
[   39.949768] ecc unrecoverable error
[   39.953521] ecc unrecoverable error
[   39.957916] ecc unrecoverable error
[   39.961761] ecc unrecoverable error
[   39.966949] ecc unrecoverable error
[   39.970794] ecc unrecoverable error
[   39.974548] ecc unrecoverable error
[   39.978393] ecc unrecoverable error
[   39.982757] ecc unrecoverable error
[   39.986541] ecc unrecoverable error
[   39.991912] ecc unrecoverable error
[   39.995666] ecc unrecoverable error
[   39.999481] ecc unrecoverable error
[   40.003265] ecc unrecoverable error
[   40.007598] ecc unrecoverable error
[   40.011444] ecc unrecoverable error
[   40.016723] ecc unrecoverable error
[   40.020568] ecc unrecoverable error
[   40.024322] ecc unrecoverable error
[   40.028076] ecc unrecoverable error
[   40.032562] ecc unrecoverable error
[   40.036346] ecc unrecoverable error
[   40.041625] ecc unrecoverable error
[   40.045379] ecc unrecoverable error
[   40.049224] ecc unrecoverable error
[   40.053009] ecc unrecoverable error
[   40.057403] ecc unrecoverable error
[   40.061248] ecc unrecoverable error
[   40.074829] ecc unrecoverable error
[   40.078857] ecc unrecoverable error
[   40.082611] ecc unrecoverable error
[   40.086364] ecc unrecoverable error
[   40.095428] ecc unrecoverable error
[   40.099395] ecc unrecoverable error
[   40.104431] ecc unrecoverable error
[   40.108459] ecc unrecoverable error
[   40.112213] ecc unrecoverable error
[   40.115997] ecc unrecoverable error
[   40.120605] ecc unrecoverable error
[   40.124389] ecc unrecoverable error
[   40.129302] ecc unrecoverable error
[   40.133087] ecc unrecoverable error
[   40.136840] ecc unrecoverable error
[   40.140716] ecc unrecoverable error
[   40.145141] ecc unrecoverable error
[   40.149017] ecc unrecoverable error
[   40.153442] ecc unrecoverable error
[   40.157226] ecc unrecoverable error
[   40.161041] ecc unrecoverable error
[   40.164794] ecc unrecoverable error
[   40.169250] ecc unrecoverable error
[   40.173004] ecc unrecoverable error
[   40.177368] ecc unrecoverable error
[   40.181213] ecc unrecoverable error
[   40.184967] ecc unrecoverable error
[   40.188781] ecc unrecoverable error
[   40.193145] ecc unrecoverable error
[   40.196899] ecc unrecoverable error
[   40.201293] ecc unrecoverable error
[   40.205047] ecc unrecoverable error
[   40.208862] ecc unrecoverable error
[   40.212646] ecc unrecoverable error
[   40.216979] ecc unrecoverable error
[   40.220825] ecc unrecoverable error
[   40.225158] ecc unrecoverable error
[   40.228973] ecc unrecoverable error
[   40.232727] ecc unrecoverable error
[   40.236480] ecc unrecoverable error
[   40.240875] ecc unrecoverable error
[   40.244659] ecc unrecoverable error
[   40.249023] ecc unrecoverable error
[   40.252777] ecc unrecoverable error
[   40.256530] ecc unrecoverable error
[   40.260375] ecc unrecoverable error
[   40.264648] ecc unrecoverable error
[   40.268493] ecc unrecoverable error
[   40.272796] ecc unrecoverable error
[   40.276550] ecc unrecoverable error
[   40.280364] ecc unrecoverable error
[   40.284118] ecc unrecoverable error
[   40.288574] ecc unrecoverable error
[   40.292358] ecc unrecoverable error
[   40.296691] ecc unrecoverable error
[   40.300537] ecc unrecoverable error
[   40.304260] ecc unrecoverable error
[   40.308044] ecc unrecoverable error
[   40.312408] ecc unrecoverable error
[   40.316162] ecc unrecoverable error
[   40.320556] ecc unrecoverable error
[   40.324310] ecc unrecoverable error
[   40.328063] ecc unrecoverable error
[   40.331909] ecc unrecoverable error
[   40.336242] ecc unrecoverable error
[   40.340057] ecc unrecoverable error
[   40.344390] ecc unrecoverable error
[   40.348144] ecc unrecoverable error
[   40.351959] ecc unrecoverable error
[   40.355743] ecc unrecoverable error
[   40.360107] ecc unrecoverable error
[   40.363861] ecc unrecoverable error
[   40.368194] ecc unrecoverable error
[   40.372070] ecc unrecoverable error
[   40.375823] ecc unrecoverable error
[   40.379638] ecc unrecoverable error
[   40.383941] ecc unrecoverable error
[   40.387695] ecc unrecoverable error
[   40.392059] ecc unrecoverable error
[   40.395812] ecc unrecoverable error
[   40.399627] ecc unrecoverable error
[   40.403381] ecc unrecoverable error
[   40.407745] ecc unrecoverable error
[   40.411590] ecc unrecoverable error
[   40.415924] ecc unrecoverable error
[   40.419769] ecc unrecoverable error
[   40.423522] ecc unrecoverable error
[   40.427276] ecc unrecoverable error
[   40.431671] ecc unrecoverable error
[   40.435424] ecc unrecoverable error
[   40.439819] ecc unrecoverable error
[   40.443572] ecc unrecoverable error
[   40.447326] ecc unrecoverable error
[   40.451141] ecc unrecoverable error
[   40.455474] ecc unrecoverable error
[   40.459320] ecc unrecoverable error
[   40.463653] ecc unrecoverable error
[   40.467407] ecc unrecoverable error
[   40.471221] ecc unrecoverable error
[   40.474975] ecc unrecoverable error
[   40.479370] ecc unrecoverable error
[   40.483123] ecc unrecoverable error
[   40.487457] ecc unrecoverable error
[   40.491271] ecc unrecoverable error
[   40.495025] ecc unrecoverable error
[   40.498840] ecc unrecoverable error
[   40.503112] ecc unrecoverable error
[   40.506896] ecc unrecoverable error
[   40.511230] ecc unrecoverable error
[   40.514984] ecc unrecoverable error
[   40.518829] ecc unrecoverable error
[   40.522583] ecc unrecoverable error
[   40.527008] ecc unrecoverable error
[   40.530822] ecc unrecoverable error
[   40.535186] ecc unrecoverable error
[   40.539001] ecc unrecoverable error
[   40.542755] ecc unrecoverable error
[   40.546539] ecc unrecoverable error
[   40.550933] ecc unrecoverable error
[   40.554687] ecc unrecoverable error
[   40.559082] ecc unrecoverable error
[   40.562835] ecc unrecoverable error
[   40.566589] ecc unrecoverable error
[   40.570434] ecc unrecoverable error
[   40.574768] ecc unrecoverable error
[   40.578613] ecc unrecoverable error
[   40.582916] ecc unrecoverable error
[   40.586700] ecc unrecoverable error
[   40.590515] ecc unrecoverable error
[   40.594268] ecc unrecoverable error
[   40.598724] ecc unrecoverable error
[   40.602478] ecc unrecoverable error
[   40.606811] ecc unrecoverable error
[   40.610626] ecc unrecoverable error
[   40.614379] ecc unrecoverable error
[   40.618133] ecc unrecoverable error
[   40.622467] ecc unrecoverable error
[   40.626251] ecc unrecoverable error
[   40.630584] ecc unrecoverable error
[   40.634338] ecc unrecoverable error
[   40.638092] ecc unrecoverable error
[   40.641906] ecc unrecoverable error
[   40.646270] ecc unrecoverable error
[   40.650115] ecc unrecoverable error
[   40.654449] ecc unrecoverable error
[   40.658203] ecc unrecoverable error
[   40.662048] ecc unrecoverable error
[   40.665832] ecc unrecoverable error
[   40.670196] ecc unrecoverable error
[   40.673950] ecc unrecoverable error
[   40.678405] ecc unrecoverable error
[   40.682159] ecc unrecoverable error
[   40.685882] ecc unrecoverable error
[   40.689727] ecc unrecoverable error
[   40.694091] ecc unrecoverable error
[   40.697845] ecc unrecoverable error
[   40.702239] ecc unrecoverable error
[   40.705993] ecc unrecoverable error
[   40.709808] ecc unrecoverable error
[   40.713592] ecc unrecoverable error
[   40.725585] ecc unrecoverable error
[   40.729553] ecc unrecoverable error
[   40.738830] ecc unrecoverable error
[   40.742614] ecc unrecoverable error
[   40.747283] ecc unrecoverable error
[   40.751220] ecc unrecoverable error
[   40.755737] ecc unrecoverable error
[   40.759643] ecc unrecoverable error
[   40.764312] ecc unrecoverable error
[   40.768096] ecc unrecoverable error
[   40.772613] ecc unrecoverable error
[   40.776397] ecc unrecoverable error
[   40.780853] ecc unrecoverable error
[   40.784606] ecc unrecoverable error
[   40.789001] ecc unrecoverable error
[   40.792755] ecc unrecoverable error
Starting Dropbear SSH server: dropbear.
Starting telnet daemon.
Starting network benchmark server: netserver.
Starting syslogd/klogd: done
Starting thttpd.
Starting Lighttpd Web Server: lighttpd.
2016-07-04 17:47:08: (log.c.166) server started 
Starting Matrix GUI application.
[   44.827575] random: crng init done
***************************************************************
***************************************************************
NOTICE: This file system contains the followin GPLv3 packages:
	binutils-dev
	binutils-symlinks
	binutils
	gdbserver
If you do not wish to distribute GPLv3 components please remove
the above packages prior to distribution.  This can be done using
the opkg remove command.  i.e.:
    opkg remove <package>
Where <package> is the name printed in the list above
NOTE: If the package is a dependency of another package you
      will be notified of the dependent packages.  You should
      use the --force-removal-of-dependent-packages option to
      also remove the dependent packages as well
***************************************************************
***************************************************************
 _____                    _____           _         _   
|  _  |___ ___ ___ ___   |  _  |___ ___  |_|___ ___| |_ 
|     |  _| .'| . | . |  |   __|  _| . | | | -_|  _|  _|
|__|__|_| |__,|_  |___|  |__|  |_| |___|_| |___|___|_|  
              |___|                    |___|            
Arago Project http://arago-project.org am37x-evm ttyO0
Arago 2011.09 am37x-evm ttyO0
am37x-evm login: 
- 13:16:40 [INFO] Host: root
- 13:16:40 [INFO] Target: 
root
root@am37x-evm:~# 
- 13:16:40 [INFO] Sleeping 15 secs to allow systemd to finish starting processes...
- 13:16:55 [INFO] Disconnected serial from am37x-evm
- 13:16:55 [INFO] Connected to am37x-evm via serial 
- 13:16:55 [INFO] Host: uname -a
- 13:16:55 [INFO] Target: 
uname -a
Linux am37x-evm 4.9.0-rc5-next-20161117-00002-g07920cb92097 #3 SMP Thu Nov 17 12:13:14 CST 2016 armv7l unknown
root@am37x-evm:~# 
- 13:16:55 [INFO] Host: cat /proc/cmdline
- 13:16:55 [INFO] Target: 
cat /proc/cmdline
console=ttyO0,115200n8 earlyprintk=serial,ttyO0,115200n8   ip=:::::eth0:dhcp  root=/dev/mmcblk0p2 rw rootfstype=ext3 rootwait 
root@am37x-evm:~# 
- 13:16:55 [INFO] Host: uname -a
- 13:16:56 [INFO] Target: 
uname -a
Linux am37x-evm 4.9.0-rc5-next-20161117-00002-g07920cb92097 #3 SMP Thu Nov 17 12:13:14 CST 2016 armv7l unknown
root@am37x-evm:~# 
- 13:16:56 [INFO] Host: cat /proc/mtd
- 13:16:56 [INFO] Target: 
cat /proc/mtd
dev:    size   erasesize  name
mtd0: 00080000 00020000 "X-Loader"
mtd1: 001c0000 00020000 "U-Boot"
mtd2: 00040000 00020000 "Environment"
mtd3: 00500000 00020000 "Kernel"
mtd4: 1f880000 00020000 "Filesystem"
root@am37x-evm:~# 
- 13:16:56 [INFO] Host: cat /proc/diskstats
- 13:16:56 [INFO] Target: 
cat /proc/diskstats
   1       0 ram0 0 0 0 0 0 0 0 0 0 0 0
   1       1 ram1 0 0 0 0 0 0 0 0 0 0 0
   1       2 ram2 0 0 0 0 0 0 0 0 0 0 0
   1       3 ram3 0 0 0 0 0 0 0 0 0 0 0
   1       4 ram4 0 0 0 0 0 0 0 0 0 0 0
   1       5 ram5 0 0 0 0 0 0 0 0 0 0 0
   1       6 ram6 0 0 0 0 0 0 0 0 0 0 0
   1       7 ram7 0 0 0 0 0 0 0 0 0 0 0
   1       8 ram8 0 0 0 0 0 0 0 0 0 0 0
   1       9 ram9 0 0 0 0 0 0 0 0 0 0 0
   1      10 ram10 0 0 0 0 0 0 0 0 0 0 0
   1      11 ram11 0 0 0 0 0 0 0 0 0 0 0
   1      12 ram12 0 0 0 0 0 0 0 0 0 0 0
   1      13 ram13 0 0 0 0 0 0 0 0 0 0 0
   1      14 ram14 0 0 0 0 0 0 0 0 0 0 0
   1      15 ram15 0 0 0 0 0 0 0 0 0 0 0
   7       0 loop0 0 0 0 0 0 0 0 0 0 0 0
   7       1 loop1 0 0 0 0 0 0 0 0 0 0 0
   7       2 loop2 0 0 0 0 0 0 0 0 0 0 0
   7       3 loop3 0 0 0 0 0 0 0 0 0 0 0
   7       4 loop4 0 0 0 0 0 0 0 0 0 0 0
   7       5 loop5 0 0 0 0 0 0 0 0 0 0 0
   7       6 loop6 0 0 0 0 0 0 0 0 0 0 0
   7       7 loop7 0 0 0 0 0 0 0 0 0 0 0
  31       0 mtdblock0 53 0 424 3100 0 0 0 0 0 3100 3100
  31       1 mtdblock1 110 0 880 4540 0 0 0 0 0 4540 4540
  31       2 mtdblock2 53 0 424 3110 0 0 0 0 0 3110 3110
  31       3 mtdblock3 117 0 936 4540 0 0 0 0 0 4540 4540
  31       4 mtdblock4 83 0 664 3840 0 0 0 0 0 3830 3830
 179       0 mmcblk0 2184 808 82401 10990 32 39 568 17670 0 11770 28620
 179       1 mmcblk0p1 304 1 3190 1170 0 0 0 0 0 1170 1170
 179       2 mmcblk0p2 1611 774 76293 8760 31 39 560 17600 0 11170 26330
 179       3 mmcblk0p3 259 33 2758 1030 1 0 8 70 0 1050 1090
root@am37x-evm:~# 
- 13:16:56 [INFO] Host: cat /proc/interrupts
- 13:16:56 [INFO] Target: 
cat /proc/interrupts
           CPU0       
 23:          0      INTC   7 Edge      TWL4030-PIH
 25:          0      INTC   9 Edge      l3-debug-irq
 26:          0      INTC  10 Edge      l3-app-irq
 28:          0      INTC  12 Edge      DMA
 29:       2220      INTC  13 Edge      omap-dma-engine
 36:          0      INTC  20 Edge      gpmc
 40:          0      INTC  24 Edge      480bd400.mmu
 45:          0      INTC  29 Edge      48310000.gpio
 46:          0      INTC  30 Edge      49050000.gpio
 47:          0      INTC  31 Edge      49052000.gpio
 48:          0      INTC  32 Edge      49054000.gpio
 49:          0      INTC  33 Edge      49056000.gpio
 50:          8      INTC  34 Edge      49058000.gpio
 53:       4336      INTC  37 Edge      gp_timer
 72:        981      INTC  56 Edge      48070000.i2c
 73:          0      INTC  57 Edge      48072000.i2c
 77:          0      INTC  61 Edge      48060000.i2c
 88:        626      INTC  72 Edge      OMAP UART0
 99:       6738      INTC  83 Edge      mmc0
102:        144      INTC  86 Edge      mmc1
288:          8  49058000.gpio  16 Level     eth0
306:        494      PRCM Edge      pm_wkup
315:         78      PRCM Edge      pinctrl, pinctrl, pinctrl, pm_io
338:          0   pinctrl 338 Edge      4806a000.serial
341:          0   twl4030   0 Edge      twl4030_gpio
346:          0   twl4030   5 Edge      twl4030_power
375:         26   pinctrl 282 Edge      4809c000.mmc
IPI0:          0  CPU wakeup interrupts
IPI1:          0  Timer broadcast interrupts
IPI2:          0  Rescheduling interrupts
IPI3:          0  Function call interrupts
IPI4:          0  CPU stop interrupts
IPI5:          0  IRQ work interrupts
IPI6:          0  completion interrupts
Err:          0
root@am37x-evm:~# 
- 13:16:56 [INFO] Host: cat /proc/softirqs
- 13:16:56 [INFO] Target: 
cat /proc/softirqs
                    CPU0       
          HI:          0
       TIMER:       3972
      NET_TX:          1
      NET_RX:          6
       BLOCK:          0
    IRQ_POLL:          0
     TASKLET:       2250
       SCHED:          0
     HRTIMER:          0
         RCU:       5894
root@am37x-evm:~# 
- 13:17:02 [INFO] Host: export IPERFHOST=192.168.0.1
- 13:17:02 [INFO] Target: 
export IPERFHOST=192.168.0.1
root@am37x-evm:~# 
- 13:17:02 [INFO] Host: export NFS_SERVER=192.168.0.1
- 13:17:02 [INFO] Target: 
export NFS_SERVER=192.168.0.1
root@am37x-evm:~# 
- 13:17:02 [INFO] Host: export NFS_ROOT_PATH=/home/tigtfarm06/NFS_exports/linux/am37x-evm
- 13:17:02 [INFO] Target: 
export NFS_ROOT_PATH=/home/tigtfarm06/NFS_exports/linux/am37x-
root@am37x-evm:~# 
- 13:17:02 [INFO] Host: export AP_SSID=
- 13:17:02 [INFO] Target: 
export AP_SSID=
root@am37x-evm:~# 
- 13:17:02 [INFO] Host: mkdir -p -m 777 /test
- 13:17:02 [INFO] Target: 
mkdir -p -m 777 /test
root@am37x-evm:~# 
- 13:17:02 [INFO] Host: cd /test
- 13:17:02 [INFO] Target: 
cd /test
root@am37x-evm:/test# 
- 13:17:02 [INFO] Host: cat > test.sh << EOF
- 13:17:02 [INFO] Target: 
cat > test.sh << EOF
- 13:17:02 [INFO] Host: failtest() {
- 13:17:02 [INFO] Target: 
failtest() {
- 13:17:02 [INFO] Host:   echo 1 >&3
- 13:17:02 [INFO] Target: 
  echo 1 >&3
- 13:17:02 [INFO] Host: }
- 13:17:03 [INFO] Target: 
- 13:17:03 [INFO] Host: timeout=600
- 13:17:03 [INFO] Target: 
timeout=600
- 13:17:03 [INFO] Host: 
- 13:17:03 [INFO] Target: 
- 13:17:03 [INFO] Host: # Start of user's script logic
- 13:17:03 [INFO] Target: 
# Start of user's script logic
- 13:17:03 [INFO] Host: mount -t proc proc /proc 2>/dev/null;
- 13:17:03 [INFO] Target: 
mount -t proc proc /proc 2>/dev/null;
- 13:17:03 [INFO] Host: 
- 13:17:03 [INFO] Target: 
- 13:17:03 [INFO] Host: mount -t sysfs sys /sys 2>/dev/null;
- 13:17:03 [INFO] Target: 
mount -t sysfs sys /sys 2>/dev/null;
- 13:17:03 [INFO] Host: 
- 13:17:03 [INFO] Target: 
- 13:17:03 [INFO] Host: mount -t debugfs none /sys/kernel/debug 2>/dev/null;
- 13:17:03 [INFO] Target: 
mount -t debugfs none /sys/kernel/debug 2>/dev/null;
- 13:17:03 [INFO] Host: 
- 13:17:03 [INFO] Target: 
- 13:17:03 [INFO] Host: echo 'cpuinfo:';cat /proc/cpuinfo; echo '=======';
- 13:17:04 [INFO] Target: 
echo 'cpuinfo:';cat /proc/cpuinfo; echo '=======';
- 13:17:04 [INFO] Host: 
- 13:17:04 [INFO] Target: 
- 13:17:04 [INFO] Host: echo 'soc info:';head /sys/devices/soc0/* 2>/dev/null; echo '=======';
- 13:17:04 [INFO] Target: 
echo 'soc info:';head /sys/devices/soc0/* 2>/dev/null; echo '=======';
- 13:17:04 [INFO] Host: 
- 13:17:04 [INFO] Target: 
- 13:17:04 [INFO] Host: echo 'DT Model info'; head /proc/device-tree/name /proc/device-tree/model /proc/device-tree/compatible 2>/dev/null;echo; echo '=======';
- 13:17:04 [INFO] Target: 
echo 'DT Model info'; head /proc/device-tree/name /proc/device-tree/model /pro
c/device-tree/compatible 2>/dev/null;echo; echo '=======';
- 13:17:04 [INFO] Host: 
- 13:17:04 [INFO] Target: 
- 13:17:04 [INFO] Host: echo 'interrupts:';cat /proc/interrupts; echo '=======';
- 13:17:04 [INFO] Target: 
echo 'interrupts:';cat /proc/interrupts; echo '=======';
- 13:17:04 [INFO] Host: 
- 13:17:04 [INFO] Target: 
- 13:17:04 [INFO] Host: echo 'Clk_summary:';cat /sys/kernel/debug/clk/clk_summary; echo '=======';
- 13:17:04 [INFO] Target: 
echo 'Clk_summary:';cat /sys/kernel/debug/clk/clk_summary; echo '=======';
- 13:17:04 [INFO] Host: 
- 13:17:04 [INFO] Target: 
- 13:17:04 [INFO] Host: echo "Available frequencies"; cat /sys/devices/system/cpu/cpu0/cpufreq/scaling_available_frequencies 2>/dev/null;echo '=======';
- 13:17:05 [INFO] Target: 
echo "Available frequencies"; cat /sys/devices/system/cpu/cpu0/cpufreq/scaling
_available_frequencies 2>/dev/null;echo '=======';
- 13:17:05 [INFO] Host: 
- 13:17:05 [INFO] Target: 
- 13:17:05 [INFO] Host: TMPF=/tmp/a.\$\$; TMPF2=/tmp/b.\$\$; STR=""
- 13:17:05 [INFO] Target: 
TMPF=/tmp/a.\$\$; TMPF2=/tmp/b.\$\$; STR=""
- 13:17:05 [INFO] Host: 
- 13:17:05 [INFO] Target: 
- 13:17:05 [INFO] Host: cp /dev/kmsg \$TMPF &
- 13:17:05 [INFO] Target: 
cp /dev/kmsg \$TMPF &
- 13:17:05 [INFO] Host: 
- 13:17:05 [INFO] Target: 
- 13:17:05 [INFO] Host: PID=\$! ; sleep 5; kill -9 \$PID
- 13:17:05 [INFO] Target: 
PID=\$! ; sleep 5; kill -9 \$PID
- 13:17:05 [INFO] Host: 
- 13:17:05 [INFO] Target: 
- 13:17:05 [INFO] Host: 
- 13:17:05 [INFO] Target: 
- 13:17:05 [INFO] Host: 
- 13:17:05 [INFO] Target: 
- 13:17:05 [INFO] Host: cat \$TMPF|grep "^0">\$TMPF2; N=\`cat \$TMPF2|wc -l\`; if [ "\$N" -ne 0 ]; then STR="\$STR emerg=\$N";echo "===== EMERGE++";cat \$TMPF2|cut -d ';' -f2;echo "====="; fi
- 13:17:06 [INFO] Target: 
cat \$TMPF|grep "^0">\$TMPF2; N=\`cat \$TMPF2|wc -l\`; if [ "\$N" -ne 0 ]; the
n STR="\$STR emerg=\$N";echo "===== EMERGE++";cat \$TMPF2|cut -d ';' -f2;echo "=
===="; fi
- 13:17:06 [INFO] Host: 
- 13:17:06 [INFO] Target: 
- 13:17:06 [INFO] Host: cat \$TMPF|grep "^1">\$TMPF2; N=\`cat \$TMPF2|wc -l\`; if [ "\$N" -ne 0 ]; then STR="\$STR alert=\$N";echo "===== ALERT ==";cat \$TMPF2|cut -d ';' -f2;echo "====="; fi
- 13:17:06 [INFO] Target: 
cat \$TMPF|grep "^1">\$TMPF2; N=\`cat \$TMPF2|wc -l\`; if [ "\$N" -ne 0 ]; the
n STR="\$STR alert=\$N";echo "===== ALERT ==";cat \$TMPF2|cut -d ';' -f2;echo "=
===="; fi
- 13:17:06 [INFO] Host: 
- 13:17:06 [INFO] Target: 
- 13:17:06 [INFO] Host: cat \$TMPF|grep "^2">\$TMPF2; N=\`cat \$TMPF2|wc -l\`; if [ "\$N" -ne 0 ]; then STR="\$STR crit=\$N";echo "===== CRIT ==";cat \$TMPF2|cut -d ';' -f2;echo "====="; fi
- 13:17:06 [INFO] Target: 
cat \$TMPF|grep "^2">\$TMPF2; N=\`cat \$TMPF2|wc -l\`; if [ "\$N" -ne 0 ]; the
n STR="\$STR crit=\$N";echo "===== CRIT ==";cat \$TMPF2|cut -d ';' -f2;echo "===
=="; fi
- 13:17:06 [INFO] Host: 
- 13:17:06 [INFO] Target: 
- 13:17:06 [INFO] Host: cat \$TMPF|grep "^3">\$TMPF2; N=\`cat \$TMPF2|wc -l\`; if [ "\$N" -ne 0 ]; then STR="\$STR err=\$N";echo "===== ERR ==";cat \$TMPF2|cut -d ';' -f2;echo "=====" ;fi
- 13:17:06 [INFO] Target: 
cat \$TMPF|grep "^3">\$TMPF2; N=\`cat \$TMPF2|wc -l\`; if [ "\$N" -ne 0 ]; the
n STR="\$STR err=\$N";echo "===== ERR ==";cat \$TMPF2|cut -d ';' -f2;echo "=====
" ;fi
- 13:17:06 [INFO] Host: 
- 13:17:06 [INFO] Target: 
- 13:17:06 [INFO] Host: cat \$TMPF|grep "^4">\$TMPF2; N=\`cat \$TMPF2|wc -l\`; if [ "\$N" -ne 0 ]; then STR="\$STR warn=\$N";echo "===== WARN ==";cat \$TMPF2|cut -d ';' -f2;echo "=====" ;fi
- 13:17:06 [INFO] Target: 
cat \$TMPF|grep "^4">\$TMPF2; N=\`cat \$TMPF2|wc -l\`; if [ "\$N" -ne 0 ]; the
n STR="\$STR warn=\$N";echo "===== WARN ==";cat \$TMPF2|cut -d ';' -f2;echo "===
==" ;fi
- 13:17:06 [INFO] Host: 
- 13:17:06 [INFO] Target: 
- 13:17:06 [INFO] Host: rm \$TMPF \$TMPF2; echo "SUM""MARY RESULT: BOOT:" 'PASS: H''ello World' 'B''oard' "Booted" "Boot Log has::::\$STR:"
- 13:17:07 [INFO] Target: 
rm \$TMPF \$TMPF2; echo "SUM""MARY RESULT: BOOT:" 'PASS: H''ello World' 'B''oa
rd' "Booted" "Boot Log has::::\$STR:"
- 13:17:07 [INFO] Host: 
- 13:17:07 [INFO] Target: 
- 13:17:07 [INFO] Host: EOF
- 13:17:07 [INFO] Target: 
root@am37x-evm:/test# 
- 13:17:07 [INFO] Host: cd /test
- 13:17:07 [INFO] Target: 
cd /test
root@am37x-evm:/test# 
- 13:17:07 [INFO] Host: chmod +x test.sh
- 13:17:07 [INFO] Target: 
chmod +x test.sh
root@am37x-evm:/test# 
- 13:17:07 [INFO] Host: ./test.sh 2> stderr.log > stdout.log 3> result.log
- 13:17:13 [INFO] Target: 
./test.sh 2> stderr.log > stdout.log 3> result.log
root@am37x-evm:
- 13:17:13 [INFO] Host: echo $?
- 13:17:13 [INFO] Target: 
/test# echo $?
root@am37x-evm:/test# 
- 13:17:13 [INFO] Host: cd /test
- 13:17:13 [INFO] Target: 
cd /test
root@am37x-evm:/test# 
- 13:17:13 [INFO] Host: cat stdout.log
- 13:17:18 [INFO] Target: 
cat stdout.log
cpuinfo:
processor	: 0
model name	: ARMv7 Processor rev 2 (v7l)
BogoMIPS	: 594.73
Features	: half thumb fastmult vfp edsp thumbee neon vfpv3 tls vfpd32 
CPU implementer	: 0x41
CPU architecture: 7
CPU variant	: 0x3
CPU part	: 0xc08
CPU revision	: 2
Hardware	: Generic OMAP36xx (Flattened Device Tree)
Revision	: 0000
Serial		: 0000000000000000
=======
soc info:
==> /sys/devices/soc0/deferred_probe <==
==> /sys/devices/soc0/family <==
OMAP3
==> /sys/devices/soc0/machine <==
OMAP3630
==> /sys/devices/soc0/power <==
==> /sys/devices/soc0/revision <==
ES1.2
==> /sys/devices/soc0/subsystem <==
==> /sys/devices/soc0/type <==
==> /sys/devices/soc0/uevent <==
=======
DT Model info
==> /proc/device-tree/name <==
==> /proc/device-tree/model <==
TI OMAP37XX EVM (TMDSEVM3730)
==> /proc/device-tree/compatible <==
ti,omap3-evm-37xxti,omap3630ti,omap3
=======
interrupts:
           CPU0       
 23:          0      INTC   7 Edge      TWL4030-PIH
 25:          0      INTC   9 Edge      l3-debug-irq
 26:          0      INTC  10 Edge      l3-app-irq
 28:          0      INTC  12 Edge      DMA
 29:       2227      INTC  13 Edge      omap-dma-engine
 36:          0      INTC  20 Edge      gpmc
 40:          0      INTC  24 Edge      480bd400.mmu
 45:          0      INTC  29 Edge      48310000.gpio
 46:          0      INTC  30 Edge      49050000.gpio
 47:          0      INTC  31 Edge      49052000.gpio
 48:          0      INTC  32 Edge      49054000.gpio
 49:          0      INTC  33 Edge      49056000.gpio
 50:          8      INTC  34 Edge      49058000.gpio
 53:       4635      INTC  37 Edge      gp_timer
 72:        981      INTC  56 Edge      48070000.i2c
 73:          0      INTC  57 Edge      48072000.i2c
 77:          0      INTC  61 Edge      48060000.i2c
 88:       7506      INTC  72 Edge      OMAP UART0
 99:       6771      INTC  83 Edge      mmc0
102:        144      INTC  86 Edge      mmc1
288:          8  49058000.gpio  16 Level     eth0
306:        898      PRCM Edge      pm_wkup
315:         84      PRCM Edge      pinctrl, pinctrl, pinctrl, pm_io
338:          0   pinctrl 338 Edge      4806a000.serial
341:          0   twl4030   0 Edge      twl4030_gpio
346:          0   twl4030   5 Edge      twl4030_power
375:         28   pinctrl 282 Edge      4809c000.mmc
IPI0:          0  CPU wakeup interrupts
IPI1:          0  Timer broadcast interrupts
IPI2:          0  Rescheduling interrupts
IPI3:          0  Function call interrupts
IPI4:          0  CPU stop interrupts
IPI5:          0  IRQ work interrupts
IPI6:          0  completion interrupts
Err:          0
=======
Clk_summary:
   clock                         enable_cnt  prepare_cnt        rate   accuracy   phase
----------------------------------------------------------------------------------------
 secure_32k_fck                           0            1       32768          0 0  
    wdt1_fck                              0            0       32768          0 0  
    gpt12_fck                             0            1       32768          0 0  
 dummy_ck                                 0            0           0          0 0  
 mcbsp_clks                               0            5           0          0 0  
 sys_altclk                               0            0           0          0 0  
 virt_38_4m_ck                            0            0    38400000          0 0  
 virt_26000000_ck                         1            1    26000000          0 0  
    osc_sys_ck                            1            1    26000000          0 0  
       sys_clkout1                        0            0    26000000          0 0  
       sys_ck                             3           18    13000000          0 0  
          gpt9_fck                        0            1    13000000          0 0  
          gpt8_fck                        0            1    13000000          0 0  
          gpt7_fck                        0            1    13000000          0 0  
          gpt6_fck                        0            1    13000000          0 0  
          gpt5_fck                        0            1    13000000          0 0  
          gpt4_fck                        0            1    13000000          0 0  
          gpt3_fck                        0            1    13000000          0 0  
          gpt2_fck                        0            1    13000000          0 0  
          cpefuse_fck                     0            0    13000000          0 0  
          dpll5_ck                        0            1   120000000          0 0  
             dpll5_m2_ck                  0            1   120000000          0 0  
                dpll5_m2_d20_ck           0            0     6000000          0 0  
                dpll5_m2_d16_ck           0            0     7500000          0 0  
                dpll5_m2_d8_ck            0            0    15000000          0 0  
                dpll5_m2_d4_ck            0            0    30000000          0 0  
                usbhost_120m_fck           0            0   120000000          0 0  
                usbtll_fck                0            1   120000000          0 0  
          sys_d2_ck                       0            0     6500000          0 0  
             usim_fck                     0            0     6500000          0 0  
          modem_fck                       0            0    13000000          0 0  
          dpll2_ck                        0            1   260000000          0 0  
             dpll2_m2_ck                  0            1   260000000          0 0  
                iva2_ck                   0            2   260000000          0 0  
          sr2_fck                         0            1    13000000          0 0  
          sr1_fck                         0            1    13000000          0 0  
          traceclk_src_fck                0            0    13000000          0 0  
             traceclk_fck                 0            0    13000000          0 0  
          emu_src_mux_ck                  0            1    13000000          0 0  
             emu_src_ck                   0            1    13000000          0 0  
                atclk_fck                 0            0    13000000          0 0  
                pclkx2_fck                0            0    13000000          0 0  
                pclk_fck                  0            0     6500000          0 0  
          dss2_alwon_fck                  0            2    13000000          0 0  
          dpll1_ck                        0            1   600000000          0 0  
             dpll1_x2_ck                  0            1  1200000000          0 0  
                dpll1_x2m2_ck             0            1  1200000000          0 0  
                   mpu_ck                 0            1  1200000000          0 0  
                      emu_mpu_alwon_ck           0            0  1200000000          0 0  
                      arm_fck             0            1   600000000          0 0  
          dpll3_ck                        1            1   400000000          0 0  
             dpll3_x2_ck                  0            0   800000000          0 0  
             dpll3_m2_ck                  1            2   400000000          0 0  
                dpll3_m2x2_ck             0            1   800000000          0 0  
                   corex2_fck             0            1   800000000          0 0  
                      ssi_ssr_fck_3430es2           0            1   266666667          0 0  
                         ssi_sst_fck_3430es2           0            0   133333333          0 0  
                      corex2_d5_fck           0            0   160000000          0 0  
                      corex2_d3_fck           0            0   266666666          0 0  
                core_ck                   1            1   400000000          0 0  
                   core_d2_ck             0            0   200000000          0 0  
                      sgx_fck             0            0   200000000          0 0  
                   core_d6_ck             0            0    66666666          0 0  
                   core_d4_ck             0            0   100000000          0 0  
                   core_d3_ck             0            0   133333333          0 0  
                   dpll2_fck              0            0   400000000          0 0  
                   l3_ick                 2            3   200000000          0 0  
                      sgx_ick             0            0   200000000          0 0  
                      mad2d_ick           0            0   200000000          0 0  
                      sad2d_ick           0            1   200000000          0 0  
                      security_l3_ick           0            0   200000000          0 0  
                         pka_ick           0            0   200000000          0 0  
                      core_l3_ick           8           10   200000000          0 0  
                         hsotgusb_ick_3430es2           0            1   200000000          0 0  
                         gpmc_fck           2            2   200000000          0 0  
                         sdrc_ick           1            1   200000000          0 0  
                      l4_ick              7            8   100000000          0 0  
                         usbhost_ick           1            1   100000000          0 0  
                         dss_ick_3430es2           4            6   100000000          0 0  
                         sr_l4_ick           2            2   100000000          0 0  
                         ssi_l4_ick           1            1   100000000          0 0  
                            ssi_ick_3430es2           1            1   100000000          0 0  
                         cam_ick           0            1   100000000          0 0  
                         security_l4_ick2           0            0   100000000          0 0  
                            des1_ick           0            0   100000000          0 0  
                            sha11_ick           0            0   100000000          0 0  
                            rng_ick           0            0   100000000          0 0  
                            aes1_ick           0            0   100000000          0 0  
                         per_l4_ick          15           18   100000000          0 0  
                            mcbsp4_ick           1            1   100000000          0 0  
                            mcbsp3_ick           2            3   100000000          0 0  
                            mcbsp2_ick           2            3   100000000          0 0  
                            gpt2_ick           1            1   100000000          0 0  
                            gpt3_ick           1            1   100000000          0 0  
                            gpt4_ick           1            1   100000000          0 0  
                            gpt5_ick           1            1   100000000          0 0  
                            gpt6_ick           1            1   100000000          0 0  
                            gpt7_ick           1            1   100000000          0 0  
                            gpt8_ick           1            1   100000000          0 0  
                            gpt9_ick           1            1   100000000          0 0  
                            uart4_ick           1            1   100000000          0 0  
                            uart3_ick           1            1   100000000          0 0  
                            wdt3_ick           0            0   100000000          0 0  
                            gpio2_ick           0            1   100000000          0 0  
                            gpio3_ick           0            1   100000000          0 0  
                            gpio4_ick           0            1   100000000          0 0  
                            gpio5_ick           1            1   100000000          0 0  
                            gpio6_ick           1            1   100000000          0 0  
                         core_l4_ick          21           23   100000000          0 0  
                            mmchs3_ick           1            1   100000000          0 0  
                            usbtll_ick           1            1   100000000          0 0  
                            mailboxes_ick           0            1   100000000          0 0  
                            mspro_ick           0            0   100000000          0 0  
                            des2_ick           0            0   100000000          0 0  
                            icr_ick           0            0   100000000          0 0  
                            sha12_ick           1            2   100000000          0 0  
                            aes2_ick           1            2   100000000          0 0  
                            omapctrl_ick           1            1   100000000          0 0  
                            mcbsp1_ick           1            1   100000000          0 0  
                            mcbsp5_ick           1            1   100000000          0 0  
                            gpt10_ick           1            1   100000000          0 0  
                            gpt11_ick           1            1   100000000          0 0  
                            uart1_ick           1            1   100000000          0 0  
                            uart2_ick           1            1   100000000          0 0  
                            i2c1_ick           1            1   100000000          0 0  
                            i2c2_ick           1            1   100000000          0 0  
                            i2c3_ick           1            1   100000000          0 0  
                            mcspi1_ick           1            1   100000000          0 0  
                            mcspi2_ick           1            1   100000000          0 0  
                            mcspi3_ick           1            1   100000000          0 0  
                            mcspi4_ick           1            1   100000000          0 0  
                            hdq_ick           0            1   100000000          0 0  
                            mmchs1_ick           1            1   100000000          0 0  
                            mmchs2_ick           1            1   100000000          0 0  
                         rm_ick           0            0    50000000          0 0  
                   dpll1_fck              0            0   200000000          0 0  
             dpll3_m3_ck                  0            0   200000000          0 0  
                dpll3_m3x2_mul_ck           0            0   400000000          0 0  
                   dpll3_m3x2_ck           0            0   400000000          0 0  
                      emu_core_alwon_ck           0            0   400000000          0 0  
          dpll4_ck                        1            3   864000000          0 0  
             dpll4_x2_ck                  0            0  1728000000          0 0  
             dpll4_m6_ck                  0            0   288000000          0 0  
                dpll4_m6x2_mul_ck           0            0   288000000          0 0  
                   dpll4_m6x2_ck           0            0   288000000          0 0  
                      emu_per_alwon_ck           0            0   288000000          0 0  
             dpll4_m5_ck                  0            0   216000000          0 0  
                dpll4_m5x2_mul_ck           0            0   216000000          0 0  
                   dpll4_m5x2_ck           0            0   216000000          0 0  
                      cam_mclk            0            0   216000000          0 0  
             dpll4_m4_ck                  0            1    96000000          0 0  
                dpll4_m4x2_mul_ck           0            1    96000000          0 0  
                   dpll4_m4x2_ck           0            1    96000000          0 0  
                      dss1_alwon_fck_3430es2           0            4    96000000          0 0  
             dpll4_m3_ck                  0            1    54000000          0 0  
