- 12:47:59 [INFO] Starting target session
- 12:48:00 [INFO] Connected to am37x-evm via serial 
- 12:48:00 [INFO] Host: #check prompt
- 12:48:03 [ERROR] On command: #check prompt waiting for #check prompt.+?(?-mix:((?-mix:login:)|[Pp]assword)) >>> error: execution expired
- 12:48:03 [INFO] Target: 
check prompt
Password: 
- 12:48:03 [INFO] Host: #check prompt
- 12:48:05 [ERROR] On command: #check prompt waiting for #check prompt.+?(?-mix:root@.+[@:#]+) >>> error: execution expired
- 12:48:05 [INFO] Target: 
- 12:48:05 [INFO] Host: #check prompt
- 12:48:07 [ERROR] On command: #check prompt waiting for #check prompt.+?(?-mix:root@.+[@:#]+) >>> error: execution expired
- 12:48:07 [INFO] Target: 
check prompt
Login incorrect
login: 
- 12:48:07 [INFO] Host: #check prompt
- 12:48:09 [ERROR] On command: #check prompt waiting for #check prompt.+?(?-mix:root@.+[@:#]+) >>> error: execution expired
- 12:48:09 [INFO] Target: 
check prompt
Password: 
- 12:48:09 [INFO] Disconnected serial from am37x-evm
- 12:48:10 [INFO] Connected to am37x-evm via serial 
- 12:48:10 [INFO] Host: 
- 12:48:12 [INFO] Target: 
U-Boot SPL 2015.07-00043-gaada495 (Nov 09 2015 - 12:23:36)
reading u-boot.img
reading u-boot.img
U-Boot 2015.07-00043-gaada495 (Nov 09 2015 - 12:23:36 -0500)
OMAP3630/3730-GP ES1.2, CPU-OPP2, L3-200MHz, Max CPU Clock 1 Ghz
OMAP3 EVM board + LPDDR/NAND
I2C:   ready
DRAM:  256 MiB
NAND:  512 MiB
MMC:   OMAP SD/MMC: 0
Error: Bad compare! failed
NAND read from offset 260000 failed -74
*** Warning - readenv() failed, using default environment
In:    serial
Out:   serial
Err:   serial
Read back SMSC id 0x92200000
Die ID #16d400029ff80000015f02690c019016
Net:   smc911x-0
Warning: Your board does not use generic board. Please read
doc/README.generic-board and take action. Boards not
upgraded by the late 2014 may break or be removed.
Hit any key to stop autoboot:  3  0 
OMAP3_EVM # 
OMAP3_EVM #  
OMAP3_EVM #  
OMAP3_EVM #  
OMAP3_EVM #  
OMAP3_EVM # 
- 12:48:12 [INFO] Host: 
- 12:48:12 [INFO] Target: 
OMAP3_EVM # 
- 12:48:12 [INFO] Host: version
- 12:48:12 [INFO] Target: 
OMAP3_EVM # version
U-Boot 2015.07-00043-gaada495 (Nov 09 2015 - 12:23:36 -0500)
arm-linux-gnueabihf-gcc (crosstool-NG linaro-1.13.1-4.7-2013.03-20130313 - Linaro GCC 2013.03) 4.7.3 20130226 (prerelease)
GNU ld (crosstool-NG linaro-1.13.1-4.7-2013.03-20130313 - Linaro GCC 2013.03) 2.23.1
OMAP3_EVM # 
- 12:48:12 [INFO] Host: setenv bootargs 'console=ttyO0,115200n8 earlyprintk=serial,ttyO0,115200n8  '
- 12:48:12 [INFO] Target: 
setenv bootargs 'console=ttyO0,115200n8 earlyprintk=serial,ttyO0,115200n8  '
OMAP3_EVM # 
- 12:48:12 [INFO] Host: setenv bootcmd  ''
- 12:48:12 [INFO] Target: 
setenv bootcmd  ''
OMAP3_EVM # 
- 12:48:12 [INFO] Host: setenv autoload 'no'
- 12:48:12 [INFO] Target: 
setenv autoload 'no'
OMAP3_EVM # 
- 12:48:12 [INFO] Host: setenv serverip '192.168.0.1'
- 12:48:12 [INFO] Target: 
setenv serverip '192.168.0.1'
OMAP3_EVM # 
- 12:48:12 [INFO] Host: setenv _initramfs -
- 12:48:12 [INFO] Target: 
setenv _initramfs -
OMAP3_EVM # 
- 12:48:12 [INFO] Host: printenv
- 12:48:12 [INFO] Target: 
printenv
_initramfs=-
autoload=no
baudrate=115200
bootargs=console=ttyO0,115200n8 earlyprintk=serial,ttyO0,115200n8  
bootcmd=
bootdelay=3
bootfile=uImage
bootscript=echo Running bootscript from mmc ...; source ${loadaddr}
console=ttyO0,115200n8
dieid#=16d400029ff80000015f02690c019016
ethact=smc911x-0
ethaddr=00:50:c2:7e:93:ba
loadaddr=0x82000000
loadbootscript=fatload mmc ${mmcdev} ${loadaddr} boot.scr
loaduimage=fatload mmc ${mmcdev} ${loadaddr} uImage
mmcargs=setenv bootargs console=${console} root=/dev/mmcblk0p2 rw rootfstype=ext3 rootwait
mmcboot=echo Booting from mmc ...; run mmcargs; bootm ${loadaddr}
mmcdev=0
nandargs=setenv bootargs console=${console} root=/dev/mtdblock4 rw rootfstype=jffs2
nandboot=echo Booting from nand ...; run nandargs; onenand read ${loadaddr} 280000 400000; bootm ${loadaddr}
serverip=192.168.0.1
stderr=serial
stdin=serial
stdout=serial
usbtty=cdc_acm
Environment size: 937/131068 bytes
OMAP3_EVM # 
- 12:48:12 [INFO] Host: printenv
- 12:48:12 [INFO] Target: 
printenv
_initramfs=-
autoload=no
baudrate=115200
bootargs=console=ttyO0,115200n8 earlyprintk=serial,ttyO0,115200n8  
bootcmd=
bootdelay=3
bootfile=uImage
bootscript=echo Running bootscript from mmc ...; source ${loadaddr}
console=ttyO0,115200n8
dieid#=16d400029ff80000015f02690c019016
ethact=smc911x-0
ethaddr=00:50:c2:7e:93:ba
loadaddr=0x82000000
loadbootscript=fatload mmc ${mmcdev} ${loadaddr} boot.scr
loaduimage=fatload mmc ${mmcdev} ${loadaddr} uImage
mmcargs=setenv bootargs console=${console} root=/dev/mmcblk0p2 rw rootfstype=ext3 rootwait
mmcboot=echo Booting from mmc ...; run mmcargs; bootm ${loadaddr}
mmcdev=0
nandargs=setenv bootargs console=${console} root=/dev/mtdblock4 rw rootfstype=jffs2
nandboot=echo Booting from nand ...; run nandargs; onenand read ${loadaddr} 280000 400000; bootm ${loadaddr}
serverip=192.168.0.1
stderr=serial
stdin=serial
stdout=serial
usbtty=cdc_acm
Environment size: 937/131068 bytes
OMAP3_EVM # 
- 12:48:12 [INFO] Host: setenv bootargs ''${bootargs}' ip=:::::eth0:dhcp '
- 12:48:13 [INFO] Target: 
setenv bootargs ''${bootargs}' ip=:::::eth0:dhcp '
OMAP3_EVM # 
- 12:48:13 [INFO] Host: setenv serverip '192.168.0.1'
- 12:48:13 [INFO] Target: 
setenv serverip '192.168.0.1'
OMAP3_EVM # 
- 12:48:13 [INFO] Host: setenv autoload 'no'
- 12:48:13 [INFO] Target: 
setenv autoload 'no'
OMAP3_EVM # 
- 12:48:13 [INFO] Host: dhcp
- 12:48:15 [INFO] Target: 
dhcp
smc911x: MAC 00:50:c2:7e:93:ba
smc911x: detected LAN9220 controller
smc911x: phy initialized
smc911x: MAC 00:50:c2:7e:93:ba
BOOTP broadcast 1
BOOTP broadcast 2
BOOTP broadcast 3
DHCP client bound to address 192.168.0.110 (1066 ms)
smc911x: MAC 00:50:c2:7e:93:ba
OMAP3_EVM # 
- 12:48:15 [INFO] Host: tftp ${loadaddr} 192.168.0.1:vatf_am37x-evm/ed1e865f952f7ba978513447571cf069
- 12:48:18 [INFO] Target: 
tftp ${loadaddr} 192.168.0.1:vatf_am37x-evm/ed1e865f952f7ba978513447571cf069
smc911x: MAC 00:50:c2:7e:93:ba
smc911x: detected LAN9220 controller
smc911x: phy initialized
smc911x: MAC 00:50:c2:7e:93:ba
Using smc911x-0 device
TFTP from server 192.168.0.1; our IP address is 192.168.0.110
Filename 'vatf_am37x-evm/ed1e865f952f7ba978513447571cf069'.
Load address: 0x82000000
Loading: *#################################################################
	 #################################################################
	 #################################################################
	 #################################################################
	 ######
	 3.3 MiB/s
done
Bytes transferred = 3898080 (3b7ae0 hex)
smc911x: MAC 00:50:c2:7e:93:ba
OMAP3_EVM # 
- 12:48:18 [INFO] Host: ls mmc 0:1
- 12:48:18 [INFO] Target: 
ls mmc 0:1
ls - list files in a directory (default /)
Usage:
ls [ directory ]
OMAP3_EVM # 
- 12:48:18 [INFO] Host: ls mmc 0:2
- 12:48:18 [INFO] Target: 
ls mmc 0:2
ls - list files in a directory (default /)
Usage:
ls [ directory ]
OMAP3_EVM # 
- 12:48:18 [INFO] Host: ls mmc 0:3
- 12:48:19 [INFO] Target: 
ls mmc 0:3
ls - list files in a directory (default /)
Usage:
ls [ directory ]
OMAP3_EVM # 
- 12:48:19 [INFO] Host: ls mmc 0:4
- 12:48:19 [INFO] Target: 
ls mmc 0:4
ls - list files in a directory (default /)
Usage:
ls [ directory ]
OMAP3_EVM # 
- 12:48:19 [INFO] Host: ls mmc 0:5
- 12:48:19 [INFO] Target: 
ls mmc 0:5
ls - list files in a directory (default /)
Usage:
ls [ directory ]
OMAP3_EVM # 
- 12:48:19 [INFO] Host: part uuid mmc 0:
- 12:48:19 [INFO] Target: 
part uuid mmc 0:
Unknown command 'part' - try 'help'
OMAP3_EVM # 
- 12:48:19 [INFO] Host: printenv
- 12:48:19 [INFO] Target: 
printenv
_initramfs=-
autoload=no
baudrate=115200
bootargs=console=ttyO0,115200n8 earlyprintk=serial,ttyO0,115200n8   ip=:::::eth0:dhcp 
bootcmd=
bootdelay=3
bootfile=uImage
bootscript=echo Running bootscript from mmc ...; source ${loadaddr}
console=ttyO0,115200n8
dieid#=16d400029ff80000015f02690c019016
ethact=smc911x-0
ethaddr=00:50:c2:7e:93:ba
fileaddr=82000000
filesize=3b7ae0
gatewayip=192.168.0.1
ipaddr=192.168.0.110
loadaddr=0x82000000
loadbootscript=fatload mmc ${mmcdev} ${loadaddr} boot.scr
loaduimage=fatload mmc ${mmcdev} ${loadaddr} uImage
mmcargs=setenv bootargs console=${console} root=/dev/mmcblk0p2 rw rootfstype=ext3 rootwait
mmcboot=echo Booting from mmc ...; run mmcargs; bootm ${loadaddr}
mmcdev=0
nandargs=setenv bootargs console=${console} root=/dev/mtdblock4 rw rootfstype=jffs2
nandboot=echo Booting from nand ...; run nandargs; onenand read ${loadaddr} 280000 400000; bootm ${loadaddr}
netmask=255.255.255.0
serverip=192.168.0.1
stderr=serial
stdin=serial
stdout=serial
usbtty=cdc_acm
Environment size: 1065/131068 bytes
OMAP3_EVM # 
- 12:48:19 [INFO] Host: setenv bootargs ''${bootargs}' root=/dev/mmcblk0p2 rw rootfstype=ext3 rootwait '
- 12:48:19 [INFO] Target: 
setenv bootargs ''${bootargs}' root=/dev/mmcblk0p2 rw rootfstype=ext3 rootwait '
OMAP3_EVM # 
- 12:48:19 [INFO] Host: printenv
- 12:48:19 [INFO] Target: 
printenv
_initramfs=-
autoload=no
baudrate=115200
bootargs=console=ttyO0,115200n8 earlyprintk=serial,ttyO0,115200n8   ip=:::::eth0:dhcp  root=/dev/mmcblk0p2 rw rootfstype=ext3 rootwait 
bootcmd=
bootdelay=3
bootfile=uImage
bootscript=echo Running bootscript from mmc ...; source ${loadaddr}
console=ttyO0,115200n8
dieid#=16d400029ff80000015f02690c019016
ethact=smc911x-0
ethaddr=00:50:c2:7e:93:ba
fileaddr=82000000
filesize=3b7ae0
gatewayip=192.168.0.1
ipaddr=192.168.0.110
loadaddr=0x82000000
loadbootscript=fatload mmc ${mmcdev} ${loadaddr} boot.scr
loaduimage=fatload mmc ${mmcdev} ${loadaddr} uImage
mmcargs=setenv bootargs console=${console} root=/dev/mmcblk0p2 rw rootfstype=ext3 rootwait
mmcboot=echo Booting from mmc ...; run mmcargs; bootm ${loadaddr}
mmcdev=0
nandargs=setenv bootargs console=${console} root=/dev/mtdblock4 rw rootfstype=jffs2
nandboot=echo Booting from nand ...; run nandargs; onenand read ${loadaddr} 280000 400000; bootm ${loadaddr}
netmask=255.255.255.0
serverip=192.168.0.1
stderr=serial
stdin=serial
stdout=serial
usbtty=cdc_acm
Environment size: 1114/131068 bytes
OMAP3_EVM #
- 12:48:19 [INFO] Host: setenv bootcmd ''${bootcmd}' if iminfo ${loadaddr}; then bootm ${loadaddr} ${_initramfs} ; else bootz ${loadaddr} ${_initramfs} ; bootm ${loadaddr} ${_initramfs} ; fi'
- 12:48:19 [INFO] Target: 
 setenv bootcmd ''${bootcmd}' if iminfo ${loadaddr}; then bootm ${loadaddr} ${_initramfs} ; else bootz ${loadaddr} ${_initramfs} ; bootm ${loadaddr} ${_initramfs} ; fi'
OMAP3_EVM # 
- 12:48:19 [INFO] Host: version
- 12:48:19 [INFO] Target: 
version
U-Boot 2015.07-00043-gaada495 (Nov 09 2015 - 12:23:36 -0500)
arm-linux-gnueabihf-gcc (crosstool-NG linaro-1.13.1-4.7-2013.03-20130313 - Linaro GCC 2013.03) 4.7.3 20130226 (prerelease)
GNU ld (crosstool-NG linaro-1.13.1-4.7-2013.03-20130313 - Linaro GCC 2013.03) 2.23.1
OMAP3_EVM # 
- 12:48:19 [INFO] Host: bdinfo
- 12:48:19 [INFO] Target: 
bdinfo
arch_number = 0x000005FF
boot_params = 0x80000100
DRAM bank   = 0x00000000
-> start    = 0x80000000
-> size     = 0x10000000
DRAM bank   = 0x00000001
-> start    = 0x90000000
-> size     = 0x00000000
eth0name    = smc911x-0
ethaddr     = 00:50:c2:7e:93:ba
current eth = smc911x-0
ip_addr     = 192.168.0.110
baudrate    = 115200 bps
TLB addr    = 0x8FFF0000
relocaddr   = 0x8FF61000
reloc off   = 0x0FE61000
irq_sp      = 0x8FF00F24
sp start    = 0x8FF00F18
OMAP3_EVM # 
- 12:48:19 [INFO] Host: mmc rescan; echo $?
- 12:48:20 [INFO] Target: 
mmc rescan; echo $?
OMAP3_EVM # 
- 12:48:20 [INFO] Host: fatwrite mmc ${mmcdev}:1 ${loadaddr} ws-calibrate.rules 4
- 12:48:20 [INFO] Target: 
fatwrite mmc ${mmcdev}:1 ${loadaddr} ws-calibrate.rules 4
Unknown command 'fatwrite' - try 'help'
OMAP3_EVM # 
- 12:48:20 [INFO] Host: boot
- 12:49:07 [INFO] Target: 
boot
Unknown command 'iminfo' - try 'help'
Unknown command 'bootz' - try 'help'
## Booting kernel from Legacy Image at 82000000 ...
   Image Name:   Linux-4.8.0-rc6-next-20160914-00
   Image Type:   ARM Linux Kernel Image (uncompressed)
   Data Size:    3898016 Bytes = 3.7 MiB
   Load Address: 81000000
   Entry Point:  81000000
   Verifying Checksum ... OK
   Loading Kernel Image ... OK
Starting kernel ...
[    0.000000] Booting Linux on physical CPU 0x0
[    0.000000] Linux version 4.8.0-rc6-next-20160914-00002-g0f03b8fa373c (nmenon@horus) (gcc version 4.9.3 20150413 (prerelease) (Linaro GCC 4.9-2015.05) ) #3 SMP Wed Sep 14 12:13:06 CDT 2016
[    0.000000] CPU: ARMv7 Processor [413fc082] revision 2 (ARMv7), cr=10c5387d
[    0.000000] CPU: PIPT / VIPT nonaliasing data cache, VIPT aliasing instruction cache
[    0.000000] OF: fdt:Machine model: TI OMAP37XX EVM (TMDSEVM3730)
[    0.000000] cma: Reserved 16 MiB at 0x8e800000
[    0.000000] Memory policy: Data cache writeback
[    0.000000] CPU: All CPU(s) started in SVC mode.
[    0.000000] OMAP3630 ES1.2 (l2cache iva sgx neon isp 192mhz_clk )
[    0.000000] percpu: Embedded 15 pages/cpu @cfb34000 s31808 r8192 d21440 u61440
[    0.000000] Built 1 zonelists in Zone order, mobility grouping on.  Total pages: 64448
[    0.000000] Kernel command line: console=ttyO0,115200n8 earlyprintk=serial,ttyO0,115200n8   ip=:::::eth0:dhcp  root=/dev/mmcblk0p2 rw rootfstype=ext3 rootwait 
[    0.000000] PID hash table entries: 1024 (order: 0, 4096 bytes)
[    0.000000] Dentry cache hash table entries: 32768 (order: 5, 131072 bytes)
[    0.000000] Inode-cache hash table entries: 16384 (order: 4, 65536 bytes)
[    0.000000] Memory: 220412K/260096K available (7168K kernel code, 764K rwdata, 2376K rodata, 1024K init, 8122K bss, 23300K reserved, 16384K cma-reserved, 0K highmem)
[    0.000000] Virtual kernel memory layout:
[    0.000000]     vector  : 0xffff0000 - 0xffff1000   (   4 kB)
[    0.000000]     fixmap  : 0xffc00000 - 0xfff00000   (3072 kB)
[    0.000000]     vmalloc : 0xd0800000 - 0xff800000   ( 752 MB)
[    0.000000]     lowmem  : 0xc0000000 - 0xd0000000   ( 256 MB)
[    0.000000]     pkmap   : 0xbfe00000 - 0xc0000000   (   2 MB)
[    0.000000]     modules : 0xbf000000 - 0xbfe00000   (  14 MB)
[    0.000000]       .text : 0xc0008000 - 0xc0800000   (8160 kB)
[    0.000000]       .init : 0xc0b00000 - 0xc0c00000   (1024 kB)
[    0.000000]       .data : 0xc0c00000 - 0xc0cbf374   ( 765 kB)
[    0.000000]        .bss : 0xc0cc1000 - 0xc14af840   (8123 kB)
[    0.000000] Running RCU self tests
[    0.000000] Hierarchical RCU implementation.
[    0.000000] 	RCU lockdep checking is enabled.
[    0.000000] 	Build-time adjustment of leaf fanout to 32.
[    0.000000] 	RCU restricting CPUs from NR_CPUS=2 to nr_cpu_ids=1.
[    0.000000] RCU: Adjusting geometry for rcu_fanout_leaf=32, nr_cpu_ids=1
[    0.000000] NR_IRQS:16 nr_irqs:16 16
[    0.000000] IRQ: Found an INTC at 0xfa200000 (revision 4.0) with 96 interrupts
[    0.000000] Clocking rate (Crystal/Core/MPU): 26.0/400/600 MHz
[    0.000000] OMAP clockevent source: timer1 at 32768 Hz
[    0.000000] clocksource: 32k_counter: mask: 0xffffffff max_cycles: 0xffffffff, max_idle_ns: 58327039986419 ns
[    0.000000] sched_clock: 32 bits at 32kHz, resolution 30517ns, wraps every 65535999984741ns
[    0.000030] OMAP clocksource: 32k_counter at 32768 Hz
[    0.001800] Console: colour dummy device 80x30
[    0.001892] Lock dependency validator: Copyright (c) 2006 Red Hat, Inc., Ingo Molnar
[    0.001922] ... MAX_LOCKDEP_SUBCLASSES:  8
[    0.001922] ... MAX_LOCK_DEPTH:          48
[    0.001922] ... MAX_LOCKDEP_KEYS:        8191
[    0.001953] ... CLASSHASH_SIZE:          4096
[    0.001953] ... MAX_LOCKDEP_ENTRIES:     32768
[    0.001983] ... MAX_LOCKDEP_CHAINS:      65536
[    0.001983] ... CHAINHASH_SIZE:          32768
[    0.002014]  memory used by lock dependency info: 5167 kB
[    0.002014]  per task-struct memory footprint: 1536 bytes
[    0.002044] Calibrating delay loop... 594.73 BogoMIPS (lpj=2973696)
[    0.105926] pid_max: default: 32768 minimum: 301
[    0.106658] Security Framework initialized
[    0.106872] Mount-cache hash table entries: 1024 (order: 0, 4096 bytes)
[    0.106903] Mountpoint-cache hash table entries: 1024 (order: 0, 4096 bytes)
[    0.112152] CPU: Testing write buffer coherency: ok
[    0.114288] CPU0: thread -1, cpu 0, socket -1, mpidr 0
[    0.114349] Setting up static identity map for 0x80100000 - 0x80100070
[    0.120910] Brought up 1 CPUs
[    0.120941] SMP: Total of 1 processors activated (594.73 BogoMIPS).
[    0.120971] CPU: All CPU(s) started in SVC mode.
[    0.121520] span: 0 (max cpu_capacity = 1024)
[    0.126983] devtmpfs: initialized
[    0.261718] VFP support v0.3: implementor 41 architecture 3 part 30 variant c rev 3
[    0.263031] clocksource: jiffies: mask: 0xffffffff max_cycles: 0xffffffff, max_idle_ns: 19112604462750000 ns
[    0.264892] pinctrl core: initialized pinctrl subsystem
[    0.272521] NET: Registered protocol family 16
[    0.282318] DMA: preallocated 256 KiB pool for atomic coherent allocations
[    0.372222] omap_hwmod: mcbsp2_sidetone using broken dt data from mcbsp
[    0.374755] omap_hwmod: mcbsp3_sidetone using broken dt data from mcbsp
[    0.489318] cpuidle: using governor menu
[    0.490173] Reprogramming SDRC clock to 400000000 Hz
[    0.510681] OMAP GPIO hardware version 2.5
[    0.536407] irq: no irq domain found for /ocp@68000000/l4@48000000/scm@2000/pinmux@30 !
[    0.537506] irq: no irq domain found for /ocp@68000000/l4@48000000/scm@2000/pinmux@30 !
[    0.538482] irq: no irq domain found for /ocp@68000000/l4@48000000/scm@2000/pinmux@30 !
[    0.548004] irq: no irq domain found for /ocp@68000000/l4@48000000/scm@2000/pinmux@30 !
[    0.568206] omap-gpmc 6e000000.gpmc: GPMC revision 5.0
[    0.568481] gpmc_mem_init: disabling cs 0 mapped at 0x0-0x1000000
[    0.587951] No ATAGs?
[    0.587982] hw-breakpoint: debug architecture 0x4 unsupported.
[    0.589355] omap4_sram_init:Unable to allocate sram needed to handle errata I688
[    0.589385] omap4_sram_init:Unable to get sram pool needed to handle errata I688
[    0.591247] OMAP DMA hardware revision 5.0
[    0.677246] omap-dma-engine 48056000.dma-controller: OMAP DMA engine driver (LinkedList1/2/3 supported)
[    0.681884] reg-fixed-voltage wl12xx_vmmc: could not find pctldev for node /ocp@68000000/l4@48000000/scm@2000/pinmux@30/pinmux_wl12xx_gpio, deferring probe
[    0.690673] omap-iommu 480bd400.mmu: 480bd400.mmu registered
[    0.692474] SCSI subsystem initialized
[    0.698211] omap_i2c 48070000.i2c: bus 0 rev4.4 at 2600 kHz
[    0.700378] omap_i2c 48072000.i2c: bus 1 rev4.4 at 400 kHz
[    0.702819] omap_i2c 48060000.i2c: bus 2 rev4.4 at 400 kHz
[    0.703491] pps_core: LinuxPPS API ver. 1 registered
[    0.703521] pps_core: Software ver. 5.3.6 - Copyright 2005-2007 Rodolfo Giometti <giometti@linux.it>
[    0.703613] PTP clock support registered
[    0.710510] clocksource: Switched to clocksource 32k_counter
[    0.877136] VFS: Disk quotas dquot_6.6.0
[    0.877380] VFS: Dquot-cache hash table entries: 1024 (order 0, 4096 bytes)
[    0.927886] NET: Registered protocol family 2
[    0.930877] TCP established hash table entries: 2048 (order: 1, 8192 bytes)
[    0.930969] TCP bind hash table entries: 2048 (order: 4, 73728 bytes)
[    0.931945] TCP: Hash tables configured (established 2048 bind 2048)
[    0.932250] UDP hash table entries: 256 (order: 2, 20480 bytes)
[    0.932525] UDP-Lite hash table entries: 256 (order: 2, 20480 bytes)
[    0.933807] NET: Registered protocol family 1
[    0.936614] RPC: Registered named UNIX socket transport module.
[    0.936645] RPC: Registered udp transport module.
[    0.936676] RPC: Registered tcp transport module.
[    0.936676] RPC: Registered tcp NFSv4.1 backchannel transport module.
[    0.944610] hw perfevents: enabled with armv7_cortex_a8 PMU driver, 5 counters available
[    0.953247] futex hash table entries: 256 (order: 2, 16384 bytes)
[    0.953552] audit: initializing netlink subsys (disabled)
[    0.953857] audit: type=2000 audit(0.940:1): initialized
[    0.959594] workingset: timestamp_bits=14 max_order=16 bucket_order=2
[    0.963775] NFS: Registering the id_resolver key type
[    0.964294] Key type id_resolver registered
[    0.964324] Key type id_legacy registered
[    0.964538] jffs2: version 2.2. (NAND) (SUMMARY)   2001-2006 Red Hat, Inc.
[    0.972808] io scheduler noop registered
[    0.972839] io scheduler deadline registered
[    0.972991] io scheduler cfq registered (default)
[    0.976684] pinctrl-single 48002030.pinmux: 284 pins at pa fa002030 size 568
[    0.977478] pinctrl-single 48002a00.pinmux: 46 pins at pa fa002a00 size 92
[    0.978637] pinctrl-single 480025a0.pinmux: 46 pins at pa fa0025a0 size 92
[    0.986755] Serial: 8250/16550 driver, 4 ports, IRQ sharing enabled
[    0.998138] 4806a000.serial: ttyO0 at MMIO 0x4806a000 (irq = 88, base_baud = 3000000) is a OMAP UART0
[    1.803161] console [ttyO0] enabled
[    1.809875] 4806c000.serial: ttyO1 at MMIO 0x4806c000 (irq = 89, base_baud = 3000000) is a OMAP UART1
[    1.822662] 49020000.serial: ttyO2 at MMIO 0x49020000 (irq = 90, base_baud = 3000000) is a OMAP UART2
[    1.834716] omap_uart 49042000.serial: no wakeirq for uart3
[    1.841186] 49042000.serial: ttyO3 at MMIO 0x49042000 (irq = 96, base_baud = 3000000) is a OMAP UART3
[    1.910217] brd: module loaded
[    1.948333] loop: module loaded
[    1.988555] random: fast init done
[    1.992614] twl 0-0048: PIH (irq 23) chaining IRQs 341..349
[    1.999023] twl 0-0048: power (irq 346) chaining IRQs 349..356
[    2.063018] VPLL2: Bringing 1300000uV into 1800000-1800000uV
[    2.077301] twl4030_gpio twl4030-gpio: gpio (irq 341) chaining IRQs 357..374
[    2.169555] mtdoops: mtd device (mtddev=name/number) must be supplied
[    2.179412] nand: Could not find valid ONFI parameter page; aborting
[    2.186248] nand: device found, Manufacturer ID: 0xad, Chip ID: 0xbc
[    2.192962] nand: Hynix NAND 512MiB 1,8V 16-bit
[    2.197753] nand: 512 MiB, SLC, erase size: 128 KiB, page size: 2048, OOB size: 64
[    2.205749] nand: using OMAP_ECC_BCH8_CODE_HW_DETECTION_SW
[    2.214233] 5 ofpart partitions found on MTD device 30000000.nand
[    2.220733] Creating 5 MTD partitions on "30000000.nand":
[    2.226409] 0x000000000000-0x000000080000 : "X-Loader"
[    2.241607] 0x000000080000-0x000000240000 : "U-Boot"
[    2.254394] 0x000000240000-0x000000280000 : "Environment"
[    2.266387] 0x000000280000-0x000000780000 : "Kernel"
[    2.282043] 0x000000780000-0x000020000000 : "Filesystem"
[    2.729431] libphy: Fixed MDIO Bus: probed
[    2.796020] libphy: smsc911x-mdio: probed
[    2.803527] smsc911x 2c000000.ethernet eth0: MAC Address: 00:50:c2:7e:93:ba
[    2.816619] mousedev: PS/2 mouse device common for all mice
[    2.822631] i2c /dev entries driver
[    2.907073] ledtrig-cpu: registered to indicate activity on CPUs
[    2.917968] oprofile: using arm/armv7
[    2.922851] Initializing XFRM netlink socket
[    2.927978] NET: Registered protocol family 10
[    2.940612] sit: IPv6, IPv4 and MPLS over IPv4 tunneling driver
[    2.950683] NET: Registered protocol family 17
[    2.955474] NET: Registered protocol family 15
[    2.960754] Key type dns_resolver registered
[    2.965667] omap2_set_init_voltage: unable to find boot up OPP for vdd_mpu_iva
[    2.973327] omap2_set_init_voltage: unable to set vdd_mpu_iva
[    2.979431] omap2_set_init_voltage: unable to find boot up OPP for vdd_core
[    2.986785] omap2_set_init_voltage: unable to set vdd_core
[    2.997619] ThumbEE CPU extension supported.
[    3.002288] Registering SWP/SWPB emulation handler
[    3.007324] SmartReflex Class3 initialized
[    3.023254] vwl1271: supplied by VMMC2
[    3.131469] mmc0: host does not support reading read-only switch, assuming write-enable
[    3.142211] mmc0: new high speed SDHC card at address b368
[    3.153411] mmcblk0: mmc0:b368 SDC   3.75 GiB 
[    3.164367]  mmcblk0: p1 p2 p3
[    3.183624] hctosys: unable to open rtc device (rtc0)
[    3.188964] sr_init: No PMIC hook to init smartreflex
[    3.195068] smartreflex smartreflex.0: omap_sr_probe: SmartReflex driver initialized
[    3.204193] smartreflex smartreflex.1: omap_sr_probe: SmartReflex driver initialized
[    3.293884] omap_hsmmc 480b4000.mmc: card claims to support voltages below defined range
[    3.329010] mmc1: new SDIO card at address 0001
[    3.381225] SMSC LAN8700 2c000000.etherne:01: attached PHY driver [SMSC LAN8700] (mii_bus:phy_addr=2c000000.etherne:01, irq=-1)
[    3.397033] smsc911x 2c000000.ethernet eth0: SMSC911x/921x identified at 0xd090e000, IRQ: 288
[    3.406555] IPv6: ADDRCONF(NETDEV_UP): eth0: link is not ready
[    6.500885] IPv6: ADDRCONF(NETDEV_CHANGE): eth0: link becomes ready
[    6.532318] Sending DHCP requests ., OK
[    6.591247] IP-Config: Got DHCP answer from 192.168.0.1, my address is 192.168.0.110
[    6.599395] IP-Config: Complete:
[    6.602905]      device=eth0, hwaddr=00:50:c2:7e:93:ba, ipaddr=192.168.0.110, mask=255.255.255.0, gw=192.168.0.1
[    6.613616]      host=192.168.0.110, domain=tim.com, nis-domain=(none)
[    6.620513]      bootserver=192.168.0.1, rootserver=192.168.0.1, rootpath=     nameserver0=192.0.2.2, nameserver1=192.0.2.3
[    6.633453] lcd_3v3: disabling
[    6.640838] VUSB3V1: disabling
[    6.644653] vwl1271: disabling
[    6.657318] 
[    6.658905] ===============================
[    6.663299] [ INFO: suspicious RCU usage. ]
[    6.667694] 4.8.0-rc6-next-20160914-00002-g0f03b8fa373c #3 Not tainted
[    6.674560] -------------------------------
[    6.678955] ./include/trace/events/rpm.h:63 suspicious rcu_dereference_check() usage!
[    6.687164] 
[    6.687164] other info that might help us debug this:
[    6.687164] 
[    6.695587] 
[    6.695587] RCU used illegally from idle CPU!
[    6.695587] rcu_scheduler_active = 1, debug_locks = 0
[    6.707000] RCU used illegally from extended quiescent state!
[    6.713012] 1 lock held by swapper/0/0:
[    6.717041]  #0:  (&(&dev->power.lock)->rlock){-.-...}, at: [<c053bb24>] __pm_runtime_suspend+0x50/0x80
[    6.726989] 
[    6.726989] stack backtrace:
[    6.731567] CPU: 0 PID: 0 Comm: swapper/0 Not tainted 4.8.0-rc6-next-20160914-00002-g0f03b8fa373c #3
[    6.741149] Hardware name: Generic OMAP36xx (Flattened Device Tree)
[    6.747741] [<c0110064>] (unwind_backtrace) from [<c010c27c>] (show_stack+0x10/0x14)
[    6.755889] [<c010c27c>] (show_stack) from [<c04893cc>] (dump_stack+0xb0/0xe4)
[    6.763488] [<c04893cc>] (dump_stack) from [<c053a7c4>] (rpm_suspend+0x728/0x7c8)
[    6.771362] [<c053a7c4>] (rpm_suspend) from [<c053bb34>] (__pm_runtime_suspend+0x60/0x80)
[    6.779968] [<c053bb34>] (__pm_runtime_suspend) from [<c04ca200>] (omap2_gpio_prepare_for_idle+0x5c/0x70)
[    6.790039] [<c04ca200>] (omap2_gpio_prepare_for_idle) from [<c012575c>] (omap_sram_idle+0x134/0x238)
[    6.799713] [<c012575c>] (omap_sram_idle) from [<c012687c>] (omap3_enter_idle_bm+0xf8/0x200)
[    6.808593] [<c012687c>] (omap3_enter_idle_bm) from [<c06120d4>] (cpuidle_enter_state+0x80/0x3d4)
[    6.817901] [<c06120d4>] (cpuidle_enter_state) from [<c0187218>] (cpu_startup_entry+0x130/0x224)
[    6.827148] [<c0187218>] (cpu_startup_entry) from [<c0b00c08>] (start_kernel+0x340/0x3b4)
[    6.835754] [<c0b00c08>] (start_kernel) from [<8000807c>] (0x8000807c)
[    6.843811] EXT4-fs (mmcblk0p2): mounting ext3 file system using the ext4 subsystem
[    8.261291] EXT4-fs (mmcblk0p2): warning: maximal mount count reached, running e2fsck is recommended
[    8.626983] EXT4-fs (mmcblk0p2): recovery complete
[    8.637695] EXT4-fs (mmcblk0p2): mounted filesystem with ordered data mode. Opts: (null)
[    8.646392] VFS: Mounted root (ext3 filesystem) on device 179:2.
[    8.663787] devtmpfs: mounted
[    8.669738] Freeing unused kernel memory: 1024K (c0b00000 - c0c00000)
INIT: version 2.86 booting
Error opening /dev/fb0: No such file or directory
Please wait: booting...
Starting udev
WARNING: -e needs -E or -F
[    9.641967] udevd (124): /proc/124/oom_adj is deprecated, please use /proc/124/oom_score_adj instead.
[   21.373443] FAT-fs (mmcblk0p1): Volume was not properly unmounted. Some data may be corrupt. Please run fsck.
[   21.448089] EXT4-fs (mmcblk0p3): mounting ext3 file system using the ext4 subsystem
[   21.471649] EXT4-fs (mmcblk0p3): warning: maximal mount count reached, running e2fsck is recommended
[   21.548400] EXT4-fs (mmcblk0p3): recovery complete
[   21.553558] EXT4-fs (mmcblk0p3): mounted filesystem with ordered data mode. Opts: (null)
[   21.633605] alignment: ignoring faults is unsafe on this CPU.  Defaulting to fixup mode.
Remounting root file system...
[   21.754455] EXT4-fs (mmcblk0p2): re-mounted. Opts: (null)
Caching udev devnodes
logger: mount: mount point /proc/bus/usb does not exist
ALSA: Restoring mixer settings...
/usr/sbin/alsactl: load_state:1625: No soundcards found...
Configuring network interfaces... [   24.211212] SMSC LAN8700 2c000000.etherne:01: attached PHY driver [SMSC LAN8700] (mii_bus:phy_addr=2c000000.etherne:01, irq=-1)
[   24.250915] smsc911x 2c000000.ethernet eth0: SMSC911x/921x identified at 0xd090e000, IRQ: 288
[   24.260284] IPv6: ADDRCONF(NETDEV_UP): eth0: link is not ready
eth0      no wireless extensions.
udhcpc (v1.13.2) started
Sending discover...
[   27.362182] IPv6: ADDRCONF(NETDEV_CHANGE): eth0: link becomes ready
Sending discover...
Sending select for 192.168.0.194...
Lease of 192.168.0.194 obtained, lease time 600
adding dns 192.0.2.2
adding dns 192.0.2.3
done.
Setting up IP spoofing protection: rp_filter.
hwclock: can't open '/dev/misc/rtc': No such file or directory
Mon Jun  6 22:10:00 UTC 2016
hwclock: can't open '/dev/misc/rtc': No such file or directory
INIT: Entering runlevel: 5
Starting system message bus: dbus.
Starting Hardware abstraction layer hald
[   30.905090] ecc unrecoverable error
[   30.908905] ecc unrecoverable error
[   30.912841] ecc unrecoverable error
[   30.916564] ecc unrecoverable error
[   30.920257] blk_update_request: I/O error, dev mtdblock0, sector 0
[   31.001617] ecc unrecoverable error
[   31.005401] ecc unrecoverable error
[   31.009155] ecc unrecoverable error
[   31.013061] ecc unrecoverable error
[   31.016754] blk_update_request: I/O error, dev mtdblock0, sector 0
[   31.023254] Buffer I/O error on dev mtdblock0, logical block 0, async page read
[   31.101379] ecc unrecoverable error
[   31.105194] ecc unrecoverable error
[   31.108947] ecc unrecoverable error
[   31.112854] ecc unrecoverable error
[   31.116546] blk_update_request: I/O error, dev mtdblock1, sector 3456
[   31.151336] ecc unrecoverable error
[   31.155120] ecc unrecoverable error
[   31.158813] blk_update_request: I/O error, dev mtdblock2, sector 0
[   31.181152] ecc unrecoverable error
[   31.184936] ecc unrecoverable error
[   31.188629] blk_update_request: I/O error, dev mtdblock3, sector 10112
[   31.211181] ecc unrecoverable error
[   31.214965] ecc unrecoverable error
[   31.218749] ecc unrecoverable error
[   31.222625] ecc unrecoverable error
[   31.226287] blk_update_request: I/O error, dev mtdblock0, sector 0
[   31.232818] Buffer I/O error on dev mtdblock0, logical block 0, async page read
[   31.331207] ecc unrecoverable error
[   31.335021] ecc unrecoverable error
[   31.338775] ecc unrecoverable error
[   31.342651] ecc unrecoverable error
[   31.346343] blk_update_request: I/O error, dev mtdblock1, sector 3456
[   31.353118] Buffer I/O error on dev mtdblock1, logical block 432, async page read
[   31.431213] ecc unrecoverable error
[   31.434997] ecc unrecoverable error
[   31.438690] blk_update_request: I/O error, dev mtdblock2, sector 0
[   31.445190] Buffer I/O error on dev mtdblock2, logical block 0, async page read
[   31.457733] ecc unrecoverable error
[   31.461761] ecc unrecoverable error
[   31.465454] blk_update_request: I/O error, dev mtdblock3, sector 10112
[   31.472320] Buffer I/O error on dev mtdblock3, logical block 1264, async page read
[   31.482208] ecc unrecoverable error
[   31.485992] ecc unrecoverable error
[   31.489746] ecc unrecoverable error
[   31.493652] ecc unrecoverable error
[   31.497344] blk_update_request: I/O error, dev mtdblock0, sector 0
[   31.503845] Buffer I/O error on dev mtdblock0, logical block 0, async page read
[   31.512298] ecc unrecoverable error
[   31.516052] ecc unrecoverable error
[   31.519805] ecc unrecoverable error
[   31.523712] ecc unrecoverable error
[   31.527984] ecc unrecoverable error
[   31.531860] ecc unrecoverable error
[   31.535552] Buffer I/O error on dev mtdblock2, logical block 0, async page read
[   31.543914] ecc unrecoverable error
[   31.547668] ecc unrecoverable error
[   31.552734] ecc unrecoverable error
[   31.556518] ecc unrecoverable error
[   31.560272] ecc unrecoverable error
[   31.564117] ecc unrecoverable error
[   31.567810] Buffer I/O error on dev mtdblock0, logical block 0, async page read
[   31.576385] ecc unrecoverable error
[   31.580169] ecc unrecoverable error
[   31.584014] ecc unrecoverable error
[   31.587768] ecc unrecoverable error
[   31.591491] Buffer I/O error on dev mtdblock1, logical block 446, async page read
[   31.600036] ecc unrecoverable error
[   31.603881] ecc unrecoverable error
[   31.607574] Buffer I/O error on dev mtdblock2, logical block 0, async page read
[   31.615875] ecc unrecoverable error
[   31.619659] ecc unrecoverable error
[   31.624694] ecc unrecoverable error
[   31.628479] ecc unrecoverable error
[   31.632324] ecc unrecoverable error
[   31.636047] ecc unrecoverable error
[   31.640319] ecc unrecoverable error
[   31.644134] ecc unrecoverable error
[   31.647888] ecc unrecoverable error
[   31.651702] ecc unrecoverable error
[   31.655914] ecc unrecoverable error
[   31.659667] ecc unrecoverable error
[   31.663970] ecc unrecoverable error
[   31.667724] ecc unrecoverable error
[   31.672607] ecc unrecoverable error
[   31.676361] ecc unrecoverable error
[   31.680114] ecc unrecoverable error
[   31.683929] ecc unrecoverable error
[   31.688171] ecc unrecoverable error
[   31.692016] ecc unrecoverable error
[   31.695770] ecc unrecoverable error
[   31.699523] ecc unrecoverable error
[   31.703796] ecc unrecoverable error
[   31.707550] ecc unrecoverable error
[   31.711822] ecc unrecoverable error
[   31.715576] ecc unrecoverable error
[   31.721862] ecc unrecoverable error
[   31.725646] ecc unrecoverable error
[   31.729400] ecc unrecoverable error
[   31.733276] ecc unrecoverable error
[   31.737609] ecc unrecoverable error
[   31.741485] ecc unrecoverable error
[   31.745239] ecc unrecoverable error
[   31.748992] ecc unrecoverable error
[   31.753387] ecc unrecoverable error
[   31.757141] ecc unrecoverable error
[   31.761566] ecc unrecoverable error
[   31.765319] ecc unrecoverable error
[   31.770263] ecc unrecoverable error
[   31.774139] ecc unrecoverable error
[   31.777893] ecc unrecoverable error
[   31.781677] ecc unrecoverable error
[   31.785949] ecc unrecoverable error
[   31.789733] ecc unrecoverable error
[   31.793548] ecc unrecoverable error
[   31.797332] ecc unrecoverable error
[   31.802703] ecc unrecoverable error
[   31.806488] ecc unrecoverable error
[   31.810943] ecc unrecoverable error
[   31.814727] ecc unrecoverable error
[   31.821105] ecc unrecoverable error
[   31.824859] ecc unrecoverable error
[   31.828643] ecc unrecoverable error
[   31.832489] ecc unrecoverable error
[   31.836822] ecc unrecoverable error
[   31.840698] ecc unrecoverable error
[   31.844482] ecc unrecoverable error
[   31.848236] ecc unrecoverable error
[   31.852569] ecc unrecoverable error
[   31.856353] ecc unrecoverable error
[   31.860656] ecc unrecoverable error
[   31.864410] ecc unrecoverable error
[   31.869476] ecc unrecoverable error
[   31.873321] ecc unrecoverable error
[   31.877105] ecc unrecoverable error
[   31.880889] ecc unrecoverable error
[   31.885101] ecc unrecoverable error
[   31.888885] ecc unrecoverable error
[   31.892730] ecc unrecoverable error
[   31.896484] ecc unrecoverable error
[   31.900756] ecc unrecoverable error
[   31.904510] ecc unrecoverable error
[   31.908752] ecc unrecoverable error
[   31.912597] ecc unrecoverable error
[   31.917602] ecc unrecoverable error
[   31.921447] ecc unrecoverable error
[   31.925201] ecc unrecoverable error
[   31.928924] ecc unrecoverable error
[   31.933227] ecc unrecoverable error
[   31.936981] ecc unrecoverable error
[   31.940826] ecc unrecoverable error
[   31.944580] ecc unrecoverable error
[   31.948822] ecc unrecoverable error
[   31.952667] ecc unrecoverable error
[   31.956878] ecc unrecoverable error
[   31.960723] ecc unrecoverable error
[   31.965637] ecc unrecoverable error
[   31.969390] ecc unrecoverable error
[   31.973236] ecc unrecoverable error
[   31.976959] ecc unrecoverable error
[   31.981262] ecc unrecoverable error
[   31.985015] ecc unrecoverable error
[   31.988769] ecc unrecoverable error
[   31.992614] ecc unrecoverable error
[   31.996856] ecc unrecoverable error
[   32.000671] ecc unrecoverable error
[   32.004882] ecc unrecoverable error
[   32.008636] ecc unrecoverable error
[   32.013549] ecc unrecoverable error
[   32.017303] ecc unrecoverable error
[   32.021148] ecc unrecoverable error
[   32.024902] ecc unrecoverable error
[   32.029083] ecc unrecoverable error
[   32.032928] ecc unrecoverable error
[   32.036682] ecc unrecoverable error
[   32.040435] ecc unrecoverable error
[   32.044708] ecc unrecoverable error
[   32.048492] ecc unrecoverable error
[   32.052764] ecc unrecoverable error
[   32.056549] ecc unrecoverable error
[   32.061553] ecc unrecoverable error
[   32.065338] ecc unrecoverable error
[   32.069091] ecc unrecoverable error
[   32.072906] ecc unrecoverable error
[   32.077148] ecc unrecoverable error
[   32.081054] ecc unrecoverable error
[   32.084808] ecc unrecoverable error
[   32.088562] ecc unrecoverable error
[   32.092926] ecc unrecoverable error
[   32.096710] ecc unrecoverable error
[   32.101013] ecc unrecoverable error
[   32.104766] ecc unrecoverable error
[   32.109649] ecc unrecoverable error
[   32.113494] ecc unrecoverable error
[   32.117248] ecc unrecoverable error
[   32.121032] ecc unrecoverable error
[   32.125457] ecc unrecoverable error
[   32.129241] ecc unrecoverable error
[   32.133087] ecc unrecoverable error
[   32.136840] ecc unrecoverable error
[   32.141174] ecc unrecoverable error
[   32.144927] ecc unrecoverable error
[   32.149169] ecc unrecoverable error
[   32.153015] ecc unrecoverable error
[   32.157897] ecc unrecoverable error
[   32.161743] ecc unrecoverable error
[   32.165496] ecc unrecoverable error
[   32.169250] ecc unrecoverable error
[   32.173522] ecc unrecoverable error
[   32.177276] ecc unrecoverable error
[   32.181091] ecc unrecoverable error
[   32.184875] ecc unrecoverable error
[   32.189086] ecc unrecoverable error
[   32.192901] ecc unrecoverable error
[   32.197143] ecc unrecoverable error
[   32.200958] ecc unrecoverable error
[   32.205871] ecc unrecoverable error
[   32.209625] ecc unrecoverable error
[   32.213470] ecc unrecoverable error
[   32.217224] ecc unrecoverable error
[   32.221527] ecc unrecoverable error
[   32.225280] ecc unrecoverable error
[   32.229034] ecc unrecoverable error
[   32.232879] ecc unrecoverable error
[   32.237091] ecc unrecoverable error
[   32.240905] ecc unrecoverable error
[   32.245117] ecc unrecoverable error
[   32.248870] ecc unrecoverable error
[   32.253784] ecc unrecoverable error
[   32.257537] ecc unrecoverable error
[   32.261383] ecc unrecoverable error
[   32.265136] ecc unrecoverable error
[   32.269348] ecc unrecoverable error
[   32.273193] ecc unrecoverable error
[   32.276947] ecc unrecoverable error
[   32.280761] ecc unrecoverable error
[   32.285003] ecc unrecoverable error
[   32.288726] ecc unrecoverable error
[   32.292968] ecc unrecoverable error
[   32.296752] ecc unrecoverable error
[   32.301666] ecc unrecoverable error
[   32.305419] ecc unrecoverable error
[   32.309173] ecc unrecoverable error
[   32.312988] ecc unrecoverable error
[   32.317199] ecc unrecoverable error
[   32.321044] ecc unrecoverable error
[   32.324798] ecc unrecoverable error
[   32.328552] ecc unrecoverable error
[   32.332855] ecc unrecoverable error
[   32.336608] ecc unrecoverable error
[   32.340911] ecc unrecoverable error
[   32.344696] ecc unrecoverable error
[   32.349609] ecc unrecoverable error
[   32.353454] ecc unrecoverable error
[   32.357208] ecc unrecoverable error
[   32.361022] ecc unrecoverable error
[   32.365264] ecc unrecoverable error
[   32.369018] ecc unrecoverable error
[   32.372863] ecc unrecoverable error
[   32.376617] ecc unrecoverable error
[   32.380950] ecc unrecoverable error
[   32.384674] ecc unrecoverable error
[   32.388885] ecc unrecoverable error
[   32.392700] ecc unrecoverable error
[   32.397583] ecc unrecoverable error
[   32.401397] ecc unrecoverable error
[   32.405151] ecc unrecoverable error
[   32.408905] ecc unrecoverable error
[   32.413177] ecc unrecoverable error
[   32.416931] ecc unrecoverable error
[   32.420745] ecc unrecoverable error
[   32.424499] ecc unrecoverable error
[   32.428741] ecc unrecoverable error
[   32.432556] ecc unrecoverable error
[   32.436737] ecc unrecoverable error
[   32.440551] ecc unrecoverable error
[   32.445373] ecc unrecoverable error
[   32.449127] ecc unrecoverable error
[   32.452941] ecc unrecoverable error
[   32.456695] ecc unrecoverable error
[   32.460937] ecc unrecoverable error
[   32.464691] ecc unrecoverable error
[   32.468444] ecc unrecoverable error
[   32.472259] ecc unrecoverable error
[   32.476470] ecc unrecoverable error
[   32.480224] ecc unrecoverable error
[   32.484497] ecc unrecoverable error
[   32.488281] ecc unrecoverable error
[   32.493225] ecc unrecoverable error
[   32.496978] ecc unrecoverable error
[   32.500793] ecc unrecoverable error
[   32.504577] ecc unrecoverable error
[   32.508819] ecc unrecoverable error
[   32.512634] ecc unrecoverable error
[   32.516387] ecc unrecoverable error
[   32.520141] ecc unrecoverable error
[   32.524414] ecc unrecoverable error
[   32.528167] ecc unrecoverable error
[   32.532440] ecc unrecoverable error
[   32.536193] ecc unrecoverable error
[   32.541107] ecc unrecoverable error
[   32.544891] ecc unrecoverable error
[   32.548645] ecc unrecoverable error
[   32.552459] ecc unrecoverable error
[   32.556671] ecc unrecoverable error
[   32.560424] ecc unrecoverable error
[   32.564239] ecc unrecoverable error
[   32.567993] ecc unrecoverable error
[   32.572265] ecc unrecoverable error
[   32.576019] ecc unrecoverable error
[   32.580169] ecc unrecoverable error
[   32.584014] ecc unrecoverable error
[   32.588867] ecc unrecoverable error
[   32.592712] ecc unrecoverable error
[   32.596466] ecc unrecoverable error
[   32.600189] ecc unrecoverable error
[   32.604431] ecc unrecoverable error
[   32.608215] ecc unrecoverable error
[   32.612030] ecc unrecoverable error
[   32.615783] ecc unrecoverable error
[   32.619995] ecc unrecoverable error
[   32.623809] ecc unrecoverable error
[   32.628051] ecc unrecoverable error
[   32.631896] ecc unrecoverable error
[   32.636779] ecc unrecoverable error
[   32.640624] ecc unrecoverable error
[   32.644378] ecc unrecoverable error
[   32.648132] ecc unrecoverable error
[   32.652404] ecc unrecoverable error
[   32.656158] ecc unrecoverable error
[   32.659881] ecc unrecoverable error
[   32.663696] ecc unrecoverable error
[   32.667938] ecc unrecoverable error
[   32.671752] ecc unrecoverable error
[   32.675964] ecc unrecoverable error
[   32.679718] ecc unrecoverable error
[   32.684875] ecc unrecoverable error
[   32.688629] ecc unrecoverable error
[   32.692474] ecc unrecoverable error
[   32.696197] ecc unrecoverable error
[   32.700592] ecc unrecoverable error
[   32.704376] ecc unrecoverable error
[   32.708099] ecc unrecoverable error
[   32.711914] ecc unrecoverable error
[   32.716186] ecc unrecoverable error
[   32.719940] ecc unrecoverable error
[   32.724212] ecc unrecoverable error
[   32.727966] ecc unrecoverable error
[   32.732910] ecc unrecoverable error
[   32.736663] ecc unrecoverable error
[   32.740447] ecc unrecoverable error
[   32.744232] ecc unrecoverable error
[   32.748474] ecc unrecoverable error
[   32.752319] ecc unrecoverable error
[   32.756072] ecc unrecoverable error
[   32.759796] ecc unrecoverable error
[   32.764068] ecc unrecoverable error
[   32.767852] ecc unrecoverable error
[   32.772125] ecc unrecoverable error
[   32.775909] ecc unrecoverable error
[   32.780853] ecc unrecoverable error
[   32.784637] ecc unrecoverable error
[   32.788391] ecc unrecoverable error
[   32.792205] ecc unrecoverable error
[   32.796447] ecc unrecoverable error
[   32.800201] ecc unrecoverable error
[   32.804016] ecc unrecoverable error
[   32.807800] ecc unrecoverable error
[   32.812072] ecc unrecoverable error
[   32.815826] ecc unrecoverable error
[   32.820068] ecc unrecoverable error
[   32.823913] ecc unrecoverable error
[   32.828796] ecc unrecoverable error
[   32.832641] ecc unrecoverable error
[   32.836395] ecc unrecoverable error
[   32.840148] ecc unrecoverable error
[   32.844390] ecc unrecoverable error
[   32.848175] ecc unrecoverable error
[   32.851989] ecc unrecoverable error
[   32.855743] ecc unrecoverable error
[   32.859954] ecc unrecoverable error
[   32.863800] ecc unrecoverable error
[   32.867980] ecc unrecoverable error
[   32.871795] ecc unrecoverable error
[   32.876617] ecc unrecoverable error
[   32.880401] ecc unrecoverable error
[   32.884216] ecc unrecoverable error
[   32.887969] ecc unrecoverable error
[   32.892181] ecc unrecoverable error
[   32.895965] ecc unrecoverable error
[   32.899719] ecc unrecoverable error
[   32.903533] ecc unrecoverable error
[   32.907745] ecc unrecoverable error
[   32.911590] ecc unrecoverable error
[   32.915802] ecc unrecoverable error
[   32.919586] ecc unrecoverable error
[   32.924499] ecc unrecoverable error
[   32.928283] ecc unrecoverable error
[   32.932128] ecc unrecoverable error
[   32.935852] ecc unrecoverable error
[   32.940093] ecc unrecoverable error
[   32.943939] ecc unrecoverable error
[   32.947662] ecc unrecoverable error
[   32.951477] ecc unrecoverable error
[   32.955688] ecc unrecoverable error
[   32.959472] ecc unrecoverable error
[   32.963714] ecc unrecoverable error
[   32.967498] ecc unrecoverable error
[   32.972381] ecc unrecoverable error
[   32.976165] ecc unrecoverable error
[   32.979919] ecc unrecoverable error
[   32.983734] ecc unrecoverable error
[   32.987945] ecc unrecoverable error
[   32.991760] ecc unrecoverable error
[   32.995513] ecc unrecoverable error
[   32.999267] ecc unrecoverable error
[   33.003540] ecc unrecoverable error
[   33.007293] ecc unrecoverable error
[   33.011535] ecc unrecoverable error
[   33.015289] ecc unrecoverable error
[   33.020080] ecc unrecoverable error
[   33.023925] ecc unrecoverable error
[   33.027709] ecc unrecoverable error
[   33.031494] ecc unrecoverable error
[   33.035675] ecc unrecoverable error
[   33.039428] ecc unrecoverable error
[   33.043395] ecc unrecoverable error
[   33.047180] ecc unrecoverable error
[   33.051483] ecc unrecoverable error
[   33.055267] ecc unrecoverable error
[   33.059478] ecc unrecoverable error
[   33.063323] ecc unrecoverable error
[   33.068267] ecc unrecoverable error
[   33.072113] ecc unrecoverable error
[   33.075866] ecc unrecoverable error
[   33.079620] ecc unrecoverable error
[   33.083892] ecc unrecoverable error
[   33.087646] ecc unrecoverable error
[   33.091461] ecc unrecoverable error
[   33.095245] ecc unrecoverable error
[   33.099456] ecc unrecoverable error
[   33.103302] ecc unrecoverable error
[   33.107513] ecc unrecoverable error
[   33.111328] ecc unrecoverable error
[   33.116210] ecc unrecoverable error
[   33.119995] ecc unrecoverable error
[   33.123840] ecc unrecoverable error
[   33.127593] ecc unrecoverable error
[   33.131866] ecc unrecoverable error
[   33.135620] ecc unrecoverable error
[   33.139343] ecc unrecoverable error
[   33.143188] ecc unrecoverable error
[   33.147399] ecc unrecoverable error
[   33.151245] ecc unrecoverable error
[   33.155426] ecc unrecoverable error
[   33.159210] ecc unrecoverable error
[   33.164093] ecc unrecoverable error
[   33.167877] ecc unrecoverable error
[   33.171722] ecc unrecoverable error
[   33.175445] ecc unrecoverable error
[   33.179626] ecc unrecoverable error
[   33.183471] ecc unrecoverable error
[   33.187225] ecc unrecoverable error
[   33.191040] ecc unrecoverable error
[   33.195220] ecc unrecoverable error
[   33.199005] ecc unrecoverable error
[   33.203277] ecc unrecoverable error
[   33.207061] ecc unrecoverable error
[   33.212005] ecc unrecoverable error
[   33.215759] ecc unrecoverable error
[   33.219512] ecc unrecoverable error
[   33.223327] ecc unrecoverable error
[   33.227569] ecc unrecoverable error
[   33.231414] ecc unrecoverable error
[   33.235137] ecc unrecoverable error
[   33.238891] ecc unrecoverable error
[   33.243164] ecc unrecoverable error
[   33.246917] ecc unrecoverable error
[   33.251190] ecc unrecoverable error
[   33.254943] ecc unrecoverable error
[   33.259796] ecc unrecoverable error
[   33.263641] ecc unrecoverable error
[   33.267395] ecc unrecoverable error
[   33.271179] ecc unrecoverable error
[   33.275421] ecc unrecoverable error
[   33.279174] ecc unrecoverable error
[   33.282989] ecc unrecoverable error
[   33.286743] ecc unrecoverable error
[   33.291015] ecc unrecoverable error
[   33.294769] ecc unrecoverable error
[   33.298919] ecc unrecoverable error
[   33.302764] ecc unrecoverable error
[   33.307556] ecc unrecoverable error
[   33.311401] ecc unrecoverable error
[   33.315185] ecc unrecoverable error
[   33.318908] ecc unrecoverable error
[   33.323150] ecc unrecoverable error
[   33.326904] ecc unrecoverable error
[   33.330718] ecc unrecoverable error
[   33.334472] ecc unrecoverable error
[   33.338653] ecc unrecoverable error
[   33.342498] ecc unrecoverable error
[   33.346710] ecc unrecoverable error
[   33.350555] ecc unrecoverable error
[   33.355438] ecc unrecoverable error
[   33.359222] ecc unrecoverable error
[   33.363067] ecc unrecoverable error
[   33.366790] ecc unrecoverable error
[   33.371063] ecc unrecoverable error
[   33.374816] ecc unrecoverable error
[   33.378570] ecc unrecoverable error
[   33.382385] ecc unrecoverable error
[   33.386596] ecc unrecoverable error
[   33.390380] ecc unrecoverable error
[   33.394653] ecc unrecoverable error
[   33.398406] ecc unrecoverable error
[   33.403320] ecc unrecoverable error
[   33.407073] ecc unrecoverable error
[   33.410919] ecc unrecoverable error
[   33.414642] ecc unrecoverable error
[   33.418884] ecc unrecoverable error
[   33.422698] ecc unrecoverable error
[   33.426452] ecc unrecoverable error
[   33.430236] ecc unrecoverable error
[   33.434478] ecc unrecoverable error
[   33.438262] ecc unrecoverable error
[   33.442504] ecc unrecoverable error
[   33.446258] ecc unrecoverable error
[   33.451141] ecc unrecoverable error
[   33.454895] ecc unrecoverable error
[   33.458679] ecc unrecoverable error
[   33.462463] ecc unrecoverable error
[   33.466674] ecc unrecoverable error
[   33.470428] ecc unrecoverable error
[   33.474273] ecc unrecoverable error
[   33.478027] ecc unrecoverable error
[   33.482299] ecc unrecoverable error
[   33.486053] ecc unrecoverable error
[   33.490264] ecc unrecoverable error
[   33.494079] ecc unrecoverable error
[   33.498992] ecc unrecoverable error
[   33.502838] ecc unrecoverable error
[   33.506622] ecc unrecoverable error
[   33.510345] ecc unrecoverable error
[   33.514617] ecc unrecoverable error
[   33.518402] ecc unrecoverable error
[   33.522216] ecc unrecoverable error
[   33.525970] ecc unrecoverable error
[   33.530212] ecc unrecoverable error
[   33.534027] ecc unrecoverable error
[   33.538238] ecc unrecoverable error
[   33.542053] ecc unrecoverable error
[   33.546905] ecc unrecoverable error
[   33.550750] ecc unrecoverable error
[   33.554534] ecc unrecoverable error
[   33.558258] ecc unrecoverable error
[   33.562499] ecc unrecoverable error
[   33.566284] ecc unrecoverable error
[   33.570037] ecc unrecoverable error
[   33.573852] ecc unrecoverable error
[   33.578063] ecc unrecoverable error
[   33.581909] ecc unrecoverable error
[   33.586090] ecc unrecoverable error
[   33.589843] ecc unrecoverable error
[   33.594726] ecc unrecoverable error
[   33.598480] ecc unrecoverable error
[   33.602325] ecc unrecoverable error
[   33.606048] ecc unrecoverable error
[   33.610260] ecc unrecoverable error
[   33.614074] ecc unrecoverable error
[   33.617858] ecc unrecoverable error
[   33.621673] ecc unrecoverable error
[   33.625915] ecc unrecoverable error
[   33.629699] ecc unrecoverable error
[   33.634002] ecc unrecoverable error
[   33.637756] ecc unrecoverable error
[   33.642761] ecc unrecoverable error
[   33.646514] ecc unrecoverable error
[   33.650268] ecc unrecoverable error
[   33.654113] ecc unrecoverable error
[   33.658355] ecc unrecoverable error
[   33.662200] ecc unrecoverable error
[   33.665954] ecc unrecoverable error
[   33.669738] ecc unrecoverable error
[   33.674011] ecc unrecoverable error
[   33.677764] ecc unrecoverable error
[   33.682037] ecc unrecoverable error
[   33.685760] ecc unrecoverable error
[   33.690673] ecc unrecoverable error
[   33.694458] ecc unrecoverable error
[   33.698211] ecc unrecoverable error
[   33.702026] ecc unrecoverable error
[   33.706268] ecc unrecoverable error
[   33.710052] ecc unrecoverable error
[   33.713867] ecc unrecoverable error
[   33.717651] ecc unrecoverable error
[   33.721893] ecc unrecoverable error
[   33.725646] ecc unrecoverable error
[   33.729858] ecc unrecoverable error
[   33.733673] ecc unrecoverable error
[   33.738464] ecc unrecoverable error
[   33.742309] ecc unrecoverable error
[   33.746063] ecc unrecoverable error
[   33.749816] ecc unrecoverable error
[   33.754058] ecc unrecoverable error
[   33.757843] ecc unrecoverable error
[   33.761657] ecc unrecoverable error
[   33.765411] ecc unrecoverable error
[   33.769653] ecc unrecoverable error
[   33.773498] ecc unrecoverable error
[   33.777740] ecc unrecoverable error
[   33.781555] ecc unrecoverable error
[   33.786468] ecc unrecoverable error
[   33.790252] ecc unrecoverable error
[   33.794097] ecc unrecoverable error
[   33.797821] ecc unrecoverable error
[   33.802337] ecc unrecoverable error
[   33.806121] ecc unrecoverable error
[   33.809875] ecc unrecoverable error
[   33.813690] ecc unrecoverable error
[   33.817932] ecc unrecoverable error
[   33.821746] ecc unrecoverable error
[   33.825988] ecc unrecoverable error
[   33.829742] ecc unrecoverable error
[   33.834686] ecc unrecoverable error
[   33.838470] ecc unrecoverable error
[   33.842285] ecc unrecoverable error
[   33.846038] ecc unrecoverable error
[   33.850280] ecc unrecoverable error
[   33.854095] ecc unrecoverable error
[   33.857879] ecc unrecoverable error
[   33.861694] ecc unrecoverable error
[   33.865905] ecc unrecoverable error
[   33.869659] ecc unrecoverable error
[   33.873901] ecc unrecoverable error
[   33.877655] ecc unrecoverable error
[   33.882537] ecc unrecoverable error
[   33.886291] ecc unrecoverable error
[   33.890045] ecc unrecoverable error
[   33.893859] ecc unrecoverable error
[   33.907135] ecc unrecoverable error
[   33.911102] ecc unrecoverable error
[   33.914886] ecc unrecoverable error
[   33.918640] ecc unrecoverable error
[   33.923126] ecc unrecoverable error
[   33.926910] ecc unrecoverable error
[   33.931396] ecc unrecoverable error
[   33.935150] ecc unrecoverable error
[   33.940155] ecc unrecoverable error
[   33.944122] ecc unrecoverable error
[   33.947845] ecc unrecoverable error
[   33.951690] ecc unrecoverable error
[   33.956176] ecc unrecoverable error
[   33.959930] ecc unrecoverable error
[   33.973419] ecc unrecoverable error
[   33.977203] ecc unrecoverable error
[   33.982543] ecc unrecoverable error
[   33.986297] ecc unrecoverable error
[   33.990051] ecc unrecoverable error
[   33.993988] ecc unrecoverable error
[   33.998535] ecc unrecoverable error
[   34.002441] ecc unrecoverable error
[   34.007446] ecc unrecoverable error
[   34.011322] ecc unrecoverable error
[   34.015075] ecc unrecoverable error
[   34.018859] ecc unrecoverable error
[   34.023193] ecc unrecoverable error
[   34.026947] ecc unrecoverable error
[   34.031890] ecc unrecoverable error
[   34.035675] ecc unrecoverable error
[   34.039428] ecc unrecoverable error
[   34.043273] ecc unrecoverable error
[   34.047485] ecc unrecoverable error
[   34.051300] ecc unrecoverable error
[   34.056182] ecc unrecoverable error
[   34.059967] ecc unrecoverable error
[   34.063781] ecc unrecoverable error
[   34.067565] ecc unrecoverable error
[   34.071838] ecc unrecoverable error
[   34.075592] ecc unrecoverable error
[   34.080444] ecc unrecoverable error
[   34.084320] ecc unrecoverable error
[   34.088104] ecc unrecoverable error
[   34.091918] ecc unrecoverable error
[   34.096160] ecc unrecoverable error
[   34.099914] ecc unrecoverable error
[   34.105133] ecc unrecoverable error
[   34.108917] ecc unrecoverable error
[   34.112762] ecc unrecoverable error
[   34.116516] ecc unrecoverable error
[   34.120880] ecc unrecoverable error
[   34.124633] ecc unrecoverable error
[   34.129547] ecc unrecoverable error
[   34.133392] ecc unrecoverable error
[   34.137145] ecc unrecoverable error
[   34.140960] ecc unrecoverable error
[   34.145202] ecc unrecoverable error
[   34.148956] ecc unrecoverable error
[   34.153808] ecc unrecoverable error
[   34.157592] ecc unrecoverable error
[   34.161437] ecc unrecoverable error
[   34.165191] ecc unrecoverable error
[   34.169403] ecc unrecoverable error
[   34.173248] ecc unrecoverable error
[   34.178131] ecc unrecoverable error
[   34.181945] ecc unrecoverable error
[   34.185729] ecc unrecoverable error
[   34.189483] ecc unrecoverable error
[   34.193756] ecc unrecoverable error
[   34.197540] ecc unrecoverable error
[   34.202453] ecc unrecoverable error
[   34.206207] ecc unrecoverable error
[   34.209960] ecc unrecoverable error
[   34.213806] ecc unrecoverable error
[   34.218017] ecc unrecoverable error
[   34.221862] ecc unrecoverable error
[   34.226715] ecc unrecoverable error
[   34.230560] ecc unrecoverable error
[   34.234283] ecc unrecoverable error
[   34.238067] ecc unrecoverable error
[   34.242309] ecc unrecoverable error
[   34.246063] ecc unrecoverable error
[   34.250976] ecc unrecoverable error
[   34.254730] ecc unrecoverable error
[   34.258483] ecc unrecoverable error
[   34.262298] ecc unrecoverable error
[   34.266540] ecc unrecoverable error
[   34.270294] ecc unrecoverable error
[   34.275146] ecc unrecoverable error
[   34.278930] ecc unrecoverable error
[   34.282745] ecc unrecoverable error
[   34.286499] ecc unrecoverable error
[   34.290771] ecc unrecoverable error
[   34.294525] ecc unrecoverable error
[   34.299438] ecc unrecoverable error
[   34.303253] ecc unrecoverable error
[   34.307006] ecc unrecoverable error
[   34.310821] ecc unrecoverable error
[   34.315063] ecc unrecoverable error
[   34.318847] ecc unrecoverable error
[   34.323730] ecc unrecoverable error
[   34.327484] ecc unrecoverable error
[   34.331298] ecc unrecoverable error
[   34.335083] ecc unrecoverable error
[   34.339324] ecc unrecoverable error
[   34.343139] ecc unrecoverable error
[   34.348022] ecc unrecoverable error
[   34.351837] ecc unrecoverable error
[   34.355621] ecc unrecoverable error
[   34.359374] ecc unrecoverable error
[   34.363616] ecc unrecoverable error
[   34.367401] ecc unrecoverable error
[   34.372375] ecc unrecoverable error
[   34.376129] ecc unrecoverable error
[   34.379882] ecc unrecoverable error
[   34.383728] ecc unrecoverable error
[   34.387969] ecc unrecoverable error
[   34.391784] ecc unrecoverable error
[   34.396575] ecc unrecoverable error
[   34.400360] ecc unrecoverable error
[   34.404205] ecc unrecoverable error
[   34.407958] ecc unrecoverable error
[   34.413024] ecc unrecoverable error
[   34.416839] ecc unrecoverable error
[   34.422454] ecc unrecoverable error
[   34.426239] ecc unrecoverable error
[   34.430053] ecc unrecoverable error
[   34.433898] ecc unrecoverable error
[   34.438446] ecc unrecoverable error
[   34.442321] ecc unrecoverable error
[   34.447235] ecc unrecoverable error
[   34.451080] ecc unrecoverable error
[   34.454864] ecc unrecoverable error
[   34.458618] ecc unrecoverable error
[   34.462921] ecc unrecoverable error
[   34.466674] ecc unrecoverable error
[   34.471649] ecc unrecoverable error
[   34.475402] ecc unrecoverable error
[   34.479156] ecc unrecoverable error
[   34.483245] ecc unrecoverable error
[   34.487548] ecc unrecoverable error
[   34.491394] ecc unrecoverable error
[   34.496307] ecc unrecoverable error
[   34.500061] ecc unrecoverable error
[   34.503906] ecc unrecoverable error
[   34.507690] ecc unrecoverable error
[   34.511962] ecc unrecoverable error
[   34.515747] ecc unrecoverable error
[   34.520629] ecc unrecoverable error
[   34.524383] ecc unrecoverable error
[   34.528167] ecc unrecoverable error
[   34.531982] ecc unrecoverable error
[   34.536224] ecc unrecoverable error
[   34.539978] ecc unrecoverable error
[   34.545532] ecc unrecoverable error
[   34.549285] ecc unrecoverable error
[   34.553131] ecc unrecoverable error
[   34.556915] ecc unrecoverable error
[   34.561218] ecc unrecoverable error
[   34.564971] ecc unrecoverable error
[   34.569885] ecc unrecoverable error
[   34.573760] ecc unrecoverable error
[   34.577514] ecc unrecoverable error
[   34.581329] ecc unrecoverable error
[   34.585571] ecc unrecoverable error
[   34.589324] ecc unrecoverable error
[   34.594238] ecc unrecoverable error
[   34.597991] ecc unrecoverable error
[   34.601837] ecc unrecoverable error
[   34.605590] ecc unrecoverable error
[   34.609802] ecc unrecoverable error
[   34.613647] ecc unrecoverable error
[   34.618499] ecc unrecoverable error
[   34.622344] ecc unrecoverable error
[   34.626068] ecc unrecoverable error
[   34.629852] ecc unrecoverable error
[   34.634094] ecc unrecoverable error
[   34.637878] ecc unrecoverable error
[   34.642822] ecc unrecoverable error
[   34.646575] ecc unrecoverable error
[   34.650329] ecc unrecoverable error
[   34.654174] ecc unrecoverable error
[   34.658386] ecc unrecoverable error
[   34.662231] ecc unrecoverable error
[   34.667236] ecc unrecoverable error
[   34.671081] ecc unrecoverable error
[   34.674835] ecc unrecoverable error
[   34.678588] ecc unrecoverable error
[   34.682922] ecc unrecoverable error
[   34.686706] ecc unrecoverable error
[   34.691741] ecc unrecoverable error
[   34.695526] ecc unrecoverable error
[   34.699279] ecc unrecoverable error
[   34.703124] ecc unrecoverable error
[   34.707366] ecc unrecoverable error
[   34.711212] ecc unrecoverable error
[   34.722503] ecc unrecoverable error
[   34.726318] ecc unrecoverable error
[   34.730041] ecc unrecoverable error
[   34.733978] ecc unrecoverable error
[   34.742553] ecc unrecoverable error
[   34.746368] ecc unrecoverable error
[   34.750885] ecc unrecoverable error
[   34.754669] ecc unrecoverable error
[   34.758422] ecc unrecoverable error
[   34.762268] ecc unrecoverable error
[   34.766662] ecc unrecoverable error
[   34.770416] ecc unrecoverable error
[   34.774993] ecc unrecoverable error
[   34.778747] ecc unrecoverable error
[   34.782623] ecc unrecoverable error
[   34.786407] ecc unrecoverable error
[   34.791046] ecc unrecoverable error
[   34.794799] ecc unrecoverable error
[   34.799072] ecc unrecoverable error
[   34.802917] ecc unrecoverable error
[   34.806640] ecc unrecoverable error
[   34.810394] ecc unrecoverable error
[   34.814666] ecc unrecoverable error
[   34.818450] ecc unrecoverable error
[   34.822723] ecc unrecoverable error
[   34.826477] ecc unrecoverable error
[   34.830230] ecc unrecoverable error
[   34.834045] ecc unrecoverable error
[   34.838256] ecc unrecoverable error
[   34.842071] ecc unrecoverable error
[   34.846282] ecc unrecoverable error
[   34.850036] ecc unrecoverable error
[   34.853851] ecc unrecoverable error
[   34.857604] ecc unrecoverable error
[   34.861846] ecc unrecoverable error
[   34.865600] ecc unrecoverable error
[   34.869781] ecc unrecoverable error
[   34.873596] ecc unrecoverable error
[   34.877349] ecc unrecoverable error
[   34.881164] ecc unrecoverable error
[   34.885375] ecc unrecoverable error
[   34.889129] ecc unrecoverable error
[   34.893615] ecc unrecoverable error
[   34.897399] ecc unrecoverable error
[   34.901184] ecc unrecoverable error
[   34.904968] ecc unrecoverable error
[   34.909149] ecc unrecoverable error
[   34.912963] ecc unrecoverable error
[   34.917175] ecc unrecoverable error
[   34.920989] ecc unrecoverable error
[   34.924743] ecc unrecoverable error
[   34.928497] ecc unrecoverable error
[   34.932739] ecc unrecoverable error
[   34.936492] ecc unrecoverable error
[   34.940734] ecc unrecoverable error
[   34.944519] ecc unrecoverable error
[   34.948242] ecc unrecoverable error
[   34.952056] ecc unrecoverable error
[   34.956268] ecc unrecoverable error
[   34.960021] ecc unrecoverable error
[   34.964263] ecc unrecoverable error
[   34.968048] ecc unrecoverable error
[   34.971832] ecc unrecoverable error
[   34.975616] ecc unrecoverable error
[   34.979797] ecc unrecoverable error
[   34.983612] ecc unrecoverable error
[   34.987792] ecc unrecoverable error
[   34.991607] ecc unrecoverable error
[   34.995361] ecc unrecoverable error
[   34.999114] ecc unrecoverable error
[   35.003356] ecc unrecoverable error
[   35.007110] ecc unrecoverable error
[   35.011352] ecc unrecoverable error
[   35.015136] ecc unrecoverable error
[   35.018859] ecc unrecoverable error
[   35.022705] ecc unrecoverable error
[   35.026855] ecc unrecoverable error
[   35.030670] ecc unrecoverable error
[   35.034881] ecc unrecoverable error
[   35.038635] ecc unrecoverable error
[   35.042449] ecc unrecoverable error
[   35.046203] ecc unrecoverable error
[   35.050384] ecc unrecoverable error
[   35.054229] ecc unrecoverable error
[   35.058410] ecc unrecoverable error
[   35.062225] ecc unrecoverable error
[   35.065979] ecc unrecoverable error
[   35.069732] ecc unrecoverable error
[   35.073974] ecc unrecoverable error
[   35.077728] ecc unrecoverable error
[   35.081970] ecc unrecoverable error
[   35.085723] ecc unrecoverable error
[   35.089477] ecc unrecoverable error
[   35.093292] ecc unrecoverable error
[   35.097473] ecc unrecoverable error
[   35.101318] ecc unrecoverable error
[   35.105468] ecc unrecoverable error
[   35.109222] ecc unrecoverable error
[   35.113037] ecc unrecoverable error
[   35.116790] ecc unrecoverable error
[   35.121063] ecc unrecoverable error
[   35.124816] ecc unrecoverable error
[   35.129058] ecc unrecoverable error
[   35.132904] ecc unrecoverable error
[   35.136657] ecc unrecoverable error
[   35.140411] ecc unrecoverable error
[   35.144622] ecc unrecoverable error
[   35.148376] ecc unrecoverable error
[   35.152648] ecc unrecoverable error
[   35.156402] ecc unrecoverable error
[   35.160156] ecc unrecoverable error
[   35.163970] ecc unrecoverable error
[   35.168212] ecc unrecoverable error
[   35.172058] ecc unrecoverable error
[   35.176269] ecc unrecoverable error
[   35.180023] ecc unrecoverable error
[   35.183837] ecc unrecoverable error
[   35.187591] ecc unrecoverable error
[   35.191833] ecc unrecoverable error
[   35.195617] ecc unrecoverable error
[   35.199798] ecc unrecoverable error
[   35.203613] ecc unrecoverable error
[   35.207366] ecc unrecoverable error
[   35.211181] ecc unrecoverable error
[   35.215362] ecc unrecoverable error
[   35.219146] ecc unrecoverable error
[   35.223358] ecc unrecoverable error
[   35.227111] ecc unrecoverable error
[   35.230926] ecc unrecoverable error
[   35.234680] ecc unrecoverable error
[   35.238891] ecc unrecoverable error
[   35.242706] ecc unrecoverable error
[   35.246917] ecc unrecoverable error
[   35.250732] ecc unrecoverable error
[   35.254486] ecc unrecoverable error
[   35.258239] ecc unrecoverable error
[   35.262451] ecc unrecoverable error
[   35.266204] ecc unrecoverable error
[   35.270385] ecc unrecoverable error
[   35.274230] ecc unrecoverable error
[   35.277954] ecc unrecoverable error
[   35.281768] ecc unrecoverable error
[   35.285980] ecc unrecoverable error
[   35.289764] ecc unrecoverable error
[   35.294006] ecc unrecoverable error
[   35.297760] ecc unrecoverable error
[   35.301574] ecc unrecoverable error
[   35.305328] ecc unrecoverable error
[   35.309509] ecc unrecoverable error
[   35.313323] ecc unrecoverable error
[   35.317504] ecc unrecoverable error
[   35.321350] ecc unrecoverable error
[   35.325103] ecc unrecoverable error
[   35.328857] ecc unrecoverable error
[   35.333068] ecc unrecoverable error
[   35.336822] ecc unrecoverable error
[   35.341064] ecc unrecoverable error
[   35.344818] ecc unrecoverable error
[   35.348541] ecc unrecoverable error
[   35.352386] ecc unrecoverable error
[   35.365844] ecc unrecoverable error
[   35.369659] ecc unrecoverable error
[   35.374298] ecc unrecoverable error
[   35.378051] ecc unrecoverable error
[   35.382537] ecc unrecoverable error
[   35.386291] ecc unrecoverable error
[   35.390655] ecc unrecoverable error
[   35.394439] ecc unrecoverable error
[   35.398864] ecc unrecoverable error
[   35.402740] ecc unrecoverable error
[   35.406982] ecc unrecoverable error
[   35.410858] ecc unrecoverable error
[   35.415100] ecc unrecoverable error
[   35.418853] ecc unrecoverable error
[   35.423095] ecc unrecoverable error
[   35.426879] ecc unrecoverable error
Starting Dropbear SSH server: dropbear.
Starting telnet daemon.
Starting network benchmark server: netserver.
Starting syslogd/klogd: done
Starting thttpd.
Starting Lighttpd Web Server: lighttpd.
2016-06-06 22:10:07: (log.c.166) server started 
Starting Matrix GUI application.
[   42.232391] random: crng init done
***************************************************************
***************************************************************
NOTICE: This file system contains the followin GPLv3 packages:
	binutils-dev
	binutils-symlinks
	binutils
	gdbserver
If you do not wish to distribute GPLv3 components please remove
the above packages prior to distribution.  This can be done using
the opkg remove command.  i.e.:
    opkg remove <package>
Where <package> is the name printed in the list above
NOTE: If the package is a dependency of another package you
      will be notified of the dependent packages.  You should
      use the --force-removal-of-dependent-packages option to
      also remove the dependent packages as well
 _____                    _____           _         _   
|  _  |___ ___ ___ ___   |  _  |___ ___  |_|___ ___| |_ 
|     |  _| .'| . | . |  |   __|  _| . | | | -_|  _|  _|
|__|__|_| |__,|_  |___|  |__|  |_| |___|_| |___|___|_|  
              |___|                    |___|            
Arago Project http://arago-project.org am37x-evm ttyO0
Arago 2011.09 am37x-evm ttyO0
am37x-evm login: 
- 12:49:07 [INFO] Host: root
- 12:49:08 [INFO] Target: 
root
root@am37x-evm:~# 
- 12:49:08 [INFO] Sleeping 15 secs to allow systemd to finish starting processes...
- 12:49:23 [INFO] Disconnected serial from am37x-evm
- 12:49:23 [INFO] Connected to am37x-evm via serial 
- 12:49:23 [INFO] Host: uname -a
- 12:49:23 [INFO] Target: 
uname -a
Linux am37x-evm 4.8.0-rc6-next-20160914-00002-g0f03b8fa373c #3 SMP Wed Sep 14 12:13:06 CDT 2016 armv7l unknown
root@am37x-evm:~# 
- 12:49:23 [INFO] Host: cat /proc/cmdline
- 12:49:23 [INFO] Target: 
cat /proc/cmdline
console=ttyO0,115200n8 earlyprintk=serial,ttyO0,115200n8   ip=:::::eth0:dhcp  root=/dev/mmcblk0p2 rw rootfstype=ext3 rootwait 
root@am37x-evm:~# 
- 12:49:23 [INFO] Host: uname -a
- 12:49:23 [INFO] Target: 
uname -a
Linux am37x-evm 4.8.0-rc6-next-20160914-00002-g0f03b8fa373c #3 SMP Wed Sep 14 12:13:06 CDT 2016 armv7l unknown
root@am37x-evm:~# 
- 12:49:23 [INFO] Host: cat /proc/mtd
- 12:49:23 [INFO] Target: 
cat /proc/mtd
dev:    size   erasesize  name
mtd0: 00080000 00020000 "X-Loader"
mtd1: 001c0000 00020000 "U-Boot"
mtd2: 00040000 00020000 "Environment"
mtd3: 00500000 00020000 "Kernel"
mtd4: 1f880000 00020000 "Filesystem"
root@am37x-evm:~# 
- 12:49:23 [INFO] Host: cat /proc/diskstats
- 12:49:23 [INFO] Target: 
cat /proc/diskstats
   1       0 ram0 0 0 0 0 0 0 0 0 0 0 0
   1       1 ram1 0 0 0 0 0 0 0 0 0 0 0
   1       2 ram2 0 0 0 0 0 0 0 0 0 0 0
   1       3 ram3 0 0 0 0 0 0 0 0 0 0 0
   1       4 ram4 0 0 0 0 0 0 0 0 0 0 0
   1       5 ram5 0 0 0 0 0 0 0 0 0 0 0
   1       6 ram6 0 0 0 0 0 0 0 0 0 0 0
   1       7 ram7 0 0 0 0 0 0 0 0 0 0 0
   1       8 ram8 0 0 0 0 0 0 0 0 0 0 0
   1       9 ram9 0 0 0 0 0 0 0 0 0 0 0
   1      10 ram10 0 0 0 0 0 0 0 0 0 0 0
   1      11 ram11 0 0 0 0 0 0 0 0 0 0 0
   1      12 ram12 0 0 0 0 0 0 0 0 0 0 0
   1      13 ram13 0 0 0 0 0 0 0 0 0 0 0
   1      14 ram14 0 0 0 0 0 0 0 0 0 0 0
   1      15 ram15 0 0 0 0 0 0 0 0 0 0 0
   7       0 loop0 0 0 0 0 0 0 0 0 0 0 0
   7       1 loop1 0 0 0 0 0 0 0 0 0 0 0
   7       2 loop2 0 0 0 0 0 0 0 0 0 0 0
   7       3 loop3 0 0 0 0 0 0 0 0 0 0 0
   7       4 loop4 0 0 0 0 0 0 0 0 0 0 0
   7       5 loop5 0 0 0 0 0 0 0 0 0 0 0
   7       6 loop6 0 0 0 0 0 0 0 0 0 0 0
   7       7 loop7 0 0 0 0 0 0 0 0 0 0 0
  31       0 mtdblock0 53 0 424 2880 0 0 0 0 0 2880 2880
  31       1 mtdblock1 110 0 880 4340 0 0 0 0 0 4340 4340
  31       2 mtdblock2 53 0 424 2940 0 0 0 0 0 2940 2940
  31       3 mtdblock3 117 0 936 4380 0 0 0 0 0 4380 4380
  31       4 mtdblock4 83 0 664 3690 0 0 0 0 0 3680 3680
 179       0 mmcblk0 2193 781 82241 17330 55 47 816 38010 0 11790 55310
 179       1 mmcblk0p1 304 1 3190 1370 0 0 0 0 0 1340 1350
 179       2 mmcblk0p2 1620 747 76133 14950 54 47 808 37950 0 11030 52890
 179       3 mmcblk0p3 259 33 2758 1000 1 0 8 60 0 1030 1060
root@am37x-evm:~# 
- 12:49:23 [INFO] Host: cat /proc/interrupts
- 12:49:23 [INFO] Target: 
cat /proc/interrupts
           CPU0       
 23:          0      INTC   7 Edge      TWL4030-PIH
 25:          0      INTC   9 Edge      l3-debug-irq
 26:          0      INTC  10 Edge      l3-app-irq
 28:          0      INTC  12 Edge      DMA
 29:       2252      INTC  13 Edge      omap-dma-engine
 36:          0      INTC  20 Edge      gpmc
 40:          0      INTC  24 Edge      480bd400.mmu
 45:          0      INTC  29 Edge      48310000.gpio
 46:          0      INTC  30 Edge      49050000.gpio
 47:          0      INTC  31 Edge      49052000.gpio
 48:          0      INTC  32 Edge      49054000.gpio
 49:          0      INTC  33 Edge      49056000.gpio
 50:         19      INTC  34 Edge      49058000.gpio
 53:       3442      INTC  37 Edge      gp_timer
 72:        976      INTC  56 Edge      48070000.i2c
 73:          0      INTC  57 Edge      48072000.i2c
 77:          0      INTC  61 Edge      48060000.i2c
 88:        640      INTC  72 Edge      OMAP UART0
 99:       6884      INTC  83 Edge      mmc0
102:        144      INTC  86 Edge      mmc1
288:         19  49058000.gpio  16 Level     eth0
306:        648      PRCM Edge      pm_wkup
315:         60      PRCM Edge      pinctrl, pinctrl, pinctrl, pm_io
338:          0   pinctrl 338 Edge      4806a000.serial
341:          0   twl4030   0 Edge      twl4030_gpio
346:          0   twl4030   5 Edge      twl4030_power
375:         20   pinctrl 282 Edge      4809c000.mmc
IPI0:          0  CPU wakeup interrupts
IPI1:          0  Timer broadcast interrupts
IPI2:          0  Rescheduling interrupts
IPI3:          0  Function call interrupts
IPI4:          0  CPU stop interrupts
IPI5:          0  IRQ work interrupts
IPI6:          0  completion interrupts
Err:          0
root@am37x-evm:~# 
- 12:49:23 [INFO] Host: cat /proc/softirqs
- 12:49:24 [INFO] Target: 
cat /proc/softirqs
                    CPU0       
          HI:          0
       TIMER:       3174
      NET_TX:          1
      NET_RX:         17
       BLOCK:          0
BLOCK_IOPOLL:          0
     TASKLET:       2276
       SCHED:          0
     HRTIMER:          0
         RCU:       5432
root@am37x-evm:~# 
- 12:49:29 [INFO] Host: export IPERFHOST=192.168.0.1
- 12:49:29 [INFO] Target: 
export IPERFHOST=192.168.0.1
root@am37x-evm:~# 
- 12:49:29 [INFO] Host: export NFS_SERVER=192.168.0.1
- 12:49:29 [INFO] Target: 
export NFS_SERVER=192.168.0.1
root@am37x-evm:~# 
- 12:49:29 [INFO] Host: export NFS_ROOT_PATH=/home/tigtfarm06/NFS_exports/linux/am37x-evm
- 12:49:30 [INFO] Target: 
export NFS_ROOT_PATH=/home/tigtfarm06/NFS_exports/linux/am37x-
root@am37x-evm:~# 
- 12:49:30 [INFO] Host: export AP_SSID=
- 12:49:30 [INFO] Target: 
export AP_SSID=
root@am37x-evm:~# 
- 12:49:30 [INFO] Host: mkdir -p -m 777 /test
- 12:49:30 [INFO] Target: 
mkdir -p -m 777 /test
root@am37x-evm:~# 
- 12:49:30 [INFO] Host: cd /test
- 12:49:30 [INFO] Target: 
cd /test
root@am37x-evm:/test# 
- 12:49:30 [INFO] Host: cat > test.sh << EOF
- 12:49:30 [INFO] Target: 
cat > test.sh << EOF
- 12:49:30 [INFO] Host: failtest() {
- 12:49:30 [INFO] Target: 
failtest() {
- 12:49:30 [INFO] Host:   echo 1 >&3
- 12:49:30 [INFO] Target: 
  echo 1 >&3
- 12:49:30 [INFO] Host: }
- 12:49:30 [INFO] Target: 
- 12:49:30 [INFO] Host: timeout=600
- 12:49:30 [INFO] Target: 
timeout=600
- 12:49:30 [INFO] Host: 
- 12:49:30 [INFO] Target: 
- 12:49:30 [INFO] Host: # Start of user's script logic
- 12:49:31 [INFO] Target: 
# Start of user's script logic
- 12:49:31 [INFO] Host: mount -t proc proc /proc 2>/dev/null;
- 12:49:31 [INFO] Target: 
mount -t proc proc /proc 2>/dev/null;
- 12:49:31 [INFO] Host: 
- 12:49:31 [INFO] Target: 
- 12:49:31 [INFO] Host: mount -t sysfs sys /sys 2>/dev/null;
- 12:49:31 [INFO] Target: 
mount -t sysfs sys /sys 2>/dev/null;
- 12:49:31 [INFO] Host: 
- 12:49:31 [INFO] Target: 
- 12:49:31 [INFO] Host: mount -t debugfs none /sys/kernel/debug 2>/dev/null;
- 12:49:31 [INFO] Target: 
mount -t debugfs none /sys/kernel/debug 2>/dev/null;
- 12:49:31 [INFO] Host: 
- 12:49:31 [INFO] Target: 
- 12:49:31 [INFO] Host: echo 'cpuinfo:';cat /proc/cpuinfo; echo '=======';
- 12:49:31 [INFO] Target: 
echo 'cpuinfo:';cat /proc/cpuinfo; echo '=======';
- 12:49:31 [INFO] Host: 
- 12:49:31 [INFO] Target: 
- 12:49:31 [INFO] Host: echo 'soc info:';head /sys/devices/soc0/* 2>/dev/null; echo '=======';
- 12:49:31 [INFO] Target: 
echo 'soc info:';head /sys/devices/soc0/* 2>/dev/null; echo '=======';
- 12:49:31 [INFO] Host: 
- 12:49:32 [INFO] Target: 
- 12:49:32 [INFO] Host: echo 'DT Model info'; head /proc/device-tree/name /proc/device-tree/model /proc/device-tree/compatible 2>/dev/null;echo; echo '=======';
- 12:49:32 [INFO] Target: 
echo 'DT Model info'; head /proc/device-tree/name /proc/device-tree/model /pro
c/device-tree/compatible 2>/dev/null;echo; echo '=======';
- 12:49:32 [INFO] Host: 
- 12:49:32 [INFO] Target: 
- 12:49:32 [INFO] Host: echo 'interrupts:';cat /proc/interrupts; echo '=======';
- 12:49:32 [INFO] Target: 
echo 'interrupts:';cat /proc/interrupts; echo '=======';
- 12:49:32 [INFO] Host: 
- 12:49:32 [INFO] Target: 
- 12:49:32 [INFO] Host: echo 'Clk_summary:';cat /sys/kernel/debug/clk/clk_summary; echo '=======';
- 12:49:32 [INFO] Target: 
echo 'Clk_summary:';cat /sys/kernel/debug/clk/clk_summary; echo '=======';
- 12:49:32 [INFO] Host: 
- 12:49:32 [INFO] Target: 
- 12:49:32 [INFO] Host: echo "Available frequencies"; cat /sys/devices/system/cpu/cpu0/cpufreq/scaling_available_frequencies 2>/dev/null;echo '=======';
- 12:49:32 [INFO] Target: 
echo "Available frequencies"; cat /sys/devices/system/cpu/cpu0/cpufreq/scaling
_available_frequencies 2>/dev/null;echo '=======';
- 12:49:32 [INFO] Host: 
- 12:49:32 [INFO] Target: 
- 12:49:32 [INFO] Host: TMPF=/tmp/a.\$\$; TMPF2=/tmp/b.\$\$; STR=""
- 12:49:32 [INFO] Target: 
TMPF=/tmp/a.\$\$; TMPF2=/tmp/b.\$\$; STR=""
- 12:49:32 [INFO] Host: 
- 12:49:33 [INFO] Target: 
- 12:49:33 [INFO] Host: cp /dev/kmsg \$TMPF &
- 12:49:33 [INFO] Target: 
cp /dev/kmsg \$TMPF &
- 12:49:33 [INFO] Host: 
- 12:49:33 [INFO] Target: 
- 12:49:33 [INFO] Host: PID=\$! ; sleep 5; kill -9 \$PID
- 12:49:33 [INFO] Target: 
PID=\$! ; sleep 5; kill -9 \$PID
- 12:49:33 [INFO] Host: 
- 12:49:33 [INFO] Target: 
- 12:49:33 [INFO] Host: 
- 12:49:33 [INFO] Target: 
- 12:49:33 [INFO] Host: 
- 12:49:33 [INFO] Target: 
- 12:49:33 [INFO] Host: cat \$TMPF|grep "^0">\$TMPF2; N=\`cat \$TMPF2|wc -l\`; if [ "\$N" -ne 0 ]; then STR="\$STR emerg=\$N";echo "===== EMERGE++";cat \$TMPF2|cut -d ';' -f2;echo "====="; fi
- 12:49:33 [INFO] Target: 
cat \$TMPF|grep "^0">\$TMPF2; N=\`cat \$TMPF2|wc -l\`; if [ "\$N" -ne 0 ]; the
n STR="\$STR emerg=\$N";echo "===== EMERGE++";cat \$TMPF2|cut -d ';' -f2;echo "=
===="; fi
- 12:49:33 [INFO] Host: 
- 12:49:33 [INFO] Target: 
- 12:49:33 [INFO] Host: cat \$TMPF|grep "^1">\$TMPF2; N=\`cat \$TMPF2|wc -l\`; if [ "\$N" -ne 0 ]; then STR="\$STR alert=\$N";echo "===== ALERT ==";cat \$TMPF2|cut -d ';' -f2;echo "====="; fi
- 12:49:33 [INFO] Target: 
cat \$TMPF|grep "^1">\$TMPF2; N=\`cat \$TMPF2|wc -l\`; if [ "\$N" -ne 0 ]; the
n STR="\$STR alert=\$N";echo "===== ALERT ==";cat \$TMPF2|cut -d ';' -f2;echo "=
===="; fi
- 12:49:33 [INFO] Host: 
- 12:49:34 [INFO] Target: 
- 12:49:34 [INFO] Host: cat \$TMPF|grep "^2">\$TMPF2; N=\`cat \$TMPF2|wc -l\`; if [ "\$N" -ne 0 ]; then STR="\$STR crit=\$N";echo "===== CRIT ==";cat \$TMPF2|cut -d ';' -f2;echo "====="; fi
- 12:49:34 [INFO] Target: 
cat \$TMPF|grep "^2">\$TMPF2; N=\`cat \$TMPF2|wc -l\`; if [ "\$N" -ne 0 ]; the
n STR="\$STR crit=\$N";echo "===== CRIT ==";cat \$TMPF2|cut -d ';' -f2;echo "===
=="; fi
- 12:49:34 [INFO] Host: 
- 12:49:34 [INFO] Target: 
- 12:49:34 [INFO] Host: cat \$TMPF|grep "^3">\$TMPF2; N=\`cat \$TMPF2|wc -l\`; if [ "\$N" -ne 0 ]; then STR="\$STR err=\$N";echo "===== ERR ==";cat \$TMPF2|cut -d ';' -f2;echo "=====" ;fi
- 12:49:34 [INFO] Target: 
cat \$TMPF|grep "^3">\$TMPF2; N=\`cat \$TMPF2|wc -l\`; if [ "\$N" -ne 0 ]; the
n STR="\$STR err=\$N";echo "===== ERR ==";cat \$TMPF2|cut -d ';' -f2;echo "=====
" ;fi
- 12:49:34 [INFO] Host: 
- 12:49:34 [INFO] Target: 
- 12:49:34 [INFO] Host: cat \$TMPF|grep "^4">\$TMPF2; N=\`cat \$TMPF2|wc -l\`; if [ "\$N" -ne 0 ]; then STR="\$STR warn=\$N";echo "===== WARN ==";cat \$TMPF2|cut -d ';' -f2;echo "=====" ;fi
- 12:49:34 [INFO] Target: 
cat \$TMPF|grep "^4">\$TMPF2; N=\`cat \$TMPF2|wc -l\`; if [ "\$N" -ne 0 ]; the
n STR="\$STR warn=\$N";echo "===== WARN ==";cat \$TMPF2|cut -d ';' -f2;echo "===
==" ;fi
- 12:49:34 [INFO] Host: 
- 12:49:34 [INFO] Target: 
- 12:49:34 [INFO] Host: rm \$TMPF \$TMPF2; echo "SUM""MARY RESULT: BOOT:" 'PASS: H''ello World' 'B''oard' "Booted" "Boot Log has::::\$STR:"
- 12:49:34 [INFO] Target: 
rm \$TMPF \$TMPF2; echo "SUM""MARY RESULT: BOOT:" 'PASS: H''ello World' 'B''oa
rd' "Booted" "Boot Log has::::\$STR:"
- 12:49:34 [INFO] Host: 
- 12:49:34 [INFO] Target: 
- 12:49:34 [INFO] Host: EOF
- 12:49:34 [INFO] Target: 
root@am37x-evm:/test# 
- 12:49:34 [INFO] Host: cd /test
- 12:49:35 [INFO] Target: 
cd /test
root@am37x-evm:/test# 
- 12:49:35 [INFO] Host: chmod +x test.sh
- 12:49:35 [INFO] Target: 
chmod +x test.sh
root@am37x-evm:/test# 
- 12:49:35 [INFO] Host: ./test.sh 2> stderr.log > stdout.log 3> result.log
- 12:49:40 [INFO] Target: 
./test.sh 2> stderr.log > stdout.log 3> result.log
root@am37x-evm:/test# 
- 12:49:40 [INFO] Host: echo $?
- 12:49:40 [INFO] Target: 
echo $?
root@am37x-evm:/test# 
- 12:49:40 [INFO] Host: cd /test
- 12:49:40 [INFO] Target: 
cd /test
root@am37x-evm:/test# 
- 12:49:40 [INFO] Host: cat stdout.log
- 12:49:45 [INFO] Target: 
cat stdout.log
cpuinfo:
processor	: 0
model name	: ARMv7 Processor rev 2 (v7l)
BogoMIPS	: 594.73
Features	: half thumb fastmult vfp edsp thumbee neon vfpv3 tls vfpd32 
CPU implementer	: 0x41
CPU architecture: 7
CPU variant	: 0x3
CPU part	: 0xc08
CPU revision	: 2
Hardware	: Generic OMAP36xx (Flattened Device Tree)
Revision	: 0000
Serial		: 0000000000000000
=======
soc info:
==> /sys/devices/soc0/family <==
OMAP3
==> /sys/devices/soc0/machine <==
OMAP3630
==> /sys/devices/soc0/power <==
==> /sys/devices/soc0/revision <==
ES1.2
==> /sys/devices/soc0/subsystem <==
==> /sys/devices/soc0/type <==
==> /sys/devices/soc0/uevent <==
=======
DT Model info
==> /proc/device-tree/name <==
==> /proc/device-tree/model <==
TI OMAP37XX EVM (TMDSEVM3730)
==> /proc/device-tree/compatible <==
ti,omap3-evm-37xxti,omap3630ti,omap3
=======
interrupts:
           CPU0       
 23:          0      INTC   7 Edge      TWL4030-PIH
 25:          0      INTC   9 Edge      l3-debug-irq
 26:          0      INTC  10 Edge      l3-app-irq
 28:          0      INTC  12 Edge      DMA
 29:       2259      INTC  13 Edge      omap-dma-engine
 36:          0      INTC  20 Edge      gpmc
 40:          0      INTC  24 Edge      480bd400.mmu
 45:          0      INTC  29 Edge      48310000.gpio
 46:          0      INTC  30 Edge      49050000.gpio
 47:          0      INTC  31 Edge      49052000.gpio
 48:          0      INTC  32 Edge      49054000.gpio
 49:          0      INTC  33 Edge      49056000.gpio
 50:         19      INTC  34 Edge      49058000.gpio
 53:       3714      INTC  37 Edge      gp_timer
 72:        976      INTC  56 Edge      48070000.i2c
 73:          0      INTC  57 Edge      48072000.i2c
 77:          0      INTC  61 Edge      48060000.i2c
 88:       8272      INTC  72 Edge      OMAP UART0
 99:       6917      INTC  83 Edge      mmc0
102:        144      INTC  86 Edge      mmc1
288:         19  49058000.gpio  16 Level     eth0
306:       1052      PRCM Edge      pm_wkup
315:         69      PRCM Edge      pinctrl, pinctrl, pinctrl, pm_io
338:          0   pinctrl 338 Edge      4806a000.serial
341:          0   twl4030   0 Edge      twl4030_gpio
346:          0   twl4030   5 Edge      twl4030_power
375:         23   pinctrl 282 Edge      4809c000.mmc
IPI0:          0  CPU wakeup interrupts
IPI1:          0  Timer broadcast interrupts
IPI2:          0  Rescheduling interrupts
IPI3:          0  Function call interrupts
IPI4:          0  CPU stop interrupts
IPI5:          0  IRQ work interrupts
IPI6:          0  completion interrupts
Err:          0
=======
Clk_summary:
   clock                         enable_cnt  prepare_cnt        rate   accuracy   phase
----------------------------------------------------------------------------------------
 secure_32k_fck                           0            1       32768          0 0  
    wdt1_fck                              0            0       32768          0 0  
    gpt12_fck                             0            1       32768          0 0  
 dummy_ck                                 0            0           0          0 0  
 mcbsp_clks                               0            5           0          0 0  
 sys_altclk                               0            0           0          0 0  
 virt_38_4m_ck                            0            0    38400000          0 0  
 virt_26000000_ck                         1            1    26000000          0 0  
    osc_sys_ck                            1            1    26000000          0 0  
       sys_clkout1                        0            0    26000000          0 0  
       sys_ck                             3           18    13000000          0 0  
          gpt9_fck                        0            1    13000000          0 0  
          gpt8_fck                        0            1    13000000          0 0  
          gpt7_fck                        0            1    13000000          0 0  
          gpt6_fck                        0            1    13000000          0 0  
          gpt5_fck                        0            1    13000000          0 0  
          gpt4_fck                        0            1    13000000          0 0  
          gpt3_fck                        0            1    13000000          0 0  
          gpt2_fck                        0            1    13000000          0 0  
          cpefuse_fck                     0            0    13000000          0 0  
          dpll5_ck                        0            1   120000000          0 0  
             dpll5_m2_ck                  0            1   120000000          0 0  
                dpll5_m2_d20_ck           0            0     6000000          0 0  
                dpll5_m2_d16_ck           0            0     7500000          0 0  
                dpll5_m2_d8_ck            0            0    15000000          0 0  
                dpll5_m2_d4_ck            0            0    30000000          0 0  
                usbhost_120m_fck           0            0   120000000          0 0  
                usbtll_fck                0            1   120000000          0 0  
          sys_d2_ck                       0            0     6500000          0 0  
             usim_fck                     0            0     6500000          0 0  
          modem_fck                       0            0    13000000          0 0  
          dpll2_ck                        0            1   260000000          0 0  
             dpll2_m2_ck                  0            1   260000000          0 0  
                iva2_ck                   0            2   260000000          0 0  
          sr2_fck                         0            1    13000000          0 0  
          sr1_fck                         0            1    13000000          0 0  
          traceclk_src_fck                0            0    13000000          0 0  
             traceclk_fck                 0            0    13000000          0 0  
          emu_src_mux_ck                  0            1    13000000          0 0  
             emu_src_ck                   0            1    13000000          0 0  
                atclk_fck                 0            0    13000000          0 0  
                pclkx2_fck                0            0    13000000          0 0  
                pclk_fck                  0            0     6500000          0 0  
          dss2_alwon_fck                  0            2    13000000          0 0  
          dpll1_ck                        0            1   600000000          0 0  
             dpll1_x2_ck                  0            1  1200000000          0 0  
                dpll1_x2m2_ck             0            1  1200000000          0 0  
                   mpu_ck                 0            1  1200000000          0 0  
                      emu_mpu_alwon_ck           0            0  1200000000          0 0  
                      arm_fck             0            1   600000000          0 0  
          dpll3_ck                        1            1   400000000          0 0  
             dpll3_x2_ck                  0            0   800000000          0 0  
             dpll3_m2_ck                  1            2   400000000          0 0  
                dpll3_m2x2_ck             0            1   800000000          0 0  
                   corex2_fck             0            1   800000000          0 0  
                      ssi_ssr_fck_3430es2           0            1   266666667          0 0  
                         ssi_sst_fck_3430es2           0            0   133333333          0 0  
                      corex2_d5_fck           0            0   160000000          0 0  
                      corex2_d3_fck           0            0   266666666          0 0  
                core_ck                   1            1   400000000          0 0  
                   core_d2_ck             0            0   200000000          0 0  
                      sgx_fck             0            0   200000000          0 0  
                   core_d6_ck             0            0    66666666          0 0  
                   core_d4_ck             0            0   100000000          0 0  
                   core_d3_ck             0            0   133333333          0 0  
                   dpll2_fck              0            0   400000000          0 0  
                   l3_ick                 2            3   200000000          0 0  
                      sgx_ick             0            0   200000000          0 0  
                      mad2d_ick           0            0   200000000          0 0  
                      sad2d_ick           0            1   200000000          0 0  
                      security_l3_ick           0            0   200000000          0 0  
                         pka_ick           0            0   200000000          0 0  
                      core_l3_ick           8           10   200000000          0 0  
                         hsotgusb_ick_3430es2           0            1   200000000          0 0  
                         gpmc_fck           2            2   200000000          0 0  
                         sdrc_ick           1            1   200000000          0 0  
                      l4_ick              7            8   100000000          0 0  
                         usbhost_ick           1            1   100000000          0 0  
                         dss_ick_3430es2           4            6   100000000          0 0  
                         sr_l4_ick           2            2   100000000          0 0  
                         ssi_l4_ick           1            1   100000000          0 0  
                            ssi_ick_3430es2           1            1   100000000          0 0  
                         cam_ick           0            1   100000000          0 0  
                         security_l4_ick2           0            0   100000000          0 0  
                            des1_ick           0            0   100000000          0 0  
                            sha11_ick           0            0   100000000          0 0  
                            rng_ick           0            0   100000000          0 0  
                            aes1_ick           0            0   100000000          0 0  
                         per_l4_ick          15           18   100000000          0 0  
                            mcbsp4_ick           1            1   100000000          0 0  
                            mcbsp3_ick           2            3   100000000          0 0  
                            mcbsp2_ick           2            3   100000000          0 0  
                            gpt2_ick           1            1   100000000          0 0  
                            gpt3_ick           1            1   100000000          0 0  
                            gpt4_ick           1            1   100000000          0 0  
                            gpt5_ick           1            1   100000000          0 0  
                            gpt6_ick           1            1   100000000          0 0  
                            gpt7_ick           1            1   100000000          0 0  
                            gpt8_ick           1            1   100000000          0 0  
                            gpt9_ick           1            1   100000000          0 0  
                            uart4_ick           1            1   100000000          0 0  
                            uart3_ick           1            1   100000000          0 0  
                            wdt3_ick           0            0   100000000          0 0  
                            gpio2_ick           0            1   100000000          0 0  
                            gpio3_ick           0            1   100000000          0 0  
                            gpio4_ick           0            1   100000000          0 0  
                            gpio5_ick           1            1   100000000          0 0  
                            gpio6_ick           1            1   100000000          0 0  
                         core_l4_ick          21           23   100000000          0 0  
                            mmchs3_ick           1            1   100000000          0 0  
                            usbtll_ick           1            1   100000000          0 0  
                            mailboxes_ick           0            1   100000000          0 0  
                            mspro_ick           0            0   100000000          0 0  
                            des2_ick           0            0   100000000          0 0  
                            icr_ick           0            0   100000000          0 0  
                            sha12_ick           1            2   100000000          0 0  
                            aes2_ick           1            2   100000000          0 0  
                            omapctrl_ick           1            1   100000000          0 0  
                            mcbsp1_ick           1            1   100000000          0 0  
                            mcbsp5_ick           1            1   100000000          0 0  
                            gpt10_ick           1            1   100000000          0 0  
                            gpt11_ick           1            1   100000000          0 0  
                            uart1_ick           1            1   100000000          0 0  
                            uart2_ick           1            1   100000000          0 0  
                            i2c1_ick           1            1   100000000          0 0  
                            i2c2_ick           1            1   100000000          0 0  
                            i2c3_ick           1            1   100000000          0 0  
                            mcspi1_ick           1            1   100000000          0 0  
                            mcspi2_ick           1            1   100000000          0 0  
                            mcspi3_ick           1            1   100000000          0 0  
                            mcspi4_ick           1            1   100000000          0 0  
                            hdq_ick           0            1   100000000          0 0  
                            mmchs1_ick           1            1   100000000          0 0  
                            mmchs2_ick           1            1   100000000          0 0  
                         rm_ick           0            0    50000000          0 0  
                   dpll1_fck              0            0   200000000          0 0  
             dpll3_m3_ck                  0            0   200000000          0 0  
                dpll3_m3x2_mul_ck           0            0   400000000          0 0  
                   dpll3_m3x2_ck           0            0   400000000          0 0  
                      emu_core_alwon_ck           0            0   400000000          0 0  
          dpll4_ck                        1            3   864000000          0 0  
             dpll4_x2_ck                  0            0  1728000000          0 0  
             dpll4_m6_ck                  0            0   288000000          0 0  
                dpll4_m6x2_mul_ck           0            0   288000000          0 0  
                   dpll4_m6x2_ck           0            0   288000000          0 0  
                      emu_per_alwon_ck           0            0   288000000          0 0  
             dpll4_m5_ck                  0            0   216000000          0 0  
                dpll4_m5x2_mul_ck           0            0   216000000          0 0  
                   dpll4_m5x2_ck           0            0   216000000          0 0  
                      cam_mclk            0            0   216000000          0 0  
             dpll4_m4_ck                  0            1    96000000          0 0  
                dpll4_m4x2_mul_ck           0            1    96000000          0 0  
                   dpll4_m4x2_ck           0            1    96000000          0 0  
                      dss1_alwon_fck_3430es2           0            4    96000000          0 0  
