- 06:38:25 [INFO] Starting target session
- 06:38:25 [INFO] Connected to am37x-evm via serial 
- 06:38:25 [INFO] Host: #check prompt
- 06:38:28 [ERROR] On command: #check prompt waiting for #check prompt.+?(?-mix:((?-mix:login:)|[Pp]assword)) >>> error: execution expired
- 06:38:28 [INFO] Target: 
#check prompt
root@am37x-evm:/test# 
- 06:38:28 [INFO] Host: #check prompt
- 06:38:28 [INFO] Target: 
#check prompt
root@am37x-evm:/test# 
- 06:38:28 [INFO] Host: sync;poweroff
- 06:38:41 [INFO] Target: 
sync;poweroff
Broadcast message from root (ttyO0) (Thu Dec  4 14:49:55 2014):
The system is going down for system halt NOW!
INIT: Switching to runlevel: root@am37x-evm:/test# 
INIT: Sending processes thStopping Dropbear SSH server: stopped /usr/sbin/dropbear (pid 1618)
dropbear.
Stopping telnet daemon.
Stopping Hardware abstraction layer hald
Stopping system message bus: stopped process in pidfile '/var/run/dbus/pid' (pid 1579)
dbus.
Stopping network benchmark server: netserverstopped /usr/sbin/netserver (pid 1630)
Stopping thttpdError opening /dev/fb0: No such file or directory
ALSA: Storing mixer settings...
/usr/sbin/alsactl: save_state:1519: No soundcards found...
Deconfiguring network interfaces... done.
Stopping Lighttpd Web Server: stopped /usr/sbin/lighttpd (pid 1658)
lighttpd.
Stopping syslogd/klogd: stopped syslogd (pid 1635)
stopped klogd (pid 1637)
done
Stopping Matrix GUI applicationstart-stop-daemon: warning: killing process 0: No such process
***************************************************************
***************************************************************
NOTICE: This file system contains the followin GPLv3 packages:
	binutils-dev
	binutils-symlinks
	binutils
	gdbserver
If you do not wish to distribute GPLv3 components please remove
the above packages prior to distribution.  This can be done using
the opkg remove command.  i.e.:
    opkg remove <package>
Where <package> is the name printed in the list above
NOTE: If the package is a dependency of another package you
      will be notified of the dependent packages.  You should
      use the --force-removal-of-dependent-packages option to
      also remove the dependent packages as well
***************************************************************
***************************************************************
Sending all processes the TERM signal...
Sending all processes the KILL signal...
hwclock: can't open '/dev/misc/rtc': No such file or directory
Unmounting remote filesystems...
Deactivating swap...
Unmounting local filesystems...
[45403.767425] reboot: Power down
[45403.770812] ------------[ cut here ]------------
[45403.775726] WARNING: CPU: 0 PID: 2919 at kernel/locking/lockdep.c:2744 lockdep_trace_alloc+0xec/0x10c()
[45403.785614] DEBUG_LOCKS_WARN_ON(irqs_disabled_flags(flags))
[45403.791320] Modules linked in:
[45403.794738] CPU: 0 PID: 2919 Comm: halt Not tainted 3.19.0-rc5-next-20150120-00002-g95f1e75a6717 #1
[45403.804260] Hardware name: Generic OMAP36xx (Flattened Device Tree)
[45403.810913] [<c00153f0>] (unwind_backtrace) from [<c0011a74>] (show_stack+0x10/0x14)
[45403.819091] [<c0011a74>] (show_stack) from [<c0583ec8>] (dump_stack+0x78/0x94)
[45403.826721] [<c0583ec8>] (dump_stack) from [<c003d5b8>] (warn_slowpath_common+0x7c/0xb4)
[45403.835266] [<c003d5b8>] (warn_slowpath_common) from [<c003d684>] (warn_slowpath_fmt+0x30/0x40)
[45403.844451] [<c003d684>] (warn_slowpath_fmt) from [<c00843fc>] (lockdep_trace_alloc+0xec/0x10c)
[45403.853637] [<c00843fc>] (lockdep_trace_alloc) from [<c013d6a4>] (__kmalloc_track_caller+0x40/0x258)
[45403.863281] [<c013d6a4>] (__kmalloc_track_caller) from [<c01168c0>] (kmemdup+0x1c/0x38)
[45403.871734] [<c01168c0>] (kmemdup) from [<c03b7f2c>] (regmap_bulk_write+0x74/0x19c)
[45403.879791] [<c03b7f2c>] (regmap_bulk_write) from [<c03c2e6c>] (twl_i2c_write+0x4c/0x88)
[45403.888336] [<c03c2e6c>] (twl_i2c_write) from [<c03c53c0>] (twl4030_power_off+0x3c/0x158)
[45403.896972] [<c03c53c0>] (twl4030_power_off) from [<c000f230>] (machine_power_off+0x24/0x2c)
[45403.905883] [<c000f230>] (machine_power_off) from [<c005a5e8>] (SyS_reboot+0x114/0x1f0)
[45403.914337] [<c005a5e8>] (SyS_reboot) from [<c000e5e0>] (ret_fast_syscall+0x0/0x4c)
[45403.922424] ---[ end trace e915972c413abc67 ]---
- 06:38:41 [INFO] Disconnected serial from am37x-evm
- 06:38:42 [INFO] Connected to am37x-evm via serial 
- 06:38:42 [INFO] Host: 
- 06:38:42 [ERROR] On command:  waiting for (?-mix:OMAP3_EVM\s*#) >>> error: execution expired
- 06:38:42 [INFO] Target: 
- 06:38:42 [INFO] Host: 
- 06:38:43 [ERROR] On command:  waiting for (?-mix:OMAP3_EVM\s*#) >>> error: execution expired
- 06:38:43 [INFO] Target: 
- 06:38:43 [INFO] Host: 
- 06:38:43 [ERROR] On command:  waiting for (?-mix:OMAP3_EVM\s*#) >>> error: execution expired
- 06:38:43 [INFO] Target: 
U-Boot SPL 2013.01.01 (Nov 27 2013 - 12:07:30)
OMAP SD/MMC: 0
reading u-boot.img
reading u-boot.img
U-Boot 2013.01.01 (Nov 27 2013 - 12:07:30)
OMAP3630/3730-GP ES1.2, CPU-OPP2, L3-165MHz, Max CPU Clock 1 Ghz
OMAP3 EVM board + LPDDR/NAND
I2C:   ready
DRAM:  256 MiB
NAND:  512 MiB
MMC:   OMAP SD/MMC: 0
- 06:38:43 [INFO] Host: 
- 06:38:44 [ERROR] On command:  waiting for (?-mix:OMAP3_EVM\s*#) >>> error: execution expired
- 06:38:44 [INFO] Target: 
- 06:38:44 [INFO] Host: 
- 06:38:44 [INFO] Target: 
In:    serial
Out:   serial
Err:   serial
Read back SMSC id 0x92200000
Die ID #16d400029ff80000015f02690c019016
Net:   smc911x-0
Hit any key to stop autoboot:  3  0 
OMAP3_EVM # 
OMAP3_EVM # 
- 06:38:44 [INFO] Host: 
- 06:38:45 [INFO] Target: 
OMAP3_EVM # 
- 06:38:45 [INFO] Host: version
- 06:38:45 [INFO] Target: 
version
U-Boot 2013.01.01 (Nov 27 2013 - 12:07:30)
arm-linux-gnueabihf-gcc (crosstool-NG linaro-1.13.1-4.7-2013.03-20130313 - Linaro GCC 2013.03) 4.7.3 20130226 (prerelease)
GNU ld (crosstool-NG linaro-1.13.1-4.7-2013.03-20130313 - Linaro GCC 2013.03) 2.23.1
OMAP3_EVM # 
- 06:38:45 [INFO] Host: setenv bootargs 'console=ttyO0,115200n8 earlyprintk  '
- 06:38:46 [INFO] Target: 
setenv bootargs 'console=ttyO0,115200n8 earlyprintk  '
OMAP3_EVM # 
- 06:38:46 [INFO] Host: setenv bootcmd  ''
- 06:38:46 [INFO] Target: 
setenv bootcmd  ''
OMAP3_EVM # 
- 06:38:46 [INFO] Host: setenv autoload 'no'
- 06:38:47 [INFO] Target: 
setenv autoload 'no'
OMAP3_EVM # 
- 06:38:47 [INFO] Host: setenv serverip '192.168.0.1'
- 06:38:47 [INFO] Target: 
setenv serverip '192.168.0.1'
OMAP3_EVM # 
- 06:38:47 [INFO] Host: printenv
- 06:38:48 [INFO] Target: 
printenv
autoload=no
baudrate=115200
bootargs=console=ttyO0,115200n8 earlyprintk  
bootcmd=
bootdelay=3
bootfile=uImage
bootscript=echo Running bootscript from mmc ...; source ${loadaddr}
console=ttyO0,115200n8
dieid#=16d400029ff80000015f02690c019016
ethact=smc911x-0
ethaddr=00:50:c2:7e:93:ba
loadaddr=0x82000000
loadbootscript=fatload mmc ${mmcdev} ${loadaddr} boot.scr
loaduimage=fatload mmc ${mmcdev} ${loadaddr} uImage
mmcargs=setenv bootargs console=${console} root=/dev/mmcblk0p2 rw rootfstype=ext3 rootwait
mmcboot=echo Booting from mmc ...; run mmcargs; bootm ${loadaddr}
mmcdev=0
nandargs=setenv bootargs console=${console} root=/dev/mtdblock4 rw rootfstype=jffs2
nandboot=echo Booting from nand ...; run nandargs; onenand read ${loadaddr} 280000 400000; bootm ${loadaddr}
ramdisk_addr=0x8A080000
serverip=192.168.0.1
stderr=serial
stdin=serial
stdout=serial
usbtty=cdc_acm
Environment size: 926/131068 bytes
OMAP3_EVM # 
- 06:38:48 [INFO] Host: printenv
- 06:38:48 [INFO] Target: 
printenv
autoload=no
baudrate=115200
bootargs=console=ttyO0,115200n8 earlyprintk  
bootcmd=
bootdelay=3
bootfile=uImage
bootscript=echo Running bootscript from mmc ...; source ${loadaddr}
console=ttyO0,115200n8
dieid#=16d400029ff80000015f02690c019016
ethact=smc911x-0
ethaddr=00:50:c2:7e:93:ba
loadaddr=0x82000000
loadbootscript=fatload mmc ${mmcdev} ${loadaddr} boot.scr
loaduimage=fatload mmc ${mmcdev} ${loadaddr} uImage
mmcargs=setenv bootargs console=${console} root=/dev/mmcblk0p2 rw rootfstype=ext3 rootwait
mmcboot=echo Booting from mmc ...; run mmcargs; bootm ${loadaddr}
mmcdev=0
nandargs=setenv bootargs console=${console} root=/dev/mtdblock4 rw rootfstype=jffs2
nandboot=echo Booting from nand ...; run nandargs; onenand read ${loadaddr} 280000 400000; bootm ${loadaddr}
ramdisk_addr=0x8A080000
serverip=192.168.0.1
stderr=serial
stdin=serial
stdout=serial
usbtty=cdc_acm
Environment size: 926/131068 bytes
OMAP3_EVM # 
- 06:38:48 [INFO] Host: setenv bootargs ''${bootargs}' ip=dhcp '
- 06:38:49 [INFO] Target: 
setenv bootargs ''${bootargs}' ip=dhcp '
OMAP3_EVM # 
- 06:38:49 [INFO] Host: setenv serverip '192.168.0.1'
- 06:38:49 [INFO] Target: 
setenv serverip '192.168.0.1'
OMAP3_EVM # 
- 06:38:49 [INFO] Host: setenv ipaddr dhcp
- 06:38:50 [INFO] Target: 
setenv ipaddr dhcp
OMAP3_EVM # 
- 06:38:50 [INFO] Host: setenv autoload 'no'
- 06:38:50 [INFO] Target: 
setenv autoload 'no'
OMAP3_EVM # 
- 06:38:50 [INFO] Host: dhcp
- 06:38:53 [INFO] Target: 
dhcp
smc911x: detected LAN9220 controller
smc911x: phy initialized
smc911x: MAC 00:50:c2:7e:93:ba
BOOTP broadcast 1
DHCP client bound to address 192.168.0.54
OMAP3_EVM # 
- 06:38:53 [INFO] Host: setenv serverip '192.168.0.1'
- 06:38:54 [INFO] Target: 
setenv serverip '192.168.0.1'
OMAP3_EVM # 
- 06:38:54 [INFO] Host: tftp ${loadaddr} 192.168.0.1:vatf_am37x-evm/5972e7e7199835af8c292f6e17078cfe
- 06:38:57 [INFO] Target: 
tftp ${loadaddr} 192.168.0.1:vatf_am37x-evm/5972e7e7199835af8c292f6e17078cfe
smc911x: detected LAN9220 controller
smc911x: phy initialized
smc911x: MAC 00:50:c2:7e:93:ba
Using smc911x-0 device
TFTP from server 192.168.0.1; our IP address is 192.168.0.54
Filename 'vatf_am37x-evm/5972e7e7199835af8c292f6e17078cfe'.
Load address: 0x82000000
Loading: *#################################################################
	 #################################################################
	 #################################################################
	 #################################################################
	 #################################################
	 3.3 MiB/s
done
Bytes transferred = 4521869 (44ff8d hex)
OMAP3_EVM # 
- 06:38:57 [INFO] Host: ls mmc 0:1
- 06:38:57 [INFO] Target: 
ls mmc 0:1
ls - list files in a directory (default /)
Usage:
ls [ directory ]
OMAP3_EVM # 
- 06:38:57 [INFO] Host: ls mmc 0:2
- 06:38:58 [INFO] Target: 
ls mmc 0:2
ls - list files in a directory (default /)
Usage:
ls [ directory ]
OMAP3_EVM # 
- 06:38:58 [INFO] Host: ls mmc 0:3
- 06:38:58 [INFO] Target: 
ls mmc 0:3
ls - list files in a directory (default /)
Usage:
ls [ directory ]
OMAP3_EVM # 
- 06:38:58 [INFO] Host: ls mmc 0:4
- 06:38:59 [INFO] Target: 
ls mmc 0:4
ls - list files in a directory (default /)
Usage:
ls [ directory ]
OMAP3_EVM # 
- 06:38:59 [INFO] Host: ls mmc 0:5
- 06:38:59 [INFO] Target: 
ls mmc 0:5
ls - list files in a directory (default /)
Usage:
ls [ directory ]
OMAP3_EVM # 
- 06:38:59 [INFO] Host: part uuid mmc 0:
- 06:39:00 [INFO] Target: 
part uuid mmc 0:
Unknown command 'part' - try 'help'
OMAP3_EVM # 
- 06:39:00 [INFO] Host: printenv
- 06:39:00 [INFO] Target: 
printenv
autoload=no
baudrate=115200
bootargs=console=ttyO0,115200n8 earlyprintk ip=dhcp
bootcmd=
bootdelay=3
bootfile=uImage
bootscript=echo Running bootscript from mmc ...; source ${loadaddr}
console=ttyO0,115200n8
dieid#=16d400029ff80000015f02690c019016
ethact=smc911x-0
ethaddr=00:50:c2:7e:93:ba
fileaddr=82000000
filesize=44FF8D
gatewayip=192.168.0.1
ipaddr=192.168.0.54
loadaddr=0x82000000
loadbootscript=fatload mmc ${mmcdev} ${loadaddr} boot.scr
loaduimage=fatload mmc ${mmcdev} ${loadaddr} uImage
mmcargs=setenv bootargs console=${console} root=/dev/mmcblk0p2 rw rootfstype=ext3 rootwait
mmcboot=echo Booting from mmc ...; run mmcargs; bootm ${loadaddr}
mmcdev=0
nandargs=setenv bootargs console=${console} root=/dev/mtdblock4 rw rootfstype=jffs2
nandboot=echo Booting from nand ...; run nandargs; onenand read ${loadaddr} 280000 400000; bootm ${loadaddr}
netmask=255.255.255.0
ramdisk_addr=0x8A080000
serverip=192.168.0.1
stderr=serial
stdin=serial
stdout=serial
usbtty=cdc_acm
Environment size: 1040/131068 bytes
OMAP3_EVM # 
- 06:39:00 [INFO] Host: setenv bootargs ''${bootargs}' root=/dev/mmcblk0p2 rw rootfstype=ext3 rootwait '
- 06:39:01 [INFO] Target: 
setenv bootargs ''${bootargs}' root=/dev/mmcblk0p2 rw rootfstype=ext3 rootwait '
OMAP3_EVM # 
- 06:39:01 [INFO] Host: printenv
- 06:39:01 [INFO] Target: 
printenv
autoload=no
baudrate=115200
bootargs=console=ttyO0,115200n8 earlyprintk ip=dhcp root=/dev/mmcblk0p2 rw rootfstype=ext3 rootwait
bootcmd=
bootdelay=3
bootfile=uImage
bootscript=echo Running bootscript from mmc ...; source ${loadaddr}
console=ttyO0,115200n8
dieid#=16d400029ff80000015f02690c019016
ethact=smc911x-0
ethaddr=00:50:c2:7e:93:ba
fileaddr=82000000
filesize=44FF8D
gatewayip=192.168.0.1
ipaddr=192.168.0.54
loadaddr=0x82000000
loadbootscript=fatload mmc ${mmcdev} ${loadaddr} boot.scr
loaduimage=fatload mmc ${mmcdev} ${loadaddr} uImage
mmcargs=setenv bootargs console=${console} root=/dev/mmcblk0p2 rw rootfstype=ext3 rootwait
mmcboot=echo Booting from mmc ...; run mmcargs; bootm ${loadaddr}
mmcdev=0
nandargs=setenv bootargs console=${console} root=/dev/mtdblock4 rw rootfstype=jffs2
nandboot=echo Booting from nand ...; run nandargs; onenand read ${loadaddr} 280000 400000; bootm ${loadaddr}
netmask=255.255.255.0
ramdisk_addr=0x8A080000
serverip=192.168.0.1
stderr=serial
stdin=serial
stdout=serial
usbtty=cdc_acm
Environment size: 1088/131068 bytes
OMAP3_EVM # 
- 06:39:01 [INFO] Host: setenv bootcmd ''${bootcmd}' if iminfo ${loadaddr}; then bootm ${loadaddr}  ; else bootz ${loadaddr}  ; bootm ${loadaddr}  ; fi'
- 06:39:02 [INFO] Target: 
setenv bootcmd ''${bootcmd}' if iminfo ${loadaddr}; then bootm ${loadaddr}  ; else bootz ${loadaddr}  ; bootm ${loadaddr}  ; fi'
OMAP3_EVM # 
- 06:39:02 [INFO] Host: bdinfo
- 06:39:02 [INFO] Target: 
bdinfo
arch_number = 0x000005FF
boot_params = 0x80000100
DRAM bank   = 0x00000000
-> start    = 0x80000000
-> size     = 0x10000000
DRAM bank   = 0x00000001
-> start    = 0x90000000
-> size     = 0x00000000
ethaddr     = 00:50:c2:7e:93:ba
ip_addr     = 192.168.0.54
baudrate    = 115200 bps
TLB addr    = 0x8FFF0000
relocaddr   = 0x8FF6E000
reloc off   = 0x0FE6E000
irq_sp      = 0x8FF0DF58
sp start    = 0x8FF0DF48
FB base     = 0x00000000
OMAP3_EVM # 
- 06:39:02 [INFO] Host: mmc rescan
- 06:39:03 [INFO] Target: 
mmc rescan
OMAP3_EVM # 
- 06:39:03 [INFO] Host: fatwrite mmc ${mmcdev}:1 ${loadaddr} ws-calibrate.rules 4
- 06:39:03 [INFO] Target: 
fatwrite mmc ${mmcdev}:1 ${loadaddr} ws-calibrate.rules 4
Unknown command 'fatwrite' - try 'help'
OMAP3_EVM # 
- 06:39:03 [INFO] Host: boot
- 06:41:33 [ERROR] On command: boot waiting for boot.+?(?-mix:login:) >>> error: execution expired
- 06:41:33 [INFO] Target: 
boot
Unknown command 'iminfo' - try 'help'
Unknown command 'bootz' - try 'help'
## Booting kernel from Legacy Image at 82000000 ...
   Image Name:   Linux-3.19.0-rc5-next-20150121-0
   Image Type:   ARM Linux Kernel Image (uncompressed)
   Data Size:    4521805 Bytes = 4.3 MiB
   Load Address: 80800000
   Entry Point:  80800000
   Verifying Checksum ... OK
   Loading Kernel Image ... OK
Starting kernel ...
[    0.000000] Booting Linux on physical CPU 0x0
[    0.000000] Initializing cgroup subsys cpuset
[    0.000000] Initializing cgroup subsys cpu
[    0.000000] Initializing cgroup subsys cpuacct
[    0.000000] Linux version 3.19.0-rc5-next-20150121-00002-gec64530e4d74 (nmenon@kahuna) (gcc version 4.6.3 (Ubuntu/Linaro 4.6.3-1ubuntu5) ) #1 SMP Wed Jan 21 05:38:59 CST 2015
[    0.000000] CPU: ARMv7 Processor [413fc082] revision 2 (ARMv7), cr=10c5387d
[    0.000000] CPU: PIPT / VIPT nonaliasing data cache, VIPT aliasing instruction cache
[    0.000000] Machine model: TI OMAP37XX EVM (TMDSEVM3730)
[    0.000000] cma: Reserved 16 MiB at 0x8e800000
[    0.000000] Memory policy: Data cache writeback
[    0.000000] CPU: All CPU(s) started in SVC mode.
[    0.000000] OMAP3630 ES1.2 (l2cache iva sgx neon isp 192mhz_clk )
[    0.000000] PERCPU: Embedded 12 pages/cpu @cfc3a000 s19392 r8192 d21568 u49152
[    0.000000] Built 1 zonelists in Zone order, mobility grouping on.  Total pages: 64704
[    0.000000] Kernel command line: console=ttyO0,115200n8 earlyprintk ip=dhcp root=/dev/mmcblk0p2 rw rootfstype=ext3 rootwait
[    0.000000] PID hash table entries: 1024 (order: 0, 4096 bytes)
[    0.000000] Dentry cache hash table entries: 32768 (order: 5, 131072 bytes)
[    0.000000] Inode-cache hash table entries: 16384 (order: 4, 65536 bytes)
[    0.000000] Memory: 224240K/261120K available (5858K kernel code, 625K rwdata, 2244K rodata, 432K init, 8220K bss, 20496K reserved, 16384K cma-reserved, 0K highmem)
[    0.000000] Virtual kernel memory layout:
[    0.000000]     vector  : 0xffff0000 - 0xffff1000   (   4 kB)
[    0.000000]     fixmap  : 0xffc00000 - 0xfff00000   (3072 kB)
[    0.000000]     vmalloc : 0xd0800000 - 0xff000000   ( 744 MB)
[    0.000000]     lowmem  : 0xc0000000 - 0xd0000000   ( 256 MB)
[    0.000000]     pkmap   : 0xbfe00000 - 0xc0000000   (   2 MB)
[    0.000000]     modules : 0xbf000000 - 0xbfe00000   (  14 MB)
[    0.000000]       .text : 0xc0008000 - 0xc07f1b78   (8103 kB)
[    0.000000]       .init : 0xc07f2000 - 0xc085e000   ( 432 kB)
[    0.000000]       .data : 0xc085e000 - 0xc08fa7e8   ( 626 kB)
[    0.000000]        .bss : 0xc08fa7e8 - 0xc11019c8   (8221 kB)
[    0.000000] Hierarchical RCU implementation.
[    0.000000] 	Additional per-CPU info printed with stalls.
[    0.000000] 	RCU restricting CPUs from NR_CPUS=2 to nr_cpu_ids=1.
[    0.000000] RCU: Adjusting geometry for rcu_fanout_leaf=16, nr_cpu_ids=1
[    0.000000] NR_IRQS:16 nr_irqs:16 16
[    0.000000] IRQ: Found an INTC at 0xfa200000 (revision 4.0) with 96 interrupts
[    0.000000] Clocking rate (Crystal/Core/MPU): 26.0/400/600 MHz
[    0.000000] OMAP clockevent source: timer1 at 32768 Hz
[    0.000030] sched_clock: 32 bits at 32kHz, resolution 30517ns, wraps every 65536000000000ns
[    0.000030] OMAP clocksource: 32k_counter at 32768 Hz
[    0.001251] Console: colour dummy device 80x30
[    0.001342] Lock dependency validator: Copyright (c) 2006 Red Hat, Inc., Ingo Molnar
[    0.001342] ... MAX_LOCKDEP_SUBCLASSES:  8
[    0.001342] ... MAX_LOCK_DEPTH:          48
[    0.001373] ... MAX_LOCKDEP_KEYS:        8191
[    0.001373] ... CLASSHASH_SIZE:          4096
[    0.001403] ... MAX_LOCKDEP_ENTRIES:     32768
[    0.001403] ... MAX_LOCKDEP_CHAINS:      65536
[    0.001434] ... CHAINHASH_SIZE:          32768
[    0.001434]  memory used by lock dependency info: 5167 kB
[    0.001434]  per task-struct memory footprint: 1152 bytes
[    0.001495] Calibrating delay loop... 594.73 BogoMIPS (lpj=2973696)
[    0.107604] pid_max: default: 32768 minimum: 301
[    0.108123] Security Framework initialized
[    0.108337] Mount-cache hash table entries: 1024 (order: 0, 4096 bytes)
[    0.108367] Mountpoint-cache hash table entries: 1024 (order: 0, 4096 bytes)
[    0.112457] Initializing cgroup subsys blkio
[    0.112518] Initializing cgroup subsys memory
[    0.112640] Initializing cgroup subsys devices
[    0.112762] Initializing cgroup subsys freezer
[    0.112945] Initializing cgroup subsys perf_event
[    0.113037] CPU: Testing write buffer coherency: ok
[    0.114776] CPU0: thread -1, cpu 0, socket -1, mpidr 0
[    0.114929] Setting up static identity map for 0x8058dca0 - 0x8058dd10
[    0.120086] Brought up 1 CPUs
[    0.120086] SMP: Total of 1 processors activated (594.73 BogoMIPS).
[    0.120117] CPU: All CPU(s) started in SVC mode.
[    0.124237] devtmpfs: initialized
[    0.135833] VFP support v0.3: implementor 41 architecture 3 part 30 variant c rev 3
[    0.217834] omap_hwmod: mcbsp2_sidetone using broken dt data from mcbsp
[    0.220153] omap_hwmod: mcbsp3_sidetone using broken dt data from mcbsp
[    0.328948] pinctrl core: initialized pinctrl subsystem
[    0.436126] NET: Registered protocol family 16
[    0.446807] DMA: preallocated 256 KiB pool for atomic coherent allocations
[    0.449890] cpuidle: using governor ladder
[    0.449920] cpuidle: using governor menu
[    0.458190] Reprogramming SDRC clock to 400000000 Hz
[    0.472900] OMAP GPIO hardware version 2.5
[    0.487213] irq: no irq domain found for /ocp/pinmux@48002030 !
[    0.488128] irq: no irq domain found for /ocp/pinmux@48002030 !
[    0.488952] irq: no irq domain found for /ocp/pinmux@48002030 !
[    0.513214] omap-gpmc 6e000000.gpmc: GPMC revision 5.0
[    0.517913] platform 48058000.ssi-controller: Cannot lookup hwmod 'ssi'
[    0.526306] No ATAGs?
[    0.526336] hw-breakpoint: debug architecture 0x4 unsupported.
[    0.530120] OMAP DMA hardware revision 5.0
[    0.614318] omap-dma-engine 48056000.dma-controller: OMAP DMA engine driver
[    0.618041] reg-fixed-voltage wl12xx_vmmc: could not find pctldev for node /ocp/pinmux@48002030/pinmux_wl12xx_gpio, deferring probe
[    0.618103] platform wl12xx_vmmc: Driver reg-fixed-voltage requests probe deferral
[    0.624999] SCSI subsystem initialized
[    0.633209] omap_i2c 48070000.i2c: bus 0 rev4.4 at 2600 kHz
[    0.634918] omap_i2c 48072000.i2c: bus 1 rev4.4 at 400 kHz
[    0.638061] omap_i2c 48060000.i2c: bus 2 rev4.4 at 400 kHz
[    0.644592] Switched to clocksource 32k_counter
[    0.870300] NET: Registered protocol family 2
[    0.872711] TCP established hash table entries: 2048 (order: 1, 8192 bytes)
[    0.872955] TCP bind hash table entries: 2048 (order: 4, 73728 bytes)
[    0.874084] TCP: Hash tables configured (established 2048 bind 2048)
[    0.874481] TCP: reno registered
[    0.874542] UDP hash table entries: 256 (order: 2, 20480 bytes)
[    0.874847] UDP-Lite hash table entries: 256 (order: 2, 20480 bytes)
[    0.876373] NET: Registered protocol family 1
[    0.878845] RPC: Registered named UNIX socket transport module.
[    0.878875] RPC: Registered udp transport module.
[    0.878906] RPC: Registered tcp transport module.
[    0.878906] RPC: Registered tcp NFSv4.1 backchannel transport module.
[    0.883941] hw perfevents: enabled with armv7_cortex_a8 PMU driver, 5 counters available
[    0.892089] futex hash table entries: 256 (order: 2, 16384 bytes)
[    0.892425] audit: initializing netlink subsys (disabled)
[    0.892730] audit: type=2000 audit(0.870:1): initialized
[    0.899230] VFS: Disk quotas dquot_6.5.2
[    0.899444] VFS: Dquot-cache hash table entries: 1024 (order 0, 4096 bytes)
[    0.902862] NFS: Registering the id_resolver key type
[    0.903350] Key type id_resolver registered
[    0.903381] Key type id_legacy registered
[    0.903625] jffs2: version 2.2. (NAND) (SUMMARY)   2001-2006 Red Hat, Inc.
[    0.909851] io scheduler noop registered
[    0.909881] io scheduler deadline registered
[    0.909973] io scheduler cfq registered (default)
[    0.912750] pinctrl-single 48002030.pinmux: 284 pins at pa fa002030 size 568
[    0.913513] pinctrl-single 48002a00.pinmux: 46 pins at pa fa002a00 size 92
[    0.914886] pinctrl-single 480025a0.pinmux: 46 pins at pa fa0025a0 size 92
[    0.922332] Serial: 8250/16550 driver, 4 ports, IRQ sharing enabled
[    0.932403] 4806a000.serial: ttyO0 at MMIO 0x4806a000 (irq = 88, base_baud = 3000000) is a OMAP UART0
[    1.684173] console [ttyO0] enabled
[    1.691192] 4806c000.serial: ttyO1 at MMIO 0x4806c000 (irq = 89, base_baud = 3000000) is a OMAP UART1
[    1.703918] 49020000.serial: ttyO2 at MMIO 0x49020000 (irq = 90, base_baud = 3000000) is a OMAP UART2
[    1.715942] omap_uart 49042000.serial: no wakeirq for uart0
[    1.722229] 49042000.serial: ttyO3 at MMIO 0x49042000 (irq = 96, base_baud = 3000000) is a OMAP UART3
[    1.739135]  ram0: unknown partition table
[    1.746337]  ram1: unknown partition table
[    1.752929]  ram2: unknown partition table
[    1.759796]  ram3: unknown partition table
[    1.766479]  ram4: unknown partition table
[    1.773010]  ram5: unknown partition table
[    1.779663]  ram6: unknown partition table
[    1.786499]  ram7: unknown partition table
[    1.792999]  ram8: unknown partition table
[    1.799652]  ram9: unknown partition table
[    1.806427]  ram10: unknown partition table
[    1.813018]  ram11: unknown partition table
[    1.819854]  ram12: unknown partition table
[    1.826690]  ram13: unknown partition table
[    1.833343]  ram14: unknown partition table
[    1.840148]  ram15: unknown partition table
[    1.845428] brd: module loaded
[    1.873962] loop: module loaded
[    1.901672] twl 0-0048: PIH (irq 23) chaining IRQs 341..349
[    1.908111] twl 0-0048: power (irq 346) chaining IRQs 349..356
[    1.973205] twl4030_gpio twl4030-gpio: gpio (irq 341) chaining IRQs 357..374
[    2.051574] mtdoops: mtd device (mtddev=name/number) must be supplied
[    2.060821] nand: Could not find valid ONFI parameter page; aborting
[    2.067657] nand: device found, Manufacturer ID: 0xad, Chip ID: 0xbc
[    2.074401] nand: Hynix NAND 512MiB 1,8V 16-bit
[    2.079193] nand: 512 MiB, SLC, erase size: 128 KiB, page size: 2048, OOB size: 64
[    2.087219] nand: using OMAP_ECC_BCH8_CODE_HW_DETECTION_SW
[    2.095855] 5 ofpart partitions found on MTD device omap2-nand.0
[    2.102203] Creating 5 MTD partitions on "omap2-nand.0":
[    2.107879] 0x000000000000-0x000000080000 : "X-Loader"
[    2.121398] 0x000000080000-0x000000240000 : "U-Boot"
[    2.132659] 0x000000240000-0x000000280000 : "Environment"
[    2.143157] 0x000000280000-0x000000780000 : "Kernel"
[    2.157165] 0x000000780000-0x000020000000 : "Filesystem"
[    2.625213] libphy: smsc911x-mdio: probed
[    2.629974] smsc911x 2c000000.ethernet eth0: attached PHY driver [SMSC LAN8700] (mii_bus:phy_addr=2c000000.etherne:01, irq=-1)
[    2.642364] smsc911x 2c000000.ethernet eth0: MAC Address: 00:50:c2:7e:93:ba
[    2.655303] mousedev: PS/2 mouse device common for all mice
[    2.661193] i2c /dev entries driver
[    2.668670] Driver 'mmcblk' needs updating - please use bus_type methods
[    2.725677] omap_hsmmc 480b4000.mmc: unable to get vmmc regulator -517
[    2.733245] platform 480b4000.mmc: Driver omap_hsmmc requests probe deferral
[    2.741546] ledtrig-cpu: registered to indicate activity on CPUs
[    2.749969] oprofile: using arm/armv7
[    2.754913] TCP: cubic registered
[    2.758453] Initializing XFRM netlink socket
[    2.763153] NET: Registered protocol family 17
[    2.768035] NET: Registered protocol family 15
[    2.773162] Key type dns_resolver registered
[    2.778137] omap2_set_init_voltage: unable to find boot up OPP for vdd_mpu_iva
[    2.785797] omap2_set_init_voltage: unable to set vdd_mpu_iva
[    2.791900] omap2_set_init_voltage: unable to find boot up OPP for vdd_core
[    2.799285] omap2_set_init_voltage: unable to set vdd_core
[    2.809967] ThumbEE CPU extension supported.
[    2.814605] Registering SWP/SWPB emulation handler
[    2.819702] SmartReflex Class3 initialized
[    2.838684] vwl1271: supplied by VMMC2
[    2.874725] mmc0: host does not support reading read-only switch, assuming write-enable
[    2.885498] mmc0: new high speed SDHC card at address b368
[    2.894042] mmcblk0: mmc0:b368 SDC   3.74 GiB 
[    2.904510]  mmcblk0: p1 p2 p3
[    2.967895] drivers/rtc/hctosys.c: unable to open rtc device (rtc0)
[    2.974639] sr_init: No PMIC hook to init smartreflex
[    2.980529] smartreflex smartreflex.0: omap_sr_probe: SmartReflex driver initialized
[    2.989746] smartreflex smartreflex.1: omap_sr_probe: SmartReflex driver initialized
[    3.092132] smsc911x 2c000000.ethernet eth0: SMSC911x/921x identified at 0xd090e000, IRQ: 288
[    3.107543] omap_hsmmc 480b4000.mmc: card claims to support voltages below defined range
[    3.135437] mmc1: queuing unknown CIS tuple 0x91 (3 bytes)
[    3.145874] mmc1: new SDIO card at address 0001
[    5.654327] Sending DHCP requests ., OK
[    5.724822] IP-Config: Got DHCP answer from 192.168.0.1, my address is 192.168.0.54
[    5.733581] IP-Config: Complete:
[    5.737121]      device=eth0, hwaddr=00:50:c2:7e:93:ba, ipaddr=192.168.0.54, mask=255.255.255.0, gw=192.168.0.1
[    5.747802]      host=192.168.0.54, domain=tim.com, nis-domain=(none)
[    5.754638]      bootserver=192.168.0.1, rootserver=192.168.0.1, rootpath=
[    5.761688]      nameserver0=192.0.2.2, nameserver1=192.0.2.3
[    5.768402] vwl1271: disabling
[    5.772796] VUSB3V1: disabling
[    5.778900] lcd_3v3: disabling
[    5.801361] kjournald starting.  Commit interval 5 seconds
[    5.807739] EXT3-fs (mmcblk0p2): warning: maximal mount count reached, running e2fsck is recommended
[    6.173126] EXT3-fs (mmcblk0p2): using internal journal
[    6.178710] EXT3-fs (mmcblk0p2): mounted filesystem with ordered data mode
[    6.186187] VFS: Mounted root (ext3 filesystem) on device 179:2.
[    6.198272] devtmpfs: mounted
[    6.202484] Freeing unused kernel memory: 432K (c07f2000 - c085e000)
INIT: version 2.86 booting
[    6.454406] ------------[ cut here ]------------
[    6.459320] WARNING: CPU: 0 PID: 56 at mm/mmap.c:2859 exit_mmap+0x1a8/0x21c()
[    6.466918] Modules linked in:
[    6.470153] CPU: 0 PID: 56 Comm: init Not tainted 3.19.0-rc5-next-20150121-00002-gec64530e4d74 #1
[    6.479553] Hardware name: Generic OMAP36xx (Flattened Device Tree)
[    6.486236] [<c00153f0>] (unwind_backtrace) from [<c0011a74>] (show_stack+0x10/0x14)
[    6.494445] [<c0011a74>] (show_stack) from [<c05855d8>] (dump_stack+0x78/0x94)
[    6.502105] [<c05855d8>] (dump_stack) from [<c003d5cc>] (warn_slowpath_common+0x7c/0xb4)
[    6.510681] [<c003d5cc>] (warn_slowpath_common) from [<c003d620>] (warn_slowpath_null+0x1c/0x24)
[    6.519989] [<c003d620>] (warn_slowpath_null) from [<c012df48>] (exit_mmap+0x1a8/0x21c)
[    6.528472] [<c012df48>] (exit_mmap) from [<c003acb4>] (mmput+0x44/0xec)
[    6.535614] [<c003acb4>] (mmput) from [<c015142c>] (flush_old_exec+0x300/0x5a4)
[    6.543334] [<c015142c>] (flush_old_exec) from [<c0195cf0>] (load_elf_binary+0x2ec/0x1144)
[    6.552124] [<c0195cf0>] (load_elf_binary) from [<c0150f64>] (search_binary_handler+0x88/0x1ac)
[    6.561340] [<c0150f64>] (search_binary_handler) from [<c019562c>] (load_script+0x260/0x280)
[    6.570312] [<c019562c>] (load_script) from [<c0150f64>] (search_binary_handler+0x88/0x1ac)
[    6.579162] [<c0150f64>] (search_binary_handler) from [<c0151fd0>] (do_execveat_common+0x538/0x6c4)
[    6.588745] [<c0151fd0>] (do_execveat_common) from [<c0152188>] (do_execve+0x2c/0x34)
[    6.597045] [<c0152188>] (do_execve) from [<c000e5e0>] (ret_fast_syscall+0x0/0x4c)
[    6.605072] ---[ end trace e31d15056f641294 ]---
[    6.686584] ------------[ cut here ]------------
[    6.691497] WARNING: CPU: 0 PID: 57 at mm/mmap.c:2859 exit_mmap+0x1a8/0x21c()
[    6.699127] Modules linked in:
[    6.702362] CPU: 0 PID: 57 Comm: rcS Tainted: G        W       3.19.0-rc5-next-20150121-00002-gec64530e4d74 #1
[    6.712982] Hardware name: Generic OMAP36xx (Flattened Device Tree)
[    6.719665] [<c00153f0>] (unwind_backtrace) from [<c0011a74>] (show_stack+0x10/0x14)
[    6.727874] [<c0011a74>] (show_stack) from [<c05855d8>] (dump_stack+0x78/0x94)
[    6.735565] [<c05855d8>] (dump_stack) from [<c003d5cc>] (warn_slowpath_common+0x7c/0xb4)
[    6.744140] [<c003d5cc>] (warn_slowpath_common) from [<c003d620>] (warn_slowpath_null+0x1c/0x24)
[    6.753417] [<c003d620>] (warn_slowpath_null) from [<c012df48>] (exit_mmap+0x1a8/0x21c)
[    6.761901] [<c012df48>] (exit_mmap) from [<c003acb4>] (mmput+0x44/0xec)
[    6.769042] [<c003acb4>] (mmput) from [<c015142c>] (flush_old_exec+0x300/0x5a4)
[    6.776794] [<c015142c>] (flush_old_exec) from [<c0195cf0>] (load_elf_binary+0x2ec/0x1144)
[    6.785614] [<c0195cf0>] (load_elf_binary) from [<c0150f64>] (search_binary_handler+0x88/0x1ac)
[    6.794830] [<c0150f64>] (search_binary_handler) from [<c0151fd0>] (do_execveat_common+0x538/0x6c4)
[    6.804443] [<c0151fd0>] (do_execveat_common) from [<c0152188>] (do_execve+0x2c/0x34)
[    6.812683] [<c0152188>] (do_execve) from [<c000e5e0>] (ret_fast_syscall+0x0/0x4c)
[    6.820709] ---[ end trace e31d15056f641295 ]---
[    6.885253] ------------[ cut here ]------------
[    6.890167] WARNING: CPU: 0 PID: 57 at mm/mmap.c:2859 exit_mmap+0x1a8/0x21c()
[    6.897796] Modules linked in:
[    6.901062] CPU: 0 PID: 57 Comm: mount Tainted: G        W       3.19.0-rc5-next-20150121-00002-gec64530e4d74 #1
[    6.911834] Hardware name: Generic OMAP36xx (Flattened Device Tree)
[    6.918518] [<c00153f0>] (unwind_backtrace) from [<c0011a74>] (show_stack+0x10/0x14)
[    6.926757] [<c0011a74>] (show_stack) from [<c05855d8>] (dump_stack+0x78/0x94)
[    6.934448] [<c05855d8>] (dump_stack) from [<c003d5cc>] (warn_slowpath_common+0x7c/0xb4)
[    6.942993] [<c003d5cc>] (warn_slowpath_common) from [<c003d620>] (warn_slowpath_null+0x1c/0x24)
[    6.952301] [<c003d620>] (warn_slowpath_null) from [<c012df48>] (exit_mmap+0x1a8/0x21c)
[    6.960784] [<c012df48>] (exit_mmap) from [<c003acb4>] (mmput+0x44/0xec)
[    6.967895] [<c003acb4>] (mmput) from [<c003fb80>] (do_exit+0x2b4/0x9b8)
[    6.975036] [<c003fb80>] (do_exit) from [<c00402f8>] (do_group_exit+0x48/0xbc)
[    6.982666] [<c00402f8>] (do_group_exit) from [<c004037c>] (__wake_up_parent+0x0/0x18)
[    6.991058] ---[ end trace e31d15056f641296 ]---
[    7.009399] ------------[ cut here ]------------
[    7.014465] WARNING: CPU: 0 PID: 56 at mm/mmap.c:2859 exit_mmap+0x1a8/0x21c()
[    7.022003] Modules linked in:
[    7.025299] CPU: 0 PID: 56 Comm: rcS Tainted: G        W       3.19.0-rc5-next-20150121-00002-gec64530e4d74 #1
[    7.035888] Hardware name: Generic OMAP36xx (Flattened Device Tree)
[    7.042510] [<c00153f0>] (unwind_backtrace) from [<c0011a74>] (show_stack+0x10/0x14)
[    7.050781] [<c0011a74>] (show_stack) from [<c05855d8>] (dump_stack+0x78/0x94)
[    7.058471] [<c05855d8>] (dump_stack) from [<c003d5cc>] (warn_slowpath_common+0x7c/0xb4)
[    7.067047] [<c003d5cc>] (warn_slowpath_common) from [<c003d620>] (warn_slowpath_null+0x1c/0x24)
[    7.076385] [<c003d620>] (warn_slowpath_null) from [<c012df48>] (exit_mmap+0x1a8/0x21c)
[    7.084869] [<c012df48>] (exit_mmap) from [<c003acb4>] (mmput+0x44/0xec)
[    7.091949] [<c003acb4>] (mmput) from [<c015142c>] (flush_old_exec+0x300/0x5a4)
[    7.099731] [<c015142c>] (flush_old_exec) from [<c0195cf0>] (load_elf_binary+0x2ec/0x1144)
[    7.108489] [<c0195cf0>] (load_elf_binary) from [<c0150f64>] (search_binary_handler+0x88/0x1ac)
[    7.117736] [<c0150f64>] (search_binary_handler) from [<c019562c>] (load_script+0x260/0x280)
[    7.126678] [<c019562c>] (load_script) from [<c0150f64>] (search_binary_handler+0x88/0x1ac)
[    7.135528] [<c0150f64>] (search_binary_handler) from [<c0151fd0>] (do_execveat_common+0x538/0x6c4)
[    7.145111] [<c0151fd0>] (do_execveat_common) from [<c0152188>] (do_execve+0x2c/0x34)
[    7.153381] [<c0152188>] (do_execve) from [<c000e5e0>] (ret_fast_syscall+0x0/0x4c)
[    7.161407] ---[ end trace e31d15056f641297 ]---
[    7.182861] ------------[ cut here ]------------
[    7.187957] WARNING: CPU: 0 PID: 58 at mm/mmap.c:2859 exit_mmap+0x1a8/0x21c()
[    7.195526] Modules linked in:
[    7.198760] CPU: 0 PID: 58 Comm: rc Tainted: G        W       3.19.0-rc5-next-20150121-00002-gec64530e4d74 #1
[    7.209259] Hardware name: Generic OMAP36xx (Flattened Device Tree)
[    7.215942] [<c00153f0>] (unwind_backtrace) from [<c0011a74>] (show_stack+0x10/0x14)
[    7.224182] [<c0011a74>] (show_stack) from [<c05855d8>] (dump_stack+0x78/0x94)
[    7.231811] [<c05855d8>] (dump_stack) from [<c003d5cc>] (warn_slowpath_common+0x7c/0xb4)
[    7.240417] [<c003d5cc>] (warn_slowpath_common) from [<c003d620>] (warn_slowpath_null+0x1c/0x24)
[    7.249725] [<c003d620>] (warn_slowpath_null) from [<c012df48>] (exit_mmap+0x1a8/0x21c)
[    7.258209] [<c012df48>] (exit_mmap) from [<c003acb4>] (mmput+0x44/0xec)
[    7.265350] [<c003acb4>] (mmput) from [<c015142c>] (flush_old_exec+0x300/0x5a4)
[    7.273071] [<c015142c>] (flush_old_exec) from [<c0195cf0>] (load_elf_binary+0x2ec/0x1144)
[    7.281860] [<c0195cf0>] (load_elf_binary) from [<c0150f64>] (search_binary_handler+0x88/0x1ac)
[    7.291107] [<c0150f64>] (search_binary_handler) from [<c0151fd0>] (do_execveat_common+0x538/0x6c4)
[    7.300689] [<c0151fd0>] (do_execveat_common) from [<c0152188>] (do_execve+0x2c/0x34)
[    7.308990] [<c0152188>] (do_execve) from [<c000e5e0>] (ret_fast_syscall+0x0/0x4c)
[    7.317016] ---[ end trace e31d15056f641298 ]---
[    7.339538] ------------[ cut here ]------------
[    7.344573] WARNING: CPU: 0 PID: 58 at mm/mmap.c:2859 exit_mmap+0x1a8/0x21c()
[    7.352111] Modules linked in:
[    7.355438] CPU: 0 PID: 58 Comm: stty Tainted: G        W       3.19.0-rc5-next-20150121-00002-gec64530e4d74 #1
[    7.366119] Hardware name: Generic OMAP36xx (Flattened Device Tree)
[    7.372741] [<c00153f0>] (unwind_backtrace) from [<c0011a74>] (show_stack+0x10/0x14)
[    7.380981] [<c0011a74>] (show_stack) from [<c05855d8>] (dump_stack+0x78/0x94)
[    7.388641] [<c05855d8>] (dump_stack) from [<c003d5cc>] (warn_slowpath_common+0x7c/0xb4)
[    7.397247] [<c003d5cc>] (warn_slowpath_common) from [<c003d620>] (warn_slowpath_null+0x1c/0x24)
[    7.406555] [<c003d620>] (warn_slowpath_null) from [<c012df48>] (exit_mmap+0x1a8/0x21c)
[    7.415039] [<c012df48>] (exit_mmap) from [<c003acb4>] (mmput+0x44/0xec)
[    7.422119] [<c003acb4>] (mmput) from [<c003fb80>] (do_exit+0x2b4/0x9b8)
[    7.429229] [<c003fb80>] (do_exit) from [<c00402f8>] (do_group_exit+0x48/0xbc)
[    7.436920] [<c00402f8>] (do_group_exit) from [<c004037c>] (__wake_up_parent+0x0/0x18)
[    7.445343] ---[ end trace e31d15056f641299 ]---
[    7.472076] ------------[ cut here ]------------
[    7.477172] WARNING: CPU: 0 PID: 59 at mm/mmap.c:2859 exit_mmap+0x1a8/0x21c()
[    7.484741] Modules linked in:
[    7.487976] CPU: 0 PID: 59 Comm: rc Tainted: G        W       3.19.0-rc5-next-20150121-00002-gec64530e4d74 #1
[    7.498474] Hardware name: Generic OMAP36xx (Flattened Device Tree)
[    7.505157] [<c00153f0>] (unwind_backtrace) from [<c0011a74>] (show_stack+0x10/0x14)
[    7.513336] [<c0011a74>] (show_stack) from [<c05855d8>] (dump_stack+0x78/0x94)
[    7.521026] [<c05855d8>] (dump_stack) from [<c003d5cc>] (warn_slowpath_common+0x7c/0xb4)
[    7.529602] [<c003d5cc>] (warn_slowpath_common) from [<c003d620>] (warn_slowpath_null+0x1c/0x24)
[    7.538940] [<c003d620>] (warn_slowpath_null) from [<c012df48>] (exit_mmap+0x1a8/0x21c)
[    7.547424] [<c012df48>] (exit_mmap) from [<c003acb4>] (mmput+0x44/0xec)
[    7.554565] [<c003acb4>] (mmput) from [<c015142c>] (flush_old_exec+0x300/0x5a4)
[    7.562286] [<c015142c>] (flush_old_exec) from [<c0195cf0>] (load_elf_binary+0x2ec/0x1144)
[    7.571075] [<c0195cf0>] (load_elf_binary) from [<c0150f64>] (search_binary_handler+0x88/0x1ac)
[    7.580322] [<c0150f64>] (search_binary_handler) from [<c019562c>] (load_script+0x260/0x280)
[    7.589263] [<c019562c>] (load_script) from [<c0150f64>] (search_binary_handler+0x88/0x1ac)
[    7.598114] [<c0150f64>] (search_binary_handler) from [<c0151fd0>] (do_execveat_common+0x538/0x6c4)
[    7.607696] [<c0151fd0>] (do_execveat_common) from [<c0152188>] (do_execve+0x2c/0x34)
[    7.616027] [<c0152188>] (do_execve) from [<c000e5e0>] (ret_fast_syscall+0x0/0x4c)
[    7.623992] ---[ end trace e31d15056f64129a ]---
[    7.641357] ------------[ cut here ]------------
[    7.646423] WARNING: CPU: 0 PID: 60 at mm/mmap.c:2859 exit_mmap+0x1a8/0x21c()
[    7.653961] Modules linked in:
[    7.657257] CPU: 0 PID: 60 Comm: S01psplash Tainted: G        W       3.19.0-rc5-next-20150121-00002-gec64530e4d74 #1
[    7.668487] Hardware name: Generic OMAP36xx (Flattened Device Tree)
[    7.675170] [<c00153f0>] (unwind_backtrace) from [<c0011a74>] (show_stack+0x10/0x14)
[    7.683349] [<c0011a74>] (show_stack) from [<c05855d8>] (dump_stack+0x78/0x94)
[    7.691040] [<c05855d8>] (dump_stack) from [<c003d5cc>] (warn_slowpath_common+0x7c/0xb4)
[    7.699615] [<c003d5cc>] (warn_slowpath_common) from [<c003d620>] (warn_slowpath_null+0x1c/0x24)
[    7.708923] [<c003d620>] (warn_slowpath_null) from [<c012df48>] (exit_mmap+0x1a8/0x21c)
[    7.717437] [<c012df48>] (exit_mmap) from [<c003acb4>] (mmput+0x44/0xec)
[    7.724548] [<c003acb4>] (mmput) from [<c015142c>] (flush_old_exec+0x300/0x5a4)
[    7.732269] [<c015142c>] (flush_old_exec) from [<c0195cf0>] (load_elf_binary+0x2ec/0x1144)
[    7.741058] [<c0195cf0>] (load_elf_binary) from [<c0150f64>] (search_binary_handler+0x88/0x1ac)
[    7.750274] [<c0150f64>] (search_binary_handler) from [<c0151fd0>] (do_execveat_common+0x538/0x6c4)
[    7.759857] [<c0151fd0>] (do_execveat_common) from [<c0152188>] (do_execve+0x2c/0x34)
[    7.768157] [<c0152188>] (do_execve) from [<c000e5e0>] (ret_fast_syscall+0x0/0x4c)
[    7.776184] ---[ end trace e31d15056f64129b ]---
[    7.790588] ------------[ cut here ]------------
[    7.795654] WARNING: CPU: 0 PID: 60 at mm/mmap.c:2859 exit_mmap+0x1a8/0x21c()
[    7.803192] Modules linked in:
[    7.806488] CPU: 0 PID: 60 Comm: grep Tainted: G        W       3.19.0-rc5-next-20150121-00002-gec64530e4d74 #1
[    7.817169] Hardware name: Generic OMAP36xx (Flattened Device Tree)
[    7.823822] [<c00153f0>] (unwind_backtrace) from [<c0011a74>] (show_stack+0x10/0x14)
[    7.832031] [<c0011a74>] (show_stack) from [<c05855d8>] (dump_stack+0x78/0x94)
[    7.839721] [<c05855d8>] (dump_stack) from [<c003d5cc>] (warn_slowpath_common+0x7c/0xb4)
[    7.848297] [<c003d5cc>] (warn_slowpath_common) from [<c003d620>] (warn_slowpath_null+0x1c/0x24)
[    7.857604] [<c003d620>] (warn_slowpath_null) from [<c012df48>] (exit_mmap+0x1a8/0x21c)
[    7.866119] [<c012df48>] (exit_mmap) from [<c003acb4>] (mmput+0x44/0xec)
[    7.873168] [<c003acb4>] (mmput) from [<c003fb80>] (do_exit+0x2b4/0x9b8)
[    7.880279] [<c003fb80>] (do_exit) from [<c00402f8>] (do_group_exit+0x48/0xbc)
[    7.887939] [<c00402f8>] (do_group_exit) from [<c004037c>] (__wake_up_parent+0x0/0x18)
[    7.896331] ---[ end trace e31d15056f64129c ]---
[    7.926971] ------------[ cut here ]------------
[    7.931884] WARNING: CPU: 0 PID: 62 at mm/mmap.c:2859 exit_mmap+0x1a8/0x21c()
[    7.939575] Modules linked in:
[    7.942840] CPU: 0 PID: 62 Comm: S01psplash Tainted: G        W       3.19.0-rc5-next-20150121-00002-gec64530e4d74 #1
[    7.954071] Hardware name: Generic OMAP36xx (Flattened Device Tree)
[    7.960723] [<c00153f0>] (unwind_backtrace) from [<c0011a74>] (show_stack+0x10/0x14)
[    7.968933] [<c0011a74>] (show_stack) from [<c05855d8>] (dump_stack+0x78/0x94)
[    7.976623] [<c05855d8>] (dump_stack) from [<c003d5cc>] (warn_slowpath_common+0x7c/0xb4)
[    7.985198] [<c003d5cc>] (warn_slowpath_common) from [<c003d620>] (warn_slowpath_null+0x1c/0x24)
[    7.994537] [<c003d620>] (warn_slowpath_null) from [<c012df48>] (exit_mmap+0x1a8/0x21c)
[    8.002990] [<c012df48>] (exit_mmap) from [<c003acb4>] (mmput+0x44/0xec)
[    8.010101] [<c003acb4>] (mmput) from [<c015142c>] (flush_old_exec+0x300/0x5a4)
[    8.017913] [<c015142c>] (flush_old_exec) from [<c0195cf0>] (load_elf_binary+0x2ec/0x1144)
[    8.026672] [<c0195cf0>] (load_elf_binary) from [<c0150f64>] (search_binary_handler+0x88/0x1ac)
[    8.035919] [<c0150f64>] (search_binary_handler) from [<c0151fd0>] (do_execveat_common+0x538/0x6c4)
[    8.045501] [<c0151fd0>] (do_execveat_common) from [<c0152188>] (do_execve+0x2c/0x34)
[    8.053771] [<c0152188>] (do_execve) from [<c000e5e0>] (ret_fast_syscall+0x0/0x4c)
[    8.061798] ---[ end trace e31d15056f64129d ]---
[    8.078308] ------------[ cut here ]------------
[    8.083221] WARNING: CPU: 0 PID: 62 at mm/mmap.c:2859 exit_mmap+0x1a8/0x21c()
[    8.090881] Modules linked in:
[    8.094207] CPU: 0 PID: 62 Comm: awk Tainted: G        W       3.19.0-rc5-next-20150121-00002-gec64530e4d74 #1
[    8.104797] Hardware name: Generic OMAP36xx (Flattened Device Tree)
[    8.111419] [<c00153f0>] (unwind_backtrace) from [<c0011a74>] (show_stack+0x10/0x14)
[    8.119659] [<c0011a74>] (show_stack) from [<c05855d8>] (dump_stack+0x78/0x94)
[    8.127349] [<c05855d8>] (dump_stack) from [<c003d5cc>] (warn_slowpath_common+0x7c/0xb4)
[    8.135925] [<c003d5cc>] (warn_slowpath_common) from [<c003d620>] (warn_slowpath_null+0x1c/0x24)
[    8.145233] [<c003d620>] (warn_slowpath_null) from [<c012df48>] (exit_mmap+0x1a8/0x21c)
[    8.153686] [<c012df48>] (exit_mmap) from [<c003acb4>] (mmput+0x44/0xec)
[    8.160797] [<c003acb4>] (mmput) from [<c003fb80>] (do_exit+0x2b4/0x9b8)
[    8.167938] [<c003fb80>] (do_exit) from [<c00402f8>] (do_group_exit+0x48/0xbc)
[    8.175598] [<c00402f8>] (do_group_exit) from [<c004037c>] (__wake_up_parent+0x0/0x18)
[    8.183929] ---[ end trace e31d15056f64129e ]---
[    8.192230] ------------[ cut here ]------------
[    8.197326] WARNING: CPU: 0 PID: 61 at mm/mmap.c:2859 exit_mmap+0x1a8/0x21c()
[    8.204895] Modules linked in:
[    8.208160] CPU: 0 PID: 61 Comm: S01psplash Tainted: G        W       3.19.0-rc5-next-20150121-00002-gec64530e4d74 #1
[    8.219390] Hardware name: Generic OMAP36xx (Flattened Device Tree)
[    8.226043] [<c00153f0>] (unwind_backtrace) from [<c0011a74>] (show_stack+0x10/0x14)
[    8.234283] [<c0011a74>] (show_stack) from [<c05855d8>] (dump_stack+0x78/0x94)
[    8.241912] [<c05855d8>] (dump_stack) from [<c003d5cc>] (warn_slowpath_common+0x7c/0xb4)
[    8.250488] [<c003d5cc>] (warn_slowpath_common) from [<c003d620>] (warn_slowpath_null+0x1c/0x24)
[    8.259826] [<c003d620>] (warn_slowpath_null) from [<c012df48>] (exit_mmap+0x1a8/0x21c)
[    8.268310] [<c012df48>] (exit_mmap) from [<c003acb4>] (mmput+0x44/0xec)
[    8.275421] [<c003acb4>] (mmput) from [<c003fb80>] (do_exit+0x2b4/0x9b8)
[    8.282501] [<c003fb80>] (do_exit) from [<c00402f8>] (do_group_exit+0x48/0xbc)
[    8.290161] [<c00402f8>] (do_group_exit) from [<c004037c>] (__wake_up_parent+0x0/0x18)
[    8.298522] ---[ end trace e31d15056f64129f ]---
[    8.308624] ------------[ cut here ]------------
[    8.313568] WARNING: CPU: 0 PID: 63 at mm/mmap.c:2859 exit_mmap+0x1a8/0x21c()
[    8.321258] Modules linked in:
[    8.324554] CPU: 0 PID: 63 Comm: S01psplash Tainted: G        W       3.19.0-rc5-next-20150121-00002-gec64530e4d74 #1
[    8.335784] Hardware name: Generic OMAP36xx (Flattened Device Tree)
[    8.342407] [<c00153f0>] (unwind_backtrace) from [<c0011a74>] (show_stack+0x10/0x14)
[    8.350646] [<c0011a74>] (show_stack) from [<c05855d8>] (dump_stack+0x78/0x94)
[    8.358306] [<c05855d8>] (dump_stack) from [<c003d5cc>] (warn_slowpath_common+0x7c/0xb4)
[    8.366912] [<c003d5cc>] (warn_slowpath_common) from [<c003d620>] (warn_slowpath_null+0x1c/0x24)
[    8.376220] [<c003d620>] (warn_slowpath_null) from [<c012df48>] (exit_mmap+0x1a8/0x21c)
[    8.384704] [<c012df48>] (exit_mmap) from [<c003acb4>] (mmput+0x44/0xec)
[    8.391784] [<c003acb4>] (mmput) from [<c015142c>] (flush_old_exec+0x300/0x5a4)
[    8.399566] [<c015142c>] (flush_old_exec) from [<c0195cf0>] (load_elf_binary+0x2ec/0x1144)
[    8.408325] [<c0195cf0>] (load_elf_binary) from [<c0150f64>] (search_binary_handler+0x88/0x1ac)
[    8.417541] [<c0150f64>] (search_binary_handler) from [<c0151fd0>] (do_execveat_common+0x538/0x6c4)
[    8.427154] [<c0151fd0>] (do_execveat_common) from [<c0152188>] (do_execve+0x2c/0x34)
[    8.435455] [<c0152188>] (do_execve) from [<c000e5e0>] (ret_fast_syscall+0x0/0x4c)
[    8.443420] ---[ end trace e31d15056f6412a0 ]---
[    8.465606] ------------[ cut here ]------------
[    8.470520] WARNING: CPU: 0 PID: 63 at mm/mmap.c:2859 exit_mmap+0x1a8/0x21c()
[    8.478210] Modules linked in:
[    8.481445] CPU: 0 PID: 63 Comm: mount Tainted: G        W       3.19.0-rc5-next-20150121-00002-gec64530e4d74 #1
[    8.492218] Hardware name: Generic OMAP36xx (Flattened Device Tree)
[    8.498931] [<c00153f0>] (unwind_backtrace) from [<c0011a74>] (show_stack+0x10/0x14)
[    8.507171] [<c0011a74>] (show_stack) from [<c05855d8>] (dump_stack+0x78/0x94)
[    8.514862] [<c05855d8>] (dump_stack) from [<c003d5cc>] (warn_slowpath_common+0x7c/0xb4)
[    8.523406] [<c003d5cc>] (warn_slowpath_common) from [<c003d620>] (warn_slowpath_null+0x1c/0x24)
[    8.532714] [<c003d620>] (warn_slowpath_null) from [<c012df48>] (exit_mmap+0x1a8/0x21c)
[    8.541198] [<c012df48>] (exit_mmap) from [<c003acb4>] (mmput+0x44/0xec)
[    8.548309] [<c003acb4>] (mmput) from [<c003fb80>] (do_exit+0x2b4/0x9b8)
[    8.555480] [<c003fb80>] (do_exit) from [<c00402f8>] (do_group_exit+0x48/0xbc)
[    8.563079] [<c00402f8>] (do_group_exit) from [<c004037c>] (__wake_up_parent+0x0/0x18)
[    8.571472] ---[ end trace e31d15056f6412a1 ]---
[    8.579864] ------------[ cut here ]------------
[    8.584930] WARNING: CPU: 0 PID: 59 at mm/mmap.c:2859 exit_mmap+0x1a8/0x21c()
[    8.592468] Modules linked in:
[    8.595764] CPU: 0 PID: 59 Comm: S01psplash Tainted: G        W       3.19.0-rc5-next-20150121-00002-gec64530e4d74 #1
[    8.606994] Hardware name: Generic OMAP36xx (Flattened Device Tree)
[    8.613616] [<c00153f0>] (unwind_backtrace) from [<c0011a74>] (show_stack+0x10/0x14)
[    8.621856] [<c0011a74>] (show_stack) from [<c05855d8>] (dump_stack+0x78/0x94)
[    8.629516] [<c05855d8>] (dump_stack) from [<c003d5cc>] (warn_slowpath_common+0x7c/0xb4)
[    8.638122] [<c003d5cc>] (warn_slowpath_common) from [<c003d620>] (warn_slowpath_null+0x1c/0x24)
[    8.647430] [<c003d620>] (warn_slowpath_null) from [<c012df48>] (exit_mmap+0x1a8/0x21c)
[    8.655914] [<c012df48>] (exit_mmap) from [<c003acb4>] (mmput+0x44/0xec)
[    8.662994] [<c003acb4>] (mmput) from [<c003fb80>] (do_exit+0x2b4/0x9b8)
[    8.670104] [<c003fb80>] (do_exit) from [<c00402f8>] (do_group_exit+0x48/0xbc)
[    8.677764] [<c00402f8>] (do_group_exit) from [<c004037c>] (__wake_up_parent+0x0/0x18)
[    8.686157] ---[ end trace e31d15056f6412a2 ]---
[    8.701599] ------------[ cut here ]------------
[    8.706695] WARNING: CPU: 0 PID: 66 at mm/mmap.c:2859 exit_mmap+0x1a8/0x21c()
[    8.714294] Modules linked in:
[    8.717529] CPU: 0 PID: 66 Comm: S01psplash Tainted: G        W       3.19.0-rc5-next-20150121-00002-gec64530e4d74 #1
[    8.728759] Hardware name: Generic OMAP36xx (Flattened Device Tree)
[    8.735443] [<c00153f0>] (unwind_backtrace) from [<c0011a74>] (show_stack+0x10/0x14)
[    8.743621] [<c0011a74>] (show_stack) from [<c05855d8>] (dump_stack+0x78/0x94)
[    8.751312] [<c05855d8>] (dump_stack) from [<c003d5cc>] (warn_slowpath_common+0x7c/0xb4)
[    8.759887] [<c003d5cc>] (warn_slowpath_common) from [<c003d620>] (warn_slowpath_null+0x1c/0x24)
[    8.769226] [<c003d620>] (warn_slowpath_null) from [<c012df48>] (exit_mmap+0x1a8/0x21c)
[    8.777709] [<c012df48>] (exit_mmap) from [<c003acb4>] (mmput+0x44/0xec)
[    8.784820] [<c003acb4>] (mmput) from [<c015142c>] (flush_old_exec+0x300/0x5a4)
[    8.792541] [<c015142c>] (flush_old_exec) from [<c0195cf0>] (load_elf_binary+0x2ec/0x1144)
[    8.801361] [<c0195cf0>] (load_elf_binary) from [<c0150f64>] (search_binary_handler+0x88/0x1ac)
[    8.810577] [<c0150f64>] (search_binary_handler) from [<c0151fd0>] (do_execveat_common+0x538/0x6c4)
[    8.820190] [<c0151fd0>] (do_execveat_common) from [<c0152188>] (do_execve+0x2c/0x34)
[    8.828491] [<c0152188>] (do_execve) from [<c000e5e0>] (ret_fast_syscall+0x0/0x4c)
[    8.836517] ---[ end trace e31d15056f6412a3 ]---
[    8.848388] ------------[ cut here ]------------
[    8.853302] WARNING: CPU: 0 PID: 64 at mm/mmap.c:2859 exit_mmap+0x1a8/0x21c()
[    8.860961] Modules linked in:
[    8.864257] CPU: 0 PID: 64 Comm: S01psplash Tainted: G        W       3.19.0-rc5-next-20150121-00002-gec64530e4d74 #1
[    8.875457] Hardware name: Generic OMAP36xx (Flattened Device Tree)
[    8.882110] [<c00153f0>] (unwind_backtrace) from [<c0011a74>] (show_stack+0x10/0x14)
[    8.890350] [<c0011a74>] (show_stack) from [<c05855d8>] (dump_stack+0x78/0x94)
[    8.898040] [<c05855d8>] (dump_stack) from [<c003d5cc>] (warn_slowpath_common+0x7c/0xb4)
[    8.906616] [<c003d5cc>] (warn_slowpath_common) from [<c003d620>] (warn_slowpath_null+0x1c/0x24)
[    8.915924] [<c003d620>] (warn_slowpath_null) from [<c012df48>] (exit_mmap+0x1a8/0x21c)
[    8.924407] [<c012df48>] (exit_mmap) from [<c003acb4>] (mmput+0x44/0xec)
[    8.931518] [<c003acb4>] (mmput) from [<c015142c>] (flush_old_exec+0x300/0x5a4)
[    8.939270] [<c015142c>] (flush_old_exec) from [<c0195cf0>] (load_elf_binary+0x2ec/0x1144)
[    8.948028] [<c0195cf0>] (load_elf_binary) from [<c0150f64>] (search_binary_handler+0x88/0x1ac)
[    8.957275] [<c0150f64>] (search_binary_handler) from [<c0151fd0>] (do_execveat_common+0x538/0x6c4)
[    8.966857] [<c0151fd0>] (do_execveat_common) from [<c0152188>] (do_execve+0x2c/0x34)
[    8.975158] [<c0152188>] (do_execve) from [<c000e5e0>] (ret_fast_syscall+0x0/0x4c)
[    8.983154] ---[ end trace e31d15056f6412a4 ]---
[    9.011749] ------------[ cut here ]------------
[    9.016815] WARNING: CPU: 0 PID: 68 at mm/mmap.c:2859 exit_mmap+0x1a8/0x21c()
[    9.024414] Modules linked in:
[    9.027648] CPU: 0 PID: 68 Comm: rc Tainted: G        W       3.19.0-rc5-next-20150121-00002-gec64530e4d74 #1
[    9.038146] Hardware name: Generic OMAP36xx (Flattened Device Tree)
[    9.044860] [<c00153f0>] (unwind_backtrace) from [<c0011a74>] (show_stack+0x10/0x14)
[    9.053039] [<c0011a74>] (show_stack) from [<c05855d8>] (dump_stack+0x78/0x94)
[    9.060760] [<c05855d8>] (dump_stack) from [<c003d5cc>] (warn_slowpath_common+0x7c/0xb4)
[    9.069335] [<c003d5cc>] (warn_slowpath_common) from [<c003d620>] (warn_slowpath_null+0x1c/0x24)
[    9.078643] [<c003d620>] (warn_slowpath_null) from [<c012df48>] (exit_mmap+0x1a8/0x21c)
[    9.087158] [<c012df48>] (exit_mmap) from [<c003acb4>] (mmput+0x44/0xec)
[    9.094268] [<c003acb4>] (mmput) from [<c015142c>] (flush_old_exec+0x300/0x5a4)
[    9.102020] [<c015142c>] (flush_old_exec) from [<c0195cf0>] (load_elf_binary+0x2ec/0x1144)
[    9.110778] [<c0195cf0>] (load_elf_binary) from [<c0150f64>] (search_binary_handler+0x88/0x1ac)
[    9.119995] [<c0150f64>] (search_binary_handler) from [<c019562c>] (load_script+0x260/0x280)
[    9.128967] [<c019562c>] (load_script) from [<c0150f64>] (search_binary_handler+0x88/0x1ac)
[    9.137817] [<c0150f64>] (search_binary_handler) from [<c0151fd0>] (do_execveat_common+0x538/0x6c4)
[    9.147399] [<c0151fd0>] (do_execveat_common) from [<c0152188>] (do_execve+0x2c/0x34)
[    9.155700] [<c0152188>] (do_execve) from [<c000e5e0>] (ret_fast_syscall+0x0/0x4c)
[    9.163696] ---[ end trace e31d15056f6412a5 ]---
[    9.169952] ------------[ cut here ]------------
[    9.174957] WARNING: CPU: 0 PID: 69 at mm/mmap.c:2859 exit_mmap+0x1a8/0x21c()
[    9.182464] Modules linked in:
[    9.185760] CPU: 0 PID: 69 Comm: rc Tainted: G        W       3.19.0-rc5-next-20150121-00002-gec64530e4d74 #1
[    9.196258] Hardware name: Generic OMAP36xx (Flattened Device Tree)
[    9.202880] [<c00153f0>] (unwind_backtrace) from [<c0011a74>] (show_stack+0x10/0x14)
[    9.211090] [<c0011a74>] (show_stack) from [<c05855d8>] (dump_stack+0x78/0x94)
[    9.218780] [<c05855d8>] (dump_stack) from [<c003d5cc>] (warn_slowpath_common+0x7c/0xb4)
[    9.227355] [<c003d5cc>] (warn_slowpath_common) from [<c003d620>] (warn_slowpath_null+0x1c/0x24)
[    9.236663] [<c003d620>] (warn_slowpath_null) from [<c012df48>] (exit_mmap+0x1a8/0x21c)
[    9.245178] [<c012df48>] (exit_mmap) from [<c003acb4>] (mmput+0x44/0xec)
[    9.252258] [<c003acb4>] (mmput) from [<c015142c>] (flush_old_exec+0x300/0x5a4)
[    9.260009] [<c015142c>] (flush_old_exec) from [<c0195cf0>] (load_elf_binary+0x2ec/0x1144)
[    9.268768] [<c0195cf0>] (load_elf_binary) from [<c0150f64>] (search_binary_handler+0x88/0x1ac)
[    9.277984] [<c0150f64>] (search_binary_handler) from [<c0151fd0>] (do_execveat_common+0x538/0x6c4)
[    9.287567] [<c0151fd0>] (do_execveat_common) from [<c0152188>] (do_execve+0x2c/0x34)
[    9.295898] [<c0152188>] (do_execve) from [<c000e5e0>] (ret_fast_syscall+0x0/0x4c)
[    9.303863] ---[ end trace e31d15056f6412a6 ]---
[    9.321075] ------------[ cut here ]------------
[    9.326171] WARNING: CPU: 0 PID: 69 at mm/mmap.c:2859 exit_mmap+0x1a8/0x21c()
[    9.333709] Modules linked in:
[    9.337005] CPU: 0 PID: 69 Comm: splash-write Tainted: G        W       3.19.0-rc5-next-20150121-00002-gec64530e4d74 #1
[    9.348419] Hardware name: Generic OMAP36xx (Flattened Device Tree)
[    9.355102] [<c00153f0>] (unwind_backtrace) from [<c0011a74>] (show_stack+0x10/0x14)
[    9.363281] [<c0011a74>] (show_stack) from [<c05855d8>] (dump_stack+0x78/0x94)
[    9.370941] [<c05855d8>] (dump_stack) from [<c003d5cc>] (warn_slowpath_common+0x7c/0xb4)
[    9.379547] [<c003d5cc>] (warn_slowpath_common) from [<c003d620>] (warn_slowpath_null+0x1c/0x24)
[    9.388854] [<c003d620>] (warn_slowpath_null) from [<c012df48>] (exit_mmap+0x1a8/0x21c)
[    9.397338] [<c012df48>] (exit_mmap) from [<c003acb4>] (mmput+0x44/0xec)
[    9.404479] [<c003acb4>] (mmput) from [<c003fb80>] (do_exit+0x2b4/0x9b8)
[    9.411560] [<c003fb80>] (do_exit) from [<c00402f8>] (do_group_exit+0x48/0xbc)
[    9.419250] [<c00402f8>] (do_group_exit) from [<c004037c>] (__wake_up_parent+0x0/0x18)
[    9.427612] ---[ end trace e31d15056f6412a7 ]---
Error opening /dev/fb0: No such file or directory
[    9.446350] ------------[ cut here ]------------
[    9.451263] WARNING: CPU: 0 PID: 64 at mm/mmap.c:2859 exit_mmap+0x1a8/0x21c()
[    9.458892] Modules linked in:
[    9.462158] CPU: 0 PID: 64 Comm: psplash Tainted: G        W       3.19.0-rc5-next-20150121-00002-gec64530e4d74 #1
[    9.473114] Hardware name: Generic OMAP36xx (Flattened Device Tree)
[    9.479797] [<c00153f0>] (unwind_backtrace) from [<c0011a74>] (show_stack+0x10/0x14)
[    9.488037] [<c0011a74>] (show_stack) from [<c05855d8>] (dump_stack+0x78/0x94)
[    9.495727] [<c05855d8>] (dump_stack) from [<c003d5cc>] (warn_slowpath_common+0x7c/0xb4)
[    9.504302] [<c003d5cc>] (warn_slowpath_common) from [<c003d620>] (warn_slowpath_null+0x1c/0x24)
[    9.513580] [<c003d620>] (warn_slowpath_null) from [<c012df48>] (exit_mmap+0x1a8/0x21c)
[    9.522064] [<c012df48>] (exit_mmap) from [<c003acb4>] (mmput+0x44/0xec)
[    9.529174] [<c003acb4>] (mmput) from [<c003fb80>] (do_exit+0x2b4/0x9b8)
[    9.536285] [<c003fb80>] (do_exit) from [<c00402f8>] (do_group_exit+0x48/0xbc)
[    9.543914] [<c00402f8>] (do_group_exit) from [<c004037c>] (__wake_up_parent+0x0/0x18)
[    9.552307] ---[ end trace e31d15056f6412a8 ]---
Please wait: booting...
[    9.566772] ------------[ cut here ]------------
[    9.572570] WARNING: CPU: 0 PID: 68 at mm/mmap.c:2859 exit_mmap+0x1a8/0x21c()
[    9.580230] Modules linked in:
[    9.583496] CPU: 0 PID: 68 Comm: S02banner Tainted: G        W       3.19.0-rc5-next-20150121-00002-gec64530e4d74 #1
[    9.594635] Hardware name: Generic OMAP36xx (Flattened Device Tree)
[    9.601287] [<c00153f0>] (unwind_backtrace) from [<c0011a74>] (show_stack+0x10/0x14)
[    9.609497] [<c0011a74>] (show_stack) from [<c05855d8>] (dump_stack+0x78/0x94)
[    9.617187] [<c05855d8>] (dump_stack) from [<c003d5cc>] (warn_slowpath_common+0x7c/0xb4)
[    9.625762] [<c003d5cc>] (warn_slowpath_common) from [<c003d620>] (warn_slowpath_null+0x1c/0x24)
[    9.635070] [<c003d620>] (warn_slowpath_null) from [<c012df48>] (exit_mmap+0x1a8/0x21c)
[    9.643524] [<c012df48>] (exit_mmap) from [<c003acb4>] (mmput+0x44/0xec)
[    9.650665] [<c003acb4>] (mmput) from [<c003fb80>] (do_exit+0x2b4/0x9b8)
[    9.657775] [<c003fb80>] (do_exit) from [<c00402f8>] (do_group_exit+0x48/0xbc)
[    9.665435] [<c00402f8>] (do_group_exit) from [<c004037c>] (__wake_up_parent+0x0/0x18)
[    9.673767] ---[ end trace e31d15056f6412a9 ]---
[    9.680297] ------------[ cut here ]------------
[    9.685363] WARNING: CPU: 0 PID: 67 at mm/mmap.c:2859 exit_mmap+0x1a8/0x21c()
[    9.692901] Modules linked in:
[    9.696197] CPU: 0 PID: 67 Comm: rc Tainted: G        W       3.19.0-rc5-next-20150121-00002-gec64530e4d74 #1
[    9.706695] Hardware name: Generic OMAP36xx (Flattened Device Tree)
[    9.713317] [<c00153f0>] (unwind_backtrace) from [<c0011a74>] (show_stack+0x10/0x14)
[    9.721557] [<c0011a74>] (show_stack) from [<c05855d8>] (dump_stack+0x78/0x94)
[    9.729217] [<c05855d8>] (dump_stack) from [<c003d5cc>] (warn_slowpath_common+0x7c/0xb4)
[    9.737823] [<c003d5cc>] (warn_slowpath_common) from [<c003d620>] (warn_slowpath_null+0x1c/0x24)
[    9.747131] [<c003d620>] (warn_slowpath_null) from [<c012df48>] (exit_mmap+0x1a8/0x21c)
[    9.755615] [<c012df48>] (exit_mmap) from [<c003acb4>] (mmput+0x44/0xec)
[    9.762695] [<c003acb4>] (mmput) from [<c003fb80>] (do_exit+0x2b4/0x9b8)
[    9.769805] [<c003fb80>] (do_exit) from [<c00402f8>] (do_group_exit+0x48/0xbc)
[    9.777465] [<c00402f8>] (do_group_exit) from [<c004037c>] (__wake_up_parent+0x0/0x18)
[    9.785858] ---[ end trace e31d15056f6412aa ]---
[    9.806091] ------------[ cut here ]------------
[    9.811004] WARNING: CPU: 0 PID: 71 at mm/mmap.c:2859 exit_mmap+0x1a8/0x21c()
[    9.818695] Modules linked in:
[    9.821929] CPU: 0 PID: 71 Comm: rc Tainted: G        W       3.19.0-rc5-next-20150121-00002-gec64530e4d74 #1
[    9.832458] Hardware name: Generic OMAP36xx (Flattened Device Tree)
[    9.839172] [<c00153f0>] (unwind_backtrace) from [<c0011a74>] (show_stack+0x10/0x14)
[    9.847381] [<c0011a74>] (show_stack) from [<c05855d8>] (dump_stack+0x78/0x94)
[    9.855072] [<c05855d8>] (dump_stack) from [<c003d5cc>] (warn_slowpath_common+0x7c/0xb4)
[    9.863616] [<c003d5cc>] (warn_slowpath_common) from [<c003d620>] (warn_slowpath_null+0x1c/0x24)
[    9.872924] [<c003d620>] (warn_slowpath_null) from [<c012df48>] (exit_mmap+0x1a8/0x21c)
[    9.881439] [<c012df48>] (exit_mmap) from [<c003acb4>] (mmput+0x44/0xec)
[    9.888549] [<c003acb4>] (mmput) from [<c015142c>] (flush_old_exec+0x300/0x5a4)
[    9.896301] [<c015142c>] (flush_old_exec) from [<c0195cf0>] (load_elf_binary+0x2ec/0x1144)
[    9.905120] [<c0195cf0>] (load_elf_binary) from [<c0150f64>] (search_binary_handler+0x88/0x1ac)
[    9.914337] [<c0150f64>] (search_binary_handler) from [<c019562c>] (load_script+0x260/0x280)
[    9.923248] [<c019562c>] (load_script) from [<c0150f64>] (search_binary_handler+0x88/0x1ac)
[    9.932098] [<c0150f64>] (search_binary_handler) from [<c0151fd0>] (do_execveat_common+0x538/0x6c4)
[    9.941711] [<c0151fd0>] (do_execveat_common) from [<c0152188>] (do_execve+0x2c/0x34)
[    9.950012] [<c0152188>] (do_execve) from [<c000e5e0>] (ret_fast_syscall+0x0/0x4c)
[    9.958038] ---[ end trace e31d15056f6412ab ]---
[    9.965789] ------------[ cut here ]------------
[    9.970672] WARNING: CPU: 0 PID: 72 at mm/mmap.c:2859 exit_mmap+0x1a8/0x21c()
[    9.978271] Modules linked in:
[    9.981536] CPU: 0 PID: 72 Comm: rc Tainted: G        W       3.19.0-rc5-next-20150121-00002-gec64530e4d74 #1
[    9.992034] Hardware name: Generic OMAP36xx (Flattened Device Tree)
[    9.998687] [<c00153f0>] (unwind_backtrace) from [<c0011a74>] (show_stack+0x10/0x14)
[   10.006927] [<c0011a74>] (show_stack) from [<c05855d8>] (dump_stack+0x78/0x94)
[   10.014587] [<c05855d8>] (dump_stack) from [<c003d5cc>] (warn_slowpath_common+0x7c/0xb4)
[   10.023132] [<c003d5cc>] (warn_slowpath_common) from [<c003d620>] (warn_slowpath_null+0x1c/0x24)
[   10.032470] [<c003d620>] (warn_slowpath_null) from [<c012df48>] (exit_mmap+0x1a8/0x21c)
[   10.040954] [<c012df48>] (exit_mmap) from [<c003acb4>] (mmput+0x44/0xec)
[   10.048126] [<c003acb4>] (mmput) from [<c015142c>] (flush_old_exec+0x300/0x5a4)
[   10.055908] [<c015142c>] (flush_old_exec) from [<c0195cf0>] (load_elf_binary+0x2ec/0x1144)
[   10.064666] [<c0195cf0>] (load_elf_binary) from [<c0150f64>] (search_binary_handler+0x88/0x1ac)
[   10.073852] [<c0150f64>] (search_binary_handler) from [<c0151fd0>] (do_execveat_common+0x538/0x6c4)
[   10.083435] [<c0151fd0>] (do_execveat_common) from [<c0152188>] (do_execve+0x2c/0x34)
[   10.091766] [<c0152188>] (do_execve) from [<c000e5e0>] (ret_fast_syscall+0x0/0x4c)
[   10.099761] ---[ end trace e31d15056f6412ac ]---
[   10.110229] ------------[ cut here ]------------
[   10.115295] WARNING: CPU: 0 PID: 72 at mm/mmap.c:2859 exit_mmap+0x1a8/0x21c()
[   10.122833] Modules linked in:
[   10.126129] CPU: 0 PID: 72 Comm: splash-write Tainted: G        W       3.19.0-rc5-next-20150121-00002-gec64530e4d74 #1
[   10.137542] Hardware name: Generic OMAP36xx (Flattened Device Tree)
[   10.144226] [<c00153f0>] (unwind_backtrace) from [<c0011a74>] (show_stack+0x10/0x14)
[   10.152404] [<c0011a74>] (show_stack) from [<c05855d8>] (dump_stack+0x78/0x94)
[   10.160095] [<c05855d8>] (dump_stack) from [<c003d5cc>] (warn_slowpath_common+0x7c/0xb4)
[   10.168670] [<c003d5cc>] (warn_slowpath_common) from [<c003d620>] (warn_slowpath_null+0x1c/0x24)
[   10.177978] [<c003d620>] (warn_slowpath_null) from [<c012df48>] (exit_mmap+0x1a8/0x21c)
[   10.186462] [<c012df48>] (exit_mmap) from [<c003acb4>] (mmput+0x44/0xec)
[   10.193542] [<c003acb4>] (mmput) from [<c003fb80>] (do_exit+0x2b4/0x9b8)
[   10.200653] [<c003fb80>] (do_exit) from [<c00402f8>] (do_group_exit+0x48/0xbc)
[   10.208312] [<c00402f8>] (do_group_exit) from [<c004037c>] (__wake_up_parent+0x0/0x18)
[   10.216705] ---[ end trace e31d15056f6412ad ]---
[   10.233093] ------------[ cut here ]------------
[   10.238189] WARNING: CPU: 0 PID: 70 at mm/mmap.c:2859 exit_mmap+0x1a8/0x21c()
[   10.245788] Modules linked in:
[   10.249023] CPU: 0 PID: 70 Comm: rc Tainted: G        W       3.19.0-rc5-next-20150121-00002-gec64530e4d74 #1
[   10.259552] Hardware name: Generic OMAP36xx (Flattened Device Tree)
[   10.266235] [<c00153f0>] (unwind_backtrace) from [<c0011a74>] (show_stack+0x10/0x14)
[   10.274444] [<c0011a74>] (show_stack) from [<c05855d8>] (dump_stack+0x78/0x94)
[   10.282104] [<c05855d8>] (dump_stack) from [<c003d5cc>] (warn_slowpath_common+0x7c/0xb4)
[   10.290679] [<c003d5cc>] (warn_slowpath_common) from [<c003d620>] (warn_slowpath_null+0x1c/0x24)
[   10.299987] [<c003d620>] (warn_slowpath_null) from [<c012df48>] (exit_mmap+0x1a8/0x21c)
[   10.308502] [<c012df48>] (exit_mmap) from [<c003acb4>] (mmput+0x44/0xec)
[   10.315612] [<c003acb4>] (mmput) from [<c003fb80>] (do_exit+0x2b4/0x9b8)
[   10.322692] [<c003fb80>] (do_exit) from [<c00402f8>] (do_group_exit+0x48/0xbc)
[   10.330352] [<c00402f8>] (do_group_exit) from [<c004037c>] (__wake_up_parent+0x0/0x18)
[   10.338745] ---[ end trace e31d15056f6412ae ]---
[   10.350585] ------------[ cut here ]------------
[   10.355682] WARNING: CPU: 0 PID: 73 at mm/mmap.c:2859 exit_mmap+0x1a8/0x21c()
[   10.363220] Modules linked in:
[   10.366516] CPU: 0 PID: 73 Comm: S03sysfs Tainted: G        W       3.19.0-rc5-next-20150121-00002-gec64530e4d74 #1
[   10.377563] Hardware name: Generic OMAP36xx (Flattened Device Tree)
[   10.384246] [<c00153f0>] (unwind_backtrace) from [<c0011a74>] (show_stack+0x10/0x14)
[   10.392425] [<c0011a74>] (show_stack) from [<c05855d8>] (dump_stack+0x78/0x94)
[   10.400115] [<c05855d8>] (dump_stack) from [<c003d5cc>] (warn_slowpath_common+0x7c/0xb4)
[   10.408721] [<c003d5cc>] (warn_slowpath_common) from [<c003d620>] (warn_slowpath_null+0x1c/0x24)
[   10.418029] [<c003d620>] (warn_slowpath_null) from [<c012df48>] (exit_mmap+0x1a8/0x21c)
[   10.426513] [<c012df48>] (exit_mmap) from [<c003acb4>] (mmput+0x44/0xec)
[   10.433593] [<c003acb4>] (mmput) from [<c015142c>] (flush_old_exec+0x300/0x5a4)
[   10.441375] [<c015142c>] (flush_old_exec) from [<c0195cf0>] (load_elf_binary+0x2ec/0x1144)
[   10.450164] [<c0195cf0>] (load_elf_binary) from [<c0150f64>] (search_binary_handler+0x88/0x1ac)
[   10.459411] [<c0150f64>] (search_binary_handler) from [<c0151fd0>] (do_execveat_common+0x538/0x6c4)
[   10.468994] [<c0151fd0>] (do_execveat_common) from [<c0152188>] (do_execve+0x2c/0x34)
[   10.477325] [<c0152188>] (do_execve) from [<c000e5e0>] (ret_fast_syscall+0x0/0x4c)
[   10.485321] ---[ end trace e31d15056f6412af ]---
[   10.498809] ------------[ cut here ]------------
[   10.503723] WARNING: CPU: 0 PID: 73 at mm/mmap.c:2859 exit_mmap+0x1a8/0x21c()
[   10.511413] Modules linked in:
[   10.514709] CPU: 0 PID: 73 Comm: grep Tainted: G        W       3.19.0-rc5-next-20150121-00002-gec64530e4d74 #1
[   10.525390] Hardware name: Generic OMAP36xx (Flattened Device Tree)
[   10.532043] [<c00153f0>] (unwind_backtrace) from [<c0011a74>] (show_stack+0x10/0x14)
[   10.540252] [<c0011a74>] (show_stack) from [<c05855d8>] (dump_stack+0x78/0x94)
[   10.547943] [<c05855d8>] (dump_stack) from [<c003d5cc>] (warn_slowpath_common+0x7c/0xb4)
[   10.556518] [<c003d5cc>] (warn_slowpath_common) from [<c003d620>] (warn_slowpath_null+0x1c/0x24)
[   10.565856] [<c003d620>] (warn_slowpath_null) from [<c012df48>] (exit_mmap+0x1a8/0x21c)
[   10.574340] [<c012df48>] (exit_mmap) from [<c003acb4>] (mmput+0x44/0xec)
[   10.581420] [<c003acb4>] (mmput) from [<c003fb80>] (do_exit+0x2b4/0x9b8)
[   10.588531] [<c003fb80>] (do_exit) from [<c00402f8>] (do_group_exit+0x48/0xbc)
[   10.596191] [<c00402f8>] (do_group_exit) from [<c004037c>] (__wake_up_parent+0x0/0x18)
[   10.604583] ---[ end trace e31d15056f6412b0 ]---
[   10.614410] ------------[ cut here ]------------
[   10.619323] WARNING: CPU: 0 PID: 74 at mm/mmap.c:2859 exit_mmap+0x1a8/0x21c()
[   10.626922] Modules linked in:
[   10.630187] CPU: 0 PID: 74 Comm: S03sysfs Tainted: G        W       3.19.0-rc5-next-20150121-00002-gec64530e4d74 #1
[   10.641235] Hardware name: Generic OMAP36xx (Flattened Device Tree)
[   10.647918] [<c00153f0>] (unwind_backtrace) from [<c0011a74>] (show_stack+0x10/0x14)
[   10.656127] [<c0011a74>] (show_stack) from [<c05855d8>] (dump_stack+0x78/0x94)
[   10.663787] [<c05855d8>] (dump_stack) from [<c003d5cc>] (warn_slowpath_common+0x7c/0xb4)
[   10.672363] [<c003d5cc>] (warn_slowpath_common) from [<c003d620>] (warn_slowpath_null+0x1c/0x24)
[   10.681671] [<c003d620>] (warn_slowpath_null) from [<c012df48>] (exit_mmap+0x1a8/0x21c)
[   10.690155] [<c012df48>] (exit_mmap) from [<c003acb4>] (mmput+0x44/0xec)
[   10.697296] [<c003acb4>] (mmput) from [<c015142c>] (flush_old_exec+0x300/0x5a4)
[   10.705047] [<c015142c>] (flush_old_exec) from [<c0195cf0>] (load_elf_binary+0x2ec/0x1144)
[   10.713775] [<c0195cf0>] (load_elf_binary) from [<c0150f64>] (search_binary_handler+0x88/0x1ac)
[   10.722991] [<c0150f64>] (search_binary_handler) from [<c0151fd0>] (do_execveat_common+0x538/0x6c4)
[   10.732604] [<c0151fd0>] (do_execveat_common) from [<c0152188>] (do_execve+0x2c/0x34)
[   10.740905] [<c0152188>] (do_execve) from [<c000e5e0>] (ret_fast_syscall+0x0/0x4c)
[   10.748931] ---[ end trace e31d15056f6412b1 ]---
[   10.764953] ------------[ cut here ]------------
[   10.769866] WARNING: CPU: 0 PID: 74 at mm/mmap.c:2859 exit_mmap+0x1a8/0x21c()
[   10.777496] Modules linked in:
[   10.780761] CPU: 0 PID: 74 Comm: mount Tainted: G        W       3.19.0-rc5-next-20150121-00002-gec64530e4d74 #1
[   10.791564] Hardware name: Generic OMAP36xx (Flattened Device Tree)
[   10.798248] [<c00153f0>] (unwind_backtrace) from [<c0011a74>] (show_stack+0x10/0x14)
[   10.806457] [<c0011a74>] (show_stack) from [<c05855d8>] (dump_stack+0x78/0x94)
[   10.814147] [<c05855d8>] (dump_stack) from [<c003d5cc>] (warn_slowpath_common+0x7c/0xb4)
[   10.822692] [<c003d5cc>] (warn_slowpath_common) from [<c003d620>] (warn_slowpath_null+0x1c/0x24)
[   10.832031] [<c003d620>] (warn_slowpath_null) from [<c012df48>] (exit_mmap+0x1a8/0x21c)
[   10.840515] [<c012df48>] (exit_mmap) from [<c003acb4>] (mmput+0x44/0xec)
[   10.847625] [<c003acb4>] (mmput) from [<c003fb80>] (do_exit+0x2b4/0x9b8)
[   10.854766] [<c003fb80>] (do_exit) from [<c00402f8>] (do_group_exit+0x48/0xbc)
[   10.862396] [<c00402f8>] (do_group_exit) from [<c004037c>] (__wake_up_parent+0x0/0x18)
[   10.870758] ---[ end trace e31d15056f6412b2 ]---
[   10.877838] ------------[ cut here ]------------
[   10.882720] WARNING: CPU: 0 PID: 71 at mm/mmap.c:2859 exit_mmap+0x1a8/0x21c()
[   10.890411] Modules linked in:
[   10.893676] CPU: 0 PID: 71 Comm: S03sysfs Tainted: G        W       3.19.0-rc5-next-20150121-00002-gec64530e4d74 #1
[   10.904724] Hardware name: Generic OMAP36xx (Flattened Device Tree)
[   10.911376] [<c00153f0>] (unwind_backtrace) from [<c0011a74>] (show_stack+0x10/0x14)
[   10.919616] [<c0011a74>] (show_stack) from [<c05855d8>] (dump_stack+0x78/0x94)
[   10.927307] [<c05855d8>] (dump_stack) from [<c003d5cc>] (warn_slowpath_common+0x7c/0xb4)
[   10.935913] [<c003d5cc>] (warn_slowpath_common) from [<c003d620>] (warn_slowpath_null+0x1c/0x24)
[   10.945220] [<c003d620>] (warn_slowpath_null) from [<c012df48>] (exit_mmap+0x1a8/0x21c)
[   10.953674] [<c012df48>] (exit_mmap) from [<c003acb4>] (mmput+0x44/0xec)
[   10.960784] [<c003acb4>] (mmput) from [<c003fb80>] (do_exit+0x2b4/0x9b8)
[   10.967895] [<c003fb80>] (do_exit) from [<c00402f8>] (do_group_exit+0x48/0xbc)
[   10.975555] [<c00402f8>] (do_group_exit) from [<c004037c>] (__wake_up_parent+0x0/0x18)
[   10.983917] ---[ end trace e31d15056f6412b3 ]---
[   11.003143] ------------[ cut here ]------------
[   11.008239] WARNING: CPU: 0 PID: 76 at mm/mmap.c:2859 exit_mmap+0x1a8/0x21c()
[   11.015808] Modules linked in:
[   11.019073] CPU: 0 PID: 76 Comm: rc Tainted: G        W       3.19.0-rc5-next-20150121-00002-gec64530e4d74 #1
[   11.029571] Hardware name: Generic OMAP36xx (Flattened Device Tree)
[   11.036254] [<c00153f0>] (unwind_backtrace) from [<c0011a74>] (show_stack+0x10/0x14)
[   11.044494] [<c0011a74>] (show_stack) from [<c05855d8>] (dump_stack+0x78/0x94)
[   11.052154] [<c05855d8>] (dump_stack) from [<c003d5cc>] (warn_slowpath_common+0x7c/0xb4)
[   11.060729] [<c003d5cc>] (warn_slowpath_common) from [<c003d620>] (warn_slowpath_null+0x1c/0x24)
[   11.070068] [<c003d620>] (warn_slowpath_null) from [<c012df48>] (exit_mmap+0x1a8/0x21c)
[   11.078552] [<c012df48>] (exit_mmap) from [<c003acb4>] (mmput+0x44/0xec)
[   11.085662] [<c003acb4>] (mmput) from [<c015142c>] (flush_old_exec+0x300/0x5a4)
[   11.093383] [<c015142c>] (flush_old_exec) from [<c0195cf0>] (load_elf_binary+0x2ec/0x1144)
[   11.102172] [<c0195cf0>] (load_elf_binary) from [<c0150f64>] (search_binary_handler+0x88/0x1ac)
[   11.111389] [<c0150f64>] (search_binary_handler) from [<c019562c>] (load_script+0x260/0x280)
[   11.120361] [<c019562c>] (load_script) from [<c0150f64>] (search_binary_handler+0x88/0x1ac)
[   11.129211] [<c0150f64>] (search_binary_handler) from [<c0151fd0>] (do_execveat_common+0x538/0x6c4)
[   11.138793] [<c0151fd0>] (do_execveat_common) from [<c0152188>] (do_execve+0x2c/0x34)
[   11.147094] [<c0152188>] (do_execve) from [<c000e5e0>] (ret_fast_syscall+0x0/0x4c)
[   11.155120] ---[ end trace e31d15056f6412b4 ]---
[   11.162353] ------------[ cut here ]------------
[   11.167419] WARNING: CPU: 0 PID: 77 at mm/mmap.c:2859 exit_mmap+0x1a8/0x21c()
[   11.175018] Modules linked in:
[   11.178283] CPU: 0 PID: 77 Comm: rc Tainted: G        W       3.19.0-rc5-next-20150121-00002-gec64530e4d74 #1
[   11.188781] Hardware name: Generic OMAP36xx (Flattened Device Tree)
[   11.195434] [<c00153f0>] (unwind_backtrace) from [<c0011a74>] (show_stack+0x10/0x14)
[   11.203643] [<c0011a74>] (show_stack) from [<c05855d8>] (dump_stack+0x78/0x94)
[   11.211303] [<c05855d8>] (dump_stack) from [<c003d5cc>] (warn_slowpath_common+0x7c/0xb4)
[   11.219909] [<c003d5cc>] (warn_slowpath_common) from [<c003d620>] (warn_slowpath_null+0x1c/0x24)
[   11.229217] [<c003d620>] (warn_slowpath_null) from [<c012df48>] (exit_mmap+0x1a8/0x21c)
[   11.237701] [<c012df48>] (exit_mmap) from [<c003acb4>] (mmput+0x44/0xec)
[   11.244842] [<c003acb4>] (mmput) from [<c015142c>] (flush_old_exec+0x300/0x5a4)
[   11.252532] [<c015142c>] (flush_old_exec) from [<c0195cf0>] (load_elf_binary+0x2ec/0x1144)
[   11.261322] [<c0195cf0>] (load_elf_binary) from [<c0150f64>] (search_binary_handler+0x88/0x1ac)
[   11.270538] [<c0150f64>] (search_binary_handler) from [<c0151fd0>] (do_execveat_common+0x538/0x6c4)
[   11.280120] [<c0151fd0>] (do_execveat_common) from [<c0152188>] (do_execve+0x2c/0x34)
[   11.288452] [<c0152188>] (do_execve) from [<c000e5e0>] (ret_fast_syscall+0x0/0x4c)
[   11.296447] ---[ end trace e31d15056f6412b5 ]---
[   11.306091] ------------[ cut here ]------------
[   11.310974] WARNING: CPU: 0 PID: 77 at mm/mmap.c:2859 exit_mmap+0x1a8/0x21c()
[   11.318634] Modules linked in:
[   11.321899] CPU: 0 PID: 77 Comm: splash-write Tainted: G        W       3.19.0-rc5-next-20150121-00002-gec64530e4d74 #1
[   11.333312] Hardware name: Generic OMAP36xx (Flattened Device Tree)
[   11.339996] [<c00153f0>] (unwind_backtrace) from [<c0011a74>] (show_stack+0x10/0x14)
[   11.348205] [<c0011a74>] (show_stack) from [<c05855d8>] (dump_stack+0x78/0x94)
[   11.355895] [<c05855d8>] (dump_stack) from [<c003d5cc>] (warn_slowpath_common+0x7c/0xb4)
[   11.364471] [<c003d5cc>] (warn_slowpath_common) from [<c003d620>] (warn_slowpath_null+0x1c/0x24)
[   11.373748] [<c003d620>] (warn_slowpath_null) from [<c012df48>] (exit_mmap+0x1a8/0x21c)
[   11.382263] [<c012df48>] (exit_mmap) from [<c003acb4>] (mmput+0x44/0xec)
[   11.389373] [<c003acb4>] (mmput) from [<c003fb80>] (do_exit+0x2b4/0x9b8)
[   11.396484] [<c003fb80>] (do_exit) from [<c00402f8>] (do_group_exit+0x48/0xbc)
[   11.404144] [<c00402f8>] (do_group_exit) from [<c004037c>] (__wake_up_parent+0x0/0x18)
[   11.412506] ---[ end trace e31d15056f6412b6 ]---
[   11.429565] ------------[ cut here ]------------
[   11.434600] WARNING: CPU: 0 PID: 75 at mm/mmap.c:2859 exit_mmap+0x1a8/0x21c()
[   11.442138] Modules linked in:
[   11.445434] CPU: 0 PID: 75 Comm: rc Tainted: G        W       3.19.0-rc5-next-20150121-00002-gec64530e4d74 #1
[   11.455932] Hardware name: Generic OMAP36xx (Flattened Device Tree)
[   11.462554] [<c00153f0>] (unwind_backtrace) from [<c0011a74>] (show_stack+0x10/0x14)
[   11.470794] [<c0011a74>] (show_stack) from [<c05855d8>] (dump_stack+0x78/0x94)
[   11.478485] [<c05855d8>] (dump_stack) from [<c003d5cc>] (warn_slowpath_common+0x7c/0xb4)
[   11.487060] [<c003d5cc>] (warn_slowpath_common) from [<c003d620>] (warn_slowpath_null+0x1c/0x24)
[   11.496368] [<c003d620>] (warn_slowpath_null) from [<c012df48>] (exit_mmap+0x1a8/0x21c)
[   11.504852] [<c012df48>] (exit_mmap) from [<c003acb4>] (mmput+0x44/0xec)
[   11.511932] [<c003acb4>] (mmput) from [<c003fb80>] (do_exit+0x2b4/0x9b8)
[   11.519042] [<c003fb80>] (do_exit) from [<c00402f8>] (do_group_exit+0x48/0xbc)
[   11.526733] [<c00402f8>] (do_group_exit) from [<c004037c>] (__wake_up_parent+0x0/0x18)
[   11.535095] ---[ end trace e31d15056f6412b7 ]---
Starting udev
[   11.553710] ------------[ cut here ]------------
[   11.558776] WARNING: CPU: 0 PID: 78 at mm/mmap.c:2859 exit_mmap+0x1a8/0x21c()
[   11.566345] Modules linked in:
[   11.569610] CPU: 0 PID: 78 Comm: S03udev Tainted: G        W       3.19.0-rc5-next-20150121-00002-gec64530e4d74 #1
[   11.580566] Hardware name: Generic OMAP36xx (Flattened Device Tree)
[   11.587249] [<c00153f0>] (unwind_backtrace) from [<c0011a74>] (show_stack+0x10/0x14)
[   11.595458] [<c0011a74>] (show_stack) from [<c05855d8>] (dump_stack+0x78/0x94)
[   11.603118] [<c05855d8>] (dump_stack) from [<c003d5cc>] (warn_slowpath_common+0x7c/0xb4)
[   11.611694] [<c003d5cc>] (warn_slowpath_common) from [<c003d620>] (warn_slowpath_null+0x1c/0x24)
[   11.621002] [<c003d620>] (warn_slowpath_null) from [<c012df48>] (exit_mmap+0x1a8/0x21c)
[   11.629486] [<c012df48>] (exit_mmap) from [<c003acb4>] (mmput+0x44/0xec)
[   11.636657] [<c003acb4>] (mmput) from [<c015142c>] (flush_old_exec+0x300/0x5a4)
[   11.644439] [<c015142c>] (flush_old_exec) from [<c0195cf0>] (load_elf_binary+0x2ec/0x1144)
[   11.653167] [<c0195cf0>] (load_elf_binary) from [<c0150f64>] (search_binary_handler+0x88/0x1ac)
[   11.662384] [<c0150f64>] (search_binary_handler) from [<c0151fd0>] (do_execveat_common+0x538/0x6c4)
[   11.671997] [<c0151fd0>] (do_execveat_common) from [<c0152188>] (do_execve+0x2c/0x34)
[   11.680297] [<c0152188>] (do_execve) from [<c000e5e0>] (ret_fast_syscall+0x0/0x4c)
[   11.688323] ---[ end trace e31d15056f6412b8 ]---
[   11.703002] ------------[ cut here ]------------
[   11.708129] WARNING: CPU: 0 PID: 78 at mm/mmap.c:2859 exit_mmap+0x1a8/0x21c()
[   11.715698] Modules linked in:
[   11.718933] CPU: 0 PID: 78 Comm: awk Tainted: G        W       3.19.0-rc5-next-20150121-00002-gec64530e4d74 #1
[   11.729522] Hardware name: Generic OMAP36xx (Flattened Device Tree)
[   11.736206] [<c00153f0>] (unwind_backtrace) from [<c0011a74>] (show_stack+0x10/0x14)
[   11.744445] [<c0011a74>] (show_stack) from [<c05855d8>] (dump_stack+0x78/0x94)
[   11.752075] [<c05855d8>] (dump_stack) from [<c003d5cc>] (warn_slowpath_common+0x7c/0xb4)
[   11.760681] [<c003d5cc>] (warn_slowpath_common) from [<c003d620>] (warn_slowpath_null+0x1c/0x24)
[   11.769989] [<c003d620>] (warn_slowpath_null) from [<c012df48>] (exit_mmap+0x1a8/0x21c)
[   11.778472] [<c012df48>] (exit_mmap) from [<c003acb4>] (mmput+0x44/0xec)
[   11.785583] [<c003acb4>] (mmput) from [<c003fb80>] (do_exit+0x2b4/0x9b8)
[   11.792663] [<c003fb80>] (do_exit) from [<c00402f8>] (do_group_exit+0x48/0xbc)
[   11.800323] [<c00402f8>] (do_group_exit) from [<c004037c>] (__wake_up_parent+0x0/0x18)
[   11.808715] ---[ end trace e31d15056f6412b9 ]---
[   11.818664] ------------[ cut here ]------------
[   11.823577] WARNING: CPU: 0 PID: 79 at mm/mmap.c:2859 exit_mmap+0x1a8/0x21c()
[   11.831268] Modules linked in:
[   11.834564] CPU: 0 PID: 79 Comm: S03udev Tainted: G        W       3.19.0-rc5-next-20150121-00002-gec64530e4d74 #1
[   11.845520] Hardware name: Generic OMAP36xx (Flattened Device Tree)
[   11.852172] [<c00153f0>] (unwind_backtrace) from [<c0011a74>] (show_stack+0x10/0x14)
[   11.860382] [<c0011a74>] (show_stack) from [<c05855d8>] (dump_stack+0x78/0x94)
[   11.868072] [<c05855d8>] (dump_stack) from [<c003d5cc>] (warn_slowpath_common+0x7c/0xb4)
[   11.876678] [<c003d5cc>] (warn_slowpath_common) from [<c003d620>] (warn_slowpath_null+0x1c/0x24)
[   11.885986] [<c003d620>] (warn_slowpath_null) from [<c012df48>] (exit_mmap+0x1a8/0x21c)
[   11.894500] [<c012df48>] (exit_mmap) from [<c003acb4>] (mmput+0x44/0xec)
[   11.901580] [<c003acb4>] (mmput) from [<c015142c>] (flush_old_exec+0x300/0x5a4)
[   11.909332] [<c015142c>] (flush_old_exec) from [<c0195cf0>] (load_elf_binary+0x2ec/0x1144)
[   11.918090] [<c0195cf0>] (load_elf_binary) from [<c0150f64>] (search_binary_handler+0x88/0x1ac)
[   11.927337] [<c0150f64>] (search_binary_handler) from [<c0151fd0>] (do_execveat_common+0x538/0x6c4)
[   11.936920] [<c0151fd0>] (do_execveat_common) from [<c0152188>] (do_execve+0x2c/0x34)
[   11.945220] [<c0152188>] (do_execve) from [<c000e5e0>] (ret_fast_syscall+0x0/0x4c)
[   11.953216] ---[ end trace e31d15056f6412ba ]---
[   11.973083] ------------[ cut here ]------------
[   11.978149] WARNING: CPU: 0 PID: 79 at mm/mmap.c:2859 exit_mmap+0x1a8/0x21c()
[   11.985748] Modules linked in:
[   11.988983] CPU: 0 PID: 79 Comm: mount Tainted: G        W       3.19.0-rc5-next-20150121-00002-gec64530e4d74 #1
[   11.999755] Hardware name: Generic OMAP36xx (Flattened Device Tree)
[   12.006439] [<c00153f0>] (unwind_backtrace) from [<c0011a74>] (show_stack+0x10/0x14)
[   12.014648] [<c0011a74>] (show_stack) from [<c05855d8>] (dump_stack+0x78/0x94)
[   12.022308] [<c05855d8>] (dump_stack) from [<c003d5cc>] (warn_slowpath_common+0x7c/0xb4)
[   12.030883] [<c003d5cc>] (warn_slowpath_common) from [<c003d620>] (warn_slowpath_null+0x1c/0x24)
[   12.040191] [<c003d620>] (warn_slowpath_null) from [<c012df48>] (exit_mmap+0x1a8/0x21c)
[   12.048736] [<c012df48>] (exit_mmap) from [<c003acb4>] (mmput+0x44/0xec)
[   12.055877] [<c003acb4>] (mmput) from [<c003fb80>] (do_exit+0x2b4/0x9b8)
[   12.062927] [<c003fb80>] (do_exit) from [<c00402f8>] (do_group_exit+0x48/0xbc)
[   12.070617] [<c00402f8>] (do_group_exit) from [<c004037c>] (__wake_up_parent+0x0/0x18)
[   12.079010] ---[ end trace e31d15056f6412bb ]---
[   12.091430] ------------[ cut here ]------------
[   12.096527] WARNING: CPU: 0 PID: 80 at mm/mmap.c:2859 exit_mmap+0x1a8/0x21c()
[   12.104064] Modules linked in:
[   12.107391] CPU: 0 PID: 80 Comm: S03udev Tainted: G        W       3.19.0-rc5-next-20150121-00002-gec64530e4d74 #1
[   12.118347] Hardware name: Generic OMAP36xx (Flattened Device Tree)
[   12.125030] [<c00153f0>] (unwind_backtrace) from [<c0011a74>] (show_stack+0x10/0x14)
[   12.133209] [<c0011a74>] (show_stack) from [<c05855d8>] (dump_stack+0x78/0x94)
[   12.140869] [<c05855d8>] (dump_stack) from [<c003d5cc>] (warn_slowpath_common+0x7c/0xb4)
[   12.149475] [<c003d5cc>] (warn_slowpath_common) from [<c003d620>] (warn_slowpath_null+0x1c/0x24)
[   12.158782] [<c003d620>] (warn_slowpath_null) from [<c012df48>] (exit_mmap+0x1a8/0x21c)
[   12.167266] [<c012df48>] (exit_mmap) from [<c003acb4>] (mmput+0x44/0xec)
[   12.174377] [<c003acb4>] (mmput) from [<c015142c>] (flush_old_exec+0x300/0x5a4)
[   12.182098] [<c015142c>] (flush_old_exec) from [<c0195cf0>] (load_elf_binary+0x2ec/0x1144)
[   12.190887] [<c0195cf0>] (load_elf_binary) from [<c0150f64>] (search_binary_handler+0x88/0x1ac)
[   12.200103] [<c0150f64>] (search_binary_handler) from [<c0151fd0>] (do_execveat_common+0x538/0x6c4)
[   12.209686] [<c0151fd0>] (do_execveat_common) from [<c0152188>] (do_execve+0x2c/0x34)
[   12.218017] [<c0152188>] (do_execve) from [<c000e5e0>] (ret_fast_syscall+0x0/0x4c)
[   12.226043] ---[ end trace e31d15056f6412bc ]---
[   12.239929] ------------[ cut here ]------------
[   12.245056] WARNING: CPU: 0 PID: 80 at mm/mmap.c:2859 exit_mmap+0x1a8/0x21c()
[   12.252593] Modules linked in:
[   12.255889] CPU: 0 PID: 80 Comm: mkdir Tainted: G        W       3.19.0-rc5-next-20150121-00002-gec64530e4d74 #1
[   12.266662] Hardware name: Generic OMAP36xx (Flattened Device Tree)
[   12.273284] [<c00153f0>] (unwind_backtrace) from [<c0011a74>] (show_stack+0x10/0x14)
[   12.281524] [<c0011a74>] (show_stack) from [<c05855d8>] (dump_stack+0x78/0x94)
[   12.289215] [<c05855d8>] (dump_stack) from [<c003d5cc>] (warn_slowpath_common+0x7c/0xb4)
[   12.297790] [<c003d5cc>] (warn_slowpath_common) from [<c003d620>] (warn_slowpath_null+0x1c/0x24)
[   12.307128] [<c003d620>] (warn_slowpath_null) from [<c012df48>] (exit_mmap+0x1a8/0x21c)
[   12.315612] [<c012df48>] (exit_mmap) from [<c003acb4>] (mmput+0x44/0xec)
[   12.322692] [<c003acb4>] (mmput) from [<c003fb80>] (do_exit+0x2b4/0x9b8)
[   12.329803] [<c003fb80>] (do_exit) from [<c00402f8>] (do_group_exit+0x48/0xbc)
[   12.337463] [<c00402f8>] (do_group_exit) from [<c004037c>] (__wake_up_parent+0x0/0x18)
[   12.345855] ---[ end trace e31d15056f6412bd ]---
[   12.355712] ------------[ cut here ]------------
[   12.360626] WARNING: CPU: 0 PID: 81 at mm/mmap.c:2859 exit_mmap+0x1a8/0x21c()
[   12.368255] Modules linked in:
[   12.371520] CPU: 0 PID: 81 Comm: S03udev Tainted: G        W       3.19.0-rc5-next-20150121-00002-gec64530e4d74 #1
[   12.382476] Hardware name: Generic OMAP36xx (Flattened Device Tree)
[   12.389160] [<c00153f0>] (unwind_backtrace) from [<c0011a74>] (show_stack+0x10/0x14)
[   12.397369] [<c0011a74>] (show_stack) from [<c05855d8>] (dump_stack+0x78/0x94)
[   12.405059] [<c05855d8>] (dump_stack) from [<c003d5cc>] (warn_slowpath_common+0x7c/0xb4)
[   12.413604] [<c003d5cc>] (warn_slowpath_common) from [<c003d620>] (warn_slowpath_null+0x1c/0x24)
[   12.422912] [<c003d620>] (warn_slowpath_null) from [<c012df48>] (exit_mmap+0x1a8/0x21c)
[   12.431396] [<c012df48>] (exit_mmap) from [<c003acb4>] (mmput+0x44/0xec)
[   12.438537] [<c003acb4>] (mmput) from [<c015142c>] (flush_old_exec+0x300/0x5a4)
[   12.446289] [<c015142c>] (flush_old_exec) from [<c0195cf0>] (load_elf_binary+0x2ec/0x1144)
[   12.455047] [<c0195cf0>] (load_elf_binary) from [<c0150f64>] (search_binary_handler+0x88/0x1ac)
[   12.464294] [<c0150f64>] (search_binary_handler) from [<c0151fd0>] (do_execveat_common+0x538/0x6c4)
[   12.473846] [<c0151fd0>] (do_execveat_common) from [<c0152188>] (do_execve+0x2c/0x34)
[   12.482147] [<c0152188>] (do_execve) from [<c000e5e0>] (ret_fast_syscall+0x0/0x4c)
[   12.490173] ---[ end trace e31d15056f6412be ]---
[   12.502410] ------------[ cut here ]------------
[   12.507507] WARNING: CPU: 0 PID: 81 at mm/mmap.c:2859 exit_mmap+0x1a8/0x21c()
[   12.515075] Modules linked in:
[   12.518341] CPU: 0 PID: 81 Comm: mkdir Tainted: G        W       3.19.0-rc5-next-20150121-00002-gec64530e4d74 #1
[   12.529113] Hardware name: Generic OMAP36xx (Flattened Device Tree)
[   12.535766] [<c00153f0>] (unwind_backtrace) from [<c0011a74>] (show_stack+0x10/0x14)
[   12.543975] [<c0011a74>] (show_stack) from [<c05855d8>] (dump_stack+0x78/0x94)
[   12.551666] [<c05855d8>] (dump_stack) from [<c003d5cc>] (warn_slowpath_common+0x7c/0xb4)
[   12.560241] [<c003d5cc>] (warn_slowpath_common) from [<c003d620>] (warn_slowpath_null+0x1c/0x24)
[   12.569549] [<c003d620>] (warn_slowpath_null) from [<c012df48>] (exit_mmap+0x1a8/0x21c)
[   12.578033] [<c012df48>] (exit_mmap) from [<c003acb4>] (mmput+0x44/0xec)
[   12.585144] [<c003acb4>] (mmput) from [<c003fb80>] (do_exit+0x2b4/0x9b8)
[   12.592285] [<c003fb80>] (do_exit) from [<c00402f8>] (do_group_exit+0x48/0xbc)
[   12.599975] [<c00402f8>] (do_group_exit) from [<c004037c>] (__wake_up_parent+0x0/0x18)
[   12.608367] ---[ end trace e31d15056f6412bf ]---
[   12.624542] ------------[ cut here ]------------
[   12.629516] WARNING: CPU: 0 PID: 82 at mm/mmap.c:2859 exit_mmap+0x1a8/0x21c()
[   12.637084] Modules linked in:
[   12.640350] CPU: 0 PID: 82 Comm: S03udev Tainted: G        W       3.19.0-rc5-next-20150121-00002-gec64530e4d74 #1
[   12.651306] Hardware name: Generic OMAP36xx (Flattened Device Tree)
[   12.657989] [<c00153f0>] (unwind_backtrace) from [<c0011a74>] (show_stack+0x10/0x14)
[   12.666198] [<c0011a74>] (show_stack) from [<c05855d8>] (dump_stack+0x78/0x94)
[   12.673828] [<c05855d8>] (dump_stack) from [<c003d5cc>] (warn_slowpath_common+0x7c/0xb4)
[   12.682434] [<c003d5cc>] (warn_slowpath_common) from [<c003d620>] (warn_slowpath_null+0x1c/0x24)
[   12.691741] [<c003d620>] (warn_slowpath_null) from [<c012df48>] (exit_mmap+0x1a8/0x21c)
[   12.700225] [<c012df48>] (exit_mmap) from [<c003acb4>] (mmput+0x44/0xec)
[   12.707366] [<c003acb4>] (mmput) from [<c015142c>] (flush_old_exec+0x300/0x5a4)
[   12.715118] [<c015142c>] (flush_old_exec) from [<c0195cf0>] (load_elf_binary+0x2ec/0x1144)
[   12.723846] [<c0195cf0>] (load_elf_binary) from [<c0150f64>] (search_binary_handler+0x88/0x1ac)
[   12.733062] [<c0150f64>] (search_binary_handler) from [<c0151fd0>] (do_execveat_common+0x538/0x6c4)
[   12.742675] [<c0151fd0>] (do_execveat_common) from [<c0152188>] (do_execve+0x2c/0x34)
[   12.750976] [<c0152188>] (do_execve) from [<c000e5e0>] (ret_fast_syscall+0x0/0x4c)
[   12.759002] ---[ end trace e31d15056f6412c0 ]---
[   12.772399] ------------[ cut here ]------------
[   12.777496] WARNING: CPU: 0 PID: 82 at mm/mmap.c:2859 exit_mmap+0x1a8/0x21c()
[   12.785064] Modules linked in:
[   12.788299] CPU: 0 PID: 82 Comm: uname Tainted: G        W       3.19.0-rc5-next-20150121-00002-gec64530e4d74 #1
[   12.799072] Hardware name: Generic OMAP36xx (Flattened Device Tree)
[   12.805755] [<c00153f0>] (unwind_backtrace) from [<c0011a74>] (show_stack+0x10/0x14)
[   12.813934] [<c0011a74>] (show_stack) from [<c05855d8>] (dump_stack+0x78/0x94)
[   12.821624] [<c05855d8>] (dump_stack) from [<c003d5cc>] (warn_slowpath_common+0x7c/0xb4)
[   12.830230] [<c003d5cc>] (warn_slowpath_common) from [<c003d620>] (warn_slowpath_null+0x1c/0x24)
[   12.839538] [<c003d620>] (warn_slowpath_null) from [<c012df48>] (exit_mmap+0x1a8/0x21c)
[   12.848022] [<c012df48>] (exit_mmap) from [<c003acb4>] (mmput+0x44/0xec)
[   12.855133] [<c003acb4>] (mmput) from [<c003fb80>] (do_exit+0x2b4/0x9b8)
[   12.862213] [<c003fb80>] (do_exit) from [<c00402f8>] (do_group_exit+0x48/0xbc)
[   12.869903] [<c00402f8>] (do_group_exit) from [<c004037c>] (__wake_up_parent+0x0/0x18)
[   12.878295] ---[ end trace e31d15056f6412c1 ]---
[   12.895233] ------------[ cut here ]------------
[   12.900146] WARNING: CPU: 0 PID: 83 at mm/mmap.c:2859 exit_mmap+0x1a8/0x21c()
[   12.907775] Modules linked in:
[   12.911010] CPU: 0 PID: 83 Comm: S03udev Tainted: G        W       3.19.0-rc5-next-20150121-00002-gec64530e4d74 #1
[   12.921966] Hardware name: Generic OMAP36xx (Flattened Device Tree)
[   12.928649] [<c00153f0>] (unwind_backtrace) from [<c0011a74>] (show_stack+0x10/0x14)
[   12.936889] [<c0011a74>] (show_stack) from [<c05855d8>] (dump_stack+0x78/0x94)
[   12.944549] [<c05855d8>] (dump_stack) from [<c003d5cc>] (warn_slowpath_common+0x7c/0xb4)
[   12.953094] [<c003d5cc>] (warn_slowpath_common) from [<c003d620>] (warn_slowpath_null+0x1c/0x24)
[   12.962432] [<c003d620>] (warn_slowpath_null) from [<c012df48>] (exit_mmap+0x1a8/0x21c)
[   12.970947] [<c012df48>] (exit_mmap) from [<c003acb4>] (mmput+0x44/0xec)
[   12.978088] [<c003acb4>] (mmput) from [<c015142c>] (flush_old_exec+0x300/0x5a4)
[   12.985839] [<c015142c>] (flush_old_exec) from [<c0195cf0>] (load_elf_binary+0x2ec/0x1144)
[   12.994598] [<c0195cf0>] (load_elf_binary) from [<c0150f64>] (search_binary_handler+0x88/0x1ac)
[   13.003784] [<c0150f64>] (search_binary_handler) from [<c0151fd0>] (do_execveat_common+0x538/0x6c4)
[   13.013397] [<c0151fd0>] (do_execveat_common) from [<c0152188>] (do_execve+0x2c/0x34)
[   13.021697] [<c0152188>] (do_execve) from [<c000e5e0>] (ret_fast_syscall+0x0/0x4c)
[   13.029724] ---[ end trace e31d15056f6412c2 ]---
[   13.042694] ------------[ cut here ]------------
[   13.047760] WARNING: CPU: 0 PID: 83 at mm/mmap.c:2859 exit_mmap+0x1a8/0x21c()
[   13.055358] Modules linked in:
[   13.058593] CPU: 0 PID: 83 Comm: uname Tainted: G        W       3.19.0-rc5-next-20150121-00002-gec64530e4d74 #1
[   13.069366] Hardware name: Generic OMAP36xx (Flattened Device Tree)
[   13.076049] [<c00153f0>] (unwind_backtrace) from [<c0011a74>] (show_stack+0x10/0x14)
[   13.084289] [<c0011a74>] (show_stack) from [<c05855d8>] (dump_stack+0x78/0x94)
[   13.091918] [<c05855d8>] (dump_stack) from [<c003d5cc>] (warn_slowpath_common+0x7c/0xb4)
[   13.100494] [<c003d5cc>] (warn_slowpath_common) from [<c003d620>] (warn_slowpath_null+0x1c/0x24)
[   13.109802] [<c003d620>] (warn_slowpath_null) from [<c012df48>] (exit_mmap+0x1a8/0x21c)
[   13.118316] [<c012df48>] (exit_mmap) from [<c003acb4>] (mmput+0x44/0xec)
[   13.125427] [<c003acb4>] (mmput) from [<c003fb80>] (do_exit+0x2b4/0x9b8)
[   13.132507] [<c003fb80>] (do_exit) from [<c00402f8>] (do_group_exit+0x48/0xbc)
[   13.140167] [<c00402f8>] (do_group_exit) from [<c004037c>] (__wake_up_parent+0x0/0x18)
[   13.148559] ---[ end trace e31d15056f6412c3 ]---
[   13.158416] ------------[ cut here ]------------
[   13.163330] WARNING: CPU: 0 PID: 84 at mm/mmap.c:2859 exit_mmap+0x1a8/0x21c()
[   13.171020] Modules linked in:
[   13.174346] CPU: 0 PID: 84 Comm: S03udev Tainted: G        W       3.19.0-rc5-next-20150121-00002-gec64530e4d74 #1
[   13.185302] Hardware name: Generic OMAP36xx (Flattened Device Tree)
[   13.191925] [<c00153f0>] (unwind_backtrace) from [<c0011a74>] (show_stack+0x10/0x14)
[   13.200164] [<c0011a74>] (show_stack) from [<c05855d8>] (dump_stack+0x78/0x94)
[   13.207824] [<c05855d8>] (dump_stack) from [<c003d5cc>] (warn_slowpath_common+0x7c/0xb4)
[   13.216400] [<c003d5cc>] (warn_slowpath_common) from [<c003d620>] (warn_slowpath_null+0x1c/0x24)
[   13.225708] [<c003d620>] (warn_slowpath_null) from [<c012df48>] (exit_mmap+0x1a8/0x21c)
[   13.234222] [<c012df48>] (exit_mmap) from [<c003acb4>] (mmput+0x44/0xec)
[   13.241302] [<c003acb4>] (mmput) from [<c015142c>] (flush_old_exec+0x300/0x5a4)
[   13.249053] [<c015142c>] (flush_old_exec) from [<c0195cf0>] (load_elf_binary+0x2ec/0x1144)
[   13.257812] [<c0195cf0>] (load_elf_binary) from [<c0150f64>] (search_binary_handler+0x88/0x1ac)
[   13.267059] [<c0150f64>] (search_binary_handler) from [<c0151fd0>] (do_execveat_common+0x538/0x6c4)
[   13.276641] [<c0151fd0>] (do_execveat_common) from [<c0152188>] (do_execve+0x2c/0x34)
[   13.284942] [<c0152188>] (do_execve) from [<c000e5e0>] (ret_fast_syscall+0x0/0x4c)
[   13.292938] ---[ end trace e31d15056f6412c4 ]---
[   13.311370] ------------[ cut here ]------------
[   13.316436] WARNING: CPU: 0 PID: 84 at mm/mmap.c:2859 exit_mmap+0x1a8/0x21c()
[   13.323974] Modules linked in:
[   13.327270] CPU: 0 PID: 84 Comm: mkdir Tainted: G        W       3.19.0-rc5-next-20150121-00002-gec64530e4d74 #1
[   13.338043] Hardware name: Generic OMAP36xx (Flattened Device Tree)
[   13.344726] [<c00153f0>] (unwind_backtrace) from [<c0011a74>] (show_stack+0x10/0x14)
[   13.352905] [<c0011a74>] (show_stack) from [<c05855d8>] (dump_stack+0x78/0x94)
[   13.360595] [<c05855d8>] (dump_stack) from [<c003d5cc>] (warn_slowpath_common+0x7c/0xb4)
[   13.369171] [<c003d5cc>] (warn_slowpath_common) from [<c003d620>] (warn_slowpath_null+0x1c/0x24)
[   13.378479] [<c003d620>] (warn_slowpath_null) from [<c012df48>] (exit_mmap+0x1a8/0x21c)
[   13.386993] [<c012df48>] (exit_mmap) from [<c003acb4>] (mmput+0x44/0xec)
[   13.394073] [<c003acb4>] (mmput) from [<c003fb80>] (do_exit+0x2b4/0x9b8)
[   13.401184] [<c003fb80>] (do_exit) from [<c00402f8>] (do_group_exit+0x48/0xbc)
[   13.408874] [<c00402f8>] (do_group_exit) from [<c004037c>] (__wake_up_parent+0x0/0x18)
[   13.417266] ---[ end trace e31d15056f6412c5 ]---
[   13.433868] ------------[ cut here ]------------
[   13.438934] WARNING: CPU: 0 PID: 85 at mm/mmap.c:2859 exit_mmap+0x1a8/0x21c()
[   13.446502] Modules linked in:
[   13.449768] CPU: 0 PID: 85 Comm: S03udev Tainted: G        W       3.19.0-rc5-next-20150121-00002-gec64530e4d74 #1
[   13.460693] Hardware name: Generic OMAP36xx (Flattened Device Tree)
[   13.467376] [<c00153f0>] (unwind_backtrace) from [<c0011a74>] (show_stack+0x10/0x14)
[   13.475616] [<c0011a74>] (show_stack) from [<c05855d8>] (dump_stack+0x78/0x94)
[   13.483245] [<c05855d8>] (dump_stack) from [<c003d5cc>] (warn_slowpath_common+0x7c/0xb4)
[   13.491821] [<c003d5cc>] (warn_slowpath_common) from [<c003d620>] (warn_slowpath_null+0x1c/0x24)
[   13.501129] [<c003d620>] (warn_slowpath_null) from [<c012df48>] (exit_mmap+0x1a8/0x21c)
[   13.509643] [<c012df48>] (exit_mmap) from [<c003acb4>] (mmput+0x44/0xec)
[   13.516754] [<c003acb4>] (mmput) from [<c015142c>] (flush_old_exec+0x300/0x5a4)
[   13.524566] [<c015142c>] (flush_old_exec) from [<c0195cf0>] (load_elf_binary+0x2ec/0x1144)
[   13.533294] [<c0195cf0>] (load_elf_binary) from [<c0150f64>] (search_binary_handler+0x88/0x1ac)
[   13.542510] [<c0150f64>] (search_binary_handler) from [<c0151fd0>] (do_execveat_common+0x538/0x6c4)
[   13.552093] [<c0151fd0>] (do_execveat_common) from [<c0152188>] (do_execve+0x2c/0x34)
[   13.560424] [<c0152188>] (do_execve) from [<c000e5e0>] (ret_fast_syscall+0x0/0x4c)
[   13.568420] ---[ end trace e31d15056f6412c6 ]---
WARNING: -e needs -E or -F
[   13.605804] ------------[ cut here ]------------
[   13.610717] WARNING: CPU: 0 PID: 85 at mm/mmap.c:2859 exit_mmap+0x1a8/0x21c()
[   13.618347] Modules linked in:
[   13.621582] CPU: 0 PID: 85 Comm: depmod Tainted: G        W       3.19.0-rc5-next-20150121-00002-gec64530e4d74 #1
[   13.632446] Hardware name: Generic OMAP36xx (Flattened Device Tree)
[   13.639129] [<c00153f0>] (unwind_backtrace) from [<c0011a74>] (show_stack+0x10/0x14)
[   13.647369] [<c0011a74>] (show_stack) from [<c05855d8>] (dump_stack+0x78/0x94)
[   13.655059] [<c05855d8>] (dump_stack) from [<c003d5cc>] (warn_slowpath_common+0x7c/0xb4)
[   13.663574] [<c003d5cc>] (warn_slowpath_common) from [<c003d620>] (warn_slowpath_null+0x1c/0x24)
[   13.672912] [<c003d620>] (warn_slowpath_null) from [<c012df48>] (exit_mmap+0x1a8/0x21c)
[   13.681427] [<c012df48>] (exit_mmap) from [<c003acb4>] (mmput+0x44/0xec)
[   13.688568] [<c003acb4>] (mmput) from [<c003fb80>] (do_exit+0x2b4/0x9b8)
[   13.695678] [<c003fb80>] (do_exit) from [<c00402f8>] (do_group_exit+0x48/0xbc)
[   13.703308] [<c00402f8>] (do_group_exit) from [<c004037c>] (__wake_up_parent+0x0/0x18)
[   13.711669] ---[ end trace e31d15056f6412c7 ]---
[   13.725982] ------------[ cut here ]------------
[   13.730895] WARNING: CPU: 0 PID: 86 at mm/mmap.c:2859 exit_mmap+0x1a8/0x21c()
[   13.738555] Modules linked in:
[   13.741790] CPU: 0 PID: 86 Comm: S03udev Tainted: G        W       3.19.0-rc5-next-20150121-00002-gec64530e4d74 #1
[   13.752777] Hardware name: Generic OMAP36xx (Flattened Device Tree)
