- 06:52:00 [INFO] Starting target session
- 06:52:01 [INFO] Connected to am37x-evm via serial 
- 06:52:01 [INFO] Host: #check prompt
- 06:52:03 [ERROR] On command: #check prompt waiting for #check prompt.+?(?-mix:((?-mix:login:)|[Pp]assword)) >>> error: execution expired
- 06:52:03 [INFO] Target: 
#check prompt
root@am37x-evm:/test# 
- 06:52:03 [INFO] Host: #check prompt
- 06:52:04 [INFO] Target: 
#check prompt
root@am37x-evm:/test# 
- 06:52:04 [INFO] Host: sync;poweroff
- 06:54:04 [ERROR] On command: sync;poweroff waiting for sync;poweroff.+?(?i-mx:System halted|System will go to power_off) >>> error: execution expired
- 06:54:04 [INFO] Target: 
sync;poweroff
INIT: Switc
INIT: SendinStopping Dropbear SSH server: stopped /usr/sbin/dropbear (pid 1759)
dropbear.
Stopping telnet daemon.
Stopping Hardware abstraction layer hald
Stopping system message bus: stopped process in pidfile '/var/run/dbus/pid' (pid 1720)
dbus.
Stopping network benchmark server: netserverstopped /usr/sbin/netserver (pid 1771)
Stopping thttpdError opening /dev/fb0: No such file or directory
ALSA: Storing mixer settings...
/usr/sbin/alsactl: save_state:1519: No soundcards found...
Deconfiguring network interfaces... cat: can't open '/var/run/udhcpc.eth0.pid': No such file or directory
done.
Stopping Lighttpd Web Server: stopped /usr/sbin/lighttpd (pid 1800)
lighttpd.
Stopping syslogd/klogd: stopped syslogd (pid 1776)
stopped klogd (pid 1778)
done
Stopping Matrix GUI applicationstart-stop-daemon: warning: killing process 0: No such process
***************************************************************
***************************************************************
NOTICE: This file system contains the followin GPLv3 packages:
	binutils-dev
	binutils-symlinks
	binutils
	gdbserver
If you do not wish to distribute GPLv3 components please remove
the above packages prior to distribution.  This can be done using
the opkg remove command.  i.e.:
    opkg remove <package>
Where <package> is the name printed in the list above
NOTE: If the package is a dependency of another package you
      will be notified of the dependent packages.  You should
      use the --force-removal-of-dependent-packages option to
      also remove the dependent packages as well
***************************************************************
***************************************************************
Sending all processes the TERM signal...
Sending all processes the KILL signal...
Unmounting remote filesystems...
Deactivating swap...
Unmounting local filesystems...
[11883.239715] EXT4-fs (mmcblk0p2): re-mounted. Opts: (null)
[11885.401947] reboot: Power down
U-Boot SPL 2013.01.01 (Nov 27 2013 - 12:07:30)
OMAP SD/MMC: 0
reading u-boot.img
reading u-boot.img
U-Boot 2013.01.01 (Nov 27 2013 - 12:07:30)
OMAP3630/3730-GP ES1.2, CPU-OPP2, L3-165MHz, Max CPU Clock 1 Ghz
OMAP3 EVM board + LPDDR/NAND
I2C:   ready
DRAM:  256 MiB
NAND:  512 MiB
MMC:   OMAP SD/MMC: 0
In:    serial
Out:   serial
Err:   serial
Read back SMSC id 0x92200000
Die ID #16d400029ff80000015f02690c019016
Net:   smc911x-0
Hit any key to stop autoboot:  3  2  1  0 
mmc0 is current device
reading boot.scr
** Unable to read file boot.scr **
reading uImage
3158804 bytes read in 207 ms (14.6 MiB/s)
Booting from mmc ...
## Booting kernel from Legacy Image at 82000000 ...
   Image Name:   Arago/2.6.37-psp04.02.00.07.sdk/
   Image Type:   ARM Linux Kernel Image (uncompressed)
   Data Size:    3158740 Bytes = 3 MiB
   Load Address: 80008000
   Entry Point:  80008000
   Verifying Checksum ... OK
   Loading Kernel Image ... OK
Starting kernel ...
Uncompressing Linux... done, booting the kernel.
[    0.000000] Linux version 2.6.37 (jenkins@sdit-build01) (gcc version 4.5.3 20110311 (prerelease) (GCC) ) #1 Thu Dec 15 17:26:39 CST 2011
[    0.000000] CPU: ARMv7 Processor [413fc082] revision 2 (ARMv7), cr=10c53c7f
[    0.000000] CPU: VIPT nonaliasing data cache, VIPT aliasing instruction cache
[    0.000000] Machine: OMAP3 EVM
[    0.000000] Reserving 4194304 bytes SDRAM for VRAM
[    0.000000] Memory policy: ECC disabled, Data cache writeback
[    0.000000] OMAP3630 ES1.2 (l2cache iva sgx neon isp 192mhz_clk )
[    0.000000] SRAM: Mapped pa 0x40200000 to va 0xfe400000 size: 0x10000
[    0.000000] Built 1 zonelists in Zone order, mobility grouping on.  Total pages: 64000
[    0.000000] Kernel command line: console=ttyO0,115200n8 root=/dev/mmcblk0p2 rw rootfstype=ext3 rootwait
[    0.000000] PID hash table entries: 1024 (order: 0, 4096 bytes)
[    0.000000] Dentry cache hash table entries: 32768 (order: 5, 131072 bytes)
[    0.000000] Inode-cache hash table entries: 16384 (order: 4, 65536 bytes)
[    0.000000] Memory: 252MB = 252MB total
[    0.000000] Memory: 242240k/242240k available, 19904k reserved, 0K highmem
[    0.000000] Virtual kernel memory layout:
[    0.000000]     vector  : 0xffff0000 - 0xffff1000   (   4 kB)
[    0.000000]     fixmap  : 0xfff00000 - 0xfffe0000   ( 896 kB)
[    0.000000]     DMA     : 0xffc00000 - 0xffe00000   (   2 MB)
[    0.000000]     vmalloc : 0xd0800000 - 0xf8000000   ( 632 MB)
[    0.000000]     lowmem  : 0xc0000000 - 0xd0000000   ( 256 MB)
[    0.000000]     modules : 0xbf000000 - 0xc0000000   (  16 MB)
[    0.000000]       .init : 0xc0008000 - 0xc003c000   ( 208 kB)
[    0.000000]       .text : 0xc003c000 - 0xc05db96c   (5759 kB)
[    0.000000]       .data : 0xc05dc000 - 0xc079afe0   (1788 kB)
[    0.000000] NR_IRQS:409
[    0.000000] Clocking rate (Crystal/Core/MPU): 26.0/400/600 MHz
[    0.000000] omap_hwmod: i2c1: softreset failed (waited 10000 usec)
[    0.000000] omap_hwmod: i2c2: softreset failed (waited 10000 usec)
[    0.000000] omap_hwmod: i2c3: softreset failed (waited 10000 usec)
[    0.000000] Reprogramming SDRC clock to 400000000 Hz
[    0.000000] IRQ: Found an INTC at 0xfa200000 (revision 4.0) with 96 interrupts
[    0.000000] Total of 96 interrupts on 1 active controller
[    0.000000] GPMC revision 5.0
[    0.000000] Trying to install interrupt handler for IRQ402
[    0.000000] Trying to install interrupt handler for IRQ403
[    0.000000] Trying to install interrupt handler for IRQ404
[    0.000000] Trying to install interrupt handler for IRQ405
[    0.000000] Trying to install interrupt handler for IRQ406
[    0.000000] Trying to install interrupt handler for IRQ407
[    0.000000] Trying to install interrupt handler for IRQ408
[    0.000000] Trying to install type control for IRQ409
[    0.000000] Trying to set irq flags for IRQ409
[    0.000000] OMAP clockevent source: GPTIMER1 at 32768 Hz
[    0.000000] Console: colour dummy device 80x30
[    0.000000] Lock dependency validator: Copyright (c) 2006 Red Hat, Inc., Ingo Molnar
[    0.000000] ... MAX_LOCKDEP_SUBCLASSES:  8
[    0.000000] ... MAX_LOCK_DEPTH:          48
[    0.000000] ... MAX_LOCKDEP_KEYS:        8191
[    0.000000] ... CLASSHASH_SIZE:          4096
[    0.000000] ... MAX_LOCKDEP_ENTRIES:     16384
[    0.000000] ... MAX_LOCKDEP_CHAINS:      32768
[    0.000000] ... CHAINHASH_SIZE:          16384
[    0.000000]  memory used by lock dependency info: 3951 kB
[    0.000000]  per task-struct memory footprint: 2304 bytes
[    0.000000] Calibrating delay loop... 597.64 BogoMIPS (lpj=2334720)
[    0.000000] pid_max: default: 32768 minimum: 301
[    0.000000] Security Framework initialized
[    0.000000] Mount-cache hash table entries: 512
[    0.000000] CPU: Testing write buffer coherency: ok
[    0.000000] regulator: core version 0.5
[    0.000000] regulator: dummy: 
[    0.000000] NET: Registered protocol family 16
[    0.000000] OMAP GPIO hardware version 2.5
[    0.000000] OMAP GPIO hardware version 2.5
[    0.000000] OMAP GPIO hardware version 2.5
[    0.000000] OMAP GPIO hardware version 2.5
[    0.000000] OMAP GPIO hardware version 2.5
[    0.000000] OMAP GPIO hardware version 2.5
[    0.000000] omap_mux_init: Add partition: #1: core, flags: 0
[    0.000000] hw-breakpoint: debug architecture 0x4 unsupported.
[    0.000000] OMAP DMA hardware revision 5.0
[    0.118682] bio: create slab <bio-0> at 0
[    0.123748] regulator: vwl1271: 1800 mV 
[    0.129547] SCSI subsystem initialized
[    0.142852] usbcore: registered new interface driver usbfs
[    0.144348] usbcore: registered new interface driver hub
[    0.145324] usbcore: registered new device driver usb
[    0.150329] omap_device: omap_i2c.1: new worst case activate latency 0: 30517
[    0.150451] omap_i2c omap_i2c.1: bus 1 rev4.0 at 2600 kHz
[    0.161956] twl4030: PIH (irq 7) chaining IRQs 368..375
[    0.162170] twl4030: power (irq 373) chaining IRQs 376..383
[    0.164550] twl4030: gpio (irq 368) chaining IRQs 384..401
[    0.182006] regulator: VIO: 1800 mV normal standby
[    0.184936] regulator: VMMC1: 1850 <--> 3150 mV at 3150 mV normal standby
[    0.187683] regulator: VDAC: 1800 mV normal standby
[    0.190612] regulator: VAUX2_4030: 2800 mV normal standby
[    0.193359] regulator: VPLL2: 1800 mV normal standby
[    0.196289] regulator: VSIM: 1800 <--> 3000 mV at 1800 mV normal standby
[    0.199157] regulator: VAUX3: 2800 mV normal standby
[    0.200317] omap_device: omap_i2c.1: new worst case deactivate latency 0: 30517
[    0.200622] omap_i2c omap_i2c.2: bus 2 rev4.0 at 400 kHz
[    0.202178] omap_i2c omap_i2c.3: bus 3 rev4.0 at 400 kHz
[    0.208709] Advanced Linux Sound Architecture Driver Version 1.0.23.
[    0.215148] Switching to clocksource 32k_counter
[    0.346740] musb-hdrc: version 6.0, otg (peripheral+host), debug=0
[    0.347137] musb-hdrc musb-hdrc.0: dma type: dma-inventra
[    0.348510] musb-hdrc musb-hdrc.0: USB OTG mode controller at fa0ab000 using DMA, IRQ 92
[    0.350311] NET: Registered protocol family 2
[    0.351043] IP route cache hash table entries: 2048 (order: 1, 8192 bytes)
[    0.352813] TCP established hash table entries: 8192 (order: 4, 65536 bytes)
[    0.353240] TCP bind hash table entries: 8192 (order: 6, 360448 bytes)
[    0.357940] TCP: Hash tables configured (established 8192 bind 8192)
[    0.358032] TCP reno registered
[    0.358062] UDP hash table entries: 128 (order: 1, 12288 bytes)
[    0.358398] UDP-Lite hash table entries: 128 (order: 1, 12288 bytes)
[    0.359436] NET: Registered protocol family 1
[    0.361022] RPC: Registered udp transport module.
[    0.361053] RPC: Registered tcp transport module.
[    0.361053] RPC: Registered tcp NFSv4.1 backchannel transport module.
[    0.362152] NetWinder Floating Point Emulator V0.97 (double precision)
[    0.365905] omap_device: omap_i2c.1: new worst case activate latency 0: 91552
[    0.368774] omap3evm camera init done successfully...
[    0.369476] omap-iommu omap-iommu.0: isp registered
[    0.370330] AM37x/DM37x  Linux PSP version 04.02.00.07 (OMAP3EVM)
[    0.526977] VFS: Disk quotas dquot_6.5.2
[    0.527099] Dquot-cache hash table entries: 1024 (order 0, 4096 bytes)
[    0.529876] JFFS2 version 2.2. (NAND) (SUMMARY)   2001-2006 Red Hat, Inc.
[    0.530944] msgmni has been set to 473
[    0.537078] io scheduler noop registered
[    0.537109] io scheduler deadline registered
[    0.537292] io scheduler cfq registered (default)
[    0.598571] OMAP DSS rev 2.0
[    0.599029] OMAP DISPC rev 3.0
[    0.599151] OMAP VENC rev 2
[    0.600250] OMAP DSI rev 1.0
[    0.930297] Serial: 8250/16550 driver, 4 ports, IRQ sharing enabled
[    0.938964] omap_uart.0: ttyO0 at MMIO 0x4806a000 (irq = 72) is a OMAP UART0
[    1.654785] console [ttyO0] enabled
[    1.660217] omap_uart.1: ttyO1 at MMIO 0x4806c000 (irq = 73) is a OMAP UART1
[    1.669158] omap_uart.2: ttyO2 at MMIO 0x49020000 (irq = 74) is a OMAP UART2
[    1.678039] omap_uart.3: ttyO3 at MMIO 0x49042000 (irq = 80) is a OMAP UART3
[    1.731506] brd: module loaded
[    1.757629] loop: module loaded
[    1.769897] mtdoops: mtd device (mtddev=name/number) must be supplied
[    1.776824] omap2-nand driver initializing
[    1.781860] NAND device: Manufacturer ID: 0xad, Chip ID: 0xbc (Hynix )
[    1.788879] Creating 5 MTD partitions on "omap2-nand.0":
[    1.794494] 0x000000000000-0x000000080000 : "X-Loader-NAND"
[    1.809661] 0x000000080000-0x0000001c0000 : "U-Boot-NAND"
[    1.822296] 0x0000001c0000-0x000000280000 : "Boot Env-NAND"
[    1.835174] 0x000000280000-0x000000780000 : "Kernel-NAND"
[    1.849548] 0x000000780000-0x000020000000 : "File System - NAND"
[    2.120452] OneNAND driver initializing
[    2.124877] omap2-onenand omap2-onenand: Cannot request GPMC CS
[    2.131347] omap2-onenand: probe of omap2-onenand failed with error -16
[    2.142730] smsc911x: Driver version 2008-10-21.
[    2.155059] smsc911x-mdio: probed
[    2.159088] eth0: attached PHY driver [SMSC LAN8700] (mii_bus:phy_addr=ffffffff:01, irq=-1)
[    2.168457] net eth0: MAC Address: 00:50:c2:7e:93:ba
[    2.175323] usbcore: registered new interface driver asix
[    2.181762] usbcore: registered new interface driver cdc_ether
[    2.188629] usbcore: registered new interface driver net1080
[    2.195281] usbcore: registered new interface driver cdc_subset
[    2.202239] usbcore: registered new interface driver zaurus
[    2.208190] ehci_hcd: USB 2.0 'Enhanced' Host Controller (EHCI) Driver
[    3.223114] ehci-omap ehci-omap.0: OMAP-EHCI Host Controller
[    3.231201] ehci-omap ehci-omap.0: new USB bus registered, assigned bus number 1
[    3.239715] ehci-omap ehci-omap.0: irq 77, io mem 0x48064800
[    3.254486] ehci-omap ehci-omap.0: USB 2.0 started, EHCI 1.00
[    3.261383] usb usb1: New USB device found, idVendor=1d6b, idProduct=0002
[    3.268554] usb usb1: New USB device strings: Mfr=3, Product=2, SerialNumber=1
[    3.276184] usb usb1: Product: OMAP-EHCI Host Controller
[    3.281799] usb usb1: Manufacturer: Linux 2.6.37 ehci_hcd
[    3.287506] usb usb1: SerialNumber: ehci-omap.0
[    3.297790] hub 1-0:1.0: USB hub found
[    3.302032] hub 1-0:1.0: 3 ports detected
[    3.341339] Initializing USB Mass Storage driver...
[    3.347320] usbcore: registered new interface driver usb-storage
[    3.353698] USB Mass Storage support registered.
[    3.359405] usbcore: registered new interface driver usbtest
[    3.365539] g_ether gadget: using random self ethernet address
[    3.371765] g_ether gadget: using random host ethernet address
[    3.380218] usb0: MAC 6e:e7:b9:62:d4:bb
[    3.384246] usb0: HOST MAC 46:09:f4:42:08:30
[    3.388854] g_ether gadget: Ethernet Gadget, version: Memorial Day 2008
[    3.395874] g_ether gadget: g_ether ready
[    3.400085] musb-hdrc musb-hdrc.0: MUSB HDRC host driver
[    3.406250] musb-hdrc musb-hdrc.0: new USB bus registered, assigned bus number 2
[    3.415069] usb usb2: New USB device found, idVendor=1d6b, idProduct=0002
[    3.422271] usb usb2: New USB device strings: Mfr=3, Product=2, SerialNumber=1
[    3.429901] usb usb2: Product: MUSB HDRC host driver
[    3.435150] usb usb2: Manufacturer: Linux 2.6.37 musb-hcd
[    3.440795] usb usb2: SerialNumber: musb-hdrc.0
[    3.449371] hub 2-0:1.0: USB hub found
[    3.453582] hub 2-0:1.0: 1 port detected
[    3.463256] mice: PS/2 mouse device common for all mice
[    3.472747] input: TWL4030 Keypad as /devices/platform/omap/omap_i2c.1/i2c-1/1-004a/twl4030_keypad/input/input0
[    3.493835] ads7846 spi1.0: touchscreen, irq 335
[    3.501495] input: ADS7846 Touchscreen as /devices/platform/omap2_mcspi.1/spi1.0/input/input1
[    3.519256] input: twl4030_pwrbutton as /devices/platform/omap/omap_i2c.1/i2c-1/1-0049/twl4030_pwrbutton/input/input2
[    3.535095] twl_rtc twl_rtc: rtc core: registered twl_rtc as rtc0
[    3.545196] i2c /dev entries driver
[    3.554870] Linux media interface: v0.10
[    3.560028] Linux video capture interface: v2.00
[    3.567504] omap3isp supply VDD_CSIPHY1 not found, using dummy regulator
[    3.574615] omap3isp supply VDD_CSIPHY2 not found, using dummy regulator
[    3.582244] omap3isp omap3isp: Revision 15.0 found
[    3.587646] omap-iommu omap-iommu.0: isp: version 1.1
[    3.669555] mt9t111 2-003c: Unable to detectmt9t111sensor
[    3.675506] usb 1-2: new high speed USB device using ehci-omap and address 2
[    3.690917] isp_register_subdev_group: Unable to register subdev mt9t111
[    3.700378] tvp514x 3-005c: tvp514x 3-005c decoder driver registered !!
[    3.712677] tvp514x 3-005c: tvp5146m2 (Version - 0x03) found at 0xb8 (OMAP I2C adapter)
[    3.730529] usbcore: registered new interface driver uvcvideo
[    3.736602] USB Video Class driver (v1.0.0)
[    3.741485] omap_device: omap_wdt.-1: new worst case activate latency 0: 30517
[    3.751525] OMAP Watchdog Timer Rev 0x31: initial timeout 60 sec
[    3.757965] omap_device: omap_wdt.-1: new worst case deactivate latency 0: 30517
[    3.777526] mmci-omap-hs.1 supply vmmc_aux not found, using dummy regulator
[    3.792541] usbcore: registered new interface driver usbhid
[    3.798461] usbhid: USB HID core driver
[    3.806182] usbcore: registered new interface driver snd-usb-audio
[    3.818664] OMAP3 EVM SoC init
[    3.854400] usb 1-2: New USB device found, idVendor=05e3, idProduct=0608
[    3.861480] usb 1-2: New USB device strings: Mfr=0, Product=1, SerialNumber=0
[    3.869049] usb 1-2: Product: USB2.0 Hub
[    3.889007] hub 1-2:1.0: USB hub found
[    3.897857] hub 1-2:1.0: 4 ports detected
[    3.915924] asoc: twl4030-hifi <-> omap-mcbsp-dai.1 mapping ok
[    3.933471] ALSA device list:
[    3.936676]   #0: omap3evm
[    3.939514] oprofile: hardware counters not available
[    3.944915] oprofile: using timer interrupt.
[    3.949676] nf_conntrack version 0.5.0 (3785 buckets, 15140 max)
[    3.957977] ip_tables: (C) 2000-2006 Netfilter Core Team
[    3.964202] TCP cubic registered
[    3.967681] Initializing XFRM netlink socket
[    3.972320] NET: Registered protocol family 17
[    3.977142] NET: Registered protocol family 15
[    3.982421] Registering the dns_resolver key type
[    3.987976] VFP support v0.3: implementor 41 architecture 3 part 30 variant c rev 3
[    3.998046] ThumbEE CPU extension supported.
[    4.022918] Power Management for TI OMAP3.
[    4.028137] sr_init: No PMIC hook to init smartreflex
[    4.033935] smartreflex smartreflex.0: omap_sr_probe: SmartReflex driver initialized
[    4.042938] smartreflex smartreflex.1: omap_sr_probe: SmartReflex driver initialized
[    4.052825] SmartReflex Class3 initialized
[    4.105285] clock: disabling unused clocks to save power
[    4.113861] platform mpu.0: omap_voltage_scale: Already at the requestedrate 600000000
[    4.203552] twl_rtc twl_rtc: setting system clock to 2014-11-05 08:34:04 UTC (1415176444)
[    4.212646] omap_vout omap_vout: Buffer Size = 3686400
[    4.220916] omap_vout omap_vout: : registered and initialized video device 16
[    4.228515] omap_vout omap_vout: Buffer Size = 3686400
[    4.236785] omap_vout omap_vout: : registered and initialized video device 17
[    4.250885] Waiting for root device /dev/mmcblk0p2...
[    4.278015] mmc0: new high speed SDHC card at address b368
[    4.286590] mmcblk0: mmc0:b368 SDC   3.74 GiB 
[    4.298187]  mmcblk0: p1 p2 p3
[    4.381286] usb 1-2.1: new high speed USB device using ehci-omap and address 3
[    4.393951] EXT3-fs: barriers not enabled
[    4.400634] kjournald starting.  Commit interval 5 seconds
[    4.406890] EXT3-fs (mmcblk0p2): warning: maximal mount count reached, running e2fsck is recommended
[    4.423126] mmc1: card claims to support voltages below the defined range. These will be ignored.
[    4.444702] mmc1: queuing unknown CIS tuple 0x91 (3 bytes)
[    4.452880] mmc1: new SDIO card at address 0001
[    4.506256] usb 1-2.1: New USB device found, idVendor=0781, idProduct=5406
[    4.513519] usb 1-2.1: New USB device strings: Mfr=1, Product=2, SerialNumber=3
[    4.521301] usb 1-2.1: Product: U3 Cruzer Micro
[    4.526062] usb 1-2.1: Manufacturer: SanDisk
[    4.530578] usb 1-2.1: SerialNumber: 0573311B4C1116BF
[    4.540924] scsi0 : usb-storage 1-2.1:1.0
[    4.784790] EXT3-fs (mmcblk0p2): using internal journal
[    4.790954] EXT3-fs (mmcblk0p2): mounted filesystem with ordered data mode
[    4.798797] VFS: Mounted root (ext3 filesystem) on device 179:2.
[    4.805511] Freeing init memory: 208K
INIT: version 2.86 booting
Please wait: booting...
Starting udev
[    5.567199] scsi 0:0:0:0: Direct-Access     SanDisk  U3 Cruzer Micro  8.02 PQ: 0 ANSI: 0 CCS
[    5.606506] sd 0:0:0:0: [sda] 3907583 512-byte logical blocks: (2.00 GB/1.86 GiB)
[    5.630218] sd 0:0:0:0: [sda] Write Protect is off
[    5.635284] sd 0:0:0:0: [sda] Assuming drive cache: write through
[    5.665832] sd 0:0:0:0: [sda] Assuming drive cache: write through
[    5.677093]  sda: sda1
[    5.693267] sd 0:0:0:0: [sda] Assuming drive cache: write through
[    5.699768] sd 0:0:0:0: [sda] Attached SCSI removable disk
[    5.867584] udevd (741): /proc/741/oom_adj is deprecated, please use /proc/741/oom_score_adj instead.
[    7.488189] Compat-wireless backport release: compat-wireless-2011-07-27
[    7.495330] Backport based on wl12xx.git v2.6.39-1152-g0c08ddf
[    7.674713] cfg80211: Calling CRDA to update world regulatory domain
[   12.852508] cfg80211: World regulatory domain updated:
[   12.858001] cfg80211:     (start_freq - end_freq @ bandwidth), (max_antenna_gain, max_eirp)
[   12.866821] cfg80211:     (2402000 KHz - 2472000 KHz @ 40000 KHz), (300 mBi, 2000 mBm)
[   12.875335] cfg80211:     (2457000 KHz - 2482000 KHz @ 20000 KHz), (300 mBi, 2000 mBm)
[   12.883728] cfg80211:     (2474000 KHz - 2494000 KHz @ 20000 KHz), (300 mBi, 2000 mBm)
[   12.892120] cfg80211:     (5170000 KHz - 5250000 KHz @ 40000 KHz), (300 mBi, 2000 mBm)
[   12.900451] cfg80211:     (5735000 KHz - 5835000 KHz @ 40000 KHz), (300 mBi, 2000 mBm)
[   22.596984] EXT3-fs: barriers not enabled
[   22.648590] kjournald starting.  Commit interval 5 seconds
[   22.654571] EXT3-fs (mmcblk0p3): warning: maximal mount count reached, running e2fsck is recommended
[   22.743713] EXT3-fs (mmcblk0p3): using internal journal
[   22.749420] EXT3-fs (mmcblk0p3): mounted filesystem with ordered data mode
[   22.934814] wl1271: loaded
Remounting root file system...
Caching udev devnodes
ALSA: Restoring mixer settings...
Configuring network interfaces... [   28.425598] net eth0: SMSC911x/921x identified at 0xd0884000, IRQ: 336
eth0      no wireless extensions.
udhcpc (v1.13.2) started
Sending discover...
Sending discover...
Sending select for 10.218.102.89...
Lease of 10.218.102.89 obtained, lease time 3600
adding dns 192.0.2.2
adding dns 192.0.2.3
done.
Setting up IP spoofing protection: rp_filter.
INIT: Entering runlevel: 5
Starting system message bus: dbus.
Starting Hardware abstraction layer hald
[   35.192504] tvp514x 3-005c: tvp5146m2 (Version - 0x03) found at 0xb8 (OMAP I2C adapter)
Starting Dropbear SSH server: dropbear.
Starting telnet daemon.
Starting network benchmark server: netserver.
Starting syslogd/klogd: done
Starting thttpd.
Starting PVR
[   38.277740] 
[   38.277770] =============================================
[   38.284973] [ INFO: possible recursive locking detected ]
[   38.290618] 2.6.37 #1
[   38.292999] ---------------------------------------------
[   38.298645] pvrsrvinit/2342 is trying to acquire lock:
[   38.304046]  (psPVRSRVMutex){+.+.+.}, at: [<bf0df6dc>] PVRMMapRegisterArea+0x10/0x64 [pvrsrvkm]
[   38.313323] 
[   38.313323] but task is already holding lock:
[   38.319427]  (psPVRSRVMutex){+.+.+.}, at: [<bf0e1e40>] PVRSRV_BridgeDispatchKM+0x1c/0xec [pvrsrvkm]
[   38.328979] 
[   38.329010] other info that might help us debug this:
[   38.335845] 1 lock held by pvrsrvinit/2342:
[   38.340209]  #0:  (psPVRSRVMutex){+.+.+.}, at: [<bf0e1e40>] PVRSRV_BridgeDispatchKM+0x1c/0xec [pvrsrvkm]
[   38.350250] 
[   38.350250] stack backtrace:
[   38.354827] [<c004b690>] (unwind_backtrace+0x0/0xe0) from [<c00a05b0>] (__lock_acquire+0xe78/0x182c)
[   38.364410] [<c00a05b0>] (__lock_acquire+0xe78/0x182c) from [<c00a1540>] (lock_acquire+0xe0/0x104)
[   38.373809] [<c00a1540>] (lock_acquire+0xe0/0x104) from [<c042b428>] (mutex_lock_nested+0x58/0x2d8)
[   38.383361] [<c042b428>] (mutex_lock_nested+0x58/0x2d8) from [<bf0df6dc>] (PVRMMapRegisterArea+0x10/0x64 [pvrsrvkm])
[   38.394531] [<bf0df6dc>] (PVRMMapRegisterArea+0x10/0x64 [pvrsrvkm]) from [<bf0e0a08>] (OSAllocPages_Impl+0x6c/0xac [pvrsrvkm])
[   38.406585] [<bf0e0a08>] (OSAllocPages_Impl+0x6c/0xac [pvrsrvkm]) from [<bf0d84a4>] (BM_ImportMemory+0xcc/0x260 [pvrsrvkm])
[   38.418365] [<bf0d84a4>] (BM_ImportMemory+0xcc/0x260 [pvrsrvkm]) from [<bf0dd0f8>] (RA_Alloc+0xac/0x240 [pvrsrvkm])
[   38.429382] [<bf0dd0f8>] (RA_Alloc+0xac/0x240 [pvrsrvkm]) from [<bf0d8ae8>] (BM_Alloc+0xa4/0x248 [pvrsrvkm])
[   38.439788] [<bf0d8ae8>] (BM_Alloc+0xa4/0x248 [pvrsrvkm]) from [<bf0dd7c0>] (AllocDeviceMem.clone.0+0x74/0xe8 [pvrsrvkm])
[   38.451385] [<bf0dd7c0>] (AllocDeviceMem.clone.0+0x74/0xe8 [pvrsrvkm]) from [<bf0ddf30>] (_PVRSRVAllocDeviceMemKM+0x80/0x150 [pvrsrvkm])
[   38.464385] [<bf0ddf30>] (_PVRSRVAllocDeviceMemKM+0x80/0x150 [pvrsrvkm]) from [<bf0e7aec>] (PVRSRVAllocDeviceMemBW+0xa4/0x1a8 [pvrsrvkm])
[   38.477478] [<bf0e7aec>] (PVRSRVAllocDeviceMemBW+0xa4/0x1a8 [pvrsrvkm]) from [<bf0e841c>] (BridgedDispatchKM+0xd8/0x130 [pvrsrvkm])
[   38.490020] [<bf0e841c>] (BridgedDispatchKM+0xd8/0x130 [pvrsrvkm]) from [<bf0e1ee4>] (PVRSRV_BridgeDispatchKM+0xc0/0xec [pvrsrvkm])
[   38.502471] [<bf0e1ee4>] (PVRSRV_BridgeDispatchKM+0xc0/0xec [pvrsrvkm]) from [<c0109b2c>] (do_vfs_ioctl+0x4e0/0x554)
[   38.513519] [<c0109b2c>] (do_vfs_ioctl+0x4e0/0x554) from [<c0109bec>] (sys_ioctl+0x4c/0x6c)
[   38.522277] [<c0109bec>] (sys_ioctl+0x4c/0x6c) from [<c0045a80>] (ret_fast_syscall+0x0/0x3c)
Starting Lighttpd Web Server: lighttpd.
2014-11-05 08:34:38: (log.c.166) server started 
Starting Matrix GUI application.
***************************************************************
***************************************************************
NOTICE: This file system contains the followin GPLv3 packages:
	binutils-dev
	binutils-symlinks
	binutils
	gdbserver
If you do not wish to distribute GPLv3 components please remove
the above packages prior to distribution.  This can be done using
the opkg remove command.  i.e.:
    opkg remove <package>
Where <package> is the name printed in the list above
NOTE: If the package is a dependency of another package you
      will be notified of the dependent packages.  You should
      use the --force-removal-of-dependent-packages option to
      also remove the dependent packages as well
***************************************************************
***************************************************************
 _____                    _____           _         _   
|  _  |___ ___ ___ ___   |  _  |___ ___  |_|___ ___| |_ 
|     |  _| .'| . | . |  |   __|  _| . | | | -_|  _|  _|
|__|__|_| |__,|_  |___|  |__|  |_| |___|_| |___|___|_|  
              |___|                    |___|            
Arago Project http://arago-project.org am37x-evm ttyO0
Arago 2011.09 am37x-evm ttyO0
am37x-evm login: 
- 06:54:04 [INFO] Disconnected serial from am37x-evm
- 06:54:26 [INFO] Connected to am37x-evm via serial 
- 06:54:26 [INFO] Host: 
- 06:54:26 [ERROR] On command:  waiting for (?-mix:OMAP3_EVM\s*#) >>> error: execution expired
- 06:54:26 [INFO] Target: 
- 06:54:26 [INFO] Host: 
- 06:54:26 [INFO] Target: 
OMAP3_EVM # 
OMAP3_EVM # 
- 06:54:26 [INFO] Host: 
- 06:54:26 [INFO] Target: 
OMAP3_EVM # 
- 06:54:26 [INFO] Host: version
- 06:54:26 [INFO] Target: 
version
U-Boot 2013.01.01 (Nov 27 2013 - 12:07:30)
arm-linux-gnueabihf-gcc (crosstool-NG linaro-1.13.1-4.7-2013.03-20130313 - Linaro GCC 2013.03) 4.7.3 20130226 (prerelease)
GNU ld (crosstool-NG linaro-1.13.1-4.7-2013.03-20130313 - Linaro GCC 2013.03) 2.23.1
OMAP3_EVM # 
- 06:54:26 [INFO] Host: setenv bootargs 'console=ttyO0,115200n8 earlyprintk  '
- 06:54:26 [INFO] Target: 
setenv bootargs 'console=ttyO0,115200n8 earlyprintk  '
OMAP3_EVM # 
- 06:54:26 [INFO] Host: setenv bootcmd  ''
- 06:54:26 [INFO] Target: 
setenv bootcmd  ''
OMAP3_EVM # 
- 06:54:26 [INFO] Host: setenv autoload 'no'
- 06:54:27 [INFO] Target: 
setenv autoload 'no'
OMAP3_EVM # 
- 06:54:27 [INFO] Host: setenv serverip '10.218.102.142'
- 06:54:27 [INFO] Target: 
setenv serverip '10.218.102.142'
OMAP3_EVM # 
- 06:54:27 [INFO] Host: printenv
- 06:54:27 [INFO] Target: 
printenv
autoload=no
baudrate=115200
bootargs=console=ttyO0,115200n8 earlyprintk  
bootcmd=
bootdelay=3
bootfile=uImage
bootscript=echo Running bootscript from mmc ...; source ${loadaddr}
console=ttyO0,115200n8
dieid#=16d400029ff80000015f02690c019016
ethact=smc911x-0
ethaddr=00:50:c2:7e:93:ba
loadaddr=0x82000000
loadbootscript=fatload mmc ${mmcdev} ${loadaddr} boot.scr
loaduimage=fatload mmc ${mmcdev} ${loadaddr} uImage
mmcargs=setenv bootargs console=${console} root=/dev/mmcblk0p2 rw rootfstype=ext3 rootwait
mmcboot=echo Booting from mmc ...; run mmcargs; bootm ${loadaddr}
mmcdev=0
nandargs=setenv bootargs console=${console} root=/dev/mtdblock4 rw rootfstype=jffs2
nandboot=echo Booting from nand ...; run nandargs; onenand read ${loadaddr} 280000 400000; bootm ${loadaddr}
ramdisk_addr=0x8A080000
serverip=10.218.102.142
stderr=serial
stdin=serial
stdout=serial
usbtty=cdc_acm
Environment size: 929/131068 bytes
OMAP3_EVM # 
- 06:54:27 [INFO] Host: printenv
- 06:54:27 [INFO] Target: 
printenv
autoload=no
baudrate=115200
bootargs=console=ttyO0,115200n8 earlyprintk  
bootcmd=
bootdelay=3
bootfile=uImage
bootscript=echo Running bootscript from mmc ...; source ${loadaddr}
console=ttyO0,115200n8
dieid#=16d400029ff80000015f02690c019016
ethact=smc911x-0
ethaddr=00:50:c2:7e:93:ba
loadaddr=0x82000000
loadbootscript=fatload mmc ${mmcdev} ${loadaddr} boot.scr
loaduimage=fatload mmc ${mmcdev} ${loadaddr} uImage
mmcargs=setenv bootargs console=${console} root=/dev/mmcblk0p2 rw rootfstype=ext3 rootwait
mmcboot=echo Booting from mmc ...; run mmcargs; bootm ${loadaddr}
mmcdev=0
nandargs=setenv bootargs console=${console} root=/dev/mtdblock4 rw rootfstype=jffs2
nandboot=echo Booting from nand ...; run nandargs; onenand read ${loadaddr} 280000 400000; bootm ${loadaddr}
ramdisk_addr=0x8A080000
serverip=10.218.102.142
stderr=serial
stdin=serial
stdout=serial
usbtty=cdc_acm
Environment size: 929/131068 bytes
OMAP3_EVM # 
- 06:54:27 [INFO] Host: setenv bootargs ''${bootargs}' ip=dhcp '
- 06:54:27 [INFO] Target: 
setenv bootargs ''${bootargs}' ip=dhcp '
OMAP3_EVM # 
- 06:54:27 [INFO] Host: setenv serverip '10.218.102.142'
- 06:54:27 [INFO] Target: 
setenv serverip '10.218.102.142'
OMAP3_EVM # 
- 06:54:27 [INFO] Host: setenv ipaddr dhcp
- 06:54:27 [INFO] Target: 
setenv ipaddr dhcp
OMAP3_EVM # 
- 06:54:27 [INFO] Host: setenv autoload 'no'
- 06:54:27 [INFO] Target: 
setenv autoload 'no'
OMAP3_EVM # 
- 06:54:27 [INFO] Host: dhcp
- 06:54:30 [INFO] Target: 
dhcp
smc911x: detected LAN9220 controller
smc911x: phy initialized
smc911x: MAC 00:50:c2:7e:93:ba
BOOTP broadcast 1
DHCP client bound to address 10.218.102.124
OMAP3_EVM # 
- 06:54:30 [INFO] Host: setenv serverip '10.218.102.142'
- 06:54:30 [INFO] Target: 
setenv serverip '10.218.102.142'
OMAP3_EVM # 
- 06:54:30 [INFO] Host: tftp ${loadaddr} 10.218.102.142:vatf_am37x-evm/55dc8af3677f28ca4d3b5bbbd00ad565
- 06:54:35 [INFO] Target: 
tftp ${loadaddr} 10.218.102.142:vatf_am37x-evm/55dc8af3677f28ca4d3b5bbbd00ad565
smc911x: detected LAN9220 controller
smc911x: phy initialized
smc911x: MAC 00:50:c2:7e:93:ba
Using smc911x-0 device
TFTP from server 10.218.102.142; our IP address is 10.218.102.124
Filename 'vatf_am37x-evm/55dc8af3677f28ca4d3b5bbbd00ad565'.
Load address: 0x82000000
Loading: *#################################################################
	 #################################################################
	 #################################################################
	 #################################################################
	 #################################################################
	 #################################################################
	 #################################################################
	 #################################################################
	 #################################################################
	 #################################################################
	 #################################################################
	 #################################################################
	 #################################################################
	 #################################################################
	 1.3 MiB/s
done
Bytes transferred = 4655629 (470a0d hex)
OMAP3_EVM # 
- 06:54:35 [INFO] Host: printenv
- 06:54:35 [INFO] Target: 
printenv
autoload=no
baudrate=115200
bootargs=console=ttyO0,115200n8 earlyprintk ip=dhcp
bootcmd=
bootdelay=3
bootfile=uImage
bootscript=echo Running bootscript from mmc ...; source ${loadaddr}
console=ttyO0,115200n8
dieid#=16d400029ff80000015f02690c019016
ethact=smc911x-0
ethaddr=00:50:c2:7e:93:ba
fileaddr=82000000
filesize=470A0D
gatewayip=10.218.102.1
hostname=dhcp-10-218-102-124
ipaddr=10.218.102.124
loadaddr=0x82000000
loadbootscript=fatload mmc ${mmcdev} ${loadaddr} boot.scr
loaduimage=fatload mmc ${mmcdev} ${loadaddr} uImage
mmcargs=setenv bootargs console=${console} root=/dev/mmcblk0p2 rw rootfstype=ext3 rootwait
mmcboot=echo Booting from mmc ...; run mmcargs; bootm ${loadaddr}
mmcdev=0
nandargs=setenv bootargs console=${console} root=/dev/mtdblock4 rw rootfstype=jffs2
nandboot=echo Booting from nand ...; run nandargs; onenand read ${loadaddr} 280000 400000; bootm ${loadaddr}
netmask=255.255.255.0
ramdisk_addr=0x8A080000
serverip=10.218.102.142
stderr=serial
stdin=serial
stdout=serial
usbtty=cdc_acm
Environment size: 1077/131068 bytes
OMAP3_EVM # 
- 06:54:35 [INFO] Host: setenv bootargs ''${bootargs}' root=PARTUUID=00000000-02 rw rootfstype=ext4 rootwait '
- 06:54:35 [INFO] Target: 
setenv bootargs ''${bootargs}' root=PARTUUID=00000000-02 rw rootfstype=ext4 rootwait '
OMAP3_EVM # 
- 06:54:35 [INFO] Host: printenv
- 06:54:35 [INFO] Target: 
printenv
autoload=no
baudrate=115200
bootargs=console=ttyO0,115200n8 earlyprintk ip=dhcp root=PARTUUID=00000000-02 rw rootfstype=ext4 rootwait
bootcmd=
bootdelay=3
bootfile=uImage
bootscript=echo Running bootscript from mmc ...; source ${loadaddr}
console=ttyO0,115200n8
dieid#=16d400029ff80000015f02690c019016
ethact=smc911x-0
ethaddr=00:50:c2:7e:93:ba
fileaddr=82000000
filesize=470A0D
gatewayip=10.218.102.1
hostname=dhcp-10-218-102-124
ipaddr=10.218.102.124
loadaddr=0x82000000
loadbootscript=fatload mmc ${mmcdev} ${loadaddr} boot.scr
loaduimage=fatload mmc ${mmcdev} ${loadaddr} uImage
mmcargs=setenv bootargs console=${console} root=/dev/mmcblk0p2 rw rootfstype=ext3 rootwait
mmcboot=echo Booting from mmc ...; run mmcargs; bootm ${loadaddr}
mmcdev=0
nandargs=setenv bootargs console=${console} root=/dev/mtdblock4 rw rootfstype=jffs2
nandboot=echo Booting from nand ...; run nandargs; onenand read ${loadaddr} 280000 400000; bootm ${loadaddr}
netmask=255.255.255.0
ramdisk_addr=0x8A080000
serverip=10.218.102.142
stderr=serial
stdin=serial
stdout=serial
usbtty=cdc_acm
Environment size: 1131/131068 bytes
OMAP3_EVM # 
- 06:54:35 [INFO] Host: setenv bootcmd ''${bootcmd}' if iminfo ${loadaddr}; then bootm ${loadaddr}  ; else bootz ${loadaddr}  ; bootm ${loadaddr}  ; fi'
- 06:54:35 [INFO] Target: 
setenv bootcmd ''${bootcmd}' if iminfo ${loadaddr}; then bootm ${loadaddr}  ; else bootz ${loadaddr}  ; bootm ${loadaddr}  ; fi'
OMAP3_EVM # 
- 06:54:35 [INFO] Host: bdinfo
- 06:54:35 [INFO] Target: 
bdinfo
arch_number = 0x000005FF
boot_params = 0x80000100
DRAM bank   = 0x00000000
-> start    = 0x80000000
-> size     = 0x10000000
DRAM bank   = 0x00000001
-> start    = 0x90000000
-> size     = 0x00000000
ethaddr     = 00:50:c2:7e:93:ba
ip_addr     = 10.218.102.124
baudrate    = 115200 bps
TLB addr    = 0x8FFF0000
relocaddr   = 0x8FF6E000
reloc off   = 0x0FE6E000
irq_sp      = 0x8FF0DF58
sp start    = 0x8FF0DF48
FB base     = 0x00000000
OMAP3_EVM # 
- 06:54:35 [INFO] Host: boot
- 06:55:11 [INFO] Target: 
boot
Unknown command 'iminfo' - try 'help'
Unknown command 'bootz' - try 'help'
## Booting kernel from Legacy Image at 82000000 ...
   Image Name:   Linux-3.18.0-rc3-next-20141110-0
   Image Type:   ARM Linux Kernel Image (uncompressed)
   Data Size:    4655565 Bytes = 4.4 MiB
   Load Address: 80800000
   Entry Point:  80800000
   Verifying Checksum ... OK
   Loading Kernel Image ... OK
Starting kernel ...
[    0.000000] Booting Linux on physical CPU 0x0
[    0.000000] Initializing cgroup subsys cpuset
[    0.000000] Initializing cgroup subsys cpu
[    0.000000] Initializing cgroup subsys cpuacct
[    0.000000] Linux version 3.18.0-rc3-next-20141110-00002-g41cdba9 (nmenon@kahuna) (gcc version 4.6.3 (Ubuntu/Linaro 4.6.3-1ubuntu5) ) #1 SMP Mon Nov 10 05:46:25 CST 2014
[    0.000000] CPU: ARMv7 Processor [413fc082] revision 2 (ARMv7), cr=10c5387d
[    0.000000] CPU: PIPT / VIPT nonaliasing data cache, VIPT aliasing instruction cache
[    0.000000] Machine model: TI OMAP37XX EVM (TMDSEVM3730)
[    0.000000] cma: Reserved 16 MiB at 0x8e800000
[    0.000000] Memory policy: Data cache writeback
[    0.000000]   HighMem zone: 1048574 pages exceeds freesize 0
[    0.000000] CPU: All CPU(s) started in SVC mode.
[    0.000000] OMAP3630 ES1.2 (l2cache iva sgx neon isp 192mhz_clk )
[    0.000000] PERCPU: Embedded 11 pages/cpu @cfc3b000 s14848 r8192 d22016 u45056
[    0.000000] Built 1 zonelists in Zone order, mobility grouping on.  Total pages: 64704
[    0.000000] Kernel command line: console=ttyO0,115200n8 earlyprintk ip=dhcp root=PARTUUID=00000000-02 rw rootfstype=ext4 rootwait
[    0.000000] PID hash table entries: 1024 (order: 0, 4096 bytes)
[    0.000000] Dentry cache hash table entries: 32768 (order: 5, 131072 bytes)
[    0.000000] Inode-cache hash table entries: 16384 (order: 4, 65536 bytes)
[    0.000000] Memory: 223988K/261120K available (6020K kernel code, 674K rwdata, 2288K rodata, 424K init, 8227K bss, 20748K reserved, 16384K cma-reserved, 0K highmem)
[    0.000000] Virtual kernel memory layout:
[    0.000000]     vector  : 0xffff0000 - 0xffff1000   (   4 kB)
[    0.000000]     fixmap  : 0xffc00000 - 0xffe00000   (2048 kB)
[    0.000000]     vmalloc : 0xd0800000 - 0xff000000   ( 744 MB)
[    0.000000]     lowmem  : 0xc0000000 - 0xd0000000   ( 256 MB)
[    0.000000]     pkmap   : 0xbfe00000 - 0xc0000000   (   2 MB)
[    0.000000]     modules : 0xbf000000 - 0xbfe00000   (  14 MB)
[    0.000000]       .text : 0xc0008000 - 0xc08252c4   (8309 kB)
[    0.000000]       .init : 0xc0826000 - 0xc0890000   ( 424 kB)
[    0.000000]       .data : 0xc0890000 - 0xc0938b58   ( 675 kB)
[    0.000000]        .bss : 0xc0938b58 - 0xc11419b8   (8228 kB)
[    0.000000] Hierarchical RCU implementation.
[    0.000000] 	RCU restricting CPUs from NR_CPUS=2 to nr_cpu_ids=1.
[    0.000000] RCU: Adjusting geometry for rcu_fanout_leaf=16, nr_cpu_ids=1
[    0.000000] NR_IRQS:16 nr_irqs:16 16
[    0.000000] IRQ: Found an INTC at 0xfa200000 (revision 4.0) with 96 interrupts
[    0.000000] Clocking rate (Crystal/Core/MPU): 26.0/400/600 MHz
[    0.000000] OMAP clockevent source: timer1 at 32768 Hz
[    0.000030] sched_clock: 32 bits at 32kHz, resolution 30517ns, wraps every 65536000000000ns
[    0.000061] OMAP clocksource: 32k_counter at 32768 Hz
[    0.001190] Console: colour dummy device 80x30
[    0.001251] Lock dependency validator: Copyright (c) 2006 Red Hat, Inc., Ingo Molnar
[    0.001251] ... MAX_LOCKDEP_SUBCLASSES:  8
[    0.001281] ... MAX_LOCK_DEPTH:          48
[    0.001281] ... MAX_LOCKDEP_KEYS:        8191
[    0.001312] ... CLASSHASH_SIZE:          4096
[    0.001312] ... MAX_LOCKDEP_ENTRIES:     32768
[    0.001312] ... MAX_LOCKDEP_CHAINS:      65536
[    0.001342] ... CHAINHASH_SIZE:          32768
[    0.001342]  memory used by lock dependency info: 5167 kB
[    0.001373]  per task-struct memory footprint: 1152 bytes
[    0.001403] Calibrating delay loop... 594.73 BogoMIPS (lpj=2973696)
[    0.097564] pid_max: default: 32768 minimum: 301
[    0.098114] Security Framework initialized
[    0.098327] Mount-cache hash table entries: 1024 (order: 0, 4096 bytes)
[    0.098358] Mountpoint-cache hash table entries: 1024 (order: 0, 4096 bytes)
[    0.102111] Initializing cgroup subsys memory
[    0.102203] Initializing cgroup subsys devices
[    0.102325] Initializing cgroup subsys freezer
[    0.102447] Initializing cgroup subsys blkio
[    0.102539] Initializing cgroup subsys perf_event
[    0.102661] CPU: Testing write buffer coherency: ok
[    0.104339] CPU0: thread -1, cpu 0, socket -1, mpidr 0
[    0.104492] Setting up static identity map for 0x805b4318 - 0x805b4388
[    0.109710] Brought up 1 CPUs
[    0.109741] SMP: Total of 1 processors activated.
[    0.109741] CPU: All CPU(s) started in SVC mode.
[    0.113739] devtmpfs: initialized
[    0.116607] VFP support v0.3: implementor 41 architecture 3 part 30 variant c rev 3
[    0.199890] omap_hwmod: mcbsp2_sidetone using broken dt data from mcbsp
[    0.202239] omap_hwmod: mcbsp3_sidetone using broken dt data from mcbsp
[    0.314178] pinctrl core: initialized pinctrl subsystem
[    0.316101] Driver 'reg-dummy' needs an owner
[    0.417541] NET: Registered protocol family 16
[    0.426239] DMA: preallocated 256 KiB pool for atomic coherent allocations
[    0.426879] Driver 'omap-gpmc' needs an owner
[    0.427703] Driver 'omap_gpio' needs an ownerDriver 'sram' needs an owner
[    0.429046] Driver 'syscon' needs an ownerDriver 'dummy' needs an owner
[    0.429992] cpuidle: using governor ladder
[    0.430023] cpuidle: using governor menu
[    0.430053] Driver 'omap_l3_smx' needs an owner
[    0.430236] omap_l3_smx omap_l3_smx.0: couldn't request debug irq
[    0.430358] omap_l3_smx: probe of omap_l3_smx.0 failed with error -22
[    0.430694] Driver 'omap_l3_noc' needs an owner
[    0.438690] Reprogramming SDRC clock to 400000000 Hz
[    0.453247] OMAP GPIO hardware version 2.5
[    0.468383] irq: no irq domain found for /ocp/pinmux@48002030 !
[    0.469329] irq: no irq domain found for /ocp/pinmux@48002030 !
[    0.470214] irq: no irq domain found for /ocp/pinmux@48002030 !
[    0.495605] omap-gpmc 6e000000.gpmc: GPMC revision 5.0
[    0.497283] gpmc_probe_nand_child: ti,elm-id property not found
[    0.497497] gpmc_cs_program_settings: invalid width 0!
[    0.500122] platform 48058000.ssi-controller: Cannot lookup hwmod 'ssi'
[    0.508850] No ATAGs?
[    0.508880] hw-breakpoint: debug architecture 0x4 unsupported.
[    0.508911] Driver 'edma' needs an owner
[    0.511596] Driver 'omap_dma_system' needs an owner[    0.512420] OMAP DMA hardware revision 5.0
[    0.543670] Driver 'omap-control-phy' needs an owner
[    0.544555] Driver 'twl4030_gpio' needs an ownerDriver 'edma-dma-engine' needs an owner
[    0.547729] Driver 'omap-dma-engine' needs an owner[    0.601165] omap-dma-engine 48056000.dma-controller: OMAP DMA engine driver
[    0.601898] Driver 'reg-fixed-voltage' needs an owner
[    0.604858] reg-fixed-voltage wl12xx_vmmc: could not find pctldev for node /ocp/pinmux@48002030/pinmux_wl12xx_gpio, deferring probe
[    0.604919] platform wl12xx_vmmc: Driver reg-fixed-voltage requests probe deferral
[    0.606445] Driver 'palmas-pmic' needs an owner
[    0.607421] Driver 'tps65023' needs an ownerDriver 'tps6507x-pmic' needs an owner
[    0.607910] Driver 'tps65217-pmic' needs an ownerDriver 'tps65910-pmic' needs an owner
[    0.608520] Driver 'twl_reg' needs an ownerDriver 'tps65217' needs an owner
[    0.611022] Driver 'tps65910' needs an ownerDriver 'palmas' needs an owner
[    0.612182] SCSI subsystem initialized
[    0.612457] Driver 'Generic PHY' needs an owner
[    0.612579] Driver 'Generic 10G PHY' needs an ownerDriver 'usbfs' needs an owner
[    0.613281] usbcore: registered new interface driver usbfs
[    0.613311] Driver 'hub' needs an owner
[    0.613555] usbcore: registered new interface driver hub
[    0.613616] Driver 'usb' needs an owner
[    0.613739] usbcore: registered new device driver usb
[    0.613769] Driver 'usb_phy_generic' needs an owner
[    0.614746] Driver 'omap_i2c' needs an owner[    0.621154] omap_i2c 48070000.i2c: bus 0 rev4.4 at 2600 kHz
[    0.622772] omap_i2c 48072000.i2c: bus 1 rev4.4 at 400 kHz
[    0.626861] omap_i2c 48060000.i2c: bus 2 rev4.4 at 400 kHz
[    0.633117] Switched to clocksource 32k_counter
[    0.849578] NET: Registered protocol family 2
[    0.852020] TCP established hash table entries: 2048 (order: 1, 8192 bytes)
[    0.852264] TCP bind hash table entries: 2048 (order: 4, 73728 bytes)
[    0.853515] TCP: Hash tables configured (established 2048 bind 2048)
[    0.853759] TCP: reno registered
[    0.853790] UDP hash table entries: 256 (order: 2, 20480 bytes)
[    0.854095] UDP-Lite hash table entries: 256 (order: 2, 20480 bytes)
[    0.855712] NET: Registered protocol family 1
[    0.857696] RPC: Registered named UNIX socket transport module.
[    0.857727] RPC: Registered udp transport module.
[    0.857757] RPC: Registered tcp transport module.
[    0.857757] RPC: Registered tcp NFSv4.1 backchannel transport module.
[    0.859222] Driver 'arm-pmu' needs an owner
[    0.859710] hw perfevents: enabled with armv7_cortex_a8 PMU driver, 5 counters available
[    0.860809] Driver 'omap_timer' needs an owner
[    0.865814] Driver 'alarmtimer' needs an owner[    0.867919] futex hash table entries: 256 (order: 2, 16384 bytes)
[    0.868225] audit: initializing netlink subsys (disabled)
[    0.868499] audit: type=2000 audit(0.850:1): initialized
[    0.874725] VFS: Disk quotas dquot_6.5.2
[    0.874908] Dquot-cache hash table entries: 1024 (order 0, 4096 bytes)
[    0.878326] NFS: Registering the id_resolver key type
[    0.878814] Key type id_resolver registered
[    0.878845] Key type id_legacy registered
[    0.879119] jffs2: version 2.2. (NAND) (SUMMARY)   2001-2006 Red Hat, Inc.
[    0.885101] io scheduler noop registered
[    0.885131] io scheduler deadline registered
[    0.885314] io scheduler cfq registered (default)
[    0.885437] Driver 'omap-ocp2scp' needs an owner
[    0.886169] Driver 'omap-usb2' needs an ownerDriver 'ti-pipe3' needs an owner
[    0.887420] Driver 'pinctrl-single' needs an owner[    0.889373] pinctrl-single 48002030.pinmux: 284 pins at pa fa002030 size 568
[    0.890167] pinctrl-single 48002a00.pinmux: 46 pins at pa fa002a00 size 92
[    0.891326] pinctrl-single 480025a0.pinmux: 46 pins at pa fa0025a0 size 92
[    0.891571] Driver 'twl-pwm' needs an owner
[    0.892150] Driver 'twl-pwmled' needs an ownerDriver 'platform-lcd' needs an owner
[    0.894439] Driver 'omapvrfb' needs an ownerDriver 'pbias-regulator' needs an owner
[    0.897094] Driver 'ti_abb' needs an ownerDriver 'tps65218-pmic' needs an owner
[    0.900695] Serial: 8250/16550 driver, 4 ports, IRQ sharing enabled
[    0.907775] Driver 'serial8250' needs an owner
[    0.908325] Driver 'of_serial' needs an ownerDriver 'omap_uart' needs an owner
[    0.910980] omap_uart 4806a000.serial: ttyO0 at MMIO 0x4806a000 (irq = 224, base_baud = 3000000) is a OMAP UART0
[    1.907104] console [ttyO0] enabled
[    1.914306] omap_uart 4806c000.serial: ttyO1 at MMIO 0x4806c000 (irq = 225, base_baud = 3000000) is a OMAP UART1
[    1.927734] omap_uart 49020000.serial: ttyO2 at MMIO 0x49020000 (irq = 226, base_baud = 3000000) is a OMAP UART2
[    1.940704] omap_uart 49042000.serial: no wakeirq for uart0
[    1.947052] omap_uart 49042000.serial: ttyO3 at MMIO 0x49042000 (irq = 260, base_baud = 3000000) is a OMAP UART3
[    1.959472] Driver 'omap_rng' needs an owner
[    1.964477] Driver 'omap3-rom-rng' needs an owner[    2.001403] brd: module loaded
[    2.024383] loop: module loaded
[    2.027740] Driver 'tps65218' needs an owner
[    2.032287] Driver 'menelaus' needs an ownerDriver 'twl' needs an owner
[    2.051483] twl 0-0048: PIH (irq 294) chaining IRQs 298..306
[    2.058227] twl 0-0048: power (irq 303) chaining IRQs 306..313
[    2.122406] twl4030_gpio twl4030-gpio: gpio (irq 298) chaining IRQs 314..331
[    2.139709] Driver 'twl4030_power' needs an owner
[    2.197021] Driver 'twl4030-audio' needs an ownerDriver 'twl6040' needs an owner
[    2.206146] Driver 'sd' needs an owner[    2.212432] mtdoops: mtd device (mtddev=name/number) must be supplied
[    2.219451] Driver 'omap2-nand' needs an owner
[    2.224487] Driver 'omap2-onenand' needs an ownerDriver 'omap2_mcspi' needs an owner
[    2.241424] Driver 'SMSC LAN83C185' needs an ownerDriver 'SMSC LAN8187' needs an owner
[    2.250274] Driver 'SMSC LAN8700' needs an ownerDriver 'SMSC LAN911x Internal PHY' needs an owner
[    2.259948] Driver 'SMSC LAN8710/LAN8720' needs an ownerDriver 'Atheros 8035 ethernet' needs an owner
[    2.270019] Driver 'Atheros 8030 ethernet' needs an ownerDriver 'Atheros 8031 ethernet' needs an owner
[    2.280151] Driver 'ks8851' needs an ownerDriver 'ks8851_mll' needs an owner
[    2.288513] Driver 'smc91x' needs an ownerDriver 'smsc911x' needs an owner
[    2.304992] libphy: smsc911x-mdio: probed
[    2.309936] smsc911x 2c000000.ethernet eth0: attached PHY driver [SMSC LAN8700] (mii_bus:phy_addr=2c000000.etherne:01, irq=-1)
[    2.322418] smsc911x 2c000000.ethernet eth0: MAC Address: 00:50:c2:7e:93:ba
[    2.330261] Driver 'davinci_mdio' needs an owner
[    2.335754] Driver 'cpsw-phy-sel' needs an ownerDriver 'asix' needs an owner
[    2.344299] usbcore: registered new interface driver asix
[    2.350189] Driver 'ax88179_178a' needs an owner
[    2.355133] usbcore: registered new interface driver ax88179_178a
[    2.361785] Driver 'cdc_ether' needs an owner
[    2.366394] usbcore: registered new interface driver cdc_ether
[    2.372741] Driver 'smsc95xx' needs an owner
[    2.377349] usbcore: registered new interface driver smsc95xx
[    2.383666] Driver 'net1080' needs an owner
[    2.388061] usbcore: registered new interface driver net1080
[    2.394256] Driver 'cdc_subset' needs an owner
[    2.398956] usbcore: registered new interface driver cdc_subset
[    2.405426] Driver 'zaurus' needs an owner
[    2.409729] usbcore: registered new interface driver zaurus
[    2.415893] Driver 'cdc_ncm' needs an owner
[    2.420410] usbcore: registered new interface driver cdc_ncm
[    2.427978] Driver 'cdc_wdm' needs an owner
[    2.432403] usbcore: registered new interface driver cdc_wdm
[    2.438690] Driver 'usb-storage' needs an owner
[    2.443634] usbcore: registered new interface driver usb-storage
[    2.450164] Driver 'usbtest' needs an owner
[    2.454681] usbcore: registered new interface driver usbtest
[    2.460876] Driver 'am335x-control-usb' needs an owner
[    2.466918] Driver 'am335x-phy-driver' needs an owner[    2.474975] mousedev: PS/2 mouse device common for all mice
[    2.480926] Driver 'atkbd' needs an owner
[    2.485595] Driver 'twl4030_keypad' needs an owner[    2.491546] twl4030_keypad 48070000.i2c:twl@48:keypad: OF: linux,keymap property not defined in /ocp/i2c@48070000/twl@48/keypad
[    2.503753] twl4030_keypad 48070000.i2c:twl@48:keypad: Failed to build keymap
[    2.511352] twl4030_keypad: probe of 48070000.i2c:twl@48:keypad failed with error -2
[    2.520538] Driver 'psmouse' needs an owner
[    2.525238] Driver 'twl4030_pwrbutton' needs an owner[    2.533691] input: twl4030_pwrbutton as /devices/platform/68000000.ocp/48070000.i2c/i2c-0/0-0048/48070000.i2c:twl@48:pwrbutton/input/input1
[    2.549346] Driver 'omap_rtc' needs an owner
[    2.554626] Driver 'twl_rtc' needs an owner[    2.560302] twl_rtc 48070000.i2c:twl@48:rtc: Enabling TWL-RTC
[    2.571411] twl_rtc 48070000.i2c:twl@48:rtc: rtc core: registered 48070000.i2c:twl@48 as rtc0
[    2.581756] i2c /dev entries driver
[    2.589050] Driver for 1-wire Dallas network protocol.
[    2.594757] Driver 'w1_master_driver' needs an owner
[    2.599945] Driver 'w1_slave_driver' needs an ownerDriver 'ti-soc-thermal' needs an owner
[    2.609771] Driver 'omap_wdt' needs an owner[    2.617279] omap_wdt: OMAP Watchdog Timer Rev 0x31: initial timeout 60 sec
[    2.625213] Driver 'twl4030_wdt' needs an owner
[    2.631927] Driver 'mmcblk' needs an owner[    2.636352] Driver 'mmcblk' needs updating - please use bus_type methods
[    2.643676] Driver 'sdio_uart' needs an owner
[    2.648223] Driver 'mmci-omap' needs an ownerDriver 'omap_hsmmc' needs an owner
[    2.704528] omap_hsmmc 480b4000.mmc: unable to get vmmc regulator -517
[    2.712066] platform 480b4000.mmc: Driver omap_hsmmc requests probe deferral
[    2.720306] Driver 'leds-gpio' needs an owner
[    2.732910] ledtrig-cpu: registered to indicate activity on CPUs
[    2.740142] Driver 'hid-generic' needs an owner
[    2.744995] Driver 'usbhid' needs an owner[    2.749572] usbcore: registered new interface driver usbhid
[    2.755493] usbhid: USB HID core driver
[    2.759582] Driver 'dra7-atl' needs an owner
[    2.764801] Driver 'palmas-usb' needs an ownerDriver 'oprofile-perf' needs an owner
[    2.774780] oprofile: using arm/armv7
[    2.779724] TCP: cubic registered
[    2.783355] Initializing XFRM netlink socket
[    2.788024] NET: Registered protocol family 17
[    2.792816] NET: Registered protocol family 15
[    2.798004] Key type dns_resolver registered
[    2.802856] omap2_set_init_voltage: unable to find boot up OPP for vdd_mpu_iva
[    2.810577] omap2_set_init_voltage: unable to set vdd_mpu_iva
[    2.816680] omap2_set_init_voltage: unable to find boot up OPP for vdd_core
[    2.824066] omap2_set_init_voltage: unable to set vdd_core
[    2.834899] ThumbEE CPU extension supported.
[    2.839477] Registering SWP/SWPB emulation handler
[    2.844604] SmartReflex Class3 initialized
[    2.861938] vwl1271: supplied by VMMC2
[    2.893585] mmc0: host does not support reading read-only switch, assuming write-enable
[    2.904357] mmc0: new high speed SDHC card at address b368
[    2.913208] mmcblk0: mmc0:b368 SDC   3.74 GiB 
[    2.924530]  mmcblk0: p1 p2 p3
[    2.985229] Driver 'cpsw' needs an owner
[    2.990020] Driver 'gpio-keys' needs an owner[    3.000122] twl_rtc 48070000.i2c:twl@48:rtc: setting system clock to 2014-11-05 08:36:18 UTC (1415176578)
[    3.010314] sr_init: No PMIC hook to init smartreflex
[    3.015686] Driver 'smartreflex' needs an owner
[    3.020904] smartreflex smartreflex.0: omap_sr_probe: SmartReflex driver initialized
[    3.030303] smartreflex smartreflex.1: omap_sr_probe: SmartReflex driver initialized
[    3.127685] smsc911x 2c000000.ethernet eth0: SMSC911x/921x identified at 0xd087c000, IRQ: 208
[    3.138641] omap_hsmmc 480b4000.mmc: card claims to support voltages below defined range
[    3.165740] mmc1: queuing unknown CIS tuple 0x91 (3 bytes)
[    3.175659] mmc1: new SDIO card at address 0001
[    5.333221] Sending DHCP requests ., OK
[    5.413757] IP-Config: Got DHCP answer from 10.218.102.3, my address is 10.218.102.124
[    5.423675] IP-Config: Complete:
[    5.427124]      device=eth0, hwaddr=00:50:c2:7e:93:ba, ipaddr=10.218.102.124, mask=255.255.255.0, gw=10.218.102.1
[    5.438079]      host=dhcp-10-218-102-124, domain=am.dhcp.ti.com, nis-domain=(none)
[    5.446594]      bootserver=0.0.0.0, rootserver=0.0.0.0, rootpath=
[    5.453155]      nameserver0=192.0.2.2, nameserver1=192.0.2.3
[    5.461242] VUSB3V1: disabling
[    5.466857] lcd_3v3: disabling
[    7.583709] EXT4-fs (mmcblk0p2): warning: maximal mount count reached, running e2fsck is recommended
[    7.601409] EXT4-fs (mmcblk0p2): recovery complete
[    7.614593] EXT4-fs (mmcblk0p2): mounted filesystem with ordered data mode. Opts: (null)
[    7.623413] VFS: Mounted root (ext4 filesystem) on device 179:2.
[    7.643798] devtmpfs: mounted
[    7.647979] Freeing unused kernel memory: 424K (c0826000 - c0890000)
INIT: version 2.86 booting
Please wait: booting...
Error opening /dev/fb0: No such file or directory
Starting udev
WARNING: -e needs -E or -F
[    8.768981] udevd (86): /proc/86/oom_adj is deprecated, please use /proc/86/oom_score_adj instead.
[   22.946136] kjournald starting.  Commit interval 5 seconds
[   22.952484] EXT3-fs (mmcblk0p3): warning: maximal mount count reached, running e2fsck is recommended
[   23.030914] EXT3-fs (mmcblk0p3): using internal journal
[   23.037231] EXT3-fs (mmcblk0p3): recovery complete
[   23.042297] EXT3-fs (mmcblk0p3): mounted filesystem with ordered data mode
[   23.128234] FAT-fs (mmcblk0p1): Volume was not properly unmounted. Some data may be corrupt. Please run fsck.
[   23.250030] alignment: ignoring faults is unsafe on this CPU.  Defaulting to fixup mode.
Remounting root file system...
[   23.404388] EXT4-fs (mmcblk0p2): re-mounted. Opts: (null)
Caching udev devnodes
logger: mount: mount point /proc/bus/usb does not exist
ALSA: Restoring mixer settings...
/usr/sbin/alsactl: load_state:1625: No soundcards found...
Configuring network interfaces... ifconfig: SIOCSIFFLAGS: Input/output error
eth0      no wireless extensions.
ifconfig: SIOCSIFFLAGS: Input/output error
done.
Setting up IP spoofing protection: rp_filter.
INIT: Entering runlevel: 5
[   26.653472] random: nonblocking pool is initialized
Starting system message bus: dbus.
Starting Hardware abstraction layer hald
Starting Dropbear SSH server: dropbear.
Starting telnet daemon.
Starting network benchmark server: netserver.
Starting syslogd/klogd: done
Starting thttpd.
Starting Lighttpd Web Server: lighttpd.
2014-11-05 08:36:45: (log.c.166) server started 
Starting Matrix GUI application.
***************************************************************
***************************************************************
NOTICE: This file system contains the followin GPLv3 packages:
	binutils-dev
	binutils-symlinks
	binutils
	gdbserver
If you do not wish to distribute GPLv3 components please remove
the above packages prior to distribution.  This can be done using
the opkg remove command.  i.e.:
    opkg remove <package>
Where <package> is the name printed in the list above
NOTE: If the package is a dependency of another package you
      will be notified of the dependent packages.  You should
      use the --force-removal-of-dependent-packages option to
      also remove the dependent packages as well
***************************************************************
***************************************************************
 _____                    _____           _         _   
|  _  |___ ___ ___ ___   |  _  |___ ___  |_|___ ___| |_ 
|     |  _| .'| . | . |  |   __|  _| . | | | -_|  _|  _|
|__|__|_| |__,|_  |___|  |__|  |_| |___|_| |___|___|_|  
              |___|                    |___|            
Arago Project http://arago-project.org am37x-evm ttyO0
Arago 2011.09 am37x-evm ttyO0
am37x-evm login: 
- 06:55:11 [INFO] Host: root
- 06:55:12 [INFO] Target: 
root
root@am37x-evm:~# 
- 06:55:12 [INFO] Host: uname -a
- 06:55:12 [INFO] Target: 
uname -a
Linux am37x-evm 3.18.0-rc3-next-20141110-00002-g41cdba9 #1 SMP Mon Nov 10 05:46:25 CST 2014 armv7l unkno
- 06:55:12 [INFO] Host: cat /proc/cmdline
- 06:55:12 [INFO] Target: 
root@am37x-evm:~# cat /proc/cmdline
console=ttyO0,115200n8 earlyprintk ip=dhcp root=PARTUUID=00000000-02 rw rootfstype=ext4 rootwait
root@am37x-evm:~# 
- 06:55:12 [INFO] Host: uname -a
- 06:55:12 [INFO] Target: 
uname -a
Linux am37x-evm 3.18.0-rc3-next-20141110-00002-g41cdba9 #1 SMP Mon Nov 10 05:46:25 CST 2014 armv7l unknown
root@am37x-evm:~# 
- 06:55:12 [INFO] Host: cat /proc/mtd
- 06:55:16 [INFO] Target: 
cat /proc/mtd
dev:    size   erasesize  name
root@am37x-evm:~# 
- 06:55:28 [INFO] Host: export IPERFHOST=10.218.102.142
- 06:55:28 [INFO] Target: 
export IPERFHOST=10.218.102.142
root@am37x-evm:~# 
- 06:55:28 [INFO] Host: export NFS_SERVER=10.218.102.142
- 06:55:28 [INFO] Target: 
export NFS_SERVER=10.218.102.142
root@am37x-evm:~# 
- 06:55:28 [INFO] Host: export NFS_ROOT_PATH=/home/tigt-0001/NFS_exports/am37x
- 06:55:28 [INFO] Target: 
export NFS_ROOT_PATH=/home/tigt-0001/NFS_exports/am37x
root@am37x-evm:~# 
- 06:55:28 [INFO] Host: mkdir -p -m 777 /test
- 06:55:28 [INFO] Target: 
mkdir -p -m 777 /test
root@am37x-evm:~# 
- 06:55:28 [INFO] Host: cd /test
- 06:55:28 [INFO] Target: 
cd /test
root@am37x-evm:/test# 
- 06:55:28 [INFO] Host: cat > test.sh << EOF
- 06:55:28 [INFO] Target: 
cat > test.sh << EOF
- 06:55:28 [INFO] Host: failtest() {
- 06:55:28 [INFO] Target: 
failtest() {
- 06:55:28 [INFO] Host:   echo 1 >&3
- 06:55:28 [INFO] Target: 
  echo 1 >&3
- 06:55:28 [INFO] Host: }
- 06:55:28 [INFO] Target: 
- 06:55:28 [INFO] Host: timeout=600
- 06:55:28 [INFO] Target: 
timeout=600
- 06:55:28 [INFO] Host: 
- 06:55:28 [INFO] Target: 
- 06:55:28 [INFO] Host: # Start of user's script logic
- 06:55:28 [INFO] Target: 
# Start o
- 06:55:28 [INFO] Host: 
- 06:55:28 [INFO] Target: 
f user's script logic
- 06:55:28 [INFO] Host: 
- 06:55:29 [INFO] Target: 
- 06:55:29 [INFO] Host: mount -t proc proc /proc 2>/dev/null;
- 06:55:29 [INFO] Target: 
mount -t proc proc /proc 2>/dev/null;
- 06:55:29 [INFO] Host: 
- 06:55:29 [INFO] Target: 
- 06:55:29 [INFO] Host: mount -t sysfs sys /sys 2>/dev/null;
- 06:55:29 [INFO] Target: 
mount -t sysfs sys /sys 2>/dev/null;
- 06:55:29 [INFO] Host: 
- 06:55:29 [INFO] Target: 
- 06:55:29 [INFO] Host: mount -t debugfs none /sys/kernel/debug 2>/dev/null;
- 06:55:29 [INFO] Target: 
mount -t debugfs none /sys/kernel/debug 2>/dev/null;
- 06:55:29 [INFO] Host: 
- 06:55:29 [INFO] Target: 
- 06:55:29 [INFO] Host: echo 'cpuinfo:';cat /proc/cpuinfo; echo '=======';
- 06:55:29 [INFO] Target: 
echo 'cpuinfo:';cat /proc/cpuinfo; echo '=======';
- 06:55:29 [INFO] Host: 
- 06:55:29 [INFO] Target: 
- 06:55:29 [INFO] Host: echo 'soc info:';head /sys/devices/soc0/* 2>/dev/null; echo '=======';
- 06:55:29 [INFO] Target: 
echo 'soc info:';head /sys/devices/soc0/* 2>/dev/null; echo '=======';
- 06:55:29 [INFO] Host: 
- 06:55:29 [INFO] Target: 
- 06:55:29 [INFO] Host: echo 'DT Model info'; head /proc/device-tree/name /proc/device-tree/model /proc/device-tree/compatible 2>/dev/null;echo; echo '=======';
- 06:55:29 [INFO] Target: 
echo 'DT Model info'; head /proc/device-tree/name /proc/device-tree/model /pro
c/device-tree/compatible 2>/dev/null;echo; echo '=======';
- 06:55:29 [INFO] Host: 
- 06:55:29 [INFO] Target: 
- 06:55:29 [INFO] Host: echo 'interrupts:';cat /proc/interrupts; echo '=======';
- 06:55:29 [INFO] Target: 
echo 'interrupts:';cat /proc/interrupts; echo '=======';
- 06:55:29 [INFO] Host: 
- 06:55:29 [INFO] Target: 
- 06:55:29 [INFO] Host: echo 'Clk_summary:';cat /sys/kernel/debug/clk/clk_summary; echo '=======';
- 06:55:29 [INFO] Target: 
echo 'Clk_summary:';cat /sys/kernel/debug/clk/clk_summary; echo '=======';
- 06:55:29 [INFO] Host: 
- 06:55:29 [INFO] Target: 
- 06:55:29 [INFO] Host: echo 'Orphan Clks:';ls /sys/kernel/debug/clk/orphans/; echo '=======';
- 06:55:29 [INFO] Target: 
echo 'Orphan Clks:';ls /sys/kernel/debug/clk/orphans/; echo '=======';
- 06:55:29 [INFO] Host: 
- 06:55:30 [INFO] Target: 
- 06:55:30 [INFO] Host: echo "Available frequencies"; cat /sys/devices/system/cpu/cpu0/cpufreq/scaling_available_frequencies 2>/dev/null;echo '=======';
- 06:55:30 [INFO] Target: 
echo "Available frequencies"; cat /sys/devices/system/cpu/cpu0/cpufreq/scaling
_available_frequencies 2>/dev/null;echo '=======';
- 06:55:30 [INFO] Host: 
- 06:55:30 [INFO] Target: 
- 06:55:30 [INFO] Host: echo 'H''ello World' 'B''oard Booted';
- 06:55:30 [INFO] Target: 
echo 'H''ello World' 'B''oard Booted';
- 06:55:30 [INFO] Host: 
- 06:55:30 [INFO] Target: 
- 06:55:30 [INFO] Host: EOF
- 06:55:30 [INFO] Target: 
root@am37x-evm:/test# 
- 06:55:30 [INFO] Host: cd /test
- 06:55:30 [INFO] Target: 
cd /test
root@am37x-evm:/test# 
- 06:55:30 [INFO] Host: chmod +x test.sh
- 06:55:30 [INFO] Target: 
chmod +x test.sh
root@am37x-evm:/test# 
- 06:55:30 [INFO] Host: ./test.sh 2> stderr.log > stdout.log 3> result.log
- 06:55:30 [INFO] Target: 
./test.sh 2> stderr.log > stdout.log 3> result.log
root@am37x-evm:/test# 
- 06:55:30 [INFO] Host: echo $?
- 06:55:30 [INFO] Target: 
echo $?
root@am37x-evm:/test# 
- 06:55:30 [INFO] Host: cd /test
- 06:55:30 [INFO] Target: 
cd /test
root@am37x-evm:/test# 
- 06:55:30 [INFO] Host: cat stdout.log
- 06:55:32 [INFO] Target: 
cat stdout.log
cpuinfo:
processor	: 0
model name	: ARMv7 Processor rev 2 (v7l)
Features	: half thumb fastmult vfp edsp thumbee neon vfpv3 tls vfpd32 
CPU implementer	: 0x41
CPU architecture: 7
CPU variant	: 0x3
CPU part	: 0xc08
CPU revision	: 2
Hardware	: Generic OMAP36xx (Flattened Device Tree)
Revision	: 0000
Serial		: 0000000000000000
=======
soc info:
==> /sys/devices/soc0/family <==
OMAP3
==> /sys/devices/soc0/machine <==
OMAP3630
==> /sys/devices/soc0/power <==
==> /sys/devices/soc0/revision <==
ES1.2
==> /sys/devices/soc0/subsystem <==
==> /sys/devices/soc0/type <==
==> /sys/devices/soc0/uevent <==
=======
DT Model info
==> /proc/device-tree/name <==
==> /proc/device-tree/model <==
TI OMAP37XX EVM (TMDSEVM3730)
==> /proc/device-tree/compatible <==
ti,omap3-evm-37xxti,omap36xx
=======
interrupts:
           CPU0       
 16:       3554      INTC  37  gp_timer
 23:       4097      INTC  13  omap-dma-engine
 28:          0  48310000.gpio   1  DMA
208:         18  49058000.gpio  16  eth0
224:       4253      INTC  72  OMAP UART0
227:       1047      INTC  56  48070000.i2c
228:          0      INTC  57  48072000.i2c
229:          0      INTC  61  48060000.i2c
236:       6736      INTC  83  mmc0
237:        144      INTC  86  mmc1
254:          0      INTC  20  gpmc
262:        632      PRCM  pm_wkup
271:          2      PRCM  pinctrl, pinctrl, pinctrl, pm_io
294:          0      INTC   7  TWL4030-PIH
295:          1   pinctrl 338  OMAP UART0
298:          0   twl4030   0  twl4030_gpio
303:          0   twl4030   5  twl4030_power
306:          0   twl4030   8  twl4030_pwrbutton
309:          0   twl4030  11  rtc0
IPI0:          0  CPU wakeup interrupts
IPI1:          0  Timer broadcast interrupts
IPI2:          0  Rescheduling interrupts
IPI3:          0  Function call interrupts
IPI4:          0  Single function call interrupts
IPI5:          0  CPU stop interrupts
IPI6:          0  IRQ work interrupts
IPI7:          0  completion interrupts
Err:          0
=======
Clk_summary:
   clock                         enable_cnt  prepare_cnt        rate   accuracy   phase
----------------------------------------------------------------------------------------
 secure_32k_fck                           0            1       32768          0 0  
    wdt1_fck                              0            0       32768          0 0  
    gpt12_fck                             0            1       32768          0 0  
 dummy_ck                                 0            0           0          0 0  
 mcbsp_clks                               0            5           0          0 0  
 sys_altclk                               0            0           0          0 0  
 virt_38_4m_ck                            0            0    38400000          0 0  
 virt_26000000_ck                         1            1    26000000          0 0  
    osc_sys_ck                            1            1    26000000          0 0  
       sys_clkout1                        0            0    26000000          0 0  
       sys_ck                             3           18    13000000          0 0  
          gpt9_fck                        0            1    13000000          0 0  
          gpt8_fck                        0            1    13000000          0 0  
          gpt7_fck                        0            1    13000000          0 0  
          gpt6_fck                        0            1    13000000          0 0  
          gpt5_fck                        0            1    13000000          0 0  
          gpt4_fck                        0            1    13000000          0 0  
          gpt3_fck                        0            1    13000000          0 0  
          gpt2_fck                        0            1    13000000          0 0  
          cpefuse_fck                     0            0    13000000          0 0  
          dpll5_ck                        0            1   120000000          0 0  
             dpll5_m2_ck                  0            1   120000000          0 0  
                dpll5_m2_d20_ck           0            0     6000000          0 0  
                dpll5_m2_d16_ck           0            0     7500000          0 0  
                dpll5_m2_d8_ck            0            0    15000000          0 0  
                dpll5_m2_d4_ck            0            0    30000000          0 0  
                usbhost_120m_fck           0            0   120000000          0 0  
                usbtll_fck                0            1   120000000          0 0  
          sys_d2_ck                       0            0     6500000          0 0  
             usim_fck                     0            0     6500000          0 0  
          modem_fck                       0            0    13000000          0 0  
          dpll2_ck                        0            1   260000000          0 0  
             dpll2_m2_ck                  0            1   260000000          0 0  
                iva2_ck                   0            2   260000000          0 0  
          sr2_fck                         0            1    13000000          0 0  
          sr1_fck                         0            1    13000000          0 0  
          traceclk_src_fck                0            0    13000000          0 0  
             traceclk_fck                 0            0    13000000          0 0  
          emu_src_mux_ck                  0            1    13000000          0 0  
             emu_src_ck                   0            1    13000000          0 0  
                atclk_fck                 0            0    13000000          0 0  
                pclkx2_fck                0            0    13000000          0 0  
                pclk_fck                  0            0     6500000          0 0  
          dss2_alwon_fck                  0            2    13000000          0 0  
          dpll1_ck                        0            1   600000000          0 0  
             dpll1_x2_ck                  0            1  1200000000          0 0  
                dpll1_x2m2_ck             0            1  1200000000          0 0  
                   mpu_ck                 0            1  1200000000          0 0  
                      emu_mpu_alwon_ck           0            0  1200000000          0 0  
                      arm_fck             0            1   600000000          0 0  
          dpll3_ck                        1            1   400000000          0 0  
             dpll3_x2_ck                  0            0   800000000          0 0  
             dpll3_m2_ck                  1            1   400000000          0 0  
                dpll3_m2x2_ck             0            0   800000000          0 0  
                   corex2_fck             0            0   800000000          0 0  
                      ssi_ssr_fck_3430es2           0            0   266666667          0 0  
                         ssi_sst_fck_3430es2           0            0   133333333          0 0  
                      corex2_d5_fck           0            0   160000000          0 0  
                      corex2_d3_fck           0            0   266666666          0 0  
                core_ck                   1            1   400000000          0 0  
                   core_d2_ck             0            0   200000000          0 0  
                      sgx_fck             0            0   200000000          0 0  
                   core_d6_ck             0            0    66666666          0 0  
                   core_d4_ck             0            0   100000000          0 0  
                   core_d3_ck             0            0   133333333          0 0  
                   dpll2_fck              0            0   400000000          0 0  
                   l3_ick                 2            3   200000000          0 0  
                      sgx_ick             0            0   200000000          0 0  
                      mad2d_ick           0            0   200000000          0 0  
                      sad2d_ick           0            1   200000000          0 0  
                      security_l3_ick           0            0   200000000          0 0  
                         pka_ick           0            0   200000000          0 0  
                      core_l3_ick           8           10   200000000          0 0  
                         hsotgusb_ick_3430es2           0            1   200000000          0 0  
                         gpmc_fck           2            2   200000000          0 0  
                         sdrc_ick           1            1   200000000          0 0  
                      l4_ick              6            7   100000000          0 0  
                         usbhost_ick           1            1   100000000          0 0  
                         dss_ick_3430es2           4            6   100000000          0 0  
                         sr_l4_ick           2            2   100000000          0 0  
                         ssi_l4_ick           0            0   100000000          0 0  
                            ssi_ick_3430es2           0            0   100000000          0 0  
                         cam_ick           0            1   100000000          0 0  
                         security_l4_ick2           0            0   100000000          0 0  
                            des1_ick           0            0   100000000          0 0  
                            sha11_ick           0            0   100000000          0 0  
                            rng_ick           0            0   100000000          0 0  
                            aes1_ick           0            0   100000000          0 0  
                         per_l4_ick          15           18   100000000          0 0  
                            mcbsp4_ick           2            2   100000000          0 0  
                            mcbsp3_ick           2            2   100000000          0 0  
                            mcbsp2_ick           1            1   100000000          0 0  
                            gpt2_ick           1            1   100000000          0 0  
                            gpt3_ick           1            1   100000000          0 0  
                            gpt4_ick           1            1   100000000          0 0  
                            gpt5_ick           1            1   100000000          0 0  
                            gpt6_ick           1            1   100000000          0 0  
                            gpt7_ick           1            1   100000000          0 0  
                            gpt8_ick           1            1   100000000          0 0  
                            gpt9_ick           1            1   100000000          0 0  
                            uart4_ick           1            1   100000000          0 0  
                            uart3_ick           1            1   100000000          0 0  
                            wdt3_ick           0            0   100000000          0 0  
                            gpio2_ick           0            1   100000000          0 0  
                            gpio3_ick           0            1   100000000          0 0  
                            gpio4_ick           0            1   100000000          0 0  
                            gpio5_ick           1            1   100000000          0 0  
                            gpio6_ick           1            1   100000000          0 0  
                         core_l4_ick          21           23   100000000          0 0  
                            mmchs3_ick           1            1   100000000          0 0  
                            usbtll_ick           1            1   100000000          0 0  
                            mailboxes_ick           0            1   100000000          0 0  
                            mspro_ick           0            0   100000000          0 0  
                            des2_ick           0            0   100000000          0 0  
                            icr_ick           0            0   100000000          0 0  
                            sha12_ick           1            2   100000000          0 0  
                            aes2_ick           1            2   100000000          0 0  
                            omapctrl_ick           1            1   100000000          0 0  
                            mcbsp1_ick           1            1   100000000          0 0  
                            mcbsp5_ick           1            1   100000000          0 0  
                            gpt10_ick           1            1   100000000          0 0  
                            gpt11_ick           1            1   100000000          0 0  
                            uart1_ick           1            1   100000000          0 0  
                            uart2_ick           1            1   100000000          0 0  
                            i2c1_ick           1            1   100000000          0 0  
                            i2c2_ick           1            1   100000000          0 0  
                            i2c3_ick           1            1   100000000          0 0  
                            mcspi1_ick           1            1   100000000          0 0  
                            mcspi2_ick           1            1   100000000          0 0  
                            mcspi3_ick           1            1   100000000          0 0  
                            mcspi4_ick           1            1   100000000          0 0  
                            hdq_ick           0            1   100000000          0 0  
                            mmchs1_ick           1            1   100000000          0 0  
                            mmchs2_ick           1            1   100000000          0 0  
                         rm_ick           0            0    50000000          0 0  
                   dpll1_fck              0            0   200000000          0 0  
             dpll3_m3_ck                  0            0   200000000          0 0  
                dpll3_m3x2_mul_ck           0            0   400000000          0 0  
                   dpll3_m3x2_ck           0            0   400000000          0 0  
                      emu_core_alwon_ck           0            0   400000000          0 0  
          dpll4_ck                        1            3   864000000          0 0  
             dpll4_x2_ck                  0            0  1728000000          0 0  
             dpll4_m6_ck                  0            0   288000000          0 0  
                dpll4_m6x2_mul_ck           0            0   288000000          0 0  
                   dpll4_m6x2_ck           0            0   288000000          0 0  
                      emu_per_alwon_ck           0            0   288000000          0 0  
             dpll4_m5_ck                  0            0   216000000          0 0  
                dpll4_m5x2_mul_ck           0            0   216000000          0 0  
                   dpll4_m5x2_ck           0            0   216000000          0 0  
                      cam_mclk            0            0   216000000          0 0  
             dpll4_m4_ck                  0            1    96000000          0 0  
                dpll4_m4x2_mul_ck           0            1    96000000          0 0  
                   dpll4_m4x2_ck           0            1    96000000          0 0  
                      dss1_alwon_fck_3430es2           0            4    96000000          0 0  
             dpll4_m3_ck                  0            1    54000000          0 0  
                dpll4_m3x2_mul_ck           0            1    54000000          0 0  
                   dpll4_m3x2_ck           0            1    54000000          0 0  
                      omap_54m_fck           0            1    54000000          0 0  
                         clkout2_src_ck           0            0    54000000          0 0  
                            sys_clkout2           0            0    54000000          0 0  
                         dss_tv_fck           0            2    54000000          0 0  
             dpll4_m2_ck                  1            1    96000000          0 0  
                dpll4_m2x2_mul_ck           1            1    96000000          0 0  
                   dpll4_m2x2_ck           1            1    96000000          0 0  
                      omap_192m_alwon_fck           0            0    96000000          0 0  
                      omap_96m_alwon_fck           1            2    96000000          0 0  
                         per_96m_fck           0            6    96000000          0 0  
                            mcbsp4_fck           0            1    96000000          0 0  
                            mcbsp3_fck           0            2    96000000          0 0  
                            mcbsp2_fck           0            2    96000000          0 0  
                         cm_96m_fck           1            2    96000000          0 0  
                            cm_96m_d2_fck           1            1    48000000          0 0  
                               omap_48m_fck           2            4    48000000          0 0  
                                  usbhost_48m_fck           0            1    48000000          0 0  
                                  per_48m_fck           2            2    48000000          0 0  
                                     uart4_fck           1            1    48000000          0 0  
                                     uart3_fck           1            1    48000000          0 0  
                                  core_48m_fck           2            6    48000000          0 0  
                                     uart1_fck           1            1    48000000          0 0  
                                     uart2_fck           1            1    48000000          0 0  
                                     mcspi1_fck           0            1    48000000          0 0  
                                     mcspi2_fck           0            1    48000000          0 0  
                                     mcspi3_fck           0            1    48000000          0 0  
                                     mcspi4_fck           0            1    48000000          0 0  
                                  omap_12m_fck           0            1    12000000          0 0  
                                     core_12m_fck           0            1    12000000          0 0  
                                        hdq_fck             0            1    12000000          0 0  
                            omap_96m_fck           0            2    96000000          0 0  
                               omap_96m_d10_fck           0            0     9600000          0 0  
                               omap_96m_d8_fck           0            0    12000000          0 0  
                               omap_96m_d4_fck           0            0    24000000          0 0  
                               omap_96m_d2_fck           0            0    48000000          0 0  
                               dss_96m_fck           0            2    96000000          0 0  
                               core_96m_fck           0           10    96000000          0 0  
                                  mcbsp1_fck           0            1    96000000          0 0  
                                  mcbsp5_fck           0            1    96000000          0 0  
                                  mmchs3_fck           0            1    96000000          0 0  
                                  mspro_fck           0            0    96000000          0 0  
                                  csi2_96m_fck           0            0    96000000          0 0  
                                  i2c1_fck           0            1    96000000          0 0  
                                  i2c2_fck           0            1    96000000          0 0  
                                  i2c3_fck           0            1    96000000          0 0  
                                  mmchs1_fck           0            1    96000000          0 0  
                                  mmchs2_fck           0            1    96000000          0 0  
          wkup_l4_ick                     4            5    13000000          0 0  
             usim_ick                     0            0    13000000          0 0  
             gpt1_ick                     1            1    13000000          0 0  
             gpt12_ick                    1            1    13000000          0 0  
             omap_32ksync_ick             1            1    13000000          0 0  
             gpio1_ick                    0            1    13000000          0 0  
             wdt1_ick                     0            0    13000000          0 0  
             wdt2_ick                     1            1    13000000          0 0  
 virt_19200000_ck                         0            0    19200000          0 0  
 virt_13m_ck                              0            0    13000000          0 0  
 virt_12m_ck                              0            0    12000000          0 0  
 omap_32k_fck                             2            8       32768          0 0  
    gpt1_fck                              1            1       32768          0 0  
    gpt11_fck                             0            1       32768          0 0  
    gpt10_fck                             0            1       32768          0 0  
    ts_fck                                0            0       32768          0 0  
    per_32k_alwon_fck                     0            5       32768          0 0  
       wdt3_fck                           0            0       32768          0 0  
       gpio2_dbck                         0            1       32768          0 0  
       gpio3_dbck                         0            1       32768          0 0  
       gpio4_dbck                         0            1       32768          0 0  
       gpio5_dbck                         0            1       32768          0 0  
       gpio6_dbck                         0            1       32768          0 0  
    wkup_32k_fck                          1            3       32768          0 0  
       wdt2_fck                           0            1       32768          0 0  
       gpio1_dbck                         0            1       32768          0 0  
 dummy_apb_pclk                           0            0           0          0 0  
 virt_16_8m_ck                            0            0    16800000          0 0  
=======
Orphan Clks:
=======
Available frequencies
=======
Hello World Board Booted
root@am37x-evm:/test# 
- 06:55:32 [INFO] Host: cat stderr.log
- 06:55:33 [INFO] Target: 
cat stderr.log
ls: /sys/kernel/debug/clk/orphans/: No such file or directory
root@am37x-evm:/test# 
- 06:55:33 [INFO] Host: cat result.log
- 06:55:35 [ERROR] On command: cat result.log waiting for cat result.log.+?(?m-ix:^1[\0\n\r]+) >>> error: execution expired
- 06:55:35 [INFO] Target: 
cat result.log
root@am37x-evm:/test# 
- 06:55:35 [INFO] Host: cd /test
- 06:55:35 [INFO] Target: 
cd /test
root@am37x-evm:/test# 
