- 02:49:27 [INFO] Starting target session
- 02:49:27 [INFO] Connected to am37x-evm via serial 
- 02:49:27 [INFO] Host: #check prompt
- 02:49:30 [ERROR] On command: #check prompt waiting for #check prompt.+?(?-mix:((?-mix:login:)|[Pp]assword)) >>> error: execution expired
- 02:49:30 [INFO] Target: 
#check prompt
OMAP3_EVM # 
- 02:49:30 [INFO] Host: #check prompt
- 02:49:32 [ERROR] On command: #check prompt waiting for #check prompt.+?(?-mix:root@.+[@:#]+) >>> error: execution expired
- 02:49:32 [INFO] Target: 
#check prompt
OMAP3_EVM # 
- 02:49:32 [INFO] Host: #check prompt
- 02:49:34 [ERROR] On command: #check prompt waiting for #check prompt.+?(?-mix:root@.+[@:#]+) >>> error: execution expired
- 02:49:34 [INFO] Target: 
#check prompt
OMAP3_EVM # 
- 02:49:34 [INFO] Host: #check prompt
- 02:49:36 [ERROR] On command: #check prompt waiting for #check prompt.+?(?-mix:root@.+[@:#]+) >>> error: execution expired
- 02:49:36 [INFO] Target: 
#check prompt
OMAP3_EVM # 
- 02:49:36 [INFO] Disconnected serial from am37x-evm
- 02:49:37 [INFO] Connected to am37x-evm via serial 
- 02:49:37 [INFO] Host: 
- 02:49:39 [INFO] Target: 
U-Boot SPL 2015.07-00043-gaada495 (Nov 09 2015 - 12:23:36)
reading u-boot.img
reading u-boot.img
U-Boot 2015.07-00043-gaada495 (Nov 09 2015 - 12:23:36 -0500)
OMAP3630/3730-GP ES1.2, CPU-OPP2, L3-200MHz, Max CPU Clock 1 Ghz
OMAP3 EVM board + LPDDR/NAND
I2C:   ready
DRAM:  256 MiB
NAND:  512 MiB
MMC:   OMAP SD/MMC: 0
Error: Bad compare! failed
NAND read from offset 260000 failed -74
*** Warning - readenv() failed, using default environment
In:    serial
Out:   serial
Err:   serial
Read back SMSC id 0x92200000
Die ID #16d400029ff80000015f02690c019016
Net:   smc911x-0
Warning: Your board does not use generic board. Please read
doc/README.generic-board and take action. Boards not
upgraded by the late 2014 may break or be removed.
Hit any key to stop autoboot:  3  0 
OMAP3_EVM # 
OMAP3_EVM # 
OMAP3_EVM # 
OMAP3_EVM # 
OMAP3_EVM # 
- 02:49:40 [INFO] Host: 
- 02:49:40 [INFO] Target: 
OMAP3_EVM # 
- 02:49:40 [INFO] Host: version
- 02:49:40 [INFO] Target: 
OMAP3_EVM # version
U-Boot 2015.07-00043-gaada495 (Nov 09 2015 - 12:23:36 -0500)
arm-linux-gnueabihf-gcc (crosstool-NG linaro-1.13.1-4.7-2013.03-20130313 - Linaro GCC 2013.03) 4.7.3 20130226 (prerelease)
GNU ld (crosstool-NG linaro-1.13.1-4.7-2013.03-20130313 - Linaro GCC 2013.03) 2.23.1
OMAP3_EVM # 
- 02:49:40 [INFO] Host: setenv bootargs 'console=ttyO0,115200n8 earlyprintk  '
- 02:49:40 [INFO] Target: 
setenv bootargs 'console=ttyO0,115200n8 earlyprintk  '
OMAP3_EVM # 
- 02:49:40 [INFO] Host: setenv bootcmd  ''
- 02:49:40 [INFO] Target: 
setenv bootcmd  ''
OMAP3_EVM # 
- 02:49:40 [INFO] Host: setenv autoload 'no'
- 02:49:40 [INFO] Target: 
setenv autoload 'no'
OMAP3_EVM # 
- 02:49:40 [INFO] Host: setenv serverip '192.168.0.1'
- 02:49:40 [INFO] Target: 
setenv serverip '192.168.0.1'
OMAP3_EVM # 
- 02:49:40 [INFO] Host: printenv
- 02:49:40 [INFO] Target: 
printenv
autoload=no
baudrate=115200
bootargs=console=ttyO0,115200n8 earlyprintk  
bootcmd=
bootdelay=3
bootfile=uImage
bootscript=echo Running bootscript from mmc ...; source ${loadaddr}
console=ttyO0,115200n8
dieid#=16d400029ff80000015f02690c019016
ethact=smc911x-0
ethaddr=00:50:c2:7e:93:ba
loadaddr=0x82000000
loadbootscript=fatload mmc ${mmcdev} ${loadaddr} boot.scr
loaduimage=fatload mmc ${mmcdev} ${loadaddr} uImage
mmcargs=setenv bootargs console=${console} root=/dev/mmcblk0p2 rw rootfstype=ext3 rootwait
mmcboot=echo Booting from mmc ...; run mmcargs; bootm ${loadaddr}
mmcdev=0
nandargs=setenv bootargs console=${console} root=/dev/mtdblock4 rw rootfstype=jffs2
nandboot=echo Booting from nand ...; run nandargs; onenand read ${loadaddr} 280000 400000; bootm ${loadaddr}
serverip=192.168.0.1
stderr=serial
stdin=serial
stdout=serial
usbtty=cdc_acm
Environment size: 900/131068 bytes
OMAP3_EVM # 
- 02:49:40 [INFO] Host: printenv
- 02:49:40 [INFO] Target: 
printenv
autoload=no
baudrate=115200
bootargs=console=ttyO0,115200n8 earlyprintk  
bootcmd=
bootdelay=3
bootfile=uImage
bootscript=echo Running bootscript from mmc ...; source ${loadaddr}
console=ttyO0,115200n8
dieid#=16d400029ff80000015f02690c019016
ethact=smc911x-0
ethaddr=00:50:c2:7e:93:ba
loadaddr=0x82000000
loadbootscript=fatload mmc ${mmcdev} ${loadaddr} boot.scr
loaduimage=fatload mmc ${mmcdev} ${loadaddr} uImage
mmcargs=setenv bootargs console=${console} root=/dev/mmcblk0p2 rw rootfstype=ext3 rootwait
mmcboot=echo Booting from mmc ...; run mmcargs; bootm ${loadaddr}
mmcdev=0
nandargs=setenv bootargs console=${console} root=/dev/mtdblock4 rw rootfstype=jffs2
nandboot=echo Booting from nand ...; run nandargs; onenand read ${loadaddr} 280000 400000; bootm ${loadaddr}
serverip=192.168.0.1
stderr=serial
stdin=serial
stdout=serial
usbtty=cdc_acm
Environment size: 900/131068 bytes
OMAP3_EVM # 
- 02:49:40 [INFO] Host: setenv bootargs ''${bootargs}' ip=:::::eth0:dhcp '
- 02:49:40 [INFO] Target: 
setenv bootargs ''${bootargs}' ip=:::::eth0:dhcp '
OMAP3_EVM # 
- 02:49:40 [INFO] Host: setenv serverip '192.168.0.1'
- 02:49:41 [INFO] Target: 
setenv serverip '192.168.0.1'
OMAP3_EVM # 
- 02:49:41 [INFO] Host: setenv autoload 'no'
- 02:49:41 [INFO] Target: 
setenv autoload 'no'
OMAP3_EVM # 
- 02:49:41 [INFO] Host: dhcp
- 02:49:43 [INFO] Target: 
dhcp
smc911x: MAC 00:50:c2:7e:93:ba
smc911x: detected LAN9220 controller
smc911x: phy initialized
smc911x: MAC 00:50:c2:7e:93:ba
BOOTP broadcast 1
BOOTP broadcast 2
BOOTP broadcast 3
DHCP client bound to address 192.168.0.119 (1040 ms)
smc911x: MAC 00:50:c2:7e:93:ba
OMAP3_EVM # 
- 02:49:43 [INFO] Host: tftp ${loadaddr} 192.168.0.1:vatf_am37x-evm/c8c8494333abab7f92cf0c32f3da0207
- 02:49:46 [INFO] Target: 
tftp ${loadaddr} 192.168.0.1:vatf_am37x-evm/c8c8494333abab7f92cf0c32f3da0207
smc911x: MAC 00:50:c2:7e:93:ba
smc911x: detected LAN9220 controller
smc911x: phy initialized
smc911x: MAC 00:50:c2:7e:93:ba
Using smc911x-0 device
TFTP from server 192.168.0.1; our IP address is 192.168.0.119
Filename 'vatf_am37x-evm/c8c8494333abab7f92cf0c32f3da0207'.
Load address: 0x82000000
Loading: *#################################################################
	 #################################################################
	 #################################################################
	 #######################################################
	 3.3 MiB/s
done
Bytes transferred = 3657419 (37cecb hex)
smc911x: MAC 00:50:c2:7e:93:ba
OMAP3_EVM # 
- 02:49:46 [INFO] Host: ls mmc 0:1
- 02:49:46 [INFO] Target: 
ls mmc 0:1
ls - list files in a directory (default /)
Usage:
ls [ directory ]
OMAP3_EVM # 
- 02:49:46 [INFO] Host: ls mmc 0:2
- 02:49:46 [INFO] Target: 
ls mmc 0:2
ls - list files in a directory (default /)
Usage:
ls [ directory ]
OMAP3_EVM # 
- 02:49:46 [INFO] Host: ls mmc 0:3
- 02:49:47 [INFO] Target: 
ls mmc 0:3
ls - list files in a directory (default /)
Usage:
ls [ directory ]
OMAP3_EVM # 
- 02:49:47 [INFO] Host: ls mmc 0:4
- 02:49:47 [INFO] Target: 
ls mmc 0:4
ls - list files in a directory (default /)
Usage:
ls [ directory ]
OMAP3_EVM # 
- 02:49:47 [INFO] Host: ls mmc 0:5
- 02:49:47 [INFO] Target: 
ls mmc 0:5
ls - list files in a directory (default /)
Usage:
ls [ directory ]
OMAP3_EVM # 
- 02:49:47 [INFO] Host: part uuid mmc 0:
- 02:49:47 [INFO] Target: 
part uuid mmc 0:
Unknown command 'part' - try 'help'
OMAP3_EVM # 
- 02:49:47 [INFO] Host: printenv
- 02:49:47 [INFO] Target: 
printenv
autoload=no
baudrate=115200
bootargs=console=ttyO0,115200n8 earlyprintk   ip=:::::eth0:dhcp 
bootcmd=
bootdelay=3
bootfile=uImage
bootscript=echo Running bootscript from mmc ...; source ${loadaddr}
console=ttyO0,115200n8
dieid#=16d400029ff80000015f02690c019016
ethact=smc911x-0
ethaddr=00:50:c2:7e:93:ba
fileaddr=82000000
filesize=37cecb
gatewayip=192.168.0.1
ipaddr=192.168.0.119
loadaddr=0x82000000
loadbootscript=fatload mmc ${mmcdev} ${loadaddr} boot.scr
loaduimage=fatload mmc ${mmcdev} ${loadaddr} uImage
mmcargs=setenv bootargs console=${console} root=/dev/mmcblk0p2 rw rootfstype=ext3 rootwait
mmcboot=echo Booting from mmc ...; run mmcargs; bootm ${loadaddr}
mmcdev=0
nandargs=setenv bootargs console=${console} root=/dev/mtdblock4 rw rootfstype=jffs2
nandboot=echo Booting from nand ...; run nandargs; onenand read ${loadaddr} 280000 400000; bootm ${loadaddr}
netmask=255.255.255.0
serverip=192.168.0.1
stderr=serial
stdin=serial
stdout=serial
usbtty=cdc_acm
Environment size: 1028/131068 bytes
OMAP3_EVM # 
- 02:49:47 [INFO] Host: setenv bootargs ''${bootargs}' root=/dev/mmcblk0p2 rw rootfstype=ext3 rootwait '
- 02:49:47 [INFO] Target: 
setenv bootargs ''${bootargs}' root=/dev/mmcblk0p2 rw rootfstype=ext3 rootwait '
OMAP3_EVM # 
- 02:49:47 [INFO] Host: printenv
- 02:49:47 [INFO] Target: 
printenv
autoload=no
baudrate=115200
bootargs=console=ttyO0,115200n8 earlyprintk   ip=:::::eth0:dhcp  root=/dev/mmcblk0p2 rw rootfstype=ext3 rootwait 
bootcmd=
bootdelay=3
bootfile=uImage
bootscript=echo Running bootscript from mmc ...; source ${loadaddr}
console=ttyO0,115200n8
dieid#=16d400029ff80000015f02690c019016
ethact=smc911x-0
ethaddr=00:50:c2:7e:93:ba
fileaddr=82000000
filesize=37cecb
gatewayip=192.168.0.1
ipaddr=192.168.0.119
loadaddr=0x82000000
loadbootscript=fatload mmc ${mmcdev} ${loadaddr} boot.scr
loaduimage=fatload mmc ${mmcdev} ${loadaddr} uImage
mmcargs=setenv bootargs console=${console} root=/dev/mmcblk0p2 rw rootfstype=ext3 rootwait
mmcboot=echo Booting from mmc ...; run mmcargs; bootm ${loadaddr}
mmcdev=0
nandargs=setenv bootargs console=${console} root=/dev/mtdblock4 rw rootfstype=jffs2
nandboot=echo Booting from nand ...; run nandargs; onenand read ${loadaddr} 280000 400000; bootm ${loadaddr}
netmask=255.255.255.0
serverip=192.168.0.1
stderr=serial
stdin=serial
stdout=serial
usbtty=cdc_acm
Environment size: 1077/131068 bytes
OMAP3_EVM # 
- 02:49:47 [INFO] Host: setenv bootcmd ''${bootcmd}' if iminfo ${loadaddr}; then bootm ${loadaddr}  ; else bootz ${loadaddr}  ; bootm ${loadaddr}  ; fi'
- 02:49:47 [INFO] Target: 
setenv bootcmd ''${bootcmd}' if iminfo ${loadaddr}; then bootm ${loadaddr}  ; else bootz ${loadaddr}  ; bootm ${loadaddr}  ; fi'
OMAP3_EVM # 
- 02:49:47 [INFO] Host: version
- 02:49:47 [INFO] Target: 
version
U-Boot 2015.07-00043-gaada495 (Nov 09 2015 - 12:23:36 -0500)
arm-linux-gnueabihf-gcc (crosstool-NG linaro-1.13.1-4.7-2013.03-20130313 - Linaro GCC 2013.03) 4.7.3 20130226 (prerelease)
GNU ld (crosstool-NG linaro-1.13.1-4.7-2013.03-20130313 - Linaro GCC 2013.03) 2.23.1
OMAP3_EVM # 
- 02:49:47 [INFO] Host: bdinfo
- 02:49:47 [INFO] Target: 
bdinfo
arch_number = 0x000005FF
boot_params = 0x80000100
DRAM bank   = 0x00000000
-> start    = 0x80000000
-> size     = 0x10000000
DRAM bank   = 0x00000001
-> start    = 0x90000000
-> size     = 0x00000000
eth0name    = smc911x-0
ethaddr     = 00:50:c2:7e:93:ba
current eth = smc911x-0
ip_addr     = 192.168.0.119
baudrate    = 115200 bps
TLB addr    = 0x8FFF0000
relocaddr   = 0x8FF61000
reloc off   = 0x0FE61000
irq_sp      = 0x8FF00F24
sp start    = 0x8FF00F18
OMAP3_EVM # 
- 02:49:47 [INFO] Host: mmc rescan; echo $?
- 02:49:48 [INFO] Target: 
mmc rescan; echo $?
OMAP3_EVM # 
- 02:49:48 [INFO] Host: fatwrite mmc ${mmcdev}:1 ${loadaddr} ws-calibrate.rules 4
- 02:49:48 [INFO] Target: 
fatwrite mmc ${mmcdev}:1 ${loadaddr} ws-calibrate.rules 4
Unknown command 'fatwrite' - try 'help'
OMAP3_EVM # 
- 02:49:48 [INFO] Host: boot
- 02:50:39 [INFO] Target: 
boot
Unknown command 'iminfo' - try 'help'
Unknown command 'bootz' - try 'help'
## Booting kernel from Legacy Image at 82000000 ...
   Image Name:   Linux-4.4.0-rc4-00002-g81502db37
   Image Type:   ARM Linux Kernel Image (uncompressed)
   Data Size:    3657355 Bytes = 3.5 MiB
   Load Address: 80800000
   Entry Point:  80800000
   Verifying Checksum ... OK
   Loading Kernel Image ... OK
Starting kernel ...
[    0.000000] Booting Linux on physical CPU 0x0
[    0.000000] Initializing cgroup subsys cpuset
[    0.000000] Initializing cgroup subsys cpu
[    0.000000] Initializing cgroup subsys cpuacct
[    0.000000] Linux version 4.4.0-rc4-00002-g81502db37273 (nmenon@kahuna) (gcc version 4.6.3 (Ubuntu/Linaro 4.6.3-1ubuntu5) ) #1 SMP Mon Dec 7 02:04:00 CST 2015
[    0.000000] CPU: ARMv7 Processor [413fc082] revision 2 (ARMv7), cr=10c5387d
[    0.000000] CPU: PIPT / VIPT nonaliasing data cache, VIPT aliasing instruction cache
[    0.000000] Machine model: TI OMAP37XX EVM (TMDSEVM3730)
[    0.000000] cma: Reserved 16 MiB at 0x8e800000
[    0.000000] Memory policy: Data cache writeback
[    0.000000] CPU: All CPU(s) started in SVC mode.
[    0.000000] OMAP3630 ES1.2 (l2cache iva sgx neon isp 192mhz_clk )
[    0.000000] PERCPU: Embedded 14 pages/cpu @cfb37000 s24960 r8192 d24192 u57344
[    0.000000] Built 1 zonelists in Zone order, mobility grouping on.  Total pages: 64448
[    0.000000] Kernel command line: console=ttyO0,115200n8 earlyprintk   ip=:::::eth0:dhcp  root=/dev/mmcblk0p2 rw rootfstype=ext3 rootwait 
[    0.000000] PID hash table entries: 1024 (order: 0, 4096 bytes)
[    0.000000] Dentry cache hash table entries: 32768 (order: 5, 131072 bytes)
[    0.000000] Inode-cache hash table entries: 16384 (order: 4, 65536 bytes)
[    0.000000] Memory: 222260K/260096K available (6609K kernel code, 747K rwdata, 2240K rodata, 452K init, 8263K bss, 21452K reserved, 16384K cma-reserved, 0K highmem)
[    0.000000] Virtual kernel memory layout:
[    0.000000]     vector  : 0xffff0000 - 0xffff1000   (   4 kB)
[    0.000000]     fixmap  : 0xffc00000 - 0xfff00000   (3072 kB)
[    0.000000]     vmalloc : 0xd0800000 - 0xff800000   ( 752 MB)
[    0.000000]     lowmem  : 0xc0000000 - 0xd0000000   ( 256 MB)
[    0.000000]     pkmap   : 0xbfe00000 - 0xc0000000   (   2 MB)
[    0.000000]     modules : 0xbf000000 - 0xbfe00000   (  14 MB)
[    0.000000]       .text : 0xc0008000 - 0xc08ac90c   (8851 kB)
[    0.000000]       .init : 0xc08ad000 - 0xc091e000   ( 452 kB)
[    0.000000]       .data : 0xc091e000 - 0xc09d8cd8   ( 748 kB)
[    0.000000]        .bss : 0xc09db000 - 0xc11ecf20   (8264 kB)
[    0.000000] Running RCU self tests
[    0.000000] Hierarchical RCU implementation.
[    0.000000] 	RCU lockdep checking is enabled.
[    0.000000] 	Build-time adjustment of leaf fanout to 32.
[    0.000000] 	RCU restricting CPUs from NR_CPUS=2 to nr_cpu_ids=1.
[    0.000000] RCU: Adjusting geometry for rcu_fanout_leaf=32, nr_cpu_ids=1
[    0.000000] NR_IRQS:16 nr_irqs:16 16
[    0.000000] IRQ: Found an INTC at 0xfa200000 (revision 4.0) with 96 interrupts
[    0.000000] Clocking rate (Crystal/Core/MPU): 26.0/400/600 MHz
[    0.000000] OMAP clockevent source: timer1 at 32768 Hz
[    0.000000] clocksource: 32k_counter: mask: 0xffffffff max_cycles: 0xffffffff, max_idle_ns: 58327039986419 ns
[    0.000000] sched_clock: 32 bits at 32kHz, resolution 30517ns, wraps every 65535999984741ns
[    0.000030] OMAP clocksource: 32k_counter at 32768 Hz
[    0.001708] Console: colour dummy device 80x30
[    0.001770] Lock dependency validator: Copyright (c) 2006 Red Hat, Inc., Ingo Molnar
[    0.001800] ... MAX_LOCKDEP_SUBCLASSES:  8
[    0.001800] ... MAX_LOCK_DEPTH:          48
[    0.001831] ... MAX_LOCKDEP_KEYS:        8191
[    0.001831] ... CLASSHASH_SIZE:          4096
[    0.001861] ... MAX_LOCKDEP_ENTRIES:     32768
[    0.001861] ... MAX_LOCKDEP_CHAINS:      65536
[    0.001861] ... CHAINHASH_SIZE:          32768
[    0.001892]  memory used by lock dependency info: 5167 kB
[    0.001892]  per task-struct memory footprint: 1536 bytes
[    0.001922] Calibrating delay loop... 594.73 BogoMIPS (lpj=2973696)
[    0.106170] pid_max: default: 32768 minimum: 301
[    0.106719] Security Framework initialized
[    0.106903] Mount-cache hash table entries: 1024 (order: 0, 4096 bytes)
[    0.106933] Mountpoint-cache hash table entries: 1024 (order: 0, 4096 bytes)
[    0.111297] Initializing cgroup subsys io
[    0.111450] Initializing cgroup subsys memory
[    0.111541] Initializing cgroup subsys devices
[    0.111663] Initializing cgroup subsys freezer
[    0.111846] Initializing cgroup subsys perf_event
[    0.111938] CPU: Testing write buffer coherency: ok
[    0.113861] CPU0: thread -1, cpu 0, socket -1, mpidr 0
[    0.113983] Setting up static identity map for 0x80008280 - 0x800082f0
[    0.119537] Brought up 1 CPUs
[    0.119537] SMP: Total of 1 processors activated (594.73 BogoMIPS).
[    0.119567] CPU: All CPU(s) started in SVC mode.
[    0.124908] devtmpfs: initialized
[    0.241790] VFP support v0.3: implementor 41 architecture 3 part 30 variant c rev 3
[    0.328430] omap_hwmod: mcbsp2_sidetone using broken dt data from mcbsp
[    0.330871] omap_hwmod: mcbsp3_sidetone using broken dt data from mcbsp
[    0.441955] clocksource: jiffies: mask: 0xffffffff max_cycles: 0xffffffff, max_idle_ns: 19112604462750000 ns
[    0.444702] pinctrl core: initialized pinctrl subsystem
[    0.452453] NET: Registered protocol family 16
[    0.461364] DMA: preallocated 256 KiB pool for atomic coherent allocations
[    0.464355] cpuidle: using governor ladder
[    0.464385] cpuidle: using governor menu
[    0.465118] Reprogramming SDRC clock to 400000000 Hz
[    0.482971] OMAP GPIO hardware version 2.5
[    0.500274] irq: no irq domain found for /ocp/l4@48000000/scm@2000/pinmux@30 !
[    0.501190] irq: no irq domain found for /ocp/l4@48000000/scm@2000/pinmux@30 !
[    0.502075] irq: no irq domain found for /ocp/l4@48000000/scm@2000/pinmux@30 !
[    0.510711] irq: no irq domain found for /ocp/l4@48000000/scm@2000/pinmux@30 !
[    0.528839] omap-gpmc 6e000000.gpmc: GPMC revision 5.0
[    0.529083] gpmc_mem_init: disabling cs 0 mapped at 0x0-0x1000000
[    0.533721] platform 48058000.ssi-controller: Cannot lookup hwmod 'ssi'
[    0.544006] No ATAGs?
[    0.544036] hw-breakpoint: debug architecture 0x4 unsupported.
[    0.546020] omap4_sram_init:Unable to allocate sram needed to handle errata I688
[    0.546051] omap4_sram_init:Unable to get sram pool needed to handle errata I688
[    0.548065] OMAP DMA hardware revision 5.0
[    0.600189] omap-dma-engine 48056000.dma-controller: OMAP DMA engine driver
[    0.604949] reg-fixed-voltage wl12xx_vmmc: could not find pctldev for node /ocp/l4@48000000/scm@2000/pinmux@30/pinmux_wl12xx_gpio, deferring probe
[    0.612396] SCSI subsystem initialized
[    0.618194] omap_i2c 48070000.i2c: bus 0 rev4.4 at 2600 kHz
[    0.620208] omap_i2c 48072000.i2c: bus 1 rev4.4 at 400 kHz
[    0.622436] omap_i2c 48060000.i2c: bus 2 rev4.4 at 400 kHz
[    0.623107] pps_core: LinuxPPS API ver. 1 registered
[    0.623138] pps_core: Software ver. 5.3.6 - Copyright 2005-2007 Rodolfo Giometti <giometti@linux.it>
[    0.623260] PTP clock support registered
[    0.629333] clocksource: Switched to clocksource 32k_counter
[    0.854766] NET: Registered protocol family 2
[    0.857513] TCP established hash table entries: 2048 (order: 1, 8192 bytes)
[    0.857604] TCP bind hash table entries: 2048 (order: 4, 73728 bytes)
[    0.858734] TCP: Hash tables configured (established 2048 bind 2048)
[    0.858978] UDP hash table entries: 256 (order: 2, 20480 bytes)
[    0.859436] UDP-Lite hash table entries: 256 (order: 2, 20480 bytes)
[    0.860961] NET: Registered protocol family 1
[    0.863220] RPC: Registered named UNIX socket transport module.
[    0.863250] RPC: Registered udp transport module.
[    0.863250] RPC: Registered tcp transport module.
[    0.863281] RPC: Registered tcp NFSv4.1 backchannel transport module.
[    0.869873] hw perfevents: enabled with armv7_cortex_a8 PMU driver, 5 counters available
[    0.878112] futex hash table entries: 256 (order: 2, 16384 bytes)
[    0.878448] audit: initializing netlink subsys (disabled)
[    0.878753] audit: type=2000 audit(0.860:1): initialized
[    0.885131] VFS: Disk quotas dquot_6.6.0
[    0.885498] VFS: Dquot-cache hash table entries: 1024 (order 0, 4096 bytes)
[    0.888793] NFS: Registering the id_resolver key type
[    0.889556] Key type id_resolver registered
[    0.889587] Key type id_legacy registered
[    0.889862] jffs2: version 2.2. (NAND) (SUMMARY)   2001-2006 Red Hat, Inc.
[    0.897613] io scheduler noop registered
[    0.897674] io scheduler deadline registered
[    0.897735] io scheduler cfq registered (default)
[    0.901550] pinctrl-single 48002030.pinmux: 284 pins at pa fa002030 size 568
[    0.902404] pinctrl-single 48002a00.pinmux: 46 pins at pa fa002a00 size 92
[    0.903625] pinctrl-single 480025a0.pinmux: 46 pins at pa fa0025a0 size 92
[    0.911437] Serial: 8250/16550 driver, 4 ports, IRQ sharing enabled
[    0.921691] 4806a000.serial: ttyO0 at MMIO 0x4806a000 (irq = 88, base_baud = 3000000) is a OMAP UART0
[    1.746490] console [ttyO0] enabled
[    1.753601] 4806c000.serial: ttyO1 at MMIO 0x4806c000 (irq = 89, base_baud = 3000000) is a OMAP UART1
[    1.766601] 49020000.serial: ttyO2 at MMIO 0x49020000 (irq = 90, base_baud = 3000000) is a OMAP UART2
[    1.778747] omap_uart 49042000.serial: no wakeirq for uart3
[    1.785247] 49042000.serial: ttyO3 at MMIO 0x49042000 (irq = 96, base_baud = 3000000) is a OMAP UART3
[    1.849792] brd: module loaded
[    1.885467] loop: module loaded
[    1.917236] twl 0-0048: PIH (irq 23) chaining IRQs 341..349
[    1.923736] twl 0-0048: power (irq 346) chaining IRQs 349..356
[    1.993621] twl4030_gpio twl4030-gpio: gpio (irq 341) chaining IRQs 357..374
[    2.081329] mtdoops: mtd device (mtddev=name/number) must be supplied
[    2.090698] nand: Could not find valid ONFI parameter page; aborting
[    2.097473] nand: device found, Manufacturer ID: 0xad, Chip ID: 0xbc
[    2.104248] nand: Hynix NAND 512MiB 1,8V 16-bit
[    2.109008] nand: 512 MiB, SLC, erase size: 128 KiB, page size: 2048, OOB size: 64
[    2.117034] nand: using OMAP_ECC_BCH8_CODE_HW_DETECTION_SW
[    2.125518] NAND 512MiB 1,8V 16-bit: 'partitions' subnode not found on /ocp/gpmc@6e000000/nand@0,0. Trying to parse direct subnodes as partitions.
[    2.139587] 5 ofpart partitions found on MTD device NAND 512MiB 1,8V 16-bit
[    2.146942] Creating 5 MTD partitions on "NAND 512MiB 1,8V 16-bit":
[    2.153625] 0x000000000000-0x000000080000 : "X-Loader"
[    2.168182] 0x000000080000-0x000000240000 : "U-Boot"
[    2.180755] 0x000000240000-0x000000280000 : "Environment"
[    2.192291] 0x000000280000-0x000000780000 : "Kernel"
[    2.207275] 0x000000780000-0x000020000000 : "Filesystem"
[    2.717407] libphy: smsc911x-mdio: probed
[    2.722320] smsc911x 2c000000.ethernet eth0: attached PHY driver [SMSC LAN8700] (mii_bus:phy_addr=2c000000.etherne:01, irq=-1)
[    2.734710] smsc911x 2c000000.ethernet eth0: MAC Address: 00:50:c2:7e:93:ba
[    2.748535] mousedev: PS/2 mouse device common for all mice
[    2.754577] i2c /dev entries driver
[    2.813903] ledtrig-cpu: registered to indicate activity on CPUs
[    2.822601] oprofile: using arm/armv7
[    2.827453] Initializing XFRM netlink socket
[    2.832641] NET: Registered protocol family 10
[    2.842864] sit: IPv6 over IPv4 tunneling driver
[    2.851226] NET: Registered protocol family 17
[    2.856018] NET: Registered protocol family 15
[    2.861419] Key type dns_resolver registered
[    2.866302] omap2_set_init_voltage: unable to find boot up OPP for vdd_mpu_iva
[    2.873992] omap2_set_init_voltage: unable to set vdd_mpu_iva
[    2.880157] omap2_set_init_voltage: unable to find boot up OPP for vdd_core
[    2.887481] omap2_set_init_voltage: unable to set vdd_core
[    2.898590] ThumbEE CPU extension supported.
[    2.903259] Registering SWP/SWPB emulation handler
[    2.908325] SmartReflex Class3 initialized
[    2.933044] vwl1271: supplied by VMMC2
[    3.062591] hctosys: unable to open rtc device (rtc0)
[    3.067932] sr_init: No PMIC hook to init smartreflex
[    3.074005] smartreflex smartreflex.0: omap_sr_probe: SmartReflex driver initialized
[    3.083251] smartreflex smartreflex.1: omap_sr_probe: SmartReflex driver initialized
[    3.183502] smsc911x 2c000000.ethernet eth0: SMSC911x/921x identified at 0xd081e000, IRQ: 288
[    3.193023] IPv6: ADDRCONF(NETDEV_UP): eth0: link is not ready
[    3.209594] mmc0: host does not support reading read-only switch, assuming write-enable
[    3.220397] mmc0: new high speed SDHC card at address b368
[    3.230072] mmcblk0: mmc0:b368 SDC   3.74 GiB 
[    3.240325]  mmcblk0: p1 p2 p3
[    3.255706] omap_hsmmc 480b4000.mmc: card claims to support voltages below defined range
[    3.283325] mmc1: queuing unknown CIS tuple 0x91 (3 bytes)
[    3.294281] mmc1: new SDIO card at address 0001
[    5.740539] IPv6: ADDRCONF(NETDEV_CHANGE): eth0: link becomes ready
[    5.760803] Sending DHCP requests ., OK
[    5.819915] IP-Config: Got DHCP answer from 192.168.0.1, my address is 192.168.0.119
[    5.828826] IP-Config: Complete:
[    5.832366]      device=eth0, hwaddr=00:50:c2:7e:93:ba, ipaddr=192.168.0.119, mask=255.255.255.0, gw=192.168.0.1
[    5.843170]      host=192.168.0.119, domain=tim.com, nis-domain=(none)
[    5.850097]      bootserver=192.168.0.1, rootserver=192.168.0.1, rootpath=
[    5.857147]      nameserver0=192.0.2.2, nameserver1=192.0.2.3
[    5.863830] lcd_3v3: disabling
[    5.870910] VUSB3V1: disabling
[    5.874694] vwl1271: disabling
[    5.888183] EXT4-fs (mmcblk0p2): mounting ext3 file system using the ext4 subsystem
[    5.918914] EXT4-fs (mmcblk0p2): warning: maximal mount count reached, running e2fsck is recommended
[    6.290039] EXT4-fs (mmcblk0p2): mounted filesystem with ordered data mode. Opts: (null)
[    6.298797] VFS: Mounted root (ext3 filesystem) on device 179:2.
[    6.313232] devtmpfs: mounted
[    6.317565] Freeing unused kernel memory: 452K (c08ad000 - c091e000)
INIT: version 2.86 booting
Please wait: booting...
Error opening /dev/fb0: No such file or directory
Starting udev
WARNING: -e needs -E or -F
[    7.540191] udevd (119): /proc/119/oom_adj is deprecated, please use /proc/119/oom_score_adj instead.
[   23.412628] EXT4-fs (mmcblk0p3): mounting ext3 file system using the ext4 subsystem
[   23.444488] EXT4-fs (mmcblk0p3): warning: maximal mount count reached, running e2fsck is recommended
[   23.526275] EXT4-fs (mmcblk0p3): mounted filesystem with ordered data mode. Opts: (null)
[   23.541229] FAT-fs (mmcblk0p1): Volume was not properly unmounted. Some data may be corrupt. Please run fsck.
[   23.728546] alignment: ignoring faults is unsafe on this CPU.  Defaulting to fixup mode.
Remounting root file system...
[   23.899627] EXT4-fs (mmcblk0p2): re-mounted. Opts: (null)
Caching udev devnodes
logger: mount: mount point /proc/bus/usb does not exist
ALSA: Restoring mixer settings...
/usr/sbin/alsactl: load_state:1625: No soundcards found...
Configuring network interfaces... [   25.659973] random: nonblocking pool is initialized
[   26.835174] smsc911x 2c000000.ethernet eth0: SMSC911x/921x identified at 0xd081e000, IRQ: 288
[   26.845275] IPv6: ADDRCONF(NETDEV_UP): eth0: link is not ready
eth0      no wireless extensions.
udhcpc (v1.13.2) started
Sending discover...
[   28.740356] IPv6: ADDRCONF(NETDEV_CHANGE): eth0: link becomes ready
Sending discover...
Sending select for 192.168.0.58...
Lease of 192.168.0.58 obtained, lease time 600
adding dns 192.0.2.2
adding dns 192.0.2.3
done.
Setting up IP spoofing protection: rp_filter.
hwclock: can't open '/dev/misc/rtc': No such file or directory
Thu May  7 21:50:00 UTC 2015
hwclock: can't open '/dev/misc/rtc': No such file or directory
INIT: Entering runlevel: 5
Starting system message bus: dbus.
Starting Hardware abstraction layer hald
[   34.321716] ecc unrecoverable error
[   34.325531] ecc unrecoverable error
[   34.329559] ecc unrecoverable error
[   34.333312] ecc unrecoverable error
[   34.337249] blk_update_request: I/O error, dev mtdblock0, sector 0
[   34.456909] ecc unrecoverable error
[   34.460937] ecc unrecoverable error
[   34.464721] ecc unrecoverable error
[   34.468444] ecc unrecoverable error
[   34.472229] blk_update_request: I/O error, dev mtdblock0, sector 0
[   34.479095] Buffer I/O error on dev mtdblock0, logical block 0, async page read
[   34.550170] ecc unrecoverable error
[   34.553985] ecc unrecoverable error
[   34.557769] ecc unrecoverable error
[   34.561706] ecc unrecoverable error
[   34.565429] blk_update_request: I/O error, dev mtdblock1, sector 3456
[   34.600036] ecc unrecoverable error
[   34.603851] ecc unrecoverable error
[   34.607543] blk_update_request: I/O error, dev mtdblock2, sector 0
[   34.630859] ecc unrecoverable error
[   34.634674] ecc unrecoverable error
[   34.638397] blk_update_request: I/O error, dev mtdblock3, sector 10112
[   34.660034] ecc unrecoverable error
[   34.663848] ecc unrecoverable error
[   34.667633] ecc unrecoverable error
[   34.671478] ecc unrecoverable error
[   34.675201] blk_update_request: I/O error, dev mtdblock0, sector 0
[   34.681732] Buffer I/O error on dev mtdblock0, logical block 0, async page read
[   34.745025] ecc unrecoverable error
[   34.748870] ecc unrecoverable error
[   34.752990] ecc unrecoverable error
[   34.756774] ecc unrecoverable error
[   34.760589] blk_update_request: I/O error, dev mtdblock1, sector 3456
[   34.767395] Buffer I/O error on dev mtdblock1, logical block 432, async page read
[   34.812683] ecc unrecoverable error
[   34.816589] ecc unrecoverable error
[   34.820465] blk_update_request: I/O error, dev mtdblock2, sector 0
[   34.826995] Buffer I/O error on dev mtdblock2, logical block 0, async page read
[   34.912658] ecc unrecoverable error
[   34.916503] ecc unrecoverable error
[   34.920440] blk_update_request: I/O error, dev mtdblock3, sector 10112
[   34.927337] Buffer I/O error on dev mtdblock3, logical block 1264, async page read
[   34.997833] ecc unrecoverable error
[   35.001922] ecc unrecoverable error
[   35.005706] ecc unrecoverable error
[   35.009552] ecc unrecoverable error
[   35.013275] blk_update_request: I/O error, dev mtdblock0, sector 0
[   35.019805] Buffer I/O error on dev mtdblock0, logical block 0, async page read
[   35.029174] ecc unrecoverable error
[   35.033203] ecc unrecoverable error
[   35.037017] ecc unrecoverable error
[   35.040863] ecc unrecoverable error
[   35.045318] ecc unrecoverable error
[   35.049133] ecc unrecoverable error
[   35.052947] Buffer I/O error on dev mtdblock2, logical block 0, async page read
[   35.061492] ecc unrecoverable error
[   35.065826] ecc unrecoverable error
[   35.069732] ecc unrecoverable error
[   35.074127] ecc unrecoverable error
[   35.077911] ecc unrecoverable error
[   35.081817] ecc unrecoverable error
[   35.085571] ecc unrecoverable error
[   35.089324] Buffer I/O error on dev mtdblock0, logical block 0, async page read
[   35.098419] ecc unrecoverable error
[   35.102355] ecc unrecoverable error
[   35.106140] ecc unrecoverable error
[   35.109985] ecc unrecoverable error
[   35.113708] Buffer I/O error on dev mtdblock1, logical block 446, async page read
[   35.122497] ecc unrecoverable error
[   35.126312] ecc unrecoverable error
[   35.130126] Buffer I/O error on dev mtdblock2, logical block 0, async page read
[   35.138549] ecc unrecoverable error
[   35.143066] ecc unrecoverable error
[   35.146881] ecc unrecoverable error
[   35.151336] ecc unrecoverable error
[   35.155120] ecc unrecoverable error
[   35.158905] ecc unrecoverable error
[   35.162750] ecc unrecoverable error
[   35.167144] ecc unrecoverable error
[   35.170989] ecc unrecoverable error
[   35.174743] ecc unrecoverable error
[   35.178527] ecc unrecoverable error
[   35.182891] ecc unrecoverable error
[   35.186676] ecc unrecoverable error
[   35.191894] ecc unrecoverable error
[   35.195678] ecc unrecoverable error
[   35.200042] ecc unrecoverable error
[   35.203826] ecc unrecoverable error
[   35.207611] ecc unrecoverable error
[   35.211425] ecc unrecoverable error
[   35.215759] ecc unrecoverable error
[   35.219604] ecc unrecoverable error
[   35.223388] ecc unrecoverable error
[   35.227142] ecc unrecoverable error
[   35.231658] ecc unrecoverable error
[   35.235443] ecc unrecoverable error
[   35.240661] ecc unrecoverable error
[   35.244476] ecc unrecoverable error
[   35.248840] ecc unrecoverable error
[   35.252685] ecc unrecoverable error
[   35.256500] ecc unrecoverable error
[   35.260284] ecc unrecoverable error
[   35.264587] ecc unrecoverable error
[   35.268341] ecc unrecoverable error
[   35.272216] ecc unrecoverable error
[   35.276000] ecc unrecoverable error
[   35.280334] ecc unrecoverable error
[   35.284118] ecc unrecoverable error
[   35.291046] ecc unrecoverable error
[   35.294830] ecc unrecoverable error
[   35.299438] ecc unrecoverable error
[   35.303253] ecc unrecoverable error
[   35.307037] ecc unrecoverable error
[   35.310852] ecc unrecoverable error
[   35.315307] ecc unrecoverable error
[   35.319122] ecc unrecoverable error
[   35.322998] ecc unrecoverable error
[   35.326812] ecc unrecoverable error
[   35.332885] ecc unrecoverable error
[   35.336700] ecc unrecoverable error
[   35.342163] ecc unrecoverable error
[   35.345977] ecc unrecoverable error
[   35.352233] ecc unrecoverable error
[   35.356048] ecc unrecoverable error
[   35.359985] ecc unrecoverable error
[   35.363769] ecc unrecoverable error
[   35.368255] ecc unrecoverable error
[   35.372161] ecc unrecoverable error
[   35.375946] ecc unrecoverable error
[   35.379791] ecc unrecoverable error
[   35.384246] ecc unrecoverable error
[   35.388031] ecc unrecoverable error
[   35.392517] ecc unrecoverable error
[   35.396789] ecc unrecoverable error
[   35.400665] ecc unrecoverable error
[   35.404998] ecc unrecoverable error
[   35.408782] ecc unrecoverable error
[   35.412658] ecc unrecoverable error
[   35.416412] ecc unrecoverable error
[   35.420715] ecc unrecoverable error
[   35.424499] ecc unrecoverable error
[   35.428283] ecc unrecoverable error
[   35.432159] ecc unrecoverable error
[   35.436431] ecc unrecoverable error
[   35.440277] ecc unrecoverable error
[   35.444519] ecc unrecoverable error
[   35.449340] ecc unrecoverable error
[   35.453124] ecc unrecoverable error
[   35.457458] ecc unrecoverable error
[   35.461303] ecc unrecoverable error
[   35.465087] ecc unrecoverable error
[   35.468841] ecc unrecoverable error
[   35.473236] ecc unrecoverable error
[   35.477020] ecc unrecoverable error
[   35.480895] ecc unrecoverable error
[   35.484680] ecc unrecoverable error
[   35.489013] ecc unrecoverable error
[   35.492858] ecc unrecoverable error
[   35.497161] ecc unrecoverable error
[   35.501556] ecc unrecoverable error
[   35.505371] ecc unrecoverable error
[   35.509796] ecc unrecoverable error
[   35.513580] ecc unrecoverable error
[   35.517364] ecc unrecoverable error
[   35.521179] ecc unrecoverable error
[   35.525512] ecc unrecoverable error
[   35.529357] ecc unrecoverable error
[   35.533142] ecc unrecoverable error
[   35.536926] ecc unrecoverable error
[   35.541290] ecc unrecoverable error
[   35.545074] ecc unrecoverable error
[   35.549468] ecc unrecoverable error
[   35.553802] ecc unrecoverable error
[   35.557617] ecc unrecoverable error
[   35.561981] ecc unrecoverable error
[   35.565765] ecc unrecoverable error
[   35.569610] ecc unrecoverable error
[   35.573364] ecc unrecoverable error
[   35.577606] ecc unrecoverable error
[   35.581481] ecc unrecoverable error
[   35.585266] ecc unrecoverable error
[   35.589050] ecc unrecoverable error
[   35.593414] ecc unrecoverable error
[   35.597198] ecc unrecoverable error
[   35.601562] ecc unrecoverable error
[   35.605895] ecc unrecoverable error
[   35.609771] ecc unrecoverable error
[   35.614135] ecc unrecoverable error
[   35.617919] ecc unrecoverable error
[   35.621765] ecc unrecoverable error
[   35.625518] ecc unrecoverable error
[   35.629913] ecc unrecoverable error
[   35.633728] ecc unrecoverable error
[   35.637512] ecc unrecoverable error
[   35.641357] ecc unrecoverable error
[   35.645782] ecc unrecoverable error
[   35.649627] ecc unrecoverable error
[   35.653961] ecc unrecoverable error
[   35.658294] ecc unrecoverable error
[   35.662139] ecc unrecoverable error
[   35.666473] ecc unrecoverable error
[   35.670318] ecc unrecoverable error
[   35.674072] ecc unrecoverable error
[   35.677856] ecc unrecoverable error
[   35.682220] ecc unrecoverable error
[   35.686035] ecc unrecoverable error
[   35.689880] ecc unrecoverable error
[   35.693664] ecc unrecoverable error
[   35.697998] ecc unrecoverable error
[   35.701843] ecc unrecoverable error
[   35.706115] ecc unrecoverable error
[   35.710510] ecc unrecoverable error
[   35.714324] ecc unrecoverable error
[   35.718627] ecc unrecoverable error
[   35.722473] ecc unrecoverable error
[   35.726226] ecc unrecoverable error
[   35.730072] ecc unrecoverable error
[   35.734344] ecc unrecoverable error
[   35.738098] ecc unrecoverable error
[   35.741973] ecc unrecoverable error
[   35.745758] ecc unrecoverable error
[   35.750061] ecc unrecoverable error
[   35.753814] ecc unrecoverable error
[   35.758117] ecc unrecoverable error
[   35.762481] ecc unrecoverable error
[   35.766265] ecc unrecoverable error
[   35.770660] ecc unrecoverable error
[   35.774444] ecc unrecoverable error
[   35.778198] ecc unrecoverable error
[   35.782043] ecc unrecoverable error
[   35.786376] ecc unrecoverable error
[   35.790191] ecc unrecoverable error
[   35.793975] ecc unrecoverable error
[   35.797760] ecc unrecoverable error
[   35.802124] ecc unrecoverable error
[   35.805908] ecc unrecoverable error
[   35.810241] ecc unrecoverable error
[   35.814636] ecc unrecoverable error
[   35.818389] ecc unrecoverable error
[   35.822784] ecc unrecoverable error
[   35.826568] ecc unrecoverable error
[   35.830383] ecc unrecoverable error
[   35.834167] ecc unrecoverable error
[   35.838470] ecc unrecoverable error
[   35.842346] ecc unrecoverable error
[   35.846130] ecc unrecoverable error
[   35.849975] ecc unrecoverable error
[   35.854309] ecc unrecoverable error
[   35.858062] ecc unrecoverable error
[   35.862426] ecc unrecoverable error
[   35.866760] ecc unrecoverable error
[   35.870605] ecc unrecoverable error
[   35.874908] ecc unrecoverable error
[   35.878692] ecc unrecoverable error
[   35.882507] ecc unrecoverable error
[   35.886291] ecc unrecoverable error
[   35.890594] ecc unrecoverable error
[   35.894409] ecc unrecoverable error
[   35.898193] ecc unrecoverable error
[   35.902038] ecc unrecoverable error
[   35.906341] ecc unrecoverable error
[   35.910186] ecc unrecoverable error
[   35.914489] ecc unrecoverable error
[   35.918823] ecc unrecoverable error
[   35.922668] ecc unrecoverable error
[   35.927001] ecc unrecoverable error
[   35.930847] ecc unrecoverable error
[   35.934631] ecc unrecoverable error
[   35.938385] ecc unrecoverable error
[   35.942779] ecc unrecoverable error
[   35.946563] ecc unrecoverable error
[   35.950408] ecc unrecoverable error
[   35.954193] ecc unrecoverable error
[   35.958496] ecc unrecoverable error
[   35.962341] ecc unrecoverable error
[   35.966583] ecc unrecoverable error
[   35.970977] ecc unrecoverable error
[   35.974761] ecc unrecoverable error
[   35.979064] ecc unrecoverable error
[   35.982940] ecc unrecoverable error
[   35.986694] ecc unrecoverable error
[   35.990539] ecc unrecoverable error
[   35.994842] ecc unrecoverable error
[   35.998626] ecc unrecoverable error
[   36.002471] ecc unrecoverable error
[   36.006256] ecc unrecoverable error
[   36.010620] ecc unrecoverable error
[   36.014373] ecc unrecoverable error
[   36.018676] ecc unrecoverable error
[   36.023071] ecc unrecoverable error
[   36.026855] ecc unrecoverable error
[   36.031219] ecc unrecoverable error
[   36.035003] ecc unrecoverable error
[   36.038757] ecc unrecoverable error
[   36.042602] ecc unrecoverable error
[   36.046874] ecc unrecoverable error
[   36.050720] ecc unrecoverable error
[   36.054473] ecc unrecoverable error
[   36.058258] ecc unrecoverable error
[   36.062561] ecc unrecoverable error
[   36.066314] ecc unrecoverable error
[   36.070983] ecc unrecoverable error
[   36.075347] ecc unrecoverable error
[   36.079132] ecc unrecoverable error
[   36.083740] ecc unrecoverable error
[   36.087524] ecc unrecoverable error
[   36.091369] ecc unrecoverable error
[   36.095153] ecc unrecoverable error
[   36.099609] ecc unrecoverable error
[   36.103424] ecc unrecoverable error
[   36.107177] ecc unrecoverable error
[   36.111022] ecc unrecoverable error
[   36.115386] ecc unrecoverable error
[   36.119140] ecc unrecoverable error
[   36.123535] ecc unrecoverable error
[   36.127868] ecc unrecoverable error
[   36.131713] ecc unrecoverable error
[   36.136047] ecc unrecoverable error
[   36.139892] ecc unrecoverable error
[   36.143676] ecc unrecoverable error
[   36.147430] ecc unrecoverable error
[   36.151763] ecc unrecoverable error
[   36.155548] ecc unrecoverable error
[   36.159393] ecc unrecoverable error
[   36.163177] ecc unrecoverable error
[   36.167480] ecc unrecoverable error
[   36.171325] ecc unrecoverable error
[   36.175628] ecc unrecoverable error
[   36.180023] ecc unrecoverable error
[   36.183807] ecc unrecoverable error
[   36.188110] ecc unrecoverable error
[   36.191955] ecc unrecoverable error
[   36.195739] ecc unrecoverable error
[   36.199554] ecc unrecoverable error
[   36.203796] ecc unrecoverable error
[   36.207580] ecc unrecoverable error
[   36.211425] ecc unrecoverable error
[   36.215209] ecc unrecoverable error
[   36.219543] ecc unrecoverable error
[   36.223327] ecc unrecoverable error
[   36.227569] ecc unrecoverable error
[   36.231933] ecc unrecoverable error
[   36.235717] ecc unrecoverable error
[   36.240112] ecc unrecoverable error
[   36.243896] ecc unrecoverable error
[   36.247680] ecc unrecoverable error
[   36.251495] ecc unrecoverable error
[   36.255798] ecc unrecoverable error
[   36.259643] ecc unrecoverable error
[   36.263397] ecc unrecoverable error
[   36.267181] ecc unrecoverable error
[   36.271545] ecc unrecoverable error
[   36.275329] ecc unrecoverable error
[   36.279754] ecc unrecoverable error
[   36.284088] ecc unrecoverable error
[   36.287872] ecc unrecoverable error
[   36.292236] ecc unrecoverable error
[   36.296020] ecc unrecoverable error
[   36.299865] ecc unrecoverable error
[   36.303619] ecc unrecoverable error
[   36.307922] ecc unrecoverable error
[   36.311767] ecc unrecoverable error
[   36.315551] ecc unrecoverable error
[   36.319366] ecc unrecoverable error
[   36.323730] ecc unrecoverable error
[   36.327545] ecc unrecoverable error
[   36.331878] ecc unrecoverable error
[   36.336212] ecc unrecoverable error
[   36.340057] ecc unrecoverable error
[   36.344451] ecc unrecoverable error
[   36.348236] ecc unrecoverable error
[   36.352111] ecc unrecoverable error
[   36.355865] ecc unrecoverable error
[   36.360198] ecc unrecoverable error
[   36.363983] ecc unrecoverable error
[   36.367767] ecc unrecoverable error
[   36.371612] ecc unrecoverable error
[   36.375885] ecc unrecoverable error
[   36.379730] ecc unrecoverable error
[   36.384033] ecc unrecoverable error
[   36.388366] ecc unrecoverable error
[   36.392242] ecc unrecoverable error
[   36.396484] ecc unrecoverable error
[   36.400329] ecc unrecoverable error
[   36.404113] ecc unrecoverable error
[   36.407897] ecc unrecoverable error
[   36.412292] ecc unrecoverable error
[   36.416076] ecc unrecoverable error
[   36.419891] ecc unrecoverable error
[   36.423675] ecc unrecoverable error
[   36.428009] ecc unrecoverable error
[   36.431854] ecc unrecoverable error
[   36.436187] ecc unrecoverable error
[   36.440582] ecc unrecoverable error
[   36.444366] ecc unrecoverable error
[   36.448669] ecc unrecoverable error
[   36.452545] ecc unrecoverable error
[   36.456329] ecc unrecoverable error
[   36.460113] ecc unrecoverable error
[   36.464447] ecc unrecoverable error
[   36.468231] ecc unrecoverable error
[   36.472045] ecc unrecoverable error
[   36.475830] ecc unrecoverable error
[   36.480194] ecc unrecoverable error
[   36.483978] ecc unrecoverable error
[   36.488281] ecc unrecoverable error
[   36.492767] ecc unrecoverable error
[   36.496582] ecc unrecoverable error
[   36.500946] ecc unrecoverable error
[   36.504730] ecc unrecoverable error
[   36.508514] ecc unrecoverable error
[   36.512329] ecc unrecoverable error
[   36.516601] ecc unrecoverable error
[   36.520446] ecc unrecoverable error
[   36.524200] ecc unrecoverable error
[   36.527984] ecc unrecoverable error
[   36.532287] ecc unrecoverable error
[   36.536071] ecc unrecoverable error
[   36.541259] ecc unrecoverable error
[   36.545043] ecc unrecoverable error
[   36.549468] ecc unrecoverable error
[   36.553283] ecc unrecoverable error
[   36.557037] ecc unrecoverable error
[   36.560852] ecc unrecoverable error
[   36.565185] ecc unrecoverable error
[   36.568969] ecc unrecoverable error
[   36.572814] ecc unrecoverable error
[   36.576599] ecc unrecoverable error
[   36.580963] ecc unrecoverable error
[   36.584747] ecc unrecoverable error
[   36.589904] ecc unrecoverable error
[   36.593719] ecc unrecoverable error
[   36.598052] ecc unrecoverable error
[   36.601898] ecc unrecoverable error
[   36.605682] ecc unrecoverable error
[   36.609497] ecc unrecoverable error
[   36.613830] ecc unrecoverable error
[   36.617614] ecc unrecoverable error
[   36.621429] ecc unrecoverable error
[   36.625213] ecc unrecoverable error
[   36.629638] ecc unrecoverable error
[   36.633422] ecc unrecoverable error
[   36.638488] ecc unrecoverable error
[   36.642364] ecc unrecoverable error
[   36.646606] ecc unrecoverable error
[   36.650451] ecc unrecoverable error
[   36.654266] ecc unrecoverable error
[   36.657989] ecc unrecoverable error
[   36.662292] ecc unrecoverable error
[   36.666076] ecc unrecoverable error
[   36.669921] ecc unrecoverable error
[   36.673706] ecc unrecoverable error
[   36.677947] ecc unrecoverable error
[   36.681793] ecc unrecoverable error
[   36.686035] ecc unrecoverable error
[   36.690429] ecc unrecoverable error
[   36.694213] ecc unrecoverable error
[   36.698516] ecc unrecoverable error
[   36.702392] ecc unrecoverable error
[   36.706176] ecc unrecoverable error
[   36.709960] ecc unrecoverable error
[   36.714294] ecc unrecoverable error
[   36.718078] ecc unrecoverable error
[   36.721893] ecc unrecoverable error
[   36.725677] ecc unrecoverable error
[   36.730041] ecc unrecoverable error
[   36.733825] ecc unrecoverable error
[   36.738128] ecc unrecoverable error
[   36.742523] ecc unrecoverable error
[   36.746307] ecc unrecoverable error
[   36.750671] ecc unrecoverable error
[   36.754455] ecc unrecoverable error
[   36.758239] ecc unrecoverable error
[   36.762054] ecc unrecoverable error
[   36.766387] ecc unrecoverable error
[   36.770233] ecc unrecoverable error
[   36.773986] ecc unrecoverable error
[   36.777770] ecc unrecoverable error
[   36.782135] ecc unrecoverable error
[   36.785919] ecc unrecoverable error
[   36.790252] ecc unrecoverable error
[   36.794586] ecc unrecoverable error
[   36.798370] ecc unrecoverable error
[   36.802734] ecc unrecoverable error
[   36.806518] ecc unrecoverable error
[   36.810363] ecc unrecoverable error
[   36.814117] ecc unrecoverable error
[   36.818359] ecc unrecoverable error
[   36.822235] ecc unrecoverable error
[   36.825988] ecc unrecoverable error
[   36.829803] ecc unrecoverable error
[   36.834075] ecc unrecoverable error
[   36.837860] ecc unrecoverable error
[   36.842224] ecc unrecoverable error
[   36.846527] ecc unrecoverable error
[   36.850402] ecc unrecoverable error
[   36.854705] ecc unrecoverable error
[   36.858489] ecc unrecoverable error
[   36.862335] ecc unrecoverable error
[   36.866088] ecc unrecoverable error
[   36.870452] ecc unrecoverable error
[   36.874206] ecc unrecoverable error
[   36.877990] ecc unrecoverable error
[   36.881835] ecc unrecoverable error
[   36.886138] ecc unrecoverable error
[   36.889984] ecc unrecoverable error
[   36.894287] ecc unrecoverable error
[   36.898590] ecc unrecoverable error
[   36.902465] ecc unrecoverable error
[   36.906707] ecc unrecoverable error
[   36.910552] ecc unrecoverable error
[   36.914337] ecc unrecoverable error
[   36.918090] ecc unrecoverable error
[   36.922424] ecc unrecoverable error
[   36.926208] ecc unrecoverable error
[   36.930053] ecc unrecoverable error
[   36.933837] ecc unrecoverable error
[   36.938140] ecc unrecoverable error
[   36.941986] ecc unrecoverable error
[   36.946228] ecc unrecoverable error
[   36.950622] ecc unrecoverable error
[   36.954406] ecc unrecoverable error
[   36.958709] ecc unrecoverable error
[   36.962554] ecc unrecoverable error
[   36.966339] ecc unrecoverable error
[   36.970153] ecc unrecoverable error
[   36.974395] ecc unrecoverable error
[   36.978179] ecc unrecoverable error
[   36.982025] ecc unrecoverable error
[   36.985809] ecc unrecoverable error
[   36.990112] ecc unrecoverable error
[   36.993896] ecc unrecoverable error
[   36.998168] ecc unrecoverable error
[   37.002563] ecc unrecoverable error
[   37.006347] ecc unrecoverable error
[   37.010711] ecc unrecoverable error
[   37.014495] ecc unrecoverable error
[   37.018280] ecc unrecoverable error
[   37.022094] ecc unrecoverable error
[   37.026397] ecc unrecoverable error
[   37.030242] ecc unrecoverable error
[   37.034027] ecc unrecoverable error
[   37.037811] ecc unrecoverable error
[   37.042175] ecc unrecoverable error
[   37.045959] ecc unrecoverable error
[   37.050323] ecc unrecoverable error
[   37.054687] ecc unrecoverable error
[   37.058471] ecc unrecoverable error
[   37.063995] ecc unrecoverable error
[   37.067840] ecc unrecoverable error
[   37.071777] ecc unrecoverable error
[   37.075531] ecc unrecoverable error
[   37.080871] ecc unrecoverable error
[   37.084686] ecc unrecoverable error
[   37.088470] ecc unrecoverable error
[   37.092346] ecc unrecoverable error
[   37.097167] ecc unrecoverable error
[   37.101043] ecc unrecoverable error
[   37.106231] ecc unrecoverable error
[   37.110107] ecc unrecoverable error
[   37.114776] ecc unrecoverable error
[   37.118560] ecc unrecoverable error
[   37.122772] ecc unrecoverable error
[   37.126556] ecc unrecoverable error
[   37.130950] ecc unrecoverable error
[   37.134735] ecc unrecoverable error
[   37.138519] ecc unrecoverable error
[   37.142395] ecc unrecoverable error
[   37.146728] ecc unrecoverable error
[   37.150604] ecc unrecoverable error
[   37.155761] ecc unrecoverable error
[   37.159637] ecc unrecoverable error
[   37.163970] ecc unrecoverable error
[   37.167755] ecc unrecoverable error
[   37.171600] ecc unrecoverable error
[   37.175354] ecc unrecoverable error
[   37.179840] ecc unrecoverable error
[   37.183654] ecc unrecoverable error
[   37.187438] ecc unrecoverable error
[   37.191284] ecc unrecoverable error
[   37.195648] ecc unrecoverable error
[   37.199493] ecc unrecoverable error
[   37.204559] ecc unrecoverable error
[   37.208374] ecc unrecoverable error
[   37.212768] ecc unrecoverable error
[   37.216552] ecc unrecoverable error
[   37.220397] ecc unrecoverable error
[   37.224151] ecc unrecoverable error
[   37.229156] ecc unrecoverable error
[   37.233032] ecc unrecoverable error
[   37.236816] ecc unrecoverable error
[   37.240631] ecc unrecoverable error
[   37.245025] ecc unrecoverable error
[   37.248840] ecc unrecoverable error
[   37.253234] ecc unrecoverable error
[   37.257629] ecc unrecoverable error
[   37.261505] ecc unrecoverable error
[   37.265838] ecc unrecoverable error
[   37.269714] ecc unrecoverable error
[   37.273498] ecc unrecoverable error
[   37.277252] ecc unrecoverable error
[   37.281585] ecc unrecoverable error
[   37.285400] ecc unrecoverable error
[   37.289276] ecc unrecoverable error
[   37.293060] ecc unrecoverable error
[   37.297393] ecc unrecoverable error
[   37.301239] ecc unrecoverable error
[   37.305541] ecc unrecoverable error
[   37.309967] ecc unrecoverable error
[   37.313751] ecc unrecoverable error
[   37.318115] ecc unrecoverable error
[   37.321990] ecc unrecoverable error
[   37.325775] ecc unrecoverable error
[   37.329559] ecc unrecoverable error
[   37.333953] ecc unrecoverable error
[   37.337738] ecc unrecoverable error
[   37.341613] ecc unrecoverable error
[   37.345397] ecc unrecoverable error
[   37.349822] ecc unrecoverable error
[   37.353607] ecc unrecoverable error
[   37.357910] ecc unrecoverable error
[   37.362304] ecc unrecoverable error
[   37.366088] ecc unrecoverable error
[   37.370483] ecc unrecoverable error
[   37.374298] ecc unrecoverable error
[   37.378082] ecc unrecoverable error
[   37.381927] ecc unrecoverable error
[   37.386291] ecc unrecoverable error
[   37.390167] ecc unrecoverable error
[   37.393951] ecc unrecoverable error
[   37.397735] ecc unrecoverable error
[   37.402099] ecc unrecoverable error
[   37.405883] ecc unrecoverable error
[   37.410278] ecc unrecoverable error
[   37.414611] ecc unrecoverable error
[   37.418395] ecc unrecoverable error
[   37.422790] ecc unrecoverable error
[   37.426544] ecc unrecoverable error
[   37.430389] ecc unrecoverable error
[   37.434173] ecc unrecoverable error
[   37.438446] ecc unrecoverable error
[   37.442321] ecc unrecoverable error
[   37.446105] ecc unrecoverable error
[   37.449920] ecc unrecoverable error
[   37.454254] ecc unrecoverable error
[   37.458038] ecc unrecoverable error
[   37.462432] ecc unrecoverable error
[   37.466766] ecc unrecoverable error
[   37.470611] ecc unrecoverable error
[   37.474975] ecc unrecoverable error
[   37.478759] ecc unrecoverable error
[   37.482604] ecc unrecoverable error
[   37.486358] ecc unrecoverable error
[   37.490722] ecc unrecoverable error
[   37.494537] ecc unrecoverable error
[   37.498291] ecc unrecoverable error
[   37.502166] ecc unrecoverable error
[   37.506500] ecc unrecoverable error
[   37.510345] ecc unrecoverable error
[   37.514648] ecc unrecoverable error
[   37.518981] ecc unrecoverable error
[   37.522827] ecc unrecoverable error
[   37.527099] ecc unrecoverable error
[   37.530944] ecc unrecoverable error
[   37.534729] ecc unrecoverable error
[   37.538482] ecc unrecoverable error
[   37.542846] ecc unrecoverable error
[   37.546630] ecc unrecoverable error
[   37.550476] ecc unrecoverable error
[   37.554260] ecc unrecoverable error
[   37.558593] ecc unrecoverable error
[   37.562438] ecc unrecoverable error
[   37.566680] ecc unrecoverable error
[   37.571075] ecc unrecoverable error
[   37.574859] ecc unrecoverable error
[   37.579284] ecc unrecoverable error
[   37.583068] ecc unrecoverable error
[   37.586853] ecc unrecoverable error
[   37.590667] ecc unrecoverable error
[   37.602691] ecc unrecoverable error
[   37.606506] ecc unrecoverable error
[   37.610473] ecc unrecoverable error
[   37.614257] ecc unrecoverable error
[   37.623565] ecc unrecoverable error
[   37.627380] ecc unrecoverable error
[   37.632141] ecc unrecoverable error
[   37.636566] ecc unrecoverable error
[   37.640533] ecc unrecoverable error
[   37.645233] ecc unrecoverable error
[   37.649017] ecc unrecoverable error
[   37.652923] ecc unrecoverable error
[   37.656707] ecc unrecoverable error
[   37.661224] ecc unrecoverable error
[   37.665008] ecc unrecoverable error
[   37.676055] ecc unrecoverable error
[   37.685089] ecc unrecoverable error
[   37.688903] ecc unrecoverable error
[   37.693695] ecc unrecoverable error
[   37.697479] ecc unrecoverable error
[   37.701385] ecc unrecoverable error
[   37.705169] ecc unrecoverable error
[   37.709930] ecc unrecoverable error
[   37.714355] ecc unrecoverable error
[   37.718139] ecc unrecoverable error
[   37.722686] ecc unrecoverable error
[   37.726470] ecc unrecoverable error
[   37.730346] ecc unrecoverable error
[   37.734161] ecc unrecoverable error
[   37.738525] ecc unrecoverable error
[   37.743041] ecc unrecoverable error
[   37.746795] ecc unrecoverable error
[   37.751190] ecc unrecoverable error
[   37.754974] ecc unrecoverable error
[   37.758758] ecc unrecoverable error
[   37.762603] ecc unrecoverable error
[   37.766906] ecc unrecoverable error
[   37.771240] ecc unrecoverable error
[   37.774993] ecc unrecoverable error
[   37.779388] ecc unrecoverable error
[   37.783172] ecc unrecoverable error
[   37.786956] ecc unrecoverable error
[   37.790802] ecc unrecoverable error
[   37.795104] ecc unrecoverable error
[   37.799560] ecc unrecoverable error
[   37.803344] ecc unrecoverable error
[   37.807769] ecc unrecoverable error
[   37.811645] ecc unrecoverable error
[   37.815429] ecc unrecoverable error
[   37.819305] ecc unrecoverable error
[   37.823547] ecc unrecoverable error
[   37.827880] ecc unrecoverable error
[   37.831726] ecc unrecoverable error
[   37.836059] ecc unrecoverable error
[   37.839904] ecc unrecoverable error
[   37.843719] ecc unrecoverable error
[   37.847473] ecc unrecoverable error
[   37.851806] ecc unrecoverable error
[   37.856109] ecc unrecoverable error
[   37.859954] ecc unrecoverable error
[   37.864257] ecc unrecoverable error
[   37.868041] ecc unrecoverable error
[   37.871887] ecc unrecoverable error
[   37.875671] ecc unrecoverable error
[   37.880004] ecc unrecoverable error
[   37.884246] ecc unrecoverable error
[   37.888000] ecc unrecoverable error
[   37.892303] ecc unrecoverable error
[   37.896087] ecc unrecoverable error
[   37.899932] ecc unrecoverable error
[   37.903717] ecc unrecoverable error
[   37.907989] ecc unrecoverable error
[   37.912384] ecc unrecoverable error
[   37.916168] ecc unrecoverable error
[   37.920501] ecc unrecoverable error
[   37.924316] ecc unrecoverable error
[   37.928131] ecc unrecoverable error
[   37.931976] ecc unrecoverable error
[   37.936553] ecc unrecoverable error
[   37.941009] ecc unrecoverable error
[   37.944793] ecc unrecoverable error
[   37.949096] ecc unrecoverable error
[   37.952941] ecc unrecoverable error
[   37.956726] ecc unrecoverable error
[   37.960571] ecc unrecoverable error
[   37.964813] ecc unrecoverable error
[   37.969116] ecc unrecoverable error
[   37.972961] ecc unrecoverable error
[   37.977294] ecc unrecoverable error
[   37.981140] ecc unrecoverable error
[   37.984893] ecc unrecoverable error
[   37.988677] ecc unrecoverable error
[   37.993011] ecc unrecoverable error
[   37.997314] ecc unrecoverable error
[   38.001190] ecc unrecoverable error
[   38.005493] ecc unrecoverable error
[   38.009338] ecc unrecoverable error
[   38.013092] ecc unrecoverable error
[   38.016876] ecc unrecoverable error
[   38.021209] ecc unrecoverable error
[   38.025512] ecc unrecoverable error
[   38.029388] ecc unrecoverable error
[   38.033691] ecc unrecoverable error
[   38.037445] ecc unrecoverable error
[   38.041290] ecc unrecoverable error
[   38.045074] ecc unrecoverable error
[   38.049468] ecc unrecoverable error
[   38.053802] ecc unrecoverable error
[   38.057586] ecc unrecoverable error
[   38.062286] ecc unrecoverable error
[   38.066070] ecc unrecoverable error
[   38.069946] ecc unrecoverable error
[   38.073760] ecc unrecoverable error
[   38.078155] ecc unrecoverable error
[   38.082672] ecc unrecoverable error
[   38.086456] ecc unrecoverable error
[   38.090972] ecc unrecoverable error
[   38.094757] ecc unrecoverable error
[   38.098510] ecc unrecoverable error
[   38.102386] ecc unrecoverable error
[   38.106750] ecc unrecoverable error
[   38.111083] ecc unrecoverable error
[   38.114898] ecc unrecoverable error
[   38.119323] ecc unrecoverable error
[   38.123107] ecc unrecoverable error
[   38.126892] ecc unrecoverable error
[   38.130737] ecc unrecoverable error
[   38.135375] ecc unrecoverable error
[   38.139801] ecc unrecoverable error
[   38.143615] ecc unrecoverable error
[   38.147949] ecc unrecoverable error
[   38.151794] ecc unrecoverable error
[   38.155578] ecc unrecoverable error
[   38.159423] ecc unrecoverable error
[   38.163726] ecc unrecoverable error
[   38.168060] ecc unrecoverable error
[   38.171905] ecc unrecoverable error
[   38.176208] ecc unrecoverable error
[   38.180053] ecc unrecoverable error
[   38.183837] ecc unrecoverable error
[   38.187622] ecc unrecoverable error
[   38.191894] ecc unrecoverable error
[   38.196197] ecc unrecoverable error
[   38.200073] ecc unrecoverable error
[   38.204376] ecc unrecoverable error
[   38.208129] ecc unrecoverable error
[   38.211975] ecc unrecoverable error
[   38.215759] ecc unrecoverable error
[   38.220092] ecc unrecoverable error
[   38.224395] ecc unrecoverable error
[   38.228179] ecc unrecoverable error
[   38.232482] ecc unrecoverable error
[   38.236267] ecc unrecoverable error
[   38.240112] ecc unrecoverable error
[   38.243896] ecc unrecoverable error
[   38.248168] ecc unrecoverable error
[   38.252563] ecc unrecoverable error
[   38.256347] ecc unrecoverable error
[   38.260711] ecc unrecoverable error
[   38.264495] ecc unrecoverable error
[   38.268280] ecc unrecoverable error
[   38.272125] ecc unrecoverable error
[   38.276397] ecc unrecoverable error
[   38.280761] ecc unrecoverable error
[   38.284545] ecc unrecoverable error
[   38.288879] ecc unrecoverable error
[   38.292724] ecc unrecoverable error
[   38.296508] ecc unrecoverable error
[   38.300323] ecc unrecoverable error
[   38.304626] ecc unrecoverable error
[   38.308929] ecc unrecoverable error
[   38.312774] ecc unrecoverable error
[   38.317077] ecc unrecoverable error
[   38.320922] ecc unrecoverable error
[   38.324707] ecc unrecoverable error
[   38.328491] ecc unrecoverable error
[   38.332733] ecc unrecoverable error
[   38.337036] ecc unrecoverable error
[   38.340911] ecc unrecoverable error
[   38.345214] ecc unrecoverable error
[   38.348968] ecc unrecoverable error
[   38.352813] ecc unrecoverable error
[   38.356597] ecc unrecoverable error
[   38.360931] ecc unrecoverable error
[   38.365234] ecc unrecoverable error
[   38.369049] ecc unrecoverable error
[   38.373382] ecc unrecoverable error
[   38.377166] ecc unrecoverable error
[   38.381011] ecc unrecoverable error
[   38.384796] ecc unrecoverable error
[   38.389068] ecc unrecoverable error
[   38.400726] ecc unrecoverable error
[   38.404541] ecc unrecoverable error
[   38.413421] ecc unrecoverable error
[   38.417236] ecc unrecoverable error
[   38.421203] ecc unrecoverable error
[   38.424987] ecc unrecoverable error
[   38.429931] ecc unrecoverable error
[   38.433746] ecc unrecoverable error
[   38.438140] ecc unrecoverable error
[   38.442047] ecc unrecoverable error
[   38.445831] ecc unrecoverable error
[   38.449676] ecc unrecoverable error
[   38.454071] ecc unrecoverable error
[   38.457855] ecc unrecoverable error
[   38.462280] ecc unrecoverable error
[   38.466064] ecc unrecoverable error
[   38.469940] ecc unrecoverable error
[   38.473724] ecc unrecoverable error
[   38.478118] ecc unrecoverable error
[   38.481964] ecc unrecoverable error
[   38.486297] ecc unrecoverable error
[   38.490142] ecc unrecoverable error
[   38.493927] ecc unrecoverable error
[   38.497680] ecc unrecoverable error
[   38.502105] ecc unrecoverable error
[   38.505889] ecc unrecoverable error
[   38.510253] ecc unrecoverable error
[   38.514038] ecc unrecoverable error
[   38.517822] ecc unrecoverable error
[   38.521667] ecc unrecoverable error
[   38.525970] ecc unrecoverable error
[   38.529968] ecc unrecoverable error
[   38.534332] ecc unrecoverable error
[   38.538116] ecc unrecoverable error
[   38.541961] ecc unrecoverable error
[   38.545745] ecc unrecoverable error
[   38.550109] ecc unrecoverable error
[   38.553894] ecc unrecoverable error
[   38.558197] ecc unrecoverable error
[   38.562042] ecc unrecoverable error
[   38.565795] ecc unrecoverable error
[   38.569641] ecc unrecoverable error
[   38.573883] ecc unrecoverable error
[   38.577667] ecc unrecoverable error
[   38.581970] ecc unrecoverable error
[   38.585754] ecc unrecoverable error
[   38.589569] ecc unrecoverable error
[   38.593383] ecc unrecoverable error
[   38.597686] ecc unrecoverable error
[   38.601531] ecc unrecoverable error
[   38.605834] ecc unrecoverable error
[   38.609680] ecc unrecoverable error
[   38.613433] ecc unrecoverable error
[   38.617218] ecc unrecoverable error
[   38.621551] ecc unrecoverable error
[   38.625335] ecc unrecoverable error
[   38.629699] ecc unrecoverable error
[   38.633483] ecc unrecoverable error
[   38.637268] ecc unrecoverable error
[   38.641113] ecc unrecoverable error
[   38.645385] ecc unrecoverable error
[   38.649291] ecc unrecoverable error
[   38.653564] ecc unrecoverable error
[   38.657348] ecc unrecoverable error
[   38.661163] ecc unrecoverable error
[   38.664947] ecc unrecoverable error
[   38.669342] ecc unrecoverable error
[   38.673126] ecc unrecoverable error
[   38.677398] ecc unrecoverable error
[   38.681243] ecc unrecoverable error
[   38.685028] ecc unrecoverable error
[   38.688812] ecc unrecoverable error
[   38.693084] ecc unrecoverable error
[   38.696868] ecc unrecoverable error
[   38.701171] ecc unrecoverable error
[   38.704925] ecc unrecoverable error
[   38.708709] ecc unrecoverable error
[   38.712554] ecc unrecoverable error
[   38.716827] ecc unrecoverable error
[   38.720672] ecc unrecoverable error
[   38.724975] ecc unrecoverable error
[   38.728759] ecc unrecoverable error
[   38.732574] ecc unrecoverable error
[   38.736358] ecc unrecoverable error
[   38.740692] ecc unrecoverable error
[   38.744476] ecc unrecoverable error
[   38.748748] ecc unrecoverable error
[   38.752593] ecc unrecoverable error
[   38.756378] ecc unrecoverable error
[   38.760192] ecc unrecoverable error
[   38.764495] ecc unrecoverable error
[   38.768280] ecc unrecoverable error
[   38.772613] ecc unrecoverable error
[   38.776397] ecc unrecoverable error
[   38.780242] ecc unrecoverable error
[   38.784027] ecc unrecoverable error
[   38.788299] ecc unrecoverable error
[   38.792144] ecc unrecoverable error
[   38.796447] ecc unrecoverable error
[   38.800262] ecc unrecoverable error
[   38.804046] ecc unrecoverable error
[   38.807830] ecc unrecoverable error
[   38.812103] ecc unrecoverable error
[   38.815887] ecc unrecoverable error
[   38.820159] ecc unrecoverable error
[   38.823944] ecc unrecoverable error
[   38.827697] ecc unrecoverable error
[   38.831542] ecc unrecoverable error
[   38.835845] ecc unrecoverable error
[   38.839691] ecc unrecoverable error
[   38.843963] ecc unrecoverable error
[   38.847747] ecc unrecoverable error
[   38.851593] ecc unrecoverable error
[   38.855377] ecc unrecoverable error
[   38.859771] ecc unrecoverable error
[   38.863555] ecc unrecoverable error
[   38.867828] ecc unrecoverable error
[   38.871673] ecc unrecoverable error
[   38.875427] ecc unrecoverable error
[   38.879302] ecc unrecoverable error
[   38.883605] ecc unrecoverable error
[   38.887390] ecc unrecoverable error
[   38.891693] ecc unrecoverable error
[   38.895477] ecc unrecoverable error
[   38.899353] ecc unrecoverable error
[   38.903137] ecc unrecoverable error
[   38.907409] ecc unrecoverable error
[   38.911254] ecc unrecoverable error
[   38.915557] ecc unrecoverable error
[   38.919403] ecc unrecoverable error
[   38.923156] ecc unrecoverable error
[   38.926940] ecc unrecoverable error
[   38.931213] ecc unrecoverable error
[   38.934997] ecc unrecoverable error
[   38.939300] ecc unrecoverable error
[   38.943084] ecc unrecoverable error
[   38.946868] ecc unrecoverable error
[   38.950683] ecc unrecoverable error
[   38.954986] ecc unrecoverable error
[   38.958770] ecc unrecoverable error
[   38.963104] ecc unrecoverable error
[   38.966888] ecc unrecoverable error
[   38.970733] ecc unrecoverable error
[   38.974517] ecc unrecoverable error
[   38.978851] ecc unrecoverable error
[   38.982696] ecc unrecoverable error
[   38.986999] ecc unrecoverable error
[   38.990814] ecc unrecoverable error
[   38.994598] ecc unrecoverable error
[   38.998382] ecc unrecoverable error
[   39.002716] ecc unrecoverable error
[   39.006500] ecc unrecoverable error
[   39.010864] ecc unrecoverable error
[   39.014617] ecc unrecoverable error
[   39.018402] ecc unrecoverable error
[   39.022247] ecc unrecoverable error
[   39.026519] ecc unrecoverable error
[   39.030364] ecc unrecoverable error
[   39.034667] ecc unrecoverable error
[   39.038452] ecc unrecoverable error
[   39.042266] ecc unrecoverable error
[   39.046081] ecc unrecoverable error
[   39.050354] ecc unrecoverable error
[   39.054138] ecc unrecoverable error
[   39.058410] ecc unrecoverable error
[   39.062255] ecc unrecoverable error
[   39.066040] ecc unrecoverable error
[   39.069854] ecc unrecoverable error
[   39.074157] ecc unrecoverable error
[   39.077972] ecc unrecoverable error
[   39.082305] ecc unrecoverable error
[   39.086090] ecc unrecoverable error
[   39.089904] ecc unrecoverable error
[   39.093688] ecc unrecoverable error
[   39.097991] ecc unrecoverable error
[   39.101837] ecc unrecoverable error
[   39.106140] ecc unrecoverable error
[   39.109985] ecc unrecoverable error
[   39.113739] ecc unrecoverable error
[   39.117523] ecc unrecoverable error
[   39.121856] ecc unrecoverable error
[   39.125640] ecc unrecoverable error
[   39.129974] ecc unrecoverable error
[   39.133758] ecc unrecoverable error
[   39.137512] ecc unrecoverable error
[   39.141357] ecc unrecoverable error
[   39.145965] ecc unrecoverable error
[   39.149841] ecc unrecoverable error
[   39.154113] ecc unrecoverable error
[   39.157897] ecc unrecoverable error
[   39.161743] ecc unrecoverable error
[   39.165527] ecc unrecoverable error
[   39.176483] ecc unrecoverable error
[   39.180480] ecc unrecoverable error
[   39.189422] ecc unrecoverable error
[   39.193267] ecc unrecoverable error
[   39.197906] ecc unrecoverable error
[   39.201873] ecc unrecoverable error
[   39.206298] ecc unrecoverable error
[   39.210266] ecc unrecoverable error
[   39.214874] ecc unrecoverable error
[   39.218658] ecc unrecoverable error
[   39.223144] ecc unrecoverable error
[   39.226928] ecc unrecoverable error
[   39.231353] ecc unrecoverable error
[   39.235137] ecc unrecoverable error
[   39.239501] ecc unrecoverable error
[   39.243286] ecc unrecoverable error
Starting Dropbear SSH server: dropbear.
Starting telnet daemon.
Starting network benchmark server: netserver.
Starting syslogd/klogd: done
Starting thttpd.
Starting Lighttpd Web Server: lighttpd.
2015-05-07 21:50:08: (log.c.166) server started 
Starting Matrix GUI application.
***************************************************************
***************************************************************
NOTICE: This file system contains the followin GPLv3 packages:
	binutils-dev
	binutils-symlinks
	binutils
	gdbserver
If you do not wish to distribute GPLv3 components please remove
the above packages prior to distribution.  This can be done using
the opkg remove command.  i.e.:
    opkg remove <package>
Where <package> is the name printed in the list above
NOTE: If the package is a dependency of another package you
      will be notified of the dependent packages.  You should
      use the --force-removal-of-dependent-packages option to
      also remove the dependent packages as well
***************************************************************
***************************************************************
 _____                    _____           _         _   
|  _  |___ ___ ___ ___   |  _  |___ ___  |_|___ ___| |_ 
|     |  _| .'| . | . |  |   __|  _| . | | | -_|  _|  _|
|__|__|_| |__,|_  |___|  |__|  |_| |___|_| |___|___|_|  
              |___|                    |___|            
Arago Project http://arago-project.org am37x-evm ttyO0
Arago 2011.09 am37x-evm ttyO0
am37x-evm login: 
- 02:50:39 [INFO] Host: root
- 02:50:40 [INFO] Target: 
root
root@am37x-evm:~# 
- 02:50:40 [INFO] Host: uname -a
- 02:50:40 [INFO] Target: 
uname -a
Linux am37x-evm 4.4.0-rc4-00002-g81502db37273 #1 SMP Mon Dec 7 02:04:00 CST 2015 armv7l unknown
root@am37x-evm:~# 
- 02:50:40 [INFO] Host: cat /proc/cmdline
- 02:50:40 [INFO] Target: 
cat /proc/cmdline
console=ttyO0,115200n8 earlyprintk   ip=:::::eth0:dhcp  root=/dev/mmcblk0p2 rw rootfstype=ext3 rootwait 
root@am37x-evm:~# 
- 02:50:40 [INFO] Host: uname -a
- 02:50:40 [INFO] Target: 
uname -a
Linux am37x-evm 4.4.0-rc4-00002-g81502db37273 #1 SMP Mon Dec 7 02:04:00 CST 2015 armv7l unknown
root@am37x-evm:~# 
- 02:50:40 [INFO] Host: cat /proc/mtd
- 02:50:40 [INFO] Target: 
cat /proc/mtd
dev:    size   erasesize  name
mtd0: 00080000 00020000 "X-Loader"
mtd1: 001c0000 00020000 "U-Boot"
mtd2: 00040000 00020000 "Environment"
mtd3: 00500000 00020000 "Kernel"
mtd4: 1f880000 00020000 "Filesystem"
root@am37x-evm:~# 
- 02:50:41 [INFO] Host: export IPERFHOST=192.168.0.1
- 02:50:41 [INFO] Target: 
export IPERFHOST=192.168.0.1
root@am37x-evm:~# 
- 02:50:41 [INFO] Host: export NFS_SERVER=192.168.0.1
- 02:50:41 [INFO] Target: 
export NFS_SERVER=192.168.0.1
root@am37x-evm:~# 
- 02:50:41 [INFO] Host: export NFS_ROOT_PATH=/home/tigtfarm06/NFS_exports/linux/am37x-evm
- 02:50:41 [INFO] Target: 
export NFS_ROOT_PATH=/home/tigtfarm06/NFS_exports/linux/am37x-
root@am37x-evm:~# 
- 02:50:41 [INFO] Host: export AP_SSID=
- 02:50:41 [INFO] Target: 
export AP_SSID=
root@am37x-evm:~# 
- 02:50:41 [INFO] Host: mkdir -p -m 777 /test
- 02:50:41 [INFO] Target: 
mkdir -p -m 777 /test
root@am37x-evm:~# 
- 02:50:41 [INFO] Host: cd /test
- 02:50:41 [INFO] Target: 
cd /test
root@am37x-evm:/test# 
- 02:50:41 [INFO] Host: cat > test.sh << EOF
- 02:50:41 [INFO] Target: 
cat > test.sh << EOF
- 02:50:41 [INFO] Host: failtest() {
- 02:50:41 [INFO] Target: 
failtest() {
- 02:50:41 [INFO] Host:   echo 1 >&3
- 02:50:41 [INFO] Target: 
  echo 1 >&3
- 02:50:41 [INFO] Host: }
- 02:50:42 [INFO] Target: 
- 02:50:42 [INFO] Host: timeout=600
- 02:50:42 [INFO] Target: 
timeout=600
- 02:50:42 [INFO] Host: 
- 02:50:42 [INFO] Target: 
- 02:50:42 [INFO] Host: # Start of user's script logic
- 02:50:42 [INFO] Target: 
# Start of user's script logic
- 02:50:42 [INFO] Host: mount -t proc proc /proc 2>/dev/null;
- 02:50:42 [INFO] Target: 
mount -t proc proc /proc 2>/dev/null;
- 02:50:42 [INFO] Host: 
- 02:50:42 [INFO] Target: 
- 02:50:42 [INFO] Host: mount -t sysfs sys /sys 2>/dev/null;
- 02:50:42 [INFO] Target: 
mount -t sysfs sys /sys 2>/dev/null;
- 02:50:42 [INFO] Host: 
- 02:50:42 [INFO] Target: 
- 02:50:42 [INFO] Host: mount -t debugfs none /sys/kernel/debug 2>/dev/null;
- 02:50:42 [INFO] Target: 
mount -t debugfs none /sys/kernel/debug 2>/dev/null;
- 02:50:42 [INFO] Host: 
- 02:50:42 [INFO] Target: 
- 02:50:42 [INFO] Host: echo 'cpuinfo:';cat /proc/cpuinfo; echo '=======';
- 02:50:43 [INFO] Target: 
echo 'cpuinfo:';cat /proc/cpuinfo; echo '=======';
- 02:50:43 [INFO] Host: 
- 02:50:43 [INFO] Target: 
- 02:50:43 [INFO] Host: echo 'soc info:';head /sys/devices/soc0/* 2>/dev/null; echo '=======';
- 02:50:43 [INFO] Target: 
echo 'soc info:';head /sys/devices/soc0/* 2>/dev/null; echo '=======';
- 02:50:43 [INFO] Host: 
- 02:50:43 [INFO] Target: 
- 02:50:43 [INFO] Host: echo 'DT Model info'; head /proc/device-tree/name /proc/device-tree/model /proc/device-tree/compatible 2>/dev/null;echo; echo '=======';
- 02:50:43 [INFO] Target: 
echo 'DT Model info'; head /proc/device-tree/name /proc/device-tree/model /pro
c/device-tree/compatible 2>/dev/null;echo; echo '=======';
- 02:50:43 [INFO] Host: 
- 02:50:43 [INFO] Target: 
- 02:50:43 [INFO] Host: echo 'interrupts:';cat /proc/interrupts; echo '=======';
- 02:50:43 [INFO] Target: 
echo 'interrupts:';cat /proc/interrupts; echo '=======';
- 02:50:43 [INFO] Host: 
- 02:50:43 [INFO] Target: 
- 02:50:43 [INFO] Host: echo 'Clk_summary:';cat /sys/kernel/debug/clk/clk_summary; echo '=======';
- 02:50:43 [INFO] Target: 
echo 'Clk_summary:';cat /sys/kernel/debug/clk/clk_summary; echo '=======';
- 02:50:43 [INFO] Host: 
- 02:50:43 [INFO] Target: 
- 02:50:43 [INFO] Host: echo "Available frequencies"; cat /sys/devices/system/cpu/cpu0/cpufreq/scaling_available_frequencies 2>/dev/null;echo '=======';
- 02:50:44 [INFO] Target: 
echo "Available frequencies"; cat /sys/devices/system/cpu/cpu0/cpufreq/scaling
_available_frequencies 2>/dev/null;echo '=======';
- 02:50:44 [INFO] Host: 
- 02:50:44 [INFO] Target: 
- 02:50:44 [INFO] Host: TMPF=/tmp/a.\$\$; TMPF2=/tmp/b.\$\$; STR=""
- 02:50:44 [INFO] Target: 
TMPF=/tmp/a.\$\$; TMPF2=/tmp/b.\$\$; STR=""
- 02:50:44 [INFO] Host: 
- 02:50:44 [INFO] Target: 
- 02:50:44 [INFO] Host: cp /dev/kmsg \$TMPF &
- 02:50:44 [INFO] Target: 
cp /dev/kmsg \$TMPF &
- 02:50:44 [INFO] Host: 
- 02:50:44 [INFO] Target: 
- 02:50:44 [INFO] Host: PID=\$! ; sleep 5; kill -9 \$PID
- 02:50:44 [INFO] Target: 
PID=\$! ; sleep 5; kill -9 \$PID
- 02:50:44 [INFO] Host: 
- 02:50:44 [INFO] Target: 
- 02:50:44 [INFO] Host: 
- 02:50:44 [INFO] Target: 
- 02:50:44 [INFO] Host: 
- 02:50:44 [INFO] Target: 
- 02:50:44 [INFO] Host: cat \$TMPF|grep "^0">\$TMPF2; N=\`cat \$TMPF2|wc -l\`; if [ "\$N" -ne 0 ]; then STR="\$STR emerg=\$N";echo "===== EMERGE++";cat \$TMPF2|cut -d ';' -f2;echo "====="; fi
- 02:50:45 [INFO] Target: 
cat \$TMPF|grep "^0">\$TMPF2; N=\`cat \$TMPF2|wc -l\`; if [ "\$N" -ne 0 ]; the
n STR="\$STR emerg=\$N";echo "===== EMERGE++";cat \$TMPF2|cut -d ';' -f2;echo "=
===="; fi
- 02:50:45 [INFO] Host: 
- 02:50:45 [INFO] Target: 
- 02:50:45 [INFO] Host: cat \$TMPF|grep "^1">\$TMPF2; N=\`cat \$TMPF2|wc -l\`; if [ "\$N" -ne 0 ]; then STR="\$STR alert=\$N";echo "===== ALERT ==";cat \$TMPF2|cut -d ';' -f2;echo "====="; fi
- 02:50:45 [INFO] Target: 
cat \$TMPF|grep "^1">\$TMPF2; N=\`cat \$TMPF2|wc -l\`; if [ "\$N" -ne 0 ]; the
n STR="\$STR alert=\$N";echo "===== ALERT ==";cat \$TMPF2|cut -d ';' -f2;echo "=
===="; fi
- 02:50:45 [INFO] Host: 
- 02:50:45 [INFO] Target: 
- 02:50:45 [INFO] Host: cat \$TMPF|grep "^2">\$TMPF2; N=\`cat \$TMPF2|wc -l\`; if [ "\$N" -ne 0 ]; then STR="\$STR crit=\$N";echo "===== CRIT ==";cat \$TMPF2|cut -d ';' -f2;echo "====="; fi
- 02:50:46 [INFO] Target: 
cat \$TMPF|grep "^2">\$TMPF2; N=\`cat \$TMPF2|wc -l\`; if [ "\$N" -ne 0 ]; the
n STR="\$STR crit=\$N";echo "===== CRIT ==";cat \$TMPF2|cut -d ';' -f2;echo "===
=="; fi
- 02:50:46 [INFO] Host: 
- 02:50:46 [INFO] Target: 
- 02:50:46 [INFO] Host: cat \$TMPF|grep "^3">\$TMPF2; N=\`cat \$TMPF2|wc -l\`; if [ "\$N" -ne 0 ]; then STR="\$STR err=\$N";echo "===== ERR ==";cat \$TMPF2|cut -d ';' -f2;echo "=====" ;fi
- 02:50:46 [INFO] Target: 
cat \$TMPF|grep "^3">\$TMPF2; N=\`cat \$TMPF2|wc -l\`; if [ "\$N" -ne 0 ]; the
n STR="\$STR err=\$N";echo "===== ERR ==";cat \$TMPF2|cut -d ';' -f2;echo "=====
" ;fi
- 02:50:46 [INFO] Host: 
- 02:50:46 [INFO] Target: 
- 02:50:46 [INFO] Host: cat \$TMPF|grep "^4">\$TMPF2; N=\`cat \$TMPF2|wc -l\`; if [ "\$N" -ne 0 ]; then STR="\$STR warn=\$N";echo "===== WARN ==";cat \$TMPF2|cut -d ';' -f2;echo "=====" ;fi
- 02:50:46 [INFO] Target: 
cat \$TMPF|grep "^4">\$TMPF2; N=\`cat \$TMPF2|wc -l\`; if [ "\$N" -ne 0 ]; the
n STR="\$STR warn=\$N";echo "===== WARN ==";cat \$TMPF2|cut -d ';' -f2;echo "===
==" ;fi
- 02:50:46 [INFO] Host: 
- 02:50:46 [INFO] Target: 
- 02:50:46 [INFO] Host: rm \$TMPF \$TMPF2; echo "SUM""MARY RESULT: BOOT:" 'PASS: H''ello World' 'B''oard' "Booted" "Boot Log has::::\$STR:"
- 02:50:46 [INFO] Target: 
rm \$TMPF \$TMPF2; echo "SUM""MARY RESULT: BOOT:" 'PASS: H''ello World' 'B''oa
rd' "Booted" "Boot Log has::::\$STR:"
- 02:50:46 [INFO] Host: 
- 02:50:46 [INFO] Target: 
- 02:50:46 [INFO] Host: EOF
- 02:50:46 [INFO] Target: 
root@am37x-evm:/test# 
- 02:50:46 [INFO] Host: cd /test
- 02:50:46 [INFO] Target: 
cd /test
root@am37x-evm:/test# 
- 02:50:46 [INFO] Host: chmod +x test.sh
- 02:50:47 [INFO] Target: 
chmod +x test.sh
root@am37x-evm:/test# 
- 02:50:47 [INFO] Host: ./test.sh 2> stderr.log > stdout.log 3> result.log
- 02:50:52 [INFO] Target: 
./test.sh 2> stderr.log > stdout.log 3> result.log
root@am37x-evm:/test# 
- 02:50:52 [INFO] Host: echo $?
- 02:50:52 [INFO] Target: 
echo $?
root@am37x-evm:/test# 
- 02:50:52 [INFO] Host: cd /test
- 02:50:53 [INFO] Target: 
cd /test
root@am37x-evm:/test# 
- 02:50:53 [INFO] Host: cat stdout.log
- 02:50:57 [INFO] Target: 
cat stdout.log
cpuinfo:
processor	: 0
model name	: ARMv7 Processor rev 2 (v7l)
BogoMIPS	: 594.73
Features	: half thumb fastmult vfp edsp thumbee neon vfpv3 tls vfpd32 
CPU implementer	: 0x41
CPU architecture: 7
CPU variant	: 0x3
CPU part	: 0xc08
CPU revision	: 2
Hardware	: Generic OMAP36xx (Flattened Device Tree)
Revision	: 0000
Serial		: 0000000000000000
=======
soc info:
==> /sys/devices/soc0/family <==
OMAP3
==> /sys/devices/soc0/machine <==
OMAP3630
==> /sys/devices/soc0/power <==
==> /sys/devices/soc0/revision <==
ES1.2
==> /sys/devices/soc0/subsystem <==
==> /sys/devices/soc0/type <==
==> /sys/devices/soc0/uevent <==
=======
DT Model info
==> /proc/device-tree/name <==
==> /proc/device-tree/model <==
TI OMAP37XX EVM (TMDSEVM3730)
==> /proc/device-tree/compatible <==
ti,omap3-evm-37xxti,omap3630ti,omap3
=======
interrupts:
           CPU0       
 23:          0      INTC   7 Edge      TWL4030-PIH
 25:          0      INTC   9 Edge      l3-debug-irq
 26:          0      INTC  10 Edge      l3-app-irq
 28:          0      INTC  12 Edge      DMA
 29:       4371      INTC  13 Edge      omap-dma-engine
 36:          0      INTC  20 Edge      gpmc
 45:          0      INTC  29 Edge      48310000.gpio
 46:          0      INTC  30 Edge      49050000.gpio
 47:          0      INTC  31 Edge      49052000.gpio
 48:          0      INTC  32 Edge      49054000.gpio
 49:          0      INTC  33 Edge      49056000.gpio
 50:         11      INTC  34 Edge      49058000.gpio
 53:       4422      INTC  37 Edge      gp_timer
 72:        964      INTC  56 Edge      48070000.i2c
 73:          0      INTC  57 Edge      48072000.i2c
 77:          0      INTC  61 Edge      48060000.i2c
 88:       7521      INTC  72 Edge      OMAP UART0
 99:       7165      INTC  83 Edge      mmc0
102:        144      INTC  86 Edge      mmc1
288:         11  49058000.gpio  16 Level     eth0
306:        810      PRCM Edge      pm_wkup
315:         87      PRCM Edge      pinctrl, pinctrl, pinctrl, pm_io
338:          0   pinctrl 338 Edge      4806a000.serial
341:          0   twl4030   0 Edge      twl4030_gpio
346:          0   twl4030   5 Edge      twl4030_power
375:         58   pinctrl 282 Edge      4809c000.mmc
IPI0:          0  CPU wakeup interrupts
IPI1:          0  Timer broadcast interrupts
IPI2:          0  Rescheduling interrupts
IPI3:          0  Function call interrupts
IPI4:          0  Single function call interrupts
IPI5:          0  CPU stop interrupts
IPI6:          0  IRQ work interrupts
IPI7:          0  completion interrupts
Err:          0
=======
Clk_summary:
   clock                         enable_cnt  prepare_cnt        rate   accuracy   phase
----------------------------------------------------------------------------------------
 secure_32k_fck                           0            1       32768          0 0  
    wdt1_fck                              0            0       32768          0 0  
    gpt12_fck                             0            1       32768          0 0  
 dummy_ck                                 0            0           0          0 0  
 mcbsp_clks                               0            5           0          0 0  
 sys_altclk                               0            0           0          0 0  
 virt_38_4m_ck                            0            0    38400000          0 0  
 virt_26000000_ck                         1            1    26000000          0 0  
    osc_sys_ck                            1            1    26000000          0 0  
       sys_clkout1                        0            0    26000000          0 0  
       sys_ck                             3           18    13000000          0 0  
          gpt9_fck                        0            1    13000000          0 0  
          gpt8_fck                        0            1    13000000          0 0  
          gpt7_fck                        0            1    13000000          0 0  
          gpt6_fck                        0            1    13000000          0 0  
          gpt5_fck                        0            1    13000000          0 0  
          gpt4_fck                        0            1    13000000          0 0  
          gpt3_fck                        0            1    13000000          0 0  
          gpt2_fck                        0            1    13000000          0 0  
          cpefuse_fck                     0            0    13000000          0 0  
          dpll5_ck                        0            1   120000000          0 0  
             dpll5_m2_ck                  0            1   120000000          0 0  
                dpll5_m2_d20_ck           0            0     6000000          0 0  
                dpll5_m2_d16_ck           0            0     7500000          0 0  
                dpll5_m2_d8_ck            0            0    15000000          0 0  
                dpll5_m2_d4_ck            0            0    30000000          0 0  
                usbhost_120m_fck           0            0   120000000          0 0  
                usbtll_fck                0            1   120000000          0 0  
          sys_d2_ck                       0            0     6500000          0 0  
             usim_fck                     0            0     6500000          0 0  
          modem_fck                       0            0    13000000          0 0  
          dpll2_ck                        0            1   260000000          0 0  
             dpll2_m2_ck                  0            1   260000000          0 0  
                iva2_ck                   0            2   260000000          0 0  
          sr2_fck                         0            1    13000000          0 0  
          sr1_fck                         0            1    13000000          0 0  
          traceclk_src_fck                0            0    13000000          0 0  
             traceclk_fck                 0            0    13000000          0 0  
          emu_src_mux_ck                  0            1    13000000          0 0  
             emu_src_ck                   0            1    13000000          0 0  
                atclk_fck                 0            0    13000000          0 0  
                pclkx2_fck                0            0    13000000          0 0  
                pclk_fck                  0            0     6500000          0 0  
          dss2_alwon_fck                  0            2    13000000          0 0  
          dpll1_ck                        0            1   600000000          0 0  
             dpll1_x2_ck                  0            1  1200000000          0 0  
                dpll1_x2m2_ck             0            1  1200000000          0 0  
                   mpu_ck                 0            1  1200000000          0 0  
                      emu_mpu_alwon_ck           0            0  1200000000          0 0  
                      arm_fck             0            1   600000000          0 0  
          dpll3_ck                        1            1   400000000          0 0  
             dpll3_x2_ck                  0            0   800000000          0 0  
             dpll3_m2_ck                  1            1   400000000          0 0  
                dpll3_m2x2_ck             0            0   800000000          0 0  
                   corex2_fck             0            0   800000000          0 0  
                      ssi_ssr_fck_3430es2           0            0   266666667          0 0  
                         ssi_sst_fck_3430es2           0            0   133333333          0 0  
                      corex2_d5_fck           0            0   160000000          0 0  
                      corex2_d3_fck           0            0   266666666          0 0  
                core_ck                   1            1   400000000          0 0  
                   core_d2_ck             0            0   200000000          0 0  
                      sgx_fck             0            0   200000000          0 0  
                   core_d6_ck             0            0    66666666          0 0  
                   core_d4_ck             0            0   100000000          0 0  
                   core_d3_ck             0            0   133333333          0 0  
                   dpll2_fck              0            0   400000000          0 0  
                   l3_ick                 2            3   200000000          0 0  
                      sgx_ick             0            0   200000000          0 0  
                      mad2d_ick           0            0   200000000          0 0  
                      sad2d_ick           0            1   200000000          0 0  
                      security_l3_ick           0            0   200000000          0 0  
                         pka_ick           0            0   200000000          0 0  
                      core_l3_ick           8           10   200000000          0 0  
                         hsotgusb_ick_3430es2           0            1   200000000          0 0  
                         gpmc_fck           2            2   200000000          0 0  
                         sdrc_ick           1            1   200000000          0 0  
                      l4_ick              6            7   100000000          0 0  
                         usbhost_ick           1            1   100000000          0 0  
                         dss_ick_3430es2           4            6   100000000          0 0  
                         sr_l4_ick           2            2   100000000          0 0  
                         ssi_l4_ick           0            0   100000000          0 0  
                            ssi_ick_3430es2           0            0   100000000          0 0  
                         cam_ick           0            1   100000000          0 0  
                         security_l4_ick2           0            0   100000000          0 0  
                            des1_ick           0            0   100000000          0 0  
                            sha11_ick           0            0   100000000          0 0  
                            rng_ick           0            0   100000000          0 0  
                            aes1_ick           0            0   100000000          0 0  
                         per_l4_ick          15           18   100000000          0 0  
                            mcbsp4_ick           1            1   100000000          0 0  
                            mcbsp3_ick           2            2   100000000          0 0  
                            mcbsp2_ick           2            2   100000000          0 0  
                            gpt2_ick           1            1   100000000          0 0  
                            gpt3_ick           1            1   100000000          0 0  
                            gpt4_ick           1            1   100000000          0 0  
                            gpt5_ick           1            1   100000000          0 0  
                            gpt6_ick           1            1   100000000          0 0  
                            gpt7_ick           1            1   100000000          0 0  
                            gpt8_ick           1            1   100000000          0 0  
                            gpt9_ick           1            1   100000000          0 0  
                            uart4_ick           1            1   100000000          0 0  
                            uart3_ick           1            1   100000000          0 0  
                            wdt3_ick           0            0   100000000          0 0  
                            gpio2_ick           0            1   100000000          0 0  
                            gpio3_ick           0            1   100000000          0 0  
                            gpio4_ick           0            1   100000000          0 0  
                            gpio5_ick           1            1   100000000          0 0  
                            gpio6_ick           1            1   100000000          0 0  
                         core_l4_ick          21           23   100000000          0 0  
                            mmchs3_ick           1            1   100000000          0 0  
                            usbtll_ick           1            1   100000000          0 0  
                            mailboxes_ick           0            1   100000000          0 0  
                            mspro_ick           0            0   100000000          0 0  
                            des2_ick           0            0   100000000          0 0  
                            icr_ick           0            0   100000000          0 0  
                            sha12_ick           1            2   100000000          0 0  
                            aes2_ick           1            2   100000000          0 0  
                            omapctrl_ick           1            1   100000000          0 0  
                            mcbsp1_ick           1            1   100000000          0 0  
                            mcbsp5_ick           1            1   100000000          0 0  
                            gpt10_ick           1            1   100000000          0 0  
                            gpt11_ick           1            1   100000000          0 0  
                            uart1_ick           1            1   100000000          0 0  
                            uart2_ick           1            1   100000000          0 0  
                            i2c1_ick           1            1   100000000          0 0  
                            i2c2_ick           1            1   100000000          0 0  
                            i2c3_ick           1            1   100000000          0 0  
                            mcspi1_ick           1            1   100000000          0 0  
                            mcspi2_ick           1            1   100000000          0 0  
                            mcspi3_ick           1            1   100000000          0 0  
                            mcspi4_ick           1            1   100000000          0 0  
                            hdq_ick           0            1   100000000          0 0  
                            mmchs1_ick           1            1   100000000          0 0  
                            mmchs2_ick           1            1   100000000          0 0  
                         rm_ick           0            0    50000000          0 0  
                   dpll1_fck              0            0   200000000          0 0  
             dpll3_m3_ck                  0            0   200000000          0 0  
                dpll3_m3x2_mul_ck           0            0   400000000          0 0  
                   dpll3_m3x2_ck           0            0   400000000          0 0  
                      emu_core_alwon_ck           0            0   400000000          0 0  
          dpll4_ck                        1            3   864000000          0 0  
             dpll4_x2_ck                  0            0  1728000000          0 0  
             dpll4_m6_ck                  0            0   288000000          0 0  
                dpll4_m6x2_mul_ck           0            0   288000000          0 0  
                   dpll4_m6x2_ck           0            0   288000000          0 0  
                      emu_per_alwon_ck           0            0   288000000          0 0  
             dpll4_m5_ck                  0            0   216000000          0 0  
                dpll4_m5x2_mul_ck           0            0   216000000          0 0  
                   dpll4_m5x2_ck           0            0   216000000          0 0  
                      cam_mclk            0            0   216000000          0 0  
             dpll4_m4_ck                  0            1    96000000          0 0  
                dpll4_m4x2_mul_ck           0            1    96000000          0 0  
                   dpll4_m4x2_ck           0            1    96000000          0 0  
                      dss1_alwon_fck_3430es2           0            4    96000000          0 0  
             dpll4_m3_ck                  0            1    54000000          0 0  
                dpll4_m3x2_mul_ck           0            1    54000000          0 0  
                   dpll4_m3x2_ck           0            1    54000000          0 0  
                      omap_54m_fck           0            1    54000000          0 0  
                         clkout2_src_ck           0            0    54000000          0 0  
                            sys_clkout2           0            0    54000000          0 0  
                         dss_tv_fck           0            2    54000000          0 0  
             dpll4_m2_ck                  1            1    96000000          0 0  
                dpll4_m2x2_mul_ck           1            1    96000000          0 0  
                   dpll4_m2x2_ck           1            1    96000000          0 0  
                      omap_192m_alwon_fck           0            0    96000000          0 0  
                      omap_96m_alwon_fck           1            2    96000000          0 0  
                         per_96m_fck           0            6    96000000          0 0  
                            mcbsp4_fck           0            1    96000000          0 0  
                            mcbsp3_fck           0            2    96000000          0 0  
                            mcbsp2_fck           0            2    96000000          0 0  
                         cm_96m_fck           1            2    96000000          0 0  
                            cm_96m_d2_fck           1            1    48000000          0 0  
                               omap_48m_fck           2            4    48000000          0 0  
                                  usbhost_48m_fck           0            1    48000000          0 0  
                                  per_48m_fck           2            2    48000000          0 0  
                                     uart4_fck           1            1    48000000          0 0  
                                     uart3_fck           1            1    48000000          0 0  
                                  core_48m_fck           2            6    48000000          0 0  
                                     uart1_fck           1            1    48000000          0 0  
                                     uart2_fck           1            1    48000000          0 0  
                                     mcspi1_fck           0            1    48000000          0 0  
                                     mcspi2_fck           0            1    48000000          0 0  
                                     mcspi3_fck           0            1    48000000          0 0  
                                     mcspi4_fck           0            1    48000000          0 0  
                                  omap_12m_fck           0            1    12000000          0 0  
                                     core_12m_fck           0            1    12000000          0 0  
                                        hdq_fck             0            1    12000000          0 0  
                            omap_96m_fck           0            2    96000000          0 0  
                               omap_96m_d10_fck           0            0     9600000          0 0  
                               omap_96m_d8_fck           0            0    12000000          0 0  
                               omap_96m_d4_fck           0            0    24000000          0 0  
                               omap_96m_d2_fck           0            0    48000000          0 0  
                               dss_96m_fck           0            2    96000000          0 0  
                               core_96m_fck           0           10    96000000          0 0  
