- 07:15:28 [INFO] Starting target session
- 07:15:29 [INFO] Connected to am37x-evm via serial 
- 07:15:29 [INFO] Host: #check prompt
- 07:15:32 [ERROR] On command: #check prompt waiting for #check prompt.+?(?-mix:((?-mix:login:)|[Pp]assword)) >>> error: execution expired
- 07:15:32 [INFO] Target: 
#check prompt
/test # 
- 07:15:32 [INFO] Host: #check prompt
- 07:15:34 [ERROR] On command: #check prompt waiting for #check prompt.+?(?-mix:root@.+[@:#]+) >>> error: execution expired
- 07:15:34 [INFO] Target: 
#check prompt
/test # 
- 07:15:34 [INFO] Host: #check prompt
- 07:15:36 [ERROR] On command: #check prompt waiting for #check prompt.+?(?-mix:root@.+[@:#]+) >>> error: execution expired
- 07:15:36 [INFO] Target: 
#check prompt
/test # 
- 07:15:36 [INFO] Host: #check prompt
- 07:15:38 [ERROR] On command: #check prompt waiting for #check prompt.+?(?-mix:root@.+[@:#]+) >>> error: execution expired
- 07:15:38 [INFO] Target: 
#check prompt
/test # 
- 07:15:38 [INFO] Disconnected serial from am37x-evm
- 07:15:39 [INFO] Connected to am37x-evm via serial 
- 07:15:39 [INFO] Host: 
- 07:15:41 [INFO] Target: 

U-Boot SPL 2015.07-00043-gaada495 (Nov 09 2015 - 12:23:36)
reading u-boot.img
reading u-boot.img


U-Boot 2015.07-00043-gaada495 (Nov 09 2015 - 12:23:36 -0500)

OMAP3630/3730-GP ES1.2, CPU-OPP2, L3-200MHz, Max CPU Clock 1 Ghz
OMAP3 EVM board + LPDDR/NAND
I2C:   ready
DRAM:  256 MiB
NAND:  512 MiB
MMC:   OMAP SD/MMC: 0
Error: Bad compare! failed
NAND read from offset 260000 failed -74
*** Warning - readenv() failed, using default environment

In:    serial
Out:   serial
Err:   serial
Read back SMSC id 0x92200000
Die ID #16d400029ff80000015f02690c019016
Net:   smc911x-0
Warning: Your board does not use generic board. Please read
doc/README.generic-board and take action. Boards not
upgraded by the late 2014 may break or be removed.
Hit any key to stop autoboot:  3  0 
OMAP3_EVM # 

OMAP3_EVM #  

OMAP3_EVM #  

OMAP3_EVM #  

OMAP3_EVM #  

OMAP3_EVM #  

OMAP3_EVM #  

OMAP3_EVM #  

OMAP3_EVM #  

OMAP3_EVM #  

O
- 07:15:41 [INFO] Host: 
- 07:15:41 [INFO] Target: 
MAP3_EVM # 

OMAP3_EVM # 
- 07:15:41 [INFO] Host: version
- 07:15:41 [INFO] Target: 
version


U-Boot 2015.07-00043-gaada495 (Nov 09 2015 - 12:23:36 -0500)
arm-linux-gnueabihf-gcc (crosstool-NG linaro-1.13.1-4.7-2013.03-20130313 - Linaro GCC 2013.03) 4.7.3 20130226 (prerelease)
GNU ld (crosstool-NG linaro-1.13.1-4.7-2013.03-20130313 - Linaro GCC 2013.03) 2.23.1
OMAP3_EVM # 
- 07:15:41 [INFO] Host: setenv bootargs 'console=ttyO0,115200n8 earlyprintk=serial,ttyO0,115200n8  '
- 07:15:41 [INFO] Target: 
setenv bootargs 'console=ttyO0,115200n8 earlyprintk=serial,ttyO0,115200n8  '

OMAP3_EVM # 
- 07:15:41 [INFO] Host: setenv bootcmd  ''
- 07:15:41 [INFO] Target: 
setenv bootcmd  ''

OMAP3_EVM # 
- 07:15:41 [INFO] Host: setenv autoload 'no'
- 07:15:41 [INFO] Target: 
setenv autoload 'no'

OMAP3_EVM # 
- 07:15:41 [INFO] Host: setenv serverip '192.168.0.1'
- 07:15:42 [INFO] Target: 
setenv serverip '192.168.0.1'

OMAP3_EVM # 
- 07:15:42 [INFO] Host: setenv _initramfs -
- 07:15:42 [INFO] Target: 
setenv _initramfs -

OMAP3_EVM # 
- 07:15:42 [INFO] Host: printenv
- 07:15:42 [INFO] Target: 
printenv

_initramfs=-
autoload=no
baudrate=115200
bootargs=console=ttyO0,115200n8 earlyprintk=serial,ttyO0,115200n8  
bootcmd=
bootdelay=3
bootfile=uImage
bootscript=echo Running bootscript from mmc ...; source ${loadaddr}
console=ttyO0,115200n8
dieid#=16d400029ff80000015f02690c019016
ethact=smc911x-0
ethaddr=00:50:c2:7e:93:ba
loadaddr=0x82000000
loadbootscript=fatload mmc ${mmcdev} ${loadaddr} boot.scr
loaduimage=fatload mmc ${mmcdev} ${loadaddr} uImage
mmcargs=setenv bootargs console=${console} root=/dev/mmcblk0p2 rw rootfstype=ext3 rootwait
mmcboot=echo Booting from mmc ...; run mmcargs; bootm ${loadaddr}
mmcdev=0
nandargs=setenv bootargs console=${console} root=/dev/mtdblock4 rw rootfstype=jffs2
nandboot=echo Booting from nand ...; run nandargs; onenand read ${loadaddr} 280000 400000; bootm ${loadaddr}
serverip=192.168.0.1
stderr=serial
stdin=serial
stdout=serial
usbtty=cdc_acm

Environment size: 937/131068 bytes
OMAP3_EVM # 
- 07:15:42 [INFO] Host: printenv
- 07:15:42 [INFO] Target: 
printenv

_initramfs=-
autoload=no
baudrate=115200
bootargs=console=ttyO0,115200n8 earlyprintk=serial,ttyO0,115200n8  
bootcmd=
bootdelay=3
bootfile=uImage
bootscript=echo Running bootscript from mmc ...; source ${loadaddr}
console=ttyO0,115200n8
dieid#=16d400029ff80000015f02690c019016
ethact=smc911x-0
ethaddr=00:50:c2:7e:93:ba
loadaddr=0x82000000
loadbootscript=fatload mmc ${mmcdev} ${loadaddr} boot.scr
loaduimage=fatload mmc ${mmcdev} ${loadaddr} uImage
mmcargs=setenv bootargs console=${console} root=/dev/mmcblk0p2 rw rootfstype=ext3 rootwait
mmcboot=echo Booting from mmc ...; run mmcargs; bootm ${loadaddr}
mmcdev=0
nandargs=setenv bootargs console=${console} root=/dev/mtdblock4 rw rootfstype=jffs2
nandboot=echo Booting from nand ...; run nandargs; onenand read ${loadaddr} 280000 400000; bootm ${loadaddr}
serverip=192.168.0.1
stderr=serial
stdin=serial
stdout=serial
usbtty=cdc_acm

Environment size: 937/131068 bytes
OMAP3_EVM # 
- 07:15:42 [INFO] Host: setenv bootargs ''${bootargs}' ip=:::::eth0:dhcp '
- 07:15:42 [INFO] Target: 
setenv bootargs ''${bootargs}' ip=:::::eth0:dhcp '

OMAP3_EVM # 
- 07:15:42 [INFO] Host: setenv serverip '192.168.0.1'
- 07:15:42 [INFO] Target: 
setenv serverip '192.168.0.1'

OMAP3_EVM # 
- 07:15:42 [INFO] Host: setenv autoload 'no'
- 07:15:42 [INFO] Target: 
setenv autoload 'no'

OMAP3_EVM # 
- 07:15:42 [INFO] Host: dhcp
- 07:15:45 [INFO] Target: 
dhcp

smc911x: MAC 00:50:c2:7e:93:ba
smc911x: detected LAN9220 controller
smc911x: phy initialized
smc911x: MAC 00:50:c2:7e:93:ba
BOOTP broadcast 1
BOOTP broadcast 2
BOOTP broadcast 3
DHCP client bound to address 192.168.0.212 (1062 ms)
smc911x: MAC 00:50:c2:7e:93:ba
OMAP3_EVM # 
- 07:15:45 [INFO] Host: tftp ${loadaddr} 192.168.0.1:vatf_am37x-evm/36f40167eeb747e972f0bc886da03e67
- 07:15:48 [INFO] Target: 
tftp ${loadaddr} 192.168.0.1:vatf_am37x-evm/36f40167eeb747e972f0bc886da03e67

smc911x: MAC 00:50:c2:7e:93:ba
smc911x: detected LAN9220 controller
smc911x: phy initialized
smc911x: MAC 00:50:c2:7e:93:ba
Using smc911x-0 device
TFTP from server 192.168.0.1; our IP address is 192.168.0.212
Filename 'vatf_am37x-evm/36f40167eeb747e972f0bc886da03e67'.
Load address: 0x82000000
Loading: *#################################################################
	 #################################################################
	 #################################################################
	 #################################################################
	 ##########
	 3.3 MiB/s
done
Bytes transferred = 3956927 (3c60bf hex)
smc911x: MAC 00:50:c2:7e:93:ba
OMAP3_EVM # 
- 07:15:48 [INFO] Host: ls mmc 0:1
- 07:15:48 [INFO] Target: 
ls mmc 0:1

ls - list files in a directory (default /)

Usage:
ls [ directory ]
OMAP3_EVM # 
- 07:15:48 [INFO] Host: ls mmc 0:2
- 07:15:48 [INFO] Target: 
ls mmc 0:2

ls - list files in a directory (default /)

Usage:
ls [ directory ]
OMAP3_EVM # 
- 07:15:48 [INFO] Host: ls mmc 0:3
- 07:15:48 [INFO] Target: 
ls mmc 0:3

ls - list files in a directory (default /)

Usage:
ls [ directory ]
OMAP3_EVM # 
- 07:15:48 [INFO] Host: ls mmc 0:4
- 07:15:48 [INFO] Target: 
ls mmc 0:4

ls - list files in a directory (default /)

Usage:
ls [ directory ]
OMAP3_EVM # 
- 07:15:48 [INFO] Host: ls mmc 0:5
- 07:15:48 [INFO] Target: 
ls mmc 0:5

ls - list files in a directory (default /)

Usage:
ls [ directory ]
OMAP3_EVM # 
- 07:15:48 [INFO] Host: part uuid mmc 0:
- 07:15:48 [INFO] Target: 
part uuid mmc 0:

Unknown command 'part' - try 'help'
OMAP3_EVM # 
- 07:15:48 [INFO] Host: printenv
- 07:15:48 [INFO] Target: 
printenv

_initramfs=-
autoload=no
baudrate=115200
bootargs=console=ttyO0,115200n8 earlyprintk=serial,ttyO0,115200n8   ip=:::::eth0:dhcp 
bootcmd=
bootdelay=3
bootfile=uImage
bootscript=echo Running bootscript from mmc ...; source ${loadaddr}
console=ttyO0,115200n8
dieid#=16d400029ff80000015f02690c019016
ethact=smc911x-0
ethaddr=00:50:c2:7e:93:ba
fileaddr=82000000
filesize=3c60bf
gatewayip=192.168.0.1
ipaddr=192.168.0.212
loadaddr=0x82000000
loadbootscript=fatload mmc ${mmcdev} ${loadaddr} boot.scr
loaduimage=fatload mmc ${mmcdev} ${loadaddr} uImage
mmcargs=setenv bootargs console=${console} root=/dev/mmcblk0p2 rw rootfstype=ext3 rootwait
mmcboot=echo Booting from mmc ...; run mmcargs; bootm ${loadaddr}
mmcdev=0
nandargs=setenv bootargs console=${console} root=/dev/mtdblock4 rw rootfstype=jffs2
nandboot=echo Booting from nand ...; run nandargs; onenand read ${loadaddr} 280000 400000; bootm ${loadaddr}
netmask=255.255.255.0
serverip=192.168.0.1
stderr=serial
stdin=serial
stdout=serial
usbtty=cdc_acm

Environment size: 1065/131068 bytes
OMAP3_EVM # 
- 07:15:48 [INFO] Host: setenv bootargs ''${bootargs}' root=/dev/mmcblk0p2 rw rootfstype=ext3 rootwait '
- 07:15:49 [INFO] Target: 
setenv bootargs ''${bootargs}' root=/dev/mmcblk0p2 rw rootfstype=ext3 rootwait '

OMAP3_EVM # 
- 07:15:49 [INFO] Host: printenv
- 07:15:49 [INFO] Target: 
printenv

_initramfs=-
autoload=no
baudrate=115200
bootargs=console=ttyO0,115200n8 earlyprintk=serial,ttyO0,115200n8   ip=:::::eth0:dhcp  root=/dev/mmcblk0p2 rw rootfstype=ext3 rootwait 
bootcmd=
bootdelay=3
bootfile=uImage
bootscript=echo Running bootscript from mmc ...; source ${loadaddr}
console=ttyO0,115200n8
dieid#=16d400029ff80000015f02690c019016
ethact=smc911x-0
ethaddr=00:50:c2:7e:93:ba
fileaddr=82000000
filesize=3c60bf
gatewayip=192.168.0.1
ipaddr=192.168.0.212
loadaddr=0x82000000
loadbootscript=fatload mmc ${mmcdev} ${loadaddr} boot.scr
loaduimage=fatload mmc ${mmcdev} ${loadaddr} uImage
mmcargs=setenv bootargs console=${console} root=/dev/mmcblk0p2 rw rootfstype=ext3 rootwait
mmcboot=echo Booting from mmc ...; run mmcargs; bootm ${loadaddr}
mmcdev=0
nandargs=setenv bootargs console=${console} root=/dev/mtdblock4 rw rootfstype=jffs2
nandboot=echo Booting from nand ...; run nandargs; onenand read ${loadaddr} 280000 400000; bootm ${loadaddr}
netmask=255.255.255.0
serverip=192.168.0.1
stderr=serial
stdin=serial
stdout=serial
usbtty=cdc_acm

Environment size: 1114/131068 bytes
OMAP3_EVM # 
- 07:15:49 [INFO] Host: setenv bootcmd ''${bootcmd}' if iminfo ${loadaddr}; then bootm ${loadaddr} ${_initramfs} ; else bootz ${loadaddr} ${_initramfs} ; bootm ${loadaddr} ${_initramfs} ; fi'
- 07:15:49 [INFO] Target: 
setenv bootcmd ''${bootcmd}' if iminfo ${loadaddr}; then bootm ${loadaddr} ${_initramfs} ; else bootz ${loadaddr} ${_initramfs} ; bootm ${loadaddr} ${_initramfs} ; fi'

OMAP3_EVM # 
- 07:15:49 [INFO] Host: version
- 07:15:49 [INFO] Target: 
version


U-Boot 2015.07-00043-gaada495 (Nov 09 2015 - 12:23:36 -0500)
arm-linux-gnueabihf-gcc (crosstool-NG linaro-1.13.1-4.7-2013.03-20130313 - Linaro GCC 2013.03) 4.7.3 20130226 (prerelease)
GNU ld (crosstool-NG linaro-1.13.1-4.7-2013.03-20130313 - Linaro GCC 2013.03) 2.23.1
OMAP3_EVM # 
- 07:15:49 [INFO] Host: bdinfo
- 07:15:49 [INFO] Target: 
bdinfo

arch_number = 0x000005FF
boot_params = 0x80000100
DRAM bank   = 0x00000000
-> start    = 0x80000000
-> size     = 0x10000000
DRAM bank   = 0x00000001
-> start    = 0x90000000
-> size     = 0x00000000
eth0name    = smc911x-0
ethaddr     = 00:50:c2:7e:93:ba
current eth = smc911x-0
ip_addr     = 192.168.0.212
baudrate    = 115200 bps
TLB addr    = 0x8FFF0000
relocaddr   = 0x8FF61000
reloc off   = 0x0FE61000
irq_sp      = 0x8FF00F24
sp start    = 0x8FF00F18
OMAP3_EVM # 
- 07:15:49 [INFO] Host: mmc rescan; echo $?
- 07:15:49 [INFO] Target: 
mmc rescan; echo $?

0
OMAP3_EVM # 
- 07:15:49 [INFO] Host: fatwrite mmc ${mmcdev}:1 ${loadaddr} ws-calibrate.rules 4
- 07:15:49 [INFO] Target: 
fatwrite mmc ${mmcdev}:1 ${loadaddr} ws-calibrate.rules 4

Unknown command 'fatwrite' - try 'help'
OMAP3_EVM # 
- 07:15:49 [INFO] Host: boot
- 07:16:40 [INFO] Target: 
boot

Unknown command 'iminfo' - try 'help'
Unknown command 'bootz' - try 'help'
## Booting kernel from Legacy Image at 82000000 ...
   Image Name:   Linux-4.10.0-rc2-next-20170104-0
   Image Type:   ARM Linux Kernel Image (uncompressed)
   Data Size:    3956863 Bytes = 3.8 MiB
   Load Address: 81000000
   Entry Point:  81000000
   Verifying Checksum ... OK
   Loading Kernel Image ... OK

Starting kernel ...

[    0.000000] Booting Linux on physical CPU 0x0
[    0.000000] Linux version 4.10.0-rc2-next-20170104-00002-g27260cdd1ed4 (nmenon@horus) (gcc version 4.9.3 20150413 (prerelease) (Linaro GCC 4.9-2015.05) ) #3 SMP Wed Jan 4 06:13:17 CST 2017
[    0.000000] CPU: ARMv7 Processor [413fc082] revision 2 (ARMv7), cr=10c5387d
[    0.000000] CPU: PIPT / VIPT nonaliasing data cache, VIPT aliasing instruction cache
[    0.000000] OF: fdt:Machine model: TI OMAP37XX EVM (TMDSEVM3730)
[    0.000000] cma: Reserved 16 MiB at 0x8e800000
[    0.000000] Memory policy: Data cache writeback
[    0.000000] CPU: All CPU(s) started in SVC mode.
[    0.000000] OMAP3630 ES1.2 (l2cache iva sgx neon isp 192mhz_clk)
[    0.000000] percpu: Embedded 15 pages/cpu @cfb5f000 s31744 r8192 d21504 u61440
[    0.000000] Built 1 zonelists in Zone order, mobility grouping on.  Total pages: 64448
[    0.000000] Kernel command line: console=ttyO0,115200n8 earlyprintk=serial,ttyO0,115200n8   ip=:::::eth0:dhcp  root=/dev/mmcblk0p2 rw rootfstype=ext3 rootwait 
[    0.000000] PID hash table entries: 1024 (order: 0, 4096 bytes)
[    0.000000] Dentry cache hash table entries: 32768 (order: 5, 131072 bytes)
[    0.000000] Inode-cache hash table entries: 16384 (order: 4, 65536 bytes)
[    0.000000] Memory: 220552K/260096K available (7168K kernel code, 788K rwdata, 2400K rodata, 1024K init, 8124K bss, 23160K reserved, 16384K cma-reserved, 0K highmem)
[    0.000000] Virtual kernel memory layout:
[    0.000000]     vector  : 0xffff0000 - 0xffff1000   (   4 kB)
[    0.000000]     fixmap  : 0xffc00000 - 0xfff00000   (3072 kB)
[    0.000000]     vmalloc : 0xd0800000 - 0xff800000   ( 752 MB)
[    0.000000]     lowmem  : 0xc0000000 - 0xd0000000   ( 256 MB)
[    0.000000]     pkmap   : 0xbfe00000 - 0xc0000000   (   2 MB)
[    0.000000]     modules : 0xbf000000 - 0xbfe00000   (  14 MB)
[    0.000000]       .text : 0xc0008000 - 0xc0800000   (8160 kB)
[    0.000000]       .init : 0xc0b00000 - 0xc0c00000   (1024 kB)
[    0.000000]       .data : 0xc0c00000 - 0xc0cc5278   ( 789 kB)
[    0.000000]        .bss : 0xc0cc7000 - 0xc14b6108   (8125 kB)
[    0.000000] Running RCU self tests
[    0.000000] Hierarchical RCU implementation.
[    0.000000] 	RCU debugfs-based tracing is enabled.
[    0.000000] 	RCU lockdep checking is enabled.
[    0.000000] 	Build-time adjustment of leaf fanout to 32.
[    0.000000] 	RCU restricting CPUs from NR_CPUS=2 to nr_cpu_ids=1.
[    0.000000] RCU: Adjusting geometry for rcu_fanout_leaf=32, nr_cpu_ids=1
[    0.000000] NR_IRQS:16 nr_irqs:16 16
[    0.000000] IRQ: Found an INTC at 0xfa200000 (revision 4.0) with 96 interrupts
[    0.000000] Clocking rate (Crystal/Core/MPU): 26.0/400/600 MHz
[    0.000000] OMAP clockevent source: timer1 at 32768 Hz
[    0.000000] clocksource: 32k_counter: mask: 0xffffffff max_cycles: 0xffffffff, max_idle_ns: 58327039986419 ns
[    0.000000] sched_clock: 32 bits at 32kHz, resolution 30517ns, wraps every 65535999984741ns
[    0.000030] OMAP clocksource: 32k_counter at 32768 Hz
[    0.001708] Console: colour dummy device 80x30
[    0.001770] Lock dependency validator: Copyright (c) 2006 Red Hat, Inc., Ingo Molnar
[    0.001800] ... MAX_LOCKDEP_SUBCLASSES:  8
[    0.001800] ... MAX_LOCK_DEPTH:          48
[    0.001831] ... MAX_LOCKDEP_KEYS:        8191
[    0.001831] ... CLASSHASH_SIZE:          4096
[    0.001831] ... MAX_LOCKDEP_ENTRIES:     32768
[    0.001861] ... MAX_LOCKDEP_CHAINS:      65536
[    0.001861] ... CHAINHASH_SIZE:          32768
[    0.001892]  memory used by lock dependency info: 5167 kB
[    0.001892]  per task-struct memory footprint: 1536 bytes
[    0.001922] Calibrating delay loop... 594.73 BogoMIPS (lpj=2973696)
[    0.105926] pid_max: default: 32768 minimum: 301
[    0.106567] Security Framework initialized
[    0.106750] Mount-cache hash table entries: 1024 (order: 0, 4096 bytes)
[    0.106781] Mountpoint-cache hash table entries: 1024 (order: 0, 4096 bytes)
[    0.111114] CPU: Testing write buffer coherency: ok
[    0.113189] CPU0: thread -1, cpu 0, socket -1, mpidr 0
[    0.114715] Setting up static identity map for 0x80100000 - 0x80100070
[    0.118591] smp: Bringing up secondary CPUs ...
[    0.118621] smp: Brought up 1 node, 1 CPU
[    0.118652] SMP: Total of 1 processors activated (594.73 BogoMIPS).
[    0.118652] CPU: All CPU(s) started in SVC mode.
[    0.124145] devtmpfs: initialized
[    0.204864] VFP support v0.3: implementor 41 architecture 3 part 30 variant c rev 3
[    0.205993] clocksource: jiffies: mask: 0xffffffff max_cycles: 0xffffffff, max_idle_ns: 19112604462750000 ns
[    0.207763] pinctrl core: initialized pinctrl subsystem
[    0.214233] NET: Registered protocol family 16
[    0.223785] DMA: preallocated 256 KiB pool for atomic coherent allocations
[    0.314117] omap_hwmod: mcbsp2_sidetone using broken dt data from mcbsp
[    0.316802] omap_hwmod: mcbsp3_sidetone using broken dt data from mcbsp
[    0.443115] cpuidle: using governor menu
[    0.443847] Reprogramming SDRC clock to 400000000 Hz
[    0.464904] OMAP GPIO hardware version 2.5
[    0.504302] irq: no irq domain found for /ocp@68000000/l4@48000000/scm@2000/pinmux@30 !
[    0.505371] irq: no irq domain found for /ocp@68000000/l4@48000000/scm@2000/pinmux@30 !
[    0.506256] irq: no irq domain found for /ocp@68000000/l4@48000000/scm@2000/pinmux@30 !
[    0.513946] irq: no irq domain found for /ocp@68000000/l4@48000000/scm@2000/pinmux@30 !
[    0.531188] omap-gpmc 6e000000.gpmc: GPMC revision 5.0
[    0.531433] gpmc_mem_init: disabling cs 0 mapped at 0x0-0x1000000
[    0.548034] No ATAGs?
[    0.548065] hw-breakpoint: debug architecture 0x4 unsupported.
[    0.549316] omap4_sram_init:Unable to allocate sram needed to handle errata I688
[    0.549346] omap4_sram_init:Unable to get sram pool needed to handle errata I688
[    0.551116] OMAP DMA hardware revision 5.0
[    0.616363] omap-dma-engine 48056000.dma-controller: OMAP DMA engine driver (LinkedList1/2/3 supported)
[    0.620330] reg-fixed-voltage wl12xx_vmmc: could not find pctldev for node /ocp@68000000/l4@48000000/scm@2000/pinmux@30/pinmux_wl12xx_gpio, deferring probe
[    0.629272] omap-iommu 480bd400.mmu: 480bd400.mmu registered
[    0.630798] SCSI subsystem initialized
[    0.635925] omap_i2c 48070000.i2c: bus 0 rev4.4 at 2600 kHz
[    0.637969] omap_i2c 48072000.i2c: bus 1 rev4.4 at 400 kHz
[    0.640014] omap_i2c 48060000.i2c: bus 2 rev4.4 at 400 kHz
[    0.640624] pps_core: LinuxPPS API ver. 1 registered
[    0.640655] pps_core: Software ver. 5.3.6 - Copyright 2005-2007 Rodolfo Giometti <giometti@linux.it>
[    0.640716] PTP clock support registered
[    0.646057] clocksource: Switched to clocksource 32k_counter
[    0.820434] VFS: Disk quotas dquot_6.6.0
[    0.820678] VFS: Dquot-cache hash table entries: 1024 (order 0, 4096 bytes)
[    0.861602] NET: Registered protocol family 2
[    0.863983] TCP established hash table entries: 2048 (order: 1, 8192 bytes)
[    0.864074] TCP bind hash table entries: 2048 (order: 4, 73728 bytes)
[    0.865051] TCP: Hash tables configured (established 2048 bind 2048)
[    0.865539] UDP hash table entries: 256 (order: 2, 20480 bytes)
[    0.865814] UDP-Lite hash table entries: 256 (order: 2, 20480 bytes)
[    0.867156] NET: Registered protocol family 1
[    0.870056] RPC: Registered named UNIX socket transport module.
[    0.870086] RPC: Registered udp transport module.
[    0.870086] RPC: Registered tcp transport module.
[    0.870117] RPC: Registered tcp NFSv4.1 backchannel transport module.
[    0.877258] hw perfevents: enabled with armv7_cortex_a8 PMU driver, 5 counters available
[    0.885040] futex hash table entries: 256 (order: 2, 16384 bytes)
[    0.885284] audit: initializing netlink subsys (disabled)
[    0.889770] audit: type=2000 audit(0.880:1): state=initialized audit_enabled=0 res=1
[    0.891296] workingset: timestamp_bits=14 max_order=16 bucket_order=2
[    0.895111] NFS: Registering the id_resolver key type
[    0.895599] Key type id_resolver registered
[    0.895629] Key type id_legacy registered
[    0.895812] jffs2: version 2.2. (NAND) (SUMMARY)   2001-2006 Red Hat, Inc.
[    0.905761] io scheduler noop registered
[    0.905822] io scheduler deadline registered
[    0.905944] io scheduler cfq registered (default)
[    0.910583] pinctrl-single 48002030.pinmux: 284 pins at pa fa002030 size 568
[    0.911407] pinctrl-single 48002a00.pinmux: 46 pins at pa fa002a00 size 92
[    0.912689] pinctrl-single 480025a0.pinmux: 46 pins at pa fa0025a0 size 92
[    0.921600] Serial: 8250/16550 driver, 4 ports, IRQ sharing enabled
[    0.931152] 4806a000.serial: ttyO0 at MMIO 0x4806a000 (irq = 88, base_baud = 3000000) is a OMAP UART0
[    1.745910] console [ttyO0] enabled
[    1.752227] 4806c000.serial: ttyO1 at MMIO 0x4806c000 (irq = 89, base_baud = 3000000) is a OMAP UART1
[    1.764404] 49020000.serial: ttyO2 at MMIO 0x49020000 (irq = 90, base_baud = 3000000) is a OMAP UART2
[    1.775909] omap_uart 49042000.serial: no wakeirq for uart3
[    1.782257] 49042000.serial: ttyO3 at MMIO 0x49042000 (irq = 96, base_baud = 3000000) is a OMAP UART3
[    1.840209] brd: module loaded
[    1.871276] loop: module loaded
[    1.915985] twl 0-0048: PIH (irq 23) chaining IRQs 341..349
[    1.922485] twl 0-0048: power (irq 346) chaining IRQs 349..356
[    1.929962] random: fast init done
[    1.982421] VPLL2: Bringing 1300000uV into 1800000-1800000uV
[    1.998168] twl4030_gpio twl4030-gpio: gpio (irq 341) chaining IRQs 357..374
[    2.089324] mtdoops: mtd device (mtddev=name/number) must be supplied
[    2.099060] nand: Could not find valid ONFI parameter page; aborting
[    2.105804] nand: device found, Manufacturer ID: 0xad, Chip ID: 0xbc
[    2.112579] nand: Hynix NAND 512MiB 1,8V 16-bit
[    2.117401] nand: 512 MiB, SLC, erase size: 128 KiB, page size: 2048, OOB size: 64
[    2.125366] nand: using OMAP_ECC_BCH8_CODE_HW_DETECTION_SW
[    2.133880] 5 ofpart partitions found on MTD device 30000000.nand
[    2.140380] Creating 5 MTD partitions on "30000000.nand":
[    2.146118] 0x000000000000-0x000000080000 : "X-Loader"
[    2.159545] 0x000000080000-0x000000240000 : "U-Boot"
[    2.171051] 0x000000240000-0x000000280000 : "Environment"
[    2.181701] 0x000000280000-0x000000780000 : "Kernel"
[    2.195800] 0x000000780000-0x000020000000 : "Filesystem"
[    2.659423] libphy: Fixed MDIO Bus: probed
[    2.731292] libphy: smsc911x-mdio: probed
[    2.737854] smsc911x 2c000000.ethernet eth0: MAC Address: 00:50:c2:7e:93:ba
[    2.750335] mousedev: PS/2 mouse device common for all mice
[    2.756347] i2c /dev entries driver
[    2.842437] ledtrig-cpu: registered to indicate activity on CPUs
[    2.850280] oprofile: using arm/armv7
[    2.855041] Initializing XFRM netlink socket
[    2.860198] NET: Registered protocol family 10
[    2.872406] Segment Routing with IPv6
[    2.876525] sit: IPv6, IPv4 and MPLS over IPv4 tunneling driver
[    2.885437] NET: Registered protocol family 17
[    2.890350] NET: Registered protocol family 15
[    2.895446] Key type dns_resolver registered
[    2.900268] omap2_set_init_voltage: unable to find boot up OPP for vdd_mpu_iva
[    2.907928] omap2_set_init_voltage: unable to set vdd_mpu_iva
[    2.914001] omap2_set_init_voltage: unable to find boot up OPP for vdd_core
[    2.921356] omap2_set_init_voltage: unable to set vdd_core
[    2.930725] ThumbEE CPU extension supported.
[    2.935272] Registering SWP/SWPB emulation handler
[    2.940429] SmartReflex Class3 initialized
[    3.029113] vwl1271: supplied by VMMC2
[    3.076446] mmc0: host does not support reading read-only switch, assuming write-enable
[    3.087219] mmc0: new high speed SDHC card at address b368
[    3.097351] mmcblk0: mmc0:b368 SDC   3.75 GiB 
[    3.107482]  mmcblk0: p1 p2 p3
[    3.189147] hctosys: unable to open rtc device (rtc0)
[    3.194427] sr_init: No PMIC hook to init smartreflex
[    3.200347] smartreflex smartreflex.0: invalid resource
[    3.205841] smartreflex smartreflex.0: omap_sr_probe: ioremap fail
[    3.212463] smartreflex: probe of smartreflex.0 failed with error -22
[    3.219421] smartreflex smartreflex.1: invalid resource
[    3.224914] smartreflex smartreflex.1: omap_sr_probe: ioremap fail
[    3.231506] smartreflex: probe of smartreflex.1 failed with error -22
[    3.239013] sr_init: platform driver register failed for SR
[    3.253143] omap_hsmmc 480b4000.mmc: card claims to support voltages below defined range
[    3.286132] mmc1: new SDIO card at address 0001
[    3.346771] SMSC LAN8700 2c000000.etherne:01: attached PHY driver [SMSC LAN8700] (mii_bus:phy_addr=2c000000.etherne:01, irq=-1)
[    3.362640] smsc911x 2c000000.ethernet eth0: SMSC911x/921x identified at 0xd0950000, IRQ: 288
[    3.372558] IPv6: ADDRCONF(NETDEV_UP): eth0: link is not ready
[    5.446411] IPv6: ADDRCONF(NETDEV_CHANGE): eth0: link becomes ready
[    5.477142] Sending DHCP requests ., OK
[    5.520416] IP-Config: Got DHCP answer from 192.168.0.1, my address is 192.168.0.212
[    5.528656] IP-Config: Complete:
[    5.532043]      device=eth0, hwaddr=00:50:c2:7e:93:ba, ipaddr=192.168.0.212, mask=255.255.255.0, gw=192.168.0.1
[    5.542785]      host=192.168.0.212, domain=ti.com, nis-domain=(none)
[    5.549621]      bootserver=0.0.0.0, rootserver=0.0.0.0, rootpath=     nameserver0=192.0.2.2, nameserver1=192.0.2.3
[    5.562438] lcd_3v3: disabling
[    5.569580] VUSB3V1: disabling
[    5.573364] vwl1271: disabling
[    5.587341] EXT4-fs (mmcblk0p2): mounting ext3 file system using the ext4 subsystem
[    5.618164] EXT4-fs (mmcblk0p2): warning: maximal mount count reached, running e2fsck is recommended
[    5.985351] EXT4-fs (mmcblk0p2): mounted filesystem with ordered data mode. Opts: (null)
[    5.994201] VFS: Mounted root (ext3 filesystem) on device 179:2.
[    6.015594] devtmpfs: mounted
[    6.022491] Freeing unused kernel memory: 1024K

INIT: version 2.86 booting

Please wait: booting...
Error opening /dev/fb0: No such file or directory
Starting udev
WARNING: -e needs -E or -F
[    7.317535] udevd (123): /proc/123/oom_adj is deprecated, please use /proc/123/oom_score_adj instead.
[   24.982940] FAT-fs (mmcblk0p1): Volume was not properly unmounted. Some data may be corrupt. Please run fsck.
[   24.994201] EXT4-fs (mmcblk0p3): mounting ext3 file system using the ext4 subsystem
[   25.027465] EXT4-fs (mmcblk0p3): warning: maximal mount count reached, running e2fsck is recommended
[   25.105377] EXT4-fs (mmcblk0p3): mounted filesystem with ordered data mode. Opts: (null)
[   25.263549] alignment: ignoring faults is unsafe on this CPU.  Defaulting to fixup mode.
Remounting root file system...
[   25.439239] EXT4-fs (mmcblk0p2): re-mounted. Opts: (null)
Caching udev devnodes
logger: mount: mount point /proc/bus/usb does not exist
ALSA: Restoring mixer settings...
/usr/sbin/alsactl: load_state:1625: No soundcards found...
Configuring network interfaces... [   28.556915] SMSC LAN8700 2c000000.etherne:01: attached PHY driver [SMSC LAN8700] (mii_bus:phy_addr=2c000000.etherne:01, irq=-1)
[   28.571990] smsc911x 2c000000.ethernet eth0: SMSC911x/921x identified at 0xd0950000, IRQ: 288
[   28.581726] IPv6: ADDRCONF(NETDEV_UP): eth0: link is not ready
eth0      no wireless extensions.

udhcpc (v1.13.2) started
Sending discover...
[   30.637268] IPv6: ADDRCONF(NETDEV_CHANGE): eth0: link becomes ready
Sending discover...
Sending select for 192.168.0.57...
Lease of 192.168.0.57 obtained, lease time 7200
adding dns 192.0.2.2
adding dns 192.0.2.3
done.
Setting up IP spoofing protection: rp_filter.
hwclock: can't open '/dev/misc/rtc': No such file or directory
Sat Jul 30 00:38:00 UTC 2016
hwclock: can't open '/dev/misc/rtc': No such file or directory

INIT: Entering runlevel: 5

Starting system message bus: dbus.
Starting Hardware abstraction layer hald
[   36.185791] ecc unrecoverable error
[   36.189819] ecc unrecoverable error
[   36.193603] ecc unrecoverable error
[   36.197418] ecc unrecoverable error
[   36.201385] blk_update_request: I/O error, dev mtdblock0, sector 0
[   36.317474] ecc unrecoverable error
[   36.321258] ecc unrecoverable error
[   36.325042] ecc unrecoverable error
[   36.328918] ecc unrecoverable error
[   36.332641] blk_update_request: I/O error, dev mtdblock0, sector 0
[   36.339538] Buffer I/O error on dev mtdblock0, logical block 0, async page read
[   36.457305] ecc unrecoverable error
[   36.461120] ecc unrecoverable error
[   36.464813] blk_update_request: I/O error, dev mtdblock2, sector 0
[   36.487030] ecc unrecoverable error
[   36.490814] ecc unrecoverable error
[   36.494598] ecc unrecoverable error
[   36.498474] ecc unrecoverable error
[   36.502197] blk_update_request: I/O error, dev mtdblock1, sector 3456
[   36.537200] ecc unrecoverable error
[   36.541015] ecc unrecoverable error
[   36.544708] blk_update_request: I/O error, dev mtdblock3, sector 10112
[   36.566864] ecc unrecoverable error
[   36.570678] ecc unrecoverable error
[   36.574432] ecc unrecoverable error
[   36.578308] ecc unrecoverable error
[   36.582031] blk_update_request: I/O error, dev mtdblock0, sector 0
[   36.588531] Buffer I/O error on dev mtdblock0, logical block 0, async page read
[   36.636993] ecc unrecoverable error
[   36.640777] ecc unrecoverable error
[   36.644500] blk_update_request: I/O error, dev mtdblock2, sector 0
[   36.651000] Buffer I/O error on dev mtdblock2, logical block 0, async page read
[   36.723571] ecc unrecoverable error
[   36.727600] ecc unrecoverable error
[   36.731353] ecc unrecoverable error
[   36.735107] ecc unrecoverable error
[   36.738891] blk_update_request: I/O error, dev mtdblock1, sector 3456
[   36.745666] Buffer I/O error on dev mtdblock1, logical block 432, async page read
[   36.760803] ecc unrecoverable error
[   36.764709] ecc unrecoverable error
[   36.768585] blk_update_request: I/O error, dev mtdblock3, sector 10112
[   36.775482] Buffer I/O error on dev mtdblock3, logical block 1264, async page read
[   36.842864] ecc unrecoverable error
[   36.846923] ecc unrecoverable error
[   36.850708] ecc unrecoverable error
[   36.854431] ecc unrecoverable error
[   36.858215] blk_update_request: I/O error, dev mtdblock0, sector 0
[   36.864715] Buffer I/O error on dev mtdblock0, logical block 0, async page read
[   36.900787] ecc unrecoverable error
[   36.904571] ecc unrecoverable error
[   36.908477] Buffer I/O error on dev mtdblock2, logical block 0, async page read
[   36.977325] ecc unrecoverable error
[   36.981140] ecc unrecoverable error
[   36.984893] ecc unrecoverable error
[   36.988861] ecc unrecoverable error
[   36.995117] ecc unrecoverable error
[   36.999084] ecc unrecoverable error
[   37.003662] ecc unrecoverable error
[   37.007568] ecc unrecoverable error
[   37.011352] ecc unrecoverable error
[   37.015075] ecc unrecoverable error
[   37.018859] Buffer I/O error on dev mtdblock0, logical block 0, async page read
[   37.028839] ecc unrecoverable error
[   37.032592] ecc unrecoverable error
[   37.036437] Buffer I/O error on dev mtdblock2, logical block 0, async page read
[   37.044982] ecc unrecoverable error
[   37.048889] ecc unrecoverable error
[   37.052673] ecc unrecoverable error
[   37.056488] ecc unrecoverable error
[   37.060211] Buffer I/O error on dev mtdblock1, logical block 446, async page read
[   37.069030] ecc unrecoverable error
[   37.072814] ecc unrecoverable error
[   37.078155] ecc unrecoverable error
[   37.081909] ecc unrecoverable error
[   37.085693] ecc unrecoverable error
[   37.089569] ecc unrecoverable error
[   37.094970] ecc unrecoverable error
[   37.098846] ecc unrecoverable error
[   37.103302] ecc unrecoverable error
[   37.107147] ecc unrecoverable error
[   37.110900] ecc unrecoverable error
[   37.114654] ecc unrecoverable error
[   37.119140] ecc unrecoverable error
[   37.122894] ecc unrecoverable error
[   37.127349] ecc unrecoverable error
[   37.131103] ecc unrecoverable error
[   37.134887] ecc unrecoverable error
[   37.138671] ecc unrecoverable error
[   37.143951] ecc unrecoverable error
[   37.147857] ecc unrecoverable error
[   37.152496] ecc unrecoverable error
[   37.156372] ecc unrecoverable error
[   37.160125] ecc unrecoverable error
[   37.163879] ecc unrecoverable error
[   37.168426] ecc unrecoverable error
[   37.172210] ecc unrecoverable error
[   37.176788] ecc unrecoverable error
[   37.180572] ecc unrecoverable error
[   37.184326] ecc unrecoverable error
[   37.188140] ecc unrecoverable error
[   37.195220] ecc unrecoverable error
[   37.199157] ecc unrecoverable error
[   37.203765] ecc unrecoverable error
[   37.207641] ecc unrecoverable error
[   37.211425] ecc unrecoverable error
[   37.215179] ecc unrecoverable error
[   37.219787] ecc unrecoverable error
[   37.223541] ecc unrecoverable error
[   37.228179] ecc unrecoverable error
[   37.231964] ecc unrecoverable error
[   37.235717] ecc unrecoverable error
[   37.239562] ecc unrecoverable error
[   37.244842] ecc unrecoverable error
[   37.248718] ecc unrecoverable error
[   37.253143] ecc unrecoverable error
[   37.256988] ecc unrecoverable error
[   37.260772] ecc unrecoverable error
[   37.264526] ecc unrecoverable error
[   37.270477] ecc unrecoverable error
[   37.274261] ecc unrecoverable error
[   37.280548] ecc unrecoverable error
[   37.284332] ecc unrecoverable error
[   37.288269] ecc unrecoverable error
[   37.291992] ecc unrecoverable error
[   37.297790] ecc unrecoverable error
[   37.301574] ecc unrecoverable error
[   37.305938] ecc unrecoverable error
[   37.309844] ecc unrecoverable error
[   37.313629] ecc unrecoverable error
[   37.317474] ecc unrecoverable error
[   37.321960] ecc unrecoverable error
[   37.325744] ecc unrecoverable error
[   37.330200] ecc unrecoverable error
[   37.333984] ecc unrecoverable error
[   37.337829] ecc unrecoverable error
[   37.341552] ecc unrecoverable error
[   37.347412] ecc unrecoverable error
[   37.351196] ecc unrecoverable error
[   37.355590] ecc unrecoverable error
[   37.359466] ecc unrecoverable error
[   37.363250] ecc unrecoverable error
[   37.367065] ecc unrecoverable error
[   37.371429] ecc unrecoverable error
[   37.375183] ecc unrecoverable error
[   37.379608] ecc unrecoverable error
[   37.383361] ecc unrecoverable error
[   37.387207] ecc unrecoverable error
[   37.390960] ecc unrecoverable error
[   37.396362] ecc unrecoverable error
[   37.400146] ecc unrecoverable error
[   37.404571] ecc unrecoverable error
[   37.408416] ecc unrecoverable error
[   37.412200] ecc unrecoverable error
[   37.415954] ecc unrecoverable error
[   37.420440] ecc unrecoverable error
[   37.424194] ecc unrecoverable error
[   37.428680] ecc unrecoverable error
[   37.432434] ecc unrecoverable error
[   37.436279] ecc unrecoverable error
[   37.440002] ecc unrecoverable error
[   37.445190] ecc unrecoverable error
[   37.449066] ecc unrecoverable error
[   37.453399] ecc unrecoverable error
[   37.457244] ecc unrecoverable error
[   37.460998] ecc unrecoverable error
[   37.464782] ecc unrecoverable error
[   37.469207] ecc unrecoverable error
[   37.472991] ecc unrecoverable error
[   37.477416] ecc unrecoverable error
[   37.481201] ecc unrecoverable error
[   37.484954] ecc unrecoverable error
[   37.488769] ecc unrecoverable error
[   37.494079] ecc unrecoverable error
[   37.497955] ecc unrecoverable error
[   37.502349] ecc unrecoverable error
[   37.506256] ecc unrecoverable error
[   37.510009] ecc unrecoverable error
[   37.513763] ecc unrecoverable error
[   37.518188] ecc unrecoverable error
[   37.521972] ecc unrecoverable error
[   37.526428] ecc unrecoverable error
[   37.530212] ecc unrecoverable error
[   37.533966] ecc unrecoverable error
[   37.537780] ecc unrecoverable error
[   37.542999] ecc unrecoverable error
[   37.546874] ecc unrecoverable error
[   37.551269] ecc unrecoverable error
[   37.555053] ecc unrecoverable error
[   37.558898] ecc unrecoverable error
[   37.562652] ecc unrecoverable error
[   37.567108] ecc unrecoverable error
[   37.570861] ecc unrecoverable error
[   37.575256] ecc unrecoverable error
[   37.579101] ecc unrecoverable error
[   37.582855] ecc unrecoverable error
[   37.586669] ecc unrecoverable error
[   37.591857] ecc unrecoverable error
[   37.595642] ecc unrecoverable error
[   37.600097] ecc unrecoverable error
[   37.603881] ecc unrecoverable error
[   37.607727] ecc unrecoverable error
[   37.611480] ecc unrecoverable error
[   37.615875] ecc unrecoverable error
[   37.619720] ecc unrecoverable error
[   37.624114] ecc unrecoverable error
[   37.627960] ecc unrecoverable error
[   37.631713] ecc unrecoverable error
[   37.635467] ecc unrecoverable error
[   37.640777] ecc unrecoverable error
[   37.644531] ecc unrecoverable error
[   37.648986] ecc unrecoverable error
[   37.652740] ecc unrecoverable error
[   37.656585] ecc unrecoverable error
[   37.660339] ecc unrecoverable error
[   37.664672] ecc unrecoverable error
[   37.668518] ecc unrecoverable error
[   37.672821] ecc unrecoverable error
[   37.676666] ecc unrecoverable error
[   37.680419] ecc unrecoverable error
[   37.684173] ecc unrecoverable error
[   37.689422] ecc unrecoverable error
[   37.693176] ecc unrecoverable error
[   37.697662] ecc unrecoverable error
[   37.701416] ecc unrecoverable error
[   37.705169] ecc unrecoverable error
[   37.709014] ecc unrecoverable error
[   37.713439] ecc unrecoverable error
[   37.717285] ecc unrecoverable error
[   37.721679] ecc unrecoverable error
[   37.725433] ecc unrecoverable error
[   37.729248] ecc unrecoverable error
[   37.733032] ecc unrecoverable error
[   37.738220] ecc unrecoverable error
[   37.741973] ecc unrecoverable error
[   37.746429] ecc unrecoverable error
[   37.750183] ecc unrecoverable error
[   37.753967] ecc unrecoverable error
[   37.757781] ecc unrecoverable error
[   37.762176] ecc unrecoverable error
[   37.765960] ecc unrecoverable error
[   37.770416] ecc unrecoverable error
[   37.774169] ecc unrecoverable error
[   37.778015] ecc unrecoverable error
[   37.781768] ecc unrecoverable error
[   37.787200] ecc unrecoverable error
[   37.790954] ecc unrecoverable error
[   37.795349] ecc unrecoverable error
[   37.799224] ecc unrecoverable error
[   37.802978] ecc unrecoverable error
[   37.806823] ecc unrecoverable error
[   37.811218] ecc unrecoverable error
[   37.814971] ecc unrecoverable error
[   37.819427] ecc unrecoverable error
[   37.823181] ecc unrecoverable error
[   37.826995] ecc unrecoverable error
[   37.830780] ecc unrecoverable error
[   37.835937] ecc unrecoverable error
[   37.839782] ecc unrecoverable error
[   37.844177] ecc unrecoverable error
[   37.848052] ecc unrecoverable error
[   37.851806] ecc unrecoverable error
[   37.855560] ecc unrecoverable error
[   37.860015] ecc unrecoverable error
[   37.863800] ecc unrecoverable error
[   37.868255] ecc unrecoverable error
[   37.872009] ecc unrecoverable error
[   37.875762] ecc unrecoverable error
[   37.879608] ecc unrecoverable error
[   37.884765] ecc unrecoverable error
[   37.888610] ecc unrecoverable error
[   37.892944] ecc unrecoverable error
[   37.896789] ecc unrecoverable error
[   37.900543] ecc unrecoverable error
[   37.904296] ecc unrecoverable error
[   37.908721] ecc unrecoverable error
[   37.912475] ecc unrecoverable error
[   37.916931] ecc unrecoverable error
[   37.920684] ecc unrecoverable error
[   37.924438] ecc unrecoverable error
[   37.928253] ecc unrecoverable error
[   37.933502] ecc unrecoverable error
[   37.937316] ecc unrecoverable error
[   37.941711] ecc unrecoverable error
[   37.945495] ecc unrecoverable error
[   37.949310] ecc unrecoverable error
[   37.953094] ecc unrecoverable error
[   37.957458] ecc unrecoverable error
[   37.961212] ecc unrecoverable error
[   37.965515] ecc unrecoverable error
[   37.969360] ecc unrecoverable error
[   37.973114] ecc unrecoverable error
[   37.976928] ecc unrecoverable error
[   37.982086] ecc unrecoverable error
[   37.985839] ecc unrecoverable error
[   37.990325] ecc unrecoverable error
[   37.994079] ecc unrecoverable error
[   37.997924] ecc unrecoverable error
[   38.001678] ecc unrecoverable error
[   38.006195] ecc unrecoverable error
[   38.009979] ecc unrecoverable error
[   38.014343] ecc unrecoverable error
[   38.018188] ecc unrecoverable error
[   38.021972] ecc unrecoverable error
[   38.025695] ecc unrecoverable error
[   38.030914] ecc unrecoverable error
[   38.034667] ecc unrecoverable error
[   38.039062] ecc unrecoverable error
[   38.042816] ecc unrecoverable error
[   38.046661] ecc unrecoverable error
[   38.050415] ecc unrecoverable error
[   38.054809] ecc unrecoverable error
[   38.058654] ecc unrecoverable error
[   38.063018] ecc unrecoverable error
[   38.066864] ecc unrecoverable error
[   38.070648] ecc unrecoverable error
[   38.074371] ecc unrecoverable error
[   38.079711] ecc unrecoverable error
[   38.083465] ecc unrecoverable error
[   38.087921] ecc unrecoverable error
[   38.091705] ecc unrecoverable error
[   38.095458] ecc unrecoverable error
[   38.099304] ecc unrecoverable error
[   38.103607] ecc unrecoverable error
[   38.107482] ecc unrecoverable error
[   38.112152] ecc unrecoverable error
[   38.115936] ecc unrecoverable error
[   38.119781] ecc unrecoverable error
[   38.123504] ecc unrecoverable error
[   38.128753] ecc unrecoverable error
[   38.132537] ecc unrecoverable error
[   38.137023] ecc unrecoverable error
[   38.140777] ecc unrecoverable error
[   38.144531] ecc unrecoverable error
[   38.148376] ecc unrecoverable error
[   38.152770] ecc unrecoverable error
[   38.156616] ecc unrecoverable error
[   38.161010] ecc unrecoverable error
[   38.164794] ecc unrecoverable error
[   38.168609] ecc unrecoverable error
[   38.172363] ecc unrecoverable error
[   38.177795] ecc unrecoverable error
[   38.181549] ecc unrecoverable error
[   38.185882] ecc unrecoverable error
[   38.189758] ecc unrecoverable error
[   38.193481] ecc unrecoverable error
[   38.197326] ecc unrecoverable error
[   38.201751] ecc unrecoverable error
[   38.205535] ecc unrecoverable error
[   38.210021] ecc unrecoverable error
[   38.213775] ecc unrecoverable error
[   38.217620] ecc unrecoverable error
[   38.221343] ecc unrecoverable error
[   38.226776] ecc unrecoverable error
[   38.230560] ecc unrecoverable error
[   38.234954] ecc unrecoverable error
[   38.238800] ecc unrecoverable error
[   38.242584] ecc unrecoverable error
[   38.246398] ecc unrecoverable error
[   38.250732] ecc unrecoverable error
[   38.254486] ecc unrecoverable error
[   38.258880] ecc unrecoverable error
[   38.262634] ecc unrecoverable error
[   38.266479] ecc unrecoverable error
[   38.270233] ecc unrecoverable error
[   38.275421] ecc unrecoverable error
[   38.279296] ecc unrecoverable error
[   38.283721] ecc unrecoverable error
[   38.287567] ecc unrecoverable error
[   38.291320] ecc unrecoverable error
[   38.295074] ecc unrecoverable error
[   38.299530] ecc unrecoverable error
[   38.303314] ecc unrecoverable error
[   38.307769] ecc unrecoverable error
[   38.311523] ecc unrecoverable error
[   38.315277] ecc unrecoverable error
[   38.319091] ecc unrecoverable error
[   38.324279] ecc unrecoverable error
[   38.328124] ecc unrecoverable error
[   38.332458] ecc unrecoverable error
[   38.336303] ecc unrecoverable error
[   38.340057] ecc unrecoverable error
[   38.343811] ecc unrecoverable error
[   38.348236] ecc unrecoverable error
[   38.352020] ecc unrecoverable error
[   38.356506] ecc unrecoverable error
[   38.360260] ecc unrecoverable error
[   38.364044] ecc unrecoverable error
[   38.367828] ecc unrecoverable error
[   38.373077] ecc unrecoverable error
[   38.376922] ecc unrecoverable error
[   38.381317] ecc unrecoverable error
[   38.385101] ecc unrecoverable error
[   38.388916] ecc unrecoverable error
[   38.392700] ecc unrecoverable error
[   38.397064] ecc unrecoverable error
[   38.400848] ecc unrecoverable error
[   38.405120] ecc unrecoverable error
[   38.408996] ecc unrecoverable error
[   38.412750] ecc unrecoverable error
[   38.416534] ecc unrecoverable error
[   38.421722] ecc unrecoverable error
[   38.425476] ecc unrecoverable error
[   38.429962] ecc unrecoverable error
[   38.433746] ecc unrecoverable error
[   38.437561] ecc unrecoverable error
[   38.441345] ecc unrecoverable error
[   38.445739] ecc unrecoverable error
[   38.449584] ecc unrecoverable error
[   38.453979] ecc unrecoverable error
[   38.457824] ecc unrecoverable error
[   38.461578] ecc unrecoverable error
[   38.465301] ecc unrecoverable error
[   38.470520] ecc unrecoverable error
[   38.474304] ecc unrecoverable error
[   38.478698] ecc unrecoverable error
[   38.482452] ecc unrecoverable error
[   38.486297] ecc unrecoverable error
[   38.490051] ecc unrecoverable error
[   38.494415] ecc unrecoverable error
[   38.498291] ecc unrecoverable error
[   38.502624] ecc unrecoverable error
[   38.506500] ecc unrecoverable error
[   38.510253] ecc unrecoverable error
[   38.513977] ecc unrecoverable error
[   38.519256] ecc unrecoverable error
[   38.523040] ecc unrecoverable error
[   38.527496] ecc unrecoverable error
[   38.531249] ecc unrecoverable error
[   38.535003] ecc unrecoverable error
[   38.538848] ecc unrecoverable error
[   38.543151] ecc unrecoverable error
[   38.546997] ecc unrecoverable error
[   38.551300] ecc unrecoverable error
[   38.555084] ecc unrecoverable error
[   38.558929] ecc unrecoverable error
[   38.562652] ecc unrecoverable error
[   38.567871] ecc unrecoverable error
[   38.571655] ecc unrecoverable error
[   38.576019] ecc unrecoverable error
[   38.579895] ecc unrecoverable error
[   38.583648] ecc unrecoverable error
[   38.587463] ecc unrecoverable error
[   38.591857] ecc unrecoverable error
[   38.595642] ecc unrecoverable error
[   38.600067] ecc unrecoverable error
[   38.603851] ecc unrecoverable error
[   38.607696] ecc unrecoverable error
[   38.611419] ecc unrecoverable error
[   38.616699] ecc unrecoverable error
[   38.620483] ecc unrecoverable error
[   38.624786] ecc unrecoverable error
[   38.628662] ecc unrecoverable error
[   38.632415] ecc unrecoverable error
[   38.636230] ecc unrecoverable error
[   38.640624] ecc unrecoverable error
[   38.644378] ecc unrecoverable error
[   38.648803] ecc unrecoverable error
[   38.652587] ecc unrecoverable error
[   38.656433] ecc unrecoverable error
[   38.660156] ecc unrecoverable error
[   38.665405] ecc unrecoverable error
[   38.669281] ecc unrecoverable error
[   38.673645] ecc unrecoverable error
[   38.677490] ecc unrecoverable error
[   38.681243] ecc unrecoverable error
[   38.684997] ecc unrecoverable error
[   38.689392] ecc unrecoverable error
[   38.693145] ecc unrecoverable error
[   38.697509] ecc unrecoverable error
[   38.701293] ecc unrecoverable error
[   38.705047] ecc unrecoverable error
[   38.708862] ecc unrecoverable error
[   38.713989] ecc unrecoverable error
[   38.717864] ecc unrecoverable error
[   38.722259] ecc unrecoverable error
[   38.726165] ecc unrecoverable error
[   38.729919] ecc unrecoverable error
[   38.733673] ecc unrecoverable error
[   38.738128] ecc unrecoverable error
[   38.741882] ecc unrecoverable error
[   38.746398] ecc unrecoverable error
[   38.750152] ecc unrecoverable error
[   38.753906] ecc unrecoverable error
[   38.757720] ecc unrecoverable error
[   38.762878] ecc unrecoverable error
[   38.766754] ecc unrecoverable error
[   38.771057] ecc unrecoverable error
[   38.774841] ecc unrecoverable error
[   38.778656] ecc unrecoverable error
[   38.782409] ecc unrecoverable error
[   38.786834] ecc unrecoverable error
[   38.790618] ecc unrecoverable error
[   38.794952] ecc unrecoverable error
[   38.798828] ecc unrecoverable error
[   38.802581] ecc unrecoverable error
[   38.806365] ecc unrecoverable error
[   38.811614] ecc unrecoverable error
[   38.815399] ecc unrecoverable error
[   38.819854] ecc unrecoverable error
[   38.823608] ecc unrecoverable error
[   38.827453] ecc unrecoverable error
[   38.831207] ecc unrecoverable error
[   38.835540] ecc unrecoverable error
[   38.839385] ecc unrecoverable error
[   38.843688] ecc unrecoverable error
[   38.847534] ecc unrecoverable error
[   38.851318] ecc unrecoverable error
[   38.855041] ecc unrecoverable error
[   38.860260] ecc unrecoverable error
[   38.864013] ecc unrecoverable error
[   38.868499] ecc unrecoverable error
[   38.872253] ecc unrecoverable error
[   38.876129] ecc unrecoverable error
[   38.879913] ecc unrecoverable error
[   38.884307] ecc unrecoverable error
[   38.888153] ecc unrecoverable error
[   38.892517] ecc unrecoverable error
[   38.896362] ecc unrecoverable error
[   38.900146] ecc unrecoverable error
[   38.903869] ecc unrecoverable error
[   38.909088] ecc unrecoverable error
[   38.912841] ecc unrecoverable error
[   38.917236] ecc unrecoverable error
[   38.921020] ecc unrecoverable error
[   38.924774] ecc unrecoverable error
[   38.928619] ecc unrecoverable error
[   38.933013] ecc unrecoverable error
[   38.936828] ecc unrecoverable error
[   38.941223] ecc unrecoverable error
[   38.944976] ecc unrecoverable error
[   38.948822] ecc unrecoverable error
[   38.952545] ecc unrecoverable error
[   38.957855] ecc unrecoverable error
[   38.961639] ecc unrecoverable error
[   38.966003] ecc unrecoverable error
[   38.969848] ecc unrecoverable error
[   38.973602] ecc unrecoverable error
[   38.977447] ecc unrecoverable error
[   38.981811] ecc unrecoverable error
[   38.985565] ecc unrecoverable error
[   38.989959] ecc unrecoverable error
[   38.993743] ecc unrecoverable error
[   38.997589] ecc unrecoverable error
[   39.001312] ecc unrecoverable error
[   39.006591] ecc unrecoverable error
[   39.010375] ecc unrecoverable error
[   39.014770] ecc unrecoverable error
[   39.018615] ecc unrecoverable error
[   39.022399] ecc unrecoverable error
[   39.026214] ecc unrecoverable error
[   39.030609] ecc unrecoverable error
[   39.034393] ecc unrecoverable error
[   39.038848] ecc unrecoverable error
[   39.042602] ecc unrecoverable error
[   39.046447] ecc unrecoverable error
[   39.050170] ecc unrecoverable error
[   39.055328] ecc unrecoverable error
[   39.059204] ecc unrecoverable error
[   39.063537] ecc unrecoverable error
[   39.067382] ecc unrecoverable error
[   39.071166] ecc unrecoverable error
[   39.074920] ecc unrecoverable error
[   39.079345] ecc unrecoverable error
[   39.083099] ecc unrecoverable error
[   39.087554] ecc unrecoverable error
[   39.091308] ecc unrecoverable error
[   39.095062] ecc unrecoverable error
[   39.098876] ecc unrecoverable error
[   39.104125] ecc unrecoverable error
[   39.107971] ecc unrecoverable error
[   39.112365] ecc unrecoverable error
[   39.116241] ecc unrecoverable error
[   39.120025] ecc unrecoverable error
[   39.123779] ecc unrecoverable error
[   39.128204] ecc unrecoverable error
[   39.131988] ecc unrecoverable error
[   39.136444] ecc unrecoverable error
[   39.140228] ecc unrecoverable error
[   39.143981] ecc unrecoverable error
[   39.147766] ecc unrecoverable error
[   39.152984] ecc unrecoverable error
[   39.156860] ecc unrecoverable error
[   39.161926] ecc unrecoverable error
[   39.165710] ecc unrecoverable error
[   39.169586] ecc unrecoverable error
[   39.173339] ecc unrecoverable error
[   39.177856] ecc unrecoverable error
[   39.181610] ecc unrecoverable error
[   39.185974] ecc unrecoverable error
[   39.189849] ecc unrecoverable error
[   39.193603] ecc unrecoverable error
[   39.197448] ecc unrecoverable error
[   39.202697] ecc unrecoverable error
[   39.206573] ecc unrecoverable error
[   39.210937] ecc unrecoverable error
[   39.214721] ecc unrecoverable error
[   39.218566] ecc unrecoverable error
[   39.222320] ecc unrecoverable error
[   39.226837] ecc unrecoverable error
[   39.230560] ecc unrecoverable error
[   39.234924] ecc unrecoverable error
[   39.238769] ecc unrecoverable error
[   39.242553] ecc unrecoverable error
[   39.246368] ecc unrecoverable error
[   39.251647] ecc unrecoverable error
[   39.255401] ecc unrecoverable error
[   39.259918] ecc unrecoverable error
[   39.263702] ecc unrecoverable error
[   39.267547] ecc unrecoverable error
[   39.271301] ecc unrecoverable error
[   39.275665] ecc unrecoverable error
[   39.279510] ecc unrecoverable error
[   39.283843] ecc unrecoverable error
[   39.287689] ecc unrecoverable error
[   39.291473] ecc unrecoverable error
[   39.295196] ecc unrecoverable error
[   39.300415] ecc unrecoverable error
[   39.304199] ecc unrecoverable error
[   39.308654] ecc unrecoverable error
[   39.312438] ecc unrecoverable error
[   39.316284] ecc unrecoverable error
[   39.320068] ecc unrecoverable error
[   39.324432] ecc unrecoverable error
[   39.328308] ecc unrecoverable error
[   39.332672] ecc unrecoverable error
[   39.336547] ecc unrecoverable error
[   39.340301] ecc unrecoverable error
[   39.344024] ecc unrecoverable error
[   39.349243] ecc unrecoverable error
[   39.353027] ecc unrecoverable error
[   39.357421] ecc unrecoverable error
[   39.361206] ecc unrecoverable error
[   39.364959] ecc unrecoverable error
[   39.368804] ecc unrecoverable error
[   39.373199] ecc unrecoverable error
[   39.377044] ecc unrecoverable error
[   39.381408] ecc unrecoverable error
[   39.385192] ecc unrecoverable error
[   39.389007] ecc unrecoverable error
[   39.392761] ecc unrecoverable error
[   39.406677] ecc unrecoverable error
[   39.410461] ecc unrecoverable error
[   39.419891] ecc unrecoverable error
[   39.423675] ecc unrecoverable error
[   39.427673] ecc unrecoverable error
[   39.431427] ecc unrecoverable error
[   39.436370] ecc unrecoverable error
[   39.440155] ecc unrecoverable error
[   39.445953] ecc unrecoverable error
[   39.449890] ecc unrecoverable error
[   39.466400] ecc unrecoverable error
[   39.470184] ecc unrecoverable error
[   39.473937] ecc unrecoverable error
[   39.477813] ecc unrecoverable error
[   39.482482] ecc unrecoverable error
[   39.486419] ecc unrecoverable error
[   39.491912] ecc unrecoverable error
[   39.495697] ecc unrecoverable error
[   39.499603] ecc unrecoverable error
[   39.503387] ecc unrecoverable error
[   39.508300] ecc unrecoverable error
[   39.512054] ecc unrecoverable error
[   39.518951] ecc unrecoverable error
[   39.522766] ecc unrecoverable error
[   39.526702] ecc unrecoverable error
[   39.530456] ecc unrecoverable error
[   39.535858] ecc unrecoverable error
[   39.539764] ecc unrecoverable error
[   39.545532] ecc unrecoverable error
[   39.549438] ecc unrecoverable error
[   39.553192] ecc unrecoverable error
[   39.557006] ecc unrecoverable error
[   39.561462] ecc unrecoverable error
[   39.565216] ecc unrecoverable error
[   39.570556] ecc unrecoverable error
[   39.574340] ecc unrecoverable error
[   39.578186] ecc unrecoverable error
[   39.581970] ecc unrecoverable error
[   39.586425] ecc unrecoverable error
[   39.590209] ecc unrecoverable error
[   39.595428] ecc unrecoverable error
[   39.599273] ecc unrecoverable error
[   39.603057] ecc unrecoverable error
[   39.606872] ecc unrecoverable error
[   39.611267] ecc unrecoverable error
[   39.615020] ecc unrecoverable error
[   39.620330] ecc unrecoverable error
[   39.624084] ecc unrecoverable error
[   39.627960] ecc unrecoverable error
[   39.631713] ecc unrecoverable error
[   39.636230] ecc unrecoverable error
[   39.639984] ecc unrecoverable error
[   39.645172] ecc unrecoverable error
[   39.649047] ecc unrecoverable error
[   39.652801] ecc unrecoverable error
[   39.656616] ecc unrecoverable error
[   39.661773] ecc unrecoverable error
[   39.665527] ecc unrecoverable error
[   39.670837] ecc unrecoverable error
[   39.674621] ecc unrecoverable error
[   39.678466] ecc unrecoverable error
[   39.682250] ecc unrecoverable error
[   39.686798] ecc unrecoverable error
[   39.690582] ecc unrecoverable error
[   39.695770] ecc unrecoverable error
[   39.699676] ecc unrecoverable error
[   39.703460] ecc unrecoverable error
[   39.707275] ecc unrecoverable error
[   39.711914] ecc unrecoverable error
[   39.715698] ecc unrecoverable error
[   39.721069] ecc unrecoverable error
[   39.724853] ecc unrecoverable error
[   39.728698] ecc unrecoverable error
[   39.732452] ecc unrecoverable error
[   39.736907] ecc unrecoverable error
[   39.740661] ecc unrecoverable error
[   39.745849] ecc unrecoverable error
[   39.749694] ecc unrecoverable error
[   39.753448] ecc unrecoverable error
[   39.757263] ecc unrecoverable error
[   39.761657] ecc unrecoverable error
[   39.765441] ecc unrecoverable error
[   39.770721] ecc unrecoverable error
[   39.774505] ecc unrecoverable error
[   39.778350] ecc unrecoverable error
[   39.782104] ecc unrecoverable error
[   39.786712] ecc unrecoverable error
[   39.790466] ecc unrecoverable error
[   39.795623] ecc unrecoverable error
[   39.799499] ecc unrecoverable error
[   39.803253] ecc unrecoverable error
[   39.807067] ecc unrecoverable error
[   39.811462] ecc unrecoverable error
[   39.815246] ecc unrecoverable error
[   39.820434] ecc unrecoverable error
[   39.824218] ecc unrecoverable error
[   39.828063] ecc unrecoverable error
[   39.831817] ecc unrecoverable error
[   39.836242] ecc unrecoverable error
[   39.840026] ecc unrecoverable error
[   39.845245] ecc unrecoverable error
[   39.849121] ecc unrecoverable error
[   39.852844] ecc unrecoverable error
[   39.856689] ecc unrecoverable error
[   39.861114] ecc unrecoverable error
[   39.864868] ecc unrecoverable error
[   39.870178] ecc unrecoverable error
[   39.873931] ecc unrecoverable error
[   39.877807] ecc unrecoverable error
[   39.881561] ecc unrecoverable error
[   39.885955] ecc unrecoverable error
[   39.889801] ecc unrecoverable error
[   39.895050] ecc unrecoverable error
[   39.898895] ecc unrecoverable error
[   39.902679] ecc unrecoverable error
[   39.906494] ecc unrecoverable error
[   39.910888] ecc unrecoverable error
[   39.914642] ecc unrecoverable error
[   39.919860] ecc unrecoverable error
[   39.923614] ecc unrecoverable error
[   39.927459] ecc unrecoverable error
[   39.931243] ecc unrecoverable error
[   39.935638] ecc unrecoverable error
[   39.939483] ecc unrecoverable error
[   39.944610] ecc unrecoverable error
[   39.948486] ecc unrecoverable error
[   39.952239] ecc unrecoverable error
[   39.955993] ecc unrecoverable error
[   39.960357] ecc unrecoverable error
[   39.964141] ecc unrecoverable error
[   39.969421] ecc unrecoverable error
[   39.973175] ecc unrecoverable error
[   39.977020] ecc unrecoverable error
[   39.980804] ecc unrecoverable error
[   39.985168] ecc unrecoverable error
[   39.989013] ecc unrecoverable error
[   39.994201] ecc unrecoverable error
[   39.998046] ecc unrecoverable error
[   40.001831] ecc unrecoverable error
[   40.005584] ecc unrecoverable error
[   40.010009] ecc unrecoverable error
[   40.013793] ecc unrecoverable error
[   40.019073] ecc unrecoverable error
[   40.022857] ecc unrecoverable error
[   40.026702] ecc unrecoverable error
[   40.030456] ecc unrecoverable error
[   40.034851] ecc unrecoverable error
[   40.038696] ecc unrecoverable error
[   40.043823] ecc unrecoverable error
[   40.047668] ecc unrecoverable error
[   40.051422] ecc unrecoverable error
[   40.055175] ecc unrecoverable error
[   40.059631] ecc unrecoverable error
[   40.063415] ecc unrecoverable error
[   40.068603] ecc unrecoverable error
[   40.072357] ecc unrecoverable error
[   40.076324] ecc unrecoverable error
[   40.080078] ecc unrecoverable error
[   40.084411] ecc unrecoverable error
[   40.088256] ecc unrecoverable error
[   40.093536] ecc unrecoverable error
[   40.097412] ecc unrecoverable error
[   40.101165] ecc unrecoverable error
[   40.104919] ecc unrecoverable error
[   40.109344] ecc unrecoverable error
[   40.113128] ecc unrecoverable error
[   40.118377] ecc unrecoverable error
[   40.122131] ecc unrecoverable error
[   40.125885] ecc unrecoverable error
[   40.129730] ecc unrecoverable error
[   40.134124] ecc unrecoverable error
[   40.137969] ecc unrecoverable error
[   40.143157] ecc unrecoverable error
[   40.147003] ecc unrecoverable error
[   40.150756] ecc unrecoverable error
[   40.154510] ecc unrecoverable error
[   40.158935] ecc unrecoverable error
[   40.162689] ecc unrecoverable error
[   40.167999] ecc unrecoverable error
[   40.171783] ecc unrecoverable error
[   40.175537] ecc unrecoverable error
[   40.179382] ecc unrecoverable error
[   40.183807] ecc unrecoverable error
[   40.187652] ecc unrecoverable error
[   40.192871] ecc unrecoverable error
[   40.196716] ecc unrecoverable error
[   40.200469] ecc unrecoverable error
[   40.204223] ecc unrecoverable error
[   40.208648] ecc unrecoverable error
[   40.212402] ecc unrecoverable error
[   40.217834] ecc unrecoverable error
[   40.221618] ecc unrecoverable error
[   40.225372] ecc unrecoverable error
[   40.229248] ecc unrecoverable error
[   40.233642] ecc unrecoverable error
[   40.237487] ecc unrecoverable error
[   40.251190] ecc unrecoverable error
[   40.255004] ecc unrecoverable error
[   40.258941] ecc unrecoverable error
[   40.262695] ecc unrecoverable error
[   40.272094] ecc unrecoverable error
[   40.275909] ecc unrecoverable error
[   40.280761] ecc unrecoverable error
[   40.284545] ecc unrecoverable error
[   40.288452] ecc unrecoverable error
[   40.292205] ecc unrecoverable error
[   40.296936] ecc unrecoverable error
[   40.300720] ecc unrecoverable error
[   40.305114] ecc unrecoverable error
[   40.309082] ecc unrecoverable error
[   40.312835] ecc unrecoverable error
[   40.316650] ecc unrecoverable error
[   40.321441] ecc unrecoverable error
[   40.325225] ecc unrecoverable error
[   40.329803] ecc unrecoverable error
[   40.333587] ecc unrecoverable error
[   40.337432] ecc unrecoverable error
[   40.341217] ecc unrecoverable error
[   40.345611] ecc unrecoverable error
[   40.349456] ecc unrecoverable error
[   40.353820] ecc unrecoverable error
[   40.357666] ecc unrecoverable error
[   40.361419] ecc unrecoverable error
[   40.365173] ecc unrecoverable error
[   40.369598] ecc unrecoverable error
[   40.373352] ecc unrecoverable error
[   40.377777] ecc unrecoverable error
[   40.381530] ecc unrecoverable error
[   40.385284] ecc unrecoverable error
[   40.389129] ecc unrecoverable error
[   40.393463] ecc unrecoverable error
[   40.397308] ecc unrecoverable error
[   40.401611] ecc unrecoverable error
[   40.405364] ecc unrecoverable error
[   40.409179] ecc unrecoverable error
[   40.412963] ecc unrecoverable error
[   40.417358] ecc unrecoverable error
[   40.421112] ecc unrecoverable error
[   40.425445] ecc unrecoverable error
[   40.429290] ecc unrecoverable error
[   40.433044] ecc unrecoverable error
[   40.436859] ecc unrecoverable error
[   40.441223] ecc unrecoverable error
[   40.444976] ecc unrecoverable error
[   40.449371] ecc unrecoverable error
[   40.453155] ecc unrecoverable error
[   40.456970] ecc unrecoverable error
[   40.460723] ecc unrecoverable error
[   40.464996] ecc unrecoverable error
[   40.468841] ecc unrecoverable error
[   40.473205] ecc unrecoverable error
[   40.477020] ecc unrecoverable error
[   40.480773] ecc unrecoverable error
[   40.484527] ecc unrecoverable error
[   40.488922] ecc unrecoverable error
[   40.492706] ecc unrecoverable error
[   40.497070] ecc unrecoverable error
[   40.500854] ecc unrecoverable error
[   40.504577] ecc unrecoverable error
[   40.508422] ecc unrecoverable error
[   40.512756] ecc unrecoverable error
[   40.516601] ecc unrecoverable error
[   40.520874] ecc unrecoverable error
[   40.524658] ecc unrecoverable error
[   40.528472] ecc unrecoverable error
[   40.532226] ecc unrecoverable error
[   40.536712] ecc unrecoverable error
[   40.540466] ecc unrecoverable error
[   40.544799] ecc unrecoverable error
[   40.548645] ecc unrecoverable error
[   40.552398] ecc unrecoverable error
[   40.556213] ecc unrecoverable error
[   40.560546] ecc unrecoverable error
[   40.564331] ecc unrecoverable error
[   40.568695] ecc unrecoverable error
[   40.572479] ecc unrecoverable error
[   40.576293] ecc unrecoverable error
[   40.580047] ecc unrecoverable error
[   40.584350] ecc unrecoverable error
[   40.588195] ecc unrecoverable error
[   40.592529] ecc unrecoverable error
[   40.596374] ecc unrecoverable error
[   40.600128] ecc unrecoverable error
[   40.603881] ecc unrecoverable error
[   40.608276] ecc unrecoverable error
[   40.612030] ecc unrecoverable error
[   40.616485] ecc unrecoverable error
[   40.620239] ecc unrecoverable error
[   40.623992] ecc unrecoverable error
[   40.627807] ecc unrecoverable error
[   40.632171] ecc unrecoverable error
[   40.635925] ecc unrecoverable error
[   40.640289] ecc unrecoverable error
[   40.644042] ecc unrecoverable error
[   40.647857] ecc unrecoverable error
[   40.651611] ecc unrecoverable error
[   40.655975] ecc unrecoverable error
[   40.659820] ecc unrecoverable error
[   40.664184] ecc unrecoverable error
[   40.668029] ecc unrecoverable error
[   40.671783] ecc unrecoverable error
[   40.675537] ecc unrecoverable error
[   40.679931] ecc unrecoverable error
[   40.683685] ecc unrecoverable error
[   40.688079] ecc unrecoverable error
[   40.691833] ecc unrecoverable error
[   40.695617] ecc unrecoverable error
[   40.699432] ecc unrecoverable error
[   40.703796] ecc unrecoverable error
[   40.707641] ecc unrecoverable error
[   40.711975] ecc unrecoverable error
[   40.715728] ecc unrecoverable error
[   40.719573] ecc unrecoverable error
[   40.723327] ecc unrecoverable error
[   40.727752] ecc unrecoverable error
[   40.731506] ecc unrecoverable error
[   40.735839] ecc unrecoverable error
[   40.739654] ecc unrecoverable error
[   40.743408] ecc unrecoverable error
[   40.747222] ecc unrecoverable error
[   40.751586] ecc unrecoverable error
[   40.755340] ecc unrecoverable error
[   40.759674] ecc unrecoverable error
[   40.763458] ecc unrecoverable error
[   40.767272] ecc unrecoverable error
[   40.771026] ecc unrecoverable error
[   40.775390] ecc unrecoverable error
[   40.779235] ecc unrecoverable error
[   40.783569] ecc unrecoverable error
[   40.787384] ecc unrecoverable error
[   40.791137] ecc unrecoverable error
[   40.794921] ecc unrecoverable error
[   40.799285] ecc unrecoverable error
[   40.803070] ecc unrecoverable error
[   40.807464] ecc unrecoverable error
[   40.811248] ecc unrecoverable error
[   40.814971] ecc unrecoverable error
[   40.818817] ecc unrecoverable error
[   40.823120] ecc unrecoverable error
[   40.826965] ecc unrecoverable error
[   40.831298] ecc unrecoverable error
[   40.835083] ecc unrecoverable error
[   40.838897] ecc unrecoverable error
[   40.842651] ecc unrecoverable error
[   40.847045] ecc unrecoverable error
[   40.850799] ecc unrecoverable error
[   40.855133] ecc unrecoverable error
[   40.858978] ecc unrecoverable error
[   40.862731] ecc unrecoverable error
[   40.866546] ecc unrecoverable error
[   40.870880] ecc unrecoverable error
[   40.874664] ecc unrecoverable error
[   40.878997] ecc unrecoverable error
[   40.882751] ecc unrecoverable error
[   40.886566] ecc unrecoverable error
[   40.890350] ecc unrecoverable error
[   40.901947] ecc unrecoverable error
[   40.905761] ecc unrecoverable error
[   40.914916] ecc unrecoverable error
[   40.918945] ecc unrecoverable error
[   40.923675] ecc unrecoverable error
[   40.927612] ecc unrecoverable error
[   40.932128] ecc unrecoverable error
[   40.935913] ecc unrecoverable error
[   40.940795] ecc unrecoverable error
[   40.944549] ecc unrecoverable error
[   40.949096] ecc unrecoverable error
[   40.952880] ecc unrecoverable error
[   40.957366] ecc unrecoverable error
[   40.961151] ecc unrecoverable error
[   40.965454] ecc unrecoverable error
[   40.969299] ecc unrecoverable error
Starting Dropbear SSH server: dropbear.
Starting telnet daemon.
Starting network benchmark server: netserver.
Starting syslogd/klogd: done
Starting thttpd.
Starting Lighttpd Web Server: lighttpd.
2016-07-30 00:38:08: (log.c.166) server started 
/
/
Starting Matrix GUI application.
[   45.043151] random: crng init done
***************************************************************
***************************************************************
NOTICE: This file system contains the followin GPLv3 packages:
	binutils-dev
	binutils-symlinks
	binutils
	gdbserver

If you do not wish to distribute GPLv3 components please remove
the above packages prior to distribution.  This can be done using
the opkg remove command.  i.e.:
    opkg remove <package>
Where <package> is the name printed in the list above

NOTE: If the package is a dependency of another package you
      will be notified of the dependent packages.  You should
      use the --force-removal-of-dependent-packages option to
      also remove the dependent packages as well
***************************************************************
***************************************************************

 _____                    _____           _         _   
|  _  |___ ___ ___ ___   |  _  |___ ___  |_|___ ___| |_ 
|     |  _| .'| . | . |  |   __|  _| . | | | -_|  _|  _|
|__|__|_| |__,|_  |___|  |__|  |_| |___|_| |___|___|_|  
              |___|                    |___|            

Arago Project http://arago-project.org am37x-evm ttyO0

Arago 2011.09 am37x-evm ttyO0

am37x-evm login: 
- 07:16:40 [INFO] Host: root
- 07:16:41 [INFO] Target: 
root
root@am37x-evm:~# 
- 07:16:41 [INFO] Sleeping 15 secs to allow systemd to finish starting processes...
- 07:16:56 [INFO] Disconnected serial from am37x-evm
- 07:16:56 [INFO] Connected to am37x-evm via serial 
- 07:16:56 [INFO] Host: uname -a
- 07:16:56 [INFO] Target: 
uname -a
Linux am37x-evm 4.10.0-rc2-next-20170104-00002-g27260cdd1ed4 #3 SMP Wed Jan 4 06:13:17 CST 2017 armv7l unknown
root@am37x-evm:~# 
- 07:16:56 [INFO] Host: cat /proc/cmdline
- 07:16:56 [INFO] Target: 
cat /proc/cmdline
console=ttyO0,115200n8 earlyprintk=serial,ttyO0,115200n8   ip=:::::eth0:dhcp  root=/dev/mmcblk0p2 rw rootfstype=ext3 rootwait 
root@am37x-evm:~# 
- 07:16:56 [INFO] Host: uname -a
- 07:16:56 [INFO] Target: 
uname -a
Linux am37x-evm 4.10.0-rc2-next-20170104-00002-g27260cdd1ed4 #3 SMP Wed Jan 4 06:13:17 CST 2017 armv7l unknown
root@am37x-evm:~# 
- 07:16:56 [INFO] Host: cat /proc/mtd
- 07:16:56 [INFO] Target: 
cat /proc/mtd
dev:    size   erasesize  name
mtd0: 00080000 00020000 "X-Loader"
mtd1: 001c0000 00020000 "U-Boot"
mtd2: 00040000 00020000 "Environment"
mtd3: 00500000 00020000 "Kernel"
mtd4: 1f880000 00020000 "Filesystem"
root@am37x-evm:~# 
- 07:16:56 [INFO] Host: cat /proc/diskstats
- 07:16:56 [INFO] Target: 
cat /proc/diskstats
   1       0 ram0 0 0 0 0 0 0 0 0 0 0 0
   1       1 ram1 0 0 0 0 0 0 0 0 0 0 0
   1       2 ram2 0 0 0 0 0 0 0 0 0 0 0
   1       3 ram3 0 0 0 0 0 0 0 0 0 0 0
   1       4 ram4 0 0 0 0 0 0 0 0 0 0 0
   1       5 ram5 0 0 0 0 0 0 0 0 0 0 0
   1       6 ram6 0 0 0 0 0 0 0 0 0 0 0
   1       7 ram7 0 0 0 0 0 0 0 0 0 0 0
   1       8 ram8 0 0 0 0 0 0 0 0 0 0 0
   1       9 ram9 0 0 0 0 0 0 0 0 0 0 0
   1      10 ram10 0 0 0 0 0 0 0 0 0 0 0
   1      11 ram11 0 0 0 0 0 0 0 0 0 0 0
   1      12 ram12 0 0 0 0 0 0 0 0 0 0 0
   1      13 ram13 0 0 0 0 0 0 0 0 0 0 0
   1      14 ram14 0 0 0 0 0 0 0 0 0 0 0
   1      15 ram15 0 0 0 0 0 0 0 0 0 0 0
   7       0 loop0 0 0 0 0 0 0 0 0 0 0 0
   7       1 loop1 0 0 0 0 0 0 0 0 0 0 0
   7       2 loop2 0 0 0 0 0 0 0 0 0 0 0
   7       3 loop3 0 0 0 0 0 0 0 0 0 0 0
   7       4 loop4 0 0 0 0 0 0 0 0 0 0 0
   7       5 loop5 0 0 0 0 0 0 0 0 0 0 0
   7       6 loop6 0 0 0 0 0 0 0 0 0 0 0
   7       7 loop7 0 0 0 0 0 0 0 0 0 0 0
  31       0 mtdblock0 53 0 424 3100 0 0 0 0 0 3100 3100
  31       1 mtdblock1 110 0 880 4540 0 0 0 0 0 4540 4540
  31       2 mtdblock2 53 0 424 3140 0 0 0 0 0 3140 3140
  31       3 mtdblock3 117 0 936 4630 0 0 0 0 0 4630 4630
  31       4 mtdblock4 83 0 664 3830 0 0 0 0 0 3820 3820
 179       0 mmcblk0 2183 809 82401 10440 32 39 568 17620 0 11900 27980
 179       1 mmcblk0p1 303 2 3190 1370 0 0 0 0 0 1370 1370
 179       2 mmcblk0p2 1611 774 76293 7730 31 39 560 17560 0 10420 25220
 179       3 mmcblk0p3 259 33 2758 1310 1 0 8 60 0 1320 1360
root@am37x-evm:~# 
- 07:16:56 [INFO] Host: cat /proc/interrupts
- 07:16:56 [INFO] Target: 
cat /proc/interrupts
           CPU0       
 23:          0      INTC   7 Edge      TWL4030-PIH
 25:          0      INTC   9 Edge      l3-debug-irq
 26:          0      INTC  10 Edge      l3-app-irq
 28:          0      INTC  12 Edge      DMA
 29:       2219      INTC  13 Edge      omap-dma-engine
 36:          0      INTC  20 Edge      gpmc
 40:          0      INTC  24 Edge      480bd400.mmu
 45:          0      INTC  29 Edge      48310000.gpio
 46:          0      INTC  30 Edge      49050000.gpio
 47:          0      INTC  31 Edge      49052000.gpio
 48:          0      INTC  32 Edge      49054000.gpio
 49:          0      INTC  33 Edge      49056000.gpio
 50:          8      INTC  34 Edge      49058000.gpio
 53:       4383      INTC  37 Edge      gp_timer
 72:        982      INTC  56 Edge      48070000.i2c
 73:          0      INTC  57 Edge      48072000.i2c
 77:          0      INTC  61 Edge      48060000.i2c
 88:        619      INTC  72 Edge      OMAP UART0
 99:       6735      INTC  83 Edge      mmc0
102:        144      INTC  86 Edge      mmc1
288:          8  49058000.gpio  16 Level     eth0
306:        476      PRCM Edge      pm_wkup
315:         81      PRCM Edge      pinctrl, pinctrl, pinctrl, pm_io
338:          0   pinctrl 338 Edge      4806a000.serial
341:          0   twl4030   0 Edge      twl4030_gpio
346:          0   twl4030   5 Edge      twl4030_power
375:         27   pinctrl 282 Edge      4809c000.mmc
IPI0:          0  CPU wakeup interrupts
IPI1:          0  Timer broadcast interrupts
IPI2:          0  Rescheduling interrupts
IPI3:          0  Function call interrupts
IPI4:          0  CPU stop interrupts
IPI5:          0  IRQ work interrupts
IPI6:          0  completion interrupts
Err:          0
root@am37x-evm:~# 
- 07:16:56 [INFO] Host: cat /proc/softirqs
- 07:16:57 [INFO] Target: 
cat /proc/softirqs
                    CPU0       
          HI:          0
       TIMER:       4015
      NET_TX:          1
      NET_RX:          6
       BLOCK:          0
    IRQ_POLL:          0
     TASKLET:       2250
       SCHED:          0
     HRTIMER:          0
         RCU:       5880
root@am37x-evm:~# 
- 07:17:02 [INFO] Host: export IPERFHOST=192.168.0.1
- 07:17:02 [INFO] Target: 
export IPERFHOST=192.168.0.1
root@am37x-evm:~# 
- 07:17:02 [INFO] Host: export NFS_SERVER=192.168.0.1
- 07:17:02 [INFO] Target: 
export NFS_SERVER=192.168.0.1
root@am37x-evm:~# 
- 07:17:02 [INFO] Host: export NFS_ROOT_PATH=/home/tigtfarm06/NFS_exports/linux/am37x-evm
- 07:17:02 [INFO] Target: 
export NFS_ROOT_PATH=/home/tigtfarm06/NFS_exports/linux/am37x-
evm
root@am37x-evm:~# 
- 07:17:02 [INFO] Host: export AP_SSID=
- 07:17:02 [INFO] Target: 
export AP_SSID=
root@am37x-evm:~# 
- 07:17:02 [INFO] Host: mkdir -p -m 777 /test
- 07:17:02 [INFO] Target: 
mkdir -p -m 777 /test
root@am37x-evm:~# 
- 07:17:02 [INFO] Host: cd /test
- 07:17:03 [INFO] Target: 
cd /test
root@am37x-evm:/test# 
- 07:17:03 [INFO] Host: cat > test.sh << EOF
- 07:17:03 [INFO] Target: 
cat > test.sh << EOF
> 
- 07:17:03 [INFO] Host: failtest() {

- 07:17:03 [INFO] Target: 
failtest() {
> 
- 07:17:03 [INFO] Host:   echo 1 >&3

- 07:17:03 [INFO] Target: 
  echo 1 >&3
> 
- 07:17:03 [INFO] Host: }

- 07:17:03 [INFO] Target: 
}
> 
- 07:17:03 [INFO] Host: timeout=600

- 07:17:03 [INFO] Target: 
timeout=600
> 
- 07:17:03 [INFO] Host: 

- 07:17:03 [INFO] Target: 

> 
- 07:17:03 [INFO] Host: # Start of user's script logic

- 07:17:03 [INFO] Target: 
# Start of user's script logic
> 
- 07:17:03 [INFO] Host: mount -t proc proc /proc 2>/dev/null;

- 07:17:03 [INFO] Target: 
mount -t proc proc /proc 2>/dev/null;
> 
- 07:17:03 [INFO] Host: 

- 07:17:03 [INFO] Target: 

> 
- 07:17:03 [INFO] Host: mount -t sysfs sys /sys 2>/dev/null;

- 07:17:04 [INFO] Target: 
mount -t sysfs sys /sys 2>/dev/null;
> 
- 07:17:04 [INFO] Host: 

- 07:17:04 [INFO] Target: 

> 
- 07:17:04 [INFO] Host: mount -t debugfs none /sys/kernel/debug 2>/dev/null;

- 07:17:04 [INFO] Target: 
mount -t debugfs none /sys/kernel/debug 2>/dev/null;
> 
- 07:17:04 [INFO] Host: 

- 07:17:04 [INFO] Target: 

> 
- 07:17:04 [INFO] Host: echo 'cpuinfo:';cat /proc/cpuinfo; echo '=======';

- 07:17:04 [INFO] Target: 
echo 'cpuinfo:';cat /proc/cpuinfo; echo '=======';
> 
- 07:17:04 [INFO] Host: 

- 07:17:04 [INFO] Target: 

> 
- 07:17:04 [INFO] Host: echo 'soc info:';head /sys/devices/soc0/* 2>/dev/null; echo '=======';

- 07:17:04 [INFO] Target: 
echo 'soc info:';head /sys/devices/soc0/* 2>/dev/null; echo '=======';
> 
- 07:17:04 [INFO] Host: 

- 07:17:04 [INFO] Target: 

> 
- 07:17:04 [INFO] Host: echo 'DT Model info'; head /proc/device-tree/name /proc/device-tree/model /proc/device-tree/compatible 2>/dev/null;echo; echo '=======';

- 07:17:04 [INFO] Target: 
echo 'DT Model info'; head /proc/device-tree/name /proc/device-tree/model /pro
c/device-tree/compatible 2>/dev/null;echo; echo '=======';
> 
- 07:17:04 [INFO] Host: 

- 07:17:04 [INFO] Target: 

> 
- 07:17:04 [INFO] Host: echo 'interrupts:';cat /proc/interrupts; echo '=======';

- 07:17:05 [INFO] Target: 
echo 'interrupts:';cat /proc/interrupts; echo '=======';
> 
- 07:17:05 [INFO] Host: 

- 07:17:05 [INFO] Target: 

> 
- 07:17:05 [INFO] Host: echo 'Clk_summary:';cat /sys/kernel/debug/clk/clk_summary; echo '=======';

- 07:17:05 [INFO] Target: 
echo 'Clk_summary:';cat /sys/kernel/debug/clk/clk_summary; echo '=======';
> 
- 07:17:05 [INFO] Host: 

- 07:17:05 [INFO] Target: 

> 
- 07:17:05 [INFO] Host: echo "Available frequencies"; cat /sys/devices/system/cpu/cpu0/cpufreq/scaling_available_frequencies 2>/dev/null;echo '=======';

- 07:17:05 [INFO] Target: 
echo "Available frequencies"; cat /sys/devices/system/cpu/cpu0/cpufreq/scaling
_available_frequencies 2>/dev/null;echo '=======';
> 
- 07:17:05 [INFO] Host: 

- 07:17:05 [INFO] Target: 

> 
- 07:17:05 [INFO] Host: TMPF=/tmp/a.\$\$; TMPF2=/tmp/b.\$\$; STR=""

- 07:17:05 [INFO] Target: 
TMPF=/tmp/a.\$\$; TMPF2=/tmp/b.\$\$; STR=""
> 
- 07:17:05 [INFO] Host: 

- 07:17:05 [INFO] Target: 

> 
- 07:17:05 [INFO] Host: cp /dev/kmsg \$TMPF &

- 07:17:05 [INFO] Target: 
cp /dev/kmsg \$TMPF &
> 
- 07:17:05 [INFO] Host: 

- 07:17:05 [INFO] Target: 

> 
- 07:17:05 [INFO] Host: PID=\$! ; sleep 5; kill -9 \$PID

- 07:17:06 [INFO] Target: 
PID=\$! ; sleep 5; kill -9 \$PID
> 
- 07:17:06 [INFO] Host: 

- 07:17:06 [INFO] Target: 

> 
- 07:17:06 [INFO] Host: 

- 07:17:06 [INFO] Target: 

> 
- 07:17:06 [INFO] Host: 

- 07:17:06 [INFO] Target: 

> 
- 07:17:06 [INFO] Host: cat \$TMPF|grep "^0">\$TMPF2; N=\`cat \$TMPF2|wc -l\`; if [ "\$N" -ne 0 ]; then STR="\$STR emerg=\$N";echo "===== EMERGE++";cat \$TMPF2|cut -d ';' -f2;echo "====="; fi

- 07:17:06 [INFO] Target: 
cat \$TMPF|grep "^0">\$TMPF2; N=\`cat \$TMPF2|wc -l\`; if [ "\$N" -ne 0 ]; the
n STR="\$STR emerg=\$N";echo "===== EMERGE++";cat \$TMPF2|cut -d ';' -f2;echo "=
===="; fi
> 
- 07:17:06 [INFO] Host: 

- 07:17:06 [INFO] Target: 

> 
- 07:17:06 [INFO] Host: cat \$TMPF|grep "^1">\$TMPF2; N=\`cat \$TMPF2|wc -l\`; if [ "\$N" -ne 0 ]; then STR="\$STR alert=\$N";echo "===== ALERT ==";cat \$TMPF2|cut -d ';' -f2;echo "====="; fi

- 07:17:06 [INFO] Target: 
cat \$TMPF|grep "^1">\$TMPF2; N=\`cat \$TMPF2|wc -l\`; if [ "\$N" -ne 0 ]; the
n STR="\$STR alert=\$N";echo "===== ALERT ==";cat \$TMPF2|cut -d ';' -f2;echo "=
===="; fi
> 
- 07:17:06 [INFO] Host: 

- 07:17:06 [INFO] Target: 

> 
- 07:17:06 [INFO] Host: cat \$TMPF|grep "^2">\$TMPF2; N=\`cat \$TMPF2|wc -l\`; if [ "\$N" -ne 0 ]; then STR="\$STR crit=\$N";echo "===== CRIT ==";cat \$TMPF2|cut -d ';' -f2;echo "====="; fi

- 07:17:06 [INFO] Target: 
cat \$TMPF|grep "^2">\$TMPF2; N=\`cat \$TMPF2|wc -l\`; if [ "\$N" -ne 0 ]; the
n STR="\$STR crit=\$N";echo "===== CRIT ==";cat \$TMPF2|cut -d ';' -f2;echo "===
=="; fi
> 
- 07:17:06 [INFO] Host: 

- 07:17:06 [INFO] Target: 

> 
- 07:17:06 [INFO] Host: cat \$TMPF|grep "^3">\$TMPF2; N=\`cat \$TMPF2|wc -l\`; if [ "\$N" -ne 0 ]; then STR="\$STR err=\$N";echo "===== ERR ==";cat \$TMPF2|cut -d ';' -f2;echo "=====" ;fi

- 07:17:07 [INFO] Target: 
cat \$TMPF|grep "^3">\$TMPF2; N=\`cat \$TMPF2|wc -l\`; if [ "\$N" -ne 0 ]; the
n STR="\$STR err=\$N";echo "===== ERR ==";cat \$TMPF2|cut -d ';' -f2;echo "=====
" ;fi
> 
- 07:17:07 [INFO] Host: 

- 07:17:07 [INFO] Target: 

> 
- 07:17:07 [INFO] Host: cat \$TMPF|grep "^4">\$TMPF2; N=\`cat \$TMPF2|wc -l\`; if [ "\$N" -ne 0 ]; then STR="\$STR warn=\$N";echo "===== WARN ==";cat \$TMPF2|cut -d ';' -f2;echo "=====" ;fi

- 07:17:07 [INFO] Target: 
cat \$TMPF|grep "^4">\$TMPF2; N=\`cat \$TMPF2|wc -l\`; if [ "\$N" -ne 0 ]; the
n STR="\$STR warn=\$N";echo "===== WARN ==";cat \$TMPF2|cut -d ';' -f2;echo "===
==" ;fi
> 
- 07:17:07 [INFO] Host: 

- 07:17:07 [INFO] Target: 

> 
- 07:17:07 [INFO] Host: rm \$TMPF \$TMPF2; echo "SUM""MARY RESULT: BOOT:" 'PASS: H''ello World' 'B''oard' "Booted" "Boot Log has::::\$STR:"

- 07:17:07 [INFO] Target: 
rm \$TMPF \$TMPF2; echo "SUM""MARY RESULT: BOOT:" 'PASS: H''ello World' 'B''oa
rd' "Booted" "Boot Log has::::\$STR:"
> 
- 07:17:07 [INFO] Host: 

- 07:17:07 [INFO] Target: 

> 
- 07:17:07 [INFO] Host: EOF
- 07:17:07 [INFO] Target: 
EOF
root@am37x-evm:/test# 
- 07:17:07 [INFO] Host: cd /test
- 07:17:07 [INFO] Target: 
cd /test
root@am37x-evm:/test# 
- 07:17:07 [INFO] Host: chmod +x test.sh
- 07:17:07 [INFO] Target: 
chmod +x test.sh
root@am37x-evm:/test# 
- 07:17:07 [INFO] Host: ./test.sh 2> stderr.log > stdout.log 3> result.log
- 07:17:13 [INFO] Target: 
./test.sh 2> stderr.log > stdout.log 3> result.log
root@am37x-evm:/test# 
- 07:17:13 [INFO] Host: echo $?
- 07:17:13 [INFO] Target: 
echo $?
0
root@am37x-evm:/test# 
- 07:17:13 [INFO] Host: cd /test
- 07:17:13 [INFO] Target: 
cd /test
root@am37x-evm:/test# 
- 07:17:13 [INFO] Host: cat stdout.log
- 07:17:18 [INFO] Target: 
cat stdout.log
cpuinfo:
processor	: 0
model name	: ARMv7 Processor rev 2 (v7l)
BogoMIPS	: 594.73
Features	: half thumb fastmult vfp edsp thumbee neon vfpv3 tls vfpd32 
CPU implementer	: 0x41
CPU architecture: 7
CPU variant	: 0x3
CPU part	: 0xc08
CPU revision	: 2

Hardware	: Generic OMAP36xx (Flattened Device Tree)
Revision	: 0000
Serial		: 0000000000000000
=======
soc info:
==> /sys/devices/soc0/deferred_probe <==
0

==> /sys/devices/soc0/family <==
OMAP3

==> /sys/devices/soc0/machine <==
OMAP3630

==> /sys/devices/soc0/power <==

==> /sys/devices/soc0/revision <==
ES1.2

==> /sys/devices/soc0/subsystem <==

==> /sys/devices/soc0/type <==
GP

==> /sys/devices/soc0/uevent <==
=======
DT Model info
==> /proc/device-tree/name <==

==> /proc/device-tree/model <==
TI OMAP37XX EVM (TMDSEVM3730)
==> /proc/device-tree/compatible <==
ti,omap3-evm-37xxti,omap3630ti,omap3
=======
interrupts:
           CPU0       
 23:          0      INTC   7 Edge      TWL4030-PIH
 25:          0      INTC   9 Edge      l3-debug-irq
 26:          0      INTC  10 Edge      l3-app-irq
 28:          0      INTC  12 Edge      DMA
 29:       2226      INTC  13 Edge      omap-dma-engine
 36:          0      INTC  20 Edge      gpmc
 40:          0      INTC  24 Edge      480bd400.mmu
 45:          0      INTC  29 Edge      48310000.gpio
 46:          0      INTC  30 Edge      49050000.gpio
 47:          0      INTC  31 Edge      49052000.gpio
 48:          0      INTC  32 Edge      49054000.gpio
 49:          0      INTC  33 Edge      49056000.gpio
 50:          8      INTC  34 Edge      49058000.gpio
 53:       4677      INTC  37 Edge      gp_timer
 72:        982      INTC  56 Edge      48070000.i2c
 73:          0      INTC  57 Edge      48072000.i2c
 77:          0      INTC  61 Edge      48060000.i2c
 88:       7648      INTC  72 Edge      OMAP UART0
 99:       6768      INTC  83 Edge      mmc0
102:        144      INTC  86 Edge      mmc1
288:          8  49058000.gpio  16 Level     eth0
306:        860      PRCM Edge      pm_wkup
315:         87      PRCM Edge      pinctrl, pinctrl, pinctrl, pm_io
338:          0   pinctrl 338 Edge      4806a000.serial
341:          0   twl4030   0 Edge      twl4030_gpio
346:          0   twl4030   5 Edge      twl4030_power
375:         29   pinctrl 282 Edge      4809c000.mmc
IPI0:          0  CPU wakeup interrupts
IPI1:          0  Timer broadcast interrupts
IPI2:          0  Rescheduling interrupts
IPI3:          0  Function call interrupts
IPI4:          0  CPU stop interrupts
IPI5:          0  IRQ work interrupts
IPI6:          0  completion interrupts
Err:          0
=======
Clk_summary:
   clock                         enable_cnt  prepare_cnt        rate   accuracy   phase
----------------------------------------------------------------------------------------
 secure_32k_fck                           0            1       32768          0 0  
    wdt1_fck                              0            0       32768          0 0  
    gpt12_fck                             0            1       32768          0 0  
 dummy_ck                                 0            0           0          0 0  
 mcbsp_clks                               0            5           0          0 0  
 sys_altclk                               0            0           0          0 0  
 virt_38_4m_ck                            0            0    38400000          0 0  
 virt_26000000_ck                         1            1    26000000          0 0  
    osc_sys_ck                            1            1    26000000          0 0  
       sys_clkout1                        0            0    26000000          0 0  
       sys_ck                             3           18    13000000          0 0  
          gpt9_fck                        0            1    13000000          0 0  
          gpt8_fck                        0            1    13000000          0 0  
          gpt7_fck                        0            1    13000000          0 0  
          gpt6_fck                        0            1    13000000          0 0  
          gpt5_fck                        0            1    13000000          0 0  
          gpt4_fck                        0            1    13000000          0 0  
          gpt3_fck                        0            1    13000000          0 0  
          gpt2_fck                        0            1    13000000          0 0  
          cpefuse_fck                     0            0    13000000          0 0  
          dpll5_ck                        0            1   959833333          0 0  
             dpll5_m2_ck                  0            1   119979167          0 0  
                dpll5_m2_d20_ck           0            0     5998958          0 0  
                dpll5_m2_d16_ck           0            0     7498697          0 0  
                dpll5_m2_d8_ck            0            0    14997395          0 0  
                dpll5_m2_d4_ck            0            0    29994791          0 0  
                usbhost_120m_fck           0            0   119979167          0 0  
                usbtll_fck                0            1   119979167          0 0  
          sys_d2_ck                       0            0     6500000          0 0  
             usim_fck                     0            0     6500000          0 0  
          modem_fck                       0            0    13000000          0 0  
          dpll2_ck                        0            1   260000000          0 0  
             dpll2_m2_ck                  0            1   260000000          0 0  
                iva2_ck                   0            2   260000000          0 0  
          sr2_fck                         0            1    13000000          0 0  
          sr1_fck                         0            1    13000000          0 0  
          traceclk_src_fck                0            0    13000000          0 0  
             traceclk_fck                 0            0    13000000          0 0  
          emu_src_mux_ck                  0            1    13000000          0 0  
             emu_src_ck                   0            1    13000000          0 0  
                atclk_fck                 0            0    13000000          0 0  
                pclkx2_fck                0            0    13000000          0 0  
                pclk_fck                  0            0     6500000          0 0  
          dss2_alwon_fck                  0            2    13000000          0 0  
          dpll1_ck                        0            1   600000000          0 0  
             dpll1_x2_ck                  0            1  1200000000          0 0  
                dpll1_x2m2_ck             0            1  1200000000          0 0  
                   mpu_ck                 0            1  1200000000          0 0  
                      emu_mpu_alwon_ck           0            0  1200000000          0 0  
                      arm_fck             0            1   600000000          0 0  
          dpll3_ck                        1            1   400000000          0 0  
             dpll3_x2_ck                  0            0   800000000          0 0  
             dpll3_m2_ck                  1            2   400000000          0 0  
                dpll3_m2x2_ck             0            1   800000000          0 0  
                   corex2_fck             0            1   800000000          0 0  
                      ssi_ssr_fck_3430es2           0            1   266666667          0 0  
                         ssi_sst_fck_3430es2           0            0   133333333          0 0  
                      corex2_d5_fck           0            0   160000000          0 0  
                      corex2_d3_fck           0            0   266666666          0 0  
                core_ck                   1            1   400000000          0 0  
                   core_d2_ck             0            0   200000000          0 0  
                      sgx_fck             0            0   200000000          0 0  
                   core_d6_ck             0            0    66666666          0 0  
                   core_d4_ck             0            0   100000000          0 0  
                   core_d3_ck             0            0   133333333          0 0  
                   dpll2_fck              0            0   400000000          0 0  
                   l3_ick                 2            3   200000000          0 0  
                      sgx_ick             0            0   200000000          0 0  
                      mad2d_ick           0            0   200000000          0 0  
                      sad2d_ick           0            1   200000000          0 0  
                      security_l3_ick           0            0   200000000          0 0  
                         pka_ick           0            0   200000000          0 0  
                      core_l3_ick           8           10   200000000          0 0  
                         hsotgusb_ick_3430es2           0            1   200000000          0 0  
                         gpmc_fck           2            2   200000000          0 0  
                         sdrc_ick           1            1   200000000          0 0  
                      l4_ick              7            8   100000000          0 0  
                         usbhost_ick           1            1   100000000          0 0  
                         dss_ick_3430es2           4            6   100000000          0 0  
                         sr_l4_ick           2            2   100000000          0 0  
                         ssi_l4_ick           1            1   100000000          0 0  
                            ssi_ick_3430es2           1            1   100000000          0 0  
                         cam_ick           0            1   100000000          0 0  
                         security_l4_ick2           0            0   100000000          0 0  
                            des1_ick           0            0   100000000          0 0  
                            sha11_ick           0            0   100000000          0 0  
                            rng_ick           0            0   100000000          0 0  
                            aes1_ick           0            0   100000000          0 0  
                         per_l4_ick          15           18   100000000          0 0  
                            mcbsp4_ick           1            1   100000000          0 0  
                            mcbsp3_ick           2            3   100000000          0 0  
                            mcbsp2_ick           2            3   100000000          0 0  
                            gpt2_ick           1            1   100000000          0 0  
                            gpt3_ick           1            1   100000000          0 0  
                            gpt4_ick           1            1   100000000          0 0  
                            gpt5_ick           1            1   100000000          0 0  
                            gpt6_ick           1            1   100000000          0 0  
                            gpt7_ick           1            1   100000000          0 0  
                            gpt8_ick           1            1   100000000          0 0  
                            gpt9_ick           1            1   100000000          0 0  
                            uart4_ick           1            1   100000000          0 0  
                            uart3_ick           1            1   100000000          0 0  
                            wdt3_ick           0            0   100000000          0 0  
                            gpio2_ick           0            1   100000000          0 0  
                            gpio3_ick           0            1   100000000          0 0  
                            gpio4_ick           0            1   100000000          0 0  
                            gpio5_ick           1            1   100000000          0 0  
                            gpio6_ick           1            1   100000000          0 0  
                         core_l4_ick          21           23   100000000          0 0  
                            mmchs3_ick           1            1   100000000          0 0  
                            usbtll_ick           1            1   100000000          0 0  
                            mailboxes_ick           0            1   100000000          0 0  
                            mspro_ick           0            0   100000000          0 0  
                            des2_ick           0            0   100000000          0 0  
                            icr_ick           0            0   100000000          0 0  
                            sha12_ick           1            2   100000000          0 0  
                            aes2_ick           1            2   100000000          0 0  
                            omapctrl_ick           1            1   100000000          0 0  
                            mcbsp1_ick           1            1   100000000          0 0  
                            mcbsp5_ick           1            1   100000000          0 0  
                            gpt10_ick           1            1   100000000          0 0  
                            gpt11_ick           1            1   100000000          0 0  
                            uart1_ick           1            1   100000000          0 0  
                            uart2_ick           1            1   100000000          0 0  
                            i2c1_ick           1            1   100000000          0 0  
                            i2c2_ick           1            1   100000000          0 0  
                            i2c3_ick           1            1   100000000          0 0  
                            mcspi1_ick           1            1   100000000          0 0  
                            mcspi2_ick           1            1   100000000          0 0  
                            mcspi3_ick           1            1   100000000          0 0  
                            mcspi4_ick           1            1   100000000          0 0  
                            hdq_ick           0            1   100000000          0 0  
                            mmchs1_ick           1            1   100000000          0 0  
                            mmchs2_ick           1            1   100000000          0 0  
                         rm_ick           0            0    50000000          0 0  
                   dpll1_fck              0            0   200000000          0 0  
             dpll3_m3_ck                  0            0   200000000          0 0  
                dpll3_m3x2_mul_ck           0            0   400000000          0 0  
                   dpll3_m3x2_ck           0            0   400000000          0 0  
                      emu_core_alwon_ck           0            0   400000000          0 0  
          dpll4_ck                        1            3   864000000          0 0  
             dpll4_x2_ck                  0            0  1728000000          0 0  
             dpll4_m6_ck                  0            0   288000000          0 0  
                dpll4_m6x2_mul_ck           0            0   288000000          0 0  
                   dpll4_m6x2_ck           0            0   288000000          0 0  
                      emu_per_alwon_ck           0            0   288000000          0 0  
             dpll4_m5_ck                  0            0   216000000          0 0  
                dpll4_m5x2_mul_ck           0            0   216000000          0 0  
                   dpll4_m5x2_ck           0            0   216000000          0 0  
                      cam_mclk            0            0   216000000          0 0  
             dpll4_m4_ck                  0            1    96000000          0 0  
                dpll4_m4x2_mul_ck           0            1    96000000          0 0  
                   dpll4_m4x2_ck           0            1    96000000          0 0  
                      dss1_alwon_fck_3430es2           0            4    96000000          0 0  
             dpll4_m3_ck                  0            1    54000000          0 0  
                dpll4_m3x2_mul_ck           0            1    54000000          0 0  
                   dpll4_m3x2_ck           0            1    54000000          0 0  
                      omap_54m_fck           0            1    54000000          0 0  
                         clkout2_src_ck           0            0    54000000          0 0  
                            sys_clkout2           0            0    54000000          0 0  
                         dss_tv_fck           0            2    54000000          0 0  
             dpll4_m2_ck                  1            1    96000000          0 0  
                dpll4_m2x2_mul_ck           1            1    96000000          0 0  
                   dpll4_m2x2_ck           1            1    96000000          0 0  
                      omap_192m_alwon_fck           0            0    96000000          0 0  
                      omap_96m_alwon_fck           1            2    96000000          0 0  
                         per_96m_fck           0            6    96000000          0 0  
