- 06:23:33 [INFO] Starting target session
- 06:23:33 [INFO] Connected to am37x-evm via serial 
- 06:23:33 [INFO] Host: #check prompt
- 06:23:36 [ERROR] On command: #check prompt waiting for #check prompt.+?(?-mix:((?-mix:login:)|[Pp]assword)) >>> error: execution expired
- 06:23:36 [INFO] Target: 
#check prompt
root@am37x-evm:/test# 
- 06:23:36 [INFO] Host: #check prompt
- 06:23:36 [INFO] Target: 
#check prompt
root@am37x-evm:/test# 
- 06:23:36 [INFO] Host: sync;poweroff
- 06:23:50 [INFO] Target: 
sync;poweroff
INIT: Switching to runlevel:
INIT: Broadcast message from root@am37x-evm (ttyO0) (Thu Aug 28 03:00:29 2014):
The system is going down for system halt NOW!
Sending processes the TERM signal
root@am37x-evm:/test# 
INIT: Sending processStopping syslogd/klogd: stopped syslogd (pid 1301)
stopped klogd (pid 1305)
done
Deconfiguring network interfaces... done.
Sending all processes the TERM signal...
Sending all processes the KILL signal...
Unmounting remote filesystems...
Deactivating swap...
Unmounting local filesystems...
[ 6165.417663] reboot: System halted
- 06:23:50 [INFO] Disconnected serial from am37x-evm
- 06:23:51 [INFO] Connected to am37x-evm via serial 
- 06:23:51 [INFO] Host: 
- 06:23:54 [INFO] Target: 
U-Boot SPL 2013.01.01 (Nov 27 2013 - 12:07:30)
OMAP SD/MMC: 0
reading u-boot.img
reading u-boot.img
U-Boot 2013.01.01 (Nov 27 2013 - 12:07:30)
OMAP3630/3730-GP ES1.2, CPU-OPP2, L3-165MHz, Max CPU Clock 1 Ghz
OMAP3 EVM board + LPDDR/NAND
I2C:   ready
DRAM:  256 MiB
NAND:  512 MiB
MMC:   OMAP SD/MMC: 0
In:    serial
Out:   serial
Err:   serial
Read back SMSC id 0x92200000
Die ID #16d400029ff80000015f02690c019016
Net:   smc911x-0
Hit any key to stop autoboot:  3  0 
OMAP3_EVM # 
OMAP3_EVM # 
OMAP3_EVM # 
OMAP3_EVM # 
OMAP3_EVM # 
OMAP3_EVM # 
OMAP3_EVM # 
OMAP3_EVM # 
OMAP3_EVM # 
OMAP3_EVM # 
OMAP3_EVM # 
OMAP3_EVM # 
- 06:23:54 [INFO] Host: 
- 06:23:54 [INFO] Target: 
OMAP3_EVM # 
- 06:23:54 [INFO] Host: version
- 06:23:54 [INFO] Target: 
OMAP3_EVM # version
U-Boot 2013.01.01 (Nov 27 2013 - 12:07:30)
arm-linux-gnueabihf-gcc (crosstool-NG linaro-1.13.1-4.7-2013.03-20130313 - Linaro GCC 2013.03) 4.7.3 20130226 (prerelease)
GNU ld (crosstool-NG linaro-1.13.1-4.7-2013.03-20130313 - Linaro GCC 2013.03) 2.23.1
OMAP3_EVM # 
- 06:23:54 [INFO] Host: setenv bootargs 'console=ttyO0,115200n8 earlyprintk  '
- 06:23:54 [INFO] Target: 
setenv bootargs 'console=ttyO0,115200n8 earlyprintk  '
OMAP3_EVM # 
- 06:23:54 [INFO] Host: setenv bootcmd  ''
- 06:23:54 [INFO] Target: 
setenv bootcmd  ''
OMAP3_EVM # 
- 06:23:54 [INFO] Host: setenv autoload 'no'
- 06:23:54 [INFO] Target: 
setenv autoload 'no'
OMAP3_EVM # 
- 06:23:54 [INFO] Host: setenv serverip '192.168.0.1'
- 06:23:54 [INFO] Target: 
setenv serverip '192.168.0.1'
OMAP3_EVM # 
- 06:23:54 [INFO] Host: printenv
- 06:23:54 [INFO] Target: 
printenv
autoload=no
baudrate=115200
bootargs=console=ttyO0,115200n8 earlyprintk  
bootcmd=
bootdelay=3
bootfile=uImage
bootscript=echo Running bootscript from mmc ...; source ${loadaddr}
console=ttyO0,115200n8
dieid#=16d400029ff80000015f02690c019016
ethact=smc911x-0
ethaddr=00:50:c2:7e:93:ba
loadaddr=0x82000000
loadbootscript=fatload mmc ${mmcdev} ${loadaddr} boot.scr
loaduimage=fatload mmc ${mmcdev} ${loadaddr} uImage
mmcargs=setenv bootargs console=${console} root=/dev/mmcblk0p2 rw rootfstype=ext3 rootwait
mmcboot=echo Booting from mmc ...; run mmcargs; bootm ${loadaddr}
mmcdev=0
nandargs=setenv bootargs console=${console} root=/dev/mtdblock4 rw rootfstype=jffs2
nandboot=echo Booting from nand ...; run nandargs; onenand read ${loadaddr} 280000 400000; bootm ${loadaddr}
ramdisk_addr=0x8A080000
serverip=192.168.0.1
stderr=serial
stdin=serial
stdout=serial
usbtty=cdc_acm
Environment size: 926/131068 bytes
OMAP3_EVM # 
- 06:23:54 [INFO] Host: printenv
- 06:23:54 [INFO] Target: 
printenv
autoload=no
baudrate=115200
bootargs=console=ttyO0,115200n8 earlyprintk  
bootcmd=
bootdelay=3
bootfile=uImage
bootscript=echo Running bootscript from mmc ...; source ${loadaddr}
console=ttyO0,115200n8
dieid#=16d400029ff80000015f02690c019016
ethact=smc911x-0
ethaddr=00:50:c2:7e:93:ba
loadaddr=0x82000000
loadbootscript=fatload mmc ${mmcdev} ${loadaddr} boot.scr
loaduimage=fatload mmc ${mmcdev} ${loadaddr} uImage
mmcargs=setenv bootargs console=${console} root=/dev/mmcblk0p2 rw rootfstype=ext3 rootwait
mmcboot=echo Booting from mmc ...; run mmcargs; bootm ${loadaddr}
mmcdev=0
nandargs=setenv bootargs console=${console} root=/dev/mtdblock4 rw rootfstype=jffs2
nandboot=echo Booting from nand ...; run nandargs; onenand read ${loadaddr} 280000 400000; bootm ${loadaddr}
ramdisk_addr=0x8A080000
serverip=192.168.0.1
stderr=serial
stdin=serial
stdout=serial
usbtty=cdc_acm
Environment size: 926/131068 bytes
OMAP3_EVM # 
- 06:23:54 [INFO] Host: setenv bootargs ''${bootargs}' ip=:::::eth0:dhcp '
- 06:23:55 [INFO] Target: 
setenv bootargs ''${bootargs}' ip=:::::eth0:dhcp '
OMAP3_EVM # 
- 06:23:55 [INFO] Host: setenv serverip '192.168.0.1'
- 06:23:55 [INFO] Target: 
setenv serverip '192.168.0.1'
OMAP3_EVM # 
- 06:23:55 [INFO] Host: setenv autoload 'no'
- 06:23:55 [INFO] Target: 
setenv autoload 'no'
OMAP3_EVM # 
- 06:23:55 [INFO] Host: dhcp
- 06:23:57 [INFO] Target: 
dhcp
smc911x: detected LAN9220 controller
smc911x: phy initialized
smc911x: MAC 00:50:c2:7e:93:ba
BOOTP broadcast 1
DHCP client bound to address 192.168.0.56
OMAP3_EVM # 
- 06:23:57 [INFO] Host: tftp ${loadaddr} 192.168.0.1:vatf_am37x-evm/9f12b845a9ef135e87f44f46c0e67fb1
- 06:24:00 [INFO] Target: 
tftp ${loadaddr} 192.168.0.1:vatf_am37x-evm/9f12b845a9ef135e87f44f46c0e67fb1
smc911x: detected LAN9220 controller
smc911x: phy initialized
smc911x: MAC 00:50:c2:7e:93:ba
Using smc911x-0 device
TFTP from server 192.168.0.1; our IP address is 192.168.0.56
Filename 'vatf_am37x-evm/9f12b845a9ef135e87f44f46c0e67fb1'.
Load address: 0x82000000
Loading: *#################################################################
	 #################################################################
	 #################################################################
	 ######################################################
	 3.3 MiB/s
done
Bytes transferred = 3653779 (37c093 hex)
OMAP3_EVM # 
- 06:24:00 [INFO] Host: ls mmc 0:1
- 06:24:00 [INFO] Target: 
ls mmc 0:1
ls - list files in a directory (default /)
Usage:
ls [ directory ]
OMAP3_EVM # 
- 06:24:00 [INFO] Host: ls mmc 0:2
- 06:24:00 [INFO] Target: 
ls mmc 0:2
ls - list files in a directory (default /)
Usage:
ls [ directory ]
OMAP3_EVM # 
- 06:24:00 [INFO] Host: ls mmc 0:3
- 06:24:00 [INFO] Target: 
ls mmc 0:3
ls - list files in a directory (default /)
Usage:
ls [ directory ]
OMAP3_EVM # 
- 06:24:00 [INFO] Host: ls mmc 0:4
- 06:24:01 [INFO] Target: 
ls mmc 0:4
ls - list files in a directory (default /)
Usage:
ls [ directory ]
OMAP3_EVM # 
- 06:24:01 [INFO] Host: ls mmc 0:5
- 06:24:01 [INFO] Target: 
ls mmc 0:5
ls - list files in a directory (default /)
Usage:
ls [ directory ]
OMAP3_EVM # 
- 06:24:01 [INFO] Host: part uuid mmc 0:
- 06:24:01 [INFO] Target: 
part uuid mmc 0:
Unknown command 'part' - try 'help'
OMAP3_EVM # 
- 06:24:01 [INFO] Host: printenv
- 06:24:01 [INFO] Target: 
printenv
autoload=no
baudrate=115200
bootargs=console=ttyO0,115200n8 earlyprintk ip=:::::eth0:dhcp
bootcmd=
bootdelay=3
bootfile=uImage
bootscript=echo Running bootscript from mmc ...; source ${loadaddr}
console=ttyO0,115200n8
dieid#=16d400029ff80000015f02690c019016
ethact=smc911x-0
ethaddr=00:50:c2:7e:93:ba
fileaddr=82000000
filesize=37C093
gatewayip=192.168.0.1
ipaddr=192.168.0.56
loadaddr=0x82000000
loadbootscript=fatload mmc ${mmcdev} ${loadaddr} boot.scr
loaduimage=fatload mmc ${mmcdev} ${loadaddr} uImage
mmcargs=setenv bootargs console=${console} root=/dev/mmcblk0p2 rw rootfstype=ext3 rootwait
mmcboot=echo Booting from mmc ...; run mmcargs; bootm ${loadaddr}
mmcdev=0
nandargs=setenv bootargs console=${console} root=/dev/mtdblock4 rw rootfstype=jffs2
nandboot=echo Booting from nand ...; run nandargs; onenand read ${loadaddr} 280000 400000; bootm ${loadaddr}
netmask=255.255.255.0
ramdisk_addr=0x8A080000
serverip=192.168.0.1
stderr=serial
stdin=serial
stdout=serial
usbtty=cdc_acm
Environment size: 1050/131068 bytes
OMAP3_EVM # 
- 06:24:01 [INFO] Host: setenv bootargs ''${bootargs}' root=/dev/mmcblk0p2 rw rootfstype=ext3 rootwait '
- 06:24:01 [INFO] Target: 
setenv bootargs ''${bootargs}' root=/dev/mmcblk0p2 rw rootfstype=ext3 rootwait '
OMAP3_EVM # 
- 06:24:01 [INFO] Host: printenv
- 06:24:01 [INFO] Target: 
printenv
autoload=no
baudrate=115200
bootargs=console=ttyO0,115200n8 earlyprintk ip=:::::eth0:dhcp root=/dev/mmcblk0p2 rw rootfstype=ext3 rootwait
bootcmd=
bootdelay=3
bootfile=uImage
bootscript=echo Running bootscript from mmc ...; source ${loadaddr}
console=ttyO0,115200n8
dieid#=16d400029ff80000015f02690c019016
ethact=smc911x-0
ethaddr=00:50:c2:7e:93:ba
fileaddr=82000000
filesize=37C093
gatewayip=192.168.0.1
ipaddr=192.168.0.56
loadaddr=0x82000000
loadbootscript=fatload mmc ${mmcdev} ${loadaddr} boot.scr
loaduimage=fatload mmc ${mmcdev} ${loadaddr} uImage
mmcargs=setenv bootargs console=${console} root=/dev/mmcblk0p2 rw rootfstype=ext3 rootwait
mmcboot=echo Booting from mmc ...; run mmcargs; bootm ${loadaddr}
mmcdev=0
nandargs=setenv bootargs console=${console} root=/dev/mtdblock4 rw rootfstype=jffs2
nandboot=echo Booting from nand ...; run nandargs; onenand read ${loadaddr} 280000 400000; bootm ${loadaddr}
netmask=255.255.255.0
ramdisk_addr=0x8A080000
serverip=192.168.0.1
stderr=serial
stdin=serial
stdout=serial
usbtty=cdc_acm
Environment size: 1098/131068 bytes
OMAP3_EVM # 
- 06:24:01 [INFO] Host: setenv bootcmd ''${bootcmd}' if iminfo ${loadaddr}; then bootm ${loadaddr}  ; else bootz ${loadaddr}  ; bootm ${loadaddr}  ; fi'
- 06:24:01 [INFO] Target: 
setenv bootcmd ''${bootcmd}' if iminfo ${loadaddr}; then bootm ${loadaddr}  ; else bootz ${loadaddr}  ; bootm ${loadaddr}  ; fi'
OMAP3_EVM # 
- 06:24:01 [INFO] Host: version
- 06:24:01 [INFO] Target: 
version
U-Boot 2013.01.01 (Nov 27 2013 - 12:07:30)
arm-linux-gnueabihf-gcc (crosstool-NG linaro-1.13.1-4.7-2013.03-20130313 - Linaro GCC 2013.03) 4.7.3 20130226 (prerelease)
GNU ld (crosstool-NG linaro-1.13.1-4.7-2013.03-20130313 - Linaro GCC 2013.03) 2.23.1
OMAP3_EVM # 
- 06:24:01 [INFO] Host: bdinfo
- 06:24:01 [INFO] Target: 
bdinfo
arch_number = 0x000005FF
boot_params = 0x80000100
DRAM bank   = 0x00000000
-> start    = 0x80000000
-> size     = 0x10000000
DRAM bank   = 0x00000001
-> start    = 0x90000000
-> size     = 0x00000000
ethaddr     = 00:50:c2:7e:93:ba
ip_addr     = 192.168.0.56
baudrate    = 115200 bps
TLB addr    = 0x8FFF0000
relocaddr   = 0x8FF6E000
reloc off   = 0x0FE6E000
irq_sp      = 0x8FF0DF58
sp start    = 0x8FF0DF48
FB base     = 0x00000000
OMAP3_EVM # 
- 06:24:01 [INFO] Host: mmc rescan; echo $?
- 06:24:02 [INFO] Target: 
mmc rescan; echo $?
OMAP3_EVM # 
- 06:24:02 [INFO] Host: fatwrite mmc ${mmcdev}:1 ${loadaddr} ws-calibrate.rules 4
- 06:24:02 [INFO] Target: 
fatwrite mmc ${mmcdev}:1 ${loadaddr} ws-calibrate.rules 4
Unknown command 'fatwrite' - try 'help'
OMAP3_EVM # 
- 06:24:02 [INFO] Host: boot
- 06:24:54 [INFO] Target: 
boot
Unknown command 'iminfo' - try 'help'
Unknown command 'bootz' - try 'help'
## Booting kernel from Legacy Image at 82000000 ...
   Image Name:   Linux-4.3.0-rc6-next-20151022-00
   Image Type:   ARM Linux Kernel Image (uncompressed)
   Data Size:    3653715 Bytes = 3.5 MiB
   Load Address: 80800000
   Entry Point:  80800000
   Verifying Checksum ... OK
   Loading Kernel Image ... OK
Starting kernel ...
[    0.000000] Booting Linux on physical CPU 0x0
[    0.000000] Initializing cgroup subsys cpuset
[    0.000000] Initializing cgroup subsys cpu
[    0.000000] Initializing cgroup subsys cpuacct
[    0.000000] Linux version 4.3.0-rc6-next-20151022-00002-g0138c219164b (nmenon@kahuna) (gcc version 4.6.3 (Ubuntu/Linaro 4.6.3-1ubuntu5) ) #1 SMP Fri Oct 30 05:36:52 CDT 2015
[    0.000000] CPU: ARMv7 Processor [413fc082] revision 2 (ARMv7), cr=10c5387d
[    0.000000] CPU: PIPT / VIPT nonaliasing data cache, VIPT aliasing instruction cache
[    0.000000] Machine model: TI OMAP37XX EVM (TMDSEVM3730)
[    0.000000] cma: Reserved 16 MiB at 0x8e800000
[    0.000000] Memory policy: Data cache writeback
[    0.000000] CPU: All CPU(s) started in SVC mode.
[    0.000000] OMAP3630 ES1.2 (l2cache iva sgx neon isp 192mhz_clk )
[    0.000000] PERCPU: Embedded 14 pages/cpu @cfb36000 s25152 r8192 d24000 u57344
[    0.000000] Built 1 zonelists in Zone order, mobility grouping on.  Total pages: 64448
[    0.000000] Kernel command line: console=ttyO0,115200n8 earlyprintk ip=:::::eth0:dhcp root=/dev/mmcblk0p2 rw rootfstype=ext3 rootwait
[    0.000000] PID hash table entries: 1024 (order: 0, 4096 bytes)
[    0.000000] Dentry cache hash table entries: 32768 (order: 5, 131072 bytes)
[    0.000000] Inode-cache hash table entries: 16384 (order: 4, 65536 bytes)
[    0.000000] Memory: 222264K/260096K available (6605K kernel code, 746K rwdata, 2236K rodata, 452K init, 8263K bss, 21448K reserved, 16384K cma-reserved, 0K highmem)
[    0.000000] Virtual kernel memory layout:
[    0.000000]     vector  : 0xffff0000 - 0xffff1000   (   4 kB)
[    0.000000]     fixmap  : 0xffc00000 - 0xfff00000   (3072 kB)
[    0.000000]     vmalloc : 0xd0800000 - 0xff800000   ( 752 MB)
[    0.000000]     lowmem  : 0xc0000000 - 0xd0000000   ( 256 MB)
[    0.000000]     pkmap   : 0xbfe00000 - 0xc0000000   (   2 MB)
[    0.000000]     modules : 0xbf000000 - 0xbfe00000   (  14 MB)
[    0.000000]       .text : 0xc0008000 - 0xc08aa7c8   (8842 kB)
[    0.000000]       .init : 0xc08ab000 - 0xc091c000   ( 452 kB)
[    0.000000]       .data : 0xc091c000 - 0xc09d6ab8   ( 747 kB)
[    0.000000]        .bss : 0xc09d9000 - 0xc11eaee8   (8264 kB)
[    0.000000] Running RCU self tests
[    0.000000] Hierarchical RCU implementation.
[    0.000000] 	RCU lockdep checking is enabled.
[    0.000000] 	Build-time adjustment of leaf fanout to 32.
[    0.000000] 	RCU restricting CPUs from NR_CPUS=2 to nr_cpu_ids=1.
[    0.000000] RCU: Adjusting geometry for rcu_fanout_leaf=32, nr_cpu_ids=1
[    0.000000] NR_IRQS:16 nr_irqs:16 16
[    0.000000] IRQ: Found an INTC at 0xfa200000 (revision 4.0) with 96 interrupts
[    0.000000] Clocking rate (Crystal/Core/MPU): 26.0/400/600 MHz
[    0.000000] OMAP clockevent source: timer1 at 32768 Hz
[    0.000000] clocksource: 32k_counter: mask: 0xffffffff max_cycles: 0xffffffff, max_idle_ns: 58327039986419 ns
[    0.000030] sched_clock: 32 bits at 32kHz, resolution 30517ns, wraps every 65535999984741ns
[    0.000030] OMAP clocksource: 32k_counter at 32768 Hz
[    0.001708] Console: colour dummy device 80x30
[    0.001800] Lock dependency validator: Copyright (c) 2006 Red Hat, Inc., Ingo Molnar
[    0.001800] ... MAX_LOCKDEP_SUBCLASSES:  8
[    0.001831] ... MAX_LOCK_DEPTH:          48
[    0.001831] ... MAX_LOCKDEP_KEYS:        8191
[    0.001861] ... CLASSHASH_SIZE:          4096
[    0.001861] ... MAX_LOCKDEP_ENTRIES:     32768
[    0.001861] ... MAX_LOCKDEP_CHAINS:      65536
[    0.001892] ... CHAINHASH_SIZE:          32768
[    0.001892]  memory used by lock dependency info: 5167 kB
[    0.001922]  per task-struct memory footprint: 1536 bytes
[    0.001953] Calibrating delay loop... 594.73 BogoMIPS (lpj=2973696)
[    0.106170] pid_max: default: 32768 minimum: 301
[    0.106719] Security Framework initialized
[    0.106903] Mount-cache hash table entries: 1024 (order: 0, 4096 bytes)
[    0.106933] Mountpoint-cache hash table entries: 1024 (order: 0, 4096 bytes)
[    0.111328] Initializing cgroup subsys io
[    0.111480] Initializing cgroup subsys memory
[    0.111602] Initializing cgroup subsys devices
[    0.111724] Initializing cgroup subsys freezer
[    0.111907] Initializing cgroup subsys perf_event
[    0.111999] CPU: Testing write buffer coherency: ok
[    0.113891] CPU0: thread -1, cpu 0, socket -1, mpidr 0
[    0.114013] Setting up static identity map for 0x80008280 - 0x800082f0
[    0.119598] Brought up 1 CPUs
[    0.119628] SMP: Total of 1 processors activated (594.73 BogoMIPS).
[    0.119628] CPU: All CPU(s) started in SVC mode.
[    0.124999] devtmpfs: initialized
[    0.243041] VFP support v0.3: implementor 41 architecture 3 part 30 variant c rev 3
[    0.329681] omap_hwmod: mcbsp2_sidetone using broken dt data from mcbsp
[    0.332092] omap_hwmod: mcbsp3_sidetone using broken dt data from mcbsp
[    0.442474] clocksource: jiffies: mask: 0xffffffff max_cycles: 0xffffffff, max_idle_ns: 19112604462750000 ns
[    0.445251] pinctrl core: initialized pinctrl subsystem
[    0.452972] NET: Registered protocol family 16
[    0.461791] DMA: preallocated 256 KiB pool for atomic coherent allocations
[    0.464782] cpuidle: using governor ladder
[    0.464813] cpuidle: using governor menu
[    0.465667] Reprogramming SDRC clock to 400000000 Hz
[    0.484222] irq: no irq domain found for /ocp/l4@48000000/scm@2000/pinmux@30 !
[    0.485137] irq: no irq domain found for /ocp/l4@48000000/scm@2000/pinmux@30 !
[    0.486175] irq: no irq domain found for /ocp/l4@48000000/scm@2000/pinmux@30 !
[    0.494750] irq: no irq domain found for /ocp/l4@48000000/scm@2000/pinmux@30 !
[    0.515594] platform 48058000.ssi-controller: Cannot lookup hwmod 'ssi'
[    0.525878] No ATAGs?
[    0.525909] hw-breakpoint: debug architecture 0x4 unsupported.
[    0.527801] omap4_sram_init:Unable to allocate sram needed to handle errata I688
[    0.527832] omap4_sram_init:Unable to get sram pool needed to handle errata I688
[    0.529815] OMAP DMA hardware revision 5.0
[    0.575653] SCSI subsystem initialized
[    0.578674] pps_core: LinuxPPS API ver. 1 registered
[    0.578704] pps_core: Software ver. 5.3.6 - Copyright 2005-2007 Rodolfo Giometti <giometti@linux.it>
[    0.578765] PTP clock support registered
[    0.584533] clocksource: Switched to clocksource 32k_counter
[    0.812896] NET: Registered protocol family 2
[    0.815734] TCP established hash table entries: 2048 (order: 1, 8192 bytes)
[    0.815856] TCP bind hash table entries: 2048 (order: 4, 73728 bytes)
[    0.816955] TCP: Hash tables configured (established 2048 bind 2048)
[    0.817260] UDP hash table entries: 256 (order: 2, 20480 bytes)
[    0.817565] UDP-Lite hash table entries: 256 (order: 2, 20480 bytes)
[    0.819030] NET: Registered protocol family 1
[    0.821258] RPC: Registered named UNIX socket transport module.
[    0.821289] RPC: Registered udp transport module.
[    0.821319] RPC: Registered tcp transport module.
[    0.821319] RPC: Registered tcp NFSv4.1 backchannel transport module.
[    0.830169] futex hash table entries: 256 (order: 2, 16384 bytes)
[    0.830505] audit: initializing netlink subsys (disabled)
[    0.830810] audit: type=2000 audit(0.810:1): initialized
[    0.836242] VFS: Disk quotas dquot_6.6.0
[    0.836456] VFS: Dquot-cache hash table entries: 1024 (order 0, 4096 bytes)
[    0.839843] NFS: Registering the id_resolver key type
[    0.840362] Key type id_resolver registered
[    0.840393] Key type id_legacy registered
[    0.840667] jffs2: version 2.2. (NAND) (SUMMARY)   2001-2006 Red Hat, Inc.
[    0.848754] io scheduler noop registered
[    0.848815] io scheduler deadline registered
[    0.848876] io scheduler cfq registered (default)
[    0.855987] Serial: 8250/16550 driver, 4 ports, IRQ sharing enabled
[    0.919433] brd: module loaded
[    0.952514] loop: module loaded
[    0.956909] mtdoops: mtd device (mtddev=name/number) must be supplied
[    0.967224] mousedev: PS/2 mouse device common for all mice
[    0.967254] i2c /dev entries driver
[    0.969177] ledtrig-cpu: registered to indicate activity on CPUs
[    0.971008] oprofile: no performance counters
[    0.972717] oprofile: using timer interrupt.
[    0.973663] Initializing XFRM netlink socket
[    0.974212] NET: Registered protocol family 10
[    0.978332] sit: IPv6 over IPv4 tunneling driver
[    0.981719] NET: Registered protocol family 17
[    0.981842] NET: Registered protocol family 15
[    0.982330] Key type dns_resolver registered
[    0.982727] omap2_set_init_voltage: unable to find boot up OPP for vdd_mpu_iva
[    0.982757] omap2_set_init_voltage: unable to set vdd_mpu_iva
[    0.982788] omap2_set_init_voltage: unable to find boot up OPP for vdd_core
[    0.982818] omap2_set_init_voltage: unable to set vdd_core
[    0.988433] ThumbEE CPU extension supported.
[    0.988525] Registering SWP/SWPB emulation handler
[    0.988555] SmartReflex Class3 initialized
[    1.001556] OMAP GPIO hardware version 2.5
[    1.016937] omap-gpmc 6e000000.gpmc: GPMC revision 5.0
[    1.017211] gpmc_mem_init: disabling cs 0 mapped at 0x0-0x1000000
[    1.021942] pinctrl-single 48002030.pinmux: 284 pins at pa fa002030 size 568
[    1.039276] libphy: smsc911x-mdio: probed
[    1.039855] smsc911x 2c000000.ethernet eth0: attached PHY driver [SMSC LAN8700] (mii_bus:phy_addr=2c000000.etherne:01, irq=-1)
[    1.040191] smsc911x 2c000000.ethernet eth0: MAC Address: 00:50:c2:7e:93:ba
[    1.041931] nand: Could not find valid ONFI parameter page; aborting
[    1.041992] nand: device found, Manufacturer ID: 0xad, Chip ID: 0xbc
[    1.042022] nand: Hynix NAND 512MiB 1,8V 16-bit
[    1.042022] nand: 512 MiB, SLC, erase size: 128 KiB, page size: 2048, OOB size: 64
[    1.042053] nand: using OMAP_ECC_BCH8_CODE_HW_DETECTION_SW
[    1.045196] 5 ofpart partitions found on MTD device NAND 512MiB 1,8V 16-bit
[    1.045227] Creating 5 MTD partitions on "NAND 512MiB 1,8V 16-bit":
[    1.045257] 0x000000000000-0x000000080000 : "X-Loader"
[    1.056060] 0x000000080000-0x000000240000 : "U-Boot"
[    1.064056] 0x000000240000-0x000000280000 : "Environment"
[    1.070831] 0x000000280000-0x000000780000 : "Kernel"
[    1.081512] 0x000000780000-0x000020000000 : "Filesystem"
[    1.546661] omap-dma-engine 48056000.dma-controller: OMAP DMA engine driver
[    1.558227] pinctrl-single 48002a00.pinmux: 46 pins at pa fa002a00 size 92
[    1.583038] twl 0-0048: PIH (irq 23) chaining IRQs 338..346
[    1.583709] twl 0-0048: power (irq 343) chaining IRQs 346..353
[    1.655639] twl4030_gpio twl4030-gpio: gpio (irq 338) chaining IRQs 354..371
[    1.733764] omap_i2c 48070000.i2c: bus 0 rev4.4 at 2600 kHz
[    1.737152] omap_i2c 48072000.i2c: bus 1 rev4.4 at 400 kHz
[    1.740844] omap_i2c 48060000.i2c: bus 2 rev4.4 at 400 kHz
[    1.743011] hw perfevents: enabled with armv7_cortex_a8 PMU driver, 5 counters available
[    1.750854] pinctrl-single 480025a0.pinmux: 46 pins at pa fa0025a0 size 92
[    1.757110] 4806a000.serial: ttyO0 at MMIO 0x4806a000 (irq = 88, base_baud = 3000000) is a OMAP UART0
[    2.793914] console [ttyO0] enabled
[    2.803039] 4806c000.serial: ttyO1 at MMIO 0x4806c000 (irq = 89, base_baud = 3000000) is a OMAP UART1
[    2.816253] 49020000.serial: ttyO2 at MMIO 0x49020000 (irq = 90, base_baud = 3000000) is a OMAP UART2
[    2.828521] omap_uart 49042000.serial: no wakeirq for uart3
[    2.835021] 49042000.serial: ttyO3 at MMIO 0x49042000 (irq = 96, base_baud = 3000000) is a OMAP UART3
[    2.907440] vwl1271: supplied by VMMC2
[    3.038024] hctosys: unable to open rtc device (rtc0)
[    3.043365] sr_init: No PMIC hook to init smartreflex
[    3.049438] smartreflex smartreflex.0: omap_sr_probe: SmartReflex driver initialized
[    3.058898] smartreflex smartreflex.1: omap_sr_probe: SmartReflex driver initialized
[    3.159667] smsc911x 2c000000.ethernet eth0: SMSC911x/921x identified at 0xd081c000, IRQ: 320
[    3.169250] IPv6: ADDRCONF(NETDEV_UP): eth0: link is not ready
[    3.185913] mmc0: host does not support reading read-only switch, assuming write-enable
[    3.196960] mmc0: new high speed SDHC card at address b368
[    3.206726] mmcblk0: mmc0:b368 SDC   3.74 GiB 
[    3.217498]  mmcblk0: p1 p2 p3
[    3.233032] omap_hsmmc 480b4000.mmc: card claims to support voltages below defined range
[    3.260925] mmc1: queuing unknown CIS tuple 0x91 (3 bytes)
[    3.271911] mmc1: new SDIO card at address 0001
[    5.815582] IPv6: ADDRCONF(NETDEV_CHANGE): eth0: link becomes ready
[    5.836090] Sending DHCP requests ., OK
[    5.925415] IP-Config: Got DHCP answer from 192.168.0.1, my address is 192.168.0.56
[    5.934295] IP-Config: Complete:
[    5.937866]      device=eth0, hwaddr=00:50:c2:7e:93:ba, ipaddr=192.168.0.56, mask=255.255.255.0, gw=192.168.0.1
[    5.948577]      host=192.168.0.56, domain=tim.com, nis-domain=(none)
[    5.955413]      bootserver=192.168.0.1, rootserver=192.168.0.1, rootpath=
[    5.962463]      nameserver0=192.0.2.2, nameserver1=192.0.2.3
[    5.969177] vwl1271: disabling
[    5.972412] lcd_3v3: disabling
[    5.979644] VUSB3V1: disabling
[    5.994262] EXT4-fs (mmcblk0p2): mounting ext3 file system using the ext4 subsystem
[    6.025634] EXT4-fs (mmcblk0p2): warning: maximal mount count reached, running e2fsck is recommended
[    6.397796] EXT4-fs (mmcblk0p2): mounted filesystem with ordered data mode. Opts: (null)
[    6.406646] VFS: Mounted root (ext3 filesystem) on device 179:2.
[    6.427429] devtmpfs: mounted
[    6.431732] Freeing unused kernel memory: 452K (c08ab000 - c091c000)
INIT: version 2.86 booting
Please wait: booting...
Error opening /dev/fb0: No such file or directory
Starting udev
WARNING: -e needs -E or -F
[    7.635589] udevd (119): /proc/119/oom_adj is deprecated, please use /proc/119/oom_score_adj instead.
[   23.567474] EXT4-fs (mmcblk0p3): mounting ext3 file system using the ext4 subsystem
[   23.598632] EXT4-fs (mmcblk0p3): warning: maximal mount count reached, running e2fsck is recommended
[   23.618621] EXT4-fs (mmcblk0p3): mounted filesystem with ordered data mode. Opts: (null)
[   23.646179] FAT-fs (mmcblk0p1): Volume was not properly unmounted. Some data may be corrupt. Please run fsck.
[   23.813995] alignment: ignoring faults is unsafe on this CPU.  Defaulting to fixup mode.
Remounting root file system...
[   23.983398] EXT4-fs (mmcblk0p2): re-mounted. Opts: (null)
Caching udev devnodes
logger: mount: mount point /proc/bus/usb does not exist
ALSA: Restoring mixer settings...
/usr/sbin/alsactl: load_state:1625: No soundcards found...
Configuring network interfaces... [   26.815368] random: nonblocking pool is initialized
[   26.917449] smsc911x 2c000000.ethernet eth0: SMSC911x/921x identified at 0xd081c000, IRQ: 320
[   26.927581] IPv6: ADDRCONF(NETDEV_UP): eth0: link is not ready
eth0      no wireless extensions.
udhcpc (v1.13.2) started
Sending discover...
[   28.815582] IPv6: ADDRCONF(NETDEV_CHANGE): eth0: link becomes ready
Sending discover...
Sending select for 192.168.0.58...
Lease of 192.168.0.58 obtained, lease time 600
adding dns 192.0.2.2
adding dns 192.0.2.3
done.
Setting up IP spoofing protection: rp_filter.
hwclock: can't open '/dev/misc/rtc': No such file or directory
Sat Apr 18 16:18:00 UTC 2015
hwclock: can't open '/dev/misc/rtc': No such file or directory
INIT: Entering runlevel: 5
Starting system message bus: dbus.
Starting Hardware abstraction layer hald
[   34.352874] ecc unrecoverable error
[   34.356903] ecc unrecoverable error
[   34.360687] ecc unrecoverable error
[   34.364562] ecc unrecoverable error
[   34.368530] blk_update_request: I/O error, dev mtdblock0, sector 0
[   34.495269] ecc unrecoverable error
[   34.499053] ecc unrecoverable error
[   34.502838] ecc unrecoverable error
[   34.506744] ecc unrecoverable error
[   34.510437] blk_update_request: I/O error, dev mtdblock0, sector 0
[   34.517303] Buffer I/O error on dev mtdblock0, logical block 0, async page read
[   34.605804] ecc unrecoverable error
[   34.609588] ecc unrecoverable error
[   34.613372] ecc unrecoverable error
[   34.617309] ecc unrecoverable error
[   34.621002] blk_update_request: I/O error, dev mtdblock1, sector 3456
[   34.655242] ecc unrecoverable error
[   34.659057] ecc unrecoverable error
[   34.662750] blk_update_request: I/O error, dev mtdblock2, sector 0
[   34.685302] ecc unrecoverable error
[   34.689117] ecc unrecoverable error
[   34.692810] blk_update_request: I/O error, dev mtdblock3, sector 10112
[   34.715942] ecc unrecoverable error
[   34.719757] ecc unrecoverable error
[   34.723510] ecc unrecoverable error
[   34.727355] ecc unrecoverable error
[   34.731079] blk_update_request: I/O error, dev mtdblock0, sector 0
[   34.737579] Buffer I/O error on dev mtdblock0, logical block 0, async page read
[   34.775878] ecc unrecoverable error
[   34.779693] ecc unrecoverable error
[   34.783447] ecc unrecoverable error
[   34.787353] ecc unrecoverable error
[   34.791076] blk_update_request: I/O error, dev mtdblock1, sector 3456
[   34.797882] Buffer I/O error on dev mtdblock1, logical block 432, async page read
[   34.878234] ecc unrecoverable error
[   34.882049] ecc unrecoverable error
[   34.885925] blk_update_request: I/O error, dev mtdblock2, sector 0
[   34.892425] Buffer I/O error on dev mtdblock2, logical block 0, async page read
[   34.976318] ecc unrecoverable error
[   34.980133] ecc unrecoverable error
[   34.983856] blk_update_request: I/O error, dev mtdblock3, sector 10112
[   34.990753] Buffer I/O error on dev mtdblock3, logical block 1264, async page read
[   35.063812] ecc unrecoverable error
[   35.067840] ecc unrecoverable error
[   35.071624] ecc unrecoverable error
[   35.075439] ecc unrecoverable error
[   35.079162] blk_update_request: I/O error, dev mtdblock0, sector 0
[   35.085662] Buffer I/O error on dev mtdblock0, logical block 0, async page read
[   35.094909] ecc unrecoverable error
[   35.098693] ecc unrecoverable error
[   35.102478] ecc unrecoverable error
[   35.106323] ecc unrecoverable error
[   35.111114] ecc unrecoverable error
[   35.115020] ecc unrecoverable error
[   35.118713] Buffer I/O error on dev mtdblock2, logical block 0, async page read
[   35.127258] ecc unrecoverable error
[   35.131042] ecc unrecoverable error
[   35.135711] ecc unrecoverable error
[   35.140045] ecc unrecoverable error
[   35.143798] ecc unrecoverable error
[   35.147735] ecc unrecoverable error
[   35.151458] ecc unrecoverable error
[   35.155212] Buffer I/O error on dev mtdblock0, logical block 0, async page read
[   35.164306] ecc unrecoverable error
[   35.168243] ecc unrecoverable error
[   35.171997] ecc unrecoverable error
[   35.175842] ecc unrecoverable error
[   35.179534] Buffer I/O error on dev mtdblock1, logical block 446, async page read
[   35.188354] ecc unrecoverable error
[   35.192138] ecc unrecoverable error
[   35.195953] Buffer I/O error on dev mtdblock2, logical block 0, async page read
[   35.204345] ecc unrecoverable error
[   35.208221] ecc unrecoverable error
[   35.212615] ecc unrecoverable error
[   35.217132] ecc unrecoverable error
[   35.220916] ecc unrecoverable error
[   35.224761] ecc unrecoverable error
[   35.228485] ecc unrecoverable error
[   35.232879] ecc unrecoverable error
[   35.236724] ecc unrecoverable error
[   35.240478] ecc unrecoverable error
[   35.244262] ecc unrecoverable error
[   35.248596] ecc unrecoverable error
[   35.252380] ecc unrecoverable error
[   35.256774] ecc unrecoverable error
[   35.260559] ecc unrecoverable error
[   35.265716] ecc unrecoverable error
[   35.269500] ecc unrecoverable error
[   35.273254] ecc unrecoverable error
[   35.277069] ecc unrecoverable error
[   35.281402] ecc unrecoverable error
[   35.285247] ecc unrecoverable error
[   35.289001] ecc unrecoverable error
[   35.292785] ecc unrecoverable error
[   35.297271] ecc unrecoverable error
[   35.301055] ecc unrecoverable error
[   35.305450] ecc unrecoverable error
[   35.309234] ecc unrecoverable error
[   35.314300] ecc unrecoverable error
[   35.318176] ecc unrecoverable error
[   35.321960] ecc unrecoverable error
[   35.325744] ecc unrecoverable error
[   35.330017] ecc unrecoverable error
[   35.333801] ecc unrecoverable error
[   35.337646] ecc unrecoverable error
[   35.341430] ecc unrecoverable error
[   35.345855] ecc unrecoverable error
[   35.349609] ecc unrecoverable error
[   35.353881] ecc unrecoverable error
[   35.357727] ecc unrecoverable error
[   35.364624] ecc unrecoverable error
[   35.368408] ecc unrecoverable error
[   35.372192] ecc unrecoverable error
[   35.376007] ecc unrecoverable error
[   35.380493] ecc unrecoverable error
[   35.384277] ecc unrecoverable error
[   35.388183] ecc unrecoverable error
[   35.391937] ecc unrecoverable error
[   35.398010] ecc unrecoverable error
[   35.401824] ecc unrecoverable error
[   35.406433] ecc unrecoverable error
[   35.410217] ecc unrecoverable error
[   35.417419] ecc unrecoverable error
[   35.421203] ecc unrecoverable error
[   35.425140] ecc unrecoverable error
[   35.428894] ecc unrecoverable error
[   35.433349] ecc unrecoverable error
[   35.437255] ecc unrecoverable error
[   35.441040] ecc unrecoverable error
[   35.444885] ecc unrecoverable error
[   35.449310] ecc unrecoverable error
[   35.453094] ecc unrecoverable error
[   35.457580] ecc unrecoverable error
[   35.461364] ecc unrecoverable error
[   35.465789] ecc unrecoverable error
[   35.470062] ecc unrecoverable error
[   35.473846] ecc unrecoverable error
[   35.477691] ecc unrecoverable error
[   35.481445] ecc unrecoverable error
[   35.485778] ecc unrecoverable error
[   35.489562] ecc unrecoverable error
[   35.493316] ecc unrecoverable error
[   35.497161] ecc unrecoverable error
[   35.501464] ecc unrecoverable error
[   35.505279] ecc unrecoverable error
[   35.509582] ecc unrecoverable error
[   35.513366] ecc unrecoverable error
[   35.517730] ecc unrecoverable error
[   35.522277] ecc unrecoverable error
[   35.526153] ecc unrecoverable error
[   35.529907] ecc unrecoverable error
[   35.533660] ecc unrecoverable error
[   35.538055] ecc unrecoverable error
[   35.541839] ecc unrecoverable error
[   35.545684] ecc unrecoverable error
[   35.549468] ecc unrecoverable error
[   35.553802] ecc unrecoverable error
[   35.557647] ecc unrecoverable error
[   35.561981] ecc unrecoverable error
[   35.565826] ecc unrecoverable error
[   35.570129] ecc unrecoverable error
[   35.574554] ecc unrecoverable error
[   35.578338] ecc unrecoverable error
[   35.582092] ecc unrecoverable error
[   35.585906] ecc unrecoverable error
[   35.590209] ecc unrecoverable error
[   35.593994] ecc unrecoverable error
[   35.597839] ecc unrecoverable error
[   35.601593] ecc unrecoverable error
[   35.605957] ecc unrecoverable error
[   35.609741] ecc unrecoverable error
[   35.614044] ecc unrecoverable error
[   35.617889] ecc unrecoverable error
[   35.622131] ecc unrecoverable error
[   35.626525] ecc unrecoverable error
[   35.630310] ecc unrecoverable error
[   35.634063] ecc unrecoverable error
[   35.637878] ecc unrecoverable error
[   35.642120] ecc unrecoverable error
[   35.645965] ecc unrecoverable error
[   35.649749] ecc unrecoverable error
[   35.653503] ecc unrecoverable error
[   35.657867] ecc unrecoverable error
[   35.661651] ecc unrecoverable error
[   35.666015] ecc unrecoverable error
[   35.669799] ecc unrecoverable error
[   35.674133] ecc unrecoverable error
[   35.678527] ecc unrecoverable error
[   35.682312] ecc unrecoverable error
[   35.686126] ecc unrecoverable error
[   35.689880] ecc unrecoverable error
[   35.694244] ecc unrecoverable error
[   35.698089] ecc unrecoverable error
[   35.701873] ecc unrecoverable error
[   35.705688] ecc unrecoverable error
[   35.710021] ecc unrecoverable error
[   35.713806] ecc unrecoverable error
[   35.718170] ecc unrecoverable error
[   35.721954] ecc unrecoverable error
[   35.726287] ecc unrecoverable error
[   35.730590] ecc unrecoverable error
[   35.734374] ecc unrecoverable error
[   35.738189] ecc unrecoverable error
[   35.741973] ecc unrecoverable error
[   35.746307] ecc unrecoverable error
[   35.750091] ecc unrecoverable error
[   35.753845] ecc unrecoverable error
[   35.757690] ecc unrecoverable error
[   35.762023] ecc unrecoverable error
[   35.765838] ecc unrecoverable error
[   35.770141] ecc unrecoverable error
[   35.773925] ecc unrecoverable error
[   35.778320] ecc unrecoverable error
[   35.782623] ecc unrecoverable error
[   35.786468] ecc unrecoverable error
[   35.790222] ecc unrecoverable error
[   35.793975] ecc unrecoverable error
[   35.798278] ecc unrecoverable error
[   35.802062] ecc unrecoverable error
[   35.805877] ecc unrecoverable error
[   35.809661] ecc unrecoverable error
[   35.813903] ecc unrecoverable error
[   35.817749] ecc unrecoverable error
[   35.822052] ecc unrecoverable error
[   35.825866] ecc unrecoverable error
[   35.830169] ecc unrecoverable error
[   35.834564] ecc unrecoverable error
[   35.838348] ecc unrecoverable error
[   35.842102] ecc unrecoverable error
[   35.845916] ecc unrecoverable error
[   35.850250] ecc unrecoverable error
[   35.854003] ecc unrecoverable error
[   35.857849] ecc unrecoverable error
[   35.861633] ecc unrecoverable error
[   35.865966] ecc unrecoverable error
[   35.869720] ecc unrecoverable error
[   35.874023] ecc unrecoverable error
[   35.877868] ecc unrecoverable error
[   35.882110] ecc unrecoverable error
[   35.886535] ecc unrecoverable error
[   35.890289] ecc unrecoverable error
[   35.894042] ecc unrecoverable error
[   35.897888] ecc unrecoverable error
[   35.902221] ecc unrecoverable error
[   35.906066] ecc unrecoverable error
[   35.909820] ecc unrecoverable error
[   35.913604] ecc unrecoverable error
[   35.917968] ecc unrecoverable error
[   35.921722] ecc unrecoverable error
[   35.926086] ecc unrecoverable error
[   35.929870] ecc unrecoverable error
[   35.934143] ecc unrecoverable error
[   35.938537] ecc unrecoverable error
[   35.942291] ecc unrecoverable error
[   35.946105] ecc unrecoverable error
[   35.949890] ecc unrecoverable error
[   35.954132] ecc unrecoverable error
[   35.957977] ecc unrecoverable error
[   35.961761] ecc unrecoverable error
[   35.965576] ecc unrecoverable error
[   35.969879] ecc unrecoverable error
[   35.973663] ecc unrecoverable error
[   35.978057] ecc unrecoverable error
[   35.981811] ecc unrecoverable error
[   35.986236] ecc unrecoverable error
[   35.990539] ecc unrecoverable error
[   35.994323] ecc unrecoverable error
[   35.998138] ecc unrecoverable error
[   36.001922] ecc unrecoverable error
[   36.006286] ecc unrecoverable error
[   36.010070] ecc unrecoverable error
[   36.013854] ecc unrecoverable error
[   36.017700] ecc unrecoverable error
[   36.022003] ecc unrecoverable error
[   36.025817] ecc unrecoverable error
[   36.030090] ecc unrecoverable error
[   36.033874] ecc unrecoverable error
[   36.038238] ecc unrecoverable error
[   36.042541] ecc unrecoverable error
[   36.046386] ecc unrecoverable error
[   36.050140] ecc unrecoverable error
[   36.053924] ecc unrecoverable error
[   36.058288] ecc unrecoverable error
[   36.062042] ecc unrecoverable error
[   36.065856] ecc unrecoverable error
[   36.069641] ecc unrecoverable error
[   36.073944] ecc unrecoverable error
[   36.077789] ecc unrecoverable error
[   36.082092] ecc unrecoverable error
[   36.085937] ecc unrecoverable error
[   36.090209] ecc unrecoverable error
[   36.094665] ecc unrecoverable error
[   36.098449] ecc unrecoverable error
[   36.102203] ecc unrecoverable error
[   36.106048] ecc unrecoverable error
[   36.110290] ecc unrecoverable error
[   36.114074] ecc unrecoverable error
[   36.117889] ecc unrecoverable error
[   36.121643] ecc unrecoverable error
[   36.125946] ecc unrecoverable error
[   36.129699] ecc unrecoverable error
[   36.134002] ecc unrecoverable error
[   36.137847] ecc unrecoverable error
[   36.142089] ecc unrecoverable error
[   36.146789] ecc unrecoverable error
[   36.150543] ecc unrecoverable error
[   36.154296] ecc unrecoverable error
[   36.158142] ecc unrecoverable error
[   36.162475] ecc unrecoverable error
[   36.166290] ecc unrecoverable error
[   36.170043] ecc unrecoverable error
[   36.173828] ecc unrecoverable error
[   36.178192] ecc unrecoverable error
[   36.181945] ecc unrecoverable error
[   36.186309] ecc unrecoverable error
[   36.190093] ecc unrecoverable error
[   36.194366] ecc unrecoverable error
[   36.198730] ecc unrecoverable error
[   36.202514] ecc unrecoverable error
[   36.206359] ecc unrecoverable error
[   36.210083] ecc unrecoverable error
[   36.214385] ecc unrecoverable error
[   36.218231] ecc unrecoverable error
[   36.221984] ecc unrecoverable error
[   36.225799] ecc unrecoverable error
[   36.230102] ecc unrecoverable error
[   36.233856] ecc unrecoverable error
[   36.238220] ecc unrecoverable error
[   36.241973] ecc unrecoverable error
[   36.246307] ecc unrecoverable error
[   36.250610] ecc unrecoverable error
[   36.254394] ecc unrecoverable error
[   36.258270] ecc unrecoverable error
[   36.262023] ecc unrecoverable error
[   36.266296] ecc unrecoverable error
[   36.270080] ecc unrecoverable error
[   36.273834] ecc unrecoverable error
[   36.277679] ecc unrecoverable error
[   36.281921] ecc unrecoverable error
[   36.285766] ecc unrecoverable error
[   36.290008] ecc unrecoverable error
[   36.293792] ecc unrecoverable error
[   36.298156] ecc unrecoverable error
[   36.302459] ecc unrecoverable error
[   36.306274] ecc unrecoverable error
[   36.310058] ecc unrecoverable error
[   36.313781] ecc unrecoverable error
[   36.318145] ecc unrecoverable error
[   36.321929] ecc unrecoverable error
[   36.325714] ecc unrecoverable error
[   36.329498] ecc unrecoverable error
[   36.333801] ecc unrecoverable error
[   36.337646] ecc unrecoverable error
[   36.341979] ecc unrecoverable error
[   36.345794] ecc unrecoverable error
[   36.350097] ecc unrecoverable error
[   36.354400] ecc unrecoverable error
[   36.358245] ecc unrecoverable error
[   36.362030] ecc unrecoverable error
[   36.365783] ecc unrecoverable error
[   36.370239] ecc unrecoverable error
[   36.373992] ecc unrecoverable error
[   36.377838] ecc unrecoverable error
[   36.381591] ecc unrecoverable error
[   36.386016] ecc unrecoverable error
[   36.389801] ecc unrecoverable error
[   36.394104] ecc unrecoverable error
[   36.397949] ecc unrecoverable error
[   36.402252] ecc unrecoverable error
[   36.406646] ecc unrecoverable error
[   36.410430] ecc unrecoverable error
[   36.414184] ecc unrecoverable error
[   36.417999] ecc unrecoverable error
[   36.422332] ecc unrecoverable error
[   36.426177] ecc unrecoverable error
[   36.429962] ecc unrecoverable error
[   36.433715] ecc unrecoverable error
[   36.438018] ecc unrecoverable error
[   36.441802] ecc unrecoverable error
[   36.446319] ecc unrecoverable error
[   36.450103] ecc unrecoverable error
[   36.454406] ecc unrecoverable error
[   36.458801] ecc unrecoverable error
[   36.462585] ecc unrecoverable error
[   36.466400] ecc unrecoverable error
[   36.470184] ecc unrecoverable error
[   36.474609] ecc unrecoverable error
[   36.478363] ecc unrecoverable error
[   36.482116] ecc unrecoverable error
[   36.485961] ecc unrecoverable error
[   36.490264] ecc unrecoverable error
[   36.494049] ecc unrecoverable error
[   36.498474] ecc unrecoverable error
[   36.502258] ecc unrecoverable error
[   36.506622] ecc unrecoverable error
[   36.510925] ecc unrecoverable error
[   36.514770] ecc unrecoverable error
[   36.518554] ecc unrecoverable error
[   36.522308] ecc unrecoverable error
[   36.526672] ecc unrecoverable error
[   36.530426] ecc unrecoverable error
[   36.534179] ecc unrecoverable error
[   36.538024] ecc unrecoverable error
[   36.542327] ecc unrecoverable error
[   36.546173] ecc unrecoverable error
[   36.550415] ecc unrecoverable error
[   36.554199] ecc unrecoverable error
[   36.558563] ecc unrecoverable error
[   36.562957] ecc unrecoverable error
[   36.566833] ecc unrecoverable error
[   36.570587] ecc unrecoverable error
[   36.574340] ecc unrecoverable error
[   36.578643] ecc unrecoverable error
[   36.582427] ecc unrecoverable error
[   36.586212] ecc unrecoverable error
[   36.589996] ecc unrecoverable error
[   36.594268] ecc unrecoverable error
[   36.598114] ecc unrecoverable error
[   36.602447] ecc unrecoverable error
[   36.606262] ecc unrecoverable error
[   36.611358] ecc unrecoverable error
[   36.615234] ecc unrecoverable error
[   36.619018] ecc unrecoverable error
[   36.622741] ecc unrecoverable error
[   36.627136] ecc unrecoverable error
[   36.630889] ecc unrecoverable error
[   36.634735] ecc unrecoverable error
[   36.638519] ecc unrecoverable error
[   36.642822] ecc unrecoverable error
[   36.646667] ecc unrecoverable error
[   36.650970] ecc unrecoverable error
[   36.654815] ecc unrecoverable error
[   36.659881] ecc unrecoverable error
[   36.663665] ecc unrecoverable error
[   36.667510] ecc unrecoverable error
[   36.671264] ecc unrecoverable error
[   36.675628] ecc unrecoverable error
[   36.679412] ecc unrecoverable error
[   36.683166] ecc unrecoverable error
[   36.687011] ecc unrecoverable error
[   36.691314] ecc unrecoverable error
[   36.695159] ecc unrecoverable error
[   36.699432] ecc unrecoverable error
[   36.703216] ecc unrecoverable error
[   36.708312] ecc unrecoverable error
[   36.712097] ecc unrecoverable error
[   36.715942] ecc unrecoverable error
[   36.719696] ecc unrecoverable error
[   36.723937] ecc unrecoverable error
[   36.727783] ecc unrecoverable error
[   36.731536] ecc unrecoverable error
[   36.735351] ecc unrecoverable error
[   36.739624] ecc unrecoverable error
[   36.743377] ecc unrecoverable error
[   36.747741] ecc unrecoverable error
[   36.751525] ecc unrecoverable error
[   36.755889] ecc unrecoverable error
[   36.760192] ecc unrecoverable error
[   36.763977] ecc unrecoverable error
[   36.767822] ecc unrecoverable error
[   36.771545] ecc unrecoverable error
[   36.775909] ecc unrecoverable error
[   36.779663] ecc unrecoverable error
[   36.783416] ecc unrecoverable error
[   36.787261] ecc unrecoverable error
[   36.791564] ecc unrecoverable error
[   36.795410] ecc unrecoverable error
[   36.799713] ecc unrecoverable error
[   36.803497] ecc unrecoverable error
[   36.807769] ecc unrecoverable error
[   36.812103] ecc unrecoverable error
[   36.815948] ecc unrecoverable error
[   36.819732] ecc unrecoverable error
[   36.823455] ecc unrecoverable error
[   36.827819] ecc unrecoverable error
[   36.831573] ecc unrecoverable error
[   36.835388] ecc unrecoverable error
[   36.839172] ecc unrecoverable error
[   36.843475] ecc unrecoverable error
[   36.847320] ecc unrecoverable error
[   36.851593] ecc unrecoverable error
[   36.855438] ecc unrecoverable error
[   36.859710] ecc unrecoverable error
[   36.864013] ecc unrecoverable error
[   36.867858] ecc unrecoverable error
[   36.871643] ecc unrecoverable error
[   36.875427] ecc unrecoverable error
[   36.879669] ecc unrecoverable error
[   36.883453] ecc unrecoverable error
[   36.887268] ecc unrecoverable error
[   36.891052] ecc unrecoverable error
[   36.895324] ecc unrecoverable error
[   36.899108] ecc unrecoverable error
[   36.903411] ecc unrecoverable error
[   36.907257] ecc unrecoverable error
[   36.911560] ecc unrecoverable error
[   36.915924] ecc unrecoverable error
[   36.919708] ecc unrecoverable error
[   36.923492] ecc unrecoverable error
[   36.927276] ecc unrecoverable error
[   36.931579] ecc unrecoverable error
[   36.935424] ecc unrecoverable error
[   36.939178] ecc unrecoverable error
[   36.942962] ecc unrecoverable error
[   36.947296] ecc unrecoverable error
[   36.951080] ecc unrecoverable error
[   36.955444] ecc unrecoverable error
[   36.959228] ecc unrecoverable error
[   36.963500] ecc unrecoverable error
[   36.967864] ecc unrecoverable error
[   36.971649] ecc unrecoverable error
[   36.975494] ecc unrecoverable error
[   36.979217] ecc unrecoverable error
[   36.983520] ecc unrecoverable error
[   36.987365] ecc unrecoverable error
[   36.991119] ecc unrecoverable error
[   36.994934] ecc unrecoverable error
[   36.999267] ecc unrecoverable error
[   37.003021] ecc unrecoverable error
[   37.007385] ecc unrecoverable error
[   37.011169] ecc unrecoverable error
[   37.015502] ecc unrecoverable error
[   37.019805] ecc unrecoverable error
[   37.023590] ecc unrecoverable error
[   37.027435] ecc unrecoverable error
[   37.031188] ecc unrecoverable error
[   37.035461] ecc unrecoverable error
[   37.039245] ecc unrecoverable error
[   37.042968] ecc unrecoverable error
[   37.046844] ecc unrecoverable error
[   37.051086] ecc unrecoverable error
[   37.054931] ecc unrecoverable error
[   37.059265] ecc unrecoverable error
[   37.063018] ecc unrecoverable error
[   37.068542] ecc unrecoverable error
[   37.073059] ecc unrecoverable error
[   37.076934] ecc unrecoverable error
[   37.080780] ecc unrecoverable error
[   37.084564] ecc unrecoverable error
[   37.090087] ecc unrecoverable error
[   37.093933] ecc unrecoverable error
[   37.097778] ecc unrecoverable error
[   37.101562] ecc unrecoverable error
[   37.106475] ecc unrecoverable error
[   37.110260] ecc unrecoverable error
[   37.114746] ecc unrecoverable error
[   37.118530] ecc unrecoverable error
[   37.122863] ecc unrecoverable error
[   37.127349] ecc unrecoverable error
[   37.131134] ecc unrecoverable error
[   37.134979] ecc unrecoverable error
[   37.138732] ecc unrecoverable error
[   37.143066] ecc unrecoverable error
[   37.146911] ecc unrecoverable error
[   37.150695] ecc unrecoverable error
[   37.154541] ecc unrecoverable error
[   37.158874] ecc unrecoverable error
[   37.162658] ecc unrecoverable error
[   37.167053] ecc unrecoverable error
[   37.170806] ecc unrecoverable error
[   37.175964] ecc unrecoverable error
[   37.179748] ecc unrecoverable error
[   37.183532] ecc unrecoverable error
[   37.187347] ecc unrecoverable error
[   37.191955] ecc unrecoverable error
[   37.195800] ecc unrecoverable error
[   37.199584] ecc unrecoverable error
[   37.203369] ecc unrecoverable error
[   37.208099] ecc unrecoverable error
[   37.211914] ecc unrecoverable error
[   37.216339] ecc unrecoverable error
[   37.220123] ecc unrecoverable error
[   37.225311] ecc unrecoverable error
[   37.229095] ecc unrecoverable error
[   37.232879] ecc unrecoverable error
[   37.236694] ecc unrecoverable error
[   37.241119] ecc unrecoverable error
[   37.244995] ecc unrecoverable error
[   37.248779] ecc unrecoverable error
[   37.252563] ecc unrecoverable error
[   37.256958] ecc unrecoverable error
[   37.260711] ecc unrecoverable error
[   37.265167] ecc unrecoverable error
[   37.268951] ecc unrecoverable error
[   37.274017] ecc unrecoverable error
[   37.277862] ecc unrecoverable error
[   37.281646] ecc unrecoverable error
[   37.285430] ecc unrecoverable error
[   37.289764] ecc unrecoverable error
[   37.293548] ecc unrecoverable error
[   37.297393] ecc unrecoverable error
[   37.301177] ecc unrecoverable error
[   37.305541] ecc unrecoverable error
[   37.309295] ecc unrecoverable error
[   37.313568] ecc unrecoverable error
[   37.317413] ecc unrecoverable error
[   37.321716] ecc unrecoverable error
[   37.326171] ecc unrecoverable error
[   37.329925] ecc unrecoverable error
[   37.333709] ecc unrecoverable error
[   37.337524] ecc unrecoverable error
[   37.341796] ecc unrecoverable error
[   37.345642] ecc unrecoverable error
[   37.349395] ecc unrecoverable error
[   37.353179] ecc unrecoverable error
[   37.357513] ecc unrecoverable error
[   37.361297] ecc unrecoverable error
[   37.365692] ecc unrecoverable error
[   37.369476] ecc unrecoverable error
[   37.373809] ecc unrecoverable error
[   37.378234] ecc unrecoverable error
[   37.381988] ecc unrecoverable error
[   37.385833] ecc unrecoverable error
[   37.389587] ecc unrecoverable error
[   37.393920] ecc unrecoverable error
[   37.397796] ecc unrecoverable error
[   37.401550] ecc unrecoverable error
[   37.405364] ecc unrecoverable error
[   37.409698] ecc unrecoverable error
[   37.413482] ecc unrecoverable error
[   37.417846] ecc unrecoverable error
[   37.421600] ecc unrecoverable error
[   37.425964] ecc unrecoverable error
[   37.430236] ecc unrecoverable error
[   37.434020] ecc unrecoverable error
[   37.437866] ecc unrecoverable error
[   37.441650] ecc unrecoverable error
[   37.446044] ecc unrecoverable error
[   37.449829] ecc unrecoverable error
[   37.453613] ecc unrecoverable error
[   37.457489] ecc unrecoverable error
[   37.461914] ecc unrecoverable error
[   37.465789] ecc unrecoverable error
[   37.470092] ecc unrecoverable error
[   37.473846] ecc unrecoverable error
[   37.478240] ecc unrecoverable error
[   37.482543] ecc unrecoverable error
[   37.486389] ecc unrecoverable error
[   37.490173] ecc unrecoverable error
[   37.493957] ecc unrecoverable error
[   37.498260] ecc unrecoverable error
[   37.502044] ecc unrecoverable error
[   37.505889] ecc unrecoverable error
[   37.509643] ecc unrecoverable error
[   37.513946] ecc unrecoverable error
[   37.517791] ecc unrecoverable error
[   37.522155] ecc unrecoverable error
[   37.526000] ecc unrecoverable error
[   37.530273] ecc unrecoverable error
[   37.534698] ecc unrecoverable error
[   37.538482] ecc unrecoverable error
[   37.542236] ecc unrecoverable error
[   37.546051] ecc unrecoverable error
[   37.550384] ecc unrecoverable error
[   37.554168] ecc unrecoverable error
[   37.558013] ecc unrecoverable error
[   37.561798] ecc unrecoverable error
[   37.566162] ecc unrecoverable error
[   37.569946] ecc unrecoverable error
[   37.574249] ecc unrecoverable error
[   37.578094] ecc unrecoverable error
[   37.582427] ecc unrecoverable error
[   37.586822] ecc unrecoverable error
[   37.590606] ecc unrecoverable error
[   37.594360] ecc unrecoverable error
[   37.598175] ecc unrecoverable error
[   37.602508] ecc unrecoverable error
[   37.606353] ecc unrecoverable error
[   37.610137] ecc unrecoverable error
[   37.613891] ecc unrecoverable error
[   37.618255] ecc unrecoverable error
[   37.622039] ecc unrecoverable error
[   37.626403] ecc unrecoverable error
[   37.630187] ecc unrecoverable error
[   37.634552] ecc unrecoverable error
[   37.638854] ecc unrecoverable error
[   37.642639] ecc unrecoverable error
[   37.646484] ecc unrecoverable error
[   37.650238] ecc unrecoverable error
[   37.662200] ecc unrecoverable error
[   37.666229] ecc unrecoverable error
[   37.670013] ecc unrecoverable error
[   37.673767] ecc unrecoverable error
[   37.682708] ecc unrecoverable error
[   37.686706] ecc unrecoverable error
[   37.691314] ecc unrecoverable error
[   37.695251] ecc unrecoverable error
[   37.699676] ecc unrecoverable error
[   37.704040] ecc unrecoverable error
[   37.708007] ecc unrecoverable error
[   37.711761] ecc unrecoverable error
[   37.715606] ecc unrecoverable error
[   37.720306] ecc unrecoverable error
[   37.724060] ecc unrecoverable error
[   37.735626] ecc unrecoverable error
[   37.739440] ecc unrecoverable error
[   37.748535] ecc unrecoverable error
[   37.753082] ecc unrecoverable error
[   37.757049] ecc unrecoverable error
[   37.760803] ecc unrecoverable error
[   37.764617] ecc unrecoverable error
[   37.769104] ecc unrecoverable error
[   37.772888] ecc unrecoverable error
[   37.777679] ecc unrecoverable error
[   37.782043] ecc unrecoverable error
[   37.785949] ecc unrecoverable error
[   37.789733] ecc unrecoverable error
[   37.793487] ecc unrecoverable error
[   37.797973] ecc unrecoverable error
[   37.801757] ecc unrecoverable error
[   37.806213] ecc unrecoverable error
[   37.810546] ecc unrecoverable error
[   37.814300] ecc unrecoverable error
[   37.818206] ecc unrecoverable error
[   37.821990] ecc unrecoverable error
[   37.826354] ecc unrecoverable error
[   37.830108] ecc unrecoverable error
[   37.834381] ecc unrecoverable error
[   37.838775] ecc unrecoverable error
[   37.842529] ecc unrecoverable error
[   37.846374] ecc unrecoverable error
[   37.850158] ecc unrecoverable error
[   37.854583] ecc unrecoverable error
[   37.858367] ecc unrecoverable error
[   37.862640] ecc unrecoverable error
[   37.867004] ecc unrecoverable error
[   37.870788] ecc unrecoverable error
[   37.874603] ecc unrecoverable error
[   37.878387] ecc unrecoverable error
[   37.882690] ecc unrecoverable error
[   37.886535] ecc unrecoverable error
[   37.890808] ecc unrecoverable error
[   37.895111] ecc unrecoverable error
[   37.898895] ecc unrecoverable error
[   37.902679] ecc unrecoverable error
[   37.906494] ecc unrecoverable error
[   37.910797] ecc unrecoverable error
[   37.914642] ecc unrecoverable error
[   37.918914] ecc unrecoverable error
[   37.923217] ecc unrecoverable error
[   37.927062] ecc unrecoverable error
[   37.930847] ecc unrecoverable error
[   37.934661] ecc unrecoverable error
[   37.938903] ecc unrecoverable error
[   37.942657] ecc unrecoverable error
[   37.946990] ecc unrecoverable error
[   37.951263] ecc unrecoverable error
[   37.955108] ecc unrecoverable error
[   37.958892] ecc unrecoverable error
[   37.962677] ecc unrecoverable error
[   37.967010] ecc unrecoverable error
[   37.970794] ecc unrecoverable error
[   37.975128] ecc unrecoverable error
[   37.979400] ecc unrecoverable error
[   37.983184] ecc unrecoverable error
[   37.987060] ecc unrecoverable error
[   37.990814] ecc unrecoverable error
[   37.995452] ecc unrecoverable error
[   37.999237] ecc unrecoverable error
[   38.003540] ecc unrecoverable error
[   38.007904] ecc unrecoverable error
[   38.011688] ecc unrecoverable error
[   38.015502] ecc unrecoverable error
[   38.019287] ecc unrecoverable error
[   38.023620] ecc unrecoverable error
[   38.027465] ecc unrecoverable error
[   38.031768] ecc unrecoverable error
[   38.036132] ecc unrecoverable error
[   38.039886] ecc unrecoverable error
[   38.043640] ecc unrecoverable error
[   38.047485] ecc unrecoverable error
[   38.051788] ecc unrecoverable error
[   38.055664] ecc unrecoverable error
[   38.059967] ecc unrecoverable error
[   38.064300] ecc unrecoverable error
[   38.068145] ecc unrecoverable error
[   38.071899] ecc unrecoverable error
[   38.075744] ecc unrecoverable error
[   38.079986] ecc unrecoverable error
[   38.083770] ecc unrecoverable error
[   38.088104] ecc unrecoverable error
[   38.092407] ecc unrecoverable error
[   38.096252] ecc unrecoverable error
[   38.100006] ecc unrecoverable error
[   38.103790] ecc unrecoverable error
[   38.108123] ecc unrecoverable error
[   38.111907] ecc unrecoverable error
[   38.116180] ecc unrecoverable error
[   38.120452] ecc unrecoverable error
[   38.124237] ecc unrecoverable error
[   38.128051] ecc unrecoverable error
[   38.131805] ecc unrecoverable error
[   38.136169] ecc unrecoverable error
[   38.139953] ecc unrecoverable error
[   38.144195] ecc unrecoverable error
[   38.148559] ecc unrecoverable error
[   38.152343] ecc unrecoverable error
[   38.156158] ecc unrecoverable error
[   38.159942] ecc unrecoverable error
[   38.164306] ecc unrecoverable error
[   38.168151] ecc unrecoverable error
[   38.172454] ecc unrecoverable error
[   38.176849] ecc unrecoverable error
[   38.180603] ecc unrecoverable error
[   38.184387] ecc unrecoverable error
[   38.188232] ecc unrecoverable error
[   38.192535] ecc unrecoverable error
[   38.196350] ecc unrecoverable error
[   38.200683] ecc unrecoverable error
[   38.205413] ecc unrecoverable error
[   38.209197] ecc unrecoverable error
[   38.212982] ecc unrecoverable error
[   38.216827] ecc unrecoverable error
[   38.221130] ecc unrecoverable error
[   38.224975] ecc unrecoverable error
[   38.229187] ecc unrecoverable error
[   38.233489] ecc unrecoverable error
[   38.237335] ecc unrecoverable error
[   38.241119] ecc unrecoverable error
[   38.244934] ecc unrecoverable error
[   38.249237] ecc unrecoverable error
[   38.253021] ecc unrecoverable error
[   38.257354] ecc unrecoverable error
[   38.261657] ecc unrecoverable error
[   38.265502] ecc unrecoverable error
[   38.269287] ecc unrecoverable error
[   38.273040] ecc unrecoverable error
[   38.277374] ecc unrecoverable error
[   38.281158] ecc unrecoverable error
[   38.285491] ecc unrecoverable error
[   38.289825] ecc unrecoverable error
[   38.293609] ecc unrecoverable error
[   38.297454] ecc unrecoverable error
[   38.301239] ecc unrecoverable error
[   38.305511] ecc unrecoverable error
[   38.309295] ecc unrecoverable error
[   38.313568] ecc unrecoverable error
[   38.317932] ecc unrecoverable error
[   38.321716] ecc unrecoverable error
[   38.325561] ecc unrecoverable error
[   38.329315] ecc unrecoverable error
[   38.333618] ecc unrecoverable error
[   38.337463] ecc unrecoverable error
[   38.341766] ecc unrecoverable error
[   38.346069] ecc unrecoverable error
[   38.349853] ecc unrecoverable error
[   38.353607] ecc unrecoverable error
[   38.357482] ecc unrecoverable error
[   38.361785] ecc unrecoverable error
[   38.365631] ecc unrecoverable error
[   38.369903] ecc unrecoverable error
[   38.374206] ecc unrecoverable error
[   38.378021] ecc unrecoverable error
[   38.381805] ecc unrecoverable error
[   38.385620] ecc unrecoverable error
[   38.389923] ecc unrecoverable error
[   38.393707] ecc unrecoverable error
[   38.398040] ecc unrecoverable error
[   38.402313] ecc unrecoverable error
[   38.406158] ecc unrecoverable error
[   38.409942] ecc unrecoverable error
[   38.413696] ecc unrecoverable error
[   38.417968] ecc unrecoverable error
[   38.421752] ecc unrecoverable error
[   38.426086] ecc unrecoverable error
[   38.430389] ecc unrecoverable error
[   38.434173] ecc unrecoverable error
[   38.437988] ecc unrecoverable error
[   38.441772] ecc unrecoverable error
[   38.446105] ecc unrecoverable error
[   38.449890] ecc unrecoverable error
[   38.454132] ecc unrecoverable error
[   38.465667] ecc unrecoverable error
[   38.469482] ecc unrecoverable error
[   38.473236] ecc unrecoverable error
[   38.477142] ecc unrecoverable error
[   38.486480] ecc unrecoverable error
[   38.490295] ecc unrecoverable error
[   38.495056] ecc unrecoverable error
[   38.498840] ecc unrecoverable error
[   38.502593] ecc unrecoverable error
[   38.506530] ecc unrecoverable error
[   38.511260] ecc unrecoverable error
[   38.515197] ecc unrecoverable error
[   38.519592] ecc unrecoverable error
[   38.523376] ecc unrecoverable error
[   38.527252] ecc unrecoverable error
[   38.531005] ecc unrecoverable error
[   38.535400] ecc unrecoverable error
[   38.539184] ecc unrecoverable error
[   38.543487] ecc unrecoverable error
[   38.547393] ecc unrecoverable error
[   38.551147] ecc unrecoverable error
[   38.554992] ecc unrecoverable error
[   38.559387] ecc unrecoverable error
[   38.563171] ecc unrecoverable error
[   38.567565] ecc unrecoverable error
[   38.571350] ecc unrecoverable error
[   38.575195] ecc unrecoverable error
[   38.578948] ecc unrecoverable error
[   38.583282] ecc unrecoverable error
[   38.587127] ecc unrecoverable error
[   38.591369] ecc unrecoverable error
[   38.595184] ecc unrecoverable error
[   38.598968] ecc unrecoverable error
[   38.602722] ecc unrecoverable error
[   38.607086] ecc unrecoverable error
[   38.610839] ecc unrecoverable error
[   38.615203] ecc unrecoverable error
[   38.618957] ecc unrecoverable error
[   38.622711] ecc unrecoverable error
[   38.626556] ecc unrecoverable error
[   38.630859] ecc unrecoverable error
[   38.634704] ecc unrecoverable error
[   38.638977] ecc unrecoverable error
[   38.642730] ecc unrecoverable error
[   38.646545] ecc unrecoverable error
[   38.650329] ecc unrecoverable error
[   38.654663] ecc unrecoverable error
[   38.658447] ecc unrecoverable error
[   38.662719] ecc unrecoverable error
[   38.666564] ecc unrecoverable error
[   38.670318] ecc unrecoverable error
[   38.674072] ecc unrecoverable error
[   38.678405] ecc unrecoverable error
[   38.682189] ecc unrecoverable error
[   38.686553] ecc unrecoverable error
[   38.690307] ecc unrecoverable error
[   38.694061] ecc unrecoverable error
[   38.697906] ecc unrecoverable error
[   38.702178] ecc unrecoverable error
[   38.706024] ecc unrecoverable error
[   38.710266] ecc unrecoverable error
[   38.714050] ecc unrecoverable error
[   38.717864] ecc unrecoverable error
[   38.721618] ecc unrecoverable error
[   38.725952] ecc unrecoverable error
[   38.729736] ecc unrecoverable error
[   38.734008] ecc unrecoverable error
[   38.737854] ecc unrecoverable error
[   38.741607] ecc unrecoverable error
[   38.745422] ecc unrecoverable error
[   38.749725] ecc unrecoverable error
[   38.753509] ecc unrecoverable error
[   38.757843] ecc unrecoverable error
[   38.761596] ecc unrecoverable error
[   38.765411] ecc unrecoverable error
[   38.769195] ecc unrecoverable error
[   38.773437] ecc unrecoverable error
[   38.777435] ecc unrecoverable error
[   38.781768] ecc unrecoverable error
[   38.785614] ecc unrecoverable error
[   38.789367] ecc unrecoverable error
[   38.793151] ecc unrecoverable error
[   38.797515] ecc unrecoverable error
[   38.801300] ecc unrecoverable error
[   38.805633] ecc unrecoverable error
[   38.809417] ecc unrecoverable error
[   38.813171] ecc unrecoverable error
[   38.817016] ecc unrecoverable error
[   38.821319] ecc unrecoverable error
[   38.825164] ecc unrecoverable error
[   38.829376] ecc unrecoverable error
[   38.833160] ecc unrecoverable error
[   38.836975] ecc unrecoverable error
[   38.840759] ecc unrecoverable error
[   38.845092] ecc unrecoverable error
[   38.848876] ecc unrecoverable error
[   38.853149] ecc unrecoverable error
[   38.856994] ecc unrecoverable error
[   38.860748] ecc unrecoverable error
[   38.864562] ecc unrecoverable error
[   38.868865] ecc unrecoverable error
[   38.872650] ecc unrecoverable error
[   38.876983] ecc unrecoverable error
[   38.880767] ecc unrecoverable error
[   38.884582] ecc unrecoverable error
[   38.888366] ecc unrecoverable error
[   38.892578] ecc unrecoverable error
[   38.896423] ecc unrecoverable error
[   38.900726] ecc unrecoverable error
[   38.904571] ecc unrecoverable error
[   38.908325] ecc unrecoverable error
[   38.912078] ecc unrecoverable error
[   38.916412] ecc unrecoverable error
[   38.920196] ecc unrecoverable error
[   38.924560] ecc unrecoverable error
[   38.928344] ecc unrecoverable error
[   38.932098] ecc unrecoverable error
[   38.935913] ecc unrecoverable error
[   38.940216] ecc unrecoverable error
[   38.943969] ecc unrecoverable error
[   38.948272] ecc unrecoverable error
[   38.952026] ecc unrecoverable error
[   38.955841] ecc unrecoverable error
[   38.959625] ecc unrecoverable error
[   38.963928] ecc unrecoverable error
[   38.967742] ecc unrecoverable error
[   38.972045] ecc unrecoverable error
[   38.975860] ecc unrecoverable error
[   38.979644] ecc unrecoverable error
[   38.983398] ecc unrecoverable error
[   38.987731] ecc unrecoverable error
[   38.991485] ecc unrecoverable error
[   38.995849] ecc unrecoverable error
[   38.999603] ecc unrecoverable error
[   39.003356] ecc unrecoverable error
[   39.007202] ecc unrecoverable error
[   39.011444] ecc unrecoverable error
[   39.015258] ecc unrecoverable error
[   39.019561] ecc unrecoverable error
[   39.023345] ecc unrecoverable error
[   39.027160] ecc unrecoverable error
[   39.030944] ecc unrecoverable error
[   39.035339] ecc unrecoverable error
[   39.039093] ecc unrecoverable error
[   39.043365] ecc unrecoverable error
[   39.047210] ecc unrecoverable error
[   39.050994] ecc unrecoverable error
[   39.054809] ecc unrecoverable error
[   39.059112] ecc unrecoverable error
[   39.062896] ecc unrecoverable error
[   39.067443] ecc unrecoverable error
[   39.071228] ecc unrecoverable error
[   39.075073] ecc unrecoverable error
[   39.078857] ecc unrecoverable error
[   39.083221] ecc unrecoverable error
[   39.087066] ecc unrecoverable error
[   39.091400] ecc unrecoverable error
[   39.095245] ecc unrecoverable error
[   39.098999] ecc unrecoverable error
[   39.102752] ecc unrecoverable error
[   39.107116] ecc unrecoverable error
[   39.110900] ecc unrecoverable error
[   39.115234] ecc unrecoverable error
[   39.119018] ecc unrecoverable error
[   39.122772] ecc unrecoverable error
[   39.126617] ecc unrecoverable error
[   39.130828] ecc unrecoverable error
[   39.134674] ecc unrecoverable error
[   39.138977] ecc unrecoverable error
[   39.142761] ecc unrecoverable error
[   39.146575] ecc unrecoverable error
[   39.150329] ecc unrecoverable error
[   39.154724] ecc unrecoverable error
[   39.158508] ecc unrecoverable error
[   39.162780] ecc unrecoverable error
[   39.166625] ecc unrecoverable error
[   39.170379] ecc unrecoverable error
[   39.174163] ecc unrecoverable error
[   39.178497] ecc unrecoverable error
[   39.182250] ecc unrecoverable error
[   39.186523] ecc unrecoverable error
[   39.190277] ecc unrecoverable error
[   39.194030] ecc unrecoverable error
[   39.197875] ecc unrecoverable error
[   39.202178] ecc unrecoverable error
[   39.206024] ecc unrecoverable error
[   39.210296] ecc unrecoverable error
[   39.214080] ecc unrecoverable error
[   39.217895] ecc unrecoverable error
[   39.221649] ecc unrecoverable error
[   39.232818] ecc unrecoverable error
[   39.236816] ecc unrecoverable error
[   39.246063] ecc unrecoverable error
[   39.249847] ecc unrecoverable error
[   39.254425] ecc unrecoverable error
[   39.258392] ecc unrecoverable error
[   39.262817] ecc unrecoverable error
[   39.266754] ecc unrecoverable error
[   39.271362] ecc unrecoverable error
[   39.275238] ecc unrecoverable error
[   39.279602] ecc unrecoverable error
[   39.283386] ecc unrecoverable error
[   39.287811] ecc unrecoverable error
[   39.291595] ecc unrecoverable error
[   39.295867] ecc unrecoverable error
[   39.299652] ecc unrecoverable error
Starting Dropbear SSH server: dropbear.
Starting telnet daemon.
Starting network benchmark server: netserver.
Starting syslogd/klogd: done
Starting thttpd.
Starting Lighttpd Web Server: lighttpd.
2015-04-18 16:18:08: (log.c.166) server started 
Starting Matrix GUI application.
***************************************************************
***************************************************************
NOTICE: This file system contains the followin GPLv3 packages:
	binutils-dev
	binutils-symlinks
	binutils
	gdbserver
If you do not wish to distribute GPLv3 components please remove
the above packages prior to distribution.  This can be done using
the opkg remove command.  i.e.:
    opkg remove <package>
Where <package> is the name printed in the list above
NOTE: If the package is a dependency of another package you
      will be notified of the dependent packages.  You should
      use the --force-removal-of-dependent-packages option to
      also remove the dependent packages as well
***************************************************************
***************************************************************
 _____                    _____           _         _   
|  _  |___ ___ ___ ___   |  _  |___ ___  |_|___ ___| |_ 
|     |  _| .'| . | . |  |   __|  _| . | | | -_|  _|  _|
|__|__|_| |__,|_  |___|  |__|  |_| |___|_| |___|___|_|  
              |___|                    |___|            
Arago Project http://arago-project.org am37x-evm ttyO0
Arago 2011.09 am37x-evm ttyO0
am37x-evm login: 
- 06:24:54 [INFO] Host: root
- 06:24:54 [INFO] Target: 
root
root@am37x-evm:~# 
- 06:24:54 [INFO] Host: uname -a
- 06:24:54 [INFO] Target: 
uname -a
Linux am37x-evm 4.3.0-rc6-next-20151022-00002-g0138c219164b #1 SMP Fri Oct 30 05:36:52 CDT 2015 armv7l unknown
root@am37x-evm:~# 
- 06:24:54 [INFO] Host: cat /proc/cmdline
- 06:24:54 [INFO] Target: 
cat /proc/cmdline
console=ttyO0,115200n8 earlyprintk ip=:::::eth0:dhcp root=/dev/mmcblk0p2 rw rootfstype=ext3 rootwait
root@am37x-evm:~# 
- 06:24:54 [INFO] Host: uname -a
- 06:24:54 [INFO] Target: 
uname -a
Linux am37x-evm 4.3.0-rc6-next-20151022-00002-g0138c219164b #1 SMP Fri Oct 30 05:36:52 CDT 2015 armv7l unknown
root@am37x-evm:~# 
- 06:24:54 [INFO] Host: cat /proc/mtd
- 06:24:54 [INFO] Target: 
cat /proc/mtd
dev:    size   erasesize  name
mtd0: 00080000 00020000 "X-Loader"
mtd1: 001c0000 00020000 "U-Boot"
mtd2: 00040000 00020000 "Environment"
mtd3: 00500000 00020000 "Kernel"
mtd4: 1f880000 00020000 "Filesystem"
root@am37x-evm:~# 
- 06:25:00 [INFO] Host: export IPERFHOST=192.168.0.1
- 06:25:00 [INFO] Target: 
export IPERFHOST=192.168.0.1
root@am37x-evm:~# 
- 06:25:00 [INFO] Host: export NFS_SERVER=192.168.0.1
- 06:25:00 [INFO] Target: 
export NFS_SERVER=192.168.0.1
root@am37x-evm:~# 
- 06:25:00 [INFO] Host: export NFS_ROOT_PATH=/home/tigtfarm06/NFS_exports/linux/am37x-evm
- 06:25:00 [INFO] Target: 
export NFS_ROOT_PATH=/home/tigtfarm06/NFS_exports/linux/am37x-
root@am37x-evm:~# 
- 06:25:00 [INFO] Host: export AP_SSID=
- 06:25:00 [INFO] Target: 
export AP_SSID=
root@am37x-evm:~# 
- 06:25:00 [INFO] Host: mkdir -p -m 777 /test
- 06:25:00 [INFO] Target: 
mkdir -p -m 777 /test
root@am37x-evm:~# 
- 06:25:00 [INFO] Host: cd /test
- 06:25:00 [INFO] Target: 
cd /test
root@am37x-evm:/test# 
- 06:25:00 [INFO] Host: cat > test.sh << EOF
- 06:25:01 [INFO] Target: 
cat > test.sh << EOF
- 06:25:01 [INFO] Host: failtest() {
- 06:25:01 [INFO] Target: 
failtest() {
- 06:25:01 [INFO] Host:   echo 1 >&3
- 06:25:01 [INFO] Target: 
  echo 1 >&3
- 06:25:01 [INFO] Host: }
- 06:25:01 [INFO] Target: 
- 06:25:01 [INFO] Host: timeout=600
- 06:25:01 [INFO] Target: 
timeout=600
- 06:25:01 [INFO] Host: 
- 06:25:01 [INFO] Target: 
- 06:25:01 [INFO] Host: # Start of user's script logic
- 06:25:01 [INFO] Target: 
# Start of user's script logic
- 06:25:01 [INFO] Host: mount -t proc proc /proc 2>/dev/null;
- 06:25:01 [INFO] Target: 
mount -t proc proc /proc 2>/dev/null;
- 06:25:01 [INFO] Host: 
- 06:25:01 [INFO] Target: 
- 06:25:01 [INFO] Host: mount -t sysfs sys /sys 2>/dev/null;
- 06:25:01 [INFO] Target: 
mount -t sysfs sys /sys 2>/dev/null;
- 06:25:01 [INFO] Host: 
- 06:25:02 [INFO] Target: 
- 06:25:02 [INFO] Host: mount -t debugfs none /sys/kernel/debug 2>/dev/null;
- 06:25:02 [INFO] Target: 
mount -t debugfs none /sys/kernel/debug 2>/dev/null;
- 06:25:02 [INFO] Host: 
- 06:25:02 [INFO] Target: 
- 06:25:02 [INFO] Host: echo 'cpuinfo:';cat /proc/cpuinfo; echo '=======';
- 06:25:02 [INFO] Target: 
echo 'cpuinfo:';cat /proc/cpuinfo; echo '=======';
- 06:25:02 [INFO] Host: 
- 06:25:02 [INFO] Target: 
- 06:25:02 [INFO] Host: echo 'soc info:';head /sys/devices/soc0/* 2>/dev/null; echo '=======';
- 06:25:02 [INFO] Target: 
echo 'soc info:';head /sys/devices/soc0/* 2>/dev/null; echo '=======';
- 06:25:02 [INFO] Host: 
- 06:25:02 [INFO] Target: 
- 06:25:02 [INFO] Host: echo 'DT Model info'; head /proc/device-tree/name /proc/device-tree/model /proc/device-tree/compatible 2>/dev/null;echo; echo '=======';
- 06:25:02 [INFO] Target: 
echo 'DT Model info'; head /proc/device-tree/name /proc/device-tree/model /pro
c/device-tree/compatible 2>/dev/null;echo; echo '=======';
- 06:25:02 [INFO] Host: 
- 06:25:02 [INFO] Target: 
- 06:25:02 [INFO] Host: echo 'interrupts:';cat /proc/interrupts; echo '=======';
- 06:25:02 [INFO] Target: 
echo 'interrupts:';cat /proc/interrupts; echo '=======';
- 06:25:02 [INFO] Host: 
- 06:25:03 [INFO] Target: 
- 06:25:03 [INFO] Host: echo 'Clk_summary:';cat /sys/kernel/debug/clk/clk_summary; echo '=======';
- 06:25:03 [INFO] Target: 
echo 'Clk_summary:';cat /sys/kernel/debug/clk/clk_summary; echo '=======';
- 06:25:03 [INFO] Host: 
- 06:25:03 [INFO] Target: 
- 06:25:03 [INFO] Host: echo "Available frequencies"; cat /sys/devices/system/cpu/cpu0/cpufreq/scaling_available_frequencies 2>/dev/null;echo '=======';
- 06:25:03 [INFO] Target: 
echo "Available frequencies"; cat /sys/devices/system/cpu/cpu0/cpufreq/scaling
_available_frequencies 2>/dev/null;echo '=======';
- 06:25:03 [INFO] Host: 
- 06:25:03 [INFO] Target: 
- 06:25:03 [INFO] Host: TMPF=/tmp/a.\$\$; TMPF2=/tmp/b.\$\$; STR=""
- 06:25:03 [INFO] Target: 
TMPF=/tmp/a.\$\$; TMPF2=/tmp/b.\$\$; STR=""
- 06:25:03 [INFO] Host: 
- 06:25:03 [INFO] Target: 
- 06:25:03 [INFO] Host: cp /dev/kmsg \$TMPF &
- 06:25:03 [INFO] Target: 
cp /dev/kmsg \$TMPF &
- 06:25:03 [INFO] Host: 
- 06:25:03 [INFO] Target: 
- 06:25:03 [INFO] Host: PID=\$! ; sleep 5; kill -9 \$PID
- 06:25:03 [INFO] Target: 
PID=\$! ; sleep 5; kill -9 \$PID
- 06:25:03 [INFO] Host: 
- 06:25:04 [INFO] Target: 
- 06:25:04 [INFO] Host: 
- 06:25:04 [INFO] Target: 
- 06:25:04 [INFO] Host: 
- 06:25:04 [INFO] Target: 
- 06:25:04 [INFO] Host: cat \$TMPF|grep "^0">\$TMPF2; N=\`cat \$TMPF2|wc -l\`; if [ "\$N" -ne 0 ]; then STR="\$STR emerg=\$N";echo "===== EMERGE++";cat \$TMPF2|cut -d ';' -f2;echo "====="; fi
- 06:25:04 [INFO] Target: 
cat \$TMPF|grep "^0">\$TMPF2; N=\`cat \$TMPF2|wc -l\`; if [ "\$N" -ne 0 ]; the
n STR="\$STR emerg=\$N";echo "===== EMERGE++";cat \$TMPF2|cut -d ';' -f2;echo "=
===="; fi
- 06:25:04 [INFO] Host: 
- 06:25:04 [INFO] Target: 
- 06:25:04 [INFO] Host: cat \$TMPF|grep "^1">\$TMPF2; N=\`cat \$TMPF2|wc -l\`; if [ "\$N" -ne 0 ]; then STR="\$STR alert=\$N";echo "===== ALERT ==";cat \$TMPF2|cut -d ';' -f2;echo "====="; fi
- 06:25:04 [INFO] Target: 
cat \$TMPF|grep "^1">\$TMPF2; N=\`cat \$TMPF2|wc -l\`; if [ "\$N" -ne 0 ]; the
n STR="\$STR alert=\$N";echo "===== ALERT ==";cat \$TMPF2|cut -d ';' -f2;echo "=
===="; fi
- 06:25:04 [INFO] Host: 
- 06:25:04 [INFO] Target: 
- 06:25:04 [INFO] Host: cat \$TMPF|grep "^2">\$TMPF2; N=\`cat \$TMPF2|wc -l\`; if [ "\$N" -ne 0 ]; then STR="\$STR crit=\$N";echo "===== CRIT ==";cat \$TMPF2|cut -d ';' -f2;echo "====="; fi
- 06:25:04 [INFO] Target: 
cat \$TMPF|grep "^2">\$TMPF2; N=\`cat \$TMPF2|wc -l\`; if [ "\$N" -ne 0 ]; the
n STR="\$STR crit=\$N";echo "===== CRIT ==";cat \$TMPF2|cut -d ';' -f2;echo "===
=="; fi
- 06:25:04 [INFO] Host: 
- 06:25:04 [INFO] Target: 
- 06:25:04 [INFO] Host: cat \$TMPF|grep "^3">\$TMPF2; N=\`cat \$TMPF2|wc -l\`; if [ "\$N" -ne 0 ]; then STR="\$STR err=\$N";echo "===== ERR ==";cat \$TMPF2|cut -d ';' -f2;echo "=====" ;fi
- 06:25:04 [INFO] Target: 
cat \$TMPF|grep "^3">\$TMPF2; N=\`cat \$TMPF2|wc -l\`; if [ "\$N" -ne 0 ]; the
n STR="\$STR err=\$N";echo "===== ERR ==";cat \$TMPF2|cut -d ';' -f2;echo "=====
" ;fi
- 06:25:04 [INFO] Host: 
- 06:25:05 [INFO] Target: 
- 06:25:05 [INFO] Host: cat \$TMPF|grep "^4">\$TMPF2; N=\`cat \$TMPF2|wc -l\`; if [ "\$N" -ne 0 ]; then STR="\$STR warn=\$N";echo "===== WARN ==";cat \$TMPF2|cut -d ';' -f2;echo "=====" ;fi
- 06:25:05 [INFO] Target: 
cat \$TMPF|grep "^4">\$TMPF2; N=\`cat \$TMPF2|wc -l\`; if [ "\$N" -ne 0 ]; the
n STR="\$STR warn=\$N";echo "===== WARN ==";cat \$TMPF2|cut -d ';' -f2;echo "===
==" ;fi
- 06:25:05 [INFO] Host: 
- 06:25:05 [INFO] Target: 
- 06:25:05 [INFO] Host: rm \$TMPF \$TMPF2; echo "SUM""MARY RESULT: BOOT:" 'PASS: H''ello World' 'B''oard' "Booted" "Boot Log has::::\$STR:"
- 06:25:05 [INFO] Target: 
rm \$TMPF \$TMPF2; echo "SUM""MARY RESULT: BOOT:" 'PASS: H''ello World' 'B''oa
rd' "Booted" "Boot Log has::::\$STR:"
- 06:25:05 [INFO] Host: 
- 06:25:05 [INFO] Target: 
- 06:25:05 [INFO] Host: EOF
- 06:25:05 [INFO] Target: 
root@am37x-evm:/test# 
- 06:25:05 [INFO] Host: cd /test
- 06:25:05 [INFO] Target: 
cd /test
root@am37x-evm:/test# 
- 06:25:05 [INFO] Host: chmod +x test.sh
- 06:25:05 [INFO] Target: 
chmod +x test.sh
root@am37x-evm:/test# 
- 06:25:05 [INFO] Host: ./test.sh 2> stderr.log > stdout.log 3> result.log
- 06:25:11 [INFO] Target: 
./test.sh 2> stderr.log > stdout.log 3> result.log
root@am37x-evm:/test# 
- 06:25:11 [INFO] Host: echo $?
- 06:25:11 [INFO] Target: 
echo $?
root@am37x-evm:/test# 
- 06:25:11 [INFO] Host: cd /test
- 06:25:11 [INFO] Target: 
cd /test
root@am37x-evm:/test# 
- 06:25:11 [INFO] Host: cat stdout.log
- 06:25:16 [INFO] Target: 
cat stdout.log
cpuinfo:
processor	: 0
model name	: ARMv7 Processor rev 2 (v7l)
BogoMIPS	: 594.73
Features	: half thumb fastmult vfp edsp thumbee neon vfpv3 tls vfpd32 
CPU implementer	: 0x41
CPU architecture: 7
CPU variant	: 0x3
CPU part	: 0xc08
CPU revision	: 2
Hardware	: Generic OMAP36xx (Flattened Device Tree)
Revision	: 0000
Serial		: 0000000000000000
=======
soc info:
==> /sys/devices/soc0/family <==
OMAP3
==> /sys/devices/soc0/machine <==
OMAP3630
==> /sys/devices/soc0/power <==
==> /sys/devices/soc0/revision <==
ES1.2
==> /sys/devices/soc0/subsystem <==
==> /sys/devices/soc0/type <==
==> /sys/devices/soc0/uevent <==
=======
DT Model info
==> /proc/device-tree/name <==
==> /proc/device-tree/model <==
TI OMAP37XX EVM (TMDSEVM3730)
==> /proc/device-tree/compatible <==
ti,omap3-evm-37xxti,omap3630ti,omap3
=======
interrupts:
           CPU0       
 23:          0      INTC   7 Edge      TWL4030-PIH
 25:          0      INTC   9 Edge      l3-debug-irq
 26:          0      INTC  10 Edge      l3-app-irq
 28:          0      INTC  12 Edge      DMA
 29:       4191      INTC  13 Edge      omap-dma-engine
 36:          0      INTC  20 Edge      gpmc
 45:          0      INTC  29 Edge      48310000.gpio
 46:          0      INTC  30 Edge      49050000.gpio
 47:          0      INTC  31 Edge      49052000.gpio
 48:          0      INTC  32 Edge      49054000.gpio
 49:          0      INTC  33 Edge      49056000.gpio
 50:         25      INTC  34 Edge      49058000.gpio
 53:       4469      INTC  37 Edge      gp_timer
 72:        964      INTC  56 Edge      48070000.i2c
 73:          0      INTC  57 Edge      48072000.i2c
 77:          0      INTC  61 Edge      48060000.i2c
 88:       7400      INTC  72 Edge      OMAP UART0
 99:       6765      INTC  83 Edge      mmc0
102:        144      INTC  86 Edge      mmc1
112:        892      PRCM Edge      pm_wkup
121:         85      PRCM Edge      pm_io, pinctrl, pinctrl, pinctrl
320:         25  49058000.gpio  16 Level     eth0
338:          0   twl4030   0 Edge      twl4030_gpio
343:          0   twl4030   5 Edge      twl4030_power
372:          0   pinctrl 338 Edge      4806a000.serial
375:         46   pinctrl 282 Edge      4809c000.mmc
IPI0:          0  CPU wakeup interrupts
IPI1:          0  Timer broadcast interrupts
IPI2:          0  Rescheduling interrupts
IPI3:          0  Function call interrupts
IPI4:          0  Single function call interrupts
IPI5:          0  CPU stop interrupts
IPI6:          0  IRQ work interrupts
IPI7:          0  completion interrupts
Err:          0
=======
Clk_summary:
   clock                         enable_cnt  prepare_cnt        rate   accuracy   phase
----------------------------------------------------------------------------------------
 secure_32k_fck                           0            1       32768          0 0  
    wdt1_fck                              0            0       32768          0 0  
    gpt12_fck                             0            1       32768          0 0  
 dummy_ck                                 0            0           0          0 0  
 mcbsp_clks                               0            5           0          0 0  
 sys_altclk                               0            0           0          0 0  
 virt_38_4m_ck                            0            0    38400000          0 0  
 virt_26000000_ck                         1            1    26000000          0 0  
    osc_sys_ck                            1            1    26000000          0 0  
       sys_clkout1                        0            0    26000000          0 0  
       sys_ck                             3           18    13000000          0 0  
          gpt9_fck                        0            1    13000000          0 0  
          gpt8_fck                        0            1    13000000          0 0  
          gpt7_fck                        0            1    13000000          0 0  
          gpt6_fck                        0            1    13000000          0 0  
          gpt5_fck                        0            1    13000000          0 0  
          gpt4_fck                        0            1    13000000          0 0  
          gpt3_fck                        0            1    13000000          0 0  
          gpt2_fck                        0            1    13000000          0 0  
          cpefuse_fck                     0            0    13000000          0 0  
          dpll5_ck                        0            1   120000000          0 0  
             dpll5_m2_ck                  0            1   120000000          0 0  
                dpll5_m2_d20_ck           0            0     6000000          0 0  
                dpll5_m2_d16_ck           0            0     7500000          0 0  
                dpll5_m2_d8_ck            0            0    15000000          0 0  
                dpll5_m2_d4_ck            0            0    30000000          0 0  
                usbhost_120m_fck           0            0   120000000          0 0  
                usbtll_fck                0            1   120000000          0 0  
          sys_d2_ck                       0            0     6500000          0 0  
             usim_fck                     0            0     6500000          0 0  
          modem_fck                       0            0    13000000          0 0  
          dpll2_ck                        0            1   260000000          0 0  
             dpll2_m2_ck                  0            1   260000000          0 0  
                iva2_ck                   0            2   260000000          0 0  
          sr2_fck                         0            1    13000000          0 0  
          sr1_fck                         0            1    13000000          0 0  
          traceclk_src_fck                0            0    13000000          0 0  
             traceclk_fck                 0            0    13000000          0 0  
          emu_src_mux_ck                  0            1    13000000          0 0  
             emu_src_ck                   0            1    13000000          0 0  
                atclk_fck                 0            0    13000000          0 0  
                pclkx2_fck                0            0    13000000          0 0  
                pclk_fck                  0            0     6500000          0 0  
          dss2_alwon_fck                  0            2    13000000          0 0  
          dpll1_ck                        0            1   600000000          0 0  
             dpll1_x2_ck                  0            1  1200000000          0 0  
                dpll1_x2m2_ck             0            1  1200000000          0 0  
                   mpu_ck                 0            1  1200000000          0 0  
                      emu_mpu_alwon_ck           0            0  1200000000          0 0  
                      arm_fck             0            1   600000000          0 0  
          dpll3_ck                        1            1   400000000          0 0  
             dpll3_x2_ck                  0            0   800000000          0 0  
             dpll3_m2_ck                  1            1   400000000          0 0  
                dpll3_m2x2_ck             0            0   800000000          0 0  
                   corex2_fck             0            0   800000000          0 0  
                      ssi_ssr_fck_3430es2           0            0   266666667          0 0  
                         ssi_sst_fck_3430es2           0            0   133333333          0 0  
                      corex2_d5_fck           0            0   160000000          0 0  
                      corex2_d3_fck           0            0   266666666          0 0  
                core_ck                   1            1   400000000          0 0  
                   core_d2_ck             0            0   200000000          0 0  
                      sgx_fck             0            0   200000000          0 0  
                   core_d6_ck             0            0    66666666          0 0  
                   core_d4_ck             0            0   100000000          0 0  
                   core_d3_ck             0            0   133333333          0 0  
                   dpll2_fck              0            0   400000000          0 0  
                   l3_ick                 2            3   200000000          0 0  
                      sgx_ick             0            0   200000000          0 0  
                      mad2d_ick           0            0   200000000          0 0  
                      sad2d_ick           0            1   200000000          0 0  
                      security_l3_ick           0            0   200000000          0 0  
                         pka_ick           0            0   200000000          0 0  
                      core_l3_ick           8           10   200000000          0 0  
                         hsotgusb_ick_3430es2           0            1   200000000          0 0  
                         gpmc_fck           2            2   200000000          0 0  
                         sdrc_ick           1            1   200000000          0 0  
                      l4_ick              6            7   100000000          0 0  
                         usbhost_ick           1            1   100000000          0 0  
                         dss_ick_3430es2           4            6   100000000          0 0  
                         sr_l4_ick           2            2   100000000          0 0  
                         ssi_l4_ick           0            0   100000000          0 0  
                            ssi_ick_3430es2           0            0   100000000          0 0  
                         cam_ick           0            1   100000000          0 0  
                         security_l4_ick2           0            0   100000000          0 0  
                            des1_ick           0            0   100000000          0 0  
                            sha11_ick           0            0   100000000          0 0  
                            rng_ick           0            0   100000000          0 0  
                            aes1_ick           0            0   100000000          0 0  
                         per_l4_ick          15           18   100000000          0 0  
                            mcbsp4_ick           1            1   100000000          0 0  
                            mcbsp3_ick           2            2   100000000          0 0  
                            mcbsp2_ick           2            2   100000000          0 0  
                            gpt2_ick           1            1   100000000          0 0  
                            gpt3_ick           1            1   100000000          0 0  
                            gpt4_ick           1            1   100000000          0 0  
                            gpt5_ick           1            1   100000000          0 0  
                            gpt6_ick           1            1   100000000          0 0  
                            gpt7_ick           1            1   100000000          0 0  
                            gpt8_ick           1            1   100000000          0 0  
                            gpt9_ick           1            1   100000000          0 0  
                            uart4_ick           1            1   100000000          0 0  
                            uart3_ick           1            1   100000000          0 0  
                            wdt3_ick           0            0   100000000          0 0  
                            gpio2_ick           0            1   100000000          0 0  
                            gpio3_ick           0            1   100000000          0 0  
                            gpio4_ick           0            1   100000000          0 0  
                            gpio5_ick           1            1   100000000          0 0  
                            gpio6_ick           1            1   100000000          0 0  
                         core_l4_ick          21           23   100000000          0 0  
                            mmchs3_ick           1            1   100000000          0 0  
                            usbtll_ick           1            1   100000000          0 0  
                            mailboxes_ick           0            1   100000000          0 0  
                            mspro_ick           0            0   100000000          0 0  
                            des2_ick           0            0   100000000          0 0  
                            icr_ick           0            0   100000000          0 0  
                            sha12_ick           1            2   100000000          0 0  
                            aes2_ick           1            2   100000000          0 0  
                            omapctrl_ick           1            1   100000000          0 0  
                            mcbsp1_ick           1            1   100000000          0 0  
                            mcbsp5_ick           1            1   100000000          0 0  
                            gpt10_ick           1            1   100000000          0 0  
                            gpt11_ick           1            1   100000000          0 0  
                            uart1_ick           1            1   100000000          0 0  
                            uart2_ick           1            1   100000000          0 0  
                            i2c1_ick           1            1   100000000          0 0  
                            i2c2_ick           1            1   100000000          0 0  
                            i2c3_ick           1            1   100000000          0 0  
                            mcspi1_ick           1            1   100000000          0 0  
                            mcspi2_ick           1            1   100000000          0 0  
                            mcspi3_ick           1            1   100000000          0 0  
                            mcspi4_ick           1            1   100000000          0 0  
                            hdq_ick           0            1   100000000          0 0  
                            mmchs1_ick           1            1   100000000          0 0  
                            mmchs2_ick           1            1   100000000          0 0  
                         rm_ick           0            0    50000000          0 0  
                   dpll1_fck              0            0   200000000          0 0  
             dpll3_m3_ck                  0            0   200000000          0 0  
                dpll3_m3x2_mul_ck           0            0   400000000          0 0  
                   dpll3_m3x2_ck           0            0   400000000          0 0  
                      emu_core_alwon_ck           0            0   400000000          0 0  
          dpll4_ck                        1            3   864000000          0 0  
             dpll4_x2_ck                  0            0  1728000000          0 0  
             dpll4_m6_ck                  0            0   288000000          0 0  
                dpll4_m6x2_mul_ck           0            0   288000000          0 0  
                   dpll4_m6x2_ck           0            0   288000000          0 0  
                      emu_per_alwon_ck           0            0   288000000          0 0  
             dpll4_m5_ck                  0            0   216000000          0 0  
                dpll4_m5x2_mul_ck           0            0   216000000          0 0  
                   dpll4_m5x2_ck           0            0   216000000          0 0  
                      cam_mclk            0            0   216000000          0 0  
             dpll4_m4_ck                  0            1    96000000          0 0  
                dpll4_m4x2_mul_ck           0            1    96000000          0 0  
                   dpll4_m4x2_ck           0            1    96000000          0 0  
                      dss1_alwon_fck_3430es2           0            4    96000000          0 0  
             dpll4_m3_ck                  0            1    54000000          0 0  
                dpll4_m3x2_mul_ck           0            1    54000000          0 0  
                   dpll4_m3x2_ck           0            1    54000000          0 0  
                      omap_54m_fck           0            1    54000000          0 0  
                         clkout2_src_ck           0            0    54000000          0 0  
                            sys_clkout2           0            0    54000000          0 0  
                         dss_tv_fck           0            2    54000000          0 0  
             dpll4_m2_ck                  1            1    96000000          0 0  
                dpll4_m2x2_mul_ck           1            1    96000000          0 0  
                   dpll4_m2x2_ck           1            1    96000000          0 0  
                      omap_192m_alwon_fck           0            0    96000000          0 0  
                      omap_96m_alwon_fck           1            2    96000000          0 0  
                         per_96m_fck           0            6    96000000          0 0  
                            mcbsp4_fck           0            1    96000000          0 0  
                            mcbsp3_fck           0            2    96000000          0 0  
                            mcbsp2_fck           0            2    96000000          0 0  
                         cm_96m_fck           1            2    96000000          0 0  
                            cm_96m_d2_fck           1            1    48000000          0 0  
                               omap_48m_fck           2            4    48000000          0 0  
                                  usbhost_48m_fck           0            1    48000000          0 0  
                                  per_48m_fck           2            2    48000000          0 0  
                                     uart4_fck           1            1    48000000          0 0  
                                     uart3_fck           1            1    48000000          0 0  
                                  core_48m_fck           2            6    48000000          0 0  
                                     uart1_fck           1            1    48000000          0 0  
                                     uart2_fck           1            1    48000000          0 0  
                                     mcspi1_fck           0            1    48000000          0 0  
                                     mcspi2_fck           0            1    48000000          0 0  
                                     mcspi3_fck           0            1    48000000          0 0  
                                     mcspi4_fck           0            1    48000000          0 0  
                                  omap_12m_fck           0            1    12000000          0 0  
                                     core_12m_fck           0            1    12000000          0 0  
                                        hdq_fck             0            1    12000000          0 0  
                            omap_96m_fck           0            2    96000000          0 0  
                               omap_96m_d10_fck           0            0     9600000          0 0  
                               omap_96m_d8_fck           0            0    12000000          0 0  
                               omap_96m_d4_fck           0            0    24000000          0 0  
                               omap_96m_d2_fck           0            0    48000000          0 0  
                               dss_96m_fck           0            2    96000000          0 0  
                               core_96m_fck           0           10    96000000          0 0  
                                  mcbsp1_fck           0            1    96000000          0 0  
                                  mcbsp5_fck           0            1    96000000          0 0  
                                  mmchs3_fck           0            1    96000000          0 0  
                                  mspro_fck           0            0    96000000          0 0  
                                  csi2_96m_fck           0            0    96000000          0 0  
