- 06:33:39 [INFO] Starting target session
- 06:33:40 [INFO] Connected to am37x-evm via serial 
- 06:33:40 [INFO] Host: 
- 06:33:42 [ERROR] On command:  waiting for (?-mix:login:) >>> error: execution expired
- 06:33:42 [INFO] Target: 

root@am37x-evm:/test# 
- 06:33:42 [INFO] Host: 
- 06:33:42 [INFO] Target: 

root@am37x-evm:/test# 
- 06:33:42 [INFO] Host: sync;poweroff
- 06:35:42 [ERROR] On command: sync;poweroff waiting for (?i-mx:System halted) >>> error: execution expired
- 06:35:42 [INFO] Target: 
sync;poweroff

INIT: S
INIT: SendinStopping Dropbear SSH server: stopped /usr/sbin/dropbear (pid 1766)

dropbear.

Stopping telnet daemon.

Stopping Hardware abstraction layer hald

Stopping system message bus: stopped process in pidfile '/var/run/dbus/pid' (pid 1728)

dbus.

Stopping network benchmark server: netserverstopped /usr/sbin/netserver (pid 1778)

.

Stopping thttpdError opening /dev/fb0: No such file or directory

.

ALSA: Storing mixer settings...

/usr/sbin/alsactl: save_state:1519: No soundcards found...

Deconfiguring network interfaces... cat: can't open '/var/run/udhcpc.eth0.pid': No such file or directory

done.

Stopping Lighttpd Web Server: stopped /usr/sbin/lighttpd (pid 1807)

lighttpd.

Stopping syslogd/klogd: stopped syslogd (pid 1783)

stopped klogd (pid 1785)

done

Stopping Matrix GUI applicationstart-stop-daemon: warning: killing process 0: No such process

.

***************************************************************

***************************************************************

NOTICE: This file system contains the followin GPLv3 packages:

	binutils-dev

	binutils-symlinks

	binutils

	gdbserver



If you do not wish to distribute GPLv3 components please remove

the above packages prior to distribution.  This can be done using

the opkg remove command.  i.e.:

    opkg remove <package>

Where <package> is the name printed in the list above



NOTE: If the package is a dependency of another package you

      will be notified of the dependent packages.  You should

      use the --force-removal-of-dependent-packages option to

      also remove the dependent packages as well

***************************************************************

***************************************************************

Sending all processes the TERM signal...

Sending all processes the KILL signal...

Unmounting remote filesystems...

Deactivating swap...

Unmounting local filesystems...

[46174.273559] EXT4-fs (mmcblk0p2): re-mounted. Opts: (null)

[46176.435211] reboot: Power down



U-Boot SPL 2013.01.01 (Nov 27 2013 - 12:07:30)

OMAP SD/MMC: 0

reading u-boot.img

reading u-boot.img





U-Boot 2013.01.01 (Nov 27 2013 - 12:07:30)



OMAP3630/3730-GP ES1.2, CPU-OPP2, L3-165MHz, Max CPU Clock 1 Ghz

OMAP3 EVM board + LPDDR/NAND

I2C:   ready

DRAM:  256 MiB

NAND:  512 MiB

MMC:   OMAP SD/MMC: 0

In:    serial

Out:   serial

Err:   serial

Read back SMSC id 0x92200000

Die ID #16d400029ff80000015f02690c019016

Net:   smc911x-0

Hit any key to stop autoboot:  3  2  1  0 

mmc0 is current device

reading boot.scr

** Unable to read file boot.scr **

reading uImage

3158804 bytes read in 206 ms (14.6 MiB/s)

Booting from mmc ...

## Booting kernel from Legacy Image at 82000000 ...

   Image Name:   Arago/2.6.37-psp04.02.00.07.sdk/

   Image Type:   ARM Linux Kernel Image (uncompressed)

   Data Size:    3158740 Bytes = 3 MiB

   Load Address: 80008000

   Entry Point:  80008000

   Verifying Checksum ... OK

   Loading Kernel Image ... OK

OK



Starting kernel ...



Uncompressing Linux... done, booting the kernel.

[    0.000000] Linux version 2.6.37 (jenkins@sdit-build01) (gcc version 4.5.3 20110311 (prerelease) (GCC) ) #1 Thu Dec 15 17:26:39 CST 2011

[    0.000000] CPU: ARMv7 Processor [413fc082] revision 2 (ARMv7), cr=10c53c7f

[    0.000000] CPU: VIPT nonaliasing data cache, VIPT aliasing instruction cache

[    0.000000] Machine: OMAP3 EVM

[    0.000000] Reserving 4194304 bytes SDRAM for VRAM

[    0.000000] Memory policy: ECC disabled, Data cache writeback

[    0.000000] OMAP3630 ES1.2 (l2cache iva sgx neon isp 192mhz_clk )

[    0.000000] SRAM: Mapped pa 0x40200000 to va 0xfe400000 size: 0x10000

[    0.000000] Built 1 zonelists in Zone order, mobility grouping on.  Total pages: 64000

[    0.000000] Kernel command line: console=ttyO0,115200n8 root=/dev/mmcblk0p2 rw rootfstype=ext3 rootwait

[    0.000000] PID hash table entries: 1024 (order: 0, 4096 bytes)

[    0.000000] Dentry cache hash table entries: 32768 (order: 5, 131072 bytes)

[    0.000000] Inode-cache hash table entries: 16384 (order: 4, 65536 bytes)

[    0.000000] Memory: 252MB = 252MB total

[    0.000000] Memory: 242240k/242240k available, 19904k reserved, 0K highmem

[    0.000000] Virtual kernel memory layout:

[    0.000000]     vector  : 0xffff0000 - 0xffff1000   (   4 kB)

[    0.000000]     fixmap  : 0xfff00000 - 0xfffe0000   ( 896 kB)

[    0.000000]     DMA     : 0xffc00000 - 0xffe00000   (   2 MB)

[    0.000000]     vmalloc : 0xd0800000 - 0xf8000000   ( 632 MB)

[    0.000000]     lowmem  : 0xc0000000 - 0xd0000000   ( 256 MB)

[    0.000000]     modules : 0xbf000000 - 0xc0000000   (  16 MB)

[    0.000000]       .init : 0xc0008000 - 0xc003c000   ( 208 kB)

[    0.000000]       .text : 0xc003c000 - 0xc05db96c   (5759 kB)

[    0.000000]       .data : 0xc05dc000 - 0xc079afe0   (1788 kB)

[    0.000000] NR_IRQS:409

[    0.000000] Clocking rate (Crystal/Core/MPU): 26.0/400/600 MHz

[    0.000000] omap_hwmod: i2c1: softreset failed (waited 10000 usec)

[    0.000000] omap_hwmod: i2c2: softreset failed (waited 10000 usec)

[    0.000000] omap_hwmod: i2c3: softreset failed (waited 10000 usec)

[    0.000000] Reprogramming SDRC clock to 400000000 Hz

[    0.000000] IRQ: Found an INTC at 0xfa200000 (revision 4.0) with 96 interrupts

[    0.000000] Total of 96 interrupts on 1 active controller

[    0.000000] GPMC revision 5.0

[    0.000000] Trying to install interrupt handler for IRQ402

[    0.000000] Trying to install interrupt handler for IRQ403

[    0.000000] Trying to install interrupt handler for IRQ404

[    0.000000] Trying to install interrupt handler for IRQ405

[    0.000000] Trying to install interrupt handler for IRQ406

[    0.000000] Trying to install interrupt handler for IRQ407

[    0.000000] Trying to install interrupt handler for IRQ408

[    0.000000] Trying to install type control for IRQ409

[    0.000000] Trying to set irq flags for IRQ409

[    0.000000] OMAP clockevent source: GPTIMER1 at 32768 Hz

[    0.000000] Console: colour dummy device 80x30

[    0.000000] Lock dependency validator: Copyright (c) 2006 Red Hat, Inc., Ingo Molnar

[    0.000000] ... MAX_LOCKDEP_SUBCLASSES:  8

[    0.000000] ... MAX_LOCK_DEPTH:          48

[    0.000000] ... MAX_LOCKDEP_KEYS:        8191

[    0.000000] ... CLASSHASH_SIZE:          4096

[    0.000000] ... MAX_LOCKDEP_ENTRIES:     16384

[    0.000000] ... MAX_LOCKDEP_CHAINS:      32768

[    0.000000] ... CHAINHASH_SIZE:          16384

[    0.000000]  memory used by lock dependency info: 3951 kB

[    0.000000]  per task-struct memory footprint: 2304 bytes

[    0.000000] Calibrating delay loop... 597.64 BogoMIPS (lpj=2334720)

[    0.000000] pid_max: default: 32768 minimum: 301

[    0.000000] Security Framework initialized

[    0.000000] Mount-cache hash table entries: 512

[    0.000000] CPU: Testing write buffer coherency: ok

[    0.000000] regulator: core version 0.5

[    0.000000] regulator: dummy: 

[    0.000000] NET: Registered protocol family 16

[    0.000000] OMAP GPIO hardware version 2.5

[    0.000000] OMAP GPIO hardware version 2.5

[    0.000000] OMAP GPIO hardware version 2.5

[    0.000000] OMAP GPIO hardware version 2.5

[    0.000000] OMAP GPIO hardware version 2.5

[    0.000000] OMAP GPIO hardware version 2.5

[    0.000000] omap_mux_init: Add partition: #1: core, flags: 0

[    0.000000] hw-breakpoint: debug architecture 0x4 unsupported.

[    0.000000] OMAP DMA hardware revision 5.0

[    0.118469] bio: create slab <bio-0> at 0

[    0.123535] regulator: vwl1271: 1800 mV 

[    0.129302] SCSI subsystem initialized

[    0.142608] usbcore: registered new interface driver usbfs

[    0.144104] usbcore: registered new interface driver hub

[    0.145080] usbcore: registered new device driver usb

[    0.150054] omap_device: omap_i2c.1: new worst case activate latency 0: 30517

[    0.150207] omap_i2c omap_i2c.1: bus 1 rev4.0 at 2600 kHz

[    0.161712] twl4030: PIH (irq 7) chaining IRQs 368..375

[    0.161895] twl4030: power (irq 373) chaining IRQs 376..383

[    0.164306] twl4030: gpio (irq 368) chaining IRQs 384..401

[    0.181762] regulator: VIO: 1800 mV normal standby

[    0.184661] regulator: VMMC1: 1850 <--> 3150 mV at 3150 mV normal standby

[    0.187408] regulator: VDAC: 1800 mV normal standby

[    0.190429] regulator: VAUX2_4030: 2800 mV normal standby

[    0.193206] regulator: VPLL2: 1800 mV normal standby

[    0.196136] regulator: VSIM: 1800 <--> 3000 mV at 1800 mV normal standby

[    0.199005] regulator: VAUX3: 2800 mV normal standby

[    0.200164] omap_device: omap_i2c.1: new worst case deactivate latency 0: 30517

[    0.200469] omap_i2c omap_i2c.2: bus 2 rev4.0 at 400 kHz

[    0.201995] omap_i2c omap_i2c.3: bus 3 rev4.0 at 400 kHz

[    0.208557] Advanced Linux Sound Architecture Driver Version 1.0.23.

[    0.214996] Switching to clocksource 32k_counter

[    0.346557] musb-hdrc: version 6.0, otg (peripheral+host), debug=0

[    0.346984] musb-hdrc musb-hdrc.0: dma type: dma-inventra

[    0.348358] musb-hdrc musb-hdrc.0: USB OTG mode controller at fa0ab000 using DMA, IRQ 92

[    0.350158] NET: Registered protocol family 2

[    0.350891] IP route cache hash table entries: 2048 (order: 1, 8192 bytes)

[    0.352661] TCP established hash table entries: 8192 (order: 4, 65536 bytes)

[    0.353088] TCP bind hash table entries: 8192 (order: 6, 360448 bytes)

[    0.357788] TCP: Hash tables configured (established 8192 bind 8192)

[    0.357879] TCP reno registered

[    0.357910] UDP hash table entries: 128 (order: 1, 12288 bytes)

[    0.358245] UDP-Lite hash table entries: 128 (order: 1, 12288 bytes)

[    0.359283] NET: Registered protocol family 1

[    0.360839] RPC: Registered udp transport module.

[    0.360870] RPC: Registered tcp transport module.

[    0.360870] RPC: Registered tcp NFSv4.1 backchannel transport module.

[    0.361968] NetWinder Floating Point Emulator V0.97 (double precision)

[    0.365753] omap_device: omap_i2c.1: new worst case activate latency 0: 91552

[    0.368621] omap3evm camera init done successfully...

[    0.369323] omap-iommu omap-iommu.0: isp registered

[    0.370178] AM37x/DM37x  Linux PSP version 04.02.00.07 (OMAP3EVM)

[    0.526733] VFS: Disk quotas dquot_6.5.2

[    0.526855] Dquot-cache hash table entries: 1024 (order 0, 4096 bytes)

[    0.529663] JFFS2 version 2.2. (NAND) (SUMMARY)   2001-2006 Red Hat, Inc.

[    0.530700] msgmni has been set to 473

[    0.536834] io scheduler noop registered

[    0.536865] io scheduler deadline registered

[    0.537048] io scheduler cfq registered (default)

[    0.598419] OMAP DSS rev 2.0

[    0.598876] OMAP DISPC rev 3.0

[    0.599029] OMAP VENC rev 2

[    0.600128] OMAP DSI rev 1.0

[    0.930175] Serial: 8250/16550 driver, 4 ports, IRQ sharing enabled

[    0.938873] omap_uart.0: ttyO0 at MMIO 0x4806a000 (irq = 72) is a OMAP UART0

[    1.654815] console [ttyO0] enabled

[    1.660247] omap_uart.1: ttyO1 at MMIO 0x4806c000 (irq = 73) is a OMAP UART1

[    1.669189] omap_uart.2: ttyO2 at MMIO 0x49020000 (irq = 74) is a OMAP UART2

[    1.678100] omap_uart.3: ttyO3 at MMIO 0x49042000 (irq = 80) is a OMAP UART3

[    1.731567] brd: module loaded

[    1.757568] loop: module loaded

[    1.769958] mtdoops: mtd device (mtddev=name/number) must be supplied

[    1.776794] omap2-nand driver initializing

[    1.781829] NAND device: Manufacturer ID: 0xad, Chip ID: 0xbc (Hynix )

[    1.788848] Creating 5 MTD partitions on "omap2-nand.0":

[    1.794464] 0x000000000000-0x000000080000 : "X-Loader-NAND"

[    1.809631] 0x000000080000-0x0000001c0000 : "U-Boot-NAND"

[    1.822235] 0x0000001c0000-0x000000280000 : "Boot Env-NAND"

[    1.835113] 0x000000280000-0x000000780000 : "Kernel-NAND"

[    1.849487] 0x000000780000-0x000020000000 : "File System - NAND"

[    2.120422] OneNAND driver initializing

[    2.124847] omap2-onenand omap2-onenand: Cannot request GPMC CS

[    2.131317] omap2-onenand: probe of omap2-onenand failed with error -16

[    2.142669] smsc911x: Driver version 2008-10-21.

[    2.155029] smsc911x-mdio: probed

[    2.159057] eth0: attached PHY driver [SMSC LAN8700] (mii_bus:phy_addr=ffffffff:01, irq=-1)

[    2.168426] net eth0: MAC Address: 00:50:c2:7e:93:ba

[    2.175292] usbcore: registered new interface driver asix

[    2.181732] usbcore: registered new interface driver cdc_ether

[    2.188598] usbcore: registered new interface driver net1080

[    2.195281] usbcore: registered new interface driver cdc_subset

[    2.202239] usbcore: registered new interface driver zaurus

[    2.208190] ehci_hcd: USB 2.0 'Enhanced' Host Controller (EHCI) Driver

[    3.222991] ehci-omap ehci-omap.0: OMAP-EHCI Host Controller

[    3.231048] ehci-omap ehci-omap.0: new USB bus registered, assigned bus number 1

[    3.239593] ehci-omap ehci-omap.0: irq 77, io mem 0x48064800

[    3.254394] ehci-omap ehci-omap.0: USB 2.0 started, EHCI 1.00

[    3.261291] usb usb1: New USB device found, idVendor=1d6b, idProduct=0002

[    3.268463] usb usb1: New USB device strings: Mfr=3, Product=2, SerialNumber=1

[    3.276092] usb usb1: Product: OMAP-EHCI Host Controller

[    3.281707] usb usb1: Manufacturer: Linux 2.6.37 ehci_hcd

[    3.287414] usb usb1: SerialNumber: ehci-omap.0

[    3.297729] hub 1-0:1.0: USB hub found

[    3.301940] hub 1-0:1.0: 3 ports detected

[    3.341156] Initializing USB Mass Storage driver...

[    3.347167] usbcore: registered new interface driver usb-storage

[    3.353515] USB Mass Storage support registered.

[    3.359252] usbcore: registered new interface driver usbtest

[    3.365386] g_ether gadget: using random self ethernet address

[    3.371582] g_ether gadget: using random host ethernet address

[    3.380065] usb0: MAC 9a:2e:dd:a2:c3:13

[    3.384063] usb0: HOST MAC 2e:90:7f:b6:98:a7

[    3.388671] g_ether gadget: Ethernet Gadget, version: Memorial Day 2008

[    3.395690] g_ether gadget: g_ether ready

[    3.399902] musb-hdrc musb-hdrc.0: MUSB HDRC host driver

[    3.406097] musb-hdrc musb-hdrc.0: new USB bus registered, assigned bus number 2

[    3.414916] usb usb2: New USB device found, idVendor=1d6b, idProduct=0002

[    3.422088] usb usb2: New USB device strings: Mfr=3, Product=2, SerialNumber=1

[    3.429718] usb usb2: Product: MUSB HDRC host driver

[    3.434967] usb usb2: Manufacturer: Linux 2.6.37 musb-hcd

[    3.440612] usb usb2: SerialNumber: musb-hdrc.0

[    3.449188] hub 2-0:1.0: USB hub found

[    3.453369] hub 2-0:1.0: 1 port detected

[    3.463104] mice: PS/2 mouse device common for all mice

[    3.472564] input: TWL4030 Keypad as /devices/platform/omap/omap_i2c.1/i2c-1/1-004a/twl4030_keypad/input/input0

[    3.493682] ads7846 spi1.0: touchscreen, irq 335

[    3.501342] input: ADS7846 Touchscreen as /devices/platform/omap2_mcspi.1/spi1.0/input/input1

[    3.519104] input: twl4030_pwrbutton as /devices/platform/omap/omap_i2c.1/i2c-1/1-0049/twl4030_pwrbutton/input/input2

[    3.534942] twl_rtc twl_rtc: rtc core: registered twl_rtc as rtc0

[    3.544860] i2c /dev entries driver

[    3.554565] Linux media interface: v0.10

[    3.559692] Linux video capture interface: v2.00

[    3.567199] omap3isp supply VDD_CSIPHY1 not found, using dummy regulator

[    3.574279] omap3isp supply VDD_CSIPHY2 not found, using dummy regulator

[    3.581939] omap3isp omap3isp: Revision 15.0 found

[    3.587341] omap-iommu omap-iommu.0: isp: version 1.1

[    3.669952] mt9t111 2-003c: Unable to detectmt9t111sensor

[    3.675903] usb 1-2: new high speed USB device using ehci-omap and address 2

[    3.691284] isp_register_subdev_group: Unable to register subdev mt9t111

[    3.700744] tvp514x 3-005c: tvp514x 3-005c decoder driver registered !!

[    3.713043] tvp514x 3-005c: tvp5146m2 (Version - 0x03) found at 0xb8 (OMAP I2C adapter)

[    3.730957] usbcore: registered new interface driver uvcvideo

[    3.736999] USB Video Class driver (v1.0.0)

[    3.741882] omap_device: omap_wdt.-1: new worst case activate latency 0: 30517

[    3.751922] OMAP Watchdog Timer Rev 0x31: initial timeout 60 sec

[    3.758361] omap_device: omap_wdt.-1: new worst case deactivate latency 0: 30517

[    3.778015] mmci-omap-hs.1 supply vmmc_aux not found, using dummy regulator

[    3.792968] usbcore: registered new interface driver usbhid

[    3.798889] usbhid: USB HID core driver

[    3.806610] usbcore: registered new interface driver snd-usb-audio

[    3.819122] OMAP3 EVM SoC init

[    3.852569] usb 1-2: New USB device found, idVendor=05e3, idProduct=0608

[    3.859649] usb 1-2: New USB device strings: Mfr=0, Product=1, SerialNumber=0

[    3.867218] usb 1-2: Product: USB2.0 Hub

[    3.887176] hub 1-2:1.0: USB hub found

[    3.893676] hub 1-2:1.0: 4 ports detected

[    3.930603] asoc: twl4030-hifi <-> omap-mcbsp-dai.1 mapping ok

[    3.945129] ALSA device list:

[    3.948242]   #0: omap3evm

[    3.951141] oprofile: hardware counters not available

[    3.956451] oprofile: using timer interrupt.

[    3.961212] nf_conntrack version 0.5.0 (3785 buckets, 15140 max)

[    3.969451] ip_tables: (C) 2000-2006 Netfilter Core Team

[    3.975799] TCP cubic registered

[    3.979187] Initializing XFRM netlink socket

[    3.983886] NET: Registered protocol family 17

[    3.988739] NET: Registered protocol family 15

[    3.993957] Registering the dns_resolver key type

[    3.999572] VFP support v0.3: implementor 41 architecture 3 part 30 variant c rev 3

[    4.009552] ThumbEE CPU extension supported.

[    4.031433] Power Management for TI OMAP3.

[    4.036651] sr_init: No PMIC hook to init smartreflex

[    4.042449] smartreflex smartreflex.0: omap_sr_probe: SmartReflex driver initialized

[    4.051544] smartreflex smartreflex.1: omap_sr_probe: SmartReflex driver initialized

[    4.061462] SmartReflex Class3 initialized

[    4.113983] clock: disabling unused clocks to save power

[    4.122497] platform mpu.0: omap_voltage_scale: Already at the requestedrate 600000000

[    4.219085] twl_rtc twl_rtc: setting system clock to 2014-07-06 19:27:07 UTC (1404674827)

[    4.228179] omap_vout omap_vout: Buffer Size = 3686400

[    4.236419] omap_vout omap_vout: : registered and initialized video device 16

[    4.244079] omap_vout omap_vout: Buffer Size = 3686400

[    4.252502] omap_vout omap_vout: : registered and initialized video device 17

[    4.265930] Waiting for root device /dev/mmcblk0p2...

[    4.340789] usb 1-2.1: new high speed USB device using ehci-omap and address 3

[    4.371612] mmc0: new high speed SDHC card at address b368

[    4.380920] mmcblk0: mmc0:b368 SDC   3.74 GiB 

[    4.392700]  mmcblk0: p1 p2 p3

[    4.496887] EXT3-fs: barriers not enabled

[    4.503204] kjournald starting.  Commit interval 5 seconds

[    4.509613] EXT3-fs (mmcblk0p2): warning: maximal mount count reached, running e2fsck is recommended

[    4.524322] usb 1-2.1: New USB device found, idVendor=0781, idProduct=5406

[    4.531616] usb 1-2.1: New USB device strings: Mfr=1, Product=2, SerialNumber=3

[    4.539428] usb 1-2.1: Product: U3 Cruzer Micro

[    4.544219] usb 1-2.1: Manufacturer: SanDisk

[    4.548706] usb 1-2.1: SerialNumber: 0573311B4C1116BF

[    4.556304] mmc1: card claims to support voltages below the defined range. These will be ignored.

[    4.569030] scsi0 : usb-storage 1-2.1:1.0

[    4.600708] mmc1: queuing unknown CIS tuple 0x91 (3 bytes)

[    4.608917] mmc1: new SDIO card at address 0001

[    4.876708] EXT3-fs (mmcblk0p2): using internal journal

[    4.882934] EXT3-fs (mmcblk0p2): mounted filesystem with ordered data mode

[    4.890747] VFS: Mounted root (ext3 filesystem) on device 179:2.

[    4.897277] Freeing init memory: 208K


INIT: version 2.86 booting


Please wait: booting...

[    5.590393] scsi 0:0:0:0: Direct-Access     SanDisk  U3 Cruzer Micro  8.02 PQ: 0 ANSI: 0 CCS

Starting udev

[    5.647186] sd 0:0:0:0: [sda] 3907583 512-byte logical blocks: (2.00 GB/1.86 GiB)

[    5.668579] sd 0:0:0:0: [sda] Write Protect is off

[    5.673614] sd 0:0:0:0: [sda] Assuming drive cache: write through

[    5.704559] sd 0:0:0:0: [sda] Assuming drive cache: write through

[    5.720458]  sda: sda1

[    5.742462] sd 0:0:0:0: [sda] Assuming drive cache: write through

[    5.748931] sd 0:0:0:0: [sda] Attached SCSI removable disk

[    5.951965] udevd (741): /proc/741/oom_adj is deprecated, please use /proc/741/oom_score_adj instead.

[    7.467102] Compat-wireless backport release: compat-wireless-2011-07-27

[    7.474243] Backport based on wl12xx.git v2.6.39-1152-g0c08ddf

[    7.686492] cfg80211: Calling CRDA to update world regulatory domain

[   13.638336] cfg80211: World regulatory domain updated:

[   13.643737] cfg80211:     (start_freq - end_freq @ bandwidth), (max_antenna_gain, max_eirp)

[   13.652679] cfg80211:     (2402000 KHz - 2472000 KHz @ 40000 KHz), (300 mBi, 2000 mBm)

[   13.661071] cfg80211:     (2457000 KHz - 2482000 KHz @ 20000 KHz), (300 mBi, 2000 mBm)

[   13.669433] cfg80211:     (2474000 KHz - 2494000 KHz @ 20000 KHz), (300 mBi, 2000 mBm)

[   13.677764] cfg80211:     (5170000 KHz - 5250000 KHz @ 40000 KHz), (300 mBi, 2000 mBm)

[   13.686126] cfg80211:     (5735000 KHz - 5835000 KHz @ 40000 KHz), (300 mBi, 2000 mBm)

[   22.537200] EXT3-fs: barriers not enabled

[   22.605163] kjournald starting.  Commit interval 5 seconds

[   22.611145] EXT3-fs (mmcblk0p3): warning: maximal mount count reached, running e2fsck is recommended

[   22.780700] EXT3-fs (mmcblk0p3): using internal journal

[   22.786346] EXT3-fs (mmcblk0p3): mounted filesystem with ordered data mode

[   23.151000] wl1271: loaded

Remounting root file system...

Caching udev devnodes

ALSA: Restoring mixer settings...

Configuring network interfaces... [   28.767700] net eth0: SMSC911x/921x identified at 0xd0884000, IRQ: 336

eth0      no wireless extensions.



udhcpc (v1.13.2) started

Sending discover...

Sending discover...

Sending discover...

Sending select for 10.218.102.89...

Lease of 10.218.102.89 obtained, lease time 3600

adding dns 192.0.2.2

adding dns 192.0.2.3

done.

Setting up IP spoofing protection: rp_filter.


INIT: Entering runlevel: 5


Starting system message bus: dbus.

Starting Hardware abstraction layer hald

[   38.547241] tvp514x 3-005c: tvp5146m2 (Version - 0x03) found at 0xb8 (OMAP I2C adapter)

Starting Dropbear SSH server: dropbear.

Starting telnet daemon.

Starting network benchmark server: netserver.

Starting syslogd/klogd: done

Starting thttpd.

Starting PVR

[   41.580627] 

[   41.580657] =============================================

[   41.587860] [ INFO: possible recursive locking detected ]

[   41.593505] 2.6.37 #1

[   41.595886] ---------------------------------------------

[   41.601562] pvrsrvinit/2342 is trying to acquire lock:

[   41.606933]  (psPVRSRVMutex){+.+.+.}, at: [<bf1416dc>] PVRMMapRegisterArea+0x10/0x64 [pvrsrvkm]

[   41.616210] 

[   41.616210] but task is already holding lock:

[   41.622314]  (psPVRSRVMutex){+.+.+.}, at: [<bf143e40>] PVRSRV_BridgeDispatchKM+0x1c/0xec [pvrsrvkm]

[   41.631896] 

[   41.631927] other info that might help us debug this:

[   41.638763] 1 lock held by pvrsrvinit/2342:

[   41.643157]  #0:  (psPVRSRVMutex){+.+.+.}, at: [<bf143e40>] PVRSRV_BridgeDispatchKM+0x1c/0xec [pvrsrvkm]

[   41.653167] 

[   41.653167] stack backtrace:

[   41.657775] [<c004b690>] (unwind_backtrace+0x0/0xe0) from [<c00a05b0>] (__lock_acquire+0xe78/0x182c)

[   41.667358] [<c00a05b0>] (__lock_acquire+0xe78/0x182c) from [<c00a1540>] (lock_acquire+0xe0/0x104)

[   41.676757] [<c00a1540>] (lock_acquire+0xe0/0x104) from [<c042b428>] (mutex_lock_nested+0x58/0x2d8)

[   41.686309] [<c042b428>] (mutex_lock_nested+0x58/0x2d8) from [<bf1416dc>] (PVRMMapRegisterArea+0x10/0x64 [pvrsrvkm])

[   41.697479] [<bf1416dc>] (PVRMMapRegisterArea+0x10/0x64 [pvrsrvkm]) from [<bf142a08>] (OSAllocPages_Impl+0x6c/0xac [pvrsrvkm])

[   41.709533] [<bf142a08>] (OSAllocPages_Impl+0x6c/0xac [pvrsrvkm]) from [<bf13a4a4>] (BM_ImportMemory+0xcc/0x260 [pvrsrvkm])

[   41.721313] [<bf13a4a4>] (BM_ImportMemory+0xcc/0x260 [pvrsrvkm]) from [<bf13f0f8>] (RA_Alloc+0xac/0x240 [pvrsrvkm])

[   41.732360] [<bf13f0f8>] (RA_Alloc+0xac/0x240 [pvrsrvkm]) from [<bf13aae8>] (BM_Alloc+0xa4/0x248 [pvrsrvkm])

[   41.742767] [<bf13aae8>] (BM_Alloc+0xa4/0x248 [pvrsrvkm]) from [<bf13f7c0>] (AllocDeviceMem.clone.0+0x74/0xe8 [pvrsrvkm])

[   41.754364] [<bf13f7c0>] (AllocDeviceMem.clone.0+0x74/0xe8 [pvrsrvkm]) from [<bf13ff30>] (_PVRSRVAllocDeviceMemKM+0x80/0x150 [pvrsrvkm])

[   41.767364] [<bf13ff30>] (_PVRSRVAllocDeviceMemKM+0x80/0x150 [pvrsrvkm]) from [<bf149aec>] (PVRSRVAllocDeviceMemBW+0xa4/0x1a8 [pvrsrvkm])

[   41.780456] [<bf149aec>] (PVRSRVAllocDeviceMemBW+0xa4/0x1a8 [pvrsrvkm]) from [<bf14a41c>] (BridgedDispatchKM+0xd8/0x130 [pvrsrvkm])

[   41.792999] [<bf14a41c>] (BridgedDispatchKM+0xd8/0x130 [pvrsrvkm]) from [<bf143ee4>] (PVRSRV_BridgeDispatchKM+0xc0/0xec [pvrsrvkm])

[   41.805450] [<bf143ee4>] (PVRSRV_BridgeDispatchKM+0xc0/0xec [pvrsrvkm]) from [<c0109b2c>] (do_vfs_ioctl+0x4e0/0x554)

[   41.816497] [<c0109b2c>] (do_vfs_ioctl+0x4e0/0x554) from [<c0109bec>] (sys_ioctl+0x4c/0x6c)

[   41.825256] [<c0109bec>] (sys_ioctl+0x4c/0x6c) from [<c0045a80>] (ret_fast_syscall+0x0/0x3c)

Starting Lighttpd Web Server: lighttpd.

2014-07-06 19:27:44: (log.c.166) server started 

/

/

Starting Matrix GUI application.

***************************************************************

***************************************************************

NOTICE: This file system contains the followin GPLv3 packages:

	binutils-dev

	binutils-symlinks

	binutils

	gdbserver



If you do not wish to distribute GPLv3 components please remove

the above packages prior to distribution.  This can be done using

the opkg remove command.  i.e.:

    opkg remove <package>

Where <package> is the name printed in the list above



NOTE: If the package is a dependency of another package you

      will be notified of the dependent packages.  You should

      use the --force-removal-of-dependent-packages option to

      also remove the dependent packages as well

***************************************************************

***************************************************************



 _____                    _____           _         _   

|  _  |___ ___ ___ ___   |  _  |___ ___  |_|___ ___| |_ 

|     |  _| .'| . | . |  |   __|  _| . | | | -_|  _|  _|

|__|__|_| |__,|_  |___|  |__|  |_| |___|_| |___|___|_|  

              |___|                    |___|            



Arago Project http://arago-project.org am37x-evm ttyO0



Arago 2011.09 am37x-evm ttyO0



am37x-evm login: 
- 06:36:03 [INFO] Disconnected serial from am37x-evm
- 06:36:04 [INFO] Connected to am37x-evm via serial 
- 06:36:04 [INFO] Host: 
- 06:36:05 [ERROR] On command:  waiting for (?-mix:OMAP3_EVM\s*#) >>> error: execution expired
- 06:36:05 [INFO] Target: 
 2 
- 06:36:05 [INFO] Host: 
- 06:36:05 [INFO] Target: 
 0 

OMAP3_EVM # 


OMAP3_EVM # 
- 06:36:05 [INFO] Host: 
- 06:36:05 [INFO] Target: 



OMAP3_EVM # 
- 06:36:05 [INFO] Host: version
- 06:36:05 [INFO] Target: 
version




U-Boot 2013.01.01 (Nov 27 2013 - 12:07:30)

arm-linux-gnueabihf-gcc (crosstool-NG linaro-1.13.1-4.7-2013.03-20130313 - Linaro GCC 2013.03) 4.7.3 20130226 (prerelease)

GNU ld (crosstool-NG linaro-1.13.1-4.7-2013.03-20130313 - Linaro GCC 2013.03) 2.23.1

OMAP3_EVM # 
- 06:36:05 [INFO] Host: setenv bootargs 'console=ttyO0,115200n8 earlyprintk  '
- 06:36:05 [INFO] Target: 
setenv bootargs 'console=ttyO0,115200n8 earlyprintk  '


OMAP3_EVM # 
- 06:36:05 [INFO] Host: setenv bootcmd  ''
- 06:36:05 [INFO] Target: 
setenv bootcmd  ''


OMAP3_EVM # 
- 06:36:05 [INFO] Host: setenv autoload 'no'
- 06:36:05 [INFO] Target: 
setenv autoload 'no'


OMAP3_EVM # 
- 06:36:05 [INFO] Host: setenv serverip '10.218.102.142'
- 06:36:05 [INFO] Target: 
setenv serverip '10.218.102.142'


OMAP3_EVM # 
- 06:36:05 [INFO] Host: printenv
- 06:36:05 [INFO] Target: 
printenv


autoload=no

baudrate=115200

bootargs=console=ttyO0,115200n8 earlyprintk  

bootcmd=

bootdelay=3

bootfile=uImage

bootscript=echo Running bootscript from mmc ...; source ${loadaddr}

console=ttyO0,115200n8

dieid#=16d400029ff80000015f02690c019016

ethact=smc911x-0

ethaddr=00:50:c2:7e:93:ba

loadaddr=0x82000000

loadbootscript=fatload mmc ${mmcdev} ${loadaddr} boot.scr

loaduimage=fatload mmc ${mmcdev} ${loadaddr} uImage

mmcargs=setenv bootargs console=${console} root=/dev/mmcblk0p2 rw rootfstype=ext3 rootwait

mmcboot=echo Booting from mmc ...; run mmcargs; bootm ${loadaddr}

mmcdev=0

nandargs=setenv bootargs console=${console} root=/dev/mtdblock4 rw rootfstype=jffs2

nandboot=echo Booting from nand ...; run nandargs; onenand read ${loadaddr} 280000 400000; bootm ${loadaddr}

ramdisk_addr=0x8A080000

serverip=10.218.102.142

stderr=serial

stdin=serial

stdout=serial

usbtty=cdc_acm



Environment size: 929/131068 bytes

OMAP3_EVM # 
- 06:36:05 [INFO] Host: printenv
- 06:36:06 [INFO] Target: 
printenv


autoload=no

baudrate=115200

bootargs=console=ttyO0,115200n8 earlyprintk  

bootcmd=

bootdelay=3

bootfile=uImage

bootscript=echo Running bootscript from mmc ...; source ${loadaddr}

console=ttyO0,115200n8

dieid#=16d400029ff80000015f02690c019016

ethact=smc911x-0

ethaddr=00:50:c2:7e:93:ba

loadaddr=0x82000000

loadbootscript=fatload mmc ${mmcdev} ${loadaddr} boot.scr

loaduimage=fatload mmc ${mmcdev} ${loadaddr} uImage

mmcargs=setenv bootargs console=${console} root=/dev/mmcblk0p2 rw rootfstype=ext3 rootwait

mmcboot=echo Booting from mmc ...; run mmcargs; bootm ${loadaddr}

mmcdev=0

nandargs=setenv bootargs console=${console} root=/dev/mtdblock4 rw rootfstype=jffs2

nandboot=echo Booting from nand ...; run nandargs; onenand read ${loadaddr} 280000 400000; bootm ${loadaddr}

ramdisk_addr=0x8A080000

serverip=10.218.102.142

stderr=serial

stdin=serial

stdout=serial

usbtty=cdc_acm



Environment size: 929/131068 bytes

OMAP3_EVM # 
- 06:36:06 [INFO] Host: setenv bootargs ''${bootargs}' ip=dhcp '
- 06:36:06 [INFO] Target: 
setenv bootargs ''${bootargs}' ip=dhcp '


OMAP3_EVM # 
- 06:36:06 [INFO] Host: setenv ipaddr dhcp
- 06:36:06 [INFO] Target: 
setenv ipaddr dhcp


OMAP3_EVM # 
- 06:36:06 [INFO] Host: dhcp
- 06:36:08 [INFO] Target: 
dhcp


smc911x: detected LAN9220 controller

smc911x: phy initialized

smc911x: MAC 00:50:c2:7e:93:ba

BOOTP broadcast 1

DHCP client bound to address 10.218.102.250

OMAP3_EVM # 
- 06:36:08 [INFO] Host: setenv serverip '10.218.102.142'
- 06:36:08 [INFO] Target: 
setenv serverip '10.218.102.142'


OMAP3_EVM # 
- 06:36:08 [INFO] Host: tftp ${loadaddr} 10.218.102.142:vatf_am37x-evm/dd455ea0f0ddeed7107bcbe0f86df9fb
- 06:36:13 [INFO] Target: 
tftp ${loadaddr} 10.218.102.142:vatf_am37x-evm/dd455ea0f0ddeed7107bcbe0f86df9fb


smc911x: detected LAN9220 controller

smc911x: phy initialized

smc911x: MAC 00:50:c2:7e:93:ba

Using smc911x-0 device

TFTP from server 10.218.102.142; our IP address is 10.218.102.250

Filename 'vatf_am37x-evm/dd455ea0f0ddeed7107bcbe0f86df9fb'.

Load address: 0x82000000

Loading: *#################################################################

	 #################################################################

	 #################################################################

	 #################################################################

	 #################################################################

	 #################################################################

	 #################################################################

	 #################################################################

	 #################################################################

	 #################################################################

	 #################################################################

	 #################################################################

	 #################################################################

	 ######################

	 1.3 MiB/s

done

Bytes transferred = 4436224 (43b100 hex)

OMAP3_EVM # 
- 06:36:13 [INFO] Host: printenv
- 06:36:14 [INFO] Target: 
printenv


autoload=no

baudrate=115200

bootargs=console=ttyO0,115200n8 earlyprintk ip=dhcp

bootcmd=

bootdelay=3

bootfile=uImage

bootscript=echo Running bootscript from mmc ...; source ${loadaddr}

console=ttyO0,115200n8

dieid#=16d400029ff80000015f02690c019016

ethact=smc911x-0

ethaddr=00:50:c2:7e:93:ba

fileaddr=82000000

filesize=43B100

gatewayip=10.218.102.1

hostname=dhcp-10-218-102-250

ipaddr=10.218.102.250

loadaddr=0x82000000

loadbootscript=fatload mmc ${mmcdev} ${loadaddr} boot.scr

loaduimage=fatload mmc ${mmcdev} ${loadaddr} uImage

mmcargs=setenv bootargs console=${console} root=/dev/mmcblk0p2 rw rootfstype=ext3 rootwait

mmcboot=echo Booting from mmc ...; run mmcargs; bootm ${loadaddr}

mmcdev=0

nandargs=setenv bootargs console=${console} root=/dev/mtdblock4 rw rootfstype=jffs2

nandboot=echo Booting from nand ...; run nandargs; onenand read ${loadaddr} 280000 400000; bootm ${loadaddr}

netmask=255.255.255.0

ramdisk_addr=0x8A080000

serverip=10.218.102.142

stderr=serial

stdin=serial

stdout=serial

usbtty=cdc_acm



Environment size: 1077/131068 bytes

OMAP3_EVM # 
- 06:36:14 [INFO] Host: setenv bootargs ''${bootargs}' root=PARTUUID=00000000-02 rw rootfstype=ext4 rootwait '
- 06:36:14 [INFO] Target: 
setenv bootargs ''${bootargs}' root=PARTUUID=00000000-02 rw rootfstype=ext4 rootwait '


OMAP3_EVM # 
- 06:36:14 [INFO] Host: printenv
- 06:36:14 [INFO] Target: 
printenv


autoload=no

baudrate=115200

bootargs=console=ttyO0,115200n8 earlyprintk ip=dhcp root=PARTUUID=00000000-02 rw rootfstype=ext4 rootwait

bootcmd=

bootdelay=3

bootfile=uImage

bootscript=echo Running bootscript from mmc ...; source ${loadaddr}

console=ttyO0,115200n8

dieid#=16d400029ff80000015f02690c019016

ethact=smc911x-0

ethaddr=00:50:c2:7e:93:ba

fileaddr=82000000

filesize=43B100

gatewayip=10.218.102.1

hostname=dhcp-10-218-102-250

ipaddr=10.218.102.250

loadaddr=0x82000000

loadbootscript=fatload mmc ${mmcdev} ${loadaddr} boot.scr

loaduimage=fatload mmc ${mmcdev} ${loadaddr} uImage

mmcargs=setenv bootargs console=${console} root=/dev/mmcblk0p2 rw rootfstype=ext3 rootwait

mmcboot=echo Booting from mmc ...; run mmcargs; bootm ${loadaddr}

mmcdev=0

nandargs=setenv bootargs console=${console} root=/dev/mtdblock4 rw rootfstype=jffs2

nandboot=echo Booting from nand ...; run nandargs; onenand read ${loadaddr} 280000 400000; bootm ${loadaddr}

netmask=255.255.255.0

ramdisk_addr=0x8A080000

serverip=10.218.102.142

stderr=serial

stdin=serial

stdout=serial

usbtty=cdc_acm



Environment size: 1131/131068 bytes

OMAP3_EVM # 
- 06:36:14 [INFO] Host: setenv bootcmd ''${bootcmd}' if iminfo ${loadaddr}; then bootm ${loadaddr}  ; else bootz ${loadaddr}  ; bootm ${loadaddr}  ; fi'
- 06:36:14 [INFO] Target: 
setenv bootcmd ''${bootcmd}' if iminfo ${loadaddr}; then bootm ${loadaddr}  ; else bootz ${loadaddr}  ; bootm ${loadaddr}  ; fi'


OMAP3_EVM # 
- 06:36:14 [INFO] Host: bdinfo
- 06:36:14 [INFO] Target: 
bdinfo


arch_number = 0x000005FF

boot_params = 0x80000100

DRAM bank   = 0x00000000

-> start    = 0x80000000

-> size     = 0x10000000

DRAM bank   = 0x00000001

-> start    = 0x90000000

-> size     = 0x00000000

ethaddr     = 00:50:c2:7e:93:ba

ip_addr     = 10.218.102.250

baudrate    = 115200 bps

TLB addr    = 0x8FFF0000

relocaddr   = 0x8FF6E000

reloc off   = 0x0FE6E000

irq_sp      = 0x8FF0DF58

sp start    = 0x8FF0DF48

FB base     = 0x00000000

OMAP3_EVM # 
- 06:36:14 [INFO] Host: boot
- 06:36:51 [INFO] Target: 
boot


Unknown command 'iminfo' - try 'help'

Unknown command 'bootz' - try 'help'

## Booting kernel from Legacy Image at 82000000 ...

   Image Name:   Linux-3.17.0-rc1-next-20140822-0

   Image Type:   ARM Linux Kernel Image (uncompressed)

   Data Size:    4436160 Bytes = 4.2 MiB

   Load Address: 80800000

   Entry Point:  80800000

   Verifying Checksum ... OK

   Loading Kernel Image ... OK

OK



Starting kernel ...



[    0.000000] Booting Linux on physical CPU 0x0

[    0.000000] Linux version 3.17.0-rc1-next-20140822-00002-g6075bd2 (nmenon@kahuna) (gcc version 4.6.3 (Ubuntu/Linaro 4.6.3-1ubuntu5) ) #1 SMP Fri Aug 22 05:30:08 CDT 2014

[    0.000000] CPU: ARMv7 Processor [413fc082] revision 2 (ARMv7), cr=10c5387d

[    0.000000] CPU: PIPT / VIPT nonaliasing data cache, VIPT aliasing instruction cache

[    0.000000] Machine model: TI OMAP37XX EVM (TMDSEVM3730)

[    0.000000] cma: Reserved 16 MiB at 8e800000

[    0.000000] Memory policy: Data cache writeback

[    0.000000]   HighMem zone: 1048574 pages exceeds freesize 0

[    0.000000] CPU: All CPU(s) started in SVC mode.

[    0.000000] OMAP3630 ES1.2 (l2cache iva sgx neon isp 192mhz_clk )

[    0.000000] PERCPU: Embedded 9 pages/cpu @cfc7d000 s14336 r8192 d14336 u36864

[    0.000000] Built 1 zonelists in Zone order, mobility grouping on.  Total pages: 64768

[    0.000000] Kernel command line: console=ttyO0,115200n8 earlyprintk ip=dhcp root=PARTUUID=00000000-02 rw rootfstype=ext4 rootwait

[    0.000000] PID hash table entries: 1024 (order: 0, 4096 bytes)

[    0.000000] Dentry cache hash table entries: 32768 (order: 5, 131072 bytes)

[    0.000000] Inode-cache hash table entries: 16384 (order: 4, 65536 bytes)

[    0.000000] Memory: 224704K/261120K available (5703K kernel code, 653K rwdata, 2208K rodata, 406K init, 8210K bss, 36416K reserved, 0K highmem)

[    0.000000] Virtual kernel memory layout:

[    0.000000]     vector  : 0xffff0000 - 0xffff1000   (   4 kB)

[    0.000000]     fixmap  : 0xffc00000 - 0xffe00000   (2048 kB)

[    0.000000]     vmalloc : 0xd0800000 - 0xff000000   ( 744 MB)

[    0.000000]     lowmem  : 0xc0000000 - 0xd0000000   ( 256 MB)

[    0.000000]     pkmap   : 0xbfe00000 - 0xc0000000   (   2 MB)

[    0.000000]     modules : 0xbf000000 - 0xbfe00000   (  14 MB)

[    0.000000]       .text : 0xc0008000 - 0xc07c1f64   (7912 kB)

[    0.000000]       .init : 0xc07c2000 - 0xc0827800   ( 406 kB)

[    0.000000]       .data : 0xc0828000 - 0xc08cb648   ( 654 kB)

[    0.000000]        .bss : 0xc08cb648 - 0xc10d0210   (8211 kB)

[    0.000000] Hierarchical RCU implementation.

[    0.000000] 	RCU restricting CPUs from NR_CPUS=2 to nr_cpu_ids=1.

[    0.000000] RCU: Adjusting geometry for rcu_fanout_leaf=16, nr_cpu_ids=1

[    0.000000] NR_IRQS:16 nr_irqs:16 16

[    0.000000] IRQ: Found an INTC at 0xfa200000 (revision 4.0) with 96 interrupts

[    0.000000] Total of 96 interrupts on 1 active controller

[    0.000000] Clocking rate (Crystal/Core/MPU): 26.0/400/600 MHz

[    0.000000] OMAP clockevent source: timer1 at 32768 Hz

[    0.000000] sched_clock: 32 bits at 32kHz, resolution 30517ns, wraps every 65536000000000ns

[    0.000030] OMAP clocksource: 32k_counter at 32768 Hz

[    0.001098] Console: colour dummy device 80x30

[    0.001159] Lock dependency validator: Copyright (c) 2006 Red Hat, Inc., Ingo Molnar

[    0.001190] ... MAX_LOCKDEP_SUBCLASSES:  8

[    0.001190] ... MAX_LOCK_DEPTH:          48

[    0.001190] ... MAX_LOCKDEP_KEYS:        8191

[    0.001220] ... CLASSHASH_SIZE:          4096

[    0.001220] ... MAX_LOCKDEP_ENTRIES:     32768

[    0.001251] ... MAX_LOCKDEP_CHAINS:      65536

[    0.001251] ... CHAINHASH_SIZE:          32768

[    0.001251]  memory used by lock dependency info: 5167 kB

[    0.001281]  per task-struct memory footprint: 1152 bytes

[    0.001342] Calibrating delay loop... 594.73 BogoMIPS (lpj=2973696)

[    0.097564] pid_max: default: 32768 minimum: 301

[    0.098144] Security Framework initialized

[    0.098327] Mount-cache hash table entries: 1024 (order: 0, 4096 bytes)

[    0.098327] Mountpoint-cache hash table entries: 1024 (order: 0, 4096 bytes)

[    0.101593] CPU: Testing write buffer coherency: ok

[    0.103210] CPU0: thread -1, cpu 0, socket -1, mpidr 0

[    0.103332] Setting up static identity map for 0x80567dd8 - 0x80567e48

[    0.108276] Brought up 1 CPUs

[    0.108306] SMP: Total of 1 processors activated.

[    0.108306] CPU: All CPU(s) started in SVC mode.

[    0.112030] devtmpfs: initialized

[    0.122894] VFP support v0.3: implementor 41 architecture 3 part 30 variant c rev 3

[    0.203552] omap_hwmod: mcbsp2_sidetone using broken dt data from mcbsp

[    0.205810] omap_hwmod: mcbsp3_sidetone using broken dt data from mcbsp

[    0.315093] pinctrl core: initialized pinctrl subsystem

[    0.319152] regulator-dummy: no parameters

[    0.417205] NET: Registered protocol family 16

[    0.427337] DMA: preallocated 256 KiB pool for atomic coherent allocations

[    0.430908] cpuidle: using governor ladder

[    0.430938] cpuidle: using governor menu

[    0.439300] Reprogramming SDRC clock to 400000000 Hz

[    0.453918] OMAP GPIO hardware version 2.5

[    0.468353] irq: no irq domain found for /ocp/pinmux@48002030 !

[    0.469299] irq: no irq domain found for /ocp/pinmux@48002030 !

[    0.470123] irq: no irq domain found for /ocp/pinmux@48002030 !

[    0.494171] omap-gpmc 6e000000.gpmc: GPMC revision 5.0

[    0.495697] gpmc_probe_nand_child: ti,elm-id property not found

[    0.495910] gpmc_cs_program_settings: invalid width 0!

[    0.498474] platform 48058000.ssi-controller: Cannot lookup hwmod 'ssi'

[    0.507171] No ATAGs?

[    0.507202] hw-breakpoint: debug architecture 0x4 unsupported.

[    0.510955] OMAP DMA hardware revision 5.0

[    0.552307] edma-dma-engine edma-dma-engine.0: Can't allocate PaRAM dummy slot

[    0.552398] edma-dma-engine: probe of edma-dma-engine.0 failed with error -22

[    0.607788] omap-dma-engine 48056000.dma-controller: OMAP DMA engine driver

[    0.609924] vddvario: no parameters

[    0.611083] vdd33a: no parameters

[    0.611724] reg-fixed-voltage wl12xx_vmmc: could not find pctldev for node /ocp/pinmux@48002030/pinmux_wl12xx_gpio, deferring probe

[    0.611785] platform wl12xx_vmmc: Driver reg-fixed-voltage requests probe deferral

[    0.612884] lcd_3v3: 3300 mV 

[    0.619415] SCSI subsystem initialized

[    0.620635] usbcore: registered new interface driver usbfs

[    0.620910] usbcore: registered new interface driver hub

[    0.621948] usbcore: registered new device driver usb

[    0.778442] omap_i2c 48070000.i2c: bus 0 rev4.4 at 2600 kHz

[    0.780334] omap_i2c 48072000.i2c: bus 1 rev4.4 at 400 kHz

[    0.783935] omap_i2c 48060000.i2c: bus 2 rev4.4 at 400 kHz

[    0.791839] Switched to clocksource 32k_counter

[    1.013702] NET: Registered protocol family 2

[    1.016326] TCP established hash table entries: 2048 (order: 1, 8192 bytes)

[    1.016571] TCP bind hash table entries: 2048 (order: 4, 73728 bytes)

[    1.017669] TCP: Hash tables configured (established 2048 bind 2048)

[    1.017883] TCP: reno registered

[    1.017913] UDP hash table entries: 256 (order: 2, 20480 bytes)

[    1.018218] UDP-Lite hash table entries: 256 (order: 2, 20480 bytes)

[    1.019866] NET: Registered protocol family 1

[    1.022430] RPC: Registered named UNIX socket transport module.

[    1.022460] RPC: Registered udp transport module.

[    1.022460] RPC: Registered tcp transport module.

[    1.022491] RPC: Registered tcp NFSv4.1 backchannel transport module.

[    1.024261] hw perfevents: enabled with armv7_cortex_a8 PMU driver, 5 counters available

[    1.032562] futex hash table entries: 256 (order: 2, 16384 bytes)

[    1.039764] VFS: Disk quotas dquot_6.5.2

[    1.039978] Dquot-cache hash table entries: 1024 (order 0, 4096 bytes)

[    1.043548] NFS: Registering the id_resolver key type

[    1.044036] Key type id_resolver registered

[    1.044067] Key type id_legacy registered

[    1.044250] jffs2: version 2.2. (NAND) (SUMMARY)   2001-2006 Red Hat, Inc.

[    1.044891] msgmni has been set to 470

[    1.052429] io scheduler noop registered

[    1.052490] io scheduler deadline registered

[    1.052581] io scheduler cfq registered (default)

[    1.056610] pinctrl-single 48002030.pinmux: 284 pins at pa fa002030 size 568

[    1.057403] pinctrl-single 48002a00.pinmux: 46 pins at pa fa002a00 size 92

[    1.058471] pinctrl-single 480025a0.pinmux: 46 pins at pa fa0025a0 size 92

[    1.062103] pbias_mmc_omap2430: 1800 <--> 3000 mV at 3000 mV 

[    1.064483] abb_mpu_iva: 1012 <--> 1375 mV 

[    1.066741] Serial: 8250/16550 driver, 4 ports, IRQ sharing enabled

[    1.078186] 4806a000.serial: ttyO0 at MMIO 0x4806a000 (irq = 88, base_baud = 3000000) is a OMAP UART0

[    1.854797] console [ttyO0] enabled

[    1.863037] 4806c000.serial: ttyO1 at MMIO 0x4806c000 (irq = 89, base_baud = 3000000) is a OMAP UART1

[    1.878845] 49020000.serial: ttyO2 at MMIO 0x49020000 (irq = 90, base_baud = 3000000) is a OMAP UART2

[    1.890838] omap_uart 49042000.serial: no wakeirq for uart0

[    1.897094] 49042000.serial: ttyO3 at MMIO 0x49042000 (irq = 96, base_baud = 3000000) is a OMAP UART3

[    1.951629] brd: module loaded

[    1.979309] loop: module loaded

[    2.003387] twl 0-0048: PIH (irq 23) chaining IRQs 341..349

[    2.009857] twl 0-0048: power (irq 346) chaining IRQs 349..356

[    2.027191] VAUX1: at 3000 mV 

[    2.035217] VAUX2_4030: at 1800 mV 

[    2.044036] VAUX3: at 2800 mV 

[    2.051757] VAUX4: at 2800 mV 

[    2.058502] VDD1: 600 <--> 1450 mV at 1200 mV 

[    2.068359] VDAC: 1800 mV 

[    2.078613] VIO: at 1800 mV 

[    2.091278] VINTANA1: 1500 mV 

[    2.099426] VINTANA2: at 2750 mV 

[    2.108428] VINTDIG: 1500 mV 

[    2.114868] VMMC1: 1850 <--> 3150 mV at 3150 mV 

[    2.124847] VMMC2: 1850 <--> 3150 mV at 2600 mV 

[    2.133636] VUSB1V5: 1500 mV 

[    2.138916] VUSB1V8: 1800 mV 

[    2.144348] VUSB3V1: 3100 mV 

[    2.152496] VPLL1: at 1800 mV 

[    2.162017] VPLL2: 1800 mV 

[    2.169036] VSIM: 1800 <--> 3000 mV at 1800 mV 

[    2.177703] twl4030_gpio twl4030-gpio: gpio (irq 341) chaining IRQs 357..374

[    2.272125] mtdoops: mtd device (mtddev=name/number) must be supplied

[    2.310455] libphy: smsc911x-mdio: probed

[    2.315399] smsc911x 2c000000.ethernet eth0: attached PHY driver [SMSC LAN8700] (mii_bus:phy_addr=2c000000.etherne:01, irq=-1)

[    2.327789] smsc911x 2c000000.ethernet eth0: MAC Address: 00:50:c2:7e:93:ba

[    2.337493] usbcore: registered new interface driver asix

[    2.343536] usbcore: registered new interface driver ax88179_178a

[    2.350158] usbcore: registered new interface driver cdc_ether

[    2.356689] usbcore: registered new interface driver smsc95xx

[    2.363006] usbcore: registered new interface driver net1080

[    2.369171] usbcore: registered new interface driver cdc_subset

[    2.375671] usbcore: registered new interface driver zaurus

[    2.381958] usbcore: registered new interface driver cdc_ncm

[    2.389862] usbcore: registered new interface driver cdc_wdm

[    2.396301] usbcore: registered new interface driver usb-storage

[    2.403015] usbcore: registered new interface driver usbtest

[    2.413330] mousedev: PS/2 mouse device common for all mice

[    2.420928] twl4030_keypad 48070000.i2c:twl@48:keypad: OF: linux,keymap property not defined in /ocp/i2c@48070000/twl@48/keypad

[    2.433105] twl4030_keypad 48070000.i2c:twl@48:keypad: Failed to build keymap

[    2.440765] twl4030_keypad: probe of 48070000.i2c:twl@48:keypad failed with error -2

[    2.532409] ads7846 spi1.0: touchscreen, irq 287

[    2.540222] input: ADS7846 Touchscreen as /devices/68000000.ocp/48098000.spi/spi_master/spi1/spi1.0/input/input1

[    2.558349] input: twl4030_pwrbutton as /devices/68000000.ocp/48070000.i2c/i2c-0/0-0048/48070000.i2c:twl@48:pwrbutton/input/input2

[    2.576263] twl_rtc 48070000.i2c:twl@48:rtc: Enabling TWL-RTC

[    2.587921] twl_rtc 48070000.i2c:twl@48:rtc: rtc core: registered 48070000.i2c:twl@48 as rtc0

[    2.599029] i2c /dev entries driver

[    2.607147] Driver for 1-wire Dallas network protocol.

[    2.617553] omap_wdt: OMAP Watchdog Timer Rev 0x31: initial timeout 60 sec

[    2.682067] omap_hsmmc 480b4000.mmc: unable to get vmmc regulator -517

[    2.689636] platform 480b4000.mmc: Driver omap_hsmmc requests probe deferral

[    2.707244] ledtrig-cpu: registered to indicate activity on CPUs

[    2.714935] usbcore: registered new interface driver usbhid

[    2.720886] usbhid: USB HID core driver

[    2.727691] oprofile: using arm/armv7

[    2.732513] TCP: cubic registered

[    2.736053] Initializing XFRM netlink socket

[    2.740844] NET: Registered protocol family 17

[    2.745635] NET: Registered protocol family 15

[    2.750885] Key type dns_resolver registered

[    2.755767] omap2_set_init_voltage: unable to find boot up OPP for vdd_mpu_iva

[    2.763458] omap2_set_init_voltage: unable to set vdd_mpu_iva

[    2.769531] omap2_set_init_voltage: unable to find boot up OPP for vdd_core

[    2.776916] omap2_set_init_voltage: unable to set vdd_core

[    2.787689] ThumbEE CPU extension supported.

[    2.792358] Registering SWP/SWPB emulation handler

[    2.797454] SmartReflex Class3 initialized

[    2.814086] vwl1271: 1800 mV 

[    2.817443] vwl1271: supplied by VMMC2

[    2.891235] mmc0: host does not support reading read-only switch. assuming write-enable.

[    2.902099] mmc0: new high speed SDHC card at address b368

[    2.911590] mmcblk0: mmc0:b368 SDC   3.74 GiB 

[    2.924743]  mmcblk0: p1 p2 p3

[    2.950866] twl_rtc 48070000.i2c:twl@48:rtc: setting system clock to 2014-07-06 19:29:21 UTC (1404674961)

[    2.961029] sr_init: No PMIC hook to init smartreflex

[    2.967010] smartreflex smartreflex.0: omap_sr_probe: SmartReflex driver initialized

[    2.976196] smartreflex smartreflex.1: omap_sr_probe: SmartReflex driver initialized

[    3.062988] smsc911x 2c000000.ethernet eth0: SMSC911x/921x identified at 0xd087c000, IRQ: 288

[    3.072692] omap_hsmmc 480b4000.mmc: card claims to support voltages below defined range

[    3.099243] mmc1: queuing unknown CIS tuple 0x91 (3 bytes)

[    3.109008] mmc1: new SDIO card at address 0001

[    5.330902] Sending DHCP requests ., OK

[    6.411376] IP-Config: Got DHCP answer from 10.218.102.3, my address is 10.218.102.250

[    6.421325] IP-Config: Complete:

[    6.424774]      device=eth0, hwaddr=00:50:c2:7e:93:ba, ipaddr=10.218.102.250, mask=255.255.255.0, gw=10.218.102.1

[    6.435729]      host=dhcp-10-218-102-250, domain=am.dhcp.ti.com, nis-domain=(none)

[    6.444213]      bootserver=0.0.0.0, rootserver=0.0.0.0, rootpath=

[    6.450775]      nameserver0=192.0.2.2, nameserver1=192.0.2.3

[    6.458770] VUSB3V1: disabling

[    8.356964] EXT4-fs (mmcblk0p2): warning: maximal mount count reached, running e2fsck is recommended

[    8.374114] EXT4-fs (mmcblk0p2): recovery complete

[    8.387207] EXT4-fs (mmcblk0p2): mounted filesystem with ordered data mode. Opts: (null)

[    8.395996] VFS: Mounted root (ext4 filesystem) on device 179:2.

[    8.415954] devtmpfs: mounted

[    8.420074] Freeing unused kernel memory: 404K (c07c2000 - c0827000)


INIT: version 2.86 booting


Please wait: booting...

Error opening /dev/fb0: No such file or directory

Starting udev

WARNING: -e needs -E or -F

[    9.474090] udevd (873): /proc/873/oom_adj is deprecated, please use /proc/873/oom_score_adj instead.

[   14.071472] random: nonblocking pool is initialized

[   24.188049] kjournald starting.  Commit interval 5 seconds

[   24.194580] EXT3-fs (mmcblk0p3): warning: maximal mount count reached, running e2fsck is recommended

[   24.204772] FAT-fs (mmcblk0p1): Volume was not properly unmounted. Some data may be corrupt. Please run fsck.

[   24.642761] EXT3-fs (mmcblk0p3): using internal journal

[   24.648895] EXT3-fs (mmcblk0p3): recovery complete

[   24.654083] EXT3-fs (mmcblk0p3): mounted filesystem with ordered data mode

[   24.771545] alignment: ignoring faults is unsafe on this CPU.  Defaulting to fixup mode.

Remounting root file system...

[   24.911193] EXT4-fs (mmcblk0p2): re-mounted. Opts: (null)

Caching udev devnodes

logger: mount: mount point /proc/bus/usb does not exist

ALSA: Restoring mixer settings...

/usr/sbin/alsactl: load_state:1625: No soundcards found...

Configuring network interfaces... ifconfig: SIOCSIFFLAGS: Input/output error

eth0      no wireless extensions.



ifconfig: SIOCSIFFLAGS: Input/output error

done.

Setting up IP spoofing protection: rp_filter.


INIT: Entering runlevel: 5


Starting system message bus: dbus.

Starting Hardware abstraction layer hald

Starting Dropbear SSH server: dropbear.

Starting telnet daemon.

Starting network benchmark server: netserver.

Starting syslogd/klogd: done

Starting thttpd.

Starting Lighttpd Web Server: lighttpd.

2014-07-06 19:29:49: (log.c.166) server started 

/

/

Starting Matrix GUI application.

***************************************************************

***************************************************************

NOTICE: This file system contains the followin GPLv3 packages:

	binutils-dev

	binutils-symlinks

	binutils

	gdbserver



If you do not wish to distribute GPLv3 components please remove

the above packages prior to distribution.  This can be done using

the opkg remove command.  i.e.:

    opkg remove <package>

Where <package> is the name printed in the list above



NOTE: If the package is a dependency of another package you

      will be notified of the dependent packages.  You should

      use the --force-removal-of-dependent-packages option to

      also remove the dependent packages as well

***************************************************************

***************************************************************



 _____                    _____           _         _   

|  _  |___ ___ ___ ___   |  _  |___ ___  |_|___ ___| |_ 

|     |  _| .'| . | . |  |   __|  _| . | | | -_|  _|  _|

|__|__|_| |__,|_  |___|  |__|  |_| |___|_| |___|___|_|  

              |___|                    |___|            



Arago Project http://arago-project.org am37x-evm ttyO0



Arago 2011.09 am37x-evm ttyO0



am37x-evm login: 
- 06:36:51 [INFO] Host: root
- 06:36:52 [INFO] Target: 
root
root@am37x-evm:~# 
- 06:36:52 [INFO] Host: uname -a
- 06:36:52 [INFO] Target: 
uname -a
Linux am37x-evm 3.17.0-rc1-next-20140822-00002-g6075bd2 
- 06:36:52 [INFO] Host: cat /proc/cmdline
- 06:36:52 [INFO] Target: 
#1 SMP Fri Aug 22 05:30:08 CDT 2014 armv7l unknown
root@am37x-evm:~# cat /proc/cmdline
console=ttyO0,115200n8 earlyprintk ip=dhcp root=PARTUUID=00000000-02 rw rootfstype=ext4 rootwait
root@am37x-evm:~# 
- 06:36:52 [INFO] Host: uname -a
- 06:36:52 [INFO] Target: 
uname -a
Linux am37x-evm 3.17.0-rc1-next-20140822-00002-g6075bd2 #1 SMP Fri Aug 22 05:30:08 CDT 2014 armv7l unknown
root@am37x-evm:~# 
- 06:36:52 [INFO] Host: cat /proc/mtd
- 06:36:52 [INFO] Target: 
cat /proc/mtd
dev:    size   erasesize  name
root@am37x-evm:~# 
- 06:36:58 [INFO] Host: export IPERFHOST=10.218.102.142
- 06:36:58 [INFO] Target: 
export IPERFHOST=10.218.102.142
root@am37x-evm:~# 
- 06:36:58 [INFO] Host: export NFS_SERVER=10.218.102.142
- 06:36:58 [INFO] Target: 
export NFS_SERVER=10.218.102.142
root@am37x-evm:~# 
- 06:36:58 [INFO] Host: export NFS_ROOT_PATH=/home/tigt-0001/NFS_exports/am37x
- 06:36:58 [INFO] Target: 
export NFS_ROOT_PATH=/home/tigt-0001/NFS_exports/am37x
root@am37x-evm:~# 
- 06:36:58 [INFO] Host: mkdir -p -m 777 /test
- 06:36:58 [INFO] Target: 
mkdir -p -m 777 /test
root@am37x-evm:~# 
- 06:36:58 [INFO] Host: cd /test
- 06:36:58 [INFO] Target: 
cd /test
root@am37x-evm:/test# 
- 06:36:58 [INFO] Host: cat > test.sh << EOF
- 06:36:59 [INFO] Target: 
cat > test.sh << EOF
> 
- 06:36:59 [INFO] Host: failtest() {

- 06:36:59 [INFO] Target: 
failtest() {
> 
> 
- 06:36:59 [INFO] Host:   echo 1 >&3

- 06:36:59 [INFO] Target: 
  echo 1 >&3
> 
> 
- 06:36:59 [INFO] Host: }

- 06:36:59 [INFO] Target: 
}
> 
> 
- 06:36:59 [INFO] Host: timeout=600

- 06:36:59 [INFO] Target: 
timeout=600
> 
> 
- 06:36:59 [INFO] Host: 

- 06:36:59 [INFO] Target: 

> 
> 
- 06:36:59 [INFO] Host: # Start of user's script logic

- 06:36:59 [INFO] Target: 
# 
- 06:36:59 [INFO] Host: 

- 06:36:59 [INFO] Target: 
Start of user's script logic
> 
> 
> 
> 
- 06:36:59 [INFO] Host: 

- 06:36:59 [INFO] Target: 

> 
> 
- 06:36:59 [INFO] Host: mount -t proc proc /proc 2>/dev/null;

- 06:36:59 [INFO] Target: 
mount -t proc proc /proc 2>/dev/null;
> 
> 
- 06:36:59 [INFO] Host: 

- 06:36:59 [INFO] Target: 

> 
> 
- 06:36:59 [INFO] Host: mount -t sysfs sys /sys 2>/dev/null;

- 06:36:59 [INFO] Target: 
mount -t sysfs sys /sys 2>/dev/null;
> 
> 
- 06:36:59 [INFO] Host: 

- 06:36:59 [INFO] Target: 

> 
> 
- 06:36:59 [INFO] Host: mount -t debugfs none /sys/kernel/debug 2>/dev/null;

- 06:36:59 [INFO] Target: 
mount -t debugfs none /sys/kernel/debug 2>/dev/null;
> 
> 
- 06:36:59 [INFO] Host: 

- 06:36:59 [INFO] Target: 

> 
> 
- 06:36:59 [INFO] Host: echo 'cpuinfo:';cat /proc/cpuinfo; echo '=======';

- 06:36:59 [INFO] Target: 
echo 'cpuinfo:';cat /proc/cpuinfo; echo '=======';
> 
> 
- 06:36:59 [INFO] Host: 

- 06:36:59 [INFO] Target: 

> 
> 
- 06:36:59 [INFO] Host: echo 'soc info:';head /sys/devices/soc0/* 2>/dev/null; echo '=======';

- 06:36:59 [INFO] Target: 
echo 'soc info:';head /sys/devices/soc0/* 2>/dev/null; echo '=
- 06:36:59 [INFO] Host: 

- 06:36:59 [INFO] Target: 
======';
> 
> 
> 
> 
- 06:36:59 [INFO] Host: echo 'interrupts:';cat /proc/interrupts; echo '=======';

- 06:37:00 [INFO] Target: 
echo 'interrupts:';cat /proc/interrupts; echo '=======';
> 
> 
- 06:37:00 [INFO] Host: 

- 06:37:00 [INFO] Target: 

> 

- 06:37:00 [INFO] Host: echo 'Clk_summary:';cat /sys/kernel/debug/clk/clk_summary; echo '=======';

- 06:37:00 [INFO] Target: 
> echo 'Clk_summary:';cat /sys/kernel/debug/c
- 06:37:00 [INFO] Host: 

- 06:37:00 [INFO] Target: 
lk/clk_summary; echo '=======';
> 
> 
> 
> 
- 06:37:00 [INFO] Host: echo 'Orphan Clks:';ls /sys/kernel/debug/clk/orphans/; echo '=======';

- 06:37:00 [INFO] Target: 
echo 'Orphan Clks:';ls /sys/kernel/debug/clk/orphans/; echo '=======';

- 06:37:00 [INFO] Host: 

- 06:37:00 [INFO] Target: 
> 
> 
> 
> 
- 06:37:00 [INFO] Host: echo 'H''ello World' 'B''oard Booted';

- 06:37:00 [INFO] Target: 
echo 'H''ello World' 'B''oard Booted';
> 
> 
- 06:37:00 [INFO] Host: 

- 06:37:00 [INFO] Target: 

> 
> 
- 06:37:00 [INFO] Host: EOF
- 06:37:00 [INFO] Target: 
EOF
root@am37x-evm:/test# 
- 06:37:00 [INFO] Host: cd /test
- 06:37:00 [INFO] Target: 
cd /test
root@am37x-evm:/test# 
- 06:37:00 [INFO] Host: chmod +x test.sh
- 06:37:00 [INFO] Target: 
chmod +x test.sh
root@am37x-evm:/test# 
- 06:37:00 [INFO] Host: ./test.sh 2> stderr.log > stdout.log 3> result.log
- 06:37:00 [INFO] Target: 
./test.sh 2> stderr.log > stdout.log 3> result.log
root@am37x-evm:/test# 
- 06:37:00 [INFO] Host: echo $?
- 06:37:00 [INFO] Target: 
echo $?
0
root@am37x-evm:/
- 06:37:00 [INFO] Host: cd /test
- 06:37:00 [INFO] Target: 
test# cd /test
root@am37x-evm:/test# 
- 06:37:00 [INFO] Host: cat stdout.log
- 06:37:02 [INFO] Target: 
cat stdout.log
cpuinfo:
processor	: 0
model name	: ARMv7 Processor rev 2 (v7l)
Features	: half thumb fastmult vfp edsp thumbee neon vfpv3 tls vfpd32 
CPU implementer	: 0x41
CPU architecture: 7
CPU variant	: 0x3
CPU part	: 0xc08
CPU revision	: 2

Hardware	: Generic OMAP36xx (Flattened Device Tree)
Revision	: 0000
Serial		: 0000000000000000
=======
soc info:
==> /sys/devices/soc0/family <==
OMAP3

==> /sys/devices/soc0/machine <==
OMAP3630

==> /sys/devices/soc0/power <==

==> /sys/devices/soc0/revision <==
ES1.2

==> /sys/devices/soc0/subsystem <==

==> /sys/devices/soc0/type <==
GP

==> /sys/devices/soc0/uevent <==
=======
interrupts:
           CPU0       
 23:          0      INTC   7  TWL4030-PIH
 25:          0      INTC   9  l3-debug-irq
 26:          0      INTC  10  l3-app-irq
 28:          0      INTC  12  DMA
 29:       4198      INTC  13  omap-dma-engine
 36:          0      INTC  20  gpmc
 53:       3419      INTC  37  gp_timer
 72:       1036      INTC  56  48070000.i2c
 73:          0      INTC  57  48072000.i2c
 77:          0      INTC  61  48060000.i2c
 88:       3284      INTC  72  OMAP UART0
 99:       6732      INTC  83  mmc0
102:        144      INTC  86  mmc1
287:          1      GPIO  15  ads7846
288:         20      GPIO  16  eth0
306:        616      PRCM  pm_wkup
315:          2      PRCM  pinctrl, pinctrl, pinctrl, pm_io
338:          1   pinctrl 338  OMAP UART0
341:          0   twl4030   0  twl4030_gpio
346:          0   twl4030   5  twl4030_power
349:          0   twl4030   8  twl4030_pwrbutton
352:          0   twl4030  11  rtc0
IPI0:          0  CPU wakeup interrupts
IPI1:          0  Timer broadcast interrupts
IPI2:          0  Rescheduling interrupts
IPI3:          0  Function call interrupts
IPI4:          0  Single function call interrupts
IPI5:          0  CPU stop interrupts
IPI6:          0  IRQ work interrupts
IPI7:          0  completion interrupts
Err:          0
=======
Clk_summary:
   clock                         enable_cnt  prepare_cnt        rate   accuracy
--------------------------------------------------------------------------------
 secure_32k_fck                           0            1       32768          0
    wdt1_fck                              0            0       32768          0
    gpt12_fck                             0            1       32768          0
 dummy_ck                                 0            0           0          0
 mcbsp_clks                               0            5           0          0
 sys_altclk                               0            0           0          0
 virt_38_4m_ck                            0            0    38400000          0
 virt_26000000_ck                         1            1    26000000          0
    osc_sys_ck                            1            1    26000000          0
       sys_clkout1                        0            0    26000000          0
       sys_ck                             3           18    13000000          0
          cpefuse_fck                     0            0    13000000          0
          dpll5_ck                        0            1   120000000          0
             dpll5_m2_ck                  0            1   120000000          0
                usbhost_120m_fck           0            0   120000000          0
                usbtll_fck                0            1   120000000          0
                dpll5_m2_d4_ck            0            0    30000000          0
                dpll5_m2_d8_ck            0            0    15000000          0
                dpll5_m2_d16_ck           0            0     7500000          0
                dpll5_m2_d20_ck           0            0     6000000          0
          sys_d2_ck                       0            0     6500000          0
             usim_fck                     0            0     6500000          0
          modem_fck                       0            0    13000000          0
          dpll2_ck                        0            1   260000000          0
             dpll2_m2_ck                  0            1   260000000          0
                iva2_ck                   0            2   260000000          0
          sr2_fck                         0            1    13000000          0
          sr1_fck                         0            1    13000000          0
          traceclk_src_fck                0            0    13000000          0
             traceclk_fck                 0            0    13000000          0
          emu_src_mux_ck                  0            1    13000000          0
             emu_src_ck                   0            1    13000000          0
                atclk_fck                 0            0    13000000          0
                pclkx2_fck                0            0    13000000          0
                pclk_fck                  0            0     6500000          0
          gpt9_fck                        0            1    13000000          0
          gpt8_fck                        0            1    13000000          0
          gpt7_fck                        0            1    13000000          0
          gpt6_fck                        0            1    13000000          0
          gpt5_fck                        0            1    13000000          0
          gpt4_fck                        0            1    13000000          0
          gpt3_fck                        0            1    13000000          0
          gpt2_fck                        0            1    13000000          0
          dss2_alwon_fck                  0            2    13000000          0
          dpll1_ck                        0            1   600000000          0
             dpll1_x2_ck                  0            1  1200000000          0
                dpll1_x2m2_ck             0            1  1200000000          0
                   mpu_ck                 0            1  1200000000          0
                      emu_mpu_alwon_ck           0            0  1200000000          0
                      arm_fck             0            1   600000000          0
          dpll3_ck                        1            1   400000000          0
             dpll3_m2_ck                  1            1   400000000          0
                core_ck                   1            1   400000000          0
                   core_d2_ck             0            0   200000000          0
                      sgx_fck             0            0   200000000          0
                   core_d6_ck             0            0    66666666          0
                   core_d4_ck             0            0   100000000          0
                   core_d3_ck             0            0   133333333          0
                   dpll2_fck              0            0   400000000          0
                   l3_ick                 2            3   200000000          0
                      sgx_ick             0            0   200000000          0
                      mad2d_ick           0            0   200000000          0
                      sad2d_ick           0            1   200000000          0
                      security_l3_ick           0            0   200000000          0
                         pka_ick           0            0   200000000          0
                      core_l3_ick           8           10   200000000          0
                         hsotgusb_ick_3430es2           0            1   200000000          0
                         gpmc_fck           2            2   200000000          0
                         sdrc_ick           1            1   200000000          0
                      l4_ick              6            7   100000000          0
                         usbhost_ick           1            1   100000000          0
                         dss_ick_3430es2           4            6   100000000          0
                         sr_l4_ick           2            2   100000000          0
                         ssi_l4_ick           0            0   100000000          0
                            ssi_ick_3430es2           0            0   100000000          0
                         cam_ick           0            1   100000000          0
                         security_l4_ick2           0            0   100000000          0
                            des1_ick           0            0   100000000          0
                            sha11_ick           0            0   100000000          0
                            rng_ick           0            0   100000000          0
                            aes1_ick           0            0   100000000          0
                         per_l4_ick          15           18   100000000          0
                            mcbsp4_ick           2            2   100000000          0
                            mcbsp3_ick           2            2   100000000          0
                            mcbsp2_ick           1            1   100000000          0
                            gpt2_ick           1            1   100000000          0
                            gpt3_ick           1            1   100000000          0
                            gpt4_ick           1            1   100000000          0
                            gpt5_ick           1            1   100000000          0
                            gpt6_ick           1            1   100000000          0
                            gpt7_ick           1            1   100000000          0
                            gpt8_ick           1            1   100000000          0
                            gpt9_ick           1            1   100000000          0
                            uart4_ick           1            1   100000000          0
                            uart3_ick           1            1   100000000          0
                            wdt3_ick           0            0   100000000          0
                            gpio2_ick           0            1   100000000          0
                            gpio3_ick           0            1   100000000          0
                            gpio4_ick           0            1   100000000          0
                            gpio5_ick           1            1   100000000          0
                            gpio6_ick           1            1   100000000          0
                         core_l4_ick          21           23   100000000          0
                            mmchs3_ick           1            1   100000000          0
                            usbtll_ick           1            1   100000000          0
                            mailboxes_ick           0            1   100000000          0
                            mspro_ick           0            0   100000000          0
                            des2_ick           0            0   100000000          0
                            icr_ick           0            0   100000000          0
                            sha12_ick           1            2   100000000          0
                            aes2_ick           1            2   100000000          0
                            omapctrl_ick           1            1   100000000          0
                            mcbsp1_ick           1            1   100000000          0
                            mcbsp5_ick           1            1   100000000          0
                            gpt10_ick           1            1   100000000          0
                            gpt11_ick           1            1   100000000          0
                            uart1_ick           1            1   100000000          0
                            uart2_ick           1            1   100000000          0
                            i2c1_ick           1            1   100000000          0
                            i2c2_ick           1            1   100000000          0
                            i2c3_ick           1            1   100000000          0
                            mcspi1_ick           1            1   100000000          0
                            mcspi2_ick           1            1   100000000          0
                            mcspi3_ick           1            1   100000000          0
                            mcspi4_ick           1            1   100000000          0
                            hdq_ick           0            1   100000000          0
                            mmchs1_ick           1            1   100000000          0
                            mmchs2_ick           1            1   100000000          0
                         rm_ick           0            0    50000000          0
                   dpll1_fck              0            0   200000000          0
                dpll3_m2x2_ck             0            0   800000000          0
                   corex2_fck             0            0   800000000          0
                      ssi_ssr_fck_3430es2           0            0   266666667          0
                         ssi_sst_fck_3430es2           0            0   133333333          0
                      corex2_d5_fck           0            0   160000000          0
                      corex2_d3_fck           0            0   266666666          0
             dpll3_m3_ck                  0            0   200000000          0
                dpll3_m3x2_mul_ck           0            0   400000000          0
                   dpll3_m3x2_ck           0            0   400000000          0
                      emu_core_alwon_ck           0            0   400000000          0
             dpll3_x2_ck                  0            0   800000000          0
          dpll4_ck                        1            3   864000000          0
             dpll4_m6_ck                  0            0   288000000          0
                dpll4_m6x2_mul_ck           0            0   288000000          0
                   dpll4_m6x2_ck           0            0   288000000          0
                      emu_per_alwon_ck           0            0   288000000          0
             dpll4_m5_ck                  0            0   216000000          0
                dpll4_m5x2_mul_ck           0            0   216000000          0
                   dpll4_m5x2_ck           0            0   216000000          0
                      cam_mclk            0            0   216000000          0
             dpll4_m4_ck                  0            1    96000000          0
                dpll4_m4x2_mul_ck           0            1    96000000          0
                   dpll4_m4x2_ck           0            1    96000000          0
                      dss1_alwon_fck_3430es2           0            4    96000000          0
             dpll4_m3_ck                  0            1    54000000          0
                dpll4_m3x2_mul_ck           0            1    54000000          0
                   dpll4_m3x2_ck           0            1    54000000          0
                      omap_54m_fck           0            1    54000000          0
                         dss_tv_fck           0            2    54000000          0
                         clkout2_src_ck           0            0    54000000          0
                            sys_clkout2           0            0    54000000          0
             dpll4_m2_ck                  1            1    96000000          0
                dpll4_m2x2_mul_ck           1            1    96000000          0
                   dpll4_m2x2_ck           1            1    96000000          0
                      omap_192m_alwon_fck           0            0    96000000          0
                      omap_96m_alwon_fck           1            2    96000000          0
                         per_96m_fck           0            6    96000000          0
                            mcbsp4_fck           0            1    96000000          0
                            mcbsp3_fck           0            2    96000000          0
                            mcbsp2_fck           0            2    96000000          0
                         cm_96m_fck           1            2    96000000          0
                            cm_96m_d2_fck           1            1    48000000          0
                               omap_48m_fck           2            4    48000000          0
                                  usbhost_48m_fck           0            1    48000000          0
                                  per_48m_fck           2            2    48000000          0
                                     uart4_fck           1            1    48000000          0
                                     uart3_fck           1            1    48000000          0
                                  core_48m_fck           2            6    48000000          0
                                     uart1_fck           1            1    48000000          0
                                     uart2_fck           1            1    48000000          0
                                     mcspi1_fck           0            1    48000000          0
                                     mcspi2_fck           0            1    48000000          0
                                     mcspi3_fck           0            1    48000000          0
                                     mcspi4_fck           0            1    48000000          0
                                  omap_12m_fck           0            1    12000000          0
                                     core_12m_fck           0            1    12000000          0
                                        hdq_fck             0            1    12000000          0
                            omap_96m_fck           0            2    96000000          0
                               omap_96m_d10_fck           0            0     9600000          0
                               omap_96m_d8_fck           0            0    12000000          0
                               omap_96m_d4_fck           0            0    24000000          0
                               omap_96m_d2_fck           0            0    48000000          0
                               dss_96m_fck           0            2    96000000          0
                               core_96m_fck           0           10    96000000          0
                                  mcbsp1_fck           0            1    96000000          0
                                  mcbsp5_fck           0            1    96000000          0
                                  mmchs3_fck           0            1    96000000          0
                                  mspro_fck           0            0    96000000          0
                                  csi2_96m_fck           0            0    96000000          0
                                  i2c1_fck           0            1    96000000          0
                                  i2c2_fck           0            1    96000000          0
                                  i2c3_fck           0            1    96000000          0
                                  mmchs1_fck           0            1    96000000          0
                                  mmchs2_fck           0            1    96000000          0
             dpll4_x2_ck                  0            0  1728000000          0
          wkup_l4_ick                     4            5    13000000          0
             usim_ick                     0            0    13000000          0
             gpt1_ick                     1            1    13000000          0
             gpt12_ick                    1            1    13000000          0
             omap_32ksync_ick             1            1    13000000          0
             gpio1_ick                    0            1    13000000          0
             wdt1_ick                     0            0    13000000          0
             wdt2_ick                     1            1    13000000          0
 virt_19200000_ck                         0            0    19200000          0
 virt_13m_ck                              0            0    13000000          0
 virt_12m_ck                              0            0    12000000          0
 omap_32k_fck                             2            8       32768          0
    gpt1_fck                              1            1       32768          0
    ts_fck                                0            0       32768          0
    per_32k_alwon_fck                     0            5       32768          0
       wdt3_fck                           0            0       32768          0
       gpio2_dbck                         0            1       32768          0
       gpio3_dbck                         0            1       32768          0
       gpio4_dbck                         0            1       32768          0
       gpio5_dbck                         0            1       32768          0
       gpio6_dbck                         0            1       32768          0
    wkup_32k_fck                          1            3       32768          0
       wdt2_fck                           0            1       32768          0
       gpio1_dbck                         0            1       32768          0
    gpt11_fck                             0            1       32768          0
    gpt10_fck                             0            1       32768          0
 dummy_apb_pclk                           0            0           0          0
 virt_16_8m_ck                            0            0    16800000          0
=======
Orphan Clks:
=======
Hello World Board Booted
root@am37x-evm:/test# 
- 06:37:02 [INFO] Host: cat stderr.log
- 06:37:02 [INFO] Target: 
cat stderr.log
ls: /sys/kernel/debug/clk/orphans/: No such file or directory
root@am37x-evm:/test# 
- 06:37:02 [INFO] Host: cat result.log
- 06:37:04 [ERROR] On command: cat result.log waiting for (?m-ix:^1[\0\n\r]+) >>> error: execution expired
- 06:37:04 [INFO] Target: 
cat result.log
root@am37x-evm:/test# 
- 06:37:04 [INFO] Host: cd /test
- 06:37:05 [INFO] Target: 
cd /test
root@am37x-evm:/test# 
