- 06:37:34 [INFO] Starting target session
- 06:37:35 [INFO] Connected to am437x-sk via serial 
- 06:37:35 [INFO] Host: #check prompt
- 06:37:38 [ERROR] On command: #check prompt waiting for #check prompt.+?(?-mix:((?-mix:login:)|[Pp]assword)) >>> error: execution expired
- 06:37:38 [INFO] Target: 
- 06:37:38 [INFO] Host: #check prompt
- 06:37:40 [ERROR] On command: #check prompt waiting for #check prompt.+?(?-mix:[\w\d]+@.+[@:#]+) >>> error: execution expired
- 06:37:40 [INFO] Target: 
- 06:37:40 [INFO] Disconnected serial from am437x-sk
- 06:37:41 [INFO] Connected to am437x-sk via serial 
- 06:37:41 [INFO] Host: 
- 06:37:42 [ERROR] On command:  waiting for (?-mix:U-Boot#) >>> error: execution expired
- 06:37:42 [INFO] Target: 
- 06:37:42 [INFO] Host: 
- 06:37:42 [ERROR] On command:  waiting for (?-mix:U-Boot#) >>> error: execution expired
- 06:37:42 [INFO] Target: 
SPL: Please implement spl_start_uboot() for your board
SPL: Direct Linux boot not active!
reading u-boot.img
reading u-boot.img
U-Boot 2015.01-rc3-00069-gfc9b0b8 (Dec 12 2014 - 16:12:50)
I2C:   ready
DRAM:  1 GiB
PMIC:  TPS65218
MMC:   OMAP SD/MMC: 0, OMAP SD/MMC: 1
- 06:37:42 [INFO] Host: 
- 06:37:43 [INFO] Target: 
reading uboot.env
** Unable to read "uboot.env" from mmc0:1 **
Using default environment
Net:   <ethaddr> not set. Validating first E-fuse MAC
cpsw
Hit any key to stop autoboot:  1  0 
U-Boot# 
- 06:37:43 [INFO] Host: 
- 06:37:43 [INFO] Target: 
U-Boot# 
- 06:37:43 [INFO] Host: version
- 06:37:44 [INFO] Target: 
version
U-Boot 2015.01-rc3-00069-gfc9b0b8 (Dec 12 2014 - 16:12:50)
arm-linux-gnueabihf-gcc (crosstool-NG linaro-1.13.1-4.7-2013.03-20130313 - Linaro GCC 2013.03) 4.7.3 20130226 (prerelease)
GNU ld (crosstool-NG linaro-1.13.1-4.7-2013.03-20130313 - Linaro GCC 2013.03) 2.23.1
U-Boot# 
- 06:37:44 [INFO] Host: setenv bootargs 'console=ttyO0,115200n8 earlyprintk rootwait '
- 06:37:44 [INFO] Target: 
setenv bootargs 'console=ttyO0,115200n8 earlyprintk rootwait '
U-Boot# 
- 06:37:44 [INFO] Host: setenv bootcmd  ''
- 06:37:45 [INFO] Target: 
setenv bootcmd  ''
U-Boot# 
- 06:37:45 [INFO] Host: setenv autoload 'no'
- 06:37:45 [INFO] Target: 
setenv autoload 'no'
U-Boot# 
- 06:37:45 [INFO] Host: setenv serverip '192.168.0.1'
- 06:37:46 [INFO] Target: 
setenv serverip '192.168.0.1'
U-Boot# 
- 06:37:46 [INFO] Host: printenv
- 06:37:46 [INFO] Target: 
printenv
arch=arm
autoload=no
baudrate=115200
board=am43xx
board_name=AM43__SK
board_rev=1.0A
bootargs=console=ttyO0,115200n8 earlyprintk rootwait 
bootcmd=
bootdelay=1
bootdir=/boot
bootenv=uEnv.txt
bootfile=zImage
bootm_size=0x10000000
bootpart=0:2
console=ttyO0,115200n8
cpu=armv7
eth1addr=34:b1:f7:31:45:59
ethact=cpsw
ethaddr=34:b1:f7:31:45:57
fdt_addr_r=0x88000000
fdtaddr=0x88000000
fdtfile=undefined
findfdt=if test $board_name = AM43EPOS; then setenv fdtfile am43x-epos-evm.dtb; fi; if test $board_name = AM43__GP; then setenv fdtfile am437x-gp-evm.dtb; fi; if test $board_name = AM43__SK; then setenv fdtfile am437x-sk-evm.dtb; fi; if test $fdtfile = undefined; then echo WARNING: Could not determine device tree; fi; 
importbootenv=echo Importing environment from mmc ...; env import -t $loadaddr $filesize
kernel_addr_r=0x82000000
loadaddr=0x82000000
loadbootenv=load ${devtype} ${devnum} ${loadaddr} ${bootenv}
loadfdt=load ${devtype} ${bootpart} ${fdtaddr} ${bootdir}/${fdtfile}
loadimage=load ${devtype} ${bootpart} ${loadaddr} ${bootdir}/${bootfile}
loadramdisk=load ${devtype} ${devnum} ${rdaddr} ramdisk.gz
mmcargs=setenv bootargs console=${console} ${optargs} root=${mmcroot} rootfstype=${mmcrootfstype}
mmcboot=mmc dev ${mmcdev}; setenv devnum ${mmcdev}; setenv devtype mmc; if mmc rescan; then echo SD/MMC found on device ${devnum};if run loadbootenv; then echo Loaded environment from ${bootenv};run importbootenv;fi;if test -n $uenvcmd; then echo Running uenvcmd ...;run uenvcmd;fi;if run loadimage; then run loadfdt; echo Booting from mmc${mmcdev} ...; run mmcargs; bootz ${loadaddr} - ${fdtaddr}; fi;fi;
mmcdev=0
mmcroot=/dev/mmcblk0p2 rw
mmcrootfstype=ext4 rootwait
partitions=uuid_disk=${uuid_gpt_disk};name=rootfs,start=2MiB,size=-,uuid=${uuid_gpt_rootfs}
ramargs=setenv bootargs console=${console} ${optargs} root=${ramroot} rootfstype=${ramrootfstype}
ramdisk_addr_r=0x88080000
ramroot=/dev/ram0 rw
ramrootfstype=ext2
rdaddr=0x88080000
serverip=192.168.0.1
soc=am33xx
stderr=serial
stdin=serial
stdout=serial
usbargs=setenv bootargs console=${console} ${optargs} root=${usbroot} rootfstype=${usbrootfstype}
usbboot=setenv devnum ${usbdev}; setenv devtype usb; usb start ${usbdev}; if usb dev ${usbdev}; then if run loadbootenv; then echo Loaded environment from ${bootenv};run importbootenv;fi;if test -n $uenvcmd; then echo Running uenvcmd ...;run uenvcmd;fi;if run loadimage; then run loadfdt; echo Booting from usb ${usbdev}...; run usbargs;bootz ${loadaddr} - ${fdtaddr}; fi;fi
usbdev=0
usbroot=/dev/sda2 rw
usbrootfstype=ext4 rootwait
vendor=ti
ver=U-Boot 2015.01-rc3-00069-gfc9b0b8 (Dec 12 2014 - 16:12:50)
Environment size: 2741/65532 bytes
U-Boot# 
- 06:37:46 [INFO] Host: printenv
- 06:37:47 [INFO] Target: 
printenv
arch=arm
autoload=no
baudrate=115200
board=am43xx
board_name=AM43__SK
board_rev=1.0A
bootargs=console=ttyO0,115200n8 earlyprintk rootwait 
bootcmd=
bootdelay=1
bootdir=/boot
bootenv=uEnv.txt
bootfile=zImage
bootm_size=0x10000000
bootpart=0:2
console=ttyO0,115200n8
cpu=armv7
eth1addr=34:b1:f7:31:45:59
ethact=cpsw
ethaddr=34:b1:f7:31:45:57
fdt_addr_r=0x88000000
fdtaddr=0x88000000
fdtfile=undefined
findfdt=if test $board_name = AM43EPOS; then setenv fdtfile am43x-epos-evm.dtb; fi; if test $board_name = AM43__GP; then setenv fdtfile am437x-gp-evm.dtb; fi; if test $board_name = AM43__SK; then setenv fdtfile am437x-sk-evm.dtb; fi; if test $fdtfile = undefined; then echo WARNING: Could not determine device tree; fi; 
importbootenv=echo Importing environment from mmc ...; env import -t $loadaddr $filesize
kernel_addr_r=0x82000000
loadaddr=0x82000000
loadbootenv=load ${devtype} ${devnum} ${loadaddr} ${bootenv}
loadfdt=load ${devtype} ${bootpart} ${fdtaddr} ${bootdir}/${fdtfile}
loadimage=load ${devtype} ${bootpart} ${loadaddr} ${bootdir}/${bootfile}
loadramdisk=load ${devtype} ${devnum} ${rdaddr} ramdisk.gz
mmcargs=setenv bootargs console=${console} ${optargs} root=${mmcroot} rootfstype=${mmcrootfstype}
mmcboot=mmc dev ${mmcdev}; setenv devnum ${mmcdev}; setenv devtype mmc; if mmc rescan; then echo SD/MMC found on device ${devnum};if run loadbootenv; then echo Loaded environment from ${bootenv};run importbootenv;fi;if test -n $uenvcmd; then echo Running uenvcmd ...;run uenvcmd;fi;if run loadimage; then run loadfdt; echo Booting from mmc${mmcdev} ...; run mmcargs; bootz ${loadaddr} - ${fdtaddr}; fi;fi;
mmcdev=0
mmcroot=/dev/mmcblk0p2 rw
mmcrootfstype=ext4 rootwait
partitions=uuid_disk=${uuid_gpt_disk};name=rootfs,start=2MiB,size=-,uuid=${uuid_gpt_rootfs}
ramargs=setenv bootargs console=${console} ${optargs} root=${ramroot} rootfstype=${ramrootfstype}
ramdisk_addr_r=0x88080000
ramroot=/dev/ram0 rw
ramrootfstype=ext2
rdaddr=0x88080000
serverip=192.168.0.1
soc=am33xx
stderr=serial
stdin=serial
stdout=serial
usbargs=setenv bootargs console=${console} ${optargs} root=${usbroot} rootfstype=${usbrootfstype}
usbboot=setenv devnum ${usbdev}; setenv devtype usb; usb start ${usbdev}; if usb dev ${usbdev}; then if run loadbootenv; then echo Loaded environment from ${bootenv};run importbootenv;fi;if test -n $uenvcmd; then echo Running uenvcmd ...;run uenvcmd;fi;if run loadimage; then run loadfdt; echo Booting from usb ${usbdev}...; run usbargs;bootz ${loadaddr} - ${fdtaddr}; fi;fi
usbdev=0
usbroot=/dev/sda2 rw
usbrootfstype=ext4 rootwait
vendor=ti
ver=U-Boot 2015.01-rc3-00069-gfc9b0b8 (Dec 12 2014 - 16:12:50)
Environment size: 2741/65532 bytes
U-Boot# 
- 06:37:47 [INFO] Host: setenv bootargs ''${bootargs}' ip=dhcp '
- 06:37:47 [INFO] Target: 
setenv bootargs ''${bootargs}' ip=dhcp '
U-Boot# 
- 06:37:47 [INFO] Host: setenv serverip '192.168.0.1'
- 06:37:48 [INFO] Target: 
setenv serverip '192.168.0.1'
U-Boot# 
- 06:37:48 [INFO] Host: setenv ipaddr dhcp
- 06:37:48 [INFO] Target: 
setenv ipaddr dhcp
U-Boot# 
- 06:37:48 [INFO] Host: setenv autoload 'no'
- 06:37:49 [INFO] Target: 
setenv autoload 'no'
U-Boot# 
- 06:37:49 [INFO] Host: dhcp
- 06:37:50 [INFO] Target: 
dhcp
link up on port 0, speed 1000, full duplex
BOOTP broadcast 1
BOOTP broadcast 2
BOOTP broadcast 3
DHCP client bound to address 192.168.0.84 (1051 ms)
U-Boot# 
- 06:37:50 [INFO] Host: setenv serverip '192.168.0.1'
- 06:37:51 [INFO] Target: 
setenv serverip '192.168.0.1'
U-Boot# 
- 06:37:51 [INFO] Host: tftp ${loadaddr} 192.168.0.1:vatf_am437x-sk2/b880c4180caf1a18f0ba82e081e03e86
- 06:37:51 [INFO] Target: 
tftp ${loadaddr} 192.168.0.1:vatf_am437x-sk2/b880c4180caf1a18f0ba82e081e03e86
link up on port 0, speed 1000, full duplex
Using cpsw device
TFTP from server 192.168.0.1; our IP address is 192.168.0.84
Filename 'vatf_am437x-sk2/b880c4180caf1a18f0ba82e081e03e86'.
Load address: 0x82000000
Loading: *#################################################################
	 #################################################################
	 #################################################################
	 #################################################################
	 ######################################################
	 10 MiB/s
done
Bytes transferred = 4608648 (465288 hex)
U-Boot# 
- 06:37:51 [INFO] Host: tftp ${fdt_addr_r} 192.168.0.1:vatf_am437x-sk2/438ce3b11d5af103fc0cd3a16820d2fa
- 06:37:52 [INFO] Target: 
tftp ${fdt_addr_r} 192.168.0.1:vatf_am437x-sk2/438ce3b11d5af103fc0cd3a16820d2fa
link up on port 0, speed 1000, full duplex
Using cpsw device
TFTP from server 192.168.0.1; our IP address is 192.168.0.84
Filename 'vatf_am437x-sk2/438ce3b11d5af103fc0cd3a16820d2fa'.
Load address: 0x88000000
Loading: *###
	 6.2 MiB/s
done
Bytes transferred = 39152 (98f0 hex)
U-Boot# 
- 06:37:52 [INFO] Host: ls mmc 0:1
- 06:37:52 [INFO] Target: 
ls mmc 0:1
   113540   mlo 
     1164   readme 
   302128   u-boot.img 
       13   .ipaddr 
        4   ws-calibrate.rules 
5 file(s), 0 dir(s)
U-Boot# 
- 06:37:52 [INFO] Host: ls mmc 0:2
- 06:37:53 [INFO] Target: 
ls mmc 0:2
<DIR>       4096 .
<DIR>       4096 ..
<DIR>       4096 lost+found
<DIR>       4096 bin
<DIR>       4096 boot
<DIR>       4096 dev
<DIR>       4096 etc
<DIR>       4096 home
<DIR>       4096 lib
<DIR>       4096 media
<DIR>       4096 mnt
<DIR>       4096 opt
<DIR>       4096 proc
<DIR>       4096 run
<DIR>       4096 sbin
<DIR>       4096 srv
<DIR>       4096 sys
<SYM>          8 tmp
<DIR>       4096 usr
<DIR>       4096 var
<DIR>       4096 www
<DIR>       4096 test
U-Boot# 
- 06:37:53 [INFO] Host: part uuid mmc 0:2
- 06:37:53 [INFO] Target: 
part uuid mmc 0:2
00000000-02
U-Boot# 
- 06:37:53 [INFO] Host: printenv
- 06:37:54 [INFO] Target: 
printenv
arch=arm
autoload=no
baudrate=115200
board=am43xx
board_name=AM43__SK
board_rev=1.0A
bootargs=console=ttyO0,115200n8 earlyprintk rootwait  ip=dhcp 
bootcmd=
bootdelay=1
bootdir=/boot
bootenv=uEnv.txt
bootfile=zImage
bootm_size=0x10000000
bootpart=0:2
console=ttyO0,115200n8
cpu=armv7
dnsip=192.0.2.2
dnsip2=192.0.2.3
eth1addr=34:b1:f7:31:45:59
ethact=cpsw
ethaddr=34:b1:f7:31:45:57
fdt_addr_r=0x88000000
fdtaddr=0x88000000
fdtfile=undefined
fileaddr=88000000
filesize=98f0
findfdt=if test $board_name = AM43EPOS; then setenv fdtfile am43x-epos-evm.dtb; fi; if test $board_name = AM43__GP; then setenv fdtfile am437x-gp-evm.dtb; fi; if test $board_name = AM43__SK; then setenv fdtfile am437x-sk-evm.dtb; fi; if test $fdtfile = undefined; then echo WARNING: Could not determine device tree; fi; 
gatewayip=192.168.0.1
importbootenv=echo Importing environment from mmc ...; env import -t $loadaddr $filesize
ipaddr=192.168.0.84
kernel_addr_r=0x82000000
loadaddr=0x82000000
loadbootenv=load ${devtype} ${devnum} ${loadaddr} ${bootenv}
loadfdt=load ${devtype} ${bootpart} ${fdtaddr} ${bootdir}/${fdtfile}
loadimage=load ${devtype} ${bootpart} ${loadaddr} ${bootdir}/${bootfile}
loadramdisk=load ${devtype} ${devnum} ${rdaddr} ramdisk.gz
mmcargs=setenv bootargs console=${console} ${optargs} root=${mmcroot} rootfstype=${mmcrootfstype}
mmcboot=mmc dev ${mmcdev}; setenv devnum ${mmcdev}; setenv devtype mmc; if mmc rescan; then echo SD/MMC found on device ${devnum};if run loadbootenv; then echo Loaded environment from ${bootenv};run importbootenv;fi;if test -n $uenvcmd; then echo Running uenvcmd ...;run uenvcmd;fi;if run loadimage; then run loadfdt; echo Booting from mmc${mmcdev} ...; run mmcargs; bootz ${loadaddr} - ${fdtaddr}; fi;fi;
mmcdev=0
mmcroot=/dev/mmcblk0p2 rw
mmcrootfstype=ext4 rootwait
netmask=255.255.255.0
partitions=uuid_disk=${uuid_gpt_disk};name=rootfs,start=2MiB,size=-,uuid=${uuid_gpt_rootfs}
ramargs=setenv bootargs console=${console} ${optargs} root=${ramroot} rootfstype=${ramrootfstype}
ramdisk_addr_r=0x88080000
ramroot=/dev/ram0 rw
ramrootfstype=ext2
rdaddr=0x88080000
serverip=192.168.0.1
soc=am33xx
stderr=serial
stdin=serial
stdout=serial
usbargs=setenv bootargs console=${console} ${optargs} root=${usbroot} rootfstype=${usbrootfstype}
usbboot=setenv devnum ${usbdev}; setenv devtype usb; usb start ${usbdev}; if usb dev ${usbdev}; then if run loadbootenv; then echo Loaded environment from ${bootenv};run importbootenv;fi;if test -n $uenvcmd; then echo Running uenvcmd ...;run uenvcmd;fi;if run loadimage; then run loadfdt; echo Booting from usb ${usbdev}...; run usbargs;bootz ${loadaddr} - ${fdtaddr}; fi;fi
usbdev=0
usbroot=/dev/sda2 rw
usbrootfstype=ext4 rootwait
vendor=ti
ver=U-Boot 2015.01-rc3-00069-gfc9b0b8 (Dec 12 2014 - 16:12:50)
Environment size: 2893/65532 bytes
U-Boot# 
- 06:37:54 [INFO] Host: setenv bootargs ''${bootargs}' root=PARTUUID=00000000-02 rw rootfstype=ext4 rootwait '
- 06:37:54 [INFO] Target: 
setenv bootargs ''${bootargs}' root=PARTUUID=00000000-02 rw rootfstype=ext4 rootwait '
U-Boot# 
- 06:37:54 [INFO] Host: printenv
- 06:37:55 [INFO] Target: 
printenv
arch=arm
autoload=no
baudrate=115200
board=am43xx
board_name=AM43__SK
board_rev=1.0A
bootargs=console=ttyO0,115200n8 earlyprintk rootwait  ip=dhcp  root=PARTUUID=00000000-02 rw rootfstype=ext4 rootwait 
bootcmd=
bootdelay=1
bootdir=/boot
bootenv=uEnv.txt
bootfile=zImage
bootm_size=0x10000000
bootpart=0:2
console=ttyO0,115200n8
cpu=armv7
dnsip=192.0.2.2
dnsip2=192.0.2.3
eth1addr=34:b1:f7:31:45:59
ethact=cpsw
ethaddr=34:b1:f7:31:45:57
fdt_addr_r=0x88000000
fdtaddr=0x88000000
fdtfile=undefined
fileaddr=88000000
filesize=98f0
findfdt=if test $board_name = AM43EPOS; then setenv fdtfile am43x-epos-evm.dtb; fi; if test $board_name = AM43__GP; then setenv fdtfile am437x-gp-evm.dtb; fi; if test $board_name = AM43__SK; then setenv fdtfile am437x-sk-evm.dtb; fi; if test $fdtfile = undefined; then echo WARNING: Could not determine device tree; fi; 
gatewayip=192.168.0.1
importbootenv=echo Importing environment from mmc ...; env import -t $loadaddr $filesize
ipaddr=192.168.0.84
kernel_addr_r=0x82000000
loadaddr=0x82000000
loadbootenv=load ${devtype} ${devnum} ${loadaddr} ${bootenv}
loadfdt=load ${devtype} ${bootpart} ${fdtaddr} ${bootdir}/${fdtfile}
loadimage=load ${devtype} ${bootpart} ${loadaddr} ${bootdir}/${bootfile}
loadramdisk=load ${devtype} ${devnum} ${rdaddr} ramdisk.gz
mmcargs=setenv bootargs console=${console} ${optargs} root=${mmcroot} rootfstype=${mmcrootfstype}
mmcboot=mmc dev ${mmcdev}; setenv devnum ${mmcdev}; setenv devtype mmc; if mmc rescan; then echo SD/MMC found on device ${devnum};if run loadbootenv; then echo Loaded environment from ${bootenv};run importbootenv;fi;if test -n $uenvcmd; then echo Running uenvcmd ...;run uenvcmd;fi;if run loadimage; then run loadfdt; echo Booting from mmc${mmcdev} ...; run mmcargs; bootz ${loadaddr} - ${fdtaddr}; fi;fi;
mmcdev=0
mmcroot=/dev/mmcblk0p2 rw
mmcrootfstype=ext4 rootwait
netmask=255.255.255.0
partitions=uuid_disk=${uuid_gpt_disk};name=rootfs,start=2MiB,size=-,uuid=${uuid_gpt_rootfs}
ramargs=setenv bootargs console=${console} ${optargs} root=${ramroot} rootfstype=${ramrootfstype}
ramdisk_addr_r=0x88080000
ramroot=/dev/ram0 rw
ramrootfstype=ext2
rdaddr=0x88080000
serverip=192.168.0.1
soc=am33xx
stderr=serial
stdin=serial
stdout=serial
usbargs=setenv bootargs console=${console} ${optargs} root=${usbroot} rootfstype=${usbrootfstype}
usbboot=setenv devnum ${usbdev}; setenv devtype usb; usb start ${usbdev}; if usb dev ${usbdev}; then if run loadbootenv; then echo Loaded environment from ${bootenv};run importbootenv;fi;if test -n $uenvcmd; then echo Running uenvcmd ...;run uenvcmd;fi;if run loadimage; then run loadfdt; echo Booting from usb ${usbdev}...; run usbargs;bootz ${loadaddr} - ${fdtaddr}; fi;fi
usbdev=0
usbroot=/dev/sda2 rw
usbrootfstype=ext4 rootwait
vendor=ti
ver=U-Boot 2015.01-rc3-00069-gfc9b0b8 (Dec 12 2014 - 16:12:50)
Environment size: 2948/65532 bytes
U-Boot# 
- 06:37:55 [INFO] Host: setenv bootcmd ''${bootcmd}' if iminfo ${loadaddr}; then bootm ${loadaddr} - ${fdt_addr_r}; else bootz ${loadaddr} - ${fdt_addr_r}; bootm ${loadaddr} - ${fdt_addr_r}; fi'
- 06:37:55 [INFO] Target: 
setenv bootcmd ''${bootcmd}' if iminfo ${loadaddr}; then bootm ${loadaddr} - ${fdt_addr_r}; else bootz ${loadaddr} - ${fdt_addr_r}; bootm ${loadaddr} - ${fdt_addr_r}; fi'
U-Boot# 
- 06:37:55 [INFO] Host: bdinfo
- 06:37:56 [INFO] Target: 
bdinfo
arch_number = 0x00000000
boot_params = 0x80000100
DRAM bank   = 0x00000000
-> start    = 0x80000000
-> size     = 0x40000000
eth0name    = cpsw
ethaddr     = 34:b1:f7:31:45:57
current eth = cpsw
ip_addr     = 192.168.0.84
baudrate    = 115200 bps
TLB addr    = 0xBFFF0000
relocaddr   = 0xBFF4C000
reloc off   = 0x3F74C000
irq_sp      = 0xBEF3BEE0
sp start    = 0xBEF3BED0
U-Boot# 
- 06:37:56 [INFO] Host: mmc rescan
- 06:37:56 [INFO] Target: 
mmc rescan
U-Boot# 
- 06:37:56 [INFO] Host: fatwrite mmc ${mmcdev}:1 ${loadaddr} ws-calibrate.rules 4
- 06:37:57 [INFO] Target: 
fatwrite mmc ${mmcdev}:1 ${loadaddr} ws-calibrate.rules 4
writing ws-calibrate.rules
4 bytes written
U-Boot# 
- 06:37:57 [INFO] Host: boot
- 06:38:19 [INFO] Target: 
boot
## Checking Image at 82000000 ...
Unknown image format!
Kernel image @ 0x82000000 [ 0x000000 - 0x465288 ]
## Flattened Device Tree blob at 88000000
   Booting using the fdt blob at 0x88000000
   Loading Device Tree to 8fff3000, end 8ffff8ef ... OK
Starting kernel ...
[    0.000000] Booting Linux on physical CPU 0x0
[    0.000000] Initializing cgroup subsys cpuset
[    0.000000] Initializing cgroup subsys cpu
[    0.000000] Initializing cgroup subsys cpuacct
[    0.000000] Linux version 4.0.0-rc2-next-20150306-00002-ga315bce201b8 (nmenon@kahuna) (gcc version 4.6.3 (Ubuntu/Linaro 4.6.3-1ubuntu5) ) #1 SMP Fri Mar 6 05:33:56 CST 2015
[    0.000000] CPU: ARMv7 Processor [412fc09a] revision 10 (ARMv7), cr=10c5387d
[    0.000000] CPU: PIPT / VIPT nonaliasing data cache, VIPT aliasing instruction cache
[    0.000000] Machine model: TI AM437x SK EVM
[    0.000000] cma: Reserved 16 MiB at 0xbf000000
[    0.000000] Memory policy: Data cache writeback
[    0.000000] CPU: All CPU(s) started in SVC mode.
[    0.000000] AM437x ES1.1 (sgx neon )
[    0.000000] PERCPU: Embedded 12 pages/cpu @eeeb8000 s18560 r8192 d22400 u49152
[    0.000000] Built 1 zonelists in Zone order, mobility grouping on.  Total pages: 260434
[    0.000000] Kernel command line: console=ttyO0,115200n8 earlyprintk rootwait  ip=dhcp  root=PARTUUID=00000000-02 rw rootfstype=ext4 rootwait 
[    0.000000] PID hash table entries: 4096 (order: 2, 16384 bytes)
[    0.000000] Dentry cache hash table entries: 131072 (order: 7, 524288 bytes)
[    0.000000] Inode-cache hash table entries: 65536 (order: 6, 262144 bytes)
[    0.000000] Memory: 1004184K/1048576K available (6136K kernel code, 594K rwdata, 2284K rodata, 432K init, 8219K bss, 28008K reserved, 16384K cma-reserved, 253952K highmem)
[    0.000000] Virtual kernel memory layout:
[    0.000000]     vector  : 0xffff0000 - 0xffff1000   (   4 kB)
[    0.000000]     fixmap  : 0xffc00000 - 0xfff00000   (3072 kB)
[    0.000000]     vmalloc : 0xf0000000 - 0xff000000   ( 240 MB)
[    0.000000]     lowmem  : 0xc0000000 - 0xef800000   ( 760 MB)
[    0.000000]     pkmap   : 0xbfe00000 - 0xc0000000   (   2 MB)
[    0.000000]     modules : 0xbf000000 - 0xbfe00000   (  14 MB)
[    0.000000]       .text : 0xc0008000 - 0xc084133c   (8421 kB)
[    0.000000]       .init : 0xc0842000 - 0xc08ae000   ( 432 kB)
[    0.000000]       .data : 0xc08ae000 - 0xc0942ab8   ( 595 kB)
[    0.000000]        .bss : 0xc0942ab8 - 0xc1149888   (8220 kB)
[    0.000000] Running RCU self tests
[    0.000000] Hierarchical RCU implementation.
[    0.000000] 	RCU lockdep checking is enabled.
[    0.000000] 	Additional per-CPU info printed with stalls.
[    0.000000] 	RCU restricting CPUs from NR_CPUS=2 to nr_cpu_ids=1.
[    0.000000] RCU: Adjusting geometry for rcu_fanout_leaf=16, nr_cpu_ids=1
[    0.000000] NR_IRQS:16 nr_irqs:16 16
[    0.000000] GIC CPU mask not found - kernel will fail to boot.
[    0.000000] GIC CPU mask not found - kernel will fail to boot.
[    0.000000] L2C: platform modifies aux control register: 0x0e030000 -> 0x3e430000
[    0.000000] L2C: DT/platform modifies aux control register: 0x0e030000 -> 0x3e430000
[    0.000000] L2C-310 enabling early BRESP for Cortex-A9
[    0.000000] OMAP L2C310: ROM does not support power control setting
[    0.000000] L2C-310 ID prefetch enabled, offset 1 lines
[    0.000000] L2C-310 dynamic clock gating disabled, standby mode disabled
[    0.000000] L2C-310 cache controller enabled, 16 ways, 256 kB
[    0.000000] L2C-310: CACHE_ID 0x410000c9, AUX_CTRL 0x7e430000
[    0.000000] OMAP clockevent source: timer2 at 24000000 Hz
[    0.000012] sched_clock: 32 bits at 24MHz, resolution 41ns, wraps every 178956969942ns
[    0.000064] OMAP clocksource: timer1 at 24000000 Hz
[    0.000757] Console: colour dummy device 80x30
[    0.000803] Lock dependency validator: Copyright (c) 2006 Red Hat, Inc., Ingo Molnar
[    0.000811] ... MAX_LOCKDEP_SUBCLASSES:  8
[    0.000817] ... MAX_LOCK_DEPTH:          48
[    0.000822] ... MAX_LOCKDEP_KEYS:        8191
[    0.000828] ... CLASSHASH_SIZE:          4096
[    0.000834] ... MAX_LOCKDEP_ENTRIES:     32768
[    0.000839] ... MAX_LOCKDEP_CHAINS:      65536
[    0.000845] ... CHAINHASH_SIZE:          32768
[    0.000851]  memory used by lock dependency info: 5167 kB
[    0.000857]  per task-struct memory footprint: 1152 bytes
[    0.000882] Calibrating delay loop... 1987.37 BogoMIPS (lpj=9936896)
[    0.119150] pid_max: default: 32768 minimum: 301
[    0.119457] Security Framework initialized
[    0.119583] Mount-cache hash table entries: 2048 (order: 1, 8192 bytes)
[    0.119598] Mountpoint-cache hash table entries: 2048 (order: 1, 8192 bytes)
[    0.122027] Initializing cgroup subsys blkio
[    0.122063] Initializing cgroup subsys memory
[    0.122135] Initializing cgroup subsys devices
[    0.122210] Initializing cgroup subsys freezer
[    0.122314] Initializing cgroup subsys perf_event
[    0.122375] CPU: Testing write buffer coherency: ok
[    0.123542] CPU0: thread -1, cpu 0, socket 0, mpidr 80000000
[    0.123667] Setting up static identity map for 0x805d2408 - 0x805d2478
[    0.126916] Brought up 1 CPUs
[    0.126933] SMP: Total of 1 processors activated (1987.37 BogoMIPS).
[    0.126943] CPU: All CPU(s) started in SVC mode.
[    0.129840] devtmpfs: initialized
[    0.131661] VFP support v0.3: implementor 41 architecture 3 part 30 variant 9 rev 4
[    0.169085] omap_hwmod: tptc0 using broken dt data from edma
[    0.169477] omap_hwmod: tptc1 using broken dt data from edma
[    0.169782] omap_hwmod: tptc2 using broken dt data from edma
[    0.234767] pinctrl core: initialized pinctrl subsystem
[    0.263791] NET: Registered protocol family 16
[    0.267884] DMA: preallocated 256 KiB pool for atomic coherent allocations
[    0.269772] cpuidle: using governor ladder
[    0.269796] cpuidle: using governor menu
[    0.275606] platform 44e3e000.rtc: Cannot lookup hwmod 'rtc'
[    0.278009] OMAP GPIO hardware version 0.1
[    0.285254] platform 53701000.des: Cannot lookup hwmod 'des'
[    0.289443] platform 48326000.vpfe: Cannot lookup hwmod 'vpfe0'
[    0.292321] No ATAGs?
[    0.292398] hw-breakpoint: found 5 (+1 reserved) breakpoint and 1 watchpoint registers.
[    0.292408] hw-breakpoint: maximum watchpoint size is 4 bytes.
[    0.323687] edma-dma-engine edma-dma-engine.0: TI EDMA DMA engine driver
[    0.326404] SCSI subsystem initialized
[    0.328043] omap_i2c 44e0b000.i2c: could not find pctldev for node /pinmux@44e10800/i2c0_pins, deferring probe
[    0.328078] platform 44e0b000.i2c: Driver omap_i2c requests probe deferral
[    0.328132] omap_i2c 4802a000.i2c: could not find pctldev for node /pinmux@44e10800/i2c1_pins, deferring probe
[    0.328153] platform 4802a000.i2c: Driver omap_i2c requests probe deferral
[    0.331583] Switched to clocksource timer1
[    0.443897] NET: Registered protocol family 2
[    0.445596] TCP established hash table entries: 8192 (order: 3, 32768 bytes)
[    0.445796] TCP bind hash table entries: 8192 (order: 6, 294912 bytes)
[    0.447520] TCP: Hash tables configured (established 8192 bind 8192)
[    0.447939] UDP hash table entries: 512 (order: 3, 40960 bytes)
[    0.448203] UDP-Lite hash table entries: 512 (order: 3, 40960 bytes)
[    0.449225] NET: Registered protocol family 1
[    0.450767] RPC: Registered named UNIX socket transport module.
[    0.450787] RPC: Registered udp transport module.
[    0.450796] RPC: Registered tcp transport module.
[    0.450804] RPC: Registered tcp NFSv4.1 backchannel transport module.
[    0.455052] futex hash table entries: 256 (order: 2, 16384 bytes)
[    0.455264] audit: initializing netlink subsys (disabled)
[    0.455490] audit: type=2000 audit(0.450:1): initialized
[    0.459203] VFS: Disk quotas dquot_6.5.2
[    0.459485] VFS: Dquot-cache hash table entries: 1024 (order 0, 4096 bytes)
[    0.461759] NFS: Registering the id_resolver key type
[    0.462068] Key type id_resolver registered
[    0.462081] Key type id_legacy registered
[    0.462255] jffs2: version 2.2. (NAND) (SUMMARY)   2001-2006 Red Hat, Inc.
[    0.466369] bounce: pool size: 64 pages
[    0.466515] io scheduler noop registered
[    0.466536] io scheduler deadline registered
[    0.466587] io scheduler cfq registered (default)
[    0.469208] pinctrl-single 44e10800.pinmux: 199 pins at pa f9e10800 size 796
[    0.472250] Serial: 8250/16550 driver, 4 ports, IRQ sharing enabled
[    0.476859] omap_uart 44e09000.serial: no wakeirq for uart0
[    0.476905] omap_uart 44e09000.serial: No clock speed specified: using default: 48000000
[    0.477413] 44e09000.serial: ttyO0 at MMIO 0x44e09000 (irq = 23, base_baud = 3000000) is a OMAP UART0
[    1.257744] console [ttyO0] enabled
[    1.286766] brd: module loaded
[    1.304452] loop: module loaded
[    1.309752] mtdoops: mtd device (mtddev=name/number) must be supplied
[    1.321834] mousedev: PS/2 mouse device common for all mice
[    1.327690] i2c /dev entries driver
[    1.331761] Driver 'mmcblk' needs updating - please use bus_type methods
[    1.340149] omap_hsmmc 48060000.mmc: Got CD GPIO
[    1.346199] omap_hsmmc 48060000.mmc: unable to get vmmc regulator -517
[    1.353768] platform 48060000.mmc: Driver omap_hsmmc requests probe deferral
[    1.361415] ledtrig-cpu: registered to indicate activity on CPUs
[    1.368769] oprofile: no performance counters
[    1.374509] oprofile: using timer interrupt.
[    1.379584] Initializing XFRM netlink socket
[    1.384288] NET: Registered protocol family 17
[    1.389004] NET: Registered protocol family 15
[    1.393995] Key type dns_resolver registered
[    1.398657] omap_voltage_late_init: Voltage driver support not added
[    1.405378] sr_dev_init: No voltage domain specified for smartreflex0. Cannot initialize
[    1.413848] sr_dev_init: No voltage domain specified for smartreflex1. Cannot initialize
[    1.423213] ThumbEE CPU extension supported.
[    1.427707] Registering SWP/SWPB emulation handler
[    1.432799] SmartReflex Class3 initialized
[    1.477744] omap_i2c 44e0b000.i2c: bus 0 rev0.12 at 400 kHz
[    1.486858] omap_i2c 4802a000.i2c: bus 1 rev0.12 at 400 kHz
[    1.493682] omap_hsmmc 48060000.mmc: Got CD GPIO
[    1.591538] davinci_mdio 4a101000.mdio: davinci mdio revision 1.6
[    1.597930] davinci_mdio 4a101000.mdio: detected phy mask ffffffcf
[    1.609307] libphy: 4a101000.mdio: probed
[    1.613612] davinci_mdio 4a101000.mdio: phy[4]: device 4a101000.mdio:04, driver unknown
[    1.621994] davinci_mdio 4a101000.mdio: phy[5]: device 4a101000.mdio:05, driver unknown
[    1.631393] cpsw 4a100000.ethernet: Detected MACID = 34:b1:f7:31:45:57
[    1.640388] cpsw 4a100000.ethernet: cpsw: Detected MACID = 34:b1:f7:31:45:59
[    1.649185] drivers/rtc/hctosys.c: unable to open rtc device (rtc0)
[    1.655820] sr_init: No PMIC hook to init smartreflex
[    1.661336] sr_init: platform driver register failed for SR
[    1.685832] net eth0: initializing cpsw version 1.15 (0)
[    1.700949] mmc0: host does not support reading read-only switch, assuming write-enable
[    1.713022] mmc0: new high speed SDHC card at address aaaa
[    1.720710] mmcblk0: mmc0:aaaa SS08G 7.40 GiB 
[    1.729237]  mmcblk0: p1 p2 p3
[    1.772038] net eth0: phy found : id is : 0x221622
[    1.780520] net eth1: initializing cpsw version 1.15 (0)
[    1.861996] net eth1: phy found : id is : 0x221621
[    4.772432] cpsw 4a100000.ethernet eth0: Link is Up - 1Gbps/Full - flow control rx/tx
[    4.801531] Sending DHCP requests ., OK
[    4.852001] IP-Config: Got DHCP answer from 192.168.0.1, my address is 192.168.0.84
[    4.862718] IP-Config: Complete:
[    4.866119]      device=eth0, hwaddr=34:b1:f7:31:45:57, ipaddr=192.168.0.84, mask=255.255.255.0, gw=192.168.0.1
[    4.876772]      host=192.168.0.84, domain=ti.com, nis-domain=(none)
[    4.883454]      bootserver=192.168.0.1, rootserver=192.168.0.1, rootpath=
[    4.890471]      nameserver0=192.0.2.2, nameserver1=192.0.2.3
[    4.925797] EXT4-fs (mmcblk0p2): recovery complete
[    4.931237] EXT4-fs (mmcblk0p2): mounted filesystem with ordered data mode. Opts: (null)
[    4.939999] VFS: Mounted root (ext4 filesystem) on device 179:2.
[    4.956653] devtmpfs: mounted
[    4.960667] Freeing unused kernel memory: 432K (c0842000 - c08ae000)
INIT: version 2.88 booting
Error opening /dev/fb0: No such file or directory
Starting udev
[    5.810833] udevd[74]: starting version 182
[   11.294684] FAT-fs (mmcblk0p1): Volume was not properly unmounted. Some data may be corrupt. Please run fsck.
depmod: ERROR: could not open directory /lib/modules/4.0.0-rc2-next-20150306-00002-ga315bce201b8: No such file or directory
depmod: WARNING: -e needs -E or -F
depmod: ERROR: could not open directory /lib/modules/4.0.0-rc2-next-20150306-00002-ga315bce201b8: No such file or directory
depmod: FATAL: could not search modules: No such file or directory
[   11.724936] EXT4-fs (mmcblk0p2): re-mounted. Opts: data=ordered
Starting Bootlog daemon: bootlogd: cannot allocate pseudo tty: No such file or directory
bootlogd.
[   11.908421] random: dd urandom read with 45 bits of entropy available
Populating dev cache
ALSA: Restoring mixer settings...
/usr/sbin/alsactl: load_state:1729: No soundcards found...
hwclock: can't open '/dev/misc/rtc': No such file or directory
Sat Jan  1 02:17:00 UTC 2000
hwclock: can't open '/dev/misc/rtc': No such file or directory
INIT: Entering runlevel: 5
Configuring network interfaces... udhcpc (v1.22.1) started
[   13.570708] 
[   13.572411] ===============================
[   13.576798] [ INFO: suspicious RCU usage. ]
[   13.581177] 4.0.0-rc2-next-20150306-00002-ga315bce201b8 #1 Not tainted
[   13.588038] -------------------------------
[   13.592440] net/ipv4/fib_trie.c:1550 suspicious rcu_dereference_check() usage!
[   13.600013] 
[   13.600013] other info that might help us debug this:
[   13.600013] 
[   13.608407] 
[   13.608407] rcu_scheduler_active = 1, debug_locks = 0
[   13.615260] 2 locks held by ip/551:
[   13.618912]  #0:  (rtnl_mutex){+.+.+.}, at: [<c04f6780>] rtnetlink_rcv+0xc/0x24
[   13.626626]  #1:  ((inetaddr_chain).rwsem){.+.+.+}, at: [<c005becc>] __blocking_notifier_call_chain+0x2c/0x60
[   13.637094] 
[   13.637094] stack backtrace:
[   13.641685] CPU: 0 PID: 551 Comm: ip Not tainted 4.0.0-rc2-next-20150306-00002-ga315bce201b8 #1
[   13.650789] Hardware name: Generic AM43 (Flattened Device Tree)
[   13.657029] [<c0015454>] (unwind_backtrace) from [<c0011a74>] (show_stack+0x10/0x14)
[   13.665194] [<c0011a74>] (show_stack) from [<c05c994c>] (dump_stack+0x78/0x94)
[   13.672797] [<c05c994c>] (dump_stack) from [<c0562fa4>] (fib_table_flush+0x254/0x278)
[   13.681000] [<c0562fa4>] (fib_table_flush) from [<c055bac4>] (fib_flush+0x2c/0x58)
[   13.688942] [<c055bac4>] (fib_flush) from [<c055bb0c>] (fib_disable_ip+0x1c/0x30)
[   13.696779] [<c055bb0c>] (fib_disable_ip) from [<c055e008>] (fib_inetaddr_event+0xb4/0xb8)
[   13.705450] [<c055e008>] (fib_inetaddr_event) from [<c005bd78>] (notifier_call_chain+0x4c/0x8c)
[   13.714595] [<c005bd78>] (notifier_call_chain) from [<c005bee8>] (__blocking_notifier_call_chain+0x48/0x60)
[   13.724830] [<c005bee8>] (__blocking_notifier_call_chain) from [<c005bf18>] (blocking_notifier_call_chain+0x18/0x20)
[   13.735880] [<c005bf18>] (blocking_notifier_call_chain) from [<c054ea40>] (__inet_del_ifa+0xa0/0x2a4)
[   13.745560] [<c054ea40>] (__inet_del_ifa) from [<c0550088>] (inet_rtm_deladdr+0x130/0x180)
[   13.754239] [<c0550088>] (inet_rtm_deladdr) from [<c04f8110>] (rtnetlink_rcv_msg+0x11c/0x1dc)
[   13.763191] [<c04f8110>] (rtnetlink_rcv_msg) from [<c0508518>] (netlink_rcv_skb+0xbc/0xd8)
[   13.771874] [<c0508518>] (netlink_rcv_skb) from [<c04f678c>] (rtnetlink_rcv+0x18/0x24)
[   13.780177] [<c04f678c>] (rtnetlink_rcv) from [<c0507eb0>] (netlink_unicast+0x180/0x220)
[   13.788677] [<c0507eb0>] (netlink_unicast) from [<c05082fc>] (netlink_sendmsg+0x308/0x360)
[   13.797356] [<c05082fc>] (netlink_sendmsg) from [<c04ca3c0>] (SyS_sendto+0xc4/0xec)
[   13.805395] [<c04ca3c0>] (SyS_sendto) from [<c04ca400>] (SyS_send+0x18/0x20)
[   13.812814] [<c04ca400>] (SyS_send) from [<c000e5e0>] (ret_fast_syscall+0x0/0x4c)
Sending discover...
Sending select for 192.168.0.69...
Lease of 192.168.0.69 obtained, lease time 600
/etc/udhcpc.d/50default: Adding DNS 192.0.2.2
/etc/udhcpc.d/50default: Adding DNS 192.0.2.3
done.
Starting system message bus: dbus.
UIM SYSFS Node Not Found
Starting Dropbear SSH server: dropbear.
Starting telnet daemon.
Starting rpcbind daemon...rpcbind: cannot create socket for udp6
rpcbind: cannot create socket for tcp6
done.
creating NFS state directory: done
starting statd: done
hwclock: can't open '/dev/misc/rtc': No such file or directory
Starting syslogd/klogd: done
Starting thttpd.
Starting Lighttpd Web Server: lighttpd.
2000-01-01 02:17:03: (/scratch/jenkins/coresdk-nightly-build/build-CORTEX_2/arago-tmp-external-linaro-toolchain/work/cortexa9t2hf-vfp-neon-oe-linux-gnueabi/lighttpd/1.4.33-r1/lighttpd-1.4.33/src/log.c.166) server started 
Starting Matrix GUI application.
[   20.997546] random: nonblocking pool is initialized
***************************************************************
***************************************************************
NOTICE: This file system contains the followin GPLv3 packages:
	binutils
	elfutils
	gdbserver
	libdw1
	libelf1
If you do not wish to distribute GPLv3 components please remove
the above packages prior to distribution.  This can be done using
the opkg remove command.  i.e.:
    opkg remove <package>
Where <package> is the name printed in the list above
NOTE: If the package is a dependency of another package you
      will be notified of the dependent packages.  You should
      use the --force-removal-of-dependent-packages option to
      also remove the dependent packages as well
***************************************************************
***************************************************************
Stopping Bootlog daemon: bootlogd.
 _____                    _____           _         _   
|  _  |___ ___ ___ ___   |  _  |___ ___  |_|___ ___| |_ 
|     |  _| .'| . | . |  |   __|  _| . | | | -_|  _|  _|
|__|__|_| |__,|_  |___|  |__|  |_| |___|_| |___|___|_|  
              |___|                    |___|            
Arago Project http://arago-project.org am437x-evm /dev/ttyO0
Arago 2014.10 am437x-evm /dev/ttyO0
am437x-evm login: 
- 06:38:19 [INFO] Host: root
- 06:38:20 [INFO] Target: 
root
root@am437x-evm:~# 
- 06:38:20 [INFO] Host: uname -a
- 06:38:20 [INFO] Target: 
uname -a
Linux am437x-evm 4.0.0-rc2-next-20150306-00002-ga315bce201b8 #1 SMP Fri Mar 6 05:33:56 CST 2015 armv7l GNU/Linux
root@am437x-evm:~# 
- 06:38:20 [INFO] Host: cat /proc/cmdline
- 06:38:21 [INFO] Target: 
cat /proc/cmdline
console=ttyO0,115200n8 earlyprintk rootwait  ip=dhcp  root=PARTUUID=00000000-02 rw rootfstype=ext4 rootwait 
root@am437x-evm:~# 
- 06:38:21 [INFO] Host: uname -a
- 06:38:21 [INFO] Target: 
uname -a
Linux am437x-evm 4.0.0-rc2-next-20150306-00002-ga315bce201b8 #1 SMP Fri Mar 6 05:33:56 CST 2015 armv7l GNU/Linux
root@am437x-evm:~# 
- 06:38:21 [INFO] Host: cat /proc/mtd
- 06:38:22 [INFO] Target: 
cat /proc/mtd
dev:    size   erasesize  name
root@am437x-evm:~# 
- 06:38:31 [INFO] Host: export IPERFHOST=192.168.0.1
- 06:38:31 [INFO] Target: 
export IPERFHOST=192.168.0.1
root@am437x-evm:~# 
- 06:38:31 [INFO] Host: export NFS_SERVER=192.168.0.1
- 06:38:32 [INFO] Target: 
export NFS_SERVER=192.168.0.1
root@am437x-evm:~# 
- 06:38:32 [INFO] Host: export NFS_ROOT_PATH=/home/tigtfarm07/NFS_exports/am437x-sk2
- 06:38:32 [INFO] Target: 
export NFS_ROOT_PATH=/home/tigtfarm07/NFS_exports/am437x-sk2
root@am437x-evm:~# 
- 06:38:32 [INFO] Host: mkdir -p -m 777 /test
- 06:38:33 [INFO] Target: 
mkdir -p -m 777 /test
root@am437x-evm:~# 
- 06:38:33 [INFO] Host: cd /test
- 06:38:33 [INFO] Target: 
cd /test
root@am437x-evm:/test# 
- 06:38:33 [INFO] Host: cat > test.sh << EOF
- 06:38:34 [INFO] Target: 
cat > test.sh << EOF
- 06:38:34 [INFO] Host: failtest() {
- 06:38:34 [INFO] Target: 
failtest() {
- 06:38:34 [INFO] Host:   echo 1 >&3
- 06:38:35 [INFO] Target: 
  echo 1 >&3
- 06:38:35 [INFO] Host: }
- 06:38:35 [INFO] Target: 
- 06:38:35 [INFO] Host: timeout=600
- 06:38:36 [INFO] Target: 
timeout=600
- 06:38:36 [INFO] Host: 
- 06:38:36 [INFO] Target: 
- 06:38:36 [INFO] Host: # Start of user's script logic
- 06:38:37 [INFO] Target: 
# Start of user's script logic
- 06:38:37 [INFO] Host: 
- 06:38:37 [INFO] Target: 
- 06:38:37 [INFO] Host: 
- 06:38:38 [INFO] Target: 
- 06:38:38 [INFO] Host: mount -t proc proc /proc 2>/dev/null;
- 06:38:38 [INFO] Target: 
mount -t proc proc /proc 2>/dev/null;
- 06:38:38 [INFO] Host: 
- 06:38:39 [INFO] Target: 
- 06:38:39 [INFO] Host: mount -t sysfs sys /sys 2>/dev/null;
- 06:38:39 [INFO] Target: 
mount -t sysfs sys /sys 2>/dev/null;
- 06:38:39 [INFO] Host: 
- 06:38:40 [INFO] Target: 
- 06:38:40 [INFO] Host: mount -t debugfs none /sys/kernel/debug 2>/dev/null;
- 06:38:40 [INFO] Target: 
mount -t debugfs none /sys/kernel/debug 2>/dev/null;
- 06:38:40 [INFO] Host: 
- 06:38:41 [INFO] Target: 
- 06:38:41 [INFO] Host: echo 'cpuinfo:';cat /proc/cpuinfo; echo '=======';
- 06:38:41 [INFO] Target: 
echo 'cpuinfo:';cat /proc/cpuinfo; echo '=======';
- 06:38:41 [INFO] Host: 
- 06:38:42 [INFO] Target: 
- 06:38:42 [INFO] Host: echo 'soc info:';head /sys/devices/soc0/* 2>/dev/null; echo '=======';
- 06:38:42 [INFO] Target: 
echo 'soc info:';head /sys/devices/soc0/* 2>/dev/null; echo '=======';
- 06:38:42 [INFO] Host: 
- 06:38:43 [INFO] Target: 
- 06:38:43 [INFO] Host: echo 'DT Model info'; head /proc/device-tree/name /proc/device-tree/model /proc/device-tree/compatible 2>/dev/null;echo; echo '=======';
- 06:38:43 [INFO] Target: 
echo 'DT Model info'; head /proc/device-tree/name /proc/device-tree/model /pro 
c/device-tree/compatible 2>/dev/null;echo; echo '=======';
- 06:38:43 [INFO] Host: 
- 06:38:44 [INFO] Target: 
- 06:38:44 [INFO] Host: echo 'interrupts:';cat /proc/interrupts; echo '=======';
- 06:38:44 [INFO] Target: 
echo 'interrupts:';cat /proc/interrupts; echo '=======';
- 06:38:44 [INFO] Host: 
- 06:38:45 [INFO] Target: 
- 06:38:45 [INFO] Host: echo 'Clk_summary:';cat /sys/kernel/debug/clk/clk_summary; echo '=======';
- 06:38:45 [INFO] Target: 
echo 'Clk_summary:';cat /sys/kernel/debug/clk/clk_summary; echo '=======';
- 06:38:45 [INFO] Host: 
- 06:38:46 [INFO] Target: 
- 06:38:46 [INFO] Host: echo 'Orphan Clks:';ls /sys/kernel/debug/clk/orphans/; echo '=======';
- 06:38:46 [INFO] Target: 
echo 'Orphan Clks:';ls /sys/kernel/debug/clk/orphans/; echo '=======';
- 06:38:46 [INFO] Host: 
- 06:38:47 [INFO] Target: 
- 06:38:47 [INFO] Host: echo "Available frequencies"; cat /sys/devices/system/cpu/cpu0/cpufreq/scaling_available_frequencies 2>/dev/null;echo '=======';
- 06:38:47 [INFO] Target: 
echo "Available frequencies"; cat /sys/devices/system/cpu/cpu0/cpufreq/scaling 
_available_frequencies 2>/dev/null;echo '=======';
- 06:38:47 [INFO] Host: 
- 06:38:48 [INFO] Target: 
- 06:38:48 [INFO] Host: echo 'H''ello World' 'B''oard Booted';
- 06:38:48 [INFO] Target: 
echo 'H''ello World' 'B''oard Booted';
- 06:38:48 [INFO] Host: 
- 06:38:49 [INFO] Target: 
- 06:38:49 [INFO] Host: EOF
- 06:38:49 [INFO] Target: 
root@am437x-evm:/test# 
- 06:38:49 [INFO] Host: cd /test
- 06:38:50 [INFO] Target: 
cd /test
root@am437x-evm:/test# 
- 06:38:50 [INFO] Host: chmod +x test.sh
- 06:38:50 [INFO] Target: 
chmod +x test.sh
root@am437x-evm:/test# 
- 06:38:50 [INFO] Host: ./test.sh 2> stderr.log > stdout.log 3> result.log
- 06:38:51 [INFO] Target: 
./test.sh 2> stderr.log > stdout.log 3> result.log
root@am437x-evm:/test# 
- 06:38:51 [INFO] Host: echo $?
- 06:38:51 [INFO] Target: 
echo $?
root@am437x-evm:/test# 
- 06:38:51 [INFO] Host: cd /test
- 06:38:52 [INFO] Target: 
cd /test
root@am437x-evm:/test# 
- 06:38:52 [INFO] Host: cat stdout.log
- 06:38:53 [INFO] Target: 
cat stdout.log
cpuinfo:
processor	: 0
model name	: ARMv7 Processor rev 10 (v7l)
BogoMIPS	: 1987.37
Features	: half thumb fastmult vfp edsp thumbee neon vfpv3 tls vfpd32 
CPU implementer	: 0x41
CPU architecture: 7
CPU variant	: 0x2
CPU part	: 0xc09
CPU revision	: 10
Hardware	: Generic AM43 (Flattened Device Tree)
Revision	: 0000
Serial		: 0000000000000000
=======
soc info:
==> /sys/devices/soc0/family <==
AM43xx
==> /sys/devices/soc0/machine <==
AM437x
==> /sys/devices/soc0/power <==
==> /sys/devices/soc0/revision <==
ES1.1
==> /sys/devices/soc0/subsystem <==
==> /sys/devices/soc0/type <==
==> /sys/devices/soc0/uevent <==
=======
DT Model info
==> /proc/device-tree/name <==
==> /proc/device-tree/model <==
TI AM437x SK EVM
==> /proc/device-tree/compatible <==
ti,am437x-sk-evmti,am4372ti,am43
=======
interrupts:
           CPU0       
 16:       1973       GIC 100  gp_timer
 18:          0       GIC  41  l3-dbg-irq
 19:          0       GIC  42  l3-app-irq
 20:       2104       GIC  44  edma
 22:         11       GIC  46  edma_error
 23:       4836       GIC 104  OMAP UART0
 35:          0  44e07000.gpio   6  48060000.mmc cd
127:         58       GIC 102  44e0b000.i2c
128:          0       GIC 103  4802a000.i2c
129:       6425       GIC  96  mmc0
131:         39       GIC  73  4a100000.ethernet
132:         10       GIC  74  4a100000.ethernet
137:          0       GIC  36  48080000.elm
143:          1       GIC  39  tps65218
IPI0:          0  CPU wakeup interrupts
IPI1:          0  Timer broadcast interrupts
IPI2:          0  Rescheduling interrupts
IPI3:          0  Function call interrupts
IPI4:          0  Single function call interrupts
IPI5:          0  CPU stop interrupts
IPI6:          0  IRQ work interrupts
IPI7:          0  completion interrupts
Err:          0
=======
Clk_summary:
   clock                         enable_cnt  prepare_cnt        rate   accuracy   phase
----------------------------------------------------------------------------------------
 clk_32k_mosc_ck                          0            0       32768          0 0  
 clk_32k_tpm_ck                           0            0       32768          0 0  
 tclkin_ck                                0            0    26000000          0 0  
 virt_26000000_ck                         0            0    26000000          0 0  
 virt_25000000_ck                         0            0    25000000          0 0  
 virt_24000000_ck                         1            1    24000000          0 0  
    sysboot_freq_sel_ck                   1            1    24000000          0 0  
       sys_clkin_ck                      20           38    24000000          0 0  
          vtp_clk_div                     0            0    12000000          0 0  
          dll_aging_clk_div               0            0     3000000          0 0  
          timer11_fck                     0            1    24000000          0 0  
          timer10_fck                     0            1    24000000          0 0  
          timer9_fck                      0            1    24000000          0 0  
          timer8_fck                      0            1    24000000          0 0  
          dpll_extdev_ck                  0            0    24000000          0 0  
             dpll_extdev_m2_ck            0            0    24000000          0 0  
          timer7_fck                      0            1    24000000          0 0  
          timer6_fck                      0            1    24000000          0 0  
          timer5_fck                      0            1    24000000          0 0  
          timer4_fck                      0            1    24000000          0 0  
          timer3_fck                      0            1    24000000          0 0  
          timer2_fck                      1            1    24000000          0 0  
          timer1_fck                      1            1    24000000          0 0  
          dpll_per_ck                     1            1   960000000          0 0  
             dpll_per_clkdcoldo           0            0   960000000          0 0  
                usb_otg_ss1_refclk960m           0            0   960000000          0 0  
                usb_otg_ss0_refclk960m           0            0   960000000          0 0  
             dpll_per_m2_ck               1            4   192000000          0 0  
                ehrpwm5_tbclk             0            0   192000000          0 0  
                ehrpwm4_tbclk             0            0   192000000          0 0  
                ehrpwm3_tbclk             0            0   192000000          0 0  
                ehrpwm2_tbclk             0            0   192000000          0 0  
                ehrpwm1_tbclk             0            0   192000000          0 0  
                ehrpwm0_tbclk             0            0   192000000          0 0  
                func_12m_clk              0            0    12000000          0 0  
                mmc_clk                   0            3    96000000          0 0  
                clk_24mhz                 0            1    24000000          0 0  
                   clkdiv32k_ck           0            1       32786          0 0  
                      clkdiv32k_ick           0            5       32786          0 0  
                         gpio5_dbclk           0            1       32786          0 0  
                         gpio4_dbclk           0            1       32786          0 0  
                         gpio3_dbclk           0            1       32786          0 0  
                         gpio2_dbclk           0            1       32786          0 0  
                         gpio1_dbclk           0            1       32786          0 0  
                dpll_per_m2_div4_ck           0           12    48000000          0 0  
                dpll_per_m2_div4_wkupdm_ck           1            2    48000000          0 0  
          dpll_disp_ck                    0            1    24000000          0 0  
             dpll_disp_m2_ck              0            1    24000000          0 0  
                disp_clk                  0            3    24000000          0 0  
          dpll_ddr_ck                     0            0   400000000          0 0  
             dpll_ddr_x2_ck               0            0   800000000          0 0  
                dpll_ddr_m4_ck            0            0   800000000          0 0  
             dpll_ddr_m2_ck               0            0   400000000          0 0  
          dpll_mpu_ck                     1            1  1000000000          0 0  
             dpll_mpu_m2_ck               3            3  1000000000          0 0  
          dpll_core_ck                    1            1  1000000000          0 0  
             dpll_core_x2_ck              2            2  2000000000          0 0  
                dpll_core_m6_ck           0            0   500000000          0 0  
                dpll_core_m5_ck           1            1   250000000          0 0  
                   cpsw_cpts_rft_clk           0            0   250000000          0 0  
                   cpsw_50m_clkdiv           0            0   250000000          0 0  
                      cpsw_5m_clkdiv           0            0    25000000          0 0  
                   cpsw_125mhz_gclk           3            3   125000000          0 0  
                dpll_core_m4_ck           6            6   200000000          0 0  
                   l4hs_gclk              1            1   200000000          0 0  
                   l3_gclk               13           14   200000000          0 0  
                   sysclk_div             1            3   200000000          0 0  
                      div_core_25m_ck           0            0    25000000          0 0  
                      gfx_fclk_clksel_ck           0            1   200000000          0 0  
                         gfx_fck_div_ck           0            1   200000000          0 0  
                      dpll_core_m4_div2_ck           3            3   100000000          0 0  
                         l4ls_gclk          62           88   100000000          0 0  
                         l3s_gclk          12           15   100000000          0 0  
                      pruss_ocp_gclk           0            1   200000000          0 0  
          aes0_fck                        1            2    24000000          0 0  
          sha0_fck                        1            1    24000000          0 0  
          smartreflex1_fck                0            1    24000000          0 0  
          smartreflex0_fck                0            1    24000000          0 0  
          mcasp1_fck                      0            1    24000000          0 0  
          mcasp0_fck                      0            1    24000000          0 0  
          dcan1_fck                       0            1    24000000          0 0  
          dcan0_fck                       0            1    24000000          0 0  
          adc_tsc_fck                     0            1    24000000          0 0  
 virt_19200000_ck                         0            0    19200000          0 0  
    crystal_freq_sel_ck                   0            0    19200000          0 0  
 clk_rc32k_ck                             0            2       32768          0 0  
    gpio0_dbclk_mux_ck                    0            1       32768          0 0  
       gpio0_dbclk                        0            1       32768          0 0  
    wdt1_fck                              0            1       32768          0 0  
 clk_32768_ck                             0            1       32768          0 0  
    mux_synctimer32k_ck                   0            1       32768          0 0  
       synctimer_32kclk                   0            1       32768          0 0  
    usbphy_32khz_clkmux                   0            0       32768          0 0  
       usb_phy1_always_on_clk32k           0            0       32768          0 0  
       usb_phy0_always_on_clk32k           0            0       32768          0 0  
=======
Orphan Clks:
=======
Available frequencies
=======
Hello World Board Booted
root@am437x-evm:/test# 
- 06:38:53 [INFO] Host: cat stderr.log
- 06:38:53 [INFO] Target: 
cat stderr.log
ls: /sys/kernel/debug/clk/orphans/: No such file or directory
root@am437x-evm:/test# 
- 06:38:53 [INFO] Host: cat result.log
- 06:38:55 [ERROR] On command: cat result.log waiting for cat result.log.+?(?m-ix:^1[\0\n\r]+) >>> error: execution expired
- 06:38:55 [INFO] Target: 
cat result.log
root@am437x-evm:/test# 
- 06:38:55 [INFO] Host: cd /test
- 06:38:56 [INFO] Target: 
cd /test
root@am437x-evm:/test# 
URL:gtsystest.telogy.design.ti.com/vatf/tigtfarm07/tigtfarm07_vatf@am437x-sk2/tigtfarm0703_06_2015_06_37_34/files/session_iteration_1/test_1
