- 19:20:21 [INFO] Starting target session
- 19:20:21 [INFO] Connected to am43xx-epos via serial 
- 19:20:21 [INFO] Host: #check prompt
- 19:20:24 [ERROR] On command: #check prompt waiting for #check prompt.+?(?-mix:((?-mix:.*\s+login)|[Pp]assword)) >>> error: execution expired
- 19:20:24 [INFO] Target: 
#check prompt
root@am437x-evm:~# 
- 19:20:24 [INFO] Host: #check prompt
- 19:20:24 [INFO] Target: 
#check prompt
root@am437x-evm:~# 
- 19:20:24 [INFO] Host: sync;poweroff
- 19:20:34 [INFO] Target: 
sync;poweroff
Broadcast message from root@am437x-evm (ttyS0) (Sun Oct 25 00:47:26 2015):
The system is going down for system halt NOW!
INIT: SendingStopping telnet daemon.
Stopping system message bus: dbus.
hwclock: can't open '/dev/misc/rtc': No such file or directory
Stopping syslogd/klogd: stopped syslogd (pid 751)
stopped klogd (pid 754)
done
Stopping thttpd.
stopping statd: done
ALSA: Storing mixer settings...
/usr/sbin/alsactl: save_state:1590: No soundcards found...
Stopping rpcbind daemon...
done.
NOT deconfiguring network interfaces: / is an NFS mount
Disabling thermal zones...
/etc/rc0.d/K98thermal-zone-init: line 13: /sys/class/thermal/thermal_zone*/mode: No such file or directory
Sending all processes the TERM signal...
Sending all processes the KILL signal...
Unmounting remote filesystems...
Deactivating swap...
Unmounting local filesystems...
[  138.468026] reboot: System halted
- 19:20:34 [INFO] Disconnected serial from am43xx-epos
- 19:20:55 [INFO] Connected to am43xx-epos via serial 
- 19:20:55 [INFO] Host: 
- 19:20:56 [INFO] Target: 
U-Boot# 
U-Boot# 
U-Boot# 
U-Boot# 
U-Boot# 
- 19:20:57 [INFO] Host: 
- 19:20:57 [INFO] Target: 
-Boot# 
U-Boot# 
U-Boot# 
U-Boot# 
- 19:20:57 [INFO] Host: version
- 19:20:57 [INFO] Target: 
version
U-Boot 2014.07 (Aug 11 2014 - 20:04:22)
arm-linux-gnueabihf-gcc (crosstool-NG linaro-1.13.1-4.7-2013.03-20130313 - Linaro GCC 2013.03) 4.7.3 20130226 (prerelease)
GNU ld (crosstool-NG linaro-1.13.1-4.7-2013.03-20130313 - Linaro GCC 2013.03) 2.23.1
U-Boot# 
- 19:20:57 [INFO] Host: setenv bootargs 'console=ttyO0,115200n8 earlyprintk rootwait '
- 19:20:57 [INFO] Target: 
setenv bootargs 'console=ttyO0,115200n8 earlyprintk rootwait '
U-Boot# 
- 19:20:57 [INFO] Host: setenv bootcmd  ''
- 19:20:57 [INFO] Target: 
setenv bootcmd  ''
U-Boot# 
- 19:20:57 [INFO] Host: setenv autoload 'no'
- 19:20:57 [INFO] Target: 
setenv autoload 'no'
U-Boot# 
- 19:20:57 [INFO] Host: setenv serverip '192.168.1.254'
- 19:20:57 [INFO] Target: 
setenv serverip '192.168.1.254'
U-Boot# 
- 19:20:57 [INFO] Host: printenv
- 19:20:58 [INFO] Target: 
printenv
arch=arm
autoload=no
baudrate=115200
board=am43xx
board_name=AM43EPOS
board_rev=1.2B
bootargs=console=ttyO0,115200n8 earlyprintk rootwait 
bootcmd=
bootdelay=1
bootdir=/boot
bootenv=uEnv.txt
bootfile=zImage
bootm_size=0x10000000
bootpart=0:2
console=ttyO0,115200n8
cpu=armv7
eth1addr=34:b1:f7:31:4c:2e
ethact=cpsw
ethaddr=34:b1:f7:31:4c:2c
fdt_addr_r=0x88000000
fdtaddr=0x88000000
fdtfile=undefined
findfdt=if test $board_name = AM43EPOS; then setenv fdtfile am43x-epos-evm.dtb; fi; if test $board_name = AM43__GP; then setenv fdtfile am437x-gp-evm.dtb; fi; if test $board_name = AM43__SK; then setenv fdtfile am437x-sk-evm.dtb; fi; if test $fdtfile = undefined; then echo WARNING: Could not determine device tree; fi; 
importbootenv=echo Importing environment from mmc ...; env import -t $loadaddr $filesize
kernel_addr_r=0x82000000
loadaddr=0x82000000
loadbootenv=load ${devtype} ${devnum} ${loadaddr} ${bootenv}
loadfdt=load ${devtype} ${bootpart} ${fdtaddr} ${bootdir}/${fdtfile}
loadimage=load ${devtype} ${bootpart} ${loadaddr} ${bootdir}/${bootfile}
loadramdisk=load ${devtype} ${devnum} ${rdaddr} ramdisk.gz
mmcargs=setenv bootargs console=${console} ${optargs} root=${mmcroot} rootfstype=${mmcrootfstype}
mmcboot=mmc dev ${mmcdev}; setenv devnum ${mmcdev}; setenv devtype mmc; if mmc rescan; then echo SD/MMC found on device ${devnum};if run loadbootenv; then echo Loaded environment from ${bootenv};run importbootenv;fi;if test -n $uenvcmd; then echo Running uenvcmd ...;run uenvcmd;fi;if run loadimage; then run loadfdt; echo Booting from mmc${mmcdev} ...; run mmcargs; bootz ${loadaddr} - ${fdtaddr}; fi;fi;
mmcdev=0
mmcroot=/dev/mmcblk0p2 rw
mmcrootfstype=ext4 rootwait
partitions=uuid_disk=${uuid_gpt_disk};name=rootfs,start=2MiB,size=-,uuid=${uuid_gpt_rootfs}
ramargs=setenv bootargs console=${console} ${optargs} root=${ramroot} rootfstype=${ramrootfstype}
ramdisk_addr_r=0x88080000
ramroot=/dev/ram0 rw
ramrootfstype=ext2
rdaddr=0x88080000
serverip=192.168.1.254
soc=am33xx
stderr=serial
stdin=serial
stdout=serial
usbargs=setenv bootargs console=${console} ${optargs} root=${usbroot} rootfstype=${usbrootfstype}
usbboot=setenv devnum ${usbdev}; setenv devtype usb; usb start ${usbdev}; if usb dev ${usbdev}; then if run loadbootenv; then echo Loaded environment from ${bootenv};run importbootenv;fi;if test -n $uenvcmd; then echo Running uenvcmd ...;run uenvcmd;fi;if run loadimage; then run loadfdt; echo Booting from usb ${usbdev}...; run usbargs;bootz ${loadaddr} - ${fdtaddr}; fi;fi
usbdev=0
usbroot=/dev/sda2 rw
usbrootfstype=ext4 rootwait
vendor=ti
ver=U-Boot 2014.07 (Aug 11 2014 - 20:04:22)
Environment size: 2724/65532 bytes
U-Boot# 
- 19:20:58 [INFO] Host: printenv
- 19:20:58 [INFO] Target: 
printenv
arch=arm
autoload=no
baudrate=115200
board=am43xx
board_name=AM43EPOS
board_rev=1.2B
bootargs=console=ttyO0,115200n8 earlyprintk rootwait 
bootcmd=
bootdelay=1
bootdir=/boot
bootenv=uEnv.txt
bootfile=zImage
bootm_size=0x10000000
bootpart=0:2
console=ttyO0,115200n8
cpu=armv7
eth1addr=34:b1:f7:31:4c:2e
ethact=cpsw
ethaddr=34:b1:f7:31:4c:2c
fdt_addr_r=0x88000000
fdtaddr=0x88000000
fdtfile=undefined
findfdt=if test $board_name = AM43EPOS; then setenv fdtfile am43x-epos-evm.dtb; fi; if test $board_name = AM43__GP; then setenv fdtfile am437x-gp-evm.dtb; fi; if test $board_name = AM43__SK; then setenv fdtfile am437x-sk-evm.dtb; fi; if test $fdtfile = undefined; then echo WARNING: Could not determine device tree; fi; 
importbootenv=echo Importing environment from mmc ...; env import -t $loadaddr $filesize
kernel_addr_r=0x82000000
loadaddr=0x82000000
loadbootenv=load ${devtype} ${devnum} ${loadaddr} ${bootenv}
loadfdt=load ${devtype} ${bootpart} ${fdtaddr} ${bootdir}/${fdtfile}
loadimage=load ${devtype} ${bootpart} ${loadaddr} ${bootdir}/${bootfile}
loadramdisk=load ${devtype} ${devnum} ${rdaddr} ramdisk.gz
mmcargs=setenv bootargs console=${console} ${optargs} root=${mmcroot} rootfstype=${mmcrootfstype}
mmcboot=mmc dev ${mmcdev}; setenv devnum ${mmcdev}; setenv devtype mmc; if mmc rescan; then echo SD/MMC found on device ${devnum};if run loadbootenv; then echo Loaded environment from ${bootenv};run importbootenv;fi;if test -n $uenvcmd; then echo Running uenvcmd ...;run uenvcmd;fi;if run loadimage; then run loadfdt; echo Booting from mmc${mmcdev} ...; run mmcargs; bootz ${loadaddr} - ${fdtaddr}; fi;fi;
mmcdev=0
mmcroot=/dev/mmcblk0p2 rw
mmcrootfstype=ext4 rootwait
partitions=uuid_disk=${uuid_gpt_disk};name=rootfs,start=2MiB,size=-,uuid=${uuid_gpt_rootfs}
ramargs=setenv bootargs console=${console} ${optargs} root=${ramroot} rootfstype=${ramrootfstype}
ramdisk_addr_r=0x88080000
ramroot=/dev/ram0 rw
ramrootfstype=ext2
rdaddr=0x88080000
serverip=192.168.1.254
soc=am33xx
stderr=serial
stdin=serial
stdout=serial
usbargs=setenv bootargs console=${console} ${optargs} root=${usbroot} rootfstype=${usbrootfstype}
usbboot=setenv devnum ${usbdev}; setenv devtype usb; usb start ${usbdev}; if usb dev ${usbdev}; then if run loadbootenv; then echo Loaded environment from ${bootenv};run importbootenv;fi;if test -n $uenvcmd; then echo Running uenvcmd ...;run uenvcmd;fi;if run loadimage; then run loadfdt; echo Booting from usb ${usbdev}...; run usbargs;bootz ${loadaddr} - ${fdtaddr}; fi;fi
usbdev=0
usbroot=/dev/sda2 rw
usbrootfstype=ext4 rootwait
vendor=ti
ver=U-Boot 2014.07 (Aug 11 2014 - 20:04:22)
Environment size: 2724/65532 bytes
U-Boot# 
- 19:20:58 [INFO] Host: setenv bootargs ''${bootargs}' ip=:::::eth0:dhcp '
- 19:20:58 [INFO] Target: 
setenv bootargs ''${bootargs}' ip=:::::eth0:dhcp '
U-Boot# 
- 19:20:58 [INFO] Host: setenv serverip '192.168.1.254'
- 19:20:58 [INFO] Target: 
setenv serverip '192.168.1.254'
U-Boot# 
- 19:20:58 [INFO] Host: setenv autoload 'no'
- 19:20:58 [INFO] Target: 
setenv autoload 'no'
U-Boot# 
- 19:20:58 [INFO] Host: dhcp
- 19:20:59 [INFO] Target: 
dhcp
link up on port 0, speed 100, full duplex
BOOTP broadcast 1
DHCP client bound to address 192.168.1.192
U-Boot# 
- 19:20:59 [INFO] Host: tftp ${loadaddr} 192.168.1.254:vatf_am43xx-epos/df489adbc7e3f70ceda5f9f08b611f80
- 19:21:00 [INFO] Target: 
tftp ${loadaddr} 192.168.1.254:vatf_am43xx-epos/df489adbc7e3f70ceda5f9f08b611f80
link up on port 0, speed 100, full duplex
Using cpsw device
TFTP from server 192.168.1.254; our IP address is 192.168.1.192
Filename 'vatf_am43xx-epos/df489adbc7e3f70ceda5f9f08b611f80'.
Load address: 0x82000000
Loading: *#################################################################
	 #################################################################
	 #################################################################
	 ################################################
	 5.1 MiB/s
done
Bytes transferred = 3566744 (366c98 hex)
U-Boot# 
- 19:21:00 [INFO] Host: tftp ${fdt_addr_r} 192.168.1.254:vatf_am43xx-epos/dbb33ae2102bf818e8da4ff3319e1e1e
- 19:21:00 [INFO] Target: 
tftp ${fdt_addr_r} 192.168.1.254:vatf_am43xx-epos/dbb33ae2102bf818e8da4ff3319e1e1e
link up on port 0, speed 100, full duplex
Using cpsw device
TFTP from server 192.168.1.254; our IP address is 192.168.1.192
Filename 'vatf_am43xx-epos/dbb33ae2102bf818e8da4ff3319e1e1e'.
Load address: 0x88000000
Loading: *###
	 4.1 MiB/s
done
Bytes transferred = 43206 (a8c6 hex)
U-Boot# 
- 19:21:00 [INFO] Host: ls mmc 0:1
- 19:21:00 [INFO] Target: 
ls mmc 0:1
   109692   mlo 
   292904   u-boot.img 
       14   .ipaddr 
        0   pointercal 
        4   ws-calibrate.rules 
5 file(s), 0 dir(s)
U-Boot# 
- 19:21:00 [INFO] Host: ls mmc 0:2
- 19:21:00 [INFO] Target: 
ls mmc 0:2
<DIR>       4096 .
<DIR>       4096 ..
<DIR>      16384 lost+found
<DIR>       4096 bin
<DIR>       4096 boot
<DIR>       4096 dev
<DIR>       4096 etc
<DIR>       4096 home
<DIR>       4096 lib
<DIR>       4096 media
<DIR>       4096 mnt
<DIR>       4096 opt
<DIR>       4096 proc
<DIR>       4096 sbin
<DIR>       4096 srv
<DIR>       4096 sys
<SYM>          8 tmp
<DIR>       4096 usr
<DIR>       4096 var
<DIR>       4096 www
<SYM>          8 run
<DIR>       4096 Settings
<DIR>       4096 test
U-Boot# 
- 19:21:00 [INFO] Host: part uuid mmc 0:2
- 19:21:00 [INFO] Target: 
part uuid mmc 0:2
00000000-02
U-Boot# 
- 19:21:00 [INFO] Host: printenv
- 19:21:01 [INFO] Target: 
printenv
arch=arm
autoload=no
baudrate=115200
board=am43xx
board_name=AM43EPOS
board_rev=1.2B
bootargs=console=ttyO0,115200n8 earlyprintk rootwait  ip=:::::eth0:dhcp 
bootcmd=
bootdelay=1
bootdir=/boot
bootenv=uEnv.txt
bootfile=zImage
bootm_size=0x10000000
bootpart=0:2
console=ttyO0,115200n8
cpu=armv7
dnsip=192.0.2.2
dnsip2=192.0.2.3
eth1addr=34:b1:f7:31:4c:2e
ethact=cpsw
ethaddr=34:b1:f7:31:4c:2c
fdt_addr_r=0x88000000
fdtaddr=0x88000000
fdtfile=undefined
fileaddr=88000000
filesize=a8c6
findfdt=if test $board_name = AM43EPOS; then setenv fdtfile am43x-epos-evm.dtb; fi; if test $board_name = AM43__GP; then setenv fdtfile am437x-gp-evm.dtb; fi; if test $board_name = AM43__SK; then setenv fdtfile am437x-sk-evm.dtb; fi; if test $fdtfile = undefined; then echo WARNING: Could not determine device tree; fi; 
gatewayip=192.168.1.254
importbootenv=echo Importing environment from mmc ...; env import -t $loadaddr $filesize
ipaddr=192.168.1.192
kernel_addr_r=0x82000000
loadaddr=0x82000000
loadbootenv=load ${devtype} ${devnum} ${loadaddr} ${bootenv}
loadfdt=load ${devtype} ${bootpart} ${fdtaddr} ${bootdir}/${fdtfile}
loadimage=load ${devtype} ${bootpart} ${loadaddr} ${bootdir}/${bootfile}
loadramdisk=load ${devtype} ${devnum} ${rdaddr} ramdisk.gz
mmcargs=setenv bootargs console=${console} ${optargs} root=${mmcroot} rootfstype=${mmcrootfstype}
mmcboot=mmc dev ${mmcdev}; setenv devnum ${mmcdev}; setenv devtype mmc; if mmc rescan; then echo SD/MMC found on device ${devnum};if run loadbootenv; then echo Loaded environment from ${bootenv};run importbootenv;fi;if test -n $uenvcmd; then echo Running uenvcmd ...;run uenvcmd;fi;if run loadimage; then run loadfdt; echo Booting from mmc${mmcdev} ...; run mmcargs; bootz ${loadaddr} - ${fdtaddr}; fi;fi;
mmcdev=0
mmcroot=/dev/mmcblk0p2 rw
mmcrootfstype=ext4 rootwait
netmask=255.255.255.0
partitions=uuid_disk=${uuid_gpt_disk};name=rootfs,start=2MiB,size=-,uuid=${uuid_gpt_rootfs}
ramargs=setenv bootargs console=${console} ${optargs} root=${ramroot} rootfstype=${ramrootfstype}
ramdisk_addr_r=0x88080000
ramroot=/dev/ram0 rw
ramrootfstype=ext2
rdaddr=0x88080000
serverip=192.168.1.254
soc=am33xx
stderr=serial
stdin=serial
stdout=serial
usbargs=setenv bootargs console=${console} ${optargs} root=${usbroot} rootfstype=${usbrootfstype}
usbboot=setenv devnum ${usbdev}; setenv devtype usb; usb start ${usbdev}; if usb dev ${usbdev}; then if run loadbootenv; then echo Loaded environment from ${bootenv};run importbootenv;fi;if test -n $uenvcmd; then echo Running uenvcmd ...;run uenvcmd;fi;if run loadimage; then run loadfdt; echo Booting from usb ${usbdev}...; run usbargs;bootz ${loadaddr} - ${fdtaddr}; fi;fi
usbdev=0
usbroot=/dev/sda2 rw
usbrootfstype=ext4 rootwait
vendor=ti
ver=U-Boot 2014.07 (Aug 11 2014 - 20:04:22)
Environment size: 2889/65532 bytes
U-Boot# 
- 19:21:01 [INFO] Host: setenv bootargs ''${bootargs}' root=PARTUUID=00000000-02 rw rootfstype=ext4 rootwait '
- 19:21:01 [INFO] Target: 
setenv bootargs ''${bootargs}' root=PARTUUID=00000000-02 rw rootfstype=ext4 rootwait '
U-Boot# 
- 19:21:01 [INFO] Host: printenv
- 19:21:01 [INFO] Target: 
printenv
arch=arm
autoload=no
baudrate=115200
board=am43xx
board_name=AM43EPOS
board_rev=1.2B
bootargs=console=ttyO0,115200n8 earlyprintk rootwait  ip=:::::eth0:dhcp  root=PARTUUID=00000000-02 rw rootfstype=ext4 rootwait 
bootcmd=
bootdelay=1
bootdir=/boot
bootenv=uEnv.txt
bootfile=zImage
bootm_size=0x10000000
bootpart=0:2
console=ttyO0,115200n8
cpu=armv7
dnsip=192.0.2.2
dnsip2=192.0.2.3
eth1addr=34:b1:f7:31:4c:2e
ethact=cpsw
ethaddr=34:b1:f7:31:4c:2c
fdt_addr_r=0x88000000
fdtaddr=0x88000000
fdtfile=undefined
fileaddr=88000000
filesize=a8c6
findfdt=if test $board_name = AM43EPOS; then setenv fdtfile am43x-epos-evm.dtb; fi; if test $board_name = AM43__GP; then setenv fdtfile am437x-gp-evm.dtb; fi; if test $board_name = AM43__SK; then setenv fdtfile am437x-sk-evm.dtb; fi; if test $fdtfile = undefined; then echo WARNING: Could not determine device tree; fi; 
gatewayip=192.168.1.254
importbootenv=echo Importing environment from mmc ...; env import -t $loadaddr $filesize
ipaddr=192.168.1.192
kernel_addr_r=0x82000000
loadaddr=0x82000000
loadbootenv=load ${devtype} ${devnum} ${loadaddr} ${bootenv}
loadfdt=load ${devtype} ${bootpart} ${fdtaddr} ${bootdir}/${fdtfile}
loadimage=load ${devtype} ${bootpart} ${loadaddr} ${bootdir}/${bootfile}
loadramdisk=load ${devtype} ${devnum} ${rdaddr} ramdisk.gz
mmcargs=setenv bootargs console=${console} ${optargs} root=${mmcroot} rootfstype=${mmcrootfstype}
mmcboot=mmc dev ${mmcdev}; setenv devnum ${mmcdev}; setenv devtype mmc; if mmc rescan; then echo SD/MMC found on device ${devnum};if run loadbootenv; then echo Loaded environment from ${bootenv};run importbootenv;fi;if test -n $uenvcmd; then echo Running uenvcmd ...;run uenvcmd;fi;if run loadimage; then run loadfdt; echo Booting from mmc${mmcdev} ...; run mmcargs; bootz ${loadaddr} - ${fdtaddr}; fi;fi;
mmcdev=0
mmcroot=/dev/mmcblk0p2 rw
mmcrootfstype=ext4 rootwait
netmask=255.255.255.0
partitions=uuid_disk=${uuid_gpt_disk};name=rootfs,start=2MiB,size=-,uuid=${uuid_gpt_rootfs}
ramargs=setenv bootargs console=${console} ${optargs} root=${ramroot} rootfstype=${ramrootfstype}
ramdisk_addr_r=0x88080000
ramroot=/dev/ram0 rw
ramrootfstype=ext2
rdaddr=0x88080000
serverip=192.168.1.254
soc=am33xx
stderr=serial
stdin=serial
stdout=serial
usbargs=setenv bootargs console=${console} ${optargs} root=${usbroot} rootfstype=${usbrootfstype}
usbboot=setenv devnum ${usbdev}; setenv devtype usb; usb start ${usbdev}; if usb dev ${usbdev}; then if run loadbootenv; then echo Loaded environment from ${bootenv};run importbootenv;fi;if test -n $uenvcmd; then echo Running uenvcmd ...;run uenvcmd;fi;if run loadimage; then run loadfdt; echo Booting from usb ${usbdev}...; run usbargs;bootz ${loadaddr} - ${fdtaddr}; fi;fi
usbdev=0
usbroot=/dev/sda2 rw
usbrootfstype=ext4 rootwait
vendor=ti
ver=U-Boot 2014.07 (Aug 11 2014 - 20:04:22)
Environment size: 2944/65532 bytes
U-Boot# 
- 19:21:01 [INFO] Host: setenv bootcmd ''${bootcmd}' if iminfo ${loadaddr}; then bootm ${loadaddr} - ${fdt_addr_r}; else bootz ${loadaddr} - ${fdt_addr_r}; bootm ${loadaddr} - ${fdt_addr_r}; fi'
- 19:21:01 [INFO] Target: 
setenv bootcmd ''${bootcmd}' if iminfo ${loadaddr}; then bootm ${loadaddr} - ${fdt_addr_r}; else bootz ${loadaddr} - ${fdt_addr_r}; bootm ${loadaddr} - ${fdt_addr_r}; fi'
U-Boot# 
- 19:21:01 [INFO] Host: version
- 19:21:01 [INFO] Target: 
version
U-Boot 2014.07 (Aug 11 2014 - 20:04:22)
arm-linux-gnueabihf-gcc (crosstool-NG linaro-1.13.1-4.7-2013.03-20130313 - Linaro GCC 2013.03) 4.7.3 20130226 (prerelease)
GNU ld (crosstool-NG linaro-1.13.1-4.7-2013.03-20130313 - Linaro GCC 2013.03) 2.23.1
U-Boot# 
- 19:21:01 [INFO] Host: bdinfo
- 19:21:01 [INFO] Target: 
bdinfo
arch_number = 0x00000000
boot_params = 0x80000100
DRAM bank   = 0x00000000
-> start    = 0x80000000
-> size     = 0x40000000
eth0name    = cpsw
ethaddr     = 34:b1:f7:31:4c:2c
current eth = cpsw
ip_addr     = 192.168.1.192
baudrate    = 115200 bps
TLB addr    = 0xBFFF0000
relocaddr   = 0xBFF4E000
reloc off   = 0x3F74E000
irq_sp      = 0xBEF3DEE0
sp start    = 0xBEF3DED0
U-Boot# 
- 19:21:01 [INFO] Host: mmc rescan; echo $?
- 19:21:02 [INFO] Target: 
mmc rescan; echo $?
U-Boot# 
- 19:21:02 [INFO] Host: fatwrite mmc ${mmcdev}:1 ${loadaddr} ws-calibrate.rules 4
- 19:21:02 [INFO] Target: 
fatwrite mmc ${mmcdev}:1 ${loadaddr} ws-calibrate.rules 4
writing ws-calibrate.rules
4 bytes written
U-Boot# 
- 19:21:02 [INFO] Host: boot
- 19:21:25 [INFO] Target: 
boot
## Checking Image at 82000000 ...
Unknown image format!
Kernel image @ 0x82000000 [ 0x000000 - 0x366c98 ]
## Flattened Device Tree blob at 88000000
   Booting using the fdt blob at 0x88000000
   Loading Device Tree to 8fff2000, end 8ffff8c5 ... OK
Starting kernel ...
[    0.000000] Booting Linux on physical CPU 0x0
[    0.000000] Initializing cgroup subsys cpuset
[    0.000000] Initializing cgroup subsys cpu
[    0.000000] Initializing cgroup subsys cpuacct
[    0.000000] Linux version 4.3.0-rc7-00002-gde21210f159a (nmenon@kahuna) (gcc version 4.6.3 (Ubuntu/Linaro 4.6.3-1ubuntu5) ) #1 SMP Mon Oct 26 19:15:36 CDT 2015
[    0.000000] CPU: ARMv7 Processor [412fc09a] revision 10 (ARMv7), cr=10c5387d
[    0.000000] CPU: PIPT / VIPT nonaliasing data cache, VIPT aliasing instruction cache
[    0.000000] Machine model: TI AM43x EPOS EVM
[    0.000000] cma: Reserved 16 MiB at 0xbf000000
[    0.000000] Memory policy: Data cache writeback
[    0.000000] CPU: All CPU(s) started in SVC mode.
[    0.000000] AM437x ES1.1 (sgx neon )
[    0.000000] PERCPU: Embedded 14 pages/cpu @eeeb3000 s25088 r8192 d24064 u57344
[    0.000000] Built 1 zonelists in Zone order, mobility grouping on.  Total pages: 260434
[    0.000000] Kernel command line: console=ttyO0,115200n8 earlyprintk rootwait  ip=:::::eth0:dhcp  root=PARTUUID=00000000-02 rw rootfstype=ext4 rootwait 
[    0.000000] PID hash table entries: 4096 (order: 2, 16384 bytes)
[    0.000000] Dentry cache hash table entries: 131072 (order: 7, 524288 bytes)
[    0.000000] Inode-cache hash table entries: 65536 (order: 6, 262144 bytes)
[    0.000000] Memory: 1003584K/1048576K available (6553K kernel code, 742K rwdata, 2220K rodata, 456K init, 8263K bss, 28608K reserved, 16384K cma-reserved, 253952K highmem)
[    0.000000] Virtual kernel memory layout:
[    0.000000]     vector  : 0xffff0000 - 0xffff1000   (   4 kB)
[    0.000000]     fixmap  : 0xffc00000 - 0xfff00000   (3072 kB)
[    0.000000]     vmalloc : 0xf0000000 - 0xff000000   ( 240 MB)
[    0.000000]     lowmem  : 0xc0000000 - 0xef800000   ( 760 MB)
[    0.000000]     pkmap   : 0xbfe00000 - 0xc0000000   (   2 MB)
[    0.000000]     modules : 0xbf000000 - 0xbfe00000   (  14 MB)
[    0.000000]       .text : 0xc0008000 - 0xc0899698   (8774 kB)
[    0.000000]       .init : 0xc089a000 - 0xc090c000   ( 456 kB)
[    0.000000]       .data : 0xc090c000 - 0xc09c5a98   ( 743 kB)
[    0.000000]        .bss : 0xc09c8000 - 0xc11d9e70   (8264 kB)
[    0.000000] Running RCU self tests
[    0.000000] Hierarchical RCU implementation.
[    0.000000] 	RCU lockdep checking is enabled.
[    0.000000] 	Build-time adjustment of leaf fanout to 32.
[    0.000000] 	RCU restricting CPUs from NR_CPUS=2 to nr_cpu_ids=1.
[    0.000000] RCU: Adjusting geometry for rcu_fanout_leaf=32, nr_cpu_ids=1
[    0.000000] NR_IRQS:16 nr_irqs:16 16
[    0.000000] L2C: platform modifies aux control register: 0x0e030000 -> 0x3e430000
[    0.000000] L2C: DT/platform modifies aux control register: 0x0e030000 -> 0x3e430000
[    0.000000] L2C-310 enabling early BRESP for Cortex-A9
[    0.000000] OMAP L2C310: ROM does not support power control setting
[    0.000000] L2C-310 dynamic clock gating disabled, standby mode disabled
[    0.000000] L2C-310 cache controller enabled, 16 ways, 256 kB
[    0.000000] L2C-310: CACHE_ID 0x410000c9, AUX_CTRL 0x4e430000
[    0.000000] OMAP clockevent source: timer2 at 25000000 Hz
[    0.000013] sched_clock: 32 bits at 25MHz, resolution 40ns, wraps every 85899345900ns
[    0.000033] clocksource: timer1: mask: 0xffffffff max_cycles: 0xffffffff, max_idle_ns: 76450417870 ns
[    0.000086] OMAP clocksource: timer1 at 25000000 Hz
[    0.000866] Console: colour dummy device 80x30
[    0.000923] Lock dependency validator: Copyright (c) 2006 Red Hat, Inc., Ingo Molnar
[    0.000932] ... MAX_LOCKDEP_SUBCLASSES:  8
[    0.000938] ... MAX_LOCK_DEPTH:          48
[    0.000945] ... MAX_LOCKDEP_KEYS:        8191
[    0.000951] ... CLASSHASH_SIZE:          4096
[    0.000957] ... MAX_LOCKDEP_ENTRIES:     32768
[    0.000963] ... MAX_LOCKDEP_CHAINS:      65536
[    0.000969] ... CHAINHASH_SIZE:          32768
[    0.000975]  memory used by lock dependency info: 5167 kB
[    0.000982]  per task-struct memory footprint: 1536 bytes
[    0.001010] Calibrating delay loop... 1993.93 BogoMIPS (lpj=9969664)
[    0.118954] pid_max: default: 32768 minimum: 301
[    0.119320] Security Framework initialized
[    0.119436] Mount-cache hash table entries: 2048 (order: 1, 8192 bytes)
[    0.119453] Mountpoint-cache hash table entries: 2048 (order: 1, 8192 bytes)
[    0.122351] Initializing cgroup subsys io
[    0.122464] Initializing cgroup subsys memory
[    0.122559] Initializing cgroup subsys devices
[    0.122650] Initializing cgroup subsys freezer
[    0.122767] Initializing cgroup subsys perf_event
[    0.122827] CPU: Testing write buffer coherency: ok
[    0.124264] CPU0: thread -1, cpu 0, socket 0, mpidr 80000000
[    0.124394] Setting up static identity map for 0x80008280 - 0x800082f0
[    0.128081] Brought up 1 CPUs
[    0.128102] SMP: Total of 1 processors activated (1993.93 BogoMIPS).
[    0.128112] CPU: All CPU(s) started in SVC mode.
[    0.131392] devtmpfs: initialized
[    0.162155] VFP support v0.3: implementor 41 architecture 3 part 30 variant 9 rev 4
[    0.208743] omap_hwmod: tptc0 using broken dt data from edma
[    0.209221] omap_hwmod: tptc1 using broken dt data from edma
[    0.209627] omap_hwmod: tptc2 using broken dt data from edma
[    0.277176] clocksource: jiffies: mask: 0xffffffff max_cycles: 0xffffffff, max_idle_ns: 19112604462750000 ns
[    0.279966] pinctrl core: initialized pinctrl subsystem
[    0.284889] NET: Registered protocol family 16
[    0.289389] DMA: preallocated 256 KiB pool for atomic coherent allocations
[    0.291445] cpuidle: using governor ladder
[    0.291474] cpuidle: using governor menu
[    0.303243] OMAP GPIO hardware version 0.1
[    0.305872] omap_gpio 481ac000.gpio: could not find pctldev for node /ocp/l4_wkup@44c00000/scm@210000/pinmux@800/display_mux_pins, deferring probe
[    0.313269] platform 53701000.des: Cannot lookup hwmod 'des'
[    0.314650] omap-gpmc 50000000.gpmc: could not find pctldev for node /ocp/l4_wkup@44c00000/scm@210000/pinmux@800/nand_flash_x8, deferring probe
[    0.321777] No ATAGs?
[    0.321871] hw-breakpoint: found 5 (+1 reserved) breakpoint and 1 watchpoint registers.
[    0.321884] hw-breakpoint: maximum watchpoint size is 4 bytes.
[    0.324259] omap4_sram_init:Unable to allocate sram needed to handle errata I688
[    0.324283] omap4_sram_init:Unable to get sram pool needed to handle errata I688
[    0.358408] edma-dma-engine edma-dma-engine.0: TI EDMA DMA engine driver
[    0.363164] SCSI subsystem initialized
[    0.364989] omap_i2c 44e0b000.i2c: could not find pctldev for node /ocp/l4_wkup@44c00000/scm@210000/pinmux@800/pinmux_i2c0_pins, deferring probe
[    0.365084] omap_i2c 4819c000.i2c: could not find pctldev for node /ocp/l4_wkup@44c00000/scm@210000/pinmux@800/pinmux_i2c2_pins, deferring probe
[    0.365351] pps_core: LinuxPPS API ver. 1 registered
[    0.365362] pps_core: Software ver. 5.3.6 - Copyright 2005-2007 Rodolfo Giometti <giometti@linux.it>
[    0.365413] PTP clock support registered
[    0.369418] clocksource: Switched to clocksource timer1
[    0.486358] NET: Registered protocol family 2
[    0.488411] TCP established hash table entries: 8192 (order: 3, 32768 bytes)
[    0.488557] TCP bind hash table entries: 8192 (order: 6, 294912 bytes)
[    0.490453] TCP: Hash tables configured (established 8192 bind 8192)
[    0.491018] UDP hash table entries: 512 (order: 3, 40960 bytes)
[    0.491276] UDP-Lite hash table entries: 512 (order: 3, 40960 bytes)
[    0.492309] NET: Registered protocol family 1
[    0.494214] RPC: Registered named UNIX socket transport module.
[    0.494236] RPC: Registered udp transport module.
[    0.494245] RPC: Registered tcp transport module.
[    0.494254] RPC: Registered tcp NFSv4.1 backchannel transport module.
[    0.499767] futex hash table entries: 256 (order: 2, 16384 bytes)
[    0.500024] audit: initializing netlink subsys (disabled)
[    0.500370] audit: type=2000 audit(0.500:1): initialized
[    0.504176] VFS: Disk quotas dquot_6.6.0
[    0.504324] VFS: Dquot-cache hash table entries: 1024 (order 0, 4096 bytes)
[    0.506897] NFS: Registering the id_resolver key type
[    0.507305] Key type id_resolver registered
[    0.507319] Key type id_legacy registered
[    0.507511] jffs2: version 2.2. (NAND) (SUMMARY)   2001-2006 Red Hat, Inc.
[    0.513175] bounce: pool size: 64 pages
[    0.513402] io scheduler noop registered
[    0.513426] io scheduler deadline registered
[    0.513483] io scheduler cfq registered (default)
[    0.517017] pinctrl-single 44e10800.pinmux: 199 pins at pa f9e10800 size 796
[    0.520890] Serial: 8250/16550 driver, 4 ports, IRQ sharing enabled
[    0.525943] omap_uart 44e09000.serial: no wakeirq for uart0
[    0.525994] omap_uart 44e09000.serial: No clock speed specified: using default: 48000000
[    0.526629] 44e09000.serial: ttyO0 at MMIO 0x44e09000 (irq = 27, base_baud = 3000000) is a OMAP UART0
[    1.357462] console [ttyO0] enabled
[    1.396400] brd: module loaded
[    1.420374] loop: module loaded
[    1.426242] mtdoops: mtd device (mtddev=name/number) must be supplied
[    1.442932] mousedev: PS/2 mouse device common for all mice
[    1.448842] i2c /dev entries driver
[    1.454472] omap_hsmmc 48060000.mmc: Got CD GPIO
[    1.500621] ledtrig-cpu: registered to indicate activity on CPUs
[    1.508065] oprofile: no performance counters
[    1.514370] oprofile: using timer interrupt.
[    1.519820] Initializing XFRM netlink socket
[    1.524825] NET: Registered protocol family 10
[    1.533840] sit: IPv6 over IPv4 tunneling driver
[    1.540943] NET: Registered protocol family 17
[    1.545726] NET: Registered protocol family 15
[    1.550912] Key type dns_resolver registered
[    1.555694] omap_voltage_late_init: Voltage driver support not added
[    1.562484] sr_dev_init: No voltage domain specified for smartreflex0. Cannot initialize
[    1.571048] sr_dev_init: No voltage domain specified for smartreflex1. Cannot initialize
[    1.580840] ThumbEE CPU extension supported.
[    1.585383] Registering SWP/SWPB emulation handler
[    1.590526] SmartReflex Class3 initialized
[    1.606244] GPIO line 97 (SelLCDorHDMI) hogged as output/high
[    1.614278] omap-gpmc 50000000.gpmc: GPMC revision 6.0
[    1.620115] gpmc_mem_init: disabling cs 0 mapped at 0x0-0x1000000
[    1.628061] nand: device found, Manufacturer ID: 0x2c, Chip ID: 0xdc
[    1.634858] nand: Micron MT29F4G08ABAEAWP
[    1.639082] nand: 512 MiB, SLC, erase size: 256 KiB, page size: 4096, OOB size: 224
[    1.647249] using OMAP_ECC_BCH16_CODE_HW ECC scheme
[    1.652659] 10 ofpart partitions found on MTD device omap2-nand.0
[    1.659082] Creating 10 MTD partitions on "omap2-nand.0":
[    1.664813] 0x000000000000-0x000000040000 : "NAND.SPL"
[    1.680680] 0x000000040000-0x000000080000 : "NAND.SPL.backup1"
[    1.690598] 0x000000080000-0x0000000c0000 : "NAND.SPL.backup2"
[    1.700698] 0x0000000c0000-0x000000100000 : "NAND.SPL.backup3"
[    1.710432] 0x000000100000-0x000000180000 : "NAND.u-boot-spl-os"
[    1.720356] 0x000000180000-0x000000280000 : "NAND.u-boot"
[    1.730461] 0x000000280000-0x0000002c0000 : "NAND.u-boot-env"
[    1.741158] 0x0000002c0000-0x000000300000 : "NAND.u-boot-env.backup1"
[    1.751953] 0x000000300000-0x000000a00000 : "NAND.kernel"
[    1.759787] mmc0: host does not support reading read-only switch, assuming write-enable
[    1.771309] 0x000000a00000-0x000020000000 : "NAND.file-system"
[    1.886122] mmc0: new high speed SDHC card at address aaaa
[    1.894739] mmcblk0: mmc0:aaaa SU08G 7.40 GiB 
[    1.903650]  mmcblk0: p1 p2 p3
[    1.948965] omap_i2c 44e0b000.i2c: bus 0 rev0.12 at 400 kHz
[    1.958072] omap_i2c 4819c000.i2c: bus 2 rev0.12 at 100 kHz
[    2.029350] davinci_mdio 4a101000.mdio: davinci mdio revision 1.6
[    2.035787] davinci_mdio 4a101000.mdio: detected phy mask fffeffff
[    2.046567] libphy: 4a101000.mdio: probed
[    2.050953] davinci_mdio 4a101000.mdio: phy[16]: device 4a101000.mdio:10, driver unknown
[    2.060813] cpsw 4a100000.ethernet: Detected MACID = 34:b1:f7:31:4c:2c
[    2.071440] hctosys: unable to open rtc device (rtc0)
[    2.076795] sr_init: No PMIC hook to init smartreflex
[    2.082516] sr_init: platform driver register failed for SR
[    2.109941] net eth0: initializing cpsw version 1.15 (0)
[    2.189743] net eth0: phy found : id is : 0x20005c90
[    2.195174] libphy: PHY 4a101000.mdio:01 not found
[    2.200273] net eth0: phy 4a101000.mdio:01 not found on slave 1
[    2.213068] IPv6: ADDRCONF(NETDEV_UP): eth0: link is not ready
[    4.189987] cpsw 4a100000.ethernet eth0: Link is Up - 100Mbps/Full - flow control rx/tx
[    4.199404] IPv6: ADDRCONF(NETDEV_CHANGE): eth0: link becomes ready
[    4.220564] Sending DHCP requests ., OK
[    4.259819] IP-Config: Got DHCP answer from 192.168.1.254, my address is 192.168.1.192
[    4.268520] IP-Config: Complete:
[    4.272012]      device=eth0, hwaddr=34:b1:f7:31:4c:2c, ipaddr=192.168.1.192, mask=255.255.255.0, gw=192.168.1.254
[    4.282951]      host=192.168.1.192, domain=tidfarm-02.internal.ti.com, nis-domain=(none)
[    4.291598]      bootserver=192.168.1.254, rootserver=192.168.1.254, rootpath=
[    4.299018]      nameserver0=192.0.2.2, nameserver1=192.0.2.3
[    4.305517] vbat: disabling
[    4.308551] v1_0bat: disabling
[    4.313024] v1_8bat: disabling
[    4.341749] EXT4-fs (mmcblk0p2): warning: maximal mount count reached, running e2fsck is recommended
[    4.355587] EXT4-fs (mmcblk0p2): mounted filesystem with ordered data mode. Opts: (null)
[    4.364432] VFS: Mounted root (ext4 filesystem) on device 179:2.
[    4.381576] devtmpfs: mounted
[    4.385706] Freeing unused kernel memory: 456K (c089a000 - c090c000)
INIT: version 2.88 booting
Error opening /dev/fb0: No such file or directory
Starting udev
[    5.204547] udevd[110]: starting version 182
[   11.987164] EXT4-fs (mmcblk0p3): warning: maximal mount count reached, running e2fsck is recommended
[   12.142503] EXT4-fs (mmcblk0p3): mounted filesystem with ordered data mode. Opts: (null)
[   12.207794] FAT-fs (mmcblk0p1): Volume was not properly unmounted. Some data may be corrupt. Please run fsck.
Starting Bootlog daemon: bootlogd: cannot allocate pseudo tty: No such file or directory
bootlogd.
[   12.786417] EXT4-fs (mmcblk0p2): re-mounted. Opts: data=ordered
[   12.886825] random: dd urandom read with 55 bits of entropy available
ALSA: Restoring mixer settings...
/usr/sbin/alsactl: load_state:1696: No soundcards found...
Configuring network interfaces... udhcpc (v1.20.2) started
Sending discover...
Sending select for 192.168.1.153...
Lease of 192.168.1.153 obtained, lease time 600
/etc/udhcpc.d/50default: Adding DNS 192.0.2.2
/etc/udhcpc.d/50default: Adding DNS 192.0.2.3
done.
hwclock: can't open '/dev/misc/rtc': No such file or directory
Fri Mar 21 06:17:00 UTC 2014
hwclock: can't open '/dev/misc/rtc': No such file or directory
INIT: Entering runlevel: 5
Starting system message bus: dbus.
Starting Dropbear SSH server: dropbear.
Starting telnet daemon.
hwclock: can't open '/dev/misc/rtc': No such file or directory
Starting syslogd/klogd: done
Starting thttpd.
Starting Lighttpd Web Server: lighttpd.
2014-03-21 06:17:00: (log.c.166) server started 
Starting Matrix GUI application.
[   18.738075] random: nonblocking pool is initialized
***************************************************************
***************************************************************
NOTICE: This file system contains the followin GPLv3 packages:
	binutils-symlinks
	binutils
	gdbserver
If you do not wish to distribute GPLv3 components please remove
the above packages prior to distribution.  This can be done using
the opkg remove command.  i.e.:
    opkg remove <package>
Where <package> is the name printed in the list above
NOTE: If the package is a dependency of another package you
      will be notified of the dependent packages.  You should
      use the --force-removal-of-dependent-packages option to
      also remove the dependent packages as well
***************************************************************
***************************************************************
Stopping Bootlog daemon: bootlogd.
 _____                    _____           _         _   
|  _  |___ ___ ___ ___   |  _  |___ ___  |_|___ ___| |_ 
|     |  _| .'| . | . |  |   __|  _| . | | | -_|  _|  _|
|__|__|_| |__,|_  |___|  |__|  |_| |___|_| |___|___|_|  
              |___|                    |___|            
Arago Project http://arago-project.org am437x-evm ttyO0
Arago 2013.12 am437x-evm ttyO0
am437x-evm login: 
- 19:21:25 [INFO] Host: root
- 19:21:25 [INFO] Target: 
root
root@am437x-evm:~# 
- 19:21:25 [INFO] Host: uname -a
- 19:21:25 [INFO] Target: 
uname -a
Linux am437x-evm 4.3.0-rc7-00002-gde21210f159a #1 SMP Mon Oct 26 19:15:36 CDT 2015 armv7l GNU/Linux
root@am437x-evm:~# 
- 19:21:25 [INFO] Host: cat /proc/cmdline
- 19:21:25 [INFO] Target: 
cat /proc/cmdline
console=ttyO0,115200n8 earlyprintk rootwait  ip=:::::eth0:dhcp  root=PARTUUID=00000000-02 rw rootfstype=ext4 rootwait 
root@am437x-evm:~# 
- 19:21:25 [INFO] Host: uname -a
- 19:21:25 [INFO] Target: 
uname -a
Linux am437x-evm 4.3.0-rc7-00002-gde21210f159a #1 SMP Mon Oct 26 19:15:36 CDT 2015 armv7l GNU/Linux
root@am437x-evm:~# 
- 19:21:25 [INFO] Host: cat /proc/mtd
- 19:21:25 [INFO] Target: 
cat /proc/mtd
dev:    size   erasesize  name
mtd0: 00040000 00040000 "NAND.SPL"
mtd1: 00040000 00040000 "NAND.SPL.backup1"
mtd2: 00040000 00040000 "NAND.SPL.backup2"
mtd3: 00040000 00040000 "NAND.SPL.backup3"
mtd4: 00080000 00040000 "NAND.u-boot-spl-os"
mtd5: 00100000 00040000 "NAND.u-boot"
mtd6: 00040000 00040000 "NAND.u-boot-env"
mtd7: 00040000 00040000 "NAND.u-boot-env.backup1"
mtd8: 00700000 00040000 "NAND.kernel"
mtd9: 1f600000 00040000 "NAND.file-system"
root@am437x-evm:~# 
- 19:21:34 [INFO] Host: export IPERFHOST=192.168.1.254
- 19:21:34 [INFO] Target: 
export IPERFHOST=192.168.1.254
root@am437x-evm:~# 
- 19:21:34 [INFO] Host: export NFS_SERVER=192.168.1.254
- 19:21:34 [INFO] Target: 
export NFS_SERVER=192.168.1.254
root@am437x-evm:~# 
- 19:21:34 [INFO] Host: export NFS_ROOT_PATH=/home/NFS_exports/am43xx_epos
- 19:21:35 [INFO] Target: 
export NFS_ROOT_PATH=/home/NFS_exports/am43xx_epos
root@am437x-evm:~# 
- 19:21:35 [INFO] Host: mkdir -p -m 777 /test
- 19:21:35 [INFO] Target: 
mkdir -p -m 777 /test
root@am437x-evm:~# 
- 19:21:35 [INFO] Host: cd /test
- 19:21:35 [INFO] Target: 
cd /test
root@am437x-evm:/test# 
- 19:21:35 [INFO] Host: cat > test.sh << EOF
- 19:21:35 [INFO] Target: 
cat > test.sh << EOF
- 19:21:35 [INFO] Host: failtest() {
- 19:21:35 [INFO] Target: 
failtest() {
- 19:21:35 [INFO] Host:   echo 1 >&3
- 19:21:35 [INFO] Target: 
  echo 1 >&3
- 19:21:35 [INFO] Host: }
- 19:21:35 [INFO] Target: 
- 19:21:35 [INFO] Host: timeout=600
- 19:21:35 [INFO] Target: 
timeout=600
- 19:21:35 [INFO] Host: 
- 19:21:35 [INFO] Target: 
- 19:21:35 [INFO] Host: # Start of user's script logic
- 19:21:35 [INFO] Target: 
# Start of user's script logic
- 19:21:35 [INFO] Host: mount -t proc proc /proc 2>/dev/null;
- 19:21:36 [INFO] Target: 
mount -t proc proc /proc 2>/dev/null;
- 19:21:36 [INFO] Host: 
- 19:21:36 [INFO] Target: 
- 19:21:36 [INFO] Host: mount -t sysfs sys /sys 2>/dev/null;
- 19:21:36 [INFO] Target: 
mount -t sysfs sys /sys 2>/dev/null;
- 19:21:36 [INFO] Host: 
- 19:21:36 [INFO] Target: 
- 19:21:36 [INFO] Host: mount -t debugfs none /sys/kernel/debug 2>/dev/null;
- 19:21:36 [INFO] Target: 
mount -t debugfs none /sys/kernel/debug 2>/dev/null;
- 19:21:36 [INFO] Host: 
- 19:21:36 [INFO] Target: 
- 19:21:36 [INFO] Host: echo 'cpuinfo:';cat /proc/cpuinfo; echo '=======';
- 19:21:36 [INFO] Target: 
echo 'cpuinfo:';cat /proc/cpuinfo; echo '=======';
- 19:21:36 [INFO] Host: 
- 19:21:36 [INFO] Target: 
- 19:21:36 [INFO] Host: echo 'soc info:';head /sys/devices/soc0/* 2>/dev/null; echo '=======';
- 19:21:36 [INFO] Target: 
echo 'soc info:';head /sys/devices/soc0/* 2>/dev/null; echo '=======';
- 19:21:36 [INFO] Host: 
- 19:21:36 [INFO] Target: 
- 19:21:36 [INFO] Host: echo 'DT Model info'; head /proc/device-tree/name /proc/device-tree/model /proc/device-tree/compatible 2>/dev/null;echo; echo '=======';
- 19:21:37 [INFO] Target: 
echo 'DT Model info'; head /proc/device-tree/name /proc/device-tree/model /pro 
c/device-tree/compatible 2>/dev/null;echo; echo '=======';
- 19:21:37 [INFO] Host: 
- 19:21:37 [INFO] Target: 
- 19:21:37 [INFO] Host: echo 'interrupts:';cat /proc/interrupts; echo '=======';
- 19:21:37 [INFO] Target: 
echo 'interrupts:';cat /proc/interrupts; echo '=======';
- 19:21:37 [INFO] Host: 
- 19:21:37 [INFO] Target: 
- 19:21:37 [INFO] Host: echo 'Clk_summary:';cat /sys/kernel/debug/clk/clk_summary; echo '=======';
- 19:21:37 [INFO] Target: 
echo 'Clk_summary:';cat /sys/kernel/debug/clk/clk_summary; echo '=======';
- 19:21:37 [INFO] Host: 
- 19:21:37 [INFO] Target: 
- 19:21:37 [INFO] Host: echo "Available frequencies"; cat /sys/devices/system/cpu/cpu0/cpufreq/scaling_available_frequencies 2>/dev/null;echo '=======';
- 19:21:37 [INFO] Target: 
echo "Available frequencies"; cat /sys/devices/system/cpu/cpu0/cpufreq/scaling 
_available_frequencies 2>/dev/null;echo '=======';
- 19:21:37 [INFO] Host: 
- 19:21:37 [INFO] Target: 
- 19:21:37 [INFO] Host: TMPF=/tmp/a.\$\$; TMPF2=/tmp/b.\$\$; STR=""
- 19:21:37 [INFO] Target: 
TMPF=/tmp/a.\$\$; TMPF2=/tmp/b.\$\$; STR=""
- 19:21:37 [INFO] Host: 
- 19:21:37 [INFO] Target: 
- 19:21:37 [INFO] Host: cp /dev/kmsg \$TMPF &
- 19:21:38 [INFO] Target: 
cp /dev/kmsg \$TMPF &
- 19:21:38 [INFO] Host: 
- 19:21:38 [INFO] Target: 
- 19:21:38 [INFO] Host: PID=\$! ; sleep 5; kill -9 \$PID
- 19:21:38 [INFO] Target: 
PID=\$! ; sleep 5; kill -9 \$PID
- 19:21:38 [INFO] Host: 
- 19:21:38 [INFO] Target: 
- 19:21:38 [INFO] Host: 
- 19:21:38 [INFO] Target: 
- 19:21:38 [INFO] Host: 
- 19:21:38 [INFO] Target: 
- 19:21:38 [INFO] Host: cat \$TMPF|grep "^0">\$TMPF2; N=\`cat \$TMPF2|wc -l\`; if [ "\$N" -ne 0 ]; then STR="\$STR emerg=\$N";echo "===== EMERGE++";cat \$TMPF2|cut -d ';' -f2;echo "====="; fi
- 19:21:38 [INFO] Target: 
cat \$TMPF|grep "^0">\$TMPF2; N=\`cat \$TMPF2|wc -l\`; if [ "\$N" -ne 0 ]; the 
n STR="\$STR emerg=\$N";echo "===== EMERGE++";cat \$TMPF2|cut -d ';' -f2;echo "= 
===="; fi
- 19:21:38 [INFO] Host: 
- 19:21:38 [INFO] Target: 
- 19:21:38 [INFO] Host: cat \$TMPF|grep "^1">\$TMPF2; N=\`cat \$TMPF2|wc -l\`; if [ "\$N" -ne 0 ]; then STR="\$STR alert=\$N";echo "===== ALERT ==";cat \$TMPF2|cut -d ';' -f2;echo "====="; fi
- 19:21:38 [INFO] Target: 
cat \$TMPF|grep "^1">\$TMPF2; N=\`cat \$TMPF2|wc -l\`; if [ "\$N" -ne 0 ]; the 
n STR="\$STR alert=\$N";echo "===== ALERT ==";cat \$TMPF2|cut -d ';' -f2;echo "= 
===="; fi
- 19:21:38 [INFO] Host: 
- 19:21:38 [INFO] Target: 
- 19:21:38 [INFO] Host: cat \$TMPF|grep "^2">\$TMPF2; N=\`cat \$TMPF2|wc -l\`; if [ "\$N" -ne 0 ]; then STR="\$STR crit=\$N";echo "===== CRIT ==";cat \$TMPF2|cut -d ';' -f2;echo "====="; fi
- 19:21:39 [INFO] Target: 
cat \$TMPF|grep "^2">\$TMPF2; N=\`cat \$TMPF2|wc -l\`; if [ "\$N" -ne 0 ]; the 
n STR="\$STR crit=\$N";echo "===== CRIT ==";cat \$TMPF2|cut -d ';' -f2;echo "=== 
=="; fi
- 19:21:39 [INFO] Host: 
- 19:21:39 [INFO] Target: 
- 19:21:39 [INFO] Host: cat \$TMPF|grep "^3">\$TMPF2; N=\`cat \$TMPF2|wc -l\`; if [ "\$N" -ne 0 ]; then STR="\$STR err=\$N";echo "===== ERR ==";cat \$TMPF2|cut -d ';' -f2;echo "=====" ;fi
- 19:21:39 [INFO] Target: 
cat \$TMPF|grep "^3">\$TMPF2; N=\`cat \$TMPF2|wc -l\`; if [ "\$N" -ne 0 ]; the 
n STR="\$STR err=\$N";echo "===== ERR ==";cat \$TMPF2|cut -d ';' -f2;echo "===== 
" ;fi
- 19:21:39 [INFO] Host: 
- 19:21:39 [INFO] Target: 
- 19:21:39 [INFO] Host: cat \$TMPF|grep "^4">\$TMPF2; N=\`cat \$TMPF2|wc -l\`; if [ "\$N" -ne 0 ]; then STR="\$STR warn=\$N";echo "===== WARN ==";cat \$TMPF2|cut -d ';' -f2;echo "=====" ;fi
- 19:21:39 [INFO] Target: 
cat \$TMPF|grep "^4">\$TMPF2; N=\`cat \$TMPF2|wc -l\`; if [ "\$N" -ne 0 ]; the 
n STR="\$STR warn=\$N";echo "===== WARN ==";cat \$TMPF2|cut -d ';' -f2;echo "=== 
==" ;fi
- 19:21:39 [INFO] Host: 
- 19:21:39 [INFO] Target: 
- 19:21:39 [INFO] Host: rm \$TMPF \$TMPF2; echo "SUM""MARY RESULT: BOOT:" 'PASS: H''ello World' 'B''oard' "Booted" "Boot Log has::::\$STR:"
- 19:21:39 [INFO] Target: 
rm \$TMPF \$TMPF2; echo "SUM""MARY RESULT: BOOT:" 'PASS: H''ello World' 'B''oa 
rd' "Booted" "Boot Log has::::\$STR:"
- 19:21:39 [INFO] Host: 
- 19:21:39 [INFO] Target: 
- 19:21:39 [INFO] Host: EOF
- 19:21:39 [INFO] Target: 
root@am437x-evm:/test# 
- 19:21:39 [INFO] Host: cd /test
- 19:21:39 [INFO] Target: 
cd /test
root@am437x-evm:/test# 
- 19:21:39 [INFO] Host: chmod +x test.sh
- 19:21:40 [INFO] Target: 
chmod +x test.sh
root@am437x-evm:/test# 
- 19:21:40 [INFO] Host: ./test.sh 2> stderr.log > stdout.log 3> result.log
- 19:21:45 [INFO] Target: 
./test.sh 2> stderr.log > stdout.log 3> result.log
root@am437x-evm:/test# 
- 19:21:45 [INFO] Host: echo $?
- 19:21:45 [INFO] Target: 
echo $?
root@am437x-evm:/test# 
- 19:21:45 [INFO] Host: cd /test
- 19:21:45 [INFO] Target: 
cd /test
root@am437x-evm:/test# 
- 19:21:45 [INFO] Host: cat stdout.log
- 19:21:46 [INFO] Target: 
cat stdout.log
cpuinfo:
processor	: 0
model name	: ARMv7 Processor rev 10 (v7l)
BogoMIPS	: 1993.93
Features	: half thumb fastmult vfp edsp thumbee neon vfpv3 tls vfpd32 
CPU implementer	: 0x41
CPU architecture: 7
CPU variant	: 0x2
CPU part	: 0xc09
CPU revision	: 10
Hardware	: Generic AM43 (Flattened Device Tree)
Revision	: 0000
Serial		: 0000000000000000
=======
soc info:
==> /sys/devices/soc0/family <==
AM43xx
==> /sys/devices/soc0/machine <==
AM437x
==> /sys/devices/soc0/power <==
==> /sys/devices/soc0/revision <==
ES1.1
==> /sys/devices/soc0/subsystem <==
==> /sys/devices/soc0/type <==
==> /sys/devices/soc0/uevent <==
=======
DT Model info
==> /proc/device-tree/name <==
==> /proc/device-tree/model <==
TI AM43x EPOS EVM
==> /proc/device-tree/compatible <==
ti,am43x-epos-evmti,am4372ti,am43
=======
interrupts:
           CPU0       
 16:       2559     WUGEN  68 Level     gp_timer
 20:          0     WUGEN   9 Level     l3-dbg-irq
 21:          0     WUGEN  10 Level     l3-app-irq
 24:       1941     WUGEN  12 Level     edma
 26:         19     WUGEN  14 Level     edma_error
 27:       7800     WUGEN  72 Level     OMAP UART0
 37:          0  44e07000.gpio   6 Edge      48060000.mmc cd
130:         66     WUGEN  70 Level     44e0b000.i2c
131:          0     WUGEN  30 Level     4819c000.i2c
133:       5824     WUGEN  64 Level     mmc0
136:         20     WUGEN  41 Level     4a100000.ethernet
137:         14     WUGEN  42 Level     4a100000.ethernet
143:          0     WUGEN   4 Level     48080000.elm
144:          0     WUGEN 100 Level     gpmc
159:          0      PRCM Edge      pinctrl
216:          1     WUGEN   7 Edge      tps65218
IPI0:          0  CPU wakeup interrupts
IPI1:          0  Timer broadcast interrupts
IPI2:          0  Rescheduling interrupts
IPI3:          0  Function call interrupts
IPI4:          0  Single function call interrupts
IPI5:          0  CPU stop interrupts
IPI6:          0  IRQ work interrupts
IPI7:          0  completion interrupts
Err:          0
=======
Clk_summary:
   clock                         enable_cnt  prepare_cnt        rate   accuracy   phase
----------------------------------------------------------------------------------------
 clk_32k_mosc_ck                          0            0       32768          0 0  
 clk_32k_tpm_ck                           0            0       32768          0 0  
 tclkin_ck                                0            0    26000000          0 0  
 virt_26000000_ck                         0            0    26000000          0 0  
 virt_25000000_ck                         1            1    25000000          0 0  
    sysboot_freq_sel_ck                   1            1    25000000          0 0  
       sys_clkin_ck                      21           39    25000000          0 0  
          vtp_clk_div                     0            0    12500000          0 0  
          dll_aging_clk_div               0            0     3125000          0 0  
          timer11_fck                     0            1    25000000          0 0  
          timer10_fck                     0            1    25000000          0 0  
          timer9_fck                      0            1    25000000          0 0  
          timer8_fck                      0            1    25000000          0 0  
          dpll_extdev_ck                  0            0    25000000          0 0  
             dpll_extdev_m2_ck            0            0    25000000          0 0  
          timer7_fck                      0            1    25000000          0 0  
          timer6_fck                      0            1    25000000          0 0  
          timer5_fck                      0            1    25000000          0 0  
          timer4_fck                      0            1    25000000          0 0  
          timer3_fck                      0            1    25000000          0 0  
          timer2_fck                      1            1    25000000          0 0  
          timer1_fck                      1            1    25000000          0 0  
          dpll_per_ck                     1            1   960000000          0 0  
             dpll_per_clkdcoldo           0            0   960000000          0 0  
                usb_otg_ss1_refclk960m           0            0   960000000          0 0  
                usb_otg_ss0_refclk960m           0            0   960000000          0 0  
             dpll_per_m2_ck               1            4   192000000          0 0  
                func_12m_clk              0            0    12000000          0 0  
                mmc_clk                   0            3    96000000          0 0  
                clk_24mhz                 0            1    24000000          0 0  
                   clkdiv32k_ck           0            1       32786          0 0  
                      clkdiv32k_ick           0            5       32786          0 0  
                         gpio5_dbclk           0            1       32786          0 0  
                         gpio4_dbclk           0            1       32786          0 0  
                         gpio3_dbclk           0            2       32786          0 0  
                         gpio2_dbclk           0            2       32786          0 0  
                         gpio1_dbclk           0            2       32786          0 0  
                dpll_per_m2_div4_ck           0           12    48000000          0 0  
                dpll_per_m2_div4_wkupdm_ck           1            2    48000000          0 0  
          dpll_disp_ck                    0            1    25000000          0 0  
             dpll_disp_m2_ck              0            1    25000000          0 0  
                disp_clk                  0            3    25000000          0 0  
          dpll_ddr_ck                     1            1   266000000          0 0  
             dpll_ddr_x2_ck               0            0   532000000          0 0  
                dpll_ddr_m4_ck            0            0   532000000          0 0  
             dpll_ddr_m2_ck               1            1   266000000          0 0  
          dpll_mpu_ck                     1            1  1000000000          0 0  
             dpll_mpu_m2_ck               3            3  1000000000          0 0  
          dpll_core_ck                    1            1  1000000000          0 0  
             dpll_core_x2_ck              2            2  2000000000          0 0  
                dpll_core_m6_ck           0            0   500000000          0 0  
                dpll_core_m5_ck           2            2   250000000          0 0  
                   cpsw_cpts_rft_clk           1            1   250000000          0 0  
                   cpsw_50m_clkdiv           0            0   250000000          0 0  
                      cpsw_5m_clkdiv           0            0    25000000          0 0  
                   dpll_clksel_mac_clk           0            0    50000000          0 0  
                   cpsw_125mhz_gclk           3            3   125000000          0 0  
                dpll_core_m4_ck           7            7   200000000          0 0  
                   l4hs_gclk              1            1   200000000          0 0  
                   l3_gclk               15           16   200000000          0 0  
                   sysclk_div             1            3   200000000          0 0  
                      div_core_25m_ck           0            0    25000000          0 0  
                      gfx_fclk_clksel_ck           0            1   200000000          0 0  
                         gfx_fck_div_ck           0            1   200000000          0 0  
                      dpll_core_m4_div2_ck           3            3   100000000          0 0  
                         l4ls_gclk          66           91   100000000          0 0  
                            ehrpwm5_tbclk           0            0   100000000          0 0  
                            ehrpwm4_tbclk           0            0   100000000          0 0  
                            ehrpwm3_tbclk           0            0   100000000          0 0  
                            ehrpwm2_tbclk           0            0   100000000          0 0  
                            ehrpwm1_tbclk           0            0   100000000          0 0  
                            ehrpwm0_tbclk           0            0   100000000          0 0  
                         l3s_gclk          12           15   100000000          0 0  
                      pruss_ocp_gclk           0            1   200000000          0 0  
          aes0_fck                        1            2    25000000          0 0  
          sha0_fck                        1            1    25000000          0 0  
          smartreflex1_fck                0            1    25000000          0 0  
          smartreflex0_fck                0            1    25000000          0 0  
          mcasp1_fck                      0            1    25000000          0 0  
          mcasp0_fck                      0            1    25000000          0 0  
          dcan1_fck                       0            1    25000000          0 0  
          dcan0_fck                       0            1    25000000          0 0  
          adc_tsc_fck                     0            1    25000000          0 0  
 virt_24000000_ck                         0            0    24000000          0 0  
 virt_19200000_ck                         0            0    19200000          0 0  
    crystal_freq_sel_ck                   0            0    19200000          0 0  
 clk_rc32k_ck                             0            2       32768          0 0  
    gpio0_dbclk_mux_ck                    0            1       32768          0 0  
       gpio0_dbclk                        0            2       32768          0 0  
    wdt1_fck                              0            1       32768          0 0  
 clk_32768_ck                             0            1       32768          0 0  
    mux_synctimer32k_ck                   0            1       32768          0 0  
       synctimer_32kclk                   0            1       32768          0 0  
    usbphy_32khz_clkmux                   0            0       32768          0 0  
       usb_phy1_always_on_clk32k           0            0       32768          0 0  
       usb_phy0_always_on_clk32k           0            0       32768          0 0  
=======
Available frequencies
=======
===== ERR ==
platform 53701000.des: Cannot lookup hwmod 'des'
mtdoops: mtd device (mtddev=name/number) must be supplied
omap_voltage_late_init: Voltage driver support not added
sr_dev_init: No voltage domain specified for smartreflex0. Cannot initialize
sr_dev_init: No voltage domain specified for smartreflex1. Cannot initialize
sr_init: platform driver register failed for SR
libphy: PHY 4a101000.mdio:01 not found
net eth0: phy 4a101000.mdio:01 not found on slave 1
udevd[110]: starting version 182
=====
===== WARN ==
L2C: platform modifies aux control register: 0x0e030000 -> 0x3e430000
L2C: DT/platform modifies aux control register: 0x0e030000 -> 0x3e430000
Lock dependency validator: Copyright (c) 2006 Red Hat, Inc., Ingo Molnar
... MAX_LOCKDEP_SUBCLASSES:  8
... MAX_LOCK_DEPTH:          48
... MAX_LOCKDEP_KEYS:        8191
... CLASSHASH_SIZE:          4096
... MAX_LOCKDEP_ENTRIES:     32768
... MAX_LOCKDEP_CHAINS:      65536
... CHAINHASH_SIZE:          32768
 memory used by lock dependency info: 5167 kB
 per task-struct memory footprint: 1536 bytes
omap_hwmod: tptc0 using broken dt data from edma
omap_hwmod: tptc1 using broken dt data from edma
omap_hwmod: tptc2 using broken dt data from edma
omap4_sram_init:Unable to allocate sram needed to handle errata I688
omap4_sram_init:Unable to get sram pool needed to handle errata I688
omap_uart 44e09000.serial: No clock speed specified: using default: 48000000
gpmc_mem_init: disabling cs 0 mapped at 0x0-0x1000000
mmc0: host does not support reading read-only switch, assuming write-enable
sr_init: No PMIC hook to init smartreflex
IP-Config: Got DHCP answer from 192.168.1.254, my address is 192.168.1.192
, nameserver1=192.0.2.3
EXT4-fs (mmcblk0p2): warning: maximal mount count reached, running e2fsck is recommended
EXT4-fs (mmcblk0p3): warning: maximal mount count reached, running e2fsck is recommended
FAT-fs (mmcblk0p1): Volume was not properly unmounted. Some data may be corrupt. Please run fsck.
=====
SUMMARY RESULT: BOOT: PASS: Hello World Board Booted Boot Log has:::: err=9 warn=26:
root@am437x-evm:/test# 
- 19:21:46 [INFO] Host: cat stderr.log
- 19:21:47 [INFO] Target: 
cat stderr.log
./test.sh: line 33:   757 Killed                  cp /dev/kmsg $TMPF
root@am437x-evm:/test# 
- 19:21:47 [INFO] Host: cat result.log
- 19:21:49 [ERROR] On command: cat result.log waiting for cat result.log.+?(?m-ix:^1[\0\n\r]+) >>> error: execution expired
- 19:21:49 [INFO] Target: 
cat result.log
root@am437x-evm:/test# 
- 19:21:49 [INFO] Host: cd /test
- 19:21:49 [INFO] Target: 
cd /test
root@am437x-evm:/test# 
URL:gtsystest.telogy.design.ti.com/vatf/tidfarm-02/tidfarm-02_vatf@am43xx-epos/tidfarm-0210_26_2015_19_20_20/files/session_iteration_1/test_1
