- 09:47:17 [INFO] Starting target session
- 09:47:18 [INFO] Connected to am437x-sk via serial 
- 09:47:18 [INFO] Host: #check prompt
- 09:47:21 [ERROR] On command: #check prompt waiting for #check prompt.+?(?-mix:((?-mix:login:)|[Pp]assword)) >>> error: execution expired
- 09:47:21 [INFO] Target: 
#check prompt
root@am437x-evm:/test# 
- 09:47:21 [INFO] Host: #check prompt
- 09:47:21 [INFO] Target: 
#check prompt
root@am437x-evm:/test# 
- 09:47:21 [INFO] Host: sync;poweroff
- 09:47:34 [INFO] Target: 
sync;poweroff
Broadcast message from root@am437x-evm (ttyS0) (Thu Apr 16 08:59:04 2015):
The system is going down for system halt NOW!
INIT: Sending processes the TERM signal
root@am437x-evm:/test# 
INIT: SenStopping syslogd/klogd: stopped syslogd (pid 1160)
stopped klogd (pid 1162)
done
not deconfiguring network interfaces: network file systems still mounted.
Sending all processes the TERM signal...
Sending all processes the KILL signal...
Unmounting remote filesystems...
Deactivating swap...
Unmounting local filesystems...
[   96.776133] reboot: Power down
[   96.779257] System will go to power_off state in approx. 1 second
- 09:47:34 [INFO] Disconnected serial from am437x-sk
- 09:47:39 [INFO] Connected to am437x-sk via serial 
- 09:47:39 [INFO] Host: 
- 09:47:41 [INFO] Target: 
SPL: Please implement spl_start_uboot() for your board
SPL: Direct Linux boot not active!
reading u-boot.img
reading u-boot.img
U-Boot 2014.07-00085-gb6f7378 (Dec 15 2014 - 04:23:13), Build: jenkins-ti-linux-3-14-y_opentest-85
I2C:   ready
DRAM:  1 GiB
NAND:  0 MiB
MMC:   OMAP SD/MMC: 0, OMAP SD/MMC: 1
reading uboot.env
** Unable to read "uboot.env" from mmc0:1 **
Using default environment
Net:   <ethaddr> not set. Validating first E-fuse MAC
cpsw
Hit any key to stop autoboot:  1  0 
U-Boot# 
U-Boot# 
U-Boot# 
U-Boot# 
U-Boot# 
U-Boot# 
U-Boot# 
U-Boot# 
U-Boot# 
- 09:47:41 [INFO] Host: 
- 09:47:41 [INFO] Target: 
U-Boot# 
- 09:47:41 [INFO] Host: version
- 09:47:41 [INFO] Target: 
U-Boot# version
U-Boot 2014.07-00085-gb6f7378 (Dec 15 2014 - 04:23:13)
arm-linux-gnueabihf-gcc (crosstool-NG linaro-1.13.1-4.7-2013.03-20130313 - Linaro GCC 2013.03) 4.7.3 20130226 (prerelease)
GNU ld (crosstool-NG linaro-1.13.1-4.7-2013.03-20130313 - Linaro GCC 2013.03) 2.23.1
U-Boot# 
- 09:47:41 [INFO] Host: setenv bootargs 'console=ttyO0,115200n8 earlyprintk rootwait '
- 09:47:41 [INFO] Target: 
setenv bootargs 'console=ttyO0,115200n8 earlyprintk rootwait '
U-Boot# 
- 09:47:41 [INFO] Host: setenv bootcmd  ''
- 09:47:41 [INFO] Target: 
setenv bootcmd  ''
U-Boot# 
- 09:47:41 [INFO] Host: setenv autoload 'no'
- 09:47:41 [INFO] Target: 
setenv autoload 'no'
U-Boot# 
- 09:47:41 [INFO] Host: setenv serverip '192.168.0.1'
- 09:47:41 [INFO] Target: 
setenv serverip '192.168.0.1'
U-Boot# 
- 09:47:41 [INFO] Host: printenv
- 09:47:42 [INFO] Target: 
printenv
arch=arm
autoload=no
baudrate=115200
board=am43xx
board_name=AM43__SK
board_rev=1.1A
bootargs=console=ttyO0,115200n8 earlyprintk rootwait 
bootcmd=
bootdelay=1
bootdir=/boot
bootenv=uEnv.txt
bootfile=zImage
bootm_size=0x10000000
bootpart=0:2
console=ttyO0,115200n8
cpu=armv7
dfu_alt_info_emmc=MLO raw 0x100 0x100 mmcpart 0;u-boot.img raw 0x300 0x1000 mmcpart 0
dfu_alt_info_mmc=boot part 0 1;rootfs part 0 2;MLO fat 0 1;spl-os-args fat 0 1;spl-os-image fat 0 1;u-boot.img fat 0 1;uEnv.txt fat 0 1
dfu_alt_info_ram=kernel ram 0x80200000 0x4000000;fdt ram 0x80f80000 0x80000;ramdisk ram 0x81000000 0x4000000
dfu_bufsiz=0x10000
eth1addr=34:b1:f7:3d:b9:02
ethact=cpsw
ethaddr=34:b1:f7:3d:b9:00
fdt_addr_r=0x88000000
fdtaddr=0x88000000
fdtfile=undefined
findfdt=if test $board_name = AM43EPOS; then setenv fdtfile am43x-epos-evm.dtb; fi; if test $board_name = AM43__GP; then setenv fdtfile am437x-gp-evm.dtb; fi; if test $board_name = AM43__SK; then setenv fdtfile am437x-sk-evm.dtb; fi; if test $fdtfile = undefined; then echo WARNING: Could not determine device tree; fi; 
importbootenv=echo Importing environment from mmc ...; env import -t $loadaddr $filesize
kernel_addr_r=0x82000000
loadaddr=0x82000000
loadbootenv=load ${devtype} ${devnum} ${loadaddr} ${bootenv}
loadfdt=load ${devtype} ${bootpart} ${fdtaddr} ${bootdir}/${fdtfile}
loadimage=load ${devtype} ${bootpart} ${loadaddr} ${bootdir}/${bootfile}
loadramdisk=load ${devtype} ${devnum} ${rdaddr} ramdisk.gz
mmcargs=setenv bootargs console=${console} ${optargs} root=${mmcroot} rootfstype=${mmcrootfstype}
mmcboot=mmc dev ${mmcdev}; setenv devnum ${mmcdev}; setenv devtype mmc; if mmc rescan; then echo SD/MMC found on device ${devnum};if run loadbootenv; then echo Loaded environment from ${bootenv};run importbootenv;fi;if test -n $uenvcmd; then echo Running uenvcmd ...;run uenvcmd;fi;if run loadimage; then run loadfdt; echo Booting from mmc${mmcdev} ...; run mmcargs; bootz ${loadaddr} - ${fdtaddr}; fi;fi;
mmcdev=0
mmcroot=/dev/mmcblk0p2 rw
mmcrootfstype=ext4 rootwait
mtdids=nand0=nand.0
mtdparts=mtdparts=nand.0:256k(NAND.SPL),256k(NAND.SPL.backup1),256k(NAND.SPL.backup2),256k(NAND.SPL.backup3),512k(NAND.u-boot-spl-os),1m(NAND.u-boot),256k(NAND.u-boot-env),256k(NAND.u-boot-env.backup1),7m(NAND.kernel),-(NAND.file-system)
nandargs=setenv bootargs console=${console} ${optargs} root=${nandroot} rootfstype=${nandrootfstype}
nandboot=echo Booting from nand ...; run nandargs; nand read ${fdtaddr} NAND.u-boot-spl-os; nand read ${loadaddr} NAND.kernel; bootz ${loadaddr} - ${fdtaddr}
nandroot=ubi0:rootfs rw ubi.mtd=NAND.file-system,4096
nandrootfstype=ubifs rootwait=1
partitions=uuid_disk=${uuid_gpt_disk};name=rootfs,start=2MiB,size=-,uuid=${uuid_gpt_rootfs}
ramargs=setenv bootargs console=${console} ${optargs} root=${ramroot} rootfstype=${ramrootfstype}
ramdisk_addr_r=0x88080000
ramroot=/dev/ram0 rw
ramrootfstype=ext2
rdaddr=0x88080000
serverip=192.168.0.1
soc=am33xx
stderr=serial
stdin=serial
stdout=serial
usbargs=setenv bootargs console=${console} ${optargs} root=${usbroot} rootfstype=${usbrootfstype}
usbboot=setenv devnum ${usbdev}; setenv devtype usb; usb start ${usbdev}; if usb dev ${usbdev}; then if run loadbootenv; then echo Loaded environment from ${bootenv};run importbootenv;fi;if test -n $uenvcmd; then echo Running uenvcmd ...;run uenvcmd;fi;if run loadimage; then run loadfdt; echo Booting from usb ${usbdev}...; run usbargs;bootz ${loadaddr} - ${fdtaddr}; fi;fi
usbdev=0
usbroot=/dev/sda2 rw
usbrootfstype=ext4 rootwait
vendor=ti
ver=U-Boot 2014.07-00085-gb6f7378 (Dec 15 2014 - 04:23:13)
Environment size: 3710/65532 bytes
U-Boot# 
- 09:47:42 [INFO] Host: printenv
- 09:47:42 [INFO] Target: 
printenv
arch=arm
autoload=no
baudrate=115200
board=am43xx
board_name=AM43__SK
board_rev=1.1A
bootargs=console=ttyO0,115200n8 earlyprintk rootwait 
bootcmd=
bootdelay=1
bootdir=/boot
bootenv=uEnv.txt
bootfile=zImage
bootm_size=0x10000000
bootpart=0:2
console=ttyO0,115200n8
cpu=armv7
dfu_alt_info_emmc=MLO raw 0x100 0x100 mmcpart 0;u-boot.img raw 0x300 0x1000 mmcpart 0
dfu_alt_info_mmc=boot part 0 1;rootfs part 0 2;MLO fat 0 1;spl-os-args fat 0 1;spl-os-image fat 0 1;u-boot.img fat 0 1;uEnv.txt fat 0 1
dfu_alt_info_ram=kernel ram 0x80200000 0x4000000;fdt ram 0x80f80000 0x80000;ramdisk ram 0x81000000 0x4000000
dfu_bufsiz=0x10000
eth1addr=34:b1:f7:3d:b9:02
ethact=cpsw
ethaddr=34:b1:f7:3d:b9:00
fdt_addr_r=0x88000000
fdtaddr=0x88000000
fdtfile=undefined
findfdt=if test $board_name = AM43EPOS; then setenv fdtfile am43x-epos-evm.dtb; fi; if test $board_name = AM43__GP; then setenv fdtfile am437x-gp-evm.dtb; fi; if test $board_name = AM43__SK; then setenv fdtfile am437x-sk-evm.dtb; fi; if test $fdtfile = undefined; then echo WARNING: Could not determine device tree; fi; 
importbootenv=echo Importing environment from mmc ...; env import -t $loadaddr $filesize
kernel_addr_r=0x82000000
loadaddr=0x82000000
loadbootenv=load ${devtype} ${devnum} ${loadaddr} ${bootenv}
loadfdt=load ${devtype} ${bootpart} ${fdtaddr} ${bootdir}/${fdtfile}
loadimage=load ${devtype} ${bootpart} ${loadaddr} ${bootdir}/${bootfile}
loadramdisk=load ${devtype} ${devnum} ${rdaddr} ramdisk.gz
mmcargs=setenv bootargs console=${console} ${optargs} root=${mmcroot} rootfstype=${mmcrootfstype}
mmcboot=mmc dev ${mmcdev}; setenv devnum ${mmcdev}; setenv devtype mmc; if mmc rescan; then echo SD/MMC found on device ${devnum};if run loadbootenv; then echo Loaded environment from ${bootenv};run importbootenv;fi;if test -n $uenvcmd; then echo Running uenvcmd ...;run uenvcmd;fi;if run loadimage; then run loadfdt; echo Booting from mmc${mmcdev} ...; run mmcargs; bootz ${loadaddr} - ${fdtaddr}; fi;fi;
mmcdev=0
mmcroot=/dev/mmcblk0p2 rw
mmcrootfstype=ext4 rootwait
mtdids=nand0=nand.0
mtdparts=mtdparts=nand.0:256k(NAND.SPL),256k(NAND.SPL.backup1),256k(NAND.SPL.backup2),256k(NAND.SPL.backup3),512k(NAND.u-boot-spl-os),1m(NAND.u-boot),256k(NAND.u-boot-env),256k(NAND.u-boot-env.backup1),7m(NAND.kernel),-(NAND.file-system)
nandargs=setenv bootargs console=${console} ${optargs} root=${nandroot} rootfstype=${nandrootfstype}
nandboot=echo Booting from nand ...; run nandargs; nand read ${fdtaddr} NAND.u-boot-spl-os; nand read ${loadaddr} NAND.kernel; bootz ${loadaddr} - ${fdtaddr}
nandroot=ubi0:rootfs rw ubi.mtd=NAND.file-system,4096
nandrootfstype=ubifs rootwait=1
partitions=uuid_disk=${uuid_gpt_disk};name=rootfs,start=2MiB,size=-,uuid=${uuid_gpt_rootfs}
ramargs=setenv bootargs console=${console} ${optargs} root=${ramroot} rootfstype=${ramrootfstype}
ramdisk_addr_r=0x88080000
ramroot=/dev/ram0 rw
ramrootfstype=ext2
rdaddr=0x88080000
serverip=192.168.0.1
soc=am33xx
stderr=serial
stdin=serial
stdout=serial
usbargs=setenv bootargs console=${console} ${optargs} root=${usbroot} rootfstype=${usbrootfstype}
usbboot=setenv devnum ${usbdev}; setenv devtype usb; usb start ${usbdev}; if usb dev ${usbdev}; then if run loadbootenv; then echo Loaded environment from ${bootenv};run importbootenv;fi;if test -n $uenvcmd; then echo Running uenvcmd ...;run uenvcmd;fi;if run loadimage; then run loadfdt; echo Booting from usb ${usbdev}...; run usbargs;bootz ${loadaddr} - ${fdtaddr}; fi;fi
usbdev=0
usbroot=/dev/sda2 rw
usbrootfstype=ext4 rootwait
vendor=ti
ver=U-Boot 2014.07-00085-gb6f7378 (Dec 15 2014 - 04:23:13)
Environment size: 3710/65532 bytes
U-Boot# 
- 09:47:42 [INFO] Host: setenv bootargs ''${bootargs}' ip=:::::eth0:dhcp '
- 09:47:42 [INFO] Target: 
setenv bootargs ''${bootargs}' ip=:::::eth0:dhcp '
U-Boot# 
- 09:47:42 [INFO] Host: setenv serverip '192.168.0.1'
- 09:47:42 [INFO] Target: 
setenv serverip '192.168.0.1'
U-Boot# 
- 09:47:42 [INFO] Host: setenv autoload 'no'
- 09:47:42 [INFO] Target: 
setenv autoload 'no'
U-Boot# 
- 09:47:42 [INFO] Host: dhcp
- 09:47:44 [INFO] Target: 
dhcp
cpsw Waiting for PHY auto negotiation to complete.. done
link up on port 0, speed 1000, full duplex
BOOTP broadcast 1
DHCP client bound to address 192.168.0.151
U-Boot# 
- 09:47:44 [INFO] Host: tftp ${loadaddr} 192.168.0.1:vatf_am437x-sk/99f9ff00237f58119deb19c7dddc588a
- 09:47:45 [INFO] Target: 
tftp ${loadaddr} 192.168.0.1:vatf_am437x-sk/99f9ff00237f58119deb19c7dddc588a
link up on port 0, speed 1000, full duplex
Using cpsw device
TFTP from server 192.168.0.1; our IP address is 192.168.0.151
Filename 'vatf_am437x-sk/99f9ff00237f58119deb19c7dddc588a'.
Load address: 0x82000000
Loading: *#################################################################
	 #################################################################
	 #################################################################
	 ##################################################
	 8.8 MiB/s
done
Bytes transferred = 3595496 (36dce8 hex)
U-Boot# 
- 09:47:45 [INFO] Host: tftp ${fdt_addr_r} 192.168.0.1:vatf_am437x-sk/0676bbf691968ef79b14ec553f879bea
- 09:47:45 [INFO] Target: 
tftp ${fdt_addr_r} 192.168.0.1:vatf_am437x-sk/0676bbf691968ef79b14ec553f879bea
link up on port 0, speed 1000, full duplex
Using cpsw device
TFTP from server 192.168.0.1; our IP address is 192.168.0.151
Filename 'vatf_am437x-sk/0676bbf691968ef79b14ec553f879bea'.
Load address: 0x88000000
Loading: *###
	 6.7 MiB/s
done
Bytes transferred = 41875 (a393 hex)
U-Boot# 
- 09:47:45 [INFO] Host: ls mmc 0:1
- 09:47:45 [INFO] Target: 
ls mmc 0:1
   119500   mlo 
   404508   u-boot.img 
        4   ws-calibrate.rules 
       14   .ipaddr 
        0   pointercal 
5 file(s), 0 dir(s)
U-Boot# 
- 09:47:45 [INFO] Host: ls mmc 0:2
- 09:47:45 [INFO] Target: 
ls mmc 0:2
<DIR>       4096 .
<DIR>       4096 ..
<DIR>       4096 include
<DIR>       4096 srv
<DIR>       4096 home
<DIR>       4096 media
<DIR>       4096 opt
<DIR>       4096 var
<DIR>       4096 sys
<DIR>       4096 boot
<DIR>       4096 dev
<DIR>       4096 usr
<DIR>       4096 bin
<DIR>       4096 mnt
<DIR>       4096 etc
<DIR>       4096 sbin
<DIR>       4096 www
<SYM>          8 tmp
<DIR>       4096 proc
<DIR>       4096 run
<DIR>       4096 lib
<DIR>       4096 test
U-Boot# 
- 09:47:45 [INFO] Host: part uuid mmc 0:2
- 09:47:45 [INFO] Target: 
part uuid mmc 0:2
00000000-02
U-Boot# 
- 09:47:45 [INFO] Host: printenv
- 09:47:45 [INFO] Target: 
printenv
arch=arm
autoload=no
baudrate=115200
board=am43xx
board_name=AM43__SK
board_rev=1.1A
bootargs=console=ttyO0,115200n8 earlyprintk rootwait  ip=:::::eth0:dhcp 
bootcmd=
bootdelay=1
bootdir=/boot
bootenv=uEnv.txt
bootfile=zImage
bootm_size=0x10000000
bootpart=0:2
console=ttyO0,115200n8
cpu=armv7
dfu_alt_info_emmc=MLO raw 0x100 0x100 mmcpart 0;u-boot.img raw 0x300 0x1000 mmcpart 0
dfu_alt_info_mmc=boot part 0 1;rootfs part 0 2;MLO fat 0 1;spl-os-args fat 0 1;spl-os-image fat 0 1;u-boot.img fat 0 1;uEnv.txt fat 0 1
dfu_alt_info_ram=kernel ram 0x80200000 0x4000000;fdt ram 0x80f80000 0x80000;ramdisk ram 0x81000000 0x4000000
dfu_bufsiz=0x10000
dnsip=192.0.2.2
dnsip2=192.0.2.3
eth1addr=34:b1:f7:3d:b9:02
ethact=cpsw
ethaddr=34:b1:f7:3d:b9:00
fdt_addr_r=0x88000000
fdtaddr=0x88000000
fdtfile=undefined
fileaddr=88000000
filesize=a393
findfdt=if test $board_name = AM43EPOS; then setenv fdtfile am43x-epos-evm.dtb; fi; if test $board_name = AM43__GP; then setenv fdtfile am437x-gp-evm.dtb; fi; if test $board_name = AM43__SK; then setenv fdtfile am437x-sk-evm.dtb; fi; if test $fdtfile = undefined; then echo WARNING: Could not determine device tree; fi; 
gatewayip=192.168.0.1
importbootenv=echo Importing environment from mmc ...; env import -t $loadaddr $filesize
ipaddr=192.168.0.151
kernel_addr_r=0x82000000
loadaddr=0x82000000
loadbootenv=load ${devtype} ${devnum} ${loadaddr} ${bootenv}
loadfdt=load ${devtype} ${bootpart} ${fdtaddr} ${bootdir}/${fdtfile}
loadimage=load ${devtype} ${bootpart} ${loadaddr} ${bootdir}/${bootfile}
loadramdisk=load ${devtype} ${devnum} ${rdaddr} ramdisk.gz
mmcargs=setenv bootargs console=${console} ${optargs} root=${mmcroot} rootfstype=${mmcrootfstype}
mmcboot=mmc dev ${mmcdev}; setenv devnum ${mmcdev}; setenv devtype mmc; if mmc rescan; then echo SD/MMC found on device ${devnum};if run loadbootenv; then echo Loaded environment from ${bootenv};run importbootenv;fi;if test -n $uenvcmd; then echo Running uenvcmd ...;run uenvcmd;fi;if run loadimage; then run loadfdt; echo Booting from mmc${mmcdev} ...; run mmcargs; bootz ${loadaddr} - ${fdtaddr}; fi;fi;
mmcdev=0
mmcroot=/dev/mmcblk0p2 rw
mmcrootfstype=ext4 rootwait
mtdids=nand0=nand.0
mtdparts=mtdparts=nand.0:256k(NAND.SPL),256k(NAND.SPL.backup1),256k(NAND.SPL.backup2),256k(NAND.SPL.backup3),512k(NAND.u-boot-spl-os),1m(NAND.u-boot),256k(NAND.u-boot-env),256k(NAND.u-boot-env.backup1),7m(NAND.kernel),-(NAND.file-system)
nandargs=setenv bootargs console=${console} ${optargs} root=${nandroot} rootfstype=${nandrootfstype}
nandboot=echo Booting from nand ...; run nandargs; nand read ${fdtaddr} NAND.u-boot-spl-os; nand read ${loadaddr} NAND.kernel; bootz ${loadaddr} - ${fdtaddr}
nandroot=ubi0:rootfs rw ubi.mtd=NAND.file-system,4096
nandrootfstype=ubifs rootwait=1
netmask=255.255.255.0
partitions=uuid_disk=${uuid_gpt_disk};name=rootfs,start=2MiB,size=-,uuid=${uuid_gpt_rootfs}
ramargs=setenv bootargs console=${console} ${optargs} root=${ramroot} rootfstype=${ramrootfstype}
ramdisk_addr_r=0x88080000
ramroot=/dev/ram0 rw
ramrootfstype=ext2
rdaddr=0x88080000
serverip=192.168.0.1
soc=am33xx
stderr=serial
stdin=serial
stdout=serial
usbargs=setenv bootargs console=${console} ${optargs} root=${usbroot} rootfstype=${usbrootfstype}
usbboot=setenv devnum ${usbdev}; setenv devtype usb; usb start ${usbdev}; if usb dev ${usbdev}; then if run loadbootenv; then echo Loaded environment from ${bootenv};run importbootenv;fi;if test -n $uenvcmd; then echo Running uenvcmd ...;run uenvcmd;fi;if run loadimage; then run loadfdt; echo Booting from usb ${usbdev}...; run usbargs;bootz ${loadaddr} - ${fdtaddr}; fi;fi
usbdev=0
usbroot=/dev/sda2 rw
usbrootfstype=ext4 rootwait
vendor=ti
ver=U-Boot 2014.07-00085-gb6f7378 (Dec 15 2014 - 04:23:13)
Environment size: 3873/65532 bytes
U-Boot# 
- 09:47:45 [INFO] Host: setenv bootargs ''${bootargs}' root=PARTUUID=00000000-02 rw rootfstype=ext4 rootwait '
- 09:47:46 [INFO] Target: 
setenv bootargs ''${bootargs}' root=PARTUUID=00000000-02 rw rootfstype=ext4 rootwait '
U-Boot# 
- 09:47:46 [INFO] Host: printenv
- 09:47:46 [INFO] Target: 
printenv
arch=arm
autoload=no
baudrate=115200
board=am43xx
board_name=AM43__SK
board_rev=1.1A
bootargs=console=ttyO0,115200n8 earlyprintk rootwait  ip=:::::eth0:dhcp  root=PARTUUID=00000000-02 rw rootfstype=ext4 rootwait 
bootcmd=
bootdelay=1
bootdir=/boot
bootenv=uEnv.txt
bootfile=zImage
bootm_size=0x10000000
bootpart=0:2
console=ttyO0,115200n8
cpu=armv7
dfu_alt_info_emmc=MLO raw 0x100 0x100 mmcpart 0;u-boot.img raw 0x300 0x1000 mmcpart 0
dfu_alt_info_mmc=boot part 0 1;rootfs part 0 2;MLO fat 0 1;spl-os-args fat 0 1;spl-os-image fat 0 1;u-boot.img fat 0 1;uEnv.txt fat 0 1
dfu_alt_info_ram=kernel ram 0x80200000 0x4000000;fdt ram 0x80f80000 0x80000;ramdisk ram 0x81000000 0x4000000
dfu_bufsiz=0x10000
dnsip=192.0.2.2
dnsip2=192.0.2.3
eth1addr=34:b1:f7:3d:b9:02
ethact=cpsw
ethaddr=34:b1:f7:3d:b9:00
fdt_addr_r=0x88000000
fdtaddr=0x88000000
fdtfile=undefined
fileaddr=88000000
filesize=a393
findfdt=if test $board_name = AM43EPOS; then setenv fdtfile am43x-epos-evm.dtb; fi; if test $board_name = AM43__GP; then setenv fdtfile am437x-gp-evm.dtb; fi; if test $board_name = AM43__SK; then setenv fdtfile am437x-sk-evm.dtb; fi; if test $fdtfile = undefined; then echo WARNING: Could not determine device tree; fi; 
gatewayip=192.168.0.1
importbootenv=echo Importing environment from mmc ...; env import -t $loadaddr $filesize
ipaddr=192.168.0.151
kernel_addr_r=0x82000000
loadaddr=0x82000000
loadbootenv=load ${devtype} ${devnum} ${loadaddr} ${bootenv}
loadfdt=load ${devtype} ${bootpart} ${fdtaddr} ${bootdir}/${fdtfile}
loadimage=load ${devtype} ${bootpart} ${loadaddr} ${bootdir}/${bootfile}
loadramdisk=load ${devtype} ${devnum} ${rdaddr} ramdisk.gz
mmcargs=setenv bootargs console=${console} ${optargs} root=${mmcroot} rootfstype=${mmcrootfstype}
mmcboot=mmc dev ${mmcdev}; setenv devnum ${mmcdev}; setenv devtype mmc; if mmc rescan; then echo SD/MMC found on device ${devnum};if run loadbootenv; then echo Loaded environment from ${bootenv};run importbootenv;fi;if test -n $uenvcmd; then echo Running uenvcmd ...;run uenvcmd;fi;if run loadimage; then run loadfdt; echo Booting from mmc${mmcdev} ...; run mmcargs; bootz ${loadaddr} - ${fdtaddr}; fi;fi;
mmcdev=0
mmcroot=/dev/mmcblk0p2 rw
mmcrootfstype=ext4 rootwait
mtdids=nand0=nand.0
mtdparts=mtdparts=nand.0:256k(NAND.SPL),256k(NAND.SPL.backup1),256k(NAND.SPL.backup2),256k(NAND.SPL.backup3),512k(NAND.u-boot-spl-os),1m(NAND.u-boot),256k(NAND.u-boot-env),256k(NAND.u-boot-env.backup1),7m(NAND.kernel),-(NAND.file-system)
nandargs=setenv bootargs console=${console} ${optargs} root=${nandroot} rootfstype=${nandrootfstype}
nandboot=echo Booting from nand ...; run nandargs; nand read ${fdtaddr} NAND.u-boot-spl-os; nand read ${loadaddr} NAND.kernel; bootz ${loadaddr} - ${fdtaddr}
nandroot=ubi0:rootfs rw ubi.mtd=NAND.file-system,4096
nandrootfstype=ubifs rootwait=1
netmask=255.255.255.0
partitions=uuid_disk=${uuid_gpt_disk};name=rootfs,start=2MiB,size=-,uuid=${uuid_gpt_rootfs}
ramargs=setenv bootargs console=${console} ${optargs} root=${ramroot} rootfstype=${ramrootfstype}
ramdisk_addr_r=0x88080000
ramroot=/dev/ram0 rw
ramrootfstype=ext2
rdaddr=0x88080000
serverip=192.168.0.1
soc=am33xx
stderr=serial
stdin=serial
stdout=serial
usbargs=setenv bootargs console=${console} ${optargs} root=${usbroot} rootfstype=${usbrootfstype}
usbboot=setenv devnum ${usbdev}; setenv devtype usb; usb start ${usbdev}; if usb dev ${usbdev}; then if run loadbootenv; then echo Loaded environment from ${bootenv};run importbootenv;fi;if test -n $uenvcmd; then echo Running uenvcmd ...;run uenvcmd;fi;if run loadimage; then run loadfdt; echo Booting from usb ${usbdev}...; run usbargs;bootz ${loadaddr} - ${fdtaddr}; fi;fi
usbdev=0
usbroot=/dev/sda2 rw
usbrootfstype=ext4 rootwait
vendor=ti
ver=U-Boot 2014.07-00085-gb6f7378 (Dec 15 2014 - 04:23:13)
Environment size: 3928/65532 bytes
U-Boot# 
- 09:47:46 [INFO] Host: setenv bootcmd ''${bootcmd}' if iminfo ${loadaddr}; then bootm ${loadaddr} - ${fdt_addr_r}; else bootz ${loadaddr} - ${fdt_addr_r}; bootm ${loadaddr} - ${fdt_addr_r}; fi'
- 09:47:46 [INFO] Target: 
setenv bootcmd ''${bootcmd}' if iminfo ${loadaddr}; then bootm ${loadaddr} - ${fdt_addr_r}; else bootz ${loadaddr} - ${fdt_addr_r}; bootm ${loadaddr} - ${fdt_addr_r}; fi'
U-Boot# 
- 09:47:46 [INFO] Host: version
- 09:47:46 [INFO] Target: 
version
U-Boot 2014.07-00085-gb6f7378 (Dec 15 2014 - 04:23:13)
arm-linux-gnueabihf-gcc (crosstool-NG linaro-1.13.1-4.7-2013.03-20130313 - Linaro GCC 2013.03) 4.7.3 20130226 (prerelease)
GNU ld (crosstool-NG linaro-1.13.1-4.7-2013.03-20130313 - Linaro GCC 2013.03) 2.23.1
U-Boot# 
- 09:47:46 [INFO] Host: bdinfo
- 09:47:46 [INFO] Target: 
bdinfo
arch_number = 0x00000000
boot_params = 0x80000100
DRAM bank   = 0x00000000
-> start    = 0x80000000
-> size     = 0x40000000
eth0name    = cpsw
ethaddr     = 34:b1:f7:3d:b9:00
current eth = cpsw
ip_addr     = 192.168.0.151
baudrate    = 115200 bps
TLB addr    = 0xBFFF0000
relocaddr   = 0xBF734000
reloc off   = 0x3EF34000
irq_sp      = 0xBE723EE0
sp start    = 0xBE723ED0
U-Boot# 
- 09:47:46 [INFO] Host: mmc rescan; echo $?
- 09:47:46 [INFO] Target: 
mmc rescan; echo $?
U-Boot# 
- 09:47:46 [INFO] Host: fatwrite mmc ${mmcdev}:1 ${loadaddr} ws-calibrate.rules 4
- 09:47:46 [INFO] Target: 
fatwrite mmc ${mmcdev}:1 ${loadaddr} ws-calibrate.rules 4
writing ws-calibrate.rules
4 bytes written
U-Boot# 
- 09:47:46 [INFO] Host: boot
- 09:48:12 [INFO] Target: 
boot
## Checking Image at 82000000 ...
Unknown image format!
Kernel image @ 0x82000000 [ 0x000000 - 0x36dce8 ]
## Flattened Device Tree blob at 88000000
   Booting using the fdt blob at 0x88000000
   Loading Device Tree to 8fff2000, end 8ffff392 ... OK
Starting kernel ...
[    0.000000] Booting Linux on physical CPU 0x0
[    0.000000] Initializing cgroup subsys cpuset
[    0.000000] Initializing cgroup subsys cpu
[    0.000000] Initializing cgroup subsys cpuacct
[    0.000000] Linux version 4.3.0-next-20151105-00002-g9936d5191925 (nmenon@kahuna) (gcc version 4.6.3 (Ubuntu/Linaro 4.6.3-1ubuntu5) ) #1 SMP Thu Nov 5 06:18:47 CST 2015
[    0.000000] CPU: ARMv7 Processor [412fc09a] revision 10 (ARMv7), cr=10c5387d
[    0.000000] CPU: PIPT / VIPT nonaliasing data cache, VIPT aliasing instruction cache
[    0.000000] Machine model: TI AM437x SK EVM
[    0.000000] cma: Reserved 16 MiB at 0xbf000000
[    0.000000] Memory policy: Data cache writeback
[    0.000000] CPU: All CPU(s) started in SVC mode.
[    0.000000] AM437x ES1.2 (sgx neon )
[    0.000000] PERCPU: Embedded 14 pages/cpu @ef6b6000 s25024 r8192 d24128 u57344
[    0.000000] Built 1 zonelists in Zone order, mobility grouping on.  Total pages: 260416
[    0.000000] Kernel command line: console=ttyO0,115200n8 earlyprintk rootwait  ip=:::::eth0:dhcp  root=PARTUUID=00000000-02 rw rootfstype=ext4 rootwait 
[    0.000000] PID hash table entries: 4096 (order: 2, 16384 bytes)
[    0.000000] Dentry cache hash table entries: 131072 (order: 7, 524288 bytes)
[    0.000000] Inode-cache hash table entries: 65536 (order: 6, 262144 bytes)
[    0.000000] Memory: 1003500K/1048576K available (6625K kernel code, 746K rwdata, 2240K rodata, 452K init, 8264K bss, 28692K reserved, 16384K cma-reserved, 245760K highmem)
[    0.000000] Virtual kernel memory layout:
[    0.000000]     vector  : 0xffff0000 - 0xffff1000   (   4 kB)
[    0.000000]     fixmap  : 0xffc00000 - 0xfff00000   (3072 kB)
[    0.000000]     vmalloc : 0xf0800000 - 0xff800000   ( 240 MB)
[    0.000000]     lowmem  : 0xc0000000 - 0xf0000000   ( 768 MB)
[    0.000000]     pkmap   : 0xbfe00000 - 0xc0000000   (   2 MB)
[    0.000000]     modules : 0xbf000000 - 0xbfe00000   (  14 MB)
[    0.000000]       .text : 0xc0008000 - 0xc08b08e0   (8867 kB)
[    0.000000]       .init : 0xc08b1000 - 0xc0922000   ( 452 kB)
[    0.000000]       .data : 0xc0922000 - 0xc09dca58   ( 747 kB)
[    0.000000]        .bss : 0xc09df000 - 0xc11f1028   (8265 kB)
[    0.000000] Running RCU self tests
[    0.000000] Hierarchical RCU implementation.
[    0.000000] 	RCU lockdep checking is enabled.
[    0.000000] 	Build-time adjustment of leaf fanout to 32.
[    0.000000] 	RCU restricting CPUs from NR_CPUS=2 to nr_cpu_ids=1.
[    0.000000] RCU: Adjusting geometry for rcu_fanout_leaf=32, nr_cpu_ids=1
[    0.000000] NR_IRQS:16 nr_irqs:16 16
[    0.000000] L2C: platform modifies aux control register: 0x0e030000 -> 0x3e430000
[    0.000000] L2C: DT/platform modifies aux control register: 0x0e030000 -> 0x3e430000
[    0.000000] L2C-310 enabling early BRESP for Cortex-A9
[    0.000000] OMAP L2C310: ROM does not support power control setting
[    0.000000] L2C-310 dynamic clock gating disabled, standby mode disabled
[    0.000000] L2C-310 cache controller enabled, 16 ways, 256 kB
[    0.000000] L2C-310: CACHE_ID 0x410000c9, AUX_CTRL 0x4e430000
[    0.000000] OMAP clockevent source: timer1 at 32786 Hz
[    0.000000] clocksource: 32k_counter: mask: 0xffffffff max_cycles: 0xffffffff, max_idle_ns: 58327039986419 ns
[    0.000000] sched_clock: 32 bits at 32kHz, resolution 30517ns, wraps every 65535999984741ns
[    0.000030] OMAP clocksource: 32k_counter at 32768 Hz
[    0.001007] Console: colour dummy device 80x30
[    0.001068] Lock dependency validator: Copyright (c) 2006 Red Hat, Inc., Ingo Molnar
[    0.001068] ... MAX_LOCKDEP_SUBCLASSES:  8
[    0.001068] ... MAX_LOCK_DEPTH:          48
[    0.001068] ... MAX_LOCKDEP_KEYS:        8191
[    0.001068] ... CLASSHASH_SIZE:          4096
[    0.001098] ... MAX_LOCKDEP_ENTRIES:     32768
[    0.001098] ... MAX_LOCKDEP_CHAINS:      65536
[    0.001098] ... CHAINHASH_SIZE:          32768
[    0.001098]  memory used by lock dependency info: 5167 kB
[    0.001098]  per task-struct memory footprint: 1536 bytes
[    0.001129] Calibrating delay loop... 3977.21 BogoMIPS (lpj=19886080)
[    0.179687] pid_max: default: 32768 minimum: 301
[    0.180023] Security Framework initialized
[    0.180114] Mount-cache hash table entries: 2048 (order: 1, 8192 bytes)
[    0.180145] Mountpoint-cache hash table entries: 2048 (order: 1, 8192 bytes)
[    0.182800] Initializing cgroup subsys io
[    0.182891] Initializing cgroup subsys memory
[    0.182983] Initializing cgroup subsys devices
[    0.183044] Initializing cgroup subsys freezer
[    0.183166] Initializing cgroup subsys perf_event
[    0.183227] CPU: Testing write buffer coherency: ok
[    0.184478] CPU0: thread -1, cpu 0, socket 0, mpidr 80000000
[    0.184600] Setting up static identity map for 0x80008280 - 0x800082f0
[    0.187835] Brought up 1 CPUs
[    0.187866] SMP: Total of 1 processors activated (3977.21 BogoMIPS).
[    0.187866] CPU: All CPU(s) started in SVC mode.
[    0.190521] devtmpfs: initialized
[    0.220336] VFP support v0.3: implementor 41 architecture 3 part 30 variant 9 rev 4
[    0.265319] omap_hwmod: tptc0 using broken dt data from edma
[    0.265716] omap_hwmod: tptc1 using broken dt data from edma
[    0.266113] omap_hwmod: tptc2 using broken dt data from edma
[    0.375305] clocksource: jiffies: mask: 0xffffffff max_cycles: 0xffffffff, max_idle_ns: 19112604462750000 ns
[    0.377593] pinctrl core: initialized pinctrl subsystem
[    0.382202] NET: Registered protocol family 16
[    0.386352] DMA: preallocated 256 KiB pool for atomic coherent allocations
[    0.388153] cpuidle: using governor ladder
[    0.388183] cpuidle: using governor menu
[    0.391723] omap_l3_noc 44000000.ocp: L3 debug error: target 8 mod:0 (unclearable)
[    0.391876] omap_l3_noc 44000000.ocp: L3 application error: target 8 mod:0 (unclearable)
[    0.397888] platform 44e3e000.rtc: Cannot lookup hwmod 'rtc'
[    0.400848] OMAP GPIO hardware version 0.1
[    0.408966] platform 53701000.des: Cannot lookup hwmod 'des'
[    0.416625] No ATAGs?
[    0.416717] hw-breakpoint: found 5 (+1 reserved) breakpoint and 1 watchpoint registers.
[    0.416717] hw-breakpoint: maximum watchpoint size is 4 bytes.
[    0.417388] omap4_sram_init:Unable to allocate sram needed to handle errata I688
[    0.417419] omap4_sram_init:Unable to get sram pool needed to handle errata I688
[    0.438323] edma 49000000.edma: Legacy memcpy is enabled, things might not work
[    0.450897] edma 49000000.edma: TI EDMA DMA engine driver
[    0.453887] SCSI subsystem initialized
[    0.455627] omap_i2c 44e0b000.i2c: could not find pctldev for node /ocp/l4_wkup@44c00000/scm@210000/pinmux@800/i2c0_pins, deferring probe
[    0.455749] omap_i2c 4802a000.i2c: could not find pctldev for node /ocp/l4_wkup@44c00000/scm@210000/pinmux@800/i2c1_pins, deferring probe
[    0.455963] pps_core: LinuxPPS API ver. 1 registered
[    0.455993] pps_core: Software ver. 5.3.6 - Copyright 2005-2007 Rodolfo Giometti <giometti@linux.it>
[    0.456024] PTP clock support registered
[    0.459442] clocksource: Switched to clocksource 32k_counter
[    0.570373] NET: Registered protocol family 2
[    0.572174] TCP established hash table entries: 8192 (order: 3, 32768 bytes)
[    0.572326] TCP bind hash table entries: 8192 (order: 6, 294912 bytes)
[    0.574279] TCP: Hash tables configured (established 8192 bind 8192)
[    0.574707] UDP hash table entries: 512 (order: 3, 40960 bytes)
[    0.574981] UDP-Lite hash table entries: 512 (order: 3, 40960 bytes)
[    0.575958] NET: Registered protocol family 1
[    0.577606] RPC: Registered named UNIX socket transport module.
[    0.577636] RPC: Registered udp transport module.
[    0.577636] RPC: Registered tcp transport module.
[    0.577636] RPC: Registered tcp NFSv4.1 backchannel transport module.
[    0.582946] futex hash table entries: 256 (order: 2, 16384 bytes)
[    0.583160] audit: initializing netlink subsys (disabled)
[    0.583404] audit: type=2000 audit(0.330:1): initialized
[    0.586334] VFS: Disk quotas dquot_6.6.0
[    0.586456] VFS: Dquot-cache hash table entries: 1024 (order 0, 4096 bytes)
[    0.588836] NFS: Registering the id_resolver key type
[    0.589172] Key type id_resolver registered
[    0.589172] Key type id_legacy registered
[    0.589355] jffs2: version 2.2. (NAND) (SUMMARY)   2001-2006 Red Hat, Inc.
[    0.593841] bounce: pool size: 64 pages
[    0.593994] io scheduler noop registered
[    0.594024] io scheduler deadline registered
[    0.594055] io scheduler cfq registered (default)
[    0.597259] pinctrl-single 44e10800.pinmux: 199 pins at pa f9e10800 size 796
[    0.600830] Serial: 8250/16550 driver, 4 ports, IRQ sharing enabled
[    0.605529] omap_uart 44e09000.serial: no wakeirq for uart0
[    0.605590] omap_uart 44e09000.serial: No clock speed specified: using default: 48000000
[    0.606109] 44e09000.serial: ttyO0 at MMIO 0x44e09000 (irq = 26, base_baud = 3000000) is a OMAP UART0
[    1.459716] console [ttyO0] enabled
[    1.495269] brd: module loaded
[    1.517425] loop: module loaded
[    1.523284] mtdoops: mtd device (mtddev=name/number) must be supplied
[    1.639404] davinci_mdio 4a101000.mdio: davinci mdio revision 1.6
[    1.646026] davinci_mdio 4a101000.mdio: detected phy mask ffffffcf
[    1.656829] libphy: 4a101000.mdio: probed
[    1.661285] davinci_mdio 4a101000.mdio: phy[4]: device 4a101000.mdio:04, driver unknown
[    1.669952] davinci_mdio 4a101000.mdio: phy[5]: device 4a101000.mdio:05, driver unknown
[    1.679748] cpsw 4a100000.ethernet: Detected MACID = 34:b1:f7:3d:b9:00
[    1.688995] cpsw 4a100000.ethernet: cpsw: Detected MACID = 34:b1:f7:3d:b9:02
[    1.700195] mousedev: PS/2 mouse device common for all mice
[    1.706359] i2c /dev entries driver
[    1.711761] omap_hsmmc 48060000.mmc: Got CD GPIO
[    1.719238] ledtrig-cpu: registered to indicate activity on CPUs
[    1.726867] oprofile: no performance counters
[    1.732666] oprofile: using timer interrupt.
[    1.738037] Initializing XFRM netlink socket
[    1.743133] NET: Registered protocol family 10
[    1.751190] sit: IPv6 over IPv4 tunneling driver
[    1.758331] NET: Registered protocol family 17
[    1.763305] NET: Registered protocol family 15
[    1.768463] Key type dns_resolver registered
[    1.773284] omap_voltage_late_init: Voltage driver support not added
[    1.780242] sr_dev_init: No voltage domain specified for smartreflex0. Cannot initialize
[    1.789001] sr_dev_init: No voltage domain specified for smartreflex1. Cannot initialize
[    1.798828] ThumbEE CPU extension supported.
[    1.803527] Registering SWP/SWPB emulation handler
[    1.808715] SmartReflex Class3 initialized
[    1.851623] omap_i2c 44e0b000.i2c: bus 0 rev0.12 at 400 kHz
[    1.861297] omap_i2c 4802a000.i2c: bus 1 rev0.12 at 400 kHz
[    1.868286] omap_hsmmc 48060000.mmc: Got CD GPIO
[    1.938323] hctosys: unable to open rtc device (rtc0)
[    1.943878] sr_init: No PMIC hook to init smartreflex
[    1.949554] sr_init: platform driver register failed for SR
[    1.975311] net eth0: initializing cpsw version 1.15 (0)
[    2.077911] net eth0: phy found : id is : 0x221622
[    2.089263] IPv6: ADDRCONF(NETDEV_UP): eth0: link is not ready
[    2.104583] mmc0: host does not support reading read-only switch, assuming write-enable
[    2.117126] mmc0: new high speed SDHC card at address aaaa
[    2.125640] mmcblk0: mmc0:aaaa SL08G 7.40 GiB 
[    2.134429]  mmcblk0: p1 p2 p3
[    5.075714] cpsw 4a100000.ethernet eth0: Link is Up - 1Gbps/Full - flow control rx/tx
[    5.094573] IPv6: ADDRCONF(NETDEV_CHANGE): eth0: link becomes ready
[    5.114410] Sending DHCP requests ., OK
[    5.164794] IP-Config: Got DHCP answer from 192.168.0.1, my address is 192.168.0.151
[    5.173492] IP-Config: Complete:
[    5.177062]      device=eth0, hwaddr=34:b1:f7:3d:b9:00, ipaddr=192.168.0.151, mask=255.255.255.0, gw=192.168.0.1
[    5.188079]      host=192.168.0.151, domain=ti.com, nis-domain=(none)
[    5.195037]      bootserver=192.168.0.1, rootserver=192.168.0.1, rootpath=
[    5.202270]      nameserver0=192.0.2.2, nameserver1=192.0.2.3
[    5.235839] EXT4-fs (mmcblk0p2): mounted filesystem with ordered data mode. Opts: (null)
[    5.244873] VFS: Mounted root (ext4 filesystem) on device 179:2.
[    5.261596] devtmpfs: mounted
[    5.265777] Freeing unused kernel memory: 452K (c08b1000 - c0922000)
INIT: version 2.88 booting
Error opening /dev/fb0: No such file or directory
Starting udev
udev: Not using udev cache because of changes detected in the following files:
udev:     /proc/version /proc/cmdline /proc/devices
udev:     lib/udev/rules.d/* etc/udev/rules.d/*
udev: The udev cache will be regenerated. To identify the detected changes,
udev: compare the cached sysconf at   /etc/udev/cache.data
udev: against the current sysconf at  /dev/shm/udev.cache
[    6.112152] udevd[103]: starting version 182
[   11.214019] FAT-fs (mmcblk0p3): Volume was not properly unmounted. Some data may be corrupt. Please run fsck.
[   11.236541] FAT-fs (mmcblk0p1): Volume was not properly unmounted. Some data may be corrupt. Please run fsck.
depmod: ERROR: could not open directory /lib/modules/4.3.0-next-20151105-00002-g9936d5191925: No such file or directory
depmod: WARNING: -e needs -E or -F
depmod: ERROR: could not open directory /lib/modules/4.3.0-next-20151105-00002-g9936d5191925: No such file or directory
depmod: FATAL: could not search modules: No such file or directory
[   11.833618] EXT4-fs (mmcblk0p2): re-mounted. Opts: data=ordered
bootlogd: cannot allocate pseudo tty: No such file or directory
Starting random number generator daemonUnable to open file: /dev/tpm0
can't open any entropy source
Maybe RNG device modules are not loaded
[   12.068328] random: dd urandom read with 31 bits of entropy available
Populating dev cache
ALSA: Restoring mixer settings...
/usr/sbin/alsactl: load_state:1729: No soundcards found...
hwclock: can't open '/dev/misc/rtc': No such file or directory
Wed Sep 23 16:18:09 UTC 2015
hwclock: can't open '/dev/misc/rtc': No such file or directory
INIT: Entering runlevel: 5
Configuring network interfaces... udhcpc (v1.23.1) started
Sending discover...
Sending select for 192.168.0.82...
Lease of 192.168.0.82 obtained, lease time 7200
/etc/udhcpc.d/50default: Adding DNS 192.0.2.2
/etc/udhcpc.d/50default: Adding DNS 192.0.2.3
done.
Starting system message bus: dbus.
UIM SYSFS Node Not Found
Initializing the graphics driver ...
PVR:(Error): OpenServices: Cannot open device driver /dev/omapdrm_pvr. [140, /pvr_bridge_u.c]
PVR:(Error): PVRSRVInitSrvConnect: PVRSRVConnect failed [2572, /bridged_pvr_glue.c]
PVR:(Error): SrvInit: PVRSRVInitSrvConnect failed (4) [37, /srvinit.c]
PVR:(Error): main: SrvInit failed (4) [49, /pvrsrvinit.c]
Starting Dropbear SSH server: dropbear.
Starting telnet daemon.
Starting rpcbind daemon...done.
starting statd: done
hwclock: can't open '/dev/misc/rtc': No such file or directory
Starting syslogd/klogd: done
Starting thttpd.
Starting Lighttpd Web Server: lighttpd.
2015-09-23 16:18:14: (/home/jenkins/tisdk-build-fido/build-CORTEX_1/arago-tmp-external-linaro-toolchain/work/cortexa9hf-vfp-neon-linux-gnueabi/lighttpd/1.4.35-r1/lighttpd-1.4.35/src/log.c.164) server started 
Starting Matrix GUI application.
Enabling thermal zones...
/etc/rc5.d/S98thermal-zone-init: line 7: /sys/class/thermal/thermal_zone*/mode: No such file or directory
[   22.147857] random: nonblocking pool is initialized
***************************************************************
***************************************************************
NOTICE: This file system contains the following GPLv3 packages:
	autoconf
	binutils
	cpp-symlinks
	cpp
	g++-symlinks
	g++
	gcc-symlinks
	gcc
	gdbserver
	gstreamer1.0-libav
	libgmp10
	libmpc3
	libmpfr4
	make
If you do not wish to distribute GPLv3 components please remove
the above packages prior to distribution.  This can be done using
the opkg remove command.  i.e.:
    opkg remove <package>
Where <package> is the name printed in the list above
NOTE: If the package is a dependency of another package you
      will be notified of the dependent packages.  You should
      use the --force-removal-of-dependent-packages option to
      also remove the dependent packages as well
***************************************************************
***************************************************************
 _____                    _____           _         _   
|  _  |___ ___ ___ ___   |  _  |___ ___  |_|___ ___| |_ 
|     |  _| .'| . | . |  |   __|  _| . | | | -_|  _|  _|
|__|__|_| |__,|_  |___|  |__|  |_| |___|_| |___|___|_|  
              |___|                    |___|            
Arago Project http://arago-project.org am437x-evm /dev/ttyO0
Arago 2015.09 am437x-evm /dev/ttyO0
am437x-evm login: 
- 09:48:12 [INFO] Host: root
- 09:48:12 [INFO] Target: 
root
root@am437x-evm:~# 
- 09:48:12 [INFO] Host: uname -a
- 09:48:12 [INFO] Target: 
uname -a
Linux am437x-evm 4.3.0-next-20151105-00002-g9936d5191925 #1 SMP Thu Nov 5 06:18:47 CST 2015 armv7l GNU/Linux
root@am437x-evm:~# 
- 09:48:12 [INFO] Host: cat /proc/cmdline
- 09:48:12 [INFO] Target: 
cat /proc/cmdline
console=ttyO0,115200n8 earlyprintk rootwait  ip=:::::eth0:dhcp  root=PARTUUID=00000000-02 rw rootfstype=ext4 rootwait 
root@am437x-evm:~# 
- 09:48:12 [INFO] Host: uname -a
- 09:48:12 [INFO] Target: 
uname -a
Linux am437x-evm 4.3.0-next-20151105-00002-g9936d5191925 #1 SMP Thu Nov 5 06:18:47 CST 2015 armv7l GNU/Linux
root@am437x-evm:~# 
- 09:48:12 [INFO] Host: cat /proc/mtd
- 09:48:12 [INFO] Target: 
cat /proc/mtd
dev:    size   erasesize  name
root@am437x-evm:~# 
- 09:48:13 [INFO] Host: export IPERFHOST=192.168.0.1
- 09:48:13 [INFO] Target: 
export IPERFHOST=192.168.0.1
root@am437x-evm:~# 
- 09:48:13 [INFO] Host: export NFS_SERVER=192.168.0.1
- 09:48:13 [INFO] Target: 
export NFS_SERVER=192.168.0.1
root@am437x-evm:~# 
- 09:48:13 [INFO] Host: export NFS_ROOT_PATH=/home/tigtfarm04/NFS_exports/linux/am437x-sk
- 09:48:13 [INFO] Target: 
export NFS_ROOT_PATH=/home/tigtfarm04/NFS_exports/linux/am437 
x-sk
root@am437x-evm:~# 
- 09:48:13 [INFO] Host: export AP_SSID=
- 09:48:13 [INFO] Target: 
export AP_SSID=
root@am437x-evm:~# 
- 09:48:13 [INFO] Host: mkdir -p -m 777 /test
- 09:48:13 [INFO] Target: 
mkdir -p -m 777 /test
root@am437x-evm:~# 
- 09:48:13 [INFO] Host: cd /test
- 09:48:13 [INFO] Target: 
cd /test
root@am437x-evm:/test# 
- 09:48:13 [INFO] Host: cat > test.sh << EOF
- 09:48:14 [INFO] Target: 
cat > test.sh << EOF
- 09:48:14 [INFO] Host: failtest() {
- 09:48:14 [INFO] Target: 
failtest() {
- 09:48:14 [INFO] Host:   echo 1 >&3
- 09:48:14 [INFO] Target: 
  echo 1 >&3
- 09:48:14 [INFO] Host: }
- 09:48:14 [INFO] Target: 
- 09:48:14 [INFO] Host: timeout=600
- 09:48:14 [INFO] Target: 
timeout=600
- 09:48:14 [INFO] Host: 
- 09:48:14 [INFO] Target: 
- 09:48:14 [INFO] Host: # Start of user's script logic
- 09:48:14 [INFO] Target: 
# Start of user's script logic
- 09:48:14 [INFO] Host: mount -t proc proc /proc 2>/dev/null;
- 09:48:14 [INFO] Target: 
mount -t proc proc /proc 2>/dev/null;
- 09:48:14 [INFO] Host: 
- 09:48:14 [INFO] Target: 
- 09:48:14 [INFO] Host: mount -t sysfs sys /sys 2>/dev/null;
- 09:48:14 [INFO] Target: 
mount -t sysfs sys /sys 2>/dev/null;
- 09:48:14 [INFO] Host: 
- 09:48:15 [INFO] Target: 
- 09:48:15 [INFO] Host: mount -t debugfs none /sys/kernel/debug 2>/dev/null;
- 09:48:15 [INFO] Target: 
mount -t debugfs none /sys/kernel/debug 2>/dev/null;
- 09:48:15 [INFO] Host: 
- 09:48:15 [INFO] Target: 
- 09:48:15 [INFO] Host: echo 'cpuinfo:';cat /proc/cpuinfo; echo '=======';
- 09:48:15 [INFO] Target: 
echo 'cpuinfo:';cat /proc/cpuinfo; echo '=======';
- 09:48:15 [INFO] Host: 
- 09:48:15 [INFO] Target: 
- 09:48:15 [INFO] Host: echo 'soc info:';head /sys/devices/soc0/* 2>/dev/null; echo '=======';
- 09:48:15 [INFO] Target: 
echo 'soc info:';head /sys/devices/soc0/* 2>/dev/null; echo '=======';
- 09:48:15 [INFO] Host: 
- 09:48:15 [INFO] Target: 
- 09:48:15 [INFO] Host: echo 'DT Model info'; head /proc/device-tree/name /proc/device-tree/model /proc/device-tree/compatible 2>/dev/null;echo; echo '=======';
- 09:48:15 [INFO] Target: 
echo 'DT Model info'; head /proc/device-tree/name /proc/device-tree/model /pro 
c/device-tree/compatible 2>/dev/null;echo; echo '=======';
- 09:48:15 [INFO] Host: 
- 09:48:15 [INFO] Target: 
- 09:48:15 [INFO] Host: echo 'interrupts:';cat /proc/interrupts; echo '=======';
- 09:48:15 [INFO] Target: 
echo 'interrupts:';cat /proc/interrupts; echo '=======';
- 09:48:15 [INFO] Host: 
- 09:48:16 [INFO] Target: 
- 09:48:16 [INFO] Host: echo 'Clk_summary:';cat /sys/kernel/debug/clk/clk_summary; echo '=======';
- 09:48:16 [INFO] Target: 
echo 'Clk_summary:';cat /sys/kernel/debug/clk/clk_summary; echo '=======';
- 09:48:16 [INFO] Host: 
- 09:48:16 [INFO] Target: 
- 09:48:16 [INFO] Host: echo "Available frequencies"; cat /sys/devices/system/cpu/cpu0/cpufreq/scaling_available_frequencies 2>/dev/null;echo '=======';
- 09:48:16 [INFO] Target: 
echo "Available frequencies"; cat /sys/devices/system/cpu/cpu0/cpufreq/scaling 
_available_frequencies 2>/dev/null;echo '=======';
- 09:48:16 [INFO] Host: 
- 09:48:16 [INFO] Target: 
- 09:48:16 [INFO] Host: TMPF=/tmp/a.\$\$; TMPF2=/tmp/b.\$\$; STR=""
- 09:48:16 [INFO] Target: 
TMPF=/tmp/a.\$\$; TMPF2=/tmp/b.\$\$; STR=""
- 09:48:16 [INFO] Host: 
- 09:48:16 [INFO] Target: 
- 09:48:16 [INFO] Host: cp /dev/kmsg \$TMPF &
- 09:48:16 [INFO] Target: 
cp /dev/kmsg \$TMPF &
- 09:48:16 [INFO] Host: 
- 09:48:16 [INFO] Target: 
- 09:48:16 [INFO] Host: PID=\$! ; sleep 5; kill -9 \$PID
- 09:48:16 [INFO] Target: 
PID=\$! ; sleep 5; kill -9 \$PID
- 09:48:16 [INFO] Host: 
- 09:48:17 [INFO] Target: 
- 09:48:17 [INFO] Host: 
- 09:48:17 [INFO] Target: 
- 09:48:17 [INFO] Host: 
- 09:48:17 [INFO] Target: 
- 09:48:17 [INFO] Host: cat \$TMPF|grep "^0">\$TMPF2; N=\`cat \$TMPF2|wc -l\`; if [ "\$N" -ne 0 ]; then STR="\$STR emerg=\$N";echo "===== EMERGE++";cat \$TMPF2|cut -d ';' -f2;echo "====="; fi
- 09:48:17 [INFO] Target: 
cat \$TMPF|grep "^0">\$TMPF2; N=\`cat \$TMPF2|wc -l\`; if [ "\$N" -ne 0 ]; the 
n STR="\$STR emerg=\$N";echo "===== EMERGE++";cat \$TMPF2|cut -d ';' -f2;echo "= 
===="; fi
- 09:48:17 [INFO] Host: 
- 09:48:17 [INFO] Target: 
- 09:48:17 [INFO] Host: cat \$TMPF|grep "^1">\$TMPF2; N=\`cat \$TMPF2|wc -l\`; if [ "\$N" -ne 0 ]; then STR="\$STR alert=\$N";echo "===== ALERT ==";cat \$TMPF2|cut -d ';' -f2;echo "====="; fi
- 09:48:17 [INFO] Target: 
cat \$TMPF|grep "^1">\$TMPF2; N=\`cat \$TMPF2|wc -l\`; if [ "\$N" -ne 0 ]; the 
n STR="\$STR alert=\$N";echo "===== ALERT ==";cat \$TMPF2|cut -d ';' -f2;echo "= 
===="; fi
- 09:48:17 [INFO] Host: 
- 09:48:17 [INFO] Target: 
- 09:48:17 [INFO] Host: cat \$TMPF|grep "^2">\$TMPF2; N=\`cat \$TMPF2|wc -l\`; if [ "\$N" -ne 0 ]; then STR="\$STR crit=\$N";echo "===== CRIT ==";cat \$TMPF2|cut -d ';' -f2;echo "====="; fi
- 09:48:17 [INFO] Target: 
cat \$TMPF|grep "^2">\$TMPF2; N=\`cat \$TMPF2|wc -l\`; if [ "\$N" -ne 0 ]; the 
n STR="\$STR crit=\$N";echo "===== CRIT ==";cat \$TMPF2|cut -d ';' -f2;echo "=== 
=="; fi
- 09:48:17 [INFO] Host: 
- 09:48:17 [INFO] Target: 
- 09:48:17 [INFO] Host: cat \$TMPF|grep "^3">\$TMPF2; N=\`cat \$TMPF2|wc -l\`; if [ "\$N" -ne 0 ]; then STR="\$STR err=\$N";echo "===== ERR ==";cat \$TMPF2|cut -d ';' -f2;echo "=====" ;fi
- 09:48:17 [INFO] Target: 
cat \$TMPF|grep "^3">\$TMPF2; N=\`cat \$TMPF2|wc -l\`; if [ "\$N" -ne 0 ]; the 
n STR="\$STR err=\$N";echo "===== ERR ==";cat \$TMPF2|cut -d ';' -f2;echo "===== 
" ;fi
- 09:48:17 [INFO] Host: 
- 09:48:18 [INFO] Target: 
- 09:48:18 [INFO] Host: cat \$TMPF|grep "^4">\$TMPF2; N=\`cat \$TMPF2|wc -l\`; if [ "\$N" -ne 0 ]; then STR="\$STR warn=\$N";echo "===== WARN ==";cat \$TMPF2|cut -d ';' -f2;echo "=====" ;fi
- 09:48:18 [INFO] Target: 
cat \$TMPF|grep "^4">\$TMPF2; N=\`cat \$TMPF2|wc -l\`; if [ "\$N" -ne 0 ]; the 
n STR="\$STR warn=\$N";echo "===== WARN ==";cat \$TMPF2|cut -d ';' -f2;echo "=== 
==" ;fi
- 09:48:18 [INFO] Host: 
- 09:48:18 [INFO] Target: 
- 09:48:18 [INFO] Host: rm \$TMPF \$TMPF2; echo "SUM""MARY RESULT: BOOT:" 'PASS: H''ello World' 'B''oard' "Booted" "Boot Log has::::\$STR:"
- 09:48:18 [INFO] Target: 
rm \$TMPF \$TMPF2; echo "SUM""MARY RESULT: BOOT:" 'PASS: H''ello World' 'B''oa 
rd' "Booted" "Boot Log has::::\$STR:"
- 09:48:18 [INFO] Host: 
- 09:48:18 [INFO] Target: 
- 09:48:18 [INFO] Host: EOF
- 09:48:18 [INFO] Target: 
root@am437x-evm:/test# 
- 09:48:18 [INFO] Host: cd /test
- 09:48:18 [INFO] Target: 
cd /test
root@am437x-evm:/test# 
- 09:48:18 [INFO] Host: chmod +x test.sh
- 09:48:18 [INFO] Target: 
chmod +x test.sh
root@am437x-evm:/test# 
- 09:48:18 [INFO] Host: ./test.sh 2> stderr.log > stdout.log 3> result.log
- 09:48:24 [INFO] Target: 
./test.sh 2> stderr.log > stdout.log 3> result.log
root@am437x-evm:/test# 
- 09:48:24 [INFO] Host: echo $?
- 09:48:24 [INFO] Target: 
echo $?
root@am437x-evm:/test# 
- 09:48:24 [INFO] Host: cd /test
- 09:48:24 [INFO] Target: 
cd /test
root@am437x-evm:/test# 
- 09:48:24 [INFO] Host: cat stdout.log
- 09:48:25 [INFO] Target: 
cat stdout.log
cpuinfo:
processor	: 0
model name	: ARMv7 Processor rev 10 (v7l)
BogoMIPS	: 3977.21
Features	: half thumb fastmult vfp edsp thumbee neon vfpv3 tls vfpd32 
CPU implementer	: 0x41
CPU architecture: 7
CPU variant	: 0x2
CPU part	: 0xc09
CPU revision	: 10
Hardware	: Generic AM43 (Flattened Device Tree)
Revision	: 0000
Serial		: 0000000000000000
=======
soc info:
==> /sys/devices/soc0/family <==
AM43xx
==> /sys/devices/soc0/machine <==
AM437x
==> /sys/devices/soc0/power <==
==> /sys/devices/soc0/revision <==
ES1.2
==> /sys/devices/soc0/subsystem <==
==> /sys/devices/soc0/type <==
==> /sys/devices/soc0/uevent <==
=======
DT Model info
==> /proc/device-tree/name <==
==> /proc/device-tree/model <==
TI AM437x SK EVM
==> /proc/device-tree/compatible <==
ti,am437x-sk-evmti,am4372ti,am43
=======
interrupts:
           CPU0       
 16:          0     WUGEN  67 Level     gp_timer
 17:       1723       GIC  29 Edge      twd
 19:          1     WUGEN   9 Level     l3-dbg-irq
 20:          1     WUGEN  10 Level     l3-app-irq
 23:       2302     WUGEN  12 Level     49000000.edma_ccint
 25:         25     WUGEN  14 Level     49000000.edma_ccerrint
 26:       8622     WUGEN  72 Level     OMAP UART0
 32:          0     WUGEN  96 Level     44e07000.gpio
 39:          0  44e07000.gpio   6 Edge      48060000.mmc cd
 65:          0     WUGEN  98 Level     4804c000.gpio
 98:          0     WUGEN 148 Level     48322000.gpio
131:         58     WUGEN  70 Level     44e0b000.i2c
132:          0     WUGEN  71 Level     4802a000.i2c
133:       6874     WUGEN  64 Level     mmc0
135:         18     WUGEN  41 Level     4a100000.ethernet
136:         16     WUGEN  42 Level     4a100000.ethernet
141:          0     WUGEN   4 Level     48080000.elm
156:          0      PRCM Edge      pinctrl
179:          1     WUGEN   7 Level     tps65218
IPI0:          0  CPU wakeup interrupts
IPI1:          0  Timer broadcast interrupts
IPI2:          0  Rescheduling interrupts
IPI3:          0  Function call interrupts
IPI4:          0  Single function call interrupts
IPI5:          0  CPU stop interrupts
IPI6:          0  IRQ work interrupts
IPI7:          0  completion interrupts
Err:          0
=======
Clk_summary:
   clock                         enable_cnt  prepare_cnt        rate   accuracy   phase
----------------------------------------------------------------------------------------
 clk_32k_rtc                              0            0       32768          0 0  
 clk_32k_mosc_ck                          0            0       32768          0 0  
 clk_32k_tpm_ck                           0            0       32768          0 0  
 tclkin_ck                                0            0    26000000          0 0  
 virt_26000000_ck                         0            0    26000000          0 0  
 virt_25000000_ck                         0            0    25000000          0 0  
 virt_24000000_ck                         1            1    24000000          0 0  
    sysboot_freq_sel_ck                   1            1    24000000          0 0  
       sys_clkin_ck                      19           38    24000000          0 0  
          vtp_clk_div                     0            0    12000000          0 0  
          dll_aging_clk_div               0            0     3000000          0 0  
          timer11_fck                     0            1    24000000          0 0  
          timer10_fck                     0            1    24000000          0 0  
          timer9_fck                      0            1    24000000          0 0  
          timer8_fck                      0            1    24000000          0 0  
          dpll_extdev_ck                  0            0   500000000          0 0  
             dpll_extdev_m2_ck            0            0    50000000          0 0  
          timer7_fck                      0            1    24000000          0 0  
          timer6_fck                      0            1    24000000          0 0  
          timer5_fck                      0            1    24000000          0 0  
          timer4_fck                      0            1    24000000          0 0  
          timer3_fck                      0            1    24000000          0 0  
          timer2_fck                      0            1    24000000          0 0  
          dpll_per_ck                     1            1   960000000          0 0  
             dpll_per_clkdcoldo           0            0   960000000          0 0  
                usb_otg_ss1_refclk960m           0            0   960000000          0 0  
                usb_otg_ss0_refclk960m           0            0   960000000          0 0  
             dpll_per_m2_ck               2            4   192000000          0 0  
                func_12m_clk              0            0    12000000          0 0  
                mmc_clk                   0            3    96000000          0 0  
                clk_24mhz                 1            1    24000000          0 0  
                   clkdiv32k_ck           1            1       32786          0 0  
                      clkdiv32k_ick           1            6       32786          0 0  
                         timer1_fck           1            1       32786          0 0  
                         gpio5_dbclk           0            2       32786          0 0  
                         gpio4_dbclk           0            1       32786          0 0  
                         gpio3_dbclk           0            1       32786          0 0  
                         gpio2_dbclk           0            1       32786          0 0  
                         gpio1_dbclk           0            2       32786          0 0  
                dpll_per_m2_div4_ck           0           12    48000000          0 0  
                dpll_per_m2_div4_wkupdm_ck           1            2    48000000          0 0  
          dpll_disp_ck                    0            1    24000000          0 0  
             dpll_disp_m2_ck              0            1    24000000          0 0  
                disp_clk                  0            3    24000000          0 0  
          dpll_ddr_ck                     1            1   400000000          0 0  
             dpll_ddr_x2_ck               0            0   800000000          0 0  
                dpll_ddr_m4_ck            0            0   400000000          0 0  
             dpll_ddr_m2_ck               1            1   400000000          0 0  
          dpll_mpu_ck                     1            1  1000000000          0 0  
             dpll_mpu_m2_ck               4            4  1000000000          0 0  
          dpll_core_ck                    1            1  1000000000          0 0  
             dpll_core_x2_ck              2            2  2000000000          0 0  
                dpll_core_m6_ck           0            0   500000000          0 0  
                dpll_core_m5_ck           2            2   250000000          0 0  
                   cpsw_cpts_rft_clk           1            1   250000000          0 0  
                   cpsw_50m_clkdiv           0            0   250000000          0 0  
                      cpsw_5m_clkdiv           0            0    25000000          0 0  
                   dpll_clksel_mac_clk           0            0    50000000          0 0  
                   cpsw_125mhz_gclk           3            3   125000000          0 0  
                dpll_core_m4_ck           7            7   200000000          0 0  
                   l4hs_gclk              1            1   200000000          0 0  
                   l3_gclk               15           16   200000000          0 0  
                   sysclk_div             1            3   200000000          0 0  
                      div_core_25m_ck           0            0    25000000          0 0  
                      gfx_fclk_clksel_ck           0            1   200000000          0 0  
                         gfx_fck_div_ck           0            1   200000000          0 0  
                      dpll_core_m4_div2_ck           3            3   100000000          0 0  
                         l4ls_gclk          65           91   100000000          0 0  
                            ehrpwm5_tbclk           0            0   100000000          0 0  
                            ehrpwm4_tbclk           0            0   100000000          0 0  
                            ehrpwm3_tbclk           0            0   100000000          0 0  
                            ehrpwm2_tbclk           0            0   100000000          0 0  
                            ehrpwm1_tbclk           0            0   100000000          0 0  
                            ehrpwm0_tbclk           0            0   100000000          0 0  
                         l3s_gclk          11           15   100000000          0 0  
                      pruss_ocp_gclk           0            1   200000000          0 0  
          aes0_fck                        1            2    24000000          0 0  
          sha0_fck                        1            1    24000000          0 0  
          smartreflex1_fck                0            1    24000000          0 0  
          smartreflex0_fck                0            1    24000000          0 0  
          mcasp1_fck                      0            1    24000000          0 0  
          mcasp0_fck                      0            1    24000000          0 0  
          dcan1_fck                       0            1    24000000          0 0  
          dcan0_fck                       0            1    24000000          0 0  
          adc_tsc_fck                     0            1    24000000          0 0  
 virt_19200000_ck                         0            0    19200000          0 0  
    crystal_freq_sel_ck                   0            0    19200000          0 0  
 clk_rc32k_ck                             0            2       32768          0 0  
    gpio0_dbclk_mux_ck                    0            1       32768          0 0  
       gpio0_dbclk                        0            2       32768          0 0  
    wdt1_fck                              0            1       32768          0 0  
 clk_32768_ck                             1            1       32768          0 0  
    mux_synctimer32k_ck                   1            1       32768          0 0  
       synctimer_32kclk                   1            1       32768          0 0  
    usbphy_32khz_clkmux                   0            0       32768          0 0  
       usb_phy1_always_on_clk32k           0            0       32768          0 0  
       usb_phy0_always_on_clk32k           0            0       32768          0 0  
=======
Available frequencies
=======
===== ERR ==
omap_l3_noc 44000000.ocp: L3 debug error: target 8 mod:0 (unclearable)
omap_l3_noc 44000000.ocp: L3 application error: target 8 mod:0 (unclearable)
platform 44e3e000.rtc: Cannot lookup hwmod 'rtc'
platform 53701000.des: Cannot lookup hwmod 'des'
mtdoops: mtd device (mtddev=name/number) must be supplied
omap_voltage_late_init: Voltage driver support not added
sr_dev_init: No voltage domain specified for smartreflex0. Cannot initialize
sr_dev_init: No voltage domain specified for smartreflex1. Cannot initialize
sr_init: platform driver register failed for SR
udevd[103]: starting version 182
=====
===== WARN ==
L2C: platform modifies aux control register: 0x0e030000 -> 0x3e430000
L2C: DT/platform modifies aux control register: 0x0e030000 -> 0x3e430000
Lock dependency validator: Copyright (c) 2006 Red Hat, Inc., Ingo Molnar
... MAX_LOCKDEP_SUBCLASSES:  8
... MAX_LOCK_DEPTH:          48
... MAX_LOCKDEP_KEYS:        8191
... CLASSHASH_SIZE:          4096
... MAX_LOCKDEP_ENTRIES:     32768
... MAX_LOCKDEP_CHAINS:      65536
... CHAINHASH_SIZE:          32768
 memory used by lock dependency info: 5167 kB
 per task-struct memory footprint: 1536 bytes
omap_hwmod: tptc0 using broken dt data from edma
omap_hwmod: tptc1 using broken dt data from edma
omap_hwmod: tptc2 using broken dt data from edma
omap4_sram_init:Unable to allocate sram needed to handle errata I688
omap4_sram_init:Unable to get sram pool needed to handle errata I688
edma 49000000.edma: Legacy memcpy is enabled, things might not work
omap_uart 44e09000.serial: No clock speed specified: using default: 48000000
sr_init: No PMIC hook to init smartreflex
mmc0: host does not support reading read-only switch, assuming write-enable
IP-Config: Got DHCP answer from 192.168.0.1, my address is 192.168.0.151
, nameserver1=192.0.2.3
FAT-fs (mmcblk0p3): Volume was not properly unmounted. Some data may be corrupt. Please run fsck.
FAT-fs (mmcblk0p1): Volume was not properly unmounted. Some data may be corrupt. Please run fsck.
=====
SUMMARY RESULT: BOOT: PASS: Hello World Board Booted Boot Log has:::: err=10 warn=25:
root@am437x-evm:/test# 
- 09:48:25 [INFO] Host: cat stderr.log
- 09:48:26 [INFO] Target: 
cat stderr.log
./test.sh: line 33:   760 Killed                  cp /dev/kmsg $TMPF
root@am437x-evm:/test# 
- 09:48:26 [INFO] Host: cat result.log
- 09:48:28 [ERROR] On command: cat result.log waiting for cat result.log.+?(?m-ix:^1[\0\n\r]+) >>> error: execution expired
- 09:48:28 [INFO] Target: 
cat result.log
root@am437x-evm:/test# 
- 09:48:28 [INFO] Host: cd /test
- 09:48:28 [INFO] Target: 
cd /test
root@am437x-evm:/test# 
URL:gtsystest.telogy.design.ti.com/vatf/tigitfarm04/tigitfarm04_vatf@am437x-sk/tigitfarm0411_05_2015_09_47_17/files/session_iteration_1/test_1
