- 06:49:04 [INFO] Starting target session
- 06:49:04 [INFO] Connected to am437x-sk via serial 
- 06:49:04 [INFO] Host: #check prompt
- 06:49:07 [ERROR] On command: #check prompt waiting for #check prompt.+?(?-mix:((?-mix:login:)|[Pp]assword)) >>> error: execution expired
- 06:49:07 [INFO] Target: 
- 06:49:07 [INFO] Host: #check prompt
- 06:49:09 [ERROR] On command: #check prompt waiting for #check prompt.+?(?-mix:[\w\d]+@.+[@:#]+) >>> error: execution expired
- 06:49:09 [INFO] Target: 
- 06:49:09 [INFO] Disconnected serial from am437x-sk
- 06:49:40 [INFO] Connected to am437x-sk via serial 
- 06:49:40 [INFO] Host: 
- 06:49:40 [INFO] Target: 
Net:   <ethaddr> not set. Validating first E-fuse MAC
cpsw
Hit any key to stop autoboot:  1  0 
U-Boot# 
- 06:49:40 [INFO] Host: 
- 06:49:41 [INFO] Target: 
U-Boot# 
- 06:49:41 [INFO] Host: version
- 06:49:41 [INFO] Target: 
version
U-Boot 2014.07-00071-gaca0808 (Oct 02 2014 - 11:23:51)
arm-linux-gnueabihf-gcc (crosstool-NG linaro-1.13.1-4.7-2013.03-20130313 - Linaro GCC 2013.03) 4.7.3 20130226 (prerelease)
GNU ld (crosstool-NG linaro-1.13.1-4.7-2013.03-20130313 - Linaro GCC 2013.03) 2.23.1
U-Boot# 
- 06:49:41 [INFO] Host: setenv bootargs 'console=ttyO0,115200n8 earlyprintk rootwait '
- 06:49:42 [INFO] Target: 
setenv bootargs 'console=ttyO0,115200n8 earlyprintk rootwait '
U-Boot# 
- 06:49:42 [INFO] Host: setenv bootcmd  ''
- 06:49:42 [INFO] Target: 
setenv bootcmd  ''
U-Boot# 
- 06:49:42 [INFO] Host: setenv autoload 'no'
- 06:49:43 [INFO] Target: 
setenv autoload 'no'
U-Boot# 
- 06:49:43 [INFO] Host: setenv serverip '192.168.0.1'
- 06:49:43 [INFO] Target: 
setenv serverip '192.168.0.1'
U-Boot# 
- 06:49:43 [INFO] Host: printenv
- 06:49:44 [INFO] Target: 
printenv
arch=arm
autoload=no
baudrate=115200
board=am43xx
board_name=AM43__SK
board_rev=1.0A
bootargs=console=ttyO0,115200n8 earlyprintk rootwait 
bootcmd=
bootdelay=1
bootdir=/boot
bootenv=uEnv.txt
bootfile=zImage
bootm_size=0x10000000
bootpart=0:2
console=ttyO0,115200n8
cpu=armv7
dfu_alt_info_emmc=MLO raw 0x100 0x100 mmcpart 0;u-boot.img raw 0x300 0x1000 mmcpart 0
dfu_alt_info_mmc=boot part 0 1;rootfs part 0 2;MLO fat 0 1;spl-os-args fat 0 1;spl-os-image fat 0 1;u-boot.img fat 0 1;uEnv.txt fat 0 1
dfu_alt_info_ram=kernel ram 0x80200000 0x4000000;fdt ram 0x80f80000 0x80000;ramdisk ram 0x81000000 0x4000000
dfu_bufsiz=0x10000
eth1addr=34:b1:f7:31:60:ce
ethact=cpsw
ethaddr=34:b1:f7:31:60:cc
fdt_addr_r=0x88000000
fdtaddr=0x88000000
fdtfile=undefined
findfdt=if test $board_name = AM43EPOS; then setenv fdtfile am43x-epos-evm.dtb; fi; if test $board_name = AM43__GP; then setenv fdtfile am437x-gp-evm.dtb; fi; if test $board_name = AM43__SK; then setenv fdtfile am437x-sk-evm.dtb; fi; if test $fdtfile = undefined; then echo WARNING: Could not determine device tree; fi; 
importbootenv=echo Importing environment from mmc ...; env import -t $loadaddr $filesize
kernel_addr_r=0x82000000
loadaddr=0x82000000
loadbootenv=load ${devtype} ${devnum} ${loadaddr} ${bootenv}
loadfdt=load ${devtype} ${bootpart} ${fdtaddr} ${bootdir}/${fdtfile}
loadimage=load ${devtype} ${bootpart} ${loadaddr} ${bootdir}/${bootfile}
loadramdisk=load ${devtype} ${devnum} ${rdaddr} ramdisk.gz
mmcargs=setenv bootargs console=${console} ${optargs} root=${mmcroot} rootfstype=${mmcrootfstype}
mmcboot=mmc dev ${mmcdev}; setenv devnum ${mmcdev}; setenv devtype mmc; if mmc rescan; then echo SD/MMC found on device ${devnum};if run loadbootenv; then echo Loaded environment from ${bootenv};run importbootenv;fi;if test -n $uenvcmd; then echo Running uenvcmd ...;run uenvcmd;fi;if run loadimage; then run loadfdt; echo Booting from mmc${mmcdev} ...; run mmcargs; bootz ${loadaddr} - ${fdtaddr}; fi;fi;
mmcdev=0
mmcroot=/dev/mmcblk0p2 rw
mmcrootfstype=ext4 rootwait
mtdids=nand0=nand.0
mtdparts=mtdparts=nand.0:256k(NAND.SPL),256k(NAND.SPL.backup1),256k(NAND.SPL.backup2),256k(NAND.SPL.backup3),512k(NAND.u-boot-spl-os),1m(NAND.u-boot),256k(NAND.u-boot-env),256k(NAND.u-boot-env.backup1),7m(NAND.kernel),-(NAND.file-system)
nandargs=setenv bootargs console=${console} ${optargs} root=${nandroot} rootfstype=${nandrootfstype}
nandboot=echo Booting from nand ...; run nandargs; nand read ${fdtaddr} NAND.u-boot-spl-os; nand read ${loadaddr} NAND.kernel; bootz ${loadaddr} - ${fdtaddr}
nandroot=ubi0:rootfs rw ubi.mtd=NAND.file-system,4096
nandrootfstype=ubifs rootwait=1
partitions=uuid_disk=${uuid_gpt_disk};name=rootfs,start=2MiB,size=-,uuid=${uuid_gpt_rootfs}
ramargs=setenv bootargs console=${console} ${optargs} root=${ramroot} rootfstype=${ramrootfstype}
ramdisk_addr_r=0x88080000
ramroot=/dev/ram0 rw
ramrootfstype=ext2
rdaddr=0x88080000
serverip=192.168.0.1
soc=am33xx
stderr=serial
stdin=serial
stdout=serial
usbargs=setenv bootargs console=${console} ${optargs} root=${usbroot} rootfstype=${usbrootfstype}
usbboot=setenv devnum ${usbdev}; setenv devtype usb; usb start ${usbdev}; if usb dev ${usbdev}; then if run loadbootenv; then echo Loaded environment from ${bootenv};run importbootenv;fi;if test -n $uenvcmd; then echo Running uenvcmd ...;run uenvcmd;fi;if run loadimage; then run loadfdt; echo Booting from usb ${usbdev}...; run usbargs;bootz ${loadaddr} - ${fdtaddr}; fi;fi
usbdev=0
usbroot=/dev/sda2 rw
usbrootfstype=ext4 rootwait
vendor=ti
ver=U-Boot 2014.07-00071-gaca0808 (Oct 02 2014 - 11:23:51)
Environment size: 3710/65532 bytes
U-Boot# 
- 06:49:44 [INFO] Host: printenv
- 06:49:44 [INFO] Target: 
printenv
arch=arm
autoload=no
baudrate=115200
board=am43xx
board_name=AM43__SK
board_rev=1.0A
bootargs=console=ttyO0,115200n8 earlyprintk rootwait 
bootcmd=
bootdelay=1
bootdir=/boot
bootenv=uEnv.txt
bootfile=zImage
bootm_size=0x10000000
bootpart=0:2
console=ttyO0,115200n8
cpu=armv7
dfu_alt_info_emmc=MLO raw 0x100 0x100 mmcpart 0;u-boot.img raw 0x300 0x1000 mmcpart 0
dfu_alt_info_mmc=boot part 0 1;rootfs part 0 2;MLO fat 0 1;spl-os-args fat 0 1;spl-os-image fat 0 1;u-boot.img fat 0 1;uEnv.txt fat 0 1
dfu_alt_info_ram=kernel ram 0x80200000 0x4000000;fdt ram 0x80f80000 0x80000;ramdisk ram 0x81000000 0x4000000
dfu_bufsiz=0x10000
eth1addr=34:b1:f7:31:60:ce
ethact=cpsw
ethaddr=34:b1:f7:31:60:cc
fdt_addr_r=0x88000000
fdtaddr=0x88000000
fdtfile=undefined
findfdt=if test $board_name = AM43EPOS; then setenv fdtfile am43x-epos-evm.dtb; fi; if test $board_name = AM43__GP; then setenv fdtfile am437x-gp-evm.dtb; fi; if test $board_name = AM43__SK; then setenv fdtfile am437x-sk-evm.dtb; fi; if test $fdtfile = undefined; then echo WARNING: Could not determine device tree; fi; 
importbootenv=echo Importing environment from mmc ...; env import -t $loadaddr $filesize
kernel_addr_r=0x82000000
loadaddr=0x82000000
loadbootenv=load ${devtype} ${devnum} ${loadaddr} ${bootenv}
loadfdt=load ${devtype} ${bootpart} ${fdtaddr} ${bootdir}/${fdtfile}
loadimage=load ${devtype} ${bootpart} ${loadaddr} ${bootdir}/${bootfile}
loadramdisk=load ${devtype} ${devnum} ${rdaddr} ramdisk.gz
mmcargs=setenv bootargs console=${console} ${optargs} root=${mmcroot} rootfstype=${mmcrootfstype}
mmcboot=mmc dev ${mmcdev}; setenv devnum ${mmcdev}; setenv devtype mmc; if mmc rescan; then echo SD/MMC found on device ${devnum};if run loadbootenv; then echo Loaded environment from ${bootenv};run importbootenv;fi;if test -n $uenvcmd; then echo Running uenvcmd ...;run uenvcmd;fi;if run loadimage; then run loadfdt; echo Booting from mmc${mmcdev} ...; run mmcargs; bootz ${loadaddr} - ${fdtaddr}; fi;fi;
mmcdev=0
mmcroot=/dev/mmcblk0p2 rw
mmcrootfstype=ext4 rootwait
mtdids=nand0=nand.0
mtdparts=mtdparts=nand.0:256k(NAND.SPL),256k(NAND.SPL.backup1),256k(NAND.SPL.backup2),256k(NAND.SPL.backup3),512k(NAND.u-boot-spl-os),1m(NAND.u-boot),256k(NAND.u-boot-env),256k(NAND.u-boot-env.backup1),7m(NAND.kernel),-(NAND.file-system)
nandargs=setenv bootargs console=${console} ${optargs} root=${nandroot} rootfstype=${nandrootfstype}
nandboot=echo Booting from nand ...; run nandargs; nand read ${fdtaddr} NAND.u-boot-spl-os; nand read ${loadaddr} NAND.kernel; bootz ${loadaddr} - ${fdtaddr}
nandroot=ubi0:rootfs rw ubi.mtd=NAND.file-system,4096
nandrootfstype=ubifs rootwait=1
partitions=uuid_disk=${uuid_gpt_disk};name=rootfs,start=2MiB,size=-,uuid=${uuid_gpt_rootfs}
ramargs=setenv bootargs console=${console} ${optargs} root=${ramroot} rootfstype=${ramrootfstype}
ramdisk_addr_r=0x88080000
ramroot=/dev/ram0 rw
ramrootfstype=ext2
rdaddr=0x88080000
serverip=192.168.0.1
soc=am33xx
stderr=serial
stdin=serial
stdout=serial
usbargs=setenv bootargs console=${console} ${optargs} root=${usbroot} rootfstype=${usbrootfstype}
usbboot=setenv devnum ${usbdev}; setenv devtype usb; usb start ${usbdev}; if usb dev ${usbdev}; then if run loadbootenv; then echo Loaded environment from ${bootenv};run importbootenv;fi;if test -n $uenvcmd; then echo Running uenvcmd ...;run uenvcmd;fi;if run loadimage; then run loadfdt; echo Booting from usb ${usbdev}...; run usbargs;bootz ${loadaddr} - ${fdtaddr}; fi;fi
usbdev=0
usbroot=/dev/sda2 rw
usbrootfstype=ext4 rootwait
vendor=ti
ver=U-Boot 2014.07-00071-gaca0808 (Oct 02 2014 - 11:23:51)
Environment size: 3710/65532 bytes
U-Boot# 
- 06:49:44 [INFO] Host: setenv bootargs ''${bootargs}' ip=dhcp '
- 06:49:45 [INFO] Target: 
setenv bootargs ''${bootargs}' ip=dhcp '
U-Boot# 
- 06:49:45 [INFO] Host: setenv serverip '192.168.0.1'
- 06:49:45 [INFO] Target: 
setenv serverip '192.168.0.1'
U-Boot# 
- 06:49:45 [INFO] Host: setenv ipaddr dhcp
- 06:49:46 [INFO] Target: 
setenv ipaddr dhcp
U-Boot# 
- 06:49:46 [INFO] Host: setenv autoload 'no'
- 06:49:46 [INFO] Target: 
setenv autoload 'no'
U-Boot# 
- 06:49:46 [INFO] Host: dhcp
- 06:49:48 [INFO] Target: 
dhcp
link up on port 0, speed 1000, full duplex
BOOTP broadcast 1
DHCP client bound to address 192.168.0.113
U-Boot# 
- 06:49:48 [INFO] Host: setenv serverip '192.168.0.1'
- 06:49:48 [INFO] Target: 
setenv serverip '192.168.0.1'
U-Boot# 
- 06:49:48 [INFO] Host: tftp ${loadaddr} 192.168.0.1:vatf_am437x-sk1/77c2ba5607abbf76ffbb2c2ca6c05a95
- 06:49:49 [INFO] Target: 
tftp ${loadaddr} 192.168.0.1:vatf_am437x-sk1/77c2ba5607abbf76ffbb2c2ca6c05a95
link up on port 0, speed 1000, full duplex
Using cpsw device
TFTP from server 192.168.0.1; our IP address is 192.168.0.113
Filename 'vatf_am437x-sk1/77c2ba5607abbf76ffbb2c2ca6c05a95'.
Load address: 0x82000000
Loading: *#################################################################
	 #################################################################
	 #################################################################
	 #################################################################
	 #######################################################
	 10 MiB/s
done
Bytes transferred = 4615824 (466e90 hex)
U-Boot# 
- 06:49:49 [INFO] Host: tftp ${fdt_addr_r} 192.168.0.1:vatf_am437x-sk1/0060e618af825c7f1e35acb62c9645ad
- 06:49:49 [INFO] Target: 
tftp ${fdt_addr_r} 192.168.0.1:vatf_am437x-sk1/0060e618af825c7f1e35acb62c9645ad
link up on port 0, speed 1000, full duplex
Using cpsw device
TFTP from server 192.168.0.1; our IP address is 192.168.0.113
Filename 'vatf_am437x-sk1/0060e618af825c7f1e35acb62c9645ad'.
Load address: 0x88000000
Loading: *###
	 7.2 MiB/s
done
Bytes transferred = 37879 (93f7 hex)
U-Boot# 
- 06:49:49 [INFO] Host: ls mmc 0:1
- 06:49:50 [INFO] Target: 
ls mmc 0:1
   116932   mlo 
     1164   readme 
   402732   u-boot.img 
       14   .ipaddr 
4 file(s), 0 dir(s)
U-Boot# 
- 06:49:50 [INFO] Host: ls mmc 0:2
- 06:49:50 [INFO] Target: 
ls mmc 0:2
<DIR>       4096 .
<DIR>       4096 ..
<DIR>       4096 bin
<DIR>       4096 boot
<DIR>       4096 dev
<DIR>       4096 etc
<DIR>       4096 home
<DIR>       4096 lib
<DIR>       4096 media
<DIR>       4096 mnt
<DIR>       4096 opt
<DIR>       4096 proc
<DIR>       4096 run
<DIR>       4096 sbin
<DIR>       4096 srv
<DIR>       4096 sys
<SYM>          8 tmp
<DIR>       4096 usr
<DIR>       4096 var
<DIR>       4096 www
<DIR>       4096 test
U-Boot# 
- 06:49:50 [INFO] Host: part uuid mmc 0:2
- 06:49:51 [INFO] Target: 
part uuid mmc 0:2
00000000-02
U-Boot# 
- 06:49:51 [INFO] Host: printenv
- 06:49:51 [INFO] Target: 
printenv
arch=arm
autoload=no
baudrate=115200
board=am43xx
board_name=AM43__SK
board_rev=1.0A
bootargs=console=ttyO0,115200n8 earlyprintk rootwait  ip=dhcp 
bootcmd=
bootdelay=1
bootdir=/boot
bootenv=uEnv.txt
bootfile=zImage
bootm_size=0x10000000
bootpart=0:2
console=ttyO0,115200n8
cpu=armv7
dfu_alt_info_emmc=MLO raw 0x100 0x100 mmcpart 0;u-boot.img raw 0x300 0x1000 mmcpart 0
dfu_alt_info_mmc=boot part 0 1;rootfs part 0 2;MLO fat 0 1;spl-os-args fat 0 1;spl-os-image fat 0 1;u-boot.img fat 0 1;uEnv.txt fat 0 1
dfu_alt_info_ram=kernel ram 0x80200000 0x4000000;fdt ram 0x80f80000 0x80000;ramdisk ram 0x81000000 0x4000000
dfu_bufsiz=0x10000
dnsip=192.0.2.2
dnsip2=192.0.2.3
eth1addr=34:b1:f7:31:60:ce
ethact=cpsw
ethaddr=34:b1:f7:31:60:cc
fdt_addr_r=0x88000000
fdtaddr=0x88000000
fdtfile=undefined
fileaddr=88000000
filesize=93f7
findfdt=if test $board_name = AM43EPOS; then setenv fdtfile am43x-epos-evm.dtb; fi; if test $board_name = AM43__GP; then setenv fdtfile am437x-gp-evm.dtb; fi; if test $board_name = AM43__SK; then setenv fdtfile am437x-sk-evm.dtb; fi; if test $fdtfile = undefined; then echo WARNING: Could not determine device tree; fi; 
gatewayip=192.168.0.1
importbootenv=echo Importing environment from mmc ...; env import -t $loadaddr $filesize
ipaddr=192.168.0.113
kernel_addr_r=0x82000000
loadaddr=0x82000000
loadbootenv=load ${devtype} ${devnum} ${loadaddr} ${bootenv}
loadfdt=load ${devtype} ${bootpart} ${fdtaddr} ${bootdir}/${fdtfile}
loadimage=load ${devtype} ${bootpart} ${loadaddr} ${bootdir}/${bootfile}
loadramdisk=load ${devtype} ${devnum} ${rdaddr} ramdisk.gz
mmcargs=setenv bootargs console=${console} ${optargs} root=${mmcroot} rootfstype=${mmcrootfstype}
mmcboot=mmc dev ${mmcdev}; setenv devnum ${mmcdev}; setenv devtype mmc; if mmc rescan; then echo SD/MMC found on device ${devnum};if run loadbootenv; then echo Loaded environment from ${bootenv};run importbootenv;fi;if test -n $uenvcmd; then echo Running uenvcmd ...;run uenvcmd;fi;if run loadimage; then run loadfdt; echo Booting from mmc${mmcdev} ...; run mmcargs; bootz ${loadaddr} - ${fdtaddr}; fi;fi;
mmcdev=0
mmcroot=/dev/mmcblk0p2 rw
mmcrootfstype=ext4 rootwait
mtdids=nand0=nand.0
mtdparts=mtdparts=nand.0:256k(NAND.SPL),256k(NAND.SPL.backup1),256k(NAND.SPL.backup2),256k(NAND.SPL.backup3),512k(NAND.u-boot-spl-os),1m(NAND.u-boot),256k(NAND.u-boot-env),256k(NAND.u-boot-env.backup1),7m(NAND.kernel),-(NAND.file-system)
nandargs=setenv bootargs console=${console} ${optargs} root=${nandroot} rootfstype=${nandrootfstype}
nandboot=echo Booting from nand ...; run nandargs; nand read ${fdtaddr} NAND.u-boot-spl-os; nand read ${loadaddr} NAND.kernel; bootz ${loadaddr} - ${fdtaddr}
nandroot=ubi0:rootfs rw ubi.mtd=NAND.file-system,4096
nandrootfstype=ubifs rootwait=1
netmask=255.255.255.0
partitions=uuid_disk=${uuid_gpt_disk};name=rootfs,start=2MiB,size=-,uuid=${uuid_gpt_rootfs}
ramargs=setenv bootargs console=${console} ${optargs} root=${ramroot} rootfstype=${ramrootfstype}
ramdisk_addr_r=0x88080000
ramroot=/dev/ram0 rw
ramrootfstype=ext2
rdaddr=0x88080000
serverip=192.168.0.1
soc=am33xx
stderr=serial
stdin=serial
stdout=serial
usbargs=setenv bootargs console=${console} ${optargs} root=${usbroot} rootfstype=${usbrootfstype}
usbboot=setenv devnum ${usbdev}; setenv devtype usb; usb start ${usbdev}; if usb dev ${usbdev}; then if run loadbootenv; then echo Loaded environment from ${bootenv};run importbootenv;fi;if test -n $uenvcmd; then echo Running uenvcmd ...;run uenvcmd;fi;if run loadimage; then run loadfdt; echo Booting from usb ${usbdev}...; run usbargs;bootz ${loadaddr} - ${fdtaddr}; fi;fi
usbdev=0
usbroot=/dev/sda2 rw
usbrootfstype=ext4 rootwait
vendor=ti
ver=U-Boot 2014.07-00071-gaca0808 (Oct 02 2014 - 11:23:51)
Environment size: 3863/65532 bytes
U-Boot# 
- 06:49:51 [INFO] Host: setenv bootargs ''${bootargs}' root=PARTUUID=00000000-02 rw rootfstype=ext4 rootwait '
- 06:49:52 [INFO] Target: 
setenv bootargs ''${bootargs}' root=PARTUUID=00000000-02 rw rootfstype=ext4 rootwait '
U-Boot# 
- 06:49:52 [INFO] Host: printenv
- 06:49:52 [INFO] Target: 
printenv
arch=arm
autoload=no
baudrate=115200
board=am43xx
board_name=AM43__SK
board_rev=1.0A
bootargs=console=ttyO0,115200n8 earlyprintk rootwait  ip=dhcp  root=PARTUUID=00000000-02 rw rootfstype=ext4 rootwait 
bootcmd=
bootdelay=1
bootdir=/boot
bootenv=uEnv.txt
bootfile=zImage
bootm_size=0x10000000
bootpart=0:2
console=ttyO0,115200n8
cpu=armv7
dfu_alt_info_emmc=MLO raw 0x100 0x100 mmcpart 0;u-boot.img raw 0x300 0x1000 mmcpart 0
dfu_alt_info_mmc=boot part 0 1;rootfs part 0 2;MLO fat 0 1;spl-os-args fat 0 1;spl-os-image fat 0 1;u-boot.img fat 0 1;uEnv.txt fat 0 1
dfu_alt_info_ram=kernel ram 0x80200000 0x4000000;fdt ram 0x80f80000 0x80000;ramdisk ram 0x81000000 0x4000000
dfu_bufsiz=0x10000
dnsip=192.0.2.2
dnsip2=192.0.2.3
eth1addr=34:b1:f7:31:60:ce
ethact=cpsw
ethaddr=34:b1:f7:31:60:cc
fdt_addr_r=0x88000000
fdtaddr=0x88000000
fdtfile=undefined
fileaddr=88000000
filesize=93f7
findfdt=if test $board_name = AM43EPOS; then setenv fdtfile am43x-epos-evm.dtb; fi; if test $board_name = AM43__GP; then setenv fdtfile am437x-gp-evm.dtb; fi; if test $board_name = AM43__SK; then setenv fdtfile am437x-sk-evm.dtb; fi; if test $fdtfile = undefined; then echo WARNING: Could not determine device tree; fi; 
gatewayip=192.168.0.1
importbootenv=echo Importing environment from mmc ...; env import -t $loadaddr $filesize
ipaddr=192.168.0.113
kernel_addr_r=0x82000000
loadaddr=0x82000000
loadbootenv=load ${devtype} ${devnum} ${loadaddr} ${bootenv}
loadfdt=load ${devtype} ${bootpart} ${fdtaddr} ${bootdir}/${fdtfile}
loadimage=load ${devtype} ${bootpart} ${loadaddr} ${bootdir}/${bootfile}
loadramdisk=load ${devtype} ${devnum} ${rdaddr} ramdisk.gz
mmcargs=setenv bootargs console=${console} ${optargs} root=${mmcroot} rootfstype=${mmcrootfstype}
mmcboot=mmc dev ${mmcdev}; setenv devnum ${mmcdev}; setenv devtype mmc; if mmc rescan; then echo SD/MMC found on device ${devnum};if run loadbootenv; then echo Loaded environment from ${bootenv};run importbootenv;fi;if test -n $uenvcmd; then echo Running uenvcmd ...;run uenvcmd;fi;if run loadimage; then run loadfdt; echo Booting from mmc${mmcdev} ...; run mmcargs; bootz ${loadaddr} - ${fdtaddr}; fi;fi;
mmcdev=0
mmcroot=/dev/mmcblk0p2 rw
mmcrootfstype=ext4 rootwait
mtdids=nand0=nand.0
mtdparts=mtdparts=nand.0:256k(NAND.SPL),256k(NAND.SPL.backup1),256k(NAND.SPL.backup2),256k(NAND.SPL.backup3),512k(NAND.u-boot-spl-os),1m(NAND.u-boot),256k(NAND.u-boot-env),256k(NAND.u-boot-env.backup1),7m(NAND.kernel),-(NAND.file-system)
nandargs=setenv bootargs console=${console} ${optargs} root=${nandroot} rootfstype=${nandrootfstype}
nandboot=echo Booting from nand ...; run nandargs; nand read ${fdtaddr} NAND.u-boot-spl-os; nand read ${loadaddr} NAND.kernel; bootz ${loadaddr} - ${fdtaddr}
nandroot=ubi0:rootfs rw ubi.mtd=NAND.file-system,4096
nandrootfstype=ubifs rootwait=1
netmask=255.255.255.0
partitions=uuid_disk=${uuid_gpt_disk};name=rootfs,start=2MiB,size=-,uuid=${uuid_gpt_rootfs}
ramargs=setenv bootargs console=${console} ${optargs} root=${ramroot} rootfstype=${ramrootfstype}
ramdisk_addr_r=0x88080000
ramroot=/dev/ram0 rw
ramrootfstype=ext2
rdaddr=0x88080000
serverip=192.168.0.1
soc=am33xx
stderr=serial
stdin=serial
stdout=serial
usbargs=setenv bootargs console=${console} ${optargs} root=${usbroot} rootfstype=${usbrootfstype}
usbboot=setenv devnum ${usbdev}; setenv devtype usb; usb start ${usbdev}; if usb dev ${usbdev}; then if run loadbootenv; then echo Loaded environment from ${bootenv};run importbootenv;fi;if test -n $uenvcmd; then echo Running uenvcmd ...;run uenvcmd;fi;if run loadimage; then run loadfdt; echo Booting from usb ${usbdev}...; run usbargs;bootz ${loadaddr} - ${fdtaddr}; fi;fi
usbdev=0
usbroot=/dev/sda2 rw
usbrootfstype=ext4 rootwait
vendor=ti
ver=U-Boot 2014.07-00071-gaca0808 (Oct 02 2014 - 11:23:51)
Environment size: 3918/65532 bytes
U-Boot# 
- 06:49:52 [INFO] Host: setenv bootcmd ''${bootcmd}' if iminfo ${loadaddr}; then bootm ${loadaddr} - ${fdt_addr_r}; else bootz ${loadaddr} - ${fdt_addr_r}; bootm ${loadaddr} - ${fdt_addr_r}; fi'
- 06:49:53 [INFO] Target: 
setenv bootcmd ''${bootcmd}' if iminfo ${loadaddr}; then bootm ${loadaddr} - ${fdt_addr_r}; else bootz ${loadaddr} - ${fdt_addr_r}; bootm ${loadaddr} - ${fdt_addr_r}; fi'
U-Boot# 
- 06:49:53 [INFO] Host: bdinfo
- 06:49:53 [INFO] Target: 
bdinfo
arch_number = 0x00000000
boot_params = 0x80000100
DRAM bank   = 0x00000000
-> start    = 0x80000000
-> size     = 0x40000000
eth0name    = cpsw
ethaddr     = 34:b1:f7:31:60:cc
current eth = cpsw
ip_addr     = 192.168.0.113
baudrate    = 115200 bps
TLB addr    = 0xBFFF0000
relocaddr   = 0xBF734000
reloc off   = 0x3EF34000
irq_sp      = 0xBE723EE0
sp start    = 0xBE723ED0
U-Boot# 
- 06:49:53 [INFO] Host: boot
- 06:50:28 [INFO] Target: 
boot
## Checking Image at 82000000 ...
Unknown image format!
Kernel image @ 0x82000000 [ 0x000000 - 0x466e90 ]
## Flattened Device Tree blob at 88000000
   Booting using the fdt blob at 0x88000000
   Loading Device Tree to 8fff3000, end 8ffff3f6 ... OK
Starting kernel ...
[    0.000000] Booting Linux on physical CPU 0x0
[    0.000000] Initializing cgroup subsys cpuset
[    0.000000] Initializing cgroup subsys cpu
[    0.000000] Initializing cgroup subsys cpuacct
[    0.000000] Linux version 3.18.0-rc7-next-20141204-00002-g920c1cf (nmenon@kahuna) (gcc version 4.6.3 (Ubuntu/Linaro 4.6.3-1ubuntu5) ) #1 SMP Thu Dec 4 05:42:39 CST 2014
[    0.000000] CPU: ARMv7 Processor [412fc09a] revision 10 (ARMv7), cr=10c5387d
[    0.000000] CPU: PIPT / VIPT nonaliasing data cache, VIPT aliasing instruction cache
[    0.000000] Machine model: TI AM437x SK EVM
[    0.000000] cma: Reserved 16 MiB at 0xbf000000
[    0.000000] Memory policy: Data cache writeback
[    0.000000] CPU: All CPU(s) started in SVC mode.
[    0.000000] AM437x ES1.1 (sgx neon )
[    0.000000] L2C: platform modifies aux control register: 0x0e030000 -> 0x3e430000
[    0.000000] PERCPU: Embedded 11 pages/cpu @eeebb000 s14912 r8192 d21952 u45056
[    0.000000] Built 1 zonelists in Zone order, mobility grouping on.  Total pages: 260434
[    0.000000] Kernel command line: console=ttyO0,115200n8 earlyprintk rootwait  ip=dhcp  root=PARTUUID=00000000-02 rw rootfstype=ext4 rootwait 
[    0.000000] PID hash table entries: 4096 (order: 2, 16384 bytes)
[    0.000000] Dentry cache hash table entries: 131072 (order: 7, 524288 bytes)
[    0.000000] Inode-cache hash table entries: 65536 (order: 6, 262144 bytes)
[    0.000000] Memory: 1004176K/1048576K available (6065K kernel code, 678K rwdata, 2300K rodata, 424K init, 8218K bss, 28016K reserved, 16384K cma-reserved, 253952K highmem)
[    0.000000] Virtual kernel memory layout:
[    0.000000]     vector  : 0xffff0000 - 0xffff1000   (   4 kB)
[    0.000000]     fixmap  : 0xffc00000 - 0xfff00000   (3072 kB)
[    0.000000]     vmalloc : 0xf0000000 - 0xff000000   ( 240 MB)
[    0.000000]     lowmem  : 0xc0000000 - 0xef800000   ( 760 MB)
[    0.000000]     pkmap   : 0xbfe00000 - 0xc0000000   (   2 MB)
[    0.000000]     modules : 0xbf000000 - 0xbfe00000   (  14 MB)
[    0.000000]       .text : 0xc0008000 - 0xc0833764   (8366 kB)
[    0.000000]       .init : 0xc0834000 - 0xc089e000   ( 424 kB)
[    0.000000]       .data : 0xc089e000 - 0xc0947a38   ( 679 kB)
[    0.000000]        .bss : 0xc0947a38 - 0xc114e3c0   (8219 kB)
[    0.000000] Hierarchical RCU implementation.
[    0.000000] 	RCU restricting CPUs from NR_CPUS=2 to nr_cpu_ids=1.
[    0.000000] RCU: Adjusting geometry for rcu_fanout_leaf=16, nr_cpu_ids=1
[    0.000000] NR_IRQS:16 nr_irqs:16 16
[    0.000000] GIC CPU mask not found - kernel will fail to boot.
[    0.000000] GIC CPU mask not found - kernel will fail to boot.
[    0.000000] OMAP clockevent source: timer2 at 24000000 Hz
[    0.000025] sched_clock: 32 bits at 24MHz, resolution 41ns, wraps every 178956969942ns
[    0.000129] OMAP clocksource: timer1 at 24000000 Hz
[    0.001149] Console: colour dummy device 80x30
[    0.001238] Lock dependency validator: Copyright (c) 2006 Red Hat, Inc., Ingo Molnar
[    0.001253] ... MAX_LOCKDEP_SUBCLASSES:  8
[    0.001262] ... MAX_LOCK_DEPTH:          48
[    0.001269] ... MAX_LOCKDEP_KEYS:        8191
[    0.001276] ... CLASSHASH_SIZE:          4096
[    0.001283] ... MAX_LOCKDEP_ENTRIES:     32768
[    0.001290] ... MAX_LOCKDEP_CHAINS:      65536
[    0.001296] ... CHAINHASH_SIZE:          32768
[    0.001303]  memory used by lock dependency info: 5167 kB
[    0.001310]  per task-struct memory footprint: 1152 bytes
[    0.001353] Calibrating delay loop... 1980.82 BogoMIPS (lpj=9904128)
[    0.108828] pid_max: default: 32768 minimum: 301
[    0.109404] Security Framework initialized
[    0.109661] Mount-cache hash table entries: 2048 (order: 1, 8192 bytes)
[    0.109696] Mountpoint-cache hash table entries: 2048 (order: 1, 8192 bytes)
[    0.113330] Initializing cgroup subsys memory
[    0.113450] Initializing cgroup subsys devices
[    0.113606] Initializing cgroup subsys freezer
[    0.113737] Initializing cgroup subsys blkio
[    0.113884] Initializing cgroup subsys perf_event
[    0.114036] CPU: Testing write buffer coherency: ok
[    0.115926] CPU0: thread -1, cpu 0, socket 0, mpidr 80000000
[    0.116089] Setting up static identity map for 0x805bf290 - 0x805bf300
[    0.123071] Brought up 1 CPUs
[    0.123098] CPU: All CPU(s) started in SVC mode.
[    0.127655] devtmpfs: initialized
[    0.131350] VFP support v0.3: implementor 41 architecture 3 part 30 variant 9 rev 4
[    0.188067] omap_hwmod: tptc0 using broken dt data from edma
[    0.188581] omap_hwmod: tptc1 using broken dt data from edma
[    0.189188] omap_hwmod: tptc2 using broken dt data from edma
[    0.258970] omap_hwmod: dss_dispc: cannot be enabled for reset (3)
[    0.262287] omap_hwmod: dss_rfbi: cannot be enabled for reset (3)
[    0.268431] pinctrl core: initialized pinctrl subsystem
[    0.310423] NET: Registered protocol family 16
[    0.315448] DMA: preallocated 256 KiB pool for atomic coherent allocations
[    0.318640] cpuidle: using governor ladder
[    0.318695] cpuidle: using governor menu
[    0.323325] omap_l3_noc 44000000.ocp: L3 debug error: target 8 mod:0 (unclearable)
[    0.323604] omap_l3_noc 44000000.ocp: L3 application error: target 8 mod:0 (unclearable)
[    0.328697] platform 44e3e000.rtc: Cannot lookup hwmod 'rtc'
[    0.333102] OMAP GPIO hardware version 0.1
[    0.345129] platform 53701000.des: Cannot lookup hwmod 'des'
[    0.357062] No ATAGs?
[    0.357177] hw-breakpoint: found 5 (+1 reserved) breakpoint and 1 watchpoint registers.
[    0.357202] hw-breakpoint: maximum watchpoint size is 4 bytes.
[    0.411538] edma-dma-engine edma-dma-engine.0: TI EDMA DMA engine driver
[    0.415903] SCSI subsystem initialized
[    0.417026] usbcore: registered new interface driver usbfs
[    0.417266] usbcore: registered new interface driver hub
[    0.417465] usbcore: registered new device driver usb
[    0.418765] omap_i2c 44e0b000.i2c: could not find pctldev for node /pinmux@44e10800/i2c0_pins, deferring probe
[    0.418973] platform 44e0b000.i2c: Driver omap_i2c requests probe deferral
[    0.419087] omap_i2c 4802a000.i2c: could not find pctldev for node /pinmux@44e10800/i2c1_pins, deferring probe
[    0.419133] platform 4802a000.i2c: Driver omap_i2c requests probe deferral
[    0.424799] Switched to clocksource timer1
[    0.592860] NET: Registered protocol family 2
[    0.595726] TCP established hash table entries: 8192 (order: 3, 32768 bytes)
[    0.595951] TCP bind hash table entries: 8192 (order: 6, 294912 bytes)
[    0.597926] TCP: Hash tables configured (established 8192 bind 8192)
[    0.598413] TCP: reno registered
[    0.598482] UDP hash table entries: 512 (order: 3, 40960 bytes)
[    0.598762] UDP-Lite hash table entries: 512 (order: 3, 40960 bytes)
[    0.600433] NET: Registered protocol family 1
[    0.602722] RPC: Registered named UNIX socket transport module.
[    0.602757] RPC: Registered udp transport module.
[    0.602772] RPC: Registered tcp transport module.
[    0.602784] RPC: Registered tcp NFSv4.1 backchannel transport module.
[    0.609199] futex hash table entries: 256 (order: 2, 16384 bytes)
[    0.609475] audit: initializing netlink subsys (disabled)
[    0.609936] audit: type=2000 audit(0.600:1): initialized
[    0.616590] VFS: Disk quotas dquot_6.5.2
[    0.616802] VFS: Dquot-cache hash table entries: 1024 (order 0, 4096 bytes)
[    0.620822] NFS: Registering the id_resolver key type
[    0.621405] Key type id_resolver registered
[    0.621436] Key type id_legacy registered
[    0.621825] jffs2: version 2.2. (NAND) (SUMMARY)   2001-2006 Red Hat, Inc.
[    0.630745] bounce: pool size: 64 pages
[    0.630985] io scheduler noop registered
[    0.631033] io scheduler deadline registered
[    0.631204] io scheduler cfq registered (default)
[    0.639103] pinctrl-single 44e10800.pinmux: 199 pins at pa f9e10800 size 796
[    0.643314] Serial: 8250/16550 driver, 4 ports, IRQ sharing enabled
[    0.651092] omap_uart 44e09000.serial: no wakeirq for uart0
[    0.651178] omap_uart 44e09000.serial: No clock speed specified: using default: 48000000
[    0.651932] omap_uart 44e09000.serial: ttyO0 at MMIO 0x44e09000 (irq = 23, base_baud = 3000000) is a OMAP UART0
[    1.417012] console [ttyO0] enabled
[    1.454209] brd: module loaded
[    1.476399] loop: module loaded
[    1.483517] mtdoops: mtd device (mtddev=name/number) must be supplied
[    1.494756] usbcore: registered new interface driver asix
[    1.500689] usbcore: registered new interface driver ax88179_178a
[    1.507432] usbcore: registered new interface driver cdc_ether
[    1.513882] usbcore: registered new interface driver smsc95xx
[    1.520268] usbcore: registered new interface driver net1080
[    1.526550] usbcore: registered new interface driver cdc_subset
[    1.533000] usbcore: registered new interface driver zaurus
[    1.539289] usbcore: registered new interface driver cdc_ncm
[    1.547035] usbcore: registered new interface driver cdc_wdm
[    1.553267] usbcore: registered new interface driver usb-storage
[    1.559989] usbcore: registered new interface driver usbtest
[    1.569268] mousedev: PS/2 mouse device common for all mice
[    1.577950] omap_rtc 44e3e000.rtc: _od_fail_runtime_resume: FIXME: missing hwmod/omap_dev info
[    1.589456] omap_rtc 44e3e000.rtc: rtc core: registered 44e3e000.rtc as rtc0
[    1.597986] i2c /dev entries driver
[    1.601801] Driver for 1-wire Dallas network protocol.
[    1.611367] omap_wdt: OMAP Watchdog Timer Rev 0x01: initial timeout 60 sec
[    1.619890] Driver 'mmcblk' needs updating - please use bus_type methods
[    1.630606] omap_hsmmc 48060000.mmc: unable to get vmmc regulator -517
[    1.638476] platform 48060000.mmc: Driver omap_hsmmc requests probe deferral
[    1.650362] ledtrig-cpu: registered to indicate activity on CPUs
[    1.657639] usbcore: registered new interface driver usbhid
[    1.663516] usbhid: USB HID core driver
[    1.669448] oprofile: no performance counters
[    1.676048] oprofile: using timer interrupt.
[    1.681675] TCP: cubic registered
[    1.685354] Initializing XFRM netlink socket
[    1.690151] NET: Registered protocol family 17
[    1.695066] NET: Registered protocol family 15
[    1.700358] Key type dns_resolver registered
[    1.705270] omap_voltage_late_init: Voltage driver support not added
[    1.711975] sr_dev_init: No voltage domain specified for smartreflex0. Cannot initialize
[    1.720618] sr_dev_init: No voltage domain specified for smartreflex1. Cannot initialize
[    1.730839] ThumbEE CPU extension supported.
[    1.735530] Registering SWP/SWPB emulation handler
[    1.740611] SmartReflex Class3 initialized
[    1.813411] omap_i2c 44e0b000.i2c: bus 0 rev0.12 at 400 kHz
[    1.828225] omap_i2c 4802a000.i2c: bus 1 rev0.12 at 400 kHz
[    1.934735] davinci_mdio 4a101000.mdio: davinci mdio revision 1.6
[    1.941160] davinci_mdio 4a101000.mdio: detected phy mask ffffffcf
[    1.953260] libphy: 4a101000.mdio: probed
[    1.957677] davinci_mdio 4a101000.mdio: phy[4]: device 4a101000.mdio:04, driver unknown
[    1.966190] davinci_mdio 4a101000.mdio: phy[5]: device 4a101000.mdio:05, driver unknown
[    1.976187] cpsw 4a100000.ethernet: Detected MACID = 34:b1:f7:31:60:cc
[    1.986298] cpsw 4a100000.ethernet: cpsw: Detected MACID = 34:b1:f7:31:60:ce
[    1.996494] omap_rtc 44e3e000.rtc: setting system clock to 2000-01-01 00:00:00 UTC (946684800)
[    2.005699] sr_init: No PMIC hook to init smartreflex
[    2.011371] sr_init: platform driver register failed for SR
[    2.043561] net eth0: initializing cpsw version 1.15 (0)
[    2.064419] mmc0: host does not support reading read-only switch, assuming write-enable
[    2.076990] mmc0: new high speed SDHC card at address aaaa
[    2.086207] mmcblk0: mmc0:aaaa SS08G 7.40 GiB 
[    2.098507]  mmcblk0: p1 p2 p3
[    2.125369] net eth0: phy found : id is : 0x221621
[    2.134312] net eth1: initializing cpsw version 1.15 (0)
[    2.215264] net eth1: phy found : id is : 0x221621
[    5.125737] cpsw 4a100000.ethernet eth0: Link is Up - 1Gbps/Full - flow control rx/tx
[    5.154772] Sending DHCP requests ., OK
[    5.216182] IP-Config: Got DHCP answer from 192.168.0.1, my address is 192.168.0.113
[    5.228439] IP-Config: Complete:
[    5.231865]      device=eth0, hwaddr=34:b1:f7:31:60:cc, ipaddr=192.168.0.113, mask=255.255.255.0, gw=192.168.0.1
[    5.242659]      host=192.168.0.113, domain=ti.com, nis-domain=(none)
[    5.249494]      bootserver=192.168.0.1, rootserver=192.168.0.1, rootpath=
[    5.256594]      nameserver0=192.0.2.2, nameserver1=192.0.2.3
[    5.304085] EXT4-fs (mmcblk0p2): mounted filesystem with ordered data mode. Opts: (null)
[    5.312928] VFS: Mounted root (ext4 filesystem) on device 179:2.
[    5.332153] devtmpfs: mounted
[    5.336334] Freeing unused kernel memory: 424K (c0834000 - c089e000)
INIT: version 2.88 booting
Error opening /dev/fb0: No such file or directory
Starting udev
[    6.654904] udevd[82]: starting version 182
[   16.988091] FAT-fs (mmcblk0p1): Volume was not properly unmounted. Some data may be corrupt. Please run fsck.
[   17.029754] EXT4-fs (mmcblk0p3): mounted filesystem with ordered data mode. Opts: (null)
[   17.997525] EXT4-fs (mmcblk0p2): re-mounted. Opts: data=ordered
Starting Bootlog daemon: bootlogd: cannot allocate pseudo tty: No such file or directory
bootlogd.
[   18.334137] random: dd urandom read with 57 bits of entropy available
Populating dev cache
ALSA: Restoring mixer settings...
/usr/sbin/alsactl: load_state:1729: No soundcards found...
Sat Jan  1 00:09:00 UTC 2000
INIT: Entering runlevel: 5
Configuring network interfaces... udhcpc (v1.22.1) started
Sending discover...
Sending select for 192.168.0.68...
Lease of 192.168.0.68 obtained, lease time 600
/etc/udhcpc.d/50default: Adding DNS 192.0.2.2
/etc/udhcpc.d/50default: Adding DNS 192.0.2.3
done.
Starting system message bus: dbus.
UIM SYSFS Node Not Found
Starting Dropbear SSH server: dropbear.
Starting telnet daemon.
Starting rpcbind daemon...rpcbind: cannot create socket for udp6
rpcbind: cannot create socket for tcp6
done.
creating NFS state directory: done
starting statd: done
Starting syslogd/klogd: done
Starting thttpd.
Starting Lighttpd Web Server: lighttpd.
2000-01-01 00:00:00: (/scratch/jenkins/coresdk-nightly-build/build-CORTEX_2/arago-tmp-external-linaro-toolchain/work/cortexa9t2hf-vfp-neon-oe-linux-gnueabi/lighttpd/1.4.33-r1/lighttpd-1.4.33/src/log.c.166) server started 
Starting Matrix GUI application.
[   31.546496] random: nonblocking pool is initialized
***************************************************************
***************************************************************
NOTICE: This file system contains the followin GPLv3 packages:
	binutils
	elfutils
	gdbserver
	libdw1
	libelf1
If you do not wish to distribute GPLv3 components please remove
the above packages prior to distribution.  This can be done using
the opkg remove command.  i.e.:
    opkg remove <package>
Where <package> is the name printed in the list above
NOTE: If the package is a dependency of another package you
      will be notified of the dependent packages.  You should
      use the --force-removal-of-dependent-packages option to
      also remove the dependent packages as well
***************************************************************
***************************************************************
Stopping Bootlog daemon: bootlogd.
 _____                    _____           _         _   
|  _  |___ ___ ___ ___   |  _  |___ ___  |_|___ ___| |_ 
|     |  _| .'| . | . |  |   __|  _| . | | | -_|  _|  _|
|__|__|_| |__,|_  |___|  |__|  |_| |___|_| |___|___|_|  
              |___|                    |___|            
Arago Project http://arago-project.org am437x-evm /dev/ttyO0
Arago 2014.08 am437x-evm /dev/ttyO0
am437x-evm login: 
- 06:50:28 [INFO] Host: root
- 06:50:29 [INFO] Target: 
root
root@am437x-evm:~# 
- 06:50:29 [INFO] Host: uname -a
- 06:50:29 [INFO] Target: 
uname -a
Linux am437x-evm 3.18.0-rc7-next-20141204-00002-g920c1cf #1 SMP Thu Dec 4 05:42:39 CST 2014 armv7l GNU/Linux
root@am437x-evm:~# 
- 06:50:29 [INFO] Host: cat /proc/cmdline
- 06:50:30 [INFO] Target: 
cat /proc/cmdline
console=ttyO0,115200n8 earlyprintk rootwait  ip=dhcp  root=PARTUUID=00000000-02 rw rootfstype=ext4 rootwait 
root@am437x-evm:~# 
- 06:50:30 [INFO] Host: uname -a
- 06:50:30 [INFO] Target: 
uname -a
Linux am437x-evm 3.18.0-rc7-next-20141204-00002-g920c1cf #1 SMP Thu Dec 4 05:42:39 CST 2014 armv7l GNU/Linux
root@am437x-evm:~# 
- 06:50:30 [INFO] Host: cat /proc/mtd
- 06:50:31 [INFO] Target: 
cat /proc/mtd
dev:    size   erasesize  name
root@am437x-evm:~# 
- 06:50:50 [INFO] Host: export IPERFHOST=192.168.0.1
- 06:50:50 [INFO] Target: 
export IPERFHOST=192.168.0.1
root@am437x-evm:~# 
- 06:50:50 [INFO] Host: export NFS_SERVER=192.168.0.1
- 06:50:51 [INFO] Target: 
export NFS_SERVER=192.168.0.1
root@am437x-evm:~# 
- 06:50:51 [INFO] Host: export NFS_ROOT_PATH=/home/tigtfarm07/NFS_exports/am437x-sk1
- 06:50:51 [INFO] Target: 
export NFS_ROOT_PATH=/home/tigtfarm07/NFS_exports/am437x-sk1
root@am437x-evm:~# 
- 06:50:51 [INFO] Host: mkdir -p -m 777 /test
- 06:50:52 [INFO] Target: 
mkdir -p -m 777 /test
root@am437x-evm:~# 
- 06:50:52 [INFO] Host: cd /test
- 06:50:52 [INFO] Target: 
cd /test
root@am437x-evm:/test# 
- 06:50:52 [INFO] Host: cat > test.sh << EOF
- 06:50:53 [INFO] Target: 
cat > test.sh << EOF
- 06:50:53 [INFO] Host: failtest() {
- 06:50:53 [INFO] Target: 
failtest() {
- 06:50:53 [INFO] Host:   echo 1 >&3
- 06:50:54 [INFO] Target: 
  echo 1 >&3
- 06:50:54 [INFO] Host: }
- 06:50:54 [INFO] Target: 
- 06:50:54 [INFO] Host: timeout=600
- 06:50:55 [INFO] Target: 
timeout=600
- 06:50:55 [INFO] Host: 
- 06:50:55 [INFO] Target: 
- 06:50:55 [INFO] Host: # Start of user's script logic
- 06:50:56 [INFO] Target: 
# Start of user's script logic
- 06:50:56 [INFO] Host: 
- 06:50:56 [INFO] Target: 
- 06:50:56 [INFO] Host: 
- 06:50:57 [INFO] Target: 
- 06:50:57 [INFO] Host: mount -t proc proc /proc 2>/dev/null;
- 06:50:57 [INFO] Target: 
mount -t proc proc /proc 2>/dev/null;
- 06:50:57 [INFO] Host: 
- 06:50:58 [INFO] Target: 
- 06:50:58 [INFO] Host: mount -t sysfs sys /sys 2>/dev/null;
- 06:50:58 [INFO] Target: 
mount -t sysfs sys /sys 2>/dev/null;
- 06:50:58 [INFO] Host: 
- 06:50:59 [INFO] Target: 
- 06:50:59 [INFO] Host: mount -t debugfs none /sys/kernel/debug 2>/dev/null;
- 06:50:59 [INFO] Target: 
mount -t debugfs none /sys/kernel/debug 2>/dev/null;
- 06:50:59 [INFO] Host: 
- 06:51:00 [INFO] Target: 
- 06:51:00 [INFO] Host: echo 'cpuinfo:';cat /proc/cpuinfo; echo '=======';
- 06:51:00 [INFO] Target: 
echo 'cpuinfo:';cat /proc/cpuinfo; echo '=======';
- 06:51:00 [INFO] Host: 
- 06:51:01 [INFO] Target: 
- 06:51:01 [INFO] Host: echo 'soc info:';head /sys/devices/soc0/* 2>/dev/null; echo '=======';
- 06:51:01 [INFO] Target: 
echo 'soc info:';head /sys/devices/soc0/* 2>/dev/null; echo '=======';
- 06:51:01 [INFO] Host: 
- 06:51:02 [INFO] Target: 
- 06:51:02 [INFO] Host: echo 'DT Model info'; head /proc/device-tree/name /proc/device-tree/model /proc/device-tree/compatible 2>/dev/null;echo; echo '=======';
- 06:51:02 [INFO] Target: 
echo 'DT Model info'; head /proc/device-tree/name /proc/device-tree/model /pro 
c/device-tree/compatible 2>/dev/null;echo; echo '=======';
- 06:51:02 [INFO] Host: 
- 06:51:03 [INFO] Target: 
- 06:51:03 [INFO] Host: echo 'interrupts:';cat /proc/interrupts; echo '=======';
- 06:51:03 [INFO] Target: 
echo 'interrupts:';cat /proc/interrupts; echo '=======';
- 06:51:03 [INFO] Host: 
- 06:51:04 [INFO] Target: 
- 06:51:04 [INFO] Host: echo 'Clk_summary:';cat /sys/kernel/debug/clk/clk_summary; echo '=======';
- 06:51:04 [INFO] Target: 
echo 'Clk_summary:';cat /sys/kernel/debug/clk/clk_summary; echo '=======';
- 06:51:04 [INFO] Host: 
- 06:51:05 [INFO] Target: 
- 06:51:05 [INFO] Host: echo 'Orphan Clks:';ls /sys/kernel/debug/clk/orphans/; echo '=======';
- 06:51:05 [INFO] Target: 
echo 'Orphan Clks:';ls /sys/kernel/debug/clk/orphans/; echo '=======';
- 06:51:05 [INFO] Host: 
- 06:51:06 [INFO] Target: 
- 06:51:06 [INFO] Host: echo "Available frequencies"; cat /sys/devices/system/cpu/cpu0/cpufreq/scaling_available_frequencies 2>/dev/null;echo '=======';
- 06:51:06 [INFO] Target: 
echo "Available frequencies"; cat /sys/devices/system/cpu/cpu0/cpufreq/scaling 
_available_frequencies 2>/dev/null;echo '=======';
- 06:51:06 [INFO] Host: 
- 06:51:07 [INFO] Target: 
- 06:51:07 [INFO] Host: echo 'H''ello World' 'B''oard Booted';
- 06:51:07 [INFO] Target: 
echo 'H''ello World' 'B''oard Booted';
- 06:51:07 [INFO] Host: 
- 06:51:08 [INFO] Target: 
- 06:51:08 [INFO] Host: EOF
- 06:51:08 [INFO] Target: 
root@am437x-evm:/test# 
- 06:51:08 [INFO] Host: cd /test
- 06:51:09 [INFO] Target: 
cd /test
root@am437x-evm:/test# 
- 06:51:09 [INFO] Host: chmod +x test.sh
- 06:51:09 [INFO] Target: 
chmod +x test.sh
root@am437x-evm:/test# 
- 06:51:09 [INFO] Host: ./test.sh 2> stderr.log > stdout.log 3> result.log
- 06:51:10 [INFO] Target: 
./test.sh 2> stderr.log > stdout.log 3> result.log
root@am437x-evm:/test# 
- 06:51:10 [INFO] Host: echo $?
- 06:51:10 [INFO] Target: 
echo $?
root@am437x-evm:/test# 
- 06:51:10 [INFO] Host: cd /test
- 06:51:11 [INFO] Target: 
cd /test
root@am437x-evm:/test# 
- 06:51:11 [INFO] Host: cat stdout.log
- 06:51:12 [INFO] Target: 
cat stdout.log
cpuinfo:
processor	: 0
model name	: ARMv7 Processor rev 10 (v7l)
Features	: half thumb fastmult vfp edsp thumbee neon vfpv3 tls vfpd32 
CPU implementer	: 0x41
CPU architecture: 7
CPU variant	: 0x2
CPU part	: 0xc09
CPU revision	: 10
Hardware	: Generic AM43 (Flattened Device Tree)
Revision	: 0000
Serial		: 0000000000000000
=======
soc info:
==> /sys/devices/soc0/family <==
AM43xx
==> /sys/devices/soc0/machine <==
AM437x
==> /sys/devices/soc0/power <==
==> /sys/devices/soc0/revision <==
ES1.1
==> /sys/devices/soc0/subsystem <==
==> /sys/devices/soc0/type <==
==> /sys/devices/soc0/uevent <==
=======
DT Model info
==> /proc/device-tree/name <==
==> /proc/device-tree/model <==
TI AM437x SK EVM
==> /proc/device-tree/compatible <==
ti,am437x-sk-evmti,am4372ti,am43
=======
interrupts:
           CPU0       
 16:       3680       GIC 100  gp_timer
 18:          1       GIC  41  l3-dbg-irq
 19:          1       GIC  42  l3-app-irq
 20:       2118       GIC  44  edma
 22:         43       GIC  46  edma_error
 23:       4117       GIC 104  OMAP UART0
 25:          0       GIC 107  rtc0
 26:          0       GIC 108  rtc0
 35:          0  44e07000.gpio   6  mmc0
127:         64       GIC 102  44e0b000.i2c
128:          0       GIC 103  4802a000.i2c
129:       6498       GIC  96  mmc0
130:          0       GIC  72  4a100000.ethernet
131:         72       GIC  73  4a100000.ethernet
132:         11       GIC  74  4a100000.ethernet
133:          0       GIC  75  4a100000.ethernet
142:          1       GIC  39  tps65218
IPI0:          0  CPU wakeup interrupts
IPI1:          0  Timer broadcast interrupts
IPI2:          0  Rescheduling interrupts
IPI3:          0  Function call interrupts
IPI4:          0  Single function call interrupts
IPI5:          0  CPU stop interrupts
IPI6:          0  IRQ work interrupts
IPI7:          0  completion interrupts
Err:          0
=======
Clk_summary:
   clock                         enable_cnt  prepare_cnt        rate   accuracy   phase
----------------------------------------------------------------------------------------
 clk_32k_mosc_ck                          0            0       32768          0 0  
 clk_32k_tpm_ck                           0            0       32768          0 0  
 tclkin_ck                                0            0    26000000          0 0  
 virt_26000000_ck                         0            0    26000000          0 0  
 virt_25000000_ck                         0            0    25000000          0 0  
 virt_24000000_ck                         1            1    24000000          0 0  
    sysboot_freq_sel_ck                   1            1    24000000          0 0  
       sys_clkin_ck                      20           38    24000000          0 0  
          vtp_clk_div                     0            0    12000000          0 0  
          dll_aging_clk_div               0            0     3000000          0 0  
          timer11_fck                     0            1    24000000          0 0  
          timer10_fck                     0            1    24000000          0 0  
          timer9_fck                      0            1    24000000          0 0  
          timer8_fck                      0            1    24000000          0 0  
          dpll_extdev_ck                  0            0    24000000          0 0  
             dpll_extdev_m2_ck            0            0    24000000          0 0  
          timer7_fck                      0            1    24000000          0 0  
          timer6_fck                      0            1    24000000          0 0  
          timer5_fck                      0            1    24000000          0 0  
          timer4_fck                      0            1    24000000          0 0  
          timer3_fck                      0            1    24000000          0 0  
          timer2_fck                      1            1    24000000          0 0  
          timer1_fck                      1            1    24000000          0 0  
          dpll_per_ck                     1            2   960000000          0 0  
             dpll_per_clkdcoldo           0            2   960000000          0 0  
                usb_otg_ss1_refclk960m           0            1   960000000          0 0  
                usb_otg_ss0_refclk960m           0            1   960000000          0 0  
             dpll_per_m2_ck               1            4   192000000          0 0  
                ehrpwm5_tbclk             0            0   192000000          0 0  
                ehrpwm4_tbclk             0            0   192000000          0 0  
                ehrpwm3_tbclk             0            0   192000000          0 0  
                ehrpwm2_tbclk             0            0   192000000          0 0  
                ehrpwm1_tbclk             0            0   192000000          0 0  
                ehrpwm0_tbclk             0            0   192000000          0 0  
                func_12m_clk              0            0    12000000          0 0  
                mmc_clk                   0            3    96000000          0 0  
                clk_24mhz                 0            1    24000000          0 0  
                   clkdiv32k_ck           0            1       32786          0 0  
                      clkdiv32k_ick           0            5       32786          0 0  
                         gpio5_dbclk           0            1       32786          0 0  
                         gpio4_dbclk           0            1       32786          0 0  
                         gpio3_dbclk           0            1       32786          0 0  
                         gpio2_dbclk           0            1       32786          0 0  
                         gpio1_dbclk           0            1       32786          0 0  
                dpll_per_m2_div4_ck           0           12    48000000          0 0  
                dpll_per_m2_div4_wkupdm_ck           1            2    48000000          0 0  
          dpll_disp_ck                    0            1    24000000          0 0  
             dpll_disp_m2_ck              0            1    24000000          0 0  
                disp_clk                  0            3    24000000          0 0  
          dpll_ddr_ck                     0            0   400000000          0 0  
             dpll_ddr_x2_ck               0            0   800000000          0 0  
                dpll_ddr_m4_ck            0            0   400000000          0 0  
             dpll_ddr_m2_ck               0            0   400000000          0 0  
          dpll_mpu_ck                     1            1  1000000000          0 0  
             dpll_mpu_m2_ck               3            3  1000000000          0 0  
          dpll_core_ck                    1            1  1000000000          0 0  
             dpll_core_x2_ck              2            2  2000000000          0 0  
                dpll_core_m6_ck           0            0   500000000          0 0  
                dpll_core_m5_ck           1            1   250000000          0 0  
                   cpsw_cpts_rft_clk           0            0   250000000          0 0  
                   cpsw_50m_clkdiv           0            0   250000000          0 0  
                      cpsw_5m_clkdiv           0            0    25000000          0 0  
                   cpsw_125mhz_gclk           3            3   125000000          0 0  
                dpll_core_m4_ck           6            6   200000000          0 0  
                   l4hs_gclk              1            1   200000000          0 0  
                   l3_gclk               13           14   200000000          0 0  
                   sysclk_div             1            3   200000000          0 0  
                      div_core_25m_ck           0            0    25000000          0 0  
                      gfx_fclk_clksel_ck           0            1   200000000          0 0  
                         gfx_fck_div_ck           0            1   200000000          0 0  
                      dpll_core_m4_div2_ck           3            3   100000000          0 0  
                         l4ls_gclk          61           88   100000000          0 0  
                         l3s_gclk          12           15   100000000          0 0  
                      pruss_ocp_gclk           0            1   200000000          0 0  
          aes0_fck                        1            2    24000000          0 0  
          sha0_fck                        1            1    24000000          0 0  
          smartreflex1_fck                0            1    24000000          0 0  
          smartreflex0_fck                0            1    24000000          0 0  
          mcasp1_fck                      0            1    24000000          0 0  
          mcasp0_fck                      0            1    24000000          0 0  
          dcan1_fck                       0            1    24000000          0 0  
          dcan0_fck                       0            1    24000000          0 0  
          adc_tsc_fck                     0            1    24000000          0 0  
 virt_19200000_ck                         0            0    19200000          0 0  
    crystal_freq_sel_ck                   0            0    19200000          0 0  
 clk_rc32k_ck                             0            2       32768          0 0  
    gpio0_dbclk_mux_ck                    0            1       32768          0 0  
       gpio0_dbclk                        0            1       32768          0 0  
    wdt1_fck                              0            1       32768          0 0  
 clk_32768_ck                             0            2       32768          0 0  
    mux_synctimer32k_ck                   0            1       32768          0 0  
       synctimer_32kclk                   0            1       32768          0 0  
    usbphy_32khz_clkmux                   0            2       32768          0 0  
       usb_phy1_always_on_clk32k           0            1       32768          0 0  
       usb_phy0_always_on_clk32k           0            1       32768          0 0  
=======
Orphan Clks:
=======
Available frequencies
=======
Hello World Board Booted
root@am437x-evm:/test# 
- 06:51:12 [INFO] Host: cat stderr.log
- 06:51:12 [INFO] Target: 
cat stderr.log
ls: /sys/kernel/debug/clk/orphans/: No such file or directory
root@am437x-evm:/test# 
- 06:51:12 [INFO] Host: cat result.log
- 06:51:14 [ERROR] On command: cat result.log waiting for cat result.log.+?(?m-ix:^1[\0\n\r]+) >>> error: execution expired
- 06:51:14 [INFO] Target: 
cat result.log
root@am437x-evm:/test# 
- 06:51:14 [INFO] Host: cd /test
- 06:51:15 [INFO] Target: 
cd /test
root@am437x-evm:/test# 
URL:gtsystest.telogy.design.ti.com/vatf/tigtfarm07/tigtfarm07_vatf@am437x-sk1/tigtfarm0712_04_2014_06_49_04/files/session_iteration_1/test_1
