- 06:39:26 [INFO] Starting target session
- 06:39:26 [INFO] Connected to am437x-sk via serial 
- 06:39:26 [INFO] Host: #check prompt
- 06:39:29 [ERROR] On command: #check prompt waiting for #check prompt.+?(?-mix:((?-mix:login:)|[Pp]assword)) >>> error: execution expired
- 06:39:29 [INFO] Target: 
#check prompt
root@am437x-evm:/test# 
- 06:39:29 [INFO] Host: #check prompt
- 06:39:30 [INFO] Target: 
#check prompt
root@am437x-evm:/test# 
- 06:39:30 [INFO] Host: sync;poweroff
- 06:39:43 [INFO] Target: 
sync;poweroff
INIT: Switching to runlevel: 0
INIT: Sending processes the TERM signal
Broadcast message from root@am437x-evm (ttyS0) (Thu Apr 16 03:04:54 2015):
The system is going down for system halt NOW!
root@am437x-evm:/test# 
INIT: SendStopping syslogd/klogd: stopped syslogd (pid 1252)
stopped klogd (pid 1255)
done
Deconfiguring network interfaces... done.
Sending all processes the TERM signal...
Sending all processes the KILL signal...
Unmounting remote filesystems...
Deactivating swap...
Unmounting local filesystems...
[ 5997.646693] reboot: Power down
[ 5997.649816] System will go to power_off state in approx. 1 second
- 06:39:43 [INFO] Disconnected serial from am437x-sk
- 06:39:48 [INFO] Connected to am437x-sk via serial 
- 06:39:48 [INFO] Host: 
- 06:39:51 [INFO] Target: 
SPL: Please implement spl_start_uboot() for your board
SPL: Direct Linux boot not active!
reading u-boot.img
reading u-boot.img
U-Boot 2014.07-g8a51ac8 (Apr 23 2015 - 22:40:59)
I2C:   ready
DRAM:  1 GiB
NAND:  0 MiB
MMC:   OMAP SD/MMC: 0, OMAP SD/MMC: 1
reading uboot.env
** Unable to read "uboot.env" from mmc0:1 **
Using default environment
Net:   <ethaddr> not set. Validating first E-fuse MAC
cpsw, usb_ether
Hit any key to stop autoboot:  1  0 
U-Boot# 
U-Boot# 
U-Boot# 
U-Boot# 
U-Boot# 
U-Boot# 
U-Boot# 
U-Boot# 
U-Boot# 
U-Boot# 
U-Boot# 
U-Boot# 
U-Boot# 
U-Boot# 
U-Boot# 
U-Boot# 
U-Boot# 
U-Boot# 
U-Boot# 
U-Boot# 
U-Boot# 
U-Boot# 
U-Boot# 
U-Boot# 
U-Boot# 
U-Boot# 
U-Boot# 
- 06:39:54 [INFO] Host: 
- 06:39:54 [INFO] Target: 
U-Boot# 
U-Boot# 
U-Boot# 
- 06:39:54 [INFO] Host: version
- 06:39:54 [INFO] Target: 
version
U-Boot 2014.07-g8a51ac8 (Apr 23 2015 - 22:40:59)
arm-linux-gnueabihf-gcc (crosstool-NG linaro-1.13.1-4.7-2013.03-20130313 - Linaro GCC 2013.03) 4.7.3 20130226 (prerelease)
GNU ld (crosstool-NG linaro-1.13.1-4.7-2013.03-20130313 - Linaro GCC 2013.03) 2.23.1
U-Boot# 
- 06:39:54 [INFO] Host: setenv bootargs 'console=ttyO0,115200n8 earlyprintk rootwait '
- 06:39:54 [INFO] Target: 
setenv bootargs 'console=ttyO0,115200n8 earlyprintk rootwait '
U-Boot# 
- 06:39:54 [INFO] Host: setenv bootcmd  ''
- 06:39:54 [INFO] Target: 
setenv bootcmd  ''
U-Boot# 
- 06:39:54 [INFO] Host: setenv autoload 'no'
- 06:39:54 [INFO] Target: 
setenv autoload 'no'
U-Boot# 
- 06:39:54 [INFO] Host: setenv serverip '192.168.0.1'
- 06:39:54 [INFO] Target: 
setenv serverip '192.168.0.1'
U-Boot# 
- 06:39:54 [INFO] Host: printenv
- 06:39:55 [INFO] Target: 
printenv
arch=arm
autoload=no
baudrate=115200
board=am43xx
board_name=AM43__SK
board_rev=1.1A
bootargs=console=ttyO0,115200n8 earlyprintk rootwait 
bootcmd=
bootdelay=1
bootdir=/boot
bootenv=uEnv.txt
bootfile=zImage
bootm_size=0x10000000
bootpart=0:2
console=ttyO0,115200n8
cpu=armv7
dfu_alt_info_emmc=MLO raw 0x100 0x100 mmcpart 0;u-boot.img raw 0x300 0x1000 mmcpart 0
dfu_alt_info_mmc=boot part 0 1;rootfs part 0 2;MLO fat 0 1;spl-os-args fat 0 1;spl-os-image fat 0 1;u-boot.img fat 0 1;uEnv.txt fat 0 1
dfu_alt_info_ram=kernel ram 0x80200000 0x4000000;fdt ram 0x80f80000 0x80000;ramdisk ram 0x81000000 0x4000000
dfu_bufsiz=0x10000
eth1addr=34:b1:f7:3d:b9:0e
ethact=cpsw
ethaddr=34:b1:f7:3d:b9:0c
fdt_addr_r=0x88000000
fdtaddr=0x88000000
fdtfile=undefined
findfdt=if test $board_name = AM43EPOS; then setenv fdtfile am43x-epos-evm.dtb; fi; if test $board_name = AM43__GP; then setenv fdtfile am437x-gp-evm.dtb; fi; if test $board_name = AM43__SK; then setenv fdtfile am437x-sk-evm.dtb; fi; if test $fdtfile = undefined; then echo WARNING: Could not determine device tree; fi; 
importbootenv=echo Importing environment from mmc ...; env import -t $loadaddr $filesize
kernel_addr_r=0x82000000
loadaddr=0x82000000
loadbootenv=load ${devtype} ${devnum} ${loadaddr} ${bootenv}
loadfdt=load ${devtype} ${bootpart} ${fdtaddr} ${bootdir}/${fdtfile}
loadimage=load ${devtype} ${bootpart} ${loadaddr} ${bootdir}/${bootfile}
loadramdisk=load ${devtype} ${devnum} ${rdaddr} ramdisk.gz
mmcargs=setenv bootargs console=${console} ${optargs} root=${mmcroot} rootfstype=${mmcrootfstype}
mmcboot=mmc dev ${mmcdev}; setenv devnum ${mmcdev}; setenv devtype mmc; if mmc rescan; then echo SD/MMC found on device ${devnum};if run loadbootenv; then echo Loaded environment from ${bootenv};run importbootenv;fi;if test -n $uenvcmd; then echo Running uenvcmd ...;run uenvcmd;fi;if run loadimage; then run loadfdt; echo Booting from mmc${mmcdev} ...; run mmcargs; bootz ${loadaddr} - ${fdtaddr}; fi;fi;
mmcdev=0
mmcroot=/dev/mmcblk0p2 rw
mmcrootfstype=ext4 rootwait
mtdids=nand0=nand.0
mtdparts=mtdparts=nand.0:256k(NAND.SPL),256k(NAND.SPL.backup1),256k(NAND.SPL.backup2),256k(NAND.SPL.backup3),512k(NAND.u-boot-spl-os),1m(NAND.u-boot),256k(NAND.u-boot-env),256k(NAND.u-boot-env.backup1),7m(NAND.kernel),-(NAND.file-system)
nandargs=setenv bootargs console=${console} ${optargs} root=${nandroot} rootfstype=${nandrootfstype}
nandboot=echo Booting from nand ...; run nandargs; nand read ${fdtaddr} NAND.u-boot-spl-os; nand read ${loadaddr} NAND.kernel; bootz ${loadaddr} - ${fdtaddr}
nandroot=ubi0:rootfs rw ubi.mtd=NAND.file-system,4096
nandrootfstype=ubifs rootwait=1
netargs=setenv bootargs console=${console} ${optargs} root=/dev/nfs nfsroot=${serverip}:${rootpath},${nfsopts} rw ip=dhcp
netboot=echo Booting from network ...; setenv autoload no; dhcp; tftp ${loadaddr} ${bootfile}; tftp ${fdtaddr} ${fdtfile}; run netargs; bootz ${loadaddr} - ${fdtaddr}
nfsopts=nolock
partitions=uuid_disk=${uuid_gpt_disk};name=rootfs,start=2MiB,size=-,uuid=${uuid_gpt_rootfs}
ramargs=setenv bootargs console=${console} ${optargs} root=${ramroot} rootfstype=${ramrootfstype}
ramdisk_addr_r=0x88080000
ramroot=/dev/ram0 rw
ramrootfstype=ext2
rdaddr=0x88080000
rootpath=/export/rootfs
serverip=192.168.0.1
soc=am33xx
static_ip=${ipaddr}:${serverip}:${gatewayip}:${netmask}:${hostname}::off
stderr=serial
stdin=serial
stdout=serial
usbargs=setenv bootargs console=${console} ${optargs} root=${usbroot} rootfstype=${usbrootfstype}
usbboot=setenv devnum ${usbdev}; setenv devtype usb; usb start ${usbdev}; if usb dev ${usbdev}; then if run loadbootenv; then echo Loaded environment from ${bootenv};run importbootenv;fi;if test -n $uenvcmd; then echo Running uenvcmd ...;run uenvcmd;fi;if run loadimage; then run loadfdt; echo Booting from usb ${usbdev}...; run usbargs;bootz ${loadaddr} - ${fdtaddr}; fi;fi
usbdev=0
usbnet_devaddr=34:b1:f7:3d:b9:0e
usbroot=/dev/sda2 rw
usbrootfstype=ext4 rootwait
vendor=ti
ver=U-Boot 2014.07-g8a51ac8 (Apr 23 2015 - 22:40:59)
Environment size: 4150/65532 bytes
U-Boot# 
- 06:39:55 [INFO] Host: printenv
- 06:39:55 [INFO] Target: 
printenv
arch=arm
autoload=no
baudrate=115200
board=am43xx
board_name=AM43__SK
board_rev=1.1A
bootargs=console=ttyO0,115200n8 earlyprintk rootwait 
bootcmd=
bootdelay=1
bootdir=/boot
bootenv=uEnv.txt
bootfile=zImage
bootm_size=0x10000000
bootpart=0:2
console=ttyO0,115200n8
cpu=armv7
dfu_alt_info_emmc=MLO raw 0x100 0x100 mmcpart 0;u-boot.img raw 0x300 0x1000 mmcpart 0
dfu_alt_info_mmc=boot part 0 1;rootfs part 0 2;MLO fat 0 1;spl-os-args fat 0 1;spl-os-image fat 0 1;u-boot.img fat 0 1;uEnv.txt fat 0 1
dfu_alt_info_ram=kernel ram 0x80200000 0x4000000;fdt ram 0x80f80000 0x80000;ramdisk ram 0x81000000 0x4000000
dfu_bufsiz=0x10000
eth1addr=34:b1:f7:3d:b9:0e
ethact=cpsw
ethaddr=34:b1:f7:3d:b9:0c
fdt_addr_r=0x88000000
fdtaddr=0x88000000
fdtfile=undefined
findfdt=if test $board_name = AM43EPOS; then setenv fdtfile am43x-epos-evm.dtb; fi; if test $board_name = AM43__GP; then setenv fdtfile am437x-gp-evm.dtb; fi; if test $board_name = AM43__SK; then setenv fdtfile am437x-sk-evm.dtb; fi; if test $fdtfile = undefined; then echo WARNING: Could not determine device tree; fi; 
importbootenv=echo Importing environment from mmc ...; env import -t $loadaddr $filesize
kernel_addr_r=0x82000000
loadaddr=0x82000000
loadbootenv=load ${devtype} ${devnum} ${loadaddr} ${bootenv}
loadfdt=load ${devtype} ${bootpart} ${fdtaddr} ${bootdir}/${fdtfile}
loadimage=load ${devtype} ${bootpart} ${loadaddr} ${bootdir}/${bootfile}
loadramdisk=load ${devtype} ${devnum} ${rdaddr} ramdisk.gz
mmcargs=setenv bootargs console=${console} ${optargs} root=${mmcroot} rootfstype=${mmcrootfstype}
mmcboot=mmc dev ${mmcdev}; setenv devnum ${mmcdev}; setenv devtype mmc; if mmc rescan; then echo SD/MMC found on device ${devnum};if run loadbootenv; then echo Loaded environment from ${bootenv};run importbootenv;fi;if test -n $uenvcmd; then echo Running uenvcmd ...;run uenvcmd;fi;if run loadimage; then run loadfdt; echo Booting from mmc${mmcdev} ...; run mmcargs; bootz ${loadaddr} - ${fdtaddr}; fi;fi;
mmcdev=0
mmcroot=/dev/mmcblk0p2 rw
mmcrootfstype=ext4 rootwait
mtdids=nand0=nand.0
mtdparts=mtdparts=nand.0:256k(NAND.SPL),256k(NAND.SPL.backup1),256k(NAND.SPL.backup2),256k(NAND.SPL.backup3),512k(NAND.u-boot-spl-os),1m(NAND.u-boot),256k(NAND.u-boot-env),256k(NAND.u-boot-env.backup1),7m(NAND.kernel),-(NAND.file-system)
nandargs=setenv bootargs console=${console} ${optargs} root=${nandroot} rootfstype=${nandrootfstype}
nandboot=echo Booting from nand ...; run nandargs; nand read ${fdtaddr} NAND.u-boot-spl-os; nand read ${loadaddr} NAND.kernel; bootz ${loadaddr} - ${fdtaddr}
nandroot=ubi0:rootfs rw ubi.mtd=NAND.file-system,4096
nandrootfstype=ubifs rootwait=1
netargs=setenv bootargs console=${console} ${optargs} root=/dev/nfs nfsroot=${serverip}:${rootpath},${nfsopts} rw ip=dhcp
netboot=echo Booting from network ...; setenv autoload no; dhcp; tftp ${loadaddr} ${bootfile}; tftp ${fdtaddr} ${fdtfile}; run netargs; bootz ${loadaddr} - ${fdtaddr}
nfsopts=nolock
partitions=uuid_disk=${uuid_gpt_disk};name=rootfs,start=2MiB,size=-,uuid=${uuid_gpt_rootfs}
ramargs=setenv bootargs console=${console} ${optargs} root=${ramroot} rootfstype=${ramrootfstype}
ramdisk_addr_r=0x88080000
ramroot=/dev/ram0 rw
ramrootfstype=ext2
rdaddr=0x88080000
rootpath=/export/rootfs
serverip=192.168.0.1
soc=am33xx
static_ip=${ipaddr}:${serverip}:${gatewayip}:${netmask}:${hostname}::off
stderr=serial
stdin=serial
stdout=serial
usbargs=setenv bootargs console=${console} ${optargs} root=${usbroot} rootfstype=${usbrootfstype}
usbboot=setenv devnum ${usbdev}; setenv devtype usb; usb start ${usbdev}; if usb dev ${usbdev}; then if run loadbootenv; then echo Loaded environment from ${bootenv};run importbootenv;fi;if test -n $uenvcmd; then echo Running uenvcmd ...;run uenvcmd;fi;if run loadimage; then run loadfdt; echo Booting from usb ${usbdev}...; run usbargs;bootz ${loadaddr} - ${fdtaddr}; fi;fi
usbdev=0
usbnet_devaddr=34:b1:f7:3d:b9:0e
usbroot=/dev/sda2 rw
usbrootfstype=ext4 rootwait
vendor=ti
ver=U-Boot 2014.07-g8a51ac8 (Apr 23 2015 - 22:40:59)
Environment size: 4150/65532 bytes
U-Boot# 
- 06:39:55 [INFO] Host: setenv bootargs ''${bootargs}' ip=:::::eth0:dhcp '
- 06:39:55 [INFO] Target: 
setenv bootargs ''${bootargs}' ip=:::::eth0:dhcp '
U-Boot# 
- 06:39:55 [INFO] Host: setenv serverip '192.168.0.1'
- 06:39:55 [INFO] Target: 
setenv serverip '192.168.0.1'
U-Boot# 
- 06:39:55 [INFO] Host: setenv autoload 'no'
- 06:39:55 [INFO] Target: 
setenv autoload 'no'
U-Boot# 
- 06:39:55 [INFO] Host: dhcp
- 06:40:00 [INFO] Target: 
dhcp
cpsw Waiting for PHY auto negotiation to complete....... done
link up on port 0, speed 1000, full duplex
BOOTP broadcast 1
DHCP client bound to address 192.168.0.147
U-Boot# 
- 06:40:00 [INFO] Host: tftp ${loadaddr} 192.168.0.1:vatf_am437x-sk1/1a1890ad7a06b3865b085bdcbd037a60
- 06:40:01 [INFO] Target: 
tftp ${loadaddr} 192.168.0.1:vatf_am437x-sk1/1a1890ad7a06b3865b085bdcbd037a60
link up on port 0, speed 1000, full duplex
Using cpsw device
TFTP from server 192.168.0.1; our IP address is 192.168.0.147
Filename 'vatf_am437x-sk1/1a1890ad7a06b3865b085bdcbd037a60'.
Load address: 0x82000000
Loading: *#################################################################
	 #################################################################
	 #################################################################
	 #################################################
	 10 MiB/s
done
Bytes transferred = 3569856 (3678c0 hex)
U-Boot# 
- 06:40:01 [INFO] Host: tftp ${fdt_addr_r} 192.168.0.1:vatf_am437x-sk1/e17621450c0ac8234751566fbc8653ad
- 06:40:01 [INFO] Target: 
tftp ${fdt_addr_r} 192.168.0.1:vatf_am437x-sk1/e17621450c0ac8234751566fbc8653ad
link up on port 0, speed 1000, full duplex
Using cpsw device
TFTP from server 192.168.0.1; our IP address is 192.168.0.147
Filename 'vatf_am437x-sk1/e17621450c0ac8234751566fbc8653ad'.
Load address: 0x88000000
Loading: *###
	 8 MiB/s
done
Bytes transferred = 41852 (a37c hex)
U-Boot# 
- 06:40:01 [INFO] Host: ls mmc 0:1
- 06:40:01 [INFO] Target: 
ls mmc 0:1
    93216   mlo 
   417224   u-boot.img 
       14   .ipaddr 
        0   pointercal 
        4   ws-calibrate.rules 
5 file(s), 0 dir(s)
U-Boot# 
- 06:40:01 [INFO] Host: ls mmc 0:2
- 06:40:01 [INFO] Target: 
ls mmc 0:2
<DIR>       4096 .
<DIR>       4096 ..
<DIR>       4096 include
<DIR>       4096 srv
<DIR>       4096 home
<DIR>       4096 media
<DIR>       4096 opt
<DIR>       4096 var
<DIR>       4096 sys
<DIR>       4096 boot
<DIR>       4096 dev
<DIR>       4096 usr
<DIR>       4096 bin
<DIR>       4096 mnt
<DIR>       4096 etc
<DIR>       4096 sbin
<DIR>       4096 www
<SYM>          8 tmp
<DIR>       4096 proc
<DIR>       4096 run
<DIR>       4096 lib
<DIR>       4096 test
U-Boot# 
- 06:40:01 [INFO] Host: part uuid mmc 0:2
- 06:40:01 [INFO] Target: 
part uuid mmc 0:2
00000000-02
U-Boot# 
- 06:40:01 [INFO] Host: printenv
- 06:40:02 [INFO] Target: 
printenv
arch=arm
autoload=no
baudrate=115200
board=am43xx
board_name=AM43__SK
board_rev=1.1A
bootargs=console=ttyO0,115200n8 earlyprintk rootwait  ip=:::::eth0:dhcp 
bootcmd=
bootdelay=1
bootdir=/boot
bootenv=uEnv.txt
bootfile=zImage
bootm_size=0x10000000
bootpart=0:2
console=ttyO0,115200n8
cpu=armv7
dfu_alt_info_emmc=MLO raw 0x100 0x100 mmcpart 0;u-boot.img raw 0x300 0x1000 mmcpart 0
dfu_alt_info_mmc=boot part 0 1;rootfs part 0 2;MLO fat 0 1;spl-os-args fat 0 1;spl-os-image fat 0 1;u-boot.img fat 0 1;uEnv.txt fat 0 1
dfu_alt_info_ram=kernel ram 0x80200000 0x4000000;fdt ram 0x80f80000 0x80000;ramdisk ram 0x81000000 0x4000000
dfu_bufsiz=0x10000
dnsip=192.0.2.2
dnsip2=192.0.2.3
eth1addr=34:b1:f7:3d:b9:0e
ethact=cpsw
ethaddr=34:b1:f7:3d:b9:0c
fdt_addr_r=0x88000000
fdtaddr=0x88000000
fdtfile=undefined
fileaddr=88000000
filesize=a37c
findfdt=if test $board_name = AM43EPOS; then setenv fdtfile am43x-epos-evm.dtb; fi; if test $board_name = AM43__GP; then setenv fdtfile am437x-gp-evm.dtb; fi; if test $board_name = AM43__SK; then setenv fdtfile am437x-sk-evm.dtb; fi; if test $fdtfile = undefined; then echo WARNING: Could not determine device tree; fi; 
gatewayip=192.168.0.1
importbootenv=echo Importing environment from mmc ...; env import -t $loadaddr $filesize
ipaddr=192.168.0.147
kernel_addr_r=0x82000000
loadaddr=0x82000000
loadbootenv=load ${devtype} ${devnum} ${loadaddr} ${bootenv}
loadfdt=load ${devtype} ${bootpart} ${fdtaddr} ${bootdir}/${fdtfile}
loadimage=load ${devtype} ${bootpart} ${loadaddr} ${bootdir}/${bootfile}
loadramdisk=load ${devtype} ${devnum} ${rdaddr} ramdisk.gz
mmcargs=setenv bootargs console=${console} ${optargs} root=${mmcroot} rootfstype=${mmcrootfstype}
mmcboot=mmc dev ${mmcdev}; setenv devnum ${mmcdev}; setenv devtype mmc; if mmc rescan; then echo SD/MMC found on device ${devnum};if run loadbootenv; then echo Loaded environment from ${bootenv};run importbootenv;fi;if test -n $uenvcmd; then echo Running uenvcmd ...;run uenvcmd;fi;if run loadimage; then run loadfdt; echo Booting from mmc${mmcdev} ...; run mmcargs; bootz ${loadaddr} - ${fdtaddr}; fi;fi;
mmcdev=0
mmcroot=/dev/mmcblk0p2 rw
mmcrootfstype=ext4 rootwait
mtdids=nand0=nand.0
mtdparts=mtdparts=nand.0:256k(NAND.SPL),256k(NAND.SPL.backup1),256k(NAND.SPL.backup2),256k(NAND.SPL.backup3),512k(NAND.u-boot-spl-os),1m(NAND.u-boot),256k(NAND.u-boot-env),256k(NAND.u-boot-env.backup1),7m(NAND.kernel),-(NAND.file-system)
nandargs=setenv bootargs console=${console} ${optargs} root=${nandroot} rootfstype=${nandrootfstype}
nandboot=echo Booting from nand ...; run nandargs; nand read ${fdtaddr} NAND.u-boot-spl-os; nand read ${loadaddr} NAND.kernel; bootz ${loadaddr} - ${fdtaddr}
nandroot=ubi0:rootfs rw ubi.mtd=NAND.file-system,4096
nandrootfstype=ubifs rootwait=1
netargs=setenv bootargs console=${console} ${optargs} root=/dev/nfs nfsroot=${serverip}:${rootpath},${nfsopts} rw ip=dhcp
netboot=echo Booting from network ...; setenv autoload no; dhcp; tftp ${loadaddr} ${bootfile}; tftp ${fdtaddr} ${fdtfile}; run netargs; bootz ${loadaddr} - ${fdtaddr}
netmask=255.255.255.0
nfsopts=nolock
partitions=uuid_disk=${uuid_gpt_disk};name=rootfs,start=2MiB,size=-,uuid=${uuid_gpt_rootfs}
ramargs=setenv bootargs console=${console} ${optargs} root=${ramroot} rootfstype=${ramrootfstype}
ramdisk_addr_r=0x88080000
ramroot=/dev/ram0 rw
ramrootfstype=ext2
rdaddr=0x88080000
rootpath=/export/rootfs
serverip=192.168.0.1
soc=am33xx
static_ip=${ipaddr}:${serverip}:${gatewayip}:${netmask}:${hostname}::off
stderr=serial
stdin=serial
stdout=serial
usbargs=setenv bootargs console=${console} ${optargs} root=${usbroot} rootfstype=${usbrootfstype}
usbboot=setenv devnum ${usbdev}; setenv devtype usb; usb start ${usbdev}; if usb dev ${usbdev}; then if run loadbootenv; then echo Loaded environment from ${bootenv};run importbootenv;fi;if test -n $uenvcmd; then echo Running uenvcmd ...;run uenvcmd;fi;if run loadimage; then run loadfdt; echo Booting from usb ${usbdev}...; run usbargs;bootz ${loadaddr} - ${fdtaddr}; fi;fi
usbdev=0
usbnet_devaddr=34:b1:f7:3d:b9:0e
usbroot=/dev/sda2 rw
usbrootfstype=ext4 rootwait
vendor=ti
ver=U-Boot 2014.07-g8a51ac8 (Apr 23 2015 - 22:40:59)
Environment size: 4313/65532 bytes
U-Boot# 
- 06:40:02 [INFO] Host: setenv bootargs ''${bootargs}' root=PARTUUID=00000000-02 rw rootfstype=ext4 rootwait '
- 06:40:02 [INFO] Target: 
setenv bootargs ''${bootargs}' root=PARTUUID=00000000-02 rw rootfstype=ext4 rootwait '
U-Boot# 
- 06:40:02 [INFO] Host: printenv
- 06:40:02 [INFO] Target: 
printenv
arch=arm
autoload=no
baudrate=115200
board=am43xx
board_name=AM43__SK
board_rev=1.1A
bootargs=console=ttyO0,115200n8 earlyprintk rootwait  ip=:::::eth0:dhcp  root=PARTUUID=00000000-02 rw rootfstype=ext4 rootwait 
bootcmd=
bootdelay=1
bootdir=/boot
bootenv=uEnv.txt
bootfile=zImage
bootm_size=0x10000000
bootpart=0:2
console=ttyO0,115200n8
cpu=armv7
dfu_alt_info_emmc=MLO raw 0x100 0x100 mmcpart 0;u-boot.img raw 0x300 0x1000 mmcpart 0
dfu_alt_info_mmc=boot part 0 1;rootfs part 0 2;MLO fat 0 1;spl-os-args fat 0 1;spl-os-image fat 0 1;u-boot.img fat 0 1;uEnv.txt fat 0 1
dfu_alt_info_ram=kernel ram 0x80200000 0x4000000;fdt ram 0x80f80000 0x80000;ramdisk ram 0x81000000 0x4000000
dfu_bufsiz=0x10000
dnsip=192.0.2.2
dnsip2=192.0.2.3
eth1addr=34:b1:f7:3d:b9:0e
ethact=cpsw
ethaddr=34:b1:f7:3d:b9:0c
fdt_addr_r=0x88000000
fdtaddr=0x88000000
fdtfile=undefined
fileaddr=88000000
filesize=a37c
findfdt=if test $board_name = AM43EPOS; then setenv fdtfile am43x-epos-evm.dtb; fi; if test $board_name = AM43__GP; then setenv fdtfile am437x-gp-evm.dtb; fi; if test $board_name = AM43__SK; then setenv fdtfile am437x-sk-evm.dtb; fi; if test $fdtfile = undefined; then echo WARNING: Could not determine device tree; fi; 
gatewayip=192.168.0.1
importbootenv=echo Importing environment from mmc ...; env import -t $loadaddr $filesize
ipaddr=192.168.0.147
kernel_addr_r=0x82000000
loadaddr=0x82000000
loadbootenv=load ${devtype} ${devnum} ${loadaddr} ${bootenv}
loadfdt=load ${devtype} ${bootpart} ${fdtaddr} ${bootdir}/${fdtfile}
loadimage=load ${devtype} ${bootpart} ${loadaddr} ${bootdir}/${bootfile}
loadramdisk=load ${devtype} ${devnum} ${rdaddr} ramdisk.gz
mmcargs=setenv bootargs console=${console} ${optargs} root=${mmcroot} rootfstype=${mmcrootfstype}
mmcboot=mmc dev ${mmcdev}; setenv devnum ${mmcdev}; setenv devtype mmc; if mmc rescan; then echo SD/MMC found on device ${devnum};if run loadbootenv; then echo Loaded environment from ${bootenv};run importbootenv;fi;if test -n $uenvcmd; then echo Running uenvcmd ...;run uenvcmd;fi;if run loadimage; then run loadfdt; echo Booting from mmc${mmcdev} ...; run mmcargs; bootz ${loadaddr} - ${fdtaddr}; fi;fi;
mmcdev=0
mmcroot=/dev/mmcblk0p2 rw
mmcrootfstype=ext4 rootwait
mtdids=nand0=nand.0
mtdparts=mtdparts=nand.0:256k(NAND.SPL),256k(NAND.SPL.backup1),256k(NAND.SPL.backup2),256k(NAND.SPL.backup3),512k(NAND.u-boot-spl-os),1m(NAND.u-boot),256k(NAND.u-boot-env),256k(NAND.u-boot-env.backup1),7m(NAND.kernel),-(NAND.file-system)
nandargs=setenv bootargs console=${console} ${optargs} root=${nandroot} rootfstype=${nandrootfstype}
nandboot=echo Booting from nand ...; run nandargs; nand read ${fdtaddr} NAND.u-boot-spl-os; nand read ${loadaddr} NAND.kernel; bootz ${loadaddr} - ${fdtaddr}
nandroot=ubi0:rootfs rw ubi.mtd=NAND.file-system,4096
nandrootfstype=ubifs rootwait=1
netargs=setenv bootargs console=${console} ${optargs} root=/dev/nfs nfsroot=${serverip}:${rootpath},${nfsopts} rw ip=dhcp
netboot=echo Booting from network ...; setenv autoload no; dhcp; tftp ${loadaddr} ${bootfile}; tftp ${fdtaddr} ${fdtfile}; run netargs; bootz ${loadaddr} - ${fdtaddr}
netmask=255.255.255.0
nfsopts=nolock
partitions=uuid_disk=${uuid_gpt_disk};name=rootfs,start=2MiB,size=-,uuid=${uuid_gpt_rootfs}
ramargs=setenv bootargs console=${console} ${optargs} root=${ramroot} rootfstype=${ramrootfstype}
ramdisk_addr_r=0x88080000
ramroot=/dev/ram0 rw
ramrootfstype=ext2
rdaddr=0x88080000
rootpath=/export/rootfs
serverip=192.168.0.1
soc=am33xx
static_ip=${ipaddr}:${serverip}:${gatewayip}:${netmask}:${hostname}::off
stderr=serial
stdin=serial
stdout=serial
usbargs=setenv bootargs console=${console} ${optargs} root=${usbroot} rootfstype=${usbrootfstype}
usbboot=setenv devnum ${usbdev}; setenv devtype usb; usb start ${usbdev}; if usb dev ${usbdev}; then if run loadbootenv; then echo Loaded environment from ${bootenv};run importbootenv;fi;if test -n $uenvcmd; then echo Running uenvcmd ...;run uenvcmd;fi;if run loadimage; then run loadfdt; echo Booting from usb ${usbdev}...; run usbargs;bootz ${loadaddr} - ${fdtaddr}; fi;fi
usbdev=0
usbnet_devaddr=34:b1:f7:3d:b9:0e
usbroot=/dev/sda2 rw
usbrootfstype=ext4 rootwait
vendor=ti
ver=U-Boot 2014.07-g8a51ac8 (Apr 23 2015 - 22:40:59)
Environment size: 4368/65532 bytes
U-Boot# 
- 06:40:02 [INFO] Host: setenv bootcmd ''${bootcmd}' if iminfo ${loadaddr}; then bootm ${loadaddr} - ${fdt_addr_r}; else bootz ${loadaddr} - ${fdt_addr_r}; bootm ${loadaddr} - ${fdt_addr_r}; fi'
- 06:40:02 [INFO] Target: 
setenv bootcmd ''${bootcmd}' if iminfo ${loadaddr}; then bootm ${loadaddr} - ${fdt_addr_r}; else bootz ${loadaddr} - ${fdt_addr_r}; bootm ${loadaddr} - ${fdt_addr_r}; fi'
U-Boot# 
- 06:40:02 [INFO] Host: version
- 06:40:02 [INFO] Target: 
version
U-Boot 2014.07-g8a51ac8 (Apr 23 2015 - 22:40:59)
arm-linux-gnueabihf-gcc (crosstool-NG linaro-1.13.1-4.7-2013.03-20130313 - Linaro GCC 2013.03) 4.7.3 20130226 (prerelease)
GNU ld (crosstool-NG linaro-1.13.1-4.7-2013.03-20130313 - Linaro GCC 2013.03) 2.23.1
U-Boot# 
- 06:40:02 [INFO] Host: bdinfo
- 06:40:02 [INFO] Target: 
bdinfo
arch_number = 0x00000000
boot_params = 0x80000100
DRAM bank   = 0x00000000
-> start    = 0x80000000
-> size     = 0x40000000
eth0name    = cpsw
ethaddr     = 34:b1:f7:3d:b9:0c
eth1name    = usb_ether
eth1addr    = 34:b1:f7:3d:b9:0e
current eth = cpsw
ip_addr     = 192.168.0.147
baudrate    = 115200 bps
TLB addr    = 0xBFFF0000
relocaddr   = 0xBF731000
reloc off   = 0x3EF31000
irq_sp      = 0xBE720EE0
sp start    = 0xBE720ED0
U-Boot# 
- 06:40:02 [INFO] Host: mmc rescan; echo $?
- 06:40:03 [INFO] Target: 
mmc rescan; echo $?
U-Boot# 
- 06:40:03 [INFO] Host: fatwrite mmc ${mmcdev}:1 ${loadaddr} ws-calibrate.rules 4
- 06:40:03 [INFO] Target: 
fatwrite mmc ${mmcdev}:1 ${loadaddr} ws-calibrate.rules 4
writing ws-calibrate.rules
4 bytes written
U-Boot# 
- 06:40:03 [INFO] Host: boot
- 06:42:33 [ERROR] On command: boot waiting for boot.+?(?-mix:login:) >>> error: execution expired
- 06:42:33 [INFO] Target: 
boot
## Checking Image at 82000000 ...
Unknown image format!
Kernel image @ 0x82000000 [ 0x000000 - 0x3678c0 ]
## Flattened Device Tree blob at 88000000
   Booting using the fdt blob at 0x88000000
   Loading Device Tree to 8fff2000, end 8ffff37b ... OK
Starting kernel ...
[    0.000000] Booting Linux on physical CPU 0x0
[    0.000000] Initializing cgroup subsys cpuset
[    0.000000] Initializing cgroup subsys cpu
[    0.000000] Initializing cgroup subsys cpuacct
[    0.000000] Linux version 4.3.0-rc1-next-20150916-00002-gcf64e1b4e66d (nmenon@kahuna) (gcc version 4.6.3 (Ubuntu/Linaro 4.6.3-1ubuntu5) ) #1 SMP Wed Sep 16 05:35:31 CDT 2015
[    0.000000] CPU: ARMv7 Processor [412fc09a] revision 10 (ARMv7), cr=10c5387d
[    0.000000] CPU: PIPT / VIPT nonaliasing data cache, VIPT aliasing instruction cache
[    0.000000] Machine model: TI AM437x SK EVM
[    0.000000] cma: Reserved 16 MiB at 0xbf000000
[    0.000000] Memory policy: Data cache writeback
[    0.000000] CPU: All CPU(s) started in SVC mode.
[    0.000000] AM437x ES1.2 (sgx neon )
[    0.000000] PERCPU: Embedded 14 pages/cpu @eeeb4000 s25088 r8192 d24064 u57344
[    0.000000] Built 1 zonelists in Zone order, mobility grouping on.  Total pages: 260434
[    0.000000] Kernel command line: console=ttyO0,115200n8 earlyprintk rootwait  ip=:::::eth0:dhcp  root=PARTUUID=00000000-02 rw rootfstype=ext4 rootwait 
[    0.000000] PID hash table entries: 4096 (order: 2, 16384 bytes)
[    0.000000] Dentry cache hash table entries: 131072 (order: 7, 524288 bytes)
[    0.000000] Inode-cache hash table entries: 65536 (order: 6, 262144 bytes)
[    0.000000] Memory: 1003584K/1048576K available (6557K kernel code, 744K rwdata, 2220K rodata, 452K init, 8263K bss, 28608K reserved, 16384K cma-reserved, 253952K highmem)
[    0.000000] Virtual kernel memory layout:
[    0.000000]     vector  : 0xffff0000 - 0xffff1000   (   4 kB)
[    0.000000]     fixmap  : 0xffc00000 - 0xfff00000   (3072 kB)
[    0.000000]     vmalloc : 0xf0000000 - 0xff000000   ( 240 MB)
[    0.000000]     lowmem  : 0xc0000000 - 0xef800000   ( 760 MB)
[    0.000000]     pkmap   : 0xbfe00000 - 0xc0000000   (   2 MB)
[    0.000000]     modules : 0xbf000000 - 0xbfe00000   (  14 MB)
[    0.000000]       .text : 0xc0008000 - 0xc089a770   (8778 kB)
[    0.000000]       .init : 0xc089b000 - 0xc090c000   ( 452 kB)
[    0.000000]       .data : 0xc090c000 - 0xc09c6298   ( 745 kB)
[    0.000000]        .bss : 0xc09c9000 - 0xc11daf30   (8264 kB)
[    0.000000] Running RCU self tests
[    0.000000] Hierarchical RCU implementation.
[    0.000000] 	RCU lockdep checking is enabled.
[    0.000000] 	Build-time adjustment of leaf fanout to 32.
[    0.000000] 	RCU restricting CPUs from NR_CPUS=2 to nr_cpu_ids=1.
[    0.000000] RCU: Adjusting geometry for rcu_fanout_leaf=32, nr_cpu_ids=1
[    0.000000] NR_IRQS:16 nr_irqs:16 16
[    0.000000] L2C: platform modifies aux control register: 0x0e030000 -> 0x3e430000
[    0.000000] L2C: DT/platform modifies aux control register: 0x0e030000 -> 0x3e430000
[    0.000000] L2C-310 enabling early BRESP for Cortex-A9
[    0.000000] OMAP L2C310: ROM does not support power control setting
[    0.000000] L2C-310 dynamic clock gating disabled, standby mode disabled
[    0.000000] L2C-310 cache controller enabled, 16 ways, 256 kB
[    0.000000] L2C-310: CACHE_ID 0x410000c9, AUX_CTRL 0x4e430000
[    0.000000] OMAP clockevent source: timer2 at 24000000 Hz
[    0.000013] sched_clock: 32 bits at 24MHz, resolution 41ns, wraps every 89478484971ns
[    0.000031] clocksource: timer1: mask: 0xffffffff max_cycles: 0xffffffff, max_idle_ns: 79635851949 ns
[    0.000082] OMAP clocksource: timer1 at 24000000 Hz
[    0.000819] Console: colour dummy device 80x30
[    0.000873] Lock dependency validator: Copyright (c) 2006 Red Hat, Inc., Ingo Molnar
[    0.000880] ... MAX_LOCKDEP_SUBCLASSES:  8
[    0.000887] ... MAX_LOCK_DEPTH:          48
[    0.000894] ... MAX_LOCKDEP_KEYS:        8191
[    0.000901] ... CLASSHASH_SIZE:          4096
[    0.000907] ... MAX_LOCKDEP_ENTRIES:     32768
[    0.000913] ... MAX_LOCKDEP_CHAINS:      65536
[    0.000919] ... CHAINHASH_SIZE:          32768
[    0.000925]  memory used by lock dependency info: 5167 kB
[    0.000932]  per task-struct memory footprint: 1536 bytes
[    0.000957] Calibrating delay loop... 1993.93 BogoMIPS (lpj=9969664)
[    0.118998] pid_max: default: 32768 minimum: 301
[    0.119330] Security Framework initialized
[    0.119442] Mount-cache hash table entries: 2048 (order: 1, 8192 bytes)
[    0.119458] Mountpoint-cache hash table entries: 2048 (order: 1, 8192 bytes)
[    0.122161] Initializing cgroup subsys io
[    0.122271] Initializing cgroup subsys memory
[    0.122368] Initializing cgroup subsys devices
[    0.122452] Initializing cgroup subsys freezer
[    0.122561] Initializing cgroup subsys perf_event
[    0.122621] CPU: Testing write buffer coherency: ok
[    0.123965] CPU0: thread -1, cpu 0, socket 0, mpidr 80000000
[    0.124088] Setting up static identity map for 0x80008280 - 0x800082f0
[    0.128047] Brought up 1 CPUs
[    0.128070] SMP: Total of 1 processors activated (1993.93 BogoMIPS).
[    0.128080] CPU: All CPU(s) started in SVC mode.
[    0.131246] devtmpfs: initialized
[    0.161021] VFP support v0.3: implementor 41 architecture 3 part 30 variant 9 rev 4
[    0.206723] omap_hwmod: tptc0 using broken dt data from edma
[    0.207136] omap_hwmod: tptc1 using broken dt data from edma
[    0.207525] omap_hwmod: tptc2 using broken dt data from edma
[    0.274497] clocksource: jiffies: mask: 0xffffffff max_cycles: 0xffffffff, max_idle_ns: 19112604462750000 ns
[    0.277144] pinctrl core: initialized pinctrl subsystem
[    0.281892] NET: Registered protocol family 16
[    0.286059] DMA: preallocated 256 KiB pool for atomic coherent allocations
[    0.287953] cpuidle: using governor ladder
[    0.287979] cpuidle: using governor menu
[    0.291813] omap_l3_noc 44000000.ocp: L3 debug error: target 8 mod:0 (unclearable)
[    0.291967] omap_l3_noc 44000000.ocp: L3 application error: target 8 mod:0 (unclearable)
[    0.297658] platform 44e3e000.rtc: Cannot lookup hwmod 'rtc'
[    0.300351] OMAP GPIO hardware version 0.1
[    0.308019] platform 53701000.des: Cannot lookup hwmod 'des'
[    0.316007] No ATAGs?
[    0.316096] hw-breakpoint: found 5 (+1 reserved) breakpoint and 1 watchpoint registers.
[    0.316109] hw-breakpoint: maximum watchpoint size is 4 bytes.
[    0.318230] omap4_sram_init:Unable to allocate sram needed to handle errata I688
[    0.318251] omap4_sram_init:Unable to get sram pool needed to handle errata I688
[    0.351423] edma-dma-engine edma-dma-engine.0: TI EDMA DMA engine driver
[    0.354354] SCSI subsystem initialized
[    0.356241] omap_i2c 44e0b000.i2c: could not find pctldev for node /ocp/l4_wkup@44c00000/scm@210000/pinmux@800/i2c0_pins, deferring probe
[    0.356343] omap_i2c 4802a000.i2c: could not find pctldev for node /ocp/l4_wkup@44c00000/scm@210000/pinmux@800/i2c1_pins, deferring probe
[    0.356598] pps_core: LinuxPPS API ver. 1 registered
[    0.356610] pps_core: Software ver. 5.3.6 - Copyright 2005-2007 Rodolfo Giometti <giometti@linux.it>
[    0.356660] PTP clock support registered
[    0.360386] clocksource: Switched to clocksource timer1
[    0.473183] NET: Registered protocol family 2
[    0.475099] TCP established hash table entries: 8192 (order: 3, 32768 bytes)
[    0.475241] TCP bind hash table entries: 8192 (order: 6, 294912 bytes)
[    0.476976] TCP: Hash tables configured (established 8192 bind 8192)
[    0.477479] UDP hash table entries: 512 (order: 3, 40960 bytes)
[    0.477739] UDP-Lite hash table entries: 512 (order: 3, 40960 bytes)
[    0.478721] NET: Registered protocol family 1
[    0.480627] RPC: Registered named UNIX socket transport module.
[    0.480650] RPC: Registered udp transport module.
[    0.480658] RPC: Registered tcp transport module.
[    0.480668] RPC: Registered tcp NFSv4.1 backchannel transport module.
[    0.485639] futex hash table entries: 256 (order: 2, 16384 bytes)
[    0.485886] audit: initializing netlink subsys (disabled)
[    0.486154] audit: type=2000 audit(0.480:1): initialized
[    0.489640] VFS: Disk quotas dquot_6.6.0
[    0.489771] VFS: Dquot-cache hash table entries: 1024 (order 0, 4096 bytes)
[    0.492368] NFS: Registering the id_resolver key type
[    0.492742] Key type id_resolver registered
[    0.492754] Key type id_legacy registered
[    0.492959] jffs2: version 2.2. (NAND) (SUMMARY)   2001-2006 Red Hat, Inc.
[    0.498053] bounce: pool size: 64 pages
[    0.498241] io scheduler noop registered
[    0.498265] io scheduler deadline registered
[    0.498323] io scheduler cfq registered (default)
[    0.501889] pinctrl-single 44e10800.pinmux: 199 pins at pa f9e10800 size 796
[    0.505370] Serial: 8250/16550 driver, 4 ports, IRQ sharing enabled
[    0.510165] omap_uart 44e09000.serial: no wakeirq for uart0
[    0.510210] omap_uart 44e09000.serial: No clock speed specified: using default: 48000000
[    0.510966] 44e09000.serial: ttyO0 at MMIO 0x44e09000 (irq = 27, base_baud = 3000000) is a OMAP UART0
[    1.328355] console [ttyO0] enabled
[    1.365111] brd: module loaded
[    1.388038] loop: module loaded
[    1.393869] mtdoops: mtd device (mtddev=name/number) must be supplied
[    1.406347] mousedev: PS/2 mouse device common for all mice
[    1.412300] i2c /dev entries driver
[    1.417819] omap_hsmmc 48060000.mmc: Got CD GPIO
[    1.426009] ledtrig-cpu: registered to indicate activity on CPUs
[    1.433457] oprofile: no performance counters
[    1.439431] oprofile: using timer interrupt.
[    1.444738] Initializing XFRM netlink socket
[    1.449655] NET: Registered protocol family 10
[    1.457147] sit: IPv6 over IPv4 tunneling driver
[    1.464141] NET: Registered protocol family 17
[    1.468893] NET: Registered protocol family 15
[    1.474012] Key type dns_resolver registered
[    1.478709] omap_voltage_late_init: Voltage driver support not added
[    1.485429] sr_dev_init: No voltage domain specified for smartreflex0. Cannot initialize
[    1.493962] sr_dev_init: No voltage domain specified for smartreflex1. Cannot initialize
[    1.503538] ThumbEE CPU extension supported.
[    1.508063] Registering SWP/SWPB emulation handler
[    1.513169] SmartReflex Class3 initialized
[    1.557236] omap_i2c 44e0b000.i2c: bus 0 rev0.12 at 400 kHz
[    1.566755] omap_i2c 4802a000.i2c: bus 1 rev0.12 at 400 kHz
[    1.573639] omap_hsmmc 48060000.mmc: Got CD GPIO
[    1.680338] davinci_mdio 4a101000.mdio: davinci mdio revision 1.6
[    1.686752] davinci_mdio 4a101000.mdio: detected phy mask ffffffcf
[    1.698102] libphy: 4a101000.mdio: probed
[    1.702414] davinci_mdio 4a101000.mdio: phy[4]: device 4a101000.mdio:04, driver unknown
[    1.710864] davinci_mdio 4a101000.mdio: phy[5]: device 4a101000.mdio:05, driver unknown
[    1.720976] cpsw 4a100000.ethernet: Detected MACID = 34:b1:f7:3d:b9:0c
[    1.730806] cpsw 4a100000.ethernet: cpsw: Detected MACID = 34:b1:f7:3d:b9:0e
[    1.739971] hctosys: unable to open rtc device (rtc0)
[    1.745370] sr_init: No PMIC hook to init smartreflex
[    1.750965] sr_init: platform driver register failed for SR
[    1.777154] net eth0: initializing cpsw version 1.15 (0)
[    1.792297] mmc0: host does not support reading read-only switch, assuming write-enable
[    1.804599] mmc0: new high speed SDHC card at address aaaa
[    1.813278] mmcblk0: mmc0:aaaa SS08G 7.40 GiB 
[    1.821995]  mmcblk0: p1 p2 p3
[    1.860852] net eth0: phy found : id is : 0x221622
[    1.872335] IPv6: ADDRCONF(NETDEV_UP): eth0: link is not ready
[    4.861241] cpsw 4a100000.ethernet eth0: Link is Up - 1Gbps/Full - flow control rx/tx
[    4.870400] IPv6: ADDRCONF(NETDEV_CHANGE): eth0: link becomes ready
[    4.891498] Sending DHCP requests .
[    4.895791] Unable to handle kernel paging request at virtual address 00004308
[    4.903577] pgd = c0004000
[    4.906412] [00004308] *pgd=00000000
[    4.910162] Internal error: Oops: 5 [#1] SMP ARM
[    4.914979] Modules linked in:
[    4.918175] CPU: 0 PID: 0 Comm: swapper/0 Not tainted 4.3.0-rc1-next-20150916-00002-gcf64e1b4e66d #1
[    4.927698] Hardware name: Generic AM43 (Flattened Device Tree)
[    4.933874] task: c09125b8 ti: c090c000 task.ti: c090c000
[    4.939519] PC is at ip_route_input_noref+0x608/0xe94
[    4.944798] LR is at trace_hardirqs_on_caller+0xb0/0x1e8
[    4.950337] pc : [<c052df08>]    lr : [<c009165c>]    psr: 20000113
[    4.950337] sp : c090dc08  ip : 2e5af000  fp : 00000010
[    4.962303] r10: 00000000  r9 : c09b3480  r8 : ee539800
[    4.967760] r7 : ffffff8f  r6 : ee560040  r5 : 00000000  r4 : ee56cd00
[    4.974572] r3 : 00004300  r2 : 00000001  r1 : 0000000a  r0 : ee560040
[    4.981386] Flags: nzCv  IRQs on  FIQs on  Mode SVC_32  ISA ARM  Segment none
[    4.988834] Control: 10c5387d  Table: 80004059  DAC: 00000051
[    4.994837] Process swapper/0 (pid: 0, stack limit = 0xc090c218)
[    5.001114] Stack: (0xc090dc08 to 0xc090e000)
[    5.005670] dc00:                   00000000 00000000 c052da60 c0567f20 00000000 00000010
[    5.014203] dc20: ee537800 c09c36e0 00000000 00000003 00000000 00000010 0000025d 00002f30
[    5.022751] dc40: 00000000 00000000 0100a8c0 9300a8c0 00000000 00000000 c0567f20 00070000
[    5.031287] dc60: 00000000 00000000 00004300 c094dccc 00000000 ee56cd00 c0533160 ee56b050
[    5.039832] dc80: c0694004 ee56cd00 c09c3718 ee56cd00 c04f76ec c0533160 c090f58c c0532078
[    5.048367] dca0: ee539800 c04f76ec 00000000 c09c3ce8 00000001 00000001 00000001 00000050
[    5.056916] dcc0: ee56b000 00000000 eeec1e10 ee56cd00 c04f76ec ee539800 c090f58c c0533160
[    5.065451] dce0: 00000001 00000000 c04f76ec c009165c ee000140 ee5a8ac0 eeec1f34 c015b6ac
[    5.073987] dd00: 00000000 00000000 ee56b050 c09b9408 ee56b198 c08fae94 ee56b189 c08e3c30
[    5.082526] dd20: 00000000 0100a8c0 00000001 ee56cd00 ee539800 ee56cd00 c0911050 00000008
[    5.091058] dd40: ee53985c c090dd8c ee539800 c04f76ec 00000000 00000000 00000000 00000002
[    5.099588] dd60: 60000113 ee56cd00 00000000 c0090c4c 00000000 00000000 00000000 c04fcb10
[    5.108118] dd80: 00000000 ee5a8a00 00000020 ee53985c 00000001 c0910084 ee56cd00 c09c3644
[    5.116645] dda0: ee539e00 00000156 ffff8cbb 00010000 c090b000 c04fcb68 00000000 00000000
[    5.125185] ddc0: c04fcb10 00000000 00000700 60000113 ee5d7900 c04ef168 ee56cd00 ee5a8a00
[    5.133713] dde0: ee5a8a00 ee539800 ee56cd00 c048420c 80000113 ee535278 f01f0000 ee525110
[    5.142247] de00: ee535250 ee56cd00 00000156 c047f6d8 00000000 c009165c 20000113 00010000
[    5.150783] de20: ee525110 f01f0000 00000156 ee525130 ee535250 c047f7c8 00000001 ee525110
[    5.159322] de40: 00000000 00000040 0000012c eeeba000 c090de88 c047f848 ee539e28 ee539e28
[    5.167861] de60: 00000040 c04849cc ee539e28 00000001 00000040 c04fd644 c090de90 2e5af000
[    5.176401] de80: eeeba000 c090b000 c090de88 c090de88 c090de90 c090de90 ee008800 c090e08c
[    5.184953] dea0: 00000008 00000000 00000003 0000000c 00000004 ee008800 c09c3a2c c0042f08
[    5.193499] dec0: ee169c64 00000001 00000001 00000100 0000000a ffff8cba 00200000 00000001
[    5.202034] dee0: c090785c c090f58c c090785c 00000000 00000000 00000087 c090e9f0 ee008800
[    5.210564] df00: c0909a58 c00434e0 c090f58c c009b718 c090df50 fa240100 c090f7d8 c090df50
[    5.219112] df20: c0984208 fa24010c fa241100 c0009510 c09125b8 c001019c 20000113 ffffffff
[    5.227664] df40: c090df84 c08eaa48 c090e988 c0638338 00000001 00000001 00000000 c09125b8
[    5.236212] df60: c090e9e8 00000000 c09c401c 00000000 c08eaa48 c090e9f0 c090e988 c0909a58
[    5.244762] df80: 00000000 c090dfa0 c00916ac c001019c 20000113 ffffffff 00000051 c0010198
[    5.253305] dfa0: 00000000 c00845ec c0631428 c09054e4 00000001 c09c9000 00000000 c089bc20
[    5.261860] dfc0: ffffffff ffffffff 00000000 c089b668 00000000 c08eaa48 00000000 c09c9214
[    5.270421] dfe0: c090e96c c08eaa44 c0914190 80004059 00000000 8000807c 00000000 00000000
[    5.278978] [<c052df08>] (ip_route_input_noref) from [<c0532078>] (ip_rcv_finish+0x16c/0x664)
[    5.287898] [<c0532078>] (ip_rcv_finish) from [<c0533160>] (ip_rcv+0x488/0x6f4)
[    5.295550] [<c0533160>] (ip_rcv) from [<c04f76ec>] (__netif_receive_skb_core+0x468/0x964)
[    5.304192] [<c04f76ec>] (__netif_receive_skb_core) from [<c04fcb68>] (netif_receive_skb_internal+0x74/0x1e4)
[    5.314579] [<c04fcb68>] (netif_receive_skb_internal) from [<c048420c>] (cpsw_rx_handler+0xb8/0x1ec)
[    5.324129] [<c048420c>] (cpsw_rx_handler) from [<c047f6d8>] (__cpdma_chan_free+0x90/0xa0)
[    5.332761] [<c047f6d8>] (__cpdma_chan_free) from [<c047f7c8>] (__cpdma_chan_process+0xe0/0x120)
[    5.341956] [<c047f7c8>] (__cpdma_chan_process) from [<c047f848>] (cpdma_chan_process+0x40/0x50)
[    5.351165] [<c047f848>] (cpdma_chan_process) from [<c04849cc>] (cpsw_rx_poll+0x14/0x98)
[    5.359623] [<c04849cc>] (cpsw_rx_poll) from [<c04fd644>] (net_rx_action+0x120/0x350)
[    5.367825] [<c04fd644>] (net_rx_action) from [<c0042f08>] (__do_softirq+0xd0/0x384)
[    5.375930] [<c0042f08>] (__do_softirq) from [<c00434e0>] (irq_exit+0xbc/0x130)
[    5.383583] [<c00434e0>] (irq_exit) from [<c009b718>] (__handle_domain_irq+0x6c/0xd8)
[    5.391776] [<c009b718>] (__handle_domain_irq) from [<c0009510>] (gic_handle_irq+0x40/0x8c)
[    5.400525] [<c0009510>] (gic_handle_irq) from [<c0638338>] (__irq_svc+0x58/0x78)
[    5.408359] Exception stack(0xc090df50 to 0xc090df98)
[    5.413633] df40:                                     00000001 00000001 00000000 c09125b8
[    5.422190] df60: c090e9e8 00000000 c09c401c 00000000 c08eaa48 c090e9f0 c090e988 c0909a58
[    5.430739] df80: 00000000 c090dfa0 c00916ac c001019c 20000113 ffffffff
[    5.437672] [<c0638338>] (__irq_svc) from [<c001019c>] (arch_cpu_idle+0x20/0x3c)
[    5.445414] [<c001019c>] (arch_cpu_idle) from [<c00845ec>] (cpu_startup_entry+0x244/0x390)
[    5.454065] [<c00845ec>] (cpu_startup_entry) from [<c089bc20>] (start_kernel+0x38c/0x404)
[    5.462622] [<c089bc20>] (start_kernel) from [<8000807c>] (0x8000807c)
[    5.469447] Code: e3530000 e586202c e3a02001 e5c6205e (15933008) 
[    5.475870] ---[ end trace b69f7c81f88004cb ]---
[    5.480714] Kernel panic - not syncing: Fatal exception in interrupt
[    5.487373] ---[ end Kernel panic - not syncing: Fatal exception in interrupt
[   83.120256] random: nonblocking pool is initialized
- 06:42:33 [INFO] Boot attempt 1/1 failed
URL:gtsystest.telogy.design.ti.com/vatf/tigtfarm07/tigtfarm07_vatf@am437x-sk1/tigtfarm0709_16_2015_06_39_26/files/session_iteration_1/test_1
