- 14:15:48 [INFO] Starting target session
- 14:15:50 [INFO] Connected to am43xx-epos via serial 
- 14:15:50 [INFO] Host: #check prompt
- 14:15:53 [ERROR] On command: #check prompt waiting for #check prompt.+?(?-mix:((?-mix:am437x-evm\s+login)|[Pp]assword)) >>> error: execution expired
- 14:15:53 [INFO] Target: 
#check prompt
root@am437x-evm:~# 
- 14:15:53 [INFO] Host: #check prompt
- 14:15:53 [INFO] Target: 
#check prompt
root@am437x-evm:~# 
- 14:15:53 [INFO] Host: sync;poweroff
- 14:16:12 [INFO] Target: 
sync;poweroff
Broadcast message from root@am437x-evm (ttyO0) (Wed Feb  4 08:14:58 2015):
The system is going down for system halt NOW!
INIT: Switching to runlevel: 0
root@am437x-evm:~# 
INIT: Sending processes the TERM signal
UIM SYSFS Node Found at /sys/./devices/kim.6/install
Stopping uim-sysfs daemon.
Stopping Dropbear SSH server: stopped /usr/sbin/dropbear (pid 1557)
dropbear.
Stopping telnet daemon.
Stopping system message bus: dbus.
hwclock: can't open '/dev/misc/rtc': No such file or directory
Stopping syslogd/klogd: stopped syslogd (pid 1592)
stopped klogd (pid 1594)
done
Stopping thttpd.
Stopping Weston
stopping statd: done
ALSA: Storing mixer settings...
Stopping PVR
rmmod: ERROR: Module bufferclass_ti is not currently loaded
Stopping rpcbind daemon...
done.
Stopping Lighttpd Web Server: stopped /usr/sbin/lighttpd (pid 1642)
lighttpd.
NOT deconfiguring network interfaces: / is an NFS mount
Stopping Matrix GUI applicationstart-stop-daemon: warning: killing process 1649: No such process
***************************************************************
***************************************************************
NOTICE: This file system contains the followin GPLv3 packages:
	binutils
	gdbserver
If you do not wish to distribute GPLv3 components please remove
the above packages prior to distribution.  This can be done using
the opkg remove command.  i.e.:
    opkg remove <package>
Where <package> is the name printed in the list above
NOTE: If the package is a dependency of another package you
      will be notified of the dependent packages.  You should
      use the --force-removal-of-dependent-packages option to
      also remove the dependent packages as well
***************************************************************
***************************************************************
Sending all processes the TERM signal...
Error VT_WAITACTIVE failed
: Interrupted system call
Sending all processes the KILL signal...
Unmounting remote filesystems...
Deactivating swap...
Unmounting local filesystems...
[ 2029.158227] reboot: System halted
- 14:16:12 [INFO] Disconnected serial from am43xx-epos
- 14:16:35 [INFO] Connected to am43xx-epos via serial 
- 14:16:35 [INFO] Host: 
- 14:16:35 [ERROR] On command:  waiting for (?-mix:U-Boot#) >>> error: execution expired
- 14:16:35 [INFO] Target: 
- 14:16:35 [INFO] Host: 
- 14:16:36 [ERROR] On command:  waiting for (?-mix:U-Boot#) >>> error: execution expired
- 14:16:36 [INFO] Target: 
- 14:16:36 [INFO] Host: 
- 14:16:36 [ERROR] On command:  waiting for (?-mix:U-Boot#) >>> error: execution expired
- 14:16:36 [INFO] Target: 
[    0.000000] Booting Linux on physical CPU 0x0
[    0.000000] Linux version 3.12.4-00012-ge4c91ea-dirty (aparnab@aparnab-desktop) (gcc version 4.7.3 20130226 (prerelease) (crosstool-NG linaro-1.13.1-4.7-2013.03-20130313 - Linaro GCC 2013.03) ) #1 SMP PREEMPT Tue Jan 21 13:34:28 CST 2014
[    0.000000] CPU: ARMv7 Processor [412fc09a] revision 10 (ARMv7), cr=10c53c7d
[    0.000000] CPU: PIPT / VIPT nonaliasing data cache, VIPT aliasing instruction cache
[    0.000000] Machine: Generic AM43 (Flattened Device Tree), model: TI AM43x EPOS EVM
[    0.000000] cma: CMA: reserved 16 MiB at ae800000
[    0.000000] Memory policy: ECC disabled, Data cache writeback
[    0.000000] CPU: All CPU(s) started in SVC mode.
[    0.000000] AM437x ES1.0 (sgx neon )
[    0.000000] PERCPU: Embedded 9 pages/cpu @c17c6000 s15168 r8192 d13504 u36864
[    0.000000] Built 1 zonelists in Zone order, mobility grouping on.  Total pages: 259856
[    0.000000] Kernel command line: console=ttyO0,115200n8 root=/dev/mmcblk0p2 rw rootfstype=ext4 rootwait
[    0.000000] PID hash table entries: 4096 (order: 2, 16384 bytes)
[    0.000000] Dentry cache hash table entries: 131072 (order: 7, 524288 bytes)
[    0.000000] Inode-cache hash table entries: 65536 (order: 6, 262144 bytes)
[    0.000000] Memory: 1003868K/1045504K available (6612K kernel code, 746K rwdata, 2628K rodata, 442K init, 5541K bss, 41636K reserved, 267264K highmem)
[    0.000000] Virtual kernel memory layout:
[    0.000000]     vector  : 0xffff0000 - 0xffff1000   (   4 kB)
[    0.000000]     fixmap  : 0xfff00000 - 0xfffe0000   ( 896 kB)
[    0.000000]     vmalloc : 0xf0000000 - 0xff000000   ( 240 MB)
[    0.000000]     lowmem  : 0xc0000000 - 0xef800000   ( 760 MB)
[    0.000000]     pkmap   : 0xbfe00000 - 0xc0000000   (   2 MB)
[    0.000000]     modules : 0xbf000000 - 0xbfe00000   (  14 MB)
[    0.000000]       .text : 0xc0008000 - 0xc090e5d0   (9242 kB)
[    0.000000]       .init : 0xc090f000 - 0xc097db40   ( 443 kB)
[    0.000000]       .data : 0xc097e000 - 0xc0a38a14   ( 747 kB)
[    0.000000]        .bss : 0xc0a38a14 - 0xc0fa21e8   (5542 kB)
[    0.000000] Preemptible hierarchical RCU implementation.
[    0.000000] 	RCU restricting CPUs from NR_CPUS=2 to nr_cpu_ids=1.
[    0.000000] NR_IRQS:16 nr_irqs:16 16
[    0.000000] GIC CPU mask not found - kernel will fail to boot.
[    0.000000] GIC CPU mask not found - kernel will fail to boot.
[    0.000000] OMAP clockevent source: timer1 at 32786 Hz
[    0.000000] sched_clock: 32 bits at 32kHz, resolution 30517ns, wraps every 131071999ms
[    0.000000] OMAP clocksource: 32k_counter at 32768 Hz
[    0.000000] Console: colour dummy device 80x30
[    0.000000] Lock dependency validator: Copyright (c) 2006 Red Hat, Inc., Ingo Molnar
[    0.000000] ... MAX_LOCKDEP_SUBCLASSES:  8
[    0.000000] ... MAX_LOCK_DEPTH:          48
[    0.000000] ... MAX_LOCKDEP_KEYS:        8191
[    0.000000] ... CLASSHASH_SIZE:          4096
[    0.000000] ... MAX_LOCKDEP_ENTRIES:     16384
[    0.000000] ... MAX_LOCKDEP_CHAINS:      32768
[    0.000000] ... CHAINHASH_SIZE:          16384
[    0.000000]  memory used by lock dependency info: 3695 kB
[    0.000000]  per task-struct memory footprint: 1152 bytes
[    0.001190] Calibrating delay loop... 2144.66 BogoMIPS (lpj=10723328)
[    0.119171] pid_max: default: 32768 minimum: 301
[    0.119812] Security Framework initialized
[    0.120025] Mount-cache hash table entries: 512
[    0.144500] CPU: Testing write buffer coherency: ok
[    0.146362] CPU0: thread -1, cpu 0, socket 0, mpidr 80000000
[    0.146484] Setting up static identity map for 0xc0644028 - 0xc0644098
[    0.146606] L310 cache controller enabled
[    0.146636] l2x0: 16 ways, CACHE_ID 0x410000c9, AUX_CTRL 0x7e030000, Cache size: 256 kB
[    0.179840] Brought up 1 CPUs
[    0.179840] SMP: Total of 1 processors activated.
[    0.179870] CPU: All CPU(s) started in SVC mode.
[    0.182006] devtmpfs: initialized
[    0.192565] VFP support v0.3: implementor 41 architecture 3 part 30 variant 9 rev 4
[    0.267547] omap_hwmod: dss_dispc: cannot be enabled for reset (3)
[    0.270690] o
- 14:16:36 [INFO] Host: 
- 14:16:37 [ERROR] On command:  waiting for (?-mix:U-Boot#) >>> error: execution expired
- 14:16:37 [INFO] Target: 
map_hwmod: dss_rfbi: cannot be enabled for reset (3)
[    0.273895] pinctrl core: initialized pinctrl subsystem
[    0.277343] regulator-dummy: no parameters
[    0.280395] NET: Registered protocol family 16
[    0.284484] DMA: preallocated 256 KiB pool for atomic coherent allocations
[    0.342803] platform 49000000.edma: FIXME: clock-name 'fck' DOES NOT exist in dt!
[    0.348693] OMAP GPIO hardware version 0.1
[    0.364593] omap-gpmc 50000000.gpmc: could not find pctldev for node /pinmux@44e10800/nand_flash_x8, deferring probe
[    0.364654] platform 50000000.gpmc: Driver omap-gpmc requests probe deferral
[    0.365509] platform 56000000.sgx: FIXME: clock-name 'fck' DOES NOT exist in dt!
[    0.369506] platform ocp2scp.0: FIXME: clock-name 'fck' DOES NOT exist in dt!
[    0.370056] platform ocp2scp.1: FIXME: clock-name 'fck' DOES NOT exist in dt!
[    0.370697] platform 48380000.omap_dwc3_1: FIXME: clock-name 'fck' DOES NOT exist in dt!
[    0.371337] platform 483c0000.omap_dwc3_2: FIXME: clock-name 'fck' DOES NOT exist in dt!
[    0.371917] platform 4832a000.dss: FIXME: clock-name 'fck' DOES NOT exist in dt!
[    0.372558] platform 4832a400.dispc: FIXME: clock-name 'fck' DOES NOT exist in dt!
[    0.373535] platform 4832a800.rfbi: FIXME: clock-name 'fck' DOES NOT exist in dt!
[    0.377624] No ATAGs?
[    0.377655] hw-breakpoint: found 5 (+1 reserved) breakpoint and 1 watchpoint registers.
[    0.377655] hw-breakpoint: maximum watchpoint size is 4 bytes.
[    0.445068] bio: create slab <bio-0> at 0
[    0.477783] edma-dma-engine edma-dma-engine.0: TI EDMA DMA engine driver
[    0.480285] vmmcsd_fixed: 3300 mV 
[    0.481353] vmmcwl_fixed: 1800 mV 
[    0.487548] vgaarb: loaded
[    0.490692] SCSI subsystem initialized
[    0.493713] usbcore: registered new interface driver usbfs
[    0.494079] usbcore: registered new interface driver hub
[    0.494689] usbcore: registered new device driver usb
[    0.496643] omap_i2c 44e0b000.i2c: could not find pctldev for node /pinmux@44e10800/pinmux_i2c0_pins, deferring probe
[    0.496673] platform 44e0b000.i2c: Driver omap_i2c requests probe deferral
[    0.496734] omap_i2c 4819c000.i2c: could not find pctldev for node /pinmux@44e10800/pinmux_i2c2_pins, deferring probe
[    0.496765] platform 4819c000.i2c: Driver omap_i2c requests probe deferral
[    0.497558] pps_core: LinuxPPS API ver. 1 registered
[    0.497558] pps_core: Software ver. 5.3.6 - Copyright 2005-2007 Rodolfo Giometti <giometti@linux.it>
[    0.497863] PTP clock support registered
[    0.501251] Advanced Linux Sound Architecture Driver Initialized.
[    0.505889] Switched to clocksource 32k_counter
[    0.608245] NET: Registered protocol family 2
[    0.609954] TCP established hash table entries: 8192 (order: 4, 65536 bytes)
[    0.610168] TCP bind hash table entries: 8192 (order: 6, 294912 bytes)
[    0.611877] TCP: Hash tables configured (established 8192 bind 8192)
[    0.612304] TCP: reno registered
[    0.612365] UDP hash table entries: 512 (order: 3, 40960 bytes)
[    0.612579] UDP-Lite hash table entries: 512 (order: 3, 40960 bytes)
[    0.613677] NET: Registered protocol family 1
[    0.615051] RPC: Registered named UNIX socket transport module.
[    0.615051] RPC: Registered udp transport module.
[    0.615081] RPC: Registered tcp transport module.
[    0.615081] RPC: Registered tcp NFSv4.1 backchannel transport module.
[    0.617614] NetWinder Floating Point Emulator V0.97 (double precision)
[    0.618743] PM: Loading am335x-pm-firmware.binbounce pool size: 64 pages
[    0.736572] VFS: Disk quotas dquot_6.5.2
[    0.736755] Dquot-cache hash table entries: 1024 (order 0, 4096 bytes)
[    0.738616] NFS: Registering the id_resolver key type
[    0.738952] Key type id_resolver registered
[    0.738952] Key type id_legacy registered
[    0.739044] jffs2: version 2.2. (NAND) (SUMMARY)   2001-2006 Red Hat, Inc.
[    0.739379] msgmni has been set to 1470
[    0.744140] NET: Registered protocol family 38
[    0.744415] io scheduler noop registered
[    0.744445] io scheduler deadline registered
[    0.744506] io scheduler cfq registered (default)
[    0.753448] pinctrl-single 44e10800.pinmux: 199 pins at pa f9e10800 size 796
[    0.767791] OMAP DSS rev 2.0
[    0.775421] connector-hdmi connector.7: failed to find video source
[    0.775482] platform connector.7: Driver connector-hdmi requests probe deferral
[    0.793914] Console: switching to colour frame buffer device 100x30
[    0.807281] Serial: 8250/16550 driver, 4 ports, IRQ sharing enabled
[    0.813293] omap_uart 44e09000.serial: No clock speed specified: using default:48000000
[    0.814483] 44e09000.serial: ttyO0 at MMIO 0x44e09000 (irq = 104, base_baud = 3000000) is a OMAP UART0
[    1.593109] console [ttyO0] enabled
[    1.600616] omap_rng 48310000.rng: OMAP Random Number Generator ver. 20
[    1.629608] brd: module loaded
- 14:16:37 [INFO] Host: 
- 14:16:37 [ERROR] On command:  waiting for (?-mix:U-Boot#) >>> error: execution expired
- 14:16:37 [INFO] Target: 
[    1.647125] loop: module loaded
[    1.650512] ti_am3359-tscadc 44e0d000.tscadc: no irq ID is specified.
[    1.664367] mtdoops: mtd device (mtddev=name/number) must be supplied
[    1.683563] usbcore: registered new interface driver asix
[    1.689880] usbcore: registered new interface driver ax88179_178a
[    1.696746] usbcore: registered new interface driver cdc_ether
[    1.702972] usbcore: registered new interface driver r815x
[    1.708892] usbcore: registered new interface driver smsc95xx
[    1.714965] usbcore: registered new interface driver net1080
[    1.721099] usbcore: registered new interface driver cdc_subset
[    1.727508] usbcore: registered new interface driver zaurus
[    1.733459] usbcore: registered new interface driver cdc_ncm
- 14:16:37 [INFO] Host: 
- 14:16:38 [ERROR] On command:  waiting for (?-mix:U-Boot#) >>> error: execution expired
- 14:16:38 [INFO] Target: 
[    2.152954] ehci_hcd: USB 2.0 'Enhanced' Host Controller (EHCI) Driver
[    2.159637] ehci-pci: EHCI PCI platform driver
[    2.164489] ehci-omap: OMAP-EHCI Host Controller driver
[    2.171173] xhci-hcd xhci-hcd.0.auto: xHCI Host Controller
[    2.179229] xhci-hcd xhci-hcd.0.auto: new USB bus registered, assigned bus number 1
[    2.188323] xhci-hcd xhci-hcd.0.auto: irq 206, io mem 0x483d0000
[    2.195373] usb usb1: New USB device found, idVendor=1d6b, idProduct=0002
[    2.202392] usb usb1: New USB device strings: Mfr=3, Product=2, SerialNumber=1
[    2.209625] usb usb1: Product: xHCI Host Controller
[    2.214447] usb usb1: Manufacturer: Linux 3.12.4-00012-ge4c91ea-dirty xhci-hcd
[    2.221618] usb usb1: SerialNumber: xhci-hcd.0.auto
[    2.230407] hub 1-0:1.0: USB hub found
[    2.234680] hub 1-0:1.0: 1 port detected
[    2.240539] xhci-hcd xhci-hcd.0.auto: xHCI Host Controller
[    2.246978] xhci-hcd xhci-hcd.0.auto: new USB bus registered, assigned bus number 2
[    2.255157] usb usb2: New USB device found, idVendor=1d6b, idProduct=0003
[    2.262023] usb usb2: New USB device strings: Mfr=3, Product=2, SerialNumber=1
[    2.269256] usb usb2: Product: xHCI Host Controller
[    2.274078] usb usb2: Manufacturer: Linux 3.12.4-00012-ge4c91ea-dirty xhci-hcd
[    2.281280] usb usb2: SerialNumber: xhci-hcd.0.auto
[    2.288299] hub 2-0:1.0: USB hub found
[    2.292175] hub 2-0:1.0: 1 port detected
[    2.297637] usbcore: registered new interface driver cdc_wdm
[    2.303771] usbcore: registered new interface driver usb-storage
[    2.313934] mousedev: PS/2 mouse device common for all mice
[    2.322784] input: matrix_keypad.8 as /devices/matrix_keypad.8/input/input0
[    2.341644] i2c /dev entries driver
[    2.345458] Driver for 1-wire Dallas network protocol.
[    2.356750] omap_wdt: OMAP Watchdog Timer Rev 0x01: initial timeout 60 sec
[    2.368316] edma-dma-engine edma-dma-engine.0: allocated channel for 0:25
[    2.375091] edma-dma-engine edma-dma-engine.0: allocated channel for 0:24
[    2.416687] edma-dma-engine edma-dma-engine.0: allocated channel for 0:3
[    2.423339] edma-dma-engine edma-dma-engine.0: allocated channel for 0:2
[    2.524597] mmc0: host does not support reading read-only switch. assuming write-enable.
[    2.535919] mmc0: new high speed SDHC card at address aaaa
[    2.544036] mmcblk0: mmc0:aaaa SU08G 7.40 GiB 
[    2.551086] ledtrig-cpu: registered to indicate activity on CPUs
[    2.561309]  mmcblk0: p1 p2 p3
[    2.565521] 
- 14:16:38 [INFO] Host: 
- 14:16:38 [ERROR] On command:  waiting for (?-mix:U-Boot#) >>> error: execution expired
- 14:16:38 [INFO] Target: 
dma-dma-engine.0: allocated channel for 0:36
[    2.574920] omap-sham 53100000.sham: hw accel on OMAP rev 0.0
[    2.592437] omap-aes 53501000.aes: OMAP AES hw accel rev: 0.1
[    2.598724] edma-dma-engine edma-dma-engine.0: allocated channel for 0:5
[    2.605377] edma-dma-engine edma-dma-engine.0: allocated channel for 0:6
[    2.614379] omap-des 53701000.des: OMAP DES hw accel rev: 0.33
[    2.620544] edma-dma-engine edma-dma-engine.0: allocated channel for 0:33
[    2.627532] edma-dma-engine edma-dma-engine.0: allocated channel for 0:34
[    2.637542] usbcore: registered new interface driver usbhid
[    2.643066] usbhid: USB HID core driver
[    2.663970] oprofile: no performance counters
[    2.670379] oprofile: using timer interrupt.
[    2.674987] nf_conntrack version 0.5.0 (15941 buckets, 63764 max)
[    2.683105] ip_tables: (C) 2000-2006 Netfilter Core Team
[    2.689483] TCP: cubic registered
[    2.692749] Initializing XFRM netlink socket
[    2.697326] NET: Registered protocol family 17
[    2.701782] NET: Registered protocol family 15
[    2.706634] Bridge firewalling registered
[    2.710906] 8021q: 802.1Q VLAN Support v1.8
[    2.715209] Key type dns_resolver registered
[    2.720581] cpu cpu0: cpu0 regulator not ready, retry
[    2.725585] platform cpufreq-cpu0.0: Driver cpufreq-cpu0 requests probe deferral
[    2.734466] ThumbEE CPU extension supported.
[    2.742919] omap-gpmc 50000000.gpmc: GPMC revision 6.0
[    2.748535] gpmc_mem_init: disabling cs 0 mapped at 0x0-0x1000000
[    2.756713] ONFI param page 0 valid
[    2.760192] ONFI flash detected
[    2.763275] NAND device: Manufacturer ID: 0x2c, Chip ID: 0xdc (Micron MT29F4G08ABAEAWP), 512MiB, page size: 4096, OOB size: 224
[    2.774871] omap2-nand: detected x8 NAND flash
[    2.779510] using OMAP_ECC_BCH16_CODE_HW ECC scheme
[    2.784362] omap2-nand: using custom ecc layout
[    2.789245] 10 ofpart partitions found on MTD device omap2-nand.0
[    2.795257] Creating 10 MTD partitions on "omap2-nand.0":
[    2.800811] 0x000000000000-0x000000040000 : "SPL"
[    2.812103] 0x000000040000-0x000000080000 : "SPL.backup1"
[    2.820892] 0x000000080000-0x0000000c0000 : "SPL.backup2"
[    2.829742] 0x0000000c0000-0x000000100000 : "SPL.backup3"
[    2.838653] 0x000000100000-0x000000200000 : "u-boot"
[    2.847259] 0x000000200000-0x000000280000 : "u-boot-spl-os"
[    2.856262] 0x000000280000-0x0000002c0000 : "u-boot-env"
[    2.864868] 0x0000002c0000-0x000000300000 : "u-boot-env.backup1"
[    2.874725] 0x000000300000-0x000000800000 : "kernel"
[    2.884368] 0x000000800000-0x000010000000 : "file-system"
[    2.968994] vdd_core: 920 <--> 1140 mV at 1100 mV 
[    2.978057] vdd_mpu: 920 <--> 1375 mV at 1330 mV 
[    2.985473] DCDC3: at 1200 mV 
[    2.994018] LDO1: 1800 mV 
[    2.997894] omap_i2c 44e0b000.i2c: bus 0 rev0.12 at 100 kHz
[    3.009094] sii9022 2-003b: sil9022 HDMI Chip version = b0
[    3.014617] omap_i2c 4819c000.i2c: bus 2 rev0.12 at 100 kHz
[    3.022918] cpufreq_cpu0: Bootloader freq 1000000000Hz no match to table, Using 7
- 14:16:38 [INFO] Host: 
- 14:16:39 [ERROR] On command:  waiting for (?-mix:U-Boot#) >>> error: execution expired
- 14:16:39 [INFO] Target: 
[    3.106018] davinci_mdio 4a101000.mdio: davinci mdio revision 1.6
[    3.112030] davinci_mdio 4a101000.mdio: detected phy mask fffeffff
[    3.120697] libphy: 4a101000.mdio: probed
[    3.124694] davinci_mdio 4a101000.mdio: phy[16]: device 4a101000.mdio:10, driver unknown
[    3.134552] Detected MACID = 34:b1:f7:31:4c:2c
[    3.144653] drivers/rtc/hctosys.c: unable to open rtc device (rtc0)
[    3.166412] ALSA device list:
[    3.169372]   No soundcards found.
[    3.200195] EXT4-fs (mmcblk0p2): warning: maximal mount count reached, running e2fsck is recommended
[    3.214904] EXT4-fs (mmcblk0p2): mounted filesystem with ordered data mode. Opts: (null)
[    3.223175] VFS: Mounted root (ext4 filesystem) on device 179:2.
[    3.236999] devtmpfs: mounted
[    3.241180] Freeing unused kernel memory: 440K (c090f000 - c097d000)
INIT: version 2.88 booting
- 14:16:39 [INFO] Host: 
- 14:16:39 [ERROR] On command:  waiting for (?-mix:U-Boot#) >>> error: execution expired
- 14:16:39 [INFO] Target: 
Starting udev
- 14:16:39 [INFO] Host: 
- 14:16:40 [ERROR] On command:  waiting for (?-mix:U-Boot#) >>> error: execution expired
- 14:16:40 [INFO] Target: 
[    4.155456] udevd[941]: starting version 182
- 14:16:40 [INFO] Host: 
- 14:16:40 [ERROR] On command:  waiting for (?-mix:U-Boot#) >>> error: execution expired
- 14:16:40 [INFO] Target: 
- 14:16:40 [INFO] Host: 
- 14:16:41 [ERROR] On command:  waiting for (?-mix:U-Boot#) >>> error: execution expired
- 14:16:41 [INFO] Target: 
[    5.252075] pixcir_ts 0-005c: pixcir_set_power_mode: can't read reg 0x33 : -121
- 14:16:41 [INFO] Host: 
- 14:16:41 [ERROR] On command:  waiting for (?-mix:U-Boot#) >>> error: execution expired
- 14:16:41 [INFO] Target: 
[    5.376190] pixcir_ts 0-005c: Failed to set IDLE mode
[    5.427947] pixcir_ts: probe of 0-005c failed with error -121
- 14:16:41 [INFO] Host: 
- 14:16:42 [ERROR] On command:  waiting for (?-mix:U-Boot#) >>> error: execution expired
- 14:16:42 [INFO] Target: 
- 14:16:42 [INFO] Host: 
- 14:16:42 [ERROR] On command:  waiting for (?-mix:U-Boot#) >>> error: execution expired
- 14:16:42 [INFO] Target: 
- 14:16:42 [INFO] Host: 
- 14:16:43 [ERROR] On command:  waiting for (?-mix:U-Boot#) >>> error: execution expired
- 14:16:43 [INFO] Target: 
- 14:16:43 [INFO] Host: 
- 14:16:43 [ERROR] On command:  waiting for (?-mix:U-Boot#) >>> error: execution expired
- 14:16:43 [INFO] Target: 
- 14:16:43 [INFO] Host: 
- 14:16:44 [ERROR] On command:  waiting for (?-mix:U-Boot#) >>> error: execution expired
- 14:16:44 [INFO] Target: 
- 14:16:44 [INFO] Host: 
- 14:16:44 [ERROR] On command:  waiting for (?-mix:U-Boot#) >>> error: execution expired
- 14:16:44 [INFO] Target: 
- 14:16:44 [INFO] Host: 
- 14:16:45 [ERROR] On command:  waiting for (?-mix:U-Boot#) >>> error: execution expired
- 14:16:45 [INFO] Target: 
- 14:16:45 [INFO] Host: 
- 14:16:45 [ERROR] On command:  waiting for (?-mix:U-Boot#) >>> error: execution expired
- 14:16:45 [INFO] Target: 
- 14:16:45 [INFO] Host: 
- 14:16:46 [ERROR] On command:  waiting for (?-mix:U-Boot#) >>> error: execution expired
- 14:16:46 [INFO] Target: 
- 14:16:46 [INFO] Host: 
- 14:16:46 [ERROR] On command:  waiting for (?-mix:U-Boot#) >>> error: execution expired
- 14:16:46 [INFO] Target: 
- 14:16:46 [INFO] Host: 
- 14:16:47 [ERROR] On command:  waiting for (?-mix:U-Boot#) >>> error: execution expired
- 14:16:47 [INFO] Target: 
- 14:16:47 [INFO] Host: 
- 14:16:47 [ERROR] On command:  waiting for (?-mix:U-Boot#) >>> error: execution expired
- 14:16:47 [INFO] Target: 
[   10.923583] EXT4-fs (mmcblk0p3): warning: maximal mount count reached, running e2fsck is recommended
[   10.954742] EXT4-fs (mmcblk0p3): mounted filesystem with ordered data mode. Opts: (null)
[   11.137390] FAT-fs (mmcblk0p1): Volume was not properly unmounted. Some data may be corrupt. Please run fsck.
- 14:16:47 [INFO] Host: 
- 14:16:48 [ERROR] On command:  waiting for (?-mix:U-Boot#) >>> error: execution expired
- 14:16:48 [INFO] Target: 
Starting Bootlog daemon: bootlogd: cannot allocate pseudo tty: No such file or directory
bootlogd.
[   11.639984] EXT4-fs (mmcblk0p2): re-mounted. Opts: data=ordered
- 14:16:48 [INFO] Host: 
- 14:16:48 [ERROR] On command:  waiting for (?-mix:U-Boot#) >>> error: execution expired
- 14:16:48 [INFO] Target: 
- 14:16:48 [INFO] Host: 
- 14:16:49 [ERROR] On command:  waiting for (?-mix:U-Boot#) >>> error: execution expired
- 14:16:49 [INFO] Target: 
ALSA: Restoring mixer settings...
/usr/sbin/alsactl: load_state:1696: No soundcards found...
Configuring network interfaces... 
- 14:16:49 [INFO] Host: 
- 14:16:49 [ERROR] On command:  waiting for (?-mix:U-Boot#) >>> error: execution expired
- 14:16:49 [INFO] Target: 
[   12.864074] net eth0: initializing cpsw version 1.15 (0)
[   12.872406] net eth0: phy found : id is : 0x20005c90
[   12.889221] Failed to clk_get cpts clk
[   12.895477] 8021q: adding VLAN 0 to HW filter on device eth0
udhcpc (v1.20.2) started
Sending discover...
- 14:16:49 [INFO] Host: 
- 14:16:50 [ERROR] On command:  waiting for (?-mix:U-Boot#) >>> error: execution expired
- 14:16:50 [INFO] Target: 
- 14:16:50 [INFO] Host: 
- 14:16:50 [ERROR] On command:  waiting for (?-mix:U-Boot#) >>> error: execution expired
- 14:16:50 [INFO] Target: 
- 14:16:50 [INFO] Host: 
- 14:16:51 [ERROR] On command:  waiting for (?-mix:U-Boot#) >>> error: execution expired
- 14:16:51 [INFO] Target: 
- 14:16:51 [INFO] Host: 
- 14:16:51 [ERROR] On command:  waiting for (?-mix:U-Boot#) >>> error: execution expired
- 14:16:51 [INFO] Target: 
[   14.868347] libphy: 4a101000.mdio:10 - Link is Up - 100/Full
- 14:16:51 [INFO] Host: 
- 14:16:52 [ERROR] On command:  waiting for (?-mix:U-Boot#) >>> error: execution expired
- 14:16:52 [INFO] Target: 
- 14:16:52 [INFO] Host: 
- 14:16:52 [ERROR] On command:  waiting for (?-mix:U-Boot#) >>> error: execution expired
- 14:16:52 [INFO] Target: 
- 14:16:52 [INFO] Host: 
- 14:16:53 [ERROR] On command:  waiting for (?-mix:U-Boot#) >>> error: execution expired
- 14:16:53 [INFO] Target: 
Sending discover...
- 14:16:53 [INFO] Host: 
- 14:16:53 [ERROR] On command:  waiting for (?-mix:U-Boot#) >>> error: execution expired
- 14:16:53 [INFO] Target: 
- 14:16:53 [INFO] Host: 
- 14:16:54 [ERROR] On command:  waiting for (?-mix:U-Boot#) >>> error: execution expired
- 14:16:54 [INFO] Target: 
Sending select for 128.247.105.125...
Lease of 128.247.105.125 obtained, lease time 3600
- 14:16:54 [INFO] Host: 
- 14:16:54 [ERROR] On command:  waiting for (?-mix:U-Boot#) >>> error: execution expired
- 14:16:54 [INFO] Target: 
/etc/udhcpc.d/50default: Adding DNS 192.0.2.2
/etc/udhcpc.d/50default: Adding DNS 192.0.2.3
done.
hwclock: can't open '/dev/misc/rtc': No such file or directory
Mon Feb 10 21:40:00 UTC 2014
hwclock: can't open '/dev/misc/rtc': No such file or directory
INIT: Entering runlevel: 5
Starting system message bus: dbus.
- 14:16:54 [INFO] Host: 
- 14:16:55 [ERROR] On command:  waiting for (?-mix:U-Boot#) >>> error: execution expired
- 14:16:55 [INFO] Target: 
Starting Dropbear SSH server: dropbear.
Starting telnet daemon.
hwclock: can't open '/dev/misc/rtc': No such file or directory
Starting syslogd/klogd: done
Starting thttpd.
- 14:16:55 [INFO] Host: 
- 14:16:55 [ERROR] On command:  waiting for (?-mix:U-Boot#) >>> error: execution expired
- 14:16:55 [INFO] Target: 
Starting PVR
Error: missing filename.
Could not find pvrsrvkm driver
Starting Lighttpd Web Server: lighttpd.
- 14:16:55 [INFO] Host: 
- 14:16:56 [ERROR] On command:  waiting for (?-mix:U-Boot#) >>> error: execution expired
- 14:16:56 [INFO] Target: 
2014-02-10 21:40:01: (log.c.166) server started 
Starting Matrix GUI application.
- 14:16:56 [INFO] Host: 
- 14:16:56 [ERROR] On command:  waiting for (?-mix:U-Boot#) >>> error: execution expired
- 14:16:56 [INFO] Target: 
- 14:16:56 [INFO] Host: 
- 14:16:57 [ERROR] On command:  waiting for (?-mix:U-Boot#) >>> error: execution expired
- 14:16:57 [INFO] Target: 
- 14:16:57 [INFO] Host: 
- 14:16:57 [ERROR] On command:  waiting for (?-mix:U-Boot#) >>> error: execution expired
- 14:16:57 [INFO] Target: 
- 14:16:57 [INFO] Host: 
- 14:16:58 [ERROR] On command:  waiting for (?-mix:U-Boot#) >>> error: execution expired
- 14:16:58 [INFO] Target: 
- 14:16:58 [INFO] Host: 
- 14:16:58 [ERROR] On command:  waiting for (?-mix:U-Boot#) >>> error: execution expired
- 14:16:58 [INFO] Target: 
- 14:16:58 [INFO] Host: 
- 14:16:59 [ERROR] On command:  waiting for (?-mix:U-Boot#) >>> error: execution expired
- 14:16:59 [INFO] Target: 
- 14:16:59 [INFO] Host: 
- 14:16:59 [ERROR] On command:  waiting for (?-mix:U-Boot#) >>> error: execution expired
- 14:16:59 [INFO] Target: 
- 14:16:59 [INFO] Host: 
- 14:17:00 [ERROR] On command:  waiting for (?-mix:U-Boot#) >>> error: execution expired
- 14:17:00 [INFO] Target: 
- 14:17:00 [INFO] Host: 
- 14:17:00 [ERROR] On command:  waiting for (?-mix:U-Boot#) >>> error: execution expired
- 14:17:00 [INFO] Target: 
- 14:17:00 [INFO] Host: 
- 14:17:01 [ERROR] On command:  waiting for (?-mix:U-Boot#) >>> error: execution expired
- 14:17:01 [INFO] Target: 
***************************************************************
***************************************************************
NOTICE: This file system contains the followin GPLv3 packages:
	binutils-symlinks
	binutils
	gdbserver
If you do not wish to distribute GPLv3 components please remove
the above packages prior to distribution.  This can be done using
the opkg remove command.  i.e.:
    opkg remove <package>
Where <package> is the name printed in the list above
NOTE: If the package is a dependency of another package you
      will be notified of the dependent packages.  You should
      use the --force-removal-of-dependent-packages option to
      also remove the dependent packages as well
***************************************************************
***************************************************************
Stopping Bootlog daemon: bootlogd.
- 14:17:01 [INFO] Host: 
- 14:17:01 [ERROR] On command:  waiting for (?-mix:U-Boot#) >>> error: execution expired
- 14:17:01 [INFO] Target: 
- 14:17:01 [INFO] Host: 
- 14:17:02 [ERROR] On command:  waiting for (?-mix:U-Boot#) >>> error: execution expired
- 14:17:02 [INFO] Target: 
- 14:17:02 [INFO] Host: 
- 14:17:02 [ERROR] On command:  waiting for (?-mix:U-Boot#) >>> error: execution expired
- 14:17:02 [INFO] Target: 
 _____                    _____           _         _   
|  _  |___ ___ ___ ___   |  _  |___ ___  |_|___ ___| |_ 
|     |  _| .'| . | . |  |   __|  _| . | | | -_|  _|  _|
|__|__|_| |__,|_  |___|  |__|  |_| |___|_| |___|___|_|  
              |___|                    |___|            
Arago Project http://arago-project.org am437x-evm ttyO0
Arago 2013.12 am437x-evm ttyO0
am437x-evm login: 
- 14:17:02 [INFO] Host: 
- 14:17:03 [ERROR] On command:  waiting for (?-mix:U-Boot#) >>> error: execution expired
- 14:17:03 [INFO] Target: 
 _____                    _____           _         _   
|  _  |___ ___ ___ ___   |  _  |___ ___  |_|___ ___| |_ 
|     |  _| .'| . | . |  |   __|  _| . | | | -_|  _|  _|
|__|__|_| |__,|_  |___|  |__|  |_| |___|_| |___|___|_|  
              |___|                    |___|            
Arago Project http://arago-project.org am437x-evm ttyO0
Arago 2013.12 am437x-evm ttyO0
am437x-evm login: 
- 14:17:03 [INFO] Host: 
- 14:17:03 [ERROR] On command:  waiting for (?-mix:U-Boot#) >>> error: execution expired
- 14:17:03 [INFO] Target: 
 _____                    _____           _         _   
|  _  |___ ___ ___ ___   |  _  |___ ___  |_|___ ___| |_ 
|     |  _| .'| . | . |  |   __|  _| . | | | -_|  _|  _|
|__|__|_| |__,|_  |___|  |__|  |_| |___|_| |___|___|_|  
              |___|                    |___|            
Arago Project http://arago-project.org am437x-evm ttyO0
Arago 2013.12 am437x-evm ttyO0
am437x-evm login: 
- 14:17:03 [INFO] Host: 
- 14:17:04 [ERROR] On command:  waiting for (?-mix:U-Boot#) >>> error: execution expired
- 14:17:04 [INFO] Target: 
 _____                    _____           _         _   
|  _  |___ ___ ___ ___   |  _  |___ ___  |_|___ ___| |_ 
|     |  _| .'| . | . |  |   __|  _| . | | | -_|  _|  _|
|__|__|_| |__,|_  |___|  |__|  |_| |___|_| |___|___|_|  
              |___|                    |___|            
Arago Project http://arago-project.org am437x-evm ttyO0
Arago 2013.12 am437x-evm ttyO0
am437x-evm login: 
- 14:17:04 [INFO] Host: 
- 14:17:04 [ERROR] On command:  waiting for (?-mix:U-Boot#) >>> error: execution expired
- 14:17:04 [INFO] Target: 
 _____                    _____           _         _   
|  _  |___ ___ ___ ___   |  _  |___ ___  |_|___ ___| |_ 
|     |  _| .'| . | . |  |   __|  _| . | | | -_|  _|  _|
|__|__|_| |__,|_  |___|  |__|  |_| |___|_| |___|___|_|  
              |___|                    |___|            
Arago Project http://arago-project.org am437x-evm ttyO0
Arago 2013.12 am437x-evm ttyO0
am437x-evm login: 
- 14:17:04 [INFO] Host: 
- 14:17:05 [ERROR] On command:  waiting for (?-mix:U-Boot#) >>> error: execution expired
- 14:17:05 [INFO] Target: 
 _____                    _____           _         _   
|  _  |___ ___ ___ ___   |  _  |___ ___  |_|___ ___| |_ 
|     |  _| .'| . | . |  |   __|  _| . | | | -_|  _|  _|
|__|__|_| |__,|_  |___|  |__|  |_| |___|_| |___|___|_|  
              |___|                    |___|            
Arago Project http://arago-project.org am437x-evm ttyO0
Arago 2013.12 am437x-evm ttyO0
am437x-evm login: 
- 14:17:05 [INFO] Host: 
- 14:17:05 [ERROR] On command:  waiting for (?-mix:U-Boot#) >>> error: execution expired
- 14:17:05 [INFO] Target: 
 _____                    _____           _         _   
|  _  |___ ___ ___ ___   |  _  |___ ___  |_|___ ___| |_ 
|     |  _| .'| . | . |  |   __|  _| . | | | -_|  _|  _|
|__|__|_| |__,|_  |___|  |__|  |_| |___|_| |___|___|_|  
              |___|                    |___|            
Arago Project http://arago-project.org am437x-evm ttyO0
Arago 2013.12 am437x-evm ttyO0
am437x-evm login: 
- 14:17:05 [INFO] Host: 
- 14:17:06 [ERROR] On command:  waiting for (?-mix:U-Boot#) >>> error: execution expired
- 14:17:06 [INFO] Target: 
 _____                    _____           _         _   
|  _  |___ ___ ___ ___   |  _  |___ ___  |_|___ ___| |_ 
|     |  _| .'| . | . |  |   __|  _| . | | | -_|  _|  _|
|__|__|_| |__,|_  |___|  |__|  |_| |___|_| |___|___|_|  
              |___|                    |___|            
Arago Project http://arago-project.org am437x-evm ttyO0
Arago 2013.12 am437x-evm ttyO0
am437x-evm login: 
- 14:17:06 [INFO] Host: 
- 14:17:06 [ERROR] On command:  waiting for (?-mix:U-Boot#) >>> error: execution expired
- 14:17:06 [INFO] Target: 
 _____                    _____           _         _   
|  _  |___ ___ ___ ___   |  _  |___ ___  |_|___ ___| |_ 
|     |  _| .'| . | . |  |   __|  _| . | | | -_|  _|  _|
|__|__|_| |__,|_  |___|  |__|  |_| |___|_| |___|___|_|  
              |___|                    |___|            
Arago Project http://arago-project.org am437x-evm ttyO0
Arago 2013.12 am437x-evm ttyO0
am437x-evm login: 
- 14:17:06 [INFO] Host: 
- 14:17:07 [ERROR] On command:  waiting for (?-mix:U-Boot#) >>> error: execution expired
- 14:17:07 [INFO] Target: 
 _____                    _____           _         _   
|  _  |___ ___ ___ ___   |  _  |___ ___  |_|___ ___| |_ 
|     |  _| .'| . | . |  |   __|  _| . | | | -_|  _|  _|
|__|__|_| |__,|_  |___|  |__|  |_| |___|_| |___|___|_|  
              |___|                    |___|            
Arago Project http://arago-project.org am437x-evm ttyO0
Arago 2013.12 am437x-evm ttyO0
am437x-evm login: 
- 14:17:07 [INFO] Host: 
- 14:17:07 [ERROR] On command:  waiting for (?-mix:U-Boot#) >>> error: execution expired
- 14:17:07 [INFO] Target: 
 _____                    _____           _         _   
|  _  |___ ___ ___ ___   |  _  |___ ___  |_|___ ___| |_ 
|     |  _| .'| . | . |  |   __|  _| . | | | -_|  _|  _|
|__|__|_| |__,|_  |___|  |__|  |_| |___|_| |___|___|_|  
              |___|                    |___|            
Arago Project http://arago-project.org am437x-evm ttyO0
Arago 2013.12 am437x-evm ttyO0
am437x-evm login: 
- 14:17:07 [INFO] Host: 
- 14:17:08 [ERROR] On command:  waiting for (?-mix:U-Boot#) >>> error: execution expired
- 14:17:08 [INFO] Target: 
 _____                    _____           _         _   
|  _  |___ ___ ___ ___   |  _  |___ ___  |_|___ ___| |_ 
|     |  _| .'| . | . |  |   __|  _| . | | | -_|  _|  _|
|__|__|_| |__,|_  |___|  |__|  |_| |___|_| |___|___|_|  
              |___|                    |___|            
Arago Project http://arago-project.org am437x-evm ttyO0
Arago 2013.12 am437x-evm ttyO0
am437x-evm login: 
- 14:17:08 [INFO] Host: 
- 14:17:08 [ERROR] On command:  waiting for (?-mix:U-Boot#) >>> error: execution expired
- 14:17:08 [INFO] Target: 
 _____                    _____           _         _   
|  _  |___ ___ ___ ___   |  _  |___ ___  |_|___ ___| |_ 
|     |  _| .'| . | . |  |   __|  _| . | | | -_|  _|  _|
|__|__|_| |__,|_  |___|  |__|  |_| |___|_| |___|___|_|  
              |___|                    |___|            
Arago Project http://arago-project.org am437x-evm ttyO0
Arago 2013.12 am437x-evm ttyO0
am437x-evm login: 
- 14:17:08 [INFO] Host: 
- 14:17:09 [ERROR] On command:  waiting for (?-mix:U-Boot#) >>> error: execution expired
- 14:17:09 [INFO] Target: 
 _____                    _____           _         _   
|  _  |___ ___ ___ ___   |  _  |___ ___  |_|___ ___| |_ 
|     |  _| .'| . | . |  |   __|  _| . | | | -_|  _|  _|
|__|__|_| |__,|_  |___|  |__|  |_| |___|_| |___|___|_|  
              |___|                    |___|            
Arago Project http://arago-project.org am437x-evm ttyO0
Arago 2013.12 am437x-evm ttyO0
am437x-evm login: 
- 14:17:09 [INFO] Host: 
- 14:17:09 [ERROR] On command:  waiting for (?-mix:U-Boot#) >>> error: execution expired
- 14:17:09 [INFO] Target: 
 _____                    _____           _         _   
|  _  |___ ___ ___ ___   |  _  |___ ___  |_|___ ___| |_ 
|     |  _| .'| . | . |  |   __|  _| . | | | -_|  _|  _|
|__|__|_| |__,|_  |___|  |__|  |_| |___|_| |___|___|_|  
              |___|                    |___|            
Arago Project http://arago-project.org am437x-evm ttyO0
Arago 2013.12 am437x-evm ttyO0
am437x-evm login: 
- 14:17:09 [INFO] Host: 
- 14:17:10 [ERROR] On command:  waiting for (?-mix:U-Boot#) >>> error: execution expired
- 14:17:10 [INFO] Target: 
 _____                    _____           _         _   
|  _  |___ ___ ___ ___   |  _  |___ ___  |_|___ ___| |_ 
|     |  _| .'| . | . |  |   __|  _| . | | | -_|  _|  _|
|__|__|_| |__,|_  |___|  |__|  |_| |___|_| |___|___|_|  
              |___|                    |___|            
Arago Project http://arago-project.org am437x-evm ttyO0
Arago 2013.12 am437x-evm ttyO0
am437x-evm login: 
- 14:17:10 [INFO] Host: 
- 14:17:10 [ERROR] On command:  waiting for (?-mix:U-Boot#) >>> error: execution expired
- 14:17:10 [INFO] Target: 
 _____                    _____           _         _   
|  _  |___ ___ ___ ___   |  _  |___ ___  |_|___ ___| |_ 
|     |  _| .'| . | . |  |   __|  _| . | | | -_|  _|  _|
|__|__|_| |__,|_  |___|  |__|  |_| |___|_| |___|___|_|  
              |___|                    |___|            
Arago Project http://arago-project.org am437x-evm ttyO0
Arago 2013.12 am437x-evm ttyO0
am437x-evm login: 
- 14:17:10 [INFO] Host: 
- 14:17:11 [ERROR] On command:  waiting for (?-mix:U-Boot#) >>> error: execution expired
- 14:17:11 [INFO] Target: 
 _____                    _____           _         _   
|  _  |___ ___ ___ ___   |  _  |___ ___  |_|___ ___| |_ 
|     |  _| .'| . | . |  |   __|  _| . | | | -_|  _|  _|
|__|__|_| |__,|_  |___|  |__|  |_| |___|_| |___|___|_|  
              |___|                    |___|            
Arago Project http://arago-project.org am437x-evm ttyO0
Arago 2013.12 am437x-evm ttyO0
am437x-evm login: 
- 14:17:11 [INFO] Host: 
- 14:17:11 [ERROR] On command:  waiting for (?-mix:U-Boot#) >>> error: execution expired
- 14:17:11 [INFO] Target: 
 _____                    _____           _         _   
|  _  |___ ___ ___ ___   |  _  |___ ___  |_|___ ___| |_ 
|     |  _| .'| . | . |  |   __|  _| . | | | -_|  _|  _|
|__|__|_| |__,|_  |___|  |__|  |_| |___|_| |___|___|_|  
              |___|                    |___|            
Arago Project http://arago-project.org am437x-evm ttyO0
Arago 2013.12 am437x-evm ttyO0
am437x-evm login: 
- 14:17:11 [INFO] Host: 
- 14:17:12 [ERROR] On command:  waiting for (?-mix:U-Boot#) >>> error: execution expired
- 14:17:12 [INFO] Target: 
 _____                    _____           _         _   
|  _  |___ ___ ___ ___   |  _  |___ ___  |_|___ ___| |_ 
|     |  _| .'| . | . |  |   __|  _| . | | | -_|  _|  _|
|__|__|_| |__,|_  |___|  |__|  |_| |___|_| |___|___|_|  
              |___|                    |___|            
Arago Project http://arago-project.org am437x-evm ttyO0
Arago 2013.12 am437x-evm ttyO0
am437x-evm login: 
- 14:17:12 [INFO] Host: 
- 14:17:12 [ERROR] On command:  waiting for (?-mix:U-Boot#) >>> error: execution expired
- 14:17:12 [INFO] Target: 
 _____                    _____           _         _   
|  _  |___ ___ ___ ___   |  _  |___ ___  |_|___ ___| |_ 
|     |  _| .'| . | . |  |   __|  _| . | | | -_|  _|  _|
|__|__|_| |__,|_  |___|  |__|  |_| |___|_| |___|___|_|  
              |___|                    |___|            
Arago Project http://arago-project.org am437x-evm ttyO0
Arago 2013.12 am437x-evm ttyO0
am437x-evm login: 
- 14:17:12 [INFO] Host: 
- 14:17:13 [ERROR] On command:  waiting for (?-mix:U-Boot#) >>> error: execution expired
- 14:17:13 [INFO] Target: 
 _____                    _____           _         _   
|  _  |___ ___ ___ ___   |  _  |___ ___  |_|___ ___| |_ 
|     |  _| .'| . | . |  |   __|  _| . | | | -_|  _|  _|
|__|__|_| |__,|_  |___|  |__|  |_| |___|_| |___|___|_|  
              |___|                    |___|            
Arago Project http://arago-project.org am437x-evm ttyO0
Arago 2013.12 am437x-evm ttyO0
am437x-evm login: 
- 14:17:13 [INFO] Host: 
- 14:17:13 [ERROR] On command:  waiting for (?-mix:U-Boot#) >>> error: execution expired
- 14:17:13 [INFO] Target: 
 _____                    _____           _         _   
|  _  |___ ___ ___ ___   |  _  |___ ___  |_|___ ___| |_ 
|     |  _| .'| . | . |  |   __|  _| . | | | -_|  _|  _|
|__|__|_| |__,|_  |___|  |__|  |_| |___|_| |___|___|_|  
              |___|                    |___|            
Arago Project http://arago-project.org am437x-evm ttyO0
Arago 2013.12 am437x-evm ttyO0
am437x-evm login: 
- 14:17:13 [INFO] Host: 
- 14:17:14 [ERROR] On command:  waiting for (?-mix:U-Boot#) >>> error: execution expired
- 14:17:14 [INFO] Target: 
 _____                    _____           _         _   
|  _  |___ ___ ___ ___   |  _  |___ ___  |_|___ ___| |_ 
|     |  _| .'| . | . |  |   __|  _| . | | | -_|  _|  _|
|__|__|_| |__,|_  |___|  |__|  |_| |___|_| |___|___|_|  
              |___|                    |___|            
Arago Project http://arago-project.org am437x-evm ttyO0
Arago 2013.12 am437x-evm ttyO0
am437x-evm login: 
- 14:17:14 [INFO] Host: 
- 14:17:14 [ERROR] On command:  waiting for (?-mix:U-Boot#) >>> error: execution expired
- 14:17:14 [INFO] Target: 
 _____                    _____           _         _   
|  _  |___ ___ ___ ___   |  _  |___ ___  |_|___ ___| |_ 
|     |  _| .'| . | . |  |   __|  _| . | | | -_|  _|  _|
|__|__|_| |__,|_  |___|  |__|  |_| |___|_| |___|___|_|  
              |___|                    |___|            
Arago Project http://arago-project.org am437x-evm ttyO0
Arago 2013.12 am437x-evm ttyO0
am437x-evm login: 
- 14:17:14 [INFO] Host: 
- 14:17:15 [ERROR] On command:  waiting for (?-mix:U-Boot#) >>> error: execution expired
- 14:17:15 [INFO] Target: 
 _____                    _____           _         _   
|  _  |___ ___ ___ ___   |  _  |___ ___  |_|___ ___| |_ 
|     |  _| .'| . | . |  |   __|  _| . | | | -_|  _|  _|
|__|__|_| |__,|_  |___|  |__|  |_| |___|_| |___|___|_|  
              |___|                    |___|            
Arago Project http://arago-project.org am437x-evm ttyO0
Arago 2013.12 am437x-evm ttyO0
am437x-evm login: 
- 14:17:15 [INFO] Host: 
- 14:17:15 [ERROR] On command:  waiting for (?-mix:U-Boot#) >>> error: execution expired
- 14:17:15 [INFO] Target: 
 _____                    _____           _         _   
|  _  |___ ___ ___ ___   |  _  |___ ___  |_|___ ___| |_ 
|     |  _| .'| . | . |  |   __|  _| . | | | -_|  _|  _|
|__|__|_| |__,|_  |___|  |__|  |_| |___|_| |___|___|_|  
              |___|                    |___|            
Arago Project http://arago-project.org am437x-evm ttyO0
Arago 2013.12 am437x-evm ttyO0
am437x-evm login: 
- 14:17:15 [INFO] Host: 
- 14:17:16 [ERROR] On command:  waiting for (?-mix:U-Boot#) >>> error: execution expired
- 14:17:16 [INFO] Target: 
 _____                    _____           _         _   
|  _  |___ ___ ___ ___   |  _  |___ ___  |_|___ ___| |_ 
|     |  _| .'| . | . |  |   __|  _| . | | | -_|  _|  _|
|__|__|_| |__,|_  |___|  |__|  |_| |___|_| |___|___|_|  
              |___|                    |___|            
Arago Project http://arago-project.org am437x-evm ttyO0
Arago 2013.12 am437x-evm ttyO0
am437x-evm login: 
- 14:17:16 [INFO] Host: 
- 14:17:16 [ERROR] On command:  waiting for (?-mix:U-Boot#) >>> error: execution expired
- 14:17:16 [INFO] Target: 
 _____                    _____           _         _   
|  _  |___ ___ ___ ___   |  _  |___ ___  |_|___ ___| |_ 
|     |  _| .'| . | . |  |   __|  _| . | | | -_|  _|  _|
|__|__|_| |__,|_  |___|  |__|  |_| |___|_| |___|___|_|  
              |___|                    |___|            
Arago Project http://arago-project.org am437x-evm ttyO0
Arago 2013.12 am437x-evm ttyO0
am437x-evm login: 
- 14:17:16 [INFO] Host: 
- 14:17:17 [ERROR] On command:  waiting for (?-mix:U-Boot#) >>> error: execution expired
- 14:17:17 [INFO] Target: 
 _____                    _____           _         _   
|  _  |___ ___ ___ ___   |  _  |___ ___  |_|___ ___| |_ 
|     |  _| .'| . | . |  |   __|  _| . | | | -_|  _|  _|
|__|__|_| |__,|_  |___|  |__|  |_| |___|_| |___|___|_|  
              |___|                    |___|            
Arago Project http://arago-project.org am437x-evm ttyO0
Arago 2013.12 am437x-evm ttyO0
am437x-evm login: 
- 14:17:17 [INFO] Host: 
- 14:17:17 [ERROR] On command:  waiting for (?-mix:U-Boot#) >>> error: execution expired
- 14:17:17 [INFO] Target: 
 _____                    _____           _         _   
|  _  |___ ___ ___ ___   |  _  |___ ___  |_|___ ___| |_ 
|     |  _| .'| . | . |  |   __|  _| . | | | -_|  _|  _|
|__|__|_| |__,|_  |___|  |__|  |_| |___|_| |___|___|_|  
              |___|                    |___|            
Arago Project http://arago-project.org am437x-evm ttyO0
Arago 2013.12 am437x-evm ttyO0
am437x-evm login: 
- 14:17:17 [INFO] Host: 
- 14:17:18 [ERROR] On command:  waiting for (?-mix:U-Boot#) >>> error: execution expired
- 14:17:18 [INFO] Target: 
 _____                    _____           _         _   
|  _  |___ ___ ___ ___   |  _  |___ ___  |_|___ ___| |_ 
|     |  _| .'| . | . |  |   __|  _| . | | | -_|  _|  _|
|__|__|_| |__,|_  |___|  |__|  |_| |___|_| |___|___|_|  
              |___|                    |___|            
Arago Project http://arago-project.org am437x-evm ttyO0
Arago 2013.12 am437x-evm ttyO0
am437x-evm login: 
- 14:17:18 [INFO] Host: 
- 14:17:18 [ERROR] On command:  waiting for (?-mix:U-Boot#) >>> error: execution expired
- 14:17:18 [INFO] Target: 
 _____                    _____           _         _   
|  _  |___ ___ ___ ___   |  _  |___ ___  |_|___ ___| |_ 
|     |  _| .'| . | . |  |   __|  _| . | | | -_|  _|  _|
|__|__|_| |__,|_  |___|  |__|  |_| |___|_| |___|___|_|  
              |___|                    |___|            
Arago Project http://arago-project.org am437x-evm ttyO0
Arago 2013.12 am437x-evm ttyO0
am437x-evm login: 
- 14:17:18 [INFO] Host: 
- 14:17:19 [ERROR] On command:  waiting for (?-mix:U-Boot#) >>> error: execution expired
- 14:17:19 [INFO] Target: 
 _____                    _____           _         _   
|  _  |___ ___ ___ ___   |  _  |___ ___  |_|___ ___| |_ 
|     |  _| .'| . | . |  |   __|  _| . | | | -_|  _|  _|
|__|__|_| |__,|_  |___|  |__|  |_| |___|_| |___|___|_|  
              |___|                    |___|            
Arago Project http://arago-project.org am437x-evm ttyO0
Arago 2013.12 am437x-evm ttyO0
am437x-evm login: 
- 14:17:19 [INFO] Host: 
- 14:17:19 [ERROR] On command:  waiting for (?-mix:U-Boot#) >>> error: execution expired
- 14:17:19 [INFO] Target: 
 _____                    _____           _         _   
|  _  |___ ___ ___ ___   |  _  |___ ___  |_|___ ___| |_ 
|     |  _| .'| . | . |  |   __|  _| . | | | -_|  _|  _|
|__|__|_| |__,|_  |___|  |__|  |_| |___|_| |___|___|_|  
              |___|                    |___|            
Arago Project http://arago-project.org am437x-evm ttyO0
Arago 2013.12 am437x-evm ttyO0
am437x-evm login: 
- 14:17:19 [INFO] Host: 
- 14:17:20 [ERROR] On command:  waiting for (?-mix:U-Boot#) >>> error: execution expired
- 14:17:20 [INFO] Target: 
 _____                    _____           _         _   
|  _  |___ ___ ___ ___   |  _  |___ ___  |_|___ ___| |_ 
|     |  _| .'| . | . |  |   __|  _| . | | | -_|  _|  _|
|__|__|_| |__,|_  |___|  |__|  |_| |___|_| |___|___|_|  
              |___|                    |___|            
Arago Project http://arago-project.org am437x-evm ttyO0
Arago 2013.12 am437x-evm ttyO0
am437x-evm login: 
- 14:17:20 [INFO] Host: 
- 14:17:20 [ERROR] On command:  waiting for (?-mix:U-Boot#) >>> error: execution expired
- 14:17:20 [INFO] Target: 
 _____                    _____           _         _   
|  _  |___ ___ ___ ___   |  _  |___ ___  |_|___ ___| |_ 
|     |  _| .'| . | . |  |   __|  _| . | | | -_|  _|  _|
|__|__|_| |__,|_  |___|  |__|  |_| |___|_| |___|___|_|  
              |___|                    |___|            
Arago Project http://arago-project.org am437x-evm ttyO0
Arago 2013.12 am437x-evm ttyO0
am437x-evm login: 
- 14:17:20 [INFO] Host: 
- 14:17:21 [ERROR] On command:  waiting for (?-mix:U-Boot#) >>> error: execution expired
- 14:17:21 [INFO] Target: 
 _____                    _____           _         _   
|  _  |___ ___ ___ ___   |  _  |___ ___  |_|___ ___| |_ 
|     |  _| .'| . | . |  |   __|  _| . | | | -_|  _|  _|
|__|__|_| |__,|_  |___|  |__|  |_| |___|_| |___|___|_|  
              |___|                    |___|            
Arago Project http://arago-project.org am437x-evm ttyO0
Arago 2013.12 am437x-evm ttyO0
am437x-evm login: 
- 14:17:21 [INFO] Host: 
- 14:17:21 [ERROR] On command:  waiting for (?-mix:U-Boot#) >>> error: execution expired
- 14:17:21 [INFO] Target: 
 _____                    _____           _         _   
|  _  |___ ___ ___ ___   |  _  |___ ___  |_|___ ___| |_ 
|     |  _| .'| . | . |  |   __|  _| . | | | -_|  _|  _|
|__|__|_| |__,|_  |___|  |__|  |_| |___|_| |___|___|_|  
              |___|                    |___|            
Arago Project http://arago-project.org am437x-evm ttyO0
Arago 2013.12 am437x-evm ttyO0
am437x-evm login: 
- 14:17:21 [INFO] Host: 
- 14:17:22 [ERROR] On command:  waiting for (?-mix:U-Boot#) >>> error: execution expired
- 14:17:22 [INFO] Target: 
 _____                    _____           _         _   
|  _  |___ ___ ___ ___   |  _  |___ ___  |_|___ ___| |_ 
|     |  _| .'| . | . |  |   __|  _| . | | | -_|  _|  _|
|__|__|_| |__,|_  |___|  |__|  |_| |___|_| |___|___|_|  
              |___|                    |___|            
Arago Project http://arago-project.org am437x-evm ttyO0
Arago 2013.12 am437x-evm ttyO0
am437x-evm login: 
- 14:17:22 [INFO] Host: 
- 14:17:22 [ERROR] On command:  waiting for (?-mix:U-Boot#) >>> error: execution expired
- 14:17:22 [INFO] Target: 
 _____                    _____           _         _   
|  _  |___ ___ ___ ___   |  _  |___ ___  |_|___ ___| |_ 
|     |  _| .'| . | . |  |   __|  _| . | | | -_|  _|  _|
|__|__|_| |__,|_  |___|  |__|  |_| |___|_| |___|___|_|  
              |___|                    |___|            
Arago Project http://arago-project.org am437x-evm ttyO0
Arago 2013.12 am437x-evm ttyO0
am437x-evm login: 
- 14:17:22 [INFO] Host: 
- 14:17:23 [ERROR] On command:  waiting for (?-mix:U-Boot#) >>> error: execution expired
- 14:17:23 [INFO] Target: 
 _____                    _____           _         _   
|  _  |___ ___ ___ ___   |  _  |___ ___  |_|___ ___| |_ 
|     |  _| .'| . | . |  |   __|  _| . | | | -_|  _|  _|
|__|__|_| |__,|_  |___|  |__|  |_| |___|_| |___|___|_|  
              |___|                    |___|            
Arago Project http://arago-project.org am437x-evm ttyO0
Arago 2013.12 am437x-evm ttyO0
am437x-evm login: 
- 14:17:23 [INFO] Host: 
- 14:17:23 [ERROR] On command:  waiting for (?-mix:U-Boot#) >>> error: execution expired
- 14:17:23 [INFO] Target: 
 _____                    _____           _         _   
|  _  |___ ___ ___ ___   |  _  |___ ___  |_|___ ___| |_ 
|     |  _| .'| . | . |  |   __|  _| . | | | -_|  _|  _|
|__|__|_| |__,|_  |___|  |__|  |_| |___|_| |___|___|_|  
              |___|                    |___|            
Arago Project http://arago-project.org am437x-evm ttyO0
Arago 2013.12 am437x-evm ttyO0
am437x-evm login: 
- 14:17:23 [INFO] Host: 
- 14:17:24 [ERROR] On command:  waiting for (?-mix:U-Boot#) >>> error: execution expired
- 14:17:24 [INFO] Target: 
 _____                    _____           _         _   
|  _  |___ ___ ___ ___   |  _  |___ ___  |_|___ ___| |_ 
|     |  _| .'| . | . |  |   __|  _| . | | | -_|  _|  _|
|__|__|_| |__,|_  |___|  |__|  |_| |___|_| |___|___|_|  
              |___|                    |___|            
Arago Project http://arago-project.org am437x-evm ttyO0
Arago 2013.12 am437x-evm ttyO0
am437x-evm login: 
- 14:17:24 [INFO] Host: 
- 14:17:24 [ERROR] On command:  waiting for (?-mix:U-Boot#) >>> error: execution expired
- 14:17:24 [INFO] Target: 
 _____                    _____           _         _   
|  _  |___ ___ ___ ___   |  _  |___ ___  |_|___ ___| |_ 
|     |  _| .'| . | . |  |   __|  _| . | | | -_|  _|  _|
|__|__|_| |__,|_  |___|  |__|  |_| |___|_| |___|___|_|  
              |___|                    |___|            
Arago Project http://arago-project.org am437x-evm ttyO0
Arago 2013.12 am437x-evm ttyO0
am437x-evm login: 
- 14:17:24 [INFO] Host: 
- 14:17:25 [ERROR] On command:  waiting for (?-mix:U-Boot#) >>> error: execution expired
- 14:17:25 [INFO] Target: 
 _____                    _____           _         _   
|  _  |___ ___ ___ ___   |  _  |___ ___  |_|___ ___| |_ 
|     |  _| .'| . | . |  |   __|  _| . | | | -_|  _|  _|
|__|__|_| |__,|_  |___|  |__|  |_| |___|_| |___|___|_|  
              |___|                    |___|            
Arago Project http://arago-project.org am437x-evm ttyO0
Arago 2013.12 am437x-evm ttyO0
am437x-evm login: 
URL:gtsystest.telogy.design.ti.com/vatf/tidfarm01/tidfarm01_vatf@am43xx-epos/tidfarm0102_04_2015_14_15_47/files/session_iteration_1/test_1
