- 00:35:10 [INFO] Starting target session
- 00:35:12 [INFO] Connected to am43xx-epos via serial 
- 00:35:12 [INFO] Host: #check prompt
- 00:35:15 [ERROR] On command: #check prompt waiting for #check prompt.+?(?-mix:((?-mix:.*\s+login)|[Pp]assword)) >>> error: execution expired
- 00:35:15 [INFO] Target: 
- 00:35:15 [INFO] Host: #check prompt
- 00:35:17 [ERROR] On command: #check prompt waiting for #check prompt.+?(?m-ix:root@am437x-evm.*#) >>> error: execution expired
- 00:35:17 [INFO] Target: 
- 00:35:17 [INFO] Host: #check prompt
- 00:35:19 [ERROR] On command: #check prompt waiting for #check prompt.+?(?m-ix:root@am437x-evm.*#) >>> error: execution expired
- 00:35:19 [INFO] Target: 
- 00:35:19 [INFO] Host: #check prompt
- 00:35:21 [ERROR] On command: #check prompt waiting for #check prompt.+?(?m-ix:root@am437x-evm.*#) >>> error: execution expired
- 00:35:21 [INFO] Target: 
- 00:35:21 [INFO] Disconnected serial from am43xx-epos
- 00:36:01 [INFO] Connected to am43xx-epos via serial 
- 00:36:01 [INFO] Host: 
- 00:36:02 [INFO] Target: 
Hit any key to stop autoboot:  2  0 
=>  
=>  
=>  
=>  
=>  
=>  
=>  
=>  
- 00:36:02 [INFO] Host: 
- 00:36:02 [INFO] Target: 
- 00:36:02 [INFO] Host: version
- 00:36:02 [INFO] Target: 
version
U-Boot 2016.05-gbbfdf926a1 (Oct 07 2016 - 23:14:54 -0400)
arm-linux-gnueabihf-gcc (Linaro GCC 5.3-2016.02) 5.3.1 20160113
GNU ld (GNU Binutils) 2.25.0 Linaro 2015_10
- 00:36:02 [INFO] Host: setenv bootargs 'console=ttyO0,115200n8 earlyprintk=serial,ttyO0,115200n8 rootwait '
- 00:36:02 [INFO] Target: 
setenv bootargs 'console=ttyO0,115200n8 earlyprintk=serial,ttyO0,115200n8 rootwait '
- 00:36:02 [INFO] Host: setenv bootcmd  ''
- 00:36:02 [INFO] Target: 
setenv bootcmd  ''
- 00:36:02 [INFO] Host: setenv autoload 'no'
- 00:36:02 [INFO] Target: 
setenv autoload 'no'
- 00:36:02 [INFO] Host: setenv serverip '192.168.1.254'
- 00:36:03 [INFO] Target: 
setenv serverip '192.168.1.254'
- 00:36:03 [INFO] Host: setenv _initramfs -
- 00:36:03 [INFO] Target: 
setenv _initramfs -
- 00:36:03 [INFO] Host: printenv
- 00:36:03 [INFO] Target: 
printenv
_initramfs=-
arch=arm
args_fit=setenv bootargs console=${console} 
args_mmc=run finduuid;setenv bootargs console=${console} ${optargs} root=PARTUUID=${uuid} rw rootfstype=${mmcrootfstype}
autoload=no
baudrate=115200
board=am43xx
board_name=AM43EPOS
board_rev=1.2B
board_serial=51134P390047
boot_fdt=try
boot_fit=0
bootargs=console=ttyO0,115200n8 earlyprintk=serial,ttyO0,115200n8 rootwait 
bootcmd=
bootdelay=2
bootdir=/boot
bootenvfile=uEnv.txt
bootfile=zImage
bootm_size=0x10000000
bootpart=0:2
bootscript=echo Running bootscript from mmc${mmcdev} ...; source ${loadaddr}
console=ttyO0,115200n8
cpu=armv7
dfu_alt_info_emmc=MLO raw 0x100 0x100 mmcpart 0;u-boot.img raw 0x300 0x1000 mmcpart 0
dfu_alt_info_mmc=boot part 0 1;rootfs part 0 2;MLO fat 0 1;spl-os-args fat 0 1;spl-os-image fat 0 1;u-boot.img fat 0 1;uEnv.txt fat 0 1
dfu_alt_info_qspi=u-boot.bin raw 0x0 0x080000;u-boot.backup raw 0x080000 0x080000;u-boot-spl-os raw 0x100000 0x010000;u-boot-env raw 0x110000 0x010000;u-boot-env.backup raw 0x120000 0x010000;kernel raw 0x130000 0x800000
dfu_alt_info_ram=kernel ram 0x80200000 0x4000000;fdt ram 0x80f80000 0x80000;ramdisk ram 0x81000000 0x4000000
dfu_bufsiz=0x10000
envboot=mmc dev ${mmcdev}; if mmc rescan; then echo SD/MMC found on device ${mmcdev};if run loadbootscript; then run bootscript;else if run loadbootenv; then echo Loaded env from ${bootenvfile};run importbootenv;fi;if test -n $uenvcmd; then echo Running uenvcmd ...;run uenvcmd;fi;fi;fi;
ethaddr=34:b1:f7:31:4c:2c
fdt_addr_r=0x88000000
fdtaddr=0x88000000
fdtcontroladdr=bef0e8b8
fdtfile=undefined
findfdt=if test $board_name = AM43EPOS; then setenv fdtfile am43x-epos-evm.dtb; fi; if test $board_name = AM43__GP; then setenv fdtfile am437x-gp-evm.dtb; fi; if test $board_name = AM43XXHS; then setenv fdtfile am437x-gp-evm.dtb; fi; if test $board_name = AM43__SK; then setenv fdtfile am437x-sk-evm.dtb; fi; if test $board_name = AM43_IDK; then setenv fdtfile am437x-idk-evm.dtb; fi; if test $fdtfile = undefined; then echo WARNING: Could not determine device tree; fi; 
finduuid=part uuid mmc ${bootpart} uuid
fit_bootfile=fitImage.itb
fit_loadaddr=0x88000000
importbootenv=echo Importing environment from mmc${mmcdev} ...; env import -t ${loadaddr} ${filesize}
kernel_addr_r=0x82000000
loadaddr=0x82000000
loadbootenv=fatload mmc ${mmcdev} ${loadaddr} ${bootenvfile}
loadbootscript=load mmc ${mmcdev} ${loadaddr} boot.scr
loadfdt=load ${devtype} ${bootpart} ${fdtaddr} ${bootdir}/${fdtfile}
loadfit=run args_fit; bootm ${loadaddr}#${fdtfile};
loadimage=load ${devtype} ${bootpart} ${loadaddr} ${bootdir}/${bootfile}
loadramdisk=load ${devtype} ${devnum} ${rdaddr} ramdisk.gz
mmcboot=mmc dev ${mmcdev}; setenv devnum ${mmcdev}; setenv devtype mmc; if mmc rescan; then echo SD/MMC found on device ${mmcdev};if run loadimage; then if test ${boot_fit} -eq 1; then run loadfit; else run mmcloados;fi;fi;fi;
mmcdev=0
mmcloados=run args_mmc; if test ${boot_fdt} = yes || test ${boot_fdt} = try; then if run loadfdt; then bootz ${loadaddr} - ${fdtaddr}; else if test ${boot_fdt} = try; then bootz; else echo WARN: Cannot load the DT; fi; fi; else bootz; fi;
mmcrootfstype=ext4 rootwait
mtdids=nand0=nand.0
mtdparts=mtdparts=nand.0:256k(NAND.SPL),256k(NAND.SPL.backup1),256k(NAND.SPL.backup2),256k(NAND.SPL.backup3),512k(NAND.u-boot-spl-os),1m(NAND.u-boot),256k(NAND.u-boot-env),256k(NAND.u-boot-env.backup1),7m(NAND.kernel),-(NAND.file-system)
nandargs=setenv bootargs console=${console} ${optargs} root=${nandroot} rootfstype=${nandrootfstype}
nandboot=echo Booting from nand ...; run nandargs; nand read ${fdtaddr} NAND.u-boot-spl-os; nand read ${loadaddr} NAND.kernel; bootz ${loadaddr} - ${fdtaddr}
nandroot=ubi0:rootfs rw ubi.mtd=NAND.file-system,4096
nandrootfstype=ubifs rootwait=1
netargs=setenv bootargs console=${console} ${optargs} root=/dev/nfs nfsroot=${serverip}:${rootpath},${nfsopts} rw ip=dhcp
netboot=echo Booting from network ...; setenv autoload no; dhcp; run netloadimage; run netloadfdt; run netargs; bootz ${loadaddr} - ${fdtaddr}
netloadfdt=tftp ${fdtaddr} ${fdtfile}
netloadimage=tftp ${loadaddr} ${bootfile}
nfsopts=nolock
partitions=uuid_disk=${uuid_gpt_disk};name=rootfs,start=2MiB,size=-,uuid=${uuid_gpt_rootfs}
pxefile_addr_r=0x80100000
ramargs=setenv bootargs console=${console} ${optargs} root=${ramroot} rootfstype=${ramrootfstype}
ramdisk_addr_r=0x88080000
ramroot=/dev/ram0 rw
ramrootfstype=ext2
rdaddr=0x88080000
rootpath=/export/rootfs
scriptaddr=0x80000000
serverip=192.168.1.254
soc=am33xx
static_ip=${ipaddr}:${serverip}:${gatewayip}:${netmask}:${hostname}::off
stderr=serial@44e09000
stdin=serial@44e09000
stdout=serial@44e09000
update_to_fit=setenv loadaddr ${fit_loadaddr}; setenv bootfile ${fit_bootfile}
usbargs=setenv bootargs console=${console} ${optargs} root=${usbroot} rootfstype=${usbrootfstype}
usbboot=setenv devnum ${usbdev}; setenv devtype usb; usb start ${usbdev}; if usb dev ${usbdev}; then if run loadbootenv; then echo Loaded environment from ${bootenv};run importbootenv;fi;if test -n $uenvcmd; then echo Running uenvcmd ...;run uenvcmd;fi;if run loadimage; then run loadfdt; echo Booting from usb ${usbdev}...; run usbargs;bootz ${loadaddr} - ${fdtaddr}; fi;fi
usbdev=0
usbroot=/dev/sda2 rw
usbrootfstype=ext4 rootwait
vendor=ti
ver=U-Boot 2016.05-gbbfdf926a1 (Oct 07 2016 - 23:14:54 -0400)
Environment size: 5492/65532 bytes
- 00:36:03 [INFO] Host: printenv
- 00:36:04 [INFO] Target: 
printenv
_initramfs=-
arch=arm
args_fit=setenv bootargs console=${console} 
args_mmc=run finduuid;setenv bootargs console=${console} ${optargs} root=PARTUUID=${uuid} rw rootfstype=${mmcrootfstype}
autoload=no
baudrate=115200
board=am43xx
board_name=AM43EPOS
board_rev=1.2B
board_serial=51134P390047
boot_fdt=try
boot_fit=0
bootargs=console=ttyO0,115200n8 earlyprintk=serial,ttyO0,115200n8 rootwait 
bootcmd=
bootdelay=2
bootdir=/boot
bootenvfile=uEnv.txt
bootfile=zImage
bootm_size=0x10000000
bootpart=0:2
bootscript=echo Running bootscript from mmc${mmcdev} ...; source ${loadaddr}
console=ttyO0,115200n8
cpu=armv7
dfu_alt_info_emmc=MLO raw 0x100 0x100 mmcpart 0;u-boot.img raw 0x300 0x1000 mmcpart 0
dfu_alt_info_mmc=boot part 0 1;rootfs part 0 2;MLO fat 0 1;spl-os-args fat 0 1;spl-os-image fat 0 1;u-boot.img fat 0 1;uEnv.txt fat 0 1
dfu_alt_info_qspi=u-boot.bin raw 0x0 0x080000;u-boot.backup raw 0x080000 0x080000;u-boot-spl-os raw 0x100000 0x010000;u-boot-env raw 0x110000 0x010000;u-boot-env.backup raw 0x120000 0x010000;kernel raw 0x130000 0x800000
dfu_alt_info_ram=kernel ram 0x80200000 0x4000000;fdt ram 0x80f80000 0x80000;ramdisk ram 0x81000000 0x4000000
dfu_bufsiz=0x10000
envboot=mmc dev ${mmcdev}; if mmc rescan; then echo SD/MMC found on device ${mmcdev};if run loadbootscript; then run bootscript;else if run loadbootenv; then echo Loaded env from ${bootenvfile};run importbootenv;fi;if test -n $uenvcmd; then echo Running uenvcmd ...;run uenvcmd;fi;fi;fi;
ethaddr=34:b1:f7:31:4c:2c
fdt_addr_r=0x88000000
fdtaddr=0x88000000
fdtcontroladdr=bef0e8b8
fdtfile=undefined
findfdt=if test $board_name = AM43EPOS; then setenv fdtfile am43x-epos-evm.dtb; fi; if test $board_name = AM43__GP; then setenv fdtfile am437x-gp-evm.dtb; fi; if test $board_name = AM43XXHS; then setenv fdtfile am437x-gp-evm.dtb; fi; if test $board_name = AM43__SK; then setenv fdtfile am437x-sk-evm.dtb; fi; if test $board_name = AM43_IDK; then setenv fdtfile am437x-idk-evm.dtb; fi; if test $fdtfile = undefined; then echo WARNING: Could not determine device tree; fi; 
finduuid=part uuid mmc ${bootpart} uuid
fit_bootfile=fitImage.itb
fit_loadaddr=0x88000000
importbootenv=echo Importing environment from mmc${mmcdev} ...; env import -t ${loadaddr} ${filesize}
kernel_addr_r=0x82000000
loadaddr=0x82000000
loadbootenv=fatload mmc ${mmcdev} ${loadaddr} ${bootenvfile}
loadbootscript=load mmc ${mmcdev} ${loadaddr} boot.scr
loadfdt=load ${devtype} ${bootpart} ${fdtaddr} ${bootdir}/${fdtfile}
loadfit=run args_fit; bootm ${loadaddr}#${fdtfile};
loadimage=load ${devtype} ${bootpart} ${loadaddr} ${bootdir}/${bootfile}
loadramdisk=load ${devtype} ${devnum} ${rdaddr} ramdisk.gz
mmcboot=mmc dev ${mmcdev}; setenv devnum ${mmcdev}; setenv devtype mmc; if mmc rescan; then echo SD/MMC found on device ${mmcdev};if run loadimage; then if test ${boot_fit} -eq 1; then run loadfit; else run mmcloados;fi;fi;fi;
mmcdev=0
mmcloados=run args_mmc; if test ${boot_fdt} = yes || test ${boot_fdt} = try; then if run loadfdt; then bootz ${loadaddr} - ${fdtaddr}; else if test ${boot_fdt} = try; then bootz; else echo WARN: Cannot load the DT; fi; fi; else bootz; fi;
mmcrootfstype=ext4 rootwait
mtdids=nand0=nand.0
mtdparts=mtdparts=nand.0:256k(NAND.SPL),256k(NAND.SPL.backup1),256k(NAND.SPL.backup2),256k(NAND.SPL.backup3),512k(NAND.u-boot-spl-os),1m(NAND.u-boot),256k(NAND.u-boot-env),256k(NAND.u-boot-env.backup1),7m(NAND.kernel),-(NAND.file-system)
nandargs=setenv bootargs console=${console} ${optargs} root=${nandroot} rootfstype=${nandrootfstype}
nandboot=echo Booting from nand ...; run nandargs; nand read ${fdtaddr} NAND.u-boot-spl-os; nand read ${loadaddr} NAND.kernel; bootz ${loadaddr} - ${fdtaddr}
nandroot=ubi0:rootfs rw ubi.mtd=NAND.file-system,4096
nandrootfstype=ubifs rootwait=1
netargs=setenv bootargs console=${console} ${optargs} root=/dev/nfs nfsroot=${serverip}:${rootpath},${nfsopts} rw ip=dhcp
netboot=echo Booting from network ...; setenv autoload no; dhcp; run netloadimage; run netloadfdt; run netargs; bootz ${loadaddr} - ${fdtaddr}
netloadfdt=tftp ${fdtaddr} ${fdtfile}
netloadimage=tftp ${loadaddr} ${bootfile}
nfsopts=nolock
partitions=uuid_disk=${uuid_gpt_disk};name=rootfs,start=2MiB,size=-,uuid=${uuid_gpt_rootfs}
pxefile_addr_r=0x80100000
ramargs=setenv bootargs console=${console} ${optargs} root=${ramroot} rootfstype=${ramrootfstype}
ramdisk_addr_r=0x88080000
ramroot=/dev/ram0 rw
ramrootfstype=ext2
rdaddr=0x88080000
rootpath=/export/rootfs
scriptaddr=0x80000000
serverip=192.168.1.254
soc=am33xx
static_ip=${ipaddr}:${serverip}:${gatewayip}:${netmask}:${hostname}::off
stderr=serial@44e09000
stdin=serial@44e09000
stdout=serial@44e09000
update_to_fit=setenv loadaddr ${fit_loadaddr}; setenv bootfile ${fit_bootfile}
usbargs=setenv bootargs console=${console} ${optargs} root=${usbroot} rootfstype=${usbrootfstype}
usbboot=setenv devnum ${usbdev}; setenv devtype usb; usb start ${usbdev}; if usb dev ${usbdev}; then if run loadbootenv; then echo Loaded environment from ${bootenv};run importbootenv;fi;if test -n $uenvcmd; then echo Running uenvcmd ...;run uenvcmd;fi;if run loadimage; then run loadfdt; echo Booting from usb ${usbdev}...; run usbargs;bootz ${loadaddr} - ${fdtaddr}; fi;fi
usbdev=0
usbroot=/dev/sda2 rw
usbrootfstype=ext4 rootwait
vendor=ti
ver=U-Boot 2016.05-gbbfdf926a1 (Oct 07 2016 - 23:14:54 -0400)
Environment size: 5492/65532 bytes
- 00:36:04 [INFO] Host: setenv bootargs ''${bootargs}' ip=:::::eth0:dhcp '
- 00:36:04 [INFO] Target: 
setenv bootargs ''${bootargs}' ip=:::::eth0:dhcp '
- 00:36:04 [INFO] Host: setenv serverip '192.168.1.254'
- 00:36:04 [INFO] Target: 
setenv serverip '192.168.1.254'
- 00:36:04 [INFO] Host: setenv autoload 'no'
- 00:36:04 [INFO] Target: 
setenv autoload 'no'
- 00:36:04 [INFO] Host: dhcp
- 00:36:05 [INFO] Target: 
dhcp
link up on port 0, speed 100, full duplex
BOOTP broadcast 1
BOOTP broadcast 2
BOOTP broadcast 3
DHCP client bound to address 192.168.1.177 (1076 ms)
- 00:36:05 [INFO] Host: tftp ${loadaddr} 192.168.1.254:vatf_am43xx-epos/5d5f18ef248629075253f9e938a918ee
- 00:36:06 [INFO] Target: 
tftp ${loadaddr} 192.168.1.254:vatf_am43xx-epos/5d5f18ef248629075253f9e938a918ee
link up on port 0, speed 100, full duplex
Using ethernet@4a100000 device
TFTP from server 192.168.1.254; our IP address is 192.168.1.177
Filename 'vatf_am43xx-epos/5d5f18ef248629075253f9e938a918ee'.
Load address: 0x82000000
Loading: *#################################################################
	 #################################################################
	 #################################################################
	 #################################################################
	 ###
	 3.6 MiB/s
done
Bytes transferred = 3853408 (3acc60 hex)
- 00:36:06 [INFO] Host: tftp ${fdt_addr_r} 192.168.1.254:vatf_am43xx-epos/796a288b5daf76d4efe6c8e0a1874ed1
- 00:36:06 [INFO] Target: 
tftp ${fdt_addr_r} 192.168.1.254:vatf_am43xx-epos/796a288b5daf76d4efe6c8e0a1874ed1
link up on port 0, speed 100, full duplex
Using ethernet@4a100000 device
TFTP from server 192.168.1.254; our IP address is 192.168.1.177
Filename 'vatf_am43xx-epos/796a288b5daf76d4efe6c8e0a1874ed1'.
Load address: 0x88000000
Loading: *####
	 2.8 MiB/s
done
Bytes transferred = 46995 (b793 hex)
- 00:36:06 [INFO] Host: ls mmc 0:1
- 00:36:06 [INFO] Target: 
ls mmc 0:1
    73868   mlo 
   599968   u-boot.img 
        1   .ipaddr 
        4   ws-calibrate.rules 
    74468   mlo.old 
   605140   u-boot.img.old 
6 file(s), 0 dir(s)
- 00:36:06 [INFO] Host: ls mmc 0:2
- 00:36:07 [INFO] Target: 
ls mmc 0:2
<DIR>       4096 .
<DIR>       4096 ..
<DIR>      16384 lost+found
<DIR>       4096 bin
<DIR>       4096 boot
<DIR>       4096 dev
<DIR>       4096 etc
<DIR>       4096 home
<DIR>       4096 include
<DIR>       4096 lib
<DIR>       4096 media
<DIR>       4096 mnt
<DIR>       4096 opt
<DIR>       4096 proc
<DIR>       4096 run
<DIR>       4096 sbin
<DIR>       4096 srv
<DIR>       4096 sys
<DIR>       4096 tmp
<DIR>       4096 usr
<DIR>       4096 var
<DIR>       4096 www
<DIR>       4096 test
- 00:36:07 [INFO] Host: part uuid mmc 0:2
- 00:36:07 [INFO] Target: 
part uuid mmc 0:2
00000000-02
- 00:36:07 [INFO] Host: printenv
- 00:36:07 [INFO] Target: 
printenv
_initramfs=-
arch=arm
args_fit=setenv bootargs console=${console} 
args_mmc=run finduuid;setenv bootargs console=${console} ${optargs} root=PARTUUID=${uuid} rw rootfstype=${mmcrootfstype}
autoload=no
baudrate=115200
board=am43xx
board_name=AM43EPOS
board_rev=1.2B
board_serial=51134P390047
boot_fdt=try
boot_fit=0
bootargs=console=ttyO0,115200n8 earlyprintk=serial,ttyO0,115200n8 rootwait  ip=:::::eth0:dhcp 
bootcmd=
bootdelay=2
bootdir=/boot
bootenvfile=uEnv.txt
bootfile=zImage
bootm_size=0x10000000
bootpart=0:2
bootscript=echo Running bootscript from mmc${mmcdev} ...; source ${loadaddr}
console=ttyO0,115200n8
cpu=armv7
dfu_alt_info_emmc=MLO raw 0x100 0x100 mmcpart 0;u-boot.img raw 0x300 0x1000 mmcpart 0
dfu_alt_info_mmc=boot part 0 1;rootfs part 0 2;MLO fat 0 1;spl-os-args fat 0 1;spl-os-image fat 0 1;u-boot.img fat 0 1;uEnv.txt fat 0 1
dfu_alt_info_qspi=u-boot.bin raw 0x0 0x080000;u-boot.backup raw 0x080000 0x080000;u-boot-spl-os raw 0x100000 0x010000;u-boot-env raw 0x110000 0x010000;u-boot-env.backup raw 0x120000 0x010000;kernel raw 0x130000 0x800000
dfu_alt_info_ram=kernel ram 0x80200000 0x4000000;fdt ram 0x80f80000 0x80000;ramdisk ram 0x81000000 0x4000000
dfu_bufsiz=0x10000
dnsip=192.0.2.2
dnsip2=192.0.2.3
envboot=mmc dev ${mmcdev}; if mmc rescan; then echo SD/MMC found on device ${mmcdev};if run loadbootscript; then run bootscript;else if run loadbootenv; then echo Loaded env from ${bootenvfile};run importbootenv;fi;if test -n $uenvcmd; then echo Running uenvcmd ...;run uenvcmd;fi;fi;fi;
ethact=ethernet@4a100000
ethaddr=34:b1:f7:31:4c:2c
fdt_addr_r=0x88000000
fdtaddr=0x88000000
fdtcontroladdr=bef0e8b8
fdtfile=undefined
fileaddr=88000000
filesize=b793
findfdt=if test $board_name = AM43EPOS; then setenv fdtfile am43x-epos-evm.dtb; fi; if test $board_name = AM43__GP; then setenv fdtfile am437x-gp-evm.dtb; fi; if test $board_name = AM43XXHS; then setenv fdtfile am437x-gp-evm.dtb; fi; if test $board_name = AM43__SK; then setenv fdtfile am437x-sk-evm.dtb; fi; if test $board_name = AM43_IDK; then setenv fdtfile am437x-idk-evm.dtb; fi; if test $fdtfile = undefined; then echo WARNING: Could not determine device tree; fi; 
finduuid=part uuid mmc ${bootpart} uuid
fit_bootfile=fitImage.itb
fit_loadaddr=0x88000000
gatewayip=192.168.1.254
importbootenv=echo Importing environment from mmc${mmcdev} ...; env import -t ${loadaddr} ${filesize}
ipaddr=192.168.1.177
kernel_addr_r=0x82000000
loadaddr=0x82000000
loadbootenv=fatload mmc ${mmcdev} ${loadaddr} ${bootenvfile}
loadbootscript=load mmc ${mmcdev} ${loadaddr} boot.scr
loadfdt=load ${devtype} ${bootpart} ${fdtaddr} ${bootdir}/${fdtfile}
loadfit=run args_fit; bootm ${loadaddr}#${fdtfile};
loadimage=load ${devtype} ${bootpart} ${loadaddr} ${bootdir}/${bootfile}
loadramdisk=load ${devtype} ${devnum} ${rdaddr} ramdisk.gz
mmcboot=mmc dev ${mmcdev}; setenv devnum ${mmcdev}; setenv devtype mmc; if mmc rescan; then echo SD/MMC found on device ${mmcdev};if run loadimage; then if test ${boot_fit} -eq 1; then run loadfit; else run mmcloados;fi;fi;fi;
mmcdev=0
mmcloados=run args_mmc; if test ${boot_fdt} = yes || test ${boot_fdt} = try; then if run loadfdt; then bootz ${loadaddr} - ${fdtaddr}; else if test ${boot_fdt} = try; then bootz; else echo WARN: Cannot load the DT; fi; fi; else bootz; fi;
mmcrootfstype=ext4 rootwait
mtdids=nand0=nand.0
mtdparts=mtdparts=nand.0:256k(NAND.SPL),256k(NAND.SPL.backup1),256k(NAND.SPL.backup2),256k(NAND.SPL.backup3),512k(NAND.u-boot-spl-os),1m(NAND.u-boot),256k(NAND.u-boot-env),256k(NAND.u-boot-env.backup1),7m(NAND.kernel),-(NAND.file-system)
nandargs=setenv bootargs console=${console} ${optargs} root=${nandroot} rootfstype=${nandrootfstype}
nandboot=echo Booting from nand ...; run nandargs; nand read ${fdtaddr} NAND.u-boot-spl-os; nand read ${loadaddr} NAND.kernel; bootz ${loadaddr} - ${fdtaddr}
nandroot=ubi0:rootfs rw ubi.mtd=NAND.file-system,4096
nandrootfstype=ubifs rootwait=1
netargs=setenv bootargs console=${console} ${optargs} root=/dev/nfs nfsroot=${serverip}:${rootpath},${nfsopts} rw ip=dhcp
netboot=echo Booting from network ...; setenv autoload no; dhcp; run netloadimage; run netloadfdt; run netargs; bootz ${loadaddr} - ${fdtaddr}
netloadfdt=tftp ${fdtaddr} ${fdtfile}
netloadimage=tftp ${loadaddr} ${bootfile}
netmask=255.255.255.0
nfsopts=nolock
partitions=uuid_disk=${uuid_gpt_disk};name=rootfs,start=2MiB,size=-,uuid=${uuid_gpt_rootfs}
pxefile_addr_r=0x80100000
ramargs=setenv bootargs console=${console} ${optargs} root=${ramroot} rootfstype=${ramrootfstype}
ramdisk_addr_r=0x88080000
ramroot=/dev/ram0 rw
ramrootfstype=ext2
rdaddr=0x88080000
rootpath=/export/rootfs
scriptaddr=0x80000000
serverip=192.168.1.254
soc=am33xx
static_ip=${ipaddr}:${serverip}:${gatewayip}:${netmask}:${hostname}::off
stderr=serial@44e09000
stdin=serial@44e09000
stdout=serial@44e09000
update_to_fit=setenv loadaddr ${fit_loadaddr}; setenv bootfile ${fit_bootfile}
usbargs=setenv bootargs console=${console} ${optargs} root=${usbroot} rootfstype=${usbrootfstype}
usbboot=setenv devnum ${usbdev}; setenv devtype usb; usb start ${usbdev}; if usb dev ${usbdev}; then if run loadbootenv; then echo Loaded environment from ${bootenv};run importbootenv;fi;if test -n $uenvcmd; then echo Running uenvcmd ...;run uenvcmd;fi;if run loadimage; then run loadfdt; echo Booting from usb ${usbdev}...; run usbargs;bootz ${loadaddr} - ${fdtaddr}; fi;fi
usbdev=0
usbroot=/dev/sda2 rw
usbrootfstype=ext4 rootwait
vendor=ti
ver=U-Boot 2016.05-gbbfdf926a1 (Oct 07 2016 - 23:14:54 -0400)
Environment size: 5684/65532 bytes
- 00:36:07 [INFO] Host: setenv bootargs ''${bootargs}' root=PARTUUID=00000000-02 rw rootfstype=ext4 rootwait '
- 00:36:07 [INFO] Target: 
setenv bootargs ''${bootargs}' root=PARTUUID=00000000-02 rw rootfstype=ext4 rootwait '
- 00:36:07 [INFO] Host: printenv
- 00:36:08 [INFO] Target: 
printenv
_initramfs=-
arch=arm
args_fit=setenv bootargs console=${console} 
args_mmc=run finduuid;setenv bootargs console=${console} ${optargs} root=PARTUUID=${uuid} rw rootfstype=${mmcrootfstype}
autoload=no
baudrate=115200
board=am43xx
board_name=AM43EPOS
board_rev=1.2B
board_serial=51134P390047
boot_fdt=try
boot_fit=0
bootargs=console=ttyO0,115200n8 earlyprintk=serial,ttyO0,115200n8 rootwait  ip=:::::eth0:dhcp  root=PARTUUID=00000000-02 rw rootfstype=ext4 rootwait 
bootcmd=
bootdelay=2
bootdir=/boot
bootenvfile=uEnv.txt
bootfile=zImage
bootm_size=0x10000000
bootpart=0:2
bootscript=echo Running bootscript from mmc${mmcdev} ...; source ${loadaddr}
console=ttyO0,115200n8
cpu=armv7
dfu_alt_info_emmc=MLO raw 0x100 0x100 mmcpart 0;u-boot.img raw 0x300 0x1000 mmcpart 0
dfu_alt_info_mmc=boot part 0 1;rootfs part 0 2;MLO fat 0 1;spl-os-args fat 0 1;spl-os-image fat 0 1;u-boot.img fat 0 1;uEnv.txt fat 0 1
dfu_alt_info_qspi=u-boot.bin raw 0x0 0x080000;u-boot.backup raw 0x080000 0x080000;u-boot-spl-os raw 0x100000 0x010000;u-boot-env raw 0x110000 0x010000;u-boot-env.backup raw 0x120000 0x010000;kernel raw 0x130000 0x800000
dfu_alt_info_ram=kernel ram 0x80200000 0x4000000;fdt ram 0x80f80000 0x80000;ramdisk ram 0x81000000 0x4000000
dfu_bufsiz=0x10000
dnsip=192.0.2.2
dnsip2=192.0.2.3
envboot=mmc dev ${mmcdev}; if mmc rescan; then echo SD/MMC found on device ${mmcdev};if run loadbootscript; then run bootscript;else if run loadbootenv; then echo Loaded env from ${bootenvfile};run importbootenv;fi;if test -n $uenvcmd; then echo Running uenvcmd ...;run uenvcmd;fi;fi;fi;
ethact=ethernet@4a100000
ethaddr=34:b1:f7:31:4c:2c
fdt_addr_r=0x88000000
fdtaddr=0x88000000
fdtcontroladdr=bef0e8b8
fdtfile=undefined
fileaddr=88000000
filesize=b793
findfdt=if test $board_name = AM43EPOS; then setenv fdtfile am43x-epos-evm.dtb; fi; if test $board_name = AM43__GP; then setenv fdtfile am437x-gp-evm.dtb; fi; if test $board_name = AM43XXHS; then setenv fdtfile am437x-gp-evm.dtb; fi; if test $board_name = AM43__SK; then setenv fdtfile am437x-sk-evm.dtb; fi; if test $board_name = AM43_IDK; then setenv fdtfile am437x-idk-evm.dtb; fi; if test $fdtfile = undefined; then echo WARNING: Could not determine device tree; fi; 
finduuid=part uuid mmc ${bootpart} uuid
fit_bootfile=fitImage.itb
fit_loadaddr=0x88000000
gatewayip=192.168.1.254
importbootenv=echo Importing environment from mmc${mmcdev} ...; env import -t ${loadaddr} ${filesize}
ipaddr=192.168.1.177
kernel_addr_r=0x82000000
loadaddr=0x82000000
loadbootenv=fatload mmc ${mmcdev} ${loadaddr} ${bootenvfile}
loadbootscript=load mmc ${mmcdev} ${loadaddr} boot.scr
loadfdt=load ${devtype} ${bootpart} ${fdtaddr} ${bootdir}/${fdtfile}
loadfit=run args_fit; bootm ${loadaddr}#${fdtfile};
loadimage=load ${devtype} ${bootpart} ${loadaddr} ${bootdir}/${bootfile}
loadramdisk=load ${devtype} ${devnum} ${rdaddr} ramdisk.gz
mmcboot=mmc dev ${mmcdev}; setenv devnum ${mmcdev}; setenv devtype mmc; if mmc rescan; then echo SD/MMC found on device ${mmcdev};if run loadimage; then if test ${boot_fit} -eq 1; then run loadfit; else run mmcloados;fi;fi;fi;
mmcdev=0
mmcloados=run args_mmc; if test ${boot_fdt} = yes || test ${boot_fdt} = try; then if run loadfdt; then bootz ${loadaddr} - ${fdtaddr}; else if test ${boot_fdt} = try; then bootz; else echo WARN: Cannot load the DT; fi; fi; else bootz; fi;
mmcrootfstype=ext4 rootwait
mtdids=nand0=nand.0
mtdparts=mtdparts=nand.0:256k(NAND.SPL),256k(NAND.SPL.backup1),256k(NAND.SPL.backup2),256k(NAND.SPL.backup3),512k(NAND.u-boot-spl-os),1m(NAND.u-boot),256k(NAND.u-boot-env),256k(NAND.u-boot-env.backup1),7m(NAND.kernel),-(NAND.file-system)
nandargs=setenv bootargs console=${console} ${optargs} root=${nandroot} rootfstype=${nandrootfstype}
nandboot=echo Booting from nand ...; run nandargs; nand read ${fdtaddr} NAND.u-boot-spl-os; nand read ${loadaddr} NAND.kernel; bootz ${loadaddr} - ${fdtaddr}
nandroot=ubi0:rootfs rw ubi.mtd=NAND.file-system,4096
nandrootfstype=ubifs rootwait=1
netargs=setenv bootargs console=${console} ${optargs} root=/dev/nfs nfsroot=${serverip}:${rootpath},${nfsopts} rw ip=dhcp
netboot=echo Booting from network ...; setenv autoload no; dhcp; run netloadimage; run netloadfdt; run netargs; bootz ${loadaddr} - ${fdtaddr}
netloadfdt=tftp ${fdtaddr} ${fdtfile}
netloadimage=tftp ${loadaddr} ${bootfile}
netmask=255.255.255.0
nfsopts=nolock
partitions=uuid_disk=${uuid_gpt_disk};name=rootfs,start=2MiB,size=-,uuid=${uuid_gpt_rootfs}
pxefile_addr_r=0x80100000
ramargs=setenv bootargs console=${console} ${optargs} root=${ramroot} rootfstype=${ramrootfstype}
ramdisk_addr_r=0x88080000
ramroot=/dev/ram0 rw
ramrootfstype=ext2
rdaddr=0x88080000
rootpath=/export/rootfs
scriptaddr=0x80000000
serverip=192.168.1.254
soc=am33xx
static_ip=${ipaddr}:${serverip}:${gatewayip}:${netmask}:${hostname}::off
stderr=serial@44e09000
stdin=serial@44e09000
stdout=serial@44e09000
update_to_fit=setenv loadaddr ${fit_loadaddr}; setenv bootfile ${fit_bootfile}
usbargs=setenv bootargs console=${console} ${optargs} root=${usbroot} rootfstype=${usbrootfstype}
usbboot=setenv devnum ${usbdev}; setenv devtype usb; usb start ${usbdev}; if usb dev ${usbdev}; then if run loadbootenv; then echo Loaded environment from ${bootenv};run importbootenv;fi;if test -n $uenvcmd; then echo Running uenvcmd ...;run uenvcmd;fi;if run loadimage; then run loadfdt; echo Booting from usb ${usbdev}...; run usbargs;bootz ${loadaddr} - ${fdtaddr}; fi;fi
usbdev=0
usbroot=/dev/sda2 rw
usbrootfstype=ext4 rootwait
vendor=ti
ver=U-Boot 2016.05-gbbfdf926a1 (Oct 07 2016 - 23:14:54 -0400)
Environment size: 5739/65532 bytes
- 00:36:08 [INFO] Host: setenv bootcmd ''${bootcmd}' if iminfo ${loadaddr}; then bootm ${loadaddr} ${_initramfs} ${fdt_addr_r}; else bootz ${loadaddr} ${_initramfs} ${fdt_addr_r}; bootm ${loadaddr} ${_initramfs} ${fdt_addr_r}; fi'
- 00:36:08 [INFO] Target: 
setenv bootcmd ''${bootcmd}' if iminfo ${loadaddr}; then bootm ${loadaddr} ${_initramfs} ${fdt_addr_r}; else bootz ${loadaddr} ${_initramfs} ${fdt_addr_r}; bootm ${loadaddr} ${_initramfs} ${fdt_addr_r}; fi'
- 00:36:08 [INFO] Host: version
- 00:36:08 [INFO] Target: 
version
U-Boot 2016.05-gbbfdf926a1 (Oct 07 2016 - 23:14:54 -0400)
arm-linux-gnueabihf-gcc (Linaro GCC 5.3-2016.02) 5.3.1 20160113
GNU ld (GNU Binutils) 2.25.0 Linaro 2015_10
- 00:36:08 [INFO] Host: bdinfo
- 00:36:08 [INFO] Target: 
bdinfo
arch_number = 0x00000000
boot_params = 0x80000100
DRAM bank   = 0x00000000
-> start    = 0x80000000
-> size     = 0x40000000
baudrate    = 115200 bps
TLB addr    = 0xBFFF0000
relocaddr   = 0xBFF2A000
reloc off   = 0x3F72A000
irq_sp      = 0xBEF0E8A0
sp start    = 0xBEF0E890
- 00:36:08 [INFO] Host: mmc rescan; echo $?
- 00:36:08 [INFO] Target: 
mmc rescan; echo $?
- 00:36:08 [INFO] Host: fatwrite mmc ${mmcdev}:1 ${loadaddr} ws-calibrate.rules 4
- 00:36:08 [INFO] Target: 
fatwrite mmc ${mmcdev}:1 ${loadaddr} ws-calibrate.rules 4
writing ws-calibrate.rules
4 bytes written
- 00:36:08 [INFO] Host: fatwrite mmc ${mmcdev}:1 ${loadaddr} ws-calibrate.rules 4
- 00:36:08 [INFO] Target: 
fatwrite mmc ${mmcdev}:1 ${loadaddr} ws-calibrate.rules 4
writing ws-calibrate.rules
4 bytes written
- 00:36:08 [INFO] Host: boot
- 00:36:51 [INFO] Target: 
boot
## Checking Image at 82000000 ...
Unknown image format!
Kernel image @ 0x82000000 [ 0x000000 - 0x3acc60 ]
## Flattened Device Tree blob at 88000000
   Booting using the fdt blob at 0x88000000
   Loading Device Tree to 8fff1000, end 8ffff792 ... OK
Starting kernel ...
[    0.000000] Booting Linux on physical CPU 0x0
[    0.000000] Linux version 4.9.0-rc1-next-20161018-00002-g27048a6a6fb2 (nmenon@horus) (gcc version 4.9.3 20150413 (prerelease) (Linaro GCC 4.9-2015.05) ) #3 SMP Tue Oct 18 00:33:00 CDT 2016
[    0.000000] CPU: ARMv7 Processor [412fc09a] revision 10 (ARMv7), cr=10c5387d
[    0.000000] CPU: PIPT / VIPT nonaliasing data cache, VIPT aliasing instruction cache
[    0.000000] OF: fdt:Machine model: TI AM43x EPOS EVM
[    0.000000] cma: Reserved 16 MiB at 0xbf000000
[    0.000000] Memory policy: Data cache writeback
[    0.000000] CPU: All CPU(s) started in SVC mode.
[    0.000000] AM437x ES1.1 (
[    0.000000] sgx 
[    0.000000] neon 
[    0.000000] )
[    0.000000] percpu: Embedded 15 pages/cpu @ef6b0000 s31808 r8192 d21440 u61440
[    0.000000] Built 1 zonelists in Zone order, mobility grouping on.  Total pages: 260416
[    0.000000] Kernel command line: console=ttyO0,115200n8 earlyprintk=serial,ttyO0,115200n8 rootwait  ip=:::::eth0:dhcp  root=PARTUUID=00000000-02 rw rootfstype=ext4 rootwait 
[    0.000000] PID hash table entries: 4096 (order: 2, 16384 bytes)
[    0.000000] Dentry cache hash table entries: 131072 (order: 7, 524288 bytes)
[    0.000000] Inode-cache hash table entries: 65536 (order: 6, 262144 bytes)
[    0.000000] Memory: 1001652K/1048576K available (7168K kernel code, 766K rwdata, 2380K rodata, 1024K init, 8126K bss, 30540K reserved, 16384K cma-reserved, 245760K highmem)
[    0.000000] Virtual kernel memory layout:
[    0.000000]     vector  : 0xffff0000 - 0xffff1000   (   4 kB)
[    0.000000]     fixmap  : 0xffc00000 - 0xfff00000   (3072 kB)
[    0.000000]     vmalloc : 0xf0800000 - 0xff800000   ( 240 MB)
[    0.000000]     lowmem  : 0xc0000000 - 0xf0000000   ( 768 MB)
[    0.000000]     pkmap   : 0xbfe00000 - 0xc0000000   (   2 MB)
[    0.000000]     modules : 0xbf000000 - 0xbfe00000   (  14 MB)
[    0.000000]       .text : 0xc0008000 - 0xc0800000   (8160 kB)
[    0.000000]       .init : 0xc0b00000 - 0xc0c00000   (1024 kB)
[    0.000000]       .data : 0xc0c00000 - 0xc0cbf834   ( 767 kB)
[    0.000000]        .bss : 0xc0cc1000 - 0xc14b0838   (8127 kB)
[    0.000000] Running RCU self tests
[    0.000000] Hierarchical RCU implementation.
[    0.000000] 	RCU lockdep checking is enabled.
[    0.000000] 	Build-time adjustment of leaf fanout to 32.
[    0.000000] 	RCU restricting CPUs from NR_CPUS=2 to nr_cpu_ids=1.
[    0.000000] RCU: Adjusting geometry for rcu_fanout_leaf=32, nr_cpu_ids=1
[    0.000000] NR_IRQS:16 nr_irqs:16 16
[    0.000000] L2C: platform modifies aux control register: 0x0e030000 -> 0x3e430000
[    0.000000] L2C: DT/platform modifies aux control register: 0x0e030000 -> 0x3e430000
[    0.000000] L2C-310 enabling early BRESP for Cortex-A9
[    0.000000] OMAP L2C310: ROM does not support power control setting
[    0.000000] L2C-310 dynamic clock gating disabled, standby mode disabled
[    0.000000] L2C-310 cache controller enabled, 16 ways, 256 kB
[    0.000000] L2C-310: CACHE_ID 0x410000c9, AUX_CTRL 0x4e430000
[    0.000000] OMAP clockevent source: timer1 at 32786 Hz
[    0.000000] clocksource: 32k_counter: mask: 0xffffffff max_cycles: 0xffffffff, max_idle_ns: 58327039986419 ns
[    0.000000] sched_clock: 32 bits at 32kHz, resolution 30517ns, wraps every 65535999984741ns
[    0.000000] OMAP clocksource: 32k_counter at 32768 Hz
[    0.001068] Console: colour dummy device 80x30
[    0.001129] Lock dependency validator: Copyright (c) 2006 Red Hat, Inc., Ingo Molnar
[    0.001129] ... MAX_LOCKDEP_SUBCLASSES:  8
[    0.001129] ... MAX_LOCK_DEPTH:          48
[    0.001129] ... MAX_LOCKDEP_KEYS:        8191
[    0.001159] ... CLASSHASH_SIZE:          4096
[    0.001159] ... MAX_LOCKDEP_ENTRIES:     32768
[    0.001159] ... MAX_LOCKDEP_CHAINS:      65536
[    0.001159] ... CHAINHASH_SIZE:          32768
[    0.001159]  memory used by lock dependency info: 5167 kB
[    0.001159]  per task-struct memory footprint: 1536 bytes
[    0.001190] Calibrating delay loop... 1987.37 BogoMIPS (lpj=9936896)
[    0.110412] pid_max: default: 32768 minimum: 301
[    0.110809] Security Framework initialized
[    0.110931] Mount-cache hash table entries: 2048 (order: 1, 8192 bytes)
[    0.110931] Mountpoint-cache hash table entries: 2048 (order: 1, 8192 bytes)
[    0.114074] CPU: Testing write buffer coherency: ok
[    0.115447] CPU0: thread -1, cpu 0, socket 0, mpidr 80000000
[    0.116485] Setting up static identity map for 0x80100000 - 0x80100070
[    0.118591] Brought up 1 CPUs
[    0.118591] SMP: Total of 1 processors activated (1987.37 BogoMIPS).
[    0.118621] CPU: All CPU(s) started in SVC mode.
[    0.121765] devtmpfs: initialized
[    0.156738] VFP support v0.3: implementor 41 architecture 3 part 30 variant 9 rev 4
[    0.157531] clocksource: jiffies: mask: 0xffffffff max_cycles: 0xffffffff, max_idle_ns: 19112604462750000 ns
[    0.159210] pinctrl core: initialized pinctrl subsystem
[    0.163452] NET: Registered protocol family 16
[    0.167968] DMA: preallocated 256 KiB pool for atomic coherent allocations
[    0.270355] cpuidle: using governor menu
[    0.289276] OMAP GPIO hardware version 0.1
[    0.296356] omap_gpio 481ac000.gpio: could not find pctldev for node /ocp@44000000/l4_wkup@44c00000/scm@210000/pinmux@800/display_mux_pins, deferring probe
[    0.308990] platform 53701000.des: Cannot lookup hwmod 'des'
[    0.309478] platform 48310000.rng: Cannot lookup hwmod 'rng'
[    0.311065] omap-gpmc 50000000.gpmc: could not find pctldev for node /ocp@44000000/l4_wkup@44c00000/scm@210000/pinmux@800/nand_flash_x8, deferring probe
[    0.318054] No ATAGs?
[    0.318145] hw-breakpoint: found 5 (+1 reserved) breakpoint and 1 watchpoint registers.
[    0.318145] hw-breakpoint: maximum watchpoint size is 4 bytes.
[    0.318572] omap4_sram_init:Unable to allocate sram needed to handle errata I688
[    0.318603] omap4_sram_init:Unable to get sram pool needed to handle errata I688
[    0.357238] edma 49000000.edma: TI EDMA DMA engine driver
[    0.362243] SCSI subsystem initialized
[    0.363708] omap_i2c 44e0b000.i2c: could not find pctldev for node /ocp@44000000/l4_wkup@44c00000/scm@210000/pinmux@800/pinmux_i2c0_pins, deferring probe
[    0.363800] omap_i2c 4819c000.i2c: could not find pctldev for node /ocp@44000000/l4_wkup@44c00000/scm@210000/pinmux@800/pinmux_i2c2_pins, deferring probe
[    0.364074] pps_core: LinuxPPS API ver. 1 registered
[    0.364074] pps_core: Software ver. 5.3.6 - Copyright 2005-2007 Rodolfo Giometti <giometti@linux.it>
[    0.364135] PTP clock support registered
[    0.367889] clocksource: Switched to clocksource 32k_counter
[    0.446960] VFS: Disk quotas dquot_6.6.0
[    0.447174] VFS: Dquot-cache hash table entries: 1024 (order 0, 4096 bytes)
[    0.471954] NET: Registered protocol family 2
[    0.473754] TCP established hash table entries: 8192 (order: 3, 32768 bytes)
[    0.473876] TCP bind hash table entries: 8192 (order: 6, 294912 bytes)
[    0.475433] TCP: Hash tables configured (established 8192 bind 8192)
[    0.475891] UDP hash table entries: 512 (order: 3, 40960 bytes)
[    0.476135] UDP-Lite hash table entries: 512 (order: 3, 40960 bytes)
[    0.476989] NET: Registered protocol family 1
[    0.479278] RPC: Registered named UNIX socket transport module.
[    0.479309] RPC: Registered udp transport module.
[    0.479309] RPC: Registered tcp transport module.
[    0.479339] RPC: Registered tcp NFSv4.1 backchannel transport module.
[    0.484558] futex hash table entries: 256 (order: 2, 16384 bytes)
[    0.484710] audit: initializing netlink subsys (disabled)
[    0.484985] audit: type=2000 audit(0.490:1): initialized
[    0.488159] workingset: timestamp_bits=14 max_order=18 bucket_order=4
[    0.490936] NFS: Registering the id_resolver key type
[    0.491271] Key type id_resolver registered
[    0.491271] Key type id_legacy registered
[    0.491424] jffs2: version 2.2. (NAND) (SUMMARY)   2001-2006 Red Hat, Inc.
[    0.496032] bounce: pool size: 64 pages
[    0.496215] io scheduler noop registered
[    0.496215] io scheduler deadline registered
[    0.496307] io scheduler cfq registered (default)
[    0.499847] pinctrl-single 44e10800.pinmux: 199 pins at pa f9e10800 size 796
[    0.504302] Serial: 8250/16550 driver, 4 ports, IRQ sharing enabled
[    0.509521] omap_uart 44e09000.serial: no wakeirq for uart0
[    0.509552] omap_uart 44e09000.serial: No clock speed specified: using default: 48000000
[    0.510101] 44e09000.serial: ttyO0 at MMIO 0x44e09000 (irq = 29, base_baud = 3000000) is a OMAP UART0
[    1.250213] console [ttyO0] enabled
[    1.287597] brd: module loaded
[    1.310791] loop: module loaded
[    1.316070] mtdoops: mtd device (mtddev=name/number) must be supplied
[    1.329010] libphy: Fixed MDIO Bus: probed
[    1.407928] davinci_mdio 4a101000.mdio: davinci mdio revision 1.6
[    1.413879] davinci_mdio 4a101000.mdio: detected phy mask fffeffff
[    1.423370] libphy: 4a101000.mdio: probed
[    1.427337] davinci_mdio 4a101000.mdio: phy[16]: device 4a101000.mdio:10, driver unknown
[    1.436584] cpsw 4a100000.ethernet: incompatible machine/device type for reading mac address
[    1.444915] cpsw 4a100000.ethernet: cpsw: platform data missing
[    1.452972] mousedev: PS/2 mouse device common for all mice
[    1.458496] i2c /dev entries driver
[    1.464080] omap_hsmmc 48060000.mmc: Got CD GPIO
[    1.530761] ledtrig-cpu: registered to indicate activity on CPUs
[    1.537567] oprofile: no performance counters
[    1.543243] oprofile: using timer interrupt.
[    1.548126] Initializing XFRM netlink socket
[    1.552642] NET: Registered protocol family 10
[    1.562927] sit: IPv6, IPv4 and MPLS over IPv4 tunneling driver
[    1.570831] NET: Registered protocol family 17
[    1.575256] NET: Registered protocol family 15
[    1.580017] Key type dns_resolver registered
[    1.584411] omap_voltage_late_init: Voltage driver support not added
[    1.590698] sr_dev_init: No voltage domain specified for smartreflex0. Cannot initialize
[    1.598602] sr_dev_init: No voltage domain specified for smartreflex1. Cannot initialize
[    1.607238] ThumbEE CPU extension supported.
[    1.611480] Registering SWP/SWPB emulation handler
[    1.616149] SmartReflex Class3 initialized
[    1.644592] GPIO line 97 (SelLCDorHDMI) hogged as output/high
[    1.656402] omap-gpmc 50000000.gpmc: GPMC revision 6.0
[    1.661865] gpmc_mem_init: disabling cs 0 mapped at 0x0-0x1000000
[    1.671112] nand: device found, Manufacturer ID: 0x2c, Chip ID: 0xdc
[    1.677337] nand: Micron MT29F4G08ABAEAWP
[    1.681365] nand: 512 MiB, SLC, erase size: 256 KiB, page size: 4096, OOB size: 224
[    1.688934] using OMAP_ECC_BCH16_CODE_HW ECC scheme
[    1.693969] 10 ofpart partitions found on MTD device 8000000.nand
[    1.699981] Creating 10 MTD partitions on "8000000.nand":
[    1.705261] 0x000000000000-0x000000040000 : "NAND.SPL"
[    1.717346] 0x000000040000-0x000000080000 : "NAND.SPL.backup1"
[    1.726715] 0x000000080000-0x0000000c0000 : "NAND.SPL.backup2"
[    1.736022] 0x0000000c0000-0x000000100000 : "NAND.SPL.backup3"
[    1.745635] 0x000000100000-0x000000180000 : "NAND.u-boot-spl-os"
[    1.754913] 0x000000180000-0x000000280000 : "NAND.u-boot"
[    1.763641] 0x000000280000-0x0000002c0000 : "NAND.u-boot-env"
[    1.773162] 0x0000002c0000-0x000000300000 : "NAND.u-boot-env.backup1"
[    1.784027] 0x000000300000-0x000000a00000 : "NAND.kernel"
[    1.793609] 0x000000a00000-0x000020000000 : "NAND.file-system"
[    1.799530] mmc0: host does not support reading read-only switch, assuming write-enable
[    1.810150] mmc0: new high speed SDHC card at address aaaa
[    1.828948] mmcblk0: mmc0:aaaa SU08G 7.40 GiB 
[    1.840484]  mmcblk0: p1 p2 p3
[    1.911529] omap_i2c 44e0b000.i2c: bus 0 rev0.12 at 400 kHz
[    1.919982] omap_i2c 4819c000.i2c: bus 2 rev0.12 at 100 kHz
[    1.927062] hctosys: unable to open rtc device (rtc0)
[    1.932098] sr_init: No PMIC hook to init smartreflex
[    1.937255] sr_init: platform driver register failed for SR
[   14.458038] platform 4a100000.ethernet: omap_device_late_idle: enabled but no driver.  Idling
[   14.466735] vbat: disabling
[   15.133911] EXT4-fs (mmcblk0p2): mounted filesystem with ordered data mode. Opts: (null)
[   15.142059] VFS: Mounted root (ext4 filesystem) on device 179:2.
[   15.158691] devtmpfs: mounted
[   15.164001] Freeing unused kernel memory: 1024K (c0b00000 - c0c00000)
[   15.307098] random: fast init done
{qw's`.s]d/}yeFi[br&u#`]kedn,sgolsm{qyw6yeq`i[F`ie`#u[gXGo6t`{`cfi[o#ity{quw`.s]d/}yer.`nKnisGeoY`aatXe[sui[ma{rm`myiKttm[c.pWtm6rG`su`-lzXczs6ok[ieVt`mkoiKm{qw\gv6yeq`YFeer
KtFuasm
Welcome to [1mArago 2016.08[0m!
{qqGs6yeq``t
mFoa7w^+vn{qp]gv`kan#`pn
n`oNea+`,mifnYS{qp]y^`kan#`pn
n`oNea+`,mifnYS{qpt]`kan#`pn
n`oNea+`,mifnYS{qpGw}kan#`pn
n`oNea+`,mifnYS{qpqN}kan#`pn
n`oNea+`,mifnYS{qp7t}kan#`pn
n`oNea+`,mifnYS{qpww}kan#`pn
n`oNea+`,mifnYS{qpv\`kan#`pn
n`oNea+`,mifnYS{qpgs^`[Ga]rYWezX{oX&rlVvXd{c
lWc`\S{qpWr^`kan#`pn
n`oNea+`,mifnYS{qpv`kan#`pn
n`oNea+`,mifnYS{qq\'r`kan#`pn
n`oNea+`,mifnYS{qq\Wr^`kan#`pn
n`oNea+`,mifnYS{qq\x7}kan#`pn
n`oNea+`,mifnYS{qqv`kan#`pn
n`oNea+`,mifnYS{qqt^}kan#`pn
n`oNea+`,mifnYS{qqNx`kan#`pn
n`oNea+`,mifnYS{qqq}kutrYWezX{oX&rlVvXd{c
lWc`\S{qq.w`fVrX{oX&r`s`Yf`Gbkl;i,c`{c
lX6y`\veWaYS{qvWu]`kan#`pn
n`oNea+`,mifnYS{qvp\`kan#`pn
n`oNea+`,mifnYS{qvNs`kan#`pn
n`oNea+`,mifnYS{qvv`kan#`pn
n`oNea+`,mifnYS{qvy^`kan#`pn
n`oNea+`,mifnYS{qvr`kan#`pn
n`oNea+`,mifnYS{qv.v`kan#`pn
n`oNea+`,mifnYS{qvu\`kan#`pn
n`oNea+`,mifnYS{qvr`[Ga]rYWezX{oX&rlVvXd{c
lWc`\S{qvu`kan#`pn
n`oNea+`,mifnYS{qvtw}kan#`pn
n`oNea+`,mifnYS{qv'w`kan#`pn
n`oNea+`,mifnYS{qvwp`kan#`pn
n`oNea+`,mifnYS{qvt`kan#`pn
n`oNea+`,mifnYS{qvWw`kan#`pn
n`oNea+`,mifnYS{qvu`kan#`pn
n`oNea+`,mifnYS{qv7x`kan#`pn
n`oNea+`,mifnYS{qvw}kutrYWezX{oX&rlVvXd{c
lWc`\S{qvu]`fVrX{oX&r`s`Yf`Gbkl;i,c`{c
lX6y`\veWaYS{qqq`.s]d/}cieKnonwonsgini[`km[[0;32m  OK  [0m] Listening on Network Service Netlink Socket.
{qq^s}s]d/}tGeFia`\6sr&e\WstcsscerFo.`t
sm[[0;32m  OK  [0m] Started Dispatch Password Requests to Console Directory Watch.
{qru`.s]d/}cieKnouYf`nskm[[0;32m  OK  [0m] Listening on udev Kernel Socket.
{qr]q^`.s]d/}cieKnojr
lXVdskm[[0;32m  OK  [0m] Listening on Journal Audit Socket.
{qrr^}s]d/}eeFa+tWmel6yem[[0;32m  OK  [0m] Reached target Remote File Systems.
{qs\sg}s]d/}cieKnooYfoKtlm\Fi,ci]`
mpWn[[0;32m  OK  [0m] Listening on /dev/initctl Compatibility Named Pipe.
{qsx`.s]d/}tGefoap7wdWq]6tolFityt
sm[[0;32m  OK  [0m] Started Forward Password Requests to Wall Directory Watch.
[[0;32m  OK  [0m] Reached target Paths.
[[0;32m  OK  [0m] Listening on udev Control Socket.
[[0;32m  OK  [0m] Listening on Journal Socket (/dev/log).
[[0;32m  OK  [0m] Created slice System Slice.
[[0;32m  OK  [0m] Created slice system-getty.slice.
[[0;32m  OK  [0m] Created slice system-serial\x2dgetty.slice.
[[0;32m  OK  [0m] Created slice User and Session Slice.
[[0;32m  OK  [0m] Listening on Journal Socket.
         Mounting Debug File System...
         Starting Setup Virtual Console...
         Starting Create Static Device Nodes in /dev...
         Starting Remount Root and Kernel File Systems...
         Starting Load Kernel Modules...
         Mounting Temporary Directory...
[   17.964508] EXT4-fs (mmcblk0p2): re-mounted. Opts: (null)
         Mounting POSIX Message Queue File System...
[[0;32m  OK  [0m] Listening on Syslog Socket.
         Starting Journal Service...
[[0;32m  OK  [0m] Reached target Slices.
[[0;32m  OK  [0m] Reached target Swap.
{qvym'm
nppsa#zXcrFa+`,mifnYS{qw'sm'm
nppsa#zXcrFa+`,mifnYS{qwGxm'm
nppsa#zXcrFa+`,mifnYS{qxx\`kan#`pn
n`oNea+`,mifnYS{qxx]`kan#`pn
n`oNea+`,mifnYS{qyGxm'm
nppsa#zXcrFa+`,mifnYS{qyWqm'm
nppsa#zXcrFa+`,mifnYS{qpum'm
nppsa#zXcrFa+`,mifnYS{qpx&lutrYWezX{oX&rlVvXd{c
lWc`\S{qt.v^`kan#`pn
n`oNea+`,mifnYS{qtWum'm
nppsa#zXcrFa+`,mifnYS{qux^`kan#`pn
n`oNea+`,mifnYS{quy`kan#`pn
n`oNea+`,mifnYS{qvWvm'm
nppsa#zXcrFa+`,mifnYS{qvWym'm
nppsa#zXcrFa+`,mifnYS{qwrm'm
nppsa#zXcrFa+`,mifnYS{qwum'm
nppsa#zXcrFa+`,mifnYS{qwWy&lutrYWezX{oX&rlVvXd{c
lWc`\S{qxy`fVrX{oX&r`s`Yf`Gbkl;i,c`{c
lX6y`\veWaYS{qv'rm'm
nppsa#zXcrFa+`,mifnYS{qvvm'm
nppsa#zXcrFa+`,mifnYS{qw\qm'm
nppsa#zXcrFa+`,mifnYS{qwGtm'm
nppsa#zXcrFa+`,mifnYS{qwwxm'm
nppsa#zXcrFa+`,mifnYS{qx.q\`kan#`pn
n`oNea+`,mifnYS{qxGq]`kan#`pn
n`oNea+`,mifnYS{qyGxm'm
nppsa#zXcrFa+`,mifnYS{qyx\`[Ga]rYWezX{oX&rlVvXd{c
lWc`\S{qqvm'm
nppsa#zXcrFa+`,mifnYS{qq^Grm'm
nppsa#zXcrFa+`,mifnYS{qrw]`kan#`pn
n`oNea+`,mifnYS{qrw^`kan#`pn
n`oNea+`,mifnYS{qs\Grm'm
nppsa#zXcrFa+`,mifnYS{qst]`kan#`pn
n`oNea+`,mifnYS{qt\wym'm
nppsa#zXcrFa+`,mifnYS{qtrm'm
nppsa#zXcrFa+`,mifnYS{qtt`[Ga]rYWezX{oX&rlVvXd{c
lWc`\S{qu.w^`fVrX{oX&r`s`Yf`Gbkl;i,c`{c
lX6y`\veWaYS[[0;32m  OK  [0m] Mounted POSIX Message Queue File System.
[[0;32m  OK  [0m] Mounted Debug File System.
[[0;32m  OK  [0m] Mounted Temporary Directory.
[[0;32m  OK  [0m] Started Journal Service.
[[0;32m  OK  [0m] Started Setup Virtual Console.
[[0;32m  OK  [0m] Started Create Static Device Nodes in /dev.
[[0;32m  OK  [0m] Started Remount Root and Kernel File Systems.
[[0;1;31mFAILED[0m] Failed to start Load Kernel Modules.
See 'systemctl status systemd-modules-load.service' for details.
         Mounting Configuration File System...
         Starting Apply Kernel Variables...
         Starting udev Coldplug all Devices...
[[0;32m  OK  [0m] Reached target Local File Systems (Pre).
         Mounting /media/ram...
         Mounting /var/volatile...
         Starting udev Kernel Device Manager...
         Starting Flush Journal to Persistent Storage...
{rxum'm
nppsa#zXcrFa+`,mifnYS{rx]t^`kan#`pn
n`oNea+`,mifnYS{rxtm'm
nppsa#zXcrFa+`,mifnYS{rys`kan#`pn
n`oNea+`,mifnYS{rywqm'm
nppsa#zXcrFa+`,mifnYS{rpp]`kan#`pn
n`oNea+`,mifnYS{rpwp`kan#`pn
n`oNea+`,mifnYS{rqGqm'm
nppsa#zXcrFa+`,mifnYS{rqwt&lutrYWezX{oX&rlVvXd{c
lWc`\S{rwgv`kan#`pn
n`oNea+`,mifnYS{rx.r`kan#`pn
n`oNea+`,mifnYS{rxGu`kan#`pn
n`oNea+`,mifnYS{ryym'm
nppsa#zXcrFa+`,mifnYS{ry]'sm'm
nppsa#zXcrFa+`,mifnYS{ryWvm'm
nppsa#zXcrFa+`,mifnYS{rpu^`kan#`pn
n`oNea+`,mifnYS{rpsm'm
nppsa#zXcrFa+`,mifnYS{rqr`[Ga]rYWezX{oX&rlVvXd{c
lWc`\S{rqwv\`fVrX{oX&r`s`Yf`Gbkl;i,c`{c
lX6y`\veWaYS{rpr`kan#`pn
n`oNea+`,mifnYS{rq]gpm'm
nppsa#zXcrFa+`,mifnYS{rq^um'm
nppsa#zXcrFa+`,mifnYS{rr.q^`kan#`pn
n`oNea+`,mifnYS{rr'r\`kan#`pn
n`oNea+`,mifnYS{rs\um'm
nppsa#zXcrFa+`,mifnYS{rsx^`kan#`pn
n`oNea+`,mifnYS{rt'rm'm
nppsa#zXcrFa+`,mifnYS{rugq`kan#`pn
n`oNea+`,mifnYS{rvw`kan#`pn
n`oNea+`,mifnYS{rv7w]`kan#`pn
n`oNea+`,mifnYS{rw7ym'm
nppsa#zXcrFa+`,mifnYS{rwGrm'm
nppsa#zXcrFa+`,mifnYS{rwwvm'm
nppsa#zXcrFa+`,mifnYS{rxp^`kan#`pn
n`oNea+`,mifnYS{rxGsm'm
nppsa#zXcrFa+`,mifnYS{rynw`[Ga]rYWezXccbsWpWs#m`.n\uw}kutrYWezX{oX&rlVvXd{c
lWc`\S{rpp&ufeKoeNo{nVvXd{c
l{glolps`\veWaYS[[0;32m  OK  [0m] Mounted Configuration File System.
[[0;32m  OK  [0m] Mounted /var/volatile.
[[0;32m  OK  [0m] Mounted /media/ram.
[[0;32m  OK  [0m] Started udev Kernel Device Manager.
[[0;32m  OK  [0m] Started Apply Kernel Variables.
{rp\w\`.s]d{u
lqzWcYe&e\WsFouri[jr
l&oim[[0;32m  OK  [0m] Started Flush Journal to Persistent Storage.
         Starting Load/Save Random Seed...
[[0;32m  OK  [0m] Reached target Local File Systems.
         Starting Create Volatile Files and Directories...
[[0;32m  OK  [0m] Started Load/Save Random Seed.
[[0;32m  OK  [0m] Started Create Volatile Files and Directories.
         Starting Network Time Synchronization...
         Starting Update UTMP about System Boot/Shutdown...
[[0;32m  OK  [0m] Started Update UTMP about System Boot/Shutdown.
[[0;32m  OK  [0m] Started Network Time Synchronization.
[[0;32m  OK  [0m] Reached target System Time Synchronized.
         Starting Synchronize System and HW clocks...
[[0;1;31mFAILED[0m] Failed to start Synchronize System and HW clocks.
See 'systemctl status sync-clocks.service' for details.
[[0;32m  OK  [0m] Found device /dev/ttyO0.
[[0;32m  OK  [0m] Started udev Coldplug all Devices.
[[0;32m  OK  [0m] Reached target System Initialization.
[[0;32m  OK  [0m] Listening on RPCbind Server Activation Socket.
[[0;32m  OK  [0m] Listening on D-Bus System Message Bus Socket.
[[0;32m  OK  [0m] Listening on dropbear.socket.
[[0;32m  OK  [0m] Reached target Sockets.
[[0;32m  OK  [0m] Reached target Basic System.
[[0;32m  OK  [0m] Started strongSwan IPsec IKEv1/IKEv2 daemon using ipsec.conf.
         Starting Print notice about GPLv3 packages...
         Starting Permit User Sessions...
[[0;32m  OK  [0m] Started D-Bus System Message Bus.
         Starting Login Service...
         Starting uim-sysfs.service...
[[0;32m  OK  [0m] Started Kernel Logging Service.
[[0;32m  OK  [0m] Started Daily Cleanup of Temporary Directories.
[[0;32m  OK  [0m] Reached target Timers.
[[0;32m  OK  [0m] Started System Logging Service.
         Starting Network Service...
[[0;32m  OK  [0m] Started Permit User Sessions.
[[0;32m  OK  [0m] Started Network Service.
[[0;32m  OK  [0m] Found device /dev/ttyS0.
[[0;32m  OK  [0m] Started Login Service.
[[0;32m  OK  [0m] Reached target Network.
         Starting Lightning Fast Webserver With Light System Requirements...
         Starting Network Name Resolution...
[[0;32m  OK  [0m] Started Serial Getty on ttyO0.
[[0;32m  OK  [0m] Started Serial Getty on ttyS0.
[[0;32m  OK  [0m] Started Getty on tty1.
[[0;32m  OK  [0m] Reached target Login Prompts.
[[0;32m  OK  [0m] Started Lightning Fast Webserver With Light System Requirements.
[[0;32m  OK  [0m] Started Network Name Resolution.
[   31.211914] FAT-fs (mmcblk0p1): Volume was not properly unmounted. Some data may be corrupt. Please run fsck.
[   31.459747] EXT4-fs (mmcblk0p3): mounting ext3 file system using the ext4 subsystem
[   31.778961] EXT4-fs (mmcblk0p3): mounted filesystem with ordered data mode. Opts: (null)
[   32.885955] omap2-nand 8000000.nand: uncorrectable bit-flips found
[   32.892181] omap2-nand 8000000.nand: uncorrectable bit-flips found
[   32.898223] omap2-nand 8000000.nand: uncorrectable bit-flips found
[   32.904266] omap2-nand 8000000.nand: uncorrectable bit-flips found
[   32.910308] omap2-nand 8000000.nand: uncorrectable bit-flips found
[   32.916320] omap2-nand 8000000.nand: uncorrectable bit-flips found
[   32.922363] omap2-nand 8000000.nand: uncorrectable bit-flips found
[   32.928405] omap2-nand 8000000.nand: uncorrectable bit-flips found
[   32.934478] blk_update_request: I/O error, dev mtdblock0, sector 0
[   33.392883] omap2-nand 8000000.nand: uncorrectable bit-flips found
[   33.399078] omap2-nand 8000000.nand: uncorrectable bit-flips found
[   33.405120] omap2-nand 8000000.nand: uncorrectable bit-flips found
[   33.411163] omap2-nand 8000000.nand: uncorrectable bit-flips found
[   33.417205] omap2-nand 8000000.nand: uncorrectable bit-flips found
[   33.423248] omap2-nand 8000000.nand: uncorrectable bit-flips found
[   33.429290] omap2-nand 8000000.nand: uncorrectable bit-flips found
[   33.435302] omap2-nand 8000000.nand: uncorrectable bit-flips found
[   33.441375] blk_update_request: I/O error, dev mtdblock0, sector 0
[   33.447418] Buffer I/O error on dev mtdblock0, logical block 0, async page read
[   34.816131] omap2-nand 8000000.nand: uncorrectable bit-flips found
[   34.822326] omap2-nand 8000000.nand: uncorrectable bit-flips found
[   34.828399] omap2-nand 8000000.nand: uncorrectable bit-flips found
[   34.834442] omap2-nand 8000000.nand: uncorrectable bit-flips found
[   34.840484] omap2-nand 8000000.nand: uncorrectable bit-flips found
[   34.846496] omap2-nand 8000000.nand: uncorrectable bit-flips found
[   34.852539] omap2-nand 8000000.nand: uncorrectable bit-flips found
[   34.858581] omap2-nand 8000000.nand: uncorrectable bit-flips found
[   34.864654] blk_update_request: I/O error, dev mtdblock0, sector 0
[   35.062591] omap2-nand 8000000.nand: uncorrectable bit-flips found
[   35.068817] omap2-nand 8000000.nand: uncorrectable bit-flips found
[   35.074829] omap2-nand 8000000.nand: uncorrectable bit-flips found
[   35.080902] omap2-nand 8000000.nand: uncorrectable bit-flips found
[   35.086944] omap2-nand 8000000.nand: uncorrectable bit-flips found
[   35.092987] omap2-nand 8000000.nand: uncorrectable bit-flips found
[   35.099029] omap2-nand 8000000.nand: uncorrectable bit-flips found
[   35.105041] omap2-nand 8000000.nand: uncorrectable bit-flips found
[   35.111114] blk_update_request: I/O error, dev mtdblock0, sector 0
[   35.117156] Buffer I/O error on dev mtdblock0, logical block 0, async page read
[   36.810913] omap2-nand 8000000.nand: uncorrectable bit-flips found
[   36.816955] omap2-nand 8000000.nand: uncorrectable bit-flips found
[   36.823150] omap2-nand 8000000.nand: uncorrectable bit-flips found
[   36.829223] omap2-nand 8000000.nand: uncorrectable bit-flips found
[   36.835235] omap2-nand 8000000.nand: uncorrectable bit-flips found
[   36.841278] omap2-nand 8000000.nand: uncorrectable bit-flips found
[   36.847320] omap2-nand 8000000.nand: uncorrectable bit-flips found
[   36.853363] omap2-nand 8000000.nand: uncorrectable bit-flips found
[   36.859436] blk_update_request: I/O error, dev mtdblock0, sector 0
[   37.075988] omap2-nand 8000000.nand: uncorrectable bit-flips found
[   37.082183] omap2-nand 8000000.nand: uncorrectable bit-flips found
[   37.088256] omap2-nand 8000000.nand: uncorrectable bit-flips found
[   37.094299] omap2-nand 8000000.nand: uncorrectable bit-flips found
[   37.100341] omap2-nand 8000000.nand: uncorrectable bit-flips found
[   37.106353] omap2-nand 8000000.nand: uncorrectable bit-flips found
[   37.112396] omap2-nand 8000000.nand: uncorrectable bit-flips found
[   37.118438] omap2-nand 8000000.nand: uncorrectable bit-flips found
[   37.124511] blk_update_request: I/O error, dev mtdblock0, sector 0
[   37.130554] Buffer I/O error on dev mtdblock0, logical block 0, async page read
 _____                    _____           _         _   
|  _  |___ ___ ___ ___   |  _  |___ ___  |_|___ ___| |_ 
|     |  _| .'| . | . |  |   __|  _| . | | | -_|  _|  _|
|__|__|_| |__,|_  |___|  |__|  |_| |___|_| |___|___|_|  
              |___|                    |___|            
Arago Project http://arago-project.org am437x-evm ttyO0
Arago 2016.08 am437x-evm ttyO0
am437x-evm login: 
- 00:36:51 [INFO] Host: root
- 00:37:02 [INFO] Target: 
root
***************************************************************
***************************************************************
NOTICE: This file system contains the following GPLv3 packages:
[   38.489501] omap2-nand 8000000.nand: uncorrectable bit-flips found
[   38.495544] omap2-nand 8000000.nand: uncorrectable bit-flips found
[   38.501739] omap2-nand 8000000.nand: uncorrectable bit-flips found
[   38.507751] omap2-nand 8000000.nand: uncorrectable bit-flips found
[   38.513824] omap2-nand 8000000.nand: uncorrectable bit-flips found
[   38.519866] omap2-nand 8000000.nand: uncorrectable bit-flips found
[   38.525909] omap2-nand 8000000.nand: uncorrectable bit-flips found
[   38.531951] omap2-nand 8000000.nand: uncorrectable bit-flips found
[   38.537994] blk_update_request: I/O error, dev mtdblock0, sector 0
	autoconf
	binutils
	cpp-symlinks
	cpp
	dosfstools
	g++-symlinks
	g++
	gcc-symlinks
	gcc
	gdb
	gdbserver
	gstreamer1.0-libav
	libgmp10
	libidn11
	libmpc3
	libmpfr4
	make
	nettle
If you do not wish to distribute GPLv3 components please remove
the above packages prior to distribution.  This can be done using
the opkg remove command.  i.e.:
    opkg remove <package>
Where <package> is the name printed in the list above
NOTE: If the package is a dependency of another package you
      will be notified of the dependent packages.  You should
      use the --force-removal-of-dependent-packages option to
      also remove the dependent packages as well
***************************************************************
***************************************************************
[   38.659240] omap2-nand 8000000.nand: uncorrectable bit-flips found
[   38.665313] omap2-nand 8000000.nand: uncorrectable bit-flips found
[   38.671478] omap2-nand 8000000.nand: uncorrectable bit-flips found
[   38.677520] omap2-nand 8000000.nand: uncorrectable bit-flips found
[   38.683563] omap2-nand 8000000.nand: uncorrectable bit-flips found
[   38.689605] omap2-nand 8000000.nand: uncorrectable bit-flips found
[   38.695648] omap2-nand 8000000.nand: uncorrectable bit-flips found
[   38.701690] omap2-nand 8000000.nand: uncorrectable bit-flips found
[   38.707733] blk_update_request: I/O error, dev mtdblock0, sector 0
[   38.713775] Buffer I/O error on dev mtdblock0, logical block 0, async page read
[   39.371520] omap2-nand 8000000.nand: uncorrectable bit-flips found
[   39.377593] omap2-nand 8000000.nand: uncorrectable bit-flips found
[   39.383728] omap2-nand 8000000.nand: uncorrectable bit-flips found
[   39.389801] omap2-nand 8000000.nand: uncorrectable bit-flips found
[   39.395843] omap2-nand 8000000.nand: uncorrectable bit-flips found
[   39.401885] omap2-nand 8000000.nand: uncorrectable bit-flips found
[   39.407928] omap2-nand 8000000.nand: uncorrectable bit-flips found
[   39.413940] omap2-nand 8000000.nand: uncorrectable bit-flips found
[   39.420013] blk_update_request: I/O error, dev mtdblock0, sector 0
[   39.518188] omap2-nand 8000000.nand: uncorrectable bit-flips found
[   39.524261] omap2-nand 8000000.nand: uncorrectable bit-flips found
[   39.530364] omap2-nand 8000000.nand: uncorrectable bit-flips found
[   39.536407] omap2-nand 8000000.nand: uncorrectable bit-flips found
[   39.542449] omap2-nand 8000000.nand: uncorrectable bit-flips found
[   39.548492] omap2-nand 8000000.nand: uncorrectable bit-flips found
[   39.554534] omap2-nand 8000000.nand: uncorrectable bit-flips found
[   39.560577] omap2-nand 8000000.nand: uncorrectable bit-flips found
[   39.566619] blk_update_request: I/O error, dev mtdblock0, sector 0
[   39.572662] Buffer I/O error on dev mtdblock0, logical block 0, async page read
[   40.129638] omap2-nand 8000000.nand: uncorrectable bit-flips found
[   40.135681] omap2-nand 8000000.nand: uncorrectable bit-flips found
[   40.141876] omap2-nand 8000000.nand: uncorrectable bit-flips found
[   40.147949] omap2-nand 8000000.nand: uncorrectable bit-flips found
[   40.153961] omap2-nand 8000000.nand: uncorrectable bit-flips found
[   40.160003] omap2-nand 8000000.nand: uncorrectable bit-flips found
[   40.166046] omap2-nand 8000000.nand: uncorrectable bit-flips found
[   40.172088] omap2-nand 8000000.nand: uncorrectable bit-flips found
[   40.178131] blk_update_request: I/O error, dev mtdblock0, sector 0
[   40.276702] omap2-nand 8000000.nand: uncorrectable bit-flips found
[   40.282897] omap2-nand 8000000.nand: uncorrectable bit-flips found
[   40.288970] omap2-nand 8000000.nand: uncorrectable bit-flips found
[   40.294982] omap2-nand 8000000.nand: uncorrectable bit-flips found
[   40.301055] omap2-nand 8000000.nand: uncorrectable bit-flips found
[   40.307067] omap2-nand 8000000.nand: uncorrectable bit-flips found
[   40.313110] omap2-nand 8000000.nand: uncorrectable bit-flips found
[   40.319152] omap2-nand 8000000.nand: uncorrectable bit-flips found
[   40.325195] blk_update_request: I/O error, dev mtdblock0, sector 0
[   40.331237] Buffer I/O error on dev mtdblock0, logical block 0, async page read
[[0;32m  OK  [0m] Started Print notice about GPLv3 packages.
[[0;32m  OK  [0m] Started uim-sysfs.service.
[   41.880065] omap2-nand 8000000.nand: uncorrectable bit-flips found
[   41.886108] omap2-nand 8000000.nand: uncorrectable bit-flips found
[   41.892303] omap2-nand 8000000.nand: uncorrectable bit-flips found
[   41.898345] omap2-nand 8000000.nand: uncorrectable bit-flips found
[   41.904388] omap2-nand 8000000.nand: uncorrectable bit-flips found
[   41.910430] omap2-nand 8000000.nand: uncorrectable bit-flips found
[   41.916442] omap2-nand 8000000.nand: uncorrectable bit-flips found
[   41.922485] omap2-nand 8000000.nand: uncorrectable bit-flips found
[   41.928558] blk_update_request: I/O error, dev mtdblock0, sector 0
[   42.041748] omap2-nand 8000000.nand: uncorrectable bit-flips found
[   42.048004] omap2-nand 8000000.nand: uncorrectable bit-flips found
[   42.054016] omap2-nand 8000000.nand: uncorrectable bit-flips found
[   42.060119] omap2-nand 8000000.nand: uncorrectable bit-flips found
[   42.066131] omap2-nand 8000000.nand: uncorrectable bit-flips found
[   42.072174] omap2-nand 8000000.nand: uncorrectable bit-flips found
[   42.078216] omap2-nand 8000000.nand: uncorrectable bit-flips found
[   42.084259] omap2-nand 8000000.nand: uncorrectable bit-flips found
[   42.090332] blk_update_request: I/O error, dev mtdblock0, sector 0
[   42.096374] Buffer I/O error on dev mtdblock0, logical block 0, async page read
[   42.701049] random: crng init done
[   42.878112] omap2-nand 8000000.nand: uncorrectable bit-flips found
[   42.884155] omap2-nand 8000000.nand: uncorrectable bit-flips found
[   42.890258] omap2-nand 8000000.nand: uncorrectable bit-flips found
[   42.896301] omap2-nand 8000000.nand: uncorrectable bit-flips found
[   42.902374] omap2-nand 8000000.nand: uncorrectable bit-flips found
[   42.908416] omap2-nand 8000000.nand: uncorrectable bit-flips found
[   42.914428] omap2-nand 8000000.nand: uncorrectable bit-flips found
[   42.920471] omap2-nand 8000000.nand: uncorrectable bit-flips found
[   42.926544] blk_update_request: I/O error, dev mtdblock0, sector 0
[   43.105743] omap2-nand 8000000.nand: uncorrectable bit-flips found
[   43.111907] omap2-nand 8000000.nand: uncorrectable bit-flips found
[   43.118011] omap2-nand 8000000.nand: uncorrectable bit-flips found
[   43.124053] omap2-nand 8000000.nand: uncorrectable bit-flips found
[   43.130096] omap2-nand 8000000.nand: uncorrectable bit-flips found
[   43.136108] omap2-nand 8000000.nand: uncorrectable bit-flips found
[   43.142150] omap2-nand 8000000.nand: uncorrectable bit-flips found
[   43.148193] omap2-nand 8000000.nand: uncorrectable bit-flips found
[   43.154266] blk_update_request: I/O error, dev mtdblock0, sector 0
[   43.160308] Buffer I/O error on dev mtdblock0, logical block 0, async page read
7[r[999;999H[6nroot@am437x-evm:~# 
- 00:37:02 [INFO] Sleeping 15 secs to allow systemd to finish starting processes...
- 00:37:17 [INFO] Disconnected serial from am43xx-epos
- 00:37:17 [INFO] Connected to am43xx-epos via serial 
- 00:37:17 [INFO] Host: uname -a
- 00:37:17 [INFO] Target: 
uname -a
Linux am437x-evm 4.9.0-rc1-next-20161018-00002-g27048a6a6fb2 #3 SMP Tue Oct 18 00:33:00 CDT 2016 armv7l GNU/Linux
root@am437x-evm:~# 
- 00:37:17 [INFO] Host: cat /proc/cmdline
- 00:37:17 [INFO] Target: 
cat /proc/cmdline
console=ttyO0,115200n8 earlyprintk=serial,ttyO0,115200n8 rootwait  ip=:::::eth0:dhcp  root=PARTUUID=00000000-02 rw rootfstype=ext4 rootwait 
root@am437x-evm:~# 
- 00:37:17 [INFO] Host: uname -a
- 00:37:17 [INFO] Target: 
uname -a
Linux am437x-evm 4.9.0-rc1-next-20161018-00002-g27048a6a6fb2 #3 SMP Tue Oct 18 00:33:00 CDT 2016 armv7l GNU/Linux
root@am437x-evm:~# 
- 00:37:17 [INFO] Host: cat /proc/mtd
- 00:37:18 [INFO] Target: 
cat /proc/mtd
dev:    size   erasesize  name
mtd0: 00040000 00040000 "NAND.SPL"
mtd1: 00040000 00040000 "NAND.SPL.backup1"
mtd2: 00040000 00040000 "NAND.SPL.backup2"
mtd3: 00040000 00040000 "NAND.SPL.backup3"
mtd4: 00080000 00040000 "NAND.u-boot-spl-os"
mtd5: 00100000 00040000 "NAND.u-boot"
mtd6: 00040000 00040000 "NAND.u-boot-env"
mtd7: 00040000 00040000 "NAND.u-boot-env.backup1"
mtd8: 00700000 00040000 "NAND.kernel"
mtd9: 1f600000 00040000 "NAND.file-system"
root@am437x-evm:~# 
- 00:37:18 [INFO] Host: cat /proc/diskstats
- 00:37:18 [INFO] Target: 
cat /proc/diskstats
   1       0 ram0 0 0 0 0 0 0 0 0 0 0 0
   1       1 ram1 0 0 0 0 0 0 0 0 0 0 0
   1       2 ram2 0 0 0 0 0 0 0 0 0 0 0
   1       3 ram3 0 0 0 0 0 0 0 0 0 0 0
   1       4 ram4 0 0 0 0 0 0 0 0 0 0 0
   1       5 ram5 0 0 0 0 0 0 0 0 0 0 0
   1       6 ram6 0 0 0 0 0 0 0 0 0 0 0
   1       7 ram7 0 0 0 0 0 0 0 0 0 0 0
   1       8 ram8 0 0 0 0 0 0 0 0 0 0 0
   1       9 ram9 0 0 0 0 0 0 0 0 0 0 0
   1      10 ram10 0 0 0 0 0 0 0 0 0 0 0
   1      11 ram11 0 0 0 0 0 0 0 0 0 0 0
   1      12 ram12 0 0 0 0 0 0 0 0 0 0 0
   1      13 ram13 0 0 0 0 0 0 0 0 0 0 0
   1      14 ram14 0 0 0 0 0 0 0 0 0 0 0
   1      15 ram15 0 0 0 0 0 0 0 0 0 0 0
   7       0 loop0 0 0 0 0 0 0 0 0 0 0 0
   7       1 loop1 0 0 0 0 0 0 0 0 0 0 0
   7       2 loop2 0 0 0 0 0 0 0 0 0 0 0
   7       3 loop3 0 0 0 0 0 0 0 0 0 0 0
   7       4 loop4 0 0 0 0 0 0 0 0 0 0 0
   7       5 loop5 0 0 0 0 0 0 0 0 0 0 0
   7       6 loop6 0 0 0 0 0 0 0 0 0 0 0
   7       7 loop7 0 0 0 0 0 0 0 0 0 0 0
  31       0 mtdblock0 42 0 336 2770 0 0 0 0 0 2770 2770
  31       1 mtdblock1 126 0 1008 1610 0 0 0 0 0 1610 1610
  31       2 mtdblock2 126 0 1008 160 0 0 0 0 0 160 160
  31       3 mtdblock3 126 0 1008 100 0 0 0 0 0 100 100
  31       4 mtdblock4 140 0 1120 130 0 0 0 0 0 130 130
  31       5 mtdblock5 154 0 1232 120 0 0 0 0 0 120 120
  31       6 mtdblock6 126 0 1008 140 0 0 0 0 0 140 140
  31       7 mtdblock7 126 0 1008 120 0 0 0 0 0 120 120
  31       8 mtdblock8 378 0 3024 300 0 0 0 0 0 300 300
 179       0 mmcblk0 3001 1213 147452 14230 120 1204 10557 40380 0 10190 54580
 179       1 mmcblk0p1 163 17 13564 1020 5 0 5 4510 0 2730 5530
 179       2 mmcblk0p2 2661 1164 119982 12210 114 1204 10544 35830 0 9580 48020
 179       3 mmcblk0p3 141 32 12802 940 1 0 8 40 0 790 970
  31       9 mtdblock9 630 0 29008 4340 0 0 0 0 0 2000 4340
root@am437x-evm:~# 
- 00:37:18 [INFO] Host: cat /proc/interrupts
- 00:37:18 [INFO] Target: 
cat /proc/interrupts
           CPU0       
 16:          0     WUGEN  67 Level     gp_timer
 17:      11546     GIC-0  29 Edge      twd
 19:          0     WUGEN   9 Level     l3-dbg-irq
 20:          0     WUGEN  10 Level     l3-app-irq
 23:       3233     WUGEN  12 Level     49000000.edma_ccint
 25:         28     WUGEN  14 Level     49000000.edma_ccerrint
 29:       1709     WUGEN  72 Level     OMAP UART0
 33:          0     WUGEN  96 Level     44e07000.gpio
 40:          0  44e07000.gpio   6 Edge      48060000.mmc cd
 66:          0     WUGEN  98 Level     4804c000.gpio
 99:          0     WUGEN  32 Level     481ac000.gpio
100:          0     WUGEN  62 Level     481ae000.gpio
133:         16     WUGEN  70 Level     44e0b000.i2c
134:          0     WUGEN  30 Level     4819c000.i2c
136:       9625     WUGEN  64 Level     mmc0
147:         28     WUGEN   4 Level     48080000.elm
148:          0     WUGEN 100 Level     gpmc
163:          0      PRCM Edge      pinctrl
220:          1     WUGEN   7 Edge      tps65218
IPI0:          0  CPU wakeup interrupts
IPI1:          0  Timer broadcast interrupts
IPI2:          0  Rescheduling interrupts
IPI3:          0  Function call interrupts
IPI4:          0  CPU stop interrupts
IPI5:          0  IRQ work interrupts
IPI6:          0  completion interrupts
Err:          0
root@am437x-evm:~# 
- 00:37:18 [INFO] Host: cat /proc/softirqs
- 00:37:18 [INFO] Target: 
cat /proc/softirqs
                    CPU0       
          HI:          0
       TIMER:       3181
      NET_TX:          0
      NET_RX:         80
       BLOCK:          0
BLOCK_IOPOLL:          0
     TASKLET:       3127
       SCHED:          0
     HRTIMER:          0
         RCU:       7312
root@am437x-evm:~# 
- 00:37:25 [INFO] Host: export IPERFHOST=192.168.1.254
- 00:37:25 [INFO] Target: 
export IPERFHOST=192.168.1.254
root@am437x-evm:~# 
- 00:37:25 [INFO] Host: export NFS_SERVER=192.168.1.254
- 00:37:25 [INFO] Target: 
export NFS_SERVER=192.168.1.254
root@am437x-evm:~# 
- 00:37:25 [INFO] Host: export NFS_ROOT_PATH=/home/NFS_exports/am43xx_epos
- 00:37:25 [INFO] Target: 
export NFS_ROOT_PATH=/home/NFS_exports/am43xx_epos
root@am437x-evm:~# 
- 00:37:25 [INFO] Host: export AP_SSID=
- 00:37:25 [INFO] Target: 
export AP_SSID=
root@am437x-evm:~# 
- 00:37:25 [INFO] Host: mkdir -p -m 777 /test
- 00:37:26 [INFO] Target: 
mkdir -p -m 777 /test
root@am437x-evm:~# 
- 00:37:26 [INFO] Host: cd /test
- 00:37:26 [INFO] Target: 
cd /test
root@am437x-evm:/test# 
- 00:37:26 [INFO] Host: cat > test.sh << EOF
- 00:37:26 [INFO] Target: 
cat > test.sh << EOF
- 00:37:26 [INFO] Host: failtest() {
- 00:37:26 [INFO] Target: 
failtest() {
- 00:37:26 [INFO] Host:   echo 1 >&3
- 00:37:26 [INFO] Target: 
  echo 1 >&3
- 00:37:26 [INFO] Host: }
- 00:37:26 [INFO] Target: 
- 00:37:26 [INFO] Host: timeout=600
- 00:37:26 [INFO] Target: 
timeout=600
- 00:37:26 [INFO] Host: 
- 00:37:26 [INFO] Target: 
- 00:37:26 [INFO] Host: # Start of user's script logic
- 00:37:26 [INFO] Target: 
# Start of user's script logic
- 00:37:26 [INFO] Host: mount -t proc proc /proc 2>/dev/null;
- 00:37:26 [INFO] Target: 
mount -t proc proc /proc 2>/dev/null;
- 00:37:26 [INFO] Host: 
- 00:37:27 [INFO] Target: 
- 00:37:27 [INFO] Host: mount -t sysfs sys /sys 2>/dev/null;
- 00:37:27 [INFO] Target: 
mount -t sysfs sys /sys 2>/dev/null;
- 00:37:27 [INFO] Host: 
- 00:37:27 [INFO] Target: 
- 00:37:27 [INFO] Host: mount -t debugfs none /sys/kernel/debug 2>/dev/null;
- 00:37:27 [INFO] Target: 
mount -t debugfs none /sys/kernel/debug 2>/dev/null;
- 00:37:27 [INFO] Host: 
- 00:37:27 [INFO] Target: 
- 00:37:27 [INFO] Host: echo 'cpuinfo:';cat /proc/cpuinfo; echo '=======';
- 00:37:27 [INFO] Target: 
echo 'cpuinfo:';cat /proc/cpuinfo; echo '=======';
- 00:37:27 [INFO] Host: 
- 00:37:27 [INFO] Target: 
- 00:37:27 [INFO] Host: echo 'soc info:';head /sys/devices/soc0/* 2>/dev/null; echo '=======';
- 00:37:27 [INFO] Target: 
echo 'soc info:';head /sys/devices/soc0/* 2>/dev/null; echo '=======';
- 00:37:27 [INFO] Host: 
- 00:37:27 [INFO] Target: 
- 00:37:27 [INFO] Host: echo 'DT Model info'; head /proc/device-tree/name /proc/device-tree/model /proc/device-tree/compatible 2>/dev/null;echo; echo '=======';
- 00:37:27 [INFO] Target: 
echo 'DT Model info'; head /proc/device-tree/name /proc/device-tree/model /pro 
c/device-tree/compatible 2>/dev/null;echo; echo '=======';
- 00:37:27 [INFO] Host: 
- 00:37:28 [INFO] Target: 
- 00:37:28 [INFO] Host: echo 'interrupts:';cat /proc/interrupts; echo '=======';
- 00:37:28 [INFO] Target: 
echo 'interrupts:';cat /proc/interrupts; echo '=======';
- 00:37:28 [INFO] Host: 
- 00:37:28 [INFO] Target: 
- 00:37:28 [INFO] Host: echo 'Clk_summary:';cat /sys/kernel/debug/clk/clk_summary; echo '=======';
- 00:37:28 [INFO] Target: 
echo 'Clk_summary:';cat /sys/kernel/debug/clk/clk_summary; echo '=======';
- 00:37:28 [INFO] Host: 
- 00:37:28 [INFO] Target: 
- 00:37:28 [INFO] Host: echo "Available frequencies"; cat /sys/devices/system/cpu/cpu0/cpufreq/scaling_available_frequencies 2>/dev/null;echo '=======';
- 00:37:28 [INFO] Target: 
echo "Available frequencies"; cat /sys/devices/system/cpu/cpu0/cpufreq/scaling 
_available_frequencies 2>/dev/null;echo '=======';
- 00:37:28 [INFO] Host: 
- 00:37:28 [INFO] Target: 
- 00:37:28 [INFO] Host: TMPF=/tmp/a.\$\$; TMPF2=/tmp/b.\$\$; STR=""
- 00:37:28 [INFO] Target: 
TMPF=/tmp/a.\$\$; TMPF2=/tmp/b.\$\$; STR=""
- 00:37:28 [INFO] Host: 
- 00:37:28 [INFO] Target: 
- 00:37:28 [INFO] Host: cp /dev/kmsg \$TMPF &
- 00:37:28 [INFO] Target: 
cp /dev/kmsg \$TMPF &
- 00:37:28 [INFO] Host: 
- 00:37:29 [INFO] Target: 
- 00:37:29 [INFO] Host: PID=\$! ; sleep 5; kill -9 \$PID
- 00:37:29 [INFO] Target: 
PID=\$! ; sleep 5; kill -9 \$PID
- 00:37:29 [INFO] Host: 
- 00:37:29 [INFO] Target: 
- 00:37:29 [INFO] Host: 
- 00:37:29 [INFO] Target: 
- 00:37:29 [INFO] Host: 
- 00:37:29 [INFO] Target: 
- 00:37:29 [INFO] Host: cat \$TMPF|grep "^0">\$TMPF2; N=\`cat \$TMPF2|wc -l\`; if [ "\$N" -ne 0 ]; then STR="\$STR emerg=\$N";echo "===== EMERGE++";cat \$TMPF2|cut -d ';' -f2;echo "====="; fi
- 00:37:29 [INFO] Target: 
cat \$TMPF|grep "^0">\$TMPF2; N=\`cat \$TMPF2|wc -l\`; if [ "\$N" -ne 0 ]; the 
n STR="\$STR emerg=\$N";echo "===== EMERGE++";cat \$TMPF2|cut -d ';' -f2;echo "= 
===="; fi
- 00:37:29 [INFO] Host: 
- 00:37:29 [INFO] Target: 
- 00:37:29 [INFO] Host: cat \$TMPF|grep "^1">\$TMPF2; N=\`cat \$TMPF2|wc -l\`; if [ "\$N" -ne 0 ]; then STR="\$STR alert=\$N";echo "===== ALERT ==";cat \$TMPF2|cut -d ';' -f2;echo "====="; fi
- 00:37:29 [INFO] Target: 
cat \$TMPF|grep "^1">\$TMPF2; N=\`cat \$TMPF2|wc -l\`; if [ "\$N" -ne 0 ]; the 
n STR="\$STR alert=\$N";echo "===== ALERT ==";cat \$TMPF2|cut -d ';' -f2;echo "= 
===="; fi
- 00:37:29 [INFO] Host: 
- 00:37:29 [INFO] Target: 
- 00:37:29 [INFO] Host: cat \$TMPF|grep "^2">\$TMPF2; N=\`cat \$TMPF2|wc -l\`; if [ "\$N" -ne 0 ]; then STR="\$STR crit=\$N";echo "===== CRIT ==";cat \$TMPF2|cut -d ';' -f2;echo "====="; fi
- 00:37:29 [INFO] Target: 
cat \$TMPF|grep "^2">\$TMPF2; N=\`cat \$TMPF2|wc -l\`; if [ "\$N" -ne 0 ]; the 
n STR="\$STR crit=\$N";echo "===== CRIT ==";cat \$TMPF2|cut -d ';' -f2;echo "=== 
=="; fi
- 00:37:29 [INFO] Host: 
- 00:37:30 [INFO] Target: 
- 00:37:30 [INFO] Host: cat \$TMPF|grep "^3">\$TMPF2; N=\`cat \$TMPF2|wc -l\`; if [ "\$N" -ne 0 ]; then STR="\$STR err=\$N";echo "===== ERR ==";cat \$TMPF2|cut -d ';' -f2;echo "=====" ;fi
- 00:37:30 [INFO] Target: 
cat \$TMPF|grep "^3">\$TMPF2; N=\`cat \$TMPF2|wc -l\`; if [ "\$N" -ne 0 ]; the 
n STR="\$STR err=\$N";echo "===== ERR ==";cat \$TMPF2|cut -d ';' -f2;echo "===== 
" ;fi
- 00:37:30 [INFO] Host: 
- 00:37:30 [INFO] Target: 
- 00:37:30 [INFO] Host: cat \$TMPF|grep "^4">\$TMPF2; N=\`cat \$TMPF2|wc -l\`; if [ "\$N" -ne 0 ]; then STR="\$STR warn=\$N";echo "===== WARN ==";cat \$TMPF2|cut -d ';' -f2;echo "=====" ;fi
- 00:37:30 [INFO] Target: 
cat \$TMPF|grep "^4">\$TMPF2; N=\`cat \$TMPF2|wc -l\`; if [ "\$N" -ne 0 ]; the 
n STR="\$STR warn=\$N";echo "===== WARN ==";cat \$TMPF2|cut -d ';' -f2;echo "=== 
==" ;fi
- 00:37:30 [INFO] Host: 
- 00:37:30 [INFO] Target: 
- 00:37:30 [INFO] Host: rm \$TMPF \$TMPF2; echo "SUM""MARY RESULT: BOOT:" 'PASS: H''ello World' 'B''oard' "Booted" "Boot Log has::::\$STR:"
- 00:37:30 [INFO] Target: 
rm \$TMPF \$TMPF2; echo "SUM""MARY RESULT: BOOT:" 'PASS: H''ello World' 'B''oa 
rd' "Booted" "Boot Log has::::\$STR:"
- 00:37:30 [INFO] Host: 
- 00:37:30 [INFO] Target: 
- 00:37:30 [INFO] Host: EOF
- 00:37:30 [INFO] Target: 
root@am437x-evm:/test# 
- 00:37:30 [INFO] Host: cd /test
- 00:37:30 [INFO] Target: 
cd /test
root@am437x-evm:/test# 
- 00:37:30 [INFO] Host: chmod +x test.sh
- 00:37:31 [INFO] Target: 
chmod +x test.sh
root@am437x-evm:/test# 
- 00:37:31 [INFO] Host: ./test.sh 2> stderr.log > stdout.log 3> result.log
- 00:37:39 [INFO] Target: 
./test.sh 2> stderr.log > stdout.log 3> result.log
[   73.844818] omap2-nand 8000000.nand: uncorrectable bit-flips found
[   73.851013] omap2-nand 8000000.nand: uncorrectable bit-flips found
[   73.857025] omap2-nand 8000000.nand: uncorrectable bit-flips found
[   73.863128] omap2-nand 8000000.nand: uncorrectable bit-flips found
[   73.869171] omap2-nand 8000000.nand: uncorrectable bit-flips found
[   73.875183] omap2-nand 8000000.nand: uncorrectable bit-flips found
[   73.881225] omap2-nand 8000000.nand: uncorrectable bit-flips found
[   73.887268] omap2-nand 8000000.nand: uncorrectable bit-flips found
[   73.893310] blk_update_request: I/O error, dev mtdblock0, sector 0
[   73.934112] omap2-nand 8000000.nand: uncorrectable bit-flips found
[   73.940307] omap2-nand 8000000.nand: uncorrectable bit-flips found
[   73.946350] omap2-nand 8000000.nand: uncorrectable bit-flips found
[   73.952423] omap2-nand 8000000.nand: uncorrectable bit-flips found
[   73.958465] omap2-nand 8000000.nand: uncorrectable bit-flips found
[   73.964477] omap2-nand 8000000.nand: uncorrectable bit-flips found
[   73.970520] omap2-nand 8000000.nand: uncorrectable bit-flips found
[   73.976562] omap2-nand 8000000.nand: uncorrectable bit-flips found
[   73.982635] blk_update_request: I/O error, dev mtdblock0, sector 0
[   73.988647] Buffer I/O error on dev mtdblock0, logical block 0, async page read
[   74.283386] omap2-nand 8000000.nand: uncorrectable bit-flips found
[   74.289581] omap2-nand 8000000.nand: uncorrectable bit-flips found
[   74.295623] omap2-nand 8000000.nand: uncorrectable bit-flips found
[   74.301696] omap2-nand 8000000.nand: uncorrectable bit-flips found
[   74.307739] omap2-nand 8000000.nand: uncorrectable bit-flips found
[   74.313781] omap2-nand 8000000.nand: uncorrectable bit-flips found
[   74.319824] omap2-nand 8000000.nand: uncorrectable bit-flips found
[   74.325836] omap2-nand 8000000.nand: uncorrectable bit-flips found
[   74.331909] blk_update_request: I/O error, dev mtdblock0, sector 0
[   74.372863] omap2-nand 8000000.nand: uncorrectable bit-flips found
[   74.379058] omap2-nand 8000000.nand: uncorrectable bit-flips found
[   74.385070] omap2-nand 8000000.nand: uncorrectable bit-flips found
[   74.391143] omap2-nand 8000000.nand: uncorrectable bit-flips found
[   74.397186] omap2-nand 8000000.nand: uncorrectable bit-flips found
[   74.403228] omap2-nand 8000000.nand: uncorrectable bit-flips found
[   74.409271] omap2-nand 8000000.nand: uncorrectable bit-flips found
[   74.415283] omap2-nand 8000000.nand: uncorrectable bit-flips found
[   74.421356] blk_update_request: I/O error, dev mtdblock0, sector 0
[   74.427398] Buffer I/O error on dev mtdblock0, logical block 0, async page read
[   74.761718] omap2-nand 8000000.nand: uncorrectable bit-flips found
[   74.767913] omap2-nand 8000000.nand: uncorrectable bit-flips found
[   74.773956] omap2-nand 8000000.nand: uncorrectable bit-flips found
[   74.780029] omap2-nand 8000000.nand: uncorrectable bit-flips found
[   74.786041] omap2-nand 8000000.nand: uncorrectable bit-flips found
[   74.792083] omap2-nand 8000000.nand: uncorrectable bit-flips found
[   74.798126] omap2-nand 8000000.nand: uncorrectable bit-flips found
[   74.804138] omap2-nand 8000000.nand: uncorrectable bit-flips found
[   74.810211] blk_update_request: I/O error, dev mtdblock0, sector 0
[   74.851440] omap2-nand 8000000.nand: uncorrectable bit-flips found
[   74.857513] omap2-nand 8000000.nand: uncorrectable bit-flips found
[   74.863677] omap2-nand 8000000.nand: uncorrectable bit-flips found
[   74.869750] omap2-nand 8000000.nand: uncorrectable bit-flips found
[   74.875762] omap2-nand 8000000.nand: uncorrectable bit-flips found
[   74.881805] omap2-nand 8000000.nand: uncorrectable bit-flips found
[   74.887847] omap2-nand 8000000.nand: uncorrectable bit-flips found
[   74.893890] omap2-nand 8000000.nand: uncorrectable bit-flips found
[   74.899932] blk_update_request: I/O error, dev mtdblock0, sector 0
[   74.905975] Buffer I/O error on dev mtdblock0, logical block 0, async page read
[   75.199340] omap2-nand 8000000.nand: uncorrectable bit-flips found
[   75.205413] omap2-nand 8000000.nand: uncorrectable bit-flips found
[   75.211547] omap2-nand 8000000.nand: uncorrectable bit-flips found
[   75.217590] omap2-nand 8000000.nand: uncorrectable bit-flips found
[   75.223632] omap2-nand 8000000.nand: uncorrectable bit-flips found
[   75.229675] omap2-nand 8000000.nand: uncorrectable bit-flips found
[   75.235687] omap2-nand 8000000.nand: uncorrectable bit-flips found
[   75.241729] omap2-nand 8000000.nand: uncorrectable bit-flips found
[   75.247802] blk_update_request: I/O error, dev mtdblock0, sector 0
[   75.288360] omap2-nand 8000000.nand: uncorrectable bit-flips found
[   75.294403] omap2-nand 8000000.nand: uncorrectable bit-flips found
[   75.300537] omap2-nand 8000000.nand: uncorrectable bit-flips found
[   75.306549] omap2-nand 8000000.nand: uncorrectable bit-flips found
[   75.312622] omap2-nand 8000000.nand: uncorrectable bit-flips found
[   75.318664] omap2-nand 8000000.nand: uncorrectable bit-flips found
[   75.324676] omap2-nand 8000000.nand: uncorrectable bit-flips found
[   75.330718] omap2-nand 8000000.nand: uncorrectable bit-flips found
[   75.336791] blk_update_request: I/O error, dev mtdblock0, sector 0
[   75.342803] Buffer I/O error on dev mtdblock0, logical block 0, async page read
[   75.648925] omap2-nand 8000000.nand: uncorrectable bit-flips found
[   75.654968] omap2-nand 8000000.nand: uncorrectable bit-flips found
[   75.661102] omap2-nand 8000000.nand: uncorrectable bit-flips found
[   75.667114] omap2-nand 8000000.nand: uncorrectable bit-flips found
[   75.673187] omap2-nand 8000000.nand: uncorrectable bit-flips found
[   75.679229] omap2-nand 8000000.nand: uncorrectable bit-flips found
[   75.685272] omap2-nand 8000000.nand: uncorrectable bit-flips found
[   75.691284] omap2-nand 8000000.nand: uncorrectable bit-flips found
[   75.697357] blk_update_request: I/O error, dev mtdblock0, sector 0
[   75.737731] omap2-nand 8000000.nand: uncorrectable bit-flips found
[   75.743927] omap2-nand 8000000.nand: uncorrectable bit-flips found
[   75.749999] omap2-nand 8000000.nand: uncorrectable bit-flips found
[   75.756011] omap2-nand 8000000.nand: uncorrectable bit-flips found
[   75.762054] omap2-nand 8000000.nand: uncorrectable bit-flips found
[   75.768096] omap2-nand 8000000.nand: uncorrectable bit-flips found
[   75.774139] omap2-nand 8000000.nand: uncorrectable bit-flips found
[   75.780181] omap2-nand 8000000.nand: uncorrectable bit-flips found
[   75.786224] blk_update_request: I/O error, dev mtdblock0, sector 0
[   75.792266] Buffer I/O error on dev mtdblock0, logical block 0, async page read
[   76.095855] omap2-nand 8000000.nand: uncorrectable bit-flips found
[   76.102050] omap2-nand 8000000.nand: uncorrectable bit-flips found
[   76.108123] omap2-nand 8000000.nand: uncorrectable bit-flips found
[   76.114166] omap2-nand 8000000.nand: uncorrectable bit-flips found
[   76.120208] omap2-nand 8000000.nand: uncorrectable bit-flips found
[   76.126220] omap2-nand 8000000.nand: uncorrectable bit-flips found
[   76.132263] omap2-nand 8000000.nand: uncorrectable bit-flips found
[   76.138305] omap2-nand 8000000.nand: uncorrectable bit-flips found
[   76.176696] omap2-nand 8000000.nand: uncorrectable bit-flips found
[   76.182861] omap2-nand 8000000.nand: uncorrectable bit-flips found
[   76.188964] omap2-nand 8000000.nand: uncorrectable bit-flips found
[   76.194976] omap2-nand 8000000.nand: uncorrectable bit-flips found
[   76.201019] omap2-nand 8000000.nand: uncorrectable bit-flips found
[   76.207061] omap2-nand 8000000.nand: uncorrectable bit-flips found
[   76.213104] omap2-nand 8000000.nand: uncorrectable bit-flips found
[   76.219146] omap2-nand 8000000.nand: uncorrectable bit-flips found
[   76.225189] Buffer I/O error on dev mtdblock0, logical block 0, async page read
root@am437x-evm:/test# 
- 00:37:39 [INFO] Host: echo $?
- 00:37:40 [INFO] Target: 
echo $?
root@am437x-evm:/test# 
- 00:37:40 [INFO] Host: cd /test
- 00:37:40 [INFO] Target: 
cd /test
root@am437x-evm:/test# 
- 00:37:40 [INFO] Host: cat stdout.log
- 00:37:43 [INFO] Target: 
cat stdout.log
cpuinfo:
processor	: 0
model name	: ARMv7 Processor rev 10 (v7l)
BogoMIPS	: 1987.37
Features	: half thumb fastmult vfp edsp thumbee neon vfpv3 tls vfpd32 
CPU implementer	: 0x41
CPU architecture: 7
CPU variant	: 0x2
CPU part	: 0xc09
CPU revision	: 10
Hardware	: Generic AM43 (Flattened Device Tree)
Revision	: 0000
Serial		: 0000000000000000
=======
soc info:
==> /sys/devices/soc0/family <==
AM43xx
==> /sys/devices/soc0/machine <==
AM437x
==> /sys/devices/soc0/power <==
==> /sys/devices/soc0/revision <==
ES1.1
==> /sys/devices/soc0/subsystem <==
==> /sys/devices/soc0/type <==
==> /sys/devices/soc0/uevent <==
=======
DT Model info
==> /proc/device-tree/name <==
==> /proc/device-tree/model <==
TI AM43x EPOS EVM
==> /proc/device-tree/compatible <==
ti,am43x-epos-evmti,am438xti,am43
=======
interrupts:
           CPU0       
 16:          0     WUGEN  67 Level     gp_timer
 17:      12927     GIC-0  29 Edge      twd
 19:          0     WUGEN   9 Level     l3-dbg-irq
 20:          0     WUGEN  10 Level     l3-app-irq
 23:       3254     WUGEN  12 Level     49000000.edma_ccint
 25:         28     WUGEN  14 Level     49000000.edma_ccerrint
 29:       9807     WUGEN  72 Level     OMAP UART0
 33:          0     WUGEN  96 Level     44e07000.gpio
 40:          0  44e07000.gpio   6 Edge      48060000.mmc cd
 66:          0     WUGEN  98 Level     4804c000.gpio
 99:          0     WUGEN  32 Level     481ac000.gpio
100:          0     WUGEN  62 Level     481ae000.gpio
133:         16     WUGEN  70 Level     44e0b000.i2c
134:          0     WUGEN  30 Level     4819c000.i2c
136:       9724     WUGEN  64 Level     mmc0
147:         40     WUGEN   4 Level     48080000.elm
148:          0     WUGEN 100 Level     gpmc
163:          0      PRCM Edge      pinctrl
220:          1     WUGEN   7 Edge      tps65218
IPI0:          0  CPU wakeup interrupts
IPI1:          0  Timer broadcast interrupts
IPI2:          0  Rescheduling interrupts
IPI3:          0  Function call interrupts
IPI4:          0  CPU stop interrupts
IPI5:          0  IRQ work interrupts
IPI6:          0  completion interrupts
Err:          0
=======
Clk_summary:
   clock                         enable_cnt  prepare_cnt        rate   accuracy   phase
----------------------------------------------------------------------------------------
 clk_32k_mosc_ck                          0            0       32768          0 0  
 clk_32k_tpm_ck                           0            0       32768          0 0  
 tclkin_ck                                0            0    26000000          0 0  
 virt_26000000_ck                         0            0    26000000          0 0  
 virt_25000000_ck                         1            1    25000000          0 0  
    sysboot_freq_sel_ck                   1            1    25000000          0 0  
       sys_clkin_ck                      19           38    25000000          0 0  
          clkout1_osc_div_ck              0            0    25000000          0 0  
             clkout1_mux_ck               0            0    25000000          0 0  
                clkout1_ck                0            0    25000000          0 0  
          vtp_clk_div                     0            0    12500000          0 0  
          dll_aging_clk_div               0            0     3125000          0 0  
          timer11_fck                     0            1    25000000          0 0  
          timer10_fck                     0            1    25000000          0 0  
          timer9_fck                      0            1    25000000          0 0  
          timer8_fck                      0            1    25000000          0 0  
          dpll_extdev_ck                  0            0    25000000          0 0  
             dpll_extdev_m2_ck            0            0    25000000          0 0  
          timer7_fck                      0            1    25000000          0 0  
          timer6_fck                      0            1    25000000          0 0  
          timer5_fck                      0            1    25000000          0 0  
          timer4_fck                      0            1    25000000          0 0  
          timer3_fck                      0            1    25000000          0 0  
          timer2_fck                      0            1    25000000          0 0  
          dpll_per_ck                     1            1   960000000          0 0  
             dpll_per_clkdcoldo           0            0   960000000          0 0  
                usb_otg_ss1_refclk960m           0            0   960000000          0 0  
                usb_otg_ss0_refclk960m           0            0   960000000          0 0  
             dpll_per_m2_ck               3            4   192000000          0 0  
                func_12m_clk              0            0    12000000          0 0  
                mmc_clk                   1            3    96000000          0 0  
                clk_24mhz                 1            1    24000000          0 0  
                   clkdiv32k_ck           1            1       32786          0 0  
                      clkdiv32k_ick           2            7       32786          0 0  
                         timer1_fck           1            1       32786          0 0  
                         mux_synctimer32k_ck           1            1       32786          0 0  
                            synctimer_32kclk           1            1       32786          0 0  
                         gpio5_dbclk           0            1       32786          0 0  
                         gpio4_dbclk           0            1       32786          0 0  
                         gpio3_dbclk           0            2       32786          0 0  
                         gpio2_dbclk           0            2       32786          0 0  
                         gpio1_dbclk           0            2       32786          0 0  
                dpll_per_m2_div4_ck           0           12    48000000          0 0  
                dpll_per_m2_div4_wkupdm_ck           1            2    48000000          0 0  
          dpll_disp_ck                    0            1    25000000          0 0  
             dpll_disp_m2_ck              0            1    25000000          0 0  
                disp_clk                  0            3    25000000          0 0  
          dpll_ddr_ck                     1            1   266000000          0 0  
             dpll_ddr_x2_ck               0            0   532000000          0 0  
                dpll_ddr_m4_ck            0            0   133000000          0 0  
             dpll_ddr_m2_ck               1            1   266000000          0 0  
          dpll_mpu_ck                     1            1  1000000000          0 0  
             dpll_mpu_m2_ck               4            4  1000000000          0 0  
                mpu_periphclk             1            1   500000000          0 0  
          dpll_core_ck                    1            1  1000000000          0 0  
             dpll_core_x2_ck              2            2  2000000000          0 0  
                dpll_core_m6_ck           0            0   500000000          0 0  
                dpll_core_m5_ck           1            1   250000000          0 0  
                   cpsw_cpts_rft_clk           0            0   250000000          0 0  
                   cpsw_50m_clkdiv           0            0   250000000          0 0  
                      cpsw_5m_clkdiv           0            0    25000000          0 0  
                   dpll_clksel_mac_clk           0            0    50000000          0 0  
                   cpsw_125mhz_gclk           1            3   125000000          0 0  
                dpll_core_m4_ck           7            7   200000000          0 0  
                   l4hs_gclk              1            1   200000000          0 0  
                   l3_gclk               15           16   200000000          0 0  
                   sysclk_div             1            3   200000000          0 0  
                      div_core_25m_ck           0            0    25000000          0 0  
                      gfx_fclk_clksel_ck           0            1   200000000          0 0  
                         gfx_fck_div_ck           0            1   200000000          0 0  
                      dpll_core_m4_div2_ck           3            3   100000000          0 0  
                         l4ls_gclk          53           67   100000000          0 0  
                            ehrpwm5_tbclk           0            0   100000000          0 0  
                            ehrpwm4_tbclk           0            0   100000000          0 0  
                            ehrpwm3_tbclk           0            0   100000000          0 0  
                            ehrpwm2_tbclk           0            0   100000000          0 0  
                            ehrpwm1_tbclk           0            0   100000000          0 0  
                            ehrpwm0_tbclk           0            0   100000000          0 0  
                         l3s_gclk          12           15   100000000          0 0  
                      pruss_ocp_gclk           0            1   200000000          0 0  
          rng_fck                         0            0    25000000          0 0  
          aes0_fck                        1            2    25000000          0 0  
          sha0_fck                        1            1    25000000          0 0  
          smartreflex1_fck                0            1    25000000          0 0  
          smartreflex0_fck                0            1    25000000          0 0  
          mcasp1_fck                      0            1    25000000          0 0  
          mcasp0_fck                      0            1    25000000          0 0  
          dcan1_fck                       0            1    25000000          0 0  
          dcan0_fck                       0            1    25000000          0 0  
          adc_tsc_fck                     0            1    25000000          0 0  
 virt_24000000_ck                         0            0    24000000          0 0  
 virt_19200000_ck                         0            0    19200000          0 0  
    crystal_freq_sel_ck                   0            0    19200000          0 0  
 clk_rc32k_ck                             0            2       32768          0 0  
    clkout1_src2_mux_ck                   0            0       32768          0 0  
       clkout1_src2_pre_div_ck            0            0       32768          0 0  
          clkout1_src2_post_div_ck           0            0       32768          0 0  
    gpio0_dbclk_mux_ck                    0            1       32768          0 0  
       gpio0_dbclk                        0            2       32768          0 0  
    wdt1_fck                              0            1       32768          0 0  
 clk_32768_ck                             0            0       32768          0 0  
    usbphy_32khz_clkmux                   0            0       32768          0 0  
       usb_phy1_always_on_clk32k           0            0       32768          0 0  
       usb_phy0_always_on_clk32k           0            0       32768          0 0  
=======
Available frequencies
=======
===== CRIT ==
systemd[1]: Failed to insert module 'autofs4': No such file or directory
=====
===== ERR ==
platform 53701000.des: Cannot lookup hwmod 'des'
platform 48310000.rng: Cannot lookup hwmod 'rng'
mtdoops: mtd device (mtddev=name/number) must be supplied
cpsw 4a100000.ethernet: incompatible machine/device type for reading mac address
cpsw 4a100000.ethernet: cpsw: platform data missing
omap_voltage_late_init: Voltage driver support not added
sr_dev_init: No voltage domain specified for smartreflex0. Cannot initialize
sr_dev_init: No voltage domain specified for smartreflex1. Cannot initialize
sr_init: platform driver register failed for SR
systemd[1]: System time before build time, advancing clock.
systemd[1]: systemd 229 running in system mode. (+PAM -AUDIT -SELINUX +IMA -APPARMOR +SMACK +SYSVINIT +UTMP -LIBCRYPTSETUP -GCRYPT +GNUTLS +ACL +XZ -LZ4 -SECCOMP +BLKID -ELFUTILS +KMOD -IDN)
systemd[1]: Detected architecture arm.
systemd[1]: Set hostname to <am437x-evm>.
omap2-nand 8000000.nand: uncorrectable bit-flips found
omap2-nand 8000000.nand: uncorrectable bit-flips found
omap2-nand 8000000.nand: uncorrectable bit-flips found
omap2-nand 8000000.nand: uncorrectable bit-flips found
omap2-nand 8000000.nand: uncorrectable bit-flips found
omap2-nand 8000000.nand: uncorrectable bit-flips found
omap2-nand 8000000.nand: uncorrectable bit-flips found
omap2-nand 8000000.nand: uncorrectable bit-flips found
blk_update_request: I/O error, dev mtdblock0, sector 0
omap2-nand 8000000.nand: uncorrectable bit-flips found
omap2-nand 8000000.nand: uncorrectable bit-flips found
omap2-nand 8000000.nand: uncorrectable bit-flips found
omap2-nand 8000000.nand: uncorrectable bit-flips found
omap2-nand 8000000.nand: uncorrectable bit-flips found
omap2-nand 8000000.nand: uncorrectable bit-flips found
omap2-nand 8000000.nand: uncorrectable bit-flips found
omap2-nand 8000000.nand: uncorrectable bit-flips found
blk_update_request: I/O error, dev mtdblock0, sector 0
Buffer I/O error on dev mtdblock0, logical block 0, async page read
omap2-nand 8000000.nand: uncorrectable bit-flips found
omap2-nand 8000000.nand: uncorrectable bit-flips found
omap2-nand 8000000.nand: uncorrectable bit-flips found
omap2-nand 8000000.nand: uncorrectable bit-flips found
omap2-nand 8000000.nand: uncorrectable bit-flips found
omap2-nand 8000000.nand: uncorrectable bit-flips found
omap2-nand 8000000.nand: uncorrectable bit-flips found
omap2-nand 8000000.nand: uncorrectable bit-flips found
blk_update_request: I/O error, dev mtdblock0, sector 0
omap2-nand 8000000.nand: uncorrectable bit-flips found
omap2-nand 8000000.nand: uncorrectable bit-flips found
omap2-nand 8000000.nand: uncorrectable bit-flips found
omap2-nand 8000000.nand: uncorrectable bit-flips found
omap2-nand 8000000.nand: uncorrectable bit-flips found
omap2-nand 8000000.nand: uncorrectable bit-flips found
omap2-nand 8000000.nand: uncorrectable bit-flips found
omap2-nand 8000000.nand: uncorrectable bit-flips found
blk_update_request: I/O error, dev mtdblock0, sector 0
Buffer I/O error on dev mtdblock0, logical block 0, async page read
systemd[1]: Listening on Network Service Netlink Socket.
systemd[1]: Started Dispatch Password Requests to Console Directory Watch.
systemd[1]: Listening on udev Kernel Socket.
systemd[1]: Listening on Journal Audit Socket.
systemd[1]: Reached target Remote File Systems.
systemd[1]: Listening on /dev/initctl Compatibility Named Pipe.
systemd[1]: Started Forward Password Requests to Wall Directory Watch.
omap2-nand 8000000.nand: uncorrectable bit-flips found
omap2-nand 8000000.nand: uncorrectable bit-flips found
omap2-nand 8000000.nand: uncorrectable bit-flips found
omap2-nand 8000000.nand: uncorrectable bit-flips found
omap2-nand 8000000.nand: uncorrectable bit-flips found
omap2-nand 8000000.nand: uncorrectable bit-flips found
omap2-nand 8000000.nand: uncorrectable bit-flips found
omap2-nand 8000000.nand: uncorrectable bit-flips found
blk_update_request: I/O error, dev mtdblock0, sector 0
omap2-nand 8000000.nand: uncorrectable bit-flips found
omap2-nand 8000000.nand: uncorrectable bit-flips found
omap2-nand 8000000.nand: uncorrectable bit-flips found
omap2-nand 8000000.nand: uncorrectable bit-flips found
omap2-nand 8000000.nand: uncorrectable bit-flips found
omap2-nand 8000000.nand: uncorrectable bit-flips found
omap2-nand 8000000.nand: uncorrectable bit-flips found
omap2-nand 8000000.nand: uncorrectable bit-flips found
blk_update_request: I/O error, dev mtdblock0, sector 0
Buffer I/O error on dev mtdblock0, logical block 0, async page read
omap2-nand 8000000.nand: uncorrectable bit-flips found
omap2-nand 8000000.nand: uncorrectable bit-flips found
omap2-nand 8000000.nand: uncorrectable bit-flips found
omap2-nand 8000000.nand: uncorrectable bit-flips found
omap2-nand 8000000.nand: uncorrectable bit-flips found
omap2-nand 8000000.nand: uncorrectable bit-flips found
omap2-nand 8000000.nand: uncorrectable bit-flips found
omap2-nand 8000000.nand: uncorrectable bit-flips found
blk_update_request: I/O error, dev mtdblock0, sector 0
omap2-nand 8000000.nand: uncorrectable bit-flips found
omap2-nand 8000000.nand: uncorrectable bit-flips found
