- 06:48:06 [INFO] Starting target session
- 06:48:06 [INFO] Connected to am43xx-gpevm via serial 
- 06:48:06 [INFO] Host: #check prompt
- 06:48:09 [ERROR] On command: #check prompt waiting for #check prompt.+?(?-mix:((?m-ix:.*login:)|[Pp]assword)) >>> error: execution expired
- 06:48:09 [INFO] Target: 
#check prompt
root@am437x-evm:/test# 
- 06:48:09 [INFO] Host: #check prompt
- 06:48:10 [INFO] Target: 
#check prompt
root@am437x-evm:/test# 
- 06:48:10 [INFO] Host: sync;poweroff
- 06:48:21 [INFO] Target: 
sync;poweroff
Broadcast message from root@am437x-evm (ttyO0) (Sun Jan 11 11:30:43 2015):
The system is going down for system halt NOW!
INIT: Switc
INIT: Sending processes the TERM signal
UIM SYSFS Node Found at /sys/./devices/kim.8/install
Stopping uim-sysfs daemon.
Stopping Dropbear SSH server: stopped /usr/sbin/dropbear (pid 2100)
dropbear.
Stopping telnet daemon.
Stopping system message bus: dbus.
Stopping syslogd/klogd: stopped syslogd (pid 2137)
stopped klogd (pid 2140)
done
Stopping thttpd.
Stopping Weston
stopping statd: done
ALSA: Storing mixer settings...
Stopping PVR
[28683.048930] PVR_K: SGX debug (SGX_DDK_Linux_CustomerTI sgxddk 1.10@2359475)
[28683.056299] PVR_K:  Host Ctl flags= 00000006
[28683.060839] PVR_K: SGX Host control:
[28683.064626] PVR_K: 	(HC-0) 0x00000001 0x0000002C 0x00000000 0x00000001
[28683.071560] PVR_K: 	(HC-10) 0x00000000 0x00000000 0x0000000A 0x00030D40
[28683.078570] PVR_K: 	(HC-20) 0x00000000 0x00000004 0x00000000 0x00000000
[28683.085567] PVR_K: 	(HC-30) 0x00000000 0x01B53490 0xEFDC1290 0x00000000
[28683.092603] PVR_K: 	(HC-40) 0x00000000 0x00000000 0x00000FBE 0x44494C41
[28683.099630] PVR_K: SGX TA/3D control:
[28683.103520] PVR_K: 	(T3C-0) 0x0F003000 0x0F003120 0x0F002000 0x00000000
[28683.110527] PVR_K: 	(T3C-10) 0x0F09DC40 0x00000001 0x00000002 0x00000001
[28683.117635] PVR_K: 	(T3C-20) 0x0F00AEA0 0x00000000 0x00000000 0x00000000
[28683.124736] PVR_K: 	(T3C-30) 0x00000000 0x00000000 0x00000000 0x00000000
[28683.131858] PVR_K: 	(T3C-40) 0x00000000 0x00000000 0x00000000 0x00000000
[28683.138981] PVR_K: 	(T3C-50) 0x00000000 0x00000000 0x00000000 0x00000000
[28683.146090] PVR_K: 	(T3C-60) 0x00000000 0x00000000 0x00000000 0x00000000
[28683.153208] PVR_K: 	(T3C-70) 0x00000000 0x00000000 0x00000000 0x00000000
[28683.160326] PVR_K: 	(T3C-80) 0x00000000 0x00000000 0x00000000 0x0F000000
[28683.167436] PVR_K: 	(T3C-90) 0xBF946000 0x0F094600 0x00000000 0x0F08B4C0
[28683.174551] PVR_K: 	(T3C-A0) 0x0F00AEA0 0x00000000 0x0F08B4C0 0x00000000
[28683.181661] PVR_K: 	(T3C-B0) 0x00000000 0x00000000 0x00000000 0x00000000
[28683.188773] PVR_K: 	(T3C-C0) 0x00000000 0x00000000 0x000003E8 0x000003E8
[28683.195893] PVR_K: 	(T3C-D0) 0x0F000000 0x8000B000 0x8004B000 0x0F004000
[28683.203004] PVR_K: 	(T3C-E0) 0x0F00A420 0x0F00A740 0x00000000 0x00000000
[28683.210119] PVR_K: 	(T3C-F0) 0x00000000 0x00000986 0x00000986 0x00000000
[28683.217224] PVR_K: 	(T3C-100) 0x00000003 0x00000001 0x00000000 0x00000001
[28683.224436] PVR_K: 	(T3C-110) 0x00000000 0x5000746C 0x52535256 0x49505F56
[28683.231648] PVR_K: SGX Kernel CCB WO:0xC9 RO:0xC9
Stopping rpcbind daemon...
done.
Stopping Lighttpd Web Server: stopped /usr/sbin/lighttpd (pid 2216)
lighttpd.
NOT deconfiguring network interfaces: / is an NFS mount
Stopping Matrix GUI applicationstart-stop-daemon: warning: killing process 2224: No such process
***************************************************************
***************************************************************
NOTICE: This file system contains the followin GPLv3 packages:
	binutils
	elfutils
	gdbserver
	libdw1
	libelf1
If you do not wish to distribute GPLv3 components please remove
the above packages prior to distribution.  This can be done using
the opkg remove command.  i.e.:
    opkg remove <package>
Where <package> is the name printed in the list above
NOTE: If the package is a dependency of another package you
      will be notified of the dependent packages.  You should
      use the --force-removal-of-dependent-packages option to
      also remove the dependent packages as well
***************************************************************
***************************************************************
Sending all processes the TERM signal...
Sending all processes the KILL signal...
Unmounting remote filesystems...
Deactivating swap...
Unmounting local filesystems...
[28692.093004] reboot: Power down
[28692.096296] System will go to power_off state in approx. 1 second
- 06:48:21 [INFO] Disconnected serial from am43xx-gpevm
- 06:48:22 [INFO] Connected to am43xx-gpevm via serial 
- 06:48:22 [INFO] Host: 
- 06:48:23 [ERROR] On command:  waiting for (?m-ix:U-Boot\s*#) >>> error: execution expired
- 06:48:23 [INFO] Target: 
- 06:48:23 [INFO] Host: 
- 06:48:23 [ERROR] On command:  waiting for (?m-ix:U-Boot\s*#) >>> error: execution expired
- 06:48:23 [INFO] Target: 
U-Boot SPL 2014.07-g8f725ef (Oct 12 2014 - 06:29:01)
- 06:48:23 [INFO] Host: 
- 06:48:24 [ERROR] On command:  waiting for (?m-ix:U-Boot\s*#) >>> error: execution expired
- 06:48:24 [INFO] Target: 
SPL: Please implement spl_start_uboot() for your board
SPL: Direct Linux boot not active!
reading u-boot.img
reading u-boot.img
U-Boot 2014.07-g8f725ef (Oct 12 2014 - 06:29:01)
I2C:   
- 06:48:24 [INFO] Host: 
- 06:48:24 [ERROR] On command:  waiting for (?m-ix:U-Boot\s*#) >>> error: execution expired
- 06:48:24 [INFO] Target: 
ready
DRAM:  1 GiB
NAND:  512 MiB
MMC:   OMAP SD/MMC: 0, OMAP SD/MMC: 1
Using default environment
- 06:48:24 [INFO] Host: 
- 06:48:25 [INFO] Target: 
Net:   <ethaddr> not set. Validating first E-fuse MAC
cpsw
Hit any key to stop autoboot:  1  0 
U-Boot# 
U-Boot# 
- 06:48:25 [INFO] Host: 
- 06:48:25 [INFO] Target: 
U-Boot# 
- 06:48:25 [INFO] Host: version
- 06:48:26 [INFO] Target: 
version
U-Boot 2014.07-g8f725ef (Oct 12 2014 - 06:29:01)
arm-linux-gnueabihf-gcc (crosstool-NG linaro-1.13.1-4.7-2013.03-20130313 - Linaro GCC 2013.03) 4.7.3 20130226 (prerelease)
GNU ld (crosstool-NG linaro-1.13.1-4.7-2013.03-20130313 - Linaro GCC 2013.03) 2.23.1
U-Boot# 
- 06:48:26 [INFO] Host: setenv bootargs 'console=ttyO0,115200n8 earlyprintk rootwait '
- 06:48:26 [INFO] Target: 
setenv bootargs 'console=ttyO0,115200n8 earlyprintk rootwait '
U-Boot# 
- 06:48:26 [INFO] Host: setenv bootcmd  ''
- 06:48:27 [INFO] Target: 
setenv bootcmd  ''
U-Boot# 
- 06:48:27 [INFO] Host: setenv autoload 'no'
- 06:48:27 [INFO] Target: 
setenv autoload 'no'
U-Boot# 
- 06:48:27 [INFO] Host: setenv serverip '192.168.0.1'
- 06:48:28 [INFO] Target: 
setenv serverip '192.168.0.1'
U-Boot# 
- 06:48:28 [INFO] Host: printenv
- 06:48:28 [INFO] Target: 
printenv
arch=arm
autoload=no
baudrate=115200
board=am43xx
board_name=AM43__GP
board_rev=1.2A
bootargs=console=ttyO0,115200n8 earlyprintk rootwait 
bootcmd=
bootdelay=1
bootdir=/boot
bootenv=uEnv.txt
bootfile=zImage
bootm_size=0x10000000
bootpart=0:2
console=ttyO0,115200n8
cpu=armv7
dfu_alt_info_emmc=MLO raw 0x100 0x100 mmcpart 0;u-boot.img raw 0x300 0x1000 mmcpart 0
dfu_alt_info_mmc=boot part 0 1;rootfs part 0 2;MLO fat 0 1;spl-os-args fat 0 1;spl-os-image fat 0 1;u-boot.img fat 0 1;uEnv.txt fat 0 1
dfu_alt_info_ram=kernel ram 0x80200000 0x4000000;fdt ram 0x80f80000 0x80000;ramdisk ram 0x81000000 0x4000000
dfu_bufsiz=0x10000
eth1addr=34:b1:f7:31:60:9b
ethact=cpsw
ethaddr=34:b1:f7:31:60:99
fdt_addr_r=0x88000000
fdtaddr=0x88000000
fdtfile=undefined
findfdt=if test $board_name = AM43EPOS; then setenv fdtfile am43x-epos-evm.dtb; fi; if test $board_name = AM43__GP; then setenv fdtfile am437x-gp-evm.dtb; fi; if test $board_name = AM43__SK; then setenv fdtfile am437x-sk-evm.dtb; fi; if test $fdtfile = undefined; then echo WARNING: Could not determine device tree; fi; 
importbootenv=echo Importing environment from mmc ...; env import -t $loadaddr $filesize
kernel_addr_r=0x82000000
loadaddr=0x82000000
loadbootenv=load ${devtype} ${devnum} ${loadaddr} ${bootenv}
loadfdt=load ${devtype} ${bootpart} ${fdtaddr} ${bootdir}/${fdtfile}
loadimage=load ${devtype} ${bootpart} ${loadaddr} ${bootdir}/${bootfile}
loadramdisk=load ${devtype} ${devnum} ${rdaddr} ramdisk.gz
mmcargs=setenv bootargs console=${console} ${optargs} root=${mmcroot} rootfstype=${mmcrootfstype}
mmcboot=mmc dev ${mmcdev}; setenv devnum ${mmcdev}; setenv devtype mmc; if mmc rescan; then echo SD/MMC found on device ${devnum};if run loadbootenv; then echo Loaded environment from ${bootenv};run importbootenv;fi;if test -n $uenvcmd; then echo Running uenvcmd ...;run uenvcmd;fi;if run loadimage; then run loadfdt; echo Booting from mmc${mmcdev} ...; run mmcargs; bootz ${loadaddr} - ${fdtaddr}; fi;fi;
mmcdev=0
mmcroot=/dev/mmcblk0p2 rw
mmcrootfstype=ext4 rootwait
mtdids=nand0=nand.0
mtdparts=mtdparts=nand.0:256k(NAND.SPL),256k(NAND.SPL.backup1),256k(NAND.SPL.backup2),256k(NAND.SPL.backup3),512k(NAND.u-boot-spl-os),1m(NAND.u-boot),256k(NAND.u-boot-env),256k(NAND.u-boot-env.backup1),7m(NAND.kernel),-(NAND.file-system)
nandargs=setenv bootargs console=${console} ${optargs} root=${nandroot} rootfstype=${nandrootfstype}
nandboot=echo Booting from nand ...; run nandargs; nand read ${fdtaddr} NAND.u-boot-spl-os; nand read ${loadaddr} NAND.kernel; bootz ${loadaddr} - ${fdtaddr}
nandroot=ubi0:rootfs rw ubi.mtd=NAND.file-system,4096
nandrootfstype=ubifs rootwait=1
partitions=uuid_disk=${uuid_gpt_disk};name=rootfs,start=2MiB,size=-,uuid=${uuid_gpt_rootfs}
ramargs=setenv bootargs console=${console} ${optargs} root=${ramroot} rootfstype=${ramrootfstype}
ramdisk_addr_r=0x88080000
ramroot=/dev/ram0 rw
ramrootfstype=ext2
rdaddr=0x88080000
serverip=192.168.0.1
soc=am33xx
stderr=serial
stdin=serial
stdout=serial
usbargs=setenv bootargs console=${console} ${optargs} root=${usbroot} rootfstype=${usbrootfstype}
usbboot=setenv devnum ${usbdev}; setenv devtype usb; usb start ${usbdev}; if usb dev ${usbdev}; then if run loadbootenv; then echo Loaded environment from ${bootenv};run importbootenv;fi;if test -n $uenvcmd; then echo Running uenvcmd ...;run uenvcmd;fi;if run loadimage; then run loadfdt; echo Booting from usb ${usbdev}...; run usbargs;bootz ${loadaddr} - ${fdtaddr}; fi;fi
usbdev=0
usbroot=/dev/sda2 rw
usbrootfstype=ext4 rootwait
vendor=ti
ver=U-Boot 2014.07-g8f725ef (Oct 12 2014 - 06:29:01)
Environment size: 3704/65532 bytes
U-Boot# 
- 06:48:28 [INFO] Host: printenv
- 06:48:29 [INFO] Target: 
printenv
arch=arm
autoload=no
baudrate=115200
board=am43xx
board_name=AM43__GP
board_rev=1.2A
bootargs=console=ttyO0,115200n8 earlyprintk rootwait 
bootcmd=
bootdelay=1
bootdir=/boot
bootenv=uEnv.txt
bootfile=zImage
bootm_size=0x10000000
bootpart=0:2
console=ttyO0,115200n8
cpu=armv7
dfu_alt_info_emmc=MLO raw 0x100 0x100 mmcpart 0;u-boot.img raw 0x300 0x1000 mmcpart 0
dfu_alt_info_mmc=boot part 0 1;rootfs part 0 2;MLO fat 0 1;spl-os-args fat 0 1;spl-os-image fat 0 1;u-boot.img fat 0 1;uEnv.txt fat 0 1
dfu_alt_info_ram=kernel ram 0x80200000 0x4000000;fdt ram 0x80f80000 0x80000;ramdisk ram 0x81000000 0x4000000
dfu_bufsiz=0x10000
eth1addr=34:b1:f7:31:60:9b
ethact=cpsw
ethaddr=34:b1:f7:31:60:99
fdt_addr_r=0x88000000
fdtaddr=0x88000000
fdtfile=undefined
findfdt=if test $board_name = AM43EPOS; then setenv fdtfile am43x-epos-evm.dtb; fi; if test $board_name = AM43__GP; then setenv fdtfile am437x-gp-evm.dtb; fi; if test $board_name = AM43__SK; then setenv fdtfile am437x-sk-evm.dtb; fi; if test $fdtfile = undefined; then echo WARNING: Could not determine device tree; fi; 
importbootenv=echo Importing environment from mmc ...; env import -t $loadaddr $filesize
kernel_addr_r=0x82000000
loadaddr=0x82000000
loadbootenv=load ${devtype} ${devnum} ${loadaddr} ${bootenv}
loadfdt=load ${devtype} ${bootpart} ${fdtaddr} ${bootdir}/${fdtfile}
loadimage=load ${devtype} ${bootpart} ${loadaddr} ${bootdir}/${bootfile}
loadramdisk=load ${devtype} ${devnum} ${rdaddr} ramdisk.gz
mmcargs=setenv bootargs console=${console} ${optargs} root=${mmcroot} rootfstype=${mmcrootfstype}
mmcboot=mmc dev ${mmcdev}; setenv devnum ${mmcdev}; setenv devtype mmc; if mmc rescan; then echo SD/MMC found on device ${devnum};if run loadbootenv; then echo Loaded environment from ${bootenv};run importbootenv;fi;if test -n $uenvcmd; then echo Running uenvcmd ...;run uenvcmd;fi;if run loadimage; then run loadfdt; echo Booting from mmc${mmcdev} ...; run mmcargs; bootz ${loadaddr} - ${fdtaddr}; fi;fi;
mmcdev=0
mmcroot=/dev/mmcblk0p2 rw
mmcrootfstype=ext4 rootwait
mtdids=nand0=nand.0
mtdparts=mtdparts=nand.0:256k(NAND.SPL),256k(NAND.SPL.backup1),256k(NAND.SPL.backup2),256k(NAND.SPL.backup3),512k(NAND.u-boot-spl-os),1m(NAND.u-boot),256k(NAND.u-boot-env),256k(NAND.u-boot-env.backup1),7m(NAND.kernel),-(NAND.file-system)
nandargs=setenv bootargs console=${console} ${optargs} root=${nandroot} rootfstype=${nandrootfstype}
nandboot=echo Booting from nand ...; run nandargs; nand read ${fdtaddr} NAND.u-boot-spl-os; nand read ${loadaddr} NAND.kernel; bootz ${loadaddr} - ${fdtaddr}
nandroot=ubi0:rootfs rw ubi.mtd=NAND.file-system,4096
nandrootfstype=ubifs rootwait=1
partitions=uuid_disk=${uuid_gpt_disk};name=rootfs,start=2MiB,size=-,uuid=${uuid_gpt_rootfs}
ramargs=setenv bootargs console=${console} ${optargs} root=${ramroot} rootfstype=${ramrootfstype}
ramdisk_addr_r=0x88080000
ramroot=/dev/ram0 rw
ramrootfstype=ext2
rdaddr=0x88080000
serverip=192.168.0.1
soc=am33xx
stderr=serial
stdin=serial
stdout=serial
usbargs=setenv bootargs console=${console} ${optargs} root=${usbroot} rootfstype=${usbrootfstype}
usbboot=setenv devnum ${usbdev}; setenv devtype usb; usb start ${usbdev}; if usb dev ${usbdev}; then if run loadbootenv; then echo Loaded environment from ${bootenv};run importbootenv;fi;if test -n $uenvcmd; then echo Running uenvcmd ...;run uenvcmd;fi;if run loadimage; then run loadfdt; echo Booting from usb ${usbdev}...; run usbargs;bootz ${loadaddr} - ${fdtaddr}; fi;fi
usbdev=0
usbroot=/dev/sda2 rw
usbrootfstype=ext4 rootwait
vendor=ti
ver=U-Boot 2014.07-g8f725ef (Oct 12 2014 - 06:29:01)
Environment size: 3704/65532 bytes
U-Boot# 
- 06:48:29 [INFO] Host: setenv bootargs ''${bootargs}' ip=dhcp '
- 06:48:29 [INFO] Target: 
setenv bootargs ''${bootargs}' ip=dhcp '
U-Boot# 
- 06:48:29 [INFO] Host: setenv serverip '192.168.0.1'
- 06:48:30 [INFO] Target: 
setenv serverip '192.168.0.1'
U-Boot# 
- 06:48:30 [INFO] Host: setenv ipaddr dhcp
- 06:48:30 [INFO] Target: 
setenv ipaddr dhcp
U-Boot# 
- 06:48:30 [INFO] Host: setenv autoload 'no'
- 06:48:31 [INFO] Target: 
setenv autoload 'no'
U-Boot# 
- 06:48:31 [INFO] Host: dhcp
- 06:48:32 [INFO] Target: 
dhcp
link up on port 0, speed 1000, full duplex
BOOTP broadcast 1
DHCP client bound to address 192.168.0.90
U-Boot# 
- 06:48:32 [INFO] Host: setenv serverip '192.168.0.1'
- 06:48:33 [INFO] Target: 
setenv serverip '192.168.0.1'
U-Boot# 
- 06:48:33 [INFO] Host: tftp ${loadaddr} 192.168.0.1:vatf_am43xx-gpevm/1f4d8c2a2fd136eb1d548767bc088beb
- 06:48:33 [INFO] Target: 
tftp ${loadaddr} 192.168.0.1:vatf_am43xx-gpevm/1f4d8c2a2fd136eb1d548767bc088beb
link up on port 0, speed 1000, full duplex
Using cpsw device
TFTP from server 192.168.0.1; our IP address is 192.168.0.90
Filename 'vatf_am43xx-gpevm/1f4d8c2a2fd136eb1d548767bc088beb'.
Load address: 0x82000000
Loading: *#################################################################
	 #################################################################
	 #################################################################
	 #################################################################
	 ##########################################
	 11.5 MiB/s
done
Bytes transferred = 4431896 (43a018 hex)
U-Boot# 
- 06:48:33 [INFO] Host: tftp ${fdt_addr_r} 192.168.0.1:vatf_am43xx-gpevm/eb1da4e255023310d09d780b388db7ba
- 06:48:34 [INFO] Target: 
tftp ${fdt_addr_r} 192.168.0.1:vatf_am43xx-gpevm/eb1da4e255023310d09d780b388db7ba
link up on port 0, speed 1000, full duplex
Using cpsw device
TFTP from server 192.168.0.1; our IP address is 192.168.0.90
Filename 'vatf_am43xx-gpevm/eb1da4e255023310d09d780b388db7ba'.
Load address: 0x88000000
Loading: *###
	 9.2 MiB/s
done
Bytes transferred = 38673 (9711 hex)
U-Boot# 
- 06:48:34 [INFO] Host: ls mmc 0:1
- 06:48:34 [INFO] Target: 
ls mmc 0:1
   116420   mlo 
     1164   readme 
   401676   u-boot.img 
       13   .ipaddr 
        4   ws-calibrate.rules 
5 file(s), 0 dir(s)
U-Boot# 
- 06:48:34 [INFO] Host: ls mmc 0:2
- 06:48:35 [INFO] Target: 
ls mmc 0:2
<DIR>       4096 .
<DIR>       4096 ..
<DIR>       4096 bin
<DIR>       4096 boot
<DIR>       4096 dev
<DIR>       4096 etc
<DIR>       4096 home
<DIR>       4096 lib
<DIR>       4096 media
<DIR>       4096 mnt
<DIR>       4096 opt
<DIR>       4096 proc
<DIR>       4096 run
<DIR>       4096 sbin
<DIR>       4096 srv
<DIR>       4096 sys
<SYM>          8 tmp
<DIR>       4096 usr
<DIR>       4096 var
<DIR>       4096 www
<DIR>       4096 test
U-Boot# 
- 06:48:35 [INFO] Host: part uuid mmc 0:2
- 06:48:35 [INFO] Target: 
part uuid mmc 0:2
00000000-02
U-Boot# 
- 06:48:35 [INFO] Host: printenv
- 06:48:36 [INFO] Target: 
printenv
arch=arm
autoload=no
baudrate=115200
board=am43xx
board_name=AM43__GP
board_rev=1.2A
bootargs=console=ttyO0,115200n8 earlyprintk rootwait  ip=dhcp 
bootcmd=
bootdelay=1
bootdir=/boot
bootenv=uEnv.txt
bootfile=zImage
bootm_size=0x10000000
bootpart=0:2
console=ttyO0,115200n8
cpu=armv7
dfu_alt_info_emmc=MLO raw 0x100 0x100 mmcpart 0;u-boot.img raw 0x300 0x1000 mmcpart 0
dfu_alt_info_mmc=boot part 0 1;rootfs part 0 2;MLO fat 0 1;spl-os-args fat 0 1;spl-os-image fat 0 1;u-boot.img fat 0 1;uEnv.txt fat 0 1
dfu_alt_info_ram=kernel ram 0x80200000 0x4000000;fdt ram 0x80f80000 0x80000;ramdisk ram 0x81000000 0x4000000
dfu_bufsiz=0x10000
dnsip=192.0.2.2
dnsip2=192.0.2.3
eth1addr=34:b1:f7:31:60:9b
ethact=cpsw
ethaddr=34:b1:f7:31:60:99
fdt_addr_r=0x88000000
fdtaddr=0x88000000
fdtfile=undefined
fileaddr=88000000
filesize=9711
findfdt=if test $board_name = AM43EPOS; then setenv fdtfile am43x-epos-evm.dtb; fi; if test $board_name = AM43__GP; then setenv fdtfile am437x-gp-evm.dtb; fi; if test $board_name = AM43__SK; then setenv fdtfile am437x-sk-evm.dtb; fi; if test $fdtfile = undefined; then echo WARNING: Could not determine device tree; fi; 
gatewayip=192.168.0.1
importbootenv=echo Importing environment from mmc ...; env import -t $loadaddr $filesize
ipaddr=192.168.0.90
kernel_addr_r=0x82000000
loadaddr=0x82000000
loadbootenv=load ${devtype} ${devnum} ${loadaddr} ${bootenv}
loadfdt=load ${devtype} ${bootpart} ${fdtaddr} ${bootdir}/${fdtfile}
loadimage=load ${devtype} ${bootpart} ${loadaddr} ${bootdir}/${bootfile}
loadramdisk=load ${devtype} ${devnum} ${rdaddr} ramdisk.gz
mmcargs=setenv bootargs console=${console} ${optargs} root=${mmcroot} rootfstype=${mmcrootfstype}
mmcboot=mmc dev ${mmcdev}; setenv devnum ${mmcdev}; setenv devtype mmc; if mmc rescan; then echo SD/MMC found on device ${devnum};if run loadbootenv; then echo Loaded environment from ${bootenv};run importbootenv;fi;if test -n $uenvcmd; then echo Running uenvcmd ...;run uenvcmd;fi;if run loadimage; then run loadfdt; echo Booting from mmc${mmcdev} ...; run mmcargs; bootz ${loadaddr} - ${fdtaddr}; fi;fi;
mmcdev=0
mmcroot=/dev/mmcblk0p2 rw
mmcrootfstype=ext4 rootwait
mtdids=nand0=nand.0
mtdparts=mtdparts=nand.0:256k(NAND.SPL),256k(NAND.SPL.backup1),256k(NAND.SPL.backup2),256k(NAND.SPL.backup3),512k(NAND.u-boot-spl-os),1m(NAND.u-boot),256k(NAND.u-boot-env),256k(NAND.u-boot-env.backup1),7m(NAND.kernel),-(NAND.file-system)
nandargs=setenv bootargs console=${console} ${optargs} root=${nandroot} rootfstype=${nandrootfstype}
nandboot=echo Booting from nand ...; run nandargs; nand read ${fdtaddr} NAND.u-boot-spl-os; nand read ${loadaddr} NAND.kernel; bootz ${loadaddr} - ${fdtaddr}
nandroot=ubi0:rootfs rw ubi.mtd=NAND.file-system,4096
nandrootfstype=ubifs rootwait=1
netmask=255.255.255.0
partitions=uuid_disk=${uuid_gpt_disk};name=rootfs,start=2MiB,size=-,uuid=${uuid_gpt_rootfs}
ramargs=setenv bootargs console=${console} ${optargs} root=${ramroot} rootfstype=${ramrootfstype}
ramdisk_addr_r=0x88080000
ramroot=/dev/ram0 rw
ramrootfstype=ext2
rdaddr=0x88080000
serverip=192.168.0.1
soc=am33xx
stderr=serial
stdin=serial
stdout=serial
usbargs=setenv bootargs console=${console} ${optargs} root=${usbroot} rootfstype=${usbrootfstype}
usbboot=setenv devnum ${usbdev}; setenv devtype usb; usb start ${usbdev}; if usb dev ${usbdev}; then if run loadbootenv; then echo Loaded environment from ${bootenv};run importbootenv;fi;if test -n $uenvcmd; then echo Running uenvcmd ...;run uenvcmd;fi;if run loadimage; then run loadfdt; echo Booting from usb ${usbdev}...; run usbargs;bootz ${loadaddr} - ${fdtaddr}; fi;fi
usbdev=0
usbroot=/dev/sda2 rw
usbrootfstype=ext4 rootwait
vendor=ti
ver=U-Boot 2014.07-g8f725ef (Oct 12 2014 - 06:29:01)
Environment size: 3856/65532 bytes
U-Boot# 
- 06:48:36 [INFO] Host: setenv bootargs ''${bootargs}' root=PARTUUID=00000000-02 rw rootfstype=ext4 rootwait '
- 06:48:36 [INFO] Target: 
setenv bootargs ''${bootargs}' root=PARTUUID=00000000-02 rw rootfstype=ext4 rootwait '
U-Boot# 
- 06:48:36 [INFO] Host: printenv
- 06:48:37 [INFO] Target: 
printenv
arch=arm
autoload=no
baudrate=115200
board=am43xx
board_name=AM43__GP
board_rev=1.2A
bootargs=console=ttyO0,115200n8 earlyprintk rootwait  ip=dhcp  root=PARTUUID=00000000-02 rw rootfstype=ext4 rootwait 
bootcmd=
bootdelay=1
bootdir=/boot
bootenv=uEnv.txt
bootfile=zImage
bootm_size=0x10000000
bootpart=0:2
console=ttyO0,115200n8
cpu=armv7
dfu_alt_info_emmc=MLO raw 0x100 0x100 mmcpart 0;u-boot.img raw 0x300 0x1000 mmcpart 0
dfu_alt_info_mmc=boot part 0 1;rootfs part 0 2;MLO fat 0 1;spl-os-args fat 0 1;spl-os-image fat 0 1;u-boot.img fat 0 1;uEnv.txt fat 0 1
dfu_alt_info_ram=kernel ram 0x80200000 0x4000000;fdt ram 0x80f80000 0x80000;ramdisk ram 0x81000000 0x4000000
dfu_bufsiz=0x10000
dnsip=192.0.2.2
dnsip2=192.0.2.3
eth1addr=34:b1:f7:31:60:9b
ethact=cpsw
ethaddr=34:b1:f7:31:60:99
fdt_addr_r=0x88000000
fdtaddr=0x88000000
fdtfile=undefined
fileaddr=88000000
filesize=9711
findfdt=if test $board_name = AM43EPOS; then setenv fdtfile am43x-epos-evm.dtb; fi; if test $board_name = AM43__GP; then setenv fdtfile am437x-gp-evm.dtb; fi; if test $board_name = AM43__SK; then setenv fdtfile am437x-sk-evm.dtb; fi; if test $fdtfile = undefined; then echo WARNING: Could not determine device tree; fi; 
gatewayip=192.168.0.1
importbootenv=echo Importing environment from mmc ...; env import -t $loadaddr $filesize
ipaddr=192.168.0.90
kernel_addr_r=0x82000000
loadaddr=0x82000000
loadbootenv=load ${devtype} ${devnum} ${loadaddr} ${bootenv}
loadfdt=load ${devtype} ${bootpart} ${fdtaddr} ${bootdir}/${fdtfile}
loadimage=load ${devtype} ${bootpart} ${loadaddr} ${bootdir}/${bootfile}
loadramdisk=load ${devtype} ${devnum} ${rdaddr} ramdisk.gz
mmcargs=setenv bootargs console=${console} ${optargs} root=${mmcroot} rootfstype=${mmcrootfstype}
mmcboot=mmc dev ${mmcdev}; setenv devnum ${mmcdev}; setenv devtype mmc; if mmc rescan; then echo SD/MMC found on device ${devnum};if run loadbootenv; then echo Loaded environment from ${bootenv};run importbootenv;fi;if test -n $uenvcmd; then echo Running uenvcmd ...;run uenvcmd;fi;if run loadimage; then run loadfdt; echo Booting from mmc${mmcdev} ...; run mmcargs; bootz ${loadaddr} - ${fdtaddr}; fi;fi;
mmcdev=0
mmcroot=/dev/mmcblk0p2 rw
mmcrootfstype=ext4 rootwait
mtdids=nand0=nand.0
mtdparts=mtdparts=nand.0:256k(NAND.SPL),256k(NAND.SPL.backup1),256k(NAND.SPL.backup2),256k(NAND.SPL.backup3),512k(NAND.u-boot-spl-os),1m(NAND.u-boot),256k(NAND.u-boot-env),256k(NAND.u-boot-env.backup1),7m(NAND.kernel),-(NAND.file-system)
nandargs=setenv bootargs console=${console} ${optargs} root=${nandroot} rootfstype=${nandrootfstype}
nandboot=echo Booting from nand ...; run nandargs; nand read ${fdtaddr} NAND.u-boot-spl-os; nand read ${loadaddr} NAND.kernel; bootz ${loadaddr} - ${fdtaddr}
nandroot=ubi0:rootfs rw ubi.mtd=NAND.file-system,4096
nandrootfstype=ubifs rootwait=1
netmask=255.255.255.0
partitions=uuid_disk=${uuid_gpt_disk};name=rootfs,start=2MiB,size=-,uuid=${uuid_gpt_rootfs}
ramargs=setenv bootargs console=${console} ${optargs} root=${ramroot} rootfstype=${ramrootfstype}
ramdisk_addr_r=0x88080000
ramroot=/dev/ram0 rw
ramrootfstype=ext2
rdaddr=0x88080000
serverip=192.168.0.1
soc=am33xx
stderr=serial
stdin=serial
stdout=serial
usbargs=setenv bootargs console=${console} ${optargs} root=${usbroot} rootfstype=${usbrootfstype}
usbboot=setenv devnum ${usbdev}; setenv devtype usb; usb start ${usbdev}; if usb dev ${usbdev}; then if run loadbootenv; then echo Loaded environment from ${bootenv};run importbootenv;fi;if test -n $uenvcmd; then echo Running uenvcmd ...;run uenvcmd;fi;if run loadimage; then run loadfdt; echo Booting from usb ${usbdev}...; run usbargs;bootz ${loadaddr} - ${fdtaddr}; fi;fi
usbdev=0
usbroot=/dev/sda2 rw
usbrootfstype=ext4 rootwait
vendor=ti
ver=U-Boot 2014.07-g8f725ef (Oct 12 2014 - 06:29:01)
Environment size: 3911/65532 bytes
U-Boot# 
- 06:48:37 [INFO] Host: setenv bootcmd ''${bootcmd}' if iminfo ${loadaddr}; then bootm ${loadaddr} - ${fdt_addr_r}; else bootz ${loadaddr} - ${fdt_addr_r}; bootm ${loadaddr} - ${fdt_addr_r}; fi'
- 06:48:37 [INFO] Target: 
setenv bootcmd ''${bootcmd}' if iminfo ${loadaddr}; then bootm ${loadaddr} - ${fdt_addr_r}; else bootz ${loadaddr} - ${fdt_addr_r}; bootm ${loadaddr} - ${fdt_addr_r}; fi'
U-Boot# 
- 06:48:37 [INFO] Host: bdinfo
- 06:48:38 [INFO] Target: 
bdinfo
arch_number = 0x00000000
boot_params = 0x80000100
DRAM bank   = 0x00000000
-> start    = 0x80000000
-> size     = 0x40000000
eth0name    = cpsw
ethaddr     = 34:b1:f7:31:60:99
current eth = cpsw
ip_addr     = 192.168.0.90
baudrate    = 115200 bps
TLB addr    = 0xBFFF0000
relocaddr   = 0xBF735000
reloc off   = 0x3EF35000
irq_sp      = 0xBE724EE0
sp start    = 0xBE724ED0
U-Boot# 
- 06:48:38 [INFO] Host: mmc rescan
- 06:48:38 [INFO] Target: 
mmc rescan
U-Boot# 
- 06:48:38 [INFO] Host: fatwrite mmc ${mmcdev}:1 ${loadaddr} ws-calibrate.rules 4
- 06:48:39 [INFO] Target: 
fatwrite mmc ${mmcdev}:1 ${loadaddr} ws-calibrate.rules 4
writing ws-calibrate.rules
4 bytes written
U-Boot# 
- 06:48:39 [INFO] Host: boot
- 06:49:03 [INFO] Target: 
boot
## Checking Image at 82000000 ...
Unknown image format!
Kernel image @ 0x82000000 [ 0x000000 - 0x43a018 ]
## Flattened Device Tree blob at 88000000
   Booting using the fdt blob at 0x88000000
   Loading Device Tree to 8fff3000, end 8ffff710 ... OK
Starting kernel ...
[    0.000000] Booting Linux on physical CPU 0x0
[    0.000000] Initializing cgroup subsys cpuset
[    0.000000] Initializing cgroup subsys cpu
[    0.000000] Initializing cgroup subsys cpuacct
[    0.000000] Linux version 3.19.0-rc4-next-20150112-00002-g9ecd88c60829 (nmenon@kahuna) (gcc version 4.6.3 (Ubuntu/Linaro 4.6.3-1ubuntu5) ) #1 SMP Mon Jan 12 05:47:26 CST 2015
[    0.000000] CPU: ARMv7 Processor [412fc09a] revision 10 (ARMv7), cr=10c5387d
[    0.000000] CPU: PIPT / VIPT nonaliasing data cache, VIPT aliasing instruction cache
[    0.000000] Machine model: TI AM437x GP EVM
[    0.000000] cma: Reserved 16 MiB at 0xbf000000
[    0.000000] Memory policy: Data cache writeback
[    0.000000] CPU: All CPU(s) started in SVC mode.
[    0.000000] AM437x ES1.1 (sgx neon )
[    0.000000] L2C: platform modifies aux control register: 0x0e030000 -> 0x3e430000
[    0.000000] L2C: DT/platform modifies aux control register: 0x0e030000 -> 0x3e430000
[    0.000000] L2C-310 enabling early BRESP for Cortex-A9
[    0.000000] L2C-310 ID prefetch enabled, offset 1 lines
[    0.000000] OMAP L2C310: ROM does not support power control setting
[    0.000000] L2C-310 dynamic clock gating disabled, standby mode disabled
[    0.000000] L2C-310 cache controller enabled, 16 ways, 256 kB
[    0.000000] L2C-310: CACHE_ID 0x410000c9, AUX_CTRL 0x7e430000
[    0.000000] PERCPU: Embedded 12 pages/cpu @eeeb9000 s19072 r8192 d21888 u49152
[    0.000000] Built 1 zonelists in Zone order, mobility grouping on.  Total pages: 260434
[    0.000000] Kernel command line: console=ttyO0,115200n8 earlyprintk rootwait  ip=dhcp  root=PARTUUID=00000000-02 rw rootfstype=ext4 rootwait 
[    0.000000] PID hash table entries: 4096 (order: 2, 16384 bytes)
[    0.000000] Dentry cache hash table entries: 131072 (order: 7, 524288 bytes)
[    0.000000] Inode-cache hash table entries: 65536 (order: 6, 262144 bytes)
[    0.000000] Memory: 1004536K/1048576K available (5825K kernel code, 623K rwdata, 2224K rodata, 428K init, 8219K bss, 27656K reserved, 16384K cma-reserved, 253952K highmem)
[    0.000000] Virtual kernel memory layout:
[    0.000000]     vector  : 0xffff0000 - 0xffff1000   (   4 kB)
[    0.000000]     fixmap  : 0xffc00000 - 0xfff00000   (3072 kB)
[    0.000000]     vmalloc : 0xf0000000 - 0xff000000   ( 240 MB)
[    0.000000]     lowmem  : 0xc0000000 - 0xef800000   ( 760 MB)
[    0.000000]     pkmap   : 0xbfe00000 - 0xc0000000   (   2 MB)
[    0.000000]     modules : 0xbf000000 - 0xbfe00000   (  14 MB)
[    0.000000]       .text : 0xc0008000 - 0xc07e4700   (8050 kB)
[    0.000000]       .init : 0xc07e5000 - 0xc0850000   ( 428 kB)
[    0.000000]       .data : 0xc0850000 - 0xc08ebff0   ( 624 kB)
[    0.000000]        .bss : 0xc08ebff0 - 0xc10f2e88   (8220 kB)
[    0.000000] Hierarchical RCU implementation.
[    0.000000] 	Additional per-CPU info printed with stalls.
[    0.000000] 	RCU restricting CPUs from NR_CPUS=2 to nr_cpu_ids=1.
[    0.000000] RCU: Adjusting geometry for rcu_fanout_leaf=16, nr_cpu_ids=1
[    0.000000] NR_IRQS:16 nr_irqs:16 16
[    0.000000] GIC CPU mask not found - kernel will fail to boot.
[    0.000000] GIC CPU mask not found - kernel will fail to boot.
[    0.000000] OMAP clockevent source: timer2 at 24000000 Hz
[    0.000010] sched_clock: 32 bits at 24MHz, resolution 41ns, wraps every 178956969942ns
[    0.000060] OMAP clocksource: timer1 at 24000000 Hz
[    0.000713] Console: colour dummy device 80x30
[    0.000759] Lock dependency validator: Copyright (c) 2006 Red Hat, Inc., Ingo Molnar
[    0.000766] ... MAX_LOCKDEP_SUBCLASSES:  8
[    0.000772] ... MAX_LOCK_DEPTH:          48
[    0.000779] ... MAX_LOCKDEP_KEYS:        8191
[    0.000785] ... CLASSHASH_SIZE:          4096
[    0.000791] ... MAX_LOCKDEP_ENTRIES:     32768
[    0.000796] ... MAX_LOCKDEP_CHAINS:      65536
[    0.000802] ... CHAINHASH_SIZE:          32768
[    0.000808]  memory used by lock dependency info: 5167 kB
[    0.000814]  per task-struct memory footprint: 1152 bytes
[    0.000841] Calibrating delay loop... 1993.93 BogoMIPS (lpj=9969664)
[    0.119194] pid_max: default: 32768 minimum: 301
[    0.119476] Security Framework initialized
[    0.119598] Mount-cache hash table entries: 2048 (order: 1, 8192 bytes)
[    0.119612] Mountpoint-cache hash table entries: 2048 (order: 1, 8192 bytes)
[    0.121946] Initializing cgroup subsys blkio
[    0.121981] Initializing cgroup subsys memory
[    0.122031] Initializing cgroup subsys devices
[    0.122103] Initializing cgroup subsys freezer
[    0.122205] Initializing cgroup subsys perf_event
[    0.122273] CPU: Testing write buffer coherency: ok
[    0.123344] CPU0: thread -1, cpu 0, socket 0, mpidr 80000000
[    0.123457] Setting up static identity map for 0x80585310 - 0x80585380
[    0.126384] Brought up 1 CPUs
[    0.126403] SMP: Total of 1 processors activated (1993.93 BogoMIPS).
[    0.126413] CPU: All CPU(s) started in SVC mode.
[    0.128816] devtmpfs: initialized
[    0.130830] VFP support v0.3: implementor 41 architecture 3 part 30 variant 9 rev 4
[    0.166190] omap_hwmod: tptc0 using broken dt data from edma
[    0.166496] omap_hwmod: tptc1 using broken dt data from edma
[    0.166780] omap_hwmod: tptc2 using broken dt data from edma
[    0.231260] pinctrl core: initialized pinctrl subsystem
[    0.258234] NET: Registered protocol family 16
[    0.262802] DMA: preallocated 256 KiB pool for atomic coherent allocations
[    0.264513] cpuidle: using governor ladder
[    0.264538] cpuidle: using governor menu
[    0.267098] omap_l3_noc 44000000.ocp: L3 debug error: target 8 mod:0 (unclearable)
[    0.267250] omap_l3_noc 44000000.ocp: L3 application error: target 8 mod:0 (unclearable)
[    0.272695] OMAP GPIO hardware version 0.1
[    0.281050] platform 53701000.des: Cannot lookup hwmod 'des'
[    0.282073] omap-gpmc 50000000.gpmc: could not find pctldev for node /pinmux@44e10800/nand_flash_x8, deferring probe
[    0.282108] platform 50000000.gpmc: Driver omap-gpmc requests probe deferral
[    0.285779] platform 48326000.vpfe: Cannot lookup hwmod 'vpfe0'
[    0.286138] platform 48328000.vpfe: Cannot lookup hwmod 'vpfe1'
[    0.288911] No ATAGs?
[    0.288990] hw-breakpoint: found 5 (+1 reserved) breakpoint and 1 watchpoint registers.
[    0.289001] hw-breakpoint: maximum watchpoint size is 4 bytes.
[    0.319194] edma-dma-engine edma-dma-engine.0: TI EDMA DMA engine driver
[    0.323694] SCSI subsystem initialized
[    0.325160] omap_i2c 44e0b000.i2c: could not find pctldev for node /pinmux@44e10800/i2c0_pins, deferring probe
[    0.325192] platform 44e0b000.i2c: Driver omap_i2c requests probe deferral
[    0.325243] omap_i2c 4802a000.i2c: could not find pctldev for node /pinmux@44e10800/i2c1_pins, deferring probe
[    0.325264] platform 4802a000.i2c: Driver omap_i2c requests probe deferral
[    0.328707] Switched to clocksource timer1
[    0.432781] NET: Registered protocol family 2
[    0.434321] TCP established hash table entries: 8192 (order: 3, 32768 bytes)
[    0.434514] TCP bind hash table entries: 8192 (order: 6, 294912 bytes)
[    0.436238] TCP: Hash tables configured (established 8192 bind 8192)
[    0.436672] TCP: reno registered
[    0.436719] UDP hash table entries: 512 (order: 3, 40960 bytes)
[    0.436969] UDP-Lite hash table entries: 512 (order: 3, 40960 bytes)
[    0.438049] NET: Registered protocol family 1
[    0.439723] RPC: Registered named UNIX socket transport module.
[    0.439743] RPC: Registered udp transport module.
[    0.439751] RPC: Registered tcp transport module.
[    0.439759] RPC: Registered tcp NFSv4.1 backchannel transport module.
[    0.443242] futex hash table entries: 256 (order: 2, 16384 bytes)
[    0.443451] audit: initializing netlink subsys (disabled)
[    0.443693] audit: type=2000 audit(0.430:1): initialized
[    0.447513] VFS: Disk quotas dquot_6.5.2
[    0.447630] VFS: Dquot-cache hash table entries: 1024 (order 0, 4096 bytes)
[    0.449949] NFS: Registering the id_resolver key type
[    0.450254] Key type id_resolver registered
[    0.450268] Key type id_legacy registered
[    0.450433] jffs2: version 2.2. (NAND) (SUMMARY)   2001-2006 Red Hat, Inc.
[    0.453957] bounce: pool size: 64 pages
[    0.454096] io scheduler noop registered
[    0.454118] io scheduler deadline registered
[    0.454169] io scheduler cfq registered (default)
[    0.456511] pinctrl-single 44e10800.pinmux: 199 pins at pa f9e10800 size 796
[    0.459875] Serial: 8250/16550 driver, 4 ports, IRQ sharing enabled
[    0.464344] omap_uart 44e09000.serial: no wakeirq for uart0
[    0.464393] omap_uart 44e09000.serial: No clock speed specified: using default: 48000000
[    0.464913] 44e09000.serial: ttyO0 at MMIO 0x44e09000 (irq = 23, base_baud = 3000000) is a OMAP UART0
[    1.274576] console [ttyO0] enabled
[    1.295159] brd: module loaded
[    1.312357] loop: module loaded
[    1.318162] mtdoops: mtd device (mtddev=name/number) must be supplied
[    1.329165] mousedev: PS/2 mouse device common for all mice
[    1.335011] i2c /dev entries driver
[    1.339046] Driver 'mmcblk' needs updating - please use bus_type methods
[    1.389097] ledtrig-cpu: registered to indicate activity on CPUs
[    1.396314] oprofile: no performance counters
[    1.402039] oprofile: using timer interrupt.
[    1.407095] TCP: cubic registered
[    1.410672] Initializing XFRM netlink socket
[    1.415274] NET: Registered protocol family 17
[    1.420036] NET: Registered protocol family 15
[    1.424973] Key type dns_resolver registered
[    1.429657] omap_voltage_late_init: Voltage driver support not added
[    1.436311] sr_dev_init: No voltage domain specified for smartreflex0. Cannot initialize
[    1.444800] sr_dev_init: No voltage domain specified for smartreflex1. Cannot initialize
[    1.454156] ThumbEE CPU extension supported.
[    1.458723] Registering SWP/SWPB emulation handler
[    1.463736] SmartReflex Class3 initialized
[    1.477764] omap-gpmc 50000000.gpmc: GPMC revision 6.0
[    1.484771] nand: device found, Manufacturer ID: 0x2c, Chip ID: 0xdc
[    1.491509] nand: Micron MT29F4G08ABAEAWP
[    1.495705] nand: 512 MiB, SLC, erase size: 256 KiB, page size: 4096, OOB size: 224
[    1.503736] omap2-nand omap2-nand.0: CONFIG_MTD_NAND_OMAP_BCH not enabled
[    1.510909] omap2-nand: probe of omap2-nand.0 failed with error -22
[    1.555546] omap_i2c 44e0b000.i2c: bus 0 rev0.12 at 100 kHz
[    1.564644] omap_i2c 4802a000.i2c: bus 1 rev0.12 at 100 kHz
[    1.596191] mmc0: host does not support reading read-only switch, assuming write-enable
[    1.607739] mmc0: new high speed SDHC card at address aaaa
[    1.615398] mmcblk0: mmc0:aaaa SU08G 7.40 GiB 
[    1.624263]  mmcblk0: p1 p2 p3
[    1.628603] davinci_mdio 4a101000.mdio: davinci mdio revision 1.6
[    1.634969] davinci_mdio 4a101000.mdio: detected phy mask fffffffe
[    1.646305] libphy: 4a101000.mdio: probed
[    1.650645] davinci_mdio 4a101000.mdio: phy[0]: device 4a101000.mdio:00, driver unknown
[    1.659956] cpsw 4a100000.ethernet: Detected MACID = 34:b1:f7:31:60:99
[    1.669153] drivers/rtc/hctosys.c: unable to open rtc device (rtc0)
[    1.675716] sr_init: No PMIC hook to init smartreflex
[    1.681280] sr_init: platform driver register failed for SR
[    1.705726] net eth0: initializing cpsw version 1.15 (0)
[    1.789009] net eth0: phy found : id is : 0x221622
[    4.789402] cpsw 4a100000.ethernet eth0: Link is Up - 1Gbps/Full - flow control rx/tx
[    4.808496] Sending DHCP requests ., OK
[    4.868949] IP-Config: Got DHCP answer from 192.168.0.1, my address is 192.168.0.90
[    4.877266] IP-Config: Complete:
[    4.880713]      device=eth0, hwaddr=34:b1:f7:31:60:99, ipaddr=192.168.0.90, mask=255.255.255.0, gw=192.168.0.1
[    4.891259]      host=192.168.0.90, domain=tim.com, nis-domain=(none)
[    4.897973]      bootserver=192.168.0.1, rootserver=192.168.0.1, rootpath=
[    4.904971]      nameserver0=192.0.2.2, nameserver1=192.0.2.3
[    4.911413] v1_8bat: disabling
[    4.915675] v1_0bat: disabling
[    4.943044] EXT4-fs (mmcblk0p2): mounted filesystem with ordered data mode. Opts: (null)
[    4.951745] VFS: Mounted root (ext4 filesystem) on device 179:2.
[    4.969320] devtmpfs: mounted
[    4.973303] Freeing unused kernel memory: 428K (c07e5000 - c0850000)
INIT: version 2.88 booting
Error opening /dev/fb0: No such file or directory
Starting udev
[    5.771995] udevd[77]: starting version 182
[   10.618042] FAT-fs (mmcblk0p1): Volume was not properly unmounted. Some data may be corrupt. Please run fsck.
[   10.662850] EXT4-fs (mmcblk0p3): mounted filesystem with ordered data mode. Opts: (null)
depmod: ERROR: could not open directory /lib/modules/3.19.0-rc4-next-20150112-00002-g9ecd88c60829: No such file or directory
depmod: WARNING: -e needs -E or -F
depmod: ERROR: could not open directory /lib/modules/3.19.0-rc4-next-20150112-00002-g9ecd88c60829: No such file or directory
depmod: FATAL: could not search modules: No such file or directory
[   11.196912] EXT4-fs (mmcblk0p2): re-mounted. Opts: data=ordered
Starting Bootlog daemon: bootlogd: cannot allocate pseudo tty: No such file or directory
bootlogd.
[   11.355981] random: dd urandom read with 45 bits of entropy available
Populating dev cache
ALSA: Restoring mixer settings...
/usr/sbin/alsactl: load_state:1729: No soundcards found...
hwclock: can't open '/dev/misc/rtc': No such file or directory
Wed Oct 22 23:46:00 UTC 2014
hwclock: can't open '/dev/misc/rtc': No such file or directory
INIT: Entering runlevel: 5
Configuring network interfaces... udhcpc (v1.22.1) started
Sending discover...
Sending select for 192.168.0.154...
Lease of 192.168.0.154 obtained, lease time 600
/etc/udhcpc.d/50default: Adding DNS 192.0.2.2
/etc/udhcpc.d/50default: Adding DNS 192.0.2.3
done.
Starting system message bus: dbus.
UIM SYSFS Node Not Found
Starting Dropbear SSH server: dropbear.
Starting telnet daemon.
Starting rpcbind daemon...rpcbind: cannot create socket for udp6
rpcbind: cannot create socket for tcp6
done.
creating NFS state directory: done
starting statd: done
hwclock: can't open '/dev/misc/rtc': No such file or directory
Starting syslogd/klogd: done
Starting thttpd.
Starting Lighttpd Web Server: lighttpd.
2014-10-22 23:46:04: (/scratch/jenkins/coresdk-nightly-build/build-CORTEX_2/arago-tmp-external-linaro-toolchain/work/cortexa9t2hf-vfp-neon-oe-linux-gnueabi/lighttpd/1.4.33-r1/lighttpd-1.4.33/src/log.c.166) server started 
Starting Matrix GUI application.
[   22.766055] random: nonblocking pool is initialized
***************************************************************
***************************************************************
NOTICE: This file system contains the followin GPLv3 packages:
	binutils
	elfutils
	gdbserver
	libdw1
	libelf1
If you do not wish to distribute GPLv3 components please remove
the above packages prior to distribution.  This can be done using
the opkg remove command.  i.e.:
    opkg remove <package>
Where <package> is the name printed in the list above
NOTE: If the package is a dependency of another package you
      will be notified of the dependent packages.  You should
      use the --force-removal-of-dependent-packages option to
      also remove the dependent packages as well
***************************************************************
***************************************************************
Stopping Bootlog daemon: bootlogd.
 _____                    _____           _         _   
|  _  |___ ___ ___ ___   |  _  |___ ___  |_|___ ___| |_ 
|     |  _| .'| . | . |  |   __|  _| . | | | -_|  _|  _|
|__|__|_| |__,|_  |___|  |__|  |_| |___|_| |___|___|_|  
              |___|                    |___|            
Arago Project http://arago-project.org am437x-evm /dev/ttyO0
Arago 2014.10 am437x-evm /dev/ttyO0
am437x-evm login: 
- 06:49:03 [INFO] Host: root
- 06:49:04 [INFO] Target: 
root
root@am437x-evm:~# 
- 06:49:04 [INFO] Host: uname -a
- 06:49:05 [INFO] Target: 
uname -a
Linux am437x-evm 3.19.0-rc4-next-20150112-00002-g9ecd88c60829 #1 SMP Mon Jan 12 05:47:26 CST 2015 armv7l GNU/Linux
root@am437x-evm:~# 
- 06:49:05 [INFO] Host: cat /proc/cmdline
- 06:49:05 [INFO] Target: 
cat /proc/cmdline
console=ttyO0,115200n8 earlyprintk rootwait  ip=dhcp  root=PARTUUID=00000000-02 rw rootfstype=ext4 rootwait 
root@am437x-evm:~# 
- 06:49:05 [INFO] Host: uname -a
- 06:49:06 [INFO] Target: 
uname -a
Linux am437x-evm 3.19.0-rc4-next-20150112-00002-g9ecd88c60829 #1 SMP Mon Jan 12 05:47:26 CST 2015 armv7l GNU/Linux
root@am437x-evm:~# 
- 06:49:06 [INFO] Host: cat /proc/mtd
- 06:49:06 [INFO] Target: 
cat /proc/mtd
dev:    size   erasesize  name
root@am437x-evm:~# 
- 06:49:13 [INFO] Host: export IPERFHOST=192.168.0.1
- 06:49:13 [INFO] Target: 
export IPERFHOST=192.168.0.1
root@am437x-evm:~# 
- 06:49:13 [INFO] Host: export NFS_SERVER=192.168.0.1
- 06:49:14 [INFO] Target: 
export NFS_SERVER=192.168.0.1
root@am437x-evm:~# 
- 06:49:14 [INFO] Host: export NFS_ROOT_PATH=/home/tigtfarm06/NFS_exports/linux/am43xx-gpevm
- 06:49:14 [INFO] Target: 
export NFS_ROOT_PATH=/home/tigtfarm06/NFS_exports/linux/am43x 
x-gpevm
root@am437x-evm:~# 
- 06:49:14 [INFO] Host: mkdir -p -m 777 /test
- 06:49:15 [INFO] Target: 
mkdir -p -m 777 /test
root@am437x-evm:~# 
- 06:49:15 [INFO] Host: cd /test
- 06:49:15 [INFO] Target: 
cd /test
root@am437x-evm:/test# 
- 06:49:15 [INFO] Host: cat > test.sh << EOF
- 06:49:16 [INFO] Target: 
cat > test.sh << EOF
- 06:49:16 [INFO] Host: failtest() {
- 06:49:16 [INFO] Target: 
failtest() {
- 06:49:16 [INFO] Host:   echo 1 >&3
- 06:49:17 [INFO] Target: 
  echo 1 >&3
- 06:49:17 [INFO] Host: }
- 06:49:17 [INFO] Target: 
- 06:49:17 [INFO] Host: timeout=600
- 06:49:18 [INFO] Target: 
timeout=600
- 06:49:18 [INFO] Host: 
- 06:49:18 [INFO] Target: 
- 06:49:18 [INFO] Host: # Start of user's script logic
- 06:49:19 [INFO] Target: 
# Start of user's script logic
- 06:49:19 [INFO] Host: 
- 06:49:19 [INFO] Target: 
- 06:49:19 [INFO] Host: 
- 06:49:20 [INFO] Target: 
- 06:49:20 [INFO] Host: mount -t proc proc /proc 2>/dev/null;
- 06:49:20 [INFO] Target: 
mount -t proc proc /proc 2>/dev/null;
- 06:49:20 [INFO] Host: 
- 06:49:21 [INFO] Target: 
- 06:49:21 [INFO] Host: mount -t sysfs sys /sys 2>/dev/null;
- 06:49:21 [INFO] Target: 
mount -t sysfs sys /sys 2>/dev/null;
- 06:49:21 [INFO] Host: 
- 06:49:22 [INFO] Target: 
- 06:49:22 [INFO] Host: mount -t debugfs none /sys/kernel/debug 2>/dev/null;
- 06:49:22 [INFO] Target: 
mount -t debugfs none /sys/kernel/debug 2>/dev/null;
- 06:49:22 [INFO] Host: 
- 06:49:23 [INFO] Target: 
- 06:49:23 [INFO] Host: echo 'cpuinfo:';cat /proc/cpuinfo; echo '=======';
- 06:49:23 [INFO] Target: 
echo 'cpuinfo:';cat /proc/cpuinfo; echo '=======';
- 06:49:23 [INFO] Host: 
- 06:49:24 [INFO] Target: 
- 06:49:24 [INFO] Host: echo 'soc info:';head /sys/devices/soc0/* 2>/dev/null; echo '=======';
- 06:49:24 [INFO] Target: 
echo 'soc info:';head /sys/devices/soc0/* 2>/dev/null; echo '=======';
- 06:49:24 [INFO] Host: 
- 06:49:25 [INFO] Target: 
- 06:49:25 [INFO] Host: echo 'DT Model info'; head /proc/device-tree/name /proc/device-tree/model /proc/device-tree/compatible 2>/dev/null;echo; echo '=======';
- 06:49:25 [INFO] Target: 
echo 'DT Model info'; head /proc/device-tree/name /proc/device-tree/model /pro 
c/device-tree/compatible 2>/dev/null;echo; echo '=======';
- 06:49:25 [INFO] Host: 
- 06:49:26 [INFO] Target: 
- 06:49:26 [INFO] Host: echo 'interrupts:';cat /proc/interrupts; echo '=======';
- 06:49:26 [INFO] Target: 
echo 'interrupts:';cat /proc/interrupts; echo '=======';
- 06:49:26 [INFO] Host: 
- 06:49:27 [INFO] Target: 
- 06:49:27 [INFO] Host: echo 'Clk_summary:';cat /sys/kernel/debug/clk/clk_summary; echo '=======';
- 06:49:27 [INFO] Target: 
echo 'Clk_summary:';cat /sys/kernel/debug/clk/clk_summary; echo '=======';
- 06:49:27 [INFO] Host: 
- 06:49:28 [INFO] Target: 
- 06:49:28 [INFO] Host: echo 'Orphan Clks:';ls /sys/kernel/debug/clk/orphans/; echo '=======';
- 06:49:28 [INFO] Target: 
echo 'Orphan Clks:';ls /sys/kernel/debug/clk/orphans/; echo '=======';
- 06:49:28 [INFO] Host: 
- 06:49:29 [INFO] Target: 
- 06:49:29 [INFO] Host: echo "Available frequencies"; cat /sys/devices/system/cpu/cpu0/cpufreq/scaling_available_frequencies 2>/dev/null;echo '=======';
- 06:49:29 [INFO] Target: 
echo "Available frequencies"; cat /sys/devices/system/cpu/cpu0/cpufreq/scaling 
_available_frequencies 2>/dev/null;echo '=======';
- 06:49:29 [INFO] Host: 
- 06:49:30 [INFO] Target: 
- 06:49:30 [INFO] Host: echo 'H''ello World' 'B''oard Booted';
- 06:49:30 [INFO] Target: 
echo 'H''ello World' 'B''oard Booted';
- 06:49:30 [INFO] Host: 
- 06:49:31 [INFO] Target: 
- 06:49:31 [INFO] Host: EOF
- 06:49:32 [INFO] Target: 
root@am437x-evm:/test# 
- 06:49:32 [INFO] Host: cd /test
- 06:49:32 [INFO] Target: 
cd /test
root@am437x-evm:/test# 
- 06:49:32 [INFO] Host: chmod +x test.sh
- 06:49:33 [INFO] Target: 
chmod +x test.sh
root@am437x-evm:/test# 
- 06:49:33 [INFO] Host: ./test.sh 2> stderr.log > stdout.log 3> result.log
- 06:49:33 [INFO] Target: 
./test.sh 2> stderr.log > stdout.log 3> result.log
root@am437x-evm:/test# 
- 06:49:33 [INFO] Host: echo $?
- 06:49:34 [INFO] Target: 
echo $?
root@am437x-evm:/test# 
- 06:49:34 [INFO] Host: cd /test
- 06:49:34 [INFO] Target: 
cd /test
root@am437x-evm:/test# 
- 06:49:34 [INFO] Host: cat stdout.log
- 06:49:35 [INFO] Target: 
cat stdout.log
cpuinfo:
processor	: 0
model name	: ARMv7 Processor rev 10 (v7l)
BogoMIPS	: 1993.93
Features	: half thumb fastmult vfp edsp thumbee neon vfpv3 tls vfpd32 
CPU implementer	: 0x41
CPU architecture: 7
CPU variant	: 0x2
CPU part	: 0xc09
CPU revision	: 10
Hardware	: Generic AM43 (Flattened Device Tree)
Revision	: 0000
Serial		: 0000000000000000
=======
soc info:
==> /sys/devices/soc0/family <==
AM43xx
==> /sys/devices/soc0/machine <==
AM437x
==> /sys/devices/soc0/power <==
==> /sys/devices/soc0/revision <==
ES1.1
==> /sys/devices/soc0/subsystem <==
==> /sys/devices/soc0/type <==
==> /sys/devices/soc0/uevent <==
=======
DT Model info
==> /proc/device-tree/name <==
==> /proc/device-tree/model <==
TI AM437x GP EVM
==> /proc/device-tree/compatible <==
ti,am437x-gp-evmti,am4372ti,am43
=======
interrupts:
           CPU0       
 16:       2056       GIC 100  gp_timer
 18:          1       GIC  41  l3-dbg-irq
 19:          1       GIC  42  l3-app-irq
 20:       2117       GIC  44  edma
 22:         16       GIC  46  edma_error
 23:       4561       GIC 104  OMAP UART0
 33:          0  44e07000.gpio   6  mmc0
158:         60       GIC 102  44e0b000.i2c
159:          0       GIC 103  4802a000.i2c
160:       6448       GIC  96  mmc0
161:          0       GIC  72  4a100000.ethernet
162:         88       GIC  73  4a100000.ethernet
163:         17       GIC  74  4a100000.ethernet
164:          0       GIC  75  4a100000.ethernet
170:          0       GIC 132  gpmc
180:          0       GIC  39  tps65218
IPI0:          0  CPU wakeup interrupts
IPI1:          0  Timer broadcast interrupts
IPI2:          0  Rescheduling interrupts
IPI3:          0  Function call interrupts
IPI4:          0  Single function call interrupts
IPI5:          0  CPU stop interrupts
IPI6:          0  IRQ work interrupts
IPI7:          0  completion interrupts
Err:          0
=======
Clk_summary:
   clock                         enable_cnt  prepare_cnt        rate   accuracy   phase
----------------------------------------------------------------------------------------
 clk_32k_mosc_ck                          0            0       32768          0 0  
 clk_32k_tpm_ck                           0            0       32768          0 0  
 tclkin_ck                                0            0    26000000          0 0  
 virt_26000000_ck                         0            0    26000000          0 0  
 virt_25000000_ck                         0            0    25000000          0 0  
 virt_24000000_ck                         1            1    24000000          0 0  
    sysboot_freq_sel_ck                   1            1    24000000          0 0  
       sys_clkin_ck                      20           38    24000000          0 0  
          vtp_clk_div                     0            0    12000000          0 0  
          dll_aging_clk_div               0            0     3000000          0 0  
          timer11_fck                     0            1    24000000          0 0  
          timer10_fck                     0            1    24000000          0 0  
          timer9_fck                      0            1    24000000          0 0  
          timer8_fck                      0            1    24000000          0 0  
          dpll_extdev_ck                  0            0    24000000          0 0  
             dpll_extdev_m2_ck            0            0    24000000          0 0  
          timer7_fck                      0            1    24000000          0 0  
          timer6_fck                      0            1    24000000          0 0  
          timer5_fck                      0            1    24000000          0 0  
          timer4_fck                      0            1    24000000          0 0  
          timer3_fck                      0            1    24000000          0 0  
          timer2_fck                      1            1    24000000          0 0  
          timer1_fck                      1            1    24000000          0 0  
          dpll_per_ck                     1            1   960000000          0 0  
             dpll_per_clkdcoldo           0            0   960000000          0 0  
                usb_otg_ss1_refclk960m           0            0   960000000          0 0  
                usb_otg_ss0_refclk960m           0            0   960000000          0 0  
             dpll_per_m2_ck               1            4   192000000          0 0  
                ehrpwm5_tbclk             0            0   192000000          0 0  
                ehrpwm4_tbclk             0            0   192000000          0 0  
                ehrpwm3_tbclk             0            0   192000000          0 0  
                ehrpwm2_tbclk             0            0   192000000          0 0  
                ehrpwm1_tbclk             0            0   192000000          0 0  
                ehrpwm0_tbclk             0            0   192000000          0 0  
                func_12m_clk              0            0    12000000          0 0  
                mmc_clk                   0            3    96000000          0 0  
                clk_24mhz                 0            1    24000000          0 0  
                   clkdiv32k_ck           0            1       32786          0 0  
                      clkdiv32k_ick           0            5       32786          0 0  
                         gpio5_dbclk           0            1       32786          0 0  
                         gpio4_dbclk           0            1       32786          0 0  
                         gpio3_dbclk           0            1       32786          0 0  
                         gpio2_dbclk           0            1       32786          0 0  
                         gpio1_dbclk           0            1       32786          0 0  
                dpll_per_m2_div4_ck           0           12    48000000          0 0  
                dpll_per_m2_div4_wkupdm_ck           1            2    48000000          0 0  
          dpll_disp_ck                    0            1    24000000          0 0  
             dpll_disp_m2_ck              0            1    24000000          0 0  
                disp_clk                  0            3    24000000          0 0  
          dpll_ddr_ck                     0            0   400000000          0 0  
             dpll_ddr_x2_ck               0            0   800000000          0 0  
                dpll_ddr_m4_ck            0            0   400000000          0 0  
             dpll_ddr_m2_ck               0            0   400000000          0 0  
          dpll_mpu_ck                     1            1  1000000000          0 0  
             dpll_mpu_m2_ck               3            3  1000000000          0 0  
          dpll_core_ck                    1            1  1000000000          0 0  
             dpll_core_x2_ck              2            2  2000000000          0 0  
                dpll_core_m6_ck           0            0   500000000          0 0  
                dpll_core_m5_ck           1            1   250000000          0 0  
                   cpsw_cpts_rft_clk           0            0   250000000          0 0  
                   cpsw_50m_clkdiv           0            0   250000000          0 0  
                      cpsw_5m_clkdiv           0            0    25000000          0 0  
                   cpsw_125mhz_gclk           3            3   125000000          0 0  
                dpll_core_m4_ck           6            6   200000000          0 0  
                   l4hs_gclk              1            1   200000000          0 0  
                   l3_gclk               13           14   200000000          0 0  
                   sysclk_div             1            3   200000000          0 0  
                      div_core_25m_ck           0            0    25000000          0 0  
                      gfx_fclk_clksel_ck           0            1   200000000          0 0  
                         gfx_fck_div_ck           0            1   200000000          0 0  
                      dpll_core_m4_div2_ck           3            3   100000000          0 0  
                         l4ls_gclk          62           88   100000000          0 0  
                         l3s_gclk          12           15   100000000          0 0  
                      pruss_ocp_gclk           0            1   200000000          0 0  
          aes0_fck                        1            2    24000000          0 0  
          sha0_fck                        1            1    24000000          0 0  
          smartreflex1_fck                0            1    24000000          0 0  
          smartreflex0_fck                0            1    24000000          0 0  
          mcasp1_fck                      0            1    24000000          0 0  
          mcasp0_fck                      0            1    24000000          0 0  
          dcan1_fck                       0            1    24000000          0 0  
          dcan0_fck                       0            1    24000000          0 0  
          adc_tsc_fck                     0            1    24000000          0 0  
 virt_19200000_ck                         0            0    19200000          0 0  
    crystal_freq_sel_ck                   0            0    19200000          0 0  
 clk_rc32k_ck                             0            2       32768          0 0  
    gpio0_dbclk_mux_ck                    0            1       32768          0 0  
       gpio0_dbclk                        0            1       32768          0 0  
    wdt1_fck                              0            1       32768          0 0  
 clk_32768_ck                             0            1       32768          0 0  
    mux_synctimer32k_ck                   0            1       32768          0 0  
       synctimer_32kclk                   0            1       32768          0 0  
    usbphy_32khz_clkmux                   0            0       32768          0 0  
       usb_phy1_always_on_clk32k           0            0       32768          0 0  
       usb_phy0_always_on_clk32k           0            0       32768          0 0  
=======
Orphan Clks:
=======
Available frequencies
=======
Hello World Board Booted
root@am437x-evm:/test# 
- 06:49:35 [INFO] Host: cat stderr.log
- 06:49:36 [INFO] Target: 
cat stderr.log
ls: /sys/kernel/debug/clk/orphans/: No such file or directory
root@am437x-evm:/test# 
- 06:49:36 [INFO] Host: cat result.log
- 06:49:38 [ERROR] On command: cat result.log waiting for cat result.log.+?(?m-ix:^1[\0\n\r]+) >>> error: execution expired
- 06:49:38 [INFO] Target: 
cat result.log
root@am437x-evm:/test# 
- 06:49:38 [INFO] Host: cd /test
- 06:49:38 [INFO] Target: 
cd /test
root@am437x-evm:/test# 
URL:gtsystest.telogy.design.ti.com/vatf/tigtfarm06/tigtfarm06_vatf@am43xx-gpevm/tigtfarm0601_12_2015_06_48_06/files/session_iteration_1/test_1
