- 14:42:13 [INFO] Starting target session
- 14:42:13 [INFO] Connected to am43xx-gpevm via serial 
- 14:42:13 [INFO] Host: #check prompt
- 14:42:15 [ERROR] On command: #check prompt waiting for (?-mix:((?-mix:login:)|[Pp]assword)) >>> error: execution expired
- 14:42:15 [INFO] Target: 
#check prompt
root@am437x-evm:/test# 
- 14:42:15 [INFO] Host: #check prompt
- 14:42:15 [INFO] Target: 
#check prompt
root@am437x-evm:/test# 
- 14:42:15 [INFO] Host: sync;poweroff
- 14:42:31 [INFO] Target: 
sync;poweroff


Broadcast message from root@am437x-evm (ttyO0) (Wed Jul 23 09:01:56 2014):



The system is going down for system halt NOW!


INIT: Switching to runlevel: 0

root@am437x-evm:/test# 
INIT: Sending processes the TERM signal


INIT: Sending procUIM SYSFS Node Not Found
Stopping Dropbear SSH server: stopped /usr/sbin/dropbear (pid 1771)
dropbear.
Stopping telnet daemon.
Stopping system message bus: dbus.
Stopping syslogd/klogd: stopped syslogd (pid 1808)
stopped klogd (pid 1811)
done
Stopping thttpd.
stopping statd: done
ALSA: Storing mixer settings...
Stopping rpcbind daemon...
done.
Stopping Lighttpd Web Server: stopped /usr/sbin/lighttpd (pid 1822)
lighttpd.
NOT deconfiguring network interfaces: / is an NFS mount
Stopping Matrix GUI application.
***************************************************************
***************************************************************
NOTICE: This file system contains the followin GPLv3 packages:
	binutils
	elfutils
	gdbserver
	libdw1
	libelf1
	m4

If you do not wish to distribute GPLv3 components please remove
the above packages prior to distribution.  This can be done using
the opkg remove command.  i.e.:
    opkg remove <package>
Where <package> is the name printed in the list above

NOTE: If the package is a dependency of another package you
      will be notified of the dependent packages.  You should
      use the --force-removal-of-dependent-packages option to
      also remove the dependent packages as well
***************************************************************
***************************************************************
Sending all processes the TERM signal...
Error VT_WAITACTIVE failed
: Interrupted system call
Sending all processes the KILL signal...
Unmounting remote filesystems...
Deactivating swap...
Unmounting local filesystems...
[12503.217378] reboot: System halted

- 14:42:31 [INFO] Disconnected serial from am43xx-gpevm
- 14:42:32 [INFO] Connected to am43xx-gpevm via serial 
- 14:42:32 [INFO] Host: 
- 14:42:32 [ERROR] On command:  waiting for (?-mix:U-Boot#) >>> error: execution expired
- 14:42:32 [INFO] Target: 

- 14:42:32 [INFO] Host: 
- 14:42:33 [ERROR] On command:  waiting for (?-mix:U-Boot#) >>> error: execution expired
- 14:42:33 [INFO] Target: 

U-Boot SPL 2013.10-00182-gaa25212 (Feb 06 2014 - 17:42:20)
SPL: Please implement spl_start_uboot() for your board
SPL: Direct Linux boot not active!
reading u-boot.img
reading u-boot.img


U-Boot 2013.10-00182-gaa25212 (Feb 06 2014 - 17:42:20)

I2C:   ready
DRAM:  1 GiB
NAND:  512 MiB
MMC:   OMAP SD/MMC: 0, OMAP SD/MMC: 1

- 14:42:33 [INFO] Host: 
- 14:42:33 [ERROR] On command:  waiting for (?-mix:U-Boot#) >>> error: execution expired
- 14:42:33 [INFO] Target: 

- 14:42:33 [INFO] Host: 
- 14:42:34 [INFO] Target: 
*** Warning - bad CRC, using default environment

Net:   <ethaddr> not set. Validating first E-fuse MAC
cpsw
Hit any key to stop autoboot:  3  0 
U-Boot# 
U-Boot# 
- 14:42:34 [INFO] Host: 
- 14:42:34 [INFO] Target: 

U-Boot# 
- 14:42:34 [INFO] Host: version
- 14:42:35 [INFO] Target: 
version

U-Boot 2013.10-00182-gaa25212 (Feb 06 2014 - 17:42:20)
arm-linux-gnueabihf-gcc (crosstool-NG linaro-1.13.1-4.7-2013.03-20130313 - Linaro GCC 2013.03) 4.7.3 20130226 (prerelease)
GNU ld (crosstool-NG linaro-1.13.1-4.7-2013.03-20130313 - Linaro GCC 2013.03) 2.23.1
U-Boot# 
- 14:42:35 [INFO] Host: setenv bootargs 'console=ttyO0,115200n8 earlyprintk rootwait '
- 14:42:35 [INFO] Target: 
setenv bootargs 'console=ttyO0,115200n8 earlyprintk rootwait '
U-Boot# 
- 14:42:35 [INFO] Host: setenv bootcmd  ''
- 14:42:36 [INFO] Target: 
setenv bootcmd  ''
U-Boot# 
- 14:42:36 [INFO] Host: setenv autoload 'no'
- 14:42:36 [INFO] Target: 
setenv autoload 'no'
U-Boot# 
- 14:42:36 [INFO] Host: setenv serverip '192.168.0.1'
- 14:42:37 [INFO] Target: 
setenv serverip '192.168.0.1'
U-Boot# 
- 14:42:37 [INFO] Host: printenv
- 14:42:37 [INFO] Target: 
printenv
arch=arm
autoload=no
baudrate=115200
board=am43xx
board_name=AM43__GP
board_rev=1.2A
boot_targets=usb mmc0 nand 
bootargs=console=ttyO0,115200n8 earlyprintk rootwait 
bootcmd=
bootcmd_mmc0=setenv devnum 0; setenv rootpart 2; run mmc_boot;
bootcmd_nand=run nandboot;
bootcmd_usb=setenv devnum 0; run usb_boot;
bootdelay=3
bootdir=/boot
bootenv=uEnv.txt
bootfile=zImage
bootpart=0:2
console=ttyO0,115200n8
cpu=armv7
eth1addr=34:b1:f7:31:5c:b5
ethact=cpsw
ethaddr=34:b1:f7:31:5c:b3
fdt_high=0xa0000000
fdtaddr=0x80F80000
fdtfile=undefined
findfdt=if test $board_name = AM43EPOS; then setenv fdtfile am43x-epos-evm.dtb; fi; if test $board_name = AM43__GP; then setenv fdtfile am437x-gp-evm.dtb; fi; if test $fdtfile = undefined; then echo WARNING: Could not determine device tree; fi; 
importbootenv=echo Importing environment from mmc ...; env import -t $loadaddr $filesize
loadaddr=0x80200000
loadbootenv=load mmc ${mmcdev} ${loadaddr} ${bootenv}
loadfdt=load mmc ${bootpart} ${fdtaddr} ${bootdir}/${fdtfile}
loadimage=load mmc ${bootpart} ${loadaddr} ${bootdir}/${bootfile}
loadramdisk=load mmc ${mmcdev} ${rdaddr} ramdisk.gz
mmc_boot=setenv devtype mmc; if mmc dev ${devnum}; then run mmcargs;run scan_boot; run mmcboot;setenv mmcdev 1; setenv bootpart 1:2; run mmcboot;fi
mmcargs=setenv bootargs console=${console} ${optargs} root=${mmcroot} rootfstype=${mmcrootfstype}
mmcboot=mmc dev ${mmcdev}; if mmc rescan; then echo SD/MMC found on device ${mmcdev};if run loadbootenv; then echo Loaded environment from ${bootenv};run importbootenv;fi;if test -n $uenvcmd; then echo Running uenvcmd ...;run uenvcmd;fi;if run loadimage; then run loadfdt; echo Booting from mmc${mmcdev} ...; run mmcargs; bootz ${loadaddr} - ${fdtaddr}; fi;fi;
mmcdev=0
mmcroot=/dev/mmcblk0p2 rw
mmcrootfstype=ext4 rootwait
mtdids=nand0=nand.0
mtdparts=mtdparts=nand.0:256k(NAND.SPL),256k(NAND.SPL.backup1),256k(NAND.SPL.backup2),256k(NAND.SPL.backup3),512k(NAND.u-boot-spl-os),1m(NAND.u-boot),256k(NAND.u-boot-env),256k(NAND.u-boot-env.backup1),7m(NAND.kernel),-(NAND.file-system)
nandargs=setenv bootargs console=${console} ${optargs} root=${nandroot} rootfstype=${nandrootfstype}
nandboot=echo Booting from nand ...; run nandargs; nand read ${fdtaddr} NAND.u-boot-spl-os; nand read ${loadaddr} NAND.kernel; bootz ${loadaddr} - ${fdtaddr}
nandroot=ubi0:rootfs rw ubi.mtd=NAND.file-system,4096
nandrootfstype=ubifs rootwait=1
netargs=setenv bootargs console=${console} ${optargs} root=/dev/nfs nfsroot=${serverip}:${rootpath},${nfsopts} rw ip=dhcp
netboot=echo Booting from network ...; setenv autoload no; dhcp; tftp ${loadaddr} ${bootfile}; tftp ${fdtaddr} ${fdtfile}; run netargs; bootz ${loadaddr} - ${fdtaddr}
nfsopts=nolock
partitions=uuid_disk=${uuid_gpt_disk};name=rootfs,start=2MiB,size=-,uuid=${uuid_gpt_rootfs}
ramargs=setenv bootargs console=${console} ${optargs} root=${ramroot} rootfstype=${ramrootfstype}
ramroot=/dev/ram0 rw ramdisk_size=65536 initrd=${rdaddr},64M
ramrootfstype=ext2
rdaddr=0x81000000
rootpart=2
rootpath=/export/rootfs
scan_boot=echo Scanning ${devtype} ${devnum}...; for prefix in ${bootdir}; do for script in ${bootfile}; do run script_boot; done; done;
script_boot=if load ${devtype} ${devnum}:${rootpart} ${loadaddr} ${bootdir}/${bootfile}; then run findfdt; load ${devtype} ${devnum}:${rootpart} ${fdtaddr} ${bootdir}/${fdtfile};fi;
serverip=192.168.0.1
soc=am33xx
static_ip=${ipaddr}:${serverip}:${gatewayip}:${netmask}:${hostname}::off
stderr=serial
stdin=serial
stdout=serial
usb_boot=setenv devtype usb; run usb_init; if usb dev 0; then run usbargs;run scan_boot; bootz ${loadaddr} - ${fdtaddr}; fi
usb_init=usb start 0;
usbargs=setenv bootargs console=${console} ${optargs} root=${usbroot} rootfstype=${usbrootfstype}
usbroot=/dev/sda2 rw
usbrootfstype=ext4 rootwait
vendor=ti
ver=U-Boot 2013.10-00182-gaa25212 (Feb 06 2014 - 17:42:20)

Environment size: 3991/131067 bytes
U-Boot# 
- 14:42:37 [INFO] Host: printenv
- 14:42:38 [INFO] Target: 
printenv
arch=arm
autoload=no
baudrate=115200
board=am43xx
board_name=AM43__GP
board_rev=1.2A
boot_targets=usb mmc0 nand 
bootargs=console=ttyO0,115200n8 earlyprintk rootwait 
bootcmd=
bootcmd_mmc0=setenv devnum 0; setenv rootpart 2; run mmc_boot;
bootcmd_nand=run nandboot;
bootcmd_usb=setenv devnum 0; run usb_boot;
bootdelay=3
bootdir=/boot
bootenv=uEnv.txt
bootfile=zImage
bootpart=0:2
console=ttyO0,115200n8
cpu=armv7
eth1addr=34:b1:f7:31:5c:b5
ethact=cpsw
ethaddr=34:b1:f7:31:5c:b3
fdt_high=0xa0000000
fdtaddr=0x80F80000
fdtfile=undefined
findfdt=if test $board_name = AM43EPOS; then setenv fdtfile am43x-epos-evm.dtb; fi; if test $board_name = AM43__GP; then setenv fdtfile am437x-gp-evm.dtb; fi; if test $fdtfile = undefined; then echo WARNING: Could not determine device tree; fi; 
importbootenv=echo Importing environment from mmc ...; env import -t $loadaddr $filesize
loadaddr=0x80200000
loadbootenv=load mmc ${mmcdev} ${loadaddr} ${bootenv}
loadfdt=load mmc ${bootpart} ${fdtaddr} ${bootdir}/${fdtfile}
loadimage=load mmc ${bootpart} ${loadaddr} ${bootdir}/${bootfile}
loadramdisk=load mmc ${mmcdev} ${rdaddr} ramdisk.gz
mmc_boot=setenv devtype mmc; if mmc dev ${devnum}; then run mmcargs;run scan_boot; run mmcboot;setenv mmcdev 1; setenv bootpart 1:2; run mmcboot;fi
mmcargs=setenv bootargs console=${console} ${optargs} root=${mmcroot} rootfstype=${mmcrootfstype}
mmcboot=mmc dev ${mmcdev}; if mmc rescan; then echo SD/MMC found on device ${mmcdev};if run loadbootenv; then echo Loaded environment from ${bootenv};run importbootenv;fi;if test -n $uenvcmd; then echo Running uenvcmd ...;run uenvcmd;fi;if run loadimage; then run loadfdt; echo Booting from mmc${mmcdev} ...; run mmcargs; bootz ${loadaddr} - ${fdtaddr}; fi;fi;
mmcdev=0
mmcroot=/dev/mmcblk0p2 rw
mmcrootfstype=ext4 rootwait
mtdids=nand0=nand.0
mtdparts=mtdparts=nand.0:256k(NAND.SPL),256k(NAND.SPL.backup1),256k(NAND.SPL.backup2),256k(NAND.SPL.backup3),512k(NAND.u-boot-spl-os),1m(NAND.u-boot),256k(NAND.u-boot-env),256k(NAND.u-boot-env.backup1),7m(NAND.kernel),-(NAND.file-system)
nandargs=setenv bootargs console=${console} ${optargs} root=${nandroot} rootfstype=${nandrootfstype}
nandboot=echo Booting from nand ...; run nandargs; nand read ${fdtaddr} NAND.u-boot-spl-os; nand read ${loadaddr} NAND.kernel; bootz ${loadaddr} - ${fdtaddr}
nandroot=ubi0:rootfs rw ubi.mtd=NAND.file-system,4096
nandrootfstype=ubifs rootwait=1
netargs=setenv bootargs console=${console} ${optargs} root=/dev/nfs nfsroot=${serverip}:${rootpath},${nfsopts} rw ip=dhcp
netboot=echo Booting from network ...; setenv autoload no; dhcp; tftp ${loadaddr} ${bootfile}; tftp ${fdtaddr} ${fdtfile}; run netargs; bootz ${loadaddr} - ${fdtaddr}
nfsopts=nolock
partitions=uuid_disk=${uuid_gpt_disk};name=rootfs,start=2MiB,size=-,uuid=${uuid_gpt_rootfs}
ramargs=setenv bootargs console=${console} ${optargs} root=${ramroot} rootfstype=${ramrootfstype}
ramroot=/dev/ram0 rw ramdisk_size=65536 initrd=${rdaddr},64M
ramrootfstype=ext2
rdaddr=0x81000000
rootpart=2
rootpath=/export/rootfs
scan_boot=echo Scanning ${devtype} ${devnum}...; for prefix in ${bootdir}; do for script in ${bootfile}; do run script_boot; done; done;
script_boot=if load ${devtype} ${devnum}:${rootpart} ${loadaddr} ${bootdir}/${bootfile}; then run findfdt; load ${devtype} ${devnum}:${rootpart} ${fdtaddr} ${bootdir}/${fdtfile};fi;
serverip=192.168.0.1
soc=am33xx
static_ip=${ipaddr}:${serverip}:${gatewayip}:${netmask}:${hostname}::off
stderr=serial
stdin=serial
stdout=serial
usb_boot=setenv devtype usb; run usb_init; if usb dev 0; then run usbargs;run scan_boot; bootz ${loadaddr} - ${fdtaddr}; fi
usb_init=usb start 0;
usbargs=setenv bootargs console=${console} ${optargs} root=${usbroot} rootfstype=${usbrootfstype}
usbroot=/dev/sda2 rw
usbrootfstype=ext4 rootwait
vendor=ti
ver=U-Boot 2013.10-00182-gaa25212 (Feb 06 2014 - 17:42:20)

Environment size: 3991/131067 bytes
U-Boot# 
- 14:42:38 [INFO] Host: setenv bootargs ''${bootargs}' ip=dhcp '
- 14:42:38 [INFO] Target: 
setenv bootargs ''${bootargs}' ip=dhcp '
U-Boot# 
- 14:42:38 [INFO] Host: setenv serverip '192.168.0.1'
- 14:42:39 [INFO] Target: 
setenv serverip '192.168.0.1'
U-Boot# 
- 14:42:39 [INFO] Host: setenv ipaddr dhcp
- 14:42:39 [INFO] Target: 
setenv ipaddr dhcp
U-Boot# 
- 14:42:39 [INFO] Host: setenv autoload 'no'
- 14:42:40 [INFO] Target: 
setenv autoload 'no'
U-Boot# 
- 14:42:40 [INFO] Host: dhcp
- 14:42:41 [INFO] Target: 
dhcp
link up on port 0, speed 1000, full duplex
BOOTP broadcast 1
DHCP client bound to address 192.168.0.205
U-Boot# 
- 14:42:41 [INFO] Host: setenv serverip '192.168.0.1'
- 14:42:42 [INFO] Target: 
setenv serverip '192.168.0.1'
U-Boot# 
- 14:42:42 [INFO] Host: tftp ${loadaddr} 192.168.0.1:vatf_am43xx-gpevm1/9b496cd489f146147eb6a866b6869616
- 14:42:43 [INFO] Target: 
tftp ${loadaddr} 192.168.0.1:vatf_am43xx-gpevm1/9b496cd489f146147eb6a866b6869616
link up on port 0, speed 1000, full duplex
Using cpsw device
TFTP from server 192.168.0.1; our IP address is 192.168.0.205
Filename 'vatf_am43xx-gpevm1/9b496cd489f146147eb6a866b6869616'.
Load address: 0x80200000
Loading: *#################################################################
	 #################################################################
	 #################################################################
	 #################################################################
	 ######################################
	 8.5 MiB/s
done
Bytes transferred = 4361784 (428e38 hex)
U-Boot# 
- 14:42:43 [INFO] Host: tftp ${fdtaddr} 192.168.0.1:vatf_am43xx-gpevm1/a5c767988e8ccaa5a96382f06a6a8362
- 14:42:43 [INFO] Target: 
tftp ${fdtaddr} 192.168.0.1:vatf_am43xx-gpevm1/a5c767988e8ccaa5a96382f06a6a8362
link up on port 0, speed 1000, full duplex
Using cpsw device
TFTP from server 192.168.0.1; our IP address is 192.168.0.205
Filename 'vatf_am43xx-gpevm1/a5c767988e8ccaa5a96382f06a6a8362'.
Load address: 0x80f80000
Loading: *###
	 6.9 MiB/s
done
Bytes transferred = 35935 (8c5f hex)
U-Boot# 
- 14:42:43 [INFO] Host: ls mmc 0:1
- 14:42:44 [INFO] Target: 
ls mmc 0:1
   112484   mlo 
     1164   readme 
   348508   u-boot.img 
       52   pointercal 
       13   .ipaddr 
  1953042   u-boot 
   348444   u-boot.bin 
   986723   u-boot-spl 
   111964   u-boot-spl.bin 
  5088416   uimage 
  5088352   zimage 
    45851   am437x-gp-evm.dtb 
    47787   am43x-epos-evm.dtb 

13 file(s), 0 dir(s)

U-Boot# 
- 14:42:44 [INFO] Host: ls mmc 0:2
- 14:42:44 [INFO] Target: 
ls mmc 0:2
<DIR>       4096 .
<DIR>       4096 ..
<DIR>       4096 bin
<DIR>       4096 boot
<DIR>       4096 dev
<DIR>       4096 etc
<DIR>       4096 home
<DIR>       4096 lib
<DIR>       4096 media
<DIR>       4096 mnt
<DIR>       4096 opt
<DIR>       4096 proc
<DIR>       4096 sbin
<DIR>       4096 srv
<DIR>       4096 sys
<SYM>          8 tmp
<DIR>       4096 usr
<DIR>       4096 var
<DIR>       4096 www
<SYM>          8 run
<DIR>       4096 Settings
<DIR>       4096 test
U-Boot# 
- 14:42:44 [INFO] Host: part uuid mmc 0:2
- 14:42:45 [INFO] Target: 
part uuid mmc 0:2
00000000-02
U-Boot# 
- 14:42:45 [INFO] Host: printenv
- 14:42:45 [INFO] Target: 
printenv
arch=arm
autoload=no
baudrate=115200
board=am43xx
board_name=AM43__GP
board_rev=1.2A
boot_targets=usb mmc0 nand 
bootargs=console=ttyO0,115200n8 earlyprintk rootwait ip=dhcp
bootcmd=
bootcmd_mmc0=setenv devnum 0; setenv rootpart 2; run mmc_boot;
bootcmd_nand=run nandboot;
bootcmd_usb=setenv devnum 0; run usb_boot;
bootdelay=3
bootdir=/boot
bootenv=uEnv.txt
bootfile=zImage
bootpart=0:2
console=ttyO0,115200n8
cpu=armv7
dnsip=192.0.2.2
dnsip2=192.0.2.3
eth1addr=34:b1:f7:31:5c:b5
ethact=cpsw
ethaddr=34:b1:f7:31:5c:b3
fdt_high=0xa0000000
fdtaddr=0x80F80000
fdtfile=undefined
fileaddr=80f80000
filesize=8c5f
findfdt=if test $board_name = AM43EPOS; then setenv fdtfile am43x-epos-evm.dtb; fi; if test $board_name = AM43__GP; then setenv fdtfile am437x-gp-evm.dtb; fi; if test $fdtfile = undefined; then echo WARNING: Could not determine device tree; fi; 
gatewayip=192.168.0.1
importbootenv=echo Importing environment from mmc ...; env import -t $loadaddr $filesize
ipaddr=192.168.0.205
loadaddr=0x80200000
loadbootenv=load mmc ${mmcdev} ${loadaddr} ${bootenv}
loadfdt=load mmc ${bootpart} ${fdtaddr} ${bootdir}/${fdtfile}
loadimage=load mmc ${bootpart} ${loadaddr} ${bootdir}/${bootfile}
loadramdisk=load mmc ${mmcdev} ${rdaddr} ramdisk.gz
mmc_boot=setenv devtype mmc; if mmc dev ${devnum}; then run mmcargs;run scan_boot; run mmcboot;setenv mmcdev 1; setenv bootpart 1:2; run mmcboot;fi
mmcargs=setenv bootargs console=${console} ${optargs} root=${mmcroot} rootfstype=${mmcrootfstype}
mmcboot=mmc dev ${mmcdev}; if mmc rescan; then echo SD/MMC found on device ${mmcdev};if run loadbootenv; then echo Loaded environment from ${bootenv};run importbootenv;fi;if test -n $uenvcmd; then echo Running uenvcmd ...;run uenvcmd;fi;if run loadimage; then run loadfdt; echo Booting from mmc${mmcdev} ...; run mmcargs; bootz ${loadaddr} - ${fdtaddr}; fi;fi;
mmcdev=0
mmcroot=/dev/mmcblk0p2 rw
mmcrootfstype=ext4 rootwait
mtdids=nand0=nand.0
mtdparts=mtdparts=nand.0:256k(NAND.SPL),256k(NAND.SPL.backup1),256k(NAND.SPL.backup2),256k(NAND.SPL.backup3),512k(NAND.u-boot-spl-os),1m(NAND.u-boot),256k(NAND.u-boot-env),256k(NAND.u-boot-env.backup1),7m(NAND.kernel),-(NAND.file-system)
nandargs=setenv bootargs console=${console} ${optargs} root=${nandroot} rootfstype=${nandrootfstype}
nandboot=echo Booting from nand ...; run nandargs; nand read ${fdtaddr} NAND.u-boot-spl-os; nand read ${loadaddr} NAND.kernel; bootz ${loadaddr} - ${fdtaddr}
nandroot=ubi0:rootfs rw ubi.mtd=NAND.file-system,4096
nandrootfstype=ubifs rootwait=1
netargs=setenv bootargs console=${console} ${optargs} root=/dev/nfs nfsroot=${serverip}:${rootpath},${nfsopts} rw ip=dhcp
netboot=echo Booting from network ...; setenv autoload no; dhcp; tftp ${loadaddr} ${bootfile}; tftp ${fdtaddr} ${fdtfile}; run netargs; bootz ${loadaddr} - ${fdtaddr}
netmask=255.255.255.0
nfsopts=nolock
partitions=uuid_disk=${uuid_gpt_disk};name=rootfs,start=2MiB,size=-,uuid=${uuid_gpt_rootfs}
ramargs=setenv bootargs console=${console} ${optargs} root=${ramroot} rootfstype=${ramrootfstype}
ramroot=/dev/ram0 rw ramdisk_size=65536 initrd=${rdaddr},64M
ramrootfstype=ext2
rdaddr=0x81000000
rootpart=2
rootpath=/export/rootfs
scan_boot=echo Scanning ${devtype} ${devnum}...; for prefix in ${bootdir}; do for script in ${bootfile}; do run script_boot; done; done;
script_boot=if load ${devtype} ${devnum}:${rootpart} ${loadaddr} ${bootdir}/${bootfile}; then run findfdt; load ${devtype} ${devnum}:${rootpart} ${fdtaddr} ${bootdir}/${fdtfile};fi;
serverip=192.168.0.1
soc=am33xx
static_ip=${ipaddr}:${serverip}:${gatewayip}:${netmask}:${hostname}::off
stderr=serial
stdin=serial
stdout=serial
usb_boot=setenv devtype usb; run usb_init; if usb dev 0; then run usbargs;run scan_boot; bootz ${loadaddr} - ${fdtaddr}; fi
usb_init=usb start 0;
usbargs=setenv bootargs console=${console} ${optargs} root=${usbroot} rootfstype=${usbrootfstype}
usbroot=/dev/sda2 rw
usbrootfstype=ext4 rootwait
vendor=ti
ver=U-Boot 2013.10-00182-gaa25212 (Feb 06 2014 - 17:42:20)

Environment size: 4142/131067 bytes
U-Boot# 
- 14:42:45 [INFO] Host: setenv bootargs ''${bootargs}' root=PARTUUID=00000000-02 rw rootfstype=ext4 rootwait '
- 14:42:46 [INFO] Target: 
setenv bootargs ''${bootargs}' root=PARTUUID=00000000-02 rw rootfstype=ext4 rootwait '
U-Boot# 
- 14:42:46 [INFO] Host: printenv
- 14:42:46 [INFO] Target: 
printenv
arch=arm
autoload=no
baudrate=115200
board=am43xx
board_name=AM43__GP
board_rev=1.2A
boot_targets=usb mmc0 nand 
bootargs=console=ttyO0,115200n8 earlyprintk rootwait ip=dhcp root=PARTUUID=00000000-02 rw rootfstype=ext4 rootwait
bootcmd=
bootcmd_mmc0=setenv devnum 0; setenv rootpart 2; run mmc_boot;
bootcmd_nand=run nandboot;
bootcmd_usb=setenv devnum 0; run usb_boot;
bootdelay=3
bootdir=/boot
bootenv=uEnv.txt
bootfile=zImage
bootpart=0:2
console=ttyO0,115200n8
cpu=armv7
dnsip=192.0.2.2
dnsip2=192.0.2.3
eth1addr=34:b1:f7:31:5c:b5
ethact=cpsw
ethaddr=34:b1:f7:31:5c:b3
fdt_high=0xa0000000
fdtaddr=0x80F80000
fdtfile=undefined
fileaddr=80f80000
filesize=8c5f
findfdt=if test $board_name = AM43EPOS; then setenv fdtfile am43x-epos-evm.dtb; fi; if test $board_name = AM43__GP; then setenv fdtfile am437x-gp-evm.dtb; fi; if test $fdtfile = undefined; then echo WARNING: Could not determine device tree; fi; 
gatewayip=192.168.0.1
importbootenv=echo Importing environment from mmc ...; env import -t $loadaddr $filesize
ipaddr=192.168.0.205
loadaddr=0x80200000
loadbootenv=load mmc ${mmcdev} ${loadaddr} ${bootenv}
loadfdt=load mmc ${bootpart} ${fdtaddr} ${bootdir}/${fdtfile}
loadimage=load mmc ${bootpart} ${loadaddr} ${bootdir}/${bootfile}
loadramdisk=load mmc ${mmcdev} ${rdaddr} ramdisk.gz
mmc_boot=setenv devtype mmc; if mmc dev ${devnum}; then run mmcargs;run scan_boot; run mmcboot;setenv mmcdev 1; setenv bootpart 1:2; run mmcboot;fi
mmcargs=setenv bootargs console=${console} ${optargs} root=${mmcroot} rootfstype=${mmcrootfstype}
mmcboot=mmc dev ${mmcdev}; if mmc rescan; then echo SD/MMC found on device ${mmcdev};if run loadbootenv; then echo Loaded environment from ${bootenv};run importbootenv;fi;if test -n $uenvcmd; then echo Running uenvcmd ...;run uenvcmd;fi;if run loadimage; then run loadfdt; echo Booting from mmc${mmcdev} ...; run mmcargs; bootz ${loadaddr} - ${fdtaddr}; fi;fi;
mmcdev=0
mmcroot=/dev/mmcblk0p2 rw
mmcrootfstype=ext4 rootwait
mtdids=nand0=nand.0
mtdparts=mtdparts=nand.0:256k(NAND.SPL),256k(NAND.SPL.backup1),256k(NAND.SPL.backup2),256k(NAND.SPL.backup3),512k(NAND.u-boot-spl-os),1m(NAND.u-boot),256k(NAND.u-boot-env),256k(NAND.u-boot-env.backup1),7m(NAND.kernel),-(NAND.file-system)
nandargs=setenv bootargs console=${console} ${optargs} root=${nandroot} rootfstype=${nandrootfstype}
nandboot=echo Booting from nand ...; run nandargs; nand read ${fdtaddr} NAND.u-boot-spl-os; nand read ${loadaddr} NAND.kernel; bootz ${loadaddr} - ${fdtaddr}
nandroot=ubi0:rootfs rw ubi.mtd=NAND.file-system,4096
nandrootfstype=ubifs rootwait=1
netargs=setenv bootargs console=${console} ${optargs} root=/dev/nfs nfsroot=${serverip}:${rootpath},${nfsopts} rw ip=dhcp
netboot=echo Booting from network ...; setenv autoload no; dhcp; tftp ${loadaddr} ${bootfile}; tftp ${fdtaddr} ${fdtfile}; run netargs; bootz ${loadaddr} - ${fdtaddr}
netmask=255.255.255.0
nfsopts=nolock
partitions=uuid_disk=${uuid_gpt_disk};name=rootfs,start=2MiB,size=-,uuid=${uuid_gpt_rootfs}
ramargs=setenv bootargs console=${console} ${optargs} root=${ramroot} rootfstype=${ramrootfstype}
ramroot=/dev/ram0 rw ramdisk_size=65536 initrd=${rdaddr},64M
ramrootfstype=ext2
rdaddr=0x81000000
rootpart=2
rootpath=/export/rootfs
scan_boot=echo Scanning ${devtype} ${devnum}...; for prefix in ${bootdir}; do for script in ${bootfile}; do run script_boot; done; done;
script_boot=if load ${devtype} ${devnum}:${rootpart} ${loadaddr} ${bootdir}/${bootfile}; then run findfdt; load ${devtype} ${devnum}:${rootpart} ${fdtaddr} ${bootdir}/${fdtfile};fi;
serverip=192.168.0.1
soc=am33xx
static_ip=${ipaddr}:${serverip}:${gatewayip}:${netmask}:${hostname}::off
stderr=serial
stdin=serial
stdout=serial
usb_boot=setenv devtype usb; run usb_init; if usb dev 0; then run usbargs;run scan_boot; bootz ${loadaddr} - ${fdtaddr}; fi
usb_init=usb start 0;
usbargs=setenv bootargs console=${console} ${optargs} root=${usbroot} rootfstype=${usbrootfstype}
usbroot=/dev/sda2 rw
usbrootfstype=ext4 rootwait
vendor=ti
ver=U-Boot 2013.10-00182-gaa25212 (Feb 06 2014 - 17:42:20)

Environment size: 4196/131067 bytes
U-Boot# 
- 14:42:46 [INFO] Host: setenv bootcmd ''${bootcmd}' if iminfo ${loadaddr}; then bootm ${loadaddr} - ${fdtaddr}; else bootz ${loadaddr} - ${fdtaddr}; bootm ${loadaddr} - ${fdtaddr}; fi'
- 14:42:47 [INFO] Target: 
setenv bootcmd ''${bootcmd}' if iminfo ${loadaddr}; then bootm ${loadaddr} - ${fdtaddr}; else bootz ${loadaddr} - ${fdtaddr}; bootm ${loadaddr} - ${fdtaddr}; fi'
U-Boot# 
- 14:42:47 [INFO] Host: bdinfo
- 14:42:47 [INFO] Target: 
bdinfo
arch_number = 0x60300030
boot_params = 0x80000100
DRAM bank   = 0x00000000
-> start    = 0x80000000
-> size     = 0x40000000
eth0name    = cpsw
ethaddr     = 34:b1:f7:31:5c:b3
current eth = cpsw
ip_addr     = 192.168.0.205
baudrate    = 115200 bps
TLB addr    = 0xBFFF0000
relocaddr   = 0xBFF41000
reloc off   = 0x3F741000
irq_sp      = 0xBFE20F38
sp start    = 0xBFE20F28
U-Boot# 
- 14:42:47 [INFO] Host: boot
- 14:45:17 [ERROR] On command: boot waiting for (?-mix:login:) >>> error: execution expired
- 14:45:17 [INFO] Target: 
boot

## Checking Image at 80200000 ...
Unknown image format!
Kernel image @ 0x80200000 [ 0x000000 - 0x428e38 ]
## Flattened Device Tree blob at 80f80000
   Booting using the fdt blob at 0x80f80000
   Loading Device Tree to 9fff4000, end 9ffffc5e ... OK

Starting kernel ...

[    0.000000] Booting Linux on physical CPU 0x0
[    0.000000] Linux version 3.16.0-rc6-next-20140723-00002-g93bd822 (nmenon@kahuna) (gcc version 4.6.3 (Ubuntu/Linaro 4.6.3-1ubuntu5) ) #1 SMP Wed Jul 23 05:39:51 CDT 2014
[    0.000000] CPU: ARMv7 Processor [412fc09a] revision 10 (ARMv7), cr=10c5387d
[    0.000000] CPU: PIPT / VIPT nonaliasing data cache, VIPT aliasing instruction cache
[    0.000000] Machine model: TI AM437x GP EVM
[    0.000000] cma: Reserved 16 MiB at ae800000
[    0.000000] Memory policy: Data cache writeback
[    0.000000] CPU: All CPU(s) started in SVC mode.
[    0.000000] AM437x ES1.1 (sgx neon )
[    0.000000] L2C: platform modifies aux control register: 0x0e030000 -> 0x3e430000
[    0.000000] L2C: DT/platform modifies aux control register: 0x0e030000 -> 0x3e430000
[    0.000000] L2C-310 enabling early BRESP for Cortex-A9
[    0.000000] L2C-310 ID prefetch enabled, offset 1 lines
[    0.000000] ------------[ cut here ]------------
[    0.000000] WARNING: CPU: 0 PID: 0 at arch/arm/mach-omap2/omap4-common.c:172 omap4_l2c310_write_sec+0x5c/0x98()
[    0.000000] OMAP L2C310: ignoring write to reg 0xf80
[    0.000000] Modules linked in:
[    0.000000] CPU: 0 PID: 0 Comm: swapper Not tainted 3.16.0-rc6-next-20140723-00002-g93bd822 #1
[    0.000000] [<c0014d10>] (unwind_backtrace) from [<c0011978>] (show_stack+0x10/0x14)
[    0.000000] [<c0011978>] (show_stack) from [<c0558810>] (dump_stack+0x78/0x94)
[    0.000000] [<c0558810>] (dump_stack) from [<c0040780>] (warn_slowpath_common+0x6c/0x8c)
[    0.000000] [<c0040780>] (warn_slowpath_common) from [<c0040834>] (warn_slowpath_fmt+0x30/0x40)
[    0.000000] [<c0040834>] (warn_slowpath_fmt) from [<c002a4a4>] (omap4_l2c310_write_sec+0x5c/0x98)
[    0.000000] [<c002a4a4>] (omap4_l2c310_write_sec) from [<c07c02a0>] (l2c310_enable+0x150/0x200)
[    0.000000] [<c07c02a0>] (l2c310_enable) from [<c07bfe74>] (__l2c_init+0x168/0x1f0)
[    0.000000] [<c07bfe74>] (__l2c_init) from [<c07c0580>] (l2x0_of_init+0x16c/0x1a4)
[    0.000000] [<c07c0580>] (l2x0_of_init) from [<c07c6870>] (omap_l2_cache_init+0x60/0x98)
[    0.000000] [<c07c6870>] (omap_l2_cache_init) from [<c07c17cc>] (am43xx_init_early+0x58/0x80)
[    0.000000] [<c07c17cc>] (am43xx_init_early) from [<c07bc334>] (setup_arch+0x8d0/0x9ac)
[    0.000000] [<c07bc334>] (setup_arch) from [<c07b8884>] (start_kernel+0x7c/0x3a8)
[    0.000000] [<c07b8884>] (start_kernel) from [<80008074>] (0x80008074)
[    0.000000] ---[ end trace cb88537fdc8fa200 ]---
[    0.000000] L2C-310 dynamic clock gating disabled, standby mode disabled
[    0.000000] L2C-310 cache controller enabled, 16 ways, 256 kB
[    0.000000] L2C-310: CACHE_ID 0x410000c9, AUX_CTRL 0x7e430000
[    0.000000] PERCPU: Embedded 9 pages/cpu @edfb6000 s14336 r8192 d14336 u36864
[    0.000000] Built 1 zonelists in Zone order, mobility grouping on.  Total pages: 260624
[    0.000000] Kernel command line: console=ttyO0,115200n8 earlyprintk rootwait ip=dhcp root=PARTUUID=00000000-02 rw rootfstype=ext4 rootwait
[    0.000000] PID hash table entries: 4096 (order: 2, 16384 bytes)
[    0.000000] Dentry cache hash table entries: 131072 (order: 7, 524288 bytes)
[    0.000000] Inode-cache hash table entries: 65536 (order: 6, 262144 bytes)
[    0.000000] Memory: 1005732K/1048576K available (5674K kernel code, 650K rwdata, 2196K rodata, 406K init, 8210K bss, 42844K reserved, 270336K highmem)
[    0.000000] Virtual kernel memory layout:
[    0.000000]     vector  : 0xffff0000 - 0xffff1000   (   4 kB)
[    0.000000]     fixmap  : 0xffc00000 - 0xffe00000   (2048 kB)
[    0.000000]     vmalloc : 0xf0000000 - 0xff000000   ( 240 MB)
[    0.000000]     lowmem  : 0xc0000000 - 0xef800000   ( 760 MB)
[    0.000000]     pkmap   : 0xbfe00000 - 0xc0000000   (   2 MB)
[    0.000000]     modules : 0xbf000000 - 0xbfe00000   (  14 MB)
[    0.000000]       .text : 0xc0008000 - 0xc07b7c10   (7872 kB)
[    0.000000]       .init : 0xc07b8000 - 0xc081d800   ( 406 kB)
[    0.000000]       .data : 0xc081e000 - 0xc08c08f0   ( 651 kB)
[    0.000000]        .bss : 0xc08c08f0 - 0xc10c53d8   (8211 kB)
[    0.000000] Hierarchical RCU implementation.
[    0.000000] 	RCU restricting CPUs from NR_CPUS=2 to nr_cpu_ids=1.
[    0.000000] RCU: Adjusting geometry for rcu_fanout_leaf=16, nr_cpu_ids=1
[    0.000000] NR_IRQS:16 nr_irqs:16 16
[    0.000000] GIC CPU mask not found - kernel will fail to boot.
[    0.000000] GIC CPU mask not found - kernel will fail to boot.
[    0.000000] OMAP clockevent source: timer2 at 24000000 Hz
[    0.000014] sched_clock: 32 bits at 24MHz, resolution 41ns, wraps every 178956969942ns
[    0.000076] OMAP clocksource: timer1 at 24000000 Hz
[    0.000966] Console: colour dummy device 80x30
[    0.001030] Lock dependency validator: Copyright (c) 2006 Red Hat, Inc., Ingo Molnar
[    0.001042] ... MAX_LOCKDEP_SUBCLASSES:  8
[    0.001051] ... MAX_LOCK_DEPTH:          48
[    0.001060] ... MAX_LOCKDEP_KEYS:        8191
[    0.001069] ... CLASSHASH_SIZE:          4096
[    0.001077] ... MAX_LOCKDEP_ENTRIES:     32768
[    0.001086] ... MAX_LOCKDEP_CHAINS:      65536
[    0.001094] ... CHAINHASH_SIZE:          32768
[    0.001104]  memory used by lock dependency info: 5167 kB
[    0.001113]  per task-struct memory footprint: 1152 bytes
[    0.001169] Calibrating delay loop... 1196.85 BogoMIPS (lpj=5984256)
[    0.158921] pid_max: default: 32768 minimum: 301
[    0.159368] Security Framework initialized
[    0.159516] Mount-cache hash table entries: 2048 (order: 1, 8192 bytes)
[    0.159536] Mountpoint-cache hash table entries: 2048 (order: 1, 8192 bytes)
[    0.162294] CPU: Testing write buffer coherency: ok
[    0.163671] CPU0: thread -1, cpu 0, socket 0, mpidr 80000000
[    0.163796] Setting up static identity map for 0x80560b68 - 0x80560bd8
[    0.167820] Brought up 1 CPUs
[    0.167841] SMP: Total of 1 processors activated.
[    0.167853] CPU: All CPU(s) started in SVC mode.
[    0.171483] devtmpfs: initialized
[    0.188932] VFP support v0.3: implementor 41 architecture 3 part 30 variant 9 rev 4
[    0.242685] omap_hwmod: tptc0 using broken dt data from edma
[    0.243153] omap_hwmod: tptc1 using broken dt data from edma
[    0.243601] omap_hwmod: tptc2 using broken dt data from edma
[    0.312410] pinctrl core: initialized pinctrl subsystem
[    0.315522] regulator-dummy: no parameters
[    0.349707] NET: Registered protocol family 16
[    0.356477] DMA: preallocated 256 KiB pool for atomic coherent allocations
[    0.359324] cpuidle: using governor ladder
[    0.359360] cpuidle: using governor menu
[    0.383658] platform 49000000.edma: alias fck already exists
[    0.383700] platform 49000000.edma: alias fck already exists
[    0.383726] platform 49000000.edma: alias fck already exists
[    0.389024] OMAP GPIO hardware version 0.1
[    0.400640] platform 53701000.des: Cannot lookup hwmod 'des'
[    0.402167] omap-gpmc 50000000.gpmc: could not find pctldev for node /pinmux@44e10800/nand_flash_x8, deferring probe
[    0.402211] platform 50000000.gpmc: Driver omap-gpmc requests probe deferral
[    0.405451] platform 4832a000.dss: Cannot lookup hwmod 'dss_core'
[    0.408336] platform 4832a400.dispc: Cannot lookup hwmod 'dss_dispc'
[    0.408809] platform 4832a800.rfbi: Cannot lookup hwmod 'dss_rfbi'
[    0.409575] No ATAGs?
[    0.409667] hw-breakpoint: found 5 (+1 reserved) breakpoint and 1 watchpoint registers.
[    0.409683] hw-breakpoint: maximum watchpoint size is 4 bytes.
[    0.461868] edma-dma-engine edma-dma-engine.0: TI EDMA DMA engine driver
[    0.463392] vmmcsd_fixed: 3300 mV 
[    0.464646] vtt_fixed: 1500 mV 
[    0.468722] SCSI subsystem initialized
[    0.469772] usbcore: registered new interface driver usbfs
[    0.469976] usbcore: registered new interface driver hub
[    0.475375] usbcore: registered new device driver usb
[    0.476377] omap_i2c 44e0b000.i2c: could not find pctldev for node /pinmux@44e10800/i2c0_pins, deferring probe
[    0.476424] platform 44e0b000.i2c: Driver omap_i2c requests probe deferral
[    0.476495] omap_i2c 4802a000.i2c: could not find pctldev for node /pinmux@44e10800/i2c1_pins, deferring probe
[    0.476525] platform 4802a000.i2c: Driver omap_i2c requests probe deferral
[    0.481651] Switched to clocksource timer1
[    0.666513] NET: Registered protocol family 2
[    0.668697] TCP established hash table entries: 8192 (order: 3, 32768 bytes)
[    0.668997] TCP bind hash table entries: 8192 (order: 6, 294912 bytes)
[    0.672153] TCP: Hash tables configured (established 8192 bind 8192)
[    0.672543] TCP: reno registered
[    0.672588] UDP hash table entries: 512 (order: 3, 40960 bytes)
[    0.672997] UDP-Lite hash table entries: 512 (order: 3, 40960 bytes)
[    0.674676] NET: Registered protocol family 1
[    0.676960] RPC: Registered named UNIX socket transport module.
[    0.676984] RPC: Registered udp transport module.
[    0.676997] RPC: Registered tcp transport module.
[    0.677009] RPC: Registered tcp NFSv4.1 backchannel transport module.
[    0.682365] futex hash table entries: 256 (order: 2, 16384 bytes)
[    0.688317] VFS: Disk quotas dquot_6.5.2
[    0.688467] Dquot-cache hash table entries: 1024 (order 0, 4096 bytes)
[    0.691578] NFS: Registering the id_resolver key type
[    0.692061] Key type id_resolver registered
[    0.692080] Key type id_legacy registered
[    0.692287] jffs2: version 2.2. (NAND) (SUMMARY)   2001-2006 Red Hat, Inc.
[    0.692976] msgmni has been set to 1468
[    0.700320] bounce: pool size: 64 pages
[    0.700525] io scheduler noop registered
[    0.700563] io scheduler deadline registered
[    0.700646] io scheduler cfq registered (default)
[    0.706674] pinctrl-single 44e10800.pinmux: 199 pins at pa f9e10800 size 796
[    0.710237] Serial: 8250/16550 driver, 4 ports, IRQ sharing enabled
[    0.717689] omap_uart 44e09000.serial: no wakeirq for uart0
[    0.717753] omap_uart 44e09000.serial: No clock speed specified: using default: 48000000
[    0.718414] 44e09000.serial: ttyO0 at MMIO 0x44e09000 (irq = 104, base_baud = 3000000) is a OMAP UART0
[    1.661691] console [ttyO0] enabled
[    1.698290] brd: module loaded
[    1.721726] loop: module loaded
[    1.728416] mtdoops: mtd device (mtddev=name/number) must be supplied
[    1.738821] usbcore: registered new interface driver asix
[    1.744826] usbcore: registered new interface driver ax88179_178a
[    1.751487] usbcore: registered new interface driver cdc_ether
[    1.757869] usbcore: registered new interface driver smsc95xx
[    1.764147] usbcore: registered new interface driver net1080
[    1.770303] usbcore: registered new interface driver cdc_subset
[    1.776774] usbcore: registered new interface driver zaurus
[    1.782984] usbcore: registered new interface driver cdc_ncm
[    1.790826] usbcore: registered new interface driver cdc_wdm
[    1.797284] usbcore: registered new interface driver usb-storage
[    1.803982] usbcore: registered new interface driver usbtest
[    1.814214] mousedev: PS/2 mouse device common for all mice
[    1.824762] i2c /dev entries driver
[    1.828590] Driver for 1-wire Dallas network protocol.
[    1.838236] omap_wdt: OMAP Watchdog Timer Rev 0x01: initial timeout 60 sec
[    1.892903] ledtrig-cpu: registered to indicate activity on CPUs
[    1.899879] usbcore: registered new interface driver usbhid
[    1.905936] usbhid: USB HID core driver
[    1.911622] oprofile: no performance counters
[    1.917921] oprofile: using timer interrupt.
[    1.923513] TCP: cubic registered
[    1.927038] Initializing XFRM netlink socket
[    1.931889] NET: Registered protocol family 17
[    1.936690] NET: Registered protocol family 15
[    1.941958] Key type dns_resolver registered
[    1.946737] omap_voltage_late_init: Voltage driver support not added
[    1.953615] sr_dev_init: No voltage domain specified for smartreflex0. Cannot initialize
[    1.962270] sr_dev_init: No voltage domain specified for smartreflex1. Cannot initialize
[    1.972243] ThumbEE CPU extension supported.
[    1.976825] Registering SWP/SWPB emulation handler
[    1.982054] SmartReflex Class3 initialized
[    1.998474] omap-gpmc 50000000.gpmc: GPMC revision 6.0
[    2.005988] nand: device found, Manufacturer ID: 0x2c, Chip ID: 0xdc
[    2.012855] nand: Micron MT29F4G08ABAEAWP
[    2.017108] nand: 512MiB, SLC, page size: 4096, OOB size: 224
[    2.023235] nand: error: CONFIG_MTD_NAND_OMAP_BCH not enabled
[    2.029417] omap2-nand: probe of omap2-nand.0 failed with error -22
[    2.124856] mmc0: host does not support reading read-only switch. assuming write-enable.
[    2.139292] mmc0: new high speed SDHC card at address aaaa
[    2.149141] mmcblk0: mmc0:aaaa SU08G 7.40 GiB 
[    2.162714]  mmcblk0: p1 p2 p3
[    2.187147] vdd_core: 920 <--> 1140 mV at 1100 mV 
[    2.195980] vdd_mpu: 920 <--> 1375 mV at 1100 mV 
[    2.205463] vdcdc3: 1350 mV 
[    2.210336] v1_0bat: 1000 mV 
[    2.215433] v1_8bat: 1800 mV 
[    2.223406] LDO1: 1800 mV 
[    2.226849] omap_i2c 44e0b000.i2c: bus 0 rev0.12 at 400 kHz
[    2.237879] omap_i2c 4802a000.i2c: bus 1 rev0.12 at 100 kHz
[    2.311505] davinci_mdio 4a101000.mdio: davinci mdio revision 1.6
[    2.317975] davinci_mdio 4a101000.mdio: detected phy mask fffffffe
[    2.326769] libphy: 4a101000.mdio: probed
[    2.331039] davinci_mdio 4a101000.mdio: phy[0]: device 4a101000.mdio:00, driver unknown
[    2.340856] cpsw 4a100000.ethernet: Detected MACID = 34:b1:f7:31:5c:b3
[    2.351258] drivers/rtc/hctosys.c: unable to open rtc device (rtc0)
[    2.358026] sr_init: No PMIC hook to init smartreflex
[    2.363704] sr_init: platform driver register failed for SR
[    2.394323] net eth0: initializing cpsw version 1.15 (0)
[    2.482228] net eth0: phy found : id is : 0x221622
[    5.482430] cpsw 4a100000.ethernet eth0: Link is Up - 1Gbps/Full - flow control rx/tx
[    5.501457] Sending DHCP requests ., OK
[    5.712127] IP-Config: Got DHCP answer from 192.168.0.1, my address is 192.168.0.205
[    5.720680] IP-Config: Complete:
[    5.724207]      device=eth0, hwaddr=34:b1:f7:31:5c:b3, ipaddr=192.168.0.205, mask=255.255.255.0, gw=192.168.0.1
[    5.735030]      host=192.168.0.205, domain=ti.com, nis-domain=(none)
[    5.741889]      bootserver=192.168.0.1, rootserver=192.168.0.1, rootpath=
[    5.748984]      nameserver0=192.0.2.2, nameserver1=192.0.2.3
[    5.755592] v1_8bat: disabling
[    5.760194] v1_0
