- 03:32:23 [INFO] Starting target session
- 03:32:23 [INFO] Connected to am43xx-gpevm via serial 
- 03:32:23 [INFO] Host: 
- 03:32:25 [ERROR] On command:  waiting for (?m-ix:.*login:) >>> error: execution expired
- 03:32:25 [INFO] Target: 

root@am437x-evm:/test# 
- 03:32:25 [INFO] Host: 
- 03:32:25 [INFO] Target: 

root@am437x-evm:/test# 
- 03:32:25 [INFO] Host: sync;poweroff
- 03:32:40 [INFO] Target: 
sync;poweroff



INIT: Sending processes the TERM signal

Broadcast message from root@am437x-evm (ttyO0) (Fri Apr 25 18:43:23 2014):



The system is going down for system halt NOW!

root@am437x-evm:/test# 
INIT: Sending procStopping telnet daemon.
Stopping system message bus: dbus.
Stopping syslogd/klogd: stopped syslogd (pid 1304)
stopped klogd (pid 1307)
done
Stopping thttpd.
ALSA: Storing mixer settings...
/usr/sbin/alsactl: save_state:1590: No soundcards found...
Deconfiguring network interfaces... done.
Sending all processes the TERM signal...
Sending all processes the KILL signal...
Unmounting remote filesystems...
Deactivating swap...
Unmounting local filesystems...
[73607.497949] reboot: System halted

- 03:32:41 [INFO] Disconnected serial from am43xx-gpevm
- 03:32:41 [INFO] Connected to am43xx-gpevm via serial 
- 03:32:41 [INFO] Host: 
- 03:32:41 [ERROR] On command:  waiting for (?m-ix:(U-Boot|AM335X_EVM)\s*#) >>> error: execution expired
- 03:32:41 [INFO] Target: 

- 03:32:42 [INFO] Host: 
- 03:32:42 [ERROR] On command:  waiting for (?m-ix:(U-Boot|AM335X_EVM)\s*#) >>> error: execution expired
- 03:32:42 [INFO] Target: 

U-Boot SPL 2013.10-g78d8ebd (Mar 06 2014 - 13:09:07)
SPL: Please implement spl_start_uboot() for your board
SPL: Direct Linux boot not active!
reading u-boot.img
reading u-boot.img


U-Boot 2013.10-g78d8ebd (Mar 06 2014 - 13:09:07)

I2C:   
- 03:32:42 [INFO] Host: 
- 03:32:43 [ERROR] On command:  waiting for (?m-ix:(U-Boot|AM335X_EVM)\s*#) >>> error: execution expired
- 03:32:43 [INFO] Target: 
ready
DRAM:  1 GiB
NAND:  512 MiB
MMC:   OMAP SD/MMC: 0, OMAP SD/MMC: 1

- 03:32:43 [INFO] Host: 
- 03:32:43 [INFO] Target: 
Net:   <ethaddr> not set. Validating first E-fuse MAC
cpsw
Hit any key to stop autoboot:  3  0 
U-Boot# 
U-Boot# 
- 03:32:43 [INFO] Host: 
- 03:32:44 [INFO] Target: 

U-Boot# 
- 03:32:44 [INFO] Host: version
- 03:32:44 [INFO] Target: 
version

U-Boot 2013.10-g78d8ebd (Mar 06 2014 - 13:09:07)
arm-linux-gnueabihf-gcc (crosstool-NG linaro-1.13.1-4.7-2013.03-20130313 - Linaro GCC 2013.03) 4.7.3 20130226 (prerelease)
GNU ld (crosstool-NG linaro-1.13.1-4.7-2013.03-20130313 - Linaro GCC 2013.03) 2.23.1
U-Boot# 
- 03:32:44 [INFO] Host: setenv bootargs 'console=ttyO0,115200n8 earlyprintk rootwait '
- 03:32:45 [INFO] Target: 
setenv bootargs 'console=ttyO0,115200n8 earlyprintk rootwait '
U-Boot# 
- 03:32:45 [INFO] Host: setenv bootcmd  ''
- 03:32:45 [INFO] Target: 
setenv bootcmd  ''
U-Boot# 
- 03:32:45 [INFO] Host: setenv autoload 'no'
- 03:32:46 [INFO] Target: 
setenv autoload 'no'
U-Boot# 
- 03:32:46 [INFO] Host: setenv serverip '192.168.0.1'
- 03:32:46 [INFO] Target: 
setenv serverip '192.168.0.1'
U-Boot# 
- 03:32:46 [INFO] Host: printenv
- 03:32:47 [INFO] Target: 
printenv
arch=arm
autoload=no
baudrate=115200
board=am43xx
board_name=AM43__GP
board_rev=1.2A
boot_targets=usb mmc0 nand 
bootargs=console=ttyO0,115200n8 earlyprintk rootwait 
bootcmd=
bootcmd_mmc0=setenv devnum 0; setenv rootpart 2; run mmc_boot;
bootcmd_nand=run nandboot;
bootcmd_usb=setenv devnum 0; run usb_boot;
bootdelay=3
bootdir=/boot
bootenv=uEnv.txt
bootfile=zImage
bootpart=0:2
console=ttyO0,115200n8
cpu=armv7
eth1addr=34:b1:f7:31:60:9b
ethact=cpsw
ethaddr=34:b1:f7:31:60:99
fdt_high=0xa0000000
fdtaddr=0x80F80000
fdtfile=undefined
findfdt=if test $board_name = AM43EPOS; then setenv fdtfile am43x-epos-evm.dtb; fi; if test $board_name = AM43__GP; then setenv fdtfile am437x-gp-evm.dtb; fi; if test $fdtfile = undefined; then echo WARNING: Could not determine device tree; fi; 
importbootenv=echo Importing environment from mmc ...; env import -t $loadaddr $filesize
loadaddr=0x80200000
loadbootenv=load mmc ${mmcdev} ${loadaddr} ${bootenv}
loadfdt=load mmc ${bootpart} ${fdtaddr} ${bootdir}/${fdtfile}
loadimage=load mmc ${bootpart} ${loadaddr} ${bootdir}/${bootfile}
loadramdisk=load mmc ${mmcdev} ${rdaddr} ramdisk.gz
mmc_boot=setenv devtype mmc; if mmc dev ${devnum}; then run mmcargs;run scan_boot; run mmcboot;setenv mmcdev 1; setenv bootpart 1:2; run mmcboot;fi
mmcargs=setenv bootargs console=${console} ${optargs} root=${mmcroot} rootfstype=${mmcrootfstype}
mmcboot=mmc dev ${mmcdev}; if mmc rescan; then echo SD/MMC found on device ${mmcdev};if run loadbootenv; then echo Loaded environment from ${bootenv};run importbootenv;fi;if test -n $uenvcmd; then echo Running uenvcmd ...;run uenvcmd;fi;if run loadimage; then run loadfdt; echo Booting from mmc${mmcdev} ...; run mmcargs; bootz ${loadaddr} - ${fdtaddr}; fi;fi;
mmcdev=0
mmcroot=/dev/mmcblk0p2 rw
mmcrootfstype=ext4 rootwait
mtdids=nand0=nand.0
mtdparts=mtdparts=nand.0:256k(NAND.SPL),256k(NAND.SPL.backup1),256k(NAND.SPL.backup2),256k(NAND.SPL.backup3),512k(NAND.u-boot-spl-os),1m(NAND.u-boot),256k(NAND.u-boot-env),256k(NAND.u-boot-env.backup1),7m(NAND.kernel),-(NAND.file-system)
nandargs=setenv bootargs console=${console} ${optargs} root=${nandroot} rootfstype=${nandrootfstype}
nandboot=echo Booting from nand ...; run nandargs; nand read ${fdtaddr} NAND.u-boot-spl-os; nand read ${loadaddr} NAND.kernel; bootz ${loadaddr} - ${fdtaddr}
nandroot=ubi0:rootfs rw ubi.mtd=NAND.file-system,4096
nandrootfstype=ubifs rootwait=1
netargs=setenv bootargs console=${console} ${optargs} root=/dev/nfs nfsroot=${serverip}:${rootpath},${nfsopts} rw ip=dhcp
netboot=echo Booting from network ...; setenv autoload no; dhcp; tftp ${loadaddr} ${bootfile}; tftp ${fdtaddr} ${fdtfile}; run netargs; bootz ${loadaddr} - ${fdtaddr}
nfsopts=nolock
partitions=uuid_disk=${uuid_gpt_disk};name=rootfs,start=2MiB,size=-,uuid=${uuid_gpt_rootfs}
ramargs=setenv bootargs console=${console} ${optargs} root=${ramroot} rootfstype=${ramrootfstype}
ramroot=/dev/ram0 rw ramdisk_size=65536 initrd=${rdaddr},64M
ramrootfstype=ext2
rdaddr=0x81000000
rootpart=2
rootpath=/export/rootfs
scan_boot=echo Scanning ${devtype} ${devnum}...; for prefix in ${bootdir}; do for script in ${bootfile}; do run script_boot; done; done;
script_boot=if load ${devtype} ${devnum}:${rootpart} ${loadaddr} ${bootdir}/${bootfile}; then run findfdt; load ${devtype} ${devnum}:${rootpart} ${fdtaddr} ${bootdir}/${fdtfile};fi;
serverip=192.168.0.1
soc=am33xx
static_ip=${ipaddr}:${serverip}:${gatewayip}:${netmask}:${hostname}::off
stderr=serial
stdin=serial
stdout=serial
usb_boot=setenv devtype usb; run usb_init; if usb dev 0; then run usbargs;run scan_boot; bootz ${loadaddr} - ${fdtaddr}; fi
usb_init=usb start 0;
usbargs=setenv bootargs console=${console} ${optargs} root=${usbroot} rootfstype=${usbrootfstype}
usbroot=/dev/sda2 rw
usbrootfstype=ext4 rootwait
vendor=ti
ver=U-Boot 2013.10-g78d8ebd (Mar 06 2014 - 13:09:07)

Environment size: 3985/131067 bytes
U-Boot# 
- 03:32:47 [INFO] Host: printenv
- 03:32:47 [INFO] Target: 
printenv
arch=arm
autoload=no
baudrate=115200
board=am43xx
board_name=AM43__GP
board_rev=1.2A
boot_targets=usb mmc0 nand 
bootargs=console=ttyO0,115200n8 earlyprintk rootwait 
bootcmd=
bootcmd_mmc0=setenv devnum 0; setenv rootpart 2; run mmc_boot;
bootcmd_nand=run nandboot;
bootcmd_usb=setenv devnum 0; run usb_boot;
bootdelay=3
bootdir=/boot
bootenv=uEnv.txt
bootfile=zImage
bootpart=0:2
console=ttyO0,115200n8
cpu=armv7
eth1addr=34:b1:f7:31:60:9b
ethact=cpsw
ethaddr=34:b1:f7:31:60:99
fdt_high=0xa0000000
fdtaddr=0x80F80000
fdtfile=undefined
findfdt=if test $board_name = AM43EPOS; then setenv fdtfile am43x-epos-evm.dtb; fi; if test $board_name = AM43__GP; then setenv fdtfile am437x-gp-evm.dtb; fi; if test $fdtfile = undefined; then echo WARNING: Could not determine device tree; fi; 
importbootenv=echo Importing environment from mmc ...; env import -t $loadaddr $filesize
loadaddr=0x80200000
loadbootenv=load mmc ${mmcdev} ${loadaddr} ${bootenv}
loadfdt=load mmc ${bootpart} ${fdtaddr} ${bootdir}/${fdtfile}
loadimage=load mmc ${bootpart} ${loadaddr} ${bootdir}/${bootfile}
loadramdisk=load mmc ${mmcdev} ${rdaddr} ramdisk.gz
mmc_boot=setenv devtype mmc; if mmc dev ${devnum}; then run mmcargs;run scan_boot; run mmcboot;setenv mmcdev 1; setenv bootpart 1:2; run mmcboot;fi
mmcargs=setenv bootargs console=${console} ${optargs} root=${mmcroot} rootfstype=${mmcrootfstype}
mmcboot=mmc dev ${mmcdev}; if mmc rescan; then echo SD/MMC found on device ${mmcdev};if run loadbootenv; then echo Loaded environment from ${bootenv};run importbootenv;fi;if test -n $uenvcmd; then echo Running uenvcmd ...;run uenvcmd;fi;if run loadimage; then run loadfdt; echo Booting from mmc${mmcdev} ...; run mmcargs; bootz ${loadaddr} - ${fdtaddr}; fi;fi;
mmcdev=0
mmcroot=/dev/mmcblk0p2 rw
mmcrootfstype=ext4 rootwait
mtdids=nand0=nand.0
mtdparts=mtdparts=nand.0:256k(NAND.SPL),256k(NAND.SPL.backup1),256k(NAND.SPL.backup2),256k(NAND.SPL.backup3),512k(NAND.u-boot-spl-os),1m(NAND.u-boot),256k(NAND.u-boot-env),256k(NAND.u-boot-env.backup1),7m(NAND.kernel),-(NAND.file-system)
nandargs=setenv bootargs console=${console} ${optargs} root=${nandroot} rootfstype=${nandrootfstype}
nandboot=echo Booting from nand ...; run nandargs; nand read ${fdtaddr} NAND.u-boot-spl-os; nand read ${loadaddr} NAND.kernel; bootz ${loadaddr} - ${fdtaddr}
nandroot=ubi0:rootfs rw ubi.mtd=NAND.file-system,4096
nandrootfstype=ubifs rootwait=1
netargs=setenv bootargs console=${console} ${optargs} root=/dev/nfs nfsroot=${serverip}:${rootpath},${nfsopts} rw ip=dhcp
netboot=echo Booting from network ...; setenv autoload no; dhcp; tftp ${loadaddr} ${bootfile}; tftp ${fdtaddr} ${fdtfile}; run netargs; bootz ${loadaddr} - ${fdtaddr}
nfsopts=nolock
partitions=uuid_disk=${uuid_gpt_disk};name=rootfs,start=2MiB,size=-,uuid=${uuid_gpt_rootfs}
ramargs=setenv bootargs console=${console} ${optargs} root=${ramroot} rootfstype=${ramrootfstype}
ramroot=/dev/ram0 rw ramdisk_size=65536 initrd=${rdaddr},64M
ramrootfstype=ext2
rdaddr=0x81000000
rootpart=2
rootpath=/export/rootfs
scan_boot=echo Scanning ${devtype} ${devnum}...; for prefix in ${bootdir}; do for script in ${bootfile}; do run script_boot; done; done;
script_boot=if load ${devtype} ${devnum}:${rootpart} ${loadaddr} ${bootdir}/${bootfile}; then run findfdt; load ${devtype} ${devnum}:${rootpart} ${fdtaddr} ${bootdir}/${fdtfile};fi;
serverip=192.168.0.1
soc=am33xx
static_ip=${ipaddr}:${serverip}:${gatewayip}:${netmask}:${hostname}::off
stderr=serial
stdin=serial
stdout=serial
usb_boot=setenv devtype usb; run usb_init; if usb dev 0; then run usbargs;run scan_boot; bootz ${loadaddr} - ${fdtaddr}; fi
usb_init=usb start 0;
usbargs=setenv bootargs console=${console} ${optargs} root=${usbroot} rootfstype=${usbrootfstype}
usbroot=/dev/sda2 rw
usbrootfstype=ext4 rootwait
vendor=ti
ver=U-Boot 2013.10-g78d8ebd (Mar 06 2014 - 13:09:07)

Environment size: 3985/131067 bytes
U-Boot# 
- 03:32:47 [INFO] Host: setenv bootargs ''${bootargs}' ip=dhcp '
- 03:32:48 [INFO] Target: 
setenv bootargs ''${bootargs}' ip=dhcp '
U-Boot# 
- 03:32:48 [INFO] Host: setenv ipaddr dhcp
- 03:32:48 [INFO] Target: 
setenv ipaddr dhcp
U-Boot# 
- 03:32:48 [INFO] Host: dhcp
- 03:32:50 [INFO] Target: 
dhcp
link up on port 0, speed 1000, full duplex
BOOTP broadcast 1
DHCP client bound to address 192.168.0.251
U-Boot# 
- 03:32:50 [INFO] Host: setenv serverip '192.168.0.1'
- 03:32:50 [INFO] Target: 
setenv serverip '192.168.0.1'
U-Boot# 
- 03:32:50 [INFO] Host: tftp ${loadaddr} 192.168.0.1:vatf_am43xx-gpevm/5f8feddcb622ab714d9a4725fdd16d6d
- 03:32:51 [INFO] Target: 
tftp ${loadaddr} 192.168.0.1:vatf_am43xx-gpevm/5f8feddcb622ab714d9a4725fdd16d6d
link up on port 0, speed 1000, full duplex
Using cpsw device
TFTP from server 192.168.0.1; our IP address is 192.168.0.251
Filename 'vatf_am43xx-gpevm/5f8feddcb622ab714d9a4725fdd16d6d'.
Load address: 0x80200000
Loading: *#################################################################
	 #################################################################
	 #################################################################
	 #################################################################
	 ################################
	 10.4 MiB/s
done
Bytes transferred = 4279832 (414e18 hex)
U-Boot# 
- 03:32:51 [INFO] Host: tftp ${fdtaddr} 192.168.0.1:vatf_am43xx-gpevm/d62b3ce7c411722a455d7a752d3440d4
- 03:32:51 [INFO] Target: 
tftp ${fdtaddr} 192.168.0.1:vatf_am43xx-gpevm/d62b3ce7c411722a455d7a752d3440d4
link up on port 0, speed 1000, full duplex
Using cpsw device
TFTP from server 192.168.0.1; our IP address is 192.168.0.251
Filename 'vatf_am43xx-gpevm/d62b3ce7c411722a455d7a752d3440d4'.
Load address: 0x80f80000
Loading: *##
	 6.2 MiB/s
done
Bytes transferred = 25942 (6556 hex)
U-Boot# 
- 03:32:51 [INFO] Host: printenv
- 03:32:52 [INFO] Target: 
printenv
arch=arm
autoload=no
baudrate=115200
board=am43xx
board_name=AM43__GP
board_rev=1.2A
boot_targets=usb mmc0 nand 
bootargs=console=ttyO0,115200n8 earlyprintk rootwait ip=dhcp
bootcmd=
bootcmd_mmc0=setenv devnum 0; setenv rootpart 2; run mmc_boot;
bootcmd_nand=run nandboot;
bootcmd_usb=setenv devnum 0; run usb_boot;
bootdelay=3
bootdir=/boot
bootenv=uEnv.txt
bootfile=zImage
bootpart=0:2
console=ttyO0,115200n8
cpu=armv7
dnsip=192.0.2.2
dnsip2=192.0.2.3
eth1addr=34:b1:f7:31:60:9b
ethact=cpsw
ethaddr=34:b1:f7:31:60:99
fdt_high=0xa0000000
fdtaddr=0x80F80000
fdtfile=undefined
fileaddr=80f80000
filesize=6556
findfdt=if test $board_name = AM43EPOS; then setenv fdtfile am43x-epos-evm.dtb; fi; if test $board_name = AM43__GP; then setenv fdtfile am437x-gp-evm.dtb; fi; if test $fdtfile = undefined; then echo WARNING: Could not determine device tree; fi; 
gatewayip=192.168.0.1
importbootenv=echo Importing environment from mmc ...; env import -t $loadaddr $filesize
ipaddr=192.168.0.251
loadaddr=0x80200000
loadbootenv=load mmc ${mmcdev} ${loadaddr} ${bootenv}
loadfdt=load mmc ${bootpart} ${fdtaddr} ${bootdir}/${fdtfile}
loadimage=load mmc ${bootpart} ${loadaddr} ${bootdir}/${bootfile}
loadramdisk=load mmc ${mmcdev} ${rdaddr} ramdisk.gz
mmc_boot=setenv devtype mmc; if mmc dev ${devnum}; then run mmcargs;run scan_boot; run mmcboot;setenv mmcdev 1; setenv bootpart 1:2; run mmcboot;fi
mmcargs=setenv bootargs console=${console} ${optargs} root=${mmcroot} rootfstype=${mmcrootfstype}
mmcboot=mmc dev ${mmcdev}; if mmc rescan; then echo SD/MMC found on device ${mmcdev};if run loadbootenv; then echo Loaded environment from ${bootenv};run importbootenv;fi;if test -n $uenvcmd; then echo Running uenvcmd ...;run uenvcmd;fi;if run loadimage; then run loadfdt; echo Booting from mmc${mmcdev} ...; run mmcargs; bootz ${loadaddr} - ${fdtaddr}; fi;fi;
mmcdev=0
mmcroot=/dev/mmcblk0p2 rw
mmcrootfstype=ext4 rootwait
mtdids=nand0=nand.0
mtdparts=mtdparts=nand.0:256k(NAND.SPL),256k(NAND.SPL.backup1),256k(NAND.SPL.backup2),256k(NAND.SPL.backup3),512k(NAND.u-boot-spl-os),1m(NAND.u-boot),256k(NAND.u-boot-env),256k(NAND.u-boot-env.backup1),7m(NAND.kernel),-(NAND.file-system)
nandargs=setenv bootargs console=${console} ${optargs} root=${nandroot} rootfstype=${nandrootfstype}
nandboot=echo Booting from nand ...; run nandargs; nand read ${fdtaddr} NAND.u-boot-spl-os; nand read ${loadaddr} NAND.kernel; bootz ${loadaddr} - ${fdtaddr}
nandroot=ubi0:rootfs rw ubi.mtd=NAND.file-system,4096
nandrootfstype=ubifs rootwait=1
netargs=setenv bootargs console=${console} ${optargs} root=/dev/nfs nfsroot=${serverip}:${rootpath},${nfsopts} rw ip=dhcp
netboot=echo Booting from network ...; setenv autoload no; dhcp; tftp ${loadaddr} ${bootfile}; tftp ${fdtaddr} ${fdtfile}; run netargs; bootz ${loadaddr} - ${fdtaddr}
netmask=255.255.255.0
nfsopts=nolock
partitions=uuid_disk=${uuid_gpt_disk};name=rootfs,start=2MiB,size=-,uuid=${uuid_gpt_rootfs}
ramargs=setenv bootargs console=${console} ${optargs} root=${ramroot} rootfstype=${ramrootfstype}
ramroot=/dev/ram0 rw ramdisk_size=65536 initrd=${rdaddr},64M
ramrootfstype=ext2
rdaddr=0x81000000
rootpart=2
rootpath=/export/rootfs
scan_boot=echo Scanning ${devtype} ${devnum}...; for prefix in ${bootdir}; do for script in ${bootfile}; do run script_boot; done; done;
script_boot=if load ${devtype} ${devnum}:${rootpart} ${loadaddr} ${bootdir}/${bootfile}; then run findfdt; load ${devtype} ${devnum}:${rootpart} ${fdtaddr} ${bootdir}/${fdtfile};fi;
serverip=192.168.0.1
soc=am33xx
static_ip=${ipaddr}:${serverip}:${gatewayip}:${netmask}:${hostname}::off
stderr=serial
stdin=serial
stdout=serial
usb_boot=setenv devtype usb; run usb_init; if usb dev 0; then run usbargs;run scan_boot; bootz ${loadaddr} - ${fdtaddr}; fi
usb_init=usb start 0;
usbargs=setenv bootargs console=${console} ${optargs} root=${usbroot} rootfstype=${usbrootfstype}
usbroot=/dev/sda2 rw
usbrootfstype=ext4 rootwait
vendor=ti
ver=U-Boot 2013.10-g78d8ebd (Mar 06 2014 - 13:09:07)

Environment size: 4136/131067 bytes
U-Boot# 
- 03:32:52 [INFO] Host: setenv bootargs ''${bootargs}' root=/dev/mmcblk0p2 rw rootfstype=ext3 rootwait '
- 03:32:52 [INFO] Target: 
setenv bootargs ''${bootargs}' root=/dev/mmcblk0p2 rw rootfstype=ext3 rootwait '
U-Boot# 
- 03:32:52 [INFO] Host: printenv
- 03:32:53 [INFO] Target: 
printenv
arch=arm
autoload=no
baudrate=115200
board=am43xx
board_name=AM43__GP
board_rev=1.2A
boot_targets=usb mmc0 nand 
bootargs=console=ttyO0,115200n8 earlyprintk rootwait ip=dhcp root=/dev/mmcblk0p2 rw rootfstype=ext3 rootwait
bootcmd=
bootcmd_mmc0=setenv devnum 0; setenv rootpart 2; run mmc_boot;
bootcmd_nand=run nandboot;
bootcmd_usb=setenv devnum 0; run usb_boot;
bootdelay=3
bootdir=/boot
bootenv=uEnv.txt
bootfile=zImage
bootpart=0:2
console=ttyO0,115200n8
cpu=armv7
dnsip=192.0.2.2
dnsip2=192.0.2.3
eth1addr=34:b1:f7:31:60:9b
ethact=cpsw
ethaddr=34:b1:f7:31:60:99
fdt_high=0xa0000000
fdtaddr=0x80F80000
fdtfile=undefined
fileaddr=80f80000
filesize=6556
findfdt=if test $board_name = AM43EPOS; then setenv fdtfile am43x-epos-evm.dtb; fi; if test $board_name = AM43__GP; then setenv fdtfile am437x-gp-evm.dtb; fi; if test $fdtfile = undefined; then echo WARNING: Could not determine device tree; fi; 
gatewayip=192.168.0.1
importbootenv=echo Importing environment from mmc ...; env import -t $loadaddr $filesize
ipaddr=192.168.0.251
loadaddr=0x80200000
loadbootenv=load mmc ${mmcdev} ${loadaddr} ${bootenv}
loadfdt=load mmc ${bootpart} ${fdtaddr} ${bootdir}/${fdtfile}
loadimage=load mmc ${bootpart} ${loadaddr} ${bootdir}/${bootfile}
loadramdisk=load mmc ${mmcdev} ${rdaddr} ramdisk.gz
mmc_boot=setenv devtype mmc; if mmc dev ${devnum}; then run mmcargs;run scan_boot; run mmcboot;setenv mmcdev 1; setenv bootpart 1:2; run mmcboot;fi
mmcargs=setenv bootargs console=${console} ${optargs} root=${mmcroot} rootfstype=${mmcrootfstype}
mmcboot=mmc dev ${mmcdev}; if mmc rescan; then echo SD/MMC found on device ${mmcdev};if run loadbootenv; then echo Loaded environment from ${bootenv};run importbootenv;fi;if test -n $uenvcmd; then echo Running uenvcmd ...;run uenvcmd;fi;if run loadimage; then run loadfdt; echo Booting from mmc${mmcdev} ...; run mmcargs; bootz ${loadaddr} - ${fdtaddr}; fi;fi;
mmcdev=0
mmcroot=/dev/mmcblk0p2 rw
mmcrootfstype=ext4 rootwait
mtdids=nand0=nand.0
mtdparts=mtdparts=nand.0:256k(NAND.SPL),256k(NAND.SPL.backup1),256k(NAND.SPL.backup2),256k(NAND.SPL.backup3),512k(NAND.u-boot-spl-os),1m(NAND.u-boot),256k(NAND.u-boot-env),256k(NAND.u-boot-env.backup1),7m(NAND.kernel),-(NAND.file-system)
nandargs=setenv bootargs console=${console} ${optargs} root=${nandroot} rootfstype=${nandrootfstype}
nandboot=echo Booting from nand ...; run nandargs; nand read ${fdtaddr} NAND.u-boot-spl-os; nand read ${loadaddr} NAND.kernel; bootz ${loadaddr} - ${fdtaddr}
nandroot=ubi0:rootfs rw ubi.mtd=NAND.file-system,4096
nandrootfstype=ubifs rootwait=1
netargs=setenv bootargs console=${console} ${optargs} root=/dev/nfs nfsroot=${serverip}:${rootpath},${nfsopts} rw ip=dhcp
netboot=echo Booting from network ...; setenv autoload no; dhcp; tftp ${loadaddr} ${bootfile}; tftp ${fdtaddr} ${fdtfile}; run netargs; bootz ${loadaddr} - ${fdtaddr}
netmask=255.255.255.0
nfsopts=nolock
partitions=uuid_disk=${uuid_gpt_disk};name=rootfs,start=2MiB,size=-,uuid=${uuid_gpt_rootfs}
ramargs=setenv bootargs console=${console} ${optargs} root=${ramroot} rootfstype=${ramrootfstype}
ramroot=/dev/ram0 rw ramdisk_size=65536 initrd=${rdaddr},64M
ramrootfstype=ext2
rdaddr=0x81000000
rootpart=2
rootpath=/export/rootfs
scan_boot=echo Scanning ${devtype} ${devnum}...; for prefix in ${bootdir}; do for script in ${bootfile}; do run script_boot; done; done;
script_boot=if load ${devtype} ${devnum}:${rootpart} ${loadaddr} ${bootdir}/${bootfile}; then run findfdt; load ${devtype} ${devnum}:${rootpart} ${fdtaddr} ${bootdir}/${fdtfile};fi;
serverip=192.168.0.1
soc=am33xx
static_ip=${ipaddr}:${serverip}:${gatewayip}:${netmask}:${hostname}::off
stderr=serial
stdin=serial
stdout=serial
usb_boot=setenv devtype usb; run usb_init; if usb dev 0; then run usbargs;run scan_boot; bootz ${loadaddr} - ${fdtaddr}; fi
usb_init=usb start 0;
usbargs=setenv bootargs console=${console} ${optargs} root=${usbroot} rootfstype=${usbrootfstype}
usbroot=/dev/sda2 rw
usbrootfstype=ext4 rootwait
vendor=ti
ver=U-Boot 2013.10-g78d8ebd (Mar 06 2014 - 13:09:07)

Environment size: 4184/131067 bytes
U-Boot# 
- 03:32:53 [INFO] Host: setenv bootcmd ''${bootcmd}' if iminfo ${loadaddr}; then bootm ${loadaddr} - ${fdtaddr}; else bootz ${loadaddr} - ${fdtaddr}; bootm ${loadaddr} - ${fdtaddr}; fi'
- 03:32:53 [INFO] Target: 
setenv bootcmd ''${bootcmd}' if iminfo ${loadaddr}; then bootm ${loadaddr} - ${fdtaddr}; else bootz ${loadaddr} - ${fdtaddr}; bootm ${loadaddr} - ${fdtaddr}; fi'
U-Boot# 
- 03:32:53 [INFO] Host: bdinfo
- 03:32:54 [INFO] Target: 
bdinfo
arch_number = 0x00000000
boot_params = 0x80000100
DRAM bank   = 0x00000000
-> start    = 0x80000000
-> size     = 0x40000000
eth0name    = cpsw
ethaddr     = 34:b1:f7:31:60:99
current eth = cpsw
ip_addr     = 192.168.0.251
baudrate    = 115200 bps
TLB addr    = 0xBFFF0000
relocaddr   = 0xBFF41000
reloc off   = 0x3F741000
irq_sp      = 0xBFB20F38
sp start    = 0xBFB20F28
U-Boot# 
- 03:32:54 [INFO] Host: boot
- 03:33:35 [INFO] Target: 
boot

## Checking Image at 80200000 ...
Unknown image format!
Kernel image @ 0x80200000 [ 0x000000 - 0x414e18 ]
## Flattened Device Tree blob at 80f80000
   Booting using the fdt blob at 0x80f80000
   Loading Device Tree to 9fff6000, end 9ffff555 ... OK

Starting kernel ...

[    0.000000] Booting Linux on physical CPU 0x0
[    0.000000] Linux version 3.15.0-rc8-00002-g6dc9fe3 (nmenon@kahuna) (gcc version 4.6.3 (Ubuntu/Linaro 4.6.3-1ubuntu5) ) #1 SMP Mon Jun 2 02:30:19 CDT 2014
[    0.000000] CPU: ARMv7 Processor [412fc09a] revision 10 (ARMv7), cr=10c5387d
[    0.000000] CPU: PIPT / VIPT nonaliasing data cache, VIPT aliasing instruction cache
[    0.000000] Machine model: TI AM437x GP EVM
[    0.000000] cma: CMA: reserved 16 MiB at ae800000
[    0.000000] Memory policy: Data cache writeback
[    0.000000] CPU: All CPU(s) started in SVC mode.
[    0.000000] AM437x ES1.1 (sgx neon )
[    0.000000] PERCPU: Embedded 9 pages/cpu @edfc0000 s14080 r8192 d14592 u36864
[    0.000000] Built 1 zonelists in Zone order, mobility grouping on.  Total pages: 260624
[    0.000000] Kernel command line: console=ttyO0,115200n8 earlyprintk rootwait ip=dhcp root=/dev/mmcblk0p2 rw rootfstype=ext3 rootwait
[    0.000000] PID hash table entries: 4096 (order: 2, 16384 bytes)
[    0.000000] Dentry cache hash table entries: 131072 (order: 7, 524288 bytes)
[    0.000000] Inode-cache hash table entries: 65536 (order: 6, 262144 bytes)
[    0.000000] Memory: 1008624K/1048576K available (5575K kernel code, 664K rwdata, 2144K rodata, 389K init, 5522K bss, 39952K reserved, 270336K highmem)
[    0.000000] Virtual kernel memory layout:
[    0.000000]     vector  : 0xffff0000 - 0xffff1000   (   4 kB)
[    0.000000]     fixmap  : 0xfff00000 - 0xfffe0000   ( 896 kB)
[    0.000000]     vmalloc : 0xf0000000 - 0xff000000   ( 240 MB)
[    0.000000]     lowmem  : 0xc0000000 - 0xef800000   ( 760 MB)
[    0.000000]     pkmap   : 0xbfe00000 - 0xc0000000   (   2 MB)
[    0.000000]     modules : 0xbf000000 - 0xbfe00000   (  14 MB)
[    0.000000]       .text : 0xc0008000 - 0xc0791e58   (7720 kB)
[    0.000000]       .init : 0xc0792000 - 0xc07f3700   ( 390 kB)
[    0.000000]       .data : 0xc07f4000 - 0xc089a100   ( 665 kB)
[    0.000000]        .bss : 0xc089a100 - 0xc0dfec90   (5523 kB)
[    0.000000] Hierarchical RCU implementation.
[    0.000000] 	RCU restricting CPUs from NR_CPUS=2 to nr_cpu_ids=1.
[    0.000000] RCU: Adjusting geometry for rcu_fanout_leaf=16, nr_cpu_ids=1
[    0.000000] NR_IRQS:16 nr_irqs:16 16
[    0.000000] GIC CPU mask not found - kernel will fail to boot.
[    0.000000] GIC CPU mask not found - kernel will fail to boot.
[    0.000000] OMAP clockevent source: timer2 at 24000000 Hz
[    0.000025] sched_clock: 32 bits at 24MHz, resolution 41ns, wraps every 178956969942ns
[    0.000132] OMAP clocksource: timer1 at 24000000 Hz
[    0.001295] Console: colour dummy device 80x30
[    0.001400] Lock dependency validator: Copyright (c) 2006 Red Hat, Inc., Ingo Molnar
[    0.001416] ... MAX_LOCKDEP_SUBCLASSES:  8
[    0.001427] ... MAX_LOCK_DEPTH:          48
[    0.001438] ... MAX_LOCKDEP_KEYS:        8191
[    0.001448] ... CLASSHASH_SIZE:          4096
[    0.001457] ... MAX_LOCKDEP_ENTRIES:     16384
[    0.001466] ... MAX_LOCKDEP_CHAINS:      32768
[    0.001475] ... CHAINHASH_SIZE:          16384
[    0.001484]  memory used by lock dependency info: 3695 kB
[    0.001496]  per task-struct memory footprint: 1152 bytes
[    0.001577] Calibrating delay loop... 1191.11 BogoMIPS (lpj=5955584)
[    0.158688] pid_max: default: 32768 minimum: 301
[    0.159429] Security Framework initialized
[    0.159672] Mount-cache hash table entries: 2048 (order: 1, 8192 bytes)
[    0.159712] Mountpoint-cache hash table entries: 2048 (order: 1, 8192 bytes)
[    0.163620] CPU: Testing write buffer coherency: ok
[    0.165688] CPU0: thread -1, cpu 0, socket 0, mpidr 80000000
[    0.165780] Setting up static identity map for 0x80549130 - 0x805491a0
[    0.172258] Brought up 1 CPUs
[    0.172287] SMP: Total of 1 processors activated.
[    0.172303] CPU: All CPU(s) started in SVC mode.
[    0.177505] devtmpfs: initialized
[    0.199906] VFP support v0.3: implementor 41 architecture 3 part 30 variant 9 rev 4
[    0.228088] ------------[ cut here ]------------
[    0.228156] WARNING: CPU: 0 PID: 1 at arch/arm/mach-omap2/omap_hwmod.c:2538 _init+0x1c0/0x3e0()
[    0.228175] omap_hwmod: qspi: doesn't have mpu register target base
[    0.228187] Modules linked in:
[    0.228215] CPU: 0 PID: 1 Comm: swapper/0 Not tainted 3.15.0-rc8-00002-g6dc9fe3 #1
[    0.228278] [<c0014b30>] (unwind_backtrace) from [<c00117bc>] (show_stack+0x10/0x14)
[    0.228321] [<c00117bc>] (show_stack) from [<c053dd58>] (dump_stack+0x78/0x94)
[    0.228352] [<c053dd58>] (dump_stack) from [<c003f2f4>] (warn_slowpath_common+0x6c/0x8c)
[    0.228374] [<c003f2f4>] (warn_slowpath_common) from [<c003f3a8>] (warn_slowpath_fmt+0x30/0x40)
[    0.228406] [<c003f3a8>] (warn_slowpath_fmt) from [<c079eb70>] (_init+0x1c0/0x3e0)
[    0.228438] [<c079eb70>] (_init) from [<c0027734>] (omap_hwmod_for_each+0x34/0x5c)
[    0.228463] [<c0027734>] (omap_hwmod_for_each) from [<c079f2e4>] (__omap_hwmod_setup_all+0x24/0x40)
[    0.228484] [<c079f2e4>] (__omap_hwmod_setup_all) from [<c00088b8>] (do_one_initcall+0x34/0x15c)
[    0.228521] [<c00088b8>] (do_one_initcall) from [<c0792bf4>] (kernel_init_freeable+0xfc/0x1cc)
[    0.228550] [<c0792bf4>] (kernel_init_freeable) from [<c05386f8>] (kernel_init+0x8/0xe4)
[    0.228579] [<c05386f8>] (kernel_init) from [<c000e548>] (ret_from_fork+0x14/0x2c)
[    0.228886] ---[ end trace d0d4b735bfa215ef ]---
[    0.260728] omap_hwmod: tptc0 using broken dt data from edma
[    0.261284] omap_hwmod: tptc1 using broken dt data from edma
[    0.261812] omap_hwmod: tptc2 using broken dt data from edma
[    0.269379] ------------[ cut here ]------------
[    0.269441] WARNING: CPU: 0 PID: 1 at arch/arm/mach-omap2/omap_hwmod.c:2538 _init+0x1c0/0x3e0()
[    0.269461] omap_hwmod: usb_otg_ss0: doesn't have mpu register target base
[    0.269473] Modules linked in:
[    0.269501] CPU: 0 PID: 1 Comm: swapper/0 Tainted: G        W     3.15.0-rc8-00002-g6dc9fe3 #1
[    0.269565] [<c0014b30>] (unwind_backtrace) from [<c00117bc>] (show_stack+0x10/0x14)
[    0.269611] [<c00117bc>] (show_stack) from [<c053dd58>] (dump_stack+0x78/0x94)
[    0.269644] [<c053dd58>] (dump_stack) from [<c003f2f4>] (warn_slowpath_common+0x6c/0x8c)
[    0.269667] [<c003f2f4>] (warn_slowpath_common) from [<c003f3a8>] (warn_slowpath_fmt+0x30/0x40)
[    0.269699] [<c003f3a8>] (warn_slowpath_fmt) from [<c079eb70>] (_init+0x1c0/0x3e0)
[    0.269732] [<c079eb70>] (_init) from [<c0027734>] (omap_hwmod_for_each+0x34/0x5c)
[    0.269755] [<c0027734>] (omap_hwmod_for_each) from [<c079f2e4>] (__omap_hwmod_setup_all+0x24/0x40)
[    0.269777] [<c079f2e4>] (__omap_hwmod_setup_all) from [<c00088b8>] (do_one_initcall+0x34/0x15c)
[    0.269812] [<c00088b8>] (do_one_initcall) from [<c0792bf4>] (kernel_init_freeable+0xfc/0x1cc)
[    0.269839] [<c0792bf4>] (kernel_init_freeable) from [<c05386f8>] (kernel_init+0x8/0xe4)
[    0.269868] [<c05386f8>] (kernel_init) from [<c000e548>] (ret_from_fork+0x14/0x2c)
[    0.269883] ---[ end trace d0d4b735bfa215f0 ]---
[    0.270885] ------------[ cut here ]------------
[    0.270935] WARNING: CPU: 0 PID: 1 at arch/arm/mach-omap2/omap_hwmod.c:2538 _init+0x1c0/0x3e0()
[    0.270949] omap_hwmod: usb_otg_ss1: doesn't have mpu register target base
[    0.270959] Modules linked in:
[    0.270985] CPU: 0 PID: 1 Comm: swapper/0 Tainted: G        W     3.15.0-rc8-00002-g6dc9fe3 #1
[    0.271043] [<c0014b30>] (unwind_backtrace) from [<c00117bc>] (show_stack+0x10/0x14)
[    0.271085] [<c00117bc>] (show_stack) from [<c053dd58>] (dump_stack+0x78/0x94)
[    0.271116] [<c053dd58>] (dump_stack) from [<c003f2f4>] (warn_slowpath_common+0x6c/0x8c)
[    0.271137] [<c003f2f4>] (warn_slowpath_common) from [<c003f3a8>] (warn_slowpath_fmt+0x30/0x40)
[    0.271169] [<c003f3a8>] (warn_slowpath_fmt) from [<c079eb70>] (_init+0x1c0/0x3e0)
[    0.271202] [<c079eb70>] (_init) from [<c0027734>] (omap_hwmod_for_each+0x34/0x5c)
[    0.271227] [<c0027734>] (omap_hwmod_for_each) from [<c079f2e4>] (__omap_hwmod_setup_all+0x24/0x40)
[    0.271248] [<c079f2e4>] (__omap_hwmod_setup_all) from [<c00088b8>] (do_one_initcall+0x34/0x15c)
[    0.271284] [<c00088b8>] (do_one_initcall) from [<c0792bf4>] (kernel_init_freeable+0xfc/0x1cc)
[    0.271311] [<c0792bf4>] (kernel_init_freeable) from [<c05386f8>] (kernel_init+0x8/0xe4)
[    0.271341] [<c05386f8>] (kernel_init) from [<c000e548>] (ret_from_fork+0x14/0x2c)
[    0.271355] ---[ end trace d0d4b735bfa215f1 ]---
[    0.333708] pinctrl core: initialized pinctrl subsystem
[    0.338349] regulator-dummy: no parameters
[    0.375726] NET: Registered protocol family 16
[    0.384243] DMA: preallocated 256 KiB pool for atomic coherent allocations
[    0.407960] platform 49000000.edma: alias fck already exists
[    0.408018] platform 49000000.edma: alias fck already exists
[    0.408058] platform 49000000.edma: alias fck already exists
[    0.415914] OMAP GPIO hardware version 0.1
[    0.431607] platform 53701000.des: Cannot lookup hwmod 'des'
[    0.434350] No ATAGs?
[    0.434466] hw-breakpoint: found 5 (+1 reserved) breakpoint and 1 watchpoint registers.
[    0.434493] hw-breakpoint: maximum watchpoint size is 4 bytes.
[    0.513689] edma-dma-engine edma-dma-engine.0: TI EDMA DMA engine driver
[    0.515580] vmmcsd_fixed: 3300 mV 
[    0.520686] SCSI subsystem initialized
[    0.522200] usbcore: registered new interface driver usbfs
[    0.522543] usbcore: registered new interface driver hub
[    0.537645] usbcore: registered new device driver usb
[    0.539225] omap_i2c 44e0b000.i2c: could not find pctldev for node /pinmux@44e10800/i2c0_pins, deferring probe
[    0.539301] platform 44e0b000.i2c: Driver omap_i2c requests probe deferral
[    0.539431] omap_i2c 4802a000.i2c: could not find pctldev for node /pinmux@44e10800/i2c1_pins, deferring probe
[    0.539486] platform 4802a000.i2c: Driver omap_i2c requests probe deferral
[    0.546509] Switched to clocksource timer1
[    0.817922] NET: Registered protocol family 2
[    0.821100] TCP established hash table entries: 8192 (order: 3, 32768 bytes)
[    0.821431] TCP bind hash table entries: 8192 (order: 6, 294912 bytes)
[    0.824388] TCP: Hash tables configured (established 8192 bind 8192)
[    0.824853] TCP: reno registered
[    0.824925] UDP hash table entries: 512 (order: 3, 40960 bytes)
[    0.825358] UDP-Lite hash table entries: 512 (order: 3, 40960 bytes)
[    0.827406] NET: Registered protocol family 1
[    0.830910] RPC: Registered named UNIX socket transport module.
[    0.830950] RPC: Registered udp transport module.
[    0.830968] RPC: Registered tcp transport module.
[    0.830983] RPC: Registered tcp NFSv4.1 backchannel transport module.
[    0.838428] futex hash table entries: 256 (order: 2, 16384 bytes)
[    1.039672] bounce pool size: 64 pages
[    1.042395] VFS: Disk quotas dquot_6.5.2
[    1.042606] Dquot-cache hash table entries: 1024 (order 0, 4096 bytes)
[    1.047366] NFS: Registering the id_resolver key type
[    1.048164] Key type id_resolver registered
[    1.048207] Key type id_legacy registered
[    1.048459] jffs2: version 2.2. (NAND) (SUMMARY)   2001-2006 Red Hat, Inc.
[    1.049276] msgmni has been set to 1473
[    1.062645] io scheduler noop registered
[    1.062683] io scheduler deadline registered
[    1.062830] io scheduler cfq registered (default)
[    1.065511] pinctrl-single 44e10800.pinmux: 199 pins at pa f9e10800 size 796
[    1.069974] Serial: 8250/16550 driver, 4 ports, IRQ sharing enabled
[    1.082030] omap_uart 44e09000.serial: no wakeirq for uart0
[    1.082140] omap_uart 44e09000.serial: No clock speed specified: using default: 48000000
[    1.084220] 44e09000.serial: ttyO0 at MMIO 0x44e09000 (irq = 104, base_baud = 3000000) is a OMAP UART0
[    2.179179] console [ttyO0] enabled
[    2.233337] brd: module loaded
[    2.267652] loop: module loaded
[    2.275306] mtdoops: mtd device (mtddev=name/number) must be supplied
[    2.287136] usbcore: registered new interface driver asix
[    2.293146] usbcore: registered new interface driver ax88179_178a
[    2.300001] usbcore: registered new interface driver cdc_ether
[    2.306651] usbcore: registered new interface driver smsc95xx
[    2.312997] usbcore: registered new interface driver net1080
[    2.319386] usbcore: registered new interface driver cdc_subset
[    2.325925] usbcore: registered new interface driver zaurus
[    2.332331] usbcore: registered new interface driver cdc_ncm
[    2.340515] usbcore: registered new interface driver cdc_wdm
[    2.347030] usbcore: registered new interface driver usb-storage
[    2.353756] usbcore: registered new interface driver usbtest
[    2.392985] mousedev: PS/2 mouse device common for all mice
[    2.402801] i2c /dev entries driver
[    2.406819] Driver for 1-wire Dallas network protocol.
[    2.423089] omap_wdt: OMAP Watchdog Timer Rev 0x01: initial timeout 60 sec
[    2.478061] usbcore: registered new interface driver usbhid
[    2.483960] usbhid: USB HID core driver
[    2.489698] oprofile: no performance counters
[    2.497136] oprofile: using timer interrupt.
[    2.502609] TCP: cubic registered
[    2.506297] Initializing XFRM netlink socket
[    2.511091] NET: Registered protocol family 17
[    2.515910] NET: Registered protocol family 15
[    2.521335] Key type dns_resolver registered
[    2.528285] ThumbEE CPU extension supported.
[    2.532870] Registering SWP/SWPB emulation handler
[    2.587147] omap_i2c 44e0b000.i2c: bus 0 rev0.12 at 100 kHz
[    2.600336] omap_i2c 4802a000.i2c: bus 1 rev0.12 at 100 kHz
[    2.609134] drivers/rtc/hctosys.c: unable to open rtc device (rtc0)
[    2.657802] mmc0: host does not support reading read-only switch. assuming write-enable.
[    2.670692] mmc0: new high speed SDHC card at address aaaa
[    2.682428] mmcblk0: mmc0:aaaa SU08G 7.40 GiB 
[    2.697677]  mmcblk0: p1 p2
[   14.778630] kjournald starting.  Commit interval 5 seconds
[   14.785124] EXT3-fs (mmcblk0p2): warning: mounting fs with errors, running e2fsck is recommended
[   14.824433] EXT3-fs (mmcblk0p2): using internal journal
[   14.830092] EXT3-fs (mmcblk0p2): mounted filesystem with ordered data mode
[   14.837668] VFS: Mounted root (ext3 filesystem) on device 179:2.
[   14.850007] devtmpfs: mounted
[   14.853957] Freeing unused kernel memory: 388K (c0792000 - c07f3000)

INIT: version 2.88 booting

Error opening /dev/fb0: No such file or directory
Starting udev
[   16.078984] udevd[635]: starting version 182
[   24.605035] random: nonblocking pool is initialized
[   25.012736] FAT-fs (mmcblk0p1): Volume was not properly unmounted. Some data may be corrupt. Please run fsck.
ERROR: could not open directory /lib/modules/3.15.0-rc8-00002-g6dc9fe3: No such file or directory
WARNING: -e needs -E or -F
ERROR: could not open directory /lib/modules/3.15.0-rc8-00002-g6dc9fe3: No such file or directory
FATAL: could not search modules: No such file or directory
Starting Bootlog daemon: bootlogd: cannot allocate pseudo tty: No such file or directory
bootlogd.
ALSA: Restoring mixer settings...
/usr/sbin/alsactl: load_state:1696: No soundcards found...
Configuring network interfaces... ifconfig: SIOCGIFFLAGS: No such device
done.
hwclock: can't open '/dev/misc/rtc': No such file or directory
Wed Mar 12 12:58:00 UTC 2014
hwclock: can't open '/dev/misc/rtc': No such file or directory

INIT: Entering runlevel: 5

Starting system message bus: dbus.
UIM SYSFS Node Not Found
Starting Dropbear SSH server: dropbear.
Starting telnet daemon.
hwclock: can't open '/dev/misc/rtc': No such file or directory
Starting syslogd/klogd: done
Starting thttpd.
Starting Lighttpd Web Server: lighttpd.
2014-03-12 12:58:04: (log.c.166) server started 
/
Starting Matrix GUI application.
***************************************************************
***************************************************************
NOTICE: This file system contains the followin GPLv3 packages:
	binutils-symlinks
	binutils
	gdbserver

If you do not wish to distribute GPLv3 components please remove
the above packages prior to distribution.  This can be done using
the opkg remove command.  i.e.:
    opkg remove <package>
Where <package> is the name printed in the list above

NOTE: If the package is a dependency of another package you
      will be notified of the dependent packages.  You should
      use the --force-removal-of-dependent-packages option to
      also remove the dependent packages as well
***************************************************************
***************************************************************
Stopping Bootlog daemon: bootlogd.

 _____                    _____           _         _   
|  _  |___ ___ ___ ___   |  _  |___ ___  |_|___ ___| |_ 
|     |  _| .'| . | . |  |   __|  _| . | | | -_|  _|  _|
|__|__|_| |__,|_  |___|  |__|  |_| |___|_| |___|___|_|  
              |___|                    |___|            

Arago Project http://arago-project.org am437x-evm ttyO0

Arago 2013.12 am437x-evm ttyO0

am437x-evm login: 
- 03:33:35 [INFO] Host: root
- 03:33:35 [INFO] Target: 
root
root@am437x-evm:~# 
- 03:33:35 [INFO] Host: uname -a
- 03:33:36 [INFO] Target: 
uname -a
Linux am437x-evm 3.15.0-rc8-00002-g6dc9fe3 #1 SMP Mon Jun 2 02:30:19 CDT 2014 armv7l GNU/Linux
root@am437x-evm:~# 
- 03:33:36 [INFO] Host: cat /proc/cmdline
- 03:33:36 [INFO] Target: 
cat /proc/cmdline
console=ttyO0,115200n8 earlyprintk rootwait ip=dhcp root=/dev/mmcblk0p2 rw rootfstype=ext3 rootwait
root@am437x-evm:~# 
- 03:33:36 [INFO] Host: uname -a
- 03:33:37 [INFO] Target: 
uname -a
Linux am437x-evm 3.15.0-rc8-00002-g6dc9fe3 #1 SMP Mon Jun 2 02:30:19 CDT 2014 armv7l GNU/Linux
root@am437x-evm:~# 
- 03:33:37 [INFO] Host: cat /proc/mtd
- 03:33:37 [INFO] Target: 
cat /proc/mtd
dev:    size   erasesize  name
root@am437x-evm:~# 
- 03:33:53 [INFO] Host: export IPERFHOST=192.168.0.1
- 03:33:53 [INFO] Target: 
export IPERFHOST=192.168.0.1
root@am437x-evm:~# 
- 03:33:53 [INFO] Host: export NFS_SERVER=192.168.0.1
- 03:33:54 [INFO] Target: 
export NFS_SERVER=192.168.0.1
root@am437x-evm:~# 
- 03:33:54 [INFO] Host: export NFS_ROOT_PATH=/home/tigtfarm06/NFS_exports
- 03:33:54 [INFO] Target: 
export NFS_ROOT_PATH=/home/tigtfarm06/NFS_exports
root@am437x-evm:~# 
- 03:33:54 [INFO] Host: mkdir -p -m 777 /test
- 03:33:55 [INFO] Target: 
mkdir -p -m 777 /test
root@am437x-evm:~# 
- 03:33:55 [INFO] Host: cd /test
- 03:33:55 [INFO] Target: 
cd /test
root@am437x-evm:/test# 
- 03:33:55 [INFO] Host: cat > test.sh << EOF
- 03:33:56 [INFO] Target: 
cat > test.sh << EOF
> 
- 03:33:56 [INFO] Host: failtest() {

- 03:33:56 [INFO] Target: 
failtest() {
> 
- 03:33:56 [INFO] Host:   echo 1 >&3

- 03:33:57 [INFO] Target: 
  echo 1 >&3
> 
- 03:33:57 [INFO] Host: }

- 03:33:57 [INFO] Target: 
}
> 
- 03:33:57 [INFO] Host: script=anonymous:anonymous@gtautoftp.gt.design.ti.com/anonymous/opentest/target-test-basic.sh_md5_5d260c597a39e144f6dea1bc54ee8584

- 03:34:07 [ERROR] On command: script=anonymous:anonymous@gtautoftp.gt.design.ti.com/anonymous/opentest/target-test-basic.sh_md5_5d260c597a39e144f6dea1bc54ee8584
 waiting for (?-mix:.*) >>> error: execution expired
- 03:34:07 [INFO] Target: 
script=anonymous:anonymous@gtautoftp.gt.design.ti.com/anonymous/opentest/targe 
t-test-basic.sh_md5_5d260c597a39e144f6dea1bc54ee8584
> 
- 03:34:07 [INFO] Host: timeout=600

- 03:34:08 [INFO] Target: 
timeout=600
> 
- 03:34:08 [INFO] Host: 

- 03:34:08 [INFO] Target: 

> 
- 03:34:08 [INFO] Host: # Start of user's script logic

- 03:34:09 [INFO] Target: 
# Start of user's script logic
> 
- 03:34:09 [INFO] Host: 

- 03:34:09 [INFO] Target: 

> 
- 03:34:09 [INFO] Host: 

- 03:34:10 [INFO] Target: 

> 
- 03:34:10 [INFO] Host: mount -t proc proc /proc 2>/dev/null;

- 03:34:10 [INFO] Target: 
mount -t proc proc /proc 2>/dev/null;
> 
- 03:34:10 [INFO] Host: 

- 03:34:11 [INFO] Target: 

> 
- 03:34:11 [INFO] Host: mount -t sysfs sys /sys 2>/dev/null;

- 03:34:11 [INFO] Target: 
mount -t sysfs sys /sys 2>/dev/null;
> 
- 03:34:11 [INFO] Host: 

- 03:34:12 [INFO] Target: 

> 
- 03:34:12 [INFO] Host: mount -t debugfs none /sys/kernel/debug 2>/dev/null;

- 03:34:12 [INFO] Target: 
mount -t debugfs none /sys/kernel/debug 2>/dev/null;
> 
- 03:34:12 [INFO] Host: 

- 03:34:13 [INFO] Target: 

> 
- 03:34:13 [INFO] Host: echo 'cpuinfo:';cat /proc/cpuinfo; echo '=======';

- 03:34:13 [INFO] Target: 
echo 'cpuinfo:';cat /proc/cpuinfo; echo '=======';
> 
- 03:34:13 [INFO] Host: 

- 03:34:14 [INFO] Target: 

> 
- 03:34:14 [INFO] Host: echo 'soc info:';head /sys/devices/soc0/* 2>/dev/null; echo '=======';

- 03:34:14 [INFO] Target: 
echo 'soc info:';head /sys/devices/soc0/* 2>/dev/null; echo '=======';
> 
- 03:34:14 [INFO] Host: 

- 03:34:15 [INFO] Target: 

> 
- 03:34:15 [INFO] Host: echo 'interrupts:';cat /proc/interrupts; echo '=======';

- 03:34:15 [INFO] Target: 
echo 'interrupts:';cat /proc/interrupts; echo '=======';
> 
- 03:34:15 [INFO] Host: 

- 03:34:16 [INFO] Target: 

> 
- 03:34:16 [INFO] Host: echo 'Clk_summary:';cat /sys/kernel/debug/clk/clk_summary; echo '=======';

- 03:34:16 [INFO] Target: 
echo 'Clk_summary:';cat /sys/kernel/debug/clk/clk_summary; echo '=======';
> 
- 03:34:16 [INFO] Host: 

- 03:34:17 [INFO] Target: 

> 
- 03:34:17 [INFO] Host: echo 'Orphan Clks:';ls /sys/kernel/debug/clk/orphans/; echo '=======';

- 03:34:17 [INFO] Target: 
echo 'Orphan Clks:';ls /sys/kernel/debug/clk/orphans/; echo '=======';
> 
- 03:34:17 [INFO] Host: 

- 03:34:18 [INFO] Target: 

> 
- 03:34:18 [INFO] Host: echo 'H''ello World' 'B''oard Booted';

- 03:34:18 [INFO] Target: 
echo 'H''ello World' 'B''oard Booted';
> 
- 03:34:18 [INFO] Host: 

- 03:34:19 [INFO] Target: 

> 
- 03:34:19 [INFO] Host: EOF
- 03:34:19 [INFO] Target: 
EOF
root@am437x-evm:/test# 
- 03:34:19 [INFO] Host: cd /test
- 03:34:20 [INFO] Target: 
cd /test
root@am437x-evm:/test# 
- 03:34:20 [INFO] Host: chmod +x test.sh
- 03:34:20 [INFO] Target: 
chmod +x test.sh
root@am437x-evm:/test# 
- 03:34:20 [INFO] Host: ./test.sh 2> stderr.log > stdout.log 3> result.log
- 03:34:21 [INFO] Target: 
./test.sh 2> stderr.log > stdout.log 3> result.log
root@am437x-evm:/test# 
- 03:34:21 [INFO] Host: echo $?
- 03:34:21 [INFO] Target: 
echo $?
0
root@am437x-evm:/test# 
- 03:34:21 [INFO] Host: cd /test
- 03:34:22 [INFO] Target: 
cd /test
root@am437x-evm:/test# 
- 03:34:22 [INFO] Host: cat stdout.log
- 03:34:23 [INFO] Target: 
cat stdout.log
cpuinfo:
processor	: 0
model name	: ARMv7 Processor rev 10 (v7l)
Features	: swp half thumb fastmult vfp edsp thumbee neon vfpv3 tls vfpd32 
CPU implementer	: 0x41
CPU architecture: 7
CPU variant	: 0x2
CPU part	: 0xc09
CPU revision	: 10

Hardware	: Generic AM43 (Flattened Device Tree)
Revision	: 0000
Serial		: 0000000000000000
=======
soc info:
==> /sys/devices/soc0/family <==
AM43xx

==> /sys/devices/soc0/machine <==
AM437x

==> /sys/devices/soc0/power <==

==> /sys/devices/soc0/revision <==
ES1.1

==> /sys/devices/soc0/subsystem <==

==> /sys/devices/soc0/type <==
GP

==> /sys/devices/soc0/uevent <==
=======
interrupts:
           CPU0       
 44:       2062       GIC  44  edma
 46:         22       GIC  46  edma_error
 96:       6219       GIC  96  mmc0
100:       4820       GIC 100  gp_timer
102:          0       GIC 102  44e0b000.i2c
103:          0       GIC 103  4802a000.i2c
104:       3700       GIC 104  OMAP UART0
262:          0      GPIO   6  mmc0
IPI0:          0  CPU wakeup interrupts
IPI1:          0  Timer broadcast interrupts
IPI2:          0  Rescheduling interrupts
IPI3:          0  Function call interrupts
IPI4:          0  Single function call interrupts
IPI5:          0  CPU stop interrupts
IPI6:          0  IRQ work interrupts
IPI7:          0  completion interrupts
Err:          0
=======
Clk_summary:
   clock                        enable_cnt  prepare_cnt  rate        accuracy
---------------------------------------------------------------------------------
 clk_32k_mosc_ck                0           0            32768      0          
 clk_32k_tpm_ck                 0           0            32768      0          
 tclkin_ck                      0           0            26000000   0          
 virt_26000000_ck               0           0            26000000   0          
 virt_25000000_ck               0           0            25000000   0          
 virt_24000000_ck               1           1            24000000   0          
    sys_clkin_ck                20          36           24000000   0          
       dpll_extdev_ck           0           0            24000000   0          
          dpll_extdev_m2_ck     0           0            24000000   0          
       dpll_per_ck              1           1            960000000  0          
          dpll_per_m2_ck        2           4            192000000  0          
             func_12m_clk       0           0            12000000   0          
             mmc_clk            1           3            96000000   0          
             clk_24mhz          0           1            24000000   0          
                clkdiv32k_ck    0           1            32786      0          
                   clkdiv32k_ick 0           5            32786      0          
                      gpio5_dbclk 0           1            32786      0          
                      gpio4_dbclk 0           1            32786      0          
                      gpio3_dbclk 0           1            32786      0          
                      gpio2_dbclk 0           1            32786      0          
                      gpio1_dbclk 0           1            32786      0          
             dpll_per_m2_div4_ck 0           12           48000000   0          
             dpll_per_m2_div4_wkupdm_ck 1           2            48000000   0          
          dpll_per_clkdcoldo    0           0            960000000  0          
       dpll_disp_ck             0           0            24000000   0          
          dpll_disp_m2_ck       0           0            24000000   0          
             disp_clk           0           0            24000000   0          
       dpll_ddr_ck              0           0            400000000  0          
          dpll_ddr_m2_ck        0           0            400000000  0          
          dpll_ddr_x2_ck        0           0            800000000  0          
             dpll_ddr_m4_ck     0           0            800000000  0          
       dpll_mpu_ck              1           1            600000000  0          
          dpll_mpu_m2_ck        3           3            600000000  0          
       dpll_core_ck             1           1            1000000000 0          
          dpll_core_x2_ck       2           2            2000000000 0          
             dpll_core_m6_ck    0           0            500000000  0          
             dpll_core_m5_ck    1           1            250000000  0          
                cpsw_50m_clkdiv 0           0            250000000  0          
                   cpsw_5m_clkdiv 0           0            25000000   0          
                cpsw_125mhz_gclk 1           3            125000000  0          
             dpll_core_m4_ck    6           6            200000000  0          
                l4hs_gclk       1           1            200000000  0          
                l3_gclk         12          13           200000000  0          
                sysclk_div      1           3            200000000  0          
                   div_core_25m_ck 0           0            25000000   0          
                   gfx_fclk_clksel_ck 0           1            200000000  0          
                      gfx_fck_div_ck 0           1            200000000  0          
                   cpsw_cpts_rft_clk 0           0            200000000  0          
                   dpll_core_m4_div2_ck 2           2            100000000  0          
                      l4ls_gclk 57          85           100000000  0          
                      l3s_gclk  9           9            100000000  0          
                   pruss_ocp_gclk 0           1            200000000  0          
       aes0_fck                 1           2            24000000   0          
       sha0_fck                 1           1            24000000   0          
       smartreflex1_fck         0           1            24000000   0          
       smartreflex0_fck         0           1            24000000   0          
       mcasp1_fck               0           1            24000000   0          
       mcasp0_fck               0           1            24000000   0          
       dcan1_fck                0           1            24000000   0          
       dcan0_fck                0           1            24000000   0          
       adc_tsc_fck              0           0            24000000   0          
       timer1_fck               1           1            24000000   0          
       timer2_fck               1           1            24000000   0          
       timer3_fck               0           1            24000000   0          
       timer4_fck               0           1            24000000   0          
       timer5_fck               0           1            24000000   0          
       timer6_fck               0           1            24000000   0          
       timer7_fck               0           1            24000000   0          
       timer8_fck               0           1            24000000   0          
       timer9_fck               0           1            24000000   0          
       timer10_fck              0           1            24000000   0          
       timer11_fck              0           1            24000000   0          
       dll_aging_clk_div        0           0            3000000    0          
       vtp_clk_div              0           0            12000000   0          
 virt_19200000_ck               0           0            19200000   0          
 clk_rc32k_ck                   0           2            32768      0          
    gpio0_dbclk_mux_ck          0           1            32768      0          
       gpio0_dbclk              0           1            32768      0          
    wdt1_fck                    0           1            32768      0          
 clk_32768_ck                   0           1            32768      0          
    usbphy_32khz_clkmux         0           0            32768      0          
    mux_synctimer32k_ck         0           1            32768      0          
       synctimer_32kclk         0           1            32768      0          
=======
Orphan Clks:
=======
Hello World Board Booted
root@am437x-evm:/test# 
- 03:34:23 [INFO] Host: cat stderr.log
- 03:34:23 [INFO] Target: 
cat stderr.log
root@am437x-evm:/test# 
- 03:34:23 [INFO] Host: cat result.log
- 03:34:25 [ERROR] On command: cat result.log waiting for (?m-ix:^1[\0\n\r]+) >>> error: execution expired
- 03:34:25 [INFO] Target: 
cat result.log
root@am437x-evm:/test# 
- 03:34:25 [INFO] Host: cd /test
- 03:34:26 [INFO] Target: 
cd /test
root@am437x-evm:/test# 
