- 07:34:59 [INFO] Starting target session
- 07:35:00 [INFO] Connected to am437x-sk via serial 
- 07:35:00 [INFO] Host: #check prompt
- 07:35:03 [ERROR] On command: #check prompt waiting for #check prompt.+?(?-mix:((?-mix:login:)|[Pp]assword)) >>> error: execution expired
- 07:35:03 [INFO] Target: 
#check prompt
/test # 
- 07:35:03 [INFO] Host: #check prompt
- 07:35:05 [ERROR] On command: #check prompt waiting for #check prompt.+?(?-mix:[\w\d]+@.+[@:#]+) >>> error: execution expired
- 07:35:05 [INFO] Target: 
#check prompt
/test # 
- 07:35:05 [INFO] Host: #check prompt
- 07:35:07 [ERROR] On command: #check prompt waiting for #check prompt.+?(?-mix:[\w\d]+@.+[@:#]+) >>> error: execution expired
- 07:35:07 [INFO] Target: 
#check prompt
/test # 
- 07:35:07 [INFO] Host: #check prompt
- 07:35:09 [ERROR] On command: #check prompt waiting for #check prompt.+?(?-mix:[\w\d]+@.+[@:#]+) >>> error: execution expired
- 07:35:09 [INFO] Target: 
#check prompt
/test # 
- 07:35:09 [INFO] Disconnected serial from am437x-sk
- 07:35:14 [INFO] Connected to am437x-sk via serial 
- 07:35:14 [INFO] Host: 
- 07:35:15 [INFO] Target: 
PMIC:  TPS65218
NAND:  0 MiB
MMC:   OMAP SD/MMC: 0
reading uboot.env
Net:   
Warning: ethernet@4a100000 using MAC address from ROM
eth0: ethernet@4a100000
Hit any key to stop autoboot:  2  0 
=>  
=>  
=>  
=>  
=>  
=>  
=>  
=>  
- 07:35:15 [INFO] Host: 
- 07:35:15 [INFO] Target: 
- 07:35:15 [INFO] Host: version
- 07:35:15 [INFO] Target: 
version
U-Boot 2016.05-gad0d149681 (Sep 20 2016 - 22:31:31 -0400)
arm-linux-gnueabihf-gcc (Linaro GCC 5.3-2016.02) 5.3.1 20160113
GNU ld (GNU Binutils) 2.25.0 Linaro 2015_10
- 07:35:15 [INFO] Host: setenv bootargs 'console=ttyO0,115200n8 earlyprintk=serial,ttyO0,115200n8 rootwait '
- 07:35:15 [INFO] Target: 
setenv bootargs 'console=ttyO0,115200n8 earlyprintk=serial,ttyO0,115200n8 rootwait '
- 07:35:15 [INFO] Host: setenv bootcmd  ''
- 07:35:15 [INFO] Target: 
setenv bootcmd  ''
- 07:35:15 [INFO] Host: setenv autoload 'no'
- 07:35:15 [INFO] Target: 
setenv autoload 'no'
- 07:35:15 [INFO] Host: setenv serverip '192.168.0.1'
- 07:35:15 [INFO] Target: 
setenv serverip '192.168.0.1'
- 07:35:15 [INFO] Host: setenv _initramfs -
- 07:35:15 [INFO] Target: 
setenv _initramfs -
- 07:35:15 [INFO] Host: printenv
- 07:35:16 [INFO] Target: 
printenv
_initramfs=-
arch=arm
args_fit=setenv bootargs console=${console} 
args_mmc=run finduuid;setenv bootargs console=${console} ${optargs} root=PARTUUID=${uuid} rw rootfstype=${mmcrootfstype}
autoload=no
baudrate=115200
board=am43xx
board_name=AM43__SK
board_rev=1.1A
board_serial=11144P420035
boot_fdt=try
boot_fit=0
bootargs=console=ttyO0,115200n8 earlyprintk=serial,ttyO0,115200n8 rootwait 
bootcmd=
bootdelay=2
bootdir=/boot
bootenvfile=uEnv.txt
bootfile=zImage
bootm_size=0x10000000
bootpart=0:2
bootscript=echo Running bootscript from mmc${mmcdev} ...; source ${loadaddr}
console=ttyO0,115200n8
cpu=armv7
dfu_alt_info_emmc=MLO raw 0x100 0x100 mmcpart 0;u-boot.img raw 0x300 0x1000 mmcpart 0
dfu_alt_info_mmc=boot part 0 1;rootfs part 0 2;MLO fat 0 1;spl-os-args fat 0 1;spl-os-image fat 0 1;u-boot.img fat 0 1;uEnv.txt fat 0 1
dfu_alt_info_qspi=u-boot.bin raw 0x0 0x080000;u-boot.backup raw 0x080000 0x080000;u-boot-spl-os raw 0x100000 0x010000;u-boot-env raw 0x110000 0x010000;u-boot-env.backup raw 0x120000 0x010000;kernel raw 0x130000 0x800000
dfu_alt_info_ram=kernel ram 0x80200000 0x4000000;fdt ram 0x80f80000 0x80000;ramdisk ram 0x81000000 0x4000000
dfu_bufsiz=0x10000
envboot=mmc dev ${mmcdev}; if mmc rescan; then echo SD/MMC found on device ${mmcdev};if run loadbootscript; then run bootscript;else if run loadbootenv; then echo Loaded env from ${bootenvfile};run importbootenv;fi;if test -n $uenvcmd; then echo Running uenvcmd ...;run uenvcmd;fi;fi;fi;
ethaddr=34:b1:f7:3d:b9:00
fdt_addr_r=0x88000000
fdtaddr=0x88000000
fdtcontroladdr=bef0f298
fdtfile=undefined
findfdt=if test $board_name = AM43EPOS; then setenv fdtfile am43x-epos-evm.dtb; fi; if test $board_name = AM43__GP; then setenv fdtfile am437x-gp-evm.dtb; fi; if test $board_name = AM43XXHS; then setenv fdtfile am437x-gp-evm.dtb; fi; if test $board_name = AM43__SK; then setenv fdtfile am437x-sk-evm.dtb; fi; if test $board_name = AM43_IDK; then setenv fdtfile am437x-idk-evm.dtb; fi; if test $fdtfile = undefined; then echo WARNING: Could not determine device tree; fi; 
finduuid=part uuid mmc ${bootpart} uuid
fit_bootfile=fitImage.itb
fit_loadaddr=0x88000000
importbootenv=echo Importing environment from mmc${mmcdev} ...; env import -t ${loadaddr} ${filesize}
kernel_addr_r=0x82000000
loadaddr=0x82000000
loadbootenv=fatload mmc ${mmcdev} ${loadaddr} ${bootenvfile}
loadbootscript=load mmc ${mmcdev} ${loadaddr} boot.scr
loadfdt=load ${devtype} ${bootpart} ${fdtaddr} ${bootdir}/${fdtfile}
loadfit=run args_fit; bootm ${loadaddr}:kernel@1 ${loadaddr}:ramdisk@1 ${loadaddr}:${fdtfile};
loadimage=load ${devtype} ${bootpart} ${loadaddr} ${bootdir}/${bootfile}
loadramdisk=load ${devtype} ${devnum} ${rdaddr} ramdisk.gz
mmcboot=mmc dev ${mmcdev}; setenv devnum ${mmcdev}; setenv devtype mmc; if mmc rescan; then echo SD/MMC found on device ${mmcdev};if run loadimage; then if test ${boot_fit} -eq 1; then run loadfit; else run mmcloados;fi;fi;fi;
mmcdev=0
mmcloados=run args_mmc; if test ${boot_fdt} = yes || test ${boot_fdt} = try; then if run loadfdt; then bootz ${loadaddr} - ${fdtaddr}; else if test ${boot_fdt} = try; then bootz; else echo WARN: Cannot load the DT; fi; fi; else bootz; fi;
mmcrootfstype=ext4 rootwait
mtdids=nand0=nand.0
mtdparts=mtdparts=nand.0:256k(NAND.SPL),256k(NAND.SPL.backup1),256k(NAND.SPL.backup2),256k(NAND.SPL.backup3),512k(NAND.u-boot-spl-os),1m(NAND.u-boot),256k(NAND.u-boot-env),256k(NAND.u-boot-env.backup1),7m(NAND.kernel),-(NAND.file-system)
nandargs=setenv bootargs console=${console} ${optargs} root=${nandroot} rootfstype=${nandrootfstype}
nandboot=echo Booting from nand ...; run nandargs; nand read ${fdtaddr} NAND.u-boot-spl-os; nand read ${loadaddr} NAND.kernel; bootz ${loadaddr} - ${fdtaddr}
nandroot=ubi0:rootfs rw ubi.mtd=NAND.file-system,4096
nandrootfstype=ubifs rootwait=1
netargs=setenv bootargs console=${console} ${optargs} root=/dev/nfs nfsroot=${serverip}:${rootpath},${nfsopts} rw ip=dhcp
netboot=echo Booting from network ...; setenv autoload no; dhcp; run netloadimage; run netloadfdt; run netargs; bootz ${loadaddr} - ${fdtaddr}
netloadfdt=tftp ${fdtaddr} ${fdtfile}
netloadimage=tftp ${loadaddr} ${bootfile}
nfsopts=nolock
partitions=uuid_disk=${uuid_gpt_disk};name=rootfs,start=2MiB,size=-,uuid=${uuid_gpt_rootfs}
pxefile_addr_r=0x80100000
ramargs=setenv bootargs console=${console} ${optargs} root=${ramroot} rootfstype=${ramrootfstype}
ramdisk_addr_r=0x88080000
ramroot=/dev/ram0 rw
ramrootfstype=ext2
rdaddr=0x88080000
rootpath=/export/rootfs
scriptaddr=0x80000000
serverip=192.168.0.1
soc=am33xx
static_ip=${ipaddr}:${serverip}:${gatewayip}:${netmask}:${hostname}::off
stderr=serial@44e09000
stdin=serial@44e09000
stdout=serial@44e09000
update_to_fit=setenv loadaddr ${fit_loadaddr}; setenv bootfile ${fit_bootfile}
usbargs=setenv bootargs console=${console} ${optargs} root=${usbroot} rootfstype=${usbrootfstype}
usbboot=setenv devnum ${usbdev}; setenv devtype usb; usb start ${usbdev}; if usb dev ${usbdev}; then if run loadbootenv; then echo Loaded environment from ${bootenv};run importbootenv;fi;if test -n $uenvcmd; then echo Running uenvcmd ...;run uenvcmd;fi;if run loadimage; then run loadfdt; echo Booting from usb ${usbdev}...; run usbargs;bootz ${loadaddr} - ${fdtaddr}; fi;fi
usbdev=0
usbroot=/dev/sda2 rw
usbrootfstype=ext4 rootwait
vendor=ti
ver=U-Boot 2016.05-gad0d149681 (Sep 20 2016 - 22:31:31 -0400)
Environment size: 5533/65532 bytes
- 07:35:16 [INFO] Host: printenv
- 07:35:16 [INFO] Target: 
printenv
_initramfs=-
arch=arm
args_fit=setenv bootargs console=${console} 
args_mmc=run finduuid;setenv bootargs console=${console} ${optargs} root=PARTUUID=${uuid} rw rootfstype=${mmcrootfstype}
autoload=no
baudrate=115200
board=am43xx
board_name=AM43__SK
board_rev=1.1A
board_serial=11144P420035
boot_fdt=try
boot_fit=0
bootargs=console=ttyO0,115200n8 earlyprintk=serial,ttyO0,115200n8 rootwait 
bootcmd=
bootdelay=2
bootdir=/boot
bootenvfile=uEnv.txt
bootfile=zImage
bootm_size=0x10000000
bootpart=0:2
bootscript=echo Running bootscript from mmc${mmcdev} ...; source ${loadaddr}
console=ttyO0,115200n8
cpu=armv7
dfu_alt_info_emmc=MLO raw 0x100 0x100 mmcpart 0;u-boot.img raw 0x300 0x1000 mmcpart 0
dfu_alt_info_mmc=boot part 0 1;rootfs part 0 2;MLO fat 0 1;spl-os-args fat 0 1;spl-os-image fat 0 1;u-boot.img fat 0 1;uEnv.txt fat 0 1
dfu_alt_info_qspi=u-boot.bin raw 0x0 0x080000;u-boot.backup raw 0x080000 0x080000;u-boot-spl-os raw 0x100000 0x010000;u-boot-env raw 0x110000 0x010000;u-boot-env.backup raw 0x120000 0x010000;kernel raw 0x130000 0x800000
dfu_alt_info_ram=kernel ram 0x80200000 0x4000000;fdt ram 0x80f80000 0x80000;ramdisk ram 0x81000000 0x4000000
dfu_bufsiz=0x10000
envboot=mmc dev ${mmcdev}; if mmc rescan; then echo SD/MMC found on device ${mmcdev};if run loadbootscript; then run bootscript;else if run loadbootenv; then echo Loaded env from ${bootenvfile};run importbootenv;fi;if test -n $uenvcmd; then echo Running uenvcmd ...;run uenvcmd;fi;fi;fi;
ethaddr=34:b1:f7:3d:b9:00
fdt_addr_r=0x88000000
fdtaddr=0x88000000
fdtcontroladdr=bef0f298
fdtfile=undefined
findfdt=if test $board_name = AM43EPOS; then setenv fdtfile am43x-epos-evm.dtb; fi; if test $board_name = AM43__GP; then setenv fdtfile am437x-gp-evm.dtb; fi; if test $board_name = AM43XXHS; then setenv fdtfile am437x-gp-evm.dtb; fi; if test $board_name = AM43__SK; then setenv fdtfile am437x-sk-evm.dtb; fi; if test $board_name = AM43_IDK; then setenv fdtfile am437x-idk-evm.dtb; fi; if test $fdtfile = undefined; then echo WARNING: Could not determine device tree; fi; 
finduuid=part uuid mmc ${bootpart} uuid
fit_bootfile=fitImage.itb
fit_loadaddr=0x88000000
importbootenv=echo Importing environment from mmc${mmcdev} ...; env import -t ${loadaddr} ${filesize}
kernel_addr_r=0x82000000
loadaddr=0x82000000
loadbootenv=fatload mmc ${mmcdev} ${loadaddr} ${bootenvfile}
loadbootscript=load mmc ${mmcdev} ${loadaddr} boot.scr
loadfdt=load ${devtype} ${bootpart} ${fdtaddr} ${bootdir}/${fdtfile}
loadfit=run args_fit; bootm ${loadaddr}:kernel@1 ${loadaddr}:ramdisk@1 ${loadaddr}:${fdtfile};
loadimage=load ${devtype} ${bootpart} ${loadaddr} ${bootdir}/${bootfile}
loadramdisk=load ${devtype} ${devnum} ${rdaddr} ramdisk.gz
mmcboot=mmc dev ${mmcdev}; setenv devnum ${mmcdev}; setenv devtype mmc; if mmc rescan; then echo SD/MMC found on device ${mmcdev};if run loadimage; then if test ${boot_fit} -eq 1; then run loadfit; else run mmcloados;fi;fi;fi;
mmcdev=0
mmcloados=run args_mmc; if test ${boot_fdt} = yes || test ${boot_fdt} = try; then if run loadfdt; then bootz ${loadaddr} - ${fdtaddr}; else if test ${boot_fdt} = try; then bootz; else echo WARN: Cannot load the DT; fi; fi; else bootz; fi;
mmcrootfstype=ext4 rootwait
mtdids=nand0=nand.0
mtdparts=mtdparts=nand.0:256k(NAND.SPL),256k(NAND.SPL.backup1),256k(NAND.SPL.backup2),256k(NAND.SPL.backup3),512k(NAND.u-boot-spl-os),1m(NAND.u-boot),256k(NAND.u-boot-env),256k(NAND.u-boot-env.backup1),7m(NAND.kernel),-(NAND.file-system)
nandargs=setenv bootargs console=${console} ${optargs} root=${nandroot} rootfstype=${nandrootfstype}
nandboot=echo Booting from nand ...; run nandargs; nand read ${fdtaddr} NAND.u-boot-spl-os; nand read ${loadaddr} NAND.kernel; bootz ${loadaddr} - ${fdtaddr}
nandroot=ubi0:rootfs rw ubi.mtd=NAND.file-system,4096
nandrootfstype=ubifs rootwait=1
netargs=setenv bootargs console=${console} ${optargs} root=/dev/nfs nfsroot=${serverip}:${rootpath},${nfsopts} rw ip=dhcp
netboot=echo Booting from network ...; setenv autoload no; dhcp; run netloadimage; run netloadfdt; run netargs; bootz ${loadaddr} - ${fdtaddr}
netloadfdt=tftp ${fdtaddr} ${fdtfile}
netloadimage=tftp ${loadaddr} ${bootfile}
nfsopts=nolock
partitions=uuid_disk=${uuid_gpt_disk};name=rootfs,start=2MiB,size=-,uuid=${uuid_gpt_rootfs}
pxefile_addr_r=0x80100000
ramargs=setenv bootargs console=${console} ${optargs} root=${ramroot} rootfstype=${ramrootfstype}
ramdisk_addr_r=0x88080000
ramroot=/dev/ram0 rw
ramrootfstype=ext2
rdaddr=0x88080000
rootpath=/export/rootfs
scriptaddr=0x80000000
serverip=192.168.0.1
soc=am33xx
static_ip=${ipaddr}:${serverip}:${gatewayip}:${netmask}:${hostname}::off
stderr=serial@44e09000
stdin=serial@44e09000
stdout=serial@44e09000
update_to_fit=setenv loadaddr ${fit_loadaddr}; setenv bootfile ${fit_bootfile}
usbargs=setenv bootargs console=${console} ${optargs} root=${usbroot} rootfstype=${usbrootfstype}
usbboot=setenv devnum ${usbdev}; setenv devtype usb; usb start ${usbdev}; if usb dev ${usbdev}; then if run loadbootenv; then echo Loaded environment from ${bootenv};run importbootenv;fi;if test -n $uenvcmd; then echo Running uenvcmd ...;run uenvcmd;fi;if run loadimage; then run loadfdt; echo Booting from usb ${usbdev}...; run usbargs;bootz ${loadaddr} - ${fdtaddr}; fi;fi
usbdev=0
usbroot=/dev/sda2 rw
usbrootfstype=ext4 rootwait
vendor=ti
ver=U-Boot 2016.05-gad0d149681 (Sep 20 2016 - 22:31:31 -0400)
Environment size: 5533/65532 bytes
- 07:35:16 [INFO] Host: setenv bootargs ''${bootargs}' ip=:::::eth0:dhcp '
- 07:35:17 [INFO] Target: 
setenv bootargs ''${bootargs}' ip=:::::eth0:dhcp '
- 07:35:17 [INFO] Host: setenv serverip '192.168.0.1'
- 07:35:17 [INFO] Target: 
setenv serverip '192.168.0.1'
- 07:35:17 [INFO] Host: setenv autoload 'no'
- 07:35:17 [INFO] Target: 
setenv autoload 'no'
- 07:35:17 [INFO] Host: dhcp
- 07:35:21 [INFO] Target: 
dhcp
ethernet@4a100000 Waiting for PHY auto negotiation to complete...... done
link up on port 0, speed 1000, full duplex
BOOTP broadcast 1
BOOTP broadcast 2
BOOTP broadcast 3
DHCP client bound to address 192.168.0.193 (1340 ms)
- 07:35:21 [INFO] Host: tftp ${loadaddr} 192.168.0.1:vatf_am437x-sk/66c25accbecf3ad50e6dc47e68d8f251
- 07:35:22 [INFO] Target: 
tftp ${loadaddr} 192.168.0.1:vatf_am437x-sk/66c25accbecf3ad50e6dc47e68d8f251
link up on port 0, speed 1000, full duplex
Using ethernet@4a100000 device
TFTP from server 192.168.0.1; our IP address is 192.168.0.193
Filename 'vatf_am437x-sk/66c25accbecf3ad50e6dc47e68d8f251'.
Load address: 0x82000000
Loading: *#################################################################
	 #################################################################
	 #################################################################
	 #################################################################
	 ##
	 6.4 MiB/s
done
Bytes transferred = 3839176 (3a94c8 hex)
- 07:35:22 [INFO] Host: tftp ${fdt_addr_r} 192.168.0.1:vatf_am437x-sk/fe851e797a9af8936abac1ecdc1bb333
- 07:35:22 [INFO] Target: 
tftp ${fdt_addr_r} 192.168.0.1:vatf_am437x-sk/fe851e797a9af8936abac1ecdc1bb333
link up on port 0, speed 1000, full duplex
Using ethernet@4a100000 device
TFTP from server 192.168.0.1; our IP address is 192.168.0.193
Filename 'vatf_am437x-sk/fe851e797a9af8936abac1ecdc1bb333'.
Load address: 0x88000000
Loading: *####
	 5.5 MiB/s
done
Bytes transferred = 46064 (b3f0 hex)
- 07:35:22 [INFO] Host: ls mmc 0:1
- 07:35:22 [INFO] Target: 
ls mmc 0:1
    73868   mlo 
   599920   u-boot.img 
        4   ws-calibrate.rules 
       14   .ipaddr 
        0   pointercal 
    65536   uboot.env 
6 file(s), 0 dir(s)
- 07:35:22 [INFO] Host: ls mmc 0:2
- 07:35:22 [INFO] Target: 
ls mmc 0:2
<DIR>       4096 .
<DIR>       4096 ..
<DIR>       4096 include
<DIR>       4096 srv
<DIR>       4096 home
<DIR>       4096 media
<DIR>       4096 opt
<DIR>       4096 var
<DIR>       4096 sys
<DIR>       4096 boot
<DIR>       4096 dev
<DIR>       4096 usr
<DIR>       4096 bin
<DIR>       4096 mnt
<DIR>       4096 etc
<DIR>       4096 sbin
<DIR>       4096 www
<SYM>          8 tmp
<DIR>       4096 proc
<DIR>       4096 run
<DIR>       4096 lib
<DIR>       4096 test
- 07:35:22 [INFO] Host: part uuid mmc 0:2
- 07:35:23 [INFO] Target: 
part uuid mmc 0:2
00000000-02
- 07:35:23 [INFO] Host: printenv
- 07:35:23 [INFO] Target: 
printenv
_initramfs=-
arch=arm
args_fit=setenv bootargs console=${console} 
args_mmc=run finduuid;setenv bootargs console=${console} ${optargs} root=PARTUUID=${uuid} rw rootfstype=${mmcrootfstype}
autoload=no
baudrate=115200
board=am43xx
board_name=AM43__SK
board_rev=1.1A
board_serial=11144P420035
boot_fdt=try
boot_fit=0
bootargs=console=ttyO0,115200n8 earlyprintk=serial,ttyO0,115200n8 rootwait  ip=:::::eth0:dhcp 
bootcmd=
bootdelay=2
bootdir=/boot
bootenvfile=uEnv.txt
bootfile=zImage
bootm_size=0x10000000
bootpart=0:2
bootscript=echo Running bootscript from mmc${mmcdev} ...; source ${loadaddr}
console=ttyO0,115200n8
cpu=armv7
dfu_alt_info_emmc=MLO raw 0x100 0x100 mmcpart 0;u-boot.img raw 0x300 0x1000 mmcpart 0
dfu_alt_info_mmc=boot part 0 1;rootfs part 0 2;MLO fat 0 1;spl-os-args fat 0 1;spl-os-image fat 0 1;u-boot.img fat 0 1;uEnv.txt fat 0 1
dfu_alt_info_qspi=u-boot.bin raw 0x0 0x080000;u-boot.backup raw 0x080000 0x080000;u-boot-spl-os raw 0x100000 0x010000;u-boot-env raw 0x110000 0x010000;u-boot-env.backup raw 0x120000 0x010000;kernel raw 0x130000 0x800000
dfu_alt_info_ram=kernel ram 0x80200000 0x4000000;fdt ram 0x80f80000 0x80000;ramdisk ram 0x81000000 0x4000000
dfu_bufsiz=0x10000
dnsip=192.0.2.2
dnsip2=192.0.2.3
envboot=mmc dev ${mmcdev}; if mmc rescan; then echo SD/MMC found on device ${mmcdev};if run loadbootscript; then run bootscript;else if run loadbootenv; then echo Loaded env from ${bootenvfile};run importbootenv;fi;if test -n $uenvcmd; then echo Running uenvcmd ...;run uenvcmd;fi;fi;fi;
ethact=ethernet@4a100000
ethaddr=34:b1:f7:3d:b9:00
fdt_addr_r=0x88000000
fdtaddr=0x88000000
fdtcontroladdr=bef0f298
fdtfile=undefined
fileaddr=88000000
filesize=b3f0
findfdt=if test $board_name = AM43EPOS; then setenv fdtfile am43x-epos-evm.dtb; fi; if test $board_name = AM43__GP; then setenv fdtfile am437x-gp-evm.dtb; fi; if test $board_name = AM43XXHS; then setenv fdtfile am437x-gp-evm.dtb; fi; if test $board_name = AM43__SK; then setenv fdtfile am437x-sk-evm.dtb; fi; if test $board_name = AM43_IDK; then setenv fdtfile am437x-idk-evm.dtb; fi; if test $fdtfile = undefined; then echo WARNING: Could not determine device tree; fi; 
finduuid=part uuid mmc ${bootpart} uuid
fit_bootfile=fitImage.itb
fit_loadaddr=0x88000000
gatewayip=192.168.0.1
importbootenv=echo Importing environment from mmc${mmcdev} ...; env import -t ${loadaddr} ${filesize}
ipaddr=192.168.0.193
kernel_addr_r=0x82000000
loadaddr=0x82000000
loadbootenv=fatload mmc ${mmcdev} ${loadaddr} ${bootenvfile}
loadbootscript=load mmc ${mmcdev} ${loadaddr} boot.scr
loadfdt=load ${devtype} ${bootpart} ${fdtaddr} ${bootdir}/${fdtfile}
loadfit=run args_fit; bootm ${loadaddr}:kernel@1 ${loadaddr}:ramdisk@1 ${loadaddr}:${fdtfile};
loadimage=load ${devtype} ${bootpart} ${loadaddr} ${bootdir}/${bootfile}
loadramdisk=load ${devtype} ${devnum} ${rdaddr} ramdisk.gz
mmcboot=mmc dev ${mmcdev}; setenv devnum ${mmcdev}; setenv devtype mmc; if mmc rescan; then echo SD/MMC found on device ${mmcdev};if run loadimage; then if test ${boot_fit} -eq 1; then run loadfit; else run mmcloados;fi;fi;fi;
mmcdev=0
mmcloados=run args_mmc; if test ${boot_fdt} = yes || test ${boot_fdt} = try; then if run loadfdt; then bootz ${loadaddr} - ${fdtaddr}; else if test ${boot_fdt} = try; then bootz; else echo WARN: Cannot load the DT; fi; fi; else bootz; fi;
mmcrootfstype=ext4 rootwait
mtdids=nand0=nand.0
mtdparts=mtdparts=nand.0:256k(NAND.SPL),256k(NAND.SPL.backup1),256k(NAND.SPL.backup2),256k(NAND.SPL.backup3),512k(NAND.u-boot-spl-os),1m(NAND.u-boot),256k(NAND.u-boot-env),256k(NAND.u-boot-env.backup1),7m(NAND.kernel),-(NAND.file-system)
nandargs=setenv bootargs console=${console} ${optargs} root=${nandroot} rootfstype=${nandrootfstype}
nandboot=echo Booting from nand ...; run nandargs; nand read ${fdtaddr} NAND.u-boot-spl-os; nand read ${loadaddr} NAND.kernel; bootz ${loadaddr} - ${fdtaddr}
nandroot=ubi0:rootfs rw ubi.mtd=NAND.file-system,4096
nandrootfstype=ubifs rootwait=1
netargs=setenv bootargs console=${console} ${optargs} root=/dev/nfs nfsroot=${serverip}:${rootpath},${nfsopts} rw ip=dhcp
netboot=echo Booting from network ...; setenv autoload no; dhcp; run netloadimage; run netloadfdt; run netargs; bootz ${loadaddr} - ${fdtaddr}
netloadfdt=tftp ${fdtaddr} ${fdtfile}
netloadimage=tftp ${loadaddr} ${bootfile}
netmask=255.255.255.0
nfsopts=nolock
partitions=uuid_disk=${uuid_gpt_disk};name=rootfs,start=2MiB,size=-,uuid=${uuid_gpt_rootfs}
pxefile_addr_r=0x80100000
ramargs=setenv bootargs console=${console} ${optargs} root=${ramroot} rootfstype=${ramrootfstype}
ramdisk_addr_r=0x88080000
ramroot=/dev/ram0 rw
ramrootfstype=ext2
rdaddr=0x88080000
rootpath=/export/rootfs
scriptaddr=0x80000000
serverip=192.168.0.1
soc=am33xx
static_ip=${ipaddr}:${serverip}:${gatewayip}:${netmask}:${hostname}::off
stderr=serial@44e09000
stdin=serial@44e09000
stdout=serial@44e09000
update_to_fit=setenv loadaddr ${fit_loadaddr}; setenv bootfile ${fit_bootfile}
usbargs=setenv bootargs console=${console} ${optargs} root=${usbroot} rootfstype=${usbrootfstype}
usbboot=setenv devnum ${usbdev}; setenv devtype usb; usb start ${usbdev}; if usb dev ${usbdev}; then if run loadbootenv; then echo Loaded environment from ${bootenv};run importbootenv;fi;if test -n $uenvcmd; then echo Running uenvcmd ...;run uenvcmd;fi;if run loadimage; then run loadfdt; echo Booting from usb ${usbdev}...; run usbargs;bootz ${loadaddr} - ${fdtaddr}; fi;fi
usbdev=0
usbroot=/dev/sda2 rw
usbrootfstype=ext4 rootwait
vendor=ti
ver=U-Boot 2016.05-gad0d149681 (Sep 20 2016 - 22:31:31 -0400)
Environment size: 5723/65532 bytes
- 07:35:23 [INFO] Host: setenv bootargs ''${bootargs}' root=PARTUUID=00000000-02 rw rootfstype=ext4 rootwait '
- 07:35:23 [INFO] Target: 
setenv bootargs ''${bootargs}' root=PARTUUID=00000000-02 rw rootfstype=ext4 rootwait '
- 07:35:23 [INFO] Host: printenv
- 07:35:24 [INFO] Target: 
printenv
_initramfs=-
arch=arm
args_fit=setenv bootargs console=${console} 
args_mmc=run finduuid;setenv bootargs console=${console} ${optargs} root=PARTUUID=${uuid} rw rootfstype=${mmcrootfstype}
autoload=no
baudrate=115200
board=am43xx
board_name=AM43__SK
board_rev=1.1A
board_serial=11144P420035
boot_fdt=try
boot_fit=0
bootargs=console=ttyO0,115200n8 earlyprintk=serial,ttyO0,115200n8 rootwait  ip=:::::eth0:dhcp  root=PARTUUID=00000000-02 rw rootfstype=ext4 rootwait 
bootcmd=
bootdelay=2
bootdir=/boot
bootenvfile=uEnv.txt
bootfile=zImage
bootm_size=0x10000000
bootpart=0:2
bootscript=echo Running bootscript from mmc${mmcdev} ...; source ${loadaddr}
console=ttyO0,115200n8
cpu=armv7
dfu_alt_info_emmc=MLO raw 0x100 0x100 mmcpart 0;u-boot.img raw 0x300 0x1000 mmcpart 0
dfu_alt_info_mmc=boot part 0 1;rootfs part 0 2;MLO fat 0 1;spl-os-args fat 0 1;spl-os-image fat 0 1;u-boot.img fat 0 1;uEnv.txt fat 0 1
dfu_alt_info_qspi=u-boot.bin raw 0x0 0x080000;u-boot.backup raw 0x080000 0x080000;u-boot-spl-os raw 0x100000 0x010000;u-boot-env raw 0x110000 0x010000;u-boot-env.backup raw 0x120000 0x010000;kernel raw 0x130000 0x800000
dfu_alt_info_ram=kernel ram 0x80200000 0x4000000;fdt ram 0x80f80000 0x80000;ramdisk ram 0x81000000 0x4000000
dfu_bufsiz=0x10000
dnsip=192.0.2.2
dnsip2=192.0.2.3
envboot=mmc dev ${mmcdev}; if mmc rescan; then echo SD/MMC found on device ${mmcdev};if run loadbootscript; then run bootscript;else if run loadbootenv; then echo Loaded env from ${bootenvfile};run importbootenv;fi;if test -n $uenvcmd; then echo Running uenvcmd ...;run uenvcmd;fi;fi;fi;
ethact=ethernet@4a100000
ethaddr=34:b1:f7:3d:b9:00
fdt_addr_r=0x88000000
fdtaddr=0x88000000
fdtcontroladdr=bef0f298
fdtfile=undefined
fileaddr=88000000
filesize=b3f0
findfdt=if test $board_name = AM43EPOS; then setenv fdtfile am43x-epos-evm.dtb; fi; if test $board_name = AM43__GP; then setenv fdtfile am437x-gp-evm.dtb; fi; if test $board_name = AM43XXHS; then setenv fdtfile am437x-gp-evm.dtb; fi; if test $board_name = AM43__SK; then setenv fdtfile am437x-sk-evm.dtb; fi; if test $board_name = AM43_IDK; then setenv fdtfile am437x-idk-evm.dtb; fi; if test $fdtfile = undefined; then echo WARNING: Could not determine device tree; fi; 
finduuid=part uuid mmc ${bootpart} uuid
fit_bootfile=fitImage.itb
fit_loadaddr=0x88000000
gatewayip=192.168.0.1
importbootenv=echo Importing environment from mmc${mmcdev} ...; env import -t ${loadaddr} ${filesize}
ipaddr=192.168.0.193
kernel_addr_r=0x82000000
loadaddr=0x82000000
loadbootenv=fatload mmc ${mmcdev} ${loadaddr} ${bootenvfile}
loadbootscript=load mmc ${mmcdev} ${loadaddr} boot.scr
loadfdt=load ${devtype} ${bootpart} ${fdtaddr} ${bootdir}/${fdtfile}
loadfit=run args_fit; bootm ${loadaddr}:kernel@1 ${loadaddr}:ramdisk@1 ${loadaddr}:${fdtfile};
loadimage=load ${devtype} ${bootpart} ${loadaddr} ${bootdir}/${bootfile}
loadramdisk=load ${devtype} ${devnum} ${rdaddr} ramdisk.gz
mmcboot=mmc dev ${mmcdev}; setenv devnum ${mmcdev}; setenv devtype mmc; if mmc rescan; then echo SD/MMC found on device ${mmcdev};if run loadimage; then if test ${boot_fit} -eq 1; then run loadfit; else run mmcloados;fi;fi;fi;
mmcdev=0
mmcloados=run args_mmc; if test ${boot_fdt} = yes || test ${boot_fdt} = try; then if run loadfdt; then bootz ${loadaddr} - ${fdtaddr}; else if test ${boot_fdt} = try; then bootz; else echo WARN: Cannot load the DT; fi; fi; else bootz; fi;
mmcrootfstype=ext4 rootwait
mtdids=nand0=nand.0
mtdparts=mtdparts=nand.0:256k(NAND.SPL),256k(NAND.SPL.backup1),256k(NAND.SPL.backup2),256k(NAND.SPL.backup3),512k(NAND.u-boot-spl-os),1m(NAND.u-boot),256k(NAND.u-boot-env),256k(NAND.u-boot-env.backup1),7m(NAND.kernel),-(NAND.file-system)
nandargs=setenv bootargs console=${console} ${optargs} root=${nandroot} rootfstype=${nandrootfstype}
nandboot=echo Booting from nand ...; run nandargs; nand read ${fdtaddr} NAND.u-boot-spl-os; nand read ${loadaddr} NAND.kernel; bootz ${loadaddr} - ${fdtaddr}
nandroot=ubi0:rootfs rw ubi.mtd=NAND.file-system,4096
nandrootfstype=ubifs rootwait=1
netargs=setenv bootargs console=${console} ${optargs} root=/dev/nfs nfsroot=${serverip}:${rootpath},${nfsopts} rw ip=dhcp
netboot=echo Booting from network ...; setenv autoload no; dhcp; run netloadimage; run netloadfdt; run netargs; bootz ${loadaddr} - ${fdtaddr}
netloadfdt=tftp ${fdtaddr} ${fdtfile}
netloadimage=tftp ${loadaddr} ${bootfile}
netmask=255.255.255.0
nfsopts=nolock
partitions=uuid_disk=${uuid_gpt_disk};name=rootfs,start=2MiB,size=-,uuid=${uuid_gpt_rootfs}
pxefile_addr_r=0x80100000
ramargs=setenv bootargs console=${console} ${optargs} root=${ramroot} rootfstype=${ramrootfstype}
ramdisk_addr_r=0x88080000
ramroot=/dev/ram0 rw
ramrootfstype=ext2
rdaddr=0x88080000
rootpath=/export/rootfs
scriptaddr=0x80000000
serverip=192.168.0.1
soc=am33xx
static_ip=${ipaddr}:${serverip}:${gatewayip}:${netmask}:${hostname}::off
stderr=serial@44e09000
stdin=serial@44e09000
stdout=serial@44e09000
update_to_fit=setenv loadaddr ${fit_loadaddr}; setenv bootfile ${fit_bootfile}
usbargs=setenv bootargs console=${console} ${optargs} root=${usbroot} rootfstype=${usbrootfstype}
usbboot=setenv devnum ${usbdev}; setenv devtype usb; usb start ${usbdev}; if usb dev ${usbdev}; then if run loadbootenv; then echo Loaded environment from ${bootenv};run importbootenv;fi;if test -n $uenvcmd; then echo Running uenvcmd ...;run uenvcmd;fi;if run loadimage; then run loadfdt; echo Booting from usb ${usbdev}...; run usbargs;bootz ${loadaddr} - ${fdtaddr}; fi;fi
usbdev=0
usbroot=/dev/sda2 rw
usbrootfstype=ext4 rootwait
vendor=ti
ver=U-Boot 2016.05-gad0d149681 (Sep 20 2016 - 22:31:31 -0400)
Environment size: 5778/65532 bytes
- 07:35:24 [INFO] Host: setenv bootcmd ''${bootcmd}' if iminfo ${loadaddr}; then bootm ${loadaddr} ${_initramfs} ${fdt_addr_r}; else bootz ${loadaddr} ${_initramfs} ${fdt_addr_r}; bootm ${loadaddr} ${_initramfs} ${fdt_addr_r}; fi'
- 07:35:24 [INFO] Target: 
setenv bootcmd ''${bootcmd}' if iminfo ${loadaddr}; then bootm ${loadaddr} ${_initramfs} ${fdt_addr_r}; else bootz ${loadaddr} ${_initramfs} ${fdt_addr_r}; bootm ${loadaddr} ${_initramfs} ${fdt_addr_r}; fi'
- 07:35:24 [INFO] Host: version
- 07:35:24 [INFO] Target: 
version
U-Boot 2016.05-gad0d149681 (Sep 20 2016 - 22:31:31 -0400)
arm-linux-gnueabihf-gcc (Linaro GCC 5.3-2016.02) 5.3.1 20160113
GNU ld (GNU Binutils) 2.25.0 Linaro 2015_10
- 07:35:24 [INFO] Host: bdinfo
- 07:35:24 [INFO] Target: 
bdinfo
arch_number = 0x00000000
boot_params = 0x80000100
DRAM bank   = 0x00000000
-> start    = 0x80000000
-> size     = 0x40000000
baudrate    = 115200 bps
TLB addr    = 0xBFFF0000
relocaddr   = 0xBFF2A000
reloc off   = 0x3F72A000
irq_sp      = 0xBEF0F280
sp start    = 0xBEF0F270
- 07:35:24 [INFO] Host: mmc rescan; echo $?
- 07:35:24 [INFO] Target: 
mmc rescan; echo $?
- 07:35:24 [INFO] Host: fatwrite mmc ${mmcdev}:1 ${loadaddr} ws-calibrate.rules 4
- 07:35:24 [INFO] Target: 
fatwrite mmc ${mmcdev}:1 ${loadaddr} ws-calibrate.rules 4
writing ws-calibrate.rules
4 bytes written
- 07:35:24 [INFO] Host: fatwrite mmc ${mmcdev}:1 ${loadaddr} ws-calibrate.rules 4
- 07:35:25 [INFO] Target: 
fatwrite mmc ${mmcdev}:1 ${loadaddr} ws-calibrate.rules 4
writing ws-calibrate.rules
4 bytes written
- 07:35:25 [INFO] Host: boot
- 07:38:55 [ERROR] On command: boot waiting for boot.+?(?-mix:login:) >>> error: execution expired
- 07:38:55 [INFO] Target: 
boot
## Checking Image at 82000000 ...
Unknown image format!
Kernel image @ 0x82000000 [ 0x000000 - 0x3a94c8 ]
## Flattened Device Tree blob at 88000000
   Booting using the fdt blob at 0x88000000
   Loading Device Tree to 8fff1000, end 8ffff3ef ... OK
Starting kernel ...
[    0.000000] Booting Linux on physical CPU 0x0
[    0.000000] Linux version 4.8.0-rc7-next-20160923-00002-g74942085cca5 (nmenon@horus) (gcc version 4.9.3 20150413 (prerelease) (Linaro GCC 4.9-2015.05) ) #3 SMP Fri Sep 23 06:34:48 CDT 2016
[    0.000000] CPU: ARMv7 Processor [412fc09a] revision 10 (ARMv7), cr=10c5387d
[    0.000000] CPU: PIPT / VIPT nonaliasing data cache, VIPT aliasing instruction cache
[    0.000000] OF: fdt:Machine model: TI AM437x SK EVM
[    0.000000] cma: Reserved 16 MiB at 0xbf000000
[    0.000000] Memory policy: Data cache writeback
[    0.000000] CPU: All CPU(s) started in SVC mode.
[    0.000000] AM437x ES1.2 (sgx neon )
[    0.000000] percpu: Embedded 15 pages/cpu @ef6b1000 s31808 r8192 d21440 u61440
[    0.000000] Built 1 zonelists in Zone order, mobility grouping on.  Total pages: 260416
[    0.000000] Kernel command line: console=ttyO0,115200n8 earlyprintk=serial,ttyO0,115200n8 rootwait  ip=:::::eth0:dhcp  root=PARTUUID=00000000-02 rw rootfstype=ext4 rootwait 
[    0.000000] PID hash table entries: 4096 (order: 2, 16384 bytes)
[    0.000000] Dentry cache hash table entries: 131072 (order: 7, 524288 bytes)
[    0.000000] Inode-cache hash table entries: 65536 (order: 6, 262144 bytes)
[    0.000000] Memory: 1001656K/1048576K available (7168K kernel code, 766K rwdata, 2376K rodata, 1024K init, 8126K bss, 30536K reserved, 16384K cma-reserved, 245760K highmem)
[    0.000000] Virtual kernel memory layout:
[    0.000000]     vector  : 0xffff0000 - 0xffff1000   (   4 kB)
[    0.000000]     fixmap  : 0xffc00000 - 0xfff00000   (3072 kB)
[    0.000000]     vmalloc : 0xf0800000 - 0xff800000   ( 240 MB)
[    0.000000]     lowmem  : 0xc0000000 - 0xf0000000   ( 768 MB)
[    0.000000]     pkmap   : 0xbfe00000 - 0xc0000000   (   2 MB)
[    0.000000]     modules : 0xbf000000 - 0xbfe00000   (  14 MB)
[    0.000000]       .text : 0xc0008000 - 0xc0800000   (8160 kB)
[    0.000000]       .init : 0xc0b00000 - 0xc0c00000   (1024 kB)
[    0.000000]       .data : 0xc0c00000 - 0xc0cbf874   ( 767 kB)
[    0.000000]        .bss : 0xc0cc1000 - 0xc14b0800   (8126 kB)
[    0.000000] Running RCU self tests
[    0.000000] Hierarchical RCU implementation.
[    0.000000] 	RCU lockdep checking is enabled.
[    0.000000] 	Build-time adjustment of leaf fanout to 32.
[    0.000000] 	RCU restricting CPUs from NR_CPUS=2 to nr_cpu_ids=1.
[    0.000000] RCU: Adjusting geometry for rcu_fanout_leaf=32, nr_cpu_ids=1
[    0.000000] NR_IRQS:16 nr_irqs:16 16
[    0.000000] L2C: platform modifies aux control register: 0x0e030000 -> 0x3e430000
[    0.000000] L2C: DT/platform modifies aux control register: 0x0e030000 -> 0x3e430000
[    0.000000] L2C-310 enabling early BRESP for Cortex-A9
[    0.000000] OMAP L2C310: ROM does not support power control setting
[    0.000000] L2C-310 dynamic clock gating disabled, standby mode disabled
[    0.000000] L2C-310 cache controller enabled, 16 ways, 256 kB
[    0.000000] L2C-310: CACHE_ID 0x410000c9, AUX_CTRL 0x4e430000
[    0.000000] OMAP clockevent source: timer1 at 32786 Hz
[    0.000000] clocksource: 32k_counter: mask: 0xffffffff max_cycles: 0xffffffff, max_idle_ns: 58327039986419 ns
[    0.000000] sched_clock: 32 bits at 32kHz, resolution 30517ns, wraps every 65535999984741ns
[    0.000000] OMAP clocksource: 32k_counter at 32768 Hz
[    0.001098] Console: colour dummy device 80x30
[    0.001159] Lock dependency validator: Copyright (c) 2006 Red Hat, Inc., Ingo Molnar
[    0.001159] ... MAX_LOCKDEP_SUBCLASSES:  8
[    0.001190] ... MAX_LOCK_DEPTH:          48
[    0.001190] ... MAX_LOCKDEP_KEYS:        8191
[    0.001190] ... CLASSHASH_SIZE:          4096
[    0.001190] ... MAX_LOCKDEP_ENTRIES:     32768
[    0.001220] ... MAX_LOCKDEP_CHAINS:      65536
[    0.001220] ... CHAINHASH_SIZE:          32768
[    0.001220]  memory used by lock dependency info: 5167 kB
[    0.001220]  per task-struct memory footprint: 1536 bytes
[    0.001251] Calibrating delay loop... 1987.37 BogoMIPS (lpj=9936896)
[    0.119628] pid_max: default: 32768 minimum: 301
[    0.120025] Security Framework initialized
[    0.120147] Mount-cache hash table entries: 2048 (order: 1, 8192 bytes)
[    0.120147] Mountpoint-cache hash table entries: 2048 (order: 1, 8192 bytes)
[    0.123382] CPU: Testing write buffer coherency: ok
[    0.124786] CPU0: thread -1, cpu 0, socket 0, mpidr 80000000
[    0.125854] Setting up static identity map for 0x80100000 - 0x80100070
[    0.128051] Brought up 1 CPUs
[    0.128082] SMP: Total of 1 processors activated (1987.37 BogoMIPS).
[    0.128082] CPU: All CPU(s) started in SVC mode.
[    0.131347] devtmpfs: initialized
[    0.167541] VFP support v0.3: implementor 41 architecture 3 part 30 variant 9 rev 4
[    0.168304] clocksource: jiffies: mask: 0xffffffff max_cycles: 0xffffffff, max_idle_ns: 19112604462750000 ns
[    0.170288] pinctrl core: initialized pinctrl subsystem
[    0.174652] NET: Registered protocol family 16
[    0.179138] DMA: preallocated 256 KiB pool for atomic coherent allocations
[    0.287231] cpuidle: using governor menu
[    0.307464] OMAP GPIO hardware version 0.1
[    0.325042] platform 53701000.des: Cannot lookup hwmod 'des'
[    0.325561] platform 48310000.rng: Cannot lookup hwmod 'rng'
[    0.333557] No ATAGs?
[    0.333648] hw-breakpoint: found 5 (+1 reserved) breakpoint and 1 watchpoint registers.
[    0.333648] hw-breakpoint: maximum watchpoint size is 4 bytes.
[    0.334075] omap4_sram_init:Unable to allocate sram needed to handle errata I688
[    0.334075] omap4_sram_init:Unable to get sram pool needed to handle errata I688
[    0.373565] edma 49000000.edma: TI EDMA DMA engine driver
[    0.377258] SCSI subsystem initialized
[    0.378845] omap_i2c 44e0b000.i2c: could not find pctldev for node /ocp@44000000/l4_wkup@44c00000/scm@210000/pinmux@800/i2c0_pins, deferring probe
[    0.378967] omap_i2c 4802a000.i2c: could not find pctldev for node /ocp@44000000/l4_wkup@44c00000/scm@210000/pinmux@800/i2c1_pins, deferring probe
[    0.379211] pps_core: LinuxPPS API ver. 1 registered
[    0.379211] pps_core: Software ver. 5.3.6 - Copyright 2005-2007 Rodolfo Giometti <giometti@linux.it>
[    0.379272] PTP clock support registered
[    0.383178] clocksource: Switched to clocksource 32k_counter
[    0.465972] VFS: Disk quotas dquot_6.6.0
[    0.466156] VFS: Dquot-cache hash table entries: 1024 (order 0, 4096 bytes)
[    0.491546] NET: Registered protocol family 2
[    0.493682] TCP established hash table entries: 8192 (order: 3, 32768 bytes)
[    0.493835] TCP bind hash table entries: 8192 (order: 6, 294912 bytes)
[    0.495483] TCP: Hash tables configured (established 8192 bind 8192)
[    0.495910] UDP hash table entries: 512 (order: 3, 40960 bytes)
[    0.496154] UDP-Lite hash table entries: 512 (order: 3, 40960 bytes)
[    0.497009] NET: Registered protocol family 1
[    0.499023] RPC: Registered named UNIX socket transport module.
[    0.499023] RPC: Registered udp transport module.
[    0.499053] RPC: Registered tcp transport module.
[    0.499053] RPC: Registered tcp NFSv4.1 backchannel transport module.
[    0.504821] futex hash table entries: 256 (order: 2, 16384 bytes)
[    0.504974] audit: initializing netlink subsys (disabled)
[    0.505249] audit: type=2000 audit(0.490:1): initialized
[    0.508026] workingset: timestamp_bits=14 max_order=18 bucket_order=4
[    0.510681] NFS: Registering the id_resolver key type
[    0.510986] Key type id_resolver registered
[    0.511016] Key type id_legacy registered
[    0.511169] jffs2: version 2.2. (NAND) (SUMMARY)   2001-2006 Red Hat, Inc.
[    0.516082] bounce: pool size: 64 pages
[    0.516265] io scheduler noop registered
[    0.516296] io scheduler deadline registered
[    0.516418] io scheduler cfq registered (default)
[    0.519714] pinctrl-single 44e10800.pinmux: 199 pins at pa f9e10800 size 796
[    0.523376] Serial: 8250/16550 driver, 4 ports, IRQ sharing enabled
[    0.528259] omap_uart 44e09000.serial: no wakeirq for uart0
[    0.528289] omap_uart 44e09000.serial: No clock speed specified: using default: 48000000
[    0.528869] 44e09000.serial: ttyO0 at MMIO 0x44e09000 (irq = 29, base_baud = 3000000) is a OMAP UART0
[    1.293365] console [ttyO0] enabled
[    1.331359] brd: module loaded
[    1.355224] loop: module loaded
[    1.360748] mtdoops: mtd device (mtddev=name/number) must be supplied
[    1.370391] libphy: Fixed MDIO Bus: probed
[    1.443237] davinci_mdio 4a101000.mdio: davinci mdio revision 1.6
[    1.449645] davinci_mdio 4a101000.mdio: detected phy mask ffffffcf
[    1.460754] libphy: 4a101000.mdio: probed
[    1.465118] davinci_mdio 4a101000.mdio: phy[4]: device 4a101000.mdio:04, driver unknown
[    1.473602] davinci_mdio 4a101000.mdio: phy[5]: device 4a101000.mdio:05, driver unknown
[    1.483459] cpsw 4a100000.ethernet: Detected MACID = 34:b1:f7:3d:b9:00
[    1.494140] cpsw 4a100000.ethernet: cpsw: Detected MACID = 34:b1:f7:3d:b9:02
[    1.506378] mousedev: PS/2 mouse device common for all mice
[    1.512268] i2c /dev entries driver
[    1.518188] omap_hsmmc 48060000.mmc: Got CD GPIO
[    1.525878] ledtrig-cpu: registered to indicate activity on CPUs
[    1.534210] oprofile: no performance counters
[    1.540191] oprofile: using timer interrupt.
[    1.545410] Initializing XFRM netlink socket
[    1.550262] NET: Registered protocol family 10
[    1.558258] sit: IPv6, IPv4 and MPLS over IPv4 tunneling driver
[    1.566802] NET: Registered protocol family 17
[    1.571563] NET: Registered protocol family 15
[    1.576690] Key type dns_resolver registered
[    1.581420] omap_voltage_late_init: Voltage driver support not added
[    1.588195] sr_dev_init: No voltage domain specified for smartreflex0. Cannot initialize
[    1.596740] sr_dev_init: No voltage domain specified for smartreflex1. Cannot initialize
[    1.605987] ThumbEE CPU extension supported.
[    1.610504] Registering SWP/SWPB emulation handler
[    1.615631] SmartReflex Class3 initialized
[    1.666870] omap_i2c 44e0b000.i2c: bus 0 rev0.12 at 100 kHz
[    1.676605] omap_i2c 4802a000.i2c: bus 1 rev0.12 at 400 kHz
[    1.683746] omap_hsmmc 48060000.mmc: Got CD GPIO
[    1.691497] hctosys: unable to open rtc device (rtc0)
[    1.696929] sr_init: No PMIC hook to init smartreflex
[    1.702484] sr_init: platform driver register failed for SR
[    1.741394] net eth0: initializing cpsw version 1.15 (0)
[    1.750366] omap_hsmmc 48060000.mmc: Got CD GPIO
[    1.843719] Generic PHY 4a101000.mdio:04: attached PHY driver [Generic PHY] (mii_bus:phy_addr=4a101000.mdio:04, irq=-1)
[    1.861846] IPv6: ADDRCONF(NETDEV_UP): eth0: link is not ready
[    4.964172] cpsw 4a100000.ethernet eth0: Link is Up - 1Gbps/Full - flow control rx/tx
[    4.983276] IPv6: ADDRCONF(NETDEV_CHANGE): eth0: link becomes ready
[    5.014312] Sending DHCP requests ., OK
[    5.053649] IP-Config: Got DHCP answer from 192.168.0.1, my address is 192.168.0.193
[    5.061798] IP-Config: Complete:
[    5.065246]      device=eth0, hwaddr=34:b1:f7:3d:b9:00, ipaddr=192.168.0.193, mask=255.255.255.0, gw=192.168.0.1
[    5.076019]      host=192.168.0.193, domain=ti.com, nis-domain=(none)
[    5.082824]      bootserver=0.0.0.0, rootserver=0.0.0.0, rootpath=     nameserver0=192.0.2.2, nameserver1=192.0.2.3
[    5.098083] Waiting for root device PARTUUID=00000000-02...
- 07:38:55 [INFO] Boot attempt 1/1 failed
- 07:38:55 [INFO] Collecting kernel traces via sysrq...
- 07:39:05 [INFO] [  208.086212] sysrq: SysRq : Show State
[  208.090118]   task                PC stack   pid father
[  208.095611] swapper/0       D c07c4364     0     1      0 0x00000000
[  208.102355] [<c07c4364>] (__schedule) from [<c07c4c68>] (schedule+0x44/0x9c)
[  208.109802] [<c07c4c68>] (schedule) from [<c07c9054>] (schedule_timeout+0x268/0x498)
[  208.117950] [<c07c9054>] (schedule_timeout) from [<c01b5a38>] (msleep+0x2c/0x38)
[  208.125762] [<c01b5a38>] (msleep) from [<c0b01698>] (prepare_namespace+0x114/0x1c8)
[  208.133819] [<c0b01698>] (prepare_namespace) from [<c0b00f10>] (kernel_init_freeable+0x290/0x2e4)
[  208.143188] [<c0b00f10>] (kernel_init_freeable) from [<c07c2df0>] (kernel_init+0x8/0x118)
[  208.151794] [<c07c2df0>] (kernel_init) from [<c01078f0>] (ret_from_fork+0x14/0x24)
[  208.159790] kthreadd        S c07c4364     0     2      0 0x00000000
[  208.166503] [<c07c4364>] (__schedule) from [<c07c4c68>] (schedule+0x44/0x9c)
[  208.173919] [<c07c4c68>] (schedule) from [<c015c3b0>] (kthreadd+0x220/0x248)
[  208.181365] [<c015c3b0>] (kthreadd) from [<c01078f0>] (ret_from_fork+0x14/0x24)
[  208.189056] kworker/0:0     S c07c4364     0     3      2 0x00000000
[  208.195770] [<c07c4364>] (__schedule) from [<c07c4c68>] (schedule+0x44/0x9c)
[  208.203216] [<c07c4c68>] (schedule) from [<c01555cc>] (worker_thread+0xa4/0x4d0)
[  208.210998] [<c01555cc>] (worker_thread) from [<c015b7f4>] (kthread+0xd4/0xf0)
[  208.218597] [<c015b7f4>] (kthread) from [<c01078f0>] (ret_from_fork+0x14/0x24)
[  208.226226] kworker/0:0H    S c07c4364     0     4      2 0x00000000
[  208.232940] [<c07c4364>] (__schedule) from [<c07c4c68>] (schedule+0x44/0x9c)
[  208.240356] [<c07c4c68>] (schedule) from [<c01555cc>] (worker_thread+0xa4/0x4d0)
[  208.248138] [<c01555cc>] (worker_thread) from [<c015b7f4>] (kthread+0xd4/0xf0)
[  208.255767] [<c015b7f4>] (kthread) from [<c01078f0>] (ret_from_fork+0x14/0x24)
[  208.263366] kworker/u2:0    S c07c4364     0     5      2 0x00000000
[  208.270080] [<c07c4364>] (__schedule) from [<c07c4c68>] (schedule+0x44/0x9c)
[  208.277496] [<c07c4c68>] (schedule) from [<c01555cc>] (worker_thread+0xa4/0x4d0)
[  208.285308] [<c01555cc>] (worker_thread) from [<c015b7f4>] (kthread+0xd4/0xf0)
[  208.292907] [<c015b7f4>] (kthread) from [<c01078f0>] (ret_from_fork+0x14/0x24)
[  208.300506] ksoftirqd/0     S c07c4364     0     6      2 0x00000000
[  208.307220] [<c07c4364>] (__schedule) from [<c07c4c68>] (schedule+0x44/0x9c)
[  208.314636] [<c07c4c68>] (schedule) from [<c015f2d4>] (smpboot_thread_fn+0xd0/0x194)
[  208.322814] [<c015f2d4>] (smpboot_thread_fn) from [<c015b7f4>] (kthread+0xd4/0xf0)
[  208.330780] [<c015b7f4>] (kthread) from [<c01078f0>] (ret_from_fork+0x14/0x24)
[  208.338378] rcu_sched       S c07c4364     0     7      2 0x00000000
[  208.345092] [<c07c4364>] (__schedule) from [<c07c4c68>] (schedule+0x44/0x9c)
[  208.352508] [<c07c4c68>] (schedule) from [<c01aeb38>] (rcu_gp_kthread+0x40/0x818)
[  208.360412] [<c01aeb38>] (rcu_gp_kthread) from [<c015b7f4>] (kthread+0xd4/0xf0)
[  208.368103] [<c015b7f4>] (kthread) from [<c01078f0>] (ret_from_fork+0x14/0x24)
[  208.375701] rcu_bh          S c07c4364     0     8      2 0x00000000
[  208.382415] [<c07c4364>] (__schedule) from [<c07c4c68>] (schedule+0x44/0x9c)
[  208.389831] [<c07c4c68>] (schedule) from [<c01aeb38>] (rcu_gp_kthread+0x40/0x818)
[  208.397735] [<c01aeb38>] (rcu_gp_kthread) from [<c015b7f4>] (kthread+0xd4/0xf0)
[  208.405426] [<c015b7f4>] (kthread) from [<c01078f0>] (ret_from_fork+0x14/0x24)
[  208.413024] migration/0     S c07c4364     0     9      2 0x00000000
[  208.419738] [<c07c4364>] (__schedule) from [<c07c4c68>] (schedule+0x44/0x9c)
[  208.427154] [<c07c4c68>] (schedule) from [<c015f2d4>] (smpboot_thread_fn+0xd0/0x194)
[  208.435333] [<c015f2d4>] (smpboot_thread_fn) from [<c015b7f4>] (kthread+0xd4/0xf0)
[  208.443298] [<c015b7f4>] (kthread) from [<c01078f0>] (ret_from_fork+0x14/0x24)
[  208.450897] lru-add-drain   S c07c4364     0    10      2 0x00000000
[  208.457611] [<c07c4364>] (__schedule) from [<c07c4c68>] (schedule+0x44/0x9c)
[  208.465026] [<c07c4c68>] (schedule) from [<c0155c84>] (rescuer_thread+0x28c/0x300)
[  208.473022] [<c0155c84>] (rescuer_thread) from [<c015b7f4>] (kthread+0xd4/0xf0)
[  208.480712] [<c015b7f4>] (kthread) from [<c01078f0>] (ret_from_fork+0x14/0x24)
[  208.488311] cpuhp/0         S c07c4364     0    11      2 0x00000000
[  208.495025] [<c07c4364>] (__schedule) from [<c07c4c68>] (schedule+0x44/0x9c)
[  208.502441] [<c07c4c68>] (schedule) from [<c015f2d4>] (smpboot_thread_fn+0xd0/0x194)
[  208.510620] [<c015f2d4>] (smpboot_thread_fn) from [<c015b7f4>] (kthread+0xd4/0xf0)
[  208.518585] [<c015b7f4>] (kthread) from [<c01078f0>] (ret_from_fork+0x14/0x24)
[  208.526184] kdevtmpfs       S c07c4364     0    12      2 0x00000000
[  208.532897] [<c07c4364>] (__schedule) from [<c07c4c68>] (schedule+0x44/0x9c)
[  208.540344] [<c07c4c68>] (schedule) from [<c0538928>] (devtmpfsd+0x2b8/0x2e4)
[  208.547851] [<c0538928>] (devtmpfsd) from [<c015b7f4>] (kthread+0xd4/0xf0)
[  208.555084] [<c015b7f4>] (kthread) from [<c01078f0>] (ret_from_fork+0x14/0x24)
[  208.562683] netns           S c07c4364     0    13      2 0x00000000
[  208.569396] [<c07c4364>] (__schedule) from [<c07c4c68>] (schedule+0x44/0x9c)
[  208.576843] [<c07c4c68>] (schedule) from [<c0155c84>] (rescuer_thread+0x28c/0x300)
[  208.584808] [<c0155c84>] (rescuer_thread) from [<c015b7f4>] (kthread+0xd4/0xf0)
[  208.592498] [<c015b7f4>] (kthread) from [<c01078f0>] (ret_from_fork+0x14/0x24)
[  208.600128] kworker/0:1     S c07c4364     0    14      2 0x00000000
[  208.606811] [<c07c4364>] (__schedule) from [<c07c4c68>] (schedule+0x44/0x9c)
[  208.614257] [<c07c4c68>] (schedule) from [<c01555cc>] (worker_thread+0xa4/0x4d0)
[  208.622039] [<c01555cc>] (worker_thread) from [<c015b7f4>] (kthread+0xd4/0xf0)
[  208.629638] [<c015b7f4>] (kthread) from [<c01078f0>] (ret_from_fork+0x14/0x24)
[  208.637268] oom_reaper      S c07c4364     0    15      2 0x00000000
[  208.643951] [<c07c4364>] (__schedule) from [<c07c4c68>] (schedule+0x44/0x9c)
[  208.651397] [<c07c4c68>] (schedule) from [<c0238c18>] (oom_reaper+0xa0/0x108)
[  208.658905] [<c0238c18>] (oom_reaper) from [<c015b7f4>] (kthread+0xd4/0xf0)
[  208.666259] [<c015b7f4>] (kthread) from [<c01078f0>] (ret_from_fork+0x14/0x24)
[  208.673858] writeback       S c07c4364     0    16      2 0x00000000
[  208.680572] [<c07c4364>] (__schedule) from [<c07c4c68>] (schedule+0x44/0x9c)
[  208.687988] [<c07c4c68>] (schedule) from [<c0155c84>] (rescuer_thread+0x28c/0x300)
[  208.695953] [<c0155c84>] (rescuer_thread) from [<c015b7f4>] (kthread+0xd4/0xf0)
[  208.703674] [<c015b7f4>] (kthread) from [<c01078f0>] (ret_from_fork+0x14/0x24)
[  208.711273] kcompactd0      S c07c4364     0    17      2 0x00000000
[  208.717987] [<c07c4364>] (__schedule) from [<c07c4c68>] (schedule+0x44/0x9c)
[  208.725433] [<c07c4c68>] (schedule) from [<c026594c>] (kcompactd+0x45c/0x594)
[  208.732940] [<c026594c>] (kcompactd) from [<c015b7f4>] (kthread+0xd4/0xf0)
[  208.740173] [<c015b7f4>] (kthread) from [<c01078f0>] (ret_from_fork+0x14/0x24)
[  208.747772] crypto          S c07c4364     0    18      2 0x00000000
[  208.754486] [<c07c4364>] (__schedule) from [<c07c4c68>] (schedule+0x44/0x9c)
[  208.761932] [<c07c4c68>] (schedule) from [<c0155c84>] (rescuer_thread+0x28c/0x300)
[  208.769897] [<c0155c84>] (rescuer_thread) from [<c015b7f4>] (kthread+0xd4/0xf0)
[  208.777587] [<c015b7f4>] (kthread) from [<c01078f0>] (ret_from_fork+0x14/0x24)
[  208.785217] bioset          S c07c4364     0    19      2 0x00000000
[  208.791931] [<c07c4364>] (__schedule) from [<c07c4c68>] (schedule+0x44/0x9c)
[  208.799346] [<c07c4c68>] (schedule) from [<c0155c84>] (rescuer_thread+0x28c/0x300)
[  208.807312] [<c0155c84>] (rescuer_thread) from [<c015b7f4>] (kthread+0xd4/0xf0)
[  208.815002] [<c015b7f4>] (kthread) from [<c01078f0>] (ret_from_fork+0x14/0x24)
[  208.822631] kblockd         S c07c4364     0    20      2 0x00000000
[  208.829345] [<c07c4364>] (__schedule) from [<c07c4c68>] (schedule+0x44/0x9c)
[  208.836761] [<c07c4c68>] (schedule) from [<c0155c84>] (rescuer_thread+0x28c/0x300)
[  208.844726] [<c0155c84>] (rescuer_thread) from [<c015b7f4>] (kthread+0xd4/0xf0)
[  208.852447] [<c015b7f4>] (kthread) from [<c01078f0>] (ret_from_fork+0x14/0x24)
[  208.860046] ata_sff         S c07c4364     0    21      2 0x00000000
[  208.866760] [<c07c4364>] (__schedule) from [<c07c4c68>] (schedule+0x44/0x9c)
[  208.874176] [<c07c4c68>] (schedule) from [<c0155c84>] (rescuer_thread+0x28c/0x300)
[  208.882141] [<c0155c84>] (rescuer_thread) from [<c015b7f4>] (kthread+0xd4/0xf0)
[  208.889862] [<c015b7f4>] (kthread) from [<c01078f0>] (ret_from_fork+0x14/0x24)
[  208.897460] watchdogd       S c07c4364     0    22      2 0x00000000
[  208.904174] [<c07c4364>] (__schedule) from [<c07c4c68>] (schedule+0x44/0x9c)
[  208.911590] [<c07c4c68>] (schedule) from [<c0155c84>] (rescuer_thread+0x28c/0x300)
[  208.919555] [<c0155c84>] (rescuer_thread) from [<c015b7f4>] (kthread+0xd4/0xf0)
[  208.927276] [<c015b7f4>] (kthread) from [<c01078f0>] (ret_from_fork+0x14/0x24)
[  208.934875] rpciod          S c07c4364     0    23      2 0x00000000
[  208.941589] [<c07c4364>] (__schedule) from [<c07c4c68>] (schedule+0x44/0x9c)
[  208.949005] [<c07c4c68>] (schedule) from [<c0155c84>] (rescuer_thread+0x28c/0x300)
[  208.956970] [<c0155c84>] (rescuer_thread) from [<c015b7f4>] (kthread+0xd4/0xf0)
[  208.964691] [<c015b7f4>] (kthread) from [<c01078f0>] (ret_from_fork+0x14/0x24)
[  208.972290] xprtiod         S c07c4364     0    24      2 0x00000000
[  208.979003] [<c07c4364>] (__schedule) from [<c07c4c68>] (schedule+0x44/0x9c)
[  208.986419] [<c07c4c68>] (schedule) from [<c0155c84>] (rescuer_thread+0x28c/0x300)
[  208.994415] [<c0155c84>] (rescuer_thread) from [<c015b7f4>] (kthread+0xd4/0xf0)
[  209.002105] [<c015b7f4>] (kthread) from [<c01078f0>] (ret_from_fork+0x14/0x24)
[  209.009704] kswapd0         S c07c4364     0    25      2 0x00000000
[  209.016418] [<c07c4364>] (__schedule) from [<c07c4c68>] (schedule+0x44/0x9c)
[  209.023834] [<c07c4c68>] (schedule) from [<c02510f4>] (kswapd+0x888/0x9c0)
[  209.031097] [<c02510f4>] (kswapd) from [<c015b7f4>] (kthread+0xd4/0xf0)
[  209.038055] [<c015b7f4>] (kthread) from [<c01078f0>] (ret_from_fork+0x14/0x24)
[  209.045654] vmstat          S c07c4364     0    26      2 0x00000000
[  209.052368] [<c07c4364>] (__schedule) from [<c07c4c68>] (schedule+0x44/0x9c)
[  209.059814] [<c07c4c68>] (schedule) from [<c0155c84>] (rescuer_thread+0x28c/0x300)
[  209.067779] [<c0155c84>] (rescuer_thread) from [<c015b7f4>] (kthread+0xd4/0xf0)
[  209.075469] [<c015b7f4>] (kthread) from [<c01078f0>] (ret_from_fork+0x14/0x24)
[  209.083068] nfsiod          S c07c4364     0    27      2 0x00000000
[  209.089782] [<c07c4364>] (__schedule) from [<c07c4c68>] (schedule+0x44/0x9c)
[  209.097229] [<c07c4c68>] (schedule) from [<c0155c84>] (rescuer_thread+0x28c/0x300)
[  209.105194] [<c0155c84>] (rescuer_thread) from [<c015b7f4>] (kthread+0xd4/0xf0)
[  209.112884] [<c015b7f4>] (kthread) from [<c01078f0>] (ret_from_fork+0x14/0x24)
[  209.120513] bioset          S c07c4364     0    38      2 0x00000000
[  209.127197] [<c07c4364>] (__schedule) from [<c07c4c68>] (schedule+0x44/0x9c)
[  209.134643] [<c07c4c68>] (schedule) from [<c0155c84>] (rescuer_thread+0x28c/0x300)
[  209.142608] [<c0155c84>] (rescuer_thread) from [<c015b7f4>] (kthread+0xd4/0xf0)
[  209.150299] [<c015b7f4>] (kthread) from [<c01078f0>] (ret_from_fork+0x14/0x24)
[  209.157928] bioset          S c07c4364     0    39      2 0x00000000
[  209.164642] [<c07c4364>] (__schedule) from [<c07c4c68>] (schedule+0x44/0x9c)
[  209.172058] [<c07c4c68>] (schedule) from [<c0155c84>] (rescuer_thread+0x28c/0x300)
[  209.180023] [<c0155c84>] (rescuer_thread) from [<c015b7f4>] (kthread+0xd4/0xf0)
[  209.187744] [<c015b7f4>] (kthread) from [<c01078f0>] (ret_from_fork+0x14/0x24)
[  209.195343] bioset          S c07c4364     0    40      2 0x00000000
[  209.202056] [<c07c4364>] (__schedule) from [<c07c4c68>] (schedule+0x44/0x9c)
[  209.209472] [<c07c4c68>] (schedule) from [<c0155c84>] (rescuer_thread+0x28c/0x300)
[  209.217437] [<c0155c84>] (rescuer_thread) from [<c015b7f4>] (kthread+0xd4/0xf0)
[  209.225158] [<c015b7f4>] (kthread) from [<c01078f0>] (ret_from_fork+0x14/0x24)
[  209.232757] bioset          S c07c4364     0    41      2 0x00000000
[  209.239471] [<c07c4364>] (__schedule) from [<c07c4c68>] (schedule+0x44/0x9c)
[  209.246887] [<c07c4c68>] (schedule) from [<c0155c84>] (rescuer_thread+0x28c/0x300)
[  209.254852] [<c0155c84>] (rescuer_thread) from [<c015b7f4>] (kthread+0xd4/0xf0)
[  209.262573] [<c015b7f4>] (kthread) from [<c01078f0>] (ret_from_fork+0x14/0x24)
[  209.270172] bioset          S c07c4364     0    42      2 0x00000000
[  209.276885] [<c07c4364>] (__schedule) from [<c07c4c68>] (schedule+0x44/0x9c)
[  209.284301] [<c07c4c68>] (schedule) from [<c0155c84>] (rescuer_thread+0x28c/0x300)
[  209.292297] [<c0155c84>] (rescuer_thread) from [<c015b7f4>] (kthread+0xd4/0xf0)
[  209.299987] [<c015b7f4>] (kthread) from [<c01078f0>] (ret_from_fork+0x14/0x24)
[  209.307586] bioset          S c07c4364     0    43      2 0x00000000
[  209.314300] [<c07c4364>] (__schedule) from [<c07c4c68>] (schedule+0x44/0x9c)
[  209.321716] [<c07c4c68>] (schedule) from [<c0155c84>] (rescuer_thread+0x28c/0x300)
[  209.329711] [<c0155c84>] (rescuer_thread) from [<c015b7f4>] (kthread+0xd4/0xf0)
[  209.337402] [<c015b7f4>] (kthread) from [<c01078f0>] (ret_from_fork+0x14/0x24)
[  209.345001] bioset          S c07c4364     0    44      2 0x00000000
[  209.351715] [<c07c4364>] (__schedule) from [<c07c4c68>] (schedule+0x44/0x9c)
[  209.359130] [<c07c4c68>] (schedule) from [<c0155c84>] (rescuer_thread+0x28c/0x300)
[  209.367126] [<c0155c84>] (rescuer_thread) from [<c015b7f4>] (kthread+0xd4/0xf0)
[  209.374816] [<c015b7f4>] (kthread) from [<c01078f0>] (ret_from_fork+0x14/0x24)
[  209.382415] bioset          S c07c4364     0    45      2 0x00000000
[  209.389129] [<c07c4364>] (__schedule) from [<c07c4c68>] (schedule+0x44/0x9c)
[  209.396575] [<c07c4c68>] (schedule) from [<c0155c84>] (rescuer_thread+0x28c/0x300)
[  209.404541] [<c0155c84>] (rescuer_thread) from [<c015b7f4>] (kthread+0xd4/0xf0)
[  209.412231] [<c015b7f4>] (kthread) from [<c01078f0>] (ret_from_fork+0x14/0x24)
[  209.419830] bioset          S c07c4364     0    46      2 0x00000000
[  209.426544] [<c07c4364>] (__schedule) from [<c07c4c68>] (schedule+0x44/0x9c)
[  209.433990] [<c07c4c68>] (schedule) from [<c0155c84>] (rescuer_thread+0x28c/0x300)
[  209.441955] [<c0155c84>] (rescuer_thread) from [<c015b7f4>] (kthread+0xd4/0xf0)
[  209.449645] [<c015b7f4>] (kthread) from [<c01078f0>] (ret_from_fork+0x14/0x24)
[  209.457244] bioset          S c07c4364     0    47      2 0x00000000
[  209.463958] [<c07c4364>] (__schedule) from [<c07c4c68>] (schedule+0x44/0x9c)
[  209.471405] [<c07c4c68>] (schedule) from [<c0155c84>] (rescuer_thread+0x28c/0x300)
[  209.479370] [<c0155c84>] (rescuer_thread) from [<c015b7f4>] (kthread+0xd4/0xf0)
[  209.487060] [<c015b7f4>] (kthread) from [<c01078f0>] (ret_from_fork+0x14/0x24)
[  209.494659] bioset          S c07c4364     0    48      2 0x00000000
[  209.501373] [<c07c4364>] (__schedule) from [<c07c4c68>] (schedule+0x44/0x9c)
[  209.508819] [<c07c4c68>] (schedule) from [<c0155c84>] (rescuer_thread+0x28c/0x300)
[  209.516784] [<c0155c84>] (rescuer_thread) from [<c015b7f4>] (kthread+0xd4/0xf0)
[  209.524475] [<c015b7f4>] (kthread) from [<c01078f0>] (ret_from_fork+0x14/0x24)
[  209.532073] bioset          S c07c4364     0    49      2 0x00000000
[  209.538787] [<c07c4364>] (__schedule) from [<c07c4c68>] (schedule+0x44/0x9c)
[  209.546234] [<c07c4c68>] (schedule) from [<c0155c84>] (rescuer_thread+0x28c/0x300)
[  209.554199] [<c0155c84>] (rescuer_thread) from [<c015b7f4>] (kthread+0xd4/0xf0)
[  209.561889] [<c015b7f4>] (kthread) from [<c01078f0>] (ret_from_fork+0x14/0x24)
[  209.569519] bioset          S c07c4364     0    50      2 0x00000000
[  209.576232] [<c07c4364>] (__schedule) from [<c07c4c68>] (schedule+0x44/0x9c)
[  209.583648] [<c07c4c68>] (schedule) from [<c0155c84>] (rescuer_thread+0x28c/0x300)
[  209.591613] [<c0155c84>] (rescuer_thread) from [<c015b7f4>] (kthread+0xd4/0xf0)
[  209.599334] [<c015b7f4>] (kthread) from [<c01078f0>] (ret_from_fork+0x14/0x24)
[  209.606933] bioset          S c07c4364     0    51      2 0x00000000
[  209.613647] [<c07c4364>] (__schedule) from [<c07c4c68>] (schedule+0x44/0x9c)
[  209.621063] [<c07c4c68>] (schedule) from [<c0155c84>] (rescuer_thread+0x28c/0x300)
[  209.629028] [<c0155c84>] (rescuer_thread) from [<c015b7f4>] (kthread+0xd4/0xf0)
[  209.636749] [<c015b7f4>] (kthread) from [<c01078f0>] (ret_from_fork+0x14/0x24)
[  209.644348] bioset          S c07c4364     0    52      2 0x00000000
[  209.651062] [<c07c4364>] (__schedule) from [<c07c4c68>] (schedule+0x44/0x9c)
[  209.658477] [<c07c4c68>] (schedule) from [<c0155c84>] (rescuer_thread+0x28c/0x300)
[  209.666442] [<c0155c84>] (rescuer_thread) from [<c015b7f4>] (kthread+0xd4/0xf0)
[  209.674163] [<c015b7f4>] (kthread) from [<c01078f0>] (ret_from_fork+0x14/0x24)
[  209.681762] bioset          S c07c4364     0    53      2 0x00000000
[  209.688476] [<c07c4364>] (__schedule) from [<c07c4c68>] (schedule+0x44/0x9c)
[  209.695892] [<c07c4c68>] (schedule) from [<c0155c84>] (rescuer_thread+0x28c/0x300)
[  209.703857] [<c0155c84>] (rescuer_thread) from [<c015b7f4>] (kthread+0xd4/0xf0)
[  209.711578] [<c015b7f4>] (kthread) from [<c01078f0>] (ret_from_fork+0x14/0x24)
[  209.719177] bioset          S c07c4364     0    54      2 0x00000000
[  209.725891] [<c07c4364>] (__schedule) from [<c07c4c68>] (schedule+0x44/0x9c)
[  209.733306] [<c07c4c68>] (schedule) from [<c0155c84>] (rescuer_thread+0x28c/0x300)
[  209.741271] [<c0155c84>] (rescuer_thread) from [<c015b7f4>] (kthread+0xd4/0xf0)
[  209.748992] [<c015b7f4>] (kthread) from [<c01078f0>] (ret_from_fork+0x14/0x24)
[  209.756591] bioset          S c07c4364     0    55      2 0x00000000
[  209.763305] [<c07c4364>] (__schedule) from [<c07c4c68>] (schedule+0x44/0x9c)
[  209.770721] [<c07c4c68>] (schedule) from [<c0155c84>] (rescuer_thread+0x28c/0x300)
[  209.778717] [<c0155c84>] (rescuer_thread) from [<c015b7f4>] (kthread+0xd4/0xf0)
[  209.786407] [<c015b7f4>] (kthread) from [<c01078f0>] (ret_from_fork+0x14/0x24)
[  209.794006] bioset          S c07c4364     0    56      2 0x00000000
[  209.800720] [<c07c4364>] (__schedule) from [<c07c4c68>] (schedule+0x44/0x9c)
[  209.808135] [<c07c4c68>] (schedule) from [<c0155c84>] (rescuer_thread+0x28c/0x300)
[  209.816131] [<c0155c84>] (rescuer_thread) from [<c015b7f4>] (kthread+0xd4/0xf0)
[  209.823822] [<c015b7f4>] (kthread) from [<c01078f0>] (ret_from_fork+0x14/0x24)
[  209.831420] bioset          S c07c4364     0    57      2 0x00000000
[  209.838134] [<c07c4364>] (__schedule) from [<c07c4c68>] (schedule+0x44/0x9c)
[  209.845550] [<c07c4c68>] (schedule) from [<c0155c84>] (rescuer_thread+0x28c/0x300)
[  209.853546] [<c0155c84>] (rescuer_thread) from [<c015b7f4>] (kthread+0xd4/0xf0)
[  209.861236] [<c015b7f4>] (kthread) from [<c01078f0>] (ret_from_fork+0x14/0x24)
[  209.868835] bioset          S c07c4364     0    58      2 0x00000000
[  209.875549] [<c07c4364>] (__schedule) from [<c07c4c68>] (schedule+0x44/0x9c)
[  209.882995] [<c07c4c68>] (schedule) from [<c0155c84>] (rescuer_thread+0x28c/0x300)
[  209.890960] [<c0155c84>] (rescuer_thread) from [<c015b7f4>] (kthread+0xd4/0xf0)
[  209.898651] [<c015b7f4>] (kthread) from [<c01078f0>] (ret_from_fork+0x14/0x24)
[  209.906249] bioset          S c07c4364     0    59      2 0x00000000
[  209.912963] [<c07c4364>] (__schedule) from [<c07c4c68>] (schedule+0x44/0x9c)
[  209.920410] [<c07c4c68>] (schedule) from [<c0155c84>] (rescuer_thread+0x28c/0x300)
[  209.928375] [<c0155c84>] (rescuer_thread) from [<c015b7f4>] (kthread+0xd4/0xf0)
[  209.936065] [<c015b7f4>] (kthread) from [<c01078f0>] (ret_from_fork+0x14/0x24)
[  209.943664] bioset          S c07c4364     0    60      2 0x00000000
[  209.950378] [<c07c4364>] (__schedule) from [<c07c4c68>] (schedule+0x44/0x9c)
[  209.957824] [<c07c4c68>] (schedule) from [<c0155c84>] (rescuer_thread+0x28c/0x300)
[  209.965789] [<c0155c84>] (rescuer_thread) from [<c015b7f4>] (kthread+0xd4/0xf0)
[  209.973480] [<c015b7f4>] (kthread) from [<c01078f0>] (ret_from_fork+0x14/0x24)
[  209.981079] bioset          S c07c4364     0    61      2 0x00000000
[  209.987792] [<c07c4364>] (__schedule) from [<c07c4c68>] (schedule+0x44/0x9c)
[  209.995239] [<c07c4c68>] (schedule) from [<c0155c84>] (rescuer_thread+0x28c/0x300)
[  210.003204] [<c0155c84>] (rescuer_thread) from [<c015b7f4>] (kthread+0xd4/0xf0)
[  210.010894] [<c015b7f4>] (kthread) from [<c01078f0>] (ret_from_fork+0x14/0x24)
[  210.018524] kworker/u2:1    S c07c4364     0    62      2 0x00000000
[  210.025238] [<c07c4364>] (__schedule) from [<c07c4c68>] (schedule+0x44/0x9c)
[  210.032653] [<c07c4c68>] (schedule) from [<c01555cc>] (worker_thread+0xa4/0x4d0)
[  210.040435] [<c01555cc>] (worker_thread) from [<c015b7f4>] (kthread+0xd4/0xf0)
[  210.048034] [<c015b7f4>] (kthread) from [<c01078f0>] (ret_from_fork+0x14/0x24)
[  210.055664] ipv6_addrconf   S c07c4364     0    65      2 0x00000000
[  210.062377] [<c07c4364>] (__schedule) from [<c07c4c68>] (schedule+0x44/0x9c)
[  210.069793] [<c07c4c68>] (schedule) from [<c0155c84>] (rescuer_thread+0x28c/0x300)
[  210.077758] [<c0155c84>] (rescuer_thread) from [<c015b7f4>] (kthread+0xd4/0xf0)
[  210.085479] [<c015b7f4>] (kthread) from [<c01078f0>] (ret_from_fork+0x14/0x24)
[  210.093078] irq/134-44e0b00 S c07c4364     0    66      2 0x00000000
[  210.099792] [<c07c4364>] (__schedule) from [<c07c4c68>] (schedule+0x44/0x9c)
[  210.107208] [<c07c4c68>] (schedule) from [<c01a2dfc>] (irq_thread+0xb0/0x200)
[  210.114746] [<c01a2dfc>] (irq_thread) from [<c015b7f4>] (kthread+0xd4/0xf0)
[  210.122070] [<c015b7f4>] (kthread) from [<c01078f0>] (ret_from_fork+0x14/0x24)
[  210.129669] irq/183-tps6521 S c07c4364     0    67      2 0x00000000
[  210.136383] [<c07c4364>] (__schedule) from [<c07c4c68>] (schedule+0x44/0x9c)
[  210.143798] [<c07c4c68>] (schedule) from [<c01a2dfc>] (irq_thread+0xb0/0x200)
[  210.151336] [<c01a2dfc>] (irq_thread) from [<c015b7f4>] (kthread+0xd4/0xf0)
[  210.158660] [<c015b7f4>] (kthread) from [<c01078f0>] (ret_from_fork+0x14/0x24)
[  210.166259] kworker/0:2     S c07c4364     0    68      2 0x00000000
[  210.172973] [<c07c4364>] (__schedule) from [<c07c4c68>] (schedule+0x44/0x9c)
[  210.180419] [<c07c4c68>] (schedule) from [<c01555cc>] (worker_thread+0xa4/0x4d0)
[  210.188201] [<c01555cc>] (worker_thread) from [<c015b7f4>] (kthread+0xd4/0xf0)
[  210.195800] [<c015b7f4>] (kthread) from [<c01078f0>] (ret_from_fork+0x14/0x24)
[  210.203399] irq/135-4802a00 S c07c4364     0    69      2 0x00000000
[  210.210113] [<c07c4364>] (__schedule) from [<c07c4c68>] (schedule+0x44/0x9c)
[  210.217529] [<c07c4c68>] (schedule) from [<c01a2dfc>] (irq_thread+0xb0/0x200)
[  210.225067] [<c01a2dfc>] (irq_thread) from [<c015b7f4>] (kthread+0xd4/0xf0)
[  210.232391] [<c015b7f4>] (kthread) from [<c01078f0>] (ret_from_fork+0x14/0x24)
[  210.240020] Sched Debug Version: v0.11, 4.8.0-rc7-next-20160923-00002-g74942085cca5 #3
[  210.248352] ktime                                   : 210236.964111
[  210.254943] sched_clk                               : 210240.020751
[  210.261566] cpu_clk                                 : 210240.020751
[  210.268157] jiffies                                 : 4294958104
[  210.274475] 
[  210.276031] sysctl_sched
[  210.278686]   .sysctl_sched_latency                    : 6.000000
[  210.285125]   .sysctl_sched_min_granularity            : 0.750000
[  210.291534]   .sysctl_sched_wakeup_granularity         : 1.000000
[  210.297943]   .sysctl_sched_child_runs_first           : 0
[  210.303710]   .sysctl_sched_features                   : 44859
[  210.309844]   .sysctl_sched_tunable_scaling            : 1 (logaritmic)
[  210.316802] 
[  210.318389] cpu#0
[  210.320404]   .nr_running                    : 0
[  210.325256]   .load                          : 0
[  210.330108]   .nr_switches                   : 5525
[  210.335235]   .nr_load_updates               : 2484
[  210.340393]   .nr_uninterruptible            : 1
[  210.345245]   .next_balance                  : 4294.937296
[  210.351013]   .curr->pid                     : 0
[  210.355865]   .clock                         : 208023.162841
[  210.361816]   .clock_task                    : 208023.162841
[  210.367767]   .cpu_load[0]                   : 0
[  210.372650]   .cpu_load[1]                   : 0
[  210.377502]   .cpu_load[2]                   : 0
[  210.382354]   .cpu_load[3]                   : 0
[  210.387207]   .cpu_load[4]                   : 0
[  210.392059]   .avg_idle                      : 1000000
[  210.397460]   .max_idle_balance_cost         : 500000
[  210.403167] 
[  210.403167] cfs_rq[0]:/
[  210.407318]   .exec_clock                    : 0.000000
[  210.412841]   .MIN_vruntime                  : 0.000001
[  210.418334]   .min_vruntime                  : 1827.322681
[  210.424102]   .max_vruntime                  : 0.000001
[  210.429626]   .spread                        : 0.000000
[  210.435119]   .spread0                       : 0.000000
[  210.440612]   .nr_spread_over                : 0
[  210.445465]   .nr_running                    : 0
[  210.450317]   .load                          : 0
[  210.455169]   .load_avg                      : 0
[  210.460052]   .runnable_load_avg             : 0
[  210.464904]   .util_avg                      : 0
[  210.469757]   .removed_load_avg              : 0
[  210.474609]   .removed_util_avg              : 0
[  210.479461]   .tg_load_avg_contrib           : 0
[  210.484313]   .tg_load_avg                   : 0
[  210.489196]   .throttled                     : 0
[  210.494049]   .throttle_count                : 0
[  210.498901] 
[  210.498901] rt_rq[0]:/
[  210.502929]   .rt_nr_running                 : 0
[  210.507812]   .rt_throttled                  : 0
[  210.512664]   .rt_time                       : 0.000000
[  210.518157]   .rt_runtime                    : 950.000000
[  210.523834] 
[  210.523834] dl_rq[0]:
[  210.527770]   .dl_nr_running                 : 0
[  210.532653]   .dl_bw->bw                     : 996147
[  210.537963]   .dl_bw->total_bw               : 0
[  210.542816] 
[  210.542816] runnable tasks:
[  210.542816]             task   PID         tree-key  switches  prio     wait-time             sum-exec        sum-sleep
[  210.542816] ----------------------------------------------------------------------------------------------------------
[  210.569915]        swapper/0     1      1824.475270      2012   120         0.000000      1636.230391         0.000000 /
[  210.581390]         kthreadd     2      1468.412014        66   120         0.000000         9.185791         0.000000 /
[  210.592864]      kworker/0:0     3      1459.226223         8   120         0.000000         1.098632         0.000000 /
[  210.604339]     kworker/0:0H     4       368.347510         5   100         0.000000         0.091554         0.000000 /
[  210.615814]     kworker/u2:0     5      1824.688892        12   120         0.000000         2.441408         0.000000 /
[  210.627288]      ksoftirqd/0     6      1821.331959        48   120         0.000000         2.288815         0.000000 /
[  210.638732]        rcu_sched     7      1808.423021        63   120         0.000000         8.880618         0.000000 /
[  210.650207]           rcu_bh     8        16.317980         2   120         0.000000         0.000000         0.000000 /
[  210.661682]      migration/0     9         0.000000         4     0         0.000000         0.274658         0.000000 /
[  210.673156]    lru-add-drain    10        19.470919         2   100         0.000000         0.091553         0.000000 /
[  210.684631]          cpuhp/0    11      1344.754790         5   120         0.000000         0.244141         0.000000 /
[  210.696105]        kdevtmpfs    12      1552.844876       124   120         0.000000        16.052251         0.000000 /
[  210.707580]            netns    13        56.766190         2   100         0.000000         4.150390         0.000000 /
[  210.719055]      kworker/0:1    14      1827.322681       684   120         0.000000       256.073016         0.000000 /
[  210.730499]       oom_reaper    15       232.363631         2   120         0.000000         0.152587         0.000000 /
[  210.741973]        writeback    16       238.272077         2   100         0.000000         0.030518         0.000000 /
[  210.753448]       kcompactd0    17       237.943464         2   120         0.000000         0.152588         0.000000 /
[  210.764923]           crypto    18       239.382427         2   100         0.000000         0.061035         0.000000 /
[  210.776397]           bioset    19       241.351908         2   100         0.000000         0.000000         0.000000 /
[  210.787872]          kblockd    20       241.443461         2   100         0.000000         0.061035         0.000000 /
[  210.799346]          ata_sff    21       256.744731         2   100         0.000000         0.091552         0.000000 /
[  210.810821]        watchdogd    22       262.744729         2   100         0.000000         0.061035         0.000000 /
[  210.822265]           rpciod    23       368.378027         2   100         0.000000         0.061034         0.000000 /
[  210.833740]          xprtiod    24       374.378025         2   100         0.000000         0.030517         0.000000 /
[  210.845214]          kswapd0    25       496.938810         3   120         0.000000         0.335694         0.000000 /
[  210.856689]           vmstat    26       381.244833         2   100         0.000000         0.061036         0.000000 /
[  210.868164]           nfsiod    27       383.274997         2   100         0.000000         0.030517         0.000000 /
[  210.879638]           bioset    38      1177.133145         2   100         0.000000         0.030518         0.000000 /
[  210.891113]           bioset    39      1179.163661         2   100         0.000000         0.030517         0.000000 /
[  210.902587]           bioset    40      1181.194530         2   100         0.000000         0.061036         0.000000 /
[  210.914062]           bioset    41      1183.194529         2   100         0.000000         0.030517         0.000000 /
[  210.925506]           bioset    42      1183.194529         2   100         0.000000         0.000000         0.000000 /
[  210.936981]           bioset    43      1185.225045         2   100         0.000000         0.030517         0.000000 /
[  210.948455]           bioset    44      1187.286079         2   100         0.000000         0.061035         0.000000 /
[  210.959930]           bioset    45      1189.286078         2   100         0.000000         0.030518         0.000000 /
[  210.971405]           bioset    46      1189.347112         2   100         0.000000         0.061034         0.000000 /
[  210.982879]           bioset    47      1191.316594         2   100         0.000000         0.000000         0.000000 /
[  210.994354]           bioset    48      1191.408146         2   100         0.000000         0.061035         0.000000 /
[  211.005798]           bioset    49      1193.408498         2   100         0.000000         0.061036         0.000000 /
[  211.017272]           bioset    50      1195.408497         2   100         0.000000         0.030518         0.000000 /
[  211.028747]           bioset    51      1195.439015         2   100         0.000000         0.030518         0.000000 /
[  211.040222]           bioset    52      1197.408848         2   100         0.000000         0.030518         0.000000 /
[  211.051696]           bioset    53      1197.469532         2   100         0.000000         0.030518         0.000000 /
[  211.063171]           bioset    54      1224.935701         2   100         0.000000         0.030517         0.000000 /
[  211.074645]           bioset    55      1226.713155         2   100         0.000000         0.061035         0.000000 /
[  211.086120]           bioset    56      1228.713154         2   100         0.000000         0.030518         0.000000 /
[  211.097564]           bioset    57      1230.527499         2   100         0.000000         0.030518         0.000000 /
[  211.109039]           bioset    58      1232.511494         2   100         0.000000         0.061035         0.000000 /
[  211.120513]           bioset    59      1234.541658         2   100         0.000000         0.030517         0.000000 /
[  211.131988]           bioset    60      1235.990147         2   100         0.000000         0.061036         0.000000 /
[  211.143463]           bioset    61      1238.021016         2   100         0.000000         0.091553         0.000000 /
[  211.154937]     kworker/u2:1    62      1290.090731         2   120         0.000000         0.061036         0.000000 /
[  211.166412]    ipv6_addrconf    65      1384.611098         2   100         0.000000         0.122070         0.000000 /
[  211.177886]  irq/134-44e0b00    66         0.000000        40    49         0.000000         2.227781         0.000000 /
[  211.189331]  irq/183-tps6521    67      1460.892724        15    49         0.000000         0.823974         0.000000 /
[  211.200805]      kworker/0:2    68      1575.733064        13   120         0.000000        13.000490         0.000000 /
[  211.212280]  irq/135-4802a00    69         0.000000         2    49         0.000000         0.091553         0.000000 /
[  211.223754] 
[  211.225311] 
[  211.225311] Showing all locks held in the system:
[  211.231842] 
[  211.233398] =============================================
[  211.233398] 
[  211.240661] Showing busy workqueues and worker pools:
- 07:39:15 [INFO] [  218.346130] sysrq: SysRq : Show backtrace of all active CPUs
[  218.352111] NMI backtrace for cpu 0
[  218.355804] CPU: 0 PID: 0 Comm: swapper/0 Not tainted 4.8.0-rc7-next-20160923-00002-g74942085cca5 #3
[  218.365417] Hardware name: Generic AM43 (Flattened Device Tree)
[  218.371673] [<c0110064>] (unwind_backtrace) from [<c010c27c>] (show_stack+0x10/0x14)
[  218.379852] [<c010c27c>] (show_stack) from [<c0489aec>] (dump_stack+0xb0/0xe4)
[  218.387481] [<c0489aec>] (dump_stack) from [<c048d4f0>] (nmi_cpu_backtrace+0xac/0xbc)
[  218.395721] [<c048d4f0>] (nmi_cpu_backtrace) from [<c048d5c8>] (nmi_trigger_cpumask_backtrace+0xc8/0x118)
[  218.405822] [<c048d5c8>] (nmi_trigger_cpumask_backtrace) from [<c0507168>] (__handle_sysrq+0xd4/0x248)
[  218.415618] [<c0507168>] (__handle_sysrq) from [<c05223d8>] (serial_omap_irq+0x37c/0x3c4)
[  218.424255] [<c05223d8>] (serial_omap_irq) from [<c01a1814>] (__handle_irq_event_percpu+0x3c/0x3d4)
[  218.433776] [<c01a1814>] (__handle_irq_event_percpu) from [<c01a1bc8>] (handle_irq_event_percpu+0x1c/0x58)
[  218.443939] [<c01a1bc8>] (handle_irq_event_percpu) from [<c01a1c3c>] (handle_irq_event+0x38/0x5c)
[  218.453308] [<c01a1c3c>] (handle_irq_event) from [<c01a5074>] (handle_fasteoi_irq+0xcc/0x1ac)
[  218.462280] [<c01a5074>] (handle_fasteoi_irq) from [<c01a0b54>] (generic_handle_irq+0x20/0x34)
[  218.471343] [<c01a0b54>] (generic_handle_irq) from [<c01a1098>] (__handle_domain_irq+0x64/0xe0)
[  218.480529] [<c01a1098>] (__handle_domain_irq) from [<c0101548>] (gic_handle_irq+0x48/0x9c)
[  218.489318] [<c0101548>] (gic_handle_irq) from [<c07ca370>] (__irq_svc+0x70/0x98)
[  218.497192] Exception stack(0xc0c01f50 to 0xc0c01f98)
[  218.502532] 1f40:                                     00000001 00000001 00000000 c0c06580
[  218.511138] 1f60: c0c00000 00000000 00000001 c0c0292c c0c02998 00000000 00000000 c0c029a0
[  218.519744] 1f80: 00000000 c0c01fa0 c0192ad8 c010833c 20000013 ffffffff
[  218.526733] [<c07ca370>] (__irq_svc) from [<c010833c>] (arch_cpu_idle+0x20/0x3c)
[  218.534515] [<c010833c>] (arch_cpu_idle) from [<c018714c>] (cpu_startup_entry+0x180/0x224)
[  218.543243] [<c018714c>] (cpu_startup_entry) from [<c0b00c0c>] (start_kernel+0x344/0x3b8)
[  218.551849] [<c0b00c0c>] (start_kernel) from [<8000807c>] (0x8000807c)
- 07:39:25 [INFO] [  228.602172] sysrq: SysRq : Show Blocked State
[  228.606781]   task                PC stack   pid father
[  228.612304] swapper/0       D c07c4364     0     1      0 0x00000000
[  228.619018] [<c07c4364>] (__schedule) from [<c07c4c68>] (schedule+0x44/0x9c)
[  228.626464] [<c07c4c68>] (schedule) from [<c07c9054>] (schedule_timeout+0x268/0x498)
[  228.634613] [<c07c9054>] (schedule_timeout) from [<c01b5a38>] (msleep+0x2c/0x38)
[  228.642425] [<c01b5a38>] (msleep) from [<c0b01698>] (prepare_namespace+0x114/0x1c8)
[  228.650482] [<c0b01698>] (prepare_namespace) from [<c0b00f10>] (kernel_init_freeable+0x290/0x2e4)
[  228.659851] [<c0b00f10>] (kernel_init_freeable) from [<c07c2df0>] (kernel_init+0x8/0x118)
[  228.668457] [<c07c2df0>] (kernel_init) from [<c01078f0>] (ret_from_fork+0x14/0x24)
- 07:39:25 [INFO] Disconnected serial from am437x-sk
URL:gtsystest.telogy.design.ti.com/vatf/tigtfarm04/tigtfarm04_vatf@am437x-sk/tigtfarm0409_23_2016_07_34_59/files/session_iteration_1/test_1
