- 05:47:32 [INFO] Starting target session
- 05:47:32 [INFO] Connected to am43xx-epos via serial 
- 05:47:32 [INFO] Host: #check prompt
- 05:47:35 [ERROR] On command: #check prompt waiting for #check prompt.+?(?-mix:((?-mix:am437x-evm\s+login)|[Pp]assword)) >>> error: execution expired
- 05:47:35 [INFO] Target: 
#check prompt
root@am437x-evm:~# 
- 05:47:35 [INFO] Host: #check prompt
- 05:47:35 [INFO] Target: 
#check prompt
root@am437x-evm:~# 
- 05:47:35 [INFO] Host: sync;poweroff
- 05:47:51 [INFO] Target: 
sync;poweroff
INIT:
INIT: Sending processes the TERM signal
Broadcast message from root@am437x-evm (ttyO0) (Sun Feb 16 07:06:12 2014):
The system is going down for system halt NOW!
root@am437x-evm:~# 
INIT: SenStopping Dropbear SSH server: stopped /usr/sbin/dropbear (pid 478)
dropbear.
Stopping telnet daemon.
Stopping system message bus: hwclock: can't open '/dev/misc/rtc': No such file or directory
Error opening /dev/fb0: No such file or directory
Stopping syslogd/klogd: stopped syslogd (pid 490)
stopped klogd (pid 493)
done
Stopping thttpd.
ALSA: Storing mixer settings...
/usr/sbin/alsactl: save_state:1580: No soundcards found...
Deconfiguring network interfaces... done.
Stopping Lighttpd Web Server: stopped /usr/sbin/lighttpd (pid 505)
lighttpd.
Stopping Matrix GUI applicationstart-stop-daemon: warning: killing process 513: No such process
***************************************************************
***************************************************************
NOTICE: This file system contains the followin GPLv3 packages:
	binutils-symlinks
	binutils
	gdbserver
If you do not wish to distribute GPLv3 components please remove
the above packages prior to distribution.  This can be done using
the opkg remove command.  i.e.:
    opkg remove <package>
Where <package> is the name printed in the list above
NOTE: If the package is a dependency of another package you
      will be notified of the dependent packages.  You should
      use the --force-removal-of-dependent-packages option to
      also remove the dependent packages as well
***************************************************************
***************************************************************
Sending all processes the TERM signal...
Sending all processes the KILL signal...
Unmounting remote filesystems...
Deactivating swap...
Unmounting local filesystems...
[11854.667833] EXT4-fs (mmcblk0p2): re-mounted. Opts: data=ordered
[11856.817235] reboot: System halted
- 05:47:51 [INFO] Disconnected serial from am43xx-epos
- 05:48:12 [INFO] Connected to am43xx-epos via serial 
- 05:48:12 [INFO] Host: 
- 05:48:13 [ERROR] On command:  waiting for (?-mix:U-Boot#) >>> error: execution expired
- 05:48:13 [INFO] Target: 
SPL: Please implement spl_start_uboot() for your board
SPL: Direct Linux boot not active!
reading u-boot.img
reading u-boot.img
U-Boot 2014.07 (Aug 11 2014 - 20:04:22)
I2C:   ready
DRAM:  1 GiB
MMC:   OMAP SD/MMC: 0, OMAP SD/MMC: 1
Using default environment
Net:   <ethaddr> not set. Validating first E-fuse MAC
cpsw
Hit any key to stop autoboot:  1 
- 05:48:13 [INFO] Host: 
- 05:48:13 [INFO] Target: 
U-Boot# 
- 05:48:13 [INFO] Host: 
- 05:48:14 [INFO] Target: 
U-Boot# 
- 05:48:14 [INFO] Host: version
- 05:48:14 [INFO] Target: 
version
U-Boot 2014.07 (Aug 11 2014 - 20:04:22)
arm-linux-gnueabihf-gcc (crosstool-NG linaro-1.13.1-4.7-2013.03-20130313 - Linaro GCC 2013.03) 4.7.3 20130226 (prerelease)
GNU ld (crosstool-NG linaro-1.13.1-4.7-2013.03-20130313 - Linaro GCC 2013.03) 2.23.1
U-Boot# 
- 05:48:14 [INFO] Host: setenv bootargs 'console=ttyO0,115200n8 earlyprintk rootwait '
- 05:48:15 [INFO] Target: 
setenv bootargs 'console=ttyO0,115200n8 earlyprintk rootwait '
U-Boot# 
- 05:48:15 [INFO] Host: setenv bootcmd  ''
- 05:48:15 [INFO] Target: 
setenv bootcmd  ''
U-Boot# 
- 05:48:15 [INFO] Host: setenv autoload 'no'
- 05:48:16 [INFO] Target: 
setenv autoload 'no'
U-Boot# 
- 05:48:16 [INFO] Host: setenv serverip '192.168.1.254'
- 05:48:16 [INFO] Target: 
setenv serverip '192.168.1.254'
U-Boot# 
- 05:48:16 [INFO] Host: printenv
- 05:48:17 [INFO] Target: 
printenv
arch=arm
autoload=no
baudrate=115200
board=am43xx
board_name=AM43EPOS
board_rev=1.2B
bootargs=console=ttyO0,115200n8 earlyprintk rootwait 
bootcmd=
bootdelay=1
bootdir=/boot
bootenv=uEnv.txt
bootfile=zImage
bootm_size=0x10000000
bootpart=0:2
console=ttyO0,115200n8
cpu=armv7
eth1addr=34:b1:f7:31:4c:2e
ethact=cpsw
ethaddr=34:b1:f7:31:4c:2c
fdt_addr_r=0x88000000
fdtaddr=0x88000000
fdtfile=undefined
findfdt=if test $board_name = AM43EPOS; then setenv fdtfile am43x-epos-evm.dtb; fi; if test $board_name = AM43__GP; then setenv fdtfile am437x-gp-evm.dtb; fi; if test $board_name = AM43__SK; then setenv fdtfile am437x-sk-evm.dtb; fi; if test $fdtfile = undefined; then echo WARNING: Could not determine device tree; fi; 
importbootenv=echo Importing environment from mmc ...; env import -t $loadaddr $filesize
kernel_addr_r=0x82000000
loadaddr=0x82000000
loadbootenv=load ${devtype} ${devnum} ${loadaddr} ${bootenv}
loadfdt=load ${devtype} ${bootpart} ${fdtaddr} ${bootdir}/${fdtfile}
loadimage=load ${devtype} ${bootpart} ${loadaddr} ${bootdir}/${bootfile}
loadramdisk=load ${devtype} ${devnum} ${rdaddr} ramdisk.gz
mmcargs=setenv bootargs console=${console} ${optargs} root=${mmcroot} rootfstype=${mmcrootfstype}
mmcboot=mmc dev ${mmcdev}; setenv devnum ${mmcdev}; setenv devtype mmc; if mmc rescan; then echo SD/MMC found on device ${devnum};if run loadbootenv; then echo Loaded environment from ${bootenv};run importbootenv;fi;if test -n $uenvcmd; then echo Running uenvcmd ...;run uenvcmd;fi;if run loadimage; then run loadfdt; echo Booting from mmc${mmcdev} ...; run mmcargs; bootz ${loadaddr} - ${fdtaddr}; fi;fi;
mmcdev=0
mmcroot=/dev/mmcblk0p2 rw
mmcrootfstype=ext4 rootwait
partitions=uuid_disk=${uuid_gpt_disk};name=rootfs,start=2MiB,size=-,uuid=${uuid_gpt_rootfs}
ramargs=setenv bootargs console=${console} ${optargs} root=${ramroot} rootfstype=${ramrootfstype}
ramdisk_addr_r=0x88080000
ramroot=/dev/ram0 rw
ramrootfstype=ext2
rdaddr=0x88080000
serverip=192.168.1.254
soc=am33xx
stderr=serial
stdin=serial
stdout=serial
usbargs=setenv bootargs console=${console} ${optargs} root=${usbroot} rootfstype=${usbrootfstype}
usbboot=setenv devnum ${usbdev}; setenv devtype usb; usb start ${usbdev}; if usb dev ${usbdev}; then if run loadbootenv; then echo Loaded environment from ${bootenv};run importbootenv;fi;if test -n $uenvcmd; then echo Running uenvcmd ...;run uenvcmd;fi;if run loadimage; then run loadfdt; echo Booting from usb ${usbdev}...; run usbargs;bootz ${loadaddr} - ${fdtaddr}; fi;fi
usbdev=0
usbroot=/dev/sda2 rw
usbrootfstype=ext4 rootwait
vendor=ti
ver=U-Boot 2014.07 (Aug 11 2014 - 20:04:22)
Environment size: 2724/65532 bytes
U-Boot# 
- 05:48:17 [INFO] Host: printenv
- 05:48:17 [INFO] Target: 
printenv
arch=arm
autoload=no
baudrate=115200
board=am43xx
board_name=AM43EPOS
board_rev=1.2B
bootargs=console=ttyO0,115200n8 earlyprintk rootwait 
bootcmd=
bootdelay=1
bootdir=/boot
bootenv=uEnv.txt
bootfile=zImage
bootm_size=0x10000000
bootpart=0:2
console=ttyO0,115200n8
cpu=armv7
eth1addr=34:b1:f7:31:4c:2e
ethact=cpsw
ethaddr=34:b1:f7:31:4c:2c
fdt_addr_r=0x88000000
fdtaddr=0x88000000
fdtfile=undefined
findfdt=if test $board_name = AM43EPOS; then setenv fdtfile am43x-epos-evm.dtb; fi; if test $board_name = AM43__GP; then setenv fdtfile am437x-gp-evm.dtb; fi; if test $board_name = AM43__SK; then setenv fdtfile am437x-sk-evm.dtb; fi; if test $fdtfile = undefined; then echo WARNING: Could not determine device tree; fi; 
importbootenv=echo Importing environment from mmc ...; env import -t $loadaddr $filesize
kernel_addr_r=0x82000000
loadaddr=0x82000000
loadbootenv=load ${devtype} ${devnum} ${loadaddr} ${bootenv}
loadfdt=load ${devtype} ${bootpart} ${fdtaddr} ${bootdir}/${fdtfile}
loadimage=load ${devtype} ${bootpart} ${loadaddr} ${bootdir}/${bootfile}
loadramdisk=load ${devtype} ${devnum} ${rdaddr} ramdisk.gz
mmcargs=setenv bootargs console=${console} ${optargs} root=${mmcroot} rootfstype=${mmcrootfstype}
mmcboot=mmc dev ${mmcdev}; setenv devnum ${mmcdev}; setenv devtype mmc; if mmc rescan; then echo SD/MMC found on device ${devnum};if run loadbootenv; then echo Loaded environment from ${bootenv};run importbootenv;fi;if test -n $uenvcmd; then echo Running uenvcmd ...;run uenvcmd;fi;if run loadimage; then run loadfdt; echo Booting from mmc${mmcdev} ...; run mmcargs; bootz ${loadaddr} - ${fdtaddr}; fi;fi;
mmcdev=0
mmcroot=/dev/mmcblk0p2 rw
mmcrootfstype=ext4 rootwait
partitions=uuid_disk=${uuid_gpt_disk};name=rootfs,start=2MiB,size=-,uuid=${uuid_gpt_rootfs}
ramargs=setenv bootargs console=${console} ${optargs} root=${ramroot} rootfstype=${ramrootfstype}
ramdisk_addr_r=0x88080000
ramroot=/dev/ram0 rw
ramrootfstype=ext2
rdaddr=0x88080000
serverip=192.168.1.254
soc=am33xx
stderr=serial
stdin=serial
stdout=serial
usbargs=setenv bootargs console=${console} ${optargs} root=${usbroot} rootfstype=${usbrootfstype}
usbboot=setenv devnum ${usbdev}; setenv devtype usb; usb start ${usbdev}; if usb dev ${usbdev}; then if run loadbootenv; then echo Loaded environment from ${bootenv};run importbootenv;fi;if test -n $uenvcmd; then echo Running uenvcmd ...;run uenvcmd;fi;if run loadimage; then run loadfdt; echo Booting from usb ${usbdev}...; run usbargs;bootz ${loadaddr} - ${fdtaddr}; fi;fi
usbdev=0
usbroot=/dev/sda2 rw
usbrootfstype=ext4 rootwait
vendor=ti
ver=U-Boot 2014.07 (Aug 11 2014 - 20:04:22)
Environment size: 2724/65532 bytes
U-Boot# 
- 05:48:17 [INFO] Host: setenv bootargs ''${bootargs}' ip=dhcp '
- 05:48:18 [INFO] Target: 
setenv bootargs ''${bootargs}' ip=dhcp '
U-Boot# 
- 05:48:18 [INFO] Host: setenv serverip '192.168.1.254'
- 05:48:18 [INFO] Target: 
setenv serverip '192.168.1.254'
U-Boot# 
- 05:48:18 [INFO] Host: setenv ipaddr dhcp
- 05:48:19 [INFO] Target: 
setenv ipaddr dhcp
U-Boot# 
- 05:48:19 [INFO] Host: setenv autoload 'no'
- 05:48:19 [INFO] Target: 
setenv autoload 'no'
U-Boot# 
- 05:48:19 [INFO] Host: dhcp
- 05:48:21 [INFO] Target: 
dhcp
link up on port 0, speed 100, full duplex
BOOTP broadcast 1
DHCP client bound to address 192.168.1.151
U-Boot# 
- 05:48:21 [INFO] Host: setenv serverip '192.168.1.254'
- 05:48:21 [INFO] Target: 
setenv serverip '192.168.1.254'
U-Boot# 
- 05:48:21 [INFO] Host: tftp ${loadaddr} 192.168.1.254:vatf_am43xx-epos/fcf75b5206ba54acc74742fadc827934
- 05:48:22 [INFO] Target: 
tftp ${loadaddr} 192.168.1.254:vatf_am43xx-epos/fcf75b5206ba54acc74742fadc827934
link up on port 0, speed 100, full duplex
Using cpsw device
TFTP from server 192.168.1.254; our IP address is 192.168.1.151
Filename 'vatf_am43xx-epos/fcf75b5206ba54acc74742fadc827934'.
Load address: 0x82000000
Loading: *#################################################################
	 #################################################################
	 #################################################################
	 #################################################################
	 #######################################################
	 4.5 MiB/s
done
Bytes transferred = 4611328 (465d00 hex)
U-Boot# 
- 05:48:22 [INFO] Host: tftp ${fdt_addr_r} 192.168.1.254:vatf_am43xx-epos/5ec9e678af84816ce96e19b3356a2967
- 05:48:23 [INFO] Target: 
tftp ${fdt_addr_r} 192.168.1.254:vatf_am43xx-epos/5ec9e678af84816ce96e19b3356a2967
link up on port 0, speed 100, full duplex
Using cpsw device
TFTP from server 192.168.1.254; our IP address is 192.168.1.151
Filename 'vatf_am43xx-epos/5ec9e678af84816ce96e19b3356a2967'.
Load address: 0x88000000
Loading: *###
	 4.2 MiB/s
done
Bytes transferred = 39347 (99b3 hex)
U-Boot# 
- 05:48:23 [INFO] Host: ls mmc 0:1
- 05:48:23 [INFO] Target: 
ls mmc 0:1
   109692   mlo 
   292904   u-boot.img 
       14   .ipaddr 
        0   pointercal 
        4   ws-calibrate.rules 
5 file(s), 0 dir(s)
U-Boot# 
- 05:48:23 [INFO] Host: ls mmc 0:2
- 05:48:24 [INFO] Target: 
ls mmc 0:2
<DIR>       4096 .
<DIR>       4096 ..
<DIR>      16384 lost+found
<DIR>       4096 bin
<DIR>       4096 boot
<DIR>       4096 dev
<DIR>       4096 etc
<DIR>       4096 home
<DIR>       4096 lib
<DIR>       4096 media
<DIR>       4096 mnt
<DIR>       4096 opt
<DIR>       4096 proc
<DIR>       4096 sbin
<DIR>       4096 srv
<DIR>       4096 sys
<SYM>          8 tmp
<DIR>       4096 usr
<DIR>       4096 var
<DIR>       4096 www
<SYM>          8 run
<DIR>       4096 Settings
<DIR>       4096 test
U-Boot# 
- 05:48:24 [INFO] Host: part uuid mmc 0:2
- 05:48:24 [INFO] Target: 
part uuid mmc 0:2
00000000-02
U-Boot# 
- 05:48:24 [INFO] Host: printenv
- 05:48:25 [INFO] Target: 
printenv
arch=arm
autoload=no
baudrate=115200
board=am43xx
board_name=AM43EPOS
board_rev=1.2B
bootargs=console=ttyO0,115200n8 earlyprintk rootwait  ip=dhcp 
bootcmd=
bootdelay=1
bootdir=/boot
bootenv=uEnv.txt
bootfile=zImage
bootm_size=0x10000000
bootpart=0:2
console=ttyO0,115200n8
cpu=armv7
dnsip=192.0.2.2
dnsip2=192.0.2.3
eth1addr=34:b1:f7:31:4c:2e
ethact=cpsw
ethaddr=34:b1:f7:31:4c:2c
fdt_addr_r=0x88000000
fdtaddr=0x88000000
fdtfile=undefined
fileaddr=88000000
filesize=99b3
findfdt=if test $board_name = AM43EPOS; then setenv fdtfile am43x-epos-evm.dtb; fi; if test $board_name = AM43__GP; then setenv fdtfile am437x-gp-evm.dtb; fi; if test $board_name = AM43__SK; then setenv fdtfile am437x-sk-evm.dtb; fi; if test $fdtfile = undefined; then echo WARNING: Could not determine device tree; fi; 
gatewayip=192.168.1.254
importbootenv=echo Importing environment from mmc ...; env import -t $loadaddr $filesize
ipaddr=192.168.1.151
kernel_addr_r=0x82000000
loadaddr=0x82000000
loadbootenv=load ${devtype} ${devnum} ${loadaddr} ${bootenv}
loadfdt=load ${devtype} ${bootpart} ${fdtaddr} ${bootdir}/${fdtfile}
loadimage=load ${devtype} ${bootpart} ${loadaddr} ${bootdir}/${bootfile}
loadramdisk=load ${devtype} ${devnum} ${rdaddr} ramdisk.gz
mmcargs=setenv bootargs console=${console} ${optargs} root=${mmcroot} rootfstype=${mmcrootfstype}
mmcboot=mmc dev ${mmcdev}; setenv devnum ${mmcdev}; setenv devtype mmc; if mmc rescan; then echo SD/MMC found on device ${devnum};if run loadbootenv; then echo Loaded environment from ${bootenv};run importbootenv;fi;if test -n $uenvcmd; then echo Running uenvcmd ...;run uenvcmd;fi;if run loadimage; then run loadfdt; echo Booting from mmc${mmcdev} ...; run mmcargs; bootz ${loadaddr} - ${fdtaddr}; fi;fi;
mmcdev=0
mmcroot=/dev/mmcblk0p2 rw
mmcrootfstype=ext4 rootwait
netmask=255.255.255.0
partitions=uuid_disk=${uuid_gpt_disk};name=rootfs,start=2MiB,size=-,uuid=${uuid_gpt_rootfs}
ramargs=setenv bootargs console=${console} ${optargs} root=${ramroot} rootfstype=${ramrootfstype}
ramdisk_addr_r=0x88080000
ramroot=/dev/ram0 rw
ramrootfstype=ext2
rdaddr=0x88080000
serverip=192.168.1.254
soc=am33xx
stderr=serial
stdin=serial
stdout=serial
usbargs=setenv bootargs console=${console} ${optargs} root=${usbroot} rootfstype=${usbrootfstype}
usbboot=setenv devnum ${usbdev}; setenv devtype usb; usb start ${usbdev}; if usb dev ${usbdev}; then if run loadbootenv; then echo Loaded environment from ${bootenv};run importbootenv;fi;if test -n $uenvcmd; then echo Running uenvcmd ...;run uenvcmd;fi;if run loadimage; then run loadfdt; echo Booting from usb ${usbdev}...; run usbargs;bootz ${loadaddr} - ${fdtaddr}; fi;fi
usbdev=0
usbroot=/dev/sda2 rw
usbrootfstype=ext4 rootwait
vendor=ti
ver=U-Boot 2014.07 (Aug 11 2014 - 20:04:22)
Environment size: 2879/65532 bytes
U-Boot# 
- 05:48:25 [INFO] Host: setenv bootargs ''${bootargs}' root=PARTUUID=00000000-02 rw rootfstype=ext4 rootwait '
- 05:48:25 [INFO] Target: 
setenv bootargs ''${bootargs}' root=PARTUUID=00000000-02 rw rootfstype=ext4 rootwait '
U-Boot# 
- 05:48:25 [INFO] Host: printenv
- 05:48:26 [INFO] Target: 
printenv
arch=arm
autoload=no
baudrate=115200
board=am43xx
board_name=AM43EPOS
board_rev=1.2B
bootargs=console=ttyO0,115200n8 earlyprintk rootwait  ip=dhcp  root=PARTUUID=00000000-02 rw rootfstype=ext4 rootwait 
bootcmd=
bootdelay=1
bootdir=/boot
bootenv=uEnv.txt
bootfile=zImage
bootm_size=0x10000000
bootpart=0:2
console=ttyO0,115200n8
cpu=armv7
dnsip=192.0.2.2
dnsip2=192.0.2.3
eth1addr=34:b1:f7:31:4c:2e
ethact=cpsw
ethaddr=34:b1:f7:31:4c:2c
fdt_addr_r=0x88000000
fdtaddr=0x88000000
fdtfile=undefined
fileaddr=88000000
filesize=99b3
findfdt=if test $board_name = AM43EPOS; then setenv fdtfile am43x-epos-evm.dtb; fi; if test $board_name = AM43__GP; then setenv fdtfile am437x-gp-evm.dtb; fi; if test $board_name = AM43__SK; then setenv fdtfile am437x-sk-evm.dtb; fi; if test $fdtfile = undefined; then echo WARNING: Could not determine device tree; fi; 
gatewayip=192.168.1.254
importbootenv=echo Importing environment from mmc ...; env import -t $loadaddr $filesize
ipaddr=192.168.1.151
kernel_addr_r=0x82000000
loadaddr=0x82000000
loadbootenv=load ${devtype} ${devnum} ${loadaddr} ${bootenv}
loadfdt=load ${devtype} ${bootpart} ${fdtaddr} ${bootdir}/${fdtfile}
loadimage=load ${devtype} ${bootpart} ${loadaddr} ${bootdir}/${bootfile}
loadramdisk=load ${devtype} ${devnum} ${rdaddr} ramdisk.gz
mmcargs=setenv bootargs console=${console} ${optargs} root=${mmcroot} rootfstype=${mmcrootfstype}
mmcboot=mmc dev ${mmcdev}; setenv devnum ${mmcdev}; setenv devtype mmc; if mmc rescan; then echo SD/MMC found on device ${devnum};if run loadbootenv; then echo Loaded environment from ${bootenv};run importbootenv;fi;if test -n $uenvcmd; then echo Running uenvcmd ...;run uenvcmd;fi;if run loadimage; then run loadfdt; echo Booting from mmc${mmcdev} ...; run mmcargs; bootz ${loadaddr} - ${fdtaddr}; fi;fi;
mmcdev=0
mmcroot=/dev/mmcblk0p2 rw
mmcrootfstype=ext4 rootwait
netmask=255.255.255.0
partitions=uuid_disk=${uuid_gpt_disk};name=rootfs,start=2MiB,size=-,uuid=${uuid_gpt_rootfs}
ramargs=setenv bootargs console=${console} ${optargs} root=${ramroot} rootfstype=${ramrootfstype}
ramdisk_addr_r=0x88080000
ramroot=/dev/ram0 rw
ramrootfstype=ext2
rdaddr=0x88080000
serverip=192.168.1.254
soc=am33xx
stderr=serial
stdin=serial
stdout=serial
usbargs=setenv bootargs console=${console} ${optargs} root=${usbroot} rootfstype=${usbrootfstype}
usbboot=setenv devnum ${usbdev}; setenv devtype usb; usb start ${usbdev}; if usb dev ${usbdev}; then if run loadbootenv; then echo Loaded environment from ${bootenv};run importbootenv;fi;if test -n $uenvcmd; then echo Running uenvcmd ...;run uenvcmd;fi;if run loadimage; then run loadfdt; echo Booting from usb ${usbdev}...; run usbargs;bootz ${loadaddr} - ${fdtaddr}; fi;fi
usbdev=0
usbroot=/dev/sda2 rw
usbrootfstype=ext4 rootwait
vendor=ti
ver=U-Boot 2014.07 (Aug 11 2014 - 20:04:22)
Environment size: 2934/65532 bytes
U-Boot# 
- 05:48:26 [INFO] Host: setenv bootcmd ''${bootcmd}' if iminfo ${loadaddr}; then bootm ${loadaddr} - ${fdt_addr_r}; else bootz ${loadaddr} - ${fdt_addr_r}; bootm ${loadaddr} - ${fdt_addr_r}; fi'
- 05:48:26 [INFO] Target: 
setenv bootcmd ''${bootcmd}' if iminfo ${loadaddr}; then bootm ${loadaddr} - ${fdt_addr_r}; else bootz ${loadaddr} - ${fdt_addr_r}; bootm ${loadaddr} - ${fdt_addr_r}; fi'
U-Boot# 
- 05:48:26 [INFO] Host: bdinfo
- 05:48:27 [INFO] Target: 
bdinfo
arch_number = 0x00000000
boot_params = 0x80000100
DRAM bank   = 0x00000000
-> start    = 0x80000000
-> size     = 0x40000000
eth0name    = cpsw
ethaddr     = 34:b1:f7:31:4c:2c
current eth = cpsw
ip_addr     = 192.168.1.151
baudrate    = 115200 bps
TLB addr    = 0xBFFF0000
relocaddr   = 0xBFF4E000
reloc off   = 0x3F74E000
irq_sp      = 0xBEF3DEE0
sp start    = 0xBEF3DED0
U-Boot# 
- 05:48:27 [INFO] Host: mmc rescan
- 05:48:27 [INFO] Target: 
mmc rescan
U-Boot# 
- 05:48:27 [INFO] Host: fatwrite mmc ${mmcdev}:1 ${loadaddr} ws-calibrate.rules 4
- 05:48:28 [INFO] Target: 
fatwrite mmc ${mmcdev}:1 ${loadaddr} ws-calibrate.rules 4
writing ws-calibrate.rules
4 bytes written
U-Boot# 
- 05:48:28 [INFO] Host: boot
- 05:48:49 [INFO] Target: 
boot
## Checking Image at 82000000 ...
Unknown image format!
Kernel image @ 0x82000000 [ 0x000000 - 0x465d00 ]
## Flattened Device Tree blob at 88000000
   Booting using the fdt blob at 0x88000000
   Loading Device Tree to 8fff3000, end 8ffff9b2 ... OK
Starting kernel ...
[    0.000000] Booting Linux on physical CPU 0x0
[    0.000000] Initializing cgroup subsys cpuset
[    0.000000] Initializing cgroup subsys cpu
[    0.000000] Initializing cgroup subsys cpuacct
[    0.000000] Linux version 4.0.0-rc3-next-20150316-00002-g2ee7ea7bbaf7 (nmenon@kahuna) (gcc version 4.6.3 (Ubuntu/Linaro 4.6.3-1ubuntu5) ) #1 SMP Mon Mar 16 05:41:46 CDT 2015
[    0.000000] CPU: ARMv7 Processor [412fc09a] revision 10 (ARMv7), cr=10c5387d
[    0.000000] CPU: PIPT / VIPT nonaliasing data cache, VIPT aliasing instruction cache
[    0.000000] Machine model: TI AM43x EPOS EVM
[    0.000000] cma: Reserved 16 MiB at 0xbf000000
[    0.000000] Memory policy: Data cache writeback
[    0.000000] CPU: All CPU(s) started in SVC mode.
[    0.000000] AM437x ES1.1 (sgx neon )
[    0.000000] PERCPU: Embedded 12 pages/cpu @eeeb8000 s18560 r8192 d22400 u49152
[    0.000000] Built 1 zonelists in Zone order, mobility grouping on.  Total pages: 260434
[    0.000000] Kernel command line: console=ttyO0,115200n8 earlyprintk rootwait  ip=dhcp  root=PARTUUID=00000000-02 rw rootfstype=ext4 rootwait 
[    0.000000] PID hash table entries: 4096 (order: 2, 16384 bytes)
[    0.000000] Dentry cache hash table entries: 131072 (order: 7, 524288 bytes)
[    0.000000] Inode-cache hash table entries: 65536 (order: 6, 262144 bytes)
[    0.000000] Memory: 1004180K/1048576K available (6136K kernel code, 599K rwdata, 2288K rodata, 428K init, 8219K bss, 28012K reserved, 16384K cma-reserved, 253952K highmem)
[    0.000000] Virtual kernel memory layout:
[    0.000000]     vector  : 0xffff0000 - 0xffff1000   (   4 kB)
[    0.000000]     fixmap  : 0xffc00000 - 0xfff00000   (3072 kB)
[    0.000000]     vmalloc : 0xf0000000 - 0xff000000   ( 240 MB)
[    0.000000]     lowmem  : 0xc0000000 - 0xef800000   ( 760 MB)
[    0.000000]     pkmap   : 0xbfe00000 - 0xc0000000   (   2 MB)
[    0.000000]     modules : 0xbf000000 - 0xbfe00000   (  14 MB)
[    0.000000]       .text : 0xc0008000 - 0xc08423ec   (8425 kB)
[    0.000000]       .init : 0xc0843000 - 0xc08ae000   ( 428 kB)
[    0.000000]       .data : 0xc08ae000 - 0xc0943cb8   ( 600 kB)
[    0.000000]        .bss : 0xc0943cb8 - 0xc114ab08   (8220 kB)
[    0.000000] Running RCU self tests
[    0.000000] Hierarchical RCU implementation.
[    0.000000] 	RCU lockdep checking is enabled.
[    0.000000] 	Additional per-CPU info printed with stalls.
[    0.000000] 	RCU restricting CPUs from NR_CPUS=2 to nr_cpu_ids=1.
[    0.000000] RCU: Adjusting geometry for rcu_fanout_leaf=16, nr_cpu_ids=1
[    0.000000] NR_IRQS:16 nr_irqs:16 16
[    0.000000] L2C: platform modifies aux control register: 0x0e030000 -> 0x3e430000
[    0.000000] L2C: DT/platform modifies aux control register: 0x0e030000 -> 0x3e430000
[    0.000000] L2C-310 enabling early BRESP for Cortex-A9
[    0.000000] OMAP L2C310: ROM does not support power control setting
[    0.000000] L2C-310 ID prefetch enabled, offset 1 lines
[    0.000000] L2C-310 dynamic clock gating disabled, standby mode disabled
[    0.000000] L2C-310 cache controller enabled, 16 ways, 256 kB
[    0.000000] L2C-310: CACHE_ID 0x410000c9, AUX_CTRL 0x7e430000
[    0.000000] OMAP clockevent source: timer2 at 25000000 Hz
[    0.000013] sched_clock: 32 bits at 25MHz, resolution 40ns, wraps every 171798691800ns
[    0.000070] OMAP clocksource: timer1 at 25000000 Hz
[    0.000794] Console: colour dummy device 80x30
[    0.000846] Lock dependency validator: Copyright (c) 2006 Red Hat, Inc., Ingo Molnar
[    0.000855] ... MAX_LOCKDEP_SUBCLASSES:  8
[    0.000861] ... MAX_LOCK_DEPTH:          48
[    0.000867] ... MAX_LOCKDEP_KEYS:        8191
[    0.000873] ... CLASSHASH_SIZE:          4096
[    0.000879] ... MAX_LOCKDEP_ENTRIES:     32768
[    0.000884] ... MAX_LOCKDEP_CHAINS:      65536
[    0.000890] ... CHAINHASH_SIZE:          32768
[    0.000896]  memory used by lock dependency info: 5167 kB
[    0.000903]  per task-struct memory footprint: 1152 bytes
[    0.000929] Calibrating delay loop... 1993.93 BogoMIPS (lpj=9969664)
[    0.119005] pid_max: default: 32768 minimum: 301
[    0.119347] Security Framework initialized
[    0.119477] Mount-cache hash table entries: 2048 (order: 1, 8192 bytes)
[    0.119491] Mountpoint-cache hash table entries: 2048 (order: 1, 8192 bytes)
[    0.122131] Initializing cgroup subsys blkio
[    0.122171] Initializing cgroup subsys memory
[    0.122259] Initializing cgroup subsys devices
[    0.122340] Initializing cgroup subsys freezer
[    0.122448] Initializing cgroup subsys perf_event
[    0.122513] CPU: Testing write buffer coherency: ok
[    0.123811] CPU0: thread -1, cpu 0, socket 0, mpidr 80000000
[    0.123934] Setting up static identity map for 0x805d2c48 - 0x805d2cb8
[    0.127439] Brought up 1 CPUs
[    0.127459] SMP: Total of 1 processors activated (1993.93 BogoMIPS).
[    0.127469] CPU: All CPU(s) started in SVC mode.
[    0.130673] devtmpfs: initialized
[    0.132569] VFP support v0.3: implementor 41 architecture 3 part 30 variant 9 rev 4
[    0.171598] omap_hwmod: tptc0 using broken dt data from edma
[    0.171931] omap_hwmod: tptc1 using broken dt data from edma
[    0.172235] omap_hwmod: tptc2 using broken dt data from edma
[    0.238036] pinctrl core: initialized pinctrl subsystem
[    0.266959] NET: Registered protocol family 16
[    0.271533] DMA: preallocated 256 KiB pool for atomic coherent allocations
[    0.273445] cpuidle: using governor ladder
[    0.273473] cpuidle: using governor menu
[    0.282105] OMAP GPIO hardware version 0.1
[    0.292243] platform 53701000.des: Cannot lookup hwmod 'des'
[    0.293400] omap-gpmc 50000000.gpmc: could not find pctldev for node /pinmux@44e10800/nand_flash_x8, deferring probe
[    0.293438] platform 50000000.gpmc: Driver omap-gpmc requests probe deferral
[    0.295793] platform 48347000.hdq: Cannot lookup hwmod 'hdq1w'
[    0.296995] platform 48328000.vpfe: Cannot lookup hwmod 'vpfe1'
[    0.299955] No ATAGs?
[    0.300042] hw-breakpoint: found 5 (+1 reserved) breakpoint and 1 watchpoint registers.
[    0.300055] hw-breakpoint: maximum watchpoint size is 4 bytes.
[    0.333022] edma-dma-engine edma-dma-engine.0: TI EDMA DMA engine driver
[    0.336864] SCSI subsystem initialized
[    0.338569] omap_i2c 44e0b000.i2c: could not find pctldev for node /pinmux@44e10800/pinmux_i2c0_pins, deferring probe
[    0.338601] platform 44e0b000.i2c: Driver omap_i2c requests probe deferral
[    0.338654] omap_i2c 4819c000.i2c: could not find pctldev for node /pinmux@44e10800/pinmux_i2c2_pins, deferring probe
[    0.338676] platform 4819c000.i2c: Driver omap_i2c requests probe deferral
[    0.342296] Switched to clocksource timer1
[    0.454163] NET: Registered protocol family 2
[    0.456054] TCP established hash table entries: 8192 (order: 3, 32768 bytes)
[    0.456258] TCP bind hash table entries: 8192 (order: 6, 294912 bytes)
[    0.457985] TCP: Hash tables configured (established 8192 bind 8192)
[    0.458494] UDP hash table entries: 512 (order: 3, 40960 bytes)
[    0.458756] UDP-Lite hash table entries: 512 (order: 3, 40960 bytes)
[    0.459805] NET: Registered protocol family 1
[    0.461531] RPC: Registered named UNIX socket transport module.
[    0.461553] RPC: Registered udp transport module.
[    0.461561] RPC: Registered tcp transport module.
[    0.461568] RPC: Registered tcp NFSv4.1 backchannel transport module.
[    0.466337] futex hash table entries: 256 (order: 2, 16384 bytes)
[    0.466549] audit: initializing netlink subsys (disabled)
[    0.466823] audit: type=2000 audit(0.460:1): initialized
[    0.470983] VFS: Disk quotas dquot_6.5.2
[    0.471278] VFS: Dquot-cache hash table entries: 1024 (order 0, 4096 bytes)
[    0.473914] NFS: Registering the id_resolver key type
[    0.474247] Key type id_resolver registered
[    0.474261] Key type id_legacy registered
[    0.474453] jffs2: version 2.2. (NAND) (SUMMARY)   2001-2006 Red Hat, Inc.
[    0.478930] bounce: pool size: 64 pages
[    0.479109] io scheduler noop registered
[    0.479135] io scheduler deadline registered
[    0.479190] io scheduler cfq registered (default)
[    0.482063] pinctrl-single 44e10800.pinmux: 199 pins at pa f9e10800 size 796
[    0.485549] Serial: 8250/16550 driver, 4 ports, IRQ sharing enabled
[    0.490404] omap_uart 44e09000.serial: no wakeirq for uart0
[    0.490456] omap_uart 44e09000.serial: No clock speed specified: using default: 48000000
[    0.491078] 44e09000.serial: ttyO0 at MMIO 0x44e09000 (irq = 23, base_baud = 3000000) is a OMAP UART0
[    1.285261] console [ttyO0] enabled
[    1.315974] brd: module loaded
[    1.334780] loop: module loaded
[    1.340327] mtdoops: mtd device (mtddev=name/number) must be supplied
[    1.356053] mousedev: PS/2 mouse device common for all mice
[    1.361968] i2c /dev entries driver
[    1.366138] Driver 'mmcblk' needs updating - please use bus_type methods
[    1.374662] omap_hsmmc 48060000.mmc: Got CD GPIO
[    1.413391] ledtrig-cpu: registered to indicate activity on CPUs
[    1.420752] oprofile: no performance counters
[    1.426767] oprofile: using timer interrupt.
[    1.431954] Initializing XFRM netlink socket
[    1.436754] NET: Registered protocol family 17
[    1.441513] NET: Registered protocol family 15
[    1.446599] Key type dns_resolver registered
[    1.451323] omap_voltage_late_init: Voltage driver support not added
[    1.458105] sr_dev_init: No voltage domain specified for smartreflex0. Cannot initialize
[    1.466671] sr_dev_init: No voltage domain specified for smartreflex1. Cannot initialize
[    1.476249] ThumbEE CPU extension supported.
[    1.480790] Registering SWP/SWPB emulation handler
[    1.485931] SmartReflex Class3 initialized
[    1.501216] omap-gpmc 50000000.gpmc: GPMC revision 6.0
[    1.508477] nand: device found, Manufacturer ID: 0x2c, Chip ID: 0xdc
[    1.515290] nand: Micron MT29F4G08ABAEAWP
[    1.519518] nand: 512 MiB, SLC, erase size: 256 KiB, page size: 4096, OOB size: 224
[    1.527672] using OMAP_ECC_BCH16_CODE_HW ECC scheme
[    1.533055] 10 ofpart partitions found on MTD device omap2-nand.0
[    1.539477] Creating 10 MTD partitions on "omap2-nand.0":
[    1.545226] 0x000000000000-0x000000040000 : "NAND.SPL"
[    1.556741] 0x000000040000-0x000000080000 : "NAND.SPL.backup1"
[    1.569224] 0x000000080000-0x0000000c0000 : "NAND.SPL.backup2"
[    1.578535] 0x0000000c0000-0x000000100000 : "NAND.SPL.backup3"
[    1.587567] 0x000000100000-0x000000180000 : "NAND.u-boot-spl-os"
[    1.597042] 0x000000180000-0x000000280000 : "NAND.u-boot"
[    1.605584] 0x000000280000-0x0000002c0000 : "NAND.u-boot-env"
[    1.614662] 0x0000002c0000-0x000000300000 : "NAND.u-boot-env.backup1"
[    1.624282] 0x000000300000-0x000000a00000 : "NAND.kernel"
[    1.634466] 0x000000a00000-0x000020000000 : "NAND.file-system"
[    1.762583] mmc0: host does not support reading read-only switch, assuming write-enable
[    1.776393] mmc0: new high speed SDHC card at address aaaa
[    1.785044] mmcblk0: mmc0:aaaa SU08G 7.40 GiB 
[    1.796240]  mmcblk0: p1 p2 p3
[    1.812693] omap_i2c 44e0b000.i2c: bus 0 rev0.12 at 400 kHz
[    1.821303] omap_i2c 4819c000.i2c: bus 2 rev0.12 at 100 kHz
[    1.892265] davinci_mdio 4a101000.mdio: davinci mdio revision 1.6
[    1.898703] davinci_mdio 4a101000.mdio: detected phy mask fffeffff
[    1.908886] libphy: 4a101000.mdio: probed
[    1.913276] davinci_mdio 4a101000.mdio: phy[16]: device 4a101000.mdio:10, driver unknown
[    1.923055] cpsw 4a100000.ethernet: Detected MACID = 34:b1:f7:31:4c:2c
[    1.932476] drivers/rtc/hctosys.c: unable to open rtc device (rtc0)
[    1.939086] sr_init: No PMIC hook to init smartreflex
[    1.944735] sr_init: platform driver register failed for SR
[    1.969351] net eth0: initializing cpsw version 1.15 (0)
[    2.052714] net eth0: phy found : id is : 0x20005c90
[    2.058111] libphy: PHY 4a101000.mdio:01 not found
[    2.063222] net eth0: phy 4a101000.mdio:01 not found on slave 1
[    4.053074] cpsw 4a100000.ethernet eth0: Link is Up - 100Mbps/Full - flow control rx/tx
[    4.072249] Sending DHCP requests ., OK
[    4.122722] IP-Config: Got DHCP answer from 192.168.1.254, my address is 192.168.1.151
[    4.131418] IP-Config: Complete:
[    4.134906]      device=eth0, hwaddr=34:b1:f7:31:4c:2c, ipaddr=192.168.1.151, mask=255.255.255.0, gw=192.168.1.254
[    4.145840]      host=192.168.1.151, domain=ti.com, nis-domain=(none)
[    4.152643]      bootserver=192.168.1.254, rootserver=192.168.1.254, rootpath=
[    4.160065]      nameserver0=192.0.2.2, nameserver1=192.0.2.3
[    4.166621] v1_8bat: disabling
[    4.171042] v1_0bat: disabling
[    4.199628] EXT4-fs (mmcblk0p2): warning: maximal mount count reached, running e2fsck is recommended
[    4.213633] EXT4-fs (mmcblk0p2): mounted filesystem with ordered data mode. Opts: (null)
[    4.222423] VFS: Mounted root (ext4 filesystem) on device 179:2.
[    4.239376] devtmpfs: mounted
[    4.243524] Freeing unused kernel memory: 428K (c0843000 - c08ae000)
INIT: version 2.88 booting
Error opening /dev/fb0: No such file or directory
Starting udev
[    5.034500] udevd[75]: starting version 182
[   11.430475] EXT4-fs (mmcblk0p3): warning: maximal mount count reached, running e2fsck is recommended
[   11.540764] EXT4-fs (mmcblk0p3): mounted filesystem with ordered data mode. Opts: (null)
[   11.575653] FAT-fs (mmcblk0p1): Volume was not properly unmounted. Some data may be corrupt. Please run fsck.
Starting Bootlog daemon: bootlogd: cannot allocate pseudo tty: No such file or directory
bootlogd.
[   12.156189] EXT4-fs (mmcblk0p2): re-mounted. Opts: data=ordered
[   12.253145] random: dd urandom read with 54 bits of entropy available
ALSA: Restoring mixer settings...
/usr/sbin/alsactl: load_state:1696: No soundcards found...
Configuring network interfaces... udhcpc (v1.20.2) started
Sending discover...
Sending select for 192.168.1.161...
Lease of 192.168.1.161 obtained, lease time 600
/etc/udhcpc.d/50default: Adding DNS 192.0.2.2
/etc/udhcpc.d/50default: Adding DNS 192.0.2.3
done.
hwclock: can't open '/dev/misc/rtc': No such file or directory
Sun Feb 16 07:06:00 UTC 2014
hwclock: can't open '/dev/misc/rtc': No such file or directory
INIT: Entering runlevel: 5
Starting system message bus: dbus.
Starting Dropbear SSH server: dropbear.
Starting telnet daemon.
hwclock: can't open '/dev/misc/rtc': No such file or directory
Starting syslogd/klogd: done
Starting thttpd.
Starting Lighttpd Web Server: lighttpd.
2014-02-16 07:06:00: (log.c.166) server started 
Starting Matrix GUI application.
[   18.193950] random: nonblocking pool is initialized
***************************************************************
***************************************************************
NOTICE: This file system contains the followin GPLv3 packages:
	binutils-symlinks
	binutils
	gdbserver
If you do not wish to distribute GPLv3 components please remove
the above packages prior to distribution.  This can be done using
the opkg remove command.  i.e.:
    opkg remove <package>
Where <package> is the name printed in the list above
NOTE: If the package is a dependency of another package you
      will be notified of the dependent packages.  You should
      use the --force-removal-of-dependent-packages option to
      also remove the dependent packages as well
***************************************************************
***************************************************************
Stopping Bootlog daemon: bootlogd.
 _____                    _____           _         _   
|  _  |___ ___ ___ ___   |  _  |___ ___  |_|___ ___| |_ 
|     |  _| .'| . | . |  |   __|  _| . | | | -_|  _|  _|
|__|__|_| |__,|_  |___|  |__|  |_| |___|_| |___|___|_|  
              |___|                    |___|            
Arago Project http://arago-project.org am437x-evm ttyO0
Arago 2013.12 am437x-evm ttyO0
am437x-evm login: 
- 05:48:49 [INFO] Host: root
- 05:48:49 [INFO] Target: 
root
root@am437x-evm:~# 
- 05:48:49 [INFO] Host: uname -a
- 05:48:50 [INFO] Target: 
uname -a
Linux am437x-evm 4.0.0-rc3-next-20150316-00002-g2ee7ea7bbaf7 #1 SMP Mon Mar 16 05:41:46 CDT 2015 armv7l GNU/Linux
root@am437x-evm:~# 
- 05:48:50 [INFO] Host: cat /proc/cmdline
- 05:48:50 [INFO] Target: 
cat /proc/cmdline
console=ttyO0,115200n8 earlyprintk rootwait  ip=dhcp  root=PARTUUID=00000000-02 rw rootfstype=ext4 rootwait 
root@am437x-evm:~# 
- 05:48:50 [INFO] Host: uname -a
- 05:48:51 [INFO] Target: 
uname -a
Linux am437x-evm 4.0.0-rc3-next-20150316-00002-g2ee7ea7bbaf7 #1 SMP Mon Mar 16 05:41:46 CDT 2015 armv7l GNU/Linux
root@am437x-evm:~# 
- 05:48:51 [INFO] Host: cat /proc/mtd
- 05:48:51 [INFO] Target: 
cat /proc/mtd
dev:    size   erasesize  name
mtd0: 00040000 00040000 "NAND.SPL"
mtd1: 00040000 00040000 "NAND.SPL.backup1"
mtd2: 00040000 00040000 "NAND.SPL.backup2"
mtd3: 00040000 00040000 "NAND.SPL.backup3"
mtd4: 00080000 00040000 "NAND.u-boot-spl-os"
mtd5: 00100000 00040000 "NAND.u-boot"
mtd6: 00040000 00040000 "NAND.u-boot-env"
mtd7: 00040000 00040000 "NAND.u-boot-env.backup1"
mtd8: 00700000 00040000 "NAND.kernel"
mtd9: 1f600000 00040000 "NAND.file-system"
root@am437x-evm:~# 
URL:gtsystest.telogy.design.ti.com/vatf/tidfarm-01.dal.design.ti.com/tidfarm-01.dal.design.ti.com_vatf@am43xx-epos/tidfarm-01.dal.design.ti.com03_16_2015_05_47_30/files/session_iteration_1/test_1
