- 06:44:06 [INFO] Starting target session
- 06:44:07 [INFO] Connected to am57xx-evm via serial 
- 06:44:07 [INFO] Host: #check prompt
- 06:44:10 [ERROR] On command: #check prompt waiting for #check prompt.+?(?-mix:((?-mix:login:)|[Pp]assword)) >>> error: execution expired
- 06:44:10 [INFO] Target: 
#check prompt
root@am57xx-evm:/test# 
- 06:44:10 [INFO] Host: #check prompt
- 06:44:10 [INFO] Target: 
#check prompt
root@am57xx-evm:/test# 
- 06:44:10 [INFO] Host: sync;poweroff
- 06:46:10 [ERROR] On command: sync;poweroff waiting for sync;poweroff.+?(?i-mx:System halted|System will go to power_off|Power down) >>> error: execution expired
- 06:46:10 [INFO] Target: 
sync;poweroff
Broadcast message from root@am57xx-evm (ttyO2) (Wed Dec  3 06:18:54 2014):
The system is going down for system halt NOW!
INIT: SStopping telnet daemon.
Stopping system message bus: dbus.
hwclock: can't open '/dev/misc/rtc': No such file or directory
Error opening /dev/fb0: No such file or directory
Stopping syslogd/klogd: stopped syslogd (pid 690)
stopped klogd (pid 692)
done
Stopping thttpd.
stopping statd: done
ALSA: Storing mixer settings...
/usr/sbin/alsactl: save_state:1590: No soundcards found...
Stopping rpcbind daemon...
done.
Deconfiguring network interfaces... done.
***************************************************************
***************************************************************
NOTICE: This file system contains the followin GPLv3 packages:
	elfutils
	libdw1
	libelf1
If you do not wish to distribute GPLv3 components please remove
the above packages prior to distribution.  This can be done using
the opkg remove command.  i.e.:
    opkg remove <package>
Where <package> is the name printed in the list above
NOTE: If the package is a dependency of another package you
      will be notified of the dependent packages.  You should
      use the --force-removal-of-dependent-packages option to
      also remove the dependent packages as well
***************************************************************
***************************************************************
Sending all processes the TERM signal...
Sending all processes the KILL signal...
Unmounting remote filesystems...
Deactivating swap...
Unmounting local filesystems...
[81493.156854] EXT4-fs (mmcblk0p2): re-mounted. Opts: data=ordered
[81495.412155] reboot: Power dow
- 06:46:10 [INFO] Disconnected serial from am57xx-evm
- 06:46:35 [INFO] Connected to am57xx-evm via serial 
- 06:46:35 [INFO] Host: 
- 06:46:36 [INFO] Target: 
SATA link 0 timeout.
AHCI 0001.0300 32 slots 1 ports 3 Gbps 0x1 impl SATA mode
flags: 64bit ncq stag pm led clo only pmp pio slum part ccc apst 
scanning bus for devices...
Found 0 device(s).
Net:   cpsw
Hit any key to stop autoboot:  1  0 
U-Boot# 
- 06:46:36 [INFO] Host: 
- 06:46:36 [INFO] Target: 
U-Boot# 
- 06:46:36 [INFO] Host: version
- 06:46:37 [INFO] Target: 
version
U-Boot 2014.07-gb8febc6 (Nov 18 2014 - 20:37:19)
arm-linux-gnueabihf-gcc (crosstool-NG linaro-1.13.1-4.7-2013.03-20130313 - Linaro GCC 2013.03) 4.7.3 20130226 (prerelease)
GNU ld (crosstool-NG linaro-1.13.1-4.7-2013.03-20130313 - Linaro GCC 2013.03) 2.23.1
U-Boot# 
- 06:46:37 [INFO] Host: setenv bootargs 'console=ttyO2,115200n8  earlyprintk rootwait '
- 06:46:37 [INFO] Target: 
setenv bootargs 'console=ttyO2,115200n8  earlyprintk rootwait '
U-Boot# 
- 06:46:37 [INFO] Host: setenv bootcmd  ''
- 06:46:38 [INFO] Target: 
setenv bootcmd  ''
U-Boot# 
- 06:46:38 [INFO] Host: setenv autoload 'no'
- 06:46:38 [INFO] Target: 
setenv autoload 'no'
U-Boot# 
- 06:46:38 [INFO] Host: setenv serverip '192.168.0.1'
- 06:46:39 [INFO] Target: 
setenv serverip '192.168.0.1'
U-Boot# 
- 06:46:39 [INFO] Host: printenv
- 06:46:39 [INFO] Target: 
printenv
arch=arm
autoload=no
baudrate=115200
board=beagle_x15
board_name=beagle_x15
bootargs=console=ttyO2,115200n8  earlyprintk rootwait 
bootcmd=
bootdelay=1
bootdir=/boot
bootfile=zImage
bootm_size=0x10000000
bootpart=0:2
bootscript=echo Running bootscript from mmc${mmcdev} ...; source ${loadaddr}
console=ttyO2,115200n8
cpu=armv7
eth1addr=7c:66:9d:ec:e8:7f
ethact=cpsw
ethaddr=7c:66:9d:ec:e8:7e
fdt_addr_r=0x88000000
fdtaddr=0x88000000
fdtfile=undefined
findfdt=if test $board_name = omap5_uevm; then setenv fdtfile omap5-uevm.dtb; fi; if test $board_name = dra7xx; then setenv fdtfile dra7-evm.dtb; fi;if test $board_name = dra72x; then setenv fdtfile dra72-evm.dtb; fi;if test $board_name = beagle_x15; then setenv fdtfile am57xx-beagle-x15.dtb; fi;if test $fdtfile = undefined; then echo WARNING: Could not determine device tree to use; fi; 
importbootenv=echo Importing environment from mmc${mmcdev} ...; env import -t ${loadaddr} ${filesize}
kernel_addr_r=0x82000000
loadaddr=0x82000000
loadbootenv=fatload mmc ${mmcdev} ${loadaddr} uEnv.txt
loadbootscript=fatload mmc ${mmcdev} ${loadaddr} boot.scr
loadfdt=load mmc ${bootpart} ${fdtaddr} ${bootdir}/${fdtfile};
loadimage=load mmc ${bootpart} ${loadaddr} ${bootdir}/${bootfile}
mmcargs=setenv bootargs console=${console} ${optargs} vram=${vram} root=${mmcroot} rootfstype=${mmcrootfstype}
mmcboot=mmc dev ${mmcdev}; if mmc rescan; then echo SD/MMC found on device ${mmcdev};if run loadbootenv; then echo Loaded environment from ${bootenv};run importbootenv;fi;if test -n $uenvcmd; then echo Running uenvcmd ...;run uenvcmd;fi;if run loadimage; then run loadfdt; echo Booting from mmc${mmcdev} ...; run mmcargs; bootz ${loadaddr} - ${fdtaddr}; fi;fi;
mmcdev=0
mmcroot=/dev/mmcblk0p2 rw
mmcrootfstype=ext4 rootwait
partitions=uuid_disk=${uuid_gpt_disk};name=rootfs,start=2MiB,size=-,uuid=${uuid_gpt_rootfs}
ramdisk_addr_r=0x88080000
rdaddr=0x88080000
scsidevs=0
serverip=192.168.0.1
soc=omap5
stderr=serial
stdin=serial
stdout=serial
usbtty=cdc_acm
vendor=ti
ver=U-Boot 2014.07-gb8febc6 (Nov 18 2014 - 20:37:19)
vram=16M
Environment size: 2167/65532 bytes
U-Boot# 
- 06:46:39 [INFO] Host: printenv
- 06:46:40 [INFO] Target: 
printenv
arch=arm
autoload=no
baudrate=115200
board=beagle_x15
board_name=beagle_x15
bootargs=console=ttyO2,115200n8  earlyprintk rootwait 
bootcmd=
bootdelay=1
bootdir=/boot
bootfile=zImage
bootm_size=0x10000000
bootpart=0:2
bootscript=echo Running bootscript from mmc${mmcdev} ...; source ${loadaddr}
console=ttyO2,115200n8
cpu=armv7
eth1addr=7c:66:9d:ec:e8:7f
ethact=cpsw
ethaddr=7c:66:9d:ec:e8:7e
fdt_addr_r=0x88000000
fdtaddr=0x88000000
fdtfile=undefined
findfdt=if test $board_name = omap5_uevm; then setenv fdtfile omap5-uevm.dtb; fi; if test $board_name = dra7xx; then setenv fdtfile dra7-evm.dtb; fi;if test $board_name = dra72x; then setenv fdtfile dra72-evm.dtb; fi;if test $board_name = beagle_x15; then setenv fdtfile am57xx-beagle-x15.dtb; fi;if test $fdtfile = undefined; then echo WARNING: Could not determine device tree to use; fi; 
importbootenv=echo Importing environment from mmc${mmcdev} ...; env import -t ${loadaddr} ${filesize}
kernel_addr_r=0x82000000
loadaddr=0x82000000
loadbootenv=fatload mmc ${mmcdev} ${loadaddr} uEnv.txt
loadbootscript=fatload mmc ${mmcdev} ${loadaddr} boot.scr
loadfdt=load mmc ${bootpart} ${fdtaddr} ${bootdir}/${fdtfile};
loadimage=load mmc ${bootpart} ${loadaddr} ${bootdir}/${bootfile}
mmcargs=setenv bootargs console=${console} ${optargs} vram=${vram} root=${mmcroot} rootfstype=${mmcrootfstype}
mmcboot=mmc dev ${mmcdev}; if mmc rescan; then echo SD/MMC found on device ${mmcdev};if run loadbootenv; then echo Loaded environment from ${bootenv};run importbootenv;fi;if test -n $uenvcmd; then echo Running uenvcmd ...;run uenvcmd;fi;if run loadimage; then run loadfdt; echo Booting from mmc${mmcdev} ...; run mmcargs; bootz ${loadaddr} - ${fdtaddr}; fi;fi;
mmcdev=0
mmcroot=/dev/mmcblk0p2 rw
mmcrootfstype=ext4 rootwait
partitions=uuid_disk=${uuid_gpt_disk};name=rootfs,start=2MiB,size=-,uuid=${uuid_gpt_rootfs}
ramdisk_addr_r=0x88080000
rdaddr=0x88080000
scsidevs=0
serverip=192.168.0.1
soc=omap5
stderr=serial
stdin=serial
stdout=serial
usbtty=cdc_acm
vendor=ti
ver=U-Boot 2014.07-gb8febc6 (Nov 18 2014 - 20:37:19)
vram=16M
Environment size: 2167/65532 bytes
U-Boot# 
- 06:46:40 [INFO] Host: setenv bootargs ''${bootargs}' ip=dhcp '
- 06:46:40 [INFO] Target: 
setenv bootargs ''${bootargs}' ip=dhcp '
U-Boot# 
- 06:46:40 [INFO] Host: setenv serverip '192.168.0.1'
- 06:46:41 [INFO] Target: 
setenv serverip '192.168.0.1'
U-Boot# 
- 06:46:41 [INFO] Host: setenv ipaddr dhcp
- 06:46:41 [INFO] Target: 
setenv ipaddr dhcp
U-Boot# 
- 06:46:41 [INFO] Host: setenv autoload 'no'
- 06:46:42 [INFO] Target: 
setenv autoload 'no'
U-Boot# 
- 06:46:42 [INFO] Host: dhcp
- 06:46:43 [INFO] Target: 
dhcp
link up on port 0, speed 1000, full duplex
BOOTP broadcast 1
DHCP client bound to address 192.168.0.251
U-Boot# 
- 06:46:43 [INFO] Host: setenv serverip '192.168.0.1'
- 06:46:44 [INFO] Target: 
setenv serverip '192.168.0.1'
U-Boot# 
- 06:46:44 [INFO] Host: tftp ${loadaddr} 192.168.0.1:vatf_am57xx-evm1/eadd8bd20246a162010069f0edf0a8b7
- 06:46:44 [INFO] Target: 
tftp ${loadaddr} 192.168.0.1:vatf_am57xx-evm1/eadd8bd20246a162010069f0edf0a8b7
link up on port 0, speed 1000, full duplex
Using cpsw device
TFTP from server 192.168.0.1; our IP address is 192.168.0.251
Filename 'vatf_am57xx-evm1/eadd8bd20246a162010069f0edf0a8b7'.
Load address: 0x82000000
Loading: *#################################################################
	 #################################################################
	 #################################################################
	 #################################################################
	 ##########################################
	 9.2 MiB/s
done
Bytes transferred = 4433144 (43a4f8 hex)
U-Boot# 
- 06:46:44 [INFO] Host: tftp ${fdt_addr_r} 192.168.0.1:vatf_am57xx-evm1/39921c340a8db17196b36960c1f4009a
- 06:46:45 [INFO] Target: 
tftp ${fdt_addr_r} 192.168.0.1:vatf_am57xx-evm1/39921c340a8db17196b36960c1f4009a
link up on port 0, speed 1000, full duplex
Using cpsw device
TFTP from server 192.168.0.1; our IP address is 192.168.0.251
Filename 'vatf_am57xx-evm1/39921c340a8db17196b36960c1f4009a'.
Load address: 0x88000000
Loading: *#####
	 8.3 MiB/s
done
Bytes transferred = 69446 (10f46 hex)
U-Boot# 
- 06:46:45 [INFO] Host: ls mmc 0:1
- 06:46:45 [INFO] Target: 
ls mmc 0:1
    59268   mlo 
   314400   u-boot.img 
  4747192   zimage 
    82884   zimage-am57xx-beagle-x15.dtb 
    65536   uboot.env 
        4   ws-calibrate.rules 
6 file(s), 0 dir(s)
U-Boot# 
- 06:46:45 [INFO] Host: ls mmc 0:2
- 06:46:46 [INFO] Target: 
ls mmc 0:2
<DIR>       4096 .
<DIR>       4096 ..
<DIR>      16384 lost+found
<DIR>       4096 srv
<DIR>       4096 home
<DIR>       4096 media
<DIR>       4096 var
<DIR>       4096 sys
<DIR>       4096 boot
<DIR>       4096 dev
<DIR>       4096 usr
<DIR>       4096 bin
<DIR>       4096 mnt
<DIR>       4096 etc
<DIR>       4096 sbin
<SYM>          8 tmp
<DIR>       4096 proc
<DIR>       4096 run
<DIR>       4096 lib
<DIR>       4096 test
U-Boot# 
- 06:46:46 [INFO] Host: part uuid mmc 0:2
- 06:46:46 [INFO] Target: 
part uuid mmc 0:2
00000000-02
U-Boot# 
- 06:46:46 [INFO] Host: printenv
- 06:46:47 [INFO] Target: 
printenv
arch=arm
autoload=no
baudrate=115200
board=beagle_x15
board_name=beagle_x15
bootargs=console=ttyO2,115200n8  earlyprintk rootwait  ip=dhcp 
bootcmd=
bootdelay=1
bootdir=/boot
bootfile=zImage
bootm_size=0x10000000
bootpart=0:2
bootscript=echo Running bootscript from mmc${mmcdev} ...; source ${loadaddr}
console=ttyO2,115200n8
cpu=armv7
dnsip=192.0.2.2
dnsip2=192.0.2.3
eth1addr=7c:66:9d:ec:e8:7f
ethact=cpsw
ethaddr=7c:66:9d:ec:e8:7e
fdt_addr_r=0x88000000
fdtaddr=0x88000000
fdtfile=undefined
fileaddr=88000000
filesize=10f46
findfdt=if test $board_name = omap5_uevm; then setenv fdtfile omap5-uevm.dtb; fi; if test $board_name = dra7xx; then setenv fdtfile dra7-evm.dtb; fi;if test $board_name = dra72x; then setenv fdtfile dra72-evm.dtb; fi;if test $board_name = beagle_x15; then setenv fdtfile am57xx-beagle-x15.dtb; fi;if test $fdtfile = undefined; then echo WARNING: Could not determine device tree to use; fi; 
gatewayip=192.168.0.1
importbootenv=echo Importing environment from mmc${mmcdev} ...; env import -t ${loadaddr} ${filesize}
ipaddr=192.168.0.251
kernel_addr_r=0x82000000
loadaddr=0x82000000
loadbootenv=fatload mmc ${mmcdev} ${loadaddr} uEnv.txt
loadbootscript=fatload mmc ${mmcdev} ${loadaddr} boot.scr
loadfdt=load mmc ${bootpart} ${fdtaddr} ${bootdir}/${fdtfile};
loadimage=load mmc ${bootpart} ${loadaddr} ${bootdir}/${bootfile}
mmcargs=setenv bootargs console=${console} ${optargs} vram=${vram} root=${mmcroot} rootfstype=${mmcrootfstype}
mmcboot=mmc dev ${mmcdev}; if mmc rescan; then echo SD/MMC found on device ${mmcdev};if run loadbootenv; then echo Loaded environment from ${bootenv};run importbootenv;fi;if test -n $uenvcmd; then echo Running uenvcmd ...;run uenvcmd;fi;if run loadimage; then run loadfdt; echo Booting from mmc${mmcdev} ...; run mmcargs; bootz ${loadaddr} - ${fdtaddr}; fi;fi;
mmcdev=0
mmcroot=/dev/mmcblk0p2 rw
mmcrootfstype=ext4 rootwait
netmask=255.255.255.0
partitions=uuid_disk=${uuid_gpt_disk};name=rootfs,start=2MiB,size=-,uuid=${uuid_gpt_rootfs}
ramdisk_addr_r=0x88080000
rdaddr=0x88080000
scsidevs=0
serverip=192.168.0.1
soc=omap5
stderr=serial
stdin=serial
stdout=serial
usbtty=cdc_acm
vendor=ti
ver=U-Boot 2014.07-gb8febc6 (Nov 18 2014 - 20:37:19)
vram=16M
Environment size: 2321/65532 bytes
U-Boot# 
- 06:46:47 [INFO] Host: setenv bootargs ''${bootargs}' root=PARTUUID=00000000-02 rw rootfstype=ext4 rootwait '
- 06:46:47 [INFO] Target: 
setenv bootargs ''${bootargs}' root=PARTUUID=00000000-02 rw rootfstype=ext4 rootwait '
U-Boot# 
- 06:46:47 [INFO] Host: printenv
- 06:46:48 [INFO] Target: 
printenv
arch=arm
autoload=no
baudrate=115200
board=beagle_x15
board_name=beagle_x15
bootargs=console=ttyO2,115200n8  earlyprintk rootwait  ip=dhcp  root=PARTUUID=00000000-02 rw rootfstype=ext4 rootwait 
bootcmd=
bootdelay=1
bootdir=/boot
bootfile=zImage
bootm_size=0x10000000
bootpart=0:2
bootscript=echo Running bootscript from mmc${mmcdev} ...; source ${loadaddr}
console=ttyO2,115200n8
cpu=armv7
dnsip=192.0.2.2
dnsip2=192.0.2.3
eth1addr=7c:66:9d:ec:e8:7f
ethact=cpsw
ethaddr=7c:66:9d:ec:e8:7e
fdt_addr_r=0x88000000
fdtaddr=0x88000000
fdtfile=undefined
fileaddr=88000000
filesize=10f46
findfdt=if test $board_name = omap5_uevm; then setenv fdtfile omap5-uevm.dtb; fi; if test $board_name = dra7xx; then setenv fdtfile dra7-evm.dtb; fi;if test $board_name = dra72x; then setenv fdtfile dra72-evm.dtb; fi;if test $board_name = beagle_x15; then setenv fdtfile am57xx-beagle-x15.dtb; fi;if test $fdtfile = undefined; then echo WARNING: Could not determine device tree to use; fi; 
gatewayip=192.168.0.1
importbootenv=echo Importing environment from mmc${mmcdev} ...; env import -t ${loadaddr} ${filesize}
ipaddr=192.168.0.251
kernel_addr_r=0x82000000
loadaddr=0x82000000
loadbootenv=fatload mmc ${mmcdev} ${loadaddr} uEnv.txt
loadbootscript=fatload mmc ${mmcdev} ${loadaddr} boot.scr
loadfdt=load mmc ${bootpart} ${fdtaddr} ${bootdir}/${fdtfile};
loadimage=load mmc ${bootpart} ${loadaddr} ${bootdir}/${bootfile}
mmcargs=setenv bootargs console=${console} ${optargs} vram=${vram} root=${mmcroot} rootfstype=${mmcrootfstype}
mmcboot=mmc dev ${mmcdev}; if mmc rescan; then echo SD/MMC found on device ${mmcdev};if run loadbootenv; then echo Loaded environment from ${bootenv};run importbootenv;fi;if test -n $uenvcmd; then echo Running uenvcmd ...;run uenvcmd;fi;if run loadimage; then run loadfdt; echo Booting from mmc${mmcdev} ...; run mmcargs; bootz ${loadaddr} - ${fdtaddr}; fi;fi;
mmcdev=0
mmcroot=/dev/mmcblk0p2 rw
mmcrootfstype=ext4 rootwait
netmask=255.255.255.0
partitions=uuid_disk=${uuid_gpt_disk};name=rootfs,start=2MiB,size=-,uuid=${uuid_gpt_rootfs}
ramdisk_addr_r=0x88080000
rdaddr=0x88080000
scsidevs=0
serverip=192.168.0.1
soc=omap5
stderr=serial
stdin=serial
stdout=serial
usbtty=cdc_acm
vendor=ti
ver=U-Boot 2014.07-gb8febc6 (Nov 18 2014 - 20:37:19)
vram=16M
Environment size: 2376/65532 bytes
U-Boot# 
- 06:46:48 [INFO] Host: setenv bootcmd ''${bootcmd}' if iminfo ${loadaddr}; then bootm ${loadaddr} - ${fdt_addr_r}; else bootz ${loadaddr} - ${fdt_addr_r}; bootm ${loadaddr} - ${fdt_addr_r}; fi'
- 06:46:48 [INFO] Target: 
setenv bootcmd ''${bootcmd}' if iminfo ${loadaddr}; then bootm ${loadaddr} - ${fdt_addr_r}; else bootz ${loadaddr} - ${fdt_addr_r}; bootm ${loadaddr} - ${fdt_addr_r}; fi'
U-Boot# 
- 06:46:48 [INFO] Host: bdinfo
- 06:46:49 [INFO] Target: 
bdinfo
arch_number = 0x00000000
boot_params = 0x80000100
DRAM bank   = 0x00000000
-> start    = 0x80000000
-> size     = 0x80000000
DRAM bank   = 0x00000001
-> start    = 0x00000000
-> size     = 0x00000000
eth0name    = cpsw
ethaddr     = 7c:66:9d:ec:e8:7e
current eth = cpsw
ip_addr     = 192.168.0.251
baudrate    = 115200 bps
TLB addr    = 0xFFFF0000
relocaddr   = 0xFFF60000
reloc off   = 0x7F760000
irq_sp      = 0xFEF4FEE0
sp start    = 0xFEF4FED0
U-Boot# 
- 06:46:49 [INFO] Host: mmc rescan
- 06:46:49 [INFO] Target: 
mmc rescan
U-Boot# 
- 06:46:49 [INFO] Host: fatwrite mmc ${mmcdev}:1 ${loadaddr} ws-calibrate.rules 4
- 06:46:50 [INFO] Target: 
fatwrite mmc ${mmcdev}:1 ${loadaddr} ws-calibrate.rules 4
writing ws-calibrate.rules
4 bytes written
U-Boot# 
- 06:46:50 [INFO] Host: boot
- 06:47:05 [INFO] Target: 
boot
## Checking Image at 82000000 ...
Unknown image format!
Kernel image @ 0x82000000 [ 0x000000 - 0x43a4f8 ]
## Flattened Device Tree blob at 88000000
   Booting using the fdt blob at 0x88000000
   Loading Device Tree to 8ffec000, end 8fffff45 ... OK
Starting kernel ...
[    0.000000] Booting Linux on physical CPU 0x0
[    0.000000] Initializing cgroup subsys cpuset
[    0.000000] Initializing cgroup subsys cpu
[    0.000000] Initializing cgroup subsys cpuacct
[    0.000000] Linux version 3.19.0-rc4-next-20150116-00002-g18d807fa90c6 (nmenon@kahuna) (gcc version 4.6.3 (Ubuntu/Linaro 4.6.3-1ubuntu5) ) #1 SMP Fri Jan 16 05:41:55 CST 2015
[    0.000000] CPU: ARMv7 Processor [412fc0f2] revision 2 (ARMv7), cr=10c5387d
[    0.000000] CPU: PIPT / VIPT nonaliasing data cache, PIPT instruction cache
[    0.000000] Machine model: TI AM5728 BeagleBoard-X15
[    0.000000] cma: Reserved 16 MiB at 0xfe800000
[    0.000000] Memory policy: Data cache writealloc
[    0.000000] DRA752 ES1.1
[    0.000000] PERCPU: Embedded 12 pages/cpu @ee580000 s19072 r8192 d21888 u49152
[    0.000000] Built 1 zonelists in Zone order, mobility grouping on.  Total pages: 522321
[    0.000000] Kernel command line: console=ttyO2,115200n8  earlyprintk rootwait  ip=dhcp  root=PARTUUID=00000000-02 rw rootfstype=ext4 rootwait 
[    0.000000] PID hash table entries: 4096 (order: 2, 16384 bytes)
[    0.000000] Dentry cache hash table entries: 131072 (order: 7, 524288 bytes)
[    0.000000] Inode-cache hash table entries: 65536 (order: 6, 262144 bytes)
[    0.000000] Memory: 2042604K/2096124K available (5825K kernel code, 622K rwdata, 2228K rodata, 424K init, 8219K bss, 37136K reserved, 16384K cma-reserved, 1301500K highmem)
[    0.000000] Virtual kernel memory layout:
[    0.000000]     vector  : 0xffff0000 - 0xffff1000   (   4 kB)
[    0.000000]     fixmap  : 0xffc00000 - 0xfff00000   (3072 kB)
[    0.000000]     vmalloc : 0xf0000000 - 0xff000000   ( 240 MB)
[    0.000000]     lowmem  : 0xc0000000 - 0xef800000   ( 760 MB)
[    0.000000]     pkmap   : 0xbfe00000 - 0xc0000000   (   2 MB)
[    0.000000]     modules : 0xbf000000 - 0xbfe00000   (  14 MB)
[    0.000000]       .text : 0xc0008000 - 0xc07e5724   (8054 kB)
[    0.000000]       .init : 0xc07e6000 - 0xc0850000   ( 424 kB)
[    0.000000]       .data : 0xc0850000 - 0xc08eb8b0   ( 623 kB)
[    0.000000]        .bss : 0xc08eb8b0 - 0xc10f2748   (8220 kB)
[    0.000000] Hierarchical RCU implementation.
[    0.000000] 	Additional per-CPU info printed with stalls.
[    0.000000] NR_IRQS:16 nr_irqs:16 16
[    0.000000] OMAP clockevent source: timer1 at 32768 Hz
[    0.000000] sched_clock: 32 bits at 32kHz, resolution 30517ns, wraps every 65536000000000ns
[    0.000030] OMAP clocksource: 32k_counter at 32768 Hz
[    0.000518] Architected cp15 timer(s) running at 6.14MHz (virt).
[    0.000524] sched_clock: 56 bits at 6MHz, resolution 162ns, wraps every 2794592043008ns
[    0.000535] Switching to timer-based delay loop, resolution 162ns
[    0.001676] Console: colour dummy device 80x30
[    0.001708] Lock dependency validator: Copyright (c) 2006 Red Hat, Inc., Ingo Molnar
[    0.001715] ... MAX_LOCKDEP_SUBCLASSES:  8
[    0.001721] ... MAX_LOCK_DEPTH:          48
[    0.001728] ... MAX_LOCKDEP_KEYS:        8191
[    0.001734] ... CLASSHASH_SIZE:          4096
[    0.001741] ... MAX_LOCKDEP_ENTRIES:     32768
[    0.001747] ... MAX_LOCKDEP_CHAINS:      65536
[    0.001753] ... CHAINHASH_SIZE:          32768
[    0.001759]  memory used by lock dependency info: 5167 kB
[    0.001766]  per task-struct memory footprint: 1152 bytes
[    0.001785] Calibrating delay loop (skipped), value calculated using timer frequency.. 12.29 BogoMIPS (lpj=61475)
[    0.001798] pid_max: default: 32768 minimum: 301
[    0.002039] Security Framework initialized
[    0.002151] Mount-cache hash table entries: 2048 (order: 1, 8192 bytes)
[    0.002163] Mountpoint-cache hash table entries: 2048 (order: 1, 8192 bytes)
[    0.004201] Initializing cgroup subsys blkio
[    0.004225] Initializing cgroup subsys memory
[    0.004258] Initializing cgroup subsys devices
[    0.004311] Initializing cgroup subsys freezer
[    0.004393] Initializing cgroup subsys perf_event
[    0.004447] CPU: Testing write buffer coherency: ok
[    0.005268] /cpus/cpu@0 missing clock-frequency property
[    0.005306] /cpus/cpu@1 missing clock-frequency property
[    0.005317] CPU0: thread -1, cpu 0, socket 0, mpidr 80000000
[    0.005371] Setting up static identity map for 0x80585a90 - 0x80585b00
[    0.009324] CPU1: thread -1, cpu 1, socket 0, mpidr 80000001
[    0.009765] Brought up 2 CPUs
[    0.009778] SMP: Total of 2 processors activated (24.59 BogoMIPS).
[    0.009785] CPU: All CPU(s) started in SVC mode.
[    0.011956] devtmpfs: initialized
[    0.013470] VFP support v0.3: implementor 41 architecture 4 part 30 variant f rev 0
[    0.013571] omap_hwmod: l3_main_2 using broken dt data from ocp
[    0.169088] omap_hwmod: dss_core: _wait_target_disable failed
[    0.169103] omap_hwmod: dss_core: cannot be enabled for reset (3)
[    0.177803] omap_hwmod: dss_core: _wait_target_disable failed
[    0.177815] ------------[ cut here ]------------
[    0.177828] WARNING: CPU: 0 PID: 1 at arch/arm/mach-omap2/omap_hwmod.c:2643 _setup+0x50/0x3f8()
[    0.177836] hwmod: dss_dispc: setup: failed to enable parent hwmod dss_core
[    0.177842] Modules linked in:
[    0.177856] CPU: 0 PID: 1 Comm: swapper/0 Not tainted 3.19.0-rc4-next-20150116-00002-g18d807fa90c6 #1
[    0.177864] Hardware name: Generic DRA74X (Flattened Device Tree)
[    0.177885] [<c00153f0>] (unwind_backtrace) from [<c0011a74>] (show_stack+0x10/0x14)
[    0.177902] [<c0011a74>] (show_stack) from [<c057d40c>] (dump_stack+0x78/0x94)
[    0.177919] [<c057d40c>] (dump_stack) from [<c003d454>] (warn_slowpath_common+0x7c/0xb4)
[    0.177933] [<c003d454>] (warn_slowpath_common) from [<c003d520>] (warn_slowpath_fmt+0x30/0x40)
[    0.177947] [<c003d520>] (warn_slowpath_fmt) from [<c07f3b30>] (_setup+0x50/0x3f8)
[    0.177960] [<c07f3b30>] (_setup) from [<c0026298>] (omap_hwmod_for_each+0x34/0x5c)
[    0.177972] [<c0026298>] (omap_hwmod_for_each) from [<c07f4208>] (__omap_hwmod_setup_all+0x30/0x40)
[    0.177984] [<c07f4208>] (__omap_hwmod_setup_all) from [<c00089e4>] (do_one_initcall+0x80/0x1d8)
[    0.177999] [<c00089e4>] (do_one_initcall) from [<c07e6e80>] (kernel_init_freeable+0x1fc/0x2d4)
[    0.178015] [<c07e6e80>] (kernel_init_freeable) from [<c0578714>] (kernel_init+0x8/0xe4)
[    0.178029] [<c0578714>] (kernel_init) from [<c000e6a8>] (ret_from_fork+0x14/0x2c)
[    0.178072] ---[ end trace 406563c524e5972c ]---
[    0.180639] omap_hwmod: dss_dispc: cannot be enabled for reset (3)
[    0.180646] ------------[ cut here ]------------
[    0.180658] WARNING: CPU: 0 PID: 1 at arch/arm/mach-omap2/omap_hwmod.c:2182 _idle+0x1b4/0x208()
[    0.180665] omap_hwmod: dss_core: idle state can only be entered from enabled state
[    0.180671] Modules linked in:
[    0.180683] CPU: 0 PID: 1 Comm: swapper/0 Tainted: G        W       3.19.0-rc4-next-20150116-00002-g18d807fa90c6 #1
[    0.180690] Hardware name: Generic DRA74X (Flattened Device Tree)
[    0.180705] [<c00153f0>] (unwind_backtrace) from [<c0011a74>] (show_stack+0x10/0x14)
[    0.180718] [<c0011a74>] (show_stack) from [<c057d40c>] (dump_stack+0x78/0x94)
[    0.180732] [<c057d40c>] (dump_stack) from [<c003d454>] (warn_slowpath_common+0x7c/0xb4)
[    0.180746] [<c003d454>] (warn_slowpath_common) from [<c003d520>] (warn_slowpath_fmt+0x30/0x40)
[    0.180759] [<c003d520>] (warn_slowpath_fmt) from [<c0025f14>] (_idle+0x1b4/0x208)
[    0.180770] [<c0025f14>] (_idle) from [<c07f3e60>] (_setup+0x380/0x3f8)
[    0.180796] [<c07f3e60>] (_setup) from [<c0026298>] (omap_hwmod_for_each+0x34/0x5c)
[    0.180808] [<c0026298>] (omap_hwmod_for_each) from [<c07f4208>] (__omap_hwmod_setup_all+0x30/0x40)
[    0.180819] [<c07f4208>] (__omap_hwmod_setup_all) from [<c00089e4>] (do_one_initcall+0x80/0x1d8)
[    0.180832] [<c00089e4>] (do_one_initcall) from [<c07e6e80>] (kernel_init_freeable+0x1fc/0x2d4)
[    0.180847] [<c07e6e80>] (kernel_init_freeable) from [<c0578714>] (kernel_init+0x8/0xe4)
[    0.180860] [<c0578714>] (kernel_init) from [<c000e6a8>] (ret_from_fork+0x14/0x2c)
[    0.180867] ---[ end trace 406563c524e5972d ]---
[    0.189532] omap_hwmod: dss_core: _wait_target_disable failed
[    0.189543] ------------[ cut here ]------------
[    0.189554] WARNING: CPU: 0 PID: 1 at arch/arm/mach-omap2/omap_hwmod.c:2643 _setup+0x50/0x3f8()
[    0.189561] hwmod: dss_hdmi: setup: failed to enable parent hwmod dss_core
[    0.189566] Modules linked in:
[    0.189578] CPU: 0 PID: 1 Comm: swapper/0 Tainted: G        W       3.19.0-rc4-next-20150116-00002-g18d807fa90c6 #1
[    0.189585] Hardware name: Generic DRA74X (Flattened Device Tree)
[    0.189600] [<c00153f0>] (unwind_backtrace) from [<c0011a74>] (show_stack+0x10/0x14)
[    0.189612] [<c0011a74>] (show_stack) from [<c057d40c>] (dump_stack+0x78/0x94)
[    0.189626] [<c057d40c>] (dump_stack) from [<c003d454>] (warn_slowpath_common+0x7c/0xb4)
[    0.189639] [<c003d454>] (warn_slowpath_common) from [<c003d520>] (warn_slowpath_fmt+0x30/0x40)
[    0.189652] [<c003d520>] (warn_slowpath_fmt) from [<c07f3b30>] (_setup+0x50/0x3f8)
[    0.189663] [<c07f3b30>] (_setup) from [<c0026298>] (omap_hwmod_for_each+0x34/0x5c)
[    0.189674] [<c0026298>] (omap_hwmod_for_each) from [<c07f4208>] (__omap_hwmod_setup_all+0x30/0x40)
[    0.189685] [<c07f4208>] (__omap_hwmod_setup_all) from [<c00089e4>] (do_one_initcall+0x80/0x1d8)
[    0.189698] [<c00089e4>] (do_one_initcall) from [<c07e6e80>] (kernel_init_freeable+0x1fc/0x2d4)
[    0.189712] [<c07e6e80>] (kernel_init_freeable) from [<c0578714>] (kernel_init+0x8/0xe4)
[    0.189725] [<c0578714>] (kernel_init) from [<c000e6a8>] (ret_from_fork+0x14/0x2c)
[    0.189733] ---[ end trace 406563c524e5972e ]---
[    0.192319] omap_hwmod: dss_hdmi: cannot be enabled for reset (3)
[    0.192325] ------------[ cut here ]------------
[    0.192336] WARNING: CPU: 0 PID: 1 at arch/arm/mach-omap2/omap_hwmod.c:2182 _idle+0x1b4/0x208()
[    0.192343] omap_hwmod: dss_core: idle state can only be entered from enabled state
[    0.192349] Modules linked in:
[    0.192361] CPU: 0 PID: 1 Comm: swapper/0 Tainted: G        W       3.19.0-rc4-next-20150116-00002-g18d807fa90c6 #1
[    0.192367] Hardware name: Generic DRA74X (Flattened Device Tree)
[    0.192382] [<c00153f0>] (unwind_backtrace) from [<c0011a74>] (show_stack+0x10/0x14)
[    0.192395] [<c0011a74>] (show_stack) from [<c057d40c>] (dump_stack+0x78/0x94)
[    0.192408] [<c057d40c>] (dump_stack) from [<c003d454>] (warn_slowpath_common+0x7c/0xb4)
[    0.192421] [<c003d454>] (warn_slowpath_common) from [<c003d520>] (warn_slowpath_fmt+0x30/0x40)
[    0.192434] [<c003d520>] (warn_slowpath_fmt) from [<c0025f14>] (_idle+0x1b4/0x208)
[    0.192445] [<c0025f14>] (_idle) from [<c07f3e60>] (_setup+0x380/0x3f8)
[    0.192456] [<c07f3e60>] (_setup) from [<c0026298>] (omap_hwmod_for_each+0x34/0x5c)
[    0.192467] [<c0026298>] (omap_hwmod_for_each) from [<c07f4208>] (__omap_hwmod_setup_all+0x30/0x40)
[    0.192478] [<c07f4208>] (__omap_hwmod_setup_all) from [<c00089e4>] (do_one_initcall+0x80/0x1d8)
[    0.192491] [<c00089e4>] (do_one_initcall) from [<c07e6e80>] (kernel_init_freeable+0x1fc/0x2d4)
[    0.192505] [<c07e6e80>] (kernel_init_freeable) from [<c0578714>] (kernel_init+0x8/0xe4)
[    0.192518] [<c0578714>] (kernel_init) from [<c000e6a8>] (ret_from_fork+0x14/0x2c)
[    0.192525] ---[ end trace 406563c524e5972f ]---
[    0.262376] omap_hwmod: pcie1: _wait_target_disable failed
[    0.268503] omap_hwmod: pcie2: _wait_target_disable failed
[    0.270897] pinctrl core: initialized pinctrl subsystem
[    0.322923] NET: Registered protocol family 16
[    0.327065] DMA: preallocated 256 KiB pool for atomic coherent allocations
[    0.351624] cpuidle: using governor ladder
[    0.381255] cpuidle: using governor menu
[    0.389338] OMAP GPIO hardware version 0.1
[    0.399047] irq: no irq domain found for /ocp/pinmux@4a003400 !
[    0.404913] platform 4e000000.dmm: Cannot lookup hwmod 'dmm'
[    0.415305] No ATAGs?
[    0.415363] hw-breakpoint: found 5 (+1 reserved) breakpoint and 4 watchpoint registers.
[    0.415371] hw-breakpoint: maximum watchpoint size is 8 bytes.
[    0.417507] OMAP DMA hardware revision 0.0
[    0.479731] omap-dma-engine 4a056000.dma-controller: OMAP DMA engine driver
[    0.480640] reg-fixed-voltage fixedregulator-vdd_3v3: Failed to find supply vin
[    0.481812] reg-fixed-voltage fixedregulator-vdd_3v3: Failed to register regulator: -517
[    0.481852] platform fixedregulator-vdd_3v3: Driver reg-fixed-voltage requests probe deferral
[    0.482410] reg-fixed-voltage fixedregulator-vtt: Failed to find supply vin
[    0.482868] reg-fixed-voltage fixedregulator-vtt: Failed to register regulator: -517
[    0.482902] platform fixedregulator-vtt: Driver reg-fixed-voltage requests probe deferral
[    0.485279] SCSI subsystem initialized
[    0.486427] omap_i2c 48070000.i2c: could not find pctldev for node /ocp/pinmux@4a003400/i2c1_pins_default, deferring probe
[    0.486448] platform 48070000.i2c: Driver omap_i2c requests probe deferral
[    0.486501] omap_i2c 48060000.i2c: could not find pctldev for node /ocp/pinmux@4a003400/i2c3_pins_default, deferring probe
[    0.486520] platform 48060000.i2c: Driver omap_i2c requests probe deferral
[    0.489453] Switched to clocksource arch_sys_counter
[    0.592122] NET: Registered protocol family 2
[    0.593271] TCP established hash table entries: 8192 (order: 3, 32768 bytes)
[    0.593473] TCP bind hash table entries: 8192 (order: 6, 294912 bytes)
[    0.595754] TCP: Hash tables configured (established 8192 bind 8192)
[    0.595886] TCP: reno registered
[    0.595908] UDP hash table entries: 512 (order: 3, 40960 bytes)
[    0.596216] UDP-Lite hash table entries: 512 (order: 3, 40960 bytes)
[    0.597143] NET: Registered protocol family 1
[    0.597792] RPC: Registered named UNIX socket transport module.
[    0.597802] RPC: Registered udp transport module.
[    0.597810] RPC: Registered tcp transport module.
[    0.597818] RPC: Registered tcp NFSv4.1 backchannel transport module.
[    0.599001] hw perfevents: enabled with armv7_cortex_a15 PMU driver, 7 counters available
[    0.602371] futex hash table entries: 512 (order: 3, 32768 bytes)
[    0.602619] audit: initializing netlink subsys (disabled)
[    0.602717] audit: type=2000 audit(0.589:1): initialized
[    0.605554] VFS: Disk quotas dquot_6.5.2
[    0.605649] VFS: Dquot-cache hash table entries: 1024 (order 0, 4096 bytes)
[    0.607148] NFS: Registering the id_resolver key type
[    0.607346] Key type id_resolver registered
[    0.607356] Key type id_legacy registered
[    0.607460] jffs2: version 2.2. (NAND) (SUMMARY)   2001-2006 Red Hat, Inc.
[    0.610130] bounce: pool size: 64 pages
[    0.610179] io scheduler noop registered
[    0.610195] io scheduler deadline registered
[    0.610226] io scheduler cfq registered (default)
[    0.613675] pinctrl-single 4a003400.pinmux: 281 pins at pa fc003400 size 1124
[    0.619056] Serial: 8250/16550 driver, 4 ports, IRQ sharing enabled
[    0.623524] 48020000.serial: ttyO2 at MMIO 0x48020000 (irq = 295, base_baud = 3000000) is a OMAP UART2
[    2.011770] console [ttyO2] enabled
[    2.018853]  ram0: unknown partition table
[    2.024448]  ram1: unknown partition table
[    2.029794]  ram2: unknown partition table
[    2.035086]  ram3: unknown partition table
[    2.040466]  ram4: unknown partition table
[    2.045775]  ram5: unknown partition table
[    2.051108]  ram6: unknown partition table
[    2.056395]  ram7: unknown partition table
[    2.061705]  ram8: unknown partition table
[    2.067017]  ram9: unknown partition table
[    2.072347]  ram10: unknown partition table
[    2.077721]  ram11: unknown partition table
[    2.083113]  ram12: unknown partition table
[    2.088507]  ram13: unknown partition table
[    2.093899]  ram14: unknown partition table
[    2.099334]  ram15: unknown partition table
[    2.104012] brd: module loaded
[    2.119276] loop: module loaded
[    2.124040] platform 4a140000.sata: Driver ahci requests probe deferral
[    2.132035] mtdoops: mtd device (mtddev=name/number) must be supplied
[    2.142421] mousedev: PS/2 mouse device common for all mice
[    2.148247] i2c /dev entries driver
[    2.152044] Driver 'mmcblk' needs updating - please use bus_type methods
[    2.159995] omap_hsmmc 4809c000.mmc: Got CD GPIO
[    2.165350] omap_hsmmc 4809c000.mmc: unable to get vmmc regulator -517
[    2.172553] platform 4809c000.mmc: Driver omap_hsmmc requests probe deferral
[    2.180514] omap_hsmmc 480b4000.mmc: unable to get vmmc regulator -517
[    2.187436] platform 480b4000.mmc: Driver omap_hsmmc requests probe deferral
[    2.194989] ledtrig-cpu: registered to indicate activity on CPUs
[    2.202590] oprofile: using timer interrupt.
[    2.207390] TCP: cubic registered
[    2.210887] Initializing XFRM netlink socket
[    2.215416] NET: Registered protocol family 17
[    2.220114] NET: Registered protocol family 15
[    2.224946] Key type dns_resolver registered
[    2.229532] omap_voltage_late_init: Voltage driver support not added
[    2.236180] sr_dev_init: Unable to get voltage domain pointer for VDD core
[    2.243376] sr_dev_init: Unable to get voltage domain pointer for VDD mpu
[    2.251063] Power Management for TI OMAP4+ devices.
[    2.256489] ThumbEE CPU extension supported.
[    2.260991] Registering SWP/SWPB emulation handler
[    2.266020] SmartReflex Class3 initialized
[    2.273916] reg-fixed-voltage fixedregulator-vdd_3v3: Failed to find supply vin
[    2.282002] reg-fixed-voltage fixedregulator-vdd_3v3: Failed to register regulator: -517
[    2.290529] platform fixedregulator-vdd_3v3: Driver reg-fixed-voltage requests probe deferral
[    2.300201] reg-fixed-voltage fixedregulator-vtt: Failed to find supply vin
[    2.307941] reg-fixed-voltage fixedregulator-vtt: Failed to register regulator: -517
[    2.316107] platform fixedregulator-vtt: Driver reg-fixed-voltage requests probe deferral
[    2.332035] omap_hwmod: gpio7: _wait_target_disable failed
[    2.341208] palmas 0-0058: Irq flag is 0x00000008
[    2.363158] palmas 0-0058: Muxing GPIO 2f, PWM 0, LED 0
[    2.406586] omap_i2c 48070000.i2c: bus 0 rev0.12 at 400 kHz
[    2.414407] omap_i2c 48060000.i2c: bus 2 rev0.12 at 400 kHz
[    2.420601] platform 4a140000.sata: Driver ahci requests probe deferral
[    2.428022] omap_hsmmc 4809c000.mmc: Got CD GPIO
[    2.470272] omap_hsmmc 480b4000.mmc: unable to get vmmc regulator -517
[    2.477236] platform 480b4000.mmc: Driver omap_hsmmc requests probe deferral
[    2.485130] vdd_3v3: supplied by regen1
[    2.490587] vtt_fixed: supplied by smps3
[    2.495434] platform 4a140000.sata: Driver ahci requests probe deferral
[    2.539636] platform 4a140000.sata: Driver ahci requests probe deferral
[    2.609278] davinci_mdio 48485000.mdio: davinci mdio revision 1.6
[    2.615667] davinci_mdio 48485000.mdio: detected phy mask fffffff9
[    2.627420] libphy: 48485000.mdio: probed
[    2.631649] davinci_mdio 48485000.mdio: phy[1]: device 48485000.mdio:01, driver unknown
[    2.640052] davinci_mdio 48485000.mdio: phy[2]: device 48485000.mdio:02, driver unknown
[    2.649043] platform 4a140000.sata: Driver ahci requests probe deferral
[    2.649798] cpsw 48484000.ethernet: Detected MACID = 7c:66:9d:ec:e8:7e
[    2.651671] cpsw 48484000.ethernet: cpsw: Detected MACID = 7c:66:9d:ec:e8:7f
[    2.652956] drivers/rtc/hctosys.c: unable to open rtc device (rtc0)
[    2.652966] sr_init: No PMIC hook to init smartreflex
[    2.653170] sr_init: platform driver register failed for SR
[    2.688386] platform 4a140000.sata: Driver ahci requests probe deferral
[    2.703244] net eth0: initializing cpsw version 1.15 (0)
[    2.712516] platform 4a140000.sata: Driver ahci requests probe deferral
[    2.756950] mmc0: host does not support reading read-only switch, assuming write-enable
[    2.767362] mmc0: new high speed SDHC card at address 59b4
[    2.774540] mmcblk0: mmc0:59b4 SMI   14.7 GiB 
[    2.781525]  mmcblk0: p1 p2 p3
[    2.787688] platform 4a140000.sata: Driver ahci requests probe deferral
[    2.793264] net eth0: phy found : id is : 0x221622
[    2.798407] net eth1: initializing cpsw version 1.15 (0)
[    2.805718] platform 4a140000.sata: Driver ahci requests probe deferral
[    2.873826] mmc1: BKOPS_EN bit is not set
[    2.883222] net eth1: phy found : id is : 0x221622
[    2.894217] mmc1: new high speed MMC card at address 0001
[    2.900734] mmcblk1: mmc1:0001 P1XXXX 3.60 GiB 
[    2.905709] mmcblk1boot0: mmc1:0001 P1XXXX partition 1 2.00 MiB
[    2.912171] mmcblk1boot1: mmc1:0001 P1XXXX partition 2 2.00 MiB
[    2.919816]  mmcblk1: p1
[    2.926184] platform 4a140000.sata: Driver ahci requests probe deferral
[    6.796258] cpsw 48484000.ethernet eth0: Link is Up - 1Gbps/Full - flow control rx/tx
[    6.829283] Sending DHCP requests ., OK
[    6.929300] IP-Config: Got DHCP answer from 192.168.0.1, my address is 192.168.0.251
[    6.941990] IP-Config: Complete:
[    6.945373]      device=eth0, hwaddr=7c:66:9d:ec:e8:7e, ipaddr=192.168.0.251, mask=255.255.255.0, gw=192.168.0.1
[    6.956052]      host=192.168.0.251, domain=ti.com, nis-domain=(none)
[    6.962820]      bootserver=192.168.0.1, rootserver=192.168.0.1, rootpath=
[    6.969857]      nameserver0=192.0.2.2, nameserver1=192.0.2.3
[    6.976622] ldousb: disabling
[    7.090339] EXT4-fs (mmcblk0p2): mounted filesystem with ordered data mode. Opts: (null)
[    7.098889] VFS: Mounted root (ext4 filesystem) on device 179:2.
[    7.131069] devtmpfs: mounted
[    7.134547] Freeing unused kernel memory: 424K (c07e6000 - c0850000)
INIT: version 2.88 booting
Error opening /dev/fb0: No such file or directory
Starting udev
[    7.856322] udevd[92]: starting version 182
[   10.149314] FAT-fs (mmcblk0p3): Volume was not properly unmounted. Some data may be corrupt. Please run fsck.
[   10.149873] EXT4-fs (mmcblk1p1): warning: mounting unchecked fs, running e2fsck is recommended
[   10.164615] FAT-fs (mmcblk0p1): Volume was not properly unmounted. Some data may be corrupt. Please run fsck.
[   10.167104] EXT4-fs (mmcblk1p1): mounted filesystem without journal. Opts: (null)
[   10.406512] EXT4-fs (mmcblk0p2): re-mounted. Opts: data=ordered
Starting Bootlog daemon: bootlogd: cannot allocate pseudo tty: No such file or directory
bootlogd.
[   10.548020] random: dd urandom read with 60 bits of entropy available
Populating dev cache
ALSA: Restoring mixer settings...
/usr/sbin/alsactl: load_state:1729: No soundcards found...
hwclock: can't open '/dev/misc/rtc': No such file or directory
Wed Dec  3 06:19:00 UTC 2014
hwclock: can't open '/dev/misc/rtc': No such file or directory
INIT: Entering runlevel: 5
Configuring network interfaces... udhcpc (v1.22.1) started
Sending discover...
Sending select for 192.168.0.237...
Lease of 192.168.0.237 obtained, lease time 3600
/etc/udhcpc.d/50default: Adding DNS 192.0.2.2
/etc/udhcpc.d/50default: Adding DNS 192.0.2.3
done.
Starting system message bus: dbus.
Starting telnet daemon.
Starting rpcbind daemon...rpcbind: cannot create socket for udp6
rpcbind: cannot create socket for tcp6
done.
creating NFS state directory: done
starting statd: done
hwclock: can't open '/dev/misc/rtc': No such file or directory
Starting syslogd/klogd: done
Starting thttpd.
***************************************************************
***************************************************************
NOTICE: This file system contains the followin GPLv3 packages:
	elfutils
	libdw1
	libelf1
If you do not wish to distribute GPLv3 components please remove
the above packages prior to distribution.  This can be done using
the opkg remove command.  i.e.:
    opkg remove <package>
Where <package> is the name printed in the list above
NOTE: If the package is a dependency of another package you
      will be notified of the dependent packages.  You should
      use the --force-removal-of-dependent-packages option to
      also remove the dependent packages as well
***************************************************************
***************************************************************
Stopping Bootlog daemon: bootlogd.
 _____                    _____           _         _   
|  _  |___ ___ ___ ___   |  _  |___ ___  |_|___ ___| |_ 
|     |  _| .'| . | . |  |   __|  _| . | | | -_|  _|  _|
|__|__|_| |__,|_  |___|  |__|  |_| |___|_| |___|___|_|  
              |___|                    |___|            
Arago Project http://arago-project.org am57xx-evm /dev/ttyO2
Arago 2014.10 am57xx-evm /dev/ttyO2
am57xx-evm login: 
- 06:47:05 [INFO] Host: root
- 06:47:05 [INFO] Target: 
root
root@am57xx-evm:~# 
- 06:47:05 [INFO] Host: uname -a
- 06:47:06 [INFO] Target: 
uname -a
Linux am57xx-evm 3.19.0-rc4-next-20150116-00002-g18d807fa90c6 #1 SMP Fri Jan 16 05:41:55 CST 2015 armv7l GNU/Linux
root@am57xx-evm:~# 
- 06:47:06 [INFO] Host: cat /proc/cmdline
- 06:47:06 [INFO] Target: 
cat /proc/cmdline
console=ttyO2,115200n8  earlyprintk rootwait  ip=dhcp  root=PARTUUID=00000000-02 rw rootfstype=ext4 rootwait 
root@am57xx-evm:~# 
- 06:47:06 [INFO] Host: uname -a
- 06:47:07 [INFO] Target: 
uname -a
Linux am57xx-evm 3.19.0-rc4-next-20150116-00002-g18d807fa90c6 #1 SMP Fri Jan 16 05:41:55 CST 2015 armv7l GNU/Linux
root@am57xx-evm:~# 
- 06:47:07 [INFO] Host: cat /proc/mtd
- 06:47:07 [INFO] Target: 
cat /proc/mtd
dev:    size   erasesize  name
root@am57xx-evm:~# 
- 06:47:12 [INFO] Host: export IPERFHOST=192.168.0.1
- 06:47:12 [INFO] Target: 
export IPERFHOST=192.168.0.1
root@am57xx-evm:~# 
- 06:47:12 [INFO] Host: export NFS_SERVER=192.168.0.1
- 06:47:13 [INFO] Target: 
export NFS_SERVER=192.168.0.1
root@am57xx-evm:~# 
- 06:47:13 [INFO] Host: export NFS_ROOT_PATH=/home/tigtfarm03/NFS_exports/am57xx-evm1/
- 06:47:13 [INFO] Target: 
export NFS_ROOT_PATH=/home/tigtfarm03/NFS_exports/am57xx-evm1 
root@am57xx-evm:~# 
- 06:47:13 [INFO] Host: mkdir -p -m 777 /test
- 06:47:14 [INFO] Target: 
mkdir -p -m 777 /test
root@am57xx-evm:~# 
- 06:47:14 [INFO] Host: cd /test
- 06:47:14 [INFO] Target: 
cd /test
root@am57xx-evm:/test# 
- 06:47:14 [INFO] Host: cat > test.sh << EOF
- 06:47:15 [INFO] Target: 
cat > test.sh << EOF
- 06:47:15 [INFO] Host: failtest() {
- 06:47:15 [INFO] Target: 
failtest() {
- 06:47:15 [INFO] Host:   echo 1 >&3
- 06:47:16 [INFO] Target: 
  echo 1 >&3
- 06:47:16 [INFO] Host: }
- 06:47:16 [INFO] Target: 
- 06:47:16 [INFO] Host: timeout=600
- 06:47:17 [INFO] Target: 
timeout=600
- 06:47:17 [INFO] Host: 
- 06:47:17 [INFO] Target: 
- 06:47:17 [INFO] Host: # Start of user's script logic
- 06:47:18 [INFO] Target: 
# Start of use[   26.393107] random: nonblocking pool is initialized
r's script logic
- 06:47:18 [INFO] Host: 
- 06:47:18 [INFO] Target: 
- 06:47:18 [INFO] Host: 
- 06:47:19 [INFO] Target: 
- 06:47:19 [INFO] Host: mount -t proc proc /proc 2>/dev/null;
- 06:47:19 [INFO] Target: 
mount -t proc proc /proc 2>/dev/null;
- 06:47:19 [INFO] Host: 
- 06:47:20 [INFO] Target: 
- 06:47:20 [INFO] Host: mount -t sysfs sys /sys 2>/dev/null;
- 06:47:20 [INFO] Target: 
mount -t sysfs sys /sys 2>/dev/null;
- 06:47:20 [INFO] Host: 
- 06:47:21 [INFO] Target: 
- 06:47:21 [INFO] Host: mount -t debugfs none /sys/kernel/debug 2>/dev/null;
- 06:47:21 [INFO] Target: 
mount -t debugfs none /sys/kernel/debug 2>/dev/null;
- 06:47:21 [INFO] Host: 
- 06:47:22 [INFO] Target: 
- 06:47:22 [INFO] Host: echo 'cpuinfo:';cat /proc/cpuinfo; echo '=======';
- 06:47:22 [INFO] Target: 
echo 'cpuinfo:';cat /proc/cpuinfo; echo '=======';
- 06:47:22 [INFO] Host: 
- 06:47:23 [INFO] Target: 
- 06:47:23 [INFO] Host: echo 'soc info:';head /sys/devices/soc0/* 2>/dev/null; echo '=======';
- 06:47:23 [INFO] Target: 
echo 'soc info:';head /sys/devices/soc0/* 2>/dev/null; echo '=======';
- 06:47:23 [INFO] Host: 
- 06:47:24 [INFO] Target: 
- 06:47:24 [INFO] Host: echo 'DT Model info'; head /proc/device-tree/name /proc/device-tree/model /proc/device-tree/compatible 2>/dev/null;echo; echo '=======';
- 06:47:24 [INFO] Target: 
echo 'DT Model info'; head /proc/device-tree/name /proc/device-tree/model /pro 
c/device-tree/compatible 2>/dev/null;echo; echo '=======';
- 06:47:24 [INFO] Host: 
- 06:47:25 [INFO] Target: 
- 06:47:25 [INFO] Host: echo 'interrupts:';cat /proc/interrupts; echo '=======';
- 06:47:25 [INFO] Target: 
echo 'interrupts:';cat /proc/interrupts; echo '=======';
- 06:47:25 [INFO] Host: 
- 06:47:26 [INFO] Target: 
- 06:47:26 [INFO] Host: echo 'Clk_summary:';cat /sys/kernel/debug/clk/clk_summary; echo '=======';
- 06:47:26 [INFO] Target: 
echo 'Clk_summary:';cat /sys/kernel/debug/clk/clk_summary; echo '=======';
- 06:47:26 [INFO] Host: 
- 06:47:27 [INFO] Target: 
- 06:47:27 [INFO] Host: echo 'Orphan Clks:';ls /sys/kernel/debug/clk/orphans/; echo '=======';
- 06:47:27 [INFO] Target: 
echo 'Orphan Clks:';ls /sys/kernel/debug/clk/orphans/; echo '=======';
- 06:47:27 [INFO] Host: 
- 06:47:28 [INFO] Target: 
- 06:47:28 [INFO] Host: echo "Available frequencies"; cat /sys/devices/system/cpu/cpu0/cpufreq/scaling_available_frequencies 2>/dev/null;echo '=======';
- 06:47:28 [INFO] Target: 
echo "Available frequencies"; cat /sys/devices/system/cpu/cpu0/cpufreq/scaling 
_available_frequencies 2>/dev/null;echo '=======';
- 06:47:28 [INFO] Host: 
- 06:47:29 [INFO] Target: 
- 06:47:29 [INFO] Host: echo 'H''ello World' 'B''oard Booted';
- 06:47:29 [INFO] Target: 
echo 'H''ello World' 'B''oard Booted';
- 06:47:29 [INFO] Host: 
- 06:47:30 [INFO] Target: 
- 06:47:30 [INFO] Host: EOF
- 06:47:30 [INFO] Target: 
root@am57xx-evm:/test# 
- 06:47:30 [INFO] Host: cd /test
- 06:47:31 [INFO] Target: 
cd /test
root@am57xx-evm:/test# 
- 06:47:31 [INFO] Host: chmod +x test.sh
- 06:47:31 [INFO] Target: 
chmod +x test.sh
root@am57xx-evm:/test# 
- 06:47:31 [INFO] Host: ./test.sh 2> stderr.log > stdout.log 3> result.log
- 06:47:32 [INFO] Target: 
./test.sh 2> stderr.log > stdout.log 3> result.log
root@am57xx-evm:/test# 
- 06:47:32 [INFO] Host: echo $?
- 06:47:32 [INFO] Target: 
echo $?
root@am57xx-evm:/test# 
- 06:47:32 [INFO] Host: cd /test
- 06:47:33 [INFO] Target: 
cd /test
root@am57xx-evm:/test# 
- 06:47:33 [INFO] Host: cat stdout.log
- 06:47:35 [INFO] Target: 
cat stdout.log
cpuinfo:
processor	: 0
model name	: ARMv7 Processor rev 2 (v7l)
BogoMIPS	: 12.29
Features	: half thumb fastmult vfp edsp thumbee neon vfpv3 tls vfpv4 idiva idivt vfpd32 lpae evtstrm 
CPU implementer	: 0x41
CPU architecture: 7
CPU variant	: 0x2
CPU part	: 0xc0f
CPU revision	: 2
processor	: 1
model name	: ARMv7 Processor rev 2 (v7l)
BogoMIPS	: 12.29
Features	: half thumb fastmult vfp edsp thumbee neon vfpv3 tls vfpv4 idiva idivt vfpd32 lpae evtstrm 
CPU implementer	: 0x41
CPU architecture: 7
CPU variant	: 0x2
CPU part	: 0xc0f
CPU revision	: 2
Hardware	: Generic DRA74X (Flattened Device Tree)
Revision	: 0000
Serial		: 0000000000000000
=======
soc info:
==> /sys/devices/soc0/family <==
DRA7
==> /sys/devices/soc0/machine <==
DRA752
==> /sys/devices/soc0/power <==
==> /sys/devices/soc0/revision <==
ES1.1
==> /sys/devices/soc0/subsystem <==
==> /sys/devices/soc0/type <==
==> /sys/devices/soc0/uevent <==
=======
DT Model info
==> /proc/device-tree/name <==
==> /proc/device-tree/model <==
TI AM5728 BeagleBoard-X15
==> /proc/device-tree/compatible <==
ti,am572x-beagle-x15ti,am5728ti,dra742ti,dra74ti,dra7
=======
interrupts:
           CPU0       CPU1       
 16:          0          0       GIC 191  gp_timer
 19:        988       1253       GIC  27  arch_timer
 22:          0          0       GIC 190  l3-dbg-irq
 23:          0          0       GIC  42  l3-app-irq
 28:       2582          0       GIC 185  omap-dma-engine
 32:          1          0  4ae10000.gpio   0  palmas
224:          0          0  4805d000.gpio  27  4809c000.mmc cd
295:       4541          0       GIC 174  OMAP UART2
308:        406          0       GIC 156  48070000.i2c
309:          0          0       GIC 155  48060000.i2c
310:       3088          0       GIC 154  mmc0
311:        771          0       GIC 153  mmc1
316:          0          0       GIC 148  48484000.ethernet
317:         46          0       GIC 147  48484000.ethernet
318:         19          0       GIC 146  48484000.ethernet
319:          0          0       GIC 145  48484000.ethernet
331:          1          0      PRCM  pinctrl
386:          1          0   pinctrl 584  OMAP UART2
IPI0:          0          1  CPU wakeup interrupts
IPI1:          0          0  Timer broadcast interrupts
IPI2:       1281       1326  Rescheduling interrupts
IPI3:          0          0  Function call interrupts
IPI4:         70         21  Single function call interrupts
IPI5:          0          0  CPU stop interrupts
IPI6:          0          0  IRQ work interrupts
IPI7:          0          0  completion interrupts
Err:          0
=======
Clk_summary:
   clock                         enable_cnt  prepare_cnt        rate   accuracy   phase
----------------------------------------------------------------------------------------
 dummy_ck                                 0            0           0          0 0  
 video2_m2_clkin_ck                       0            0           0          0 0  
    video2_dclk_div                       0            0           0          0 0  
 video2_clkin_ck                          0            0           0          0 0  
    video2_div_clk                        0            0           0          0 0  
    video2_clk2_div                       0            0           0          0 0  
 video1_m2_clkin_ck                       0            0           0          0 0  
    video1_dclk_div                       0            0           0          0 0  
 video1_clkin_ck                          0            0           0          0 0  
    video1_div_clk                        0            0           0          0 0  
    video1_clk2_div                       0            0           0          0 0  
 usb_otg_clkin_ck                         0            0           0          0 0  
    usb_otg_dclk_div                      0            0           0          0 0  
 sys_clkin2                               0            0    22579200          0 0  
    abe_dpll_sys_clk_mux                  0            0    22579200          0 0  
       abe_dpll_clk_mux                   0            0    22579200          0 0  
          dpll_abe_ck                     0            0   180633600          0 0  
             dpll_abe_m2_ck               0            0   180633600          0 0  
                per_abe_x1_gfclk2_div           0            0   180633600          0 0  
                   mcasp8_aux_gfclk_mux           0            0   180633600          0 0  
                   mcasp7_aux_gfclk_mux           0            0   180633600          0 0  
                   mcasp6_aux_gfclk_mux           0            0   180633600          0 0  
                   mcasp5_aux_gfclk_mux           0            0   180633600          0 0  
                   mcasp4_aux_gfclk_mux           0            0   180633600          0 0  
                   mcasp3_aux_gfclk_mux           0            0   180633600          0 0  
                   mcasp2_aux_gfclk_mux           0            0   180633600          0 0  
                   mcasp1_aux_gfclk_mux           0            0   180633600          0 0  
                per_abe_x1_dclk_div           0            0   180633600          0 0  
             dpll_abe_x2_ck               0            0   361267200          0 0  
                dpll_abe_m3x2_ck           0            0   180633600          0 0  
                   usb_dpll_hs_clk_div           0            0    60211200          0 0  
                   per_dpll_hs_clk_div           0            0    90316800          0 0  
                   dpll_gpu_ck            0            0   180633600          0 0  
                      dpll_gpu_m2_ck           0            0    22579200          0 0  
                         gpu_dclk           0            0    22579200          0 0  
                dpll_abe_m2x2_ck           0            0   361267200          0 0  
                   abe_lp_clk_div           0            0    22579200          0 0  
                   abe_24m_fclk           0            0    45158400          0 0  
                      mcasp8_ahclk_mux           0            0    45158400          0 0  
                      mcasp7_ahclkx_mux           0            0    45158400          0 0  
                      mcasp6_ahclkx_mux           0            0    45158400          0 0  
                      mcasp5_ahclkx_mux           0            0    45158400          0 0  
                      mcasp4_ahclkx_mux           0            0    45158400          0 0  
                      mcasp3_ahclkx_mux           0            0    45158400          0 0  
                      mcasp2_ahclkx_mux           0            0    45158400          0 0  
                      mcasp2_ahclkr_mux           0            0    45158400          0 0  
                      mcasp1_ahclkx_mux           0            0    45158400          0 0  
                      mcasp1_ahclkr_mux           0            0    45158400          0 0  
                   ipu1_gfclk_mux           0            0   361267200          0 0  
                   abe_clk                0            0   361267200          0 0  
                      aess_fclk           0            0   361267200          0 0  
                         abe_giclk_div           0            0   361267200          0 0  
       abe_dpll_bypass_clk_mux            0            0    22579200          0 0  
    sys_clk2_dclk_div                     0            0    22579200          0 0  
 virt_38400000_ck                         0            0    38400000          0 0  
 virt_27000000_ck                         0            0    27000000          0 0  
 virt_26000000_ck                         0            0    26000000          0 0  
 virt_20000000_ck                         1            1    20000000          0 0  
    sys_clkin1                            5           12    20000000          0 0  
       wkupaon_iclk_mux                  10           12    20000000          0 0  
          l3instr_ts_gclk_div             0            0      625000          0 0  
       sata_ref_clk                       0            0    20000000          0 0  
       dpll_usb_ck                        0            1   960000000          0 0  
          dpll_usb_clkdcoldo              0            1   960000000          0 0  
             l3init_960m_gfclk            0            2   960000000          0 0  
                usb_otg_ss2_refclk960m           0            1   960000000          0 0  
                usb_otg_ss1_refclk960m           0            1   960000000          0 0  
          dpll_usb_m2_ck                  0            0   480000000          0 0  
             l3init_480m_dclk_div           0            0   480000000          0 0  
             l3init_60m_fclk              0            0    60000000          0 0  
       dpll_per_ck                        1            1   384000000          0 0  
          dpll_per_x2_ck                  1            3   768000000          0 0  
             dpll_per_m2x2_ck             1            5   192000000          0 0  
                mmc2_fclk_mux             0            1   192000000          0 0  
                   mmc2_fclk_div           0            1    96000000          0 0  
                mmc1_fclk_mux             0            1   192000000          0 0  
                   mmc1_fclk_div           0            1    96000000          0 0  
                func_96m_fclk             0            5    96000000          0 0  
                func_48m_fclk             1           18    48000000          0 0  
                   uart6_gfclk_mux           0            1    48000000          0 0  
                   uart10_gfclk_mux           0            1    48000000          0 0  
                   uart9_gfclk_mux           0            1    48000000          0 0  
                   uart8_gfclk_mux           0            1    48000000          0 0  
                   uart7_gfclk_mux           0            1    48000000          0 0  
                   uart5_gfclk_mux           0            1    48000000          0 0  
                   uart4_gfclk_mux           0            1    48000000          0 0  
                   uart3_gfclk_mux           1            1    48000000          0 0  
                   uart2_gfclk_mux           0            1    48000000          0 0  
                   uart1_gfclk_mux           0            1    48000000          0 0  
                   mmc4_gfclk_mux           0            1    48000000          0 0  
                      mmc4_gfclk_div           0            1    48000000          0 0  
                   mmc3_gfclk_mux           0            1    48000000          0 0  
                      mmc3_gfclk_div           0            1    48000000          0 0  
                   dss_48mhz_clk           0            2    48000000          0 0  
                func_12m_fclk             0            1    12000000          0 0  
             dpll_per_h14x2_ck            0            0   384000000          0 0  
             dpll_per_h13x2_ck            0            1   192000000          0 0  
                qspi_gfclk_mux            0            1   192000000          0 0  
                   qspi_gfclk_div           0            1   192000000          0 0  
             dpll_per_h12x2_ck            0            1   192000000          0 0  
                dss_dss_clk               0            3   192000000          0 0  
             dpll_per_h11x2_ck            0            0   256000000          0 0  
                func_128m_clk             0            0   128000000          0 0  
          dpll_per_m2_ck                  0            0    96000000          0 0  
             func_24m_clk                 0            0    24000000          0 0  
             func_96m_aon_dclk_div           0            0    96000000          0 0  
       dpll_pcie_ref_ck                   0            0    20000000          0 0  
          dpll_pcie_ref_m2_ck             0            0    20000000          0 0  
             pcie2_dclk_div               0            0    20000000          0 0  
          dpll_pcie_ref_m2ldo_ck           0            0    20000000          0 0  
             apll_pcie_in_clk_mux           0            0    20000000          0 0  
                apll_pcie_ck              0            0    20000000          0 0  
                   apll_pcie_m2_ck           0            0    20000000          0 0  
                      pcie_dclk_div           0            0    20000000          0 0  
                   apll_pcie_clkvcoldo_div           0            0    20000000          0 0  
                   apll_pcie_clkvcoldo           0            0    20000000          0 0  
                   optfclk_pciephy2_clk           0            0    20000000          0 0  
                   optfclk_pciephy1_clk           0            0    20000000          0 0  
                   optfclk_pciephy_div           0            0    10000000          0 0  
                      optfclk_pciephy2_div_clk           0            0    10000000          0 0  
                      optfclk_pciephy1_div_clk           0            0    10000000          0 0  
       dpll_gmac_ck                       3            3  1000000000          0 0  
          dpll_gmac_x2_ck                 0            0  2000000000          0 0  
             dpll_gmac_m3x2_ck            0            0   200000000          0 0  
             dpll_gmac_h13x2_ck           0            0   200000000          0 0  
             dpll_gmac_h12x2_ck           0            0   250000000          0 0  
             dpll_gmac_h11x2_ck           0            0    50000000          0 0  
                gmii_m_clk_div            0            0    25000000          0 0  
          dpll_gmac_m2_ck                 0            0   250000000          0 0  
             gmac_250m_dclk_div           0            0   250000000          0 0  
             gmac_gmii_ref_clk_div           0            0   125000000          0 0  
       dpll_ddr_ck                        0            0  1064000000          0 0  
          dpll_ddr_x2_ck                  0            0  2128000000          0 0  
             dpll_ddr_h11x2_ck            0            0   266000000          0 0  
          dpll_ddr_m2_ck                  0            0   532000000          0 0  
             emif_phy_dclk_div            0            0   532000000          0 0  
       dpll_mpu_ck                        1            1  1000000000          0 0  
          dpll_mpu_m2_ck                  1            1  1000000000          0 0  
             mpu_dclk_div                 0            0  1000000000          0 0  
       dpll_core_ck                       1            1  1064000000          0 0  
          dpll_core_m2_ck                 0            0   532000000          0 0  
             core_dpll_out_dclk_div           0            0   532000000          0 0  
          dpll_core_x2_ck                 2            3  2128000000          0 0  
             dpll_core_h24x2_ck           0            1   354666667          0 0  
             dpll_core_h23x2_ck           0            0   532000000          0 0  
             dpll_core_h22x2_ck           0            0   425600000          0 0  
             dpll_core_h14x2_ck           0            0   425600000          0 0  
                gpu_hyd_gclk_mux           0            0   425600000          0 0  
                gpu_core_gclk_mux           0            0   425600000          0 0  
             dpll_core_h13x2_ck           4            8    34322581          0 0  
             dpll_core_h12x2_ck           1            1   532000000          0 0  
                l3_iclk_div              85           96   266000000          0 0  
                   vip3_gclk_mux           0            0   266000000          0 0  
                   vip2_gclk_mux           0            0   266000000          0 0  
                   vip1_gclk_mux           0            0   266000000          0 0  
                   gmac_rft_clk_mux           0            0   266000000          0 0  
                   atl_gfclk_mux           0            1   266000000          0 0  
                      atl_clkin3_ck           0            0   266000000          0 0  
                      atl_clkin2_ck           0            0   266000000          0 0  
                      atl_clkin1_ck           0            0   266000000          0 0  
                      atl_clkin0_ck           0            0   266000000          0 0  
                   l4_root_clk_div           9           15   133000000          0 0  
                eve_dpll_hs_clk_div           0            0   532000000          0 0  
                   dpll_eve_ck            0            0   532000000          0 0  
                      dpll_eve_m2_ck           0            0   532000000          0 0  
                         eve_clk           0            0   532000000          0 0  
                         eve_dclk_div           0            0   532000000          0 0  
                iva_dpll_hs_clk_div           0            0   532000000          0 0  
                   dpll_iva_ck            0            0   532000000          0 0  
                      dpll_iva_m2_ck           0            0   532000000          0 0  
                         iva_dclk           0            0   532000000          0 0  
                dsp_dpll_hs_clk_div           0            0   532000000          0 0  
                   dpll_dsp_ck            0            0   532000000          0 0  
                      dpll_dsp_x2_ck           0            0   532000000          0 0  
                         dpll_dsp_m3x2_ck           0            0   532000000          0 0  
                      dpll_dsp_m2_ck           0            0   532000000          0 0  
                         dsp_gclk_div           0            0   532000000          0 0  
                mpu_dpll_hs_clk_div           0            0   532000000          0 0  
       dcan1_sys_clk_mux                  0            1    20000000          0 0  
       video2_dpll_clk_mux                0            1    20000000          0 0  
          dss_video2_clk                  0            1    20000000          0 0  
       video1_dpll_clk_mux                0            1    20000000          0 0  
          dss_video1_clk                  0            1    20000000          0 0  
       timer_sys_clk_div                  0           10    20000000          0 0  
          timer9_gfclk_mux                0            1    20000000          0 0  
          timer4_gfclk_mux                0            1    20000000          0 0  
          timer3_gfclk_mux                0            1    20000000          0 0  
          timer2_gfclk_mux                0            1    20000000          0 0  
          timer16_gfclk_mux               0            0    20000000          0 0  
          timer15_gfclk_mux               0            0    20000000          0 0  
          timer14_gfclk_mux               0            0    20000000          0 0  
          timer13_gfclk_mux               0            0    20000000          0 0  
          timer11_gfclk_mux               0            1    20000000          0 0  
          timer10_gfclk_mux               0            1    20000000          0 0  
          timer8_gfclk_mux                0            1    20000000          0 0  
          timer7_gfclk_mux                0            1    20000000          0 0  
          timer6_gfclk_mux                0            1    20000000          0 0  
          timer5_gfclk_mux                0            1    20000000          0 0  
       hdmi_dpll_clk_mux                  0            1    20000000          0 0  
          dss_hdmi_clk                    0            2    20000000          0 0  
       custefuse_sys_gfclk_div            0            0    10000000          0 0  
       emu_dclk_div                       0            0    20000000          0 0  
       sata_dclk_div                      0            0    20000000          0 0  
       sys_clk1_dclk_div                  0            0    20000000          0 0  
          clkoutmux2_clk_mux              0            0    20000000          0 0  
          clkoutmux1_clk_mux              0            0    20000000          0 0  
          clkoutmux0_clk_mux              0            0    20000000          0 0  
       adc_gfclk_mux                      0            0    20000000          0 0  
       abe_sys_clk_div                    0            0    20000000          0 0  
 virt_19200000_ck                         0            0    19200000          0 0  
 virt_16800000_ck                         0            0    16800000          0 0  
 virt_13000000_ck                         0            0    13000000          0 0  
 virt_12000000_ck                         0            0    12000000          0 0  
 sys_32k_ck                               1           16       32768          0 0  
    timer1_gfclk_mux                      1            1       32768          0 0  
    gpio1_dbclk                           0            1       32768          0 0  
    atl_dpll_clk_mux                      0            0       32768          0 0  
    usb_phy3_always_on_clk32k             0            0       32768          0 0  
    usb_phy2_always_on_clk32k             0            0       32768          0 0  
    usb_phy1_always_on_clk32k             0            0       32768          0 0  
    mmc4_clk32k                           0            1       32768          0 0  
    mmc3_clk32k                           0            1       32768          0 0  
    mmc2_clk32k                           0            1       32768          0 0  
    mmc1_clk32k                           0            1       32768          0 0  
    gpio8_dbclk                           0            1       32768          0 0  
    gpio7_dbclk                           0            1       32768          0 0  
    gpio6_dbclk                           0            1       32768          0 0  
    gpio5_dbclk                           0            1       32768          0 0  
    gpio4_dbclk                           0            1       32768          0 0  
    gpio3_dbclk                           0            1       32768          0 0  
    gpio2_dbclk                           0            1       32768          0 0  
    dss_32khz_clk                         0            1       32768          0 0  
    optfclk_pciephy2_32khz                0            0       32768          0 0  
    optfclk_pciephy1_32khz                0            0       32768          0 0  
 secure_32k_clk_src_ck                    0            0       32768          0 0  
    secure_32k_dclk_div                   0            0       32768          0 0  
 sdvenc_clkin_ck                          0            0           0          0 0  
 rmii_clk_ck                              0            0           0          0 0  
 ref_clkin3_ck                            0            0           0          0 0  
 ref_clkin2_ck                            0            0           0          0 0  
 ref_clkin1_ck                            0            0           0          0 0  
 ref_clkin0_ck                            0            0           0          0 0  
 pciesref_acs_clk_ck                      0            0   100000000          0 0  
 mlbp_clkin_ck                            0            0           0          0 0  
    mlbp_clk                              0            0           0          0 0  
 mlb_clkin_ck                             0            0           0          0 0  
    mlb_clk                               0            0           0          0 0  
 hdmi_clkin_ck                            0            0           0          0 0  
    hdmi_div_clk                          0            0           0          0 0  
    hdmi_clk2_div                         0            0           0          0 0  
    hdmi_dclk_div                         0            0           0          0 0  
=======
Orphan Clks:
=======
Available frequencies
=======
Hello World Board Booted
root@am57xx-evm:/test# 
- 06:47:35 [INFO] Host: cat stderr.log
- 06:47:36 [INFO] Target: 
cat stderr.log
ls: /sys/kernel/debug/clk/orphans/: No such file or directory
root@am57xx-evm:/test# 
- 06:47:36 [INFO] Host: cat result.log
- 06:47:38 [ERROR] On command: cat result.log waiting for cat result.log.+?(?m-ix:^1[\0\n\r]+) >>> error: execution expired
- 06:47:38 [INFO] Target: 
cat result.log
root@am57xx-evm:/test# 
- 06:47:38 [INFO] Host: cd /test
- 06:47:38 [INFO] Target: 
cd /test
root@am57xx-evm:/test# 
URL:gtsystest.telogy.design.ti.com/vatf/tigtfarm03/tigtfarm03_vatf@am57xx-evm1/tigtfarm0301_16_2015_06_44_06/files/session_iteration_1/test_1
