- 01:04:34 [INFO] Starting target session
- 01:04:34 [INFO] Connected to am57xx-evm via serial 
- 01:04:34 [INFO] Host: #check prompt
- 01:04:37 [ERROR] On command: #check prompt waiting for #check prompt.+?(?-mix:((?-mix:login:)|[Pp]assword)) >>> error: execution expired
- 01:04:37 [INFO] Target: 
#check prompt
root@am57xx-evm:/test# 
- 01:04:37 [INFO] Host: #check prompt
- 01:04:37 [INFO] Target: 
#check prompt
root@am57xx-evm:/test# 
- 01:04:37 [INFO] Host: sync;poweroff
- 01:04:42 [INFO] Target: 
sync;poweroff
         Stopping User Manager for UID 0...
         Stopping Save/Restore Sound Card State...
[[0;32m  OK  [0m] Closed Load/Save RF Kill Switch Status /dev/rfkill Watch.
[[0;32m  OK  [0m] Stopped Synchronize System and HW clocks.
[[0;32m  OK  [0m] Stopped target System Time Synchronized.
         Stopping Network Time Synchronization...
         Stopping Load/Save Screen Backlight...htness of backlight:backlight...
[[0;32m  OK  [0m] Stopped target Sound Card.
[[0;32m  OK  [0m] Stopped target Multi-User System.
         Stopping Telephony service...
         Stopping Kernel Logging Service...
         Stopping System Logging Service...
         Stopping Avahi mDNS/DNS-SD Stack...
         Stopping Network Name Resolution...
[[0;32m  OK  [0m] Stopped target Login Prompts.
         Stopping Getty on tty1...
         Stopping thermal-zone-init.service...
         Stopping Update UTMP about System Boot/Shutdown...
[[0;32m  OK  [0m] Stopped Setup Virtual Console.
[[0;32m  OK  [0m] Stopped target Timers.
         Stopping strongSwan IPsec IKEv1/IKEv2 daemon using ipsec.conf...
         Stopping Lightning Fast Webserver With Light System Requirements...
[[0;32m  OK  [0m] Stopped Daily Cleanup of Temporary Directories.
        [[0;32m  OK  [0m] Stopped System Logging Service.
[[0;32m  OK  [0m] Stopped Telephony service.
[[0;32m  OK  [0m] Stopped Avahi mDNS/DNS-SD Stack.
[[0;32m  OK  [0m] Stopped Kernel Logging Service.
[[0;32m  OK  [0m] Stopped strongSwan IPsec IKEv1/IKEv2 daemon using ipsec.conf.
[[0;32m  OK  [0m] Stopped Network Name Resolution.
[[0;32m  OK  [0m] Stopped Getty on tty1.
[[0;32m  OK  [0m] Stopped Serial Getty on ttyS2.
[[0;32m  OK  [0m] Stopped Lightning Fast Webserver With Light System Requirements.
[[0;32m  OK  [0m] Stopped User Manager for UID 0.
[[0;32m  OK  [0m] Stopped Save/Restore Sound Card State.
[[0;32m  OK  [0m] Stopped Load/Save Screen Backlight Brightness of backlight:backlight.
[[0;32m  OK  [0m] Stopped thermal-zone-init.service.
[[0;32m  OK  [0m] Stopped Load/Save Random Seed.
[[0;32m  OK  [0m] Stopped Session c1 of user root.
[[0;32m  OK  [0m] Stopped Update UTMP about System Boot/Shutdown.
[[0;32m  OK  [0m] Stopped Network Time Synchronization.
[[0;32m  OK  [0m] Stopped Create Volatile Files and Directories.
[[0;32m  OK  [0m] Stopped target Local File Systems.
         Unmounting /run/media/mmcblk0p1...
         Unmounting /var/volatile...
         Unmounting /run/media/mmcblk0p3...
         Unmounting /run/media/sda1...
         Unmounting /run/media/mmcblk1p1...
         Unmounting /media/ram...
         Unmounting /run/user/0...
         Unmounting /run/media/mmcblk1p2...
         Unmounting /run/media/mmcblk0p2...
[[0;32m  OK  [0m] Stopped User Manager for UID 0.
         Stopping matrix-gui-2.0.service...
[[0;32m  OK  [0m] Removed slice system-systemd\x2dbacklight.slice.
[[0;32m  OK  [0m] Removed slice User Slice of root.
         Stopping Login Service...
[[0;32m  OK  [0m] Removed slice system-serial\x2dgetty.slice.
         Stopping Permit User Sessions...
[[0;32m  OK  [0m] Removed slice system-getty.slice.
[[0;32m  OK  [0m] Stopped target Network.
         Stopping Network Service...
[[0;32m  OK  [0m] Stopped Login Service.
[[0;32m  OK  [0m] Stopped Network Service.
[[0;32m  OK  [0m] Unmounted /run/media/mmcblk0p1.
[[0;1;31mFAILED[0m] Failed unmounting /var/volatile.
[[0;32m  OK  [0m] Unmounted /run/media/mmcblk0p3.
[[0;32m  OK  [0m] Unmounted /run/media/sda1.
[[0;32m  OK  [0m] Unmounted /run/media/mmcblk1p1.
[[0;32m  OK  [0m] Unmounted /media/ram.
[[0;32m  OK  [0m] Unmounted /run/user/0.
[[0;32m  OK  [0m] Unmounted /run/media/mmcblk1p2.
[[0;32m  OK  [0m] Unmounted /run/media/mmcblk0p2.
[[0;32m  OK  [0m] Stopped matrix-gui-2.0.service.
[[0;32m  OK  [0m] Stopped Permit User Sessions.
         Stopping gdbserverproxy.service...
[[0;32m  OK  [0m] Stopped target Local File Systems (Pre).
[[0;32m  OK  [0m] Stopped Create Static Device Nodes in /dev.
[[0;32m  OK  [0m] Stopped Remount Root and Kernel File Systems.
[[0;32m  OK  [0m] Stopped Apply Kernel Variables.
[[0;32m  OK  [0m] Stopped Load Kernel Modules.
         Stopping D-Bus System Message Bus...
[[0;32m  OK  [0m] Stopped D-Bus System Message Bus.
[[0;32m  OK  [0m] Stopped gdbserverproxy.service.
         Stopping rng-tools.service...
[[0;32m  OK  [0m] Stopped rng-tools.service.
         Stopping thttpd.service...
[[0;32m  OK  [0m] Stopped thttpd.service.
         Stopping telnetd.service...
         Stopping tiipclad-daemon.service...
[[0;32m  OK  [0m] Stopped telnetd.service.
[[0;32m  OK  [0m] Stopped tiipclad-daemon.service.
         Stopping weston.service...
[[0;32m  OK  [0m] Stopped weston.service.
         Stopping rc.pvr.service...
[[0;32m  OK  [0m] Stopped target Remote File Systems.
[[0;32m  OK  [0m] Stopped rc.pvr.service.
         Stopping uim-sysfs.service...
[[0;32m  OK  [0m] Stopped uim-sysfs.service.
[[0;32m  OK  [0m] Stopped target Basic System.
[[0;32m  OK  [0m] Stopped target Slices.
[[0;32m  OK  [0m] Removed slice User and Session Slice.
[[0;32m  OK  [0m] Stopped target Paths.
[[0;32m  OK  [0m] Stopped Dispatch Password Requests to Console Directory Watch.
[[0;32m  OK  [0m] Stopped Forward Password Requests to Wall Directory Watch.
         Unmounting Temporary Directory...
[[0;32m  OK  [0m] Stopped target Sockets.
[[0;32m  OK  [0m] Closed RPCbind Server Activation Socket.
[[0;32m  OK  [0m] Closed dropbear.socket.
[[0;32m  OK  [0m] Closed Syslog Socket.
[[0;32m  OK  [0m] Closed Avahi mDNS/DNS-SD Stack Activation Socket.
[[0;32m  OK  [0m] Closed D-Bus System Message Bus Socket.
[[0;32m  OK  [0m] Reached target Shutdown.
[10201.691590] systemd-shutdown[1]: Sending SIGTERM to remaining processes...
[10201.717204] systemd-journald[139]: Received SIGTERM from PID 1 (systemd-shutdow).
[10201.758674] systemd-shutdown[1]: Sending SIGKILL to remaining processes...
[10201.781500] systemd-shutdown[1]: Unmounting file systems.
[10201.787454] systemd-shutdown[1]: Remounting '/var/volatile' read-only with options 'size=51200k'.
[10201.796439] systemd-shutdown[1]: Unmounting /var/volatile.
[10201.838366] systemd-shutdown[1]: Remounting '/tmp' read-only with options ''.
[10201.845579] systemd-shutdown[1]: Unmounting /tmp.
[10201.888831] systemd-shutdown[1]: Remounting '/' read-only with options 'vers=3,rsize=4096,wsize=4096,namlen=255,hard,nolock,proto=tcp,timeo=600,retrans=2,sec=sys,mountaddr=192.168.0.1,mountvers=3,mountproto=tcp,local_lock=all,addr=192.168.0.1'.
[10201.913352] systemd-shutdown[1]: Remounting '/' read-only with options 'vers=3,rsize=4096,wsize=4096,namlen=255,hard,nolock,proto=tcp,timeo=600,retrans=2,sec=sys,mountaddr=192.168.0.1,mountvers=3,mountproto=tcp,local_lock=all,addr=192.168.0.1'.
[10201.935246] systemd-shutdown[1]: Remounting '/' read-only with options 'vers=3,rsize=4096,wsize=4096,namlen=255,hard,nolock,proto=tcp,timeo=600,retrans=2,sec=sys,mountaddr=192.168.0.1,mountvers=3,mountproto=tcp,local_lock=all,addr=192.168.0.1'.
[10201.957599] systemd-shutdown[1]: All filesystems unmounted.
[10201.963258] systemd-shutdown[1]: Deactivating swaps.
[10201.968415] systemd-shutdown[1]: All swaps deactivated.
[10201.973666] systemd-shutdown[1]: Detaching loop devices.
[10201.983133] systemd-shutdown[1]: All loop devices detached.
[10201.988789] systemd-shutdown[1]: Detaching DM devices.
[10201.994492] systemd-shutdown[1]: All DM devices detached.
[10202.001832] systemd-shutdown[1]: Powering off.
[10202.065128] reboot: Power down
- 01:04:42 [INFO] Disconnected serial from am57xx-evm
- 01:04:47 [INFO] Connected to am57xx-evm via serial 
- 01:04:47 [INFO] Host: 
- 01:04:47 [INFO] Target: 
reading uboot.env
SCSI:  SATA link 0 timeout.
AHCI 0001.0300 32 slots 1 ports 3 Gbps 0x1 impl SATA mode
flags: 64bit ncq stag pm led clo only pmp pio slum part ccc apst 
scanning bus for devices...
Found 0 device(s).
Net:   
Warning: ethernet@48484000 using MAC address from ROM
eth0: ethernet@48484000
Hit any key to stop autoboot:  2  0 
=>  
=>  
=>  
=>  
- 01:04:47 [INFO] Host: 
- 01:04:47 [INFO] Target: 
- 01:04:47 [INFO] Host: version
- 01:04:47 [INFO] Target: 
version
U-Boot 2016.05-00041-ga456020 (Jul 08 2016 - 12:54:29 -0500)
arm-linux-gnueabihf-gcc (Linaro GCC 5.3-2016.02) 5.3.1 20160113
GNU ld (GNU Binutils) 2.25.0 Linaro 2015_10
- 01:04:47 [INFO] Host: setenv bootargs 'console=ttyO2,115200n8  earlyprintk=serial,ttyO2,115200n8 rootwait '
- 01:04:48 [INFO] Target: 
setenv bootargs 'console=ttyO2,115200n8  earlyprintk=serial,ttyO2,115200n8 rootwait '
- 01:04:48 [INFO] Host: setenv bootcmd  ''
- 01:04:48 [INFO] Target: 
setenv bootcmd  ''
- 01:04:48 [INFO] Host: setenv autoload 'no'
- 01:04:48 [INFO] Target: 
setenv autoload 'no'
- 01:04:48 [INFO] Host: setenv serverip '192.168.0.1'
- 01:04:48 [INFO] Target: 
setenv serverip '192.168.0.1'
- 01:04:48 [INFO] Host: setenv _initramfs -
- 01:04:48 [INFO] Target: 
setenv _initramfs -
- 01:04:48 [INFO] Host: printenv
- 01:04:48 [INFO] Target: 
printenv
_initramfs=-
arch=arm
args_mmc=run finduuid;setenv bootargs console=${console} ${optargs} root=PARTUUID=${uuid} rw rootfstype=${mmcrootfstype}
autoload=no
baudrate=115200
board=am57xx
board_name=am57xx_evm
board_rev=A.20
board_serial=33154P550004
bootargs=console=ttyO2,115200n8  earlyprintk=serial,ttyO2,115200n8 rootwait 
bootcmd=
bootdelay=2
bootdir=/boot
bootenvfile=uEnv.txt
bootfile=zImage
bootm_size=0x10000000
bootpart=0:2
bootscript=echo Running bootscript from mmc${mmcdev} ...; source ${loadaddr}
console=ttyO2,115200n8
cpu=armv7
dofastboot=0
envboot=mmc dev ${mmcdev}; if mmc rescan; then echo SD/MMC found on device ${mmcdev};if run loadbootscript; then run bootscript;else if run loadbootenv; then echo Loaded env from ${bootenvfile};run importbootenv;fi;if test -n $uenvcmd; then echo Running uenvcmd ...;run uenvcmd;fi;fi;fi;
ethaddr=74:da:ea:08:38:a8
fdt_addr_r=0x88000000
fdtaddr=0x88000000
fdtcontroladdr=fef300f0
fdtfile=undefined
findfdt=if test $board_name = omap5_uevm; then setenv fdtfile omap5-uevm.dtb; fi; if test $board_name = dra7xx; then setenv fdtfile dra7-evm.dtb; fi;if test $board_name = dra72x-revc; then setenv fdtfile dra72-evm-revc.dtb; fi;if test $board_name = dra72x; then setenv fdtfile dra72-evm.dtb; fi;if test $board_name = beagle_x15; then setenv fdtfile am57xx-beagle-x15.dtb; fi;if test $board_name = beagle_x15_revb1; then setenv fdtfile am57xx-beagle-x15-revb1.dtb; fi;if test $board_name = am57xx_evm; then setenv fdtfile am57xx-evm.dtb; fi;if test $board_name = am57xx_evm_reva3; then setenv fdtfile am57xx-evm-reva3.dtb; fi;if test $board_name = am572x_idk; then setenv fdtfile am572x-idk.dtb; fi;if test $board_name = am571x_idk && test $idk_lcd = no; then setenv fdtfile am571x-idk.dtb; fi;if test $board_name = am571x_idk && test $idk_lcd = osd101t2045; then setenv fdtfile am571x-idk-lcd-osd.dtb; fi;if test $fdtfile = undefined; then echo WARNING: Could not determine device tree to use; fi; 
finduuid=part uuid mmc ${bootpart} uuid
idk_lcd=osd101t2045
importbootenv=echo Importing environment from mmc${mmcdev} ...; env import -t ${loadaddr} ${filesize}
kernel_addr_r=0x82000000
loadaddr=0x82000000
loadbootenv=fatload mmc ${mmcdev} ${loadaddr} ${bootenvfile}
loadbootscript=fatload mmc ${mmcdev} ${loadaddr} boot.scr
loadfdt=load mmc ${bootpart} ${fdtaddr} ${bootdir}/${fdtfile};
loadimage=load mmc ${bootpart} ${loadaddr} ${bootdir}/${bootfile}
mmcboot=mmc dev ${mmcdev}; if mmc rescan; then echo SD/MMC found on device ${mmcdev};if run loadimage; then run loadfdt; echo Booting from mmc${mmcdev} ...; run args_mmc; bootz ${loadaddr} - ${fdtaddr}; fi;fi;
mmcdev=0
mmcrootfstype=ext4 rootwait
netargs=setenv bootargs console=${console} ${optargs} root=/dev/nfs nfsroot=${serverip}:${rootpath},${nfsopts} rw ip=dhcp
netboot=echo Booting from network ...; setenv autoload no; dhcp; run netloadimage; run netloadfdt; run netargs; bootz ${loadaddr} - ${fdtaddr}
netloadfdt=tftp ${fdtaddr} ${fdtfile}
netloadimage=tftp ${loadaddr} ${bootfile}
nfsopts=nolock
partitions=uuid_disk=${uuid_gpt_disk};name=rootfs,start=2MiB,size=-,uuid=${uuid_gpt_rootfs}
pxefile_addr_r=0x80100000
ramdisk_addr_r=0x88080000
rdaddr=0x88080000
rootpath=/export/rootfs
scriptaddr=0x80000000
scsidevs=0
serverip=192.168.0.1
soc=omap5
static_ip=${ipaddr}:${serverip}:${gatewayip}:${netmask}:${hostname}::off
stderr=serial@48020000
stdin=serial@48020000
stdout=serial@48020000
usbtty=cdc_acm
vendor=ti
ver=U-Boot 2016.05-00041-ga456020 (Jul 08 2016 - 12:54:29 -0500)
vram=16M
Environment size: 3627/65532 bytes
- 01:04:48 [INFO] Host: printenv
- 01:04:49 [INFO] Target: 
printenv
_initramfs=-
arch=arm
args_mmc=run finduuid;setenv bootargs console=${console} ${optargs} root=PARTUUID=${uuid} rw rootfstype=${mmcrootfstype}
autoload=no
baudrate=115200
board=am57xx
board_name=am57xx_evm
board_rev=A.20
board_serial=33154P550004
bootargs=console=ttyO2,115200n8  earlyprintk=serial,ttyO2,115200n8 rootwait 
bootcmd=
bootdelay=2
bootdir=/boot
bootenvfile=uEnv.txt
bootfile=zImage
bootm_size=0x10000000
bootpart=0:2
bootscript=echo Running bootscript from mmc${mmcdev} ...; source ${loadaddr}
console=ttyO2,115200n8
cpu=armv7
dofastboot=0
envboot=mmc dev ${mmcdev}; if mmc rescan; then echo SD/MMC found on device ${mmcdev};if run loadbootscript; then run bootscript;else if run loadbootenv; then echo Loaded env from ${bootenvfile};run importbootenv;fi;if test -n $uenvcmd; then echo Running uenvcmd ...;run uenvcmd;fi;fi;fi;
ethaddr=74:da:ea:08:38:a8
fdt_addr_r=0x88000000
fdtaddr=0x88000000
fdtcontroladdr=fef300f0
fdtfile=undefined
findfdt=if test $board_name = omap5_uevm; then setenv fdtfile omap5-uevm.dtb; fi; if test $board_name = dra7xx; then setenv fdtfile dra7-evm.dtb; fi;if test $board_name = dra72x-revc; then setenv fdtfile dra72-evm-revc.dtb; fi;if test $board_name = dra72x; then setenv fdtfile dra72-evm.dtb; fi;if test $board_name = beagle_x15; then setenv fdtfile am57xx-beagle-x15.dtb; fi;if test $board_name = beagle_x15_revb1; then setenv fdtfile am57xx-beagle-x15-revb1.dtb; fi;if test $board_name = am57xx_evm; then setenv fdtfile am57xx-evm.dtb; fi;if test $board_name = am57xx_evm_reva3; then setenv fdtfile am57xx-evm-reva3.dtb; fi;if test $board_name = am572x_idk; then setenv fdtfile am572x-idk.dtb; fi;if test $board_name = am571x_idk && test $idk_lcd = no; then setenv fdtfile am571x-idk.dtb; fi;if test $board_name = am571x_idk && test $idk_lcd = osd101t2045; then setenv fdtfile am571x-idk-lcd-osd.dtb; fi;if test $fdtfile = undefined; then echo WARNING: Could not determine device tree to use; fi; 
finduuid=part uuid mmc ${bootpart} uuid
idk_lcd=osd101t2045
importbootenv=echo Importing environment from mmc${mmcdev} ...; env import -t ${loadaddr} ${filesize}
kernel_addr_r=0x82000000
loadaddr=0x82000000
loadbootenv=fatload mmc ${mmcdev} ${loadaddr} ${bootenvfile}
loadbootscript=fatload mmc ${mmcdev} ${loadaddr} boot.scr
loadfdt=load mmc ${bootpart} ${fdtaddr} ${bootdir}/${fdtfile};
loadimage=load mmc ${bootpart} ${loadaddr} ${bootdir}/${bootfile}
mmcboot=mmc dev ${mmcdev}; if mmc rescan; then echo SD/MMC found on device ${mmcdev};if run loadimage; then run loadfdt; echo Booting from mmc${mmcdev} ...; run args_mmc; bootz ${loadaddr} - ${fdtaddr}; fi;fi;
mmcdev=0
mmcrootfstype=ext4 rootwait
netargs=setenv bootargs console=${console} ${optargs} root=/dev/nfs nfsroot=${serverip}:${rootpath},${nfsopts} rw ip=dhcp
netboot=echo Booting from network ...; setenv autoload no; dhcp; run netloadimage; run netloadfdt; run netargs; bootz ${loadaddr} - ${fdtaddr}
netloadfdt=tftp ${fdtaddr} ${fdtfile}
netloadimage=tftp ${loadaddr} ${bootfile}
nfsopts=nolock
partitions=uuid_disk=${uuid_gpt_disk};name=rootfs,start=2MiB,size=-,uuid=${uuid_gpt_rootfs}
pxefile_addr_r=0x80100000
ramdisk_addr_r=0x88080000
rdaddr=0x88080000
rootpath=/export/rootfs
scriptaddr=0x80000000
scsidevs=0
serverip=192.168.0.1
soc=omap5
static_ip=${ipaddr}:${serverip}:${gatewayip}:${netmask}:${hostname}::off
stderr=serial@48020000
stdin=serial@48020000
stdout=serial@48020000
usbtty=cdc_acm
vendor=ti
ver=U-Boot 2016.05-00041-ga456020 (Jul 08 2016 - 12:54:29 -0500)
vram=16M
Environment size: 3627/65532 bytes
- 01:04:49 [INFO] Host: setenv bootargs ''${bootargs}' ip=:::::eth0:dhcp '
- 01:04:49 [INFO] Target: 
setenv bootargs ''${bootargs}' ip=:::::eth0:dhcp '
- 01:04:49 [INFO] Host: setenv serverip '192.168.0.1'
- 01:04:49 [INFO] Target: 
setenv serverip '192.168.0.1'
- 01:04:49 [INFO] Host: setenv autoload 'no'
- 01:04:49 [INFO] Target: 
setenv autoload 'no'
- 01:04:49 [INFO] Host: dhcp
- 01:04:55 [INFO] Target: 
dhcp
ethernet@48484000 Waiting for PHY auto negotiation to complete........ done
link up on port 0, speed 1000, full duplex
BOOTP broadcast 1
BOOTP broadcast 2
BOOTP broadcast 3
DHCP client bound to address 192.168.0.180 (1285 ms)
- 01:04:55 [INFO] Host: tftp ${loadaddr} 192.168.0.1:vatf_am57xx-evm1/c6801eecea0c345d8d759e2033060c4d
- 01:04:56 [INFO] Target: 
tftp ${loadaddr} 192.168.0.1:vatf_am57xx-evm1/c6801eecea0c345d8d759e2033060c4d
link up on port 0, speed 1000, full duplex
Using ethernet@48484000 device
TFTP from server 192.168.0.1; our IP address is 192.168.0.180
Filename 'vatf_am57xx-evm1/c6801eecea0c345d8d759e2033060c4d'.
Load address: 0x82000000
Loading: *#################################################################
	 #################################################################
	 #################################################################
	 ################################################################
	 9.2 MiB/s
done
Bytes transferred = 3794936 (39e7f8 hex)
- 01:04:56 [INFO] Host: tftp ${fdt_addr_r} 192.168.0.1:vatf_am57xx-evm1/cb242e75cf709d5cdeca30856e6bd971
- 01:04:56 [INFO] Target: 
tftp ${fdt_addr_r} 192.168.0.1:vatf_am57xx-evm1/cb242e75cf709d5cdeca30856e6bd971
link up on port 0, speed 1000, full duplex
Using ethernet@48484000 device
TFTP from server 192.168.0.1; our IP address is 192.168.0.180
Filename 'vatf_am57xx-evm1/cb242e75cf709d5cdeca30856e6bd971'.
Load address: 0x88000000
Loading: *######
	 9.1 MiB/s
done
Bytes transferred = 85516 (14e0c hex)
- 01:04:56 [INFO] Host: ls mmc 0:1
- 01:04:56 [INFO] Target: 
ls mmc 0:1
    69064   mlo 
   582160   u-boot.img 
        4   ws-calibrate.rules 
        0   pointercal 
       33   primary_bootloader.md5 
       33   fs.md5 
    65536   uboot.env 
7 file(s), 0 dir(s)
- 01:04:56 [INFO] Host: ls mmc 0:2
- 01:04:56 [INFO] Target: 
ls mmc 0:2
<DIR>       4096 .
<DIR>       4096 ..
<DIR>       4096 srv
<DIR>       4096 home
<DIR>       4096 media
<DIR>       4096 var
<DIR>       4096 sys
<DIR>       4096 boot
<DIR>       4096 dev
<DIR>       4096 usr
<DIR>       4096 bin
<DIR>       4096 mnt
<DIR>       4096 etc
<DIR>       4096 sbin
<SYM>          8 tmp
<DIR>       4096 proc
<DIR>       4096 run
<DIR>       4096 lib
<DIR>       4096 test
- 01:04:56 [INFO] Host: part uuid mmc 0:2
- 01:04:56 [INFO] Target: 
part uuid mmc 0:2
00000000-02
- 01:04:56 [INFO] Host: printenv
- 01:04:56 [INFO] Target: 
printenv
_initramfs=-
arch=arm
args_mmc=run finduuid;setenv bootargs console=${console} ${optargs} root=PARTUUID=${uuid} rw rootfstype=${mmcrootfstype}
autoload=no
baudrate=115200
board=am57xx
board_name=am57xx_evm
board_rev=A.20
board_serial=33154P550004
bootargs=console=ttyO2,115200n8  earlyprintk=serial,ttyO2,115200n8 rootwait  ip=:::::eth0:dhcp 
bootcmd=
bootdelay=2
bootdir=/boot
bootenvfile=uEnv.txt
bootfile=zImage
bootm_size=0x10000000
bootpart=0:2
bootscript=echo Running bootscript from mmc${mmcdev} ...; source ${loadaddr}
console=ttyO2,115200n8
cpu=armv7
dnsip=192.0.2.2
dnsip2=192.0.2.3
dofastboot=0
envboot=mmc dev ${mmcdev}; if mmc rescan; then echo SD/MMC found on device ${mmcdev};if run loadbootscript; then run bootscript;else if run loadbootenv; then echo Loaded env from ${bootenvfile};run importbootenv;fi;if test -n $uenvcmd; then echo Running uenvcmd ...;run uenvcmd;fi;fi;fi;
ethact=ethernet@48484000
ethaddr=74:da:ea:08:38:a8
fdt_addr_r=0x88000000
fdtaddr=0x88000000
fdtcontroladdr=fef300f0
fdtfile=undefined
fileaddr=88000000
filesize=14e0c
findfdt=if test $board_name = omap5_uevm; then setenv fdtfile omap5-uevm.dtb; fi; if test $board_name = dra7xx; then setenv fdtfile dra7-evm.dtb; fi;if test $board_name = dra72x-revc; then setenv fdtfile dra72-evm-revc.dtb; fi;if test $board_name = dra72x; then setenv fdtfile dra72-evm.dtb; fi;if test $board_name = beagle_x15; then setenv fdtfile am57xx-beagle-x15.dtb; fi;if test $board_name = beagle_x15_revb1; then setenv fdtfile am57xx-beagle-x15-revb1.dtb; fi;if test $board_name = am57xx_evm; then setenv fdtfile am57xx-evm.dtb; fi;if test $board_name = am57xx_evm_reva3; then setenv fdtfile am57xx-evm-reva3.dtb; fi;if test $board_name = am572x_idk; then setenv fdtfile am572x-idk.dtb; fi;if test $board_name = am571x_idk && test $idk_lcd = no; then setenv fdtfile am571x-idk.dtb; fi;if test $board_name = am571x_idk && test $idk_lcd = osd101t2045; then setenv fdtfile am571x-idk-lcd-osd.dtb; fi;if test $fdtfile = undefined; then echo WARNING: Could not determine device tree to use; fi; 
finduuid=part uuid mmc ${bootpart} uuid
gatewayip=192.168.0.1
idk_lcd=osd101t2045
importbootenv=echo Importing environment from mmc${mmcdev} ...; env import -t ${loadaddr} ${filesize}
ipaddr=192.168.0.180
kernel_addr_r=0x82000000
loadaddr=0x82000000
loadbootenv=fatload mmc ${mmcdev} ${loadaddr} ${bootenvfile}
loadbootscript=fatload mmc ${mmcdev} ${loadaddr} boot.scr
loadfdt=load mmc ${bootpart} ${fdtaddr} ${bootdir}/${fdtfile};
loadimage=load mmc ${bootpart} ${loadaddr} ${bootdir}/${bootfile}
mmcboot=mmc dev ${mmcdev}; if mmc rescan; then echo SD/MMC found on device ${mmcdev};if run loadimage; then run loadfdt; echo Booting from mmc${mmcdev} ...; run args_mmc; bootz ${loadaddr} - ${fdtaddr}; fi;fi;
mmcdev=0
mmcrootfstype=ext4 rootwait
netargs=setenv bootargs console=${console} ${optargs} root=/dev/nfs nfsroot=${serverip}:${rootpath},${nfsopts} rw ip=dhcp
netboot=echo Booting from network ...; setenv autoload no; dhcp; run netloadimage; run netloadfdt; run netargs; bootz ${loadaddr} - ${fdtaddr}
netloadfdt=tftp ${fdtaddr} ${fdtfile}
netloadimage=tftp ${loadaddr} ${bootfile}
netmask=255.255.255.0
nfsopts=nolock
partitions=uuid_disk=${uuid_gpt_disk};name=rootfs,start=2MiB,size=-,uuid=${uuid_gpt_rootfs}
pxefile_addr_r=0x80100000
ramdisk_addr_r=0x88080000
rdaddr=0x88080000
rootpath=/export/rootfs
scriptaddr=0x80000000
scsidevs=0
serverip=192.168.0.1
soc=omap5
static_ip=${ipaddr}:${serverip}:${gatewayip}:${netmask}:${hostname}::off
stderr=serial@48020000
stdin=serial@48020000
stdout=serial@48020000
usbtty=cdc_acm
vendor=ti
ver=U-Boot 2016.05-00041-ga456020 (Jul 08 2016 - 12:54:29 -0500)
vram=16M
Environment size: 3818/65532 bytes
- 01:04:56 [INFO] Host: setenv bootargs ''${bootargs}' root=PARTUUID=00000000-02 rw rootfstype=ext4 rootwait '
- 01:04:57 [INFO] Target: 
setenv bootargs ''${bootargs}' root=PARTUUID=00000000-02 rw rootfstype=ext4 rootwait '
- 01:04:57 [INFO] Host: printenv
- 01:04:57 [INFO] Target: 
printenv
_initramfs=-
arch=arm
args_mmc=run finduuid;setenv bootargs console=${console} ${optargs} root=PARTUUID=${uuid} rw rootfstype=${mmcrootfstype}
autoload=no
baudrate=115200
board=am57xx
board_name=am57xx_evm
board_rev=A.20
board_serial=33154P550004
bootargs=console=ttyO2,115200n8  earlyprintk=serial,ttyO2,115200n8 rootwait  ip=:::::eth0:dhcp  root=PARTUUID=00000000-02 rw rootfstype=ext4 rootwait 
bootcmd=
bootdelay=2
bootdir=/boot
bootenvfile=uEnv.txt
bootfile=zImage
bootm_size=0x10000000
bootpart=0:2
bootscript=echo Running bootscript from mmc${mmcdev} ...; source ${loadaddr}
console=ttyO2,115200n8
cpu=armv7
dnsip=192.0.2.2
dnsip2=192.0.2.3
dofastboot=0
envboot=mmc dev ${mmcdev}; if mmc rescan; then echo SD/MMC found on device ${mmcdev};if run loadbootscript; then run bootscript;else if run loadbootenv; then echo Loaded env from ${bootenvfile};run importbootenv;fi;if test -n $uenvcmd; then echo Running uenvcmd ...;run uenvcmd;fi;fi;fi;
ethact=ethernet@48484000
ethaddr=74:da:ea:08:38:a8
fdt_addr_r=0x88000000
fdtaddr=0x88000000
fdtcontroladdr=fef300f0
fdtfile=undefined
fileaddr=88000000
filesize=14e0c
findfdt=if test $board_name = omap5_uevm; then setenv fdtfile omap5-uevm.dtb; fi; if test $board_name = dra7xx; then setenv fdtfile dra7-evm.dtb; fi;if test $board_name = dra72x-revc; then setenv fdtfile dra72-evm-revc.dtb; fi;if test $board_name = dra72x; then setenv fdtfile dra72-evm.dtb; fi;if test $board_name = beagle_x15; then setenv fdtfile am57xx-beagle-x15.dtb; fi;if test $board_name = beagle_x15_revb1; then setenv fdtfile am57xx-beagle-x15-revb1.dtb; fi;if test $board_name = am57xx_evm; then setenv fdtfile am57xx-evm.dtb; fi;if test $board_name = am57xx_evm_reva3; then setenv fdtfile am57xx-evm-reva3.dtb; fi;if test $board_name = am572x_idk; then setenv fdtfile am572x-idk.dtb; fi;if test $board_name = am571x_idk && test $idk_lcd = no; then setenv fdtfile am571x-idk.dtb; fi;if test $board_name = am571x_idk && test $idk_lcd = osd101t2045; then setenv fdtfile am571x-idk-lcd-osd.dtb; fi;if test $fdtfile = undefined; then echo WARNING: Could not determine device tree to use; fi; 
finduuid=part uuid mmc ${bootpart} uuid
gatewayip=192.168.0.1
idk_lcd=osd101t2045
importbootenv=echo Importing environment from mmc${mmcdev} ...; env import -t ${loadaddr} ${filesize}
ipaddr=192.168.0.180
kernel_addr_r=0x82000000
loadaddr=0x82000000
loadbootenv=fatload mmc ${mmcdev} ${loadaddr} ${bootenvfile}
loadbootscript=fatload mmc ${mmcdev} ${loadaddr} boot.scr
loadfdt=load mmc ${bootpart} ${fdtaddr} ${bootdir}/${fdtfile};
loadimage=load mmc ${bootpart} ${loadaddr} ${bootdir}/${bootfile}
mmcboot=mmc dev ${mmcdev}; if mmc rescan; then echo SD/MMC found on device ${mmcdev};if run loadimage; then run loadfdt; echo Booting from mmc${mmcdev} ...; run args_mmc; bootz ${loadaddr} - ${fdtaddr}; fi;fi;
mmcdev=0
mmcrootfstype=ext4 rootwait
netargs=setenv bootargs console=${console} ${optargs} root=/dev/nfs nfsroot=${serverip}:${rootpath},${nfsopts} rw ip=dhcp
netboot=echo Booting from network ...; setenv autoload no; dhcp; run netloadimage; run netloadfdt; run netargs; bootz ${loadaddr} - ${fdtaddr}
netloadfdt=tftp ${fdtaddr} ${fdtfile}
netloadimage=tftp ${loadaddr} ${bootfile}
netmask=255.255.255.0
nfsopts=nolock
partitions=uuid_disk=${uuid_gpt_disk};name=rootfs,start=2MiB,size=-,uuid=${uuid_gpt_rootfs}
pxefile_addr_r=0x80100000
ramdisk_addr_r=0x88080000
rdaddr=0x88080000
rootpath=/export/rootfs
scriptaddr=0x80000000
scsidevs=0
serverip=192.168.0.1
soc=omap5
static_ip=${ipaddr}:${serverip}:${gatewayip}:${netmask}:${hostname}::off
stderr=serial@48020000
stdin=serial@48020000
stdout=serial@48020000
usbtty=cdc_acm
vendor=ti
ver=U-Boot 2016.05-00041-ga456020 (Jul 08 2016 - 12:54:29 -0500)
vram=16M
Environment size: 3873/65532 bytes
- 01:04:57 [INFO] Host: setenv bootcmd ''${bootcmd}' if iminfo ${loadaddr}; then bootm ${loadaddr} ${_initramfs} ${fdt_addr_r}; else bootz ${loadaddr} ${_initramfs} ${fdt_addr_r}; bootm ${loadaddr} ${_initramfs} ${fdt_addr_r}; fi'
- 01:04:57 [INFO] Target: 
setenv bootcmd ''${bootcmd}' if iminfo ${loadaddr}; then bootm ${loadaddr} ${_initramfs} ${fdt_addr_r}; else bootz ${loadaddr} ${_initramfs} ${fdt_addr_r}; bootm ${loadaddr} ${_initramfs} ${fdt_addr_r}; fi'
- 01:04:57 [INFO] Host: version
- 01:04:57 [INFO] Target: 
version
U-Boot 2016.05-00041-ga456020 (Jul 08 2016 - 12:54:29 -0500)
arm-linux-gnueabihf-gcc (Linaro GCC 5.3-2016.02) 5.3.1 20160113
GNU ld (GNU Binutils) 2.25.0 Linaro 2015_10
- 01:04:57 [INFO] Host: bdinfo
- 01:04:57 [INFO] Target: 
bdinfo
arch_number = 0x00000000
boot_params = 0x80000100
DRAM bank   = 0x00000000
-> start    = 0x80000000
-> size     = 0x80000000
DRAM bank   = 0x00000001
-> start    = 0x00000000
-> size     = 0x00000000
baudrate    = 115200 bps
TLB addr    = 0xFFFF0000
relocaddr   = 0xFFF54000
reloc off   = 0x7F754000
irq_sp      = 0xFEF300E0
sp start    = 0xFEF300D0
- 01:04:57 [INFO] Host: mmc rescan; echo $?
- 01:04:57 [INFO] Target: 
mmc rescan; echo $?
- 01:04:57 [INFO] Host: fatwrite mmc ${mmcdev}:1 ${loadaddr} ws-calibrate.rules 4
- 01:04:58 [INFO] Target: 
fatwrite mmc ${mmcdev}:1 ${loadaddr} ws-calibrate.rules 4
writing ws-calibrate.rules
4 bytes written
- 01:04:58 [INFO] Host: boot
- 01:05:16 [INFO] Target: 
boot
## Checking Image at 82000000 ...
Unknown image format!
Kernel image @ 0x82000000 [ 0x000000 - 0x39e7f8 ]
## Flattened Device Tree blob at 88000000
   Booting using the fdt blob at 0x88000000
   Loading Device Tree to 8ffe8000, end 8ffffe0b ... OK
Starting kernel ...
[    0.000000] Booting Linux on physical CPU 0x0
[    0.000000] Linux version 4.7.0-00002-ga72a3cb02b73 (nmenon@horus) (gcc version 4.9.3 20150413 (prerelease) (Linaro GCC 4.9-2015.05) ) #1 SMP Tue Jul 26 00:09:02 CDT 2016
[    0.000000] CPU: ARMv7 Processor [412fc0f2] revision 2 (ARMv7), cr=10c5387d
[    0.000000] CPU: div instructions available: patching division code
[    0.000000] CPU: PIPT / VIPT nonaliasing data cache, PIPT instruction cache
[    0.000000] Machine model: TI AM5728 BeagleBoard-X15
[    0.000000] cma: Reserved 16 MiB at 0xfe800000
[    0.000000] Memory policy: Data cache writealloc
[    0.000000] OMAP4: Map 0xffd00000 to fe600000 for dram barrier
[    0.000000] DRA752 ES1.1
[    0.000000] percpu: Embedded 15 pages/cpu @eed69000 s29440 r8192 d23808 u61440
[    0.000000] Built 1 zonelists in Zone order, mobility grouping on.  Total pages: 522047
[    0.000000] Kernel command line: console=ttyO2,115200n8  earlyprintk=serial,ttyO2,115200n8 rootwait  ip=:::::eth0:dhcp  root=PARTUUID=00000000-02 rw rootfstype=ext4 rootwait 
[    0.000000] PID hash table entries: 4096 (order: 2, 16384 bytes)
[    0.000000] Dentry cache hash table entries: 131072 (order: 7, 524288 bytes)
[    0.000000] Inode-cache hash table entries: 65536 (order: 6, 262144 bytes)
[    0.000000] Memory: 2038636K/2095100K available (7354K kernel code, 768K rwdata, 2360K rodata, 1024K init, 8122K bss, 40080K reserved, 16384K cma-reserved, 1292284K highmem)
[    0.000000] Virtual kernel memory layout:
[    0.000000]     vector  : 0xffff0000 - 0xffff1000   (   4 kB)
[    0.000000]     fixmap  : 0xffc00000 - 0xfff00000   (3072 kB)
[    0.000000]     vmalloc : 0xf0800000 - 0xff800000   ( 240 MB)
[    0.000000]     lowmem  : 0xc0000000 - 0xf0000000   ( 768 MB)
[    0.000000]     pkmap   : 0xbfe00000 - 0xc0000000   (   2 MB)
[    0.000000]     modules : 0xbf000000 - 0xbfe00000   (  14 MB)
[    0.000000]       .text : 0xc0008000 - 0xc0a7c8e8   (10707 kB)
[    0.000000]       .init : 0xc0b00000 - 0xc0c00000   (1024 kB)
[    0.000000]       .data : 0xc0c00000 - 0xc0cc0304   ( 769 kB)
[    0.000000]        .bss : 0xc0cc2000 - 0xc14b0a40   (8123 kB)
[    0.000000] Running RCU self tests
[    0.000000] Hierarchical RCU implementation.
[    0.000000] 	RCU lockdep checking is enabled.
[    0.000000] 	Build-time adjustment of leaf fanout to 32.
[    0.000000] NR_IRQS:16 nr_irqs:16 16
[    0.000000] OMAP clockevent source: timer1 at 32786 Hz
[    0.000000] Architected cp15 timer(s) running at 6.14MHz (virt).
[    0.000000] clocksource: arch_sys_counter: mask: 0xffffffffffffff max_cycles: 0x16af5adb9, max_idle_ns: 440795202250 ns
[    0.000004] sched_clock: 56 bits at 6MHz, resolution 162ns, wraps every 4398046511023ns
[    0.000016] Switching to timer-based delay loop, resolution 162ns
[    0.000458] clocksource: 32k_counter: mask: 0xffffffff max_cycles: 0xffffffff, max_idle_ns: 58327039986419 ns
[    0.000468] OMAP clocksource: 32k_counter at 32768 Hz
[    0.001498] Console: colour dummy device 80x30
[    0.001531] Lock dependency validator: Copyright (c) 2006 Red Hat, Inc., Ingo Molnar
[    0.001538] ... MAX_LOCKDEP_SUBCLASSES:  8
[    0.001545] ... MAX_LOCK_DEPTH:          48
[    0.001551] ... MAX_LOCKDEP_KEYS:        8191
[    0.001557] ... CLASSHASH_SIZE:          4096
[    0.001563] ... MAX_LOCKDEP_ENTRIES:     32768
[    0.001569] ... MAX_LOCKDEP_CHAINS:      65536
[    0.001575] ... CHAINHASH_SIZE:          32768
[    0.001581]  memory used by lock dependency info: 5167 kB
[    0.001587]  per task-struct memory footprint: 1536 bytes
[    0.001607] Calibrating delay loop (skipped), value calculated using timer frequency.. 12.29 BogoMIPS (lpj=61475)
[    0.001621] pid_max: default: 32768 minimum: 301
[    0.001935] Security Framework initialized
[    0.002043] Mount-cache hash table entries: 2048 (order: 1, 8192 bytes)
[    0.002055] Mountpoint-cache hash table entries: 2048 (order: 1, 8192 bytes)
[    0.004412] CPU: Testing write buffer coherency: ok
[    0.005494] /cpus/cpu@0 missing clock-frequency property
[    0.005541] /cpus/cpu@1 missing clock-frequency property
[    0.005552] CPU0: thread -1, cpu 0, socket 0, mpidr 80000000
[    0.005576] Setting up static identity map for 0x80100000 - 0x80100070
[    0.010673] CPU1: thread -1, cpu 1, socket 0, mpidr 80000001
[    0.011124] Brought up 2 CPUs
[    0.011138] SMP: Total of 2 processors activated (24.59 BogoMIPS).
[    0.011144] CPU: All CPU(s) started in SVC mode.
[    0.042161] devtmpfs: initialized
[    0.130701] VFP support v0.3: implementor 41 architecture 4 part 30 variant f rev 0
[    0.131316] clocksource: jiffies: mask: 0xffffffff max_cycles: 0xffffffff, max_idle_ns: 19112604462750000 ns
[    0.190506] pinctrl core: initialized pinctrl subsystem
[    0.251646] NET: Registered protocol family 16
[    0.255608] DMA: preallocated 256 KiB pool for atomic coherent allocations
[    0.257185] omap_hwmod: l3_main_2 using broken dt data from ocp
[    0.409809] omap_hwmod: epwmss0: no dt node
[    0.409818] ------------[ cut here ]------------
[    0.409834] WARNING: CPU: 0 PID: 1 at arch/arm/mach-omap2/omap_hwmod.c:2497 _init+0x1d0/0x41c
[    0.409841] omap_hwmod: epwmss0: doesn't have mpu register target base
[    0.409847] Modules linked in:
[    0.409862] CPU: 0 PID: 1 Comm: swapper/0 Not tainted 4.7.0-00002-ga72a3cb02b73 #1
[    0.409870] Hardware name: Generic DRA74X (Flattened Device Tree)
[    0.409889] [<c011005c>] (unwind_backtrace) from [<c010c250>] (show_stack+0x10/0x14)
[    0.409909] [<c010c250>] (show_stack) from [<c047f49c>] (dump_stack+0xb0/0xe4)
[    0.409926] [<c047f49c>] (dump_stack) from [<c0137404>] (__warn+0xd4/0x100)
[    0.409939] [<c0137404>] (__warn) from [<c0137464>] (warn_slowpath_fmt+0x34/0x44)
[    0.409951] [<c0137464>] (warn_slowpath_fmt) from [<c0b0e97c>] (_init+0x1d0/0x41c)
[    0.409965] [<c0b0e97c>] (_init) from [<c01218f0>] (omap_hwmod_for_each+0x34/0x60)
[    0.409976] [<c01218f0>] (omap_hwmod_for_each) from [<c0b0ef00>] (__omap_hwmod_setup_all+0x24/0x40)
[    0.409987] [<c0b0ef00>] (__omap_hwmod_setup_all) from [<c010185c>] (do_one_initcall+0x3c/0x174)
[    0.410001] [<c010185c>] (do_one_initcall) from [<c0b00e8c>] (kernel_init_freeable+0x210/0x2e0)
[    0.410015] [<c0b00e8c>] (kernel_init_freeable) from [<c07a9418>] (kernel_init+0x8/0x118)
[    0.410028] [<c07a9418>] (kernel_init) from [<c01078d0>] (ret_from_fork+0x14/0x24)
[    0.410046] ---[ end trace 1a9948dcc9007111 ]---
[    0.411789] omap_hwmod: epwmss1: no dt node
[    0.411797] ------------[ cut here ]------------
[    0.411807] WARNING: CPU: 0 PID: 1 at arch/arm/mach-omap2/omap_hwmod.c:2497 _init+0x1d0/0x41c
[    0.411813] omap_hwmod: epwmss1: doesn't have mpu register target base
[    0.411819] Modules linked in:
[    0.411832] CPU: 0 PID: 1 Comm: swapper/0 Tainted: G        W       4.7.0-00002-ga72a3cb02b73 #1
[    0.411838] Hardware name: Generic DRA74X (Flattened Device Tree)
[    0.411850] [<c011005c>] (unwind_backtrace) from [<c010c250>] (show_stack+0x10/0x14)
[    0.411862] [<c010c250>] (show_stack) from [<c047f49c>] (dump_stack+0xb0/0xe4)
[    0.411876] [<c047f49c>] (dump_stack) from [<c0137404>] (__warn+0xd4/0x100)
[    0.411889] [<c0137404>] (__warn) from [<c0137464>] (warn_slowpath_fmt+0x34/0x44)
[    0.411900] [<c0137464>] (warn_slowpath_fmt) from [<c0b0e97c>] (_init+0x1d0/0x41c)
[    0.411912] [<c0b0e97c>] (_init) from [<c01218f0>] (omap_hwmod_for_each+0x34/0x60)
[    0.411922] [<c01218f0>] (omap_hwmod_for_each) from [<c0b0ef00>] (__omap_hwmod_setup_all+0x24/0x40)
[    0.411932] [<c0b0ef00>] (__omap_hwmod_setup_all) from [<c010185c>] (do_one_initcall+0x3c/0x174)
[    0.411944] [<c010185c>] (do_one_initcall) from [<c0b00e8c>] (kernel_init_freeable+0x210/0x2e0)
[    0.411957] [<c0b00e8c>] (kernel_init_freeable) from [<c07a9418>] (kernel_init+0x8/0x118)
[    0.411969] [<c07a9418>] (kernel_init) from [<c01078d0>] (ret_from_fork+0x14/0x24)
[    0.411976] ---[ end trace 1a9948dcc9007112 ]---
[    0.413688] omap_hwmod: epwmss2: no dt node
[    0.413694] ------------[ cut here ]------------
[    0.413704] WARNING: CPU: 0 PID: 1 at arch/arm/mach-omap2/omap_hwmod.c:2497 _init+0x1d0/0x41c
[    0.413710] omap_hwmod: epwmss2: doesn't have mpu register target base
[    0.413715] Modules linked in:
[    0.413727] CPU: 0 PID: 1 Comm: swapper/0 Tainted: G        W       4.7.0-00002-ga72a3cb02b73 #1
[    0.413733] Hardware name: Generic DRA74X (Flattened Device Tree)
[    0.413745] [<c011005c>] (unwind_backtrace) from [<c010c250>] (show_stack+0x10/0x14)
[    0.413757] [<c010c250>] (show_stack) from [<c047f49c>] (dump_stack+0xb0/0xe4)
[    0.413770] [<c047f49c>] (dump_stack) from [<c0137404>] (__warn+0xd4/0x100)
[    0.413783] [<c0137404>] (__warn) from [<c0137464>] (warn_slowpath_fmt+0x34/0x44)
[    0.413794] [<c0137464>] (warn_slowpath_fmt) from [<c0b0e97c>] (_init+0x1d0/0x41c)
[    0.413805] [<c0b0e97c>] (_init) from [<c01218f0>] (omap_hwmod_for_each+0x34/0x60)
[    0.413816] [<c01218f0>] (omap_hwmod_for_each) from [<c0b0ef00>] (__omap_hwmod_setup_all+0x24/0x40)
[    0.413825] [<c0b0ef00>] (__omap_hwmod_setup_all) from [<c010185c>] (do_one_initcall+0x3c/0x174)
[    0.413837] [<c010185c>] (do_one_initcall) from [<c0b00e8c>] (kernel_init_freeable+0x210/0x2e0)
[    0.413850] [<c0b00e8c>] (kernel_init_freeable) from [<c07a9418>] (kernel_init+0x8/0x118)
[    0.413862] [<c07a9418>] (kernel_init) from [<c01078d0>] (ret_from_fork+0x14/0x24)
[    0.413869] ---[ end trace 1a9948dcc9007113 ]---
[    0.541179] cpuidle: using governor menu
[    0.557146] OMAP GPIO hardware version 0.1
[    0.573803] irq: no irq domain found for /ocp/l4@4a000000/scm@2000/pinmux@1400 !
[    0.600012] No ATAGs?
[    0.600064] hw-breakpoint: found 5 (+1 reserved) breakpoint and 4 watchpoint registers.
[    0.600073] hw-breakpoint: maximum watchpoint size is 8 bytes.
[    0.600506] omap4_sram_init:Unable to allocate sram needed to handle errata I688
[    0.600515] omap4_sram_init:Unable to get sram pool needed to handle errata I688
[    0.601760] OMAP DMA hardware revision 0.0
[    0.781201] omap-dma-engine 4a056000.dma-controller: OMAP DMA engine driver
[    0.782697] edma 43300000.edma: memcpy is disabled
[    0.796222] edma 43300000.edma: TI EDMA DMA engine driver
[    0.832166] SCSI subsystem initialized
[    0.833444] omap_i2c 48070000.i2c: could not find pctldev for node /ocp/l4@4a000000/scm@2000/pinmux@1400/i2c1_pins_default, deferring probe
[    0.833512] omap_i2c 48060000.i2c: could not find pctldev for node /ocp/l4@4a000000/scm@2000/pinmux@1400/i2c3_pins_default, deferring probe
[    0.833708] pps_core: LinuxPPS API ver. 1 registered
[    0.833715] pps_core: Software ver. 5.3.6 - Copyright 2005-2007 Rodolfo Giometti <giometti@linux.it>
[    0.833753] PTP clock support registered
[    0.836660] clocksource: Switched to clocksource arch_sys_counter
[    0.966914] VFS: Disk quotas dquot_6.6.0
[    0.996712] VFS: Dquot-cache hash table entries: 1024 (order 0, 4096 bytes)
[    1.166666] NET: Registered protocol family 2
[    1.167810] TCP established hash table entries: 8192 (order: 3, 32768 bytes)
[    1.167942] TCP bind hash table entries: 8192 (order: 6, 294912 bytes)
[    1.170188] TCP: Hash tables configured (established 8192 bind 8192)
[    1.170328] UDP hash table entries: 512 (order: 3, 40960 bytes)
[    1.170633] UDP-Lite hash table entries: 512 (order: 3, 40960 bytes)
[    1.197150] NET: Registered protocol family 1
[    1.226750] RPC: Registered named UNIX socket transport module.
[    1.226761] RPC: Registered udp transport module.
[    1.226769] RPC: Registered tcp transport module.
[    1.226777] RPC: Registered tcp NFSv4.1 backchannel transport module.
[    1.228955] hw perfevents: enabled with armv7_cortex_a15 PMU driver, 7 counters available
[    1.268359] futex hash table entries: 512 (order: 3, 32768 bytes)
[    1.296708] audit: initializing netlink subsys (disabled)
[    1.296833] audit: type=2000 audit(1.289:1): initialized
[    1.299194] workingset: timestamp_bits=12 max_order=19 bucket_order=7
[    1.776775] NFS: Registering the id_resolver key type
[    1.777013] Key type id_resolver registered
[    1.777023] Key type id_legacy registered
[    1.777122] jffs2: version 2.2. (NAND) (SUMMARY)   2001-2006 Red Hat, Inc.
[    1.899749] bounce: pool size: 64 pages
[    1.899799] io scheduler noop registered
[    1.899808] io scheduler deadline registered
[    1.899837] io scheduler cfq registered (default)
[    1.963333] pinctrl-single 4a003400.pinmux: 282 pins at pa fc003400 size 1128
[    1.969948] Serial: 8250/16550 driver, 4 ports, IRQ sharing enabled
[    1.974874] 48020000.serial: ttyO2 at MMIO 0x48020000 (irq = 301, base_baud = 3000000) is a OMAP UART2
[    3.151641] console [ttyO2] enabled
[    3.181804] brd: module loaded
[    3.200665] loop: module loaded
[    3.206135] ahci 4a140000.sata: SSS flag set, parallel bus scan disabled
[    3.213199] ahci 4a140000.sata: AHCI 0001.0300 32 slots 1 ports 3 Gbps 0x1 impl platform mode
[    3.222159] ahci 4a140000.sata: flags: 64bit ncq sntf stag pm led clo only pmp pio slum part ccc apst 
[    3.234716] scsi host0: ahci
[    3.238695] ata1: SATA max UDMA/133 mmio [mem 0x4a140000-0x4a1410ff] port 0x100 irq 331
[    3.247864] mtdoops: mtd device (mtddev=name/number) must be supplied
[    3.306670] davinci_mdio 48485000.mdio: davinci mdio revision 1.6
[    3.313045] davinci_mdio 48485000.mdio: detected phy mask fffffff9
[    3.325522] libphy: 48485000.mdio: probed
[    3.329739] davinci_mdio 48485000.mdio: phy[1]: device 48485000.mdio:01, driver unknown
[    3.338125] davinci_mdio 48485000.mdio: phy[2]: device 48485000.mdio:02, driver unknown
[    3.347490] cpsw 48484000.ethernet: Detected MACID = 74:da:ea:08:38:a8
[    3.356186] cpsw 48484000.ethernet: cpsw: Detected MACID = 74:da:ea:08:38:a9
[    3.366433] mousedev: PS/2 mouse device common for all mice
[    3.372283] i2c /dev entries driver
[    3.377874] omap_hsmmc 4809c000.mmc: Got CD GPIO
[    3.437056] ledtrig-cpu: registered to indicate activity on CPUs
[    3.445327] oprofile: using timer interrupt.
[    3.450160] Initializing XFRM netlink socket
[    3.568514] ata1: SATA link down (SStatus 0 SControl 300)
[    3.596701] NET: Registered protocol family 10
[    3.603403] sit: IPv6 over IPv4 tunneling driver
[    3.609813] NET: Registered protocol family 17
[    3.614500] NET: Registered protocol family 15
[    3.619389] Key type dns_resolver registered
[    3.623968] omap_voltage_late_init: Voltage driver support not added
[    3.630646] sr_dev_init: Unable to get voltage domain pointer for VDD core
[    3.637860] sr_dev_init: Unable to get voltage domain pointer for VDD mpu
[    3.645328] Power Management for TI OMAP4+ devices.
[    3.650760] ThumbEE CPU extension supported.
[    3.655250] Registering SWP/SWPB emulation handler
[    3.660289] SmartReflex Class3 initialized
[    3.691261] palmas 0-0058: Irq flag is 0x00000008
[    3.721126] palmas 0-0058: Muxing GPIO 2f, PWM 0, LED 0
[    3.733777] vtt_fixed: supplied by smps3
[    3.777717] vdd_3v3: supplied by regen1
[    3.782173] aic_dvdd_fixed: supplied by vdd_3v3
[    3.797805] omap_i2c 48070000.i2c: bus 0 rev0.12 at 400 kHz
[    3.805581] omap_i2c 48060000.i2c: bus 2 rev0.12 at 400 kHz
[    3.812090] omap_hsmmc 4809c000.mmc: Got CD GPIO
[    3.897655] hctosys: unable to open rtc device (rtc0)
[    3.902947] sr_init: No PMIC hook to init smartreflex
[    3.908469] sr_init: platform driver register failed for SR
[    3.937410] mmc0: host does not support reading read-only switch, assuming write-enable
[    3.951401] mmc0: new high speed SD card at address aaaa
[    3.954941] net eth0: initializing cpsw version 1.15 (0)
[    3.964871] mmcblk0: mmc0:aaaa SU02G 1.84 GiB 
[    3.970528] mmc1: new high speed MMC card at address 0001
[    3.978128] mmcblk1: mmc1:0001 S10004 3.56 GiB 
[    3.983165]  mmcblk0: p1 p2 p3
[    3.987866] mmcblk1boot0: mmc1:0001 S10004 partition 1 4.00 MiB
[    3.996009] mmcblk1boot1: mmc1:0001 S10004 partition 2 4.00 MiB
[    4.003769]  mmcblk1: p1 p2 p3
[    4.040501] Generic PHY 48485000.mdio:01: attached PHY driver [Generic PHY] (mii_bus:phy_addr=48485000.mdio:01, irq=-1)
[    4.059738] IPv6: ADDRCONF(NETDEV_UP): eth0: link is not ready
[    8.043494] cpsw 48484000.ethernet eth0: Link is Up - 1Gbps/Full - flow control rx/tx
[    8.056699] IPv6: ADDRCONF(NETDEV_CHANGE): eth0: link becomes ready
[    8.076653] Sending DHCP requests ., OK
[    8.136653] IP-Config: Got DHCP answer from 192.168.0.1, my address is 192.168.0.180
[    8.145032] IP-Config: Complete:
[    8.148451]      device=eth0, hwaddr=74:da:ea:08:38:a8, ipaddr=192.168.0.180, mask=255.255.255.0, gw=192.168.0.1
[    8.159156]      host=192.168.0.180, domain=ti.com, nis-domain=(none)
[    8.165914]      bootserver=0.0.0.0, rootserver=0.0.0.0, rootpath=     nameserver0=192.0.2.2, nameserver1=192.0.2.3
[    8.177068] aic_dvdd_fixed: disabling
[    8.181557] ldousb: disabling
[    8.247311] EXT4-fs (mmcblk0p2): mounted filesystem with ordered data mode. Opts: (null)
[    8.255878] VFS: Mounted root (ext4 filesystem) on device 179:2.
[    8.274321] devtmpfs: mounted
[    8.278697] Freeing unused kernel memory: 1024K (c0b00000 - c0c00000)
INIT: version 2.88 booting
Error opening /dev/fb0: No such file or directory
Starting udev
[    8.919568] udevd[125]: starting version 182
[   11.705641] FAT-fs (mmcblk1p1): Volume was not properly unmounted. Some data may be corrupt. Please run fsck.
[   11.770815] FAT-fs (mmcblk1p2): Volume was not properly unmounted. Some data may be corrupt. Please run fsck.
[   11.787040] FAT-fs (mmcblk0p3): Volume was not properly unmounted. Some data may be corrupt. Please run fsck.
[   11.819081] FAT-fs (mmcblk0p1): Volume was not properly unmounted. Some data may be corrupt. Please run fsck.
[   12.149156] EXT4-fs (mmcblk0p2): re-mounted. Opts: data=ordered
bootlogd: cannot allocate pseudo tty: No such file or directory
[   12.287847] random: dd urandom read with 68 bits of entropy available
ALSA: Restoring mixer settings...
/usr/sbin/alsactl: load_state:1729: No soundcards found...
hwclock: can't open '/dev/misc/rtc': No such file or directory
Tue Mar 22 21:48:28 UTC 2016
hwclock: can't open '/dev/misc/rtc': No such file or directory
INIT: Entering runlevel: 5
Configuring network interfaces... udhcpc (v1.23.1) started
Sending discover...
Sending select for 192.168.0.148...
Lease of 192.168.0.148 obtained, lease time 3600
/etc/udhcpc.d/50default: Adding DNS 192.0.2.2
/etc/udhcpc.d/50default: Adding DNS 192.0.2.3
done.
Starting system message bus: dbus.
Starting telnet daemon.
Starting rpcbind daemon...done.
starting statd: done
hwclock: can't open '/dev/misc/rtc': No such file or directory
Starting syslogd/klogd: done
Starting thttpd.
Enabling thermal zones...
/etc/rc5.d/S98thermal-zone-init: line 7: /sys/class/thermal/thermal_zone*/mode: No such file or directory
 _____                    _____           _         _   
|  _  |___ ___ ___ ___   |  _  |___ ___  |_|___ ___| |_ 
|     |  _| .'| . | . |  |   __|  _| . | | | -_|  _|  _|
|__|__|_| |__,|_  |___|  |__|  |_| |___|_| |___|___|_|  
              |___|                    |___|            
Arago Project http://arago-project.org am57xx-evm /dev/ttyO2
Arago 2015.12 am57xx-evm /dev/ttyO2
am57xx-evm login: 
- 01:05:16 [INFO] Host: root
- 01:05:16 [INFO] Target: 
root
root@am57xx-evm:~# 
- 01:05:16 [INFO] Sleeping 15 secs to allow systemd to finish starting processes...
- 01:05:31 [INFO] Disconnected serial from am57xx-evm
- 01:05:31 [INFO] Connected to am57xx-evm via serial 
- 01:05:31 [INFO] Host: uname -a
- 01:05:31 [INFO] Target: 
uname -a
Linux am57xx-evm 4.7.0-00002-ga72a3cb02b73 #1 SMP Tue Jul 26 00:09:02 CDT 2016 armv7l GNU/Linux
root@am57xx-evm:~# 
- 01:05:31 [INFO] Host: cat /proc/cmdline
- 01:05:31 [INFO] Target: 
cat /proc/cmdline
console=ttyO2,115200n8  earlyprintk=serial,ttyO2,115200n8 rootwait  ip=:::::eth0:dhcp  root=PARTUUID=00000000-02 rw rootfstype=ext4 rootwait 
root@am57xx-evm:~# 
- 01:05:31 [INFO] Host: uname -a
- 01:05:31 [INFO] Target: 
uname -a
Linux am57xx-evm 4.7.0-00002-ga72a3cb02b73 #1 SMP Tue Jul 26 00:09:02 CDT 2016 armv7l GNU/Linux
root@am57xx-evm:~# 
- 01:05:31 [INFO] Host: cat /proc/mtd
- 01:05:31 [INFO] Target: 
cat /proc/mtd
dev:    size   erasesize  name
root@am57xx-evm:~# 
- 01:05:31 [INFO] Host: cat /proc/diskstats
- 01:05:31 [INFO] Target: 
cat /proc/diskstats
   1       0 ram0 0 0 0 0 0 0 0 0 0 0 0
   1       1 ram1 0 0 0 0 0 0 0 0 0 0 0
   1       2 ram2 0 0 0 0 0 0 0 0 0 0 0
   1       3 ram3 0 0 0 0 0 0 0 0 0 0 0
   1       4 ram4 0 0 0 0 0 0 0 0 0 0 0
   1       5 ram5 0 0 0 0 0 0 0 0 0 0 0
   1       6 ram6 0 0 0 0 0 0 0 0 0 0 0
   1       7 ram7 0 0 0 0 0 0 0 0 0 0 0
   1       8 ram8 0 0 0 0 0 0 0 0 0 0 0
   1       9 ram9 0 0 0 0 0 0 0 0 0 0 0
   1      10 ram10 0 0 0 0 0 0 0 0 0 0 0
   1      11 ram11 0 0 0 0 0 0 0 0 0 0 0
   1      12 ram12 0 0 0 0 0 0 0 0 0 0 0
   1      13 ram13 0 0 0 0 0 0 0 0 0 0 0
   1      14 ram14 0 0 0 0 0 0 0 0 0 0 0
   1      15 ram15 0 0 0 0 0 0 0 0 0 0 0
   7       0 loop0 0 0 0 0 0 0 0 0 0 0 0
   7       1 loop1 0 0 0 0 0 0 0 0 0 0 0
   7       2 loop2 0 0 0 0 0 0 0 0 0 0 0
   7       3 loop3 0 0 0 0 0 0 0 0 0 0 0
   7       4 loop4 0 0 0 0 0 0 0 0 0 0 0
   7       5 loop5 0 0 0 0 0 0 0 0 0 0 0
   7       6 loop6 0 0 0 0 0 0 0 0 0 0 0
   7       7 loop7 0 0 0 0 0 0 0 0 0 0 0
 179       0 mmcblk0 1206 371 27161 2590 25 42 536 710 0 1880 3290
 179       1 mmcblk0p1 99 0 1398 230 0 0 0 0 0 190 230
 179       2 mmcblk0p2 1031 365 24778 2190 25 42 536 710 0 1700 2890
 179       3 mmcblk0p3 59 6 849 150 0 0 0 0 0 140 150
 179       8 mmcblk1 238 14 3486 920 1 0 1 20 0 420 940
 179       9 mmcblk1p1 61 0 859 300 0 0 0 0 0 280 300
 179      10 mmcblk1p2 59 7 858 200 0 0 0 0 0 200 200
 179      11 mmcblk1p3 73 7 977 350 1 0 1 20 0 310 370
 179      24 mmcblk1boot1 27 0 216 180 0 0 0 0 0 180 180
 179      16 mmcblk1boot0 27 0 216 200 0 0 0 0 0 200 200
root@am57xx-evm:~# 
- 01:05:31 [INFO] Host: cat /proc/interrupts
- 01:05:32 [INFO] Target: 
cat /proc/interrupts
           CPU0       CPU1       
 17:          0          0      CBAR  32 Level     gp_timer
 20:       1256       1606     GIC-0  27 Edge      arch_timer
 22:          0          0      CBAR   4 Level     l3-dbg-irq
 23:          0          0     WUGEN  10 Level     l3-app-irq
 29:       2957          0      CBAR   8 Level     omap-dma-engine
 32:          0          0      CBAR 361 Level     43300000.edma_ccint
 34:          0          0      CBAR 359 Level     43300000.edma_ccerrint
 37:          1          0      CBAR  24 Level     4ae10000.gpio
 38:          1          0  4ae10000.gpio   0 Level     palmas
 70:          0          0      CBAR  25 Level     48055000.gpio
103:          0          0      CBAR  26 Level     48057000.gpio
136:          0          0      CBAR  27 Level     48059000.gpio
169:          0          0      CBAR  28 Level     4805b000.gpio
202:          0          0      CBAR  29 Level     4805d000.gpio
230:          0          0  4805d000.gpio  27 Edge      4809c000.mmc cd
235:          0          0      CBAR  30 Level     48051000.gpio
268:          0          0      CBAR 116 Level     48053000.gpio
301:        504          0      CBAR  69 Level     OMAP UART2
327:        402          0      CBAR  51 Level     48070000.i2c
328:          0          0      CBAR  56 Level     48060000.i2c
329:       3741          0      CBAR  78 Level     mmc0
330:       1097          0      CBAR  81 Level     mmc1
331:          0          0      CBAR  49 Level     ahci[4a140000.sata]
338:         12          0      CBAR 335 Level     48484000.ethernet
339:         13          0      CBAR 336 Level     48484000.ethernet
409:          0          0   pinctrl 1016 Edge      48020000.serial
IPI0:          0          1  CPU wakeup interrupts
IPI1:          0          0  Timer broadcast interrupts
IPI2:       1277       2632  Rescheduling interrupts
IPI3:         56         42  Function call interrupts
IPI4:          0          0  CPU stop interrupts
IPI5:          1          0  IRQ work interrupts
IPI6:          0          0  completion interrupts
Err:          0
root@am57xx-evm:~# 
- 01:05:32 [INFO] Host: cat /proc/softirqs
- 01:05:32 [INFO] Target: 
cat /proc/softirqs
                    CPU0       CPU1       
          HI:          0          0
       TIMER:       1219       1606
      NET_TX:          0          5
      NET_RX:         20          9
       BLOCK:          0          0
BLOCK_IOPOLL:          0          0
     TASKLET:       1524          3
       SCHED:        686        813
     HRTIMER:          0          0
         RCU:       2163       1781
root@am57xx-evm:~# 
- 01:05:32 [INFO] Host: export IPERFHOST=192.168.0.1
- 01:05:32 [INFO] Target: 
export IPERFHOST=192.168.0.1
root@am57xx-evm:~# 
- 01:05:32 [INFO] Host: export NFS_SERVER=192.168.0.1
- 01:05:32 [INFO] Target: 
export NFS_SERVER=192.168.0.1
root@am57xx-evm:~# 
- 01:05:32 [INFO] Host: export NFS_ROOT_PATH=/home/tigtfarm03/NFS_exports/am57xx-evm1/
- 01:05:33 [INFO] Target: 
export NFS_ROOT_PATH=/home/tigtfarm03/NFS_exports/am57xx-evm1 
root@am57xx-evm:~# 
- 01:05:33 [INFO] Host: export AP_SSID=
- 01:05:33 [INFO] Target: 
export AP_SSID=
root@am57xx-evm:~# 
- 01:05:33 [INFO] Host: mkdir -p -m 777 /test
- 01:05:33 [INFO] Target: 
mkdir -p -m 777 /test
root@am57xx-evm:~# 
- 01:05:33 [INFO] Host: cd /test
- 01:05:33 [INFO] Target: 
cd /test
root@am57xx-evm:/test# 
- 01:05:33 [INFO] Host: cat > test.sh << EOF
- 01:05:33 [INFO] Target: 
cat > test.sh << EOF
- 01:05:33 [INFO] Host: failtest() {
- 01:05:33 [INFO] Target: 
failtest() {
- 01:05:33 [INFO] Host:   echo 1 >&3
- 01:05:33 [INFO] Target: 
  echo 1 >&3
- 01:05:33 [INFO] Host: }
- 01:05:33 [INFO] Target: 
- 01:05:33 [INFO] Host: timeout=600
- 01:05:33 [INFO] Target: 
timeout=600
- 01:05:33 [INFO] Host: 
- 01:05:33 [INFO] Target: 
- 01:05:33 [INFO] Host: # Start of user's script logic
- 01:05:34 [INFO] Target: 
# Start of user's script logic
- 01:05:34 [INFO] Host: mount -t proc proc /proc 2>/dev/null;
- 01:05:34 [INFO] Target: 
mount -t proc proc /proc 2>/dev/null;
- 01:05:34 [INFO] Host: 
- 01:05:34 [INFO] Target: 
- 01:05:34 [INFO] Host: mount -t sysfs sys /sys 2>/dev/null;
- 01:05:34 [INFO] Target: 
mount -t sysfs sys /sys 2>/dev/null;
- 01:05:34 [INFO] Host: 
- 01:05:34 [INFO] Target: 
- 01:05:34 [INFO] Host: mount -t debugfs none /sys/kernel/debug 2>/dev/null;
- 01:05:34 [INFO] Target: 
mount -t debugfs none /sys/kernel/debug 2>/dev/null;
- 01:05:34 [INFO] Host: 
- 01:05:34 [INFO] Target: 
- 01:05:34 [INFO] Host: echo 'cpuinfo:';cat /proc/cpuinfo; echo '=======';
- 01:05:34 [INFO] Target: 
echo 'cpuinfo:';cat /proc/cpuinfo; echo '=======';
- 01:05:34 [INFO] Host: 
- 01:05:34 [INFO] Target: 
- 01:05:34 [INFO] Host: echo 'soc info:';head /sys/devices/soc0/* 2>/dev/null; echo '=======';
- 01:05:34 [INFO] Target: 
echo 'soc info:';head /sys/devices/soc0/* 2>/dev/null; echo '=======';
- 01:05:34 [INFO] Host: 
- 01:05:35 [INFO] Target: 
- 01:05:35 [INFO] Host: echo 'DT Model info'; head /proc/device-tree/name /proc/device-tree/model /proc/device-tree/compatible 2>/dev/null;echo; echo '=======';
- 01:05:35 [INFO] Target: 
echo 'DT Model info'; head /proc/device-tree/name /proc/device-tree/model /pro 
c/device-tree/compatible 2>/dev/null;echo; echo '=======';
- 01:05:35 [INFO] Host: 
- 01:05:35 [INFO] Target: 
- 01:05:35 [INFO] Host: echo 'interrupts:';cat /proc/interrupts; echo '=======';
- 01:05:35 [INFO] Target: 
echo 'interrupts:';cat /proc/interrupts; echo '=======';
- 01:05:35 [INFO] Host: 
- 01:05:35 [INFO] Target: 
- 01:05:35 [INFO] Host: echo 'Clk_summary:';cat /sys/kernel/debug/clk/clk_summary; echo '=======';
- 01:05:35 [INFO] Target: 
echo 'Clk_summary:';cat /sys/kernel/debug/clk/clk_summary; echo '=======';
- 01:05:35 [INFO] Host: 
- 01:05:35 [INFO] Target: 
- 01:05:35 [INFO] Host: echo "Available frequencies"; cat /sys/devices/system/cpu/cpu0/cpufreq/scaling_available_frequencies 2>/dev/null;echo '=======';
- 01:05:35 [INFO] Target: 
echo "Available frequencies"; cat /sys/devices/system/cpu/cpu0/cpufreq/scaling 
_available_frequencies 2>/dev/null;echo '=======';
- 01:05:35 [INFO] Host: 
- 01:05:35 [INFO] Target: 
- 01:05:35 [INFO] Host: TMPF=/tmp/a.\$\$; TMPF2=/tmp/b.\$\$; STR=""
- 01:05:35 [INFO] Target: 
TMPF=/tmp/a.\$\$; TMPF2=/tmp/b.\$\$; STR=""
- 01:05:35 [INFO] Host: 
- 01:05:36 [INFO] Target: 
- 01:05:36 [INFO] Host: cp /dev/kmsg \$TMPF &
- 01:05:36 [INFO] Target: 
cp /dev/kmsg \$TMPF &
- 01:05:36 [INFO] Host: 
- 01:05:36 [INFO] Target: 
- 01:05:36 [INFO] Host: PID=\$! ; sleep 5; kill -9 \$PID
- 01:05:36 [INFO] Target: 
PID=\$! ; sleep 5; kill -9 \$PID
- 01:05:36 [INFO] Host: 
- 01:05:36 [INFO] Target: 
- 01:05:36 [INFO] Host: 
- 01:05:36 [INFO] Target: 
- 01:05:36 [INFO] Host: 
- 01:05:36 [INFO] Target: 
- 01:05:36 [INFO] Host: cat \$TMPF|grep "^0">\$TMPF2; N=\`cat \$TMPF2|wc -l\`; if [ "\$N" -ne 0 ]; then STR="\$STR emerg=\$N";echo "===== EMERGE++";cat \$TMPF2|cut -d ';' -f2;echo "====="; fi
- 01:05:36 [INFO] Target: 
cat \$TMPF|grep "^0">\$TMPF2; N=\`cat \$TMPF2|wc -l\`; if [ "\$N" -ne 0 ]; the 
n STR="\$STR emerg=\$N";echo "===== EMERGE++";cat \$TMPF2|cut -d ';' -f2;echo "= 
===="; fi
- 01:05:36 [INFO] Host: 
- 01:05:36 [INFO] Target: 
- 01:05:36 [INFO] Host: cat \$TMPF|grep "^1">\$TMPF2; N=\`cat \$TMPF2|wc -l\`; if [ "\$N" -ne 0 ]; then STR="\$STR alert=\$N";echo "===== ALERT ==";cat \$TMPF2|cut -d ';' -f2;echo "====="; fi
- 01:05:36 [INFO] Target: 
cat \$TMPF|grep "^1">\$TMPF2; N=\`cat \$TMPF2|wc -l\`; if [ "\$N" -ne 0 ]; the 
n STR="\$STR alert=\$N";echo "===== ALERT ==";cat \$TMPF2|cut -d ';' -f2;echo "= 
===="; fi
- 01:05:36 [INFO] Host: 
- 01:05:37 [INFO] Target: 
- 01:05:37 [INFO] Host: cat \$TMPF|grep "^2">\$TMPF2; N=\`cat \$TMPF2|wc -l\`; if [ "\$N" -ne 0 ]; then STR="\$STR crit=\$N";echo "===== CRIT ==";cat \$TMPF2|cut -d ';' -f2;echo "====="; fi
- 01:05:37 [INFO] Target: 
cat \$TMPF|grep "^2">\$TMPF2; N=\`cat \$TMPF2|wc -l\`; if [ "\$N" -ne 0 ]; the 
n STR="\$STR crit=\$N";echo "===== CRIT ==";cat \$TMPF2|cut -d ';' -f2;echo "=== 
=="; fi
- 01:05:37 [INFO] Host: 
- 01:05:37 [INFO] Target: 
- 01:05:37 [INFO] Host: cat \$TMPF|grep "^3">\$TMPF2; N=\`cat \$TMPF2|wc -l\`; if [ "\$N" -ne 0 ]; then STR="\$STR err=\$N";echo "===== ERR ==";cat \$TMPF2|cut -d ';' -f2;echo "=====" ;fi
- 01:05:37 [INFO] Target: 
cat \$TMPF|grep "^3">\$TMPF2; N=\`cat \$TMPF2|wc -l\`; if [ "\$N" -ne 0 ]; the 
n STR="\$STR err=\$N";echo "===== ERR ==";cat \$TMPF2|cut -d ';' -f2;echo "===== 
" ;fi
- 01:05:37 [INFO] Host: 
- 01:05:37 [INFO] Target: 
- 01:05:37 [INFO] Host: cat \$TMPF|grep "^4">\$TMPF2; N=\`cat \$TMPF2|wc -l\`; if [ "\$N" -ne 0 ]; then STR="\$STR warn=\$N";echo "===== WARN ==";cat \$TMPF2|cut -d ';' -f2;echo "=====" ;fi
- 01:05:37 [INFO] Target: 
cat \$TMPF|grep "^4">\$TMPF2; N=\`cat \$TMPF2|wc -l\`; if [ "\$N" -ne 0 ]; the 
n STR="\$STR warn=\$N";echo "===== WARN ==";cat \$TMPF2|cut -d ';' -f2;echo "=== 
==" ;fi
- 01:05:37 [INFO] Host: 
- 01:05:37 [INFO] Target: 
- 01:05:37 [INFO] Host: rm \$TMPF \$TMPF2; echo "SUM""MARY RESULT: BOOT:" 'PASS: H''ello World' 'B''oard' "Booted" "Boot Log has::::\$STR:"
- 01:05:37 [INFO] Target: 
rm \$TMPF \$TMPF2; echo "SUM""MARY RESULT: BOOT:" 'PASS: H''ello World' 'B''oa 
rd' "Booted" "Boot Log has::::\$STR:"
- 01:05:37 [INFO] Host: 
- 01:05:37 [INFO] Target: 
- 01:05:37 [INFO] Host: EOF
- 01:05:37 [INFO] Target: 
root@am57xx-evm:/test# 
- 01:05:37 [INFO] Host: cd /test
- 01:05:38 [INFO] Target: 
cd /test
root@am57xx-evm:/test# 
- 01:05:38 [INFO] Host: chmod +x test.sh
- 01:05:38 [INFO] Target: 
chmod +x test.sh
root@am57xx-evm:/test# 
- 01:05:38 [INFO] Host: ./test.sh 2> stderr.log > stdout.log 3> result.log
- 01:05:43 [INFO] Target: 
./test.sh 2> stderr.log > stdout.log 3> result.log
root@am57xx-evm:/test# 
- 01:05:43 [INFO] Host: echo $?
- 01:05:43 [INFO] Target: 
echo $?
root@am57xx-evm:/test# 
- 01:05:43 [INFO] Host: cd /test
- 01:05:43 [INFO] Target: 
cd /test
root@am57xx-evm:/test# 
- 01:05:43 [INFO] Host: cat stdout.log
- 01:05:46 [INFO] Target: 
cat stdout.log
cpuinfo:
processor	: 0
model name	: ARMv7 Processor rev 2 (v7l)
BogoMIPS	: 12.29
Features	: half thumb fastmult vfp edsp thumbee neon vfpv3 tls vfpv4 idiva idivt vfpd32 lpae evtstrm 
CPU implementer	: 0x41
CPU architecture: 7
CPU variant	: 0x2
CPU part	: 0xc0f
CPU revision	: 2
processor	: 1
model name	: ARMv7 Processor rev 2 (v7l)
BogoMIPS	: 12.29
Features	: half thumb fastmult vfp edsp thumbee neon vfpv3 tls vfpv4 idiva idivt vfpd32 lpae evtstrm 
CPU implementer	: 0x41
CPU architecture: 7
CPU variant	: 0x2
CPU part	: 0xc0f
CPU revision	: 2
Hardware	: Generic DRA74X (Flattened Device Tree)
Revision	: 0000
Serial		: 0000000000000000
=======
soc info:
==> /sys/devices/soc0/family <==
DRA7
==> /sys/devices/soc0/machine <==
DRA752
==> /sys/devices/soc0/power <==
==> /sys/devices/soc0/revision <==
ES1.1
==> /sys/devices/soc0/subsystem <==
==> /sys/devices/soc0/type <==
==> /sys/devices/soc0/uevent <==
=======
DT Model info
==> /proc/device-tree/name <==
==> /proc/device-tree/model <==
TI AM5728 BeagleBoard-X15
==> /proc/device-tree/compatible <==
ti,am572x-beagle-x15ti,am5728ti,dra742ti,dra74ti,dra7
=======
interrupts:
           CPU0       CPU1       
 17:          0          0      CBAR  32 Level     gp_timer
 20:       1497       1724     GIC-0  27 Edge      arch_timer
 22:          0          0      CBAR   4 Level     l3-dbg-irq
 23:          0          0     WUGEN  10 Level     l3-app-irq
 29:       2959          0      CBAR   8 Level     omap-dma-engine
 32:          0          0      CBAR 361 Level     43300000.edma_ccint
 34:          0          0      CBAR 359 Level     43300000.edma_ccerrint
 37:          1          0      CBAR  24 Level     4ae10000.gpio
 38:          1          0  4ae10000.gpio   0 Level     palmas
 70:          0          0      CBAR  25 Level     48055000.gpio
103:          0          0      CBAR  26 Level     48057000.gpio
136:          0          0      CBAR  27 Level     48059000.gpio
169:          0          0      CBAR  28 Level     4805b000.gpio
202:          0          0      CBAR  29 Level     4805d000.gpio
230:          0          0  4805d000.gpio  27 Edge      4809c000.mmc cd
235:          0          0      CBAR  30 Level     48051000.gpio
268:          0          0      CBAR 116 Level     48053000.gpio
301:       6900          0      CBAR  69 Level     OMAP UART2
327:        402          0      CBAR  51 Level     48070000.i2c
328:          0          0      CBAR  56 Level     48060000.i2c
329:       3749          0      CBAR  78 Level     mmc0
330:       1097          0      CBAR  81 Level     mmc1
331:          0          0      CBAR  49 Level     ahci[4a140000.sata]
338:         12          0      CBAR 335 Level     48484000.ethernet
339:         13          0      CBAR 336 Level     48484000.ethernet
409:          0          0   pinctrl 1016 Edge      48020000.serial
IPI0:          0          1  CPU wakeup interrupts
IPI1:          0          0  Timer broadcast interrupts
IPI2:       1307       7662  Rescheduling interrupts
IPI3:         56         42  Function call interrupts
IPI4:          0          0  CPU stop interrupts
IPI5:          1          0  IRQ work interrupts
IPI6:          0          0  completion interrupts
Err:          0
=======
Clk_summary:
   clock                         enable_cnt  prepare_cnt        rate   accuracy   phase
----------------------------------------------------------------------------------------
 dummy_ck                                 0            0           0          0 0  
 video2_m2_clkin_ck                       0            0           0          0 0  
    video2_dclk_div                       0            0           0          0 0  
 video2_clkin_ck                          0            0           0          0 0  
    video2_div_clk                        0            0           0          0 0  
    video2_clk2_div                       0            0           0          0 0  
 video1_m2_clkin_ck                       0            0           0          0 0  
    video1_dclk_div                       0            0           0          0 0  
 video1_clkin_ck                          0            0           0          0 0  
    video1_div_clk                        0            0           0          0 0  
    video1_clk2_div                       0            0           0          0 0  
 usb_otg_clkin_ck                         0            0           0          0 0  
    usb_otg_dclk_div                      0            0           0          0 0  
 sys_clkin2                               0            0    22579200          0 0  
    sys_clk2_dclk_div                     0            0    22579200          0 0  
 virt_38400000_ck                         0            0    38400000          0 0  
 virt_27000000_ck                         0            0    27000000          0 0  
 virt_26000000_ck                         0            0    26000000          0 0  
 virt_20000000_ck                         1            1    20000000          0 0  
    sys_clkin1                            7           15    20000000          0 0  
       wkupaon_iclk_mux                  11           13    20000000          0 0  
          l3instr_ts_gclk_div             0            0      625000          0 0  
       dpll_usb_ck                        0            1   960000000          0 0  
          dpll_usb_clkdcoldo              0            1   960000000          0 0  
             l3init_960m_gfclk            0            2   960000000          0 0  
                usb_otg_ss2_refclk960m           0            1   960000000          0 0  
                usb_otg_ss1_refclk960m           0            1   960000000          0 0  
          dpll_usb_m2_ck                  0            0   480000000          0 0  
             l3init_480m_dclk_div           0            0   480000000          0 0  
             l3init_60m_fclk              0            0    60000000          0 0  
       dpll_usb_byp_mux                   0            0    20000000          0 0  
       dpll_per_ck                        1            1   384000000          0 0  
          dpll_per_x2_ck                  1            3   768000000          0 0  
             dpll_per_m2x2_ck             1            5   192000000          0 0  
                mmc2_fclk_mux             0            1   192000000          0 0  
                   mmc2_fclk_div           0            1   192000000          0 0  
                mmc1_fclk_mux             0            1   192000000          0 0  
                   mmc1_fclk_div           0            1   192000000          0 0  
                func_96m_fclk             0            5    96000000          0 0  
                func_48m_fclk             2           18    48000000          0 0  
                   uart6_gfclk_mux           0            1    48000000          0 0  
                   uart10_gfclk_mux           0            1    48000000          0 0  
                   uart9_gfclk_mux           0            1    48000000          0 0  
                   uart8_gfclk_mux           0            1    48000000          0 0  
                   uart7_gfclk_mux           0            1    48000000          0 0  
                   uart5_gfclk_mux           0            1    48000000          0 0  
                   uart4_gfclk_mux           0            1    48000000          0 0  
                   uart3_gfclk_mux           1            1    48000000          0 0  
                   uart2_gfclk_mux           0            1    48000000          0 0  
                   uart1_gfclk_mux           0            1    48000000          0 0  
                   mmc4_gfclk_mux           0            1    48000000          0 0  
                      mmc4_gfclk_div           0            1    48000000          0 0  
                   mmc3_gfclk_mux           0            1    48000000          0 0  
                      mmc3_gfclk_div           0            1    48000000          0 0  
                   dss_48mhz_clk           0            2    48000000          0 0  
                func_12m_fclk             0            1    12000000          0 0  
             dpll_per_h14x2_ck            0            0   384000000          0 0  
             dpll_per_h13x2_ck            0            0   192000000          0 0  
             dpll_per_h12x2_ck            0            1   192000000          0 0  
                dss_dss_clk               0            3   192000000          0 0  
             dpll_per_h11x2_ck            0            1   256000000          0 0  
                func_128m_clk             0            1   128000000          0 0  
                   qspi_gfclk_mux           0            1   128000000          0 0  
                      qspi_gfclk_div           0            1   128000000          0 0  
          dpll_per_m2_ck                  0            0    96000000          0 0  
             func_24m_clk                 0            0    24000000          0 0  
             func_96m_aon_dclk_div           0            0    96000000          0 0  
       dpll_per_byp_mux                   0            0    20000000          0 0  
       dpll_eve_byp_mux                   0            0    20000000          0 0  
          dpll_eve_ck                     0            0    20000000          0 0  
             dpll_eve_m2_ck               0            0    20000000          0 0  
                eve_clk                   0            0    20000000          0 0  
                eve_dclk_div              0            0    20000000          0 0  
       dpll_gmac_ck                       4            4  1000000000          0 0  
          dpll_gmac_x2_ck                 0            0  2000000000          0 0  
             dpll_gmac_m3x2_ck            0            0   200000000          0 0  
             dpll_gmac_h13x2_ck           0            0   200000000          0 0  
             dpll_gmac_h12x2_ck           0            0   250000000          0 0  
             dpll_gmac_h11x2_ck           0            0    50000000          0 0  
                gmii_m_clk_div            0            0    25000000          0 0  
          dpll_gmac_m2_ck                 1            1   250000000          0 0  
             gmac_250m_dclk_div           0            0   250000000          0 0  
             gmac_gmii_ref_clk_div           1            1   125000000          0 0  
       dpll_gmac_byp_mux                  0            0    20000000          0 0  
       dpll_ddr_ck                        0            0  1064000000          0 0  
          dpll_ddr_x2_ck                  0            0  2128000000          0 0  
             dpll_ddr_h11x2_ck            0            0   266000000          0 0  
          dpll_ddr_m2_ck                  0            0   532000000          0 0  
             emif_phy_dclk_div            0            0   532000000          0 0  
       dpll_ddr_byp_mux                   0            0    20000000          0 0  
       dpll_gpu_ck                        0            0  1064000000          0 0  
          dpll_gpu_m2_ck                  0            0   532000000          0 0  
             gpu_dclk                     0            0   532000000          0 0  
       dpll_gpu_byp_mux                   0            0    20000000          0 0  
       dpll_iva_ck                        0            0  1064000000          0 0  
          dpll_iva_m2_ck                  0            0   532000000          0 0  
             iva_dclk                     0            0   532000000          0 0  
       dpll_iva_byp_mux                   0            0    20000000          0 0  
       dpll_dsp_ck                        0            0   750000000          0 0  
          dpll_dsp_x2_ck                  0            0  1500000000          0 0  
             dpll_dsp_m3x2_ck             0            0   500000000          0 0  
          dpll_dsp_m2_ck                  0            0   750000000          0 0  
             dsp_gclk_div                 0            0   750000000          0 0  
       dpll_dsp_byp_mux                   0            0    20000000          0 0  
       dpll_mpu_ck                        1            1  1000000000          0 0  
          dpll_mpu_m2_ck                  1            1  1000000000          0 0  
             mpu_dclk_div                 0            0  1000000000          0 0  
       dpll_core_ck                       1            1  1064000000          0 0  
          dpll_core_m2_ck                 0            0   532000000          0 0  
             core_dpll_out_dclk_div           0            0   532000000          0 0  
          dpll_core_x2_ck                 2            3  2128000000          0 0  
             dpll_core_h24x2_ck           0            1   354666667          0 0  
             dpll_core_h23x2_ck           0            0   532000000          0 0  
             dpll_core_h22x2_ck           0            0   425600000          0 0  
             dpll_core_h14x2_ck           0            0   425600000          0 0  
                gpu_hyd_gclk_mux           0            0   425600000          0 0  
                gpu_core_gclk_mux           0            0   425600000          0 0  
             dpll_core_h13x2_ck           4            8    34322581          0 0  
             dpll_core_h12x2_ck           1            1   532000000          0 0  
                l3_iclk_div              99          111   266000000          0 0  
                   dss_deshdcp_clk           1            2   266000000          0 0  
                   vip3_gclk_mux           0            0   266000000          0 0  
                   vip2_gclk_mux           0            0   266000000          0 0  
                   vip1_gclk_mux           0            0   266000000          0 0  
                   gmac_rft_clk_mux           0            0   266000000          0 0  
                   atl_gfclk_mux           0            1   266000000          0 0  
                      atl_clkin3_ck           0            0   266000000          0 0  
                      atl_clkin2_ck           0            0   266000000          0 0  
                      atl_clkin1_ck           0            0   266000000          0 0  
                      atl_clkin0_ck           0            0   266000000          0 0  
                   l4_root_clk_div          16           19   133000000          0 0  
                      ehrpwm2_tbclk           0            0   133000000          0 0  
                      ehrpwm1_tbclk           0            0   133000000          0 0  
                      ehrpwm0_tbclk           0            0   133000000          0 0  
                eve_dpll_hs_clk_div           0            0   532000000          0 0  
                iva_dpll_hs_clk_div           0            0   532000000          0 0  
                dsp_dpll_hs_clk_div           0            0   532000000          0 0  
                mpu_dpll_hs_clk_div           0            0   532000000          0 0  
       dpll_core_byp_mux                  0            0    20000000          0 0  
       adc_gfclk_mux                      0            0    20000000          0 0  
       sata_ref_clk                       3            3    20000000          0 0  
       dpll_pcie_ref_ck                   0            0  1500000000          0 0  
          dpll_pcie_ref_m2_ck             0            0  1500000000          0 0  
             pcie2_dclk_div               0            0  1500000000          0 0  
          dpll_pcie_ref_m2ldo_ck           0            0   100000000          0 0  
             apll_pcie_in_clk_mux           0            0   100000000          0 0  
                apll_pcie_ck              0            0   100000000          0 0  
                   apll_pcie_m2_ck           0            0   100000000          0 0  
                      pcie_dclk_div           0            0   100000000          0 0  
                   apll_pcie_clkvcoldo_div           0            0   100000000          0 0  
                   apll_pcie_clkvcoldo           0            0   100000000          0 0  
                   optfclk_pciephy2_clk           0            0   100000000          0 0  
                   optfclk_pciephy1_clk           0            0   100000000          0 0  
                   optfclk_pciephy_div           0            0   100000000          0 0  
                      optfclk_pciephy2_div_clk           0            0   100000000          0 0  
                      optfclk_pciephy1_div_clk           0            0   100000000          0 0  
       sys_clk32_pseudo_ck                1            1       32786          0 0  
          sys_32k_ck                      1           16       32786          0 0  
             timer1_gfclk_mux             1            1       32786          0 0  
             gpio1_dbclk                  0            2       32786          0 0  
             atl_dpll_clk_mux             0            0       32786          0 0  
             usb_phy3_always_on_clk32k           0            0       32786          0 0  
             usb_phy2_always_on_clk32k           0            0       32786          0 0  
             usb_phy1_always_on_clk32k           0            0       32786          0 0  
             mmc4_clk32k                  0            1       32786          0 0  
             mmc3_clk32k                  0            1       32786          0 0  
             mmc2_clk32k                  0            1       32786          0 0  
             mmc1_clk32k                  0            1       32786          0 0  
             gpio8_dbclk                  0            2       32786          0 0  
             gpio7_dbclk                  0            2       32786          0 0  
             gpio6_dbclk                  0            2       32786          0 0  
             gpio5_dbclk                  0            2       32786          0 0  
             gpio4_dbclk                  0            2       32786          0 0  
             gpio3_dbclk                  0            2       32786          0 0  
             gpio2_dbclk                  0            2       32786          0 0  
             dss_32khz_clk                0            1       32786          0 0  
             optfclk_pciephy2_32khz           0            0       32786          0 0  
             optfclk_pciephy1_32khz           0            0       32786          0 0  
       dcan1_sys_clk_mux                  0            1    20000000          0 0  
       video2_dpll_clk_mux                0            1    20000000          0 0  
          dss_video2_clk                  0            1    20000000          0 0  
       video1_dpll_clk_mux                0            1    20000000          0 0  
          dss_video1_clk                  0            1    20000000          0 0  
       timer_sys_clk_div                  0           14    20000000          0 0  
          timer9_gfclk_mux                0            1    20000000          0 0  
          timer4_gfclk_mux                0            1    20000000          0 0  
          timer3_gfclk_mux                0            1    20000000          0 0  
          timer2_gfclk_mux                0            1    20000000          0 0  
          timer16_gfclk_mux               0            1    20000000          0 0  
          timer15_gfclk_mux               0            1    20000000          0 0  
          timer14_gfclk_mux               0            1    20000000          0 0  
          timer13_gfclk_mux               0            1    20000000          0 0  
          timer11_gfclk_mux               0            1    20000000          0 0  
          timer10_gfclk_mux               0            1    20000000          0 0  
          timer8_gfclk_mux                0            1    20000000          0 0  
          timer7_gfclk_mux                0            1    20000000          0 0  
          timer6_gfclk_mux                0            1    20000000          0 0  
          timer5_gfclk_mux                0            1    20000000          0 0  
       hdmi_dpll_clk_mux                  0            1    20000000          0 0  
          dss_hdmi_clk                    0            2    20000000          0 0  
       custefuse_sys_gfclk_div            0            0    10000000          0 0  
       emu_dclk_div                       0            0    20000000          0 0  
       sata_dclk_div                      0            0    20000000          0 0  
       sys_clk1_dclk_div                  0            0    20000000          0 0  
          clkoutmux2_clk_mux              0            0    20000000          0 0  
             clkout2_clk                  0            0    20000000          0 0  
          clkoutmux1_clk_mux              0            0    20000000          0 0  
          clkoutmux0_clk_mux              0            0    20000000          0 0  
       abe_sys_clk_div                    0            0    20000000          0 0  
       abe_dpll_sys_clk_mux               0            1    20000000          0 0  
          abe_dpll_clk_mux                0            0    20000000          0 0  
          abe_dpll_bypass_clk_mux           0            1    20000000          0 0  
             dpll_abe_ck                  0            2    20000000          0 0  
                dpll_abe_m2_ck            0            1    20000000          0 0  
                   per_abe_x1_gfclk2_div           0            8    20000000          0 0  
                      mcasp8_aux_gfclk_mux           0            1    20000000          0 0  
                      mcasp7_aux_gfclk_mux           0            1    20000000          0 0  
                      mcasp6_aux_gfclk_mux           0            1    20000000          0 0  
                      mcasp5_aux_gfclk_mux           0            1    20000000          0 0  
                      mcasp4_aux_gfclk_mux           0            1    20000000          0 0  
                      mcasp3_aux_gfclk_mux           0            1    20000000          0 0  
                      mcasp2_aux_gfclk_mux           0            1    20000000          0 0  
                      mcasp1_aux_gfclk_mux           0            1    20000000          0 0  
                   per_abe_x1_dclk_div           0            0    20000000          0 0  
                dpll_abe_x2_ck            0            1    20000000          0 0  
                   dpll_abe_m3x2_ck           0            0    20000000          0 0  
                      usb_dpll_hs_clk_div           0            0     6666666          0 0  
                      per_dpll_hs_clk_div           0            0    10000000          0 0  
                   dpll_abe_m2x2_ck           0            1    20000000          0 0  
                      abe_lp_clk_div           0            0     1250000          0 0  
                      abe_24m_fclk           0           10     2500000          0 0  
                         mcasp8_ahclkx_mux           0            1     2500000          0 0  
                         mcasp7_ahclkx_mux           0            1     2500000          0 0  
                         mcasp6_ahclkx_mux           0            1     2500000          0 0  
                         mcasp5_ahclkx_mux           0            1     2500000          0 0  
                         mcasp4_ahclkx_mux           0            1     2500000          0 0  
                         mcasp3_ahclkx_mux           0            1     2500000          0 0  
                         mcasp2_ahclkx_mux           0            1     2500000          0 0  
                         mcasp2_ahclkr_mux           0            1     2500000          0 0  
                         mcasp1_ahclkx_mux           0            1     2500000          0 0  
                         mcasp1_ahclkr_mux           0            1     2500000          0 0  
                      ipu1_gfclk_mux           0            0    20000000          0 0  
                      abe_clk             0            0    20000000          0 0  
                         aess_fclk           0            0    20000000          0 0  
                            abe_giclk_div           0            0    20000000          0 0  
 virt_19200000_ck                         0            0    19200000          0 0  
 virt_16800000_ck                         0            0    16800000          0 0  
 virt_13000000_ck                         0            0    13000000          0 0  
 virt_12000000_ck                         0            0    12000000          0 0  
 sys_clk32_crystal_ck                     0            0       32768          0 0  
 secure_32k_clk_src_ck                    0            1       32768          0 0  
    secure_32k_dclk_div                   0            0       32768          0 0  
 sdvenc_clkin_ck                          0            0           0          0 0  
 rmii_clk_ck                              0            0           0          0 0  
 ref_clkin3_ck                            0            0           0          0 0  
 ref_clkin2_ck                            0            0           0          0 0  
 ref_clkin1_ck                            0            0           0          0 0  
 ref_clkin0_ck                            0            0           0          0 0  
 pciesref_acs_clk_ck                      0            0   100000000          0 0  
 mlbp_clkin_ck                            0            0           0          0 0  
    mlbp_clk                              0            0           0          0 0  
 mlb_clkin_ck                             0            0           0          0 0  
    mlb_clk                               0            0           0          0 0  
 hdmi_clkin_ck                            0            0           0          0 0  
    hdmi_div_clk                          0            0           0          0 0  
    hdmi_clk2_div                         0            0           0          0 0  
    hdmi_dclk_div                         0            0           0          0 0  
=======
Available frequencies
=======
===== ERR ==
/cpus/cpu@0 missing clock-frequency property
/cpus/cpu@1 missing clock-frequency property
omap_hwmod: epwmss0: no dt node
omap_hwmod: epwmss1: no dt node
omap_hwmod: epwmss2: no dt node
mtdoops: mtd device (mtddev=name/number) must be supplied
omap_voltage_late_init: Voltage driver support not added
sr_dev_init: Unable to get voltage domain pointer for VDD core
sr_dev_init: Unable to get voltage domain pointer for VDD mpu
sr_init: platform driver register failed for SR
udevd[125]: starting version 182
=====
===== WARN ==
Lock dependency validator: Copyright (c) 2006 Red Hat, Inc., Ingo Molnar
... MAX_LOCKDEP_SUBCLASSES:  8
... MAX_LOCK_DEPTH:          48
... MAX_LOCKDEP_KEYS:        8191
... CLASSHASH_SIZE:          4096
... MAX_LOCKDEP_ENTRIES:     32768
... MAX_LOCKDEP_CHAINS:      65536
... CHAINHASH_SIZE:          32768
 memory used by lock dependency info: 5167 kB
 per task-struct memory footprint: 1536 bytes
omap_hwmod: l3_main_2 using broken dt data from ocp
------------[ cut here ]------------
WARNING: CPU: 0 PID: 1 at arch/arm/mach-omap2/omap_hwmod.c:2497 _init+0x1d0/0x41c
omap_hwmod: epwmss0: doesn't have mpu register target base
Modules linked in:
CPU: 0 PID: 1 Comm: swapper/0 Not tainted 4.7.0-00002-ga72a3cb02b73 #1
Hardware name: Generic DRA74X (Flattened Device Tree)
[<c011005c>] (unwind_backtrace) from [<c010c250>] (show_stack+0x10/0x14)
[<c010c250>] (show_stack) from [<c047f49c>] (dump_stack+0xb0/0xe4)
[<c047f49c>] (dump_stack) from [<c0137404>] (__warn+0xd4/0x100)
[<c0137404>] (__warn) from [<c0137464>] (warn_slowpath_fmt+0x34/0x44)
[<c0137464>] (warn_slowpath_fmt) from [<c0b0e97c>] (_init+0x1d0/0x41c)
[<c0b0e97c>] (_init) from [<c01218f0>] (omap_hwmod_for_each+0x34/0x60)
[<c01218f0>] (omap_hwmod_for_each) from [<c0b0ef00>] (__omap_hwmod_setup_all+0x24/0x40)
[<c0b0ef00>] (__omap_hwmod_setup_all) from [<c010185c>] (do_one_initcall+0x3c/0x174)
[<c010185c>] (do_one_initcall) from [<c0b00e8c>] (kernel_init_freeable+0x210/0x2e0)
[<c0b00e8c>] (kernel_init_freeable) from [<c07a9418>] (kernel_init+0x8/0x118)
[<c07a9418>] (kernel_init) from [<c01078d0>] (ret_from_fork+0x14/0x24)
---[ end trace 1a9948dcc9007111 ]---
------------[ cut here ]------------
WARNING: CPU: 0 PID: 1 at arch/arm/mach-omap2/omap_hwmod.c:2497 _init+0x1d0/0x41c
omap_hwmod: epwmss1: doesn't have mpu register target base
Modules linked in:
CPU: 0 PID: 1 Comm: swapper/0 Tainted: G        W       4.7.0-00002-ga72a3cb02b73 #1
Hardware name: Generic DRA74X (Flattened Device Tree)
[<c011005c>] (unwind_backtrace) from [<c010c250>] (show_stack+0x10/0x14)
[<c010c250>] (show_stack) from [<c047f49c>] (dump_stack+0xb0/0xe4)
[<c047f49c>] (dump_stack) from [<c0137404>] (__warn+0xd4/0x100)
[<c0137404>] (__warn) from [<c0137464>] (warn_slowpath_fmt+0x34/0x44)
[<c0137464>] (warn_slowpath_fmt) from [<c0b0e97c>] (_init+0x1d0/0x41c)
[<c0b0e97c>] (_init) from [<c01218f0>] (omap_hwmod_for_each+0x34/0x60)
[<c01218f0>] (omap_hwmod_for_each) from [<c0b0ef00>] (__omap_hwmod_setup_all+0x24/0x40)
[<c0b0ef00>] (__omap_hwmod_setup_all) from [<c010185c>] (do_one_initcall+0x3c/0x174)
[<c010185c>] (do_one_initcall) from [<c0b00e8c>] (kernel_init_freeable+0x210/0x2e0)
[<c0b00e8c>] (kernel_init_freeable) from [<c07a9418>] (kernel_init+0x8/0x118)
[<c07a9418>] (kernel_init) from [<c01078d0>] (ret_from_fork+0x14/0x24)
---[ end trace 1a9948dcc9007112 ]---
------------[ cut here ]------------
WARNING: CPU: 0 PID: 1 at arch/arm/mach-omap2/omap_hwmod.c:2497 _init+0x1d0/0x41c
omap_hwmod: epwmss2: doesn't have mpu register target base
Modules linked in:
CPU: 0 PID: 1 Comm: swapper/0 Tainted: G        W       4.7.0-00002-ga72a3cb02b73 #1
Hardware name: Generic DRA74X (Flattened Device Tree)
[<c011005c>] (unwind_backtrace) from [<c010c250>] (show_stack+0x10/0x14)
[<c010c250>] (show_stack) from [<c047f49c>] (dump_stack+0xb0/0xe4)
[<c047f49c>] (dump_stack) from [<c0137404>] (__warn+0xd4/0x100)
[<c0137404>] (__warn) from [<c0137464>] (warn_slowpath_fmt+0x34/0x44)
[<c0137464>] (warn_slowpath_fmt) from [<c0b0e97c>] (_init+0x1d0/0x41c)
[<c0b0e97c>] (_init) from [<c01218f0>] (omap_hwmod_for_each+0x34/0x60)
[<c01218f0>] (omap_hwmod_for_each) from [<c0b0ef00>] (__omap_hwmod_setup_all+0x24/0x40)
[<c0b0ef00>] (__omap_hwmod_setup_all) from [<c010185c>] (do_one_initcall+0x3c/0x174)
[<c010185c>] (do_one_initcall) from [<c0b00e8c>] (kernel_init_freeable+0x210/0x2e0)
[<c0b00e8c>] (kernel_init_freeable) from [<c07a9418>] (kernel_init+0x8/0x118)
[<c07a9418>] (kernel_init) from [<c01078d0>] (ret_from_fork+0x14/0x24)
---[ end trace 1a9948dcc9007113 ]---
irq: no irq domain found for /ocp/l4@4a000000/scm@2000/pinmux@1400 !
omap4_sram_init:Unable to allocate sram needed to handle errata I688
omap4_sram_init:Unable to get sram pool needed to handle errata I688
sr_init: No PMIC hook to init smartreflex
mmc0: host does not support reading read-only switch, assuming write-enable
FAT-fs (mmcblk1p1): Volume was not properly unmounted. Some data may be corrupt. Please run fsck.
FAT-fs (mmcblk1p2): Volume was not properly unmounted. Some data may be corrupt. Please run fsck.
FAT-fs (mmcblk0p3): Volume was not properly unmounted. Some data may be corrupt. Please run fsck.
FAT-fs (mmcblk0p1): Volume was not properly unmounted. Some data may be corrupt. Please run fsck.
=====
SUMMARY RESULT: BOOT: PASS: Hello World Board Booted Boot Log has:::: err=11 warn=74:
- 01:05:46 [INFO] Host: cat stderr.log
- 01:05:46 [INFO] Target: 
root@am57xx-evm:/test# cat stderr.log
./test.sh: line 33:   886 Killed                  cp /dev/kmsg $TMPF
root@am57xx-evm:/test# 
- 01:05:46 [INFO] Host: cat result.log
- 01:05:48 [ERROR] On command: cat result.log waiting for cat result.log.+?(?m-ix:^1[\0\n\r]+) >>> error: execution expired
- 01:05:48 [INFO] Target: 
cat result.log
root@am57xx-evm:/test# 
- 01:05:48 [INFO] Host: cd /test
- 01:05:48 [INFO] Target: 
cd /test
root@am57xx-evm:/test# 
URL:gtsystest.telogy.design.ti.com/vatf/tigtfarm03/tigtfarm03_vatf@am57xx-evm1/tigtfarm0307_26_2016_01_04_33/files/session_iteration_1/test_1
