- 06:37:45 [INFO] Starting target session
- 06:37:45 [INFO] Connected to am57xx-evm via serial 
- 06:37:45 [INFO] Host: #check prompt
- 06:37:48 [ERROR] On command: #check prompt waiting for #check prompt.+?(?-mix:((?-mix:login:)|[Pp]assword)) >>> error: execution expired
- 06:37:48 [INFO] Target: 
#check prompt
root@am57xx-evm:/test# 
- 06:37:48 [INFO] Host: #check prompt
- 06:37:48 [INFO] Target: 
#check prompt
root@am57xx-evm:/test# 
- 06:37:48 [INFO] Host: sync;poweroff
- 06:38:02 [INFO] Target: 
sync;poweroff
Broadcast message from root@am57xx-evm (ttyS2) (Thu May  7 01:13:05 2015):
The system is going down for system halt NOW!
root@am57xx-evm:/test# 14.38-g27989b8 #2 SMP Thu Apr 16 02:35:02 EDT 2015 armv7l GNU/Linux
root@am57xx-evm:~# cat /proc/cmdline
console=ttyO2,115200n8 earlyprintk rootwait ip=:::::eth0:dhcp root=/dev/ram0 rw ramdisk_size=80000
root@am57xx-evm:~# uname -a
Linux am57xx-evm 3.14.38-g27989b8 #2 SMP Thu Apr 16 02:35:02 EDT 2015 armv7l GNU/Linux
root@am57xx-evm:~# cat /proc/mtd
dev:    size   erasesize  name
root@am57xx-evm:~# export IPERFHOST=192.168.0.1
root@am57xx-evm:~# export NFS_SERVER=192.168.0.1
root@am57xx-evm:~# export NFS_ROOT_PATH=/home/tigtfarm03/NFS_exports/am57xx-evm1
root@am57xx-evm:~# mkdir -p -m 777 /test
root@am57xx-evm:~# cd /test
root@am57xx-evm:/test# cat > test.sh << EOF
> failtest() {
>   echo 1 >&3
> timeout=600
> # Start of user's script logic
> uname -a
> EOF
root@am57xx-evm:/test# cd /test
root@am57xx-evm:/test# chmod +x test.sh
root@am57xx-evm:/test# ./test.sh 2> stderr.log > stdout.log 3> result.log
root@am57xx-evm:/test# echo $?
root@am57xx-evm:/test# cd /test
root@am57xx-evm:/test# cat stdout.log
Linux am57xx-evm 3.14.38-g27989b8 #2 SMP Thu Apr 16 02:35:02 EDT 2015 armv7l GNU/Linux
root@am57xx-evm:/test# cat stderr.log
root@am57xx-evm:/test# cat result.log
root@am57xx-evm:/test# cd /test
root@am57xx-evm:/test# #check prompt
root@am57xx-evm:/test# #check prompt
root@am57xx-evm:/test# sync;poweroff
Broadcast message from root@am57xx-evm (ttyS2) (Thu May  7 01:13:05 2015):
The system is going down for system halt NOW!
root@am57xx-evm:/test# 
INIT: Switching to runlevel: 0
INIT: Sending processes the TERM signal
INIStopping syslogd/klogd: stopped syslogd (pid 1686)
stopped klogd (pid 1689)
done
Deconfiguring network interfaces... done.
Sending all processes the TERM signal...
Sending all processes the KILL signal...
Unmounting remote filesystems...
Deactivating swap...
Unmounting local filesystems...
[ 6451.801912] sd 0:0:0:0: [sda] Synchronizing SCSI cache
[ 6451.810680] sd 0:0:0:0: [sda] Stopping disk
[ 6451.863782] reboot: Power down
- 06:38:02 [INFO] Disconnected serial from am57xx-evm
- 06:38:07 [INFO] Connected to am57xx-evm via serial 
- 06:38:07 [INFO] Host: 
- 06:38:08 [INFO] Target: 
reading uboot.env
Target spinup took 0 ms.
AHCI 0001.0300 32 slots 1 ports 3 Gbps 0x1 impl SATA mode
flags: 64bit ncq stag pm led clo only pmp pio slum part ccc apst 
SCSI:  Target spinup took 0 ms.
AHCI 0001.0300 32 slots 1 ports 3 Gbps 0x1 impl SATA mode
flags: 64bit ncq stag pm led clo only pmp pio slum part ccc apst 
scanning bus for devices...
  Device 0: (0:0) Vendor: ATA Prod.: KINGSTON SMS200S Rev: 541A
            Type: Hard Disk
            Capacity: 28626.1 MB = 27.9 GB (58626288 x 512)
Found 1 device(s).
Net:   <ethaddr> not set. Validating first E-fuse MAC
cpsw
Hit any key to stop autoboot:  1  0 
U-Boot# 
U-Boot# 
U-Boot# 
U-Boot# 
U-Boot# 
U-Boot# 
U-Boot# 
U-Boot# 
U-Boot# 
U-Boot# 
- 06:38:08 [INFO] Host: 
- 06:38:08 [INFO] Target: 
U-Boot# 
U-Boot# 
- 06:38:08 [INFO] Host: version
- 06:38:08 [INFO] Target: 
version
U-Boot 2015.07 (Aug 07 2015 - 03:51:17 -0400)
arm-linux-gnueabihf-gcc (Linaro GCC 4.9-2015.01-3) 4.9.3 20150113 (prerelease)
GNU ld (GNU Binutils) Linaro 2014.11-3-git 2.24.0.20141017
U-Boot# 
- 06:38:08 [INFO] Host: setenv bootargs 'console=ttyO2,115200n8  earlyprintk rootwait '
- 06:38:09 [INFO] Target: 
setenv bootargs 'console=ttyO2,115200n8  earlyprintk rootwait '
U-Boot# 
- 06:38:09 [INFO] Host: setenv bootcmd  ''
- 06:38:09 [INFO] Target: 
setenv bootcmd  ''
U-Boot# 
- 06:38:09 [INFO] Host: setenv autoload 'no'
- 06:38:09 [INFO] Target: 
setenv autoload 'no'
U-Boot# 
- 06:38:09 [INFO] Host: setenv serverip '192.168.0.1'
- 06:38:09 [INFO] Target: 
setenv serverip '192.168.0.1'
U-Boot# 
- 06:38:09 [INFO] Host: printenv
- 06:38:09 [INFO] Target: 
printenv
arch=arm
autoload=no
baudrate=115200
board=beagle_x15
board_name=beagle_x15
bootargs=console=ttyO2,115200n8  earlyprintk rootwait 
bootcmd=
bootdelay=1
bootdir=/boot
bootenv=uEnv.txt
bootfile=zImage
bootm_size=0x10000000
bootpart=0:2
bootscript=echo Running bootscript from mmc${mmcdev} ...; source ${loadaddr}
console=ttyO2,115200n8
cpu=armv7
dfu_alt_info_emmc=rawemmc raw 0 3751936;boot part 1 1;rootfs part 1 2;MLO fat 1 1;MLO.raw raw 0x100 0x100;u-boot.img.raw raw 0x300 0x400;spl-os-args.raw raw 0x80 0x80;spl-os-image.raw raw 0x900 0x2000;spl-os-args fat 1 1;spl-os-image fat 1 1;u-boot.img fat 1 1;uEnv.txt fat 1 1
dfu_alt_info_mmc=boot part 0 1;rootfs part 0 2;MLO fat 0 1;MLO.raw raw 0x100 0x100;u-boot.img.raw raw 0x300 0x400;spl-os-args.raw raw 0x80 0x80;spl-os-image.raw raw 0x900 0x2000;spl-os-args fat 0 1;spl-os-image fat 0 1;u-boot.img fat 0 1;uEnv.txt fat 0 1
dfu_alt_info_ram=kernel ram 0x80200000 0x4000000;fdt ram 0x80f80000 0x80000;ramdisk ram 0x81000000 0x4000000
dfu_bufsiz=0x10000
dofastboot=0
eth1addr=7c:66:9d:ec:e3:ad
ethact=cpsw
ethaddr=7c:66:9d:ec:e3:ac
fdt_addr_r=0x88000000
fdtaddr=0x88000000
fdtfile=undefined
findfdt=if test $board_name = omap5_uevm; then setenv fdtfile omap5-uevm.dtb; fi; if test $board_name = dra7xx; then setenv fdtfile dra7-evm.dtb; fi;if test $board_name = dra72x; then setenv fdtfile dra72-evm.dtb; fi;if test $board_name = beagle_x15; then setenv fdtfile am57xx-beagle-x15.dtb; fi;if test $fdtfile = undefined; then echo WARNING: Could not determine device tree to use; fi; 
importbootenv=echo Importing environment from mmc${mmcdev} ...; env import -t ${loadaddr} ${filesize}
kernel_addr_r=0x82000000
loadaddr=0x82000000
loadbootenv=fatload mmc ${mmcdev} ${loadaddr} ${bootenv}
loadbootscript=fatload mmc ${mmcdev} ${loadaddr} boot.scr
loadfdt=load mmc ${bootpart} ${fdtaddr} ${bootdir}/${fdtfile};
loadimage=load mmc ${bootpart} ${loadaddr} ${bootdir}/${bootfile}
mmcargs=setenv bootargs console=${console} ${optargs} vram=${vram} root=${mmcroot} rootfstype=${mmcrootfstype}
mmcboot=mmc dev ${mmcdev}; if mmc rescan; then echo SD/MMC found on device ${mmcdev};if run loadbootenv; then echo Loaded environment from ${bootenv};run importbootenv;fi;if test -n $uenvcmd; then echo Running uenvcmd ...;run uenvcmd;fi;if run loadimage; then run loadfdt; echo Booting from mmc${mmcdev} ...; run mmcargs; bootz ${loadaddr} - ${fdtaddr}; fi;fi;
mmcdev=0
mmcroot=/dev/mmcblk0p2 rw
mmcrootfstype=ext4 rootwait
netargs=setenv bootargs console=${console} ${optargs} root=/dev/nfs nfsroot=${serverip}:${rootpath},${nfsopts} rw ip=dhcp
netboot=echo Booting from network ...; setenv autoload no; dhcp; run netloadimage; run netloadfdt; run netargs; bootz ${loadaddr} - ${fdtaddr}
netloadfdt=tftp ${fdtaddr} ${fdtfile}
netloadimage=tftp ${loadaddr} ${bootfile}
nfsopts=nolock
partitions=uuid_disk=${uuid_gpt_disk};name=rootfs,start=2MiB,size=-,uuid=${uuid_gpt_rootfs}
ramdisk_addr_r=0x88080000
rdaddr=0x88080000
rootpath=/export/rootfs
scsidevs=1
serverip=192.168.0.1
soc=omap5
static_ip=${ipaddr}:${serverip}:${gatewayip}:${netmask}:${hostname}::off
stderr=serial
stdin=serial
stdout=serial
usbtty=cdc_acm
vendor=ti
ver=U-Boot 2015.07 (Aug 07 2015 - 03:51:17 -0400)
vram=16M
Environment size: 3340/65532 bytes
U-Boot# 
- 06:38:09 [INFO] Host: printenv
- 06:38:09 [INFO] Target: 
printenv
arch=arm
autoload=no
baudrate=115200
board=beagle_x15
board_name=beagle_x15
bootargs=console=ttyO2,115200n8  earlyprintk rootwait 
bootcmd=
bootdelay=1
bootdir=/boot
bootenv=uEnv.txt
bootfile=zImage
bootm_size=0x10000000
bootpart=0:2
bootscript=echo Running bootscript from mmc${mmcdev} ...; source ${loadaddr}
console=ttyO2,115200n8
cpu=armv7
dfu_alt_info_emmc=rawemmc raw 0 3751936;boot part 1 1;rootfs part 1 2;MLO fat 1 1;MLO.raw raw 0x100 0x100;u-boot.img.raw raw 0x300 0x400;spl-os-args.raw raw 0x80 0x80;spl-os-image.raw raw 0x900 0x2000;spl-os-args fat 1 1;spl-os-image fat 1 1;u-boot.img fat 1 1;uEnv.txt fat 1 1
dfu_alt_info_mmc=boot part 0 1;rootfs part 0 2;MLO fat 0 1;MLO.raw raw 0x100 0x100;u-boot.img.raw raw 0x300 0x400;spl-os-args.raw raw 0x80 0x80;spl-os-image.raw raw 0x900 0x2000;spl-os-args fat 0 1;spl-os-image fat 0 1;u-boot.img fat 0 1;uEnv.txt fat 0 1
dfu_alt_info_ram=kernel ram 0x80200000 0x4000000;fdt ram 0x80f80000 0x80000;ramdisk ram 0x81000000 0x4000000
dfu_bufsiz=0x10000
dofastboot=0
eth1addr=7c:66:9d:ec:e3:ad
ethact=cpsw
ethaddr=7c:66:9d:ec:e3:ac
fdt_addr_r=0x88000000
fdtaddr=0x88000000
fdtfile=undefined
findfdt=if test $board_name = omap5_uevm; then setenv fdtfile omap5-uevm.dtb; fi; if test $board_name = dra7xx; then setenv fdtfile dra7-evm.dtb; fi;if test $board_name = dra72x; then setenv fdtfile dra72-evm.dtb; fi;if test $board_name = beagle_x15; then setenv fdtfile am57xx-beagle-x15.dtb; fi;if test $fdtfile = undefined; then echo WARNING: Could not determine device tree to use; fi; 
importbootenv=echo Importing environment from mmc${mmcdev} ...; env import -t ${loadaddr} ${filesize}
kernel_addr_r=0x82000000
loadaddr=0x82000000
loadbootenv=fatload mmc ${mmcdev} ${loadaddr} ${bootenv}
loadbootscript=fatload mmc ${mmcdev} ${loadaddr} boot.scr
loadfdt=load mmc ${bootpart} ${fdtaddr} ${bootdir}/${fdtfile};
loadimage=load mmc ${bootpart} ${loadaddr} ${bootdir}/${bootfile}
mmcargs=setenv bootargs console=${console} ${optargs} vram=${vram} root=${mmcroot} rootfstype=${mmcrootfstype}
mmcboot=mmc dev ${mmcdev}; if mmc rescan; then echo SD/MMC found on device ${mmcdev};if run loadbootenv; then echo Loaded environment from ${bootenv};run importbootenv;fi;if test -n $uenvcmd; then echo Running uenvcmd ...;run uenvcmd;fi;if run loadimage; then run loadfdt; echo Booting from mmc${mmcdev} ...; run mmcargs; bootz ${loadaddr} - ${fdtaddr}; fi;fi;
mmcdev=0
mmcroot=/dev/mmcblk0p2 rw
mmcrootfstype=ext4 rootwait
netargs=setenv bootargs console=${console} ${optargs} root=/dev/nfs nfsroot=${serverip}:${rootpath},${nfsopts} rw ip=dhcp
netboot=echo Booting from network ...; setenv autoload no; dhcp; run netloadimage; run netloadfdt; run netargs; bootz ${loadaddr} - ${fdtaddr}
netloadfdt=tftp ${fdtaddr} ${fdtfile}
netloadimage=tftp ${loadaddr} ${bootfile}
nfsopts=nolock
partitions=uuid_disk=${uuid_gpt_disk};name=rootfs,start=2MiB,size=-,uuid=${uuid_gpt_rootfs}
ramdisk_addr_r=0x88080000
rdaddr=0x88080000
rootpath=/export/rootfs
scsidevs=1
serverip=192.168.0.1
soc=omap5
static_ip=${ipaddr}:${serverip}:${gatewayip}:${netmask}:${hostname}::off
stderr=serial
stdin=serial
stdout=serial
usbtty=cdc_acm
vendor=ti
ver=U-Boot 2015.07 (Aug 07 2015 - 03:51:17 -0400)
vram=16M
Environment size: 3340/65532 bytes
U-Boot# 
- 06:38:09 [INFO] Host: setenv bootargs ''${bootargs}' ip=:::::eth0:dhcp '
- 06:38:10 [INFO] Target: 
setenv bootargs ''${bootargs}' ip=:::::eth0:dhcp '
U-Boot# 
- 06:38:10 [INFO] Host: setenv serverip '192.168.0.1'
- 06:38:10 [INFO] Target: 
setenv serverip '192.168.0.1'
U-Boot# 
- 06:38:10 [INFO] Host: setenv ipaddr dhcp
- 06:38:10 [INFO] Target: 
setenv ipaddr dhcp
## Error: flags type check failure for "ipaddr" <= "dhcp" (type: i)
## Error inserting "ipaddr" variable, errno=1
U-Boot# 
- 06:38:10 [INFO] Host: setenv autoload 'no'
- 06:38:10 [INFO] Target: 
setenv autoload 'no'
U-Boot# 
- 06:38:10 [INFO] Host: dhcp
- 06:38:15 [INFO] Target: 
dhcp
cpsw Waiting for PHY auto negotiation to complete....... done
link up on port 0, speed 1000, full duplex
BOOTP broadcast 1
BOOTP broadcast 2
BOOTP broadcast 3
DHCP client bound to address 192.168.0.151 (1047 ms)
U-Boot# 
- 06:38:15 [INFO] Host: setenv serverip '192.168.0.1'
- 06:38:15 [INFO] Target: 
setenv serverip '192.168.0.1'
U-Boot# 
- 06:38:15 [INFO] Host: tftp ${loadaddr} 192.168.0.1:vatf_am57xx-evm1/002a824bde531d9ea8f4de640f7b2597
- 06:38:16 [INFO] Target: 
tftp ${loadaddr} 192.168.0.1:vatf_am57xx-evm1/002a824bde531d9ea8f4de640f7b2597
link up on port 0, speed 1000, full duplex
Using cpsw device
TFTP from server 192.168.0.1; our IP address is 192.168.0.151
Filename 'vatf_am57xx-evm1/002a824bde531d9ea8f4de640f7b2597'.
Load address: 0x82000000
Loading: *#################################################################
	 #################################################################
	 #################################################################
	 ################################################
	 9.2 MiB/s
done
Bytes transferred = 3556200 (364368 hex)
U-Boot# 
- 06:38:16 [INFO] Host: tftp ${fdt_addr_r} 192.168.0.1:vatf_am57xx-evm1/c238b781b2443dafaff155989b75a4d3
- 06:38:16 [INFO] Target: 
tftp ${fdt_addr_r} 192.168.0.1:vatf_am57xx-evm1/c238b781b2443dafaff155989b75a4d3
link up on port 0, speed 1000, full duplex
Using cpsw device
TFTP from server 192.168.0.1; our IP address is 192.168.0.151
Filename 'vatf_am57xx-evm1/c238b781b2443dafaff155989b75a4d3'.
Load address: 0x88000000
Loading: *######
	 8.1 MiB/s
done
Bytes transferred = 76753 (12bd1 hex)
U-Boot# 
- 06:38:16 [INFO] Host: ls mmc 0:1
- 06:38:16 [INFO] Target: 
ls mmc 0:1
    54224   mlo 
   285900   u-boot.img 
        4   ws-calibrate.rules 
        0   pointercal 
       33   primary_bootloader.md5 
       33   fs.md5 
    65536   uboot.env 
7 file(s), 0 dir(s)
U-Boot# 
- 06:38:16 [INFO] Host: ls mmc 0:2
- 06:38:16 [INFO] Target: 
ls mmc 0:2
<DIR>       4096 .
<DIR>       4096 ..
<DIR>       4096 include
<DIR>       4096 srv
<DIR>       4096 home
<DIR>       4096 media
<DIR>       4096 var
<DIR>       4096 sys
<DIR>       4096 boot
<DIR>       4096 dev
<DIR>       4096 usr
<DIR>       4096 bin
<DIR>       4096 mnt
<DIR>       4096 etc
<DIR>       4096 sbin
<DIR>       4096 www
<SYM>          8 tmp
<DIR>       4096 proc
<DIR>       4096 run
<DIR>       4096 lib
<DIR>       4096 test
U-Boot# 
- 06:38:16 [INFO] Host: part uuid mmc 0:2
- 06:38:16 [INFO] Target: 
part uuid mmc 0:2
00000000-02
U-Boot# 
- 06:38:16 [INFO] Host: printenv
- 06:38:16 [INFO] Target: 
printenv
arch=arm
autoload=no
baudrate=115200
board=beagle_x15
board_name=beagle_x15
bootargs=console=ttyO2,115200n8  earlyprintk rootwait  ip=:::::eth0:dhcp 
bootcmd=
bootdelay=1
bootdir=/boot
bootenv=uEnv.txt
bootfile=zImage
bootm_size=0x10000000
bootpart=0:2
bootscript=echo Running bootscript from mmc${mmcdev} ...; source ${loadaddr}
console=ttyO2,115200n8
cpu=armv7
dfu_alt_info_emmc=rawemmc raw 0 3751936;boot part 1 1;rootfs part 1 2;MLO fat 1 1;MLO.raw raw 0x100 0x100;u-boot.img.raw raw 0x300 0x400;spl-os-args.raw raw 0x80 0x80;spl-os-image.raw raw 0x900 0x2000;spl-os-args fat 1 1;spl-os-image fat 1 1;u-boot.img fat 1 1;uEnv.txt fat 1 1
dfu_alt_info_mmc=boot part 0 1;rootfs part 0 2;MLO fat 0 1;MLO.raw raw 0x100 0x100;u-boot.img.raw raw 0x300 0x400;spl-os-args.raw raw 0x80 0x80;spl-os-image.raw raw 0x900 0x2000;spl-os-args fat 0 1;spl-os-image fat 0 1;u-boot.img fat 0 1;uEnv.txt fat 0 1
dfu_alt_info_ram=kernel ram 0x80200000 0x4000000;fdt ram 0x80f80000 0x80000;ramdisk ram 0x81000000 0x4000000
dfu_bufsiz=0x10000
dnsip=192.0.2.2
dnsip2=192.0.2.3
dofastboot=0
eth1addr=7c:66:9d:ec:e3:ad
ethact=cpsw
ethaddr=7c:66:9d:ec:e3:ac
fdt_addr_r=0x88000000
fdtaddr=0x88000000
fdtfile=undefined
fileaddr=88000000
filesize=12bd1
findfdt=if test $board_name = omap5_uevm; then setenv fdtfile omap5-uevm.dtb; fi; if test $board_name = dra7xx; then setenv fdtfile dra7-evm.dtb; fi;if test $board_name = dra72x; then setenv fdtfile dra72-evm.dtb; fi;if test $board_name = beagle_x15; then setenv fdtfile am57xx-beagle-x15.dtb; fi;if test $fdtfile = undefined; then echo WARNING: Could not determine device tree to use; fi; 
gatewayip=192.168.0.1
importbootenv=echo Importing environment from mmc${mmcdev} ...; env import -t ${loadaddr} ${filesize}
ipaddr=192.168.0.151
kernel_addr_r=0x82000000
loadaddr=0x82000000
loadbootenv=fatload mmc ${mmcdev} ${loadaddr} ${bootenv}
loadbootscript=fatload mmc ${mmcdev} ${loadaddr} boot.scr
loadfdt=load mmc ${bootpart} ${fdtaddr} ${bootdir}/${fdtfile};
loadimage=load mmc ${bootpart} ${loadaddr} ${bootdir}/${bootfile}
mmcargs=setenv bootargs console=${console} ${optargs} vram=${vram} root=${mmcroot} rootfstype=${mmcrootfstype}
mmcboot=mmc dev ${mmcdev}; if mmc rescan; then echo SD/MMC found on device ${mmcdev};if run loadbootenv; then echo Loaded environment from ${bootenv};run importbootenv;fi;if test -n $uenvcmd; then echo Running uenvcmd ...;run uenvcmd;fi;if run loadimage; then run loadfdt; echo Booting from mmc${mmcdev} ...; run mmcargs; bootz ${loadaddr} - ${fdtaddr}; fi;fi;
mmcdev=0
mmcroot=/dev/mmcblk0p2 rw
mmcrootfstype=ext4 rootwait
netargs=setenv bootargs console=${console} ${optargs} root=/dev/nfs nfsroot=${serverip}:${rootpath},${nfsopts} rw ip=dhcp
netboot=echo Booting from network ...; setenv autoload no; dhcp; run netloadimage; run netloadfdt; run netargs; bootz ${loadaddr} - ${fdtaddr}
netloadfdt=tftp ${fdtaddr} ${fdtfile}
netloadimage=tftp ${loadaddr} ${bootfile}
netmask=255.255.255.0
nfsopts=nolock
partitions=uuid_disk=${uuid_gpt_disk};name=rootfs,start=2MiB,size=-,uuid=${uuid_gpt_rootfs}
ramdisk_addr_r=0x88080000
rdaddr=0x88080000
rootpath=/export/rootfs
scsidevs=1
serverip=192.168.0.1
soc=omap5
static_ip=${ipaddr}:${serverip}:${gatewayip}:${netmask}:${hostname}::off
stderr=serial
stdin=serial
stdout=serial
usbtty=cdc_acm
vendor=ti
ver=U-Boot 2015.07 (Aug 07 2015 - 03:51:17 -0400)
vram=16M
Environment size: 3504/65532 bytes
U-Boot# 
- 06:38:16 [INFO] Host: setenv bootargs ''${bootargs}' root=PARTUUID=00000000-02 rw rootfstype=ext4 rootwait '
- 06:38:17 [INFO] Target: 
setenv bootargs ''${bootargs}' root=PARTUUID=00000000-02 rw rootfstype=ext4 rootwait '
U-Boot# 
- 06:38:17 [INFO] Host: printenv
- 06:38:17 [INFO] Target: 
printenv
arch=arm
autoload=no
baudrate=115200
board=beagle_x15
board_name=beagle_x15
bootargs=console=ttyO2,115200n8  earlyprintk rootwait  ip=:::::eth0:dhcp  root=PARTUUID=00000000-02 rw rootfstype=ext4 rootwait 
bootcmd=
bootdelay=1
bootdir=/boot
bootenv=uEnv.txt
bootfile=zImage
bootm_size=0x10000000
bootpart=0:2
bootscript=echo Running bootscript from mmc${mmcdev} ...; source ${loadaddr}
console=ttyO2,115200n8
cpu=armv7
dfu_alt_info_emmc=rawemmc raw 0 3751936;boot part 1 1;rootfs part 1 2;MLO fat 1 1;MLO.raw raw 0x100 0x100;u-boot.img.raw raw 0x300 0x400;spl-os-args.raw raw 0x80 0x80;spl-os-image.raw raw 0x900 0x2000;spl-os-args fat 1 1;spl-os-image fat 1 1;u-boot.img fat 1 1;uEnv.txt fat 1 1
dfu_alt_info_mmc=boot part 0 1;rootfs part 0 2;MLO fat 0 1;MLO.raw raw 0x100 0x100;u-boot.img.raw raw 0x300 0x400;spl-os-args.raw raw 0x80 0x80;spl-os-image.raw raw 0x900 0x2000;spl-os-args fat 0 1;spl-os-image fat 0 1;u-boot.img fat 0 1;uEnv.txt fat 0 1
dfu_alt_info_ram=kernel ram 0x80200000 0x4000000;fdt ram 0x80f80000 0x80000;ramdisk ram 0x81000000 0x4000000
dfu_bufsiz=0x10000
dnsip=192.0.2.2
dnsip2=192.0.2.3
dofastboot=0
eth1addr=7c:66:9d:ec:e3:ad
ethact=cpsw
ethaddr=7c:66:9d:ec:e3:ac
fdt_addr_r=0x88000000
fdtaddr=0x88000000
fdtfile=undefined
fileaddr=88000000
filesize=12bd1
findfdt=if test $board_name = omap5_uevm; then setenv fdtfile omap5-uevm.dtb; fi; if test $board_name = dra7xx; then setenv fdtfile dra7-evm.dtb; fi;if test $board_name = dra72x; then setenv fdtfile dra72-evm.dtb; fi;if test $board_name = beagle_x15; then setenv fdtfile am57xx-beagle-x15.dtb; fi;if test $fdtfile = undefined; then echo WARNING: Could not determine device tree to use; fi; 
gatewayip=192.168.0.1
importbootenv=echo Importing environment from mmc${mmcdev} ...; env import -t ${loadaddr} ${filesize}
ipaddr=192.168.0.151
kernel_addr_r=0x82000000
loadaddr=0x82000000
loadbootenv=fatload mmc ${mmcdev} ${loadaddr} ${bootenv}
loadbootscript=fatload mmc ${mmcdev} ${loadaddr} boot.scr
loadfdt=load mmc ${bootpart} ${fdtaddr} ${bootdir}/${fdtfile};
loadimage=load mmc ${bootpart} ${loadaddr} ${bootdir}/${bootfile}
mmcargs=setenv bootargs console=${console} ${optargs} vram=${vram} root=${mmcroot} rootfstype=${mmcrootfstype}
mmcboot=mmc dev ${mmcdev}; if mmc rescan; then echo SD/MMC found on device ${mmcdev};if run loadbootenv; then echo Loaded environment from ${bootenv};run importbootenv;fi;if test -n $uenvcmd; then echo Running uenvcmd ...;run uenvcmd;fi;if run loadimage; then run loadfdt; echo Booting from mmc${mmcdev} ...; run mmcargs; bootz ${loadaddr} - ${fdtaddr}; fi;fi;
mmcdev=0
mmcroot=/dev/mmcblk0p2 rw
mmcrootfstype=ext4 rootwait
netargs=setenv bootargs console=${console} ${optargs} root=/dev/nfs nfsroot=${serverip}:${rootpath},${nfsopts} rw ip=dhcp
netboot=echo Booting from network ...; setenv autoload no; dhcp; run netloadimage; run netloadfdt; run netargs; bootz ${loadaddr} - ${fdtaddr}
netloadfdt=tftp ${fdtaddr} ${fdtfile}
netloadimage=tftp ${loadaddr} ${bootfile}
netmask=255.255.255.0
nfsopts=nolock
partitions=uuid_disk=${uuid_gpt_disk};name=rootfs,start=2MiB,size=-,uuid=${uuid_gpt_rootfs}
ramdisk_addr_r=0x88080000
rdaddr=0x88080000
rootpath=/export/rootfs
scsidevs=1
serverip=192.168.0.1
soc=omap5
static_ip=${ipaddr}:${serverip}:${gatewayip}:${netmask}:${hostname}::off
stderr=serial
stdin=serial
stdout=serial
usbtty=cdc_acm
vendor=ti
ver=U-Boot 2015.07 (Aug 07 2015 - 03:51:17 -0400)
vram=16M
Environment size: 3559/65532 bytes
U-Boot# 
- 06:38:17 [INFO] Host: setenv bootcmd ''${bootcmd}' if iminfo ${loadaddr}; then bootm ${loadaddr} - ${fdt_addr_r}; else bootz ${loadaddr} - ${fdt_addr_r}; bootm ${loadaddr} - ${fdt_addr_r}; fi'
- 06:38:17 [INFO] Target: 
setenv bootcmd ''${bootcmd}' if iminfo ${loadaddr}; then bootm ${loadaddr} - ${fdt_addr_r}; else bootz ${loadaddr} - ${fdt_addr_r}; bootm ${loadaddr} - ${fdt_addr_r}; fi'
U-Boot# 
- 06:38:17 [INFO] Host: version
- 06:38:17 [INFO] Target: 
version
U-Boot 2015.07 (Aug 07 2015 - 03:51:17 -0400)
arm-linux-gnueabihf-gcc (Linaro GCC 4.9-2015.01-3) 4.9.3 20150113 (prerelease)
GNU ld (GNU Binutils) Linaro 2014.11-3-git 2.24.0.20141017
U-Boot# 
- 06:38:17 [INFO] Host: bdinfo
- 06:38:17 [INFO] Target: 
bdinfo
arch_number = 0x00000000
boot_params = 0x80000100
DRAM bank   = 0x00000000
-> start    = 0x80000000
-> size     = 0x80000000
DRAM bank   = 0x00000001
-> start    = 0x00000000
-> size     = 0x00000000
eth0name    = cpsw
ethaddr     = 7c:66:9d:ec:e3:ac
current eth = cpsw
ip_addr     = 192.168.0.151
baudrate    = 115200 bps
TLB addr    = 0xFFFF0000
relocaddr   = 0xFFF67000
reloc off   = 0x7F767000
irq_sp      = 0xFEF56EE0
sp start    = 0xFEF56ED0
U-Boot# 
- 06:38:17 [INFO] Host: mmc rescan; echo $?
- 06:38:17 [INFO] Target: 
mmc rescan; echo $?
U-Boot# 
- 06:38:17 [INFO] Host: fatwrite mmc ${mmcdev}:1 ${loadaddr} ws-calibrate.rules 4
- 06:38:18 [INFO] Target: 
fatwrite mmc ${mmcdev}:1 ${loadaddr} ws-calibrate.rules 4
writing ws-calibrate.rules
4 bytes written
U-Boot# 
- 06:38:18 [INFO] Host: boot
- 06:40:48 [ERROR] On command: boot waiting for boot.+?(?-mix:login:) >>> error: execution expired
- 06:40:48 [INFO] Target: 
boot
## Checking Image at 82000000 ...
Unknown image format!
Kernel image @ 0x82000000 [ 0x000000 - 0x364368 ]
## Flattened Device Tree blob at 88000000
   Booting using the fdt blob at 0x88000000
   Loading Device Tree to 8ffea000, end 8ffffbd0 ... OK
Starting kernel ...
[    0.000000] Booting Linux on physical CPU 0x0
[    0.000000] Initializing cgroup subsys cpuset
[    0.000000] Initializing cgroup subsys cpu
[    0.000000] Initializing cgroup subsys cpuacct
[    0.000000] Linux version 4.2.0-rc6-next-20150817-00002-g8caedf0dbeff (nmenon@kahuna) (gcc version 4.6.3 (Ubuntu/Linaro 4.6.3-1ubuntu5) ) #1 SMP Tue Aug 18 05:37:56 CDT 2015
[    0.000000] CPU: ARMv7 Processor [412fc0f2] revision 2 (ARMv7), cr=10c5387d
[    0.000000] CPU: PIPT / VIPT nonaliasing data cache, PIPT instruction cache
[    0.000000] Machine model: TI AM5728 BeagleBoard-X15
[    0.000000] cma: Reserved 16 MiB at 0xfe800000
[    0.000000] Memory policy: Data cache writealloc
[    0.000000] DRA752 ES1.1
[    0.000000] PERCPU: Embedded 14 pages/cpu @ee573000 s25152 r8192 d24000 u57344
[    0.000000] Built 1 zonelists in Zone order, mobility grouping on.  Total pages: 522065
[    0.000000] Kernel command line: console=ttyO2,115200n8  earlyprintk rootwait  ip=:::::eth0:dhcp  root=PARTUUID=00000000-02 rw rootfstype=ext4 rootwait 
[    0.000000] PID hash table entries: 4096 (order: 2, 16384 bytes)
[    0.000000] Dentry cache hash table entries: 131072 (order: 7, 524288 bytes)
[    0.000000] Inode-cache hash table entries: 65536 (order: 6, 262144 bytes)
[    0.000000] Memory: 2040668K/2095100K available (6521K kernel code, 736K rwdata, 2212K rodata, 432K init, 8263K bss, 38048K reserved, 16384K cma-reserved, 1300476K highmem)
[    0.000000] Virtual kernel memory layout:
[    0.000000]     vector  : 0xffff0000 - 0xffff1000   (   4 kB)
[    0.000000]     fixmap  : 0xffc00000 - 0xfff00000   (3072 kB)
[    0.000000]     vmalloc : 0xf0000000 - 0xff000000   ( 240 MB)
[    0.000000]     lowmem  : 0xc0000000 - 0xef800000   ( 760 MB)
[    0.000000]     pkmap   : 0xbfe00000 - 0xc0000000   (   2 MB)
[    0.000000]     modules : 0xbf000000 - 0xbfe00000   (  14 MB)
[    0.000000]       .text : 0xc0008000 - 0xc088f6b0   (8734 kB)
[    0.000000]       .init : 0xc0890000 - 0xc08fc000   ( 432 kB)
[    0.000000]       .data : 0xc08fc000 - 0xc09b4330   ( 737 kB)
[    0.000000]        .bss : 0xc09b7000 - 0xc11c8f78   (8264 kB)
[    0.000000] Running RCU self tests
[    0.000000] Hierarchical RCU implementation.
[    0.000000] 	RCU lockdep checking is enabled.
[    0.000000] 	Build-time adjustment of leaf fanout to 32.
[    0.000000] NR_IRQS:16 nr_irqs:16 16
[    0.000000] OMAP clockevent source: timer1 at 32768 Hz
[    0.000000] clocksource: 32k_counter: mask: 0xffffffff max_cycles: 0xffffffff, max_idle_ns: 58327039986419 ns
[    0.000030] sched_clock: 32 bits at 32kHz, resolution 30517ns, wraps every 65535999984741ns
[    0.000030] OMAP clocksource: 32k_counter at 32768 Hz
[    0.000518] Architected cp15 timer(s) running at 6.14MHz (virt).
[    0.000549] clocksource: arch_sys_counter: mask: 0xffffffffffffff max_cycles: 0x16af5adb9, max_idle_ns: 440795202250 ns
[    0.000553] sched_clock: 56 bits at 6MHz, resolution 162ns, wraps every 4398046511023ns
[    0.000564] Switching to timer-based delay loop, resolution 162ns
[    0.001825] Console: colour dummy device 80x30
[    0.001860] Lock dependency validator: Copyright (c) 2006 Red Hat, Inc., Ingo Molnar
[    0.001867] ... MAX_LOCKDEP_SUBCLASSES:  8
[    0.001874] ... MAX_LOCK_DEPTH:          48
[    0.001880] ... MAX_LOCKDEP_KEYS:        8191
[    0.001886] ... CLASSHASH_SIZE:          4096
[    0.001892] ... MAX_LOCKDEP_ENTRIES:     32768
[    0.001898] ... MAX_LOCKDEP_CHAINS:      65536
[    0.001903] ... CHAINHASH_SIZE:          32768
[    0.001910]  memory used by lock dependency info: 5167 kB
[    0.001916]  per task-struct memory footprint: 1536 bytes
[    0.001935] Calibrating delay loop (skipped), value calculated using timer frequency.. 12.29 BogoMIPS (lpj=61475)
[    0.001949] pid_max: default: 32768 minimum: 301
[    0.002230] Security Framework initialized
[    0.002333] Mount-cache hash table entries: 2048 (order: 1, 8192 bytes)
[    0.002346] Mountpoint-cache hash table entries: 2048 (order: 1, 8192 bytes)
[    0.004548] Initializing cgroup subsys blkio
[    0.004607] Initializing cgroup subsys memory
[    0.004666] Initializing cgroup subsys devices
[    0.004726] Initializing cgroup subsys freezer
[    0.004813] Initializing cgroup subsys perf_event
[    0.004856] CPU: Testing write buffer coherency: ok
[    0.005832] /cpus/cpu@0 missing clock-frequency property
[    0.005874] /cpus/cpu@1 missing clock-frequency property
[    0.005886] CPU0: thread -1, cpu 0, socket 0, mpidr 80000000
[    0.005944] Setting up static identity map for 0x80008280 - 0x800082f0
[    0.010469] CPU1: thread -1, cpu 1, socket 0, mpidr 80000001
[    0.010904] Brought up 2 CPUs
[    0.010919] SMP: Total of 2 processors activated (24.59 BogoMIPS).
[    0.010926] CPU: All CPU(s) started in SVC mode.
[    0.013038] devtmpfs: initialized
[    0.071924] VFP support v0.3: implementor 41 architecture 4 part 30 variant f rev 0
[    0.073513] omap_hwmod: l3_main_2 using broken dt data from ocp
[    0.299884] clocksource: jiffies: mask: 0xffffffff max_cycles: 0xffffffff, max_idle_ns: 19112604462750000 ns
[    0.300972] pinctrl core: initialized pinctrl subsystem
[    0.304578] NET: Registered protocol family 16
[    0.308100] DMA: preallocated 256 KiB pool for atomic coherent allocations
[    0.331311] cpuidle: using governor ladder
[    0.361293] cpuidle: using governor menu
[    0.372379] OMAP GPIO hardware version 0.1
[    0.382850] irq: no irq domain found for /ocp/l4@4a000000/scm@2000/pinmux@1400 !
[    0.404951] No ATAGs?
[    0.405009] hw-breakpoint: found 5 (+1 reserved) breakpoint and 4 watchpoint registers.
[    0.405018] hw-breakpoint: maximum watchpoint size is 8 bytes.
[    0.406058] omap4_sram_init:Unable to allocate sram needed to handle errata I688
[    0.406068] omap4_sram_init:Unable to get sram pool needed to handle errata I688
[    0.407427] OMAP DMA hardware revision 0.0
[    0.462823] omap-dma-engine 4a056000.dma-controller: OMAP DMA engine driver
[    0.467331] SCSI subsystem initialized
[    0.468557] omap_i2c 48070000.i2c: could not find pctldev for node /ocp/l4@4a000000/scm@2000/pinmux@1400/i2c1_pins_default, deferring probe
[    0.468620] omap_i2c 48060000.i2c: could not find pctldev for node /ocp/l4@4a000000/scm@2000/pinmux@1400/i2c3_pins_default, deferring probe
[    0.468822] pps_core: LinuxPPS API ver. 1 registered
[    0.468830] pps_core: Software ver. 5.3.6 - Copyright 2005-2007 Rodolfo Giometti <giometti@linux.it>
[    0.468869] PTP clock support registered
[    0.471651] clocksource: Switched to clocksource arch_sys_counter
[    0.576971] NET: Registered protocol family 2
[    0.578295] TCP established hash table entries: 8192 (order: 3, 32768 bytes)
[    0.578431] TCP bind hash table entries: 8192 (order: 6, 294912 bytes)
[    0.580727] TCP: Hash tables configured (established 8192 bind 8192)
[    0.580880] UDP hash table entries: 512 (order: 3, 40960 bytes)
[    0.581193] UDP-Lite hash table entries: 512 (order: 3, 40960 bytes)
[    0.582154] NET: Registered protocol family 1
[    0.583100] RPC: Registered named UNIX socket transport module.
[    0.583109] RPC: Registered udp transport module.
[    0.583118] RPC: Registered tcp transport module.
[    0.583125] RPC: Registered tcp NFSv4.1 backchannel transport module.
[    0.584996] hw perfevents: enabled with armv7_cortex_a15 PMU driver, 7 counters available
[    0.588716] futex hash table entries: 512 (order: 3, 32768 bytes)
[    0.588962] audit: initializing netlink subsys (disabled)
[    0.589087] audit: type=2000 audit(0.579:1): initialized
[    0.591828] VFS: Disk quotas dquot_6.6.0
[    0.591936] VFS: Dquot-cache hash table entries: 1024 (order 0, 4096 bytes)
[    0.593436] NFS: Registering the id_resolver key type
[    0.593676] Key type id_resolver registered
[    0.593685] Key type id_legacy registered
[    0.593810] jffs2: version 2.2. (NAND) (SUMMARY)   2001-2006 Red Hat, Inc.
[    0.596681] bounce: pool size: 64 pages
[    0.596736] io scheduler noop registered
[    0.596749] io scheduler deadline registered
[    0.596780] io scheduler cfq registered (default)
[    0.603328] pinctrl-single 4a003400.pinmux: 282 pins at pa fc003400 size 1128
[    0.604610] pbias-regulator: probe of 4a002000.scm_conf:pbias_regulator failed with error -22
[    0.608465] Serial: 8250/16550 driver, 4 ports, IRQ sharing enabled
[    0.613238] 48020000.serial: ttyO2 at MMIO 0x48020000 (irq = 296, base_baud = 3000000) is a OMAP UART2
[    1.397945] console [ttyO2] enabled
[    1.425376] brd: module loaded
[    1.442774] loop: module loaded
[    1.448103] ahci 4a140000.sata: SSS flag set, parallel bus scan disabled
[    1.455170] ahci 4a140000.sata: AHCI 0001.0300 32 slots 1 ports 3 Gbps 0x1 impl platform mode
[    1.464109] ahci 4a140000.sata: flags: 64bit ncq sntf stag pm led clo only pmp pio slum part ccc apst 
[    1.476422] scsi host0: ahci
[    1.480321] ata1: SATA max UDMA/133 mmio [mem 0x4a140000-0x4a1410ff] port 0x100 irq 313
[    1.489527] mtdoops: mtd device (mtddev=name/number) must be supplied
[    1.501510] mousedev: PS/2 mouse device common for all mice
[    1.507359] i2c /dev entries driver
[    1.512182] omap_hsmmc 4809c000.mmc: Got CD GPIO
[    1.517826] omap_hsmmc 4809c000.mmc: unable to get vmmc regulator -517
[    1.553429] vdd_3v3: supplied by regulator-dummy
[    1.591899] ledtrig-cpu: registered to indicate activity on CPUs
[    1.600031] oprofile: using timer interrupt.
[    1.604991] Initializing XFRM netlink socket
[    1.609789] NET: Registered protocol family 10
[    1.616327] sit: IPv6 over IPv4 tunneling driver
[    1.622799] NET: Registered protocol family 17
[    1.627497] NET: Registered protocol family 15
[    1.632376] Key type dns_resolver registered
[    1.636980] omap_voltage_late_init: Voltage driver support not added
[    1.643659] sr_dev_init: Unable to get voltage domain pointer for VDD core
[    1.650859] sr_dev_init: Unable to get voltage domain pointer for VDD mpu
[    1.658616] Power Management for TI OMAP4+ devices.
[    1.664104] ThumbEE CPU extension supported.
[    1.668608] Registering SWP/SWPB emulation handler
[    1.673659] SmartReflex Class3 initialized
[    1.684450] palmas 0-0058: Irq flag is 0x00000008
[    1.690523] mmc0: MAN_BKOPS_EN bit is not set
[    1.701635] mmc0: new high speed MMC card at address 0001
[    1.709276] mmcblk0: mmc0:0001 P1XXXX 3.60 GiB 
[    1.714716] mmcblk0boot0: mmc0:0001 P1XXXX partition 1 2.00 MiB
[    1.721558] mmcblk0boot1: mmc0:0001 P1XXXX partition 2 2.00 MiB
[    1.730430]  mmcblk0: p1 p2
[    1.739215] palmas 0-0058: Muxing GPIO 2f, PWM 0, LED 0
[    1.787282] omap_i2c 48070000.i2c: bus 0 rev0.12 at 400 kHz
[    1.794925] omap_i2c 48060000.i2c: bus 2 rev0.12 at 400 kHz
[    1.801323] omap_hsmmc 4809c000.mmc: Got CD GPIO
[    1.921669] davinci_mdio 48485000.mdio: davinci mdio revision 1.6
[    1.928076] davinci_mdio 48485000.mdio: detected phy mask fffffff9
[    1.941090] libphy: 48485000.mdio: probed
[    1.945321] davinci_mdio 48485000.mdio: phy[1]: device 48485000.mdio:01, driver unknown
[    1.953727] davinci_mdio 48485000.mdio: phy[2]: device 48485000.mdio:02, driver unknown
[    1.963044] cpsw 48484000.ethernet: Detected MACID = 7c:66:9d:ec:e3:ac
[    1.972055] cpsw 48484000.ethernet: cpsw: Detected MACID = 7c:66:9d:ec:e3:ad
[    1.980939] hctosys: unable to open rtc device (rtc0)
[    1.986264] sr_init: No PMIC hook to init smartreflex
[    1.991784] sr_init: platform driver register failed for SR
[    2.031687] ata1: SATA link up 3.0 Gbps (SStatus 123 SControl 300)
[    2.045853] net eth0: initializing cpsw version 1.15 (0)
[    2.051476] mmc1: host does not support reading read-only switch, assuming write-enable
[    2.060310] ata1.00: ATA-8: KINGSTON SMS200S330G, 541ABBF0, max UDMA/133
[    2.067380] ata1.00: 58626288 sectors, multi 1: LBA48 NCQ (depth 31/32)
[    2.074514] mmc1: new high speed SD card at address aaaa
[    2.080936] ata1.00: configured for UDMA/133
[    2.086206] mmcblk1: mmc1:aaaa SU02G 1.84 GiB 
[    2.087437] scsi 0:0:0:0: Direct-Access     ATA      KINGSTON SMS200S BBF0 PQ: 0 ANSI: 5
[    2.090727] sd 0:0:0:0: [sda] 58626288 512-byte logical blocks: (30.0 GB/27.9 GiB)
[    2.091388] sd 0:0:0:0: [sda] Write Protect is off
[    2.091648] sd 0:0:0:0: [sda] Write cache: enabled, read cache: enabled, doesn't support DPO or FUA
[    2.107495]  sda: sda1 sda2 sda3
[    2.111529] sd 0:0:0:0: [sda] Attached SCSI disk
[    2.135451] net eth0: phy found : id is : 0x221622
[    2.141772]  mmcblk1: p1 p2 p3
[    2.148798] IPv6: ADDRCONF(NETDEV_UP): eth0: link is not ready
[   12.151632] Waiting up to 110 more seconds for network.
[   22.151632] Waiting up to 100 more seconds for network.
[   32.151631] Waiting up to 90 more seconds for network.
[   42.151631] Waiting up to 80 more seconds for network.
[   52.151630] Waiting up to 70 more seconds for network.
[   62.151631] Waiting up to 60 more seconds for network.
[   72.151631] Waiting up to 50 more seconds for network.
[   82.151631] Waiting up to 40 more seconds for network.
[   92.151630] Waiting up to 30 more seconds for network.
[  102.151631] Waiting up to 20 more seconds for network.
[  112.151631] Waiting up to 10 more seconds for network.
[  122.151631] Waiting up to 0 more seconds for network.
[  122.171636] Sending DHCP requests .....
URL:gtsystest.telogy.design.ti.com/vatf/tigtfarm03/tigtfarm03_vatf@am57xx-evm1/tigtfarm0308_18_2015_06_37_45/files/session_iteration_1/test_1
