- 06:48:42 [INFO] Starting target session
- 06:48:43 [INFO] Connected to am57xx-evm via serial 
- 06:48:43 [INFO] Host: #check prompt
- 06:48:46 [ERROR] On command: #check prompt waiting for #check prompt.+?(?-mix:((?-mix:login:)|[Pp]assword)) >>> error: execution expired
- 06:48:46 [INFO] Target: 
#check prompt
root@am57xx-evm:/test# 
- 06:48:46 [INFO] Host: #check prompt
- 06:48:46 [INFO] Target: 
#check prompt
root@am57xx-evm:/test# 
- 06:48:46 [INFO] Host: sync;poweroff
- 06:50:46 [ERROR] On command: sync;poweroff waiting for sync;poweroff.+?(?i-mx:System halted|System will go to power_off|Power down) >>> error: execution expired
- 06:50:46 [INFO] Target: 
sync;poweroff
Broadcast message from root@am57xx-evm (ttyO2) (Thu D"2Br=Stopping Dropbear SSH server: stopped /usr/sbin/dropbear (pid 2004)
dropbear.
Stopping telnet daemon.
Stopping tiipclad daemon.
Stopping system message bus: dbus.
Stopping syslogd/klogd: stopped syslogd (pid 2047)
stopped klogd (pid 2049)
done
Stopping thttpd.
Stopping Weston
stopping statd: done
ALSA: Storing mixer settings...
Stopping rpcbind daemon...
done.
Stopping Lighttpd Web Server: stopped /usr/sbin/lighttpd (pid 2060)
lighttpd.
NOT deconfiguring network interfaces: / is an NFS mount
Stopping Matrix GUI applicationstart-stop-daemon: warning: killing process 2068: No such process
***************************************************************
***************************************************************
NOTICE: This file system contains the followin GPLv3 packages:
	binutils
	elfutils
	gdbserver
	libdw1
	libelf1
	parted
If you do not wish to distribute GPLv3 components please remove
the above packages prior to distribution.  This can be done using
the opkg remove command.  i.e.:
    opkg remove <package>
Where <package> is the name printed in the list above
NOTE: If the package is a dependency of another package you
      will be notified of the dependent packages.  You should
      use the --force-removal-of-dependent-packages option to
      also remove the dependent packages as well
***************************************************************
***************************************************************
Sending all processes the TERM signal...
Error VT_WAITACTIVE failed
: Interrupted system call
Sending all processes the KILL signal...
Unmounting remote filesystems...
Deactivating swap...
Unmounting local filesystems...
[ 6533.360763] reboot: Power dow
- 06:50:46 [INFO] Disconnected serial from am57xx-evm
- 06:50:51 [INFO] Connected to am57xx-evm via serial 
- 06:50:51 [INFO] Host: 
- 06:50:52 [INFO] Target: 
  0 
U-Boot# 
- 06:50:52 [INFO] Host: 
- 06:50:52 [INFO] Target: 
U-Boot# 
- 06:50:52 [INFO] Host: version
- 06:50:53 [INFO] Target: 
version
U-Boot 2014.07-gb8febc6 (Dec 08 2014 - 14:47:18)
arm-linux-gnueabihf-gcc (crosstool-NG linaro-1.13.1-4.7-2013.03-20130313 - Linaro GCC 2013.03) 4.7.3 20130226 (prerelease)
GNU ld (crosstool-NG linaro-1.13.1-4.7-2013.03-20130313 - Linaro GCC 2013.03) 2.23.1
U-Boot# 
- 06:50:53 [INFO] Host: setenv bootargs 'console=ttyO2,115200n8  earlyprintk rootwait '
- 06:50:53 [INFO] Target: 
setenv bootargs 'console=ttyO2,115200n8  earlyprintk rootwait '
U-Boot# 
- 06:50:53 [INFO] Host: setenv bootcmd  ''
- 06:50:54 [INFO] Target: 
setenv bootcmd  ''
U-Boot# 
- 06:50:54 [INFO] Host: setenv autoload 'no'
- 06:50:54 [INFO] Target: 
setenv autoload 'no'
U-Boot# 
- 06:50:54 [INFO] Host: setenv serverip '192.168.0.1'
- 06:50:55 [INFO] Target: 
setenv serverip '192.168.0.1'
U-Boot# 
- 06:50:55 [INFO] Host: printenv
- 06:50:55 [INFO] Target: 
printenv
arch=arm
autoload=no
baudrate=115200
board=beagle_x15
board_name=beagle_x15
bootargs=console=ttyO2,115200n8  earlyprintk rootwait 
bootcmd=
bootdelay=1
bootdir=/boot
bootfile=zImage
bootm_size=0x10000000
bootpart=0:2
bootscript=echo Running bootscript from mmc${mmcdev} ...; source ${loadaddr}
console=ttyO2,115200n8
cpu=armv7
eth1addr=7c:66:9d:ec:f9:49
ethact=cpsw
ethaddr=7c:66:9d:ec:f9:48
fdt_addr_r=0x88000000
fdtaddr=0x88000000
fdtfile=undefined
findfdt=if test $board_name = omap5_uevm; then setenv fdtfile omap5-uevm.dtb; fi; if test $board_name = dra7xx; then setenv fdtfile dra7-evm.dtb; fi;if test $board_name = dra72x; then setenv fdtfile dra72-evm.dtb; fi;if test $board_name = beagle_x15; then setenv fdtfile am57xx-beagle-x15.dtb; fi;if test $fdtfile = undefined; then echo WARNING: Could not determine device tree to use; fi; 
importbootenv=echo Importing environment from mmc${mmcdev} ...; env import -t ${loadaddr} ${filesize}
kernel_addr_r=0x82000000
loadaddr=0x82000000
loadbootenv=fatload mmc ${mmcdev} ${loadaddr} uEnv.txt
loadbootscript=fatload mmc ${mmcdev} ${loadaddr} boot.scr
loadfdt=load mmc ${bootpart} ${fdtaddr} ${bootdir}/${fdtfile};
loadimage=load mmc ${bootpart} ${loadaddr} ${bootdir}/${bootfile}
mmcargs=setenv bootargs console=${console} ${optargs} vram=${vram} root=${mmcroot} rootfstype=${mmcrootfstype}
mmcboot=mmc dev ${mmcdev}; if mmc rescan; then echo SD/MMC found on device ${mmcdev};if run loadbootenv; then echo Loaded environment from ${bootenv};run importbootenv;fi;if test -n $uenvcmd; then echo Running uenvcmd ...;run uenvcmd;fi;if run loadimage; then run loadfdt; echo Booting from mmc${mmcdev} ...; run mmcargs; bootz ${loadaddr} - ${fdtaddr}; fi;fi;
mmcdev=0
mmcroot=/dev/mmcblk0p2 rw
mmcrootfstype=ext4 rootwait
partitions=uuid_disk=${uuid_gpt_disk};name=rootfs,start=2MiB,size=-,uuid=${uuid_gpt_rootfs}
ramdisk_addr_r=0x88080000
rdaddr=0x88080000
scsidevs=0
serverip=192.168.0.1
soc=omap5
stderr=serial
stdin=serial
stdout=serial
usbtty=cdc_acm
vendor=ti
ver=U-Boot 2014.07-gb8febc6 (Dec 08 2014 - 14:47:18)
vram=16M
Environment size: 2167/65532 bytes
U-Boot# 
- 06:50:55 [INFO] Host: printenv
- 06:50:56 [INFO] Target: 
printenv
arch=arm
autoload=no
baudrate=115200
board=beagle_x15
board_name=beagle_x15
bootargs=console=ttyO2,115200n8  earlyprintk rootwait 
bootcmd=
bootdelay=1
bootdir=/boot
bootfile=zImage
bootm_size=0x10000000
bootpart=0:2
bootscript=echo Running bootscript from mmc${mmcdev} ...; source ${loadaddr}
console=ttyO2,115200n8
cpu=armv7
eth1addr=7c:66:9d:ec:f9:49
ethact=cpsw
ethaddr=7c:66:9d:ec:f9:48
fdt_addr_r=0x88000000
fdtaddr=0x88000000
fdtfile=undefined
findfdt=if test $board_name = omap5_uevm; then setenv fdtfile omap5-uevm.dtb; fi; if test $board_name = dra7xx; then setenv fdtfile dra7-evm.dtb; fi;if test $board_name = dra72x; then setenv fdtfile dra72-evm.dtb; fi;if test $board_name = beagle_x15; then setenv fdtfile am57xx-beagle-x15.dtb; fi;if test $fdtfile = undefined; then echo WARNING: Could not determine device tree to use; fi; 
importbootenv=echo Importing environment from mmc${mmcdev} ...; env import -t ${loadaddr} ${filesize}
kernel_addr_r=0x82000000
loadaddr=0x82000000
loadbootenv=fatload mmc ${mmcdev} ${loadaddr} uEnv.txt
loadbootscript=fatload mmc ${mmcdev} ${loadaddr} boot.scr
loadfdt=load mmc ${bootpart} ${fdtaddr} ${bootdir}/${fdtfile};
loadimage=load mmc ${bootpart} ${loadaddr} ${bootdir}/${bootfile}
mmcargs=setenv bootargs console=${console} ${optargs} vram=${vram} root=${mmcroot} rootfstype=${mmcrootfstype}
mmcboot=mmc dev ${mmcdev}; if mmc rescan; then echo SD/MMC found on device ${mmcdev};if run loadbootenv; then echo Loaded environment from ${bootenv};run importbootenv;fi;if test -n $uenvcmd; then echo Running uenvcmd ...;run uenvcmd;fi;if run loadimage; then run loadfdt; echo Booting from mmc${mmcdev} ...; run mmcargs; bootz ${loadaddr} - ${fdtaddr}; fi;fi;
mmcdev=0
mmcroot=/dev/mmcblk0p2 rw
mmcrootfstype=ext4 rootwait
partitions=uuid_disk=${uuid_gpt_disk};name=rootfs,start=2MiB,size=-,uuid=${uuid_gpt_rootfs}
ramdisk_addr_r=0x88080000
rdaddr=0x88080000
scsidevs=0
serverip=192.168.0.1
soc=omap5
stderr=serial
stdin=serial
stdout=serial
usbtty=cdc_acm
vendor=ti
ver=U-Boot 2014.07-gb8febc6 (Dec 08 2014 - 14:47:18)
vram=16M
Environment size: 2167/65532 bytes
U-Boot# 
- 06:50:56 [INFO] Host: setenv bootargs ''${bootargs}' ip=dhcp '
- 06:50:56 [INFO] Target: 
setenv bootargs ''${bootargs}' ip=dhcp '
U-Boot# 
- 06:50:56 [INFO] Host: setenv serverip '192.168.0.1'
- 06:50:57 [INFO] Target: 
setenv serverip '192.168.0.1'
U-Boot# 
- 06:50:57 [INFO] Host: setenv ipaddr dhcp
- 06:50:57 [INFO] Target: 
setenv ipaddr dhcp
U-Boot# 
- 06:50:57 [INFO] Host: setenv autoload 'no'
- 06:50:58 [INFO] Target: 
setenv autoload 'no'
U-Boot# 
- 06:50:58 [INFO] Host: dhcp
- 06:51:06 [INFO] Target: 
dhcp
link up on port 0, speed 1000, full duplex
BOOTP broadcast 1
cpsw Waiting for PHY auto negotiation to complete......... TIMEOUT !
link down on port 0
BOOTP broadcast 2
cpsw Waiting for PHY auto negotiation to complete... done
link up on port 0, speed 1000, full duplex
DHCP client bound to address 192.168.0.132
U-Boot# 
- 06:51:06 [INFO] Host: setenv serverip '192.168.0.1'
- 06:51:06 [INFO] Target: 
setenv serverip '192.168.0.1'
U-Boot# 
- 06:51:06 [INFO] Host: tftp ${loadaddr} 192.168.0.1:vatf_am57xx-evm/8e1c6c5abe74aa9887ab16a172b981c3
- 06:51:07 [INFO] Target: 
tftp ${loadaddr} 192.168.0.1:vatf_am57xx-evm/8e1c6c5abe74aa9887ab16a172b981c3
link up on port 0, speed 1000, full duplex
Using cpsw device
TFTP from server 192.168.0.1; our IP address is 192.168.0.132
Filename 'vatf_am57xx-evm/8e1c6c5abe74aa9887ab16a172b981c3'.
Load address: 0x82000000
Loading: *#################################################################
	 #################################################################
	 #################################################################
	 #################################################################
	 #############################################
	 12 MiB/s
done
Bytes transferred = 4466808 (442878 hex)
U-Boot# 
- 06:51:07 [INFO] Host: tftp ${fdt_addr_r} 192.168.0.1:vatf_am57xx-evm/5eeb9903b0e2aa6ed3680d9aaabb35b8
- 06:51:07 [INFO] Target: 
tftp ${fdt_addr_r} 192.168.0.1:vatf_am57xx-evm/5eeb9903b0e2aa6ed3680d9aaabb35b8
link up on port 0, speed 1000, full duplex
Using cpsw device
TFTP from server 192.168.0.1; our IP address is 192.168.0.132
Filename 'vatf_am57xx-evm/5eeb9903b0e2aa6ed3680d9aaabb35b8'.
Load address: 0x88000000
Loading: *#####
	 9.5 MiB/s
done
Bytes transferred = 69568 (10fc0 hex)
U-Boot# 
- 06:51:07 [INFO] Host: ls mmc 0:1
- 06:51:08 [INFO] Target: 
ls mmc 0:1
   314400   u-boot.img 
    59268   mlo 
        4   ws-calibrate.rules 
3 file(s), 0 dir(s)
U-Boot# 
- 06:51:08 [INFO] Host: ls mmc 0:2
- 06:51:08 [INFO] Target: 
ls mmc 0:2
<DIR>       4096 .
<DIR>       4096 ..
<DIR>      16384 lost+found
<DIR>       4096 srv
<DIR>       4096 home
<DIR>       4096 media
<DIR>       4096 opt
<DIR>       4096 var
<DIR>       4096 sys
<DIR>       4096 boot
<DIR>       4096 dev
<DIR>       4096 usr
<DIR>       4096 bin
<DIR>       4096 mnt
<DIR>       4096 etc
<DIR>       4096 sbin
<DIR>       4096 www
<SYM>          8 tmp
<DIR>       4096 proc
<DIR>       4096 run
<DIR>       4096 lib
<DIR>       4096 test
U-Boot# 
- 06:51:08 [INFO] Host: part uuid mmc 0:2
- 06:51:09 [INFO] Target: 
part uuid mmc 0:2
00000000-02
U-Boot# 
- 06:51:09 [INFO] Host: printenv
- 06:51:09 [INFO] Target: 
printenv
arch=arm
autoload=no
baudrate=115200
board=beagle_x15
board_name=beagle_x15
bootargs=console=ttyO2,115200n8  earlyprintk rootwait  ip=dhcp 
bootcmd=
bootdelay=1
bootdir=/boot
bootfile=zImage
bootm_size=0x10000000
bootpart=0:2
bootscript=echo Running bootscript from mmc${mmcdev} ...; source ${loadaddr}
console=ttyO2,115200n8
cpu=armv7
dnsip=192.0.2.2
dnsip2=192.0.2.3
eth1addr=7c:66:9d:ec:f9:49
ethact=cpsw
ethaddr=7c:66:9d:ec:f9:48
fdt_addr_r=0x88000000
fdtaddr=0x88000000
fdtfile=undefined
fileaddr=88000000
filesize=10fc0
findfdt=if test $board_name = omap5_uevm; then setenv fdtfile omap5-uevm.dtb; fi; if test $board_name = dra7xx; then setenv fdtfile dra7-evm.dtb; fi;if test $board_name = dra72x; then setenv fdtfile dra72-evm.dtb; fi;if test $board_name = beagle_x15; then setenv fdtfile am57xx-beagle-x15.dtb; fi;if test $fdtfile = undefined; then echo WARNING: Could not determine device tree to use; fi; 
gatewayip=192.168.0.1
importbootenv=echo Importing environment from mmc${mmcdev} ...; env import -t ${loadaddr} ${filesize}
ipaddr=192.168.0.132
kernel_addr_r=0x82000000
loadaddr=0x82000000
loadbootenv=fatload mmc ${mmcdev} ${loadaddr} uEnv.txt
loadbootscript=fatload mmc ${mmcdev} ${loadaddr} boot.scr
loadfdt=load mmc ${bootpart} ${fdtaddr} ${bootdir}/${fdtfile};
loadimage=load mmc ${bootpart} ${loadaddr} ${bootdir}/${bootfile}
mmcargs=setenv bootargs console=${console} ${optargs} vram=${vram} root=${mmcroot} rootfstype=${mmcrootfstype}
mmcboot=mmc dev ${mmcdev}; if mmc rescan; then echo SD/MMC found on device ${mmcdev};if run loadbootenv; then echo Loaded environment from ${bootenv};run importbootenv;fi;if test -n $uenvcmd; then echo Running uenvcmd ...;run uenvcmd;fi;if run loadimage; then run loadfdt; echo Booting from mmc${mmcdev} ...; run mmcargs; bootz ${loadaddr} - ${fdtaddr}; fi;fi;
mmcdev=0
mmcroot=/dev/mmcblk0p2 rw
mmcrootfstype=ext4 rootwait
netmask=255.255.255.0
partitions=uuid_disk=${uuid_gpt_disk};name=rootfs,start=2MiB,size=-,uuid=${uuid_gpt_rootfs}
ramdisk_addr_r=0x88080000
rdaddr=0x88080000
scsidevs=0
serverip=192.168.0.1
soc=omap5
stderr=serial
stdin=serial
stdout=serial
usbtty=cdc_acm
vendor=ti
ver=U-Boot 2014.07-gb8febc6 (Dec 08 2014 - 14:47:18)
vram=16M
Environment size: 2321/65532 bytes
U-Boot# 
- 06:51:09 [INFO] Host: setenv bootargs ''${bootargs}' root=PARTUUID=00000000-02 rw rootfstype=ext4 rootwait '
- 06:51:10 [INFO] Target: 
setenv bootargs ''${bootargs}' root=PARTUUID=00000000-02 rw rootfstype=ext4 rootwait '
U-Boot# 
- 06:51:10 [INFO] Host: printenv
- 06:51:10 [INFO] Target: 
printenv
arch=arm
autoload=no
baudrate=115200
board=beagle_x15
board_name=beagle_x15
bootargs=console=ttyO2,115200n8  earlyprintk rootwait  ip=dhcp  root=PARTUUID=00000000-02 rw rootfstype=ext4 rootwait 
bootcmd=
bootdelay=1
bootdir=/boot
bootfile=zImage
bootm_size=0x10000000
bootpart=0:2
bootscript=echo Running bootscript from mmc${mmcdev} ...; source ${loadaddr}
console=ttyO2,115200n8
cpu=armv7
dnsip=192.0.2.2
dnsip2=192.0.2.3
eth1addr=7c:66:9d:ec:f9:49
ethact=cpsw
ethaddr=7c:66:9d:ec:f9:48
fdt_addr_r=0x88000000
fdtaddr=0x88000000
fdtfile=undefined
fileaddr=88000000
filesize=10fc0
findfdt=if test $board_name = omap5_uevm; then setenv fdtfile omap5-uevm.dtb; fi; if test $board_name = dra7xx; then setenv fdtfile dra7-evm.dtb; fi;if test $board_name = dra72x; then setenv fdtfile dra72-evm.dtb; fi;if test $board_name = beagle_x15; then setenv fdtfile am57xx-beagle-x15.dtb; fi;if test $fdtfile = undefined; then echo WARNING: Could not determine device tree to use; fi; 
gatewayip=192.168.0.1
importbootenv=echo Importing environment from mmc${mmcdev} ...; env import -t ${loadaddr} ${filesize}
ipaddr=192.168.0.132
kernel_addr_r=0x82000000
loadaddr=0x82000000
loadbootenv=fatload mmc ${mmcdev} ${loadaddr} uEnv.txt
loadbootscript=fatload mmc ${mmcdev} ${loadaddr} boot.scr
loadfdt=load mmc ${bootpart} ${fdtaddr} ${bootdir}/${fdtfile};
loadimage=load mmc ${bootpart} ${loadaddr} ${bootdir}/${bootfile}
mmcargs=setenv bootargs console=${console} ${optargs} vram=${vram} root=${mmcroot} rootfstype=${mmcrootfstype}
mmcboot=mmc dev ${mmcdev}; if mmc rescan; then echo SD/MMC found on device ${mmcdev};if run loadbootenv; then echo Loaded environment from ${bootenv};run importbootenv;fi;if test -n $uenvcmd; then echo Running uenvcmd ...;run uenvcmd;fi;if run loadimage; then run loadfdt; echo Booting from mmc${mmcdev} ...; run mmcargs; bootz ${loadaddr} - ${fdtaddr}; fi;fi;
mmcdev=0
mmcroot=/dev/mmcblk0p2 rw
mmcrootfstype=ext4 rootwait
netmask=255.255.255.0
partitions=uuid_disk=${uuid_gpt_disk};name=rootfs,start=2MiB,size=-,uuid=${uuid_gpt_rootfs}
ramdisk_addr_r=0x88080000
rdaddr=0x88080000
scsidevs=0
serverip=192.168.0.1
soc=omap5
stderr=serial
stdin=serial
stdout=serial
usbtty=cdc_acm
vendor=ti
ver=U-Boot 2014.07-gb8febc6 (Dec 08 2014 - 14:47:18)
vram=16M
Environment size: 2376/65532 bytes
U-Boot# 
- 06:51:10 [INFO] Host: setenv bootcmd ''${bootcmd}' if iminfo ${loadaddr}; then bootm ${loadaddr} - ${fdt_addr_r}; else bootz ${loadaddr} - ${fdt_addr_r}; bootm ${loadaddr} - ${fdt_addr_r}; fi'
- 06:51:11 [INFO] Target: 
setenv bootcmd ''${bootcmd}' if iminfo ${loadaddr}; then bootm ${loadaddr} - ${fdt_addr_r}; else bootz ${loadaddr} - ${fdt_addr_r}; bootm ${loadaddr} - ${fdt_addr_r}; fi'
U-Boot# 
- 06:51:11 [INFO] Host: bdinfo
- 06:51:11 [INFO] Target: 
bdinfo
arch_number = 0x00000000
boot_params = 0x80000100
DRAM bank   = 0x00000000
-> start    = 0x80000000
-> size     = 0x80000000
DRAM bank   = 0x00000001
-> start    = 0x00000000
-> size     = 0x00000000
eth0name    = cpsw
ethaddr     = 7c:66:9d:ec:f9:48
current eth = cpsw
ip_addr     = 192.168.0.132
baudrate    = 115200 bps
TLB addr    = 0xFFFF0000
relocaddr   = 0xFFF60000
reloc off   = 0x7F760000
irq_sp      = 0xFEF4FEE0
sp start    = 0xFEF4FED0
U-Boot# 
- 06:51:11 [INFO] Host: mmc rescan
- 06:51:12 [INFO] Target: 
mmc rescan
U-Boot# 
- 06:51:12 [INFO] Host: fatwrite mmc ${mmcdev}:1 ${loadaddr} ws-calibrate.rules 4
- 06:51:12 [INFO] Target: 
fatwrite mmc ${mmcdev}:1 ${loadaddr} ws-calibrate.rules 4
writing ws-calibrate.rules
4 bytes written
U-Boot# 
- 06:51:12 [INFO] Host: boot
- 06:51:36 [INFO] Target: 
boot
## Checking Image at 82000000 ...
Unknown image format!
Kernel image @ 0x82000000 [ 0x000000 - 0x442878 ]
## Flattened Device Tree blob at 88000000
   Booting using the fdt blob at 0x88000000
   Loading Device Tree to 8ffec000, end 8fffffbf ... OK
Starting kernel ...
[    0.000000] Booting Linux on physical CPU 0x0
[    0.000000] Initializing cgroup subsys cpuset
[    0.000000] Initializing cgroup subsys cpu
[    0.000000] Initializing cgroup subsys cpuacct
[    0.000000] Linux version 3.19.0-rc6-next-20150127-00002-g1025b8bcc97a (nmenon@kahuna) (gcc version 4.6.3 (Ubuntu/Linaro 4.6.3-1ubuntu5) ) #1 SMP Tue Jan 27 05:43:13 CST 2015
[    0.000000] CPU: ARMv7 Processor [412fc0f2] revision 2 (ARMv7), cr=10c5387d
[    0.000000] CPU: PIPT / VIPT nonaliasing data cache, PIPT instruction cache
[    0.000000] Machine model: TI AM5728 BeagleBoard-X15
[    0.000000] cma: Reserved 16 MiB at 0xfe800000
[    0.000000] Memory policy: Data cache writealloc
[    0.000000] DRA752 ES1.1
[    0.000000] PERCPU: Embedded 12 pages/cpu @ee580000 s19392 r8192 d21568 u49152
[    0.000000] Built 1 zonelists in Zone order, mobility grouping on.  Total pages: 522321
[    0.000000] Kernel command line: console=ttyO2,115200n8  earlyprintk rootwait  ip=dhcp  root=PARTUUID=00000000-02 rw rootfstype=ext4 rootwait 
[    0.000000] PID hash table entries: 4096 (order: 2, 16384 bytes)
[    0.000000] Dentry cache hash table entries: 131072 (order: 7, 524288 bytes)
[    0.000000] Inode-cache hash table entries: 65536 (order: 6, 262144 bytes)
[    0.000000] Memory: 2042528K/2096124K available (5866K kernel code, 624K rwdata, 2252K rodata, 432K init, 8220K bss, 37212K reserved, 16384K cma-reserved, 1301500K highmem)
[    0.000000] Virtual kernel memory layout:
[    0.000000]     vector  : 0xffff0000 - 0xffff1000   (   4 kB)
[    0.000000]     fixmap  : 0xffc00000 - 0xfff00000   (3072 kB)
[    0.000000]     vmalloc : 0xf0000000 - 0xff000000   ( 240 MB)
[    0.000000]     lowmem  : 0xc0000000 - 0xef800000   ( 760 MB)
[    0.000000]     pkmap   : 0xbfe00000 - 0xc0000000   (   2 MB)
[    0.000000]     modules : 0xbf000000 - 0xbfe00000   (  14 MB)
[    0.000000]       .text : 0xc0008000 - 0xc07f5e28   (8120 kB)
[    0.000000]       .init : 0xc07f6000 - 0xc0862000   ( 432 kB)
[    0.000000]       .data : 0xc0862000 - 0xc08fe2e8   ( 625 kB)
[    0.000000]        .bss : 0xc08fe2e8 - 0xc1105488   (8221 kB)
[    0.000000] Hierarchical RCU implementation.
[    0.000000] 	Additional per-CPU info printed with stalls.
[    0.000000] NR_IRQS:16 nr_irqs:16 16
[    0.000000] OMAP clockevent source: timer1 at 32768 Hz
[    0.000000] sched_clock: 32 bits at 32kHz, resolution 30517ns, wraps every 65536000000000ns
[    0.000030] OMAP clocksource: 32k_counter at 32768 Hz
[    0.000457] Architected cp15 timer(s) running at 6.14MHz (virt).
[    0.000492] sched_clock: 56 bits at 6MHz, resolution 162ns, wraps every 2794592043008ns
[    0.000504] Switching to timer-based delay loop, resolution 162ns
[    0.001664] Console: colour dummy device 80x30
[    0.001696] Lock dependency validator: Copyright (c) 2006 Red Hat, Inc., Ingo Molnar
[    0.001703] ... MAX_LOCKDEP_SUBCLASSES:  8
[    0.001709] ... MAX_LOCK_DEPTH:          48
[    0.001715] ... MAX_LOCKDEP_KEYS:        8191
[    0.001721] ... CLASSHASH_SIZE:          4096
[    0.001727] ... MAX_LOCKDEP_ENTRIES:     32768
[    0.001733] ... MAX_LOCKDEP_CHAINS:      65536
[    0.001738] ... CHAINHASH_SIZE:          32768
[    0.001744]  memory used by lock dependency info: 5167 kB
[    0.001750]  per task-struct memory footprint: 1152 bytes
[    0.001769] Calibrating delay loop (skipped), value calculated using timer frequency.. 12.29 BogoMIPS (lpj=61475)
[    0.001782] pid_max: default: 32768 minimum: 301
[    0.002057] Security Framework initialized
[    0.002171] Mount-cache hash table entries: 2048 (order: 1, 8192 bytes)
[    0.002183] Mountpoint-cache hash table entries: 2048 (order: 1, 8192 bytes)
[    0.004218] Initializing cgroup subsys blkio
[    0.004242] Initializing cgroup subsys memory
[    0.004293] Initializing cgroup subsys devices
[    0.004349] Initializing cgroup subsys freezer
[    0.004432] Initializing cgroup subsys perf_event
[    0.004486] CPU: Testing write buffer coherency: ok
[    0.005340] /cpus/cpu@0 missing clock-frequency property
[    0.005378] /cpus/cpu@1 missing clock-frequency property
[    0.005389] CPU0: thread -1, cpu 0, socket 0, mpidr 80000000
[    0.005447] Setting up static identity map for 0x8058fb48 - 0x8058fbb8
[    0.009438] CPU1: thread -1, cpu 1, socket 0, mpidr 80000001
[    0.009933] Brought up 2 CPUs
[    0.009947] SMP: Total of 2 processors activated (24.59 BogoMIPS).
[    0.009954] CPU: All CPU(s) started in SVC mode.
[    0.012141] devtmpfs: initialized
[    0.013680] VFP support v0.3: implementor 41 architecture 4 part 30 variant f rev 0
[    0.013780] omap_hwmod: l3_main_2 using broken dt data from ocp
[    0.169497] omap_hwmod: dss_core: _wait_target_disable failed
[    0.169510] omap_hwmod: dss_core: _wait_target_ready failed: -16
[    0.169521] omap_hwmod: dss_core: cannot be enabled for reset (3)
[    0.172120] omap_hwmod: dss_dispc: _wait_target_ready failed: -16
[    0.172131] omap_hwmod: dss_dispc: cannot be enabled for reset (3)
[    0.174708] omap_hwmod: dss_hdmi: _wait_target_ready failed: -16
[    0.174718] omap_hwmod: dss_hdmi: cannot be enabled for reset (3)
[    0.245403] omap_hwmod: pcie1: _wait_target_disable failed
[    0.251815] omap_hwmod: pcie2: _wait_target_disable failed
[    0.254198] pinctrl core: initialized pinctrl subsystem
[    0.308341] NET: Registered protocol family 16
[    0.312651] DMA: preallocated 256 KiB pool for atomic coherent allocations
[    0.341315] cpuidle: using governor ladder
[    0.371229] cpuidle: using governor menu
[    0.379335] OMAP GPIO hardware version 0.1
[    0.389019] irq: no irq domain found for /ocp/pinmux@4a003400 !
[    0.394853] platform 4e000000.dmm: Cannot lookup hwmod 'dmm'
[    0.405205] No ATAGs?
[    0.405266] hw-breakpoint: found 5 (+1 reserved) breakpoint and 4 watchpoint registers.
[    0.405275] hw-breakpoint: maximum watchpoint size is 8 bytes.
[    0.407322] OMAP DMA hardware revision 0.0
[    0.469472] omap-dma-engine 4a056000.dma-controller: OMAP DMA engine driver
[    0.470383] reg-fixed-voltage fixedregulator-vdd_3v3: Failed to find supply vin
[    0.471559] reg-fixed-voltage fixedregulator-vdd_3v3: Failed to register regulator: -517
[    0.471598] platform fixedregulator-vdd_3v3: Driver reg-fixed-voltage requests probe deferral
[    0.472155] reg-fixed-voltage fixedregulator-vtt: Failed to find supply vin
[    0.472608] reg-fixed-voltage fixedregulator-vtt: Failed to register regulator: -517
[    0.472641] platform fixedregulator-vtt: Driver reg-fixed-voltage requests probe deferral
[    0.475009] SCSI subsystem initialized
[    0.476131] omap_i2c 48070000.i2c: could not find pctldev for node /ocp/pinmux@4a003400/i2c1_pins_default, deferring probe
[    0.476152] platform 48070000.i2c: Driver omap_i2c requests probe deferral
[    0.476203] omap_i2c 48060000.i2c: could not find pctldev for node /ocp/pinmux@4a003400/i2c3_pins_default, deferring probe
[    0.476221] platform 48060000.i2c: Driver omap_i2c requests probe deferral
[    0.478994] Switched to clocksource arch_sys_counter
[    0.579080] NET: Registered protocol family 2
[    0.580220] TCP established hash table entries: 8192 (order: 3, 32768 bytes)
[    0.580422] TCP bind hash table entries: 8192 (order: 6, 294912 bytes)
[    0.582702] TCP: Hash tables configured (established 8192 bind 8192)
[    0.582835] TCP: reno registered
[    0.582857] UDP hash table entries: 512 (order: 3, 40960 bytes)
[    0.583165] UDP-Lite hash table entries: 512 (order: 3, 40960 bytes)
[    0.584107] NET: Registered protocol family 1
[    0.585306] RPC: Registered named UNIX socket transport module.
[    0.585317] RPC: Registered udp transport module.
[    0.585325] RPC: Registered tcp transport module.
[    0.585332] RPC: Registered tcp NFSv4.1 backchannel transport module.
[    0.586768] hw perfevents: enabled with armv7_cortex_a15 PMU driver, 7 counters available
[    0.590167] futex hash table entries: 512 (order: 3, 32768 bytes)
[    0.590420] audit: initializing netlink subsys (disabled)
[    0.590518] audit: type=2000 audit(0.579:1): initialized
[    0.593240] VFS: Disk quotas dquot_6.5.2
[    0.593350] VFS: Dquot-cache hash table entries: 1024 (order 0, 4096 bytes)
[    0.594970] NFS: Registering the id_resolver key type
[    0.595185] Key type id_resolver registered
[    0.595194] Key type id_legacy registered
[    0.595304] jffs2: version 2.2. (NAND) (SUMMARY)   2001-2006 Red Hat, Inc.
[    0.597980] bounce: pool size: 64 pages
[    0.598030] io scheduler noop registered
[    0.598047] io scheduler deadline registered
[    0.598081] io scheduler cfq registered (default)
[    0.601598] pinctrl-single 4a003400.pinmux: 281 pins at pa fc003400 size 1124
[    0.606745] Serial: 8250/16550 driver, 4 ports, IRQ sharing enabled
[    0.611229] 48020000.serial: ttyO2 at MMIO 0x48020000 (irq = 295, base_baud = 3000000) is a OMAP UART2
[    1.433201] console [ttyO2] enabled
[    1.456357] brd: module loaded
[    1.471685] loop: module loaded
[    1.476418] ahci 4a140000.sata: couldn't get PHY in node sata: -517
[    1.483023] platform 4a140000.sata: Driver ahci requests probe deferral
[    1.490510] mtdoops: mtd device (mtddev=name/number) must be supplied
[    1.501398] mousedev: PS/2 mouse device common for all mice
[    1.507229] i2c /dev entries driver
[    1.511044] Driver 'mmcblk' needs updating - please use bus_type methods
[    1.518992] omap_hsmmc 4809c000.mmc: Got CD GPIO
[    1.524349] omap_hsmmc 4809c000.mmc: unable to get vmmc regulator -517
[    1.531533] platform 4809c000.mmc: Driver omap_hsmmc requests probe deferral
[    1.539506] omap_hsmmc 480b4000.mmc: unable to get vmmc regulator -517
[    1.546422] platform 480b4000.mmc: Driver omap_hsmmc requests probe deferral
[    1.553977] ledtrig-cpu: registered to indicate activity on CPUs
[    1.561578] oprofile: using timer interrupt.
[    1.566408] TCP: cubic registered
[    1.569914] Initializing XFRM netlink socket
[    1.574444] NET: Registered protocol family 17
[    1.579145] NET: Registered protocol family 15
[    1.583970] Key type dns_resolver registered
[    1.588544] omap_voltage_late_init: Voltage driver support not added
[    1.595202] sr_dev_init: Unable to get voltage domain pointer for VDD core
[    1.602407] sr_dev_init: Unable to get voltage domain pointer for VDD mpu
[    1.610088] Power Management for TI OMAP4+ devices.
[    1.615516] ThumbEE CPU extension supported.
[    1.620023] Registering SWP/SWPB emulation handler
[    1.625050] SmartReflex Class3 initialized
[    1.636710] omap_hwmod: gpio6: _wait_target_disable failed
[    1.645977] reg-fixed-voltage fixedregulator-vdd_3v3: Failed to find supply vin
[    1.654058] reg-fixed-voltage fixedregulator-vdd_3v3: Failed to register regulator: -517
[    1.662587] platform fixedregulator-vdd_3v3: Driver reg-fixed-voltage requests probe deferral
[    1.672262] reg-fixed-voltage fixedregulator-vtt: Failed to find supply vin
[    1.680013] reg-fixed-voltage fixedregulator-vtt: Failed to register regulator: -517
[    1.688156] platform fixedregulator-vtt: Driver reg-fixed-voltage requests probe deferral
[    1.699678] palmas 0-0058: Irq flag is 0x00000008
[    1.723301] palmas 0-0058: Muxing GPIO 2f, PWM 0, LED 0
[    1.769632] omap_i2c 48070000.i2c: bus 0 rev0.12 at 400 kHz
[    1.777063] omap_i2c 48060000.i2c: bus 2 rev0.12 at 400 kHz
[    1.783213] ahci 4a140000.sata: couldn't get PHY in node sata: -517
[    1.789838] platform 4a140000.sata: Driver ahci requests probe deferral
[    1.797277] omap_hsmmc 4809c000.mmc: Got CD GPIO
[    1.840041] omap_hsmmc 480b4000.mmc: unable to get vmmc regulator -517
[    1.847004] platform 480b4000.mmc: Driver omap_hsmmc requests probe deferral
[    1.854894] vdd_3v3: supplied by regen1
[    1.860097] vtt_fixed: supplied by smps3
[    1.864927] ahci 4a140000.sata: couldn't get PHY in node sata: -517
[    1.871540] platform 4a140000.sata: Driver ahci requests probe deferral
[    1.919225] ahci 4a140000.sata: couldn't get PHY in node sata: -517
[    1.925824] platform 4a140000.sata: Driver ahci requests probe deferral
[    1.998920] davinci_mdio 48485000.mdio: davinci mdio revision 1.6
[    2.005305] davinci_mdio 48485000.mdio: detected phy mask fffffff9
[    2.010814] mmc0: host does not support reading read-only switch, assuming write-enable
[    2.014966] mmc0: new high speed SD card at address e624
[    2.016312] mmcblk0: mmc0:e624 SU02G 1.84 GiB 
[    2.029490]  mmcblk0: p1 p2 p3
[    2.032630] ahci 4a140000.sata: couldn't get PHY in node sata: -517
[    2.032675] platform 4a140000.sata: Driver ahci requests probe deferral
[    2.053297] libphy: 48485000.mdio: probed
[    2.057495] davinci_mdio 48485000.mdio: phy[1]: device 48485000.mdio:01, driver unknown
[    2.065898] davinci_mdio 48485000.mdio: phy[2]: device 48485000.mdio:02, driver unknown
[    2.074618] ahci 4a140000.sata: couldn't get PHY in node sata: -517
[    2.075257] cpsw 48484000.ethernet: Detected MACID = 7c:66:9d:ec:f9:48
[    2.077084] cpsw 48484000.ethernet: cpsw: Detected MACID = 7c:66:9d:ec:f9:49
[    2.078369] drivers/rtc/hctosys.c: unable to open rtc device (rtc0)
[    2.078379] sr_init: No PMIC hook to init smartreflex
[    2.078588] sr_init: platform driver register failed for SR
[    2.113222] platform 4a140000.sata: Driver ahci requests probe deferral
[    2.120572] ahci 4a140000.sata: couldn't get PHY in node sata: -517
[    2.125539] net eth0: initializing cpsw version 1.15 (0)
[    2.132829] platform 4a140000.sata: Driver ahci requests probe deferral
[    2.140178] ahci 4a140000.sata: couldn't get PHY in node sata: -517
[    2.146787] platform 4a140000.sata: Driver ahci requests probe deferral
[    2.166466] mmc1: BKOPS_EN bit is not set
[    2.178587] mmc1: new high speed MMC card at address 0001
[    2.185160] mmcblk1: mmc1:0001 S10004 3.56 GiB 
[    2.190185] mmcblk1boot0: mmc1:0001 S10004 partition 1 4.00 MiB
[    2.196624] mmcblk1boot1: mmc1:0001 S10004 partition 2 4.00 MiB
[    2.202997] net eth0: phy found : id is : 0x221622
[    2.204540]  mmcblk1: p1 p2
[    2.209380] ahci 4a140000.sata: couldn't get PHY in node sata: -517
[    2.209423] platform 4a140000.sata: Driver ahci requests probe deferral
[    2.229427] net eth1: initializing cpsw version 1.15 (0)
[    2.238498] ahci 4a140000.sata: couldn't get PHY in node sata: -517
[    2.245122] platform 4a140000.sata: Driver ahci requests probe deferral
[    2.322596] net eth1: phy found : id is : 0x221622
[   12.205751] cpsw 48484000.ethernet eth0: Link is Up - 1Gbps/Full - flow control rx/tx
[   12.228915] Sending DHCP requests ., OK
[   12.308907] IP-Config: Got DHCP answer from 192.168.0.1, my address is 192.168.0.132
[   12.321813] IP-Config: Complete:
[   12.325200]      device=eth0, hwaddr=7c:66:9d:ec:f9:48, ipaddr=192.168.0.132, mask=255.255.255.0, gw=192.168.0.1
[   12.335871]      host=192.168.0.132, domain=ti.com, nis-domain=(none)
[   12.342636]      bootserver=192.168.0.1, rootserver=192.168.0.1, rootpath=
[   12.349669]      nameserver0=192.0.2.2, nameserver1=192.0.2.3
[   12.356676] ldousb: disabling
[   12.394102] EXT4-fs (mmcblk0p2): mounted filesystem with ordered data mode. Opts: (null)
[   12.402676] VFS: Mounted root (ext4 filesystem) on device 179:2.
[   12.414048] devtmpfs: mounted
[   12.417536] Freeing unused kernel memory: 432K (c07f6000 - c0862000)
INIT: version 2.88 booting
Error opening /dev/fb0: No such file or directory
Starting udev
[   13.054986] udevd[84]: starting version 182
[   15.409821] EXT4-fs (mmcblk1p2): mounted filesystem without journal. Opts: (null)
[   15.419215] FAT-fs (mmcblk1p1): Volume was not properly unmounted. Some data may be corrupt. Please run fsck.
[   15.430144] EXT4-fs (mmcblk0p3): mounted filesystem without journal. Opts: (null)
[   15.437283] FAT-fs (mmcblk0p1): Volume was not properly unmounted. Some data may be corrupt. Please run fsck.
depmod: ERROR: could not open directory /lib/modules/3.19.0-rc6-next-20150127-00002-g1025b8bcc97a: No such file or directory
depmod: WARNING: -e needs -E or -F
depmod: ERROR: could not open directory /lib/modules/3.19.0-rc6-next-20150127-00002-g1025b8bcc97a: No such file or directory
depmod: FATAL: could not search modules: No such file or directory
[   15.786852] EXT4-fs (mmcblk0p2): re-mounted. Opts: data=ordered
Starting Bootlog daemon: bootlogd: cannot allocate pseudo tty: No such file or directory
bootlogd.
[   15.903072] random: dd urandom read with 62 bits of entropy available
Populating dev cache
ALSA: Restoring mixer settings...
/usr/sbin/alsactl: load_state:1729: No soundcards found...
hwclock: can't open '/dev/misc/rtc': No such file or directory
Thu Dec 11 00:43:00 UTC 2014
hwclock: can't open '/dev/misc/rtc': No such file or directory
INIT: Entering runlevel: 5
Configuring network interfaces... udhcpc (v1.22.1) started
Sending discover...
Sending select for 192.168.0.220...
Lease of 192.168.0.220 obtained, lease time 600
/etc/udhcpc.d/50default: Adding DNS 192.0.2.2
/etc/udhcpc.d/50default: Adding DNS 192.0.2.3
done.
Starting system message bus: dbus.
Starting Dropbear SSH server: dropbear.
Starting telnet daemon.
Starting tiipclad daemon
Spawned daemon: /usr/bin/lad_dra7xx
Starting rpcbind daemon...rpcbind: cannot create socket for udp6
rpcbind: cannot create socket for tcp6
done.
creating NFS state directory: done
starting statd: done
hwclock: can't open '/dev/misc/rtc': No such file or directory
Starting syslogd/klogd: done
Starting thttpd.
Starting Lighttpd Web Server: lighttpd.
2014-12-11 00:43:02: (/home/jenkins/tisdk-build/build-CORTEX_1/arago-tmp-external-linaro-toolchain/work/cortexa15t2hf-vfp-neon-oe-linux-gnueabi/lighttpd/1.4.33-r1/lighttpd-1.4.33/src/log.c.166) server started 
Starting Matrix GUI application.
[   20.686124] random: nonblocking pool is initialized
***************************************************************
***************************************************************
NOTICE: This file system contains the followin GPLv3 packages:
	binutils
	elfutils
	gdbserver
	libdw1
	libelf1
	parted
If you do not wish to distribute GPLv3 components please remove
the above packages prior to distribution.  This can be done using
the opkg remove command.  i.e.:
    opkg remove <package>
Where <package> is the name printed in the list above
NOTE: If the package is a dependency of another package you
      will be notified of the dependent packages.  You should
      use the --force-removal-of-dependent-packages option to
      also remove the dependent packages as well
***************************************************************
***************************************************************
Stopping Bootlog daemon: bootlogd.
 _____                    _____           _         _   
|  _  |___ ___ ___ ___   |  _  |___ ___  |_|___ ___| |_ 
|     |  _| .'| . | . |  |   __|  _| . | | | -_|  _|  _|
|__|__|_| |__,|_  |___|  |__|  |_| |___|_| |___|___|_|  
              |___|                    |___|            
Arago Project http://arago-project.org am57xx-evm /dev/ttyO2
Arago 2014.10 am57xx-evm /dev/ttyO2
am57xx-evm login: 
- 06:51:36 [INFO] Host: root
- 06:51:36 [INFO] Target: 
root
root@am57xx-evm:~# 
- 06:51:36 [INFO] Host: uname -a
- 06:51:37 [INFO] Target: 
uname -a
Linux am57xx-evm 3.19.0-rc6-next-20150127-00002-g1025b8bcc97a #1 SMP Tue Jan 27 05:43:13 CST 2015 armv7l GNU/Linux
root@am57xx-evm:~# 
- 06:51:37 [INFO] Host: cat /proc/cmdline
- 06:51:37 [INFO] Target: 
cat /proc/cmdline
console=ttyO2,115200n8  earlyprintk rootwait  ip=dhcp  root=PARTUUID=00000000-02 rw rootfstype=ext4 rootwait 
root@am57xx-evm:~# 
- 06:51:37 [INFO] Host: uname -a
- 06:51:38 [INFO] Target: 
uname -a
Linux am57xx-evm 3.19.0-rc6-next-20150127-00002-g1025b8bcc97a #1 SMP Tue Jan 27 05:43:13 CST 2015 armv7l GNU/Linux
root@am57xx-evm:~# 
- 06:51:38 [INFO] Host: cat /proc/mtd
- 06:51:38 [INFO] Target: 
cat /proc/mtd
dev:    size   erasesize  name
root@am57xx-evm:~# 
- 06:51:42 [INFO] Host: export IPERFHOST=192.168.0.1
- 06:51:43 [INFO] Target: 
export IPERFHOST=192.168.0.1
root@am57xx-evm:~# 
- 06:51:43 [INFO] Host: export NFS_SERVER=192.168.0.1
- 06:51:43 [INFO] Target: 
export NFS_SERVER=192.168.0.1
root@am57xx-evm:~# 
- 06:51:43 [INFO] Host: export NFS_ROOT_PATH=/home/tigtfarm05/NFS_exports/am57xx-evm
- 06:51:44 [INFO] Target: 
export NFS_ROOT_PATH=/home/tigtfarm05/NFS_exports/am57xx-evm
root@am57xx-evm:~# 
- 06:51:44 [INFO] Host: mkdir -p -m 777 /test
- 06:51:44 [INFO] Target: 
mkdir -p -m 777 /test
root@am57xx-evm:~# 
- 06:51:44 [INFO] Host: cd /test
- 06:51:45 [INFO] Target: 
cd /test
root@am57xx-evm:/test# 
- 06:51:45 [INFO] Host: cat > test.sh << EOF
- 06:51:45 [INFO] Target: 
cat > test.sh << EOF
- 06:51:45 [INFO] Host: failtest() {
- 06:51:46 [INFO] Target: 
failtest() {
- 06:51:46 [INFO] Host:   echo 1 >&3
- 06:51:46 [INFO] Target: 
  echo 1 >&3
- 06:51:46 [INFO] Host: }
- 06:51:47 [INFO] Target: 
- 06:51:47 [INFO] Host: timeout=600
- 06:51:47 [INFO] Target: 
timeout=600
- 06:51:47 [INFO] Host: 
- 06:51:48 [INFO] Target: 
- 06:51:48 [INFO] Host: # Start of user's script logic
- 06:51:48 [INFO] Target: 
# Start of user's script logic
- 06:51:48 [INFO] Host: 
- 06:51:49 [INFO] Target: 
- 06:51:49 [INFO] Host: 
- 06:51:49 [INFO] Target: 
- 06:51:49 [INFO] Host: mount -t proc proc /proc 2>/dev/null;
- 06:51:50 [INFO] Target: 
mount -t proc proc /proc 2>/dev/null;
- 06:51:50 [INFO] Host: 
- 06:51:50 [INFO] Target: 
- 06:51:50 [INFO] Host: mount -t sysfs sys /sys 2>/dev/null;
- 06:51:51 [INFO] Target: 
mount -t sysfs sys /sys 2>/dev/null;
- 06:51:51 [INFO] Host: 
- 06:51:51 [INFO] Target: 
- 06:51:51 [INFO] Host: mount -t debugfs none /sys/kernel/debug 2>/dev/null;
- 06:51:52 [INFO] Target: 
mount -t debugfs none /sys/kernel/debug 2>/dev/null;
- 06:51:52 [INFO] Host: 
- 06:51:52 [INFO] Target: 
- 06:51:52 [INFO] Host: echo 'cpuinfo:';cat /proc/cpuinfo; echo '=======';
- 06:51:53 [INFO] Target: 
echo 'cpuinfo:';cat /proc/cpuinfo; echo '=======';
- 06:51:53 [INFO] Host: 
- 06:51:53 [INFO] Target: 
- 06:51:53 [INFO] Host: echo 'soc info:';head /sys/devices/soc0/* 2>/dev/null; echo '=======';
- 06:51:54 [INFO] Target: 
echo 'soc info:';head /sys/devices/soc0/* 2>/dev/null; echo '=======';
- 06:51:54 [INFO] Host: 
- 06:51:54 [INFO] Target: 
- 06:51:54 [INFO] Host: echo 'DT Model info'; head /proc/device-tree/name /proc/device-tree/model /proc/device-tree/compatible 2>/dev/null;echo; echo '=======';
- 06:51:55 [INFO] Target: 
echo 'DT Model info'; head /proc/device-tree/name /proc/device-tree/model /pro 
c/device-tree/compatible 2>/dev/null;echo; echo '=======';
- 06:51:55 [INFO] Host: 
- 06:51:55 [INFO] Target: 
- 06:51:55 [INFO] Host: echo 'interrupts:';cat /proc/interrupts; echo '=======';
- 06:51:56 [INFO] Target: 
echo 'interrupts:';cat /proc/interrupts; echo '=======';
- 06:51:56 [INFO] Host: 
- 06:51:56 [INFO] Target: 
- 06:51:56 [INFO] Host: echo 'Clk_summary:';cat /sys/kernel/debug/clk/clk_summary; echo '=======';
- 06:51:57 [INFO] Target: 
echo 'Clk_summary:';cat /sys/kernel/debug/clk/clk_summary; echo '=======';
- 06:51:57 [INFO] Host: 
- 06:51:57 [INFO] Target: 
- 06:51:57 [INFO] Host: echo 'Orphan Clks:';ls /sys/kernel/debug/clk/orphans/; echo '=======';
- 06:51:58 [INFO] Target: 
echo 'Orphan Clks:';ls /sys/kernel/debug/clk/orphans/; echo '=======';
- 06:51:58 [INFO] Host: 
- 06:51:58 [INFO] Target: 
- 06:51:58 [INFO] Host: echo "Available frequencies"; cat /sys/devices/system/cpu/cpu0/cpufreq/scaling_available_frequencies 2>/dev/null;echo '=======';
- 06:51:59 [INFO] Target: 
echo "Available frequencies"; cat /sys/devices/system/cpu/cpu0/cpufreq/scaling 
_available_frequencies 2>/dev/null;echo '=======';
- 06:51:59 [INFO] Host: 
- 06:51:59 [INFO] Target: 
- 06:51:59 [INFO] Host: echo 'H''ello World' 'B''oard Booted';
- 06:52:00 [INFO] Target: 
echo 'H''ello World' 'B''oard Booted';
- 06:52:00 [INFO] Host: 
- 06:52:00 [INFO] Target: 
- 06:52:00 [INFO] Host: EOF
- 06:52:01 [INFO] Target: 
root@am57xx-evm:/test# 
- 06:52:01 [INFO] Host: cd /test
- 06:52:01 [INFO] Target: 
cd /test
root@am57xx-evm:/test# 
- 06:52:01 [INFO] Host: chmod +x test.sh
- 06:52:02 [INFO] Target: 
chmod +x test.sh
root@am57xx-evm:/test# 
- 06:52:02 [INFO] Host: ./test.sh 2> stderr.log > stdout.log 3> result.log
- 06:52:02 [INFO] Target: 
./test.sh 2> stderr.log > stdout.log 3> result.log
root@am57xx-evm:/test# 
- 06:52:02 [INFO] Host: echo $?
- 06:52:03 [INFO] Target: 
echo $?
root@am57xx-evm:/test# 
- 06:52:03 [INFO] Host: cd /test
- 06:52:03 [INFO] Target: 
cd /test
root@am57xx-evm:/test# 
- 06:52:03 [INFO] Host: cat stdout.log
- 06:52:06 [INFO] Target: 
cat stdout.log
cpuinfo:
processor	: 0
model name	: ARMv7 Processor rev 2 (v7l)
BogoMIPS	: 12.29
Features	: half thumb fastmult vfp edsp thumbee neon vfpv3 tls vfpv4 idiva idivt vfpd32 lpae evtstrm 
CPU implementer	: 0x41
CPU architecture: 7
CPU variant	: 0x2
CPU part	: 0xc0f
CPU revision	: 2
processor	: 1
model name	: ARMv7 Processor rev 2 (v7l)
BogoMIPS	: 12.29
Features	: half thumb fastmult vfp edsp thumbee neon vfpv3 tls vfpv4 idiva idivt vfpd32 lpae evtstrm 
CPU implementer	: 0x41
CPU architecture: 7
CPU variant	: 0x2
CPU part	: 0xc0f
CPU revision	: 2
Hardware	: Generic DRA74X (Flattened Device Tree)
Revision	: 0000
Serial		: 0000000000000000
=======
soc info:
==> /sys/devices/soc0/family <==
DRA7
==> /sys/devices/soc0/machine <==
DRA752
==> /sys/devices/soc0/power <==
==> /sys/devices/soc0/revision <==
ES1.1
==> /sys/devices/soc0/subsystem <==
==> /sys/devices/soc0/type <==
==> /sys/devices/soc0/uevent <==
=======
DT Model info
==> /proc/device-tree/name <==
==> /proc/device-tree/model <==
TI AM5728 BeagleBoard-X15
==> /proc/device-tree/compatible <==
ti,am572x-beagle-x15ti,am5728ti,dra742ti,dra74ti,dra7
=======
interrupts:
           CPU0       CPU1       
 16:          0          0       GIC 191  gp_timer
 19:       1145       1705       GIC  27  arch_timer
 22:          0          0       GIC 190  l3-dbg-irq
 23:          0          0       GIC  42  l3-app-irq
 28:       4473          0       GIC 185  omap-dma-engine
 32:          1          0  4ae10000.gpio   0  palmas
224:          0          0  4805d000.gpio  27  4809c000.mmc cd
295:       4625          0       GIC 174  OMAP UART2
308:        404          0       GIC 156  48070000.i2c
309:          0          0       GIC 155  48060000.i2c
310:       5496          0       GIC 154  mmc0
311:        862          0       GIC 153  mmc1
317:         27          0       GIC 147  48484000.ethernet
318:         14          0       GIC 146  48484000.ethernet
331:          1          0      PRCM  pinctrl
386:          1          0   pinctrl 584  OMAP UART2
IPI0:          0          1  CPU wakeup interrupts
IPI1:          0          0  Timer broadcast interrupts
IPI2:       1568       2229  Rescheduling interrupts
IPI3:          0          0  Function call interrupts
IPI4:        276         64  Single function call interrupts
IPI5:          0          0  CPU stop interrupts
IPI6:          0          0  IRQ work interrupts
IPI7:          0          0  completion interrupts
Err:          0
=======
Clk_summary:
   clock                         enable_cnt  prepare_cnt        rate   accuracy   phase
----------------------------------------------------------------------------------------
 dummy_ck                                 0            0           0          0 0  
 video2_m2_clkin_ck                       0            0           0          0 0  
    video2_dclk_div                       0            0           0          0 0  
 video2_clkin_ck                          0            0           0          0 0  
    video2_div_clk                        0            0           0          0 0  
    video2_clk2_div                       0            0           0          0 0  
 video1_m2_clkin_ck                       0            0           0          0 0  
    video1_dclk_div                       0            0           0          0 0  
 video1_clkin_ck                          0            0           0          0 0  
    video1_div_clk                        0            0           0          0 0  
    video1_clk2_div                       0            0           0          0 0  
 usb_otg_clkin_ck                         0            0           0          0 0  
    usb_otg_dclk_div                      0            0           0          0 0  
 sys_clkin2                               0            0    22579200          0 0  
    abe_dpll_sys_clk_mux                  0            0    22579200          0 0  
       abe_dpll_clk_mux                   0            0    22579200          0 0  
          dpll_abe_ck                     0            0   180633600          0 0  
             dpll_abe_m2_ck               0            0   180633600          0 0  
                per_abe_x1_gfclk2_div           0            0   180633600          0 0  
                   mcasp8_aux_gfclk_mux           0            0   180633600          0 0  
                   mcasp7_aux_gfclk_mux           0            0   180633600          0 0  
                   mcasp6_aux_gfclk_mux           0            0   180633600          0 0  
                   mcasp5_aux_gfclk_mux           0            0   180633600          0 0  
                   mcasp4_aux_gfclk_mux           0            0   180633600          0 0  
                   mcasp3_aux_gfclk_mux           0            0   180633600          0 0  
                   mcasp2_aux_gfclk_mux           0            0   180633600          0 0  
                   mcasp1_aux_gfclk_mux           0            0   180633600          0 0  
                per_abe_x1_dclk_div           0            0   180633600          0 0  
             dpll_abe_x2_ck               0            0   361267200          0 0  
                dpll_abe_m3x2_ck           0            0   180633600          0 0  
                   usb_dpll_hs_clk_div           0            0    60211200          0 0  
                   per_dpll_hs_clk_div           0            0    90316800          0 0  
                   dpll_gpu_ck            0            0   180633600          0 0  
                      dpll_gpu_m2_ck           0            0    22579200          0 0  
                         gpu_dclk           0            0    22579200          0 0  
                dpll_abe_m2x2_ck           0            0   361267200          0 0  
                   abe_lp_clk_div           0            0    22579200          0 0  
                   abe_24m_fclk           0            0    45158400          0 0  
                      mcasp8_ahclk_mux           0            0    45158400          0 0  
                      mcasp7_ahclkx_mux           0            0    45158400          0 0  
                      mcasp6_ahclkx_mux           0            0    45158400          0 0  
                      mcasp5_ahclkx_mux           0            0    45158400          0 0  
                      mcasp4_ahclkx_mux           0            0    45158400          0 0  
                      mcasp3_ahclkx_mux           0            0    45158400          0 0  
                      mcasp2_ahclkx_mux           0            0    45158400          0 0  
                      mcasp2_ahclkr_mux           0            0    45158400          0 0  
                      mcasp1_ahclkx_mux           0            0    45158400          0 0  
                      mcasp1_ahclkr_mux           0            0    45158400          0 0  
                   ipu1_gfclk_mux           0            0   361267200          0 0  
                   abe_clk                0            0   361267200          0 0  
                      aess_fclk           0            0   361267200          0 0  
                         abe_giclk_div           0            0   361267200          0 0  
       abe_dpll_bypass_clk_mux            0            0    22579200          0 0  
    sys_clk2_dclk_div                     0            0    22579200          0 0  
 virt_38400000_ck                         0            0    38400000          0 0  
 virt_27000000_ck                         0            0    27000000          0 0  
 virt_26000000_ck                         0            0    26000000          0 0  
 virt_20000000_ck                         1            1    20000000          0 0  
    sys_clkin1                            5           12    20000000          0 0  
       wkupaon_iclk_mux                  10           12    20000000          0 0  
          l3instr_ts_gclk_div             0            0      625000          0 0  
       sata_ref_clk                       0            0    20000000          0 0  
       dpll_usb_ck                        0            1   960000000          0 0  
          dpll_usb_clkdcoldo              0            1   960000000          0 0  
             l3init_960m_gfclk            0            2   960000000          0 0  
                usb_otg_ss2_refclk960m           0            1   960000000          0 0  
                usb_otg_ss1_refclk960m           0            1   960000000          0 0  
          dpll_usb_m2_ck                  0            0   480000000          0 0  
             l3init_480m_dclk_div           0            0   480000000          0 0  
             l3init_60m_fclk              0            0    60000000          0 0  
       dpll_per_ck                        1            1   384000000          0 0  
          dpll_per_x2_ck                  1            3   768000000          0 0  
             dpll_per_m2x2_ck             1            5   192000000          0 0  
                mmc2_fclk_mux             0            1   192000000          0 0  
                   mmc2_fclk_div           0            1    96000000          0 0  
                mmc1_fclk_mux             0            1   192000000          0 0  
                   mmc1_fclk_div           0            1    96000000          0 0  
                func_96m_fclk             0            5    96000000          0 0  
                func_48m_fclk             1           18    48000000          0 0  
                   uart6_gfclk_mux           0            1    48000000          0 0  
                   uart10_gfclk_mux           0            1    48000000          0 0  
                   uart9_gfclk_mux           0            1    48000000          0 0  
                   uart8_gfclk_mux           0            1    48000000          0 0  
                   uart7_gfclk_mux           0            1    48000000          0 0  
                   uart5_gfclk_mux           0            1    48000000          0 0  
                   uart4_gfclk_mux           0            1    48000000          0 0  
                   uart3_gfclk_mux           1            1    48000000          0 0  
                   uart2_gfclk_mux           0            1    48000000          0 0  
                   uart1_gfclk_mux           0            1    48000000          0 0  
                   mmc4_gfclk_mux           0            1    48000000          0 0  
                      mmc4_gfclk_div           0            1    48000000          0 0  
                   mmc3_gfclk_mux           0            1    48000000          0 0  
                      mmc3_gfclk_div           0            1    48000000          0 0  
                   dss_48mhz_clk           0            2    48000000          0 0  
                func_12m_fclk             0            1    12000000          0 0  
             dpll_per_h14x2_ck            0            0   384000000          0 0  
             dpll_per_h13x2_ck            0            1   192000000          0 0  
                qspi_gfclk_mux            0            1   192000000          0 0  
                   qspi_gfclk_div           0            1   192000000          0 0  
             dpll_per_h12x2_ck            0            1   192000000          0 0  
                dss_dss_clk               0            3   192000000          0 0  
             dpll_per_h11x2_ck            0            0   256000000          0 0  
                func_128m_clk             0            0   128000000          0 0  
          dpll_per_m2_ck                  0            0    96000000          0 0  
             func_24m_clk                 0            0    24000000          0 0  
             func_96m_aon_dclk_div           0            0    96000000          0 0  
       dpll_pcie_ref_ck                   0            0    20000000          0 0  
          dpll_pcie_ref_m2_ck             0            0    20000000          0 0  
             pcie2_dclk_div               0            0    20000000          0 0  
          dpll_pcie_ref_m2ldo_ck           0            0    20000000          0 0  
             apll_pcie_in_clk_mux           0            0    20000000          0 0  
                apll_pcie_ck              0            0    20000000          0 0  
                   apll_pcie_m2_ck           0            0    20000000          0 0  
                      pcie_dclk_div           0            0    20000000          0 0  
                   apll_pcie_clkvcoldo_div           0            0    20000000          0 0  
                   apll_pcie_clkvcoldo           0            0    20000000          0 0  
                   optfclk_pciephy2_clk           0            0    20000000          0 0  
                   optfclk_pciephy1_clk           0            0    20000000          0 0  
                   optfclk_pciephy_div           0            0    10000000          0 0  
                      optfclk_pciephy2_div_clk           0            0    10000000          0 0  
                      optfclk_pciephy1_div_clk           0            0    10000000          0 0  
       dpll_gmac_ck                       3            3  1000000000          0 0  
          dpll_gmac_x2_ck                 0            0  2000000000          0 0  
             dpll_gmac_m3x2_ck            0            0   200000000          0 0  
             dpll_gmac_h13x2_ck           0            0   200000000          0 0  
             dpll_gmac_h12x2_ck           0            0   250000000          0 0  
             dpll_gmac_h11x2_ck           0            0    50000000          0 0  
                gmii_m_clk_div            0            0    25000000          0 0  
          dpll_gmac_m2_ck                 0            0   250000000          0 0  
             gmac_250m_dclk_div           0            0   250000000          0 0  
             gmac_gmii_ref_clk_div           0            0   125000000          0 0  
       dpll_ddr_ck                        0            0  1064000000          0 0  
          dpll_ddr_x2_ck                  0            0  2128000000          0 0  
             dpll_ddr_h11x2_ck            0            0   266000000          0 0  
          dpll_ddr_m2_ck                  0            0   532000000          0 0  
             emif_phy_dclk_div            0            0   532000000          0 0  
       dpll_mpu_ck                        1            1  1000000000          0 0  
          dpll_mpu_m2_ck                  1            1  1000000000          0 0  
             mpu_dclk_div                 0            0  1000000000          0 0  
       dpll_core_ck                       1            1  1064000000          0 0  
          dpll_core_m2_ck                 0            0   532000000          0 0  
             core_dpll_out_dclk_div           0            0   532000000          0 0  
          dpll_core_x2_ck                 2            3  2128000000          0 0  
             dpll_core_h24x2_ck           0            1   354666667          0 0  
             dpll_core_h23x2_ck           0            0   532000000          0 0  
             dpll_core_h22x2_ck           0            0   425600000          0 0  
             dpll_core_h14x2_ck           0            0   425600000          0 0  
                gpu_hyd_gclk_mux           0            0   425600000          0 0  
                gpu_core_gclk_mux           0            0   425600000          0 0  
             dpll_core_h13x2_ck           4            8    34322581          0 0  
             dpll_core_h12x2_ck           1            1   532000000          0 0  
                l3_iclk_div              85           96   266000000          0 0  
                   vip3_gclk_mux           0            0   266000000          0 0  
                   vip2_gclk_mux           0            0   266000000          0 0  
                   vip1_gclk_mux           0            0   266000000          0 0  
                   gmac_rft_clk_mux           0            0   266000000          0 0  
                   atl_gfclk_mux           0            1   266000000          0 0  
                      atl_clkin3_ck           0            0   266000000          0 0  
                      atl_clkin2_ck           0            0   266000000          0 0  
                      atl_clkin1_ck           0            0   266000000          0 0  
                      atl_clkin0_ck           0            0   266000000          0 0  
                   l4_root_clk_div           9           15   133000000          0 0  
                eve_dpll_hs_clk_div           0            0   532000000          0 0  
                   dpll_eve_ck            0            0   532000000          0 0  
                      dpll_eve_m2_ck           0            0   532000000          0 0  
                         eve_clk           0            0   532000000          0 0  
                         eve_dclk_div           0            0   532000000          0 0  
                iva_dpll_hs_clk_div           0            0   532000000          0 0  
                   dpll_iva_ck            0            0   532000000          0 0  
                      dpll_iva_m2_ck           0            0   532000000          0 0  
                         iva_dclk           0            0   532000000          0 0  
                dsp_dpll_hs_clk_div           0            0   532000000          0 0  
                   dpll_dsp_ck            0            0   532000000          0 0  
                      dpll_dsp_x2_ck           0            0   532000000          0 0  
                         dpll_dsp_m3x2_ck           0            0   532000000          0 0  
                      dpll_dsp_m2_ck           0            0   532000000          0 0  
                         dsp_gclk_div           0            0   532000000          0 0  
                mpu_dpll_hs_clk_div           0            0   532000000          0 0  
       dcan1_sys_clk_mux                  0            1    20000000          0 0  
       video2_dpll_clk_mux                0            1    20000000          0 0  
          dss_video2_clk                  0            1    20000000          0 0  
       video1_dpll_clk_mux                0            1    20000000          0 0  
          dss_video1_clk                  0            1    20000000          0 0  
       timer_sys_clk_div                  0           10    20000000          0 0  
          timer9_gfclk_mux                0            1    20000000          0 0  
          timer4_gfclk_mux                0            1    20000000          0 0  
          timer3_gfclk_mux                0            1    20000000          0 0  
          timer2_gfclk_mux                0            1    20000000          0 0  
          timer16_gfclk_mux               0            0    20000000          0 0  
          timer15_gfclk_mux               0            0    20000000          0 0  
          timer14_gfclk_mux               0            0    20000000          0 0  
          timer13_gfclk_mux               0            0    20000000          0 0  
          timer11_gfclk_mux               0            1    20000000          0 0  
          timer10_gfclk_mux               0            1    20000000          0 0  
          timer8_gfclk_mux                0            1    20000000          0 0  
          timer7_gfclk_mux                0            1    20000000          0 0  
          timer6_gfclk_mux                0            1    20000000          0 0  
          timer5_gfclk_mux                0            1    20000000          0 0  
       hdmi_dpll_clk_mux                  0            1    20000000          0 0  
          dss_hdmi_clk                    0            2    20000000          0 0  
       custefuse_sys_gfclk_div            0            0    10000000          0 0  
       emu_dclk_div                       0            0    20000000          0 0  
       sata_dclk_div                      0            0    20000000          0 0  
       sys_clk1_dclk_div                  0            0    20000000          0 0  
          clkoutmux2_clk_mux              0            0    20000000          0 0  
          clkoutmux1_clk_mux              0            0    20000000          0 0  
          clkoutmux0_clk_mux              0            0    20000000          0 0  
       adc_gfclk_mux                      0            0    20000000          0 0  
       abe_sys_clk_div                    0            0    20000000          0 0  
 virt_19200000_ck                         0            0    19200000          0 0  
 virt_16800000_ck                         0            0    16800000          0 0  
 virt_13000000_ck                         0            0    13000000          0 0  
 virt_12000000_ck                         0            0    12000000          0 0  
 sys_32k_ck                               1           16       32768          0 0  
    timer1_gfclk_mux                      1            1       32768          0 0  
    gpio1_dbclk                           0            1       32768          0 0  
    atl_dpll_clk_mux                      0            0       32768          0 0  
    usb_phy3_always_on_clk32k             0            0       32768          0 0  
    usb_phy2_always_on_clk32k             0            0       32768          0 0  
    usb_phy1_always_on_clk32k             0            0       32768          0 0  
    mmc4_clk32k                           0            1       32768          0 0  
    mmc3_clk32k                           0            1       32768          0 0  
    mmc2_clk32k                           0            1       32768          0 0  
    mmc1_clk32k                           0            1       32768          0 0  
    gpio8_dbclk                           0            1       32768          0 0  
    gpio7_dbclk                           0            1       32768          0 0  
    gpio6_dbclk                           0            1       32768          0 0  
    gpio5_dbclk                           0            1       32768          0 0  
    gpio4_dbclk                           0            1       32768          0 0  
    gpio3_dbclk                           0            1       32768          0 0  
    gpio2_dbclk                           0            1       32768          0 0  
    dss_32khz_clk                         0            1       32768          0 0  
    optfclk_pciephy2_32khz                0            0       32768          0 0  
    optfclk_pciephy1_32khz                0            0       32768          0 0  
 secure_32k_clk_src_ck                    0            0       32768          0 0  
    secure_32k_dclk_div                   0            0       32768          0 0  
 sdvenc_clkin_ck                          0            0           0          0 0  
 rmii_clk_ck                              0            0           0          0 0  
 ref_clkin3_ck                            0            0           0          0 0  
 ref_clkin2_ck                            0            0           0          0 0  
 ref_clkin1_ck                            0            0           0          0 0  
 ref_clkin0_ck                            0            0           0          0 0  
 pciesref_acs_clk_ck                      0            0   100000000          0 0  
 mlbp_clkin_ck                            0            0           0          0 0  
    mlbp_clk                              0            0           0          0 0  
 mlb_clkin_ck                             0            0           0          0 0  
    mlb_clk                               0            0           0          0 0  
 hdmi_clkin_ck                            0            0           0          0 0  
    hdmi_div_clk                          0            0           0          0 0  
    hdmi_clk2_div                         0            0           0          0 0  
    hdmi_dclk_div                         0            0           0          0 0  
=======
Orphan Clks:
=======
Available frequencies
=======
Hello World Board Booted
root@am57xx-evm:/test# 
- 06:52:06 [INFO] Host: cat stderr.log
- 06:52:06 [INFO] Target: 
cat stderr.log
ls: /sys/kernel/debug/clk/orphans/: No such file or directory
root@am57xx-evm:/test# 
- 06:52:06 [INFO] Host: cat result.log
- 06:52:08 [ERROR] On command: cat result.log waiting for cat result.log.+?(?m-ix:^1[\0\n\r]+) >>> error: execution expired
- 06:52:08 [INFO] Target: 
cat result.log
root@am57xx-evm:/test# 
- 06:52:08 [INFO] Host: cd /test
- 06:52:09 [INFO] Target: 
cd /test
root@am57xx-evm:/test# 
URL:gtsystest.telogy.design.ti.com/vatf/tigtfarm05/tigtfarm05_vatf@am57xx-evm/tigtfarm0501_27_2015_06_48_42/files/session_iteration_1/test_1
