- 12:06:35 [INFO] Starting target session
- 12:06:36 [INFO] Connected to am57xx-evm via serial 
- 12:06:36 [INFO] Host: #check prompt
- 12:06:39 [ERROR] On command: #check prompt waiting for #check prompt.+?(?-mix:((?-mix:login:)|[Pp]assword)) >>> error: execution expired
- 12:06:39 [INFO] Target: 
#check prompt
root@am57xx-evm:/test# 
- 12:06:39 [INFO] Host: #check prompt
- 12:06:39 [INFO] Target: 
#check prompt
root@am57xx-evm:/test# 
- 12:06:39 [INFO] Host: sync;poweroff
- 12:06:50 [INFO] Target: 
sync;poweroff
Broadcast message from root@am57xx-evm (ttyS2) (Sat Aug 22 03:27:18 2015):
The system is going down for sUIM SYSFS Node Not Found
Stopping Dropbear SSH server: stopped /usr/sbin/dropbear (pid 944)
dropbear.
Stopping telnet daemon.
Stopping tiipclad daemon.
Stopping system message bus: dbus.
Stopping syslogd/klogd: stopped syslogd (pid 969)
stopped klogd (pid 971)
done
Stopping thttpd.
Stopping Weston
stopping statd: done
Stopping random number generator daemon.
ALSA: Storing mixer settings...
Stopping rpcbind daemon...
done.
Stopping Lighttpd Web Server: stopped /usr/sbin/lighttpd (pid 979)
lighttpd.
NOT deconfiguring network interfaces: / is an NFS mount
Stopping Matrix GUI applicationstart-stop-daemon: warning: killing process 990: No such process
Disabling thermal zones...
***************************************************************
***************************************************************
NOTICE: This file system contains the following GPLv3 packages:
	autoconf
	binutils
	cpp-symlinks
	cpp
	g++-symlinks
	g++
	gcc-symlinks
	gcc
	gdbserver
	gstreamer1.0-libav
	libgmp10
	libmpc3
	libmpfr4
	make
	parted
If you do not wish to distribute GPLv3 components please remove
the above packages prior to distribution.  This can be done using
the opkg remove command.  i.e.:
    opkg remove <package>
Where <package> is the name printed in the list above
NOTE: If the package is a dependency of another package you
      will be notified of the dependent packages.  You should
      use the --force-removal-of-dependent-packages option to
      also remove the dependent packages as well
***************************************************************
***************************************************************
Sending all processes the TERM signal...
Sending all processes the KILL signal...
Unmounting remote filesystems...
Deactivating swap...
Unmounting local filesystems...
[ 1854.215129] sd 0:0:0:0: [sda] Synchronizing SCSI cache
[ 1854.220602] sd 0:0:0:0: [sda] Stopping disk
[ 1854.718835] reboot: Power down
- 12:06:50 [INFO] Disconnected serial from am57xx-evm
- 12:06:55 [INFO] Connected to am57xx-evm via serial 
- 12:06:55 [INFO] Host: 
- 12:06:58 [INFO] Target: 
reading uboot.env
Target spinup took 0 ms.
AHCI 0001.0300 32 slots 1 ports 3 Gbps 0x1 impl SATA mode
flags: 64bit ncq stag pm led clo only pmp pio slum part ccc apst 
SCSI:  Target spinup took 0 ms.
AHCI 0001.0300 32 slots 1 ports 3 Gbps 0x1 impl SATA mode
flags: 64bit ncq stag pm led clo only pmp pio slum part ccc apst 
scanning bus for devices...
  Device 0: (0:0) Vendor: ATA Prod.: ST3500514NS Rev: SN11
            Type: Hard Disk
            Capacity: 476940.0 MB = 465.7 GB (976773168 x 512)
Found 1 device(s).
Net:   <ethaddr> not set. Validating first E-fuse MAC
cpsw
Hit any key to stop autoboot:  1  0 
U-Boot# 
U-Boot# 
U-Boot# 
U-Boot# 
U-Boot# 
U-Boot# 
U-Boot# 
U-Boot# 
U-Boot# 
U-Boot# 
U-Boot# 
U-Boot# 
U-Boot# 
U-Boot# 
U-Boot# 
U-Boot# 
U-Boot# 
U-Boot# 
U-Boot# 
U-Boot# 
U-Boot# 
U-Boot# 
U-Boot# 
U-Boot# 
U-Boot# 
U-Boot# 
U-Boot# 
U-Boot# 
U-Boot# 
U-Boot# 
U-Boot# 
U-Boot# 
U-Boot# 
U-Boot# 
U-Boot# 
U-Boot# 
- 12:06:58 [INFO] Host: 
- 12:06:59 [INFO] Target: 
U-Boot# 
U-Boot# 
U-Boot# 
- 12:06:59 [INFO] Host: version
- 12:06:59 [INFO] Target: 
version
U-Boot 2015.07 (Aug 07 2015 - 03:51:17 -0400)
arm-linux-gnueabihf-gcc (Linaro GCC 4.9-2015.01-3) 4.9.3 20150113 (prerelease)
GNU ld (GNU Binutils) Linaro 2014.11-3-git 2.24.0.20141017
U-Boot# 
- 12:06:59 [INFO] Host: setenv bootargs 'console=ttyO2,115200n8  earlyprintk rootwait '
- 12:06:59 [INFO] Target: 
setenv bootargs 'console=ttyO2,115200n8  earlyprintk rootwait '
U-Boot# 
- 12:06:59 [INFO] Host: setenv bootcmd  ''
- 12:06:59 [INFO] Target: 
setenv bootcmd  ''
U-Boot# 
- 12:06:59 [INFO] Host: setenv autoload 'no'
- 12:06:59 [INFO] Target: 
setenv autoload 'no'
U-Boot# 
- 12:06:59 [INFO] Host: setenv serverip '192.168.0.1'
- 12:06:59 [INFO] Target: 
setenv serverip '192.168.0.1'
U-Boot# 
- 12:06:59 [INFO] Host: printenv
- 12:06:59 [INFO] Target: 
printenv
arch=arm
autoload=no
baudrate=115200
board=beagle_x15
board_name=beagle_x15
bootargs=console=ttyO2,115200n8  earlyprintk rootwait 
bootcmd=
bootdelay=1
bootdir=/boot
bootenv=uEnv.txt
bootfile=zImage
bootm_size=0x10000000
bootpart=0:2
bootscript=echo Running bootscript from mmc${mmcdev} ...; source ${loadaddr}
console=ttyO2,115200n8
cpu=armv7
dfu_alt_info_emmc=rawemmc raw 0 3751936;boot part 1 1;rootfs part 1 2;MLO fat 1 1;MLO.raw raw 0x100 0x100;u-boot.img.raw raw 0x300 0x400;spl-os-args.raw raw 0x80 0x80;spl-os-image.raw raw 0x900 0x2000;spl-os-args fat 1 1;spl-os-image fat 1 1;u-boot.img fat 1 1;uEnv.txt fat 1 1
dfu_alt_info_mmc=boot part 0 1;rootfs part 0 2;MLO fat 0 1;MLO.raw raw 0x100 0x100;u-boot.img.raw raw 0x300 0x400;spl-os-args.raw raw 0x80 0x80;spl-os-image.raw raw 0x900 0x2000;spl-os-args fat 0 1;spl-os-image fat 0 1;u-boot.img fat 0 1;uEnv.txt fat 0 1
dfu_alt_info_ram=kernel ram 0x80200000 0x4000000;fdt ram 0x80f80000 0x80000;ramdisk ram 0x81000000 0x4000000
dfu_bufsiz=0x10000
dofastboot=0
eth1addr=74:da:ea:08:0f:e5
ethact=cpsw
ethaddr=74:da:ea:08:0f:e4
fdt_addr_r=0x88000000
fdtaddr=0x88000000
fdtfile=undefined
findfdt=if test $board_name = omap5_uevm; then setenv fdtfile omap5-uevm.dtb; fi; if test $board_name = dra7xx; then setenv fdtfile dra7-evm.dtb; fi;if test $board_name = dra72x; then setenv fdtfile dra72-evm.dtb; fi;if test $board_name = beagle_x15; then setenv fdtfile am57xx-beagle-x15.dtb; fi;if test $fdtfile = undefined; then echo WARNING: Could not determine device tree to use; fi; 
importbootenv=echo Importing environment from mmc${mmcdev} ...; env import -t ${loadaddr} ${filesize}
kernel_addr_r=0x82000000
loadaddr=0x82000000
loadbootenv=fatload mmc ${mmcdev} ${loadaddr} ${bootenv}
loadbootscript=fatload mmc ${mmcdev} ${loadaddr} boot.scr
loadfdt=load mmc ${bootpart} ${fdtaddr} ${bootdir}/${fdtfile};
loadimage=load mmc ${bootpart} ${loadaddr} ${bootdir}/${bootfile}
mmcargs=setenv bootargs console=${console} ${optargs} vram=${vram} root=${mmcroot} rootfstype=${mmcrootfstype}
mmcboot=mmc dev ${mmcdev}; if mmc rescan; then echo SD/MMC found on device ${mmcdev};if run loadbootenv; then echo Loaded environment from ${bootenv};run importbootenv;fi;if test -n $uenvcmd; then echo Running uenvcmd ...;run uenvcmd;fi;if run loadimage; then run loadfdt; echo Booting from mmc${mmcdev} ...; run mmcargs; bootz ${loadaddr} - ${fdtaddr}; fi;fi;
mmcdev=0
mmcroot=/dev/mmcblk0p2 rw
mmcrootfstype=ext4 rootwait
netargs=setenv bootargs console=${console} ${optargs} root=/dev/nfs nfsroot=${serverip}:${rootpath},${nfsopts} rw ip=dhcp
netboot=echo Booting from network ...; setenv autoload no; dhcp; run netloadimage; run netloadfdt; run netargs; bootz ${loadaddr} - ${fdtaddr}
netloadfdt=tftp ${fdtaddr} ${fdtfile}
netloadimage=tftp ${loadaddr} ${bootfile}
nfsopts=nolock
partitions=uuid_disk=${uuid_gpt_disk};name=rootfs,start=2MiB,size=-,uuid=${uuid_gpt_rootfs}
ramdisk_addr_r=0x88080000
rdaddr=0x88080000
rootpath=/export/rootfs
scsidevs=1
serverip=192.168.0.1
soc=omap5
static_ip=${ipaddr}:${serverip}:${gatewayip}:${netmask}:${hostname}::off
stderr=serial
stdin=serial
stdout=serial
usbtty=cdc_acm
vendor=ti
ver=U-Boot 2015.07 (Aug 07 2015 - 03:51:17 -0400)
vram=16M
Environment size: 3340/65532 bytes
U-Boot# 
- 12:06:59 [INFO] Host: printenv
- 12:07:00 [INFO] Target: 
printenv
arch=arm
autoload=no
baudrate=115200
board=beagle_x15
board_name=beagle_x15
bootargs=console=ttyO2,115200n8  earlyprintk rootwait 
bootcmd=
bootdelay=1
bootdir=/boot
bootenv=uEnv.txt
bootfile=zImage
bootm_size=0x10000000
bootpart=0:2
bootscript=echo Running bootscript from mmc${mmcdev} ...; source ${loadaddr}
console=ttyO2,115200n8
cpu=armv7
dfu_alt_info_emmc=rawemmc raw 0 3751936;boot part 1 1;rootfs part 1 2;MLO fat 1 1;MLO.raw raw 0x100 0x100;u-boot.img.raw raw 0x300 0x400;spl-os-args.raw raw 0x80 0x80;spl-os-image.raw raw 0x900 0x2000;spl-os-args fat 1 1;spl-os-image fat 1 1;u-boot.img fat 1 1;uEnv.txt fat 1 1
dfu_alt_info_mmc=boot part 0 1;rootfs part 0 2;MLO fat 0 1;MLO.raw raw 0x100 0x100;u-boot.img.raw raw 0x300 0x400;spl-os-args.raw raw 0x80 0x80;spl-os-image.raw raw 0x900 0x2000;spl-os-args fat 0 1;spl-os-image fat 0 1;u-boot.img fat 0 1;uEnv.txt fat 0 1
dfu_alt_info_ram=kernel ram 0x80200000 0x4000000;fdt ram 0x80f80000 0x80000;ramdisk ram 0x81000000 0x4000000
dfu_bufsiz=0x10000
dofastboot=0
eth1addr=74:da:ea:08:0f:e5
ethact=cpsw
ethaddr=74:da:ea:08:0f:e4
fdt_addr_r=0x88000000
fdtaddr=0x88000000
fdtfile=undefined
findfdt=if test $board_name = omap5_uevm; then setenv fdtfile omap5-uevm.dtb; fi; if test $board_name = dra7xx; then setenv fdtfile dra7-evm.dtb; fi;if test $board_name = dra72x; then setenv fdtfile dra72-evm.dtb; fi;if test $board_name = beagle_x15; then setenv fdtfile am57xx-beagle-x15.dtb; fi;if test $fdtfile = undefined; then echo WARNING: Could not determine device tree to use; fi; 
importbootenv=echo Importing environment from mmc${mmcdev} ...; env import -t ${loadaddr} ${filesize}
kernel_addr_r=0x82000000
loadaddr=0x82000000
loadbootenv=fatload mmc ${mmcdev} ${loadaddr} ${bootenv}
loadbootscript=fatload mmc ${mmcdev} ${loadaddr} boot.scr
loadfdt=load mmc ${bootpart} ${fdtaddr} ${bootdir}/${fdtfile};
loadimage=load mmc ${bootpart} ${loadaddr} ${bootdir}/${bootfile}
mmcargs=setenv bootargs console=${console} ${optargs} vram=${vram} root=${mmcroot} rootfstype=${mmcrootfstype}
mmcboot=mmc dev ${mmcdev}; if mmc rescan; then echo SD/MMC found on device ${mmcdev};if run loadbootenv; then echo Loaded environment from ${bootenv};run importbootenv;fi;if test -n $uenvcmd; then echo Running uenvcmd ...;run uenvcmd;fi;if run loadimage; then run loadfdt; echo Booting from mmc${mmcdev} ...; run mmcargs; bootz ${loadaddr} - ${fdtaddr}; fi;fi;
mmcdev=0
mmcroot=/dev/mmcblk0p2 rw
mmcrootfstype=ext4 rootwait
netargs=setenv bootargs console=${console} ${optargs} root=/dev/nfs nfsroot=${serverip}:${rootpath},${nfsopts} rw ip=dhcp
netboot=echo Booting from network ...; setenv autoload no; dhcp; run netloadimage; run netloadfdt; run netargs; bootz ${loadaddr} - ${fdtaddr}
netloadfdt=tftp ${fdtaddr} ${fdtfile}
netloadimage=tftp ${loadaddr} ${bootfile}
nfsopts=nolock
partitions=uuid_disk=${uuid_gpt_disk};name=rootfs,start=2MiB,size=-,uuid=${uuid_gpt_rootfs}
ramdisk_addr_r=0x88080000
rdaddr=0x88080000
rootpath=/export/rootfs
scsidevs=1
serverip=192.168.0.1
soc=omap5
static_ip=${ipaddr}:${serverip}:${gatewayip}:${netmask}:${hostname}::off
stderr=serial
stdin=serial
stdout=serial
usbtty=cdc_acm
vendor=ti
ver=U-Boot 2015.07 (Aug 07 2015 - 03:51:17 -0400)
vram=16M
Environment size: 3340/65532 bytes
U-Boot# 
- 12:07:00 [INFO] Host: setenv bootargs ''${bootargs}' ip=:::::eth0:dhcp '
- 12:07:00 [INFO] Target: 
setenv bootargs ''${bootargs}' ip=:::::eth0:dhcp '
U-Boot# 
- 12:07:00 [INFO] Host: setenv serverip '192.168.0.1'
- 12:07:00 [INFO] Target: 
setenv serverip '192.168.0.1'
U-Boot# 
- 12:07:00 [INFO] Host: setenv ipaddr dhcp
- 12:07:00 [INFO] Target: 
setenv ipaddr dhcp
## Error: flags type check failure for "ipaddr" <= "dhcp" (type: i)
## Error inserting "ipaddr" variable, errno=1
U-Boot# 
- 12:07:00 [INFO] Host: setenv autoload 'no'
- 12:07:00 [INFO] Target: 
setenv autoload 'no'
U-Boot# 
- 12:07:00 [INFO] Host: dhcp
- 12:07:02 [INFO] Target: 
dhcp
cpsw Waiting for PHY auto negotiation to complete.. done
link up on port 0, speed 1000, full duplex
BOOTP broadcast 1
BOOTP broadcast 2
BOOTP broadcast 3
DHCP client bound to address 192.168.0.111 (1255 ms)
U-Boot# 
- 12:07:02 [INFO] Host: setenv serverip '192.168.0.1'
- 12:07:02 [INFO] Target: 
setenv serverip '192.168.0.1'
U-Boot# 
- 12:07:02 [INFO] Host: tftp ${loadaddr} 192.168.0.1:vatf_am57xx-evm1/4f1298b8743725a3f625ec0639251de7
- 12:07:03 [INFO] Target: 
tftp ${loadaddr} 192.168.0.1:vatf_am57xx-evm1/4f1298b8743725a3f625ec0639251de7
link up on port 0, speed 1000, full duplex
Using cpsw device
TFTP from server 192.168.0.1; our IP address is 192.168.0.111
Filename 'vatf_am57xx-evm1/4f1298b8743725a3f625ec0639251de7'.
Load address: 0x82000000
Loading: *#################################################################
	 #################################################################
	 #################################################################
	 #################################################
	 9.3 MiB/s
done
Bytes transferred = 3571160 (367dd8 hex)
U-Boot# 
- 12:07:03 [INFO] Host: tftp ${fdt_addr_r} 192.168.0.1:vatf_am57xx-evm1/c238b781b2443dafaff155989b75a4d3
- 12:07:03 [INFO] Target: 
tftp ${fdt_addr_r} 192.168.0.1:vatf_am57xx-evm1/c238b781b2443dafaff155989b75a4d3
link up on port 0, speed 1000, full duplex
Using cpsw device
TFTP from server 192.168.0.1; our IP address is 192.168.0.111
Filename 'vatf_am57xx-evm1/c238b781b2443dafaff155989b75a4d3'.
Load address: 0x88000000
Loading: *######
	 8.1 MiB/s
done
Bytes transferred = 76753 (12bd1 hex)
U-Boot# 
- 12:07:03 [INFO] Host: ls mmc 0:1
- 12:07:03 [INFO] Target: 
ls mmc 0:1
    54224   mlo 
   285900   u-boot.img 
        4   ws-calibrate.rules 
        0   pointercal 
       33   primary_bootloader.md5 
       33   fs.md5 
    65536   uboot.env 
7 file(s), 0 dir(s)
U-Boot# 
- 12:07:03 [INFO] Host: ls mmc 0:2
- 12:07:03 [INFO] Target: 
ls mmc 0:2
<DIR>       4096 .
<DIR>       4096 ..
<DIR>       4096 include
<DIR>       4096 srv
<DIR>       4096 home
<DIR>       4096 media
<DIR>       4096 var
<DIR>       4096 sys
<DIR>       4096 boot
<DIR>       4096 dev
<DIR>       4096 usr
<DIR>       4096 bin
<DIR>       4096 mnt
<DIR>       4096 etc
<DIR>       4096 sbin
<DIR>       4096 www
<SYM>          8 tmp
<DIR>       4096 proc
<DIR>       4096 run
<DIR>       4096 lib
<DIR>       4096 test
U-Boot# 
- 12:07:03 [INFO] Host: part uuid mmc 0:2
- 12:07:03 [INFO] Target: 
part uuid mmc 0:2
00000000-02
U-Boot# 
- 12:07:03 [INFO] Host: printenv
- 12:07:03 [INFO] Target: 
printenv
arch=arm
autoload=no
baudrate=115200
board=beagle_x15
board_name=beagle_x15
bootargs=console=ttyO2,115200n8  earlyprintk rootwait  ip=:::::eth0:dhcp 
bootcmd=
bootdelay=1
bootdir=/boot
bootenv=uEnv.txt
bootfile=zImage
bootm_size=0x10000000
bootpart=0:2
bootscript=echo Running bootscript from mmc${mmcdev} ...; source ${loadaddr}
console=ttyO2,115200n8
cpu=armv7
dfu_alt_info_emmc=rawemmc raw 0 3751936;boot part 1 1;rootfs part 1 2;MLO fat 1 1;MLO.raw raw 0x100 0x100;u-boot.img.raw raw 0x300 0x400;spl-os-args.raw raw 0x80 0x80;spl-os-image.raw raw 0x900 0x2000;spl-os-args fat 1 1;spl-os-image fat 1 1;u-boot.img fat 1 1;uEnv.txt fat 1 1
dfu_alt_info_mmc=boot part 0 1;rootfs part 0 2;MLO fat 0 1;MLO.raw raw 0x100 0x100;u-boot.img.raw raw 0x300 0x400;spl-os-args.raw raw 0x80 0x80;spl-os-image.raw raw 0x900 0x2000;spl-os-args fat 0 1;spl-os-image fat 0 1;u-boot.img fat 0 1;uEnv.txt fat 0 1
dfu_alt_info_ram=kernel ram 0x80200000 0x4000000;fdt ram 0x80f80000 0x80000;ramdisk ram 0x81000000 0x4000000
dfu_bufsiz=0x10000
dnsip=192.0.2.2
dnsip2=192.0.2.3
dofastboot=0
eth1addr=74:da:ea:08:0f:e5
ethact=cpsw
ethaddr=74:da:ea:08:0f:e4
fdt_addr_r=0x88000000
fdtaddr=0x88000000
fdtfile=undefined
fileaddr=88000000
filesize=12bd1
findfdt=if test $board_name = omap5_uevm; then setenv fdtfile omap5-uevm.dtb; fi; if test $board_name = dra7xx; then setenv fdtfile dra7-evm.dtb; fi;if test $board_name = dra72x; then setenv fdtfile dra72-evm.dtb; fi;if test $board_name = beagle_x15; then setenv fdtfile am57xx-beagle-x15.dtb; fi;if test $fdtfile = undefined; then echo WARNING: Could not determine device tree to use; fi; 
gatewayip=192.168.0.1
importbootenv=echo Importing environment from mmc${mmcdev} ...; env import -t ${loadaddr} ${filesize}
ipaddr=192.168.0.111
kernel_addr_r=0x82000000
loadaddr=0x82000000
loadbootenv=fatload mmc ${mmcdev} ${loadaddr} ${bootenv}
loadbootscript=fatload mmc ${mmcdev} ${loadaddr} boot.scr
loadfdt=load mmc ${bootpart} ${fdtaddr} ${bootdir}/${fdtfile};
loadimage=load mmc ${bootpart} ${loadaddr} ${bootdir}/${bootfile}
mmcargs=setenv bootargs console=${console} ${optargs} vram=${vram} root=${mmcroot} rootfstype=${mmcrootfstype}
mmcboot=mmc dev ${mmcdev}; if mmc rescan; then echo SD/MMC found on device ${mmcdev};if run loadbootenv; then echo Loaded environment from ${bootenv};run importbootenv;fi;if test -n $uenvcmd; then echo Running uenvcmd ...;run uenvcmd;fi;if run loadimage; then run loadfdt; echo Booting from mmc${mmcdev} ...; run mmcargs; bootz ${loadaddr} - ${fdtaddr}; fi;fi;
mmcdev=0
mmcroot=/dev/mmcblk0p2 rw
mmcrootfstype=ext4 rootwait
netargs=setenv bootargs console=${console} ${optargs} root=/dev/nfs nfsroot=${serverip}:${rootpath},${nfsopts} rw ip=dhcp
netboot=echo Booting from network ...; setenv autoload no; dhcp; run netloadimage; run netloadfdt; run netargs; bootz ${loadaddr} - ${fdtaddr}
netloadfdt=tftp ${fdtaddr} ${fdtfile}
netloadimage=tftp ${loadaddr} ${bootfile}
netmask=255.255.255.0
nfsopts=nolock
partitions=uuid_disk=${uuid_gpt_disk};name=rootfs,start=2MiB,size=-,uuid=${uuid_gpt_rootfs}
ramdisk_addr_r=0x88080000
rdaddr=0x88080000
rootpath=/export/rootfs
scsidevs=1
serverip=192.168.0.1
soc=omap5
static_ip=${ipaddr}:${serverip}:${gatewayip}:${netmask}:${hostname}::off
stderr=serial
stdin=serial
stdout=serial
usbtty=cdc_acm
vendor=ti
ver=U-Boot 2015.07 (Aug 07 2015 - 03:51:17 -0400)
vram=16M
Environment size: 3504/65532 bytes
U-Boot# 
- 12:07:03 [INFO] Host: setenv bootargs ''${bootargs}' root=PARTUUID=00000000-02 rw rootfstype=ext4 rootwait '
- 12:07:04 [INFO] Target: 
setenv bootargs ''${bootargs}' root=PARTUUID=00000000-02 rw rootfstype=ext4 rootwait '
U-Boot# 
- 12:07:04 [INFO] Host: printenv
- 12:07:04 [INFO] Target: 
printenv
arch=arm
autoload=no
baudrate=115200
board=beagle_x15
board_name=beagle_x15
bootargs=console=ttyO2,115200n8  earlyprintk rootwait  ip=:::::eth0:dhcp  root=PARTUUID=00000000-02 rw rootfstype=ext4 rootwait 
bootcmd=
bootdelay=1
bootdir=/boot
bootenv=uEnv.txt
bootfile=zImage
bootm_size=0x10000000
bootpart=0:2
bootscript=echo Running bootscript from mmc${mmcdev} ...; source ${loadaddr}
console=ttyO2,115200n8
cpu=armv7
dfu_alt_info_emmc=rawemmc raw 0 3751936;boot part 1 1;rootfs part 1 2;MLO fat 1 1;MLO.raw raw 0x100 0x100;u-boot.img.raw raw 0x300 0x400;spl-os-args.raw raw 0x80 0x80;spl-os-image.raw raw 0x900 0x2000;spl-os-args fat 1 1;spl-os-image fat 1 1;u-boot.img fat 1 1;uEnv.txt fat 1 1
dfu_alt_info_mmc=boot part 0 1;rootfs part 0 2;MLO fat 0 1;MLO.raw raw 0x100 0x100;u-boot.img.raw raw 0x300 0x400;spl-os-args.raw raw 0x80 0x80;spl-os-image.raw raw 0x900 0x2000;spl-os-args fat 0 1;spl-os-image fat 0 1;u-boot.img fat 0 1;uEnv.txt fat 0 1
dfu_alt_info_ram=kernel ram 0x80200000 0x4000000;fdt ram 0x80f80000 0x80000;ramdisk ram 0x81000000 0x4000000
dfu_bufsiz=0x10000
dnsip=192.0.2.2
dnsip2=192.0.2.3
dofastboot=0
eth1addr=74:da:ea:08:0f:e5
ethact=cpsw
ethaddr=74:da:ea:08:0f:e4
fdt_addr_r=0x88000000
fdtaddr=0x88000000
fdtfile=undefined
fileaddr=88000000
filesize=12bd1
findfdt=if test $board_name = omap5_uevm; then setenv fdtfile omap5-uevm.dtb; fi; if test $board_name = dra7xx; then setenv fdtfile dra7-evm.dtb; fi;if test $board_name = dra72x; then setenv fdtfile dra72-evm.dtb; fi;if test $board_name = beagle_x15; then setenv fdtfile am57xx-beagle-x15.dtb; fi;if test $fdtfile = undefined; then echo WARNING: Could not determine device tree to use; fi; 
gatewayip=192.168.0.1
importbootenv=echo Importing environment from mmc${mmcdev} ...; env import -t ${loadaddr} ${filesize}
ipaddr=192.168.0.111
kernel_addr_r=0x82000000
loadaddr=0x82000000
loadbootenv=fatload mmc ${mmcdev} ${loadaddr} ${bootenv}
loadbootscript=fatload mmc ${mmcdev} ${loadaddr} boot.scr
loadfdt=load mmc ${bootpart} ${fdtaddr} ${bootdir}/${fdtfile};
loadimage=load mmc ${bootpart} ${loadaddr} ${bootdir}/${bootfile}
mmcargs=setenv bootargs console=${console} ${optargs} vram=${vram} root=${mmcroot} rootfstype=${mmcrootfstype}
mmcboot=mmc dev ${mmcdev}; if mmc rescan; then echo SD/MMC found on device ${mmcdev};if run loadbootenv; then echo Loaded environment from ${bootenv};run importbootenv;fi;if test -n $uenvcmd; then echo Running uenvcmd ...;run uenvcmd;fi;if run loadimage; then run loadfdt; echo Booting from mmc${mmcdev} ...; run mmcargs; bootz ${loadaddr} - ${fdtaddr}; fi;fi;
mmcdev=0
mmcroot=/dev/mmcblk0p2 rw
mmcrootfstype=ext4 rootwait
netargs=setenv bootargs console=${console} ${optargs} root=/dev/nfs nfsroot=${serverip}:${rootpath},${nfsopts} rw ip=dhcp
netboot=echo Booting from network ...; setenv autoload no; dhcp; run netloadimage; run netloadfdt; run netargs; bootz ${loadaddr} - ${fdtaddr}
netloadfdt=tftp ${fdtaddr} ${fdtfile}
netloadimage=tftp ${loadaddr} ${bootfile}
netmask=255.255.255.0
nfsopts=nolock
partitions=uuid_disk=${uuid_gpt_disk};name=rootfs,start=2MiB,size=-,uuid=${uuid_gpt_rootfs}
ramdisk_addr_r=0x88080000
rdaddr=0x88080000
rootpath=/export/rootfs
scsidevs=1
serverip=192.168.0.1
soc=omap5
static_ip=${ipaddr}:${serverip}:${gatewayip}:${netmask}:${hostname}::off
stderr=serial
stdin=serial
stdout=serial
usbtty=cdc_acm
vendor=ti
ver=U-Boot 2015.07 (Aug 07 2015 - 03:51:17 -0400)
vram=16M
Environment size: 3559/65532 bytes
U-Boot# 
- 12:07:04 [INFO] Host: setenv bootcmd ''${bootcmd}' if iminfo ${loadaddr}; then bootm ${loadaddr} - ${fdt_addr_r}; else bootz ${loadaddr} - ${fdt_addr_r}; bootm ${loadaddr} - ${fdt_addr_r}; fi'
- 12:07:04 [INFO] Target: 
setenv bootcmd ''${bootcmd}' if iminfo ${loadaddr}; then bootm ${loadaddr} - ${fdt_addr_r}; else bootz ${loadaddr} - ${fdt_addr_r}; bootm ${loadaddr} - ${fdt_addr_r}; fi'
U-Boot# 
- 12:07:04 [INFO] Host: version
- 12:07:04 [INFO] Target: 
version
U-Boot 2015.07 (Aug 07 2015 - 03:51:17 -0400)
arm-linux-gnueabihf-gcc (Linaro GCC 4.9-2015.01-3) 4.9.3 20150113 (prerelease)
GNU ld (GNU Binutils) Linaro 2014.11-3-git 2.24.0.20141017
U-Boot# 
- 12:07:04 [INFO] Host: bdinfo
- 12:07:04 [INFO] Target: 
bdinfo
arch_number = 0x00000000
boot_params = 0x80000100
DRAM bank   = 0x00000000
-> start    = 0x80000000
-> size     = 0x80000000
DRAM bank   = 0x00000001
-> start    = 0x00000000
-> size     = 0x00000000
eth0name    = cpsw
ethaddr     = 74:da:ea:08:0f:e4
current eth = cpsw
ip_addr     = 192.168.0.111
baudrate    = 115200 bps
TLB addr    = 0xFFFF0000
relocaddr   = 0xFFF67000
reloc off   = 0x7F767000
irq_sp      = 0xFEF56EE0
sp start    = 0xFEF56ED0
U-Boot# 
- 12:07:04 [INFO] Host: mmc rescan; echo $?
- 12:07:04 [INFO] Target: 
mmc rescan; echo $?
U-Boot# 
- 12:07:04 [INFO] Host: fatwrite mmc ${mmcdev}:1 ${loadaddr} ws-calibrate.rules 4
- 12:07:05 [INFO] Target: 
fatwrite mmc ${mmcdev}:1 ${loadaddr} ws-calibrate.rules 4
writing ws-calibrate.rules
4 bytes written
U-Boot# 
- 12:07:05 [INFO] Host: boot
- 12:09:35 [ERROR] On command: boot waiting for boot.+?(?-mix:login:) >>> error: execution expired
- 12:09:35 [INFO] Target: 
boot
## Checking Image at 82000000 ...
Unknown image format!
Kernel image @ 0x82000000 [ 0x000000 - 0x367dd8 ]
## Flattened Device Tree blob at 88000000
   Booting using the fdt blob at 0x88000000
   Loading Device Tree to 8ffea000, end 8ffffbd0 ... OK
Starting kernel ...
[    0.000000] Booting Linux on physical CPU 0x0
[    0.000000] Initializing cgroup subsys cpuset
[    0.000000] Initializing cgroup subsys cpu
[    0.000000] Initializing cgroup subsys cpuacct
[    0.000000] Linux version 4.2.0-rc8-next-20150828-00002-gbc5f65a519f1 (nmenon@kahuna) (gcc version 4.6.3 (Ubuntu/Linaro 4.6.3-1ubuntu5) ) #1 SMP Fri Aug 28 05:47:20 CDT 2015
[    0.000000] CPU: ARMv7 Processor [412fc0f2] revision 2 (ARMv7), cr=10c5387d
[    0.000000] CPU: PIPT / VIPT nonaliasing data cache, PIPT instruction cache
[    0.000000] Machine model: TI AM5728 BeagleBoard-X15
[    0.000000] cma: Reserved 16 MiB at 0xfe800000
[    0.000000] Memory policy: Data cache writealloc
[    0.000000] DRA752 ES1.1
[    0.000000] PERCPU: Embedded 14 pages/cpu @ee573000 s25152 r8192 d24000 u57344
[    0.000000] Built 1 zonelists in Zone order, mobility grouping on.  Total pages: 522065
[    0.000000] Kernel command line: console=ttyO2,115200n8  earlyprintk rootwait  ip=:::::eth0:dhcp  root=PARTUUID=00000000-02 rw rootfstype=ext4 rootwait 
[    0.000000] PID hash table entries: 4096 (order: 2, 16384 bytes)
[    0.000000] Dentry cache hash table entries: 131072 (order: 7, 524288 bytes)
[    0.000000] Inode-cache hash table entries: 65536 (order: 6, 262144 bytes)
[    0.000000] Memory: 2040572K/2095100K available (6580K kernel code, 744K rwdata, 2220K rodata, 452K init, 8263K bss, 38144K reserved, 16384K cma-reserved, 1300476K highmem)
[    0.000000] Virtual kernel memory layout:
[    0.000000]     vector  : 0xffff0000 - 0xffff1000   (   4 kB)
[    0.000000]     fixmap  : 0xffc00000 - 0xfff00000   (3072 kB)
[    0.000000]     vmalloc : 0xf0000000 - 0xff000000   ( 240 MB)
[    0.000000]     lowmem  : 0xc0000000 - 0xef800000   ( 760 MB)
[    0.000000]     pkmap   : 0xbfe00000 - 0xc0000000   (   2 MB)
[    0.000000]     modules : 0xbf000000 - 0xbfe00000   (  14 MB)
[    0.000000]       .text : 0xc0008000 - 0xc08a063c   (8802 kB)
[    0.000000]       .init : 0xc08a1000 - 0xc0912000   ( 452 kB)
[    0.000000]       .data : 0xc0912000 - 0xc09cc098   ( 745 kB)
[    0.000000]        .bss : 0xc09cf000 - 0xc11e0f78   (8264 kB)
[    0.000000] Running RCU self tests
[    0.000000] Hierarchical RCU implementation.
[    0.000000] 	RCU lockdep checking is enabled.
[    0.000000] 	Build-time adjustment of leaf fanout to 32.
[    0.000000] NR_IRQS:16 nr_irqs:16 16
[    0.000000] OMAP clockevent source: timer1 at 32768 Hz
[    0.000000] clocksource: 32k_counter: mask: 0xffffffff max_cycles: 0xffffffff, max_idle_ns: 58327039986419 ns
[    0.000000] sched_clock: 32 bits at 32kHz, resolution 30517ns, wraps every 65535999984741ns
[    0.000000] OMAP clocksource: 32k_counter at 32768 Hz
[    0.000488] Architected cp15 timer(s) running at 6.14MHz (virt).
[    0.000518] clocksource: arch_sys_counter: mask: 0xffffffffffffff max_cycles: 0x16af5adb9, max_idle_ns: 440795202250 ns
[    0.000523] sched_clock: 56 bits at 6MHz, resolution 162ns, wraps every 4398046511023ns
[    0.000534] Switching to timer-based delay loop, resolution 162ns
[    0.001781] Console: colour dummy device 80x30
[    0.001815] Lock dependency validator: Copyright (c) 2006 Red Hat, Inc., Ingo Molnar
[    0.001822] ... MAX_LOCKDEP_SUBCLASSES:  8
[    0.001829] ... MAX_LOCK_DEPTH:          48
[    0.001835] ... MAX_LOCKDEP_KEYS:        8191
[    0.001841] ... CLASSHASH_SIZE:          4096
[    0.001847] ... MAX_LOCKDEP_ENTRIES:     32768
[    0.001852] ... MAX_LOCKDEP_CHAINS:      65536
[    0.001858] ... CHAINHASH_SIZE:          32768
[    0.001865]  memory used by lock dependency info: 5167 kB
[    0.001871]  per task-struct memory footprint: 1536 bytes
[    0.001889] Calibrating delay loop (skipped), value calculated using timer frequency.. 12.29 BogoMIPS (lpj=61475)
[    0.001902] pid_max: default: 32768 minimum: 301
[    0.002190] Security Framework initialized
[    0.002293] Mount-cache hash table entries: 2048 (order: 1, 8192 bytes)
[    0.002305] Mountpoint-cache hash table entries: 2048 (order: 1, 8192 bytes)
[    0.004477] Initializing cgroup subsys io
[    0.004555] Initializing cgroup subsys memory
[    0.004615] Initializing cgroup subsys devices
[    0.004674] Initializing cgroup subsys freezer
[    0.004762] Initializing cgroup subsys perf_event
[    0.004804] CPU: Testing write buffer coherency: ok
[    0.005756] /cpus/cpu@0 missing clock-frequency property
[    0.005798] /cpus/cpu@1 missing clock-frequency property
[    0.005809] CPU0: thread -1, cpu 0, socket 0, mpidr 80000000
[    0.005865] Setting up static identity map for 0x80008280 - 0x800082f0
[    0.010372] CPU1: thread -1, cpu 1, socket 0, mpidr 80000001
[    0.010866] Brought up 2 CPUs
[    0.010879] SMP: Total of 2 processors activated (24.59 BogoMIPS).
[    0.010886] CPU: All CPU(s) started in SVC mode.
[    0.013320] devtmpfs: initialized
[    0.071590] VFP support v0.3: implementor 41 architecture 4 part 30 variant f rev 0
[    0.073168] omap_hwmod: l3_main_2 using broken dt data from ocp
[    0.299690] clocksource: jiffies: mask: 0xffffffff max_cycles: 0xffffffff, max_idle_ns: 19112604462750000 ns
[    0.300783] pinctrl core: initialized pinctrl subsystem
[    0.304351] NET: Registered protocol family 16
[    0.307912] DMA: preallocated 256 KiB pool for atomic coherent allocations
[    0.331262] cpuidle: using governor ladder
[    0.361246] cpuidle: using governor menu
[    0.372391] OMAP GPIO hardware version 0.1
[    0.383108] irq: no irq domain found for /ocp/l4@4a000000/scm@2000/pinmux@1400 !
[    0.405313] No ATAGs?
[    0.405373] hw-breakpoint: found 5 (+1 reserved) breakpoint and 4 watchpoint registers.
[    0.405382] hw-breakpoint: maximum watchpoint size is 8 bytes.
[    0.406407] omap4_sram_init:Unable to allocate sram needed to handle errata I688
[    0.406417] omap4_sram_init:Unable to get sram pool needed to handle errata I688
[    0.407779] OMAP DMA hardware revision 0.0
[    0.462627] omap-dma-engine 4a056000.dma-controller: OMAP DMA engine driver
[    0.467237] SCSI subsystem initialized
[    0.468454] omap_i2c 48070000.i2c: could not find pctldev for node /ocp/l4@4a000000/scm@2000/pinmux@1400/i2c1_pins_default, deferring probe
[    0.468516] omap_i2c 48060000.i2c: could not find pctldev for node /ocp/l4@4a000000/scm@2000/pinmux@1400/i2c3_pins_default, deferring probe
[    0.468720] pps_core: LinuxPPS API ver. 1 registered
[    0.468728] pps_core: Software ver. 5.3.6 - Copyright 2005-2007 Rodolfo Giometti <giometti@linux.it>
[    0.468768] PTP clock support registered
[    0.469220] lo uses DEPRECATED zero tx_queue_len - convert driver to use IFF_NO_QUEUE instead.
[    0.471519] clocksource: Switched to clocksource arch_sys_counter
[    0.576787] NET: Registered protocol family 2
[    0.578097] TCP established hash table entries: 8192 (order: 3, 32768 bytes)
[    0.578233] TCP bind hash table entries: 8192 (order: 6, 294912 bytes)
[    0.580520] TCP: Hash tables configured (established 8192 bind 8192)
[    0.580674] UDP hash table entries: 512 (order: 3, 40960 bytes)
[    0.580985] UDP-Lite hash table entries: 512 (order: 3, 40960 bytes)
[    0.581957] NET: Registered protocol family 1
[    0.582899] RPC: Registered named UNIX socket transport module.
[    0.582909] RPC: Registered udp transport module.
[    0.582916] RPC: Registered tcp transport module.
[    0.582924] RPC: Registered tcp NFSv4.1 backchannel transport module.
[    0.584752] hw perfevents: enabled with armv7_cortex_a15 PMU driver, 7 counters available
[    0.588463] futex hash table entries: 512 (order: 3, 32768 bytes)
[    0.588714] audit: initializing netlink subsys (disabled)
[    0.588834] audit: type=2000 audit(0.569:1): initialized
[    0.591576] VFS: Disk quotas dquot_6.6.0
[    0.591677] VFS: Dquot-cache hash table entries: 1024 (order 0, 4096 bytes)
[    0.593189] NFS: Registering the id_resolver key type
[    0.593429] Key type id_resolver registered
[    0.593438] Key type id_legacy registered
[    0.593548] jffs2: version 2.2. (NAND) (SUMMARY)   2001-2006 Red Hat, Inc.
[    0.596905] bounce: pool size: 64 pages
[    0.596962] io scheduler noop registered
[    0.596977] io scheduler deadline registered
[    0.597009] io scheduler cfq registered (default)
[    0.603610] pinctrl-single 4a003400.pinmux: 282 pins at pa fc003400 size 1128
[    0.604888] pbias-regulator: probe of 4a002000.scm_conf:pbias_regulator failed with error -22
[    0.608821] Serial: 8250/16550 driver, 4 ports, IRQ sharing enabled
[    0.613606] 48020000.serial: ttyO2 at MMIO 0x48020000 (irq = 296, base_baud = 3000000) is a OMAP UART2
[    1.406366] console [ttyO2] enabled
[    1.435254] brd: module loaded
[    1.453226] loop: module loaded
[    1.458524] ahci 4a140000.sata: SSS flag set, parallel bus scan disabled
[    1.465581] ahci 4a140000.sata: AHCI 0001.0300 32 slots 1 ports 3 Gbps 0x1 impl platform mode
[    1.474511] ahci 4a140000.sata: flags: 64bit ncq sntf stag pm led clo only pmp pio slum part ccc apst 
[    1.486770] scsi host0: ahci
[    1.490645] ata1: SATA max UDMA/133 mmio [mem 0x4a140000-0x4a1410ff] port 0x100 irq 313
[    1.499903] mtdoops: mtd device (mtddev=name/number) must be supplied
[    1.511892] mousedev: PS/2 mouse device common for all mice
[    1.517727] i2c /dev entries driver
[    1.522582] omap_hsmmc 4809c000.mmc: Got CD GPIO
[    1.553279] vdd_3v3: supplied by regulator-dummy
[    1.591769] ledtrig-cpu: registered to indicate activity on CPUs
[    1.599945] oprofile: using timer interrupt.
[    1.604922] Initializing XFRM netlink socket
[    1.609707] NET: Registered protocol family 10
[    1.616270] sit: IPv6 over IPv4 tunneling driver
[    1.621155] sit0 uses DEPRECATED zero tx_queue_len - convert driver to use IFF_NO_QUEUE instead.
[    1.631963] NET: Registered protocol family 17
[    1.636660] NET: Registered protocol family 15
[    1.641546] Key type dns_resolver registered
[    1.646134] omap_voltage_late_init: Voltage driver support not added
[    1.652807] sr_dev_init: Unable to get voltage domain pointer for VDD core
[    1.660010] sr_dev_init: Unable to get voltage domain pointer for VDD mpu
[    1.667793] Power Management for TI OMAP4+ devices.
[    1.673273] ThumbEE CPU extension supported.
[    1.677766] Registering SWP/SWPB emulation handler
[    1.682808] SmartReflex Class3 initialized
[    1.687162] mmc0: MAN_BKOPS_EN bit is not set
[    1.696393] palmas 0-0058: Irq flag is 0x00000008
[    1.702623] mmc0: new high speed MMC card at address 0001
[    1.710163] mmcblk0: mmc0:0001 S10004 3.56 GiB 
[    1.715569] mmcblk0boot0: mmc0:0001 S10004 partition 1 4.00 MiB
[    1.722469] mmcblk0boot1: mmc0:0001 S10004 partition 2 4.00 MiB
[    1.731220]  mmcblk0: p1 p2 p3
[    1.741247] palmas 0-0058: Muxing GPIO 2f, PWM 0, LED 0
[    1.789235] omap_i2c 48070000.i2c: bus 0 rev0.12 at 400 kHz
[    1.796974] omap_i2c 48060000.i2c: bus 2 rev0.12 at 400 kHz
[    1.803408] omap_hsmmc 4809c000.mmc: Got CD GPIO
[    1.901507] davinci_mdio 48485000.mdio: davinci mdio revision 1.6
[    1.907893] davinci_mdio 48485000.mdio: detected phy mask fffffff9
[    1.920564] libphy: 48485000.mdio: probed
[    1.924795] davinci_mdio 48485000.mdio: phy[1]: device 48485000.mdio:01, driver unknown
[    1.933197] davinci_mdio 48485000.mdio: phy[2]: device 48485000.mdio:02, driver unknown
[    1.942157] omap_hsmmc 4809c000.mmc: Got CD GPIO
[    1.942756] cpsw 48484000.ethernet: Detected MACID = 74:da:ea:08:0f:e4
[    1.945130] cpsw 48484000.ethernet: cpsw: Detected MACID = 74:da:ea:08:0f:e5
[    1.946802] hctosys: unable to open rtc device (rtc0)
[    1.946812] sr_init: No PMIC hook to init smartreflex
[    1.947049] sr_init: platform driver register failed for SR
[    1.997639] net eth0: initializing cpsw version 1.15 (0)
[    2.022629] omap_hsmmc 4809c000.mmc: Got CD GPIO
[    2.031555] ata1: SATA link up 3.0 Gbps (SStatus 123 SControl 300)
[    2.039647] ata1.00: ATA-8: ST3500514NS, SN11, max UDMA/133
[    2.045512] ata1.00: 976773168 sectors, multi 0: LBA48 NCQ (depth 31/32)
[    2.054670] ata1.00: configured for UDMA/133
[    2.061305] scsi 0:0:0:0: Direct-Access     ATA      ST3500514NS      SN11 PQ: 0 ANSI: 5
[    2.072819] sd 0:0:0:0: [sda] 976773168 512-byte logical blocks: (500 GB/465 GiB)
[    2.073899] omap_hsmmc 4809c000.mmc: Got CD GPIO
[    2.086012] sd 0:0:0:0: [sda] Write Protect is off
[    2.091224] sd 0:0:0:0: [sda] Write cache: enabled, read cache: enabled, doesn't support DPO or FUA
[    2.105680] net eth0: phy found : id is : 0x221622
[    2.110312]  sda: sda1 sda2 sda3
[    2.114225] sd 0:0:0:0: [sda] Attached SCSI disk
[    2.124642] IPv6: ADDRCONF(NETDEV_UP): eth0: link is not ready
[    2.138799] omap_hwmod: gpio6: _wait_target_disable failed
[    6.108787] cpsw 48484000.ethernet eth0: Link is Up - 1Gbps/Full - flow control rx/tx
[    6.121554] IPv6: ADDRCONF(NETDEV_CHANGE): eth0: link becomes ready
[    6.141499] Sending DHCP requests ., OK
[    6.191529] IP-Config: Got DHCP answer from 192.168.0.1, my address is 192.168.0.111
[    6.199911] IP-Config: Complete:
[    6.203324]      device=eth0, hwaddr=74:da:ea:08:0f:e4, ipaddr=192.168.0.111, mask=255.255.255.0, gw=192.168.0.1
[    6.214006]      host=192.168.0.111, domain=ti.com, nis-domain=(none)
[    6.220748]      bootserver=0.0.0.0, rootserver=0.0.0.0, rootpath=
[    6.227050]      nameserver0=192.0.2.2, nameserver1=192.0.2.3
[    6.233363] platform 4809c000.mmc: omap_device_late_idle: enabled but no driver.  Idling
[    6.242535] ldo1: disabling
[    6.246101] ldousb: disabling
[    6.251986] Waiting for root device PARTUUID=00000000-02...
- 12:09:35 [INFO] Boot attempt 0/1 failed, trying again.....
URL:gtsystest.telogy.design.ti.com/vatf/tigtfarm03/tigtfarm03_vatf@am57xx-evm1/tigtfarm0308_28_2015_12_06_35/files/session_iteration_1/test_1
