- 03:05:12 [INFO] Starting target session
- 03:05:12 [INFO] Connected to am57xx-evm via serial 
- 03:05:12 [INFO] Host: #check prompt
- 03:05:15 [ERROR] On command: #check prompt waiting for #check prompt.+?(?-mix:((?-mix:login:)|[Pp]assword)) >>> error: execution expired
- 03:05:15 [INFO] Target: 
- 03:05:15 [INFO] Host: #check prompt
- 03:05:17 [ERROR] On command: #check prompt waiting for #check prompt.+?(?-mix:[\w\d]+@.+[@:#]+) >>> error: execution expired
- 03:05:17 [INFO] Target: 
- 03:05:17 [INFO] Disconnected serial from am57xx-evm
- 03:05:42 [INFO] Connected to am57xx-evm via serial 
- 03:05:42 [INFO] Host: 
- 03:05:43 [INFO] Target: 
SATA link 0 timeout.
AHCI 0001.0300 32 slots 1 ports 3 Gbps 0x1 impl SATA mode
flags: 64bit ncq stag pm led clo only pmp pio slum part ccc apst 
scanning bus for devices...
Found 0 device(s).
Net:   cpsw
Hit any key to stop autoboot:  1  0 
U-Boot# 
- 03:05:43 [INFO] Host: 
- 03:05:43 [INFO] Target: 
U-Boot# 
- 03:05:43 [INFO] Host: version
- 03:05:44 [INFO] Target: 
version
U-Boot 2014.07-gb8febc6 (Nov 18 2014 - 20:37:19)
arm-linux-gnueabihf-gcc (crosstool-NG linaro-1.13.1-4.7-2013.03-20130313 - Linaro GCC 2013.03) 4.7.3 20130226 (prerelease)
GNU ld (crosstool-NG linaro-1.13.1-4.7-2013.03-20130313 - Linaro GCC 2013.03) 2.23.1
U-Boot# 
- 03:05:44 [INFO] Host: setenv bootargs 'console=ttyO2,115200n8  earlyprintk rootwait '
- 03:05:44 [INFO] Target: 
setenv bootargs 'console=ttyO2,115200n8  earlyprintk rootwait '
U-Boot# 
- 03:05:44 [INFO] Host: setenv bootcmd  ''
- 03:05:45 [INFO] Target: 
setenv bootcmd  ''
U-Boot# 
- 03:05:45 [INFO] Host: setenv autoload 'no'
- 03:05:45 [INFO] Target: 
setenv autoload 'no'
U-Boot# 
- 03:05:45 [INFO] Host: setenv serverip '192.168.0.1'
- 03:05:46 [INFO] Target: 
setenv serverip '192.168.0.1'
U-Boot# 
- 03:05:46 [INFO] Host: printenv
- 03:05:46 [INFO] Target: 
printenv
arch=arm
autoload=no
baudrate=115200
board=beagle_x15
board_name=beagle_x15
bootargs=console=ttyO2,115200n8  earlyprintk rootwait 
bootcmd=
bootdelay=1
bootdir=/boot
bootfile=zImage
bootm_size=0x10000000
bootpart=0:2
bootscript=echo Running bootscript from mmc${mmcdev} ...; source ${loadaddr}
console=ttyO2,115200n8
cpu=armv7
eth1addr=7c:66:9d:ec:e8:7f
ethact=cpsw
ethaddr=7c:66:9d:ec:e8:7e
fdt_addr_r=0x88000000
fdtaddr=0x88000000
fdtfile=undefined
findfdt=if test $board_name = omap5_uevm; then setenv fdtfile omap5-uevm.dtb; fi; if test $board_name = dra7xx; then setenv fdtfile dra7-evm.dtb; fi;if test $board_name = dra72x; then setenv fdtfile dra72-evm.dtb; fi;if test $board_name = beagle_x15; then setenv fdtfile am57xx-beagle-x15.dtb; fi;if test $fdtfile = undefined; then echo WARNING: Could not determine device tree to use; fi; 
importbootenv=echo Importing environment from mmc${mmcdev} ...; env import -t ${loadaddr} ${filesize}
kernel_addr_r=0x82000000
loadaddr=0x82000000
loadbootenv=fatload mmc ${mmcdev} ${loadaddr} uEnv.txt
loadbootscript=fatload mmc ${mmcdev} ${loadaddr} boot.scr
loadfdt=load mmc ${bootpart} ${fdtaddr} ${bootdir}/${fdtfile};
loadimage=load mmc ${bootpart} ${loadaddr} ${bootdir}/${bootfile}
mmcargs=setenv bootargs console=${console} ${optargs} vram=${vram} root=${mmcroot} rootfstype=${mmcrootfstype}
mmcboot=mmc dev ${mmcdev}; if mmc rescan; then echo SD/MMC found on device ${mmcdev};if run loadbootenv; then echo Loaded environment from ${bootenv};run importbootenv;fi;if test -n $uenvcmd; then echo Running uenvcmd ...;run uenvcmd;fi;if run loadimage; then run loadfdt; echo Booting from mmc${mmcdev} ...; run mmcargs; bootz ${loadaddr} - ${fdtaddr}; fi;fi;
mmcdev=0
mmcroot=/dev/mmcblk0p2 rw
mmcrootfstype=ext4 rootwait
partitions=uuid_disk=${uuid_gpt_disk};name=rootfs,start=2MiB,size=-,uuid=${uuid_gpt_rootfs}
ramdisk_addr_r=0x88080000
rdaddr=0x88080000
scsidevs=0
serverip=192.168.0.1
soc=omap5
stderr=serial
stdin=serial
stdout=serial
usbtty=cdc_acm
vendor=ti
ver=U-Boot 2014.07-gb8febc6 (Nov 18 2014 - 20:37:19)
vram=16M
Environment size: 2167/65532 bytes
U-Boot# 
- 03:05:46 [INFO] Host: printenv
- 03:05:47 [INFO] Target: 
printenv
arch=arm
autoload=no
baudrate=115200
board=beagle_x15
board_name=beagle_x15
bootargs=console=ttyO2,115200n8  earlyprintk rootwait 
bootcmd=
bootdelay=1
bootdir=/boot
bootfile=zImage
bootm_size=0x10000000
bootpart=0:2
bootscript=echo Running bootscript from mmc${mmcdev} ...; source ${loadaddr}
console=ttyO2,115200n8
cpu=armv7
eth1addr=7c:66:9d:ec:e8:7f
ethact=cpsw
ethaddr=7c:66:9d:ec:e8:7e
fdt_addr_r=0x88000000
fdtaddr=0x88000000
fdtfile=undefined
findfdt=if test $board_name = omap5_uevm; then setenv fdtfile omap5-uevm.dtb; fi; if test $board_name = dra7xx; then setenv fdtfile dra7-evm.dtb; fi;if test $board_name = dra72x; then setenv fdtfile dra72-evm.dtb; fi;if test $board_name = beagle_x15; then setenv fdtfile am57xx-beagle-x15.dtb; fi;if test $fdtfile = undefined; then echo WARNING: Could not determine device tree to use; fi; 
importbootenv=echo Importing environment from mmc${mmcdev} ...; env import -t ${loadaddr} ${filesize}
kernel_addr_r=0x82000000
loadaddr=0x82000000
loadbootenv=fatload mmc ${mmcdev} ${loadaddr} uEnv.txt
loadbootscript=fatload mmc ${mmcdev} ${loadaddr} boot.scr
loadfdt=load mmc ${bootpart} ${fdtaddr} ${bootdir}/${fdtfile};
loadimage=load mmc ${bootpart} ${loadaddr} ${bootdir}/${bootfile}
mmcargs=setenv bootargs console=${console} ${optargs} vram=${vram} root=${mmcroot} rootfstype=${mmcrootfstype}
mmcboot=mmc dev ${mmcdev}; if mmc rescan; then echo SD/MMC found on device ${mmcdev};if run loadbootenv; then echo Loaded environment from ${bootenv};run importbootenv;fi;if test -n $uenvcmd; then echo Running uenvcmd ...;run uenvcmd;fi;if run loadimage; then run loadfdt; echo Booting from mmc${mmcdev} ...; run mmcargs; bootz ${loadaddr} - ${fdtaddr}; fi;fi;
mmcdev=0
mmcroot=/dev/mmcblk0p2 rw
mmcrootfstype=ext4 rootwait
partitions=uuid_disk=${uuid_gpt_disk};name=rootfs,start=2MiB,size=-,uuid=${uuid_gpt_rootfs}
ramdisk_addr_r=0x88080000
rdaddr=0x88080000
scsidevs=0
serverip=192.168.0.1
soc=omap5
stderr=serial
stdin=serial
stdout=serial
usbtty=cdc_acm
vendor=ti
ver=U-Boot 2014.07-gb8febc6 (Nov 18 2014 - 20:37:19)
vram=16M
Environment size: 2167/65532 bytes
U-Boot# 
- 03:05:47 [INFO] Host: setenv bootargs ''${bootargs}' ip=dhcp '
- 03:05:47 [INFO] Target: 
setenv bootargs ''${bootargs}' ip=dhcp '
U-Boot# 
- 03:05:47 [INFO] Host: setenv serverip '192.168.0.1'
- 03:05:48 [INFO] Target: 
setenv serverip '192.168.0.1'
U-Boot# 
- 03:05:48 [INFO] Host: setenv ipaddr dhcp
- 03:05:48 [INFO] Target: 
setenv ipaddr dhcp
U-Boot# 
- 03:05:48 [INFO] Host: setenv autoload 'no'
- 03:05:49 [INFO] Target: 
setenv autoload 'no'
U-Boot# 
- 03:05:49 [INFO] Host: dhcp
- 03:05:50 [INFO] Target: 
dhcp
link up on port 0, speed 1000, full duplex
BOOTP broadcast 1
DHCP client bound to address 192.168.0.166
U-Boot# 
- 03:05:50 [INFO] Host: setenv serverip '192.168.0.1'
- 03:05:51 [INFO] Target: 
setenv serverip '192.168.0.1'
U-Boot# 
- 03:05:51 [INFO] Host: tftp ${loadaddr} 192.168.0.1:vatf_am57xx-evm1/2825555fff3a421c74e2e573b7f6b4d7
- 03:05:52 [INFO] Target: 
tftp ${loadaddr} 192.168.0.1:vatf_am57xx-evm1/2825555fff3a421c74e2e573b7f6b4d7
link up on port 0, speed 1000, full duplex
Using cpsw device
TFTP from server 192.168.0.1; our IP address is 192.168.0.166
Filename 'vatf_am57xx-evm1/2825555fff3a421c74e2e573b7f6b4d7'.
Load address: 0x82000000
Loading: *#################################################################
	 #################################################################
	 #################################################################
	 #################################################################
	 ##############################################################
	 9.2 MiB/s
done
Bytes transferred = 4713048 (47ea58 hex)
U-Boot# 
- 03:05:52 [INFO] Host: tftp ${fdt_addr_r} 192.168.0.1:vatf_am57xx-evm1/cca7842b758cc5dbe2be95236843c2d9
- 03:05:52 [INFO] Target: 
tftp ${fdt_addr_r} 192.168.0.1:vatf_am57xx-evm1/cca7842b758cc5dbe2be95236843c2d9
link up on port 0, speed 1000, full duplex
Using cpsw device
TFTP from server 192.168.0.1; our IP address is 192.168.0.166
Filename 'vatf_am57xx-evm1/cca7842b758cc5dbe2be95236843c2d9'.
Load address: 0x88000000
Loading: *#####
	 8.1 MiB/s
done
Bytes transferred = 68337 (10af1 hex)
U-Boot# 
- 03:05:52 [INFO] Host: ls mmc 0:1
- 03:05:53 [INFO] Target: 
ls mmc 0:1
    59268   mlo 
   314400   u-boot.img 
  4747192   zimage 
    82884   zimage-am57xx-beagle-x15.dtb 
    65536   uboot.env 
        4   ws-calibrate.rules 
6 file(s), 0 dir(s)
U-Boot# 
- 03:05:53 [INFO] Host: ls mmc 0:2
- 03:05:53 [INFO] Target: 
ls mmc 0:2
<DIR>       4096 .
<DIR>       4096 ..
<DIR>      16384 lost+found
<DIR>       4096 srv
<DIR>       4096 home
<DIR>       4096 media
<DIR>       4096 var
<DIR>       4096 sys
<DIR>       4096 boot
<DIR>       4096 dev
<DIR>       4096 usr
<DIR>       4096 bin
<DIR>       4096 mnt
<DIR>       4096 etc
<DIR>       4096 sbin
<SYM>          8 tmp
<DIR>       4096 proc
<DIR>       4096 run
<DIR>       4096 lib
<DIR>       4096 test
U-Boot# 
- 03:05:53 [INFO] Host: part uuid mmc 0:2
- 03:05:54 [INFO] Target: 
part uuid mmc 0:2
00000000-02
U-Boot# 
- 03:05:54 [INFO] Host: printenv
- 03:05:54 [INFO] Target: 
printenv
arch=arm
autoload=no
baudrate=115200
board=beagle_x15
board_name=beagle_x15
bootargs=console=ttyO2,115200n8  earlyprintk rootwait  ip=dhcp 
bootcmd=
bootdelay=1
bootdir=/boot
bootfile=zImage
bootm_size=0x10000000
bootpart=0:2
bootscript=echo Running bootscript from mmc${mmcdev} ...; source ${loadaddr}
console=ttyO2,115200n8
cpu=armv7
dnsip=192.0.2.2
dnsip2=192.0.2.3
eth1addr=7c:66:9d:ec:e8:7f
ethact=cpsw
ethaddr=7c:66:9d:ec:e8:7e
fdt_addr_r=0x88000000
fdtaddr=0x88000000
fdtfile=undefined
fileaddr=88000000
filesize=10af1
findfdt=if test $board_name = omap5_uevm; then setenv fdtfile omap5-uevm.dtb; fi; if test $board_name = dra7xx; then setenv fdtfile dra7-evm.dtb; fi;if test $board_name = dra72x; then setenv fdtfile dra72-evm.dtb; fi;if test $board_name = beagle_x15; then setenv fdtfile am57xx-beagle-x15.dtb; fi;if test $fdtfile = undefined; then echo WARNING: Could not determine device tree to use; fi; 
gatewayip=192.168.0.1
importbootenv=echo Importing environment from mmc${mmcdev} ...; env import -t ${loadaddr} ${filesize}
ipaddr=192.168.0.166
kernel_addr_r=0x82000000
loadaddr=0x82000000
loadbootenv=fatload mmc ${mmcdev} ${loadaddr} uEnv.txt
loadbootscript=fatload mmc ${mmcdev} ${loadaddr} boot.scr
loadfdt=load mmc ${bootpart} ${fdtaddr} ${bootdir}/${fdtfile};
loadimage=load mmc ${bootpart} ${loadaddr} ${bootdir}/${bootfile}
mmcargs=setenv bootargs console=${console} ${optargs} vram=${vram} root=${mmcroot} rootfstype=${mmcrootfstype}
mmcboot=mmc dev ${mmcdev}; if mmc rescan; then echo SD/MMC found on device ${mmcdev};if run loadbootenv; then echo Loaded environment from ${bootenv};run importbootenv;fi;if test -n $uenvcmd; then echo Running uenvcmd ...;run uenvcmd;fi;if run loadimage; then run loadfdt; echo Booting from mmc${mmcdev} ...; run mmcargs; bootz ${loadaddr} - ${fdtaddr}; fi;fi;
mmcdev=0
mmcroot=/dev/mmcblk0p2 rw
mmcrootfstype=ext4 rootwait
netmask=255.255.255.0
partitions=uuid_disk=${uuid_gpt_disk};name=rootfs,start=2MiB,size=-,uuid=${uuid_gpt_rootfs}
ramdisk_addr_r=0x88080000
rdaddr=0x88080000
scsidevs=0
serverip=192.168.0.1
soc=omap5
stderr=serial
stdin=serial
stdout=serial
usbtty=cdc_acm
vendor=ti
ver=U-Boot 2014.07-gb8febc6 (Nov 18 2014 - 20:37:19)
vram=16M
Environment size: 2321/65532 bytes
U-Boot# 
- 03:05:54 [INFO] Host: setenv bootargs ''${bootargs}' root=PARTUUID=00000000-02 rw rootfstype=ext4 rootwait '
- 03:05:55 [INFO] Target: 
setenv bootargs ''${bootargs}' root=PARTUUID=00000000-02 rw rootfstype=ext4 rootwait '
U-Boot# 
- 03:05:55 [INFO] Host: printenv
- 03:05:55 [INFO] Target: 
printenv
arch=arm
autoload=no
baudrate=115200
board=beagle_x15
board_name=beagle_x15
bootargs=console=ttyO2,115200n8  earlyprintk rootwait  ip=dhcp  root=PARTUUID=00000000-02 rw rootfstype=ext4 rootwait 
bootcmd=
bootdelay=1
bootdir=/boot
bootfile=zImage
bootm_size=0x10000000
bootpart=0:2
bootscript=echo Running bootscript from mmc${mmcdev} ...; source ${loadaddr}
console=ttyO2,115200n8
cpu=armv7
dnsip=192.0.2.2
dnsip2=192.0.2.3
eth1addr=7c:66:9d:ec:e8:7f
ethact=cpsw
ethaddr=7c:66:9d:ec:e8:7e
fdt_addr_r=0x88000000
fdtaddr=0x88000000
fdtfile=undefined
fileaddr=88000000
filesize=10af1
findfdt=if test $board_name = omap5_uevm; then setenv fdtfile omap5-uevm.dtb; fi; if test $board_name = dra7xx; then setenv fdtfile dra7-evm.dtb; fi;if test $board_name = dra72x; then setenv fdtfile dra72-evm.dtb; fi;if test $board_name = beagle_x15; then setenv fdtfile am57xx-beagle-x15.dtb; fi;if test $fdtfile = undefined; then echo WARNING: Could not determine device tree to use; fi; 
gatewayip=192.168.0.1
importbootenv=echo Importing environment from mmc${mmcdev} ...; env import -t ${loadaddr} ${filesize}
ipaddr=192.168.0.166
kernel_addr_r=0x82000000
loadaddr=0x82000000
loadbootenv=fatload mmc ${mmcdev} ${loadaddr} uEnv.txt
loadbootscript=fatload mmc ${mmcdev} ${loadaddr} boot.scr
loadfdt=load mmc ${bootpart} ${fdtaddr} ${bootdir}/${fdtfile};
loadimage=load mmc ${bootpart} ${loadaddr} ${bootdir}/${bootfile}
mmcargs=setenv bootargs console=${console} ${optargs} vram=${vram} root=${mmcroot} rootfstype=${mmcrootfstype}
mmcboot=mmc dev ${mmcdev}; if mmc rescan; then echo SD/MMC found on device ${mmcdev};if run loadbootenv; then echo Loaded environment from ${bootenv};run importbootenv;fi;if test -n $uenvcmd; then echo Running uenvcmd ...;run uenvcmd;fi;if run loadimage; then run loadfdt; echo Booting from mmc${mmcdev} ...; run mmcargs; bootz ${loadaddr} - ${fdtaddr}; fi;fi;
mmcdev=0
mmcroot=/dev/mmcblk0p2 rw
mmcrootfstype=ext4 rootwait
netmask=255.255.255.0
partitions=uuid_disk=${uuid_gpt_disk};name=rootfs,start=2MiB,size=-,uuid=${uuid_gpt_rootfs}
ramdisk_addr_r=0x88080000
rdaddr=0x88080000
scsidevs=0
serverip=192.168.0.1
soc=omap5
stderr=serial
stdin=serial
stdout=serial
usbtty=cdc_acm
vendor=ti
ver=U-Boot 2014.07-gb8febc6 (Nov 18 2014 - 20:37:19)
vram=16M
Environment size: 2376/65532 bytes
U-Boot# 
- 03:05:55 [INFO] Host: setenv bootcmd ''${bootcmd}' if iminfo ${loadaddr}; then bootm ${loadaddr} - ${fdt_addr_r}; else bootz ${loadaddr} - ${fdt_addr_r}; bootm ${loadaddr} - ${fdt_addr_r}; fi'
- 03:05:56 [INFO] Target: 
setenv bootcmd ''${bootcmd}' if iminfo ${loadaddr}; then bootm ${loadaddr} - ${fdt_addr_r}; else bootz ${loadaddr} - ${fdt_addr_r}; bootm ${loadaddr} - ${fdt_addr_r}; fi'
U-Boot# 
- 03:05:56 [INFO] Host: bdinfo
- 03:05:56 [INFO] Target: 
bdinfo
arch_number = 0x00000000
boot_params = 0x80000100
DRAM bank   = 0x00000000
-> start    = 0x80000000
-> size     = 0x80000000
DRAM bank   = 0x00000001
-> start    = 0x00000000
-> size     = 0x00000000
eth0name    = cpsw
ethaddr     = 7c:66:9d:ec:e8:7e
current eth = cpsw
ip_addr     = 192.168.0.166
baudrate    = 115200 bps
TLB addr    = 0xFFFF0000
relocaddr   = 0xFFF60000
reloc off   = 0x7F760000
irq_sp      = 0xFEF4FEE0
sp start    = 0xFEF4FED0
U-Boot# 
- 03:05:56 [INFO] Host: mmc rescan
- 03:05:57 [INFO] Target: 
mmc rescan
U-Boot# 
- 03:05:57 [INFO] Host: fatwrite mmc ${mmcdev}:1 ${loadaddr} ws-calibrate.rules 4
- 03:05:57 [INFO] Target: 
fatwrite mmc ${mmcdev}:1 ${loadaddr} ws-calibrate.rules 4
writing ws-calibrate.rules
4 bytes written
U-Boot# 
- 03:05:57 [INFO] Host: boot
- 03:06:18 [INFO] Target: 
boot
## Checking Image at 82000000 ...
Unknown image format!
Kernel image @ 0x82000000 [ 0x000000 - 0x47ea58 ]
## Flattened Device Tree blob at 88000000
   Booting using the fdt blob at 0x88000000
   Loading Device Tree to 8ffec000, end 8ffffaf0 ... OK
Starting kernel ...
[    0.000000] Booting Linux on physical CPU 0x0
[    0.000000] Initializing cgroup subsys cpuset
[    0.000000] Initializing cgroup subsys cpu
[    0.000000] Initializing cgroup subsys cpuacct
[    0.000000] Linux version 3.19.0-rc6-00002-g8ad185f2f6cf (nmenon@kahuna) (gcc version 4.6.3 (Ubuntu/Linaro 4.6.3-1ubuntu5) ) #1 SMP Mon Jan 26 02:03:35 CST 2015
[    0.000000] CPU: ARMv7 Processor [412fc0f2] revision 2 (ARMv7), cr=10c5387d
[    0.000000] CPU: PIPT / VIPT nonaliasing data cache, PIPT instruction cache
[    0.000000] Machine model: TI AM5728 BeagleBoard-X15
[    0.000000] cma: Reserved 16 MiB at 0xfe800000
[    0.000000] Memory policy: Data cache writealloc
[    0.000000] DRA752 ES1.1
[    0.000000] PERCPU: Embedded 11 pages/cpu @ee583000 s14912 r8192 d21952 u45056
[    0.000000] Built 1 zonelists in Zone order, mobility grouping on.  Total pages: 522321
[    0.000000] Kernel command line: console=ttyO2,115200n8  earlyprintk rootwait  ip=dhcp  root=PARTUUID=00000000-02 rw rootfstype=ext4 rootwait 
[    0.000000] PID hash table entries: 4096 (order: 2, 16384 bytes)
[    0.000000] Dentry cache hash table entries: 131072 (order: 7, 524288 bytes)
[    0.000000] Inode-cache hash table entries: 65536 (order: 6, 262144 bytes)
[    0.000000] Memory: 2042068K/2096124K available (6189K kernel code, 677K rwdata, 2356K rodata, 428K init, 8221K bss, 37672K reserved, 16384K cma-reserved, 1301500K highmem)
[    0.000000] Virtual kernel memory layout:
[    0.000000]     vector  : 0xffff0000 - 0xffff1000   (   4 kB)
[    0.000000]     fixmap  : 0xffc00000 - 0xfff00000   (3072 kB)
[    0.000000]     vmalloc : 0xf0000000 - 0xff000000   ( 240 MB)
[    0.000000]     lowmem  : 0xc0000000 - 0xef800000   ( 760 MB)
[    0.000000]     pkmap   : 0xbfe00000 - 0xc0000000   (   2 MB)
[    0.000000]     modules : 0xbf000000 - 0xbfe00000   (  14 MB)
[    0.000000]       .text : 0xc0008000 - 0xc0860784   (8546 kB)
[    0.000000]       .init : 0xc0861000 - 0xc08cc000   ( 428 kB)
[    0.000000]       .data : 0xc08cc000 - 0xc0975728   ( 678 kB)
[    0.000000]        .bss : 0xc0975728 - 0xc117ce88   (8222 kB)
[    0.000000] Hierarchical RCU implementation.
[    0.000000] NR_IRQS:16 nr_irqs:16 16
[    0.000000] OMAP clockevent source: timer1 at 32768 Hz
[    0.000000] sched_clock: 32 bits at 32kHz, resolution 30517ns, wraps every 65536000000000ns
[    0.000030] OMAP clocksource: 32k_counter at 32768 Hz
[    0.000457] Architected cp15 timer(s) running at 6.14MHz (virt).
[    0.000492] sched_clock: 56 bits at 6MHz, resolution 162ns, wraps every 2794592043008ns
[    0.000504] Switching to timer-based delay loop, resolution 162ns
[    0.001631] Console: colour dummy device 80x30
[    0.001663] Lock dependency validator: Copyright (c) 2006 Red Hat, Inc., Ingo Molnar
[    0.001671] ... MAX_LOCKDEP_SUBCLASSES:  8
[    0.001678] ... MAX_LOCK_DEPTH:          48
[    0.001684] ... MAX_LOCKDEP_KEYS:        8191
[    0.001691] ... CLASSHASH_SIZE:          4096
[    0.001697] ... MAX_LOCKDEP_ENTRIES:     32768
[    0.001702] ... MAX_LOCKDEP_CHAINS:      65536
[    0.001708] ... CHAINHASH_SIZE:          32768
[    0.001715]  memory used by lock dependency info: 5167 kB
[    0.001722]  per task-struct memory footprint: 1152 bytes
[    0.001741] Calibrating delay loop (skipped), value calculated using timer frequency.. 12.29 BogoMIPS (lpj=61475)
[    0.001753] pid_max: default: 32768 minimum: 301
[    0.002018] Security Framework initialized
[    0.002142] Mount-cache hash table entries: 2048 (order: 1, 8192 bytes)
[    0.002154] Mountpoint-cache hash table entries: 2048 (order: 1, 8192 bytes)
[    0.004226] Initializing cgroup subsys memory
[    0.004263] Initializing cgroup subsys devices
[    0.004317] Initializing cgroup subsys freezer
[    0.004369] Initializing cgroup subsys blkio
[    0.004421] Initializing cgroup subsys perf_event
[    0.004476] CPU: Testing write buffer coherency: ok
[    0.005317] /cpus/cpu@0 missing clock-frequency property
[    0.005355] /cpus/cpu@1 missing clock-frequency property
[    0.005366] CPU0: thread -1, cpu 0, socket 0, mpidr 80000000
[    0.005425] Setting up static identity map for 0x805ddd90 - 0x805dde00
[    0.009241] CPU1: thread -1, cpu 1, socket 0, mpidr 80000001
[    0.009702] Brought up 2 CPUs
[    0.009716] SMP: Total of 2 processors activated (24.59 BogoMIPS).
[    0.009723] CPU: All CPU(s) started in SVC mode.
[    0.011871] devtmpfs: initialized
[    0.013467] VFP support v0.3: implementor 41 architecture 4 part 30 variant f rev 0
[    0.013569] omap_hwmod: l3_main_2 using broken dt data from ocp
[    0.167986] omap_hwmod: dss_core: _wait_target_disable failed
[    0.168002] omap_hwmod: dss_core: cannot be enabled for reset (3)
[    0.170590] omap_hwmod: dss_dispc: cannot be enabled for reset (3)
[    0.173197] omap_hwmod: dss_hdmi: cannot be enabled for reset (3)
[    0.244258] omap_hwmod: pcie1: _wait_target_disable failed
[    0.250687] omap_hwmod: pcie2: _wait_target_disable failed
[    0.253059] pinctrl core: initialized pinctrl subsystem
[    0.304451] NET: Registered protocol family 16
[    0.307926] DMA: preallocated 256 KiB pool for atomic coherent allocations
[    0.331159] cpuidle: using governor ladder
[    0.361131] cpuidle: using governor menu
[    0.369333] OMAP GPIO hardware version 0.1
[    0.379152] irq: no irq domain found for /ocp/pinmux@4a003400 !
[    0.385061] platform 4e000000.dmm: Cannot lookup hwmod 'dmm'
[    0.394703] No ATAGs?
[    0.394761] hw-breakpoint: found 5 (+1 reserved) breakpoint and 4 watchpoint registers.
[    0.394770] hw-breakpoint: maximum watchpoint size is 8 bytes.
[    0.396919] OMAP DMA hardware revision 0.0
[    0.470807] omap-dma-engine 4a056000.dma-controller: OMAP DMA engine driver
[    0.471704] reg-fixed-voltage fixedregulator-vdd_3v3: Failed to find supply vin
[    0.472860] reg-fixed-voltage fixedregulator-vdd_3v3: Failed to register regulator: -517
[    0.472899] platform fixedregulator-vdd_3v3: Driver reg-fixed-voltage requests probe deferral
[    0.473465] reg-fixed-voltage fixedregulator-vtt: Failed to find supply vin
[    0.473916] reg-fixed-voltage fixedregulator-vtt: Failed to register regulator: -517
[    0.473950] platform fixedregulator-vtt: Driver reg-fixed-voltage requests probe deferral
[    0.476374] SCSI subsystem initialized
[    0.477229] usbcore: registered new interface driver usbfs
[    0.477351] usbcore: registered new interface driver hub
[    0.477446] usbcore: registered new device driver usb
[    0.478124] omap_i2c 48070000.i2c: could not find pctldev for node /ocp/pinmux@4a003400/i2c1_pins_default, deferring probe
[    0.478145] platform 48070000.i2c: Driver omap_i2c requests probe deferral
[    0.478198] omap_i2c 48060000.i2c: could not find pctldev for node /ocp/pinmux@4a003400/i2c3_pins_default, deferring probe
[    0.478217] platform 48060000.i2c: Driver omap_i2c requests probe deferral
[    0.481114] Switched to clocksource arch_sys_counter
[    0.585681] NET: Registered protocol family 2
[    0.586779] TCP established hash table entries: 8192 (order: 3, 32768 bytes)
[    0.586983] TCP bind hash table entries: 8192 (order: 6, 294912 bytes)
[    0.589287] TCP: Hash tables configured (established 8192 bind 8192)
[    0.589432] TCP: reno registered
[    0.589455] UDP hash table entries: 512 (order: 3, 40960 bytes)
[    0.589766] UDP-Lite hash table entries: 512 (order: 3, 40960 bytes)
[    0.590752] NET: Registered protocol family 1
[    0.591551] RPC: Registered named UNIX socket transport module.
[    0.591561] RPC: Registered udp transport module.
[    0.591570] RPC: Registered tcp transport module.
[    0.591579] RPC: Registered tcp NFSv4.1 backchannel transport module.
[    0.592786] hw perfevents: enabled with armv7_cortex_a15 PMU driver, 7 counters available
[    0.596228] futex hash table entries: 512 (order: 3, 32768 bytes)
[    0.596470] audit: initializing netlink subsys (disabled)
[    0.596568] audit: type=2000 audit(0.579:1): initialized
[    0.599189] VFS: Disk quotas dquot_6.5.2
[    0.599293] VFS: Dquot-cache hash table entries: 1024 (order 0, 4096 bytes)
[    0.600730] NFS: Registering the id_resolver key type
[    0.600928] Key type id_resolver registered
[    0.600937] Key type id_legacy registered
[    0.601102] jffs2: version 2.2. (NAND) (SUMMARY)   2001-2006 Red Hat, Inc.
[    0.603632] bounce: pool size: 64 pages
[    0.603678] io scheduler noop registered
[    0.603691] io scheduler deadline registered
[    0.603745] io scheduler cfq registered (default)
[    0.606864] platform 4a084000.phy: Driver omap-usb2 requests probe deferral
[    0.610484] pinctrl-single 4a003400.pinmux: 281 pins at pa fc003400 size 1124
[    0.616763] Serial: 8250/16550 driver, 4 ports, IRQ sharing enabled
[    0.621241] 48020000.serial: ttyO2 at MMIO 0x48020000 (irq = 295, base_baud = 3000000) is a OMAP UART2
[    1.440988] console [ttyO2] enabled
[    1.461696] brd: module loaded
[    1.474215] loop: module loaded
[    1.479156] ahci 4a140000.sata: SSS flag set, parallel bus scan disabled
[    1.486191] ahci 4a140000.sata: AHCI 0001.0300 32 slots 1 ports 3 Gbps 0x1 impl platform mode
[    1.495118] ahci 4a140000.sata: flags: 64bit ncq sntf stag pm led clo only pmp pio slum part ccc apst 
[    1.507280] scsi host0: ahci_platform
[    1.511982] ata1: SATA max UDMA/133 mmio [mem 0x4a140000-0x4a1410ff] port 0x100 irq 312
[    1.521574] mtdoops: mtd device (mtddev=name/number) must be supplied
[    1.530914] usbcore: registered new interface driver asix
[    1.536660] usbcore: registered new interface driver ax88179_178a
[    1.543121] usbcore: registered new interface driver cdc_ether
[    1.549345] usbcore: registered new interface driver smsc95xx
[    1.555444] usbcore: registered new interface driver net1080
[    1.561455] usbcore: registered new interface driver cdc_subset
[    1.567722] usbcore: registered new interface driver zaurus
[    1.573696] usbcore: registered new interface driver cdc_ncm
[    1.580177] usbcore: registered new interface driver cdc_wdm
[    1.586229] usbcore: registered new interface driver usb-storage
[    1.592642] usbcore: registered new interface driver usbtest
[    1.599806] mousedev: PS/2 mouse device common for all mice
[    1.607913] omap_rtc 48838000.rtc: rtc core: registered 48838000.rtc as rtc0
[    1.615694] i2c /dev entries driver
[    1.619376] Driver for 1-wire Dallas network protocol.
[    1.626866] omap_wdt: OMAP Watchdog Timer Rev 0x01: initial timeout 60 sec
[    1.634704] Driver 'mmcblk' needs updating - please use bus_type methods
[    1.643052] omap_hsmmc 4809c000.mmc: unable to get vmmc regulator -517
[    1.650172] platform 4809c000.mmc: Driver omap_hsmmc requests probe deferral
[    1.658038] omap_hsmmc 480b4000.mmc: unable to get vmmc regulator -517
[    1.664981] platform 480b4000.mmc: Driver omap_hsmmc requests probe deferral
[    1.674288] ledtrig-cpu: registered to indicate activity on CPUs
[    1.680901] usbcore: registered new interface driver usbhid
[    1.686737] usbhid: USB HID core driver
[    1.692325] oprofile: using timer interrupt.
[    1.697124] TCP: cubic registered
[    1.700607] Initializing XFRM netlink socket
[    1.705152] NET: Registered protocol family 17
[    1.709838] NET: Registered protocol family 15
[    1.714674] Key type dns_resolver registered
[    1.719294] omap_voltage_late_init: Voltage driver support not added
[    1.725967] sr_dev_init: Unable to get voltage domain pointer for VDD core
[    1.733167] sr_dev_init: Unable to get voltage domain pointer for VDD mpu
[    1.740601] platform cpufreq-dt.0: Driver cpufreq-dt requests probe deferral
[    1.748335] Power Management for TI OMAP4+ devices.
[    1.753785] ThumbEE CPU extension supported.
[    1.758273] Registering SWP/SWPB emulation handler
[    1.763310] SmartReflex Class3 initialized
[    1.771259] reg-fixed-voltage fixedregulator-vdd_3v3: Failed to find supply vin
[    1.779329] reg-fixed-voltage fixedregulator-vdd_3v3: Failed to register regulator: -517
[    1.787856] platform fixedregulator-vdd_3v3: Driver reg-fixed-voltage requests probe deferral
[    1.797529] reg-fixed-voltage fixedregulator-vtt: Failed to find supply vin
[    1.805171] reg-fixed-voltage fixedregulator-vtt: Failed to register regulator: -517
[    1.813319] platform fixedregulator-vtt: Driver reg-fixed-voltage requests probe deferral
[    1.826361] palmas 0-0058: Irq flag is 0x00000008
[    1.854948] palmas 0-0058: Muxing GPIO 2f, PWM 0, LED 0
[    1.861017] ata1: SATA link down (SStatus 0 SControl 300)
[    1.899118] omap_i2c 48070000.i2c: bus 0 rev0.12 at 400 kHz
[    1.906898] omap_i2c 48060000.i2c: bus 2 rev0.12 at 400 kHz
[    1.951880] omap_hsmmc 480b4000.mmc: unable to get vmmc regulator -517
[    1.958882] platform 480b4000.mmc: Driver omap_hsmmc requests probe deferral
[    1.975518] vdd_3v3: supplied by regen1
[    1.980452] vtt_fixed: supplied by smps3
[    2.022173] omap_rtc 48838000.rtc: setting system clock to 2000-01-01 00:00:00 UTC (946684800)
[    2.031232] sr_init: No PMIC hook to init smartreflex
[    2.036667] sr_init: platform driver register failed for SR
[    2.198591] mmc0: host does not support reading read-only switch, assuming write-enable
[    2.209008] mmc0: new high speed SDHC card at address 59b4
[    2.215972] mmcblk0: mmc0:59b4 SMI   14.7 GiB 
[    2.223465]  mmcblk0: p1 p2 p3
[    2.304958] mmc1: BKOPS_EN bit is not set
[    2.315394] mmc1: new high speed MMC card at address 0001
[    2.321893] mmcblk1: mmc1:0001 P1XXXX 3.60 GiB 
[    2.326858] mmcblk1boot0: mmc1:0001 P1XXXX partition 1 2.00 MiB
[    2.333745] mmcblk1boot1: mmc1:0001 P1XXXX partition 2 2.00 MiB
[    2.341666]  mmcblk1: p1
[   14.201613] ldousb: disabling
[   14.315628] EXT4-fs (mmcblk0p2): mounted filesystem with ordered data mode. Opts: (null)
[   14.324198] VFS: Mounted root (ext4 filesystem) on device 179:2.
[   14.356252] devtmpfs: mounted
[   14.359737] Freeing unused kernel memory: 428K (c0861000 - c08cc000)
INIT: version 2.88 booting
Error opening /dev/fb0: No such file or directory
Starting udev
[   15.149464] udevd[86]: starting version 182
[   17.443845] EXT4-fs (mmcblk1p1): warning: mounting unchecked fs, running e2fsck is recommended
[   17.470301] EXT4-fs (mmcblk1p1): mounted filesystem without journal. Opts: (null)
[   17.505836] FAT-fs (mmcblk0p3): Volume was not properly unmounted. Some data may be corrupt. Please run fsck.
[   17.516511] FAT-fs (mmcblk0p1): Volume was not properly unmounted. Some data may be corrupt. Please run fsck.
[   17.694180] EXT4-fs (mmcblk0p2): re-mounted. Opts: data=ordered
Starting Bootlog daemon: bootlogd: cannot allocate pseudo tty: No such file or directory
bootlogd.
[   17.831040] random: dd urandom read with 60 bits of entropy available
Populating dev cache
ALSA: Restoring mixer settings...
/usr/sbin/alsactl: load_state:1729: No soundcards found...
Thu Dec  4 21:53:00 UTC 2014
INIT: Entering runlevel: 5
Configuring network interfaces... ifconfig: SIOCGIFFLAGS: No such device
done.
Starting system message bus: dbus.
Starting telnet daemon.
Starting rpcbind daemon...rpcbind: cannot create socket for udp6
rpcbind: cannot create socket for tcp6
done.
creating NFS state directory: done
starting statd: done
Starting syslogd/klogd: done
Starting thttpd.
***************************************************************
***************************************************************
NOTICE: This file system contains the followin GPLv3 packages:
	elfutils
	libdw1
	libelf1
If you do not wish to distribute GPLv3 components please remove
the above packages prior to distribution.  This can be done using
the opkg remove command.  i.e.:
    opkg remove <package>
Where <package> is the name printed in the list above
NOTE: If the package is a dependency of another package you
      will be notified of the dependent packages.  You should
      use the --force-removal-of-dependent-packages option to
      also remove the dependent packages as well
***************************************************************
***************************************************************
Stopping Bootlog daemon: bootlogd.
 _____                    _____           _         _   
|  _  |___ ___ ___ ___   |  _  |___ ___  |_|___ ___| |_ 
|     |  _| .'| . | . |  |   __|  _| . | | | -_|  _|  _|
|__|__|_| |__,|_  |___|  |__|  |_| |___|_| |___|___|_|  
              |___|                    |___|            
Arago Project http://arago-project.org am57xx-evm /dev/ttyO2
Arago 2014.10 am57xx-evm /dev/ttyO2
am57xx-evm login: 
- 03:06:18 [INFO] Host: root
- 03:06:19 [INFO] Target: 
root
root@am57xx-evm:~# 
- 03:06:19 [INFO] Host: uname -a
- 03:06:19 [INFO] Target: 
uname -a
Linux am57xx-evm 3.19.0-rc6-00002-g8ad185f2f6cf #1 SMP Mon Jan 26 02:03:35 CST 2015 armv7l GNU/Linux
root@am57xx-evm:~# 
- 03:06:19 [INFO] Host: cat /proc/cmdline
- 03:06:20 [INFO] Target: 
cat /proc/cmdline
console=ttyO2,115200n8  earlyprintk rootwait  ip=dhcp  root=PARTUUID=00000000-02 rw rootfstype=ext4 rootwait 
root@am57xx-evm:~# 
- 03:06:20 [INFO] Host: uname -a
- 03:06:20 [INFO] Target: 
uname -a
Linux am57xx-evm 3.19.0-rc6-00002-g8ad185f2f6cf #1 SMP Mon Jan 26 02:03:35 CST 2015 armv7l GNU/Linux
root@am57xx-evm:~# 
- 03:06:20 [INFO] Host: cat /proc/mtd
- 03:06:21 [INFO] Target: 
cat /proc/mtd
dev:    size   erasesize  name
root@am57xx-evm:~# 
- 03:06:25 [INFO] Host: export IPERFHOST=192.168.0.1
- 03:06:25 [INFO] Target: 
export IPERFHOST=192.168.0.1
root@am57xx-evm:~# 
- 03:06:25 [INFO] Host: export NFS_SERVER=192.168.0.1
- 03:06:26 [INFO] Target: 
export NFS_SERVER=192.168.0.1
root@am57xx-evm:~# 
- 03:06:26 [INFO] Host: export NFS_ROOT_PATH=/home/tigtfarm03/NFS_exports/am57xx-evm1/
- 03:06:26 [INFO] Target: 
export NFS_ROOT_PATH=/home/tigtfarm03/NFS_exports/am57xx-evm1 
root@am57xx-evm:~# 
- 03:06:26 [INFO] Host: mkdir -p -m 777 /test
- 03:06:27 [INFO] Target: 
mkdir -p -m 777 /test
root@am57xx-evm:~# 
- 03:06:27 [INFO] Host: cd /test
- 03:06:27 [INFO] Target: 
cd /test
root@am57xx-evm:/test# 
- 03:06:27 [INFO] Host: cat > test.sh << EOF
- 03:06:28 [INFO] Target: 
cat > test.sh << EOF
- 03:06:28 [INFO] Host: failtest() {
- 03:06:28 [INFO] Target: 
failtest() {
- 03:06:28 [INFO] Host:   echo 1 >&3
- 03:06:29 [INFO] Target: 
  echo 1 >&3
- 03:06:29 [INFO] Host: }
- 03:06:29 [INFO] Target: 
- 03:06:29 [INFO] Host: timeout=600
- 03:06:30 [INFO] Target: 
timeout=600
- 03:06:30 [INFO] Host: 
- 03:06:30 [INFO] Target: 
- 03:06:30 [INFO] Host: # Start of user's script logic
- 03:06:31 [INFO] Target: 
# Start of user's script logic
- 03:06:31 [INFO] Host: 
- 03:06:31 [INFO] Target: 
- 03:06:31 [INFO] Host: 
- 03:06:32 [INFO] Target: 
- 03:06:32 [INFO] Host: mount -t proc proc /proc 2>/dev/null;
- 03:06:32 [INFO] Target: 
mount -t proc proc /proc 2>/dev/null;
- 03:06:32 [INFO] Host: 
- 03:06:33 [INFO] Target: 
- 03:06:33 [INFO] Host: mount -t sysfs sys /sys 2>/dev/null;
- 03:06:33 [INFO] Target: 
mount -t sysfs sys /sys 2>/dev/null;
- 03:06:33 [INFO] Host: 
- 03:06:34 [INFO] Target: 
- 03:06:34 [INFO] Host: mount -t debugfs none /sys/kernel/debug 2>/dev/null;
- 03:06:34 [INFO] Target: 
mount -t debugfs none[   35.876009] random: nonblocking pool is initialized
 /sys/kernel/debug 2>/dev/null;
- 03:06:34 [INFO] Host: 
- 03:06:35 [INFO] Target: 
- 03:06:35 [INFO] Host: echo 'cpuinfo:';cat /proc/cpuinfo; echo '=======';
- 03:06:35 [INFO] Target: 
echo 'cpuinfo:';cat /proc/cpuinfo; echo '=======';
- 03:06:35 [INFO] Host: 
- 03:06:36 [INFO] Target: 
- 03:06:36 [INFO] Host: echo 'soc info:';head /sys/devices/soc0/* 2>/dev/null; echo '=======';
- 03:06:36 [INFO] Target: 
echo 'soc info:';head /sys/devices/soc0/* 2>/dev/null; echo '=======';
- 03:06:36 [INFO] Host: 
- 03:06:37 [INFO] Target: 
- 03:06:37 [INFO] Host: echo 'DT Model info'; head /proc/device-tree/name /proc/device-tree/model /proc/device-tree/compatible 2>/dev/null;echo; echo '=======';
- 03:06:37 [INFO] Target: 
echo 'DT Model info'; head /proc/device-tree/name /proc/device-tree/model /pro 
c/device-tree/compatible 2>/dev/null;echo; echo '=======';
- 03:06:37 [INFO] Host: 
- 03:06:38 [INFO] Target: 
- 03:06:38 [INFO] Host: echo 'interrupts:';cat /proc/interrupts; echo '=======';
- 03:06:38 [INFO] Target: 
echo 'interrupts:';cat /proc/interrupts; echo '=======';
- 03:06:38 [INFO] Host: 
- 03:06:39 [INFO] Target: 
- 03:06:39 [INFO] Host: echo 'Clk_summary:';cat /sys/kernel/debug/clk/clk_summary; echo '=======';
- 03:06:39 [INFO] Target: 
echo 'Clk_summary:';cat /sys/kernel/debug/clk/clk_summary; echo '=======';
- 03:06:39 [INFO] Host: 
- 03:06:40 [INFO] Target: 
- 03:06:40 [INFO] Host: echo 'Orphan Clks:';ls /sys/kernel/debug/clk/orphans/; echo '=======';
- 03:06:40 [INFO] Target: 
echo 'Orphan Clks:';ls /sys/kernel/debug/clk/orphans/; echo '=======';
- 03:06:40 [INFO] Host: 
- 03:06:41 [INFO] Target: 
- 03:06:41 [INFO] Host: echo "Available frequencies"; cat /sys/devices/system/cpu/cpu0/cpufreq/scaling_available_frequencies 2>/dev/null;echo '=======';
- 03:06:41 [INFO] Target: 
echo "Available frequencies"; cat /sys/devices/system/cpu/cpu0/cpufreq/scaling 
_available_frequencies 2>/dev/null;echo '=======';
- 03:06:41 [INFO] Host: 
- 03:06:42 [INFO] Target: 
- 03:06:42 [INFO] Host: echo 'H''ello World' 'B''oard Booted';
- 03:06:42 [INFO] Target: 
echo 'H''ello World' 'B''oard Booted';
- 03:06:42 [INFO] Host: 
- 03:06:43 [INFO] Target: 
- 03:06:43 [INFO] Host: EOF
- 03:06:43 [INFO] Target: 
root@am57xx-evm:/test# 
- 03:06:43 [INFO] Host: cd /test
- 03:06:44 [INFO] Target: 
cd /test
root@am57xx-evm:/test# 
- 03:06:44 [INFO] Host: chmod +x test.sh
- 03:06:44 [INFO] Target: 
chmod +x test.sh
root@am57xx-evm:/test# 
- 03:06:44 [INFO] Host: ./test.sh 2> stderr.log > stdout.log 3> result.log
- 03:06:45 [INFO] Target: 
./test.sh 2> stderr.log > stdout.log 3> result.log
root@am57xx-evm:/test# 
- 03:06:45 [INFO] Host: echo $?
- 03:06:45 [INFO] Target: 
echo $?
root@am57xx-evm:/test# 
- 03:06:45 [INFO] Host: cd /test
- 03:06:46 [INFO] Target: 
cd /test
root@am57xx-evm:/test# 
- 03:06:46 [INFO] Host: cat stdout.log
- 03:06:48 [INFO] Target: 
cat stdout.log
cpuinfo:
processor	: 0
model name	: ARMv7 Processor rev 2 (v7l)
BogoMIPS	: 12.29
Features	: half thumb fastmult vfp edsp thumbee neon vfpv3 tls vfpv4 idiva idivt vfpd32 lpae evtstrm 
CPU implementer	: 0x41
CPU architecture: 7
CPU variant	: 0x2
CPU part	: 0xc0f
CPU revision	: 2
processor	: 1
model name	: ARMv7 Processor rev 2 (v7l)
BogoMIPS	: 12.29
Features	: half thumb fastmult vfp edsp thumbee neon vfpv3 tls vfpv4 idiva idivt vfpd32 lpae evtstrm 
CPU implementer	: 0x41
CPU architecture: 7
CPU variant	: 0x2
CPU part	: 0xc0f
CPU revision	: 2
Hardware	: Generic DRA74X (Flattened Device Tree)
Revision	: 0000
Serial		: 0000000000000000
=======
soc info:
==> /sys/devices/soc0/family <==
DRA7
==> /sys/devices/soc0/machine <==
DRA752
==> /sys/devices/soc0/power <==
==> /sys/devices/soc0/revision <==
ES1.1
==> /sys/devices/soc0/subsystem <==
==> /sys/devices/soc0/type <==
==> /sys/devices/soc0/uevent <==
=======
DT Model info
==> /proc/device-tree/name <==
==> /proc/device-tree/model <==
TI AM5728 BeagleBoard-X15
==> /proc/device-tree/compatible <==
ti,am572x-beagle-x15ti,am5728ti,dra742ti,dra74ti,dra7
=======
interrupts:
           CPU0       CPU1       
 16:          0          0       GIC 191  gp_timer
 19:       1008        963       GIC  27  arch_timer
 22:          0          0       GIC 190  l3-dbg-irq
 23:          0          0       GIC  42  l3-app-irq
 28:       2459          0       GIC 185  omap-dma-engine
 32:          1          0  4ae10000.gpio   0  palmas
224:          0          0  4805d000.gpio  27  mmc0
295:       4411          0       GIC 174  OMAP UART2
308:        513          0       GIC 156  48070000.i2c
309:          0          0       GIC 155  48060000.i2c
310:       2909          0       GIC 154  mmc0
311:        739          0       GIC 153  mmc1
312:          0          0       GIC 152  4a140000.sata
313:          0          0       GIC 151  rtc0
327:          1          0      PRCM  pinctrl
382:          1          0   pinctrl 584  OMAP UART2
IPI0:          0          1  CPU wakeup interrupts
IPI1:          0          0  Timer broadcast interrupts
IPI2:       1055       1521  Rescheduling interrupts
IPI3:          0          0  Function call interrupts
IPI4:        190         46  Single function call interrupts
IPI5:          0          0  CPU stop interrupts
IPI6:          0          0  IRQ work interrupts
IPI7:          0          0  completion interrupts
Err:          0
=======
Clk_summary:
   clock                         enable_cnt  prepare_cnt        rate   accuracy   phase
----------------------------------------------------------------------------------------
 dummy_ck                                 0            0           0          0 0  
 video2_m2_clkin_ck                       0            0           0          0 0  
    video2_dclk_div                       0            0           0          0 0  
 video2_clkin_ck                          0            0           0          0 0  
    video2_div_clk                        0            0           0          0 0  
    video2_clk2_div                       0            0           0          0 0  
 video1_m2_clkin_ck                       0            0           0          0 0  
    video1_dclk_div                       0            0           0          0 0  
 video1_clkin_ck                          0            0           0          0 0  
    video1_div_clk                        0            0           0          0 0  
    video1_clk2_div                       0            0           0          0 0  
 usb_otg_clkin_ck                         0            0           0          0 0  
    usb_otg_dclk_div                      0            0           0          0 0  
 sys_clkin2                               0            0    22579200          0 0  
    abe_dpll_sys_clk_mux                  0            0    22579200          0 0  
       abe_dpll_clk_mux                   0            0    22579200          0 0  
          dpll_abe_ck                     0            0   180633600          0 0  
             dpll_abe_m2_ck               0            0   180633600          0 0  
                per_abe_x1_gfclk2_div           0            0   180633600          0 0  
                   mcasp8_aux_gfclk_mux           0            0   180633600          0 0  
                   mcasp7_aux_gfclk_mux           0            0   180633600          0 0  
                   mcasp6_aux_gfclk_mux           0            0   180633600          0 0  
                   mcasp5_aux_gfclk_mux           0            0   180633600          0 0  
                   mcasp4_aux_gfclk_mux           0            0   180633600          0 0  
                   mcasp3_aux_gfclk_mux           0            0   180633600          0 0  
                   mcasp2_aux_gfclk_mux           0            0   180633600          0 0  
                   mcasp1_aux_gfclk_mux           0            0   180633600          0 0  
                per_abe_x1_dclk_div           0            0   180633600          0 0  
             dpll_abe_x2_ck               0            0   361267200          0 0  
                dpll_abe_m3x2_ck           0            0   180633600          0 0  
                   usb_dpll_hs_clk_div           0            0    60211200          0 0  
                   per_dpll_hs_clk_div           0            0    90316800          0 0  
                   dpll_gpu_ck            0            0   180633600          0 0  
                      dpll_gpu_m2_ck           0            0    22579200          0 0  
                         gpu_dclk           0            0    22579200          0 0  
                dpll_abe_m2x2_ck           0            0   361267200          0 0  
                   abe_lp_clk_div           0            0    22579200          0 0  
                   abe_24m_fclk           0            0    45158400          0 0  
                      mcasp8_ahclk_mux           0            0    45158400          0 0  
                      mcasp7_ahclkx_mux           0            0    45158400          0 0  
                      mcasp6_ahclkx_mux           0            0    45158400          0 0  
                      mcasp5_ahclkx_mux           0            0    45158400          0 0  
                      mcasp4_ahclkx_mux           0            0    45158400          0 0  
                      mcasp3_ahclkx_mux           0            0    45158400          0 0  
                      mcasp2_ahclkx_mux           0            0    45158400          0 0  
                      mcasp2_ahclkr_mux           0            0    45158400          0 0  
                      mcasp1_ahclkx_mux           0            0    45158400          0 0  
                      mcasp1_ahclkr_mux           0            0    45158400          0 0  
                   ipu1_gfclk_mux           0            0   361267200          0 0  
                   abe_clk                0            0   361267200          0 0  
                      aess_fclk           0            0   361267200          0 0  
                         abe_giclk_div           0            0   361267200          0 0  
       abe_dpll_bypass_clk_mux            0            0    22579200          0 0  
    sys_clk2_dclk_div                     0            0    22579200          0 0  
 virt_38400000_ck                         0            0    38400000          0 0  
 virt_27000000_ck                         0            0    27000000          0 0  
 virt_26000000_ck                         0            0    26000000          0 0  
 virt_20000000_ck                         1            1    20000000          0 0  
    sys_clkin1                            8           14    20000000          0 0  
       wkupaon_iclk_mux                  10           12    20000000          0 0  
          l3instr_ts_gclk_div             0            0      625000          0 0  
       sata_ref_clk                       1            1    20000000          0 0  
       dpll_usb_ck                        1            1   960000000          0 0  
          dpll_usb_clkdcoldo              1            1   960000000          0 0  
             l3init_960m_gfclk            1            2   960000000          0 0  
                usb_otg_ss2_refclk960m           0            2   960000000          0 0  
                usb_otg_ss1_refclk960m           1            3   960000000          0 0  
          dpll_usb_m2_ck                  0            0   480000000          0 0  
             l3init_480m_dclk_div           0            0   480000000          0 0  
             l3init_60m_fclk              0            0    60000000          0 0  
       dpll_per_ck                        1            1   384000000          0 0  
          dpll_per_x2_ck                  1            3   768000000          0 0  
             dpll_per_m2x2_ck             1            5   192000000          0 0  
                mmc2_fclk_mux             0            1   192000000          0 0  
                   mmc2_fclk_div           0            1    96000000          0 0  
                mmc1_fclk_mux             0            1   192000000          0 0  
                   mmc1_fclk_div           0            1    96000000          0 0  
                func_96m_fclk             0            5    96000000          0 0  
                func_48m_fclk             2           18    48000000          0 0  
                   uart6_gfclk_mux           0            1    48000000          0 0  
                   uart10_gfclk_mux           0            1    48000000          0 0  
                   uart9_gfclk_mux           0            1    48000000          0 0  
                   uart8_gfclk_mux           0            1    48000000          0 0  
                   uart7_gfclk_mux           0            1    48000000          0 0  
                   uart5_gfclk_mux           0            1    48000000          0 0  
                   uart4_gfclk_mux           0            1    48000000          0 0  
                   uart3_gfclk_mux           1            1    48000000          0 0  
                   uart2_gfclk_mux           0            1    48000000          0 0  
                   uart1_gfclk_mux           0            1    48000000          0 0  
                   mmc4_gfclk_mux           0            1    48000000          0 0  
                      mmc4_gfclk_div           0            1    48000000          0 0  
                   mmc3_gfclk_mux           0            1    48000000          0 0  
                      mmc3_gfclk_div           0            1    48000000          0 0  
                   dss_48mhz_clk           0            2    48000000          0 0  
                func_12m_fclk             0            1    12000000          0 0  
             dpll_per_h14x2_ck            0            0   384000000          0 0  
             dpll_per_h13x2_ck            0            1   192000000          0 0  
                qspi_gfclk_mux            0            1   192000000          0 0  
                   qspi_gfclk_div           0            1   192000000          0 0  
             dpll_per_h12x2_ck            0            1   192000000          0 0  
                dss_dss_clk               0            3   192000000          0 0  
             dpll_per_h11x2_ck            0            0   256000000          0 0  
                func_128m_clk             0            0   128000000          0 0  
          dpll_per_m2_ck                  0            0    96000000          0 0  
             func_24m_clk                 0            0    24000000          0 0  
             func_96m_aon_dclk_div           0            0    96000000          0 0  
       dpll_pcie_ref_ck                   1            1  1500000000          0 0  
          dpll_pcie_ref_m2_ck             0            0  1500000000          0 0  
             pcie2_dclk_div               0            0  1500000000          0 0  
          dpll_pcie_ref_m2ldo_ck           1            1   100000000          0 0  
             apll_pcie_in_clk_mux           1            1   100000000          0 0  
                apll_pcie_ck              2            2   100000000          0 0  
                   apll_pcie_m2_ck           0            0   100000000          0 0  
                      pcie_dclk_div           0            0   100000000          0 0  
                   apll_pcie_clkvcoldo_div           0            0   100000000          0 0  
                   apll_pcie_clkvcoldo           0            0   100000000          0 0  
                   optfclk_pciephy2_clk           0            0   100000000          0 0  
                   optfclk_pciephy1_clk           1            1   100000000          0 0  
                   optfclk_pciephy_div           1            1   100000000          0 0  
                      optfclk_pciephy2_div_clk           0            0   100000000          0 0  
                      optfclk_pciephy1_div_clk           1            1   100000000          0 0  
       dpll_gmac_ck                       1            3  1000000000          0 0  
          dpll_gmac_x2_ck                 0            0  2000000000          0 0  
             dpll_gmac_m3x2_ck            0            0   200000000          0 0  
             dpll_gmac_h13x2_ck           0            0   200000000          0 0  
             dpll_gmac_h12x2_ck           0            0   250000000          0 0  
             dpll_gmac_h11x2_ck           0            0    50000000          0 0  
                gmii_m_clk_div            0            0    25000000          0 0  
          dpll_gmac_m2_ck                 0            0   250000000          0 0  
             gmac_250m_dclk_div           0            0   250000000          0 0  
             gmac_gmii_ref_clk_div           0            0   125000000          0 0  
       dpll_ddr_ck                        0            0  1064000000          0 0  
          dpll_ddr_x2_ck                  0            0  2128000000          0 0  
             dpll_ddr_h11x2_ck            0            0   266000000          0 0  
          dpll_ddr_m2_ck                  0            0   532000000          0 0  
             emif_phy_dclk_div            0            0   532000000          0 0  
       dpll_mpu_ck                        1            1  1000000000          0 0  
          dpll_mpu_m2_ck                  1            1  1000000000          0 0  
             mpu_dclk_div                 0            0  1000000000          0 0  
       dpll_core_ck                       1            1  1064000000          0 0  
          dpll_core_m2_ck                 0            0   532000000          0 0  
             core_dpll_out_dclk_div           0            0   532000000          0 0  
          dpll_core_x2_ck                 2            3  2128000000          0 0  
             dpll_core_h24x2_ck           0            1   354666667          0 0  
             dpll_core_h23x2_ck           0            0   532000000          0 0  
             dpll_core_h22x2_ck           0            0   425600000          0 0  
             dpll_core_h14x2_ck           0            0   425600000          0 0  
                gpu_hyd_gclk_mux           0            0   425600000          0 0  
                gpu_core_gclk_mux           0            0   425600000          0 0  
             dpll_core_h13x2_ck           4            8    34322581          0 0  
             dpll_core_h12x2_ck           1            1   532000000          0 0  
                l3_iclk_div              85           96   266000000          0 0  
                   vip3_gclk_mux           0            0   266000000          0 0  
                   vip2_gclk_mux           0            0   266000000          0 0  
                   vip1_gclk_mux           0            0   266000000          0 0  
                   gmac_rft_clk_mux           0            0   266000000          0 0  
                   atl_gfclk_mux           0            1   266000000          0 0  
                      atl_clkin3_ck           0            0   266000000          0 0  
                      atl_clkin2_ck           0            0   266000000          0 0  
                      atl_clkin1_ck           0            0   266000000          0 0  
                      atl_clkin0_ck           0            0   266000000          0 0  
                   l4_root_clk_div          12           15   133000000          0 0  
                eve_dpll_hs_clk_div           0            0   532000000          0 0  
                   dpll_eve_ck            0            0   532000000          0 0  
                      dpll_eve_m2_ck           0            0   532000000          0 0  
                         eve_clk           0            0   532000000          0 0  
                         eve_dclk_div           0            0   532000000          0 0  
                iva_dpll_hs_clk_div           0            0   532000000          0 0  
                   dpll_iva_ck            0            0   532000000          0 0  
                      dpll_iva_m2_ck           0            0   532000000          0 0  
                         iva_dclk           0            0   532000000          0 0  
                dsp_dpll_hs_clk_div           0            0   532000000          0 0  
                   dpll_dsp_ck            0            0   532000000          0 0  
                      dpll_dsp_x2_ck           0            0   532000000          0 0  
                         dpll_dsp_m3x2_ck           0            0   532000000          0 0  
                      dpll_dsp_m2_ck           0            0   532000000          0 0  
                         dsp_gclk_div           0            0   532000000          0 0  
                mpu_dpll_hs_clk_div           0            0   532000000          0 0  
       dcan1_sys_clk_mux                  0            1    20000000          0 0  
       video2_dpll_clk_mux                0            1    20000000          0 0  
          dss_video2_clk                  0            1    20000000          0 0  
       video1_dpll_clk_mux                0            1    20000000          0 0  
          dss_video1_clk                  0            1    20000000          0 0  
       timer_sys_clk_div                  0           10    20000000          0 0  
          timer9_gfclk_mux                0            1    20000000          0 0  
          timer4_gfclk_mux                0            1    20000000          0 0  
          timer3_gfclk_mux                0            1    20000000          0 0  
          timer2_gfclk_mux                0            1    20000000          0 0  
          timer16_gfclk_mux               0            0    20000000          0 0  
          timer15_gfclk_mux               0            0    20000000          0 0  
          timer14_gfclk_mux               0            0    20000000          0 0  
          timer13_gfclk_mux               0            0    20000000          0 0  
          timer11_gfclk_mux               0            1    20000000          0 0  
          timer10_gfclk_mux               0            1    20000000          0 0  
          timer8_gfclk_mux                0            1    20000000          0 0  
          timer7_gfclk_mux                0            1    20000000          0 0  
          timer6_gfclk_mux                0            1    20000000          0 0  
          timer5_gfclk_mux                0            1    20000000          0 0  
       hdmi_dpll_clk_mux                  0            1    20000000          0 0  
          dss_hdmi_clk                    0            2    20000000          0 0  
       custefuse_sys_gfclk_div            0            0    10000000          0 0  
       emu_dclk_div                       0            0    20000000          0 0  
       sata_dclk_div                      0            0    20000000          0 0  
       sys_clk1_dclk_div                  0            0    20000000          0 0  
          clkoutmux2_clk_mux              0            0    20000000          0 0  
          clkoutmux1_clk_mux              0            0    20000000          0 0  
          clkoutmux0_clk_mux              0            0    20000000          0 0  
       adc_gfclk_mux                      0            0    20000000          0 0  
       abe_sys_clk_div                    0            0    20000000          0 0  
 virt_19200000_ck                         0            0    19200000          0 0  
 virt_16800000_ck                         0            0    16800000          0 0  
 virt_13000000_ck                         0            0    13000000          0 0  
 virt_12000000_ck                         0            0    12000000          0 0  
 sys_32k_ck                               4           20       32768          0 0  
    timer1_gfclk_mux                      1            1       32768          0 0  
    gpio1_dbclk                           0            1       32768          0 0  
    atl_dpll_clk_mux                      0            0       32768          0 0  
    usb_phy3_always_on_clk32k             1            1       32768          0 0  
    usb_phy2_always_on_clk32k             0            1       32768          0 0  
    usb_phy1_always_on_clk32k             0            1       32768          0 0  
    mmc4_clk32k                           0            1       32768          0 0  
    mmc3_clk32k                           0            1       32768          0 0  
    mmc2_clk32k                           0            1       32768          0 0  
    mmc1_clk32k                           0            1       32768          0 0  
    gpio8_dbclk                           0            1       32768          0 0  
    gpio7_dbclk                           0            1       32768          0 0  
    gpio6_dbclk                           0            1       32768          0 0  
    gpio5_dbclk                           0            1       32768          0 0  
    gpio4_dbclk                           0            1       32768          0 0  
    gpio3_dbclk                           0            1       32768          0 0  
    gpio2_dbclk                           0            1       32768          0 0  
    dss_32khz_clk                         0            1       32768          0 0  
    optfclk_pciephy2_32khz                0            0       32768          0 0  
    optfclk_pciephy1_32khz                1            1       32768          0 0  
 secure_32k_clk_src_ck                    0            0       32768          0 0  
    secure_32k_dclk_div                   0            0       32768          0 0  
 sdvenc_clkin_ck                          0            0           0          0 0  
 rmii_clk_ck                              0            0           0          0 0  
 ref_clkin3_ck                            0            0           0          0 0  
 ref_clkin2_ck                            0            0           0          0 0  
 ref_clkin1_ck                            0            0           0          0 0  
 ref_clkin0_ck                            0            0           0          0 0  
 pciesref_acs_clk_ck                      0            0   100000000          0 0  
 mlbp_clkin_ck                            0            0           0          0 0  
    mlbp_clk                              0            0           0          0 0  
 mlb_clkin_ck                             0            0           0          0 0  
    mlb_clk                               0            0           0          0 0  
 hdmi_clkin_ck                            0            0           0          0 0  
    hdmi_div_clk                          0            0           0          0 0  
    hdmi_clk2_div                         0            0           0          0 0  
    hdmi_dclk_div                         0            0           0          0 0  
=======
Orphan Clks:
=======
Available frequencies
1000000 1176000 
=======
Hello World Board Booted
root@am57xx-evm:/test# 
- 03:06:48 [INFO] Host: cat stderr.log
- 03:06:49 [INFO] Target: 
cat stderr.log
ls: /sys/kernel/debug/clk/orphans/: No such file or directory
root@am57xx-evm:/test# 
- 03:06:49 [INFO] Host: cat result.log
- 03:06:51 [ERROR] On command: cat result.log waiting for cat result.log.+?(?m-ix:^1[\0\n\r]+) >>> error: execution expired
- 03:06:51 [INFO] Target: 
cat result.log
root@am57xx-evm:/test# 
- 03:06:51 [INFO] Host: cd /test
- 03:06:51 [INFO] Target: 
cd /test
root@am57xx-evm:/test# 
URL:gtsystest.telogy.design.ti.com/vatf/tigtfarm03/tigtfarm03_vatf@am57xx-evm1/tigtfarm0301_26_2015_03_05_12/files/session_iteration_1/test_1
