- 04:24:54 [INFO] Starting target session
- 04:24:54 [INFO] Connected to am57xx-evm via serial 
- 04:24:54 [INFO] Host: #check prompt
- 04:24:57 [ERROR] On command: #check prompt waiting for #check prompt.+?(?-mix:((?-mix:login:)|[Pp]assword)) >>> error: execution expired
- 04:24:57 [INFO] Target: 
#check prompt
root@am57xx-evm:/test# [148775.807647] ata1: SATA link down (SStatus 1 SControl 310)
[148775.813169] ata1: EH complete
[148775.819148] ata1: exception Emask 0x10 SAct 0x0 SErr 0x4040000 action 0xe frozen
[148775.826664] ata1: irq_stat 0x00000040, connection status changed
[148775.832946] ata1: SError: { CommWake DevExch }
[148775.837509] ata1: limiting SATA link speed to 1.5 Gbps
[148775.842911] ata1: hard resetting link
- 04:24:57 [INFO] Host: #check prompt
- 04:24:57 [INFO] Target: 
#check prompt
root@am57xx-evm:/test# 
- 04:24:57 [INFO] Host: sync;poweroff
- 04:25:09 [INFO] Target: 
sync;poweroff
[148778.067662] ata1: SATA link down (SStatus 1 SControl 310)
[148778.073195] ata1: EH complete
[148778.079149] ata1: exception Emask 0x10 SAct 0x0 SErr 0x4040000 action 0xe frozen
[148778.086669] ata1: irq_stat 0x00000040, connection status changed
[148778.092963] ata1: SError: { CommWake DevExch }
[148778.097540] ata1: limiting SATA link speed to 1.5 Gbps
Broadcast message from root@am57xx-evm (ttyS2) (Sun Mar 13 20:11:14 2016):
[148778.104434] ata1: hard resetting link
The system is going down for system halt NOW!
INIT: Switching to runlevel: 0
INIT: SendinUIM SYSFS Node Not Found
rmmod: ERROR: Module pvrsrvkm is in use
Couldn't unload modules
Stopping Dropbear SSH server: stopped /usr/sbin/dropbear (pid 975)
dropbear.
Stopping telnet daemon.
Stopping tiipclad daemon.
 * Stopping Avahi mDNS/DNS-SD Daemon: avahi-daemon
[A[74G[ ok ]
Stopping system message bus: dbus.
Stopping syslogd/klogd: stopped syslogd (pid 998)
stopped klogd (pid 1001)
done
Stopping thttpd.
Stopping Weston
stopping statd: done
Stopping Telephony daemon
Stopping random number generator daemon.
ALSA: Storing mixer settings...
Stopping rpcbind daemon...
done.
Stopping Lighttpd Web Server: stopped /usr/sbin/lighttpd (pid 1034)
lighttpd.
NOT deconfiguring network interfaces: / is an NFS mount
Stopping Matrix GUI application[148780.347674] ata1: SATA link down (SStatus 1 SControl 310)
[148780.354904] ata1: EH complete
[148780.372045] ata1: exception Emask 0x10 SAct 0x0 SErr 0x4040000 action 0xe frozen
[148780.379580] ata1: irq_stat 0x00000040, connection status changed
[148780.385700] ata1: SError: { CommWake DevExch }
[148780.390272] ata1: limiting SATA link speed to 1.5 Gbps
[148780.395524] ata1: hard resetting link
Disabling thermal zones...
***************************************************************
***************************************************************
NOTICE: This file system contains the following GPLv3 packages:
	autoconf
	binutils-dev
	binutils
	bison-dev
	bison
	cpp-symlinks
	cpp
	g++-symlinks
	g++
	gawk-dev
	gawk
	gcc-symlinks
	gcc
	gdb
	gdbc6x
	gdbserver
	gstreamer1.0-libav
	libgmp10
	libmpc3
	libmpfr4
	make
	parted
	swig-dev
	swig
If you do not wish to distribute GPLv3 components please remove
the above packages prior to distribution.  This can be done using
the opkg remove command.  i.e.:
    opkg remove <package>
Where <package> is the name printed in the list above
NOTE: If the package is a dependency of another package you
      will be notified of the dependent packages.  You should
      use the --force-removal-of-dependent-packages option to
      also remove the dependent packages as well
***************************************************************
***************************************************************
Sending all processes the TERM signal...
[148782.627671] ata1: SATA link down (SStatus 1 SControl 310)
[148782.633199] ata1: EH complete
[148782.639167] ata1: exception Emask 0x10 SAct 0x0 SErr 0x4040000 action 0xe frozen
[148782.646682] ata1: irq_stat 0x00000040, connection status changed
[148782.652823] ata1: SError: { CommWake DevExch }
[148782.657388] ata1: limiting SATA link speed to 1.5 Gbps
[148782.662655] ata1: hard resetting link
[148784.887639] ata1: SATA link down (SStatus 1 SControl 310)
[148784.893158] ata1: EH complete
[148784.899149] ata1: exception Emask 0x10 SAct 0x0 SErr 0x4040000 action 0xe frozen
[148784.906663] ata1: irq_stat 0x00000040, connection status changed
[148784.912802] ata1: SError: { CommWake DevExch }
[148784.917361] ata1: limiting SATA link speed to 1.5 Gbps
[148784.922622] ata1: hard resetting link
Sending all processes the KILL signal...
Unmounting remote filesystems...
Deactivating swap...
Unmounting local filesystems...
[148787.147655] ata1: SATA link down (SStatus 1 SControl 310)
[148787.153185] ata1: EH complete
[148787.159144] ata1: exception Emask 0x10 SAct 0x0 SErr 0x4040000 action 0xe frozen
[148787.166781] ata1: irq_stat 0x00000040, connection status changed
[148787.173029] ata1: SError: { CommWake DevExch }
[148787.177748] ata1: limiting SATA link speed to 1.5 Gbps
[148787.183594] ata1: hard resetting link
[148789.248315] reboot: Power down
- 04:25:09 [INFO] Disconnected serial from am57xx-evm
- 04:25:14 [INFO] Connected to am57xx-evm via serial 
- 04:25:14 [INFO] Host: 
- 04:25:15 [INFO] Target: 
reading uboot.env
SATA link 0 timeout.
AHCI 0001.0300 32 slots 1 ports 3 Gbps 0x1 impl SATA mode
flags: 64bit ncq stag pm led clo only pmp pio slum part ccc apst 
SCSI:  SATA link 0 timeout.
AHCI 0001.0300 32 slots 1 ports 3 Gbps 0x1 impl SATA mode
flags: 64bit ncq stag pm led clo only pmp pio slum part ccc apst 
scanning bus for devices...
Found 0 device(s).
Net:   <ethaddr> not set. Validating first E-fuse MAC
cpsw
Hit any key to stop autoboot:  1  0 
U-Boot# 
U-Boot# 
U-Boot# 
U-Boot# 
U-Boot# 
U-Boot# 
U-Boot# 
U-Boot# 
U-Boot# 
U-Boot# 
U-Boot# 
- 04:25:15 [INFO] Host: 
- 04:25:15 [INFO] Target: 
U-Boot# 
- 04:25:15 [INFO] Host: version
- 04:25:15 [INFO] Target: 
version
U-Boot 2015.07 (Dec 10 2015 - 09:27:44 -0500)
arm-linux-gnueabihf-gcc (Linaro GCC 4.9-2015.05) 4.9.3 20150413 (prerelease)
GNU ld (GNU Binutils) Linaro 2014.11-3-git 2.24.0.20141017
U-Boot# 
- 04:25:15 [INFO] Host: setenv bootargs 'console=ttyO2,115200n8  earlyprintk=serial,ttyO2,115200n8 rootwait '
- 04:25:15 [INFO] Target: 
setenv bootargs 'console=ttyO2,115200n8  earlyprintk=serial,ttyO2,115200n8 rootwait '
U-Boot# 
- 04:25:15 [INFO] Host: setenv bootcmd  ''
- 04:25:15 [INFO] Target: 
setenv bootcmd  ''
U-Boot# 
- 04:25:15 [INFO] Host: setenv autoload 'no'
- 04:25:15 [INFO] Target: 
setenv autoload 'no'
U-Boot# 
- 04:25:15 [INFO] Host: setenv serverip '192.168.0.1'
- 04:25:15 [INFO] Target: 
setenv serverip '192.168.0.1'
U-Boot# 
- 04:25:15 [INFO] Host: printenv
- 04:25:16 [INFO] Target: 
printenv
arch=arm
args_mmc=run finduuid;setenv bootargs console=${console} ${optargs} root=PARTUUID=${uuid} rw rootfstype=${mmcrootfstype}
autoload=no
baudrate=115200
board=am57xx
board_name=am57xx_evm
board_rev=A.20
board_serial=40154P550039
bootargs=console=ttyO2,115200n8  earlyprintk=serial,ttyO2,115200n8 rootwait 
bootcmd=
bootdelay=1
bootdir=/boot
bootenvfile=uEnv.txt
bootfile=zImage
bootm_size=0x10000000
bootpart=0:2
bootscript=echo Running bootscript from mmc${mmcdev} ...; source ${loadaddr}
console=ttyO2,115200n8
cpu=armv7
dfu_alt_info_emmc=rawemmc raw 0 3751936;boot part 1 1;rootfs part 1 2;MLO fat 1 1;MLO.raw raw 0x100 0x100;u-boot.img.raw raw 0x300 0x400;spl-os-args.raw raw 0x80 0x80;spl-os-image.raw raw 0x900 0x2000;spl-os-args fat 1 1;spl-os-image fat 1 1;u-boot.img fat 1 1;uEnv.txt fat 1 1
dfu_alt_info_mmc=boot part 0 1;rootfs part 0 2;MLO fat 0 1;MLO.raw raw 0x100 0x100;u-boot.img.raw raw 0x300 0x400;spl-os-args.raw raw 0x80 0x80;spl-os-image.raw raw 0x900 0x2000;spl-os-args fat 0 1;spl-os-image fat 0 1;u-boot.img fat 0 1;uEnv.txt fat 0 1
dfu_alt_info_qspi=MLO raw 0x0 0x010000;MLO.backup1 raw 0x010000 0x010000;MLO.backup2 raw 0x020000 0x010000;MLO.backup3 raw 0x030000 0x010000;u-boot.img raw 0x040000 0x0100000;u-boot-spl-os raw 0x140000 0x080000;u-boot-env raw 0x1C0000 0x010000;u-boot-env.backup raw 0x1D0000 0x010000;kernel raw 0x1E0000 0x800000
dfu_alt_info_ram=kernel ram 0x80200000 0x4000000;fdt ram 0x80f80000 0x80000;ramdisk ram 0x81000000 0x4000000
dfu_bufsiz=0x10000
dofastboot=0
envboot=mmc dev ${mmcdev}; if mmc rescan; then echo SD/MMC found on device ${mmcdev};if run loadbootscript; then run bootscript;else if run loadbootenv; then echo Loaded env from ${bootenvfile};run importbootenv;fi;if test -n $uenvcmd; then echo Running uenvcmd ...;run uenvcmd;fi;fi;fi;
eth1addr=74:da:ea:47:8b:27
ethact=cpsw
ethaddr=74:da:ea:47:8b:26
fdt_addr_r=0x88000000
fdtaddr=0x88000000
fdtfile=undefined
findfdt=if test $board_name = omap5_uevm; then setenv fdtfile omap5-uevm.dtb; fi; if test $board_name = dra7xx; then setenv fdtfile dra7-evm.dtb; fi;if test $board_name = dra72x; then setenv fdtfile dra72-evm.dtb; fi;if test $board_name = beagle_x15; then setenv fdtfile am57xx-beagle-x15.dtb; fi;if test $board_name = am57xx_evm; then setenv fdtfile am57xx-evm.dtb; fi;if test $board_name = am572x_idk; then setenv fdtfile am572x-idk.dtb; fi;if test $board_name = am571x_idk; then setenv fdtfile am571x-idk.dtb; fi;if test $board_name = am572x_idk_osd; then setenv fdtfile am572x-idk-lcd-osd.dtb; fi;if test $board_name = am571x_idk_osd; then setenv fdtfile am571x-idk-lcd-osd.dtb; fi;if test $fdtfile = undefined; then echo WARNING: Could not determine device tree to use; fi; 
finduuid=part uuid mmc 0:2 uuid
importbootenv=echo Importing environment from mmc${mmcdev} ...; env import -t ${loadaddr} ${filesize}
kernel_addr_r=0x82000000
loadaddr=0x82000000
loadbootenv=fatload mmc ${mmcdev} ${loadaddr} ${bootenvfile}
loadbootscript=fatload mmc ${mmcdev} ${loadaddr} boot.scr
loadfdt=load mmc ${bootpart} ${fdtaddr} ${bootdir}/${fdtfile};
loadimage=load mmc ${bootpart} ${loadaddr} ${bootdir}/${bootfile}
mmcboot=mmc dev ${mmcdev}; if mmc rescan; then echo SD/MMC found on device ${mmcdev};if run loadimage; then run loadfdt; echo Booting from mmc${mmcdev} ...; run args_mmc; bootz ${loadaddr} - ${fdtaddr}; fi;fi;
mmcdev=0
mmcrootfstype=ext4 rootwait
netargs=setenv bootargs console=${console} ${optargs} root=/dev/nfs nfsroot=${serverip}:${rootpath},${nfsopts} rw ip=dhcp
netboot=echo Booting from network ...; setenv autoload no; dhcp; run netloadimage; run netloadfdt; run netargs; bootz ${loadaddr} - ${fdtaddr}
netloadfdt=tftp ${fdtaddr} ${fdtfile}
netloadimage=tftp ${loadaddr} ${bootfile}
nfsopts=nolock
partitions=uuid_disk=${uuid_gpt_disk};name=rootfs,start=2MiB,size=-,uuid=${uuid_gpt_rootfs}
ramdisk_addr_r=0x88080000
rdaddr=0x88080000
rootpath=/export/rootfs
scsidevs=0
serverip=192.168.0.1
soc=omap5
static_ip=${ipaddr}:${serverip}:${gatewayip}:${netmask}:${hostname}::off
stderr=serial
stdin=serial
stdout=serial
usbtty=cdc_acm
vendor=ti
ver=U-Boot 2015.07 (Dec 10 2015 - 09:27:44 -0500)
vram=16M
Environment size: 4270/65532 bytes
U-Boot# 
- 04:25:16 [INFO] Host: setenv _initramfs -
- 04:25:16 [INFO] Target: 
setenv _initramfs -
U-Boot# 
- 04:25:16 [INFO] Host: printenv
- 04:25:16 [INFO] Target: 
printenv
_initramfs=-
arch=arm
args_mmc=run finduuid;setenv bootargs console=${console} ${optargs} root=PARTUUID=${uuid} rw rootfstype=${mmcrootfstype}
autoload=no
baudrate=115200
board=am57xx
board_name=am57xx_evm
board_rev=A.20
board_serial=40154P550039
bootargs=console=ttyO2,115200n8  earlyprintk=serial,ttyO2,115200n8 rootwait 
bootcmd=
bootdelay=1
bootdir=/boot
bootenvfile=uEnv.txt
bootfile=zImage
bootm_size=0x10000000
bootpart=0:2
bootscript=echo Running bootscript from mmc${mmcdev} ...; source ${loadaddr}
console=ttyO2,115200n8
cpu=armv7
dfu_alt_info_emmc=rawemmc raw 0 3751936;boot part 1 1;rootfs part 1 2;MLO fat 1 1;MLO.raw raw 0x100 0x100;u-boot.img.raw raw 0x300 0x400;spl-os-args.raw raw 0x80 0x80;spl-os-image.raw raw 0x900 0x2000;spl-os-args fat 1 1;spl-os-image fat 1 1;u-boot.img fat 1 1;uEnv.txt fat 1 1
dfu_alt_info_mmc=boot part 0 1;rootfs part 0 2;MLO fat 0 1;MLO.raw raw 0x100 0x100;u-boot.img.raw raw 0x300 0x400;spl-os-args.raw raw 0x80 0x80;spl-os-image.raw raw 0x900 0x2000;spl-os-args fat 0 1;spl-os-image fat 0 1;u-boot.img fat 0 1;uEnv.txt fat 0 1
dfu_alt_info_qspi=MLO raw 0x0 0x010000;MLO.backup1 raw 0x010000 0x010000;MLO.backup2 raw 0x020000 0x010000;MLO.backup3 raw 0x030000 0x010000;u-boot.img raw 0x040000 0x0100000;u-boot-spl-os raw 0x140000 0x080000;u-boot-env raw 0x1C0000 0x010000;u-boot-env.backup raw 0x1D0000 0x010000;kernel raw 0x1E0000 0x800000
dfu_alt_info_ram=kernel ram 0x80200000 0x4000000;fdt ram 0x80f80000 0x80000;ramdisk ram 0x81000000 0x4000000
dfu_bufsiz=0x10000
dofastboot=0
envboot=mmc dev ${mmcdev}; if mmc rescan; then echo SD/MMC found on device ${mmcdev};if run loadbootscript; then run bootscript;else if run loadbootenv; then echo Loaded env from ${bootenvfile};run importbootenv;fi;if test -n $uenvcmd; then echo Running uenvcmd ...;run uenvcmd;fi;fi;fi;
eth1addr=74:da:ea:47:8b:27
ethact=cpsw
ethaddr=74:da:ea:47:8b:26
fdt_addr_r=0x88000000
fdtaddr=0x88000000
fdtfile=undefined
findfdt=if test $board_name = omap5_uevm; then setenv fdtfile omap5-uevm.dtb; fi; if test $board_name = dra7xx; then setenv fdtfile dra7-evm.dtb; fi;if test $board_name = dra72x; then setenv fdtfile dra72-evm.dtb; fi;if test $board_name = beagle_x15; then setenv fdtfile am57xx-beagle-x15.dtb; fi;if test $board_name = am57xx_evm; then setenv fdtfile am57xx-evm.dtb; fi;if test $board_name = am572x_idk; then setenv fdtfile am572x-idk.dtb; fi;if test $board_name = am571x_idk; then setenv fdtfile am571x-idk.dtb; fi;if test $board_name = am572x_idk_osd; then setenv fdtfile am572x-idk-lcd-osd.dtb; fi;if test $board_name = am571x_idk_osd; then setenv fdtfile am571x-idk-lcd-osd.dtb; fi;if test $fdtfile = undefined; then echo WARNING: Could not determine device tree to use; fi; 
finduuid=part uuid mmc 0:2 uuid
importbootenv=echo Importing environment from mmc${mmcdev} ...; env import -t ${loadaddr} ${filesize}
kernel_addr_r=0x82000000
loadaddr=0x82000000
loadbootenv=fatload mmc ${mmcdev} ${loadaddr} ${bootenvfile}
loadbootscript=fatload mmc ${mmcdev} ${loadaddr} boot.scr
loadfdt=load mmc ${bootpart} ${fdtaddr} ${bootdir}/${fdtfile};
loadimage=load mmc ${bootpart} ${loadaddr} ${bootdir}/${bootfile}
mmcboot=mmc dev ${mmcdev}; if mmc rescan; then echo SD/MMC found on device ${mmcdev};if run loadimage; then run loadfdt; echo Booting from mmc${mmcdev} ...; run args_mmc; bootz ${loadaddr} - ${fdtaddr}; fi;fi;
mmcdev=0
mmcrootfstype=ext4 rootwait
netargs=setenv bootargs console=${console} ${optargs} root=/dev/nfs nfsroot=${serverip}:${rootpath},${nfsopts} rw ip=dhcp
netboot=echo Booting from network ...; setenv autoload no; dhcp; run netloadimage; run netloadfdt; run netargs; bootz ${loadaddr} - ${fdtaddr}
netloadfdt=tftp ${fdtaddr} ${fdtfile}
netloadimage=tftp ${loadaddr} ${bootfile}
nfsopts=nolock
partitions=uuid_disk=${uuid_gpt_disk};name=rootfs,start=2MiB,size=-,uuid=${uuid_gpt_rootfs}
ramdisk_addr_r=0x88080000
rdaddr=0x88080000
rootpath=/export/rootfs
scsidevs=0
serverip=192.168.0.1
soc=omap5
static_ip=${ipaddr}:${serverip}:${gatewayip}:${netmask}:${hostname}::off
stderr=serial
stdin=serial
stdout=serial
usbtty=cdc_acm
vendor=ti
ver=U-Boot 2015.07 (Dec 10 2015 - 09:27:44 -0500)
vram=16M
Environment size: 4285/65532 bytes
U-Boot# 
- 04:25:16 [INFO] Host: setenv bootargs ''${bootargs}' ip=:::::eth0:dhcp '
- 04:25:16 [INFO] Target: 
setenv bootargs ''${bootargs}' ip=:::::eth0:dhcp '
U-Boot# 
- 04:25:16 [INFO] Host: setenv serverip '192.168.0.1'
- 04:25:17 [INFO] Target: 
setenv serverip '192.168.0.1'
U-Boot# 
- 04:25:17 [INFO] Host: setenv autoload 'no'
- 04:25:17 [INFO] Target: 
setenv autoload 'no'
U-Boot# 
- 04:25:17 [INFO] Host: dhcp
- 04:25:21 [INFO] Target: 
dhcp
cpsw Waiting for PHY auto negotiation to complete...... done
link up on port 0, speed 1000, full duplex
BOOTP broadcast 1
BOOTP broadcast 2
BOOTP broadcast 3
DHCP client bound to address 192.168.0.58 (1051 ms)
U-Boot# 
- 04:25:21 [INFO] Host: tftp ${loadaddr} 192.168.0.1:vatf_am57xx-evm/c151b5b7ae3b6a39af8b38d2388617ea
- 04:25:21 [INFO] Target: 
tftp ${loadaddr} 192.168.0.1:vatf_am57xx-evm/c151b5b7ae3b6a39af8b38d2388617ea
link up on port 0, speed 1000, full duplex
Using cpsw device
TFTP from server 192.168.0.1; our IP address is 192.168.0.58
Filename 'vatf_am57xx-evm/c151b5b7ae3b6a39af8b38d2388617ea'.
Load address: 0x82000000
Loading: *#################################################################
	 #################################################################
	 #################################################################
	 ############################################################
	 11.5 MiB/s
done
Bytes transferred = 3735048 (38fe08 hex)
U-Boot# 
- 04:25:21 [INFO] Host: tftp ${fdtaddr} 192.168.0.1:vatf_am57xx-evm/e9fcde717de55fa5b3115615a5a7e909
- 04:25:21 [INFO] Target: 
tftp ${fdtaddr} 192.168.0.1:vatf_am57xx-evm/e9fcde717de55fa5b3115615a5a7e909
link up on port 0, speed 1000, full duplex
Using cpsw device
TFTP from server 192.168.0.1; our IP address is 192.168.0.58
Filename 'vatf_am57xx-evm/e9fcde717de55fa5b3115615a5a7e909'.
Load address: 0x88000000
Loading: *######
	 11 MiB/s
done
Bytes transferred = 80889 (13bf9 hex)
U-Boot# 
- 04:25:21 [INFO] Host: ls mmc 0:1
- 04:25:22 [INFO] Target: 
ls mmc 0:1
    59144   mlo 
   288816   u-boot.img 
        4   ws-calibrate.rules 
        0   pointercal 
    65536   uboot.env 
       33   primary_bootloader.md5 
       33   fs.md5 
7 file(s), 0 dir(s)
U-Boot# 
- 04:25:22 [INFO] Host: ls mmc 0:2
- 04:25:22 [INFO] Target: 
ls mmc 0:2
<DIR>       4096 .
<DIR>       4096 ..
<DIR>       4096 include
<DIR>       4096 srv
<DIR>       4096 home
<DIR>       4096 media
<DIR>       4096 opt
<DIR>       4096 var
<DIR>       4096 sys
<DIR>       4096 boot
<DIR>       4096 dev
<DIR>       4096 usr
<DIR>       4096 bin
<DIR>       4096 mnt
<DIR>       4096 etc
<DIR>       4096 sbin
<DIR>       4096 www
<SYM>          8 tmp
<DIR>       4096 proc
<DIR>       4096 run
<DIR>       4096 lib
<DIR>       4096 test
U-Boot# 
- 04:25:22 [INFO] Host: part uuid mmc 0:2
- 04:25:22 [INFO] Target: 
part uuid mmc 0:2
00000000-02
U-Boot# 
- 04:25:22 [INFO] Host: printenv
- 04:25:22 [INFO] Target: 
printenv
_initramfs=-
arch=arm
args_mmc=run finduuid;setenv bootargs console=${console} ${optargs} root=PARTUUID=${uuid} rw rootfstype=${mmcrootfstype}
autoload=no
baudrate=115200
board=am57xx
board_name=am57xx_evm
board_rev=A.20
board_serial=40154P550039
bootargs=console=ttyO2,115200n8  earlyprintk=serial,ttyO2,115200n8 rootwait  ip=:::::eth0:dhcp 
bootcmd=
bootdelay=1
bootdir=/boot
bootenvfile=uEnv.txt
bootfile=zImage
bootm_size=0x10000000
bootpart=0:2
bootscript=echo Running bootscript from mmc${mmcdev} ...; source ${loadaddr}
console=ttyO2,115200n8
cpu=armv7
dfu_alt_info_emmc=rawemmc raw 0 3751936;boot part 1 1;rootfs part 1 2;MLO fat 1 1;MLO.raw raw 0x100 0x100;u-boot.img.raw raw 0x300 0x400;spl-os-args.raw raw 0x80 0x80;spl-os-image.raw raw 0x900 0x2000;spl-os-args fat 1 1;spl-os-image fat 1 1;u-boot.img fat 1 1;uEnv.txt fat 1 1
dfu_alt_info_mmc=boot part 0 1;rootfs part 0 2;MLO fat 0 1;MLO.raw raw 0x100 0x100;u-boot.img.raw raw 0x300 0x400;spl-os-args.raw raw 0x80 0x80;spl-os-image.raw raw 0x900 0x2000;spl-os-args fat 0 1;spl-os-image fat 0 1;u-boot.img fat 0 1;uEnv.txt fat 0 1
dfu_alt_info_qspi=MLO raw 0x0 0x010000;MLO.backup1 raw 0x010000 0x010000;MLO.backup2 raw 0x020000 0x010000;MLO.backup3 raw 0x030000 0x010000;u-boot.img raw 0x040000 0x0100000;u-boot-spl-os raw 0x140000 0x080000;u-boot-env raw 0x1C0000 0x010000;u-boot-env.backup raw 0x1D0000 0x010000;kernel raw 0x1E0000 0x800000
dfu_alt_info_ram=kernel ram 0x80200000 0x4000000;fdt ram 0x80f80000 0x80000;ramdisk ram 0x81000000 0x4000000
dfu_bufsiz=0x10000
dnsip=192.0.2.2
dnsip2=192.0.2.3
dofastboot=0
envboot=mmc dev ${mmcdev}; if mmc rescan; then echo SD/MMC found on device ${mmcdev};if run loadbootscript; then run bootscript;else if run loadbootenv; then echo Loaded env from ${bootenvfile};run importbootenv;fi;if test -n $uenvcmd; then echo Running uenvcmd ...;run uenvcmd;fi;fi;fi;
eth1addr=74:da:ea:47:8b:27
ethact=cpsw
ethaddr=74:da:ea:47:8b:26
fdt_addr_r=0x88000000
fdtaddr=0x88000000
fdtfile=undefined
fileaddr=88000000
filesize=13bf9
findfdt=if test $board_name = omap5_uevm; then setenv fdtfile omap5-uevm.dtb; fi; if test $board_name = dra7xx; then setenv fdtfile dra7-evm.dtb; fi;if test $board_name = dra72x; then setenv fdtfile dra72-evm.dtb; fi;if test $board_name = beagle_x15; then setenv fdtfile am57xx-beagle-x15.dtb; fi;if test $board_name = am57xx_evm; then setenv fdtfile am57xx-evm.dtb; fi;if test $board_name = am572x_idk; then setenv fdtfile am572x-idk.dtb; fi;if test $board_name = am571x_idk; then setenv fdtfile am571x-idk.dtb; fi;if test $board_name = am572x_idk_osd; then setenv fdtfile am572x-idk-lcd-osd.dtb; fi;if test $board_name = am571x_idk_osd; then setenv fdtfile am571x-idk-lcd-osd.dtb; fi;if test $fdtfile = undefined; then echo WARNING: Could not determine device tree to use; fi; 
finduuid=part uuid mmc 0:2 uuid
gatewayip=192.168.0.1
importbootenv=echo Importing environment from mmc${mmcdev} ...; env import -t ${loadaddr} ${filesize}
ipaddr=192.168.0.58
kernel_addr_r=0x82000000
loadaddr=0x82000000
loadbootenv=fatload mmc ${mmcdev} ${loadaddr} ${bootenvfile}
loadbootscript=fatload mmc ${mmcdev} ${loadaddr} boot.scr
loadfdt=load mmc ${bootpart} ${fdtaddr} ${bootdir}/${fdtfile};
loadimage=load mmc ${bootpart} ${loadaddr} ${bootdir}/${bootfile}
mmcboot=mmc dev ${mmcdev}; if mmc rescan; then echo SD/MMC found on device ${mmcdev};if run loadimage; then run loadfdt; echo Booting from mmc${mmcdev} ...; run args_mmc; bootz ${loadaddr} - ${fdtaddr}; fi;fi;
mmcdev=0
mmcrootfstype=ext4 rootwait
netargs=setenv bootargs console=${console} ${optargs} root=/dev/nfs nfsroot=${serverip}:${rootpath},${nfsopts} rw ip=dhcp
netboot=echo Booting from network ...; setenv autoload no; dhcp; run netloadimage; run netloadfdt; run netargs; bootz ${loadaddr} - ${fdtaddr}
netloadfdt=tftp ${fdtaddr} ${fdtfile}
netloadimage=tftp ${loadaddr} ${bootfile}
netmask=255.255.255.0
nfsopts=nolock
partitions=uuid_disk=${uuid_gpt_disk};name=rootfs,start=2MiB,size=-,uuid=${uuid_gpt_rootfs}
ramdisk_addr_r=0x88080000
rdaddr=0x88080000
rootpath=/export/rootfs
scsidevs=0
serverip=192.168.0.1
soc=omap5
static_ip=${ipaddr}:${serverip}:${gatewayip}:${netmask}:${hostname}::off
stderr=serial
stdin=serial
stdout=serial
usbtty=cdc_acm
vendor=ti
ver=U-Boot 2015.07 (Dec 10 2015 - 09:27:44 -0500)
vram=16M
Environment size: 4448/65532 bytes
U-Boot# 
- 04:25:22 [INFO] Host: setenv bootargs ''${bootargs}' root=PARTUUID=00000000-02 rw rootfstype=ext4 rootwait '
- 04:25:22 [INFO] Target: 
setenv bootargs ''${bootargs}' root=PARTUUID=00000000-02 rw rootfstype=ext4 rootwait '
U-Boot# 
- 04:25:22 [INFO] Host: printenv
- 04:25:23 [INFO] Target: 
printenv
_initramfs=-
arch=arm
args_mmc=run finduuid;setenv bootargs console=${console} ${optargs} root=PARTUUID=${uuid} rw rootfstype=${mmcrootfstype}
autoload=no
baudrate=115200
board=am57xx
board_name=am57xx_evm
board_rev=A.20
board_serial=40154P550039
bootargs=console=ttyO2,115200n8  earlyprintk=serial,ttyO2,115200n8 rootwait  ip=:::::eth0:dhcp  root=PARTUUID=00000000-02 rw rootfstype=ext4 rootwait 
bootcmd=
bootdelay=1
bootdir=/boot
bootenvfile=uEnv.txt
bootfile=zImage
bootm_size=0x10000000
bootpart=0:2
bootscript=echo Running bootscript from mmc${mmcdev} ...; source ${loadaddr}
console=ttyO2,115200n8
cpu=armv7
dfu_alt_info_emmc=rawemmc raw 0 3751936;boot part 1 1;rootfs part 1 2;MLO fat 1 1;MLO.raw raw 0x100 0x100;u-boot.img.raw raw 0x300 0x400;spl-os-args.raw raw 0x80 0x80;spl-os-image.raw raw 0x900 0x2000;spl-os-args fat 1 1;spl-os-image fat 1 1;u-boot.img fat 1 1;uEnv.txt fat 1 1
dfu_alt_info_mmc=boot part 0 1;rootfs part 0 2;MLO fat 0 1;MLO.raw raw 0x100 0x100;u-boot.img.raw raw 0x300 0x400;spl-os-args.raw raw 0x80 0x80;spl-os-image.raw raw 0x900 0x2000;spl-os-args fat 0 1;spl-os-image fat 0 1;u-boot.img fat 0 1;uEnv.txt fat 0 1
dfu_alt_info_qspi=MLO raw 0x0 0x010000;MLO.backup1 raw 0x010000 0x010000;MLO.backup2 raw 0x020000 0x010000;MLO.backup3 raw 0x030000 0x010000;u-boot.img raw 0x040000 0x0100000;u-boot-spl-os raw 0x140000 0x080000;u-boot-env raw 0x1C0000 0x010000;u-boot-env.backup raw 0x1D0000 0x010000;kernel raw 0x1E0000 0x800000
dfu_alt_info_ram=kernel ram 0x80200000 0x4000000;fdt ram 0x80f80000 0x80000;ramdisk ram 0x81000000 0x4000000
dfu_bufsiz=0x10000
dnsip=192.0.2.2
dnsip2=192.0.2.3
dofastboot=0
envboot=mmc dev ${mmcdev}; if mmc rescan; then echo SD/MMC found on device ${mmcdev};if run loadbootscript; then run bootscript;else if run loadbootenv; then echo Loaded env from ${bootenvfile};run importbootenv;fi;if test -n $uenvcmd; then echo Running uenvcmd ...;run uenvcmd;fi;fi;fi;
eth1addr=74:da:ea:47:8b:27
ethact=cpsw
ethaddr=74:da:ea:47:8b:26
fdt_addr_r=0x88000000
fdtaddr=0x88000000
fdtfile=undefined
fileaddr=88000000
filesize=13bf9
findfdt=if test $board_name = omap5_uevm; then setenv fdtfile omap5-uevm.dtb; fi; if test $board_name = dra7xx; then setenv fdtfile dra7-evm.dtb; fi;if test $board_name = dra72x; then setenv fdtfile dra72-evm.dtb; fi;if test $board_name = beagle_x15; then setenv fdtfile am57xx-beagle-x15.dtb; fi;if test $board_name = am57xx_evm; then setenv fdtfile am57xx-evm.dtb; fi;if test $board_name = am572x_idk; then setenv fdtfile am572x-idk.dtb; fi;if test $board_name = am571x_idk; then setenv fdtfile am571x-idk.dtb; fi;if test $board_name = am572x_idk_osd; then setenv fdtfile am572x-idk-lcd-osd.dtb; fi;if test $board_name = am571x_idk_osd; then setenv fdtfile am571x-idk-lcd-osd.dtb; fi;if test $fdtfile = undefined; then echo WARNING: Could not determine device tree to use; fi; 
finduuid=part uuid mmc 0:2 uuid
gatewayip=192.168.0.1
importbootenv=echo Importing environment from mmc${mmcdev} ...; env import -t ${loadaddr} ${filesize}
ipaddr=192.168.0.58
kernel_addr_r=0x82000000
loadaddr=0x82000000
loadbootenv=fatload mmc ${mmcdev} ${loadaddr} ${bootenvfile}
loadbootscript=fatload mmc ${mmcdev} ${loadaddr} boot.scr
loadfdt=load mmc ${bootpart} ${fdtaddr} ${bootdir}/${fdtfile};
loadimage=load mmc ${bootpart} ${loadaddr} ${bootdir}/${bootfile}
mmcboot=mmc dev ${mmcdev}; if mmc rescan; then echo SD/MMC found on device ${mmcdev};if run loadimage; then run loadfdt; echo Booting from mmc${mmcdev} ...; run args_mmc; bootz ${loadaddr} - ${fdtaddr}; fi;fi;
mmcdev=0
mmcrootfstype=ext4 rootwait
netargs=setenv bootargs console=${console} ${optargs} root=/dev/nfs nfsroot=${serverip}:${rootpath},${nfsopts} rw ip=dhcp
netboot=echo Booting from network ...; setenv autoload no; dhcp; run netloadimage; run netloadfdt; run netargs; bootz ${loadaddr} - ${fdtaddr}
netloadfdt=tftp ${fdtaddr} ${fdtfile}
netloadimage=tftp ${loadaddr} ${bootfile}
netmask=255.255.255.0
nfsopts=nolock
partitions=uuid_disk=${uuid_gpt_disk};name=rootfs,start=2MiB,size=-,uuid=${uuid_gpt_rootfs}
ramdisk_addr_r=0x88080000
rdaddr=0x88080000
rootpath=/export/rootfs
scsidevs=0
serverip=192.168.0.1
soc=omap5
static_ip=${ipaddr}:${serverip}:${gatewayip}:${netmask}:${hostname}::off
stderr=serial
stdin=serial
stdout=serial
usbtty=cdc_acm
vendor=ti
ver=U-Boot 2015.07 (Dec 10 2015 - 09:27:44 -0500)
vram=16M
Environment size: 4503/65532 bytes
U-Boot# 
- 04:25:23 [INFO] Host: setenv bootcmd ''${bootcmd}' if iminfo ${loadaddr}; then bootm ${loadaddr} ${_initramfs} ${fdtaddr}; else bootz ${loadaddr} ${_initramfs} ${fdtaddr}; bootm ${loadaddr} ${_initramfs} ${fdtaddr}; fi'
- 04:25:23 [INFO] Target: 
setenv bootcmd ''${bootcmd}' if iminfo ${loadaddr}; then bootm ${loadaddr} ${_initramfs} ${fdtaddr}; else bootz ${loadaddr} ${_initramfs} ${fdtaddr}; bootm ${loadaddr} ${_initramfs} ${fdtaddr}; fi'
U-Boot# 
- 04:25:23 [INFO] Host: version
- 04:25:23 [INFO] Target: 
version
U-Boot 2015.07 (Dec 10 2015 - 09:27:44 -0500)
arm-linux-gnueabihf-gcc (Linaro GCC 4.9-2015.05) 4.9.3 20150413 (prerelease)
GNU ld (GNU Binutils) Linaro 2014.11-3-git 2.24.0.20141017
U-Boot# 
- 04:25:23 [INFO] Host: bdinfo
- 04:25:23 [INFO] Target: 
bdinfo
arch_number = 0x00000000
boot_params = 0x80000100
DRAM bank   = 0x00000000
-> start    = 0x80000000
-> size     = 0x80000000
DRAM bank   = 0x00000001
-> start    = 0x00000000
-> size     = 0x00000000
eth0name    = cpsw
ethaddr     = 74:da:ea:47:8b:26
current eth = cpsw
ip_addr     = 192.168.0.58
baudrate    = 115200 bps
TLB addr    = 0xFFFF0000
relocaddr   = 0xFFF64000
reloc off   = 0x7F764000
irq_sp      = 0xFEF53EE0
sp start    = 0xFEF53ED0
U-Boot# 
- 04:25:23 [INFO] Host: mmc rescan; echo $?
- 04:25:23 [INFO] Target: 
mmc rescan; echo $?
U-Boot# 
- 04:25:23 [INFO] Host: fatwrite mmc 0:1 ${loadaddr} ws-calibrate.rules 4
- 04:25:23 [INFO] Target: 
fatwrite mmc 0:1 ${loadaddr} ws-calibrate.rules 4
writing ws-calibrate.rules
4 bytes written
U-Boot# 
- 04:25:23 [INFO] Host: boot
- 04:28:53 [ERROR] On command: boot waiting for boot.+?(?-mix:login:) >>> error: execution expired
- 04:28:53 [INFO] Target: 
boot
## Checking Image at 82000000 ...
Unknown image format!
Kernel image @ 0x82000000 [ 0x000000 - 0x38fe08 ]
## Flattened Device Tree blob at 88000000
   Booting using the fdt blob at 0x88000000
   Loading Device Tree to 8ffe9000, end 8ffffbf8 ... OK
Starting kernel ...
[    0.000000] Booting Linux on physical CPU 0x0
[    0.000000] Linux version 4.5.0-rc7-next-20160314-00002-g7e0d3f31150c (nmenon@horus) (gcc version 4.9.3 20150413 (prerelease) (Linaro GCC 4.9-2015.05) ) #1 SMP Mon Mar 14 03:20:17 CDT 2016
[    0.000000] CPU: ARMv7 Processor [412fc0f2] revision 2 (ARMv7), cr=10c5387d
[    0.000000] CPU: div instructions available: patching division code
[    0.000000] CPU: PIPT / VIPT nonaliasing data cache, PIPT instruction cache
[    0.000000] Machine model: TI AM5728 BeagleBoard-X15
[    0.000000] cma: Reserved 16 MiB at 0xfe800000
[    0.000000] Memory policy: Data cache writealloc
[    0.000000] DRA752 ES1.1
[    0.000000] percpu: Embedded 15 pages/cpu @eed6d000 s29568 r8192 d23680 u61440
[    0.000000] Built 1 zonelists in Zone order, mobility grouping on.  Total pages: 522047
[    0.000000] Kernel command line: console=ttyO2,115200n8  earlyprintk=serial,ttyO2,115200n8 rootwait  ip=:::::eth0:dhcp  root=PARTUUID=00000000-02 rw rootfstype=ext4 rootwait 
[    0.000000] PID hash table entries: 4096 (order: 2, 16384 bytes)
[    0.000000] Dentry cache hash table entries: 131072 (order: 7, 524288 bytes)
[    0.000000] Inode-cache hash table entries: 65536 (order: 6, 262144 bytes)
[    0.000000] Memory: 2038644K/2095100K available (7349K kernel code, 785K rwdata, 2340K rodata, 1024K init, 8118K bss, 40072K reserved, 16384K cma-reserved, 1292284K highmem)
[    0.000000] Virtual kernel memory layout:
[    0.000000]     vector  : 0xffff0000 - 0xffff1000   (   4 kB)
[    0.000000]     fixmap  : 0xffc00000 - 0xfff00000   (3072 kB)
[    0.000000]     vmalloc : 0xf0800000 - 0xff800000   ( 240 MB)
[    0.000000]     lowmem  : 0xc0000000 - 0xf0000000   ( 768 MB)
[    0.000000]     pkmap   : 0xbfe00000 - 0xc0000000   (   2 MB)
[    0.000000]     modules : 0xbf000000 - 0xbfe00000   (  14 MB)
[    0.000000]       .text : 0xc0008000 - 0xc0a76568   (10682 kB)
[    0.000000]       .init : 0xc0b00000 - 0xc0c00000   (1024 kB)
[    0.000000]       .data : 0xc0c00000 - 0xc0cc465c   ( 786 kB)
[    0.000000]        .bss : 0xc0cc6000 - 0xc14b38b8   (8119 kB)
[    0.000000] Running RCU self tests
[    0.000000] Hierarchical RCU implementation.
[    0.000000] 	RCU lockdep checking is enabled.
[    0.000000] 	Build-time adjustment of leaf fanout to 32.
[    0.000000] NR_IRQS:16 nr_irqs:16 16
[    0.000000] OMAP clockevent source: timer1 at 32768 Hz
[    0.000000] Architected cp15 timer(s) running at 6.14MHz (virt).
[    0.000000] clocksource: arch_sys_counter: mask: 0xffffffffffffff max_cycles: 0x16af5adb9, max_idle_ns: 440795202250 ns
[    0.000005] sched_clock: 56 bits at 6MHz, resolution 162ns, wraps every 4398046511023ns
[    0.000016] Switching to timer-based delay loop, resolution 162ns
[    0.000439] clocksource: 32k_counter: mask: 0xffffffff max_cycles: 0xffffffff, max_idle_ns: 58327039986419 ns
[    0.000448] OMAP clocksource: 32k_counter at 32768 Hz
[    0.001415] Console: colour dummy device 80x30
[    0.001448] Lock dependency validator: Copyright (c) 2006 Red Hat, Inc., Ingo Molnar
[    0.001455] ... MAX_LOCKDEP_SUBCLASSES:  8
[    0.001462] ... MAX_LOCK_DEPTH:          48
[    0.001468] ... MAX_LOCKDEP_KEYS:        8191
[    0.001474] ... CLASSHASH_SIZE:          4096
[    0.001480] ... MAX_LOCKDEP_ENTRIES:     32768
[    0.001485] ... MAX_LOCKDEP_CHAINS:      65536
[    0.001491] ... CHAINHASH_SIZE:          32768
[    0.001497]  memory used by lock dependency info: 5167 kB
[    0.001504]  per task-struct memory footprint: 1536 bytes
[    0.001522] Calibrating delay loop (skipped), value calculated using timer frequency.. 12.29 BogoMIPS (lpj=61475)
[    0.001535] pid_max: default: 32768 minimum: 301
[    0.001835] Security Framework initialized
[    0.001941] Mount-cache hash table entries: 2048 (order: 1, 8192 bytes)
[    0.001953] Mountpoint-cache hash table entries: 2048 (order: 1, 8192 bytes)
[    0.004333] CPU: Testing write buffer coherency: ok
[    0.005407] /cpus/cpu@0 missing clock-frequency property
[    0.005454] /cpus/cpu@1 missing clock-frequency property
[    0.005464] CPU0: thread -1, cpu 0, socket 0, mpidr 80000000
[    0.005518] Setting up static identity map for 0x80100000 - 0x80100070
[    0.009905] CPU1: thread -1, cpu 1, socket 0, mpidr 80000001
[    0.010392] Brought up 2 CPUs
[    0.010405] SMP: Total of 2 processors activated (24.59 BogoMIPS).
[    0.010412] CPU: All CPU(s) started in SVC mode.
[    0.012859] devtmpfs: initialized
[    0.072817] VFP support v0.3: implementor 41 architecture 4 part 30 variant f rev 0
[    0.073413] clocksource: jiffies: mask: 0xffffffff max_cycles: 0xffffffff, max_idle_ns: 19112604462750000 ns
[    0.074061] pinctrl core: initialized pinctrl subsystem
[    0.077637] NET: Registered protocol family 16
[    0.081172] DMA: preallocated 256 KiB pool for atomic coherent allocations
[    0.082771] omap_hwmod: l3_main_2 using broken dt data from ocp
[    0.321760] ------------[ cut here ]------------
[    0.321777] WARNING: CPU: 0 PID: 1 at drivers/i2c/i2c-core.c:1930 i2c_register_driver+0x68/0x84
[    0.321784] Modules linked in:
[    0.321799] CPU: 0 PID: 1 Comm: swapper/0 Not tainted 4.5.0-rc7-next-20160314-00002-g7e0d3f31150c #1
[    0.321806] Hardware name: Generic DRA74X (Flattened Device Tree)
[    0.321823] [<c010feec>] (unwind_backtrace) from [<c010c158>] (show_stack+0x10/0x14)
[    0.321838] [<c010c158>] (show_stack) from [<c046ccd8>] (dump_stack+0xb0/0xe4)
[    0.321853] [<c046ccd8>] (dump_stack) from [<c0136f20>] (__warn+0xd4/0x100)
[    0.321867] [<c0136f20>] (__warn) from [<c0136ff8>] (warn_slowpath_null+0x20/0x28)
[    0.321879] [<c0136ff8>] (warn_slowpath_null) from [<c05d5d0c>] (i2c_register_driver+0x68/0x84)
[    0.321892] [<c05d5d0c>] (i2c_register_driver) from [<c0b40e10>] (i2c_init+0x68/0xc4)
[    0.321905] [<c0b40e10>] (i2c_init) from [<c0101824>] (do_one_initcall+0x80/0x1e0)
[    0.321918] [<c0101824>] (do_one_initcall) from [<c0b00e94>] (kernel_init_freeable+0x218/0x2e8)
[    0.321931] [<c0b00e94>] (kernel_init_freeable) from [<c0786fe0>] (kernel_init+0x8/0x118)
[    0.321945] [<c0786fe0>] (kernel_init) from [<c01078d0>] (ret_from_fork+0x14/0x24)
[    0.321962] ---[ end trace 57e8bd91c9c913c5 ]---
[    0.350833] cpuidle: using governor menu
[    0.364271] OMAP GPIO hardware version 0.1
[    0.379719] irq: no irq domain found for /ocp/l4@4a000000/scm@2000/pinmux@1400 !
[    0.403438] No ATAGs?
[    0.403498] hw-breakpoint: found 5 (+1 reserved) breakpoint and 4 watchpoint registers.
[    0.403507] hw-breakpoint: maximum watchpoint size is 8 bytes.
[    0.403967] omap4_sram_init:Unable to allocate sram needed to handle errata I688
[    0.403977] omap4_sram_init:Unable to get sram pool needed to handle errata I688
[    0.405218] OMAP DMA hardware revision 0.0
[    0.443587] ------------[ cut here ]------------
[    0.443603] WARNING: CPU: 0 PID: 1 at drivers/i2c/i2c-core.c:1930 i2c_register_driver+0x68/0x84
[    0.443610] Modules linked in:
[    0.443624] CPU: 0 PID: 1 Comm: swapper/0 Tainted: G        W       4.5.0-rc7-next-20160314-00002-g7e0d3f31150c #1
[    0.443631] Hardware name: Generic DRA74X (Flattened Device Tree)
[    0.443649] [<c010feec>] (unwind_backtrace) from [<c010c158>] (show_stack+0x10/0x14)
[    0.443664] [<c010c158>] (show_stack) from [<c046ccd8>] (dump_stack+0xb0/0xe4)
[    0.443679] [<c046ccd8>] (dump_stack) from [<c0136f20>] (__warn+0xd4/0x100)
[    0.443693] [<c0136f20>] (__warn) from [<c0136ff8>] (warn_slowpath_null+0x20/0x28)
[    0.443705] [<c0136ff8>] (warn_slowpath_null) from [<c05d5d0c>] (i2c_register_driver+0x68/0x84)
[    0.443717] [<c05d5d0c>] (i2c_register_driver) from [<c0101824>] (do_one_initcall+0x80/0x1e0)
[    0.443728] [<c0101824>] (do_one_initcall) from [<c0b00e94>] (kernel_init_freeable+0x218/0x2e8)
[    0.443740] [<c0b00e94>] (kernel_init_freeable) from [<c0786fe0>] (kernel_init+0x8/0x118)
[    0.443754] [<c0786fe0>] (kernel_init) from [<c01078d0>] (ret_from_fork+0x14/0x24)
[    0.443762] ---[ end trace 57e8bd91c9c913c6 ]---
[    0.452075] omap-dma-engine 4a056000.dma-controller: OMAP DMA engine driver
[    0.455388] ------------[ cut here ]------------
[    0.455401] WARNING: CPU: 0 PID: 1 at drivers/i2c/i2c-core.c:1930 i2c_register_driver+0x68/0x84
[    0.455408] Modules linked in:
[    0.455421] CPU: 0 PID: 1 Comm: swapper/0 Tainted: G        W       4.5.0-rc7-next-20160314-00002-g7e0d3f31150c #1
[    0.455428] Hardware name: Generic DRA74X (Flattened Device Tree)
[    0.455442] [<c010feec>] (unwind_backtrace) from [<c010c158>] (show_stack+0x10/0x14)
[    0.455455] [<c010c158>] (show_stack) from [<c046ccd8>] (dump_stack+0xb0/0xe4)
[    0.455470] [<c046ccd8>] (dump_stack) from [<c0136f20>] (__warn+0xd4/0x100)
[    0.455483] [<c0136f20>] (__warn) from [<c0136ff8>] (warn_slowpath_null+0x20/0x28)
[    0.455495] [<c0136ff8>] (warn_slowpath_null) from [<c05d5d0c>] (i2c_register_driver+0x68/0x84)
[    0.455507] [<c05d5d0c>] (i2c_register_driver) from [<c0101824>] (do_one_initcall+0x80/0x1e0)
[    0.455518] [<c0101824>] (do_one_initcall) from [<c0b00e94>] (kernel_init_freeable+0x218/0x2e8)
[    0.455531] [<c0b00e94>] (kernel_init_freeable) from [<c0786fe0>] (kernel_init+0x8/0x118)
[    0.455544] [<c0786fe0>] (kernel_init) from [<c01078d0>] (ret_from_fork+0x14/0x24)
[    0.455551] ---[ end trace 57e8bd91c9c913c7 ]---
[    0.458168] ------------[ cut here ]------------
[    0.458180] WARNING: CPU: 0 PID: 1 at drivers/i2c/i2c-core.c:1930 i2c_register_driver+0x68/0x84
[    0.458186] Modules linked in:
[    0.458198] CPU: 0 PID: 1 Comm: swapper/0 Tainted: G        W       4.5.0-rc7-next-20160314-00002-g7e0d3f31150c #1
[    0.458204] Hardware name: Generic DRA74X (Flattened Device Tree)
[    0.458217] [<c010feec>] (unwind_backtrace) from [<c010c158>] (show_stack+0x10/0x14)
[    0.458229] [<c010c158>] (show_stack) from [<c046ccd8>] (dump_stack+0xb0/0xe4)
[    0.458242] [<c046ccd8>] (dump_stack) from [<c0136f20>] (__warn+0xd4/0x100)
[    0.458255] [<c0136f20>] (__warn) from [<c0136ff8>] (warn_slowpath_null+0x20/0x28)
[    0.458267] [<c0136ff8>] (warn_slowpath_null) from [<c05d5d0c>] (i2c_register_driver+0x68/0x84)
[    0.458279] [<c05d5d0c>] (i2c_register_driver) from [<c0101824>] (do_one_initcall+0x80/0x1e0)
[    0.458290] [<c0101824>] (do_one_initcall) from [<c0b00e94>] (kernel_init_freeable+0x218/0x2e8)
[    0.458302] [<c0b00e94>] (kernel_init_freeable) from [<c0786fe0>] (kernel_init+0x8/0x118)
[    0.458314] [<c0786fe0>] (kernel_init) from [<c01078d0>] (ret_from_fork+0x14/0x24)
[    0.458321] ---[ end trace 57e8bd91c9c913c8 ]---
[    0.458334] ------------[ cut here ]------------
[    0.458344] WARNING: CPU: 0 PID: 1 at drivers/i2c/i2c-core.c:1930 i2c_register_driver+0x68/0x84
[    0.458350] Modules linked in:
[    0.458361] CPU: 0 PID: 1 Comm: swapper/0 Tainted: G        W       4.5.0-rc7-next-20160314-00002-g7e0d3f31150c #1
[    0.458367] Hardware name: Generic DRA74X (Flattened Device Tree)
[    0.458378] [<c010feec>] (unwind_backtrace) from [<c010c158>] (show_stack+0x10/0x14)
[    0.458390] [<c010c158>] (show_stack) from [<c046ccd8>] (dump_stack+0xb0/0xe4)
[    0.458402] [<c046ccd8>] (dump_stack) from [<c0136f20>] (__warn+0xd4/0x100)
[    0.458415] [<c0136f20>] (__warn) from [<c0136ff8>] (warn_slowpath_null+0x20/0x28)
[    0.458427] [<c0136ff8>] (warn_slowpath_null) from [<c05d5d0c>] (i2c_register_driver+0x68/0x84)
[    0.458437] [<c05d5d0c>] (i2c_register_driver) from [<c0101824>] (do_one_initcall+0x80/0x1e0)
[    0.458448] [<c0101824>] (do_one_initcall) from [<c0b00e94>] (kernel_init_freeable+0x218/0x2e8)
[    0.458460] [<c0b00e94>] (kernel_init_freeable) from [<c0786fe0>] (kernel_init+0x8/0x118)
[    0.458472] [<c0786fe0>] (kernel_init) from [<c01078d0>] (ret_from_fork+0x14/0x24)
[    0.458479] ---[ end trace 57e8bd91c9c913c9 ]---
[    0.458491] ------------[ cut here ]------------
[    0.458501] WARNING: CPU: 0 PID: 1 at drivers/i2c/i2c-core.c:1930 i2c_register_driver+0x68/0x84
[    0.458506] Modules linked in:
[    0.458517] CPU: 0 PID: 1 Comm: swapper/0 Tainted: G        W       4.5.0-rc7-next-20160314-00002-g7e0d3f31150c #1
[    0.458523] Hardware name: Generic DRA74X (Flattened Device Tree)
[    0.458535] [<c010feec>] (unwind_backtrace) from [<c010c158>] (show_stack+0x10/0x14)
[    0.458546] [<c010c158>] (show_stack) from [<c046ccd8>] (dump_stack+0xb0/0xe4)
[    0.458558] [<c046ccd8>] (dump_stack) from [<c0136f20>] (__warn+0xd4/0x100)
[    0.458571] [<c0136f20>] (__warn) from [<c0136ff8>] (warn_slowpath_null+0x20/0x28)
[    0.458583] [<c0136ff8>] (warn_slowpath_null) from [<c05d5d0c>] (i2c_register_driver+0x68/0x84)
[    0.458594] [<c05d5d0c>] (i2c_register_driver) from [<c0101824>] (do_one_initcall+0x80/0x1e0)
[    0.458604] [<c0101824>] (do_one_initcall) from [<c0b00e94>] (kernel_init_freeable+0x218/0x2e8)
[    0.458616] [<c0b00e94>] (kernel_init_freeable) from [<c0786fe0>] (kernel_init+0x8/0x118)
[    0.458628] [<c0786fe0>] (kernel_init) from [<c01078d0>] (ret_from_fork+0x14/0x24)
[    0.458635] ---[ end trace 57e8bd91c9c913ca ]---
[    0.459164] SCSI subsystem initialized
[    0.460451] omap_i2c 48070000.i2c: could not find pctldev for node /ocp/l4@4a000000/scm@2000/pinmux@1400/i2c1_pins_default, deferring probe
[    0.460514] omap_i2c 48060000.i2c: could not find pctldev for node /ocp/l4@4a000000/scm@2000/pinmux@1400/i2c3_pins_default, deferring probe
[    0.460713] pps_core: LinuxPPS API ver. 1 registered
[    0.460721] pps_core: Software ver. 5.3.6 - Copyright 2005-2007 Rodolfo Giometti <giometti@linux.it>
[    0.460761] PTP clock support registered
[    0.463596] clocksource: Switched to clocksource arch_sys_counter
[    0.539914] VFS: Disk quotas dquot_6.6.0
[    0.540028] VFS: Dquot-cache hash table entries: 1024 (order 0, 4096 bytes)
[    0.563097] NET: Registered protocol family 2
[    0.564440] TCP established hash table entries: 8192 (order: 3, 32768 bytes)
[    0.564563] TCP bind hash table entries: 8192 (order: 6, 294912 bytes)
[    0.566810] TCP: Hash tables configured (established 8192 bind 8192)
[    0.566935] UDP hash table entries: 512 (order: 3, 40960 bytes)
[    0.567241] UDP-Lite hash table entries: 512 (order: 3, 40960 bytes)
[    0.568114] NET: Registered protocol family 1
[    0.569008] RPC: Registered named UNIX socket transport module.
[    0.569018] RPC: Registered udp transport module.
[    0.569026] RPC: Registered tcp transport module.
[    0.569033] RPC: Registered tcp NFSv4.1 backchannel transport module.
[    0.571055] hw perfevents: enabled with armv7_cortex_a15 PMU driver, 7 counters available
[    0.574885] futex hash table entries: 512 (order: 3, 32768 bytes)
[    0.575135] audit: initializing netlink subsys (disabled)
[    0.575242] audit: type=2000 audit(0.569:1): initialized
[    0.577817] workingset: timestamp_bits=12 max_order=19 bucket_order=7
[    0.579803] NFS: Registering the id_resolver key type
[    0.580017] Key type id_resolver registered
[    0.580026] Key type id_legacy registered
[    0.580140] jffs2: version 2.2. (NAND) (SUMMARY)   2001-2006 Red Hat, Inc.
[    0.583302] bounce: pool size: 64 pages
[    0.583357] io scheduler noop registered
[    0.583374] io scheduler deadline registered
[    0.583407] io scheduler cfq registered (default)
[    0.589810] pinctrl-single 4a003400.pinmux: 282 pins at pa fc003400 size 1128
[    0.590957] ------------[ cut here ]------------
[    0.590972] WARNING: CPU: 1 PID: 1 at drivers/i2c/i2c-core.c:1930 i2c_register_driver+0x68/0x84
[    0.590980] Modules linked in:
[    0.590994] CPU: 1 PID: 1 Comm: swapper/0 Tainted: G        W       4.5.0-rc7-next-20160314-00002-g7e0d3f31150c #1
[    0.591002] Hardware name: Generic DRA74X (Flattened Device Tree)
[    0.591022] [<c010feec>] (unwind_backtrace) from [<c010c158>] (show_stack+0x10/0x14)
[    0.591036] [<c010c158>] (show_stack) from [<c046ccd8>] (dump_stack+0xb0/0xe4)
[    0.591052] [<c046ccd8>] (dump_stack) from [<c0136f20>] (__warn+0xd4/0x100)
[    0.591065] [<c0136f20>] (__warn) from [<c0136ff8>] (warn_slowpath_null+0x20/0x28)
[    0.591078] [<c0136ff8>] (warn_slowpath_null) from [<c05d5d0c>] (i2c_register_driver+0x68/0x84)
[    0.591091] [<c05d5d0c>] (i2c_register_driver) from [<c0101824>] (do_one_initcall+0x80/0x1e0)
[    0.591103] [<c0101824>] (do_one_initcall) from [<c0b00e94>] (kernel_init_freeable+0x218/0x2e8)
[    0.591117] [<c0b00e94>] (kernel_init_freeable) from [<c0786fe0>] (kernel_init+0x8/0x118)
[    0.591130] [<c0786fe0>] (kernel_init) from [<c01078d0>] (ret_from_fork+0x14/0x24)
[    0.591137] ---[ end trace 57e8bd91c9c913cb ]---
[    0.595862] Serial: 8250/16550 driver, 4 ports, IRQ sharing enabled
[    0.600505] 48020000.serial: ttyO2 at MMIO 0x48020000 (irq = 296, base_baud = 3000000) is a OMAP UART2
[    2.146166] console [ttyO2] enabled
[    2.175041] brd: module loaded
[    2.192989] loop: module loaded
[    2.196323] ------------[ cut here ]------------
[    2.201154] WARNING: CPU: 0 PID: 1 at drivers/i2c/i2c-core.c:1930 i2c_register_driver+0x68/0x84
[    2.210261] Modules linked in:
[    2.213460] CPU: 0 PID: 1 Comm: swapper/0 Tainted: G        W       4.5.0-rc7-next-20160314-00002-g7e0d3f31150c #1
[    2.224276] Hardware name: Generic DRA74X (Flattened Device Tree)
[    2.230652] [<c010feec>] (unwind_backtrace) from [<c010c158>] (show_stack+0x10/0x14)
[    2.238755] [<c010c158>] (show_stack) from [<c046ccd8>] (dump_stack+0xb0/0xe4)
[    2.246307] [<c046ccd8>] (dump_stack) from [<c0136f20>] (__warn+0xd4/0x100)
[    2.253585] [<c0136f20>] (__warn) from [<c0136ff8>] (warn_slowpath_null+0x20/0x28)
[    2.261507] [<c0136ff8>] (warn_slowpath_null) from [<c05d5d0c>] (i2c_register_driver+0x68/0x84)
[    2.270606] [<c05d5d0c>] (i2c_register_driver) from [<c0101824>] (do_one_initcall+0x80/0x1e0)
[    2.279519] [<c0101824>] (do_one_initcall) from [<c0b00e94>] (kernel_init_freeable+0x218/0x2e8)
[    2.288612] [<c0b00e94>] (kernel_init_freeable) from [<c0786fe0>] (kernel_init+0x8/0x118)
[    2.297166] [<c0786fe0>] (kernel_init) from [<c01078d0>] (ret_from_fork+0x14/0x24)
[    2.305132] ---[ end trace 57e8bd91c9c913cc ]---
[    2.309962] ------------[ cut here ]------------
[    2.314814] WARNING: CPU: 0 PID: 1 at drivers/i2c/i2c-core.c:1930 i2c_register_driver+0x68/0x84
[    2.323916] Modules linked in:
[    2.327118] CPU: 0 PID: 1 Comm: swapper/0 Tainted: G        W       4.5.0-rc7-next-20160314-00002-g7e0d3f31150c #1
[    2.337938] Hardware name: Generic DRA74X (Flattened Device Tree)
[    2.344309] [<c010feec>] (unwind_backtrace) from [<c010c158>] (show_stack+0x10/0x14)
[    2.352402] [<c010c158>] (show_stack) from [<c046ccd8>] (dump_stack+0xb0/0xe4)
[    2.359954] [<c046ccd8>] (dump_stack) from [<c0136f20>] (__warn+0xd4/0x100)
[    2.367226] [<c0136f20>] (__warn) from [<c0136ff8>] (warn_slowpath_null+0x20/0x28)
[    2.375140] [<c0136ff8>] (warn_slowpath_null) from [<c05d5d0c>] (i2c_register_driver+0x68/0x84)
[    2.384238] [<c05d5d0c>] (i2c_register_driver) from [<c0101824>] (do_one_initcall+0x80/0x1e0)
[    2.393147] [<c0101824>] (do_one_initcall) from [<c0b00e94>] (kernel_init_freeable+0x218/0x2e8)
[    2.402244] [<c0b00e94>] (kernel_init_freeable) from [<c0786fe0>] (kernel_init+0x8/0x118)
[    2.410799] [<c0786fe0>] (kernel_init) from [<c01078d0>] (ret_from_fork+0x14/0x24)
[    2.418740] ---[ end trace 57e8bd91c9c913cd ]---
[    2.423591] ------------[ cut here ]------------
[    2.428422] WARNING: CPU: 0 PID: 1 at drivers/i2c/i2c-core.c:1930 i2c_register_driver+0x68/0x84
[    2.437531] Modules linked in:
[    2.440728] CPU: 0 PID: 1 Comm: swapper/0 Tainted: G        W       4.5.0-rc7-next-20160314-00002-g7e0d3f31150c #1
[    2.451555] Hardware name: Generic DRA74X (Flattened Device Tree)
[    2.457920] [<c010feec>] (unwind_backtrace) from [<c010c158>] (show_stack+0x10/0x14)
[    2.466021] [<c010c158>] (show_stack) from [<c046ccd8>] (dump_stack+0xb0/0xe4)
[    2.473577] [<c046ccd8>] (dump_stack) from [<c0136f20>] (__warn+0xd4/0x100)
[    2.480861] [<c0136f20>] (__warn) from [<c0136ff8>] (warn_slowpath_null+0x20/0x28)
[    2.488781] [<c0136ff8>] (warn_slowpath_null) from [<c05d5d0c>] (i2c_register_driver+0x68/0x84)
[    2.497875] [<c05d5d0c>] (i2c_register_driver) from [<c0101824>] (do_one_initcall+0x80/0x1e0)
[    2.506793] [<c0101824>] (do_one_initcall) from [<c0b00e94>] (kernel_init_freeable+0x218/0x2e8)
[    2.515880] [<c0b00e94>] (kernel_init_freeable) from [<c0786fe0>] (kernel_init+0x8/0x118)
[    2.524431] [<c0786fe0>] (kernel_init) from [<c01078d0>] (ret_from_fork+0x14/0x24)
[    2.532385] ---[ end trace 57e8bd91c9c913ce ]---
[    2.537985] ------------[ cut here ]------------
[    2.542822] WARNING: CPU: 0 PID: 1 at drivers/i2c/i2c-core.c:1930 i2c_register_driver+0x68/0x84
[    2.551928] Modules linked in:
[    2.555146] CPU: 0 PID: 1 Comm: swapper/0 Tainted: G        W       4.5.0-rc7-next-20160314-00002-g7e0d3f31150c #1
[    2.565960] Hardware name: Generic DRA74X (Flattened Device Tree)
[    2.572329] [<c010feec>] (unwind_backtrace) from [<c010c158>] (show_stack+0x10/0x14)
[    2.580426] [<c010c158>] (show_stack) from [<c046ccd8>] (dump_stack+0xb0/0xe4)
[    2.587973] [<c046ccd8>] (dump_stack) from [<c0136f20>] (__warn+0xd4/0x100)
[    2.595257] [<c0136f20>] (__warn) from [<c0136ff8>] (warn_slowpath_null+0x20/0x28)
[    2.603166] [<c0136ff8>] (warn_slowpath_null) from [<c05d5d0c>] (i2c_register_driver+0x68/0x84)
[    2.612265] [<c05d5d0c>] (i2c_register_driver) from [<c0101824>] (do_one_initcall+0x80/0x1e0)
[    2.621180] [<c0101824>] (do_one_initcall) from [<c0b00e94>] (kernel_init_freeable+0x218/0x2e8)
[    2.630277] [<c0b00e94>] (kernel_init_freeable) from [<c0786fe0>] (kernel_init+0x8/0x118)
[    2.638826] [<c0786fe0>] (kernel_init) from [<c01078d0>] (ret_from_fork+0x14/0x24)
[    2.646765] ---[ end trace 57e8bd91c9c913cf ]---
[    2.652637] ahci 4a140000.sata: SSS flag set, parallel bus scan disabled
[    2.659684] ahci 4a140000.sata: AHCI 0001.0300 32 slots 1 ports 3 Gbps 0x1 impl platform mode
[    2.668613] ahci 4a140000.sata: flags: 64bit ncq sntf stag pm led clo only pmp pio slum part ccc apst 
[    2.681052] scsi host0: ahci
[    2.684968] ata1: SATA max UDMA/133 mmio [mem 0x4a140000-0x4a1410ff] port 0x100 irq 321
[    2.694248] mtdoops: mtd device (mtddev=name/number) must be supplied
[    2.753604] davinci_mdio 48485000.mdio: davinci mdio revision 1.6
[    2.759970] davinci_mdio 48485000.mdio: detected phy mask fffffff9
[    2.771781] libphy: 48485000.mdio: probed
[    2.775999] davinci_mdio 48485000.mdio: phy[1]: device 48485000.mdio:01, driver unknown
[    2.784384] davinci_mdio 48485000.mdio: phy[2]: device 48485000.mdio:02, driver unknown
[    2.793657] cpsw 48484000.ethernet: Detected MACID = 74:da:ea:47:8b:26
[    2.802243] cpsw 48484000.ethernet: cpsw: Detected MACID = 74:da:ea:47:8b:27
[    2.812389] mousedev: PS/2 mouse device common for all mice
[    2.818252] i2c /dev entries driver
[    2.821940] Unable to handle kernel NULL pointer dereference at virtual address 00000148
[    2.830410] pgd = c0004000
[    2.833237] [00000148] *pgd=00000000
[    2.836992] Internal error: Oops: 5 [#1] SMP ARM
[    2.841819] Modules linked in:
[    2.845016] CPU: 1 PID: 1 Comm: swapper/0 Tainted: G        W       4.5.0-rc7-next-20160314-00002-g7e0d3f31150c #1
[    2.855831] Hardware name: Generic DRA74X (Flattened Device Tree)
[    2.862206] task: ee0c4d40 ti: ee0c6000 task.ti: ee0c6000
[    2.867856] PC is at blocking_notifier_chain_register+0x80/0xdc
[    2.874046] LR is at i2c_dev_init+0x68/0xd8
[    2.878419] pc : [<c015a76c>]    lr : [<c0b40ed4>]    psr: 60000013
[    2.878419] sp : ee0c7ed0  ip : 00000000  fp : c0b005a0
[    2.890424] r10: c0b51858  r9 : 00000000  r8 : 00000000
[    2.895882] r7 : c0b40e6c  r6 : ee5fa240  r5 : c149a15c  r4 : 00000104
[    2.902704] r3 : 00000000  r2 : 00000001  r1 : c0c9e550  r0 : 00000104
[    2.909525] Flags: nZCv  IRQs on  FIQs on  Mode SVC_32  ISA ARM  Segment none
[    2.916981] Control: 10c5387d  Table: 8000406a  DAC: 00000051
[    2.922980] Process swapper/0 (pid: 1, stack limit = 0xee0c6218)
[    2.929257] Stack: (0xee0c7ed0 to 0xee0c8000)
[    2.933809] 7ec0:                                     00000000 c149a15c ee5fa240 c0b40ed4
[    2.942361] 7ee0: c085712c c0c06990 ee5fa240 c0c06990 c0c06990 c0101824 c0c400a4 60000013
[    2.950907] 7f00: 00000000 ee0c52e8 ee0c4d00 00000004 00000006 00000000 0000009d c082c2b4
[    2.959457] 7f20: c0a48654 c0158720 00000001 c09f1560 c0a47a10 00000000 00000006 00000006
[    2.968006] 7f40: c0b6b580 00000006 00000006 c0b51850 c0cc6000 c0b6bb1c c0cc6000 c0b51858
[    2.976556] 7f60: c0b005a0 c0b00e94 00000006 00000006 00000000 c0b005a0 feff7ffc 0000009e
[    2.985106] 7f80: c0786fd8 00000000 c0786fd8 00000000 00000000 00000000 00000000 00000000
[    2.993651] 7fa0: 00000000 c0786fe0 00000000 c01078d0 00000000 00000000 00000000 00000000
[    3.002203] 7fc0: 00000000 00000000 00000000 00000000 00000000 00000000 00000000 00000000
[    3.010748] 7fe0: 00000000 00000000 00000000 00000000 00000013 00000000 ffffffff 00000000
[    3.019302] [<c015a76c>] (blocking_notifier_chain_register) from [<c0b40ed4>] (i2c_dev_init+0x68/0xd8)
[    3.029033] [<c0b40ed4>] (i2c_dev_init) from [<c0101824>] (do_one_initcall+0x80/0x1e0)
[    3.037323] [<c0101824>] (do_one_initcall) from [<c0b00e94>] (kernel_init_freeable+0x218/0x2e8)
[    3.046422] [<c0b00e94>] (kernel_init_freeable) from [<c0786fe0>] (kernel_init+0x8/0x118)
[    3.054979] [<c0786fe0>] (kernel_init) from [<c01078d0>] (ret_from_fork+0x14/0x24)
[    3.062897] Code: e58c5000 eb00b9d7 e3a00000 e8bd8070 (e5903044) 
[    3.069309] ---[ end trace 57e8bd91c9c913d0 ]---
[    3.074167] Kernel panic - not syncing: Attempted to kill init! exitcode=0x0000000b
[    3.074167] 
[    3.083719] CPU0: stopping
[    3.086553] CPU: 0 PID: 0 Comm: swapper/0 Tainted: G      D W       4.5.0-rc7-next-20160314-00002-g7e0d3f31150c #1
[    3.097373] Hardware name: Generic DRA74X (Flattened Device Tree)
[    3.103744] [<c010feec>] (unwind_backtrace) from [<c010c158>] (show_stack+0x10/0x14)
[    3.111845] [<c010c158>] (show_stack) from [<c046ccd8>] (dump_stack+0xb0/0xe4)
[    3.119404] [<c046ccd8>] (dump_stack) from [<c010e538>] (handle_IPI+0x2a4/0x2dc)
[    3.127142] [<c010e538>] (handle_IPI) from [<c0101588>] (gic_handle_irq+0x84/0x94)
[    3.135058] [<c0101588>] (gic_handle_irq) from [<c078de78>] (__irq_svc+0x58/0x78)
[    3.142884] Exception stack(0xc0c01f50 to 0xc0c01f98)
[    3.148165] 1f40:                                     c0108318 00000000 00000000 00000000
[    3.156710] 1f60: c0c00000 c0c02a34 00000000 00000000 c0cc2218 c0c029cc c0cc2218 00000000
[    3.165256] 1f80: 00000000 c0c01fa0 c0108318 c010831c 60000013 ffffffff
[    3.172177] [<c078de78>] (__irq_svc) from [<c010831c>] (arch_cpu_idle+0x20/0x3c)
[    3.179912] [<c010831c>] (arch_cpu_idle) from [<c0181f68>] (cpu_startup_entry+0x2a4/0x328)
[    3.188563] [<c0181f68>] (cpu_startup_entry) from [<c0b00c08>] (start_kernel+0x340/0x3b4)
[    3.197107] [<c0b00c08>] (start_kernel) from [<8000807c>] (0x8000807c)
[    3.203943] ---[ end Kernel panic - not syncing: Attempted to kill init! exitcode=0x0000000b
[    3.203943] 
- 04:28:53 [INFO] Boot attempt 1/1 failed
- 04:28:53 [INFO] Collecting kernel traces via sysrq...
- 04:29:03 [INFO] 
- 04:29:14 [INFO] 
- 04:29:24 [INFO] 
- 04:29:24 [INFO] Disconnected serial from am57xx-evm
URL:gtsystest.telogy.design.ti.com/vatf/tigtfarm10/tigtfarm10_vatf@am57xx-evm/tigtfarm1003_14_2016_04_24_54/files/session_iteration_1/test_1
