- 07:04:48 [INFO] Starting target session
- 07:04:48 [INFO] Connected to am57xx-evm via serial 
- 07:04:48 [INFO] Host: #check prompt
- 07:04:51 [ERROR] On command: #check prompt waiting for #check prompt.+?(?-mix:((?-mix:login:)|[Pp]assword)) >>> error: execution expired
- 07:04:51 [INFO] Target: 
#check prompt
root@am57xx-evm:/test# 
- 07:04:51 [INFO] Host: #check prompt
- 07:04:51 [INFO] Target: 
#check prompt
root@am57xx-evm:/test# 
- 07:04:51 [INFO] Host: sync;poweroff
- 07:05:05 [INFO] Target: 
sync;poweroff
Broadcast message from root@am57xx-evm (ttyS2) (Fri Sep 18 18:24:44 2015):
The system is going down for system halt NOW!
INIT: Switching to runlevel: 0
root@am57xx-evm:/test# nux am57xx-evm 3.14.38-g27989b8 #2 SMP Thu Apr 16 02:35:02 EDT 2015 armv7l GNU/Linux
root@am57xx-evm:~# cat /proc/cmdline
console=ttyO2,115200n8 earlyprintk=serial,ttyO2,115200n8 rootwait ip=:::::eth0:dhcp root=/dev/nfs rw nfsroot=192.168.0.1:/home/tigtfarm03/NFS_exports/am57xx-evm1//autofs/1e515548d355e3c387e363cf36570ce3,nolock,v3,tcp,rsize=4096,wsize=4096 ramdisk_size=80000
root@am57xx-evm:~# uname -a
Linux am57xx-evm 3.14.38-g27989b8 #2 SMP Thu Apr 16 02:35:02 EDT 2015 armv7l GNU/Linux
root@am57xx-evm:~# cat /proc/mtd
dev:    size   erasesize  name
root@am57xx-evm:~# export IPERFHOST=192.168.0.1
root@am57xx-evm:~# export NFS_SERVER=192.168.0.1
root@am57xx-evm:~# export NFS_ROOT_PATH=/home/tigtfarm03/NFS_exports/am57xx-evm1
root@am57xx-evm:~# export AP_SSID=
root@am57xx-evm:~# mkdir -p -m 777 /test
root@am57xx-evm:~# cd /test
root@am57xx-evm:/test# cat > test.sh << EOF
> failtest() {
>   echo 1 >&3
> timeout=600
> # Start of user's script logic
> uname -a
> EOF
root@am57xx-evm:/test# cd /test
root@am57xx-evm:/test# chmod +x test.sh
root@am57xx-evm:/test# ./test.sh 2> stderr.log > stdout.log 3> result.log
root@am57xx-evm:/test# echo $?
root@am57xx-evm:/test# cd /test
root@am57xx-evm:/test# cat stdout.log
Linux am57xx-evm 3.14.38-g27989b8 #2 SMP Thu Apr 16 02:35:02 EDT 2015 armv7l GNU/Linux
root@am57xx-evm:/test# cat stderr.log
root@am57xx-evm:/test# cat result.log
root@am57xx-evm:/test# cd /test
root@am57xx-evm:/test# #check prompt
root@am57xx-evm:/test# #check prompt
root@am57xx-evm:/test# sync;poweroff
Broadcast message from root@am57xx-evm (ttyS2) (Fri Sep 18 18:24:44 2015):
The system is going down for system halt NOW!
INIT: Switching to runlevel: 0
root@am57xx-evm:/test# 
INIT: Sending processes the TERM signal
INITStopping syslogd/klogd: stopped syslogd (pid 1564)
stopped klogd (pid 1567)
done
not deconfiguring network interfaces: network file systems still mounted.
Sending all processes the TERM signal...
Sending all processes the KILL signal...
Unmounting remote filesystems...
Deactivating swap...
Unmounting local filesystems...
[ 7973.877367] reboot: Power down
- 07:05:05 [INFO] Disconnected serial from am57xx-evm
- 07:05:10 [INFO] Connected to am57xx-evm via serial 
- 07:05:10 [INFO] Host: 
- 07:05:11 [INFO] Target: 
reading uboot.env
SCSI:  SATA link 0 timeout.
AHCI 0001.0300 32 slots 1 ports 3 Gbps 0x1 impl SATA mode
flags: 64bit ncq stag pm led clo only pmp pio slum part ccc apst 
scanning bus for devices...
Found 0 device(s).
Net:   
Warning: ethernet@48484000 using MAC address from ROM
eth0: ethernet@48484000
Hit any key to stop autoboot:  2  0 
=>  
=>  
=>  
=>  
- 07:05:11 [INFO] Host: 
- 07:05:11 [INFO] Target: 
- 07:05:11 [INFO] Host: version
- 07:05:11 [INFO] Target: 
version
U-Boot 2016.05-00039-gb43cf45 (Jul 01 2016 - 04:35:58 -0500)
arm-linux-gnueabihf-gcc (Linaro GCC 5.3-2016.02) 5.3.1 20160113
GNU ld (GNU Binutils) 2.25.0 Linaro 2015_10
- 07:05:11 [INFO] Host: setenv bootargs 'console=ttyO2,115200n8  earlyprintk=serial,ttyO2,115200n8 rootwait '
- 07:05:11 [INFO] Target: 
setenv bootargs 'console=ttyO2,115200n8  earlyprintk=serial,ttyO2,115200n8 rootwait '
- 07:05:11 [INFO] Host: setenv bootcmd  ''
- 07:05:11 [INFO] Target: 
setenv bootcmd  ''
- 07:05:11 [INFO] Host: setenv autoload 'no'
- 07:05:11 [INFO] Target: 
setenv autoload 'no'
- 07:05:11 [INFO] Host: setenv serverip '192.168.0.1'
- 07:05:11 [INFO] Target: 
setenv serverip '192.168.0.1'
- 07:05:11 [INFO] Host: setenv _initramfs -
- 07:05:11 [INFO] Target: 
setenv _initramfs -
- 07:05:11 [INFO] Host: printenv
- 07:05:12 [INFO] Target: 
printenv
_initramfs=-
arch=arm
args_mmc=run finduuid;setenv bootargs console=${console} ${optargs} root=PARTUUID=${uuid} rw rootfstype=${mmcrootfstype}
autoload=no
baudrate=115200
board=am57xx
board_name=am57xx_evm
board_rev=A.20
board_serial=33154P550004
bootargs=console=ttyO2,115200n8  earlyprintk=serial,ttyO2,115200n8 rootwait 
bootcmd=
bootdelay=2
bootdir=/boot
bootenvfile=uEnv.txt
bootfile=zImage
bootm_size=0x10000000
bootpart=0:2
bootscript=echo Running bootscript from mmc${mmcdev} ...; source ${loadaddr}
console=ttyO2,115200n8
cpu=armv7
dofastboot=0
envboot=mmc dev ${mmcdev}; if mmc rescan; then echo SD/MMC found on device ${mmcdev};if run loadbootscript; then run bootscript;else if run loadbootenv; then echo Loaded env from ${bootenvfile};run importbootenv;fi;if test -n $uenvcmd; then echo Running uenvcmd ...;run uenvcmd;fi;fi;fi;
ethaddr=74:da:ea:08:38:a8
fdt_addr_r=0x88000000
fdtaddr=0x88000000
fdtcontroladdr=fef300f0
fdtfile=undefined
findfdt=if test $board_name = omap5_uevm; then setenv fdtfile omap5-uevm.dtb; fi; if test $board_name = dra7xx; then setenv fdtfile dra7-evm.dtb; fi;if test $board_name = dra72x-revc; then setenv fdtfile dra72-evm-revc.dtb; fi;if test $board_name = dra72x; then setenv fdtfile dra72-evm.dtb; fi;if test $board_name = beagle_x15; then setenv fdtfile am57xx-beagle-x15.dtb; fi;if test $board_name = beagle_x15_revb1; then setenv fdtfile am57xx-beagle-x15-revb1.dtb; fi;if test $board_name = am57xx_evm; then setenv fdtfile am57xx-evm.dtb; fi;if test $board_name = am57xx_evm_reva3; then setenv fdtfile am57xx-evm-reva3.dtb; fi;if test $board_name = am572x_idk; then setenv fdtfile am572x-idk.dtb; fi;if test $board_name = am571x_idk && test $idk_lcd = no; then setenv fdtfile am571x-idk.dtb; fi;if test $board_name = am571x_idk && test $idk_lcd = osd101t2045; then setenv fdtfile am571x-idk-lcd-osd.dtb; fi;if test $fdtfile = undefined; then echo WARNING: Could not determine device tree to use; fi; 
finduuid=part uuid mmc ${bootpart} uuid
idk_lcd=osd101t2045
importbootenv=echo Importing environment from mmc${mmcdev} ...; env import -t ${loadaddr} ${filesize}
kernel_addr_r=0x82000000
loadaddr=0x82000000
loadbootenv=fatload mmc ${mmcdev} ${loadaddr} ${bootenvfile}
loadbootscript=fatload mmc ${mmcdev} ${loadaddr} boot.scr
loadfdt=load mmc ${bootpart} ${fdtaddr} ${bootdir}/${fdtfile};
loadimage=load mmc ${bootpart} ${loadaddr} ${bootdir}/${bootfile}
mmcboot=mmc dev ${mmcdev}; if mmc rescan; then echo SD/MMC found on device ${mmcdev};if run loadimage; then run loadfdt; echo Booting from mmc${mmcdev} ...; run args_mmc; bootz ${loadaddr} - ${fdtaddr}; fi;fi;
mmcdev=0
mmcrootfstype=ext4 rootwait
netargs=setenv bootargs console=${console} ${optargs} root=/dev/nfs nfsroot=${serverip}:${rootpath},${nfsopts} rw ip=dhcp
netboot=echo Booting from network ...; setenv autoload no; dhcp; run netloadimage; run netloadfdt; run netargs; bootz ${loadaddr} - ${fdtaddr}
netloadfdt=tftp ${fdtaddr} ${fdtfile}
netloadimage=tftp ${loadaddr} ${bootfile}
nfsopts=nolock
partitions=uuid_disk=${uuid_gpt_disk};name=rootfs,start=2MiB,size=-,uuid=${uuid_gpt_rootfs}
pxefile_addr_r=0x80100000
ramdisk_addr_r=0x88080000
rdaddr=0x88080000
rootpath=/export/rootfs
scriptaddr=0x80000000
scsidevs=0
serverip=192.168.0.1
soc=omap5
static_ip=${ipaddr}:${serverip}:${gatewayip}:${netmask}:${hostname}::off
stderr=serial@48020000
stdin=serial@48020000
stdout=serial@48020000
usbtty=cdc_acm
vendor=ti
ver=U-Boot 2016.05-00039-gb43cf45 (Jul 01 2016 - 04:35:58 -0500)
vram=16M
Environment size: 3627/65532 bytes
- 07:05:12 [INFO] Host: printenv
- 07:05:12 [INFO] Target: 
printenv
_initramfs=-
arch=arm
args_mmc=run finduuid;setenv bootargs console=${console} ${optargs} root=PARTUUID=${uuid} rw rootfstype=${mmcrootfstype}
autoload=no
baudrate=115200
board=am57xx
board_name=am57xx_evm
board_rev=A.20
board_serial=33154P550004
bootargs=console=ttyO2,115200n8  earlyprintk=serial,ttyO2,115200n8 rootwait 
bootcmd=
bootdelay=2
bootdir=/boot
bootenvfile=uEnv.txt
bootfile=zImage
bootm_size=0x10000000
bootpart=0:2
bootscript=echo Running bootscript from mmc${mmcdev} ...; source ${loadaddr}
console=ttyO2,115200n8
cpu=armv7
dofastboot=0
envboot=mmc dev ${mmcdev}; if mmc rescan; then echo SD/MMC found on device ${mmcdev};if run loadbootscript; then run bootscript;else if run loadbootenv; then echo Loaded env from ${bootenvfile};run importbootenv;fi;if test -n $uenvcmd; then echo Running uenvcmd ...;run uenvcmd;fi;fi;fi;
ethaddr=74:da:ea:08:38:a8
fdt_addr_r=0x88000000
fdtaddr=0x88000000
fdtcontroladdr=fef300f0
fdtfile=undefined
findfdt=if test $board_name = omap5_uevm; then setenv fdtfile omap5-uevm.dtb; fi; if test $board_name = dra7xx; then setenv fdtfile dra7-evm.dtb; fi;if test $board_name = dra72x-revc; then setenv fdtfile dra72-evm-revc.dtb; fi;if test $board_name = dra72x; then setenv fdtfile dra72-evm.dtb; fi;if test $board_name = beagle_x15; then setenv fdtfile am57xx-beagle-x15.dtb; fi;if test $board_name = beagle_x15_revb1; then setenv fdtfile am57xx-beagle-x15-revb1.dtb; fi;if test $board_name = am57xx_evm; then setenv fdtfile am57xx-evm.dtb; fi;if test $board_name = am57xx_evm_reva3; then setenv fdtfile am57xx-evm-reva3.dtb; fi;if test $board_name = am572x_idk; then setenv fdtfile am572x-idk.dtb; fi;if test $board_name = am571x_idk && test $idk_lcd = no; then setenv fdtfile am571x-idk.dtb; fi;if test $board_name = am571x_idk && test $idk_lcd = osd101t2045; then setenv fdtfile am571x-idk-lcd-osd.dtb; fi;if test $fdtfile = undefined; then echo WARNING: Could not determine device tree to use; fi; 
finduuid=part uuid mmc ${bootpart} uuid
idk_lcd=osd101t2045
importbootenv=echo Importing environment from mmc${mmcdev} ...; env import -t ${loadaddr} ${filesize}
kernel_addr_r=0x82000000
loadaddr=0x82000000
loadbootenv=fatload mmc ${mmcdev} ${loadaddr} ${bootenvfile}
loadbootscript=fatload mmc ${mmcdev} ${loadaddr} boot.scr
loadfdt=load mmc ${bootpart} ${fdtaddr} ${bootdir}/${fdtfile};
loadimage=load mmc ${bootpart} ${loadaddr} ${bootdir}/${bootfile}
mmcboot=mmc dev ${mmcdev}; if mmc rescan; then echo SD/MMC found on device ${mmcdev};if run loadimage; then run loadfdt; echo Booting from mmc${mmcdev} ...; run args_mmc; bootz ${loadaddr} - ${fdtaddr}; fi;fi;
mmcdev=0
mmcrootfstype=ext4 rootwait
netargs=setenv bootargs console=${console} ${optargs} root=/dev/nfs nfsroot=${serverip}:${rootpath},${nfsopts} rw ip=dhcp
netboot=echo Booting from network ...; setenv autoload no; dhcp; run netloadimage; run netloadfdt; run netargs; bootz ${loadaddr} - ${fdtaddr}
netloadfdt=tftp ${fdtaddr} ${fdtfile}
netloadimage=tftp ${loadaddr} ${bootfile}
nfsopts=nolock
partitions=uuid_disk=${uuid_gpt_disk};name=rootfs,start=2MiB,size=-,uuid=${uuid_gpt_rootfs}
pxefile_addr_r=0x80100000
ramdisk_addr_r=0x88080000
rdaddr=0x88080000
rootpath=/export/rootfs
scriptaddr=0x80000000
scsidevs=0
serverip=192.168.0.1
soc=omap5
static_ip=${ipaddr}:${serverip}:${gatewayip}:${netmask}:${hostname}::off
stderr=serial@48020000
stdin=serial@48020000
stdout=serial@48020000
usbtty=cdc_acm
vendor=ti
ver=U-Boot 2016.05-00039-gb43cf45 (Jul 01 2016 - 04:35:58 -0500)
vram=16M
Environment size: 3627/65532 bytes
- 07:05:12 [INFO] Host: setenv bootargs ''${bootargs}' ip=:::::eth0:dhcp '
- 07:05:12 [INFO] Target: 
setenv bootargs ''${bootargs}' ip=:::::eth0:dhcp '
- 07:05:12 [INFO] Host: setenv serverip '192.168.0.1'
- 07:05:12 [INFO] Target: 
setenv serverip '192.168.0.1'
- 07:05:12 [INFO] Host: setenv autoload 'no'
- 07:05:13 [INFO] Target: 
setenv autoload 'no'
- 07:05:13 [INFO] Host: dhcp
- 07:05:18 [INFO] Target: 
dhcp
ethernet@48484000 Waiting for PHY auto negotiation to complete........ done
link up on port 0, speed 1000, full duplex
BOOTP broadcast 1
BOOTP broadcast 2
BOOTP broadcast 3
DHCP client bound to address 192.168.0.120 (1290 ms)
- 07:05:18 [INFO] Host: tftp ${loadaddr} 192.168.0.1:vatf_am57xx-evm1/f726f006cc8026fd48ed6c3167e81c2e
- 07:05:19 [INFO] Target: 
tftp ${loadaddr} 192.168.0.1:vatf_am57xx-evm1/f726f006cc8026fd48ed6c3167e81c2e
link up on port 0, speed 1000, full duplex
Using ethernet@48484000 device
TFTP from server 192.168.0.1; our IP address is 192.168.0.120
Filename 'vatf_am57xx-evm1/f726f006cc8026fd48ed6c3167e81c2e'.
Load address: 0x82000000
Loading: *#################################################################
	 #################################################################
	 #################################################################
	 ################################################################
	 9.2 MiB/s
done
Bytes transferred = 3791520 (39daa0 hex)
- 07:05:19 [INFO] Host: tftp ${fdt_addr_r} 192.168.0.1:vatf_am57xx-evm1/cb242e75cf709d5cdeca30856e6bd971
- 07:05:19 [INFO] Target: 
tftp ${fdt_addr_r} 192.168.0.1:vatf_am57xx-evm1/cb242e75cf709d5cdeca30856e6bd971
link up on port 0, speed 1000, full duplex
Using ethernet@48484000 device
TFTP from server 192.168.0.1; our IP address is 192.168.0.120
Filename 'vatf_am57xx-evm1/cb242e75cf709d5cdeca30856e6bd971'.
Load address: 0x88000000
Loading: *######
	 8.2 MiB/s
done
Bytes transferred = 85516 (14e0c hex)
- 07:05:19 [INFO] Host: ls mmc 0:1
- 07:05:19 [INFO] Target: 
ls mmc 0:1
    68984   mlo 
   581992   u-boot.img 
        4   ws-calibrate.rules 
        0   pointercal 
       33   primary_bootloader.md5 
       33   fs.md5 
    65536   uboot.env 
7 file(s), 0 dir(s)
- 07:05:19 [INFO] Host: ls mmc 0:2
- 07:05:19 [INFO] Target: 
ls mmc 0:2
<DIR>       4096 .
<DIR>       4096 ..
<DIR>       4096 srv
<DIR>       4096 home
<DIR>       4096 media
<DIR>       4096 var
<DIR>       4096 sys
<DIR>       4096 boot
<DIR>       4096 dev
<DIR>       4096 usr
<DIR>       4096 bin
<DIR>       4096 mnt
<DIR>       4096 etc
<DIR>       4096 sbin
<SYM>          8 tmp
<DIR>       4096 proc
<DIR>       4096 run
<DIR>       4096 lib
<DIR>       4096 test
- 07:05:19 [INFO] Host: part uuid mmc 0:2
- 07:05:19 [INFO] Target: 
part uuid mmc 0:2
00000000-02
- 07:05:19 [INFO] Host: printenv
- 07:05:20 [INFO] Target: 
printenv
_initramfs=-
arch=arm
args_mmc=run finduuid;setenv bootargs console=${console} ${optargs} root=PARTUUID=${uuid} rw rootfstype=${mmcrootfstype}
autoload=no
baudrate=115200
board=am57xx
board_name=am57xx_evm
board_rev=A.20
board_serial=33154P550004
bootargs=console=ttyO2,115200n8  earlyprintk=serial,ttyO2,115200n8 rootwait  ip=:::::eth0:dhcp 
bootcmd=
bootdelay=2
bootdir=/boot
bootenvfile=uEnv.txt
bootfile=zImage
bootm_size=0x10000000
bootpart=0:2
bootscript=echo Running bootscript from mmc${mmcdev} ...; source ${loadaddr}
console=ttyO2,115200n8
cpu=armv7
dnsip=192.0.2.2
dnsip2=192.0.2.3
dofastboot=0
envboot=mmc dev ${mmcdev}; if mmc rescan; then echo SD/MMC found on device ${mmcdev};if run loadbootscript; then run bootscript;else if run loadbootenv; then echo Loaded env from ${bootenvfile};run importbootenv;fi;if test -n $uenvcmd; then echo Running uenvcmd ...;run uenvcmd;fi;fi;fi;
ethact=ethernet@48484000
ethaddr=74:da:ea:08:38:a8
fdt_addr_r=0x88000000
fdtaddr=0x88000000
fdtcontroladdr=fef300f0
fdtfile=undefined
fileaddr=88000000
filesize=14e0c
findfdt=if test $board_name = omap5_uevm; then setenv fdtfile omap5-uevm.dtb; fi; if test $board_name = dra7xx; then setenv fdtfile dra7-evm.dtb; fi;if test $board_name = dra72x-revc; then setenv fdtfile dra72-evm-revc.dtb; fi;if test $board_name = dra72x; then setenv fdtfile dra72-evm.dtb; fi;if test $board_name = beagle_x15; then setenv fdtfile am57xx-beagle-x15.dtb; fi;if test $board_name = beagle_x15_revb1; then setenv fdtfile am57xx-beagle-x15-revb1.dtb; fi;if test $board_name = am57xx_evm; then setenv fdtfile am57xx-evm.dtb; fi;if test $board_name = am57xx_evm_reva3; then setenv fdtfile am57xx-evm-reva3.dtb; fi;if test $board_name = am572x_idk; then setenv fdtfile am572x-idk.dtb; fi;if test $board_name = am571x_idk && test $idk_lcd = no; then setenv fdtfile am571x-idk.dtb; fi;if test $board_name = am571x_idk && test $idk_lcd = osd101t2045; then setenv fdtfile am571x-idk-lcd-osd.dtb; fi;if test $fdtfile = undefined; then echo WARNING: Could not determine device tree to use; fi; 
finduuid=part uuid mmc ${bootpart} uuid
gatewayip=192.168.0.1
idk_lcd=osd101t2045
importbootenv=echo Importing environment from mmc${mmcdev} ...; env import -t ${loadaddr} ${filesize}
ipaddr=192.168.0.120
kernel_addr_r=0x82000000
loadaddr=0x82000000
loadbootenv=fatload mmc ${mmcdev} ${loadaddr} ${bootenvfile}
loadbootscript=fatload mmc ${mmcdev} ${loadaddr} boot.scr
loadfdt=load mmc ${bootpart} ${fdtaddr} ${bootdir}/${fdtfile};
loadimage=load mmc ${bootpart} ${loadaddr} ${bootdir}/${bootfile}
mmcboot=mmc dev ${mmcdev}; if mmc rescan; then echo SD/MMC found on device ${mmcdev};if run loadimage; then run loadfdt; echo Booting from mmc${mmcdev} ...; run args_mmc; bootz ${loadaddr} - ${fdtaddr}; fi;fi;
mmcdev=0
mmcrootfstype=ext4 rootwait
netargs=setenv bootargs console=${console} ${optargs} root=/dev/nfs nfsroot=${serverip}:${rootpath},${nfsopts} rw ip=dhcp
netboot=echo Booting from network ...; setenv autoload no; dhcp; run netloadimage; run netloadfdt; run netargs; bootz ${loadaddr} - ${fdtaddr}
netloadfdt=tftp ${fdtaddr} ${fdtfile}
netloadimage=tftp ${loadaddr} ${bootfile}
netmask=255.255.255.0
nfsopts=nolock
partitions=uuid_disk=${uuid_gpt_disk};name=rootfs,start=2MiB,size=-,uuid=${uuid_gpt_rootfs}
pxefile_addr_r=0x80100000
ramdisk_addr_r=0x88080000
rdaddr=0x88080000
rootpath=/export/rootfs
scriptaddr=0x80000000
scsidevs=0
serverip=192.168.0.1
soc=omap5
static_ip=${ipaddr}:${serverip}:${gatewayip}:${netmask}:${hostname}::off
stderr=serial@48020000
stdin=serial@48020000
stdout=serial@48020000
usbtty=cdc_acm
vendor=ti
ver=U-Boot 2016.05-00039-gb43cf45 (Jul 01 2016 - 04:35:58 -0500)
vram=16M
Environment size: 3818/65532 bytes
- 07:05:20 [INFO] Host: setenv bootargs ''${bootargs}' root=PARTUUID=00000000-02 rw rootfstype=ext4 rootwait '
- 07:05:20 [INFO] Target: 
setenv bootargs ''${bootargs}' root=PARTUUID=00000000-02 rw rootfstype=ext4 rootwait '
- 07:05:20 [INFO] Host: printenv
- 07:05:20 [INFO] Target: 
printenv
_initramfs=-
arch=arm
args_mmc=run finduuid;setenv bootargs console=${console} ${optargs} root=PARTUUID=${uuid} rw rootfstype=${mmcrootfstype}
autoload=no
baudrate=115200
board=am57xx
board_name=am57xx_evm
board_rev=A.20
board_serial=33154P550004
bootargs=console=ttyO2,115200n8  earlyprintk=serial,ttyO2,115200n8 rootwait  ip=:::::eth0:dhcp  root=PARTUUID=00000000-02 rw rootfstype=ext4 rootwait 
bootcmd=
bootdelay=2
bootdir=/boot
bootenvfile=uEnv.txt
bootfile=zImage
bootm_size=0x10000000
bootpart=0:2
bootscript=echo Running bootscript from mmc${mmcdev} ...; source ${loadaddr}
console=ttyO2,115200n8
cpu=armv7
dnsip=192.0.2.2
dnsip2=192.0.2.3
dofastboot=0
envboot=mmc dev ${mmcdev}; if mmc rescan; then echo SD/MMC found on device ${mmcdev};if run loadbootscript; then run bootscript;else if run loadbootenv; then echo Loaded env from ${bootenvfile};run importbootenv;fi;if test -n $uenvcmd; then echo Running uenvcmd ...;run uenvcmd;fi;fi;fi;
ethact=ethernet@48484000
ethaddr=74:da:ea:08:38:a8
fdt_addr_r=0x88000000
fdtaddr=0x88000000
fdtcontroladdr=fef300f0
fdtfile=undefined
fileaddr=88000000
filesize=14e0c
findfdt=if test $board_name = omap5_uevm; then setenv fdtfile omap5-uevm.dtb; fi; if test $board_name = dra7xx; then setenv fdtfile dra7-evm.dtb; fi;if test $board_name = dra72x-revc; then setenv fdtfile dra72-evm-revc.dtb; fi;if test $board_name = dra72x; then setenv fdtfile dra72-evm.dtb; fi;if test $board_name = beagle_x15; then setenv fdtfile am57xx-beagle-x15.dtb; fi;if test $board_name = beagle_x15_revb1; then setenv fdtfile am57xx-beagle-x15-revb1.dtb; fi;if test $board_name = am57xx_evm; then setenv fdtfile am57xx-evm.dtb; fi;if test $board_name = am57xx_evm_reva3; then setenv fdtfile am57xx-evm-reva3.dtb; fi;if test $board_name = am572x_idk; then setenv fdtfile am572x-idk.dtb; fi;if test $board_name = am571x_idk && test $idk_lcd = no; then setenv fdtfile am571x-idk.dtb; fi;if test $board_name = am571x_idk && test $idk_lcd = osd101t2045; then setenv fdtfile am571x-idk-lcd-osd.dtb; fi;if test $fdtfile = undefined; then echo WARNING: Could not determine device tree to use; fi; 
finduuid=part uuid mmc ${bootpart} uuid
gatewayip=192.168.0.1
idk_lcd=osd101t2045
importbootenv=echo Importing environment from mmc${mmcdev} ...; env import -t ${loadaddr} ${filesize}
ipaddr=192.168.0.120
kernel_addr_r=0x82000000
loadaddr=0x82000000
loadbootenv=fatload mmc ${mmcdev} ${loadaddr} ${bootenvfile}
loadbootscript=fatload mmc ${mmcdev} ${loadaddr} boot.scr
loadfdt=load mmc ${bootpart} ${fdtaddr} ${bootdir}/${fdtfile};
loadimage=load mmc ${bootpart} ${loadaddr} ${bootdir}/${bootfile}
mmcboot=mmc dev ${mmcdev}; if mmc rescan; then echo SD/MMC found on device ${mmcdev};if run loadimage; then run loadfdt; echo Booting from mmc${mmcdev} ...; run args_mmc; bootz ${loadaddr} - ${fdtaddr}; fi;fi;
mmcdev=0
mmcrootfstype=ext4 rootwait
netargs=setenv bootargs console=${console} ${optargs} root=/dev/nfs nfsroot=${serverip}:${rootpath},${nfsopts} rw ip=dhcp
netboot=echo Booting from network ...; setenv autoload no; dhcp; run netloadimage; run netloadfdt; run netargs; bootz ${loadaddr} - ${fdtaddr}
netloadfdt=tftp ${fdtaddr} ${fdtfile}
netloadimage=tftp ${loadaddr} ${bootfile}
netmask=255.255.255.0
nfsopts=nolock
partitions=uuid_disk=${uuid_gpt_disk};name=rootfs,start=2MiB,size=-,uuid=${uuid_gpt_rootfs}
pxefile_addr_r=0x80100000
ramdisk_addr_r=0x88080000
rdaddr=0x88080000
rootpath=/export/rootfs
scriptaddr=0x80000000
scsidevs=0
serverip=192.168.0.1
soc=omap5
static_ip=${ipaddr}:${serverip}:${gatewayip}:${netmask}:${hostname}::off
stderr=serial@48020000
stdin=serial@48020000
stdout=serial@48020000
usbtty=cdc_acm
vendor=ti
ver=U-Boot 2016.05-00039-gb43cf45 (Jul 01 2016 - 04:35:58 -0500)
vram=16M
Environment size: 3873/65532 bytes
- 07:05:20 [INFO] Host: setenv bootcmd ''${bootcmd}' if iminfo ${loadaddr}; then bootm ${loadaddr} ${_initramfs} ${fdt_addr_r}; else bootz ${loadaddr} ${_initramfs} ${fdt_addr_r}; bootm ${loadaddr} ${_initramfs} ${fdt_addr_r}; fi'
- 07:05:20 [INFO] Target: 
setenv bootcmd ''${bootcmd}' if iminfo ${loadaddr}; then bootm ${loadaddr} ${_initramfs} ${fdt_addr_r}; else bootz ${loadaddr} ${_initramfs} ${fdt_addr_r}; bootm ${loadaddr} ${_initramfs} ${fdt_addr_r}; fi'
- 07:05:20 [INFO] Host: version
- 07:05:20 [INFO] Target: 
version
U-Boot 2016.05-00039-gb43cf45 (Jul 01 2016 - 04:35:58 -0500)
arm-linux-gnueabihf-gcc (Linaro GCC 5.3-2016.02) 5.3.1 20160113
GNU ld (GNU Binutils) 2.25.0 Linaro 2015_10
- 07:05:20 [INFO] Host: bdinfo
- 07:05:20 [INFO] Target: 
bdinfo
arch_number = 0x00000000
boot_params = 0x80000100
DRAM bank   = 0x00000000
-> start    = 0x80000000
-> size     = 0x80000000
DRAM bank   = 0x00000001
-> start    = 0x00000000
-> size     = 0x00000000
baudrate    = 115200 bps
TLB addr    = 0xFFFF0000
relocaddr   = 0xFFF54000
reloc off   = 0x7F754000
irq_sp      = 0xFEF300E0
sp start    = 0xFEF300D0
- 07:05:20 [INFO] Host: mmc rescan; echo $?
- 07:05:21 [INFO] Target: 
mmc rescan; echo $?
- 07:05:21 [INFO] Host: fatwrite mmc ${mmcdev}:1 ${loadaddr} ws-calibrate.rules 4
- 07:05:21 [INFO] Target: 
fatwrite mmc ${mmcdev}:1 ${loadaddr} ws-calibrate.rules 4
writing ws-calibrate.rules
4 bytes written
- 07:05:21 [INFO] Host: boot
- 07:05:39 [INFO] Target: 
boot
## Checking Image at 82000000 ...
Unknown image format!
Kernel image @ 0x82000000 [ 0x000000 - 0x39daa0 ]
## Flattened Device Tree blob at 88000000
   Booting using the fdt blob at 0x88000000
   Loading Device Tree to 8ffe8000, end 8ffffe0b ... OK
Starting kernel ...
[    0.000000] Booting Linux on physical CPU 0x0
[    0.000000] Linux version 4.7.0-rc7-00002-gdfe9747e487d (nmenon@horus) (gcc version 4.9.3 20150413 (prerelease) (Linaro GCC 4.9-2015.05) ) #1 SMP Mon Jul 11 06:09:34 CDT 2016
[    0.000000] CPU: ARMv7 Processor [412fc0f2] revision 2 (ARMv7), cr=10c5387d
[    0.000000] CPU: div instructions available: patching division code
[    0.000000] CPU: PIPT / VIPT nonaliasing data cache, PIPT instruction cache
[    0.000000] Machine model: TI AM5728 BeagleBoard-X15
[    0.000000] cma: Reserved 16 MiB at 0xfe800000
[    0.000000] Memory policy: Data cache writealloc
[    0.000000] OMAP4: Map 0xffd00000 to fe600000 for dram barrier
[    0.000000] DRA752 ES1.1
[    0.000000] percpu: Embedded 15 pages/cpu @eed69000 s29440 r8192 d23808 u61440
[    0.000000] Built 1 zonelists in Zone order, mobility grouping on.  Total pages: 522047
[    0.000000] Kernel command line: console=ttyO2,115200n8  earlyprintk=serial,ttyO2,115200n8 rootwait  ip=:::::eth0:dhcp  root=PARTUUID=00000000-02 rw rootfstype=ext4 rootwait 
[    0.000000] PID hash table entries: 4096 (order: 2, 16384 bytes)
[    0.000000] Dentry cache hash table entries: 131072 (order: 7, 524288 bytes)
[    0.000000] Inode-cache hash table entries: 65536 (order: 6, 262144 bytes)
[    0.000000] Memory: 2038640K/2095100K available (7354K kernel code, 768K rwdata, 2360K rodata, 1024K init, 8122K bss, 40076K reserved, 16384K cma-reserved, 1292284K highmem)
[    0.000000] Virtual kernel memory layout:
[    0.000000]     vector  : 0xffff0000 - 0xffff1000   (   4 kB)
[    0.000000]     fixmap  : 0xffc00000 - 0xfff00000   (3072 kB)
[    0.000000]     vmalloc : 0xf0800000 - 0xff800000   ( 240 MB)
[    0.000000]     lowmem  : 0xc0000000 - 0xf0000000   ( 768 MB)
[    0.000000]     pkmap   : 0xbfe00000 - 0xc0000000   (   2 MB)
[    0.000000]     modules : 0xbf000000 - 0xbfe00000   (  14 MB)
[    0.000000]       .text : 0xc0008000 - 0xc0a7c8d8   (10707 kB)
[    0.000000]       .init : 0xc0b00000 - 0xc0c00000   (1024 kB)
[    0.000000]       .data : 0xc0c00000 - 0xc0cc02c4   ( 769 kB)
[    0.000000]        .bss : 0xc0cc2000 - 0xc14b0a40   (8123 kB)
[    0.000000] Running RCU self tests
[    0.000000] Hierarchical RCU implementation.
[    0.000000] 	RCU lockdep checking is enabled.
[    0.000000] 	Build-time adjustment of leaf fanout to 32.
[    0.000000] NR_IRQS:16 nr_irqs:16 16
[    0.000000] OMAP clockevent source: timer1 at 32786 Hz
[    0.000000] Architected cp15 timer(s) running at 6.14MHz (virt).
[    0.000000] clocksource: arch_sys_counter: mask: 0xffffffffffffff max_cycles: 0x16af5adb9, max_idle_ns: 440795202250 ns
[    0.000004] sched_clock: 56 bits at 6MHz, resolution 162ns, wraps every 4398046511023ns
[    0.000016] Switching to timer-based delay loop, resolution 162ns
[    0.000445] clocksource: 32k_counter: mask: 0xffffffff max_cycles: 0xffffffff, max_idle_ns: 58327039986419 ns
[    0.000454] OMAP clocksource: 32k_counter at 32768 Hz
[    0.001471] Console: colour dummy device 80x30
[    0.001504] Lock dependency validator: Copyright (c) 2006 Red Hat, Inc., Ingo Molnar
[    0.001511] ... MAX_LOCKDEP_SUBCLASSES:  8
[    0.001517] ... MAX_LOCK_DEPTH:          48
[    0.001523] ... MAX_LOCKDEP_KEYS:        8191
[    0.001529] ... CLASSHASH_SIZE:          4096
[    0.001535] ... MAX_LOCKDEP_ENTRIES:     32768
[    0.001541] ... MAX_LOCKDEP_CHAINS:      65536
[    0.001546] ... CHAINHASH_SIZE:          32768
[    0.001552]  memory used by lock dependency info: 5167 kB
[    0.001558]  per task-struct memory footprint: 1536 bytes
[    0.001578] Calibrating delay loop (skipped), value calculated using timer frequency.. 12.29 BogoMIPS (lpj=61475)
[    0.001591] pid_max: default: 32768 minimum: 301
[    0.001905] Security Framework initialized
[    0.002014] Mount-cache hash table entries: 2048 (order: 1, 8192 bytes)
[    0.002026] Mountpoint-cache hash table entries: 2048 (order: 1, 8192 bytes)
[    0.004399] CPU: Testing write buffer coherency: ok
[    0.005492] /cpus/cpu@0 missing clock-frequency property
[    0.005539] /cpus/cpu@1 missing clock-frequency property
[    0.005550] CPU0: thread -1, cpu 0, socket 0, mpidr 80000000
[    0.005572] Setting up static identity map for 0x80100000 - 0x80100070
[    0.010744] CPU1: thread -1, cpu 1, socket 0, mpidr 80000001
[    0.011203] Brought up 2 CPUs
[    0.011217] SMP: Total of 2 processors activated (24.59 BogoMIPS).
[    0.011223] CPU: All CPU(s) started in SVC mode.
[    0.042196] devtmpfs: initialized
[    0.140733] VFP support v0.3: implementor 41 architecture 4 part 30 variant f rev 0
[    0.141358] clocksource: jiffies: mask: 0xffffffff max_cycles: 0xffffffff, max_idle_ns: 19112604462750000 ns
[    0.200534] pinctrl core: initialized pinctrl subsystem
[    0.261695] NET: Registered protocol family 16
[    0.265647] DMA: preallocated 256 KiB pool for atomic coherent allocations
[    0.267238] omap_hwmod: l3_main_2 using broken dt data from ocp
[    0.421739] omap_hwmod: epwmss0: no dt node
[    0.421747] ------------[ cut here ]------------
[    0.421763] WARNING: CPU: 0 PID: 1 at arch/arm/mach-omap2/omap_hwmod.c:2497 _init+0x1d0/0x41c
[    0.421770] omap_hwmod: epwmss0: doesn't have mpu register target base
[    0.421776] Modules linked in:
[    0.421790] CPU: 0 PID: 1 Comm: swapper/0 Not tainted 4.7.0-rc7-00002-gdfe9747e487d #1
[    0.421798] Hardware name: Generic DRA74X (Flattened Device Tree)
[    0.421818] [<c011005c>] (unwind_backtrace) from [<c010c250>] (show_stack+0x10/0x14)
[    0.421834] [<c010c250>] (show_stack) from [<c047ef5c>] (dump_stack+0xb0/0xe4)
[    0.421850] [<c047ef5c>] (dump_stack) from [<c0137404>] (__warn+0xd4/0x100)
[    0.421864] [<c0137404>] (__warn) from [<c0137464>] (warn_slowpath_fmt+0x34/0x44)
[    0.421876] [<c0137464>] (warn_slowpath_fmt) from [<c0b0e97c>] (_init+0x1d0/0x41c)
[    0.421889] [<c0b0e97c>] (_init) from [<c01218f0>] (omap_hwmod_for_each+0x34/0x60)
[    0.421901] [<c01218f0>] (omap_hwmod_for_each) from [<c0b0ef00>] (__omap_hwmod_setup_all+0x24/0x40)
[    0.421912] [<c0b0ef00>] (__omap_hwmod_setup_all) from [<c010185c>] (do_one_initcall+0x3c/0x174)
[    0.421926] [<c010185c>] (do_one_initcall) from [<c0b00e8c>] (kernel_init_freeable+0x210/0x2e0)
[    0.421941] [<c0b00e8c>] (kernel_init_freeable) from [<c07a8d5c>] (kernel_init+0x8/0x118)
[    0.421953] [<c07a8d5c>] (kernel_init) from [<c01078d0>] (ret_from_fork+0x14/0x24)
[    0.421972] ---[ end trace 0ac530290f800e34 ]---
[    0.423706] omap_hwmod: epwmss1: no dt node
[    0.423713] ------------[ cut here ]------------
[    0.423723] WARNING: CPU: 0 PID: 1 at arch/arm/mach-omap2/omap_hwmod.c:2497 _init+0x1d0/0x41c
[    0.423729] omap_hwmod: epwmss1: doesn't have mpu register target base
[    0.423734] Modules linked in:
[    0.423746] CPU: 0 PID: 1 Comm: swapper/0 Tainted: G        W       4.7.0-rc7-00002-gdfe9747e487d #1
[    0.423753] Hardware name: Generic DRA74X (Flattened Device Tree)
[    0.423764] [<c011005c>] (unwind_backtrace) from [<c010c250>] (show_stack+0x10/0x14)
[    0.423776] [<c010c250>] (show_stack) from [<c047ef5c>] (dump_stack+0xb0/0xe4)
[    0.423789] [<c047ef5c>] (dump_stack) from [<c0137404>] (__warn+0xd4/0x100)
[    0.423802] [<c0137404>] (__warn) from [<c0137464>] (warn_slowpath_fmt+0x34/0x44)
[    0.423814] [<c0137464>] (warn_slowpath_fmt) from [<c0b0e97c>] (_init+0x1d0/0x41c)
[    0.423825] [<c0b0e97c>] (_init) from [<c01218f0>] (omap_hwmod_for_each+0x34/0x60)
[    0.423836] [<c01218f0>] (omap_hwmod_for_each) from [<c0b0ef00>] (__omap_hwmod_setup_all+0x24/0x40)
[    0.423846] [<c0b0ef00>] (__omap_hwmod_setup_all) from [<c010185c>] (do_one_initcall+0x3c/0x174)
[    0.423858] [<c010185c>] (do_one_initcall) from [<c0b00e8c>] (kernel_init_freeable+0x210/0x2e0)
[    0.423871] [<c0b00e8c>] (kernel_init_freeable) from [<c07a8d5c>] (kernel_init+0x8/0x118)
[    0.423882] [<c07a8d5c>] (kernel_init) from [<c01078d0>] (ret_from_fork+0x14/0x24)
[    0.423889] ---[ end trace 0ac530290f800e35 ]---
[    0.425618] omap_hwmod: epwmss2: no dt node
[    0.425624] ------------[ cut here ]------------
[    0.425633] WARNING: CPU: 0 PID: 1 at arch/arm/mach-omap2/omap_hwmod.c:2497 _init+0x1d0/0x41c
[    0.425639] omap_hwmod: epwmss2: doesn't have mpu register target base
[    0.425644] Modules linked in:
[    0.425656] CPU: 0 PID: 1 Comm: swapper/0 Tainted: G        W       4.7.0-rc7-00002-gdfe9747e487d #1
[    0.425662] Hardware name: Generic DRA74X (Flattened Device Tree)
[    0.425674] [<c011005c>] (unwind_backtrace) from [<c010c250>] (show_stack+0x10/0x14)
[    0.425685] [<c010c250>] (show_stack) from [<c047ef5c>] (dump_stack+0xb0/0xe4)
[    0.425698] [<c047ef5c>] (dump_stack) from [<c0137404>] (__warn+0xd4/0x100)
[    0.425711] [<c0137404>] (__warn) from [<c0137464>] (warn_slowpath_fmt+0x34/0x44)
[    0.425722] [<c0137464>] (warn_slowpath_fmt) from [<c0b0e97c>] (_init+0x1d0/0x41c)
[    0.425733] [<c0b0e97c>] (_init) from [<c01218f0>] (omap_hwmod_for_each+0x34/0x60)
[    0.425744] [<c01218f0>] (omap_hwmod_for_each) from [<c0b0ef00>] (__omap_hwmod_setup_all+0x24/0x40)
[    0.425754] [<c0b0ef00>] (__omap_hwmod_setup_all) from [<c010185c>] (do_one_initcall+0x3c/0x174)
[    0.425766] [<c010185c>] (do_one_initcall) from [<c0b00e8c>] (kernel_init_freeable+0x210/0x2e0)
[    0.425778] [<c0b00e8c>] (kernel_init_freeable) from [<c07a8d5c>] (kernel_init+0x8/0x118)
[    0.425790] [<c07a8d5c>] (kernel_init) from [<c01078d0>] (ret_from_fork+0x14/0x24)
[    0.425797] ---[ end trace 0ac530290f800e36 ]---
[    0.551188] cpuidle: using governor menu
[    0.567304] OMAP GPIO hardware version 0.1
[    0.584153] irq: no irq domain found for /ocp/l4@4a000000/scm@2000/pinmux@1400 !
[    0.610550] No ATAGs?
[    0.610602] hw-breakpoint: found 5 (+1 reserved) breakpoint and 4 watchpoint registers.
[    0.610611] hw-breakpoint: maximum watchpoint size is 8 bytes.
[    0.611043] omap4_sram_init:Unable to allocate sram needed to handle errata I688
[    0.611053] omap4_sram_init:Unable to get sram pool needed to handle errata I688
[    0.612308] OMAP DMA hardware revision 0.0
[    0.791285] omap-dma-engine 4a056000.dma-controller: OMAP DMA engine driver
[    0.792789] edma 43300000.edma: memcpy is disabled
[    0.806457] edma 43300000.edma: TI EDMA DMA engine driver
[    0.852239] SCSI subsystem initialized
[    0.853527] omap_i2c 48070000.i2c: could not find pctldev for node /ocp/l4@4a000000/scm@2000/pinmux@1400/i2c1_pins_default, deferring probe
[    0.853594] omap_i2c 48060000.i2c: could not find pctldev for node /ocp/l4@4a000000/scm@2000/pinmux@1400/i2c3_pins_default, deferring probe
[    0.853789] pps_core: LinuxPPS API ver. 1 registered
[    0.853796] pps_core: Software ver. 5.3.6 - Copyright 2005-2007 Rodolfo Giometti <giometti@linux.it>
[    0.853832] PTP clock support registered
[    0.856788] clocksource: Switched to clocksource arch_sys_counter
[    0.987046] VFS: Disk quotas dquot_6.6.0
[    1.017023] VFS: Dquot-cache hash table entries: 1024 (order 0, 4096 bytes)
[    1.186796] NET: Registered protocol family 2
[    1.187959] TCP established hash table entries: 8192 (order: 3, 32768 bytes)
[    1.188092] TCP bind hash table entries: 8192 (order: 6, 294912 bytes)
[    1.190321] TCP: Hash tables configured (established 8192 bind 8192)
[    1.190459] UDP hash table entries: 512 (order: 3, 40960 bytes)
[    1.190763] UDP-Lite hash table entries: 512 (order: 3, 40960 bytes)
[    1.217277] NET: Registered protocol family 1
[    1.246878] RPC: Registered named UNIX socket transport module.
[    1.246887] RPC: Registered udp transport module.
[    1.246895] RPC: Registered tcp transport module.
[    1.246902] RPC: Registered tcp NFSv4.1 backchannel transport module.
[    1.249078] hw perfevents: enabled with armv7_cortex_a15 PMU driver, 7 counters available
[    1.288508] futex hash table entries: 512 (order: 3, 32768 bytes)
[    1.316823] audit: initializing netlink subsys (disabled)
[    1.316954] audit: type=2000 audit(1.309:1): initialized
[    1.319372] workingset: timestamp_bits=12 max_order=19 bucket_order=7
[    1.796864] NFS: Registering the id_resolver key type
[    1.797096] Key type id_resolver registered
[    1.797105] Key type id_legacy registered
[    1.797208] jffs2: version 2.2. (NAND) (SUMMARY)   2001-2006 Red Hat, Inc.
[    1.919758] bounce: pool size: 64 pages
[    1.919808] io scheduler noop registered
[    1.919817] io scheduler deadline registered
[    1.919845] io scheduler cfq registered (default)
[    1.983452] pinctrl-single 4a003400.pinmux: 282 pins at pa fc003400 size 1128
[    1.990161] Serial: 8250/16550 driver, 4 ports, IRQ sharing enabled
[    1.995129] 48020000.serial: ttyO2 at MMIO 0x48020000 (irq = 301, base_baud = 3000000) is a OMAP UART2
[    3.173386] console [ttyO2] enabled
[    3.203586] brd: module loaded
[    3.222898] loop: module loaded
[    3.228427] ahci 4a140000.sata: SSS flag set, parallel bus scan disabled
[    3.235458] ahci 4a140000.sata: AHCI 0001.0300 32 slots 1 ports 3 Gbps 0x1 impl platform mode
[    3.244413] ahci 4a140000.sata: flags: 64bit ncq sntf stag pm led clo only pmp pio slum part ccc apst 
[    3.256958] scsi host0: ahci
[    3.260924] ata1: SATA max UDMA/133 mmio [mem 0x4a140000-0x4a1410ff] port 0x100 irq 331
[    3.270097] mtdoops: mtd device (mtddev=name/number) must be supplied
[    3.326796] davinci_mdio 48485000.mdio: davinci mdio revision 1.6
[    3.333171] davinci_mdio 48485000.mdio: detected phy mask fffffff9
[    3.345967] libphy: 48485000.mdio: probed
[    3.350179] davinci_mdio 48485000.mdio: phy[1]: device 48485000.mdio:01, driver unknown
[    3.358560] davinci_mdio 48485000.mdio: phy[2]: device 48485000.mdio:02, driver unknown
[    3.367896] cpsw 48484000.ethernet: Detected MACID = 74:da:ea:08:38:a8
[    3.376659] cpsw 48484000.ethernet: cpsw: Detected MACID = 74:da:ea:08:38:a9
[    3.387005] mousedev: PS/2 mouse device common for all mice
[    3.392830] i2c /dev entries driver
[    3.398413] omap_hsmmc 4809c000.mmc: Got CD GPIO
[    3.457194] ledtrig-cpu: registered to indicate activity on CPUs
[    3.465432] oprofile: using timer interrupt.
[    3.470247] Initializing XFRM netlink socket
[    3.588646] ata1: SATA link down (SStatus 0 SControl 300)
[    3.616834] NET: Registered protocol family 10
[    3.623530] sit: IPv6 over IPv4 tunneling driver
[    3.630031] NET: Registered protocol family 17
[    3.634719] NET: Registered protocol family 15
[    3.639591] Key type dns_resolver registered
[    3.644195] omap_voltage_late_init: Voltage driver support not added
[    3.650871] sr_dev_init: Unable to get voltage domain pointer for VDD core
[    3.658077] sr_dev_init: Unable to get voltage domain pointer for VDD mpu
[    3.665525] Power Management for TI OMAP4+ devices.
[    3.670954] ThumbEE CPU extension supported.
[    3.675445] Registering SWP/SWPB emulation handler
[    3.680491] SmartReflex Class3 initialized
[    3.711452] palmas 0-0058: Irq flag is 0x00000008
[    3.741252] palmas 0-0058: Muxing GPIO 2f, PWM 0, LED 0
[    3.753934] vtt_fixed: supplied by smps3
[    3.797878] vdd_3v3: supplied by regen1
[    3.802311] aic_dvdd_fixed: supplied by vdd_3v3
[    3.818001] omap_i2c 48070000.i2c: bus 0 rev0.12 at 400 kHz
[    3.825763] omap_i2c 48060000.i2c: bus 2 rev0.12 at 400 kHz
[    3.832263] omap_hsmmc 4809c000.mmc: Got CD GPIO
[    3.917798] hctosys: unable to open rtc device (rtc0)
[    3.923094] sr_init: No PMIC hook to init smartreflex
[    3.928616] sr_init: platform driver register failed for SR
[    3.957537] mmc0: host does not support reading read-only switch, assuming write-enable
[    3.969958] mmc0: new high speed SD card at address aaaa
[    3.976284] net eth0: initializing cpsw version 1.15 (0)
[    3.978033] mmcblk0: mmc0:aaaa SU02G 1.84 GiB 
[    3.980651] mmc1: new high speed MMC card at address 0001
[    3.982015] mmcblk1: mmc1:0001 S10004 3.56 GiB 
[    3.982769] mmcblk1boot0: mmc1:0001 S10004 partition 1 4.00 MiB
[    3.984441] mmcblk1boot1: mmc1:0001 S10004 partition 2 4.00 MiB
[    3.985948]  mmcblk0: p1 p2 p3
[    3.987463]  mmcblk1: p1 p2 p3
[    4.100472] Generic PHY 48485000.mdio:01: attached PHY driver [Generic PHY] (mii_bus:phy_addr=48485000.mdio:01, irq=-1)
[    4.119724] IPv6: ADDRCONF(NETDEV_UP): eth0: link is not ready
[    8.103988] cpsw 48484000.ethernet eth0: Link is Up - 1Gbps/Full - flow control rx/tx
[    8.116829] IPv6: ADDRCONF(NETDEV_CHANGE): eth0: link becomes ready
[    8.136781] Sending DHCP requests ., OK
[    8.186782] IP-Config: Got DHCP answer from 192.168.0.1, my address is 192.168.0.120
[    8.195138] IP-Config: Complete:
[    8.198555]      device=eth0, hwaddr=74:da:ea:08:38:a8, ipaddr=192.168.0.120, mask=255.255.255.0, gw=192.168.0.1
[    8.209245]      host=192.168.0.120, domain=ti.com, nis-domain=(none)
[    8.215997]      bootserver=0.0.0.0, rootserver=0.0.0.0, rootpath=     nameserver0=192.0.2.2, nameserver1=192.0.2.3
[    8.227148] aic_dvdd_fixed: disabling
[    8.231593] ldousb: disabling
[    8.287470] EXT4-fs (mmcblk0p2): mounted filesystem with ordered data mode. Opts: (null)
[    8.296034] VFS: Mounted root (ext4 filesystem) on device 179:2.
[    8.308412] devtmpfs: mounted
[    8.312830] Freeing unused kernel memory: 1024K (c0b00000 - c0c00000)
INIT: version 2.88 booting
Error opening /dev/fb0: No such file or directory
Starting udev
[    8.960918] udevd[125]: starting version 182
[   11.628353] FAT-fs (mmcblk1p2): Volume was not properly unmounted. Some data may be corrupt. Please run fsck.
[   11.642741] FAT-fs (mmcblk0p3): Volume was not properly unmounted. Some data may be corrupt. Please run fsck.
[   11.661257] FAT-fs (mmcblk1p1): Volume was not properly unmounted. Some data may be corrupt. Please run fsck.
[   11.691013] FAT-fs (mmcblk0p1): Volume was not properly unmounted. Some data may be corrupt. Please run fsck.
[   11.694006] EXT4-fs (mmcblk1p3): mounted filesystem without journal. Opts: (null)
[   12.036934] EXT4-fs (mmcblk0p2): re-mounted. Opts: data=ordered
bootlogd: cannot allocate pseudo tty: No such file or directory
[   12.177622] random: dd urandom read with 69 bits of entropy available
ALSA: Restoring mixer settings...
/usr/sbin/alsactl: load_state:1729: No soundcards found...
hwclock: can't open '/dev/misc/rtc': No such file or directory
Sun Mar 20 00:46:42 UTC 2016
hwclock: can't open '/dev/misc/rtc': No such file or directory
INIT: Entering runlevel: 5
Configuring network interfaces... udhcpc (v1.23.1) started
Sending discover...
Sending select for 192.168.0.148...
Lease of 192.168.0.148 obtained, lease time 3600
/etc/udhcpc.d/50default: Adding DNS 192.0.2.2
/etc/udhcpc.d/50default: Adding DNS 192.0.2.3
done.
Starting system message bus: dbus.
Starting telnet daemon.
Starting rpcbind daemon...done.
starting statd: done
hwclock: can't open '/dev/misc/rtc': No such file or directory
Starting syslogd/klogd: done
Starting thttpd.
Enabling thermal zones...
/etc/rc5.d/S98thermal-zone-init: line 7: /sys/class/thermal/thermal_zone*/mode: No such file or directory
 _____                    _____           _         _   
|  _  |___ ___ ___ ___   |  _  |___ ___  |_|___ ___| |_ 
|     |  _| .'| . | . |  |   __|  _| . | | | -_|  _|  _|
|__|__|_| |__,|_  |___|  |__|  |_| |___|_| |___|___|_|  
              |___|                    |___|            
Arago Project http://arago-project.org am57xx-evm /dev/ttyO2
Arago 2015.12 am57xx-evm /dev/ttyO2
am57xx-evm login: 
- 07:05:39 [INFO] Host: root
- 07:05:39 [INFO] Target: 
root
[   15.955140] random: nonblocking pool is initialized
root@am57xx-evm:~# 
- 07:05:39 [INFO] Sleeping 15 secs to allow systemd to finish starting processes...
- 07:05:54 [INFO] Disconnected serial from am57xx-evm
- 07:05:54 [INFO] Connected to am57xx-evm via serial 
- 07:05:54 [INFO] Host: uname -a
- 07:05:54 [INFO] Target: 
uname -a
Linux am57xx-evm 4.7.0-rc7-00002-gdfe9747e487d #1 SMP Mon Jul 11 06:09:34 CDT 2016 armv7l GNU/Linux
root@am57xx-evm:~# 
- 07:05:54 [INFO] Host: cat /proc/cmdline
- 07:05:54 [INFO] Target: 
cat /proc/cmdline
console=ttyO2,115200n8  earlyprintk=serial,ttyO2,115200n8 rootwait  ip=:::::eth0:dhcp  root=PARTUUID=00000000-02 rw rootfstype=ext4 rootwait 
root@am57xx-evm:~# 
- 07:05:54 [INFO] Host: uname -a
- 07:05:54 [INFO] Target: 
uname -a
Linux am57xx-evm 4.7.0-rc7-00002-gdfe9747e487d #1 SMP Mon Jul 11 06:09:34 CDT 2016 armv7l GNU/Linux
root@am57xx-evm:~# 
- 07:05:54 [INFO] Host: cat /proc/mtd
- 07:05:54 [INFO] Target: 
cat /proc/mtd
dev:    size   erasesize  name
root@am57xx-evm:~# 
- 07:05:55 [INFO] Host: export IPERFHOST=192.168.0.1
- 07:05:55 [INFO] Target: 
export IPERFHOST=192.168.0.1
root@am57xx-evm:~# 
- 07:05:55 [INFO] Host: export NFS_SERVER=192.168.0.1
- 07:05:55 [INFO] Target: 
export NFS_SERVER=192.168.0.1
root@am57xx-evm:~# 
- 07:05:55 [INFO] Host: export NFS_ROOT_PATH=/home/tigtfarm03/NFS_exports/am57xx-evm1/
- 07:05:55 [INFO] Target: 
export NFS_ROOT_PATH=/home/tigtfarm03/NFS_exports/am57xx-evm1 
root@am57xx-evm:~# 
- 07:05:55 [INFO] Host: export AP_SSID=
- 07:05:55 [INFO] Target: 
export AP_SSID=
root@am57xx-evm:~# 
- 07:05:55 [INFO] Host: mkdir -p -m 777 /test
- 07:05:55 [INFO] Target: 
mkdir -p -m 777 /test
root@am57xx-evm:~# 
- 07:05:55 [INFO] Host: cd /test
- 07:05:55 [INFO] Target: 
cd /test
root@am57xx-evm:/test# 
- 07:05:55 [INFO] Host: cat > test.sh << EOF
- 07:05:55 [INFO] Target: 
cat > test.sh << EOF
- 07:05:55 [INFO] Host: failtest() {
- 07:05:55 [INFO] Target: 
failtest() {
- 07:05:55 [INFO] Host:   echo 1 >&3
- 07:05:56 [INFO] Target: 
  echo 1 >&3
- 07:05:56 [INFO] Host: }
- 07:05:56 [INFO] Target: 
- 07:05:56 [INFO] Host: timeout=600
- 07:05:56 [INFO] Target: 
timeout=600
- 07:05:56 [INFO] Host: 
- 07:05:56 [INFO] Target: 
- 07:05:56 [INFO] Host: # Start of user's script logic
- 07:05:56 [INFO] Target: 
# Start of user's script logic
- 07:05:56 [INFO] Host: mount -t proc proc /proc 2>/dev/null;
- 07:05:56 [INFO] Target: 
mount -t proc proc /proc 2>/dev/null;
- 07:05:56 [INFO] Host: 
- 07:05:56 [INFO] Target: 
- 07:05:56 [INFO] Host: mount -t sysfs sys /sys 2>/dev/null;
- 07:05:56 [INFO] Target: 
mount -t sysfs sys /sys 2>/dev/null;
- 07:05:56 [INFO] Host: 
- 07:05:56 [INFO] Target: 
- 07:05:56 [INFO] Host: mount -t debugfs none /sys/kernel/debug 2>/dev/null;
- 07:05:56 [INFO] Target: 
mount -t debugfs none /sys/kernel/debug 2>/dev/null;
- 07:05:56 [INFO] Host: 
- 07:05:57 [INFO] Target: 
- 07:05:57 [INFO] Host: echo 'cpuinfo:';cat /proc/cpuinfo; echo '=======';
- 07:05:57 [INFO] Target: 
echo 'cpuinfo:';cat /proc/cpuinfo; echo '=======';
- 07:05:57 [INFO] Host: 
- 07:05:57 [INFO] Target: 
- 07:05:57 [INFO] Host: echo 'soc info:';head /sys/devices/soc0/* 2>/dev/null; echo '=======';
- 07:05:57 [INFO] Target: 
echo 'soc info:';head /sys/devices/soc0/* 2>/dev/null; echo '=======';
- 07:05:57 [INFO] Host: 
- 07:05:57 [INFO] Target: 
- 07:05:57 [INFO] Host: echo 'DT Model info'; head /proc/device-tree/name /proc/device-tree/model /proc/device-tree/compatible 2>/dev/null;echo; echo '=======';
- 07:05:57 [INFO] Target: 
echo 'DT Model info'; head /proc/device-tree/name /proc/device-tree/model /pro 
c/device-tree/compatible 2>/dev/null;echo; echo '=======';
- 07:05:57 [INFO] Host: 
- 07:05:57 [INFO] Target: 
- 07:05:57 [INFO] Host: echo 'interrupts:';cat /proc/interrupts; echo '=======';
- 07:05:57 [INFO] Target: 
echo 'interrupts:';cat /proc/interrupts; echo '=======';
- 07:05:57 [INFO] Host: 
- 07:05:57 [INFO] Target: 
- 07:05:57 [INFO] Host: echo 'Clk_summary:';cat /sys/kernel/debug/clk/clk_summary; echo '=======';
- 07:05:57 [INFO] Target: 
echo 'Clk_summary:';cat /sys/kernel/debug/clk/clk_summary; echo '=======';
- 07:05:57 [INFO] Host: 
- 07:05:58 [INFO] Target: 
- 07:05:58 [INFO] Host: echo "Available frequencies"; cat /sys/devices/system/cpu/cpu0/cpufreq/scaling_available_frequencies 2>/dev/null;echo '=======';
- 07:05:58 [INFO] Target: 
echo "Available frequencies"; cat /sys/devices/system/cpu/cpu0/cpufreq/scaling 
_available_frequencies 2>/dev/null;echo '=======';
- 07:05:58 [INFO] Host: 
- 07:05:58 [INFO] Target: 
- 07:05:58 [INFO] Host: TMPF=/tmp/a.\$\$; TMPF2=/tmp/b.\$\$; STR=""
- 07:05:58 [INFO] Target: 
TMPF=/tmp/a.\$\$; TMPF2=/tmp/b.\$\$; STR=""
- 07:05:58 [INFO] Host: 
- 07:05:58 [INFO] Target: 
- 07:05:58 [INFO] Host: cp /dev/kmsg \$TMPF &
- 07:05:58 [INFO] Target: 
cp /dev/kmsg \$TMPF &
- 07:05:58 [INFO] Host: 
- 07:05:58 [INFO] Target: 
- 07:05:58 [INFO] Host: PID=\$! ; sleep 5; kill -9 \$PID
- 07:05:58 [INFO] Target: 
PID=\$! ; sleep 5; kill -9 \$PID
- 07:05:58 [INFO] Host: 
- 07:05:58 [INFO] Target: 
- 07:05:58 [INFO] Host: 
- 07:05:58 [INFO] Target: 
- 07:05:58 [INFO] Host: 
- 07:05:59 [INFO] Target: 
- 07:05:59 [INFO] Host: cat \$TMPF|grep "^0">\$TMPF2; N=\`cat \$TMPF2|wc -l\`; if [ "\$N" -ne 0 ]; then STR="\$STR emerg=\$N";echo "===== EMERGE++";cat \$TMPF2|cut -d ';' -f2;echo "====="; fi
- 07:05:59 [INFO] Target: 
cat \$TMPF|grep "^0">\$TMPF2; N=\`cat \$TMPF2|wc -l\`; if [ "\$N" -ne 0 ]; the 
n STR="\$STR emerg=\$N";echo "===== EMERGE++";cat \$TMPF2|cut -d ';' -f2;echo "= 
===="; fi
- 07:05:59 [INFO] Host: 
- 07:05:59 [INFO] Target: 
- 07:05:59 [INFO] Host: cat \$TMPF|grep "^1">\$TMPF2; N=\`cat \$TMPF2|wc -l\`; if [ "\$N" -ne 0 ]; then STR="\$STR alert=\$N";echo "===== ALERT ==";cat \$TMPF2|cut -d ';' -f2;echo "====="; fi
- 07:05:59 [INFO] Target: 
cat \$TMPF|grep "^1">\$TMPF2; N=\`cat \$TMPF2|wc -l\`; if [ "\$N" -ne 0 ]; the 
n STR="\$STR alert=\$N";echo "===== ALERT ==";cat \$TMPF2|cut -d ';' -f2;echo "= 
===="; fi
- 07:05:59 [INFO] Host: 
- 07:05:59 [INFO] Target: 
- 07:05:59 [INFO] Host: cat \$TMPF|grep "^2">\$TMPF2; N=\`cat \$TMPF2|wc -l\`; if [ "\$N" -ne 0 ]; then STR="\$STR crit=\$N";echo "===== CRIT ==";cat \$TMPF2|cut -d ';' -f2;echo "====="; fi
- 07:05:59 [INFO] Target: 
cat \$TMPF|grep "^2">\$TMPF2; N=\`cat \$TMPF2|wc -l\`; if [ "\$N" -ne 0 ]; the 
n STR="\$STR crit=\$N";echo "===== CRIT ==";cat \$TMPF2|cut -d ';' -f2;echo "=== 
=="; fi
- 07:05:59 [INFO] Host: 
- 07:05:59 [INFO] Target: 
- 07:05:59 [INFO] Host: cat \$TMPF|grep "^3">\$TMPF2; N=\`cat \$TMPF2|wc -l\`; if [ "\$N" -ne 0 ]; then STR="\$STR err=\$N";echo "===== ERR ==";cat \$TMPF2|cut -d ';' -f2;echo "=====" ;fi
- 07:05:59 [INFO] Target: 
cat \$TMPF|grep "^3">\$TMPF2; N=\`cat \$TMPF2|wc -l\`; if [ "\$N" -ne 0 ]; the 
n STR="\$STR err=\$N";echo "===== ERR ==";cat \$TMPF2|cut -d ';' -f2;echo "===== 
" ;fi
- 07:05:59 [INFO] Host: 
- 07:05:59 [INFO] Target: 
- 07:05:59 [INFO] Host: cat \$TMPF|grep "^4">\$TMPF2; N=\`cat \$TMPF2|wc -l\`; if [ "\$N" -ne 0 ]; then STR="\$STR warn=\$N";echo "===== WARN ==";cat \$TMPF2|cut -d ';' -f2;echo "=====" ;fi
- 07:05:59 [INFO] Target: 
cat \$TMPF|grep "^4">\$TMPF2; N=\`cat \$TMPF2|wc -l\`; if [ "\$N" -ne 0 ]; the 
n STR="\$STR warn=\$N";echo "===== WARN ==";cat \$TMPF2|cut -d ';' -f2;echo "=== 
==" ;fi
- 07:05:59 [INFO] Host: 
- 07:06:00 [INFO] Target: 
- 07:06:00 [INFO] Host: rm \$TMPF \$TMPF2; echo "SUM""MARY RESULT: BOOT:" 'PASS: H''ello World' 'B''oard' "Booted" "Boot Log has::::\$STR:"
- 07:06:00 [INFO] Target: 
rm \$TMPF \$TMPF2; echo "SUM""MARY RESULT: BOOT:" 'PASS: H''ello World' 'B''oa 
rd' "Booted" "Boot Log has::::\$STR:"
- 07:06:00 [INFO] Host: 
- 07:06:00 [INFO] Target: 
- 07:06:00 [INFO] Host: EOF
- 07:06:00 [INFO] Target: 
root@am57xx-evm:/test# 
- 07:06:00 [INFO] Host: cd /test
- 07:06:00 [INFO] Target: 
cd /test
root@am57xx-evm:/test# 
- 07:06:00 [INFO] Host: chmod +x test.sh
- 07:06:00 [INFO] Target: 
chmod +x test.sh
root@am57xx-evm:/test# 
- 07:06:00 [INFO] Host: ./test.sh 2> stderr.log > stdout.log 3> result.log
- 07:06:05 [INFO] Target: 
./test.sh 2> stderr.log > stdout.log 3> result.log
root@am57xx-evm:/test# 
- 07:06:05 [INFO] Host: echo $?
- 07:06:06 [INFO] Target: 
echo $?
root@am57xx-evm:/test# 
- 07:06:06 [INFO] Host: cd /test
- 07:06:06 [INFO] Target: 
cd /test
root@am57xx-evm:/test# 
- 07:06:06 [INFO] Host: cat stdout.log
- 07:06:08 [INFO] Target: 
cat stdout.log
cpuinfo:
processor	: 0
model name	: ARMv7 Processor rev 2 (v7l)
BogoMIPS	: 12.29
Features	: half thumb fastmult vfp edsp thumbee neon vfpv3 tls vfpv4 idiva idivt vfpd32 lpae evtstrm 
CPU implementer	: 0x41
CPU architecture: 7
CPU variant	: 0x2
CPU part	: 0xc0f
CPU revision	: 2
processor	: 1
model name	: ARMv7 Processor rev 2 (v7l)
BogoMIPS	: 12.29
Features	: half thumb fastmult vfp edsp thumbee neon vfpv3 tls vfpv4 idiva idivt vfpd32 lpae evtstrm 
CPU implementer	: 0x41
CPU architecture: 7
CPU variant	: 0x2
CPU part	: 0xc0f
CPU revision	: 2
Hardware	: Generic DRA74X (Flattened Device Tree)
Revision	: 0000
Serial		: 0000000000000000
=======
soc info:
==> /sys/devices/soc0/family <==
DRA7
==> /sys/devices/soc0/machine <==
DRA752
==> /sys/devices/soc0/power <==
==> /sys/devices/soc0/revision <==
ES1.1
==> /sys/devices/soc0/subsystem <==
==> /sys/devices/soc0/type <==
==> /sys/devices/soc0/uevent <==
=======
DT Model info
==> /proc/device-tree/name <==
==> /proc/device-tree/model <==
TI AM5728 BeagleBoard-X15
==> /proc/device-tree/compatible <==
ti,am572x-beagle-x15ti,am5728ti,dra742ti,dra74ti,dra7
=======
interrupts:
           CPU0       CPU1       
 17:          0          0      CBAR  32 Level     gp_timer
 20:       1060       1386     GIC-0  27 Edge      arch_timer
 22:          0          0      CBAR   4 Level     l3-dbg-irq
 23:          0          0     WUGEN  10 Level     l3-app-irq
 29:       3006          0      CBAR   8 Level     omap-dma-engine
 32:          0          0      CBAR 361 Level     43300000.edma_ccint
 34:          0          0      CBAR 359 Level     43300000.edma_ccerrint
 37:          1          0      CBAR  24 Level     4ae10000.gpio
 38:          1          0  4ae10000.gpio   0 Level     palmas
 70:          0          0      CBAR  25 Level     48055000.gpio
103:          0          0      CBAR  26 Level     48057000.gpio
136:          0          0      CBAR  27 Level     48059000.gpio
169:          0          0      CBAR  28 Level     4805b000.gpio
202:          0          0      CBAR  29 Level     4805d000.gpio
230:          0          0  4805d000.gpio  27 Edge      4809c000.mmc cd
235:          0          0      CBAR  30 Level     48051000.gpio
268:          0          0      CBAR 116 Level     48053000.gpio
301:       6363          0      CBAR  69 Level     OMAP UART2
327:        396          0      CBAR  51 Level     48070000.i2c
328:          0          0      CBAR  56 Level     48060000.i2c
329:       3793          0      CBAR  78 Level     mmc0
330:       1052          0      CBAR  81 Level     mmc1
331:          0          0      CBAR  49 Level     ahci[4a140000.sata]
338:         16          0      CBAR 335 Level     48484000.ethernet
339:         15          0      CBAR 336 Level     48484000.ethernet
409:          0          0   pinctrl 1016 Edge      48020000.serial
IPI0:          0          1  CPU wakeup interrupts
IPI1:          0          0  Timer broadcast interrupts
IPI2:       1347       5136  Rescheduling interrupts
IPI3:         67        446  Function call interrupts
IPI4:          0          0  CPU stop interrupts
IPI5:          0          0  IRQ work interrupts
IPI6:          0          0  completion interrupts
Err:          0
=======
Clk_summary:
   clock                         enable_cnt  prepare_cnt        rate   accuracy   phase
----------------------------------------------------------------------------------------
 dummy_ck                                 0            0           0          0 0  
 video2_m2_clkin_ck                       0            0           0          0 0  
    video2_dclk_div                       0            0           0          0 0  
 video2_clkin_ck                          0            0           0          0 0  
    video2_div_clk                        0            0           0          0 0  
    video2_clk2_div                       0            0           0          0 0  
 video1_m2_clkin_ck                       0            0           0          0 0  
    video1_dclk_div                       0            0           0          0 0  
 video1_clkin_ck                          0            0           0          0 0  
    video1_div_clk                        0            0           0          0 0  
    video1_clk2_div                       0            0           0          0 0  
 usb_otg_clkin_ck                         0            0           0          0 0  
    usb_otg_dclk_div                      0            0           0          0 0  
 sys_clkin2                               0            0    22579200          0 0  
    sys_clk2_dclk_div                     0            0    22579200          0 0  
 virt_38400000_ck                         0            0    38400000          0 0  
 virt_27000000_ck                         0            0    27000000          0 0  
 virt_26000000_ck                         0            0    26000000          0 0  
 virt_20000000_ck                         1            1    20000000          0 0  
    sys_clkin1                            7           15    20000000          0 0  
       wkupaon_iclk_mux                  11           13    20000000          0 0  
          l3instr_ts_gclk_div             0            0      625000          0 0  
       dpll_usb_ck                        0            1   960000000          0 0  
          dpll_usb_clkdcoldo              0            1   960000000          0 0  
             l3init_960m_gfclk            0            2   960000000          0 0  
                usb_otg_ss2_refclk960m           0            1   960000000          0 0  
                usb_otg_ss1_refclk960m           0            1   960000000          0 0  
          dpll_usb_m2_ck                  0            0   480000000          0 0  
             l3init_480m_dclk_div           0            0   480000000          0 0  
             l3init_60m_fclk              0            0    60000000          0 0  
       dpll_usb_byp_mux                   0            0    20000000          0 0  
       dpll_per_ck                        1            1   384000000          0 0  
          dpll_per_x2_ck                  1            3   768000000          0 0  
             dpll_per_m2x2_ck             1            5   192000000          0 0  
                mmc2_fclk_mux             0            1   192000000          0 0  
                   mmc2_fclk_div           0            1   192000000          0 0  
                mmc1_fclk_mux             0            1   192000000          0 0  
                   mmc1_fclk_div           0            1   192000000          0 0  
                func_96m_fclk             0            5    96000000          0 0  
                func_48m_fclk             2           18    48000000          0 0  
                   uart6_gfclk_mux           0            1    48000000          0 0  
                   uart10_gfclk_mux           0            1    48000000          0 0  
                   uart9_gfclk_mux           0            1    48000000          0 0  
                   uart8_gfclk_mux           0            1    48000000          0 0  
                   uart7_gfclk_mux           0            1    48000000          0 0  
                   uart5_gfclk_mux           0            1    48000000          0 0  
                   uart4_gfclk_mux           0            1    48000000          0 0  
                   uart3_gfclk_mux           1            1    48000000          0 0  
                   uart2_gfclk_mux           0            1    48000000          0 0  
                   uart1_gfclk_mux           0            1    48000000          0 0  
                   mmc4_gfclk_mux           0            1    48000000          0 0  
                      mmc4_gfclk_div           0            1    48000000          0 0  
                   mmc3_gfclk_mux           0            1    48000000          0 0  
                      mmc3_gfclk_div           0            1    48000000          0 0  
                   dss_48mhz_clk           0            2    48000000          0 0  
                func_12m_fclk             0            1    12000000          0 0  
             dpll_per_h14x2_ck            0            0   384000000          0 0  
             dpll_per_h13x2_ck            0            0   192000000          0 0  
             dpll_per_h12x2_ck            0            1   192000000          0 0  
                dss_dss_clk               0            3   192000000          0 0  
             dpll_per_h11x2_ck            0            1   256000000          0 0  
                func_128m_clk             0            1   128000000          0 0  
                   qspi_gfclk_mux           0            1   128000000          0 0  
                      qspi_gfclk_div           0            1   128000000          0 0  
          dpll_per_m2_ck                  0            0    96000000          0 0  
             func_24m_clk                 0            0    24000000          0 0  
             func_96m_aon_dclk_div           0            0    96000000          0 0  
       dpll_per_byp_mux                   0            0    20000000          0 0  
       dpll_eve_byp_mux                   0            0    20000000          0 0  
          dpll_eve_ck                     0            0    20000000          0 0  
             dpll_eve_m2_ck               0            0    20000000          0 0  
                eve_clk                   0            0    20000000          0 0  
                eve_dclk_div              0            0    20000000          0 0  
       dpll_gmac_ck                       4            4  1000000000          0 0  
          dpll_gmac_x2_ck                 0            0  2000000000          0 0  
             dpll_gmac_m3x2_ck            0            0   200000000          0 0  
             dpll_gmac_h13x2_ck           0            0   200000000          0 0  
             dpll_gmac_h12x2_ck           0            0   250000000          0 0  
             dpll_gmac_h11x2_ck           0            0    50000000          0 0  
                gmii_m_clk_div            0            0    25000000          0 0  
          dpll_gmac_m2_ck                 1            1   250000000          0 0  
             gmac_250m_dclk_div           0            0   250000000          0 0  
             gmac_gmii_ref_clk_div           1            1   125000000          0 0  
       dpll_gmac_byp_mux                  0            0    20000000          0 0  
       dpll_ddr_ck                        0            0  1064000000          0 0  
          dpll_ddr_x2_ck                  0            0  2128000000          0 0  
             dpll_ddr_h11x2_ck            0            0   266000000          0 0  
          dpll_ddr_m2_ck                  0            0   532000000          0 0  
             emif_phy_dclk_div            0            0   532000000          0 0  
       dpll_ddr_byp_mux                   0            0    20000000          0 0  
       dpll_gpu_byp_mux                   0            0    20000000          0 0  
          dpll_gpu_ck                     0            0    20000000          0 0  
             dpll_gpu_m2_ck               0            0    20000000          0 0  
                gpu_dclk                  0            0    20000000          0 0  
       dpll_iva_ck                        0            0  1064000000          0 0  
          dpll_iva_m2_ck                  0            0   532000000          0 0  
             iva_dclk                     0            0   532000000          0 0  
       dpll_iva_byp_mux                   0            0    20000000          0 0  
       dpll_dsp_ck                        0            0   750000000          0 0  
          dpll_dsp_x2_ck                  0            0  1500000000          0 0  
             dpll_dsp_m3x2_ck             0            0   500000000          0 0  
          dpll_dsp_m2_ck                  0            0   750000000          0 0  
             dsp_gclk_div                 0            0   750000000          0 0  
       dpll_dsp_byp_mux                   0            0    20000000          0 0  
       dpll_mpu_ck                        1            1  1000000000          0 0  
          dpll_mpu_m2_ck                  1            1  1000000000          0 0  
             mpu_dclk_div                 0            0  1000000000          0 0  
       dpll_core_ck                       1            1  1064000000          0 0  
          dpll_core_m2_ck                 0            0   532000000          0 0  
             core_dpll_out_dclk_div           0            0   532000000          0 0  
          dpll_core_x2_ck                 2            3  2128000000          0 0  
             dpll_core_h24x2_ck           0            1   354666667          0 0  
             dpll_core_h23x2_ck           0            0   532000000          0 0  
             dpll_core_h22x2_ck           0            0   425600000          0 0  
             dpll_core_h14x2_ck           0            0   425600000          0 0  
                gpu_hyd_gclk_mux           0            0   425600000          0 0  
                gpu_core_gclk_mux           0            0   425600000          0 0  
             dpll_core_h13x2_ck           4            8    34322581          0 0  
             dpll_core_h12x2_ck           1            1   532000000          0 0  
                l3_iclk_div              99          111   266000000          0 0  
                   dss_deshdcp_clk           1            2   266000000          0 0  
                   vip3_gclk_mux           0            0   266000000          0 0  
                   vip2_gclk_mux           0            0   266000000          0 0  
                   vip1_gclk_mux           0            0   266000000          0 0  
                   gmac_rft_clk_mux           0            0   266000000          0 0  
                   atl_gfclk_mux           0            1   266000000          0 0  
                      atl_clkin3_ck           0            0   266000000          0 0  
                      atl_clkin2_ck           0            0   266000000          0 0  
                      atl_clkin1_ck           0            0   266000000          0 0  
                      atl_clkin0_ck           0            0   266000000          0 0  
                   l4_root_clk_div          16           19   133000000          0 0  
                      ehrpwm2_tbclk           0            0   133000000          0 0  
                      ehrpwm1_tbclk           0            0   133000000          0 0  
                      ehrpwm0_tbclk           0            0   133000000          0 0  
                eve_dpll_hs_clk_div           0            0   532000000          0 0  
                iva_dpll_hs_clk_div           0            0   532000000          0 0  
                dsp_dpll_hs_clk_div           0            0   532000000          0 0  
                mpu_dpll_hs_clk_div           0            0   532000000          0 0  
       dpll_core_byp_mux                  0            0    20000000          0 0  
       adc_gfclk_mux                      0            0    20000000          0 0  
       sata_ref_clk                       3            3    20000000          0 0  
       dpll_pcie_ref_ck                   0            0  1500000000          0 0  
          dpll_pcie_ref_m2_ck             0            0  1500000000          0 0  
             pcie2_dclk_div               0            0  1500000000          0 0  
          dpll_pcie_ref_m2ldo_ck           0            0   100000000          0 0  
             apll_pcie_in_clk_mux           0            0   100000000          0 0  
                apll_pcie_ck              0            0   100000000          0 0  
                   apll_pcie_m2_ck           0            0   100000000          0 0  
                      pcie_dclk_div           0            0   100000000          0 0  
                   apll_pcie_clkvcoldo_div           0            0   100000000          0 0  
                   apll_pcie_clkvcoldo           0            0   100000000          0 0  
                   optfclk_pciephy2_clk           0            0   100000000          0 0  
                   optfclk_pciephy1_clk           0            0   100000000          0 0  
                   optfclk_pciephy_div           0            0   100000000          0 0  
                      optfclk_pciephy2_div_clk           0            0   100000000          0 0  
                      optfclk_pciephy1_div_clk           0            0   100000000          0 0  
       sys_clk32_pseudo_ck                1            1       32786          0 0  
          sys_32k_ck                      1           16       32786          0 0  
             timer1_gfclk_mux             1            1       32786          0 0  
             gpio1_dbclk                  0            2       32786          0 0  
             atl_dpll_clk_mux             0            0       32786          0 0  
             usb_phy3_always_on_clk32k           0            0       32786          0 0  
             usb_phy2_always_on_clk32k           0            0       32786          0 0  
             usb_phy1_always_on_clk32k           0            0       32786          0 0  
             mmc4_clk32k                  0            1       32786          0 0  
             mmc3_clk32k                  0            1       32786          0 0  
             mmc2_clk32k                  0            1       32786          0 0  
             mmc1_clk32k                  0            1       32786          0 0  
             gpio8_dbclk                  0            2       32786          0 0  
             gpio7_dbclk                  0            2       32786          0 0  
             gpio6_dbclk                  0            2       32786          0 0  
             gpio5_dbclk                  0            2       32786          0 0  
             gpio4_dbclk                  0            2       32786          0 0  
             gpio3_dbclk                  0            2       32786          0 0  
             gpio2_dbclk                  0            2       32786          0 0  
             dss_32khz_clk                0            1       32786          0 0  
             optfclk_pciephy2_32khz           0            0       32786          0 0  
             optfclk_pciephy1_32khz           0            0       32786          0 0  
       dcan1_sys_clk_mux                  0            1    20000000          0 0  
       video2_dpll_clk_mux                0            1    20000000          0 0  
          dss_video2_clk                  0            1    20000000          0 0  
       video1_dpll_clk_mux                0            1    20000000          0 0  
          dss_video1_clk                  0            1    20000000          0 0  
       timer_sys_clk_div                  0           14    20000000          0 0  
          timer9_gfclk_mux                0            1    20000000          0 0  
          timer4_gfclk_mux                0            1    20000000          0 0  
          timer3_gfclk_mux                0            1    20000000          0 0  
          timer2_gfclk_mux                0            1    20000000          0 0  
          timer16_gfclk_mux               0            1    20000000          0 0  
          timer15_gfclk_mux               0            1    20000000          0 0  
          timer14_gfclk_mux               0            1    20000000          0 0  
          timer13_gfclk_mux               0            1    20000000          0 0  
          timer11_gfclk_mux               0            1    20000000          0 0  
          timer10_gfclk_mux               0            1    20000000          0 0  
          timer8_gfclk_mux                0            1    20000000          0 0  
          timer7_gfclk_mux                0            1    20000000          0 0  
          timer6_gfclk_mux                0            1    20000000          0 0  
          timer5_gfclk_mux                0            1    20000000          0 0  
       hdmi_dpll_clk_mux                  0            1    20000000          0 0  
          dss_hdmi_clk                    0            2    20000000          0 0  
       custefuse_sys_gfclk_div            0            0    10000000          0 0  
       emu_dclk_div                       0            0    20000000          0 0  
       sata_dclk_div                      0            0    20000000          0 0  
       sys_clk1_dclk_div                  0            0    20000000          0 0  
          clkoutmux2_clk_mux              0            0    20000000          0 0  
             clkout2_clk                  0            0    20000000          0 0  
          clkoutmux1_clk_mux              0            0    20000000          0 0  
          clkoutmux0_clk_mux              0            0    20000000          0 0  
       abe_sys_clk_div                    0            0    20000000          0 0  
       abe_dpll_sys_clk_mux               0            1    20000000          0 0  
          abe_dpll_clk_mux                0            0    20000000          0 0  
          abe_dpll_bypass_clk_mux           0            1    20000000          0 0  
             dpll_abe_ck                  0            2    20000000          0 0  
                dpll_abe_m2_ck            0            1    20000000          0 0  
                   per_abe_x1_gfclk2_div           0            8    20000000          0 0  
                      mcasp8_aux_gfclk_mux           0            1    20000000          0 0  
                      mcasp7_aux_gfclk_mux           0            1    20000000          0 0  
                      mcasp6_aux_gfclk_mux           0            1    20000000          0 0  
                      mcasp5_aux_gfclk_mux           0            1    20000000          0 0  
                      mcasp4_aux_gfclk_mux           0            1    20000000          0 0  
                      mcasp3_aux_gfclk_mux           0            1    20000000          0 0  
                      mcasp2_aux_gfclk_mux           0            1    20000000          0 0  
                      mcasp1_aux_gfclk_mux           0            1    20000000          0 0  
                   per_abe_x1_dclk_div           0            0    20000000          0 0  
                dpll_abe_x2_ck            0            1    20000000          0 0  
                   dpll_abe_m3x2_ck           0            0    20000000          0 0  
                      usb_dpll_hs_clk_div           0            0     6666666          0 0  
                      per_dpll_hs_clk_div           0            0    10000000          0 0  
                   dpll_abe_m2x2_ck           0            1    20000000          0 0  
                      abe_lp_clk_div           0            0     1250000          0 0  
                      abe_24m_fclk           0           10     2500000          0 0  
                         mcasp8_ahclkx_mux           0            1     2500000          0 0  
                         mcasp7_ahclkx_mux           0            1     2500000          0 0  
                         mcasp6_ahclkx_mux           0            1     2500000          0 0  
                         mcasp5_ahclkx_mux           0            1     2500000          0 0  
                         mcasp4_ahclkx_mux           0            1     2500000          0 0  
                         mcasp3_ahclkx_mux           0            1     2500000          0 0  
                         mcasp2_ahclkx_mux           0            1     2500000          0 0  
                         mcasp2_ahclkr_mux           0            1     2500000          0 0  
                         mcasp1_ahclkx_mux           0            1     2500000          0 0  
                         mcasp1_ahclkr_mux           0            1     2500000          0 0  
                      ipu1_gfclk_mux           0            0    20000000          0 0  
                      abe_clk             0            0    20000000          0 0  
                         aess_fclk           0            0    20000000          0 0  
                            abe_giclk_div           0            0    20000000          0 0  
 virt_19200000_ck                         0            0    19200000          0 0  
 virt_16800000_ck                         0            0    16800000          0 0  
 virt_13000000_ck                         0            0    13000000          0 0  
 virt_12000000_ck                         0            0    12000000          0 0  
 sys_clk32_crystal_ck                     0            0       32768          0 0  
 secure_32k_clk_src_ck                    0            1       32768          0 0  
    secure_32k_dclk_div                   0            0       32768          0 0  
 sdvenc_clkin_ck                          0            0           0          0 0  
 rmii_clk_ck                              0            0           0          0 0  
 ref_clkin3_ck                            0            0           0          0 0  
 ref_clkin2_ck                            0            0           0          0 0  
 ref_clkin1_ck                            0            0           0          0 0  
 ref_clkin0_ck                            0            0           0          0 0  
 pciesref_acs_clk_ck                      0            0   100000000          0 0  
 mlbp_clkin_ck                            0            0           0          0 0  
    mlbp_clk                              0            0           0          0 0  
 mlb_clkin_ck                             0            0           0          0 0  
    mlb_clk                               0            0           0          0 0  
 hdmi_clkin_ck                            0            0           0          0 0  
    hdmi_div_clk                          0            0           0          0 0  
    hdmi_clk2_div                         0            0           0          0 0  
    hdmi_dclk_div                         0            0           0          0 0  
=======
Available frequencies
=======
===== ERR ==
/cpus/cpu@0 missing clock-frequency property
/cpus/cpu@1 missing clock-frequency property
omap_hwmod: epwmss0: no dt node
omap_hwmod: epwmss1: no dt node
omap_hwmod: epwmss2: no dt node
mtdoops: mtd device (mtddev=name/number) must be supplied
omap_voltage_late_init: Voltage driver support not added
sr_dev_init: Unable to get voltage domain pointer for VDD core
sr_dev_init: Unable to get voltage domain pointer for VDD mpu
sr_init: platform driver register failed for SR
udevd[125]: starting version 182
=====
===== WARN ==
Lock dependency validator: Copyright (c) 2006 Red Hat, Inc., Ingo Molnar
... MAX_LOCKDEP_SUBCLASSES:  8
... MAX_LOCK_DEPTH:          48
... MAX_LOCKDEP_KEYS:        8191
... CLASSHASH_SIZE:          4096
... MAX_LOCKDEP_ENTRIES:     32768
... MAX_LOCKDEP_CHAINS:      65536
... CHAINHASH_SIZE:          32768
 memory used by lock dependency info: 5167 kB
 per task-struct memory footprint: 1536 bytes
omap_hwmod: l3_main_2 using broken dt data from ocp
------------[ cut here ]------------
WARNING: CPU: 0 PID: 1 at arch/arm/mach-omap2/omap_hwmod.c:2497 _init+0x1d0/0x41c
omap_hwmod: epwmss0: doesn't have mpu register target base
Modules linked in:
CPU: 0 PID: 1 Comm: swapper/0 Not tainted 4.7.0-rc7-00002-gdfe9747e487d #1
Hardware name: Generic DRA74X (Flattened Device Tree)
[<c011005c>] (unwind_backtrace) from [<c010c250>] (show_stack+0x10/0x14)
[<c010c250>] (show_stack) from [<c047ef5c>] (dump_stack+0xb0/0xe4)
[<c047ef5c>] (dump_stack) from [<c0137404>] (__warn+0xd4/0x100)
[<c0137404>] (__warn) from [<c0137464>] (warn_slowpath_fmt+0x34/0x44)
[<c0137464>] (warn_slowpath_fmt) from [<c0b0e97c>] (_init+0x1d0/0x41c)
[<c0b0e97c>] (_init) from [<c01218f0>] (omap_hwmod_for_each+0x34/0x60)
[<c01218f0>] (omap_hwmod_for_each) from [<c0b0ef00>] (__omap_hwmod_setup_all+0x24/0x40)
[<c0b0ef00>] (__omap_hwmod_setup_all) from [<c010185c>] (do_one_initcall+0x3c/0x174)
[<c010185c>] (do_one_initcall) from [<c0b00e8c>] (kernel_init_freeable+0x210/0x2e0)
[<c0b00e8c>] (kernel_init_freeable) from [<c07a8d5c>] (kernel_init+0x8/0x118)
[<c07a8d5c>] (kernel_init) from [<c01078d0>] (ret_from_fork+0x14/0x24)
---[ end trace 0ac530290f800e34 ]---
------------[ cut here ]------------
WARNING: CPU: 0 PID: 1 at arch/arm/mach-omap2/omap_hwmod.c:2497 _init+0x1d0/0x41c
omap_hwmod: epwmss1: doesn't have mpu register target base
Modules linked in:
CPU: 0 PID: 1 Comm: swapper/0 Tainted: G        W       4.7.0-rc7-00002-gdfe9747e487d #1
Hardware name: Generic DRA74X (Flattened Device Tree)
[<c011005c>] (unwind_backtrace) from [<c010c250>] (show_stack+0x10/0x14)
[<c010c250>] (show_stack) from [<c047ef5c>] (dump_stack+0xb0/0xe4)
[<c047ef5c>] (dump_stack) from [<c0137404>] (__warn+0xd4/0x100)
[<c0137404>] (__warn) from [<c0137464>] (warn_slowpath_fmt+0x34/0x44)
[<c0137464>] (warn_slowpath_fmt) from [<c0b0e97c>] (_init+0x1d0/0x41c)
[<c0b0e97c>] (_init) from [<c01218f0>] (omap_hwmod_for_each+0x34/0x60)
[<c01218f0>] (omap_hwmod_for_each) from [<c0b0ef00>] (__omap_hwmod_setup_all+0x24/0x40)
[<c0b0ef00>] (__omap_hwmod_setup_all) from [<c010185c>] (do_one_initcall+0x3c/0x174)
[<c010185c>] (do_one_initcall) from [<c0b00e8c>] (kernel_init_freeable+0x210/0x2e0)
[<c0b00e8c>] (kernel_init_freeable) from [<c07a8d5c>] (kernel_init+0x8/0x118)
[<c07a8d5c>] (kernel_init) from [<c01078d0>] (ret_from_fork+0x14/0x24)
---[ end trace 0ac530290f800e35 ]---
------------[ cut here ]------------
WARNING: CPU: 0 PID: 1 at arch/arm/mach-omap2/omap_hwmod.c:2497 _init+0x1d0/0x41c
omap_hwmod: epwmss2: doesn't have mpu register target base
Modules linked in:
CPU: 0 PID: 1 Comm: swapper/0 Tainted: G        W       4.7.0-rc7-00002-gdfe9747e487d #1
Hardware name: Generic DRA74X (Flattened Device Tree)
[<c011005c>] (unwind_backtrace) from [<c010c250>] (show_stack+0x10/0x14)
[<c010c250>] (show_stack) from [<c047ef5c>] (dump_stack+0xb0/0xe4)
[<c047ef5c>] (dump_stack) from [<c0137404>] (__warn+0xd4/0x100)
[<c0137404>] (__warn) from [<c0137464>] (warn_slowpath_fmt+0x34/0x44)
[<c0137464>] (warn_slowpath_fmt) from [<c0b0e97c>] (_init+0x1d0/0x41c)
[<c0b0e97c>] (_init) from [<c01218f0>] (omap_hwmod_for_each+0x34/0x60)
[<c01218f0>] (omap_hwmod_for_each) from [<c0b0ef00>] (__omap_hwmod_setup_all+0x24/0x40)
[<c0b0ef00>] (__omap_hwmod_setup_all) from [<c010185c>] (do_one_initcall+0x3c/0x174)
[<c010185c>] (do_one_initcall) from [<c0b00e8c>] (kernel_init_freeable+0x210/0x2e0)
[<c0b00e8c>] (kernel_init_freeable) from [<c07a8d5c>] (kernel_init+0x8/0x118)
[<c07a8d5c>] (kernel_init) from [<c01078d0>] (ret_from_fork+0x14/0x24)
---[ end trace 0ac530290f800e36 ]---
irq: no irq domain found for /ocp/l4@4a000000/scm@2000/pinmux@1400 !
omap4_sram_init:Unable to allocate sram needed to handle errata I688
omap4_sram_init:Unable to get sram pool needed to handle errata I688
workingset: timestamp_bits=12 max_order=19 bucket_order=7
sr_init: No PMIC hook to init smartreflex
mmc0: host does not support reading read-only switch, assuming write-enable
FAT-fs (mmcblk1p2): Volume was not properly unmounted. Some data may be corrupt. Please run fsck.
FAT-fs (mmcblk0p3): Volume was not properly unmounted. Some data may be corrupt. Please run fsck.
FAT-fs (mmcblk1p1): Volume was not properly unmounted. Some data may be corrupt. Please run fsck.
FAT-fs (mmcblk0p1): Volume was not properly unmount
- 07:06:08 [INFO] Host: cat stderr.log
- 07:06:09 [INFO] Target: 
T: BOOT: PASS: Hello World Board Booted Boot Log has:::: err=11 warn=75:
cat stderr.log
root@am57xx-evm:/test# cat stderr.log
./test.sh: line 33:   865 Killed                  cp /dev/kmsg $TMPF
root@am57xx-evm:/test# 
- 07:06:09 [INFO] Host: cat result.log
- 07:06:11 [ERROR] On command: cat result.log waiting for cat result.log.+?(?m-ix:^1[\0\n\r]+) >>> error: execution expired
- 07:06:11 [INFO] Target: 
cat result.log
root@am57xx-evm:/test# 
- 07:06:11 [INFO] Host: cd /test
- 07:06:11 [INFO] Target: 
cd /test
root@am57xx-evm:/test# 
URL:gtsystest.telogy.design.ti.com/vatf/tigtfarm03/tigtfarm03_vatf@am57xx-evm1/tigtfarm0307_11_2016_07_04_48/files/session_iteration_1/test_1
