- 05:31:00 [INFO] Starting target session
- 05:31:01 [INFO] Connected to beagleboard via serial 
- 05:31:01 [INFO] Host: #check prompt
- 05:31:03 [ERROR] On command: #check prompt waiting for (?-mix:((?-mix:.*\s+login)|[Pp]assword)) >>> error: execution expired
- 05:31:03 [INFO] Target: 
#check prompt
root@GenericOMAP36xx(FlattenedDeviceTree):/test# 
- 05:31:03 [INFO] Host: #check prompt
- 05:31:04 [INFO] Target: 
#check prompt
root@GenericOMAP36xx(FlattenedDeviceTree):/test# 
- 05:31:04 [INFO] Host: sync;poweroff
- 05:33:04 [ERROR] On command: sync;poweroff waiting for (?i-mx:System halted|System will go to power_off) >>> error: execution expired
- 05:33:04 [INFO] Target: 
sync;poweroff


Broadcast message from rootB=JBj5J:"25J9%QUI55jRroot@GenericOMAP36xx(FlattenedDeviceTree):/test# 
INIT: SendingStopping Dropbear SSH server: stopped /usr/sbin/dropbear (pid 623)
dropbear.
Stopping telnet daemon.
Stopping system message bus: Error opening /dev/fb0: No such file or directory
Stopping syslogd/klogd: stopped syslogd (pid 635)
stopped klogd (pid 638)
done
Stopping thttpd.
ALSA: Storing mixer settings...
/usr/sbin/alsactl: save_state:1580: No soundcards found...
Deconfiguring network interfaces... [10842.025939] smsc95xx 2-2.1:1.0 eth0: hardware isn't capable of remote wakeup
done.
Stopping Lighttpd Web Server: stopped /usr/sbin/lighttpd (pid 648)
lighttpd.
***************************************************************
***************************************************************
NOTICE: This file system contains the followin GPLv3 packages:
	binutils-symlinks
	binutils
	gdbserver
	parted

If you do not wish to distribute GPLv3 components please remove
the above packages prior to distribution.  This can be done using
the opkg remove command.  i.e.:
    opkg remove <package>
Where <package> is the name printed in the list above

NOTE: If the package is a dependency of another package you
      will be notified of the dependent packages.  You should
      use the --force-removal-of-dependent-packages option to
      also remove the dependent packages as well
***************************************************************
***************************************************************
Sending all processes the TERM signal...
Sending all processes the KILL signal...
Unmounting remote filesystems...
Deactivating swap...
Unmounting local filesystems...
[10851.908630] EXT4-fs (mmcblk0p2): re-mounted. Opts: data=ordered
[10854.049316] reboot: Power down

U-Boot SPL 2014.04-00071-g8543283 (Apr 22 2014 - 15:49:50)
SPL: Please implement spl_start_uboot() for your board
SPL: Direct Linux boot not active!
reading u-boot.img
reading u-boot.img


U-Boot 2014.04-00071-g8543283 (Apr 22 2014 - 15:49:50)

OMAP36XX/37XX-GP ES1.2, CPU-OPP2, L3-200MHz, Max CPU Clock 1 Ghz
OMAP3 Beagle board + LPDDR/NAND
I2C:   ready
DRAM:  512 MiB
NAND:  0 MiB
MMC:   OMAP SD/MMC: 0
*** Warning - readenv() failed, using default environment

Beagle xM Rev C
No EEPROM on expansion board
Die ID #409600029ff800000168300f0d00c008
Net:   usb_ether
Hit any key to stop autoboot:  1  0 
mmc0 is current device
gpio: pin 173 (gpio 173) value is 0
gpio: pin 4 (gpio 4) value is 0
SD/MMC found on device 0
reading uEnv.txt
70 bytes read in 3 ms (22.5 KiB/s)
Loaded environment from uEnv.txt
Importing environment from mmc ...
reading //uImage
** Unable to read file //uImage **
Booting from nand ...

no devices available
Wrong Image Format for bootm command
ERROR: can't get kernel image!
reading //zImage
** Unable to read file //zImage **
U-Boot# 
- 05:33:04 [INFO] Disconnected serial from beagleboard
- 05:33:27 [INFO] Connected to beagleboard via serial 
- 05:33:27 [INFO] Host: 
- 05:33:28 [INFO] Target: 
 0 
U-Boot# 
- 05:33:28 [INFO] Host: 
- 05:33:28 [INFO] Target: 

U-Boot# 
- 05:33:29 [INFO] Host: version
- 05:33:29 [INFO] Target: 
version

U-Boot 2014.04-00071-g8543283 (Apr 22 2014 - 15:49:50)
arm-linux-gnueabi-gcc (Ubuntu/Linaro 4.6.3-1ubuntu5) 4.6.3
GNU ld (GNU Binutils for Ubuntu) 2.22
U-Boot# 
- 05:33:29 [INFO] Host: setenv bootargs 'console=ttyO2,115200n8  earlyprintk rootwait '
- 05:33:30 [INFO] Target: 
setenv bootargs 'console=ttyO2,115200n8  earlyprintk rootwait '
U-Boot# 
- 05:33:30 [INFO] Host: setenv bootcmd  ''
- 05:33:30 [INFO] Target: 
setenv bootcmd  ''
U-Boot# 
- 05:33:30 [INFO] Host: setenv autoload 'no'
- 05:33:31 [INFO] Target: 
setenv autoload 'no'
U-Boot# 
- 05:33:31 [INFO] Host: setenv serverip '128.247.105.47'
- 05:33:32 [INFO] Target: 
setenv serverip '128.247.105.47'
U-Boot# 
- 05:33:32 [INFO] Host: printenv
- 05:33:32 [INFO] Target: 
printenv
arch=arm
autoload=no
baudrate=115200
beaglerev=xMC
board=beagle
board_name=beagle
bootargs=console=ttyO2,115200n8  earlyprintk rootwait 
bootcmd=
bootdelay=1
bootdir=/boot
bootenv=uEnv.txt
bootfile=uImage
bootm_size=0x08000000
bootpart=0:2
buddy=none
camera=none
console=ttyO2,115200n8
cpu=armv7
defaultdisplay=dvi
dieid#=409600029ff800000168300f0d00c008
dvimode=640x480MR-16@60
ethact=usb_ether
fdtaddr=0x80f80000
findfdt=if test $beaglerev = AxBx; then setenv fdtfile omap3-beagle.dtb; fi; if test $beaglerev = Cx; then setenv fdtfile omap3-beagle.dtb; fi; if test $beaglerev = C4; then setenv fdtfile omap3-beagle.dtb; fi; if test $beaglerev = xMAB; then setenv fdtfile omap3-beagle-xm.dtb; fi; if test $beaglerev = xMC; then setenv fdtfile omap3-beagle-xm.dtb; fi; if test $fdtfile = undefined; then echo WARNING: Could not determine device tree to use; fi; 
importbootenv=echo Importing environment from mmc ...; env import -t $loadaddr $filesize
loadaddr=0x80200000
loadbootenv=fatload mmc ${mmcdev} ${loadaddr} ${bootenv}
loadfdt=load mmc ${bootpart} ${fdtaddr} ${bootdir}/${fdtfile}
loadimage=load mmc ${bootpart} ${loadaddr} ${bootdir}/${bootfile}
loadramdisk=load mmc ${bootpart} ${rdaddr} ${bootdir}/${ramdisk}
mmcargs=setenv bootargs console=${console} ${optargs} mpurate=${mpurate} buddy=${buddy} camera=${camera} vram=${vram} omapfb.mode=dvi:${dvimode} omapdss.def_disp=${defaultdisplay} root=${mmcroot} rootfstype=${mmcrootfstype}
mmcboot=echo Booting from mmc ...; run mmcargs; bootm ${loadaddr}
mmcbootz=echo Booting with DT from mmc${mmcdev} ...; run mmcargs; bootz ${loadaddr} - ${fdtaddr}
mmcdev=0
mmcroot=/dev/mmcblk0p2 rw
mmcrootfstype=ext3 rootwait
mpurate=auto
nandargs=setenv bootargs console=${console} ${optargs} mpurate=${mpurate} buddy=${buddy} camera=${camera} vram=${vram} omapfb.mode=dvi:${dvimode} omapdss.def_disp=${defaultdisplay} root=${nandroot} rootfstype=${nandrootfstype}
nandboot=echo Booting from nand ...; run nandargs; nand read ${loadaddr} 280000 400000; bootm ${loadaddr}
nandroot=ubi0:rootfs ubi.mtd=4
nandrootfstype=ubifs
ramargs=setenv bootargs console=${console} ${optargs} mpurate=${mpurate} buddy=${buddy} vram=${vram} omapfb.mode=dvi:${dvimode} omapdss.def_disp=${defaultdisplay} root=${ramroot} rootfstype=${ramrootfstype}
ramboot=echo Booting from ramdisk ...; run ramargs; bootm ${loadaddr}
ramdisk=ramdisk.gz
ramroot=/dev/ram0 rw ramdisk_size=65536 initrd=0x81000000,64M
ramrootfstype=ext2
rdaddr=0x81000000
serverip=128.247.105.47
soc=omap3
stderr=serial
stdin=serial
stdout=serial
usbethaddr=02:08:0f:00:02:00
usbtty=cdc_acm
userbutton=if gpio input 173; then run userbutton_xm; else run userbutton_nonxm; fi;
userbutton_nonxm=gpio input 7;
userbutton_xm=gpio input 4;
vendor=ti
ver=U-Boot 2014.04-00071-g8543283 (Apr 22 2014 - 15:49:50)
vram=12M

Environment size: 2927/131068 bytes
U-Boot# 
- 05:33:32 [INFO] Host: dcache off
- 05:33:33 [INFO] Target: 
dcache off
U-Boot# 
- 05:33:33 [INFO] Host: usb start
- 05:33:35 [INFO] Target: 
usb start
(Re)start USB...
USB0:   USB EHCI 1.00
scanning bus 0 for devices... 3 USB Device(s) found
       scanning usb for storage devices... 0 Storage Device(s) found
       scanning usb for ethernet devices... 1 Ethernet Device(s) found
U-Boot# 
- 05:33:35 [INFO] Host: printenv
- 05:33:36 [INFO] Target: 
printenv
arch=arm
autoload=no
baudrate=115200
beaglerev=xMC
board=beagle
board_name=beagle
bootargs=console=ttyO2,115200n8  earlyprintk rootwait 
bootcmd=
bootdelay=1
bootdir=/boot
bootenv=uEnv.txt
bootfile=uImage
bootm_size=0x08000000
bootpart=0:2
buddy=none
camera=none
console=ttyO2,115200n8
cpu=armv7
defaultdisplay=dvi
dieid#=409600029ff800000168300f0d00c008
dvimode=640x480MR-16@60
ethact=usb_ether
fdtaddr=0x80f80000
findfdt=if test $beaglerev = AxBx; then setenv fdtfile omap3-beagle.dtb; fi; if test $beaglerev = Cx; then setenv fdtfile omap3-beagle.dtb; fi; if test $beaglerev = C4; then setenv fdtfile omap3-beagle.dtb; fi; if test $beaglerev = xMAB; then setenv fdtfile omap3-beagle-xm.dtb; fi; if test $beaglerev = xMC; then setenv fdtfile omap3-beagle-xm.dtb; fi; if test $fdtfile = undefined; then echo WARNING: Could not determine device tree to use; fi; 
importbootenv=echo Importing environment from mmc ...; env import -t $loadaddr $filesize
loadaddr=0x80200000
loadbootenv=fatload mmc ${mmcdev} ${loadaddr} ${bootenv}
loadfdt=load mmc ${bootpart} ${fdtaddr} ${bootdir}/${fdtfile}
loadimage=load mmc ${bootpart} ${loadaddr} ${bootdir}/${bootfile}
loadramdisk=load mmc ${bootpart} ${rdaddr} ${bootdir}/${ramdisk}
mmcargs=setenv bootargs console=${console} ${optargs} mpurate=${mpurate} buddy=${buddy} camera=${camera} vram=${vram} omapfb.mode=dvi:${dvimode} omapdss.def_disp=${defaultdisplay} root=${mmcroot} rootfstype=${mmcrootfstype}
mmcboot=echo Booting from mmc ...; run mmcargs; bootm ${loadaddr}
mmcbootz=echo Booting with DT from mmc${mmcdev} ...; run mmcargs; bootz ${loadaddr} - ${fdtaddr}
mmcdev=0
mmcroot=/dev/mmcblk0p2 rw
mmcrootfstype=ext3 rootwait
mpurate=auto
nandargs=setenv bootargs console=${console} ${optargs} mpurate=${mpurate} buddy=${buddy} camera=${camera} vram=${vram} omapfb.mode=dvi:${dvimode} omapdss.def_disp=${defaultdisplay} root=${nandroot} rootfstype=${nandrootfstype}
nandboot=echo Booting from nand ...; run nandargs; nand read ${loadaddr} 280000 400000; bootm ${loadaddr}
nandroot=ubi0:rootfs ubi.mtd=4
nandrootfstype=ubifs
ramargs=setenv bootargs console=${console} ${optargs} mpurate=${mpurate} buddy=${buddy} vram=${vram} omapfb.mode=dvi:${dvimode} omapdss.def_disp=${defaultdisplay} root=${ramroot} rootfstype=${ramrootfstype}
ramboot=echo Booting from ramdisk ...; run ramargs; bootm ${loadaddr}
ramdisk=ramdisk.gz
ramroot=/dev/ram0 rw ramdisk_size=65536 initrd=0x81000000,64M
ramrootfstype=ext2
rdaddr=0x81000000
serverip=128.247.105.47
soc=omap3
stderr=serial
stdin=serial
stdout=serial
usbethaddr=02:08:0f:00:02:00
usbtty=cdc_acm
userbutton=if gpio input 173; then run userbutton_xm; else run userbutton_nonxm; fi;
userbutton_nonxm=gpio input 7;
userbutton_xm=gpio input 4;
vendor=ti
ver=U-Boot 2014.04-00071-g8543283 (Apr 22 2014 - 15:49:50)
vram=12M

Environment size: 2927/131068 bytes
U-Boot# 
- 05:33:36 [INFO] Host: setenv bootargs ''${bootargs}' ip=dhcp '
- 05:33:36 [INFO] Target: 
setenv bootargs ''${bootargs}' ip=dhcp '
U-Boot# 
- 05:33:37 [INFO] Host: setenv serverip '128.247.105.47'
- 05:33:37 [INFO] Target: 
setenv serverip '128.247.105.47'
U-Boot# 
- 05:33:37 [INFO] Host: setenv ipaddr dhcp
- 05:33:38 [INFO] Target: 
setenv ipaddr dhcp
U-Boot# 
- 05:33:38 [INFO] Host: setenv autoload 'no'
- 05:33:38 [INFO] Target: 
setenv autoload 'no'
U-Boot# 
- 05:33:38 [INFO] Host: dhcp
- 05:33:41 [INFO] Target: 
dhcp
ERROR: Need valid 'usbnet_devaddr' to be set
at drivers/usb/gadget/ether.c:2362/usb_eth_init()
Waiting for Ethernet connection... done.
BOOTP broadcast 1
DHCP client bound to address 192.168.1.160
U-Boot# 
- 05:33:41 [INFO] Host: setenv serverip '128.247.105.47'
- 05:33:42 [INFO] Target: 
setenv serverip '128.247.105.47'
U-Boot# 
- 05:33:42 [INFO] Host: tftp ${loadaddr} 128.247.105.47:vatf_2/d32cfe42b77a5b7466bc396347225af3
- 05:33:52 [INFO] Target: 
tftp ${loadaddr} 128.247.105.47:vatf_2/d32cfe42b77a5b7466bc396347225af3
Waiting for Ethernet connection... done.
Using sms0 device
TFTP from server 128.247.105.47; our IP address is 192.168.1.160; sending through gateway 192.168.1.254
Filename 'vatf_2/d32cfe42b77a5b7466bc396347225af3'.
Load address: 0x80200000
Loading: *#EHCI timed out on TD - token=0x8008d80
T ################################################################
	 #################################################################
	 #################################################################
	 #################################################################
	 #######################################
	 534.2 KiB/s
done
Bytes transferred = 4380632 (42d7d8 hex)
U-Boot# 
- 05:33:52 [INFO] Host: tftp ${fdtaddr} 128.247.105.47:vatf_2/d0b19036fb78d7bbccd878389593122d
- 05:33:59 [INFO] Target: 
tftp ${fdtaddr} 128.247.105.47:vatf_2/d0b19036fb78d7bbccd878389593122d
Waiting for Ethernet connection... done.
Using sms0 device
TFTP from server 128.247.105.47; our IP address is 192.168.1.160; sending through gateway 192.168.1.254
Filename 'vatf_2/d0b19036fb78d7bbccd878389593122d'.
Load address: 0x80f80000
Loading: *EHCI timed out on TD - token=0x88008d80
T #####
	 11.7 KiB/s
done
Bytes transferred = 62103 (f297 hex)
U-Boot# 
- 05:33:59 [INFO] Host: ls mmc 0:1
- 05:34:00 [INFO] Target: 
ls mmc 0:1
    49660   mlo 
   372288   u-boot.img 
       70   uenv.txt 
  4254648   back-zimage 
    57382   back-omap3-beagle-xm.dtb 

5 file(s), 0 dir(s)

U-Boot# 
- 05:34:00 [INFO] Host: ls mmc 0:2
- 05:34:00 [INFO] Target: 
ls mmc 0:2
<DIR>       4096 .
<DIR>       4096 ..
<DIR>      16384 lost+found
<DIR>       4096 bin
<DIR>       4096 boot
<SYM>         37 cpufreq
<SYM>         37 cpuidle
<DIR>       4096 dev
<DIR>       4096 etc
<DIR>       4096 home
<DIR>       4096 lib
<DIR>       4096 media
<DIR>       4096 mnt
<DIR>       4096 opt
<DIR>       4096 proc
<SYM>          8 run
<DIR>       4096 sbin
<DIR>       4096 srv
<DIR>       4096 sys
<SYM>          8 tmp
<DIR>       4096 usr
<DIR>       4096 var
<DIR>       4096 www
<DIR>       4096 Settings
<DIR>       4096 test
          348160 core
U-Boot# 
- 05:34:00 [INFO] Host: part uuid mmc 0:2
- 05:34:01 [INFO] Target: 
part uuid mmc 0:2
Unknown command 'part' - try 'help'
U-Boot# 
- 05:34:01 [INFO] Host: printenv
- 05:34:01 [INFO] Target: 
printenv
arch=arm
autoload=no
baudrate=115200
beaglerev=xMC
board=beagle
board_name=beagle
bootargs=console=ttyO2,115200n8  earlyprintk rootwait  ip=dhcp 
bootcmd=
bootdelay=1
bootdir=/boot
bootenv=uEnv.txt
bootfile=uImage
bootm_size=0x08000000
bootpart=0:2
buddy=none
camera=none
console=ttyO2,115200n8
cpu=armv7
defaultdisplay=dvi
dieid#=409600029ff800000168300f0d00c008
dnsip=192.0.2.2
dvimode=640x480MR-16@60
ethact=sms0
fdtaddr=0x80f80000
fileaddr=80f80000
filesize=f297
findfdt=if test $beaglerev = AxBx; then setenv fdtfile omap3-beagle.dtb; fi; if test $beaglerev = Cx; then setenv fdtfile omap3-beagle.dtb; fi; if test $beaglerev = C4; then setenv fdtfile omap3-beagle.dtb; fi; if test $beaglerev = xMAB; then setenv fdtfile omap3-beagle-xm.dtb; fi; if test $beaglerev = xMC; then setenv fdtfile omap3-beagle-xm.dtb; fi; if test $fdtfile = undefined; then echo WARNING: Could not determine device tree to use; fi; 
gatewayip=192.168.1.254
importbootenv=echo Importing environment from mmc ...; env import -t $loadaddr $filesize
ipaddr=192.168.1.160
loadaddr=0x80200000
loadbootenv=fatload mmc ${mmcdev} ${loadaddr} ${bootenv}
loadfdt=load mmc ${bootpart} ${fdtaddr} ${bootdir}/${fdtfile}
loadimage=load mmc ${bootpart} ${loadaddr} ${bootdir}/${bootfile}
loadramdisk=load mmc ${bootpart} ${rdaddr} ${bootdir}/${ramdisk}
mmcargs=setenv bootargs console=${console} ${optargs} mpurate=${mpurate} buddy=${buddy} camera=${camera} vram=${vram} omapfb.mode=dvi:${dvimode} omapdss.def_disp=${defaultdisplay} root=${mmcroot} rootfstype=${mmcrootfstype}
mmcboot=echo Booting from mmc ...; run mmcargs; bootm ${loadaddr}
mmcbootz=echo Booting with DT from mmc${mmcdev} ...; run mmcargs; bootz ${loadaddr} - ${fdtaddr}
mmcdev=0
mmcroot=/dev/mmcblk0p2 rw
mmcrootfstype=ext3 rootwait
mpurate=auto
nandargs=setenv bootargs console=${console} ${optargs} mpurate=${mpurate} buddy=${buddy} camera=${camera} vram=${vram} omapfb.mode=dvi:${dvimode} omapdss.def_disp=${defaultdisplay} root=${nandroot} rootfstype=${nandrootfstype}
nandboot=echo Booting from nand ...; run nandargs; nand read ${loadaddr} 280000 400000; bootm ${loadaddr}
nandroot=ubi0:rootfs ubi.mtd=4
nandrootfstype=ubifs
netmask=255.255.255.0
ramargs=setenv bootargs console=${console} ${optargs} mpurate=${mpurate} buddy=${buddy} vram=${vram} omapfb.mode=dvi:${dvimode} omapdss.def_disp=${defaultdisplay} root=${ramroot} rootfstype=${ramrootfstype}
ramboot=echo Booting from ramdisk ...; run ramargs; bootm ${loadaddr}
ramdisk=ramdisk.gz
ramroot=/dev/ram0 rw ramdisk_size=65536 initrd=0x81000000,64M
ramrootfstype=ext2
rdaddr=0x81000000
serverip=128.247.105.47
soc=omap3
stderr=serial
stdin=serial
stdout=serial
usbethaddr=02:08:0f:00:02:00
usbtty=cdc_acm
userbutton=if gpio input 173; then run userbutton_xm; else run userbutton_nonxm; fi;
userbutton_nonxm=gpio input 7;
userbutton_xm=gpio input 4;
vendor=ti
ver=U-Boot 2014.04-00071-g8543283 (Apr 22 2014 - 15:49:50)
vram=12M

Environment size: 3058/131068 bytes
U-Boot# 
- 05:34:02 [INFO] Host: setenv bootargs ''${bootargs}' root=/dev/mmcblk0p2 rw rootfstype=ext3 rootwait '
- 05:34:02 [INFO] Target: 
setenv bootargs ''${bootargs}' root=/dev/mmcblk0p2 rw rootfstype=ext3 rootwait '
U-Boot# 
- 05:34:02 [INFO] Host: printenv
- 05:34:03 [INFO] Target: 
printenv
arch=arm
autoload=no
baudrate=115200
beaglerev=xMC
board=beagle
board_name=beagle
bootargs=console=ttyO2,115200n8  earlyprintk rootwait  ip=dhcp  root=/dev/mmcblk0p2 rw rootfstype=ext3 rootwait 
bootcmd=
bootdelay=1
bootdir=/boot
bootenv=uEnv.txt
bootfile=uImage
bootm_size=0x08000000
bootpart=0:2
buddy=none
camera=none
console=ttyO2,115200n8
cpu=armv7
defaultdisplay=dvi
dieid#=409600029ff800000168300f0d00c008
dnsip=192.0.2.2
dvimode=640x480MR-16@60
ethact=sms0
fdtaddr=0x80f80000
fileaddr=80f80000
filesize=f297
findfdt=if test $beaglerev = AxBx; then setenv fdtfile omap3-beagle.dtb; fi; if test $beaglerev = Cx; then setenv fdtfile omap3-beagle.dtb; fi; if test $beaglerev = C4; then setenv fdtfile omap3-beagle.dtb; fi; if test $beaglerev = xMAB; then setenv fdtfile omap3-beagle-xm.dtb; fi; if test $beaglerev = xMC; then setenv fdtfile omap3-beagle-xm.dtb; fi; if test $fdtfile = undefined; then echo WARNING: Could not determine device tree to use; fi; 
gatewayip=192.168.1.254
importbootenv=echo Importing environment from mmc ...; env import -t $loadaddr $filesize
ipaddr=192.168.1.160
loadaddr=0x80200000
loadbootenv=fatload mmc ${mmcdev} ${loadaddr} ${bootenv}
loadfdt=load mmc ${bootpart} ${fdtaddr} ${bootdir}/${fdtfile}
loadimage=load mmc ${bootpart} ${loadaddr} ${bootdir}/${bootfile}
loadramdisk=load mmc ${bootpart} ${rdaddr} ${bootdir}/${ramdisk}
mmcargs=setenv bootargs console=${console} ${optargs} mpurate=${mpurate} buddy=${buddy} camera=${camera} vram=${vram} omapfb.mode=dvi:${dvimode} omapdss.def_disp=${defaultdisplay} root=${mmcroot} rootfstype=${mmcrootfstype}
mmcboot=echo Booting from mmc ...; run mmcargs; bootm ${loadaddr}
mmcbootz=echo Booting with DT from mmc${mmcdev} ...; run mmcargs; bootz ${loadaddr} - ${fdtaddr}
mmcdev=0
mmcroot=/dev/mmcblk0p2 rw
mmcrootfstype=ext3 rootwait
mpurate=auto
nandargs=setenv bootargs console=${console} ${optargs} mpurate=${mpurate} buddy=${buddy} camera=${camera} vram=${vram} omapfb.mode=dvi:${dvimode} omapdss.def_disp=${defaultdisplay} root=${nandroot} rootfstype=${nandrootfstype}
nandboot=echo Booting from nand ...; run nandargs; nand read ${loadaddr} 280000 400000; bootm ${loadaddr}
nandroot=ubi0:rootfs ubi.mtd=4
nandrootfstype=ubifs
netmask=255.255.255.0
ramargs=setenv bootargs console=${console} ${optargs} mpurate=${mpurate} buddy=${buddy} vram=${vram} omapfb.mode=dvi:${dvimode} omapdss.def_disp=${defaultdisplay} root=${ramroot} rootfstype=${ramrootfstype}
ramboot=echo Booting from ramdisk ...; run ramargs; bootm ${loadaddr}
ramdisk=ramdisk.gz
ramroot=/dev/ram0 rw ramdisk_size=65536 initrd=0x81000000,64M
ramrootfstype=ext2
rdaddr=0x81000000
serverip=128.247.105.47
soc=omap3
stderr=serial
stdin=serial
stdout=serial
usbethaddr=02:08:0f:00:02:00
usbtty=cdc_acm
userbutton=if gpio input 173; then run userbutton_xm; else run userbutton_nonxm; fi;
userbutton_nonxm=gpio input 7;
userbutton_xm=gpio input 4;
vendor=ti
ver=U-Boot 2014.04-00071-g8543283 (Apr 22 2014 - 15:49:50)
vram=12M

Environment size: 3107/131068 bytes
U-Boot# 
- 05:34:03 [INFO] Host: setenv bootcmd ''${bootcmd}' if iminfo ${loadaddr}; then bootm ${loadaddr} - ${fdtaddr}; else bootz ${loadaddr} - ${fdtaddr}; bootm ${loadaddr} - ${fdtaddr}; fi'
- 05:34:03 [INFO] Target: 
setenv bootcmd ''${bootcmd}' if iminfo ${loadaddr}; then bootm ${loadaddr} - ${fdtaddr}; else bootz ${loadaddr} - ${fdtaddr}; bootm ${loadaddr} - ${fdtaddr}; fi'
U-Boot# 
- 05:34:03 [INFO] Host: bdinfo
- 05:34:04 [INFO] Target: 
bdinfo
arch_number = 0x0000060A
boot_params = 0x80000100
DRAM bank   = 0x00000000
-> start    = 0x80000000
-> size     = 0x10000000
DRAM bank   = 0x00000001
-> start    = 0x90000000
-> size     = 0x10000000
eth0name    = usb_ether
ethaddr     = (not set)
eth1name    = sms0
eth1addr    = (not set)
current eth = sms0
ip_addr     = 192.168.1.160
baudrate    = 115200 bps
TLB addr    = 0x9FFF0000
relocaddr   = 0x9FF51000
reloc off   = 0x1FE51000
irq_sp      = 0x9FE30ED0
sp start    = 0x9FE30EC0
U-Boot# 
- 05:34:04 [INFO] Host: boot
- 05:34:47 [INFO] Target: 
boot

## Checking Image at 80200000 ...
Unknown image format!
Kernel image @ 0x80200000 [ 0x000000 - 0x42d7d8 ]
## Flattened Device Tree blob at 80f80000
   Booting using the fdt blob at 0x80f80000
   Loading Device Tree to 87fed000, end 87fff296 ... OK

Starting kernel ...

[    0.000000] Booting Linux on physical CPU 0x0
[    0.000000] Linux version 3.17.0-rc2-next-20140829-00002-g816439d (nmenon@kahuna) (gcc version 4.6.3 (Ubuntu/Linaro 4.6.3-1ubuntu5) ) #1 SMP Mon Sep 1 05:27:45 CDT 2014
[    0.000000] CPU: ARMv7 Processor [413fc082] revision 2 (ARMv7), cr=10c5387d
[    0.000000] CPU: PIPT / VIPT nonaliasing data cache, VIPT aliasing instruction cache
[    0.000000] Machine model: TI OMAP3 BeagleBoard xM
[    0.000000] cma: Reserved 16 MiB at 9e800000
[    0.000000] Memory policy: Data cache writeback
[    0.000000]   HighMem zone: 1048574 pages exceeds freesize 0
[    0.000000] CPU: All CPU(s) started in SVC mode.
[    0.000000] OMAP3630 ES1.2 (l2cache iva sgx neon isp 192mhz_clk )
[    0.000000] PERCPU: Embedded 9 pages/cpu @dfa7b000 s14336 r8192 d14336 u36864
[    0.000000] Built 1 zonelists in Zone order, mobility grouping on.  Total pages: 129792
[    0.000000] Kernel command line: console=ttyO2,115200n8  earlyprintk rootwait  ip=dhcp  root=/dev/mmcblk0p2 rw rootfstype=ext3 rootwait 
[    0.000000] PID hash table entries: 2048 (order: 1, 8192 bytes)
[    0.000000] Dentry cache hash table entries: 65536 (order: 6, 262144 bytes)
[    0.000000] Inode-cache hash table entries: 32768 (order: 5, 131072 bytes)
[    0.000000] Memory: 484576K/523264K available (5719K kernel code, 653K rwdata, 2208K rodata, 406K init, 8211K bss, 38688K reserved, 0K highmem)
[    0.000000] Virtual kernel memory layout:
[    0.000000]     vector  : 0xffff0000 - 0xffff1000   (   4 kB)
[    0.000000]     fixmap  : 0xffc00000 - 0xffe00000   (2048 kB)
[    0.000000]     vmalloc : 0xe0800000 - 0xff000000   ( 488 MB)
[    0.000000]     lowmem  : 0xc0000000 - 0xe0000000   ( 512 MB)
[    0.000000]     pkmap   : 0xbfe00000 - 0xc0000000   (   2 MB)
[    0.000000]     modules : 0xbf000000 - 0xbfe00000   (  14 MB)
[    0.000000]       .text : 0xc0008000 - 0xc07c604c   (7929 kB)
[    0.000000]       .init : 0xc07c7000 - 0xc082c800   ( 406 kB)
[    0.000000]       .data : 0xc082e000 - 0xc08d1688   ( 654 kB)
[    0.000000]        .bss : 0xc08d1688 - 0xc10d6290   (8212 kB)
[    0.000000] Hierarchical RCU implementation.
[    0.000000] 	RCU restricting CPUs from NR_CPUS=2 to nr_cpu_ids=1.
[    0.000000] RCU: Adjusting geometry for rcu_fanout_leaf=16, nr_cpu_ids=1
[    0.000000] NR_IRQS:16 nr_irqs:16 16
[    0.000000] IRQ: Found an INTC at 0xfa200000 (revision 4.0) with 96 interrupts
[    0.000000] Total of 96 interrupts on 1 active controller
[    0.000000] Clocking rate (Crystal/Core/MPU): 26.0/400/600 MHz
[    0.000000] OMAP clockevent source: timer1 at 32768 Hz
[    0.000030] sched_clock: 32 bits at 32kHz, resolution 30517ns, wraps every 65536000000000ns
[    0.000030] OMAP clocksource: 32k_counter at 32768 Hz
[    0.001098] Console: colour dummy device 80x30
[    0.001159] Lock dependency validator: Copyright (c) 2006 Red Hat, Inc., Ingo Molnar
[    0.001190] ... MAX_LOCKDEP_SUBCLASSES:  8
[    0.001190] ... MAX_LOCK_DEPTH:          48
[    0.001190] ... MAX_LOCKDEP_KEYS:        8191
[    0.001220] ... CLASSHASH_SIZE:          4096
[    0.001220] ... MAX_LOCKDEP_ENTRIES:     32768
[    0.001251] ... MAX_LOCKDEP_CHAINS:      65536
[    0.001251] ... CHAINHASH_SIZE:          32768
[    0.001251]  memory used by lock dependency info: 5167 kB
[    0.001281]  per task-struct memory footprint: 1152 bytes
[    0.001342] Calibrating delay loop... 594.73 BogoMIPS (lpj=2973696)
[    0.107574] pid_max: default: 32768 minimum: 301
[    0.108154] Security Framework initialized
[    0.108337] Mount-cache hash table entries: 1024 (order: 0, 4096 bytes)
[    0.108337] Mountpoint-cache hash table entries: 1024 (order: 0, 4096 bytes)
[    0.111602] CPU: Testing write buffer coherency: ok
[    0.113189] CPU0: thread -1, cpu 0, socket -1, mpidr 0
[    0.113311] Setting up static identity map for 0x8056b5d8 - 0x8056b648
[    0.118103] Brought up 1 CPUs
[    0.118103] SMP: Total of 1 processors activated.
[    0.118133] CPU: All CPU(s) started in SVC mode.
[    0.121826] devtmpfs: initialized
[    0.133056] VFP support v0.3: implementor 41 architecture 3 part 30 variant c rev 3
[    0.213867] omap_hwmod: mcbsp2_sidetone using broken dt data from mcbsp
[    0.216186] omap_hwmod: mcbsp3_sidetone using broken dt data from mcbsp
[    0.295104] omap_hwmod: mcbsp2: cannot be enabled for reset (3)
[    0.344635] pinctrl core: initialized pinctrl subsystem
[    0.348754] regulator-dummy: no parameters
[    0.445068] NET: Registered protocol family 16
[    0.454498] DMA: preallocated 256 KiB pool for atomic coherent allocations
[    0.458251] cpuidle: using governor ladder
[    0.458282] cpuidle: using governor menu
[    0.466522] Reprogramming SDRC clock to 400000000 Hz
[    0.478057] omap_gpio 48310000.gpio: could not find pctldev for node /ocp/pinmux@48002a00/pinmux_gpio1_pins, deferring probe
[    0.478118] platform 48310000.gpio: Driver omap_gpio requests probe deferral
[    0.482238] OMAP GPIO hardware version 2.5
[    0.495239] irq: no irq domain found for /ocp/pinmux@48002030 !
[    0.519683] omap-gpmc 6e000000.gpmc: GPMC revision 5.0
[    0.522399] platform 48058000.ssi-controller: Cannot lookup hwmod 'ssi'
[    0.532653] No ATAGs?
[    0.532684] hw-breakpoint: debug architecture 0x4 unsupported.
[    0.536437] OMAP DMA hardware revision 5.0
[    0.586425] edma-dma-engine edma-dma-engine.0: Can't allocate PaRAM dummy slot
[    0.586517] edma-dma-engine: probe of edma-dma-engine.0 failed with error -22
[    0.641510] omap-dma-engine 48056000.dma-controller: OMAP DMA engine driver
[    0.643005] platform hsusb2_power_reg: Driver reg-fixed-voltage requests probe deferral
[    0.649200] SCSI subsystem initialized
[    0.650451] usbcore: registered new interface driver usbfs
[    0.650726] usbcore: registered new interface driver hub
[    0.671508] usbcore: registered new device driver usb
[    0.672546] platform hsusb2_phy: Driver usb_phy_generic requests probe deferral
[    0.801086] omap_i2c 48070000.i2c: bus 0 rev4.4 at 2600 kHz
[    0.802886] omap_i2c 48072000.i2c: bus 1 rev4.4 at 400 kHz
[    0.804779] omap_i2c 48060000.i2c: bus 2 rev4.4 at 100 kHz
[    0.812286] Switched to clocksource 32k_counter
[    1.032287] NET: Registered protocol family 2
[    1.034637] TCP established hash table entries: 4096 (order: 2, 16384 bytes)
[    1.034912] TCP bind hash table entries: 4096 (order: 5, 147456 bytes)
[    1.037109] TCP: Hash tables configured (established 4096 bind 4096)
[    1.037322] TCP: reno registered
[    1.037353] UDP hash table entries: 256 (order: 2, 20480 bytes)
[    1.037658] UDP-Lite hash table entries: 256 (order: 2, 20480 bytes)
[    1.039245] NET: Registered protocol family 1
[    1.041870] RPC: Registered named UNIX socket transport module.
[    1.041900] RPC: Registered udp transport module.
[    1.041931] RPC: Registered tcp transport module.
[    1.041931] RPC: Registered tcp NFSv4.1 backchannel transport module.
[    1.043701] hw perfevents: enabled with armv7_cortex_a8 PMU driver, 5 counters available
[    1.051818] futex hash table entries: 256 (order: 2, 16384 bytes)
[    1.058380] VFS: Disk quotas dquot_6.5.2
[    1.058563] Dquot-cache hash table entries: 1024 (order 0, 4096 bytes)
[    1.062164] NFS: Registering the id_resolver key type
[    1.062652] Key type id_resolver registered
[    1.062683] Key type id_legacy registered
[    1.062866] jffs2: version 2.2. (NAND) (SUMMARY)   2001-2006 Red Hat, Inc.
[    1.063507] msgmni has been set to 978
[    1.071380] io scheduler noop registered
[    1.071441] io scheduler deadline registered
[    1.071533] io scheduler cfq registered (default)
[    1.076049] pinctrl-single 48002030.pinmux: 284 pins at pa fa002030 size 568
[    1.076812] pinctrl-single 48002a00.pinmux: 46 pins at pa fa002a00 size 92
[    1.078124] pinctrl-single 480025a0.pinmux: 46 pins at pa fa0025a0 size 92
[    1.081756] pbias_mmc_omap2430: 1800 <--> 3000 mV at 3000 mV 
[    1.084075] abb_mpu_iva: 1012 <--> 1375 mV 
[    1.086303] Serial: 8250/16550 driver, 4 ports, IRQ sharing enabled
[    1.096496] omap_uart 4806a000.serial: no wakeirq for uart0
[    1.097259] 4806a000.serial: ttyO0 at MMIO 0x4806a000 (irq = 88, base_baud = 3000000) is a OMAP UART0
[    1.100616] omap_uart 4806c000.serial: no wakeirq for uart0
[    1.101013] 4806c000.serial: ttyO1 at MMIO 0x4806c000 (irq = 89, base_baud = 3000000) is a OMAP UART1
[    1.104858] 49020000.serial: ttyO2 at MMIO 0x49020000 (irq = 90, base_baud = 3000000) is a OMAP UART2
[    1.899414] console [ttyO2] enabled
[    1.906341] omap_uart 49042000.serial: no wakeirq for uart0
[    1.912719] 49042000.serial: ttyO3 at MMIO 0x49042000 (irq = 96, base_baud = 3000000) is a OMAP UART3
[    1.965026] brd: module loaded
[    1.991973] loop: module loaded
[    2.018859] twl 0-0048: PIH (irq 23) chaining IRQs 307..315
[    2.025390] twl 0-0048: power (irq 312) chaining IRQs 315..322
[    2.045745] VAUX1: at 3000 mV 
[    2.055603] usb_1v8: 1800 mV 
[    2.063262] VAUX3: at 2800 mV 
[    2.070709] VAUX4: at 2800 mV 
[    2.078277] VDD1: 600 <--> 1450 mV at 1200 mV 
[    2.087463] VDAC: 1800 mV 
[    2.097808] VIO: at 1800 mV 
[    2.109985] VINTANA1: 1500 mV 
[    2.118041] VINTANA2: at 2750 mV 
[    2.127441] VINTDIG: 1500 mV 
[    2.134216] VMMC1: 1850 <--> 3150 mV at 3150 mV 
[    2.144195] VMMC2: 1850 <--> 3150 mV at 2600 mV 
[    2.152770] VUSB1V5: 1500 mV 
[    2.158233] VUSB1V8: 1800 mV 
[    2.163604] VUSB3V1: 3100 mV 
[    2.171081] VPLL1: at 1800 mV 
[    2.178527] VPLL2: 1800 mV 
[    2.185424] VSIM: 1800 <--> 3000 mV at 1800 mV 
[    2.193878] twl4030_gpio twl4030-gpio: gpio (irq 307) chaining IRQs 323..340
[    2.289520] mtdoops: mtd device (mtddev=name/number) must be supplied
[    2.308044] usbcore: registered new interface driver asix
[    2.314147] usbcore: registered new interface driver ax88179_178a
[    2.320770] usbcore: registered new interface driver cdc_ether
[    2.327270] usbcore: registered new interface driver smsc95xx
[    2.333557] usbcore: registered new interface driver net1080
[    2.339721] usbcore: registered new interface driver cdc_subset
[    2.346191] usbcore: registered new interface driver zaurus
[    2.352416] usbcore: registered new interface driver cdc_ncm
[    2.360076] usbcore: registered new interface driver cdc_wdm
[    2.366455] usbcore: registered new interface driver usb-storage
[    2.373138] usbcore: registered new interface driver usbtest
[    2.383728] mousedev: PS/2 mouse device common for all mice
[    2.391143] twl4030_keypad 48070000.i2c:twl@48:keypad: OF: linux,keymap property not defined in /ocp/i2c@48070000/twl@48/keypad
[    2.403350] twl4030_keypad 48070000.i2c:twl@48:keypad: Failed to build keymap
[    2.410980] twl4030_keypad: probe of 48070000.i2c:twl@48:keypad failed with error -2
[    2.425567] input: twl4030_pwrbutton as /devices/68000000.ocp/48070000.i2c/i2c-0/0-0048/48070000.i2c:twl@48:pwrbutton/input/input1
[    2.447326] twl_rtc 48070000.i2c:twl@48:rtc: Power up reset detected.
[    2.456359] twl_rtc 48070000.i2c:twl@48:rtc: Enabling TWL-RTC
[    2.472015] twl_rtc 48070000.i2c:twl@48:rtc: rtc core: registered 48070000.i2c:twl@48 as rtc0
[    2.483276] i2c /dev entries driver
[    2.491058] Driver for 1-wire Dallas network protocol.
[    2.502471] omap_wdt: OMAP Watchdog Timer Rev 0x31: initial timeout 60 sec
[    2.575805] ledtrig-cpu: registered to indicate activity on CPUs
[    2.583068] usbcore: registered new interface driver usbhid
[    2.588958] usbhid: USB HID core driver
[    2.595825] oprofile: using arm/armv7
[    2.600524] TCP: cubic registered
[    2.604156] Initializing XFRM netlink socket
[    2.608825] NET: Registered protocol family 17
[    2.613677] NET: Registered protocol family 15
[    2.618804] Key type dns_resolver registered
[    2.623748] omap2_set_init_voltage: unable to find boot up OPP for vdd_mpu_iva
[    2.631408] omap2_set_init_voltage: unable to set vdd_mpu_iva
[    2.637512] omap2_set_init_voltage: unable to find boot up OPP for vdd_core
[    2.644897] omap2_set_init_voltage: unable to set vdd_core
[    2.655792] ThumbEE CPU extension supported.
[    2.660339] Registering SWP/SWPB emulation handler
[    2.665527] SmartReflex Class3 initialized
[    2.698699] hsusb2_vbus: 3300 mV 
[    2.710327] input: gpio_keys as /devices/gpio_keys/input/input2
[    2.722534] twl_rtc 48070000.i2c:twl@48:rtc: setting system clock to 2000-01-01 00:00:00 UTC (946684800)
[    2.732696] sr_init: No PMIC hook to init smartreflex
[    2.738677] smartreflex smartreflex.0: omap_sr_probe: SmartReflex driver initialized
[    2.747863] smartreflex smartreflex.1: omap_sr_probe: SmartReflex driver initialized
[    2.851715] mmc0: host does not support reading read-only switch. assuming write-enable.
[    2.863128] mmc0: new high speed SDHC card at address 1234
[    2.872772] mmcblk0: mmc0:1234 SA04G 3.63 GiB 
[    2.885986]  mmcblk0: p1 p2
[   14.941802] hsusb2_vbus: disabling
[   14.946502] VPLL2: disabling
[   14.950195] VUSB3V1: disabling
[   14.954772] VDAC: disabling
[   14.958526] VAUX3: disabling
[   14.981048] kjournald starting.  Commit interval 5 seconds
[   14.998626] EXT3-fs (mmcblk0p2): using internal journal
[   15.004272] EXT3-fs (mmcblk0p2): mounted filesystem with ordered data mode
[   15.011718] VFS: Mounted root (ext3 filesystem) on device 179:2.
[   15.024902] devtmpfs: mounted
[   15.028991] Freeing unused kernel memory: 404K (c07c7000 - c082c000)

INIT: version 2.88 booting

Error opening /dev/fb0: No such file or directory
/dev/ttyO2 linked to /dev/tty-bd - using as console
Starting udev
[   16.304595] udevd[867]: starting version 182
[   21.697723] random: nonblocking pool is initialized
[   30.084381] FAT-fs (mmcblk0p1): Volume was not properly unmounted. Some data may be corrupt. Please run fsck.
ERROR: could not open directory /lib/modules/3.17.0-rc2-next-20140829-00002-g816439d: No such file or directory
WARNING: -e needs -E or -F
ERROR: could not open directory /lib/modules/3.17.0-rc2-next-20140829-00002-g816439d: No such file or directory
FATAL: could not search modules: No such file or directory
Starting Bootlog daemon: bootlogd: cannot allocate pseudo tty: No such file or directory
bootlogd.
ALSA: Restoring mixer settings...
/usr/sbin/alsactl: load_state:1696: No soundcards found...
Configuring network interfaces... ifconfig: SIOCGIFFLAGS: No such device
done.
Mon Jan 31 18:02:00 UTC 2000

INIT: Entering runlevel: 3

/dev/ttyO2 linked to /dev/tty-bd - using as console
Starting system message bus: dbus.
Starting Dropbear SSH server: dropbear.
Starting telnet daemon.
Starting syslogd/klogd: done
Starting thttpd.
Starting Lighttpd Web Server: lighttpd.
2000-01-31 18:02:01: (log.c.166) server started 
***************************************************************
***************************************************************
NOTICE: This file system contains the followin GPLv3 packages:
	binutils-symlinks
	binutils
	gdbserver
	parted

If you do not wish to distribute GPLv3 components please remove
the above packages prior to distribution.  This can be done using
the opkg remove command.  i.e.:
    opkg remove <package>
Where <package> is the name printed in the list above

NOTE: If the package is a dependency of another package you
      will be notified of the dependent packages.  You should
      use the --force-removal-of-dependent-packages option to
      also remove the dependent packages as well
***************************************************************
***************************************************************
Stopping Bootlog daemon: bootlogd.

 _____                    _____           _         _   
|  _  |___ ___ ___ ___   |  _  |___ ___  |_|___ ___| |_ 
|     |  _| .'| . | . |  |   __|  _| . | | | -_|  _|  _|
|__|__|_| |__,|_  |___|  |__|  |_| |___|_| |___|___|_|  
              |___|                    |___|            

Arago Project http://arago-project.org GenericOMAP36xx(FlattenedDeviceTree) tty-bd

Arago 2013.12 GenericOMAP36xx(FlattenedDeviceTree) tty-bd

GenericOMAP36xx(FlattenedDeviceTree) login: 
- 05:34:47 [INFO] Host: root
- 05:34:48 [INFO] Target: 
root
root@GenericOMAP36xx(FlattenedDeviceTree):~# 
- 05:34:48 [INFO] Host: uname -a
- 05:34:49 [INFO] Target: 
uname -a
Linux GenericOMAP36xx(FlattenedDeviceTree) 3.17.0-rc2-next-20140829-00002-g816439d #1 SMP Mon Sep 1 05:27:45 CDT 2014 armv7l GNU/Linux
root@GenericOMAP36xx(FlattenedDeviceTree):~# 
- 05:34:49 [INFO] Host: cat /proc/cmdline
- 05:34:50 [INFO] Target: 
cat /proc/cmdline
console=ttyO2,115200n8  earlyprintk rootwait  ip=dhcp  root=/dev/mmcblk0p2 rw rootfstype=ext3 rootwait 
root@GenericOMAP36xx(FlattenedDeviceTree):~# 
- 05:34:50 [INFO] Host: uname -a
- 05:34:50 [INFO] Target: 
uname -a
Linux GenericOMAP36xx(FlattenedDeviceTree) 3.17.0-rc2-next-20140829-00002-g816439d #1 SMP Mon Sep 1 05:27:45 CDT 2014 armv7l GNU/Linux
root@GenericOMAP36xx(FlattenedDeviceTree):~# 
- 05:34:50 [INFO] Host: cat /proc/mtd
- 05:34:51 [INFO] Target: 
cat /proc/mtd
dev:    size   erasesize  name
root@GenericOMAP36xx(FlattenedDeviceTree):~# 
- 05:34:56 [INFO] Host: export IPERFHOST=128.247.105.47
- 05:34:57 [INFO] Target: 
export IPERFHOST=128.247.105.47
root@GenericOMAP36xx(FlattenedDeviceTree):~# 
- 05:34:57 [INFO] Host: export NFS_SERVER=128.247.105.47
- 05:34:57 [INFO] Target: 
export NFS_SERVER=128.247.105.47
root@GenericOMAP36xx(FlattenedDeviceTree):~# 
- 05:34:57 [INFO] Host: export NFS_ROOT_PATH=/usr/workdir/filesys/linux/bbxm
- 05:34:58 [INFO] Target: 
export NFS_ROOT_PATH=/usr/workdir/f 
ilesys/linux/bbxm
root@GenericOMAP36xx(FlattenedDeviceTree):~# 
- 05:34:58 [INFO] Host: mkdir -p -m 777 /test
- 05:34:59 [INFO] Target: 
mkdir -p -m 777 /test
root@GenericOMAP36xx(FlattenedDeviceTree):~# 
- 05:34:59 [INFO] Host: cd /test
- 05:34:59 [INFO] Target: 
cd /test
root@GenericOMAP36xx(FlattenedDeviceTree):/test# 
- 05:34:59 [INFO] Host: cat > test.sh << EOF
- 05:35:00 [INFO] Target: 
cat > test.sh << EOF
> 
- 05:35:00 [INFO] Host: failtest() {

- 05:35:00 [INFO] Target: 
failtest() {
> 
- 05:35:00 [INFO] Host:   echo 1 >&3

- 05:35:01 [INFO] Target: 
  echo 1 >&3
> 
- 05:35:01 [INFO] Host: }

- 05:35:02 [INFO] Target: 
}
> 
- 05:35:02 [INFO] Host: timeout=600

- 05:35:02 [INFO] Target: 
timeout=600
> 
- 05:35:02 [INFO] Host: 

- 05:35:03 [INFO] Target: 

> 
- 05:35:03 [INFO] Host: # Start of user's script logic

- 05:35:03 [INFO] Target: 
# Start of user's script logic
> 
- 05:35:03 [INFO] Host: 

- 05:35:04 [INFO] Target: 

> 
- 05:35:04 [INFO] Host: 

- 05:35:04 [INFO] Target: 

> 
- 05:35:04 [INFO] Host: mount -t proc proc /proc 2>/dev/null;

- 05:35:05 [INFO] Target: 
mount -t proc proc /proc 2>/dev/null;
> 
- 05:35:05 [INFO] Host: 

- 05:35:06 [INFO] Target: 

> 
- 05:35:06 [INFO] Host: mount -t sysfs sys /sys 2>/dev/null;

- 05:35:06 [INFO] Target: 
mount -t sysfs sys /sys 2>/dev/null;
> 
- 05:35:06 [INFO] Host: 

- 05:35:07 [INFO] Target: 

> 
- 05:35:07 [INFO] Host: mount -t debugfs none /sys/kernel/debug 2>/dev/null;

- 05:35:07 [INFO] Target: 
mount -t debugfs none /sys/kernel/debug 2>/dev/null;
> 
- 05:35:07 [INFO] Host: 

- 05:35:08 [INFO] Target: 

> 
- 05:35:08 [INFO] Host: echo 'cpuinfo:';cat /proc/cpuinfo; echo '=======';

- 05:35:09 [INFO] Target: 
echo 'cpuinfo:';cat /proc/cpuinfo; echo '=======';
> 
- 05:35:09 [INFO] Host: 

- 05:35:09 [INFO] Target: 

> 
- 05:35:09 [INFO] Host: echo 'soc info:';head /sys/devices/soc0/* 2>/dev/null; echo '=======';

- 05:35:10 [INFO] Target: 
echo 'soc info:';head /sys/devices/soc0/* 2>/dev/null; echo '=======';
> 
- 05:35:10 [INFO] Host: 

- 05:35:10 [INFO] Target: 

> 
- 05:35:10 [INFO] Host: echo 'interrupts:';cat /proc/interrupts; echo '=======';

- 05:35:11 [INFO] Target: 
echo 'interrupts:';cat /proc/interrupts; echo '=======';
> 
- 05:35:11 [INFO] Host: 

- 05:35:11 [INFO] Target: 

> 
- 05:35:11 [INFO] Host: echo 'Clk_summary:';cat /sys/kernel/debug/clk/clk_summary; echo '=======';

- 05:35:12 [INFO] Target: 
echo 'Clk_summary:';cat /sys/kernel/debug/clk/clk_summary; echo '=======';
> 
- 05:35:12 [INFO] Host: 

- 05:35:13 [INFO] Target: 

> 
- 05:35:13 [INFO] Host: echo 'Orphan Clks:';ls /sys/kernel/debug/clk/orphans/; echo '=======';

- 05:35:13 [INFO] Target: 
echo 'Orphan Clks:';ls /sys/kernel/debug/clk/orphans/; echo '=======';
> 
- 05:35:13 [INFO] Host: 

- 05:35:14 [INFO] Target: 

> 
- 05:35:14 [INFO] Host: echo 'H''ello World' 'B''oard Booted';

- 05:35:14 [INFO] Target: 
echo 'H''ello World' 'B''oard Booted';
> 
- 05:35:14 [INFO] Host: 

- 05:35:15 [INFO] Target: 

> 
- 05:35:15 [INFO] Host: EOF
- 05:35:16 [INFO] Target: 
EOF
root@GenericOMAP36xx(FlattenedDeviceTree):/test# 
- 05:35:16 [INFO] Host: cd /test
- 05:35:16 [INFO] Target: 
cd /test
root@GenericOMAP36xx(FlattenedDeviceTree):/test# 
- 05:35:16 [INFO] Host: chmod +x test.sh
- 05:35:17 [INFO] Target: 
chmod +x test.sh
root@GenericOMAP36xx(FlattenedDeviceTree):/test# 
- 05:35:17 [INFO] Host: ./test.sh 2> stderr.log > stdout.log 3> result.log
- 05:35:17 [INFO] Target: 
./test.sh 2> stderr.log > stdou 
t.log 3> result.log
root@GenericOMAP36xx(FlattenedDeviceTree):/test# 
- 05:35:17 [INFO] Host: echo $?
- 05:35:18 [INFO] Target: 
echo $?
0
root@GenericOMAP36xx(FlattenedDeviceTree):/test# 
- 05:35:18 [INFO] Host: cd /test
- 05:35:18 [INFO] Target: 
cd /test
root@GenericOMAP36xx(FlattenedDeviceTree):/test# 
- 05:35:18 [INFO] Host: cat stdout.log
- 05:35:21 [INFO] Target: 
cat stdout.log
cpuinfo:
processor	: 0
model name	: ARMv7 Processor rev 2 (v7l)
Features	: half thumb fastmult vfp edsp thumbee neon vfpv3 tls vfpd32 
CPU implementer	: 0x41
CPU architecture: 7
CPU variant	: 0x3
CPU part	: 0xc08
CPU revision	: 2

Hardware	: Generic OMAP36xx (Flattened Device Tree)
Revision	: 0000
Serial		: 0000000000000000
=======
soc info:
==> /sys/devices/soc0/family <==
OMAP3

==> /sys/devices/soc0/machine <==
OMAP3630

==> /sys/devices/soc0/power <==

==> /sys/devices/soc0/revision <==
ES1.2

==> /sys/devices/soc0/subsystem <==

==> /sys/devices/soc0/type <==
GP

==> /sys/devices/soc0/uevent <==
=======
interrupts:
           CPU0       
 23:          0      INTC   7  TWL4030-PIH
 25:          0      INTC   9  l3-debug-irq
 26:          0      INTC  10  l3-app-irq
 28:          0      INTC  12  DMA
 29:       2395      INTC  13  omap-dma-engine
 36:          0      INTC  20  gpmc
 53:       2512      INTC  37  gp_timer
 72:       1072      INTC  56  48070000.i2c
 73:          0      INTC  57  48072000.i2c
 77:          0      INTC  61  48060000.i2c
 90:       3180      INTC  74  OMAP UART2
 99:       4724      INTC  83  mmc0
274:        942      PRCM  pm_wkup
283:          2      PRCM  pinctrl, pinctrl, pinctrl, pm_io
306:          1   pinctrl 366  OMAP UART2
307:          0   twl4030   0  twl4030_gpio
312:          0   twl4030   5  twl4030_power
315:          0   twl4030   8  twl4030_pwrbutton
318:          0   twl4030  11  rtc0
345:          0      GPIO   4  user
IPI0:          0  CPU wakeup interrupts
IPI1:          0  Timer broadcast interrupts
IPI2:          0  Rescheduling interrupts
IPI3:          0  Function call interrupts
IPI4:          0  Single function call interrupts
IPI5:          0  CPU stop interrupts
IPI6:          0  IRQ work interrupts
IPI7:          0  completion interrupts
Err:          0
=======
Clk_summary:
   clock                         enable_cnt  prepare_cnt        rate   accuracy
--------------------------------------------------------------------------------
 secure_32k_fck                           0            1       32768          0
    wdt1_fck                              0            0       32768          0
    gpt12_fck                             0            1       32768          0
 dummy_ck                                 0            0           0          0
 mcbsp_clks                               0            5           0          0
 sys_altclk                               0            0           0          0
 virt_38_4m_ck                            0            0    38400000          0
 virt_26000000_ck                         1            1    26000000          0
    osc_sys_ck                            1            1    26000000          0
       sys_clkout1                        0            0    26000000          0
       sys_ck                             3           18    13000000          0
          cpefuse_fck                     0            0    13000000          0
          dpll5_ck                        0            1   120000000          0
             dpll5_m2_ck                  0            1   120000000          0
                usbhost_120m_fck           0            0   120000000          0
                usbtll_fck                0            1   120000000          0
                dpll5_m2_d4_ck            0            0    30000000          0
                dpll5_m2_d8_ck            0            0    15000000          0
                dpll5_m2_d16_ck           0            0     7500000          0
                dpll5_m2_d20_ck           0            0     6000000          0
          sys_d2_ck                       0            0     6500000          0
             usim_fck                     0            0     6500000          0
          modem_fck                       0            0    13000000          0
          dpll2_ck                        0            1   260000000          0
             dpll2_m2_ck                  0            1   260000000          0
                iva2_ck                   0            2   260000000          0
          sr2_fck                         0            1    13000000          0
          sr1_fck                         0            1    13000000          0
          traceclk_src_fck                0            0    13000000          0
             traceclk_fck                 0            0    13000000          0
          emu_src_mux_ck                  0            1    13000000          0
             emu_src_ck                   0            1    13000000          0
                atclk_fck                 0            0    13000000          0
                pclkx2_fck                0            0    13000000          0
                pclk_fck                  0            0     6500000          0
          gpt9_fck                        0            1    13000000          0
          gpt8_fck                        0            1    13000000          0
          gpt7_fck                        0            1    13000000          0
          gpt6_fck                        0            1    13000000          0
          gpt5_fck                        0            1    13000000          0
          gpt4_fck                        0            1    13000000          0
          gpt3_fck                        0            1    13000000          0
          gpt2_fck                        0            1    13000000          0
          dss2_alwon_fck                  0            2    13000000          0
          dpll1_ck                        0            1   600000000          0
             dpll1_x2_ck                  0            1  1200000000          0
                dpll1_x2m2_ck             0            1  1200000000          0
                   mpu_ck                 0            1  1200000000          0
                      emu_mpu_alwon_ck           0            0  1200000000          0
                      arm_fck             0            1   600000000          0
          dpll3_ck                        1            1   400000000          0
             dpll3_m2_ck                  1            1   400000000          0
                core_ck                   1            1   400000000          0
                   core_d2_ck             0            0   200000000          0
                      sgx_fck             0            0   200000000          0
                   core_d6_ck             0            0    66666666          0
                   core_d4_ck             0            0   100000000          0
                   core_d3_ck             0            0   133333333          0
                   dpll2_fck              0            0   400000000          0
                   l3_ick                 2            3   200000000          0
                      sgx_ick             0            0   200000000          0
                      mad2d_ick           0            0   200000000          0
                      sad2d_ick           0            1   200000000          0
                      security_l3_ick           0            0   200000000          0
                         pka_ick           0            0   200000000          0
                      core_l3_ick           8           10   200000000          0
                         hsotgusb_ick_3430es2           0            1   200000000          0
                         gpmc_fck           2            2   200000000          0
                         sdrc_ick           1            1   200000000          0
                      l4_ick              6            7   100000000          0
                         usbhost_ick           1            1   100000000          0
                         dss_ick_3430es2           4            6   100000000          0
                         sr_l4_ick           2            2   100000000          0
                         ssi_l4_ick           0            0   100000000          0
                            ssi_ick_3430es2           0            0   100000000          0
                         cam_ick           0            1   100000000          0
                         security_l4_ick2           0            0   100000000          0
                            des1_ick           0            0   100000000          0
                            sha11_ick           0            0   100000000          0
                            rng_ick           0            0   100000000          0
                            aes1_ick           0            0   100000000          0
                         per_l4_ick          14           18   100000000          0
                            mcbsp4_ick           2            2   100000000          0
                            mcbsp3_ick           2            2   100000000          0
                            mcbsp2_ick           1            1   100000000          0
                            gpt2_ick           1            1   100000000          0
                            gpt3_ick           1            1   100000000          0
                            gpt4_ick           1            1   100000000          0
                            gpt5_ick           1            1   100000000          0
                            gpt6_ick           1            1   100000000          0
                            gpt7_ick           1            1   100000000          0
                            gpt8_ick           1            1   100000000          0
                            gpt9_ick           1            1   100000000          0
                            uart4_ick           1            1   100000000          0
                            uart3_ick           1            1   100000000          0
                            wdt3_ick           0            0   100000000          0
                            gpio2_ick           0            1   100000000          0
                            gpio3_ick           0            1   100000000          0
                            gpio4_ick           0            1   100000000          0
                            gpio5_ick           1            1   100000000          0
                            gpio6_ick           0            1   100000000          0
                         core_l4_ick          21           23   100000000          0
                            mmchs3_ick           1            1   100000000          0
                            usbtll_ick           1            1   100000000          0
                            mailboxes_ick           0            1   100000000          0
                            mspro_ick           0            0   100000000          0
                            des2_ick           0            0   100000000          0
                            icr_ick           0            0   100000000          0
                            sha12_ick           1            2   100000000          0
                            aes2_ick           1            2   100000000          0
                            omapctrl_ick           1            1   100000000          0
                            mcbsp1_ick           1            1   100000000          0
                            mcbsp5_ick           1            1   100000000          0
                            gpt10_ick           1            1   100000000          0
                            gpt11_ick           1            1   100000000          0
                            uart1_ick           1            1   100000000          0
                            uart2_ick           1            1   100000000          0
                            i2c1_ick           1            1   100000000          0
                            i2c2_ick           1            1   100000000          0
                            i2c3_ick           1            1   100000000          0
                            mcspi1_ick           1            1   100000000          0
                            mcspi2_ick           1            1   100000000          0
                            mcspi3_ick           1            1   100000000          0
                            mcspi4_ick           1            1   100000000          0
                            hdq_ick           0            1   100000000          0
                            mmchs1_ick           1            1   100000000          0
                            mmchs2_ick           1            1   100000000          0
                         rm_ick           0            0    50000000          0
                   dpll1_fck              0            0   200000000          0
                dpll3_m2x2_ck             0            0   800000000          0
                   corex2_fck             0            0   800000000          0
                      ssi_ssr_fck_3430es2           0            0   266666667          0
                         ssi_sst_fck_3430es2           0            0   133333333          0
                      corex2_d5_fck           0            0   160000000          0
                      corex2_d3_fck           0            0   266666666          0
             dpll3_m3_ck                  0            0   200000000          0
                dpll3_m3x2_mul_ck           0            0   400000000          0
                   dpll3_m3x2_ck           0            0   400000000          0
                      emu_core_alwon_ck           0            0   400000000          0
             dpll3_x2_ck                  0            0   800000000          0
          dpll4_ck                        1            3   864000000          0
             dpll4_m6_ck                  0            0   288000000          0
                dpll4_m6x2_mul_ck           0            0   288000000          0
                   dpll4_m6x2_ck           0            0   288000000          0
                      emu_per_alwon_ck           0            0   288000000          0
             dpll4_m5_ck                  0            0   216000000          0
                dpll4_m5x2_mul_ck           0            0   216000000          0
                   dpll4_m5x2_ck           0            0   216000000          0
                      cam_mclk            0            0   216000000          0
             dpll4_m4_ck                  0            1    96000000          0
                dpll4_m4x2_mul_ck           0            1    96000000          0
                   dpll4_m4x2_ck           0            1    96000000          0
                      dss1_alwon_fck_3430es2           0            4    96000000          0
             dpll4_m3_ck                  0            1    54000000          0
                dpll4_m3x2_mul_ck           0            1    54000000          0
                   dpll4_m3x2_ck           0            1    54000000          0
                      omap_54m_fck           0            1    54000000          0
                         dss_tv_fck           0            2    54000000          0
                         clkout2_src_ck           0            0    54000000          0
                            sys_clkout2           0            0    54000000          0
             dpll4_m2_ck                  1            1    96000000          0
                dpll4_m2x2_mul_ck           1            1    96000000          0
                   dpll4_m2x2_ck           1            1    96000000          0
                      omap_192m_alwon_fck           0            0    96000000          0
                      omap_96m_alwon_fck           1            2    96000000          0
                         per_96m_fck           0            6    96000000          0
                            mcbsp4_fck           0            1    96000000          0
                            mcbsp3_fck           0            2    96000000          0
                            mcbsp2_fck           0            2    96000000          0
                         cm_96m_fck           1            2    96000000          0
                            cm_96m_d2_fck           1            1    48000000          0
                               omap_48m_fck           2            4    48000000          0
                                  usbhost_48m_fck           0            1    48000000          0
                                  per_48m_fck           2            2    48000000          0
                                     uart4_fck           1            1    48000000          0
                                     uart3_fck           1            1    48000000          0
                                  core_48m_fck           2            6    48000000          0
                                     uart1_fck           1            1    48000000          0
                                     uart2_fck           1            1    48000000          0
                                     mcspi1_fck           0            1    48000000          0
                                     mcspi2_fck           0            1    48000000          0
                                     mcspi3_fck           0            1    48000000          0
                                     mcspi4_fck           0            1    48000000          0
                                  omap_12m_fck           0            1    12000000          0
                                     core_12m_fck           0            1    12000000          0
                                        hdq_fck             0            1    12000000          0
                            omap_96m_fck           0            2    96000000          0
                               omap_96m_d10_fck           0            0     9600000          0
                               omap_96m_d8_fck           0            0    12000000          0
                               omap_96m_d4_fck           0            0    24000000          0
                               omap_96m_d2_fck           0            0    48000000          0
                               dss_96m_fck           0            2    96000000          0
                               core_96m_fck           0           10    96000000          0
                                  mcbsp1_fck           0            1    96000000          0
                                  mcbsp5_fck           0            1    96000000          0
                                  mmchs3_fck           0            1    96000000          0
                                  mspro_fck           0            0    96000000          0
                                  csi2_96m_fck           0            0    96000000          0
                                  i2c1_fck           0            1    96000000          0
                                  i2c2_fck           0            1    96000000          0
                                  i2c3_fck           0            1    96000000          0
                                  mmchs1_fck           0            1    96000000          0
                                  mmchs2_fck           0            1    96000000          0
             dpll4_x2_ck                  0            0  1728000000          0
          wkup_l4_ick                     5            5    13000000          0
             usim_ick                     0            0    13000000          0
             gpt1_ick                     1            1    13000000          0
             gpt12_ick                    1            1    13000000          0
             omap_32ksync_ick             1            1    13000000          0
             gpio1_ick                    1            1    13000000          0
             wdt1_ick                     0            0    13000000          0
             wdt2_ick                     1            1    13000000          0
 virt_19200000_ck                         0            0    19200000          0
 virt_13m_ck                              0            0    13000000          0
 virt_12m_ck                              0            0    12000000          0
 omap_32k_fck                             2            8       32768          0
    gpt1_fck                              1            1       32768          0
    ts_fck                                0            0       32768          0
    per_32k_alwon_fck                     0            5       32768          0
       wdt3_fck                           0            0       32768          0
       gpio2_dbck                         0            1       32768          0
       gpio3_dbck                         0            1       32768          0
       gpio4_dbck                         0            1       32768          0
       gpio5_dbck                         0            1       32768          0
       gpio6_dbck                         0            1       32768          0
    wkup_32k_fck                          2            3       32768          0
       wdt2_fck                           0            1       32768          0
       gpio1_dbck                         1            2       32768          0
    gpt11_fck                             0            1       32768          0
    gpt10_fck                             0            1       32768          0
 dummy_apb_pclk                           0            0           0          0
 virt_16_8m_ck                            0            0    16800000          0
=======
Orphan Clks:
=======
Hello World Board Booted
root@GenericOMAP36xx(FlattenedDeviceTree):/test# 
- 05:35:21 [INFO] Host: cat stderr.log
- 05:35:21 [INFO] Target: 
cat stderr.log
ls: /sys/kernel/debug/clk/orphans/: No such file or directory
root@GenericOMAP36xx(FlattenedDeviceTree):/test# 
- 05:35:21 [INFO] Host: cat result.log
- 05:35:23 [ERROR] On command: cat result.log waiting for (?m-ix:^1[\0\n\r]+) >>> error: execution expired
- 05:35:23 [INFO] Target: 
cat result.log
root@GenericOMAP36xx(FlattenedDeviceTree):/test# 
- 05:35:23 [INFO] Host: cd /test
- 05:35:24 [INFO] Target: 
cd /test
root@GenericOMAP36xx(FlattenedDeviceTree):/test# 
