- 05:41:43 [INFO] Starting target session
- 05:41:44 [INFO] Connected to beagleboard via serial 
- 05:41:44 [INFO] Host: #check prompt
- 05:41:47 [ERROR] On command: #check prompt waiting for #check prompt.+?(?-mix:((?-mix:.*\s+login)|[Pp]assword)) >>> error: execution expired
- 05:41:47 [INFO] Target: 
#check prompt
root@beagleboard:/test# 
- 05:41:47 [INFO] Host: #check prompt
- 05:41:47 [INFO] Target: 
#check prompt
root@beagleboard:/test# 
- 05:41:47 [INFO] Host: sync;poweroff
- 05:42:01 [INFO] Target: 
sync;poweroff
INIT: Switching to runlevel: 
Broadcast message from root@beagleboard (ttyO2) (Thu Apr 16 02:37:59 2015):
INIT: Sending processes the TERM signal
The system is going down for system halt NOW!
root@beagleboard:/test# 
INIT: Sending processesStopping syslogd/klogd: stopped syslogd (pid 1171)
stopped klogd (pid 1174)
done
Deconfiguring network interfaces... ifdown: interface eth0 not configured
ifdown: interface usb0 not configured
done.
Sending all processes the TERM signal...
Sending all processes the KILL signal...
Unmounting remote filesystems...
Deactivating swap...
Unmounting local filesystems...
[ 2781.349212] reboot: System halted
- 05:42:01 [INFO] Disconnected serial from beagleboard
- 05:42:24 [INFO] Connected to beagleboard via serial 
- 05:42:24 [INFO] Host: 
- 05:42:24 [INFO] Target: 
U-Boot# 
U-Boot# 
U-Boot# 
U-Boot# 
- 05:42:24 [INFO] Host: 
- 05:42:24 [INFO] Target: 
Boot# 
U-Boot# 
- 05:42:24 [INFO] Host: version
- 05:42:24 [INFO] Target: 
version
U-Boot 2014.10-00004-g9ade0ab (Dec 05 2014 - 14:01:52)
arm-linux-gnueabi-gcc (Ubuntu/Linaro 4.6.3-1ubuntu5) 4.6.3
GNU ld (GNU Binutils for Ubuntu) 2.22
U-Boot# 
- 05:42:24 [INFO] Host: setenv bootargs 'console=ttyO2,115200n8  earlyprintk rootwait '
- 05:42:25 [INFO] Target: 
setenv bootargs 'console=ttyO2,115200n8  earlyprintk rootwait '
U-Boot# 
- 05:42:25 [INFO] Host: setenv bootcmd  ''
- 05:42:25 [INFO] Target: 
setenv bootcmd  ''
U-Boot# 
- 05:42:25 [INFO] Host: setenv autoload 'no'
- 05:42:25 [INFO] Target: 
setenv autoload 'no'
U-Boot# 
- 05:42:25 [INFO] Host: setenv serverip '192.168.1.254'
- 05:42:25 [INFO] Target: 
setenv serverip '192.168.1.254'
U-Boot# 
- 05:42:25 [INFO] Host: setenv mmcdev ' '
- 05:42:25 [INFO] Target: 
setenv mmcdev ' '
U-Boot# 
- 05:42:25 [INFO] Host: printenv
- 05:42:25 [INFO] Target: 
printenv
arch=arm
autoload=no
baudrate=115200
beaglerev=xMC
board=beagle
board_name=beagle
bootargs=console=ttyO2,115200n8  earlyprintk rootwait 
bootcmd=
bootdelay=1
bootdir=/boot
bootenv=uEnv.txt
bootfile=uImage
bootm_size=0x08000000
bootpart=0:2
bootscript=echo Running bootscript from mmc${mmcdev} ...; source ${loadaddr}
buddy=none
camera=none
console=ttyO2,115200n8
cpu=armv7
defaultdisplay=dvi
dieid#=586000029ff80000016830101700b01f
dvimode=640x480MR-16@60
ethact=usb_ether
fdtaddr=0x80f80000
findfdt=if test $beaglerev = AxBx; then setenv fdtfile omap3-beagle.dtb; fi; if test $beaglerev = Cx; then setenv fdtfile omap3-beagle.dtb; fi; if test $beaglerev = C4; then setenv fdtfile omap3-beagle.dtb; fi; if test $beaglerev = xMAB; then setenv fdtfile omap3-beagle-xm-ab.dtb; fi; if test $beaglerev = xMC; then setenv fdtfile omap3-beagle-xm.dtb; fi; if test $fdtfile = undefined; then echo WARNING: Could not determine device tree to use; fi; 
importbootenv=echo Importing environment from mmc ...; env import -t -r $loadaddr $filesize
loadaddr=0x80200000
loadbootenv=fatload mmc ${mmcdev} ${loadaddr} ${bootenv}
loadbootscript=load mmc ${mmcdev} ${loadaddr} boot.scr
loadfdt=run validatefdt; load mmc ${bootpart} ${fdtaddr} ${bootdir}/${fdtfile}
loadimage=load mmc ${bootpart} ${loadaddr} ${bootdir}/${bootfile}
loadramdisk=load mmc ${bootpart} ${rdaddr} ${bootdir}/${ramdisk}
mmcargs=setenv bootargs console=${console} ${optargs} mpurate=${mpurate} buddy=${buddy} camera=${camera} vram=${vram} omapfb.mode=dvi:${dvimode} omapdss.def_disp=${defaultdisplay} root=${mmcroot} rootfstype=${mmcrootfstype}
mmcboot=echo Booting from mmc ...; run mmcargs; bootm ${loadaddr}
mmcbootz=echo Booting with DT from mmc${mmcdev} ...; run mmcargs; bootz ${loadaddr} - ${fdtaddr}
mmcdev= 
mmcroot=/dev/mmcblk0p2 rw
mmcrootfstype=ext3 rootwait
mpurate=auto
nandargs=setenv bootargs console=${console} ${optargs} mpurate=${mpurate} buddy=${buddy} camera=${camera} vram=${vram} omapfb.mode=dvi:${dvimode} omapdss.def_disp=${defaultdisplay} root=${nandroot} rootfstype=${nandrootfstype}
nandboot=echo Booting from nand ...; run nandargs; nand read ${loadaddr} 280000 400000; bootm ${loadaddr}
nandroot=ubi0:rootfs ubi.mtd=4
nandrootfstype=ubifs
ramargs=setenv bootargs console=${console} ${optargs} mpurate=${mpurate} buddy=${buddy} vram=${vram} omapfb.mode=dvi:${dvimode} omapdss.def_disp=${defaultdisplay} root=${ramroot} rootfstype=${ramrootfstype}
ramboot=echo Booting from ramdisk ...; run ramargs; bootm ${loadaddr}
ramdisk=ramdisk.gz
ramroot=/dev/ram0 rw ramdisk_size=65536 initrd=0x81000000,64M
ramrootfstype=ext2
rdaddr=0x81000000
serverip=192.168.1.254
soc=omap3
stderr=serial
stdin=serial
stdout=serial
usbethaddr=02:1f:10:00:02:00
usbtty=cdc_acm
userbutton=if gpio input 173; then run userbutton_xm; else run userbutton_nonxm; fi;
userbutton_nonxm=gpio input 7;
userbutton_xm=gpio input 4;
validatefdt=if test $beaglerev = xMAB; then if test ! -e mmc ${bootpart} ${bootdir}/${fdtfile}; then setenv fdtfile omap3-beagle-xm.dtb; fi; fi; 
vendor=ti
ver=U-Boot 2014.10-00004-g9ade0ab (Dec 05 2014 - 14:01:52)
vram=12M
Environment size: 3233/131068 bytes
U-Boot# 
- 05:42:25 [INFO] Host: dcache off
- 05:42:25 [INFO] Target: 
dcache off
U-Boot# 
- 05:42:25 [INFO] Host: usb start
- 05:42:30 [INFO] Target: 
usb start
(Re)start USB...
USB0:   USB EHCI 1.00
scanning bus 0 for devices... 3 USB Device(s) found
       scanning usb for storage devices... 0 Storage Device(s) found
       scanning usb for ethernet devices... 1 Ethernet Device(s) found
U-Boot# 
- 05:42:30 [INFO] Host: printenv
- 05:42:30 [INFO] Target: 
printenv
arch=arm
autoload=no
baudrate=115200
beaglerev=xMC
board=beagle
board_name=beagle
bootargs=console=ttyO2,115200n8  earlyprintk rootwait 
bootcmd=
bootdelay=1
bootdir=/boot
bootenv=uEnv.txt
bootfile=uImage
bootm_size=0x08000000
bootpart=0:2
bootscript=echo Running bootscript from mmc${mmcdev} ...; source ${loadaddr}
buddy=none
camera=none
console=ttyO2,115200n8
cpu=armv7
defaultdisplay=dvi
dieid#=586000029ff80000016830101700b01f
dvimode=640x480MR-16@60
ethact=usb_ether
fdtaddr=0x80f80000
findfdt=if test $beaglerev = AxBx; then setenv fdtfile omap3-beagle.dtb; fi; if test $beaglerev = Cx; then setenv fdtfile omap3-beagle.dtb; fi; if test $beaglerev = C4; then setenv fdtfile omap3-beagle.dtb; fi; if test $beaglerev = xMAB; then setenv fdtfile omap3-beagle-xm-ab.dtb; fi; if test $beaglerev = xMC; then setenv fdtfile omap3-beagle-xm.dtb; fi; if test $fdtfile = undefined; then echo WARNING: Could not determine device tree to use; fi; 
importbootenv=echo Importing environment from mmc ...; env import -t -r $loadaddr $filesize
loadaddr=0x80200000
loadbootenv=fatload mmc ${mmcdev} ${loadaddr} ${bootenv}
loadbootscript=load mmc ${mmcdev} ${loadaddr} boot.scr
loadfdt=run validatefdt; load mmc ${bootpart} ${fdtaddr} ${bootdir}/${fdtfile}
loadimage=load mmc ${bootpart} ${loadaddr} ${bootdir}/${bootfile}
loadramdisk=load mmc ${bootpart} ${rdaddr} ${bootdir}/${ramdisk}
mmcargs=setenv bootargs console=${console} ${optargs} mpurate=${mpurate} buddy=${buddy} camera=${camera} vram=${vram} omapfb.mode=dvi:${dvimode} omapdss.def_disp=${defaultdisplay} root=${mmcroot} rootfstype=${mmcrootfstype}
mmcboot=echo Booting from mmc ...; run mmcargs; bootm ${loadaddr}
mmcbootz=echo Booting with DT from mmc${mmcdev} ...; run mmcargs; bootz ${loadaddr} - ${fdtaddr}
mmcdev= 
mmcroot=/dev/mmcblk0p2 rw
mmcrootfstype=ext3 rootwait
mpurate=auto
nandargs=setenv bootargs console=${console} ${optargs} mpurate=${mpurate} buddy=${buddy} camera=${camera} vram=${vram} omapfb.mode=dvi:${dvimode} omapdss.def_disp=${defaultdisplay} root=${nandroot} rootfstype=${nandrootfstype}
nandboot=echo Booting from nand ...; run nandargs; nand read ${loadaddr} 280000 400000; bootm ${loadaddr}
nandroot=ubi0:rootfs ubi.mtd=4
nandrootfstype=ubifs
ramargs=setenv bootargs console=${console} ${optargs} mpurate=${mpurate} buddy=${buddy} vram=${vram} omapfb.mode=dvi:${dvimode} omapdss.def_disp=${defaultdisplay} root=${ramroot} rootfstype=${ramrootfstype}
ramboot=echo Booting from ramdisk ...; run ramargs; bootm ${loadaddr}
ramdisk=ramdisk.gz
ramroot=/dev/ram0 rw ramdisk_size=65536 initrd=0x81000000,64M
ramrootfstype=ext2
rdaddr=0x81000000
serverip=192.168.1.254
soc=omap3
stderr=serial
stdin=serial
stdout=serial
usbethaddr=02:1f:10:00:02:00
usbtty=cdc_acm
userbutton=if gpio input 173; then run userbutton_xm; else run userbutton_nonxm; fi;
userbutton_nonxm=gpio input 7;
userbutton_xm=gpio input 4;
validatefdt=if test $beaglerev = xMAB; then if test ! -e mmc ${bootpart} ${bootdir}/${fdtfile}; then setenv fdtfile omap3-beagle-xm.dtb; fi; fi; 
vendor=ti
ver=U-Boot 2014.10-00004-g9ade0ab (Dec 05 2014 - 14:01:52)
vram=12M
Environment size: 3233/131068 bytes
U-Boot# 
- 05:42:30 [INFO] Host: setenv bootargs ''${bootargs}' ip=:::::eth0:dhcp '
- 05:42:30 [INFO] Target: 
setenv bootargs ''${bootargs}' ip=:::::eth0:dhcp '
U-Boot# 
- 05:42:30 [INFO] Host: setenv serverip '192.168.1.254'
- 05:42:30 [INFO] Target: 
setenv serverip '192.168.1.254'
U-Boot# 
- 05:42:30 [INFO] Host: setenv ipaddr dhcp
- 05:42:30 [INFO] Target: 
setenv ipaddr dhcp
U-Boot# 
- 05:42:30 [INFO] Host: setenv autoload 'no'
- 05:42:30 [INFO] Target: 
setenv autoload 'no'
U-Boot# 
- 05:42:30 [INFO] Host: dhcp
- 05:42:33 [INFO] Target: 
dhcp
ERROR: Need valid 'usbnet_devaddr' to be set
at drivers/usb/gadget/ether.c:2357/usb_eth_init()
Waiting for Ethernet connection... done.
BOOTP broadcast 1
BOOTP broadcast 2
DHCP client bound to address 192.168.1.151 (1051 ms)
U-Boot# 
- 05:42:33 [INFO] Host: setenv serverip '192.168.1.254'
- 05:42:33 [INFO] Target: 
setenv serverip '192.168.1.254'
U-Boot# 
- 05:42:33 [INFO] Host: tftp ${loadaddr} 192.168.1.254:vatf_2/402ef11e0828175324f71befef5d2b6a
- 05:42:45 [INFO] Target: 
tftp ${loadaddr} 192.168.1.254:vatf_2/402ef11e0828175324f71befef5d2b6a
Waiting for Ethernet connection... done.
Using sms0 device
TFTP from server 192.168.1.254; our IP address is 192.168.1.151
Filename 'vatf_2/402ef11e0828175324f71befef5d2b6a'.
Load address: 0x80200000
Loading: *EHCI timed out on TD - token=0x88008d80
T #################################################################
	 #################################################################
	 #################################################################
	 ###################################################
	 335 KiB/s
done
Bytes transferred = 3599528 (36eca8 hex)
U-Boot# 
- 05:42:45 [INFO] Host: tftp ${fdtaddr} 192.168.1.254:vatf_2/54fff92a7f35d15e89f1020babe9b56f
- 05:42:52 [INFO] Target: 
tftp ${fdtaddr} 192.168.1.254:vatf_2/54fff92a7f35d15e89f1020babe9b56f
Waiting for Ethernet connection... done.
Using sms0 device
TFTP from server 192.168.1.254; our IP address is 192.168.1.151
Filename 'vatf_2/54fff92a7f35d15e89f1020babe9b56f'.
Load address: 0x80f80000
Loading: *#####
	 11.7 KiB/s
done
Bytes transferred = 63200 (f6e0 hex)
U-Boot# 
- 05:42:52 [INFO] Host: ls mmc 0:1
- 05:42:52 [INFO] Target: 
ls mmc 0:1
    50564   mlo 
   392660   u-boot.img 
        4   ws-calibrate.rules 
3 file(s), 0 dir(s)
U-Boot# 
- 05:42:52 [INFO] Host: ls mmc 0:2
- 05:42:52 [INFO] Target: 
ls mmc 0:2
<DIR>       4096 .
<DIR>       4096 ..
<DIR>      16384 lost+found
<DIR>       4096 bin
<DIR>       4096 boot
<SYM>         37 cpufreq
<SYM>         37 cpuidle
<DIR>       4096 dev
<DIR>       4096 etc
<DIR>       4096 home
<DIR>       4096 lib
<DIR>       4096 media
<DIR>       4096 mnt
<DIR>       4096 opt
<DIR>       4096 proc
<SYM>          8 run
<DIR>       4096 sbin
<DIR>       4096 srv
<DIR>       4096 sys
<SYM>          8 tmp
<DIR>       4096 usr
<DIR>       4096 var
<DIR>       4096 www
<DIR>       4096 test
U-Boot# 
- 05:42:52 [INFO] Host: part uuid mmc 0:2
- 05:42:52 [INFO] Target: 
part uuid mmc 0:2
Unknown command 'part' - try 'help'
U-Boot# 
- 05:42:52 [INFO] Host: printenv
- 05:42:53 [INFO] Target: 
printenv
arch=arm
autoload=no
baudrate=115200
beaglerev=xMC
board=beagle
board_name=beagle
bootargs=console=ttyO2,115200n8  earlyprintk rootwait  ip=:::::eth0:dhcp 
bootcmd=
bootdelay=1
bootdir=/boot
bootenv=uEnv.txt
bootfile=uImage
bootm_size=0x08000000
bootpart=0:2
bootscript=echo Running bootscript from mmc${mmcdev} ...; source ${loadaddr}
buddy=none
camera=none
console=ttyO2,115200n8
cpu=armv7
defaultdisplay=dvi
dieid#=586000029ff80000016830101700b01f
dnsip=192.0.2.2
dvimode=640x480MR-16@60
ethact=sms0
fdtaddr=0x80f80000
fileaddr=80f80000
filesize=f6e0
findfdt=if test $beaglerev = AxBx; then setenv fdtfile omap3-beagle.dtb; fi; if test $beaglerev = Cx; then setenv fdtfile omap3-beagle.dtb; fi; if test $beaglerev = C4; then setenv fdtfile omap3-beagle.dtb; fi; if test $beaglerev = xMAB; then setenv fdtfile omap3-beagle-xm-ab.dtb; fi; if test $beaglerev = xMC; then setenv fdtfile omap3-beagle-xm.dtb; fi; if test $fdtfile = undefined; then echo WARNING: Could not determine device tree to use; fi; 
gatewayip=192.168.1.254
importbootenv=echo Importing environment from mmc ...; env import -t -r $loadaddr $filesize
ipaddr=192.168.1.151
loadaddr=0x80200000
loadbootenv=fatload mmc ${mmcdev} ${loadaddr} ${bootenv}
loadbootscript=load mmc ${mmcdev} ${loadaddr} boot.scr
loadfdt=run validatefdt; load mmc ${bootpart} ${fdtaddr} ${bootdir}/${fdtfile}
loadimage=load mmc ${bootpart} ${loadaddr} ${bootdir}/${bootfile}
loadramdisk=load mmc ${bootpart} ${rdaddr} ${bootdir}/${ramdisk}
mmcargs=setenv bootargs console=${console} ${optargs} mpurate=${mpurate} buddy=${buddy} camera=${camera} vram=${vram} omapfb.mode=dvi:${dvimode} omapdss.def_disp=${defaultdisplay} root=${mmcroot} rootfstype=${mmcrootfstype}
mmcboot=echo Booting from mmc ...; run mmcargs; bootm ${loadaddr}
mmcbootz=echo Booting with DT from mmc${mmcdev} ...; run mmcargs; bootz ${loadaddr} - ${fdtaddr}
mmcdev= 
mmcroot=/dev/mmcblk0p2 rw
mmcrootfstype=ext3 rootwait
mpurate=auto
nandargs=setenv bootargs console=${console} ${optargs} mpurate=${mpurate} buddy=${buddy} camera=${camera} vram=${vram} omapfb.mode=dvi:${dvimode} omapdss.def_disp=${defaultdisplay} root=${nandroot} rootfstype=${nandrootfstype}
nandboot=echo Booting from nand ...; run nandargs; nand read ${loadaddr} 280000 400000; bootm ${loadaddr}
nandroot=ubi0:rootfs ubi.mtd=4
nandrootfstype=ubifs
netmask=255.255.255.0
ramargs=setenv bootargs console=${console} ${optargs} mpurate=${mpurate} buddy=${buddy} vram=${vram} omapfb.mode=dvi:${dvimode} omapdss.def_disp=${defaultdisplay} root=${ramroot} rootfstype=${ramrootfstype}
ramboot=echo Booting from ramdisk ...; run ramargs; bootm ${loadaddr}
ramdisk=ramdisk.gz
ramroot=/dev/ram0 rw ramdisk_size=65536 initrd=0x81000000,64M
ramrootfstype=ext2
rdaddr=0x81000000
serverip=192.168.1.254
soc=omap3
stderr=serial
stdin=serial
stdout=serial
usbethaddr=02:1f:10:00:02:00
usbtty=cdc_acm
userbutton=if gpio input 173; then run userbutton_xm; else run userbutton_nonxm; fi;
userbutton_nonxm=gpio input 7;
userbutton_xm=gpio input 4;
validatefdt=if test $beaglerev = xMAB; then if test ! -e mmc ${bootpart} ${bootdir}/${fdtfile}; then setenv fdtfile omap3-beagle-xm.dtb; fi; fi; 
vendor=ti
ver=U-Boot 2014.10-00004-g9ade0ab (Dec 05 2014 - 14:01:52)
vram=12M
Environment size: 3374/131068 bytes
U-Boot# 
- 05:42:53 [INFO] Host: setenv bootargs ''${bootargs}' root=/dev/mmcblk0p2 rw rootfstype=ext3 rootwait '
- 05:42:53 [INFO] Target: 
setenv bootargs ''${bootargs}' root=/dev/mmcblk0p2 rw rootfstype=ext3 rootwait '
U-Boot# 
- 05:42:53 [INFO] Host: printenv
- 05:42:53 [INFO] Target: 
printenv
arch=arm
autoload=no
baudrate=115200
beaglerev=xMC
board=beagle
board_name=beagle
bootargs=console=ttyO2,115200n8  earlyprintk rootwait  ip=:::::eth0:dhcp  root=/dev/mmcblk0p2 rw rootfstype=ext3 rootwait 
bootcmd=
bootdelay=1
bootdir=/boot
bootenv=uEnv.txt
bootfile=uImage
bootm_size=0x08000000
bootpart=0:2
bootscript=echo Running bootscript from mmc${mmcdev} ...; source ${loadaddr}
buddy=none
camera=none
console=ttyO2,115200n8
cpu=armv7
defaultdisplay=dvi
dieid#=586000029ff80000016830101700b01f
dnsip=192.0.2.2
dvimode=640x480MR-16@60
ethact=sms0
fdtaddr=0x80f80000
fileaddr=80f80000
filesize=f6e0
findfdt=if test $beaglerev = AxBx; then setenv fdtfile omap3-beagle.dtb; fi; if test $beaglerev = Cx; then setenv fdtfile omap3-beagle.dtb; fi; if test $beaglerev = C4; then setenv fdtfile omap3-beagle.dtb; fi; if test $beaglerev = xMAB; then setenv fdtfile omap3-beagle-xm-ab.dtb; fi; if test $beaglerev = xMC; then setenv fdtfile omap3-beagle-xm.dtb; fi; if test $fdtfile = undefined; then echo WARNING: Could not determine device tree to use; fi; 
gatewayip=192.168.1.254
importbootenv=echo Importing environment from mmc ...; env import -t -r $loadaddr $filesize
ipaddr=192.168.1.151
loadaddr=0x80200000
loadbootenv=fatload mmc ${mmcdev} ${loadaddr} ${bootenv}
loadbootscript=load mmc ${mmcdev} ${loadaddr} boot.scr
loadfdt=run validatefdt; load mmc ${bootpart} ${fdtaddr} ${bootdir}/${fdtfile}
loadimage=load mmc ${bootpart} ${loadaddr} ${bootdir}/${bootfile}
loadramdisk=load mmc ${bootpart} ${rdaddr} ${bootdir}/${ramdisk}
mmcargs=setenv bootargs console=${console} ${optargs} mpurate=${mpurate} buddy=${buddy} camera=${camera} vram=${vram} omapfb.mode=dvi:${dvimode} omapdss.def_disp=${defaultdisplay} root=${mmcroot} rootfstype=${mmcrootfstype}
mmcboot=echo Booting from mmc ...; run mmcargs; bootm ${loadaddr}
mmcbootz=echo Booting with DT from mmc${mmcdev} ...; run mmcargs; bootz ${loadaddr} - ${fdtaddr}
mmcdev= 
mmcroot=/dev/mmcblk0p2 rw
mmcrootfstype=ext3 rootwait
mpurate=auto
nandargs=setenv bootargs console=${console} ${optargs} mpurate=${mpurate} buddy=${buddy} camera=${camera} vram=${vram} omapfb.mode=dvi:${dvimode} omapdss.def_disp=${defaultdisplay} root=${nandroot} rootfstype=${nandrootfstype}
nandboot=echo Booting from nand ...; run nandargs; nand read ${loadaddr} 280000 400000; bootm ${loadaddr}
nandroot=ubi0:rootfs ubi.mtd=4
nandrootfstype=ubifs
netmask=255.255.255.0
ramargs=setenv bootargs console=${console} ${optargs} mpurate=${mpurate} buddy=${buddy} vram=${vram} omapfb.mode=dvi:${dvimode} omapdss.def_disp=${defaultdisplay} root=${ramroot} rootfstype=${ramrootfstype}
ramboot=echo Booting from ramdisk ...; run ramargs; bootm ${loadaddr}
ramdisk=ramdisk.gz
ramroot=/dev/ram0 rw ramdisk_size=65536 initrd=0x81000000,64M
ramrootfstype=ext2
rdaddr=0x81000000
serverip=192.168.1.254
soc=omap3
stderr=serial
stdin=serial
stdout=serial
usbethaddr=02:1f:10:00:02:00
usbtty=cdc_acm
userbutton=if gpio input 173; then run userbutton_xm; else run userbutton_nonxm; fi;
userbutton_nonxm=gpio input 7;
userbutton_xm=gpio input 4;
validatefdt=if test $beaglerev = xMAB; then if test ! -e mmc ${bootpart} ${bootdir}/${fdtfile}; then setenv fdtfile omap3-beagle-xm.dtb; fi; fi; 
vendor=ti
ver=U-Boot 2014.10-00004-g9ade0ab (Dec 05 2014 - 14:01:52)
vram=12M
Environment size: 3423/131068 bytes
U-Boot# 
- 05:42:53 [INFO] Host: setenv bootcmd ''${bootcmd}' if iminfo ${loadaddr}; then bootm ${loadaddr} - ${fdtaddr}; else bootz ${loadaddr} - ${fdtaddr}; bootm ${loadaddr} - ${fdtaddr}; fi'
- 05:42:53 [INFO] Target: 
setenv bootcmd ''${bootcmd}' if iminfo ${loadaddr}; then bootm ${loadaddr} - ${fdtaddr}; else bootz ${loadaddr} - ${fdtaddr}; bootm ${loadaddr} - ${fdtaddr}; fi'
U-Boot# 
- 05:42:53 [INFO] Host: bdinfo
- 05:42:53 [INFO] Target: 
bdinfo
arch_number = 0x0000060A
boot_params = 0x80000100
DRAM bank   = 0x00000000
-> start    = 0x80000000
-> size     = 0x10000000
DRAM bank   = 0x00000001
-> start    = 0x90000000
-> size     = 0x10000000
eth0name    = usb_ether
ethaddr     = (not set)
eth1name    = sms0
eth1addr    = (not set)
current eth = sms0
ip_addr     = 192.168.1.151
baudrate    = 115200 bps
TLB addr    = 0x9FFF0000
relocaddr   = 0x9FF4C000
reloc off   = 0x1FE4C000
irq_sp      = 0x9EF2BEE0
sp start    = 0x9EF2BED0
U-Boot# 
- 05:42:53 [INFO] Host: mmc rescan
- 05:42:54 [INFO] Target: 
mmc rescan
U-Boot# 
- 05:42:54 [INFO] Host: fatwrite mmc ${mmcdev}:1 ${loadaddr} ws-calibrate.rules 4
- 05:42:54 [INFO] Target: 
fatwrite mmc ${mmcdev}:1 ${loadaddr} ws-calibrate.rules 4
writing ws-calibrate.rules
4 bytes written
U-Boot# 
- 05:42:54 [INFO] Host: boot
- 05:45:24 [ERROR] On command: boot waiting for boot.+?(?-mix:.*\s+login) >>> error: execution expired
- 05:45:24 [INFO] Target: 
boot
## Checking Image at 80200000 ...
Unknown image format!
Kernel image @ 0x80200000 [ 0x000000 - 0x36eca8 ]
## Flattened Device Tree blob at 80f80000
   Booting using the fdt blob at 0x80f80000
   Loading Device Tree to 87fed000, end 87fff6df ... OK
Starting kernel ...
[    0.000000] Booting Linux on physical CPU 0x0
[    0.000000] Initializing cgroup subsys cpuset
[    0.000000] Initializing cgroup subsys cpu
[    0.000000] Initializing cgroup subsys cpuacct
[    0.000000] Linux version 4.2.0-rc3-next-20150720-00002-gdb2494eab0df (nmenon@kahuna) (gcc version 4.6.3 (Ubuntu/Linaro 4.6.3-1ubuntu5) ) #1 SMP Mon Jul 20 05:37:59 CDT 2015
[    0.000000] CPU: ARMv7 Processor [413fc082] revision 2 (ARMv7), cr=10c5387d
[    0.000000] CPU: PIPT / VIPT nonaliasing data cache, VIPT aliasing instruction cache
[    0.000000] Machine model: TI OMAP3 BeagleBoard xM
[    0.000000] cma: Reserved 16 MiB at 0x9e800000
[    0.000000] Memory policy: Data cache writeback
[    0.000000] CPU: All CPU(s) started in SVC mode.
[    0.000000] OMAP3630 ES1.2 (l2cache iva sgx neon isp 192mhz_clk )
[    0.000000] PERCPU: Embedded 13 pages/cpu @df8f6000 s21056 r8192 d24000 u53248
[    0.000000] Built 1 zonelists in Zone order, mobility grouping on.  Total pages: 129408
[    0.000000] Kernel command line: console=ttyO2,115200n8  earlyprintk rootwait  ip=:::::eth0:dhcp  root=/dev/mmcblk0p2 rw rootfstype=ext3 rootwait 
[    0.000000] PID hash table entries: 2048 (order: 1, 8192 bytes)
[    0.000000] Dentry cache hash table entries: 65536 (order: 6, 262144 bytes)
[    0.000000] Inode-cache hash table entries: 32768 (order: 5, 131072 bytes)
[    0.000000] Memory: 481896K/522240K available (6635K kernel code, 749K rwdata, 2236K rodata, 440K init, 8263K bss, 23960K reserved, 16384K cma-reserved, 0K highmem)
[    0.000000] Virtual kernel memory layout:
[    0.000000]     vector  : 0xffff0000 - 0xffff1000   (   4 kB)
[    0.000000]     fixmap  : 0xffc00000 - 0xfff00000   (3072 kB)
[    0.000000]     vmalloc : 0xe0800000 - 0xff000000   ( 488 MB)
[    0.000000]     lowmem  : 0xc0000000 - 0xe0000000   ( 512 MB)
[    0.000000]     pkmap   : 0xbfe00000 - 0xc0000000   (   2 MB)
[    0.000000]     modules : 0xbf000000 - 0xbfe00000   (  14 MB)
[    0.000000]       .text : 0xc0008000 - 0xc08b1f84   (8872 kB)
[    0.000000]       .init : 0xc08b2000 - 0xc0920000   ( 440 kB)
[    0.000000]       .data : 0xc0920000 - 0xc09db4a0   ( 750 kB)
[    0.000000]        .bss : 0xc09de000 - 0xc11eff70   (8264 kB)
[    0.000000] Running RCU self tests
[    0.000000] Hierarchical RCU implementation.
[    0.000000] 	RCU lockdep checking is enabled.
[    0.000000] 	Build-time adjustment of leaf fanout to 32.
[    0.000000] 	RCU restricting CPUs from NR_CPUS=2 to nr_cpu_ids=1.
[    0.000000] RCU: Adjusting geometry for rcu_fanout_leaf=32, nr_cpu_ids=1
[    0.000000] NR_IRQS:16 nr_irqs:16 16
[    0.000000] IRQ: Found an INTC at 0xfa200000 (revision 4.0) with 96 interrupts
[    0.000000] Clocking rate (Crystal/Core/MPU): 26.0/400/600 MHz
[    0.000000] OMAP clockevent source: timer1 at 32768 Hz
[    0.000000] clocksource: 32k_counter: mask: 0xffffffff max_cycles: 0xffffffff, max_idle_ns: 58327039986419 ns
[    0.000000] sched_clock: 32 bits at 32kHz, resolution 30517ns, wraps every 65535999984741ns
[    0.000030] OMAP clocksource: 32k_counter at 32768 Hz
[    0.001281] Console: colour dummy device 80x30
[    0.001373] Lock dependency validator: Copyright (c) 2006 Red Hat, Inc., Ingo Molnar
[    0.001373] ... MAX_LOCKDEP_SUBCLASSES:  8
[    0.001403] ... MAX_LOCK_DEPTH:          48
[    0.001403] ... MAX_LOCKDEP_KEYS:        8191
[    0.001434] ... CLASSHASH_SIZE:          4096
[    0.001434] ... MAX_LOCKDEP_ENTRIES:     32768
[    0.001464] ... MAX_LOCKDEP_CHAINS:      65536
[    0.001464] ... CHAINHASH_SIZE:          32768
[    0.001464]  memory used by lock dependency info: 5167 kB
[    0.001495]  per task-struct memory footprint: 1536 bytes
[    0.001525] Calibrating delay loop... 594.73 BogoMIPS (lpj=2973696)
[    0.107360] pid_max: default: 32768 minimum: 301
[    0.107910] Security Framework initialized
[    0.108123] Mount-cache hash table entries: 1024 (order: 0, 4096 bytes)
[    0.108154] Mountpoint-cache hash table entries: 1024 (order: 0, 4096 bytes)
[    0.112640] Initializing cgroup subsys blkio
[    0.112762] Initializing cgroup subsys memory
[    0.112884] Initializing cgroup subsys devices
[    0.113006] Initializing cgroup subsys freezer
[    0.113220] Initializing cgroup subsys perf_event
[    0.113311] CPU: Testing write buffer coherency: ok
[    0.115325] CPU0: thread -1, cpu 0, socket -1, mpidr 0
[    0.115447] Setting up static identity map for 0x80008280 - 0x800082f0
[    0.122314] Brought up 1 CPUs
[    0.122344] SMP: Total of 1 processors activated (594.73 BogoMIPS).
[    0.122344] CPU: All CPU(s) started in SVC mode.
[    0.127044] devtmpfs: initialized
[    0.242797] VFP support v0.3: implementor 41 architecture 3 part 30 variant c rev 3
[    0.330017] omap_hwmod: mcbsp2_sidetone using broken dt data from mcbsp
[    0.332489] omap_hwmod: mcbsp3_sidetone using broken dt data from mcbsp
[    0.450653] clocksource: jiffies: mask: 0xffffffff max_cycles: 0xffffffff, max_idle_ns: 19112604462750000 ns
[    0.453765] pinctrl core: initialized pinctrl subsystem
[    0.461883] NET: Registered protocol family 16
[    0.471130] DMA: preallocated 256 KiB pool for atomic coherent allocations
[    0.474182] cpuidle: using governor ladder
[    0.474243] cpuidle: using governor menu
[    0.474975] Reprogramming SDRC clock to 400000000 Hz
[    0.488800] omap_gpio 48310000.gpio: could not find pctldev for node /ocp/l4@48000000/scm@2000/pinmux@a00/pinmux_gpio1_pins, deferring probe
[    0.492828] OMAP GPIO hardware version 2.5
[    0.507141] irq: no irq domain found for /ocp/l4@48000000/scm@2000/pinmux@30 !
[    0.534240] omap-gpmc 6e000000.gpmc: GPMC revision 5.0
[    0.534515] gpmc_mem_init: disabling cs 0 mapped at 0x0-0x1000000
[    0.537567] platform 48058000.ssi-controller: Cannot lookup hwmod 'ssi'
[    0.549774] No ATAGs?
[    0.549804] hw-breakpoint: debug architecture 0x4 unsupported.
[    0.552734] omap4_sram_init:Unable to allocate sram needed to handle errata I688
[    0.552764] omap4_sram_init:Unable to get sram pool needed to handle errata I688
[    0.554748] OMAP DMA hardware revision 5.0
[    0.608673] omap-dma-engine 48056000.dma-controller: OMAP DMA engine driver
[    0.615844] SCSI subsystem initialized
[    0.623352] omap_i2c 48070000.i2c: bus 0 rev4.4 at 2600 kHz
[    0.625366] omap_i2c 48072000.i2c: bus 1 rev4.4 at 400 kHz
[    0.627227] omap_i2c 48060000.i2c: bus 2 rev4.4 at 100 kHz
[    0.627899] pps_core: LinuxPPS API ver. 1 registered
[    0.627929] pps_core: Software ver. 5.3.6 - Copyright 2005-2007 Rodolfo Giometti <giometti@linux.it>
[    0.628051] PTP clock support registered
[    0.634460] clocksource: Switched to clocksource 32k_counter
[    0.879272] NET: Registered protocol family 2
[    0.882080] TCP established hash table entries: 4096 (order: 2, 16384 bytes)
[    0.882232] TCP bind hash table entries: 4096 (order: 5, 147456 bytes)
[    0.884613] TCP: Hash tables configured (established 4096 bind 4096)
[    0.884948] UDP hash table entries: 256 (order: 2, 20480 bytes)
[    0.885253] UDP-Lite hash table entries: 256 (order: 2, 20480 bytes)
[    0.886749] NET: Registered protocol family 1
[    0.889282] RPC: Registered named UNIX socket transport module.
[    0.889312] RPC: Registered udp transport module.
[    0.889312] RPC: Registered tcp transport module.
[    0.889343] RPC: Registered tcp NFSv4.1 backchannel transport module.
[    0.895843] hw perfevents: Failed to parse /pmu/interrupt-affinity[0]
[    0.895996] hw perfevents: enabled with armv7_cortex_a8 PMU driver, 5 counters available
[    0.904663] futex hash table entries: 256 (order: 2, 16384 bytes)
[    0.905029] audit: initializing netlink subsys (disabled)
[    0.905364] audit: type=2000 audit(0.890:1): initialized
[    0.911712] VFS: Disk quotas dquot_6.6.0
[    0.911895] VFS: Dquot-cache hash table entries: 1024 (order 0, 4096 bytes)
[    0.916198] NFS: Registering the id_resolver key type
[    0.916809] Key type id_resolver registered
[    0.916839] Key type id_legacy registered
[    0.917114] jffs2: version 2.2. (NAND) (SUMMARY)   2001-2006 Red Hat, Inc.
[    0.924102] io scheduler noop registered
[    0.924133] io scheduler deadline registered
[    0.924438] io scheduler cfq registered (default)
[    0.928466] pinctrl-single 48002030.pinmux: 284 pins at pa fa002030 size 568
[    0.929290] pinctrl-single 48002a00.pinmux: 46 pins at pa fa002a00 size 92
[    0.930786] pinctrl-single 480025a0.pinmux: 46 pins at pa fa0025a0 size 92
[    0.938568] Serial: 8250/16550 driver, 4 ports, IRQ sharing enabled
[    0.948181] omap_uart 4806a000.serial: no wakeirq for uart0
[    0.949096] 4806a000.serial: ttyO0 at MMIO 0x4806a000 (irq = 88, base_baud = 3000000) is a OMAP UART0
[    0.952087] omap_uart 4806c000.serial: no wakeirq for uart1
[    0.952545] 4806c000.serial: ttyO1 at MMIO 0x4806c000 (irq = 89, base_baud = 3000000) is a OMAP UART1
[    0.956054] 49020000.serial: ttyO2 at MMIO 0x49020000 (irq = 90, base_baud = 3000000) is a OMAP UART2
[    1.797851] console [ttyO2] enabled
[    1.804595] omap_uart 49042000.serial: no wakeirq for uart3
[    1.810974] 49042000.serial: ttyO3 at MMIO 0x49042000 (irq = 96, base_baud = 3000000) is a OMAP UART3
[    1.866729] brd: module loaded
[    1.896789] loop: module loaded
[    1.932861] twl 0-0048: PIH (irq 23) chaining IRQs 307..315
[    1.939361] twl 0-0048: power (irq 312) chaining IRQs 315..322
[    2.011535] twl4030_gpio twl4030-gpio: gpio (irq 307) chaining IRQs 323..340
[    2.103424] mtdoops: mtd device (mtddev=name/number) must be supplied
[    2.130340] mousedev: PS/2 mouse device common for all mice
[    2.136383] i2c /dev entries driver
[    2.195556] ledtrig-cpu: registered to indicate activity on CPUs
[    2.204132] oprofile: using arm/armv7
[    2.209197] Initializing XFRM netlink socket
[    2.214447] NET: Registered protocol family 10
[    2.225372] sit: IPv6 over IPv4 tunneling driver
[    2.233642] NET: Registered protocol family 17
[    2.238616] NET: Registered protocol family 15
[    2.243865] Key type dns_resolver registered
[    2.248901] omap2_set_init_voltage: unable to find boot up OPP for vdd_mpu_iva
[    2.256591] omap2_set_init_voltage: unable to set vdd_mpu_iva
[    2.262695] omap2_set_init_voltage: unable to find boot up OPP for vdd_core
[    2.270080] omap2_set_init_voltage: unable to set vdd_core
[    2.281280] ThumbEE CPU extension supported.
[    2.285980] Registering SWP/SWPB emulation handler
[    2.291046] SmartReflex Class3 initialized
[    2.325042] hctosys: unable to open rtc device (rtc0)
[    2.330413] sr_init: No PMIC hook to init smartreflex
[    2.336425] smartreflex smartreflex.0: omap_sr_probe: SmartReflex driver initialized
[    2.345703] smartreflex smartreflex.1: omap_sr_probe: SmartReflex driver initialized
[    2.452362] mmc0: host does not support reading read-only switch, assuming write-enable
[    2.463043] mmc0: new high speed SDHC card at address 0001
[    2.472442] mmcblk0: mmc0:0001 00000 3.79 GiB 
[    2.483459]  mmcblk0: p1 p2
[   14.554870] hsusb2_vbus: disabling
[   14.559417] VPLL2: disabling
[   14.563385] VUSB3V1: disabling
[   14.568572] VDAC: disabling
[   14.572723] VAUX3: disabling
[   14.598480] kjournald starting.  Commit interval 5 seconds
[   14.615112] EXT3-fs (mmcblk0p2): using internal journal
[   14.620666] EXT3-fs (mmcblk0p2): mounted filesystem with ordered data mode
[   14.628173] VFS: Mounted root (ext3 filesystem) on device 179:2.
[   14.639862] devtmpfs: mounted
[   14.644073] Freeing unused kernel memory: 440K (c08b2000 - c0920000)
INIT: version 2.88 booting
Error opening /dev/fb0: No such file or directory
/dev/ttyO2 linked to /dev/tty-bd - using as console
Starting udev
[   16.041534] udevd[95]: starting version 182
[   19.694793] ------------[ cut here ]------------
[   19.699707] WARNING: CPU: 0 PID: 235 at mm/rmap.c:230 unlink_anon_vmas+0x1dc/0x1fc()
[   19.707977] Modules linked in:
[   19.711212] CPU: 0 PID: 235 Comm: udevd Not tainted 4.2.0-rc3-next-20150720-00002-gdb2494eab0df #1
[   19.720703] Hardware name: Generic OMAP36xx (Flattened Device Tree)
[   19.727386] [<c0016664>] (unwind_backtrace) from [<c0012acc>] (show_stack+0x10/0x14)
[   19.735626] [<c0012acc>] (show_stack) from [<c064422c>] (dump_stack+0x78/0x94)
[   19.743255] [<c064422c>] (dump_stack) from [<c003d978>] (warn_slowpath_common+0x7c/0xb4)
[   19.751861] [<c003d978>] (warn_slowpath_common) from [<c003d9cc>] (warn_slowpath_null+0x1c/0x24)
[   19.761169] [<c003d9cc>] (warn_slowpath_null) from [<c014add4>] (unlink_anon_vmas+0x1dc/0x1fc)
[   19.770324] [<c014add4>] (unlink_anon_vmas) from [<c013fc98>] (free_pgtables+0x78/0xc8)
[   19.778808] [<c013fc98>] (free_pgtables) from [<c0147eac>] (exit_mmap+0xec/0x1dc)
[   19.786773] [<c0147eac>] (exit_mmap) from [<c003b16c>] (mmput+0x44/0xec)
[   19.793853] [<c003b16c>] (mmput) from [<c016f820>] (flush_old_exec+0x2fc/0x598)
[   19.801605] [<c016f820>] (flush_old_exec) from [<c01bdabc>] (load_elf_binary+0x27c/0x1120)
[   19.810394] [<c01bdabc>] (load_elf_binary) from [<c016f35c>] (search_binary_handler+0x88/0x1ac)
[   19.819610] [<c016f35c>] (search_binary_handler) from [<c0170600>] (do_execveat_common+0x60c/0x7f0)
[   19.829193] [<c0170600>] (do_execveat_common) from [<c0170810>] (do_execve+0x2c/0x34)
[   19.837524] [<c0170810>] (do_execve) from [<c000f480>] (ret_fast_syscall+0x0/0x54)
[   19.845550] ---[ end trace e918b955633d65bd ]---
[   19.850433] Unable to handle kernel NULL pointer dereference at virtual address 0000000c
[   19.859008] pgd = dd154000
[   19.861877] [0000000c] *pgd=00000000
[   19.865722] Internal error: Oops: 5 [#1] SMP ARM
[   19.870574] Modules linked in:
[   19.873809] CPU: 0 PID: 235 Comm: udevd Tainted: G        W       4.2.0-rc3-next-20150720-00002-gdb2494eab0df #1
[   19.884552] Hardware name: Generic OMAP36xx (Flattened Device Tree)
[   19.891143] task: dd0a9200 ti: dd13a000 task.ti: dd13a000
[   19.896850] PC is at unlink_anon_vmas+0x7c/0x1fc
[   19.901733] LR is at kmem_cache_free+0x108/0x25c
[   19.906585] pc : [<c014ac74>]    lr : [<c01579d8>]    psr: 800f0013
[   19.906585] sp : dd13bdc8  ip : 00000000  fp : 00100100
[   19.918701] r10: dd093ba0  r9 : 00200200  r8 : de5ebea0
[   19.924194] r7 : dd07b48c  r6 : de5ebea0  r5 : 0000000c  r4 : dd087cc4
[   19.931091] r3 : dd087ccc  r2 : dd093ba0  r1 : 00000000  r0 : 00000001
[   19.937957] Flags: Nzcv  IRQs on  FIQs on  Mode SVC_32  ISA ARM  Segment user
[   19.945495] Control: 10c5387d  Table: 9d154019  DAC: 00000015
[   19.951538] Process udevd (pid: 235, stack limit = 0xdd13a218)
[   19.957702] Stack: (0xdd13bdc8 to 0xdd13c000)
[   19.962310] bdc0:                   ddc4f54c dd07b450 00002000 dd0c2750 00002000 dd13be28
[   19.970916] bde0: 00000000 dd07b450 dd01a7c0 b6d20000 dd0f84f4 c013fc98 b6d20000 c0141840
[   19.979553] be00: 00000000 dd1084b0 dd13be50 de716e00 dd010d00 de716e00 dd0a9690 c0147eac
[   19.988189] be20: de712000 dd0a9200 de716e00 00000001 00000000 00000000 ffffffff c008c6a0
[   19.996795] be40: 00000000 0000013f 00000400 dd116000 00000200 00000000 200f0013 600f0013
[   20.005432] be60: de716e00 00000000 de712000 dd010d00 de716e00 00000000 de712000 c003b16c
[   20.014038] be80: 00000000 de716e00 dd0a9200 c016f820 000000e0 c01bd538 dd0f84c0 dd010d00
[   20.022674] bea0: dd13beb8 dd010a00 dd09e480 dd01a7c0 00000001 c01bdabc dd010d00 00000080
[   20.031311] bec0: 00000001 de744d00 00000001 c0970f9c c016f344 dd0a9748 00000002 c008c6a0
[   20.039916] bee0: 00000000 00000000 00000000 c0970f8c 00000001 fffffff8 c0970f8c 600f0013
[   20.048553] bf00: 00000000 c0970f8c c0970fac dd010d00 c0970fac fffffff8 c0970f8c c0973aa4
[   20.057189] bf20: 00000000 00000001 000000eb c016f35c dd0a9200 de51c000 c09d8292 dd102bd0
[   20.065795] bf40: dd010d00 be904060 0004ace8 c0170600 00000000 00000000 c0170548 de51c000
[   20.074432] bf60: de712054 000000eb 00000000 dd0a9580 00000000 ffffe5f8 0003193c 0004ace8
[   20.083068] bf80: 0000000b c000f664 dd13a000 00000000 00031900 c0170810 00000000 ffffe5f8
[   20.091674] bfa0: 0003193c c000f480 ffffe5f8 0003193c be904260 be904060 0004ace8 00000008
[   20.100311] bfc0: ffffe5f8 0003193c 0004ace8 0000000b 00032008 be903fe8 00000005 00031900
[   20.108917] bfe0: 0000000b be903f84 b6dff003 b6da8276 800f0030 be904260 9fdf6821 9fdf6c21
[   20.117553] [<c014ac74>] (unlink_anon_vmas) from [<c013fc98>] (free_pgtables+0x78/0xc8)
[   20.126007] [<c013fc98>] (free_pgtables) from [<c0147eac>] (exit_mmap+0xec/0x1dc)
[   20.133911] [<c0147eac>] (exit_mmap) from [<c003b16c>] (mmput+0x44/0xec)
[   20.140991] [<c003b16c>] (mmput) from [<c016f820>] (flush_old_exec+0x2fc/0x598)
[   20.148712] [<c016f820>] (flush_old_exec) from [<c01bdabc>] (load_elf_binary+0x27c/0x1120)
[   20.157409] [<c01bdabc>] (load_elf_binary) from [<c016f35c>] (search_binary_handler+0x88/0x1ac)
[   20.166595] [<c016f35c>] (search_binary_handler) from [<c0170600>] (do_execveat_common+0x60c/0x7f0)
[   20.176147] [<c0170600>] (do_execveat_common) from [<c0170810>] (do_execve+0x2c/0x34)
[   20.184417] [<c0170810>] (do_execve) from [<c000f480>] (ret_fast_syscall+0x0/0x54)
[   20.192382] Code: 0a000015 e1a0400a e1a0a002 e5945004 (e5956000) 
[   20.198944] ---[ end trace e918b955633d65be ]---
[   20.228942] Unable to handle kernel NULL pointer dereference at virtual address 00000018
[   20.237701] pgd = dd150000
[   20.240570] [00000018] *pgd=00000000
[   20.244415] Internal error: Oops: 5 [#2] SMP ARM
[   20.249298] Modules linked in:
[   20.252532] CPU: 0 PID: 236 Comm: udevd Tainted: G      D W       4.2.0-rc3-next-20150720-00002-gdb2494eab0df #1
[   20.263275] Hardware name: Generic OMAP36xx (Flattened Device Tree)
[   20.269866] task: dd0de500 ti: dd136000 task.ti: dd136000
[   20.275573] PC is at unlink_anon_vmas+0x7c/0x1fc
[   20.280426] LR is at unlink_anon_vmas+0xa8/0x1fc
[   20.285308] pc : [<c014ac74>]    lr : [<c014aca0>]    psr: 800f0013
[   20.285308] sp : dd137dc8  ip : 00000000  fp : 00100100
[   20.297393] r10: dd093ba0  r9 : 00200200  r8 : dd07a3f8
[   20.302917] r7 : dd087ccc  r6 : dd07a3f8  r5 : 00000018  r4 : dd10ccc4
[   20.309783] r3 : dd10cccc  r2 : dd093ba0  r1 : dd07a44c  r0 : dd093ba0
[   20.316680] Flags: Nzcv  IRQs on  FIQs on  Mode SVC_32  ISA ARM  Segment user
[   20.324188] Control: 10c5387d  Table: 9d150019  DAC: 00000015
[   20.330261] Process udevd (pid: 236, stack limit = 0xdd136218)
[   20.336395] Stack: (0xdd137dc8 to 0xdd138000)
[   20.341003] 7dc0:                   ddc98224 dd087c90 00002000 dd09f990 00002000 dd137e28
[   20.349639] 7de0: 00000000 dd087c90 dd01a4c0 b6d20000 dd185c74 c013fc98 b6d20000 c0141840
[   20.358245] 7e00: 00000000 dd087cf0 dd137e50 de6cb200 dd010b00 de6cb200 dd0de990 c0147eac
[   20.366882] 7e20: de713e00 c064abf4 de6cb200 00000001 00000000 00000000 ffffffff 00000000
[   20.375518] 7e40: 00000000 0000013e 00000400 dd0f1000 00000200 00000000 200f0013 600f0013
[   20.384124] 7e60: de6cb200 00000000 de713e00 dd010b00 de6cb200 00000000 de713e00 c003b16c
[   20.392761] 7e80: 00000000 de6cb200 dd0de500 c016f820 000000e0 c01bd538 dd185c40 dd010b00
[   20.401397] 7ea0: dd137eb8 dd010100 dd0c0800 dd01a4c0 00000001 c01bdabc dd010b00 00000080
[   20.410003] 7ec0: 00000001 dd010400 00000001 00000000 00000000 c016f368 00000000 c008c9b8
[   20.418640] 7ee0: 00000000 00000000 00000000 c0970f8c 00000001 fffffff8 c0970f8c 600f0013
[   20.427276] 7f00: 00000000 c0970f8c c0970fac dd010b00 c0970fac fffffff8 c0970f8c c0973aa4
[   20.435882] 7f20: 00000000 00000001 000000ec c016f35c dd0de500 de58b000 dd0de500 dd08a090
[   20.444519] 7f40: dd010b00 be904060 0004a778 c0170600 00000000 00000000 c0170548 de58b000
[   20.453155] 7f60: de713e54 000000ec 00000000 dd0de880 00000000 ffffe5f8 0003193c 0004a778
[   20.461761] 7f80: 0000000b c000f664 dd136000 00000000 00031900 c0170810 00000000 ffffe5f8
[   20.470397] 7fa0: 0003193c c000f480 ffffe5f8 0003193c be904260 be904060 0004a778 00000008
[   20.479034] 7fc0: ffffe5f8 0003193c 0004a778 0000000b 00032008 be903fe8 00000005 00031900
[   20.487640] 7fe0: 0000000b be903f84 b6dff003 b6da8276 800f0030 be904260 9fdf6821 9fdf6c21
[   20.496276] [<c014ac74>] (unlink_anon_vmas) from [<c013fc98>] (free_pgtables+0x78/0xc8)
[   20.504730] [<c013fc98>] (free_pgtables) from [<c0147eac>] (exit_mmap+0xec/0x1dc)
[   20.512634] [<c0147eac>] (exit_mmap) from [<c003b16c>] (mmput+0x44/0xec)
[   20.519714] [<c003b16c>] (mmput) from [<c016f820>] (flush_old_exec+0x2fc/0x598)
[   20.527435] [<c016f820>] (flush_old_exec) from [<c01bdabc>] (load_elf_binary+0x27c/0x1120)
[   20.536163] [<c01bdabc>] (load_elf_binary) from [<c016f35c>] (search_binary_handler+0x88/0x1ac)
[   20.545349] [<c016f35c>] (search_binary_handler) from [<c0170600>] (do_execveat_common+0x60c/0x7f0)
[   20.554901] [<c0170600>] (do_execveat_common) from [<c0170810>] (do_execve+0x2c/0x34)
[   20.563171] [<c0170810>] (do_execve) from [<c000f480>] (ret_fast_syscall+0x0/0x54)
[   20.571136] Code: 0a000015 e1a0400a e1a0a002 e5945004 (e5956000) 
[   20.577728] ---[ end trace e918b955633d65bf ]---
udevd[108]: '/sbin/modprobe of:NconnectorT<NULL>Comapdss,svideo-connector' [236] terminated by signal 11 (Segmentation fault)
udevd[106]: '/sbin/modprobe of:NconnectorT<NULL>Comapdss,dvi-connector' [235] terminated by signal 11 (Segmentation fault)
udevd[98]: timeout: killing '/sbin/modprobe of:NgpmcT<NULL>Cti,omap3430-gpmc' [233]
udevd[98]: timeout: killing '/sbin/modprobe of:NgpmcT<NULL>Cti,omap3430-gpmc' [233]
udevd[98]: timeout: killing '/sbin/modprobe of:NgpmcT<NULL>Cti,omap3430-gpmc' [233]
udevd[98]: timeout: killing '/sbin/modprobe of:NgpmcT<NULL>Cti,omap3430-gpmc' [233]
udevd[98]: timeout: killing '/sbin/modprobe of:NgpmcT<NULL>Cti,omap3430-gpmc' [233]
udevd[98]: timeout: killing '/sbin/modprobe of:NgpmcT<NULL>Cti,omap3430-gpmc' [233]
udevd[98]: timeout: killing '/sbin/modprobe of:NgpmcT<NULL>Cti,omap3430-gpmc' [233]
udevd[98]: timeout: killing '/sbin/modprobe of:NgpmcT<NULL>Cti,omap3430-gpmc' [233]
udevd[98]: timeout: killing '/sbin/modprobe of:NgpmcT<NULL>Cti,omap3430-gpmc' [233]
udevd[98]: timeout: killing '/sbin/modprobe of:NgpmcT<NULL>Cti,omap3430-gpmc' [233]
udevd[98]: timeout: killing '/sbin/modprobe of:NgpmcT<NULL>Cti,omap3430-gpmc' [233]
udevd[98]: timeout: killing '/sbin/modprobe of:NgpmcT<NULL>Cti,omap3430-gpmc' [233]
udevd[98]: timeout: killing '/sbin/modprobe of:NgpmcT<NULL>Cti,omap3430-gpmc' [233]
udevd[98]: timeout: killing '/sbin/modprobe of:NgpmcT<NULL>Cti,omap3430-gpmc' [233]
udevd[98]: timeout: killing '/sbin/modprobe of:NgpmcT<NULL>Cti,omap3430-gpmc' [233]
udevd[98]: timeout: killing '/sbin/modprobe of:NgpmcT<NULL>Cti,omap3430-gpmc' [233]
udevd[98]: timeout: killing '/sbin/modprobe of:NgpmcT<NULL>Cti,omap3430-gpmc' [233]
udevd[98]: timeout: killing '/sbin/modprobe of:NgpmcT<NULL>Cti,omap3430-gpmc' [233]
udevd[98]: timeout: killing '/sbin/modprobe of:NgpmcT<NULL>Cti,omap3430-gpmc' [233]
udevd[98]: timeout: killing '/sbin/modprobe of:NgpmcT<NULL>Cti,omap3430-gpmc' [233]
udevd[98]: timeout: killing '/sbin/modprobe of:NgpmcT<NULL>Cti,omap3430-gpmc' [233]
udevd[98]: timeout: killing '/sbin/modprobe of:NgpmcT<NULL>Cti,omap3430-gpmc' [233]
udevd[98]: timeout: killing '/sbin/modprobe of:NgpmcT<NULL>Cti,omap3430-gpmc' [233]
udevd[98]: timeout: killing '/sbin/modprobe of:NgpmcT<NULL>Cti,omap3430-gpmc' [233]
udevd[98]: timeout: killing '/sbin/modprobe of:NgpmcT<NULL>Cti,omap3430-gpmc' [233]
udevd[98]: timeout: killing '/sbin/modprobe of:NgpmcT<NULL>Cti,omap3430-gpmc' [233]
udevd[98]: timeout: killing '/sbin/modprobe of:NgpmcT<NULL>Cti,omap3430-gpmc' [233]
udevd[98]: timeout: killing '/sbin/modprobe of:NgpmcT<NULL>Cti,omap3430-gpmc' [233]
udevd[98]: timeout: killing '/sbin/modprobe of:NgpmcT<NULL>Cti,omap3430-gpmc' [233]
udevd[98]: timeout: killing '/sbin/modprobe of:NgpmcT<NULL>Cti,omap3430-gpmc' [233]
udevd[98]: timeout: killing '/sbin/modprobe of:NgpmcT<NULL>Cti,omap3430-gpmc' [233]
udevd[98]: timeout: killing '/sbin/modprobe of:NgpmcT<NULL>Cti,omap3430-gpmc' [233]
udevd[98]: timeout: killing '/sbin/modprobe of:NgpmcT<NULL>Cti,omap3430-gpmc' [233]
udevd[98]: timeout: killing '/sbin/modprobe of:NgpmcT<NULL>Cti,omap3430-gpmc' [233]
udevd[98]: timeout: killing '/sbin/modprobe of:NgpmcT<NULL>Cti,omap3430-gpmc' [233]
udevd[98]: timeout: killing '/sbin/modprobe of:NgpmcT<NULL>Cti,omap3430-gpmc' [233]
udevd[98]: timeout: killing '/sbin/modprobe of:NgpmcT<NULL>Cti,omap3430-gpmc' [233]
udevd[98]: timeout: killing '/sbin/modprobe of:NgpmcT<NULL>Cti,omap3430-gpmc' [233]
udevd[98]: timeout: killing '/sbin/modprobe of:NgpmcT<NULL>Cti,omap3430-gpmc' [233]
udevd[98]: timeout: killing '/sbin/modprobe of:NgpmcT<NULL>Cti,omap3430-gpmc' [233]
udevd[98]: timeout: killing '/sbin/modprobe of:NgpmcT<NULL>Cti,omap3430-gpmc' [233]
[   91.404541] random: nonblocking pool is initialized
udevd[98]: timeout: killing '/sbin/modprobe of:NgpmcT<NULL>Cti,omap3430-gpmc' [233]
udevd[98]: timeout: killing '/sbin/modprobe of:NgpmcT<NULL>Cti,omap3430-gpmc' [233]
udevd[98]: timeout: killing '/sbin/modprobe of:NgpmcT<NULL>Cti,omap3430-gpmc' [233]
udevd[98]: timeout: killing '/sbin/modprobe of:NgpmcT<NULL>Cti,omap3430-gpmc' [233]
udevd[98]: timeout: killing '/sbin/modprobe of:NgpmcT<NULL>Cti,omap3430-gpmc' [233]
udevd[98]: timeout: killing '/sbin/modprobe of:NgpmcT<NULL>Cti,omap3430-gpmc' [233]
udevd[98]: timeout: killing '/sbin/modprobe of:NgpmcT<NULL>Cti,omap3430-gpmc' [233]
udevd[98]: timeout: killing '/sbin/modprobe of:NgpmcT<NULL>Cti,omap3430-gpmc' [233]
udevd[98]: timeout: killing '/sbin/modprobe of:NgpmcT<NULL>Cti,omap3430-gpmc' [233]
udevd[98]: timeout: killing '/sbin/modprobe of:NgpmcT<NULL>Cti,omap3430-gpmc' [233]
udevd[98]: timeout: killing '/sbin/modprobe of:NgpmcT<NULL>Cti,omap3430-gpmc' [233]
udevd[98]: timeout: killing '/sbin/modprobe of:NgpmcT<NULL>Cti,omap3430-gpmc' [233]
udevd[98]: timeout: killing '/sbin/modprobe of:NgpmcT<NULL>Cti,omap3430-gpmc' [233]
udevd[98]: timeout: killing '/sbin/modprobe of:NgpmcT<NULL>Cti,omap3430-gpmc' [233]
udevd[98]: timeout: killing '/sbin/modprobe of:NgpmcT<NULL>Cti,omap3430-gpmc' [233]
udevd[98]: timeout: killing '/sbin/modprobe of:NgpmcT<NULL>Cti,omap3430-gpmc' [233]
udevd[98]: timeout: killing '/sbin/modprobe of:NgpmcT<NULL>Cti,omap3430-gpmc' [233]
udevd[98]: timeout: killing '/sbin/modprobe of:NgpmcT<NULL>Cti,omap3430-gpmc' [233]
udevd[98]: timeout: killing '/sbin/modprobe of:NgpmcT<NULL>Cti,omap3430-gpmc' [233]
udevd[98]: timeout: killing '/sbin/modprobe of:NgpmcT<NULL>Cti,omap3430-gpmc' [233]
udevd[98]: timeout: killing '/sbin/modprobe of:NgpmcT<NULL>Cti,omap3430-gpmc' [233]
udevd[98]: timeout: killing '/sbin/modprobe of:NgpmcT<NULL>Cti,omap3430-gpmc' [233]
udevd[98]: timeout: killing '/sbin/modprobe of:NgpmcT<NULL>Cti,omap3430-gpmc' [233]
udevd[98]: timeout: killing '/sbin/modprobe of:NgpmcT<NULL>Cti,omap3430-gpmc' [233]
udevd[98]: timeout: killing '/sbin/modprobe of:NgpmcT<NULL>Cti,omap3430-gpmc' [233]
udevd[98]: timeout: killing '/sbin/modprobe of:NgpmcT<NULL>Cti,omap3430-gpmc' [233]
udevd[98]: timeout: killing '/sbin/modprobe of:NgpmcT<NULL>Cti,omap3430-gpmc' [233]
udevd[98]: timeout: killing '/sbin/modprobe of:NgpmcT<NULL>Cti,omap3430-gpmc' [233]
udevd[98]: timeout: killing '/sbin/modprobe of:NgpmcT<NULL>Cti,omap3430-gpmc' [233]
udevd[98]: timeout: killing '/sbin/modprobe of:NgpmcT<NULL>Cti,omap3430-gpmc' [233]
udevd[98]: timeout: killing '/sbin/modprobe of:NgpmcT<NULL>Cti,omap3430-gpmc' [233]
udevd[98]: timeout: killing '/sbin/modprobe of:NgpmcT<NULL>Cti,omap3430-gpmc' [233]
udevd[98]: timeout: killing '/sbin/modprobe of:NgpmcT<NULL>Cti,omap3430-gpmc' [233]
udevd[98]: timeout: killing '/sbin/modprobe of:NgpmcT<NULL>Cti,omap3430-gpmc' [233]
udevd[98]: timeout: killing '/sbin/modprobe of:NgpmcT<NULL>Cti,omap3430-gpmc' [233]
udevd[98]: timeout: killing '/sbin/modprobe of:NgpmcT<NULL>Cti,omap3430-gpmc' [233]
udevd[98]: timeout: killing '/sbin/modprobe of:NgpmcT<NULL>Cti,omap3430-gpmc' [233]
udevd[98]: timeout: killing '/sbin/modprobe of:NgpmcT<NULL>Cti,omap3430-gpmc' [233]
udevd[98]: timeout: killing '/sbin/modprobe of:NgpmcT<NULL>Cti,omap3430-gpmc' [233]
udevd[98]: timeout: killing '/sbin/modprobe of:NgpmcT<NULL>Cti,omap3430-gpmc' [233]
udevd[98]: timeout: killing '/sbin/modprobe of:NgpmcT<NULL>Cti,omap3430-gpmc' [233]
udevd[98]: timeout: killing '/sbin/modprobe of:NgpmcT<NULL>Cti,omap3430-gpmc' [233]
udevd[98]: timeout: killing '/sbin/modprobe of:NgpmcT<NULL>Cti,omap3430-gpmc' [233]
udevd[98]: timeout: killing '/sbin/modprobe of:NgpmcT<NULL>Cti,omap3430-gpmc' [233]
udevd[98]: timeout: killing '/sbin/modprobe of:NgpmcT<NULL>Cti,omap3430-gpmc' [233]
udevd[98]: timeout: killing '/sbin/modprobe of:NgpmcT<NULL>Cti,omap3430-gpmc' [233]
udevd[98]: timeout: killing '/sbin/modprobe of:NgpmcT<NULL>Cti,omap3430-gpmc' [233]
udevadm settle - timeout of 120 seconds reached, the event queue contains:
  /sys/devices/platform/68000000.ocp/4809c000.mmc/mmc_host/mmc0/mmc0:0001/block/mmcblk0 (781)
  /sys/devices/platform/68000000.ocp/4809c000.mmc/mmc_host/mmc0/mmc0:0001/block/mmcblk0/mmcblk0p1 (782)
  /sys/devices/platform/68000000.ocp/4809c000.mmc/mmc_host/mmc0/mmc0:0001/block/mmcblk0/mmcblk0p2 (783)
  /sys/devices/platform/68000000.ocp/68000000.ocp:l4@48000000/48002000.scm (828)
  /sys/devices/platform/68000000.ocp/68000000.ocp:l4@48000000/48002000.scm/48002030.pinmux (829)
  /sys/devices/platform/68000000.ocp/68000000.ocp:l4@48000000/48002000.scm/48002270.scm_conf (830)
  /sys/devices/platform/68000000.ocp/68000000.ocp:l4@48000000/48002000.scm/48002a00.pinmux (831)
  /sys/devices/platform/68000000.ocp/6e000000.gpmc (832)
  /sys/devices/platform/connector@0 (834)
  /sys/devices/platform/connector@1 (835)
  /sys/devices/platform/cpufreq-dt.0 (836)
  /sys/devices/platform/encoder@0 (837)
  /sys/devices/platform/gpio_keys (838)
  /sys/devices/platform/hsusb2_phy (839)
  /sys/devices/platform/hsusb2_power_reg (840)
  /sys/devices/platform/hsusb2_power_reg/regulator/regulator.21 (841)
  /sys/devices/platform/leds (842)
  /sys/devices/platform/omap-pcm-audio (843)
  /sys/devices/platform/omap_dma_system.0 (844)
  /sys/devices/platform/omapdss (845)
  /sys/devices/platform/omapfb (846)
  /sys/devices/platform/omapvrfb (847)
  /sys/devices/platform/oprofile-perf.0 (848)
  /sys/devices/platform/pwmleds (849)
  /sys/devices/platform/reg-dummy (850)
  /sys/devices/platform/reg-dummy/regulator/regulator.0 (851)
  /sys/devices/platform/serial8250 (852)
  /sys/devices/platform/serial8250/tty/ttyS0 (853)
  /sys/devices/platform/serial8250/tty/ttyS1 (854)
  /sys/devices/platform/serial8250/tty/ttyS2 (855)
  /sys/devices/platform/serial8250/tty/ttyS3 (856)
  /sys/devices/platform/smartreflex.0 (857)
  /sys/devices/platform/smartreflex.1 (858)
  /sys/devices/platform/soc (859)
  /sys/devices/platform/soc/soc:iva (860)
  /sys/devices/platform/soc/soc:mpu (861)
  /sys/devices/platform/sound (862)
  /sys/devices/platform/twl (863)
  /sys/devices/virtual/block/loop0 (897)
  /sys/devices/virtual/block/loop1 (898)
  /sys/devices/virtual/block/loop2 (899)
  /sys/devices/virtual/block/loop3 (900)
  /sys/devices/virtual/block/loop4 (901)
  /sys/devices/virtual/block/loop5 (902)
  /sys/devices/virtual/block/loop6 (903)
  /sys/devices/virtual/block/loop7 (904)
  /sys/devices/virtual/block/ram0 (905)
  /sys/devices/virtual/block/ram1 (906)
  /sys/devices/virtual/block/ram10 (907)
  /sys/devices/virtual/block/ram11 (908)
  /sys/devices/virtual/block/ram12 (909)
  /sys/devices/virtual/block/ram13 (910)
  /sys/devices/virtual/block/ram14 (911)
  /sys/devices/virtual/block/ram15 (912)
ERROR: could not open directory /lib/modules/4.2.0-rc3-next-20150720-00002-gdb2494eab0df: No such file or directory
WARNING: -e needs -E or -F
ERROR: could not open directory /lib/modules/4.2.0-rc3-next-20150720-00002-gdb2494eab0df: No such file or directory
FATAL: could not search modules: No such file or directory
Starting Bootlog daemon: udevd[98]: timeout: killing '/sbin/modprobe of:NgpmcT<NULL>Cti,omap3430-gpmc' [233]
udevd[98]: timeout: killing '/sbin/modprobe of:NgpmcT<NULL>Cti,omap3430-gpmc' [233]
udevd[98]: timeout: killing '/sbin/modprobe of:NgpmcT<NULL>Cti,omap3430-gpmc' [233]
udevd[98]: timeout: killing '/sbin/modprobe of:NgpmcT<NULL>Cti,omap3430-gpmc' [233]
udevd[98]: timeout: killing '/sbin/modprobe of:NgpmcT<NULL>Cti,omap3430-gpmc' [233]
udevd[98]: timeout: killing '/sbin/modprobe of:NgpmcT<NULL>Cti,omap3430-gpmc' [233]
udevd[98]: timeout: killing '/sbin/modprobe of:NgpmcT<NULL>Cti,omap3430-gpmc' [233]
udevd[98]: timeout: killing '/sbin/modprobe of:NgpmcT<NULL>Cti,omap3430-gpmc' [233]
URL:gtsystest.telogy.design.ti.com/vatf/tidfarm-02.dal.design.ti.com/tidfarm-02.dal.design.ti.com_vatf@2/tidfarm-02.dal.design.ti.com07_20_2015_05_41_42/files/session_iteration_1/test_1
