- 02:05:40 [INFO] Starting target session
- 02:05:41 [INFO] Connected to beagleboard-vanilla via serial 
- 02:05:41 [INFO] Host: #check prompt
- 02:05:43 [ERROR] On command: #check prompt waiting for (?-mix:((?-mix:.*\s+login)|[Pp]assword)) >>> error: execution expired
- 02:05:43 [INFO] Target: 
#check prompt
root@GenericOMAP3-GP(FlattenedDeviceTree):/test# 
- 02:05:43 [INFO] Host: #check prompt
- 02:05:44 [INFO] Target: 
#check prompt
root@GenericOMAP3-GP(FlattenedDeviceTree):/test# 
- 02:05:44 [INFO] Host: sync;poweroff
- 02:06:02 [INFO] Target: 
sync;poweroff
Broadcast message from root@GenericOMAP3-GP(FlattenedDeviceTree) (ttyO2) (Sun
The system is going down for system halt NOW!
root@GenericOMAP3-j(*UI55jR
INIT: Sending pro[215984.869689] PRM: I/O chain clock line assertion timed out
[215985.882019] PRM: I/O chain clock line assertion timed out
Stopping Dropbear SSH server: stopped /usr/sbin/dropbear (pid 619)
dropbear.
Stopping telnet daemon.
Stopping system message bus: Error opening /dev/fb0: No such file or directory
Stopping syslogd/klogd: stopped syslogd (pid 631)
stopped klogd (pid 634)
done
Stopping thttpd.
ALSA: Storing mixer settings...
/usr/sbin/alsactl: save_state:1580: No soundcards found...
Deconfiguring network interfaces... ifdown: interface eth0 not configured
done.
Stopping Lighttpd Web Server: stopped /usr/sbin/lighttpd (pid 644)
lighttpd.
***************************************************************
***************************************************************
NOTICE: This file system contains the followin GPLv3 packages:
	binutils-symlinks
	binutils
	gdbserver
If you do not wish to distribute GPLv3 components please remove
the above packages prior to distribution.  This can be done using
the opkg remove command.  i.e.:
    opkg remove <package>
Where <package> is the name printed in the list above
NOTE: If the package is a dependency of another package you
      will be notified of the dependent packages.  You should
      use the --force-removal-of-dependent-packages option to
      also remove the dependent packages as well
***************************************************************
***************************************************************
Sending all processes the TERM signal...
Sending all processes the KILL signal...
Unmounting remote filesystems...
Deactivating swap...
Unmounting local filesystems...
[215995.161254] EXT4-fs (mmcblk0p2): re-mounted. Opts: data=ordered
[215997.307159] reboot: System halted
- 02:06:02 [INFO] Disconnected serial from beagleboard-vanilla
- 02:06:26 [INFO] Connected to beagleboard-vanilla via serial 
- 02:06:26 [INFO] Host: 
- 02:06:26 [INFO] Target: 
*** Warning - bad CRC, using default environment
Beagle Rev C1/C2/C3
Timed out in wait_for_event: status=0000
Check if pads/pull-ups of bus 1 are properly configured
No EEPROM on expansion board
Die ID #0a8600030000000004013f780600a00e
Net:   usb_ether
Hit any key to stop autoboot:  1  0 
U-Boot# 
- 02:06:26 [INFO] Host: 
- 02:06:27 [INFO] Target: 
U-Boot# 
- 02:06:27 [INFO] Host: version
- 02:06:27 [INFO] Target: 
version
U-Boot 2014.04-00071-g8543283 (Apr 22 2014 - 15:49:50)
arm-linux-gnueabi-gcc (Ubuntu/Linaro 4.6.3-1ubuntu5) 4.6.3
GNU ld (GNU Binutils for Ubuntu) 2.22
U-Boot# 
- 02:06:27 [INFO] Host: setenv bootargs 'console=ttyO2,115200n8  earlyprintk rootwait '
- 02:06:28 [INFO] Target: 
setenv bootargs 'console=ttyO2,115200n8  earlyprintk rootwait '
U-Boot# 
- 02:06:28 [INFO] Host: setenv bootcmd  ''
- 02:06:28 [INFO] Target: 
setenv bootcmd  ''
U-Boot# 
- 02:06:29 [INFO] Host: setenv autoload 'no'
- 02:06:29 [INFO] Target: 
setenv autoload 'no'
U-Boot# 
- 02:06:29 [INFO] Host: setenv serverip '128.247.105.47'
- 02:06:30 [INFO] Target: 
setenv serverip '128.247.105.47'
U-Boot# 
- 02:06:30 [INFO] Host: printenv
- 02:06:30 [INFO] Target: 
printenv
arch=arm
autoload=no
baudrate=115200
beaglerev=Cx
board=beagle
board_name=beagle
bootargs=console=ttyO2,115200n8  earlyprintk rootwait 
bootcmd=
bootdelay=1
bootdir=/boot
bootenv=uEnv.txt
bootfile=uImage
bootm_size=0x08000000
bootpart=0:2
buddy=none
camera=none
console=ttyO2,115200n8
cpu=armv7
defaultdisplay=dvi
dieid#=0a8600030000000004013f780600a00e
dvimode=640x480MR-16@60
ethact=usb_ether
fdtaddr=0x80f80000
findfdt=if test $beaglerev = AxBx; then setenv fdtfile omap3-beagle.dtb; fi; if test $beaglerev = Cx; then setenv fdtfile omap3-beagle.dtb; fi; if test $beaglerev = C4; then setenv fdtfile omap3-beagle.dtb; fi; if test $beaglerev = xMAB; then setenv fdtfile omap3-beagle-xm.dtb; fi; if test $beaglerev = xMC; then setenv fdtfile omap3-beagle-xm.dtb; fi; if test $fdtfile = undefined; then echo WARNING: Could not determine device tree to use; fi; 
importbootenv=echo Importing environment from mmc ...; env import -t $loadaddr $filesize
loadaddr=0x80200000
loadbootenv=fatload mmc ${mmcdev} ${loadaddr} ${bootenv}
loadfdt=load mmc ${bootpart} ${fdtaddr} ${bootdir}/${fdtfile}
loadimage=load mmc ${bootpart} ${loadaddr} ${bootdir}/${bootfile}
loadramdisk=load mmc ${bootpart} ${rdaddr} ${bootdir}/${ramdisk}
mmcargs=setenv bootargs console=${console} ${optargs} mpurate=${mpurate} buddy=${buddy} camera=${camera} vram=${vram} omapfb.mode=dvi:${dvimode} omapdss.def_disp=${defaultdisplay} root=${mmcroot} rootfstype=${mmcrootfstype}
mmcboot=echo Booting from mmc ...; run mmcargs; bootm ${loadaddr}
mmcbootz=echo Booting with DT from mmc${mmcdev} ...; run mmcargs; bootz ${loadaddr} - ${fdtaddr}
mmcdev=0
mmcroot=/dev/mmcblk0p2 rw
mmcrootfstype=ext3 rootwait
mpurate=auto
nandargs=setenv bootargs console=${console} ${optargs} mpurate=${mpurate} buddy=${buddy} camera=${camera} vram=${vram} omapfb.mode=dvi:${dvimode} omapdss.def_disp=${defaultdisplay} root=${nandroot} rootfstype=${nandrootfstype}
nandboot=echo Booting from nand ...; run nandargs; nand read ${loadaddr} 280000 400000; bootm ${loadaddr}
nandroot=ubi0:rootfs ubi.mtd=4
nandrootfstype=ubifs
ramargs=setenv bootargs console=${console} ${optargs} mpurate=${mpurate} buddy=${buddy} vram=${vram} omapfb.mode=dvi:${dvimode} omapdss.def_disp=${defaultdisplay} root=${ramroot} rootfstype=${ramrootfstype}
ramboot=echo Booting from ramdisk ...; run ramargs; bootm ${loadaddr}
ramdisk=ramdisk.gz
ramroot=/dev/ram0 rw ramdisk_size=65536 initrd=0x81000000,64M
ramrootfstype=ext2
rdaddr=0x81000000
serverip=128.247.105.47
soc=omap3
stderr=serial
stdin=serial
stdout=serial
usbtty=cdc_acm
userbutton=if gpio input 173; then run userbutton_xm; else run userbutton_nonxm; fi;
userbutton_nonxm=gpio input 7;
userbutton_xm=gpio input 4;
vendor=ti
ver=U-Boot 2014.04-00071-g8543283 (Apr 22 2014 - 15:49:50)
vram=12M
Environment size: 2895/131068 bytes
U-Boot# 
- 02:06:30 [INFO] Host: dcache off
- 02:06:31 [INFO] Target: 
dcache off
U-Boot# 
- 02:06:31 [INFO] Host: usb start
- 02:06:32 [INFO] Target: 
usb start
(Re)start USB...
USB0:   USB EHCI 1.00
scanning bus 0 for devices... 1 USB Device(s) found
       scanning usb for storage devices... 0 Storage Device(s) found
       scanning usb for ethernet devices... 0 Ethernet Device(s) found
U-Boot# 
- 02:06:32 [INFO] Host: printenv
- 02:06:32 [INFO] Target: 
printenv
arch=arm
autoload=no
baudrate=115200
beaglerev=Cx
board=beagle
board_name=beagle
bootargs=console=ttyO2,115200n8  earlyprintk rootwait 
bootcmd=
bootdelay=1
bootdir=/boot
bootenv=uEnv.txt
bootfile=uImage
bootm_size=0x08000000
bootpart=0:2
buddy=none
camera=none
console=ttyO2,115200n8
cpu=armv7
defaultdisplay=dvi
dieid#=0a8600030000000004013f780600a00e
dvimode=640x480MR-16@60
ethact=usb_ether
fdtaddr=0x80f80000
findfdt=if test $beaglerev = AxBx; then setenv fdtfile omap3-beagle.dtb; fi; if test $beaglerev = Cx; then setenv fdtfile omap3-beagle.dtb; fi; if test $beaglerev = C4; then setenv fdtfile omap3-beagle.dtb; fi; if test $beaglerev = xMAB; then setenv fdtfile omap3-beagle-xm.dtb; fi; if test $beaglerev = xMC; then setenv fdtfile omap3-beagle-xm.dtb; fi; if test $fdtfile = undefined; then echo WARNING: Could not determine device tree to use; fi; 
importbootenv=echo Importing environment from mmc ...; env import -t $loadaddr $filesize
loadaddr=0x80200000
loadbootenv=fatload mmc ${mmcdev} ${loadaddr} ${bootenv}
loadfdt=load mmc ${bootpart} ${fdtaddr} ${bootdir}/${fdtfile}
loadimage=load mmc ${bootpart} ${loadaddr} ${bootdir}/${bootfile}
loadramdisk=load mmc ${bootpart} ${rdaddr} ${bootdir}/${ramdisk}
mmcargs=setenv bootargs console=${console} ${optargs} mpurate=${mpurate} buddy=${buddy} camera=${camera} vram=${vram} omapfb.mode=dvi:${dvimode} omapdss.def_disp=${defaultdisplay} root=${mmcroot} rootfstype=${mmcrootfstype}
mmcboot=echo Booting from mmc ...; run mmcargs; bootm ${loadaddr}
mmcbootz=echo Booting with DT from mmc${mmcdev} ...; run mmcargs; bootz ${loadaddr} - ${fdtaddr}
mmcdev=0
mmcroot=/dev/mmcblk0p2 rw
mmcrootfstype=ext3 rootwait
mpurate=auto
nandargs=setenv bootargs console=${console} ${optargs} mpurate=${mpurate} buddy=${buddy} camera=${camera} vram=${vram} omapfb.mode=dvi:${dvimode} omapdss.def_disp=${defaultdisplay} root=${nandroot} rootfstype=${nandrootfstype}
nandboot=echo Booting from nand ...; run nandargs; nand read ${loadaddr} 280000 400000; bootm ${loadaddr}
nandroot=ubi0:rootfs ubi.mtd=4
nandrootfstype=ubifs
ramargs=setenv bootargs console=${console} ${optargs} mpurate=${mpurate} buddy=${buddy} vram=${vram} omapfb.mode=dvi:${dvimode} omapdss.def_disp=${defaultdisplay} root=${ramroot} rootfstype=${ramrootfstype}
ramboot=echo Booting from ramdisk ...; run ramargs; bootm ${loadaddr}
ramdisk=ramdisk.gz
ramroot=/dev/ram0 rw ramdisk_size=65536 initrd=0x81000000,64M
ramrootfstype=ext2
rdaddr=0x81000000
serverip=128.247.105.47
soc=omap3
stderr=serial
stdin=serial
stdout=serial
usbtty=cdc_acm
userbutton=if gpio input 173; then run userbutton_xm; else run userbutton_nonxm; fi;
userbutton_nonxm=gpio input 7;
userbutton_xm=gpio input 4;
vendor=ti
ver=U-Boot 2014.04-00071-g8543283 (Apr 22 2014 - 15:49:50)
vram=12M
Environment size: 2895/131068 bytes
U-Boot# 
- 02:06:32 [INFO] Host: setenv bootargs ''${bootargs}' ip=dhcp '
- 02:06:33 [INFO] Target: 
setenv bootargs ''${bootargs}' ip=dhcp '
U-Boot# 
- 02:06:33 [INFO] Host: setenv serverip '128.247.105.47'
- 02:06:33 [INFO] Target: 
setenv serverip '128.247.105.47'
U-Boot# 
- 02:06:33 [INFO] Host: setenv ipaddr dhcp
- 02:06:34 [INFO] Target: 
setenv ipaddr dhcp
U-Boot# 
- 02:06:34 [INFO] Host: setenv autoload 'no'
- 02:06:35 [INFO] Target: 
setenv autoload 'no'
U-Boot# 
- 02:06:35 [INFO] Host: dhcp
- 02:06:35 [INFO] Target: 
dhcp
ERROR: Need valid 'usbnet_devaddr' to be set
at drivers/usb/gadget/ether.c:2362/usb_eth_init()
U-Boot# 
- 02:06:36 [INFO] Disconnected serial from beagleboard-vanilla
- 02:13:37 [INFO] Connected to beagleboard-vanilla via serial 
- 02:13:38 [INFO] Disconnected serial from beagleboard-vanilla
- 02:13:50 [INFO] Connected to beagleboard-vanilla via serial 
- 02:13:50 [INFO] Host: ls mmc 0:1
- 02:13:50 [INFO] Target: 
## Total Size      = 0x0000eeab = 61099 Bytes
U-Boot# ls mmc 0:1
    49660   mlo 
    56782   omap3-beagle.dtb 
    57382   omap3-beagle-xm.dtb 
   372288   u-boot.img 
       70   uenv.txt 
  4254576   zimage 
6 file(s), 0 dir(s)
U-Boot# 
- 02:13:50 [INFO] Host: ls mmc 0:2
- 02:13:51 [INFO] Target: 
ls mmc 0:2
<DIR>       4096 .
<DIR>       4096 ..
<DIR>       4096 bin
<DIR>       4096 boot
<SYM>         37 cpufreq
<SYM>         37 cpuidle
<DIR>       4096 dev
<DIR>       4096 etc
<DIR>       4096 home
<DIR>       4096 lib
<DIR>       4096 media
<DIR>       4096 mnt
<DIR>       4096 opt
<DIR>       4096 proc
<SYM>          8 run
<DIR>       4096 sbin
<DIR>       4096 srv
<DIR>       4096 sys
<SYM>          8 tmp
              46 .ash_history
<DIR>       4096 usr
<DIR>       4096 var
<DIR>       4096 www
<DIR>       4096 test
          348160 core
U-Boot# 
- 02:13:51 [INFO] Host: part uuid mmc 0:2
- 02:13:51 [INFO] Target: 
part uuid mmc 0:2
Unknown command 'part' - try 'help'
U-Boot# 
- 02:13:51 [INFO] Host: printenv
- 02:13:52 [INFO] Target: 
printenv
arch=arm
autoload=no
baudrate=115200
beaglerev=Cx
board=beagle
board_name=beagle
bootargs=console=ttyO2,115200n8  earlyprintk rootwait  ip=dhcp 
bootcmd=
bootdelay=1
bootdir=/boot
bootenv=uEnv.txt
bootfile=uImage
bootm_size=0x08000000
bootpart=0:2
buddy=none
camera=none
console=ttyO2,115200n8
cpu=armv7
defaultdisplay=dvi
dieid#=0a8600030000000004013f780600a00e
dvimode=640x480MR-16@60
ethact=usb_ether
fdtaddr=0x80f80000
filesize=eeab
findfdt=if test $beaglerev = AxBx; then setenv fdtfile omap3-beagle.dtb; fi; if test $beaglerev = Cx; then setenv fdtfile omap3-beagle.dtb; fi; if test $beaglerev = C4; then setenv fdtfile omap3-beagle.dtb; fi; if test $beaglerev = xMAB; then setenv fdtfile omap3-beagle-xm.dtb; fi; if test $beaglerev = xMC; then setenv fdtfile omap3-beagle-xm.dtb; fi; if test $fdtfile = undefined; then echo WARNING: Could not determine device tree to use; fi; 
importbootenv=echo Importing environment from mmc ...; env import -t $loadaddr $filesize
ipaddr=dhcp
loadaddr=0x80200000
loadbootenv=fatload mmc ${mmcdev} ${loadaddr} ${bootenv}
loadfdt=load mmc ${bootpart} ${fdtaddr} ${bootdir}/${fdtfile}
loadimage=load mmc ${bootpart} ${loadaddr} ${bootdir}/${bootfile}
loadramdisk=load mmc ${bootpart} ${rdaddr} ${bootdir}/${ramdisk}
mmcargs=setenv bootargs console=${console} ${optargs} mpurate=${mpurate} buddy=${buddy} camera=${camera} vram=${vram} omapfb.mode=dvi:${dvimode} omapdss.def_disp=${defaultdisplay} root=${mmcroot} rootfstype=${mmcrootfstype}
mmcboot=echo Booting from mmc ...; run mmcargs; bootm ${loadaddr}
mmcbootz=echo Booting with DT from mmc${mmcdev} ...; run mmcargs; bootz ${loadaddr} - ${fdtaddr}
mmcdev=0
mmcroot=/dev/mmcblk0p2 rw
mmcrootfstype=ext3 rootwait
mpurate=auto
nandargs=setenv bootargs console=${console} ${optargs} mpurate=${mpurate} buddy=${buddy} camera=${camera} vram=${vram} omapfb.mode=dvi:${dvimode} omapdss.def_disp=${defaultdisplay} root=${nandroot} rootfstype=${nandrootfstype}
nandboot=echo Booting from nand ...; run nandargs; nand read ${loadaddr} 280000 400000; bootm ${loadaddr}
nandroot=ubi0:rootfs ubi.mtd=4
nandrootfstype=ubifs
ramargs=setenv bootargs console=${console} ${optargs} mpurate=${mpurate} buddy=${buddy} vram=${vram} omapfb.mode=dvi:${dvimode} omapdss.def_disp=${defaultdisplay} root=${ramroot} rootfstype=${ramrootfstype}
ramboot=echo Booting from ramdisk ...; run ramargs; bootm ${loadaddr}
ramdisk=ramdisk.gz
ramroot=/dev/ram0 rw ramdisk_size=65536 initrd=0x81000000,64M
ramrootfstype=ext2
rdaddr=0x81000000
serverip=128.247.105.47
soc=omap3
stderr=serial
stdin=serial
stdout=serial
usbtty=cdc_acm
userbutton=if gpio input 173; then run userbutton_xm; else run userbutton_nonxm; fi;
userbutton_nonxm=gpio input 7;
userbutton_xm=gpio input 4;
vendor=ti
ver=U-Boot 2014.04-00071-g8543283 (Apr 22 2014 - 15:49:50)
vram=12M
Environment size: 2934/131068 bytes
U-Boot# 
- 02:13:52 [INFO] Host: setenv bootargs ''${bootargs}' root=/dev/mmcblk0p2 rw rootfstype=ext3 rootwait '
- 02:13:52 [INFO] Target: 
setenv bootargs ''${bootargs}' root=/dev/mmcblk0p2 rw rootfstype=ext3 rootwait '
U-Boot# 
- 02:13:53 [INFO] Host: printenv
- 02:13:53 [INFO] Target: 
printenv
arch=arm
autoload=no
baudrate=115200
beaglerev=Cx
board=beagle
board_name=beagle
bootargs=console=ttyO2,115200n8  earlyprintk rootwait  ip=dhcp  root=/dev/mmcblk0p2 rw rootfstype=ext3 rootwait 
bootcmd=
bootdelay=1
bootdir=/boot
bootenv=uEnv.txt
bootfile=uImage
bootm_size=0x08000000
bootpart=0:2
buddy=none
camera=none
console=ttyO2,115200n8
cpu=armv7
defaultdisplay=dvi
dieid#=0a8600030000000004013f780600a00e
dvimode=640x480MR-16@60
ethact=usb_ether
fdtaddr=0x80f80000
filesize=eeab
findfdt=if test $beaglerev = AxBx; then setenv fdtfile omap3-beagle.dtb; fi; if test $beaglerev = Cx; then setenv fdtfile omap3-beagle.dtb; fi; if test $beaglerev = C4; then setenv fdtfile omap3-beagle.dtb; fi; if test $beaglerev = xMAB; then setenv fdtfile omap3-beagle-xm.dtb; fi; if test $beaglerev = xMC; then setenv fdtfile omap3-beagle-xm.dtb; fi; if test $fdtfile = undefined; then echo WARNING: Could not determine device tree to use; fi; 
importbootenv=echo Importing environment from mmc ...; env import -t $loadaddr $filesize
ipaddr=dhcp
loadaddr=0x80200000
loadbootenv=fatload mmc ${mmcdev} ${loadaddr} ${bootenv}
loadfdt=load mmc ${bootpart} ${fdtaddr} ${bootdir}/${fdtfile}
loadimage=load mmc ${bootpart} ${loadaddr} ${bootdir}/${bootfile}
loadramdisk=load mmc ${bootpart} ${rdaddr} ${bootdir}/${ramdisk}
mmcargs=setenv bootargs console=${console} ${optargs} mpurate=${mpurate} buddy=${buddy} camera=${camera} vram=${vram} omapfb.mode=dvi:${dvimode} omapdss.def_disp=${defaultdisplay} root=${mmcroot} rootfstype=${mmcrootfstype}
mmcboot=echo Booting from mmc ...; run mmcargs; bootm ${loadaddr}
mmcbootz=echo Booting with DT from mmc${mmcdev} ...; run mmcargs; bootz ${loadaddr} - ${fdtaddr}
mmcdev=0
mmcroot=/dev/mmcblk0p2 rw
mmcrootfstype=ext3 rootwait
mpurate=auto
nandargs=setenv bootargs console=${console} ${optargs} mpurate=${mpurate} buddy=${buddy} camera=${camera} vram=${vram} omapfb.mode=dvi:${dvimode} omapdss.def_disp=${defaultdisplay} root=${nandroot} rootfstype=${nandrootfstype}
nandboot=echo Booting from nand ...; run nandargs; nand read ${loadaddr} 280000 400000; bootm ${loadaddr}
nandroot=ubi0:rootfs ubi.mtd=4
nandrootfstype=ubifs
ramargs=setenv bootargs console=${console} ${optargs} mpurate=${mpurate} buddy=${buddy} vram=${vram} omapfb.mode=dvi:${dvimode} omapdss.def_disp=${defaultdisplay} root=${ramroot} rootfstype=${ramrootfstype}
ramboot=echo Booting from ramdisk ...; run ramargs; bootm ${loadaddr}
ramdisk=ramdisk.gz
ramroot=/dev/ram0 rw ramdisk_size=65536 initrd=0x81000000,64M
ramrootfstype=ext2
rdaddr=0x81000000
serverip=128.247.105.47
soc=omap3
stderr=serial
stdin=serial
stdout=serial
usbtty=cdc_acm
userbutton=if gpio input 173; then run userbutton_xm; else run userbutton_nonxm; fi;
userbutton_nonxm=gpio input 7;
userbutton_xm=gpio input 4;
vendor=ti
ver=U-Boot 2014.04-00071-g8543283 (Apr 22 2014 - 15:49:50)
vram=12M
Environment size: 2983/131068 bytes
U-Boot# 
- 02:13:53 [INFO] Host: setenv bootcmd ''${bootcmd}' if iminfo ${loadaddr}; then bootm ${loadaddr} - ${fdtaddr}; else bootz ${loadaddr} - ${fdtaddr}; bootm ${loadaddr} - ${fdtaddr}; fi'
- 02:13:54 [INFO] Target: 
setenv bootcmd ''${bootcmd}' if iminfo ${loadaddr}; then bootm ${loadaddr} - ${fdtaddr}; else bootz ${loadaddr} - ${fdtaddr}; bootm ${loadaddr} - ${fdtaddr}; fi'
U-Boot# 
- 02:13:54 [INFO] Host: bdinfo
- 02:13:54 [INFO] Target: 
bdinfo
arch_number = 0x0000060A
boot_params = 0x80000100
DRAM bank   = 0x00000000
-> start    = 0x80000000
-> size     = 0x08000000
DRAM bank   = 0x00000001
-> start    = 0x88000000
-> size     = 0x08000000
eth0name    = usb_ether
ethaddr     = (not set)
current eth = usb_ether
ip_addr     = dhcp
baudrate    = 115200 bps
TLB addr    = 0x8FFF0000
relocaddr   = 0x8FF51000
reloc off   = 0x0FE51000
irq_sp      = 0x8FE30ED0
sp start    = 0x8FE30EC0
U-Boot# 
- 02:13:54 [INFO] Host: boot
- 02:16:22 [INFO] Target: 
boot
## Checking Image at 80200000 ...
Unknown image format!
Kernel image @ 0x80200000 [ 0x000000 - 0x42c5b0 ]
## Flattened Device Tree blob at 80f80000
   Booting using the fdt blob at 0x80f80000
   Loading Device Tree to 87fee000, end 87fffeaa ... OK
Starting kernel ...
[    0.000000] Booting Linux on physical CPU 0x0
[    0.000000] Linux version 3.17.0-rc5-00002-g619e9c8 (nmenon@kahuna) (gcc version 4.6.3 (Ubuntu/Linaro 4.6.3-1ubuntu5) ) #1 SMP Mon Sep 15 02:03:25 CDT 2014
[    0.000000] CPU: ARMv7 Processor [411fc083] revision 3 (ARMv7), cr=10c5387d
[    0.000000] CPU: PIPT / VIPT nonaliasing data cache, VIPT nonaliasing instruction cache
[    0.000000] Machine model: TI OMAP3 BeagleBoard
[    0.000000] cma: Reserved 16 MiB at 8e800000
[    0.000000] Memory policy: Data cache writeback
[    0.000000]   HighMem zone: 1048574 pages exceeds freesize 0
[    0.000000] CPU: All CPU(s) started in SVC mode.
[    0.000000] OMAP3430/3530 ES3.0 (l2cache iva sgx neon isp )
[    0.000000] PERCPU: Embedded 9 pages/cpu @cfc7e000 s14336 r8192 d14336 u36864
[    0.000000] Built 1 zonelists in Zone order, mobility grouping on.  Total pages: 64768
[    0.000000] Kernel command line: console=ttyO2,115200n8  earlyprintk rootwait  ip=dhcp  root=/dev/mmcblk0p2 rw rootfstype=ext3 rootwait 
[    0.000000] PID hash table entries: 1024 (order: 0, 4096 bytes)
[    0.000000] Dentry cache hash table entries: 32768 (order: 5, 131072 bytes)
[    0.000000] Inode-cache hash table entries: 16384 (order: 4, 65536 bytes)
[    0.000000] Memory: 224728K/261120K available (5694K kernel code, 647K rwdata, 2204K rodata, 406K init, 8210K bss, 36392K reserved, 0K highmem)
[    0.000000] Virtual kernel memory layout:
[    0.000000]     vector  : 0xffff0000 - 0xffff1000   (   4 kB)
[    0.000000]     fixmap  : 0xffc00000 - 0xffe00000   (2048 kB)
[    0.000000]     vmalloc : 0xd0800000 - 0xff000000   ( 744 MB)
[    0.000000]     lowmem  : 0xc0000000 - 0xd0000000   ( 256 MB)
[    0.000000]     pkmap   : 0xbfe00000 - 0xc0000000   (   2 MB)
[    0.000000]     modules : 0xbf000000 - 0xbfe00000   (  14 MB)
[    0.000000]       .text : 0xc0008000 - 0xc07bee10   (7900 kB)
[    0.000000]       .init : 0xc07bf000 - 0xc0824800   ( 406 kB)
[    0.000000]       .data : 0xc0826000 - 0xc08c7c88   ( 648 kB)
[    0.000000]        .bss : 0xc08c7c88 - 0xc10cc858   (8211 kB)
[    0.000000] Hierarchical RCU implementation.
[    0.000000] 	RCU restricting CPUs from NR_CPUS=2 to nr_cpu_ids=1.
[    0.000000] RCU: Adjusting geometry for rcu_fanout_leaf=16, nr_cpu_ids=1
[    0.000000] NR_IRQS:16 nr_irqs:16 16
[    0.000000] IRQ: Found an INTC at 0xfa200000 (revision 4.0) with 96 interrupts
[    0.000000] Total of 96 interrupts on 1 active controller
[    0.000000] Clocking rate (Crystal/Core/MPU): 26.0/332/600 MHz
[    0.000000] OMAP clockevent source: timer12 at 32768 Hz
[    0.000030] sched_clock: 32 bits at 32kHz, resolution 30517ns, wraps every 65536000000000ns
[    0.000061] OMAP clocksource: 32k_counter at 32768 Hz
[    0.001251] Console: colour dummy device 80x30
[    0.001312] Lock dependency validator: Copyright (c) 2006 Red Hat, Inc., Ingo Molnar
[    0.001342] ... MAX_LOCKDEP_SUBCLASSES:  8
[    0.001342] ... MAX_LOCK_DEPTH:          48
[    0.001373] ... MAX_LOCKDEP_KEYS:        8191
[    0.001373] ... CLASSHASH_SIZE:          4096
[    0.001403] ... MAX_LOCKDEP_ENTRIES:     32768
[    0.001403] ... MAX_LOCKDEP_CHAINS:      65536
[    0.001403] ... CHAINHASH_SIZE:          32768
[    0.001434]  memory used by lock dependency info: 5167 kB
[    0.001434]  per task-struct memory footprint: 1152 bytes
[    0.001495] Calibrating delay loop... 481.68 BogoMIPS (lpj=2408448)
[    0.086059] pid_max: default: 32768 minimum: 301
[    0.086730] Security Framework initialized
[    0.086914] Mount-cache hash table entries: 1024 (order: 0, 4096 bytes)
[    0.086944] Mountpoint-cache hash table entries: 1024 (order: 0, 4096 bytes)
[    0.090667] CPU: Testing write buffer coherency: ok
[    0.092559] CPU0: thread -1, cpu 0, socket -1, mpidr 0
[    0.092742] Setting up static identity map for 0x805654a8 - 0x80565518
[    0.098480] Brought up 1 CPUs
[    0.098480] SMP: Total of 1 processors activated.
[    0.098510] CPU: All CPU(s) started in SVC mode.
[    0.103057] devtmpfs: initialized
[    0.115631] VFP support v0.3: implementor 41 architecture 3 part 30 variant c rev 1
[    0.203918] omap_hwmod: mcbsp2_sidetone using broken dt data from mcbsp
[    0.206359] omap_hwmod: mcbsp3_sidetone using broken dt data from mcbsp
[    0.284698] omap_hwmod: mcbsp2: cannot be enabled for reset (3)
[    0.325103] pinctrl core: initialized pinctrl subsystem
[    0.329437] regulator-dummy: no parameters
[    0.436523] NET: Registered protocol family 16
[    0.446990] DMA: preallocated 256 KiB pool for atomic coherent allocations
[    0.451629] cpuidle: using governor ladder
[    0.451660] cpuidle: using governor menu
[    0.462097] Reprogramming SDRC clock to 332000000 Hz
[    0.475280] omap_gpio 48310000.gpio: could not find pctldev for node /ocp/pinmux@48002a00/pinmux_gpio1_pins, deferring probe
[    0.475341] platform 48310000.gpio: Driver omap_gpio requests probe deferral
[    0.479980] OMAP GPIO hardware version 2.5
[    0.494781] irq: no irq domain found for /ocp/pinmux@48002030 !
[    0.523101] omap-gpmc 6e000000.gpmc: GPMC revision 5.0
[    0.535949] No ATAGs?
[    0.535980] hw-breakpoint: debug architecture 0x4 unsupported.
[    0.540191] OMAP DMA hardware revision 4.0
[    0.586700] edma-dma-engine edma-dma-engine.0: Can't allocate PaRAM dummy slot
[    0.586791] edma-dma-engine: probe of edma-dma-engine.0 failed with error -22
[    0.649536] omap-dma-engine 48056000.dma-controller: OMAP DMA engine driver
[    0.651123] platform hsusb2_power_reg: Driver reg-fixed-voltage requests probe deferral
[    0.657775] SCSI subsystem initialized
[    0.659393] usbcore: registered new interface driver usbfs
[    0.659698] usbcore: registered new interface driver hub
[    0.660949] usbcore: registered new device driver usb
[    0.662048] platform hsusb2_phy: Driver usb_phy_generic requests probe deferral
[    0.844299] omap_i2c 48070000.i2c: bus 0 rev3.3 at 2600 kHz
[    0.847076] omap_i2c 48072000.i2c: bus 1 rev3.3 at 100 kHz
[    0.849273] omap_i2c 48060000.i2c: bus 2 rev3.3 at 100 kHz
[    0.857818] Switched to clocksource 32k_counter
[    1.105773] NET: Registered protocol family 2
[    1.108764] TCP established hash table entries: 2048 (order: 1, 8192 bytes)
[    1.109008] TCP bind hash table entries: 2048 (order: 4, 73728 bytes)
[    1.110137] TCP: Hash tables configured (established 2048 bind 2048)
[    1.110412] TCP: reno registered
[    1.110443] UDP hash table entries: 256 (order: 2, 20480 bytes)
[    1.110748] UDP-Lite hash table entries: 256 (order: 2, 20480 bytes)
[    1.112518] NET: Registered protocol family 1
[    1.115417] RPC: Registered named UNIX socket transport module.
[    1.115447] RPC: Registered udp transport module.
[    1.115478] RPC: Registered tcp transport module.
[    1.115509] RPC: Registered tcp NFSv4.1 backchannel transport module.
[    1.117767] hw perfevents: enabled with armv7_cortex_a8 PMU driver, 5 counters available
[    1.127075] futex hash table entries: 256 (order: 2, 16384 bytes)
[    1.135345] VFS: Disk quotas dquot_6.5.2
[    1.135559] Dquot-cache hash table entries: 1024 (order 0, 4096 bytes)
[    1.140167] NFS: Registering the id_resolver key type
[    1.140777] Key type id_resolver registered
[    1.140777] Key type id_legacy registered
[    1.141021] jffs2: version 2.2. (NAND) (SUMMARY)   2001-2006 Red Hat, Inc.
[    1.141754] msgmni has been set to 470
[    1.150604] io scheduler noop registered
[    1.150634] io scheduler deadline registered
[    1.150756] io scheduler cfq registered (default)
[    1.155883] pinctrl-single 48002030.pinmux: 284 pins at pa fa002030 size 568
[    1.156921] pinctrl-single 48002a00.pinmux: 46 pins at pa fa002a00 size 92
[    1.158264] pinctrl-single 480025d8.pinmux: 18 pins at pa fa0025d8 size 36
[    1.162170] pbias_mmc_omap2430: 1800 <--> 3000 mV at 3000 mV 
[    1.165649] Serial: 8250/16550 driver, 4 ports, IRQ sharing enabled
[    1.177917] omap_uart 4806a000.serial: no wakeirq for uart0
[    1.178558] 4806a000.serial: ttyO0 at MMIO 0x4806a000 (irq = 88, base_baud = 3000000) is a OMAP UART0
[    1.182586] omap_uart 4806c000.serial: no wakeirq for uart0
[    1.183197] 4806c000.serial: ttyO1 at MMIO 0x4806c000 (irq = 89, base_baud = 3000000) is a OMAP UART1
[    1.187255] 49020000.serial: ttyO2 at MMIO 0x49020000 (irq = 90, base_baud = 3000000) is a OMAP UART2
[    1.964965] console [ttyO2] enabled
[    2.015563] brd: module loaded
[    2.046813] loop: module loaded
[    2.071105] twl 0-0048: PIH (irq 23) chaining IRQs 307..315
[    2.077667] twl 0-0048: power (irq 312) chaining IRQs 315..322
[    2.096435] VAUX1: at 3000 mV 
[    2.107208] vdd_ehci: 1800 mV 
[    2.114624] VAUX3: at 2800 mV 
[    2.123016] VAUX4: at 2800 mV 
[    2.130767] VDD1: 600 <--> 1450 mV at 1200 mV 
[    2.140350] VDAC: 1800 mV 
[    2.150421] VIO: at 1800 mV 
[    2.159301] VINTANA1: 1500 mV 
[    2.168243] VINTANA2: at 2750 mV 
[    2.176208] VINTDIG: 1500 mV 
[    2.183197] VMMC1: 1850 <--> 3150 mV at 3150 mV 
[    2.198089] VMMC2: 1850 <--> 3150 mV at 2600 mV 
[    2.206604] VUSB1V5: 1500 mV 
[    2.212951] VUSB1V8: 1800 mV 
[    2.218749] VUSB3V1: 3100 mV 
[    2.227203] VPLL1: at 1800 mV 
[    2.236999] VPLL2: 1800 mV 
[    2.244445] VSIM: 1800 <--> 3000 mV at 1800 mV 
[    2.253265] twl4030_gpio twl4030-gpio: gpio (irq 307) chaining IRQs 323..340
[    2.277282] mtdoops: mtd device (mtddev=name/number) must be supplied
[    2.298492] usbcore: registered new interface driver asix
[    2.304473] usbcore: registered new interface driver ax88179_178a
[    2.311157] usbcore: registered new interface driver cdc_ether
[    2.317626] usbcore: registered new interface driver smsc95xx
[    2.323883] usbcore: registered new interface driver net1080
[    2.330078] usbcore: registered new interface driver cdc_subset
[    2.336547] usbcore: registered new interface driver zaurus
[    2.342803] usbcore: registered new interface driver cdc_ncm
[    2.352172] usbcore: registered new interface driver cdc_wdm
[    2.358673] usbcore: registered new interface driver usb-storage
[    2.365356] usbcore: registered new interface driver usbtest
[    2.375335] mousedev: PS/2 mouse device common for all mice
[    2.382781] twl4030_keypad 48070000.i2c:twl@48:keypad: OF: linux,keymap property not defined in /ocp/i2c@48070000/twl@48/keypad
[    2.394927] twl4030_keypad 48070000.i2c:twl@48:keypad: Failed to build keymap
[    2.402557] twl4030_keypad: probe of 48070000.i2c:twl@48:keypad failed with error -2
[    2.425445] input: twl4030_pwrbutton as /devices/68000000.ocp/48070000.i2c/i2c-0/0-0048/48070000.i2c:twl@48:pwrbutton/input/input1
[    2.444335] twl_rtc 48070000.i2c:twl@48:rtc: Power up reset detected.
[    2.453430] twl_rtc 48070000.i2c:twl@48:rtc: Enabling TWL-RTC
[    2.470428] twl_rtc 48070000.i2c:twl@48:rtc: rtc core: registered 48070000.i2c:twl@48 as rtc0
[    2.485168] i2c /dev entries driver
[    2.493713] Driver for 1-wire Dallas network protocol.
[    2.507019] omap_wdt: OMAP Watchdog Timer Rev 0x31: initial timeout 60 sec
[    2.590606] ledtrig-cpu: registered to indicate activity on CPUs
[    2.598022] usbcore: registered new interface driver usbhid
[    2.603881] usbhid: USB HID core driver
[    2.611053] oprofile: using arm/armv7
[    2.616241] TCP: cubic registered
[    2.619903] Initializing XFRM netlink socket
[    2.624664] NET: Registered protocol family 17
[    2.629516] NET: Registered protocol family 15
[    2.634826] Key type dns_resolver registered
[    2.639801] omap2_set_init_voltage: unable to find boot up OPP for vdd_mpu_iva
[    2.647491] omap2_set_init_voltage: unable to set vdd_mpu_iva
[    2.653533] omap2_set_init_voltage: unable to find boot up OPP for vdd_core
[    2.660919] omap2_set_init_voltage: unable to set vdd_core
[    2.669738] PM: no software I/O chain control; some wakeups may be lost
[    2.679595] ThumbEE CPU extension supported.
[    2.684143] Registering SWP/SWPB emulation handler
[    2.689270] SmartReflex Class3 initialized
[    2.714599] hsusb2_vbus: 3300 mV 
[    2.725952] input: gpio_keys as /devices/gpio_keys/input/input2
[    2.740600] twl_rtc 48070000.i2c:twl@48:rtc: setting system clock to 2000-01-01 00:00:00 UTC (946684800)
[    2.750701] sr_init: No PMIC hook to init smartreflex
[    2.756835] smartreflex smartreflex.0: omap_sr_probe: SmartReflex driver initialized
[    2.765350] smartreflex smartreflex.0: omap_sr_probe: smartreflex_mpu_iva: No Voltage table for the corresponding vdd. Cannot create debugfs entries for n-values
[    2.781249] smartreflex: probe of smartreflex.0 failed with error -61
[    2.788330] smartreflex smartreflex.1: omap_sr_probe: SmartReflex driver initialized
[    2.796844] smartreflex smartreflex.1: omap_sr_probe: smartreflex_core: No Voltage table for the corresponding vdd. Cannot create debugfs entries for n-values
[    2.812103] smartreflex: probe of smartreflex.1 failed with error -61
[    2.819152] sr_init: platform driver register failed for SR
[    2.967437] mmc0: host does not support reading read-only switch. assuming write-enable.
[    2.978485] mmc0: new high speed SDHC card at address b368
[    2.988677] mmcblk0: mmc0:b368 SMI   3.72 GiB 
[    3.001800]  mmcblk0: p1 p2
[   15.027343] hsusb2_vbus: disabling
[   15.032196] VUSB3V1: disabling
[   15.036163] VUSB1V8: disabling
[   15.040191] VUSB1V5: disabling
[   15.044372] VDAC: disabling
[   15.048339] VAUX3: disabling
[   15.055175] PRM: I/O chain clock line assertion timed out
[   15.076568] kjournald starting.  Commit interval 5 seconds
[   15.089324] EXT3-fs (mmcblk0p2): using internal journal
[   15.094848] EXT3-fs (mmcblk0p2): mounted filesystem with ordered data mode
[   15.102325] VFS: Mounted root (ext3 filesystem) on device 179:2.
[   15.113616] devtmpfs: mounted
[   15.118164] Freeing unused kernel memory: 404K (c07bf000 - c0824000)
[   15.247192] PRM: I/O chain clock line assertion timed out
[   15.254211] PRM: I/O chain clock line assertion timed out
[   15.261535] PRM: I/O chain clock line assertion timed out
[   15.282623] PRM: I/O chain clock line assertion timed out
INIT: [   15.290496] PRM: I/O chain clock line assertion timed out
[   15.297424] PRM: I/O chain clock line assertion timed out
version 2.88 booting[   15.317382] PRM: I/O chain clock line assertion timed out
[   15.323913] PRM: I/O chain clock line assertion timed out
[   15.347351] PRM: I/O chain clock line assertion timed out
[   15.361480] PRM: I/O chain clock line assertion timed out
Error opening /dev/fb0: No such file or directory
/dev/ttyO2 linked to /dev/tty-bd - using as console
Starting udev
[   16.518707] udevd[862]: starting version 182
[   20.834075] random: nonblocking pool is initialized
[   26.635284] FAT-fs (mmcblk0p1): Volume was not properly unmounted. Some data may be corrupt. Please run fsck.
udevadm settle - timeout of 120 seconds reached, the event queue contains:
  /sys/devices/68000000.ocp/4809c000.mmc/mmc_host/mmc0/mmc0:b368/block/mmcblk0/mmcblk0p1 (999)
  /sys/devices/68000000.ocp/4809c000.mmc/mmc_host/mmc0/mmc0:b368/block/mmcblk0/mmcblk0p2 (1000)
  /sys/devices/virtual/block/loop0 (1115)
  /sys/devices/virtual/block/loop1 (1116)
  /sys/devices/virtual/block/loop2 (1117)
  /sys/devices/virtual/block/loop3 (1118)
  /sys/devices/virtual/block/loop4 (1119)
  /sys/devices/virtual/block/loop5 (1120)
  /sys/devices/virtual/block/loop6 (1121)
  /sys/devices/virtual/block/loop7 (1122)
  /sys/devices/virtual/block/ram0 (1123)
  /sys/devices/virtual/block/ram1 (1124)
  /sys/devices/virtual/block/ram10 (1125)
  /sys/devices/virtual/block/ram11 (1126)
  /sys/devices/virtual/block/ram12 (1127)
  /sys/devices/virtual/block/ram13 (1128)
  /sys/devices/virtual/block/ram14 (1129)
  /sys/devices/virtual/block/ram15 (1130)
  /sys/devices/virtual/block/ram2 (1131)
  /sys/devices/virtual/block/ram3 (1132)
  /sys/devices/virtual/block/ram4 (1133)
  /sys/devices/virtual/block/ram5 (1134)
  /sys/devices/virtual/block/ram6 (1135)
  /sys/devices/virtual/block/ram7 (1136)
  /sys/devices/virtual/block/ram8 (1137)
  /sys/devices/virtual/block/ram9 (1138)
  /sys/devices/virtual/net/lo (1156)
  /sys/devices/virtual/tty/tty22 (1175)
ERROR: could not open directory /lib/modules/3.17.0-rc5-00002-g619e9c8: No such file or directory
WARNING: -e needs -E or -F
ERROR: could not open directory /lib/modules/3.17.0-rc5-00002-g619e9c8: No such file or directory
FATAL: could not search modules: No such file or directory
Starting Bootlog daemon: bootlogd: cannot allocate pseudo tty: No such file or directory
bootlogd.
ALSA: Restoring mixer settings...
/usr/sbin/alsactl: load_state:1696: No soundcards found...
Configuring network interfaces... ifconfig: SIOCGIFFLAGS: No such device
done.
Sun Jun  1 06:33:00 UTC 2014
[  141.143310] PRM: I/O chain clock line assertion timed out
[  141.154693] PRM: I/O chain clock line assertion timed out
INIT: [  141.177368] PRM: I/O chain clock line assertion timed out
[  141.183959] PRM: I/O chain clock line assertion timed out
Entering runlevel: 3[  141.207336] PRM: I/O chain clock line assertion timed out
[  141.213867] PRM: I/O chain clock line assertion timed out
[  141.237335] PRM: I/O chain clock line assertion timed out
[  141.247894] PRM: I/O chain clock line assertion timed out
/dev/ttyO2 linked to /dev/tty-bd - using as console
Starting system message bus: dbus.
Starting Dropbear SSH server: dropbear.
Starting telnet daemon.
Starting syslogd/klogd: done
Starting thttpd.
Starting Lighttpd Web Server: lighttpd.
2014-06-01 06:33:01: (log.c.166) server started 
***************************************************************
***************************************************************
NOTICE: This file system contains the followin GPLv3 packages:
	binutils-symlinks
	binutils
	gdbserver
	parted
If you do not wish to distribute GPLv3 components please remove
the above packages prior to distribution.  This can be done using
the opkg remove command.  i.e.:
    opkg remove <package>
Where <package> is the name printed in the list above
NOTE: If the package is a dependency of another package you
      will be notified of the dependent packages.  You should
      use the --force-removal-of-dependent-packages option to
      also remove the dependent packages as well
***************************************************************
***************************************************************
Stopping Bootlog daemon: bootlogd.
[  145.325134] PRM: I/O chain clock line assertion timed out
[  145.339935] PRM: I/O chain clock line assertion timed out
 _____                    _____           _         _   
|  _  |___ ___ ___ ___   |  _  |___ ___  |_|___ ___| |_ 
|     |  _| .'| . | . |  |   __|  _| . | | | -_|  _|  _|
|__|__|_| |__,|_  |___|  |__|  |_| |___|_| |___|___|_|  
              |___|                    |___|            
Arago Project http://arago-project.org GenericOMAP3-GP(FlattenedDeviceTree) tty-bd
Arago 2013.12 GenericOMAP3-GP(FlattenedDeviceTree) tty-bd
GenericOMAP3-GP(FlattenedDeviceTree) login: 
- 02:16:22 [INFO] Host: root
- 02:16:22 [INFO] Target: 
root
root@GenericOMAP3-GP(FlattenedDeviceTree):~# 
- 02:16:23 [INFO] Host: uname -a
- 02:16:23 [INFO] Target: 
uname -a
Linux GenericOMAP3-GP(FlattenedDeviceTree) 3.17.0-rc5-00002-g619e9c8 #1 SMP Mon Sep 15 02:03:25 CDT 2014 armv7l GNU/Linux
root@GenericOMAP3-GP(FlattenedDeviceTree):~# 
- 02:16:23 [INFO] Host: cat /proc/cmdline
- 02:16:24 [INFO] Target: 
cat /proc/cmdline
console=ttyO2,115200n8  earlyprintk rootwait  ip=dhcp  root=/dev/mmcblk0p2 rw rootfstype=ext3 rootwait 
root@GenericOMAP3-GP(FlattenedDeviceTree):~# 
- 02:16:24 [INFO] Host: uname -a
- 02:16:24 [INFO] Target: 
uname -a
Linux GenericOMAP3-GP(FlattenedDeviceTree) 3.17.0-rc5-00002-g619e9c8 #1 SMP Mon Sep 15 02:03:25 CDT 2014 armv7l GNU/Linux
root@GenericOMAP3-GP(FlattenedDeviceTree):~# 
- 02:16:24 [INFO] Host: cat /proc/mtd
- 02:16:25 [INFO] Target: 
cat /proc/mtd
dev:    size   erasesize  name
root@GenericOMAP3-GP(FlattenedDeviceTree):~# 
- 02:16:30 [INFO] Host: export IPERFHOST=128.247.105.47
- 02:16:31 [INFO] Target: 
export IPERFHOST=128.247.105.47
root@GenericOMAP3-GP(FlattenedDeviceTree):~# 
- 02:16:31 [INFO] Host: export NFS_SERVER=128.247.105.47
- 02:16:31 [INFO] Target: 
export NFS_SERVER=128.247.105.47
root@GenericOMAP3-GP(FlattenedDeviceTree):~# 
- 02:16:31 [INFO] Host: export NFS_ROOT_PATH=/usr/workdir/filesys/linux/bblegacy
- 02:16:32 [INFO] Target: 
export NFS_ROOT_PATH=/usr/workdir/f 
ilesys/linux/bblegacy
root@GenericOMAP3-GP(FlattenedDeviceTree):~# 
- 02:16:32 [INFO] Host: mkdir -p -m 777 /test
- 02:16:33 [INFO] Target: 
mkdir -p -m 777 /test
root@GenericOMAP3-GP(FlattenedDeviceTree):~# 
- 02:16:33 [INFO] Host: cd /test
- 02:16:33 [INFO] Target: 
cd /test
root@GenericOMAP3-GP(FlattenedDeviceTree):/test# 
- 02:16:33 [INFO] Host: cat > test.sh << EOF
- 02:16:34 [INFO] Target: 
cat > test.sh << EOF
- 02:16:34 [INFO] Host: failtest() {
- 02:16:34 [INFO] Target: 
failtest() {
- 02:16:34 [INFO] Host:   echo 1 >&3
- 02:16:35 [INFO] Target: 
  echo 1 >&3
- 02:16:35 [INFO] Host: }
- 02:16:35 [INFO] Target: 
- 02:16:35 [INFO] Host: timeout=600
- 02:16:36 [INFO] Target: 
timeout=600
- 02:16:36 [INFO] Host: 
- 02:16:37 [INFO] Target: 
- 02:16:37 [INFO] Host: # Start of user's script logic
- 02:16:37 [INFO] Target: 
# Start of user's script logic
- 02:16:37 [INFO] Host: 
- 02:16:38 [INFO] Target: 
- 02:16:38 [INFO] Host: 
- 02:16:38 [INFO] Target: 
- 02:16:38 [INFO] Host: mount -t proc proc /proc 2>/dev/null;
- 02:16:39 [INFO] Target: 
mount -t proc proc /proc 2>/dev/null;
- 02:16:39 [INFO] Host: 
- 02:16:40 [INFO] Target: 
- 02:16:40 [INFO] Host: mount -t sysfs sys /sys 2>/dev/null;
- 02:16:40 [INFO] Target: 
mount -t sysfs sys /sys 2>/dev/null;
- 02:16:40 [INFO] Host: 
- 02:16:41 [INFO] Target: 
- 02:16:41 [INFO] Host: mount -t debugfs none /sys/kernel/debug 2>/dev/null;
- 02:16:41 [INFO] Target: 
mount -t debugfs none /sys/kernel/debug 2>/dev/null;
- 02:16:41 [INFO] Host: 
- 02:16:42 [INFO] Target: 
- 02:16:42 [INFO] Host: echo 'cpuinfo:';cat /proc/cpuinfo; echo '=======';
- 02:16:42 [INFO] Target: 
echo 'cpuinfo:';cat /proc/cpuinfo; echo '=======';
- 02:16:42 [INFO] Host: 
- 02:16:43 [INFO] Target: 
- 02:16:43 [INFO] Host: echo 'soc info:';head /sys/devices/soc0/* 2>/dev/null; echo '=======';
- 02:16:44 [INFO] Target: 
echo 'soc info:';head /sys/devices/soc0/* 2>/dev/null; echo '=======';
- 02:16:44 [INFO] Host: 
- 02:16:44 [INFO] Target: 
- 02:16:44 [INFO] Host: echo 'DT Model info'; head /proc/device-tree/name /proc/device-tree/model /proc/device-tree/compatible 2>/dev/null;echo; echo '=======';
- 02:16:45 [INFO] Target: 
echo 'DT Model info'; head /proc/device-tree/name /proc/device-tree/model /pro 
c/device-tree/compatible 2>/dev/null;echo; echo '=======';
- 02:16:45 [INFO] Host: 
- 02:16:45 [INFO] Target: 
- 02:16:45 [INFO] Host: echo 'interrupts:';cat /proc/interrupts; echo '=======';
- 02:16:46 [INFO] Target: 
echo 'interrupts:';cat /proc/interrupts; echo '=======';
- 02:16:46 [INFO] Host: 
- 02:16:47 [INFO] Target: 
- 02:16:47 [INFO] Host: echo 'Clk_summary:';cat /sys/kernel/debug/clk/clk_summary; echo '=======';
- 02:16:47 [INFO] Target: 
echo 'Clk_summary:';cat /sys/kernel/debug/clk/clk_summary; echo '=======';
- 02:16:47 [INFO] Host: 
- 02:16:48 [INFO] Target: 
- 02:16:48 [INFO] Host: echo 'Orphan Clks:';ls /sys/kernel/debug/clk/orphans/; echo '=======';
- 02:16:48 [INFO] Target: 
echo 'Orphan Clks:';ls /sys/kernel/debug/clk/orphans/; echo '=======';
- 02:16:48 [INFO] Host: 
- 02:16:49 [INFO] Target: 
- 02:16:49 [INFO] Host: echo "Available frequencies"; cat /sys/devices/system/cpu/cpu0/cpufreq/scaling_available_frequencies 2>/dev/null;echo '=======';
- 02:16:49 [INFO] Target: 
echo "Available frequencies"; cat /sys/devices/system/cpu/cpu0/cpufreq/scaling 
_available_frequencies 2>/dev/null;echo '=======';
- 02:16:49 [INFO] Host: 
- 02:16:50 [INFO] Target: 
- 02:16:50 [INFO] Host: echo 'H''ello World' 'B''oard Booted';
- 02:16:51 [INFO] Target: 
echo 'H''ello World' 'B''oard Booted';
- 02:16:51 [INFO] Host: 
- 02:16:51 [INFO] Target: 
- 02:16:51 [INFO] Host: EOF
- 02:16:52 [INFO] Target: 
root@GenericOMAP3-GP(FlattenedDeviceTree):/test# 
- 02:16:52 [INFO] Host: cd /test
- 02:16:53 [INFO] Target: 
cd /test
root@GenericOMAP3-GP(FlattenedDeviceTree):/test# 
- 02:16:53 [INFO] Host: chmod +x test.sh
- 02:16:53 [INFO] Target: 
chmod +x test.sh
root@GenericOMAP3-GP(FlattenedDeviceTree):/test# 
- 02:16:53 [INFO] Host: ./test.sh 2> stderr.log > stdout.log 3> result.log
- 02:16:54 [INFO] Target: 
./test.sh 2> stderr.log > stdou 
t.log 3> result.log
root@GenericOMAP3-GP(FlattenedDeviceTree):/test# 
- 02:16:54 [INFO] Host: echo $?
- 02:16:55 [INFO] Target: 
echo $?
root@GenericOMAP3-GP(FlattenedDeviceTree):/test# 
- 02:16:55 [INFO] Host: cd /test
- 02:16:55 [INFO] Target: 
cd /test
root@GenericOMAP3-GP(FlattenedDeviceTree):/test# 
- 02:16:55 [INFO] Host: cat stdout.log
- 02:16:57 [INFO] Target: 
cat stdout.log
cpuinfo:
processor	: 0
model name	: ARMv7 Processor rev 3 (v7l)
Features	: half thumb fastmult vfp edsp thumbee neon vfpv3 tls vfpd32 
CPU implementer	: 0x41
CPU architecture: 7
CPU variant	: 0x1
CPU part	: 0xc08
CPU revision	: 3
Hardware	: Generic OMAP3-GP (Flattened Device Tree)
Revision	: 0000
Serial		: 0000000000000000
=======
soc info:
==> /sys/devices/soc0/family <==
OMAP3
==> /sys/devices/soc0/machine <==
OMAP3430/3530
==> /sys/devices/soc0/power <==
==> /sys/devices/soc0/revision <==
ES3.0
==> /sys/devices/soc0/subsystem <==
==> /sys/devices/soc0/type <==
==> /sys/devices/soc0/uevent <==
=======
DT Model info
==> /proc/device-tree/name <==
==> /proc/device-tree/model <==
TI OMAP3 BeagleBoard
==> /proc/device-tree/compatible <==
ti,omap3-beagleti,omap3
=======
interrupts:
           CPU0       
 23:          0      INTC   7  TWL4030-PIH
 25:          0      INTC   9  l3-debug-irq
 26:          0      INTC  10  l3-app-irq
 28:          0      INTC  12  DMA
 29:       2384      INTC  13  omap-dma-engine
 36:          0      INTC  20  gpmc
 72:        452      INTC  56  48070000.i2c
 73:          0      INTC  57  48072000.i2c
 77:          0      INTC  61  48060000.i2c
 90:       4086      INTC  74  OMAP UART2
 99:       4481      INTC  83  mmc0
111:      10008      INTC  95  gp_timer
274:       6982      PRCM  pm_wkup
283:          0      PRCM  pinctrl, pinctrl, pm_io
306:          0   pinctrl 366  OMAP UART2
307:          0   twl4030   0  twl4030_gpio
312:          0   twl4030   5  twl4030_power
315:          0   twl4030   8  twl4030_pwrbutton
318:          0   twl4030  11  rtc0
348:          0      GPIO   7  user
IPI0:          0  CPU wakeup interrupts
IPI1:          0  Timer broadcast interrupts
IPI2:          0  Rescheduling interrupts
IPI3:          0  Function call interrupts
IPI4:          0  Single function call interrupts
IPI5:          0  CPU stop interrupts
IPI6:          0  IRQ work interrupts
IPI7:          0  completion interrupts
Err:          0
=======
Clk_summary:
   clock                         enable_cnt  prepare_cnt        rate   accuracy
--------------------------------------------------------------------------------
 secure_32k_fck                           1            1       32768          0
    wdt1_fck                              0            0       32768          0
    gpt12_fck                             1            1       32768          0
 dummy_ck                                 0            0           0          0
 mcbsp_clks                               0            5           0          0
 sys_altclk                               0            0           0          0
 virt_38_4m_ck                            0            0    38400000          0
 virt_26000000_ck                         1            1    26000000          0
    osc_sys_ck                            1            1    26000000          0
       sys_clkout1                        0            0    26000000          0
       sys_ck                             3           19    13000000          0
          cpefuse_fck                     0            0    13000000          0
          dpll5_ck                        0            1   120000000          0
             dpll5_m2_ck                  0            1   120000000          0
                usbhost_120m_fck           0            0   120000000          0
                usbtll_fck                0            1   120000000          0
                dpll5_m2_d4_ck            0            0    30000000          0
                dpll5_m2_d8_ck            0            0    15000000          0
                dpll5_m2_d16_ck           0            0     7500000          0
                dpll5_m2_d20_ck           0            0     6000000          0
          sys_d2_ck                       0            0     6500000          0
             usim_fck                     0            0     6500000          0
          modem_fck                       0            0    13000000          0
          dpll2_ck                        0            1   360000000          0
             dpll2_m2_ck                  0            1   360000000          0
                iva2_ck                   0            2   360000000          0
          sr2_fck                         0            1    13000000          0
          sr1_fck                         0            1    13000000          0
          traceclk_src_fck                0            0    13000000          0
             traceclk_fck                 0            0    13000000          0
          emu_src_mux_ck                  0            1    13000000          0
             emu_src_ck                   0            1    13000000          0
                atclk_fck                 0            0    13000000          0
                pclkx2_fck                0            0    13000000          0
                pclk_fck                  0            0     6500000          0
          gpt9_fck                        0            1    13000000          0
          gpt8_fck                        0            1    13000000          0
          gpt7_fck                        0            1    13000000          0
          gpt6_fck                        0            1    13000000          0
          gpt5_fck                        0            1    13000000          0
          gpt4_fck                        0            1    13000000          0
          gpt3_fck                        0            1    13000000          0
          gpt2_fck                        0            1    13000000          0
          gpt1_fck                        0            1    13000000          0
          dss2_alwon_fck                  0            2    13000000          0
          dpll1_ck                        0            1   600000000          0
             dpll1_x2_ck                  0            1  1200000000          0
                dpll1_x2m2_ck             0            1  1200000000          0
                   mpu_ck                 0            1  1200000000          0
                      emu_mpu_alwon_ck           0            0  1200000000          0
                      arm_fck             0            1   600000000          0
          dpll3_ck                        1            1   332000000          0
             dpll3_m2_ck                  1            2   332000000          0
                core_ck                   1            1   332000000          0
                   core_d2_ck             0            0   166000000          0
                   core_d6_ck             0            0    55333333          0
                      sgx_fck             0            0    55333333          0
                   core_d4_ck             0            0    83000000          0
                   core_d3_ck             0            0   110666666          0
                   dpll2_fck              0            0   332000000          0
                   l3_ick                 2            3   166000000          0
                      sgx_ick             0            0   166000000          0
                      mad2d_ick           0            0   166000000          0
                      sad2d_ick           0            1   166000000          0
                      security_l3_ick           0            0   166000000          0
                         pka_ick           0            0   166000000          0
                      core_l3_ick           8           10   166000000          0
                         hsotgusb_ick_3430es2           0            1   166000000          0
                         gpmc_fck           2            2   166000000          0
                         sdrc_ick           1            1   166000000          0
                      l4_ick              7            8    83000000          0
                         usbhost_ick           1            1    83000000          0
                         dss_ick_3430es2           4            6    83000000          0
                         sr_l4_ick           2            2    83000000          0
                         ssi_l4_ick           1            1    83000000          0
                            ssi_ick_3430es2           1            1    83000000          0
                         cam_ick           0            1    83000000          0
                         security_l4_ick2           0            0    83000000          0
                            des1_ick           0            0    83000000          0
                            sha11_ick           0            0    83000000          0
                            rng_ick           0            0    83000000          0
                            aes1_ick           0            0    83000000          0
                         per_l4_ick          13           17    83000000          0
                            mcbsp4_ick           2            2    83000000          0
                            mcbsp3_ick           2            2    83000000          0
                            mcbsp2_ick           1            1    83000000          0
                            gpt2_ick           1            1    83000000          0
                            gpt3_ick           1            1    83000000          0
                            gpt4_ick           1            1    83000000          0
                            gpt5_ick           1            1    83000000          0
                            gpt6_ick           1            1    83000000          0
                            gpt7_ick           1            1    83000000          0
                            gpt8_ick           1            1    83000000          0
                            gpt9_ick           1            1    83000000          0
                            uart4_ick           0            0    83000000          0
                            uart3_ick           1            1    83000000          0
                            wdt3_ick           0            0    83000000          0
                            gpio2_ick           0            1    83000000          0
                            gpio3_ick           0            1    83000000          0
                            gpio4_ick           0            1    83000000          0
                            gpio5_ick           1            1    83000000          0
                            gpio6_ick           0            1    83000000          0
                         core_l4_ick          21           23    83000000          0
                            mmchs3_ick           1            1    83000000          0
                            usbtll_ick           1            1    83000000          0
                            mailboxes_ick           0            1    83000000          0
                            mspro_ick           0            0    83000000          0
                            des2_ick           0            0    83000000          0
                            icr_ick           0            0    83000000          0
                            sha12_ick           1            2    83000000          0
                            aes2_ick           1            2    83000000          0
                            omapctrl_ick           1            1    83000000          0
                            mcbsp1_ick           1            1    83000000          0
                            mcbsp5_ick           1            1    83000000          0
                            gpt10_ick           1            1    83000000          0
                            gpt11_ick           1            1    83000000          0
                            uart1_ick           1            1    83000000          0
                            uart2_ick           1            1    83000000          0
                            i2c1_ick           1            1    83000000          0
                            i2c2_ick           1            1    83000000          0
                            i2c3_ick           1            1    83000000          0
                            mcspi1_ick           1            1    83000000          0
                            mcspi2_ick           1            1    83000000          0
                            mcspi3_ick           1            1    83000000          0
                            mcspi4_ick           1            1    83000000          0
                            hdq_ick           0            1    83000000          0
                            mmchs1_ick           1            1    83000000          0
                            mmchs2_ick           1            1    83000000          0
                         rm_ick           0            0    41500000          0
                   dpll1_fck              0            0   166000000          0
                dpll3_m2x2_ck             0            1   664000000          0
                   corex2_fck             0            1   664000000          0
                      ssi_ssr_fck_3430es2           0            1   221333334          0
                         ssi_sst_fck_3430es2           0            0   110666667          0
                      corex2_d5_fck           0            0   132800000          0
                      corex2_d3_fck           0            0   221333333          0
             dpll3_m3_ck                  0            0   166000000          0
                dpll3_m3x2_mul_ck           0            0   332000000          0
                   dpll3_m3x2_ck           0            0   332000000          0
                      emu_core_alwon_ck           0            0   332000000          0
             dpll3_x2_ck                  0            0   664000000          0
          dpll4_ck                        1            3   432000000          0
             dpll4_m6_ck                  0            0   144000000          0
                dpll4_m6x2_mul_ck           0            0   288000000          0
                   dpll4_m6x2_ck           0            0   288000000          0
                      emu_per_alwon_ck           0            0   288000000          0
             dpll4_m5_ck                  0            0   108000000          0
                dpll4_m5x2_mul_ck           0            0   216000000          0
                   dpll4_m5x2_ck           0            0   216000000          0
                      cam_mclk            0            0   216000000          0
             dpll4_m4_ck                  0            1   216000000          0
                dpll4_m4x2_mul_ck           0            1   432000000          0
                   dpll4_m4x2_ck           0            1   432000000          0
                      dss1_alwon_fck_3430es2           0            4   432000000          0
             dpll4_m3_ck                  0            1    27000000          0
                dpll4_m3x2_mul_ck           0            1    54000000          0
                   dpll4_m3x2_ck           0            1    54000000          0
                      omap_54m_fck           0            1    54000000          0
                         dss_tv_fck           0            2    54000000          0
                         clkout2_src_ck           0            0    54000000          0
                            sys_clkout2           0            0    54000000          0
             dpll4_m2_ck                  1            1    48000000          0
                dpll4_m2x2_mul_ck           1            1    96000000          0
                   dpll4_m2x2_ck           1            1    96000000          0
                      omap_192m_alwon_fck           0            0    96000000          0
                      omap_96m_alwon_fck           1            2    96000000          0
                         per_96m_fck           0            6    96000000          0
                            mcbsp4_fck           0            1    96000000          0
                            mcbsp3_fck           0            2    96000000          0
                            mcbsp2_fck           0            2    96000000          0
                         cm_96m_fck           1            2    96000000          0
                            cm_96m_d2_fck           1            1    48000000          0
                               omap_48m_fck           2            4    48000000          0
                                  usbhost_48m_fck           0            1    48000000          0
                                  per_48m_fck           1            1    48000000          0
                                     uart3_fck           1            1    48000000          0
                                  core_48m_fck           2            6    48000000          0
                                     uart1_fck           1            1    48000000          0
                                     uart2_fck           1            1    48000000          0
                                     mcspi1_fck           0            1    48000000          0
                                     mcspi2_fck           0            1    48000000          0
                                     mcspi3_fck           0            1    48000000          0
                                     mcspi4_fck           0            1    48000000          0
                                  omap_12m_fck           0            1    12000000          0
                                     core_12m_fck           0            1    12000000          0
                                        hdq_fck             0            1    12000000          0
                            omap_96m_fck           0            2    96000000          0
                               omap_96m_d10_fck           0            0     9600000          0
                               omap_96m_d8_fck           0            0    12000000          0
                               omap_96m_d4_fck           0            0    24000000          0
                               omap_96m_d2_fck           0            0    48000000          0
                               dss_96m_fck           0            2    96000000          0
                               core_96m_fck           0           10    96000000          0
                                  mcbsp1_fck           0            1    96000000          0
                                  mcbsp5_fck           0            1    96000000          0
                                  mmchs3_fck           0            1    96000000          0
                                  mspro_fck           0            0    96000000          0
                                  csi2_96m_fck           0            0    96000000          0
                                  i2c1_fck           0            1    96000000          0
                                  i2c2_fck           0            1    96000000          0
                                  i2c3_fck           0            1    96000000          0
                                  mmchs1_fck           0            1    96000000          0
                                  mmchs2_fck           0            1    96000000          0
             dpll4_x2_ck                  0            0   864000000          0
          wkup_l4_ick                     5            5    13000000          0
             usim_ick                     0            0    13000000          0
             gpt1_ick                     1            1    13000000          0
             gpt12_ick                    1            1    13000000          0
             omap_32ksync_ick             1            1    13000000          0
             gpio1_ick                    1            1    13000000          0
             wdt1_ick                     0            0    13000000          0
             wdt2_ick                     1            1    13000000          0
 virt_19200000_ck                         0            0    19200000          0
 virt_13m_ck                              0            0    13000000          0
 virt_12m_ck                              0            0    12000000          0
 omap_32k_fck                             1            7       32768          0
    ts_fck                                0            0       32768          0
    per_32k_alwon_fck                     0            5       32768          0
       wdt3_fck                           0            0       32768          0
       gpio2_dbck                         0            1       32768          0
       gpio3_dbck                         0            1       32768          0
       gpio4_dbck                         0            1       32768          0
       gpio5_dbck                         0            1       32768          0
       gpio6_dbck                         0            1       32768          0
    wkup_32k_fck                          2            3       32768          0
       wdt2_fck                           0            1       32768          0
       gpio1_dbck                         1            2       32768          0
    gpt11_fck                             0            1       32768          0
    gpt10_fck                             0            1       32768          0
 dummy_apb_pclk                           0            0           0          0
 virt_16_8m_ck                            0            0    16800000          0
=======
Orphan Clks:
=======
Available frequencies
=======
Hello World Board Booted
root@GenericOMAP3-GP(FlattenedDeviceTree):/test# 
- 02:16:57 [INFO] Host: cat stderr.log
- 02:16:58 [INFO] Target: 
cat stderr.log
ls: /sys/kernel/debug/clk/orphans/: No such file or directory
root@GenericOMAP3-GP(FlattenedDeviceTree):/test# 
- 02:16:58 [INFO] Host: cat result.log
- 02:17:00 [ERROR] On command: cat result.log waiting for (?m-ix:^1[\0\n\r]+) >>> error: execution expired
- 02:17:00 [INFO] Target: 
cat result.log
root@GenericOMAP3-GP(FlattenedDeviceTree):/test# 
- 02:17:00 [INFO] Host: cd /test
- 02:17:01 [INFO] Target: 
cd /test
root@GenericOMAP3-GP(FlattenedDeviceTree):/test# 
