- 06:34:20 [INFO] Starting target session
- 06:34:20 [INFO] Connected to beagleboard via serial 
- 06:34:20 [INFO] Host: #check prompt
- 06:34:23 [ERROR] On command: #check prompt waiting for #check prompt.+?(?-mix:((?-mix:login:)|[Pp]assword)) >>> error: execution expired
- 06:34:23 [INFO] Target: 
#check prompt
root@beagleboard:/test# 
- 06:34:23 [INFO] Host: #check prompt
- 06:34:24 [INFO] Target: 
#check prompt
root@beagleboard:/test# 
- 06:34:24 [INFO] Host: sync;poweroff
- 06:34:40 [INFO] Target: 
sync;poweroff
Broadcast message from root@beagleboard (ttyO2) (Tue Apr 15 19:43:44 2014):
The system is going down for system halt NOW!
INIT: Switching to runl
INIT: Sending processes the TERM signal
root@beagleboard:/test# 
INIT: Sending processes the KILL signal
Stopping Dropbear SSH server: stopped /usr/sbin/dropbear (pid 460)
dropbear.
Stopping telnet daemon.
Stopping system message bus: dbus.
Error opening /dev/fb0: No such file or directory
Stopping syslogd/klogd: stopped syslogd (pid 472)
stopped klogd (pid 475)
done
Stopping thttpd.
ALSA: Storing mixer settings...
/usr/sbin/alsactl: save_state:1590: No soundcards found...
Deconfiguring network interfaces... ifdown: interface eth0 not configured
done.
Stopping Lighttpd Web Server: stopped /usr/sbin/lighttpd (pid 488)
lighttpd.
Stopping Matrix GUI applicationstart-stop-daemon: warning: killing process 499: No such process
***************************************************************
***************************************************************
NOTICE: This file system contains the followin GPLv3 packages:
	binutils-symlinks
	binutils
	gdbserver
If you do not wish to distribute GPLv3 components please remove
the above packages prior to distribution.  This can be done using
the opkg remove command.  i.e.:
    opkg remove <package>
Where <package> is the name printed in the list above
NOTE: If the package is a dependency of another package you
      will be notified of the dependent packages.  You should
      use the --force-removal-of-dependent-packages option to
      also remove the dependent packages as well
***************************************************************
***************************************************************
Sending all processes the TERM signal...
Sending all processes the KILL signal...
Unmounting remote filesystems...
Deactivating swap...
Unmounting local filesystems...
[68001.698364] EXT4-fs (mmcblk0p2): re-mounted. Opts: data=ordered
[68003.933532] reboot: Power down
[68003.936981] ------------[ cut here ]------------
[68003.941955] WARNING: CPU: 0 PID: 624 at kernel/locking/lockdep.c:2744 lockdep_trace_alloc+0xec/0x10c()
[68003.951843] DEBUG_LOCKS_WARN_ON(irqs_disabled_flags(flags))
[68003.957580] Modules linked in:
[68003.961059] CPU: 0 PID: 624 Comm: halt Not tainted 3.19.0-rc2-00009-g73753fd #2
[68003.968811] Hardware name: Generic OMAP36xx (Flattened Device Tree)
[68003.975524] [<c0015388>] (unwind_backtrace) from [<c0011a14>] (show_stack+0x10/0x14)
[68003.983795] [<c0011a14>] (show_stack) from [<c05d5c6c>] (dump_stack+0x78/0x94)
[68003.991485] [<c05d5c6c>] (dump_stack) from [<c003ddd4>] (warn_slowpath_common+0x7c/0xb4)
[68004.000091] [<c003ddd4>] (warn_slowpath_common) from [<c003dea0>] (warn_slowpath_fmt+0x30/0x40)
[68004.009338] [<c003dea0>] (warn_slowpath_fmt) from [<c0083f34>] (lockdep_trace_alloc+0xec/0x10c)
[68004.018615] [<c0083f34>] (lockdep_trace_alloc) from [<c013b6e0>] (__kmalloc_track_caller+0x40/0x258)
[68004.028350] [<c013b6e0>] (__kmalloc_track_caller) from [<c01157a4>] (kmemdup+0x1c/0x38)
[68004.036865] [<c01157a4>] (kmemdup) from [<c03b9028>] (regmap_bulk_write+0x74/0x19c)
[68004.045043] [<c03b9028>] (regmap_bulk_write) from [<c03c40f8>] (twl_i2c_write+0x4c/0x88)
[68004.053649] [<c03c40f8>] (twl_i2c_write) from [<c03c664c>] (twl4030_power_off+0x3c/0x158)
[68004.062347] [<c03c664c>] (twl4030_power_off) from [<c000f230>] (machine_power_off+0x24/0x2c)
[68004.071350] [<c000f230>] (machine_power_off) from [<c005af90>] (SyS_reboot+0x114/0x1f0)
[68004.079864] [<c005af90>] (SyS_reboot) from [<c000e5e0>] (ret_fast_syscall+0x0/0x48)
[68004.088012] ---[ end trace eb0ae1639418854f ]---
- 06:34:40 [INFO] Disconnected serial from beagleboard
- 06:34:41 [INFO] Connected to beagleboard via serial 
- 06:34:41 [INFO] Host: 
- 06:34:42 [ERROR] On command:  waiting for (?-mix:U-Boot#) >>> error: execution expired
- 06:34:42 [INFO] Target: 
U-Boot SPL 2014.10-00004-g9ade0ab-dirty (Dec 16 2014 - 13:40:24)
- 06:34:42 [INFO] Host: 
- 06:34:42 [ERROR] On command:  waiting for (?-mix:U-Boot#) >>> error: execution expired
- 06:34:42 [INFO] Target: 
SPL: Please implement spl_start_uboot() for your board
SPL: Direct Linux boot not active!
reading u-boot.img
reading u-boot.img
U-Boot 2014.10-00004-g9ade0ab-dirty (Dec 16 2014 - 13:40:24)
OMAP36XX/37XX-GP ES1.2, CPU-OPP2, L3-200MHz, Max CPU Clock 1 Ghz
OMAP3 Beagle board + LPDDR/NAND
I2C:   ready
DRAM:  512 MiB
NAND:  0 MiB
MMC:   OMAP SD/MMC: 0
*** Warning - readenv() failed, using default environment
Beagle xM Rev C
No EEPROM on expansion board
Die ID #723000029ff8000001578ca00e02e00b
Net:   usb_ether
Error: usb_ether address not set.
Hit any key to stop autoboot:  1 
- 06:34:42 [INFO] Host: 
- 06:34:43 [INFO] Target: 
U-Boot# 
- 06:34:43 [INFO] Host: 
- 06:34:43 [INFO] Target: 
U-Boot# 
- 06:34:43 [INFO] Host: version
- 06:34:44 [INFO] Target: 
version
U-Boot 2014.10-00004-g9ade0ab-dirty (Dec 16 2014 - 13:40:24)
arm-linux-gnueabi-gcc (Ubuntu/Linaro 4.6.3-1ubuntu5) 4.6.3
GNU ld (GNU Binutils for Ubuntu) 2.22
U-Boot# 
- 06:34:44 [INFO] Host: setenv bootargs 'console=ttyO2,115200n8  earlyprintk rootwait '
- 06:34:44 [INFO] Target: 
setenv bootargs 'console=ttyO2,115200n8  earlyprintk rootwait '
U-Boot# 
- 06:34:44 [INFO] Host: setenv bootcmd  ''
- 06:34:45 [INFO] Target: 
setenv bootcmd  ''
U-Boot# 
- 06:34:45 [INFO] Host: setenv autoload 'no'
- 06:34:45 [INFO] Target: 
setenv autoload 'no'
U-Boot# 
- 06:34:45 [INFO] Host: setenv serverip '192.168.0.1'
- 06:34:46 [INFO] Target: 
setenv serverip '192.168.0.1'
U-Boot# 
- 06:34:46 [INFO] Host: printenv
- 06:34:46 [INFO] Target: 
printenv
arch=arm
autoload=no
baudrate=115200
beaglerev=xMC
board=beagle
board_name=beagle
bootargs=console=ttyO2,115200n8  earlyprintk rootwait 
bootcmd=
bootdelay=1
bootdir=/boot
bootenv=uEnv.txt
bootfile=uImage
bootm_size=0x08000000
bootpart=0:2
bootscript=echo Running bootscript from mmc${mmcdev} ...; source ${loadaddr}
buddy=none
camera=none
console=ttyO2,115200n8
cpu=armv7
defaultdisplay=dvi
dieid#=723000029ff8000001578ca00e02e00b
dvimode=640x480MR-16@60
ethact=usb_ether
fdtaddr=0x80f80000
findfdt=if test $beaglerev = AxBx; then setenv fdtfile omap3-beagle.dtb; fi; if test $beaglerev = Cx; then setenv fdtfile omap3-beagle.dtb; fi; if test $beaglerev = C4; then setenv fdtfile omap3-beagle.dtb; fi; if test $beaglerev = xMAB; then setenv fdtfile omap3-beagle-xm-ab.dtb; fi; if test $beaglerev = xMC; then setenv fdtfile omap3-beagle-xm.dtb; fi; if test $fdtfile = undefined; then echo WARNING: Could not determine device tree to use; fi; 
importbootenv=echo Importing environment from mmc ...; env import -t -r $loadaddr $filesize
loadaddr=0x80200000
loadbootenv=fatload mmc ${mmcdev} ${loadaddr} ${bootenv}
loadbootscript=load mmc ${mmcdev} ${loadaddr} boot.scr
loadfdt=run validatefdt; load mmc ${bootpart} ${fdtaddr} ${bootdir}/${fdtfile}
loadimage=load mmc ${bootpart} ${loadaddr} ${bootdir}/${bootfile}
loadramdisk=load mmc ${bootpart} ${rdaddr} ${bootdir}/${ramdisk}
mmcargs=setenv bootargs console=${console} ${optargs} mpurate=${mpurate} buddy=${buddy} camera=${camera} vram=${vram} omapfb.mode=dvi:${dvimode} omapdss.def_disp=${defaultdisplay} root=${mmcroot} rootfstype=${mmcrootfstype}
mmcboot=echo Booting from mmc ...; run mmcargs; bootm ${loadaddr}
mmcbootz=echo Booting with DT from mmc${mmcdev} ...; run mmcargs; bootz ${loadaddr} - ${fdtaddr}
mmcdev=0
mmcroot=/dev/mmcblk0p2 rw
mmcrootfstype=ext3 rootwait
mpurate=auto
nandargs=setenv bootargs console=${console} ${optargs} mpurate=${mpurate} buddy=${buddy} camera=${camera} vram=${vram} omapfb.mode=dvi:${dvimode} omapdss.def_disp=${defaultdisplay} root=${nandroot} rootfstype=${nandrootfstype}
nandboot=echo Booting from nand ...; run nandargs; nand read ${loadaddr} 280000 400000; bootm ${loadaddr}
nandroot=ubi0:rootfs ubi.mtd=4
nandrootfstype=ubifs
ramargs=setenv bootargs console=${console} ${optargs} mpurate=${mpurate} buddy=${buddy} vram=${vram} omapfb.mode=dvi:${dvimode} omapdss.def_disp=${defaultdisplay} root=${ramroot} rootfstype=${ramrootfstype}
ramboot=echo Booting from ramdisk ...; run ramargs; bootm ${loadaddr}
ramdisk=ramdisk.gz
ramroot=/dev/ram0 rw ramdisk_size=65536 initrd=0x81000000,64M
ramrootfstype=ext2
rdaddr=0x81000000
serverip=192.168.0.1
soc=omap3
stderr=serial
stdin=serial
stdout=serial
usbethaddr=02:0b:a0:00:02:00
usbtty=cdc_acm
userbutton=if gpio input 173; then run userbutton_xm; else run userbutton_nonxm; fi;
userbutton_nonxm=gpio input 7;
userbutton_xm=gpio input 4;
validatefdt=if test $beaglerev = xMAB; then if test ! -e mmc ${bootpart} ${bootdir}/${fdtfile}; then setenv fdtfile omap3-beagle-xm.dtb; fi; fi; 
vendor=ti
ver=U-Boot 2014.10-00004-g9ade0ab-dirty (Dec 16 2014 - 13:40:24)
vram=12M
Environment size: 3237/131068 bytes
U-Boot# 
- 06:34:46 [INFO] Host: dcache off
- 06:34:47 [INFO] Target: 
dcache off
U-Boot# 
- 06:34:47 [INFO] Host: setenv usbethaddr b0:ee:aa:12:34:56
- 06:34:47 [INFO] Target: 
setenv usbethaddr b0:ee:aa:12:34:56
U-Boot# 
- 06:34:47 [INFO] Host: usb start
- 06:34:52 [INFO] Target: 
usb start
(Re)start USB...
USB0:   USB EHCI 1.00
scanning bus 0 for devices... 3 USB Device(s) found
       scanning usb for storage devices... 0 Storage Device(s) found
       scanning usb for ethernet devices... 1 Ethernet Device(s) found
U-Boot# 
- 06:34:52 [INFO] Host: printenv
- 06:34:52 [INFO] Target: 
printenv
arch=arm
autoload=no
baudrate=115200
beaglerev=xMC
board=beagle
board_name=beagle
bootargs=console=ttyO2,115200n8  earlyprintk rootwait 
bootcmd=
bootdelay=1
bootdir=/boot
bootenv=uEnv.txt
bootfile=uImage
bootm_size=0x08000000
bootpart=0:2
bootscript=echo Running bootscript from mmc${mmcdev} ...; source ${loadaddr}
buddy=none
camera=none
console=ttyO2,115200n8
cpu=armv7
defaultdisplay=dvi
dieid#=723000029ff8000001578ca00e02e00b
dvimode=640x480MR-16@60
ethact=usb_ether
fdtaddr=0x80f80000
findfdt=if test $beaglerev = AxBx; then setenv fdtfile omap3-beagle.dtb; fi; if test $beaglerev = Cx; then setenv fdtfile omap3-beagle.dtb; fi; if test $beaglerev = C4; then setenv fdtfile omap3-beagle.dtb; fi; if test $beaglerev = xMAB; then setenv fdtfile omap3-beagle-xm-ab.dtb; fi; if test $beaglerev = xMC; then setenv fdtfile omap3-beagle-xm.dtb; fi; if test $fdtfile = undefined; then echo WARNING: Could not determine device tree to use; fi; 
importbootenv=echo Importing environment from mmc ...; env import -t -r $loadaddr $filesize
loadaddr=0x80200000
loadbootenv=fatload mmc ${mmcdev} ${loadaddr} ${bootenv}
loadbootscript=load mmc ${mmcdev} ${loadaddr} boot.scr
loadfdt=run validatefdt; load mmc ${bootpart} ${fdtaddr} ${bootdir}/${fdtfile}
loadimage=load mmc ${bootpart} ${loadaddr} ${bootdir}/${bootfile}
loadramdisk=load mmc ${bootpart} ${rdaddr} ${bootdir}/${ramdisk}
mmcargs=setenv bootargs console=${console} ${optargs} mpurate=${mpurate} buddy=${buddy} camera=${camera} vram=${vram} omapfb.mode=dvi:${dvimode} omapdss.def_disp=${defaultdisplay} root=${mmcroot} rootfstype=${mmcrootfstype}
mmcboot=echo Booting from mmc ...; run mmcargs; bootm ${loadaddr}
mmcbootz=echo Booting with DT from mmc${mmcdev} ...; run mmcargs; bootz ${loadaddr} - ${fdtaddr}
mmcdev=0
mmcroot=/dev/mmcblk0p2 rw
mmcrootfstype=ext3 rootwait
mpurate=auto
nandargs=setenv bootargs console=${console} ${optargs} mpurate=${mpurate} buddy=${buddy} camera=${camera} vram=${vram} omapfb.mode=dvi:${dvimode} omapdss.def_disp=${defaultdisplay} root=${nandroot} rootfstype=${nandrootfstype}
nandboot=echo Booting from nand ...; run nandargs; nand read ${loadaddr} 280000 400000; bootm ${loadaddr}
nandroot=ubi0:rootfs ubi.mtd=4
nandrootfstype=ubifs
ramargs=setenv bootargs console=${console} ${optargs} mpurate=${mpurate} buddy=${buddy} vram=${vram} omapfb.mode=dvi:${dvimode} omapdss.def_disp=${defaultdisplay} root=${ramroot} rootfstype=${ramrootfstype}
ramboot=echo Booting from ramdisk ...; run ramargs; bootm ${loadaddr}
ramdisk=ramdisk.gz
ramroot=/dev/ram0 rw ramdisk_size=65536 initrd=0x81000000,64M
ramrootfstype=ext2
rdaddr=0x81000000
serverip=192.168.0.1
soc=omap3
stderr=serial
stdin=serial
stdout=serial
usbethaddr=b0:ee:aa:12:34:56
usbtty=cdc_acm
userbutton=if gpio input 173; then run userbutton_xm; else run userbutton_nonxm; fi;
userbutton_nonxm=gpio input 7;
userbutton_xm=gpio input 4;
validatefdt=if test $beaglerev = xMAB; then if test ! -e mmc ${bootpart} ${bootdir}/${fdtfile}; then setenv fdtfile omap3-beagle-xm.dtb; fi; fi; 
vendor=ti
ver=U-Boot 2014.10-00004-g9ade0ab-dirty (Dec 16 2014 - 13:40:24)
vram=12M
Environment size: 3237/131068 bytes
U-Boot# 
- 06:34:52 [INFO] Host: setenv bootargs ''${bootargs}' ip=dhcp '
- 06:34:53 [INFO] Target: 
setenv bootargs ''${bootargs}' ip=dhcp '
U-Boot# 
- 06:34:53 [INFO] Host: setenv serverip '192.168.0.1'
- 06:34:53 [INFO] Target: 
setenv serverip '192.168.0.1'
U-Boot# 
- 06:34:53 [INFO] Host: setenv ipaddr dhcp
- 06:34:54 [INFO] Target: 
setenv ipaddr dhcp
U-Boot# 
- 06:34:54 [INFO] Host: setenv autoload 'no'
- 06:34:54 [INFO] Target: 
setenv autoload 'no'
U-Boot# 
- 06:34:54 [INFO] Host: dhcp
- 06:34:57 [INFO] Target: 
dhcp
ERROR: Need valid 'usbnet_devaddr' to be set
at drivers/usb/gadget/ether.c:2357/usb_eth_init()
Waiting for Ethernet connection... done.
BOOTP broadcast 1
BOOTP broadcast 2
DHCP client bound to address 192.168.0.103 (1048 ms)
U-Boot# 
- 06:34:57 [INFO] Host: setenv serverip '192.168.0.1'
- 06:34:58 [INFO] Target: 
setenv serverip '192.168.0.1'
U-Boot# 
- 06:34:58 [INFO] Host: tftp ${loadaddr} 192.168.0.1:vatf_beagleboard1/71395ff4abfd4618062133c4508f8fc7
- 06:35:03 [INFO] Target: 
tftp ${loadaddr} 192.168.0.1:vatf_beagleboard1/71395ff4abfd4618062133c4508f8fc7
Waiting for Ethernet connection... done.
Using sms0 device
TFTP from server 192.168.0.1; our IP address is 192.168.0.103
Filename 'vatf_beagleboard1/71395ff4abfd4618062133c4508f8fc7'.
Load address: 0x80200000
Loading: *#################################################################
	 #################################################################
	 #################################################################
	 #################################################################
	 ##############################################################
	 1.4 MiB/s
done
Bytes transferred = 4717272 (47fad8 hex)
U-Boot# 
- 06:35:03 [INFO] Host: tftp ${fdtaddr} 192.168.0.1:vatf_beagleboard1/99169ff9a0b7ee4c0fbc81cc9eddec2f
- 06:35:05 [INFO] Target: 
tftp ${fdtaddr} 192.168.0.1:vatf_beagleboard1/99169ff9a0b7ee4c0fbc81cc9eddec2f
Waiting for Ethernet connection... done.
Using sms0 device
TFTP from server 192.168.0.1; our IP address is 192.168.0.103
Filename 'vatf_beagleboard1/99169ff9a0b7ee4c0fbc81cc9eddec2f'.
Load address: 0x80f80000
Loading: *#####
	 1.4 MiB/s
done
Bytes transferred = 62706 (f4f2 hex)
U-Boot# 
- 06:35:05 [INFO] Host: ls mmc 0:1
- 06:35:05 [INFO] Target: 
ls mmc 0:1
    50708   mlo 
   393400   u-boot.img 
        4   ws-calibrate.rules 
3 file(s), 0 dir(s)
U-Boot# 
- 06:35:05 [INFO] Host: ls mmc 0:2
- 06:35:06 [INFO] Target: 
ls mmc 0:2
<DIR>       4096 .
<DIR>       4096 ..
<DIR>       4096 srv
<DIR>       4096 home
<DIR>       4096 media
<DIR>       4096 opt
<DIR>       4096 var
<DIR>       4096 sys
<DIR>       4096 boot
<DIR>       4096 dev
<DIR>       4096 usr
<DIR>       4096 bin
<DIR>       4096 mnt
<DIR>       4096 etc
<DIR>       4096 sbin
<DIR>       4096 www
<SYM>          8 tmp
<DIR>       4096 proc
<DIR>       4096 run
<DIR>       4096 lib
<DIR>       4096 Settings
<DIR>       4096 test
U-Boot# 
- 06:35:06 [INFO] Host: part uuid mmc 0:2
- 06:35:06 [INFO] Target: 
part uuid mmc 0:2
00000000-02
U-Boot# 
- 06:35:06 [INFO] Host: printenv
- 06:35:07 [INFO] Target: 
printenv
arch=arm
autoload=no
baudrate=115200
beaglerev=xMC
board=beagle
board_name=beagle
bootargs=console=ttyO2,115200n8  earlyprintk rootwait  ip=dhcp 
bootcmd=
bootdelay=1
bootdir=/boot
bootenv=uEnv.txt
bootfile=uImage
bootm_size=0x08000000
bootpart=0:2
bootscript=echo Running bootscript from mmc${mmcdev} ...; source ${loadaddr}
buddy=none
camera=none
console=ttyO2,115200n8
cpu=armv7
defaultdisplay=dvi
dieid#=723000029ff8000001578ca00e02e00b
dnsip=192.0.2.2
dvimode=640x480MR-16@60
ethact=sms0
fdtaddr=0x80f80000
fileaddr=80f80000
filesize=f4f2
findfdt=if test $beaglerev = AxBx; then setenv fdtfile omap3-beagle.dtb; fi; if test $beaglerev = Cx; then setenv fdtfile omap3-beagle.dtb; fi; if test $beaglerev = C4; then setenv fdtfile omap3-beagle.dtb; fi; if test $beaglerev = xMAB; then setenv fdtfile omap3-beagle-xm-ab.dtb; fi; if test $beaglerev = xMC; then setenv fdtfile omap3-beagle-xm.dtb; fi; if test $fdtfile = undefined; then echo WARNING: Could not determine device tree to use; fi; 
gatewayip=192.168.0.1
importbootenv=echo Importing environment from mmc ...; env import -t -r $loadaddr $filesize
ipaddr=192.168.0.103
loadaddr=0x80200000
loadbootenv=fatload mmc ${mmcdev} ${loadaddr} ${bootenv}
loadbootscript=load mmc ${mmcdev} ${loadaddr} boot.scr
loadfdt=run validatefdt; load mmc ${bootpart} ${fdtaddr} ${bootdir}/${fdtfile}
loadimage=load mmc ${bootpart} ${loadaddr} ${bootdir}/${bootfile}
loadramdisk=load mmc ${bootpart} ${rdaddr} ${bootdir}/${ramdisk}
mmcargs=setenv bootargs console=${console} ${optargs} mpurate=${mpurate} buddy=${buddy} camera=${camera} vram=${vram} omapfb.mode=dvi:${dvimode} omapdss.def_disp=${defaultdisplay} root=${mmcroot} rootfstype=${mmcrootfstype}
mmcboot=echo Booting from mmc ...; run mmcargs; bootm ${loadaddr}
mmcbootz=echo Booting with DT from mmc${mmcdev} ...; run mmcargs; bootz ${loadaddr} - ${fdtaddr}
mmcdev=0
mmcroot=/dev/mmcblk0p2 rw
mmcrootfstype=ext3 rootwait
mpurate=auto
nandargs=setenv bootargs console=${console} ${optargs} mpurate=${mpurate} buddy=${buddy} camera=${camera} vram=${vram} omapfb.mode=dvi:${dvimode} omapdss.def_disp=${defaultdisplay} root=${nandroot} rootfstype=${nandrootfstype}
nandboot=echo Booting from nand ...; run nandargs; nand read ${loadaddr} 280000 400000; bootm ${loadaddr}
nandroot=ubi0:rootfs ubi.mtd=4
nandrootfstype=ubifs
netmask=255.255.255.0
ramargs=setenv bootargs console=${console} ${optargs} mpurate=${mpurate} buddy=${buddy} vram=${vram} omapfb.mode=dvi:${dvimode} omapdss.def_disp=${defaultdisplay} root=${ramroot} rootfstype=${ramrootfstype}
ramboot=echo Booting from ramdisk ...; run ramargs; bootm ${loadaddr}
ramdisk=ramdisk.gz
ramroot=/dev/ram0 rw ramdisk_size=65536 initrd=0x81000000,64M
ramrootfstype=ext2
rdaddr=0x81000000
serverip=192.168.0.1
soc=omap3
stderr=serial
stdin=serial
stdout=serial
usbethaddr=b0:ee:aa:12:34:56
usbtty=cdc_acm
userbutton=if gpio input 173; then run userbutton_xm; else run userbutton_nonxm; fi;
userbutton_nonxm=gpio input 7;
userbutton_xm=gpio input 4;
validatefdt=if test $beaglerev = xMAB; then if test ! -e mmc ${bootpart} ${bootdir}/${fdtfile}; then setenv fdtfile omap3-beagle-xm.dtb; fi; fi; 
vendor=ti
ver=U-Boot 2014.10-00004-g9ade0ab-dirty (Dec 16 2014 - 13:40:24)
vram=12M
Environment size: 3366/131068 bytes
U-Boot# 
- 06:35:07 [INFO] Host: setenv bootargs ''${bootargs}' root=PARTUUID=00000000-02 rw rootfstype=ext4 rootwait '
- 06:35:07 [INFO] Target: 
setenv bootargs ''${bootargs}' root=PARTUUID=00000000-02 rw rootfstype=ext4 rootwait '
U-Boot# 
- 06:35:07 [INFO] Host: printenv
- 06:35:08 [INFO] Target: 
printenv
arch=arm
autoload=no
baudrate=115200
beaglerev=xMC
board=beagle
board_name=beagle
bootargs=console=ttyO2,115200n8  earlyprintk rootwait  ip=dhcp  root=PARTUUID=00000000-02 rw rootfstype=ext4 rootwait 
bootcmd=
bootdelay=1
bootdir=/boot
bootenv=uEnv.txt
bootfile=uImage
bootm_size=0x08000000
bootpart=0:2
bootscript=echo Running bootscript from mmc${mmcdev} ...; source ${loadaddr}
buddy=none
camera=none
console=ttyO2,115200n8
cpu=armv7
defaultdisplay=dvi
dieid#=723000029ff8000001578ca00e02e00b
dnsip=192.0.2.2
dvimode=640x480MR-16@60
ethact=sms0
fdtaddr=0x80f80000
fileaddr=80f80000
filesize=f4f2
findfdt=if test $beaglerev = AxBx; then setenv fdtfile omap3-beagle.dtb; fi; if test $beaglerev = Cx; then setenv fdtfile omap3-beagle.dtb; fi; if test $beaglerev = C4; then setenv fdtfile omap3-beagle.dtb; fi; if test $beaglerev = xMAB; then setenv fdtfile omap3-beagle-xm-ab.dtb; fi; if test $beaglerev = xMC; then setenv fdtfile omap3-beagle-xm.dtb; fi; if test $fdtfile = undefined; then echo WARNING: Could not determine device tree to use; fi; 
gatewayip=192.168.0.1
importbootenv=echo Importing environment from mmc ...; env import -t -r $loadaddr $filesize
ipaddr=192.168.0.103
loadaddr=0x80200000
loadbootenv=fatload mmc ${mmcdev} ${loadaddr} ${bootenv}
loadbootscript=load mmc ${mmcdev} ${loadaddr} boot.scr
loadfdt=run validatefdt; load mmc ${bootpart} ${fdtaddr} ${bootdir}/${fdtfile}
loadimage=load mmc ${bootpart} ${loadaddr} ${bootdir}/${bootfile}
loadramdisk=load mmc ${bootpart} ${rdaddr} ${bootdir}/${ramdisk}
mmcargs=setenv bootargs console=${console} ${optargs} mpurate=${mpurate} buddy=${buddy} camera=${camera} vram=${vram} omapfb.mode=dvi:${dvimode} omapdss.def_disp=${defaultdisplay} root=${mmcroot} rootfstype=${mmcrootfstype}
mmcboot=echo Booting from mmc ...; run mmcargs; bootm ${loadaddr}
mmcbootz=echo Booting with DT from mmc${mmcdev} ...; run mmcargs; bootz ${loadaddr} - ${fdtaddr}
mmcdev=0
mmcroot=/dev/mmcblk0p2 rw
mmcrootfstype=ext3 rootwait
mpurate=auto
nandargs=setenv bootargs console=${console} ${optargs} mpurate=${mpurate} buddy=${buddy} camera=${camera} vram=${vram} omapfb.mode=dvi:${dvimode} omapdss.def_disp=${defaultdisplay} root=${nandroot} rootfstype=${nandrootfstype}
nandboot=echo Booting from nand ...; run nandargs; nand read ${loadaddr} 280000 400000; bootm ${loadaddr}
nandroot=ubi0:rootfs ubi.mtd=4
nandrootfstype=ubifs
netmask=255.255.255.0
ramargs=setenv bootargs console=${console} ${optargs} mpurate=${mpurate} buddy=${buddy} vram=${vram} omapfb.mode=dvi:${dvimode} omapdss.def_disp=${defaultdisplay} root=${ramroot} rootfstype=${ramrootfstype}
ramboot=echo Booting from ramdisk ...; run ramargs; bootm ${loadaddr}
ramdisk=ramdisk.gz
ramroot=/dev/ram0 rw ramdisk_size=65536 initrd=0x81000000,64M
ramrootfstype=ext2
rdaddr=0x81000000
serverip=192.168.0.1
soc=omap3
stderr=serial
stdin=serial
stdout=serial
usbethaddr=b0:ee:aa:12:34:56
usbtty=cdc_acm
userbutton=if gpio input 173; then run userbutton_xm; else run userbutton_nonxm; fi;
userbutton_nonxm=gpio input 7;
userbutton_xm=gpio input 4;
validatefdt=if test $beaglerev = xMAB; then if test ! -e mmc ${bootpart} ${bootdir}/${fdtfile}; then setenv fdtfile omap3-beagle-xm.dtb; fi; fi; 
vendor=ti
ver=U-Boot 2014.10-00004-g9ade0ab-dirty (Dec 16 2014 - 13:40:24)
vram=12M
Environment size: 3421/131068 bytes
U-Boot# 
- 06:35:08 [INFO] Host: setenv bootcmd ''${bootcmd}' if iminfo ${loadaddr}; then bootm ${loadaddr} - ${fdtaddr}; else bootz ${loadaddr} - ${fdtaddr}; bootm ${loadaddr} - ${fdtaddr}; fi'
- 06:35:08 [INFO] Target: 
setenv bootcmd ''${bootcmd}' if iminfo ${loadaddr}; then bootm ${loadaddr} - ${fdtaddr}; else bootz ${loadaddr} - ${fdtaddr}; bootm ${loadaddr} - ${fdtaddr}; fi'
U-Boot# 
- 06:35:08 [INFO] Host: bdinfo
- 06:35:09 [INFO] Target: 
bdinfo
arch_number = 0x0000060A
boot_params = 0x80000100
DRAM bank   = 0x00000000
-> start    = 0x80000000
-> size     = 0x10000000
DRAM bank   = 0x00000001
-> start    = 0x90000000
-> size     = 0x10000000
eth0name    = usb_ether
ethaddr     = (not set)
eth1name    = sms0
eth1addr    = (not set)
current eth = sms0
ip_addr     = 192.168.0.103
baudrate    = 115200 bps
TLB addr    = 0x9FFF0000
relocaddr   = 0x9FF4C000
reloc off   = 0x1FE4C000
irq_sp      = 0x9EF2BEE0
sp start    = 0x9EF2BED0
U-Boot# 
- 06:35:09 [INFO] Host: mmc rescan
- 06:35:09 [INFO] Target: 
mmc rescan
U-Boot# 
- 06:35:09 [INFO] Host: fatwrite mmc ${mmcdev}:1 ${loadaddr} ws-calibrate.rules 4
- 06:35:10 [INFO] Target: 
fatwrite mmc ${mmcdev}:1 ${loadaddr} ws-calibrate.rules 4
writing ws-calibrate.rules
4 bytes written
U-Boot# 
- 06:35:10 [INFO] Host: boot
- 06:35:45 [INFO] Target: 
boot
## Checking Image at 80200000 ...
Unknown image format!
Kernel image @ 0x80200000 [ 0x000000 - 0x47fad8 ]
## Flattened Device Tree blob at 80f80000
   Booting using the fdt blob at 0x80f80000
   Loading Device Tree to 87fed000, end 87fff4f1 ... OK
Starting kernel ...
[    0.000000] Booting Linux on physical CPU 0x0
[    0.000000] Initializing cgroup subsys cpuset
[    0.000000] Initializing cgroup subsys cpu
[    0.000000] Initializing cgroup subsys cpuacct
[    0.000000] Linux version 3.19.0-rc2-next-20150106-00002-gba263e7 (nmenon@kahuna) (gcc version 4.6.3 (Ubuntu/Linaro 4.6.3-1ubuntu5) ) #1 SMP Tue Jan 6 05:33:22 CST 2015
[    0.000000] CPU: ARMv7 Processor [413fc082] revision 2 (ARMv7), cr=10c5387d
[    0.000000] CPU: PIPT / VIPT nonaliasing data cache, VIPT aliasing instruction cache
[    0.000000] Machine model: TI OMAP3 BeagleBoard xM
[    0.000000] cma: Reserved 16 MiB at 0x9e800000
[    0.000000] Memory policy: Data cache writeback
[    0.000000] CPU: All CPU(s) started in SVC mode.
[    0.000000] OMAP3630 ES1.2 (l2cache iva sgx neon isp 192mhz_clk )
[    0.000000] PERCPU: Embedded 11 pages/cpu @df9f9000 s14976 r8192 d21888 u45056
[    0.000000] Built 1 zonelists in Zone order, mobility grouping on.  Total pages: 129664
[    0.000000] Kernel command line: console=ttyO2,115200n8  earlyprintk rootwait  ip=dhcp  root=PARTUUID=00000000-02 rw rootfstype=ext4 rootwait 
[    0.000000] PID hash table entries: 2048 (order: 1, 8192 bytes)
[    0.000000] Dentry cache hash table entries: 65536 (order: 6, 262144 bytes)
[    0.000000] Inode-cache hash table entries: 32768 (order: 5, 131072 bytes)
[    0.000000] Memory: 483376K/523264K available (6193K kernel code, 681K rwdata, 2356K rodata, 432K init, 8222K bss, 23504K reserved, 16384K cma-reserved, 0K highmem)
[    0.000000] Virtual kernel memory layout:
[    0.000000]     vector  : 0xffff0000 - 0xffff1000   (   4 kB)
[    0.000000]     fixmap  : 0xffc00000 - 0xfff00000   (3072 kB)
[    0.000000]     vmalloc : 0xe0800000 - 0xff000000   ( 488 MB)
[    0.000000]     lowmem  : 0xc0000000 - 0xe0000000   ( 512 MB)
[    0.000000]     pkmap   : 0xbfe00000 - 0xc0000000   (   2 MB)
[    0.000000]     modules : 0xbf000000 - 0xbfe00000   (  14 MB)
[    0.000000]       .text : 0xc0008000 - 0xc0861814   (8551 kB)
[    0.000000]       .init : 0xc0862000 - 0xc08ce000   ( 432 kB)
[    0.000000]       .data : 0xc08ce000 - 0xc09786e8   ( 682 kB)
[    0.000000]        .bss : 0xc09786e8 - 0xc11800c8   (8223 kB)
[    0.000000] Hierarchical RCU implementation.
[    0.000000] 	Additional per-CPU info printed with stalls.
[    0.000000] 	RCU restricting CPUs from NR_CPUS=2 to nr_cpu_ids=1.
[    0.000000] RCU: Adjusting geometry for rcu_fanout_leaf=16, nr_cpu_ids=1
[    0.000000] NR_IRQS:16 nr_irqs:16 16
[    0.000000] IRQ: Found an INTC at 0xfa200000 (revision 4.0) with 96 interrupts
[    0.000000] Clocking rate (Crystal/Core/MPU): 26.0/400/600 MHz
[    0.000000] OMAP clockevent source: timer1 at 32768 Hz
[    0.000030] sched_clock: 32 bits at 32kHz, resolution 30517ns, wraps every 65536000000000ns
[    0.000030] OMAP clocksource: 32k_counter at 32768 Hz
[    0.001190] Console: colour dummy device 80x30
[    0.001251] Lock dependency validator: Copyright (c) 2006 Red Hat, Inc., Ingo Molnar
[    0.001281] ... MAX_LOCKDEP_SUBCLASSES:  8
[    0.001281] ... MAX_LOCK_DEPTH:          48
[    0.001312] ... MAX_LOCKDEP_KEYS:        8191
[    0.001312] ... CLASSHASH_SIZE:          4096
[    0.001342] ... MAX_LOCKDEP_ENTRIES:     32768
[    0.001342] ... MAX_LOCKDEP_CHAINS:      65536
[    0.001342] ... CHAINHASH_SIZE:          32768
[    0.001373]  memory used by lock dependency info: 5167 kB
[    0.001373]  per task-struct memory footprint: 1152 bytes
[    0.001403] Calibrating delay loop... 594.73 BogoMIPS (lpj=2973696)
[    0.097534] pid_max: default: 32768 minimum: 301
[    0.097991] Security Framework initialized
[    0.098236] Mount-cache hash table entries: 1024 (order: 0, 4096 bytes)
[    0.098266] Mountpoint-cache hash table entries: 1024 (order: 0, 4096 bytes)
[    0.102416] Initializing cgroup subsys memory
[    0.102508] Initializing cgroup subsys devices
[    0.102630] Initializing cgroup subsys freezer
[    0.102722] Initializing cgroup subsys blkio
[    0.102844] Initializing cgroup subsys perf_event
[    0.102935] CPU: Testing write buffer coherency: ok
[    0.104644] CPU0: thread -1, cpu 0, socket -1, mpidr 0
[    0.104766] Setting up static identity map for 0x805deb90 - 0x805dec00
[    0.109863] Brought up 1 CPUs
[    0.109893] SMP: Total of 1 processors activated (594.73 BogoMIPS).
[    0.109893] CPU: All CPU(s) started in SVC mode.
[    0.113830] devtmpfs: initialized
[    0.116790] VFP support v0.3: implementor 41 architecture 3 part 30 variant c rev 3
[    0.201995] omap_hwmod: mcbsp2_sidetone using broken dt data from mcbsp
[    0.204406] omap_hwmod: mcbsp3_sidetone using broken dt data from mcbsp
[    0.286407] omap_hwmod: mcbsp2: cannot be enabled for reset (3)
[    0.329528] pinctrl core: initialized pinctrl subsystem
[    0.432525] NET: Registered protocol family 16
[    0.441864] DMA: preallocated 256 KiB pool for atomic coherent allocations
[    0.444732] cpuidle: using governor ladder
[    0.444763] cpuidle: using governor menu
[    0.453033] Reprogramming SDRC clock to 400000000 Hz
[    0.465423] omap_gpio 48310000.gpio: could not find pctldev for node /ocp/pinmux@48002a00/pinmux_gpio1_pins, deferring probe
[    0.465484] platform 48310000.gpio: Driver omap_gpio requests probe deferral
[    0.469635] OMAP GPIO hardware version 2.5
[    0.483398] irq: no irq domain found for /ocp/pinmux@48002030 !
[    0.509948] omap-gpmc 6e000000.gpmc: GPMC revision 5.0
[    0.513000] platform 48058000.ssi-controller: Cannot lookup hwmod 'ssi'
[    0.523498] No ATAGs?
[    0.523529] hw-breakpoint: debug architecture 0x4 unsupported.
[    0.527465] OMAP DMA hardware revision 5.0
[    0.619720] omap-dma-engine 48056000.dma-controller: OMAP DMA engine driver
[    0.621276] platform hsusb2_power_reg: Driver reg-fixed-voltage requests probe deferral
[    0.627044] SCSI subsystem initialized
[    0.629089] usbcore: registered new interface driver usbfs
[    0.629364] usbcore: registered new interface driver hub
[    0.629577] usbcore: registered new device driver usb
[    0.630584] platform hsusb2_phy: Driver usb_phy_generic requests probe deferral
[    0.636962] omap_i2c 48070000.i2c: bus 0 rev4.4 at 2600 kHz
[    0.638763] omap_i2c 48072000.i2c: bus 1 rev4.4 at 400 kHz
[    0.640350] omap_i2c 48060000.i2c: bus 2 rev4.4 at 100 kHz
[    0.646759] Switched to clocksource 32k_counter
[    0.869262] NET: Registered protocol family 2
[    0.871612] TCP established hash table entries: 4096 (order: 2, 16384 bytes)
[    0.871917] TCP bind hash table entries: 4096 (order: 5, 147456 bytes)
[    0.874114] TCP: Hash tables configured (established 4096 bind 4096)
[    0.874389] TCP: reno registered
[    0.874420] UDP hash table entries: 256 (order: 2, 20480 bytes)
[    0.874755] UDP-Lite hash table entries: 256 (order: 2, 20480 bytes)
[    0.876220] NET: Registered protocol family 1
[    0.878387] RPC: Registered named UNIX socket transport module.
[    0.878417] RPC: Registered udp transport module.
[    0.878448] RPC: Registered tcp transport module.
[    0.878448] RPC: Registered tcp NFSv4.1 backchannel transport module.
[    0.880310] hw perfevents: enabled with armv7_cortex_a8 PMU driver, 5 counters available
[    0.888641] futex hash table entries: 256 (order: 2, 16384 bytes)
[    0.888977] audit: initializing netlink subsys (disabled)
[    0.889282] audit: type=2000 audit(0.870:1): initialized
[    0.895355] VFS: Disk quotas dquot_6.5.2
[    0.895568] VFS: Dquot-cache hash table entries: 1024 (order 0, 4096 bytes)
[    0.898773] NFS: Registering the id_resolver key type
[    0.899261] Key type id_resolver registered
[    0.899261] Key type id_legacy registered
[    0.899505] jffs2: version 2.2. (NAND) (SUMMARY)   2001-2006 Red Hat, Inc.
[    0.905181] io scheduler noop registered
[    0.905212] io scheduler deadline registered
[    0.905334] io scheduler cfq registered (default)
[    0.910125] pinctrl-single 48002030.pinmux: 284 pins at pa fa002030 size 568
[    0.910919] pinctrl-single 48002a00.pinmux: 46 pins at pa fa002a00 size 92
[    0.912322] pinctrl-single 480025a0.pinmux: 46 pins at pa fa0025a0 size 92
[    0.922088] Serial: 8250/16550 driver, 4 ports, IRQ sharing enabled
[    0.931030] omap_uart 4806a000.serial: no wakeirq for uart0
[    0.931793] 4806a000.serial: ttyO0 at MMIO 0x4806a000 (irq = 192, base_baud = 3000000) is a OMAP UART0
[    0.934295] omap_uart 4806c000.serial: no wakeirq for uart0
[    0.934722] 4806c000.serial: ttyO1 at MMIO 0x4806c000 (irq = 193, base_baud = 3000000) is a OMAP UART1
[    0.937927] 49020000.serial: ttyO2 at MMIO 0x49020000 (irq = 194, base_baud = 3000000) is a OMAP UART2
[    1.746948] console [ttyO2] enabled
[    1.753295] omap_uart 49042000.serial: no wakeirq for uart0
[    1.759735] 49042000.serial: ttyO3 at MMIO 0x49042000 (irq = 231, base_baud = 3000000) is a OMAP UART3
[    1.805786] brd: module loaded
[    1.833465] loop: module loaded
[    1.863067] twl 0-0048: PIH (irq 266) chaining IRQs 267..275
[    1.869567] twl 0-0048: power (irq 272) chaining IRQs 275..282
[    1.933990] twl4030_gpio twl4030-gpio: gpio (irq 267) chaining IRQs 283..300
[    2.009155] mtdoops: mtd device (mtddev=name/number) must be supplied
[    2.027465] usbcore: registered new interface driver asix
[    2.033355] usbcore: registered new interface driver ax88179_178a
[    2.040069] usbcore: registered new interface driver cdc_ether
[    2.047302] usbcore: registered new interface driver smsc95xx
[    2.053558] usbcore: registered new interface driver net1080
[    2.059783] usbcore: registered new interface driver cdc_subset
[    2.066253] usbcore: registered new interface driver zaurus
[    2.072479] usbcore: registered new interface driver cdc_ncm
[    2.080444] usbcore: registered new interface driver cdc_wdm
[    2.086761] usbcore: registered new interface driver usb-storage
[    2.093353] usbcore: registered new interface driver usbtest
[    2.102813] mousedev: PS/2 mouse device common for all mice
[    2.110382] twl4030_keypad 48070000.i2c:twl@48:keypad: OF: linux,keymap property not defined in /ocp/i2c@48070000/twl@48/keypad
[    2.122589] twl4030_keypad 48070000.i2c:twl@48:keypad: Failed to build keymap
[    2.130249] twl4030_keypad: probe of 48070000.i2c:twl@48:keypad failed with error -2
[    2.142944] input: twl4030_pwrbutton as /devices/platform/68000000.ocp/48070000.i2c/i2c-0/0-0048/48070000.i2c:twl@48:pwrbutton/input/input1
[    2.160614] twl_rtc 48070000.i2c:twl@48:rtc: Power up reset detected.
[    2.167785] twl_rtc 48070000.i2c:twl@48:rtc: Enabling TWL-RTC
[    2.178833] twl_rtc 48070000.i2c:twl@48:rtc: rtc core: registered 48070000.i2c:twl@48 as rtc0
[    2.189056] i2c /dev entries driver
[    2.196075] Driver for 1-wire Dallas network protocol.
[    2.205963] omap_wdt: OMAP Watchdog Timer Rev 0x31: initial timeout 60 sec
[    2.216125] Driver 'mmcblk' needs updating - please use bus_type methods
[    2.270538] ledtrig-cpu: registered to indicate activity on CPUs
[    2.277740] usbcore: registered new interface driver usbhid
[    2.283599] usbhid: USB HID core driver
[    2.290466] oprofile: using arm/armv7
[    2.295196] TCP: cubic registered
[    2.298858] Initializing XFRM netlink socket
[    2.303558] NET: Registered protocol family 17
[    2.308410] NET: Registered protocol family 15
[    2.313537] Key type dns_resolver registered
[    2.318511] omap2_set_init_voltage: unable to find boot up OPP for vdd_mpu_iva
[    2.326110] omap2_set_init_voltage: unable to set vdd_mpu_iva
[    2.332244] omap2_set_init_voltage: unable to find boot up OPP for vdd_core
[    2.339660] omap2_set_init_voltage: unable to set vdd_core
[    2.350494] ThumbEE CPU extension supported.
[    2.355072] Registering SWP/SWPB emulation handler
[    2.360229] SmartReflex Class3 initialized
[    2.385101] input: gpio_keys as /devices/platform/gpio_keys/input/input2
[    2.398925] twl_rtc 48070000.i2c:twl@48:rtc: setting system clock to 2000-01-01 00:00:00 UTC (946684800)
[    2.408996] sr_init: No PMIC hook to init smartreflex
[    2.414947] smartreflex smartreflex.0: omap_sr_probe: SmartReflex driver initialized
[    2.424163] smartreflex smartreflex.1: omap_sr_probe: SmartReflex driver initialized
[    2.679687] mmc0: host does not support reading read-only switch, assuming write-enable
[    2.694213] mmc0: new high speed SDHC card at address aaaa
[    2.702972] mmcblk0: mmc0:aaaa SU08G 7.40 GiB 
[    2.723266]  mmcblk0: p1 p2 p3
[   14.636962] hsusb2_vbus: disabling
[   14.641998] VPLL2: disabling
[   14.645721] VUSB3V1: disabling
[   14.650451] VDAC: disabling
[   14.654296] VAUX3: disabling
[   14.705535] EXT4-fs (mmcblk0p2): mounted filesystem with ordered data mode. Opts: (null)
[   14.714355] VFS: Mounted root (ext4 filesystem) on device 179:2.
[   14.741149] devtmpfs: mounted
[   14.745330] Freeing unused kernel memory: 432K (c0862000 - c08ce000)
INIT: version 2.88 booting
Error opening /dev/fb0: No such file or directory
Starting udev
[   15.864776] udevd[74]: starting version 182
udevd[336]: failed to execute '/etc/udev/scripts/mount.sh' '/etc/udev/scripts/mount.sh': No such file or directory
udevd[337]: failed to execute '/etc/udev/scripts/mount.sh' '/etc/udev/scripts/mount.sh': No such file or directory
udevd[338]: failed to execute '/etc/udev/scripts/mount.sh' '/etc/udev/scripts/mount.sh': No such file or directory
[   23.203094] EXT4-fs (mmcblk0p2): re-mounted. Opts: data=ordered
Starting Bootlog daemon: bootlogd: cannot allocate pseudo tty: No such file or directory
bootlogd.
[   23.504455] random: dd urandom read with 95 bits of entropy available
Populating dev cache
ALSA: Restoring mixer settings...
/usr/sbin/alsactl: load_state:1729: No soundcards found...
Configuring network interfaces... ifconfig: SIOCGIFFLAGS: No such device
done.
Tue Apr 15 19:43:00 UTC 2014
INIT: Entering runlevel: 5
Starting system message bus: dbus.
Starting Dropbear SSH server: dropbear.
Starting telnet daemon.
Starting syslogd/klogd: done
Starting thttpd.
Starting Lighttpd Web Server: lighttpd.
2014-04-15 19:43:01: (log.c.166) server started 
Removing stale PID file /var/run/matrix-gui-2.0.pid.
Starting Matrix GUI application.
[   28.539184] random: nonblocking pool is initialized
***************************************************************
***************************************************************
NOTICE: This file system contains the followin GPLv3 packages:
	binutils-symlinks
	binutils
	gdbserver
If you do not wish to distribute GPLv3 components please remove
the above packages prior to distribution.  This can be done using
the opkg remove command.  i.e.:
    opkg remove <package>
Where <package> is the name printed in the list above
NOTE: If the package is a dependency of another package you
      will be notified of the dependent packages.  You should
      use the --force-removal-of-dependent-packages option to
      also remove the dependent packages as well
***************************************************************
***************************************************************
Stopping Bootlog daemon: bootlogd.
 _____                    _____           _         _   
|  _  |___ ___ ___ ___   |  _  |___ ___  |_|___ ___| |_ 
|     |  _| .'| . | . |  |   __|  _| . | | | -_|  _|  _|
|__|__|_| |__,|_  |___|  |__|  |_| |___|_| |___|___|_|  
              |___|                    |___|            
Arago Project http://arago-project.org beagleboard /dev/ttyO2
Arago 2014.03 beagleboard /dev/ttyO2
beagleboard login: 
- 06:35:45 [INFO] Host: root
- 06:35:46 [INFO] Target: 
root
root@beagleboard:~# 
- 06:35:46 [INFO] Host: uname -a
- 06:35:46 [INFO] Target: 
uname -a
Linux beagleboard 3.19.0-rc2-next-20150106-00002-gba263e7 #1 SMP Tue Jan 6 05:33:22 CST 2015 armv7l GNU/Linux
root@beagleboard:~# 
- 06:35:46 [INFO] Host: cat /proc/cmdline
- 06:35:47 [INFO] Target: 
cat /proc/cmdline
console=ttyO2,115200n8  earlyprintk rootwait  ip=dhcp  root=PARTUUID=00000000-02 rw rootfstype=ext4 rootwait 
root@beagleboard:~# 
- 06:35:47 [INFO] Host: uname -a
- 06:35:47 [INFO] Target: 
uname -a
Linux beagleboard 3.19.0-rc2-next-20150106-00002-gba263e7 #1 SMP Tue Jan 6 05:33:22 CST 2015 armv7l GNU/Linux
root@beagleboard:~# 
- 06:35:47 [INFO] Host: cat /proc/mtd
- 06:35:48 [INFO] Target: 
cat /proc/mtd
dev:    size   erasesize  name
root@beagleboard:~# 
- 06:35:52 [INFO] Host: export IPERFHOST=192.168.0.1
- 06:35:53 [INFO] Target: 
export IPERFHOST=192.168.0.1
root@beagleboard:~# 
- 06:35:53 [INFO] Host: export NFS_SERVER=192.168.0.1
- 06:35:53 [INFO] Target: 
export NFS_SERVER=192.168.0.1
root@beagleboard:~# 
- 06:35:53 [INFO] Host: export NFS_ROOT_PATH=/home/tigtfarm06/NFS_exports/linux/beagleboard1
- 06:35:54 [INFO] Target: 
export NFS_ROOT_PATH=/home/tigtfarm06/NFS_exports/linux/beag 
leboard1
root@beagleboard:~# 
- 06:35:54 [INFO] Host: mkdir -p -m 777 /test
- 06:35:54 [INFO] Target: 
mkdir -p -m 777 /test
root@beagleboard:~# 
- 06:35:54 [INFO] Host: cd /test
- 06:35:55 [INFO] Target: 
cd /test
root@beagleboard:/test# 
- 06:35:55 [INFO] Host: cat > test.sh << EOF
- 06:35:55 [INFO] Target: 
cat > test.sh << EOF
- 06:35:55 [INFO] Host: failtest() {
- 06:35:56 [INFO] Target: 
failtest() {
- 06:35:56 [INFO] Host:   echo 1 >&3
- 06:35:56 [INFO] Target: 
  echo 1 >&3
- 06:35:56 [INFO] Host: }
- 06:35:57 [INFO] Target: 
- 06:35:57 [INFO] Host: timeout=600
- 06:35:57 [INFO] Target: 
timeout=600
- 06:35:57 [INFO] Host: 
- 06:35:58 [INFO] Target: 
- 06:35:58 [INFO] Host: # Start of user's script logic
- 06:35:58 [INFO] Target: 
# Start of user's script logic
- 06:35:58 [INFO] Host: 
- 06:35:59 [INFO] Target: 
- 06:35:59 [INFO] Host: 
- 06:35:59 [INFO] Target: 
- 06:35:59 [INFO] Host: mount -t proc proc /proc 2>/dev/null;
- 06:36:00 [INFO] Target: 
mount -t proc proc /proc 2>/dev/null;
- 06:36:00 [INFO] Host: 
- 06:36:00 [INFO] Target: 
- 06:36:00 [INFO] Host: mount -t sysfs sys /sys 2>/dev/null;
- 06:36:01 [INFO] Target: 
mount -t sysfs sys /sys 2>/dev/null;
- 06:36:01 [INFO] Host: 
- 06:36:01 [INFO] Target: 
- 06:36:01 [INFO] Host: mount -t debugfs none /sys/kernel/debug 2>/dev/null;
- 06:36:02 [INFO] Target: 
mount -t debugfs none /sys/kernel/debug 2>/dev/null;
- 06:36:02 [INFO] Host: 
- 06:36:02 [INFO] Target: 
- 06:36:02 [INFO] Host: echo 'cpuinfo:';cat /proc/cpuinfo; echo '=======';
- 06:36:03 [INFO] Target: 
echo 'cpuinfo:';cat /proc/cpuinfo; echo '=======';
- 06:36:03 [INFO] Host: 
- 06:36:03 [INFO] Target: 
- 06:36:03 [INFO] Host: echo 'soc info:';head /sys/devices/soc0/* 2>/dev/null; echo '=======';
- 06:36:04 [INFO] Target: 
echo 'soc info:';head /sys/devices/soc0/* 2>/dev/null; echo '=======';
- 06:36:04 [INFO] Host: 
- 06:36:04 [INFO] Target: 
- 06:36:04 [INFO] Host: echo 'DT Model info'; head /proc/device-tree/name /proc/device-tree/model /proc/device-tree/compatible 2>/dev/null;echo; echo '=======';
- 06:36:05 [INFO] Target: 
echo 'DT Model info'; head /proc/device-tree/name /proc/device-tree/model /pro 
c/device-tree/compatible 2>/dev/null;echo; echo '=======';
- 06:36:05 [INFO] Host: 
- 06:36:05 [INFO] Target: 
- 06:36:05 [INFO] Host: echo 'interrupts:';cat /proc/interrupts; echo '=======';
- 06:36:06 [INFO] Target: 
echo 'interrupts:';cat /proc/interrupts; echo '=======';
- 06:36:06 [INFO] Host: 
- 06:36:06 [INFO] Target: 
- 06:36:06 [INFO] Host: echo 'Clk_summary:';cat /sys/kernel/debug/clk/clk_summary; echo '=======';
- 06:36:07 [INFO] Target: 
echo 'Clk_summary:';cat /sys/kernel/debug/clk/clk_summary; echo '=======';
- 06:36:07 [INFO] Host: 
- 06:36:07 [INFO] Target: 
- 06:36:07 [INFO] Host: echo 'Orphan Clks:';ls /sys/kernel/debug/clk/orphans/; echo '=======';
- 06:36:08 [INFO] Target: 
echo 'Orphan Clks:';ls /sys/kernel/debug/clk/orphans/; echo '=======';
- 06:36:08 [INFO] Host: 
- 06:36:08 [INFO] Target: 
- 06:36:08 [INFO] Host: echo "Available frequencies"; cat /sys/devices/system/cpu/cpu0/cpufreq/scaling_available_frequencies 2>/dev/null;echo '=======';
- 06:36:09 [INFO] Target: 
echo "Available frequencies"; cat /sys/devices/system/cpu/cpu0/cpufreq/scaling 
_available_frequencies 2>/dev/null;echo '=======';
- 06:36:09 [INFO] Host: 
- 06:36:09 [INFO] Target: 
- 06:36:09 [INFO] Host: echo 'H''ello World' 'B''oard Booted';
- 06:36:10 [INFO] Target: 
echo 'H''ello World' 'B''oard Booted';
- 06:36:10 [INFO] Host: 
- 06:36:10 [INFO] Target: 
- 06:36:10 [INFO] Host: EOF
- 06:36:11 [INFO] Target: 
root@beagleboard:/test# 
- 06:36:11 [INFO] Host: cd /test
- 06:36:11 [INFO] Target: 
cd /test
root@beagleboard:/test# 
- 06:36:11 [INFO] Host: chmod +x test.sh
- 06:36:12 [INFO] Target: 
chmod +x test.sh
root@beagleboard:/test# 
- 06:36:12 [INFO] Host: ./test.sh 2> stderr.log > stdout.log 3> result.log
- 06:36:12 [INFO] Target: 
./test.sh 2> stderr.log > stdout.log 3> result.log
root@beagleboard:/test# 
- 06:36:12 [INFO] Host: echo $?
- 06:36:13 [INFO] Target: 
echo $?
root@beagleboard:/test# 
- 06:36:13 [INFO] Host: cd /test
- 06:36:13 [INFO] Target: 
cd /test
root@beagleboard:/test# 
- 06:36:13 [INFO] Host: cat stdout.log
- 06:36:16 [INFO] Target: 
cat stdout.log
cpuinfo:
processor	: 0
model name	: ARMv7 Processor rev 2 (v7l)
BogoMIPS	: 594.73
Features	: half thumb fastmult vfp edsp thumbee neon vfpv3 tls vfpd32 
CPU implementer	: 0x41
CPU architecture: 7
CPU variant	: 0x3
CPU part	: 0xc08
CPU revision	: 2
Hardware	: Generic OMAP36xx (Flattened Device Tree)
Revision	: 0000
Serial		: 0000000000000000
=======
soc info:
==> /sys/devices/soc0/family <==
OMAP3
==> /sys/devices/soc0/machine <==
OMAP3630
==> /sys/devices/soc0/power <==
==> /sys/devices/soc0/revision <==
ES1.2
==> /sys/devices/soc0/subsystem <==
==> /sys/devices/soc0/type <==
==> /sys/devices/soc0/uevent <==
=======
DT Model info
==> /proc/device-tree/name <==
==> /proc/device-tree/model <==
TI OMAP3 BeagleBoard xM
==> /proc/device-tree/compatible <==
ti,omap3-beagle-xmti,omap36xxti,omap3
=======
interrupts:
           CPU0       
 16:       3483      INTC  37  gp_timer
 18:          0      INTC   9  l3-debug-irq
 19:          0      INTC  10  l3-app-irq
 23:       6071      INTC  13  omap-dma-engine
 28:          0  49050000.gpio   0  DMA
194:       4094      INTC  74  OMAP UART2
195:       1080      INTC  56  48070000.i2c
196:          0      INTC  57  48072000.i2c
197:          0      INTC  61  48060000.i2c
204:       8456      INTC  83  mmc0
225:          0      INTC  20  gpmc
233:        456      PRCM  pm_wkup
242:          2      PRCM  pinctrl, pinctrl, pinctrl, pm_io
265:          1   pinctrl 366  OMAP UART2
266:          0      INTC   7  TWL4030-PIH
267:          0   twl4030   0  twl4030_gpio
272:          0   twl4030   5  twl4030_power
275:          0   twl4030   8  twl4030_pwrbutton
278:          0   twl4030  11  rtc0
305:          0  48310000.gpio   4  user
IPI0:          0  CPU wakeup interrupts
IPI1:          0  Timer broadcast interrupts
IPI2:          0  Rescheduling interrupts
IPI3:          0  Function call interrupts
IPI4:          0  Single function call interrupts
IPI5:          0  CPU stop interrupts
IPI6:          0  IRQ work interrupts
IPI7:          0  completion interrupts
Err:          0
=======
Clk_summary:
   clock                         enable_cnt  prepare_cnt        rate   accuracy   phase
----------------------------------------------------------------------------------------
 secure_32k_fck                           0            1       32768          0 0  
    wdt1_fck                              0            0       32768          0 0  
    gpt12_fck                             0            1       32768          0 0  
 dummy_ck                                 0            0           0          0 0  
 mcbsp_clks                               0            5           0          0 0  
 sys_altclk                               0            0           0          0 0  
 virt_38_4m_ck                            0            0    38400000          0 0  
 virt_26000000_ck                         1            1    26000000          0 0  
    osc_sys_ck                            1            1    26000000          0 0  
       sys_clkout1                        0            0    26000000          0 0  
       sys_ck                             3           18    13000000          0 0  
          gpt9_fck                        0            1    13000000          0 0  
          gpt8_fck                        0            1    13000000          0 0  
          gpt7_fck                        0            1    13000000          0 0  
          gpt6_fck                        0            1    13000000          0 0  
          gpt5_fck                        0            1    13000000          0 0  
          gpt4_fck                        0            1    13000000          0 0  
          gpt3_fck                        0            1    13000000          0 0  
          gpt2_fck                        0            1    13000000          0 0  
          cpefuse_fck                     0            0    13000000          0 0  
          dpll5_ck                        0            1   120000000          0 0  
             dpll5_m2_ck                  0            1   120000000          0 0  
                dpll5_m2_d20_ck           0            0     6000000          0 0  
                dpll5_m2_d16_ck           0            0     7500000          0 0  
                dpll5_m2_d8_ck            0            0    15000000          0 0  
                dpll5_m2_d4_ck            0            0    30000000          0 0  
                usbhost_120m_fck           0            0   120000000          0 0  
                usbtll_fck                0            1   120000000          0 0  
          sys_d2_ck                       0            0     6500000          0 0  
             usim_fck                     0            0     6500000          0 0  
          modem_fck                       0            0    13000000          0 0  
          dpll2_ck                        0            1   260000000          0 0  
             dpll2_m2_ck                  0            1   260000000          0 0  
                iva2_ck                   0            2   260000000          0 0  
          sr2_fck                         0            1    13000000          0 0  
          sr1_fck                         0            1    13000000          0 0  
          traceclk_src_fck                0            0    13000000          0 0  
             traceclk_fck                 0            0    13000000          0 0  
          emu_src_mux_ck                  0            1    13000000          0 0  
             emu_src_ck                   0            1    13000000          0 0  
                atclk_fck                 0            0    13000000          0 0  
                pclkx2_fck                0            0    13000000          0 0  
                pclk_fck                  0            0     6500000          0 0  
          dss2_alwon_fck                  0            2    13000000          0 0  
          dpll1_ck                        0            1   600000000          0 0  
             dpll1_x2_ck                  0            1  1200000000          0 0  
                dpll1_x2m2_ck             0            1  1200000000          0 0  
                   mpu_ck                 0            1  1200000000          0 0  
                      emu_mpu_alwon_ck           0            0  1200000000          0 0  
                      arm_fck             0            1   600000000          0 0  
          dpll3_ck                        1            1   400000000          0 0  
             dpll3_x2_ck                  0            0   800000000          0 0  
             dpll3_m2_ck                  1            1   400000000          0 0  
                dpll3_m2x2_ck             0            0   800000000          0 0  
                   corex2_fck             0            0   800000000          0 0  
                      ssi_ssr_fck_3430es2           0            0   266666667          0 0  
                         ssi_sst_fck_3430es2           0            0   133333333          0 0  
                      corex2_d5_fck           0            0   160000000          0 0  
                      corex2_d3_fck           0            0   266666666          0 0  
                core_ck                   1            1   400000000          0 0  
                   core_d2_ck             0            0   200000000          0 0  
                      sgx_fck             0            0   200000000          0 0  
                   core_d6_ck             0            0    66666666          0 0  
                   core_d4_ck             0            0   100000000          0 0  
                   core_d3_ck             0            0   133333333          0 0  
                   dpll2_fck              0            0   400000000          0 0  
                   l3_ick                 2            3   200000000          0 0  
                      sgx_ick             0            0   200000000          0 0  
                      mad2d_ick           0            0   200000000          0 0  
                      sad2d_ick           0            1   200000000          0 0  
                      security_l3_ick           0            0   200000000          0 0  
                         pka_ick           0            0   200000000          0 0  
                      core_l3_ick           8           10   200000000          0 0  
                         hsotgusb_ick_3430es2           0            1   200000000          0 0  
                         gpmc_fck           2            2   200000000          0 0  
                         sdrc_ick           1            1   200000000          0 0  
                      l4_ick              6            7   100000000          0 0  
                         usbhost_ick           1            1   100000000          0 0  
                         dss_ick_3430es2           4            6   100000000          0 0  
                         sr_l4_ick           2            2   100000000          0 0  
                         ssi_l4_ick           0            0   100000000          0 0  
                            ssi_ick_3430es2           0            0   100000000          0 0  
                         cam_ick           0            1   100000000          0 0  
                         security_l4_ick2           0            0   100000000          0 0  
                            des1_ick           0            0   100000000          0 0  
                            sha11_ick           0            0   100000000          0 0  
                            rng_ick           0            0   100000000          0 0  
                            aes1_ick           0            0   100000000          0 0  
                         per_l4_ick          14           18   100000000          0 0  
                            mcbsp4_ick           2            2   100000000          0 0  
                            mcbsp3_ick           2            2   100000000          0 0  
                            mcbsp2_ick           1            1   100000000          0 0  
                            gpt2_ick           1            1   100000000          0 0  
                            gpt3_ick           1            1   100000000          0 0  
                            gpt4_ick           1            1   100000000          0 0  
                            gpt5_ick           1            1   100000000          0 0  
                            gpt6_ick           1            1   100000000          0 0  
                            gpt7_ick           1            1   100000000          0 0  
                            gpt8_ick           1            1   100000000          0 0  
                            gpt9_ick           1            1   100000000          0 0  
                            uart4_ick           1            1   100000000          0 0  
                            uart3_ick           1            1   100000000          0 0  
                            wdt3_ick           0            0   100000000          0 0  
                            gpio2_ick           0            1   100000000          0 0  
                            gpio3_ick           0            1   100000000          0 0  
                            gpio4_ick           0            1   100000000          0 0  
                            gpio5_ick           1            1   100000000          0 0  
                            gpio6_ick           0            1   100000000          0 0  
                         core_l4_ick          21           23   100000000          0 0  
                            mmchs3_ick           1            1   100000000          0 0  
                            usbtll_ick           1            1   100000000          0 0  
                            mailboxes_ick           0            1   100000000          0 0  
                            mspro_ick           0            0   100000000          0 0  
                            des2_ick           0            0   100000000          0 0  
                            icr_ick           0            0   100000000          0 0  
                            sha12_ick           1            2   100000000          0 0  
                            aes2_ick           1            2   100000000          0 0  
                            omapctrl_ick           1            1   100000000          0 0  
                            mcbsp1_ick           1            1   100000000          0 0  
                            mcbsp5_ick           1            1   100000000          0 0  
                            gpt10_ick           1            1   100000000          0 0  
                            gpt11_ick           1            1   100000000          0 0  
                            uart1_ick           1            1   100000000          0 0  
                            uart2_ick           1            1   100000000          0 0  
                            i2c1_ick           1            1   100000000          0 0  
                            i2c2_ick           1            1   100000000          0 0  
                            i2c3_ick           1            1   100000000          0 0  
                            mcspi1_ick           1            1   100000000          0 0  
                            mcspi2_ick           1            1   100000000          0 0  
                            mcspi3_ick           1            1   100000000          0 0  
                            mcspi4_ick           1            1   100000000          0 0  
                            hdq_ick           0            1   100000000          0 0  
                            mmchs1_ick           1            1   100000000          0 0  
                            mmchs2_ick           1            1   100000000          0 0  
                         rm_ick           0            0    50000000          0 0  
                   dpll1_fck              0            0   200000000          0 0  
             dpll3_m3_ck                  0            0   200000000          0 0  
                dpll3_m3x2_mul_ck           0            0   400000000          0 0  
                   dpll3_m3x2_ck           0            0   400000000          0 0  
                      emu_core_alwon_ck           0            0   400000000          0 0  
          dpll4_ck                        1            3   864000000          0 0  
             dpll4_x2_ck                  0            0  1728000000          0 0  
             dpll4_m6_ck                  0            0   288000000          0 0  
                dpll4_m6x2_mul_ck           0            0   288000000          0 0  
                   dpll4_m6x2_ck           0            0   288000000          0 0  
                      emu_per_alwon_ck           0            0   288000000          0 0  
             dpll4_m5_ck                  0            0   216000000          0 0  
                dpll4_m5x2_mul_ck           0            0   216000000          0 0  
                   dpll4_m5x2_ck           0            0   216000000          0 0  
                      cam_mclk            0            0   216000000          0 0  
             dpll4_m4_ck                  0            1    96000000          0 0  
                dpll4_m4x2_mul_ck           0            1    96000000          0 0  
                   dpll4_m4x2_ck           0            1    96000000          0 0  
                      dss1_alwon_fck_3430es2           0            4    96000000          0 0  
             dpll4_m3_ck                  0            1    54000000          0 0  
                dpll4_m3x2_mul_ck           0            1    54000000          0 0  
                   dpll4_m3x2_ck           0            1    54000000          0 0  
                      omap_54m_fck           0            1    54000000          0 0  
                         clkout2_src_ck           0            0    54000000          0 0  
                            sys_clkout2           0            0    54000000          0 0  
                         dss_tv_fck           0            2    54000000          0 0  
             dpll4_m2_ck                  1            1    96000000          0 0  
                dpll4_m2x2_mul_ck           1            1    96000000          0 0  
                   dpll4_m2x2_ck           1            1    96000000          0 0  
                      omap_192m_alwon_fck           0            0    96000000          0 0  
                      omap_96m_alwon_fck           1            2    96000000          0 0  
                         per_96m_fck           0            6    96000000          0 0  
                            mcbsp4_fck           0            1    96000000          0 0  
                            mcbsp3_fck           0            2    96000000          0 0  
                            mcbsp2_fck           0            2    96000000          0 0  
                         cm_96m_fck           1            2    96000000          0 0  
                            cm_96m_d2_fck           1            1    48000000          0 0  
                               omap_48m_fck           2            4    48000000          0 0  
                                  usbhost_48m_fck           0            1    48000000          0 0  
                                  per_48m_fck           2            2    48000000          0 0  
                                     uart4_fck           1            1    48000000          0 0  
                                     uart3_fck           1            1    48000000          0 0  
                                  core_48m_fck           2            6    48000000          0 0  
                                     uart1_fck           1            1    48000000          0 0  
                                     uart2_fck           1            1    48000000          0 0  
                                     mcspi1_fck           0            1    48000000          0 0  
                                     mcspi2_fck           0            1    48000000          0 0  
                                     mcspi3_fck           0            1    48000000          0 0  
                                     mcspi4_fck           0            1    48000000          0 0  
                                  omap_12m_fck           0            1    12000000          0 0  
                                     core_12m_fck           0            1    12000000          0 0  
                                        hdq_fck             0            1    12000000          0 0  
                            omap_96m_fck           0            2    96000000          0 0  
                               omap_96m_d10_fck           0            0     9600000          0 0  
                               omap_96m_d8_fck           0            0    12000000          0 0  
                               omap_96m_d4_fck           0            0    24000000          0 0  
                               omap_96m_d2_fck           0            0    48000000          0 0  
                               dss_96m_fck           0            2    96000000          0 0  
                               core_96m_fck           0           10    96000000          0 0  
                                  mcbsp1_fck           0            1    96000000          0 0  
                                  mcbsp5_fck           0            1    96000000          0 0  
                                  mmchs3_fck           0            1    96000000          0 0  
                                  mspro_fck           0            0    96000000          0 0  
                                  csi2_96m_fck           0            0    96000000          0 0  
                                  i2c1_fck           0            1    96000000          0 0  
                                  i2c2_fck           0            1    96000000          0 0  
                                  i2c3_fck           0            1    96000000          0 0  
                                  mmchs1_fck           0            1    96000000          0 0  
                                  mmchs2_fck           0            1    96000000          0 0  
          wkup_l4_ick                     5            5    13000000          0 0  
             usim_ick                     0            0    13000000          0 0  
             gpt1_ick                     1            1    13000000          0 0  
             gpt12_ick                    1            1    13000000          0 0  
             omap_32ksync_ick             1            1    13000000          0 0  
             gpio1_ick                    1            1    13000000          0 0  
             wdt1_ick                     0            0    13000000          0 0  
             wdt2_ick                     1            1    13000000          0 0  
 virt_19200000_ck                         0            0    19200000          0 0  
 virt_13m_ck                              0            0    13000000          0 0  
 virt_12m_ck                              0            0    12000000          0 0  
 omap_32k_fck                             2            8       32768          0 0  
    gpt1_fck                              1            1       32768          0 0  
    gpt11_fck                             0            1       32768          0 0  
    gpt10_fck                             0            1       32768          0 0  
    ts_fck                                0            0       32768          0 0  
    per_32k_alwon_fck                     0            5       32768          0 0  
       wdt3_fck                           0            0       32768          0 0  
       gpio2_dbck                         0            1       32768          0 0  
       gpio3_dbck                         0            1       32768          0 0  
       gpio4_dbck                         0            1       32768          0 0  
       gpio5_dbck                         0            1       32768          0 0  
       gpio6_dbck                         0            1       32768          0 0  
    wkup_32k_fck                          2            3       32768          0 0  
       wdt2_fck                           0            1       32768          0 0  
       gpio1_dbck                         1            2       32768          0 0  
 dummy_apb_pclk                           0            0           0          0 0  
 virt_16_8m_ck                            0            0    16800000          0 0  
=======
Orphan Clks:
=======
Available frequencies
=======
Hello World Board Booted
root@beagleboard:/test# 
- 06:36:16 [INFO] Host: cat stderr.log
- 06:36:16 [INFO] Target: 
cat stderr.log
ls: /sys/kernel/debug/clk/orphans/: No such file or directory
root@beagleboard:/test# 
- 06:36:16 [INFO] Host: cat result.log
- 06:36:18 [ERROR] On command: cat result.log waiting for cat result.log.+?(?m-ix:^1[\0\n\r]+) >>> error: execution expired
- 06:36:18 [INFO] Target: 
cat result.log
root@beagleboard:/test# 
- 06:36:18 [INFO] Host: cd /test
- 06:36:19 [INFO] Target: 
cd /test
root@beagleboard:/test# 
URL:gtsystest.telogy.design.ti.com/vatf/tigtfarm06/tigtfarm06_vatf@beagleboard1/tigtfarm0601_06_2015_06_34_20/files/session_iteration_1/test_1
