- 06:32:23 [INFO] Starting target session
- 06:32:23 [INFO] Connected to beaglebone-black via serial 
- 06:32:23 [INFO] Host: #check prompt
- 06:32:25 [ERROR] On command: #check prompt waiting for #check prompt.+?(?-mix:((?-mix:login:)|[Pp]assword)) >>> error: execution expired
- 06:32:25 [INFO] Target: 
#check prompt
root@am335x-evm:~# 
- 06:32:25 [INFO] Host: #check prompt
- 06:32:26 [INFO] Target: 
#check prompt
root@am335x-evm:~# 
- 06:32:26 [INFO] Host: sync;poweroff
- 06:32:37 [INFO] Target: 
sync;poweroff
Broadcast message from root@am335x-evm (ttyO0) (Mon Oct 13 05:40:00 2014):
The system is going down for system halt NOW!
INIT: Switching t
INIT: root@am335x-evm:~# Sending processes the TERM signal
UIM SYSFS Node Not Found
Stopping Dropbear SSH server: stopped /usr/sbin/dropbear (pid 590)
dropbear.
Stopping telnet daemon.
Stopping system message bus: dbus.
Error opening /dev/fb0: No such file or directory
Stopping syslogd/klogd: stopped syslogd (pid 617)
stopped klogd (pid 620)
done
Stopping thttpd.
Stopping Weston
stopping statd: done
ALSA: Storing mixer settings...
/usr/sbin/alsactl: save_state:1590: No soundcards found...
Stopping rpcbind daemon...
done.
Stopping Lighttpd Web Server: stopped /usr/sbin/lighttpd (pid 629)
lighttpd.
NOT deconfiguring network interfaces: / is an NFS mount
Stopping Matrix GUI applicationstart-stop-daemon: warning: killing process 637: No such process
***************************************************************
***************************************************************
NOTICE: This file system contains the followin GPLv3 packages:
	binutils
	elfutils
	gdbserver
	libdw1
	libelf1
If you do not wish to distribute GPLv3 components please remove
the above packages prior to distribution.  This can be done using
the opkg remove command.  i.e.:
    opkg remove <package>
Where <package> is the name printed in the list above
NOTE: If the package is a dependency of another package you
      will be notified of the dependent packages.  You should
      use the --force-removal-of-dependent-packages option to
      also remove the dependent packages as well
***************************************************************
***************************************************************
Sending all processes the TERM signal...
Sending all processes the KILL signal...
Unmounting remote filesystems...
Deactivating swap...
Unmounting local filesystems...
[19469.165234] reboot: System halted
- 06:32:37 [INFO] Disconnected serial from beaglebone-black
- 06:33:15 [INFO] Connected to beaglebone-black via serial 
- 06:33:15 [INFO] Host: 
- 06:33:16 [ERROR] On command:  waiting for (?-mix:U-Boot#) >>> error: execution expired
- 06:33:16 [INFO] Target: 
U-Boot SPL 2014.07-00071-gaca0808 (Oct 02 2014 - 11:22:57)
- 06:33:16 [INFO] Host: 
- 06:33:16 [ERROR] On command:  waiting for (?-mix:U-Boot#) >>> error: execution expired
- 06:33:16 [INFO] Target: 
- 06:33:16 [INFO] Host: 
- 06:33:17 [ERROR] On command:  waiting for (?-mix:U-Boot#) >>> error: execution expired
- 06:33:17 [INFO] Target: 
- 06:33:17 [INFO] Host: 
- 06:33:17 [ERROR] On command:  waiting for (?-mix:U-Boot#) >>> error: execution expired
- 06:33:17 [INFO] Target: 
- 06:33:17 [INFO] Host: 
- 06:33:18 [ERROR] On command:  waiting for (?-mix:U-Boot#) >>> error: execution expired
- 06:33:18 [INFO] Target: 
reading args
spl_load_image_fat_os: error reading image args, err - -1
reading u-boot.img
reading u-boot.img
U-Boot 2014.07-00071-gaca0808 (Oct 02 2014 - 11:22:57), Build: jenkins-ti-linux-3-14-y_opentest-216
I2C:   ready
DRAM:  512 MiB
- 06:33:18 [INFO] Host: 
- 06:33:18 [INFO] Target: 
NAND:  0 MiB
MMC:   OMAP SD/MMC: 0, OMAP SD/MMC: 1
reading uboot.env
** Unable to read "uboot.env" from mmc0:1 **
Using default environment
Net:   <ethaddr> not set. Validating first E-fuse MAC
cpsw, usb_ether
Hit any key to stop autoboot:  1  0 
U-Boot# 
- 06:33:18 [INFO] Host: 
- 06:33:19 [INFO] Target: 
U-Boot# 
- 06:33:19 [INFO] Host: version
- 06:33:19 [INFO] Target: 
version
U-Boot 2014.07-00071-gaca0808 (Oct 02 2014 - 11:22:57)
arm-linux-gnueabihf-gcc (crosstool-NG linaro-1.13.1-4.7-2013.03-20130313 - Linaro GCC 2013.03) 4.7.3 20130226 (prerelease)
GNU ld (crosstool-NG linaro-1.13.1-4.7-2013.03-20130313 - Linaro GCC 2013.03) 2.23.1
U-Boot# 
- 06:33:19 [INFO] Host: setenv bootargs 'console=ttyO0,115200n8 earlyprintk rootwait '
- 06:33:20 [INFO] Target: 
setenv bootargs 'console=ttyO0,115200n8 earlyprintk rootwait '
U-Boot# 
- 06:33:20 [INFO] Host: setenv bootcmd  ''
- 06:33:20 [INFO] Target: 
setenv bootcmd  ''
U-Boot# 
- 06:33:20 [INFO] Host: setenv autoload 'no'
- 06:33:21 [INFO] Target: 
setenv autoload 'no'
U-Boot# 
- 06:33:21 [INFO] Host: setenv serverip '192.168.0.1'
- 06:33:21 [INFO] Target: 
setenv serverip '192.168.0.1'
U-Boot# 
- 06:33:21 [INFO] Host: printenv
- 06:33:22 [INFO] Target: 
printenv
arch=arm
autoload=no
baudrate=115200
board=am335x
board_name=A335BNLT
board_rev=0A5A
boot_fdt=try
bootargs=console=ttyO0,115200n8 earlyprintk rootwait 
bootcmd=
bootcount=1
bootdelay=1
bootdir=/boot
bootenv=uEnv.txt
bootfile=zImage
bootm_size=0x10000000
bootpart=0:2
console=ttyO0,115200n8
cpu=armv7
dfu_alt_info_emmc=rawemmc mmc 0 3751936
dfu_alt_info_mmc=boot part 0 1;rootfs part 0 2;MLO fat 0 1;MLO.raw mmc 0x100 0x100;u-boot.img.raw mmc 0x300 0x400;spl-os-args.raw mmc 0x80 0x80;spl-os-image.raw mmc 0x900 0x2000;spl-os-args fat 0 1;spl-os-image fat 0 1;u-boot.img fat 0 1;uEnv.txt fat 0 1
dfu_alt_info_nand=SPL part 0 1;SPL.backup1 part 0 2;SPL.backup2 part 0 3;SPL.backup3 part 0 4;u-boot part 0 5;u-boot-spl-os part 0 6;kernel part 0 8;rootfs part 0 9
dfu_alt_info_ram=kernel ram 0x80200000 0xD80000;fdt ram 0x80F80000 0x80000;ramdisk ram 0x81000000 0x4000000
eth1addr=c8:a0:30:a6:4c:b3
ethact=cpsw
ethaddr=c8:a0:30:a6:4c:b1
fdt_addr_r=0x88000000
fdtaddr=0x88000000
fdtfile=undefined
findfdt=if test $board_name = A335BONE; then setenv fdtfile am335x-bone.dtb; fi; if test $board_name = A335BNLT; then setenv fdtfile am335x-boneblack.dtb; fi; if test $board_name = A33515BB; then setenv fdtfile am335x-evm.dtb; fi; if test $board_name = A335X_SK; then setenv fdtfile am335x-evmsk.dtb; fi; if test $fdtfile = undefined; then echo WARNING: Could not determine device tree to use; fi; 
importbootenv=echo Importing environment from mmc ...; env import -t -r $loadaddr $filesize
kernel_addr_r=0x82000000
loadaddr=0x82000000
loadbootenv=load mmc ${mmcdev} ${loadaddr} ${bootenv}
loadfdt=load mmc ${bootpart} ${fdtaddr} ${bootdir}/${fdtfile}
loadimage=load mmc ${bootpart} ${loadaddr} ${bootdir}/${bootfile}
loadramdisk=load mmc ${mmcdev} ${rdaddr} ramdisk.gz
mmcargs=setenv bootargs console=${console} ${optargs} root=${mmcroot} rootfstype=${mmcrootfstype}
mmcboot=mmc dev ${mmcdev}; if mmc rescan; then echo SD/MMC found on device ${mmcdev};if run loadbootenv; then echo Loaded environment from ${bootenv};run importbootenv;fi;if test -n $uenvcmd; then echo Running uenvcmd ...;run uenvcmd;fi;if run loadimage; then run mmcloados;fi;fi;
mmcdev=0
mmcloados=run mmcargs; if test ${boot_fdt} = yes || test ${boot_fdt} = try; then if run loadfdt; then bootz ${loadaddr} - ${fdtaddr}; else if test ${boot_fdt} = try; then bootz; else echo WARN: Cannot load the DT; fi; fi; else bootz; fi;
mmcroot=/dev/mmcblk0p2 ro
mmcrootfstype=ext4 rootwait
mtdids=nand0=nand.0
mtdparts=mtdparts=nand.0:128k(NAND.SPL),128k(NAND.SPL.backup1),128k(NAND.SPL.backup2),128k(NAND.SPL.backup3),256k(NAND.u-boot-spl-os),1m(NAND.u-boot),128k(NAND.u-boot-env),128k(NAND.u-boot-env.backup1),8m(NAND.kernel),-(NAND.file-system)
nandargs=setenv bootargs console=${console} ${optargs} root=${nandroot} rootfstype=${nandrootfstype}
nandboot=echo Booting from nand ...; run nandargs; nand read ${fdtaddr} NAND.u-boot-spl-os; nand read ${loadaddr} NAND.kernel; bootz ${loadaddr} - ${fdtaddr}
nandroot=ubi0:rootfs rw ubi.mtd=NAND.file-system,2048
nandrootfstype=ubifs rootwait=1
netargs=setenv bootargs console=${console} ${optargs} root=/dev/nfs nfsroot=${serverip}:${rootpath},${nfsopts} rw ip=dhcp
netboot=echo Booting from network ...; setenv autoload no; dhcp; tftp ${loadaddr} ${bootfile}; tftp ${fdtaddr} ${fdtfile}; run netargs; bootz ${loadaddr} - ${fdtaddr}
nfsopts=nolock
partitions=uuid_disk=${uuid_gpt_disk};name=rootfs,start=2MiB,size=-,uuid=${uuid_gpt_rootfs}
ramargs=setenv bootargs console=${console} ${optargs} root=${ramroot} rootfstype=${ramrootfstype}
ramboot=echo Booting from ramdisk ...; run ramargs; bootz ${loadaddr} ${rdaddr} ${fdtaddr}
ramdisk_addr_r=0x88080000
ramroot=/dev/ram0 rw
ramrootfstype=ext2
rdaddr=0x88080000
rootpath=/export/rootfs
serverip=192.168.0.1
soc=am33xx
spiargs=setenv bootargs console=${console} ${optargs} root=${spiroot} rootfstype=${spirootfstype}
spiboot=echo Booting from spi ...; run spiargs; sf probe ${spibusno}:0; sf read ${loadaddr} ${spisrcaddr} ${spiimgsize}; bootz ${loadaddr}
spibusno=0
spiimgsize=0x362000
spiroot=/dev/mtdblock4 rw
spirootfstype=jffs2
spisrcaddr=0xe0000
static_ip=${ipaddr}:${serverip}:${gatewayip}:${netmask}:${hostname}::off
stderr=serial
stdin=serial
stdout=serial
usbnet_devaddr=c8:a0:30:a6:4c:b3
vendor=ti
ver=U-Boot 2014.07-00071-gaca0808 (Oct 02 2014 - 11:22:57)
Environment size: 4470/131068 bytes
U-Boot# 
- 06:33:22 [INFO] Host: printenv
- 06:33:22 [INFO] Target: 
printenv
arch=arm
autoload=no
baudrate=115200
board=am335x
board_name=A335BNLT
board_rev=0A5A
boot_fdt=try
bootargs=console=ttyO0,115200n8 earlyprintk rootwait 
bootcmd=
bootcount=1
bootdelay=1
bootdir=/boot
bootenv=uEnv.txt
bootfile=zImage
bootm_size=0x10000000
bootpart=0:2
console=ttyO0,115200n8
cpu=armv7
dfu_alt_info_emmc=rawemmc mmc 0 3751936
dfu_alt_info_mmc=boot part 0 1;rootfs part 0 2;MLO fat 0 1;MLO.raw mmc 0x100 0x100;u-boot.img.raw mmc 0x300 0x400;spl-os-args.raw mmc 0x80 0x80;spl-os-image.raw mmc 0x900 0x2000;spl-os-args fat 0 1;spl-os-image fat 0 1;u-boot.img fat 0 1;uEnv.txt fat 0 1
dfu_alt_info_nand=SPL part 0 1;SPL.backup1 part 0 2;SPL.backup2 part 0 3;SPL.backup3 part 0 4;u-boot part 0 5;u-boot-spl-os part 0 6;kernel part 0 8;rootfs part 0 9
dfu_alt_info_ram=kernel ram 0x80200000 0xD80000;fdt ram 0x80F80000 0x80000;ramdisk ram 0x81000000 0x4000000
eth1addr=c8:a0:30:a6:4c:b3
ethact=cpsw
ethaddr=c8:a0:30:a6:4c:b1
fdt_addr_r=0x88000000
fdtaddr=0x88000000
fdtfile=undefined
findfdt=if test $board_name = A335BONE; then setenv fdtfile am335x-bone.dtb; fi; if test $board_name = A335BNLT; then setenv fdtfile am335x-boneblack.dtb; fi; if test $board_name = A33515BB; then setenv fdtfile am335x-evm.dtb; fi; if test $board_name = A335X_SK; then setenv fdtfile am335x-evmsk.dtb; fi; if test $fdtfile = undefined; then echo WARNING: Could not determine device tree to use; fi; 
importbootenv=echo Importing environment from mmc ...; env import -t -r $loadaddr $filesize
kernel_addr_r=0x82000000
loadaddr=0x82000000
loadbootenv=load mmc ${mmcdev} ${loadaddr} ${bootenv}
loadfdt=load mmc ${bootpart} ${fdtaddr} ${bootdir}/${fdtfile}
loadimage=load mmc ${bootpart} ${loadaddr} ${bootdir}/${bootfile}
loadramdisk=load mmc ${mmcdev} ${rdaddr} ramdisk.gz
mmcargs=setenv bootargs console=${console} ${optargs} root=${mmcroot} rootfstype=${mmcrootfstype}
mmcboot=mmc dev ${mmcdev}; if mmc rescan; then echo SD/MMC found on device ${mmcdev};if run loadbootenv; then echo Loaded environment from ${bootenv};run importbootenv;fi;if test -n $uenvcmd; then echo Running uenvcmd ...;run uenvcmd;fi;if run loadimage; then run mmcloados;fi;fi;
mmcdev=0
mmcloados=run mmcargs; if test ${boot_fdt} = yes || test ${boot_fdt} = try; then if run loadfdt; then bootz ${loadaddr} - ${fdtaddr}; else if test ${boot_fdt} = try; then bootz; else echo WARN: Cannot load the DT; fi; fi; else bootz; fi;
mmcroot=/dev/mmcblk0p2 ro
mmcrootfstype=ext4 rootwait
mtdids=nand0=nand.0
mtdparts=mtdparts=nand.0:128k(NAND.SPL),128k(NAND.SPL.backup1),128k(NAND.SPL.backup2),128k(NAND.SPL.backup3),256k(NAND.u-boot-spl-os),1m(NAND.u-boot),128k(NAND.u-boot-env),128k(NAND.u-boot-env.backup1),8m(NAND.kernel),-(NAND.file-system)
nandargs=setenv bootargs console=${console} ${optargs} root=${nandroot} rootfstype=${nandrootfstype}
nandboot=echo Booting from nand ...; run nandargs; nand read ${fdtaddr} NAND.u-boot-spl-os; nand read ${loadaddr} NAND.kernel; bootz ${loadaddr} - ${fdtaddr}
nandroot=ubi0:rootfs rw ubi.mtd=NAND.file-system,2048
nandrootfstype=ubifs rootwait=1
netargs=setenv bootargs console=${console} ${optargs} root=/dev/nfs nfsroot=${serverip}:${rootpath},${nfsopts} rw ip=dhcp
netboot=echo Booting from network ...; setenv autoload no; dhcp; tftp ${loadaddr} ${bootfile}; tftp ${fdtaddr} ${fdtfile}; run netargs; bootz ${loadaddr} - ${fdtaddr}
nfsopts=nolock
partitions=uuid_disk=${uuid_gpt_disk};name=rootfs,start=2MiB,size=-,uuid=${uuid_gpt_rootfs}
ramargs=setenv bootargs console=${console} ${optargs} root=${ramroot} rootfstype=${ramrootfstype}
ramboot=echo Booting from ramdisk ...; run ramargs; bootz ${loadaddr} ${rdaddr} ${fdtaddr}
ramdisk_addr_r=0x88080000
ramroot=/dev/ram0 rw
ramrootfstype=ext2
rdaddr=0x88080000
rootpath=/export/rootfs
serverip=192.168.0.1
soc=am33xx
spiargs=setenv bootargs console=${console} ${optargs} root=${spiroot} rootfstype=${spirootfstype}
spiboot=echo Booting from spi ...; run spiargs; sf probe ${spibusno}:0; sf read ${loadaddr} ${spisrcaddr} ${spiimgsize}; bootz ${loadaddr}
spibusno=0
spiimgsize=0x362000
spiroot=/dev/mtdblock4 rw
spirootfstype=jffs2
spisrcaddr=0xe0000
static_ip=${ipaddr}:${serverip}:${gatewayip}:${netmask}:${hostname}::off
stderr=serial
stdin=serial
stdout=serial
usbnet_devaddr=c8:a0:30:a6:4c:b3
vendor=ti
ver=U-Boot 2014.07-00071-gaca0808 (Oct 02 2014 - 11:22:57)
Environment size: 4470/131068 bytes
U-Boot# 
- 06:33:22 [INFO] Host: setenv bootargs ''${bootargs}' ip=dhcp '
- 06:33:23 [INFO] Target: 
setenv bootargs ''${bootargs}' ip=dhcp '
U-Boot# 
- 06:33:23 [INFO] Host: setenv serverip '192.168.0.1'
- 06:33:23 [INFO] Target: 
setenv serverip '192.168.0.1'
U-Boot# 
- 06:33:23 [INFO] Host: setenv ipaddr dhcp
- 06:33:24 [INFO] Target: 
setenv ipaddr dhcp
U-Boot# 
- 06:33:24 [INFO] Host: setenv autoload 'no'
- 06:33:24 [INFO] Target: 
setenv autoload 'no'
U-Boot# 
- 06:33:24 [INFO] Host: dhcp
- 06:33:26 [INFO] Target: 
dhcp
link up on port 0, speed 100, full duplex
BOOTP broadcast 1
DHCP client bound to address 192.168.0.146
U-Boot# 
- 06:33:26 [INFO] Host: setenv serverip '192.168.0.1'
- 06:33:26 [INFO] Target: 
setenv serverip '192.168.0.1'
U-Boot# 
- 06:33:26 [INFO] Host: tftp ${loadaddr} 192.168.0.1:vatf_bbb1/a79c946e685b0960f2e9f88aa16bfa7b
- 06:33:28 [INFO] Target: 
tftp ${loadaddr} 192.168.0.1:vatf_bbb1/a79c946e685b0960f2e9f88aa16bfa7b
link up on port 0, speed 100, full duplex
Using cpsw device
TFTP from server 192.168.0.1; our IP address is 192.168.0.146
Filename 'vatf_bbb1/a79c946e685b0960f2e9f88aa16bfa7b'.
Load address: 0x82000000
Loading: *#################################################################
	 #################################################################
	 #################################################################
	 #################################################################
	 ################################################################
	 4.2 MiB/s
done
Bytes transferred = 4742496 (485d60 hex)
U-Boot# 
- 06:33:28 [INFO] Host: tftp ${fdt_addr_r} 192.168.0.1:vatf_bbb1/ec8a9d978486b761cf9e585a586896eb
- 06:33:28 [INFO] Target: 
tftp ${fdt_addr_r} 192.168.0.1:vatf_bbb1/ec8a9d978486b761cf9e585a586896eb
link up on port 0, speed 100, full duplex
Using cpsw device
TFTP from server 192.168.0.1; our IP address is 192.168.0.146
Filename 'vatf_bbb1/ec8a9d978486b761cf9e585a586896eb'.
Load address: 0x88000000
Loading: *###
	 3.5 MiB/s
done
Bytes transferred = 29478 (7326 hex)
U-Boot# 
- 06:33:28 [INFO] Host: ls mmc 0:1
- 06:33:29 [INFO] Target: 
ls mmc 0:1
  2206363   am335x-evm-sk-quickstartguide.pdf 
      140   autorun.inf 
   176621   beaglebone-quickstartguide.pdf 
    77476   mlo 
  2371014   quickstartguide.pdf 
     1164   readme 
   447116   u-boot.img 
            windows_users/
       14   .ipaddr 
        0   pointercal 
9 file(s), 1 dir(s)
U-Boot# 
- 06:33:29 [INFO] Host: ls mmc 0:2
- 06:33:29 [INFO] Target: 
ls mmc 0:2
<DIR>       4096 .
<DIR>       4096 ..
<DIR>       4096 bin
<DIR>       4096 boot
<DIR>       4096 dev
<DIR>       4096 etc
<DIR>       4096 home
<DIR>       4096 lib
<DIR>       4096 media
<DIR>       4096 mnt
<DIR>       4096 opt
<DIR>       4096 proc
<DIR>       4096 sbin
<DIR>       4096 srv
<DIR>       4096 sys
<SYM>          8 tmp
<DIR>       4096 usr
<DIR>       4096 var
<DIR>       4096 www
<SYM>          8 run
<DIR>       4096 Settings
<DIR>       4096 test
U-Boot# 
- 06:33:29 [INFO] Host: part uuid mmc 0:2
- 06:33:30 [INFO] Target: 
part uuid mmc 0:2
00000000-02
U-Boot# 
- 06:33:30 [INFO] Host: printenv
- 06:33:30 [INFO] Target: 
printenv
arch=arm
autoload=no
baudrate=115200
board=am335x
board_name=A335BNLT
board_rev=0A5A
boot_fdt=try
bootargs=console=ttyO0,115200n8 earlyprintk rootwait  ip=dhcp 
bootcmd=
bootcount=1
bootdelay=1
bootdir=/boot
bootenv=uEnv.txt
bootfile=zImage
bootm_size=0x10000000
bootpart=0:2
console=ttyO0,115200n8
cpu=armv7
dfu_alt_info_emmc=rawemmc mmc 0 3751936
dfu_alt_info_mmc=boot part 0 1;rootfs part 0 2;MLO fat 0 1;MLO.raw mmc 0x100 0x100;u-boot.img.raw mmc 0x300 0x400;spl-os-args.raw mmc 0x80 0x80;spl-os-image.raw mmc 0x900 0x2000;spl-os-args fat 0 1;spl-os-image fat 0 1;u-boot.img fat 0 1;uEnv.txt fat 0 1
dfu_alt_info_nand=SPL part 0 1;SPL.backup1 part 0 2;SPL.backup2 part 0 3;SPL.backup3 part 0 4;u-boot part 0 5;u-boot-spl-os part 0 6;kernel part 0 8;rootfs part 0 9
dfu_alt_info_ram=kernel ram 0x80200000 0xD80000;fdt ram 0x80F80000 0x80000;ramdisk ram 0x81000000 0x4000000
dnsip=192.0.2.2
dnsip2=192.0.2.3
eth1addr=c8:a0:30:a6:4c:b3
ethact=cpsw
ethaddr=c8:a0:30:a6:4c:b1
fdt_addr_r=0x88000000
fdtaddr=0x88000000
fdtfile=undefined
fileaddr=88000000
filesize=7326
findfdt=if test $board_name = A335BONE; then setenv fdtfile am335x-bone.dtb; fi; if test $board_name = A335BNLT; then setenv fdtfile am335x-boneblack.dtb; fi; if test $board_name = A33515BB; then setenv fdtfile am335x-evm.dtb; fi; if test $board_name = A335X_SK; then setenv fdtfile am335x-evmsk.dtb; fi; if test $fdtfile = undefined; then echo WARNING: Could not determine device tree to use; fi; 
gatewayip=192.168.0.1
importbootenv=echo Importing environment from mmc ...; env import -t -r $loadaddr $filesize
ipaddr=192.168.0.146
kernel_addr_r=0x82000000
loadaddr=0x82000000
loadbootenv=load mmc ${mmcdev} ${loadaddr} ${bootenv}
loadfdt=load mmc ${bootpart} ${fdtaddr} ${bootdir}/${fdtfile}
loadimage=load mmc ${bootpart} ${loadaddr} ${bootdir}/${bootfile}
loadramdisk=load mmc ${mmcdev} ${rdaddr} ramdisk.gz
mmcargs=setenv bootargs console=${console} ${optargs} root=${mmcroot} rootfstype=${mmcrootfstype}
mmcboot=mmc dev ${mmcdev}; if mmc rescan; then echo SD/MMC found on device ${mmcdev};if run loadbootenv; then echo Loaded environment from ${bootenv};run importbootenv;fi;if test -n $uenvcmd; then echo Running uenvcmd ...;run uenvcmd;fi;if run loadimage; then run mmcloados;fi;fi;
mmcdev=0
mmcloados=run mmcargs; if test ${boot_fdt} = yes || test ${boot_fdt} = try; then if run loadfdt; then bootz ${loadaddr} - ${fdtaddr}; else if test ${boot_fdt} = try; then bootz; else echo WARN: Cannot load the DT; fi; fi; else bootz; fi;
mmcroot=/dev/mmcblk0p2 ro
mmcrootfstype=ext4 rootwait
mtdids=nand0=nand.0
mtdparts=mtdparts=nand.0:128k(NAND.SPL),128k(NAND.SPL.backup1),128k(NAND.SPL.backup2),128k(NAND.SPL.backup3),256k(NAND.u-boot-spl-os),1m(NAND.u-boot),128k(NAND.u-boot-env),128k(NAND.u-boot-env.backup1),8m(NAND.kernel),-(NAND.file-system)
nandargs=setenv bootargs console=${console} ${optargs} root=${nandroot} rootfstype=${nandrootfstype}
nandboot=echo Booting from nand ...; run nandargs; nand read ${fdtaddr} NAND.u-boot-spl-os; nand read ${loadaddr} NAND.kernel; bootz ${loadaddr} - ${fdtaddr}
nandroot=ubi0:rootfs rw ubi.mtd=NAND.file-system,2048
nandrootfstype=ubifs rootwait=1
netargs=setenv bootargs console=${console} ${optargs} root=/dev/nfs nfsroot=${serverip}:${rootpath},${nfsopts} rw ip=dhcp
netboot=echo Booting from network ...; setenv autoload no; dhcp; tftp ${loadaddr} ${bootfile}; tftp ${fdtaddr} ${fdtfile}; run netargs; bootz ${loadaddr} - ${fdtaddr}
netmask=255.255.255.0
nfsopts=nolock
partitions=uuid_disk=${uuid_gpt_disk};name=rootfs,start=2MiB,size=-,uuid=${uuid_gpt_rootfs}
ramargs=setenv bootargs console=${console} ${optargs} root=${ramroot} rootfstype=${ramrootfstype}
ramboot=echo Booting from ramdisk ...; run ramargs; bootz ${loadaddr} ${rdaddr} ${fdtaddr}
ramdisk_addr_r=0x88080000
ramroot=/dev/ram0 rw
ramrootfstype=ext2
rdaddr=0x88080000
rootpath=/export/rootfs
serverip=192.168.0.1
soc=am33xx
spiargs=setenv bootargs console=${console} ${optargs} root=${spiroot} rootfstype=${spirootfstype}
spiboot=echo Booting from spi ...; run spiargs; sf probe ${spibusno}:0; sf read ${loadaddr} ${spisrcaddr} ${spiimgsize}; bootz ${loadaddr}
spibusno=0
spiimgsize=0x362000
spiroot=/dev/mtdblock4 rw
spirootfstype=jffs2
spisrcaddr=0xe0000
static_ip=${ipaddr}:${serverip}:${gatewayip}:${netmask}:${hostname}::off
stderr=serial
stdin=serial
stdout=serial
usbnet_devaddr=c8:a0:30:a6:4c:b3
vendor=ti
ver=U-Boot 2014.07-00071-gaca0808 (Oct 02 2014 - 11:22:57)
Environment size: 4623/131068 bytes
U-Boot# 
- 06:33:30 [INFO] Host: setenv bootargs ''${bootargs}' root=PARTUUID=00000000-02 rw rootfstype=ext4 rootwait '
- 06:33:31 [INFO] Target: 
setenv bootargs ''${bootargs}' root=PARTUUID=00000000-02 rw rootfstype=ext4 rootwait '
U-Boot# 
- 06:33:31 [INFO] Host: printenv
- 06:33:31 [INFO] Target: 
printenv
arch=arm
autoload=no
baudrate=115200
board=am335x
board_name=A335BNLT
board_rev=0A5A
boot_fdt=try
bootargs=console=ttyO0,115200n8 earlyprintk rootwait  ip=dhcp  root=PARTUUID=00000000-02 rw rootfstype=ext4 rootwait 
bootcmd=
bootcount=1
bootdelay=1
bootdir=/boot
bootenv=uEnv.txt
bootfile=zImage
bootm_size=0x10000000
bootpart=0:2
console=ttyO0,115200n8
cpu=armv7
dfu_alt_info_emmc=rawemmc mmc 0 3751936
dfu_alt_info_mmc=boot part 0 1;rootfs part 0 2;MLO fat 0 1;MLO.raw mmc 0x100 0x100;u-boot.img.raw mmc 0x300 0x400;spl-os-args.raw mmc 0x80 0x80;spl-os-image.raw mmc 0x900 0x2000;spl-os-args fat 0 1;spl-os-image fat 0 1;u-boot.img fat 0 1;uEnv.txt fat 0 1
dfu_alt_info_nand=SPL part 0 1;SPL.backup1 part 0 2;SPL.backup2 part 0 3;SPL.backup3 part 0 4;u-boot part 0 5;u-boot-spl-os part 0 6;kernel part 0 8;rootfs part 0 9
dfu_alt_info_ram=kernel ram 0x80200000 0xD80000;fdt ram 0x80F80000 0x80000;ramdisk ram 0x81000000 0x4000000
dnsip=192.0.2.2
dnsip2=192.0.2.3
eth1addr=c8:a0:30:a6:4c:b3
ethact=cpsw
ethaddr=c8:a0:30:a6:4c:b1
fdt_addr_r=0x88000000
fdtaddr=0x88000000
fdtfile=undefined
fileaddr=88000000
filesize=7326
findfdt=if test $board_name = A335BONE; then setenv fdtfile am335x-bone.dtb; fi; if test $board_name = A335BNLT; then setenv fdtfile am335x-boneblack.dtb; fi; if test $board_name = A33515BB; then setenv fdtfile am335x-evm.dtb; fi; if test $board_name = A335X_SK; then setenv fdtfile am335x-evmsk.dtb; fi; if test $fdtfile = undefined; then echo WARNING: Could not determine device tree to use; fi; 
gatewayip=192.168.0.1
importbootenv=echo Importing environment from mmc ...; env import -t -r $loadaddr $filesize
ipaddr=192.168.0.146
kernel_addr_r=0x82000000
loadaddr=0x82000000
loadbootenv=load mmc ${mmcdev} ${loadaddr} ${bootenv}
loadfdt=load mmc ${bootpart} ${fdtaddr} ${bootdir}/${fdtfile}
loadimage=load mmc ${bootpart} ${loadaddr} ${bootdir}/${bootfile}
loadramdisk=load mmc ${mmcdev} ${rdaddr} ramdisk.gz
mmcargs=setenv bootargs console=${console} ${optargs} root=${mmcroot} rootfstype=${mmcrootfstype}
mmcboot=mmc dev ${mmcdev}; if mmc rescan; then echo SD/MMC found on device ${mmcdev};if run loadbootenv; then echo Loaded environment from ${bootenv};run importbootenv;fi;if test -n $uenvcmd; then echo Running uenvcmd ...;run uenvcmd;fi;if run loadimage; then run mmcloados;fi;fi;
mmcdev=0
mmcloados=run mmcargs; if test ${boot_fdt} = yes || test ${boot_fdt} = try; then if run loadfdt; then bootz ${loadaddr} - ${fdtaddr}; else if test ${boot_fdt} = try; then bootz; else echo WARN: Cannot load the DT; fi; fi; else bootz; fi;
mmcroot=/dev/mmcblk0p2 ro
mmcrootfstype=ext4 rootwait
mtdids=nand0=nand.0
mtdparts=mtdparts=nand.0:128k(NAND.SPL),128k(NAND.SPL.backup1),128k(NAND.SPL.backup2),128k(NAND.SPL.backup3),256k(NAND.u-boot-spl-os),1m(NAND.u-boot),128k(NAND.u-boot-env),128k(NAND.u-boot-env.backup1),8m(NAND.kernel),-(NAND.file-system)
nandargs=setenv bootargs console=${console} ${optargs} root=${nandroot} rootfstype=${nandrootfstype}
nandboot=echo Booting from nand ...; run nandargs; nand read ${fdtaddr} NAND.u-boot-spl-os; nand read ${loadaddr} NAND.kernel; bootz ${loadaddr} - ${fdtaddr}
nandroot=ubi0:rootfs rw ubi.mtd=NAND.file-system,2048
nandrootfstype=ubifs rootwait=1
netargs=setenv bootargs console=${console} ${optargs} root=/dev/nfs nfsroot=${serverip}:${rootpath},${nfsopts} rw ip=dhcp
netboot=echo Booting from network ...; setenv autoload no; dhcp; tftp ${loadaddr} ${bootfile}; tftp ${fdtaddr} ${fdtfile}; run netargs; bootz ${loadaddr} - ${fdtaddr}
netmask=255.255.255.0
nfsopts=nolock
partitions=uuid_disk=${uuid_gpt_disk};name=rootfs,start=2MiB,size=-,uuid=${uuid_gpt_rootfs}
ramargs=setenv bootargs console=${console} ${optargs} root=${ramroot} rootfstype=${ramrootfstype}
ramboot=echo Booting from ramdisk ...; run ramargs; bootz ${loadaddr} ${rdaddr} ${fdtaddr}
ramdisk_addr_r=0x88080000
ramroot=/dev/ram0 rw
ramrootfstype=ext2
rdaddr=0x88080000
rootpath=/export/rootfs
serverip=192.168.0.1
soc=am33xx
spiargs=setenv bootargs console=${console} ${optargs} root=${spiroot} rootfstype=${spirootfstype}
spiboot=echo Booting from spi ...; run spiargs; sf probe ${spibusno}:0; sf read ${loadaddr} ${spisrcaddr} ${spiimgsize}; bootz ${loadaddr}
spibusno=0
spiimgsize=0x362000
spiroot=/dev/mtdblock4 rw
spirootfstype=jffs2
spisrcaddr=0xe0000
static_ip=${ipaddr}:${serverip}:${gatewayip}:${netmask}:${hostname}::off
stderr=serial
stdin=serial
stdout=serial
usbnet_devaddr=c8:a0:30:a6:4c:b3
vendor=ti
ver=U-Boot 2014.07-00071-gaca0808 (Oct 02 2014 - 11:22:57)
Environment size: 4678/131068 bytes
U-Boot# 
- 06:33:31 [INFO] Host: setenv bootcmd ''${bootcmd}' if iminfo ${loadaddr}; then bootm ${loadaddr} - ${fdt_addr_r}; else bootz ${loadaddr} - ${fdt_addr_r}; bootm ${loadaddr} - ${fdt_addr_r}; fi'
- 06:33:32 [INFO] Target: 
setenv bootcmd ''${bootcmd}' if iminfo ${loadaddr}; then bootm ${loadaddr} - ${fdt_addr_r}; else bootz ${loadaddr} - ${fdt_addr_r}; bootm ${loadaddr} - ${fdt_addr_r}; fi'
U-Boot# 
- 06:33:32 [INFO] Host: bdinfo
- 06:33:32 [INFO] Target: 
bdinfo
arch_number = 0x00000E05
boot_params = 0x80000100
DRAM bank   = 0x00000000
-> start    = 0x80000000
-> size     = 0x20000000
eth0name    = cpsw
ethaddr     = c8:a0:30:a6:4c:b1
eth1name    = usb_ether
eth1addr    = c8:a0:30:a6:4c:b3
current eth = cpsw
ip_addr     = 192.168.0.146
baudrate    = 115200 bps
TLB addr    = 0x9FFF0000
relocaddr   = 0x9F741000
reloc off   = 0x1EF41000
irq_sp      = 0x9E720EE0
sp start    = 0x9E720ED0
U-Boot# 
- 06:33:32 [INFO] Host: boot
- 06:33:54 [INFO] Target: 
boot
## Checking Image at 82000000 ...
Unknown image format!
Kernel image @ 0x82000000 [ 0x000000 - 0x485d60 ]
## Flattened Device Tree blob at 88000000
   Booting using the fdt blob at 0x88000000
   Loading Device Tree to 8fff5000, end 8ffff325 ... OK
Starting kernel ...
[    0.000000] Booting Linux on physical CPU 0x0
[    0.000000] Initializing cgroup subsys cpuset
[    0.000000] Initializing cgroup subsys cpu
[    0.000000] Initializing cgroup subsys cpuacct
[    0.000000] Linux version 3.17.0-next-20141015-00002-gefbcfd5 (nmenon@kahuna) (gcc version 4.6.3 (Ubuntu/Linaro 4.6.3-1ubuntu5) ) #1 SMP Wed Oct 15 05:29:46 CDT 2014
[    0.000000] CPU: ARMv7 Processor [413fc082] revision 2 (ARMv7), cr=10c5387d
[    0.000000] CPU: PIPT / VIPT nonaliasing data cache, VIPT aliasing instruction cache
[    0.000000] Machine model: TI AM335x BeagleBone Black
[    0.000000] cma: Reserved 16 MiB at 9e800000
[    0.000000] Memory policy: Data cache writeback
[    0.000000]   HighMem zone: 1048574 pages exceeds freesize 0
[    0.000000] CPU: All CPU(s) started in SVC mode.
[    0.000000] AM335X ES2.0 (sgx neon )
[    0.000000] PERCPU: Embedded 11 pages/cpu @dfa9c000 s14976 r8192 d21888 u45056
[    0.000000] Built 1 zonelists in Zone order, mobility grouping on.  Total pages: 129792
[    0.000000] Kernel command line: console=ttyO0,115200n8 earlyprintk rootwait  ip=dhcp  root=PARTUUID=00000000-02 rw rootfstype=ext4 rootwait 
[    0.000000] PID hash table entries: 2048 (order: 1, 8192 bytes)
[    0.000000] Dentry cache hash table entries: 65536 (order: 6, 262144 bytes)
[    0.000000] Inode-cache hash table entries: 32768 (order: 5, 131072 bytes)
[    0.000000] allocated 1046528 bytes of page_cgroup
[    0.000000] please try 'cgroup_disable=memory' option if you don't want memory cgroups
[    0.000000] Memory: 482960K/523264K available (6269K kernel code, 684K rwdata, 2324K rodata, 420K init, 8264K bss, 40304K reserved, 0K highmem)
[    0.000000] Virtual kernel memory layout:
[    0.000000]     vector  : 0xffff0000 - 0xffff1000   (   4 kB)
[    0.000000]     fixmap  : 0xffc00000 - 0xffe00000   (2048 kB)
[    0.000000]     vmalloc : 0xe0800000 - 0xff000000   ( 488 MB)
[    0.000000]     lowmem  : 0xc0000000 - 0xe0000000   ( 512 MB)
[    0.000000]     pkmap   : 0xbfe00000 - 0xc0000000   (   2 MB)
[    0.000000]     modules : 0xbf000000 - 0xbfe00000   (  14 MB)
[    0.000000]       .text : 0xc0008000 - 0xc086c980   (8595 kB)
[    0.000000]       .init : 0xc086d000 - 0xc08d6000   ( 420 kB)
[    0.000000]       .data : 0xc08d6000 - 0xc0981318   ( 685 kB)
[    0.000000]        .bss : 0xc0981318 - 0xc1193620   (8265 kB)
[    0.000000] Hierarchical RCU implementation.
[    0.000000] 	RCU restricting CPUs from NR_CPUS=2 to nr_cpu_ids=1.
[    0.000000] RCU: Adjusting geometry for rcu_fanout_leaf=16, nr_cpu_ids=1
[    0.000000] NR_IRQS:16 nr_irqs:16 16
[    0.000000] IRQ: Found an INTC at 0xfa200000 (revision 5.0) with 128 interrupts
[    0.000000] OMAP clockevent source: timer2 at 24000000 Hz
[    0.000012] sched_clock: 32 bits at 24MHz, resolution 41ns, wraps every 178956969942ns
[    0.000058] OMAP clocksource: timer1 at 24000000 Hz
[    0.000827] Console: colour dummy device 80x30
[    0.000874] Lock dependency validator: Copyright (c) 2006 Red Hat, Inc., Ingo Molnar
[    0.000883] ... MAX_LOCKDEP_SUBCLASSES:  8
[    0.000890] ... MAX_LOCK_DEPTH:          48
[    0.000898] ... MAX_LOCKDEP_KEYS:        8191
[    0.000905] ... CLASSHASH_SIZE:          4096
[    0.000912] ... MAX_LOCKDEP_ENTRIES:     32768
[    0.000919] ... MAX_LOCKDEP_CHAINS:      65536
[    0.000926] ... CHAINHASH_SIZE:          32768
[    0.000933]  memory used by lock dependency info: 5167 kB
[    0.000941]  per task-struct memory footprint: 1152 bytes
[    0.000968] Calibrating delay loop... 996.14 BogoMIPS (lpj=4980736)
[    0.079019] pid_max: default: 32768 minimum: 301
[    0.079387] Security Framework initialized
[    0.079553] Mount-cache hash table entries: 1024 (order: 0, 4096 bytes)
[    0.079568] Mountpoint-cache hash table entries: 1024 (order: 0, 4096 bytes)
[    0.082080] Initializing cgroup subsys memory
[    0.082160] Initializing cgroup subsys devices
[    0.082238] Initializing cgroup subsys freezer
[    0.082317] Initializing cgroup subsys blkio
[    0.082386] Initializing cgroup subsys perf_event
[    0.082458] CPU: Testing write buffer coherency: ok
[    0.083664] CPU0: thread -1, cpu 0, socket -1, mpidr 0
[    0.083787] Setting up static identity map for 0x805f1d58 - 0x805f1dc8
[    0.087205] Brought up 1 CPUs
[    0.087225] SMP: Total of 1 processors activated.
[    0.087235] CPU: All CPU(s) started in SVC mode.
[    0.090256] devtmpfs: initialized
[    0.092382] VFP support v0.3: implementor 41 architecture 3 part 30 variant c rev 3
[    0.126859] omap_hwmod: tptc0 using broken dt data from edma
[    0.127228] omap_hwmod: tptc1 using broken dt data from edma
[    0.127576] omap_hwmod: tptc2 using broken dt data from edma
[    0.135275] omap_hwmod: debugss: _wait_target_disable failed
[    0.193531] pinctrl core: initialized pinctrl subsystem
[    0.195969] regulator-dummy: no parameters
[    0.222677] NET: Registered protocol family 16
[    0.228454] DMA: preallocated 256 KiB pool for atomic coherent allocations
[    0.230687] cpuidle: using governor ladder
[    0.230713] cpuidle: using governor menu
[    0.238297] OMAP GPIO hardware version 0.1
[    0.255797] No ATAGs?
[    0.255832] hw-breakpoint: debug architecture 0x4 unsupported.
[    0.295440] edma-dma-engine edma-dma-engine.0: TI EDMA DMA engine driver
[    0.296650] vmmcsd_fixed: 3300 mV 
[    0.299660] SCSI subsystem initialized
[    0.300363] usbcore: registered new interface driver usbfs
[    0.300546] usbcore: registered new interface driver hub
[    0.300675] usbcore: registered new device driver usb
[    0.301517] omap_i2c 44e0b000.i2c: could not find pctldev for node /pinmux@44e10800/pinmux_i2c0_pins, deferring probe
[    0.301560] platform 44e0b000.i2c: Driver omap_i2c requests probe deferral
[    0.305488] Switched to clocksource timer1
[    0.441629] NET: Registered protocol family 2
[    0.443349] TCP established hash table entries: 4096 (order: 2, 16384 bytes)
[    0.443532] TCP bind hash table entries: 4096 (order: 5, 147456 bytes)
[    0.444860] TCP: Hash tables configured (established 4096 bind 4096)
[    0.445046] TCP: reno registered
[    0.445074] UDP hash table entries: 256 (order: 2, 20480 bytes)
[    0.445261] UDP-Lite hash table entries: 256 (order: 2, 20480 bytes)
[    0.446493] NET: Registered protocol family 1
[    0.447953] RPC: Registered named UNIX socket transport module.
[    0.447975] RPC: Registered udp transport module.
[    0.447984] RPC: Registered tcp transport module.
[    0.447994] RPC: Registered tcp NFSv4.1 backchannel transport module.
[    0.449332] hw perfevents: enabled with armv7_cortex_a8 PMU driver, 5 counters available
[    0.453304] futex hash table entries: 256 (order: 2, 16384 bytes)
[    0.453501] audit: initializing netlink subsys (disabled)
[    0.453685] audit: type=2000 audit(0.440:1): initialized
[    0.458078] VFS: Disk quotas dquot_6.5.2
[    0.458228] Dquot-cache hash table entries: 1024 (order 0, 4096 bytes)
[    0.460423] NFS: Registering the id_resolver key type
[    0.460771] Key type id_resolver registered
[    0.460785] Key type id_legacy registered
[    0.460983] jffs2: version 2.2. (NAND) (SUMMARY)   2001-2006 Red Hat, Inc.
[    0.462646] msgmni has been set to 975
[    0.466561] io scheduler noop registered
[    0.466595] io scheduler deadline registered
[    0.466706] io scheduler cfq registered (default)
[    0.468643] pinctrl-single 44e10800.pinmux: 142 pins at pa f9e10800 size 568
[    0.471761] Serial: 8250/16550 driver, 4 ports, IRQ sharing enabled
[    0.477356] omap_uart 44e09000.serial: no wakeirq for uart0
[    0.477940] omap_uart 44e09000.serial: ttyO0 at MMIO 0x44e09000 (irq = 154, base_baud = 3000000) is a OMAP UART0
[    1.191148] console [ttyO0] enabled
[    1.198360] omap_rng 48310000.rng: OMAP Random Number Generator ver. 20
[    1.225675] brd: module loaded
[    1.240806] loop: module loaded
[    1.246922] mtdoops: mtd device (mtddev=name/number) must be supplied
[    1.256392] usbcore: registered new interface driver asix
[    1.262168] usbcore: registered new interface driver ax88179_178a
[    1.268693] usbcore: registered new interface driver cdc_ether
[    1.274947] usbcore: registered new interface driver smsc95xx
[    1.281102] usbcore: registered new interface driver net1080
[    1.287155] usbcore: registered new interface driver cdc_subset
[    1.293458] usbcore: registered new interface driver zaurus
[    1.299528] usbcore: registered new interface driver cdc_ncm
[    1.306522] usbcore: registered new interface driver cdc_wdm
[    1.312625] usbcore: registered new interface driver usb-storage
[    1.319146] usbcore: registered new interface driver usbtest
[    1.326996] mousedev: PS/2 mouse device common for all mice
[    1.336087] omap_rtc 44e3e000.rtc: rtc core: registered 44e3e000.rtc as rtc0
[    1.344192] i2c /dev entries driver
[    1.348028] Driver for 1-wire Dallas network protocol.
[    1.356409] omap_wdt: OMAP Watchdog Timer Rev 0x01: initial timeout 60 sec
[    1.448324] ledtrig-cpu: registered to indicate activity on CPUs
[    1.455109] usbcore: registered new interface driver usbhid
[    1.461064] usbhid: USB HID core driver
[    1.466342] oprofile: using arm/armv7
[    1.470829] TCP: cubic registered
[    1.474334] Initializing XFRM netlink socket
[    1.479269] NET: Registered protocol family 10
[    1.486848] sit: IPv6 over IPv4 tunneling driver
[    1.493725] NET: Registered protocol family 17
[    1.498560] NET: Registered protocol family 15
[    1.503530] Key type dns_resolver registered
[    1.508276] omap_voltage_late_init: Voltage driver support not added
[    1.514930] sr_dev_init: No voltage domain specified for smartreflex0. Cannot initialize
[    1.523427] sr_dev_init: No voltage domain specified for smartreflex1. Cannot initialize
[    1.532969] ThumbEE CPU extension supported.
[    1.537558] Registering SWP/SWPB emulation handler
[    1.542579] SmartReflex Class3 initialized
[    1.562547] vdds_dpr: at 1500 mV 
[    1.566370] mmc0: host does not support reading read-only switch, assuming write-enable
[    1.576822] vdd_mpu: 925 <--> 1325 mV at 1325 mV 
[    1.582118] mmc0: new high speed SDHC card at address e624
[    1.591098] mmcblk0: mmc0:e624 SU08G 7.40 GiB 
[    1.600288] vdd_core: 925 <--> 1150 mV at 1125 mV 
[    1.606134]  mmcblk0: p1 p2 p3
[    1.615799] vio,vrtc,vdds: at 1800 mV 
[    1.624778] vdd_3v3aux: at 3300 mV 
[    1.630529] vdd_1v8: 1800 mV 
[    1.635671] vdd_3v3a: at 3300 mV 
[    1.643904] tps65217 0-0024: TPS65217 ID 0xe version 1.2
[    1.649613] omap_i2c 44e0b000.i2c: bus 0 rev0.11 at 400 kHz
[    1.689288] mmc1: BKOPS_EN bit is not set
[    1.695730] mmc1: new high speed MMC card at address 0001
[    1.702717] mmcblk1: mmc1:0001 MMC02G 1.78 GiB 
[    1.708054] mmcblk1boot0: mmc1:0001 MMC02G partition 1 1.00 MiB
[    1.714708] mmcblk1boot1: mmc1:0001 MMC02G partition 2 1.00 MiB
[    1.721629] davinci_mdio 4a101000.mdio: davinci mdio revision 1.6
[    1.728053] davinci_mdio 4a101000.mdio: detected phy mask fffffffe
[    1.738547] libphy: 4a101000.mdio: probed
[    1.742770] davinci_mdio 4a101000.mdio: phy[0]: device 4a101000.mdio:00, driver SMSC LAN8710/LAN8720
[    1.753607] cpsw 4a100000.ethernet: Detected MACID = c8:a0:30:a6:4c:b1
[    1.764270] omap_rtc 44e3e000.rtc: setting system clock to 2000-01-01 00:00:01 UTC (946684801)
[    1.773381] sr_init: No PMIC hook to init smartreflex
[    1.778908] sr_init: platform driver register failed for SR
[    1.806250] net eth0: initializing cpsw version 1.12 (0)
[    1.814218] net eth0: phy found : id is : 0x7c0f1
[    1.819339] libphy: PHY 4a101000.mdio:01 not found
[    1.824347] net eth0: phy 4a101000.mdio:01 not found on slave 1
[    1.836468] IPv6: ADDRCONF(NETDEV_UP): eth0: link is not ready
[    1.843016]  mmcblk1: p1
[    4.886047] cpsw 4a100000.ethernet eth0: Link is Up - 100Mbps/Full - flow control rx/tx
[    4.895482] IPv6: ADDRCONF(NETDEV_CHANGE): eth0: link becomes ready
[    4.915401] Sending DHCP requests ., OK
[    4.995902] IP-Config: Got DHCP answer from 192.168.0.1, my address is 192.168.0.146
[    5.004383] IP-Config: Complete:
[    5.007837]      device=eth0, hwaddr=c8:a0:30:a6:4c:b1, ipaddr=192.168.0.146, mask=255.255.255.0, gw=192.168.0.1
[    5.018485]      host=192.168.0.146, domain=ti.com, nis-domain=(none)
[    5.025209]      bootserver=192.168.0.1, rootserver=192.168.0.1, rootpath=
[    5.032223]      nameserver0=192.0.2.2, nameserver1=192.0.2.3
[    5.078673] EXT4-fs (mmcblk0p2): warning: maximal mount count reached, running e2fsck is recommended
[    5.108477] EXT4-fs (mmcblk0p2): mounted filesystem with ordered data mode. Opts: (null)
[    5.117187] VFS: Mounted root (ext4 filesystem) on device 179:2.
[    5.128876] devtmpfs: mounted
[    5.132723] Freeing unused kernel memory: 420K (c086d000 - c08d6000)
INIT: version 2.88 booting
Error opening /dev/fb0: No such file or directory
Starting udev
[    6.107609] udevd[76]: starting version 182
[   11.761453] EXT4-fs (mmcblk1p1): warning: mounting unchecked fs, running e2fsck is recommended
[   11.809018] EXT4-fs (mmcblk1p1): mounted filesystem without journal. Opts: (null)
[   11.844817] EXT4-fs (mmcblk0p3): warning: mounting unchecked fs, running e2fsck is recommended
[   11.885847] EXT4-fs (mmcblk0p3): mounted filesystem without journal. Opts: (null)
[   11.905620] FAT-fs (mmcblk0p1): Volume was not properly unmounted. Some data may be corrupt. Please run fsck.
Starting Bootlog daemon: bootlogd: cannot allocate pseudo tty: No such file or directory
bootlogd.
[   12.633076] EXT4-fs (mmcblk0p2): re-mounted. Opts: data=ordered
[   12.731204] random: dd urandom read with 95 bits of entropy available
ALSA: Restoring mixer settings...
/usr/sbin/alsactl: load_state:1696: No soundcards found...
Configuring network interfaces... udhcpc (v1.20.2) started
Sending discover...
Sending select for 192.168.0.105...
Lease of 192.168.0.105 obtained, lease time 7200
/etc/udhcpc.d/50default: Adding DNS 192.0.2.2
/etc/udhcpc.d/50default: Adding DNS 192.0.2.3
done.
Tue May 20 01:50:00 UTC 2014
INIT: Entering runlevel: 5
Starting system message bus: dbus.
Starting Dropbear SSH server: dropbear.
Starting telnet daemon.
Starting syslogd/klogd: done
Starting thttpd.
Starting Lighttpd Web Server: lighttpd.
2014-05-20 01:50:01: (log.c.166) server started 
/etc/rc5.d/S96am335x-pm-firmware-load: line 4: /sys/devices/ocp.2/44d00000.wkup_m3/firmware/am335x-pm-firmware.bin/loading: No such file or directory
/etc/rc5.d/S96am335x-pm-firmware-load: line 5: /sys/devices/ocp.2/44d00000.wkup_m3/firmware/am335x-pm-firmware.bin/data: No such file or directory
/etc/rc5.d/S96am335x-pm-firmware-load: line 6: /sys/devices/ocp.2/44d00000.wkup_m3/firmware/am335x-pm-firmware.bin/loading: No such file or directory
Starting Matrix GUI application.
[   17.352577] random: nonblocking pool is initialized
***************************************************************
***************************************************************
NOTICE: This file system contains the followin GPLv3 packages:
	binutils-symlinks
	binutils
	gdbserver
If you do not wish to distribute GPLv3 components please remove
the above packages prior to distribution.  This can be done using
the opkg remove command.  i.e.:
    opkg remove <package>
Where <package> is the name printed in the list above
NOTE: If the package is a dependency of another package you
      will be notified of the dependent packages.  You should
      use the --force-removal-of-dependent-packages option to
      also remove the dependent packages as well
***************************************************************
***************************************************************
Stopping Bootlog daemon: bootlogd.
 _____                    _____           _         _   
|  _  |___ ___ ___ ___   |  _  |___ ___  |_|___ ___| |_ 
|     |  _| .'| . | . |  |   __|  _| . | | | -_|  _|  _|
|__|__|_| |__,|_  |___|  |__|  |_| |___|_| |___|___|_|  
              |___|                    |___|            
Arago Project http://arago-project.org am335x-evm ttyO0
Arago 2013.10 am335x-evm ttyO0
am335x-evm login: 
- 06:33:54 [INFO] Host: root
- 06:33:54 [INFO] Target: 
root
root@am335x-evm:~# 
- 06:33:54 [INFO] Host: uname -a
- 06:33:55 [INFO] Target: 
uname -a
Linux am335x-evm 3.17.0-next-20141015-00002-gefbcfd5 #1 SMP Wed Oct 15 05:29:46 CDT 2014 armv7l GNU/Linux
root@am335x-evm:~# 
- 06:33:55 [INFO] Host: cat /proc/cmdline
- 06:33:55 [INFO] Target: 
cat /proc/cmdline
console=ttyO0,115200n8 earlyprintk rootwait  ip=dhcp  root=PARTUUID=00000000-02 rw rootfstype=ext4 rootwait 
root@am335x-evm:~# 
- 06:33:55 [INFO] Host: uname -a
- 06:33:56 [INFO] Target: 
uname -a
Linux am335x-evm 3.17.0-next-20141015-00002-gefbcfd5 #1 SMP Wed Oct 15 05:29:46 CDT 2014 armv7l GNU/Linux
root@am335x-evm:~# 
- 06:33:56 [INFO] Host: cat /proc/mtd
- 06:33:56 [INFO] Target: 
cat /proc/mtd
dev:    size   erasesize  name
root@am335x-evm:~# 
- 06:34:01 [INFO] Host: export IPERFHOST=192.168.0.1
- 06:34:01 [INFO] Target: 
export IPERFHOST=192.168.0.1
root@am335x-evm:~# 
- 06:34:01 [INFO] Host: export NFS_SERVER=192.168.0.1
- 06:34:02 [INFO] Target: 
export NFS_SERVER=192.168.0.1
root@am335x-evm:~# 
- 06:34:02 [INFO] Host: export NFS_ROOT_PATH=/home/tigtfarm02/NFS_exports/bbb1
- 06:34:02 [INFO] Target: 
export NFS_ROOT_PATH=/home/tigtfarm02/NFS_exports/bbb1
root@am335x-evm:~# 
- 06:34:02 [INFO] Host: mkdir -p -m 777 /test
- 06:34:03 [INFO] Target: 
mkdir -p -m 777 /test
root@am335x-evm:~# 
- 06:34:03 [INFO] Host: cd /test
- 06:34:03 [INFO] Target: 
cd /test
root@am335x-evm:/test# 
- 06:34:03 [INFO] Host: cat > test.sh << EOF
- 06:34:04 [INFO] Target: 
cat > test.sh << EOF
- 06:34:04 [INFO] Host: failtest() {
- 06:34:04 [INFO] Target: 
failtest() {
- 06:34:04 [INFO] Host:   echo 1 >&3
- 06:34:05 [INFO] Target: 
  echo 1 >&3
- 06:34:05 [INFO] Host: }
- 06:34:05 [INFO] Target: 
- 06:34:05 [INFO] Host: timeout=600
- 06:34:06 [INFO] Target: 
timeout=600
- 06:34:06 [INFO] Host: 
- 06:34:06 [INFO] Target: 
- 06:34:06 [INFO] Host: # Start of user's script logic
- 06:34:07 [INFO] Target: 
# Start of user's script logic
- 06:34:07 [INFO] Host: 
- 06:34:07 [INFO] Target: 
- 06:34:07 [INFO] Host: 
- 06:34:08 [INFO] Target: 
- 06:34:08 [INFO] Host: mount -t proc proc /proc 2>/dev/null;
- 06:34:08 [INFO] Target: 
mount -t proc proc /proc 2>/dev/null;
- 06:34:08 [INFO] Host: 
- 06:34:09 [INFO] Target: 
- 06:34:09 [INFO] Host: mount -t sysfs sys /sys 2>/dev/null;
- 06:34:09 [INFO] Target: 
mount -t sysfs sys /sys 2>/dev/null;
- 06:34:09 [INFO] Host: 
- 06:34:10 [INFO] Target: 
- 06:34:10 [INFO] Host: mount -t debugfs none /sys/kernel/debug 2>/dev/null;
- 06:34:10 [INFO] Target: 
mount -t debugfs none /sys/kernel/debug 2>/dev/null;
- 06:34:10 [INFO] Host: 
- 06:34:11 [INFO] Target: 
- 06:34:11 [INFO] Host: echo 'cpuinfo:';cat /proc/cpuinfo; echo '=======';
- 06:34:11 [INFO] Target: 
echo 'cpuinfo:';cat /proc/cpuinfo; echo '=======';
- 06:34:11 [INFO] Host: 
- 06:34:12 [INFO] Target: 
- 06:34:12 [INFO] Host: echo 'soc info:';head /sys/devices/soc0/* 2>/dev/null; echo '=======';
- 06:34:12 [INFO] Target: 
echo 'soc info:';head /sys/devices/soc0/* 2>/dev/null; echo '=======';
- 06:34:12 [INFO] Host: 
- 06:34:13 [INFO] Target: 
- 06:34:13 [INFO] Host: echo 'DT Model info'; head /proc/device-tree/name /proc/device-tree/model /proc/device-tree/compatible 2>/dev/null;echo; echo '=======';
- 06:34:13 [INFO] Target: 
echo 'DT Model info'; head /proc/device-tree/name /proc/device-tree/model /pro 
c/device-tree/compatible 2>/dev/null;echo; echo '=======';
- 06:34:13 [INFO] Host: 
- 06:34:14 [INFO] Target: 
- 06:34:14 [INFO] Host: echo 'interrupts:';cat /proc/interrupts; echo '=======';
- 06:34:14 [INFO] Target: 
echo 'interrupts:';cat /proc/interrupts; echo '=======';
- 06:34:14 [INFO] Host: 
- 06:34:15 [INFO] Target: 
- 06:34:15 [INFO] Host: echo 'Clk_summary:';cat /sys/kernel/debug/clk/clk_summary; echo '=======';
- 06:34:15 [INFO] Target: 
echo 'Clk_summary:';cat /sys/kernel/debug/clk/clk_summary; echo '=======';
- 06:34:15 [INFO] Host: 
- 06:34:16 [INFO] Target: 
- 06:34:16 [INFO] Host: echo 'Orphan Clks:';ls /sys/kernel/debug/clk/orphans/; echo '=======';
- 06:34:16 [INFO] Target: 
echo 'Orphan Clks:';ls /sys/kernel/debug/clk/orphans/; echo '=======';
- 06:34:16 [INFO] Host: 
- 06:34:17 [INFO] Target: 
- 06:34:17 [INFO] Host: echo "Available frequencies"; cat /sys/devices/system/cpu/cpu0/cpufreq/scaling_available_frequencies 2>/dev/null;echo '=======';
- 06:34:17 [INFO] Target: 
echo "Available frequencies"; cat /sys/devices/system/cpu/cpu0/cpufreq/scaling 
_available_frequencies 2>/dev/null;echo '=======';
- 06:34:17 [INFO] Host: 
- 06:34:18 [INFO] Target: 
- 06:34:18 [INFO] Host: echo 'H''ello World' 'B''oard Booted';
- 06:34:18 [INFO] Target: 
echo 'H''ello World' 'B''oard Booted';
- 06:34:18 [INFO] Host: 
- 06:34:19 [INFO] Target: 
- 06:34:19 [INFO] Host: EOF
- 06:34:19 [INFO] Target: 
root@am335x-evm:/test# 
- 06:34:19 [INFO] Host: cd /test
- 06:34:20 [INFO] Target: 
cd /test
root@am335x-evm:/test# 
- 06:34:20 [INFO] Host: chmod +x test.sh
- 06:34:20 [INFO] Target: 
chmod +x test.sh
root@am335x-evm:/test# 
- 06:34:20 [INFO] Host: ./test.sh 2> stderr.log > stdout.log 3> result.log
- 06:34:21 [INFO] Target: 
./test.sh 2> stderr.log > stdout.log 3> result.log
root@am335x-evm:/test# 
- 06:34:21 [INFO] Host: echo $?
- 06:34:21 [INFO] Target: 
echo $?
root@am335x-evm:/test# 
- 06:34:21 [INFO] Host: cd /test
- 06:34:22 [INFO] Target: 
cd /test
root@am335x-evm:/test# 
- 06:34:22 [INFO] Host: cat stdout.log
- 06:34:23 [INFO] Target: 
cat stdout.log
cpuinfo:
processor	: 0
model name	: ARMv7 Processor rev 2 (v7l)
Features	: half thumb fastmult vfp edsp thumbee neon vfpv3 tls vfpd32 
CPU implementer	: 0x41
CPU architecture: 7
CPU variant	: 0x3
CPU part	: 0xc08
CPU revision	: 2
Hardware	: Generic AM33XX (Flattened Device Tree)
Revision	: 0000
Serial		: 0000000000000000
=======
soc info:
==> /sys/devices/soc0/family <==
Unknown
==> /sys/devices/soc0/machine <==
AM335X
==> /sys/devices/soc0/power <==
==> /sys/devices/soc0/revision <==
ES2.0
==> /sys/devices/soc0/subsystem <==
==> /sys/devices/soc0/type <==
==> /sys/devices/soc0/uevent <==
=======
DT Model info
==> /proc/device-tree/name <==
==> /proc/device-tree/model <==
TI AM335x BeagleBone Black
==> /proc/device-tree/compatible <==
ti,am335x-bone-blackti,am335x-boneti,am33xx
=======
interrupts:
           CPU0       
 16:       2710      INTC  68  gp_timer
 19:       2779      INTC  12  edma
 21:         15      INTC  14  edma_error
 29:          0  44e07000.gpio   6  mmc0
154:       4264      INTC  72  OMAP UART0
155:         94      INTC  70  44e0b000.i2c
156:       7700      INTC  64  mmc0
157:        800      INTC  28  mmc1
165:          0      INTC  75  rtc0
166:          0      INTC  76  rtc0
167:          0      INTC  40  4a100000.ethernet
168:         17      INTC  41  4a100000.ethernet
169:         17      INTC  42  4a100000.ethernet
170:          0      INTC  43  4a100000.ethernet
174:          0      INTC 111  48310000.rng
IPI0:          0  CPU wakeup interrupts
IPI1:          0  Timer broadcast interrupts
IPI2:          0  Rescheduling interrupts
IPI3:          0  Function call interrupts
IPI4:          0  Single function call interrupts
IPI5:          0  CPU stop interrupts
IPI6:          0  IRQ work interrupts
IPI7:          0  completion interrupts
Err:          0
=======
Clk_summary:
   clock                         enable_cnt  prepare_cnt        rate   accuracy   phase
----------------------------------------------------------------------------------------
 tclkin_ck                                0            0    12000000          0 0  
 virt_26000000_ck                         0            0    26000000          0 0  
 virt_25000000_ck                         0            0    25000000          0 0  
 virt_24000000_ck                         1            1    24000000          0 0  
    sys_clkin_ck                          9           23    24000000          0 0  
       timer6_fck                         0            1    24000000          0 0  
       timer3_fck                         0            1    24000000          0 0  
       dbg_sysclk_ck                      0            1    24000000          0 0  
       timer7_fck                         0            1    24000000          0 0  
       timer5_fck                         0            1    24000000          0 0  
       timer4_fck                         0            1    24000000          0 0  
       timer2_fck                         1            1    24000000          0 0  
       timer1_fck                         1            1    24000000          0 0  
       cefuse_fck                         0            0    24000000          0 0  
       dpll_per_ck                        1            2   960000000          0 0  
          usbotg_fck                      0            1   960000000          0 0  
          dpll_per_m2_ck                  2            4   192000000          0 0  
             ehrpwm2_tbclk                0            0   192000000          0 0  
             ehrpwm1_tbclk                0            0   192000000          0 0  
             ehrpwm0_tbclk                0            0   192000000          0 0  
             mmc_clk                      0            3    96000000          0 0  
             clk_24mhz                    1            1    24000000          0 0  
                clkdiv32k_ck              1            1       32786          0 0  
                   clkdiv32k_ick           1            5       32786          0 0  
                      wdt1_fck            0            1       32786          0 0  
                      gpio3_dbclk           0            1       32786          0 0  
                      gpio2_dbclk           0            1       32786          0 0  
                      gpio1_dbclk           0            1       32786          0 0  
             dpll_per_m2_div4_ck           0            9    48000000          0 0  
             dpll_per_m2_div4_wkupdm_ck           1            2    48000000          0 0  
       dpll_disp_ck                       0            1    24000000          0 0  
          dpll_disp_m2_ck                 0            1    24000000          0 0  
             lcd_gclk                     0            1    24000000          0 0  
       dpll_ddr_ck                        1            1   400000000          0 0  
          dpll_ddr_m2_ck                  2            2   400000000          0 0  
             dpll_ddr_m2_div2_ck           1            1   200000000          0 0  
       dpll_mpu_ck                        1            1  1000000000          0 0  
          dpll_mpu_m2_ck                  4            4  1000000000          0 0  
       dpll_core_ck                       1            1  1000000000          0 0  
          dpll_core_x2_ck                 2            2  2000000000          0 0  
             dpll_core_m6_ck              0            0   500000000          0 0  
             dpll_core_m5_ck              1            1   250000000          0 0  
                cpsw_cpts_rft_clk           0            0   250000000          0 0  
                cpsw_125mhz_gclk           3            3   125000000          0 0  
             dpll_core_m4_ck              9           11   200000000          0 0  
                dbg_clka_ck               0            2   200000000          0 0  
                   trace_pmd_clk_mux_ck           0            1   200000000          0 0  
                      trace_clk_div_ck           0            1    50000000          0 0  
                   stm_pmd_clock_mux_ck           0            0   200000000          0 0  
                      stm_clk_div_ck           0            0    50000000          0 0  
                gfx_fclk_clksel_ck           0            1   200000000          0 0  
                   gfx_fck_div_ck           0            1   200000000          0 0  
                sysclk_div_ck             0            0   200000000          0 0  
                l4hs_gclk                 2            2   200000000          0 0  
                l4_rtc_gclk               0            0   100000000          0 0  
                dpll_core_m4_div2_ck          16           17   100000000          0 0  
                   l4ls_gclk             42           59   100000000          0 0  
                   l4fw_gclk              1            1   100000000          0 0  
                   l3s_gclk               9           10   100000000          0 0  
                   ieee5000_fck           0            0   100000000          0 0  
                mmu_fck                   0            0   200000000          0 0  
                l3_gclk                  13           15   200000000          0 0  
                   pruss_ocp_gclk           0            1   200000000          0 0  
       rng_fck                            2            2    24000000          0 0  
       aes0_fck                           1            2    24000000          0 0  
       sha0_fck                           1            1    24000000          0 0  
       smartreflex1_fck                   0            1    24000000          0 0  
       smartreflex0_fck                   0            1    24000000          0 0  
       mcasp1_fck                         0            1    24000000          0 0  
       mcasp0_fck                         0            1    24000000          0 0  
       dcan1_fck                          0            1    24000000          0 0  
       dcan0_fck                          0            1    24000000          0 0  
       adc_tsc_fck                        0            1    24000000          0 0  
 virt_19200000_ck                         0            0    19200000          0 0  
 clk_rc32k_ck                             0            1       32000          0 0  
    gpio0_dbclk_mux_ck                    0            1       32000          0 0  
       gpio0_dbclk                        0            1       32000          0 0  
 clk_32768_ck                             2            2       32768          0 0  
    sysclkout_pre_ck                      1            1       32768          0 0  
       clkout2_div_ck                     1            1       32768          0 0  
          clkout2_ck                      1            1       32768          0 0  
=======
Orphan Clks:
=======
Available frequencies
=======
Hello World Board Booted
root@am335x-evm:/test# 
- 06:34:23 [INFO] Host: cat stderr.log
- 06:34:23 [INFO] Target: 
cat stderr.log
ls: /sys/kernel/debug/clk/orphans/: No such file or directory
root@am335x-evm:/test# 
- 06:34:23 [INFO] Host: cat result.log
- 06:34:25 [ERROR] On command: cat result.log waiting for cat result.log.+?(?m-ix:^1[\0\n\r]+) >>> error: execution expired
- 06:34:25 [INFO] Target: 
cat result.log
root@am335x-evm:/test# 
- 06:34:25 [INFO] Host: cd /test
- 06:34:26 [INFO] Target: 
cd /test
root@am335x-evm:/test# 
