- 05:45:44 [INFO] Starting target session
- 05:45:44 [INFO] Connected to beagleboard-vanilla via serial 
- 05:45:44 [INFO] Host: #check prompt
- 05:45:47 [ERROR] On command: #check prompt waiting for #check prompt.+?(?-mix:((?-mix:.*\s+login)|[Pp]assword)) >>> error: execution expired
- 05:45:47 [INFO] Target: 
#check prompt
- 05:45:47 [INFO] Host: #check prompt
- 05:45:49 [ERROR] On command: #check prompt waiting for #check prompt.+?(?m-ix:root.*#) >>> error: execution expired
- 05:45:49 [INFO] Target: 
#check prompt
[83813.775695] ------------[ cut here ]------------
[83813.781127] WARNING: CPU: 0 PID: 2737 at mm/mmap.c:2859 exit_mmap+0x1a8/0x214()
[83813.789062] Modules linked in:
[83813.792572] CPU: 0 PID: 2737 Comm: getty Tainted: G        W       3.19.0-rc5-next-20150119-00002-gfdefcded1272 #1
[83813.803710] Hardware name: Generic OMAP3-GP (Flattened Device Tree)
[83813.810699] [<c02159bc>] (unwind_backtrace) from [<c0211444>] (show_stack+0x10/0x14)
[83813.819183] [<c0211444>] (show_stack) from [<c0921ea4>] (dump_stack+0x70/0x8c)
[83813.827178] [<c0921ea4>] (dump_stack) from [<c0246634>] (warn_slowpath_common+0x74/0xac)
[83813.836059] [<c0246634>] (warn_slowpath_common) from [<c0246688>] (warn_slowpath_null+0x1c/0x24)
[83813.845611] [<c0246688>] (warn_slowpath_null) from [<c02e310c>] (exit_mmap+0x1a8/0x214)
[83813.854400] [<c02e310c>] (exit_mmap) from [<c0243ffc>] (mmput+0x40/0xf8)
[83813.861755] [<c0243ffc>] (mmput) from [<c0248590>] (do_exit+0x288/0x914)
[83813.869110] [<c0248590>] (do_exit) from [<c0248cf4>] (do_group_exit+0x48/0xd0)
[83813.877014] [<c0248cf4>] (do_group_exit) from [<c0248d8c>] (__wake_up_parent+0x0/0x18)
[83813.885620] ---[ end trace fcb36e74e8de02a3 ]---
[83813.905517] ------------[ cut here ]------------
[83813.910766] WARNING: CPU: 0 PID: 2738 at mm/mmap.c:2859 exit_mmap+0x1a8/0x214()
[83813.918701] Modules linked in:
[83813.922058] CPU: 0 PID: 2738 Comm: init Tainted: G        W       3.19.0-rc5-next-20150119-00002-gfdefcded1272 #1
[83813.932983] Hardware name: Generic OMAP3-GP (Flattened Device Tree)
[83813.939788] [<c02159bc>] (unwind_backtrace) from [<c0211444>] (show_stack+0x10/0x14)
[83813.948089] [<c0211444>] (show_stack) from [<c0921ea4>] (dump_stack+0x70/0x8c)
[83813.955810] [<c0921ea4>] (dump_stack) from [<c0246634>] (warn_slowpath_common+0x74/0xac)
[83813.964416] [<c0246634>] (warn_slowpath_common) from [<c0246688>] (warn_slowpath_null+0x1c/0x24)
[83813.973815] [<c0246688>] (warn_slowpath_null) from [<c02e310c>] (exit_mmap+0x1a8/0x214)
[83813.982391] [<c02e310c>] (exit_mmap) from [<c0243ffc>] (mmput+0x40/0xf8)
[83813.989624] [<c0243ffc>] (mmput) from [<c02ff2e8>] (flush_old_exec+0x32c/0x604)
[83813.997467] [<c02ff2e8>] (flush_old_exec) from [<c033b9e4>] (load_elf_binary+0x2ec/0x112c)
[83814.006317] [<c033b9e4>] (load_elf_binary) from [<c02fe640>] (search_binary_handler+0x9c/0x240)
[83814.015624] [<c02fe640>] (search_binary_handler) from [<c02ffda0>] (do_execveat_common+0x4d8/0x5bc)
[83814.025299] [<c02ffda0>] (do_execveat_common) from [<c02ffeb0>] (do_execve+0x2c/0x34)
[83814.033691] [<c02ffeb0>] (do_execve) from [<c020e6e0>] (ret_fast_syscall+0x0/0x34)
[83814.041778] ---[ end trace fcb36e74e8de02a4 ]---
- 05:45:49 [INFO] Disconnected serial from beagleboard-vanilla
- 05:46:12 [INFO] Connected to beagleboard-vanilla via serial 
- 05:46:12 [INFO] Host: 
- 05:46:13 [ERROR] On command:  waiting for (?-mix:U-Boot#\s) >>> error: execution expired
- 05:46:13 [INFO] Target: 
*** Warning - bad CRC, using default environment
Beagle Rev C1/C2/C3
- 05:46:13 [INFO] Host: 
- 05:46:13 [INFO] Target: 
Timed out in wait_for_event: status=0000
Check if pads/pull-ups of bus 1 are properly configured
No EEPROM on expansion board
Die ID #0a8600030000000004013f780600a00e
Net:   usb_ether
Hit any key to stop autoboot:  1  0 
U-Boot# 
U-Boot# 
- 05:46:13 [INFO] Host: 
- 05:46:14 [INFO] Target: 
U-Boot# 
- 05:46:14 [INFO] Host: version
- 05:46:14 [INFO] Target: 
version
U-Boot 2014.04-00071-g8543283 (Apr 22 2014 - 15:49:50)
arm-linux-gnueabi-gcc (Ubuntu/Linaro 4.6.3-1ubuntu5) 4.6.3
GNU ld (GNU Binutils for Ubuntu) 2.22
U-Boot# 
- 05:46:14 [INFO] Host: setenv bootargs 'console=ttyO2,115200n8  earlyprintk rootwait '
- 05:46:15 [INFO] Target: 
setenv bootargs 'console=ttyO2,115200n8  earlyprintk rootwait '
U-Boot# 
- 05:46:15 [INFO] Host: setenv bootcmd  ''
- 05:46:15 [INFO] Target: 
setenv bootcmd  ''
U-Boot# 
- 05:46:15 [INFO] Host: setenv autoload 'no'
- 05:46:16 [INFO] Target: 
setenv autoload 'no'
U-Boot# 
- 05:46:16 [INFO] Host: setenv serverip '192.168.1.254'
- 05:46:16 [INFO] Target: 
setenv serverip '192.168.1.254'
U-Boot# 
- 05:46:16 [INFO] Host: printenv
- 05:46:17 [INFO] Target: 
printenv
arch=arm
autoload=no
baudrate=115200
beaglerev=Cx
board=beagle
board_name=beagle
bootargs=console=ttyO2,115200n8  earlyprintk rootwait 
bootcmd=
bootdelay=1
bootdir=/boot
bootenv=uEnv.txt
bootfile=uImage
bootm_size=0x08000000
bootpart=0:2
buddy=none
camera=none
console=ttyO2,115200n8
cpu=armv7
defaultdisplay=dvi
dieid#=0a8600030000000004013f780600a00e
dvimode=640x480MR-16@60
ethact=usb_ether
fdtaddr=0x80f80000
findfdt=if test $beaglerev = AxBx; then setenv fdtfile omap3-beagle.dtb; fi; if test $beaglerev = Cx; then setenv fdtfile omap3-beagle.dtb; fi; if test $beaglerev = C4; then setenv fdtfile omap3-beagle.dtb; fi; if test $beaglerev = xMAB; then setenv fdtfile omap3-beagle-xm.dtb; fi; if test $beaglerev = xMC; then setenv fdtfile omap3-beagle-xm.dtb; fi; if test $fdtfile = undefined; then echo WARNING: Could not determine device tree to use; fi; 
importbootenv=echo Importing environment from mmc ...; env import -t $loadaddr $filesize
loadaddr=0x80200000
loadbootenv=fatload mmc ${mmcdev} ${loadaddr} ${bootenv}
loadfdt=load mmc ${bootpart} ${fdtaddr} ${bootdir}/${fdtfile}
loadimage=load mmc ${bootpart} ${loadaddr} ${bootdir}/${bootfile}
loadramdisk=load mmc ${bootpart} ${rdaddr} ${bootdir}/${ramdisk}
mmcargs=setenv bootargs console=${console} ${optargs} mpurate=${mpurate} buddy=${buddy} camera=${camera} vram=${vram} omapfb.mode=dvi:${dvimode} omapdss.def_disp=${defaultdisplay} root=${mmcroot} rootfstype=${mmcrootfstype}
mmcboot=echo Booting from mmc ...; run mmcargs; bootm ${loadaddr}
mmcbootz=echo Booting with DT from mmc${mmcdev} ...; run mmcargs; bootz ${loadaddr} - ${fdtaddr}
mmcdev=0
mmcroot=/dev/mmcblk0p2 rw
mmcrootfstype=ext3 rootwait
mpurate=auto
nandargs=setenv bootargs console=${console} ${optargs} mpurate=${mpurate} buddy=${buddy} camera=${camera} vram=${vram} omapfb.mode=dvi:${dvimode} omapdss.def_disp=${defaultdisplay} root=${nandroot} rootfstype=${nandrootfstype}
nandboot=echo Booting from nand ...; run nandargs; nand read ${loadaddr} 280000 400000; bootm ${loadaddr}
nandroot=ubi0:rootfs ubi.mtd=4
nandrootfstype=ubifs
ramargs=setenv bootargs console=${console} ${optargs} mpurate=${mpurate} buddy=${buddy} vram=${vram} omapfb.mode=dvi:${dvimode} omapdss.def_disp=${defaultdisplay} root=${ramroot} rootfstype=${ramrootfstype}
ramboot=echo Booting from ramdisk ...; run ramargs; bootm ${loadaddr}
ramdisk=ramdisk.gz
ramroot=/dev/ram0 rw ramdisk_size=65536 initrd=0x81000000,64M
ramrootfstype=ext2
rdaddr=0x81000000
serverip=192.168.1.254
soc=omap3
stderr=serial
stdin=serial
stdout=serial
usbtty=cdc_acm
userbutton=if gpio input 173; then run userbutton_xm; else run userbutton_nonxm; fi;
userbutton_nonxm=gpio input 7;
userbutton_xm=gpio input 4;
vendor=ti
ver=U-Boot 2014.04-00071-g8543283 (Apr 22 2014 - 15:49:50)
vram=12M
Environment size: 2894/131068 bytes
U-Boot# 
- 05:46:17 [INFO] Host: dcache off
- 05:46:17 [INFO] Target: 
dcache off
U-Boot# 
- 05:46:17 [INFO] Host: usb start
- 05:46:18 [INFO] Target: 
usb start
(Re)start USB...
USB0:   USB EHCI 1.00
scanning bus 0 for devices... 1 USB Device(s) found
       scanning usb for storage devices... 0 Storage Device(s) found
       scanning usb for ethernet devices... 0 Ethernet Device(s) found
U-Boot# 
- 05:46:18 [INFO] Host: printenv
- 05:46:18 [INFO] Target: 
printenv
arch=arm
autoload=no
baudrate=115200
beaglerev=Cx
board=beagle
board_name=beagle
bootargs=console=ttyO2,115200n8  earlyprintk rootwait 
bootcmd=
bootdelay=1
bootdir=/boot
bootenv=uEnv.txt
bootfile=uImage
bootm_size=0x08000000
bootpart=0:2
buddy=none
camera=none
console=ttyO2,115200n8
cpu=armv7
defaultdisplay=dvi
dieid#=0a8600030000000004013f780600a00e
dvimode=640x480MR-16@60
ethact=usb_ether
fdtaddr=0x80f80000
findfdt=if test $beaglerev = AxBx; then setenv fdtfile omap3-beagle.dtb; fi; if test $beaglerev = Cx; then setenv fdtfile omap3-beagle.dtb; fi; if test $beaglerev = C4; then setenv fdtfile omap3-beagle.dtb; fi; if test $beaglerev = xMAB; then setenv fdtfile omap3-beagle-xm.dtb; fi; if test $beaglerev = xMC; then setenv fdtfile omap3-beagle-xm.dtb; fi; if test $fdtfile = undefined; then echo WARNING: Could not determine device tree to use; fi; 
importbootenv=echo Importing environment from mmc ...; env import -t $loadaddr $filesize
loadaddr=0x80200000
loadbootenv=fatload mmc ${mmcdev} ${loadaddr} ${bootenv}
loadfdt=load mmc ${bootpart} ${fdtaddr} ${bootdir}/${fdtfile}
loadimage=load mmc ${bootpart} ${loadaddr} ${bootdir}/${bootfile}
loadramdisk=load mmc ${bootpart} ${rdaddr} ${bootdir}/${ramdisk}
mmcargs=setenv bootargs console=${console} ${optargs} mpurate=${mpurate} buddy=${buddy} camera=${camera} vram=${vram} omapfb.mode=dvi:${dvimode} omapdss.def_disp=${defaultdisplay} root=${mmcroot} rootfstype=${mmcrootfstype}
mmcboot=echo Booting from mmc ...; run mmcargs; bootm ${loadaddr}
mmcbootz=echo Booting with DT from mmc${mmcdev} ...; run mmcargs; bootz ${loadaddr} - ${fdtaddr}
mmcdev=0
mmcroot=/dev/mmcblk0p2 rw
mmcrootfstype=ext3 rootwait
mpurate=auto
nandargs=setenv bootargs console=${console} ${optargs} mpurate=${mpurate} buddy=${buddy} camera=${camera} vram=${vram} omapfb.mode=dvi:${dvimode} omapdss.def_disp=${defaultdisplay} root=${nandroot} rootfstype=${nandrootfstype}
nandboot=echo Booting from nand ...; run nandargs; nand read ${loadaddr} 280000 400000; bootm ${loadaddr}
nandroot=ubi0:rootfs ubi.mtd=4
nandrootfstype=ubifs
ramargs=setenv bootargs console=${console} ${optargs} mpurate=${mpurate} buddy=${buddy} vram=${vram} omapfb.mode=dvi:${dvimode} omapdss.def_disp=${defaultdisplay} root=${ramroot} rootfstype=${ramrootfstype}
ramboot=echo Booting from ramdisk ...; run ramargs; bootm ${loadaddr}
ramdisk=ramdisk.gz
ramroot=/dev/ram0 rw ramdisk_size=65536 initrd=0x81000000,64M
ramrootfstype=ext2
rdaddr=0x81000000
serverip=192.168.1.254
soc=omap3
stderr=serial
stdin=serial
stdout=serial
usbtty=cdc_acm
userbutton=if gpio input 173; then run userbutton_xm; else run userbutton_nonxm; fi;
userbutton_nonxm=gpio input 7;
userbutton_xm=gpio input 4;
vendor=ti
ver=U-Boot 2014.04-00071-g8543283 (Apr 22 2014 - 15:49:50)
vram=12M
Environment size: 2894/131068 bytes
U-Boot# 
- 05:46:18 [INFO] Host: setenv bootargs ''${bootargs}' ip=dhcp '
- 05:46:19 [INFO] Target: 
setenv bootargs ''${bootargs}' ip=dhcp '
U-Boot# 
- 05:46:19 [INFO] Host: setenv serverip '192.168.1.254'
- 05:46:19 [INFO] Target: 
setenv serverip '192.168.1.254'
U-Boot# 
- 05:46:19 [INFO] Host: setenv ipaddr dhcp
- 05:46:20 [INFO] Target: 
setenv ipaddr dhcp
U-Boot# 
- 05:46:20 [INFO] Host: setenv autoload 'no'
- 05:46:20 [INFO] Target: 
setenv autoload 'no'
U-Boot# 
- 05:46:20 [INFO] Host: dhcp
- 05:46:21 [INFO] Target: 
dhcp
ERROR: Need valid 'usbnet_devaddr' to be set
at drivers/usb/gadget/ether.c:2362/usb_eth_init()
U-Boot# 
- 05:46:22 [INFO] Disconnected serial from beagleboard-vanilla
- 05:53:30 [INFO] Connected to beagleboard-vanilla via serial 
- 05:53:31 [INFO] Disconnected serial from beagleboard-vanilla
- 05:53:43 [INFO] Connected to beagleboard-vanilla via serial 
- 05:53:43 [INFO] Host: ls mmc 0:1
- 05:54:03 [ERROR] On command: ls mmc 0:1 waiting for ls mmc 0:1.+?(?-mix:U-Boot#\s) >>> error: execution expired
- 05:54:03 [INFO] Target: 
0(CAN) packets, 2 retries
## Total Size      = 0x0000f106 = 61702 Bytes
U-Boot# mmc 0:1
mmc - MMC sub system
Usage:
mmc read addr blk# cnt
mmc write addr blk# cnt
mmc erase blk# cnt
mmc rescan
mmc part - lists available partition on current mmc device
mmc dev [dev] [part] - show or set current mmc device [partition]
mmc list - lists available devices
mmc setdsr - set DSR register value
U-Boot# 
- 05:54:03 [INFO] Host: printenv
- 05:54:03 [INFO] Target: 
printenv
arch=arm
autoload=no
baudrate=115200
beaglerev=Cx
board=beagle
board_name=beagle
bootargs=console=ttyO2,115200n8  earlyprintk rootwait  ip=dhcp 
bootcmd=
bootdelay=1
bootdir=/boot
bootenv=uEnv.txt
bootfile=uImage
bootm_size=0x08000000
bootpart=0:2
buddy=none
camera=none
console=ttyO2,115200n8
cpu=armv7
defaultdisplay=dvi
dieid#=0a8600030000000004013f780600a00e
dvimode=640x480MR-16@60
ethact=usb_ether
fdtaddr=0x80f80000
filesize=f106
findfdt=if test $beaglerev = AxBx; then setenv fdtfile omap3-beagle.dtb; fi; if test $beaglerev = Cx; then setenv fdtfile omap3-beagle.dtb; fi; if test $beaglerev = C4; then setenv fdtfile omap3-beagle.dtb; fi; if test $beaglerev = xMAB; then setenv fdtfile omap3-beagle-xm.dtb; fi; if test $beaglerev = xMC; then setenv fdtfile omap3-beagle-xm.dtb; fi; if test $fdtfile = undefined; then echo WARNING: Could not determine device tree to use; fi; 
importbootenv=echo Importing environment from mmc ...; env import -t $loadaddr $filesize
ipaddr=dhcp
loadaddr=0x80200000
loadbootenv=fatload mmc ${mmcdev} ${loadaddr} ${bootenv}
loadfdt=load mmc ${bootpart} ${fdtaddr} ${bootdir}/${fdtfile}
loadimage=load mmc ${bootpart} ${loadaddr} ${bootdir}/${bootfile}
loadramdisk=load mmc ${bootpart} ${rdaddr} ${bootdir}/${ramdisk}
mmcargs=setenv bootargs console=${console} ${optargs} mpurate=${mpurate} buddy=${buddy} camera=${camera} vram=${vram} omapfb.mode=dvi:${dvimode} omapdss.def_disp=${defaultdisplay} root=${mmcroot} rootfstype=${mmcrootfstype}
mmcboot=echo Booting from mmc ...; run mmcargs; bootm ${loadaddr}
mmcbootz=echo Booting with DT from mmc${mmcdev} ...; run mmcargs; bootz ${loadaddr} - ${fdtaddr}
mmcdev=0
mmcroot=/dev/mmcblk0p2 rw
mmcrootfstype=ext3 rootwait
mpurate=auto
nandargs=setenv bootargs console=${console} ${optargs} mpurate=${mpurate} buddy=${buddy} camera=${camera} vram=${vram} omapfb.mode=dvi:${dvimode} omapdss.def_disp=${defaultdisplay} root=${nandroot} rootfstype=${nandrootfstype}
nandboot=echo Booting from nand ...; run nandargs; nand read ${loadaddr} 280000 400000; bootm ${loadaddr}
nandroot=ubi0:rootfs ubi.mtd=4
nandrootfstype=ubifs
ramargs=setenv bootargs console=${console} ${optargs} mpurate=${mpurate} buddy=${buddy} vram=${vram} omapfb.mode=dvi:${dvimode} omapdss.def_disp=${defaultdisplay} root=${ramroot} rootfstype=${ramrootfstype}
ramboot=echo Booting from ramdisk ...; run ramargs; bootm ${loadaddr}
ramdisk=ramdisk.gz
ramroot=/dev/ram0 rw ramdisk_size=65536 initrd=0x81000000,64M
ramrootfstype=ext2
rdaddr=0x81000000
serverip=192.168.1.254
soc=omap3
stderr=serial
stdin=serial
stdout=serial
usbtty=cdc_acm
userbutton=if gpio input 173; then run userbutton_xm; else run userbutton_nonxm; fi;
userbutton_nonxm=gpio input 7;
userbutton_xm=gpio input 4;
vendor=ti
ver=U-Boot 2014.04-00071-g8543283 (Apr 22 2014 - 15:49:50)
vram=12M
Environment size: 2933/131068 bytes
U-Boot# 
- 05:54:03 [INFO] Host: setenv bootargs ''${bootargs}' root=/dev/mmcblk0p2 rw rootfstype=ext3 rootwait '
- 05:54:04 [INFO] Target: 
setenv bootargs ''${bootargs}' root=/dev/mmcblk0p2 rw rootfstype=ext3 rootwait '
U-Boot# 
- 05:54:04 [INFO] Host: printenv
- 05:54:04 [INFO] Target: 
printenv
arch=arm
autoload=no
baudrate=115200
beaglerev=Cx
board=beagle
board_name=beagle
bootargs=console=ttyO2,115200n8  earlyprintk rootwait  ip=dhcp  root=/dev/mmcblk0p2 rw rootfstype=ext3 rootwait 
bootcmd=
bootdelay=1
bootdir=/boot
bootenv=uEnv.txt
bootfile=uImage
bootm_size=0x08000000
bootpart=0:2
buddy=none
camera=none
console=ttyO2,115200n8
cpu=armv7
defaultdisplay=dvi
dieid#=0a8600030000000004013f780600a00e
dvimode=640x480MR-16@60
ethact=usb_ether
fdtaddr=0x80f80000
filesize=f106
findfdt=if test $beaglerev = AxBx; then setenv fdtfile omap3-beagle.dtb; fi; if test $beaglerev = Cx; then setenv fdtfile omap3-beagle.dtb; fi; if test $beaglerev = C4; then setenv fdtfile omap3-beagle.dtb; fi; if test $beaglerev = xMAB; then setenv fdtfile omap3-beagle-xm.dtb; fi; if test $beaglerev = xMC; then setenv fdtfile omap3-beagle-xm.dtb; fi; if test $fdtfile = undefined; then echo WARNING: Could not determine device tree to use; fi; 
importbootenv=echo Importing environment from mmc ...; env import -t $loadaddr $filesize
ipaddr=dhcp
loadaddr=0x80200000
loadbootenv=fatload mmc ${mmcdev} ${loadaddr} ${bootenv}
loadfdt=load mmc ${bootpart} ${fdtaddr} ${bootdir}/${fdtfile}
loadimage=load mmc ${bootpart} ${loadaddr} ${bootdir}/${bootfile}
loadramdisk=load mmc ${bootpart} ${rdaddr} ${bootdir}/${ramdisk}
mmcargs=setenv bootargs console=${console} ${optargs} mpurate=${mpurate} buddy=${buddy} camera=${camera} vram=${vram} omapfb.mode=dvi:${dvimode} omapdss.def_disp=${defaultdisplay} root=${mmcroot} rootfstype=${mmcrootfstype}
mmcboot=echo Booting from mmc ...; run mmcargs; bootm ${loadaddr}
mmcbootz=echo Booting with DT from mmc${mmcdev} ...; run mmcargs; bootz ${loadaddr} - ${fdtaddr}
mmcdev=0
mmcroot=/dev/mmcblk0p2 rw
mmcrootfstype=ext3 rootwait
mpurate=auto
nandargs=setenv bootargs console=${console} ${optargs} mpurate=${mpurate} buddy=${buddy} camera=${camera} vram=${vram} omapfb.mode=dvi:${dvimode} omapdss.def_disp=${defaultdisplay} root=${nandroot} rootfstype=${nandrootfstype}
nandboot=echo Booting from nand ...; run nandargs; nand read ${loadaddr} 280000 400000; bootm ${loadaddr}
nandroot=ubi0:rootfs ubi.mtd=4
nandrootfstype=ubifs
ramargs=setenv bootargs console=${console} ${optargs} mpurate=${mpurate} buddy=${buddy} vram=${vram} omapfb.mode=dvi:${dvimode} omapdss.def_disp=${defaultdisplay} root=${ramroot} rootfstype=${ramrootfstype}
ramboot=echo Booting from ramdisk ...; run ramargs; bootm ${loadaddr}
ramdisk=ramdisk.gz
ramroot=/dev/ram0 rw ramdisk_size=65536 initrd=0x81000000,64M
ramrootfstype=ext2
rdaddr=0x81000000
serverip=192.168.1.254
soc=omap3
stderr=serial
stdin=serial
stdout=serial
usbtty=cdc_acm
userbutton=if gpio input 173; then run userbutton_xm; else run userbutton_nonxm; fi;
userbutton_nonxm=gpio input 7;
userbutton_xm=gpio input 4;
vendor=ti
ver=U-Boot 2014.04-00071-g8543283 (Apr 22 2014 - 15:49:50)
vram=12M
Environment size: 2982/131068 bytes
U-Boot# 
- 05:54:04 [INFO] Host: setenv bootcmd ''${bootcmd}' if iminfo ${loadaddr}; then bootm ${loadaddr} - ${fdtaddr}; else bootz ${loadaddr} - ${fdtaddr}; bootm ${loadaddr} - ${fdtaddr}; fi'
- 05:54:05 [INFO] Target: 
setenv bootcmd ''${bootcmd}' if iminfo ${loadaddr}; then bootm ${loadaddr} - ${fdtaddr}; else bootz ${loadaddr} - ${fdtaddr}; bootm ${loadaddr} - ${fdtaddr}; fi'
U-Boot# 
- 05:54:05 [INFO] Host: bdinfo
- 05:54:05 [INFO] Target: 
bdinfo
arch_number = 0x0000060A
boot_params = 0x80000100
DRAM bank   = 0x00000000
-> start    = 0x80000000
-> size     = 0x08000000
DRAM bank   = 0x00000001
-> start    = 0x88000000
-> size     = 0x08000000
eth0name    = usb_ether
ethaddr     = (not set)
current eth = usb_ether
ip_addr     = dhcp
baudrate    = 115200 bps
TLB addr    = 0x8FFF0000
relocaddr   = 0x8FF51000
reloc off   = 0x0FE51000
irq_sp      = 0x8FE30ED0
sp start    = 0x8FE30EC0
U-Boot# 
- 05:54:05 [INFO] Host: mmc rescan
- 05:54:06 [INFO] Target: 
mmc rescan
U-Boot# 
- 05:54:06 [INFO] Host: fatwrite mmc ${mmcdev}:1 ${loadaddr} ws-calibrate.rules 4
- 05:54:06 [INFO] Target: 
fatwrite mmc ${mmcdev}:1 ${loadaddr} ws-calibrate.rules 4
writing ws-calibrate.rules
4 bytes written
U-Boot# 
- 05:54:06 [INFO] Host: boot
- 05:56:36 [ERROR] On command: boot waiting for boot.+?(?-mix:.*\s+login) >>> error: execution expired
- 05:56:37 [INFO] Target: 
boot
## Checking Image at 80200000 ...
Unknown image format!
Kernel image @ 0x80200000 [ 0x000000 - 0x43e5a8 ]
## Flattened Device Tree blob at 80f80000
   Booting using the fdt blob at 0x80f80000
   Loading Device Tree to 87fed000, end 87fff105 ... OK
Starting kernel ...
[    0.000000] Booting Linux on physical CPU 0x0
[    0.000000] Initializing cgroup subsys cpuset
[    0.000000] Initializing cgroup subsys cpu
[    0.000000] Initializing cgroup subsys cpuacct
[    0.000000] Linux version 3.19.0-rc5-next-20150120-00002-g8ef3de6000e3 (nmenon@kahuna) (gcc version 4.6.3 (Ubuntu/Linaro 4.6.3-1ubuntu5) ) #1 SMP Tue Jan 20 05:43:30 CST 2015
[    0.000000] CPU: ARMv7 Processor [411fc083] revision 3 (ARMv7), cr=10c5387d
[    0.000000] CPU: PIPT / VIPT nonaliasing data cache, VIPT nonaliasing instruction cache
[    0.000000] Machine model: TI OMAP3 BeagleBoard
[    0.000000] cma: Reserved 16 MiB at 0x8e800000
[    0.000000] Memory policy: Data cache writeback
[    0.000000] CPU: All CPU(s) started in SVC mode.
[    0.000000] OMAP3430/3530 ES3.0 (l2cache iva sgx neon isp )
[    0.000000] PERCPU: Embedded 12 pages/cpu @cfc3b000 s19392 r8192 d21568 u49152
[    0.000000] Built 1 zonelists in Zone order, mobility grouping on.  Total pages: 64704
[    0.000000] Kernel command line: console=ttyO2,115200n8  earlyprintk rootwait  ip=dhcp  root=/dev/mmcblk0p2 rw rootfstype=ext3 rootwait 
[    0.000000] PID hash table entries: 1024 (order: 0, 4096 bytes)
[    0.000000] Dentry cache hash table entries: 32768 (order: 5, 131072 bytes)
[    0.000000] Inode-cache hash table entries: 16384 (order: 4, 65536 bytes)
[    0.000000] Memory: 224264K/261120K available (5853K kernel code, 623K rwdata, 2236K rodata, 428K init, 8219K bss, 20472K reserved, 16384K cma-reserved, 0K highmem)
[    0.000000] Virtual kernel memory layout:
[    0.000000]     vector  : 0xffff0000 - 0xffff1000   (   4 kB)
[    0.000000]     fixmap  : 0xffc00000 - 0xfff00000   (3072 kB)
[    0.000000]     vmalloc : 0xd0800000 - 0xff000000   ( 744 MB)
[    0.000000]     lowmem  : 0xc0000000 - 0xd0000000   ( 256 MB)
[    0.000000]     pkmap   : 0xbfe00000 - 0xc0000000   (   2 MB)
[    0.000000]     modules : 0xbf000000 - 0xbfe00000   (  14 MB)
[    0.000000]       .text : 0xc0008000 - 0xc07eea70   (8091 kB)
[    0.000000]       .init : 0xc07ef000 - 0xc085a000   ( 428 kB)
[    0.000000]       .data : 0xc085a000 - 0xc08f5ce8   ( 624 kB)
[    0.000000]        .bss : 0xc08f5ce8 - 0xc10fcbc8   (8220 kB)
[    0.000000] Hierarchical RCU implementation.
[    0.000000] 	Additional per-CPU info printed with stalls.
[    0.000000] 	RCU restricting CPUs from NR_CPUS=2 to nr_cpu_ids=1.
[    0.000000] RCU: Adjusting geometry for rcu_fanout_leaf=16, nr_cpu_ids=1
[    0.000000] NR_IRQS:16 nr_irqs:16 16
[    0.000000] IRQ: Found an INTC at 0xfa200000 (revision 4.0) with 96 interrupts
[    0.000000] Clocking rate (Crystal/Core/MPU): 26.0/332/600 MHz
[    0.000000] OMAP clockevent source: timer12 at 32768 Hz
[    0.000030] sched_clock: 32 bits at 32kHz, resolution 30517ns, wraps every 65536000000000ns
[    0.000061] OMAP clocksource: 32k_counter at 32768 Hz
[    0.001403] Console: colour dummy device 80x30
[    0.001495] Lock dependency validator: Copyright (c) 2006 Red Hat, Inc., Ingo Molnar
[    0.001495] ... MAX_LOCKDEP_SUBCLASSES:  8
[    0.001525] ... MAX_LOCK_DEPTH:          48
[    0.001525] ... MAX_LOCKDEP_KEYS:        8191
[    0.001556] ... CLASSHASH_SIZE:          4096
[    0.001556] ... MAX_LOCKDEP_ENTRIES:     32768
[    0.001586] ... MAX_LOCKDEP_CHAINS:      65536
[    0.001586] ... CHAINHASH_SIZE:          32768
[    0.001617]  memory used by lock dependency info: 5167 kB
[    0.001617]  per task-struct memory footprint: 1152 bytes
[    0.001647] Calibrating delay loop... 479.23 BogoMIPS (lpj=2396160)
[    0.085784] pid_max: default: 32768 minimum: 301
[    0.086334] Security Framework initialized
[    0.086608] Mount-cache hash table entries: 1024 (order: 0, 4096 bytes)
[    0.086608] Mountpoint-cache hash table entries: 1024 (order: 0, 4096 bytes)
[    0.091430] Initializing cgroup subsys blkio
[    0.091491] Initializing cgroup subsys memory
[    0.091644] Initializing cgroup subsys devices
[    0.091766] Initializing cgroup subsys freezer
[    0.091979] Initializing cgroup subsys perf_event
[    0.092102] CPU: Testing write buffer coherency: ok
[    0.094238] CPU0: thread -1, cpu 0, socket -1, mpidr 0
[    0.094421] Setting up static identity map for 0x8058c660 - 0x8058c6d0
[    0.100128] Brought up 1 CPUs
[    0.100158] SMP: Total of 1 processors activated (479.23 BogoMIPS).
[    0.100189] CPU: All CPU(s) started in SVC mode.
[    0.105438] devtmpfs: initialized
[    0.118957] VFP support v0.3: implementor 41 architecture 3 part 30 variant c rev 1
[    0.208374] omap_hwmod: mcbsp2_sidetone using broken dt data from mcbsp
[    0.210845] omap_hwmod: mcbsp3_sidetone using broken dt data from mcbsp
[    0.289886] omap_hwmod: mcbsp2: cannot be enabled for reset (3)
[    0.330200] pinctrl core: initialized pinctrl subsystem
[    0.453247] NET: Registered protocol family 16
[    0.465240] DMA: preallocated 256 KiB pool for atomic coherent allocations
[    0.468811] cpuidle: using governor ladder
[    0.468841] cpuidle: using governor menu
[    0.478942] Reprogramming SDRC clock to 332000000 Hz
[    0.492248] omap_gpio 48310000.gpio: could not find pctldev for node /ocp/pinmux@48002a00/pinmux_gpio1_pins, deferring probe
[    0.492340] platform 48310000.gpio: Driver omap_gpio requests probe deferral
[    0.497100] OMAP GPIO hardware version 2.5
[    0.511962] irq: no irq domain found for /ocp/pinmux@48002030 !
[    0.540313] omap-gpmc 6e000000.gpmc: GPMC revision 5.0
[    0.553283] No ATAGs?
[    0.553344] hw-breakpoint: debug architecture 0x4 unsupported.
[    0.557495] OMAP DMA hardware revision 4.0
[    0.655578] omap-dma-engine 48056000.dma-controller: OMAP DMA engine driver
[    0.657226] platform hsusb2_power_reg: Driver reg-fixed-voltage requests probe deferral
[    0.663360] SCSI subsystem initialized
[    0.665985] usb_phy_generic hsusb2_phy: Error requesting RESET GPIO
[    0.666076] usb_phy_generic: probe of hsusb2_phy failed with error -2
[    0.673400] omap_i2c 48070000.i2c: bus 0 rev3.3 at 2600 kHz
[    0.675354] omap_i2c 48072000.i2c: bus 1 rev3.3 at 100 kHz
[    0.677307] omap_i2c 48060000.i2c: bus 2 rev3.3 at 100 kHz
[    0.685119] Switched to clocksource 32k_counter
[    0.939208] NET: Registered protocol family 2
[    0.941986] TCP established hash table entries: 2048 (order: 1, 8192 bytes)
[    0.942291] TCP bind hash table entries: 2048 (order: 4, 73728 bytes)
[    0.943420] TCP: Hash tables configured (established 2048 bind 2048)
[    0.943756] TCP: reno registered
[    0.943817] UDP hash table entries: 256 (order: 2, 20480 bytes)
[    0.944152] UDP-Lite hash table entries: 256 (order: 2, 20480 bytes)
[    0.945983] NET: Registered protocol family 1
[    0.948730] RPC: Registered named UNIX socket transport module.
[    0.948760] RPC: Registered udp transport module.
[    0.948760] RPC: Registered tcp transport module.
[    0.948791] RPC: Registered tcp NFSv4.1 backchannel transport module.
[    0.950927] hw perfevents: enabled with armv7_cortex_a8 PMU driver, 5 counters available
[    0.960205] futex hash table entries: 256 (order: 2, 16384 bytes)
[    0.960601] audit: initializing netlink subsys (disabled)
[    0.960968] audit: type=2000 audit(1.130:1): initialized
[    0.968597] VFS: Disk quotas dquot_6.5.2
[    0.968841] VFS: Dquot-cache hash table entries: 1024 (order 0, 4096 bytes)
[    0.972839] NFS: Registering the id_resolver key type
[    0.973449] Key type id_resolver registered
[    0.973480] Key type id_legacy registered
[    0.973754] jffs2: version 2.2. (NAND) (SUMMARY)   2001-2006 Red Hat, Inc.
[    0.981140] io scheduler noop registered
[    0.981170] io scheduler deadline registered
[    0.981292] io scheduler cfq registered (default)
[    0.985290] pinctrl-single 48002030.pinmux: 284 pins at pa fa002030 size 568
[    0.986206] pinctrl-single 48002a00.pinmux: 46 pins at pa fa002a00 size 92
[    0.987640] pinctrl-single 480025d8.pinmux: 18 pins at pa fa0025d8 size 36
[    0.994689] Serial: 8250/16550 driver, 4 ports, IRQ sharing enabled
[    1.005065] omap_uart 4806a000.serial: no wakeirq for uart0
[    1.005981] 4806a000.serial: ttyO0 at MMIO 0x4806a000 (irq = 88, base_baud = 3000000) is a OMAP UART0
[    1.009124] omap_uart 4806c000.serial: no wakeirq for uart0
[    1.009613] 4806c000.serial: ttyO1 at MMIO 0x4806c000 (irq = 89, base_baud = 3000000) is a OMAP UART1
[    1.012573] 49020000.serial: ttyO2 at MMIO 0x49020000 (irq = 90, base_baud = 3000000) is a OMAP UART2
[    1.800018] console [ttyO2] enabled
[    1.812377]  ram0: unknown partition table
[    1.820098]  ram1: unknown partition table
[    1.827331]  ram2: unknown partition table
[    1.834594]  ram3: unknown partition table
[    1.841705]  ram4: unknown partition table
[    1.848876]  ram5: unknown partition table
[    1.857971]  ram6: unknown partition table
[    1.865417]  ram7: unknown partition table
[    1.872406]  ram8: unknown partition table
[    1.879577]  ram9: unknown partition table
[    1.886779]  ram10: unknown partition table
[    1.893798]  ram11: unknown partition table
[    1.901000]  ram12: unknown partition table
[    1.908203]  ram13: unknown partition table
[    1.915618]  ram14: unknown partition table
[    1.922637]  ram15: unknown partition table
[    1.927978] brd: module loaded
[    1.960601] loop: module loaded
[    1.978454] twl 0-0048: PIH (irq 23) chaining IRQs 307..315
[    1.985015] twl 0-0048: power (irq 312) chaining IRQs 315..322
[    2.057525] twl4030_gpio twl4030-gpio: gpio (irq 307) chaining IRQs 323..340
[    2.079315] mtdoops: mtd device (mtddev=name/number) must be supplied
[    2.104187] mousedev: PS/2 mouse device common for all mice
[    2.110198] i2c /dev entries driver
[    2.118133] Driver 'mmcblk' needs updating - please use bus_type methods
[    2.175506] ledtrig-cpu: registered to indicate activity on CPUs
[    2.184234] oprofile: using arm/armv7
[    2.189331] TCP: cubic registered
[    2.192901] Initializing XFRM netlink socket
[    2.197692] NET: Registered protocol family 17
[    2.202484] NET: Registered protocol family 15
[    2.207794] Key type dns_resolver registered
[    2.212707] omap2_set_init_voltage: unable to find boot up OPP for vdd_mpu_iva
[    2.220367] omap2_set_init_voltage: unable to set vdd_mpu_iva
[    2.226501] omap2_set_init_voltage: unable to find boot up OPP for vdd_core
[    2.233795] omap2_set_init_voltage: unable to set vdd_core
[    2.242431] PM: no software I/O chain control; some wakeups may be lost
[    2.252166] ThumbEE CPU extension supported.
[    2.256805] Registering SWP/SWPB emulation handler
[    2.261871] SmartReflex Class3 initialized
[    2.294891] drivers/rtc/hctosys.c: unable to open rtc device (rtc0)
[    2.301483] sr_init: No PMIC hook to init smartreflex
[    2.307556] smartreflex smartreflex.0: omap_sr_probe: SmartReflex driver initialized
[    2.316131] smartreflex smartreflex.0: omap_sr_probe: smartreflex_mpu_iva: No Voltage table for the corresponding vdd. Cannot create debugfs entries for n-values
[    2.331878] smartreflex: probe of smartreflex.0 failed with error -61
[    2.338958] smartreflex smartreflex.1: omap_sr_probe: SmartReflex driver initialized
[    2.347442] smartreflex smartreflex.1: omap_sr_probe: smartreflex_core: No Voltage table for the corresponding vdd. Cannot create debugfs entries for n-values
[    2.362701] smartreflex: probe of smartreflex.1 failed with error -61
[    2.369689] sr_init: platform driver register failed for SR
[    2.485778] mmc0: host does not support reading read-only switch, assuming write-enable
[    2.496734] mmc0: new high speed SDHC card at address b368
[    2.506225] mmcblk0: mmc0:b368 SMI   3.72 GiB 
[    2.517028]  mmcblk0: p1 p2
[   14.595001] hsusb2_vbus: disabling
[   14.599945] VUSB3V1: disabling
[   14.604095] VUSB1V8: disabling
[   14.608276] VUSB1V5: disabling
[   14.612670] VDAC: disabling
[   14.616851] VAUX3: disabling
[   14.691650] kjournald starting.  Commit interval 5 seconds
[   14.703277] EXT3-fs (mmcblk0p2): using internal journal
[   14.712860] EXT3-fs (mmcblk0p2): recovery complete
[   14.717956] EXT3-fs (mmcblk0p2): mounted filesystem with ordered data mode
[   14.725433] VFS: Mounted root (ext3 filesystem) on device 179:2.
[   14.736938] devtmpfs: mounted
[   14.741455] Freeing unused kernel memory: 428K (c07ef000 - c085a000)
INIT: version 2.88 booting
[   14.958526] ------------[ cut here ]------------
[   14.963439] WARNING: CPU: 0 PID: 50 at mm/mmap.c:2859 exit_mmap+0x1a8/0x21c()
[   14.971069] Modules linked in:
[   14.974334] CPU: 0 PID: 50 Comm: init Not tainted 3.19.0-rc5-next-20150120-00002-g8ef3de6000e3 #1
[   14.983703] Hardware name: Generic OMAP3-GP (Flattened Device Tree)
[   14.990356] [<c00153f0>] (unwind_backtrace) from [<c0011a74>] (show_stack+0x10/0x14)
[   14.998565] [<c0011a74>] (show_stack) from [<c0583f8c>] (dump_stack+0x78/0x94)
[   15.006225] [<c0583f8c>] (dump_stack) from [<c003d5bc>] (warn_slowpath_common+0x7c/0xb4)
[   15.014801] [<c003d5bc>] (warn_slowpath_common) from [<c003d610>] (warn_slowpath_null+0x1c/0x24)
[   15.024047] [<c003d610>] (warn_slowpath_null) from [<c012dfdc>] (exit_mmap+0x1a8/0x21c)
[   15.032501] [<c012dfdc>] (exit_mmap) from [<c003aca4>] (mmput+0x44/0xec)
[   15.039611] [<c003aca4>] (mmput) from [<c01514f4>] (flush_old_exec+0x300/0x5a4)
[   15.047332] [<c01514f4>] (flush_old_exec) from [<c0195eb0>] (load_elf_binary+0x2ec/0x1144)
[   15.056091] [<c0195eb0>] (load_elf_binary) from [<c015102c>] (search_binary_handler+0x88/0x1ac)
[   15.065307] [<c015102c>] (search_binary_handler) from [<c01957ec>] (load_script+0x260/0x280)
[   15.074157] [<c01957ec>] (load_script) from [<c015102c>] (search_binary_handler+0x88/0x1ac)
[   15.083007] [<c015102c>] (search_binary_handler) from [<c0152098>] (do_execveat_common+0x538/0x6c4)
[   15.092559] [<c0152098>] (do_execveat_common) from [<c0152250>] (do_execve+0x2c/0x34)
[   15.100830] [<c0152250>] (do_execve) from [<c000e5e0>] (ret_fast_syscall+0x0/0x4c)
[   15.108825] ---[ end trace 79b0db1ee6a5a35e ]---
[   15.237365] ------------[ cut here ]------------
[   15.242279] WARNING: CPU: 0 PID: 51 at mm/mmap.c:2859 exit_mmap+0x1a8/0x21c()
[   15.249938] Modules linked in:
[   15.253173] CPU: 0 PID: 51 Comm: rcS Tainted: G        W       3.19.0-rc5-next-20150120-00002-g8ef3de6000e3 #1
[   15.263732] Hardware name: Generic OMAP3-GP (Flattened Device Tree)
[   15.270385] [<c00153f0>] (unwind_backtrace) from [<c0011a74>] (show_stack+0x10/0x14)
[   15.278564] [<c0011a74>] (show_stack) from [<c0583f8c>] (dump_stack+0x78/0x94)
[   15.286224] [<c0583f8c>] (dump_stack) from [<c003d5bc>] (warn_slowpath_common+0x7c/0xb4)
[   15.294769] [<c003d5bc>] (warn_slowpath_common) from [<c003d610>] (warn_slowpath_null+0x1c/0x24)
[   15.304016] [<c003d610>] (warn_slowpath_null) from [<c012dfdc>] (exit_mmap+0x1a8/0x21c)
[   15.312499] [<c012dfdc>] (exit_mmap) from [<c003aca4>] (mmput+0x44/0xec)
[   15.319610] [<c003aca4>] (mmput) from [<c01514f4>] (flush_old_exec+0x300/0x5a4)
[   15.327331] [<c01514f4>] (flush_old_exec) from [<c0195eb0>] (load_elf_binary+0x2ec/0x1144)
[   15.336120] [<c0195eb0>] (load_elf_binary) from [<c015102c>] (search_binary_handler+0x88/0x1ac)
[   15.345306] [<c015102c>] (search_binary_handler) from [<c0152098>] (do_execveat_common+0x538/0x6c4)
[   15.354858] [<c0152098>] (do_execveat_common) from [<c0152250>] (do_execve+0x2c/0x34)
[   15.363098] [<c0152250>] (do_execve) from [<c000e5e0>] (ret_fast_syscall+0x0/0x4c)
[   15.371093] ---[ end trace 79b0db1ee6a5a35f ]---
[   15.422973] ------------[ cut here ]------------
[   15.427978] WARNING: CPU: 0 PID: 51 at mm/mmap.c:2859 exit_mmap+0x1a8/0x21c()
[   15.435546] Modules linked in:
[   15.438781] CPU: 0 PID: 51 Comm: mount Tainted: G        W       3.19.0-rc5-next-20150120-00002-g8ef3de6000e3 #1
[   15.449493] Hardware name: Generic OMAP3-GP (Flattened Device Tree)
[   15.456146] [<c00153f0>] (unwind_backtrace) from [<c0011a74>] (show_stack+0x10/0x14)
[   15.464294] [<c0011a74>] (show_stack) from [<c0583f8c>] (dump_stack+0x78/0x94)
[   15.471954] [<c0583f8c>] (dump_stack) from [<c003d5bc>] (warn_slowpath_common+0x7c/0xb4)
[   15.480529] [<c003d5bc>] (warn_slowpath_common) from [<c003d610>] (warn_slowpath_null+0x1c/0x24)
[   15.489807] [<c003d610>] (warn_slowpath_null) from [<c012dfdc>] (exit_mmap+0x1a8/0x21c)
[   15.498291] [<c012dfdc>] (exit_mmap) from [<c003aca4>] (mmput+0x44/0xec)
[   15.505371] [<c003aca4>] (mmput) from [<c003fb70>] (do_exit+0x2b4/0x9b8)
[   15.512420] [<c003fb70>] (do_exit) from [<c00402e8>] (do_group_exit+0x48/0xbc)
[   15.520080] [<c00402e8>] (do_group_exit) from [<c004036c>] (__wake_up_parent+0x0/0x18)
[   15.528442] ---[ end trace 79b0db1ee6a5a360 ]---
[   15.550659] ------------[ cut here ]------------
[   15.555755] WARNING: CPU: 0 PID: 50 at mm/mmap.c:2859 exit_mmap+0x1a8/0x21c()
[   15.563262] Modules linked in:
[   15.566558] CPU: 0 PID: 50 Comm: rcS Tainted: G        W       3.19.0-rc5-next-20150120-00002-g8ef3de6000e3 #1
[   15.577087] Hardware name: Generic OMAP3-GP (Flattened Device Tree)
[   15.583740] [<c00153f0>] (unwind_backtrace) from [<c0011a74>] (show_stack+0x10/0x14)
[   15.591949] [<c0011a74>] (show_stack) from [<c0583f8c>] (dump_stack+0x78/0x94)
[   15.599578] [<c0583f8c>] (dump_stack) from [<c003d5bc>] (warn_slowpath_common+0x7c/0xb4)
[   15.608123] [<c003d5bc>] (warn_slowpath_common) from [<c003d610>] (warn_slowpath_null+0x1c/0x24)
[   15.617431] [<c003d610>] (warn_slowpath_null) from [<c012dfdc>] (exit_mmap+0x1a8/0x21c)
[   15.625885] [<c012dfdc>] (exit_mmap) from [<c003aca4>] (mmput+0x44/0xec)
[   15.632965] [<c003aca4>] (mmput) from [<c01514f4>] (flush_old_exec+0x300/0x5a4)
[   15.640716] [<c01514f4>] (flush_old_exec) from [<c0195eb0>] (load_elf_binary+0x2ec/0x1144)
[   15.649505] [<c0195eb0>] (load_elf_binary) from [<c015102c>] (search_binary_handler+0x88/0x1ac)
[   15.658691] [<c015102c>] (search_binary_handler) from [<c01957ec>] (load_script+0x260/0x280)
[   15.667602] [<c01957ec>] (load_script) from [<c015102c>] (search_binary_handler+0x88/0x1ac)
[   15.676422] [<c015102c>] (search_binary_handler) from [<c0152098>] (do_execveat_common+0x538/0x6c4)
[   15.685974] [<c0152098>] (do_execveat_common) from [<c0152250>] (do_execve+0x2c/0x34)
[   15.694213] [<c0152250>] (do_execve) from [<c000e5e0>] (ret_fast_syscall+0x0/0x4c)
[   15.702209] ---[ end trace 79b0db1ee6a5a361 ]---
[   15.737915] ------------[ cut here ]------------
[   15.742858] WARNING: CPU: 0 PID: 52 at mm/mmap.c:2859 exit_mmap+0x1a8/0x21c()
[   15.750488] Modules linked in:
[   15.753723] CPU: 0 PID: 52 Comm: rc Tainted: G        W       3.19.0-rc5-next-20150120-00002-g8ef3de6000e3 #1
[   15.764190] Hardware name: Generic OMAP3-GP (Flattened Device Tree)
[   15.770843] [<c00153f0>] (unwind_backtrace) from [<c0011a74>] (show_stack+0x10/0x14)
[   15.779052] [<c0011a74>] (show_stack) from [<c0583f8c>] (dump_stack+0x78/0x94)
[   15.786712] [<c0583f8c>] (dump_stack) from [<c003d5bc>] (warn_slowpath_common+0x7c/0xb4)
[   15.795288] [<c003d5bc>] (warn_slowpath_common) from [<c003d610>] (warn_slowpath_null+0x1c/0x24)
[   15.804565] [<c003d610>] (warn_slowpath_null) from [<c012dfdc>] (exit_mmap+0x1a8/0x21c)
[   15.812988] [<c012dfdc>] (exit_mmap) from [<c003aca4>] (mmput+0x44/0xec)
[   15.820098] [<c003aca4>] (mmput) from [<c01514f4>] (flush_old_exec+0x300/0x5a4)
[   15.827850] [<c01514f4>] (flush_old_exec) from [<c0195eb0>] (load_elf_binary+0x2ec/0x1144)
[   15.836578] [<c0195eb0>] (load_elf_binary) from [<c015102c>] (search_binary_handler+0x88/0x1ac)
[   15.845794] [<c015102c>] (search_binary_handler) from [<c0152098>] (do_execveat_common+0x538/0x6c4)
[   15.855377] [<c0152098>] (do_execveat_common) from [<c0152250>] (do_execve+0x2c/0x34)
[   15.863647] [<c0152250>] (do_execve) from [<c000e5e0>] (ret_fast_syscall+0x0/0x4c)
[   15.871643] ---[ end trace 79b0db1ee6a5a362 ]---
[   15.895385] ------------[ cut here ]------------
[   15.900299] WARNING: CPU: 0 PID: 52 at mm/mmap.c:2859 exit_mmap+0x1a8/0x21c()
[   15.907897] Modules linked in:
[   15.911163] CPU: 0 PID: 52 Comm: stty Tainted: G        W       3.19.0-rc5-next-20150120-00002-g8ef3de6000e3 #1
[   15.921783] Hardware name: Generic OMAP3-GP (Flattened Device Tree)
[   15.928466] [<c00153f0>] (unwind_backtrace) from [<c0011a74>] (show_stack+0x10/0x14)
[   15.936706] [<c0011a74>] (show_stack) from [<c0583f8c>] (dump_stack+0x78/0x94)
[   15.944366] [<c0583f8c>] (dump_stack) from [<c003d5bc>] (warn_slowpath_common+0x7c/0xb4)
[   15.952911] [<c003d5bc>] (warn_slowpath_common) from [<c003d610>] (warn_slowpath_null+0x1c/0x24)
[   15.962188] [<c003d610>] (warn_slowpath_null) from [<c012dfdc>] (exit_mmap+0x1a8/0x21c)
[   15.970642] [<c012dfdc>] (exit_mmap) from [<c003aca4>] (mmput+0x44/0xec)
[   15.977752] [<c003aca4>] (mmput) from [<c003fb70>] (do_exit+0x2b4/0x9b8)
[   15.984863] [<c003fb70>] (do_exit) from [<c00402e8>] (do_group_exit+0x48/0xbc)
[   15.992462] [<c00402e8>] (do_group_exit) from [<c004036c>] (__wake_up_parent+0x0/0x18)
[   16.000823] ---[ end trace 79b0db1ee6a5a363 ]---
[   16.046936] ------------[ cut here ]------------
[   16.051849] WARNING: CPU: 0 PID: 54 at mm/mmap.c:2859 exit_mmap+0x1a8/0x21c()
[   16.059478] Modules linked in:
[   16.062713] CPU: 0 PID: 54 Comm: rc Tainted: G        W       3.19.0-rc5-next-20150120-00002-g8ef3de6000e3 #1
[   16.073181] Hardware name: Generic OMAP3-GP (Flattened Device Tree)
[   16.079864] [<c00153f0>] (unwind_backtrace) from [<c0011a74>] (show_stack+0x10/0x14)
[   16.088073] [<c0011a74>] (show_stack) from [<c0583f8c>] (dump_stack+0x78/0x94)
[   16.095733] [<c0583f8c>] (dump_stack) from [<c003d5bc>] (warn_slowpath_common+0x7c/0xb4)
[   16.104248] [<c003d5bc>] (warn_slowpath_common) from [<c003d610>] (warn_slowpath_null+0x1c/0x24)
[   16.113525] [<c003d610>] (warn_slowpath_null) from [<c012dfdc>] (exit_mmap+0x1a8/0x21c)
[   16.122009] [<c012dfdc>] (exit_mmap) from [<c003aca4>] (mmput+0x44/0xec)
[   16.129089] [<c003aca4>] (mmput) from [<c01514f4>] (flush_old_exec+0x300/0x5a4)
[   16.136871] [<c01514f4>] (flush_old_exec) from [<c0195eb0>] (load_elf_binary+0x2ec/0x1144)
[   16.145599] [<c0195eb0>] (load_elf_binary) from [<c015102c>] (search_binary_handler+0x88/0x1ac)
[   16.154815] [<c015102c>] (search_binary_handler) from [<c0152098>] (do_execveat_common+0x538/0x6c4)
[   16.164306] [<c0152098>] (do_execveat_common) from [<c0152250>] (do_execve+0x2c/0x34)
[   16.172607] [<c0152250>] (do_execve) from [<c000e5e0>] (ret_fast_syscall+0x0/0x4c)
[   16.180572] ---[ end trace 79b0db1ee6a5a364 ]---
[   16.203826] ------------[ cut here ]------------
[   16.208892] WARNING: CPU: 0 PID: 54 at mm/mmap.c:2859 exit_mmap+0x1a8/0x21c()
[   16.216430] Modules linked in:
[   16.219665] CPU: 0 PID: 54 Comm: mount Tainted: G        W       3.19.0-rc5-next-20150120-00002-g8ef3de6000e3 #1
[   16.230377] Hardware name: Generic OMAP3-GP (Flattened Device Tree)
[   16.237060] [<c00153f0>] (unwind_backtrace) from [<c0011a74>] (show_stack+0x10/0x14)
[   16.245269] [<c0011a74>] (show_stack) from [<c0583f8c>] (dump_stack+0x78/0x94)
[   16.252868] [<c0583f8c>] (dump_stack) from [<c003d5bc>] (warn_slowpath_common+0x7c/0xb4)
[   16.261444] [<c003d5bc>] (warn_slowpath_common) from [<c003d610>] (warn_slowpath_null+0x1c/0x24)
[   16.270721] [<c003d610>] (warn_slowpath_null) from [<c012dfdc>] (exit_mmap+0x1a8/0x21c)
[   16.279174] [<c012dfdc>] (exit_mmap) from [<c003aca4>] (mmput+0x44/0xec)
[   16.286254] [<c003aca4>] (mmput) from [<c003fb70>] (do_exit+0x2b4/0x9b8)
[   16.293304] [<c003fb70>] (do_exit) from [<c00402e8>] (do_group_exit+0x48/0xbc)
[   16.300994] [<c00402e8>] (do_group_exit) from [<c004036c>] (__wake_up_parent+0x0/0x18)
[   16.309326] ---[ end trace 79b0db1ee6a5a365 ]---
[   16.320983] ------------[ cut here ]------------
[   16.326080] WARNING: CPU: 0 PID: 53 at mm/mmap.c:2859 exit_mmap+0x1a8/0x21c()
[   16.333587] Modules linked in:
[   16.336883] CPU: 0 PID: 53 Comm: rc Tainted: G        W       3.19.0-rc5-next-20150120-00002-g8ef3de6000e3 #1
[   16.347320] Hardware name: Generic OMAP3-GP (Flattened Device Tree)
[   16.353973] [<c00153f0>] (unwind_backtrace) from [<c0011a74>] (show_stack+0x10/0x14)
[   16.362182] [<c0011a74>] (show_stack) from [<c0583f8c>] (dump_stack+0x78/0x94)
[   16.369873] [<c0583f8c>] (dump_stack) from [<c003d5bc>] (warn_slowpath_common+0x7c/0xb4)
[   16.378417] [<c003d5bc>] (warn_slowpath_common) from [<c003d610>] (warn_slowpath_null+0x1c/0x24)
[   16.387695] [<c003d610>] (warn_slowpath_null) from [<c012dfdc>] (exit_mmap+0x1a8/0x21c)
[   16.396179] [<c012dfdc>] (exit_mmap) from [<c003aca4>] (mmput+0x44/0xec)
[   16.403228] [<c003aca4>] (mmput) from [<c003fb70>] (do_exit+0x2b4/0x9b8)
[   16.410339] [<c003fb70>] (do_exit) from [<c00402e8>] (do_group_exit+0x48/0xbc)
[   16.417968] [<c00402e8>] (do_group_exit) from [<c004036c>] (__wake_up_parent+0x0/0x18)
[   16.426300] ---[ end trace 79b0db1ee6a5a366 ]---
[   16.453338] ------------[ cut here ]------------
[   16.458404] WARNING: CPU: 0 PID: 55 at mm/mmap.c:2859 exit_mmap+0x1a8/0x21c()
[   16.465972] Modules linked in:
[   16.469207] CPU: 0 PID: 55 Comm: rc Tainted: G        W       3.19.0-rc5-next-20150120-00002-g8ef3de6000e3 #1
[   16.479644] Hardware name: Generic OMAP3-GP (Flattened Device Tree)
[   16.486328] [<c00153f0>] (unwind_backtrace) from [<c0011a74>] (show_stack+0x10/0x14)
[   16.494506] [<c0011a74>] (show_stack) from [<c0583f8c>] (dump_stack+0x78/0x94)
[   16.502136] [<c0583f8c>] (dump_stack) from [<c003d5bc>] (warn_slowpath_common+0x7c/0xb4)
[   16.510681] [<c003d5bc>] (warn_slowpath_common) from [<c003d610>] (warn_slowpath_null+0x1c/0x24)
[   16.519958] [<c003d610>] (warn_slowpath_null) from [<c012dfdc>] (exit_mmap+0x1a8/0x21c)
[   16.528442] [<c012dfdc>] (exit_mmap) from [<c003aca4>] (mmput+0x44/0xec)
[   16.535552] [<c003aca4>] (mmput) from [<c01514f4>] (flush_old_exec+0x300/0x5a4)
[   16.543243] [<c01514f4>] (flush_old_exec) from [<c0195eb0>] (load_elf_binary+0x2ec/0x1144)
[   16.552032] [<c0195eb0>] (load_elf_binary) from [<c015102c>] (search_binary_handler+0x88/0x1ac)
[   16.561218] [<c015102c>] (search_binary_handler) from [<c0152098>] (do_execveat_common+0x538/0x6c4)
[   16.570770] [<c0152098>] (do_execveat_common) from [<c0152250>] (do_execve+0x2c/0x34)
[   16.579040] [<c0152250>] (do_execve) from [<c000e5e0>] (ret_fast_syscall+0x0/0x4c)
[   16.587036] ---[ end trace 79b0db1ee6a5a367 ]---
[   16.631744] ------------[ cut here ]------------
[   16.636810] WARNING: CPU: 0 PID: 59 at mm/mmap.c:2859 exit_mmap+0x1a8/0x21c()
[   16.644317] Modules linked in:
[   16.647613] CPU: 0 PID: 59 Comm: rc Tainted: G        W       3.19.0-rc5-next-20150120-00002-g8ef3de6000e3 #1
[   16.658081] Hardware name: Generic OMAP3-GP (Flattened Device Tree)
[   16.664733] [<c00153f0>] (unwind_backtrace) from [<c0011a74>] (show_stack+0x10/0x14)
[   16.672882] [<c0011a74>] (show_stack) from [<c0583f8c>] (dump_stack+0x78/0x94)
[   16.680541] [<c0583f8c>] (dump_stack) from [<c003d5bc>] (warn_slowpath_common+0x7c/0xb4)
[   16.689086] [<c003d5bc>] (warn_slowpath_common) from [<c003d610>] (warn_slowpath_null+0x1c/0x24)
[   16.698394] [<c003d610>] (warn_slowpath_null) from [<c012dfdc>] (exit_mmap+0x1a8/0x21c)
[   16.706878] [<c012dfdc>] (exit_mmap) from [<c003aca4>] (mmput+0x44/0xec)
[   16.713928] [<c003aca4>] (mmput) from [<c01514f4>] (flush_old_exec+0x300/0x5a4)
[   16.721649] [<c01514f4>] (flush_old_exec) from [<c0195eb0>] (load_elf_binary+0x2ec/0x1144)
[   16.730377] [<c0195eb0>] (load_elf_binary) from [<c015102c>] (search_binary_handler+0x88/0x1ac)
[   16.739593] [<c015102c>] (search_binary_handler) from [<c0152098>] (do_execveat_common+0x538/0x6c4)
[   16.749145] [<c0152098>] (do_execveat_common) from [<c0152250>] (do_execve+0x2c/0x34)
[   16.757415] [<c0152250>] (do_execve) from [<c000e5e0>] (ret_fast_syscall+0x0/0x4c)
[   16.765411] ---[ end trace 79b0db1ee6a5a368 ]---
[   16.782562] ------------[ cut here ]------------
[   16.782592] WARNING: CPU: 0 PID: 58 at mm/mmap.c:2859 exit_mmap+0x1a8/0x21c()
[   16.782623] Modules linked in:
[   16.782623] CPU: 0 PID: 58 Comm: rc Tainted: G        W       3.19.0-rc5-next-20150120-00002-g8ef3de6000e3 #1
[   16.782653] Hardware name: Generic OMAP3-GP (Flattened Device Tree)
[   16.782684] [<c00153f0>] (unwind_backtrace) from [<c0011a74>] (show_stack+0x10/0x14)
[   16.782714] [<c0011a74>] (show_stack) from [<c0583f8c>] (dump_stack+0x78/0x94)
[   16.782745] [<c0583f8c>] (dump_stack) from [<c003d5bc>] (warn_slowpath_common+0x7c/0xb4)
[   16.782775] [<c003d5bc>] (warn_slowpath_common) from [<c003d610>] (warn_slowpath_null+0x1c/0x24)
[   16.782775] [<c003d610>] (warn_slowpath_null) from [<c012dfdc>] (exit_mmap+0x1a8/0x21c)
[   16.782806] [<c012dfdc>] (exit_mmap) from [<c003aca4>] (mmput+0x44/0xec)
[   16.782836] [<c003aca4>] (mmput) from [<c01514f4>] (flush_old_exec+0x300/0x5a4)
[   16.782867] [<c01514f4>] (flush_old_exec) from [<c0195eb0>] (load_elf_binary+0x2ec/0x1144)
[   16.782867] [<c0195eb0>] (load_elf_binary) from [<c015102c>] (search_binary_handler+0x88/0x1ac)
[   16.782897] [<c015102c>] (search_binary_handler) from [<c0152098>] (do_execveat_common+0x538/0x6c4)
[   16.782928] [<c0152098>] (do_execveat_common) from [<c0152250>] (do_execve+0x2c/0x34)
[   16.782928] [<c0152250>] (do_execve) from [<c000e5e0>] (ret_fast_syscall+0x0/0x4c)
[   16.782958] ---[ end trace 79b0db1ee6a5a369 ]---
[   16.930969] ------------[ cut here ]------------
[   16.936065] WARNING: CPU: 0 PID: 60 at mm/mmap.c:2859 exit_mmap+0x1a8/0x21c()
[   16.943572] Modules linked in:
[   16.946868] CPU: 0 PID: 60 Comm: rc Tainted: G        W       3.19.0-rc5-next-20150120-00002-g8ef3de6000e3 #1
[   16.957336] Hardware name: Generic OMAP3-GP (Flattened Device Tree)
[   16.963958] [<c00153f0>] (unwind_backtrace) from [<c0011a74>] (show_stack+0x10/0x14)
[   16.972198] [<c0011a74>] (show_stack) from [<c0583f8c>] (dump_stack+0x78/0x94)
[   16.979827] [<c0583f8c>] (dump_stack) from [<c003d5bc>] (warn_slowpath_common+0x7c/0xb4)
[   16.988403] [<c003d5bc>] (warn_slowpath_common) from [<c003d610>] (warn_slowpath_null+0x1c/0x24)
[   16.997711] [<c003d610>] (warn_slowpath_null) from [<c012dfdc>] (exit_mmap+0x1a8/0x21c)
[   17.006164] [<c012dfdc>] (exit_mmap) from [<c003aca4>] (mmput+0x44/0xec)
[   17.013214] [<c003aca4>] (mmput) from [<c01514f4>] (flush_old_exec+0x300/0x5a4)
[   17.020996] [<c01514f4>] (flush_old_exec) from [<c0195eb0>] (load_elf_binary+0x2ec/0x1144)
[   17.029754] [<c0195eb0>] (load_elf_binary) from [<c015102c>] (search_binary_handler+0x88/0x1ac)
[   17.038970] [<c015102c>] (search_binary_handler) from [<c0152098>] (do_execveat_common+0x538/0x6c4)
[   17.048553] [<c0152098>] (do_execveat_common) from [<c0152250>] (do_execve+0x2c/0x34)
[   17.056823] [<c0152250>] (do_execve) from [<c000e5e0>] (ret_fast_syscall+0x0/0x4c)
[   17.064819] ---[ end trace 79b0db1ee6a5a36a ]---
[   17.084655] ------------[ cut here ]------------
[   17.089569] WARNING: CPU: 0 PID: 58 at mm/mmap.c:2859 exit_mmap+0x1a8/0x21c()
[   17.097137] Modules linked in:
[   17.100372] CPU: 0 PID: 58 Comm: cat Tainted: G        W       3.19.0-rc5-next-20150120-00002-g8ef3de6000e3 #1
[   17.110900] Hardware name: Generic OMAP3-GP (Flattened Device Tree)
[   17.117553] [<c00153f0>] (unwind_backtrace) from [<c0011a74>] (show_stack+0x10/0x14)
[   17.125762] [<c0011a74>] (show_stack) from [<c0583f8c>] (dump_stack+0x78/0x94)
[   17.133392] [<c0583f8c>] (dump_stack) from [<c003d5bc>] (warn_slowpath_common+0x7c/0xb4)
[   17.141937] [<c003d5bc>] (warn_slowpath_common) from [<c003d610>] (warn_slowpath_null+0x1c/0x24)
[   17.151214] [<c003d610>] (warn_slowpath_null) from [<c012dfdc>] (exit_mmap+0x1a8/0x21c)
[   17.159667] [<c012dfdc>] (exit_mmap) from [<c003aca4>] (mmput+0x44/0xec)
[   17.166778] [<c003aca4>] (mmput) from [<c003fb70>] (do_exit+0x2b4/0x9b8)
[   17.173828] [<c003fb70>] (do_exit) from [<c00402e8>] (do_group_exit+0x48/0xbc)
[   17.181488] [<c00402e8>] (do_group_exit) from [<c004036c>] (__wake_up_parent+0x0/0x18)
[   17.189849] ---[ end trace 79b0db1ee6a5a36b ]---
[   17.198394] ------------[ cut here ]------------
[   17.203308] WARNING: CPU: 0 PID: 61 at mm/mmap.c:2859 exit_mmap+0x1a8/0x21c()
[   17.210998] Modules linked in:
[   17.214263] CPU: 0 PID: 61 Comm: rc Tainted: G        W       3.19.0-rc5-next-20150120-00002-g8ef3de6000e3 #1
[   17.224731] Hardware name: Generic OMAP3-GP (Flattened Device Tree)
[   17.231353] [<c00153f0>] (unwind_backtrace) from [<c0011a74>] (show_stack+0x10/0x14)
[   17.239562] [<c0011a74>] (show_stack) from [<c0583f8c>] (dump_stack+0x78/0x94)
[   17.247253] [<c0583f8c>] (dump_stack) from [<c003d5bc>] (warn_slowpath_common+0x7c/0xb4)
[   17.255798] [<c003d5bc>] (warn_slowpath_common) from [<c003d610>] (warn_slowpath_null+0x1c/0x24)
[   17.265075] [<c003d610>] (warn_slowpath_null) from [<c012dfdc>] (exit_mmap+0x1a8/0x21c)
[   17.273529] [<c012dfdc>] (exit_mmap) from [<c003aca4>] (mmput+0x44/0xec)
[   17.280639] [<c003aca4>] (mmput) from [<c01514f4>] (flush_old_exec+0x300/0x5a4)
[   17.288360] [<c01514f4>] (flush_old_exec) from [<c0195eb0>] (load_elf_binary+0x2ec/0x1144)
[   17.297119] [<c0195eb0>] (load_elf_binary) from [<c015102c>] (search_binary_handler+0x88/0x1ac)
[   17.306304] [<c015102c>] (search_binary_handler) from [<c0152098>] (do_execveat_common+0x538/0x6c4)
[   17.315826] [<c0152098>] (do_execveat_common) from [<c0152250>] (do_execve+0x2c/0x34)
[   17.324066] [<c0152250>] (do_execve) from [<c000e5e0>] (ret_fast_syscall+0x0/0x4c)
[   17.332061] ---[ end trace 79b0db1ee6a5a36c ]---
Error opening /dev/fb0: No such file or directory
[   17.366333] ------------[ cut here ]------------
[   17.371246] WARNING: CPU: 0 PID: 55 at mm/mmap.c:2859 exit_mmap+0x1a8/0x21c()
[   17.378906] Modules linked in:
[   17.382141] CPU: 0 PID: 55 Comm: psplash Tainted: G        W       3.19.0-rc5-next-20150120-00002-g8ef3de6000e3 #1
[   17.393066] Hardware name: Generic OMAP3-GP (Flattened Device Tree)
[   17.399749] [<c00153f0>] (unwind_backtrace) from [<c0011a74>] (show_stack+0x10/0x14)
[   17.407958] [<c0011a74>] (show_stack) from [<c0583f8c>] (dump_stack+0x78/0x94)
[   17.415649] [<c0583f8c>] (dump_stack) from [<c003d5bc>] (warn_slowpath_common+0x7c/0xb4)
[   17.424194] [<c003d5bc>] (warn_slowpath_common) from [<c003d610>] (warn_slowpath_null+0x1c/0x24)
[   17.433471] [<c003d610>] (warn_slowpath_null) from [<c012dfdc>] (exit_mmap+0x1a8/0x21c)
[   17.441986] [<c012dfdc>] (exit_mmap) from [<c003aca4>] (mmput+0x44/0xec)
[   17.449066] [<c003aca4>] (mmput) from [<c003fb70>] (do_exit+0x2b4/0x9b8)
[   17.456146] [<c003fb70>] (do_exit) from [<c00402e8>] (do_group_exit+0x48/0xbc)
[   17.463775] [<c00402e8>] (do_group_exit) from [<c004036c>] (__wake_up_parent+0x0/0x18)
[   17.472137] ---[ end trace 79b0db1ee6a5a36d ]---
[   17.480133] ------------[ cut here ]------------
[   17.485229] WARNING: CPU: 0 PID: 59 at mm/mmap.c:2859 exit_mmap+0x1a8/0x21c()
[   17.492767] Modules linked in:
[   17.496063] CPU: 0 PID: 59 Comm: grep Tainted: G        W       3.19.0-rc5-next-20150120-00002-g8ef3de6000e3 #1
[   17.506713] Hardware name: Generic OMAP3-GP (Flattened Device Tree)
[   17.513366] [<c00153f0>] (unwind_backtrace) from [<c0011a74>] (show_stack+0x10/0x14)
[   17.521606] [<c0011a74>] (show_stack) from [<c0583f8c>] (dump_stack+0x78/0x94)
[   17.529235] [<c0583f8c>] (dump_stack) from [<c003d5bc>] (warn_slowpath_common+0x7c/0xb4)
[   17.537811] [<c003d5bc>] (warn_slowpath_common) from [<c003d610>] (warn_slowpath_null+0x1c/0x24)
[   17.547088] [<c003d610>] (warn_slowpath_null) from [<c012dfdc>] (exit_mmap+0x1a8/0x21c)
[   17.555541] [<c012dfdc>] (exit_mmap) from [<c003aca4>] (mmput+0x44/0xec)
[   17.562622] [<c003aca4>] (mmput) from [<c003fb70>] (do_exit+0x2b4/0x9b8)
[   17.569702] [<c003fb70>] (do_exit) from [<c00402e8>] (do_group_exit+0x48/0xbc)
[   17.577331] [<c00402e8>] (do_group_exit) from [<c004036c>] (__wake_up_parent+0x0/0x18)
[   17.585693] ---[ end trace 79b0db1ee6a5a36e ]---
[   17.602447] ------------[ cut here ]------------
[   17.607513] WARNING: CPU: 0 PID: 60 at mm/mmap.c:2859 exit_mmap+0x1a8/0x21c()
[   17.615051] Modules linked in:
[   17.618286] CPU: 0 PID: 60 Comm: cut Tainted: G        W       3.19.0-rc5-next-20150120-00002-g8ef3de6000e3 #1
[   17.628845] Hardware name: Generic OMAP3-GP (Flattened Device Tree)
[   17.635498] [<c00153f0>] (unwind_backtrace) from [<c0011a74>] (show_stack+0x10/0x14)
[   17.643676] [<c0011a74>] (show_stack) from [<c0583f8c>] (dump_stack+0x78/0x94)
[   17.651336] [<c0583f8c>] (dump_stack) from [<c003d5bc>] (warn_slowpath_common+0x7c/0xb4)
[   17.659881] [<c003d5bc>] (warn_slowpath_common) from [<c003d610>] (warn_slowpath_null+0x1c/0x24)
[   17.669189] [<c003d610>] (warn_slowpath_null) from [<c012dfdc>] (exit_mmap+0x1a8/0x21c)
[   17.677642] [<c012dfdc>] (exit_mmap) from [<c003aca4>] (mmput+0x44/0xec)
[   17.684753] [<c003aca4>] (mmput) from [<c003fb70>] (do_exit+0x2b4/0x9b8)
[   17.691802] [<c003fb70>] (do_exit) from [<c00402e8>] (do_group_exit+0x48/0xbc)
[   17.699432] [<c00402e8>] (do_group_exit) from [<c004036c>] (__wake_up_parent+0x0/0x18)
[   17.707794] ---[ end trace 79b0db1ee6a5a36f ]---
[   17.716461] ------------[ cut here ]------------
[   17.721343] WARNING: CPU: 0 PID: 61 at mm/mmap.c:2859 exit_mmap+0x1a8/0x21c()
[   17.729003] Modules linked in:
[   17.732238] CPU: 0 PID: 61 Comm: tr Tainted: G        W       3.19.0-rc5-next-20150120-00002-g8ef3de6000e3 #1
[   17.742706] Hardware name: Generic OMAP3-GP (Flattened Device Tree)
[   17.749359] [<c00153f0>] (unwind_backtrace) from [<c0011a74>] (show_stack+0x10/0x14)
[   17.757598] [<c0011a74>] (show_stack) from [<c0583f8c>] (dump_stack+0x78/0x94)
[   17.765258] [<c0583f8c>] (dump_stack) from [<c003d5bc>] (warn_slowpath_common+0x7c/0xb4)
[   17.773803] [<c003d5bc>] (warn_slowpath_common) from [<c003d610>] (warn_slowpath_null+0x1c/0x24)
[   17.783050] [<c003d610>] (warn_slowpath_null) from [<c012dfdc>] (exit_mmap+0x1a8/0x21c)
[   17.791503] [<c012dfdc>] (exit_mmap) from [<c003aca4>] (mmput+0x44/0xec)
[   17.798614] [<c003aca4>] (mmput) from [<c003fb70>] (do_exit+0x2b4/0x9b8)
[   17.805694] [<c003fb70>] (do_exit) from [<c00402e8>] (do_group_exit+0x48/0xbc)
[   17.813293] [<c00402e8>] (do_group_exit) from [<c004036c>] (__wake_up_parent+0x0/0x18)
[   17.821655] ---[ end trace 79b0db1ee6a5a370 ]---
[   17.830810] ------------[ cut here ]------------
[   17.835937] WARNING: CPU: 0 PID: 57 at mm/mmap.c:2859 exit_mmap+0x1a8/0x21c()
[   17.843444] Modules linked in:
[   17.846710] CPU: 0 PID: 57 Comm: rc Tainted: G        W       3.19.0-rc5-next-20150120-00002-g8ef3de6000e3 #1
[   17.857177] Hardware name: Generic OMAP3-GP (Flattened Device Tree)
[   17.863830] [<c00153f0>] (unwind_backtrace) from [<c0011a74>] (show_stack+0x10/0x14)
[   17.872039] [<c0011a74>] (show_stack) from [<c0583f8c>] (dump_stack+0x78/0x94)
[   17.879699] [<c0583f8c>] (dump_stack) from [<c003d5bc>] (warn_slowpath_common+0x7c/0xb4)
[   17.888244] [<c003d5bc>] (warn_slowpath_common) from [<c003d610>] (warn_slowpath_null+0x1c/0x24)
[   17.897521] [<c003d610>] (warn_slowpath_null) from [<c012dfdc>] (exit_mmap+0x1a8/0x21c)
[   17.905975] [<c012dfdc>] (exit_mmap) from [<c003aca4>] (mmput+0x44/0xec)
[   17.913055] [<c003aca4>] (mmput) from [<c003fb70>] (do_exit+0x2b4/0x9b8)
[   17.920135] [<c003fb70>] (do_exit) from [<c00402e8>] (do_group_exit+0x48/0xbc)
[   17.927764] [<c00402e8>] (do_group_exit) from [<c004036c>] (__wake_up_parent+0x0/0x18)
[   17.936126] ---[ end trace 79b0db1ee6a5a371 ]---
[   17.947326] ------------[ cut here ]------------
[   17.952209] WARNING: CPU: 0 PID: 56 at mm/mmap.c:2859 exit_mmap+0x1a8/0x21c()
[   17.959930] Modules linked in:
[   17.963165] CPU: 0 PID: 56 Comm: rc Tainted: G        W       3.19.0-rc5-next-20150120-00002-g8ef3de6000e3 #1
[   17.973632] Hardware name: Generic OMAP3-GP (Flattened Device Tree)
[   17.980285] [<c00153f0>] (unwind_backtrace) from [<c0011a74>] (show_stack+0x10/0x14)
[   17.988494] [<c0011a74>] (show_stack) from [<c0583f8c>] (dump_stack+0x78/0x94)
[   17.996154] [<c0583f8c>] (dump_stack) from [<c003d5bc>] (warn_slowpath_common+0x7c/0xb4)
[   18.004699] [<c003d5bc>] (warn_slowpath_common) from [<c003d610>] (warn_slowpath_null+0x1c/0x24)
[   18.013946] [<c003d610>] (warn_slowpath_null) from [<c012dfdc>] (exit_mmap+0x1a8/0x21c)
[   18.022399] [<c012dfdc>] (exit_mmap) from [<c003aca4>] (mmput+0x44/0xec)
[   18.029510] [<c003aca4>] (mmput) from [<c003fb70>] (do_exit+0x2b4/0x9b8)
[   18.036590] [<c003fb70>] (do_exit) from [<c00402e8>] (do_group_exit+0x48/0xbc)
[   18.044189] [<c00402e8>] (do_group_exit) from [<c004036c>] (__wake_up_parent+0x0/0x18)
[   18.052551] ---[ end trace 79b0db1ee6a5a372 ]---
[   18.091369] ------------[ cut here ]------------
[   18.096466] WARNING: CPU: 0 PID: 65 at mm/mmap.c:2859 exit_mmap+0x1a8/0x21c()
[   18.103973] Modules linked in:
[   18.107269] CPU: 0 PID: 65 Comm: rc Tainted: G        W       3.19.0-rc5-next-20150120-00002-g8ef3de6000e3 #1
[   18.117706] Hardware name: Generic OMAP3-GP (Flattened Device Tree)
[   18.124359] [<c00153f0>] (unwind_backtrace) from [<c0011a74>] (show_stack+0x10/0x14)
[   18.132568] [<c0011a74>] (show_stack) from [<c0583f8c>] (dump_stack+0x78/0x94)
[   18.140228] [<c0583f8c>] (dump_stack) from [<c003d5bc>] (warn_slowpath_common+0x7c/0xb4)
[   18.148773] [<c003d5bc>] (warn_slowpath_common) from [<c003d610>] (warn_slowpath_null+0x1c/0x24)
[   18.158050] [<c003d610>] (warn_slowpath_null) from [<c012dfdc>] (exit_mmap+0x1a8/0x21c)
[   18.166564] [<c012dfdc>] (exit_mmap) from [<c003aca4>] (mmput+0x44/0xec)
[   18.173614] [<c003aca4>] (mmput) from [<c01514f4>] (flush_old_exec+0x300/0x5a4)
[   18.181365] [<c01514f4>] (flush_old_exec) from [<c0195eb0>] (load_elf_binary+0x2ec/0x1144)
[   18.190093] [<c0195eb0>] (load_elf_binary) from [<c015102c>] (search_binary_handler+0x88/0x1ac)
[   18.199279] [<c015102c>] (search_binary_handler) from [<c0152098>] (do_execveat_common+0x538/0x6c4)
[   18.208831] [<c0152098>] (do_execveat_common) from [<c0152250>] (do_execve+0x2c/0x34)
[   18.217132] [<c0152250>] (do_execve) from [<c000e5e0>] (ret_fast_syscall+0x0/0x4c)
[   18.225128] ---[ end trace 79b0db1ee6a5a373 ]---
[   18.232177] ------------[ cut here ]------------
[   18.237243] WARNING: CPU: 0 PID: 64 at mm/mmap.c:2859 exit_mmap+0x1a8/0x21c()
[   18.244781] Modules linked in:
[   18.248016] CPU: 0 PID: 64 Comm: rc Tainted: G        W       3.19.0-rc5-next-20150120-00002-g8ef3de6000e3 #1
[   18.258453] Hardware name: Generic OMAP3-GP (Flattened Device Tree)
[   18.265106] [<c00153f0>] (unwind_backtrace) from [<c0011a74>] (show_stack+0x10/0x14)
[   18.273254] [<c0011a74>] (show_stack) from [<c0583f8c>] (dump_stack+0x78/0x94)
[   18.280914] [<c0583f8c>] (dump_stack) from [<c003d5bc>] (warn_slowpath_common+0x7c/0xb4)
[   18.289459] [<c003d5bc>] (warn_slowpath_common) from [<c003d610>] (warn_slowpath_null+0x1c/0x24)
[   18.298767] [<c003d610>] (warn_slowpath_null) from [<c012dfdc>] (exit_mmap+0x1a8/0x21c)
[   18.307220] [<c012dfdc>] (exit_mmap) from [<c003aca4>] (mmput+0x44/0xec)
[   18.314270] [<c003aca4>] (mmput) from [<c01514f4>] (flush_old_exec+0x300/0x5a4)
[   18.322021] [<c01514f4>] (flush_old_exec) from [<c0195eb0>] (load_elf_binary+0x2ec/0x1144)
[   18.330749] [<c0195eb0>] (load_elf_binary) from [<c015102c>] (search_binary_handler+0x88/0x1ac)
[   18.339935] [<c015102c>] (search_binary_handler) from [<c0152098>] (do_execveat_common+0x538/0x6c4)
[   18.349487] [<c0152098>] (do_execveat_common) from [<c0152250>] (do_execve+0x2c/0x34)
[   18.357757] [<c0152250>] (do_execve) from [<c000e5e0>] (ret_fast_syscall+0x0/0x4c)
[   18.365753] ---[ end trace 79b0db1ee6a5a374 ]---
[   18.391754] ------------[ cut here ]------------
[   18.396881] WARNING: CPU: 0 PID: 64 at mm/mmap.c:2859 exit_mmap+0x1a8/0x21c()
[   18.404449] Modules linked in:
[   18.407684] CPU: 0 PID: 64 Comm: mount Tainted: G        W       3.19.0-rc5-next-20150120-00002-g8ef3de6000e3 #1
[   18.418426] Hardware name: Generic OMAP3-GP (Flattened Device Tree)
[   18.425109] [<c00153f0>] (unwind_backtrace) from [<c0011a74>] (show_stack+0x10/0x14)
[   18.433288] [<c0011a74>] (show_stack) from [<c0583f8c>] (dump_stack+0x78/0x94)
[   18.440948] [<c0583f8c>] (dump_stack) from [<c003d5bc>] (warn_slowpath_common+0x7c/0xb4)
[   18.449493] [<c003d5bc>] (warn_slowpath_common) from [<c003d610>] (warn_slowpath_null+0x1c/0x24)
[   18.458770] [<c003d610>] (warn_slowpath_null) from [<c012dfdc>] (exit_mmap+0x1a8/0x21c)
[   18.467224] [<c012dfdc>] (exit_mmap) from [<c003aca4>] (mmput+0x44/0xec)
[   18.474304] [<c003aca4>] (mmput) from [<c003fb70>] (do_exit+0x2b4/0x9b8)
[   18.481384] [<c003fb70>] (do_exit) from [<c00402e8>] (do_group_exit+0x48/0xbc)
[   18.489013] [<c00402e8>] (do_group_exit) from [<c004036c>] (__wake_up_parent+0x0/0x18)
[   18.497375] ---[ end trace 79b0db1ee6a5a375 ]---
[   18.503570] ------------[ cut here ]------------
[   18.508575] WARNING: CPU: 0 PID: 65 at mm/mmap.c:2859 exit_mmap+0x1a8/0x21c()
[   18.516143] Modules linked in:
[   18.519378] CPU: 0 PID: 65 Comm: grep Tainted: G        W       3.19.0-rc5-next-20150120-00002-g8ef3de6000e3 #1
[   18.529998] Hardware name: Generic OMAP3-GP (Flattened Device Tree)
[   18.536682] [<c00153f0>] (unwind_backtrace) from [<c0011a74>] (show_stack+0x10/0x14)
[   18.544891] [<c0011a74>] (show_stack) from [<c0583f8c>] (dump_stack+0x78/0x94)
[   18.552520] [<c0583f8c>] (dump_stack) from [<c003d5bc>] (warn_slowpath_common+0x7c/0xb4)
[   18.561065] [<c003d5bc>] (warn_slowpath_common) from [<c003d610>] (warn_slowpath_null+0x1c/0x24)
[   18.570343] [<c003d610>] (warn_slowpath_null) from [<c012dfdc>] (exit_mmap+0x1a8/0x21c)
[   18.578826] [<c012dfdc>] (exit_mmap) from [<c003aca4>] (mmput+0x44/0xec)
[   18.585906] [<c003aca4>] (mmput) from [<c003fb70>] (do_exit+0x2b4/0x9b8)
[   18.592956] [<c003fb70>] (do_exit) from [<c00402e8>] (do_group_exit+0x48/0xbc)
[   18.600616] [<c00402e8>] (do_group_exit) from [<c004036c>] (__wake_up_parent+0x0/0x18)
[   18.608978] ---[ end trace 79b0db1ee6a5a376 ]---
[   18.619018] ------------[ cut here ]------------
[   18.623931] WARNING: CPU: 0 PID: 63 at mm/mmap.c:2859 exit_mmap+0x1a8/0x21c()
[   18.631591] Modules linked in:
[   18.634857] CPU: 0 PID: 63 Comm: rc Tainted: G        W       3.19.0-rc5-next-20150120-00002-g8ef3de6000e3 #1
[   18.645324] Hardware name: Generic OMAP3-GP (Flattened Device Tree)
[   18.651916] [<c00153f0>] (unwind_backtrace) from [<c0011a74>] (show_stack+0x10/0x14)
[   18.660125] [<c0011a74>] (show_stack) from [<c0583f8c>] (dump_stack+0x78/0x94)
[   18.667785] [<c0583f8c>] (dump_stack) from [<c003d5bc>] (warn_slowpath_common+0x7c/0xb4)
[   18.676361] [<c003d5bc>] (warn_slowpath_common) from [<c003d610>] (warn_slowpath_null+0x1c/0x24)
[   18.685638] [<c003d610>] (warn_slowpath_null) from [<c012dfdc>] (exit_mmap+0x1a8/0x21c)
[   18.694061] [<c012dfdc>] (exit_mmap) from [<c003aca4>] (mmput+0x44/0xec)
[   18.701171] [<c003aca4>] (mmput) from [<c003fb70>] (do_exit+0x2b4/0x9b8)
[   18.708251] [<c003fb70>] (do_exit) from [<c00402e8>] (do_group_exit+0x48/0xbc)
[   18.715881] [<c00402e8>] (do_group_exit) from [<c004036c>] (__wake_up_parent+0x0/0x18)
[   18.724212] ---[ end trace 79b0db1ee6a5a377 ]---
[   18.751373] ------------[ cut here ]------------
[   18.756500] WARNING: CPU: 0 PID: 67 at mm/mmap.c:2859 exit_mmap+0x1a8/0x21c()
[   18.764007] Modules linked in:
[   18.767303] CPU: 0 PID: 67 Comm: rc Tainted: G        W       3.19.0-rc5-next-20150120-00002-g8ef3de6000e3 #1
[   18.777740] Hardware name: Generic OMAP3-GP (Flattened Device Tree)
[   18.784423] [<c00153f0>] (unwind_backtrace) from [<c0011a74>] (show_stack+0x10/0x14)
[   18.792572] [<c0011a74>] (show_stack) from [<c0583f8c>] (dump_stack+0x78/0x94)
[   18.800262] [<c0583f8c>] (dump_stack) from [<c003d5bc>] (warn_slowpath_common+0x7c/0xb4)
[   18.808807] [<c003d5bc>] (warn_slowpath_common) from [<c003d610>] (warn_slowpath_null+0x1c/0x24)
[   18.818084] [<c003d610>] (warn_slowpath_null) from [<c012dfdc>] (exit_mmap+0x1a8/0x21c)
[   18.826568] [<c012dfdc>] (exit_mmap) from [<c003aca4>] (mmput+0x44/0xec)
[   18.833648] [<c003aca4>] (mmput) from [<c01514f4>] (flush_old_exec+0x300/0x5a4)
[   18.841369] [<c01514f4>] (flush_old_exec) from [<c0195eb0>] (load_elf_binary+0x2ec/0x1144)
[   18.850128] [<c0195eb0>] (load_elf_binary) from [<c015102c>] (search_binary_handler+0x88/0x1ac)
[   18.859344] [<c015102c>] (search_binary_handler) from [<c0152098>] (do_execveat_common+0x538/0x6c4)
[   18.868896] [<c0152098>] (do_execveat_common) from [<c0152250>] (do_execve+0x2c/0x34)
[   18.877166] [<c0152250>] (do_execve) from [<c000e5e0>] (ret_fast_syscall+0x0/0x4c)
[   18.885162] ---[ end trace 79b0db1ee6a5a378 ]---
[   18.900909] ------------[ cut here ]------------
[   18.905914] WARNING: CPU: 0 PID: 69 at mm/mmap.c:2859 exit_mmap+0x1a8/0x21c()
[   18.913452] Modules linked in:
[   18.916717] CPU: 0 PID: 69 Comm: rc Tainted: G        W       3.19.0-rc5-next-20150120-00002-g8ef3de6000e3 #1
[   18.927185] Hardware name: Generic OMAP3-GP (Flattened Device Tree)
[   18.933807] [<c00153f0>] (unwind_backtrace) from [<c0011a74>] (show_stack+0x10/0x14)
[   18.941986] [<c0011a74>] (show_stack) from [<c0583f8c>] (dump_stack+0x78/0x94)
[   18.949645] [<c0583f8c>] (dump_stack) from [<c003d5bc>] (warn_slowpath_common+0x7c/0xb4)
[   18.958221] [<c003d5bc>] (warn_slowpath_common) from [<c003d610>] (warn_slowpath_null+0x1c/0x24)
[   18.967498] [<c003d610>] (warn_slowpath_null) from [<c012dfdc>] (exit_mmap+0x1a8/0x21c)
[   18.975952] [<c012dfdc>] (exit_mmap) from [<c003aca4>] (mmput+0x44/0xec)
[   18.983001] [<c003aca4>] (mmput) from [<c01514f4>] (flush_old_exec+0x300/0x5a4)
[   18.990753] [<c01514f4>] (flush_old_exec) from [<c0195eb0>] (load_elf_binary+0x2ec/0x1144)
[   18.999481] [<c0195eb0>] (load_elf_binary) from [<c015102c>] (search_binary_handler+0x88/0x1ac)
[   19.008666] [<c015102c>] (search_binary_handler) from [<c0152098>] (do_execveat_common+0x538/0x6c4)
[   19.018218] [<c0152098>] (do_execveat_common) from [<c0152250>] (do_execve+0x2c/0x34)
[   19.026489] [<c0152250>] (do_execve) from [<c000e5e0>] (ret_fast_syscall+0x0/0x4c)
[   19.034484] ---[ end trace 79b0db1ee6a5a379 ]---
[   19.048522] ------------[ cut here ]------------
[   19.053466] WARNING: CPU: 0 PID: 68 at mm/mmap.c:2859 exit_mmap+0x1a8/0x21c()
[   19.061096] Modules linked in:
[   19.064361] CPU: 0 PID: 68 Comm: rc Tainted: G        W       3.19.0-rc5-next-20150120-00002-g8ef3de6000e3 #1
[   19.074890] Hardware name: Generic OMAP3-GP (Flattened Device Tree)
[   19.081512] [<c00153f0>] (unwind_backtrace) from [<c0011a74>] (show_stack+0x10/0x14)
[   19.089721] [<c0011a74>] (show_stack) from [<c0583f8c>] (dump_stack+0x78/0x94)
[   19.097381] [<c0583f8c>] (dump_stack) from [<c003d5bc>] (warn_slowpath_common+0x7c/0xb4)
[   19.105957] [<c003d5bc>] (warn_slowpath_common) from [<c003d610>] (warn_slowpath_null+0x1c/0x24)
[   19.115234] [<c003d610>] (warn_slowpath_null) from [<c012dfdc>] (exit_mmap+0x1a8/0x21c)
[   19.123657] [<c012dfdc>] (exit_mmap) from [<c003aca4>] (mmput+0x44/0xec)
[   19.130767] [<c003aca4>] (mmput) from [<c01514f4>] (flush_old_exec+0x300/0x5a4)
[   19.138488] [<c01514f4>] (flush_old_exec) from [<c0195eb0>] (load_elf_binary+0x2ec/0x1144)
[   19.147216] [<c0195eb0>] (load_elf_binary) from [<c015102c>] (search_binary_handler+0x88/0x1ac)
[   19.156433] [<c015102c>] (search_binary_handler) from [<c0152098>] (do_execveat_common+0x538/0x6c4)
[   19.165954] [<c0152098>] (do_execveat_common) from [<c0152250>] (do_execve+0x2c/0x34)
[   19.174194] [<c0152250>] (do_execve) from [<c000e5e0>] (ret_fast_syscall+0x0/0x4c)
[   19.182220] ---[ end trace 79b0db1ee6a5a37a ]---
[   19.193817] ------------[ cut here ]------------
[   19.198822] WARNING: CPU: 0 PID: 71 at mm/mmap.c:2859 exit_mmap+0x1a8/0x21c()
[   19.206359] Modules linked in:
[   19.209594] CPU: 0 PID: 71 Comm: rc Tainted: G        W       3.19.0-rc5-next-20150120-00002-g8ef3de6000e3 #1
[   19.220031] Hardware name: Generic OMAP3-GP (Flattened Device Tree)
[   19.226684] [<c00153f0>] (unwind_backtrace) from [<c0011a74>] (show_stack+0x10/0x14)
[   19.234893] [<c0011a74>] (show_stack) from [<c0583f8c>] (dump_stack+0x78/0x94)
[   19.242492] [<c0583f8c>] (dump_stack) from [<c003d5bc>] (warn_slowpath_common+0x7c/0xb4)
[   19.251037] [<c003d5bc>] (warn_slowpath_common) from [<c003d610>] (warn_slowpath_null+0x1c/0x24)
[   19.260314] [<c003d610>] (warn_slowpath_null) from [<c012dfdc>] (exit_mmap+0x1a8/0x21c)
[   19.268768] [<c012dfdc>] (exit_mmap) from [<c003aca4>] (mmput+0x44/0xec)
[   19.275878] [<c003aca4>] (mmput) from [<c01514f4>] (flush_old_exec+0x300/0x5a4)
[   19.283599] [<c01514f4>] (flush_old_exec) from [<c0195eb0>] (load_elf_binary+0x2ec/0x1144)
[   19.292327] [<c0195eb0>] (load_elf_binary) from [<c015102c>] (search_binary_handler+0x88/0x1ac)
[   19.301513] [<c015102c>] (search_binary_handler) from [<c0152098>] (do_execveat_common+0x538/0x6c4)
[   19.311065] [<c0152098>] (do_execveat_common) from [<c0152250>] (do_execve+0x2c/0x34)
[   19.319366] [<c0152250>] (do_execve) from [<c000e5e0>] (ret_fast_syscall+0x0/0x4c)
[   19.327362] ---[ end trace 79b0db1ee6a5a37b ]---
[   19.335418] ------------[ cut here ]------------
[   19.340301] WARNING: CPU: 0 PID: 70 at mm/mmap.c:2859 exit_mmap+0x1a8/0x21c()
[   19.347869] Modules linked in:
[   19.351104] CPU: 0 PID: 70 Comm: rc Tainted: G        W       3.19.0-rc5-next-20150120-00002-g8ef3de6000e3 #1
[   19.361541] Hardware name: Generic OMAP3-GP (Flattened Device Tree)
[   19.368194] [<c00153f0>] (unwind_backtrace) from [<c0011a74>] (show_stack+0x10/0x14)
[   19.376403] [<c0011a74>] (show_stack) from [<c0583f8c>] (dump_stack+0x78/0x94)
[   19.384002] [<c0583f8c>] (dump_stack) from [<c003d5bc>] (warn_slowpath_common+0x7c/0xb4)
[   19.392578] [<c003d5bc>] (warn_slowpath_common) from [<c003d610>] (warn_slowpath_null+0x1c/0x24)
[   19.401855] [<c003d610>] (warn_slowpath_null) from [<c012dfdc>] (exit_mmap+0x1a8/0x21c)
[   19.410308] [<c012dfdc>] (exit_mmap) from [<c003aca4>] (mmput+0x44/0xec)
[   19.417419] [<c003aca4>] (mmput) from [<c01514f4>] (flush_old_exec+0x300/0x5a4)
[   19.425140] [<c01514f4>] (flush_old_exec) from [<c0195eb0>] (load_elf_binary+0x2ec/0x1144)
[   19.433837] [<c0195eb0>] (load_elf_binary) from [<c015102c>] (search_binary_handler+0x88/0x1ac)
[   19.443023] [<c015102c>] (search_binary_handler) from [<c0152098>] (do_execveat_common+0x538/0x6c4)
[   19.452575] [<c0152098>] (do_execveat_common) from [<c0152250>] (do_execve+0x2c/0x34)
[   19.460845] [<c0152250>] (do_execve) from [<c000e5e0>] (ret_fast_syscall+0x0/0x4c)
[   19.468841] ---[ end trace 79b0db1ee6a5a37c ]---
[   19.483551] ------------[ cut here ]------------
[   19.488616] WARNING: CPU: 0 PID: 67 at mm/mmap.c:2859 exit_mmap+0x1a8/0x21c()
[   19.496185] Modules linked in:
[   19.499420] CPU: 0 PID: 67 Comm: cat Tainted: G        W       3.19.0-rc5-next-20150120-00002-g8ef3de6000e3 #1
[   19.509948] Hardware name: Generic OMAP3-GP (Flattened Device Tree)
[   19.516632] [<c00153f0>] (unwind_backtrace) from [<c0011a74>] (show_stack+0x10/0x14)
[   19.524810] [<c0011a74>] (show_stack) from [<c0583f8c>] (dump_stack+0x78/0x94)
[   19.532440] [<c0583f8c>] (dump_stack) from [<c003d5bc>] (warn_slowpath_common+0x7c/0xb4)
[   19.541015] [<c003d5bc>] (warn_slowpath_common) from [<c003d610>] (warn_slowpath_null+0x1c/0x24)
[   19.550292] [<c003d610>] (warn_slowpath_null) from [<c012dfdc>] (exit_mmap+0x1a8/0x21c)
[   19.558776] [<c012dfdc>] (exit_mmap) from [<c003aca4>] (mmput+0x44/0xec)
[   19.565856] [<c003aca4>] (mmput) from [<c003fb70>] (do_exit+0x2b4/0x9b8)
[   19.572937] [<c003fb70>] (do_exit) from [<c00402e8>] (do_group_exit+0x48/0xbc)
[   19.580566] [<c00402e8>] (do_group_exit) from [<c004036c>] (__wake_up_parent+0x0/0x18)
[   19.588928] ---[ end trace 79b0db1ee6a5a37d ]---
[   19.630249] ------------[ cut here ]------------
[   19.635375] WARNING: CPU: 0 PID: 68 at mm/mmap.c:2859 exit_mmap+0x1a8/0x21c()
[   19.642913] Modules linked in:
[   19.646209] CPU: 0 PID: 68 Comm: sed Tainted: G        W       3.19.0-rc5-next-20150120-00002-g8ef3de6000e3 #1
[   19.656799] Hardware name: Generic OMAP3-GP (Flattened Device Tree)
[   19.663482] [<c00153f0>] (unwind_backtrace) from [<c0011a74>] (show_stack+0x10/0x14)
[   19.671691] [<c0011a74>] (show_stack) from [<c0583f8c>] (dump_stack+0x78/0x94)
[   19.679351] [<c0583f8c>] (dump_stack) from [<c003d5bc>] (warn_slowpath_common+0x7c/0xb4)
[   19.687927] [<c003d5bc>] (warn_slowpath_common) from [<c003d610>] (warn_slowpath_null+0x1c/0x24)
[   19.697204] [<c003d610>] (warn_slowpath_null) from [<c012dfdc>] (exit_mmap+0x1a8/0x21c)
[   19.705657] [<c012dfdc>] (exit_mmap) from [<c003aca4>] (mmput+0x44/0xec)
[   19.712738] [<c003aca4>] (mmput) from [<c003fb70>] (do_exit+0x2b4/0x9b8)
[   19.719818] [<c003fb70>] (do_exit) from [<c00402e8>] (do_group_exit+0x48/0xbc)
[   19.727447] [<c00402e8>] (do_group_exit) from [<c004036c>] (__wake_up_parent+0x0/0x18)
[   19.735809] ---[ end trace 79b0db1ee6a5a37e ]---
[   19.743896] ------------[ cut here ]------------
[   19.748992] WARNING: CPU: 0 PID: 69 at mm/mmap.c:2859 exit_mmap+0x1a8/0x21c()
[   19.756530] Modules linked in:
[   19.759765] CPU: 0 PID: 69 Comm: grep Tainted: G        W       3.19.0-rc5-next-20150120-00002-g8ef3de6000e3 #1
[   19.770446] Hardware name: Generic OMAP3-GP (Flattened Device Tree)
[   19.777130] [<c00153f0>] (unwind_backtrace) from [<c0011a74>] (show_stack+0x10/0x14)
[   19.785339] [<c0011a74>] (show_stack) from [<c0583f8c>] (dump_stack+0x78/0x94)
[   19.792999] [<c0583f8c>] (dump_stack) from [<c003d5bc>] (warn_slowpath_common+0x7c/0xb4)
[   19.801574] [<c003d5bc>] (warn_slowpath_common) from [<c003d610>] (warn_slowpath_null+0x1c/0x24)
[   19.810852] [<c003d610>] (warn_slowpath_null) from [<c012dfdc>] (exit_mmap+0x1a8/0x21c)
[   19.819305] [<c012dfdc>] (exit_mmap) from [<c003aca4>] (mmput+0x44/0xec)
[   19.826385] [<c003aca4>] (mmput) from [<c003fb70>] (do_exit+0x2b4/0x9b8)
[   19.833435] [<c003fb70>] (do_exit) from [<c00402e8>] (do_group_exit+0x48/0xbc)
[   19.841064] [<c00402e8>] (do_group_exit) from [<c004036c>] (__wake_up_parent+0x0/0x18)
[   19.849426] ---[ end trace 79b0db1ee6a5a37f ]---
[   19.856658] ------------[ cut here ]------------
[   19.861541] WARNING: CPU: 0 PID: 70 at mm/mmap.c:2859 exit_mmap+0x1a8/0x21c()
[   19.869171] Modules linked in:
[   19.872406] CPU: 0 PID: 70 Comm: cut Tainted: G        W       3.19.0-rc5-next-20150120-00002-g8ef3de6000e3 #1
[   19.882965] Hardware name: Generic OMAP3-GP (Flattened Device Tree)
[   19.889617] [<c00153f0>] (unwind_backtrace) from [<c0011a74>] (show_stack+0x10/0x14)
[   19.897827] [<c0011a74>] (show_stack) from [<c0583f8c>] (dump_stack+0x78/0x94)
[   19.905456] [<c0583f8c>] (dump_stack) from [<c003d5bc>] (warn_slowpath_common+0x7c/0xb4)
[   19.913970] [<c003d5bc>] (warn_slowpath_common) from [<c003d610>] (warn_slowpath_null+0x1c/0x24)
[   19.923248] [<c003d610>] (warn_slowpath_null) from [<c012dfdc>] (exit_mmap+0x1a8/0x21c)
[   19.931701] [<c012dfdc>] (exit_mmap) from [<c003aca4>] (mmput+0x44/0xec)
[   19.938781] [<c003aca4>] (mmput) from [<c003fb70>] (do_exit+0x2b4/0x9b8)
[   19.945892] [<c003fb70>] (do_exit) from [<c00402e8>] (do_group_exit+0x48/0xbc)
[   19.953491] [<c00402e8>] (do_group_exit) from [<c004036c>] (__wake_up_parent+0x0/0x18)
[   19.961853] ---[ end trace 79b0db1ee6a5a380 ]---
[   19.968688] ------------[ cut here ]------------
[   19.973602] WARNING: CPU: 0 PID: 71 at mm/mmap.c:2859 exit_mmap+0x1a8/0x21c()
[   19.981231] Modules linked in:
[   19.984527] CPU: 0 PID: 71 Comm: cut Tainted: G        W       3.19.0-rc5-next-20150120-00002-g8ef3de6000e3 #1
[   19.995056] Hardware name: Generic OMAP3-GP (Flattened Device Tree)
[   20.001678] [<c00153f0>] (unwind_backtrace) from [<c0011a74>] (show_stack+0x10/0x14)
[   20.009857] [<c0011a74>] (show_stack) from [<c0583f8c>] (dump_stack+0x78/0x94)
[   20.017517] [<c0583f8c>] (dump_stack) from [<c003d5bc>] (warn_slowpath_common+0x7c/0xb4)
[   20.026062] [<c003d5bc>] (warn_slowpath_common) from [<c003d610>] (warn_slowpath_null+0x1c/0x24)
[   20.035339] [<c003d610>] (warn_slowpath_null) from [<c012dfdc>] (exit_mmap+0x1a8/0x21c)
[   20.043792] [<c012dfdc>] (exit_mmap) from [<c003aca4>] (mmput+0x44/0xec)
[   20.050872] [<c003aca4>] (mmput) from [<c003fb70>] (do_exit+0x2b4/0x9b8)
[   20.057952] [<c003fb70>] (do_exit) from [<c00402e8>] (do_group_exit+0x48/0xbc)
[   20.065582] [<c00402e8>] (do_group_exit) from [<c004036c>] (__wake_up_parent+0x0/0x18)
[   20.073913] ---[ end trace 79b0db1ee6a5a381 ]---
[   20.082824] ------------[ cut here ]------------
[   20.087921] WARNING: CPU: 0 PID: 66 at mm/mmap.c:2859 exit_mmap+0x1a8/0x21c()
[   20.095489] Modules linked in:
[   20.098724] CPU: 0 PID: 66 Comm: rc Tainted: G        W       3.19.0-rc5-next-20150120-00002-g8ef3de6000e3 #1
[   20.109161] Hardware name: Generic OMAP3-GP (Flattened Device Tree)
[   20.115814] [<c00153f0>] (unwind_backtrace) from [<c0011a74>] (show_stack+0x10/0x14)
[   20.123992] [<c0011a74>] (show_stack) from [<c0583f8c>] (dump_stack+0x78/0x94)
[   20.131652] [<c0583f8c>] (dump_stack) from [<c003d5bc>] (warn_slowpath_common+0x7c/0xb4)
[   20.140197] [<c003d5bc>] (warn_slowpath_common) from [<c003d610>] (warn_slowpath_null+0x1c/0x24)
[   20.149475] [<c003d610>] (warn_slowpath_null) from [<c012dfdc>] (exit_mmap+0x1a8/0x21c)
[   20.157928] [<c012dfdc>] (exit_mmap) from [<c003aca4>] (mmput+0x44/0xec)
[   20.165008] [<c003aca4>] (mmput) from [<c003fb70>] (do_exit+0x2b4/0x9b8)
[   20.172058] [<c003fb70>] (do_exit) from [<c00402e8>] (do_group_exit+0x48/0xbc)
[   20.179718] [<c00402e8>] (do_group_exit) from [<c004036c>] (__wake_up_parent+0x0/0x18)
[   20.188079] ---[ end trace 79b0db1ee6a5a382 ]---
[   20.202087] ------------[ cut here ]------------
[   20.207214] WARNING: CPU: 0 PID: 72 at mm/mmap.c:2859 exit_mmap+0x1a8/0x21c()
[   20.214752] Modules linked in:
[   20.217987] CPU: 0 PID: 72 Comm: rc Tainted: G        W       3.19.0-rc5-next-20150120-00002-g8ef3de6000e3 #1
[   20.228454] Hardware name: Generic OMAP3-GP (Flattened Device Tree)
[   20.235107] [<c00153f0>] (unwind_backtrace) from [<c0011a74>] (show_stack+0x10/0x14)
[   20.243286] [<c0011a74>] (show_stack) from [<c0583f8c>] (dump_stack+0x78/0x94)
[   20.250946] [<c0583f8c>] (dump_stack) from [<c003d5bc>] (warn_slowpath_common+0x7c/0xb4)
[   20.259490] [<c003d5bc>] (warn_slowpath_common) from [<c003d610>] (warn_slowpath_null+0x1c/0x24)
[   20.268768] [<c003d610>] (warn_slowpath_null) from [<c012dfdc>] (exit_mmap+0x1a8/0x21c)
[   20.277221] [<c012dfdc>] (exit_mmap) from [<c003aca4>] (mmput+0x44/0xec)
[   20.284301] [<c003aca4>] (mmput) from [<c01514f4>] (flush_old_exec+0x300/0x5a4)
[   20.292022] [<c01514f4>] (flush_old_exec) from [<c0195eb0>] (load_elf_binary+0x2ec/0x1144)
[   20.300781] [<c0195eb0>] (load_elf_binary) from [<c015102c>] (search_binary_handler+0x88/0x1ac)
[   20.309967] [<c015102c>] (search_binary_handler) from [<c0152098>] (do_execveat_common+0x538/0x6c4)
[   20.319519] [<c0152098>] (do_execveat_common) from [<c0152250>] (do_execve+0x2c/0x34)
[   20.327819] [<c0152250>] (do_execve) from [<c000e5e0>] (ret_fast_syscall+0x0/0x4c)
[   20.335815] ---[ end trace 79b0db1ee6a5a383 ]---
[   20.349884] ------------[ cut here ]------------
[   20.354980] WARNING: CPU: 0 PID: 72 at mm/mmap.c:2859 exit_mmap+0x1a8/0x21c()
[   20.362487] Modules linked in:
[   20.365783] CPU: 0 PID: 72 Comm: rm Tainted: G        W       3.19.0-rc5-next-20150120-00002-g8ef3de6000e3 #1
[   20.376220] Hardware name: Generic OMAP3-GP (Flattened Device Tree)
[   20.382843] [<c00153f0>] (unwind_backtrace) from [<c0011a74>] (show_stack+0x10/0x14)
[   20.391052] [<c0011a74>] (show_stack) from [<c0583f8c>] (dump_stack+0x78/0x94)
[   20.398681] [<c0583f8c>] (dump_stack) from [<c003d5bc>] (warn_slowpath_common+0x7c/0xb4)
[   20.407226] [<c003d5bc>] (warn_slowpath_common) from [<c003d610>] (warn_slowpath_null+0x1c/0x24)
[   20.416503] [<c003d610>] (warn_slowpath_null) from [<c012dfdc>] (exit_mmap+0x1a8/0x21c)
[   20.424987] [<c012dfdc>] (exit_mmap) from [<c003aca4>] (mmput+0x44/0xec)
[   20.432037] [<c003aca4>] (mmput) from [<c003fb70>] (do_exit+0x2b4/0x9b8)
[   20.439117] [<c003fb70>] (do_exit) from [<c00402e8>] (do_group_exit+0x48/0xbc)
[   20.446746] [<c00402e8>] (do_group_exit) from [<c004036c>] (__wake_up_parent+0x0/0x18)
[   20.455108] ---[ end trace 79b0db1ee6a5a384 ]---
[   20.468811] ------------[ cut here ]------------
[   20.473754] WARNING: CPU: 0 PID: 73 at mm/mmap.c:2859 exit_mmap+0x1a8/0x21c()
[   20.481353] Modules linked in:
[   20.484649] CPU: 0 PID: 73 Comm: rc Tainted: G        W       3.19.0-rc5-next-20150120-00002-g8ef3de6000e3 #1
[   20.495117] Hardware name: Generic OMAP3-GP (Flattened Device Tree)
[   20.501739] [<c00153f0>] (unwind_backtrace) from [<c0011a74>] (show_stack+0x10/0x14)
[   20.509948] [<c0011a74>] (show_stack) from [<c0583f8c>] (dump_stack+0x78/0x94)
[   20.517608] [<c0583f8c>] (dump_stack) from [<c003d5bc>] (warn_slowpath_common+0x7c/0xb4)
[   20.526153] [<c003d5bc>] (warn_slowpath_common) from [<c003d610>] (warn_slowpath_null+0x1c/0x24)
[   20.535461] [<c003d610>] (warn_slowpath_null) from [<c012dfdc>] (exit_mmap+0x1a8/0x21c)
[   20.543853] [<c012dfdc>] (exit_mmap) from [<c003aca4>] (mmput+0x44/0xec)
[   20.550964] [<c003aca4>] (mmput) from [<c01514f4>] (flush_old_exec+0x300/0x5a4)
[   20.558715] [<c01514f4>] (flush_old_exec) from [<c0195eb0>] (load_elf_binary+0x2ec/0x1144)
[   20.567443] [<c0195eb0>] (load_elf_binary) from [<c015102c>] (search_binary_handler+0x88/0x1ac)
[   20.576629] [<c015102c>] (search_binary_handler) from [<c0152098>] (do_execveat_common+0x538/0x6c4)
[   20.586181] [<c0152098>] (do_execveat_common) from [<c0152250>] (do_execve+0x2c/0x34)
[   20.594451] [<c0152250>] (do_execve) from [<c000e5e0>] (ret_fast_syscall+0x0/0x4c)
[   20.602416] ---[ end trace 79b0db1ee6a5a385 ]---
[   20.616638] ------------[ cut here ]------------
[   20.621551] WARNING: CPU: 0 PID: 73 at mm/mmap.c:2859 exit_mmap+0x1a8/0x21c()
[   20.629150] Modules linked in:
[   20.632385] CPU: 0 PID: 73 Comm: ln Tainted: G        W       3.19.0-rc5-next-20150120-00002-g8ef3de6000e3 #1
[   20.642852] Hardware name: Generic OMAP3-GP (Flattened Device Tree)
[   20.649505] [<c00153f0>] (unwind_backtrace) from [<c0011a74>] (show_stack+0x10/0x14)
[   20.657714] [<c0011a74>] (show_stack) from [<c0583f8c>] (dump_stack+0x78/0x94)
[   20.665374] [<c0583f8c>] (dump_stack) from [<c003d5bc>] (warn_slowpath_common+0x7c/0xb4)
[   20.673889] [<c003d5bc>] (warn_slowpath_common) from [<c003d610>] (warn_slowpath_null+0x1c/0x24)
[   20.683197] [<c003d610>] (warn_slowpath_null) from [<c012dfdc>] (exit_mmap+0x1a8/0x21c)
[   20.691650] [<c012dfdc>] (exit_mmap) from [<c003aca4>] (mmput+0x44/0xec)
[   20.698730] [<c003aca4>] (mmput) from [<c003fb70>] (do_exit+0x2b4/0x9b8)
[   20.705841] [<c003fb70>] (do_exit) from [<c00402e8>] (do_group_exit+0x48/0xbc)
[   20.713439] [<c00402e8>] (do_group_exit) from [<c004036c>] (__wake_up_parent+0x0/0x18)
[   20.721801] ---[ end trace 79b0db1ee6a5a386 ]---
/dev/ttyO2 linked to /dev/tty-bd - using as console
[   20.730407] ------------[ cut here ]------------
[   20.737548] WARNING: CPU: 0 PID: 62 at mm/mmap.c:2859 exit_mmap+0x1a8/0x21c()
[   20.745117] Modules linked in:
[   20.748352] CPU: 0 PID: 62 Comm: rc Tainted: G        W       3.19.0-rc5-next-20150120-00002-g8ef3de6000e3 #1
[   20.758819] Hardware name: Generic OMAP3-GP (Flattened Device Tree)
[   20.765502] [<c00153f0>] (unwind_backtrace) from [<c0011a74>] (show_stack+0x10/0x14)
[   20.773681] [<c0011a74>] (show_stack) from [<c0583f8c>] (dump_stack+0x78/0x94)
[   20.781372] [<c0583f8c>] (dump_stack) from [<c003d5bc>] (warn_slowpath_common+0x7c/0xb4)
[   20.789916] [<c003d5bc>] (warn_slowpath_common) from [<c003d610>] (warn_slowpath_null+0x1c/0x24)
[   20.799194] [<c003d610>] (warn_slowpath_null) from [<c012dfdc>] (exit_mmap+0x1a8/0x21c)
[   20.807678] [<c012dfdc>] (exit_mmap) from [<c003aca4>] (mmput+0x44/0xec)
[   20.814758] [<c003aca4>] (mmput) from [<c003fb70>] (do_exit+0x2b4/0x9b8)
[   20.821807] [<c003fb70>] (do_exit) from [<c00402e8>] (do_group_exit+0x48/0xbc)
[   20.829437] [<c00402e8>] (do_group_exit) from [<c004036c>] (__wake_up_parent+0x0/0x18)
[   20.837799] ---[ end trace 79b0db1ee6a5a387 ]---
[   20.865203] ------------[ cut here ]------------
[   20.870117] WARNING: CPU: 0 PID: 75 at mm/mmap.c:2859 exit_mmap+0x1a8/0x21c()
[   20.877746] Modules linked in:
[   20.880981] CPU: 0 PID: 75 Comm: rc Tainted: G        W       3.19.0-rc5-next-20150120-00002-g8ef3de6000e3 #1
[   20.891418] Hardware name: Generic OMAP3-GP (Flattened Device Tree)
[   20.898101] [<c00153f0>] (unwind_backtrace) from [<c0011a74>] (show_stack+0x10/0x14)
[   20.906311] [<c0011a74>] (show_stack) from [<c0583f8c>] (dump_stack+0x78/0x94)
[   20.913940] [<c0583f8c>] (dump_stack) from [<c003d5bc>] (warn_slowpath_common+0x7c/0xb4)
[   20.922485] [<c003d5bc>] (warn_slowpath_common) from [<c003d610>] (warn_slowpath_null+0x1c/0x24)
[   20.931762] [<c003d610>] (warn_slowpath_null) from [<c012dfdc>] (exit_mmap+0x1a8/0x21c)
[   20.940216] [<c012dfdc>] (exit_mmap) from [<c003aca4>] (mmput+0x44/0xec)
[   20.947357] [<c003aca4>] (mmput) from [<c003fb70>] (do_exit+0x2b4/0x9b8)
[   20.954437] [<c003fb70>] (do_exit) from [<c00402e8>] (do_group_exit+0x48/0xbc)
[   20.962036] [<c00402e8>] (do_group_exit) from [<c004036c>] (__wake_up_parent+0x0/0x18)
[   20.970397] ---[ end trace 79b0db1ee6a5a388 ]---
[   20.986267] ------------[ cut here ]------------
[   20.991180] WARNING: CPU: 0 PID: 74 at mm/mmap.c:2859 exit_mmap+0x1a8/0x21c()
[   20.998779] Modules linked in:
[   21.002014] CPU: 0 PID: 74 Comm: rc Tainted: G        W       3.19.0-rc5-next-20150120-00002-g8ef3de6000e3 #1
[   21.012481] Hardware name: Generic OMAP3-GP (Flattened Device Tree)
[   21.019165] [<c00153f0>] (unwind_backtrace) from [<c0011a74>] (show_stack+0x10/0x14)
[   21.027374] [<c0011a74>] (show_stack) from [<c0583f8c>] (dump_stack+0x78/0x94)
[   21.035034] [<c0583f8c>] (dump_stack) from [<c003d5bc>] (warn_slowpath_common+0x7c/0xb4)
[   21.043548] [<c003d5bc>] (warn_slowpath_common) from [<c003d610>] (warn_slowpath_null+0x1c/0x24)
[   21.052825] [<c003d610>] (warn_slowpath_null) from [<c012dfdc>] (exit_mmap+0x1a8/0x21c)
[   21.061309] [<c012dfdc>] (exit_mmap) from [<c003aca4>] (mmput+0x44/0xec)
[   21.068389] [<c003aca4>] (mmput) from [<c003fb70>] (do_exit+0x2b4/0x9b8)
[   21.075500] [<c003fb70>] (do_exit) from [<c00402e8>] (do_group_exit+0x48/0xbc)
[   21.083099] [<c00402e8>] (do_group_exit) from [<c004036c>] (__wake_up_parent+0x0/0x18)
[   21.091461] ---[ end trace 79b0db1ee6a5a389 ]---
[   21.631408] ------------[ cut here ]------------
[   21.636505] WARNING: CPU: 0 PID: 77 at mm/mmap.c:2859 exit_mmap+0x1a8/0x21c()
[   21.644012] Modules linked in:
[   21.647308] CPU: 0 PID: 77 Comm: rc Tainted: G        W       3.19.0-rc5-next-20150120-00002-g8ef3de6000e3 #1
[   21.657775] Hardware name: Generic OMAP3-GP (Flattened Device Tree)
[   21.664428] [<c00153f0>] (unwind_backtrace) from [<c0011a74>] (show_stack+0x10/0x14)
[   21.672607] [<c0011a74>] (show_stack) from [<c0583f8c>] (dump_stack+0x78/0x94)
[   21.680267] [<c0583f8c>] (dump_stack) from [<c003d5bc>] (warn_slowpath_common+0x7c/0xb4)
[   21.688812] [<c003d5bc>] (warn_slowpath_common) from [<c003d610>] (warn_slowpath_null+0x1c/0x24)
[   21.698089] [<c003d610>] (warn_slowpath_null) from [<c012dfdc>] (exit_mmap+0x1a8/0x21c)
[   21.706573] [<c012dfdc>] (exit_mmap) from [<c003aca4>] (mmput+0x44/0xec)
[   21.713653] [<c003aca4>] (mmput) from [<c01514f4>] (flush_old_exec+0x300/0x5a4)
[   21.721405] [<c01514f4>] (flush_old_exec) from [<c0195eb0>] (load_elf_binary+0x2ec/0x1144)
[   21.730163] [<c0195eb0>] (load_elf_binary) from [<c015102c>] (search_binary_handler+0x88/0x1ac)
[   21.739349] [<c015102c>] (search_binary_handler) from [<c0152098>] (do_execveat_common+0x538/0x6c4)
[   21.748901] [<c0152098>] (do_execveat_common) from [<c0152250>] (do_execve+0x2c/0x34)
[   21.757202] [<c0152250>] (do_execve) from [<c000e5e0>] (ret_fast_syscall+0x0/0x4c)
[   21.765197] ---[ end trace 79b0db1ee6a5a38a ]---
[   21.780487] ------------[ cut here ]------------
[   21.785552] WARNING: CPU: 0 PID: 77 at mm/mmap.c:2859 exit_mmap+0x1a8/0x21c()
[   21.793060] Modules linked in:
[   21.796356] CPU: 0 PID: 77 Comm: grep Tainted: G        W       3.19.0-rc5-next-20150120-00002-g8ef3de6000e3 #1
[   21.807006] Hardware name: Generic OMAP3-GP (Flattened Device Tree)
[   21.813629] [<c00153f0>] (unwind_backtrace) from [<c0011a74>] (show_stack+0x10/0x14)
[   21.821868] [<c0011a74>] (show_stack) from [<c0583f8c>] (dump_stack+0x78/0x94)
[   21.829528] [<c0583f8c>] (dump_stack) from [<c003d5bc>] (warn_slowpath_common+0x7c/0xb4)
[   21.838073] [<c003d5bc>] (warn_slowpath_common) from [<c003d610>] (warn_slowpath_null+0x1c/0x24)
[   21.847351] [<c003d610>] (warn_slowpath_null) from [<c012dfdc>] (exit_mmap+0x1a8/0x21c)
[   21.855865] [<c012dfdc>] (exit_mmap) from [<c003aca4>] (mmput+0x44/0xec)
[   21.862945] [<c003aca4>] (mmput) from [<c003fb70>] (do_exit+0x2b4/0x9b8)
[   21.870025] [<c003fb70>] (do_exit) from [<c00402e8>] (do_group_exit+0x48/0xbc)
[   21.877655] [<c00402e8>] (do_group_exit) from [<c004036c>] (__wake_up_parent+0x0/0x18)
[   21.886016] ---[ end trace 79b0db1ee6a5a38b ]---
[   21.902648] ------------[ cut here ]------------
[   21.907684] WARNING: CPU: 0 PID: 78 at mm/mmap.c:2859 exit_mmap+0x1a8/0x21c()
[   21.915252] Modules linked in:
[   21.918487] CPU: 0 PID: 78 Comm: rc Tainted: G        W       3.19.0-rc5-next-20150120-00002-g8ef3de6000e3 #1
[   21.928924] Hardware name: Generic OMAP3-GP (Flattened Device Tree)
[   21.935607] [<c00153f0>] (unwind_backtrace) from [<c0011a74>] (show_stack+0x10/0x14)
[   21.943756] [<c0011a74>] (show_stack) from [<c0583f8c>] (dump_stack+0x78/0x94)
[   21.951416] [<c0583f8c>] (dump_stack) from [<c003d5bc>] (warn_slowpath_common+0x7c/0xb4)
[   21.959960] [<c003d5bc>] (warn_slowpath_common) from [<c003d610>] (warn_slowpath_null+0x1c/0x24)
[   21.969268] [<c003d610>] (warn_slowpath_null) from [<c012dfdc>] (exit_mmap+0x1a8/0x21c)
[   21.977722] [<c012dfdc>] (exit_mmap) from [<c003aca4>] (mmput+0x44/0xec)
[   21.984802] [<c003aca4>] (mmput) from [<c01514f4>] (flush_old_exec+0x300/0x5a4)
[   21.992523] [<c01514f4>] (flush_old_exec) from [<c0195eb0>] (load_elf_binary+0x2ec/0x1144)
[   22.001281] [<c0195eb0>] (load_elf_binary) from [<c015102c>] (search_binary_handler+0x88/0x1ac)
[   22.010498] [<c015102c>] (search_binary_handler) from [<c0152098>] (do_execveat_common+0x538/0x6c4)
[   22.020050] [<c0152098>] (do_execveat_common) from [<c0152250>] (do_execve+0x2c/0x34)
[   22.028320] [<c0152250>] (do_execve) from [<c000e5e0>] (ret_fast_syscall+0x0/0x4c)
[   22.036315] ---[ end trace 79b0db1ee6a5a38c ]---
[   22.052368] ------------[ cut here ]------------
[   22.057434] WARNING: CPU: 0 PID: 78 at mm/mmap.c:2859 exit_mmap+0x1a8/0x21c()
[   22.064971] Modules linked in:
[   22.068206] CPU: 0 PID: 78 Comm: mount Tainted: G        W       3.19.0-rc5-next-20150120-00002-g8ef3de6000e3 #1
[   22.078918] Hardware name: Generic OMAP3-GP (Flattened Device Tree)
[   22.085601] [<c00153f0>] (unwind_backtrace) from [<c0011a74>] (show_stack+0x10/0x14)
[   22.093749] [<c0011a74>] (show_stack) from [<c0583f8c>] (dump_stack+0x78/0x94)
[   22.101409] [<c0583f8c>] (dump_stack) from [<c003d5bc>] (warn_slowpath_common+0x7c/0xb4)
[   22.109954] [<c003d5bc>] (warn_slowpath_common) from [<c003d610>] (warn_slowpath_null+0x1c/0x24)
[   22.119232] [<c003d610>] (warn_slowpath_null) from [<c012dfdc>] (exit_mmap+0x1a8/0x21c)
[   22.127685] [<c012dfdc>] (exit_mmap) from [<c003aca4>] (mmput+0x44/0xec)
[   22.134765] [<c003aca4>] (mmput) from [<c003fb70>] (do_exit+0x2b4/0x9b8)
[   22.141815] [<c003fb70>] (do_exit) from [<c00402e8>] (do_group_exit+0x48/0xbc)
[   22.149444] [<c00402e8>] (do_group_exit) from [<c004036c>] (__wake_up_parent+0x0/0x18)
[   22.157806] ---[ end trace 79b0db1ee6a5a38d ]---
[   22.172729] ------------[ cut here ]------------
[   22.177795] WARNING: CPU: 0 PID: 79 at mm/mmap.c:2859 exit_mmap+0x1a8/0x21c()
[   22.185333] Modules linked in:
[   22.188568] CPU: 0 PID: 79 Comm: rc Tainted: G        W       3.19.0-rc5-next-20150120-00002-g8ef3de6000e3 #1
[   22.199035] Hardware name: Generic OMAP3-GP (Flattened Device Tree)
[   22.205688] [<c00153f0>] (unwind_backtrace) from [<c0011a74>] (show_stack+0x10/0x14)
[   22.213867] [<c0011a74>] (show_stack) from [<c0583f8c>] (dump_stack+0x78/0x94)
[   22.221527] [<c0583f8c>] (dump_stack) from [<c003d5bc>] (warn_slowpath_common+0x7c/0xb4)
[   22.230072] [<c003d5bc>] (warn_slowpath_common) from [<c003d610>] (warn_slowpath_null+0x1c/0x24)
[   22.239349] [<c003d610>] (warn_slowpath_null) from [<c012dfdc>] (exit_mmap+0x1a8/0x21c)
[   22.247833] [<c012dfdc>] (exit_mmap) from [<c003aca4>] (mmput+0x44/0xec)
[   22.254913] [<c003aca4>] (mmput) from [<c01514f4>] (flush_old_exec+0x300/0x5a4)
[   22.262634] [<c01514f4>] (flush_old_exec) from [<c0195eb0>] (load_elf_binary+0x2ec/0x1144)
[   22.271362] [<c0195eb0>] (load_elf_binary) from [<c015102c>] (search_binary_handler+0x88/0x1ac)
[   22.280548] [<c015102c>] (search_binary_handler) from [<c0152098>] (do_execveat_common+0x538/0x6c4)
[   22.290100] [<c0152098>] (do_execveat_common) from [<c0152250>] (do_execve+0x2c/0x34)
[   22.298400] [<c0152250>] (do_execve) from [<c000e5e0>] (ret_fast_syscall+0x0/0x4c)
[   22.306396] ---[ end trace 79b0db1ee6a5a38e ]---
[   22.321533] ------------[ cut here ]------------
[   22.326629] WARNING: CPU: 0 PID: 79 at mm/mmap.c:2859 exit_mmap+0x1a8/0x21c()
[   22.334136] Modules linked in:
[   22.337432] CPU: 0 PID: 79 Comm: grep Tainted: G        W       3.19.0-rc5-next-20150120-00002-g8ef3de6000e3 #1
[   22.348052] Hardware name: Generic OMAP3-GP (Flattened Device Tree)
[   22.354736] [<c00153f0>] (unwind_backtrace) from [<c0011a74>] (show_stack+0x10/0x14)
[   22.362915] [<c0011a74>] (show_stack) from [<c0583f8c>] (dump_stack+0x78/0x94)
[   22.370574] [<c0583f8c>] (dump_stack) from [<c003d5bc>] (warn_slowpath_common+0x7c/0xb4)
[   22.379119] [<c003d5bc>] (warn_slowpath_common) from [<c003d610>] (warn_slowpath_null+0x1c/0x24)
[   22.388397] [<c003d610>] (warn_slowpath_null) from [<c012dfdc>] (exit_mmap+0x1a8/0x21c)
[   22.396850] [<c012dfdc>] (exit_mmap) from [<c003aca4>] (mmput+0x44/0xec)
[   22.403930] [<c003aca4>] (mmput) from [<c003fb70>] (do_exit+0x2b4/0x9b8)
[   22.411010] [<c003fb70>] (do_exit) from [<c00402e8>] (do_group_exit+0x48/0xbc)
[   22.418670] [<c00402e8>] (do_group_exit) from [<c004036c>] (__wake_up_parent+0x0/0x18)
[   22.427032] ---[ end trace 79b0db1ee6a5a38f ]---
[   22.440399] ------------[ cut here ]------------
[   22.445465] WARNING: CPU: 0 PID: 80 at mm/mmap.c:2859 exit_mmap+0x1a8/0x21c()
[   22.452972] Modules linked in:
[   22.456268] CPU: 0 PID: 80 Comm: rc Tainted: G        W       3.19.0-rc5-next-20150120-00002-g8ef3de6000e3 #1
[   22.466705] Hardware name: Generic OMAP3-GP (Flattened Device Tree)
[   22.473327] [<c00153f0>] (unwind_backtrace) from [<c0011a74>] (show_stack+0x10/0x14)
[   22.481536] [<c0011a74>] (show_stack) from [<c0583f8c>] (dump_stack+0x78/0x94)
[   22.489196] [<c0583f8c>] (dump_stack) from [<c003d5bc>] (warn_slowpath_common+0x7c/0xb4)
[   22.497741] [<c003d5bc>] (warn_slowpath_common) from [<c003d610>] (warn_slowpath_null+0x1c/0x24)
[   22.507049] [<c003d610>] (warn_slowpath_null) from [<c012dfdc>] (exit_mmap+0x1a8/0x21c)
[   22.515472] [<c012dfdc>] (exit_mmap) from [<c003aca4>] (mmput+0x44/0xec)
[   22.522583] [<c003aca4>] (mmput) from [<c01514f4>] (flush_old_exec+0x300/0x5a4)
[   22.530334] [<c01514f4>] (flush_old_exec) from [<c0195eb0>] (load_elf_binary+0x2ec/0x1144)
[   22.539062] [<c0195eb0>] (load_elf_binary) from [<c015102c>] (search_binary_handler+0x88/0x1ac)
[   22.548248] [<c015102c>] (search_binary_handler) from [<c0152098>] (do_execveat_common+0x538/0x6c4)
[   22.557800] [<c0152098>] (do_execveat_common) from [<c0152250>] (do_execve+0x2c/0x34)
