- 05:37:03 [INFO] Starting target session
- 05:37:07 [INFO] Connected to beagleboard via serial 
- 05:37:07 [INFO] Host: #check prompt
- 05:37:10 [ERROR] On command: #check prompt waiting for #check prompt.+?(?-mix:((?-mix:.*\s+login)|[Pp]assword)) >>> error: execution expired
- 05:37:10 [INFO] Target: 
#check prompt
root@beagleboard:/test# 
- 05:37:10 [INFO] Host: #check prompt
- 05:37:10 [INFO] Target: 
#check prompt
root@beagleboard:/test# 
- 05:37:10 [INFO] Host: sync;poweroff
- 05:37:23 [INFO] Target: 
sync;poweroff
INIT: Switching to runlevel:Broadcast message from root@beagleboard (ttyO2) (Thu Apr 16 03:3
INIT: Sending processes the TERM signal
root@beagleboard:/test# 
INIT: Sending processeStopping syslogd/klogd: stopped syslogd (pid 1174)
stopped klogd (pid 1177)
done
Deconfiguring network interfaces... ifdown: interface eth0 not configured
ifdown: interface usb0 not configured
done.
Sending all processes the TERM signal...
Sending all processes the KILL signal...
Unmounting remote filesystems...
Deactivating swap...
Unmounting local filesystems...
[ 6165.731475] reboot: System halted
- 05:37:23 [INFO] Disconnected serial from beagleboard
- 05:37:47 [INFO] Connected to beagleboard via serial 
- 05:37:48 [INFO] Host: 
- 05:37:50 [INFO] Target: 
U-Boot# 
U-Boot# 
U-Boot# 
U-Boot# 
U-Boot# 
U-Boot# 
U-Boot# 
U-Boot# 
U-Boot# 
- 05:37:50 [INFO] Host: 
- 05:37:50 [INFO] Target: 
U-Boot# 
- 05:37:50 [INFO] Host: version
- 05:37:50 [INFO] Target: 
version
U-Boot 2014.10-00004-g9ade0ab (Dec 05 2014 - 14:01:52)
arm-linux-gnueabi-gcc (Ubuntu/Linaro 4.6.3-1ubuntu5) 4.6.3
GNU ld (GNU Binutils for Ubuntu) 2.22
U-Boot# 
- 05:37:50 [INFO] Host: setenv bootargs 'console=ttyO2,115200n8  earlyprintk rootwait '
- 05:37:50 [INFO] Target: 
setenv bootargs 'console=ttyO2,115200n8  earlyprintk rootwait '
U-Boot# 
- 05:37:50 [INFO] Host: setenv bootcmd  ''
- 05:37:50 [INFO] Target: 
setenv bootcmd  ''
U-Boot# 
- 05:37:50 [INFO] Host: setenv autoload 'no'
- 05:37:50 [INFO] Target: 
setenv autoload 'no'
U-Boot# 
- 05:37:50 [INFO] Host: setenv serverip '192.168.1.254'
- 05:37:51 [INFO] Target: 
setenv serverip '192.168.1.254'
U-Boot# 
- 05:37:51 [INFO] Host: printenv
- 05:37:51 [INFO] Target: 
printenv
arch=arm
autoload=no
baudrate=115200
beaglerev=xMC
board=beagle
board_name=beagle
bootargs=console=ttyO2,115200n8  earlyprintk rootwait 
bootcmd=
bootdelay=1
bootdir=/boot
bootenv=uEnv.txt
bootfile=uImage
bootm_size=0x08000000
bootpart=0:2
bootscript=echo Running bootscript from mmc${mmcdev} ...; source ${loadaddr}
buddy=none
camera=none
console=ttyO2,115200n8
cpu=armv7
defaultdisplay=dvi
dieid#=586000029ff80000016830101700b01f
dvimode=640x480MR-16@60
ethact=usb_ether
fdtaddr=0x80f80000
findfdt=if test $beaglerev = AxBx; then setenv fdtfile omap3-beagle.dtb; fi; if test $beaglerev = Cx; then setenv fdtfile omap3-beagle.dtb; fi; if test $beaglerev = C4; then setenv fdtfile omap3-beagle.dtb; fi; if test $beaglerev = xMAB; then setenv fdtfile omap3-beagle-xm-ab.dtb; fi; if test $beaglerev = xMC; then setenv fdtfile omap3-beagle-xm.dtb; fi; if test $fdtfile = undefined; then echo WARNING: Could not determine device tree to use; fi; 
importbootenv=echo Importing environment from mmc ...; env import -t -r $loadaddr $filesize
loadaddr=0x80200000
loadbootenv=fatload mmc ${mmcdev} ${loadaddr} ${bootenv}
loadbootscript=load mmc ${mmcdev} ${loadaddr} boot.scr
loadfdt=run validatefdt; load mmc ${bootpart} ${fdtaddr} ${bootdir}/${fdtfile}
loadimage=load mmc ${bootpart} ${loadaddr} ${bootdir}/${bootfile}
loadramdisk=load mmc ${bootpart} ${rdaddr} ${bootdir}/${ramdisk}
mmcargs=setenv bootargs console=${console} ${optargs} mpurate=${mpurate} buddy=${buddy} camera=${camera} vram=${vram} omapfb.mode=dvi:${dvimode} omapdss.def_disp=${defaultdisplay} root=${mmcroot} rootfstype=${mmcrootfstype}
mmcboot=echo Booting from mmc ...; run mmcargs; bootm ${loadaddr}
mmcbootz=echo Booting with DT from mmc${mmcdev} ...; run mmcargs; bootz ${loadaddr} - ${fdtaddr}
mmcdev=0
mmcroot=/dev/mmcblk0p2 rw
mmcrootfstype=ext3 rootwait
mpurate=auto
nandargs=setenv bootargs console=${console} ${optargs} mpurate=${mpurate} buddy=${buddy} camera=${camera} vram=${vram} omapfb.mode=dvi:${dvimode} omapdss.def_disp=${defaultdisplay} root=${nandroot} rootfstype=${nandrootfstype}
nandboot=echo Booting from nand ...; run nandargs; nand read ${loadaddr} 280000 400000; bootm ${loadaddr}
nandroot=ubi0:rootfs ubi.mtd=4
nandrootfstype=ubifs
ramargs=setenv bootargs console=${console} ${optargs} mpurate=${mpurate} buddy=${buddy} vram=${vram} omapfb.mode=dvi:${dvimode} omapdss.def_disp=${defaultdisplay} root=${ramroot} rootfstype=${ramrootfstype}
ramboot=echo Booting from ramdisk ...; run ramargs; bootm ${loadaddr}
ramdisk=ramdisk.gz
ramroot=/dev/ram0 rw ramdisk_size=65536 initrd=0x81000000,64M
ramrootfstype=ext2
rdaddr=0x81000000
serverip=192.168.1.254
soc=omap3
stderr=serial
stdin=serial
stdout=serial
usbethaddr=02:1f:10:00:02:00
usbtty=cdc_acm
userbutton=if gpio input 173; then run userbutton_xm; else run userbutton_nonxm; fi;
userbutton_nonxm=gpio input 7;
userbutton_xm=gpio input 4;
validatefdt=if test $beaglerev = xMAB; then if test ! -e mmc ${bootpart} ${bootdir}/${fdtfile}; then setenv fdtfile omap3-beagle-xm.dtb; fi; fi; 
vendor=ti
ver=U-Boot 2014.10-00004-g9ade0ab (Dec 05 2014 - 14:01:52)
vram=12M
Environment size: 3233/131068 bytes
U-Boot# 
- 05:37:51 [INFO] Host: dcache off
- 05:37:51 [INFO] Target: 
dcache off
U-Boot# 
- 05:37:51 [INFO] Host: usb start
- 05:37:55 [INFO] Target: 
usb start
(Re)start USB...
USB0:   USB EHCI 1.00
scanning bus 0 for devices... 3 USB Device(s) found
       scanning usb for storage devices... 0 Storage Device(s) found
       scanning usb for ethernet devices... 1 Ethernet Device(s) found
U-Boot# 
- 05:37:55 [INFO] Host: printenv
- 05:37:55 [INFO] Target: 
printenv
arch=arm
autoload=no
baudrate=115200
beaglerev=xMC
board=beagle
board_name=beagle
bootargs=console=ttyO2,115200n8  earlyprintk rootwait 
bootcmd=
bootdelay=1
bootdir=/boot
bootenv=uEnv.txt
bootfile=uImage
bootm_size=0x08000000
bootpart=0:2
bootscript=echo Running bootscript from mmc${mmcdev} ...; source ${loadaddr}
buddy=none
camera=none
console=ttyO2,115200n8
cpu=armv7
defaultdisplay=dvi
dieid#=586000029ff80000016830101700b01f
dvimode=640x480MR-16@60
ethact=usb_ether
fdtaddr=0x80f80000
findfdt=if test $beaglerev = AxBx; then setenv fdtfile omap3-beagle.dtb; fi; if test $beaglerev = Cx; then setenv fdtfile omap3-beagle.dtb; fi; if test $beaglerev = C4; then setenv fdtfile omap3-beagle.dtb; fi; if test $beaglerev = xMAB; then setenv fdtfile omap3-beagle-xm-ab.dtb; fi; if test $beaglerev = xMC; then setenv fdtfile omap3-beagle-xm.dtb; fi; if test $fdtfile = undefined; then echo WARNING: Could not determine device tree to use; fi; 
importbootenv=echo Importing environment from mmc ...; env import -t -r $loadaddr $filesize
loadaddr=0x80200000
loadbootenv=fatload mmc ${mmcdev} ${loadaddr} ${bootenv}
loadbootscript=load mmc ${mmcdev} ${loadaddr} boot.scr
loadfdt=run validatefdt; load mmc ${bootpart} ${fdtaddr} ${bootdir}/${fdtfile}
loadimage=load mmc ${bootpart} ${loadaddr} ${bootdir}/${bootfile}
loadramdisk=load mmc ${bootpart} ${rdaddr} ${bootdir}/${ramdisk}
mmcargs=setenv bootargs console=${console} ${optargs} mpurate=${mpurate} buddy=${buddy} camera=${camera} vram=${vram} omapfb.mode=dvi:${dvimode} omapdss.def_disp=${defaultdisplay} root=${mmcroot} rootfstype=${mmcrootfstype}
mmcboot=echo Booting from mmc ...; run mmcargs; bootm ${loadaddr}
mmcbootz=echo Booting with DT from mmc${mmcdev} ...; run mmcargs; bootz ${loadaddr} - ${fdtaddr}
mmcdev=0
mmcroot=/dev/mmcblk0p2 rw
mmcrootfstype=ext3 rootwait
mpurate=auto
nandargs=setenv bootargs console=${console} ${optargs} mpurate=${mpurate} buddy=${buddy} camera=${camera} vram=${vram} omapfb.mode=dvi:${dvimode} omapdss.def_disp=${defaultdisplay} root=${nandroot} rootfstype=${nandrootfstype}
nandboot=echo Booting from nand ...; run nandargs; nand read ${loadaddr} 280000 400000; bootm ${loadaddr}
nandroot=ubi0:rootfs ubi.mtd=4
nandrootfstype=ubifs
ramargs=setenv bootargs console=${console} ${optargs} mpurate=${mpurate} buddy=${buddy} vram=${vram} omapfb.mode=dvi:${dvimode} omapdss.def_disp=${defaultdisplay} root=${ramroot} rootfstype=${ramrootfstype}
ramboot=echo Booting from ramdisk ...; run ramargs; bootm ${loadaddr}
ramdisk=ramdisk.gz
ramroot=/dev/ram0 rw ramdisk_size=65536 initrd=0x81000000,64M
ramrootfstype=ext2
rdaddr=0x81000000
serverip=192.168.1.254
soc=omap3
stderr=serial
stdin=serial
stdout=serial
usbethaddr=02:1f:10:00:02:00
usbtty=cdc_acm
userbutton=if gpio input 173; then run userbutton_xm; else run userbutton_nonxm; fi;
userbutton_nonxm=gpio input 7;
userbutton_xm=gpio input 4;
validatefdt=if test $beaglerev = xMAB; then if test ! -e mmc ${bootpart} ${bootdir}/${fdtfile}; then setenv fdtfile omap3-beagle-xm.dtb; fi; fi; 
vendor=ti
ver=U-Boot 2014.10-00004-g9ade0ab (Dec 05 2014 - 14:01:52)
vram=12M
Environment size: 3233/131068 bytes
U-Boot# 
- 05:37:55 [INFO] Host: setenv bootargs ''${bootargs}' ip=:::::eth0:dhcp '
- 05:37:55 [INFO] Target: 
setenv bootargs ''${bootargs}' ip=:::::eth0:dhcp '
U-Boot# 
- 05:37:55 [INFO] Host: setenv serverip '192.168.1.254'
- 05:37:56 [INFO] Target: 
setenv serverip '192.168.1.254'
U-Boot# 
- 05:37:56 [INFO] Host: setenv autoload 'no'
- 05:37:56 [INFO] Target: 
setenv autoload 'no'
U-Boot# 
- 05:37:56 [INFO] Host: dhcp
- 05:37:58 [INFO] Target: 
dhcp
ERROR: Need valid 'usbnet_devaddr' to be set
at drivers/usb/gadget/ether.c:2357/usb_eth_init()
Waiting for Ethernet connection... done.
BOOTP broadcast 1
BOOTP broadcast 2
DHCP client bound to address 192.168.1.168 (1053 ms)
U-Boot# 
- 05:37:58 [INFO] Host: tftp ${loadaddr} 192.168.1.254:vatf_beagleboard-xm/1839329718a512497869e8fb618e2582
- 05:38:07 [INFO] Target: 
tftp ${loadaddr} 192.168.1.254:vatf_beagleboard-xm/1839329718a512497869e8fb618e2582
Waiting for Ethernet connection... done.
Using sms0 device
TFTP from server 192.168.1.254; our IP address is 192.168.1.168
Filename 'vatf_beagleboard-xm/1839329718a512497869e8fb618e2582'.
Load address: 0x80200000
Loading: *#T ################################################################
	 #################################################################
	 #################################################################
	 ##################################################
	 468.8 KiB/s
done
Bytes transferred = 3586848 (36bb20 hex)
U-Boot# 
- 05:38:07 [INFO] Host: tftp ${fdtaddr} 192.168.1.254:vatf_beagleboard-xm/8912bcffdaf3a8c00b02042777c2873a
- 05:38:14 [INFO] Target: 
tftp ${fdtaddr} 192.168.1.254:vatf_beagleboard-xm/8912bcffdaf3a8c00b02042777c2873a
Waiting for Ethernet connection... done.
Using sms0 device
TFTP from server 192.168.1.254; our IP address is 192.168.1.168
Filename 'vatf_beagleboard-xm/8912bcffdaf3a8c00b02042777c2873a'.
Load address: 0x80f80000
Loading: *#T ####
	 11.7 KiB/s
done
Bytes transferred = 63252 (f714 hex)
U-Boot# 
- 05:38:14 [INFO] Host: ls mmc 0:1
- 05:38:15 [INFO] Target: 
ls mmc 0:1
    50564   mlo 
   392660   u-boot.img 
        4   ws-calibrate.rules 
3 file(s), 0 dir(s)
U-Boot# 
- 05:38:15 [INFO] Host: ls mmc 0:2
- 05:38:15 [INFO] Target: 
ls mmc 0:2
<DIR>       4096 .
<DIR>       4096 ..
<DIR>      16384 lost+found
<DIR>       4096 bin
<DIR>       4096 boot
<SYM>         37 cpufreq
<SYM>         37 cpuidle
<DIR>       4096 dev
<DIR>       4096 etc
<DIR>       4096 home
<DIR>       4096 lib
<DIR>       4096 media
<DIR>       4096 mnt
<DIR>       4096 opt
<DIR>       4096 proc
<SYM>          8 run
<DIR>       4096 sbin
<DIR>       4096 srv
<DIR>       4096 sys
<SYM>          8 tmp
<DIR>       4096 usr
<DIR>       4096 var
<DIR>       4096 www
<DIR>       4096 test
<DIR>       4096 autofs
U-Boot# 
- 05:38:15 [INFO] Host: part uuid mmc 0:2
- 05:38:15 [INFO] Target: 
part uuid mmc 0:2
Unknown command 'part' - try 'help'
U-Boot# 
- 05:38:15 [INFO] Host: printenv
- 05:38:15 [INFO] Target: 
printenv
arch=arm
autoload=no
baudrate=115200
beaglerev=xMC
board=beagle
board_name=beagle
bootargs=console=ttyO2,115200n8  earlyprintk rootwait  ip=:::::eth0:dhcp 
bootcmd=
bootdelay=1
bootdir=/boot
bootenv=uEnv.txt
bootfile=uImage
bootm_size=0x08000000
bootpart=0:2
bootscript=echo Running bootscript from mmc${mmcdev} ...; source ${loadaddr}
buddy=none
camera=none
console=ttyO2,115200n8
cpu=armv7
defaultdisplay=dvi
dieid#=586000029ff80000016830101700b01f
dnsip=192.0.2.2
dvimode=640x480MR-16@60
ethact=sms0
fdtaddr=0x80f80000
fileaddr=80f80000
filesize=f714
findfdt=if test $beaglerev = AxBx; then setenv fdtfile omap3-beagle.dtb; fi; if test $beaglerev = Cx; then setenv fdtfile omap3-beagle.dtb; fi; if test $beaglerev = C4; then setenv fdtfile omap3-beagle.dtb; fi; if test $beaglerev = xMAB; then setenv fdtfile omap3-beagle-xm-ab.dtb; fi; if test $beaglerev = xMC; then setenv fdtfile omap3-beagle-xm.dtb; fi; if test $fdtfile = undefined; then echo WARNING: Could not determine device tree to use; fi; 
gatewayip=192.168.1.254
importbootenv=echo Importing environment from mmc ...; env import -t -r $loadaddr $filesize
ipaddr=192.168.1.168
loadaddr=0x80200000
loadbootenv=fatload mmc ${mmcdev} ${loadaddr} ${bootenv}
loadbootscript=load mmc ${mmcdev} ${loadaddr} boot.scr
loadfdt=run validatefdt; load mmc ${bootpart} ${fdtaddr} ${bootdir}/${fdtfile}
loadimage=load mmc ${bootpart} ${loadaddr} ${bootdir}/${bootfile}
loadramdisk=load mmc ${bootpart} ${rdaddr} ${bootdir}/${ramdisk}
mmcargs=setenv bootargs console=${console} ${optargs} mpurate=${mpurate} buddy=${buddy} camera=${camera} vram=${vram} omapfb.mode=dvi:${dvimode} omapdss.def_disp=${defaultdisplay} root=${mmcroot} rootfstype=${mmcrootfstype}
mmcboot=echo Booting from mmc ...; run mmcargs; bootm ${loadaddr}
mmcbootz=echo Booting with DT from mmc${mmcdev} ...; run mmcargs; bootz ${loadaddr} - ${fdtaddr}
mmcdev=0
mmcroot=/dev/mmcblk0p2 rw
mmcrootfstype=ext3 rootwait
mpurate=auto
nandargs=setenv bootargs console=${console} ${optargs} mpurate=${mpurate} buddy=${buddy} camera=${camera} vram=${vram} omapfb.mode=dvi:${dvimode} omapdss.def_disp=${defaultdisplay} root=${nandroot} rootfstype=${nandrootfstype}
nandboot=echo Booting from nand ...; run nandargs; nand read ${loadaddr} 280000 400000; bootm ${loadaddr}
nandroot=ubi0:rootfs ubi.mtd=4
nandrootfstype=ubifs
netmask=255.255.255.0
ramargs=setenv bootargs console=${console} ${optargs} mpurate=${mpurate} buddy=${buddy} vram=${vram} omapfb.mode=dvi:${dvimode} omapdss.def_disp=${defaultdisplay} root=${ramroot} rootfstype=${ramrootfstype}
ramboot=echo Booting from ramdisk ...; run ramargs; bootm ${loadaddr}
ramdisk=ramdisk.gz
ramroot=/dev/ram0 rw ramdisk_size=65536 initrd=0x81000000,64M
ramrootfstype=ext2
rdaddr=0x81000000
serverip=192.168.1.254
soc=omap3
stderr=serial
stdin=serial
stdout=serial
usbethaddr=02:1f:10:00:02:00
usbtty=cdc_acm
userbutton=if gpio input 173; then run userbutton_xm; else run userbutton_nonxm; fi;
userbutton_nonxm=gpio input 7;
userbutton_xm=gpio input 4;
validatefdt=if test $beaglerev = xMAB; then if test ! -e mmc ${bootpart} ${bootdir}/${fdtfile}; then setenv fdtfile omap3-beagle-xm.dtb; fi; fi; 
vendor=ti
ver=U-Boot 2014.10-00004-g9ade0ab (Dec 05 2014 - 14:01:52)
vram=12M
Environment size: 3374/131068 bytes
U-Boot# 
- 05:38:15 [INFO] Host: setenv bootargs ''${bootargs}' root=/dev/mmcblk0p2 rw rootfstype=ext3 rootwait '
- 05:38:15 [INFO] Target: 
setenv bootargs ''${bootargs}' root=/dev/mmcblk0p2 rw rootfstype=ext3 rootwait '
U-Boot# 
- 05:38:15 [INFO] Host: printenv
- 05:38:16 [INFO] Target: 
printenv
arch=arm
autoload=no
baudrate=115200
beaglerev=xMC
board=beagle
board_name=beagle
bootargs=console=ttyO2,115200n8  earlyprintk rootwait  ip=:::::eth0:dhcp  root=/dev/mmcblk0p2 rw rootfstype=ext3 rootwait 
bootcmd=
bootdelay=1
bootdir=/boot
bootenv=uEnv.txt
bootfile=uImage
bootm_size=0x08000000
bootpart=0:2
bootscript=echo Running bootscript from mmc${mmcdev} ...; source ${loadaddr}
buddy=none
camera=none
console=ttyO2,115200n8
cpu=armv7
defaultdisplay=dvi
dieid#=586000029ff80000016830101700b01f
dnsip=192.0.2.2
dvimode=640x480MR-16@60
ethact=sms0
fdtaddr=0x80f80000
fileaddr=80f80000
filesize=f714
findfdt=if test $beaglerev = AxBx; then setenv fdtfile omap3-beagle.dtb; fi; if test $beaglerev = Cx; then setenv fdtfile omap3-beagle.dtb; fi; if test $beaglerev = C4; then setenv fdtfile omap3-beagle.dtb; fi; if test $beaglerev = xMAB; then setenv fdtfile omap3-beagle-xm-ab.dtb; fi; if test $beaglerev = xMC; then setenv fdtfile omap3-beagle-xm.dtb; fi; if test $fdtfile = undefined; then echo WARNING: Could not determine device tree to use; fi; 
gatewayip=192.168.1.254
importbootenv=echo Importing environment from mmc ...; env import -t -r $loadaddr $filesize
ipaddr=192.168.1.168
loadaddr=0x80200000
loadbootenv=fatload mmc ${mmcdev} ${loadaddr} ${bootenv}
loadbootscript=load mmc ${mmcdev} ${loadaddr} boot.scr
loadfdt=run validatefdt; load mmc ${bootpart} ${fdtaddr} ${bootdir}/${fdtfile}
loadimage=load mmc ${bootpart} ${loadaddr} ${bootdir}/${bootfile}
loadramdisk=load mmc ${bootpart} ${rdaddr} ${bootdir}/${ramdisk}
mmcargs=setenv bootargs console=${console} ${optargs} mpurate=${mpurate} buddy=${buddy} camera=${camera} vram=${vram} omapfb.mode=dvi:${dvimode} omapdss.def_disp=${defaultdisplay} root=${mmcroot} rootfstype=${mmcrootfstype}
mmcboot=echo Booting from mmc ...; run mmcargs; bootm ${loadaddr}
mmcbootz=echo Booting with DT from mmc${mmcdev} ...; run mmcargs; bootz ${loadaddr} - ${fdtaddr}
mmcdev=0
mmcroot=/dev/mmcblk0p2 rw
mmcrootfstype=ext3 rootwait
mpurate=auto
nandargs=setenv bootargs console=${console} ${optargs} mpurate=${mpurate} buddy=${buddy} camera=${camera} vram=${vram} omapfb.mode=dvi:${dvimode} omapdss.def_disp=${defaultdisplay} root=${nandroot} rootfstype=${nandrootfstype}
nandboot=echo Booting from nand ...; run nandargs; nand read ${loadaddr} 280000 400000; bootm ${loadaddr}
nandroot=ubi0:rootfs ubi.mtd=4
nandrootfstype=ubifs
netmask=255.255.255.0
ramargs=setenv bootargs console=${console} ${optargs} mpurate=${mpurate} buddy=${buddy} vram=${vram} omapfb.mode=dvi:${dvimode} omapdss.def_disp=${defaultdisplay} root=${ramroot} rootfstype=${ramrootfstype}
ramboot=echo Booting from ramdisk ...; run ramargs; bootm ${loadaddr}
ramdisk=ramdisk.gz
ramroot=/dev/ram0 rw ramdisk_size=65536 initrd=0x81000000,64M
ramrootfstype=ext2
rdaddr=0x81000000
serverip=192.168.1.254
soc=omap3
stderr=serial
stdin=serial
stdout=serial
usbethaddr=02:1f:10:00:02:00
usbtty=cdc_acm
userbutton=if gpio input 173; then run userbutton_xm; else run userbutton_nonxm; fi;
userbutton_nonxm=gpio input 7;
userbutton_xm=gpio input 4;
validatefdt=if test $beaglerev = xMAB; then if test ! -e mmc ${bootpart} ${bootdir}/${fdtfile}; then setenv fdtfile omap3-beagle-xm.dtb; fi; fi; 
vendor=ti
ver=U-Boot 2014.10-00004-g9ade0ab (Dec 05 2014 - 14:01:52)
vram=12M
Environment size: 3423/131068 bytes
U-Boot# 
- 05:38:16 [INFO] Host: setenv bootcmd ''${bootcmd}' if iminfo ${loadaddr}; then bootm ${loadaddr} - ${fdtaddr}; else bootz ${loadaddr} - ${fdtaddr}; bootm ${loadaddr} - ${fdtaddr}; fi'
- 05:38:16 [INFO] Target: 
setenv bootcmd ''${bootcmd}' if iminfo ${loadaddr}; then bootm ${loadaddr} - ${fdtaddr}; else bootz ${loadaddr} - ${fdtaddr}; bootm ${loadaddr} - ${fdtaddr}; fi'
U-Boot# 
- 05:38:16 [INFO] Host: version
- 05:38:16 [INFO] Target: 
version
U-Boot 2014.10-00004-g9ade0ab (Dec 05 2014 - 14:01:52)
arm-linux-gnueabi-gcc (Ubuntu/Linaro 4.6.3-1ubuntu5) 4.6.3
GNU ld (GNU Binutils for Ubuntu) 2.22
U-Boot# 
- 05:38:16 [INFO] Host: bdinfo
- 05:38:16 [INFO] Target: 
bdinfo
arch_number = 0x0000060A
boot_params = 0x80000100
DRAM bank   = 0x00000000
-> start    = 0x80000000
-> size     = 0x10000000
DRAM bank   = 0x00000001
-> start    = 0x90000000
-> size     = 0x10000000
eth0name    = usb_ether
ethaddr     = (not set)
eth1name    = sms0
eth1addr    = (not set)
current eth = sms0
ip_addr     = 192.168.1.168
baudrate    = 115200 bps
TLB addr    = 0x9FFF0000
relocaddr   = 0x9FF4C000
reloc off   = 0x1FE4C000
irq_sp      = 0x9EF2BEE0
sp start    = 0x9EF2BED0
U-Boot# 
- 05:38:16 [INFO] Host: mmc rescan; echo $?
- 05:38:16 [INFO] Target: 
mmc rescan; echo $?
U-Boot# 
- 05:38:16 [INFO] Host: fatwrite mmc ${mmcdev}:1 ${loadaddr} ws-calibrate.rules 4
- 05:38:16 [INFO] Target: 
fatwrite mmc ${mmcdev}:1 ${loadaddr} ws-calibrate.rules 4
writing ws-calibrate.rules
4 bytes written
U-Boot# 
- 05:38:16 [INFO] Host: boot
- 05:41:46 [ERROR] On command: boot waiting for boot.+?(?-mix:.*\s+login) >>> error: execution expired
- 05:41:46 [INFO] Target: 
boot
## Checking Image at 80200000 ...
Unknown image format!
Kernel image @ 0x80200000 [ 0x000000 - 0x36bb20 ]
## Flattened Device Tree blob at 80f80000
   Booting using the fdt blob at 0x80f80000
   Loading Device Tree to 87fed000, end 87fff713 ... OK
Starting kernel ...
[    0.000000] Booting Linux on physical CPU 0x0
[    0.000000] Initializing cgroup subsys cpuset
[    0.000000] Initializing cgroup subsys cpu
[    0.000000] Initializing cgroup subsys cpuacct
[    0.000000] Linux version 4.3.0-rc6-next-20151022-00002-g6638e761c576 (nmenon@kahuna) (gcc version 4.6.3 (Ubuntu/Linaro 4.6.3-1ubuntu5) ) #1 SMP Wed Oct 28 05:33:26 CDT 2015
[    0.000000] CPU: ARMv7 Processor [413fc082] revision 2 (ARMv7), cr=10c5387d
[    0.000000] CPU: PIPT / VIPT nonaliasing data cache, VIPT aliasing instruction cache
[    0.000000] Machine model: TI OMAP3 BeagleBoard xM
[    0.000000] cma: Reserved 16 MiB at 0x9e800000
[    0.000000] Memory policy: Data cache writeback
[    0.000000] CPU: All CPU(s) started in SVC mode.
[    0.000000] OMAP3630 ES1.2 (l2cache iva sgx neon isp 192mhz_clk )
[    0.000000] PERCPU: Embedded 14 pages/cpu @df8f4000 s25152 r8192 d24000 u57344
[    0.000000] Built 1 zonelists in Zone order, mobility grouping on.  Total pages: 129408
[    0.000000] Kernel command line: console=ttyO2,115200n8  earlyprintk rootwait  ip=:::::eth0:dhcp  root=/dev/mmcblk0p2 rw rootfstype=ext3 rootwait 
[    0.000000] PID hash table entries: 2048 (order: 1, 8192 bytes)
[    0.000000] Dentry cache hash table entries: 65536 (order: 6, 262144 bytes)
[    0.000000] Inode-cache hash table entries: 32768 (order: 5, 131072 bytes)
[    0.000000] Memory: 481908K/522240K available (6605K kernel code, 746K rwdata, 2236K rodata, 452K init, 8263K bss, 23948K reserved, 16384K cma-reserved, 0K highmem)
[    0.000000] Virtual kernel memory layout:
[    0.000000]     vector  : 0xffff0000 - 0xffff1000   (   4 kB)
[    0.000000]     fixmap  : 0xffc00000 - 0xfff00000   (3072 kB)
[    0.000000]     vmalloc : 0xe0800000 - 0xff800000   ( 496 MB)
[    0.000000]     lowmem  : 0xc0000000 - 0xe0000000   ( 512 MB)
[    0.000000]     pkmap   : 0xbfe00000 - 0xc0000000   (   2 MB)
[    0.000000]     modules : 0xbf000000 - 0xbfe00000   (  14 MB)
[    0.000000]       .text : 0xc0008000 - 0xc08aa7c8   (8842 kB)
[    0.000000]       .init : 0xc08ab000 - 0xc091c000   ( 452 kB)
[    0.000000]       .data : 0xc091c000 - 0xc09d6ab8   ( 747 kB)
[    0.000000]        .bss : 0xc09d9000 - 0xc11eaee8   (8264 kB)
[    0.000000] Running RCU self tests
[    0.000000] Hierarchical RCU implementation.
[    0.000000] 	RCU lockdep checking is enabled.
[    0.000000] 	Build-time adjustment of leaf fanout to 32.
[    0.000000] 	RCU restricting CPUs from NR_CPUS=2 to nr_cpu_ids=1.
[    0.000000] RCU: Adjusting geometry for rcu_fanout_leaf=32, nr_cpu_ids=1
[    0.000000] NR_IRQS:16 nr_irqs:16 16
[    0.000000] IRQ: Found an INTC at 0xfa200000 (revision 4.0) with 96 interrupts
[    0.000000] Clocking rate (Crystal/Core/MPU): 26.0/400/600 MHz
[    0.000000] OMAP clockevent source: timer1 at 32768 Hz
[    0.000000] clocksource: 32k_counter: mask: 0xffffffff max_cycles: 0xffffffff, max_idle_ns: 58327039986419 ns
[    0.000030] sched_clock: 32 bits at 32kHz, resolution 30517ns, wraps every 65535999984741ns
[    0.000030] OMAP clocksource: 32k_counter at 32768 Hz
[    0.001739] Console: colour dummy device 80x30
[    0.001800] Lock dependency validator: Copyright (c) 2006 Red Hat, Inc., Ingo Molnar
[    0.001831] ... MAX_LOCKDEP_SUBCLASSES:  8
[    0.001831] ... MAX_LOCK_DEPTH:          48
[    0.001861] ... MAX_LOCKDEP_KEYS:        8191
[    0.001861] ... CLASSHASH_SIZE:          4096
[    0.001892] ... MAX_LOCKDEP_ENTRIES:     32768
[    0.001892] ... MAX_LOCKDEP_CHAINS:      65536
[    0.001892] ... CHAINHASH_SIZE:          32768
[    0.001922]  memory used by lock dependency info: 5167 kB
[    0.001922]  per task-struct memory footprint: 1536 bytes
[    0.001953] Calibrating delay loop... 594.73 BogoMIPS (lpj=2973696)
[    0.106231] pid_max: default: 32768 minimum: 301
[    0.106781] Security Framework initialized
[    0.106964] Mount-cache hash table entries: 1024 (order: 0, 4096 bytes)
[    0.106994] Mountpoint-cache hash table entries: 1024 (order: 0, 4096 bytes)
[    0.111389] Initializing cgroup subsys io
[    0.111541] Initializing cgroup subsys memory
[    0.111663] Initializing cgroup subsys devices
[    0.111785] Initializing cgroup subsys freezer
[    0.111968] Initializing cgroup subsys perf_event
[    0.112060] CPU: Testing write buffer coherency: ok
[    0.113922] CPU0: thread -1, cpu 0, socket -1, mpidr 0
[    0.114074] Setting up static identity map for 0x80008280 - 0x800082f0
[    0.119628] Brought up 1 CPUs
[    0.119659] SMP: Total of 1 processors activated (594.73 BogoMIPS).
[    0.119689] CPU: All CPU(s) started in SVC mode.
[    0.124999] devtmpfs: initialized
[    0.242218] VFP support v0.3: implementor 41 architecture 3 part 30 variant c rev 3
[    0.327941] omap_hwmod: mcbsp2_sidetone using broken dt data from mcbsp
[    0.330383] omap_hwmod: mcbsp3_sidetone using broken dt data from mcbsp
[    0.446624] clocksource: jiffies: mask: 0xffffffff max_cycles: 0xffffffff, max_idle_ns: 19112604462750000 ns
[    0.449401] pinctrl core: initialized pinctrl subsystem
[    0.457061] NET: Registered protocol family 16
[    0.466003] DMA: preallocated 256 KiB pool for atomic coherent allocations
[    0.468963] cpuidle: using governor ladder
[    0.468994] cpuidle: using governor menu
[    0.469757] Reprogramming SDRC clock to 400000000 Hz
[    0.490020] irq: no irq domain found for /ocp/l4@48000000/scm@2000/pinmux@30 !
[    0.519775] platform 48058000.ssi-controller: Cannot lookup hwmod 'ssi'
[    0.531829] No ATAGs?
[    0.531860] hw-breakpoint: debug architecture 0x4 unsupported.
[    0.533691] omap4_sram_init:Unable to allocate sram needed to handle errata I688
[    0.533721] omap4_sram_init:Unable to get sram pool needed to handle errata I688
[    0.535858] OMAP DMA hardware revision 5.0
[    0.582061] SCSI subsystem initialized
[    0.585144] pps_core: LinuxPPS API ver. 1 registered
[    0.585174] pps_core: Software ver. 5.3.6 - Copyright 2005-2007 Rodolfo Giometti <giometti@linux.it>
[    0.585388] PTP clock support registered
[    0.591094] clocksource: Switched to clocksource 32k_counter
[    0.818878] NET: Registered protocol family 2
[    0.821838] TCP established hash table entries: 4096 (order: 2, 16384 bytes)
[    0.821960] TCP bind hash table entries: 4096 (order: 5, 147456 bytes)
[    0.824188] TCP: Hash tables configured (established 4096 bind 4096)
[    0.824432] UDP hash table entries: 256 (order: 2, 20480 bytes)
[    0.824737] UDP-Lite hash table entries: 256 (order: 2, 20480 bytes)
[    0.826202] NET: Registered protocol family 1
[    0.828399] RPC: Registered named UNIX socket transport module.
[    0.828430] RPC: Registered udp transport module.
[    0.828430] RPC: Registered tcp transport module.
[    0.828460] RPC: Registered tcp NFSv4.1 backchannel transport module.
[    0.837310] futex hash table entries: 256 (order: 2, 16384 bytes)
[    0.837677] audit: initializing netlink subsys (disabled)
[    0.837951] audit: type=2000 audit(0.820:1): initialized
[    0.843414] VFS: Disk quotas dquot_6.6.0
[    0.843597] VFS: Dquot-cache hash table entries: 1024 (order 0, 4096 bytes)
[    0.846954] NFS: Registering the id_resolver key type
[    0.847503] Key type id_resolver registered
[    0.847503] Key type id_legacy registered
[    0.847778] jffs2: version 2.2. (NAND) (SUMMARY)   2001-2006 Red Hat, Inc.
[    0.855834] io scheduler noop registered
[    0.855895] io scheduler deadline registered
[    0.855957] io scheduler cfq registered (default)
[    0.863220] Serial: 8250/16550 driver, 4 ports, IRQ sharing enabled
[    0.926116] brd: module loaded
[    0.959564] loop: module loaded
[    0.963958] mtdoops: mtd device (mtddev=name/number) must be supplied
[    0.974395] mousedev: PS/2 mouse device common for all mice
[    0.974456] i2c /dev entries driver
[    0.976379] ledtrig-cpu: registered to indicate activity on CPUs
[    0.978210] oprofile: no performance counters
[    0.979919] oprofile: using timer interrupt.
[    0.980865] Initializing XFRM netlink socket
[    0.981658] NET: Registered protocol family 10
[    0.985443] sit: IPv6 over IPv4 tunneling driver
[    0.988769] NET: Registered protocol family 17
[    0.988891] NET: Registered protocol family 15
[    0.989379] Key type dns_resolver registered
[    0.989776] omap2_set_init_voltage: unable to find boot up OPP for vdd_mpu_iva
[    0.989807] omap2_set_init_voltage: unable to set vdd_mpu_iva
[    0.989837] omap2_set_init_voltage: unable to find boot up OPP for vdd_core
[    0.989868] omap2_set_init_voltage: unable to set vdd_core
[    0.995483] ThumbEE CPU extension supported.
[    0.995574] Registering SWP/SWPB emulation handler
[    0.995605] SmartReflex Class3 initialized
[    1.006042] pinctrl-single 48002a00.pinmux: 46 pins at pa fa002a00 size 92
[    1.010589] OMAP GPIO hardware version 2.5
[    1.026000] omap-gpmc 6e000000.gpmc: GPMC revision 5.0
[    1.026275] gpmc_mem_init: disabling cs 0 mapped at 0x0-0x1000000
[    1.042999] omap-dma-engine 48056000.dma-controller: OMAP DMA engine driver
[    1.053131] pinctrl-single 48002030.pinmux: 284 pins at pa fa002030 size 568
[    1.079620] twl 0-0048: PIH (irq 23) chaining IRQs 338..346
[    1.080352] twl 0-0048: power (irq 343) chaining IRQs 346..353
[    1.224334] twl4030_gpio twl4030-gpio: gpio (irq 338) chaining IRQs 354..371
[    1.232910] omap_i2c 48070000.i2c: bus 0 rev4.4 at 2600 kHz
[    1.242706] omap_i2c 48072000.i2c: bus 1 rev4.4 at 400 kHz
[    1.245910] omap_i2c 48060000.i2c: bus 2 rev4.4 at 100 kHz
[    1.248046] hw perfevents: enabled with armv7_cortex_a8 PMU driver, 5 counters available
[    1.256042] pinctrl-single 480025a0.pinmux: 46 pins at pa fa0025a0 size 92
[    1.261230] omap_uart 4806a000.serial: no wakeirq for uart0
[    1.262054] 4806a000.serial: ttyO0 at MMIO 0x4806a000 (irq = 88, base_baud = 3000000) is a OMAP UART0
[    1.265991] omap_uart 4806c000.serial: no wakeirq for uart1
[    1.266632] 4806c000.serial: ttyO1 at MMIO 0x4806c000 (irq = 89, base_baud = 3000000) is a OMAP UART1
[    1.269958] 49020000.serial: ttyO2 at MMIO 0x49020000 (irq = 90, base_baud = 3000000) is a OMAP UART2
[    2.218994] console [ttyO2] enabled
[    2.226135] omap_uart 49042000.serial: no wakeirq for uart3
[    2.232666] 49042000.serial: ttyO3 at MMIO 0x49042000 (irq = 96, base_baud = 3000000) is a OMAP UART3
[    2.305847] hctosys: unable to open rtc device (rtc0)
[    2.311309] sr_init: No PMIC hook to init smartreflex
[    2.317169] smartreflex smartreflex.0: omap_sr_probe: SmartReflex driver initialized
[    2.326507] smartreflex smartreflex.1: omap_sr_probe: SmartReflex driver initialized
[    2.460968] mmc0: host does not support reading read-only switch, assuming write-enable
[    2.471527] mmc0: new high speed SDHC card at address 0001
[    2.481353] mmcblk0: mmc0:0001 00000 3.79 GiB 
[    2.491363]  mmcblk0: p1 p2
[   14.532562] VAUX3: disabling
[   14.536773] VDAC: disabling
[   14.541564] VUSB3V1: disabling
[   14.545593] VPLL2: disabling
[   14.549163] hsusb2_vbus: disabling
[   14.563385] EXT4-fs (mmcblk0p2): mounting ext3 file system using the ext4 subsystem
[   14.608215] EXT4-fs (mmcblk0p2): mounted filesystem with ordered data mode. Opts: (null)
[   14.617095] VFS: Mounted root (ext3 filesystem) on device 179:2.
[   14.638549] devtmpfs: mounted
[   14.642913] Freeing unused kernel memory: 452K (c08ab000 - c091c000)
INIT: version 2.88 booting
Error opening /dev/fb0: No such file or directory
/dev/ttyO2 linked to /dev/tty-bd - using as console
Starting udev
[   16.233795] udevd[124]: starting version 182
[   18.456665] ------------[ cut here ]------------
[   18.461730] WARNING: CPU: 0 PID: 216 at mm/rmap.c:231 unlink_anon_vmas+0x1dc/0x1f4()
[   18.469909] Modules linked in:
[   18.473205] CPU: 0 PID: 216 Comm: udevd Not tainted 4.3.0-rc6-next-20151022-00002-g6638e761c576 #1
[   18.482696] Hardware name: Generic OMAP36xx (Flattened Device Tree)
[   18.489349] [<c0016ca4>] (unwind_backtrace) from [<c0012fbc>] (show_stack+0x10/0x14)
[   18.497589] [<c0012fbc>] (show_stack) from [<c0348a50>] (dump_stack+0x78/0x94)
[   18.505249] [<c0348a50>] (dump_stack) from [<c003c12c>] (warn_slowpath_common+0x7c/0xb4)
[   18.513854] [<c003c12c>] (warn_slowpath_common) from [<c003c180>] (warn_slowpath_null+0x1c/0x24)
[   18.523162] [<c003c180>] (warn_slowpath_null) from [<c01512d8>] (unlink_anon_vmas+0x1dc/0x1f4)
[   18.532287] [<c01512d8>] (unlink_anon_vmas) from [<c0145f1c>] (free_pgtables+0x78/0xc8)
[   18.540740] [<c0145f1c>] (free_pgtables) from [<c014e3e0>] (exit_mmap+0xec/0x1e0)
[   18.548675] [<c014e3e0>] (exit_mmap) from [<c00397e0>] (mmput+0x44/0xe4)
[   18.555816] [<c00397e0>] (mmput) from [<c017763c>] (flush_old_exec+0x300/0x59c)
[   18.563568] [<c017763c>] (flush_old_exec) from [<c01c80ec>] (load_elf_binary+0x27c/0x1280)
[   18.572326] [<c01c80ec>] (load_elf_binary) from [<c0177174>] (search_binary_handler+0x88/0x1ac)
[   18.581573] [<c0177174>] (search_binary_handler) from [<c0178410>] (do_execveat_common+0x600/0x7e8)
[   18.591156] [<c0178410>] (do_execveat_common) from [<c0178624>] (do_execve+0x2c/0x34)
[   18.599426] [<c0178624>] (do_execve) from [<c000f680>] (ret_fast_syscall+0x0/0x1c)
[   18.607452] ---[ end trace cc953ed50da877fd ]---
[   18.612365] Unable to handle kernel NULL pointer dereference at virtual address 00000100
[   18.620910] pgd = dd1c4000
[   18.623809] [00000100] *pgd=00000000
[   18.627593] Internal error: Oops: 5 [#1] SMP ARM
[   18.632476] Modules linked in:
[   18.635711] CPU: 0 PID: 216 Comm: udevd Tainted: G        W       4.3.0-rc6-next-20151022-00002-g6638e761c576 #1
[   18.646423] Hardware name: Generic OMAP36xx (Flattened Device Tree)
[   18.653045] task: dd15c1c0 ti: dd12c000 task.ti: dd12c000
[   18.658752] PC is at unlink_anon_vmas+0x60/0x1f4
[   18.663604] LR is at unlink_anon_vmas+0xa8/0x1f4
[   18.668487] pc : [<c015115c>]    lr : [<c01511a4>]    psr: 600f0013
[   18.668487] sp : dd12ddc8  ip : 00000000  fp : 00000100
[   18.680572] r10: 000000f8  r9 : 00000200  r8 : de65b5b0
[   18.686096] r7 : dd1e09b4  r6 : de65b5b0  r5 : dd1a2608  r4 : dd197080
[   18.692962] r3 : 000000f8  r2 : 00000000  r1 : dd1a265c  r0 : dd197080
[   18.699859] Flags: nZCv  IRQs on  FIQs on  Mode SVC_32  ISA ARM  Segment none
[   18.707366] Control: 10c5387d  Table: 9d1c4019  DAC: 00000051
[   18.713439] Process udevd (pid: 216, stack limit = 0xdd12c218)
[   18.719573] Stack: (0xdd12ddc8 to 0xdd12e000)
[   18.724182] ddc0:                   ddc8f7dc dd1e0978 00002000 dd1e0920 00002000 dd12de28
[   18.732818] dde0: 00000000 dd1e0978 dd0ce600 b6d22000 dd1d8cf4 c0145f1c b6d22000 c0147bd8
[   18.741455] de00: 00000000 dd1113f8 dd12de50 de693800 de7bec00 de693800 dd15c65c c014e3e0
[   18.750091] de20: de6c8a00 c06446e4 de693800 00000001 00000000 00000000 ffffffff c008e2e8
[   18.758728] de40: 00000006 00000149 00000400 dd159000 00000100 00000000 200f0013 600f0013
[   18.767333] de60: de693800 00000000 de6c8a00 de7bec00 de693800 00000000 de6c8a00 c00397e0
[   18.775970] de80: 00000000 de693800 dd15c1c0 c017763c 000000e0 c01c7b44 dd1d8cc0 de7bec00
[   18.784606] dea0: dd12deb8 de7bed00 dd14c2c0 dd0ce600 00000001 c01c80ec de7bec00 00000080
[   18.793243] dec0: 00000001 de7bee00 00000000 dd15c1c0 00000001 c096d49c c017715c c008e2e8
[   18.801849] dee0: 00000000 00000000 00000000 c096d48c 00000001 fffffff8 c096d48c 600f0013
[   18.810485] df00: 00000000 c096d48c c096d4ac de7bec00 c096d4ac fffffff8 c096d48c c097034c
[   18.819122] df20: 00000000 00000001 000000d8 c0177174 dd15c1c0 de31d000 c09d3be5 dd111fa8
[   18.827758] df40: de7bec00 be873060 0004aa38 c0178410 00000000 00000000 c0178358 de31d000
[   18.836395] df60: de6c8a54 000000d8 00000000 00000000 00000000 ffffe5f8 0003193c 0004aa38
[   18.845001] df80: 0000000b c000f824 dd12c000 00000000 00031900 c0178624 00000000 ffffe5f8
[   18.853637] dfa0: 0003193c c000f680 ffffe5f8 0003193c be873260 be873060 0004aa38 00000008
[   18.862274] dfc0: ffffe5f8 0003193c 0004aa38 0000000b 00032008 be872fe8 00000005 00031900
[   18.870910] dfe0: 0000000b be872f84 b6e01003 b6daa276 800f0030 be873260 00000000 00000000
[   18.879547] [<c015115c>] (unlink_anon_vmas) from [<c0145f1c>] (free_pgtables+0x78/0xc8)
[   18.887969] [<c0145f1c>] (free_pgtables) from [<c014e3e0>] (exit_mmap+0xec/0x1e0)
[   18.895874] [<c014e3e0>] (exit_mmap) from [<c00397e0>] (mmput+0x44/0xe4)
[   18.902954] [<c00397e0>] (mmput) from [<c017763c>] (flush_old_exec+0x300/0x59c)
[   18.910675] [<c017763c>] (flush_old_exec) from [<c01c80ec>] (load_elf_binary+0x27c/0x1280)
[   18.919403] [<c01c80ec>] (load_elf_binary) from [<c0177174>] (search_binary_handler+0x88/0x1ac)
[   18.928588] [<c0177174>] (search_binary_handler) from [<c0178410>] (do_execveat_common+0x600/0x7e8)
[   18.938110] [<c0178410>] (do_execveat_common) from [<c0178624>] (do_execve+0x2c/0x34)
[   18.946380] [<c0178624>] (do_execve) from [<c000f680>] (ret_fast_syscall+0x0/0x1c)
[   18.954376] Code: e584b008 e584900c ebfffbdb e1a0300a (e5b32008) 
[   18.960906] ---[ end trace cc953ed50da877fe ]---
udevd[173]: '/sbin/modprobe of:Nregulator-vsimT<NULL>Cti,twl4030-vsim' [216] terminated by signal 11 (Segmentation fault)
udevd[169]: timeout: killing '/sbin/modprobe of:Nregulator-vmmc1T<NULL>Cti,twl4030-vmmc1' [213]
udevd[169]: timeout: killing '/sbin/modprobe of:Nregulator-vmmc1T<NULL>Cti,twl4030-vmmc1' [213]
udevd[169]: timeout: killing '/sbin/modprobe of:Nregulator-vmmc1T<NULL>Cti,twl4030-vmmc1' [213]
udevd[169]: timeout: killing '/sbin/modprobe of:Nregulator-vmmc1T<NULL>Cti,twl4030-vmmc1' [213]
udevd[169]: timeout: killing '/sbin/modprobe of:Nregulator-vmmc1T<NULL>Cti,twl4030-vmmc1' [213]
udevd[169]: timeout: killing '/sbin/modprobe of:Nregulator-vmmc1T<NULL>Cti,twl4030-vmmc1' [213]
udevd[169]: timeout: killing '/sbin/modprobe of:Nregulator-vmmc1T<NULL>Cti,twl4030-vmmc1' [213]
udevd[169]: timeout: killing '/sbin/modprobe of:Nregulator-vmmc1T<NULL>Cti,twl4030-vmmc1' [213]
udevd[169]: timeout: killing '/sbin/modprobe of:Nregulator-vmmc1T<NULL>Cti,twl4030-vmmc1' [213]
udevd[169]: timeout: killing '/sbin/modprobe of:Nregulator-vmmc1T<NULL>Cti,twl4030-vmmc1' [213]
udevd[169]: timeout: killing '/sbin/modprobe of:Nregulator-vmmc1T<NULL>Cti,twl4030-vmmc1' [213]
udevd[169]: timeout: killing '/sbin/modprobe of:Nregulator-vmmc1T<NULL>Cti,twl4030-vmmc1' [213]
udevd[169]: timeout: killing '/sbin/modprobe of:Nregulator-vmmc1T<NULL>Cti,twl4030-vmmc1' [213]
udevd[169]: timeout: killing '/sbin/modprobe of:Nregulator-vmmc1T<NULL>Cti,twl4030-vmmc1' [213]
udevd[169]: timeout: killing '/sbin/modprobe of:Nregulator-vmmc1T<NULL>Cti,twl4030-vmmc1' [213]
udevd[169]: timeout: killing '/sbin/modprobe of:Nregulator-vmmc1T<NULL>Cti,twl4030-vmmc1' [213]
udevd[169]: timeout: killing '/sbin/modprobe of:Nregulator-vmmc1T<NULL>Cti,twl4030-vmmc1' [213]
udevd[169]: timeout: killing '/sbin/modprobe of:Nregulator-vmmc1T<NULL>Cti,twl4030-vmmc1' [213]
udevd[169]: timeout: killing '/sbin/modprobe of:Nregulator-vmmc1T<NULL>Cti,twl4030-vmmc1' [213]
udevd[169]: timeout: killing '/sbin/modprobe of:Nregulator-vmmc1T<NULL>Cti,twl4030-vmmc1' [213]
udevd[169]: timeout: killing '/sbin/modprobe of:Nregulator-vmmc1T<NULL>Cti,twl4030-vmmc1' [213]
udevd[169]: timeout: killing '/sbin/modprobe of:Nregulator-vmmc1T<NULL>Cti,twl4030-vmmc1' [213]
udevd[169]: timeout: killing '/sbin/modprobe of:Nregulator-vmmc1T<NULL>Cti,twl4030-vmmc1' [213]
udevd[169]: timeout: killing '/sbin/modprobe of:Nregulator-vmmc1T<NULL>Cti,twl4030-vmmc1' [213]
udevd[169]: timeout: killing '/sbin/modprobe of:Nregulator-vmmc1T<NULL>Cti,twl4030-vmmc1' [213]
udevd[169]: timeout: killing '/sbin/modprobe of:Nregulator-vmmc1T<NULL>Cti,twl4030-vmmc1' [213]
udevd[169]: timeout: killing '/sbin/modprobe of:Nregulator-vmmc1T<NULL>Cti,twl4030-vmmc1' [213]
udevd[169]: timeout: killing '/sbin/modprobe of:Nregulator-vmmc1T<NULL>Cti,twl4030-vmmc1' [213]
udevd[169]: timeout: killing '/sbin/modprobe of:Nregulator-vmmc1T<NULL>Cti,twl4030-vmmc1' [213]
udevd[169]: timeout: killing '/sbin/modprobe of:Nregulator-vmmc1T<NULL>Cti,twl4030-vmmc1' [213]
udevd[169]: timeout: killing '/sbin/modprobe of:Nregulator-vmmc1T<NULL>Cti,twl4030-vmmc1' [213]
udevd[169]: timeout: killing '/sbin/modprobe of:Nregulator-vmmc1T<NULL>Cti,twl4030-vmmc1' [213]
udevd[169]: timeout: killing '/sbin/modprobe of:Nregulator-vmmc1T<NULL>Cti,twl4030-vmmc1' [213]
udevd[169]: timeout: killing '/sbin/modprobe of:Nregulator-vmmc1T<NULL>Cti,twl4030-vmmc1' [213]
udevd[169]: timeout: killing '/sbin/modprobe of:Nregulator-vmmc1T<NULL>Cti,twl4030-vmmc1' [213]
udevd[169]: timeout: killing '/sbin/modprobe of:Nregulator-vmmc1T<NULL>Cti,twl4030-vmmc1' [213]
udevd[169]: timeout: killing '/sbin/modprobe of:Nregulator-vmmc1T<NULL>Cti,twl4030-vmmc1' [213]
udevd[169]: timeout: killing '/sbin/modprobe of:Nregulator-vmmc1T<NULL>Cti,twl4030-vmmc1' [213]
udevd[169]: timeout: killing '/sbin/modprobe of:Nregulator-vmmc1T<NULL>Cti,twl4030-vmmc1' [213]
udevd[169]: timeout: killing '/sbin/modprobe of:Nregulator-vmmc1T<NULL>Cti,twl4030-vmmc1' [213]
udevd[169]: timeout: killing '/sbin/modprobe of:Nregulator-vmmc1T<NULL>Cti,twl4030-vmmc1' [213]
udevd[169]: timeout: killing '/sbin/modprobe of:Nregulator-vmmc1T<NULL>Cti,twl4030-vmmc1' [213]
udevd[169]: timeout: killing '/sbin/modprobe of:Nregulator-vmmc1T<NULL>Cti,twl4030-vmmc1' [213]
udevd[169]: timeout: killing '/sbin/modprobe of:Nregulator-vmmc1T<NULL>Cti,twl4030-vmmc1' [213]
udevd[169]: timeout: killing '/sbin/modprobe of:Nregulator-vmmc1T<NULL>Cti,twl4030-vmmc1' [213]
udevd[169]: timeout: killing '/sbin/modprobe of:Nregulator-vmmc1T<NULL>Cti,twl4030-vmmc1' [213]
[   95.500518] random: nonblocking pool is initialized
udevd[169]: timeout: killing '/sbin/modprobe of:Nregulator-vmmc1T<NULL>Cti,twl4030-vmmc1' [213]
udevd[169]: timeout: killing '/sbin/modprobe of:Nregulator-vmmc1T<NULL>Cti,twl4030-vmmc1' [213]
udevd[169]: timeout: killing '/sbin/modprobe of:Nregulator-vmmc1T<NULL>Cti,twl4030-vmmc1' [213]
udevd[169]: timeout: killing '/sbin/modprobe of:Nregulator-vmmc1T<NULL>Cti,twl4030-vmmc1' [213]
udevd[169]: timeout: killing '/sbin/modprobe of:Nregulator-vmmc1T<NULL>Cti,twl4030-vmmc1' [213]
udevd[169]: timeout: killing '/sbin/modprobe of:Nregulator-vmmc1T<NULL>Cti,twl4030-vmmc1' [213]
udevd[169]: timeout: killing '/sbin/modprobe of:Nregulator-vmmc1T<NULL>Cti,twl4030-vmmc1' [213]
udevd[169]: timeout: killing '/sbin/modprobe of:Nregulator-vmmc1T<NULL>Cti,twl4030-vmmc1' [213]
udevd[169]: timeout: killing '/sbin/modprobe of:Nregulator-vmmc1T<NULL>Cti,twl4030-vmmc1' [213]
udevd[169]: timeout: killing '/sbin/modprobe of:Nregulator-vmmc1T<NULL>Cti,twl4030-vmmc1' [213]
udevd[169]: timeout: killing '/sbin/modprobe of:Nregulator-vmmc1T<NULL>Cti,twl4030-vmmc1' [213]
udevd[169]: timeout: killing '/sbin/modprobe of:Nregulator-vmmc1T<NULL>Cti,twl4030-vmmc1' [213]
udevd[169]: timeout: killing '/sbin/modprobe of:Nregulator-vmmc1T<NULL>Cti,twl4030-vmmc1' [213]
udevd[169]: timeout: killing '/sbin/modprobe of:Nregulator-vmmc1T<NULL>Cti,twl4030-vmmc1' [213]
udevd[169]: timeout: killing '/sbin/modprobe of:Nregulator-vmmc1T<NULL>Cti,twl4030-vmmc1' [213]
udevd[169]: timeout: killing '/sbin/modprobe of:Nregulator-vmmc1T<NULL>Cti,twl4030-vmmc1' [213]
udevd[169]: timeout: killing '/sbin/modprobe of:Nregulator-vmmc1T<NULL>Cti,twl4030-vmmc1' [213]
udevd[169]: timeout: killing '/sbin/modprobe of:Nregulator-vmmc1T<NULL>Cti,twl4030-vmmc1' [213]
udevd[169]: timeout: killing '/sbin/modprobe of:Nregulator-vmmc1T<NULL>Cti,twl4030-vmmc1' [213]
udevd[169]: timeout: killing '/sbin/modprobe of:Nregulator-vmmc1T<NULL>Cti,twl4030-vmmc1' [213]
udevd[169]: timeout: killing '/sbin/modprobe of:Nregulator-vmmc1T<NULL>Cti,twl4030-vmmc1' [213]
udevd[169]: timeout: killing '/sbin/modprobe of:Nregulator-vmmc1T<NULL>Cti,twl4030-vmmc1' [213]
udevd[169]: timeout: killing '/sbin/modprobe of:Nregulator-vmmc1T<NULL>Cti,twl4030-vmmc1' [213]
udevd[169]: timeout: killing '/sbin/modprobe of:Nregulator-vmmc1T<NULL>Cti,twl4030-vmmc1' [213]
udevd[169]: timeout: killing '/sbin/modprobe of:Nregulator-vmmc1T<NULL>Cti,twl4030-vmmc1' [213]
udevd[169]: timeout: killing '/sbin/modprobe of:Nregulator-vmmc1T<NULL>Cti,twl4030-vmmc1' [213]
udevd[169]: timeout: killing '/sbin/modprobe of:Nregulator-vmmc1T<NULL>Cti,twl4030-vmmc1' [213]
udevd[169]: timeout: killing '/sbin/modprobe of:Nregulator-vmmc1T<NULL>Cti,twl4030-vmmc1' [213]
udevd[169]: timeout: killing '/sbin/modprobe of:Nregulator-vmmc1T<NULL>Cti,twl4030-vmmc1' [213]
udevd[169]: timeout: killing '/sbin/modprobe of:Nregulator-vmmc1T<NULL>Cti,twl4030-vmmc1' [213]
udevd[169]: timeout: killing '/sbin/modprobe of:Nregulator-vmmc1T<NULL>Cti,twl4030-vmmc1' [213]
udevd[169]: timeout: killing '/sbin/modprobe of:Nregulator-vmmc1T<NULL>Cti,twl4030-vmmc1' [213]
udevd[169]: timeout: killing '/sbin/modprobe of:Nregulator-vmmc1T<NULL>Cti,twl4030-vmmc1' [213]
udevd[169]: timeout: killing '/sbin/modprobe of:Nregulator-vmmc1T<NULL>Cti,twl4030-vmmc1' [213]
udevd[169]: timeout: killing '/sbin/modprobe of:Nregulator-vmmc1T<NULL>Cti,twl4030-vmmc1' [213]
udevd[169]: timeout: killing '/sbin/modprobe of:Nregulator-vmmc1T<NULL>Cti,twl4030-vmmc1' [213]
udevd[169]: timeout: killing '/sbin/modprobe of:Nregulator-vmmc1T<NULL>Cti,twl4030-vmmc1' [213]
udevd[169]: timeout: killing '/sbin/modprobe of:Nregulator-vmmc1T<NULL>Cti,twl4030-vmmc1' [213]
udevd[169]: timeout: killing '/sbin/modprobe of:Nregulator-vmmc1T<NULL>Cti,twl4030-vmmc1' [213]
udevd[169]: timeout: killing '/sbin/modprobe of:Nregulator-vmmc1T<NULL>Cti,twl4030-vmmc1' [213]
udevd[169]: timeout: killing '/sbin/modprobe of:Nregulator-vmmc1T<NULL>Cti,twl4030-vmmc1' [213]
udevd[169]: timeout: killing '/sbin/modprobe of:Nregulator-vmmc1T<NULL>Cti,twl4030-vmmc1' [213]
udevd[169]: timeout: killing '/sbin/modprobe of:Nregulator-vmmc1T<NULL>Cti,twl4030-vmmc1' [213]
udevadm settle - timeout of 120 seconds reached, the event queue contains:
  /sys/devices/platform/68000000.ocp/48070000.i2c/i2c-0/0-0048/48070000.i2c:twl@48:audio (709)
  /sys/devices/platform/68000000.ocp/48070000.i2c/i2c-0/0-0048/48070000.i2c:twl@48:audio/twl4030-codec (710)
  /sys/devices/platform/68000000.ocp/48070000.i2c/i2c-0/0-0048/48070000.i2c:twl@48:bci (711)
  /sys/devices/platform/68000000.ocp/48070000.i2c/i2c-0/0-0048/48070000.i2c:twl@48:keypad (712)
  /sys/devices/platform/68000000.ocp/48070000.i2c/i2c-0/0-0048/48070000.i2c:twl@48:madc (713)
  /sys/devices/platform/68000000.ocp/48070000.i2c/i2c-0/0-0048/48070000.i2c:twl@48:power (714)
  /sys/devices/platform/68000000.ocp/48070000.i2c/i2c-0/0-0048/48070000.i2c:twl@48:pwm (715)
  /sys/devices/platform/68000000.ocp/48070000.i2c/i2c-0/0-0048/48070000.i2c:twl@48:pwmled (716)
  /sys/devices/platform/68000000.ocp/48070000.i2c/i2c-0/0-0048/48070000.i2c:twl@48:pwrbutton (717)
  /sys/devices/platform/68000000.ocp/48070000.i2c/i2c-0/0-0048/48070000.i2c:twl@48:regulator-vaux1 (718)
  /sys/devices/platform/68000000.ocp/48070000.i2c/i2c-0/0-0048/48070000.i2c:twl@48:regulator-vaux1/regulator/regulator.1 (719)
  /sys/devices/platform/68000000.ocp/48070000.i2c/i2c-0/0-0048/48070000.i2c:twl@48:regulator-vaux2 (720)
  /sys/devices/platform/68000000.ocp/48070000.i2c/i2c-0/0-0048/48070000.i2c:twl@48:regulator-vaux2/regulator/regulator.2 (721)
  /sys/devices/platform/68000000.ocp/48070000.i2c/i2c-0/0-0048/48070000.i2c:twl@48:regulator-vaux3 (722)
  /sys/devices/platform/68000000.ocp/48070000.i2c/i2c-0/0-0048/48070000.i2c:twl@48:regulator-vaux3/regulator/regulator.3 (723)
  /sys/devices/platform/68000000.ocp/48070000.i2c/i2c-0/0-0048/48070000.i2c:twl@48:regulator-vaux4 (724)
  /sys/devices/platform/68000000.ocp/48070000.i2c/i2c-0/0-0048/48070000.i2c:twl@48:regulator-vaux4/regulator/regulator.4 (725)
  /sys/devices/platform/68000000.ocp/48070000.i2c/i2c-0/0-0048/48070000.i2c:twl@48:regulator-vdac (726)
  /sys/devices/platform/68000000.ocp/48070000.i2c/i2c-0/0-0048/48070000.i2c:twl@48:regulator-vdac/regulator/regulator.6 (727)
  /sys/devices/platform/68000000.ocp/48070000.i2c/i2c-0/0-0048/48070000.i2c:twl@48:regulator-vdd1 (728)
  /sys/devices/platform/68000000.ocp/48070000.i2c/i2c-0/0-0048/48070000.i2c:twl@48:regulator-vdd1/regulator/regulator.5 (729)
  /sys/devices/platform/68000000.ocp/48070000.i2c/i2c-0/0-0048/48070000.i2c:twl@48:regulator-vintana1 (730)
  /sys/devices/platform/68000000.ocp/48070000.i2c/i2c-0/0-0048/48070000.i2c:twl@48:regulator-vintana1/regulator/regulator.8 (731)
  /sys/devices/platform/68000000.ocp/48070000.i2c/i2c-0/0-0048/48070000.i2c:twl@48:regulator-vintana2 (732)
  /sys/devices/platform/68000000.ocp/48070000.i2c/i2c-0/0-0048/48070000.i2c:twl@48:regulator-vintana2/regulator/regulator.9 (733)
  /sys/devices/platform/68000000.ocp/48070000.i2c/i2c-0/0-0048/48070000.i2c:twl@48:regulator-vintdig (734)
  /sys/devices/platform/68000000.ocp/48070000.i2c/i2c-0/0-0048/48070000.i2c:twl@48:regulator-vintdig/regulator/regulator.10 (735)
  /sys/devices/platform/68000000.ocp/48070000.i2c/i2c-0/0-0048/48070000.i2c:twl@48:regulator-vio (736)
  /sys/devices/platform/68000000.ocp/48070000.i2c/i2c-0/0-0048/48070000.i2c:twl@48:regulator-vio/regulator/regulator.7 (737)
  /sys/devices/platform/68000000.ocp/48070000.i2c/i2c-0/0-0048/48070000.i2c:twl@48:regulator-vmmc1 (738)
  /sys/devices/platform/68000000.ocp/48070000.i2c/i2c-0/0-0048/48070000.i2c:twl@48:regulator-vmmc1/regulator/regulator.11 (739)
  /sys/devices/platform/68000000.ocp/48070000.i2c/i2c-0/0-0048/48070000.i2c:twl@48:regulator-vmmc2 (740)
  /sys/devices/platform/68000000.ocp/48070000.i2c/i2c-0/0-0048/48070000.i2c:twl@48:regulator-vmmc2/regulator/regulator.12 (741)
  /sys/devices/platform/68000000.ocp/48070000.i2c/i2c-0/0-0048/48070000.i2c:twl@48:regulator-vpll1 (742)
  /sys/devices/platform/68000000.ocp/48070000.i2c/i2c-0/0-0048/48070000.i2c:twl@48:regulator-vpll1/regulator/regulator.16 (743)
  /sys/devices/platform/68000000.ocp/48070000.i2c/i2c-0/0-0048/48070000.i2c:twl@48:regulator-vpll2 (744)
  /sys/devices/platform/68000000.ocp/48070000.i2c/i2c-0/0-0048/48070000.i2c:twl@48:regulator-vpll2/regulator/regulator.17 (745)
  /sys/devices/platform/68000000.ocp/48070000.i2c/i2c-0/0-0048/48070000.i2c:twl@48:regulator-vsim (746)
  /sys/devices/platform/68000000.ocp/48070000.i2c/i2c-0/0-0048/48070000.i2c:twl@48:regulator-vsim/regulator/regulator.18 (747)
  /sys/devices/platform/68000000.ocp/48070000.i2c/i2c-0/0-0048/48070000.i2c:twl@48:regulator-vusb1v5 (748)
  /sys/devices/platform/68000000.ocp/48070000.i2c/i2c-0/0-0048/48070000.i2c:twl@48:regulator-vusb1v5/regulator/regulator.13 (749)
  /sys/devices/platform/68000000.ocp/48070000.i2c/i2c-0/0-0048/48070000.i2c:twl@48:regulator-vusb1v8 (750)
  /sys/devices/platform/68000000.ocp/48070000.i2c/i2c-0/0-0048/48070000.i2c:twl@48:regulator-vusb1v8/regulator/regulator.14 (751)
  /sys/devices/platform/68000000.ocp/48070000.i2c/i2c-0/0-0048/48070000.i2c:twl@48:regulator-vusb3v1 (752)
  /sys/devices/platform/68000000.ocp/48070000.i2c/i2c-0/0-0048/48070000.i2c:twl@48:regulator-vusb3v1/regulator/regulator.15 (753)
  /sys/devices/platform/68000000.ocp/48070000.i2c/i2c-0/0-0048/48070000.i2c:twl@48:rtc (754)
  /sys/devices/platform/68000000.ocp/48070000.i2c/i2c-0/0-0048/48070000.i2c:twl@48:twl4030-usb (755)
  /sys/devices/platform/68000000.ocp/48070000.i2c/i2c-0/0-0048/48070000.i2c:twl@48:watchdog (756)
  /sys/devices/platform/68000000.ocp/48070000.i2c/i2c-0/0-0048/twl4030-gpio (757)
  /sys/devices/platform/68000000.ocp/48070000.i2c/i2c-0/0-0048/twl4030-gpio/gpio/gpiochip492 (758)
  /sys/devices/platform/68000000.ocp/48070000.i2c/i2c-0/0-0049 (759)
  /sys/devices/platform/68000000.ocp/48070000.i2c/i2c-0/0-004a (760)
  /sys/devices/platform/68000000.ocp/48072000.i2c/i2c-1 (764)
  /sys/devices/platform/68000000.ocp/48072000.i2c/i2c-1/i2c-dev/i2c-1 (765)
  /sys/devices/platform/68000000.ocp/48086000.timer (766)
  /sys/devices/platform/68000000.ocp/48088000.timer (767)
  /sys/devices/platform/68000000.ocp/48094000.mailbox (768)
  /sys/devices/platform/68000000.ocp/48098000.spi (769)
  /sys/devices/platform/68000000.ocp/48098000.spi/spi_master/spi1 (770)
  /sys/devices/platform/68000000.ocp/4809a000.spi (771)
  /sys/devices/platform/68000000.ocp/4809a000.spi/spi_master/spi2 (772)
  /sys/devices/platform/68000000.ocp/4809c000.mmc (773)
  /sys/devices/platform/68000000.ocp/4809c000.mmc/mmc_host/mmc0 (774)
  /sys/devices/platform/68000000.ocp/4809c000.mmc/mmc_host/mmc0/mmc0:0001 (775)
  /sys/devices/platform/68000000.ocp/4809c000.mmc/mmc_host/mmc0/mmc0:0001/block/mmcblk0 (776)
  /sys/devices/platform/68000000.ocp/4809c000.mmc/mmc_host/mmc0/mmc0:0001/block/mmcblk0/mmcblk0p1 (777)
  /sys/devices/platform/68000000.ocp/4809c000.mmc/mmc_host/mmc0/mmc0:0001/block/mmcblk0/mmcblk0p2 (778)
  /sys/devices/platform/68000000.ocp/480ab000.usb_otg_hs (779)
  /sys/devices/platform/68000000.ocp/480b2000.1w (780)
udevd[169]: timeout: killing '/sbin/modprobe of:Nregulator-vmmc1T<NULL>Cti,twl4030-vmmc1' [213]
ERROR: could not open directory /lib/modules/4.3.0-rc6-next-20151022-00002-g6638e761c576: No such file or directory
WARNING: -e needs -E or -F
ERROR: could not open directory /lib/modules/4.3.0-rc6-next-20151022-00002-g6638e761c576: No such file or directory
FATAL: could not search modules: No such file or directory
Starting Bootlog daemon: udevd[169]: timeout: killing '/sbin/modprobe of:Nregulator-vmmc1T<NULL>Cti,twl4030-vmmc1' [213]
udevd[169]: timeout: killing '/sbin/modprobe of:Nregulator-vmmc1T<NULL>Cti,twl4030-vmmc1' [213]
udevd[169]: timeout: killing '/sbin/modprobe of:Nregulator-vmmc1T<NULL>Cti,twl4030-vmmc1' [213]
udevd[169]: timeout: killing '/sbin/modprobe of:Nregulator-vmmc1T<NULL>Cti,twl4030-vmmc1' [213]
udevd[169]: timeout: killing '/sbin/modprobe of:Nregulator-vmmc1T<NULL>Cti,twl4030-vmmc1' [213]
udevd[169]: timeout: killing '/sbin/modprobe of:Nregulator-vmmc1T<NULL>Cti,twl4030-vmmc1' [213]
udevd[169]: timeout: killing '/sbin/modprobe of:Nregulator-vmmc1T<NULL>Cti,twl4030-vmmc1' [213]
udevd[169]: timeout: killing '/sbin/modprobe of:Nregulator-vmmc1T<NULL>Cti,twl4030-vmmc1' [213]
udevd[169]: timeout: killing '/sbin/modprobe of:Nregulator-vmmc1T<NULL>Cti,twl4030-vmmc1' [213]
udevd[169]: timeout: killing '/sbin/modprobe of:Nregulator-vmmc1T<NULL>Cti,twl4030-vmmc1' [213]
udevd[169]: timeout: killing '/sbin/modprobe of:Nregulator-vmmc1T<NULL>Cti,twl4030-vmmc1' [213]
udevd[169]: timeout: killing '/sbin/modprobe of:Nregulator-vmmc1T<NULL>Cti,twl4030-vmmc1' [213]
udevd[169]: timeout: killing '/sbin/modprobe of:Nregulator-vmmc1T<NULL>Cti,twl4030-vmmc1' [213]
udevd[169]: timeout: killing '/sbin/modprobe of:Nregulator-vmmc1T<NULL>Cti,twl4030-vmmc1' [213]
udevd[169]: timeout: killing '/sbin/modprobe of:Nregulator-vmmc1T<NULL>Cti,twl4030-vmmc1' [213]
udevd[169]: timeout: killing '/sbin/modprobe of:Nregulator-vmmc1T<NULL>Cti,twl4030-vmmc1' [213]
udevd[169]: timeout: killing '/sbin/modprobe of:Nregulator-vmmc1T<NULL>Cti,twl4030-vmmc1' [213]
udevd[169]: timeout: killing '/sbin/modprobe of:Nregulator-vmmc1T<NULL>Cti,twl4030-vmmc1' [213]
udevd[169]: timeout: killing '/sbin/modprobe of:Nregulator-vmmc1T<NULL>Cti,twl4030-vmmc1' [213]
udevd[169]: timeout: killing '/sbin/modprobe of:Nregulator-vmmc1T<NULL>Cti,twl4030-vmmc1' [213]
udevd[169]: timeout: killing '/sbin/modprobe of:Nregulator-vmmc1T<NULL>Cti,twl4030-vmmc1' [213]
udevd[169]: timeout: killing '/sbin/modprobe of:Nregulator-vmmc1T<NULL>Cti,twl4030-vmmc1' [213]
udevd[169]: timeout: killing '/sbin/modprobe of:Nregulator-vmmc1T<NULL>Cti,twl4030-vmmc1' [213]
udevd[169]: timeout: killing '/sbin/modprobe of:Nregulator-vmmc1T<NULL>Cti,twl4030-vmmc1' [213]
udevd[169]: timeout: killing '/sbin/modprobe of:Nregulator-vmmc1T<NULL>Cti,twl4030-vmmc1' [213]
udevd[169]: timeout: killing '/sbin/modprobe of:Nregulator-vmmc1T<NULL>Cti,twl4030-vmmc1' [213]
udevd[169]: timeout: killing '/sbin/modprobe of:Nregulator-vmmc1T<NULL>Cti,twl4030-vmmc1' [213]
udevd[169]: timeout: killing '/sbin/modprobe of:Nregulator-vmmc1T<NULL>Cti,twl4030-vmmc1' [213]
udevd[169]: timeout: killing '/sbin/modprobe of:Nregulator-vmmc1T<NULL>Cti,twl4030-vmmc1' [213]
udevd[169]: timeout: killing '/sbin/modprobe of:Nregulator-vmmc1T<NULL>Cti,twl4030-vmmc1' [213]
udevd[169]: timeout: killing '/sbin/modprobe of:Nregulator-vmmc1T<NULL>Cti,twl4030-vmmc1' [213]
udevd[169]: timeout: killing '/sbin/modprobe of:Nregulator-vmmc1T<NULL>Cti,twl4030-vmmc1' [213]
udevd[169]: timeout: killing '/sbin/modprobe of:Nregulator-vmmc1T<NULL>Cti,twl4030-vmmc1' [213]
udevd[169]: timeout: killing '/sbin/modprobe of:Nregulator-vmmc1T<NULL>Cti,twl4030-vmmc1' [213]
udevd[169]: timeout: killing '/sbin/modprobe of:Nregulator-vmmc1T<NULL>Cti,twl4030-vmmc1' [213]
udevd[169]: timeout: killing '/sbin/modprobe of:Nregulator-vmmc1T<NULL>Cti,twl4030-vmmc1' [213]
udevd[169]: timeout: killing '/sbin/modprobe of:Nregulator-vmmc1T<NULL>Cti,twl4030-vmmc1' [213]
udevd[169]: timeout: killing '/sbin/modprobe of:Nregulator-vmmc1T<NULL>Cti,twl4030-vmmc1' [213]
udevd[169]: timeout: killing '/sbin/modprobe of:Nregulator-vmmc1T<NULL>Cti,twl4030-vmmc1' [213]
udevd[169]: timeout: killing '/sbin/modprobe of:Nregulator-vmmc1T<NULL>Cti,twl4030-vmmc1' [213]
udevd[169]: timeout: killing '/sbin/modprobe of:Nregulator-vmmc1T<NULL>Cti,twl4030-vmmc1' [213]
udevd[169]: timeout: killing '/sbin/modprobe of:Nregulator-vmmc1T<NULL>Cti,twl4030-vmmc1' [213]
udevd[169]: timeout: killing '/sbin/modprobe of:Nregulator-vmmc1T<NULL>Cti,twl4030-vmmc1' [213]
udevd[169]: timeout: killing '/sbin/modprobe of:Nregulator-vmmc1T<NULL>Cti,twl4030-vmmc1' [213]
udevd[169]: timeout: killing '/sbin/modprobe of:Nregulator-vmmc1T<NULL>Cti,twl4030-vmmc1' [213]
udevd[169]: timeout: killing '/sbin/modprobe of:Nregulator-vmmc1T<NULL>Cti,twl4030-vmmc1' [213]
udevd[169]: timeout: killing '/sbin/modprobe of:Nregulator-vmmc1T<NULL>Cti,twl4030-vmmc1' [213]
udevd[169]: timeout: killing '/sbin/modprobe of:Nregulator-vmmc1T<NULL>Cti,twl4030-vmmc1' [213]
udevd[169]: timeout: killing '/sbin/modprobe of:Nregulator-vmmc1T<NULL>Cti,twl4030-vmmc1' [213]
udevd[169]: timeout: killing '/sbin/modprobe of:Nregulator-vmmc1T<NULL>Cti,twl4030-vmmc1' [213]
udevd[169]: timeout: killing '/sbin/modprobe of:Nregulator-vmmc1T<NULL>Cti,twl4030-vmmc1' [213]
udevd[169]: timeout: killing '/sbin/modprobe of:Nregulator-vmmc1T<NULL>Cti,twl4030-vmmc1' [213]
udevd[169]: timeout: killing '/sbin/modprobe of:Nregulator-vmmc1T<NULL>Cti,twl4030-vmmc1' [213]
udevd[169]: timeout: killing '/sbin/modprobe of:Nregulator-vmmc1T<NULL>Cti,twl4030-vmmc1' [213]
udevd[169]: timeout: killing '/sbin/modprobe of:Nregulator-vmmc1T<NULL>Cti,twl4030-vmmc1' [213]
udevd[169]: timeout: killing '/sbin/modprobe of:Nregulator-vmmc1T<NULL>Cti,twl4030-vmmc1' [213]
udevd[169]: timeout: killing '/sbin/modprobe of:Nregulator-vmmc1T<NULL>Cti,twl4030-vmmc1' [213]
udevd[169]: timeout: killing '/sbin/modprobe of:Nregulator-vmmc1T<NULL>Cti,twl4030-vmmc1' [213]
udevd[169]: timeout: killing '/sbin/modprobe of:Nregulator-vmmc1T<NULL>Cti,twl4030-vmmc1' [213]
udevd[169]: timeout: killing '/sbin/modprobe of:Nregulator-vmmc1T<NULL>Cti,twl4030-vmmc1' [213]
udevd[169]: timeout: killing '/sbin/modprobe of:Nregulator-vmmc1T<NULL>Cti,twl4030-vmmc1' [213]
udevd[169]: timeout: killing '/sbin/modprobe of:Nregulator-vmmc1T<NULL>Cti,twl4030-vmmc1' [213]
udevd[169]: timeout: killing '/sbin/modprobe of:Nregulator-vmmc1T<NULL>Cti,twl4030-vmmc1' [213]
udevd[169]: timeout: killing '/sbin/modprobe of:Nregulator-vmmc1T<NULL>Cti,twl4030-vmmc1' [213]
udevd[169]: timeout: killing '/sbin/modprobe of:Nregulator-vmmc1T<NULL>Cti,twl4030-vmmc1' [213]
udevd[169]: timeout: killing '/sbin/modprobe of:Nregulator-vmmc1T<NULL>Cti,twl4030-vmmc1' [213]
udevd[169]: timeout: killing '/sbin/modprobe of:Nregulator-vmmc1T<NULL>Cti,twl4030-vmmc1' [213]
- 05:41:46 [INFO] Boot attempt 1/1 failed
URL:gtsystest.telogy.design.ti.com/vatf/tidfarm-05/tidfarm-05_vatf@beagleboard-xm/tidfarm-0510_28_2015_05_37_02/files/session_iteration_1/test_1
