- 02:06:57 [INFO] Starting target session
- 02:06:58 [INFO] Connected to beagleboard via serial 
- 02:06:58 [INFO] Host: #check prompt
- 02:07:00 [ERROR] On command: #check prompt waiting for (?-mix:((?-mix:.*\s+login)|[Pp]assword)) >>> error: execution expired
- 02:07:00 [INFO] Target: 
#check prompt
- 02:07:00 [INFO] Host: #check prompt
- 02:07:02 [ERROR] On command: #check prompt waiting for (?m-ix:root.*#) >>> error: execution expired
- 02:07:02 [INFO] Target: 
#check prompt
- 02:07:02 [INFO] Disconnected serial from beagleboard
- 02:07:35 [INFO] Connected to beagleboard via serial 
- 02:07:35 [INFO] Host: 
- 02:07:36 [INFO] Target: 
U-Boot# 
- 02:07:36 [INFO] Host: 
- 02:07:37 [INFO] Target: 
U-Boot# 
- 02:07:37 [INFO] Host: version
- 02:07:37 [INFO] Target: 
version
U-Boot 2014.04-00071-g8543283 (Apr 22 2014 - 15:49:50)
arm-linux-gnueabi-gcc (Ubuntu/Linaro 4.6.3-1ubuntu5) 4.6.3
GNU ld (GNU Binutils for Ubuntu) 2.22
U-Boot# 
- 02:07:37 [INFO] Host: setenv bootargs 'console=ttyO2,115200n8  earlyprintk rootwait '
- 02:07:38 [INFO] Target: 
setenv bootargs 'console=ttyO2,115200n8  earlyprintk rootwait '
U-Boot# 
- 02:07:38 [INFO] Host: setenv bootcmd  ''
- 02:07:38 [INFO] Target: 
setenv bootcmd  ''
U-Boot# 
- 02:07:38 [INFO] Host: setenv autoload 'no'
- 02:07:39 [INFO] Target: 
setenv autoload 'no'
U-Boot# 
- 02:07:39 [INFO] Host: setenv serverip '128.247.105.47'
- 02:07:39 [INFO] Target: 
setenv serverip '128.247.105.47'
U-Boot# 
- 02:07:39 [INFO] Host: printenv
- 02:07:40 [INFO] Target: 
printenv
arch=arm
autoload=no
baudrate=115200
beaglerev=xMC
board=beagle
board_name=beagle
bootargs=console=ttyO2,115200n8  earlyprintk rootwait 
bootcmd=
bootdelay=1
bootdir=/boot
bootenv=uEnv.txt
bootfile=uImage
bootm_size=0x08000000
bootpart=0:2
buddy=none
camera=none
console=ttyO2,115200n8
cpu=armv7
defaultdisplay=dvi
dieid#=409600029ff800000168300f0d00c008
dvimode=640x480MR-16@60
ethact=usb_ether
fdtaddr=0x80f80000
findfdt=if test $beaglerev = AxBx; then setenv fdtfile omap3-beagle.dtb; fi; if test $beaglerev = Cx; then setenv fdtfile omap3-beagle.dtb; fi; if test $beaglerev = C4; then setenv fdtfile omap3-beagle.dtb; fi; if test $beaglerev = xMAB; then setenv fdtfile omap3-beagle-xm.dtb; fi; if test $beaglerev = xMC; then setenv fdtfile omap3-beagle-xm.dtb; fi; if test $fdtfile = undefined; then echo WARNING: Could not determine device tree to use; fi; 
importbootenv=echo Importing environment from mmc ...; env import -t $loadaddr $filesize
loadaddr=0x80200000
loadbootenv=fatload mmc ${mmcdev} ${loadaddr} ${bootenv}
loadfdt=load mmc ${bootpart} ${fdtaddr} ${bootdir}/${fdtfile}
loadimage=load mmc ${bootpart} ${loadaddr} ${bootdir}/${bootfile}
loadramdisk=load mmc ${bootpart} ${rdaddr} ${bootdir}/${ramdisk}
mmcargs=setenv bootargs console=${console} ${optargs} mpurate=${mpurate} buddy=${buddy} camera=${camera} vram=${vram} omapfb.mode=dvi:${dvimode} omapdss.def_disp=${defaultdisplay} root=${mmcroot} rootfstype=${mmcrootfstype}
mmcboot=echo Booting from mmc ...; run mmcargs; bootm ${loadaddr}
mmcbootz=echo Booting with DT from mmc${mmcdev} ...; run mmcargs; bootz ${loadaddr} - ${fdtaddr}
mmcdev=0
mmcroot=/dev/mmcblk0p2 rw
mmcrootfstype=ext3 rootwait
mpurate=auto
nandargs=setenv bootargs console=${console} ${optargs} mpurate=${mpurate} buddy=${buddy} camera=${camera} vram=${vram} omapfb.mode=dvi:${dvimode} omapdss.def_disp=${defaultdisplay} root=${nandroot} rootfstype=${nandrootfstype}
nandboot=echo Booting from nand ...; run nandargs; nand read ${loadaddr} 280000 400000; bootm ${loadaddr}
nandroot=ubi0:rootfs ubi.mtd=4
nandrootfstype=ubifs
ramargs=setenv bootargs console=${console} ${optargs} mpurate=${mpurate} buddy=${buddy} vram=${vram} omapfb.mode=dvi:${dvimode} omapdss.def_disp=${defaultdisplay} root=${ramroot} rootfstype=${ramrootfstype}
ramboot=echo Booting from ramdisk ...; run ramargs; bootm ${loadaddr}
ramdisk=ramdisk.gz
ramroot=/dev/ram0 rw ramdisk_size=65536 initrd=0x81000000,64M
ramrootfstype=ext2
rdaddr=0x81000000
serverip=128.247.105.47
soc=omap3
stderr=serial
stdin=serial
stdout=serial
usbethaddr=02:08:0f:00:02:00
usbtty=cdc_acm
userbutton=if gpio input 173; then run userbutton_xm; else run userbutton_nonxm; fi;
userbutton_nonxm=gpio input 7;
userbutton_xm=gpio input 4;
vendor=ti
ver=U-Boot 2014.04-00071-g8543283 (Apr 22 2014 - 15:49:50)
vram=12M
Environment size: 2927/131068 bytes
U-Boot# 
- 02:07:40 [INFO] Host: dcache off
- 02:07:41 [INFO] Target: 
dcache off
U-Boot# 
- 02:07:41 [INFO] Host: usb start
- 02:07:43 [INFO] Target: 
usb start
(Re)start USB...
USB0:   USB EHCI 1.00
scanning bus 0 for devices... 3 USB Device(s) found
       scanning usb for storage devices... 0 Storage Device(s) found
       scanning usb for ethernet devices... 1 Ethernet Device(s) found
U-Boot# 
- 02:07:43 [INFO] Host: printenv
- 02:07:44 [INFO] Target: 
printenv
arch=arm
autoload=no
baudrate=115200
beaglerev=xMC
board=beagle
board_name=beagle
bootargs=console=ttyO2,115200n8  earlyprintk rootwait 
bootcmd=
bootdelay=1
bootdir=/boot
bootenv=uEnv.txt
bootfile=uImage
bootm_size=0x08000000
bootpart=0:2
buddy=none
camera=none
console=ttyO2,115200n8
cpu=armv7
defaultdisplay=dvi
dieid#=409600029ff800000168300f0d00c008
dvimode=640x480MR-16@60
ethact=usb_ether
fdtaddr=0x80f80000
findfdt=if test $beaglerev = AxBx; then setenv fdtfile omap3-beagle.dtb; fi; if test $beaglerev = Cx; then setenv fdtfile omap3-beagle.dtb; fi; if test $beaglerev = C4; then setenv fdtfile omap3-beagle.dtb; fi; if test $beaglerev = xMAB; then setenv fdtfile omap3-beagle-xm.dtb; fi; if test $beaglerev = xMC; then setenv fdtfile omap3-beagle-xm.dtb; fi; if test $fdtfile = undefined; then echo WARNING: Could not determine device tree to use; fi; 
importbootenv=echo Importing environment from mmc ...; env import -t $loadaddr $filesize
loadaddr=0x80200000
loadbootenv=fatload mmc ${mmcdev} ${loadaddr} ${bootenv}
loadfdt=load mmc ${bootpart} ${fdtaddr} ${bootdir}/${fdtfile}
loadimage=load mmc ${bootpart} ${loadaddr} ${bootdir}/${bootfile}
loadramdisk=load mmc ${bootpart} ${rdaddr} ${bootdir}/${ramdisk}
mmcargs=setenv bootargs console=${console} ${optargs} mpurate=${mpurate} buddy=${buddy} camera=${camera} vram=${vram} omapfb.mode=dvi:${dvimode} omapdss.def_disp=${defaultdisplay} root=${mmcroot} rootfstype=${mmcrootfstype}
mmcboot=echo Booting from mmc ...; run mmcargs; bootm ${loadaddr}
mmcbootz=echo Booting with DT from mmc${mmcdev} ...; run mmcargs; bootz ${loadaddr} - ${fdtaddr}
mmcdev=0
mmcroot=/dev/mmcblk0p2 rw
mmcrootfstype=ext3 rootwait
mpurate=auto
nandargs=setenv bootargs console=${console} ${optargs} mpurate=${mpurate} buddy=${buddy} camera=${camera} vram=${vram} omapfb.mode=dvi:${dvimode} omapdss.def_disp=${defaultdisplay} root=${nandroot} rootfstype=${nandrootfstype}
nandboot=echo Booting from nand ...; run nandargs; nand read ${loadaddr} 280000 400000; bootm ${loadaddr}
nandroot=ubi0:rootfs ubi.mtd=4
nandrootfstype=ubifs
ramargs=setenv bootargs console=${console} ${optargs} mpurate=${mpurate} buddy=${buddy} vram=${vram} omapfb.mode=dvi:${dvimode} omapdss.def_disp=${defaultdisplay} root=${ramroot} rootfstype=${ramrootfstype}
ramboot=echo Booting from ramdisk ...; run ramargs; bootm ${loadaddr}
ramdisk=ramdisk.gz
ramroot=/dev/ram0 rw ramdisk_size=65536 initrd=0x81000000,64M
ramrootfstype=ext2
rdaddr=0x81000000
serverip=128.247.105.47
soc=omap3
stderr=serial
stdin=serial
stdout=serial
usbethaddr=02:08:0f:00:02:00
usbtty=cdc_acm
userbutton=if gpio input 173; then run userbutton_xm; else run userbutton_nonxm; fi;
userbutton_nonxm=gpio input 7;
userbutton_xm=gpio input 4;
vendor=ti
ver=U-Boot 2014.04-00071-g8543283 (Apr 22 2014 - 15:49:50)
vram=12M
Environment size: 2927/131068 bytes
U-Boot# 
- 02:07:44 [INFO] Host: setenv bootargs ''${bootargs}' ip=dhcp '
- 02:07:44 [INFO] Target: 
setenv bootargs ''${bootargs}' ip=dhcp '
U-Boot# 
- 02:07:44 [INFO] Host: setenv serverip '128.247.105.47'
- 02:07:45 [INFO] Target: 
setenv serverip '128.247.105.47'
U-Boot# 
- 02:07:45 [INFO] Host: setenv ipaddr dhcp
- 02:07:46 [INFO] Target: 
setenv ipaddr dhcp
U-Boot# 
- 02:07:46 [INFO] Host: setenv autoload 'no'
- 02:07:46 [INFO] Target: 
setenv autoload 'no'
U-Boot# 
- 02:07:46 [INFO] Host: dhcp
- 02:07:49 [INFO] Target: 
dhcp
ERROR: Need valid 'usbnet_devaddr' to be set
at drivers/usb/gadget/ether.c:2362/usb_eth_init()
Waiting for Ethernet connection... done.
BOOTP broadcast 1
DHCP client bound to address 192.168.1.160
U-Boot# 
- 02:07:49 [INFO] Host: setenv serverip '128.247.105.47'
- 02:07:50 [INFO] Target: 
setenv serverip '128.247.105.47'
U-Boot# 
- 02:07:50 [INFO] Host: tftp ${loadaddr} 128.247.105.47:vatf_2/c27b797cb55bce56a6087a7bbb5018e2
- 02:08:00 [INFO] Target: 
tftp ${loadaddr} 128.247.105.47:vatf_2/c27b797cb55bce56a6087a7bbb5018e2
Waiting for Ethernet connection... done.
Using sms0 device
TFTP from server 128.247.105.47; our IP address is 192.168.1.160; sending through gateway 192.168.1.254
Filename 'vatf_2/c27b797cb55bce56a6087a7bbb5018e2'.
Load address: 0x80200000
Loading: *#################################################################
	 #################################################################
	 #################################################################
	 #################################################################
	 ####################################################
	 548.8 KiB/s
done
Bytes transferred = 4570616 (45bdf8 hex)
U-Boot# 
- 02:08:00 [INFO] Host: tftp ${fdtaddr} 128.247.105.47:vatf_2/efe3cf6d0b0f39d1ecb203365fd724b9
- 02:08:07 [INFO] Target: 
tftp ${fdtaddr} 128.247.105.47:vatf_2/efe3cf6d0b0f39d1ecb203365fd724b9
Waiting for Ethernet connection... done.
Using sms0 device
TFTP from server 128.247.105.47; our IP address is 192.168.1.160; sending through gateway 192.168.1.254
Filename 'vatf_2/efe3cf6d0b0f39d1ecb203365fd724b9'.
Load address: 0x80f80000
Loading: *##EHCI timed out on TD - token=0x8008d80
T ###
	 11.7 KiB/s
done
Bytes transferred = 62172 (f2dc hex)
U-Boot# 
- 02:08:07 [INFO] Host: ls mmc 0:1
- 02:08:08 [INFO] Target: 
ls mmc 0:1
    49660   mlo 
   372288   u-boot.img 
       70   uenv.txt 
  4254648   back-zimage 
    57382   back-omap3-beagle-xm.dtb 
5 file(s), 0 dir(s)
U-Boot# 
- 02:08:08 [INFO] Host: ls mmc 0:2
- 02:08:08 [INFO] Target: 
ls mmc 0:2
<DIR>       4096 .
<DIR>       4096 ..
<DIR>      16384 lost+found
<DIR>       4096 bin
<DIR>       4096 boot
<SYM>         37 cpufreq
<SYM>         37 cpuidle
<DIR>       4096 dev
<DIR>       4096 etc
<DIR>       4096 home
<DIR>       4096 lib
<DIR>       4096 media
<DIR>       4096 mnt
<DIR>       4096 opt
<DIR>       4096 proc
<SYM>          8 run
<DIR>       4096 sbin
<DIR>       4096 srv
<DIR>       4096 sys
<SYM>          8 tmp
<DIR>       4096 usr
<DIR>       4096 var
<DIR>       4096 www
<DIR>       4096 Settings
<DIR>       4096 test
          348160 core
U-Boot# 
- 02:08:08 [INFO] Host: part uuid mmc 0:2
- 02:08:09 [INFO] Target: 
part uuid mmc 0:2
Unknown command 'part' - try 'help'
U-Boot# 
- 02:08:09 [INFO] Host: printenv
- 02:08:09 [INFO] Target: 
printenv
arch=arm
autoload=no
baudrate=115200
beaglerev=xMC
board=beagle
board_name=beagle
bootargs=console=ttyO2,115200n8  earlyprintk rootwait  ip=dhcp 
bootcmd=
bootdelay=1
bootdir=/boot
bootenv=uEnv.txt
bootfile=uImage
bootm_size=0x08000000
bootpart=0:2
buddy=none
camera=none
console=ttyO2,115200n8
cpu=armv7
defaultdisplay=dvi
dieid#=409600029ff800000168300f0d00c008
dnsip=192.0.2.2
dvimode=640x480MR-16@60
ethact=sms0
fdtaddr=0x80f80000
fileaddr=80f80000
filesize=f2dc
findfdt=if test $beaglerev = AxBx; then setenv fdtfile omap3-beagle.dtb; fi; if test $beaglerev = Cx; then setenv fdtfile omap3-beagle.dtb; fi; if test $beaglerev = C4; then setenv fdtfile omap3-beagle.dtb; fi; if test $beaglerev = xMAB; then setenv fdtfile omap3-beagle-xm.dtb; fi; if test $beaglerev = xMC; then setenv fdtfile omap3-beagle-xm.dtb; fi; if test $fdtfile = undefined; then echo WARNING: Could not determine device tree to use; fi; 
gatewayip=192.168.1.254
importbootenv=echo Importing environment from mmc ...; env import -t $loadaddr $filesize
ipaddr=192.168.1.160
loadaddr=0x80200000
loadbootenv=fatload mmc ${mmcdev} ${loadaddr} ${bootenv}
loadfdt=load mmc ${bootpart} ${fdtaddr} ${bootdir}/${fdtfile}
loadimage=load mmc ${bootpart} ${loadaddr} ${bootdir}/${bootfile}
loadramdisk=load mmc ${bootpart} ${rdaddr} ${bootdir}/${ramdisk}
mmcargs=setenv bootargs console=${console} ${optargs} mpurate=${mpurate} buddy=${buddy} camera=${camera} vram=${vram} omapfb.mode=dvi:${dvimode} omapdss.def_disp=${defaultdisplay} root=${mmcroot} rootfstype=${mmcrootfstype}
mmcboot=echo Booting from mmc ...; run mmcargs; bootm ${loadaddr}
mmcbootz=echo Booting with DT from mmc${mmcdev} ...; run mmcargs; bootz ${loadaddr} - ${fdtaddr}
mmcdev=0
mmcroot=/dev/mmcblk0p2 rw
mmcrootfstype=ext3 rootwait
mpurate=auto
nandargs=setenv bootargs console=${console} ${optargs} mpurate=${mpurate} buddy=${buddy} camera=${camera} vram=${vram} omapfb.mode=dvi:${dvimode} omapdss.def_disp=${defaultdisplay} root=${nandroot} rootfstype=${nandrootfstype}
nandboot=echo Booting from nand ...; run nandargs; nand read ${loadaddr} 280000 400000; bootm ${loadaddr}
nandroot=ubi0:rootfs ubi.mtd=4
nandrootfstype=ubifs
netmask=255.255.255.0
ramargs=setenv bootargs console=${console} ${optargs} mpurate=${mpurate} buddy=${buddy} vram=${vram} omapfb.mode=dvi:${dvimode} omapdss.def_disp=${defaultdisplay} root=${ramroot} rootfstype=${ramrootfstype}
ramboot=echo Booting from ramdisk ...; run ramargs; bootm ${loadaddr}
ramdisk=ramdisk.gz
ramroot=/dev/ram0 rw ramdisk_size=65536 initrd=0x81000000,64M
ramrootfstype=ext2
rdaddr=0x81000000
serverip=128.247.105.47
soc=omap3
stderr=serial
stdin=serial
stdout=serial
usbethaddr=02:08:0f:00:02:00
usbtty=cdc_acm
userbutton=if gpio input 173; then run userbutton_xm; else run userbutton_nonxm; fi;
userbutton_nonxm=gpio input 7;
userbutton_xm=gpio input 4;
vendor=ti
ver=U-Boot 2014.04-00071-g8543283 (Apr 22 2014 - 15:49:50)
vram=12M
Environment size: 3058/131068 bytes
U-Boot# 
- 02:08:09 [INFO] Host: setenv bootargs ''${bootargs}' root=/dev/mmcblk0p2 rw rootfstype=ext3 rootwait '
- 02:08:10 [INFO] Target: 
setenv bootargs ''${bootargs}' root=/dev/mmcblk0p2 rw rootfstype=ext3 rootwait '
U-Boot# 
- 02:08:10 [INFO] Host: printenv
- 02:08:11 [INFO] Target: 
printenv
arch=arm
autoload=no
baudrate=115200
beaglerev=xMC
board=beagle
board_name=beagle
bootargs=console=ttyO2,115200n8  earlyprintk rootwait  ip=dhcp  root=/dev/mmcblk0p2 rw rootfstype=ext3 rootwait 
bootcmd=
bootdelay=1
bootdir=/boot
bootenv=uEnv.txt
bootfile=uImage
bootm_size=0x08000000
bootpart=0:2
buddy=none
camera=none
console=ttyO2,115200n8
cpu=armv7
defaultdisplay=dvi
dieid#=409600029ff800000168300f0d00c008
dnsip=192.0.2.2
dvimode=640x480MR-16@60
ethact=sms0
fdtaddr=0x80f80000
fileaddr=80f80000
filesize=f2dc
findfdt=if test $beaglerev = AxBx; then setenv fdtfile omap3-beagle.dtb; fi; if test $beaglerev = Cx; then setenv fdtfile omap3-beagle.dtb; fi; if test $beaglerev = C4; then setenv fdtfile omap3-beagle.dtb; fi; if test $beaglerev = xMAB; then setenv fdtfile omap3-beagle-xm.dtb; fi; if test $beaglerev = xMC; then setenv fdtfile omap3-beagle-xm.dtb; fi; if test $fdtfile = undefined; then echo WARNING: Could not determine device tree to use; fi; 
gatewayip=192.168.1.254
importbootenv=echo Importing environment from mmc ...; env import -t $loadaddr $filesize
ipaddr=192.168.1.160
loadaddr=0x80200000
loadbootenv=fatload mmc ${mmcdev} ${loadaddr} ${bootenv}
loadfdt=load mmc ${bootpart} ${fdtaddr} ${bootdir}/${fdtfile}
loadimage=load mmc ${bootpart} ${loadaddr} ${bootdir}/${bootfile}
loadramdisk=load mmc ${bootpart} ${rdaddr} ${bootdir}/${ramdisk}
mmcargs=setenv bootargs console=${console} ${optargs} mpurate=${mpurate} buddy=${buddy} camera=${camera} vram=${vram} omapfb.mode=dvi:${dvimode} omapdss.def_disp=${defaultdisplay} root=${mmcroot} rootfstype=${mmcrootfstype}
mmcboot=echo Booting from mmc ...; run mmcargs; bootm ${loadaddr}
mmcbootz=echo Booting with DT from mmc${mmcdev} ...; run mmcargs; bootz ${loadaddr} - ${fdtaddr}
mmcdev=0
mmcroot=/dev/mmcblk0p2 rw
mmcrootfstype=ext3 rootwait
mpurate=auto
nandargs=setenv bootargs console=${console} ${optargs} mpurate=${mpurate} buddy=${buddy} camera=${camera} vram=${vram} omapfb.mode=dvi:${dvimode} omapdss.def_disp=${defaultdisplay} root=${nandroot} rootfstype=${nandrootfstype}
nandboot=echo Booting from nand ...; run nandargs; nand read ${loadaddr} 280000 400000; bootm ${loadaddr}
nandroot=ubi0:rootfs ubi.mtd=4
nandrootfstype=ubifs
netmask=255.255.255.0
ramargs=setenv bootargs console=${console} ${optargs} mpurate=${mpurate} buddy=${buddy} vram=${vram} omapfb.mode=dvi:${dvimode} omapdss.def_disp=${defaultdisplay} root=${ramroot} rootfstype=${ramrootfstype}
ramboot=echo Booting from ramdisk ...; run ramargs; bootm ${loadaddr}
ramdisk=ramdisk.gz
ramroot=/dev/ram0 rw ramdisk_size=65536 initrd=0x81000000,64M
ramrootfstype=ext2
rdaddr=0x81000000
serverip=128.247.105.47
soc=omap3
stderr=serial
stdin=serial
stdout=serial
usbethaddr=02:08:0f:00:02:00
usbtty=cdc_acm
userbutton=if gpio input 173; then run userbutton_xm; else run userbutton_nonxm; fi;
userbutton_nonxm=gpio input 7;
userbutton_xm=gpio input 4;
vendor=ti
ver=U-Boot 2014.04-00071-g8543283 (Apr 22 2014 - 15:49:50)
vram=12M
Environment size: 3107/131068 bytes
U-Boot# 
- 02:08:11 [INFO] Host: setenv bootcmd ''${bootcmd}' if iminfo ${loadaddr}; then bootm ${loadaddr} - ${fdtaddr}; else bootz ${loadaddr} - ${fdtaddr}; bootm ${loadaddr} - ${fdtaddr}; fi'
- 02:08:11 [INFO] Target: 
setenv bootcmd ''${bootcmd}' if iminfo ${loadaddr}; then bootm ${loadaddr} - ${fdtaddr}; else bootz ${loadaddr} - ${fdtaddr}; bootm ${loadaddr} - ${fdtaddr}; fi'
U-Boot# 
- 02:08:11 [INFO] Host: bdinfo
- 02:08:12 [INFO] Target: 
bdinfo
arch_number = 0x0000060A
boot_params = 0x80000100
DRAM bank   = 0x00000000
-> start    = 0x80000000
-> size     = 0x10000000
DRAM bank   = 0x00000001
-> start    = 0x90000000
-> size     = 0x10000000
eth0name    = usb_ether
ethaddr     = (not set)
eth1name    = sms0
eth1addr    = (not set)
current eth = sms0
ip_addr     = 192.168.1.160
baudrate    = 115200 bps
TLB addr    = 0x9FFF0000
relocaddr   = 0x9FF51000
reloc off   = 0x1FE51000
irq_sp      = 0x9FE30ED0
sp start    = 0x9FE30EC0
U-Boot# 
- 02:08:12 [INFO] Host: boot
- 02:10:42 [ERROR] On command: boot waiting for (?-mix:.*\s+login) >>> error: execution expired
- 02:10:42 [INFO] Target: 
boot
## Checking Image at 80200000 ...
Unknown image format!
Kernel image @ 0x80200000 [ 0x000000 - 0x45bdf8 ]
## Flattened Device Tree blob at 80f80000
   Booting using the fdt blob at 0x80f80000
   Loading Device Tree to 87fed000, end 87fff2db ... OK
Starting kernel ...
[    0.000000] Booting Linux on physical CPU 0x0
[    0.000000] Initializing cgroup subsys cpuset
[    0.000000] Initializing cgroup subsys cpu
[    0.000000] Initializing cgroup subsys cpuacct
[    0.000000] Linux version 3.18.0-rc4-00002-gc92e04a (nmenon@kahuna) (gcc version 4.6.3 (Ubuntu/Linaro 4.6.3-1ubuntu5) ) #1 SMP Mon Nov 10 02:03:38 CST 2014
[    0.000000] CPU: ARMv7 Processor [413fc082] revision 2 (ARMv7), cr=10c5387d
[    0.000000] CPU: PIPT / VIPT nonaliasing data cache, VIPT aliasing instruction cache
[    0.000000] Machine model: TI OMAP3 BeagleBoard xM
[    0.000000] cma: Reserved 16 MiB at 0x9e800000
[    0.000000] Memory policy: Data cache writeback
[    0.000000]   HighMem zone: 1048574 pages exceeds freesize 0
[    0.000000] CPU: All CPU(s) started in SVC mode.
[    0.000000] OMAP3630 ES1.2 (l2cache iva sgx neon isp 192mhz_clk )
[    0.000000] PERCPU: Embedded 11 pages/cpu @dfa79000 s14976 r8192 d21888 u45056
[    0.000000] Built 1 zonelists in Zone order, mobility grouping on.  Total pages: 129792
[    0.000000] Kernel command line: console=ttyO2,115200n8  earlyprintk rootwait  ip=dhcp  root=/dev/mmcblk0p2 rw rootfstype=ext3 rootwait 
[    0.000000] PID hash table entries: 2048 (order: 1, 8192 bytes)
[    0.000000] Dentry cache hash table entries: 65536 (order: 6, 262144 bytes)
[    0.000000] Inode-cache hash table entries: 32768 (order: 5, 131072 bytes)
[    0.000000] allocated 1046528 bytes of page_cgroup
[    0.000000] please try 'cgroup_disable=memory' option if you don't want memory cgroups
[    0.000000] Memory: 483184K/523264K available (5979K kernel code, 670K rwdata, 2280K rodata, 408K init, 8226K bss, 40080K reserved, 0K highmem)
[    0.000000] Virtual kernel memory layout:
[    0.000000]     vector  : 0xffff0000 - 0xffff1000   (   4 kB)
[    0.000000]     fixmap  : 0xffc00000 - 0xffe00000   (2048 kB)
[    0.000000]     vmalloc : 0xe0800000 - 0xff000000   ( 488 MB)
[    0.000000]     lowmem  : 0xc0000000 - 0xe0000000   ( 512 MB)
[    0.000000]     pkmap   : 0xbfe00000 - 0xc0000000   (   2 MB)
[    0.000000]     modules : 0xbf000000 - 0xbfe00000   (  14 MB)
[    0.000000]       .text : 0xc0008000 - 0xc08190c4   (8261 kB)
[    0.000000]       .init : 0xc081a000 - 0xc0880000   ( 408 kB)
[    0.000000]       .data : 0xc0880000 - 0xc0927998   ( 671 kB)
[    0.000000]        .bss : 0xc0927998 - 0xc1130278   (8227 kB)
[    0.000000] Hierarchical RCU implementation.
[    0.000000] 	RCU restricting CPUs from NR_CPUS=2 to nr_cpu_ids=1.
[    0.000000] RCU: Adjusting geometry for rcu_fanout_leaf=16, nr_cpu_ids=1
[    0.000000] NR_IRQS:16 nr_irqs:16 16
[    0.000000] IRQ: Found an INTC at 0xfa200000 (revision 4.0) with 96 interrupts
[    0.000000] Clocking rate (Crystal/Core/MPU): 26.0/400/600 MHz
[    0.000000] OMAP clockevent source: timer1 at 32768 Hz
[    0.000030] sched_clock: 32 bits at 32kHz, resolution 30517ns, wraps every 65536000000000ns
[    0.000061] OMAP clocksource: 32k_counter at 32768 Hz
[    0.001190] Console: colour dummy device 80x30
[    0.001251] Lock dependency validator: Copyright (c) 2006 Red Hat, Inc., Ingo Molnar
[    0.001251] ... MAX_LOCKDEP_SUBCLASSES:  8
[    0.001281] ... MAX_LOCK_DEPTH:          48
[    0.001281] ... MAX_LOCKDEP_KEYS:        8191
[    0.001312] ... CLASSHASH_SIZE:          4096
[    0.001312] ... MAX_LOCKDEP_ENTRIES:     32768
[    0.001342] ... MAX_LOCKDEP_CHAINS:      65536
[    0.001342] ... CHAINHASH_SIZE:          32768
[    0.001342]  memory used by lock dependency info: 5167 kB
[    0.001373]  per task-struct memory footprint: 1152 bytes
[    0.001403] Calibrating delay loop... 594.73 BogoMIPS (lpj=2973696)
[    0.097595] pid_max: default: 32768 minimum: 301
[    0.098144] Security Framework initialized
[    0.098388] Mount-cache hash table entries: 1024 (order: 0, 4096 bytes)
[    0.098419] Mountpoint-cache hash table entries: 1024 (order: 0, 4096 bytes)
[    0.102142] Initializing cgroup subsys memory
[    0.102233] Initializing cgroup subsys devices
[    0.102355] Initializing cgroup subsys freezer
[    0.102478] Initializing cgroup subsys blkio
[    0.102569] Initializing cgroup subsys perf_event
[    0.102691] CPU: Testing write buffer coherency: ok
[    0.104339] CPU0: thread -1, cpu 0, socket -1, mpidr 0
[    0.104492] Setting up static identity map for 0x805aaf68 - 0x805aafd8
[    0.109588] Brought up 1 CPUs
[    0.109619] SMP: Total of 1 processors activated.
[    0.109619] CPU: All CPU(s) started in SVC mode.
[    0.113586] devtmpfs: initialized
[    0.116455] VFP support v0.3: implementor 41 architecture 3 part 30 variant c rev 3
[    0.197601] omap_hwmod: mcbsp2_sidetone using broken dt data from mcbsp
[    0.199920] omap_hwmod: mcbsp3_sidetone using broken dt data from mcbsp
[    0.278869] omap_hwmod: mcbsp2: cannot be enabled for reset (3)
[    0.320526] pinctrl core: initialized pinctrl subsystem
[    0.324127] regulator-dummy: no parameters
[    0.422821] NET: Registered protocol family 16
[    0.431427] DMA: preallocated 256 KiB pool for atomic coherent allocations
[    0.434906] cpuidle: using governor ladder
[    0.434967] cpuidle: using governor menu
[    0.435180] omap_l3_smx omap_l3_smx.0: couldn't request debug irq
[    0.435272] omap_l3_smx: probe of omap_l3_smx.0 failed with error -22
[    0.443572] Reprogramming SDRC clock to 400000000 Hz
[    0.455627] omap_gpio 48310000.gpio: could not find pctldev for node /ocp/pinmux@48002a00/pinmux_gpio1_pins, deferring probe
[    0.455688] platform 48310000.gpio: Driver omap_gpio requests probe deferral
[    0.459747] OMAP GPIO hardware version 2.5
[    0.473388] irq: no irq domain found for /ocp/pinmux@48002030 !
[    0.499114] omap-gpmc 6e000000.gpmc: GPMC revision 5.0
[    0.502105] platform 48058000.ssi-controller: Cannot lookup hwmod 'ssi'
[    0.512329] No ATAGs?
[    0.512359] hw-breakpoint: debug architecture 0x4 unsupported.
[    0.515869] OMAP DMA hardware revision 5.0
[    0.604827] omap-dma-engine 48056000.dma-controller: OMAP DMA engine driver
[    0.606323] platform hsusb2_power_reg: Driver reg-fixed-voltage requests probe deferral
[    0.612060] SCSI subsystem initialized
[    0.613159] usbcore: registered new interface driver usbfs
[    0.613433] usbcore: registered new interface driver hub
[    0.613647] usbcore: registered new device driver usb
[    0.614562] platform hsusb2_phy: Driver usb_phy_generic requests probe deferral
[    0.621368] omap_i2c 48070000.i2c: bus 0 rev4.4 at 2600 kHz
[    0.623016] omap_i2c 48072000.i2c: bus 1 rev4.4 at 400 kHz
[    0.624450] omap_i2c 48060000.i2c: bus 2 rev4.4 at 100 kHz
[    0.630676] Switched to clocksource 32k_counter
[    0.847290] NET: Registered protocol family 2
[    0.849639] TCP established hash table entries: 4096 (order: 2, 16384 bytes)
[    0.849945] TCP bind hash table entries: 4096 (order: 5, 147456 bytes)
[    0.852294] TCP: Hash tables configured (established 4096 bind 4096)
[    0.852569] TCP: reno registered
[    0.852600] UDP hash table entries: 256 (order: 2, 20480 bytes)
[    0.852935] UDP-Lite hash table entries: 256 (order: 2, 20480 bytes)
[    0.854583] NET: Registered protocol family 1
[    0.856597] RPC: Registered named UNIX socket transport module.
[    0.856628] RPC: Registered udp transport module.
[    0.856628] RPC: Registered tcp transport module.
[    0.856658] RPC: Registered tcp NFSv4.1 backchannel transport module.
[    0.858459] hw perfevents: enabled with armv7_cortex_a8 PMU driver, 5 counters available
[    0.866638] futex hash table entries: 256 (order: 2, 16384 bytes)
[    0.866943] audit: initializing netlink subsys (disabled)
[    0.867187] audit: type=2000 audit(0.850:1): initialized
[    0.873321] VFS: Disk quotas dquot_6.5.2
[    0.873504] Dquot-cache hash table entries: 1024 (order 0, 4096 bytes)
[    0.876708] NFS: Registering the id_resolver key type
[    0.877166] Key type id_resolver registered
[    0.877197] Key type id_legacy registered
[    0.877441] jffs2: version 2.2. (NAND) (SUMMARY)   2001-2006 Red Hat, Inc.
[    0.878173] msgmni has been set to 975
[    0.883422] io scheduler noop registered
[    0.883483] io scheduler deadline registered
[    0.883605] io scheduler cfq registered (default)
[    0.888183] pinctrl-single 48002030.pinmux: 284 pins at pa fa002030 size 568
[    0.888946] pinctrl-single 48002a00.pinmux: 46 pins at pa fa002a00 size 92
[    0.890319] pinctrl-single 480025a0.pinmux: 46 pins at pa fa0025a0 size 92
[    0.895019] pbias_mmc_omap2430: 1800 <--> 3000 mV at 3000 mV 
[    0.897308] abb_mpu_iva: 1012 <--> 1375 mV 
[    0.899505] Serial: 8250/16550 driver, 4 ports, IRQ sharing enabled
[    0.908355] omap_uart 4806a000.serial: no wakeirq for uart0
[    0.909118] omap_uart 4806a000.serial: ttyO0 at MMIO 0x4806a000 (irq = 192, base_baud = 3000000) is a OMAP UART0
[    0.912261] omap_uart 4806c000.serial: no wakeirq for uart0
[    0.912658] omap_uart 4806c000.serial: ttyO1 at MMIO 0x4806c000 (irq = 193, base_baud = 3000000) is a OMAP UART1
[    0.915405] omap_uart 49020000.serial: ttyO2 at MMIO 0x49020000 (irq = 194, base_baud = 3000000) is a OMAP UART2
[    1.767059] console [ttyO2] enabled
[    1.773345] omap_uart 49042000.serial: no wakeirq for uart0
[    1.779663] omap_uart 49042000.serial: ttyO3 at MMIO 0x49042000 (irq = 231, base_baud = 3000000) is a OMAP UART3
[    1.824645] brd: module loaded
[    1.847442] loop: module loaded
[    1.862243] twl 0-0048: PIH (irq 265) chaining IRQs 267..275
[    1.868682] twl 0-0048: power (irq 272) chaining IRQs 275..282
[    1.882781] VAUX1: at 3000 mV 
[    1.889892] usb_1v8: 1800 mV 
[    1.895782] VAUX3: at 2800 mV 
[    1.901702] VAUX4: at 2800 mV 
[    1.907501] VDD1: 600 <--> 1450 mV at 1200 mV 
[    1.914764] VDAC: 1800 mV 
[    1.921997] VIO: at 1800 mV 
[    1.928192] VINTANA1: 1500 mV 
[    1.934631] VINTANA2: at 2750 mV 
[    1.941406] VINTDIG: 1500 mV 
[    1.946807] VMMC1: 1850 <--> 3150 mV at 3150 mV 
[    1.954376] VMMC2: 1850 <--> 3150 mV at 2600 mV 
[    1.961608] VUSB1V5: 1500 mV 
[    1.966796] VUSB1V8: 1800 mV 
[    1.972076] VUSB3V1: 3100 mV 
[    1.978363] VPLL1: at 1800 mV 
[    1.984313] VPLL2: 1800 mV 
[    1.989807] VSIM: 1800 <--> 3000 mV at 1800 mV 
[    1.997100] twl4030_gpio twl4030-gpio: gpio (irq 267) chaining IRQs 283..300
[    2.070953] mtdoops: mtd device (mtddev=name/number) must be supplied
[    2.089141] usbcore: registered new interface driver asix
[    2.095184] usbcore: registered new interface driver ax88179_178a
[    2.101867] usbcore: registered new interface driver cdc_ether
[    2.108276] usbcore: registered new interface driver smsc95xx
[    2.114562] usbcore: registered new interface driver net1080
[    2.120788] usbcore: registered new interface driver cdc_subset
[    2.127197] usbcore: registered new interface driver zaurus
[    2.133422] usbcore: registered new interface driver cdc_ncm
[    2.141143] usbcore: registered new interface driver cdc_wdm
[    2.147399] usbcore: registered new interface driver usb-storage
[    2.154083] usbcore: registered new interface driver usbtest
[    2.163513] mousedev: PS/2 mouse device common for all mice
[    2.171020] twl4030_keypad 48070000.i2c:twl@48:keypad: OF: linux,keymap property not defined in /ocp/i2c@48070000/twl@48/keypad
[    2.183227] twl4030_keypad 48070000.i2c:twl@48:keypad: Failed to build keymap
[    2.190856] twl4030_keypad: probe of 48070000.i2c:twl@48:keypad failed with error -2
[    2.203491] input: twl4030_pwrbutton as /devices/68000000.ocp/48070000.i2c/i2c-0/0-0048/48070000.i2c:twl@48:pwrbutton/input/input1
[    2.220001] twl_rtc 48070000.i2c:twl@48:rtc: Power up reset detected.
[    2.227111] twl_rtc 48070000.i2c:twl@48:rtc: Enabling TWL-RTC
[    2.238067] twl_rtc 48070000.i2c:twl@48:rtc: rtc core: registered 48070000.i2c:twl@48 as rtc0
[    2.248321] i2c /dev entries driver
[    2.255401] Driver for 1-wire Dallas network protocol.
[    2.265197] omap_wdt: OMAP Watchdog Timer Rev 0x31: initial timeout 60 sec
[    2.324890] ledtrig-cpu: registered to indicate activity on CPUs
[    2.332061] usbcore: registered new interface driver usbhid
[    2.337951] usbhid: USB HID core driver
[    2.344757] oprofile: using arm/armv7
[    2.349456] TCP: cubic registered
[    2.353088] Initializing XFRM netlink socket
[    2.357757] NET: Registered protocol family 17
[    2.362609] NET: Registered protocol family 15
[    2.367767] Key type dns_resolver registered
[    2.372741] omap2_set_init_voltage: unable to find boot up OPP for vdd_mpu_iva
[    2.380371] omap2_set_init_voltage: unable to set vdd_mpu_iva
[    2.386505] omap2_set_init_voltage: unable to find boot up OPP for vdd_core
[    2.393920] omap2_set_init_voltage: unable to set vdd_core
[    2.404815] ThumbEE CPU extension supported.
[    2.409393] Registering SWP/SWPB emulation handler
[    2.414550] SmartReflex Class3 initialized
[    2.433319] hsusb2_vbus: 3300 mV 
[    2.442932] input: gpio_keys as /devices/gpio_keys/input/input2
[    2.452636] twl_rtc 48070000.i2c:twl@48:rtc: setting system clock to 2000-01-01 00:00:00 UTC (946684800)
[    2.462768] sr_init: No PMIC hook to init smartreflex
[    2.468719] smartreflex smartreflex.0: omap_sr_probe: SmartReflex driver initialized
[    2.477905] smartreflex smartreflex.1: omap_sr_probe: SmartReflex driver initialized
[    4.580749] mmc0: card never left busy state
[    4.585296] mmc0: error -110 whilst initialising SD card
[   14.691131] hsusb2_vbus: disabling
[   14.696044] VPLL2: disabling
[   14.699768] VUSB3V1: disabling
[   14.704650] VDAC: disabling
[   14.708496] VAUX3: disabling
[   14.716979] Waiting for root device /dev/mmcblk0p2...
[  114.441131] random: nonblocking pool is initialized
