- 05:36:41 [INFO] Starting target session
- 05:36:41 [INFO] Connected to beagleboard via serial 
- 05:36:42 [INFO] Host: 
- 05:36:42 [INFO] Target: 

root@GenericOMAP36xx(FlattenedDeviceTree):/test# 
- 05:36:42 [INFO] Host: sync;poweroff
- 05:37:01 [INFO] Target: 
sync;poweroff


Broadcast message from rootB=JB5J:"25J9%QUI55jRroot@GenericOMAP36xx(FlattenedDeviceTree):/test# 
INIT: SendinrStopping Dropbear SSH server: stopped /usr/sbin/dropbear (pid 630)
dropbear.
Stopping telnet daemon.
Stopping system message bus: Error opening /dev/fb0: No such file or directory
Stopping syslogd/klogd: stopped syslogd (pid 642)
stopped klogd (pid 645)
done
Stopping thttpd.
ALSA: Storing mixer settings...
/usr/sbin/alsactl: save_state:1580: No soundcards found...
Deconfiguring network interfaces... ifdown: interface eth0 not configured
done.
Stopping Lighttpd Web Server: stopped /usr/sbin/lighttpd (pid 655)
lighttpd.
***************************************************************
***************************************************************
NOTICE: This file system contains the followin GPLv3 packages:
	binutils-symlinks
	binutils
	gdbserver
	parted

If you do not wish to distribute GPLv3 components please remove
the above packages prior to distribution.  This can be done using
the opkg remove command.  i.e.:
    opkg remove <package>
Where <package> is the name printed in the list above

NOTE: If the package is a dependency of another package you
      will be notified of the dependent packages.  You should
      use the --force-removal-of-dependent-packages option to
      also remove the dependent packages as well
***************************************************************
***************************************************************
Sending all processes the TERM signal...
Sending all processes the KILL signal...
Unmounting remote filesystems...
Deactivating swap...
Unmounting local filesystems...
[85121.962524] EXT4-fs (mmcblk0p2): re-mounted. Opts: data=ordered
[85124.098663] reboot: System halted

- 05:37:24 [INFO] Disconnected {"type"=>"serial"} from beagleboard
- 05:37:24 [INFO] Host: 
- 05:37:24 [INFO] Target: 
 0 
U-Boot# 
- 05:37:24 [INFO] Host: 
- 05:37:25 [INFO] Target: 

U-Boot# 
- 05:37:25 [INFO] Host: version
- 05:37:26 [INFO] Target: 
version

U-Boot 2014.04-00071-g8543283 (Apr 22 2014 - 15:49:50)
arm-linux-gnueabi-gcc (Ubuntu/Linaro 4.6.3-1ubuntu5) 4.6.3
GNU ld (GNU Binutils for Ubuntu) 2.22
U-Boot# 
- 05:37:26 [INFO] Host: setenv bootargs 'console=ttyO2,115200n8  earlyprintk rootwait '
- 05:37:26 [INFO] Target: 
setenv bootargs 'console=ttyO2,115200n8  earlyprintk rootwait '
U-Boot# 
- 05:37:26 [INFO] Host: setenv bootcmd  ''
- 05:37:27 [INFO] Target: 
setenv bootcmd  ''
U-Boot# 
- 05:37:27 [INFO] Host: setenv autoload 'no'
- 05:37:27 [INFO] Target: 
setenv autoload 'no'
U-Boot# 
- 05:37:27 [INFO] Host: setenv serverip '128.247.105.47'
- 05:37:28 [INFO] Target: 
setenv serverip '128.247.105.47'
U-Boot# 
- 05:37:28 [INFO] Host: printenv
- 05:37:28 [INFO] Target: 
printenv
arch=arm
autoload=no
baudrate=115200
beaglerev=xMC
board=beagle
board_name=beagle
bootargs=console=ttyO2,115200n8  earlyprintk rootwait 
bootcmd=
bootdelay=1
bootdir=/boot
bootenv=uEnv.txt
bootfile=uImage
bootm_size=0x08000000
bootpart=0:2
buddy=none
camera=none
console=ttyO2,115200n8
cpu=armv7
defaultdisplay=dvi
dieid#=409600029ff800000168300f0d00c008
dvimode=640x480MR-16@60
ethact=usb_ether
fdtaddr=0x80f80000
findfdt=if test $beaglerev = AxBx; then setenv fdtfile omap3-beagle.dtb; fi; if test $beaglerev = Cx; then setenv fdtfile omap3-beagle.dtb; fi; if test $beaglerev = C4; then setenv fdtfile omap3-beagle.dtb; fi; if test $beaglerev = xMAB; then setenv fdtfile omap3-beagle-xm.dtb; fi; if test $beaglerev = xMC; then setenv fdtfile omap3-beagle-xm.dtb; fi; if test $fdtfile = undefined; then echo WARNING: Could not determine device tree to use; fi; 
importbootenv=echo Importing environment from mmc ...; env import -t $loadaddr $filesize
loadaddr=0x80200000
loadbootenv=fatload mmc ${mmcdev} ${loadaddr} ${bootenv}
loadfdt=load mmc ${bootpart} ${fdtaddr} ${bootdir}/${fdtfile}
loadimage=load mmc ${bootpart} ${loadaddr} ${bootdir}/${bootfile}
loadramdisk=load mmc ${bootpart} ${rdaddr} ${bootdir}/${ramdisk}
mmcargs=setenv bootargs console=${console} ${optargs} mpurate=${mpurate} buddy=${buddy} camera=${camera} vram=${vram} omapfb.mode=dvi:${dvimode} omapdss.def_disp=${defaultdisplay} root=${mmcroot} rootfstype=${mmcrootfstype}
mmcboot=echo Booting from mmc ...; run mmcargs; bootm ${loadaddr}
mmcbootz=echo Booting with DT from mmc${mmcdev} ...; run mmcargs; bootz ${loadaddr} - ${fdtaddr}
mmcdev=0
mmcroot=/dev/mmcblk0p2 rw
mmcrootfstype=ext3 rootwait
mpurate=auto
nandargs=setenv bootargs console=${console} ${optargs} mpurate=${mpurate} buddy=${buddy} camera=${camera} vram=${vram} omapfb.mode=dvi:${dvimode} omapdss.def_disp=${defaultdisplay} root=${nandroot} rootfstype=${nandrootfstype}
nandboot=echo Booting from nand ...; run nandargs; nand read ${loadaddr} 280000 400000; bootm ${loadaddr}
nandroot=ubi0:rootfs ubi.mtd=4
nandrootfstype=ubifs
ramargs=setenv bootargs console=${console} ${optargs} mpurate=${mpurate} buddy=${buddy} vram=${vram} omapfb.mode=dvi:${dvimode} omapdss.def_disp=${defaultdisplay} root=${ramroot} rootfstype=${ramrootfstype}
ramboot=echo Booting from ramdisk ...; run ramargs; bootm ${loadaddr}
ramdisk=ramdisk.gz
ramroot=/dev/ram0 rw ramdisk_size=65536 initrd=0x81000000,64M
ramrootfstype=ext2
rdaddr=0x81000000
serverip=128.247.105.47
soc=omap3
stderr=serial
stdin=serial
stdout=serial
usbethaddr=02:08:0f:00:02:00
usbtty=cdc_acm
userbutton=if gpio input 173; then run userbutton_xm; else run userbutton_nonxm; fi;
userbutton_nonxm=gpio input 7;
userbutton_xm=gpio input 4;
vendor=ti
ver=U-Boot 2014.04-00071-g8543283 (Apr 22 2014 - 15:49:50)
vram=12M

Environment size: 2927/131068 bytes
U-Boot# 
- 05:37:29 [INFO] Host: dcache off
- 05:37:29 [INFO] Target: 
dcache off
U-Boot# 
- 05:37:29 [INFO] Host: usb start
- 05:37:32 [INFO] Target: 
usb start
(Re)start USB...
USB0:   USB EHCI 1.00
scanning bus 0 for devices... 3 USB Device(s) found
       scanning usb for storage devices... 0 Storage Device(s) found
       scanning usb for ethernet devices... 1 Ethernet Device(s) found
U-Boot# 
- 05:37:32 [INFO] Host: printenv
- 05:37:32 [INFO] Target: 
printenv
arch=arm
autoload=no
baudrate=115200
beaglerev=xMC
board=beagle
board_name=beagle
bootargs=console=ttyO2,115200n8  earlyprintk rootwait 
bootcmd=
bootdelay=1
bootdir=/boot
bootenv=uEnv.txt
bootfile=uImage
bootm_size=0x08000000
bootpart=0:2
buddy=none
camera=none
console=ttyO2,115200n8
cpu=armv7
defaultdisplay=dvi
dieid#=409600029ff800000168300f0d00c008
dvimode=640x480MR-16@60
ethact=usb_ether
fdtaddr=0x80f80000
findfdt=if test $beaglerev = AxBx; then setenv fdtfile omap3-beagle.dtb; fi; if test $beaglerev = Cx; then setenv fdtfile omap3-beagle.dtb; fi; if test $beaglerev = C4; then setenv fdtfile omap3-beagle.dtb; fi; if test $beaglerev = xMAB; then setenv fdtfile omap3-beagle-xm.dtb; fi; if test $beaglerev = xMC; then setenv fdtfile omap3-beagle-xm.dtb; fi; if test $fdtfile = undefined; then echo WARNING: Could not determine device tree to use; fi; 
importbootenv=echo Importing environment from mmc ...; env import -t $loadaddr $filesize
loadaddr=0x80200000
loadbootenv=fatload mmc ${mmcdev} ${loadaddr} ${bootenv}
loadfdt=load mmc ${bootpart} ${fdtaddr} ${bootdir}/${fdtfile}
loadimage=load mmc ${bootpart} ${loadaddr} ${bootdir}/${bootfile}
loadramdisk=load mmc ${bootpart} ${rdaddr} ${bootdir}/${ramdisk}
mmcargs=setenv bootargs console=${console} ${optargs} mpurate=${mpurate} buddy=${buddy} camera=${camera} vram=${vram} omapfb.mode=dvi:${dvimode} omapdss.def_disp=${defaultdisplay} root=${mmcroot} rootfstype=${mmcrootfstype}
mmcboot=echo Booting from mmc ...; run mmcargs; bootm ${loadaddr}
mmcbootz=echo Booting with DT from mmc${mmcdev} ...; run mmcargs; bootz ${loadaddr} - ${fdtaddr}
mmcdev=0
mmcroot=/dev/mmcblk0p2 rw
mmcrootfstype=ext3 rootwait
mpurate=auto
nandargs=setenv bootargs console=${console} ${optargs} mpurate=${mpurate} buddy=${buddy} camera=${camera} vram=${vram} omapfb.mode=dvi:${dvimode} omapdss.def_disp=${defaultdisplay} root=${nandroot} rootfstype=${nandrootfstype}
nandboot=echo Booting from nand ...; run nandargs; nand read ${loadaddr} 280000 400000; bootm ${loadaddr}
nandroot=ubi0:rootfs ubi.mtd=4
nandrootfstype=ubifs
ramargs=setenv bootargs console=${console} ${optargs} mpurate=${mpurate} buddy=${buddy} vram=${vram} omapfb.mode=dvi:${dvimode} omapdss.def_disp=${defaultdisplay} root=${ramroot} rootfstype=${ramrootfstype}
ramboot=echo Booting from ramdisk ...; run ramargs; bootm ${loadaddr}
ramdisk=ramdisk.gz
ramroot=/dev/ram0 rw ramdisk_size=65536 initrd=0x81000000,64M
ramrootfstype=ext2
rdaddr=0x81000000
serverip=128.247.105.47
soc=omap3
stderr=serial
stdin=serial
stdout=serial
usbethaddr=02:08:0f:00:02:00
usbtty=cdc_acm
userbutton=if gpio input 173; then run userbutton_xm; else run userbutton_nonxm; fi;
userbutton_nonxm=gpio input 7;
userbutton_xm=gpio input 4;
vendor=ti
ver=U-Boot 2014.04-00071-g8543283 (Apr 22 2014 - 15:49:50)
vram=12M

Environment size: 2927/131068 bytes
U-Boot# 
- 05:37:32 [INFO] Host: setenv bootargs ''${bootargs}' ip=dhcp '
- 05:37:33 [INFO] Target: 
setenv bootargs ''${bootargs}' ip=dhcp '
U-Boot# 
- 05:37:33 [INFO] Host: setenv ipaddr dhcp
- 05:37:33 [INFO] Target: 
setenv ipaddr dhcp
U-Boot# 
- 05:37:33 [INFO] Host: dhcp
- 05:37:36 [INFO] Target: 
dhcp
ERROR: Need valid 'usbnet_devaddr' to be set
at drivers/usb/gadget/ether.c:2362/usb_eth_init()
Waiting for Ethernet connection... done.
BOOTP broadcast 1
DHCP client bound to address 192.168.1.152
U-Boot# 
- 05:37:37 [INFO] Host: setenv serverip '128.247.105.47'
- 05:37:37 [INFO] Target: 
setenv serverip '128.247.105.47'
U-Boot# 
- 05:37:37 [INFO] Host: printenv
- 05:37:38 [INFO] Target: 
printenv
arch=arm
autoload=no
baudrate=115200
beaglerev=xMC
board=beagle
board_name=beagle
bootargs=console=ttyO2,115200n8  earlyprintk rootwait  ip=dhcp 
bootcmd=
bootdelay=1
bootdir=/boot
bootenv=uEnv.txt
bootfile=uImage
bootm_size=0x08000000
bootpart=0:2
buddy=none
camera=none
console=ttyO2,115200n8
cpu=armv7
defaultdisplay=dvi
dieid#=409600029ff800000168300f0d00c008
dnsip=192.0.2.2
dvimode=640x480MR-16@60
ethact=sms0
fdtaddr=0x80f80000
findfdt=if test $beaglerev = AxBx; then setenv fdtfile omap3-beagle.dtb; fi; if test $beaglerev = Cx; then setenv fdtfile omap3-beagle.dtb; fi; if test $beaglerev = C4; then setenv fdtfile omap3-beagle.dtb; fi; if test $beaglerev = xMAB; then setenv fdtfile omap3-beagle-xm.dtb; fi; if test $beaglerev = xMC; then setenv fdtfile omap3-beagle-xm.dtb; fi; if test $fdtfile = undefined; then echo WARNING: Could not determine device tree to use; fi; 
gatewayip=192.168.1.254
importbootenv=echo Importing environment from mmc ...; env import -t $loadaddr $filesize
ipaddr=192.168.1.152
loadaddr=0x80200000
loadbootenv=fatload mmc ${mmcdev} ${loadaddr} ${bootenv}
loadfdt=load mmc ${bootpart} ${fdtaddr} ${bootdir}/${fdtfile}
loadimage=load mmc ${bootpart} ${loadaddr} ${bootdir}/${bootfile}
loadramdisk=load mmc ${bootpart} ${rdaddr} ${bootdir}/${ramdisk}
mmcargs=setenv bootargs console=${console} ${optargs} mpurate=${mpurate} buddy=${buddy} camera=${camera} vram=${vram} omapfb.mode=dvi:${dvimode} omapdss.def_disp=${defaultdisplay} root=${mmcroot} rootfstype=${mmcrootfstype}
mmcboot=echo Booting from mmc ...; run mmcargs; bootm ${loadaddr}
mmcbootz=echo Booting with DT from mmc${mmcdev} ...; run mmcargs; bootz ${loadaddr} - ${fdtaddr}
mmcdev=0
mmcroot=/dev/mmcblk0p2 rw
mmcrootfstype=ext3 rootwait
mpurate=auto
nandargs=setenv bootargs console=${console} ${optargs} mpurate=${mpurate} buddy=${buddy} camera=${camera} vram=${vram} omapfb.mode=dvi:${dvimode} omapdss.def_disp=${defaultdisplay} root=${nandroot} rootfstype=${nandrootfstype}
nandboot=echo Booting from nand ...; run nandargs; nand read ${loadaddr} 280000 400000; bootm ${loadaddr}
nandroot=ubi0:rootfs ubi.mtd=4
nandrootfstype=ubifs
netmask=255.255.255.0
ramargs=setenv bootargs console=${console} ${optargs} mpurate=${mpurate} buddy=${buddy} vram=${vram} omapfb.mode=dvi:${dvimode} omapdss.def_disp=${defaultdisplay} root=${ramroot} rootfstype=${ramrootfstype}
ramboot=echo Booting from ramdisk ...; run ramargs; bootm ${loadaddr}
ramdisk=ramdisk.gz
ramroot=/dev/ram0 rw ramdisk_size=65536 initrd=0x81000000,64M
ramrootfstype=ext2
rdaddr=0x81000000
serverip=128.247.105.47
soc=omap3
stderr=serial
stdin=serial
stdout=serial
usbethaddr=02:08:0f:00:02:00
usbtty=cdc_acm
userbutton=if gpio input 173; then run userbutton_xm; else run userbutton_nonxm; fi;
userbutton_nonxm=gpio input 7;
userbutton_xm=gpio input 4;
vendor=ti
ver=U-Boot 2014.04-00071-g8543283 (Apr 22 2014 - 15:49:50)
vram=12M

Environment size: 3022/131068 bytes
U-Boot# 
- 05:37:38 [INFO] Host: setenv bootcmd ''${bootcmd}' tftp ${loadaddr} 128.247.105.47:vatf_2/002c494d55fd716e3c1fa1314758bdc0; '
- 05:37:38 [INFO] Target: 
setenv bootcmd ''${bootcmd}' tftp ${loadaddr} 128.247.105.47:vatf_2/002c494d55fd716e3c1fa1314758bdc0; '
U-Boot# 
- 05:37:38 [INFO] Host: printenv
- 05:37:39 [INFO] Target: 
printenv
arch=arm
autoload=no
baudrate=115200
beaglerev=xMC
board=beagle
board_name=beagle
bootargs=console=ttyO2,115200n8  earlyprintk rootwait  ip=dhcp 
bootcmd= tftp ${loadaddr} 128.247.105.47:vatf_2/002c494d55fd716e3c1fa1314758bdc0; 
bootdelay=1
bootdir=/boot
bootenv=uEnv.txt
bootfile=uImage
bootm_size=0x08000000
bootpart=0:2
buddy=none
camera=none
console=ttyO2,115200n8
cpu=armv7
defaultdisplay=dvi
dieid#=409600029ff800000168300f0d00c008
dnsip=192.0.2.2
dvimode=640x480MR-16@60
ethact=sms0
fdtaddr=0x80f80000
findfdt=if test $beaglerev = AxBx; then setenv fdtfile omap3-beagle.dtb; fi; if test $beaglerev = Cx; then setenv fdtfile omap3-beagle.dtb; fi; if test $beaglerev = C4; then setenv fdtfile omap3-beagle.dtb; fi; if test $beaglerev = xMAB; then setenv fdtfile omap3-beagle-xm.dtb; fi; if test $beaglerev = xMC; then setenv fdtfile omap3-beagle-xm.dtb; fi; if test $fdtfile = undefined; then echo WARNING: Could not determine device tree to use; fi; 
gatewayip=192.168.1.254
importbootenv=echo Importing environment from mmc ...; env import -t $loadaddr $filesize
ipaddr=192.168.1.152
loadaddr=0x80200000
loadbootenv=fatload mmc ${mmcdev} ${loadaddr} ${bootenv}
loadfdt=load mmc ${bootpart} ${fdtaddr} ${bootdir}/${fdtfile}
loadimage=load mmc ${bootpart} ${loadaddr} ${bootdir}/${bootfile}
loadramdisk=load mmc ${bootpart} ${rdaddr} ${bootdir}/${ramdisk}
mmcargs=setenv bootargs console=${console} ${optargs} mpurate=${mpurate} buddy=${buddy} camera=${camera} vram=${vram} omapfb.mode=dvi:${dvimode} omapdss.def_disp=${defaultdisplay} root=${mmcroot} rootfstype=${mmcrootfstype}
mmcboot=echo Booting from mmc ...; run mmcargs; bootm ${loadaddr}
mmcbootz=echo Booting with DT from mmc${mmcdev} ...; run mmcargs; bootz ${loadaddr} - ${fdtaddr}
mmcdev=0
mmcroot=/dev/mmcblk0p2 rw
mmcrootfstype=ext3 rootwait
mpurate=auto
nandargs=setenv bootargs console=${console} ${optargs} mpurate=${mpurate} buddy=${buddy} camera=${camera} vram=${vram} omapfb.mode=dvi:${dvimode} omapdss.def_disp=${defaultdisplay} root=${nandroot} rootfstype=${nandrootfstype}
nandboot=echo Booting from nand ...; run nandargs; nand read ${loadaddr} 280000 400000; bootm ${loadaddr}
nandroot=ubi0:rootfs ubi.mtd=4
nandrootfstype=ubifs
netmask=255.255.255.0
ramargs=setenv bootargs console=${console} ${optargs} mpurate=${mpurate} buddy=${buddy} vram=${vram} omapfb.mode=dvi:${dvimode} omapdss.def_disp=${defaultdisplay} root=${ramroot} rootfstype=${ramrootfstype}
ramboot=echo Booting from ramdisk ...; run ramargs; bootm ${loadaddr}
ramdisk=ramdisk.gz
ramroot=/dev/ram0 rw ramdisk_size=65536 initrd=0x81000000,64M
ramrootfstype=ext2
rdaddr=0x81000000
serverip=128.247.105.47
soc=omap3
stderr=serial
stdin=serial
stdout=serial
usbethaddr=02:08:0f:00:02:00
usbtty=cdc_acm
userbutton=if gpio input 173; then run userbutton_xm; else run userbutton_nonxm; fi;
userbutton_nonxm=gpio input 7;
userbutton_xm=gpio input 4;
vendor=ti
ver=U-Boot 2014.04-00071-g8543283 (Apr 22 2014 - 15:49:50)
vram=12M

Environment size: 3096/131068 bytes
U-Boot# 
- 05:37:39 [INFO] Host: setenv bootcmd ''${bootcmd}' tftp ${fdtaddr} 128.247.105.47:vatf_2/c960f3ba6bc04a8dd161edc499f1728d; '
- 05:37:39 [INFO] Target: 
setenv bootcmd ''${bootcmd}' tftp ${fdtaddr} 128.247.105.47:vatf_2/c960f3ba6bc04a8dd161edc499f1728d; '
U-Boot# 
- 05:37:39 [INFO] Host: printenv
- 05:37:40 [INFO] Target: 
printenv
arch=arm
autoload=no
baudrate=115200
beaglerev=xMC
board=beagle
board_name=beagle
bootargs=console=ttyO2,115200n8  earlyprintk rootwait  ip=dhcp 
bootcmd= tftp ${loadaddr} 128.247.105.47:vatf_2/002c494d55fd716e3c1fa1314758bdc0;  tftp ${fdtaddr} 128.247.105.47:vatf_2/c960f3ba6bc04a8dd161edc499f1728d; 
bootdelay=1
bootdir=/boot
bootenv=uEnv.txt
bootfile=uImage
bootm_size=0x08000000
bootpart=0:2
buddy=none
camera=none
console=ttyO2,115200n8
cpu=armv7
defaultdisplay=dvi
dieid#=409600029ff800000168300f0d00c008
dnsip=192.0.2.2
dvimode=640x480MR-16@60
ethact=sms0
fdtaddr=0x80f80000
findfdt=if test $beaglerev = AxBx; then setenv fdtfile omap3-beagle.dtb; fi; if test $beaglerev = Cx; then setenv fdtfile omap3-beagle.dtb; fi; if test $beaglerev = C4; then setenv fdtfile omap3-beagle.dtb; fi; if test $beaglerev = xMAB; then setenv fdtfile omap3-beagle-xm.dtb; fi; if test $beaglerev = xMC; then setenv fdtfile omap3-beagle-xm.dtb; fi; if test $fdtfile = undefined; then echo WARNING: Could not determine device tree to use; fi; 
gatewayip=192.168.1.254
importbootenv=echo Importing environment from mmc ...; env import -t $loadaddr $filesize
ipaddr=192.168.1.152
loadaddr=0x80200000
loadbootenv=fatload mmc ${mmcdev} ${loadaddr} ${bootenv}
loadfdt=load mmc ${bootpart} ${fdtaddr} ${bootdir}/${fdtfile}
loadimage=load mmc ${bootpart} ${loadaddr} ${bootdir}/${bootfile}
loadramdisk=load mmc ${bootpart} ${rdaddr} ${bootdir}/${ramdisk}
mmcargs=setenv bootargs console=${console} ${optargs} mpurate=${mpurate} buddy=${buddy} camera=${camera} vram=${vram} omapfb.mode=dvi:${dvimode} omapdss.def_disp=${defaultdisplay} root=${mmcroot} rootfstype=${mmcrootfstype}
mmcboot=echo Booting from mmc ...; run mmcargs; bootm ${loadaddr}
mmcbootz=echo Booting with DT from mmc${mmcdev} ...; run mmcargs; bootz ${loadaddr} - ${fdtaddr}
mmcdev=0
mmcroot=/dev/mmcblk0p2 rw
mmcrootfstype=ext3 rootwait
mpurate=auto
nandargs=setenv bootargs console=${console} ${optargs} mpurate=${mpurate} buddy=${buddy} camera=${camera} vram=${vram} omapfb.mode=dvi:${dvimode} omapdss.def_disp=${defaultdisplay} root=${nandroot} rootfstype=${nandrootfstype}
nandboot=echo Booting from nand ...; run nandargs; nand read ${loadaddr} 280000 400000; bootm ${loadaddr}
nandroot=ubi0:rootfs ubi.mtd=4
nandrootfstype=ubifs
netmask=255.255.255.0
ramargs=setenv bootargs console=${console} ${optargs} mpurate=${mpurate} buddy=${buddy} vram=${vram} omapfb.mode=dvi:${dvimode} omapdss.def_disp=${defaultdisplay} root=${ramroot} rootfstype=${ramrootfstype}
ramboot=echo Booting from ramdisk ...; run ramargs; bootm ${loadaddr}
ramdisk=ramdisk.gz
ramroot=/dev/ram0 rw ramdisk_size=65536 initrd=0x81000000,64M
ramrootfstype=ext2
rdaddr=0x81000000
serverip=128.247.105.47
soc=omap3
stderr=serial
stdin=serial
stdout=serial
usbethaddr=02:08:0f:00:02:00
usbtty=cdc_acm
userbutton=if gpio input 173; then run userbutton_xm; else run userbutton_nonxm; fi;
userbutton_nonxm=gpio input 7;
userbutton_xm=gpio input 4;
vendor=ti
ver=U-Boot 2014.04-00071-g8543283 (Apr 22 2014 - 15:49:50)
vram=12M

Environment size: 3169/131068 bytes
U-Boot# 
- 05:37:40 [INFO] Host: setenv bootargs ''${bootargs}' root=/dev/mmcblk0p2 rw rootfstype=ext3 rootwait '
- 05:37:41 [INFO] Target: 
setenv bootargs ''${bootargs}' root=/dev/mmcblk0p2 rw rootfstype=ext3 rootwait '
U-Boot# 
- 05:37:41 [INFO] Host: printenv
- 05:37:41 [INFO] Target: 
printenv
arch=arm
autoload=no
baudrate=115200
beaglerev=xMC
board=beagle
board_name=beagle
bootargs=console=ttyO2,115200n8  earlyprintk rootwait  ip=dhcp  root=/dev/mmcblk0p2 rw rootfstype=ext3 rootwait 
bootcmd= tftp ${loadaddr} 128.247.105.47:vatf_2/002c494d55fd716e3c1fa1314758bdc0;  tftp ${fdtaddr} 128.247.105.47:vatf_2/c960f3ba6bc04a8dd161edc499f1728d; 
bootdelay=1
bootdir=/boot
bootenv=uEnv.txt
bootfile=uImage
bootm_size=0x08000000
bootpart=0:2
buddy=none
camera=none
console=ttyO2,115200n8
cpu=armv7
defaultdisplay=dvi
dieid#=409600029ff800000168300f0d00c008
dnsip=192.0.2.2
dvimode=640x480MR-16@60
ethact=sms0
fdtaddr=0x80f80000
findfdt=if test $beaglerev = AxBx; then setenv fdtfile omap3-beagle.dtb; fi; if test $beaglerev = Cx; then setenv fdtfile omap3-beagle.dtb; fi; if test $beaglerev = C4; then setenv fdtfile omap3-beagle.dtb; fi; if test $beaglerev = xMAB; then setenv fdtfile omap3-beagle-xm.dtb; fi; if test $beaglerev = xMC; then setenv fdtfile omap3-beagle-xm.dtb; fi; if test $fdtfile = undefined; then echo WARNING: Could not determine device tree to use; fi; 
gatewayip=192.168.1.254
importbootenv=echo Importing environment from mmc ...; env import -t $loadaddr $filesize
ipaddr=192.168.1.152
loadaddr=0x80200000
loadbootenv=fatload mmc ${mmcdev} ${loadaddr} ${bootenv}
loadfdt=load mmc ${bootpart} ${fdtaddr} ${bootdir}/${fdtfile}
loadimage=load mmc ${bootpart} ${loadaddr} ${bootdir}/${bootfile}
loadramdisk=load mmc ${bootpart} ${rdaddr} ${bootdir}/${ramdisk}
mmcargs=setenv bootargs console=${console} ${optargs} mpurate=${mpurate} buddy=${buddy} camera=${camera} vram=${vram} omapfb.mode=dvi:${dvimode} omapdss.def_disp=${defaultdisplay} root=${mmcroot} rootfstype=${mmcrootfstype}
mmcboot=echo Booting from mmc ...; run mmcargs; bootm ${loadaddr}
mmcbootz=echo Booting with DT from mmc${mmcdev} ...; run mmcargs; bootz ${loadaddr} - ${fdtaddr}
mmcdev=0
mmcroot=/dev/mmcblk0p2 rw
mmcrootfstype=ext3 rootwait
mpurate=auto
nandargs=setenv bootargs console=${console} ${optargs} mpurate=${mpurate} buddy=${buddy} camera=${camera} vram=${vram} omapfb.mode=dvi:${dvimode} omapdss.def_disp=${defaultdisplay} root=${nandroot} rootfstype=${nandrootfstype}
nandboot=echo Booting from nand ...; run nandargs; nand read ${loadaddr} 280000 400000; bootm ${loadaddr}
nandroot=ubi0:rootfs ubi.mtd=4
nandrootfstype=ubifs
netmask=255.255.255.0
ramargs=setenv bootargs console=${console} ${optargs} mpurate=${mpurate} buddy=${buddy} vram=${vram} omapfb.mode=dvi:${dvimode} omapdss.def_disp=${defaultdisplay} root=${ramroot} rootfstype=${ramrootfstype}
ramboot=echo Booting from ramdisk ...; run ramargs; bootm ${loadaddr}
ramdisk=ramdisk.gz
ramroot=/dev/ram0 rw ramdisk_size=65536 initrd=0x81000000,64M
ramrootfstype=ext2
rdaddr=0x81000000
serverip=128.247.105.47
soc=omap3
stderr=serial
stdin=serial
stdout=serial
usbethaddr=02:08:0f:00:02:00
usbtty=cdc_acm
userbutton=if gpio input 173; then run userbutton_xm; else run userbutton_nonxm; fi;
userbutton_nonxm=gpio input 7;
userbutton_xm=gpio input 4;
vendor=ti
ver=U-Boot 2014.04-00071-g8543283 (Apr 22 2014 - 15:49:50)
vram=12M

Environment size: 3218/131068 bytes
U-Boot# 
- 05:37:41 [INFO] Host: setenv bootcmd ''${bootcmd}' if iminfo ${loadaddr}; then bootm ${loadaddr} - ${fdtaddr}; else bootz ${loadaddr} - ${fdtaddr}; bootm ${loadaddr} - ${fdtaddr}; fi'
- 05:37:42 [INFO] Target: 
setenv bootcmd ''${bootcmd}' if iminfo ${loadaddr}; then bootm ${loadaddr} - ${fdtaddr}; else bootz ${loadaddr} - ${fdtaddr}; bootm ${loadaddr} - ${fdtaddr}; fi'
U-Boot# 
- 05:37:42 [INFO] Host: bdinfo
- 05:37:42 [INFO] Target: 
bdinfo
arch_number = 0x0000060A
boot_params = 0x80000100
DRAM bank   = 0x00000000
-> start    = 0x80000000
-> size     = 0x10000000
DRAM bank   = 0x00000001
-> start    = 0x90000000
-> size     = 0x10000000
eth0name    = usb_ether
ethaddr     = (not set)
eth1name    = sms0
eth1addr    = (not set)
current eth = sms0
ip_addr     = 192.168.1.152
baudrate    = 115200 bps
TLB addr    = 0x9FFF0000
relocaddr   = 0x9FF51000
reloc off   = 0x1FE51000
irq_sp      = 0x9FE30ED0
sp start    = 0x9FE30EC0
U-Boot# 
- 05:37:42 [INFO] Host: boot
- 05:40:12 [ERROR] On command: boot waiting for (?-mix:.*\s+login) >>> error: execution expired
- 05:40:12 [INFO] Target: 
boot
Waiting for Ethernet connection... done.
Using sms0 device
TFTP from server 128.247.105.47; our IP address is 192.168.1.152; sending through gateway 192.168.1.254
Filename 'vatf_2/002c494d55fd716e3c1fa1314758bdc0'.
Load address: 0x80200000
Loading: *T #################################################################
	 #################################################################
	 #################################################################
	 #################################################################
	 ####################################
	 386.7 KiB/s
done
Bytes transferred = 4339408 (4236d0 hex)
Waiting for Ethernet connection... done.
Using sms0 device
TFTP from server 128.247.105.47; our IP address is 192.168.1.152; sending through gateway 192.168.1.254
Filename 'vatf_2/c960f3ba6bc04a8dd161edc499f1728d'.
Load address: 0x80f80000
Loading: *#####
	 11.7 KiB/s
done
Bytes transferred = 61875 (f1b3 hex)

## Checking Image at 80200000 ...
Unknown image format!
Kernel image @ 0x80200000 [ 0x000000 - 0x4236d0 ]
## Flattened Device Tree blob at 80f80000
   Booting using the fdt blob at 0x80f80000
   Loading Device Tree to 87fed000, end 87fff1b2 ... OK

Starting kernel ...

[    0.000000] Booting Linux on physical CPU 0x0
[    0.000000] Linux version 3.15.0-rc8-next-20140605-00002-gb80576d (nmenon@kahuna) (gcc version 4.6.3 (Ubuntu/Linaro 4.6.3-1ubuntu5) ) #1 SMP Thu Jun 5 05:33:32 CDT 2014
[    0.000000] CPU: ARMv7 Processor [413fc082] revision 2 (ARMv7), cr=10c5387d
[    0.000000] CPU: PIPT / VIPT nonaliasing data cache, VIPT aliasing instruction cache
[    0.000000] Machine model: TI OMAP3 BeagleBoard xM
[    0.000000] cma: CMA: reserved 16 MiB at 9e800000
[    0.000000] Memory policy: Data cache writeback
[    0.000000] CPU: All CPU(s) started in SVC mode.
[    0.000000] OMAP3630 ES1.2 (l2cache iva sgx neon isp 192mhz_clk )
[    0.000000] PERCPU: Embedded 9 pages/cpu @dfaa3000 s14336 r8192 d14336 u36864
[    0.000000] Built 1 zonelists in Zone order, mobility grouping on.  Total pages: 129792
[    0.000000] Kernel command line: console=ttyO2,115200n8  earlyprintk rootwait  ip=dhcp  root=/dev/mmcblk0p2 rw rootfstype=ext3 rootwait 
[    0.000000] PID hash table entries: 2048 (order: 1, 8192 bytes)
[    0.000000] Dentry cache hash table entries: 65536 (order: 6, 262144 bytes)
[    0.000000] Inode-cache hash table entries: 32768 (order: 5, 131072 bytes)
[    0.000000] Memory: 484688K/523264K available (5641K kernel code, 680K rwdata, 2192K rodata, 402K init, 8337K bss, 38576K reserved, 0K highmem)
[    0.000000] Virtual kernel memory layout:
[    0.000000]     vector  : 0xffff0000 - 0xffff1000   (   4 kB)
[    0.000000]     fixmap  : 0xffc00000 - 0xffe00000   (2048 kB)
[    0.000000]     vmalloc : 0xe0800000 - 0xff000000   ( 488 MB)
[    0.000000]     lowmem  : 0xc0000000 - 0xe0000000   ( 512 MB)
[    0.000000]     pkmap   : 0xbfe00000 - 0xc0000000   (   2 MB)
[    0.000000]     modules : 0xbf000000 - 0xbfe00000   (  14 MB)
[    0.000000]       .text : 0xc0008000 - 0xc07ae8e8   (7835 kB)
[    0.000000]       .init : 0xc07af000 - 0xc0813800   ( 402 kB)
[    0.000000]       .data : 0xc0814000 - 0xc08be078   ( 681 kB)
[    0.000000]        .bss : 0xc08be078 - 0xc10e2558   (8338 kB)
[    0.000000] Hierarchical RCU implementation.
[    0.000000] 	RCU restricting CPUs from NR_CPUS=2 to nr_cpu_ids=1.
[    0.000000] RCU: Adjusting geometry for rcu_fanout_leaf=16, nr_cpu_ids=1
[    0.000000] NR_IRQS:16 nr_irqs:16 16
[    0.000000] IRQ: Found an INTC at 0xfa200000 (revision 4.0) with 96 interrupts
[    0.000000] Total of 96 interrupts on 1 active controller
[    0.000000] Clocking rate (Crystal/Core/MPU): 26.0/400/600 MHz
[    0.000000] OMAP clockevent source: timer1 at 32768 Hz
[    0.000000] sched_clock: 32 bits at 32kHz, resolution 30517ns, wraps every 65536000000000ns
[    0.000030] OMAP clocksource: 32k_counter at 32768 Hz
[    0.001098] Console: colour dummy device 80x30
[    0.001159] Lock dependency validator: Copyright (c) 2006 Red Hat, Inc., Ingo Molnar
[    0.001159] ... MAX_LOCKDEP_SUBCLASSES:  8
[    0.001190] ... MAX_LOCK_DEPTH:          48
[    0.001220] ... MAX_LOCKDEP_KEYS:        8191
[    0.001220] ... CLASSHASH_SIZE:          4096
[    0.001251] ... MAX_LOCKDEP_ENTRIES:     32768
[    0.001251] ... MAX_LOCKDEP_CHAINS:      65536
[    0.001281] ... CHAINHASH_SIZE:          32768
[    0.001312]  memory used by lock dependency info: 5167 kB
[    0.001312]  per task-struct memory footprint: 1152 bytes
[    0.001373] Calibrating delay loop... 594.73 BogoMIPS (lpj=2973696)
[    0.107604] pid_max: default: 32768 minimum: 301
[    0.108215] Security Framework initialized
[    0.108428] Mount-cache hash table entries: 1024 (order: 0, 4096 bytes)
[    0.108459] Mountpoint-cache hash table entries: 1024 (order: 0, 4096 bytes)
[    0.111663] CPU: Testing write buffer coherency: ok
[    0.113220] CPU0: thread -1, cpu 0, socket -1, mpidr 0
[    0.113342] Setting up static identity map for 0x805584a8 - 0x80558518
[    0.118072] Brought up 1 CPUs
[    0.118103] SMP: Total of 1 processors activated.
[    0.118133] CPU: All CPU(s) started in SVC mode.
[    0.121856] devtmpfs: initialized
[    0.132720] VFP support v0.3: implementor 41 architecture 3 part 30 variant c rev 3
[    0.212127] omap_hwmod: mcbsp2_sidetone using broken dt data from mcbsp
[    0.214385] omap_hwmod: mcbsp3_sidetone using broken dt data from mcbsp
[    0.292175] omap_hwmod: mcbsp2: cannot be enabled for reset (3)
[    0.330963] pinctrl core: initialized pinctrl subsystem
[    0.334594] regulator-dummy: no parameters
[    0.430938] NET: Registered protocol family 16
[    0.441711] DMA: preallocated 256 KiB pool for atomic coherent allocations
[    0.445251] cpuidle: using governor ladder
[    0.445312] cpuidle: using governor menu
[    0.453704] Reprogramming SDRC clock to 400000000 Hz
[    0.464660] omap_gpio 48310000.gpio: could not find pctldev for node /ocp/pinmux@48002a00/pinmux_gpio1_pins, deferring probe
[    0.464721] platform 48310000.gpio: Driver omap_gpio requests probe deferral
[    0.468872] OMAP GPIO hardware version 2.5
[    0.492095] platform 49022000.mcbsp: alias fck already exists
[    0.505035] omap-gpmc 6e000000.gpmc: GPMC revision 5.0
[    0.507781] platform 48058000.ssi-controller: Cannot lookup hwmod 'ssi'
[    0.517578] No ATAGs?
[    0.517639] hw-breakpoint: debug architecture 0x4 unsupported.
[    0.521270] OMAP DMA hardware revision 5.0
[    0.558837] edma-dma-engine edma-dma-engine.0: Can't allocate PaRAM dummy slot
[    0.558929] edma-dma-engine: probe of edma-dma-engine.0 failed with error -5
[    0.613922] omap-dma-engine 48056000.dma-controller: OMAP DMA engine driver
[    0.615386] platform hsusb2_power_reg: Driver reg-fixed-voltage requests probe deferral
[    0.621459] SCSI subsystem initialized
[    0.622741] usbcore: registered new interface driver usbfs
[    0.623016] usbcore: registered new interface driver hub
[    0.624114] usbcore: registered new device driver usb
[    0.625091] platform hsusb2_phy: Driver usb_phy_generic requests probe deferral
[    0.777099] omap_i2c 48070000.i2c: bus 0 rev4.4 at 2600 kHz
[    0.779846] omap_i2c 48072000.i2c: bus 1 rev4.4 at 400 kHz
[    0.781707] omap_i2c 48060000.i2c: bus 2 rev4.4 at 100 kHz
[    0.789245] Switched to clocksource 32k_counter
[    1.008789] NET: Registered protocol family 2
[    1.011138] TCP established hash table entries: 4096 (order: 2, 16384 bytes)
[    1.011444] TCP bind hash table entries: 4096 (order: 5, 147456 bytes)
[    1.013671] TCP: Hash tables configured (established 4096 bind 4096)
[    1.013885] TCP: reno registered
[    1.013946] UDP hash table entries: 256 (order: 2, 20480 bytes)
[    1.014251] UDP-Lite hash table entries: 256 (order: 2, 20480 bytes)
[    1.015869] NET: Registered protocol family 1
[    1.018585] RPC: Registered named UNIX socket transport module.
[    1.018646] RPC: Registered udp transport module.
[    1.018676] RPC: Registered tcp transport module.
[    1.018707] RPC: Registered tcp NFSv4.1 backchannel transport module.
[    1.020416] hw perfevents: enabled with ARMv7 Cortex-A8 PMU driver, 5 counters available
[    1.028442] futex hash table entries: 256 (order: 2, 16384 bytes)
[    1.035095] VFS: Disk quotas dquot_6.5.2
[    1.035278] Dquot-cache hash table entries: 1024 (order 0, 4096 bytes)
[    1.038818] NFS: Registering the id_resolver key type
[    1.039306] Key type id_resolver registered
[    1.039367] Key type id_legacy registered
[    1.039581] jffs2: version 2.2. (NAND) (SUMMARY)   2001-2006 Red Hat, Inc.
[    1.040252] msgmni has been set to 978
[    1.046966] io scheduler noop registered
[    1.047027] io scheduler deadline registered
[    1.047149] io scheduler cfq registered (default)
[    1.051879] pinctrl-single 48002030.pinmux: 284 pins at pa fa002030 size 568
[    1.052612] pinctrl-single 48002a00.pinmux: 46 pins at pa fa002a00 size 92
[    1.053955] pinctrl-single 480025a0.pinmux: 46 pins at pa fa0025a0 size 92
[    1.057403] pbias_mmc_omap2430: 1800 <--> 3000 mV at 3000 mV 
[    1.059906] abb_mpu_iva: 1012 <--> 1375 mV 
[    1.061431] Serial: 8250/16550 driver, 4 ports, IRQ sharing enabled
[    1.071136] omap_uart 4806a000.serial: no wakeirq for uart0
[    1.071899] 4806a000.serial: ttyO0 at MMIO 0x4806a000 (irq = 88, base_baud = 3000000) is a OMAP UART0
[    1.074493] omap_uart 4806c000.serial: no wakeirq for uart0
[    1.074920] 4806c000.serial: ttyO1 at MMIO 0x4806c000 (irq = 89, base_baud = 3000000) is a OMAP UART1
[    1.077331] omap_uart 49020000.serial: no wakeirq for uart0
[    1.077758] 49020000.serial: ttyO2 at MMIO 0x49020000 (irq = 90, base_baud = 3000000) is a OMAP UART2
[    1.873199] console [ttyO2] enabled
[    1.879974] omap_uart 49042000.serial: no wakeirq for uart0
[    1.886322] 49042000.serial: ttyO3 at MMIO 0x49042000 (irq = 96, base_baud = 3000000) is a OMAP UART3
[    1.936248] brd: module loaded
[    1.963043] loop: module loaded
[    1.984893] twl 0-0048: PIH (irq 23) chaining IRQs 306..314
[    1.991485] twl 0-0048: power (irq 311) chaining IRQs 314..321
[    2.006164] VAUX1: at 3000 mV 
[    2.016052] usb_1v8: 1800 mV 
[    2.023651] VAUX3: at 2800 mV 
[    2.031372] VAUX4: at 2800 mV 
[    2.039855] VDD1: 600 <--> 1450 mV at 1200 mV 
[    2.049041] VDAC: 1800 mV 
[    2.058532] VIO: at 1800 mV 
[    2.066558] VINTANA1: 1500 mV 
[    2.074523] VINTANA2: at 2750 mV 
[    2.083068] VINTDIG: 1500 mV 
[    2.089782] VMMC1: 1850 <--> 3150 mV at 3150 mV 
[    2.099273] VMMC2: 1850 <--> 3150 mV at 2600 mV 
[    2.107635] VUSB1V5: 1500 mV 
[    2.113433] VUSB1V8: 1800 mV 
[    2.118835] VUSB3V1: 3100 mV 
[    2.126525] VPLL1: at 1800 mV 
[    2.133850] VPLL2: 1800 mV 
[    2.140808] VSIM: 1800 <--> 3000 mV at 1800 mV 
[    2.149841] twl4030_gpio twl4030-gpio: gpio (irq 306) chaining IRQs 322..339
[    2.171447] mtdoops: mtd device (mtddev=name/number) must be supplied
[    2.192657] usbcore: registered new interface driver asix
[    2.198699] usbcore: registered new interface driver ax88179_178a
[    2.205322] usbcore: registered new interface driver cdc_ether
[    2.211853] usbcore: registered new interface driver smsc95xx
[    2.218109] usbcore: registered new interface driver net1080
[    2.224334] usbcore: registered new interface driver cdc_subset
[    2.230834] usbcore: registered new interface driver zaurus
[    2.237030] usbcore: registered new interface driver cdc_ncm
[    2.244659] usbcore: registered new interface driver cdc_wdm
[    2.251190] usbcore: registered new interface driver usb-storage
[    2.257812] usbcore: registered new interface driver usbtest
[    2.269775] mousedev: PS/2 mouse device common for all mice
[    2.277008] twl4030_keypad 48070000.i2c:twl@48:keypad: OF: linux,keymap property not defined in /ocp/i2c@48070000/twl@48/keypad
[    2.289276] twl4030_keypad 48070000.i2c:twl@48:keypad: Failed to build keymap
[    2.296905] twl4030_keypad: probe of 48070000.i2c:twl@48:keypad failed with error -2
[    2.320281] input: twl4030_pwrbutton as /devices/68000000.ocp/48070000.i2c/i2c-0/0-0048/48070000.i2c:twl@48:pwrbutton/input/input1
[    2.341522] twl_rtc 48070000.i2c:twl@48:rtc: Power up reset detected.
[    2.350158] twl_rtc 48070000.i2c:twl@48:rtc: Enabling TWL-RTC
[    2.365234] twl_rtc 48070000.i2c:twl@48:rtc: rtc core: registered 48070000.i2c:twl@48 as rtc0
[    2.378021] i2c /dev entries driver
[    2.386077] Driver for 1-wire Dallas network protocol.
[    2.398193] omap_wdt: OMAP Watchdog Timer Rev 0x31: initial timeout 60 sec
[    2.420684] omap_hsmmc 4809c000.mmc: pins are not configured from the driver
[    2.472839] ledtrig-cpu: registered to indicate activity on CPUs
[    2.480194] usbcore: registered new interface driver usbhid
[    2.486083] usbhid: USB HID core driver
[    2.492340] oprofile: using arm/armv7
[    2.497192] TCP: cubic registered
[    2.500946] Initializing XFRM netlink socket
[    2.505706] NET: Registered protocol family 17
[    2.510650] NET: Registered protocol family 15
[    2.515838] Key type dns_resolver registered
[    2.520935] omap2_set_init_voltage: unable to find boot up OPP for vdd_mpu_iva
[    2.528686] omap2_set_init_voltage: unable to set vdd_mpu_iva
[    2.534790] omap2_set_init_voltage: unable to find boot up OPP for vdd_core
[    2.542541] omap2_set_init_voltage: unable to set vdd_core
[    2.553314] ThumbEE CPU extension supported.
[    2.557891] Registering SWP/SWPB emulation handler
[    2.563171] SmartReflex Class3 initialized
[    2.598052] hsusb2_vbus: 3300 mV 
[    2.609222] input: gpio_keys as /devices/gpio_keys/input/input2
[    2.620819] twl_rtc 48070000.i2c:twl@48:rtc: setting system clock to 2000-01-01 00:00:00 UTC (946684800)
[    2.631042] sr_init: No PMIC hook to init smartreflex
[    2.636962] smartreflex smartreflex.0: omap_sr_probe: SmartReflex driver initialized
[    2.646179] smartreflex smartreflex.1: omap_sr_probe: SmartReflex driver initialized
[    2.739471] mmc0: host does not support reading read-only switch. assuming write-enable.
[    2.750946] mmc0: new high speed SDHC card at address 1234
[    2.760528] mmcblk0: mmc0:1234 SA04G 3.63 GiB 
[    2.773406]  mmcblk0: p1 p2
[   14.848907] hsusb2_vbus: disabling
[   14.853698] VPLL2: disabling
[   14.857391] VUSB3V1: disabling
[   14.861968] VDAC: disabling
[   14.865783] VAUX3: disabling
[   14.887695] kjournald starting.  Commit interval 5 seconds
[   14.905181] EXT3-fs (mmcblk0p2): using internal journal
[   14.910949] EXT3-fs (mmcblk0p2): mounted filesystem with ordered data mode
[   14.918457] VFS: Mounted root (ext3 filesystem) on device 179:2.
[   14.931488] devtmpfs: mounted
[   14.935577] Freeing unused kernel memory: 400K (c07af000 - c0813000)

INIT: version 2.88 booting

Error opening /dev/fb0: No such file or directory
/dev/ttyO2 linked to /dev/tty-bd - using as console
Starting udev
[   16.209747] udevd[855]: starting version 182
udevd[893]: '/etc/udev/scripts/mount.sh' [1133] terminated by signal 11 (Segmentation fault)


[   24.623626] random: nonblocking pool is initialized
[   30.695953] FAT-fs (mmcblk0p1): Volume was not properly unmounted. Some data may be corrupt. Please run fsck.
ERROR: could not open directory /lib/modules/3.15.0-rc8-next-20140605-00002-gb80576d: No such file or directory
WARNING: -e needs -E or -F
ERROR: could not open directory /lib/modules/3.15.0-rc8-next-20140605-00002-gb80576d: No such file or directory
FATAL: could not search modules: No such file or directory
Starting Bootlog daemon: bootlogd: cannot allocate pseudo tty: No such file or directory
bootlogd.
ALSA: Restoring mixer settings...
/usr/sbin/alsactl: load_state:1696: No soundcards found...
Configuring network interfaces... ifconfig: SIOCGIFFLAGS: No such device
done.
Thu Jan 13 19:34:00 UTC 2000

INIT: Entering runlevel: 3

/dev/ linked to /dev/tty-bd - using as console
Starting system message bus: dbus.
Starting Dropbear SSH server: dropbear.
Starting telnet daemon.
Starting syslogd/klogd: done
Starting thttpd.
Starting Lighttpd Web Server: lighttpd.
2000-01-13 19:34:01: (log.c.166) server started 
***************************************************************
***************************************************************
NOTICE: This file system contains the followin GPLv3 packages:
	binutils-symlinks
	binutils
	gdbserver
	parted

If you do not wish to distribute GPLv3 components please remove
the above packages prior to distribution.  This can be done using
the opkg remove command.  i.e.:
    opkg remove <package>
Where <package> is the name printed in the list above

NOTE: If the package is a dependency of another package you
      will be notified of the dependent packages.  You should
      use the --force-removal-of-dependent-packages option to
      also remove the dependent packages as well
***************************************************************
***************************************************************
Stopping Bootlog daemon: bootlogd.

