- 05:46:35 [INFO] Starting target session
- 05:46:35 [INFO] Connected to beagleboard via serial 
- 05:46:35 [INFO] Host: #check prompt
- 05:46:38 [ERROR] On command: #check prompt waiting for #check prompt.+?(?-mix:((?-mix:.*\s+login)|[Pp]assword)) >>> error: execution expired
- 05:46:38 [INFO] Target: 
#check prompt
root@beagleboard:/test# 
- 05:46:38 [INFO] Host: #check prompt
- 05:46:39 [INFO] Target: 
#check prompt
root@beagleboard:/test# 
- 05:46:39 [INFO] Host: sync;poweroff
- 05:46:53 [INFO] Target: 
sync;poweroff
INIT: Switching to runlevel: 0
INIT: Broadcast message from root@beagleboard (ttyO2) (Fri Aug 29 01:16:43 2014):
The system is going down for system halt NOW!
Sending processes the TERM signal
root@beagleboard:/test# 
INIT: Sending processes tStopping syslogd/klogd: stopped syslogd (pid 1299)
stopped klogd (pid 1303)
done
Deconfiguring network interfaces... ifdown: interface eth0 not configured
ifdown: interface usb0 not configured
done.
Sending all processes the TERM signal...
Sending all processes the KILL signal...
Unmounting remote filesystems...
Deactivating swap...
Unmounting local filesystems...
[85764.039245] reboot: System halted
- 05:46:53 [INFO] Disconnected serial from beagleboard
- 05:47:48 [INFO] Connected to beagleboard via serial 
- 05:47:48 [INFO] Host: 
- 05:47:49 [INFO] Target: 
  0 
U-Boot# 
- 05:47:49 [INFO] Host: 
- 05:47:49 [INFO] Target: 
U-Boot# 
- 05:47:49 [INFO] Host: version
- 05:47:50 [INFO] Target: 
version
U-Boot 2014.10-00004-g9ade0ab (Dec 05 2014 - 14:01:52)
arm-linux-gnueabi-gcc (Ubuntu/Linaro 4.6.3-1ubuntu5) 4.6.3
GNU ld (GNU Binutils for Ubuntu) 2.22
U-Boot# 
- 05:47:50 [INFO] Host: setenv bootargs 'console=ttyO2,115200n8  earlyprintk rootwait '
- 05:47:50 [INFO] Target: 
setenv bootargs 'console=ttyO2,115200n8  earlyprintk rootwait '
U-Boot# 
- 05:47:50 [INFO] Host: setenv bootcmd  ''
- 05:47:51 [INFO] Target: 
setenv bootcmd  ''
U-Boot# 
- 05:47:51 [INFO] Host: setenv autoload 'no'
- 05:47:51 [INFO] Target: 
setenv autoload 'no'
U-Boot# 
- 05:47:51 [INFO] Host: setenv serverip '192.168.1.254'
- 05:47:52 [INFO] Target: 
setenv serverip '192.168.1.254'
U-Boot# 
- 05:47:52 [INFO] Host: setenv mmcdev ' '
- 05:47:52 [INFO] Target: 
setenv mmcdev ' '
U-Boot# 
- 05:47:52 [INFO] Host: printenv
- 05:47:53 [INFO] Target: 
printenv
arch=arm
autoload=no
baudrate=115200
beaglerev=xMC
board=beagle
board_name=beagle
bootargs=console=ttyO2,115200n8  earlyprintk rootwait 
bootcmd=
bootdelay=1
bootdir=/boot
bootenv=uEnv.txt
bootfile=uImage
bootm_size=0x08000000
bootpart=0:2
bootscript=echo Running bootscript from mmc${mmcdev} ...; source ${loadaddr}
buddy=none
camera=none
console=ttyO2,115200n8
cpu=armv7
defaultdisplay=dvi
dieid#=586000029ff80000016830101700b01f
dvimode=640x480MR-16@60
ethact=usb_ether
fdtaddr=0x80f80000
findfdt=if test $beaglerev = AxBx; then setenv fdtfile omap3-beagle.dtb; fi; if test $beaglerev = Cx; then setenv fdtfile omap3-beagle.dtb; fi; if test $beaglerev = C4; then setenv fdtfile omap3-beagle.dtb; fi; if test $beaglerev = xMAB; then setenv fdtfile omap3-beagle-xm-ab.dtb; fi; if test $beaglerev = xMC; then setenv fdtfile omap3-beagle-xm.dtb; fi; if test $fdtfile = undefined; then echo WARNING: Could not determine device tree to use; fi; 
importbootenv=echo Importing environment from mmc ...; env import -t -r $loadaddr $filesize
loadaddr=0x80200000
loadbootenv=fatload mmc ${mmcdev} ${loadaddr} ${bootenv}
loadbootscript=load mmc ${mmcdev} ${loadaddr} boot.scr
loadfdt=run validatefdt; load mmc ${bootpart} ${fdtaddr} ${bootdir}/${fdtfile}
loadimage=load mmc ${bootpart} ${loadaddr} ${bootdir}/${bootfile}
loadramdisk=load mmc ${bootpart} ${rdaddr} ${bootdir}/${ramdisk}
mmcargs=setenv bootargs console=${console} ${optargs} mpurate=${mpurate} buddy=${buddy} camera=${camera} vram=${vram} omapfb.mode=dvi:${dvimode} omapdss.def_disp=${defaultdisplay} root=${mmcroot} rootfstype=${mmcrootfstype}
mmcboot=echo Booting from mmc ...; run mmcargs; bootm ${loadaddr}
mmcbootz=echo Booting with DT from mmc${mmcdev} ...; run mmcargs; bootz ${loadaddr} - ${fdtaddr}
mmcdev= 
mmcroot=/dev/mmcblk0p2 rw
mmcrootfstype=ext3 rootwait
mpurate=auto
nandargs=setenv bootargs console=${console} ${optargs} mpurate=${mpurate} buddy=${buddy} camera=${camera} vram=${vram} omapfb.mode=dvi:${dvimode} omapdss.def_disp=${defaultdisplay} root=${nandroot} rootfstype=${nandrootfstype}
nandboot=echo Booting from nand ...; run nandargs; nand read ${loadaddr} 280000 400000; bootm ${loadaddr}
nandroot=ubi0:rootfs ubi.mtd=4
nandrootfstype=ubifs
ramargs=setenv bootargs console=${console} ${optargs} mpurate=${mpurate} buddy=${buddy} vram=${vram} omapfb.mode=dvi:${dvimode} omapdss.def_disp=${defaultdisplay} root=${ramroot} rootfstype=${ramrootfstype}
ramboot=echo Booting from ramdisk ...; run ramargs; bootm ${loadaddr}
ramdisk=ramdisk.gz
ramroot=/dev/ram0 rw ramdisk_size=65536 initrd=0x81000000,64M
ramrootfstype=ext2
rdaddr=0x81000000
serverip=192.168.1.254
soc=omap3
stderr=serial
stdin=serial
stdout=serial
usbethaddr=02:1f:10:00:02:00
usbtty=cdc_acm
userbutton=if gpio input 173; then run userbutton_xm; else run userbutton_nonxm; fi;
userbutton_nonxm=gpio input 7;
userbutton_xm=gpio input 4;
validatefdt=if test $beaglerev = xMAB; then if test ! -e mmc ${bootpart} ${bootdir}/${fdtfile}; then setenv fdtfile omap3-beagle-xm.dtb; fi; fi; 
vendor=ti
ver=U-Boot 2014.10-00004-g9ade0ab (Dec 05 2014 - 14:01:52)
vram=12M
Environment size: 3233/131068 bytes
U-Boot# 
- 05:47:53 [INFO] Host: dcache off
- 05:47:53 [INFO] Target: 
dcache off
U-Boot# 
- 05:47:53 [INFO] Host: usb start
- 05:47:58 [INFO] Target: 
usb start
(Re)start USB...
USB0:   USB EHCI 1.00
scanning bus 0 for devices... 3 USB Device(s) found
       scanning usb for storage devices... 0 Storage Device(s) found
       scanning usb for ethernet devices... 1 Ethernet Device(s) found
U-Boot# 
- 05:47:58 [INFO] Host: printenv
- 05:47:58 [INFO] Target: 
printenv
arch=arm
autoload=no
baudrate=115200
beaglerev=xMC
board=beagle
board_name=beagle
bootargs=console=ttyO2,115200n8  earlyprintk rootwait 
bootcmd=
bootdelay=1
bootdir=/boot
bootenv=uEnv.txt
bootfile=uImage
bootm_size=0x08000000
bootpart=0:2
bootscript=echo Running bootscript from mmc${mmcdev} ...; source ${loadaddr}
buddy=none
camera=none
console=ttyO2,115200n8
cpu=armv7
defaultdisplay=dvi
dieid#=586000029ff80000016830101700b01f
dvimode=640x480MR-16@60
ethact=usb_ether
fdtaddr=0x80f80000
findfdt=if test $beaglerev = AxBx; then setenv fdtfile omap3-beagle.dtb; fi; if test $beaglerev = Cx; then setenv fdtfile omap3-beagle.dtb; fi; if test $beaglerev = C4; then setenv fdtfile omap3-beagle.dtb; fi; if test $beaglerev = xMAB; then setenv fdtfile omap3-beagle-xm-ab.dtb; fi; if test $beaglerev = xMC; then setenv fdtfile omap3-beagle-xm.dtb; fi; if test $fdtfile = undefined; then echo WARNING: Could not determine device tree to use; fi; 
importbootenv=echo Importing environment from mmc ...; env import -t -r $loadaddr $filesize
loadaddr=0x80200000
loadbootenv=fatload mmc ${mmcdev} ${loadaddr} ${bootenv}
loadbootscript=load mmc ${mmcdev} ${loadaddr} boot.scr
loadfdt=run validatefdt; load mmc ${bootpart} ${fdtaddr} ${bootdir}/${fdtfile}
loadimage=load mmc ${bootpart} ${loadaddr} ${bootdir}/${bootfile}
loadramdisk=load mmc ${bootpart} ${rdaddr} ${bootdir}/${ramdisk}
mmcargs=setenv bootargs console=${console} ${optargs} mpurate=${mpurate} buddy=${buddy} camera=${camera} vram=${vram} omapfb.mode=dvi:${dvimode} omapdss.def_disp=${defaultdisplay} root=${mmcroot} rootfstype=${mmcrootfstype}
mmcboot=echo Booting from mmc ...; run mmcargs; bootm ${loadaddr}
mmcbootz=echo Booting with DT from mmc${mmcdev} ...; run mmcargs; bootz ${loadaddr} - ${fdtaddr}
mmcdev= 
mmcroot=/dev/mmcblk0p2 rw
mmcrootfstype=ext3 rootwait
mpurate=auto
nandargs=setenv bootargs console=${console} ${optargs} mpurate=${mpurate} buddy=${buddy} camera=${camera} vram=${vram} omapfb.mode=dvi:${dvimode} omapdss.def_disp=${defaultdisplay} root=${nandroot} rootfstype=${nandrootfstype}
nandboot=echo Booting from nand ...; run nandargs; nand read ${loadaddr} 280000 400000; bootm ${loadaddr}
nandroot=ubi0:rootfs ubi.mtd=4
nandrootfstype=ubifs
ramargs=setenv bootargs console=${console} ${optargs} mpurate=${mpurate} buddy=${buddy} vram=${vram} omapfb.mode=dvi:${dvimode} omapdss.def_disp=${defaultdisplay} root=${ramroot} rootfstype=${ramrootfstype}
ramboot=echo Booting from ramdisk ...; run ramargs; bootm ${loadaddr}
ramdisk=ramdisk.gz
ramroot=/dev/ram0 rw ramdisk_size=65536 initrd=0x81000000,64M
ramrootfstype=ext2
rdaddr=0x81000000
serverip=192.168.1.254
soc=omap3
stderr=serial
stdin=serial
stdout=serial
usbethaddr=02:1f:10:00:02:00
usbtty=cdc_acm
userbutton=if gpio input 173; then run userbutton_xm; else run userbutton_nonxm; fi;
userbutton_nonxm=gpio input 7;
userbutton_xm=gpio input 4;
validatefdt=if test $beaglerev = xMAB; then if test ! -e mmc ${bootpart} ${bootdir}/${fdtfile}; then setenv fdtfile omap3-beagle-xm.dtb; fi; fi; 
vendor=ti
ver=U-Boot 2014.10-00004-g9ade0ab (Dec 05 2014 - 14:01:52)
vram=12M
Environment size: 3233/131068 bytes
U-Boot# 
- 05:47:58 [INFO] Host: setenv bootargs ''${bootargs}' ip=dhcp '
- 05:47:59 [INFO] Target: 
setenv bootargs ''${bootargs}' ip=dhcp '
U-Boot# 
- 05:47:59 [INFO] Host: setenv serverip '192.168.1.254'
- 05:47:59 [INFO] Target: 
setenv serverip '192.168.1.254'
U-Boot# 
- 05:47:59 [INFO] Host: setenv ipaddr dhcp
- 05:48:00 [INFO] Target: 
setenv ipaddr dhcp
U-Boot# 
- 05:48:00 [INFO] Host: setenv autoload 'no'
- 05:48:00 [INFO] Target: 
setenv autoload 'no'
U-Boot# 
- 05:48:00 [INFO] Host: dhcp
- 05:48:03 [INFO] Target: 
dhcp
ERROR: Need valid 'usbnet_devaddr' to be set
at drivers/usb/gadget/ether.c:2357/usb_eth_init()
Waiting for Ethernet connection... done.
BOOTP broadcast 1
BOOTP broadcast 2
DHCP client bound to address 192.168.1.151 (1044 ms)
U-Boot# 
- 05:48:03 [INFO] Host: setenv serverip '192.168.1.254'
- 05:48:04 [INFO] Target: 
setenv serverip '192.168.1.254'
U-Boot# 
- 05:48:04 [INFO] Host: tftp ${loadaddr} 192.168.1.254:vatf_2/c2a123e9e86ad8f272b40582828ec3e0
- 05:48:14 [INFO] Target: 
tftp ${loadaddr} 192.168.1.254:vatf_2/c2a123e9e86ad8f272b40582828ec3e0
Waiting for Ethernet connection... done.
Using sms0 device
TFTP from server 192.168.1.254; our IP address is 192.168.1.151
Filename 'vatf_2/c2a123e9e86ad8f272b40582828ec3e0'.
Load address: 0x80200000
Loading: *#################################################################
	 #################################################################
	 #################################################################
	 #################################################################
	 #######################################################
	 550.8 KiB/s
done
Bytes transferred = 4611216 (465c90 hex)
U-Boot# 
- 05:48:14 [INFO] Host: tftp ${fdtaddr} 192.168.1.254:vatf_2/8e5bcd9670d7611bf9fe5d52586dd3cb
- 05:48:21 [INFO] Target: 
tftp ${fdtaddr} 192.168.1.254:vatf_2/8e5bcd9670d7611bf9fe5d52586dd3cb
Waiting for Ethernet connection... done.
Using sms0 device
TFTP from server 192.168.1.254; our IP address is 192.168.1.151
Filename 'vatf_2/8e5bcd9670d7611bf9fe5d52586dd3cb'.
Load address: 0x80f80000
Loading: *##EHCI timed out on TD - token=0x88008d80
T ###
	 11.7 KiB/s
done
Bytes transferred = 62704 (f4f0 hex)
U-Boot# 
- 05:48:21 [INFO] Host: ls mmc 0:1
- 05:48:21 [INFO] Target: 
ls mmc 0:1
    50564   mlo 
   392660   u-boot.img 
        4   ws-calibrate.rules 
3 file(s), 0 dir(s)
U-Boot# 
- 05:48:21 [INFO] Host: ls mmc 0:2
- 05:48:22 [INFO] Target: 
ls mmc 0:2
<DIR>       4096 .
<DIR>       4096 ..
<DIR>      16384 lost+found
<DIR>       4096 bin
<DIR>       4096 boot
<SYM>         37 cpufreq
<SYM>         37 cpuidle
<DIR>       4096 dev
<DIR>       4096 etc
<DIR>       4096 home
<DIR>       4096 lib
<DIR>       4096 media
<DIR>       4096 mnt
<DIR>       4096 opt
<DIR>       4096 proc
<SYM>          8 run
<DIR>       4096 sbin
<DIR>       4096 srv
<DIR>       4096 sys
<SYM>          8 tmp
<DIR>       4096 usr
<DIR>       4096 var
<DIR>       4096 www
<DIR>       4096 test
U-Boot# 
- 05:48:22 [INFO] Host: part uuid mmc 0:2
- 05:48:22 [INFO] Target: 
part uuid mmc 0:2
Unknown command 'part' - try 'help'
U-Boot# 
- 05:48:22 [INFO] Host: printenv
- 05:48:23 [INFO] Target: 
printenv
arch=arm
autoload=no
baudrate=115200
beaglerev=xMC
board=beagle
board_name=beagle
bootargs=console=ttyO2,115200n8  earlyprintk rootwait  ip=dhcp 
bootcmd=
bootdelay=1
bootdir=/boot
bootenv=uEnv.txt
bootfile=uImage
bootm_size=0x08000000
bootpart=0:2
bootscript=echo Running bootscript from mmc${mmcdev} ...; source ${loadaddr}
buddy=none
camera=none
console=ttyO2,115200n8
cpu=armv7
defaultdisplay=dvi
dieid#=586000029ff80000016830101700b01f
dnsip=192.0.2.2
dvimode=640x480MR-16@60
ethact=sms0
fdtaddr=0x80f80000
fileaddr=80f80000
filesize=f4f0
findfdt=if test $beaglerev = AxBx; then setenv fdtfile omap3-beagle.dtb; fi; if test $beaglerev = Cx; then setenv fdtfile omap3-beagle.dtb; fi; if test $beaglerev = C4; then setenv fdtfile omap3-beagle.dtb; fi; if test $beaglerev = xMAB; then setenv fdtfile omap3-beagle-xm-ab.dtb; fi; if test $beaglerev = xMC; then setenv fdtfile omap3-beagle-xm.dtb; fi; if test $fdtfile = undefined; then echo WARNING: Could not determine device tree to use; fi; 
gatewayip=192.168.1.254
importbootenv=echo Importing environment from mmc ...; env import -t -r $loadaddr $filesize
ipaddr=192.168.1.151
loadaddr=0x80200000
loadbootenv=fatload mmc ${mmcdev} ${loadaddr} ${bootenv}
loadbootscript=load mmc ${mmcdev} ${loadaddr} boot.scr
loadfdt=run validatefdt; load mmc ${bootpart} ${fdtaddr} ${bootdir}/${fdtfile}
loadimage=load mmc ${bootpart} ${loadaddr} ${bootdir}/${bootfile}
loadramdisk=load mmc ${bootpart} ${rdaddr} ${bootdir}/${ramdisk}
mmcargs=setenv bootargs console=${console} ${optargs} mpurate=${mpurate} buddy=${buddy} camera=${camera} vram=${vram} omapfb.mode=dvi:${dvimode} omapdss.def_disp=${defaultdisplay} root=${mmcroot} rootfstype=${mmcrootfstype}
mmcboot=echo Booting from mmc ...; run mmcargs; bootm ${loadaddr}
mmcbootz=echo Booting with DT from mmc${mmcdev} ...; run mmcargs; bootz ${loadaddr} - ${fdtaddr}
mmcdev= 
mmcroot=/dev/mmcblk0p2 rw
mmcrootfstype=ext3 rootwait
mpurate=auto
nandargs=setenv bootargs console=${console} ${optargs} mpurate=${mpurate} buddy=${buddy} camera=${camera} vram=${vram} omapfb.mode=dvi:${dvimode} omapdss.def_disp=${defaultdisplay} root=${nandroot} rootfstype=${nandrootfstype}
nandboot=echo Booting from nand ...; run nandargs; nand read ${loadaddr} 280000 400000; bootm ${loadaddr}
nandroot=ubi0:rootfs ubi.mtd=4
nandrootfstype=ubifs
netmask=255.255.255.0
ramargs=setenv bootargs console=${console} ${optargs} mpurate=${mpurate} buddy=${buddy} vram=${vram} omapfb.mode=dvi:${dvimode} omapdss.def_disp=${defaultdisplay} root=${ramroot} rootfstype=${ramrootfstype}
ramboot=echo Booting from ramdisk ...; run ramargs; bootm ${loadaddr}
ramdisk=ramdisk.gz
ramroot=/dev/ram0 rw ramdisk_size=65536 initrd=0x81000000,64M
ramrootfstype=ext2
rdaddr=0x81000000
serverip=192.168.1.254
soc=omap3
stderr=serial
stdin=serial
stdout=serial
usbethaddr=02:1f:10:00:02:00
usbtty=cdc_acm
userbutton=if gpio input 173; then run userbutton_xm; else run userbutton_nonxm; fi;
userbutton_nonxm=gpio input 7;
userbutton_xm=gpio input 4;
validatefdt=if test $beaglerev = xMAB; then if test ! -e mmc ${bootpart} ${bootdir}/${fdtfile}; then setenv fdtfile omap3-beagle-xm.dtb; fi; fi; 
vendor=ti
ver=U-Boot 2014.10-00004-g9ade0ab (Dec 05 2014 - 14:01:52)
vram=12M
Environment size: 3364/131068 bytes
U-Boot# 
- 05:48:23 [INFO] Host: setenv bootargs ''${bootargs}' root=/dev/mmcblk0p2 rw rootfstype=ext3 rootwait '
- 05:48:23 [INFO] Target: 
setenv bootargs ''${bootargs}' root=/dev/mmcblk0p2 rw rootfstype=ext3 rootwait '
U-Boot# 
- 05:48:23 [INFO] Host: printenv
- 05:48:24 [INFO] Target: 
printenv
arch=arm
autoload=no
baudrate=115200
beaglerev=xMC
board=beagle
board_name=beagle
bootargs=console=ttyO2,115200n8  earlyprintk rootwait  ip=dhcp  root=/dev/mmcblk0p2 rw rootfstype=ext3 rootwait 
bootcmd=
bootdelay=1
bootdir=/boot
bootenv=uEnv.txt
bootfile=uImage
bootm_size=0x08000000
bootpart=0:2
bootscript=echo Running bootscript from mmc${mmcdev} ...; source ${loadaddr}
buddy=none
camera=none
console=ttyO2,115200n8
cpu=armv7
defaultdisplay=dvi
dieid#=586000029ff80000016830101700b01f
dnsip=192.0.2.2
dvimode=640x480MR-16@60
ethact=sms0
fdtaddr=0x80f80000
fileaddr=80f80000
filesize=f4f0
findfdt=if test $beaglerev = AxBx; then setenv fdtfile omap3-beagle.dtb; fi; if test $beaglerev = Cx; then setenv fdtfile omap3-beagle.dtb; fi; if test $beaglerev = C4; then setenv fdtfile omap3-beagle.dtb; fi; if test $beaglerev = xMAB; then setenv fdtfile omap3-beagle-xm-ab.dtb; fi; if test $beaglerev = xMC; then setenv fdtfile omap3-beagle-xm.dtb; fi; if test $fdtfile = undefined; then echo WARNING: Could not determine device tree to use; fi; 
gatewayip=192.168.1.254
importbootenv=echo Importing environment from mmc ...; env import -t -r $loadaddr $filesize
ipaddr=192.168.1.151
loadaddr=0x80200000
loadbootenv=fatload mmc ${mmcdev} ${loadaddr} ${bootenv}
loadbootscript=load mmc ${mmcdev} ${loadaddr} boot.scr
loadfdt=run validatefdt; load mmc ${bootpart} ${fdtaddr} ${bootdir}/${fdtfile}
loadimage=load mmc ${bootpart} ${loadaddr} ${bootdir}/${bootfile}
loadramdisk=load mmc ${bootpart} ${rdaddr} ${bootdir}/${ramdisk}
mmcargs=setenv bootargs console=${console} ${optargs} mpurate=${mpurate} buddy=${buddy} camera=${camera} vram=${vram} omapfb.mode=dvi:${dvimode} omapdss.def_disp=${defaultdisplay} root=${mmcroot} rootfstype=${mmcrootfstype}
mmcboot=echo Booting from mmc ...; run mmcargs; bootm ${loadaddr}
mmcbootz=echo Booting with DT from mmc${mmcdev} ...; run mmcargs; bootz ${loadaddr} - ${fdtaddr}
mmcdev= 
mmcroot=/dev/mmcblk0p2 rw
mmcrootfstype=ext3 rootwait
mpurate=auto
nandargs=setenv bootargs console=${console} ${optargs} mpurate=${mpurate} buddy=${buddy} camera=${camera} vram=${vram} omapfb.mode=dvi:${dvimode} omapdss.def_disp=${defaultdisplay} root=${nandroot} rootfstype=${nandrootfstype}
nandboot=echo Booting from nand ...; run nandargs; nand read ${loadaddr} 280000 400000; bootm ${loadaddr}
nandroot=ubi0:rootfs ubi.mtd=4
nandrootfstype=ubifs
netmask=255.255.255.0
ramargs=setenv bootargs console=${console} ${optargs} mpurate=${mpurate} buddy=${buddy} vram=${vram} omapfb.mode=dvi:${dvimode} omapdss.def_disp=${defaultdisplay} root=${ramroot} rootfstype=${ramrootfstype}
ramboot=echo Booting from ramdisk ...; run ramargs; bootm ${loadaddr}
ramdisk=ramdisk.gz
ramroot=/dev/ram0 rw ramdisk_size=65536 initrd=0x81000000,64M
ramrootfstype=ext2
rdaddr=0x81000000
serverip=192.168.1.254
soc=omap3
stderr=serial
stdin=serial
stdout=serial
usbethaddr=02:1f:10:00:02:00
usbtty=cdc_acm
userbutton=if gpio input 173; then run userbutton_xm; else run userbutton_nonxm; fi;
userbutton_nonxm=gpio input 7;
userbutton_xm=gpio input 4;
validatefdt=if test $beaglerev = xMAB; then if test ! -e mmc ${bootpart} ${bootdir}/${fdtfile}; then setenv fdtfile omap3-beagle-xm.dtb; fi; fi; 
vendor=ti
ver=U-Boot 2014.10-00004-g9ade0ab (Dec 05 2014 - 14:01:52)
vram=12M
Environment size: 3413/131068 bytes
U-Boot# 
- 05:48:24 [INFO] Host: setenv bootcmd ''${bootcmd}' if iminfo ${loadaddr}; then bootm ${loadaddr} - ${fdtaddr}; else bootz ${loadaddr} - ${fdtaddr}; bootm ${loadaddr} - ${fdtaddr}; fi'
- 05:48:24 [INFO] Target: 
setenv bootcmd ''${bootcmd}' if iminfo ${loadaddr}; then bootm ${loadaddr} - ${fdtaddr}; else bootz ${loadaddr} - ${fdtaddr}; bootm ${loadaddr} - ${fdtaddr}; fi'
U-Boot# 
- 05:48:24 [INFO] Host: bdinfo
- 05:48:25 [INFO] Target: 
bdinfo
arch_number = 0x0000060A
boot_params = 0x80000100
DRAM bank   = 0x00000000
-> start    = 0x80000000
-> size     = 0x10000000
DRAM bank   = 0x00000001
-> start    = 0x90000000
-> size     = 0x10000000
eth0name    = usb_ether
ethaddr     = (not set)
eth1name    = sms0
eth1addr    = (not set)
current eth = sms0
ip_addr     = 192.168.1.151
baudrate    = 115200 bps
TLB addr    = 0x9FFF0000
relocaddr   = 0x9FF4C000
reloc off   = 0x1FE4C000
irq_sp      = 0x9EF2BEE0
sp start    = 0x9EF2BED0
U-Boot# 
- 05:48:25 [INFO] Host: mmc rescan
- 05:48:25 [INFO] Target: 
mmc rescan
U-Boot# 
- 05:48:25 [INFO] Host: fatwrite mmc ${mmcdev}:1 ${loadaddr} ws-calibrate.rules 4
- 05:48:26 [INFO] Target: 
fatwrite mmc ${mmcdev}:1 ${loadaddr} ws-calibrate.rules 4
writing ws-calibrate.rules
4 bytes written
U-Boot# 
- 05:48:26 [INFO] Host: boot
- 05:50:56 [ERROR] On command: boot waiting for boot.+?(?-mix:.*\s+login) >>> error: execution expired
- 05:50:56 [INFO] Target: 
boot
## Checking Image at 80200000 ...
Unknown image format!
Kernel image @ 0x80200000 [ 0x000000 - 0x465c90 ]
## Flattened Device Tree blob at 80f80000
   Booting using the fdt blob at 0x80f80000
   Loading Device Tree to 87fed000, end 87fff4ef ... OK
Starting kernel ...
[    0.000000] Booting Linux on physical CPU 0x0
[    0.000000] Initializing cgroup subsys cpuset
[    0.000000] Initializing cgroup subsys cpu
[    0.000000] Initializing cgroup subsys cpuacct
[    0.000000] Linux version 4.0.0-rc3-next-20150313-00002-g3edae4a369f7 (nmenon@kahuna) (gcc version 4.6.3 (Ubuntu/Linaro 4.6.3-1ubuntu5) ) #1 SMP Fri Mar 13 05:43:10 CDT 2015
[    0.000000] CPU: ARMv7 Processor [413fc082] revision 2 (ARMv7), cr=10c5387d
[    0.000000] CPU: PIPT / VIPT nonaliasing data cache, VIPT aliasing instruction cache
[    0.000000] Machine model: TI OMAP3 BeagleBoard xM
[    0.000000] cma: Reserved 16 MiB at 0x9e800000
[    0.000000] Memory policy: Data cache writeback
[    0.000000] CPU: All CPU(s) started in SVC mode.
[    0.000000] OMAP3630 ES1.2 (l2cache iva sgx neon isp 192mhz_clk )
[    0.000000] PERCPU: Embedded 12 pages/cpu @df9f8000 s18560 r8192 d22400 u49152
[    0.000000] Built 1 zonelists in Zone order, mobility grouping on.  Total pages: 129664
[    0.000000] Kernel command line: console=ttyO2,115200n8  earlyprintk rootwait  ip=dhcp  root=/dev/mmcblk0p2 rw rootfstype=ext3 rootwait 
[    0.000000] PID hash table entries: 2048 (order: 1, 8192 bytes)
[    0.000000] Dentry cache hash table entries: 65536 (order: 6, 262144 bytes)
[    0.000000] Inode-cache hash table entries: 32768 (order: 5, 131072 bytes)
[    0.000000] Memory: 483588K/523264K available (6136K kernel code, 598K rwdata, 2288K rodata, 428K init, 8219K bss, 23292K reserved, 16384K cma-reserved, 0K highmem)
[    0.000000] Virtual kernel memory layout:
[    0.000000]     vector  : 0xffff0000 - 0xffff1000   (   4 kB)
[    0.000000]     fixmap  : 0xffc00000 - 0xfff00000   (3072 kB)
[    0.000000]     vmalloc : 0xe0800000 - 0xff000000   ( 488 MB)
[    0.000000]     lowmem  : 0xc0000000 - 0xe0000000   ( 512 MB)
[    0.000000]     pkmap   : 0xbfe00000 - 0xc0000000   (   2 MB)
[    0.000000]     modules : 0xbf000000 - 0xbfe00000   (  14 MB)
[    0.000000]       .text : 0xc0008000 - 0xc08423e8   (8425 kB)
[    0.000000]       .init : 0xc0843000 - 0xc08ae000   ( 428 kB)
[    0.000000]       .data : 0xc08ae000 - 0xc0943b38   ( 599 kB)
[    0.000000]        .bss : 0xc0943b38 - 0xc114a988   (8220 kB)
[    0.000000] Running RCU self tests
[    0.000000] Hierarchical RCU implementation.
[    0.000000] 	RCU lockdep checking is enabled.
[    0.000000] 	Additional per-CPU info printed with stalls.
[    0.000000] 	RCU restricting CPUs from NR_CPUS=2 to nr_cpu_ids=1.
[    0.000000] RCU: Adjusting geometry for rcu_fanout_leaf=16, nr_cpu_ids=1
[    0.000000] NR_IRQS:16 nr_irqs:16 16
[    0.000000] IRQ: Found an INTC at 0xfa200000 (revision 4.0) with 96 interrupts
[    0.000000] Clocking rate (Crystal/Core/MPU): 26.0/400/600 MHz
[    0.000000] OMAP clockevent source: timer1 at 32768 Hz
[    0.000030] sched_clock: 32 bits at 32kHz, resolution 30517ns, wraps every 65536000000000ns
[    0.000061] OMAP clocksource: 32k_counter at 32768 Hz
[    0.001281] Console: colour dummy device 80x30
[    0.001342] Lock dependency validator: Copyright (c) 2006 Red Hat, Inc., Ingo Molnar
[    0.001373] ... MAX_LOCKDEP_SUBCLASSES:  8
[    0.001373] ... MAX_LOCK_DEPTH:          48
[    0.001403] ... MAX_LOCKDEP_KEYS:        8191
[    0.001403] ... CLASSHASH_SIZE:          4096
[    0.001434] ... MAX_LOCKDEP_ENTRIES:     32768
[    0.001434] ... MAX_LOCKDEP_CHAINS:      65536
[    0.001434] ... CHAINHASH_SIZE:          32768
[    0.001464]  memory used by lock dependency info: 5167 kB
[    0.001464]  per task-struct memory footprint: 1152 bytes
[    0.001495] Calibrating delay loop... 594.73 BogoMIPS (lpj=2973696)
[    0.107513] pid_max: default: 32768 minimum: 301
[    0.108032] Security Framework initialized
[    0.108276] Mount-cache hash table entries: 1024 (order: 0, 4096 bytes)
[    0.108306] Mountpoint-cache hash table entries: 1024 (order: 0, 4096 bytes)
[    0.112640] Initializing cgroup subsys blkio
[    0.112701] Initializing cgroup subsys memory
[    0.112823] Initializing cgroup subsys devices
[    0.112945] Initializing cgroup subsys freezer
[    0.113128] Initializing cgroup subsys perf_event
[    0.113250] CPU: Testing write buffer coherency: ok
[    0.115112] CPU0: thread -1, cpu 0, socket -1, mpidr 0
[    0.115234] Setting up static identity map for 0x805d2b08 - 0x805d2b78
[    0.120880] Brought up 1 CPUs
[    0.120910] SMP: Total of 1 processors activated (594.73 BogoMIPS).
[    0.120910] CPU: All CPU(s) started in SVC mode.
[    0.125244] devtmpfs: initialized
[    0.137268] VFP support v0.3: implementor 41 architecture 3 part 30 variant c rev 3
[    0.222320] omap_hwmod: mcbsp2_sidetone using broken dt data from mcbsp
[    0.224700] omap_hwmod: mcbsp3_sidetone using broken dt data from mcbsp
[    0.306762] omap_hwmod: mcbsp2: _wait_target_ready failed: -16
[    0.306793] omap_hwmod: mcbsp2: cannot be enabled for reset (3)
[    0.353332] pinctrl core: initialized pinctrl subsystem
[    0.463073] NET: Registered protocol family 16
[    0.472290] DMA: preallocated 256 KiB pool for atomic coherent allocations
[    0.475250] cpuidle: using governor ladder
[    0.475280] cpuidle: using governor menu
[    0.483551] Reprogramming SDRC clock to 400000000 Hz
[    0.495513] omap_gpio 48310000.gpio: could not find pctldev for node /ocp/pinmux@48002a00/pinmux_gpio1_pins, deferring probe
[    0.495574] platform 48310000.gpio: Driver omap_gpio requests probe deferral
[    0.499969] OMAP GPIO hardware version 2.5
[    0.513793] irq: no irq domain found for /ocp/pinmux@48002030 !
[    0.539550] omap-gpmc 6e000000.gpmc: GPMC revision 5.0
[    0.542449] platform 48058000.ssi-controller: Cannot lookup hwmod 'ssi'
[    0.552978] No ATAGs?
[    0.553009] hw-breakpoint: debug architecture 0x4 unsupported.
[    0.556823] OMAP DMA hardware revision 5.0
[    0.647399] omap-dma-engine 48056000.dma-controller: OMAP DMA engine driver
[    0.648925] platform hsusb2_power_reg: Driver reg-fixed-voltage requests probe deferral
[    0.654449] SCSI subsystem initialized
[    0.657806] platform hsusb2_phy: Driver usb_phy_generic requests probe deferral
[    0.661010] omap_i2c 48070000.i2c: bus 0 rev4.4 at 2600 kHz
[    0.662811] omap_i2c 48072000.i2c: bus 1 rev4.4 at 400 kHz
[    0.664337] omap_i2c 48060000.i2c: bus 2 rev4.4 at 100 kHz
[    0.670745] Switched to clocksource 32k_counter
[    0.898284] NET: Registered protocol family 2
[    0.901062] TCP established hash table entries: 4096 (order: 2, 16384 bytes)
[    0.901367] TCP bind hash table entries: 4096 (order: 5, 147456 bytes)
[    0.903564] TCP: Hash tables configured (established 4096 bind 4096)
[    0.903869] UDP hash table entries: 256 (order: 2, 20480 bytes)
[    0.904174] UDP-Lite hash table entries: 256 (order: 2, 20480 bytes)
[    0.905639] NET: Registered protocol family 1
[    0.907928] RPC: Registered named UNIX socket transport module.
[    0.907958] RPC: Registered udp transport module.
[    0.907958] RPC: Registered tcp transport module.
[    0.907989] RPC: Registered tcp NFSv4.1 backchannel transport module.
[    0.913421] hw perfevents: enabled with armv7_cortex_a8 PMU driver, 5 counters available
[    0.921966] futex hash table entries: 256 (order: 2, 16384 bytes)
[    0.922302] audit: initializing netlink subsys (disabled)
[    0.922607] audit: type=2000 audit(0.910:1): initialized
[    0.928955] VFS: Disk quotas dquot_6.5.2
[    0.929168] VFS: Dquot-cache hash table entries: 1024 (order 0, 4096 bytes)
[    0.932800] NFS: Registering the id_resolver key type
[    0.933319] Key type id_resolver registered
[    0.933319] Key type id_legacy registered
[    0.933563] jffs2: version 2.2. (NAND) (SUMMARY)   2001-2006 Red Hat, Inc.
[    0.940307] io scheduler noop registered
[    0.940368] io scheduler deadline registered
[    0.940429] io scheduler cfq registered (default)
[    0.944610] pinctrl-single 48002030.pinmux: 284 pins at pa fa002030 size 568
[    0.945404] pinctrl-single 48002a00.pinmux: 46 pins at pa fa002a00 size 92
[    0.946838] pinctrl-single 480025a0.pinmux: 46 pins at pa fa0025a0 size 92
[    0.954833] Serial: 8250/16550 driver, 4 ports, IRQ sharing enabled
[    0.964141] omap_uart 4806a000.serial: no wakeirq for uart0
[    0.964904] 4806a000.serial: ttyO0 at MMIO 0x4806a000 (irq = 88, base_baud = 3000000) is a OMAP UART0
[    0.967559] omap_uart 4806c000.serial: no wakeirq for uart0
[    0.967987] 4806c000.serial: ttyO1 at MMIO 0x4806c000 (irq = 89, base_baud = 3000000) is a OMAP UART1
[    0.971252] 49020000.serial: ttyO2 at MMIO 0x49020000 (irq = 90, base_baud = 3000000) is a OMAP UART2
[    1.775115] console [ttyO2] enabled
[    1.781829] omap_uart 49042000.serial: no wakeirq for uart0
[    1.788146] 49042000.serial: ttyO3 at MMIO 0x49042000 (irq = 96, base_baud = 3000000) is a OMAP UART3
[    1.841766] brd: module loaded
[    1.848693] Unable to handle kernel NULL pointer dereference at virtual address 00000000
[    1.857391] pgd = c0004000
[    1.860260] [00000000] *pgd=00000000
[    1.864105] Internal error: Oops: 80000005 [#1] SMP ARM
[    1.869628] Modules linked in:
[    1.872863] CPU: 0 PID: 1 Comm: swapper/0 Not tainted 4.0.0-rc3-next-20150313-00002-g3edae4a369f7 #1
[    1.882476] Hardware name: Generic OMAP36xx (Flattened Device Tree)
[    1.889099] task: de0b6b80 ti: de0b8000 task.ti: de0b8000
[    1.894805] PC is at 0x0
[    1.897491] LR is at percpu_ref_kill_and_confirm+0x16c/0x1e4
[    1.903442] pc : [<00000000>]    lr : [<c034cdc4>]    psr: 60000153
[    1.903442] sp : de0b9e10  ip : 000001a0  fp : de44a200
[    1.915557] r10: 00000001  r9 : 00000000  r8 : 00000001
[    1.921081] r7 : de3fa5f0  r6 : de46747c  r5 : c0940c7c  r4 : de467454
[    1.927947] r3 : 00000000  r2 : 00000000  r1 : 00000000  r0 : de467454
[    1.934844] Flags: nZCv  IRQs on  FIQs off  Mode SVC_32  ISA ARM  Segment kernel
[    1.942626] Control: 10c5387d  Table: 80004019  DAC: 00000015
[    1.948699] Process swapper/0 (pid: 1, stack limit = 0xde0b8218)
[    1.955047] Stack: (0xde0b9e10 to 0xde0ba000)
[    1.959625] 9e00:                                     00000000 00000000 c034cc74 00000000
[    1.968261] 9e20: de466e08 00000000 de46747c c03252b4 de3fa5f0 de466e08 de46747c c0325440
[    1.976898] 9e40: de466e08 c0325474 de3fa5f0 de3fa5ac de3fa584 de46747c de466e08 c0325b70
[    1.985534] 9e60: 00000000 00000001 00000080 df6a8a80 de44a200 de44a240 de467488 de3fa584
[    1.994140] 9e80: de467488 00000000 de3fa584 00000001 de0b9ee4 c0843588 00000000 c0325cd8
[    2.002777] 9ea0: 00000005 de3fa400 00000000 c03e7308 000000d0 00000008 00000008 00000001
[    2.011413] 9ec0: 00100000 c11389e0 de44a640 c08a84a0 c0843588 c0880a30 00000000 00000000
[    2.020019] 9ee0: 0000000a c0880934 00000000 c0880934 00000000 c08b3d58 c08b3d58 c0008a04
[    2.028656] 9f00: de0b6b80 c08f13b0 00000004 00000000 de0b6b00 00000004 00000006 00000001
[    2.037292] 9f20: 00000000 00000000 00000000 c008a840 c080f32c dfeff15e 00000093 c005ac80
[    2.045928] 9f40: c07c1e28 c080e9fc 00000006 00000006 c08f136c c08928e4 00000006 c08928c4
[    2.054534] 9f60: c0943b40 00000093 c08a84a0 c0843588 00000000 c0843e80 00000006 00000006
[    2.063171] 9f80: c0843588 00000000 00000000 c05c502c 00000000 00000000 00000000 00000000
[    2.071807] 9fa0: 00000000 c05c5034 00000000 c000e6d0 00000000 00000000 00000000 00000000
[    2.080444] 9fc0: 00000000 00000000 00000000 00000000 00000000 00000000 00000000 00000000
[    2.089050] 9fe0: 00000000 00000000 00000000 00000000 00000013 00000000 40110020 00502088
[    2.097717] [<c034cdc4>] (percpu_ref_kill_and_confirm) from [<c03252b4>] (blk_mq_freeze_queue_start+0x3c/0x4c)
[    2.108245] [<c03252b4>] (blk_mq_freeze_queue_start) from [<c0325440>] (blk_mq_freeze_queue+0xc/0x18)
[    2.117980] [<c0325440>] (blk_mq_freeze_queue) from [<c0325474>] (blk_mq_update_tag_set_depth+0x28/0xa0)
[    2.127990] [<c0325474>] (blk_mq_update_tag_set_depth) from [<c0325b70>] (blk_mq_init_allocated_queue+0x684/0x7c0)
[    2.138916] [<c0325b70>] (blk_mq_init_allocated_queue) from [<c0325cd8>] (blk_mq_init_queue+0x2c/0x4c)
[    2.148742] [<c0325cd8>] (blk_mq_init_queue) from [<c03e7308>] (loop_add+0xc0/0x254)
[    2.156921] [<c03e7308>] (loop_add) from [<c0880a30>] (loop_init+0xfc/0x160)
[    2.164367] [<c0880a30>] (loop_init) from [<c0008a04>] (do_one_initcall+0x80/0x1d8)
[    2.172454] [<c0008a04>] (do_one_initcall) from [<c0843e80>] (kernel_init_freeable+0x1fc/0x2d4)
[    2.181640] [<c0843e80>] (kernel_init_freeable) from [<c05c5034>] (kernel_init+0x8/0xe4)
[    2.190185] [<c05c5034>] (kernel_init) from [<c000e6d0>] (ret_from_fork+0x14/0x24)
[    2.198181] Code: bad PC value
[    2.201568] ---[ end trace f9816411ab8c0c32 ]---
[    2.206542] Kernel panic - not syncing: Attempted to kill init! exitcode=0x0000000b
[    2.206542] 
[    2.216186] ---[ end Kernel panic - not syncing: Attempted to kill init! exitcode=0x0000000b
[    2.216186] 
[   82.970611] random: nonblocking pool is initialized
URL:gtsystest.telogy.design.ti.com/vatf/tidfarm-02.dal.design.ti.com/tidfarm-02.dal.design.ti.com_vatf@2/tidfarm-02.dal.design.ti.com03_13_2015_05_46_34/files/session_iteration_1/test_1
