- 06:38:34 [INFO] Starting target session
- 06:38:34 [INFO] Connected to beaglebone-black via serial 
- 06:38:34 [INFO] Host: 
- 06:38:36 [ERROR] On command:  waiting for (?-mix:login:) >>> error: execution expired
- 06:38:36 [INFO] Target: 

root@am335x-evm:/test# 
- 06:38:36 [INFO] Host: 
- 06:38:37 [INFO] Target: 

root@am335x-evm:/test# 
- 06:38:37 [INFO] Host: sync;poweroff
- 06:38:52 [INFO] Target: 
sync;poweroff


Broadcast message from root@am335x-evm (ttyO0) (Sat May 31 12:01:36 2014):



The system is going down for system halt NOW!


INIT: Switching to runlevel: 0

root@am335x-evm:/test# 
INIT: Sending processes the TERM signal


INIT: Sending processes thUIM SYSFS Node Not Found
Stopping Dropbear SSH server: stopped /usr/sbin/dropbear (pid 980)
dropbear.
Stopping telnet daemon.
Stopping system message bus: dbus.
Stopping syslogd/klogd: stopped syslogd (pid 992)
stopped klogd (pid 995)
done
Stopping thttpd.
ALSA: Storing mixer settings...
/usr/sbin/alsactl: save_state:1590: No soundcards found...
NOT deconfiguring network interfaces: / is an NFS mount
Stopping PVR
rmmod: ERROR: Module bufferclass_ti is not currently loaded
Stopping Lighttpd Web Server: stopped /usr/sbin/lighttpd (pid 1038)
lighttpd.
Stopping Matrix GUI application.
***************************************************************
***************************************************************
NOTICE: This file system contains the followin GPLv3 packages:
	binutils-symlinks
	binutils
	gdbserver

If you do not wish to distribute GPLv3 components please remove
the above packages prior to distribution.  This can be done using
the opkg remove command.  i.e.:
    opkg remove <package>
Where <package> is the name printed in the list above

NOTE: If the package is a dependency of another package you
      will be notified of the dependent packages.  You should
      use the --force-removal-of-dependent-packages option to
      also remove the dependent packages as well
***************************************************************
***************************************************************
Sending all processes the TERM signal...
Error VT_WAITACTIVE failed
: Interrupted system call
Sending all processes the KILL signal...
Unmounting remote filesystems...
Deactivating swap...
Unmounting local filesystems...
[ 1682.206308] reboot: System halted

- 06:39:14 [INFO] Disconnected serial from beaglebone-black
- 06:39:14 [INFO] Connected to beaglebone-black via serial 
- 06:39:14 [INFO] Host: 
- 06:39:15 [ERROR] On command:  waiting for (?-mix:U-Boot#) >>> error: execution expired
- 06:39:15 [INFO] Target: 

U-Boot SPL 2014.07-rc2 (May 29 2014 - 18:04:30)

- 06:39:15 [INFO] Host: 
- 06:39:15 [ERROR] On command:  waiting for (?-mix:U-Boot#) >>> error: execution expired
- 06:39:15 [INFO] Target: 
reading u-boot.img
reading u-boot.img


U-Boot 2014.07-rc2 (May 29 2014 - 18:04:30)

I2C:   ready
DRAM:  512 MiB

- 06:39:15 [INFO] Host: 
- 06:39:16 [INFO] Target: 
NAND:  0 MiB
MMC:   OMAP SD/MMC: 0, OMAP SD/MMC: 1
*** Warning - readenv() failed, using default environment

Net:   <ethaddr> not set. Validating first E-fuse MAC
cpsw, usb_ether
Hit any key to stop autoboot:  1  0 
U-Boot# 
- 06:39:16 [INFO] Host: 
- 06:39:16 [INFO] Target: 

U-Boot# 
- 06:39:16 [INFO] Host: version
- 06:39:17 [INFO] Target: 
version

U-Boot 2014.07-rc2 (May 29 2014 - 18:04:30)
arm-linux-gnueabihf-gcc (crosstool-NG linaro-1.13.1-4.7-2013.03-20130313 - Linaro GCC 2013.03) 4.7.3 20130226 (prerelease)
GNU ld (crosstool-NG linaro-1.13.1-4.7-2013.03-20130313 - Linaro GCC 2013.03) 2.23.1
U-Boot# 
- 06:39:17 [INFO] Host: setenv bootargs 'console=ttyO0,115200n8 earlyprintk rootwait '
- 06:39:17 [INFO] Target: 
setenv bootargs 'console=ttyO0,115200n8 earlyprintk rootwait '
U-Boot# 
- 06:39:17 [INFO] Host: setenv bootcmd  ''
- 06:39:18 [INFO] Target: 
setenv bootcmd  ''
U-Boot# 
- 06:39:18 [INFO] Host: setenv autoload 'no'
- 06:39:18 [INFO] Target: 
setenv autoload 'no'
U-Boot# 
- 06:39:18 [INFO] Host: setenv serverip '192.168.0.1'
- 06:39:19 [INFO] Target: 
setenv serverip '192.168.0.1'
U-Boot# 
- 06:39:19 [INFO] Host: printenv
- 06:39:19 [INFO] Target: 
printenv
arch=arm
autoload=no
baudrate=115200
board=am335x
board_name=A335BNLT
board_rev=0A5A
boot_fdt=try
bootargs=console=ttyO0,115200n8 earlyprintk rootwait 
bootcmd=
bootcount=2
bootdelay=1
bootdir=/boot
bootenv=uEnv.txt
bootfile=zImage
bootm_size=0x10000000
bootpart=0:2
console=ttyO0,115200n8
cpu=armv7
dfu_alt_info_emmc=rawemmc mmc 0 3751936
dfu_alt_info_mmc=boot part 0 1;rootfs part 0 2;MLO fat 0 1;MLO.raw mmc 0x100 0x100;u-boot.img.raw mmc 0x300 0x400;spl-os-args.raw mmc 0x80 0x80;spl-os-image.raw mmc 0x900 0x2000;spl-os-args fat 0 1;spl-os-image fat 0 1;u-boot.img fat 0 1;uEnv.txt fat 0 1
dfu_alt_info_nand=SPL part 0 1;SPL.backup1 part 0 2;SPL.backup2 part 0 3;SPL.backup3 part 0 4;u-boot part 0 5;u-boot-spl-os part 0 6;kernel part 0 8;rootfs part 0 9
dfu_alt_info_ram=kernel ram 0x80200000 0xD80000;fdt ram 0x80F80000 0x80000;ramdisk ram 0x81000000 0x4000000
eth1addr=c8:a0:30:a6:4c:b3
ethact=cpsw
ethaddr=c8:a0:30:a6:4c:b1
fdt_addr_r=0x88000000
fdtaddr=0x88000000
fdtfile=undefined
findfdt=if test $board_name = A335BONE; then setenv fdtfile am335x-bone.dtb; fi; if test $board_name = A335BNLT; then setenv fdtfile am335x-boneblack.dtb; fi; if test $board_name = A33515BB; then setenv fdtfile am335x-evm.dtb; fi; if test $board_name = A335X_SK; then setenv fdtfile am335x-evmsk.dtb; fi; if test $fdtfile = undefined; then echo WARNING: Could not determine device tree to use; fi; 
importbootenv=echo Importing environment from mmc ...; env import -t $loadaddr $filesize
kernel_addr_r=0x82000000
loadaddr=0x82000000
loadbootenv=load mmc ${mmcdev} ${loadaddr} ${bootenv}
loadfdt=load mmc ${bootpart} ${fdtaddr} ${bootdir}/${fdtfile}
loadimage=load mmc ${bootpart} ${loadaddr} ${bootdir}/${bootfile}
loadramdisk=load mmc ${mmcdev} ${rdaddr} ramdisk.gz
mmcargs=setenv bootargs console=${console} ${optargs} root=${mmcroot} rootfstype=${mmcrootfstype}
mmcboot=mmc dev ${mmcdev}; if mmc rescan; then echo SD/MMC found on device ${mmcdev};if run loadbootenv; then echo Loaded environment from ${bootenv};run importbootenv;fi;if test -n $uenvcmd; then echo Running uenvcmd ...;run uenvcmd;fi;if run loadimage; then run mmcloados;fi;fi;
mmcdev=0
mmcloados=run mmcargs; if test ${boot_fdt} = yes || test ${boot_fdt} = try; then if run loadfdt; then bootz ${loadaddr} - ${fdtaddr}; else if test ${boot_fdt} = try; then bootz; else echo WARN: Cannot load the DT; fi; fi; else bootz; fi;
mmcroot=/dev/mmcblk0p2 ro
mmcrootfstype=ext4 rootwait
mtdids=nand0=omap2-nand.0
mtdparts=mtdparts=omap2-nand.0:128k(SPL),128k(SPL.backup1),128k(SPL.backup2),128k(SPL.backup3),1792k(u-boot),128k(u-boot-spl-os),128k(u-boot-env),5m(kernel),-(rootfs)
nandargs=setenv bootargs console=${console} ${optargs} root=${nandroot} rootfstype=${nandrootfstype}
nandboot=echo Booting from nand ...; run nandargs; nand read ${fdtaddr} u-boot-spl-os; nand read ${loadaddr} kernel; bootz ${loadaddr} - ${fdtaddr}
nandroot=ubi0:rootfs rw ubi.mtd=7,2048
nandrootfstype=ubifs rootwait=1
netargs=setenv bootargs console=${console} ${optargs} root=/dev/nfs nfsroot=${serverip}:${rootpath},${nfsopts} rw ip=dhcp
netboot=echo Booting from network ...; setenv autoload no; dhcp; tftp ${loadaddr} ${bootfile}; tftp ${fdtaddr} ${fdtfile}; run netargs; bootz ${loadaddr} - ${fdtaddr}
nfsopts=nolock
partitions=uuid_disk=${uuid_gpt_disk};name=rootfs,start=2MiB,size=-,uuid=${uuid_gpt_rootfs}
ramargs=setenv bootargs console=${console} ${optargs} root=${ramroot} rootfstype=${ramrootfstype}
ramboot=echo Booting from ramdisk ...; run ramargs; bootz ${loadaddr} ${rdaddr} ${fdtaddr}
ramdisk_addr_r=0x88080000
ramroot=/dev/ram0 rw
ramrootfstype=ext2
rdaddr=0x88080000
rootpath=/export/rootfs
serverip=192.168.0.1
soc=am33xx
spiargs=setenv bootargs console=${console} ${optargs} root=${spiroot} rootfstype=${spirootfstype}
spiboot=echo Booting from spi ...; run spiargs; sf probe ${spibusno}:0; sf read ${loadaddr} ${spisrcaddr} ${spiimgsize}; bootz ${loadaddr}
spibusno=0
spiimgsize=0x362000
spiroot=/dev/mtdblock4 rw
spirootfstype=jffs2
spisrcaddr=0xe0000
static_ip=${ipaddr}:${serverip}:${gatewayip}:${netmask}:${hostname}::off
stderr=serial
stdin=serial
stdout=serial
usbnet_devaddr=c8:a0:30:a6:4c:b3
vendor=ti
ver=U-Boot 2014.07-rc2 (May 29 2014 - 18:04:30)

Environment size: 4366/131068 bytes
U-Boot# 
- 06:39:19 [INFO] Host: printenv
- 06:39:20 [INFO] Target: 
printenv
arch=arm
autoload=no
baudrate=115200
board=am335x
board_name=A335BNLT
board_rev=0A5A
boot_fdt=try
bootargs=console=ttyO0,115200n8 earlyprintk rootwait 
bootcmd=
bootcount=2
bootdelay=1
bootdir=/boot
bootenv=uEnv.txt
bootfile=zImage
bootm_size=0x10000000
bootpart=0:2
console=ttyO0,115200n8
cpu=armv7
dfu_alt_info_emmc=rawemmc mmc 0 3751936
dfu_alt_info_mmc=boot part 0 1;rootfs part 0 2;MLO fat 0 1;MLO.raw mmc 0x100 0x100;u-boot.img.raw mmc 0x300 0x400;spl-os-args.raw mmc 0x80 0x80;spl-os-image.raw mmc 0x900 0x2000;spl-os-args fat 0 1;spl-os-image fat 0 1;u-boot.img fat 0 1;uEnv.txt fat 0 1
dfu_alt_info_nand=SPL part 0 1;SPL.backup1 part 0 2;SPL.backup2 part 0 3;SPL.backup3 part 0 4;u-boot part 0 5;u-boot-spl-os part 0 6;kernel part 0 8;rootfs part 0 9
dfu_alt_info_ram=kernel ram 0x80200000 0xD80000;fdt ram 0x80F80000 0x80000;ramdisk ram 0x81000000 0x4000000
eth1addr=c8:a0:30:a6:4c:b3
ethact=cpsw
ethaddr=c8:a0:30:a6:4c:b1
fdt_addr_r=0x88000000
fdtaddr=0x88000000
fdtfile=undefined
findfdt=if test $board_name = A335BONE; then setenv fdtfile am335x-bone.dtb; fi; if test $board_name = A335BNLT; then setenv fdtfile am335x-boneblack.dtb; fi; if test $board_name = A33515BB; then setenv fdtfile am335x-evm.dtb; fi; if test $board_name = A335X_SK; then setenv fdtfile am335x-evmsk.dtb; fi; if test $fdtfile = undefined; then echo WARNING: Could not determine device tree to use; fi; 
importbootenv=echo Importing environment from mmc ...; env import -t $loadaddr $filesize
kernel_addr_r=0x82000000
loadaddr=0x82000000
loadbootenv=load mmc ${mmcdev} ${loadaddr} ${bootenv}
loadfdt=load mmc ${bootpart} ${fdtaddr} ${bootdir}/${fdtfile}
loadimage=load mmc ${bootpart} ${loadaddr} ${bootdir}/${bootfile}
loadramdisk=load mmc ${mmcdev} ${rdaddr} ramdisk.gz
mmcargs=setenv bootargs console=${console} ${optargs} root=${mmcroot} rootfstype=${mmcrootfstype}
mmcboot=mmc dev ${mmcdev}; if mmc rescan; then echo SD/MMC found on device ${mmcdev};if run loadbootenv; then echo Loaded environment from ${bootenv};run importbootenv;fi;if test -n $uenvcmd; then echo Running uenvcmd ...;run uenvcmd;fi;if run loadimage; then run mmcloados;fi;fi;
mmcdev=0
mmcloados=run mmcargs; if test ${boot_fdt} = yes || test ${boot_fdt} = try; then if run loadfdt; then bootz ${loadaddr} - ${fdtaddr}; else if test ${boot_fdt} = try; then bootz; else echo WARN: Cannot load the DT; fi; fi; else bootz; fi;
mmcroot=/dev/mmcblk0p2 ro
mmcrootfstype=ext4 rootwait
mtdids=nand0=omap2-nand.0
mtdparts=mtdparts=omap2-nand.0:128k(SPL),128k(SPL.backup1),128k(SPL.backup2),128k(SPL.backup3),1792k(u-boot),128k(u-boot-spl-os),128k(u-boot-env),5m(kernel),-(rootfs)
nandargs=setenv bootargs console=${console} ${optargs} root=${nandroot} rootfstype=${nandrootfstype}
nandboot=echo Booting from nand ...; run nandargs; nand read ${fdtaddr} u-boot-spl-os; nand read ${loadaddr} kernel; bootz ${loadaddr} - ${fdtaddr}
nandroot=ubi0:rootfs rw ubi.mtd=7,2048
nandrootfstype=ubifs rootwait=1
netargs=setenv bootargs console=${console} ${optargs} root=/dev/nfs nfsroot=${serverip}:${rootpath},${nfsopts} rw ip=dhcp
netboot=echo Booting from network ...; setenv autoload no; dhcp; tftp ${loadaddr} ${bootfile}; tftp ${fdtaddr} ${fdtfile}; run netargs; bootz ${loadaddr} - ${fdtaddr}
nfsopts=nolock
partitions=uuid_disk=${uuid_gpt_disk};name=rootfs,start=2MiB,size=-,uuid=${uuid_gpt_rootfs}
ramargs=setenv bootargs console=${console} ${optargs} root=${ramroot} rootfstype=${ramrootfstype}
ramboot=echo Booting from ramdisk ...; run ramargs; bootz ${loadaddr} ${rdaddr} ${fdtaddr}
ramdisk_addr_r=0x88080000
ramroot=/dev/ram0 rw
ramrootfstype=ext2
rdaddr=0x88080000
rootpath=/export/rootfs
serverip=192.168.0.1
soc=am33xx
spiargs=setenv bootargs console=${console} ${optargs} root=${spiroot} rootfstype=${spirootfstype}
spiboot=echo Booting from spi ...; run spiargs; sf probe ${spibusno}:0; sf read ${loadaddr} ${spisrcaddr} ${spiimgsize}; bootz ${loadaddr}
spibusno=0
spiimgsize=0x362000
spiroot=/dev/mtdblock4 rw
spirootfstype=jffs2
spisrcaddr=0xe0000
static_ip=${ipaddr}:${serverip}:${gatewayip}:${netmask}:${hostname}::off
stderr=serial
stdin=serial
stdout=serial
usbnet_devaddr=c8:a0:30:a6:4c:b3
vendor=ti
ver=U-Boot 2014.07-rc2 (May 29 2014 - 18:04:30)

Environment size: 4366/131068 bytes
U-Boot# 
- 06:39:20 [INFO] Host: setenv bootargs ''${bootargs}' ip=dhcp '
- 06:39:20 [INFO] Target: 
setenv bootargs ''${bootargs}' ip=dhcp '
U-Boot# 
- 06:39:20 [INFO] Host: setenv ipaddr dhcp
- 06:39:21 [INFO] Target: 
setenv ipaddr dhcp
U-Boot# 
- 06:39:21 [INFO] Host: dhcp
- 06:39:22 [INFO] Target: 
dhcp
link up on port 0, speed 100, full duplex
BOOTP broadcast 1
DHCP client bound to address 192.168.0.96
U-Boot# 
- 06:39:22 [INFO] Host: setenv serverip '192.168.0.1'
- 06:39:23 [INFO] Target: 
setenv serverip '192.168.0.1'
U-Boot# 
- 06:39:23 [INFO] Host: tftp ${loadaddr} 192.168.0.1:vatf_bbb1/b63a7c2744a974e00727efc18ba55929
- 06:39:24 [INFO] Target: 
tftp ${loadaddr} 192.168.0.1:vatf_bbb1/b63a7c2744a974e00727efc18ba55929
link up on port 0, speed 100, full duplex
Using cpsw device
TFTP from server 192.168.0.1; our IP address is 192.168.0.96
Filename 'vatf_bbb1/b63a7c2744a974e00727efc18ba55929'.
Load address: 0x82000000
Loading: *#################################################################
	 #################################################################
	 #################################################################
	 #################################################################
	 ####################################
	 4.4 MiB/s
done
Bytes transferred = 4339168 (4235e0 hex)
U-Boot# 
- 06:39:24 [INFO] Host: tftp ${fdt_addr_r} 192.168.0.1:vatf_bbb1/7ae6a1bb38c93ec00c1a6e2b2d7a3e53
- 06:39:24 [INFO] Target: 
tftp ${fdt_addr_r} 192.168.0.1:vatf_bbb1/7ae6a1bb38c93ec00c1a6e2b2d7a3e53
link up on port 0, speed 100, full duplex
Using cpsw device
TFTP from server 192.168.0.1; our IP address is 192.168.0.96
Filename 'vatf_bbb1/7ae6a1bb38c93ec00c1a6e2b2d7a3e53'.
Load address: 0x88000000
Loading: *##
	 3.5 MiB/s
done
Bytes transferred = 28978 (7132 hex)
U-Boot# 
- 06:39:24 [INFO] Host: ls mmc 0:1
- 06:39:25 [INFO] Target: 
ls mmc 0:1
  2206363   am335x-evm-sk-quickstartguide.pdf 
      140   autorun.inf 
   176621   beaglebone-quickstartguide.pdf 
    82480   mlo 
  2371014   quickstartguide.pdf 
     1164   readme 
   408372   u-boot.img 
            windows_users/
        0   pointercal 
       14   .ipaddr 

9 file(s), 1 dir(s)

U-Boot# 
- 06:39:25 [INFO] Host: ls mmc 0:2
- 06:39:25 [INFO] Target: 
ls mmc 0:2

0 file(s), 0 dir(s)

U-Boot# 
- 06:39:25 [INFO] Host: ls mmc 0:3
- 06:39:26 [INFO] Target: 
ls mmc 0:3
** Invalid partition 3 **
U-Boot# 
- 06:39:26 [INFO] Host: ls mmc 0:4
- 06:39:26 [INFO] Target: 
ls mmc 0:4
** Invalid partition 4 **
U-Boot# 
- 06:39:26 [INFO] Host: ls mmc 0:5
- 06:39:27 [INFO] Target: 
ls mmc 0:5
** Invalid partition 5 **
U-Boot# 
- 06:39:27 [INFO] Host: part uuid mmc 0:
- 06:39:27 [INFO] Target: 
part uuid mmc 0:
000ae7de-01
U-Boot# 
- 06:39:27 [INFO] Host: printenv
- 06:39:28 [INFO] Target: 
printenv
arch=arm
autoload=no
baudrate=115200
board=am335x
board_name=A335BNLT
board_rev=0A5A
boot_fdt=try
bootargs=console=ttyO0,115200n8 earlyprintk rootwait  ip=dhcp 
bootcmd=
bootcount=2
bootdelay=1
bootdir=/boot
bootenv=uEnv.txt
bootfile=zImage
bootm_size=0x10000000
bootpart=0:2
console=ttyO0,115200n8
cpu=armv7
dfu_alt_info_emmc=rawemmc mmc 0 3751936
dfu_alt_info_mmc=boot part 0 1;rootfs part 0 2;MLO fat 0 1;MLO.raw mmc 0x100 0x100;u-boot.img.raw mmc 0x300 0x400;spl-os-args.raw mmc 0x80 0x80;spl-os-image.raw mmc 0x900 0x2000;spl-os-args fat 0 1;spl-os-image fat 0 1;u-boot.img fat 0 1;uEnv.txt fat 0 1
dfu_alt_info_nand=SPL part 0 1;SPL.backup1 part 0 2;SPL.backup2 part 0 3;SPL.backup3 part 0 4;u-boot part 0 5;u-boot-spl-os part 0 6;kernel part 0 8;rootfs part 0 9
dfu_alt_info_ram=kernel ram 0x80200000 0xD80000;fdt ram 0x80F80000 0x80000;ramdisk ram 0x81000000 0x4000000
dnsip=192.0.2.2
dnsip2=192.0.2.3
eth1addr=c8:a0:30:a6:4c:b3
ethact=cpsw
ethaddr=c8:a0:30:a6:4c:b1
fdt_addr_r=0x88000000
fdtaddr=0x88000000
fdtfile=undefined
fileaddr=88000000
filesize=7132
findfdt=if test $board_name = A335BONE; then setenv fdtfile am335x-bone.dtb; fi; if test $board_name = A335BNLT; then setenv fdtfile am335x-boneblack.dtb; fi; if test $board_name = A33515BB; then setenv fdtfile am335x-evm.dtb; fi; if test $board_name = A335X_SK; then setenv fdtfile am335x-evmsk.dtb; fi; if test $fdtfile = undefined; then echo WARNING: Could not determine device tree to use; fi; 
gatewayip=192.168.0.1
importbootenv=echo Importing environment from mmc ...; env import -t $loadaddr $filesize
ipaddr=192.168.0.96
kernel_addr_r=0x82000000
loadaddr=0x82000000
loadbootenv=load mmc ${mmcdev} ${loadaddr} ${bootenv}
loadfdt=load mmc ${bootpart} ${fdtaddr} ${bootdir}/${fdtfile}
loadimage=load mmc ${bootpart} ${loadaddr} ${bootdir}/${bootfile}
loadramdisk=load mmc ${mmcdev} ${rdaddr} ramdisk.gz
mmcargs=setenv bootargs console=${console} ${optargs} root=${mmcroot} rootfstype=${mmcrootfstype}
mmcboot=mmc dev ${mmcdev}; if mmc rescan; then echo SD/MMC found on device ${mmcdev};if run loadbootenv; then echo Loaded environment from ${bootenv};run importbootenv;fi;if test -n $uenvcmd; then echo Running uenvcmd ...;run uenvcmd;fi;if run loadimage; then run mmcloados;fi;fi;
mmcdev=0
mmcloados=run mmcargs; if test ${boot_fdt} = yes || test ${boot_fdt} = try; then if run loadfdt; then bootz ${loadaddr} - ${fdtaddr}; else if test ${boot_fdt} = try; then bootz; else echo WARN: Cannot load the DT; fi; fi; else bootz; fi;
mmcroot=/dev/mmcblk0p2 ro
mmcrootfstype=ext4 rootwait
mtdids=nand0=omap2-nand.0
mtdparts=mtdparts=omap2-nand.0:128k(SPL),128k(SPL.backup1),128k(SPL.backup2),128k(SPL.backup3),1792k(u-boot),128k(u-boot-spl-os),128k(u-boot-env),5m(kernel),-(rootfs)
nandargs=setenv bootargs console=${console} ${optargs} root=${nandroot} rootfstype=${nandrootfstype}
nandboot=echo Booting from nand ...; run nandargs; nand read ${fdtaddr} u-boot-spl-os; nand read ${loadaddr} kernel; bootz ${loadaddr} - ${fdtaddr}
nandroot=ubi0:rootfs rw ubi.mtd=7,2048
nandrootfstype=ubifs rootwait=1
netargs=setenv bootargs console=${console} ${optargs} root=/dev/nfs nfsroot=${serverip}:${rootpath},${nfsopts} rw ip=dhcp
netboot=echo Booting from network ...; setenv autoload no; dhcp; tftp ${loadaddr} ${bootfile}; tftp ${fdtaddr} ${fdtfile}; run netargs; bootz ${loadaddr} - ${fdtaddr}
netmask=255.255.255.0
nfsopts=nolock
partitions=uuid_disk=${uuid_gpt_disk};name=rootfs,start=2MiB,size=-,uuid=${uuid_gpt_rootfs}
ramargs=setenv bootargs console=${console} ${optargs} root=${ramroot} rootfstype=${ramrootfstype}
ramboot=echo Booting from ramdisk ...; run ramargs; bootz ${loadaddr} ${rdaddr} ${fdtaddr}
ramdisk_addr_r=0x88080000
ramroot=/dev/ram0 rw
ramrootfstype=ext2
rdaddr=0x88080000
rootpath=/export/rootfs
serverip=192.168.0.1
soc=am33xx
spiargs=setenv bootargs console=${console} ${optargs} root=${spiroot} rootfstype=${spirootfstype}
spiboot=echo Booting from spi ...; run spiargs; sf probe ${spibusno}:0; sf read ${loadaddr} ${spisrcaddr} ${spiimgsize}; bootz ${loadaddr}
spibusno=0
spiimgsize=0x362000
spiroot=/dev/mtdblock4 rw
spirootfstype=jffs2
spisrcaddr=0xe0000
static_ip=${ipaddr}:${serverip}:${gatewayip}:${netmask}:${hostname}::off
stderr=serial
stdin=serial
stdout=serial
usbnet_devaddr=c8:a0:30:a6:4c:b3
vendor=ti
ver=U-Boot 2014.07-rc2 (May 29 2014 - 18:04:30)

Environment size: 4518/131068 bytes
U-Boot# 
- 06:39:28 [INFO] Host: setenv bootargs ''${bootargs}' root=PARTUUID=000ae7de-01 rw rootfstype=ext4 rootwait '
- 06:39:28 [INFO] Target: 
setenv bootargs ''${bootargs}' root=PARTUUID=000ae7de-01 rw rootfstype=ext4 rootwait '
U-Boot# 
- 06:39:28 [INFO] Host: printenv
- 06:39:29 [INFO] Target: 
printenv
arch=arm
autoload=no
baudrate=115200
board=am335x
board_name=A335BNLT
board_rev=0A5A
boot_fdt=try
bootargs=console=ttyO0,115200n8 earlyprintk rootwait  ip=dhcp  root=PARTUUID=000ae7de-01 rw rootfstype=ext4 rootwait 
bootcmd=
bootcount=2
bootdelay=1
bootdir=/boot
bootenv=uEnv.txt
bootfile=zImage
bootm_size=0x10000000
bootpart=0:2
console=ttyO0,115200n8
cpu=armv7
dfu_alt_info_emmc=rawemmc mmc 0 3751936
dfu_alt_info_mmc=boot part 0 1;rootfs part 0 2;MLO fat 0 1;MLO.raw mmc 0x100 0x100;u-boot.img.raw mmc 0x300 0x400;spl-os-args.raw mmc 0x80 0x80;spl-os-image.raw mmc 0x900 0x2000;spl-os-args fat 0 1;spl-os-image fat 0 1;u-boot.img fat 0 1;uEnv.txt fat 0 1
dfu_alt_info_nand=SPL part 0 1;SPL.backup1 part 0 2;SPL.backup2 part 0 3;SPL.backup3 part 0 4;u-boot part 0 5;u-boot-spl-os part 0 6;kernel part 0 8;rootfs part 0 9
dfu_alt_info_ram=kernel ram 0x80200000 0xD80000;fdt ram 0x80F80000 0x80000;ramdisk ram 0x81000000 0x4000000
dnsip=192.0.2.2
dnsip2=192.0.2.3
eth1addr=c8:a0:30:a6:4c:b3
ethact=cpsw
ethaddr=c8:a0:30:a6:4c:b1
fdt_addr_r=0x88000000
fdtaddr=0x88000000
fdtfile=undefined
fileaddr=88000000
filesize=7132
findfdt=if test $board_name = A335BONE; then setenv fdtfile am335x-bone.dtb; fi; if test $board_name = A335BNLT; then setenv fdtfile am335x-boneblack.dtb; fi; if test $board_name = A33515BB; then setenv fdtfile am335x-evm.dtb; fi; if test $board_name = A335X_SK; then setenv fdtfile am335x-evmsk.dtb; fi; if test $fdtfile = undefined; then echo WARNING: Could not determine device tree to use; fi; 
gatewayip=192.168.0.1
importbootenv=echo Importing environment from mmc ...; env import -t $loadaddr $filesize
ipaddr=192.168.0.96
kernel_addr_r=0x82000000
loadaddr=0x82000000
loadbootenv=load mmc ${mmcdev} ${loadaddr} ${bootenv}
loadfdt=load mmc ${bootpart} ${fdtaddr} ${bootdir}/${fdtfile}
loadimage=load mmc ${bootpart} ${loadaddr} ${bootdir}/${bootfile}
loadramdisk=load mmc ${mmcdev} ${rdaddr} ramdisk.gz
mmcargs=setenv bootargs console=${console} ${optargs} root=${mmcroot} rootfstype=${mmcrootfstype}
mmcboot=mmc dev ${mmcdev}; if mmc rescan; then echo SD/MMC found on device ${mmcdev};if run loadbootenv; then echo Loaded environment from ${bootenv};run importbootenv;fi;if test -n $uenvcmd; then echo Running uenvcmd ...;run uenvcmd;fi;if run loadimage; then run mmcloados;fi;fi;
mmcdev=0
mmcloados=run mmcargs; if test ${boot_fdt} = yes || test ${boot_fdt} = try; then if run loadfdt; then bootz ${loadaddr} - ${fdtaddr}; else if test ${boot_fdt} = try; then bootz; else echo WARN: Cannot load the DT; fi; fi; else bootz; fi;
mmcroot=/dev/mmcblk0p2 ro
mmcrootfstype=ext4 rootwait
mtdids=nand0=omap2-nand.0
mtdparts=mtdparts=omap2-nand.0:128k(SPL),128k(SPL.backup1),128k(SPL.backup2),128k(SPL.backup3),1792k(u-boot),128k(u-boot-spl-os),128k(u-boot-env),5m(kernel),-(rootfs)
nandargs=setenv bootargs console=${console} ${optargs} root=${nandroot} rootfstype=${nandrootfstype}
nandboot=echo Booting from nand ...; run nandargs; nand read ${fdtaddr} u-boot-spl-os; nand read ${loadaddr} kernel; bootz ${loadaddr} - ${fdtaddr}
nandroot=ubi0:rootfs rw ubi.mtd=7,2048
nandrootfstype=ubifs rootwait=1
netargs=setenv bootargs console=${console} ${optargs} root=/dev/nfs nfsroot=${serverip}:${rootpath},${nfsopts} rw ip=dhcp
netboot=echo Booting from network ...; setenv autoload no; dhcp; tftp ${loadaddr} ${bootfile}; tftp ${fdtaddr} ${fdtfile}; run netargs; bootz ${loadaddr} - ${fdtaddr}
netmask=255.255.255.0
nfsopts=nolock
partitions=uuid_disk=${uuid_gpt_disk};name=rootfs,start=2MiB,size=-,uuid=${uuid_gpt_rootfs}
ramargs=setenv bootargs console=${console} ${optargs} root=${ramroot} rootfstype=${ramrootfstype}
ramboot=echo Booting from ramdisk ...; run ramargs; bootz ${loadaddr} ${rdaddr} ${fdtaddr}
ramdisk_addr_r=0x88080000
ramroot=/dev/ram0 rw
ramrootfstype=ext2
rdaddr=0x88080000
rootpath=/export/rootfs
serverip=192.168.0.1
soc=am33xx
spiargs=setenv bootargs console=${console} ${optargs} root=${spiroot} rootfstype=${spirootfstype}
spiboot=echo Booting from spi ...; run spiargs; sf probe ${spibusno}:0; sf read ${loadaddr} ${spisrcaddr} ${spiimgsize}; bootz ${loadaddr}
spibusno=0
spiimgsize=0x362000
spiroot=/dev/mtdblock4 rw
spirootfstype=jffs2
spisrcaddr=0xe0000
static_ip=${ipaddr}:${serverip}:${gatewayip}:${netmask}:${hostname}::off
stderr=serial
stdin=serial
stdout=serial
usbnet_devaddr=c8:a0:30:a6:4c:b3
vendor=ti
ver=U-Boot 2014.07-rc2 (May 29 2014 - 18:04:30)

Environment size: 4573/131068 bytes
U-Boot# 
- 06:39:29 [INFO] Host: setenv bootcmd ''${bootcmd}' if iminfo ${loadaddr}; then bootm ${loadaddr} - ${fdt_addr_r}; else bootz ${loadaddr} - ${fdt_addr_r}; bootm ${loadaddr} - ${fdt_addr_r}; fi'
- 06:39:29 [INFO] Target: 
setenv bootcmd ''${bootcmd}' if iminfo ${loadaddr}; then bootm ${loadaddr} - ${fdt_addr_r}; else bootz ${loadaddr} - ${fdt_addr_r}; bootm ${loadaddr} - ${fdt_addr_r}; fi'
U-Boot# 
- 06:39:29 [INFO] Host: bdinfo
- 06:39:30 [INFO] Target: 
bdinfo
arch_number = 0x00000E05
boot_params = 0x80000100
DRAM bank   = 0x00000000
-> start    = 0x80000000
-> size     = 0x20000000
eth0name    = cpsw
ethaddr     = c8:a0:30:a6:4c:b1
eth1name    = usb_ether
eth1addr    = c8:a0:30:a6:4c:b3
current eth = cpsw
ip_addr     = 192.168.0.96
baudrate    = 115200 bps
TLB addr    = 0x9FFF0000
relocaddr   = 0x9F74A000
reloc off   = 0x1EF4A000
irq_sp      = 0x9F629EE0
sp start    = 0x9F629ED0
U-Boot# 
- 06:39:30 [INFO] Host: boot
- 06:42:00 [ERROR] On command: boot waiting for (?-mix:login:) >>> error: execution expired
- 06:42:00 [INFO] Target: 
boot

## Checking Image at 82000000 ...
Unknown image format!
Kernel image @ 0x82000000 [ 0x000000 - 0x4235e0 ]
## Flattened Device Tree blob at 88000000
   Booting using the fdt blob at 0x88000000
   Loading Device Tree to 8fff5000, end 8ffff131 ... OK

Starting kernel ...

[    0.000000] Booting Linux on physical CPU 0x0
[    0.000000] Linux version 3.15.0-rc8-next-20140603-00002-gf6823a3 (nmenon@kahuna) (gcc version 4.6.3 (Ubuntu/Linaro 4.6.3-1ubuntu5) ) #1 SMP Tue Jun 3 05:34:02 CDT 2014
[    0.000000] CPU: ARMv7 Processor [413fc082] revision 2 (ARMv7), cr=10c5387d
[    0.000000] CPU: PIPT / VIPT nonaliasing data cache, VIPT aliasing instruction cache
[    0.000000] Machine model: TI AM335x BeagleBone
[    0.000000] cma: CMA: reserved 16 MiB at 9e800000
[    0.000000] Memory policy: Data cache writeback
[    0.000000] CPU: All CPU(s) started in SVC mode.
[    0.000000] AM335X ES2.0 (sgx neon )
[    0.000000] PERCPU: Embedded 9 pages/cpu @dfac6000 s14336 r8192 d14336 u36864
[    0.000000] Built 1 zonelists in Zone order, mobility grouping on.  Total pages: 129792
[    0.000000] Kernel command line: console=ttyO0,115200n8 earlyprintk rootwait  ip=dhcp  root=PARTUUID=000ae7de-01 rw rootfstype=ext4 rootwait 
[    0.000000] PID hash table entries: 2048 (order: 1, 8192 bytes)
[    0.000000] Dentry cache hash table entries: 65536 (order: 6, 262144 bytes)
[    0.000000] Inode-cache hash table entries: 32768 (order: 5, 131072 bytes)
[    0.000000] Memory: 484860K/523264K available (5637K kernel code, 680K rwdata, 2192K rodata, 402K init, 8337K bss, 38404K reserved, 0K highmem)
[    0.000000] Virtual kernel memory layout:
[    0.000000]     vector  : 0xffff0000 - 0xffff1000   (   4 kB)
[    0.000000]     fixmap  : 0xffc00000 - 0xffe00000   (2048 kB)
[    0.000000]     vmalloc : 0xe0800000 - 0xff000000   ( 488 MB)
[    0.000000]     lowmem  : 0xc0000000 - 0xe0000000   ( 512 MB)
[    0.000000]     pkmap   : 0xbfe00000 - 0xc0000000   (   2 MB)
[    0.000000]     modules : 0xbf000000 - 0xbfe00000   (  14 MB)
[    0.000000]       .text : 0xc0008000 - 0xc07ad90c   (7831 kB)
[    0.000000]       .init : 0xc07ae000 - 0xc0812800   ( 402 kB)
[    0.000000]       .data : 0xc0814000 - 0xc08be078   ( 681 kB)
[    0.000000]        .bss : 0xc08be078 - 0xc10e2558   (8338 kB)
[    0.000000] Hierarchical RCU implementation.
[    0.000000] 	RCU restricting CPUs from NR_CPUS=2 to nr_cpu_ids=1.
[    0.000000] RCU: Adjusting geometry for rcu_fanout_leaf=16, nr_cpu_ids=1
[    0.000000] NR_IRQS:16 nr_irqs:16 16
[    0.000000] IRQ: Found an INTC at 0xfa200000 (revision 5.0) with 128 interrupts
[    0.000000] Total of 128 interrupts on 1 active controller
[    0.000000] OMAP clockevent source: timer2 at 24000000 Hz
[    0.000012] sched_clock: 32 bits at 24MHz, resolution 41ns, wraps every 178956969942ns
[    0.000062] OMAP clocksource: timer1 at 24000000 Hz
[    0.000798] Console: colour dummy device 80x30
[    0.000839] Lock dependency validator: Copyright (c) 2006 Red Hat, Inc., Ingo Molnar
[    0.000854] ... MAX_LOCKDEP_SUBCLASSES:  8
[    0.000865] ... MAX_LOCK_DEPTH:          48
[    0.000877] ... MAX_LOCKDEP_KEYS:        8191
[    0.000889] ... CLASSHASH_SIZE:          4096
[    0.000901] ... MAX_LOCKDEP_ENTRIES:     32768
[    0.000912] ... MAX_LOCKDEP_CHAINS:      65536
[    0.000924] ... CHAINHASH_SIZE:          32768
[    0.000935]  memory used by lock dependency info: 5167 kB
[    0.000947]  per task-struct memory footprint: 1152 bytes
[    0.000993] Calibrating delay loop... 996.14 BogoMIPS (lpj=4980736)
[    0.079110] pid_max: default: 32768 minimum: 301
[    0.079538] Security Framework initialized
[    0.079666] Mount-cache hash table entries: 1024 (order: 0, 4096 bytes)
[    0.079683] Mountpoint-cache hash table entries: 1024 (order: 0, 4096 bytes)
[    0.081829] CPU: Testing write buffer coherency: ok
[    0.082946] CPU0: thread -1, cpu 0, socket -1, mpidr 0
[    0.083060] Setting up static identity map for 0x805582e8 - 0x80558358
[    0.086250] Brought up 1 CPUs
[    0.086273] SMP: Total of 1 processors activated.
[    0.086287] CPU: All CPU(s) started in SVC mode.
[    0.088861] devtmpfs: initialized
[    0.097641] VFP support v0.3: implementor 41 architecture 3 part 30 variant c rev 3
[    0.130908] omap_hwmod: tptc0 using broken dt data from edma
[    0.131273] omap_hwmod: tptc1 using broken dt data from edma
[    0.131616] omap_hwmod: tptc2 using broken dt data from edma
[    0.139039] omap_hwmod: debugss: _wait_target_disable failed
[    0.195784] pinctrl core: initialized pinctrl subsystem
[    0.198241] regulator-dummy: no parameters
[    0.225227] NET: Registered protocol family 16
[    0.233710] DMA: preallocated 256 KiB pool for atomic coherent allocations
[    0.235849] cpuidle: using governor ladder
[    0.235902] cpuidle: using governor menu
[    0.245006] platform 49000000.edma: alias fck already exists
[    0.245092] platform 49000000.edma: alias fck already exists
[    0.245115] platform 49000000.edma: alias fck already exists
[    0.247865] OMAP GPIO hardware version 0.1
[    0.263310] No ATAGs?
[    0.263348] hw-breakpoint: debug architecture 0x4 unsupported.
[    0.305012] edma-dma-engine edma-dma-engine.0: TI EDMA DMA engine driver
[    0.306276] vmmcsd_fixed: 3300 mV 
[    0.309470] SCSI subsystem initialized
[    0.310247] usbcore: registered new interface driver usbfs
[    0.310428] usbcore: registered new interface driver hub
[    0.310861] usbcore: registered new device driver usb
[    0.311788] omap_i2c 44e0b000.i2c: could not find pctldev for node /pinmux@44e10800/pinmux_i2c0_pins, deferring probe
[    0.311841] platform 44e0b000.i2c: Driver omap_i2c requests probe deferral
[    0.316934] Switched to clocksource timer1
[    0.465260] NET: Registered protocol family 2
[    0.467320] TCP established hash table entries: 4096 (order: 2, 16384 bytes)
[    0.467506] TCP bind hash table entries: 4096 (order: 5, 147456 bytes)
[    0.468849] TCP: Hash tables configured (established 4096 bind 4096)
[    0.469040] TCP: reno registered
[    0.469092] UDP hash table entries: 256 (order: 2, 20480 bytes)
[    0.469285] UDP-Lite hash table entries: 256 (order: 2, 20480 bytes)
[    0.470290] NET: Registered protocol family 1
[    0.472182] RPC: Registered named UNIX socket transport module.
[    0.472230] RPC: Registered udp transport module.
[    0.472245] RPC: Registered tcp transport module.
[    0.472259] RPC: Registered tcp NFSv4.1 backchannel transport module.
[    0.473453] hw perfevents: enabled with ARMv7 Cortex-A8 PMU driver, 5 counters available
[    0.477617] futex hash table entries: 256 (order: 2, 16384 bytes)
[    0.482475] VFS: Disk quotas dquot_6.5.2
[    0.482617] Dquot-cache hash table entries: 1024 (order 0, 4096 bytes)
[    0.484946] NFS: Registering the id_resolver key type
[    0.485290] Key type id_resolver registered
[    0.485331] Key type id_legacy registered
[    0.485481] jffs2: version 2.2. (NAND) (SUMMARY)   2001-2006 Red Hat, Inc.
[    0.486210] msgmni has been set to 978
[    0.491232] io scheduler noop registered
[    0.491268] io scheduler deadline registered
[    0.491360] io scheduler cfq registered (default)
[    0.493346] pinctrl-single 44e10800.pinmux: 142 pins at pa f9e10800 size 568
[    0.496564] Serial: 8250/16550 driver, 4 ports, IRQ sharing enabled
[    0.502710] omap_uart 44e09000.serial: no wakeirq for uart0
[    0.503272] 44e09000.serial: ttyO0 at MMIO 0x44e09000 (irq = 88, base_baud = 3000000) is a OMAP UART0
[    1.171963] console [ttyO0] enabled
[    1.180036] omap_rng 48310000.rng: OMAP Random Number Generator ver. 20
[    1.212909] brd: module loaded
[    1.232280] loop: module loaded
[    1.238510] mtdoops: mtd device (mtddev=name/number) must be supplied
[    1.248143] usbcore: registered new interface driver asix
[    1.253948] usbcore: registered new interface driver ax88179_178a
[    1.260516] usbcore: registered new interface driver cdc_ether
[    1.266821] usbcore: registered new interface driver smsc95xx
[    1.272948] usbcore: registered new interface driver net1080
[    1.279027] usbcore: registered new interface driver cdc_subset
[    1.285335] usbcore: registered new interface driver zaurus
[    1.291408] usbcore: registered new interface driver cdc_ncm
[    1.299189] usbcore: registered new interface driver cdc_wdm
[    1.305307] usbcore: registered new interface driver usb-storage
[    1.311975] usbcore: registered new interface driver usbtest
[    1.322609] mousedev: PS/2 mouse device common for all mice
[    1.333491] omap_rtc 44e3e000.rtc: rtc core: registered 44e3e000.rtc as rtc0
[    1.341614] i2c /dev entries driver
[    1.345367] Driver for 1-wire Dallas network protocol.
[    1.357598] omap_wdt: OMAP Watchdog Timer Rev 0x01: initial timeout 60 sec
[    1.449775] ledtrig-cpu: registered to indicate activity on CPUs
[    1.456855] usbcore: registered new interface driver usbhid
[    1.462686] usbhid: USB HID core driver
[    1.467775] oprofile: using arm/armv7
[    1.472369] TCP: cubic registered
[    1.476014] Initializing XFRM netlink socket
[    1.480650] NET: Registered protocol family 17
[    1.485386] NET: Registered protocol family 15
[    1.490484] Key type dns_resolver registered
[    1.495185] omap_voltage_late_init: Voltage driver support not added
[    1.501952] sr_dev_init: No voltage domain specified for smartreflex0. Cannot initialize
[    1.510665] sr_dev_init: No voltage domain specified for smartreflex1. Cannot initialize
[    1.520344] ThumbEE CPU extension supported.
[    1.524864] Registering SWP/SWPB emulation handler
[    1.530007] SmartReflex Class3 initialized
[    1.569919] mmc0: host does not support reading read-only switch. assuming write-enable.
[    1.582670] mmc0: new high speed SD card at address e624
[    1.591427] mmcblk0: mmc0:e624 SU02G 1.84 GiB 
[    1.603474]  mmcblk0: p1 p2
[    1.631747] DCDC1: at 1500 mV 
[    1.638755] vdd_mpu: 925 <--> 1325 mV at 1325 mV 
[    1.646489] vdd_core: 925 <--> 1150 mV at 1125 mV 
[    1.653520] LDO1: at 1800 mV 
[    1.657029] mmc1: BKOPS_EN bit is not set
[    1.663316] LDO2: at 3300 mV 
[    1.668585] mmc1: new high speed MMC card at address 0001
[    1.676374] mmcblk1: mmc1:0001 MMC02G 1.78 GiB 
[    1.681669] LDO3: 1800 mV 
[    1.684628] mmcblk1boot0: mmc1:0001 MMC02G partition 1 1.00 MiB
[    1.691462] mmcblk1boot1: mmc1:0001 MMC02G partition 2 1.00 MiB
[    1.701755] LDO4: at 3300 mV 
[    1.705169]  mmcblk1: p1
[    1.710631] tps65217 0-0024: TPS65217 ID 0xe version 1.2
[    1.716457] omap_i2c 44e0b000.i2c: bus 0 rev0.11 at 400 kHz
[    1.726203]  mmcblk1boot1: unknown partition table
[    1.752307]  mmcblk1boot0: unknown partition table
[    1.795867] davinci_mdio 4a101000.mdio: davinci mdio revision 1.6
[    1.802292] davinci_mdio 4a101000.mdio: detected phy mask fffffffe
[    1.811038] libphy: 4a101000.mdio: probed
[    1.815262] davinci_mdio 4a101000.mdio: phy[0]: device 4a101000.mdio:00, driver SMSC LAN8710/LAN8720
[    1.826125] cpsw 4a100000.ethernet: Detected MACID = c8:a0:30:a6:4c:b1
[    1.835870] omap_rtc 44e3e000.rtc: setting system clock to 2000-01-01 00:00:00 UTC (946684800)
[    1.844897] sr_init: No PMIC hook to init smartreflex
[    1.850441] sr_init: platform driver register failed for SR
[    1.873902] net eth0: initializing cpsw version 1.12 (0)
[    1.956778] net eth0: phy found : id is : 0x7c0f1
[    1.961856] libphy: PHY 4a101000.mdio:01 not found
[    1.966938] net eth0: phy 4a101000.mdio:01 not found on slave 1
[    5.036515] cpsw 4a100000.ethernet eth0: Link is Up - 100Mbps/Full - flow control rx/tx
[    5.055914] Sending DHCP requests ., OK
[    5.106298] IP-Config: Got DHCP answer from 192.168.0.1, my address is 192.168.0.96
[    5.114815] IP-Config: Complete:
[    5.118304]      device=eth0, hwaddr=c8:a0:30:a6:4c:b1, ipaddr=192.168.0.96, mask=255.255.255.0, gw=192.168.0.1
[    5.128882]      host=192.168.0.96, domain=ti.com, nis-domain=(none)
[    5.135523]      bootserver=192.168.0.1, rootserver=192.168.0.1, rootpath=
[    5.142558]      nameserver0=192.0.2.2, nameserver1=192.0.2.3
[    5.154902] List of all partitions:
[    5.159253] b300         1931264 mmcblk0  driver: mmcblk
[    5.164836]   b301           80293 mmcblk0p1 000ae7de-01
[    5.170775]   b302         1847475 mmcblk0p2 000ae7de-02
[    5.176391] b308         1875968 mmcblk1  driver: mmcblk
[    5.181958]   b309         1874944 mmcblk1p1 c1aa84ab-01
[    5.187558] b318            1024 mmcblk1boot1  (driver?)
[    5.193127] b310            1024 mmcblk1boot0  (driver?)
[    5.198716] No filesystem could mount root, tried:  ext4
[    5.204363] Kernel panic - not syncing: VFS: Unable to mount root fs on unknown-block(179,1)
[    5.213287] ---[ end Kernel panic - not syncing: VFS: Unable to mount root fs on unknown-block(179,1)

