- 04:34:04 [INFO] Starting target session
- 04:34:04 [INFO] Connected to beaglebone via serial 
- 04:34:04 [INFO] Host: #check prompt
- 04:34:07 [ERROR] On command: #check prompt waiting for #check prompt.+?(?-mix:((?-mix:login:)|[Pp]assword)) >>> error: execution expired
- 04:34:07 [INFO] Target: 
- 04:34:07 [INFO] Host: #check prompt
- 04:34:09 [ERROR] On command: #check prompt waiting for #check prompt.+?(?-mix:[\w\d]+@.+[@:#]+) >>> error: execution expired
- 04:34:09 [INFO] Target: 
- 04:34:09 [INFO] Host: #check prompt
- 04:34:11 [ERROR] On command: #check prompt waiting for #check prompt.+?(?-mix:[\w\d]+@.+[@:#]+) >>> error: execution expired
- 04:34:11 [INFO] Target: 
- 04:34:11 [INFO] Host: #check prompt
- 04:34:13 [ERROR] On command: #check prompt waiting for #check prompt.+?(?-mix:[\w\d]+@.+[@:#]+) >>> error: execution expired
- 04:34:13 [INFO] Target: 
- 04:34:13 [INFO] Disconnected serial from beaglebone
- 04:34:18 [INFO] Connected to beaglebone via serial 
- 04:34:18 [INFO] Host: 
- 04:34:21 [INFO] Target: 
U-Boot SPL 2014.07-g67b4cea (Mar 20 2015 - 13:25:28)
reading args
spl_load_image_fat_os: error reading image args, err - -1
reading u-boot.img
reading u-boot.img
U-Boot 2014.07-g67b4cea (Mar 20 2015 - 13:25:28)
I2C:   ready
DRAM:  256 MiB
NAND:  0 MiB
MMC:   OMAP SD/MMC: 0, OMAP SD/MMC: 1
reading uboot.env
** Unable to read "uboot.env" from mmc0:1 **
Using default environment
Net:   <ethaddr> not set. Validating first E-fuse MAC
cpsw, usb_ether
Hit any key to stop autoboot:  1  0 
U-Boot# 
U-Boot# 
U-Boot# 
U-Boot# 
U-Boot# 
U-Boot# 
U-Boot# 
U-Boot# 
U-Boot# 
U-Boot# 
U-Boot# 
U-Boot# 
- 04:34:22 [INFO] Host: 
- 04:34:22 [INFO] Target: 
U-Boot# 
- 04:34:22 [INFO] Host: version
- 04:34:22 [INFO] Target: 
U-Boot# version
U-Boot 2014.07-g67b4cea (Mar 20 2015 - 13:25:28)
arm-linux-gnueabihf-gcc (crosstool-NG linaro-1.13.1-4.7-2013.03-20130313 - Linaro GCC 2013.03) 4.7.3 20130226 (prerelease)
GNU ld (crosstool-NG linaro-1.13.1-4.7-2013.03-20130313 - Linaro GCC 2013.03) 2.23.1
U-Boot# 
- 04:34:22 [INFO] Host: setenv bootargs 'console=ttyO0,115200n8 earlyprintk rootwait '
- 04:34:22 [INFO] Target: 
setenv bootargs 'console=ttyO0,115200n8 earlyprintk rootwait '
U-Boot# 
- 04:34:22 [INFO] Host: setenv bootcmd  ''
- 04:34:22 [INFO] Target: 
setenv bootcmd  ''
U-Boot# 
- 04:34:22 [INFO] Host: setenv autoload 'no'
- 04:34:22 [INFO] Target: 
setenv autoload 'no'
U-Boot# 
- 04:34:22 [INFO] Host: setenv serverip '192.168.0.1'
- 04:34:22 [INFO] Target: 
setenv serverip '192.168.0.1'
U-Boot# 
- 04:34:22 [INFO] Host: printenv
- 04:34:23 [INFO] Target: 
printenv
arch=arm
autoload=no
baudrate=115200
board=am335x
board_name=A335BONE
board_rev=00A6
boot_fdt=try
bootargs=console=ttyO0,115200n8 earlyprintk rootwait 
bootcmd=
bootcount=1
bootdelay=1
bootdir=/boot
bootenv=uEnv.txt
bootfile=zImage
bootm_size=0x10000000
bootpart=0:2
console=ttyO0,115200n8
cpu=armv7
dfu_alt_info_emmc=rawemmc raw 0 3751936;boot part 1 1;rootfs part 1 2;MLO fat 1 1;MLO.raw raw 0x100 0x100;u-boot.img.raw raw 0x300 0x400;spl-os-args.raw raw 0x80 0x80;spl-os-image.raw raw 0x900 0x2000;spl-os-args fat 1 1;spl-os-image fat 1 1;u-boot.img fat 1 1;uEnv.txt fat 1 1
dfu_alt_info_mmc=boot part 0 1;rootfs part 0 2;MLO fat 0 1;MLO.raw raw 0x100 0x100;u-boot.img.raw raw 0x300 0x400;spl-os-args.raw raw 0x80 0x80;spl-os-image.raw raw 0x900 0x2000;spl-os-args fat 0 1;spl-os-image fat 0 1;u-boot.img fat 0 1;uEnv.txt fat 0 1
dfu_alt_info_nand=SPL part 0 1;SPL.backup1 part 0 2;SPL.backup2 part 0 3;SPL.backup3 part 0 4;u-boot part 0 5;u-boot-spl-os part 0 6;kernel part 0 8;rootfs part 0 9
dfu_alt_info_ram=kernel ram 0x80200000 0xD80000;fdt ram 0x80F80000 0x80000;ramdisk ram 0x81000000 0x4000000
eth1addr=78:c5:e5:d9:d6:07
ethact=cpsw
ethaddr=78:c5:e5:d9:d6:06
fdt_addr_r=0x88000000
fdtaddr=0x88000000
fdtfile=undefined
findfdt=if test $board_name = A335BONE; then setenv fdtfile am335x-bone.dtb; fi; if test $board_name = A335BNLT; then setenv fdtfile am335x-boneblack.dtb; fi; if test $board_name = A33515BB; then setenv fdtfile am335x-evm.dtb; fi; if test $board_name = A335X_SK; then setenv fdtfile am335x-evmsk.dtb; fi; if test $fdtfile = undefined; then echo WARNING: Could not determine device tree to use; fi; 
importbootenv=echo Importing environment from mmc ...; env import -t -r $loadaddr $filesize
kernel_addr_r=0x82000000
loadaddr=0x82000000
loadbootenv=load mmc ${mmcdev} ${loadaddr} ${bootenv}
loadfdt=load mmc ${bootpart} ${fdtaddr} ${bootdir}/${fdtfile}
loadimage=load mmc ${bootpart} ${loadaddr} ${bootdir}/${bootfile}
loadramdisk=load mmc ${mmcdev} ${rdaddr} ramdisk.gz
mmcargs=setenv bootargs console=${console} ${optargs} root=${mmcroot} rootfstype=${mmcrootfstype}
mmcboot=mmc dev ${mmcdev}; if mmc rescan; then echo SD/MMC found on device ${mmcdev};if run loadbootenv; then echo Loaded environment from ${bootenv};run importbootenv;fi;if test -n $uenvcmd; then echo Running uenvcmd ...;run uenvcmd;fi;if run loadimage; then run mmcloados;fi;fi;
mmcdev=0
mmcloados=run mmcargs; if test ${boot_fdt} = yes || test ${boot_fdt} = try; then if run loadfdt; then bootz ${loadaddr} - ${fdtaddr}; else if test ${boot_fdt} = try; then bootz; else echo WARN: Cannot load the DT; fi; fi; else bootz; fi;
mmcroot=/dev/mmcblk0p2 ro
mmcrootfstype=ext4 rootwait
mtdids=nand0=nand.0
mtdparts=mtdparts=nand.0:128k(NAND.SPL),128k(NAND.SPL.backup1),128k(NAND.SPL.backup2),128k(NAND.SPL.backup3),256k(NAND.u-boot-spl-os),1m(NAND.u-boot),128k(NAND.u-boot-env),128k(NAND.u-boot-env.backup1),8m(NAND.kernel),-(NAND.file-system)
nandargs=setenv bootargs console=${console} ${optargs} root=${nandroot} rootfstype=${nandrootfstype}
nandboot=echo Booting from nand ...; run nandargs; nand read ${fdtaddr} NAND.u-boot-spl-os; nand read ${loadaddr} NAND.kernel; bootz ${loadaddr} - ${fdtaddr}
nandroot=ubi0:rootfs rw ubi.mtd=NAND.file-system,2048
nandrootfstype=ubifs rootwait=1
netargs=setenv bootargs console=${console} ${optargs} root=/dev/nfs nfsroot=${serverip}:${rootpath},${nfsopts} rw ip=dhcp
netboot=echo Booting from network ...; setenv autoload no; dhcp; tftp ${loadaddr} ${bootfile}; tftp ${fdtaddr} ${fdtfile}; run netargs; bootz ${loadaddr} - ${fdtaddr}
nfsopts=nolock
partitions=uuid_disk=${uuid_gpt_disk};name=rootfs,start=2MiB,size=-,uuid=${uuid_gpt_rootfs}
ramargs=setenv bootargs console=${console} ${optargs} root=${ramroot} rootfstype=${ramrootfstype}
ramboot=echo Booting from ramdisk ...; run ramargs; bootz ${loadaddr} ${rdaddr} ${fdtaddr}
ramdisk_addr_r=0x88080000
ramroot=/dev/ram0 rw
ramrootfstype=ext2
rdaddr=0x88080000
rootpath=/export/rootfs
serverip=192.168.0.1
soc=am33xx
spiargs=setenv bootargs console=${console} ${optargs} root=${spiroot} rootfstype=${spirootfstype}
spiboot=echo Booting from spi ...; run spiargs; sf probe ${spibusno}:0; sf read ${loadaddr} ${spisrcaddr} ${spiimgsize}; bootz ${loadaddr}
spibusno=0
spiimgsize=0x362000
spiroot=/dev/mtdblock4 rw
spirootfstype=jffs2
spisrcaddr=0xe0000
static_ip=${ipaddr}:${serverip}:${gatewayip}:${netmask}:${hostname}::off
stderr=serial
stdin=serial
stdout=serial
usbnet_devaddr=78:c5:e5:d9:d6:07
vendor=ti
ver=U-Boot 2014.07-g67b4cea (Mar 20 2015 - 13:25:28)
Environment size: 4702/131068 bytes
U-Boot# 
- 04:34:23 [INFO] Host: setenv _initramfs -
- 04:34:23 [INFO] Target: 
setenv _initramfs -
U-Boot# 
- 04:34:23 [INFO] Host: printenv
- 04:34:23 [INFO] Target: 
printenv
_initramfs=-
arch=arm
autoload=no
baudrate=115200
board=am335x
board_name=A335BONE
board_rev=00A6
boot_fdt=try
bootargs=console=ttyO0,115200n8 earlyprintk rootwait 
bootcmd=
bootcount=1
bootdelay=1
bootdir=/boot
bootenv=uEnv.txt
bootfile=zImage
bootm_size=0x10000000
bootpart=0:2
console=ttyO0,115200n8
cpu=armv7
dfu_alt_info_emmc=rawemmc raw 0 3751936;boot part 1 1;rootfs part 1 2;MLO fat 1 1;MLO.raw raw 0x100 0x100;u-boot.img.raw raw 0x300 0x400;spl-os-args.raw raw 0x80 0x80;spl-os-image.raw raw 0x900 0x2000;spl-os-args fat 1 1;spl-os-image fat 1 1;u-boot.img fat 1 1;uEnv.txt fat 1 1
dfu_alt_info_mmc=boot part 0 1;rootfs part 0 2;MLO fat 0 1;MLO.raw raw 0x100 0x100;u-boot.img.raw raw 0x300 0x400;spl-os-args.raw raw 0x80 0x80;spl-os-image.raw raw 0x900 0x2000;spl-os-args fat 0 1;spl-os-image fat 0 1;u-boot.img fat 0 1;uEnv.txt fat 0 1
dfu_alt_info_nand=SPL part 0 1;SPL.backup1 part 0 2;SPL.backup2 part 0 3;SPL.backup3 part 0 4;u-boot part 0 5;u-boot-spl-os part 0 6;kernel part 0 8;rootfs part 0 9
dfu_alt_info_ram=kernel ram 0x80200000 0xD80000;fdt ram 0x80F80000 0x80000;ramdisk ram 0x81000000 0x4000000
eth1addr=78:c5:e5:d9:d6:07
ethact=cpsw
ethaddr=78:c5:e5:d9:d6:06
fdt_addr_r=0x88000000
fdtaddr=0x88000000
fdtfile=undefined
findfdt=if test $board_name = A335BONE; then setenv fdtfile am335x-bone.dtb; fi; if test $board_name = A335BNLT; then setenv fdtfile am335x-boneblack.dtb; fi; if test $board_name = A33515BB; then setenv fdtfile am335x-evm.dtb; fi; if test $board_name = A335X_SK; then setenv fdtfile am335x-evmsk.dtb; fi; if test $fdtfile = undefined; then echo WARNING: Could not determine device tree to use; fi; 
importbootenv=echo Importing environment from mmc ...; env import -t -r $loadaddr $filesize
kernel_addr_r=0x82000000
loadaddr=0x82000000
loadbootenv=load mmc ${mmcdev} ${loadaddr} ${bootenv}
loadfdt=load mmc ${bootpart} ${fdtaddr} ${bootdir}/${fdtfile}
loadimage=load mmc ${bootpart} ${loadaddr} ${bootdir}/${bootfile}
loadramdisk=load mmc ${mmcdev} ${rdaddr} ramdisk.gz
mmcargs=setenv bootargs console=${console} ${optargs} root=${mmcroot} rootfstype=${mmcrootfstype}
mmcboot=mmc dev ${mmcdev}; if mmc rescan; then echo SD/MMC found on device ${mmcdev};if run loadbootenv; then echo Loaded environment from ${bootenv};run importbootenv;fi;if test -n $uenvcmd; then echo Running uenvcmd ...;run uenvcmd;fi;if run loadimage; then run mmcloados;fi;fi;
mmcdev=0
mmcloados=run mmcargs; if test ${boot_fdt} = yes || test ${boot_fdt} = try; then if run loadfdt; then bootz ${loadaddr} - ${fdtaddr}; else if test ${boot_fdt} = try; then bootz; else echo WARN: Cannot load the DT; fi; fi; else bootz; fi;
mmcroot=/dev/mmcblk0p2 ro
mmcrootfstype=ext4 rootwait
mtdids=nand0=nand.0
mtdparts=mtdparts=nand.0:128k(NAND.SPL),128k(NAND.SPL.backup1),128k(NAND.SPL.backup2),128k(NAND.SPL.backup3),256k(NAND.u-boot-spl-os),1m(NAND.u-boot),128k(NAND.u-boot-env),128k(NAND.u-boot-env.backup1),8m(NAND.kernel),-(NAND.file-system)
nandargs=setenv bootargs console=${console} ${optargs} root=${nandroot} rootfstype=${nandrootfstype}
nandboot=echo Booting from nand ...; run nandargs; nand read ${fdtaddr} NAND.u-boot-spl-os; nand read ${loadaddr} NAND.kernel; bootz ${loadaddr} - ${fdtaddr}
nandroot=ubi0:rootfs rw ubi.mtd=NAND.file-system,2048
nandrootfstype=ubifs rootwait=1
netargs=setenv bootargs console=${console} ${optargs} root=/dev/nfs nfsroot=${serverip}:${rootpath},${nfsopts} rw ip=dhcp
netboot=echo Booting from network ...; setenv autoload no; dhcp; tftp ${loadaddr} ${bootfile}; tftp ${fdtaddr} ${fdtfile}; run netargs; bootz ${loadaddr} - ${fdtaddr}
nfsopts=nolock
partitions=uuid_disk=${uuid_gpt_disk};name=rootfs,start=2MiB,size=-,uuid=${uuid_gpt_rootfs}
ramargs=setenv bootargs console=${console} ${optargs} root=${ramroot} rootfstype=${ramrootfstype}
ramboot=echo Booting from ramdisk ...; run ramargs; bootz ${loadaddr} ${rdaddr} ${fdtaddr}
ramdisk_addr_r=0x88080000
ramroot=/dev/ram0 rw
ramrootfstype=ext2
rdaddr=0x88080000
rootpath=/export/rootfs
serverip=192.168.0.1
soc=am33xx
spiargs=setenv bootargs console=${console} ${optargs} root=${spiroot} rootfstype=${spirootfstype}
spiboot=echo Booting from spi ...; run spiargs; sf probe ${spibusno}:0; sf read ${loadaddr} ${spisrcaddr} ${spiimgsize}; bootz ${loadaddr}
spibusno=0
spiimgsize=0x362000
spiroot=/dev/mtdblock4 rw
spirootfstype=jffs2
spisrcaddr=0xe0000
static_ip=${ipaddr}:${serverip}:${gatewayip}:${netmask}:${hostname}::off
stderr=serial
stdin=serial
stdout=serial
usbnet_devaddr=78:c5:e5:d9:d6:07
vendor=ti
ver=U-Boot 2014.07-g67b4cea (Mar 20 2015 - 13:25:28)
Environment size: 4717/131068 bytes
U-Boot# 
- 04:34:23 [INFO] Host: setenv bootargs ''${bootargs}' ip=:::::eth0:dhcp '
- 04:34:24 [INFO] Target: 
setenv bootargs ''${bootargs}' ip=:::::eth0:dhcp '
U-Boot# 
- 04:34:24 [INFO] Host: setenv serverip '192.168.0.1'
- 04:34:24 [INFO] Target: 
setenv serverip '192.168.0.1'
U-Boot# 
- 04:34:24 [INFO] Host: setenv autoload 'no'
- 04:34:24 [INFO] Target: 
setenv autoload 'no'
U-Boot# 
- 04:34:24 [INFO] Host: dhcp
- 04:34:25 [INFO] Target: 
dhcp
link up on port 0, speed 100, full duplex
BOOTP broadcast 1
DHCP client bound to address 192.168.0.111
U-Boot# 
- 04:34:25 [INFO] Host: tftp ${loadaddr} 192.168.0.1:vatf_bbw1/254b544ff62ff7b1e0516ea984688008
- 04:34:26 [INFO] Target: 
tftp ${loadaddr} 192.168.0.1:vatf_bbw1/254b544ff62ff7b1e0516ea984688008
link up on port 0, speed 100, full duplex
Using cpsw device
TFTP from server 192.168.0.1; our IP address is 192.168.0.111
Filename 'vatf_bbw1/254b544ff62ff7b1e0516ea984688008'.
Load address: 0x82000000
Loading: *#################################################################
	 #################################################################
	 #################################################################
	 #######################################################
	 3.8 MiB/s
done
Bytes transferred = 3665048 (37ec98 hex)
U-Boot# 
- 04:34:26 [INFO] Host: tftp ${fdtaddr} 192.168.0.1:vatf_bbw1/04b1403351ca37ddad9ef46aeef9bb90
- 04:34:26 [INFO] Target: 
tftp ${fdtaddr} 192.168.0.1:vatf_bbw1/04b1403351ca37ddad9ef46aeef9bb90
link up on port 0, speed 100, full duplex
Using cpsw device
TFTP from server 192.168.0.1; our IP address is 192.168.0.111
Filename 'vatf_bbw1/04b1403351ca37ddad9ef46aeef9bb90'.
Load address: 0x88000000
Loading: *###
	 3 MiB/s
done
Bytes transferred = 31600 (7b70 hex)
U-Boot# 
- 04:34:26 [INFO] Host: ls mmc 0:1
- 04:34:26 [INFO] Target: 
ls mmc 0:1
    77192   mlo 
   446424   u-boot.img 
       14   .ipaddr 
        4   ws-calibrate.rules 
        0   pointercal 
5 file(s), 0 dir(s)
U-Boot# 
- 04:34:26 [INFO] Host: ls mmc 0:2
- 04:34:26 [INFO] Target: 
ls mmc 0:2
<DIR>       4096 .
<DIR>       4096 ..
<DIR>       4096 include
<DIR>       4096 srv
<DIR>       4096 home
<DIR>       4096 media
<DIR>       4096 opt
<DIR>       4096 var
<DIR>       4096 sys
<DIR>       4096 boot
<DIR>       4096 dev
<DIR>       4096 usr
<DIR>       4096 bin
<DIR>       4096 mnt
<DIR>       4096 etc
<DIR>       4096 sbin
<DIR>       4096 www
<SYM>          8 tmp
<DIR>       4096 proc
<DIR>       4096 run
<DIR>       4096 lib
<DIR>       4096 test
U-Boot# 
- 04:34:26 [INFO] Host: part uuid mmc 0:2
- 04:34:26 [INFO] Target: 
part uuid mmc 0:2
00000000-02
U-Boot# 
- 04:34:26 [INFO] Host: printenv
- 04:34:27 [INFO] Target: 
printenv
_initramfs=-
arch=arm
autoload=no
baudrate=115200
board=am335x
board_name=A335BONE
board_rev=00A6
boot_fdt=try
bootargs=console=ttyO0,115200n8 earlyprintk rootwait  ip=:::::eth0:dhcp 
bootcmd=
bootcount=1
bootdelay=1
bootdir=/boot
bootenv=uEnv.txt
bootfile=zImage
bootm_size=0x10000000
bootpart=0:2
console=ttyO0,115200n8
cpu=armv7
dfu_alt_info_emmc=rawemmc raw 0 3751936;boot part 1 1;rootfs part 1 2;MLO fat 1 1;MLO.raw raw 0x100 0x100;u-boot.img.raw raw 0x300 0x400;spl-os-args.raw raw 0x80 0x80;spl-os-image.raw raw 0x900 0x2000;spl-os-args fat 1 1;spl-os-image fat 1 1;u-boot.img fat 1 1;uEnv.txt fat 1 1
dfu_alt_info_mmc=boot part 0 1;rootfs part 0 2;MLO fat 0 1;MLO.raw raw 0x100 0x100;u-boot.img.raw raw 0x300 0x400;spl-os-args.raw raw 0x80 0x80;spl-os-image.raw raw 0x900 0x2000;spl-os-args fat 0 1;spl-os-image fat 0 1;u-boot.img fat 0 1;uEnv.txt fat 0 1
dfu_alt_info_nand=SPL part 0 1;SPL.backup1 part 0 2;SPL.backup2 part 0 3;SPL.backup3 part 0 4;u-boot part 0 5;u-boot-spl-os part 0 6;kernel part 0 8;rootfs part 0 9
dfu_alt_info_ram=kernel ram 0x80200000 0xD80000;fdt ram 0x80F80000 0x80000;ramdisk ram 0x81000000 0x4000000
dnsip=192.0.2.2
dnsip2=192.0.2.3
eth1addr=78:c5:e5:d9:d6:07
ethact=cpsw
ethaddr=78:c5:e5:d9:d6:06
fdt_addr_r=0x88000000
fdtaddr=0x88000000
fdtfile=undefined
fileaddr=88000000
filesize=7b70
findfdt=if test $board_name = A335BONE; then setenv fdtfile am335x-bone.dtb; fi; if test $board_name = A335BNLT; then setenv fdtfile am335x-boneblack.dtb; fi; if test $board_name = A33515BB; then setenv fdtfile am335x-evm.dtb; fi; if test $board_name = A335X_SK; then setenv fdtfile am335x-evmsk.dtb; fi; if test $fdtfile = undefined; then echo WARNING: Could not determine device tree to use; fi; 
gatewayip=192.168.0.1
importbootenv=echo Importing environment from mmc ...; env import -t -r $loadaddr $filesize
ipaddr=192.168.0.111
kernel_addr_r=0x82000000
loadaddr=0x82000000
loadbootenv=load mmc ${mmcdev} ${loadaddr} ${bootenv}
loadfdt=load mmc ${bootpart} ${fdtaddr} ${bootdir}/${fdtfile}
loadimage=load mmc ${bootpart} ${loadaddr} ${bootdir}/${bootfile}
loadramdisk=load mmc ${mmcdev} ${rdaddr} ramdisk.gz
mmcargs=setenv bootargs console=${console} ${optargs} root=${mmcroot} rootfstype=${mmcrootfstype}
mmcboot=mmc dev ${mmcdev}; if mmc rescan; then echo SD/MMC found on device ${mmcdev};if run loadbootenv; then echo Loaded environment from ${bootenv};run importbootenv;fi;if test -n $uenvcmd; then echo Running uenvcmd ...;run uenvcmd;fi;if run loadimage; then run mmcloados;fi;fi;
mmcdev=0
mmcloados=run mmcargs; if test ${boot_fdt} = yes || test ${boot_fdt} = try; then if run loadfdt; then bootz ${loadaddr} - ${fdtaddr}; else if test ${boot_fdt} = try; then bootz; else echo WARN: Cannot load the DT; fi; fi; else bootz; fi;
mmcroot=/dev/mmcblk0p2 ro
mmcrootfstype=ext4 rootwait
mtdids=nand0=nand.0
mtdparts=mtdparts=nand.0:128k(NAND.SPL),128k(NAND.SPL.backup1),128k(NAND.SPL.backup2),128k(NAND.SPL.backup3),256k(NAND.u-boot-spl-os),1m(NAND.u-boot),128k(NAND.u-boot-env),128k(NAND.u-boot-env.backup1),8m(NAND.kernel),-(NAND.file-system)
nandargs=setenv bootargs console=${console} ${optargs} root=${nandroot} rootfstype=${nandrootfstype}
nandboot=echo Booting from nand ...; run nandargs; nand read ${fdtaddr} NAND.u-boot-spl-os; nand read ${loadaddr} NAND.kernel; bootz ${loadaddr} - ${fdtaddr}
nandroot=ubi0:rootfs rw ubi.mtd=NAND.file-system,2048
nandrootfstype=ubifs rootwait=1
netargs=setenv bootargs console=${console} ${optargs} root=/dev/nfs nfsroot=${serverip}:${rootpath},${nfsopts} rw ip=dhcp
netboot=echo Booting from network ...; setenv autoload no; dhcp; tftp ${loadaddr} ${bootfile}; tftp ${fdtaddr} ${fdtfile}; run netargs; bootz ${loadaddr} - ${fdtaddr}
netmask=255.255.255.0
nfsopts=nolock
partitions=uuid_disk=${uuid_gpt_disk};name=rootfs,start=2MiB,size=-,uuid=${uuid_gpt_rootfs}
ramargs=setenv bootargs console=${console} ${optargs} root=${ramroot} rootfstype=${ramrootfstype}
ramboot=echo Booting from ramdisk ...; run ramargs; bootz ${loadaddr} ${rdaddr} ${fdtaddr}
ramdisk_addr_r=0x88080000
ramroot=/dev/ram0 rw
ramrootfstype=ext2
rdaddr=0x88080000
rootpath=/export/rootfs
serverip=192.168.0.1
soc=am33xx
spiargs=setenv bootargs console=${console} ${optargs} root=${spiroot} rootfstype=${spirootfstype}
spiboot=echo Booting from spi ...; run spiargs; sf probe ${spibusno}:0; sf read ${loadaddr} ${spisrcaddr} ${spiimgsize}; bootz ${loadaddr}
spibusno=0
spiimgsize=0x362000
spiroot=/dev/mtdblock4 rw
spirootfstype=jffs2
spisrcaddr=0xe0000
static_ip=${ipaddr}:${serverip}:${gatewayip}:${netmask}:${hostname}::off
stderr=serial
stdin=serial
stdout=serial
usbnet_devaddr=78:c5:e5:d9:d6:07
vendor=ti
ver=U-Boot 2014.07-g67b4cea (Mar 20 2015 - 13:25:28)
Environment size: 4880/131068 bytes
U-Boot# 
- 04:34:27 [INFO] Host: setenv bootargs ''${bootargs}' root=PARTUUID=00000000-02 rw rootfstype=ext4 rootwait '
- 04:34:27 [INFO] Target: 
setenv bootargs ''${bootargs}' root=PARTUUID=00000000-02 rw rootfstype=ext4 rootwait '
U-Boot# 
- 04:34:27 [INFO] Host: printenv
- 04:34:27 [INFO] Target: 
printenv
_initramfs=-
arch=arm
autoload=no
baudrate=115200
board=am335x
board_name=A335BONE
board_rev=00A6
boot_fdt=try
bootargs=console=ttyO0,115200n8 earlyprintk rootwait  ip=:::::eth0:dhcp  root=PARTUUID=00000000-02 rw rootfstype=ext4 rootwait 
bootcmd=
bootcount=1
bootdelay=1
bootdir=/boot
bootenv=uEnv.txt
bootfile=zImage
bootm_size=0x10000000
bootpart=0:2
console=ttyO0,115200n8
cpu=armv7
dfu_alt_info_emmc=rawemmc raw 0 3751936;boot part 1 1;rootfs part 1 2;MLO fat 1 1;MLO.raw raw 0x100 0x100;u-boot.img.raw raw 0x300 0x400;spl-os-args.raw raw 0x80 0x80;spl-os-image.raw raw 0x900 0x2000;spl-os-args fat 1 1;spl-os-image fat 1 1;u-boot.img fat 1 1;uEnv.txt fat 1 1
dfu_alt_info_mmc=boot part 0 1;rootfs part 0 2;MLO fat 0 1;MLO.raw raw 0x100 0x100;u-boot.img.raw raw 0x300 0x400;spl-os-args.raw raw 0x80 0x80;spl-os-image.raw raw 0x900 0x2000;spl-os-args fat 0 1;spl-os-image fat 0 1;u-boot.img fat 0 1;uEnv.txt fat 0 1
dfu_alt_info_nand=SPL part 0 1;SPL.backup1 part 0 2;SPL.backup2 part 0 3;SPL.backup3 part 0 4;u-boot part 0 5;u-boot-spl-os part 0 6;kernel part 0 8;rootfs part 0 9
dfu_alt_info_ram=kernel ram 0x80200000 0xD80000;fdt ram 0x80F80000 0x80000;ramdisk ram 0x81000000 0x4000000
dnsip=192.0.2.2
dnsip2=192.0.2.3
eth1addr=78:c5:e5:d9:d6:07
ethact=cpsw
ethaddr=78:c5:e5:d9:d6:06
fdt_addr_r=0x88000000
fdtaddr=0x88000000
fdtfile=undefined
fileaddr=88000000
filesize=7b70
findfdt=if test $board_name = A335BONE; then setenv fdtfile am335x-bone.dtb; fi; if test $board_name = A335BNLT; then setenv fdtfile am335x-boneblack.dtb; fi; if test $board_name = A33515BB; then setenv fdtfile am335x-evm.dtb; fi; if test $board_name = A335X_SK; then setenv fdtfile am335x-evmsk.dtb; fi; if test $fdtfile = undefined; then echo WARNING: Could not determine device tree to use; fi; 
gatewayip=192.168.0.1
importbootenv=echo Importing environment from mmc ...; env import -t -r $loadaddr $filesize
ipaddr=192.168.0.111
kernel_addr_r=0x82000000
loadaddr=0x82000000
loadbootenv=load mmc ${mmcdev} ${loadaddr} ${bootenv}
loadfdt=load mmc ${bootpart} ${fdtaddr} ${bootdir}/${fdtfile}
loadimage=load mmc ${bootpart} ${loadaddr} ${bootdir}/${bootfile}
loadramdisk=load mmc ${mmcdev} ${rdaddr} ramdisk.gz
mmcargs=setenv bootargs console=${console} ${optargs} root=${mmcroot} rootfstype=${mmcrootfstype}
mmcboot=mmc dev ${mmcdev}; if mmc rescan; then echo SD/MMC found on device ${mmcdev};if run loadbootenv; then echo Loaded environment from ${bootenv};run importbootenv;fi;if test -n $uenvcmd; then echo Running uenvcmd ...;run uenvcmd;fi;if run loadimage; then run mmcloados;fi;fi;
mmcdev=0
mmcloados=run mmcargs; if test ${boot_fdt} = yes || test ${boot_fdt} = try; then if run loadfdt; then bootz ${loadaddr} - ${fdtaddr}; else if test ${boot_fdt} = try; then bootz; else echo WARN: Cannot load the DT; fi; fi; else bootz; fi;
mmcroot=/dev/mmcblk0p2 ro
mmcrootfstype=ext4 rootwait
mtdids=nand0=nand.0
mtdparts=mtdparts=nand.0:128k(NAND.SPL),128k(NAND.SPL.backup1),128k(NAND.SPL.backup2),128k(NAND.SPL.backup3),256k(NAND.u-boot-spl-os),1m(NAND.u-boot),128k(NAND.u-boot-env),128k(NAND.u-boot-env.backup1),8m(NAND.kernel),-(NAND.file-system)
nandargs=setenv bootargs console=${console} ${optargs} root=${nandroot} rootfstype=${nandrootfstype}
nandboot=echo Booting from nand ...; run nandargs; nand read ${fdtaddr} NAND.u-boot-spl-os; nand read ${loadaddr} NAND.kernel; bootz ${loadaddr} - ${fdtaddr}
nandroot=ubi0:rootfs rw ubi.mtd=NAND.file-system,2048
nandrootfstype=ubifs rootwait=1
netargs=setenv bootargs console=${console} ${optargs} root=/dev/nfs nfsroot=${serverip}:${rootpath},${nfsopts} rw ip=dhcp
netboot=echo Booting from network ...; setenv autoload no; dhcp; tftp ${loadaddr} ${bootfile}; tftp ${fdtaddr} ${fdtfile}; run netargs; bootz ${loadaddr} - ${fdtaddr}
netmask=255.255.255.0
nfsopts=nolock
partitions=uuid_disk=${uuid_gpt_disk};name=rootfs,start=2MiB,size=-,uuid=${uuid_gpt_rootfs}
ramargs=setenv bootargs console=${console} ${optargs} root=${ramroot} rootfstype=${ramrootfstype}
ramboot=echo Booting from ramdisk ...; run ramargs; bootz ${loadaddr} ${rdaddr} ${fdtaddr}
ramdisk_addr_r=0x88080000
ramroot=/dev/ram0 rw
ramrootfstype=ext2
rdaddr=0x88080000
rootpath=/export/rootfs
serverip=192.168.0.1
soc=am33xx
spiargs=setenv bootargs console=${console} ${optargs} root=${spiroot} rootfstype=${spirootfstype}
spiboot=echo Booting from spi ...; run spiargs; sf probe ${spibusno}:0; sf read ${loadaddr} ${spisrcaddr} ${spiimgsize}; bootz ${loadaddr}
spibusno=0
spiimgsize=0x362000
spiroot=/dev/mtdblock4 rw
spirootfstype=jffs2
spisrcaddr=0xe0000
static_ip=${ipaddr}:${serverip}:${gatewayip}:${netmask}:${hostname}::off
stderr=serial
stdin=serial
stdout=serial
usbnet_devaddr=78:c5:e5:d9:d6:07
vendor=ti
ver=U-Boot 2014.07-g67b4cea (Mar 20 2015 - 13:25:28)
Environment size: 4935/131068 bytes
U-Boot# 
- 04:34:27 [INFO] Host: setenv bootcmd ''${bootcmd}' if iminfo ${loadaddr}; then bootm ${loadaddr} ${_initramfs} ${fdtaddr}; else bootz ${loadaddr} ${_initramfs} ${fdtaddr}; bootm ${loadaddr} ${_initramfs} ${fdtaddr}; fi'
- 04:34:28 [INFO] Target: 
setenv bootcmd ''${bootcmd}' if iminfo ${loadaddr}; then bootm ${loadaddr} ${_initramfs} ${fdtaddr}; else bootz ${loadaddr} ${_initramfs} ${fdtaddr}; bootm ${loadaddr} ${_initramfs} ${fdtaddr}; fi'
U-Boot# 
- 04:34:28 [INFO] Host: version
- 04:34:28 [INFO] Target: 
version
U-Boot 2014.07-g67b4cea (Mar 20 2015 - 13:25:28)
arm-linux-gnueabihf-gcc (crosstool-NG linaro-1.13.1-4.7-2013.03-20130313 - Linaro GCC 2013.03) 4.7.3 20130226 (prerelease)
GNU ld (crosstool-NG linaro-1.13.1-4.7-2013.03-20130313 - Linaro GCC 2013.03) 2.23.1
U-Boot# 
- 04:34:28 [INFO] Host: bdinfo
- 04:34:28 [INFO] Target: 
bdinfo
arch_number = 0x00000E05
boot_params = 0x80000100
DRAM bank   = 0x00000000
-> start    = 0x80000000
-> size     = 0x10000000
eth0name    = cpsw
ethaddr     = 78:c5:e5:d9:d6:06
eth1name    = usb_ether
eth1addr    = 78:c5:e5:d9:d6:07
current eth = cpsw
ip_addr     = 192.168.0.111
baudrate    = 115200 bps
TLB addr    = 0x8FFF0000
relocaddr   = 0x8F741000
reloc off   = 0x0EF41000
irq_sp      = 0x8E720EE0
sp start    = 0x8E720ED0
U-Boot# 
- 04:34:28 [INFO] Host: mmc rescan; echo $?
- 04:34:28 [INFO] Target: 
mmc rescan; echo $?
U-Boot# 
- 04:34:28 [INFO] Host: fatwrite mmc 0:1 ${loadaddr} ws-calibrate.rules 4
- 04:34:28 [INFO] Target: 
fatwrite mmc 0:1 ${loadaddr} ws-calibrate.rules 4
writing ws-calibrate.rules
4 bytes written
U-Boot# 
- 04:34:28 [INFO] Host: boot
- 04:37:58 [ERROR] On command: boot waiting for boot.+?(?-mix:login:) >>> error: execution expired
- 04:37:58 [INFO] Target: 
boot
## Checking Image at 82000000 ...
Unknown image format!
Kernel image @ 0x82000000 [ 0x000000 - 0x37ec98 ]
## Flattened Device Tree blob at 88000000
   Booting using the fdt blob at 0x88000000
   Loading Device Tree to 8e714000, end 8e71eb6f ... OK
Starting kernel ...
[    0.000000] Booting Linux on physical CPU 0x0
[    0.000000] Linux version 4.5.0-rc1-next-20160201-00002-g912c0c169151 (nmenon@horus) (gcc version 4.9.3 20150413 (prerelease) (Linaro GCC 4.9-2015.05) ) #1 SMP Mon Feb 1 03:37:42 CST 2016
[    0.000000] CPU: ARMv7 Processor [413fc082] revision 2 (ARMv7), cr=10c5387d
[    0.000000] CPU: PIPT / VIPT nonaliasing data cache, VIPT aliasing instruction cache
[    0.000000] Machine model: TI AM335x BeagleBone
[    0.000000] cma: Reserved 16 MiB at 0x8e800000
[    0.000000] Memory policy: Data cache writeback
[    0.000000] CPU: All CPU(s) started in SVC mode.
[    0.000000] AM335X ES1.0 (sgx neon )
[    0.000000] PERCPU: Embedded 15 pages/cpu @cfb58000 s28992 r8192 d24256 u61440
[    0.000000] Built 1 zonelists in Zone order, mobility grouping on.  Total pages: 64448
[    0.000000] Kernel command line: console=ttyO0,115200n8 earlyprintk rootwait  ip=:::::eth0:dhcp  root=PARTUUID=00000000-02 rw rootfstype=ext4 rootwait 
[    0.000000] PID hash table entries: 1024 (order: 0, 4096 bytes)
[    0.000000] Dentry cache hash table entries: 32768 (order: 5, 131072 bytes)
[    0.000000] Inode-cache hash table entries: 16384 (order: 4, 65536 bytes)
[    0.000000] Memory: 220440K/260096K available (7346K kernel code, 773K rwdata, 2288K rodata, 1024K init, 8267K bss, 23272K reserved, 16384K cma-reserved, 0K highmem)
[    0.000000] Virtual kernel memory layout:
[    0.000000]     vector  : 0xffff0000 - 0xffff1000   (   4 kB)
[    0.000000]     fixmap  : 0xffc00000 - 0xfff00000   (3072 kB)
[    0.000000]     vmalloc : 0xd0800000 - 0xff800000   ( 752 MB)
[    0.000000]     lowmem  : 0xc0000000 - 0xd0000000   ( 256 MB)
[    0.000000]     pkmap   : 0xbfe00000 - 0xc0000000   (   2 MB)
[    0.000000]     modules : 0xbf000000 - 0xbfe00000   (  14 MB)
[    0.000000]       .text : 0xc0008000 - 0xc0a688f8   (10627 kB)
[    0.000000]       .init : 0xc0b00000 - 0xc0c00000   (1024 kB)
[    0.000000]       .data : 0xc0c00000 - 0xc0cc16d4   ( 774 kB)
[    0.000000]        .bss : 0xc0cc4000 - 0xc14d6fe0   (8268 kB)
[    0.000000] Running RCU self tests
[    0.000000] Hierarchical RCU implementation.
[    0.000000] 	RCU lockdep checking is enabled.
[    0.000000] 	Build-time adjustment of leaf fanout to 32.
[    0.000000] 	RCU restricting CPUs from NR_CPUS=2 to nr_cpu_ids=1.
[    0.000000] RCU: Adjusting geometry for rcu_fanout_leaf=32, nr_cpu_ids=1
[    0.000000] NR_IRQS:16 nr_irqs:16 16
[    0.000000] IRQ: Found an INTC at 0xfa200000 (revision 5.0) with 128 interrupts
[    0.000000] OMAP clockevent source: timer2 at 24000000 Hz
[    0.000022] sched_clock: 32 bits at 24MHz, resolution 41ns, wraps every 89478484971ns
[    0.000049] clocksource: timer1: mask: 0xffffffff max_cycles: 0xffffffff, max_idle_ns: 79635851949 ns
[    0.000109] OMAP clocksource: timer1 at 24000000 Hz
[    0.001220] Console: colour dummy device 80x30
[    0.001297] Lock dependency validator: Copyright (c) 2006 Red Hat, Inc., Ingo Molnar
[    0.001310] ... MAX_LOCKDEP_SUBCLASSES:  8
[    0.001321] ... MAX_LOCK_DEPTH:          48
[    0.001332] ... MAX_LOCKDEP_KEYS:        8191
[    0.001342] ... CLASSHASH_SIZE:          4096
[    0.001352] ... MAX_LOCKDEP_ENTRIES:     32768
[    0.001363] ... MAX_LOCKDEP_CHAINS:      65536
[    0.001373] ... CHAINHASH_SIZE:          32768
[    0.001384]  memory used by lock dependency info: 5167 kB
[    0.001395]  per task-struct memory footprint: 1536 bytes
[    0.001429] Calibrating delay loop... 718.02 BogoMIPS (lpj=3590144)
[    0.098380] pid_max: default: 32768 minimum: 301
[    0.098956] Security Framework initialized
[    0.099126] Mount-cache hash table entries: 1024 (order: 0, 4096 bytes)
[    0.099144] Mountpoint-cache hash table entries: 1024 (order: 0, 4096 bytes)
[    0.103569] CPU: Testing write buffer coherency: ok
[    0.105821] CPU0: thread -1, cpu 0, socket -1, mpidr 0
[    0.105975] Setting up static identity map for 0x80100000 - 0x80100070
[    0.111072] Brought up 1 CPUs
[    0.111105] SMP: Total of 1 processors activated (718.02 BogoMIPS).
[    0.111119] CPU: All CPU(s) started in SVC mode.
[    0.116135] devtmpfs: initialized
[    0.158609] VFP support v0.3: implementor 41 architecture 3 part 30 variant c rev 3
[    0.159834] clocksource: jiffies: mask: 0xffffffff max_cycles: 0xffffffff, max_idle_ns: 19112604462750000 ns
[    0.161967] pinctrl core: initialized pinctrl subsystem
[    0.169256] NET: Registered protocol family 16
[    0.177081] DMA: preallocated 256 KiB pool for atomic coherent allocations
[    0.246485] omap_hwmod: debugss: _wait_target_disable failed
[    0.305628] cpuidle: using governor menu
[    0.321478] OMAP GPIO hardware version 0.1
[    0.347831] No ATAGs?
[    0.347873] hw-breakpoint: debug architecture 0x4 unsupported.
[    0.348206] omap4_sram_init:Unable to allocate sram needed to handle errata I688
[    0.348224] omap4_sram_init:Unable to get sram pool needed to handle errata I688
[    0.406583] edma 49000000.edma: TI EDMA DMA engine driver
[    0.412156] SCSI subsystem initialized
[    0.414706] omap_i2c 44e0b000.i2c: could not find pctldev for node /ocp/l4_wkup@44c00000/scm@210000/pinmux@800/pinmux_i2c0_pins, deferring probe
[    0.414847] omap_i2c 4819c000.i2c: could not find pctldev for node /ocp/l4_wkup@44c00000/scm@210000/pinmux@800/pinmux_i2c2_pins, deferring probe
[    0.415166] pps_core: LinuxPPS API ver. 1 registered
[    0.415182] pps_core: Software ver. 5.3.6 - Copyright 2005-2007 Rodolfo Giometti <giometti@linux.it>
[    0.415255] PTP clock support registered
[    0.420794] clocksource: Switched to clocksource timer1
[    0.573043] VFS: Disk quotas dquot_6.6.0
[    0.573278] VFS: Dquot-cache hash table entries: 1024 (order 0, 4096 bytes)
[    0.615285] NET: Registered protocol family 2
[    0.617921] TCP established hash table entries: 2048 (order: 1, 8192 bytes)
[    0.618012] TCP bind hash table entries: 2048 (order: 4, 73728 bytes)
[    0.618850] TCP: Hash tables configured (established 2048 bind 2048)
[    0.619134] UDP hash table entries: 256 (order: 2, 20480 bytes)
[    0.619372] UDP-Lite hash table entries: 256 (order: 2, 20480 bytes)
[    0.620508] NET: Registered protocol family 1
[    0.622969] RPC: Registered named UNIX socket transport module.
[    0.623004] RPC: Registered udp transport module.
[    0.623018] RPC: Registered tcp transport module.
[    0.623032] RPC: Registered tcp NFSv4.1 backchannel transport module.
[    0.626357] hw perfevents: enabled with armv7_cortex_a8 PMU driver, 5 counters available
[    0.632349] futex hash table entries: 256 (order: 2, 16384 bytes)
[    0.632663] audit: initializing netlink subsys (disabled)
[    0.632994] audit: type=2000 audit(0.630:1): initialized
[    0.642618] NFS: Registering the id_resolver key type
[    0.643135] Key type id_resolver registered
[    0.643157] Key type id_legacy registered
[    0.643418] jffs2: version 2.2. (NAND) (SUMMARY)   2001-2006 Red Hat, Inc.
[    0.650526] io scheduler noop registered
[    0.650571] io scheduler deadline registered
[    0.650852] io scheduler cfq registered (default)
[    0.653534] pinctrl-single 44e10800.pinmux: 142 pins at pa f9e10800 size 568
[    0.656892] Serial: 8250/16550 driver, 4 ports, IRQ sharing enabled
[    0.664859] omap_uart 44e09000.serial: no wakeirq for uart0
[    0.665651] 44e09000.serial: ttyO0 at MMIO 0x44e09000 (irq = 158, base_baud = 3000000) is a OMAP UART0
[    1.355361] console [ttyO0] enabled
[    1.409575] brd: module loaded
[    1.443131] loop: module loaded
[    1.449648] mtdoops: mtd device (mtddev=name/number) must be supplied
[    1.520816] davinci_mdio 4a101000.mdio: davinci mdio revision 1.6
[    1.527214] davinci_mdio 4a101000.mdio: detected phy mask fffffffe
[    1.538660] libphy: 4a101000.mdio: probed
[    1.543073] davinci_mdio 4a101000.mdio: phy[0]: device 4a101000.mdio:00, driver SMSC LAN8710/LAN8720
[    1.554408] cpsw 4a100000.ethernet: Detected MACID = 78:c5:e5:d9:d6:06
[    1.568108] mousedev: PS/2 mouse device common for all mice
[    1.574162] i2c /dev entries driver
[    1.580063] omap_hsmmc 48060000.mmc: Got CD GPIO
[    1.588974] ledtrig-cpu: registered to indicate activity on CPUs
[    1.596937] oprofile: using arm/armv7
[    1.601873] Initializing XFRM netlink socket
[    1.606854] NET: Registered protocol family 10
[    1.616170] sit: IPv6 over IPv4 tunneling driver
[    1.624358] NET: Registered protocol family 17
[    1.629132] NET: Registered protocol family 15
[    1.634496] Key type dns_resolver registered
[    1.639298] omap_voltage_late_init: Voltage driver support not added
[    1.646048] sr_dev_init: No voltage domain specified for smartreflex0. Cannot initialize
[    1.654548] sr_dev_init: No voltage domain specified for smartreflex1. Cannot initialize
[    1.664534] ThumbEE CPU extension supported.
[    1.669061] Registering SWP/SWPB emulation handler
[    1.674193] SmartReflex Class3 initialized
[    1.725473] tps65217 0-0024: TPS65217 ID 0xf version 1.2
[    1.731936] omap_i2c 44e0b000.i2c: bus 0 rev0.11 at 400 kHz
[    1.743500] omap_i2c 4819c000.i2c: bus 2 rev0.11 at 100 kHz
[    1.750903] omap_hsmmc 48060000.mmc: Got CD GPIO
[    1.756305] omap_hsmmc 48060000.mmc: omap_device: omap_device_enable() called from invalid state 1
[    1.769109] hctosys: unable to open rtc device (rtc0)
[    1.774596] sr_init: No PMIC hook to init smartreflex
[    1.780187] sr_init: platform driver register failed for SR
[    1.815009] net eth0: initializing cpsw version 1.12 (0)
[    1.823325] SMSC LAN8710/LAN8720 4a101000.mdio:00: attached PHY driver [SMSC LAN8710/LAN8720] (mii_bus:phy_addr=4a101000.mdio:00, irq=-1)
[    1.836477] libphy: PHY 4a101000.mdio:01 not found
[    1.841544] net eth0: phy 4a101000.mdio:01 not found on slave 1
[    1.857397] IPv6: ADDRCONF(NETDEV_UP): eth0: link is not ready
[    4.841415] cpsw 4a100000.ethernet eth0: Link is Up - 100Mbps/Full - flow control rx/tx
[    4.850383] IPv6: ADDRCONF(NETDEV_CHANGE): eth0: link becomes ready
[    4.861779] Sending DHCP requests ., OK
[    4.882513] IP-Config: Got DHCP answer from 192.168.0.1, my address is 192.168.0.111
[    4.891365] IP-Config: Complete:
[    4.894758]      device=eth0, hwaddr=78:c5:e5:d9:d6:06, ipaddr=192.168.0.111, mask=255.255.255.0, gw=192.168.0.1
[    4.905459]      host=192.168.0.111, domain=ti.com, nis-domain=(none)
[    4.912221]      bootserver=0.0.0.0, rootserver=0.0.0.0, rootpath=     nameserver0=192.0.2.2, nameserver1=192.0.2.3
[    4.923301] platform 48060000.mmc: omap_device_late_idle: enabled but no driver.  Idling
[    4.931958] vmmcsd_fixed: disabling
[    4.940152] Waiting for root device PARTUUID=00000000-02...
[  138.151145] random: nonblocking pool is initialized
- 04:37:58 [INFO] Boot attempt 1/1 failed
- 04:37:58 [INFO] Collecting kernel traces via sysrq...
- 04:38:08 [INFO] [  207.411222] sysrq: SysRq : Show State
[  207.415126]   task                PC stack   pid father
[  207.420638] swapper/0       D c075d5a0     0     1      0 0x00000000
[  207.427389] [<c075d5a0>] (__schedule) from [<c075dcdc>] (schedule+0x44/0x9c)
[  207.434826] [<c075dcdc>] (schedule) from [<c0761d38>] (schedule_timeout+0x140/0x240)
[  207.443005] [<c0761d38>] (schedule_timeout) from [<c01a7338>] (msleep+0x2c/0x38)
[  207.450811] [<c01a7338>] (msleep) from [<c0b016e4>] (prepare_namespace+0x114/0x1c8)
[  207.458885] [<c0b016e4>] (prepare_namespace) from [<c0b00f5c>] (kernel_init_freeable+0x290/0x2e4)
[  207.468234] [<c0b00f5c>] (kernel_init_freeable) from [<c075c240>] (kernel_init+0x8/0xf4)
[  207.476770] [<c075c240>] (kernel_init) from [<c01078d0>] (ret_from_fork+0x14/0x24)
[  207.484680] kthreadd        S c075d5a0     0     2      0 0x00000000
[  207.491349] [<c075d5a0>] (__schedule) from [<c075dcdc>] (schedule+0x44/0x9c)
[  207.498722] [<c075dcdc>] (schedule) from [<c0155634>] (kthreadd+0x228/0x250)
[  207.506093] [<c0155634>] (kthreadd) from [<c01078d0>] (ret_from_fork+0x14/0x24)
[  207.513729] ksoftirqd/0     S c075d5a0     0     3      2 0x00000000
[  207.520394] [<c075d5a0>] (__schedule) from [<c075dcdc>] (schedule+0x44/0x9c)
[  207.527774] [<c075dcdc>] (schedule) from [<c0158498>] (smpboot_thread_fn+0xd0/0x194)
[  207.535870] [<c0158498>] (smpboot_thread_fn) from [<c0154c78>] (kthread+0xd4/0xf0)
[  207.543785] [<c0154c78>] (kthread) from [<c01078d0>] (ret_from_fork+0x14/0x24)
[  207.551332] kworker/0:0     S c075d5a0     0     4      2 0x00000000
[  207.558017] [<c075d5a0>] (__schedule) from [<c075dcdc>] (schedule+0x44/0x9c)
[  207.565395] [<c075dcdc>] (schedule) from [<c014ef54>] (worker_thread+0xa4/0x4e8)
[  207.573128] [<c014ef54>] (worker_thread) from [<c0154c78>] (kthread+0xd4/0xf0)
[  207.580678] [<c0154c78>] (kthread) from [<c01078d0>] (ret_from_fork+0x14/0x24)
[  207.588224] kworker/0:0H    S c075d5a0     0     5      2 0x00000000
[  207.594897] [<c075d5a0>] (__schedule) from [<c075dcdc>] (schedule+0x44/0x9c)
[  207.602268] [<c075dcdc>] (schedule) from [<c014ef54>] (worker_thread+0xa4/0x4e8)
[  207.610002] [<c014ef54>] (worker_thread) from [<c0154c78>] (kthread+0xd4/0xf0)
[  207.617549] [<c0154c78>] (kthread) from [<c01078d0>] (ret_from_fork+0x14/0x24)
[  207.625092] kworker/u2:0    S c075d5a0     0     6      2 0x00000000
[  207.631756] [<c075d5a0>] (__schedule) from [<c075dcdc>] (schedule+0x44/0x9c)
[  207.639119] [<c075dcdc>] (schedule) from [<c014ef54>] (worker_thread+0xa4/0x4e8)
[  207.646843] [<c014ef54>] (worker_thread) from [<c0154c78>] (kthread+0xd4/0xf0)
[  207.654394] [<c0154c78>] (kthread) from [<c01078d0>] (ret_from_fork+0x14/0x24)
[  207.661936] rcu_sched       S c075d5a0     0     7      2 0x00000000
[  207.668601] [<c075d5a0>] (__schedule) from [<c075dcdc>] (schedule+0x44/0x9c)
[  207.675970] [<c075dcdc>] (schedule) from [<c01a14c8>] (rcu_gp_kthread+0x44/0x824)
[  207.683791] [<c01a14c8>] (rcu_gp_kthread) from [<c0154c78>] (kthread+0xd4/0xf0)
[  207.691425] [<c0154c78>] (kthread) from [<c01078d0>] (ret_from_fork+0x14/0x24)
[  207.698967] rcu_bh          S c075d5a0     0     8      2 0x00000000
[  207.705630] [<c075d5a0>] (__schedule) from [<c075dcdc>] (schedule+0x44/0x9c)
[  207.712999] [<c075dcdc>] (schedule) from [<c01a14c8>] (rcu_gp_kthread+0x44/0x824)
[  207.720821] [<c01a14c8>] (rcu_gp_kthread) from [<c0154c78>] (kthread+0xd4/0xf0)
[  207.728459] [<c0154c78>] (kthread) from [<c01078d0>] (ret_from_fork+0x14/0x24)
[  207.736001] migration/0     S c075d5a0     0     9      2 0x00000000
[  207.742662] [<c075d5a0>] (__schedule) from [<c075dcdc>] (schedule+0x44/0x9c)
[  207.750027] [<c075dcdc>] (schedule) from [<c0158498>] (smpboot_thread_fn+0xd0/0x194)
[  207.758121] [<c0158498>] (smpboot_thread_fn) from [<c0154c78>] (kthread+0xd4/0xf0)
[  207.766032] [<c0154c78>] (kthread) from [<c01078d0>] (ret_from_fork+0x14/0x24)
[  207.773572] kdevtmpfs       S c075d5a0     0    10      2 0x00000000
[  207.780233] [<c075d5a0>] (__schedule) from [<c075dcdc>] (schedule+0x44/0x9c)
[  207.787603] [<c075dcdc>] (schedule) from [<c04f7fa8>] (devtmpfsd+0x2bc/0x2e8)
[  207.795063] [<c04f7fa8>] (devtmpfsd) from [<c0154c78>] (kthread+0xd4/0xf0)
[  207.802252] [<c0154c78>] (kthread) from [<c01078d0>] (ret_from_fork+0x14/0x24)
[  207.809797] netns           S c075d5a0     0    11      2 0x00000000
[  207.816471] [<c075d5a0>] (__schedule) from [<c075dcdc>] (schedule+0x44/0x9c)
[  207.823837] [<c075dcdc>] (schedule) from [<c014f628>] (rescuer_thread+0x290/0x308)
[  207.831746] [<c014f628>] (rescuer_thread) from [<c0154c78>] (kthread+0xd4/0xf0)
[  207.839388] [<c0154c78>] (kthread) from [<c01078d0>] (ret_from_fork+0x14/0x24)
[  207.846930] oom_reaper      S c075d5a0     0    12      2 0x00000000
[  207.853594] [<c075d5a0>] (__schedule) from [<c075dcdc>] (schedule+0x44/0x9c)
[  207.860970] [<c075dcdc>] (schedule) from [<c02218c8>] (oom_reaper+0xe4/0x13c)
[  207.868493] [<c02218c8>] (oom_reaper) from [<c0154c78>] (kthread+0xd4/0xf0)
[  207.875831] [<c0154c78>] (kthread) from [<c01078d0>] (ret_from_fork+0x14/0x24)
[  207.883368] kworker/0:1     S c075d5a0     0    13      2 0x00000000
[  207.890035] [<c075d5a0>] (__schedule) from [<c075dcdc>] (schedule+0x44/0x9c)
[  207.897401] [<c075dcdc>] (schedule) from [<c014ef54>] (worker_thread+0xa4/0x4e8)
[  207.905131] [<c014ef54>] (worker_thread) from [<c0154c78>] (kthread+0xd4/0xf0)
[  207.912680] [<c0154c78>] (kthread) from [<c01078d0>] (ret_from_fork+0x14/0x24)
[  207.920225] writeback       S c075d5a0     0    14      2 0x00000000
[  207.926892] [<c075d5a0>] (__schedule) from [<c075dcdc>] (schedule+0x44/0x9c)
[  207.934261] [<c075dcdc>] (schedule) from [<c014f628>] (rescuer_thread+0x290/0x308)
[  207.942174] [<c014f628>] (rescuer_thread) from [<c0154c78>] (kthread+0xd4/0xf0)
[  207.949815] [<c0154c78>] (kthread) from [<c01078d0>] (ret_from_fork+0x14/0x24)
[  207.957359] crypto          S c075d5a0     0    15      2 0x00000000
[  207.964025] [<c075d5a0>] (__schedule) from [<c075dcdc>] (schedule+0x44/0x9c)
[  207.971390] [<c075dcdc>] (schedule) from [<c014f628>] (rescuer_thread+0x290/0x308)
[  207.979297] [<c014f628>] (rescuer_thread) from [<c0154c78>] (kthread+0xd4/0xf0)
[  207.986934] [<c0154c78>] (kthread) from [<c01078d0>] (ret_from_fork+0x14/0x24)
[  207.994476] bioset          S c075d5a0     0    16      2 0x00000000
[  208.001139] [<c075d5a0>] (__schedule) from [<c075dcdc>] (schedule+0x44/0x9c)
[  208.008507] [<c075dcdc>] (schedule) from [<c014f628>] (rescuer_thread+0x290/0x308)
[  208.016419] [<c014f628>] (rescuer_thread) from [<c0154c78>] (kthread+0xd4/0xf0)
[  208.024057] [<c0154c78>] (kthread) from [<c01078d0>] (ret_from_fork+0x14/0x24)
[  208.031599] kblockd         S c075d5a0     0    17      2 0x00000000
[  208.038264] [<c075d5a0>] (__schedule) from [<c075dcdc>] (schedule+0x44/0x9c)
[  208.045628] [<c075dcdc>] (schedule) from [<c014f628>] (rescuer_thread+0x290/0x308)
[  208.053536] [<c014f628>] (rescuer_thread) from [<c0154c78>] (kthread+0xd4/0xf0)
[  208.061175] [<c0154c78>] (kthread) from [<c01078d0>] (ret_from_fork+0x14/0x24)
[  208.068714] ata_sff         S c075d5a0     0    18      2 0x00000000
[  208.075383] [<c075d5a0>] (__schedule) from [<c075dcdc>] (schedule+0x44/0x9c)
[  208.082746] [<c075dcdc>] (schedule) from [<c014f628>] (rescuer_thread+0x290/0x308)
[  208.090653] [<c014f628>] (rescuer_thread) from [<c0154c78>] (kthread+0xd4/0xf0)
[  208.098290] [<c0154c78>] (kthread) from [<c01078d0>] (ret_from_fork+0x14/0x24)
[  208.105830] rpciod          S c075d5a0     0    19      2 0x00000000
[  208.112495] [<c075d5a0>] (__schedule) from [<c075dcdc>] (schedule+0x44/0x9c)
[  208.119863] [<c075dcdc>] (schedule) from [<c014f628>] (rescuer_thread+0x290/0x308)
[  208.127770] [<c014f628>] (rescuer_thread) from [<c0154c78>] (kthread+0xd4/0xf0)
[  208.135406] [<c0154c78>] (kthread) from [<c01078d0>] (ret_from_fork+0x14/0x24)
[  208.142946] kswapd0         S c075d5a0     0    20      2 0x00000000
[  208.149603] [<c075d5a0>] (__schedule) from [<c075dcdc>] (schedule+0x44/0x9c)
[  208.156978] [<c075dcdc>] (schedule) from [<c0237274>] (kswapd+0x9f8/0xa60)
[  208.164160] [<c0237274>] (kswapd) from [<c0154c78>] (kthread+0xd4/0xf0)
[  208.171072] [<c0154c78>] (kthread) from [<c01078d0>] (ret_from_fork+0x14/0x24)
[  208.178612] vmstat          S c075d5a0     0    21      2 0x00000000
[  208.185280] [<c075d5a0>] (__schedule) from [<c075dcdc>] (schedule+0x44/0x9c)
[  208.192642] [<c075dcdc>] (schedule) from [<c014f628>] (rescuer_thread+0x290/0x308)
[  208.200548] [<c014f628>] (rescuer_thread) from [<c0154c78>] (kthread+0xd4/0xf0)
[  208.208184] [<c0154c78>] (kthread) from [<c01078d0>] (ret_from_fork+0x14/0x24)
[  208.215722] nfsiod          S c075d5a0     0    22      2 0x00000000
[  208.222389] [<c075d5a0>] (__schedule) from [<c075dcdc>] (schedule+0x44/0x9c)
[  208.229756] [<c075dcdc>] (schedule) from [<c014f628>] (rescuer_thread+0x290/0x308)
[  208.237664] [<c014f628>] (rescuer_thread) from [<c0154c78>] (kthread+0xd4/0xf0)
[  208.245298] [<c0154c78>] (kthread) from [<c01078d0>] (ret_from_fork+0x14/0x24)
[  208.252837] bioset          S c075d5a0     0    33      2 0x00000000
[  208.259501] [<c075d5a0>] (__schedule) from [<c075dcdc>] (schedule+0x44/0x9c)
[  208.266865] [<c075dcdc>] (schedule) from [<c014f628>] (rescuer_thread+0x290/0x308)
[  208.274773] [<c014f628>] (rescuer_thread) from [<c0154c78>] (kthread+0xd4/0xf0)
[  208.282406] [<c0154c78>] (kthread) from [<c01078d0>] (ret_from_fork+0x14/0x24)
[  208.289943] bioset          S c075d5a0     0    34      2 0x00000000
[  208.296606] [<c075d5a0>] (__schedule) from [<c075dcdc>] (schedule+0x44/0x9c)
[  208.303971] [<c075dcdc>] (schedule) from [<c014f628>] (rescuer_thread+0x290/0x308)
[  208.311877] [<c014f628>] (rescuer_thread) from [<c0154c78>] (kthread+0xd4/0xf0)
[  208.319511] [<c0154c78>] (kthread) from [<c01078d0>] (ret_from_fork+0x14/0x24)
[  208.327053] bioset          S c075d5a0     0    35      2 0x00000000
[  208.333720] [<c075d5a0>] (__schedule) from [<c075dcdc>] (schedule+0x44/0x9c)
[  208.341088] [<c075dcdc>] (schedule) from [<c014f628>] (rescuer_thread+0x290/0x308)
[  208.348998] [<c014f628>] (rescuer_thread) from [<c0154c78>] (kthread+0xd4/0xf0)
[  208.356636] [<c0154c78>] (kthread) from [<c01078d0>] (ret_from_fork+0x14/0x24)
[  208.364176] bioset          S c075d5a0     0    36      2 0x00000000
[  208.370842] [<c075d5a0>] (__schedule) from [<c075dcdc>] (schedule+0x44/0x9c)
[  208.378208] [<c075dcdc>] (schedule) from [<c014f628>] (rescuer_thread+0x290/0x308)
[  208.386118] [<c014f628>] (rescuer_thread) from [<c0154c78>] (kthread+0xd4/0xf0)
[  208.393754] [<c0154c78>] (kthread) from [<c01078d0>] (ret_from_fork+0x14/0x24)
[  208.401295] bioset          S c075d5a0     0    37      2 0x00000000
[  208.407961] [<c075d5a0>] (__schedule) from [<c075dcdc>] (schedule+0x44/0x9c)
[  208.415329] [<c075dcdc>] (schedule) from [<c014f628>] (rescuer_thread+0x290/0x308)
[  208.423237] [<c014f628>] (rescuer_thread) from [<c0154c78>] (kthread+0xd4/0xf0)
[  208.430872] [<c0154c78>] (kthread) from [<c01078d0>] (ret_from_fork+0x14/0x24)
[  208.438413] bioset          S c075d5a0     0    38      2 0x00000000
[  208.445081] [<c075d5a0>] (__schedule) from [<c075dcdc>] (schedule+0x44/0x9c)
[  208.452447] [<c075dcdc>] (schedule) from [<c014f628>] (rescuer_thread+0x290/0x308)
[  208.460355] [<c014f628>] (rescuer_thread) from [<c0154c78>] (kthread+0xd4/0xf0)
[  208.467991] [<c0154c78>] (kthread) from [<c01078d0>] (ret_from_fork+0x14/0x24)
[  208.475530] bioset          S c075d5a0     0    39      2 0x00000000
[  208.482194] [<c075d5a0>] (__schedule) from [<c075dcdc>] (schedule+0x44/0x9c)
[  208.489558] [<c075dcdc>] (schedule) from [<c014f628>] (rescuer_thread+0x290/0x308)
[  208.497466] [<c014f628>] (rescuer_thread) from [<c0154c78>] (kthread+0xd4/0xf0)
[  208.505103] [<c0154c78>] (kthread) from [<c01078d0>] (ret_from_fork+0x14/0x24)
[  208.512641] bioset          S c075d5a0     0    40      2 0x00000000
[  208.519305] [<c075d5a0>] (__schedule) from [<c075dcdc>] (schedule+0x44/0x9c)
[  208.526672] [<c075dcdc>] (schedule) from [<c014f628>] (rescuer_thread+0x290/0x308)
[  208.534579] [<c014f628>] (rescuer_thread) from [<c0154c78>] (kthread+0xd4/0xf0)
[  208.542216] [<c0154c78>] (kthread) from [<c01078d0>] (ret_from_fork+0x14/0x24)
[  208.549757] bioset          S c075d5a0     0    41      2 0x00000000
[  208.556424] [<c075d5a0>] (__schedule) from [<c075dcdc>] (schedule+0x44/0x9c)
[  208.563790] [<c075dcdc>] (schedule) from [<c014f628>] (rescuer_thread+0x290/0x308)
[  208.571698] [<c014f628>] (rescuer_thread) from [<c0154c78>] (kthread+0xd4/0xf0)
[  208.579335] [<c0154c78>] (kthread) from [<c01078d0>] (ret_from_fork+0x14/0x24)
[  208.586876] bioset          S c075d5a0     0    42      2 0x00000000
[  208.593542] [<c075d5a0>] (__schedule) from [<c075dcdc>] (schedule+0x44/0x9c)
[  208.600909] [<c075dcdc>] (schedule) from [<c014f628>] (rescuer_thread+0x290/0x308)
[  208.608820] [<c014f628>] (rescuer_thread) from [<c0154c78>] (kthread+0xd4/0xf0)
[  208.616456] [<c0154c78>] (kthread) from [<c01078d0>] (ret_from_fork+0x14/0x24)
[  208.623995] bioset          S c075d5a0     0    43      2 0x00000000
[  208.630661] [<c075d5a0>] (__schedule) from [<c075dcdc>] (schedule+0x44/0x9c)
[  208.638026] [<c075dcdc>] (schedule) from [<c014f628>] (rescuer_thread+0x290/0x308)
[  208.645934] [<c014f628>] (rescuer_thread) from [<c0154c78>] (kthread+0xd4/0xf0)
[  208.653571] [<c0154c78>] (kthread) from [<c01078d0>] (ret_from_fork+0x14/0x24)
[  208.661110] bioset          S c075d5a0     0    44      2 0x00000000
[  208.667775] [<c075d5a0>] (__schedule) from [<c075dcdc>] (schedule+0x44/0x9c)
[  208.675139] [<c075dcdc>] (schedule) from [<c014f628>] (rescuer_thread+0x290/0x308)
[  208.683046] [<c014f628>] (rescuer_thread) from [<c0154c78>] (kthread+0xd4/0xf0)
[  208.690683] [<c0154c78>] (kthread) from [<c01078d0>] (ret_from_fork+0x14/0x24)
[  208.698221] bioset          S c075d5a0     0    45      2 0x00000000
[  208.704887] [<c075d5a0>] (__schedule) from [<c075dcdc>] (schedule+0x44/0x9c)
[  208.712251] [<c075dcdc>] (schedule) from [<c014f628>] (rescuer_thread+0x290/0x308)
[  208.720160] [<c014f628>] (rescuer_thread) from [<c0154c78>] (kthread+0xd4/0xf0)
[  208.727796] [<c0154c78>] (kthread) from [<c01078d0>] (ret_from_fork+0x14/0x24)
[  208.735335] bioset          S c075d5a0     0    46      2 0x00000000
[  208.742000] [<c075d5a0>] (__schedule) from [<c075dcdc>] (schedule+0x44/0x9c)
[  208.749365] [<c075dcdc>] (schedule) from [<c014f628>] (rescuer_thread+0x290/0x308)
[  208.757273] [<c014f628>] (rescuer_thread) from [<c0154c78>] (kthread+0xd4/0xf0)
[  208.764910] [<c0154c78>] (kthread) from [<c01078d0>] (ret_from_fork+0x14/0x24)
[  208.772450] bioset          S c075d5a0     0    47      2 0x00000000
[  208.779117] [<c075d5a0>] (__schedule) from [<c075dcdc>] (schedule+0x44/0x9c)
[  208.786483] [<c075dcdc>] (schedule) from [<c014f628>] (rescuer_thread+0x290/0x308)
[  208.794391] [<c014f628>] (rescuer_thread) from [<c0154c78>] (kthread+0xd4/0xf0)
[  208.802027] [<c0154c78>] (kthread) from [<c01078d0>] (ret_from_fork+0x14/0x24)
[  208.809568] bioset          S c075d5a0     0    48      2 0x00000000
[  208.816235] [<c075d5a0>] (__schedule) from [<c075dcdc>] (schedule+0x44/0x9c)
[  208.823602] [<c075dcdc>] (schedule) from [<c014f628>] (rescuer_thread+0x290/0x308)
[  208.831509] [<c014f628>] (rescuer_thread) from [<c0154c78>] (kthread+0xd4/0xf0)
[  208.839146] [<c0154c78>] (kthread) from [<c01078d0>] (ret_from_fork+0x14/0x24)
[  208.846688] bioset          S c075d5a0     0    49      2 0x00000000
[  208.853354] [<c075d5a0>] (__schedule) from [<c075dcdc>] (schedule+0x44/0x9c)
[  208.860720] [<c075dcdc>] (schedule) from [<c014f628>] (rescuer_thread+0x290/0x308)
[  208.868628] [<c014f628>] (rescuer_thread) from [<c0154c78>] (kthread+0xd4/0xf0)
[  208.876263] [<c0154c78>] (kthread) from [<c01078d0>] (ret_from_fork+0x14/0x24)
[  208.883801] bioset          S c075d5a0     0    50      2 0x00000000
[  208.890466] [<c075d5a0>] (__schedule) from [<c075dcdc>] (schedule+0x44/0x9c)
[  208.897833] [<c075dcdc>] (schedule) from [<c014f628>] (rescuer_thread+0x290/0x308)
[  208.905740] [<c014f628>] (rescuer_thread) from [<c0154c78>] (kthread+0xd4/0xf0)
[  208.913378] [<c0154c78>] (kthread) from [<c01078d0>] (ret_from_fork+0x14/0x24)
[  208.920916] bioset          S c075d5a0     0    51      2 0x00000000
[  208.927582] [<c075d5a0>] (__schedule) from [<c075dcdc>] (schedule+0x44/0x9c)
[  208.934946] [<c075dcdc>] (schedule) from [<c014f628>] (rescuer_thread+0x290/0x308)
[  208.942856] [<c014f628>] (rescuer_thread) from [<c0154c78>] (kthread+0xd4/0xf0)
[  208.950493] [<c0154c78>] (kthread) from [<c01078d0>] (ret_from_fork+0x14/0x24)
[  208.958030] bioset          S c075d5a0     0    52      2 0x00000000
[  208.964697] [<c075d5a0>] (__schedule) from [<c075dcdc>] (schedule+0x44/0x9c)
[  208.972064] [<c075dcdc>] (schedule) from [<c014f628>] (rescuer_thread+0x290/0x308)
[  208.979974] [<c014f628>] (rescuer_thread) from [<c0154c78>] (kthread+0xd4/0xf0)
[  208.987610] [<c0154c78>] (kthread) from [<c01078d0>] (ret_from_fork+0x14/0x24)
[  208.995150] bioset          S c075d5a0     0    53      2 0x00000000
[  209.001818] [<c075d5a0>] (__schedule) from [<c075dcdc>] (schedule+0x44/0x9c)
[  209.009185] [<c075dcdc>] (schedule) from [<c014f628>] (rescuer_thread+0x290/0x308)
[  209.017093] [<c014f628>] (rescuer_thread) from [<c0154c78>] (kthread+0xd4/0xf0)
[  209.024732] [<c0154c78>] (kthread) from [<c01078d0>] (ret_from_fork+0x14/0x24)
[  209.032273] bioset          S c075d5a0     0    54      2 0x00000000
[  209.038940] [<c075d5a0>] (__schedule) from [<c075dcdc>] (schedule+0x44/0x9c)
[  209.046305] [<c075dcdc>] (schedule) from [<c014f628>] (rescuer_thread+0x290/0x308)
[  209.054213] [<c014f628>] (rescuer_thread) from [<c0154c78>] (kthread+0xd4/0xf0)
[  209.061851] [<c0154c78>] (kthread) from [<c01078d0>] (ret_from_fork+0x14/0x24)
[  209.069390] bioset          S c075d5a0     0    55      2 0x00000000
[  209.076059] [<c075d5a0>] (__schedule) from [<c075dcdc>] (schedule+0x44/0x9c)
[  209.083424] [<c075dcdc>] (schedule) from [<c014f628>] (rescuer_thread+0x290/0x308)
[  209.091331] [<c014f628>] (rescuer_thread) from [<c0154c78>] (kthread+0xd4/0xf0)
[  209.098967] [<c0154c78>] (kthread) from [<c01078d0>] (ret_from_fork+0x14/0x24)
[  209.106504] bioset          S c075d5a0     0    56      2 0x00000000
[  209.113169] [<c075d5a0>] (__schedule) from [<c075dcdc>] (schedule+0x44/0x9c)
[  209.120535] [<c075dcdc>] (schedule) from [<c014f628>] (rescuer_thread+0x290/0x308)
[  209.128443] [<c014f628>] (rescuer_thread) from [<c0154c78>] (kthread+0xd4/0xf0)
[  209.136080] [<c0154c78>] (kthread) from [<c01078d0>] (ret_from_fork+0x14/0x24)
[  209.143623] kworker/u2:1    S c075d5a0     0    57      2 0x00000000
[  209.150293] [<c075d5a0>] (__schedule) from [<c075dcdc>] (schedule+0x44/0x9c)
[  209.157658] [<c075dcdc>] (schedule) from [<c014ef54>] (worker_thread+0xa4/0x4e8)
[  209.165383] [<c014ef54>] (worker_thread) from [<c0154c78>] (kthread+0xd4/0xf0)
[  209.172928] [<c0154c78>] (kthread) from [<c01078d0>] (ret_from_fork+0x14/0x24)
[  209.180466] ipv6_addrconf   S c075d5a0     0    59      2 0x00000000
[  209.187132] [<c075d5a0>] (__schedule) from [<c075dcdc>] (schedule+0x44/0x9c)
[  209.194497] [<c075dcdc>] (schedule) from [<c014f628>] (rescuer_thread+0x290/0x308)
[  209.202407] [<c014f628>] (rescuer_thread) from [<c0154c78>] (kthread+0xd4/0xf0)
[  209.210043] [<c0154c78>] (kthread) from [<c01078d0>] (ret_from_fork+0x14/0x24)
[  209.217582] deferwq         S c075d5a0     0    60      2 0x00000000
[  209.224249] [<c075d5a0>] (__schedule) from [<c075dcdc>] (schedule+0x44/0x9c)
[  209.231614] [<c075dcdc>] (schedule) from [<c014f628>] (rescuer_thread+0x290/0x308)
[  209.239522] [<c014f628>] (rescuer_thread) from [<c0154c78>] (kthread+0xd4/0xf0)
[  209.247158] [<c0154c78>] (kthread) from [<c01078d0>] (ret_from_fork+0x14/0x24)
[  209.254698] irq/159-44e0b00 S c075d5a0     0    61      2 0x00000000
[  209.261357] [<c075d5a0>] (__schedule) from [<c075dcdc>] (schedule+0x44/0x9c)
[  209.268727] [<c075dcdc>] (schedule) from [<c0196228>] (irq_thread+0xb0/0x1fc)
[  209.276183] [<c0196228>] (irq_thread) from [<c0154c78>] (kthread+0xd4/0xf0)
[  209.283458] [<c0154c78>] (kthread) from [<c01078d0>] (ret_from_fork+0x14/0x24)
[  209.290998] irq/160-4819c00 S c075d5a0     0    62      2 0x00000000
[  209.297655] [<c075d5a0>] (__schedule) from [<c075dcdc>] (schedule+0x44/0x9c)
[  209.305020] [<c075dcdc>] (schedule) from [<c0196228>] (irq_thread+0xb0/0x1fc)
[  209.312474] [<c0196228>] (irq_thread) from [<c0154c78>] (kthread+0xd4/0xf0)
[  209.319747] [<c0154c78>] (kthread) from [<c01078d0>] (ret_from_fork+0x14/0x24)
[  209.327288] kworker/0:2     S c075d5a0     0    63      2 0x00000000
[  209.333955] [<c075d5a0>] (__schedule) from [<c075dcdc>] (schedule+0x44/0x9c)
[  209.341321] [<c075dcdc>] (schedule) from [<c014ef54>] (worker_thread+0xa4/0x4e8)
[  209.349046] [<c014ef54>] (worker_thread) from [<c0154c78>] (kthread+0xd4/0xf0)
[  209.356591] [<c0154c78>] (kthread) from [<c01078d0>] (ret_from_fork+0x14/0x24)
[  209.364165] Sched Debug Version: v0.11, 4.5.0-rc1-next-20160201-00002-g912c0c169151 #1
[  209.372430] ktime                                   : 209363.577649
[  209.378972] sched_clk                               : 209364.156991
[  209.385516] cpu_clk                                 : 209364.157491
[  209.392059] jiffies                                 : 4294958037
[  209.398326] 
[  209.399880] sysctl_sched
[  209.402523]   .sysctl_sched_latency                    : 6.000000
[  209.408885]   .sysctl_sched_min_granularity            : 0.750000
[  209.415243]   .sysctl_sched_wakeup_granularity         : 1.000000
[  209.421603]   .sysctl_sched_child_runs_first           : 0
[  209.427328]   .sysctl_sched_features                   : 44859
[  209.433417]   .sysctl_sched_tunable_scaling            : 1 (logaritmic)
[  209.440318] 
[  209.441873] cpu#0
[  209.443881]   .nr_running                    : 0
[  209.448701]   .load                          : 0
[  209.453519]   .nr_switches                   : 6118
[  209.458610]   .nr_load_updates               : 2775
[  209.463699]   .nr_uninterruptible            : 1
[  209.468519]   .next_balance                  : 4294.937296
[  209.474242]   .curr->pid                     : 0
[  209.479060]   .clock                         : 207400.723707
[  209.484969]   .clock_task                    : 207400.723707
[  209.490873]   .cpu_load[0]                   : 0
[  209.495693]   .cpu_load[1]                   : 0
[  209.500511]   .cpu_load[2]                   : 0
[  209.505328]   .cpu_load[3]                   : 0
[  209.510145]   .cpu_load[4]                   : 0
[  209.514961]   .yld_count                     : 0
[  209.519779]   .sched_count                   : 6119
[  209.524870]   .sched_goidle                  : 2599
[  209.529960]   .avg_idle                      : 1000000
[  209.535323]   .max_idle_balance_cost         : 500000
[  209.540596]   .ttwu_count                    : 3438
[  209.545688]   .ttwu_local                    : 3438
[  209.551217] 
[  209.551217] cfs_rq[0]:/
[  209.555326]   .exec_clock                    : 2121.652747
[  209.561071]   .MIN_vruntime                  : 0.000001
[  209.566526]   .min_vruntime                  : 1930.480933
[  209.572252]   .max_vruntime                  : 0.000001
[  209.577705]   .spread                        : 0.000000
[  209.583160]   .spread0                       : 0.000000
[  209.588615]   .nr_spread_over                : 19
[  209.593524]   .nr_running                    : 0
[  209.598343]   .load                          : 0
[  209.603162]   .load_avg                      : 2
[  209.607980]   .runnable_load_avg             : 0
[  209.612797]   .util_avg                      : 3
[  209.617614]   .removed_load_avg              : 0
[  209.622431]   .removed_util_avg              : 0
[  209.627248]   .tg_load_avg_contrib           : 0
[  209.632066]   .tg_load_avg                   : 0
[  209.636884]   .throttled                     : 0
[  209.641704]   .throttle_count                : 0
[  209.646531] 
[  209.646531] rt_rq[0]:/
[  209.650537]   .rt_nr_running                 : 0
[  209.655355]   .rt_throttled                  : 0
[  209.660175]   .rt_time                       : 0.000000
[  209.665629]   .rt_runtime                    : 950.000000
[  209.671263] 
[  209.671263] dl_rq[0]:
[  209.675176]   .dl_nr_running                 : 0
[  209.679993] 
[  209.679993] runnable tasks:
[  209.679993]             task   PID         tree-key  switches  prio     wait-time             sum-exec        sum-sleep
[  209.679993] ----------------------------------------------------------------------------------------------------------
[  209.706843]        swapper/0     1      1930.480933      2192   120        67.982072      1801.092889    205366.340331 /
[  209.718238]         kthreadd     2      1687.128890        60   120         5.344669        11.400285      1919.444497 /
[  209.729623]      ksoftirqd/0     3      1925.605851        43   120         7.715043         2.374291    204933.942134 /
[  209.741009]      kworker/0:0     4      1689.664014         9   120        61.296540         2.313251      1871.532494 /
[  209.752397]     kworker/0:0H     5       493.814838         4   100         1.678917         0.126833       511.873831 /
[  209.763778]     kworker/u2:0     6      1927.841392        52   120        89.639793        56.818497    206903.273211 /
[  209.775161]        rcu_sched     7      1927.694599       374   120       308.708456        36.893958    206945.544044 /
[  209.786548]           rcu_bh     8        16.365609         2   120         0.300542         0.051792         0.049583 /
[  209.797931]      migration/0     9         0.000000         4     0         0.051000         0.425126         0.050708 /
[  209.809314]        kdevtmpfs    10      1595.198722       121   120         2.654544        24.633244      1712.039122 /
[  209.820696]            netns    11        67.484278         2   100         1.773624         7.830709         0.055167 /
[  209.832079]       oom_reaper    12        -3.000000         2     0         0.916250         0.163208         0.039875 /
[  209.843464]      kworker/0:1    13      1701.284606        44   120       190.189955        19.557878      4273.566358 /
[  209.854848]        writeback    14       272.283361         2   100         1.652333         0.072834         0.059875 /
[  209.866232]           crypto    15       274.311710         2   100         0.908500         0.070500         0.058125 /
[  209.877618]           bioset    16       276.336297         2   100         0.581500         0.063250         0.057375 /
[  209.889003]          kblockd    17       278.373357         2   100        33.305625         0.081916         0.052125 /
[  209.900387]          ata_sff    18       305.408800         2   100         7.953084         0.114167         0.049458 /
[  209.911772]           rpciod    19       500.978717         2   100        13.821583         0.201333         0.053417 /
[  209.923157]          kswapd0    20       626.005916         3   120         0.611291         0.466502        98.381290 /
[  209.934542]           vmstat    21       520.778763         2   100         3.281625         0.086625         0.064250 /
[  209.945928]           nfsiod    22       524.403225         2   100         3.655958         0.081042         0.060375 /
[  209.957314]           bioset    33      1257.400448         2   100         1.030166         0.085292         0.067167 /
[  209.968700]           bioset    34      1259.420365         2   100         0.849334         0.067416         0.056583 /
[  209.980083]           bioset    35      1261.443438         2   100         0.531250         0.059917         0.052292 /
[  209.991469]           bioset    36      1263.466615         2   100         0.748750         0.060250         0.048375 /
[  210.002854]           bioset    37      1265.491063         2   100         0.490583         0.060959         0.053333 /
[  210.014240]           bioset    38      1267.515475         2   100         0.588167         0.059708         0.047667 /
[  210.025626]           bioset    39      1269.538595         2   100         0.480334         0.058207         0.050000 /
[  210.037012]           bioset    40      1271.563629         2   100         0.525916         0.058292         0.046459 /
[  210.048398]           bioset    41      1273.586805         2   100         0.473709         0.057208         0.048708 /
[  210.059783]           bioset    42      1275.611550         2   100         0.495499         0.057834         0.048292 /
[  210.071166]           bioset    43      1277.638963         2   100         0.832416         0.064792         0.048375 /
[  210.082549]           bioset    44      1279.666449         2   100         0.723375         0.067083         0.055709 /
[  210.093934]           bioset    45      1281.687968         2   100         0.540125         0.061750         0.056000 /
[  210.105322]           bioset    46      1283.712463         2   100         0.533791         0.059417         0.049709 /
[  210.116706]           bioset    47      1285.736675         2   100         0.493625         0.058958         0.048542 /
[  210.128093]           bioset    48      1287.771299         2   100         5.539124         0.079792         0.047542 /
[  210.139479]           bioset    49      1326.536745         2   100         4.422584         0.086750         0.071666 /
[  210.150865]           bioset    50      1328.577710         2   100         1.629542         0.089000         0.364666 /
[  210.162250]           bioset    51      1333.416840         2   100         3.134916         0.071875         0.056292 /
[  210.173633]           bioset    52      1335.441970         2   100         3.147292         0.068667         0.058916 /
[  210.185016]           bioset    53      1337.469662         2   100         1.606500         0.069208         0.264834 /
[  210.196400]           bioset    54      1341.729966         2   100         3.151958         0.069917         0.056750 /
[  210.207781]           bioset    55      1343.758960         2   100         3.223958         0.069583         0.056959 /
[  210.219163]           bioset    56      1345.840331         2   100        38.285583         0.139167         0.059375 /
[  210.230549]     kworker/u2:1    57      1553.474681         4   120         2.250999         0.142834       187.268541 /
[  210.241932]    ipv6_addrconf    59      1471.062951         2   100        65.162417         0.197957         0.054917 /
[  210.253317]          deferwq    60      1546.026055         2   100         2.237874         0.087876         0.067375 /
[  210.264699]  irq/159-44e0b00    61         0.000000        51    49         0.074209         3.410958         0.000000 /
[  210.276079]  irq/160-4819c00    62         0.000000         2    49         0.019083         0.103333         0.000000 /
[  210.287462]      kworker/0:2    63      1927.598600       461   120        73.898126       153.792743    204851.394556 /
[  210.298847] 
[  210.300405] 
[  210.300405] Showing all locks held in the system:
[  210.306880] 
[  210.308435] =============================================
[  210.308435] 
[  210.315616] Showing busy workqueues and worker pools:
- 04:38:18 [INFO] [  217.671531] sysrq: SysRq : Show backtrace of all active CPUs
[  217.677539] Sending NMI to all CPUs:
[  217.681310] NMI backtrace for cpu 0
[  217.684994] CPU: 0 PID: 0 Comm: swapper/0 Not tainted 4.5.0-rc1-next-20160201-00002-g912c0c169151 #1
[  217.694613] Hardware name: Generic AM33XX (Flattened Device Tree)
[  217.701073] [<c010fd44>] (unwind_backtrace) from [<c010c078>] (show_stack+0x10/0x14)
[  217.709168] [<c010c078>] (show_stack) from [<c04580e4>] (dump_stack+0x84/0x9c)
[  217.716723] [<c04580e4>] (dump_stack) from [<c045bae4>] (nmi_cpu_backtrace+0x7c/0x88)
[  217.724912] [<c045bae4>] (nmi_cpu_backtrace) from [<c010d9a0>] (raise_nmi+0x60/0x70)
[  217.733009] [<c010d9a0>] (raise_nmi) from [<c045bbb0>] (nmi_trigger_all_cpu_backtrace+0xc0/0xf4)
[  217.742201] [<c045bbb0>] (nmi_trigger_all_cpu_backtrace) from [<c04cdc14>] (__handle_sysrq+0xd4/0x248)
[  217.751934] [<c04cdc14>] (__handle_sysrq) from [<c04e7a94>] (serial_omap_irq+0x374/0x3bc)
[  217.760488] [<c04e7a94>] (serial_omap_irq) from [<c0194e94>] (handle_irq_event_percpu+0x54/0x200)
[  217.769761] [<c0194e94>] (handle_irq_event_percpu) from [<c0195078>] (handle_irq_event+0x38/0x5c)
[  217.779034] [<c0195078>] (handle_irq_event) from [<c01980fc>] (handle_level_irq+0xb8/0x14c)
[  217.787762] [<c01980fc>] (handle_level_irq) from [<c0194528>] (generic_handle_irq+0x20/0x34)
[  217.796578] [<c0194528>] (generic_handle_irq) from [<c019481c>] (__handle_domain_irq+0x64/0xe0)
[  217.805677] [<c019481c>] (__handle_domain_irq) from [<c0762c78>] (__irq_svc+0x58/0x78)
[  217.813962] [<c0762c78>] (__irq_svc) from [<c010831c>] (arch_cpu_idle+0x20/0x3c)
[  217.821709] [<c010831c>] (arch_cpu_idle) from [<c017c9f8>] (cpu_startup_entry+0x288/0x310)
[  217.830353] [<c017c9f8>] (cpu_startup_entry) from [<c0b00c44>] (start_kernel+0x388/0x410)
[  217.838903] [<c0b00c44>] (start_kernel) from [<8000807c>] (0x8000807c)
[  217.845736] Unable to handle kernel NULL pointer dereference at virtual address 00000000
[  217.854187] pgd = c0004000
[  217.857012] [00000000] *pgd=00000000
[  217.860768] Internal error: Oops: 80000005 [#1] SMP ARM
[  217.866227] Modules linked in:
[  217.869425] CPU: 0 PID: 0 Comm: swapper/0 Not tainted 4.5.0-rc1-next-20160201-00002-g912c0c169151 #1
[  217.878958] Hardware name: Generic AM33XX (Flattened Device Tree)
[  217.885322] task: c0c06b40 ti: c0c00000 task.ti: c0c00000
[  217.890956] PC is at 0x0
[  217.893604] LR is at nmi_trigger_all_cpu_backtrace+0xc0/0xf4
[  217.899515] pc : [<00000000>]    lr : [<c045bbb0>]    psr: 20000193
[  217.899515] sp : c0c01e60  ip : 00000000  fp : c0cbee5c
[  217.911495] r10: 00000061  r9 : 00000000  r8 : 00000007
[  217.916949] r7 : 00000000  r6 : c010d940  r5 : c0c037fc  r4 : 00000001
[  217.923763] r3 : 00000000  r2 : 00000000  r1 : 00000007  r0 : c0c037fc
[  217.930581] Flags: nzCv  IRQs off  FIQs on  Mode SVC_32  ISA ARM  Segment none
[  217.938122] Control: 10c5387d  Table: 80004019  DAC: 00000051
[  217.944124] Process swapper/0 (pid: 0, stack limit = 0xc0c00218)
[  217.950396] Stack: (0xc0c01e60 to 0xc0c02000)
[  217.954953] 1e60: c0c84558 c0c42bfc 0000006c 00000001 00000007 c04cdc14 00000000 00000000
[  217.963500] 1e80: c04cdb40 c04fba94 cdb29010 00000101 00000000 00000002 00000005 c04e7a94
[  217.972047] 1ea0: 00000000 c0199d64 00000000 cdd08f00 cd940560 cd940510 0000009e 00000001
[  217.980594] 1ec0: 00000000 c0cbee48 c0cbee5c c0194e94 60000193 00000000 00000000 cd940500
[  217.989141] 1ee0: cd940560 cd940500 cd940560 cd940510 00000000 00000001 cd814000 c0c035e4
[  217.997689] 1f00: c0cbf3fc c0195078 cd940500 cd940560 cd940510 c01980fc c0b6f8e8 0000009e
[  218.006236] 1f20: c0c035e4 c0194528 c0b6f8e8 c019481c c010831c 20000013 ffffffff c0c01f84
[  218.014782] 1f40: c0cbf3fc c0c029cc c0c035e4 c0762c78 00000001 00000001 00000000 c0c06b40
[  218.023323] 1f60: 00000000 c0c00000 c0c02a30 00000000 c0cbf3fc c0c029cc c0c035e4 c0cbf3fc
[  218.031870] 1f80: 00000000 c0c01fa0 c01875bc c010831c 20000013 ffffffff 00000051 c0108318
[  218.040420] 1fa0: 00000000 c017c9f8 c0b6b4e4 c0b70a80 c0cc4000 c0c02900 00000000 c0b00c44
[  218.048968] 1fc0: ffffffff ffffffff 00000000 c0b00678 00000000 c0b50a48 c0cc4214 c0c029ac
[  218.057514] 1fe0: c0b50a44 c0c08790 80004059 413fc082 00000000 8000807c 00000000 00000000
[  218.066067] [<c045bbb0>] (nmi_trigger_all_cpu_backtrace) from [<c04cdc14>] (__handle_sysrq+0xd4/0x248)
[  218.075791] [<c04cdc14>] (__handle_sysrq) from [<c04e7a94>] (serial_omap_irq+0x374/0x3bc)
[  218.084338] [<c04e7a94>] (serial_omap_irq) from [<c0194e94>] (handle_irq_event_percpu+0x54/0x200)
[  218.093611] [<c0194e94>] (handle_irq_event_percpu) from [<c0195078>] (handle_irq_event+0x38/0x5c)
[  218.102886] [<c0195078>] (handle_irq_event) from [<c01980fc>] (handle_level_irq+0xb8/0x14c)
[  218.111613] [<c01980fc>] (handle_level_irq) from [<c0194528>] (generic_handle_irq+0x20/0x34)
[  218.120434] [<c0194528>] (generic_handle_irq) from [<c019481c>] (__handle_domain_irq+0x64/0xe0)
[  218.129528] [<c019481c>] (__handle_domain_irq) from [<c0762c78>] (__irq_svc+0x58/0x78)
[  218.137804] [<c0762c78>] (__irq_svc) from [<c010831c>] (arch_cpu_idle+0x20/0x3c)
[  218.145538] [<c010831c>] (arch_cpu_idle) from [<c017c9f8>] (cpu_startup_entry+0x288/0x310)
[  218.154176] [<c017c9f8>] (cpu_startup_entry) from [<c0b00c44>] (start_kernel+0x388/0x410)
[  218.162718] [<c0b00c44>] (start_kernel) from [<8000807c>] (0x8000807c)
[  218.169538] Code: bad PC value
[  218.172745] ---[ end trace 524c4102bf46e98a ]---
[  218.177572] Kernel panic - not syncing: Fatal exception in interrupt
[  218.184223] ---[ end Kernel panic - not syncing: Fatal exception in interrupt
- 04:38:29 [INFO] 
- 04:38:29 [INFO] Disconnected serial from beaglebone
URL:gtsystest.telogy.design.ti.com/vatf/tigtfarm03/tigtfarm03_vatf@bbw1/tigtfarm0302_01_2016_04_34_04/files/session_iteration_1/test_1
