- 05:31:24 [INFO] Starting target session
- 05:31:25 [INFO] Connected to beagleboard-vanilla via serial 
- 05:31:25 [INFO] Host: 
- 05:31:26 [INFO] Target: 

root@GenericOMAP3-GP(FlattenedDeviceTree):/test# 
- 05:31:26 [INFO] Host: sync;poweroff
- 05:31:44 [INFO] Target: 
sync;poweroff


Broadcast message from root@GenericOMAP3-GP(FlattenedDeviceTree) (ttyO2) (Sun
The system is going down for system halt NOW!


INIT: Swi
INIT: Sending processes the TERM signal

root@GenericOMAP3-GP(FlattenedDeviceTree):/test# 
INIT: Sending prStopping Dropbear SSH server: stopped /usr/sbin/dropbear (pid 616)
dropbear.
Stopping telnet daemon.
Stopping system message bus: Error opening /dev/fb0: No such file or directory
Stopping syslogd/klogd: stopped syslogd (pid 628)
no klogd found; none killed
Stopping thttpd.
ALSA: Storing mixer settings...
/usr/sbin/alsactl: save_state:1580: No soundcards found...
Deconfiguring network interfaces... ifdown: interface eth0 not configured
done.
Stopping Lighttpd Web Server: stopped /usr/sbin/lighttpd (pid 641)
lighttpd.
***************************************************************
***************************************************************
NOTICE: This file system contains the followin GPLv3 packages:
	binutils-symlinks
	binutils
	gdbserver
	parted

If you do not wish to distribute GPLv3 components please remove
the above packages prior to distribution.  This can be done using
the opkg remove command.  i.e.:
    opkg remove <package>
Where <package> is the name printed in the list above

NOTE: If the package is a dependency of another package you
      will be notified of the dependent packages.  You should
      use the --force-removal-of-dependent-packages option to
      also remove the dependent packages as well
***************************************************************
***************************************************************
Sending all processes the TERM signal...
Sending all processes the KILL signal...
Unmounting remote filesystems...
Deactivating swap...
Unmounting local filesystems...
[83883.868499] EXT4-fs (mmcblk0p2): re-mounted. Opts: data=ordered
[83886.017700] reboot: System halted

- 05:32:07 [INFO] Disconnected {"type"=>"serial"} from beagleboard-vanilla
- 05:32:07 [INFO] Host: 
- 05:32:08 [INFO] Target: 
*** Warning - bad CRC, using default environment

Beagle Rev C1/C2/C3
Timed out in wait_for_event: status=0000
Check if pads/pull-ups of bus 1 are properly configured
No EEPROM on expansion board
Die ID #0a8600030000000004013f780600a00e
Net:   usb_ether
Hit any key to stop autoboot:  1  0 
U-Boot# 
- 05:32:08 [INFO] Host: 
- 05:32:08 [INFO] Target: 

U-Boot# 
- 05:32:08 [INFO] Host: version
- 05:32:09 [INFO] Target: 
version

U-Boot 2014.04-00071-g8543283 (Apr 22 2014 - 15:49:50)
arm-linux-gnueabi-gcc (Ubuntu/Linaro 4.6.3-1ubuntu5) 4.6.3
GNU ld (GNU Binutils for Ubuntu) 2.22
U-Boot# 
- 05:32:09 [INFO] Host: setenv bootargs 'console=ttyO2,115200n8  earlyprintk rootwait '
- 05:32:09 [INFO] Target: 
setenv bootargs 'console=ttyO2,115200n8  earlyprintk rootwait '
U-Boot# 
- 05:32:09 [INFO] Host: setenv bootcmd  ''
- 05:32:10 [INFO] Target: 
setenv bootcmd  ''
U-Boot# 
- 05:32:10 [INFO] Host: setenv autoload 'no'
- 05:32:11 [INFO] Target: 
setenv autoload 'no'
U-Boot# 
- 05:32:11 [INFO] Host: setenv serverip '128.247.105.47'
- 05:32:11 [INFO] Target: 
setenv serverip '128.247.105.47'
U-Boot# 
- 05:32:11 [INFO] Host: printenv
- 05:32:12 [INFO] Target: 
printenv
arch=arm
autoload=no
baudrate=115200
beaglerev=Cx
board=beagle
board_name=beagle
bootargs=console=ttyO2,115200n8  earlyprintk rootwait 
bootcmd=
bootdelay=1
bootdir=/boot
bootenv=uEnv.txt
bootfile=uImage
bootm_size=0x08000000
bootpart=0:2
buddy=none
camera=none
console=ttyO2,115200n8
cpu=armv7
defaultdisplay=dvi
dieid#=0a8600030000000004013f780600a00e
dvimode=640x480MR-16@60
ethact=usb_ether
fdtaddr=0x80f80000
findfdt=if test $beaglerev = AxBx; then setenv fdtfile omap3-beagle.dtb; fi; if test $beaglerev = Cx; then setenv fdtfile omap3-beagle.dtb; fi; if test $beaglerev = C4; then setenv fdtfile omap3-beagle.dtb; fi; if test $beaglerev = xMAB; then setenv fdtfile omap3-beagle-xm.dtb; fi; if test $beaglerev = xMC; then setenv fdtfile omap3-beagle-xm.dtb; fi; if test $fdtfile = undefined; then echo WARNING: Could not determine device tree to use; fi; 
importbootenv=echo Importing environment from mmc ...; env import -t $loadaddr $filesize
loadaddr=0x80200000
loadbootenv=fatload mmc ${mmcdev} ${loadaddr} ${bootenv}
loadfdt=load mmc ${bootpart} ${fdtaddr} ${bootdir}/${fdtfile}
loadimage=load mmc ${bootpart} ${loadaddr} ${bootdir}/${bootfile}
loadramdisk=load mmc ${bootpart} ${rdaddr} ${bootdir}/${ramdisk}
mmcargs=setenv bootargs console=${console} ${optargs} mpurate=${mpurate} buddy=${buddy} camera=${camera} vram=${vram} omapfb.mode=dvi:${dvimode} omapdss.def_disp=${defaultdisplay} root=${mmcroot} rootfstype=${mmcrootfstype}
mmcboot=echo Booting from mmc ...; run mmcargs; bootm ${loadaddr}
mmcbootz=echo Booting with DT from mmc${mmcdev} ...; run mmcargs; bootz ${loadaddr} - ${fdtaddr}
mmcdev=0
mmcroot=/dev/mmcblk0p2 rw
mmcrootfstype=ext3 rootwait
mpurate=auto
nandargs=setenv bootargs console=${console} ${optargs} mpurate=${mpurate} buddy=${buddy} camera=${camera} vram=${vram} omapfb.mode=dvi:${dvimode} omapdss.def_disp=${defaultdisplay} root=${nandroot} rootfstype=${nandrootfstype}
nandboot=echo Booting from nand ...; run nandargs; nand read ${loadaddr} 280000 400000; bootm ${loadaddr}
nandroot=ubi0:rootfs ubi.mtd=4
nandrootfstype=ubifs
ramargs=setenv bootargs console=${console} ${optargs} mpurate=${mpurate} buddy=${buddy} vram=${vram} omapfb.mode=dvi:${dvimode} omapdss.def_disp=${defaultdisplay} root=${ramroot} rootfstype=${ramrootfstype}
ramboot=echo Booting from ramdisk ...; run ramargs; bootm ${loadaddr}
ramdisk=ramdisk.gz
ramroot=/dev/ram0 rw ramdisk_size=65536 initrd=0x81000000,64M
ramrootfstype=ext2
rdaddr=0x81000000
serverip=128.247.105.47
soc=omap3
stderr=serial
stdin=serial
stdout=serial
usbtty=cdc_acm
userbutton=if gpio input 173; then run userbutton_xm; else run userbutton_nonxm; fi;
userbutton_nonxm=gpio input 7;
userbutton_xm=gpio input 4;
vendor=ti
ver=U-Boot 2014.04-00071-g8543283 (Apr 22 2014 - 15:49:50)
vram=12M

Environment size: 2895/131068 bytes
U-Boot# 
- 05:32:12 [INFO] Host: dcache off
- 05:32:12 [INFO] Target: 
dcache off
U-Boot# 
- 05:32:12 [INFO] Host: usb start
- 05:32:13 [INFO] Target: 
usb start
(Re)start USB...
USB0:   USB EHCI 1.00
scanning bus 0 for devices... 1 USB Device(s) found
       scanning usb for storage devices... 0 Storage Device(s) found
       scanning usb for ethernet devices... 0 Ethernet Device(s) found
U-Boot# 
- 05:32:13 [INFO] Host: printenv
- 05:32:14 [INFO] Target: 
printenv
arch=arm
autoload=no
baudrate=115200
beaglerev=Cx
board=beagle
board_name=beagle
bootargs=console=ttyO2,115200n8  earlyprintk rootwait 
bootcmd=
bootdelay=1
bootdir=/boot
bootenv=uEnv.txt
bootfile=uImage
bootm_size=0x08000000
bootpart=0:2
buddy=none
camera=none
console=ttyO2,115200n8
cpu=armv7
defaultdisplay=dvi
dieid#=0a8600030000000004013f780600a00e
dvimode=640x480MR-16@60
ethact=usb_ether
fdtaddr=0x80f80000
findfdt=if test $beaglerev = AxBx; then setenv fdtfile omap3-beagle.dtb; fi; if test $beaglerev = Cx; then setenv fdtfile omap3-beagle.dtb; fi; if test $beaglerev = C4; then setenv fdtfile omap3-beagle.dtb; fi; if test $beaglerev = xMAB; then setenv fdtfile omap3-beagle-xm.dtb; fi; if test $beaglerev = xMC; then setenv fdtfile omap3-beagle-xm.dtb; fi; if test $fdtfile = undefined; then echo WARNING: Could not determine device tree to use; fi; 
importbootenv=echo Importing environment from mmc ...; env import -t $loadaddr $filesize
loadaddr=0x80200000
loadbootenv=fatload mmc ${mmcdev} ${loadaddr} ${bootenv}
loadfdt=load mmc ${bootpart} ${fdtaddr} ${bootdir}/${fdtfile}
loadimage=load mmc ${bootpart} ${loadaddr} ${bootdir}/${bootfile}
loadramdisk=load mmc ${bootpart} ${rdaddr} ${bootdir}/${ramdisk}
mmcargs=setenv bootargs console=${console} ${optargs} mpurate=${mpurate} buddy=${buddy} camera=${camera} vram=${vram} omapfb.mode=dvi:${dvimode} omapdss.def_disp=${defaultdisplay} root=${mmcroot} rootfstype=${mmcrootfstype}
mmcboot=echo Booting from mmc ...; run mmcargs; bootm ${loadaddr}
mmcbootz=echo Booting with DT from mmc${mmcdev} ...; run mmcargs; bootz ${loadaddr} - ${fdtaddr}
mmcdev=0
mmcroot=/dev/mmcblk0p2 rw
mmcrootfstype=ext3 rootwait
mpurate=auto
nandargs=setenv bootargs console=${console} ${optargs} mpurate=${mpurate} buddy=${buddy} camera=${camera} vram=${vram} omapfb.mode=dvi:${dvimode} omapdss.def_disp=${defaultdisplay} root=${nandroot} rootfstype=${nandrootfstype}
nandboot=echo Booting from nand ...; run nandargs; nand read ${loadaddr} 280000 400000; bootm ${loadaddr}
nandroot=ubi0:rootfs ubi.mtd=4
nandrootfstype=ubifs
ramargs=setenv bootargs console=${console} ${optargs} mpurate=${mpurate} buddy=${buddy} vram=${vram} omapfb.mode=dvi:${dvimode} omapdss.def_disp=${defaultdisplay} root=${ramroot} rootfstype=${ramrootfstype}
ramboot=echo Booting from ramdisk ...; run ramargs; bootm ${loadaddr}
ramdisk=ramdisk.gz
ramroot=/dev/ram0 rw ramdisk_size=65536 initrd=0x81000000,64M
ramrootfstype=ext2
rdaddr=0x81000000
serverip=128.247.105.47
soc=omap3
stderr=serial
stdin=serial
stdout=serial
usbtty=cdc_acm
userbutton=if gpio input 173; then run userbutton_xm; else run userbutton_nonxm; fi;
userbutton_nonxm=gpio input 7;
userbutton_xm=gpio input 4;
vendor=ti
ver=U-Boot 2014.04-00071-g8543283 (Apr 22 2014 - 15:49:50)
vram=12M

Environment size: 2895/131068 bytes
U-Boot# 
- 05:32:14 [INFO] Host: setenv bootargs ''${bootargs}' ip=dhcp '
- 05:32:14 [INFO] Target: 
setenv bootargs ''${bootargs}' ip=dhcp '
U-Boot# 
- 05:32:14 [INFO] Host: setenv ipaddr dhcp
- 05:32:15 [INFO] Target: 
setenv ipaddr dhcp
U-Boot# 
- 05:32:15 [INFO] Host: dhcp
- 05:32:15 [INFO] Target: 
dhcp
ERROR: Need valid 'usbnet_devaddr' to be set
at drivers/usb/gadget/ether.c:2362/usb_eth_init()
U-Boot# 
- 05:32:16 [INFO] Disconnected serial from beagleboard-vanilla
- 05:39:15 [INFO] Connected to beagleboard-vanilla via serial 
- 05:39:16 [INFO] Disconnected serial from beagleboard-vanilla
- 05:39:27 [INFO] Connected to beagleboard-vanilla via serial 
- 05:39:27 [INFO] Host: printenv
- 05:39:28 [INFO] Target: 
## Total Size      = 0x0000ee33 = 60979 Bytes
U-Boot# printenv
arch=arm
autoload=no
baudrate=115200
beaglerev=Cx
board=beagle
board_name=beagle
bootargs=console=ttyO2,115200n8  earlyprintk rootwait  ip=dhcp 
bootcmd=
bootdelay=1
bootdir=/boot
bootenv=uEnv.txt
bootfile=uImage
bootm_size=0x08000000
bootpart=0:2
buddy=none
camera=none
console=ttyO2,115200n8
cpu=armv7
defaultdisplay=dvi
dieid#=0a8600030000000004013f780600a00e
dvimode=640x480MR-16@60
ethact=usb_ether
fdtaddr=0x80f80000
filesize=ee33
findfdt=if test $beaglerev = AxBx; then setenv fdtfile omap3-beagle.dtb; fi; if test $beaglerev = Cx; then setenv fdtfile omap3-beagle.dtb; fi; if test $beaglerev = C4; then setenv fdtfile omap3-beagle.dtb; fi; if test $beaglerev = xMAB; then setenv fdtfile omap3-beagle-xm.dtb; fi; if test $beaglerev = xMC; then setenv fdtfile omap3-beagle-xm.dtb; fi; if test $fdtfile = undefined; then echo WARNING: Could not determine device tree to use; fi; 
importbootenv=echo Importing environment from mmc ...; env import -t $loadaddr $filesize
ipaddr=dhcp
loadaddr=0x80200000
loadbootenv=fatload mmc ${mmcdev} ${loadaddr} ${bootenv}
loadfdt=load mmc ${bootpart} ${fdtaddr} ${bootdir}/${fdtfile}
loadimage=load mmc ${bootpart} ${loadaddr} ${bootdir}/${bootfile}
loadramdisk=load mmc ${bootpart} ${rdaddr} ${bootdir}/${ramdisk}
mmcargs=setenv bootargs console=${console} ${optargs} mpurate=${mpurate} buddy=${buddy} camera=${camera} vram=${vram} omapfb.mode=dvi:${dvimode} omapdss.def_disp=${defaultdisplay} root=${mmcroot} rootfstype=${mmcrootfstype}
mmcboot=echo Booting from mmc ...; run mmcargs; bootm ${loadaddr}
mmcbootz=echo Booting with DT from mmc${mmcdev} ...; run mmcargs; bootz ${loadaddr} - ${fdtaddr}
mmcdev=0
mmcroot=/dev/mmcblk0p2 rw
mmcrootfstype=ext3 rootwait
mpurate=auto
nandargs=setenv bootargs console=${console} ${optargs} mpurate=${mpurate} buddy=${buddy} camera=${camera} vram=${vram} omapfb.mode=dvi:${dvimode} omapdss.def_disp=${defaultdisplay} root=${nandroot} rootfstype=${nandrootfstype}
nandboot=echo Booting from nand ...; run nandargs; nand read ${loadaddr} 280000 400000; bootm ${loadaddr}
nandroot=ubi0:rootfs ubi.mtd=4
nandrootfstype=ubifs
ramargs=setenv bootargs console=${console} ${optargs} mpurate=${mpurate} buddy=${buddy} vram=${vram} omapfb.mode=dvi:${dvimode} omapdss.def_disp=${defaultdisplay} root=${ramroot} rootfstype=${ramrootfstype}
ramboot=echo Booting from ramdisk ...; run ramargs; bootm ${loadaddr}
ramdisk=ramdisk.gz
ramroot=/dev/ram0 rw ramdisk_size=65536 initrd=0x81000000,64M
ramrootfstype=ext2
rdaddr=0x81000000
serverip=128.247.105.47
soc=omap3
stderr=serial
stdin=serial
stdout=serial
usbtty=cdc_acm
userbutton=if gpio input 173; then run userbutton_xm; else run userbutton_nonxm; fi;
userbutton_nonxm=gpio input 7;
userbutton_xm=gpio input 4;
vendor=ti
ver=U-Boot 2014.04-00071-g8543283 (Apr 22 2014 - 15:49:50)
vram=12M

Environment size: 2934/131068 bytes
U-Boot# 
- 05:39:28 [INFO] Host: setenv bootargs ''${bootargs}' root=/dev/mmcblk0p2 rw rootfstype=ext3 rootwait '
- 05:39:28 [INFO] Target: 
setenv bootargs ''${bootargs}' root=/dev/mmcblk0p2 rw rootfstype=ext3 rootwait '
U-Boot# 
- 05:39:28 [INFO] Host: printenv
- 05:39:29 [INFO] Target: 
printenv
arch=arm
autoload=no
baudrate=115200
beaglerev=Cx
board=beagle
board_name=beagle
bootargs=console=ttyO2,115200n8  earlyprintk rootwait  ip=dhcp  root=/dev/mmcblk0p2 rw rootfstype=ext3 rootwait 
bootcmd=
bootdelay=1
bootdir=/boot
bootenv=uEnv.txt
bootfile=uImage
bootm_size=0x08000000
bootpart=0:2
buddy=none
camera=none
console=ttyO2,115200n8
cpu=armv7
defaultdisplay=dvi
dieid#=0a8600030000000004013f780600a00e
dvimode=640x480MR-16@60
ethact=usb_ether
fdtaddr=0x80f80000
filesize=ee33
findfdt=if test $beaglerev = AxBx; then setenv fdtfile omap3-beagle.dtb; fi; if test $beaglerev = Cx; then setenv fdtfile omap3-beagle.dtb; fi; if test $beaglerev = C4; then setenv fdtfile omap3-beagle.dtb; fi; if test $beaglerev = xMAB; then setenv fdtfile omap3-beagle-xm.dtb; fi; if test $beaglerev = xMC; then setenv fdtfile omap3-beagle-xm.dtb; fi; if test $fdtfile = undefined; then echo WARNING: Could not determine device tree to use; fi; 
importbootenv=echo Importing environment from mmc ...; env import -t $loadaddr $filesize
ipaddr=dhcp
loadaddr=0x80200000
loadbootenv=fatload mmc ${mmcdev} ${loadaddr} ${bootenv}
loadfdt=load mmc ${bootpart} ${fdtaddr} ${bootdir}/${fdtfile}
loadimage=load mmc ${bootpart} ${loadaddr} ${bootdir}/${bootfile}
loadramdisk=load mmc ${bootpart} ${rdaddr} ${bootdir}/${ramdisk}
mmcargs=setenv bootargs console=${console} ${optargs} mpurate=${mpurate} buddy=${buddy} camera=${camera} vram=${vram} omapfb.mode=dvi:${dvimode} omapdss.def_disp=${defaultdisplay} root=${mmcroot} rootfstype=${mmcrootfstype}
mmcboot=echo Booting from mmc ...; run mmcargs; bootm ${loadaddr}
mmcbootz=echo Booting with DT from mmc${mmcdev} ...; run mmcargs; bootz ${loadaddr} - ${fdtaddr}
mmcdev=0
mmcroot=/dev/mmcblk0p2 rw
mmcrootfstype=ext3 rootwait
mpurate=auto
nandargs=setenv bootargs console=${console} ${optargs} mpurate=${mpurate} buddy=${buddy} camera=${camera} vram=${vram} omapfb.mode=dvi:${dvimode} omapdss.def_disp=${defaultdisplay} root=${nandroot} rootfstype=${nandrootfstype}
nandboot=echo Booting from nand ...; run nandargs; nand read ${loadaddr} 280000 400000; bootm ${loadaddr}
nandroot=ubi0:rootfs ubi.mtd=4
nandrootfstype=ubifs
ramargs=setenv bootargs console=${console} ${optargs} mpurate=${mpurate} buddy=${buddy} vram=${vram} omapfb.mode=dvi:${dvimode} omapdss.def_disp=${defaultdisplay} root=${ramroot} rootfstype=${ramrootfstype}
ramboot=echo Booting from ramdisk ...; run ramargs; bootm ${loadaddr}
ramdisk=ramdisk.gz
ramroot=/dev/ram0 rw ramdisk_size=65536 initrd=0x81000000,64M
ramrootfstype=ext2
rdaddr=0x81000000
serverip=128.247.105.47
soc=omap3
stderr=serial
stdin=serial
stdout=serial
usbtty=cdc_acm
userbutton=if gpio input 173; then run userbutton_xm; else run userbutton_nonxm; fi;
userbutton_nonxm=gpio input 7;
userbutton_xm=gpio input 4;
vendor=ti
ver=U-Boot 2014.04-00071-g8543283 (Apr 22 2014 - 15:49:50)
vram=12M

Environment size: 2983/131068 bytes
U-Boot# 
- 05:39:29 [INFO] Host: setenv bootcmd ''${bootcmd}' if iminfo ${loadaddr}; then bootm ${loadaddr} - ${fdtaddr}; else bootz ${loadaddr} - ${fdtaddr}; bootm ${loadaddr} - ${fdtaddr}; fi'
- 05:39:29 [INFO] Target: 
setenv bootcmd ''${bootcmd}' if iminfo ${loadaddr}; then bootm ${loadaddr} - ${fdtaddr}; else bootz ${loadaddr} - ${fdtaddr}; bootm ${loadaddr} - ${fdtaddr}; fi'
U-Boot# 
- 05:39:29 [INFO] Host: bdinfo
- 05:39:30 [INFO] Target: 
bdinfo
arch_number = 0x0000060A
boot_params = 0x80000100
DRAM bank   = 0x00000000
-> start    = 0x80000000
-> size     = 0x08000000
DRAM bank   = 0x00000001
-> start    = 0x88000000
-> size     = 0x08000000
eth0name    = usb_ether
ethaddr     = (not set)
current eth = usb_ether
ip_addr     = dhcp
baudrate    = 115200 bps
TLB addr    = 0x8FFF0000
relocaddr   = 0x8FF51000
reloc off   = 0x0FE51000
irq_sp      = 0x8FE30ED0
sp start    = 0x8FE30EC0
U-Boot# 
- 05:39:30 [INFO] Host: boot
- 05:40:07 [INFO] Target: 
boot

## Checking Image at 80200000 ...
Unknown image format!
Kernel image @ 0x80200000 [ 0x000000 - 0x425d30 ]
## Flattened Device Tree blob at 80f80000
   Booting using the fdt blob at 0x80f80000
   Loading Device Tree to 87fee000, end 87fffe32 ... OK

Starting kernel ...

[    0.000000] Booting Linux on physical CPU 0x0
[    0.000000] Linux version 3.15.0-next-20140612-00002-g3c683f6 (nmenon@kahuna) (gcc version 4.6.3 (Ubuntu/Linaro 4.6.3-1ubuntu5) ) #1 SMP Thu Jun 12 05:29:12 CDT 2014
[    0.000000] CPU: ARMv7 Processor [411fc083] revision 3 (ARMv7), cr=10c5387d
[    0.000000] CPU: PIPT / VIPT nonaliasing data cache, VIPT nonaliasing instruction cache
[    0.000000] Machine model: TI OMAP3 BeagleBoard
[    0.000000] cma: CMA: reserved 16 MiB at 8e800000
[    0.000000] Memory policy: Data cache writeback
[    0.000000]   HighMem zone: 1048574 pages exceeds freesize 0
[    0.000000] CPU: All CPU(s) started in SVC mode.
[    0.000000] OMAP3430/3530 ES3.0 (l2cache iva sgx neon isp )
[    0.000000] PERCPU: Embedded 9 pages/cpu @cfc7e000 s14336 r8192 d14336 u36864
[    0.000000] Built 1 zonelists in Zone order, mobility grouping on.  Total pages: 64768
[    0.000000] Kernel command line: console=ttyO2,115200n8  earlyprintk rootwait  ip=dhcp  root=/dev/mmcblk0p2 rw rootfstype=ext3 rootwait 
[    0.000000] PID hash table entries: 1024 (order: 0, 4096 bytes)
[    0.000000] Dentry cache hash table entries: 32768 (order: 5, 131072 bytes)
[    0.000000] Inode-cache hash table entries: 16384 (order: 4, 65536 bytes)
[    0.000000] Memory: 224748K/261120K available (5649K kernel code, 685K rwdata, 2196K rodata, 402K init, 8209K bss, 36372K reserved, 0K highmem)
[    0.000000] Virtual kernel memory layout:
[    0.000000]     vector  : 0xffff0000 - 0xffff1000   (   4 kB)
[    0.000000]     fixmap  : 0xffc00000 - 0xffe00000   (2048 kB)
[    0.000000]     vmalloc : 0xd0800000 - 0xff000000   ( 744 MB)
[    0.000000]     lowmem  : 0xc0000000 - 0xd0000000   ( 256 MB)
[    0.000000]     pkmap   : 0xbfe00000 - 0xc0000000   (   2 MB)
[    0.000000]     modules : 0xbf000000 - 0xbfe00000   (  14 MB)
[    0.000000]       .text : 0xc0008000 - 0xc07b1a1c   (7847 kB)
[    0.000000]       .init : 0xc07b2000 - 0xc0816800   ( 402 kB)
[    0.000000]       .data : 0xc0818000 - 0xc08c34f0   ( 686 kB)
[    0.000000]        .bss : 0xc08c34f0 - 0xc10c7a18   (8210 kB)
[    0.000000] Hierarchical RCU implementation.
[    0.000000] 	RCU restricting CPUs from NR_CPUS=2 to nr_cpu_ids=1.
[    0.000000] RCU: Adjusting geometry for rcu_fanout_leaf=16, nr_cpu_ids=1
[    0.000000] NR_IRQS:16 nr_irqs:16 16
[    0.000000] IRQ: Found an INTC at 0xfa200000 (revision 4.0) with 96 interrupts
[    0.000000] Total of 96 interrupts on 1 active controller
[    0.000000] Clocking rate (Crystal/Core/MPU): 26.0/332/600 MHz
[    0.000000] OMAP clockevent source: timer12 at 32768 Hz
[    0.000030] sched_clock: 32 bits at 32kHz, resolution 30517ns, wraps every 65536000000000ns
[    0.000061] OMAP clocksource: 32k_counter at 32768 Hz
[    0.001281] Console: colour dummy device 80x30
[    0.001342] Lock dependency validator: Copyright (c) 2006 Red Hat, Inc., Ingo Molnar
[    0.001373] ... MAX_LOCKDEP_SUBCLASSES:  8
[    0.001373] ... MAX_LOCK_DEPTH:          48
[    0.001403] ... MAX_LOCKDEP_KEYS:        8191
[    0.001434] ... CLASSHASH_SIZE:          4096
[    0.001434] ... MAX_LOCKDEP_ENTRIES:     32768
[    0.001464] ... MAX_LOCKDEP_CHAINS:      65536
[    0.001495] ... CHAINHASH_SIZE:          32768
[    0.001525]  memory used by lock dependency info: 5167 kB
[    0.001525]  per task-struct memory footprint: 1152 bytes
[    0.001617] Calibrating delay loop... 479.23 BogoMIPS (lpj=2396160)
[    0.086486] pid_max: default: 32768 minimum: 301
[    0.087158] Security Framework initialized
[    0.087371] Mount-cache hash table entries: 1024 (order: 0, 4096 bytes)
[    0.087402] Mountpoint-cache hash table entries: 1024 (order: 0, 4096 bytes)
[    0.091094] CPU: Testing write buffer coherency: ok
[    0.092926] CPU0: thread -1, cpu 0, socket -1, mpidr 0
[    0.093109] Setting up static identity map for 0x8055af68 - 0x8055afd8
[    0.098907] Brought up 1 CPUs
[    0.098968] SMP: Total of 1 processors activated.
[    0.098968] CPU: All CPU(s) started in SVC mode.
[    0.103668] devtmpfs: initialized
[    0.116333] VFP support v0.3: implementor 41 architecture 3 part 30 variant c rev 1
[    0.204742] omap_hwmod: mcbsp2_sidetone using broken dt data from mcbsp
[    0.207183] omap_hwmod: mcbsp3_sidetone using broken dt data from mcbsp
[    0.285583] omap_hwmod: mcbsp2: cannot be enabled for reset (3)
[    0.321319] pinctrl core: initialized pinctrl subsystem
[    0.325469] regulator-dummy: no parameters
[    0.432891] NET: Registered protocol family 16
[    0.443695] DMA: preallocated 256 KiB pool for atomic coherent allocations
[    0.447753] cpuidle: using governor ladder
[    0.447845] cpuidle: using governor menu
[    0.458343] Reprogramming SDRC clock to 332000000 Hz
[    0.471038] omap_gpio 48310000.gpio: could not find pctldev for node /ocp/pinmux@48002a00/pinmux_gpio1_pins, deferring probe
[    0.471130] platform 48310000.gpio: Driver omap_gpio requests probe deferral
[    0.475860] OMAP GPIO hardware version 2.5
[    0.502502] platform 49022000.mcbsp: alias fck already exists
[    0.517791] omap-gpmc 6e000000.gpmc: GPMC revision 5.0
[    0.530212] No ATAGs?
[    0.530273] hw-breakpoint: debug architecture 0x4 unsupported.
[    0.534423] OMAP DMA hardware revision 4.0
[    0.582366] edma-dma-engine edma-dma-engine.0: Can't allocate PaRAM dummy slot
[    0.582489] edma-dma-engine: probe of edma-dma-engine.0 failed with error -5
[    0.645538] omap-dma-engine 48056000.dma-controller: OMAP DMA engine driver
[    0.647155] platform hsusb2_power_reg: Driver reg-fixed-voltage requests probe deferral
[    0.653808] SCSI subsystem initialized
[    0.655303] usbcore: registered new interface driver usbfs
[    0.655639] usbcore: registered new interface driver hub
[    0.656890] usbcore: registered new device driver usb
[    0.658020] platform hsusb2_phy: Driver usb_phy_generic requests probe deferral
[    0.835388] omap_i2c 48070000.i2c: bus 0 rev3.3 at 2600 kHz
[    0.838806] omap_i2c 48072000.i2c: bus 1 rev3.3 at 100 kHz
[    0.840667] omap_i2c 48060000.i2c: bus 2 rev3.3 at 100 kHz
[    0.848907] Switched to clocksource 32k_counter
[    1.096160] NET: Registered protocol family 2
[    1.098999] TCP established hash table entries: 2048 (order: 1, 8192 bytes)
[    1.099273] TCP bind hash table entries: 2048 (order: 4, 73728 bytes)
[    1.100402] TCP: Hash tables configured (established 2048 bind 2048)
[    1.100677] TCP: reno registered
[    1.100769] UDP hash table entries: 256 (order: 2, 20480 bytes)
[    1.101104] UDP-Lite hash table entries: 256 (order: 2, 20480 bytes)
[    1.102813] NET: Registered protocol family 1
[    1.105682] RPC: Registered named UNIX socket transport module.
[    1.105743] RPC: Registered udp transport module.
[    1.105834] RPC: Registered tcp transport module.
[    1.105865] RPC: Registered tcp NFSv4.1 backchannel transport module.
[    1.108032] hw perfevents: enabled with ARMv7 Cortex-A8 PMU driver, 5 counters available
[    1.117309] futex hash table entries: 256 (order: 2, 16384 bytes)
[    1.125671] VFS: Disk quotas dquot_6.5.2
[    1.125976] Dquot-cache hash table entries: 1024 (order 0, 4096 bytes)
[    1.130157] NFS: Registering the id_resolver key type
[    1.130767] Key type id_resolver registered
[    1.130859] Key type id_legacy registered
[    1.131072] jffs2: version 2.2. (NAND) (SUMMARY)   2001-2006 Red Hat, Inc.
[    1.131866] msgmni has been set to 470
[    1.140289] io scheduler noop registered
[    1.140350] io scheduler deadline registered
[    1.140472] io scheduler cfq registered (default)
[    1.145446] pinctrl-single 48002030.pinmux: 284 pins at pa fa002030 size 568
[    1.146362] pinctrl-single 48002a00.pinmux: 46 pins at pa fa002a00 size 92
[    1.147766] pinctrl-single 480025d8.pinmux: 18 pins at pa fa0025d8 size 36
[    1.151794] pbias_mmc_omap2430: 1800 <--> 3000 mV at 3000 mV 
[    1.154479] Serial: 8250/16550 driver, 4 ports, IRQ sharing enabled
[    1.166046] omap_uart 4806a000.serial: no wakeirq for uart0
[    1.166931] 4806a000.serial: ttyO0 at MMIO 0x4806a000 (irq = 88, base_baud = 3000000) is a OMAP UART0
[    1.171630] omap_uart 4806c000.serial: no wakeirq for uart0
[    1.172119] 4806c000.serial: ttyO1 at MMIO 0x4806c000 (irq = 89, base_baud = 3000000) is a OMAP UART1
[    1.175506] omap_uart 49020000.serial: no wakeirq for uart0
[    1.176025] 49020000.serial: ttyO2 at MMIO 0x49020000 (irq = 90, base_baud = 3000000) is a OMAP UART2
[    1.961212] console [ttyO2] enabled
[    2.017456] brd: module loaded
[    2.052642] loop: module loaded
[    2.079010] twl 0-0048: PIH (irq 23) chaining IRQs 306..314
[    2.085571] twl 0-0048: power (irq 311) chaining IRQs 314..321
[    2.105010] VAUX1: at 3000 mV 
[    2.116180] vdd_ehci: 1800 mV 
[    2.124176] VAUX3: at 2800 mV 
[    2.132781] VAUX4: at 2800 mV 
[    2.140960] VDD1: 600 <--> 1450 mV at 1200 mV 
[    2.151214] VDAC: 1800 mV 
[    2.165649] VIO: at 1800 mV 
[    2.174713] VINTANA1: 1500 mV 
[    2.184204] VINTANA2: at 2750 mV 
[    2.193786] VINTDIG: 1500 mV 
[    2.201171] VMMC1: 1850 <--> 3150 mV at 3150 mV 
[    2.211730] VMMC2: 1850 <--> 3150 mV at 2600 mV 
[    2.221160] VUSB1V5: 1500 mV 
[    2.227539] VUSB1V8: 1800 mV 
[    2.234710] VUSB3V1: 3100 mV 
[    2.244995] VPLL1: at 1800 mV 
[    2.254730] VPLL2: 1800 mV 
[    2.262847] VSIM: 1800 <--> 3000 mV at 1800 mV 
[    2.272735] twl4030_gpio twl4030-gpio: gpio (irq 306) chaining IRQs 322..339
[    2.298492] mtdoops: mtd device (mtddev=name/number) must be supplied
[    2.320709] usbcore: registered new interface driver asix
[    2.326690] usbcore: registered new interface driver ax88179_178a
[    2.333404] usbcore: registered new interface driver cdc_ether
[    2.339965] usbcore: registered new interface driver smsc95xx
[    2.346252] usbcore: registered new interface driver net1080
[    2.352508] usbcore: registered new interface driver cdc_subset
[    2.359039] usbcore: registered new interface driver zaurus
[    2.365234] usbcore: registered new interface driver cdc_ncm
[    2.387359] usbcore: registered new interface driver cdc_wdm
[    2.393920] usbcore: registered new interface driver usb-storage
[    2.400695] usbcore: registered new interface driver usbtest
[    2.413940] mousedev: PS/2 mouse device common for all mice
[    2.421661] twl4030_keypad 48070000.i2c:twl@48:keypad: OF: linux,keymap property not defined in /ocp/i2c@48070000/twl@48/keypad
[    2.433837] twl4030_keypad 48070000.i2c:twl@48:keypad: Failed to build keymap
[    2.441528] twl4030_keypad: probe of 48070000.i2c:twl@48:keypad failed with error -2
[    2.457977] input: twl4030_pwrbutton as /devices/68000000.ocp/48070000.i2c/i2c-0/0-0048/48070000.i2c:twl@48:pwrbutton/input/input1
[    2.480804] twl_rtc 48070000.i2c:twl@48:rtc: Power up reset detected.
[    2.490234] twl_rtc 48070000.i2c:twl@48:rtc: Enabling TWL-RTC
[    2.507263] twl_rtc 48070000.i2c:twl@48:rtc: rtc core: registered 48070000.i2c:twl@48 as rtc0
[    2.521209] i2c /dev entries driver
[    2.530822] Driver for 1-wire Dallas network protocol.
[    2.544525] omap_wdt: OMAP Watchdog Timer Rev 0x31: initial timeout 60 sec
[    2.570617] omap_hsmmc 4809c000.mmc: pins are not configured from the driver
[    2.630432] ledtrig-cpu: registered to indicate activity on CPUs
[    2.637725] usbcore: registered new interface driver usbhid
[    2.643707] usbhid: USB HID core driver
[    2.650787] oprofile: using arm/armv7
[    2.655639] TCP: cubic registered
[    2.659332] Initializing XFRM netlink socket
[    2.664031] NET: Registered protocol family 17
[    2.668945] NET: Registered protocol family 15
[    2.674163] Key type dns_resolver registered
[    2.679199] omap2_set_init_voltage: unable to find boot up OPP for vdd_mpu_iva
[    2.686828] omap2_set_init_voltage: unable to set vdd_mpu_iva
[    2.692962] omap2_set_init_voltage: unable to find boot up OPP for vdd_core
[    2.700683] omap2_set_init_voltage: unable to set vdd_core
[    2.709503] PM: no software I/O chain control; some wakeups may be lost
[    2.719390] ThumbEE CPU extension supported.
[    2.723968] Registering SWP/SWPB emulation handler
[    2.729125] SmartReflex Class3 initialized
[    2.762634] hsusb2_vbus: 3300 mV 
[    2.775207] input: gpio_keys as /devices/gpio_keys/input/input2
[    2.789123] twl_rtc 48070000.i2c:twl@48:rtc: setting system clock to 2000-01-01 00:00:00 UTC (946684800)
[    2.799255] sr_init: No PMIC hook to init smartreflex
[    2.805267] smartreflex smartreflex.0: omap_sr_probe: SmartReflex driver initialized
[    2.814758] smartreflex smartreflex.0: omap_sr_probe: smartreflex_mpu_iva: No Voltage table for the corresponding vdd. Cannot create debugfs entries for n-values
[    2.830596] smartreflex: probe of smartreflex.0 failed with error -61
[    2.837677] smartreflex smartreflex.1: omap_sr_probe: SmartReflex driver initialized
[    2.846130] smartreflex smartreflex.1: omap_sr_probe: smartreflex_core: No Voltage table for the corresponding vdd. Cannot create debugfs entries for n-values
[    2.861358] smartreflex: probe of smartreflex.1 failed with error -61
[    2.868438] sr_init: platform driver register failed for SR
[    2.988922] mmc0: host does not support reading read-only switch. assuming write-enable.
[    3.000061] mmc0: new high speed SDHC card at address b368
[    3.010314] mmcblk0: mmc0:b368 SMI   3.72 GiB 
[    3.023620]  mmcblk0: p1 p2
[   15.068725] hsusb2_vbus: disabling
[   15.073730] VUSB3V1: disabling
[   15.077728] VUSB1V8: disabling
[   15.081787] VUSB1V5: disabling
[   15.086029] VDAC: disabling
[   15.090026] VAUX3: disabling
[   15.111694] kjournald starting.  Commit interval 5 seconds
[   15.124603] EXT3-fs (mmcblk0p2): using internal journal
[   15.130401] EXT3-fs (mmcblk0p2): mounted filesystem with ordered data mode
[   15.137847] VFS: Mounted root (ext3 filesystem) on device 179:2.
[   15.148925] devtmpfs: mounted
[   15.153381] Freeing unused kernel memory: 400K (c07b2000 - c0816000)

INIT: version 2.88 booting

Error opening /dev/fb0: No such file or directory
/dev/ttyO2 linked to /dev/tty-bd - using as console
Starting udev
[   16.513854] udevd[853]: starting version 182
udevd[867]: '/sbin/modprobe of:NshamT<NULL>Cti,omap3-sham' [1057] terminated by signal 11 (Segmentation fault)


[   23.782836] Alignment trap: not handling instruction ef000000 at [<b6f0ae78>]
[   23.790618] Unhandled fault: alignment exception (0x801) at 0xffffffff
udevd[853]: worker [902] terminated by signal 7 (Bus error)


udevd[853]: worker [902] failed while handling '/devices/virtual/misc/watchdog'


[   24.745361] random: nonblocking pool is initialized
[   27.160491] FAT-fs (mmcblk0p1): Volume was not properly unmounted. Some data may be corrupt. Please run fsck.
ERROR: could not open directory /lib/modules/3.15.0-next-20140612-00002-g3c683f6: No such file or directory
WARNING: -e needs -E or -F
ERROR: could not open directory /lib/modules/3.15.0-next-20140612-00002-g3c683f6: No such file or directory
FATAL: could not search modules: No such file or directory
Starting Bootlog daemon: bootlogd: cannot allocate pseudo tty: No such file or directory
bootlogd.
ALSA: Restoring mixer settings...
/usr/sbin/alsactl: load_state:1696: No soundcards found...
Configuring network interfaces... ifconfig: SIOCGIFFLAGS: No such device
done.
Sun Apr 27 03:29:00 UTC 2014

INIT: Entering runlevel: 3

/dev/ttyO2 linked to /dev/tty-bd - using as console
Starting system message bus: dbus.
Starting Dropbear SSH server: dropbear.
Starting telnet daemon.
Starting syslogd/klogd: done
Starting thttpd.
Starting Lighttpd Web Server: lighttpd.
2014-04-27 03:29:02: (log.c.166) server started 
***************************************************************
***************************************************************
NOTICE: This file system contains the followin GPLv3 packages:
	binutils-symlinks
	binutils
	gdbserver
	parted

If you do not wish to distribute GPLv3 components please remove
the above packages prior to distribution.  This can be done using
the opkg remove command.  i.e.:
    opkg remove <package>
Where <package> is the name printed in the list above

NOTE: If the package is a dependency of another package you
      will be notified of the dependent packages.  You should
      use the --force-removal-of-dependent-packages option to
      also remove the dependent packages as well
***************************************************************
***************************************************************
Stopping Bootlog daemon: bootlogd.

 _____                    _____           _         _   
|  _  |___ ___ ___ ___   |  _  |___ ___  |_|___ ___| |_ 
|     |  _| .'| . | . |  |   __|  _| . | | | -_|  _|  _|
|__|__|_| |__,|_  |___|  |__|  |_| |___|_| |___|___|_|  
              |___|                    |___|            

Arago Project http://arago-project.org GenericOMAP3-GP(FlattenedDeviceTree) tty-bd

Arago 2013.12 GenericOMAP3-GP(FlattenedDeviceTree) tty-bd

GenericOMAP3-GP(FlattenedDeviceTree) login: 
- 05:40:07 [INFO] Host: root
- 05:40:07 [INFO] Target: 
root
root@GenericOMAP3-GP(FlattenedDeviceTree):~# 
- 05:40:07 [INFO] Host: uname -a
- 05:40:08 [INFO] Target: 
uname -a
Linux GenericOMAP3-GP(FlattenedDeviceTree) 3.15.0-next-20140612-00002-g3c683f6 #1 SMP Thu Jun 12 05:29:12 CDT 2014 armv7l GNU/Linux
root@GenericOMAP3-GP(FlattenedDeviceTree):~# 
- 05:40:08 [INFO] Host: cat /proc/cmdline
- 05:40:08 [INFO] Target: 
cat /proc/cmdline
console=ttyO2,115200n8  earlyprintk rootwait  ip=dhcp  root=/dev/mmcblk0p2 rw rootfstype=ext3 rootwait 
root@GenericOMAP3-GP(FlattenedDeviceTree):~# 
- 05:40:08 [INFO] Host: uname -a
- 05:40:09 [INFO] Target: 
uname -a
Linux GenericOMAP3-GP(FlattenedDeviceTree) 3.15.0-next-20140612-00002-g3c683f6 #1 SMP Thu Jun 12 05:29:12 CDT 2014 armv7l GNU/Linux
root@GenericOMAP3-GP(FlattenedDeviceTree):~# 
- 05:40:09 [INFO] Host: cat /proc/mtd
- 05:40:10 [INFO] Target: 
cat /proc/mtd
dev:    size   erasesize  name
root@GenericOMAP3-GP(FlattenedDeviceTree):~# 
- 05:40:15 [INFO] Host: export IPERFHOST=128.247.105.47
- 05:40:16 [INFO] Target: 
export IPERFHOST=128.247.105.47
root@GenericOMAP3-GP(FlattenedDeviceTree):~# 
- 05:40:16 [INFO] Host: export NFS_SERVER=128.247.105.47
- 05:40:16 [INFO] Target: 
export NFS_SERVER=128.247.105.47
root@GenericOMAP3-GP(FlattenedDeviceTree):~# 
- 05:40:16 [INFO] Host: export NFS_ROOT_PATH=/usr/workdir/filesys/linux/bblegacy
- 05:40:17 [INFO] Target: 
export NFS_ROOT_PATH=/usr/workdir/f 
ilesys/linux/bblegacy
root@GenericOMAP3-GP(FlattenedDeviceTree):~# 
- 05:40:17 [INFO] Host: mkdir -p -m 777 /test
- 05:40:17 [INFO] Target: 
mkdir -p -m 777 /test
root@GenericOMAP3-GP(FlattenedDeviceTree):~# 
- 05:40:17 [INFO] Host: cd /test
- 05:40:18 [INFO] Target: 
cd /test
root@GenericOMAP3-GP(FlattenedDeviceTree):/test# 
- 05:40:18 [INFO] Host: cat > test.sh << EOF
- 05:40:18 [INFO] Target: 
cat > test.sh << EOF
> 
- 05:40:18 [INFO] Host: failtest() {

- 05:40:19 [INFO] Target: 
failtest() {
> 
- 05:40:19 [INFO] Host:   echo 1 >&3

- 05:40:20 [INFO] Target: 
  echo 1 >&3
> 
- 05:40:20 [INFO] Host: }

- 05:40:20 [INFO] Target: 
}
> 
- 05:40:20 [INFO] Host: script=anonymous:anonymous@gtautoftp.gt.design.ti.com/anonymous/opentest/target-test-basic.sh_md5_5d260c597a39e144f6dea1bc54ee8584

- 05:40:30 [ERROR] On command: script=anonymous:anonymous@gtautoftp.gt.design.ti.com/anonymous/opentest/target-test-basic.sh_md5_5d260c597a39e144f6dea1bc54ee8584
 waiting for (?-mix:.*) >>> error: execution expired
- 05:40:30 [INFO] Target: 
script=anonymous:anonymous@gtautoftp.gt.design.ti.com/anonymous/opentest/targe 
t-test-basic.sh_md5_5d260c597a39e144f6dea1bc54ee8584
> 
- 05:40:30 [INFO] Host: timeout=600

- 05:40:31 [INFO] Target: 
timeout=600
> 
- 05:40:31 [INFO] Host: 

- 05:40:31 [INFO] Target: 

> 
- 05:40:32 [INFO] Host: # Start of user's script logic

- 05:40:32 [INFO] Target: 
# Start of user's script logic
> 
- 05:40:32 [INFO] Host: 

- 05:40:33 [INFO] Target: 

> 
- 05:40:33 [INFO] Host: 

- 05:40:33 [INFO] Target: 

> 
- 05:40:33 [INFO] Host: mount -t proc proc /proc 2>/dev/null;

- 05:40:34 [INFO] Target: 
mount -t proc proc /proc 2>/dev/null;
> 
- 05:40:34 [INFO] Host: 

- 05:40:34 [INFO] Target: 

> 
- 05:40:34 [INFO] Host: mount -t sysfs sys /sys 2>/dev/null;

- 05:40:35 [INFO] Target: 
mount -t sysfs sys /sys 2>/dev/null;
> 
- 05:40:35 [INFO] Host: 

- 05:40:36 [INFO] Target: 

> 
- 05:40:36 [INFO] Host: mount -t debugfs none /sys/kernel/debug 2>/dev/null;

- 05:40:36 [INFO] Target: 
mount -t debugfs none /sys/kernel/debug 2>/dev/null;
> 
- 05:40:36 [INFO] Host: 

- 05:40:37 [INFO] Target: 

> 
- 05:40:37 [INFO] Host: echo 'cpuinfo:';cat /proc/cpuinfo; echo '=======';

- 05:40:37 [INFO] Target: 
echo 'cpuinfo:';cat /proc/cpuinfo; echo '=======';
> 
- 05:40:37 [INFO] Host: 

- 05:40:38 [INFO] Target: 

> 
- 05:40:38 [INFO] Host: echo 'soc info:';head /sys/devices/soc0/* 2>/dev/null; echo '=======';

- 05:40:38 [INFO] Target: 
echo 'soc info:';head /sys/devices/soc0/* 2>/dev/null; echo '=======';
> 
- 05:40:39 [INFO] Host: 

- 05:40:39 [INFO] Target: 

> 
- 05:40:39 [INFO] Host: echo 'interrupts:';cat /proc/interrupts; echo '=======';

- 05:40:40 [INFO] Target: 
echo 'interrupts:';cat /proc/interrupts; echo '=======';
> 
- 05:40:40 [INFO] Host: 

- 05:40:40 [INFO] Target: 

> 
- 05:40:40 [INFO] Host: echo 'Clk_summary:';cat /sys/kernel/debug/clk/clk_summary; echo '=======';

- 05:40:41 [INFO] Target: 
echo 'Clk_summary:';cat /sys/kernel/debug/clk/clk_summary; echo '=======';
> 
- 05:40:41 [INFO] Host: 

- 05:40:41 [INFO] Target: 

> 
- 05:40:41 [INFO] Host: echo 'Orphan Clks:';ls /sys/kernel/debug/clk/orphans/; echo '=======';

- 05:40:42 [INFO] Target: 
echo 'Orphan Clks:';ls /sys/kernel/debug/clk/orphans/; echo '=======';
> 
- 05:40:42 [INFO] Host: 

- 05:40:43 [INFO] Target: 

> 
- 05:40:43 [INFO] Host: echo 'H''ello World' 'B''oard Booted';

- 05:40:43 [INFO] Target: 
echo 'H''ello World' 'B''oard Booted';
> 
- 05:40:43 [INFO] Host: 

- 05:40:44 [INFO] Target: 

> 
- 05:40:44 [INFO] Host: EOF
- 05:40:44 [INFO] Target: 
EOF
root@GenericOMAP3-GP(FlattenedDeviceTree):/test# 
- 05:40:44 [INFO] Host: cd /test
- 05:40:45 [INFO] Target: 
cd /test
root@GenericOMAP3-GP(FlattenedDeviceTree):/test# 
- 05:40:45 [INFO] Host: chmod +x test.sh
- 05:40:45 [INFO] Target: 
chmod +x test.sh
root@GenericOMAP3-GP(FlattenedDeviceTree):/test# 
- 05:40:46 [INFO] Host: ./test.sh 2> stderr.log > stdout.log 3> result.log
- 05:40:46 [INFO] Target: 
./test.sh 2> stderr.log > stdou 
t.log 3> result.log
root@GenericOMAP3-GP(FlattenedDeviceTree):/test# 
- 05:40:46 [INFO] Host: echo $?
- 05:40:47 [INFO] Target: 
echo $?
0
root@GenericOMAP3-GP(FlattenedDeviceTree):/test# 
- 05:40:47 [INFO] Host: cd /test
- 05:40:47 [INFO] Target: 
cd /test
root@GenericOMAP3-GP(FlattenedDeviceTree):/test# 
- 05:40:47 [INFO] Host: cat stdout.log
- 05:40:49 [INFO] Target: 
cat stdout.log
cpuinfo:
processor	: 0
model name	: ARMv7 Processor rev 3 (v7l)
Features	: swp half thumb fastmult vfp edsp thumbee neon vfpv3 tls vfpd32 
CPU implementer	: 0x41
CPU architecture: 7
CPU variant	: 0x1
CPU part	: 0xc08
CPU revision	: 3

Hardware	: Generic OMAP3-GP (Flattened Device Tree)
Revision	: 0000
Serial		: 0000000000000000
=======
soc info:
==> /sys/devices/soc0/family <==
OMAP3

==> /sys/devices/soc0/machine <==
OMAP3430/3530

==> /sys/devices/soc0/power <==

==> /sys/devices/soc0/revision <==
ES3.0

==> /sys/devices/soc0/subsystem <==

==> /sys/devices/soc0/type <==
GP

==> /sys/devices/soc0/uevent <==
=======
interrupts:
           CPU0       
 23:          0      INTC   7  TWL4030-PIH
 25:          0      INTC   9  l3-debug-irq
 26:          0      INTC  10  l3-app-irq
 28:          0      INTC  12  DMA
 29:       2322      INTC  13  omap-dma-engine
 36:          0      INTC  20  gpmc
 72:        452      INTC  56  48070000.i2c
 73:          0      INTC  57  48072000.i2c
 77:          0      INTC  61  48060000.i2c
 90:       3625      INTC  74  OMAP UART2
 99:       4746      INTC  83  mmc0
111:       7806      INTC  95  gp_timer
274:       1994      PRCM  pm_wkup
283:          0      PRCM  pinctrl, pinctrl, pm_io
306:          0   twl4030   0  twl4030_gpio
311:          0   twl4030   5  twl4030_power
314:          0   twl4030   8  twl4030_pwrbutton
317:          0   twl4030  11  rtc0
347:          0      GPIO   7  user
IPI0:          0  CPU wakeup interrupts
IPI1:          0  Timer broadcast interrupts
IPI2:          0  Rescheduling interrupts
IPI3:          0  Function call interrupts
IPI4:          0  Single function call interrupts
IPI5:          0  CPU stop interrupts
IPI6:          0  IRQ work interrupts
IPI7:          0  completion interrupts
Err:          0
=======
Clk_summary:
   clock                         enable_cnt  prepare_cnt        rate   accuracy
--------------------------------------------------------------------------------
 secure_32k_fck                           1            1       32768          0
    wdt1_fck                              0            0       32768          0
    gpt12_fck                             1            1       32768          0
 dummy_ck                                 0            0           0          0
 mcbsp_clks                               0            5           0          0
 sys_altclk                               0            0           0          0
 virt_38_4m_ck                            0            0    38400000          0
 virt_26000000_ck                         1            1    26000000          0
    osc_sys_ck                            1            1    26000000          0
       sys_clkout1                        0            0    26000000          0
       sys_ck                             3           19    13000000          0
          cpefuse_fck                     0            0    13000000          0
          dpll5_ck                        0            1   120000000          0
             dpll5_m2_ck                  0            1   120000000          0
                usbhost_120m_fck           0            0   120000000          0
                usbtll_fck                0            1   120000000          0
                dpll5_m2_d4_ck            0            0    30000000          0
                dpll5_m2_d8_ck            0            0    15000000          0
                dpll5_m2_d16_ck           0            0     7500000          0
                dpll5_m2_d20_ck           0            0     6000000          0
          sys_d2_ck                       0            0     6500000          0
             usim_fck                     0            0     6500000          0
          modem_fck                       0            0    13000000          0
          dpll2_ck                        0            1   360000000          0
             dpll2_m2_ck                  0            1   360000000          0
                iva2_ck                   0            2   360000000          0
          sr2_fck                         0            1    13000000          0
          sr1_fck                         0            1    13000000          0
          traceclk_src_fck                0            0    13000000          0
             traceclk_fck                 0            0    13000000          0
          emu_src_mux_ck                  0            1    13000000          0
             emu_src_ck                   0            1    13000000          0
                atclk_fck                 0            0    13000000          0
                pclkx2_fck                0            0    13000000          0
                pclk_fck                  0            0     6500000          0
          gpt9_fck                        0            1    13000000          0
          gpt8_fck                        0            1    13000000          0
          gpt7_fck                        0            1    13000000          0
          gpt6_fck                        0            1    13000000          0
          gpt5_fck                        0            1    13000000          0
          gpt4_fck                        0            1    13000000          0
          gpt3_fck                        0            1    13000000          0
          gpt2_fck                        0            1    13000000          0
          gpt1_fck                        0            1    13000000          0
          dss2_alwon_fck                  0            2    13000000          0
          dpll1_ck                        0            1   600000000          0
             dpll1_x2_ck                  0            1  1200000000          0
                dpll1_x2m2_ck             0            1  1200000000          0
                   mpu_ck                 0            1  1200000000          0
                      emu_mpu_alwon_ck           0            0  1200000000          0
                      arm_fck             0            1   600000000          0
          dpll3_ck                        1            1   332000000          0
             dpll3_m2_ck                  1            2   332000000          0
                core_ck                   1            1   332000000          0
                   core_d2_ck             0            0   166000000          0
                   core_d6_ck             0            0    55333333          0
                      sgx_fck             0            0    55333333          0
                   core_d4_ck             0            0    83000000          0
                   core_d3_ck             0            0   110666666          0
                   dpll2_fck              0            0   332000000          0
                   l3_ick                 2            3   166000000          0
                      sgx_ick             0            0   166000000          0
                      mad2d_ick           0            0   166000000          0
                      sad2d_ick           0            1   166000000          0
                      security_l3_ick           0            0   166000000          0
                         pka_ick           0            0   166000000          0
                      core_l3_ick           8           10   166000000          0
                         hsotgusb_ick_3430es2           0            1   166000000          0
                         gpmc_fck           2            2   166000000          0
                         sdrc_ick           1            1   166000000          0
                      l4_ick              7            8    83000000          0
                         usbhost_ick           1            1    83000000          0
                         dss_ick_3430es2           4            6    83000000          0
                         sr_l4_ick           2            2    83000000          0
                         ssi_l4_ick           1            1    83000000          0
                            ssi_ick_3430es2           1            1    83000000          0
                         cam_ick           0            1    83000000          0
                         security_l4_ick2           0            0    83000000          0
                            des1_ick           0            0    83000000          0
                            sha11_ick           0            0    83000000          0
                            rng_ick           0            0    83000000          0
                            aes1_ick           0            0    83000000          0
                         per_l4_ick          13           17    83000000          0
                            mcbsp4_ick           2            2    83000000          0
                            mcbsp3_ick           2            2    83000000          0
                            mcbsp2_ick           1            1    83000000          0
                            gpt2_ick           1            1    83000000          0
                            gpt3_ick           1            1    83000000          0
                            gpt4_ick           1            1    83000000          0
                            gpt5_ick           1            1    83000000          0
                            gpt6_ick           1            1    83000000          0
                            gpt7_ick           1            1    83000000          0
                            gpt8_ick           1            1    83000000          0
                            gpt9_ick           1            1    83000000          0
                            uart4_ick           0            0    83000000          0
                            uart3_ick           1            1    83000000          0
                            wdt3_ick           0            0    83000000          0
                            gpio2_ick           0            1    83000000          0
                            gpio3_ick           0            1    83000000          0
                            gpio4_ick           0            1    83000000          0
                            gpio5_ick           1            1    83000000          0
                            gpio6_ick           0            1    83000000          0
                         core_l4_ick          21           23    83000000          0
                            mmchs3_ick           1            1    83000000          0
                            usbtll_ick           1            1    83000000          0
                            mailboxes_ick           0            1    83000000          0
                            mspro_ick           0            0    83000000          0
                            des2_ick           0            0    83000000          0
                            icr_ick           0            0    83000000          0
                            sha12_ick           1            2    83000000          0
                            aes2_ick           1            2    83000000          0
                            omapctrl_ick           1            1    83000000          0
                            mcbsp1_ick           1            1    83000000          0
                            mcbsp5_ick           1            1    83000000          0
                            gpt10_ick           1            1    83000000          0
                            gpt11_ick           1            1    83000000          0
                            uart1_ick           1            1    83000000          0
                            uart2_ick           1            1    83000000          0
                            i2c1_ick           1            1    83000000          0
                            i2c2_ick           1            1    83000000          0
                            i2c3_ick           1            1    83000000          0
                            mcspi1_ick           1            1    83000000          0
                            mcspi2_ick           1            1    83000000          0
                            mcspi3_ick           1            1    83000000          0
                            mcspi4_ick           1            1    83000000          0
                            hdq_ick           0            1    83000000          0
                            mmchs1_ick           1            1    83000000          0
                            mmchs2_ick           1            1    83000000          0
                         rm_ick           0            0    41500000          0
                   dpll1_fck              0            0   166000000          0
                dpll3_m2x2_ck             0            1   664000000          0
                   corex2_fck             0            1   664000000          0
                      ssi_ssr_fck_3430es2           0            1   221333334          0
                         ssi_sst_fck_3430es2           0            0   110666667          0
                      corex2_d5_fck           0            0   132800000          0
                      corex2_d3_fck           0            0   221333333          0
             dpll3_m3_ck                  0            0   166000000          0
                dpll3_m3x2_mul_ck           0            0   332000000          0
                   dpll3_m3x2_ck           0            0   332000000          0
                      emu_core_alwon_ck           0            0   332000000          0
             dpll3_x2_ck                  0            0   664000000          0
          dpll4_ck                        1            3   432000000          0
             dpll4_m6_ck                  0            0   144000000          0
                dpll4_m6x2_mul_ck           0            0   288000000          0
                   dpll4_m6x2_ck           0            0   288000000          0
                      emu_per_alwon_ck           0            0   288000000          0
             dpll4_m5_ck                  0            0   108000000          0
                dpll4_m5x2_mul_ck           0            0   216000000          0
                   dpll4_m5x2_ck           0            0   216000000          0
                      cam_mclk            0            0   216000000          0
             dpll4_m4_ck                  0            1   216000000          0
                dpll4_m4x2_mul_ck           0            1   432000000          0
                   dpll4_m4x2_ck           0            1   432000000          0
                      dss1_alwon_fck_3430es2           0            4   432000000          0
             dpll4_m3_ck                  0            1    27000000          0
                dpll4_m3x2_mul_ck           0            1    54000000          0
                   dpll4_m3x2_ck           0            1    54000000          0
                      omap_54m_fck           0            1    54000000          0
                         dss_tv_fck           0            2    54000000          0
                         clkout2_src_ck           0            0    54000000          0
                            sys_clkout2           0            0    54000000          0
             dpll4_m2_ck                  1            1    48000000          0
                dpll4_m2x2_mul_ck           1            1    96000000          0
                   dpll4_m2x2_ck           1            1    96000000          0
                      omap_192m_alwon_fck           0            0    96000000          0
                      omap_96m_alwon_fck           1            2    96000000          0
                         per_96m_fck           0            6    96000000          0
                            mcbsp4_fck           0            1    96000000          0
                            mcbsp3_fck           0            2    96000000          0
                            mcbsp2_fck           0            2    96000000          0
                         cm_96m_fck           1            2    96000000          0
                            cm_96m_d2_fck           1            1    48000000          0
                               omap_48m_fck           2            4    48000000          0
                                  usbhost_48m_fck           0            1    48000000          0
                                  per_48m_fck           1            1    48000000          0
                                     uart3_fck           1            1    48000000          0
                                  core_48m_fck           2            6    48000000          0
                                     uart1_fck           1            1    48000000          0
                                     uart2_fck           1            1    48000000          0
                                     mcspi1_fck           0            1    48000000          0
                                     mcspi2_fck           0            1    48000000          0
                                     mcspi3_fck           0            1    48000000          0
                                     mcspi4_fck           0            1    48000000          0
                                  omap_12m_fck           0            1    12000000          0
                                     core_12m_fck           0            1    12000000          0
                                        hdq_fck             0            1    12000000          0
                            omap_96m_fck           0            2    96000000          0
                               omap_96m_d10_fck           0            0     9600000          0
                               omap_96m_d8_fck           0            0    12000000          0
                               omap_96m_d4_fck           0            0    24000000          0
                               omap_96m_d2_fck           0            0    48000000          0
                               dss_96m_fck           0            2    96000000          0
                               core_96m_fck           0           10    96000000          0
                                  mcbsp1_fck           0            1    96000000          0
                                  mcbsp5_fck           0            1    96000000          0
                                  mmchs3_fck           0            1    96000000          0
                                  mspro_fck           0            0    96000000          0
                                  csi2_96m_fck           0            0    96000000          0
                                  i2c1_fck           0            1    96000000          0
                                  i2c2_fck           0            1    96000000          0
                                  i2c3_fck           0            1    96000000          0
                                  mmchs1_fck           0            1    96000000          0
                                  mmchs2_fck           0            1    96000000          0
             dpll4_x2_ck                  0            0   864000000          0
          wkup_l4_ick                     5            5    13000000          0
             usim_ick                     0            0    13000000          0
             gpt1_ick                     1            1    13000000          0
             gpt12_ick                    1            1    13000000          0
             omap_32ksync_ick             1            1    13000000          0
             gpio1_ick                    1            1    13000000          0
             wdt1_ick                     0            0    13000000          0
             wdt2_ick                     1            1    13000000          0
 virt_19200000_ck                         0            0    19200000          0
 virt_13m_ck                              0            0    13000000          0
 virt_12m_ck                              0            0    12000000          0
 omap_32k_fck                             1            7       32768          0
    ts_fck                                0            0       32768          0
    per_32k_alwon_fck                     0            5       32768          0
       wdt3_fck                           0            0       32768          0
       gpio2_dbck                         0            1       32768          0
       gpio3_dbck                         0            1       32768          0
       gpio4_dbck                         0            1       32768          0
       gpio5_dbck                         0            1       32768          0
       gpio6_dbck                         0            1       32768          0
    wkup_32k_fck                          2            3       32768          0
       wdt2_fck                           0            1       32768          0
       gpio1_dbck                         1            2       32768          0
    gpt11_fck                             0            1       32768          0
    gpt10_fck                             0            1       32768          0
 dummy_apb_pclk                           0            0           0          0
 virt_16_8m_ck                            0            0    16800000          0
=======
Orphan Clks:
=======
Hello World Board Booted
root@GenericOMAP3-GP(FlattenedDeviceTree):/test# 
- 05:40:49 [INFO] Host: cat stderr.log
- 05:40:50 [INFO] Target: 
cat stderr.log
root@GenericOMAP3-GP(FlattenedDeviceTree):/test# 
- 05:40:50 [INFO] Host: cat result.log
- 05:40:52 [ERROR] On command: cat result.log waiting for (?m-ix:^1[\0\n\r]+) >>> error: execution expired
- 05:40:52 [INFO] Target: 
cat result.log
root@GenericOMAP3-GP(FlattenedDeviceTree):/test# 
- 05:40:52 [INFO] Host: cd /test
- 05:40:53 [INFO] Target: 
cd /test
root@GenericOMAP3-GP(FlattenedDeviceTree):/test# 
FOR DEBUG:URL:http://gtsystest.telogy.design.ti.com/vatf/tidfarm-02/tidfarm-02_vatf@1/tidfarm-0206_12_2014_05_31_23/files/session_iteration_1/test_1/dut1_1_log.txt
