- 06:14:15 [INFO] Starting target session
- 06:14:16 [INFO] Connected to beagleboard-vanilla via serial 
- 06:14:16 [INFO] Host: #check prompt
- 06:14:19 [ERROR] On command: #check prompt waiting for #check prompt.+?(?-mix:((?-mix:.*\s+login)|[Pp]assword)) >>> error: execution expired
- 06:14:19 [INFO] Target: 
#check prompt
root@beagleboard:/test# 
- 06:14:19 [INFO] Host: #check prompt
- 06:14:19 [INFO] Target: 
#check prompt
root@beagleboard:/test# 
- 06:14:19 [INFO] Host: sync;poweroff
- 06:14:33 [INFO] Target: 
sync;poweroff
INIT: Switching to runlevel: 0
Broadc
Jj.]Y[Z.H+
KCRR Sending processes the TERM signal
root@beagleboard:/test# 
INIT: Sending processesStopping syslogd/klogd: stopped syslogd (pid 1233)
stopped klogd (pid 1236)
done
Deconfiguring network interfaces... ifdown: interface eth0 not configured
ifdown: interface usb0 not configured
done.
Sending all processes the TERM signal...
Sending all processes the KILL signal...
Unmounting remote filesystems...
Deactivating swap...
Unmounting local filesystems...
[ 8019.989898] reboot: System halted
- 06:14:33 [INFO] Disconnected serial from beagleboard-vanilla
- 06:14:56 [INFO] Connected to beagleboard-vanilla via serial 
- 06:14:56 [INFO] Host: 
- 06:14:57 [INFO] Target: 
*** Warning - bad CRC, using default environment
Beagle Rev C1/C2/C3
Timed out in wait_for_event: status=0000
Check if pads/pull-ups of bus 1 are properly configured
No EEPROM on expansion board
Die ID #0a8600030000000004013f780600a00e
Net:   usb_ether
Hit any key to stop autoboot:  1  0 
U-Boot# 
U-Boot#  
U-Boot#  
U-Boot#  
U-Boot# 
U-Boot#  
U-Boot#  
U-Boot#  
U-Boot#  
U-Boot#  
U-Boot#  
U-Boot#  
U-Boot#  
U-Boot# 
- 06:14:58 [INFO] Host: version
- 06:14:58 [INFO] Target: 
version
U-Boot 2014.04-00071-g8543283 (Apr 22 2014 - 15:49:50)
arm-linux-gnueabi-gcc (Ubuntu/Linaro 4.6.3-1ubuntu5) 4.6.3
GNU ld (GNU Binutils for Ubuntu) 2.22
U-Boot# 
- 06:14:58 [INFO] Host: bdinfo
- 06:14:58 [INFO] Target: 
bdinfo
arch_number = 0x0000060A
boot_params = 0x80000100
DRAM bank   = 0x00000000
-> start    = 0x80000000
-> size     = 0x08000000
DRAM bank   = 0x00000001
-> start    = 0x88000000
-> size     = 0x08000000
eth0name    = usb_ether
ethaddr     = (not set)
current eth = usb_ether
ip_addr     = <NULL>
baudrate    = 115200 bps
TLB addr    = 0x8FFF0000
relocaddr   = 0x8FF51000
reloc off   = 0x0FE51000
irq_sp      = 0x8FE30ED0
sp start    = 0x8FE30EC0
U-Boot# 
- 06:14:58 [INFO] Host: printenv
- 06:14:58 [INFO] Target: 
printenv
arch=arm
baudrate=115200
beaglerev=Cx
board=beagle
board_name=beagle
bootcmd=run findfdt; mmc dev ${mmcdev}; if mmc rescan; then if run userbutton; then setenv bootenv uEnv.txt;else setenv bootenv user.txt;fi;echo SD/MMC found on device ${mmcdev};if run loadbootenv; then echo Loaded environment from ${bootenv};run importbootenv;fi;if test -n $uenvcmd; then echo Running uenvcmd ...;run uenvcmd;fi;if run loadimage; then run mmcboot;fi;fi;run nandboot;setenv bootfile zImage;if run loadimage; then run loadfdt;run mmcbootz; fi; 
bootdelay=1
bootdir=/boot
bootenv=uEnv.txt
bootfile=uImage
bootm_size=0x08000000
bootpart=0:2
buddy=none
camera=none
console=ttyO2,115200n8
cpu=armv7
defaultdisplay=dvi
dieid#=0a8600030000000004013f780600a00e
dvimode=640x480MR-16@60
ethact=usb_ether
fdtaddr=0x80f80000
findfdt=if test $beaglerev = AxBx; then setenv fdtfile omap3-beagle.dtb; fi; if test $beaglerev = Cx; then setenv fdtfile omap3-beagle.dtb; fi; if test $beaglerev = C4; then setenv fdtfile omap3-beagle.dtb; fi; if test $beaglerev = xMAB; then setenv fdtfile omap3-beagle-xm.dtb; fi; if test $beaglerev = xMC; then setenv fdtfile omap3-beagle-xm.dtb; fi; if test $fdtfile = undefined; then echo WARNING: Could not determine device tree to use; fi; 
importbootenv=echo Importing environment from mmc ...; env import -t $loadaddr $filesize
loadaddr=0x80200000
loadbootenv=fatload mmc ${mmcdev} ${loadaddr} ${bootenv}
loadfdt=load mmc ${bootpart} ${fdtaddr} ${bootdir}/${fdtfile}
loadimage=load mmc ${bootpart} ${loadaddr} ${bootdir}/${bootfile}
loadramdisk=load mmc ${bootpart} ${rdaddr} ${bootdir}/${ramdisk}
mmcargs=setenv bootargs console=${console} ${optargs} mpurate=${mpurate} buddy=${buddy} camera=${camera} vram=${vram} omapfb.mode=dvi:${dvimode} omapdss.def_disp=${defaultdisplay} root=${mmcroot} rootfstype=${mmcrootfstype}
mmcboot=echo Booting from mmc ...; run mmcargs; bootm ${loadaddr}
mmcbootz=echo Booting with DT from mmc${mmcdev} ...; run mmcargs; bootz ${loadaddr} - ${fdtaddr}
mmcdev=0
mmcroot=/dev/mmcblk0p2 rw
mmcrootfstype=ext3 rootwait
mpurate=auto
nandargs=setenv bootargs console=${console} ${optargs} mpurate=${mpurate} buddy=${buddy} camera=${camera} vram=${vram} omapfb.mode=dvi:${dvimode} omapdss.def_disp=${defaultdisplay} root=${nandroot} rootfstype=${nandrootfstype}
nandboot=echo Booting from nand ...; run nandargs; nand read ${loadaddr} 280000 400000; bootm ${loadaddr}
nandroot=ubi0:rootfs ubi.mtd=4
nandrootfstype=ubifs
ramargs=setenv bootargs console=${console} ${optargs} mpurate=${mpurate} buddy=${buddy} vram=${vram} omapfb.mode=dvi:${dvimode} omapdss.def_disp=${defaultdisplay} root=${ramroot} rootfstype=${ramrootfstype}
ramboot=echo Booting from ramdisk ...; run ramargs; bootm ${loadaddr}
ramdisk=ramdisk.gz
ramroot=/dev/ram0 rw ramdisk_size=65536 initrd=0x81000000,64M
ramrootfstype=ext2
rdaddr=0x81000000
soc=omap3
stderr=serial
stdin=serial
stdout=serial
usbtty=cdc_acm
userbutton=if gpio input 173; then run userbutton_xm; else run userbutton_nonxm; fi;
userbutton_nonxm=gpio input 7;
userbutton_xm=gpio input 4;
vendor=ti
ver=U-Boot 2014.04-00071-g8543283 (Apr 22 2014 - 15:49:50)
vram=12M
Environment size: 3250/131068 bytes
U-Boot# 
- 06:14:58 [INFO] Host: setenv autoload 'no'
- 06:14:58 [INFO] Target: 
setenv autoload 'no'
U-Boot# 
- 06:14:58 [INFO] Host: usb start
- 06:15:01 [INFO] Target: 
usb start
(Re)start USB...
USB0:   USB EHCI 1.00
scanning bus 0 for devices... 3 USB Device(s) found
       scanning usb for storage devices... 0 Storage Device(s) found
       scanning usb for ethernet devices... 
Warning: asx0 using MAC address from net device
1 Ethernet Device(s) found
U-Boot# 
- 06:15:01 [INFO] Host: dhcp
- 06:15:04 [INFO] Target: 
dhcp
ERROR: Need valid 'usbnet_devaddr' to be set
at drivers/usb/gadget/ether.c:2362/usb_eth_init()
Waiting for Ethernet connection... done.
BOOTP broadcast 1
DHCP client bound to address 192.168.1.154
U-Boot# 
- 06:15:04 [INFO] Host: setenv loadaddr 0x81000000
- 06:15:04 [INFO] Target: 
setenv loadaddr 0x81000000
U-Boot# 
- 06:15:04 [INFO] Host: setenv ftdaddr 0x81f00000
- 06:15:04 [INFO] Target: 
setenv ftdaddr 0x81f00000
U-Boot# 
- 06:15:04 [INFO] Host: setenv serverip 192.168.1.254
- 06:15:04 [INFO] Target: 
setenv serverip 192.168.1.254
U-Boot# 
- 06:15:04 [INFO] Host: setenv bootargs 'console=ttyO2,115200n8 earlyprintk rootwait ip=dhcp root=/dev/mmcblk0p2 rw rootfstype=ext3 nohlt'
- 06:15:04 [INFO] Target: 
setenv bootargs 'console=ttyO2,115200n8 earlyprintk rootwait ip=dhcp root=/dev/mmcblk0p2 rw rootfstype=ext3 nohlt'
U-Boot# 
- 06:15:04 [INFO] Host: setenv bootcmd 'tftp ${loadaddr} 192.168.1.254:vatf_beagleboard-vanilla/485b856f2a35d9c2370489b2b9ab6ffa; tftp ${fdtaddr} 192.168.1.254:vatf_beagleboard-vanilla/a26a6087081485a1e6033d3d05eacbce; if iminfo ${loadaddr}; then bootm ${loadaddr} - ${fdtaddr}; else bootz ${loadaddr} - ${fdtaddr}; bootm ${loadaddr} - ${fdtaddr}; fi' 
- 06:15:04 [INFO] Target: 
setenv bootcmd 'tftp ${loadaddr} 192.168.1.254:vatf_beagleboard-vanilla/485b856f2a35d9c2370489b2b9ab6ffa; tftp ${fdtaddr} 192.168.1.254:vatf_beagleboard-vanilla/a26a6087081485a1e6033d3d05eacbce; if iminfo ${loadaddr}; then bootm ${loadaddr} - ${fdtaddr}; else bootz ${loadaddr} - ${fdtaddr}; bootm ${loadaddr} - ${fdtaddr}; fi' 
U-Boot# 
- 06:15:04 [INFO] Host: printenv
- 06:15:05 [INFO] Target: 
printenv
arch=arm
autoload=no
baudrate=115200
beaglerev=Cx
board=beagle
board_name=beagle
bootargs=console=ttyO2,115200n8 earlyprintk rootwait ip=dhcp root=/dev/mmcblk0p2 rw rootfstype=ext3 nohlt
bootcmd=tftp ${loadaddr} 192.168.1.254:vatf_beagleboard-vanilla/485b856f2a35d9c2370489b2b9ab6ffa; tftp ${fdtaddr} 192.168.1.254:vatf_beagleboard-vanilla/a26a6087081485a1e6033d3d05eacbce; if iminfo ${loadaddr}; then bootm ${loadaddr} - ${fdtaddr}; else bootz ${loadaddr} - ${fdtaddr}; bootm ${loadaddr} - ${fdtaddr}; fi
bootdelay=1
bootdir=/boot
bootenv=uEnv.txt
bootfile=uImage
bootm_size=0x08000000
bootpart=0:2
buddy=none
camera=none
console=ttyO2,115200n8
cpu=armv7
defaultdisplay=dvi
dieid#=0a8600030000000004013f780600a00e
dnsip=192.0.2.2
dvimode=640x480MR-16@60
ethact=asx0
fdtaddr=0x80f80000
findfdt=if test $beaglerev = AxBx; then setenv fdtfile omap3-beagle.dtb; fi; if test $beaglerev = Cx; then setenv fdtfile omap3-beagle.dtb; fi; if test $beaglerev = C4; then setenv fdtfile omap3-beagle.dtb; fi; if test $beaglerev = xMAB; then setenv fdtfile omap3-beagle-xm.dtb; fi; if test $beaglerev = xMC; then setenv fdtfile omap3-beagle-xm.dtb; fi; if test $fdtfile = undefined; then echo WARNING: Could not determine device tree to use; fi; 
ftdaddr=0x81f00000
gatewayip=192.168.1.254
importbootenv=echo Importing environment from mmc ...; env import -t $loadaddr $filesize
ipaddr=192.168.1.154
loadaddr=0x81000000
loadbootenv=fatload mmc ${mmcdev} ${loadaddr} ${bootenv}
loadfdt=load mmc ${bootpart} ${fdtaddr} ${bootdir}/${fdtfile}
loadimage=load mmc ${bootpart} ${loadaddr} ${bootdir}/${bootfile}
loadramdisk=load mmc ${bootpart} ${rdaddr} ${bootdir}/${ramdisk}
mmcargs=setenv bootargs console=${console} ${optargs} mpurate=${mpurate} buddy=${buddy} camera=${camera} vram=${vram} omapfb.mode=dvi:${dvimode} omapdss.def_disp=${defaultdisplay} root=${mmcroot} rootfstype=${mmcrootfstype}
mmcboot=echo Booting from mmc ...; run mmcargs; bootm ${loadaddr}
mmcbootz=echo Booting with DT from mmc${mmcdev} ...; run mmcargs; bootz ${loadaddr} - ${fdtaddr}
mmcdev=0
mmcroot=/dev/mmcblk0p2 rw
mmcrootfstype=ext3 rootwait
mpurate=auto
nandargs=setenv bootargs console=${console} ${optargs} mpurate=${mpurate} buddy=${buddy} camera=${camera} vram=${vram} omapfb.mode=dvi:${dvimode} omapdss.def_disp=${defaultdisplay} root=${nandroot} rootfstype=${nandrootfstype}
nandboot=echo Booting from nand ...; run nandargs; nand read ${loadaddr} 280000 400000; bootm ${loadaddr}
nandroot=ubi0:rootfs ubi.mtd=4
nandrootfstype=ubifs
netmask=255.255.255.0
ramargs=setenv bootargs console=${console} ${optargs} mpurate=${mpurate} buddy=${buddy} vram=${vram} omapfb.mode=dvi:${dvimode} omapdss.def_disp=${defaultdisplay} root=${ramroot} rootfstype=${ramrootfstype}
ramboot=echo Booting from ramdisk ...; run ramargs; bootm ${loadaddr}
ramdisk=ramdisk.gz
ramroot=/dev/ram0 rw ramdisk_size=65536 initrd=0x81000000,64M
ramrootfstype=ext2
rdaddr=0x81000000
serverip=192.168.1.254
soc=omap3
stderr=serial
stdin=serial
stdout=serial
usbethaddr=00:50:b6:4d:bd:4c
usbtty=cdc_acm
userbutton=if gpio input 173; then run userbutton_xm; else run userbutton_nonxm; fi;
userbutton_nonxm=gpio input 7;
userbutton_xm=gpio input 4;
vendor=ti
ver=U-Boot 2014.04-00071-g8543283 (Apr 22 2014 - 15:49:50)
vram=12M
Environment size: 3393/131068 bytes
U-Boot# 
- 06:15:05 [INFO] Host: boot
- 06:17:35 [ERROR] On command: boot waiting for boot.+?(?-mix:.*\s+login) >>> error: execution expired
- 06:17:35 [INFO] Target: 
boot
Using asx0 device
TFTP from server 192.168.1.254; our IP address is 192.168.1.154
Filename 'vatf_beagleboard-vanilla/485b856f2a35d9c2370489b2b9ab6ffa'.
Load address: 0x81000000
Loading: *#################################################################
	 #################################################################
	 #################################################################
	 #################################################################
	 ###
	 3.7 MiB/s
done
Bytes transferred = 3850536 (3ac128 hex)
Using asx0 device
TFTP from server 192.168.1.254; our IP address is 192.168.1.154
Filename 'vatf_beagleboard-vanilla/a26a6087081485a1e6033d3d05eacbce'.
Load address: 0x80f80000
Loading: *#####
	 3.3 MiB/s
done
Bytes transferred = 64756 (fcf4 hex)
## Checking Image at 81000000 ...
Unknown image format!
Kernel image @ 0x81000000 [ 0x000000 - 0x3ac128 ]
## Flattened Device Tree blob at 80f80000
   Booting using the fdt blob at 0x80f80000
   Loading Device Tree to 87fed000, end 87fffcf3 ... OK
Starting kernel ...
[    0.000000] Booting Linux on physical CPU 0x0
[    0.000000] Linux version 4.8.0-next-20161010-00002-g504270ace8ee (nmenon@horus) (gcc version 4.9.3 20150413 (prerelease) (Linaro GCC 4.9-2015.05) ) #3 SMP Mon Oct 10 06:12:11 CDT 2016
[    0.000000] CPU: ARMv7 Processor [411fc083] revision 3 (ARMv7), cr=10c5387d
[    0.000000] CPU: PIPT / VIPT nonaliasing data cache, VIPT nonaliasing instruction cache
[    0.000000] OF: fdt:Machine model: TI OMAP3 BeagleBoard
[    0.000000] cma: Reserved 16 MiB at 0x8e800000
[    0.000000] Memory policy: Data cache writeback
[    0.000000] CPU: All CPU(s) started in SVC mode.
[    0.000000] OMAP3430/3530 ES3.0 (l2cache iva sgx neon isp )
[    0.000000] percpu: Embedded 15 pages/cpu @cfb34000 s31808 r8192 d21440 u61440
[    0.000000] Built 1 zonelists in Zone order, mobility grouping on.  Total pages: 64448
[    0.000000] Kernel command line: console=ttyO2,115200n8 earlyprintk rootwait ip=dhcp root=/dev/mmcblk0p2 rw rootfstype=ext3 nohlt
[    0.000000] PID hash table entries: 1024 (order: 0, 4096 bytes)
[    0.000000] Dentry cache hash table entries: 32768 (order: 5, 131072 bytes)
[    0.000000] Inode-cache hash table entries: 16384 (order: 4, 65536 bytes)
[    0.000000] Memory: 220412K/260096K available (7168K kernel code, 766K rwdata, 2380K rodata, 1024K init, 8126K bss, 23300K reserved, 16384K cma-reserved, 0K highmem)
[    0.000000] Virtual kernel memory layout:
[    0.000000]     vector  : 0xffff0000 - 0xffff1000   (   4 kB)
[    0.000000]     fixmap  : 0xffc00000 - 0xfff00000   (3072 kB)
[    0.000000]     vmalloc : 0xd0800000 - 0xff800000   ( 752 MB)
[    0.000000]     lowmem  : 0xc0000000 - 0xd0000000   ( 256 MB)
[    0.000000]     pkmap   : 0xbfe00000 - 0xc0000000   (   2 MB)
[    0.000000]     modules : 0xbf000000 - 0xbfe00000   (  14 MB)
[    0.000000]       .text : 0xc0008000 - 0xc0800000   (8160 kB)
[    0.000000]       .init : 0xc0b00000 - 0xc0c00000   (1024 kB)
[    0.000000]       .data : 0xc0c00000 - 0xc0cbf834   ( 767 kB)
[    0.000000]        .bss : 0xc0cc1000 - 0xc14b0840   (8127 kB)
[    0.000000] Running RCU self tests
[    0.000000] Hierarchical RCU implementation.
[    0.000000] 	RCU lockdep checking is enabled.
[    0.000000] 	Build-time adjustment of leaf fanout to 32.
[    0.000000] 	RCU restricting CPUs from NR_CPUS=2 to nr_cpu_ids=1.
[    0.000000] RCU: Adjusting geometry for rcu_fanout_leaf=32, nr_cpu_ids=1
[    0.000000] NR_IRQS:16 nr_irqs:16 16
[    0.000000] IRQ: Found an INTC at 0xfa200000 (revision 4.0) with 96 interrupts
[    0.000000] Clocking rate (Crystal/Core/MPU): 26.0/332/600 MHz
[    0.000000] OMAP clockevent source: timer12 at 32768 Hz
[    0.000000] clocksource: 32k_counter: mask: 0xffffffff max_cycles: 0xffffffff, max_idle_ns: 58327039986419 ns
[    0.000030] sched_clock: 32 bits at 32kHz, resolution 30517ns, wraps every 65535999984741ns
[    0.000030] OMAP clocksource: 32k_counter at 32768 Hz
[    0.002075] Console: colour dummy device 80x30
[    0.002197] Lock dependency validator: Copyright (c) 2006 Red Hat, Inc., Ingo Molnar
[    0.002197] ... MAX_LOCKDEP_SUBCLASSES:  8
[    0.002227] ... MAX_LOCK_DEPTH:          48
[    0.002227] ... MAX_LOCKDEP_KEYS:        8191
[    0.002258] ... CLASSHASH_SIZE:          4096
[    0.002258] ... MAX_LOCKDEP_ENTRIES:     32768
[    0.002288] ... MAX_LOCKDEP_CHAINS:      65536
[    0.002288] ... CHAINHASH_SIZE:          32768
[    0.002319]  memory used by lock dependency info: 5167 kB
[    0.002319]  per task-struct memory footprint: 1536 bytes
[    0.002380] Calibrating delay loop... 484.14 BogoMIPS (lpj=2420736)
[    0.085174] pid_max: default: 32768 minimum: 301
[    0.085998] Security Framework initialized
[    0.086273] Mount-cache hash table entries: 1024 (order: 0, 4096 bytes)
[    0.086303] Mountpoint-cache hash table entries: 1024 (order: 0, 4096 bytes)
[    0.092590] CPU: Testing write buffer coherency: ok
[    0.095306] CPU0: thread -1, cpu 0, socket -1, mpidr 0
[    0.097442] Setting up static identity map for 0x80100000 - 0x80100070
[    0.102203] Brought up 1 CPUs
[    0.102233] SMP: Total of 1 processors activated (484.14 BogoMIPS).
[    0.102264] CPU: All CPU(s) started in SVC mode.
[    0.109069] devtmpfs: initialized
[    0.272796] VFP support v0.3: implementor 41 architecture 3 part 30 variant c rev 1
[    0.274444] clocksource: jiffies: mask: 0xffffffff max_cycles: 0xffffffff, max_idle_ns: 19112604462750000 ns
[    0.276641] pinctrl core: initialized pinctrl subsystem
[    0.285552] NET: Registered protocol family 16
[    0.297180] DMA: preallocated 256 KiB pool for atomic coherent allocations
[    0.402160] omap_hwmod: mcbsp2_sidetone using broken dt data from mcbsp
[    0.405059] omap_hwmod: mcbsp3_sidetone using broken dt data from mcbsp
[    0.557281] cpuidle: using governor menu
[    0.558471] Reprogramming SDRC clock to 332000000 Hz
[    0.576690] omap_gpio 48310000.gpio: could not find pctldev for node /ocp@68000000/l4@48000000/scm@2000/pinmux@a00/pinmux_gpio1_pins, deferring probe
[    0.591888] OMAP GPIO hardware version 2.5
[    0.649688] irq: no irq domain found for /ocp@68000000/l4@48000000/scm@2000/pinmux@30 !
[    0.686523] omap-gpmc 6e000000.gpmc: GPMC revision 5.0
[    0.686828] gpmc_mem_init: disabling cs 0 mapped at 0x0-0x1000000
[    0.709228] No ATAGs?
[    0.709259] hw-breakpoint: debug architecture 0x4 unsupported.
[    0.710906] omap4_sram_init:Unable to allocate sram needed to handle errata I688
[    0.710937] omap4_sram_init:Unable to get sram pool needed to handle errata I688
[    0.713378] OMAP DMA hardware revision 4.0
[    0.827789] omap-dma-engine 48056000.dma-controller: OMAP DMA engine driver
[    0.838623] omap-iommu 480bd400.mmu: 480bd400.mmu registered
[    0.840881] SCSI subsystem initialized
[    0.847747] omap_i2c 48070000.i2c: bus 0 rev3.3 at 2600 kHz
[    0.850708] omap_i2c 48072000.i2c: bus 1 rev3.3 at 100 kHz
[    0.853088] omap_i2c 48060000.i2c: bus 2 rev3.3 at 100 kHz
[    0.853881] pps_core: LinuxPPS API ver. 1 registered
[    0.853881] pps_core: Software ver. 5.3.6 - Copyright 2005-2007 Rodolfo Giometti <giometti@linux.it>
[    0.854003] PTP clock support registered
[    0.862121] clocksource: Switched to clocksource 32k_counter
[    1.065399] VFS: Disk quotas dquot_6.6.0
[    1.065704] VFS: Dquot-cache hash table entries: 1024 (order 0, 4096 bytes)
[    1.129577] NET: Registered protocol family 2
[    1.133056] TCP established hash table entries: 2048 (order: 1, 8192 bytes)
[    1.133148] TCP bind hash table entries: 2048 (order: 4, 73728 bytes)
[    1.134155] TCP: Hash tables configured (established 2048 bind 2048)
[    1.134521] UDP hash table entries: 256 (order: 2, 20480 bytes)
[    1.134826] UDP-Lite hash table entries: 256 (order: 2, 20480 bytes)
[    1.136260] NET: Registered protocol family 1
[    1.139984] RPC: Registered named UNIX socket transport module.
[    1.140045] RPC: Registered udp transport module.
[    1.140045] RPC: Registered tcp transport module.
[    1.140075] RPC: Registered tcp NFSv4.1 backchannel transport module.
[    1.149871] hw perfevents: enabled with armv7_cortex_a8 PMU driver, 5 counters available
[    1.160461] futex hash table entries: 256 (order: 2, 16384 bytes)
[    1.160736] audit: initializing netlink subsys (disabled)
[    1.161102] audit: type=2000 audit(1.370:1): initialized
[    1.168304] workingset: timestamp_bits=14 max_order=16 bucket_order=2
[    1.173492] NFS: Registering the id_resolver key type
[    1.174133] Key type id_resolver registered
[    1.174163] Key type id_legacy registered
[    1.174438] jffs2: version 2.2. (NAND) (SUMMARY)   2001-2006 Red Hat, Inc.
[    1.184997] io scheduler noop registered
[    1.185058] io scheduler deadline registered
[    1.185211] io scheduler cfq registered (default)
[    1.190185] pinctrl-single 48002030.pinmux: 284 pins at pa fa002030 size 568
[    1.191131] pinctrl-single 48002a00.pinmux: 46 pins at pa fa002a00 size 92
[    1.193115] pinctrl-single 480025d8.pinmux: 18 pins at pa fa0025d8 size 36
[    1.204071] Serial: 8250/16550 driver, 4 ports, IRQ sharing enabled
[    1.215759] omap_uart 4806a000.serial: no wakeirq for uart0
[    1.216796] 4806a000.serial: ttyO0 at MMIO 0x4806a000 (irq = 88, base_baud = 3000000) is a OMAP UART0
[    1.219970] omap_uart 4806c000.serial: no wakeirq for uart1
[    1.220611] 4806c000.serial: ttyO1 at MMIO 0x4806c000 (irq = 89, base_baud = 3000000) is a OMAP UART1
[    1.224975] 49020000.serial: ttyO2 at MMIO 0x49020000 (irq = 90, base_baud = 3000000) is a OMAP UART2
[    1.533996] random: fast init done
[    2.027191] console [ttyO2] enabled
[    2.107788] brd: module loaded
[    2.154785] loop: module loaded
[    2.177795] twl 0-0048: PIH (irq 23) chaining IRQs 307..315
[    2.184417] twl 0-0048: power (irq 312) chaining IRQs 315..322
[    2.274444] twl4030_gpio twl4030-gpio: gpio (irq 307) chaining IRQs 323..340
[    2.299285] mtdoops: mtd device (mtddev=name/number) must be supplied
[    2.309082] nand: device found, Manufacturer ID: 0x2c, Chip ID: 0xba
[    2.315856] nand: Micron MT29F2G16ABD
[    2.319702] nand: 256 MiB, SLC, erase size: 128 KiB, page size: 2048, OOB size: 64
[    2.327667] nand: using OMAP_ECC_HAM1_CODE_HW
[    2.332519] 5 ofpart partitions found on MTD device 30000000.nand
[    2.338897] Creating 5 MTD partitions on "30000000.nand":
[    2.344635] 0x000000000000-0x000000080000 : "X-Loader"
[    2.361694] 0x000000080000-0x000000260000 : "U-Boot"
[    2.375396] 0x000000260000-0x000000280000 : "U-Boot Env"
[    2.388488] 0x000000280000-0x000000680000 : "Kernel"
[    2.402893] 0x000000680000-0x000010000000 : "Filesystem"
[    2.548004] libphy: Fixed MDIO Bus: probed
[    2.563171] mousedev: PS/2 mouse device common for all mice
[    2.569030] i2c /dev entries driver
[    2.654907] ledtrig-cpu: registered to indicate activity on CPUs
[    2.663452] oprofile: using arm/armv7
[    2.668334] Initializing XFRM netlink socket
[    2.673614] NET: Registered protocol family 10
[    2.686706] sit: IPv6, IPv4 and MPLS over IPv4 tunneling driver
[    2.697448] NET: Registered protocol family 17
[    2.702362] NET: Registered protocol family 15
[    2.707641] Key type dns_resolver registered
[    2.712646] omap2_set_init_voltage: unable to find boot up OPP for vdd_mpu_iva
[    2.720245] omap2_set_init_voltage: unable to set vdd_mpu_iva
[    2.726379] omap2_set_init_voltage: unable to find boot up OPP for vdd_core
[    2.733734] omap2_set_init_voltage: unable to set vdd_core
[    2.742706] PM: no software I/O chain control; some wakeups may be lost
[    2.753051] ThumbEE CPU extension supported.
[    2.757568] Registering SWP/SWPB emulation handler
[    2.762695] SmartReflex Class3 initialized
[    2.896087] hctosys: unable to open rtc device (rtc0)
[    2.901458] sr_init: No PMIC hook to init smartreflex
[    2.907653] smartreflex smartreflex.0: omap_sr_probe: SmartReflex driver initialized
[    2.916229] smartreflex smartreflex.0: omap_sr_probe: smartreflex_mpu_iva: No Voltage table for the corresponding vdd. Cannot create debugfs entries for n-values
[    2.932556] smartreflex: probe of smartreflex.0 failed with error -61
[    2.939605] smartreflex smartreflex.1: omap_sr_probe: SmartReflex driver initialized
[    2.948120] smartreflex smartreflex.1: omap_sr_probe: smartreflex_core: No Voltage table for the corresponding vdd. Cannot create debugfs entries for n-values
[    2.963653] smartreflex: probe of smartreflex.1 failed with error -61
[    2.971191] sr_init: platform driver register failed for SR
[    3.057739] mmc0: error -110 whilst initialising SD card
[   15.454925] VAUX3: disabling
[   15.459350] VDAC: disabling
[   15.464172] VUSB1V5: disabling
[   15.468353] VUSB1V8: disabling
[   15.472717] VUSB3V1: disabling
[   15.476989] hsusb2_vbus: disabling
[   15.487091] Waiting for root device /dev/mmcblk0p2...
- 06:17:35 [INFO] Boot attempt 1/1 failed
- 06:17:35 [INFO] Collecting kernel traces via sysrq...
- 06:17:45 [INFO] [  145.583160] sysrq: SysRq : Show State
[  145.587036]   task                PC stack   pid father
[  145.592529] swapper/0       D c07cbab4     0     1      0 0x00000000
[  145.599243] [<c07cbab4>] (__schedule) from [<c07cc3b8>] (schedule+0x44/0x9c)
[  145.606628] [<c07cc3b8>] (schedule) from [<c07d07bc>] (schedule_timeout+0x268/0x498)
[  145.614746] [<c07d07bc>] (schedule_timeout) from [<c01b6a28>] (msleep+0x2c/0x38)
[  145.622497] [<c01b6a28>] (msleep) from [<c0b01698>] (prepare_namespace+0x114/0x1c8)
[  145.630493] [<c0b01698>] (prepare_namespace) from [<c0b00f10>] (kernel_init_freeable+0x290/0x2e4)
[  145.639801] [<c0b00f10>] (kernel_init_freeable) from [<c07ca540>] (kernel_init+0x8/0x118)
[  145.648376] [<c07ca540>] (kernel_init) from [<c01078f0>] (ret_from_fork+0x14/0x24)
[  145.656280] kthreadd        S c07cbab4     0     2      0 0x00000000
[  145.662994] [<c07cbab4>] (__schedule) from [<c07cc3b8>] (schedule+0x44/0x9c)
[  145.670379] [<c07cc3b8>] (schedule) from [<c015cd5c>] (kthreadd+0x220/0x248)
[  145.677764] [<c015cd5c>] (kthreadd) from [<c01078f0>] (ret_from_fork+0x14/0x24)
[  145.685394] kworker/0:0     S c07cbab4     0     3      2 0x00000000
[  145.692108] [<c07cbab4>] (__schedule) from [<c07cc3b8>] (schedule+0x44/0x9c)
[  145.699493] [<c07cc3b8>] (schedule) from [<c01559f8>] (worker_thread+0xa4/0x4d0)
[  145.707244] [<c01559f8>] (worker_thread) from [<c015bc40>] (kthread+0xd4/0xf0)
[  145.714813] [<c015bc40>] (kthread) from [<c01078f0>] (ret_from_fork+0x14/0x24)
[  145.722381] kworker/0:0H    S c07cbab4     0     4      2 0x00000000
[  145.729064] [<c07cbab4>] (__schedule) from [<c07cc3b8>] (schedule+0x44/0x9c)
[  145.736450] [<c07cc3b8>] (schedule) from [<c01559f8>] (worker_thread+0xa4/0x4d0)
[  145.744201] [<c01559f8>] (worker_thread) from [<c015bc40>] (kthread+0xd4/0xf0)
[  145.751739] [<c015bc40>] (kthread) from [<c01078f0>] (ret_from_fork+0x14/0x24)
[  145.759307] kworker/u2:0    S c07cbab4     0     5      2 0x00000000
[  145.765991] [<c07cbab4>] (__schedule) from [<c07cc3b8>] (schedule+0x44/0x9c)
[  145.773406] [<c07cc3b8>] (schedule) from [<c01559f8>] (worker_thread+0xa4/0x4d0)
[  145.781127] [<c01559f8>] (worker_thread) from [<c015bc40>] (kthread+0xd4/0xf0)
[  145.788696] [<c015bc40>] (kthread) from [<c01078f0>] (ret_from_fork+0x14/0x24)
[  145.796234] ksoftirqd/0     S c07cbab4     0     6      2 0x00000000
[  145.802947] [<c07cbab4>] (__schedule) from [<c07cc3b8>] (schedule+0x44/0x9c)
[  145.810333] [<c07cc3b8>] (schedule) from [<c015fed8>] (smpboot_thread_fn+0xd0/0x194)
[  145.818420] [<c015fed8>] (smpboot_thread_fn) from [<c015bc40>] (kthread+0xd4/0xf0)
[  145.826354] [<c015bc40>] (kthread) from [<c01078f0>] (ret_from_fork+0x14/0x24)
[  145.833892] rcu_sched       S c07cbab4     0     7      2 0x00000000
[  145.840606] [<c07cbab4>] (__schedule) from [<c07cc3b8>] (schedule+0x44/0x9c)
[  145.847961] [<c07cc3b8>] (schedule) from [<c01afad8>] (rcu_gp_kthread+0x40/0x818)
[  145.855804] [<c01afad8>] (rcu_gp_kthread) from [<c015bc40>] (kthread+0xd4/0xf0)
[  145.863464] [<c015bc40>] (kthread) from [<c01078f0>] (ret_from_fork+0x14/0x24)
[  145.871032] rcu_bh          S c07cbab4     0     8      2 0x00000000
[  145.877746] [<c07cbab4>] (__schedule) from [<c07cc3b8>] (schedule+0x44/0x9c)
[  145.885131] [<c07cc3b8>] (schedule) from [<c01afad8>] (rcu_gp_kthread+0x40/0x818)
[  145.892974] [<c01afad8>] (rcu_gp_kthread) from [<c015bc40>] (kthread+0xd4/0xf0)
[  145.900634] [<c015bc40>] (kthread) from [<c01078f0>] (ret_from_fork+0x14/0x24)
[  145.908172] migration/0     S c07cbab4     0     9      2 0x00000000
[  145.914855] [<c07cbab4>] (__schedule) from [<c07cc3b8>] (schedule+0x44/0x9c)
[  145.922271] [<c07cc3b8>] (schedule) from [<c015fed8>] (smpboot_thread_fn+0xd0/0x194)
[  145.930358] [<c015fed8>] (smpboot_thread_fn) from [<c015bc40>] (kthread+0xd4/0xf0)
[  145.938293] [<c015bc40>] (kthread) from [<c01078f0>] (ret_from_fork+0x14/0x24)
[  145.945861] lru-add-drain   S c07cbab4     0    10      2 0x00000000
[  145.952545] [<c07cbab4>] (__schedule) from [<c07cc3b8>] (schedule+0x44/0x9c)
[  145.959930] [<c07cc3b8>] (schedule) from [<c01560b0>] (rescuer_thread+0x28c/0x300)
[  145.967864] [<c01560b0>] (rescuer_thread) from [<c015bc40>] (kthread+0xd4/0xf0)
[  145.975524] [<c015bc40>] (kthread) from [<c01078f0>] (ret_from_fork+0x14/0x24)
[  145.983062] cpuhp/0         S c07cbab4     0    11      2 0x00000000
[  145.989746] [<c07cbab4>] (__schedule) from [<c07cc3b8>] (schedule+0x44/0x9c)
[  145.997131] [<c07cc3b8>] (schedule) from [<c015fed8>] (smpboot_thread_fn+0xd0/0x194)
[  146.005249] [<c015fed8>] (smpboot_thread_fn) from [<c015bc40>] (kthread+0xd4/0xf0)
[  146.013183] [<c015bc40>] (kthread) from [<c01078f0>] (ret_from_fork+0x14/0x24)
[  146.020721] kdevtmpfs       S c07cbab4     0    12      2 0x00000000
[  146.027404] [<c07cbab4>] (__schedule) from [<c07cc3b8>] (schedule+0x44/0x9c)
[  146.034820] [<c07cc3b8>] (schedule) from [<c054a2bc>] (devtmpfsd+0x2b8/0x2e4)
[  146.042297] [<c054a2bc>] (devtmpfsd) from [<c015bc40>] (kthread+0xd4/0xf0)
[  146.049499] [<c015bc40>] (kthread) from [<c01078f0>] (ret_from_fork+0x14/0x24)
[  146.057037] netns           S c07cbab4     0    13      2 0x00000000
[  146.063751] [<c07cbab4>] (__schedule) from [<c07cc3b8>] (schedule+0x44/0x9c)
[  146.071136] [<c07cc3b8>] (schedule) from [<c01560b0>] (rescuer_thread+0x28c/0x300)
[  146.079071] [<c01560b0>] (rescuer_thread) from [<c015bc40>] (kthread+0xd4/0xf0)
[  146.086730] [<c015bc40>] (kthread) from [<c01078f0>] (ret_from_fork+0x14/0x24)
[  146.094299] kworker/0:1     S c07cbab4     0    14      2 0x00000000
[  146.100982] [<c07cbab4>] (__schedule) from [<c07cc3b8>] (schedule+0x44/0x9c)
[  146.108367] [<c07cc3b8>] (schedule) from [<c01559f8>] (worker_thread+0xa4/0x4d0)
[  146.116119] [<c01559f8>] (worker_thread) from [<c015bc40>] (kthread+0xd4/0xf0)
[  146.123687] [<c015bc40>] (kthread) from [<c01078f0>] (ret_from_fork+0x14/0x24)
[  146.131225] oom_reaper      S c07cbab4     0    15      2 0x00000000
[  146.137939] [<c07cbab4>] (__schedule) from [<c07cc3b8>] (schedule+0x44/0x9c)
[  146.145324] [<c07cc3b8>] (schedule) from [<c0239e2c>] (oom_reaper+0xb0/0x10c)
[  146.152770] [<c0239e2c>] (oom_reaper) from [<c015bc40>] (kthread+0xd4/0xf0)
[  146.160064] [<c015bc40>] (kthread) from [<c01078f0>] (ret_from_fork+0x14/0x24)
[  146.167633] writeback       S c07cbab4     0    16      2 0x00000000
[  146.174316] [<c07cbab4>] (__schedule) from [<c07cc3b8>] (schedule+0x44/0x9c)
[  146.181701] [<c07cc3b8>] (schedule) from [<c01560b0>] (rescuer_thread+0x28c/0x300)
[  146.189636] [<c01560b0>] (rescuer_thread) from [<c015bc40>] (kthread+0xd4/0xf0)
[  146.197296] [<c015bc40>] (kthread) from [<c01078f0>] (ret_from_fork+0x14/0x24)
[  146.204864] kcompactd0      S c07cbab4     0    17      2 0x00000000
[  146.211547] [<c07cbab4>] (__schedule) from [<c07cc3b8>] (schedule+0x44/0x9c)
[  146.218933] [<c07cc3b8>] (schedule) from [<c02665fc>] (kcompactd+0x454/0x58c)
[  146.226409] [<c02665fc>] (kcompactd) from [<c015bc40>] (kthread+0xd4/0xf0)
[  146.233612] [<c015bc40>] (kthread) from [<c01078f0>] (ret_from_fork+0x14/0x24)
[  146.241180] crypto          S c07cbab4     0    18      2 0x00000000
[  146.247894] [<c07cbab4>] (__schedule) from [<c07cc3b8>] (schedule+0x44/0x9c)
[  146.255249] [<c07cc3b8>] (schedule) from [<c01560b0>] (rescuer_thread+0x28c/0x300)
[  146.263214] [<c01560b0>] (rescuer_thread) from [<c015bc40>] (kthread+0xd4/0xf0)
[  146.270843] [<c015bc40>] (kthread) from [<c01078f0>] (ret_from_fork+0x14/0x24)
[  146.278411] bioset          S c07cbab4     0    19      2 0x00000000
[  146.285125] [<c07cbab4>] (__schedule) from [<c07cc3b8>] (schedule+0x44/0x9c)
[  146.292510] [<c07cc3b8>] (schedule) from [<c01560b0>] (rescuer_thread+0x28c/0x300)
[  146.300415] [<c01560b0>] (rescuer_thread) from [<c015bc40>] (kthread+0xd4/0xf0)
[  146.308105] [<c015bc40>] (kthread) from [<c01078f0>] (ret_from_fork+0x14/0x24)
[  146.315643] kblockd         S c07cbab4     0    20      2 0x00000000
[  146.322357] [<c07cbab4>] (__schedule) from [<c07cc3b8>] (schedule+0x44/0x9c)
[  146.329711] [<c07cc3b8>] (schedule) from [<c01560b0>] (rescuer_thread+0x28c/0x300)
[  146.337646] [<c01560b0>] (rescuer_thread) from [<c015bc40>] (kthread+0xd4/0xf0)
[  146.345336] [<c015bc40>] (kthread) from [<c01078f0>] (ret_from_fork+0x14/0x24)
[  146.352905] ata_sff         S c07cbab4     0    21      2 0x00000000
[  146.359588] [<c07cbab4>] (__schedule) from [<c07cc3b8>] (schedule+0x44/0x9c)
[  146.366973] [<c07cc3b8>] (schedule) from [<c01560b0>] (rescuer_thread+0x28c/0x300)
[  146.374908] [<c01560b0>] (rescuer_thread) from [<c015bc40>] (kthread+0xd4/0xf0)
[  146.382568] [<c015bc40>] (kthread) from [<c01078f0>] (ret_from_fork+0x14/0x24)
[  146.390106] irq/72-48070000 S c07cbab4     0    22      2 0x00000000
[  146.396789] [<c07cbab4>] (__schedule) from [<c07cc3b8>] (schedule+0x44/0x9c)
[  146.404205] [<c07cc3b8>] (schedule) from [<c01a3dbc>] (irq_thread+0xb0/0x200)
[  146.411651] [<c01a3dbc>] (irq_thread) from [<c015bc40>] (kthread+0xd4/0xf0)
[  146.418945] [<c015bc40>] (kthread) from [<c01078f0>] (ret_from_fork+0x14/0x24)
[  146.426513] irq/73-48072000 S c07cbab4     0    23      2 0x00000000
[  146.433197] [<c07cbab4>] (__schedule) from [<c07cc3b8>] (schedule+0x44/0x9c)
[  146.440582] [<c07cc3b8>] (schedule) from [<c01a3dbc>] (irq_thread+0xb0/0x200)
[  146.448059] [<c01a3dbc>] (irq_thread) from [<c015bc40>] (kthread+0xd4/0xf0)
[  146.455352] [<c015bc40>] (kthread) from [<c01078f0>] (ret_from_fork+0x14/0x24)
[  146.462890] irq/77-48060000 S c07cbab4     0    24      2 0x00000000
[  146.469573] [<c07cbab4>] (__schedule) from [<c07cc3b8>] (schedule+0x44/0x9c)
[  146.476959] [<c07cc3b8>] (schedule) from [<c01a3dbc>] (irq_thread+0xb0/0x200)
[  146.484436] [<c01a3dbc>] (irq_thread) from [<c015bc40>] (kthread+0xd4/0xf0)
[  146.491729] [<c015bc40>] (kthread) from [<c01078f0>] (ret_from_fork+0x14/0x24)
[  146.499298] watchdogd       S c07cbab4     0    25      2 0x00000000
[  146.505981] [<c07cbab4>] (__schedule) from [<c07cc3b8>] (schedule+0x44/0x9c)
[  146.513397] [<c07cc3b8>] (schedule) from [<c01560b0>] (rescuer_thread+0x28c/0x300)
[  146.521301] [<c01560b0>] (rescuer_thread) from [<c015bc40>] (kthread+0xd4/0xf0)
[  146.528961] [<c015bc40>] (kthread) from [<c01078f0>] (ret_from_fork+0x14/0x24)
[  146.536499] rpciod          S c07cbab4     0    26      2 0x00000000
[  146.543212] [<c07cbab4>] (__schedule) from [<c07cc3b8>] (schedule+0x44/0x9c)
[  146.550598] [<c07cc3b8>] (schedule) from [<c01560b0>] (rescuer_thread+0x28c/0x300)
[  146.558532] [<c01560b0>] (rescuer_thread) from [<c015bc40>] (kthread+0xd4/0xf0)
[  146.566192] [<c015bc40>] (kthread) from [<c01078f0>] (ret_from_fork+0x14/0x24)
[  146.573730] xprtiod         S c07cbab4     0    27      2 0x00000000
[  146.580444] [<c07cbab4>] (__schedule) from [<c07cc3b8>] (schedule+0x44/0x9c)
[  146.587799] [<c07cc3b8>] (schedule) from [<c01560b0>] (rescuer_thread+0x28c/0x300)
[  146.595733] [<c01560b0>] (rescuer_thread) from [<c015bc40>] (kthread+0xd4/0xf0)
[  146.603393] [<c015bc40>] (kthread) from [<c01078f0>] (ret_from_fork+0x14/0x24)
[  146.610961] kswapd0         S c07cbab4     0    28      2 0x00000000
[  146.617645] [<c07cbab4>] (__schedule) from [<c07cc3b8>] (schedule+0x44/0x9c)
[  146.625061] [<c07cc3b8>] (schedule) from [<c02522f8>] (kswapd+0x888/0x9c0)
[  146.632263] [<c02522f8>] (kswapd) from [<c015bc40>] (kthread+0xd4/0xf0)
[  146.639190] [<c015bc40>] (kthread) from [<c01078f0>] (ret_from_fork+0x14/0x24)
[  146.646728] vmstat          S c07cbab4     0    29      2 0x00000000
[  146.653442] [<c07cbab4>] (__schedule) from [<c07cc3b8>] (schedule+0x44/0x9c)
[  146.660827] [<c07cc3b8>] (schedule) from [<c01560b0>] (rescuer_thread+0x28c/0x300)
[  146.668762] [<c01560b0>] (rescuer_thread) from [<c015bc40>] (kthread+0xd4/0xf0)
[  146.676422] [<c015bc40>] (kthread) from [<c01078f0>] (ret_from_fork+0x14/0x24)
[  146.683959] nfsiod          S c07cbab4     0    30      2 0x00000000
[  146.690643] [<c07cbab4>] (__schedule) from [<c07cc3b8>] (schedule+0x44/0x9c)
[  146.698028] [<c07cc3b8>] (schedule) from [<c01560b0>] (rescuer_thread+0x28c/0x300)
[  146.705963] [<c01560b0>] (rescuer_thread) from [<c015bc40>] (kthread+0xd4/0xf0)
[  146.713623] [<c015bc40>] (kthread) from [<c01078f0>] (ret_from_fork+0x14/0x24)
[  146.721191] bioset          S c07cbab4     0    41      2 0x00000000
[  146.727874] [<c07cbab4>] (__schedule) from [<c07cc3b8>] (schedule+0x44/0x9c)
[  146.735260] [<c07cc3b8>] (schedule) from [<c01560b0>] (rescuer_thread+0x28c/0x300)
[  146.743194] [<c01560b0>] (rescuer_thread) from [<c015bc40>] (kthread+0xd4/0xf0)
[  146.750854] [<c015bc40>] (kthread) from [<c01078f0>] (ret_from_fork+0x14/0x24)
[  146.758392] bioset          S c07cbab4     0    42      2 0x00000000
[  146.765106] [<c07cbab4>] (__schedule) from [<c07cc3b8>] (schedule+0x44/0x9c)
[  146.772491] [<c07cc3b8>] (schedule) from [<c01560b0>] (rescuer_thread+0x28c/0x300)
[  146.780395] [<c01560b0>] (rescuer_thread) from [<c015bc40>] (kthread+0xd4/0xf0)
[  146.788055] [<c015bc40>] (kthread) from [<c01078f0>] (ret_from_fork+0x14/0x24)
[  146.795623] bioset          S c07cbab4     0    43      2 0x00000000
[  146.802307] [<c07cbab4>] (__schedule) from [<c07cc3b8>] (schedule+0x44/0x9c)
[  146.809692] [<c07cc3b8>] (schedule) from [<c01560b0>] (rescuer_thread+0x28c/0x300)
[  146.817626] [<c01560b0>] (rescuer_thread) from [<c015bc40>] (kthread+0xd4/0xf0)
[  146.825286] [<c015bc40>] (kthread) from [<c01078f0>] (ret_from_fork+0x14/0x24)
[  146.832824] bioset          S c07cbab4     0    44      2 0x00000000
[  146.839508] [<c07cbab4>] (__schedule) from [<c07cc3b8>] (schedule+0x44/0x9c)
[  146.846893] [<c07cc3b8>] (schedule) from [<c01560b0>] (rescuer_thread+0x28c/0x300)
[  146.854827] [<c01560b0>] (rescuer_thread) from [<c015bc40>] (kthread+0xd4/0xf0)
[  146.862457] [<c015bc40>] (kthread) from [<c01078f0>] (ret_from_fork+0x14/0x24)
[  146.870025] bioset          S c07cbab4     0    45      2 0x00000000
[  146.876708] [<c07cbab4>] (__schedule) from [<c07cc3b8>] (schedule+0x44/0x9c)
[  146.884124] [<c07cc3b8>] (schedule) from [<c01560b0>] (rescuer_thread+0x28c/0x300)
[  146.892028] [<c01560b0>] (rescuer_thread) from [<c015bc40>] (kthread+0xd4/0xf0)
[  146.899688] [<c015bc40>] (kthread) from [<c01078f0>] (ret_from_fork+0x14/0x24)
[  146.907257] bioset          S c07cbab4     0    46      2 0x00000000
[  146.913940] [<c07cbab4>] (__schedule) from [<c07cc3b8>] (schedule+0x44/0x9c)
[  146.921325] [<c07cc3b8>] (schedule) from [<c01560b0>] (rescuer_thread+0x28c/0x300)
[  146.929260] [<c01560b0>] (rescuer_thread) from [<c015bc40>] (kthread+0xd4/0xf0)
[  146.936920] [<c015bc40>] (kthread) from [<c01078f0>] (ret_from_fork+0x14/0x24)
[  146.944488] bioset          S c07cbab4     0    47      2 0x00000000
[  146.951171] [<c07cbab4>] (__schedule) from [<c07cc3b8>] (schedule+0x44/0x9c)
[  146.958557] [<c07cc3b8>] (schedule) from [<c01560b0>] (rescuer_thread+0x28c/0x300)
[  146.966491] [<c01560b0>] (rescuer_thread) from [<c015bc40>] (kthread+0xd4/0xf0)
[  146.974151] [<c015bc40>] (kthread) from [<c01078f0>] (ret_from_fork+0x14/0x24)
[  146.981719] bioset          S c07cbab4     0    48      2 0x00000000
[  146.988433] [<c07cbab4>] (__schedule) from [<c07cc3b8>] (schedule+0x44/0x9c)
[  146.995788] [<c07cc3b8>] (schedule) from [<c01560b0>] (rescuer_thread+0x28c/0x300)
[  147.003723] [<c01560b0>] (rescuer_thread) from [<c015bc40>] (kthread+0xd4/0xf0)
[  147.011383] [<c015bc40>] (kthread) from [<c01078f0>] (ret_from_fork+0x14/0x24)
[  147.018951] bioset          S c07cbab4     0    49      2 0x00000000
[  147.025634] [<c07cbab4>] (__schedule) from [<c07cc3b8>] (schedule+0x44/0x9c)
[  147.033020] [<c07cc3b8>] (schedule) from [<c01560b0>] (rescuer_thread+0x28c/0x300)
[  147.040954] [<c01560b0>] (rescuer_thread) from [<c015bc40>] (kthread+0xd4/0xf0)
[  147.048614] [<c015bc40>] (kthread) from [<c01078f0>] (ret_from_fork+0x14/0x24)
[  147.056152] bioset          S c07cbab4     0    50      2 0x00000000
[  147.062866] [<c07cbab4>] (__schedule) from [<c07cc3b8>] (schedule+0x44/0x9c)
[  147.070220] [<c07cc3b8>] (schedule) from [<c01560b0>] (rescuer_thread+0x28c/0x300)
[  147.078155] [<c01560b0>] (rescuer_thread) from [<c015bc40>] (kthread+0xd4/0xf0)
[  147.085815] [<c015bc40>] (kthread) from [<c01078f0>] (ret_from_fork+0x14/0x24)
[  147.093353] bioset          S c07cbab4     0    51      2 0x00000000
[  147.100067] [<c07cbab4>] (__schedule) from [<c07cc3b8>] (schedule+0x44/0x9c)
[  147.107452] [<c07cc3b8>] (schedule) from [<c01560b0>] (rescuer_thread+0x28c/0x300)
[  147.115386] [<c01560b0>] (rescuer_thread) from [<c015bc40>] (kthread+0xd4/0xf0)
[  147.123046] [<c015bc40>] (kthread) from [<c01078f0>] (ret_from_fork+0x14/0x24)
[  147.130615] bioset          S c07cbab4     0    52      2 0x00000000
[  147.137329] [<c07cbab4>] (__schedule) from [<c07cc3b8>] (schedule+0x44/0x9c)
[  147.144714] [<c07cc3b8>] (schedule) from [<c01560b0>] (rescuer_thread+0x28c/0x300)
[  147.152648] [<c01560b0>] (rescuer_thread) from [<c015bc40>] (kthread+0xd4/0xf0)
[  147.160308] [<c015bc40>] (kthread) from [<c01078f0>] (ret_from_fork+0x14/0x24)
[  147.167877] bioset          S c07cbab4     0    53      2 0x00000000
[  147.174560] [<c07cbab4>] (__schedule) from [<c07cc3b8>] (schedule+0x44/0x9c)
[  147.181945] [<c07cc3b8>] (schedule) from [<c01560b0>] (rescuer_thread+0x28c/0x300)
[  147.189910] [<c01560b0>] (rescuer_thread) from [<c015bc40>] (kthread+0xd4/0xf0)
[  147.197540] [<c015bc40>] (kthread) from [<c01078f0>] (ret_from_fork+0x14/0x24)
[  147.205108] bioset          S c07cbab4     0    54      2 0x00000000
[  147.211791] [<c07cbab4>] (__schedule) from [<c07cc3b8>] (schedule+0x44/0x9c)
[  147.219177] [<c07cc3b8>] (schedule) from [<c01560b0>] (rescuer_thread+0x28c/0x300)
[  147.227111] [<c01560b0>] (rescuer_thread) from [<c015bc40>] (kthread+0xd4/0xf0)
[  147.234771] [<c015bc40>] (kthread) from [<c01078f0>] (ret_from_fork+0x14/0x24)
[  147.242340] bioset          S c07cbab4     0    55      2 0x00000000
[  147.249023] [<c07cbab4>] (__schedule) from [<c07cc3b8>] (schedule+0x44/0x9c)
[  147.256439] [<c07cc3b8>] (schedule) from [<c01560b0>] (rescuer_thread+0x28c/0x300)
[  147.264373] [<c01560b0>] (rescuer_thread) from [<c015bc40>] (kthread+0xd4/0xf0)
[  147.272033] [<c015bc40>] (kthread) from [<c01078f0>] (ret_from_fork+0x14/0x24)
[  147.279571] bioset          S c07cbab4     0    56      2 0x00000000
[  147.286285] [<c07cbab4>] (__schedule) from [<c07cc3b8>] (schedule+0x44/0x9c)
[  147.293670] [<c07cc3b8>] (schedule) from [<c01560b0>] (rescuer_thread+0x28c/0x300)
[  147.301605] [<c01560b0>] (rescuer_thread) from [<c015bc40>] (kthread+0xd4/0xf0)
[  147.309234] [<c015bc40>] (kthread) from [<c01078f0>] (ret_from_fork+0x14/0x24)
[  147.316802] bioset          S c07cbab4     0    57      2 0x00000000
[  147.323486] [<c07cbab4>] (__schedule) from [<c07cc3b8>] (schedule+0x44/0x9c)
[  147.330871] [<c07cc3b8>] (schedule) from [<c01560b0>] (rescuer_thread+0x28c/0x300)
[  147.338806] [<c01560b0>] (rescuer_thread) from [<c015bc40>] (kthread+0xd4/0xf0)
[  147.346435] [<c015bc40>] (kthread) from [<c01078f0>] (ret_from_fork+0x14/0x24)
[  147.354003] bioset          S c07cbab4     0    58      2 0x00000000
[  147.360687] [<c07cbab4>] (__schedule) from [<c07cc3b8>] (schedule+0x44/0x9c)
[  147.368072] [<c07cc3b8>] (schedule) from [<c01560b0>] (rescuer_thread+0x28c/0x300)
[  147.376007] [<c01560b0>] (rescuer_thread) from [<c015bc40>] (kthread+0xd4/0xf0)
[  147.383666] [<c015bc40>] (kthread) from [<c01078f0>] (ret_from_fork+0x14/0x24)
[  147.391235] bioset          S c07cbab4     0    59      2 0x00000000
[  147.397918] [<c07cbab4>] (__schedule) from [<c07cc3b8>] (schedule+0x44/0x9c)
[  147.405273] [<c07cc3b8>] (schedule) from [<c01560b0>] (rescuer_thread+0x28c/0x300)
[  147.413208] [<c01560b0>] (rescuer_thread) from [<c015bc40>] (kthread+0xd4/0xf0)
[  147.420867] [<c015bc40>] (kthread) from [<c01078f0>] (ret_from_fork+0x14/0x24)
[  147.428436] bioset          S c07cbab4     0    60      2 0x00000000
[  147.435119] [<c07cbab4>] (__schedule) from [<c07cc3b8>] (schedule+0x44/0x9c)
[  147.442504] [<c07cc3b8>] (schedule) from [<c01560b0>] (rescuer_thread+0x28c/0x300)
[  147.450439] [<c01560b0>] (rescuer_thread) from [<c015bc40>] (kthread+0xd4/0xf0)
[  147.458099] [<c015bc40>] (kthread) from [<c01078f0>] (ret_from_fork+0x14/0x24)
[  147.465637] bioset          S c07cbab4     0    61      2 0x00000000
[  147.472351] [<c07cbab4>] (__schedule) from [<c07cc3b8>] (schedule+0x44/0x9c)
[  147.479736] [<c07cc3b8>] (schedule) from [<c01560b0>] (rescuer_thread+0x28c/0x300)
[  147.487670] [<c01560b0>] (rescuer_thread) from [<c015bc40>] (kthread+0xd4/0xf0)
[  147.495330] [<c015bc40>] (kthread) from [<c01078f0>] (ret_from_fork+0x14/0x24)
[  147.502899] bioset          S c07cbab4     0    62      2 0x00000000
[  147.509582] [<c07cbab4>] (__schedule) from [<c07cc3b8>] (schedule+0x44/0x9c)
[  147.516967] [<c07cc3b8>] (schedule) from [<c01560b0>] (rescuer_thread+0x28c/0x300)
[  147.524902] [<c01560b0>] (rescuer_thread) from [<c015bc40>] (kthread+0xd4/0xf0)
[  147.532562] [<c015bc40>] (kthread) from [<c01078f0>] (ret_from_fork+0x14/0x24)
[  147.540130] bioset          S c07cbab4     0    63      2 0x00000000
[  147.546813] [<c07cbab4>] (__schedule) from [<c07cc3b8>] (schedule+0x44/0x9c)
[  147.554199] [<c07cc3b8>] (schedule) from [<c01560b0>] (rescuer_thread+0x28c/0x300)
[  147.562133] [<c01560b0>] (rescuer_thread) from [<c015bc40>] (kthread+0xd4/0xf0)
[  147.569763] [<c015bc40>] (kthread) from [<c01078f0>] (ret_from_fork+0x14/0x24)
[  147.577331] bioset          S c07cbab4     0    64      2 0x00000000
[  147.584045] [<c07cbab4>] (__schedule) from [<c07cc3b8>] (schedule+0x44/0x9c)
[  147.591400] [<c07cc3b8>] (schedule) from [<c01560b0>] (rescuer_thread+0x28c/0x300)
[  147.599334] [<c01560b0>] (rescuer_thread) from [<c015bc40>] (kthread+0xd4/0xf0)
[  147.606994] [<c015bc40>] (kthread) from [<c01078f0>] (ret_from_fork+0x14/0x24)
[  147.614532] irq/23-TWL4030- S c07cbab4     0    65      2 0x00000000
[  147.621215] [<c07cbab4>] (__schedule) from [<c07cc3b8>] (schedule+0x44/0x9c)
[  147.628601] [<c07cc3b8>] (schedule) from [<c01a3dbc>] (irq_thread+0xb0/0x200)
[  147.636077] [<c01a3dbc>] (irq_thread) from [<c015bc40>] (kthread+0xd4/0xf0)
[  147.643371] [<c015bc40>] (kthread) from [<c01078f0>] (ret_from_fork+0x14/0x24)
[  147.650939] bioset          S c07cbab4     0    66      2 0x00000000
[  147.657623] [<c07cbab4>] (__schedule) from [<c07cc3b8>] (schedule+0x44/0x9c)
[  147.665008] [<c07cc3b8>] (schedule) from [<c01560b0>] (rescuer_thread+0x28c/0x300)
[  147.672943] [<c01560b0>] (rescuer_thread) from [<c015bc40>] (kthread+0xd4/0xf0)
[  147.680603] [<c015bc40>] (kthread) from [<c01078f0>] (ret_from_fork+0x14/0x24)
[  147.688140] bioset          S c07cbab4     0    67      2 0x00000000
[  147.694854] [<c07cbab4>] (__schedule) from [<c07cc3b8>] (schedule+0x44/0x9c)
[  147.702209] [<c07cc3b8>] (schedule) from [<c01560b0>] (rescuer_thread+0x28c/0x300)
[  147.710144] [<c01560b0>] (rescuer_thread) from [<c015bc40>] (kthread+0xd4/0xf0)
[  147.717803] [<c015bc40>] (kthread) from [<c01078f0>] (ret_from_fork+0x14/0x24)
[  147.725372] bioset          S c07cbab4     0    68      2 0x00000000
[  147.732055] [<c07cbab4>] (__schedule) from [<c07cc3b8>] (schedule+0x44/0x9c)
[  147.739440] [<c07cc3b8>] (schedule) from [<c01560b0>] (rescuer_thread+0x28c/0x300)
[  147.747375] [<c01560b0>] (rescuer_thread) from [<c015bc40>] (kthread+0xd4/0xf0)
[  147.755035] [<c015bc40>] (kthread) from [<c01078f0>] (ret_from_fork+0x14/0x24)
[  147.762603] bioset          S c07cbab4     0    69      2 0x00000000
[  147.769287] [<c07cbab4>] (__schedule) from [<c07cc3b8>] (schedule+0x44/0x9c)
[  147.776672] [<c07cc3b8>] (schedule) from [<c01560b0>] (rescuer_thread+0x28c/0x300)
[  147.784606] [<c01560b0>] (rescuer_thread) from [<c015bc40>] (kthread+0xd4/0xf0)
[  147.792236] [<c015bc40>] (kthread) from [<c01078f0>] (ret_from_fork+0x14/0x24)
[  147.799804] bioset          S c07cbab4     0    70      2 0x00000000
[  147.806488] [<c07cbab4>] (__schedule) from [<c07cc3b8>] (schedule+0x44/0x9c)
[  147.813873] [<c07cc3b8>] (schedule) from [<c01560b0>] (rescuer_thread+0x28c/0x300)
[  147.821807] [<c01560b0>] (rescuer_thread) from [<c015bc40>] (kthread+0xd4/0xf0)
[  147.829467] [<c015bc40>] (kthread) from [<c01078f0>] (ret_from_fork+0x14/0x24)
[  147.837036] spi1            S c07cbab4     0    71      2 0x00000000
[  147.843719] [<c07cbab4>] (__schedule) from [<c07cc3b8>] (schedule+0x44/0x9c)
[  147.851135] [<c07cc3b8>] (schedule) from [<c015be34>] (kthread_worker_fn+0x178/0x1c8)
[  147.859313] [<c015be34>] (kthread_worker_fn) from [<c015bc40>] (kthread+0xd4/0xf0)
[  147.867218] [<c015bc40>] (kthread) from [<c01078f0>] (ret_from_fork+0x14/0x24)
[  147.874755] spi2            S c07cbab4     0    72      2 0x00000000
[  147.881469] [<c07cbab4>] (__schedule) from [<c07cc3b8>] (schedule+0x44/0x9c)
[  147.888854] [<c07cc3b8>] (schedule) from [<c015be34>] (kthread_worker_fn+0x178/0x1c8)
[  147.897033] [<c015be34>] (kthread_worker_fn) from [<c015bc40>] (kthread+0xd4/0xf0)
[  147.904968] [<c015bc40>] (kthread) from [<c01078f0>] (ret_from_fork+0x14/0x24)
[  147.912536] spi3            S c07cbab4     0    73      2 0x00000000
[  147.919219] [<c07cbab4>] (__schedule) from [<c07cc3b8>] (schedule+0x44/0x9c)
[  147.926605] [<c07cc3b8>] (schedule) from [<c015be34>] (kthread_worker_fn+0x178/0x1c8)
[  147.934814] [<c015be34>] (kthread_worker_fn) from [<c015bc40>] (kthread+0xd4/0xf0)
[  147.942749] [<c015bc40>] (kthread) from [<c01078f0>] (ret_from_fork+0x14/0x24)
[  147.950286] spi4            S c07cbab4     0    74      2 0x00000000
[  147.956970] [<c07cbab4>] (__schedule) from [<c07cc3b8>] (schedule+0x44/0x9c)
[  147.964355] [<c07cc3b8>] (schedule) from [<c015be34>] (kthread_worker_fn+0x178/0x1c8)
[  147.972564] [<c015be34>] (kthread_worker_fn) from [<c015bc40>] (kthread+0xd4/0xf0)
[  147.980468] [<c015bc40>] (kthread) from [<c01078f0>] (ret_from_fork+0x14/0x24)
[  147.988037] kworker/0:2     S c07cbab4     0    75      2 0x00000000
[  147.994720] [<c07cbab4>] (__schedule) from [<c07cc3b8>] (schedule+0x44/0x9c)
[  148.002105] [<c07cc3b8>] (schedule) from [<c01559f8>] (worker_thread+0xa4/0x4d0)
[  148.009857] [<c01559f8>] (worker_thread) from [<c015bc40>] (kthread+0xd4/0xf0)
[  148.017425] [<c015bc40>] (kthread) from [<c01078f0>] (ret_from_fork+0x14/0x24)
[  148.024963] ipv6_addrconf   S c07cbab4     0    76      2 0x00000000
[  148.031677] [<c07cbab4>] (__schedule) from [<c07cc3b8>] (schedule+0x44/0x9c)
[  148.039062] [<c07cc3b8>] (schedule) from [<c01560b0>] (rescuer_thread+0x28c/0x300)
[  148.046997] [<c01560b0>] (rescuer_thread) from [<c015bc40>] (kthread+0xd4/0xf0)
[  148.054656] [<c015bc40>] (kthread) from [<c01078f0>] (ret_from_fork+0x14/0x24)
[  148.062225] irq/306-4902000 S c07cbab4     0    77      2 0x00000000
[  148.068908] [<c07cbab4>] (__schedule) from [<c07cc3b8>] (schedule+0x44/0x9c)
[  148.076293] [<c07cc3b8>] (schedule) from [<c01a3dbc>] (irq_thread+0xb0/0x200)
[  148.083770] [<c01a3dbc>] (irq_thread) from [<c015bc40>] (kthread+0xd4/0xf0)
[  148.091064] [<c015bc40>] (kthread) from [<c01078f0>] (ret_from_fork+0x14/0x24)
[  148.098602] kworker/u2:1    S c07cbab4     0    78      2 0x00000000
[  148.105316] [<c07cbab4>] (__schedule) from [<c07cc3b8>] (schedule+0x44/0x9c)
[  148.112701] [<c07cc3b8>] (schedule) from [<c01559f8>] (worker_thread+0xa4/0x4d0)
[  148.120452] [<c01559f8>] (worker_thread) from [<c015bc40>] (kthread+0xd4/0xf0)
[  148.128021] [<c015bc40>] (kthread) from [<c01078f0>] (ret_from_fork+0x14/0x24)
[  148.135589] Sched Debug Version: v0.11, 4.8.0-next-20161010-00002-g504270ace8ee #3
[  148.143524] ktime                                   : 148363.712158
[  148.150085] sched_clk                               : 148135.589598
[  148.156646] cpu_clk                                 : 148135.589598
[  148.163208] jiffies                                 : 4294951877
[  148.169494] 
[  148.171051] sysctl_sched
[  148.173706]   .sysctl_sched_latency                    : 6.000000
[  148.180084]   .sysctl_sched_min_granularity            : 0.750000
[  148.186462]   .sysctl_sched_wakeup_granularity         : 1.000000
[  148.192810]   .sysctl_sched_child_runs_first           : 0
[  148.198547]   .sysctl_sched_features                   : 44859
[  148.204650]   .sysctl_sched_tunable_scaling            : 1 (logaritmic)
[  148.211578] 
[  148.213134] cpu#0
[  148.215148]   .nr_running                    : 0
[  148.219970]   .load                          : 0
[  148.224792]   .nr_switches                   : 3642
[  148.229919]   .nr_load_updates               : 1422
[  148.235015]   .nr_uninterruptible            : 1
[  148.239837]   .next_balance                  : 4294.937296
[  148.245574]   .curr->pid                     : 0
[  148.250427]   .clock                         : 145572.326659
[  148.256347]   .clock_task                    : 145572.326659
[  148.262268]   .cpu_load[0]                   : 0
[  148.267089]   .cpu_load[1]                   : 0
[  148.271911]   .cpu_load[2]                   : 0
[  148.276763]   .cpu_load[3]                   : 0
[  148.281585]   .cpu_load[4]                   : 0
[  148.286407]   .avg_idle                      : 1000000
[  148.291778]   .max_idle_balance_cost         : 500000
[  148.297576] 
[  148.297576] cfs_rq[0]:/
[  148.301696]   .exec_clock                    : 0.000000
[  148.307220]   .MIN_vruntime                  : 0.000001
[  148.312713]   .min_vruntime                  : 3105.911859
[  148.318450]   .max_vruntime                  : 0.000001
[  148.323913]   .spread                        : 0.000000
[  148.329376]   .spread0                       : 0.000000
[  148.334838]   .nr_spread_over                : 0
[  148.339660]   .nr_running                    : 0
[  148.344482]   .load                          : 0
[  148.349304]   .load_avg                      : 7
[  148.354125]   .runnable_load_avg             : 0
[  148.358978]   .util_avg                      : 4
[  148.363800]   .removed_load_avg              : 0
[  148.368621]   .removed_util_avg              : 0
[  148.373443]   .tg_load_avg_contrib           : 0
[  148.378295]   .tg_load_avg                   : 0
[  148.383117]   .throttled                     : 0
[  148.387939]   .throttle_count                : 0
[  148.392791] 
[  148.392791] rt_rq[0]:/
[  148.396789]   .rt_nr_running                 : 0
[  148.401611]   .rt_throttled                  : 0
[  148.406463]   .rt_time                       : 0.000000
[  148.411926]   .rt_runtime                    : 950.000000
[  148.417572] 
[  148.417572] dl_rq[0]:
[  148.421508]   .dl_nr_running                 : 0
[  148.426330]   .dl_bw->bw                     : 996147
[  148.431610]   .dl_bw->total_bw               : 0
[  148.436431] 
[  148.436431] runnable tasks:
[  148.436431]             task   PID         tree-key  switches  prio     wait-time             sum-exec        sum-sleep
[  148.436431] ----------------------------------------------------------------------------------------------------------
[  148.463348]        swapper/0     1      3103.888422      1568   120         0.000000      3031.768819         0.000000 /
[  148.474761]         kthreadd     2      3100.125483        77   120         0.000000        21.301262         0.000000 /
[  148.486206]      kworker/0:0     3      2581.763162        11   120         0.000000         7.202147         0.000000 /
[  148.497589]     kworker/0:0H     4      1024.683468         5   100         0.000000         0.183106         0.000000 /
[  148.509033]     kworker/u2:0     5      3103.796869         8   120         0.000000         1.647950         0.000000 /
[  148.520446]      ksoftirqd/0     6      1015.497326         4   120         0.000000         0.427245         0.000000 /
[  148.531860]        rcu_sched     7      2770.169408        32   120         0.000000        11.016846         0.000000 /
[  148.543243]           rcu_bh     8        16.690458         2   120         0.000000         0.091552         0.000000 /
[  148.554656]      migration/0     9         0.000000         4     0         0.000000         0.488282         0.000000 /
[  148.566101]    lru-add-drain    10        23.783065         2   100         0.000000         0.152589         0.000000 /
[  148.577484]          cpuhp/0    11      2448.258036         5   120         0.000000         0.488280         0.000000 /
[  148.588928]        kdevtmpfs    12      2646.744363       146   120         0.000000        41.351318         0.000000 /
[  148.600341]            netns    13       196.793588         2   100         0.000000         0.122071         0.000000 /
[  148.611755]      kworker/0:1    14      3099.026850       259   120         0.000000        56.091322         0.000000 /
[  148.623168]       oom_reaper    15       672.785178         2   120         0.000000         0.213623         0.000000 /
[  148.634582]        writeback    16       676.163457         2   100         0.000000         0.091553         0.000000 /
[  148.645996]       kcompactd0    17       678.376727         2   120         0.000000         0.244141         0.000000 /
[  148.657440]           crypto    18       680.224139         2   100         0.000000         0.061036         0.000000 /
[  148.668853]           bioset    19       682.254655         2   100         0.000000         0.061035         0.000000 /
[  148.680267]          kblockd    20       684.285524         2   100         0.000000         0.091554         0.000000 /
[  148.691680]          ata_sff    21       749.466325         2   100         0.000000         0.152588         0.000000 /
[  148.703094]  irq/72-48070000    22         0.000000       237    49         0.000000        29.357909         0.000000 /
[  148.714538]  irq/73-48072000    23         0.000000         2    49         0.000000         0.122070         0.000000 /
[  148.725952]  irq/77-48060000    24         0.000000         2    49         0.000000         0.122071         0.000000 /
[  148.737365]        watchdogd    25       768.149670         2   100         0.000000         0.091553         0.000000 /
[  148.748779]           rpciod    26      1024.744503         2   100         0.000000         0.183106         0.000000 /
[  148.760223]          xprtiod    27      1035.038204         2   100         0.000000         0.091552         0.000000 /
[  148.771667]          kswapd0    28      1163.558342         3   120         0.000000         0.579836         0.000000 /
[  148.783081]           vmstat    29      1058.337028         2   100         0.000000         0.091552         0.000000 /
[  148.794494]           nfsiod    30      1060.398062         2   100         0.000000         0.152588         0.000000 /
[  148.805908]           bioset    41      1930.774647         2   100         0.000000         0.061035         0.000000 /
[  148.817352]           bioset    42      1932.805164         2   100         0.000000         0.061035         0.000000 /
[  148.828765]           bioset    43      1934.836032         2   100         0.000000         0.091553         0.000000 /
[  148.840179]           bioset    44      1936.866196         2   100         0.000000         0.061034         0.000000 /
[  148.851593]           bioset    45      1938.897065         2   100         0.000000         0.091553         0.000000 /
[  148.863006]           bioset    46      1940.927230         2   100         0.000000         0.061035         0.000000 /
[  148.874420]           bioset    47      1942.958099         2   100         0.000000         0.091553         0.000000 /
[  148.885833]           bioset    48      1944.988616         2   100         0.000000         0.091553         0.000000 /
[  148.897247]           bioset    49      1947.019133         2   100         0.000000         0.091553         0.000000 /
[  148.908660]           bioset    50      1949.049298         2   100         0.000000         0.061035         0.000000 /
[  148.920104]           bioset    51      1951.079814         2   100         0.000000         0.030517         0.000000 /
[  148.931518]           bioset    52      1953.110683         2   100         0.000000         0.091553         0.000000 /
[  148.942932]           bioset    53      1955.141200         2   100         0.000000         0.091553         0.000000 /
[  148.954376]           bioset    54      1957.171717         2   100         0.000000         0.091553         0.000000 /
[  148.965789]           bioset    55      1959.202233         2   100         0.000000         0.091553         0.000000 /
[  148.977203]           bioset    56      1963.740075         2   100         0.000000         0.122069         0.000000 /
[  148.988616]           bioset    57      2018.397059         2   100         0.000000         0.091553         0.000000 /
[  149.000030]           bioset    58      2025.807945         2   100         0.000000         0.091553         0.000000 /
[  149.011474]           bioset    59      2027.277322         2   100         0.000000         0.091552         0.000000 /
[  149.022857]           bioset    60      2034.260962         2   100         0.000000         0.061035         0.000000 /
[  149.034301]           bioset    61      2035.456385         2   100         0.000000         0.122070         0.000000 /
[  149.045715]           bioset    62      2042.439673         2   100         0.000000         0.091552         0.000000 /
[  149.057128]           bioset    63      2043.513026         2   100         0.000000         0.122070         0.000000 /
[  149.068511]           bioset    64      2058.985439         2   100         0.000000         0.122070         0.000000 /
[  149.079956]  irq/23-TWL4030-    65         0.000000         2    49         0.000000         0.152589         0.000000 /
[  149.091369]           bioset    66      2228.510234         2   100         0.000000         0.061035         0.000000 /
[  149.102783]           bioset    67      2249.964443         2   100         0.000000         0.091553         0.000000 /
[  149.114196]           bioset    68      2260.309903         2   100         0.000000         0.091554         0.000000 /
[  149.125640]           bioset    69      2277.430263         2   100         0.000000         0.122070         0.000000 /
[  149.137054]           bioset    70      2396.748755         2   100         0.000000         0.091553         0.000000 /
[  149.148468]             spi1    71      2397.446268         2   120         0.000000         0.152588         0.000000 /
[  149.159881]             spi2    72      2403.537819         2   120         0.000000         0.183106         0.000000 /
[  149.171325]             spi3    73      2405.568335         2   120         0.000000         0.122070         0.000000 /
[  149.182739]             spi4    74      2407.598851         2   120         0.000000         0.122070         0.000000 /
[  149.194183]      kworker/0:2    75      2647.293681        15   120         0.000000        20.843507         0.000000 /
[  149.205596]    ipv6_addrconf    76      2474.960918         2   100         0.000000         0.183106         0.000000 /
[  149.217041]  irq/306-4902000    77         0.000000         2    49         0.000000         0.518798         0.000000 /
[  149.228454]     kworker/u2:1    78      3105.911859         2   120         0.000000         0.091553         0.000000 /
[  149.239868] 
[  149.241424] 
[  149.241424] Showing all locks held in the system:
[  149.247924] 
[  149.249511] =============================================
[  149.249511] 
[  149.256713] Showing busy workqueues and worker pools:
- 06:17:55 [INFO] [  155.847076] sysrq: SysRq : Show backtrace of all active CPUs
[  155.853057] NMI backtrace for cpu 0
[  155.856719] CPU: 0 PID: 0 Comm: swapper/0 Not tainted 4.8.0-next-20161010-00002-g504270ace8ee #3
[  155.865905] Hardware name: Generic OMAP3-GP (Flattened Device Tree)
[  155.872497] [<c0110064>] (unwind_backtrace) from [<c010c27c>] (show_stack+0x10/0x14)
[  155.880645] [<c010c27c>] (show_stack) from [<c048bc0c>] (dump_stack+0xb0/0xe4)
[  155.888214] [<c048bc0c>] (dump_stack) from [<c048f610>] (nmi_cpu_backtrace+0xac/0xbc)
[  155.896423] [<c048f610>] (nmi_cpu_backtrace) from [<c048f6e8>] (nmi_trigger_cpumask_backtrace+0xc8/0x118)
[  155.906433] [<c048f6e8>] (nmi_trigger_cpumask_backtrace) from [<c0518848>] (__handle_sysrq+0xd4/0x248)
[  155.916198] [<c0518848>] (__handle_sysrq) from [<c0533cf4>] (serial_omap_irq+0x37c/0x3c4)
[  155.924774] [<c0533cf4>] (serial_omap_irq) from [<c01a27d8>] (__handle_irq_event_percpu+0x3c/0x3d4)
[  155.934234] [<c01a27d8>] (__handle_irq_event_percpu) from [<c01a2b8c>] (handle_irq_event_percpu+0x1c/0x58)
[  155.944335] [<c01a2b8c>] (handle_irq_event_percpu) from [<c01a2c00>] (handle_irq_event+0x38/0x5c)
[  155.953643] [<c01a2c00>] (handle_irq_event) from [<c01a5ed4>] (handle_level_irq+0xb8/0x14c)
[  155.962371] [<c01a5ed4>] (handle_level_irq) from [<c01a1b18>] (generic_handle_irq+0x20/0x34)
[  155.971221] [<c01a1b18>] (generic_handle_irq) from [<c01a205c>] (__handle_domain_irq+0x64/0xe0)
[  155.980346] [<c01a205c>] (__handle_domain_irq) from [<c07d1ab0>] (__irq_svc+0x70/0x98)
[  155.988647] [<c07d1ab0>] (__irq_svc) from [<c07d0f04>] (cpu_idle_poll+0x5c/0x210)
[  155.996490] [<c07d0f04>] (cpu_idle_poll) from [<c018802c>] (cpu_startup_entry+0x80/0x224)
[  156.005065] [<c018802c>] (cpu_startup_entry) from [<c0b00c0c>] (start_kernel+0x344/0x3b8)
[  156.013610] [<c0b00c0c>] (start_kernel) from [<8000807c>] (0x8000807c)
- 06:18:05 [INFO] [  166.103149] sysrq: SysRq : Show Blocked State
[  166.107757]   task                PC stack   pid father
[  166.113220] swapper/0       D c07cbab4     0     1      0 0x00000000
[  166.119934] [<c07cbab4>] (__schedule) from [<c07cc3b8>] (schedule+0x44/0x9c)
[  166.127319] [<c07cc3b8>] (schedule) from [<c07d07bc>] (schedule_timeout+0x268/0x498)
[  166.135437] [<c07d07bc>] (schedule_timeout) from [<c01b6a28>] (msleep+0x2c/0x38)
[  166.143188] [<c01b6a28>] (msleep) from [<c0b01698>] (prepare_namespace+0x114/0x1c8)
[  166.151214] [<c0b01698>] (prepare_namespace) from [<c0b00f10>] (kernel_init_freeable+0x290/0x2e4)
[  166.160491] [<c0b00f10>] (kernel_init_freeable) from [<c07ca540>] (kernel_init+0x8/0x118)
[  166.169067] [<c07ca540>] (kernel_init) from [<c01078f0>] (ret_from_fork+0x14/0x24)
- 06:18:05 [INFO] Disconnected serial from beagleboard-vanilla
URL:gtsystest.telogy.design.ti.com/vatf/tidfarm-05/tidfarm-05_vatf@beagleboard-vanilla/tidfarm-0510_10_2016_06_14_14/files/session_iteration_1/test_1
