- 01:17:23 [INFO] Starting target session
- 01:17:23 [INFO] Connected to beaglebone via serial 
- 01:17:23 [INFO] Host: #check prompt
- 01:17:26 [ERROR] On command: #check prompt waiting for #check prompt.+?(?-mix:((?-mix:login:)|[Pp]assword)) >>> error: execution expired
- 01:17:26 [INFO] Target: 
#check prompt
root@am335x-evm:/test# 
- 01:17:26 [INFO] Host: #check prompt
- 01:17:26 [INFO] Target: 
#check prompt
root@am335x-evm:/test# 
- 01:17:26 [INFO] Host: sync;poweroff
- 01:18:07 [INFO] Target: 
sync;poweroff
Broadcast message from root@am335x-evm (ttyS0) (Thu Jan 14 06:49:30 2016):
The system is going down for system halt NOW!
INIT: Switching to runlevel: 0
root@am335x-evm:/test# 
INIT: Sending processes the TERM signal
UIM SYSFS Node Not Found
Stopping Dropbear SSH server: stopped /usr/sbin/dropbear (pid 761)
dropbear.
Stopping telnet daemon.
Stopping system message bus: dbus.
Error opening /dev/fb0: No such file or directory
Stopping syslogd/klogd: stopped syslogd (pid 781)
stopped klogd (pid 783)
done
Stopping thttpd.
Stopping Weston
stopping statd: done
Stopping random number generator daemon.
ALSA: Storing mixer settings...
/usr/sbin/alsactl: save_state:1590: No soundcards found...
Stopping rpcbind daemon...
done.
Stopping Lighttpd Web Server: stopped /usr/sbin/lighttpd (pid 790)
lighttpd.
NOT deconfiguring network interfaces: / is an NFS mount
Stopping Matrix GUI applicationstart-stop-daemon: warning: killing process 799: No such process
Disabling thermal zones...
/etc/rc0.d/K98thermal-zone-init: line 13: /sys/class/thermal/thermal_zone*/mode: No such file or directory
***************************************************************
***************************************************************
NOTICE: This file system contains the following GPLv3 packages:
	autoconf
	binutils
	cpp-symlinks
	cpp
	g++-symlinks
	g++
	gcc-symlinks
	gcc
	gdbserver
	gstreamer1.0-libav
	libgmp10
	libmpc3
	libmpfr4
	make
If you do not wish to distribute GPLv3 components please remove
the above packages prior to distribution.  This can be done using
the opkg remove command.  i.e.:
    opkg remove <package>
Where <package> is the name printed in the list above
NOTE: If the package is a dependency of another package you
      will be notified of the dependent packages.  You should
      use the --force-removal-of-dependent-packages option to
      also remove the dependent packages as well
***************************************************************
***************************************************************
Sending all processes the TERM signal...
Sending all processes the KILL signal...
Unmounting remote filesystems...
Deactivating swap...
Unmounting local filesystems...
[ 7422.706631] musb-hdrc musb-hdrc.1.auto: remove, state 1
[ 7422.719305] usb usb1: USB disconnect, device number 1
[ 7422.724521] usb 1-1: USB disconnect, device number 2
[ 7423.080252] musb-hdrc musb-hdrc.1.auto: USB bus 1 deregistered
[ 7423.115095] reboot: System halted
- 01:18:07 [INFO] Disconnected serial from beaglebone
- 01:18:12 [INFO] Connected to beaglebone via serial 
- 01:18:12 [INFO] Host: 
- 01:18:15 [INFO] Target: 
U-Boot SPL 2014.07-g67b4cea (Mar 20 2015 - 13:25:28)
reading args
spl_load_image_fat_os: error reading image args, err - -1
reading u-boot.img
reading u-boot.img
U-Boot 2014.07-g67b4cea (Mar 20 2015 - 13:25:28)
I2C:   ready
DRAM:  256 MiB
NAND:  0 MiB
MMC:   OMAP SD/MMC: 0, OMAP SD/MMC: 1
reading uboot.env
** Unable to read "uboot.env" from mmc0:1 **
Using default environment
Net:   <ethaddr> not set. Validating first E-fuse MAC
cpsw, usb_ether
Hit any key to stop autoboot:  1  0 
U-Boot# 
U-Boot# 
U-Boot# 
U-Boot# 
U-Boot# 
U-Boot# 
U-Boot# 
U-Boot# 
U-Boot# 
U-Boot# 
U-Boot# 
U-Boot# 
U-Boot# 
- 01:18:16 [INFO] Host: 
- 01:18:16 [INFO] Target: 
U-Boot# 
- 01:18:16 [INFO] Host: version
- 01:18:16 [INFO] Target: 
version
U-Boot 2014.07-g67b4cea (Mar 20 2015 - 13:25:28)
arm-linux-gnueabihf-gcc (crosstool-NG linaro-1.13.1-4.7-2013.03-20130313 - Linaro GCC 2013.03) 4.7.3 20130226 (prerelease)
GNU ld (crosstool-NG linaro-1.13.1-4.7-2013.03-20130313 - Linaro GCC 2013.03) 2.23.1
U-Boot# 
- 01:18:16 [INFO] Host: setenv bootargs 'console=ttyO0,115200n8 earlyprintk rootwait '
- 01:18:16 [INFO] Target: 
setenv bootargs 'console=ttyO0,115200n8 earlyprintk rootwait '
U-Boot# 
- 01:18:16 [INFO] Host: setenv bootcmd  ''
- 01:18:16 [INFO] Target: 
setenv bootcmd  ''
U-Boot# 
- 01:18:16 [INFO] Host: setenv autoload 'no'
- 01:18:16 [INFO] Target: 
setenv autoload 'no'
U-Boot# 
- 01:18:16 [INFO] Host: setenv serverip '192.168.0.1'
- 01:18:16 [INFO] Target: 
setenv serverip '192.168.0.1'
U-Boot# 
- 01:18:16 [INFO] Host: printenv
- 01:18:17 [INFO] Target: 
printenv
arch=arm
autoload=no
baudrate=115200
board=am335x
board_name=A335BONE
board_rev=00A6
boot_fdt=try
bootargs=console=ttyO0,115200n8 earlyprintk rootwait 
bootcmd=
bootcount=1
bootdelay=1
bootdir=/boot
bootenv=uEnv.txt
bootfile=zImage
bootm_size=0x10000000
bootpart=0:2
console=ttyO0,115200n8
cpu=armv7
dfu_alt_info_emmc=rawemmc raw 0 3751936;boot part 1 1;rootfs part 1 2;MLO fat 1 1;MLO.raw raw 0x100 0x100;u-boot.img.raw raw 0x300 0x400;spl-os-args.raw raw 0x80 0x80;spl-os-image.raw raw 0x900 0x2000;spl-os-args fat 1 1;spl-os-image fat 1 1;u-boot.img fat 1 1;uEnv.txt fat 1 1
dfu_alt_info_mmc=boot part 0 1;rootfs part 0 2;MLO fat 0 1;MLO.raw raw 0x100 0x100;u-boot.img.raw raw 0x300 0x400;spl-os-args.raw raw 0x80 0x80;spl-os-image.raw raw 0x900 0x2000;spl-os-args fat 0 1;spl-os-image fat 0 1;u-boot.img fat 0 1;uEnv.txt fat 0 1
dfu_alt_info_nand=SPL part 0 1;SPL.backup1 part 0 2;SPL.backup2 part 0 3;SPL.backup3 part 0 4;u-boot part 0 5;u-boot-spl-os part 0 6;kernel part 0 8;rootfs part 0 9
dfu_alt_info_ram=kernel ram 0x80200000 0xD80000;fdt ram 0x80F80000 0x80000;ramdisk ram 0x81000000 0x4000000
eth1addr=78:c5:e5:d9:d6:07
ethact=cpsw
ethaddr=78:c5:e5:d9:d6:06
fdt_addr_r=0x88000000
fdtaddr=0x88000000
fdtfile=undefined
findfdt=if test $board_name = A335BONE; then setenv fdtfile am335x-bone.dtb; fi; if test $board_name = A335BNLT; then setenv fdtfile am335x-boneblack.dtb; fi; if test $board_name = A33515BB; then setenv fdtfile am335x-evm.dtb; fi; if test $board_name = A335X_SK; then setenv fdtfile am335x-evmsk.dtb; fi; if test $fdtfile = undefined; then echo WARNING: Could not determine device tree to use; fi; 
importbootenv=echo Importing environment from mmc ...; env import -t -r $loadaddr $filesize
kernel_addr_r=0x82000000
loadaddr=0x82000000
loadbootenv=load mmc ${mmcdev} ${loadaddr} ${bootenv}
loadfdt=load mmc ${bootpart} ${fdtaddr} ${bootdir}/${fdtfile}
loadimage=load mmc ${bootpart} ${loadaddr} ${bootdir}/${bootfile}
loadramdisk=load mmc ${mmcdev} ${rdaddr} ramdisk.gz
mmcargs=setenv bootargs console=${console} ${optargs} root=${mmcroot} rootfstype=${mmcrootfstype}
mmcboot=mmc dev ${mmcdev}; if mmc rescan; then echo SD/MMC found on device ${mmcdev};if run loadbootenv; then echo Loaded environment from ${bootenv};run importbootenv;fi;if test -n $uenvcmd; then echo Running uenvcmd ...;run uenvcmd;fi;if run loadimage; then run mmcloados;fi;fi;
mmcdev=0
mmcloados=run mmcargs; if test ${boot_fdt} = yes || test ${boot_fdt} = try; then if run loadfdt; then bootz ${loadaddr} - ${fdtaddr}; else if test ${boot_fdt} = try; then bootz; else echo WARN: Cannot load the DT; fi; fi; else bootz; fi;
mmcroot=/dev/mmcblk0p2 ro
mmcrootfstype=ext4 rootwait
mtdids=nand0=nand.0
mtdparts=mtdparts=nand.0:128k(NAND.SPL),128k(NAND.SPL.backup1),128k(NAND.SPL.backup2),128k(NAND.SPL.backup3),256k(NAND.u-boot-spl-os),1m(NAND.u-boot),128k(NAND.u-boot-env),128k(NAND.u-boot-env.backup1),8m(NAND.kernel),-(NAND.file-system)
nandargs=setenv bootargs console=${console} ${optargs} root=${nandroot} rootfstype=${nandrootfstype}
nandboot=echo Booting from nand ...; run nandargs; nand read ${fdtaddr} NAND.u-boot-spl-os; nand read ${loadaddr} NAND.kernel; bootz ${loadaddr} - ${fdtaddr}
nandroot=ubi0:rootfs rw ubi.mtd=NAND.file-system,2048
nandrootfstype=ubifs rootwait=1
netargs=setenv bootargs console=${console} ${optargs} root=/dev/nfs nfsroot=${serverip}:${rootpath},${nfsopts} rw ip=dhcp
netboot=echo Booting from network ...; setenv autoload no; dhcp; tftp ${loadaddr} ${bootfile}; tftp ${fdtaddr} ${fdtfile}; run netargs; bootz ${loadaddr} - ${fdtaddr}
nfsopts=nolock
partitions=uuid_disk=${uuid_gpt_disk};name=rootfs,start=2MiB,size=-,uuid=${uuid_gpt_rootfs}
ramargs=setenv bootargs console=${console} ${optargs} root=${ramroot} rootfstype=${ramrootfstype}
ramboot=echo Booting from ramdisk ...; run ramargs; bootz ${loadaddr} ${rdaddr} ${fdtaddr}
ramdisk_addr_r=0x88080000
ramroot=/dev/ram0 rw
ramrootfstype=ext2
rdaddr=0x88080000
rootpath=/export/rootfs
serverip=192.168.0.1
soc=am33xx
spiargs=setenv bootargs console=${console} ${optargs} root=${spiroot} rootfstype=${spirootfstype}
spiboot=echo Booting from spi ...; run spiargs; sf probe ${spibusno}:0; sf read ${loadaddr} ${spisrcaddr} ${spiimgsize}; bootz ${loadaddr}
spibusno=0
spiimgsize=0x362000
spiroot=/dev/mtdblock4 rw
spirootfstype=jffs2
spisrcaddr=0xe0000
static_ip=${ipaddr}:${serverip}:${gatewayip}:${netmask}:${hostname}::off
stderr=serial
stdin=serial
stdout=serial
usbnet_devaddr=78:c5:e5:d9:d6:07
vendor=ti
ver=U-Boot 2014.07-g67b4cea (Mar 20 2015 - 13:25:28)
Environment size: 4702/131068 bytes
U-Boot# 
- 01:18:17 [INFO] Host: setenv _initramfs -
- 01:18:17 [INFO] Target: 
setenv _initramfs -
U-Boot# 
- 01:18:17 [INFO] Host: printenv
- 01:18:17 [INFO] Target: 
printenv
_initramfs=-
arch=arm
autoload=no
baudrate=115200
board=am335x
board_name=A335BONE
board_rev=00A6
boot_fdt=try
bootargs=console=ttyO0,115200n8 earlyprintk rootwait 
bootcmd=
bootcount=1
bootdelay=1
bootdir=/boot
bootenv=uEnv.txt
bootfile=zImage
bootm_size=0x10000000
bootpart=0:2
console=ttyO0,115200n8
cpu=armv7
dfu_alt_info_emmc=rawemmc raw 0 3751936;boot part 1 1;rootfs part 1 2;MLO fat 1 1;MLO.raw raw 0x100 0x100;u-boot.img.raw raw 0x300 0x400;spl-os-args.raw raw 0x80 0x80;spl-os-image.raw raw 0x900 0x2000;spl-os-args fat 1 1;spl-os-image fat 1 1;u-boot.img fat 1 1;uEnv.txt fat 1 1
dfu_alt_info_mmc=boot part 0 1;rootfs part 0 2;MLO fat 0 1;MLO.raw raw 0x100 0x100;u-boot.img.raw raw 0x300 0x400;spl-os-args.raw raw 0x80 0x80;spl-os-image.raw raw 0x900 0x2000;spl-os-args fat 0 1;spl-os-image fat 0 1;u-boot.img fat 0 1;uEnv.txt fat 0 1
dfu_alt_info_nand=SPL part 0 1;SPL.backup1 part 0 2;SPL.backup2 part 0 3;SPL.backup3 part 0 4;u-boot part 0 5;u-boot-spl-os part 0 6;kernel part 0 8;rootfs part 0 9
dfu_alt_info_ram=kernel ram 0x80200000 0xD80000;fdt ram 0x80F80000 0x80000;ramdisk ram 0x81000000 0x4000000
eth1addr=78:c5:e5:d9:d6:07
ethact=cpsw
ethaddr=78:c5:e5:d9:d6:06
fdt_addr_r=0x88000000
fdtaddr=0x88000000
fdtfile=undefined
findfdt=if test $board_name = A335BONE; then setenv fdtfile am335x-bone.dtb; fi; if test $board_name = A335BNLT; then setenv fdtfile am335x-boneblack.dtb; fi; if test $board_name = A33515BB; then setenv fdtfile am335x-evm.dtb; fi; if test $board_name = A335X_SK; then setenv fdtfile am335x-evmsk.dtb; fi; if test $fdtfile = undefined; then echo WARNING: Could not determine device tree to use; fi; 
importbootenv=echo Importing environment from mmc ...; env import -t -r $loadaddr $filesize
kernel_addr_r=0x82000000
loadaddr=0x82000000
loadbootenv=load mmc ${mmcdev} ${loadaddr} ${bootenv}
loadfdt=load mmc ${bootpart} ${fdtaddr} ${bootdir}/${fdtfile}
loadimage=load mmc ${bootpart} ${loadaddr} ${bootdir}/${bootfile}
loadramdisk=load mmc ${mmcdev} ${rdaddr} ramdisk.gz
mmcargs=setenv bootargs console=${console} ${optargs} root=${mmcroot} rootfstype=${mmcrootfstype}
mmcboot=mmc dev ${mmcdev}; if mmc rescan; then echo SD/MMC found on device ${mmcdev};if run loadbootenv; then echo Loaded environment from ${bootenv};run importbootenv;fi;if test -n $uenvcmd; then echo Running uenvcmd ...;run uenvcmd;fi;if run loadimage; then run mmcloados;fi;fi;
mmcdev=0
mmcloados=run mmcargs; if test ${boot_fdt} = yes || test ${boot_fdt} = try; then if run loadfdt; then bootz ${loadaddr} - ${fdtaddr}; else if test ${boot_fdt} = try; then bootz; else echo WARN: Cannot load the DT; fi; fi; else bootz; fi;
mmcroot=/dev/mmcblk0p2 ro
mmcrootfstype=ext4 rootwait
mtdids=nand0=nand.0
mtdparts=mtdparts=nand.0:128k(NAND.SPL),128k(NAND.SPL.backup1),128k(NAND.SPL.backup2),128k(NAND.SPL.backup3),256k(NAND.u-boot-spl-os),1m(NAND.u-boot),128k(NAND.u-boot-env),128k(NAND.u-boot-env.backup1),8m(NAND.kernel),-(NAND.file-system)
nandargs=setenv bootargs console=${console} ${optargs} root=${nandroot} rootfstype=${nandrootfstype}
nandboot=echo Booting from nand ...; run nandargs; nand read ${fdtaddr} NAND.u-boot-spl-os; nand read ${loadaddr} NAND.kernel; bootz ${loadaddr} - ${fdtaddr}
nandroot=ubi0:rootfs rw ubi.mtd=NAND.file-system,2048
nandrootfstype=ubifs rootwait=1
netargs=setenv bootargs console=${console} ${optargs} root=/dev/nfs nfsroot=${serverip}:${rootpath},${nfsopts} rw ip=dhcp
netboot=echo Booting from network ...; setenv autoload no; dhcp; tftp ${loadaddr} ${bootfile}; tftp ${fdtaddr} ${fdtfile}; run netargs; bootz ${loadaddr} - ${fdtaddr}
nfsopts=nolock
partitions=uuid_disk=${uuid_gpt_disk};name=rootfs,start=2MiB,size=-,uuid=${uuid_gpt_rootfs}
ramargs=setenv bootargs console=${console} ${optargs} root=${ramroot} rootfstype=${ramrootfstype}
ramboot=echo Booting from ramdisk ...; run ramargs; bootz ${loadaddr} ${rdaddr} ${fdtaddr}
ramdisk_addr_r=0x88080000
ramroot=/dev/ram0 rw
ramrootfstype=ext2
rdaddr=0x88080000
rootpath=/export/rootfs
serverip=192.168.0.1
soc=am33xx
spiargs=setenv bootargs console=${console} ${optargs} root=${spiroot} rootfstype=${spirootfstype}
spiboot=echo Booting from spi ...; run spiargs; sf probe ${spibusno}:0; sf read ${loadaddr} ${spisrcaddr} ${spiimgsize}; bootz ${loadaddr}
spibusno=0
spiimgsize=0x362000
spiroot=/dev/mtdblock4 rw
spirootfstype=jffs2
spisrcaddr=0xe0000
static_ip=${ipaddr}:${serverip}:${gatewayip}:${netmask}:${hostname}::off
stderr=serial
stdin=serial
stdout=serial
usbnet_devaddr=78:c5:e5:d9:d6:07
vendor=ti
ver=U-Boot 2014.07-g67b4cea (Mar 20 2015 - 13:25:28)
Environment size: 4717/131068 bytes
U-Boot# 
- 01:18:17 [INFO] Host: setenv bootargs ''${bootargs}' ip=:::::eth0:dhcp '
- 01:18:17 [INFO] Target: 
setenv bootargs ''${bootargs}' ip=:::::eth0:dhcp '
U-Boot# 
- 01:18:17 [INFO] Host: setenv serverip '192.168.0.1'
- 01:18:17 [INFO] Target: 
setenv serverip '192.168.0.1'
U-Boot# 
- 01:18:17 [INFO] Host: setenv autoload 'no'
- 01:18:18 [INFO] Target: 
setenv autoload 'no'
U-Boot# 
- 01:18:18 [INFO] Host: dhcp
- 01:18:19 [INFO] Target: 
dhcp
link up on port 0, speed 100, full duplex
BOOTP broadcast 1
DHCP client bound to address 192.168.0.124
U-Boot# 
- 01:18:19 [INFO] Host: tftp ${loadaddr} 192.168.0.1:vatf_bbw1/64072445c57973367aaaf32ed337d412
- 01:18:20 [INFO] Target: 
tftp ${loadaddr} 192.168.0.1:vatf_bbw1/64072445c57973367aaaf32ed337d412
link up on port 0, speed 100, full duplex
Using cpsw device
TFTP from server 192.168.0.1; our IP address is 192.168.0.124
Filename 'vatf_bbw1/64072445c57973367aaaf32ed337d412'.
Load address: 0x82000000
Loading: *#################################################################
	 #################################################################
	 #################################################################
	 ######################################################
	 3.7 MiB/s
done
Bytes transferred = 3654152 (37c208 hex)
U-Boot# 
- 01:18:20 [INFO] Host: tftp ${fdtaddr} 192.168.0.1:vatf_bbw1/59a7840d68cbc6643e79b6a0c0bb1bfc
- 01:18:20 [INFO] Target: 
tftp ${fdtaddr} 192.168.0.1:vatf_bbw1/59a7840d68cbc6643e79b6a0c0bb1bfc
link up on port 0, speed 100, full duplex
Using cpsw device
TFTP from server 192.168.0.1; our IP address is 192.168.0.124
Filename 'vatf_bbw1/59a7840d68cbc6643e79b6a0c0bb1bfc'.
Load address: 0x88000000
Loading: *###
	 3.3 MiB/s
done
Bytes transferred = 31569 (7b51 hex)
U-Boot# 
- 01:18:20 [INFO] Host: ls mmc 0:1
- 01:18:20 [INFO] Target: 
ls mmc 0:1
    77192   mlo 
   446424   u-boot.img 
       14   .ipaddr 
        4   ws-calibrate.rules 
        0   pointercal 
5 file(s), 0 dir(s)
U-Boot# 
- 01:18:20 [INFO] Host: ls mmc 0:2
- 01:18:20 [INFO] Target: 
ls mmc 0:2
<DIR>       4096 .
<DIR>       4096 ..
<DIR>       4096 include
<DIR>       4096 srv
<DIR>       4096 home
<DIR>       4096 media
<DIR>       4096 opt
<DIR>       4096 var
<DIR>       4096 sys
<DIR>       4096 boot
<DIR>       4096 dev
<DIR>       4096 usr
<DIR>       4096 bin
<DIR>       4096 mnt
<DIR>       4096 etc
<DIR>       4096 sbin
<DIR>       4096 www
<SYM>          8 tmp
<DIR>       4096 proc
<DIR>       4096 run
<DIR>       4096 lib
<DIR>       4096 test
U-Boot# 
- 01:18:20 [INFO] Host: part uuid mmc 0:2
- 01:18:20 [INFO] Target: 
part uuid mmc 0:2
00000000-02
U-Boot# 
- 01:18:20 [INFO] Host: printenv
- 01:18:21 [INFO] Target: 
printenv
_initramfs=-
arch=arm
autoload=no
baudrate=115200
board=am335x
board_name=A335BONE
board_rev=00A6
boot_fdt=try
bootargs=console=ttyO0,115200n8 earlyprintk rootwait  ip=:::::eth0:dhcp 
bootcmd=
bootcount=1
bootdelay=1
bootdir=/boot
bootenv=uEnv.txt
bootfile=zImage
bootm_size=0x10000000
bootpart=0:2
console=ttyO0,115200n8
cpu=armv7
dfu_alt_info_emmc=rawemmc raw 0 3751936;boot part 1 1;rootfs part 1 2;MLO fat 1 1;MLO.raw raw 0x100 0x100;u-boot.img.raw raw 0x300 0x400;spl-os-args.raw raw 0x80 0x80;spl-os-image.raw raw 0x900 0x2000;spl-os-args fat 1 1;spl-os-image fat 1 1;u-boot.img fat 1 1;uEnv.txt fat 1 1
dfu_alt_info_mmc=boot part 0 1;rootfs part 0 2;MLO fat 0 1;MLO.raw raw 0x100 0x100;u-boot.img.raw raw 0x300 0x400;spl-os-args.raw raw 0x80 0x80;spl-os-image.raw raw 0x900 0x2000;spl-os-args fat 0 1;spl-os-image fat 0 1;u-boot.img fat 0 1;uEnv.txt fat 0 1
dfu_alt_info_nand=SPL part 0 1;SPL.backup1 part 0 2;SPL.backup2 part 0 3;SPL.backup3 part 0 4;u-boot part 0 5;u-boot-spl-os part 0 6;kernel part 0 8;rootfs part 0 9
dfu_alt_info_ram=kernel ram 0x80200000 0xD80000;fdt ram 0x80F80000 0x80000;ramdisk ram 0x81000000 0x4000000
dnsip=192.0.2.2
dnsip2=192.0.2.3
eth1addr=78:c5:e5:d9:d6:07
ethact=cpsw
ethaddr=78:c5:e5:d9:d6:06
fdt_addr_r=0x88000000
fdtaddr=0x88000000
fdtfile=undefined
fileaddr=88000000
filesize=7b51
findfdt=if test $board_name = A335BONE; then setenv fdtfile am335x-bone.dtb; fi; if test $board_name = A335BNLT; then setenv fdtfile am335x-boneblack.dtb; fi; if test $board_name = A33515BB; then setenv fdtfile am335x-evm.dtb; fi; if test $board_name = A335X_SK; then setenv fdtfile am335x-evmsk.dtb; fi; if test $fdtfile = undefined; then echo WARNING: Could not determine device tree to use; fi; 
gatewayip=192.168.0.1
importbootenv=echo Importing environment from mmc ...; env import -t -r $loadaddr $filesize
ipaddr=192.168.0.124
kernel_addr_r=0x82000000
loadaddr=0x82000000
loadbootenv=load mmc ${mmcdev} ${loadaddr} ${bootenv}
loadfdt=load mmc ${bootpart} ${fdtaddr} ${bootdir}/${fdtfile}
loadimage=load mmc ${bootpart} ${loadaddr} ${bootdir}/${bootfile}
loadramdisk=load mmc ${mmcdev} ${rdaddr} ramdisk.gz
mmcargs=setenv bootargs console=${console} ${optargs} root=${mmcroot} rootfstype=${mmcrootfstype}
mmcboot=mmc dev ${mmcdev}; if mmc rescan; then echo SD/MMC found on device ${mmcdev};if run loadbootenv; then echo Loaded environment from ${bootenv};run importbootenv;fi;if test -n $uenvcmd; then echo Running uenvcmd ...;run uenvcmd;fi;if run loadimage; then run mmcloados;fi;fi;
mmcdev=0
mmcloados=run mmcargs; if test ${boot_fdt} = yes || test ${boot_fdt} = try; then if run loadfdt; then bootz ${loadaddr} - ${fdtaddr}; else if test ${boot_fdt} = try; then bootz; else echo WARN: Cannot load the DT; fi; fi; else bootz; fi;
mmcroot=/dev/mmcblk0p2 ro
mmcrootfstype=ext4 rootwait
mtdids=nand0=nand.0
mtdparts=mtdparts=nand.0:128k(NAND.SPL),128k(NAND.SPL.backup1),128k(NAND.SPL.backup2),128k(NAND.SPL.backup3),256k(NAND.u-boot-spl-os),1m(NAND.u-boot),128k(NAND.u-boot-env),128k(NAND.u-boot-env.backup1),8m(NAND.kernel),-(NAND.file-system)
nandargs=setenv bootargs console=${console} ${optargs} root=${nandroot} rootfstype=${nandrootfstype}
nandboot=echo Booting from nand ...; run nandargs; nand read ${fdtaddr} NAND.u-boot-spl-os; nand read ${loadaddr} NAND.kernel; bootz ${loadaddr} - ${fdtaddr}
nandroot=ubi0:rootfs rw ubi.mtd=NAND.file-system,2048
nandrootfstype=ubifs rootwait=1
netargs=setenv bootargs console=${console} ${optargs} root=/dev/nfs nfsroot=${serverip}:${rootpath},${nfsopts} rw ip=dhcp
netboot=echo Booting from network ...; setenv autoload no; dhcp; tftp ${loadaddr} ${bootfile}; tftp ${fdtaddr} ${fdtfile}; run netargs; bootz ${loadaddr} - ${fdtaddr}
netmask=255.255.255.0
nfsopts=nolock
partitions=uuid_disk=${uuid_gpt_disk};name=rootfs,start=2MiB,size=-,uuid=${uuid_gpt_rootfs}
ramargs=setenv bootargs console=${console} ${optargs} root=${ramroot} rootfstype=${ramrootfstype}
ramboot=echo Booting from ramdisk ...; run ramargs; bootz ${loadaddr} ${rdaddr} ${fdtaddr}
ramdisk_addr_r=0x88080000
ramroot=/dev/ram0 rw
ramrootfstype=ext2
rdaddr=0x88080000
rootpath=/export/rootfs
serverip=192.168.0.1
soc=am33xx
spiargs=setenv bootargs console=${console} ${optargs} root=${spiroot} rootfstype=${spirootfstype}
spiboot=echo Booting from spi ...; run spiargs; sf probe ${spibusno}:0; sf read ${loadaddr} ${spisrcaddr} ${spiimgsize}; bootz ${loadaddr}
spibusno=0
spiimgsize=0x362000
spiroot=/dev/mtdblock4 rw
spirootfstype=jffs2
spisrcaddr=0xe0000
static_ip=${ipaddr}:${serverip}:${gatewayip}:${netmask}:${hostname}::off
stderr=serial
stdin=serial
stdout=serial
usbnet_devaddr=78:c5:e5:d9:d6:07
vendor=ti
ver=U-Boot 2014.07-g67b4cea (Mar 20 2015 - 13:25:28)
Environment size: 4880/131068 bytes
U-Boot# 
- 01:18:21 [INFO] Host: setenv bootargs ''${bootargs}' root=PARTUUID=00000000-02 rw rootfstype=ext4 rootwait '
- 01:18:21 [INFO] Target: 
setenv bootargs ''${bootargs}' root=PARTUUID=00000000-02 rw rootfstype=ext4 rootwait '
U-Boot# 
- 01:18:21 [INFO] Host: printenv
- 01:18:21 [INFO] Target: 
printenv
_initramfs=-
arch=arm
autoload=no
baudrate=115200
board=am335x
board_name=A335BONE
board_rev=00A6
boot_fdt=try
bootargs=console=ttyO0,115200n8 earlyprintk rootwait  ip=:::::eth0:dhcp  root=PARTUUID=00000000-02 rw rootfstype=ext4 rootwait 
bootcmd=
bootcount=1
bootdelay=1
bootdir=/boot
bootenv=uEnv.txt
bootfile=zImage
bootm_size=0x10000000
bootpart=0:2
console=ttyO0,115200n8
cpu=armv7
dfu_alt_info_emmc=rawemmc raw 0 3751936;boot part 1 1;rootfs part 1 2;MLO fat 1 1;MLO.raw raw 0x100 0x100;u-boot.img.raw raw 0x300 0x400;spl-os-args.raw raw 0x80 0x80;spl-os-image.raw raw 0x900 0x2000;spl-os-args fat 1 1;spl-os-image fat 1 1;u-boot.img fat 1 1;uEnv.txt fat 1 1
dfu_alt_info_mmc=boot part 0 1;rootfs part 0 2;MLO fat 0 1;MLO.raw raw 0x100 0x100;u-boot.img.raw raw 0x300 0x400;spl-os-args.raw raw 0x80 0x80;spl-os-image.raw raw 0x900 0x2000;spl-os-args fat 0 1;spl-os-image fat 0 1;u-boot.img fat 0 1;uEnv.txt fat 0 1
dfu_alt_info_nand=SPL part 0 1;SPL.backup1 part 0 2;SPL.backup2 part 0 3;SPL.backup3 part 0 4;u-boot part 0 5;u-boot-spl-os part 0 6;kernel part 0 8;rootfs part 0 9
dfu_alt_info_ram=kernel ram 0x80200000 0xD80000;fdt ram 0x80F80000 0x80000;ramdisk ram 0x81000000 0x4000000
dnsip=192.0.2.2
dnsip2=192.0.2.3
eth1addr=78:c5:e5:d9:d6:07
ethact=cpsw
ethaddr=78:c5:e5:d9:d6:06
fdt_addr_r=0x88000000
fdtaddr=0x88000000
fdtfile=undefined
fileaddr=88000000
filesize=7b51
findfdt=if test $board_name = A335BONE; then setenv fdtfile am335x-bone.dtb; fi; if test $board_name = A335BNLT; then setenv fdtfile am335x-boneblack.dtb; fi; if test $board_name = A33515BB; then setenv fdtfile am335x-evm.dtb; fi; if test $board_name = A335X_SK; then setenv fdtfile am335x-evmsk.dtb; fi; if test $fdtfile = undefined; then echo WARNING: Could not determine device tree to use; fi; 
gatewayip=192.168.0.1
importbootenv=echo Importing environment from mmc ...; env import -t -r $loadaddr $filesize
ipaddr=192.168.0.124
kernel_addr_r=0x82000000
loadaddr=0x82000000
loadbootenv=load mmc ${mmcdev} ${loadaddr} ${bootenv}
loadfdt=load mmc ${bootpart} ${fdtaddr} ${bootdir}/${fdtfile}
loadimage=load mmc ${bootpart} ${loadaddr} ${bootdir}/${bootfile}
loadramdisk=load mmc ${mmcdev} ${rdaddr} ramdisk.gz
mmcargs=setenv bootargs console=${console} ${optargs} root=${mmcroot} rootfstype=${mmcrootfstype}
mmcboot=mmc dev ${mmcdev}; if mmc rescan; then echo SD/MMC found on device ${mmcdev};if run loadbootenv; then echo Loaded environment from ${bootenv};run importbootenv;fi;if test -n $uenvcmd; then echo Running uenvcmd ...;run uenvcmd;fi;if run loadimage; then run mmcloados;fi;fi;
mmcdev=0
mmcloados=run mmcargs; if test ${boot_fdt} = yes || test ${boot_fdt} = try; then if run loadfdt; then bootz ${loadaddr} - ${fdtaddr}; else if test ${boot_fdt} = try; then bootz; else echo WARN: Cannot load the DT; fi; fi; else bootz; fi;
mmcroot=/dev/mmcblk0p2 ro
mmcrootfstype=ext4 rootwait
mtdids=nand0=nand.0
mtdparts=mtdparts=nand.0:128k(NAND.SPL),128k(NAND.SPL.backup1),128k(NAND.SPL.backup2),128k(NAND.SPL.backup3),256k(NAND.u-boot-spl-os),1m(NAND.u-boot),128k(NAND.u-boot-env),128k(NAND.u-boot-env.backup1),8m(NAND.kernel),-(NAND.file-system)
nandargs=setenv bootargs console=${console} ${optargs} root=${nandroot} rootfstype=${nandrootfstype}
nandboot=echo Booting from nand ...; run nandargs; nand read ${fdtaddr} NAND.u-boot-spl-os; nand read ${loadaddr} NAND.kernel; bootz ${loadaddr} - ${fdtaddr}
nandroot=ubi0:rootfs rw ubi.mtd=NAND.file-system,2048
nandrootfstype=ubifs rootwait=1
netargs=setenv bootargs console=${console} ${optargs} root=/dev/nfs nfsroot=${serverip}:${rootpath},${nfsopts} rw ip=dhcp
netboot=echo Booting from network ...; setenv autoload no; dhcp; tftp ${loadaddr} ${bootfile}; tftp ${fdtaddr} ${fdtfile}; run netargs; bootz ${loadaddr} - ${fdtaddr}
netmask=255.255.255.0
nfsopts=nolock
partitions=uuid_disk=${uuid_gpt_disk};name=rootfs,start=2MiB,size=-,uuid=${uuid_gpt_rootfs}
ramargs=setenv bootargs console=${console} ${optargs} root=${ramroot} rootfstype=${ramrootfstype}
ramboot=echo Booting from ramdisk ...; run ramargs; bootz ${loadaddr} ${rdaddr} ${fdtaddr}
ramdisk_addr_r=0x88080000
ramroot=/dev/ram0 rw
ramrootfstype=ext2
rdaddr=0x88080000
rootpath=/export/rootfs
serverip=192.168.0.1
soc=am33xx
spiargs=setenv bootargs console=${console} ${optargs} root=${spiroot} rootfstype=${spirootfstype}
spiboot=echo Booting from spi ...; run spiargs; sf probe ${spibusno}:0; sf read ${loadaddr} ${spisrcaddr} ${spiimgsize}; bootz ${loadaddr}
spibusno=0
spiimgsize=0x362000
spiroot=/dev/mtdblock4 rw
spirootfstype=jffs2
spisrcaddr=0xe0000
static_ip=${ipaddr}:${serverip}:${gatewayip}:${netmask}:${hostname}::off
stderr=serial
stdin=serial
stdout=serial
usbnet_devaddr=78:c5:e5:d9:d6:07
vendor=ti
ver=U-Boot 2014.07-g67b4cea (Mar 20 2015 - 13:25:28)
Environment size: 4935/131068 bytes
U-Boot# 
- 01:18:21 [INFO] Host: setenv bootcmd ''${bootcmd}' if iminfo ${loadaddr}; then bootm ${loadaddr} ${_initramfs} ${fdtaddr}; else bootz ${loadaddr} ${_initramfs} ${fdtaddr}; bootm ${loadaddr} ${_initramfs} ${fdtaddr}; fi'
- 01:18:21 [INFO] Target: 
setenv bootcmd ''${bootcmd}' if iminfo ${loadaddr}; then bootm ${loadaddr} ${_initramfs} ${fdtaddr}; else bootz ${loadaddr} ${_initramfs} ${fdtaddr}; bootm ${loadaddr} ${_initramfs} ${fdtaddr}; fi'
U-Boot# 
- 01:18:21 [INFO] Host: version
- 01:18:21 [INFO] Target: 
version
U-Boot 2014.07-g67b4cea (Mar 20 2015 - 13:25:28)
arm-linux-gnueabihf-gcc (crosstool-NG linaro-1.13.1-4.7-2013.03-20130313 - Linaro GCC 2013.03) 4.7.3 20130226 (prerelease)
GNU ld (crosstool-NG linaro-1.13.1-4.7-2013.03-20130313 - Linaro GCC 2013.03) 2.23.1
U-Boot# 
- 01:18:21 [INFO] Host: bdinfo
- 01:18:22 [INFO] Target: 
bdinfo
arch_number = 0x00000E05
boot_params = 0x80000100
DRAM bank   = 0x00000000
-> start    = 0x80000000
-> size     = 0x10000000
eth0name    = cpsw
ethaddr     = 78:c5:e5:d9:d6:06
eth1name    = usb_ether
eth1addr    = 78:c5:e5:d9:d6:07
current eth = cpsw
ip_addr     = 192.168.0.124
baudrate    = 115200 bps
TLB addr    = 0x8FFF0000
relocaddr   = 0x8F741000
reloc off   = 0x0EF41000
irq_sp      = 0x8E720EE0
sp start    = 0x8E720ED0
U-Boot# 
- 01:18:22 [INFO] Host: mmc rescan; echo $?
- 01:18:22 [INFO] Target: 
mmc rescan; echo $?
U-Boot# 
- 01:18:22 [INFO] Host: fatwrite mmc 0:1 ${loadaddr} ws-calibrate.rules 4
- 01:18:22 [INFO] Target: 
fatwrite mmc 0:1 ${loadaddr} ws-calibrate.rules 4
writing ws-calibrate.rules
4 bytes written
U-Boot# 
- 01:18:22 [INFO] Host: boot
- 01:21:52 [ERROR] On command: boot waiting for boot.+?(?-mix:login:) >>> error: execution expired
- 01:21:52 [INFO] Target: 
boot
## Checking Image at 82000000 ...
Unknown image format!
Kernel image @ 0x82000000 [ 0x000000 - 0x37c208 ]
## Flattened Device Tree blob at 88000000
   Booting using the fdt blob at 0x88000000
   Loading Device Tree to 8e714000, end 8e71eb50 ... OK
Starting kernel ...
[    0.000000] Booting Linux on physical CPU 0x0
[    0.000000] Linux version 4.4.0-next-20160115-00002-g68f441d0b2cd (nmenon@horus) (gcc version 4.9.3 20150413 (prerelease) (Linaro GCC 4.9-2015.05) ) #1 SMP Fri Jan 15 00:20:04 CST 2016
[    0.000000] CPU: ARMv7 Processor [413fc082] revision 2 (ARMv7), cr=10c5387d
[    0.000000] CPU: PIPT / VIPT nonaliasing data cache, VIPT aliasing instruction cache
[    0.000000] Machine model: TI AM335x BeagleBone
[    0.000000] cma: Reserved 16 MiB at 0x8e800000
[    0.000000] Memory policy: Data cache writeback
[    0.000000] CPU: All CPU(s) started in SVC mode.
[    0.000000] AM335X ES1.0 (sgx neon )
[    0.000000] PERCPU: Embedded 15 pages/cpu @cfb58000 s29120 r8192 d24128 u61440
[    0.000000] Built 1 zonelists in Zone order, mobility grouping on.  Total pages: 64448
[    0.000000] Kernel command line: console=ttyO0,115200n8 earlyprintk rootwait  ip=:::::eth0:dhcp  root=PARTUUID=00000000-02 rw rootfstype=ext4 rootwait 
[    0.000000] PID hash table entries: 1024 (order: 0, 4096 bytes)
[    0.000000] Dentry cache hash table entries: 32768 (order: 5, 131072 bytes)
[    0.000000] Inode-cache hash table entries: 16384 (order: 4, 65536 bytes)
[    0.000000] Memory: 222236K/260096K available (6725K kernel code, 770K rwdata, 2280K rodata, 464K init, 8267K bss, 21476K reserved, 16384K cma-reserved, 0K highmem)
[    0.000000] Virtual kernel memory layout:
[    0.000000]     vector  : 0xffff0000 - 0xffff1000   (   4 kB)
[    0.000000]     fixmap  : 0xffc00000 - 0xfff00000   (3072 kB)
[    0.000000]     vmalloc : 0xd0800000 - 0xff800000   ( 752 MB)
[    0.000000]     lowmem  : 0xc0000000 - 0xd0000000   ( 256 MB)
[    0.000000]     pkmap   : 0xbfe00000 - 0xc0000000   (   2 MB)
[    0.000000]     modules : 0xbf000000 - 0xbfe00000   (  14 MB)
[    0.000000]       .text : 0xc0008000 - 0xc08d3848   (9007 kB)
[    0.000000]       .init : 0xc08d4000 - 0xc0948000   ( 464 kB)
[    0.000000]       .data : 0xc0948000 - 0xc0a08934   ( 771 kB)
[    0.000000]        .bss : 0xc0a0b000 - 0xc121dfa0   (8268 kB)
[    0.000000] Running RCU self tests
[    0.000000] Hierarchical RCU implementation.
[    0.000000] 	RCU lockdep checking is enabled.
[    0.000000] 	Build-time adjustment of leaf fanout to 32.
[    0.000000] 	RCU restricting CPUs from NR_CPUS=2 to nr_cpu_ids=1.
[    0.000000] RCU: Adjusting geometry for rcu_fanout_leaf=32, nr_cpu_ids=1
[    0.000000] NR_IRQS:16 nr_irqs:16 16
[    0.000000] IRQ: Found an INTC at 0xfa200000 (revision 5.0) with 128 interrupts
[    0.000000] OMAP clockevent source: timer2 at 24000000 Hz
[    0.000018] sched_clock: 32 bits at 24MHz, resolution 41ns, wraps every 89478484971ns
[    0.000047] clocksource: timer1: mask: 0xffffffff max_cycles: 0xffffffff, max_idle_ns: 79635851949 ns
[    0.000109] OMAP clocksource: timer1 at 24000000 Hz
[    0.001257] Console: colour dummy device 80x30
[    0.001333] Lock dependency validator: Copyright (c) 2006 Red Hat, Inc., Ingo Molnar
[    0.001347] ... MAX_LOCKDEP_SUBCLASSES:  8
[    0.001358] ... MAX_LOCK_DEPTH:          48
[    0.001369] ... MAX_LOCKDEP_KEYS:        8191
[    0.001380] ... CLASSHASH_SIZE:          4096
[    0.001391] ... MAX_LOCKDEP_ENTRIES:     32768
[    0.001402] ... MAX_LOCKDEP_CHAINS:      65536
[    0.001413] ... CHAINHASH_SIZE:          32768
[    0.001424]  memory used by lock dependency info: 5167 kB
[    0.001435]  per task-struct memory footprint: 1536 bytes
[    0.001468] Calibrating delay loop... 715.16 BogoMIPS (lpj=3575808)
[    0.108235] pid_max: default: 32768 minimum: 301
[    0.108832] Security Framework initialized
[    0.109017] Mount-cache hash table entries: 1024 (order: 0, 4096 bytes)
[    0.109036] Mountpoint-cache hash table entries: 1024 (order: 0, 4096 bytes)
[    0.113484] CPU: Testing write buffer coherency: ok
[    0.115791] CPU0: thread -1, cpu 0, socket -1, mpidr 0
[    0.115938] Setting up static identity map for 0x80008280 - 0x800082f0
[    0.121066] Brought up 1 CPUs
[    0.121096] SMP: Total of 1 processors activated (715.16 BogoMIPS).
[    0.121110] CPU: All CPU(s) started in SVC mode.
[    0.126000] devtmpfs: initialized
[    0.168214] VFP support v0.3: implementor 41 architecture 3 part 30 variant c rev 3
[    0.169752] clocksource: jiffies: mask: 0xffffffff max_cycles: 0xffffffff, max_idle_ns: 19112604462750000 ns
[    0.172559] pinctrl core: initialized pinctrl subsystem
[    0.179575] NET: Registered protocol family 16
[    0.187734] DMA: preallocated 256 KiB pool for atomic coherent allocations
[    0.256436] omap_hwmod: debugss: _wait_target_disable failed
[    0.315311] cpuidle: using governor ladder
[    0.315355] cpuidle: using governor menu
[    0.331007] OMAP GPIO hardware version 0.1
[    0.357183] No ATAGs?
[    0.357228] hw-breakpoint: debug architecture 0x4 unsupported.
[    0.357584] omap4_sram_init:Unable to allocate sram needed to handle errata I688
[    0.357603] omap4_sram_init:Unable to get sram pool needed to handle errata I688
[    0.415513] edma 49000000.edma: TI EDMA DMA engine driver
[    0.421115] SCSI subsystem initialized
[    0.423716] omap_i2c 44e0b000.i2c: could not find pctldev for node /ocp/l4_wkup@44c00000/scm@210000/pinmux@800/pinmux_i2c0_pins, deferring probe
[    0.423859] omap_i2c 4819c000.i2c: could not find pctldev for node /ocp/l4_wkup@44c00000/scm@210000/pinmux@800/pinmux_i2c2_pins, deferring probe
[    0.424179] pps_core: LinuxPPS API ver. 1 registered
[    0.424196] pps_core: Software ver. 5.3.6 - Copyright 2005-2007 Rodolfo Giometti <giometti@linux.it>
[    0.424271] PTP clock support registered
[    0.429665] clocksource: Switched to clocksource timer1
[    0.583103] VFS: Disk quotas dquot_6.6.0
[    0.583338] VFS: Dquot-cache hash table entries: 1024 (order 0, 4096 bytes)
[    0.625211] NET: Registered protocol family 2
[    0.627880] TCP established hash table entries: 2048 (order: 1, 8192 bytes)
[    0.627973] TCP bind hash table entries: 2048 (order: 4, 73728 bytes)
[    0.628810] TCP: Hash tables configured (established 2048 bind 2048)
[    0.629057] UDP hash table entries: 256 (order: 2, 20480 bytes)
[    0.629301] UDP-Lite hash table entries: 256 (order: 2, 20480 bytes)
[    0.630649] NET: Registered protocol family 1
[    0.632889] RPC: Registered named UNIX socket transport module.
[    0.632921] RPC: Registered udp transport module.
[    0.632935] RPC: Registered tcp transport module.
[    0.632948] RPC: Registered tcp NFSv4.1 backchannel transport module.
[    0.636251] hw perfevents: enabled with armv7_cortex_a8 PMU driver, 5 counters available
[    0.642246] futex hash table entries: 256 (order: 2, 16384 bytes)
[    0.642562] audit: initializing netlink subsys (disabled)
[    0.642896] audit: type=2000 audit(0.640:1): initialized
[    0.652711] NFS: Registering the id_resolver key type
[    0.653221] Key type id_resolver registered
[    0.653248] Key type id_legacy registered
[    0.653509] jffs2: version 2.2. (NAND) (SUMMARY)   2001-2006 Red Hat, Inc.
[    0.660969] io scheduler noop registered
[    0.661016] io scheduler deadline registered
[    0.661095] io scheduler cfq registered (default)
[    0.663773] pinctrl-single 44e10800.pinmux: 142 pins at pa f9e10800 size 568
[    0.667111] Serial: 8250/16550 driver, 4 ports, IRQ sharing enabled
[    0.675010] omap_uart 44e09000.serial: no wakeirq for uart0
[    0.675855] 44e09000.serial: ttyO0 at MMIO 0x44e09000 (irq = 158, base_baud = 3000000) is a OMAP UART0
[    1.370486] console [ttyO0] enabled
[    1.424398] brd: module loaded
[    1.458502] loop: module loaded
[    1.465093] mtdoops: mtd device (mtddev=name/number) must be supplied
[    1.539698] davinci_mdio 4a101000.mdio: davinci mdio revision 1.6
[    1.546106] davinci_mdio 4a101000.mdio: detected phy mask fffffffe
[    1.557574] libphy: 4a101000.mdio: probed
[    1.561995] davinci_mdio 4a101000.mdio: phy[0]: device 4a101000.mdio:00, driver SMSC LAN8710/LAN8720
[    1.573238] cpsw 4a100000.ethernet: Detected MACID = 78:c5:e5:d9:d6:06
[    1.586991] mousedev: PS/2 mouse device common for all mice
[    1.593043] i2c /dev entries driver
[    1.598920] omap_hsmmc 48060000.mmc: Got CD GPIO
[    1.607864] ledtrig-cpu: registered to indicate activity on CPUs
[    1.615853] oprofile: using arm/armv7
[    1.620784] Initializing XFRM netlink socket
[    1.625758] NET: Registered protocol family 10
[    1.635013] sit: IPv6 over IPv4 tunneling driver
[    1.643156] NET: Registered protocol family 17
[    1.647936] NET: Registered protocol family 15
[    1.653252] Key type dns_resolver registered
[    1.658060] omap_voltage_late_init: Voltage driver support not added
[    1.664814] sr_dev_init: No voltage domain specified for smartreflex0. Cannot initialize
[    1.673323] sr_dev_init: No voltage domain specified for smartreflex1. Cannot initialize
[    1.683307] ThumbEE CPU extension supported.
[    1.687841] Registering SWP/SWPB emulation handler
[    1.692983] SmartReflex Class3 initialized
[    1.744476] tps65217 0-0024: TPS65217 ID 0xf version 1.2
[    1.750906] omap_i2c 44e0b000.i2c: bus 0 rev0.11 at 400 kHz
[    1.762474] omap_i2c 4819c000.i2c: bus 2 rev0.11 at 100 kHz
[    1.769880] omap_hsmmc 48060000.mmc: Got CD GPIO
[    1.775302] omap_hsmmc 48060000.mmc: omap_device: omap_device_enable() called from invalid state 1
[    1.788107] hctosys: unable to open rtc device (rtc0)
[    1.793600] sr_init: No PMIC hook to init smartreflex
[    1.799200] sr_init: platform driver register failed for SR
[    1.834195] net eth0: initializing cpsw version 1.12 (0)
[    1.842511] SMSC LAN8710/LAN8720 4a101000.mdio:00: attached PHY driver [SMSC LAN8710/LAN8720] (mii_bus:phy_addr=4a101000.mdio:00, irq=-1)
[    1.855638] libphy: PHY 4a101000.mdio:01 not found
[    1.860706] net eth0: phy 4a101000.mdio:01 not found on slave 1
[    1.876544] IPv6: ADDRCONF(NETDEV_UP): eth0: link is not ready
[    5.880255] cpsw 4a100000.ethernet eth0: Link is Up - 100Mbps/Full - flow control rx/tx
[    5.889229] IPv6: ADDRCONF(NETDEV_CHANGE): eth0: link becomes ready
[    5.900623] Sending DHCP requests ., OK
[    5.921333] IP-Config: Got DHCP answer from 192.168.0.1, my address is 192.168.0.124
[    5.930239] IP-Config: Complete:
[    5.933638]      device=eth0, hwaddr=78:c5:e5:d9:d6:06, ipaddr=192.168.0.124, mask=255.255.255.0, gw=192.168.0.1
[    5.944362]      host=192.168.0.124, domain=ti.com, nis-domain=(none)
[    5.951137]      bootserver=0.0.0.0, rootserver=0.0.0.0, rootpath=     nameserver0=192.0.2.2, nameserver1=192.0.2.3
[    5.962235] platform 48060000.mmc: omap_device_late_idle: enabled but no driver.  Idling
[    5.970893] vmmcsd_fixed: disabling
[    5.979051] Waiting for root device PARTUUID=00000000-02...
[  138.419908] random: nonblocking pool is initialized
- 01:21:52 [INFO] Boot attempt 1/1 failed
- 01:21:52 [INFO] Collecting kernel traces via sysrq...
- 01:22:02 [INFO] [  207.478200] sysrq: SysRq : Show State
[  207.482072]   task                PC stack   pid father
[  207.487536] swapper/0       D c0664420     0     1      0 0x00000000
[  207.494225] [<c0664420>] (__schedule) from [<c0664b5c>] (schedule+0x44/0x9c)
[  207.501596] [<c0664b5c>] (schedule) from [<c0668b94>] (schedule_timeout+0x140/0x240)
[  207.509700] [<c0668b94>] (schedule_timeout) from [<c00aef38>] (msleep+0x2c/0x38)
[  207.517446] [<c00aef38>] (msleep) from [<c08d56e4>] (prepare_namespace+0x114/0x1c8)
[  207.525451] [<c08d56e4>] (prepare_namespace) from [<c08d4f5c>] (kernel_init_freeable+0x290/0x2e4)
[  207.534733] [<c08d4f5c>] (kernel_init_freeable) from [<c06630cc>] (kernel_init+0x8/0xf0)
[  207.543197] [<c06630cc>] (kernel_init) from [<c000f8d0>] (ret_from_fork+0x14/0x24)
[  207.551100] kthreadd        S c0664420     0     2      0 0x00000000
[  207.557765] [<c0664420>] (__schedule) from [<c0664b5c>] (schedule+0x44/0x9c)
[  207.565134] [<c0664b5c>] (schedule) from [<c005d3f0>] (kthreadd+0x228/0x250)
[  207.572500] [<c005d3f0>] (kthreadd) from [<c000f8d0>] (ret_from_fork+0x14/0x24)
[  207.580130] ksoftirqd/0     S c0664420     0     3      2 0x00000000
[  207.586793] [<c0664420>] (__schedule) from [<c0664b5c>] (schedule+0x44/0x9c)
[  207.594169] [<c0664b5c>] (schedule) from [<c0060254>] (smpboot_thread_fn+0xd0/0x194)
[  207.602260] [<c0060254>] (smpboot_thread_fn) from [<c005ca34>] (kthread+0xd4/0xf0)
[  207.610170] [<c005ca34>] (kthread) from [<c000f8d0>] (ret_from_fork+0x14/0x24)
[  207.617712] kworker/0:0     S c0664420     0     4      2 0x00000000
[  207.624394] [<c0664420>] (__schedule) from [<c0664b5c>] (schedule+0x44/0x9c)
[  207.631768] [<c0664b5c>] (schedule) from [<c0056d10>] (worker_thread+0xa4/0x4e8)
[  207.639494] [<c0056d10>] (worker_thread) from [<c005ca34>] (kthread+0xd4/0xf0)
[  207.647040] [<c005ca34>] (kthread) from [<c000f8d0>] (ret_from_fork+0x14/0x24)
[  207.654580] kworker/0:0H    S c0664420     0     5      2 0x00000000
[  207.661248] [<c0664420>] (__schedule) from [<c0664b5c>] (schedule+0x44/0x9c)
[  207.668613] [<c0664b5c>] (schedule) from [<c0056d10>] (worker_thread+0xa4/0x4e8)
[  207.676339] [<c0056d10>] (worker_thread) from [<c005ca34>] (kthread+0xd4/0xf0)
[  207.683884] [<c005ca34>] (kthread) from [<c000f8d0>] (ret_from_fork+0x14/0x24)
[  207.691425] kworker/u2:0    S c0664420     0     6      2 0x00000000
[  207.698089] [<c0664420>] (__schedule) from [<c0664b5c>] (schedule+0x44/0x9c)
[  207.705453] [<c0664b5c>] (schedule) from [<c0056d10>] (worker_thread+0xa4/0x4e8)
[  207.713177] [<c0056d10>] (worker_thread) from [<c005ca34>] (kthread+0xd4/0xf0)
[  207.720724] [<c005ca34>] (kthread) from [<c000f8d0>] (ret_from_fork+0x14/0x24)
[  207.728263] rcu_sched       S c0664420     0     7      2 0x00000000
[  207.734924] [<c0664420>] (__schedule) from [<c0664b5c>] (schedule+0x44/0x9c)
[  207.742289] [<c0664b5c>] (schedule) from [<c00a8394>] (rcu_gp_kthread+0x44/0x824)
[  207.750107] [<c00a8394>] (rcu_gp_kthread) from [<c005ca34>] (kthread+0xd4/0xf0)
[  207.757743] [<c005ca34>] (kthread) from [<c000f8d0>] (ret_from_fork+0x14/0x24)
[  207.765284] rcu_bh          S c0664420     0     8      2 0x00000000
[  207.771946] [<c0664420>] (__schedule) from [<c0664b5c>] (schedule+0x44/0x9c)
[  207.779311] [<c0664b5c>] (schedule) from [<c00a8394>] (rcu_gp_kthread+0x44/0x824)
[  207.787129] [<c00a8394>] (rcu_gp_kthread) from [<c005ca34>] (kthread+0xd4/0xf0)
[  207.794767] [<c005ca34>] (kthread) from [<c000f8d0>] (ret_from_fork+0x14/0x24)
[  207.802308] migration/0     S c0664420     0     9      2 0x00000000
[  207.808969] [<c0664420>] (__schedule) from [<c0664b5c>] (schedule+0x44/0x9c)
[  207.816334] [<c0664b5c>] (schedule) from [<c0060254>] (smpboot_thread_fn+0xd0/0x194)
[  207.824426] [<c0060254>] (smpboot_thread_fn) from [<c005ca34>] (kthread+0xd4/0xf0)
[  207.832337] [<c005ca34>] (kthread) from [<c000f8d0>] (ret_from_fork+0x14/0x24)
[  207.839880] kdevtmpfs       S c0664420     0    10      2 0x00000000
[  207.846540] [<c0664420>] (__schedule) from [<c0664b5c>] (schedule+0x44/0x9c)
[  207.853910] [<c0664b5c>] (schedule) from [<c03ff214>] (devtmpfsd+0x2bc/0x2e8)
[  207.861368] [<c03ff214>] (devtmpfsd) from [<c005ca34>] (kthread+0xd4/0xf0)
[  207.868551] [<c005ca34>] (kthread) from [<c000f8d0>] (ret_from_fork+0x14/0x24)
[  207.876092] netns           S c0664420     0    11      2 0x00000000
[  207.882762] [<c0664420>] (__schedule) from [<c0664b5c>] (schedule+0x44/0x9c)
[  207.890130] [<c0664b5c>] (schedule) from [<c00573e4>] (rescuer_thread+0x290/0x308)
[  207.898040] [<c00573e4>] (rescuer_thread) from [<c005ca34>] (kthread+0xd4/0xf0)
[  207.905680] [<c005ca34>] (kthread) from [<c000f8d0>] (ret_from_fork+0x14/0x24)
[  207.913222] perf            S c0664420     0    12      2 0x00000000
[  207.919895] [<c0664420>] (__schedule) from [<c0664b5c>] (schedule+0x44/0x9c)
[  207.927264] [<c0664b5c>] (schedule) from [<c00573e4>] (rescuer_thread+0x290/0x308)
[  207.935175] [<c00573e4>] (rescuer_thread) from [<c005ca34>] (kthread+0xd4/0xf0)
[  207.942814] [<c005ca34>] (kthread) from [<c000f8d0>] (ret_from_fork+0x14/0x24)
[  207.950357] oom_reaper      S c0664420     0    13      2 0x00000000
[  207.957020] [<c0664420>] (__schedule) from [<c0664b5c>] (schedule+0x44/0x9c)
[  207.964394] [<c0664b5c>] (schedule) from [<c012940c>] (oom_reaper+0xe4/0x13c)
[  207.971867] [<c012940c>] (oom_reaper) from [<c005ca34>] (kthread+0xd4/0xf0)
[  207.979155] [<c005ca34>] (kthread) from [<c000f8d0>] (ret_from_fork+0x14/0x24)
[  207.986710] kworker/0:1     S c0664420     0    14      2 0x00000000
[  207.993391] [<c0664420>] (__schedule) from [<c0664b5c>] (schedule+0x44/0x9c)
[  208.000770] [<c0664b5c>] (schedule) from [<c0056d10>] (worker_thread+0xa4/0x4e8)
[  208.008510] [<c0056d10>] (worker_thread) from [<c005ca34>] (kthread+0xd4/0xf0)
[  208.016069] [<c005ca34>] (kthread) from [<c000f8d0>] (ret_from_fork+0x14/0x24)
[  208.023623] writeback       S c0664420     0    15      2 0x00000000
[  208.030302] [<c0664420>] (__schedule) from [<c0664b5c>] (schedule+0x44/0x9c)
[  208.037681] [<c0664b5c>] (schedule) from [<c00573e4>] (rescuer_thread+0x290/0x308)
[  208.045603] [<c00573e4>] (rescuer_thread) from [<c005ca34>] (kthread+0xd4/0xf0)
[  208.053253] [<c005ca34>] (kthread) from [<c000f8d0>] (ret_from_fork+0x14/0x24)
[  208.060805] crypto          S c0664420     0    16      2 0x00000000
[  208.067484] [<c0664420>] (__schedule) from [<c0664b5c>] (schedule+0x44/0x9c)
[  208.074863] [<c0664b5c>] (schedule) from [<c00573e4>] (rescuer_thread+0x290/0x308)
[  208.082785] [<c00573e4>] (rescuer_thread) from [<c005ca34>] (kthread+0xd4/0xf0)
[  208.090435] [<c005ca34>] (kthread) from [<c000f8d0>] (ret_from_fork+0x14/0x24)
[  208.097989] bioset          S c0664420     0    17      2 0x00000000
[  208.104667] [<c0664420>] (__schedule) from [<c0664b5c>] (schedule+0x44/0x9c)
[  208.112048] [<c0664b5c>] (schedule) from [<c00573e4>] (rescuer_thread+0x290/0x308)
[  208.119972] [<c00573e4>] (rescuer_thread) from [<c005ca34>] (kthread+0xd4/0xf0)
[  208.127624] [<c005ca34>] (kthread) from [<c000f8d0>] (ret_from_fork+0x14/0x24)
[  208.135178] kblockd         S c0664420     0    18      2 0x00000000
[  208.141858] [<c0664420>] (__schedule) from [<c0664b5c>] (schedule+0x44/0x9c)
[  208.149238] [<c0664b5c>] (schedule) from [<c00573e4>] (rescuer_thread+0x290/0x308)
[  208.157161] [<c00573e4>] (rescuer_thread) from [<c005ca34>] (kthread+0xd4/0xf0)
[  208.164812] [<c005ca34>] (kthread) from [<c000f8d0>] (ret_from_fork+0x14/0x24)
[  208.172365] ata_sff         S c0664420     0    19      2 0x00000000
[  208.179048] [<c0664420>] (__schedule) from [<c0664b5c>] (schedule+0x44/0x9c)
[  208.186429] [<c0664b5c>] (schedule) from [<c00573e4>] (rescuer_thread+0x290/0x308)
[  208.194352] [<c00573e4>] (rescuer_thread) from [<c005ca34>] (kthread+0xd4/0xf0)
[  208.202002] [<c005ca34>] (kthread) from [<c000f8d0>] (ret_from_fork+0x14/0x24)
[  208.209556] rpciod          S c0664420     0    20      2 0x00000000
[  208.216235] [<c0664420>] (__schedule) from [<c0664b5c>] (schedule+0x44/0x9c)
[  208.223614] [<c0664b5c>] (schedule) from [<c00573e4>] (rescuer_thread+0x290/0x308)
[  208.231535] [<c00573e4>] (rescuer_thread) from [<c005ca34>] (kthread+0xd4/0xf0)
[  208.239185] [<c005ca34>] (kthread) from [<c000f8d0>] (ret_from_fork+0x14/0x24)
[  208.246739] kswapd0         S c0664420     0    21      2 0x00000000
[  208.253416] [<c0664420>] (__schedule) from [<c0664b5c>] (schedule+0x44/0x9c)
[  208.260803] [<c0664b5c>] (schedule) from [<c013ed74>] (kswapd+0x9f8/0xa60)
[  208.268001] [<c013ed74>] (kswapd) from [<c005ca34>] (kthread+0xd4/0xf0)
[  208.274926] [<c005ca34>] (kthread) from [<c000f8d0>] (ret_from_fork+0x14/0x24)
[  208.282481] vmstat          S c0664420     0    22      2 0x00000000
[  208.289162] [<c0664420>] (__schedule) from [<c0664b5c>] (schedule+0x44/0x9c)
[  208.296544] [<c0664b5c>] (schedule) from [<c00573e4>] (rescuer_thread+0x290/0x308)
[  208.304467] [<c00573e4>] (rescuer_thread) from [<c005ca34>] (kthread+0xd4/0xf0)
[  208.312117] [<c005ca34>] (kthread) from [<c000f8d0>] (ret_from_fork+0x14/0x24)
[  208.319672] nfsiod          S c0664420     0    23      2 0x00000000
[  208.326354] [<c0664420>] (__schedule) from [<c0664b5c>] (schedule+0x44/0x9c)
[  208.333733] [<c0664b5c>] (schedule) from [<c00573e4>] (rescuer_thread+0x290/0x308)
[  208.341656] [<c00573e4>] (rescuer_thread) from [<c005ca34>] (kthread+0xd4/0xf0)
[  208.349306] [<c005ca34>] (kthread) from [<c000f8d0>] (ret_from_fork+0x14/0x24)
[  208.356858] bioset          S c0664420     0    34      2 0x00000000
[  208.363539] [<c0664420>] (__schedule) from [<c0664b5c>] (schedule+0x44/0x9c)
[  208.370917] [<c0664b5c>] (schedule) from [<c00573e4>] (rescuer_thread+0x290/0x308)
[  208.378839] [<c00573e4>] (rescuer_thread) from [<c005ca34>] (kthread+0xd4/0xf0)
[  208.386489] [<c005ca34>] (kthread) from [<c000f8d0>] (ret_from_fork+0x14/0x24)
[  208.394044] bioset          S c0664420     0    35      2 0x00000000
[  208.400724] [<c0664420>] (__schedule) from [<c0664b5c>] (schedule+0x44/0x9c)
[  208.408104] [<c0664b5c>] (schedule) from [<c00573e4>] (rescuer_thread+0x290/0x308)
[  208.416028] [<c00573e4>] (rescuer_thread) from [<c005ca34>] (kthread+0xd4/0xf0)
[  208.423677] [<c005ca34>] (kthread) from [<c000f8d0>] (ret_from_fork+0x14/0x24)
[  208.431229] bioset          S c0664420     0    36      2 0x00000000
[  208.437909] [<c0664420>] (__schedule) from [<c0664b5c>] (schedule+0x44/0x9c)
[  208.445290] [<c0664b5c>] (schedule) from [<c00573e4>] (rescuer_thread+0x290/0x308)
[  208.453212] [<c00573e4>] (rescuer_thread) from [<c005ca34>] (kthread+0xd4/0xf0)
[  208.460862] [<c005ca34>] (kthread) from [<c000f8d0>] (ret_from_fork+0x14/0x24)
[  208.468415] bioset          S c0664420     0    37      2 0x00000000
[  208.475095] [<c0664420>] (__schedule) from [<c0664b5c>] (schedule+0x44/0x9c)
[  208.482474] [<c0664b5c>] (schedule) from [<c00573e4>] (rescuer_thread+0x290/0x308)
[  208.490396] [<c00573e4>] (rescuer_thread) from [<c005ca34>] (kthread+0xd4/0xf0)
[  208.498048] [<c005ca34>] (kthread) from [<c000f8d0>] (ret_from_fork+0x14/0x24)
[  208.505603] bioset          S c0664420     0    38      2 0x00000000
[  208.512282] [<c0664420>] (__schedule) from [<c0664b5c>] (schedule+0x44/0x9c)
[  208.519661] [<c0664b5c>] (schedule) from [<c00573e4>] (rescuer_thread+0x290/0x308)
[  208.527585] [<c00573e4>] (rescuer_thread) from [<c005ca34>] (kthread+0xd4/0xf0)
[  208.535235] [<c005ca34>] (kthread) from [<c000f8d0>] (ret_from_fork+0x14/0x24)
[  208.542789] bioset          S c0664420     0    39      2 0x00000000
[  208.549467] [<c0664420>] (__schedule) from [<c0664b5c>] (schedule+0x44/0x9c)
[  208.556844] [<c0664b5c>] (schedule) from [<c00573e4>] (rescuer_thread+0x290/0x308)
[  208.564768] [<c00573e4>] (rescuer_thread) from [<c005ca34>] (kthread+0xd4/0xf0)
[  208.572418] [<c005ca34>] (kthread) from [<c000f8d0>] (ret_from_fork+0x14/0x24)
[  208.579972] bioset          S c0664420     0    40      2 0x00000000
[  208.586652] [<c0664420>] (__schedule) from [<c0664b5c>] (schedule+0x44/0x9c)
[  208.594031] [<c0664b5c>] (schedule) from [<c00573e4>] (rescuer_thread+0x290/0x308)
[  208.601954] [<c00573e4>] (rescuer_thread) from [<c005ca34>] (kthread+0xd4/0xf0)
[  208.609605] [<c005ca34>] (kthread) from [<c000f8d0>] (ret_from_fork+0x14/0x24)
[  208.617158] bioset          S c0664420     0    41      2 0x00000000
[  208.623836] [<c0664420>] (__schedule) from [<c0664b5c>] (schedule+0x44/0x9c)
[  208.631215] [<c0664b5c>] (schedule) from [<c00573e4>] (rescuer_thread+0x290/0x308)
[  208.639137] [<c00573e4>] (rescuer_thread) from [<c005ca34>] (kthread+0xd4/0xf0)
[  208.646787] [<c005ca34>] (kthread) from [<c000f8d0>] (ret_from_fork+0x14/0x24)
[  208.654341] bioset          S c0664420     0    42      2 0x00000000
[  208.661019] [<c0664420>] (__schedule) from [<c0664b5c>] (schedule+0x44/0x9c)
[  208.668399] [<c0664b5c>] (schedule) from [<c00573e4>] (rescuer_thread+0x290/0x308)
[  208.676322] [<c00573e4>] (rescuer_thread) from [<c005ca34>] (kthread+0xd4/0xf0)
[  208.683973] [<c005ca34>] (kthread) from [<c000f8d0>] (ret_from_fork+0x14/0x24)
[  208.691526] bioset          S c0664420     0    43      2 0x00000000
[  208.698202] [<c0664420>] (__schedule) from [<c0664b5c>] (schedule+0x44/0x9c)
[  208.705581] [<c0664b5c>] (schedule) from [<c00573e4>] (rescuer_thread+0x290/0x308)
[  208.713505] [<c00573e4>] (rescuer_thread) from [<c005ca34>] (kthread+0xd4/0xf0)
[  208.721154] [<c005ca34>] (kthread) from [<c000f8d0>] (ret_from_fork+0x14/0x24)
[  208.728708] bioset          S c0664420     0    44      2 0x00000000
[  208.735387] [<c0664420>] (__schedule) from [<c0664b5c>] (schedule+0x44/0x9c)
[  208.742766] [<c0664b5c>] (schedule) from [<c00573e4>] (rescuer_thread+0x290/0x308)
[  208.750690] [<c00573e4>] (rescuer_thread) from [<c005ca34>] (kthread+0xd4/0xf0)
[  208.758341] [<c005ca34>] (kthread) from [<c000f8d0>] (ret_from_fork+0x14/0x24)
[  208.765894] bioset          S c0664420     0    45      2 0x00000000
[  208.772576] [<c0664420>] (__schedule) from [<c0664b5c>] (schedule+0x44/0x9c)
[  208.779955] [<c0664b5c>] (schedule) from [<c00573e4>] (rescuer_thread+0x290/0x308)
[  208.787878] [<c00573e4>] (rescuer_thread) from [<c005ca34>] (kthread+0xd4/0xf0)
[  208.795528] [<c005ca34>] (kthread) from [<c000f8d0>] (ret_from_fork+0x14/0x24)
[  208.803082] bioset          S c0664420     0    46      2 0x00000000
[  208.809764] [<c0664420>] (__schedule) from [<c0664b5c>] (schedule+0x44/0x9c)
[  208.817144] [<c0664b5c>] (schedule) from [<c00573e4>] (rescuer_thread+0x290/0x308)
[  208.825065] [<c00573e4>] (rescuer_thread) from [<c005ca34>] (kthread+0xd4/0xf0)
[  208.832715] [<c005ca34>] (kthread) from [<c000f8d0>] (ret_from_fork+0x14/0x24)
[  208.840269] bioset          S c0664420     0    47      2 0x00000000
[  208.846951] [<c0664420>] (__schedule) from [<c0664b5c>] (schedule+0x44/0x9c)
[  208.854329] [<c0664b5c>] (schedule) from [<c00573e4>] (rescuer_thread+0x290/0x308)
[  208.862252] [<c00573e4>] (rescuer_thread) from [<c005ca34>] (kthread+0xd4/0xf0)
[  208.869901] [<c005ca34>] (kthread) from [<c000f8d0>] (ret_from_fork+0x14/0x24)
[  208.877456] bioset          S c0664420     0    48      2 0x00000000
[  208.884133] [<c0664420>] (__schedule) from [<c0664b5c>] (schedule+0x44/0x9c)
[  208.891512] [<c0664b5c>] (schedule) from [<c00573e4>] (rescuer_thread+0x290/0x308)
[  208.899436] [<c00573e4>] (rescuer_thread) from [<c005ca34>] (kthread+0xd4/0xf0)
[  208.907086] [<c005ca34>] (kthread) from [<c000f8d0>] (ret_from_fork+0x14/0x24)
[  208.914638] bioset          S c0664420     0    49      2 0x00000000
[  208.921316] [<c0664420>] (__schedule) from [<c0664b5c>] (schedule+0x44/0x9c)
[  208.928696] [<c0664b5c>] (schedule) from [<c00573e4>] (rescuer_thread+0x290/0x308)
[  208.936618] [<c00573e4>] (rescuer_thread) from [<c005ca34>] (kthread+0xd4/0xf0)
[  208.944268] [<c005ca34>] (kthread) from [<c000f8d0>] (ret_from_fork+0x14/0x24)
[  208.951821] bioset          S c0664420     0    50      2 0x00000000
[  208.958503] [<c0664420>] (__schedule) from [<c0664b5c>] (schedule+0x44/0x9c)
[  208.965882] [<c0664b5c>] (schedule) from [<c00573e4>] (rescuer_thread+0x290/0x308)
[  208.973804] [<c00573e4>] (rescuer_thread) from [<c005ca34>] (kthread+0xd4/0xf0)
[  208.981453] [<c005ca34>] (kthread) from [<c000f8d0>] (ret_from_fork+0x14/0x24)
[  208.989006] bioset          S c0664420     0    51      2 0x00000000
[  208.995687] [<c0664420>] (__schedule) from [<c0664b5c>] (schedule+0x44/0x9c)
[  209.003067] [<c0664b5c>] (schedule) from [<c00573e4>] (rescuer_thread+0x290/0x308)
[  209.010989] [<c00573e4>] (rescuer_thread) from [<c005ca34>] (kthread+0xd4/0xf0)
[  209.018639] [<c005ca34>] (kthread) from [<c000f8d0>] (ret_from_fork+0x14/0x24)
[  209.026193] bioset          S c0664420     0    52      2 0x00000000
[  209.032874] [<c0664420>] (__schedule) from [<c0664b5c>] (schedule+0x44/0x9c)
[  209.040253] [<c0664b5c>] (schedule) from [<c00573e4>] (rescuer_thread+0x290/0x308)
[  209.048177] [<c00573e4>] (rescuer_thread) from [<c005ca34>] (kthread+0xd4/0xf0)
[  209.055828] [<c005ca34>] (kthread) from [<c000f8d0>] (ret_from_fork+0x14/0x24)
[  209.063383] bioset          S c0664420     0    53      2 0x00000000
[  209.070066] [<c0664420>] (__schedule) from [<c0664b5c>] (schedule+0x44/0x9c)
[  209.077445] [<c0664b5c>] (schedule) from [<c00573e4>] (rescuer_thread+0x290/0x308)
[  209.085368] [<c00573e4>] (rescuer_thread) from [<c005ca34>] (kthread+0xd4/0xf0)
[  209.093019] [<c005ca34>] (kthread) from [<c000f8d0>] (ret_from_fork+0x14/0x24)
[  209.100573] bioset          S c0664420     0    54      2 0x00000000
[  209.107251] [<c0664420>] (__schedule) from [<c0664b5c>] (schedule+0x44/0x9c)
[  209.114629] [<c0664b5c>] (schedule) from [<c00573e4>] (rescuer_thread+0x290/0x308)
[  209.122550] [<c00573e4>] (rescuer_thread) from [<c005ca34>] (kthread+0xd4/0xf0)
[  209.130200] [<c005ca34>] (kthread) from [<c000f8d0>] (ret_from_fork+0x14/0x24)
[  209.137754] bioset          S c0664420     0    55      2 0x00000000
[  209.144432] [<c0664420>] (__schedule) from [<c0664b5c>] (schedule+0x44/0x9c)
[  209.151811] [<c0664b5c>] (schedule) from [<c00573e4>] (rescuer_thread+0x290/0x308)
[  209.159735] [<c00573e4>] (rescuer_thread) from [<c005ca34>] (kthread+0xd4/0xf0)
[  209.167385] [<c005ca34>] (kthread) from [<c000f8d0>] (ret_from_fork+0x14/0x24)
[  209.174939] bioset          S c0664420     0    56      2 0x00000000
[  209.181619] [<c0664420>] (__schedule) from [<c0664b5c>] (schedule+0x44/0x9c)
[  209.188999] [<c0664b5c>] (schedule) from [<c00573e4>] (rescuer_thread+0x290/0x308)
[  209.196923] [<c00573e4>] (rescuer_thread) from [<c005ca34>] (kthread+0xd4/0xf0)
[  209.204573] [<c005ca34>] (kthread) from [<c000f8d0>] (ret_from_fork+0x14/0x24)
[  209.212127] bioset          S c0664420     0    57      2 0x00000000
[  209.218807] [<c0664420>] (__schedule) from [<c0664b5c>] (schedule+0x44/0x9c)
[  209.226187] [<c0664b5c>] (schedule) from [<c00573e4>] (rescuer_thread+0x290/0x308)
[  209.234111] [<c00573e4>] (rescuer_thread) from [<c005ca34>] (kthread+0xd4/0xf0)
[  209.241760] [<c005ca34>] (kthread) from [<c000f8d0>] (ret_from_fork+0x14/0x24)
[  209.249314] kworker/u2:1    S c0664420     0    58      2 0x00000000
[  209.255994] [<c0664420>] (__schedule) from [<c0664b5c>] (schedule+0x44/0x9c)
[  209.263375] [<c0664b5c>] (schedule) from [<c0056d10>] (worker_thread+0xa4/0x4e8)
[  209.271117] [<c0056d10>] (worker_thread) from [<c005ca34>] (kthread+0xd4/0xf0)
[  209.278677] [<c005ca34>] (kthread) from [<c000f8d0>] (ret_from_fork+0x14/0x24)
[  209.286229] ipv6_addrconf   S c0664420     0    60      2 0x00000000
[  209.292909] [<c0664420>] (__schedule) from [<c0664b5c>] (schedule+0x44/0x9c)
[  209.300288] [<c0664b5c>] (schedule) from [<c00573e4>] (rescuer_thread+0x290/0x308)
[  209.308210] [<c00573e4>] (rescuer_thread) from [<c005ca34>] (kthread+0xd4/0xf0)
[  209.315861] [<c005ca34>] (kthread) from [<c000f8d0>] (ret_from_fork+0x14/0x24)
[  209.323415] deferwq         S c0664420     0    61      2 0x00000000
[  209.330095] [<c0664420>] (__schedule) from [<c0664b5c>] (schedule+0x44/0x9c)
[  209.337476] [<c0664b5c>] (schedule) from [<c00573e4>] (rescuer_thread+0x290/0x308)
[  209.345400] [<c00573e4>] (rescuer_thread) from [<c005ca34>] (kthread+0xd4/0xf0)
[  209.353050] [<c005ca34>] (kthread) from [<c000f8d0>] (ret_from_fork+0x14/0x24)
[  209.360604] irq/159-44e0b00 S c0664420     0    62      2 0x00000000
[  209.367277] [<c0664420>] (__schedule) from [<c0664b5c>] (schedule+0x44/0x9c)
[  209.374660] [<c0664b5c>] (schedule) from [<c009df8c>] (irq_thread+0xb0/0x1fc)
[  209.382130] [<c009df8c>] (irq_thread) from [<c005ca34>] (kthread+0xd4/0xf0)
[  209.389419] [<c005ca34>] (kthread) from [<c000f8d0>] (ret_from_fork+0x14/0x24)
[  209.396972] irq/160-4819c00 S c0664420     0    63      2 0x00000000
[  209.403646] [<c0664420>] (__schedule) from [<c0664b5c>] (schedule+0x44/0x9c)
[  209.411026] [<c0664b5c>] (schedule) from [<c009df8c>] (irq_thread+0xb0/0x1fc)
[  209.418493] [<c009df8c>] (irq_thread) from [<c005ca34>] (kthread+0xd4/0xf0)
[  209.425779] [<c005ca34>] (kthread) from [<c000f8d0>] (ret_from_fork+0x14/0x24)
[  209.433332] kworker/0:2     S c0664420     0    64      2 0x00000000
[  209.440014] [<c0664420>] (__schedule) from [<c0664b5c>] (schedule+0x44/0x9c)
[  209.447393] [<c0664b5c>] (schedule) from [<c0056d10>] (worker_thread+0xa4/0x4e8)
[  209.455136] [<c0056d10>] (worker_thread) from [<c005ca34>] (kthread+0xd4/0xf0)
[  209.462696] [<c005ca34>] (kthread) from [<c000f8d0>] (ret_from_fork+0x14/0x24)
[  209.470281] Sched Debug Version: v0.11, 4.4.0-next-20160115-00002-g68f441d0b2cd #1
[  209.478203] ktime                                   : 209470.819691
[  209.484759] sched_clk                               : 209470.273865
[  209.491313] cpu_clk                                 : 209470.274365
[  209.497869] jiffies                                 : 4294958043
[  209.504148] 
[  209.505704] sysctl_sched
[  209.508354]   .sysctl_sched_latency                    : 6.000000
[  209.514729]   .sysctl_sched_min_granularity            : 0.750000
[  209.521101]   .sysctl_sched_wakeup_granularity         : 1.000000
[  209.527472]   .sysctl_sched_child_runs_first           : 0
[  209.533209]   .sysctl_sched_features                   : 44859
[  209.539309]   .sysctl_sched_tunable_scaling            : 1 (logaritmic)
[  209.546225] 
[  209.547784] cpu#0
[  209.549798]   .nr_running                    : 0
[  209.554625]   .load                          : 0
[  209.559452]   .nr_switches                   : 5575
[  209.564552]   .nr_load_updates               : 2518
[  209.569653]   .nr_uninterruptible            : 1
[  209.574481]   .next_balance                  : 4294.937296
[  209.580215]   .curr->pid                     : 0
[  209.585044]   .clock                         : 207389.624873
[  209.590964]   .clock_task                    : 207389.624873
[  209.596883]   .cpu_load[0]                   : 0
[  209.601711]   .cpu_load[1]                   : 0
[  209.606539]   .cpu_load[2]                   : 0
[  209.611366]   .cpu_load[3]                   : 0
[  209.616194]   .cpu_load[4]                   : 0
[  209.621020]   .yld_count                     : 0
[  209.625849]   .sched_count                   : 5576
[  209.630949]   .sched_goidle                  : 2338
[  209.636050]   .avg_idle                      : 1000000
[  209.641424]   .max_idle_balance_cost         : 500000
[  209.646705]   .ttwu_count                    : 3159
[  209.651806]   .ttwu_local                    : 3159
[  209.657315] 
[  209.657315] cfs_rq[0]:/
[  209.661433]   .exec_clock                    : 2100.972231
[  209.667192]   .MIN_vruntime                  : 0.000001
[  209.672659]   .min_vruntime                  : 1945.148983
[  209.678397]   .max_vruntime                  : 0.000001
[  209.683863]   .spread                        : 0.000000
[  209.689328]   .spread0                       : 0.000000
[  209.694791]   .nr_spread_over                : 17
[  209.699708]   .nr_running                    : 0
[  209.704535]   .load                          : 0
[  209.709364]   .load_avg                      : 0
[  209.714192]   .runnable_load_avg             : 0
[  209.719018]   .util_avg                      : 0
[  209.723846]   .removed_load_avg              : 0
[  209.728673]   .removed_util_avg              : 0
[  209.733501]   .tg_load_avg_contrib           : 0
[  209.738330]   .tg_load_avg                   : 0
[  209.743158]   .throttled                     : 0
[  209.747985]   .throttle_count                : 0
[  209.752822] 
[  209.752822] rt_rq[0]:/
[  209.756836]   .rt_nr_running                 : 0
[  209.761664]   .rt_throttled                  : 0
[  209.766493]   .rt_time                       : 0.000000
[  209.771957]   .rt_runtime                    : 950.000000
[  209.777605] 
[  209.777605] dl_rq[0]:
[  209.781527]   .dl_nr_running                 : 0
[  209.786357] 
[  209.786357] runnable tasks:
[  209.786357]             task   PID         tree-key  switches  prio     wait-time             sum-exec        sum-sleep
[  209.786357] ----------------------------------------------------------------------------------------------------------
[  209.813263]        swapper/0     1      1945.148983      2234   120        55.812546      1816.588875    205401.935496 /
[  209.824682]         kthreadd     2      1703.197755        61   120         5.324504        11.645162      1908.143993 /
[  209.836096]      ksoftirqd/0     3      1940.995441        43   120         8.299292         2.228125    205922.430713 /
[  209.847506]      kworker/0:0     4      1705.720004         9   120        53.572749         2.338874      1868.129661 /
[  209.858915]     kworker/0:0H     5       500.788899         4   100         1.646125         0.121292       511.866831 /
[  209.870326]     kworker/u2:0     6      1942.473483        52   120        89.290580        57.141049    206959.996664 /
[  209.881736]        rcu_sched     7      1937.651438        56   120       298.430247        16.265003    201075.308565 /
[  209.893146]           rcu_bh     8        16.356819         2   120         0.300875         0.052083         0.047709 /
[  209.904557]      migration/0     9         0.000000         4     0         0.052417         0.421375         0.051000 /
[  209.915964]        kdevtmpfs    10      1611.131173       121   120         2.501666        24.723427      1721.414067 /
[  209.927375]            netns    11        59.924618         2   100         2.347375         0.190291         0.051500 /
[  209.938783]             perf    12        65.960666         2   100         9.967500         0.131041         0.043334 /
[  209.950189]       oom_reaper    13        -3.000000         2     0         0.921708         0.166125         0.038125 /
[  209.961600]      kworker/0:1    14      1719.623100        44   120       177.230124        14.996163      5321.047900 /
[  209.973005]        writeback    15       278.265529         2   100         1.662750         0.076541         0.058917 /
[  209.984413]           crypto    16       280.291941         2   100         0.712208         0.068251         0.056958 /
[  209.995821]           bioset    17       282.317228         2   100         0.532875         0.064250         0.050875 /
[  210.007230]          kblockd    18       284.361337         2   100        33.574084         0.090958         0.048916 /
[  210.018636]          ata_sff    19       311.653470         2   100         7.841249         0.123918         0.050208 /
[  210.030048]           rpciod    20       507.963619         2   100        13.808916         0.205376         0.052083 /
[  210.041455]          kswapd0    21       636.197532         3   120         0.560958         0.495875        98.451791 /
[  210.052865]           vmstat    22       527.737705         2   100         4.023708         0.079834         0.062833 /
[  210.064273]           nfsiod    23       529.269660         2   100         3.715249         0.079084         0.059459 /
[  210.075681]           bioset    34      1272.526405         2   100         0.986750         0.080291         0.063334 /
[  210.087089]           bioset    35      1274.545712         2   100         0.843875         0.063125         0.055250 /
[  210.098494]           bioset    36      1276.572571         2   100         0.544916         0.063667         0.197000 /
[  210.109900]           bioset    37      1278.600876         2   100         0.829666         0.067875         0.049750 /
[  210.121308]           bioset    38      1280.624768         2   100         0.515958         0.062500         0.051583 /
[  210.132719]           bioset    39      1282.648342         2   100         0.515291         0.058834         0.049708 /
[  210.144126]           bioset    40      1284.672177         2   100         0.508708         0.059000         0.050625 /
[  210.155533]           bioset    41      1286.695381         2   100         0.518542         0.057875         0.049458 /
[  210.166941]           bioset    42      1288.719386         2   100         0.483833         0.058792         0.049834 /
[  210.178349]           bioset    43      1290.743640         2   100         0.503792         0.059416         0.047667 /
[  210.189758]           bioset    44      1292.768061         2   100         0.485208         0.060209         0.049917 /
[  210.201168]           bioset    45      1294.792928         2   100         0.524917         0.060500         0.049667 /
[  210.212572]           bioset    46      1296.817005         2   100         0.490293         0.059791         0.047458 /
[  210.223978]           bioset    47      1298.841040         2   100         0.499500         0.058833         0.048500 /
[  210.235386]           bioset    48      1300.867971         2   100         0.494457         0.063292         0.047417 /
[  210.246791]           bioset    49      1302.905093         2   100         5.778041         0.078751         0.047833 /
[  210.258195]           bioset    50      1341.236334         2   100         2.745749         0.086584         0.069125 /
[  210.269603]           bioset    51      1346.146150         2   100         3.521791         0.081500         0.064667 /
[  210.281008]           bioset    52      1348.173123         2   100         3.453583         0.075667         0.059458 /
[  210.292418]           bioset    53      1350.203643         2   100         1.731667         0.072417         0.060333 /
[  210.303828]           bioset    54      1354.945268         2   100         2.945833         0.073083         0.055959 /
[  210.315232]           bioset    55      1356.977179         2   100         3.358333         0.075084         0.056416 /
[  210.326640]           bioset    56      1358.998885         2   100         3.265583         0.069583         0.058792 /
[  210.338048]           bioset    57      1361.043477         2   100         1.522957         0.086126         0.043167 /
[  210.349455]     kworker/u2:1    58      1569.387046         4   120         2.269292         0.147542       187.298499 /
[  210.360865]    ipv6_addrconf    60      1486.564094         2   100        65.071249         0.196333         0.051167 /
[  210.372273]          deferwq    61      1561.632355         2   100         2.253500         0.088292         0.063000 /
[  210.383683]  irq/159-44e0b00    62         0.000000        51    49         0.069333         3.438034         0.000000 /
[  210.395091]  irq/160-4819c00    63         0.000000         2    49         0.019584         0.107124         0.000000 /
[  210.406499]      kworker/0:2    64      1942.301068       452   120        72.592294       149.057504    204797.443878 /
[  210.417911] 
[  210.419471] 
[  210.419471] Showing all locks held in the system:
[  210.425962] 
[  210.427521] =============================================
[  210.427521] 
[  210.434717] Showing busy workqueues and worker pools:
- 01:22:12 [INFO] [  217.738476] sysrq: SysRq : Show backtrace of all active CPUs
[  217.744444] Sending NMI to all CPUs:
[  217.748192] NMI backtrace for cpu 0
[  217.751851] CPU: 0 PID: 0 Comm: swapper/0 Not tainted 4.4.0-next-20160115-00002-g68f441d0b2cd #1
[  217.761038] Hardware name: Generic AM33XX (Flattened Device Tree)
[  217.767450] [<c0017d3c>] (unwind_backtrace) from [<c0014078>] (show_stack+0x10/0x14)
[  217.775560] [<c0014078>] (show_stack) from [<c035f31c>] (dump_stack+0x84/0x9c)
[  217.783125] [<c035f31c>] (dump_stack) from [<c0362d1c>] (nmi_cpu_backtrace+0x7c/0x88)
[  217.791322] [<c0362d1c>] (nmi_cpu_backtrace) from [<c00159a0>] (raise_nmi+0x60/0x70)
[  217.799425] [<c00159a0>] (raise_nmi) from [<c0362de8>] (nmi_trigger_all_cpu_backtrace+0xc0/0xf4)
[  217.808629] [<c0362de8>] (nmi_trigger_all_cpu_backtrace) from [<c03d4e1c>] (__handle_sysrq+0xd4/0x248)
[  217.818374] [<c03d4e1c>] (__handle_sysrq) from [<c03eed04>] (serial_omap_irq+0x374/0x3bc)
[  217.826938] [<c03eed04>] (serial_omap_irq) from [<c009cbf8>] (handle_irq_event_percpu+0x44/0x1f0)
[  217.836225] [<c009cbf8>] (handle_irq_event_percpu) from [<c009cddc>] (handle_irq_event+0x38/0x5c)
[  217.845513] [<c009cddc>] (handle_irq_event) from [<c009fe60>] (handle_level_irq+0xb8/0x14c)
[  217.854253] [<c009fe60>] (handle_level_irq) from [<c009c29c>] (generic_handle_irq+0x20/0x34)
[  217.863085] [<c009c29c>] (generic_handle_irq) from [<c009c590>] (__handle_domain_irq+0x64/0xe0)
[  217.872198] [<c009c590>] (__handle_domain_irq) from [<c0669bf8>] (__irq_svc+0x58/0x78)
[  217.880495] [<c0669bf8>] (__irq_svc) from [<c001031c>] (arch_cpu_idle+0x20/0x3c)
[  217.888247] [<c001031c>] (arch_cpu_idle) from [<c0084738>] (cpu_startup_entry+0x288/0x310)
[  217.896913] [<c0084738>] (cpu_startup_entry) from [<c08d4c44>] (start_kernel+0x388/0x410)
[  217.905474] [<c08d4c44>] (start_kernel) from [<8000807c>] (0x8000807c)
[  217.912316] Unable to handle kernel NULL pointer dereference at virtual address 00000000
[  217.920778] pgd = c0004000
[  217.923610] [00000000] *pgd=00000000
[  217.927369] Internal error: Oops: 80000005 [#1] SMP ARM
[  217.932841] Modules linked in:
[  217.936048] CPU: 0 PID: 0 Comm: swapper/0 Not tainted 4.4.0-next-20160115-00002-g68f441d0b2cd #1
[  217.945236] Hardware name: Generic AM33XX (Flattened Device Tree)
[  217.951610] task: c094eb40 ti: c0948000 task.ti: c0948000
[  217.957255] PC is at 0x0
[  217.959908] LR is at nmi_trigger_all_cpu_backtrace+0xc0/0xf4
[  217.965829] pc : [<00000000>]    lr : [<c0362de8>]    psr: 20000193
[  217.965829] sp : c0949e60  ip : 00000000  fp : c0a060bc
[  217.977834] r10: 00000061  r9 : 00000000  r8 : 00000007
[  217.983298] r7 : 00000000  r6 : c0015940  r5 : c094b7fc  r4 : 00000001
[  217.990127] r3 : 00000000  r2 : 00000000  r1 : 00000007  r0 : c094b7fc
[  217.996958] Flags: nzCv  IRQs off  FIQs on  Mode SVC_32  ISA ARM  Segment none
[  218.004513] Control: 10c5387d  Table: 80004019  DAC: 00000051
[  218.010524] Process swapper/0 (pid: 0, stack limit = 0xc0948218)
[  218.016807] Stack: (0xc0949e60 to 0xc094a000)
[  218.021372] 9e60: c09cb780 c098aa34 0000006c 00000001 00000007 c03d4e1c 00000000 00000000
[  218.029932] 9e80: c03d4d48 c0402d00 cdb36c10 00000101 00000000 00000002 00000005 c03eed04
[  218.038490] 9ea0: 00000000 c00a1ac8 00000000 cdd34740 cd943560 cd943510 0000009e 00000001
[  218.047050] 9ec0: 00000000 c0a060a8 c0a060bc c009cbf8 60000193 00000000 00000000 cd943500
[  218.055608] 9ee0: cd943560 cd943500 cd943560 cd943510 00000000 00000001 cd814000 c094b5e4
[  218.064169] 9f00: c0a0665c c009cddc cd943500 cd943560 cd943510 c009fe60 c09438a8 0000009e
[  218.072729] 9f20: c094b5e4 c009c29c c09438a8 c009c590 c001031c 20000013 ffffffff c0949f84
[  218.081289] 9f40: c0a0665c c094a9cc c094b5e4 c0669bf8 00000001 00000001 00000000 c094eb40
[  218.089849] 9f60: 00000000 c0948000 c094aa30 00000000 c0a0665c c094a9cc c094b5e4 c0a0665c
[  218.098409] 9f80: 00000000 c0949fa0 c008f2fc c001031c 20000013 ffffffff 00000051 c0010318
[  218.106968] 9fa0: 00000000 c0084738 c093f4e4 c0944a40 c0a0b000 c094a900 00000000 c08d4c44
[  218.115528] 9fc0: ffffffff ffffffff 00000000 c08d4678 00000000 c0924a48 c0a0b214 c094a9ac
[  218.124086] 9fe0: c0924a44 c0950790 80004059 413fc082 00000000 8000807c 00000000 00000000
[  218.132650] [<c0362de8>] (nmi_trigger_all_cpu_backtrace) from [<c03d4e1c>] (__handle_sysrq+0xd4/0x248)
[  218.142390] [<c03d4e1c>] (__handle_sysrq) from [<c03eed04>] (serial_omap_irq+0x374/0x3bc)
[  218.150948] [<c03eed04>] (serial_omap_irq) from [<c009cbf8>] (handle_irq_event_percpu+0x44/0x1f0)
[  218.160233] [<c009cbf8>] (handle_irq_event_percpu) from [<c009cddc>] (handle_irq_event+0x38/0x5c)
[  218.169518] [<c009cddc>] (handle_irq_event) from [<c009fe60>] (handle_level_irq+0xb8/0x14c)
[  218.178258] [<c009fe60>] (handle_level_irq) from [<c009c29c>] (generic_handle_irq+0x20/0x34)
[  218.187088] [<c009c29c>] (generic_handle_irq) from [<c009c590>] (__handle_domain_irq+0x64/0xe0)
[  218.196193] [<c009c590>] (__handle_domain_irq) from [<c0669bf8>] (__irq_svc+0x58/0x78)
[  218.204480] [<c0669bf8>] (__irq_svc) from [<c001031c>] (arch_cpu_idle+0x20/0x3c)
[  218.212224] [<c001031c>] (arch_cpu_idle) from [<c0084738>] (cpu_startup_entry+0x288/0x310)
[  218.220875] [<c0084738>] (cpu_startup_entry) from [<c08d4c44>] (start_kernel+0x388/0x410)
[  218.229435] [<c08d4c44>] (start_kernel) from [<8000807c>] (0x8000807c)
[  218.236267] Code: bad PC value
[  218.239478] ---[ end trace 8ec13fad432c8b4a ]---
[  218.244311] Kernel panic - not syncing: Fatal exception in interrupt
[  218.250972] ---[ end Kernel panic - not syncing: Fatal exception in interrupt
- 01:22:23 [INFO] 
- 01:22:23 [INFO] Disconnected serial from beaglebone
URL:gtsystest.telogy.design.ti.com/vatf/tigtfarm03/tigtfarm03_vatf@bbw1/tigtfarm0301_15_2016_01_17_23/files/session_iteration_1/test_1
