- 05:40:15 [INFO] Starting target session
- 05:40:16 [INFO] Connected to beagleboard-vanilla via serial 
- 05:40:16 [INFO] Host: #check prompt
- 05:40:19 [ERROR] On command: #check prompt waiting for #check prompt.+?(?-mix:((?-mix:.*\s+login)|[Pp]assword)) >>> error: execution expired
- 05:40:19 [INFO] Target: 
 check prompt
[84297.132934] ------------[ cut here ]------------
[84297.138336] WARNING: CPU: 0 PID: 665 at mm/mmap.c:2859 exit_mmap+0x1a8/0x214()
[84297.146301] Modules linked in:
[84297.149841] CPU: 0 PID: 665 Comm: getty Tainted: G        W       3.19.0-rc5-next-20150121-00002-gec64530e4d74 #1
[84297.161010] Hardware name: Generic OMAP3-GP (Flattened Device Tree)
[84297.168029] [<c02159bc>] (unwind_backtrace) from [<c0211444>] (show_stack+0x10/0x14)
[84297.176574] [<c0211444>] (show_stack) from [<c09227d8>] (dump_stack+0x70/0x8c)
[84297.184509] [<c09227d8>] (dump_stack) from [<c0246674>] (warn_slowpath_common+0x74/0xac)
[84297.193359] [<c0246674>] (warn_slowpath_common) from [<c02466c8>] (warn_slowpath_null+0x1c/0x24)
[84297.202972] [<c02466c8>] (warn_slowpath_null) from [<c02e30e4>] (exit_mmap+0x1a8/0x214)
[84297.211730] [<c02e30e4>] (exit_mmap) from [<c024403c>] (mmput+0x40/0xf8)
[84297.219116] [<c024403c>] (mmput) from [<c02ff290>] (flush_old_exec+0x32c/0x604)
[84297.227172] [<c02ff290>] (flush_old_exec) from [<c033b994>] (load_elf_binary+0x2ec/0x112c)
[84297.236236] [<c033b994>] (load_elf_binary) from [<c02fe5ac>] (search_binary_handler+0x9c/0x240)
[84297.245758] [<c02fe5ac>] (search_binary_handler) from [<c02ffd48>] (do_execveat_common+0x4d8/0x5bc)
[84297.255615] [<c02ffd48>] (do_execveat_common) from [<c02ffe58>] (do_execve+0x2c/0x34)
[84297.264190] [<c02ffe58>] (do_execve) from [<c020e6e0>] (ret_fast_syscall+0x0/0x34)
[84297.272460] ---[ end trace 9b16cf21a4954f1d ]---
Password: 
- 05:40:19 [INFO] Host: #check prompt
- 05:40:21 [ERROR] On command: #check prompt waiting for #check prompt.+?(?m-ix:root.*#) >>> error: execution expired
- 05:40:21 [INFO] Target: 
- 05:40:21 [INFO] Disconnected serial from beagleboard-vanilla
- 05:40:44 [INFO] Connected to beagleboard-vanilla via serial 
- 05:40:44 [INFO] Host: 
- 05:40:45 [ERROR] On command:  waiting for (?-mix:U-Boot#\s) >>> error: execution expired
- 05:40:45 [INFO] Target: 
*** Warning - bad CRC, using default environment
Beagle Rev C1/C2/C3
- 05:40:45 [INFO] Host: 
- 05:40:45 [INFO] Target: 
Timed out in wait_for_event: status=0000
Check if pads/pull-ups of bus 1 are properly configured
No EEPROM on expansion board
Die ID #0a8600030000000004013f780600a00e
Net:   usb_ether
Hit any key to stop autoboot:  1  0 
U-Boot# 
U-Boot# 
- 05:40:45 [INFO] Host: 
- 05:40:46 [INFO] Target: 
U-Boot# 
- 05:40:46 [INFO] Host: version
- 05:40:46 [INFO] Target: 
version
U-Boot 2014.04-00071-g8543283 (Apr 22 2014 - 15:49:50)
arm-linux-gnueabi-gcc (Ubuntu/Linaro 4.6.3-1ubuntu5) 4.6.3
GNU ld (GNU Binutils for Ubuntu) 2.22
U-Boot# 
- 05:40:46 [INFO] Host: setenv bootargs 'console=ttyO2,115200n8  earlyprintk rootwait '
- 05:40:47 [INFO] Target: 
setenv bootargs 'console=ttyO2,115200n8  earlyprintk rootwait '
U-Boot# 
- 05:40:47 [INFO] Host: setenv bootcmd  ''
- 05:40:47 [INFO] Target: 
setenv bootcmd  ''
U-Boot# 
- 05:40:47 [INFO] Host: setenv autoload 'no'
- 05:40:48 [INFO] Target: 
setenv autoload 'no'
U-Boot# 
- 05:40:48 [INFO] Host: setenv serverip '192.168.1.254'
- 05:40:48 [INFO] Target: 
setenv serverip '192.168.1.254'
U-Boot# 
- 05:40:48 [INFO] Host: printenv
- 05:40:49 [INFO] Target: 
printenv
arch=arm
autoload=no
baudrate=115200
beaglerev=Cx
board=beagle
board_name=beagle
bootargs=console=ttyO2,115200n8  earlyprintk rootwait 
bootcmd=
bootdelay=1
bootdir=/boot
bootenv=uEnv.txt
bootfile=uImage
bootm_size=0x08000000
bootpart=0:2
buddy=none
camera=none
console=ttyO2,115200n8
cpu=armv7
defaultdisplay=dvi
dieid#=0a8600030000000004013f780600a00e
dvimode=640x480MR-16@60
ethact=usb_ether
fdtaddr=0x80f80000
findfdt=if test $beaglerev = AxBx; then setenv fdtfile omap3-beagle.dtb; fi; if test $beaglerev = Cx; then setenv fdtfile omap3-beagle.dtb; fi; if test $beaglerev = C4; then setenv fdtfile omap3-beagle.dtb; fi; if test $beaglerev = xMAB; then setenv fdtfile omap3-beagle-xm.dtb; fi; if test $beaglerev = xMC; then setenv fdtfile omap3-beagle-xm.dtb; fi; if test $fdtfile = undefined; then echo WARNING: Could not determine device tree to use; fi; 
importbootenv=echo Importing environment from mmc ...; env import -t $loadaddr $filesize
loadaddr=0x80200000
loadbootenv=fatload mmc ${mmcdev} ${loadaddr} ${bootenv}
loadfdt=load mmc ${bootpart} ${fdtaddr} ${bootdir}/${fdtfile}
loadimage=load mmc ${bootpart} ${loadaddr} ${bootdir}/${bootfile}
loadramdisk=load mmc ${bootpart} ${rdaddr} ${bootdir}/${ramdisk}
mmcargs=setenv bootargs console=${console} ${optargs} mpurate=${mpurate} buddy=${buddy} camera=${camera} vram=${vram} omapfb.mode=dvi:${dvimode} omapdss.def_disp=${defaultdisplay} root=${mmcroot} rootfstype=${mmcrootfstype}
mmcboot=echo Booting from mmc ...; run mmcargs; bootm ${loadaddr}
mmcbootz=echo Booting with DT from mmc${mmcdev} ...; run mmcargs; bootz ${loadaddr} - ${fdtaddr}
mmcdev=0
mmcroot=/dev/mmcblk0p2 rw
mmcrootfstype=ext3 rootwait
mpurate=auto
nandargs=setenv bootargs console=${console} ${optargs} mpurate=${mpurate} buddy=${buddy} camera=${camera} vram=${vram} omapfb.mode=dvi:${dvimode} omapdss.def_disp=${defaultdisplay} root=${nandroot} rootfstype=${nandrootfstype}
nandboot=echo Booting from nand ...; run nandargs; nand read ${loadaddr} 280000 400000; bootm ${loadaddr}
nandroot=ubi0:rootfs ubi.mtd=4
nandrootfstype=ubifs
ramargs=setenv bootargs console=${console} ${optargs} mpurate=${mpurate} buddy=${buddy} vram=${vram} omapfb.mode=dvi:${dvimode} omapdss.def_disp=${defaultdisplay} root=${ramroot} rootfstype=${ramrootfstype}
ramboot=echo Booting from ramdisk ...; run ramargs; bootm ${loadaddr}
ramdisk=ramdisk.gz
ramroot=/dev/ram0 rw ramdisk_size=65536 initrd=0x81000000,64M
ramrootfstype=ext2
rdaddr=0x81000000
serverip=192.168.1.254
soc=omap3
stderr=serial
stdin=serial
stdout=serial
usbtty=cdc_acm
userbutton=if gpio input 173; then run userbutton_xm; else run userbutton_nonxm; fi;
userbutton_nonxm=gpio input 7;
userbutton_xm=gpio input 4;
vendor=ti
ver=U-Boot 2014.04-00071-g8543283 (Apr 22 2014 - 15:49:50)
vram=12M
Environment size: 2894/131068 bytes
U-Boot# 
- 05:40:49 [INFO] Host: dcache off
- 05:40:49 [INFO] Target: 
dcache off
U-Boot# 
- 05:40:49 [INFO] Host: usb start
- 05:40:50 [INFO] Target: 
usb start
(Re)start USB...
USB0:   USB EHCI 1.00
scanning bus 0 for devices... 1 USB Device(s) found
       scanning usb for storage devices... 0 Storage Device(s) found
       scanning usb for ethernet devices... 0 Ethernet Device(s) found
U-Boot# 
- 05:40:50 [INFO] Host: printenv
- 05:40:50 [INFO] Target: 
printenv
arch=arm
autoload=no
baudrate=115200
beaglerev=Cx
board=beagle
board_name=beagle
bootargs=console=ttyO2,115200n8  earlyprintk rootwait 
bootcmd=
bootdelay=1
bootdir=/boot
bootenv=uEnv.txt
bootfile=uImage
bootm_size=0x08000000
bootpart=0:2
buddy=none
camera=none
console=ttyO2,115200n8
cpu=armv7
defaultdisplay=dvi
dieid#=0a8600030000000004013f780600a00e
dvimode=640x480MR-16@60
ethact=usb_ether
fdtaddr=0x80f80000
findfdt=if test $beaglerev = AxBx; then setenv fdtfile omap3-beagle.dtb; fi; if test $beaglerev = Cx; then setenv fdtfile omap3-beagle.dtb; fi; if test $beaglerev = C4; then setenv fdtfile omap3-beagle.dtb; fi; if test $beaglerev = xMAB; then setenv fdtfile omap3-beagle-xm.dtb; fi; if test $beaglerev = xMC; then setenv fdtfile omap3-beagle-xm.dtb; fi; if test $fdtfile = undefined; then echo WARNING: Could not determine device tree to use; fi; 
importbootenv=echo Importing environment from mmc ...; env import -t $loadaddr $filesize
loadaddr=0x80200000
loadbootenv=fatload mmc ${mmcdev} ${loadaddr} ${bootenv}
loadfdt=load mmc ${bootpart} ${fdtaddr} ${bootdir}/${fdtfile}
loadimage=load mmc ${bootpart} ${loadaddr} ${bootdir}/${bootfile}
loadramdisk=load mmc ${bootpart} ${rdaddr} ${bootdir}/${ramdisk}
mmcargs=setenv bootargs console=${console} ${optargs} mpurate=${mpurate} buddy=${buddy} camera=${camera} vram=${vram} omapfb.mode=dvi:${dvimode} omapdss.def_disp=${defaultdisplay} root=${mmcroot} rootfstype=${mmcrootfstype}
mmcboot=echo Booting from mmc ...; run mmcargs; bootm ${loadaddr}
mmcbootz=echo Booting with DT from mmc${mmcdev} ...; run mmcargs; bootz ${loadaddr} - ${fdtaddr}
mmcdev=0
mmcroot=/dev/mmcblk0p2 rw
mmcrootfstype=ext3 rootwait
mpurate=auto
nandargs=setenv bootargs console=${console} ${optargs} mpurate=${mpurate} buddy=${buddy} camera=${camera} vram=${vram} omapfb.mode=dvi:${dvimode} omapdss.def_disp=${defaultdisplay} root=${nandroot} rootfstype=${nandrootfstype}
nandboot=echo Booting from nand ...; run nandargs; nand read ${loadaddr} 280000 400000; bootm ${loadaddr}
nandroot=ubi0:rootfs ubi.mtd=4
nandrootfstype=ubifs
ramargs=setenv bootargs console=${console} ${optargs} mpurate=${mpurate} buddy=${buddy} vram=${vram} omapfb.mode=dvi:${dvimode} omapdss.def_disp=${defaultdisplay} root=${ramroot} rootfstype=${ramrootfstype}
ramboot=echo Booting from ramdisk ...; run ramargs; bootm ${loadaddr}
ramdisk=ramdisk.gz
ramroot=/dev/ram0 rw ramdisk_size=65536 initrd=0x81000000,64M
ramrootfstype=ext2
rdaddr=0x81000000
serverip=192.168.1.254
soc=omap3
stderr=serial
stdin=serial
stdout=serial
usbtty=cdc_acm
userbutton=if gpio input 173; then run userbutton_xm; else run userbutton_nonxm; fi;
userbutton_nonxm=gpio input 7;
userbutton_xm=gpio input 4;
vendor=ti
ver=U-Boot 2014.04-00071-g8543283 (Apr 22 2014 - 15:49:50)
vram=12M
Environment size: 2894/131068 bytes
U-Boot# 
- 05:40:50 [INFO] Host: setenv bootargs ''${bootargs}' ip=dhcp '
- 05:40:51 [INFO] Target: 
setenv bootargs ''${bootargs}' ip=dhcp '
U-Boot# 
- 05:40:51 [INFO] Host: setenv serverip '192.168.1.254'
- 05:40:51 [INFO] Target: 
setenv serverip '192.168.1.254'
U-Boot# 
- 05:40:51 [INFO] Host: setenv ipaddr dhcp
- 05:40:52 [INFO] Target: 
setenv ipaddr dhcp
U-Boot# 
- 05:40:52 [INFO] Host: setenv autoload 'no'
- 05:40:52 [INFO] Target: 
setenv autoload 'no'
U-Boot# 
- 05:40:52 [INFO] Host: dhcp
- 05:40:53 [INFO] Target: 
dhcp
ERROR: Need valid 'usbnet_devaddr' to be set
at drivers/usb/gadget/ether.c:2362/usb_eth_init()
U-Boot# 
- 05:40:54 [INFO] Disconnected serial from beagleboard-vanilla
- 05:48:03 [INFO] Connected to beagleboard-vanilla via serial 
- 05:48:04 [INFO] Disconnected serial from beagleboard-vanilla
- 05:48:15 [INFO] Connected to beagleboard-vanilla via serial 
- 05:48:15 [INFO] Host: ls mmc 0:1
- 05:48:35 [ERROR] On command: ls mmc 0:1 waiting for ls mmc 0:1.+?(?-mix:U-Boot#\s) >>> error: execution expired
- 05:48:35 [INFO] Target: 
)/0(CAN) packets, 2 retries
## Total Size      = 0x0000f106 = 61702 Bytes
U-Boot#  0:1
Unknown command '0:1' - try 'help'
U-Boot# 
- 05:48:35 [INFO] Host: printenv
- 05:48:36 [INFO] Target: 
printenv
arch=arm
autoload=no
baudrate=115200
beaglerev=Cx
board=beagle
board_name=beagle
bootargs=console=ttyO2,115200n8  earlyprintk rootwait  ip=dhcp 
bootcmd=
bootdelay=1
bootdir=/boot
bootenv=uEnv.txt
bootfile=uImage
bootm_size=0x08000000
bootpart=0:2
buddy=none
camera=none
console=ttyO2,115200n8
cpu=armv7
defaultdisplay=dvi
dieid#=0a8600030000000004013f780600a00e
dvimode=640x480MR-16@60
ethact=usb_ether
fdtaddr=0x80f80000
filesize=f106
findfdt=if test $beaglerev = AxBx; then setenv fdtfile omap3-beagle.dtb; fi; if test $beaglerev = Cx; then setenv fdtfile omap3-beagle.dtb; fi; if test $beaglerev = C4; then setenv fdtfile omap3-beagle.dtb; fi; if test $beaglerev = xMAB; then setenv fdtfile omap3-beagle-xm.dtb; fi; if test $beaglerev = xMC; then setenv fdtfile omap3-beagle-xm.dtb; fi; if test $fdtfile = undefined; then echo WARNING: Could not determine device tree to use; fi; 
importbootenv=echo Importing environment from mmc ...; env import -t $loadaddr $filesize
ipaddr=dhcp
loadaddr=0x80200000
loadbootenv=fatload mmc ${mmcdev} ${loadaddr} ${bootenv}
loadfdt=load mmc ${bootpart} ${fdtaddr} ${bootdir}/${fdtfile}
loadimage=load mmc ${bootpart} ${loadaddr} ${bootdir}/${bootfile}
loadramdisk=load mmc ${bootpart} ${rdaddr} ${bootdir}/${ramdisk}
mmcargs=setenv bootargs console=${console} ${optargs} mpurate=${mpurate} buddy=${buddy} camera=${camera} vram=${vram} omapfb.mode=dvi:${dvimode} omapdss.def_disp=${defaultdisplay} root=${mmcroot} rootfstype=${mmcrootfstype}
mmcboot=echo Booting from mmc ...; run mmcargs; bootm ${loadaddr}
mmcbootz=echo Booting with DT from mmc${mmcdev} ...; run mmcargs; bootz ${loadaddr} - ${fdtaddr}
mmcdev=0
mmcroot=/dev/mmcblk0p2 rw
mmcrootfstype=ext3 rootwait
mpurate=auto
nandargs=setenv bootargs console=${console} ${optargs} mpurate=${mpurate} buddy=${buddy} camera=${camera} vram=${vram} omapfb.mode=dvi:${dvimode} omapdss.def_disp=${defaultdisplay} root=${nandroot} rootfstype=${nandrootfstype}
nandboot=echo Booting from nand ...; run nandargs; nand read ${loadaddr} 280000 400000; bootm ${loadaddr}
nandroot=ubi0:rootfs ubi.mtd=4
nandrootfstype=ubifs
ramargs=setenv bootargs console=${console} ${optargs} mpurate=${mpurate} buddy=${buddy} vram=${vram} omapfb.mode=dvi:${dvimode} omapdss.def_disp=${defaultdisplay} root=${ramroot} rootfstype=${ramrootfstype}
ramboot=echo Booting from ramdisk ...; run ramargs; bootm ${loadaddr}
ramdisk=ramdisk.gz
ramroot=/dev/ram0 rw ramdisk_size=65536 initrd=0x81000000,64M
ramrootfstype=ext2
rdaddr=0x81000000
serverip=192.168.1.254
soc=omap3
stderr=serial
stdin=serial
stdout=serial
usbtty=cdc_acm
userbutton=if gpio input 173; then run userbutton_xm; else run userbutton_nonxm; fi;
userbutton_nonxm=gpio input 7;
userbutton_xm=gpio input 4;
vendor=ti
ver=U-Boot 2014.04-00071-g8543283 (Apr 22 2014 - 15:49:50)
vram=12M
Environment size: 2933/131068 bytes
U-Boot# 
- 05:48:36 [INFO] Host: setenv bootargs ''${bootargs}' root=/dev/mmcblk0p2 rw rootfstype=ext3 rootwait '
- 05:48:36 [INFO] Target: 
setenv bootargs ''${bootargs}' root=/dev/mmcblk0p2 rw rootfstype=ext3 rootwait '
U-Boot# 
- 05:48:36 [INFO] Host: printenv
- 05:48:37 [INFO] Target: 
printenv
arch=arm
autoload=no
baudrate=115200
beaglerev=Cx
board=beagle
board_name=beagle
bootargs=console=ttyO2,115200n8  earlyprintk rootwait  ip=dhcp  root=/dev/mmcblk0p2 rw rootfstype=ext3 rootwait 
bootcmd=
bootdelay=1
bootdir=/boot
bootenv=uEnv.txt
bootfile=uImage
bootm_size=0x08000000
bootpart=0:2
buddy=none
camera=none
console=ttyO2,115200n8
cpu=armv7
defaultdisplay=dvi
dieid#=0a8600030000000004013f780600a00e
dvimode=640x480MR-16@60
ethact=usb_ether
fdtaddr=0x80f80000
filesize=f106
findfdt=if test $beaglerev = AxBx; then setenv fdtfile omap3-beagle.dtb; fi; if test $beaglerev = Cx; then setenv fdtfile omap3-beagle.dtb; fi; if test $beaglerev = C4; then setenv fdtfile omap3-beagle.dtb; fi; if test $beaglerev = xMAB; then setenv fdtfile omap3-beagle-xm.dtb; fi; if test $beaglerev = xMC; then setenv fdtfile omap3-beagle-xm.dtb; fi; if test $fdtfile = undefined; then echo WARNING: Could not determine device tree to use; fi; 
importbootenv=echo Importing environment from mmc ...; env import -t $loadaddr $filesize
ipaddr=dhcp
loadaddr=0x80200000
loadbootenv=fatload mmc ${mmcdev} ${loadaddr} ${bootenv}
loadfdt=load mmc ${bootpart} ${fdtaddr} ${bootdir}/${fdtfile}
loadimage=load mmc ${bootpart} ${loadaddr} ${bootdir}/${bootfile}
loadramdisk=load mmc ${bootpart} ${rdaddr} ${bootdir}/${ramdisk}
mmcargs=setenv bootargs console=${console} ${optargs} mpurate=${mpurate} buddy=${buddy} camera=${camera} vram=${vram} omapfb.mode=dvi:${dvimode} omapdss.def_disp=${defaultdisplay} root=${mmcroot} rootfstype=${mmcrootfstype}
mmcboot=echo Booting from mmc ...; run mmcargs; bootm ${loadaddr}
mmcbootz=echo Booting with DT from mmc${mmcdev} ...; run mmcargs; bootz ${loadaddr} - ${fdtaddr}
mmcdev=0
mmcroot=/dev/mmcblk0p2 rw
mmcrootfstype=ext3 rootwait
mpurate=auto
nandargs=setenv bootargs console=${console} ${optargs} mpurate=${mpurate} buddy=${buddy} camera=${camera} vram=${vram} omapfb.mode=dvi:${dvimode} omapdss.def_disp=${defaultdisplay} root=${nandroot} rootfstype=${nandrootfstype}
nandboot=echo Booting from nand ...; run nandargs; nand read ${loadaddr} 280000 400000; bootm ${loadaddr}
nandroot=ubi0:rootfs ubi.mtd=4
nandrootfstype=ubifs
ramargs=setenv bootargs console=${console} ${optargs} mpurate=${mpurate} buddy=${buddy} vram=${vram} omapfb.mode=dvi:${dvimode} omapdss.def_disp=${defaultdisplay} root=${ramroot} rootfstype=${ramrootfstype}
ramboot=echo Booting from ramdisk ...; run ramargs; bootm ${loadaddr}
ramdisk=ramdisk.gz
ramroot=/dev/ram0 rw ramdisk_size=65536 initrd=0x81000000,64M
ramrootfstype=ext2
rdaddr=0x81000000
serverip=192.168.1.254
soc=omap3
stderr=serial
stdin=serial
stdout=serial
usbtty=cdc_acm
userbutton=if gpio input 173; then run userbutton_xm; else run userbutton_nonxm; fi;
userbutton_nonxm=gpio input 7;
userbutton_xm=gpio input 4;
vendor=ti
ver=U-Boot 2014.04-00071-g8543283 (Apr 22 2014 - 15:49:50)
vram=12M
Environment size: 2982/131068 bytes
U-Boot# 
- 05:48:37 [INFO] Host: setenv bootcmd ''${bootcmd}' if iminfo ${loadaddr}; then bootm ${loadaddr} - ${fdtaddr}; else bootz ${loadaddr} - ${fdtaddr}; bootm ${loadaddr} - ${fdtaddr}; fi'
- 05:48:37 [INFO] Target: 
setenv bootcmd ''${bootcmd}' if iminfo ${loadaddr}; then bootm ${loadaddr} - ${fdtaddr}; else bootz ${loadaddr} - ${fdtaddr}; bootm ${loadaddr} - ${fdtaddr}; fi'
U-Boot# 
- 05:48:37 [INFO] Host: bdinfo
- 05:48:38 [INFO] Target: 
bdinfo
arch_number = 0x0000060A
boot_params = 0x80000100
DRAM bank   = 0x00000000
-> start    = 0x80000000
-> size     = 0x08000000
DRAM bank   = 0x00000001
-> start    = 0x88000000
-> size     = 0x08000000
eth0name    = usb_ether
ethaddr     = (not set)
current eth = usb_ether
ip_addr     = dhcp
baudrate    = 115200 bps
TLB addr    = 0x8FFF0000
relocaddr   = 0x8FF51000
reloc off   = 0x0FE51000
irq_sp      = 0x8FE30ED0
sp start    = 0x8FE30EC0
U-Boot# 
- 05:48:38 [INFO] Host: mmc rescan
- 05:48:38 [INFO] Target: 
mmc rescan
U-Boot# 
- 05:48:38 [INFO] Host: fatwrite mmc ${mmcdev}:1 ${loadaddr} ws-calibrate.rules 4
- 05:48:39 [INFO] Target: 
fatwrite mmc ${mmcdev}:1 ${loadaddr} ws-calibrate.rules 4
writing ws-calibrate.rules
4 bytes written
U-Boot# 
- 05:48:39 [INFO] Host: boot
- 05:51:09 [ERROR] On command: boot waiting for boot.+?(?-mix:.*\s+login) >>> error: execution expired
- 05:51:09 [INFO] Target: 
boot
## Checking Image at 80200000 ...
Unknown image format!
Kernel image @ 0x80200000 [ 0x000000 - 0x441128 ]
## Flattened Device Tree blob at 80f80000
   Booting using the fdt blob at 0x80f80000
   Loading Device Tree to 87fed000, end 87fff105 ... OK
Starting kernel ...
[    0.000000] Booting Linux on physical CPU 0x0
[    0.000000] Initializing cgroup subsys cpuset
[    0.000000] Initializing cgroup subsys cpu
[    0.000000] Initializing cgroup subsys cpuacct
[    0.000000] Linux version 3.19.0-rc5-next-20150122-00002-g2ade5cea1b05 (nmenon@kahuna) (gcc version 4.6.3 (Ubuntu/Linaro 4.6.3-1ubuntu5) ) #1 SMP Thu Jan 22 05:37:58 CST 2015
[    0.000000] CPU: ARMv7 Processor [411fc083] revision 3 (ARMv7), cr=10c5387d
[    0.000000] CPU: PIPT / VIPT nonaliasing data cache, VIPT nonaliasing instruction cache
[    0.000000] Machine model: TI OMAP3 BeagleBoard
[    0.000000] cma: Reserved 16 MiB at 0x8e800000
[    0.000000] Memory policy: Data cache writeback
[    0.000000] CPU: All CPU(s) started in SVC mode.
[    0.000000] OMAP3430/3530 ES3.0 (l2cache iva sgx neon isp )
[    0.000000] PERCPU: Embedded 12 pages/cpu @cfc3b000 s19392 r8192 d21568 u49152
[    0.000000] Built 1 zonelists in Zone order, mobility grouping on.  Total pages: 64704
[    0.000000] Kernel command line: console=ttyO2,115200n8  earlyprintk rootwait  ip=dhcp  root=/dev/mmcblk0p2 rw rootfstype=ext3 rootwait 
[    0.000000] PID hash table entries: 1024 (order: 0, 4096 bytes)
[    0.000000] Dentry cache hash table entries: 32768 (order: 5, 131072 bytes)
[    0.000000] Inode-cache hash table entries: 16384 (order: 4, 65536 bytes)
[    0.000000] Memory: 224244K/261120K available (5862K kernel code, 616K rwdata, 2248K rodata, 432K init, 8220K bss, 20492K reserved, 16384K cma-reserved, 0K highmem)
[    0.000000] Virtual kernel memory layout:
[    0.000000]     vector  : 0xffff0000 - 0xffff1000   (   4 kB)
[    0.000000]     fixmap  : 0xffc00000 - 0xfff00000   (3072 kB)
[    0.000000]     vmalloc : 0xd0800000 - 0xff000000   ( 744 MB)
[    0.000000]     lowmem  : 0xc0000000 - 0xd0000000   ( 256 MB)
[    0.000000]     pkmap   : 0xbfe00000 - 0xc0000000   (   2 MB)
[    0.000000]     modules : 0xbf000000 - 0xbfe00000   (  14 MB)
[    0.000000]       .text : 0xc0008000 - 0xc07f3c5c   (8112 kB)
[    0.000000]       .init : 0xc07f4000 - 0xc0860000   ( 432 kB)
[    0.000000]       .data : 0xc0860000 - 0xc08fa228   ( 617 kB)
[    0.000000]        .bss : 0xc08fa228 - 0xc11013c8   (8221 kB)
[    0.000000] Hierarchical RCU implementation.
[    0.000000] 	Additional per-CPU info printed with stalls.
[    0.000000] 	RCU restricting CPUs from NR_CPUS=2 to nr_cpu_ids=1.
[    0.000000] RCU: Adjusting geometry for rcu_fanout_leaf=16, nr_cpu_ids=1
[    0.000000] NR_IRQS:16 nr_irqs:16 16
[    0.000000] IRQ: Found an INTC at 0xfa200000 (revision 4.0) with 96 interrupts
[    0.000000] Clocking rate (Crystal/Core/MPU): 26.0/332/600 MHz
[    0.000000] OMAP clockevent source: timer12 at 32768 Hz
[    0.000030] sched_clock: 32 bits at 32kHz, resolution 30517ns, wraps every 65536000000000ns
[    0.000061] OMAP clocksource: 32k_counter at 32768 Hz
[    0.001403] Console: colour dummy device 80x30
[    0.001495] Lock dependency validator: Copyright (c) 2006 Red Hat, Inc., Ingo Molnar
[    0.001495] ... MAX_LOCKDEP_SUBCLASSES:  8
[    0.001525] ... MAX_LOCK_DEPTH:          48
[    0.001525] ... MAX_LOCKDEP_KEYS:        8191
[    0.001556] ... CLASSHASH_SIZE:          4096
[    0.001556] ... MAX_LOCKDEP_ENTRIES:     32768
[    0.001586] ... MAX_LOCKDEP_CHAINS:      65536
[    0.001586] ... CHAINHASH_SIZE:          32768
[    0.001586]  memory used by lock dependency info: 5167 kB
[    0.001617]  per task-struct memory footprint: 1152 bytes
[    0.001647] Calibrating delay loop... 479.23 BogoMIPS (lpj=2396160)
[    0.085937] pid_max: default: 32768 minimum: 301
[    0.086486] Security Framework initialized
[    0.086761] Mount-cache hash table entries: 1024 (order: 0, 4096 bytes)
[    0.086791] Mountpoint-cache hash table entries: 1024 (order: 0, 4096 bytes)
[    0.091461] Initializing cgroup subsys blkio
[    0.091522] Initializing cgroup subsys memory
[    0.091674] Initializing cgroup subsys devices
[    0.091827] Initializing cgroup subsys freezer
[    0.092010] Initializing cgroup subsys perf_event
[    0.092132] CPU: Testing write buffer coherency: ok
[    0.094299] CPU0: thread -1, cpu 0, socket -1, mpidr 0
[    0.094482] Setting up static identity map for 0x8058f0c8 - 0x8058f138
[    0.100189] Brought up 1 CPUs
[    0.100219] SMP: Total of 1 processors activated (479.23 BogoMIPS).
[    0.100250] CPU: All CPU(s) started in SVC mode.
[    0.105468] devtmpfs: initialized
[    0.119415] VFP support v0.3: implementor 41 architecture 3 part 30 variant c rev 1
[    0.208557] omap_hwmod: mcbsp2_sidetone using broken dt data from mcbsp
[    0.210998] omap_hwmod: mcbsp3_sidetone using broken dt data from mcbsp
[    0.289611] omap_hwmod: mcbsp2: _wait_target_ready failed: -16
[    0.289642] omap_hwmod: mcbsp2: cannot be enabled for reset (3)
[    0.333099] pinctrl core: initialized pinctrl subsystem
[    0.455718] NET: Registered protocol family 16
[    0.467742] DMA: preallocated 256 KiB pool for atomic coherent allocations
[    0.471252] cpuidle: using governor ladder
[    0.471282] cpuidle: using governor menu
[    0.481658] Reprogramming SDRC clock to 332000000 Hz
[    0.494873] omap_gpio 48310000.gpio: could not find pctldev for node /ocp/pinmux@48002a00/pinmux_gpio1_pins, deferring probe
[    0.494934] platform 48310000.gpio: Driver omap_gpio requests probe deferral
[    0.499877] OMAP GPIO hardware version 2.5
[    0.514831] irq: no irq domain found for /ocp/pinmux@48002030 !
[    0.543182] omap-gpmc 6e000000.gpmc: GPMC revision 5.0
[    0.556030] No ATAGs?
[    0.556091] hw-breakpoint: debug architecture 0x4 unsupported.
[    0.560363] OMAP DMA hardware revision 4.0
[    0.658599] omap-dma-engine 48056000.dma-controller: OMAP DMA engine driver
[    0.660369] platform hsusb2_power_reg: Driver reg-fixed-voltage requests probe deferral
[    0.666290] SCSI subsystem initialized
[    0.669097] usb_phy_generic hsusb2_phy: Error requesting RESET GPIO
[    0.669189] usb_phy_generic: probe of hsusb2_phy failed with error -2
[    0.676727] omap_i2c 48070000.i2c: bus 0 rev3.3 at 2600 kHz
[    0.678680] omap_i2c 48072000.i2c: bus 1 rev3.3 at 100 kHz
[    0.680419] omap_i2c 48060000.i2c: bus 2 rev3.3 at 100 kHz
[    0.688232] Switched to clocksource 32k_counter
[    0.941467] NET: Registered protocol family 2
[    0.944274] TCP established hash table entries: 2048 (order: 1, 8192 bytes)
[    0.944519] TCP bind hash table entries: 2048 (order: 4, 73728 bytes)
[    0.945709] TCP: Hash tables configured (established 2048 bind 2048)
[    0.946044] TCP: reno registered
[    0.946105] UDP hash table entries: 256 (order: 2, 20480 bytes)
[    0.946411] UDP-Lite hash table entries: 256 (order: 2, 20480 bytes)
[    0.948242] NET: Registered protocol family 1
[    0.951019] RPC: Registered named UNIX socket transport module.
[    0.951049] RPC: Registered udp transport module.
[    0.951080] RPC: Registered tcp transport module.
[    0.951110] RPC: Registered tcp NFSv4.1 backchannel transport module.
[    0.957031] hw perfevents: enabled with armv7_cortex_a8 PMU driver, 5 counters available
[    0.966308] futex hash table entries: 256 (order: 2, 16384 bytes)
[    0.966705] audit: initializing netlink subsys (disabled)
[    0.967071] audit: type=2000 audit(1.130:1): initialized
[    0.974517] VFS: Disk quotas dquot_6.5.2
[    0.974761] VFS: Dquot-cache hash table entries: 1024 (order 0, 4096 bytes)
[    0.979125] NFS: Registering the id_resolver key type
[    0.979705] Key type id_resolver registered
[    0.979736] Key type id_legacy registered
[    0.980010] jffs2: version 2.2. (NAND) (SUMMARY)   2001-2006 Red Hat, Inc.
[    0.986968] io scheduler noop registered
[    0.986999] io scheduler deadline registered
[    0.987121] io scheduler cfq registered (default)
[    0.991088] pinctrl-single 48002030.pinmux: 284 pins at pa fa002030 size 568
[    0.992004] pinctrl-single 48002a00.pinmux: 46 pins at pa fa002a00 size 92
[    0.993377] pinctrl-single 480025d8.pinmux: 18 pins at pa fa0025d8 size 36
[    1.000457] Serial: 8250/16550 driver, 4 ports, IRQ sharing enabled
[    1.010650] omap_uart 4806a000.serial: no wakeirq for uart0
[    1.011566] 4806a000.serial: ttyO0 at MMIO 0x4806a000 (irq = 88, base_baud = 3000000) is a OMAP UART0
[    1.014495] omap_uart 4806c000.serial: no wakeirq for uart0
[    1.014984] 4806c000.serial: ttyO1 at MMIO 0x4806c000 (irq = 89, base_baud = 3000000) is a OMAP UART1
[    1.018798] 49020000.serial: ttyO2 at MMIO 0x49020000 (irq = 90, base_baud = 3000000) is a OMAP UART2
[    1.812194] console [ttyO2] enabled
[    1.824829]  ram0: unknown partition table
[    1.832611]  ram1: unknown partition table
[    1.840057]  ram2: unknown partition table
[    1.847106]  ram3: unknown partition table
[    1.854370]  ram4: unknown partition table
[    1.862396]  ram5: unknown partition table
[    1.869781]  ram6: unknown partition table
[    1.876739]  ram7: unknown partition table
[    1.884002]  ram8: unknown partition table
[    1.891113]  ram9: unknown partition table
[    1.898315]  ram10: unknown partition table
[    1.905426]  ram11: unknown partition table
[    1.912658]  ram12: unknown partition table
[    1.919891]  ram13: unknown partition table
[    1.927062]  ram14: unknown partition table
[    1.934326]  ram15: unknown partition table
[    1.939666] brd: module loaded
[    1.972351] loop: module loaded
[    1.990234] twl 0-0048: PIH (irq 23) chaining IRQs 307..315
[    1.996704] twl 0-0048: power (irq 312) chaining IRQs 315..322
[    2.070220] twl4030_gpio twl4030-gpio: gpio (irq 307) chaining IRQs 323..340
[    2.090942] mtdoops: mtd device (mtddev=name/number) must be supplied
[    2.115783] mousedev: PS/2 mouse device common for all mice
[    2.121795] i2c /dev entries driver
[    2.129913] Driver 'mmcblk' needs updating - please use bus_type methods
[    2.188629] ledtrig-cpu: registered to indicate activity on CPUs
[    2.197387] oprofile: using arm/armv7
[    2.202514] TCP: cubic registered
[    2.206085] Initializing XFRM netlink socket
[    2.210876] NET: Registered protocol family 17
[    2.215667] NET: Registered protocol family 15
[    2.220947] Key type dns_resolver registered
[    2.225860] omap2_set_init_voltage: unable to find boot up OPP for vdd_mpu_iva
[    2.233520] omap2_set_init_voltage: unable to set vdd_mpu_iva
[    2.239624] omap2_set_init_voltage: unable to find boot up OPP for vdd_core
[    2.246948] omap2_set_init_voltage: unable to set vdd_core
[    2.255645] PM: no software I/O chain control; some wakeups may be lost
[    2.265411] ThumbEE CPU extension supported.
[    2.270050] Registering SWP/SWPB emulation handler
[    2.275115] SmartReflex Class3 initialized
[    2.308532] drivers/rtc/hctosys.c: unable to open rtc device (rtc0)
[    2.315124] sr_init: No PMIC hook to init smartreflex
[    2.321136] smartreflex smartreflex.0: omap_sr_probe: SmartReflex driver initialized
[    2.329650] smartreflex smartreflex.0: omap_sr_probe: smartreflex_mpu_iva: No Voltage table for the corresponding vdd. Cannot create debugfs entries for n-values
[    2.345428] smartreflex: probe of smartreflex.0 failed with error -61
[    2.352478] smartreflex smartreflex.1: omap_sr_probe: SmartReflex driver initialized
[    2.361022] smartreflex smartreflex.1: omap_sr_probe: smartreflex_core: No Voltage table for the corresponding vdd. Cannot create debugfs entries for n-values
[    2.376251] smartreflex: probe of smartreflex.1 failed with error -61
[    2.383270] sr_init: platform driver register failed for SR
[    2.497924] mmc0: host does not support reading read-only switch, assuming write-enable
[    2.508911] mmc0: new high speed SDHC card at address b368
[    2.518432] mmcblk0: mmc0:b368 SMI   3.72 GiB 
[    2.529388]  mmcblk0: p1 p2
[   14.598114] hsusb2_vbus: disabling
[   14.603027] VUSB3V1: disabling
[   14.607208] VUSB1V8: disabling
[   14.611389] VUSB1V5: disabling
[   14.615814] VDAC: disabling
[   14.619995] VAUX3: disabling
[   14.695220] kjournald starting.  Commit interval 5 seconds
[   14.705963] EXT3-fs (mmcblk0p2): using internal journal
[   14.715454] EXT3-fs (mmcblk0p2): recovery complete
[   14.720581] EXT3-fs (mmcblk0p2): mounted filesystem with ordered data mode
[   14.728057] VFS: Mounted root (ext3 filesystem) on device 179:2.
[   14.739562] devtmpfs: mounted
[   14.744110] Freeing unused kernel memory: 432K (c07f4000 - c0860000)
INIT: version 2.88 booting
[   14.980499] ------------[ cut here ]------------
[   14.985443] WARNING: CPU: 0 PID: 50 at mm/mmap.c:2859 exit_mmap+0x1a8/0x21c()
[   14.993072] Modules linked in:
[   14.996307] CPU: 0 PID: 50 Comm: init Not tainted 3.19.0-rc5-next-20150122-00002-g2ade5cea1b05 #1
[   15.005676] Hardware name: Generic OMAP3-GP (Flattened Device Tree)
[   15.012329] [<c001545c>] (unwind_backtrace) from [<c0011a74>] (show_stack+0x10/0x14)
[   15.020538] [<c0011a74>] (show_stack) from [<c0586860>] (dump_stack+0x78/0x94)
[   15.028198] [<c0586860>] (dump_stack) from [<c003dc34>] (warn_slowpath_common+0x7c/0xb4)
[   15.036712] [<c003dc34>] (warn_slowpath_common) from [<c003dc88>] (warn_slowpath_null+0x1c/0x24)
[   15.045989] [<c003dc88>] (warn_slowpath_null) from [<c012f004>] (exit_mmap+0x1a8/0x21c)
[   15.054473] [<c012f004>] (exit_mmap) from [<c003b31c>] (mmput+0x44/0xec)
[   15.061553] [<c003b31c>] (mmput) from [<c01524e8>] (flush_old_exec+0x300/0x5a4)
[   15.069305] [<c01524e8>] (flush_old_exec) from [<c0196dac>] (load_elf_binary+0x2ec/0x1144)
[   15.078063] [<c0196dac>] (load_elf_binary) from [<c0152020>] (search_binary_handler+0x88/0x1ac)
[   15.087249] [<c0152020>] (search_binary_handler) from [<c01966e8>] (load_script+0x260/0x280)
[   15.096130] [<c01966e8>] (load_script) from [<c0152020>] (search_binary_handler+0x88/0x1ac)
[   15.104949] [<c0152020>] (search_binary_handler) from [<c015308c>] (do_execveat_common+0x538/0x6c4)
[   15.114501] [<c015308c>] (do_execveat_common) from [<c0153244>] (do_execve+0x2c/0x34)
[   15.122772] [<c0153244>] (do_execve) from [<c000e5e0>] (ret_fast_syscall+0x0/0x4c)
[   15.130767] ---[ end trace d7c769522ea4db91 ]---
[   15.261505] ------------[ cut here ]------------
[   15.266448] WARNING: CPU: 0 PID: 51 at mm/mmap.c:2859 exit_mmap+0x1a8/0x21c()
[   15.274078] Modules linked in:
[   15.277343] CPU: 0 PID: 51 Comm: rcS Tainted: G        W       3.19.0-rc5-next-20150122-00002-g2ade5cea1b05 #1
[   15.287902] Hardware name: Generic OMAP3-GP (Flattened Device Tree)
[   15.294525] [<c001545c>] (unwind_backtrace) from [<c0011a74>] (show_stack+0x10/0x14)
[   15.302734] [<c0011a74>] (show_stack) from [<c0586860>] (dump_stack+0x78/0x94)
[   15.310363] [<c0586860>] (dump_stack) from [<c003dc34>] (warn_slowpath_common+0x7c/0xb4)
[   15.318939] [<c003dc34>] (warn_slowpath_common) from [<c003dc88>] (warn_slowpath_null+0x1c/0x24)
[   15.328216] [<c003dc88>] (warn_slowpath_null) from [<c012f004>] (exit_mmap+0x1a8/0x21c)
[   15.336669] [<c012f004>] (exit_mmap) from [<c003b31c>] (mmput+0x44/0xec)
[   15.343780] [<c003b31c>] (mmput) from [<c01524e8>] (flush_old_exec+0x300/0x5a4)
[   15.351501] [<c01524e8>] (flush_old_exec) from [<c0196dac>] (load_elf_binary+0x2ec/0x1144)
[   15.360260] [<c0196dac>] (load_elf_binary) from [<c0152020>] (search_binary_handler+0x88/0x1ac)
[   15.369476] [<c0152020>] (search_binary_handler) from [<c015308c>] (do_execveat_common+0x538/0x6c4)
[   15.378997] [<c015308c>] (do_execveat_common) from [<c0153244>] (do_execve+0x2c/0x34)
[   15.387268] [<c0153244>] (do_execve) from [<c000e5e0>] (ret_fast_syscall+0x0/0x4c)
[   15.395263] ---[ end trace d7c769522ea4db92 ]---
[   15.445343] ------------[ cut here ]------------
[   15.450378] WARNING: CPU: 0 PID: 51 at mm/mmap.c:2859 exit_mmap+0x1a8/0x21c()
[   15.457916] Modules linked in:
[   15.461151] CPU: 0 PID: 51 Comm: mount Tainted: G        W       3.19.0-rc5-next-20150122-00002-g2ade5cea1b05 #1
[   15.471862] Hardware name: Generic OMAP3-GP (Flattened Device Tree)
[   15.478515] [<c001545c>] (unwind_backtrace) from [<c0011a74>] (show_stack+0x10/0x14)
[   15.486694] [<c0011a74>] (show_stack) from [<c0586860>] (dump_stack+0x78/0x94)
[   15.494354] [<c0586860>] (dump_stack) from [<c003dc34>] (warn_slowpath_common+0x7c/0xb4)
[   15.502899] [<c003dc34>] (warn_slowpath_common) from [<c003dc88>] (warn_slowpath_null+0x1c/0x24)
[   15.512176] [<c003dc88>] (warn_slowpath_null) from [<c012f004>] (exit_mmap+0x1a8/0x21c)
[   15.520629] [<c012f004>] (exit_mmap) from [<c003b31c>] (mmput+0x44/0xec)
[   15.527740] [<c003b31c>] (mmput) from [<c00401e8>] (do_exit+0x2b4/0x9b8)
[   15.534790] [<c00401e8>] (do_exit) from [<c0040960>] (do_group_exit+0x48/0xbc)
[   15.542449] [<c0040960>] (do_group_exit) from [<c00409e4>] (__wake_up_parent+0x0/0x18)
[   15.550811] ---[ end trace d7c769522ea4db93 ]---
[   15.573516] ------------[ cut here ]------------
[   15.578613] WARNING: CPU: 0 PID: 50 at mm/mmap.c:2859 exit_mmap+0x1a8/0x21c()
[   15.586120] Modules linked in:
[   15.589416] CPU: 0 PID: 50 Comm: rcS Tainted: G        W       3.19.0-rc5-next-20150122-00002-g2ade5cea1b05 #1
[   15.599945] Hardware name: Generic OMAP3-GP (Flattened Device Tree)
[   15.606597] [<c001545c>] (unwind_backtrace) from [<c0011a74>] (show_stack+0x10/0x14)
[   15.614807] [<c0011a74>] (show_stack) from [<c0586860>] (dump_stack+0x78/0x94)
[   15.622467] [<c0586860>] (dump_stack) from [<c003dc34>] (warn_slowpath_common+0x7c/0xb4)
[   15.631011] [<c003dc34>] (warn_slowpath_common) from [<c003dc88>] (warn_slowpath_null+0x1c/0x24)
[   15.640319] [<c003dc88>] (warn_slowpath_null) from [<c012f004>] (exit_mmap+0x1a8/0x21c)
[   15.648773] [<c012f004>] (exit_mmap) from [<c003b31c>] (mmput+0x44/0xec)
[   15.655822] [<c003b31c>] (mmput) from [<c01524e8>] (flush_old_exec+0x300/0x5a4)
[   15.663574] [<c01524e8>] (flush_old_exec) from [<c0196dac>] (load_elf_binary+0x2ec/0x1144)
[   15.672332] [<c0196dac>] (load_elf_binary) from [<c0152020>] (search_binary_handler+0x88/0x1ac)
[   15.681549] [<c0152020>] (search_binary_handler) from [<c01966e8>] (load_script+0x260/0x280)
[   15.690460] [<c01966e8>] (load_script) from [<c0152020>] (search_binary_handler+0x88/0x1ac)
[   15.699279] [<c0152020>] (search_binary_handler) from [<c015308c>] (do_execveat_common+0x538/0x6c4)
[   15.708831] [<c015308c>] (do_execveat_common) from [<c0153244>] (do_execve+0x2c/0x34)
[   15.717071] [<c0153244>] (do_execve) from [<c000e5e0>] (ret_fast_syscall+0x0/0x4c)
[   15.725067] ---[ end trace d7c769522ea4db94 ]---
[   15.760498] ------------[ cut here ]------------
[   15.765411] WARNING: CPU: 0 PID: 52 at mm/mmap.c:2859 exit_mmap+0x1a8/0x21c()
[   15.773040] Modules linked in:
[   15.776275] CPU: 0 PID: 52 Comm: rc Tainted: G        W       3.19.0-rc5-next-20150122-00002-g2ade5cea1b05 #1
[   15.786743] Hardware name: Generic OMAP3-GP (Flattened Device Tree)
[   15.793426] [<c001545c>] (unwind_backtrace) from [<c0011a74>] (show_stack+0x10/0x14)
[   15.801605] [<c0011a74>] (show_stack) from [<c0586860>] (dump_stack+0x78/0x94)
[   15.809295] [<c0586860>] (dump_stack) from [<c003dc34>] (warn_slowpath_common+0x7c/0xb4)
[   15.817840] [<c003dc34>] (warn_slowpath_common) from [<c003dc88>] (warn_slowpath_null+0x1c/0x24)
[   15.827087] [<c003dc88>] (warn_slowpath_null) from [<c012f004>] (exit_mmap+0x1a8/0x21c)
[   15.835540] [<c012f004>] (exit_mmap) from [<c003b31c>] (mmput+0x44/0xec)
[   15.842651] [<c003b31c>] (mmput) from [<c01524e8>] (flush_old_exec+0x300/0x5a4)
[   15.850372] [<c01524e8>] (flush_old_exec) from [<c0196dac>] (load_elf_binary+0x2ec/0x1144)
[   15.859161] [<c0196dac>] (load_elf_binary) from [<c0152020>] (search_binary_handler+0x88/0x1ac)
[   15.868377] [<c0152020>] (search_binary_handler) from [<c015308c>] (do_execveat_common+0x538/0x6c4)
[   15.877929] [<c015308c>] (do_execveat_common) from [<c0153244>] (do_execve+0x2c/0x34)
[   15.886169] [<c0153244>] (do_execve) from [<c000e5e0>] (ret_fast_syscall+0x0/0x4c)
[   15.894134] ---[ end trace d7c769522ea4db95 ]---
[   15.918182] ------------[ cut here ]------------
[   15.923065] WARNING: CPU: 0 PID: 52 at mm/mmap.c:2859 exit_mmap+0x1a8/0x21c()
[   15.930694] Modules linked in:
[   15.933929] CPU: 0 PID: 52 Comm: stty Tainted: G        W       3.19.0-rc5-next-20150122-00002-g2ade5cea1b05 #1
[   15.944580] Hardware name: Generic OMAP3-GP (Flattened Device Tree)
[   15.951263] [<c001545c>] (unwind_backtrace) from [<c0011a74>] (show_stack+0x10/0x14)
[   15.959472] [<c0011a74>] (show_stack) from [<c0586860>] (dump_stack+0x78/0x94)
[   15.967132] [<c0586860>] (dump_stack) from [<c003dc34>] (warn_slowpath_common+0x7c/0xb4)
[   15.975708] [<c003dc34>] (warn_slowpath_common) from [<c003dc88>] (warn_slowpath_null+0x1c/0x24)
[   15.984985] [<c003dc88>] (warn_slowpath_null) from [<c012f004>] (exit_mmap+0x1a8/0x21c)
[   15.993438] [<c012f004>] (exit_mmap) from [<c003b31c>] (mmput+0x44/0xec)
[   16.000549] [<c003b31c>] (mmput) from [<c00401e8>] (do_exit+0x2b4/0x9b8)
[   16.007659] [<c00401e8>] (do_exit) from [<c0040960>] (do_group_exit+0x48/0xbc)
[   16.015258] [<c0040960>] (do_group_exit) from [<c00409e4>] (__wake_up_parent+0x0/0x18)
[   16.023590] ---[ end trace d7c769522ea4db96 ]---
[   16.068878] ------------[ cut here ]------------
[   16.073791] WARNING: CPU: 0 PID: 54 at mm/mmap.c:2859 exit_mmap+0x1a8/0x21c()
[   16.081390] Modules linked in:
[   16.084655] CPU: 0 PID: 54 Comm: rc Tainted: G        W       3.19.0-rc5-next-20150122-00002-g2ade5cea1b05 #1
[   16.095092] Hardware name: Generic OMAP3-GP (Flattened Device Tree)
[   16.101776] [<c001545c>] (unwind_backtrace) from [<c0011a74>] (show_stack+0x10/0x14)
[   16.109985] [<c0011a74>] (show_stack) from [<c0586860>] (dump_stack+0x78/0x94)
[   16.117645] [<c0586860>] (dump_stack) from [<c003dc34>] (warn_slowpath_common+0x7c/0xb4)
[   16.126159] [<c003dc34>] (warn_slowpath_common) from [<c003dc88>] (warn_slowpath_null+0x1c/0x24)
[   16.135467] [<c003dc88>] (warn_slowpath_null) from [<c012f004>] (exit_mmap+0x1a8/0x21c)
[   16.143951] [<c012f004>] (exit_mmap) from [<c003b31c>] (mmput+0x44/0xec)
[   16.151031] [<c003b31c>] (mmput) from [<c01524e8>] (flush_old_exec+0x300/0x5a4)
[   16.158813] [<c01524e8>] (flush_old_exec) from [<c0196dac>] (load_elf_binary+0x2ec/0x1144)
[   16.167541] [<c0196dac>] (load_elf_binary) from [<c0152020>] (search_binary_handler+0x88/0x1ac)
[   16.176696] [<c0152020>] (search_binary_handler) from [<c015308c>] (do_execveat_common+0x538/0x6c4)
[   16.186248] [<c015308c>] (do_execveat_common) from [<c0153244>] (do_execve+0x2c/0x34)
[   16.194519] [<c0153244>] (do_execve) from [<c000e5e0>] (ret_fast_syscall+0x0/0x4c)
[   16.202514] ---[ end trace d7c769522ea4db97 ]---
[   16.225952] ------------[ cut here ]------------
[   16.231018] WARNING: CPU: 0 PID: 54 at mm/mmap.c:2859 exit_mmap+0x1a8/0x21c()
[   16.238555] Modules linked in:
[   16.241821] CPU: 0 PID: 54 Comm: mount Tainted: G        W       3.19.0-rc5-next-20150122-00002-g2ade5cea1b05 #1
[   16.252502] Hardware name: Generic OMAP3-GP (Flattened Device Tree)
[   16.259185] [<c001545c>] (unwind_backtrace) from [<c0011a74>] (show_stack+0x10/0x14)
[   16.267333] [<c0011a74>] (show_stack) from [<c0586860>] (dump_stack+0x78/0x94)
[   16.274993] [<c0586860>] (dump_stack) from [<c003dc34>] (warn_slowpath_common+0x7c/0xb4)
[   16.283569] [<c003dc34>] (warn_slowpath_common) from [<c003dc88>] (warn_slowpath_null+0x1c/0x24)
[   16.292846] [<c003dc88>] (warn_slowpath_null) from [<c012f004>] (exit_mmap+0x1a8/0x21c)
[   16.301300] [<c012f004>] (exit_mmap) from [<c003b31c>] (mmput+0x44/0xec)
[   16.308410] [<c003b31c>] (mmput) from [<c00401e8>] (do_exit+0x2b4/0x9b8)
[   16.315429] [<c00401e8>] (do_exit) from [<c0040960>] (do_group_exit+0x48/0xbc)
[   16.323089] [<c0040960>] (do_group_exit) from [<c00409e4>] (__wake_up_parent+0x0/0x18)
[   16.331451] ---[ end trace d7c769522ea4db98 ]---
[   16.343322] ------------[ cut here ]------------
[   16.348358] WARNING: CPU: 0 PID: 53 at mm/mmap.c:2859 exit_mmap+0x1a8/0x21c()
[   16.355865] Modules linked in:
[   16.359161] CPU: 0 PID: 53 Comm: rc Tainted: G        W       3.19.0-rc5-next-20150122-00002-g2ade5cea1b05 #1
[   16.369598] Hardware name: Generic OMAP3-GP (Flattened Device Tree)
[   16.376220] [<c001545c>] (unwind_backtrace) from [<c0011a74>] (show_stack+0x10/0x14)
[   16.384429] [<c0011a74>] (show_stack) from [<c0586860>] (dump_stack+0x78/0x94)
[   16.392089] [<c0586860>] (dump_stack) from [<c003dc34>] (warn_slowpath_common+0x7c/0xb4)
[   16.400634] [<c003dc34>] (warn_slowpath_common) from [<c003dc88>] (warn_slowpath_null+0x1c/0x24)
[   16.409912] [<c003dc88>] (warn_slowpath_null) from [<c012f004>] (exit_mmap+0x1a8/0x21c)
[   16.418395] [<c012f004>] (exit_mmap) from [<c003b31c>] (mmput+0x44/0xec)
[   16.425445] [<c003b31c>] (mmput) from [<c00401e8>] (do_exit+0x2b4/0x9b8)
[   16.432525] [<c00401e8>] (do_exit) from [<c0040960>] (do_group_exit+0x48/0xbc)
[   16.440155] [<c0040960>] (do_group_exit) from [<c00409e4>] (__wake_up_parent+0x0/0x18)
[   16.448516] ---[ end trace d7c769522ea4db99 ]---
[   16.474853] ------------[ cut here ]------------
[   16.479919] WARNING: CPU: 0 PID: 55 at mm/mmap.c:2859 exit_mmap+0x1a8/0x21c()
[   16.487457] Modules linked in:
[   16.490692] CPU: 0 PID: 55 Comm: rc Tainted: G        W       3.19.0-rc5-next-20150122-00002-g2ade5cea1b05 #1
[   16.501159] Hardware name: Generic OMAP3-GP (Flattened Device Tree)
[   16.507812] [<c001545c>] (unwind_backtrace) from [<c0011a74>] (show_stack+0x10/0x14)
[   16.515991] [<c0011a74>] (show_stack) from [<c0586860>] (dump_stack+0x78/0x94)
[   16.523651] [<c0586860>] (dump_stack) from [<c003dc34>] (warn_slowpath_common+0x7c/0xb4)
[   16.532226] [<c003dc34>] (warn_slowpath_common) from [<c003dc88>] (warn_slowpath_null+0x1c/0x24)
[   16.541503] [<c003dc88>] (warn_slowpath_null) from [<c012f004>] (exit_mmap+0x1a8/0x21c)
[   16.549957] [<c012f004>] (exit_mmap) from [<c003b31c>] (mmput+0x44/0xec)
[   16.557006] [<c003b31c>] (mmput) from [<c01524e8>] (flush_old_exec+0x300/0x5a4)
[   16.564758] [<c01524e8>] (flush_old_exec) from [<c0196dac>] (load_elf_binary+0x2ec/0x1144)
[   16.573516] [<c0196dac>] (load_elf_binary) from [<c0152020>] (search_binary_handler+0x88/0x1ac)
[   16.582702] [<c0152020>] (search_binary_handler) from [<c015308c>] (do_execveat_common+0x538/0x6c4)
[   16.592254] [<c015308c>] (do_execveat_common) from [<c0153244>] (do_execve+0x2c/0x34)
[   16.600524] [<c0153244>] (do_execve) from [<c000e5e0>] (ret_fast_syscall+0x0/0x4c)
[   16.608520] ---[ end trace d7c769522ea4db9a ]---
[   16.655517] ------------[ cut here ]------------
[   16.660583] WARNING: CPU: 0 PID: 58 at mm/mmap.c:2859 exit_mmap+0x1a8/0x21c()
[   16.668121] Modules linked in:
[   16.671356] CPU: 0 PID: 58 Comm: rc Tainted: G        W       3.19.0-rc5-next-20150122-00002-g2ade5cea1b05 #1
[   16.681823] Hardware name: Generic OMAP3-GP (Flattened Device Tree)
[   16.688476] [<c001545c>] (unwind_backtrace) from [<c0011a74>] (show_stack+0x10/0x14)
[   16.696624] [<c0011a74>] (show_stack) from [<c0586860>] (dump_stack+0x78/0x94)
[   16.704284] [<c0586860>] (dump_stack) from [<c003dc34>] (warn_slowpath_common+0x7c/0xb4)
[   16.712860] [<c003dc34>] (warn_slowpath_common) from [<c003dc88>] (warn_slowpath_null+0x1c/0x24)
[   16.722167] [<c003dc88>] (warn_slowpath_null) from [<c012f004>] (exit_mmap+0x1a8/0x21c)
[   16.730651] [<c012f004>] (exit_mmap) from [<c003b31c>] (mmput+0x44/0xec)
[   16.737731] [<c003b31c>] (mmput) from [<c01524e8>] (flush_old_exec+0x300/0x5a4)
[   16.745452] [<c01524e8>] (flush_old_exec) from [<c0196dac>] (load_elf_binary+0x2ec/0x1144)
[   16.754180] [<c0196dac>] (load_elf_binary) from [<c0152020>] (search_binary_handler+0x88/0x1ac)
[   16.763366] [<c0152020>] (search_binary_handler) from [<c015308c>] (do_execveat_common+0x538/0x6c4)
[   16.772918] [<c015308c>] (do_execveat_common) from [<c0153244>] (do_execve+0x2c/0x34)
[   16.781188] [<c0153244>] (do_execve) from [<c000e5e0>] (ret_fast_syscall+0x0/0x4c)
[   16.789184] ---[ end trace d7c769522ea4db9b ]---
[   16.811096] ------------[ cut here ]------------
[   16.816040] WARNING: CPU: 0 PID: 59 at mm/mmap.c:2859 exit_mmap+0x1a8/0x21c()
[   16.823669] Modules linked in:
[   16.826904] CPU: 0 PID: 59 Comm: rc Tainted: G        W       3.19.0-rc5-next-20150122-00002-g2ade5cea1b05 #1
[   16.837371] Hardware name: Generic OMAP3-GP (Flattened Device Tree)
[   16.844055] [<c001545c>] (unwind_backtrace) from [<c0011a74>] (show_stack+0x10/0x14)
[   16.852233] [<c0011a74>] (show_stack) from [<c0586860>] (dump_stack+0x78/0x94)
[   16.859954] [<c0586860>] (dump_stack) from [<c003dc34>] (warn_slowpath_common+0x7c/0xb4)
[   16.868499] [<c003dc34>] (warn_slowpath_common) from [<c003dc88>] (warn_slowpath_null+0x1c/0x24)
[   16.877777] [<c003dc88>] (warn_slowpath_null) from [<c012f004>] (exit_mmap+0x1a8/0x21c)
[   16.886199] [<c012f004>] (exit_mmap) from [<c003b31c>] (mmput+0x44/0xec)
[   16.893310] [<c003b31c>] (mmput) from [<c01524e8>] (flush_old_exec+0x300/0x5a4)
[   16.901062] [<c01524e8>] (flush_old_exec) from [<c0196dac>] (load_elf_binary+0x2ec/0x1144)
[   16.909790] [<c0196dac>] (load_elf_binary) from [<c0152020>] (search_binary_handler+0x88/0x1ac)
[   16.918975] [<c0152020>] (search_binary_handler) from [<c015308c>] (do_execveat_common+0x538/0x6c4)
[   16.928527] [<c015308c>] (do_execveat_common) from [<c0153244>] (do_execve+0x2c/0x34)
[   16.936767] [<c0153244>] (do_execve) from [<c000e5e0>] (ret_fast_syscall+0x0/0x4c)
[   16.944763] ---[ end trace d7c769522ea4db9c ]---
[   16.954772] ------------[ cut here ]------------
[   16.959838] WARNING: CPU: 0 PID: 60 at mm/mmap.c:2859 exit_mmap+0x1a8/0x21c()
[   16.967346] Modules linked in:
[   16.970642] CPU: 0 PID: 60 Comm: rc Tainted: G        W       3.19.0-rc5-next-20150122-00002-g2ade5cea1b05 #1
[   16.981079] Hardware name: Generic OMAP3-GP (Flattened Device Tree)
[   16.987731] [<c001545c>] (unwind_backtrace) from [<c0011a74>] (show_stack+0x10/0x14)
[   16.995910] [<c0011a74>] (show_stack) from [<c0586860>] (dump_stack+0x78/0x94)
[   17.003570] [<c0586860>] (dump_stack) from [<c003dc34>] (warn_slowpath_common+0x7c/0xb4)
[   17.012115] [<c003dc34>] (warn_slowpath_common) from [<c003dc88>] (warn_slowpath_null+0x1c/0x24)
[   17.021392] [<c003dc88>] (warn_slowpath_null) from [<c012f004>] (exit_mmap+0x1a8/0x21c)
[   17.029846] [<c012f004>] (exit_mmap) from [<c003b31c>] (mmput+0x44/0xec)
[   17.036926] [<c003b31c>] (mmput) from [<c01524e8>] (flush_old_exec+0x300/0x5a4)
[   17.044647] [<c01524e8>] (flush_old_exec) from [<c0196dac>] (load_elf_binary+0x2ec/0x1144)
[   17.053436] [<c0196dac>] (load_elf_binary) from [<c0152020>] (search_binary_handler+0x88/0x1ac)
[   17.062622] [<c0152020>] (search_binary_handler) from [<c015308c>] (do_execveat_common+0x538/0x6c4)
[   17.072174] [<c015308c>] (do_execveat_common) from [<c0153244>] (do_execve+0x2c/0x34)
[   17.080444] [<c0153244>] (do_execve) from [<c000e5e0>] (ret_fast_syscall+0x0/0x4c)
[   17.088439] ---[ end trace d7c769522ea4db9d ]---
Error opening /dev/fb0: No such file or directory
[   17.106994] ------------[ cut here ]------------
[   17.112060] WARNING: CPU: 0 PID: 55 at mm/mmap.c:2859 exit_mmap+0x1a8/0x21c()
[   17.119598] Modules linked in:
[   17.122833] CPU: 0 PID: 55 Comm: psplash Tainted: G        W       3.19.0-rc5-next-20150122-00002-g2ade5cea1b05 #1
[   17.133728] Hardware name: Generic OMAP3-GP (Flattened Device Tree)
[   17.140411] [<c001545c>] (unwind_backtrace) from [<c0011a74>] (show_stack+0x10/0x14)
[   17.148590] [<c0011a74>] (show_stack) from [<c0586860>] (dump_stack+0x78/0x94)
[   17.156219] [<c0586860>] (dump_stack) from [<c003dc34>] (warn_slowpath_common+0x7c/0xb4)
[   17.164764] [<c003dc34>] (warn_slowpath_common) from [<c003dc88>] (warn_slowpath_null+0x1c/0x24)
[   17.174041] [<c003dc88>] (warn_slowpath_null) from [<c012f004>] (exit_mmap+0x1a8/0x21c)
[   17.182525] [<c012f004>] (exit_mmap) from [<c003b31c>] (mmput+0x44/0xec)
[   17.189605] [<c003b31c>] (mmput) from [<c00401e8>] (do_exit+0x2b4/0x9b8)
[   17.196685] [<c00401e8>] (do_exit) from [<c0040960>] (do_group_exit+0x48/0xbc)
[   17.204345] [<c0040960>] (do_group_exit) from [<c00409e4>] (__wake_up_parent+0x0/0x18)
[   17.212707] ---[ end trace d7c769522ea4db9e ]---
[   17.221527] ------------[ cut here ]------------
[   17.226470] WARNING: CPU: 0 PID: 61 at mm/mmap.c:2859 exit_mmap+0x1a8/0x21c()
[   17.234100] Modules linked in:
[   17.237335] CPU: 0 PID: 61 Comm: rc Tainted: G        W       3.19.0-rc5-next-20150122-00002-g2ade5cea1b05 #1
[   17.247802] Hardware name: Generic OMAP3-GP (Flattened Device Tree)
[   17.254425] [<c001545c>] (unwind_backtrace) from [<c0011a74>] (show_stack+0x10/0x14)
[   17.262603] [<c0011a74>] (show_stack) from [<c0586860>] (dump_stack+0x78/0x94)
[   17.270263] [<c0586860>] (dump_stack) from [<c003dc34>] (warn_slowpath_common+0x7c/0xb4)
[   17.278839] [<c003dc34>] (warn_slowpath_common) from [<c003dc88>] (warn_slowpath_null+0x1c/0x24)
[   17.288116] [<c003dc88>] (warn_slowpath_null) from [<c012f004>] (exit_mmap+0x1a8/0x21c)
[   17.296539] [<c012f004>] (exit_mmap) from [<c003b31c>] (mmput+0x44/0xec)
[   17.303619] [<c003b31c>] (mmput) from [<c01524e8>] (flush_old_exec+0x300/0x5a4)
[   17.311370] [<c01524e8>] (flush_old_exec) from [<c0196dac>] (load_elf_binary+0x2ec/0x1144)
[   17.320098] [<c0196dac>] (load_elf_binary) from [<c0152020>] (search_binary_handler+0x88/0x1ac)
[   17.329284] [<c0152020>] (search_binary_handler) from [<c015308c>] (do_execveat_common+0x538/0x6c4)
[   17.338806] [<c015308c>] (do_execveat_common) from [<c0153244>] (do_execve+0x2c/0x34)
[   17.347045] [<c0153244>] (do_execve) from [<c000e5e0>] (ret_fast_syscall+0x0/0x4c)
[   17.355041] ---[ end trace d7c769522ea4db9f ]---
[   17.382324] ------------[ cut here ]------------
[   17.387298] WARNING: CPU: 0 PID: 58 at mm/mmap.c:2859 exit_mmap+0x1a8/0x21c()
[   17.394989] Modules linked in:
[   17.398315] CPU: 0 PID: 58 Comm: cat Tainted: G        W       3.19.0-rc5-next-20150122-00002-g2ade5cea1b05 #1
[   17.408874] Hardware name: Generic OMAP3-GP (Flattened Device Tree)
[   17.415496] [<c001545c>] (unwind_backtrace) from [<c0011a74>] (show_stack+0x10/0x14)
[   17.423706] [<c0011a74>] (show_stack) from [<c0586860>] (dump_stack+0x78/0x94)
[   17.431396] [<c0586860>] (dump_stack) from [<c003dc34>] (warn_slowpath_common+0x7c/0xb4)
[   17.440002] [<c003dc34>] (warn_slowpath_common) from [<c003dc88>] (warn_slowpath_null+0x1c/0x24)
[   17.449279] [<c003dc88>] (warn_slowpath_null) from [<c012f004>] (exit_mmap+0x1a8/0x21c)
[   17.457733] [<c012f004>] (exit_mmap) from [<c003b31c>] (mmput+0x44/0xec)
[   17.464782] [<c003b31c>] (mmput) from [<c00401e8>] (do_exit+0x2b4/0x9b8)
[   17.471862] [<c00401e8>] (do_exit) from [<c0040960>] (do_group_exit+0x48/0xbc)
[   17.479492] [<c0040960>] (do_group_exit) from [<c00409e4>] (__wake_up_parent+0x0/0x18)
[   17.487854] ---[ end trace d7c769522ea4dba0 ]---
[   17.512176] ------------[ cut here ]------------
[   17.517120] WARNING: CPU: 0 PID: 59 at mm/mmap.c:2859 exit_mmap+0x1a8/0x21c()
[   17.524780] Modules linked in:
[   17.528076] CPU: 0 PID: 59 Comm: grep Tainted: G        W       3.19.0-rc5-next-20150122-00002-g2ade5cea1b05 #1
[   17.538726] Hardware name: Generic OMAP3-GP (Flattened Device Tree)
[   17.545349] [<c001545c>] (unwind_backtrace) from [<c0011a74>] (show_stack+0x10/0x14)
[   17.553588] [<c0011a74>] (show_stack) from [<c0586860>] (dump_stack+0x78/0x94)
[   17.561248] [<c0586860>] (dump_stack) from [<c003dc34>] (warn_slowpath_common+0x7c/0xb4)
[   17.569824] [<c003dc34>] (warn_slowpath_common) from [<c003dc88>] (warn_slowpath_null+0x1c/0x24)
[   17.579101] [<c003dc88>] (warn_slowpath_null) from [<c012f004>] (exit_mmap+0x1a8/0x21c)
[   17.587554] [<c012f004>] (exit_mmap) from [<c003b31c>] (mmput+0x44/0xec)
[   17.594604] [<c003b31c>] (mmput) from [<c00401e8>] (do_exit+0x2b4/0x9b8)
[   17.601684] [<c00401e8>] (do_exit) from [<c0040960>] (do_group_exit+0x48/0xbc)
[   17.609313] [<c0040960>] (do_group_exit) from [<c00409e4>] (__wake_up_parent+0x0/0x18)
[   17.617675] ---[ end trace d7c769522ea4dba1 ]---
[   17.624542] ------------[ cut here ]------------
[   17.629608] WARNING: CPU: 0 PID: 60 at mm/mmap.c:2859 exit_mmap+0x1a8/0x21c()
[   17.637115] Modules linked in:
[   17.640441] CPU: 0 PID: 60 Comm: cut Tainted: G        W       3.19.0-rc5-next-20150122-00002-g2ade5cea1b05 #1
[   17.651000] Hardware name: Generic OMAP3-GP (Flattened Device Tree)
[   17.657684] [<c001545c>] (unwind_backtrace) from [<c0011a74>] (show_stack+0x10/0x14)
[   17.665832] [<c0011a74>] (show_stack) from [<c0586860>] (dump_stack+0x78/0x94)
[   17.673492] [<c0586860>] (dump_stack) from [<c003dc34>] (warn_slowpath_common+0x7c/0xb4)
[   17.682067] [<c003dc34>] (warn_slowpath_common) from [<c003dc88>] (warn_slowpath_null+0x1c/0x24)
[   17.691345] [<c003dc88>] (warn_slowpath_null) from [<c012f004>] (exit_mmap+0x1a8/0x21c)
[   17.699798] [<c012f004>] (exit_mmap) from [<c003b31c>] (mmput+0x44/0xec)
[   17.706878] [<c003b31c>] (mmput) from [<c00401e8>] (do_exit+0x2b4/0x9b8)
[   17.713958] [<c00401e8>] (do_exit) from [<c0040960>] (do_group_exit+0x48/0xbc)
[   17.721618] [<c0040960>] (do_group_exit) from [<c00409e4>] (__wake_up_parent+0x0/0x18)
[   17.729949] ---[ end trace d7c769522ea4dba2 ]---
[   17.736633] ------------[ cut here ]------------
[   17.741638] WARNING: CPU: 0 PID: 61 at mm/mmap.c:2859 exit_mmap+0x1a8/0x21c()
[   17.749176] Modules linked in:
[   17.752410] CPU: 0 PID: 61 Comm: tr Tainted: G        W       3.19.0-rc5-next-20150122-00002-g2ade5cea1b05 #1
[   17.762847] Hardware name: Generic OMAP3-GP (Flattened Device Tree)
[   17.769500] [<c001545c>] (unwind_backtrace) from [<c0011a74>] (show_stack+0x10/0x14)
[   17.777709] [<c0011a74>] (show_stack) from [<c0586860>] (dump_stack+0x78/0x94)
[   17.785308] [<c0586860>] (dump_stack) from [<c003dc34>] (warn_slowpath_common+0x7c/0xb4)
[   17.793853] [<c003dc34>] (warn_slowpath_common) from [<c003dc88>] (warn_slowpath_null+0x1c/0x24)
[   17.803131] [<c003dc88>] (warn_slowpath_null) from [<c012f004>] (exit_mmap+0x1a8/0x21c)
[   17.811614] [<c012f004>] (exit_mmap) from [<c003b31c>] (mmput+0x44/0xec)
[   17.818695] [<c003b31c>] (mmput) from [<c00401e8>] (do_exit+0x2b4/0x9b8)
[   17.825744] [<c00401e8>] (do_exit) from [<c0040960>] (do_group_exit+0x48/0xbc)
[   17.833374] [<c0040960>] (do_group_exit) from [<c00409e4>] (__wake_up_parent+0x0/0x18)
[   17.841735] ---[ end trace d7c769522ea4dba3 ]---
[   17.851135] ------------[ cut here ]------------
[   17.856048] WARNING: CPU: 0 PID: 57 at mm/mmap.c:2859 exit_mmap+0x1a8/0x21c()
[   17.863647] Modules linked in:
[   17.866912] CPU: 0 PID: 57 Comm: rc Tainted: G        W       3.19.0-rc5-next-20150122-00002-g2ade5cea1b05 #1
[   17.877380] Hardware name: Generic OMAP3-GP (Flattened Device Tree)
[   17.884033] [<c001545c>] (unwind_backtrace) from [<c0011a74>] (show_stack+0x10/0x14)
[   17.892242] [<c0011a74>] (show_stack) from [<c0586860>] (dump_stack+0x78/0x94)
[   17.899902] [<c0586860>] (dump_stack) from [<c003dc34>] (warn_slowpath_common+0x7c/0xb4)
[   17.908447] [<c003dc34>] (warn_slowpath_common) from [<c003dc88>] (warn_slowpath_null+0x1c/0x24)
[   17.917724] [<c003dc88>] (warn_slowpath_null) from [<c012f004>] (exit_mmap+0x1a8/0x21c)
[   17.926147] [<c012f004>] (exit_mmap) from [<c003b31c>] (mmput+0x44/0xec)
[   17.933258] [<c003b31c>] (mmput) from [<c00401e8>] (do_exit+0x2b4/0x9b8)
[   17.940338] [<c00401e8>] (do_exit) from [<c0040960>] (do_group_exit+0x48/0xbc)
[   17.947967] [<c0040960>] (do_group_exit) from [<c00409e4>] (__wake_up_parent+0x0/0x18)
[   17.956268] ---[ end trace d7c769522ea4dba4 ]---
[   17.966888] ------------[ cut here ]------------
[   17.972015] WARNING: CPU: 0 PID: 56 at mm/mmap.c:2859 exit_mmap+0x1a8/0x21c()
[   17.979583] Modules linked in:
[   17.982818] CPU: 0 PID: 56 Comm: rc Tainted: G        W       3.19.0-rc5-next-20150122-00002-g2ade5cea1b05 #1
[   17.993255] Hardware name: Generic OMAP3-GP (Flattened Device Tree)
[   17.999908] [<c001545c>] (unwind_backtrace) from [<c0011a74>] (show_stack+0x10/0x14)
[   18.008148] [<c0011a74>] (show_stack) from [<c0586860>] (dump_stack+0x78/0x94)
[   18.015777] [<c0586860>] (dump_stack) from [<c003dc34>] (warn_slowpath_common+0x7c/0xb4)
[   18.024322] [<c003dc34>] (warn_slowpath_common) from [<c003dc88>] (warn_slowpath_null+0x1c/0x24)
[   18.033599] [<c003dc88>] (warn_slowpath_null) from [<c012f004>] (exit_mmap+0x1a8/0x21c)
[   18.042053] [<c012f004>] (exit_mmap) from [<c003b31c>] (mmput+0x44/0xec)
[   18.049163] [<c003b31c>] (mmput) from [<c00401e8>] (do_exit+0x2b4/0x9b8)
[   18.056243] [<c00401e8>] (do_exit) from [<c0040960>] (do_group_exit+0x48/0xbc)
[   18.063873] [<c0040960>] (do_group_exit) from [<c00409e4>] (__wake_up_parent+0x0/0x18)
[   18.072235] ---[ end trace d7c769522ea4dba5 ]---
[   18.105163] ------------[ cut here ]------------
[   18.110260] WARNING: CPU: 0 PID: 64 at mm/mmap.c:2859 exit_mmap+0x1a8/0x21c()
[   18.117828] Modules linked in:
[   18.121063] CPU: 0 PID: 64 Comm: rc Tainted: G        W       3.19.0-rc5-next-20150122-00002-g2ade5cea1b05 #1
[   18.131500] Hardware name: Generic OMAP3-GP (Flattened Device Tree)
[   18.138153] [<c001545c>] (unwind_backtrace) from [<c0011a74>] (show_stack+0x10/0x14)
[   18.146331] [<c0011a74>] (show_stack) from [<c0586860>] (dump_stack+0x78/0x94)
[   18.153991] [<c0586860>] (dump_stack) from [<c003dc34>] (warn_slowpath_common+0x7c/0xb4)
[   18.162536] [<c003dc34>] (warn_slowpath_common) from [<c003dc88>] (warn_slowpath_null+0x1c/0x24)
[   18.171813] [<c003dc88>] (warn_slowpath_null) from [<c012f004>] (exit_mmap+0x1a8/0x21c)
[   18.180297] [<c012f004>] (exit_mmap) from [<c003b31c>] (mmput+0x44/0xec)
[   18.187347] [<c003b31c>] (mmput) from [<c01524e8>] (flush_old_exec+0x300/0x5a4)
[   18.195129] [<c01524e8>] (flush_old_exec) from [<c0196dac>] (load_elf_binary+0x2ec/0x1144)
[   18.203857] [<c0196dac>] (load_elf_binary) from [<c0152020>] (search_binary_handler+0x88/0x1ac)
[   18.213043] [<c0152020>] (search_binary_handler) from [<c015308c>] (do_execveat_common+0x538/0x6c4)
[   18.222625] [<c015308c>] (do_execveat_common) from [<c0153244>] (do_execve+0x2c/0x34)
[   18.230895] [<c0153244>] (do_execve) from [<c000e5e0>] (ret_fast_syscall+0x0/0x4c)
[   18.238891] ---[ end trace d7c769522ea4dba6 ]---
[   18.251098] ------------[ cut here ]------------
[   18.256042] WARNING: CPU: 0 PID: 65 at mm/mmap.c:2859 exit_mmap+0x1a8/0x21c()
[   18.263610] Modules linked in:
[   18.266876] CPU: 0 PID: 65 Comm: rc Tainted: G        W       3.19.0-rc5-next-20150122-00002-g2ade5cea1b05 #1
[   18.277313] Hardware name: Generic OMAP3-GP (Flattened Device Tree)
[   18.283966] [<c001545c>] (unwind_backtrace) from [<c0011a74>] (show_stack+0x10/0x14)
[   18.292175] [<c0011a74>] (show_stack) from [<c0586860>] (dump_stack+0x78/0x94)
[   18.299835] [<c0586860>] (dump_stack) from [<c003dc34>] (warn_slowpath_common+0x7c/0xb4)
[   18.308380] [<c003dc34>] (warn_slowpath_common) from [<c003dc88>] (warn_slowpath_null+0x1c/0x24)
[   18.317687] [<c003dc88>] (warn_slowpath_null) from [<c012f004>] (exit_mmap+0x1a8/0x21c)
[   18.326110] [<c012f004>] (exit_mmap) from [<c003b31c>] (mmput+0x44/0xec)
[   18.333221] [<c003b31c>] (mmput) from [<c01524e8>] (flush_old_exec+0x300/0x5a4)
[   18.340942] [<c01524e8>] (flush_old_exec) from [<c0196dac>] (load_elf_binary+0x2ec/0x1144)
[   18.349700] [<c0196dac>] (load_elf_binary) from [<c0152020>] (search_binary_handler+0x88/0x1ac)
[   18.358856] [<c0152020>] (search_binary_handler) from [<c015308c>] (do_execveat_common+0x538/0x6c4)
[   18.368408] [<c015308c>] (do_execveat_common) from [<c0153244>] (do_execve+0x2c/0x34)
[   18.376647] [<c0153244>] (do_execve) from [<c000e5e0>] (ret_fast_syscall+0x0/0x4c)
[   18.384643] ---[ end trace d7c769522ea4dba7 ]---
[   18.410339] ------------[ cut here ]------------
[   18.415222] WARNING: CPU: 0 PID: 64 at mm/mmap.c:2859 exit_mmap+0x1a8/0x21c()
[   18.422912] Modules linked in:
[   18.426147] CPU: 0 PID: 64 Comm: mount Tainted: G        W       3.19.0-rc5-next-20150122-00002-g2ade5cea1b05 #1
[   18.436889] Hardware name: Generic OMAP3-GP (Flattened Device Tree)
[   18.443572] [<c001545c>] (unwind_backtrace) from [<c0011a74>] (show_stack+0x10/0x14)
[   18.451782] [<c0011a74>] (show_stack) from [<c0586860>] (dump_stack+0x78/0x94)
[   18.459472] [<c0586860>] (dump_stack) from [<c003dc34>] (warn_slowpath_common+0x7c/0xb4)
[   18.468048] [<c003dc34>] (warn_slowpath_common) from [<c003dc88>] (warn_slowpath_null+0x1c/0x24)
[   18.477294] [<c003dc88>] (warn_slowpath_null) from [<c012f004>] (exit_mmap+0x1a8/0x21c)
[   18.485748] [<c012f004>] (exit_mmap) from [<c003b31c>] (mmput+0x44/0xec)
[   18.492858] [<c003b31c>] (mmput) from [<c00401e8>] (do_exit+0x2b4/0x9b8)
[   18.499938] [<c00401e8>] (do_exit) from [<c0040960>] (do_group_exit+0x48/0xbc)
[   18.507598] [<c0040960>] (do_group_exit) from [<c00409e4>] (__wake_up_parent+0x0/0x18)
[   18.515930] ---[ end trace d7c769522ea4dba8 ]---
[   18.522979] ------------[ cut here ]------------
[   18.528015] WARNING: CPU: 0 PID: 65 at mm/mmap.c:2859 exit_mmap+0x1a8/0x21c()
[   18.535552] Modules linked in:
[   18.538879] CPU: 0 PID: 65 Comm: grep Tainted: G        W       3.19.0-rc5-next-20150122-00002-g2ade5cea1b05 #1
[   18.549499] Hardware name: Generic OMAP3-GP (Flattened Device Tree)
[   18.556152] [<c001545c>] (unwind_backtrace) from [<c0011a74>] (show_stack+0x10/0x14)
[   18.564361] [<c0011a74>] (show_stack) from [<c0586860>] (dump_stack+0x78/0x94)
[   18.572021] [<c0586860>] (dump_stack) from [<c003dc34>] (warn_slowpath_common+0x7c/0xb4)
[   18.580566] [<c003dc34>] (warn_slowpath_common) from [<c003dc88>] (warn_slowpath_null+0x1c/0x24)
[   18.589843] [<c003dc88>] (warn_slowpath_null) from [<c012f004>] (exit_mmap+0x1a8/0x21c)
[   18.598297] [<c012f004>] (exit_mmap) from [<c003b31c>] (mmput+0x44/0xec)
[   18.605346] [<c003b31c>] (mmput) from [<c00401e8>] (do_exit+0x2b4/0x9b8)
[   18.612426] [<c00401e8>] (do_exit) from [<c0040960>] (do_group_exit+0x48/0xbc)
[   18.620056] [<c0040960>] (do_group_exit) from [<c00409e4>] (__wake_up_parent+0x0/0x18)
[   18.628417] ---[ end trace d7c769522ea4dba9 ]---
[   18.638641] ------------[ cut here ]------------
[   18.643524] WARNING: CPU: 0 PID: 63 at mm/mmap.c:2859 exit_mmap+0x1a8/0x21c()
[   18.651153] Modules linked in:
[   18.654388] CPU: 0 PID: 63 Comm: rc Tainted: G        W       3.19.0-rc5-next-20150122-00002-g2ade5cea1b05 #1
[   18.664825] Hardware name: Generic OMAP3-GP (Flattened Device Tree)
[   18.671508] [<c001545c>] (unwind_backtrace) from [<c0011a74>] (show_stack+0x10/0x14)
[   18.679718] [<c0011a74>] (show_stack) from [<c0586860>] (dump_stack+0x78/0x94)
[   18.687347] [<c0586860>] (dump_stack) from [<c003dc34>] (warn_slowpath_common+0x7c/0xb4)
[   18.695892] [<c003dc34>] (warn_slowpath_common) from [<c003dc88>] (warn_slowpath_null+0x1c/0x24)
[   18.705169] [<c003dc88>] (warn_slowpath_null) from [<c012f004>] (exit_mmap+0x1a8/0x21c)
[   18.713623] [<c012f004>] (exit_mmap) from [<c003b31c>] (mmput+0x44/0xec)
[   18.720703] [<c003b31c>] (mmput) from [<c00401e8>] (do_exit+0x2b4/0x9b8)
[   18.727783] [<c00401e8>] (do_exit) from [<c0040960>] (do_group_exit+0x48/0xbc)
[   18.735382] [<c0040960>] (do_group_exit) from [<c00409e4>] (__wake_up_parent+0x0/0x18)
[   18.743743] ---[ end trace d7c769522ea4dbaa ]---
[   18.774688] ------------[ cut here ]------------
[   18.779815] WARNING: CPU: 0 PID: 68 at mm/mmap.c:2859 exit_mmap+0x1a8/0x21c()
[   18.787322] Modules linked in:
[   18.790618] CPU: 0 PID: 68 Comm: rc Tainted: G        W       3.19.0-rc5-next-20150122-00002-g2ade5cea1b05 #1
[   18.801055] Hardware name: Generic OMAP3-GP (Flattened Device Tree)
[   18.807739] [<c001545c>] (unwind_backtrace) from [<c0011a74>] (show_stack+0x10/0x14)
[   18.815917] [<c0011a74>] (show_stack) from [<c0586860>] (dump_stack+0x78/0x94)
[   18.823547] [<c0586860>] (dump_stack) from [<c003dc34>] (warn_slowpath_common+0x7c/0xb4)
[   18.832122] [<c003dc34>] (warn_slowpath_common) from [<c003dc88>] (warn_slowpath_null+0x1c/0x24)
[   18.841400] [<c003dc88>] (warn_slowpath_null) from [<c012f004>] (exit_mmap+0x1a8/0x21c)
[   18.849853] [<c012f004>] (exit_mmap) from [<c003b31c>] (mmput+0x44/0xec)
[   18.856933] [<c003b31c>] (mmput) from [<c01524e8>] (flush_old_exec+0x300/0x5a4)
[   18.864715] [<c01524e8>] (flush_old_exec) from [<c0196dac>] (load_elf_binary+0x2ec/0x1144)
[   18.873443] [<c0196dac>] (load_elf_binary) from [<c0152020>] (search_binary_handler+0x88/0x1ac)
[   18.882629] [<c0152020>] (search_binary_handler) from [<c015308c>] (do_execveat_common+0x538/0x6c4)
[   18.892181] [<c015308c>] (do_execveat_common) from [<c0153244>] (do_execve+0x2c/0x34)
[   18.900451] [<c0153244>] (do_execve) from [<c000e5e0>] (ret_fast_syscall+0x0/0x4c)
[   18.908447] ---[ end trace d7c769522ea4dbab ]---
[   18.924530] ------------[ cut here ]------------
[   18.929565] WARNING: CPU: 0 PID: 70 at mm/mmap.c:2859 exit_mmap+0x1a8/0x21c()
[   18.937072] Modules linked in:
[   18.940368] CPU: 0 PID: 70 Comm: rc Tainted: G        W       3.19.0-rc5-next-20150122-00002-g2ade5cea1b05 #1
[   18.950805] Hardware name: Generic OMAP3-GP (Flattened Device Tree)
[   18.957427] [<c001545c>] (unwind_backtrace) from [<c0011a74>] (show_stack+0x10/0x14)
[   18.965637] [<c0011a74>] (show_stack) from [<c0586860>] (dump_stack+0x78/0x94)
[   18.973297] [<c0586860>] (dump_stack) from [<c003dc34>] (warn_slowpath_common+0x7c/0xb4)
[   18.981842] [<c003dc34>] (warn_slowpath_common) from [<c003dc88>] (warn_slowpath_null+0x1c/0x24)
[   18.991119] [<c003dc88>] (warn_slowpath_null) from [<c012f004>] (exit_mmap+0x1a8/0x21c)
[   18.999572] [<c012f004>] (exit_mmap) from [<c003b31c>] (mmput+0x44/0xec)
[   19.006622] [<c003b31c>] (mmput) from [<c01524e8>] (flush_old_exec+0x300/0x5a4)
[   19.014373] [<c01524e8>] (flush_old_exec) from [<c0196dac>] (load_elf_binary+0x2ec/0x1144)
[   19.023101] [<c0196dac>] (load_elf_binary) from [<c0152020>] (search_binary_handler+0x88/0x1ac)
[   19.032287] [<c0152020>] (search_binary_handler) from [<c015308c>] (do_execveat_common+0x538/0x6c4)
[   19.041839] [<c015308c>] (do_execveat_common) from [<c0153244>] (do_execve+0x2c/0x34)
[   19.050109] [<c0153244>] (do_execve) from [<c000e5e0>] (ret_fast_syscall+0x0/0x4c)
[   19.058105] ---[ end trace d7c769522ea4dbac ]---
[   19.067321] ------------[ cut here ]------------
[   19.072296] WARNING: CPU: 0 PID: 67 at mm/mmap.c:2859 exit_mmap+0x1a8/0x21c()
[   19.079833] Modules linked in:
[   19.083068] CPU: 0 PID: 67 Comm: rc Tainted: G        W       3.19.0-rc5-next-20150122-00002-g2ade5cea1b05 #1
[   19.093505] Hardware name: Generic OMAP3-GP (Flattened Device Tree)
[   19.100158] [<c001545c>] (unwind_backtrace) from [<c0011a74>] (show_stack+0x10/0x14)
[   19.108367] [<c0011a74>] (show_stack) from [<c0586860>] (dump_stack+0x78/0x94)
[   19.115997] [<c0586860>] (dump_stack) from [<c003dc34>] (warn_slowpath_common+0x7c/0xb4)
[   19.124542] [<c003dc34>] (warn_slowpath_common) from [<c003dc88>] (warn_slowpath_null+0x1c/0x24)
[   19.133819] [<c003dc88>] (warn_slowpath_null) from [<c012f004>] (exit_mmap+0x1a8/0x21c)
[   19.142272] [<c012f004>] (exit_mmap) from [<c003b31c>] (mmput+0x44/0xec)
[   19.149383] [<c003b31c>] (mmput) from [<c01524e8>] (flush_old_exec+0x300/0x5a4)
[   19.157073] [<c01524e8>] (flush_old_exec) from [<c0196dac>] (load_elf_binary+0x2ec/0x1144)
[   19.165802] [<c0196dac>] (load_elf_binary) from [<c0152020>] (search_binary_handler+0x88/0x1ac)
[   19.174987] [<c0152020>] (search_binary_handler) from [<c015308c>] (do_execveat_common+0x538/0x6c4)
[   19.184539] [<c015308c>] (do_execveat_common) from [<c0153244>] (do_execve+0x2c/0x34)
[   19.192810] [<c0153244>] (do_execve) from [<c000e5e0>] (ret_fast_syscall+0x0/0x4c)
[   19.200775] ---[ end trace d7c769522ea4dbad ]---
[   19.210510] ------------[ cut here ]------------
[   19.215393] WARNING: CPU: 0 PID: 69 at mm/mmap.c:2859 exit_mmap+0x1a8/0x21c()
[   19.222991] Modules linked in:
[   19.226226] CPU: 0 PID: 69 Comm: rc Tainted: G        W       3.19.0-rc5-next-20150122-00002-g2ade5cea1b05 #1
[   19.236663] Hardware name: Generic OMAP3-GP (Flattened Device Tree)
[   19.243316] [<c001545c>] (unwind_backtrace) from [<c0011a74>] (show_stack+0x10/0x14)
[   19.251525] [<c0011a74>] (show_stack) from [<c0586860>] (dump_stack+0x78/0x94)
[   19.259185] [<c0586860>] (dump_stack) from [<c003dc34>] (warn_slowpath_common+0x7c/0xb4)
[   19.267730] [<c003dc34>] (warn_slowpath_common) from [<c003dc88>] (warn_slowpath_null+0x1c/0x24)
[   19.276977] [<c003dc88>] (warn_slowpath_null) from [<c012f004>] (exit_mmap+0x1a8/0x21c)
[   19.285461] [<c012f004>] (exit_mmap) from [<c003b31c>] (mmput+0x44/0xec)
[   19.292572] [<c003b31c>] (mmput) from [<c01524e8>] (flush_old_exec+0x300/0x5a4)
[   19.300292] [<c01524e8>] (flush_old_exec) from [<c0196dac>] (load_elf_binary+0x2ec/0x1144)
[   19.309051] [<c0196dac>] (load_elf_binary) from [<c0152020>] (search_binary_handler+0x88/0x1ac)
[   19.318237] [<c0152020>] (search_binary_handler) from [<c015308c>] (do_execveat_common+0x538/0x6c4)
[   19.327789] [<c015308c>] (do_execveat_common) from [<c0153244>] (do_execve+0x2c/0x34)
[   19.336029] [<c0153244>] (do_execve) from [<c000e5e0>] (ret_fast_syscall+0x0/0x4c)
[   19.344055] ---[ end trace d7c769522ea4dbae ]---
[   19.354583] ------------[ cut here ]------------
[   19.359588] WARNING: CPU: 0 PID: 71 at mm/mmap.c:2859 exit_mmap+0x1a8/0x21c()
[   19.367126] Modules linked in:
[   19.370391] CPU: 0 PID: 71 Comm: rc Tainted: G        W       3.19.0-rc5-next-20150122-00002-g2ade5cea1b05 #1
[   19.380859] Hardware name: Generic OMAP3-GP (Flattened Device Tree)
[   19.387512] [<c001545c>] (unwind_backtrace) from [<c0011a74>] (show_stack+0x10/0x14)
[   19.395690] [<c0011a74>] (show_stack) from [<c0586860>] (dump_stack+0x78/0x94)
[   19.403350] [<c0586860>] (dump_stack) from [<c003dc34>] (warn_slowpath_common+0x7c/0xb4)
[   19.411895] [<c003dc34>] (warn_slowpath_common) from [<c003dc88>] (warn_slowpath_null+0x1c/0x24)
[   19.421173] [<c003dc88>] (warn_slowpath_null) from [<c012f004>] (exit_mmap+0x1a8/0x21c)
[   19.429626] [<c012f004>] (exit_mmap) from [<c003b31c>] (mmput+0x44/0xec)
[   19.436706] [<c003b31c>] (mmput) from [<c01524e8>] (flush_old_exec+0x300/0x5a4)
[   19.444427] [<c01524e8>] (flush_old_exec) from [<c0196dac>] (load_elf_binary+0x2ec/0x1144)
[   19.453155] [<c0196dac>] (load_elf_binary) from [<c0152020>] (search_binary_handler+0x88/0x1ac)
[   19.462341] [<c0152020>] (search_binary_handler) from [<c015308c>] (do_execveat_common+0x538/0x6c4)
[   19.471893] [<c015308c>] (do_execveat_common) from [<c0153244>] (do_execve+0x2c/0x34)
[   19.480163] [<c0153244>] (do_execve) from [<c000e5e0>] (ret_fast_syscall+0x0/0x4c)
[   19.488189] ---[ end trace d7c769522ea4dbaf ]---
[   19.507019] ------------[ cut here ]------------
[   19.512084] WARNING: CPU: 0 PID: 67 at mm/mmap.c:2859 exit_mmap+0x1a8/0x21c()
[   19.519622] Modules linked in:
[   19.522857] CPU: 0 PID: 67 Comm: cat Tainted: G        W       3.19.0-rc5-next-20150122-00002-g2ade5cea1b05 #1
[   19.533416] Hardware name: Generic OMAP3-GP (Flattened Device Tree)
[   19.540069] [<c001545c>] (unwind_backtrace) from [<c0011a74>] (show_stack+0x10/0x14)
[   19.548278] [<c0011a74>] (show_stack) from [<c0586860>] (dump_stack+0x78/0x94)
[   19.555908] [<c0586860>] (dump_stack) from [<c003dc34>] (warn_slowpath_common+0x7c/0xb4)
[   19.564453] [<c003dc34>] (warn_slowpath_common) from [<c003dc88>] (warn_slowpath_null+0x1c/0x24)
[   19.573730] [<c003dc88>] (warn_slowpath_null) from [<c012f004>] (exit_mmap+0x1a8/0x21c)
[   19.582214] [<c012f004>] (exit_mmap) from [<c003b31c>] (mmput+0x44/0xec)
[   19.589294] [<c003b31c>] (mmput) from [<c00401e8>] (do_exit+0x2b4/0x9b8)
[   19.596343] [<c00401e8>] (do_exit) from [<c0040960>] (do_group_exit+0x48/0xbc)
[   19.604003] [<c0040960>] (do_group_exit) from [<c00409e4>] (__wake_up_parent+0x0/0x18)
[   19.612365] ---[ end trace d7c769522ea4dbb0 ]---
[   19.649505] ------------[ cut here ]------------
[   19.654418] WARNING: CPU: 0 PID: 68 at mm/mmap.c:2859 exit_mmap+0x1a8/0x21c()
[   19.662078] Modules linked in:
[   19.665344] CPU: 0 PID: 68 Comm: sed Tainted: G        W       3.19.0-rc5-next-20150122-00002-g2ade5cea1b05 #1
[   19.675872] Hardware name: Generic OMAP3-GP (Flattened Device Tree)
[   19.682556] [<c001545c>] (unwind_backtrace) from [<c0011a74>] (show_stack+0x10/0x14)
[   19.690765] [<c0011a74>] (show_stack) from [<c0586860>] (dump_stack+0x78/0x94)
[   19.698425] [<c0586860>] (dump_stack) from [<c003dc34>] (warn_slowpath_common+0x7c/0xb4)
[   19.706939] [<c003dc34>] (warn_slowpath_common) from [<c003dc88>] (warn_slowpath_null+0x1c/0x24)
[   19.716217] [<c003dc88>] (warn_slowpath_null) from [<c012f004>] (exit_mmap+0x1a8/0x21c)
[   19.724700] [<c012f004>] (exit_mmap) from [<c003b31c>] (mmput+0x44/0xec)
[   19.731781] [<c003b31c>] (mmput) from [<c00401e8>] (do_exit+0x2b4/0x9b8)
[   19.738891] [<c00401e8>] (do_exit) from [<c0040960>] (do_group_exit+0x48/0xbc)
[   19.746490] [<c0040960>] (do_group_exit) from [<c00409e4>] (__wake_up_parent+0x0/0x18)
[   19.754852] ---[ end trace d7c769522ea4dbb1 ]---
[   19.763061] ------------[ cut here ]------------
[   19.768157] WARNING: CPU: 0 PID: 69 at mm/mmap.c:2859 exit_mmap+0x1a8/0x21c()
[   19.775695] Modules linked in:
[   19.778991] CPU: 0 PID: 69 Comm: grep Tainted: G        W       3.19.0-rc5-next-20150122-00002-g2ade5cea1b05 #1
[   19.789642] Hardware name: Generic OMAP3-GP (Flattened Device Tree)
[   19.796295] [<c001545c>] (unwind_backtrace) from [<c0011a74>] (show_stack+0x10/0x14)
[   19.804504] [<c0011a74>] (show_stack) from [<c0586860>] (dump_stack+0x78/0x94)
[   19.812164] [<c0586860>] (dump_stack) from [<c003dc34>] (warn_slowpath_common+0x7c/0xb4)
[   19.820709] [<c003dc34>] (warn_slowpath_common) from [<c003dc88>] (warn_slowpath_null+0x1c/0x24)
[   19.830017] [<c003dc88>] (warn_slowpath_null) from [<c012f004>] (exit_mmap+0x1a8/0x21c)
[   19.838470] [<c012f004>] (exit_mmap) from [<c003b31c>] (mmput+0x44/0xec)
[   19.845520] [<c003b31c>] (mmput) from [<c00401e8>] (do_exit+0x2b4/0x9b8)
[   19.852600] [<c00401e8>] (do_exit) from [<c0040960>] (do_group_exit+0x48/0xbc)
[   19.860321] [<c0040960>] (do_group_exit) from [<c00409e4>] (__wake_up_parent+0x0/0x18)
[   19.868682] ---[ end trace d7c769522ea4dbb2 ]---
[   19.875762] ------------[ cut here ]------------
[   19.880798] WARNING: CPU: 0 PID: 70 at mm/mmap.c:2859 exit_mmap+0x1a8/0x21c()
[   19.888336] Modules linked in:
[   19.891571] CPU: 0 PID: 70 Comm: cut Tainted: G        W       3.19.0-rc5-next-20150122-00002-g2ade5cea1b05 #1
[   19.902130] Hardware name: Generic OMAP3-GP (Flattened Device Tree)
[   19.908782] [<c001545c>] (unwind_backtrace) from [<c0011a74>] (show_stack+0x10/0x14)
[   19.916931] [<c0011a74>] (show_stack) from [<c0586860>] (dump_stack+0x78/0x94)
[   19.924591] [<c0586860>] (dump_stack) from [<c003dc34>] (warn_slowpath_common+0x7c/0xb4)
[   19.933135] [<c003dc34>] (warn_slowpath_common) from [<c003dc88>] (warn_slowpath_null+0x1c/0x24)
[   19.942413] [<c003dc88>] (warn_slowpath_null) from [<c012f004>] (exit_mmap+0x1a8/0x21c)
[   19.950897] [<c012f004>] (exit_mmap) from [<c003b31c>] (mmput+0x44/0xec)
[   19.957977] [<c003b31c>] (mmput) from [<c00401e8>] (do_exit+0x2b4/0x9b8)
[   19.965026] [<c00401e8>] (do_exit) from [<c0040960>] (do_group_exit+0x48/0xbc)
[   19.972656] [<c0040960>] (do_group_exit) from [<c00409e4>] (__wake_up_parent+0x0/0x18)
[   19.980987] ---[ end trace d7c769522ea4dbb3 ]---
[   19.988037] ------------[ cut here ]------------
[   19.992919] WARNING: CPU: 0 PID: 71 at mm/mmap.c:2859 exit_mmap+0x1a8/0x21c()
[   20.000457] Modules linked in:
[   20.003692] CPU: 0 PID: 71 Comm: cut Tainted: G        W       3.19.0-rc5-next-20150122-00002-g2ade5cea1b05 #1
[   20.014251] Hardware name: Generic OMAP3-GP (Flattened Device Tree)
[   20.020904] [<c001545c>] (unwind_backtrace) from [<c0011a74>] (show_stack+0x10/0x14)
[   20.029083] [<c0011a74>] (show_stack) from [<c0586860>] (dump_stack+0x78/0x94)
[   20.036712] [<c0586860>] (dump_stack) from [<c003dc34>] (warn_slowpath_common+0x7c/0xb4)
[   20.045288] [<c003dc34>] (warn_slowpath_common) from [<c003dc88>] (warn_slowpath_null+0x1c/0x24)
[   20.054565] [<c003dc88>] (warn_slowpath_null) from [<c012f004>] (exit_mmap+0x1a8/0x21c)
[   20.063018] [<c012f004>] (exit_mmap) from [<c003b31c>] (mmput+0x44/0xec)
[   20.070098] [<c003b31c>] (mmput) from [<c00401e8>] (do_exit+0x2b4/0x9b8)
[   20.077148] [<c00401e8>] (do_exit) from [<c0040960>] (do_group_exit+0x48/0xbc)
[   20.084777] [<c0040960>] (do_group_exit) from [<c00409e4>] (__wake_up_parent+0x0/0x18)
[   20.093139] ---[ end trace d7c769522ea4dbb4 ]---
[   20.102294] ------------[ cut here ]------------
[   20.107238] WARNING: CPU: 0 PID: 66 at mm/mmap.c:2859 exit_mmap+0x1a8/0x21c()
[   20.114898] Modules linked in:
[   20.118194] CPU: 0 PID: 66 Comm: rc Tainted: G        W       3.19.0-rc5-next-20150122-00002-g2ade5cea1b05 #1
[   20.128631] Hardware name: Generic OMAP3-GP (Flattened Device Tree)
[   20.135253] [<c001545c>] (unwind_backtrace) from [<c0011a74>] (show_stack+0x10/0x14)
[   20.143463] [<c0011a74>] (show_stack) from [<c0586860>] (dump_stack+0x78/0x94)
[   20.151123] [<c0586860>] (dump_stack) from [<c003dc34>] (warn_slowpath_common+0x7c/0xb4)
[   20.159667] [<c003dc34>] (warn_slowpath_common) from [<c003dc88>] (warn_slowpath_null+0x1c/0x24)
[   20.168945] [<c003dc88>] (warn_slowpath_null) from [<c012f004>] (exit_mmap+0x1a8/0x21c)
[   20.177368] [<c012f004>] (exit_mmap) from [<c003b31c>] (mmput+0x44/0xec)
[   20.184478] [<c003b31c>] (mmput) from [<c00401e8>] (do_exit+0x2b4/0x9b8)
[   20.191558] [<c00401e8>] (do_exit) from [<c0040960>] (do_group_exit+0x48/0xbc)
[   20.199188] [<c0040960>] (do_group_exit) from [<c00409e4>] (__wake_up_parent+0x0/0x18)
[   20.207550] ---[ end trace d7c769522ea4dbb5 ]---
[   20.221710] ------------[ cut here ]------------
[   20.226684] WARNING: CPU: 0 PID: 72 at mm/mmap.c:2859 exit_mmap+0x1a8/0x21c()
[   20.234313] Modules linked in:
[   20.237640] CPU: 0 PID: 72 Comm: rc Tainted: G        W       3.19.0-rc5-next-20150122-00002-g2ade5cea1b05 #1
[   20.248107] Hardware name: Generic OMAP3-GP (Flattened Device Tree)
[   20.254699] [<c001545c>] (unwind_backtrace) from [<c0011a74>] (show_stack+0x10/0x14)
[   20.262939] [<c0011a74>] (show_stack) from [<c0586860>] (dump_stack+0x78/0x94)
[   20.270599] [<c0586860>] (dump_stack) from [<c003dc34>] (warn_slowpath_common+0x7c/0xb4)
[   20.279144] [<c003dc34>] (warn_slowpath_common) from [<c003dc88>] (warn_slowpath_null+0x1c/0x24)
[   20.288452] [<c003dc88>] (warn_slowpath_null) from [<c012f004>] (exit_mmap+0x1a8/0x21c)
[   20.296874] [<c012f004>] (exit_mmap) from [<c003b31c>] (mmput+0x44/0xec)
[   20.303955] [<c003b31c>] (mmput) from [<c01524e8>] (flush_old_exec+0x300/0x5a4)
[   20.311706] [<c01524e8>] (flush_old_exec) from [<c0196dac>] (load_elf_binary+0x2ec/0x1144)
[   20.320465] [<c0196dac>] (load_elf_binary) from [<c0152020>] (search_binary_handler+0x88/0x1ac)
[   20.329650] [<c0152020>] (search_binary_handler) from [<c015308c>] (do_execveat_common+0x538/0x6c4)
[   20.339202] [<c015308c>] (do_execveat_common) from [<c0153244>] (do_execve+0x2c/0x34)
[   20.347473] [<c0153244>] (do_execve) from [<c000e5e0>] (ret_fast_syscall+0x0/0x4c)
[   20.355438] ---[ end trace d7c769522ea4dbb6 ]---
[   20.369781] ------------[ cut here ]------------
[   20.374694] WARNING: CPU: 0 PID: 72 at mm/mmap.c:2859 exit_mmap+0x1a8/0x21c()
[   20.382324] Modules linked in:
[   20.385559] CPU: 0 PID: 72 Comm: rm Tainted: G        W       3.19.0-rc5-next-20150122-00002-g2ade5cea1b05 #1
[   20.396026] Hardware name: Generic OMAP3-GP (Flattened Device Tree)
[   20.402709] [<c001545c>] (unwind_backtrace) from [<c0011a74>] (show_stack+0x10/0x14)
[   20.410919] [<c0011a74>] (show_stack) from [<c0586860>] (dump_stack+0x78/0x94)
[   20.418579] [<c0586860>] (dump_stack) from [<c003dc34>] (warn_slowpath_common+0x7c/0xb4)
[   20.427093] [<c003dc34>] (warn_slowpath_common) from [<c003dc88>] (warn_slowpath_null+0x1c/0x24)
[   20.436370] [<c003dc88>] (warn_slowpath_null) from [<c012f004>] (exit_mmap+0x1a8/0x21c)
[   20.444824] [<c012f004>] (exit_mmap) from [<c003b31c>] (mmput+0x44/0xec)
[   20.451934] [<c003b31c>] (mmput) from [<c00401e8>] (do_exit+0x2b4/0x9b8)
[   20.459014] [<c00401e8>] (do_exit) from [<c0040960>] (do_group_exit+0x48/0xbc)
[   20.466613] [<c0040960>] (do_group_exit) from [<c00409e4>] (__wake_up_parent+0x0/0x18)
[   20.474975] ---[ end trace d7c769522ea4dbb7 ]---
[   20.488800] ------------[ cut here ]------------
[   20.493682] WARNING: CPU: 0 PID: 73 at mm/mmap.c:2859 exit_mmap+0x1a8/0x21c()
[   20.501281] Modules linked in:
[   20.504516] CPU: 0 PID: 73 Comm: rc Tainted: G        W       3.19.0-rc5-next-20150122-00002-g2ade5cea1b05 #1
[   20.514953] Hardware name: Generic OMAP3-GP (Flattened Device Tree)
[   20.521636] [<c001545c>] (unwind_backtrace) from [<c0011a74>] (show_stack+0x10/0x14)
[   20.529846] [<c0011a74>] (show_stack) from [<c0586860>] (dump_stack+0x78/0x94)
[   20.537506] [<c0586860>] (dump_stack) from [<c003dc34>] (warn_slowpath_common+0x7c/0xb4)
[   20.546020] [<c003dc34>] (warn_slowpath_common) from [<c003dc88>] (warn_slowpath_null+0x1c/0x24)
[   20.555297] [<c003dc88>] (warn_slowpath_null) from [<c012f004>] (exit_mmap+0x1a8/0x21c)
[   20.563751] [<c012f004>] (exit_mmap) from [<c003b31c>] (mmput+0x44/0xec)
[   20.570861] [<c003b31c>] (mmput) from [<c01524e8>] (flush_old_exec+0x300/0x5a4)
[   20.578613] [<c01524e8>] (flush_old_exec) from [<c0196dac>] (load_elf_binary+0x2ec/0x1144)
[   20.587280] [<c0196dac>] (load_elf_binary) from [<c0152020>] (search_binary_handler+0x88/0x1ac)
[   20.596466] [<c0152020>] (search_binary_handler) from [<c015308c>] (do_execveat_common+0x538/0x6c4)
[   20.606018] [<c015308c>] (do_execveat_common) from [<c0153244>] (do_execve+0x2c/0x34)
[   20.614318] [<c0153244>] (do_execve) from [<c000e5e0>] (ret_fast_syscall+0x0/0x4c)
[   20.622314] ---[ end trace d7c769522ea4dbb8 ]---
[   20.636901] ------------[ cut here ]------------
[   20.641967] WARNING: CPU: 0 PID: 73 at mm/mmap.c:2859 exit_mmap+0x1a8/0x21c()
[   20.649536] Modules linked in:
[   20.652770] CPU: 0 PID: 73 Comm: ln Tainted: G        W       3.19.0-rc5-next-20150122-00002-g2ade5cea1b05 #1
[   20.663208] Hardware name: Generic OMAP3-GP (Flattened Device Tree)
[   20.669891] [<c001545c>] (unwind_backtrace) from [<c0011a74>] (show_stack+0x10/0x14)
[   20.678100] [<c0011a74>] (show_stack) from [<c0586860>] (dump_stack+0x78/0x94)
[   20.685699] [<c0586860>] (dump_stack) from [<c003dc34>] (warn_slowpath_common+0x7c/0xb4)
[   20.694274] [<c003dc34>] (warn_slowpath_common) from [<c003dc88>] (warn_slowpath_null+0x1c/0x24)
[   20.703552] [<c003dc88>] (warn_slowpath_null) from [<c012f004>] (exit_mmap+0x1a8/0x21c)
[   20.712005] [<c012f004>] (exit_mmap) from [<c003b31c>] (mmput+0x44/0xec)
[   20.719116] [<c003b31c>] (mmput) from [<c00401e8>] (do_exit+0x2b4/0x9b8)
[   20.726165] [<c00401e8>] (do_exit) from [<c0040960>] (do_group_exit+0x48/0xbc)
[   20.733825] [<c0040960>] (do_group_exit) from [<c00409e4>] (__wake_up_parent+0x0/0x18)
[   20.742156] ---[ end trace d7c769522ea4dbb9 ]---
/dev/ttyO2 linked to /dev/tty-bd - using as console
[   20.751281] ------------[ cut here ]------------
[   20.758209] WARNING: CPU: 0 PID: 62 at mm/mmap.c:2859 exit_mmap+0x1a8/0x21c()
[   20.765747] Modules linked in:
[   20.769042] CPU: 0 PID: 62 Comm: rc Tainted: G        W       3.19.0-rc5-next-20150122-00002-g2ade5cea1b05 #1
[   20.779510] Hardware name: Generic OMAP3-GP (Flattened Device Tree)
[   20.786163] [<c001545c>] (unwind_backtrace) from [<c0011a74>] (show_stack+0x10/0x14)
[   20.794372] [<c0011a74>] (show_stack) from [<c0586860>] (dump_stack+0x78/0x94)
[   20.802032] [<c0586860>] (dump_stack) from [<c003dc34>] (warn_slowpath_common+0x7c/0xb4)
[   20.810577] [<c003dc34>] (warn_slowpath_common) from [<c003dc88>] (warn_slowpath_null+0x1c/0x24)
[   20.819854] [<c003dc88>] (warn_slowpath_null) from [<c012f004>] (exit_mmap+0x1a8/0x21c)
[   20.828308] [<c012f004>] (exit_mmap) from [<c003b31c>] (mmput+0x44/0xec)
[   20.835357] [<c003b31c>] (mmput) from [<c00401e8>] (do_exit+0x2b4/0x9b8)
[   20.842437] [<c00401e8>] (do_exit) from [<c0040960>] (do_group_exit+0x48/0xbc)
[   20.850097] [<c0040960>] (do_group_exit) from [<c00409e4>] (__wake_up_parent+0x0/0x18)
[   20.858489] ---[ end trace d7c769522ea4dbba ]---
[   20.889129] ------------[ cut here ]------------
[   20.894042] WARNING: CPU: 0 PID: 75 at mm/mmap.c:2859 exit_mmap+0x1a8/0x21c()
[   20.901672] Modules linked in:
[   20.904907] CPU: 0 PID: 75 Comm: rc Tainted: G        W       3.19.0-rc5-next-20150122-00002-g2ade5cea1b05 #1
[   20.915374] Hardware name: Generic OMAP3-GP (Flattened Device Tree)
[   20.922027] [<c001545c>] (unwind_backtrace) from [<c0011a74>] (show_stack+0x10/0x14)
[   20.930236] [<c0011a74>] (show_stack) from [<c0586860>] (dump_stack+0x78/0x94)
[   20.937896] [<c0586860>] (dump_stack) from [<c003dc34>] (warn_slowpath_common+0x7c/0xb4)
[   20.946441] [<c003dc34>] (warn_slowpath_common) from [<c003dc88>] (warn_slowpath_null+0x1c/0x24)
[   20.955688] [<c003dc88>] (warn_slowpath_null) from [<c012f004>] (exit_mmap+0x1a8/0x21c)
[   20.964172] [<c012f004>] (exit_mmap) from [<c003b31c>] (mmput+0x44/0xec)
[   20.971252] [<c003b31c>] (mmput) from [<c00401e8>] (do_exit+0x2b4/0x9b8)
[   20.978363] [<c00401e8>] (do_exit) from [<c0040960>] (do_group_exit+0x48/0xbc)
[   20.985961] [<c0040960>] (do_group_exit) from [<c00409e4>] (__wake_up_parent+0x0/0x18)
[   20.994323] ---[ end trace d7c769522ea4dbbb ]---
[   21.006317] ------------[ cut here ]------------
[   21.011383] WARNING: CPU: 0 PID: 74 at mm/mmap.c:2859 exit_mmap+0x1a8/0x21c()
[   21.018920] Modules linked in:
[   21.022155] CPU: 0 PID: 74 Comm: rc Tainted: G        W       3.19.0-rc5-next-20150122-00002-g2ade5cea1b05 #1
[   21.032623] Hardware name: Generic OMAP3-GP (Flattened Device Tree)
[   21.039337] [<c001545c>] (unwind_backtrace) from [<c0011a74>] (show_stack+0x10/0x14)
[   21.047546] [<c0011a74>] (show_stack) from [<c0586860>] (dump_stack+0x78/0x94)
[   21.055145] [<c0586860>] (dump_stack) from [<c003dc34>] (warn_slowpath_common+0x7c/0xb4)
[   21.063720] [<c003dc34>] (warn_slowpath_common) from [<c003dc88>] (warn_slowpath_null+0x1c/0x24)
[   21.072998] [<c003dc88>] (warn_slowpath_null) from [<c012f004>] (exit_mmap+0x1a8/0x21c)
[   21.081451] [<c012f004>] (exit_mmap) from [<c003b31c>] (mmput+0x44/0xec)
[   21.088562] [<c003b31c>] (mmput) from [<c00401e8>] (do_exit+0x2b4/0x9b8)
[   21.095611] [<c00401e8>] (do_exit) from [<c0040960>] (do_group_exit+0x48/0xbc)
[   21.103271] [<c0040960>] (do_group_exit) from [<c00409e4>] (__wake_up_parent+0x0/0x18)
[   21.111602] ---[ end trace d7c769522ea4dbbc ]---
[   21.530731] ------------[ cut here ]------------
[   21.535675] WARNING: CPU: 0 PID: 77 at mm/mmap.c:2859 exit_mmap+0x1a8/0x21c()
[   21.543304] Modules linked in:
[   21.546539] CPU: 0 PID: 77 Comm: rc Tainted: G        W       3.19.0-rc5-next-20150122-00002-g2ade5cea1b05 #1
[   21.556976] Hardware name: Generic OMAP3-GP (Flattened Device Tree)
[   21.563659] [<c001545c>] (unwind_backtrace) from [<c0011a74>] (show_stack+0x10/0x14)
[   21.571838] [<c0011a74>] (show_stack) from [<c0586860>] (dump_stack+0x78/0x94)
[   21.579528] [<c0586860>] (dump_stack) from [<c003dc34>] (warn_slowpath_common+0x7c/0xb4)
[   21.588104] [<c003dc34>] (warn_slowpath_common) from [<c003dc88>] (warn_slowpath_null+0x1c/0x24)
[   21.597320] [<c003dc88>] (warn_slowpath_null) from [<c012f004>] (exit_mmap+0x1a8/0x21c)
[   21.605804] [<c012f004>] (exit_mmap) from [<c003b31c>] (mmput+0x44/0xec)
[   21.612915] [<c003b31c>] (mmput) from [<c01524e8>] (flush_old_exec+0x300/0x5a4)
[   21.620697] [<c01524e8>] (flush_old_exec) from [<c0196dac>] (load_elf_binary+0x2ec/0x1144)
[   21.629425] [<c0196dac>] (load_elf_binary) from [<c0152020>] (search_binary_handler+0x88/0x1ac)
[   21.638610] [<c0152020>] (search_binary_handler) from [<c015308c>] (do_execveat_common+0x538/0x6c4)
[   21.648162] [<c015308c>] (do_execveat_common) from [<c0153244>] (do_execve+0x2c/0x34)
[   21.656402] [<c0153244>] (do_execve) from [<c000e5e0>] (ret_fast_syscall+0x0/0x4c)
[   21.664398] ---[ end trace d7c769522ea4dbbd ]---
[   21.679656] ------------[ cut here ]------------
[   21.684570] WARNING: CPU: 0 PID: 77 at mm/mmap.c:2859 exit_mmap+0x1a8/0x21c()
[   21.692199] Modules linked in:
[   21.695434] CPU: 0 PID: 77 Comm: grep Tainted: G        W       3.19.0-rc5-next-20150122-00002-g2ade5cea1b05 #1
[   21.706085] Hardware name: Generic OMAP3-GP (Flattened Device Tree)
[   21.712738] [<c001545c>] (unwind_backtrace) from [<c0011a74>] (show_stack+0x10/0x14)
[   21.720947] [<c0011a74>] (show_stack) from [<c0586860>] (dump_stack+0x78/0x94)
[   21.728607] [<c0586860>] (dump_stack) from [<c003dc34>] (warn_slowpath_common+0x7c/0xb4)
[   21.737152] [<c003dc34>] (warn_slowpath_common) from [<c003dc88>] (warn_slowpath_null+0x1c/0x24)
[   21.746429] [<c003dc88>] (warn_slowpath_null) from [<c012f004>] (exit_mmap+0x1a8/0x21c)
[   21.754913] [<c012f004>] (exit_mmap) from [<c003b31c>] (mmput+0x44/0xec)
[   21.761993] [<c003b31c>] (mmput) from [<c00401e8>] (do_exit+0x2b4/0x9b8)
[   21.769104] [<c00401e8>] (do_exit) from [<c0040960>] (do_group_exit+0x48/0xbc)
[   21.776702] [<c0040960>] (do_group_exit) from [<c00409e4>] (__wake_up_parent+0x0/0x18)
[   21.785064] ---[ end trace d7c769522ea4dbbe ]---
[   21.801666] ------------[ cut here ]------------
[   21.806610] WARNING: CPU: 0 PID: 78 at mm/mmap.c:2859 exit_mmap+0x1a8/0x21c()
[   21.814239] Modules linked in:
[   21.817535] CPU: 0 PID: 78 Comm: rc Tainted: G        W       3.19.0-rc5-next-20150122-00002-g2ade5cea1b05 #1
[   21.827972] Hardware name: Generic OMAP3-GP (Flattened Device Tree)
[   21.834594] [<c001545c>] (unwind_backtrace) from [<c0011a74>] (show_stack+0x10/0x14)
[   21.842803] [<c0011a74>] (show_stack) from [<c0586860>] (dump_stack+0x78/0x94)
[   21.850463] [<c0586860>] (dump_stack) from [<c003dc34>] (warn_slowpath_common+0x7c/0xb4)
[   21.859069] [<c003dc34>] (warn_slowpath_common) from [<c003dc88>] (warn_slowpath_null+0x1c/0x24)
[   21.868347] [<c003dc88>] (warn_slowpath_null) from [<c012f004>] (exit_mmap+0x1a8/0x21c)
[   21.876770] [<c012f004>] (exit_mmap) from [<c003b31c>] (mmput+0x44/0xec)
[   21.883850] [<c003b31c>] (mmput) from [<c01524e8>] (flush_old_exec+0x300/0x5a4)
[   21.891632] [<c01524e8>] (flush_old_exec) from [<c0196dac>] (load_elf_binary+0x2ec/0x1144)
[   21.900329] [<c0196dac>] (load_elf_binary) from [<c0152020>] (search_binary_handler+0x88/0x1ac)
[   21.909515] [<c0152020>] (search_binary_handler) from [<c015308c>] (do_execveat_common+0x538/0x6c4)
[   21.919067] [<c015308c>] (do_execveat_common) from [<c0153244>] (do_execve+0x2c/0x34)
[   21.927307] [<c0153244>] (do_execve) from [<c000e5e0>] (ret_fast_syscall+0x0/0x4c)
[   21.935302] ---[ end trace d7c769522ea4dbbf ]---
[   21.952239] ------------[ cut here ]------------
[   21.957183] WARNING: CPU: 0 PID: 78 at mm/mmap.c:2859 exit_mmap+0x1a8/0x21c()
[   21.964843] Modules linked in:
[   21.968139] CPU: 0 PID: 78 Comm: mount Tainted: G        W       3.19.0-rc5-next-20150122-00002-g2ade5cea1b05 #1
[   21.978851] Hardware name: Generic OMAP3-GP (Flattened Device Tree)
[   21.985473] [<c001545c>] (unwind_backtrace) from [<c0011a74>] (show_stack+0x10/0x14)
[   21.993682] [<c0011a74>] (show_stack) from [<c0586860>] (dump_stack+0x78/0x94)
[   22.001342] [<c0586860>] (dump_stack) from [<c003dc34>] (warn_slowpath_common+0x7c/0xb4)
[   22.009887] [<c003dc34>] (warn_slowpath_common) from [<c003dc88>] (warn_slowpath_null+0x1c/0x24)
[   22.019195] [<c003dc88>] (warn_slowpath_null) from [<c012f004>] (exit_mmap+0x1a8/0x21c)
[   22.027618] [<c012f004>] (exit_mmap) from [<c003b31c>] (mmput+0x44/0xec)
[   22.034667] [<c003b31c>] (mmput) from [<c00401e8>] (do_exit+0x2b4/0x9b8)
[   22.041778] [<c00401e8>] (do_exit) from [<c0040960>] (do_group_exit+0x48/0xbc)
[   22.049407] [<c0040960>] (do_group_exit) from [<c00409e4>] (__wake_up_parent+0x0/0x18)
[   22.057769] ---[ end trace d7c769522ea4dbc0 ]---
[   22.072753] ------------[ cut here ]------------
[   22.077789] WARNING: CPU: 0 PID: 79 at mm/mmap.c:2859 exit_mmap+0x1a8/0x21c()
[   22.085296] Modules linked in:
[   22.088592] CPU: 0 PID: 79 Comm: rc Tainted: G        W       3.19.0-rc5-next-20150122-00002-g2ade5cea1b05 #1
[   22.099029] Hardware name: Generic OMAP3-GP (Flattened Device Tree)
[   22.105651] [<c001545c>] (unwind_backtrace) from [<c0011a74>] (show_stack+0x10/0x14)
[   22.113861] [<c0011a74>] (show_stack) from [<c0586860>] (dump_stack+0x78/0x94)
[   22.121520] [<c0586860>] (dump_stack) from [<c003dc34>] (warn_slowpath_common+0x7c/0xb4)
[   22.130065] [<c003dc34>] (warn_slowpath_common) from [<c003dc88>] (warn_slowpath_null+0x1c/0x24)
[   22.139343] [<c003dc88>] (warn_slowpath_null) from [<c012f004>] (exit_mmap+0x1a8/0x21c)
[   22.147796] [<c012f004>] (exit_mmap) from [<c003b31c>] (mmput+0x44/0xec)
[   22.154846] [<c003b31c>] (mmput) from [<c01524e8>] (flush_old_exec+0x300/0x5a4)
[   22.162597] [<c01524e8>] (flush_old_exec) from [<c0196dac>] (load_elf_binary+0x2ec/0x1144)
[   22.171325] [<c0196dac>] (load_elf_binary) from [<c0152020>] (search_binary_handler+0x88/0x1ac)
[   22.180511] [<c0152020>] (search_binary_handler) from [<c015308c>] (do_execveat_common+0x538/0x6c4)
[   22.190063] [<c015308c>] (do_execveat_common) from [<c0153244>] (do_execve+0x2c/0x34)
[   22.198333] [<c0153244>] (do_execve) from [<c000e5e0>] (ret_fast_syscall+0x0/0x4c)
[   22.206298] ---[ end trace d7c769522ea4dbc1 ]---
[   22.222015] ------------[ cut here ]------------
[   22.226959] WARNING: CPU: 0 PID: 79 at mm/mmap.c:2859 exit_mmap+0x1a8/0x21c()
[   22.234588] Modules linked in:
[   22.237884] CPU: 0 PID: 79 Comm: grep Tainted: G        W       3.19.0-rc5-next-20150122-00002-g2ade5cea1b05 #1
[   22.248535] Hardware name: Generic OMAP3-GP (Flattened Device Tree)
[   22.255157] [<c001545c>] (unwind_backtrace) from [<c0011a74>] (show_stack+0x10/0x14)
[   22.263366] [<c0011a74>] (show_stack) from [<c0586860>] (dump_stack+0x78/0x94)
[   22.271026] [<c0586860>] (dump_stack) from [<c003dc34>] (warn_slowpath_common+0x7c/0xb4)
[   22.279571] [<c003dc34>] (warn_slowpath_common) from [<c003dc88>] (warn_slowpath_null+0x1c/0x24)
[   22.288848] [<c003dc88>] (warn_slowpath_null) from [<c012f004>] (exit_mmap+0x1a8/0x21c)
[   22.297271] [<c012f004>] (exit_mmap) from [<c003b31c>] (mmput+0x44/0xec)
[   22.304382] [<c003b31c>] (mmput) from [<c00401e8>] (do_exit+0x2b4/0x9b8)
[   22.311462] [<c00401e8>] (do_exit) from [<c0040960>] (do_group_exit+0x48/0xbc)
[   22.319091] [<c0040960>] (do_group_exit) from [<c00409e4>] (__wake_up_parent+0x0/0x18)
[   22.327423] ---[ end trace d7c769522ea4dbc2 ]---
[   22.340942] ------------[ cut here ]------------
[   22.345886] WARNING: CPU: 0 PID: 80 at mm/mmap.c:2859 exit_mmap+0x1a8/0x21c()
[   22.353485] Modules linked in:
[   22.356750] CPU: 0 PID: 80 Comm: rc Tainted: G        W       3.19.0-rc5-next-20150122-00002-g2ade5cea1b05 #1
[   22.367218] Hardware name: Generic OMAP3-GP (Flattened Device Tree)
[   22.373901] [<c001545c>] (unwind_backtrace) from [<c0011a74>] (show_stack+0x10/0x14)
[   22.382080] [<c0011a74>] (show_stack) from [<c0586860>] (dump_stack+0x78/0x94)
[   22.389739] [<c0586860>] (dump_stack) from [<c003dc34>] (warn_slowpath_common+0x7c/0xb4)
[   22.398315] [<c003dc34>] (warn_slowpath_common) from [<c003dc88>] (warn_slowpath_null+0x1c/0x24)
[   22.407592] [<c003dc88>] (warn_slowpath_null) from [<c012f004>] (exit_mmap+0x1a8/0x21c)
[   22.416015] [<c012f004>] (exit_mmap) from [<c003b31c>] (mmput+0x44/0xec)
[   22.423126] [<c003b31c>] (mmput) from [<c01524e8>] (flush_old_exec+0x300/0x5a4)
[   22.430847] [<c01524e8>] (flush_old_exec) from [<c0196dac>] (load_elf_binary+0x2ec/0x1144)
[   22.439605] [<c0196dac>] (load_elf_binary) from [<c0152020>] (search_binary_handler+0x88/0x1ac)
[   22.448791] [<c0152020>] (search_binary_handler) from [<c015308c>] (do_execveat_common+0x538/0x6c4)
[   22.458312] [<c015308c>] (do_execveat_common) from [<c0153244>] (do_execve+0x2c/0x34)
[   22.466552] [<c0153244>] (do_execve) from [<c000e5e0>] (ret_fast_syscall+0x0/0x4c)
[   22.474548] ---[ end trace d7c769522ea4dbc3 ]---
[   22.490692] ------------[ cut here ]------------
[   22.495605] WARNING: CPU: 0 PID: 80 at mm/mmap.c:2859 exit_mmap+0x1a8/0x21c()
[   22.503265] Modules linked in:
[   22.506500] CPU: 0 PID: 80 Comm: mount Tainted: G        W       3.19.0-rc5-next-20150122-00002-g2ade5cea1b05 #1
[   22.517242] Hardware name: Generic OMAP3-GP (Flattened Device Tree)
[   22.523895] [<c001545c>] (unwind_backtrace) from [<c0011a74>] (show_stack+0x10/0x14)
[   22.532104] [<c0011a74>] (show_stack) from [<c0586860>] (dump_stack+0x78/0x94)
[   22.539764] [<c0586860>] (dump_stack) from [<c003dc34>] (warn_slowpath_common+0x7c/0xb4)
[   22.548309] [<c003dc34>] (warn_slowpath_common) from [<c003dc88>] (warn_slowpath_null+0x1c/0x24)
[   22.557586] [<c003dc88>] (warn_slowpath_null) from [<c012f004>] (exit_mmap+0x1a8/0x21c)
[   22.566009] [<c012f004>] (exit_mmap) from [<c003b31c>] (mmput+0x44/0xec)
[   22.573120] [<c003b31c>] (mmput) from [<c00401e8>] (do_exit+0x2b4/0x9b8)
[   22.580200] [<c00401e8>] (do_exit) from [<c0040960>] (do_group_exit+0x48/0xbc)
[   22.587860] [<c0040960>] (do_group_exit) from [<c00409e4>] (__wake_up_parent+0x0/0x18)
[   22.596160] ---[ end trace d7c769522ea4dbc4 ]---
[   22.604888] ------------[ cut here ]------------
[   22.609985] WARNING: CPU: 0 PID: 76 at mm/mmap.c:2859 exit_mmap+0x1a8/0x21c()
