- 05:47:09 [INFO] Starting target session
- 05:47:09 [INFO] Connected to beagleboard via serial 
- 05:47:09 [INFO] Host: #check prompt
- 05:47:12 [ERROR] On command: #check prompt waiting for #check prompt.+?(?-mix:((?-mix:.*\s+login)|[Pp]assword)) >>> error: execution expired
- 05:47:12 [INFO] Target: 
#check prompt
root@beagleboard:/test# 
- 05:47:12 [INFO] Host: #check prompt
- 05:47:12 [INFO] Target: 
#check prompt
root@beagleboard:/test# 
- 05:47:12 [INFO] Host: sync;poweroff
- 05:47:26 [INFO] Target: 
sync;poweroff
INIT: Switching to runlevel: 0
Broadcast message from root@beagleboard (ttyO2) (Thu Apr 16 02:3
INIT: Sending processes the TERM signal
root@beagleboard:/test# 
INIT: Sending processeStopping syslogd/klogd: stopped syslogd (pid 1170)
stopped klogd (pid 1173)
done
Deconfiguring network interfaces... ifdown: interface eth0 not configured
ifdown: interface usb0 not configured
done.
Sending all processes the TERM signal...
Sending all processes the KILL signal...
Unmounting remote filesystems...
Deactivating swap...
Unmounting local filesystems...
[ 2866.150909] reboot: System halted
- 05:47:26 [INFO] Disconnected serial from beagleboard
- 05:48:06 [INFO] Connected to beagleboard via serial 
- 05:48:06 [INFO] Host: 
- 05:48:07 [INFO] Target: 
U-Boot# 
- 05:48:07 [INFO] Host: 
- 05:48:07 [INFO] Target: 
U-Boot# 
U-Boot# 
U-Boot# 
U-Boot# 
U-Boot# 
- 05:48:07 [INFO] Host: version
- 05:48:07 [INFO] Target: 
version
U-Boot 2014.10-00004-g9ade0ab (Dec 05 2014 - 14:01:52)
arm-linux-gnueabi-gcc (Ubuntu/Linaro 4.6.3-1ubuntu5) 4.6.3
GNU ld (GNU Binutils for Ubuntu) 2.22
U-Boot# 
- 05:48:07 [INFO] Host: setenv bootargs 'console=ttyO2,115200n8  earlyprintk rootwait '
- 05:48:07 [INFO] Target: 
setenv bootargs 'console=ttyO2,115200n8  earlyprintk rootwait '
U-Boot# 
- 05:48:07 [INFO] Host: setenv bootcmd  ''
- 05:48:07 [INFO] Target: 
setenv bootcmd  ''
U-Boot# 
- 05:48:07 [INFO] Host: setenv autoload 'no'
- 05:48:07 [INFO] Target: 
setenv autoload 'no'
U-Boot# 
- 05:48:07 [INFO] Host: setenv serverip '192.168.1.254'
- 05:48:07 [INFO] Target: 
setenv serverip '192.168.1.254'
U-Boot# 
- 05:48:07 [INFO] Host: setenv mmcdev ' '
- 05:48:07 [INFO] Target: 
setenv mmcdev ' '
U-Boot# 
- 05:48:07 [INFO] Host: printenv
- 05:48:08 [INFO] Target: 
printenv
arch=arm
autoload=no
baudrate=115200
beaglerev=xMC
board=beagle
board_name=beagle
bootargs=console=ttyO2,115200n8  earlyprintk rootwait 
bootcmd=
bootdelay=1
bootdir=/boot
bootenv=uEnv.txt
bootfile=uImage
bootm_size=0x08000000
bootpart=0:2
bootscript=echo Running bootscript from mmc${mmcdev} ...; source ${loadaddr}
buddy=none
camera=none
console=ttyO2,115200n8
cpu=armv7
defaultdisplay=dvi
dieid#=586000029ff80000016830101700b01f
dvimode=640x480MR-16@60
ethact=usb_ether
fdtaddr=0x80f80000
findfdt=if test $beaglerev = AxBx; then setenv fdtfile omap3-beagle.dtb; fi; if test $beaglerev = Cx; then setenv fdtfile omap3-beagle.dtb; fi; if test $beaglerev = C4; then setenv fdtfile omap3-beagle.dtb; fi; if test $beaglerev = xMAB; then setenv fdtfile omap3-beagle-xm-ab.dtb; fi; if test $beaglerev = xMC; then setenv fdtfile omap3-beagle-xm.dtb; fi; if test $fdtfile = undefined; then echo WARNING: Could not determine device tree to use; fi; 
importbootenv=echo Importing environment from mmc ...; env import -t -r $loadaddr $filesize
loadaddr=0x80200000
loadbootenv=fatload mmc ${mmcdev} ${loadaddr} ${bootenv}
loadbootscript=load mmc ${mmcdev} ${loadaddr} boot.scr
loadfdt=run validatefdt; load mmc ${bootpart} ${fdtaddr} ${bootdir}/${fdtfile}
loadimage=load mmc ${bootpart} ${loadaddr} ${bootdir}/${bootfile}
loadramdisk=load mmc ${bootpart} ${rdaddr} ${bootdir}/${ramdisk}
mmcargs=setenv bootargs console=${console} ${optargs} mpurate=${mpurate} buddy=${buddy} camera=${camera} vram=${vram} omapfb.mode=dvi:${dvimode} omapdss.def_disp=${defaultdisplay} root=${mmcroot} rootfstype=${mmcrootfstype}
mmcboot=echo Booting from mmc ...; run mmcargs; bootm ${loadaddr}
mmcbootz=echo Booting with DT from mmc${mmcdev} ...; run mmcargs; bootz ${loadaddr} - ${fdtaddr}
mmcdev= 
mmcroot=/dev/mmcblk0p2 rw
mmcrootfstype=ext3 rootwait
mpurate=auto
nandargs=setenv bootargs console=${console} ${optargs} mpurate=${mpurate} buddy=${buddy} camera=${camera} vram=${vram} omapfb.mode=dvi:${dvimode} omapdss.def_disp=${defaultdisplay} root=${nandroot} rootfstype=${nandrootfstype}
nandboot=echo Booting from nand ...; run nandargs; nand read ${loadaddr} 280000 400000; bootm ${loadaddr}
nandroot=ubi0:rootfs ubi.mtd=4
nandrootfstype=ubifs
ramargs=setenv bootargs console=${console} ${optargs} mpurate=${mpurate} buddy=${buddy} vram=${vram} omapfb.mode=dvi:${dvimode} omapdss.def_disp=${defaultdisplay} root=${ramroot} rootfstype=${ramrootfstype}
ramboot=echo Booting from ramdisk ...; run ramargs; bootm ${loadaddr}
ramdisk=ramdisk.gz
ramroot=/dev/ram0 rw ramdisk_size=65536 initrd=0x81000000,64M
ramrootfstype=ext2
rdaddr=0x81000000
serverip=192.168.1.254
soc=omap3
stderr=serial
stdin=serial
stdout=serial
usbethaddr=02:1f:10:00:02:00
usbtty=cdc_acm
userbutton=if gpio input 173; then run userbutton_xm; else run userbutton_nonxm; fi;
userbutton_nonxm=gpio input 7;
userbutton_xm=gpio input 4;
validatefdt=if test $beaglerev = xMAB; then if test ! -e mmc ${bootpart} ${bootdir}/${fdtfile}; then setenv fdtfile omap3-beagle-xm.dtb; fi; fi; 
vendor=ti
ver=U-Boot 2014.10-00004-g9ade0ab (Dec 05 2014 - 14:01:52)
vram=12M
Environment size: 3233/131068 bytes
U-Boot# 
- 05:48:08 [INFO] Host: dcache off
- 05:48:08 [INFO] Target: 
dcache off
U-Boot# 
- 05:48:08 [INFO] Host: usb start
- 05:48:12 [INFO] Target: 
usb start
(Re)start USB...
USB0:   USB EHCI 1.00
scanning bus 0 for devices... 3 USB Device(s) found
       scanning usb for storage devices... 0 Storage Device(s) found
       scanning usb for ethernet devices... 1 Ethernet Device(s) found
U-Boot# 
- 05:48:12 [INFO] Host: printenv
- 05:48:12 [INFO] Target: 
printenv
arch=arm
autoload=no
baudrate=115200
beaglerev=xMC
board=beagle
board_name=beagle
bootargs=console=ttyO2,115200n8  earlyprintk rootwait 
bootcmd=
bootdelay=1
bootdir=/boot
bootenv=uEnv.txt
bootfile=uImage
bootm_size=0x08000000
bootpart=0:2
bootscript=echo Running bootscript from mmc${mmcdev} ...; source ${loadaddr}
buddy=none
camera=none
console=ttyO2,115200n8
cpu=armv7
defaultdisplay=dvi
dieid#=586000029ff80000016830101700b01f
dvimode=640x480MR-16@60
ethact=usb_ether
fdtaddr=0x80f80000
findfdt=if test $beaglerev = AxBx; then setenv fdtfile omap3-beagle.dtb; fi; if test $beaglerev = Cx; then setenv fdtfile omap3-beagle.dtb; fi; if test $beaglerev = C4; then setenv fdtfile omap3-beagle.dtb; fi; if test $beaglerev = xMAB; then setenv fdtfile omap3-beagle-xm-ab.dtb; fi; if test $beaglerev = xMC; then setenv fdtfile omap3-beagle-xm.dtb; fi; if test $fdtfile = undefined; then echo WARNING: Could not determine device tree to use; fi; 
importbootenv=echo Importing environment from mmc ...; env import -t -r $loadaddr $filesize
loadaddr=0x80200000
loadbootenv=fatload mmc ${mmcdev} ${loadaddr} ${bootenv}
loadbootscript=load mmc ${mmcdev} ${loadaddr} boot.scr
loadfdt=run validatefdt; load mmc ${bootpart} ${fdtaddr} ${bootdir}/${fdtfile}
loadimage=load mmc ${bootpart} ${loadaddr} ${bootdir}/${bootfile}
loadramdisk=load mmc ${bootpart} ${rdaddr} ${bootdir}/${ramdisk}
mmcargs=setenv bootargs console=${console} ${optargs} mpurate=${mpurate} buddy=${buddy} camera=${camera} vram=${vram} omapfb.mode=dvi:${dvimode} omapdss.def_disp=${defaultdisplay} root=${mmcroot} rootfstype=${mmcrootfstype}
mmcboot=echo Booting from mmc ...; run mmcargs; bootm ${loadaddr}
mmcbootz=echo Booting with DT from mmc${mmcdev} ...; run mmcargs; bootz ${loadaddr} - ${fdtaddr}
mmcdev= 
mmcroot=/dev/mmcblk0p2 rw
mmcrootfstype=ext3 rootwait
mpurate=auto
nandargs=setenv bootargs console=${console} ${optargs} mpurate=${mpurate} buddy=${buddy} camera=${camera} vram=${vram} omapfb.mode=dvi:${dvimode} omapdss.def_disp=${defaultdisplay} root=${nandroot} rootfstype=${nandrootfstype}
nandboot=echo Booting from nand ...; run nandargs; nand read ${loadaddr} 280000 400000; bootm ${loadaddr}
nandroot=ubi0:rootfs ubi.mtd=4
nandrootfstype=ubifs
ramargs=setenv bootargs console=${console} ${optargs} mpurate=${mpurate} buddy=${buddy} vram=${vram} omapfb.mode=dvi:${dvimode} omapdss.def_disp=${defaultdisplay} root=${ramroot} rootfstype=${ramrootfstype}
ramboot=echo Booting from ramdisk ...; run ramargs; bootm ${loadaddr}
ramdisk=ramdisk.gz
ramroot=/dev/ram0 rw ramdisk_size=65536 initrd=0x81000000,64M
ramrootfstype=ext2
rdaddr=0x81000000
serverip=192.168.1.254
soc=omap3
stderr=serial
stdin=serial
stdout=serial
usbethaddr=02:1f:10:00:02:00
usbtty=cdc_acm
userbutton=if gpio input 173; then run userbutton_xm; else run userbutton_nonxm; fi;
userbutton_nonxm=gpio input 7;
userbutton_xm=gpio input 4;
validatefdt=if test $beaglerev = xMAB; then if test ! -e mmc ${bootpart} ${bootdir}/${fdtfile}; then setenv fdtfile omap3-beagle-xm.dtb; fi; fi; 
vendor=ti
ver=U-Boot 2014.10-00004-g9ade0ab (Dec 05 2014 - 14:01:52)
vram=12M
Environment size: 3233/131068 bytes
U-Boot# 
- 05:48:12 [INFO] Host: setenv bootargs ''${bootargs}' ip=:::::eth0:dhcp '
- 05:48:12 [INFO] Target: 
setenv bootargs ''${bootargs}' ip=:::::eth0:dhcp '
U-Boot# 
- 05:48:12 [INFO] Host: setenv serverip '192.168.1.254'
- 05:48:12 [INFO] Target: 
setenv serverip '192.168.1.254'
U-Boot# 
- 05:48:12 [INFO] Host: setenv ipaddr dhcp
- 05:48:13 [INFO] Target: 
setenv ipaddr dhcp
U-Boot# 
- 05:48:13 [INFO] Host: setenv autoload 'no'
- 05:48:13 [INFO] Target: 
setenv autoload 'no'
U-Boot# 
- 05:48:13 [INFO] Host: dhcp
- 05:48:15 [INFO] Target: 
dhcp
ERROR: Need valid 'usbnet_devaddr' to be set
at drivers/usb/gadget/ether.c:2357/usb_eth_init()
Waiting for Ethernet connection... done.
BOOTP broadcast 1
BOOTP broadcast 2
DHCP client bound to address 192.168.1.151 (1051 ms)
U-Boot# 
- 05:48:15 [INFO] Host: setenv serverip '192.168.1.254'
- 05:48:15 [INFO] Target: 
setenv serverip '192.168.1.254'
U-Boot# 
- 05:48:15 [INFO] Host: tftp ${loadaddr} 192.168.1.254:vatf_2/500dfb7a222d7627902c28c28e5e6322
- 05:48:20 [INFO] Target: 
tftp ${loadaddr} 192.168.1.254:vatf_2/500dfb7a222d7627902c28c28e5e6322
Waiting for Ethernet connection... done.
Using sms0 device
TFTP from server 192.168.1.254; our IP address is 192.168.1.151
Filename 'vatf_2/500dfb7a222d7627902c28c28e5e6322'.
Load address: 0x80200000
Loading: *#################################################################
	 #################################################################
	 #################################################################
	 #######################################
	 1.4 MiB/s
done
Bytes transferred = 3428848 (3451f0 hex)
U-Boot# 
- 05:48:20 [INFO] Host: tftp ${fdtaddr} 192.168.1.254:vatf_2/54fff92a7f35d15e89f1020babe9b56f
- 05:48:21 [INFO] Target: 
tftp ${fdtaddr} 192.168.1.254:vatf_2/54fff92a7f35d15e89f1020babe9b56f
Waiting for Ethernet connection... done.
Using sms0 device
TFTP from server 192.168.1.254; our IP address is 192.168.1.151
Filename 'vatf_2/54fff92a7f35d15e89f1020babe9b56f'.
Load address: 0x80f80000
Loading: *#####
	 1.3 MiB/s
done
Bytes transferred = 63200 (f6e0 hex)
U-Boot# 
- 05:48:21 [INFO] Host: ls mmc 0:1
- 05:48:22 [INFO] Target: 
ls mmc 0:1
    50564   mlo 
   392660   u-boot.img 
        4   ws-calibrate.rules 
3 file(s), 0 dir(s)
U-Boot# 
- 05:48:22 [INFO] Host: ls mmc 0:2
- 05:48:22 [INFO] Target: 
ls mmc 0:2
<DIR>       4096 .
<DIR>       4096 ..
<DIR>      16384 lost+found
<DIR>       4096 bin
<DIR>       4096 boot
<SYM>         37 cpufreq
<SYM>         37 cpuidle
<DIR>       4096 dev
<DIR>       4096 etc
<DIR>       4096 home
<DIR>       4096 lib
<DIR>       4096 media
<DIR>       4096 mnt
<DIR>       4096 opt
<DIR>       4096 proc
<SYM>          8 run
<DIR>       4096 sbin
<DIR>       4096 srv
<DIR>       4096 sys
<SYM>          8 tmp
<DIR>       4096 usr
<DIR>       4096 var
<DIR>       4096 www
<DIR>       4096 test
U-Boot# 
- 05:48:22 [INFO] Host: part uuid mmc 0:2
- 05:48:22 [INFO] Target: 
part uuid mmc 0:2
Unknown command 'part' - try 'help'
U-Boot# 
- 05:48:22 [INFO] Host: printenv
- 05:48:22 [INFO] Target: 
printenv
arch=arm
autoload=no
baudrate=115200
beaglerev=xMC
board=beagle
board_name=beagle
bootargs=console=ttyO2,115200n8  earlyprintk rootwait  ip=:::::eth0:dhcp 
bootcmd=
bootdelay=1
bootdir=/boot
bootenv=uEnv.txt
bootfile=uImage
bootm_size=0x08000000
bootpart=0:2
bootscript=echo Running bootscript from mmc${mmcdev} ...; source ${loadaddr}
buddy=none
camera=none
console=ttyO2,115200n8
cpu=armv7
defaultdisplay=dvi
dieid#=586000029ff80000016830101700b01f
dnsip=192.0.2.2
dvimode=640x480MR-16@60
ethact=sms0
fdtaddr=0x80f80000
fileaddr=80f80000
filesize=f6e0
findfdt=if test $beaglerev = AxBx; then setenv fdtfile omap3-beagle.dtb; fi; if test $beaglerev = Cx; then setenv fdtfile omap3-beagle.dtb; fi; if test $beaglerev = C4; then setenv fdtfile omap3-beagle.dtb; fi; if test $beaglerev = xMAB; then setenv fdtfile omap3-beagle-xm-ab.dtb; fi; if test $beaglerev = xMC; then setenv fdtfile omap3-beagle-xm.dtb; fi; if test $fdtfile = undefined; then echo WARNING: Could not determine device tree to use; fi; 
gatewayip=192.168.1.254
importbootenv=echo Importing environment from mmc ...; env import -t -r $loadaddr $filesize
ipaddr=192.168.1.151
loadaddr=0x80200000
loadbootenv=fatload mmc ${mmcdev} ${loadaddr} ${bootenv}
loadbootscript=load mmc ${mmcdev} ${loadaddr} boot.scr
loadfdt=run validatefdt; load mmc ${bootpart} ${fdtaddr} ${bootdir}/${fdtfile}
loadimage=load mmc ${bootpart} ${loadaddr} ${bootdir}/${bootfile}
loadramdisk=load mmc ${bootpart} ${rdaddr} ${bootdir}/${ramdisk}
mmcargs=setenv bootargs console=${console} ${optargs} mpurate=${mpurate} buddy=${buddy} camera=${camera} vram=${vram} omapfb.mode=dvi:${dvimode} omapdss.def_disp=${defaultdisplay} root=${mmcroot} rootfstype=${mmcrootfstype}
mmcboot=echo Booting from mmc ...; run mmcargs; bootm ${loadaddr}
mmcbootz=echo Booting with DT from mmc${mmcdev} ...; run mmcargs; bootz ${loadaddr} - ${fdtaddr}
mmcdev= 
mmcroot=/dev/mmcblk0p2 rw
mmcrootfstype=ext3 rootwait
mpurate=auto
nandargs=setenv bootargs console=${console} ${optargs} mpurate=${mpurate} buddy=${buddy} camera=${camera} vram=${vram} omapfb.mode=dvi:${dvimode} omapdss.def_disp=${defaultdisplay} root=${nandroot} rootfstype=${nandrootfstype}
nandboot=echo Booting from nand ...; run nandargs; nand read ${loadaddr} 280000 400000; bootm ${loadaddr}
nandroot=ubi0:rootfs ubi.mtd=4
nandrootfstype=ubifs
netmask=255.255.255.0
ramargs=setenv bootargs console=${console} ${optargs} mpurate=${mpurate} buddy=${buddy} vram=${vram} omapfb.mode=dvi:${dvimode} omapdss.def_disp=${defaultdisplay} root=${ramroot} rootfstype=${ramrootfstype}
ramboot=echo Booting from ramdisk ...; run ramargs; bootm ${loadaddr}
ramdisk=ramdisk.gz
ramroot=/dev/ram0 rw ramdisk_size=65536 initrd=0x81000000,64M
ramrootfstype=ext2
rdaddr=0x81000000
serverip=192.168.1.254
soc=omap3
stderr=serial
stdin=serial
stdout=serial
usbethaddr=02:1f:10:00:02:00
usbtty=cdc_acm
userbutton=if gpio input 173; then run userbutton_xm; else run userbutton_nonxm; fi;
userbutton_nonxm=gpio input 7;
userbutton_xm=gpio input 4;
validatefdt=if test $beaglerev = xMAB; then if test ! -e mmc ${bootpart} ${bootdir}/${fdtfile}; then setenv fdtfile omap3-beagle-xm.dtb; fi; fi; 
vendor=ti
ver=U-Boot 2014.10-00004-g9ade0ab (Dec 05 2014 - 14:01:52)
vram=12M
Environment size: 3374/131068 bytes
U-Boot# 
- 05:48:22 [INFO] Host: setenv bootargs ''${bootargs}' root=/dev/mmcblk0p2 rw rootfstype=ext3 rootwait '
- 05:48:22 [INFO] Target: 
setenv bootargs ''${bootargs}' root=/dev/mmcblk0p2 rw rootfstype=ext3 rootwait '
U-Boot# 
- 05:48:22 [INFO] Host: printenv
- 05:48:23 [INFO] Target: 
printenv
arch=arm
autoload=no
baudrate=115200
beaglerev=xMC
board=beagle
board_name=beagle
bootargs=console=ttyO2,115200n8  earlyprintk rootwait  ip=:::::eth0:dhcp  root=/dev/mmcblk0p2 rw rootfstype=ext3 rootwait 
bootcmd=
bootdelay=1
bootdir=/boot
bootenv=uEnv.txt
bootfile=uImage
bootm_size=0x08000000
bootpart=0:2
bootscript=echo Running bootscript from mmc${mmcdev} ...; source ${loadaddr}
buddy=none
camera=none
console=ttyO2,115200n8
cpu=armv7
defaultdisplay=dvi
dieid#=586000029ff80000016830101700b01f
dnsip=192.0.2.2
dvimode=640x480MR-16@60
ethact=sms0
fdtaddr=0x80f80000
fileaddr=80f80000
filesize=f6e0
findfdt=if test $beaglerev = AxBx; then setenv fdtfile omap3-beagle.dtb; fi; if test $beaglerev = Cx; then setenv fdtfile omap3-beagle.dtb; fi; if test $beaglerev = C4; then setenv fdtfile omap3-beagle.dtb; fi; if test $beaglerev = xMAB; then setenv fdtfile omap3-beagle-xm-ab.dtb; fi; if test $beaglerev = xMC; then setenv fdtfile omap3-beagle-xm.dtb; fi; if test $fdtfile = undefined; then echo WARNING: Could not determine device tree to use; fi; 
gatewayip=192.168.1.254
importbootenv=echo Importing environment from mmc ...; env import -t -r $loadaddr $filesize
ipaddr=192.168.1.151
loadaddr=0x80200000
loadbootenv=fatload mmc ${mmcdev} ${loadaddr} ${bootenv}
loadbootscript=load mmc ${mmcdev} ${loadaddr} boot.scr
loadfdt=run validatefdt; load mmc ${bootpart} ${fdtaddr} ${bootdir}/${fdtfile}
loadimage=load mmc ${bootpart} ${loadaddr} ${bootdir}/${bootfile}
loadramdisk=load mmc ${bootpart} ${rdaddr} ${bootdir}/${ramdisk}
mmcargs=setenv bootargs console=${console} ${optargs} mpurate=${mpurate} buddy=${buddy} camera=${camera} vram=${vram} omapfb.mode=dvi:${dvimode} omapdss.def_disp=${defaultdisplay} root=${mmcroot} rootfstype=${mmcrootfstype}
mmcboot=echo Booting from mmc ...; run mmcargs; bootm ${loadaddr}
mmcbootz=echo Booting with DT from mmc${mmcdev} ...; run mmcargs; bootz ${loadaddr} - ${fdtaddr}
mmcdev= 
mmcroot=/dev/mmcblk0p2 rw
mmcrootfstype=ext3 rootwait
mpurate=auto
nandargs=setenv bootargs console=${console} ${optargs} mpurate=${mpurate} buddy=${buddy} camera=${camera} vram=${vram} omapfb.mode=dvi:${dvimode} omapdss.def_disp=${defaultdisplay} root=${nandroot} rootfstype=${nandrootfstype}
nandboot=echo Booting from nand ...; run nandargs; nand read ${loadaddr} 280000 400000; bootm ${loadaddr}
nandroot=ubi0:rootfs ubi.mtd=4
nandrootfstype=ubifs
netmask=255.255.255.0
ramargs=setenv bootargs console=${console} ${optargs} mpurate=${mpurate} buddy=${buddy} vram=${vram} omapfb.mode=dvi:${dvimode} omapdss.def_disp=${defaultdisplay} root=${ramroot} rootfstype=${ramrootfstype}
ramboot=echo Booting from ramdisk ...; run ramargs; bootm ${loadaddr}
ramdisk=ramdisk.gz
ramroot=/dev/ram0 rw ramdisk_size=65536 initrd=0x81000000,64M
ramrootfstype=ext2
rdaddr=0x81000000
serverip=192.168.1.254
soc=omap3
stderr=serial
stdin=serial
stdout=serial
usbethaddr=02:1f:10:00:02:00
usbtty=cdc_acm
userbutton=if gpio input 173; then run userbutton_xm; else run userbutton_nonxm; fi;
userbutton_nonxm=gpio input 7;
userbutton_xm=gpio input 4;
validatefdt=if test $beaglerev = xMAB; then if test ! -e mmc ${bootpart} ${bootdir}/${fdtfile}; then setenv fdtfile omap3-beagle-xm.dtb; fi; fi; 
vendor=ti
ver=U-Boot 2014.10-00004-g9ade0ab (Dec 05 2014 - 14:01:52)
vram=12M
Environment size: 3423/131068 bytes
U-Boot# 
- 05:48:23 [INFO] Host: setenv bootcmd ''${bootcmd}' if iminfo ${loadaddr}; then bootm ${loadaddr} - ${fdtaddr}; else bootz ${loadaddr} - ${fdtaddr}; bootm ${loadaddr} - ${fdtaddr}; fi'
- 05:48:23 [INFO] Target: 
setenv bootcmd ''${bootcmd}' if iminfo ${loadaddr}; then bootm ${loadaddr} - ${fdtaddr}; else bootz ${loadaddr} - ${fdtaddr}; bootm ${loadaddr} - ${fdtaddr}; fi'
U-Boot# 
- 05:48:23 [INFO] Host: bdinfo
- 05:48:23 [INFO] Target: 
bdinfo
arch_number = 0x0000060A
boot_params = 0x80000100
DRAM bank   = 0x00000000
-> start    = 0x80000000
-> size     = 0x10000000
DRAM bank   = 0x00000001
-> start    = 0x90000000
-> size     = 0x10000000
eth0name    = usb_ether
ethaddr     = (not set)
eth1name    = sms0
eth1addr    = (not set)
current eth = sms0
ip_addr     = 192.168.1.151
baudrate    = 115200 bps
TLB addr    = 0x9FFF0000
relocaddr   = 0x9FF4C000
reloc off   = 0x1FE4C000
irq_sp      = 0x9EF2BEE0
sp start    = 0x9EF2BED0
U-Boot# 
- 05:48:23 [INFO] Host: mmc rescan
- 05:48:23 [INFO] Target: 
mmc rescan
U-Boot# 
- 05:48:23 [INFO] Host: fatwrite mmc ${mmcdev}:1 ${loadaddr} ws-calibrate.rules 4
- 05:48:23 [INFO] Target: 
fatwrite mmc ${mmcdev}:1 ${loadaddr} ws-calibrate.rules 4
writing ws-calibrate.rules
4 bytes written
U-Boot# 
- 05:48:23 [INFO] Host: boot
- 05:50:53 [ERROR] On command: boot waiting for boot.+?(?-mix:.*\s+login) >>> error: execution expired
- 05:50:53 [INFO] Target: 
boot
## Checking Image at 80200000 ...
Unknown image format!
Kernel image @ 0x80200000 [ 0x000000 - 0x3451f0 ]
## Flattened Device Tree blob at 80f80000
   Booting using the fdt blob at 0x80f80000
   Loading Device Tree to 87fed000, end 87fff6df ... OK
Starting kernel ...
[    0.000000] Booting Linux on physical CPU 0x0
[    0.000000] Initializing cgroup subsys cpuset
[    0.000000] Initializing cgroup subsys cpu
[    0.000000] Initializing cgroup subsys cpuacct
[    0.000000] Linux version 4.1.0-rc4-next-20150519-00002-gd788518b4c14 (nmenon@kahuna) (gcc version 4.6.3 (Ubuntu/Linaro 4.6.3-1ubuntu5) ) #1 SMP Tue May 19 05:43:24 CDT 2015
[    0.000000] CPU: ARMv7 Processor [413fc082] revision 2 (ARMv7), cr=10c5387d
[    0.000000] CPU: PIPT / VIPT nonaliasing data cache, VIPT aliasing instruction cache
[    0.000000] Machine model: TI OMAP3 BeagleBoard xM
[    0.000000] cma: Reserved 16 MiB at 0x9e800000
[    0.000000] Memory policy: Data cache writeback
[    0.000000] CPU: All CPU(s) started in SVC mode.
[    0.000000] OMAP3630 ES1.2 (l2cache iva sgx neon isp 192mhz_clk )
[    0.000000] PERCPU: Embedded 13 pages/cpu @df9f6000 s22912 r8192 d22144 u53248
[    0.000000] Built 1 zonelists in Zone order, mobility grouping on.  Total pages: 129664
[    0.000000] Kernel command line: console=ttyO2,115200n8  earlyprintk rootwait  ip=:::::eth0:dhcp  root=/dev/mmcblk0p2 rw rootfstype=ext3 rootwait 
[    0.000000] PID hash table entries: 2048 (order: 1, 8192 bytes)
[    0.000000] Dentry cache hash table entries: 65536 (order: 6, 262144 bytes)
[    0.000000] Inode-cache hash table entries: 32768 (order: 5, 131072 bytes)
[    0.000000] Memory: 483420K/523264K available (6241K kernel code, 746K rwdata, 2172K rodata, 440K init, 8220K bss, 23460K reserved, 16384K cma-reserved, 0K highmem)
[    0.000000] Virtual kernel memory layout:
[    0.000000]     vector  : 0xffff0000 - 0xffff1000   (   4 kB)
[    0.000000]     fixmap  : 0xffc00000 - 0xfff00000   (3072 kB)
[    0.000000]     vmalloc : 0xe0800000 - 0xff000000   ( 488 MB)
[    0.000000]     lowmem  : 0xc0000000 - 0xe0000000   ( 512 MB)
[    0.000000]     pkmap   : 0xbfe00000 - 0xc0000000   (   2 MB)
[    0.000000]     modules : 0xbf000000 - 0xbfe00000   (  14 MB)
[    0.000000]       .text : 0xc0008000 - 0xc083f714   (8414 kB)
[    0.000000]       .init : 0xc0840000 - 0xc08ae000   ( 440 kB)
[    0.000000]       .data : 0xc08ae000 - 0xc09688e0   ( 747 kB)
[    0.000000]        .bss : 0xc096b000 - 0xc1172348   (8221 kB)
[    0.000000] Running RCU self tests
[    0.000000] Hierarchical RCU implementation.
[    0.000000] 	RCU lockdep checking is enabled.
[    0.000000] 	Additional per-CPU info printed with stalls.
[    0.000000] 	Build-time adjustment of leaf fanout to 32.
[    0.000000] 	RCU restricting CPUs from NR_CPUS=2 to nr_cpu_ids=1.
[    0.000000] RCU: Adjusting geometry for rcu_fanout_leaf=32, nr_cpu_ids=1
[    0.000000] NR_IRQS:16 nr_irqs:16 16
[    0.000000] IRQ: Found an INTC at 0xfa200000 (revision 4.0) with 96 interrupts
[    0.000000] Clocking rate (Crystal/Core/MPU): 26.0/400/600 MHz
[    0.000000] OMAP clockevent source: timer1 at 32768 Hz
[    0.000000] clocksource 32k_counter: mask: 0xffffffff max_cycles: 0xffffffff, max_idle_ns: 58327039986419 ns
[    0.000000] sched_clock: 32 bits at 32kHz, resolution 30517ns, wraps every 65535999984741ns
[    0.000030] OMAP clocksource: 32k_counter at 32768 Hz
[    0.001281] Console: colour dummy device 80x30
[    0.001342] Lock dependency validator: Copyright (c) 2006 Red Hat, Inc., Ingo Molnar
[    0.001373] ... MAX_LOCKDEP_SUBCLASSES:  8
[    0.001373] ... MAX_LOCK_DEPTH:          48
[    0.001403] ... MAX_LOCKDEP_KEYS:        8191
[    0.001403] ... CLASSHASH_SIZE:          4096
[    0.001434] ... MAX_LOCKDEP_ENTRIES:     32768
[    0.001434] ... MAX_LOCKDEP_CHAINS:      65536
[    0.001434] ... CHAINHASH_SIZE:          32768
[    0.001464]  memory used by lock dependency info: 5167 kB
[    0.001464]  per task-struct memory footprint: 1152 bytes
[    0.001495] Calibrating delay loop... 594.73 BogoMIPS (lpj=2973696)
[    0.107330] pid_max: default: 32768 minimum: 301
[    0.107879] Security Framework initialized
[    0.108093] Mount-cache hash table entries: 1024 (order: 0, 4096 bytes)
[    0.108123] Mountpoint-cache hash table entries: 1024 (order: 0, 4096 bytes)
[    0.112548] Initializing cgroup subsys blkio
[    0.112609] Initializing cgroup subsys memory
[    0.112731] Initializing cgroup subsys devices
[    0.112854] Initializing cgroup subsys freezer
[    0.113037] Initializing cgroup subsys perf_event
[    0.113159] CPU: Testing write buffer coherency: ok
[    0.115142] CPU0: thread -1, cpu 0, socket -1, mpidr 0
[    0.115295] Setting up static identity map for 0x80008280 - 0x800082f0
[    0.121978] Brought up 1 CPUs
[    0.122009] SMP: Total of 1 processors activated (594.73 BogoMIPS).
[    0.122009] CPU: All CPU(s) started in SVC mode.
[    0.126739] devtmpfs: initialized
[    0.139709] VFP support v0.3: implementor 41 architecture 3 part 30 variant c rev 3
[    0.229492] omap_hwmod: mcbsp2_sidetone using broken dt data from mcbsp
[    0.232025] omap_hwmod: mcbsp3_sidetone using broken dt data from mcbsp
[    0.357116] clocksource jiffies: mask: 0xffffffff max_cycles: 0xffffffff, max_idle_ns: 19112604462750000 ns
[    0.360260] pinctrl core: initialized pinctrl subsystem
[    0.473754] NET: Registered protocol family 16
[    0.483215] DMA: preallocated 256 KiB pool for atomic coherent allocations
[    0.486328] cpuidle: using governor ladder
[    0.486358] cpuidle: using governor menu
[    0.487243] Reprogramming SDRC clock to 400000000 Hz
[    0.500915] omap_gpio 48310000.gpio: could not find pctldev for node /ocp/l4@48000000/scm@2000/pinmux@a00/pinmux_gpio1_pins, deferring probe
[    0.504943] OMAP GPIO hardware version 2.5
[    0.519470] irq: no irq domain found for /ocp/l4@48000000/scm@2000/pinmux@30 !
[    0.547058] omap-gpmc 6e000000.gpmc: GPMC revision 5.0
[    0.550140] platform 48058000.ssi-controller: Cannot lookup hwmod 'ssi'
[    0.562408] No ATAGs?
[    0.562438] hw-breakpoint: debug architecture 0x4 unsupported.
[    0.566925] OMAP DMA hardware revision 5.0
[    0.620391] omap-dma-engine 48056000.dma-controller: OMAP DMA engine driver
[    0.627716] SCSI subsystem initialized
[    0.635070] omap_i2c 48070000.i2c: bus 0 rev4.4 at 2600 kHz
[    0.637207] omap_i2c 48072000.i2c: bus 1 rev4.4 at 400 kHz
[    0.638977] omap_i2c 48060000.i2c: bus 2 rev4.4 at 100 kHz
[    0.645690] Switched to clocksource 32k_counter
[    0.890472] NET: Registered protocol family 2
[    0.893188] TCP established hash table entries: 4096 (order: 2, 16384 bytes)
[    0.893493] TCP bind hash table entries: 4096 (order: 5, 147456 bytes)
[    0.895843] TCP: Hash tables configured (established 4096 bind 4096)
[    0.896179] UDP hash table entries: 256 (order: 2, 20480 bytes)
[    0.896514] UDP-Lite hash table entries: 256 (order: 2, 20480 bytes)
[    0.898040] NET: Registered protocol family 1
[    0.900543] RPC: Registered named UNIX socket transport module.
[    0.900573] RPC: Registered udp transport module.
[    0.900604] RPC: Registered tcp transport module.
[    0.900604] RPC: Registered tcp NFSv4.1 backchannel transport module.
[    0.906433] CPU PMU: Failed to parse /pmu/interrupt-affinity[0]
[    0.906585] hw perfevents: enabled with armv7_cortex_a8 PMU driver, 5 counters available
[    0.915283] futex hash table entries: 256 (order: 2, 16384 bytes)
[    0.915863] audit: initializing netlink subsys (disabled)
[    0.916198] audit: type=2000 audit(0.900:1): initialized
[    0.922515] VFS: Disk quotas dquot_6.6.0
[    0.922729] VFS: Dquot-cache hash table entries: 1024 (order 0, 4096 bytes)
[    0.926818] NFS: Registering the id_resolver key type
[    0.927398] Key type id_resolver registered
[    0.927429] Key type id_legacy registered
[    0.927703] jffs2: version 2.2. (NAND) (SUMMARY)   2001-2006 Red Hat, Inc.
[    0.934997] io scheduler noop registered
[    0.935058] io scheduler deadline registered
[    0.935119] io scheduler cfq registered (default)
[    0.939361] pinctrl-single 48002030.pinmux: 284 pins at pa fa002030 size 568
[    0.940185] pinctrl-single 48002a00.pinmux: 46 pins at pa fa002a00 size 92
[    0.941650] pinctrl-single 480025a0.pinmux: 46 pins at pa fa0025a0 size 92
[    0.949493] Serial: 8250/16550 driver, 4 ports, IRQ sharing enabled
[    0.959197] omap_uart 4806a000.serial: no wakeirq for uart0
[    0.960083] 4806a000.serial: ttyO0 at MMIO 0x4806a000 (irq = 88, base_baud = 3000000) is a OMAP UART0
[    0.962860] omap_uart 4806c000.serial: no wakeirq for uart1
[    0.963348] 4806c000.serial: ttyO1 at MMIO 0x4806c000 (irq = 89, base_baud = 3000000) is a OMAP UART1
[    0.966918] 49020000.serial: ttyO2 at MMIO 0x49020000 (irq = 90, base_baud = 3000000) is a OMAP UART2
[    1.771514] console [ttyO2] enabled
[    1.778198] omap_uart 49042000.serial: no wakeirq for uart3
[    1.784515] 49042000.serial: ttyO3 at MMIO 0x49042000 (irq = 96, base_baud = 3000000) is a OMAP UART3
[    1.839569] brd: module loaded
[    1.869537] loop: module loaded
[    1.904083] twl 0-0048: PIH (irq 23) chaining IRQs 307..315
[    1.910583] twl 0-0048: power (irq 312) chaining IRQs 315..322
[    1.983428] twl4030_gpio twl4030-gpio: gpio (irq 307) chaining IRQs 323..340
[    2.075592] mtdoops: mtd device (mtddev=name/number) must be supplied
[    2.100921] mousedev: PS/2 mouse device common for all mice
[    2.106964] i2c /dev entries driver
[    2.166809] ledtrig-cpu: registered to indicate activity on CPUs
[    2.175354] oprofile: using arm/armv7
[    2.180419] Initializing XFRM netlink socket
[    2.185150] NET: Registered protocol family 17
[    2.190032] NET: Registered protocol family 15
[    2.195251] Key type dns_resolver registered
[    2.200256] omap2_set_init_voltage: unable to find boot up OPP for vdd_mpu_iva
[    2.207946] omap2_set_init_voltage: unable to set vdd_mpu_iva
[    2.214050] omap2_set_init_voltage: unable to find boot up OPP for vdd_core
[    2.221435] omap2_set_init_voltage: unable to set vdd_core
[    2.232574] ThumbEE CPU extension supported.
[    2.237274] Registering SWP/SWPB emulation handler
[    2.242370] SmartReflex Class3 initialized
[    2.277648] hctosys: unable to open rtc device (rtc0)
[    2.283020] sr_init: No PMIC hook to init smartreflex
[    2.289062] smartreflex smartreflex.0: omap_sr_probe: SmartReflex driver initialized
[    2.298309] smartreflex smartreflex.1: omap_sr_probe: SmartReflex driver initialized
[    2.415740] mmc0: host does not support reading read-only switch, assuming write-enable
[    2.426361] mmc0: new high speed SDHC card at address 0001
[    2.435333] mmcblk0: mmc0:0001 00000 3.79 GiB 
[    2.446289]  mmcblk0: p1 p2
[   14.506134] hsusb2_vbus: disabling
[   14.510650] VPLL2: disabling
[   14.514648] VUSB3V1: disabling
[   14.519805] VDAC: disabling
[   14.523956] VAUX3: disabling
[   14.548034] kjournald starting.  Commit interval 5 seconds
[   14.564056] EXT3-fs (mmcblk0p2): using internal journal
[   14.569702] EXT3-fs (mmcblk0p2): mounted filesystem with ordered data mode
[   14.577178] VFS: Mounted root (ext3 filesystem) on device 179:2.
[   14.588897] devtmpfs: mounted
[   14.593139] Freeing unused kernel memory: 440K (c0840000 - c08ae000)
INIT: version 2.88 booting
Error opening /dev/fb0: No such file or directory
/dev/ttyO2 linked to /dev/tty-bd - using as console
Starting udev
[   16.071685] udevd[89]: starting version 182
[   18.926849] Unable to handle kernel NULL pointer dereference at virtual address 00000000
[   18.935394] pgd = dd100000
[   18.938415] [00000000] *pgd=9d0d2831, *pte=00000000, *ppte=00000000
[   18.945068] Internal error: Oops: 17 [#1] SMP ARM
[   18.950042] Modules linked in:
[   18.953277] CPU: 0 PID: 190 Comm: modprobe Not tainted 4.1.0-rc4-next-20150519-00002-gd788518b4c14 #1
[   18.963012] Hardware name: Generic OMAP36xx (Flattened Device Tree)
[   18.969604] task: dd0e4200 ti: dd0fc000 task.ti: dd0fc000
[   18.975311] PC is at __rb_erase_color+0xd0/0x268
[   18.980194] LR is at vma_adjust+0x110/0x5c0
[   18.984619] pc : [<c03504ec>]    lr : [<c0140cbc>]    psr: 60000013
[   18.984619] sp : dd0fde20  ip : 00000001  fp : 00000000
[   18.996734] r10: dd0c9a00  r9 : dd0c4ea0  r8 : c0137860
[   19.002227] r7 : dd11874c  r6 : 00000000  r5 : de595d94  r4 : dd15f970
[   19.009124] r3 : 00000000  r2 : 00000000  r1 : de595d94  r0 : dd15f970
[   19.015991] Flags: nZCv  IRQs on  FIQs on  Mode SVC_32  ISA ARM  Segment user
[   19.023529] Control: 10c5387d  Table: 9d100019  DAC: 00000015
[   19.029602] Process modprobe (pid: 190, stack limit = 0xdd0fc218)
[   19.036010] Stack: (0xdd0fde20 to 0xdd0fe000)
[   19.040618] de20: dd15fc80 dd118710 dd118920 dd11874c 00000000 c0140cbc dd0c1f50 00000000
[   19.049255] de40: 00000000 b6f99000 00000000 00000000 b6f97000 000b6f97 00000000 00000000
[   19.057891] de60: dd0e4200 dd11e8c8 dd118710 dd118710 b6f98000 b6f97000 00000875 00000001
[   19.066497] de80: 00000001 c01413c0 00000000 c08fba00 00000001 dd0c9a00 dd11e8c8 dd118728
[   19.075134] dea0: b6f97000 dd118720 b6f98000 dd0c9a00 dd11e8c8 00100073 00000001 c01426a8
[   19.083770] dec0: 00100073 00000000 00000000 000b6f97 00000000 b6fa0000 00000000 00000001
[   19.092407] dee0: 00000000 c0312138 befff000 00000003 dd0fdf64 00000000 dd0c9a00 00001000
[   19.101013] df00: 000b6f97 00000022 00000001 c0142e38 000b6f97 00000003 c08b15ac 00000000
[   19.109649] df20: 00000022 00000073 b6f9fc5c 00000000 00000000 00000003 00001000 00000000
[   19.118286] df40: 00000022 dd0c9a54 b6f9fc5c c012d540 00000022 00000000 dd0fdf64 c0088950
[   19.126922] df60: de6a0140 00000000 00000000 00000022 00000003 00001000 00000000 dd0fc000
[   19.135528] df80: 00000000 c0141618 00000022 00000000 ffffffff 00000000 00001000 000000c0
[   19.144165] dfa0: c000f5c4 c000f3e0 ffffffff 00000000 00000000 00001000 00000003 00000022
[   19.152801] dfc0: ffffffff 00000000 00001000 000000c0 b6f9edc8 00000000 b6f9fc5c b6f9fc5c
[   19.161437] dfe0: 00000000 beec592c b6f8faeb b6f90ee8 40000010 00000000 00000000 00000000
[   19.170074] [<c03504ec>] (__rb_erase_color) from [<c0140cbc>] (vma_adjust+0x110/0x5c0)
[   19.178436] [<c0140cbc>] (vma_adjust) from [<c01413c0>] (vma_merge+0xe4/0x25c)
[   19.186065] [<c01413c0>] (vma_merge) from [<c01426a8>] (mmap_region+0x160/0x610)
[   19.193847] [<c01426a8>] (mmap_region) from [<c0142e38>] (do_mmap_pgoff+0x2e0/0x388)
[   19.202026] [<c0142e38>] (do_mmap_pgoff) from [<c012d540>] (vm_mmap_pgoff+0x84/0xac)
[   19.210205] [<c012d540>] (vm_mmap_pgoff) from [<c0141618>] (SyS_mmap_pgoff+0x50/0x94)
[   19.218475] [<c0141618>] (SyS_mmap_pgoff) from [<c000f3e0>] (ret_fast_syscall+0x0/0x54)
[   19.226928] Code: e5946004 e1560002 1affffd2 e5946008 (e5963000) 
[   19.233489] ---[ end trace 3db982f587a9e338 ]---
[   19.260528] ------------[ cut here ]------------
[   19.265411] Kernel BUG at c0146010 [verbose debug info unavailable]
[   19.272033] Internal error: Oops - BUG: 0 [#2] SMP ARM
[   19.277435] Modules linked in:
[   19.280700] CPU: 0 PID: 204 Comm: udevd Tainted: G      D         4.1.0-rc4-next-20150519-00002-gd788518b4c14 #1
[   19.291412] Hardware name: Generic OMAP36xx (Flattened Device Tree)
[   19.298034] task: dd186f00 ti: dd0f2000 task.ti: dd0f2000
[   19.303741] PC is at unlink_anon_vmas+0x1b0/0x1fc
[   19.308715] LR is at kmem_cache_free+0x108/0x25c
[   19.313568] pc : [<c0146010>]    lr : [<c01529b0>]    psr: 200f0013
[   19.313568] sp : dd0f3dc8  ip : dd0f3da0  fp : 00100100
[   19.325683] r10: 00100100  r9 : 00200200  r8 : 00200200
[   19.331176] r7 : dd0cd11c  r6 : 00000000  r5 : dd0c3940  r4 : dd0c3960
[   19.338073] r3 : 0000002e  r2 : dd0cd114  r1 : 00000000  r0 : de595d40
[   19.344970] Flags: nzCv  IRQs on  FIQs on  Mode SVC_32  ISA ARM  Segment user
[   19.352478] Control: 10c5387d  Table: 9d130019  DAC: 00000015
[   19.358551] Process udevd (pid: 204, stack limit = 0xdd0f2218)
[   19.364685] Stack: (0xdd0f3dc8 to 0xdd0f4000)
[   19.369293] 3dc0:                   ddc4f53c dd0cd0e0 ddc4f564 dd0cd190 00002000 dd0f3e28
[   19.377929] 3de0: 00000000 dd0cd0e0 dd11d940 b6d89000 dd0a3a00 c013b514 b6d89000 c013d0bc
[   19.386535] 3e00: 00000000 dd0c1190 dd0f3e50 de6d4800 de753b00 de6d4800 dd18741c c01431a8
[   19.395172] 3e20: dd0c9400 c05eaf9c de6d4800 00000001 00000000 00000000 ffffffff 00000000
[   19.403808] 3e40: 00000000 00000122 00000400 dd1ae000 00000200 00000000 200f0013 de6d4854
[   19.412414] 3e60: de6d4800 00000000 dd0c9400 de753b00 de6d4800 00000000 dd0c9400 c003d204
[   19.421051] 3e80: 00000000 de6d4800 dd186f00 c0169fe4 000000e0 c01b2b40 dd0ca6c0 de753b00
[   19.429687] 3ea0: dd0ca6f4 dd0f3eb8 de7df000 dd11d940 00000001 c01b30c0 de753b00 00000080
[   19.438323] 3ec0: dd03f200 c008d4c0 00000001 00000000 00000000 c0169b28 00000000 c008d4c0
[   19.446929] 3ee0: 00000000 00000000 00000000 c090190c 00000001 fffffff8 c090190c c0904414
[   19.455566] 3f00: 00000000 00000001 c090190c de753b00 c090192c fffffff8 c090190c c0904430
[   19.464202] 3f20: 00000000 00000001 000000cc c0169b1c dd186f00 de579000 dd186f00 dd0cd6b8
[   19.472839] 3f40: de753b00 bee08060 0004abe8 c016ad90 00000000 00000000 c016acd8 de579000
[   19.481445] 3f60: dd0c9454 000000cc 00000000 00000000 00000000 ffffe5f8 0003193c 0004abe8
[   19.490081] 3f80: 0000000b c000f5c4 dd0f2000 00000000 00031900 c016afa0 00000000 ffffe5f8
[   19.498718] 3fa0: 0003193c c000f3e0 ffffe5f8 0003193c bee08260 bee08060 0004abe8 00000008
[   19.507354] 3fc0: ffffe5f8 0003193c 0004abe8 0000000b 00032008 bee07fe8 00000005 00031900
[   19.515960] 3fe0: 0000000b bee07f84 b6e68003 b6e11276 800f0030 bee08260 9fef6821 9fef6c21
[   19.524627] [<c0146010>] (unlink_anon_vmas) from [<c013b514>] (free_pgtables+0x78/0xc8)
[   19.533081] [<c013b514>] (free_pgtables) from [<c01431a8>] (exit_mmap+0xec/0x1dc)
[   19.540985] [<c01431a8>] (exit_mmap) from [<c003d204>] (mmput+0x44/0xec)
[   19.548065] [<c003d204>] (mmput) from [<c0169fe4>] (flush_old_exec+0x300/0x5a4)
[   19.555786] [<c0169fe4>] (flush_old_exec) from [<c01b30c0>] (load_elf_binary+0x278/0x10fc)
[   19.564514] [<c01b30c0>] (load_elf_binary) from [<c0169b1c>] (search_binary_handler+0x88/0x1ac)
[   19.573699] [<c0169b1c>] (search_binary_handler) from [<c016ad90>] (do_execveat_common+0x604/0x7e8)
[   19.583251] [<c016ad90>] (do_execveat_common) from [<c016afa0>] (do_execve+0x2c/0x34)
[   19.591522] [<c016afa0>] (do_execve) from [<c000f3e0>] (ret_fast_syscall+0x0/0x54)
[   19.599487] Code: ebffff0d eaffffdf e28dd00c e8bd8ff0 (e7f001f2) 
[   19.605926] ---[ end trace 3db982f587a9e339 ]---
[   19.643554] Unable to handle kernel NULL pointer dereference at virtual address 00000000
[   19.652313] pgd = dd12c000
[   19.655181] [00000000] *pgd=00000000
[   19.659027] Internal error: Oops: 5 [#3] SMP ARM
[   19.663909] Modules linked in:
[   19.667144] CPU: 0 PID: 203 Comm: udevd Tainted: G      D         4.1.0-rc4-next-20150519-00002-gd788518b4c14 #1
[   19.677856] Hardware name: Generic OMAP36xx (Flattened Device Tree)
[   19.684478] task: dd1863c0 ti: dd0de000 task.ti: dd0de000
[   19.690185] PC is at __rb_erase_color+0xd0/0x268
[   19.695068] LR is at unlink_anon_vmas+0xa8/0x1fc
[   19.699951] pc : [<c03504ec>]    lr : [<c0145f08>]    psr: 60070013
[   19.699951] sp : dd0dfdb0  ip : dd15f970  fp : 00100100
[   19.712036] r10: dd0d0720  r9 : 00200200  r8 : c0137860
[   19.717559] r7 : dd0c7f34  r6 : 00000000  r5 : dd0c45ac  r4 : dd15f970
[   19.724426] r3 : dd0c3950  r2 : 00000000  r1 : dd0c45ac  r0 : dd15f970
[   19.731323] Flags: nZCv  IRQs on  FIQs on  Mode SVC_32  ISA ARM  Segment user
[   19.738830] Control: 10c5387d  Table: 9d12c019  DAC: 00000015
[   19.744903] Process udevd (pid: 203, stack limit = 0xdd0de218)
[   19.751068] Stack: (0xdd0dfdb0 to 0xdd0e0000)
[   19.755645] fda0:                                     dd0d0e80 dd0c4558 de57a8c8 dd0c7f34
[   19.764282] fdc0: de57a8c8 c0145f08 ddc985bc dd0c7ef8 ddc985e4 dd0dc768 00002000 dd0dfe28
[   19.772918] fde0: 00000000 dd0c7ef8 dd155cc0 b6d89000 dd0a3880 c013b514 b6d89000 c013d0bc
[   19.781524] fe00: 00000000 dd0c7fa8 dd0dfe50 de62ac00 de623200 de62ac00 dd1868dc c01431a8
[   19.790161] fe20: de62aa00 c05eaf9c de62ac00 00000001 00000000 00000000 ffffffff 00000000
[   19.798797] fe40: 00000000 0000014a 00000400 dd104000 00000200 00000000 200f0013 de62ac54
[   19.807434] fe60: de62ac00 00000000 de62aa00 de623200 de62ac00 00000000 de62aa00 c003d204
[   19.816070] fe80: 00000000 de62ac00 dd1863c0 c0169fe4 000000e0 c01b2b40 dd0ca8c0 de623200
[   19.824676] fea0: dd0ca8f4 dd0dfeb8 de753f00 dd155cc0 00000001 c01b30c0 de623200 00000080
[   19.833312] fec0: de7df400 c008d4c0 00000001 00000000 00000000 c0169b28 00000000 c008d4c0
[   19.841949] fee0: 00000000 00000000 00000000 c090190c 00000001 fffffff8 c090190c c0904414
[   19.850555] ff00: 00000000 00000001 c090190c de623200 c090192c fffffff8 c090190c c0904430
[   19.859191] ff20: 00000000 00000001 000000cb c0169b1c dd1863c0 de4fe000 dd1863c0 dd0dcef8
[   19.867828] ff40: de623200 bee08060 0004a950 c016ad90 00000000 00000000 c016acd8 de4fe000
[   19.876464] ff60: de62aa54 000000cb 00000000 00000000 00000000 ffffe5f8 0003193c 0004a950
[   19.885070] ff80: 0000000b c000f5c4 dd0de000 00000000 00031900 c016afa0 00000000 ffffe5f8
[   19.893707] ffa0: 0003193c c000f3e0 ffffe5f8 0003193c bee08260 bee08060 0004a950 00000008
[   19.902343] ffc0: ffffe5f8 0003193c 0004a950 0000000b 00032008 bee07fe8 00000005 00031900
[   19.910949] ffe0: 0000000b bee07f84 b6e68003 b6e11276 800f0030 bee08260 80000000 80000080
[   19.919586] [<c03504ec>] (__rb_erase_color) from [<c0145f08>] (unlink_anon_vmas+0xa8/0x1fc)
[   19.928405] [<c0145f08>] (unlink_anon_vmas) from [<c013b514>] (free_pgtables+0x78/0xc8)
[   19.936859] [<c013b514>] (free_pgtables) from [<c01431a8>] (exit_mmap+0xec/0x1dc)
[   19.944763] [<c01431a8>] (exit_mmap) from [<c003d204>] (mmput+0x44/0xec)
[   19.951843] [<c003d204>] (mmput) from [<c0169fe4>] (flush_old_exec+0x300/0x5a4)
[   19.959564] [<c0169fe4>] (flush_old_exec) from [<c01b30c0>] (load_elf_binary+0x278/0x10fc)
[   19.968292] [<c01b30c0>] (load_elf_binary) from [<c0169b1c>] (search_binary_handler+0x88/0x1ac)
[   19.977478] [<c0169b1c>] (search_binary_handler) from [<c016ad90>] (do_execveat_common+0x604/0x7e8)
[   19.987030] [<c016ad90>] (do_execveat_common) from [<c016afa0>] (do_execve+0x2c/0x34)
[   19.995300] [<c016afa0>] (do_execve) from [<c000f3e0>] (ret_fast_syscall+0x0/0x54)
[   20.003295] Code: e5946004 e1560002 1affffd2 e5946008 (e5963000) 
[   20.009918] ---[ end trace 3db982f587a9e33a ]---
udevd[92]: '/sbin/modprobe platform:twl4030-codec' [204] terminated by signal 11 (Segmentation fault)
udevd[154]: '/sbin/modprobe of:NshamT<NULL>Cti,omap3-sham' [203] terminated by signal 11 (Segmentation fault)
udevd[139]: timeout: killing '/sbin/modprobe of:Nregulator-vioT<NULL>Cti,twl4030-vio' [190]
udevd[139]: timeout: killing '/sbin/modprobe of:Nregulator-vioT<NULL>Cti,twl4030-vio' [190]
udevd[139]: timeout: killing '/sbin/modprobe of:Nregulator-vioT<NULL>Cti,twl4030-vio' [190]
udevd[139]: timeout: killing '/sbin/modprobe of:Nregulator-vioT<NULL>Cti,twl4030-vio' [190]
udevd[139]: timeout: killing '/sbin/modprobe of:Nregulator-vioT<NULL>Cti,twl4030-vio' [190]
udevd[139]: timeout: killing '/sbin/modprobe of:Nregulator-vioT<NULL>Cti,twl4030-vio' [190]
udevd[139]: timeout: killing '/sbin/modprobe of:Nregulator-vioT<NULL>Cti,twl4030-vio' [190]
udevd[139]: timeout: killing '/sbin/modprobe of:Nregulator-vioT<NULL>Cti,twl4030-vio' [190]
udevd[139]: timeout: killing '/sbin/modprobe of:Nregulator-vioT<NULL>Cti,twl4030-vio' [190]
udevd[139]: timeout: killing '/sbin/modprobe of:Nregulator-vioT<NULL>Cti,twl4030-vio' [190]
udevd[139]: timeout: killing '/sbin/modprobe of:Nregulator-vioT<NULL>Cti,twl4030-vio' [190]
udevd[139]: timeout: killing '/sbin/modprobe of:Nregulator-vioT<NULL>Cti,twl4030-vio' [190]
udevd[139]: timeout: killing '/sbin/modprobe of:Nregulator-vioT<NULL>Cti,twl4030-vio' [190]
udevd[139]: timeout: killing '/sbin/modprobe of:Nregulator-vioT<NULL>Cti,twl4030-vio' [190]
udevd[139]: timeout: killing '/sbin/modprobe of:Nregulator-vioT<NULL>Cti,twl4030-vio' [190]
udevd[139]: timeout: killing '/sbin/modprobe of:Nregulator-vioT<NULL>Cti,twl4030-vio' [190]
udevd[139]: timeout: killing '/sbin/modprobe of:Nregulator-vioT<NULL>Cti,twl4030-vio' [190]
udevd[139]: timeout: killing '/sbin/modprobe of:Nregulator-vioT<NULL>Cti,twl4030-vio' [190]
udevd[139]: timeout: killing '/sbin/modprobe of:Nregulator-vioT<NULL>Cti,twl4030-vio' [190]
udevd[139]: timeout: killing '/sbin/modprobe of:Nregulator-vioT<NULL>Cti,twl4030-vio' [190]
udevd[139]: timeout: killing '/sbin/modprobe of:Nregulator-vioT<NULL>Cti,twl4030-vio' [190]
udevd[139]: timeout: killing '/sbin/modprobe of:Nregulator-vioT<NULL>Cti,twl4030-vio' [190]
udevd[139]: timeout: killing '/sbin/modprobe of:Nregulator-vioT<NULL>Cti,twl4030-vio' [190]
udevd[139]: timeout: killing '/sbin/modprobe of:Nregulator-vioT<NULL>Cti,twl4030-vio' [190]
udevd[139]: timeout: killing '/sbin/modprobe of:Nregulator-vioT<NULL>Cti,twl4030-vio' [190]
udevd[139]: timeout: killing '/sbin/modprobe of:Nregulator-vioT<NULL>Cti,twl4030-vio' [190]
udevd[139]: timeout: killing '/sbin/modprobe of:Nregulator-vioT<NULL>Cti,twl4030-vio' [190]
udevd[139]: timeout: killing '/sbin/modprobe of:Nregulator-vioT<NULL>Cti,twl4030-vio' [190]
udevd[139]: timeout: killing '/sbin/modprobe of:Nregulator-vioT<NULL>Cti,twl4030-vio' [190]
udevd[139]: timeout: killing '/sbin/modprobe of:Nregulator-vioT<NULL>Cti,twl4030-vio' [190]
udevd[139]: timeout: killing '/sbin/modprobe of:Nregulator-vioT<NULL>Cti,twl4030-vio' [190]
udevd[139]: timeout: killing '/sbin/modprobe of:Nregulator-vioT<NULL>Cti,twl4030-vio' [190]
udevd[139]: timeout: killing '/sbin/modprobe of:Nregulator-vioT<NULL>Cti,twl4030-vio' [190]
udevd[139]: timeout: killing '/sbin/modprobe of:Nregulator-vioT<NULL>Cti,twl4030-vio' [190]
udevd[139]: timeout: killing '/sbin/modprobe of:Nregulator-vioT<NULL>Cti,twl4030-vio' [190]
udevd[139]: timeout: killing '/sbin/modprobe of:Nregulator-vioT<NULL>Cti,twl4030-vio' [190]
udevd[139]: timeout: killing '/sbin/modprobe of:Nregulator-vioT<NULL>Cti,twl4030-vio' [190]
udevd[139]: timeout: killing '/sbin/modprobe of:Nregulator-vioT<NULL>Cti,twl4030-vio' [190]
udevd[139]: timeout: killing '/sbin/modprobe of:Nregulator-vioT<NULL>Cti,twl4030-vio' [190]
udevd[139]: timeout: killing '/sbin/modprobe of:Nregulator-vioT<NULL>Cti,twl4030-vio' [190]
udevd[139]: timeout: killing '/sbin/modprobe of:Nregulator-vioT<NULL>Cti,twl4030-vio' [190]
udevd[139]: timeout: killing '/sbin/modprobe of:Nregulator-vioT<NULL>Cti,twl4030-vio' [190]
udevd[139]: timeout: killing '/sbin/modprobe of:Nregulator-vioT<NULL>Cti,twl4030-vio' [190]
udevd[139]: timeout: killing '/sbin/modprobe of:Nregulator-vioT<NULL>Cti,twl4030-vio' [190]
udevd[139]: timeout: killing '/sbin/modprobe of:Nregulator-vioT<NULL>Cti,twl4030-vio' [190]
udevd[139]: timeout: killing '/sbin/modprobe of:Nregulator-vioT<NULL>Cti,twl4030-vio' [190]
udevd[139]: timeout: killing '/sbin/modprobe of:Nregulator-vioT<NULL>Cti,twl4030-vio' [190]
udevd[139]: timeout: killing '/sbin/modprobe of:Nregulator-vioT<NULL>Cti,twl4030-vio' [190]
udevd[139]: timeout: killing '/sbin/modprobe of:Nregulator-vioT<NULL>Cti,twl4030-vio' [190]
[   98.045837] random: nonblocking pool is initialized
udevd[139]: timeout: killing '/sbin/modprobe of:Nregulator-vioT<NULL>Cti,twl4030-vio' [190]
udevd[139]: timeout: killing '/sbin/modprobe of:Nregulator-vioT<NULL>Cti,twl4030-vio' [190]
udevd[139]: timeout: killing '/sbin/modprobe of:Nregulator-vioT<NULL>Cti,twl4030-vio' [190]
udevd[139]: timeout: killing '/sbin/modprobe of:Nregulator-vioT<NULL>Cti,twl4030-vio' [190]
udevd[139]: timeout: killing '/sbin/modprobe of:Nregulator-vioT<NULL>Cti,twl4030-vio' [190]
udevd[139]: timeout: killing '/sbin/modprobe of:Nregulator-vioT<NULL>Cti,twl4030-vio' [190]
udevd[139]: timeout: killing '/sbin/modprobe of:Nregulator-vioT<NULL>Cti,twl4030-vio' [190]
udevd[139]: timeout: killing '/sbin/modprobe of:Nregulator-vioT<NULL>Cti,twl4030-vio' [190]
udevd[139]: timeout: killing '/sbin/modprobe of:Nregulator-vioT<NULL>Cti,twl4030-vio' [190]
udevd[139]: timeout: killing '/sbin/modprobe of:Nregulator-vioT<NULL>Cti,twl4030-vio' [190]
udevd[139]: timeout: killing '/sbin/modprobe of:Nregulator-vioT<NULL>Cti,twl4030-vio' [190]
udevd[139]: timeout: killing '/sbin/modprobe of:Nregulator-vioT<NULL>Cti,twl4030-vio' [190]
udevd[139]: timeout: killing '/sbin/modprobe of:Nregulator-vioT<NULL>Cti,twl4030-vio' [190]
udevd[139]: timeout: killing '/sbin/modprobe of:Nregulator-vioT<NULL>Cti,twl4030-vio' [190]
udevd[139]: timeout: killing '/sbin/modprobe of:Nregulator-vioT<NULL>Cti,twl4030-vio' [190]
udevd[139]: timeout: killing '/sbin/modprobe of:Nregulator-vioT<NULL>Cti,twl4030-vio' [190]
udevd[139]: timeout: killing '/sbin/modprobe of:Nregulator-vioT<NULL>Cti,twl4030-vio' [190]
udevd[139]: timeout: killing '/sbin/modprobe of:Nregulator-vioT<NULL>Cti,twl4030-vio' [190]
udevd[139]: timeout: killing '/sbin/modprobe of:Nregulator-vioT<NULL>Cti,twl4030-vio' [190]
udevd[139]: timeout: killing '/sbin/modprobe of:Nregulator-vioT<NULL>Cti,twl4030-vio' [190]
udevd[139]: timeout: killing '/sbin/modprobe of:Nregulator-vioT<NULL>Cti,twl4030-vio' [190]
udevd[139]: timeout: killing '/sbin/modprobe of:Nregulator-vioT<NULL>Cti,twl4030-vio' [190]
udevd[139]: timeout: killing '/sbin/modprobe of:Nregulator-vioT<NULL>Cti,twl4030-vio' [190]
udevd[139]: timeout: killing '/sbin/modprobe of:Nregulator-vioT<NULL>Cti,twl4030-vio' [190]
udevd[139]: timeout: killing '/sbin/modprobe of:Nregulator-vioT<NULL>Cti,twl4030-vio' [190]
udevd[139]: timeout: killing '/sbin/modprobe of:Nregulator-vioT<NULL>Cti,twl4030-vio' [190]
udevd[139]: timeout: killing '/sbin/modprobe of:Nregulator-vioT<NULL>Cti,twl4030-vio' [190]
udevd[139]: timeout: killing '/sbin/modprobe of:Nregulator-vioT<NULL>Cti,twl4030-vio' [190]
udevd[139]: timeout: killing '/sbin/modprobe of:Nregulator-vioT<NULL>Cti,twl4030-vio' [190]
udevd[139]: timeout: killing '/sbin/modprobe of:Nregulator-vioT<NULL>Cti,twl4030-vio' [190]
udevd[139]: timeout: killing '/sbin/modprobe of:Nregulator-vioT<NULL>Cti,twl4030-vio' [190]
udevd[139]: timeout: killing '/sbin/modprobe of:Nregulator-vioT<NULL>Cti,twl4030-vio' [190]
udevd[139]: timeout: killing '/sbin/modprobe of:Nregulator-vioT<NULL>Cti,twl4030-vio' [190]
udevd[139]: timeout: killing '/sbin/modprobe of:Nregulator-vioT<NULL>Cti,twl4030-vio' [190]
udevd[139]: timeout: killing '/sbin/modprobe of:Nregulator-vioT<NULL>Cti,twl4030-vio' [190]
udevd[139]: timeout: killing '/sbin/modprobe of:Nregulator-vioT<NULL>Cti,twl4030-vio' [190]
udevd[139]: timeout: killing '/sbin/modprobe of:Nregulator-vioT<NULL>Cti,twl4030-vio' [190]
udevd[139]: timeout: killing '/sbin/modprobe of:Nregulator-vioT<NULL>Cti,twl4030-vio' [190]
udevd[139]: timeout: killing '/sbin/modprobe of:Nregulator-vioT<NULL>Cti,twl4030-vio' [190]
udevd[139]: timeout: killing '/sbin/modprobe of:Nregulator-vioT<NULL>Cti,twl4030-vio' [190]
udevadm settle - timeout of 120 seconds reached, the event queue contains:
  /sys/devices/platform/68000000.ocp/48070000.i2c/i2c-0/0-0048/48070000.i2c:twl@48:audio/twl4030-codec (701)
  /sys/devices/platform/68000000.ocp/48070000.i2c/i2c-0/0-0048/48070000.i2c:twl@48:regulator-vio (727)
  /sys/devices/platform/68000000.ocp/48070000.i2c/i2c-0/0-0048/48070000.i2c:twl@48:regulator-vio/regulator/regulator.9 (728)
  /sys/devices/platform/68000000.ocp/4809c000.mmc/mmc_host/mmc0/mmc0:0001 (766)
  /sys/devices/platform/68000000.ocp/4809c000.mmc/mmc_host/mmc0/mmc0:0001/block/mmcblk0 (767)
  /sys/devices/platform/68000000.ocp/4809c000.mmc/mmc_host/mmc0/mmc0:0001/block/mmcblk0/mmcblk0p1 (768)
  /sys/devices/platform/68000000.ocp/4809c000.mmc/mmc_host/mmc0/mmc0:0001/block/mmcblk0/mmcblk0p2 (769)
  /sys/devices/platform/68000000.ocp/480c3000.sham (778)
  /sys/devices/platform/68000000.ocp/480c5000.aes (779)
  /sys/devices/platform/68000000.ocp/480c9000.smartreflex (780)
  /sys/devices/platform/68000000.ocp/480cb000.smartreflex (781)
  /sys/devices/platform/68000000.ocp/48200000.interrupt-controller (782)
  /sys/devices/platform/68000000.ocp/48304000.timer (783)
  /sys/devices/platform/68000000.ocp/48306000.prm (784)
  /sys/devices/platform/68000000.ocp/483072f0.regulator-abb-mpu (785)
  /sys/devices/platform/68000000.ocp/483072f0.regulator-abb-mpu/regulator/regulator.2 (786)
  /sys/devices/platform/68000000.ocp/48310000.gpio (787)
  /sys/devices/platform/68000000.ocp/48310000.gpio/gpio/gpiochip160 (788)
  /sys/devices/platform/68000000.ocp/48314000.wdt (789)
  /sys/devices/platform/68000000.ocp/49020000.serial (790)
  /sys/devices/platform/68000000.ocp/49020000.serial/tty/ttyO2 (791)
  /sys/devices/platform/68000000.ocp/49022000.mcbsp (792)
  /sys/devices/platform/68000000.ocp/49032000.timer (793)
  /sys/devices/platform/68000000.ocp/49034000.timer (794)
  /sys/devices/platform/68000000.ocp/49036000.timer (795)
  /sys/devices/platform/68000000.ocp/49038000.timer (796)
  /sys/devices/platform/68000000.ocp/4903a000.timer (797)
  /sys/devices/platform/68000000.ocp/4903c000.timer (798)
  /sys/devices/platform/68000000.ocp/4903e000.timer (799)
  /sys/devices/platform/68000000.ocp/49040000.timer (800)
  /sys/devices/platform/68000000.ocp/49042000.serial (801)
  /sys/devices/platform/68000000.ocp/49042000.serial/tty/ttyO3 (802)
  /sys/devices/platform/68000000.ocp/49050000.gpio (803)
  /sys/devices/platform/68000000.ocp/49050000.gpio/gpio/gpiochip0 (804)
  /sys/devices/platform/68000000.ocp/49052000.gpio (805)
  /sys/devices/platform/68000000.ocp/49052000.gpio/gpio/gpiochip32 (806)
  /sys/devices/platform/68000000.ocp/49054000.gpio (807)
  /sys/devices/platform/68000000.ocp/49054000.gpio/gpio/gpiochip64 (808)
  /sys/devices/platform/68000000.ocp/49056000.gpio (809)
  /sys/devices/platform/68000000.ocp/49056000.gpio/gpio/gpiochip96 (810)
  /sys/devices/platform/68000000.ocp/49058000.gpio (811)
  /sys/devices/platform/68000000.ocp/49058000.gpio/gpio/gpiochip128 (812)
  /sys/devices/platform/68000000.ocp/68000000.ocp:l4@48000000 (813)
  /sys/devices/platform/68000000.ocp/68000000.ocp:l4@48000000/48002000.scm (814)
  /sys/devices/platform/68000000.ocp/68000000.ocp:l4@48000000/48002000.scm/48002030.pinmux (815)
  /sys/devices/platform/68000000.ocp/68000000.ocp:l4@48000000/48002000.scm/48002270.scm_conf (816)
  /sys/devices/platform/68000000.ocp/68000000.ocp:l4@48000000/48002000.scm/48002a00.pinmux (817)
  /sys/devices/platform/68000000.ocp/6e000000.gpmc (818)
  /sys/devices/platform/alarmtimer (819)
  /sys/devices/platform/connector@0 (820)
  /sys/devices/platform/connector@1 (821)
  /sys/devices/platform/cpufreq-dt.0 (822)
  /sys/devices/platform/encoder@0 (823)
  /sys/devices/platform/gpio_keys (824)
  /sys/devices/platform/hsusb2_phy (825)
  /sys/devices/platform/hsusb2_power_reg (826)
  /sys/devices/platform/hsusb2_power_reg/regulator/regulator.21 (827)
  /sys/devices/platform/leds (828)
  /sys/devices/platform/omap-pcm-audio (829)
  /sys/devices/platform/omap_dma_system.0 (830)
  /sys/devices/platform/omapdss (831)
  /sys/devices/platform/omapfb (832)
  /sys/devices/platform/omapvrfb (833)
  /sys/devices/platform/oprofile-perf.0 (834)
ERROR: could not open directory /lib/modules/4.1.0-rc4-next-20150519-00002-gd788518b4c14: No such file or directory
WARNING: -e needs -E or -F
ERROR: could not open directory /lib/modules/4.1.0-rc4-next-20150519-00002-gd788518b4c14: No such file or directory
FATAL: could not search modules: No such file or directory
udevd[139]: timeout: killing '/sbin/modprobe of:Nregulator-vioT<NULL>Cti,twl4030-vio' [190]
Starting Bootlog daemon: udevd[139]: timeout: killing '/sbin/modprobe of:Nregulator-vioT<NULL>Cti,twl4030-vio' [190]
udevd[139]: timeout: killing '/sbin/modprobe of:Nregulator-vioT<NULL>Cti,twl4030-vio' [190]
udevd[139]: timeout: killing '/sbin/modprobe of:Nregulator-vioT<NULL>Cti,twl4030-vio' [190]
udevd[139]: timeout: killing '/sbin/modprobe of:Nregulator-vioT<NULL>Cti,twl4030-vio' [190]
udevd[139]: timeout: killing '/sbin/modprobe of:Nregulator-vioT<NULL>Cti,twl4030-vio' [190]
udevd[139]: timeout: killing '/sbin/modprobe of:Nregulator-vioT<NULL>Cti,twl4030-vio' [190]
udevd[139]: timeout: killing '/sbin/modprobe of:Nregulator-vioT<NULL>Cti,twl4030-vio' [190]
udevd[139]: timeout: killing '/sbin/modprobe of:Nregulator-vioT<NULL>Cti,twl4030-vio' [190]
URL:gtsystest.telogy.design.ti.com/vatf/tidfarm-02.dal.design.ti.com/tidfarm-02.dal.design.ti.com_vatf@2/tidfarm-02.dal.design.ti.com05_19_2015_05_47_08/files/session_iteration_1/test_1
