- 05:37:41 [INFO] Starting target session
- 05:37:41 [INFO] Connected to craneboard via serial 
- 05:37:41 [INFO] Host: 
- 05:37:42 [INFO] Target: 

root@GenericAM3517(FlattenedDeviceTree):/test# 
- 05:37:42 [INFO] Host: sync;poweroff
- 05:38:00 [INFO] Target: 
sync;poweroff



INIT: Switch
INIT: Sending processes the TERM signal

Broadcast message from root@GenericAM3517(FlattenedDeviceTree) (ttyO2) (Sat M
The system is going down for system halt NOW!

root@GenericAM3517(FlattenedDeviceTree):/test# 
INIT: Sending procesStopping Dropbear SSH server: stopped /usr/sbin/dropbear (pid 554)
dropbear.
Stopping telnet daemon.
Stopping system message bus: Error opening /dev/fb0: No such file or directory
Stopping syslogd/klogd: stopped syslogd (pid 566)
stopped klogd (pid 569)
done
Stopping thttpd.
ALSA: Storing mixer settings...
/usr/sbin/alsactl: save_state:1580: No soundcards found...
Deconfiguring network interfaces... ifdown: interface eth0 not configured
done.
Stopping Lighttpd Web Server: stopped /usr/sbin/lighttpd (pid 580)
lighttpd.
***************************************************************
***************************************************************
NOTICE: This file system contains the followin GPLv3 packages:
	binutils-symlinks
	binutils
	gdbserver
	parted

If you do not wish to distribute GPLv3 components please remove
the above packages prior to distribution.  This can be done using
the opkg remove command.  i.e.:
    opkg remove <package>
Where <package> is the name printed in the list above

NOTE: If the package is a dependency of another package you
      will be notified of the dependent packages.  You should
      use the --force-removal-of-dependent-packages option to
      also remove the dependent packages as well
***************************************************************
***************************************************************
Sending all processes the TERM signal...
Sending all processes the KILL signal...
Unmounting remote filesystems...
Deactivating swap...
Unmounting local filesystems...
[84928.884448] EXT4-fs (mmcblk0p2): re-mounted. Opts: data=ordered
[84931.061812] reboot: System halted

- 05:38:23 [INFO] Disconnected {"type"=>"serial"} from craneboard
- 05:38:23 [INFO] Host: 
- 05:38:23 [ERROR] On command:  waiting for (?-mix:AM3517_CRANE\s#) >>> error: execution expired
- 05:38:23 [INFO] Target: 

- 05:38:23 [INFO] Host: 
- 05:38:24 [ERROR] On command:  waiting for (?-mix:AM3517_CRANE\s#) >>> error: execution expired
- 05:38:24 [INFO] Target: 
In:    serial
Out:   serial
Err:   serial
Die ID #7b4e000100000000015da3961501500d

- 05:38:24 [INFO] Host: 
- 05:38:25 [INFO] Target: 
Net:   davinci_emac_initialize
Ethernet PHY: GENERIC @ 0x00
EMAC LSB = 0x00106680
EMAC MSB = 0x00080028
-----------------------------
EMAC ID 08:00:28:10:66:80
-----------------------------
DaVinci EMAC
Hit any key to stop autoboot:  3  0 
AM3517_CRANE # 

AM3517_CRANE # 

AM3517_CRANE # 
- 05:38:25 [INFO] Host: 
- 05:38:25 [INFO] Target: 


AM3517_CRANE # 
- 05:38:25 [INFO] Host: version
- 05:38:26 [INFO] Target: 
version


U-Boot 2009.11-00005-ge83d2db (Dec 07 2010 - 11:55:34)
AM3517_CRANE # 
- 05:38:26 [INFO] Host: setenv bootargs 'console=ttyO2,115200n8 earlyprintk rootwait nohlt '
- 05:38:27 [INFO] Target: 
setenv bootargs 'console=ttyO2,115200n8 earlyprintk rootwait nohlt '

AM3517_CRANE # 
- 05:38:27 [INFO] Host: setenv bootcmd  ''
- 05:38:27 [INFO] Target: 
setenv bootcmd  ''

AM3517_CRANE # 
- 05:38:27 [INFO] Host: setenv autoload 'no'
- 05:38:28 [INFO] Target: 
setenv autoload 'no'

AM3517_CRANE # 
- 05:38:28 [INFO] Host: setenv serverip '128.247.105.47'
- 05:38:28 [INFO] Target: 
setenv serverip '128.247.105.47'

AM3517_CRANE # 
- 05:38:28 [INFO] Host: printenv
- 05:38:29 [INFO] Target: 
printenv

bootdelay=3
baudrate=115200
loadaddr=0x82000000
nandargs=setenv bootargs console=${console} root=/dev/mtdblock4 rw rootfstype=jffs2 eth=${ethaddr} ip=dhcp
loadbootscript=fatload mmc 0 ${loadaddr} boot.scr
bootscript=echo Running bootscript from mmc ...; source ${loadaddr}
loaduimage=fatload mmc 0 ${loadaddr} uImage
mmcboot=echo Booting from mmc ...; run mmcargs; bootm ${loadaddr}
nandboot=echo Booting from nand ...; run nandargs; nand read ${loadaddr} 480000 500000; bootm ${loadaddr}
dieid#=7b4e000100000000015da3961501500d
ethact=DaVinci EMAC
filesize=F40000
ipaddr=192.168.1.9
oldbootcmd=if mmc init; then if run loadbootscript; then run bootscript; else if run loaduimage; then run mmcboot; else run nandboot; fi; fi; else run nandboot; fi
mmcargs=setenv bootargs console=ttyS2,115200n8 root=/dev/mmcblk0p2 rw rootfstype=ext3 rootwait eth=08:00:28:10:66:80 ip=dhcp earlyprintk
console=ttyO2,115200n8
bootfile=uImage.am3517-craneboard
ethaddr=08:00:28:10:66:80
bootargs=console=ttyO2,115200n8 earlyprintk rootwait nohlt 
bootcmd=
autoload=no
serverip=128.247.105.47

Environment size: 1073/131068 bytes
AM3517_CRANE # 
- 05:38:29 [INFO] Host: printenv
- 05:38:30 [INFO] Target: 
printenv

bootdelay=3
baudrate=115200
loadaddr=0x82000000
nandargs=setenv bootargs console=${console} root=/dev/mtdblock4 rw rootfstype=jffs2 eth=${ethaddr} ip=dhcp
loadbootscript=fatload mmc 0 ${loadaddr} boot.scr
bootscript=echo Running bootscript from mmc ...; source ${loadaddr}
loaduimage=fatload mmc 0 ${loadaddr} uImage
mmcboot=echo Booting from mmc ...; run mmcargs; bootm ${loadaddr}
nandboot=echo Booting from nand ...; run nandargs; nand read ${loadaddr} 480000 500000; bootm ${loadaddr}
dieid#=7b4e000100000000015da3961501500d
ethact=DaVinci EMAC
filesize=F40000
ipaddr=192.168.1.9
oldbootcmd=if mmc init; then if run loadbootscript; then run bootscript; else if run loaduimage; then run mmcboot; else run nandboot; fi; fi; else run nandboot; fi
mmcargs=setenv bootargs console=ttyS2,115200n8 root=/dev/mmcblk0p2 rw rootfstype=ext3 rootwait eth=08:00:28:10:66:80 ip=dhcp earlyprintk
console=ttyO2,115200n8
bootfile=uImage.am3517-craneboard
ethaddr=08:00:28:10:66:80
bootargs=console=ttyO2,115200n8 earlyprintk rootwait nohlt 
bootcmd=
autoload=no
serverip=128.247.105.47

Environment size: 1073/131068 bytes
AM3517_CRANE # 
- 05:38:30 [INFO] Host: setenv bootargs ''${bootargs}' ip=dhcp '
- 05:38:30 [INFO] Target: 
setenv bootargs ''${bootargs}' ip=dhcp '

AM3517_CRANE # 
- 05:38:30 [INFO] Host: setenv ipaddr dhcp
- 05:38:31 [INFO] Target: 
setenv ipaddr dhcp

AM3517_CRANE # 
- 05:38:31 [INFO] Host: dhcp
- 05:38:33 [INFO] Target: 
dhcp

BOOTP broadcast 1
DHCP client bound to address 192.168.1.153
AM3517_CRANE # 
- 05:38:33 [INFO] Host: setenv serverip '128.247.105.47'
- 05:38:34 [INFO] Target: 
setenv serverip '128.247.105.47'

AM3517_CRANE # 
- 05:38:34 [INFO] Host: printenv
- 05:38:34 [INFO] Target: 
printenv

bootdelay=3
baudrate=115200
loadaddr=0x82000000
nandargs=setenv bootargs console=${console} root=/dev/mtdblock4 rw rootfstype=jffs2 eth=${ethaddr} ip=dhcp
loadbootscript=fatload mmc 0 ${loadaddr} boot.scr
bootscript=echo Running bootscript from mmc ...; source ${loadaddr}
loaduimage=fatload mmc 0 ${loadaddr} uImage
mmcboot=echo Booting from mmc ...; run mmcargs; bootm ${loadaddr}
nandboot=echo Booting from nand ...; run nandargs; nand read ${loadaddr} 480000 500000; bootm ${loadaddr}
dieid#=7b4e000100000000015da3961501500d
ethact=DaVinci EMAC
filesize=F40000
oldbootcmd=if mmc init; then if run loadbootscript; then run bootscript; else if run loaduimage; then run mmcboot; else run nandboot; fi; fi; else run nandboot; fi
mmcargs=setenv bootargs console=ttyS2,115200n8 root=/dev/mmcblk0p2 rw rootfstype=ext3 rootwait eth=08:00:28:10:66:80 ip=dhcp earlyprintk
console=ttyO2,115200n8
ethaddr=08:00:28:10:66:80
bootcmd=
autoload=no
bootargs=console=ttyO2,115200n8 earlyprintk rootwait nohlt ip=dhcp
bootfile=uImage.am3517-craneboard
netmask=255.255.255.0
ipaddr=192.168.1.153
dnsip=192.0.2.2
dnsip2=192.0.2.3
serverip=128.247.105.47

Environment size: 1137/131068 bytes
AM3517_CRANE # 
- 05:38:34 [INFO] Host: setenv bootcmd ''${bootcmd}' tftp ${loadaddr} 128.247.105.47:vatf_4/52747127d166968e6397103dc225772e; '
- 05:38:35 [INFO] Target: 
setenv bootcmd ''${bootcmd}' tftp ${loadaddr} 128.247.105.47:vatf_4/52747127d166968e6397103dc225772e; '

AM3517_CRANE # 
- 05:38:35 [INFO] Host: printenv
- 05:38:36 [INFO] Target: 
printenv

bootdelay=3
baudrate=115200
loadaddr=0x82000000
nandargs=setenv bootargs console=${console} root=/dev/mtdblock4 rw rootfstype=jffs2 eth=${ethaddr} ip=dhcp
loadbootscript=fatload mmc 0 ${loadaddr} boot.scr
bootscript=echo Running bootscript from mmc ...; source ${loadaddr}
loaduimage=fatload mmc 0 ${loadaddr} uImage
mmcboot=echo Booting from mmc ...; run mmcargs; bootm ${loadaddr}
nandboot=echo Booting from nand ...; run nandargs; nand read ${loadaddr} 480000 500000; bootm ${loadaddr}
dieid#=7b4e000100000000015da3961501500d
ethact=DaVinci EMAC
filesize=F40000
oldbootcmd=if mmc init; then if run loadbootscript; then run bootscript; else if run loaduimage; then run mmcboot; else run nandboot; fi; fi; else run nandboot; fi
mmcargs=setenv bootargs console=ttyS2,115200n8 root=/dev/mmcblk0p2 rw rootfstype=ext3 rootwait eth=08:00:28:10:66:80 ip=dhcp earlyprintk
console=ttyO2,115200n8
ethaddr=08:00:28:10:66:80
autoload=no
bootargs=console=ttyO2,115200n8 earlyprintk rootwait nohlt ip=dhcp
bootfile=uImage.am3517-craneboard
netmask=255.255.255.0
ipaddr=192.168.1.153
dnsip=192.0.2.2
dnsip2=192.0.2.3
serverip=128.247.105.47
bootcmd=tftp ${loadaddr} 128.247.105.47:vatf_4/52747127d166968e6397103dc225772e;

Environment size: 1209/131068 bytes
AM3517_CRANE # 
- 05:38:36 [INFO] Host: setenv bootargs ''${bootargs}' root=/dev/mmcblk0p2 rw rootfstype=ext3 rootwait '
- 05:38:36 [INFO] Target: 
setenv bootargs ''${bootargs}' root=/dev/mmcblk0p2 rw rootfstype=ext3 rootwait '

AM3517_CRANE # 
- 05:38:36 [INFO] Host: printenv
- 05:38:37 [INFO] Target: 
printenv

bootdelay=3
baudrate=115200
loadaddr=0x82000000
nandargs=setenv bootargs console=${console} root=/dev/mtdblock4 rw rootfstype=jffs2 eth=${ethaddr} ip=dhcp
loadbootscript=fatload mmc 0 ${loadaddr} boot.scr
bootscript=echo Running bootscript from mmc ...; source ${loadaddr}
loaduimage=fatload mmc 0 ${loadaddr} uImage
mmcboot=echo Booting from mmc ...; run mmcargs; bootm ${loadaddr}
nandboot=echo Booting from nand ...; run nandargs; nand read ${loadaddr} 480000 500000; bootm ${loadaddr}
dieid#=7b4e000100000000015da3961501500d
ethact=DaVinci EMAC
filesize=F40000
oldbootcmd=if mmc init; then if run loadbootscript; then run bootscript; else if run loaduimage; then run mmcboot; else run nandboot; fi; fi; else run nandboot; fi
mmcargs=setenv bootargs console=ttyS2,115200n8 root=/dev/mmcblk0p2 rw rootfstype=ext3 rootwait eth=08:00:28:10:66:80 ip=dhcp earlyprintk
console=ttyO2,115200n8
ethaddr=08:00:28:10:66:80
autoload=no
bootfile=uImage.am3517-craneboard
netmask=255.255.255.0
ipaddr=192.168.1.153
dnsip=192.0.2.2
dnsip2=192.0.2.3
serverip=128.247.105.47
bootcmd=tftp ${loadaddr} 128.247.105.47:vatf_4/52747127d166968e6397103dc225772e;
bootargs=console=ttyO2,115200n8 earlyprintk rootwait nohlt ip=dhcp root=/dev/mmcblk0p2 rw rootfstype=ext3 rootwait

Environment size: 1257/131068 bytes
AM3517_CRANE # 
- 05:38:37 [INFO] Host: setenv bootcmd ''${bootcmd}' if iminfo ${loadaddr}; then bootm ${loadaddr}  ; else bootz ${loadaddr}  ; bootm ${loadaddr}  ; fi'
- 05:38:38 [INFO] Target: 
setenv bootcmd ''${bootcmd}' if iminfo ${loadaddr}; then bootm ${loadaddr}  ; else bootz ${loadaddr}  ; bootm ${loadaddr}  ; fi'

AM3517_CRANE # 
- 05:38:38 [INFO] Host: bdinfo
- 05:38:38 [INFO] Target: 
bdinfo

arch_number = 0x00000B74
env_t       = 0x00000000
boot_params = 0x80000100
DRAM bank   = 0x00000000
-> start    = 0x80000000
-> size     = 0x10000000
DRAM bank   = 0x00000001
-> start    = 0x80000000
-> size     = 0x00000000
ethaddr     = 08:00:28:10:66:80
ip_addr     = 192.168.1.153
baudrate    = 115200 bps
AM3517_CRANE # 
- 05:38:38 [INFO] Host: boot
- 05:41:08 [ERROR] On command: boot waiting for (?-mix:.*\s+login) >>> error: execution expired
- 05:41:08 [INFO] Target: 
boot

Using DaVinci EMAC device
TFTP from server 128.247.105.47; our IP address is 192.168.1.153
Filename 'vatf_4/52747127d166968e6397103dc225772e'.
Load address: 0x82000000
Loading: *## Warning: gatewayip needed but not set
#################################################################
	 #################################################################
	 #################################################################
	 #################################################################
	 #################################################################
	 #################################################################
	 #################################################################
	 #################################################################
	 #################################################################
	 #################################################################
	 #################################################################
	 #################################################################
	 #################################################################
	 #############
done
Bytes transferred = 4388794 (42f7ba hex)
Unknown command 'iminfo' - try 'help'
Unknown command 'bootz' - try 'help'
## Booting kernel from Legacy Image at 82000000 ...
   Image Name:   Linux-3.15.0-rc7-next-20140530-0
   Image Type:   ARM Linux Kernel Image (uncompressed)
   Data Size:    4388730 Bytes =  4.2 MB
   Load Address: 80800000
   Entry Point:  80800000
   Verifying Checksum ... OK
   Loading Kernel Image ... OK
OK

Starting kernel ...

[    0.000000] Booting Linux on physical CPU 0x0
[    0.000000] Linux version 3.15.0-rc7-next-20140530-00002-gcb6bd38 (nmenon@kahuna) (gcc version 4.6.3 (Ubuntu/Linaro 4.6.3-1ubuntu5) ) #1 SMP Fri May 30 05:35:13 CDT 2014
[    0.000000] CPU: ARMv7 Processor [411fc087] revision 7 (ARMv7), cr=10c5387d
[    0.000000] CPU: PIPT / VIPT nonaliasing data cache, VIPT nonaliasing instruction cache
[    0.000000] Machine model: TI AM3517 CraneBoard (TMDSEVM3517)
[    0.000000] cma: CMA: reserved 16 MiB at 8e800000
[    0.000000] Memory policy: Data cache writeback
[    0.000000] CPU: All CPU(s) started in SVC mode.
[    0.000000] AM3517 ES1.1 (l2cache sgx neon )
[    0.000000] PERCPU: Embedded 9 pages/cpu @cfcaf000 s14336 r8192 d14336 u36864
[    0.000000] Built 1 zonelists in Zone order, mobility grouping on.  Total pages: 64768
[    0.000000] Kernel command line: console=ttyO2,115200n8 earlyprintk rootwait nohlt ip=dhcp root=/dev/mmcblk0p2 rw rootfstype=ext3 rootwait
[    0.000000] PID hash table entries: 1024 (order: 0, 4096 bytes)
[    0.000000] Dentry cache hash table entries: 32768 (order: 5, 131072 bytes)
[    0.000000] Inode-cache hash table entries: 16384 (order: 4, 65536 bytes)
[    0.000000] Memory: 224856K/261120K available (5633K kernel code, 679K rwdata, 2188K rodata, 402K init, 8337K bss, 36264K reserved, 0K highmem)
[    0.000000] Virtual kernel memory layout:
[    0.000000]     vector  : 0xffff0000 - 0xffff1000   (   4 kB)
[    0.000000]     fixmap  : 0xffc00000 - 0xffe00000   (2048 kB)
[    0.000000]     vmalloc : 0xd0800000 - 0xff000000   ( 744 MB)
[    0.000000]     lowmem  : 0xc0000000 - 0xd0000000   ( 256 MB)
[    0.000000]     pkmap   : 0xbfe00000 - 0xc0000000   (   2 MB)
[    0.000000]     modules : 0xbf000000 - 0xbfe00000   (  14 MB)
[    0.000000]       .text : 0xc0008000 - 0xc07ab8b4   (7823 kB)
[    0.000000]       .init : 0xc07ac000 - 0xc0810800   ( 402 kB)
[    0.000000]       .data : 0xc0812000 - 0xc08bbcb8   ( 680 kB)
[    0.000000]        .bss : 0xc08bbcb8 - 0xc10e0198   (8338 kB)
[    0.000000] Hierarchical RCU implementation.
[    0.000000] 	RCU restricting CPUs from NR_CPUS=2 to nr_cpu_ids=1.
[    0.000000] RCU: Adjusting geometry for rcu_fanout_leaf=16, nr_cpu_ids=1
[    0.000000] NR_IRQS:16 nr_irqs:16 16
[    0.000000] IRQ: Found an INTC at 0xfa200000 (revision 4.0) with 96 interrupts
[    0.000000] Total of 96 interrupts on 1 active controller
[    0.000000] Clocking rate (Crystal/Core/MPU): 26.0/332/500 MHz
[    0.000000] OMAP clockevent source: timer2 at 13000000 Hz
[    0.000031] sched_clock: 32 bits at 13MHz, resolution 76ns, wraps every 330382100403ns
[    0.000157] OMAP clocksource: timer1 at 13000000 Hz
[    0.001652] Console: colour dummy device 80x30
[    0.001733] Lock dependency validator: Copyright (c) 2006 Red Hat, Inc., Ingo Molnar
[    0.001764] ... MAX_LOCKDEP_SUBCLASSES:  8
[    0.001790] ... MAX_LOCK_DEPTH:          48
[    0.001817] ... MAX_LOCKDEP_KEYS:        8191
[    0.001842] ... CLASSHASH_SIZE:          4096
[    0.001868] ... MAX_LOCKDEP_ENTRIES:     32768
[    0.001894] ... MAX_LOCKDEP_CHAINS:      65536
[    0.001920] ... CHAINHASH_SIZE:          32768
[    0.001946]  memory used by lock dependency info: 5167 kB
[    0.001972]  per task-struct memory footprint: 1152 bytes
[    0.002061] Calibrating delay loop... 496.43 BogoMIPS (lpj=2482176)
[    0.105685] pid_max: default: 32768 minimum: 301
[    0.106482] Security Framework initialized
[    0.106764] Mount-cache hash table entries: 1024 (order: 0, 4096 bytes)
[    0.106806] Mountpoint-cache hash table entries: 1024 (order: 0, 4096 bytes)
[    0.111504] CPU: Testing write buffer coherency: ok
[    0.113804] CPU0: thread -1, cpu 0, socket -1, mpidr 0
[    0.114051] Setting up static identity map for 0x80556da8 - 0x80556e18
[    0.121148] Brought up 1 CPUs
[    0.121197] SMP: Total of 1 processors activated.
[    0.121228] CPU: All CPU(s) started in SVC mode.
[    0.127294] devtmpfs: initialized
[    0.142269] VFP support v0.3: implementor 41 architecture 3 part 30 variant c rev 1
[    0.226547] omap_hwmod: mcbsp2_sidetone using broken dt data from mcbsp
[    0.229027] omap_hwmod: mcbsp3_sidetone using broken dt data from mcbsp
[    0.315516] omap_hwmod: uart4: cannot be enabled for reset (3)
[    0.337168] pinctrl core: initialized pinctrl subsystem
[    0.342376] regulator-dummy: no parameters
[    0.453451] NET: Registered protocol family 16
[    0.455392] DMA: failed to allocate 256 KiB pool for atomic coherent allocation
[    0.460573] cpuidle: using governor ladder
[    0.460678] cpuidle: using governor menu
[    0.461093] Address Hole seen by USB_OTG  at address 4deb7004
[    0.461226] ------------[ cut here ]------------
[    0.461284] WARNING: CPU: 0 PID: 1 at drivers/bus/omap_l3_smx.c:162 omap3_l3_app_irq+0x100/0x128()
[    0.461313] Modules linked in:
[    0.461368] CPU: 0 PID: 1 Comm: swapper/0 Not tainted 3.15.0-rc7-next-20140530-00002-gcb6bd38 #1
[    0.461441] [<c0014c90>] (unwind_backtrace) from [<c0011900>] (show_stack+0x10/0x14)
[    0.461500] [<c0011900>] (show_stack) from [<c054eea0>] (dump_stack+0x78/0x94)
[    0.461549] [<c054eea0>] (dump_stack) from [<c0040534>] (warn_slowpath_common+0x6c/0x8c)
[    0.461591] [<c0040534>] (warn_slowpath_common) from [<c0040570>] (warn_slowpath_null+0x1c/0x24)
[    0.461633] [<c0040570>] (warn_slowpath_null) from [<c02f7864>] (omap3_l3_app_irq+0x100/0x128)
[    0.461690] [<c02f7864>] (omap3_l3_app_irq) from [<c008f064>] (handle_irq_event_percpu+0x58/0x20c)
[    0.461734] [<c008f064>] (handle_irq_event_percpu) from [<c008f254>] (handle_irq_event+0x3c/0x5c)
[    0.461778] [<c008f254>] (handle_irq_event) from [<c0091bdc>] (handle_level_irq+0xac/0x148)
[    0.461818] [<c0091bdc>] (handle_level_irq) from [<c008ea48>] (generic_handle_irq+0x20/0x30)
[    0.461861] [<c008ea48>] (generic_handle_irq) from [<c000ee88>] (handle_IRQ+0x4c/0xac)
[    0.461903] [<c000ee88>] (handle_IRQ) from [<c0008680>] (omap3_intc_handle_irq+0x80/0x9c)
[    0.461947] [<c0008680>] (omap3_intc_handle_irq) from [<c05550a4>] (__irq_svc+0x44/0x5c)
[    0.461978] Exception stack(0xce057d90 to 0xce057dd8)
[    0.462012] 7d80:                                     00000001 ce055070 00000000 ce054b00
[    0.462049] 7da0: 60000153 ce005a5c ce005a5c 00000000 0000001a ce005a34 60000153 00000000
[    0.462083] 7dc0: ce005a00 ce057dd8 c0085f58 c0554ab0 20000153 ffffffff
[    0.462123] [<c05550a4>] (__irq_svc) from [<c0554ab0>] (_raw_spin_unlock_irqrestore+0x34/0x44)
[    0.462163] [<c0554ab0>] (_raw_spin_unlock_irqrestore) from [<c00908e0>] (__setup_irq+0x2d8/0x4c0)
[    0.462201] [<c00908e0>] (__setup_irq) from [<c0090b80>] (request_threaded_irq+0xb8/0x13c)
[    0.462241] [<c0090b80>] (request_threaded_irq) from [<c07dfbb8>] (omap3_l3_probe+0x100/0x160)
[    0.462288] [<c07dfbb8>] (omap3_l3_probe) from [<c035a9f0>] (platform_drv_probe+0x18/0x48)
[    0.462330] [<c035a9f0>] (platform_drv_probe) from [<c0359154>] (driver_probe_device+0x10c/0x234)
[    0.462370] [<c0359154>] (driver_probe_device) from [<c0359310>] (__driver_attach+0x94/0x98)
[    0.462421] [<c0359310>] (__driver_attach) from [<c0357ac4>] (bus_for_each_dev+0x54/0x88)
[    0.462462] [<c0357ac4>] (bus_for_each_dev) from [<c0358944>] (bus_add_driver+0xdc/0x1d4)
[    0.462501] [<c0358944>] (bus_add_driver) from [<c0359940>] (driver_register+0x78/0xf4)
[    0.462540] [<c0359940>] (driver_register) from [<c035a3fc>] (platform_driver_probe+0x20/0xa4)
[    0.462580] [<c035a3fc>] (platform_driver_probe) from [<c0008984>] (do_one_initcall+0x80/0x1cc)
[    0.462631] [<c0008984>] (do_one_initcall) from [<c07acc9c>] (kernel_init_freeable+0xfc/0x1cc)
[    0.462674] [<c07acc9c>] (kernel_init_freeable) from [<c05499a4>] (kernel_init+0x8/0xe4)
[    0.462716] [<c05499a4>] (kernel_init) from [<c000e628>] (ret_from_fork+0x14/0x2c)
[    0.463001] ---[ end trace 06058afe6e2152d8 ]---
[    0.475556] Reprogramming SDRC clock to 332000000 Hz
[    0.480522] platform 480c5000.aes: Cannot lookup hwmod 'aes'
[    0.495187] OMAP GPIO hardware version 2.5
[    0.526835] platform 480c3000.sham: Cannot lookup hwmod 'sham'
[    0.527865] platform 480cb000.smartreflex: Cannot lookup hwmod 'smartreflex_core'
[    0.541830] omap-gpmc 6e000000.gpmc: GPMC revision 5.0
[    0.543386] platform 480ab000.usb_otg_hs: Cannot lookup hwmod 'usb_otg_hs'
[    0.547871] No ATAGs?
[    0.547940] hw-breakpoint: debug architecture 0x4 unsupported.
[    0.552504] OMAP DMA hardware revision 4.0
[    0.608435] edma-dma-engine edma-dma-engine.0: Can't allocate PaRAM dummy slot
[    0.608588] edma-dma-engine: probe of edma-dma-engine.0 failed with error -5
[    0.684813] omap-dma-engine 48056000.dma-controller: OMAP DMA engine driver
[    0.687543] vbat: 5000 mV 
[    0.694904] SCSI subsystem initialized
[    0.696782] usbcore: registered new interface driver usbfs
[    0.697167] usbcore: registered new interface driver hub
[    0.698705] usbcore: registered new device driver usb
[    0.906395] tps65910 0-002d: could not find pctldev for node /ocp/pinmux@48002030/pinmux_tps_pins, deferring probe
[    0.906514] i2c 0-002d: Driver tps65910 requests probe deferral
[    0.906659] omap_i2c 48070000.i2c: bus 0 rev3.3 at 2600 kHz
[    0.915927] Switched to clocksource timer1
[    1.214580] NET: Registered protocol family 2
[    1.218067] TCP established hash table entries: 2048 (order: 1, 8192 bytes)
[    1.218374] TCP bind hash table entries: 2048 (order: 4, 73728 bytes)
[    1.219737] TCP: Hash tables configured (established 2048 bind 2048)
[    1.220085] TCP: reno registered
[    1.220200] UDP hash table entries: 256 (order: 2, 20480 bytes)
[    1.220590] UDP-Lite hash table entries: 256 (order: 2, 20480 bytes)
[    1.222681] NET: Registered protocol family 1
[    1.226474] RPC: Registered named UNIX socket transport module.
[    1.226570] RPC: Registered udp transport module.
[    1.226604] RPC: Registered tcp transport module.
[    1.226636] RPC: Registered tcp NFSv4.1 backchannel transport module.
[    1.229004] hw perfevents: enabled with ARMv7 Cortex-A8 PMU driver, 5 counters available
[    1.239393] futex hash table entries: 256 (order: 2, 16384 bytes)
[    1.249748] VFS: Disk quotas dquot_6.5.2
[    1.250020] Dquot-cache hash table entries: 1024 (order 0, 4096 bytes)
[    1.255537] NFS: Registering the id_resolver key type
[    1.256348] Key type id_resolver registered
[    1.256442] Key type id_legacy registered
[    1.256757] jffs2: version 2.2. (NAND) (SUMMARY)   2001-2006 Red Hat, Inc.
[    1.257690] msgmni has been set to 471
[    1.268708] io scheduler noop registered
[    1.268782] io scheduler deadline registered
[    1.268959] io scheduler cfq registered (default)
[    1.273613] pinctrl-single 48002030.pinmux: 284 pins at pa fa002030 size 568
[    1.274662] pinctrl-single 48002a00.pinmux: 46 pins at pa fa002a00 size 92
[    1.279672] pbias_mmc_omap2430: 1800 <--> 3000 mV at 3000 mV 
[    1.282633] Serial: 8250/16550 driver, 4 ports, IRQ sharing enabled
[    1.297596] omap_uart 4806a000.serial: no wakeirq for uart0
[    1.298711] 4806a000.serial: ttyO0 at MMIO 0x4806a000 (irq = 88, base_baud = 3000000) is a OMAP UART0
[    1.304353] omap_uart 4806c000.serial: no wakeirq for uart0
[    1.304944] 4806c000.serial: ttyO1 at MMIO 0x4806c000 (irq = 89, base_baud = 3000000) is a OMAP UART1
[    1.308306] omap_uart 49020000.serial: no wakeirq for uart0
[    1.308882] 49020000.serial: ttyO2 at MMIO 0x49020000 (irq = 90, base_baud = 3000000) is a OMAP UART2
[    2.389750] console [ttyO2] enabled
[    2.450645] brd: module loaded
[    2.487294] loop: module loaded
[    2.496627] mtdoops: mtd device (mtddev=name/number) must be supplied
[    2.570424] davinci_mdio davinci_mdio.0: davinci mdio revision 1.5
[    2.577223] davinci_mdio davinci_mdio.0: detected phy mask fffffffe

