- 00:31:19 [INFO] Starting target session
- 00:31:21 [INFO] Connected to craneboard via serial 
- 00:31:21 [INFO] Host: #check prompt
- 00:31:24 [ERROR] On command: #check prompt waiting for #check prompt.+?(?-mix:((?-mix:.*\s+login)|[Pp]assword)) >>> error: execution expired
- 00:31:24 [INFO] Target: 
#check prompt
- 00:31:24 [INFO] Host: #check prompt
- 00:31:26 [ERROR] On command: #check prompt waiting for #check prompt.+?(?m-ix:root.*#) >>> error: execution expired
- 00:31:26 [INFO] Target: 
- 00:31:26 [INFO] Host: #check prompt
- 00:31:28 [ERROR] On command: #check prompt waiting for #check prompt.+?(?m-ix:root.*#) >>> error: execution expired
- 00:31:28 [INFO] Target: 
- 00:31:28 [INFO] Host: #check prompt
- 00:31:30 [ERROR] On command: #check prompt waiting for #check prompt.+?(?m-ix:root.*#) >>> error: execution expired
- 00:31:30 [INFO] Target: 
- 00:31:30 [INFO] Disconnected serial from craneboard
- 00:32:02 [INFO] Connected to craneboard via serial 
- 00:32:02 [INFO] Host: 
- 00:32:07 [INFO] Target: 
In:    serial
Out:   serial
Err:   serial
Die ID #7b4e000100000000015da3961501500d
Net:   davinci_emac_initialize
Ethernet PHY: GENERIC @ 0x00
EMAC LSB = 0x00106680
EMAC MSB = 0x00080028
-----------------------------
EMAC ID 08:00:28:10:66:80
-----------------------------
DaVinci EMAC
Hit any key to stop autoboot: 15  0 
AM3517_CRANE # 
AM3517_CRANE # 
AM3517_CRANE # 
AM3517_CRANE # 
AM3517_CRANE # 
AM3517_CRANE # 
AM3517_CRANE # 
AM3517_CRANE # 
AM3517_CRANE # 
AM3517_CRANE # 
AM3517_CRANE # 
AM3517_CRANE # 
AM3517_CRANE # 
AM3517_CRANE # 
AM3517_CRANE # 
AM3517_CRANE # 
AM3517_CRANE # 
AM3517_CRANE # 
AM3517_CRANE # 
AM3517_CRANE # 
AM3517_CRANE # 
AM3517_CRANE # 
AM3517_CRANE # 
AM3517_CRANE # 
AM3517_CRANE # 
AM3517_CRANE # 
AM3517_CRANE # 
AM3517_CRANE # 
AM3517_CRANE # 
AM3517_CRANE # 
AM3517_CRANE # 
AM3517_CRANE # 
AM3517_CRANE # 
AM3517_CRANE # 
AM3517_CRANE # 
AM3517_CRANE # 
AM3517_CRANE # 
AM3517_CRANE # 
AM3517_CRANE # 
AM3517_CRANE # 
AM3517_CRANE # 
AM3517_CRANE # 
AM3517_CRANE # 
AM3517_CRANE # 
AM3517_CRANE # 
AM3517_CRANE # 
AM3517_CRANE # 
AM3517_CRANE # 
AM3517_CRANE # 
- 00:32:07 [INFO] Host: version
- 00:32:07 [INFO] Target: 
version
U-Boot 2009.11-00005-ge83d2db (Dec 07 2010 - 11:55:34)
AM3517_CRANE # 
- 00:32:07 [INFO] Host: bdinfo
- 00:32:07 [INFO] Target: 
bdinfo
arch_number = 0x00000B74
env_t       = 0x00000000
boot_params = 0x80000100
DRAM bank   = 0x00000000
-> start    = 0x80000000
-> size     = 0x10000000
DRAM bank   = 0x00000001
-> start    = 0x80000000
-> size     = 0x00000000
ethaddr     = 08:00:28:10:66:80
ip_addr     = 192.168.1.9
baudrate    = 115200 bps
AM3517_CRANE # 
- 00:32:07 [INFO] Host: printenv
- 00:32:07 [INFO] Target: 
printenv
baudrate=115200
loadaddr=0x82000000
nandargs=setenv bootargs console=${console} root=/dev/mtdblock4 rw rootfstype=jffs2 eth=${ethaddr} ip=dhcp
loadbootscript=fatload mmc 0 ${loadaddr} boot.scr
bootscript=echo Running bootscript from mmc ...; source ${loadaddr}
loaduimage=fatload mmc 0 ${loadaddr} uImage
mmcboot=echo Booting from mmc ...; run mmcargs; bootm ${loadaddr}
nandboot=echo Booting from nand ...; run nandargs; nand read ${loadaddr} 480000 500000; bootm ${loadaddr}
dieid#=7b4e000100000000015da3961501500d
ethact=DaVinci EMAC
filesize=F40000
ipaddr=192.168.1.9
serverip=128.247.91.123
oldbootcmd=if mmc init; then if run loadbootscript; then run bootscript; else if run loaduimage; then run mmcboot; else run nandboot; fi; fi; else run nandboot; fi
mmcargs=setenv bootargs console=ttyS2,115200n8 root=/dev/mmcblk0p2 rw rootfstype=ext3 rootwait eth=08:00:28:10:66:80 ip=dhcp earlyprintk
console=ttyO2,115200n8
bootcmd=dhcp /tftpboot/kernel/${bootfile}; bootm
bootargs=console=ttyO2,115200n8 debug ignore_loglevel earlyprintk root=/dev/mmcblk0p2 rw rootfstype=ext3 rootwait nohlt
bootfile=/tftpboot/kernel/uImage.am3517-craneboard
bootdelay=15
ethaddr=08:00:28:10:66:80
Environment size: 1179/131068 bytes
AM3517_CRANE # 
- 00:32:07 [INFO] Host: setenv autoload 'no'
- 00:32:07 [INFO] Target: 
setenv autoload 'no'
AM3517_CRANE # 
- 00:32:07 [INFO] Host: dhcp
- 00:32:09 [INFO] Target: 
dhcp
BOOTP broadcast 1
DHCP client bound to address 192.168.1.189
AM3517_CRANE # 
- 00:32:09 [INFO] Host: setenv serverip 192.168.1.254
- 00:32:09 [INFO] Target: 
setenv serverip 192.168.1.254
AM3517_CRANE # 
- 00:32:09 [INFO] Host: setenv bootargs 'console=ttyO2,115200n8 earlyprintk rootwait ip=dhcp root=/dev/mmcblk0p2 rw rootfstype=ext3 nohlt'
- 00:32:09 [INFO] Target: 
setenv bootargs 'console=ttyO2,115200n8 earlyprintk rootwait ip=dhcp root=/dev/mmcblk0p2 rw rootfstype=ext3 nohlt'
AM3517_CRANE # 
- 00:32:09 [INFO] Host: setenv loadaddr 0x82800000
- 00:32:09 [INFO] Target: 
setenv loadaddr 0x82800000
AM3517_CRANE # 
- 00:32:09 [INFO] Host: setenv bootcmd 'tftp ${loadaddr} 192.168.1.254:vatf_craneboard/3999925b81b20ce39b57a44dc355e24f; bootm ${loadaddr}'
- 00:32:10 [INFO] Target: 
setenv bootcmd 'tftp ${loadaddr} 192.168.1.254:vatf_craneboard/3999925b81b20ce39b57a44dc355e24f; bootm ${loadaddr}'
AM3517_CRANE # 
- 00:32:10 [INFO] Host: printenv
- 00:32:10 [INFO] Target: 
printenv
baudrate=115200
nandargs=setenv bootargs console=${console} root=/dev/mtdblock4 rw rootfstype=jffs2 eth=${ethaddr} ip=dhcp
loadbootscript=fatload mmc 0 ${loadaddr} boot.scr
bootscript=echo Running bootscript from mmc ...; source ${loadaddr}
loaduimage=fatload mmc 0 ${loadaddr} uImage
mmcboot=echo Booting from mmc ...; run mmcargs; bootm ${loadaddr}
nandboot=echo Booting from nand ...; run nandargs; nand read ${loadaddr} 480000 500000; bootm ${loadaddr}
dieid#=7b4e000100000000015da3961501500d
ethact=DaVinci EMAC
filesize=F40000
oldbootcmd=if mmc init; then if run loadbootscript; then run bootscript; else if run loaduimage; then run mmcboot; else run nandboot; fi; fi; else run nandboot; fi
mmcargs=setenv bootargs console=ttyS2,115200n8 root=/dev/mmcblk0p2 rw rootfstype=ext3 rootwait eth=08:00:28:10:66:80 ip=dhcp earlyprintk
console=ttyO2,115200n8
bootdelay=15
ethaddr=08:00:28:10:66:80
autoload=no
bootfile=/tftpboot/kernel/uImage.am3517-craneboard
netmask=255.255.255.0
ipaddr=192.168.1.189
dnsip=192.0.2.2
dnsip2=192.0.2.3
serverip=192.168.1.254
bootargs=console=ttyO2,115200n8 earlyprintk rootwait ip=dhcp root=/dev/mmcblk0p2 rw rootfstype=ext3 nohlt
loadaddr=0x82800000
bootcmd=tftp ${loadaddr} 192.168.1.254:vatf_craneboard/3999925b81b20ce39b57a44dc355e24f; bootm ${loadaddr}
Environment size: 1291/131068 bytes
AM3517_CRANE # 
- 00:32:10 [INFO] Host: boot
- 00:32:59 [INFO] Target: 
boot
Using DaVinci EMAC device
TFTP from server 192.168.1.254; our IP address is 192.168.1.189
Filename 'vatf_craneboard/3999925b81b20ce39b57a44dc355e24f'.
Load address: 0x82800000
Loading: *#################################################################
	 #################################################################
	 #################################################################
	 #################################################################
	 #################################################################
	 #################################################################
	 #################################################################
	 #################################################################
	 #################################################################
	 #################################################################
	 #################################################################
	 ##########
done
Bytes transferred = 3707046 (3890a6 hex)
## Booting kernel from Legacy Image at 82800000 ...
   Image Name:   Linux-4.4.0-next-20160114-00002-
   Image Type:   ARM Linux Kernel Image (uncompressed)
   Data Size:    3706982 Bytes =  3.5 MB
   Load Address: 81000000
   Entry Point:  81000000
   Verifying Checksum ... OK
   Loading Kernel Image ... OK
Starting kernel ...
[    0.000000] Booting Linux on physical CPU 0x0
[    0.000000] Linux version 4.4.0-next-20160114-00002-g269b2969d0b6 (nmenon@horus) (gcc version 4.9.3 20150413 (prerelease) (Linaro GCC 4.9-2015.05) ) #1 SMP Thu Jan 14 00:26:52 CST 2016
[    0.000000] CPU: ARMv7 Processor [411fc087] revision 7 (ARMv7), cr=10c5387d
[    0.000000] CPU: PIPT / VIPT nonaliasing data cache, VIPT nonaliasing instruction cache
[    0.000000] Machine model: TI AM3517 CraneBoard (TMDSEVM3517)
[    0.000000] cma: Reserved 16 MiB at 0x8e800000
[    0.000000] Memory policy: Data cache writeback
[    0.000000] CPU: All CPU(s) started in SVC mode.
[    0.000000] AM3517 ES1.1 (l2cache sgx neon )
[    0.000000] PERCPU: Embedded 15 pages/cpu @cfb40000 s29120 r8192 d24128 u61440
[    0.000000] Built 1 zonelists in Zone order, mobility grouping on.  Total pages: 64448
[    0.000000] Kernel command line: console=ttyO2,115200n8 earlyprintk rootwait ip=dhcp root=/dev/mmcblk0p2 rw rootfstype=ext3 nohlt
[    0.000000] PID hash table entries: 1024 (order: 0, 4096 bytes)
[    0.000000] Dentry cache hash table entries: 32768 (order: 5, 131072 bytes)
[    0.000000] Inode-cache hash table entries: 16384 (order: 4, 65536 bytes)
[    0.000000] Memory: 222120K/260096K available (6721K kernel code, 770K rwdata, 2280K rodata, 460K init, 8267K bss, 21592K reserved, 16384K cma-reserved, 0K highmem)
[    0.000000] Virtual kernel memory layout:
[    0.000000]     vector  : 0xffff0000 - 0xffff1000   (   4 kB)
[    0.000000]     fixmap  : 0xffc00000 - 0xfff00000   (3072 kB)
[    0.000000]     vmalloc : 0xd0800000 - 0xff800000   ( 752 MB)
[    0.000000]     lowmem  : 0xc0000000 - 0xd0000000   ( 256 MB)
[    0.000000]     pkmap   : 0xbfe00000 - 0xc0000000   (   2 MB)
[    0.000000]     modules : 0xbf000000 - 0xbfe00000   (  14 MB)
[    0.000000]       .text : 0xc0008000 - 0xc08d2848   (9003 kB)
[    0.000000]       .init : 0xc08d3000 - 0xc0946000   ( 460 kB)
[    0.000000]       .data : 0xc0946000 - 0xc0a06934   ( 771 kB)
[    0.000000]        .bss : 0xc0a09000 - 0xc121bfa0   (8268 kB)
[    0.000000] Running RCU self tests
[    0.000000] Hierarchical RCU implementation.
[    0.000000] 	RCU lockdep checking is enabled.
[    0.000000] 	Build-time adjustment of leaf fanout to 32.
[    0.000000] 	RCU restricting CPUs from NR_CPUS=2 to nr_cpu_ids=1.
[    0.000000] RCU: Adjusting geometry for rcu_fanout_leaf=32, nr_cpu_ids=1
[    0.000000] NR_IRQS:16 nr_irqs:16 16
[    0.000000] IRQ: Found an INTC at 0xfa200000 (revision 4.0) with 96 interrupts
[    0.000000] Clocking rate (Crystal/Core/MPU): 26.0/332/500 MHz
[    0.000000] OMAP clockevent source: timer2 at 13000000 Hz
[    0.000032] sched_clock: 32 bits at 13MHz, resolution 76ns, wraps every 165191050201ns
[    0.000080] clocksource: timer1: mask: 0xffffffff max_cycles: 0xffffffff, max_idle_ns: 147020034397 ns
[    0.000197] OMAP clocksource: timer1 at 13000000 Hz
[    0.001980] Console: colour dummy device 80x30
[    0.002094] Lock dependency validator: Copyright (c) 2006 Red Hat, Inc., Ingo Molnar
[    0.002117] ... MAX_LOCKDEP_SUBCLASSES:  8
[    0.002136] ... MAX_LOCK_DEPTH:          48
[    0.002154] ... MAX_LOCKDEP_KEYS:        8191
[    0.002171] ... CLASSHASH_SIZE:          4096
[    0.002188] ... MAX_LOCKDEP_ENTRIES:     32768
[    0.002206] ... MAX_LOCKDEP_CHAINS:      65536
[    0.002223] ... CHAINHASH_SIZE:          32768
[    0.002241]  memory used by lock dependency info: 5167 kB
[    0.002259]  per task-struct memory footprint: 1536 bytes
[    0.002309] Calibrating delay loop... 496.43 BogoMIPS (lpj=2482176)
[    0.094977] pid_max: default: 32768 minimum: 301
[    0.095853] Security Framework initialized
[    0.096127] Mount-cache hash table entries: 1024 (order: 0, 4096 bytes)
[    0.096157] Mountpoint-cache hash table entries: 1024 (order: 0, 4096 bytes)
[    0.103148] CPU: Testing write buffer coherency: ok
[    0.106754] CPU0: thread -1, cpu 0, socket -1, mpidr 0
[    0.106990] Setting up static identity map for 0x80008280 - 0x800082f0
[    0.114615] Brought up 1 CPUs
[    0.114656] SMP: Total of 1 processors activated (496.43 BogoMIPS).
[    0.114679] CPU: All CPU(s) started in SVC mode.
[    0.122861] devtmpfs: initialized
[    0.258797] VFP support v0.3: implementor 41 architecture 3 part 30 variant c rev 1
[    0.260631] clocksource: jiffies: mask: 0xffffffff max_cycles: 0xffffffff, max_idle_ns: 19112604462750000 ns
[    0.264402] pinctrl core: initialized pinctrl subsystem
[    0.275994] NET: Registered protocol family 16
[    0.289013] DMA: preallocated 256 KiB pool for atomic coherent allocations
[    0.379367] omap_hwmod: mcbsp2_sidetone using broken dt data from mcbsp
[    0.381979] omap_hwmod: mcbsp3_sidetone using broken dt data from mcbsp
[    0.490048] cpuidle: using governor ladder
[    0.490118] cpuidle: using governor menu
[    0.491148] Reprogramming SDRC clock to 332000000 Hz
[    0.496720] Address Hole seen by USB_OTG  at address dc6346bc
[    0.496755] ------------[ cut here ]------------
[    0.496811] WARNING: CPU: 0 PID: 1 at drivers/bus/omap_l3_smx.c:166 omap3_l3_app_irq+0xdc/0x130()
[    0.496832] Modules linked in:
[    0.496873] CPU: 0 PID: 1 Comm: swapper/0 Not tainted 4.4.0-next-20160114-00002-g269b2969d0b6 #1
[    0.496894] Hardware name: Generic AM3517 (Flattened Device Tree)
[    0.496949] [<c0017d3c>] (unwind_backtrace) from [<c0014078>] (show_stack+0x10/0x14)
[    0.496982] [<c0014078>] (show_stack) from [<c035f31c>] (dump_stack+0x84/0x9c)
[    0.497026] [<c035f31c>] (dump_stack) from [<c003c858>] (warn_slowpath_common+0x78/0xb4)
[    0.497060] [<c003c858>] (warn_slowpath_common) from [<c003c930>] (warn_slowpath_null+0x1c/0x24)
[    0.497096] [<c003c930>] (warn_slowpath_null) from [<c038b9d4>] (omap3_l3_app_irq+0xdc/0x130)
[    0.497136] [<c038b9d4>] (omap3_l3_app_irq) from [<c009cbf8>] (handle_irq_event_percpu+0x44/0x1f0)
[    0.497167] [<c009cbf8>] (handle_irq_event_percpu) from [<c009cddc>] (handle_irq_event+0x38/0x5c)
[    0.497201] [<c009cddc>] (handle_irq_event) from [<c009fe60>] (handle_level_irq+0xb8/0x14c)
[    0.497232] [<c009fe60>] (handle_level_irq) from [<c009c29c>] (generic_handle_irq+0x20/0x34)
[    0.497260] [<c009c29c>] (generic_handle_irq) from [<c009c590>] (__handle_domain_irq+0x64/0xe0)
[    0.497300] [<c009c590>] (__handle_domain_irq) from [<c0669b78>] (__irq_svc+0x58/0x78)
[    0.497335] [<c0669b78>] (__irq_svc) from [<c0669384>] (_raw_spin_unlock_irqrestore+0x34/0x44)
[    0.497367] [<c0669384>] (_raw_spin_unlock_irqrestore) from [<c009e904>] (__setup_irq+0x26c/0x5f8)
[    0.497398] [<c009e904>] (__setup_irq) from [<c009ede0>] (request_threaded_irq+0xc0/0x158)
[    0.497431] [<c009ede0>] (request_threaded_irq) from [<c038bb10>] (omap3_l3_probe+0xe8/0x16c)
[    0.497472] [<c038bb10>] (omap3_l3_probe) from [<c03faa50>] (platform_drv_probe+0x50/0xac)
[    0.497505] [<c03faa50>] (platform_drv_probe) from [<c03f9028>] (driver_probe_device+0x208/0x2c0)
[    0.497536] [<c03f9028>] (driver_probe_device) from [<c03f741c>] (bus_for_each_drv+0x64/0x98)
[    0.497565] [<c03f741c>] (bus_for_each_drv) from [<c03f8d3c>] (__device_attach+0xb0/0x118)
[    0.497594] [<c03f8d3c>] (__device_attach) from [<c03f8378>] (bus_probe_device+0x88/0x90)
[    0.497638] [<c03f8378>] (bus_probe_device) from [<c03f671c>] (device_add+0x3bc/0x56c)
[    0.497680] [<c03f671c>] (device_add) from [<c04f21e0>] (of_platform_device_create_pdata+0x80/0xb8)
[    0.497714] [<c04f21e0>] (of_platform_device_create_pdata) from [<c04f2300>] (of_platform_bus_create+0xdc/0x18c)
[    0.497746] [<c04f2300>] (of_platform_bus_create) from [<c04f24dc>] (of_platform_populate+0x5c/0xac)
[    0.497789] [<c04f24dc>] (of_platform_populate) from [<c08e6918>] (pdata_quirks_init+0x54/0x74)
[    0.497823] [<c08e6918>] (pdata_quirks_init) from [<c08e6540>] (omap_generic_init+0x10/0x1c)
[    0.497856] [<c08e6540>] (omap_generic_init) from [<c08d6830>] (customize_machine+0x1c/0x40)
[    0.497890] [<c08d6830>] (customize_machine) from [<c0009824>] (do_one_initcall+0x80/0x1e0)
[    0.497934] [<c0009824>] (do_one_initcall) from [<c08d3ee0>] (kernel_init_freeable+0x214/0x2e4)
[    0.497982] [<c08d3ee0>] (kernel_init_freeable) from [<c066307c>] (kernel_init+0x8/0xf0)
[    0.498022] [<c066307c>] (kernel_init) from [<c000f8d0>] (ret_from_fork+0x14/0x24)
[    0.498223] ---[ end trace eff4318df2018153 ]---
[    0.504783] platform 480c5000.aes: Cannot lookup hwmod 'aes'
[    0.516926] OMAP GPIO hardware version 2.5
[    0.555305] platform 480c3000.sham: Cannot lookup hwmod 'sham'
[    0.556461] platform 480cb000.smartreflex: Cannot lookup hwmod 'smartreflex_core'
[    0.572082] omap-gpmc 6e000000.gpmc: GPMC revision 5.0
[    0.572468] gpmc_mem_init: disabling cs 0 mapped at 0x0-0x1000000
[    0.574051] platform 480ab000.usb_otg_hs: Cannot lookup hwmod 'usb_otg_hs'
[    0.579955] No ATAGs?
[    0.580010] hw-breakpoint: debug architecture 0x4 unsupported.
[    0.581727] omap4_sram_init:Unable to allocate sram needed to handle errata I688
[    0.581771] omap4_sram_init:Unable to get sram pool needed to handle errata I688
[    0.584078] OMAP DMA hardware revision 4.0
[    0.656216] omap-dma-engine 48056000.dma-controller: OMAP DMA engine driver
[    0.667026] SCSI subsystem initialized
[    0.675442] tps65910 0-002d: could not find pctldev for node /ocp/l4@48000000/scm@2000/pinmux@30/pinmux_tps_pins, deferring probe
[    0.675712] omap_i2c 48070000.i2c: bus 0 rev3.3 at 2600 kHz
[    0.676588] pps_core: LinuxPPS API ver. 1 registered
[    0.676618] pps_core: Software ver. 5.3.6 - Copyright 2005-2007 Rodolfo Giometti <giometti@linux.it>
[    0.676747] PTP clock support registered
[    0.684828] clocksource: Switched to clocksource timer1
[    0.927634] VFS: Disk quotas dquot_6.6.0
[    0.927947] VFS: Dquot-cache hash table entries: 1024 (order 0, 4096 bytes)
[    0.998043] NET: Registered protocol family 2
[    1.002000] TCP established hash table entries: 2048 (order: 1, 8192 bytes)
[    1.002130] TCP bind hash table entries: 2048 (order: 4, 73728 bytes)
[    1.003342] TCP: Hash tables configured (established 2048 bind 2048)
[    1.003862] UDP hash table entries: 256 (order: 2, 20480 bytes)
[    1.004214] UDP-Lite hash table entries: 256 (order: 2, 20480 bytes)
[    1.006364] NET: Registered protocol family 1
[    1.009780] RPC: Registered named UNIX socket transport module.
[    1.009826] RPC: Registered udp transport module.
[    1.009850] RPC: Registered tcp transport module.
[    1.009874] RPC: Registered tcp NFSv4.1 backchannel transport module.
[    1.019008] hw perfevents: enabled with armv7_cortex_a8 PMU driver, 5 counters available
[    1.029972] futex hash table entries: 256 (order: 2, 16384 bytes)
[    1.030479] audit: initializing netlink subsys (disabled)
[    1.030926] audit: type=2000 audit(1.020:1): initialized
[    1.046310] NFS: Registering the id_resolver key type
[    1.047111] Key type id_resolver registered
[    1.047149] Key type id_legacy registered
[    1.047566] jffs2: version 2.2. (NAND) (SUMMARY)   2001-2006 Red Hat, Inc.
[    1.059359] io scheduler noop registered
[    1.059427] io scheduler deadline registered
[    1.059548] io scheduler cfq registered (default)
[    1.063650] pinctrl-single 48002030.pinmux: 284 pins at pa fa002030 size 568
[    1.065040] pinctrl-single 48002a00.pinmux: 46 pins at pa fa002a00 size 92
[    1.066472] pinctrl-single 480025d8.pinmux: 18 pins at pa fa0025d8 size 36
[    1.075055] Serial: 8250/16550 driver, 4 ports, IRQ sharing enabled
[    1.088226] omap_uart 4806a000.serial: no wakeirq for uart0
[    1.089138] 4806a000.serial: ttyO0 at MMIO 0x4806a000 (irq = 88, base_baud = 3000000) is a OMAP UART0
[    1.093161] omap_uart 4806c000.serial: no wakeirq for uart1
[    1.093891] 4806c000.serial: ttyO1 at MMIO 0x4806c000 (irq = 89, base_baud = 3000000) is a OMAP UART1
[    1.096907] omap_uart 49020000.serial: no wakeirq for uart2
[    1.097521] 49020000.serial: ttyO2 at MMIO 0x49020000 (irq = 90, base_baud = 3000000) is a OMAP UART2
[    2.223932] console [ttyO2] enabled
[    2.309868] brd: module loaded
[    2.361077] loop: module loaded
[    2.369953] mtdoops: mtd device (mtddev=name/number) must be supplied
[    2.444757] davinci_mdio davinci_mdio.0: davinci mdio revision 1.5
[    2.451269] davinci_mdio davinci_mdio.0: detected phy mask fffffffe
[    2.465000] libphy: davinci_mdio.0: probed
[    2.469384] davinci_mdio davinci_mdio.0: phy[0]: device davinci_mdio.0:00, driver SMSC LAN8710/LAN8720
[    2.486063] mousedev: PS/2 mouse device common for all mice
[    2.492019] i2c /dev entries driver
[    2.507654] ledtrig-cpu: registered to indicate activity on CPUs
[    2.516699] oprofile: using arm/armv7
[    2.522094] Initializing XFRM netlink socket
[    2.527641] NET: Registered protocol family 10
[    2.538055] sit: IPv6 over IPv4 tunneling driver
[    2.548113] NET: Registered protocol family 17
[    2.553010] NET: Registered protocol family 15
[    2.558680] Key type dns_resolver registered
[    2.563662] omap2_set_init_voltage: unable to find boot up OPP for vdd_mpu_iva
[    2.571432] omap2_set_init_voltage: unable to set vdd_mpu_iva
[    2.577640] omap2_set_init_voltage: unable to find boot up OPP for vdd_core
[    2.585076] omap2_set_init_voltage: unable to set vdd_core
[    2.593081] PM: no software I/O chain control; some wakeups may be lost
[    2.600312] pm: Failed to request pm_wkup irq
[    2.605095] ThumbEE CPU extension supported.
[    2.609697] Registering SWP/SWPB emulation handler
[    2.614878] SmartReflex Class3 initialized
[    2.709844] omap_hsmmc 4809c000.mmc: omap_device: omap_device_enable() called from invalid state 1
[    2.720205] vdd_shv: supplied by vbat
[    2.729714] vdd_shv: voltage operation not allowed
[    2.735030] omap_hsmmc 4809c000.mmc: could not set regulator OCR (-1)
[    2.779983] davinci_emac davinci_emac.0: using random MAC addr: 4e:1a:54:56:8c:85
[    2.793912] hctosys: unable to open rtc device (rtc0)
[    2.799461] sr_init: No PMIC hook to init smartreflex
[    2.805457] sr_init: platform driver register failed for SR
[    2.920725] davinci_mdio davinci_mdio.0: resetting idled controller
[    2.928142] SMSC LAN8710/LAN8720 davinci_mdio.0:00: attached PHY driver [SMSC LAN8710/LAN8720] (mii_bus:phy_addr=davinci_mdio.0:00, irq=-1)
[    2.941788] IPv6: ADDRCONF(NETDEV_UP): eth0: link is not ready
[    3.083622] mmc0: host does not support reading read-only switch, assuming write-enable
[    3.095106] mmc0: new high speed SDHC card at address 1234
[    3.106619] mmcblk0: mmc0:1234 SA04G 3.64 GiB 
[    3.119448]  mmcblk0: p1 p2
[    5.944969] davinci_emac davinci_emac.0 eth0: Link is Up - 100Mbps/Full - flow control rx/tx
[    5.954178] IPv6: ADDRCONF(NETDEV_CHANGE): eth0: link becomes ready
[    5.964697] Sending DHCP requests ., OK
[    7.025226] IP-Config: Got DHCP answer from 192.168.1.254, my address is 192.168.1.197
[    7.035003] IP-Config: Complete:
[    7.038458]      device=eth0, hwaddr=4e:1a:54:56:8c:85, ipaddr=192.168.1.197, mask=255.255.255.0, gw=192.168.1.254
[    7.049501]      host=192.168.1.197, domain=tidfarm-05.internal.ti.com, nis-domain=(none)
[    7.058217]      bootserver=192.168.1.254, rootserver=192.168.1.254, rootpath=     nameserver0=192.0.2.2, nameserver1=192.0.2.3
[    7.089018] EXT4-fs (mmcblk0p2): mounting ext3 file system using the ext4 subsystem
[   15.347376] 
[   15.349003] =============================================
[   15.354718] [ INFO: possible recursive locking detected ]
[   15.360439] 4.4.0-next-20160114-00002-g269b2969d0b6 #1 Tainted: G        W      
[   15.368262] ---------------------------------------------
[   15.373976] kthreadd/74 is trying to acquire lock:
[   15.379050]  (rcu_read_lock){......}, at: [<c008a298>] cpuacct_charge+0x0/0x1bc
[   15.386876] 
[   15.386876] but task is already holding lock:
[   15.393050]  (&p->pi_lock){-.-.-.}, at: [<c0068c3c>] try_to_wake_up+0x30/0x468
[   15.400757] 
[   15.400757] other info that might help us debug this:
[   15.407667]  Possible unsafe locking scenario:
[   15.407667] 
[   15.413933]        CPU0
[   15.416523]        ----
[   15.419112]   lock(&p->pi_lock);
[   15.422552]   lock(&p->pi_lock);
[   15.425993] 
[   15.425993]  *** DEADLOCK ***
[   15.425993] 
[   15.432261]  May be due to missing lock nesting notation
[   15.432261] 
[   15.439447] 3 locks held by kthreadd/74:
[   15.443598]  #0:  (&x->wait){......}, at: [<c0084278>] complete+0x14/0x44
[   15.450853]  #1:  (&p->pi_lock){-.-.-.}, at: [<c0068c3c>] try_to_wake_up+0x30/0x468
[   15.459023]  #2:  (&rq->lock){-.-.-.}, at: [<c0068df8>] try_to_wake_up+0x1ec/0x468
[   15.467099] 
[   15.467099] stack backtrace:
[   15.471724] CPU: 0 PID: 74 Comm: kthreadd Tainted: G        W       4.4.0-next-20160114-00002-g269b2969d0b6 #1
[   15.482302] Hardware name: Generic AM3517 (Flattened Device Tree)
[   15.488778] [<c0017d3c>] (unwind_backtrace) from [<c0014078>] (show_stack+0x10/0x14)
[   15.496903] [<c0014078>] (show_stack) from [<c035f31c>] (dump_stack+0x84/0x9c)
[   15.504486] [<c035f31c>] (dump_stack) from [<c0090b3c>] (__lock_acquire+0x1440/0x1d64)
[   15.512790] [<c0090b3c>] (__lock_acquire) from [<c0091c88>] (lock_acquire+0xac/0x12c)
[   15.521005] [<c0091c88>] (lock_acquire) from [<c008a2dc>] (cpuacct_charge+0x44/0x1bc)
[   15.529221] [<c008a2dc>] (cpuacct_charge) from [<c00749d4>] (update_curr+0x14c/0x1f8)
[   15.537516] [<c00749d4>] (update_curr) from [<c00786dc>] (enqueue_entity+0x3c/0x11cc)
[   15.545803] [<c00786dc>] (enqueue_entity) from [<c00798c4>] (enqueue_task_fair+0x58/0xc40)
[   15.554557] [<c00798c4>] (enqueue_task_fair) from [<c0067edc>] (ttwu_do_activate.constprop.26+0x44/0xa8)
[   15.564596] [<c0067edc>] (ttwu_do_activate.constprop.26) from [<c0068e0c>] (try_to_wake_up+0x200/0x468)
[   15.574544] [<c0068e0c>] (try_to_wake_up) from [<c0083ab8>] (__wake_up_common+0x4c/0x80)
[   15.583115] [<c0083ab8>] (__wake_up_common) from [<c0083b00>] (__wake_up_locked+0x14/0x1c)
[   15.591870] [<c0083b00>] (__wake_up_locked) from [<c0084298>] (complete+0x34/0x44)
[   15.599890] [<c0084298>] (complete) from [<c005ca0c>] (kthread+0xac/0xf0)
[   15.607091] [<c005ca0c>] (kthread) from [<c000f8d0>] (ret_from_fork+0x14/0x24)
[   16.277814] EXT4-fs (mmcblk0p2): recovery complete
[   16.287474] EXT4-fs (mmcblk0p2): mounted filesystem with ordered data mode. Opts: (null)
[   16.296333] VFS: Mounted root (ext3 filesystem) on device 179:2.
[   16.309293] devtmpfs: mounted
[   16.314135] Freeing unused kernel memory: 460K (c08d3000 - c0946000)
INIT: version 2.88 booting
Error opening /dev/fb0: No such file or directory
/dev/ttyO2 linked to /dev/tty-bd - using as console
Starting udev
[   17.687771] udevd[119]: starting version 182
[   25.493618] FAT-fs (mmcblk0p1): Volume was not properly unmounted. Some data may be corrupt. Please run fsck.
ERROR: could not open directory /lib/modules/4.4.0-next-20160114-00002-g269b2969d0b6: No such file or directory
WARNING: -e needs -E or -F
ERROR: could not open directory /lib/modules/4.4.0-next-20160114-00002-g269b2969d0b6: No such file or directory
FATAL: could not search modules: No such file or directory
Starting Bootlog daemon: bootlogd: cannot allocate pseudo tty: No such file or directory
bootlogd.
[   26.314857] EXT4-fs (mmcblk0p2): re-mounted. Opts: data=ordered
[   26.458368] random: dd urandom read with 77 bits of entropy available
ALSA: Restoring mixer settings...
/usr/sbin/alsactl: load_state:1696: No soundcards found...
Configuring network interfaces... udhcpc (v1.20.2) started
Sending discover...
Sending select for 192.168.1.197...
Lease of 192.168.1.197 obtained, lease time 600
/etc/udhcpc.d/50default: Adding DNS 192.0.2.2
/etc/udhcpc.d/50default: Adding DNS 192.0.2.3
done.
hwclock: can't open '/dev/misc/rtc': No such file or directory
Wed Dec 23 03:50:00 UTC 2015
hwclock: can't open '/dev/misc/rtc': No such file or directory
INIT: Entering runlevel: 3
/dev/ttyO2 linked to /dev/tty-bd - using as console
Starting system message bus: dbus.
Starting Dropbear SSH server: dropbear.
Starting telnet daemon.
hwclock: can't open '/dev/misc/rtc': No such file or directory
Starting syslogd/klogd: done
Starting thttpd.
Starting Lighttpd Web Server: lighttpd.
2015-12-23 03:50:01: (log.c.166) server started 
[   31.721910] random: nonblocking pool is initialized
***************************************************************
***************************************************************
NOTICE: This file system contains the followin GPLv3 packages:
	binutils-symlinks
	binutils
	gdbserver
	parted
If you do not wish to distribute GPLv3 components please remove
the above packages prior to distribution.  This can be done using
the opkg remove command.  i.e.:
    opkg remove <package>
Where <package> is the name printed in the list above
NOTE: If the package is a dependency of another package you
      will be notified of the dependent packages.  You should
      use the --force-removal-of-dependent-packages option to
      also remove the dependent packages as well
***************************************************************
***************************************************************
Stopping Bootlog daemon: bootlogd.
 _____                    _____           _         _   
|  _  |___ ___ ___ ___   |  _  |___ ___  |_|___ ___| |_ 
|     |  _| .'| . | . |  |   __|  _| . | | | -_|  _|  _|
|__|__|_| |__,|_  |___|  |__|  |_| |___|_| |___|___|_|  
              |___|                    |___|            
Arago Project http://arago-project.org GenericAM3517(FlattenedDeviceTree) tty-bd
Arago 2013.12 GenericAM3517(FlattenedDeviceTree) tty-bd
GenericAM3517(FlattenedDeviceTree) login: 
- 00:32:59 [INFO] Host: root
- 00:32:59 [INFO] Target: 
root
root@GenericAM3517(FlattenedDeviceTree):~# 
- 00:32:59 [INFO] Host: uname -a
- 00:33:00 [INFO] Target: 
uname -a
Linux GenericAM3517(FlattenedDeviceTree) 4.4.0-next-20160114-00002-g269b2969d0b6 #1 SMP Thu Jan 14 00:26:52 CST 2016 armv7l GNU/Linux
root@GenericAM3517(FlattenedDeviceTree):~# 
- 00:33:00 [INFO] Host: cat /proc/cmdline
- 00:33:00 [INFO] Target: 
cat /proc/cmdline
console=ttyO2,115200n8 earlyprintk rootwait ip=dhcp root=/dev/mmcblk0p2 rw rootfstype=ext3 nohlt
root@GenericAM3517(FlattenedDeviceTree):~# 
- 00:33:00 [INFO] Host: uname -a
- 00:33:00 [INFO] Target: 
uname -a
Linux GenericAM3517(FlattenedDeviceTree) 4.4.0-next-20160114-00002-g269b2969d0b6 #1 SMP Thu Jan 14 00:26:52 CST 2016 armv7l GNU/Linux
root@GenericAM3517(FlattenedDeviceTree):~# 
- 00:33:00 [INFO] Host: cat /proc/mtd
- 00:33:00 [INFO] Target: 
cat /proc/mtd
dev:    size   erasesize  name
root@GenericAM3517(FlattenedDeviceTree):~# 
- 00:33:01 [INFO] Host: export IPERFHOST=192.168.1.254
- 00:33:01 [INFO] Target: 
export IPERFHOST=192.168.1.254
root@GenericAM3517(FlattenedDeviceTree):~# 
- 00:33:01 [INFO] Host: export NFS_SERVER=192.168.1.254
- 00:33:01 [INFO] Target: 
export NFS_SERVER=192.168.1.254
root@GenericAM3517(FlattenedDeviceTree):~# 
- 00:33:01 [INFO] Host: export NFS_ROOT_PATH=/home/NFS_exports/crane
- 00:33:02 [INFO] Target: 
export NFS_ROOT_PATH=/home/NFS_export 
s/crane
root@GenericAM3517(FlattenedDeviceTree):~# 
- 00:33:02 [INFO] Host: export AP_SSID=
- 00:33:02 [INFO] Target: 
export AP_SSID=
root@GenericAM3517(FlattenedDeviceTree):~# 
- 00:33:02 [INFO] Host: mkdir -p -m 777 /test
- 00:33:02 [INFO] Target: 
mkdir -p -m 777 /test
root@GenericAM3517(FlattenedDeviceTree):~# 
- 00:33:02 [INFO] Host: cd /test
- 00:33:02 [INFO] Target: 
cd /test
root@GenericAM3517(FlattenedDeviceTree):/test# 
- 00:33:02 [INFO] Host: cat > test.sh << EOF
- 00:33:02 [INFO] Target: 
cat > test.sh << EOF
- 00:33:02 [INFO] Host: failtest() {
- 00:33:02 [INFO] Target: 
failtest() {
- 00:33:02 [INFO] Host:   echo 1 >&3
- 00:33:02 [INFO] Target: 
  echo 1 >&3
- 00:33:02 [INFO] Host: }
- 00:33:02 [INFO] Target: 
- 00:33:02 [INFO] Host: timeout=600
- 00:33:02 [INFO] Target: 
timeout=600
- 00:33:02 [INFO] Host: 
- 00:33:02 [INFO] Target: 
- 00:33:02 [INFO] Host: # Start of user's script logic
- 00:33:03 [INFO] Target: 
# Start of user's script logic
- 00:33:03 [INFO] Host: mount -t proc proc /proc 2>/dev/null;
- 00:33:03 [INFO] Target: 
mount -t proc proc /proc 2>/dev/null;
- 00:33:03 [INFO] Host: 
- 00:33:03 [INFO] Target: 
- 00:33:03 [INFO] Host: mount -t sysfs sys /sys 2>/dev/null;
- 00:33:03 [INFO] Target: 
mount -t sysfs sys /sys 2>/dev/null;
- 00:33:03 [INFO] Host: 
- 00:33:03 [INFO] Target: 
- 00:33:03 [INFO] Host: mount -t debugfs none /sys/kernel/debug 2>/dev/null;
- 00:33:03 [INFO] Target: 
mount -t debugfs none /sys/kernel/debug 2>/dev/null;
- 00:33:03 [INFO] Host: 
- 00:33:03 [INFO] Target: 
- 00:33:03 [INFO] Host: echo 'cpuinfo:';cat /proc/cpuinfo; echo '=======';
- 00:33:03 [INFO] Target: 
echo 'cpuinfo:';cat /proc/cpuinfo; echo '=======';
- 00:33:03 [INFO] Host: 
- 00:33:03 [INFO] Target: 
- 00:33:03 [INFO] Host: echo 'soc info:';head /sys/devices/soc0/* 2>/dev/null; echo '=======';
- 00:33:03 [INFO] Target: 
echo 'soc info:';head /sys/devices/soc0/* 2>/dev/null; echo '=======';
- 00:33:03 [INFO] Host: 
- 00:33:04 [INFO] Target: 
- 00:33:04 [INFO] Host: echo 'DT Model info'; head /proc/device-tree/name /proc/device-tree/model /proc/device-tree/compatible 2>/dev/null;echo; echo '=======';
- 00:33:04 [INFO] Target: 
echo 'DT Model info'; head /proc/device-tree/name /proc/device-tree/model /pro 
c/device-tree/compatible 2>/dev/null;echo; echo '=======';
- 00:33:04 [INFO] Host: 
- 00:33:04 [INFO] Target: 
- 00:33:04 [INFO] Host: echo 'interrupts:';cat /proc/interrupts; echo '=======';
- 00:33:04 [INFO] Target: 
echo 'interrupts:';cat /proc/interrupts; echo '=======';
- 00:33:04 [INFO] Host: 
- 00:33:04 [INFO] Target: 
- 00:33:04 [INFO] Host: echo 'Clk_summary:';cat /sys/kernel/debug/clk/clk_summary; echo '=======';
- 00:33:04 [INFO] Target: 
echo 'Clk_summary:';cat /sys/kernel/debug/clk/clk_summary; echo '=======';
- 00:33:04 [INFO] Host: 
- 00:33:04 [INFO] Target: 
- 00:33:04 [INFO] Host: echo "Available frequencies"; cat /sys/devices/system/cpu/cpu0/cpufreq/scaling_available_frequencies 2>/dev/null;echo '=======';
- 00:33:04 [INFO] Target: 
echo "Available frequencies"; cat /sys/devices/system/cpu/cpu0/cpufreq/scaling 
_available_frequencies 2>/dev/null;echo '=======';
- 00:33:04 [INFO] Host: 
- 00:33:04 [INFO] Target: 
- 00:33:04 [INFO] Host: TMPF=/tmp/a.\$\$; TMPF2=/tmp/b.\$\$; STR=""
- 00:33:05 [INFO] Target: 
TMPF=/tmp/a.\$\$; TMPF2=/tmp/b.\$\$; STR=""
- 00:33:05 [INFO] Host: 
- 00:33:05 [INFO] Target: 
- 00:33:05 [INFO] Host: cp /dev/kmsg \$TMPF &
- 00:33:05 [INFO] Target: 
cp /dev/kmsg \$TMPF &
- 00:33:05 [INFO] Host: 
- 00:33:05 [INFO] Target: 
- 00:33:05 [INFO] Host: PID=\$! ; sleep 5; kill -9 \$PID
- 00:33:05 [INFO] Target: 
PID=\$! ; sleep 5; kill -9 \$PID
- 00:33:05 [INFO] Host: 
- 00:33:05 [INFO] Target: 
- 00:33:05 [INFO] Host: 
- 00:33:05 [INFO] Target: 
- 00:33:05 [INFO] Host: 
- 00:33:05 [INFO] Target: 
- 00:33:05 [INFO] Host: cat \$TMPF|grep "^0">\$TMPF2; N=\`cat \$TMPF2|wc -l\`; if [ "\$N" -ne 0 ]; then STR="\$STR emerg=\$N";echo "===== EMERGE++";cat \$TMPF2|cut -d ';' -f2;echo "====="; fi
- 00:33:05 [INFO] Target: 
cat \$TMPF|grep "^0">\$TMPF2; N=\`cat \$TMPF2|wc -l\`; if [ "\$N" -ne 0 ]; the 
n STR="\$STR emerg=\$N";echo "===== EMERGE++";cat \$TMPF2|cut -d ';' -f2;echo "= 
===="; fi
- 00:33:05 [INFO] Host: 
- 00:33:05 [INFO] Target: 
- 00:33:05 [INFO] Host: cat \$TMPF|grep "^1">\$TMPF2; N=\`cat \$TMPF2|wc -l\`; if [ "\$N" -ne 0 ]; then STR="\$STR alert=\$N";echo "===== ALERT ==";cat \$TMPF2|cut -d ';' -f2;echo "====="; fi
- 00:33:06 [INFO] Target: 
cat \$TMPF|grep "^1">\$TMPF2; N=\`cat \$TMPF2|wc -l\`; if [ "\$N" -ne 0 ]; the 
n STR="\$STR alert=\$N";echo "===== ALERT ==";cat \$TMPF2|cut -d ';' -f2;echo "= 
===="; fi
- 00:33:06 [INFO] Host: 
- 00:33:06 [INFO] Target: 
- 00:33:06 [INFO] Host: cat \$TMPF|grep "^2">\$TMPF2; N=\`cat \$TMPF2|wc -l\`; if [ "\$N" -ne 0 ]; then STR="\$STR crit=\$N";echo "===== CRIT ==";cat \$TMPF2|cut -d ';' -f2;echo "====="; fi
- 00:33:06 [INFO] Target: 
cat \$TMPF|grep "^2">\$TMPF2; N=\`cat \$TMPF2|wc -l\`; if [ "\$N" -ne 0 ]; the 
n STR="\$STR crit=\$N";echo "===== CRIT ==";cat \$TMPF2|cut -d ';' -f2;echo "=== 
=="; fi
- 00:33:06 [INFO] Host: 
- 00:33:06 [INFO] Target: 
- 00:33:06 [INFO] Host: cat \$TMPF|grep "^3">\$TMPF2; N=\`cat \$TMPF2|wc -l\`; if [ "\$N" -ne 0 ]; then STR="\$STR err=\$N";echo "===== ERR ==";cat \$TMPF2|cut -d ';' -f2;echo "=====" ;fi
- 00:33:06 [INFO] Target: 
cat \$TMPF|grep "^3">\$TMPF2; N=\`cat \$TMPF2|wc -l\`; if [ "\$N" -ne 0 ]; the 
n STR="\$STR err=\$N";echo "===== ERR ==";cat \$TMPF2|cut -d ';' -f2;echo "===== 
" ;fi
- 00:33:06 [INFO] Host: 
- 00:33:06 [INFO] Target: 
- 00:33:06 [INFO] Host: cat \$TMPF|grep "^4">\$TMPF2; N=\`cat \$TMPF2|wc -l\`; if [ "\$N" -ne 0 ]; then STR="\$STR warn=\$N";echo "===== WARN ==";cat \$TMPF2|cut -d ';' -f2;echo "=====" ;fi
- 00:33:06 [INFO] Target: 
cat \$TMPF|grep "^4">\$TMPF2; N=\`cat \$TMPF2|wc -l\`; if [ "\$N" -ne 0 ]; the 
n STR="\$STR warn=\$N";echo "===== WARN ==";cat \$TMPF2|cut -d ';' -f2;echo "=== 
==" ;fi
- 00:33:06 [INFO] Host: 
- 00:33:06 [INFO] Target: 
- 00:33:06 [INFO] Host: rm \$TMPF \$TMPF2; echo "SUM""MARY RESULT: BOOT:" 'PASS: H''ello World' 'B''oard' "Booted" "Boot Log has::::\$STR:"
- 00:33:06 [INFO] Target: 
rm \$TMPF \$TMPF2; echo "SUM""MARY RESULT: BOOT:" 'PASS: H''ello World' 'B''oa 
rd' "Booted" "Boot Log has::::\$STR:"
- 00:33:06 [INFO] Host: 
- 00:33:06 [INFO] Target: 
- 00:33:06 [INFO] Host: EOF
- 00:33:07 [INFO] Target: 
root@GenericAM3517(FlattenedDeviceTree):/test# 
- 00:33:07 [INFO] Host: cd /test
- 00:33:07 [INFO] Target: 
cd /test
root@GenericAM3517(FlattenedDeviceTree):/test# 
- 00:33:07 [INFO] Host: chmod +x test.sh
- 00:33:07 [INFO] Target: 
chmod +x test.sh
root@GenericAM3517(FlattenedDeviceTree):/test# 
- 00:33:07 [INFO] Host: ./test.sh 2> stderr.log > stdout.log 3> result.log
- 00:33:14 [INFO] Target: 
./test.sh 2> stderr.log > stdout. 
log 3> result.log
root@GenericAM3517(FlattenedDeviceTree):/test# 
- 00:33:14 [INFO] Host: echo $?
- 00:33:14 [INFO] Target: 
echo $?
root@GenericAM3517(FlattenedDeviceTree):/test# 
- 00:33:14 [INFO] Host: cd /test
- 00:33:14 [INFO] Target: 
cd /test
root@GenericAM3517(FlattenedDeviceTree):/test# 
- 00:33:14 [INFO] Host: cat stdout.log
- 00:33:16 [INFO] Target: 
cat stdout.log
cpuinfo:
processor	: 0
model name	: ARMv7 Processor rev 7 (v7l)
BogoMIPS	: 496.43
Features	: half thumb fastmult vfp edsp thumbee neon vfpv3 tls vfpd32 
CPU implementer	: 0x41
CPU architecture: 7
CPU variant	: 0x1
CPU part	: 0xc08
CPU revision	: 7
Hardware	: Generic AM3517 (Flattened Device Tree)
Revision	: 0000
Serial		: 0000000000000000
=======
soc info:
==> /sys/devices/soc0/family <==
OMAP3
==> /sys/devices/soc0/machine <==
AM3517
==> /sys/devices/soc0/power <==
==> /sys/devices/soc0/revision <==
ES1.1
==> /sys/devices/soc0/subsystem <==
==> /sys/devices/soc0/type <==
==> /sys/devices/soc0/uevent <==
=======
DT Model info
==> /proc/device-tree/name <==
==> /proc/device-tree/model <==
TI AM3517 CraneBoard (TMDSEVM3517)
==> /proc/device-tree/compatible <==
ti,am3517-craneboardti,am3517ti,omap3
=======
interrupts:
           CPU0       
 23:          0      INTC   7 Edge      tps65910
 25:          0      INTC   9 Edge      l3-debug-irq
 26:          1      INTC  10 Edge      l3-app-irq
 28:          0      INTC  12 Edge      DMA
 29:       2493      INTC  13 Edge      omap-dma-engine
 36:          0      INTC  20 Edge      gpmc
 45:          0      INTC  29 Edge      48310000.gpio
 46:          0      INTC  30 Edge      49050000.gpio
 47:          0      INTC  31 Edge      49052000.gpio
 48:          0      INTC  32 Edge      49054000.gpio
 49:          0      INTC  33 Edge      49056000.gpio
 50:          0      INTC  34 Edge      49058000.gpio
 54:       2511      INTC  38 Edge      gp_timer
 72:        276      INTC  56 Edge      48070000.i2c
 83:          0      INTC  67 Edge      eth0
 84:         10      INTC  68 Edge      eth0
 85:         14      INTC  69 Edge      eth0
 86:          0      INTC  70 Edge      eth0
 90:       7905      INTC  74 Edge      OMAP UART2
 99:       4280      INTC  83 Edge      mmc0
IPI0:          0  CPU wakeup interrupts
IPI1:          0  Timer broadcast interrupts
IPI2:          0  Rescheduling interrupts
IPI3:          0  Function call interrupts
IPI4:          0  CPU stop interrupts
IPI5:          0  IRQ work interrupts
IPI6:          0  completion interrupts
Err:          0
=======
Clk_summary:
   clock                         enable_cnt  prepare_cnt        rate   accuracy   phase
----------------------------------------------------------------------------------------
 pclk_ck                                  0            0    27000000          0 0  
    vpfe_fck                              0            0    27000000          0 0  
 rmii_ck                                  1            1    50000000          0 0  
    emac_fck                              2            2    50000000          0 0  
 secure_32k_fck                           0            1       32768          0 0  
    wdt1_fck                              0            0       32768          0 0  
    gpt12_fck                             0            1       32768          0 0  
 dummy_ck                                 0            0           0          0 0  
 mcbsp_clks                               0            5           0          0 0  
 sys_altclk                               0            0           0          0 0  
 virt_38_4m_ck                            0            0    38400000          0 0  
 virt_26000000_ck                         1            1    26000000          0 0  
    osc_sys_ck                            1            1    26000000          0 0  
       sys_clkout1                        0            0    26000000          0 0  
       sys_ck                             5           17    13000000          0 0  
          gpt9_fck                        0            1    13000000          0 0  
          gpt8_fck                        0            1    13000000          0 0  
          gpt7_fck                        0            1    13000000          0 0  
          gpt6_fck                        0            1    13000000          0 0  
          gpt5_fck                        0            1    13000000          0 0  
          gpt4_fck                        0            1    13000000          0 0  
          gpt3_fck                        0            1    13000000          0 0  
          gpt2_fck                        1            1    13000000          0 0  
          gpt1_fck                        1            1    13000000          0 0  
          hecc_ck                         0            0    13000000          0 0  
          hsotgusb_fck_am35xx             0            1    13000000          0 0  
          cpefuse_fck                     0            0    13000000          0 0  
          dpll5_ck                        0            1   120000000          0 0  
             dpll5_m2_ck                  0            1   120000000          0 0  
                usbhost_120m_fck           0            0   120000000          0 0  
                usbtll_fck                0            1   120000000          0 0  
          traceclk_src_fck                0            0    13000000          0 0  
             traceclk_fck                 0            0    13000000          0 0  
          emu_src_mux_ck                  0            1    13000000          0 0  
             emu_src_ck                   0            1    13000000          0 0  
                atclk_fck                 0            0    13000000          0 0  
                pclkx2_fck                0            0    13000000          0 0  
                pclk_fck                  0            0     6500000          0 0  
          dss2_alwon_fck                  0            2    13000000          0 0  
          dpll1_ck                        0            1   500000000          0 0  
             dpll1_x2_ck                  0            1  1000000000          0 0  
                dpll1_x2m2_ck             0            1  1000000000          0 0  
                   mpu_ck                 0            1  1000000000          0 0  
                      emu_mpu_alwon_ck           0            0  1000000000          0 0  
                      arm_fck             0            1   500000000          0 0  
          dpll3_ck                        1            1   332000000          0 0  
             dpll3_x2_ck                  0            0   664000000          0 0  
             dpll3_m2_ck                  1            1   332000000          0 0  
                dpll3_m2x2_ck             0            0   664000000          0 0  
                   corex2_fck             0            0   664000000          0 0  
                      corex2_d5_fck           0            0   132800000          0 0  
                      corex2_d3_fck           0            0   221333333          0 0  
                core_ck                   1            1   332000000          0 0  
                   core_d2_ck             0            0   166000000          0 0  
                   core_d6_ck             0            0    55333333          0 0  
                   core_d4_ck             0            0    83000000          0 0  
                   core_d3_ck             0            0   110666666          0 0  
                      sgx_fck             0            0   110666666          0 0  
                   l3_ick                 2            2   166000000          0 0  
                      sgx_ick             0            0   166000000          0 0  
                      core_l3_ick           6            7   166000000          0 0  
                         ipss_ick           2            2   166000000          0 0  
                            hsotgusb_ick_am35xx           2            2   166000000          0 0  
                            vpfe_ick           0            0   166000000          0 0  
                            emac_ick           2            2   166000000          0 0  
                         gpmc_fck           2            2   166000000          0 0  
                         sdrc_ick           1            1   166000000          0 0  
                      l4_ick              4            4    83000000          0 0  
                         usbhost_ick           1            1    83000000          0 0  
                         dss_ick_3430es2           4            6    83000000          0 0  
                         per_l4_ick          12           17    83000000          0 0  
                            mcbsp4_ick           1            1    83000000          0 0  
                            mcbsp3_ick           2            2    83000000          0 0  
                            mcbsp2_ick           2            2    83000000          0 0  
                            gpt2_ick           1            1    83000000          0 0  
                            gpt3_ick           1            1    83000000          0 0  
                            gpt4_ick           1            1    83000000          0 0  
                            gpt5_ick           1            1    83000000          0 0  
                            gpt6_ick           1            1    83000000          0 0  
                            gpt7_ick           1            1    83000000          0 0  
                            gpt8_ick           1            1    83000000          0 0  
                            gpt9_ick           1            1    83000000          0 0  
                            uart4_ick           0            0    83000000          0 0  
                            uart3_ick           1            1    83000000          0 0  
                            wdt3_ick           0            0    83000000          0 0  
                            gpio2_ick           0            1    83000000          0 0  
                            gpio3_ick           0            1    83000000          0 0  
                            gpio4_ick           0            1    83000000          0 0  
                            gpio5_ick           0            1    83000000          0 0  
                            gpio6_ick           0            1    83000000          0 0  
                         core_l4_ick          20           21    83000000          0 0  
                            mmchs3_ick           1            1    83000000          0 0  
                            usbtll_ick           1            1    83000000          0 0  
                            uart4_ick_am35xx           1            1    83000000          0 0  
                            sha12_ick           0            0    83000000          0 0  
                            aes2_ick           0            0    83000000          0 0  
                            omapctrl_ick           1            1    83000000          0 0  
                            mcbsp1_ick           1            1    83000000          0 0  
                            mcbsp5_ick           1            1    83000000          0 0  
                            gpt10_ick           1            1    83000000          0 0  
                            gpt11_ick           1            1    83000000          0 0  
                            uart1_ick           1            1    83000000          0 0  
                            uart2_ick           1            1    83000000          0 0  
                            i2c1_ick           1            1    83000000          0 0  
                            i2c2_ick           1            1    83000000          0 0  
                            i2c3_ick           1            1    83000000          0 0  
                            mcspi1_ick           1            1    83000000          0 0  
                            mcspi2_ick           1            1    83000000          0 0  
                            mcspi3_ick           1            1    83000000          0 0  
                            mcspi4_ick           1            1    83000000          0 0  
                            hdq_ick           0            1    83000000          0 0  
                            mmchs1_ick           1            1    83000000          0 0  
                            mmchs2_ick           1            1    83000000          0 0  
                         rm_ick           0            0    41500000          0 0  
                   dpll1_fck              0            0   166000000          0 0  
             dpll3_m3_ck                  0            0   166000000          0 0  
                dpll3_m3x2_mul_ck           0            0   332000000          0 0  
                   dpll3_m3x2_ck           0            0   332000000          0 0  
                      emu_core_alwon_ck           0            0   332000000          0 0  
          dpll4_ck                        1            3   432000000          0 0  
             dpll4_x2_ck                  0            0   864000000          0 0  
             dpll4_m6_ck                  0            0   144000000          0 0  
                dpll4_m6x2_mul_ck           0            0   288000000          0 0  
                   dpll4_m6x2_ck           0            0   288000000          0 0  
                      emu_per_alwon_ck           0            0   288000000          0 0  
             dpll4_m5_ck                  0            0   108000000          0 0  
                dpll4_m5x2_mul_ck           0            0   216000000          0 0  
                   dpll4_m5x2_ck           0            0   216000000          0 0  
             dpll4_m4_ck                  0            1   216000000          0 0  
                dpll4_m4x2_mul_ck           0            1   432000000          0 0  
                   dpll4_m4x2_ck           0            1   432000000          0 0  
                      dss1_alwon_fck_3430es2           0            4   432000000          0 0  
             dpll4_m3_ck                  0            1    27000000          0 0  
                dpll4_m3x2_mul_ck           0            1    54000000          0 0  
                   dpll4_m3x2_ck           0            1    54000000          0 0  
                      omap_54m_fck           0            1    54000000          0 0  
                         clkout2_src_ck           0            0    54000000          0 0  
                            sys_clkout2           0            0    54000000          0 0  
                         dss_tv_fck           0            2    54000000          0 0  
             dpll4_m2_ck                  1            1    48000000          0 0  
                dpll4_m2x2_mul_ck           1            1    96000000          0 0  
                   dpll4_m2x2_ck           1            1    96000000          0 0  
                      omap_192m_alwon_fck           0            0    96000000          0 0  
                      omap_96m_alwon_fck           1            2    96000000          0 0  
                         per_96m_fck           0            6    96000000          0 0  
                            mcbsp4_fck           0            1    96000000          0 0  
                            mcbsp3_fck           0            2    96000000          0 0  
                            mcbsp2_fck           0            2    96000000          0 0  
                         cm_96m_fck           2            2    96000000          0 0  
                            cm_96m_d2_fck           1            1    48000000          0 0  
                               omap_48m_fck           2            4    48000000          0 0  
                                  usbhost_48m_fck           0            1    48000000          0 0  
                                  per_48m_fck           1            1    48000000          0 0  
                                     uart3_fck           1            1    48000000          0 0  
                                  core_48m_fck           2            7    48000000          0 0  
                                     uart4_fck_am35xx           0            1    48000000          0 0  
                                     uart1_fck           1            2    48000000          0 0  
                                     uart2_fck           1            1    48000000          0 0  
                                     mcspi1_fck           0            1    48000000          0 0  
                                     mcspi2_fck           0            1    48000000          0 0  
                                     mcspi3_fck           0            1    48000000          0 0  
                                     mcspi4_fck           0            1    48000000          0 0  
                                  omap_12m_fck           0            1    12000000          0 0  
                                     core_12m_fck           0            1    12000000          0 0  
                                        hdq_fck             0            1    12000000          0 0  
                            omap_96m_fck           1            2    96000000          0 0  
                               dss_96m_fck           0            2    96000000          0 0  
                               core_96m_fck           1           10    96000000          0 0  
                                  mcbsp1_fck           0            1    96000000          0 0  
                                  mcbsp5_fck           0            1    96000000          0 0  
                                  mmchs3_fck           0            1    96000000          0 0  
                                  i2c1_fck           0            1    96000000          0 0  
                                  i2c2_fck           0            1    96000000          0 0  
                                  i2c3_fck           0            1    96000000          0 0  
                                  mmchs1_fck           1            1    96000000          0 0  
                                  mmchs2_fck           0            1    96000000          0 0  
          wkup_l4_ick                     4            5    13000000          0 0  
             gpt1_ick                     1            1    13000000          0 0  
             gpt12_ick                    1            1    13000000          0 0  
             omap_32ksync_ick             1            1    13000000          0 0  
             gpio1_ick                    0            1    13000000          0 0  
             wdt1_ick                     0            0    13000000          0 0  
             wdt2_ick                     1            1    13000000          0 0  
 virt_19200000_ck                         0            0    19200000          0 0  
 virt_13m_ck                              0            0    13000000          0 0  
 virt_12m_ck                              0            0    12000000          0 0  
 omap_32k_fck                             0            7       32768          0 0  
    gpt11_fck                             0            1       32768          0 0  
    gpt10_fck                             0            1       32768          0 0  
    ts_fck                                0            0       32768          0 0  
    per_32k_alwon_fck                     0            5       32768          0 0  
       wdt3_fck                           0            0       32768          0 0  
       gpio2_dbck                         0            2       32768          0 0  
       gpio3_dbck                         0            2       32768          0 0  
       gpio4_dbck                         0            2       32768          0 0  
       gpio5_dbck                         0            2       32768          0 0  
       gpio6_dbck                         0            2       32768          0 0  
    wkup_32k_fck                          0            3       32768          0 0  
       wdt2_fck                           0            1       32768          0 0  
       gpio1_dbck                         0            2       32768          0 0  
 dummy_apb_pclk                           0            0           0          0 0  
 virt_16_8m_ck                            0            0    16800000          0 0  
=======
Available frequencies
=======
===== ERR ==
Address Hole seen by USB_OTG  at address dc6346bc
platform 480c5000.aes: Cannot lookup hwmod 'aes'
platform 480c3000.sham: Cannot lookup hwmod 'sham'
platform 480cb000.smartreflex: Cannot lookup hwmod 'smartreflex_core'
platform 480ab000.usb_otg_hs: Cannot lookup hwmod 'usb_otg_hs'
mtdoops: mtd device (mtddev=name/number) must be supplied
omap2_set_init_voltage: unable to find boot up OPP for vdd_mpu_iva
omap2_set_init_voltage: unable to set vdd_mpu_iva
omap2_set_init_voltage: unable to find boot up OPP for vdd_core
omap2_set_init_voltage: unable to set vdd_core
pm: Failed to request pm_wkup irq
vdd_shv: voltage operation not allowed
omap_hsmmc 4809c000.mmc: could not set regulator OCR (-1)
sr_init: platform driver register failed for SR
udevd[119]: starting version 182
=====
===== WARN ==
Lock dependency validator: Copyright (c) 2006 Red Hat, Inc., Ingo Molnar
... MAX_LOCKDEP_SUBCLASSES:  8
... MAX_LOCK_DEPTH:          48
... MAX_LOCKDEP_KEYS:        8191
... CLASSHASH_SIZE:          4096
... MAX_LOCKDEP_ENTRIES:     32768
... MAX_LOCKDEP_CHAINS:      65536
... CHAINHASH_SIZE:          32768
 memory used by lock dependency info: 5167 kB
 per task-struct memory footprint: 1536 bytes
omap_hwmod: mcbsp2_sidetone using broken dt data from mcbsp
omap_hwmod: mcbsp3_sidetone using broken dt data from mcbsp
------------[ cut here ]------------
WARNING: CPU: 0 PID: 1 at drivers/bus/omap_l3_smx.c:166 omap3_l3_app_irq+0xdc/0x130()
Modules linked in:
CPU: 0 PID: 1 Comm: swapper/0 Not tainted 4.4.0-next-20160114-00002-g269b2969d0b6 #1
Hardware name: Generic AM3517 (Flattened Device Tree)
[<c0017d3c>] (unwind_backtrace) from [<c0014078>] (show_stack+0x10/0x14)
[<c0014078>] (show_stack) from [<c035f31c>] (dump_stack+0x84/0x9c)
[<c035f31c>] (dump_stack) from [<c003c858>] (warn_slowpath_common+0x78/0xb4)
[<c003c858>] (warn_slowpath_common) from [<c003c930>] (warn_slowpath_null+0x1c/0x24)
[<c003c930>] (warn_slowpath_null) from [<c038b9d4>] (omap3_l3_app_irq+0xdc/0x130)
[<c038b9d4>] (omap3_l3_app_irq) from [<c009cbf8>] (handle_irq_event_percpu+0x44/0x1f0)
[<c009cbf8>] (handle_irq_event_percpu) from [<c009cddc>] (handle_irq_event+0x38/0x5c)
[<c009cddc>] (handle_irq_event) from [<c009fe60>] (handle_level_irq+0xb8/0x14c)
[<c009fe60>] (handle_level_irq) from [<c009c29c>] (generic_handle_irq+0x20/0x34)
[<c009c29c>] (generic_handle_irq) from [<c009c590>] (__handle_domain_irq+0x64/0xe0)
[<c009c590>] (__handle_domain_irq) from [<c0669b78>] (__irq_svc+0x58/0x78)
[<c0669b78>] (__irq_svc) from [<c0669384>] (_raw_spin_unlock_irqrestore+0x34/0x44)
[<c0669384>] (_raw_spin_unlock_irqrestore) from [<c009e904>] (__setup_irq+0x26c/0x5f8)
[<c009e904>] (__setup_irq) from [<c009ede0>] (request_threaded_irq+0xc0/0x158)
[<c009ede0>] (request_threaded_irq) from [<c038bb10>] (omap3_l3_probe+0xe8/0x16c)
[<c038bb10>] (omap3_l3_probe) from [<c03faa50>] (platform_drv_probe+0x50/0xac)
[<c03faa50>] (platform_drv_probe) from [<c03f9028>] (driver_probe_device+0x208/0x2c0)
[<c03f9028>] (driver_probe_device) from [<c03f741c>] (bus_for_each_drv+0x64/0x98)
[<c03f741c>] (bus_for_each_drv) from [<c03f8d3c>] (__device_attach+0xb0/0x118)
[<c03f8d3c>] (__device_attach) from [<c03f8378>] (bus_probe_device+0x88/0x90)
[<c03f8378>] (bus_probe_device) from [<c03f671c>] (device_add+0x3bc/0x56c)
[<c03f671c>] (device_add) from [<c04f21e0>] (of_platform_device_create_pdata+0x80/0xb8)
[<c04f21e0>] (of_platform_device_create_pdata) from [<c04f2300>] (of_platform_bus_create+0xdc/0x18c)
[<c04f2300>] (of_platform_bus_create) from [<c04f24dc>] (of_platform_populate+0x5c/0xac)
[<c04f24dc>] (of_platform_populate) from [<c08e6918>] (pdata_quirks_init+0x54/0x74)
[<c08e6918>] (pdata_quirks_init) from [<c08e6540>] (omap_generic_init+0x10/0x1c)
[<c08e6540>] (omap_generic_init) from [<c08d6830>] (customize_machine+0x1c/0x40)
[<c08d6830>] (customize_machine) from [<c0009824>] (do_one_initcall+0x80/0x1e0)
[<c0009824>] (do_one_initcall) from [<c08d3ee0>] (kernel_init_freeable+0x214/0x2e4)
[<c08d3ee0>] (kernel_init_freeable) from [<c066307c>] (kernel_init+0x8/0xf0)
[<c066307c>] (kernel_init) from [<c000f8d0>] (ret_from_fork+0x14/0x24)
---[ end trace eff4318df2018153 ]---
gpmc_mem_init: disabling cs 0 mapped at 0x0-0x1000000
omap4_sram_init:Unable to allocate sram needed to handle errata I688
omap4_sram_init:Unable to get sram pool needed to handle errata I688
PM: no software I/O chain control
omap_hsmmc 4809c000.mmc: omap_device: omap_device_enable() called from invalid state 1
davinci_emac davinci_emac.0: using random MAC addr: 4e:1a:54:56:8c:85
sr_init: No PMIC hook to init smartreflex
davinci_mdio davinci_mdio.0: resetting idled controller
mmc0: host does not support reading read-only switch, assuming write-enable
=============================================
[ INFO: possible recursive locking detected ]
4.4.0-next-20160114-00002-g269b2969d0b6 #1 Tainted: G        W      
---------------------------------------------
kthreadd/74 is trying to acquire lock:
 (rcu_read_lock){......}, at: [<c008a298>] cpuacct_charge+0x0/0x1bc
\x0abut task is already holding lock:
 (&p->pi_lock){-.-.-.}, at: [<c0068c3c>] try_to_wake_up+0x30/0x468
\x0aother info that might help us debug this:
 Possible unsafe locking scenario:\x0a
       CPU0
       ----
  lock(&p->pi_lock)
  lock(&p->pi_lock)
\x0a *** DEADLOCK ***\x0a
 May be due to missing lock nesting notation\x0a
3 locks held by kthreadd/74:
 #0:  (&x->wait){......}, at: [<c0084278>] complete+0x14/0x44
 #1:  (&p->pi_lock){-.-.-.}, at: [<c0068c3c>] try_to_wake_up+0x30/0x468
 #2:  (&rq->lock){-.-.-.}, at: [<c0068df8>] try_to_wake_up+0x1ec/0x468
\x0astack backtrace:
CPU: 0 PID: 74 Comm: kthreadd Tainted: G        W       4.4.0-next-20160114-00002-g269b2969d0b6 #1
Hardware name: Generic AM3517 (Flattened Device Tree)
[<c0017d3c>] (unwind_backtrace) from [<c0014078>] (show_stack+0x10/0x14)
[<c0014078>] (show_stack) from [<c035f31c>] (dump_stack+0x84/0x9c)
[<c035f31c>] (dump_stack) from [<c0090b3c>] (__lock_acquire+0x1440/0x1d64)
[<c0090b3c>] (__lock_acquire) from [<c0091c88>] (lock_acquire+0xac/0x12c)
[<c0091c88>] (lock_acquire) from [<c008a2dc>] (cpuacct_charge+0x44/0x1bc)
[<c008a2dc>] (cpuacct_charge) from [<c00749d4>] (update_curr+0x14c/0x1f8)
[<c00749d4>] (update_curr) from [<c00786dc>] (enqueue_entity+0x3c/0x11cc)
[<c00786dc>] (enqueue_entity) from [<c00798c4>] (enqueue_task_fair+0x58/0xc40)
[<c00798c4>] (enqueue_task_fair) from [<c0067edc>] (ttwu_do_activate.constprop.26+0x44/0xa8)
[<c0067edc>] (ttwu_do_activate.constprop.26) from [<c0068e0c>] (try_to_wake_up+0x200/0x468)
[<c0068e0c>] (try_to_wake_up) from [<c0083ab8>] (__wake_up_common+0x4c/0x80)
[<c0083ab8>] (__wake_up_common) from [<c0083b00>] (__wake_up_locked+0x14/0x1c)
[<c0083b00>] (__wake_up_locked) from [<c0084298>] (complete+0x34/0x44)
[<c0084298>] (complete) from [<c005ca0c>] (kthread+0xac/0xf0)
[<c005ca0c>] (kthread) from [<c000f8d0>] (ret_from_fork+0x14/0x24)
FAT-fs (mmcblk0p1): Volume was not properly unmounted. Some data may be corrupt. Please run fsck.
=====
SUMMARY RESULT: BOOT: PASS: Hello World Board Booted Boot Log has:::: err=15 warn=98:
root@GenericAM3517(FlattenedDeviceTree):/test# 
- 00:33:16 [INFO] Host: cat stderr.log
- 00:33:16 [INFO] Target: 
cat stderr.log
./test.sh: line 33:   642 Killed                  cp /dev/kmsg $TMPF
root@GenericAM3517(FlattenedDeviceTree):/test# 
- 00:33:16 [INFO] Host: cat result.log
- 00:33:18 [ERROR] On command: cat result.log waiting for cat result.log.+?(?m-ix:^1[\0\n\r]+) >>> error: execution expired
- 00:33:18 [INFO] Target: 
cat result.log
root@GenericAM3517(FlattenedDeviceTree):/test# 
- 00:33:18 [INFO] Host: cd /test
- 00:33:19 [INFO] Target: 
cd /test
root@GenericAM3517(FlattenedDeviceTree):/test# 
URL:gtsystest.telogy.design.ti.com/vatf/tidfarm-05/tidfarm-05_vatf@craneboard/tidfarm-0501_14_2016_00_31_17/files/session_iteration_1/test_1
