- 02:06:17 [INFO] Starting target session
- 02:06:18 [INFO] Connected to craneboard via serial 
- 02:06:18 [INFO] Host: #check prompt
- 02:06:21 [ERROR] On command: #check prompt waiting for #check prompt.+?(?-mix:((?-mix:.*\s+login)|[Pp]assword)) >>> error: execution expired
- 02:06:21 [INFO] Target: 
#check prompt
root@GenericAM3517(FlattenedDeviceTree):/test# 
- 02:06:21 [INFO] Host: #check prompt
- 02:06:21 [INFO] Target: 
#check prompt
root@GenericAM3517(FlattenedDeviceTree):/test# 
- 02:06:21 [INFO] Host: sync;poweroff
- 02:06:51 [INFO] Target: 
sync;poweroff
Broadcast message from root@GenericAM3517(FlattenedDeviceTree) (ttyO2) (Tue D
The system is going down for system halt NOW!
INIT: Switch
INIT: Sending processes the TERM signal
root@GenericAM3517(FlattenedDeviceTree):/test# 
INIT: Sending procesStopping Dropbear SSH server: stopped /usr/sbin/dropbear (pid 248)
dropbear.
Stopping telnet daemon.
Stopping system message bus: Error opening /dev/fb0: No such file or directory
Stopping syslogd/klogd: stopped syslogd (pid 260)
stopped klogd (pid 263)
done
Stopping thttpd.
ALSA: Storing mixer settings...
/usr/sbin/alsactl: save_state:1580: No soundcards found...
Deconfiguring network interfaces... ifdown: interface eth0 not configured
done.
Stopping Lighttpd Web Server: stopped /usr/sbin/lighttpd (pid 273)
lighttpd.
***************************************************************
***************************************************************
NOTICE: This file system contains the followin GPLv3 packages:
	binutils-symlinks
	binutils
	gdbserver
	parted
If you do not wish to distribute GPLv3 components please remove
the above packages prior to distribution.  This can be done using
the opkg remove command.  i.e.:
    opkg remove <package>
Where <package> is the name printed in the list above
NOTE: If the package is a dependency of another package you
      will be notified of the dependent packages.  You should
      use the --force-removal-of-dependent-packages option to
      also remove the dependent packages as well
***************************************************************
***************************************************************
Sending all processes the TERM signal...
Sending all processes the KILL signal...
Unmounting remote filesystems...
Deactivating swap...
Unmounting local filesystems...
[330276.560726] EXT4-fs (mmcblk0p2): re-mounted. Opts: data=ordered
[330278.726582] reboot: System halted
- 02:06:51 [INFO] Disconnected serial from craneboard
- 02:07:14 [INFO] Connected to craneboard via serial 
- 02:07:14 [INFO] Host: 
- 02:07:15 [ERROR] On command:  waiting for (?-mix:AM3517_CRANE\s#) >>> error: execution expired
- 02:07:15 [INFO] Target: 
- 02:07:15 [INFO] Host: 
- 02:07:15 [ERROR] On command:  waiting for (?-mix:AM3517_CRANE\s#) >>> error: execution expired
- 02:07:15 [INFO] Target: 
- 02:07:15 [INFO] Host: 
- 02:07:16 [ERROR] On command:  waiting for (?-mix:AM3517_CRANE\s#) >>> error: execution expired
- 02:07:16 [INFO] Target: 
In:    serial
Out:   serial
Err:   serial
Die ID #7b4e000100000000015da3961501500d
- 02:07:16 [INFO] Host: 
- 02:07:16 [ERROR] On command:  waiting for (?-mix:AM3517_CRANE\s#) >>> error: execution expired
- 02:07:16 [INFO] Target: 
Net:   davinci_emac_initialize
Ethernet PHY: GENERIC @ 0x00
EMAC LSB = 0x00106680
EMAC MSB = 0x00080028
-----------------------------
EMAC ID 08:00:28:10:66:80
-----------------------------
- 02:07:16 [INFO] Host: 
- 02:07:17 [INFO] Target: 
DaVinci EMAC
Hit any key to stop autoboot:  3  0 
AM3517_CRANE # 
AM3517_CRANE # 
AM3517_CRANE # 
AM3517_CRANE # 
AM3517_CRANE # 
- 02:07:17 [INFO] Host: 
- 02:07:17 [INFO] Target: 
AM3517_CRANE # 
- 02:07:17 [INFO] Host: version
- 02:07:18 [INFO] Target: 
version
U-Boot 2009.11-00005-ge83d2db (Dec 07 2010 - 11:55:34)
AM3517_CRANE # 
- 02:07:18 [INFO] Host: setenv bootargs 'console=ttyO2,115200n8 earlyprintk rootwait nohlt '
- 02:07:18 [INFO] Target: 
setenv bootargs 'console=ttyO2,115200n8 earlyprintk rootwait nohlt '
AM3517_CRANE # 
- 02:07:18 [INFO] Host: setenv bootcmd  ''
- 02:07:19 [INFO] Target: 
setenv bootcmd  ''
AM3517_CRANE # 
- 02:07:19 [INFO] Host: setenv autoload 'no'
- 02:07:19 [INFO] Target: 
setenv autoload 'no'
AM3517_CRANE # 
- 02:07:19 [INFO] Host: setenv serverip '192.168.1.254'
- 02:07:20 [INFO] Target: 
setenv serverip '192.168.1.254'
AM3517_CRANE # 
- 02:07:20 [INFO] Host: printenv
- 02:07:20 [INFO] Target: 
printenv
bootdelay=3
baudrate=115200
loadaddr=0x82000000
nandargs=setenv bootargs console=${console} root=/dev/mtdblock4 rw rootfstype=jffs2 eth=${ethaddr} ip=dhcp
loadbootscript=fatload mmc 0 ${loadaddr} boot.scr
bootscript=echo Running bootscript from mmc ...; source ${loadaddr}
loaduimage=fatload mmc 0 ${loadaddr} uImage
mmcboot=echo Booting from mmc ...; run mmcargs; bootm ${loadaddr}
nandboot=echo Booting from nand ...; run nandargs; nand read ${loadaddr} 480000 500000; bootm ${loadaddr}
dieid#=7b4e000100000000015da3961501500d
ethact=DaVinci EMAC
filesize=F40000
ipaddr=192.168.1.9
oldbootcmd=if mmc init; then if run loadbootscript; then run bootscript; else if run loaduimage; then run mmcboot; else run nandboot; fi; fi; else run nandboot; fi
mmcargs=setenv bootargs console=ttyS2,115200n8 root=/dev/mmcblk0p2 rw rootfstype=ext3 rootwait eth=08:00:28:10:66:80 ip=dhcp earlyprintk
console=ttyO2,115200n8
bootfile=uImage.am3517-craneboard
ethaddr=08:00:28:10:66:80
bootargs=console=ttyO2,115200n8 earlyprintk rootwait nohlt 
bootcmd=
autoload=no
serverip=192.168.1.254
Environment size: 1072/131068 bytes
AM3517_CRANE # 
- 02:07:20 [INFO] Host: printenv
- 02:07:21 [INFO] Target: 
printenv
bootdelay=3
baudrate=115200
loadaddr=0x82000000
nandargs=setenv bootargs console=${console} root=/dev/mtdblock4 rw rootfstype=jffs2 eth=${ethaddr} ip=dhcp
loadbootscript=fatload mmc 0 ${loadaddr} boot.scr
bootscript=echo Running bootscript from mmc ...; source ${loadaddr}
loaduimage=fatload mmc 0 ${loadaddr} uImage
mmcboot=echo Booting from mmc ...; run mmcargs; bootm ${loadaddr}
nandboot=echo Booting from nand ...; run nandargs; nand read ${loadaddr} 480000 500000; bootm ${loadaddr}
dieid#=7b4e000100000000015da3961501500d
ethact=DaVinci EMAC
filesize=F40000
ipaddr=192.168.1.9
oldbootcmd=if mmc init; then if run loadbootscript; then run bootscript; else if run loaduimage; then run mmcboot; else run nandboot; fi; fi; else run nandboot; fi
mmcargs=setenv bootargs console=ttyS2,115200n8 root=/dev/mmcblk0p2 rw rootfstype=ext3 rootwait eth=08:00:28:10:66:80 ip=dhcp earlyprintk
console=ttyO2,115200n8
bootfile=uImage.am3517-craneboard
ethaddr=08:00:28:10:66:80
bootargs=console=ttyO2,115200n8 earlyprintk rootwait nohlt 
bootcmd=
autoload=no
serverip=192.168.1.254
Environment size: 1072/131068 bytes
AM3517_CRANE # 
- 02:07:21 [INFO] Host: setenv bootargs ''${bootargs}' ip=dhcp '
- 02:07:21 [INFO] Target: 
setenv bootargs ''${bootargs}' ip=dhcp '
AM3517_CRANE # 
- 02:07:21 [INFO] Host: setenv serverip '192.168.1.254'
- 02:07:22 [INFO] Target: 
setenv serverip '192.168.1.254'
AM3517_CRANE # 
- 02:07:22 [INFO] Host: setenv ipaddr dhcp
- 02:07:22 [INFO] Target: 
setenv ipaddr dhcp
AM3517_CRANE # 
- 02:07:22 [INFO] Host: setenv autoload 'no'
- 02:07:23 [INFO] Target: 
setenv autoload 'no'
AM3517_CRANE # 
- 02:07:23 [INFO] Host: dhcp
- 02:07:25 [INFO] Target: 
dhcp
BOOTP broadcast 1
DHCP client bound to address 192.168.1.153
AM3517_CRANE # 
- 02:07:25 [INFO] Host: setenv serverip '192.168.1.254'
- 02:07:25 [INFO] Target: 
setenv serverip '192.168.1.254'
AM3517_CRANE # 
- 02:07:25 [INFO] Host: tftp ${loadaddr} 192.168.1.254:vatf_4/ed37e917d180659ce489b20eadac9f10
- 02:07:31 [INFO] Target: 
tftp ${loadaddr} 192.168.1.254:vatf_4/ed37e917d180659ce489b20eadac9f10
Using DaVinci EMAC device
TFTP from server 192.168.1.254; our IP address is 192.168.1.153
Filename 'vatf_4/ed37e917d180659ce489b20eadac9f10'.
Load address: 0x82000000
Loading: *#################################################################
	 #################################################################
	 #################################################################
	 #################################################################
	 #################################################################
	 #################################################################
	 #################################################################
	 #################################################################
	 #################################################################
	 #################################################################
	 #################################################################
	 #################################################################
	 #################################################################
	 #################################################################
	 #####################
done
Bytes transferred = 4762635 (48ac0b hex)
AM3517_CRANE # 
- 02:07:31 [INFO] Host: ls mmc 0:1
- 02:07:32 [INFO] Target: 
ls mmc 0:1
ls - list files in a directory (default /)
Usage:
ls [ directory ]
AM3517_CRANE # 
- 02:07:32 [INFO] Host: ls mmc 0:2
- 02:07:32 [INFO] Target: 
ls mmc 0:2
ls - list files in a directory (default /)
Usage:
ls [ directory ]
AM3517_CRANE # 
- 02:07:32 [INFO] Host: ls mmc 0:3
- 02:07:33 [INFO] Target: 
ls mmc 0:3
ls - list files in a directory (default /)
Usage:
ls [ directory ]
AM3517_CRANE # 
- 02:07:33 [INFO] Host: ls mmc 0:4
- 02:07:33 [INFO] Target: 
ls mmc 0:4
ls - list files in a directory (default /)
Usage:
ls [ directory ]
AM3517_CRANE # 
- 02:07:33 [INFO] Host: ls mmc 0:5
- 02:07:34 [INFO] Target: 
ls mmc 0:5
ls - list files in a directory (default /)
Usage:
ls [ directory ]
AM3517_CRANE # 
- 02:07:34 [INFO] Host: part uuid mmc 0:
- 02:07:34 [INFO] Target: 
part uuid mmc 0:
Unknown command 'part' - try 'help'
AM3517_CRANE # 
- 02:07:34 [INFO] Host: printenv
- 02:07:35 [INFO] Target: 
printenv
bootdelay=3
baudrate=115200
loadaddr=0x82000000
nandargs=setenv bootargs console=${console} root=/dev/mtdblock4 rw rootfstype=jffs2 eth=${ethaddr} ip=dhcp
loadbootscript=fatload mmc 0 ${loadaddr} boot.scr
bootscript=echo Running bootscript from mmc ...; source ${loadaddr}
loaduimage=fatload mmc 0 ${loadaddr} uImage
mmcboot=echo Booting from mmc ...; run mmcargs; bootm ${loadaddr}
nandboot=echo Booting from nand ...; run nandargs; nand read ${loadaddr} 480000 500000; bootm ${loadaddr}
dieid#=7b4e000100000000015da3961501500d
ethact=DaVinci EMAC
oldbootcmd=if mmc init; then if run loadbootscript; then run bootscript; else if run loaduimage; then run mmcboot; else run nandboot; fi; fi; else run nandboot; fi
mmcargs=setenv bootargs console=ttyS2,115200n8 root=/dev/mmcblk0p2 rw rootfstype=ext3 rootwait eth=08:00:28:10:66:80 ip=dhcp earlyprintk
console=ttyO2,115200n8
ethaddr=08:00:28:10:66:80
bootcmd=
bootargs=console=ttyO2,115200n8 earlyprintk rootwait nohlt ip=dhcp
autoload=no
bootfile=uImage.am3517-craneboard
filesize=48AC0B
fileaddr=82000000
netmask=255.255.255.0
ipaddr=192.168.1.153
serverip=192.168.1.254
dnsip=192.0.2.2
dnsip2=192.0.2.3
Environment size: 1154/131068 bytes
AM3517_CRANE # 
- 02:07:35 [INFO] Host: setenv bootargs ''${bootargs}' root=/dev/mmcblk0p2 rw rootfstype=ext3 rootwait '
- 02:07:35 [INFO] Target: 
setenv bootargs ''${bootargs}' root=/dev/mmcblk0p2 rw rootfstype=ext3 rootwait '
AM3517_CRANE # 
- 02:07:35 [INFO] Host: printenv
- 02:07:36 [INFO] Target: 
printenv
bootdelay=3
baudrate=115200
loadaddr=0x82000000
nandargs=setenv bootargs console=${console} root=/dev/mtdblock4 rw rootfstype=jffs2 eth=${ethaddr} ip=dhcp
loadbootscript=fatload mmc 0 ${loadaddr} boot.scr
bootscript=echo Running bootscript from mmc ...; source ${loadaddr}
loaduimage=fatload mmc 0 ${loadaddr} uImage
mmcboot=echo Booting from mmc ...; run mmcargs; bootm ${loadaddr}
nandboot=echo Booting from nand ...; run nandargs; nand read ${loadaddr} 480000 500000; bootm ${loadaddr}
dieid#=7b4e000100000000015da3961501500d
ethact=DaVinci EMAC
oldbootcmd=if mmc init; then if run loadbootscript; then run bootscript; else if run loaduimage; then run mmcboot; else run nandboot; fi; fi; else run nandboot; fi
mmcargs=setenv bootargs console=ttyS2,115200n8 root=/dev/mmcblk0p2 rw rootfstype=ext3 rootwait eth=08:00:28:10:66:80 ip=dhcp earlyprintk
console=ttyO2,115200n8
ethaddr=08:00:28:10:66:80
bootcmd=
autoload=no
bootfile=uImage.am3517-craneboard
filesize=48AC0B
fileaddr=82000000
netmask=255.255.255.0
ipaddr=192.168.1.153
serverip=192.168.1.254
dnsip=192.0.2.2
dnsip2=192.0.2.3
bootargs=console=ttyO2,115200n8 earlyprintk rootwait nohlt ip=dhcp root=/dev/mmcblk0p2 rw rootfstype=ext3 rootwait
Environment size: 1202/131068 bytes
AM3517_CRANE # 
- 02:07:36 [INFO] Host: setenv bootcmd ''${bootcmd}' if iminfo ${loadaddr}; then bootm ${loadaddr}  ; else bootz ${loadaddr}  ; bootm ${loadaddr}  ; fi'
- 02:07:36 [INFO] Target: 
setenv bootcmd ''${bootcmd}' if iminfo ${loadaddr}; then bootm ${loadaddr}  ; else bootz ${loadaddr}  ; bootm ${loadaddr}  ; fi'
AM3517_CRANE # 
- 02:07:36 [INFO] Host: bdinfo
- 02:07:37 [INFO] Target: 
bdinfo
arch_number = 0x00000B74
env_t       = 0x00000000
boot_params = 0x80000100
DRAM bank   = 0x00000000
-> start    = 0x80000000
-> size     = 0x10000000
DRAM bank   = 0x00000001
-> start    = 0x80000000
-> size     = 0x00000000
ethaddr     = 08:00:28:10:66:80
ip_addr     = 192.168.1.153
baudrate    = 115200 bps
AM3517_CRANE # 
- 02:07:37 [INFO] Host: mmc init
- 02:07:37 [INFO] Target: 
mmc init
mmc1 is available
AM3517_CRANE # 
- 02:07:37 [INFO] Host: fatwrite mmc 0:1 ${loadaddr} ws-calibrate.rules 4
- 02:07:38 [INFO] Target: 
fatwrite mmc 0:1 ${loadaddr} ws-calibrate.rules 4
Unknown command 'fatwrite' - try 'help'
AM3517_CRANE # 
- 02:07:38 [INFO] Host: boot
- 02:08:26 [INFO] Target: 
boot
Unknown command 'iminfo' - try 'help'
Unknown command 'bootz' - try 'help'
## Booting kernel from Legacy Image at 82000000 ...
   Image Name:   Linux-3.19.0-rc2-00002-g757883d
   Image Type:   ARM Linux Kernel Image (uncompressed)
   Data Size:    4762571 Bytes =  4.5 MB
   Load Address: 80800000
   Entry Point:  80800000
   Verifying Checksum ... OK
   Loading Kernel Image ... OK
Starting kernel ...
[    0.000000] Booting Linux on physical CPU 0x0
[    0.000000] Initializing cgroup subsys cpuset
[    0.000000] Initializing cgroup subsys cpu
[    0.000000] Initializing cgroup subsys cpuacct
[    0.000000] Linux version 3.19.0-rc2-00002-g757883d (nmenon@kahuna) (gcc version 4.6.3 (Ubuntu/Linaro 4.6.3-1ubuntu5) ) #1 SMP Mon Jan 5 02:03:42 CST 2015
[    0.000000] CPU: ARMv7 Processor [411fc087] revision 7 (ARMv7), cr=10c5387d
[    0.000000] CPU: PIPT / VIPT nonaliasing data cache, VIPT nonaliasing instruction cache
[    0.000000] Machine model: TI AM3517 CraneBoard (TMDSEVM3517)
[    0.000000] cma: Reserved 16 MiB at 0x8e800000
[    0.000000] Memory policy: Data cache writeback
[    0.000000] CPU: All CPU(s) started in SVC mode.
[    0.000000] AM3517 ES1.1 (l2cache sgx neon )
[    0.000000] PERCPU: Embedded 11 pages/cpu @cfc45000 s14912 r8192 d21952 u45056
[    0.000000] Built 1 zonelists in Zone order, mobility grouping on.  Total pages: 64704
[    0.000000] Kernel command line: console=ttyO2,115200n8 earlyprintk rootwait nohlt ip=dhcp root=/dev/mmcblk0p2 rw rootfstype=ext3 rootwait
[    0.000000] PID hash table entries: 1024 (order: 0, 4096 bytes)
[    0.000000] Dentry cache hash table entries: 32768 (order: 5, 131072 bytes)
[    0.000000] Inode-cache hash table entries: 16384 (order: 4, 65536 bytes)
[    0.000000] Memory: 223812K/261120K available (6185K kernel code, 674K rwdata, 2352K rodata, 428K init, 8221K bss, 20924K reserved, 16384K cma-reserved, 0K highmem)
[    0.000000] Virtual kernel memory layout:
[    0.000000]     vector  : 0xffff0000 - 0xffff1000   (   4 kB)
[    0.000000]     fixmap  : 0xffc00000 - 0xfff00000   (3072 kB)
[    0.000000]     vmalloc : 0xd0800000 - 0xff000000   ( 744 MB)
[    0.000000]     lowmem  : 0xc0000000 - 0xd0000000   ( 256 MB)
[    0.000000]     pkmap   : 0xbfe00000 - 0xc0000000   (   2 MB)
[    0.000000]     modules : 0xbf000000 - 0xbfe00000   (  14 MB)
[    0.000000]       .text : 0xc0008000 - 0xc085e720   (8538 kB)
[    0.000000]       .init : 0xc085f000 - 0xc08ca000   ( 428 kB)
[    0.000000]       .data : 0xc08ca000 - 0xc0972b28   ( 675 kB)
[    0.000000]        .bss : 0xc0972b28 - 0xc117a288   (8222 kB)
[    0.000000] Hierarchical RCU implementation.
[    0.000000] 	RCU restricting CPUs from NR_CPUS=2 to nr_cpu_ids=1.
[    0.000000] RCU: Adjusting geometry for rcu_fanout_leaf=16, nr_cpu_ids=1
[    0.000000] NR_IRQS:16 nr_irqs:16 16
[    0.000000] IRQ: Found an INTC at 0xfa200000 (revision 4.0) with 96 interrupts
[    0.000000] Clocking rate (Crystal/Core/MPU): 26.0/332/500 MHz
[    0.000000] OMAP clockevent source: timer2 at 13000000 Hz
[    0.000035] sched_clock: 32 bits at 13MHz, resolution 76ns, wraps every 330382100403ns
[    0.000149] OMAP clocksource: timer1 at 13000000 Hz
[    0.001735] Console: colour dummy device 80x30
[    0.001834] Lock dependency validator: Copyright (c) 2006 Red Hat, Inc., Ingo Molnar
[    0.001854] ... MAX_LOCKDEP_SUBCLASSES:  8
[    0.001872] ... MAX_LOCK_DEPTH:          48
[    0.001889] ... MAX_LOCKDEP_KEYS:        8191
[    0.001905] ... CLASSHASH_SIZE:          4096
[    0.001922] ... MAX_LOCKDEP_ENTRIES:     32768
[    0.001939] ... MAX_LOCKDEP_CHAINS:      65536
[    0.001955] ... CHAINHASH_SIZE:          32768
[    0.001972]  memory used by lock dependency info: 5167 kB
[    0.001989]  per task-struct memory footprint: 1152 bytes
[    0.002038] Calibrating delay loop... 496.43 BogoMIPS (lpj=2482176)
[    0.105547] pid_max: default: 32768 minimum: 301
[    0.106241] Security Framework initialized
[    0.106571] Mount-cache hash table entries: 1024 (order: 0, 4096 bytes)
[    0.106606] Mountpoint-cache hash table entries: 1024 (order: 0, 4096 bytes)
[    0.112388] Initializing cgroup subsys memory
[    0.112538] Initializing cgroup subsys devices
[    0.112703] Initializing cgroup subsys freezer
[    0.112859] Initializing cgroup subsys blkio
[    0.113017] Initializing cgroup subsys perf_event
[    0.113172] CPU: Testing write buffer coherency: ok
[    0.115722] CPU0: thread -1, cpu 0, socket -1, mpidr 0
[    0.115971] Setting up static identity map for 0x805dcc10 - 0x805dcc80
[    0.122632] Brought up 1 CPUs
[    0.122668] CPU: All CPU(s) started in SVC mode.
[    0.128869] devtmpfs: initialized
[    0.133181] VFP support v0.3: implementor 41 architecture 3 part 30 variant c rev 1
[    0.219675] omap_hwmod: mcbsp2_sidetone using broken dt data from mcbsp
[    0.222178] omap_hwmod: mcbsp3_sidetone using broken dt data from mcbsp
[    0.309804] omap_hwmod: uart4: cannot be enabled for reset (3)
[    0.329685] pinctrl core: initialized pinctrl subsystem
[    0.449081] NET: Registered protocol family 16
[    0.461160] DMA: preallocated 256 KiB pool for atomic coherent allocations
[    0.465326] cpuidle: using governor ladder
[    0.465381] cpuidle: using governor menu
[    0.477754] Reprogramming SDRC clock to 332000000 Hz
[    0.482858] Address Hole seen by USB_OTG  at address 4de96fc4
[    0.482893] ------------[ cut here ]------------
[    0.482936] WARNING: CPU: 0 PID: 1 at drivers/bus/omap_l3_smx.c:166 omap3_l3_app_irq+0x100/0x128()
[    0.482956] Modules linked in:
[    0.482997] CPU: 0 PID: 1 Comm: swapper/0 Not tainted 3.19.0-rc2-00002-g757883d #1
[    0.483017] Hardware name: Generic AM3517 (Flattened Device Tree)
[    0.483085] [<c0015388>] (unwind_backtrace) from [<c0011a14>] (show_stack+0x10/0x14)
[    0.483138] [<c0011a14>] (show_stack) from [<c05d45a8>] (dump_stack+0x78/0x94)
[    0.483177] [<c05d45a8>] (dump_stack) from [<c003dd44>] (warn_slowpath_common+0x7c/0xb4)
[    0.483210] [<c003dd44>] (warn_slowpath_common) from [<c003dd98>] (warn_slowpath_null+0x1c/0x24)
[    0.483241] [<c003dd98>] (warn_slowpath_null) from [<c033bcf4>] (omap3_l3_app_irq+0x100/0x128)
[    0.483280] [<c033bcf4>] (omap3_l3_app_irq) from [<c008d354>] (handle_irq_event_percpu+0x60/0x230)
[    0.483314] [<c008d354>] (handle_irq_event_percpu) from [<c008d560>] (handle_irq_event+0x3c/0x5c)
[    0.483349] [<c008d560>] (handle_irq_event) from [<c00901c4>] (handle_level_irq+0xb4/0x13c)
[    0.483383] [<c00901c4>] (handle_level_irq) from [<c008cbfc>] (generic_handle_irq+0x20/0x30)
[    0.483414] [<c008cbfc>] (generic_handle_irq) from [<c008cd10>] (__handle_domain_irq+0x64/0xd8)
[    0.483446] [<c008cd10>] (__handle_domain_irq) from [<c00086f0>] (omap_intc_handle_irq+0xb4/0xc4)
[    0.483484] [<c00086f0>] (omap_intc_handle_irq) from [<c05dada4>] (__irq_svc+0x44/0x5c)
[    0.483506] Exception stack(0xce095cc8 to 0xce095d10)
[    0.483537] 5cc0:                   00000001 ce0930c8 00000000 ce092b40 60000153 ce02e260
[    0.483568] 5ce0: ce02e260 00000000 00000014 ce02e238 60000153 00000000 ce095ce8 ce095d10
[    0.483593] 5d00: c008377c c05da910 20000153 ffffffff
[    0.483627] [<c05dada4>] (__irq_svc) from [<c05da910>] (_raw_spin_unlock_irqrestore+0x34/0x44)
[    0.483660] [<c05da910>] (_raw_spin_unlock_irqrestore) from [<c008ebb4>] (__setup_irq+0x2e4/0x4d8)
[    0.483694] [<c008ebb4>] (__setup_irq) from [<c008ee60>] (request_threaded_irq+0xb8/0x13c)
[    0.483726] [<c008ee60>] (request_threaded_irq) from [<c033bb84>] (omap3_l3_probe+0xf0/0x160)
[    0.483763] [<c033bb84>] (omap3_l3_probe) from [<c03a6034>] (platform_drv_probe+0x48/0x98)
[    0.483797] [<c03a6034>] (platform_drv_probe) from [<c03a4a2c>] (driver_probe_device+0x10c/0x234)
[    0.483844] [<c03a4a2c>] (driver_probe_device) from [<c03a3314>] (bus_for_each_drv+0x5c/0x88)
[    0.483877] [<c03a3314>] (bus_for_each_drv) from [<c03a48ec>] (device_attach+0x74/0x8c)
[    0.483908] [<c03a48ec>] (device_attach) from [<c03a401c>] (bus_probe_device+0x88/0xb0)
[    0.483939] [<c03a401c>] (bus_probe_device) from [<c03a2554>] (device_add+0x2fc/0x4e0)
[    0.483980] [<c03a2554>] (device_add) from [<c04dd348>] (of_platform_device_create_pdata+0xf0/0x14c)
[    0.484014] [<c04dd348>] (of_platform_device_create_pdata) from [<c04dd480>] (of_platform_bus_create+0xdc/0x190)
[    0.484045] [<c04dd480>] (of_platform_bus_create) from [<c04dd594>] (of_platform_populate+0x60/0xa8)
[    0.484079] [<c04dd594>] (of_platform_populate) from [<c08719c8>] (pdata_quirks_init+0x34/0x44)
[    0.484121] [<c08719c8>] (pdata_quirks_init) from [<c0871658>] (omap_generic_init+0x10/0x1c)
[    0.484162] [<c0871658>] (omap_generic_init) from [<c086280c>] (customize_machine+0x1c/0x40)
[    0.484196] [<c086280c>] (customize_machine) from [<c00089e4>] (do_one_initcall+0x80/0x1d8)
[    0.484229] [<c00089e4>] (do_one_initcall) from [<c085fe78>] (kernel_init_freeable+0x1f4/0x2cc)
[    0.484265] [<c085fe78>] (kernel_init_freeable) from [<c05cf920>] (kernel_init+0x8/0xe4)
[    0.484301] [<c05cf920>] (kernel_init) from [<c000e6a8>] (ret_from_fork+0x14/0x2c)
[    0.484498] ---[ end trace 22df3a4030205afa ]---
[    0.486037] platform 480c5000.aes: Cannot lookup hwmod 'aes'
[    0.500666] OMAP GPIO hardware version 2.5
[    0.534816] platform 480c3000.sham: Cannot lookup hwmod 'sham'
[    0.536046] platform 480cb000.smartreflex: Cannot lookup hwmod 'smartreflex_core'
[    0.551418] omap-gpmc 6e000000.gpmc: GPMC revision 5.0
[    0.553294] platform 480ab000.usb_otg_hs: Cannot lookup hwmod 'usb_otg_hs'
[    0.558170] No ATAGs?
[    0.558233] hw-breakpoint: debug architecture 0x4 unsupported.
[    0.562976] OMAP DMA hardware revision 4.0
[    0.689219] omap-dma-engine 48056000.dma-controller: OMAP DMA engine driver
[    0.698564] SCSI subsystem initialized
[    0.701424] usbcore: registered new interface driver usbfs
[    0.701805] usbcore: registered new interface driver hub
[    0.702063] usbcore: registered new device driver usb
[    0.712103] tps65910 0-002d: could not find pctldev for node /ocp/pinmux@48002030/pinmux_tps_pins, deferring probe
[    0.712194] i2c 0-002d: Driver tps65910 requests probe deferral
[    0.712334] omap_i2c 48070000.i2c: bus 0 rev3.3 at 2600 kHz
[    0.721101] Switched to clocksource timer1
[    1.023250] NET: Registered protocol family 2
[    1.026400] TCP established hash table entries: 2048 (order: 1, 8192 bytes)
[    1.026704] TCP bind hash table entries: 2048 (order: 4, 73728 bytes)
[    1.028044] TCP: Hash tables configured (established 2048 bind 2048)
[    1.028448] TCP: reno registered
[    1.028506] UDP hash table entries: 256 (order: 2, 20480 bytes)
[    1.028887] UDP-Lite hash table entries: 256 (order: 2, 20480 bytes)
[    1.031252] NET: Registered protocol family 1
[    1.034109] RPC: Registered named UNIX socket transport module.
[    1.034149] RPC: Registered udp transport module.
[    1.034172] RPC: Registered tcp transport module.
[    1.034194] RPC: Registered tcp NFSv4.1 backchannel transport module.
[    1.036938] hw perfevents: enabled with armv7_cortex_a8 PMU driver, 5 counters available
[    1.047508] futex hash table entries: 256 (order: 2, 16384 bytes)
[    1.047989] audit: initializing netlink subsys (disabled)
[    1.048463] audit: type=2000 audit(1.040:1): initialized
[    1.057260] VFS: Disk quotas dquot_6.5.2
[    1.057582] VFS: Dquot-cache hash table entries: 1024 (order 0, 4096 bytes)
[    1.062680] NFS: Registering the id_resolver key type
[    1.063391] Key type id_resolver registered
[    1.063426] Key type id_legacy registered
[    1.063783] jffs2: version 2.2. (NAND) (SUMMARY)   2001-2006 Red Hat, Inc.
[    1.072477] io scheduler noop registered
[    1.072544] io scheduler deadline registered
[    1.072753] io scheduler cfq registered (default)
[    1.077401] pinctrl-single 48002030.pinmux: 284 pins at pa fa002030 size 568
[    1.078404] pinctrl-single 48002a00.pinmux: 46 pins at pa fa002a00 size 92
[    1.088438] Serial: 8250/16550 driver, 4 ports, IRQ sharing enabled
[    1.100719] omap_uart 4806a000.serial: no wakeirq for uart0
[    1.102414] omap_uart 4806a000.serial: ttyO0 at MMIO 0x4806a000 (irq = 225, base_baud = 3000000) is a OMAP UART0
[    1.106042] omap_uart 4806c000.serial: no wakeirq for uart0
[    1.106804] omap_uart 4806c000.serial: ttyO1 at MMIO 0x4806c000 (irq = 226, base_baud = 3000000) is a OMAP UART1
[    1.109298] omap_uart 49020000.serial: no wakeirq for uart0
[    1.109869] omap_uart 49020000.serial: ttyO2 at MMIO 0x49020000 (irq = 227, base_baud = 3000000) is a OMAP UART2
[    2.253179] console [ttyO2] enabled
[    2.306072] brd: module loaded
[    2.336573] loop: module loaded
[    2.346522] mtdoops: mtd device (mtddev=name/number) must be supplied
[    2.411092] davinci_mdio davinci_mdio.0: davinci mdio revision 1.5
[    2.417663] davinci_mdio davinci_mdio.0: detected phy mask fffffffe
[    2.427794] libphy: davinci_mdio.0: probed
[    2.432353] davinci_mdio davinci_mdio.0: phy[0]: device davinci_mdio.0:00, driver SMSC LAN8710/LAN8720
[    2.443659] usbcore: registered new interface driver asix
[    2.449675] usbcore: registered new interface driver ax88179_178a
[    2.456514] usbcore: registered new interface driver cdc_ether
[    2.463149] usbcore: registered new interface driver smsc95xx
[    2.469497] usbcore: registered new interface driver net1080
[    2.475829] usbcore: registered new interface driver cdc_subset
[    2.482461] usbcore: registered new interface driver zaurus
[    2.488812] usbcore: registered new interface driver cdc_ncm
[    2.497074] usbcore: registered new interface driver cdc_wdm
[    2.503700] usbcore: registered new interface driver usb-storage
[    2.510447] usbcore: registered new interface driver usbtest
[    2.520557] mousedev: PS/2 mouse device common for all mice
[    2.531814] i2c /dev entries driver
[    2.538437] Driver for 1-wire Dallas network protocol.
[    2.549412] omap_wdt: OMAP Watchdog Timer Rev 0x31: initial timeout 60 sec
[    2.558263] Driver 'mmcblk' needs updating - please use bus_type methods
[    2.569376] omap_hsmmc 4809c000.mmc: unable to get vmmc regulator -517
[    2.577165] platform 4809c000.mmc: Driver omap_hsmmc requests probe deferral
[    2.585938] ledtrig-cpu: registered to indicate activity on CPUs
[    2.593539] usbcore: registered new interface driver usbhid
[    2.599444] usbhid: USB HID core driver
[    2.606266] oprofile: using arm/armv7
[    2.611635] TCP: cubic registered
[    2.615226] Initializing XFRM netlink socket
[    2.619986] NET: Registered protocol family 17
[    2.624950] NET: Registered protocol family 15
[    2.630290] Key type dns_resolver registered
[    2.635454] omap2_set_init_voltage: unable to find boot up OPP for vdd_mpu_iva
[    2.643198] omap2_set_init_voltage: unable to set vdd_mpu_iva
[    2.649321] omap2_set_init_voltage: unable to find boot up OPP for vdd_core
[    2.656748] omap2_set_init_voltage: unable to set vdd_core
[    2.664664] PM: no software I/O chain control; some wakeups may be lost
[    2.671807] pm: Failed to request pm_wkup irq
[    2.676503] ThumbEE CPU extension supported.
[    2.681166] Registering SWP/SWPB emulation handler
[    2.686273] SmartReflex Class3 initialized
[    2.718671] vrtc: supplied by vbat
[    2.728304] vio: supplied by vbat
[    2.737076] vdd_core: supplied by vbat
[    2.746799] vdd_shv: supplied by vbat
[    2.757557] vdig1: supplied by vbat
[    2.765528] vdig2: supplied by vbat
[    2.773899] vpll: supplied by vbat
[    2.782077] vdac: supplied by vbat
[    2.790087] vaux1: supplied by vbat
[    2.798316] vaux2: supplied by vbat
[    2.806326] vaux33: supplied by vbat
[    2.814831] vmmc: supplied by vbat
[    2.823271] vbb: supplied by vbat
[    2.835476] vdd_shv: operation not allowed
[    2.839858] omap_hsmmc 4809c000.mmc: could not set regulator OCR (-1)
[    2.849034] vdd_shv: operation not allowed
[    2.853543] omap_hsmmc 4809c000.mmc: could not set regulator OCR (-1)
[    2.896713] drivers/rtc/hctosys.c: unable to open rtc device (rtc0)
[    2.903534] sr_init: No PMIC hook to init smartreflex
[    2.909357] sr_init: platform driver register failed for SR
[    3.051758] mmc0: host does not support reading read-only switch, assuming write-enable
[    3.063155] mmc0: new high speed SDHC card at address 1234
[    3.073297] mmcblk0: mmc0:1234 SA04G 3.63 GiB 
[    3.087741]  mmcblk0: p1 p2
[   15.155825] kjournald starting.  Commit interval 5 seconds
[   15.173707] EXT3-fs (mmcblk0p2): using internal journal
[   15.179266] EXT3-fs (mmcblk0p2): mounted filesystem with ordered data mode
[   15.186872] VFS: Mounted root (ext3 filesystem) on device 179:2.
[   15.200420] devtmpfs: mounted
[   15.205427] Freeing unused kernel memory: 428K (c085f000 - c08ca000)
INIT: version 2.88 booting
Error opening /dev/fb0: No such file or directory
/dev/ttyO2 linked to /dev/tty-bd - using as console
Starting udev
[   16.937741] udevd[92]: starting version 182
[   28.756298] FAT-fs (mmcblk0p1): Volume was not properly unmounted. Some data may be corrupt. Please run fsck.
ERROR: could not open directory /lib/modules/3.19.0-rc2-00002-g757883d: No such file or directory
WARNING: -e needs -E or -F
ERROR: could not open directory /lib/modules/3.19.0-rc2-00002-g757883d: No such file or directory
FATAL: could not search modules: No such file or directory
Starting Bootlog daemon: bootlogd: cannot allocate pseudo tty: No such file or directory
bootlogd.
[   30.010551] random: dd urandom read with 81 bits of entropy available
ALSA: Restoring mixer settings...
/usr/sbin/alsactl: load_state:1696: No soundcards found...
Configuring network interfaces... ifconfig: SIOCGIFFLAGS: No such device
done.
hwclock: can't open '/dev/misc/rtc': No such file or directory
Tue Dec 30 01:12:00 UTC 2014
hwclock: can't open '/dev/misc/rtc': No such file or directory
INIT: Entering runlevel: 3
/dev/ttyO2 linked to /dev/tty-bd - using as console
Starting system message bus: dbus.
Starting Dropbear SSH server: dropbear.
Starting telnet daemon.
hwclock: can't open '/dev/misc/rtc': No such file or directory
Starting syslogd/klogd: done
Starting thttpd.
Starting Lighttpd Web Server: lighttpd.
2014-12-30 01:12:03: (log.c.166) server started 
[   38.105318] random: nonblocking pool is initialized
***************************************************************
***************************************************************
NOTICE: This file system contains the followin GPLv3 packages:
	binutils-symlinks
	binutils
	gdbserver
	parted
If you do not wish to distribute GPLv3 components please remove
the above packages prior to distribution.  This can be done using
the opkg remove command.  i.e.:
    opkg remove <package>
Where <package> is the name printed in the list above
NOTE: If the package is a dependency of another package you
      will be notified of the dependent packages.  You should
      use the --force-removal-of-dependent-packages option to
      also remove the dependent packages as well
***************************************************************
***************************************************************
Stopping Bootlog daemon: bootlogd.
 _____                    _____           _         _   
|  _  |___ ___ ___ ___   |  _  |___ ___  |_|___ ___| |_ 
|     |  _| .'| . | . |  |   __|  _| . | | | -_|  _|  _|
|__|__|_| |__,|_  |___|  |__|  |_| |___|_| |___|___|_|  
              |___|                    |___|            
Arago Project http://arago-project.org GenericAM3517(FlattenedDeviceTree) tty-bd
Arago 2013.12 GenericAM3517(FlattenedDeviceTree) tty-bd
GenericAM3517(FlattenedDeviceTree) login: 
- 02:08:26 [INFO] Host: root
- 02:08:33 [INFO] Target: 
root
root@GenericAM3517(FlattenedDeviceTree):~# 
- 02:08:33 [INFO] Host: uname -a
- 02:08:33 [INFO] Target: 
uname -a
Linux GenericAM3517(FlattenedDeviceTree) 3.19.0-rc2-00002-g757883d #1 SMP Mon Jan 5 02:03:42 CST 2015 armv7l GNU/Linux
root@GenericAM3517(FlattenedDeviceTree):~# 
- 02:08:33 [INFO] Host: cat /proc/cmdline
- 02:08:34 [INFO] Target: 
cat /proc/cmdline
console=ttyO2,115200n8 earlyprintk rootwait nohlt ip=dhcp root=/dev/mmcblk0p2 rw rootfstype=ext3 rootwait
root@GenericAM3517(FlattenedDeviceTree):~# 
- 02:08:34 [INFO] Host: uname -a
- 02:08:34 [INFO] Target: 
uname -a
Linux GenericAM3517(FlattenedDeviceTree) 3.19.0-rc2-00002-g757883d #1 SMP Mon Jan 5 02:03:42 CST 2015 armv7l GNU/Linux
root@GenericAM3517(FlattenedDeviceTree):~# 
- 02:08:34 [INFO] Host: cat /proc/mtd
- 02:08:35 [INFO] Target: 
cat /proc/mtd
dev:    size   erasesize  name
root@GenericAM3517(FlattenedDeviceTree):~# 
- 02:08:40 [INFO] Host: export IPERFHOST=192.168.1.254
- 02:08:41 [INFO] Target: 
export IPERFHOST=192.168.1.254
root@GenericAM3517(FlattenedDeviceTree):~# 
- 02:08:41 [INFO] Host: export NFS_SERVER=192.168.1.254
- 02:08:41 [INFO] Target: 
export NFS_SERVER=192.168.1.254
root@GenericAM3517(FlattenedDeviceTree):~# 
- 02:08:41 [INFO] Host: export NFS_ROOT_PATH=/usr/workdir/filesys/linux/crane
- 02:08:42 [INFO] Target: 
export NFS_ROOT_PATH=/usr/workdir/fil 
esys/linux/crane
root@GenericAM3517(FlattenedDeviceTree):~# 
- 02:08:42 [INFO] Host: mkdir -p -m 777 /test
- 02:08:42 [INFO] Target: 
mkdir -p -m 777 /test
root@GenericAM3517(FlattenedDeviceTree):~# 
- 02:08:42 [INFO] Host: cd /test
- 02:08:43 [INFO] Target: 
cd /test
root@GenericAM3517(FlattenedDeviceTree):/test# 
- 02:08:43 [INFO] Host: cat > test.sh << EOF
- 02:08:43 [INFO] Target: 
cat > test.sh << EOF
- 02:08:43 [INFO] Host: failtest() {
- 02:08:44 [INFO] Target: 
failtest() {
- 02:08:44 [INFO] Host:   echo 1 >&3
- 02:08:44 [INFO] Target: 
  echo 1 >&3
- 02:08:44 [INFO] Host: }
- 02:08:45 [INFO] Target: 
- 02:08:45 [INFO] Host: timeout=600
- 02:08:45 [INFO] Target: 
timeout=600
- 02:08:45 [INFO] Host: 
- 02:08:46 [INFO] Target: 
- 02:08:46 [INFO] Host: # Start of user's script logic
- 02:08:46 [INFO] Target: 
# Start of user's script logic
- 02:08:46 [INFO] Host: 
- 02:08:47 [INFO] Target: 
- 02:08:47 [INFO] Host: 
- 02:08:47 [INFO] Target: 
- 02:08:47 [INFO] Host: mount -t proc proc /proc 2>/dev/null;
- 02:08:48 [INFO] Target: 
mount -t proc proc /proc 2>/dev/null;
- 02:08:48 [INFO] Host: 
- 02:08:48 [INFO] Target: 
- 02:08:48 [INFO] Host: mount -t sysfs sys /sys 2>/dev/null;
- 02:08:49 [INFO] Target: 
mount -t sysfs sys /sys 2>/dev/null;
- 02:08:49 [INFO] Host: 
- 02:08:49 [INFO] Target: 
- 02:08:49 [INFO] Host: mount -t debugfs none /sys/kernel/debug 2>/dev/null;
- 02:08:50 [INFO] Target: 
mount -t debugfs none /sys/kernel/debug 2>/dev/null;
- 02:08:50 [INFO] Host: 
- 02:08:50 [INFO] Target: 
- 02:08:50 [INFO] Host: echo 'cpuinfo:';cat /proc/cpuinfo; echo '=======';
- 02:08:51 [INFO] Target: 
echo 'cpuinfo:';cat /proc/cpuinfo; echo '=======';
- 02:08:51 [INFO] Host: 
- 02:08:51 [INFO] Target: 
- 02:08:51 [INFO] Host: echo 'soc info:';head /sys/devices/soc0/* 2>/dev/null; echo '=======';
- 02:08:52 [INFO] Target: 
echo 'soc info:';head /sys/devices/soc0/* 2>/dev/null; echo '=======';
- 02:08:52 [INFO] Host: 
- 02:08:52 [INFO] Target: 
- 02:08:52 [INFO] Host: echo 'DT Model info'; head /proc/device-tree/name /proc/device-tree/model /proc/device-tree/compatible 2>/dev/null;echo; echo '=======';
- 02:08:53 [INFO] Target: 
echo 'DT Model info'; head /proc/device-tree/name /proc/device-tree/model /pro 
c/device-tree/compatible 2>/dev/null;echo; echo '=======';
- 02:08:53 [INFO] Host: 
- 02:08:53 [INFO] Target: 
- 02:08:53 [INFO] Host: echo 'interrupts:';cat /proc/interrupts; echo '=======';
- 02:08:54 [INFO] Target: 
echo 'interrupts:';cat /proc/interrupts; echo '=======';
- 02:08:54 [INFO] Host: 
- 02:08:54 [INFO] Target: 
- 02:08:54 [INFO] Host: echo 'Clk_summary:';cat /sys/kernel/debug/clk/clk_summary; echo '=======';
- 02:08:55 [INFO] Target: 
echo 'Clk_summary:';cat /sys/kernel/debug/clk/clk_summary; echo '=======';
- 02:08:55 [INFO] Host: 
- 02:08:55 [INFO] Target: 
- 02:08:55 [INFO] Host: echo 'Orphan Clks:';ls /sys/kernel/debug/clk/orphans/; echo '=======';
- 02:08:56 [INFO] Target: 
echo 'Orphan Clks:';ls /sys/kernel/debug/clk/orphans/; echo '=======';
- 02:08:56 [INFO] Host: 
- 02:08:56 [INFO] Target: 
- 02:08:56 [INFO] Host: echo "Available frequencies"; cat /sys/devices/system/cpu/cpu0/cpufreq/scaling_available_frequencies 2>/dev/null;echo '=======';
- 02:08:57 [INFO] Target: 
echo "Available frequencies"; cat /sys/devices/system/cpu/cpu0/cpufreq/scaling 
_available_frequencies 2>/dev/null;echo '=======';
- 02:08:57 [INFO] Host: 
- 02:08:57 [INFO] Target: 
- 02:08:57 [INFO] Host: echo 'H''ello World' 'B''oard Booted';
- 02:08:58 [INFO] Target: 
echo 'H''ello World' 'B''oard Booted';
- 02:08:58 [INFO] Host: 
- 02:08:58 [INFO] Target: 
- 02:08:58 [INFO] Host: EOF
- 02:08:59 [INFO] Target: 
root@GenericAM3517(FlattenedDeviceTree):/test# 
- 02:08:59 [INFO] Host: cd /test
- 02:08:59 [INFO] Target: 
cd /test
root@GenericAM3517(FlattenedDeviceTree):/test# 
- 02:08:59 [INFO] Host: chmod +x test.sh
- 02:09:00 [INFO] Target: 
chmod +x test.sh
root@GenericAM3517(FlattenedDeviceTree):/test# 
- 02:09:00 [INFO] Host: ./test.sh 2> stderr.log > stdout.log 3> result.log
- 02:09:00 [INFO] Target: 
./test.sh 2> stderr.log > stdout. 
log 3> result.log
root@GenericAM3517(FlattenedDeviceTree):/test# 
- 02:09:00 [INFO] Host: echo $?
- 02:09:01 [INFO] Target: 
echo $?
root@GenericAM3517(FlattenedDeviceTree):/test# 
- 02:09:01 [INFO] Host: cd /test
- 02:09:01 [INFO] Target: 
cd /test
root@GenericAM3517(FlattenedDeviceTree):/test# 
- 02:09:01 [INFO] Host: cat stdout.log
- 02:09:03 [INFO] Target: 
cat stdout.log
cpuinfo:
processor	: 0
model name	: ARMv7 Processor rev 7 (v7l)
Features	: half thumb fastmult vfp edsp thumbee neon vfpv3 tls vfpd32 
CPU implementer	: 0x41
CPU architecture: 7
CPU variant	: 0x1
CPU part	: 0xc08
CPU revision	: 7
Hardware	: Generic AM3517 (Flattened Device Tree)
Revision	: 0000
Serial		: 0000000000000000
=======
soc info:
==> /sys/devices/soc0/family <==
OMAP3
==> /sys/devices/soc0/machine <==
AM3517
==> /sys/devices/soc0/power <==
==> /sys/devices/soc0/revision <==
ES1.1
==> /sys/devices/soc0/subsystem <==
==> /sys/devices/soc0/type <==
==> /sys/devices/soc0/uevent <==
=======
DT Model info
==> /proc/device-tree/name <==
==> /proc/device-tree/model <==
TI AM3517 CraneBoard (TMDSEVM3517)
==> /proc/device-tree/compatible <==
ti,am3517-craneboardti,am3517ti,omap3
=======
interrupts:
           CPU0       
 16:       2915      INTC  38  gp_timer
 19:          0      INTC   9  l3-debug-irq
 20:          1      INTC  10  l3-app-irq
 24:       2276      INTC  13  omap-dma-engine
 28:          0  48310000.gpio   0  DMA
227:       4317      INTC  74  OMAP UART2
228:        282      INTC  56  48070000.i2c
234:       4756      INTC  83  mmc0
248:          0      INTC  20  gpmc
257:          0      INTC   7  tps65910
IPI0:          0  CPU wakeup interrupts
IPI1:          0  Timer broadcast interrupts
IPI2:          0  Rescheduling interrupts
IPI3:          0  Function call interrupts
IPI4:          0  Single function call interrupts
IPI5:          0  CPU stop interrupts
IPI6:          0  IRQ work interrupts
IPI7:          0  completion interrupts
Err:          0
=======
Clk_summary:
   clock                         enable_cnt  prepare_cnt        rate   accuracy   phase
----------------------------------------------------------------------------------------
 pclk_ck                                  0            0    27000000          0 0  
    vpfe_fck                              0            0    27000000          0 0  
 rmii_ck                                  1            1    50000000          0 0  
    emac_fck                              2            2    50000000          0 0  
 secure_32k_fck                           0            1       32768          0 0  
    wdt1_fck                              0            0       32768          0 0  
    gpt12_fck                             0            1       32768          0 0  
 dummy_ck                                 0            0           0          0 0  
 mcbsp_clks                               0            5           0          0 0  
 sys_altclk                               0            0           0          0 0  
 virt_38_4m_ck                            0            0    38400000          0 0  
 virt_26000000_ck                         1            1    26000000          0 0  
    osc_sys_ck                            1            1    26000000          0 0  
       sys_clkout1                        0            0    26000000          0 0  
       sys_ck                             5           17    13000000          0 0  
          gpt9_fck                        0            1    13000000          0 0  
          gpt8_fck                        0            1    13000000          0 0  
          gpt7_fck                        0            1    13000000          0 0  
          gpt6_fck                        0            1    13000000          0 0  
          gpt5_fck                        0            1    13000000          0 0  
          gpt4_fck                        0            1    13000000          0 0  
          gpt3_fck                        0            1    13000000          0 0  
          gpt2_fck                        1            1    13000000          0 0  
          gpt1_fck                        1            1    13000000          0 0  
          hecc_ck                         0            0    13000000          0 0  
          hsotgusb_fck_am35xx             0            1    13000000          0 0  
          cpefuse_fck                     0            0    13000000          0 0  
          dpll5_ck                        0            1   120000000          0 0  
             dpll5_m2_ck                  0            1   120000000          0 0  
                usbhost_120m_fck           0            0   120000000          0 0  
                usbtll_fck                0            1   120000000          0 0  
          traceclk_src_fck                0            0    13000000          0 0  
             traceclk_fck                 0            0    13000000          0 0  
          emu_src_mux_ck                  0            1    13000000          0 0  
             emu_src_ck                   0            1    13000000          0 0  
                atclk_fck                 0            0    13000000          0 0  
                pclkx2_fck                0            0    13000000          0 0  
                pclk_fck                  0            0     6500000          0 0  
          dss2_alwon_fck                  0            2    13000000          0 0  
          dpll1_ck                        0            1   500000000          0 0  
             dpll1_x2_ck                  0            1  1000000000          0 0  
                dpll1_x2m2_ck             0            1  1000000000          0 0  
                   mpu_ck                 0            1  1000000000          0 0  
                      emu_mpu_alwon_ck           0            0  1000000000          0 0  
                      arm_fck             0            1   500000000          0 0  
          dpll3_ck                        1            1   332000000          0 0  
             dpll3_x2_ck                  0            0   664000000          0 0  
             dpll3_m2_ck                  1            1   332000000          0 0  
                dpll3_m2x2_ck             0            0   664000000          0 0  
                   corex2_fck             0            0   664000000          0 0  
                      corex2_d5_fck           0            0   132800000          0 0  
                      corex2_d3_fck           0            0   221333333          0 0  
                core_ck                   1            1   332000000          0 0  
                   core_d2_ck             0            0   166000000          0 0  
                   core_d6_ck             0            0    55333333          0 0  
                   core_d4_ck             0            0    83000000          0 0  
                   core_d3_ck             0            0   110666666          0 0  
                      sgx_fck             0            0   110666666          0 0  
                   l3_ick                 2            2   166000000          0 0  
                      sgx_ick             0            0   166000000          0 0  
                      core_l3_ick           6            7   166000000          0 0  
                         ipss_ick           2            2   166000000          0 0  
                            hsotgusb_ick_am35xx           2            2   166000000          0 0  
                            vpfe_ick           0            0   166000000          0 0  
                            emac_ick           2            2   166000000          0 0  
                         gpmc_fck           2            2   166000000          0 0  
                         sdrc_ick           1            1   166000000          0 0  
                      l4_ick              4            4    83000000          0 0  
                         usbhost_ick           1            1    83000000          0 0  
                         dss_ick_3430es2           4            6    83000000          0 0  
                         per_l4_ick          13           18    83000000          0 0  
                            mcbsp4_ick           2            2    83000000          0 0  
                            mcbsp3_ick           2            2    83000000          0 0  
                            mcbsp2_ick           1            1    83000000          0 0  
                            gpt2_ick           1            1    83000000          0 0  
                            gpt3_ick           1            1    83000000          0 0  
                            gpt4_ick           1            1    83000000          0 0  
                            gpt5_ick           1            1    83000000          0 0  
                            gpt6_ick           1            1    83000000          0 0  
                            gpt7_ick           1            1    83000000          0 0  
                            gpt8_ick           1            1    83000000          0 0  
                            gpt9_ick           1            1    83000000          0 0  
                            uart4_ick           1            1    83000000          0 0  
                            uart3_ick           1            1    83000000          0 0  
                            wdt3_ick           0            0    83000000          0 0  
                            gpio2_ick           0            1    83000000          0 0  
                            gpio3_ick           0            1    83000000          0 0  
                            gpio4_ick           0            1    83000000          0 0  
                            gpio5_ick           0            1    83000000          0 0  
                            gpio6_ick           0            1    83000000          0 0  
                         core_l4_ick          19           20    83000000          0 0  
                            mmchs3_ick           1            1    83000000          0 0  
                            usbtll_ick           1            1    83000000          0 0  
                            uart4_ick_am35xx           0            0    83000000          0 0  
                            sha12_ick           0            0    83000000          0 0  
                            aes2_ick           0            0    83000000          0 0  
                            omapctrl_ick           1            1    83000000          0 0  
                            mcbsp1_ick           1            1    83000000          0 0  
                            mcbsp5_ick           1            1    83000000          0 0  
                            gpt10_ick           1            1    83000000          0 0  
                            gpt11_ick           1            1    83000000          0 0  
                            uart1_ick           1            1    83000000          0 0  
                            uart2_ick           1            1    83000000          0 0  
                            i2c1_ick           1            1    83000000          0 0  
                            i2c2_ick           1            1    83000000          0 0  
                            i2c3_ick           1            1    83000000          0 0  
                            mcspi1_ick           1            1    83000000          0 0  
                            mcspi2_ick           1            1    83000000          0 0  
                            mcspi3_ick           1            1    83000000          0 0  
                            mcspi4_ick           1            1    83000000          0 0  
                            hdq_ick           0            1    83000000          0 0  
                            mmchs1_ick           1            1    83000000          0 0  
                            mmchs2_ick           1            1    83000000          0 0  
                         rm_ick           0            0    41500000          0 0  
                   dpll1_fck              0            0   166000000          0 0  
             dpll3_m3_ck                  0            0   166000000          0 0  
                dpll3_m3x2_mul_ck           0            0   332000000          0 0  
                   dpll3_m3x2_ck           0            0   332000000          0 0  
                      emu_core_alwon_ck           0            0   332000000          0 0  
          dpll4_ck                        1            3   432000000          0 0  
             dpll4_x2_ck                  0            0   864000000          0 0  
             dpll4_m6_ck                  0            0   144000000          0 0  
                dpll4_m6x2_mul_ck           0            0   288000000          0 0  
                   dpll4_m6x2_ck           0            0   288000000          0 0  
                      emu_per_alwon_ck           0            0   288000000          0 0  
             dpll4_m5_ck                  0            0   108000000          0 0  
                dpll4_m5x2_mul_ck           0            0   216000000          0 0  
                   dpll4_m5x2_ck           0            0   216000000          0 0  
             dpll4_m4_ck                  0            1   216000000          0 0  
                dpll4_m4x2_mul_ck           0            1   432000000          0 0  
                   dpll4_m4x2_ck           0            1   432000000          0 0  
                      dss1_alwon_fck_3430es2           0            4   432000000          0 0  
             dpll4_m3_ck                  0            1    27000000          0 0  
                dpll4_m3x2_mul_ck           0            1    54000000          0 0  
                   dpll4_m3x2_ck           0            1    54000000          0 0  
                      omap_54m_fck           0            1    54000000          0 0  
                         clkout2_src_ck           0            0    54000000          0 0  
                            sys_clkout2           0            0    54000000          0 0  
                         dss_tv_fck           0            2    54000000          0 0  
             dpll4_m2_ck                  1            1    48000000          0 0  
                dpll4_m2x2_mul_ck           1            1    96000000          0 0  
                   dpll4_m2x2_ck           1            1    96000000          0 0  
                      omap_192m_alwon_fck           0            0    96000000          0 0  
                      omap_96m_alwon_fck           1            2    96000000          0 0  
                         per_96m_fck           0            6    96000000          0 0  
                            mcbsp4_fck           0            1    96000000          0 0  
                            mcbsp3_fck           0            2    96000000          0 0  
                            mcbsp2_fck           0            2    96000000          0 0  
                         cm_96m_fck           1            2    96000000          0 0  
                            cm_96m_d2_fck           1            1    48000000          0 0  
                               omap_48m_fck           2            4    48000000          0 0  
                                  usbhost_48m_fck           0            1    48000000          0 0  
                                  per_48m_fck           1            1    48000000          0 0  
                                     uart3_fck           1            1    48000000          0 0  
                                  core_48m_fck           2            7    48000000          0 0  
                                     uart4_fck_am35xx           0            1    48000000          0 0  
                                     uart1_fck           1            2    48000000          0 0  
                                     uart2_fck           1            1    48000000          0 0  
                                     mcspi1_fck           0            1    48000000          0 0  
                                     mcspi2_fck           0            1    48000000          0 0  
                                     mcspi3_fck           0            1    48000000          0 0  
                                     mcspi4_fck           0            1    48000000          0 0  
                                  omap_12m_fck           0            1    12000000          0 0  
                                     core_12m_fck           0            1    12000000          0 0  
                                        hdq_fck             0            1    12000000          0 0  
                            omap_96m_fck           0            2    96000000          0 0  
                               dss_96m_fck           0            2    96000000          0 0  
                               core_96m_fck           0           10    96000000          0 0  
                                  mcbsp1_fck           0            1    96000000          0 0  
                                  mcbsp5_fck           0            1    96000000          0 0  
                                  mmchs3_fck           0            1    96000000          0 0  
                                  i2c1_fck           0            1    96000000          0 0  
                                  i2c2_fck           0            1    96000000          0 0  
                                  i2c3_fck           0            1    96000000          0 0  
                                  mmchs1_fck           0            1    96000000          0 0  
                                  mmchs2_fck           0            1    96000000          0 0  
          wkup_l4_ick                     4            5    13000000          0 0  
             gpt1_ick                     1            1    13000000          0 0  
             gpt12_ick                    1            1    13000000          0 0  
             omap_32ksync_ick             1            1    13000000          0 0  
             gpio1_ick                    0            1    13000000          0 0  
             wdt1_ick                     0            0    13000000          0 0  
             wdt2_ick                     1            1    13000000          0 0  
 virt_19200000_ck                         0            0    19200000          0 0  
 virt_13m_ck                              0            0    13000000          0 0  
 virt_12m_ck                              0            0    12000000          0 0  
 omap_32k_fck                             0            7       32768          0 0  
    gpt11_fck                             0            1       32768          0 0  
    gpt10_fck                             0            1       32768          0 0  
    ts_fck                                0            0       32768          0 0  
    per_32k_alwon_fck                     0            5       32768          0 0  
       wdt3_fck                           0            0       32768          0 0  
       gpio2_dbck                         0            1       32768          0 0  
       gpio3_dbck                         0            1       32768          0 0  
       gpio4_dbck                         0            1       32768          0 0  
       gpio5_dbck                         0            1       32768          0 0  
       gpio6_dbck                         0            1       32768          0 0  
    wkup_32k_fck                          0            3       32768          0 0  
       wdt2_fck                           0            1       32768          0 0  
       gpio1_dbck                         0            1       32768          0 0  
 dummy_apb_pclk                           0            0           0          0 0  
 virt_16_8m_ck                            0            0    16800000          0 0  
=======
Orphan Clks:
=======
Available frequencies
=======
Hello World Board Booted
root@GenericAM3517(FlattenedDeviceTree):/test# 
- 02:09:03 [INFO] Host: cat stderr.log
- 02:09:04 [INFO] Target: 
cat stderr.log
ls: /sys/kernel/debug/clk/orphans/: No such file or directory
root@GenericAM3517(FlattenedDeviceTree):/test# 
- 02:09:04 [INFO] Host: cat result.log
- 02:09:06 [ERROR] On command: cat result.log waiting for cat result.log.+?(?m-ix:^1[\0\n\r]+) >>> error: execution expired
- 02:09:06 [INFO] Target: 
cat result.log
root@GenericAM3517(FlattenedDeviceTree):/test# 
- 02:09:06 [INFO] Host: cd /test
- 02:09:06 [INFO] Target: 
cd /test
root@GenericAM3517(FlattenedDeviceTree):/test# 
URL:gtsystest.telogy.design.ti.com/vatf/tidfarm-02/tidfarm-02_vatf@4/tidfarm-0201_05_2015_02_06_16/files/session_iteration_1/test_1
