- 05:45:09 [INFO] Starting target session
- 05:45:10 [INFO] Connected to craneboard via serial 
- 05:45:10 [INFO] Host: #check prompt
- 05:45:13 [ERROR] On command: #check prompt waiting for #check prompt.+?(?-mix:((?-mix:.*\s+login)|[Pp]assword)) >>> error: execution expired
- 05:45:13 [INFO] Target: 
#check prompt
root@GenericAM3517(FlattenedDeviceTree):/test# 
- 05:45:13 [INFO] Host: #check prompt
- 05:45:13 [INFO] Target: 
#check prompt
root@GenericAM3517(FlattenedDeviceTree):/test# 
- 05:45:13 [INFO] Host: sync;poweroff
- 05:45:30 [INFO] Target: 
sync;poweroff
Broadcast message from root@GenericAM3517(Fl+J:"2Br=]jj((*UI55jRroot@GenericAM3517(FlattenedDeviceTree):/test# 
INIT: Sending processStopping Dropbear SSH server: stopped /usr/sbin/dropbear (pid 444)
dropbear.
Stopping telnet daemon.
Stopping system message bus: Error opening /dev/fb0: No such file or directory
Stopping syslogd/klogd: stopped syslogd (pid 456)
stopped klogd (pid 459)
done
Stopping thttpd.
ALSA: Storing mixer settings...
/usr/sbin/alsactl: save_state:1580: No soundcards found...
Deconfiguring network interfaces... ifdown: interface eth0 not configured
done.
Stopping Lighttpd Web Server: stopped /usr/sbin/lighttpd (pid 469)
lighttpd.
***************************************************************
***************************************************************
NOTICE: This file system contains the followin GPLv3 packages:
	binutils-symlinks
	binutils
	gdbserver
	parted
If you do not wish to distribute GPLv3 components please remove
the above packages prior to distribution.  This can be done using
the opkg remove command.  i.e.:
    opkg remove <package>
Where <package> is the name printed in the list above
NOTE: If the package is a dependency of another package you
      will be notified of the dependent packages.  You should
      use the --force-removal-of-dependent-packages option to
      also remove the dependent packages as well
***************************************************************
***************************************************************
Sending all processes the TERM signal...
Sending all processes the KILL signal...
Unmounting remote filesystems...
Deactivating swap...
Unmounting local filesystems...
[85399.479454] EXT4-fs (mmcblk0p2): re-mounted. Opts: data=ordered
[85401.673108] reboot: System halted
- 05:45:30 [INFO] Disconnected serial from craneboard
- 05:45:53 [INFO] Connected to craneboard via serial 
- 05:45:54 [INFO] Host: 
- 05:45:56 [INFO] Target: 
In:    serial
Out:   serial
Err:   serial
Die ID #7b4e000100000000015da3961501500d
Net:   davinci_emac_initialize
Ethernet PHY: GENERIC @ 0x00
EMAC LSB = 0x00106680
EMAC MSB = 0x00080028
-----------------------------
EMAC ID 08:00:28:10:66:80
-----------------------------
DaVinci EMAC
Hit any key to stop autoboot:  3  0 
AM3517_CRANE # 
AM3517_CRANE # 
- 05:45:56 [INFO] Host: 
- 05:45:56 [INFO] Target: 
AM3517_CRANE # 
- 05:45:56 [INFO] Host: version
- 05:45:56 [INFO] Target: 
version
U-Boot 2009.11-00005-ge83d2db (Dec 07 2010 - 11:55:34)
AM3517_CRANE # 
- 05:45:56 [INFO] Host: setenv bootargs 'console=ttyO2,115200n8 earlyprintk rootwait nohlt '
- 05:45:56 [INFO] Target: 
setenv bootargs 'console=ttyO2,115200n8 earlyprintk rootwait nohlt '
AM3517_CRANE # 
- 05:45:56 [INFO] Host: setenv bootcmd  ''
- 05:45:56 [INFO] Target: 
setenv bootcmd  ''
AM3517_CRANE # 
- 05:45:56 [INFO] Host: setenv autoload 'no'
- 05:45:56 [INFO] Target: 
setenv autoload 'no'
AM3517_CRANE # 
- 05:45:56 [INFO] Host: setenv serverip '192.168.1.254'
- 05:45:56 [INFO] Target: 
setenv serverip '192.168.1.254'
AM3517_CRANE # 
- 05:45:56 [INFO] Host: setenv mmcdev ' '
- 05:45:56 [INFO] Target: 
setenv mmcdev ' '
AM3517_CRANE # 
- 05:45:56 [INFO] Host: printenv
- 05:45:57 [INFO] Target: 
printenv
bootdelay=3
baudrate=115200
loadaddr=0x82000000
nandargs=setenv bootargs console=${console} root=/dev/mtdblock4 rw rootfstype=jffs2 eth=${ethaddr} ip=dhcp
loadbootscript=fatload mmc 0 ${loadaddr} boot.scr
bootscript=echo Running bootscript from mmc ...; source ${loadaddr}
loaduimage=fatload mmc 0 ${loadaddr} uImage
mmcboot=echo Booting from mmc ...; run mmcargs; bootm ${loadaddr}
nandboot=echo Booting from nand ...; run nandargs; nand read ${loadaddr} 480000 500000; bootm ${loadaddr}
dieid#=7b4e000100000000015da3961501500d
ethact=DaVinci EMAC
filesize=F40000
ipaddr=192.168.1.9
oldbootcmd=if mmc init; then if run loadbootscript; then run bootscript; else if run loaduimage; then run mmcboot; else run nandboot; fi; fi; else run nandboot; fi
mmcargs=setenv bootargs console=ttyS2,115200n8 root=/dev/mmcblk0p2 rw rootfstype=ext3 rootwait eth=08:00:28:10:66:80 ip=dhcp earlyprintk
console=ttyO2,115200n8
bootfile=uImage.am3517-craneboard
ethaddr=08:00:28:10:66:80
bootargs=console=ttyO2,115200n8 earlyprintk rootwait nohlt 
bootcmd=
autoload=no
serverip=192.168.1.254
mmcdev= 
Environment size: 1081/131068 bytes
AM3517_CRANE # 
- 05:45:57 [INFO] Host: printenv
- 05:45:57 [INFO] Target: 
printenv
bootdelay=3
baudrate=115200
loadaddr=0x82000000
nandargs=setenv bootargs console=${console} root=/dev/mtdblock4 rw rootfstype=jffs2 eth=${ethaddr} ip=dhcp
loadbootscript=fatload mmc 0 ${loadaddr} boot.scr
bootscript=echo Running bootscript from mmc ...; source ${loadaddr}
loaduimage=fatload mmc 0 ${loadaddr} uImage
mmcboot=echo Booting from mmc ...; run mmcargs; bootm ${loadaddr}
nandboot=echo Booting from nand ...; run nandargs; nand read ${loadaddr} 480000 500000; bootm ${loadaddr}
dieid#=7b4e000100000000015da3961501500d
ethact=DaVinci EMAC
filesize=F40000
ipaddr=192.168.1.9
oldbootcmd=if mmc init; then if run loadbootscript; then run bootscript; else if run loaduimage; then run mmcboot; else run nandboot; fi; fi; else run nandboot; fi
mmcargs=setenv bootargs console=ttyS2,115200n8 root=/dev/mmcblk0p2 rw rootfstype=ext3 rootwait eth=08:00:28:10:66:80 ip=dhcp earlyprintk
console=ttyO2,115200n8
bootfile=uImage.am3517-craneboard
ethaddr=08:00:28:10:66:80
bootargs=console=ttyO2,115200n8 earlyprintk rootwait nohlt 
bootcmd=
autoload=no
serverip=192.168.1.254
mmcdev= 
Environment size: 1081/131068 bytes
AM3517_CRANE # 
- 05:45:57 [INFO] Host: setenv bootargs ''${bootargs}' ip=:::::eth0:dhcp '
- 05:45:57 [INFO] Target: 
setenv bootargs ''${bootargs}' ip=:::::eth0:dhcp '
AM3517_CRANE # 
- 05:45:57 [INFO] Host: setenv serverip '192.168.1.254'
- 05:45:57 [INFO] Target: 
setenv serverip '192.168.1.254'
AM3517_CRANE # 
- 05:45:57 [INFO] Host: setenv ipaddr dhcp
- 05:45:57 [INFO] Target: 
setenv ipaddr dhcp
AM3517_CRANE # 
- 05:45:57 [INFO] Host: setenv autoload 'no'
- 05:45:57 [INFO] Target: 
setenv autoload 'no'
AM3517_CRANE # 
- 05:45:57 [INFO] Host: dhcp
- 05:45:59 [INFO] Target: 
dhcp
BOOTP broadcast 1
DHCP client bound to address 192.168.1.155
AM3517_CRANE # 
- 05:45:59 [INFO] Host: setenv serverip '192.168.1.254'
- 05:45:59 [INFO] Target: 
setenv serverip '192.168.1.254'
AM3517_CRANE # 
- 05:45:59 [INFO] Host: tftp ${loadaddr} 192.168.1.254:vatf_4/f582586f5b1c477af5f73c6b513fff97
- 05:46:03 [INFO] Target: 
tftp ${loadaddr} 192.168.1.254:vatf_4/f582586f5b1c477af5f73c6b513fff97
Using DaVinci EMAC device
TFTP from server 192.168.1.254; our IP address is 192.168.1.155
Filename 'vatf_4/f582586f5b1c477af5f73c6b513fff97'.
Load address: 0x82000000
Loading: *#################################################################
	 #################################################################
	 #################################################################
	 #################################################################
	 #################################################################
	 #################################################################
	 #################################################################
	 #################################################################
	 #################################################################
	 #################################################################
	 ####################################
done
Bytes transferred = 3512042 (3596ea hex)
AM3517_CRANE # 
- 05:46:03 [INFO] Host: ls mmc 0:1
- 05:46:03 [INFO] Target: 
ls mmc 0:1
ls - list files in a directory (default /)
Usage:
ls [ directory ]
AM3517_CRANE # 
- 05:46:03 [INFO] Host: ls mmc 0:2
- 05:46:03 [INFO] Target: 
ls mmc 0:2
ls - list files in a directory (default /)
Usage:
ls [ directory ]
AM3517_CRANE # 
- 05:46:03 [INFO] Host: ls mmc 0:3
- 05:46:03 [INFO] Target: 
ls mmc 0:3
ls - list files in a directory (default /)
Usage:
ls [ directory ]
AM3517_CRANE # 
- 05:46:03 [INFO] Host: ls mmc 0:4
- 05:46:04 [INFO] Target: 
ls mmc 0:4
ls - list files in a directory (default /)
Usage:
ls [ directory ]
AM3517_CRANE # 
- 05:46:04 [INFO] Host: ls mmc 0:5
- 05:46:04 [INFO] Target: 
ls mmc 0:5
ls - list files in a directory (default /)
Usage:
ls [ directory ]
AM3517_CRANE # 
- 05:46:04 [INFO] Host: part uuid mmc 0:
- 05:46:04 [INFO] Target: 
part uuid mmc 0:
Unknown command 'part' - try 'help'
AM3517_CRANE # 
- 05:46:04 [INFO] Host: printenv
- 05:46:04 [INFO] Target: 
printenv
bootdelay=3
baudrate=115200
loadaddr=0x82000000
nandargs=setenv bootargs console=${console} root=/dev/mtdblock4 rw rootfstype=jffs2 eth=${ethaddr} ip=dhcp
loadbootscript=fatload mmc 0 ${loadaddr} boot.scr
bootscript=echo Running bootscript from mmc ...; source ${loadaddr}
loaduimage=fatload mmc 0 ${loadaddr} uImage
mmcboot=echo Booting from mmc ...; run mmcargs; bootm ${loadaddr}
nandboot=echo Booting from nand ...; run nandargs; nand read ${loadaddr} 480000 500000; bootm ${loadaddr}
dieid#=7b4e000100000000015da3961501500d
ethact=DaVinci EMAC
oldbootcmd=if mmc init; then if run loadbootscript; then run bootscript; else if run loaduimage; then run mmcboot; else run nandboot; fi; fi; else run nandboot; fi
mmcargs=setenv bootargs console=ttyS2,115200n8 root=/dev/mmcblk0p2 rw rootfstype=ext3 rootwait eth=08:00:28:10:66:80 ip=dhcp earlyprintk
console=ttyO2,115200n8
ethaddr=08:00:28:10:66:80
bootcmd=
mmcdev= 
bootargs=console=ttyO2,115200n8 earlyprintk rootwait nohlt ip=:::::eth0:dhcp
autoload=no
bootfile=uImage.am3517-craneboard
filesize=3596EA
fileaddr=82000000
netmask=255.255.255.0
ipaddr=192.168.1.155
serverip=192.168.1.254
dnsip=192.0.2.2
dnsip2=192.0.2.3
Environment size: 1173/131068 bytes
AM3517_CRANE # 
- 05:46:04 [INFO] Host: setenv bootargs ''${bootargs}' root=/dev/mmcblk0p2 rw rootfstype=ext3 rootwait '
- 05:46:04 [INFO] Target: 
setenv bootargs ''${bootargs}' root=/dev/mmcblk0p2 rw rootfstype=ext3 rootwait '
AM3517_CRANE # 
- 05:46:04 [INFO] Host: printenv
- 05:46:04 [INFO] Target: 
printenv
bootdelay=3
baudrate=115200
loadaddr=0x82000000
nandargs=setenv bootargs console=${console} root=/dev/mtdblock4 rw rootfstype=jffs2 eth=${ethaddr} ip=dhcp
loadbootscript=fatload mmc 0 ${loadaddr} boot.scr
bootscript=echo Running bootscript from mmc ...; source ${loadaddr}
loaduimage=fatload mmc 0 ${loadaddr} uImage
mmcboot=echo Booting from mmc ...; run mmcargs; bootm ${loadaddr}
nandboot=echo Booting from nand ...; run nandargs; nand read ${loadaddr} 480000 500000; bootm ${loadaddr}
dieid#=7b4e000100000000015da3961501500d
ethact=DaVinci EMAC
oldbootcmd=if mmc init; then if run loadbootscript; then run bootscript; else if run loaduimage; then run mmcboot; else run nandboot; fi; fi; else run nandboot; fi
mmcargs=setenv bootargs console=ttyS2,115200n8 root=/dev/mmcblk0p2 rw rootfstype=ext3 rootwait eth=08:00:28:10:66:80 ip=dhcp earlyprintk
console=ttyO2,115200n8
ethaddr=08:00:28:10:66:80
bootcmd=
mmcdev= 
autoload=no
bootfile=uImage.am3517-craneboard
filesize=3596EA
fileaddr=82000000
netmask=255.255.255.0
ipaddr=192.168.1.155
serverip=192.168.1.254
dnsip=192.0.2.2
dnsip2=192.0.2.3
bootargs=console=ttyO2,115200n8 earlyprintk rootwait nohlt ip=:::::eth0:dhcp root=/dev/mmcblk0p2 rw rootfstype=ext3 rootwait
Environment size: 1221/131068 bytes
AM3517_CRANE # 
- 05:46:04 [INFO] Host: setenv bootcmd ''${bootcmd}' if iminfo ${loadaddr}; then bootm ${loadaddr}  ; else bootz ${loadaddr}  ; bootm ${loadaddr}  ; fi'
- 05:46:04 [INFO] Target: 
setenv bootcmd ''${bootcmd}' if iminfo ${loadaddr}; then bootm ${loadaddr}  ; else bootz ${loadaddr}  ; bootm ${loadaddr}  ; fi'
AM3517_CRANE # 
- 05:46:04 [INFO] Host: bdinfo
- 05:46:04 [INFO] Target: 
bdinfo
arch_number = 0x00000B74
env_t       = 0x00000000
boot_params = 0x80000100
DRAM bank   = 0x00000000
-> start    = 0x80000000
-> size     = 0x10000000
DRAM bank   = 0x00000001
-> start    = 0x80000000
-> size     = 0x00000000
ethaddr     = 08:00:28:10:66:80
ip_addr     = 192.168.1.155
baudrate    = 115200 bps
AM3517_CRANE # 
- 05:46:04 [INFO] Host: mmc init
- 05:46:05 [INFO] Target: 
mmc init
mmc1 is available
AM3517_CRANE # 
- 05:46:05 [INFO] Host: fatwrite mmc ${mmcdev}:1 ${loadaddr} ws-calibrate.rules 4
- 05:46:05 [INFO] Target: 
fatwrite mmc ${mmcdev}:1 ${loadaddr} ws-calibrate.rules 4
Unknown command 'fatwrite' - try 'help'
AM3517_CRANE # 
- 05:46:05 [INFO] Host: boot
- 05:46:45 [INFO] Target: 
boot
Unknown command 'iminfo' - try 'help'
Unknown command 'bootz' - try 'help'
## Booting kernel from Legacy Image at 82000000 ...
   Image Name:   Linux-4.1.0-next-20150625-00002-
   Image Type:   ARM Linux Kernel Image (uncompressed)
   Data Size:    3511978 Bytes =  3.3 MB
   Load Address: 80800000
   Entry Point:  80800000
   Verifying Checksum ... OK
   Loading Kernel Image ... OK
Starting kernel ...
[    0.000000] Booting Linux on physical CPU 0x0
[    0.000000] Initializing cgroup subsys cpuset
[    0.000000] Initializing cgroup subsys cpu
[    0.000000] Initializing cgroup subsys cpuacct
[    0.000000] Linux version 4.1.0-next-20150625-00002-g12c2c14ed20c (nmenon@kahuna) (gcc version 4.6.3 (Ubuntu/Linaro 4.6.3-1ubuntu5) ) #3 SMP Thu Jun 25 05:42:25 CDT 2015
[    0.000000] CPU: ARMv7 Processor [411fc087] revision 7 (ARMv7), cr=10c5387d
[    0.000000] CPU: PIPT / VIPT nonaliasing data cache, VIPT nonaliasing instruction cache
[    0.000000] Machine model: TI AM3517 CraneBoard (TMDSEVM3517)
[    0.000000] cma: Reserved 16 MiB at 0x8e800000
[    0.000000] Memory policy: Data cache writeback
[    0.000000] CPU: All CPU(s) started in SVC mode.
[    0.000000] AM3517 ES1.1 (l2cache sgx neon )
[    0.000000] PERCPU: Embedded 13 pages/cpu @cfc43000 s20736 r8192 d24320 u53248
[    0.000000] Built 1 zonelists in Zone order, mobility grouping on.  Total pages: 64704
[    0.000000] Kernel command line: console=ttyO2,115200n8 earlyprintk rootwait nohlt ip=:::::eth0:dhcp root=/dev/mmcblk0p2 rw rootfstype=ext3 rootwait
[    0.000000] PID hash table entries: 1024 (order: 0, 4096 bytes)
[    0.000000] Dentry cache hash table entries: 32768 (order: 5, 131072 bytes)
[    0.000000] Inode-cache hash table entries: 16384 (order: 4, 65536 bytes)
[    0.000000] Memory: 223744K/261120K available (6320K kernel code, 738K rwdata, 2188K rodata, 432K init, 8225K bss, 20992K reserved, 16384K cma-reserved, 0K highmem)
[    0.000000] Virtual kernel memory layout:
[    0.000000]     vector  : 0xffff0000 - 0xffff1000   (   4 kB)
[    0.000000]     fixmap  : 0xffc00000 - 0xfff00000   (3072 kB)
[    0.000000]     vmalloc : 0xd0800000 - 0xff000000   ( 744 MB)
[    0.000000]     lowmem  : 0xc0000000 - 0xd0000000   ( 256 MB)
[    0.000000]     pkmap   : 0xbfe00000 - 0xc0000000   (   2 MB)
[    0.000000]     modules : 0xbf000000 - 0xbfe00000   (  14 MB)
[    0.000000]       .text : 0xc0008000 - 0xc08575a8   (8510 kB)
[    0.000000]       .init : 0xc0858000 - 0xc08c4000   ( 432 kB)
[    0.000000]       .data : 0xc08c4000 - 0xc097c820   ( 739 kB)
[    0.000000]        .bss : 0xc097f000 - 0xc1187748   (8226 kB)
[    0.000000] Running RCU self tests
[    0.000000] Hierarchical RCU implementation.
[    0.000000] 	RCU lockdep checking is enabled.
[    0.000000] 	Additional per-CPU info printed with stalls.
[    0.000000] 	Build-time adjustment of leaf fanout to 32.
[    0.000000] 	RCU restricting CPUs from NR_CPUS=2 to nr_cpu_ids=1.
[    0.000000] RCU: Adjusting geometry for rcu_fanout_leaf=32, nr_cpu_ids=1
[    0.000000] NR_IRQS:16 nr_irqs:16 16
[    0.000000] IRQ: Found an INTC at 0xfa200000 (revision 4.0) with 96 interrupts
[    0.000000] Clocking rate (Crystal/Core/MPU): 26.0/332/500 MHz
[    0.000000] OMAP clockevent source: timer2 at 13000000 Hz
[    0.000038] sched_clock: 32 bits at 13MHz, resolution 76ns, wraps every 165191050201ns
[    0.000086] clocksource: timer1: mask: 0xffffffff max_cycles: 0xffffffff, max_idle_ns: 147020034397 ns
[    0.000207] OMAP clocksource: timer1 at 13000000 Hz
[    0.001954] Console: colour dummy device 80x30
[    0.002069] Lock dependency validator: Copyright (c) 2006 Red Hat, Inc., Ingo Molnar
[    0.002090] ... MAX_LOCKDEP_SUBCLASSES:  8
[    0.002108] ... MAX_LOCK_DEPTH:          48
[    0.002126] ... MAX_LOCKDEP_KEYS:        8191
[    0.002142] ... CLASSHASH_SIZE:          4096
[    0.002159] ... MAX_LOCKDEP_ENTRIES:     32768
[    0.002175] ... MAX_LOCKDEP_CHAINS:      65536
[    0.002192] ... CHAINHASH_SIZE:          32768
[    0.002208]  memory used by lock dependency info: 5167 kB
[    0.002226]  per task-struct memory footprint: 1536 bytes
[    0.002275] Calibrating delay loop... 496.43 BogoMIPS (lpj=2482176)
[    0.094983] pid_max: default: 32768 minimum: 301
[    0.095754] Security Framework initialized
[    0.096027] Mount-cache hash table entries: 1024 (order: 0, 4096 bytes)
[    0.096061] Mountpoint-cache hash table entries: 1024 (order: 0, 4096 bytes)
[    0.102393] Initializing cgroup subsys blkio
[    0.102474] Initializing cgroup subsys memory
[    0.102665] Initializing cgroup subsys devices
[    0.102852] Initializing cgroup subsys freezer
[    0.103124] Initializing cgroup subsys perf_event
[    0.103265] CPU: Testing write buffer coherency: ok
[    0.106344] CPU0: thread -1, cpu 0, socket -1, mpidr 0
[    0.106592] Setting up static identity map for 0x80008280 - 0x800082f0
[    0.116203] Brought up 1 CPUs
[    0.116249] SMP: Total of 1 processors activated (496.43 BogoMIPS).
[    0.116271] CPU: All CPU(s) started in SVC mode.
[    0.122938] devtmpfs: initialized
[    0.264311] VFP support v0.3: implementor 41 architecture 3 part 30 variant c rev 1
[    0.356895] omap_hwmod: mcbsp2_sidetone using broken dt data from mcbsp
[    0.359570] omap_hwmod: mcbsp3_sidetone using broken dt data from mcbsp
[    0.452006] omap_hwmod: uart4: _wait_target_ready failed: -16
[    0.452046] omap_hwmod: uart4: cannot be enabled for reset (3)
[    0.468752] clocksource: jiffies: mask: 0xffffffff max_cycles: 0xffffffff, max_idle_ns: 19112604462750000 ns
[    0.473431] pinctrl core: initialized pinctrl subsystem
[    0.484261] NET: Registered protocol family 16
[    0.498115] DMA: preallocated 256 KiB pool for atomic coherent allocations
[    0.502625] cpuidle: using governor ladder
[    0.502686] cpuidle: using governor menu
[    0.503749] Reprogramming SDRC clock to 332000000 Hz
[    0.509095] Address Hole seen by USB_OTG  at address 4deb67bc
[    0.509131] ------------[ cut here ]------------
[    0.509181] WARNING: CPU: 0 PID: 1 at drivers/bus/omap_l3_smx.c:166 omap3_l3_app_irq+0x100/0x128()
[    0.509202] Modules linked in:
[    0.509243] CPU: 0 PID: 1 Comm: swapper/0 Not tainted 4.1.0-next-20150625-00002-g12c2c14ed20c #3
[    0.509264] Hardware name: Generic AM3517 (Flattened Device Tree)
[    0.509317] [<c00165c4>] (unwind_backtrace) from [<c0012a84>] (show_stack+0x10/0x14)
[    0.509360] [<c0012a84>] (show_stack) from [<c05f7b88>] (dump_stack+0x78/0x94)
[    0.509397] [<c05f7b88>] (dump_stack) from [<c003fbd8>] (warn_slowpath_common+0x7c/0xb4)
[    0.509429] [<c003fbd8>] (warn_slowpath_common) from [<c003fc2c>] (warn_slowpath_null+0x1c/0x24)
[    0.509462] [<c003fc2c>] (warn_slowpath_null) from [<c0387484>] (omap3_l3_app_irq+0x100/0x128)
[    0.509507] [<c0387484>] (omap3_l3_app_irq) from [<c009a09c>] (handle_irq_event_percpu+0x68/0x230)
[    0.509543] [<c009a09c>] (handle_irq_event_percpu) from [<c009a2a4>] (handle_irq_event+0x40/0x64)
[    0.509579] [<c009a2a4>] (handle_irq_event) from [<c009d2a4>] (handle_level_irq+0xc0/0x150)
[    0.509614] [<c009d2a4>] (handle_level_irq) from [<c0099940>] (generic_handle_irq+0x20/0x30)
[    0.509646] [<c0099940>] (generic_handle_irq) from [<c0099a54>] (__handle_domain_irq+0x64/0xd8)
[    0.509679] [<c0099a54>] (__handle_domain_irq) from [<c00094a0>] (omap_intc_handle_irq+0xa8/0xb8)
[    0.509712] [<c00094a0>] (omap_intc_handle_irq) from [<c05fe9a4>] (__irq_svc+0x44/0x5c)
[    0.509733] Exception stack(0xce0a3ce8 to 0xce0a3d30)
[    0.509762] 3ce0:                   00000001 ce0a12b8 00000000 ce0a0d00 60000153 ce013c64
[    0.509790] 3d00: ce013c64 00000000 0000001a ce013c3c 60000153 00000000 ce0a0d00 ce0a3d30
[    0.509812] 3d20: c008f6e4 c05fe560 20000153 ffffffff
[    0.509844] [<c05fe9a4>] (__irq_svc) from [<c05fe560>] (_raw_spin_unlock_irqrestore+0x34/0x44)
[    0.509877] [<c05fe560>] (_raw_spin_unlock_irqrestore) from [<c009ba98>] (__setup_irq+0x2f8/0x4f0)
[    0.509911] [<c009ba98>] (__setup_irq) from [<c009bd64>] (request_threaded_irq+0xd4/0x15c)
[    0.509945] [<c009bd64>] (request_threaded_irq) from [<c0387314>] (omap3_l3_probe+0xf0/0x160)
[    0.509990] [<c0387314>] (omap3_l3_probe) from [<c03f0610>] (platform_drv_probe+0x48/0x98)
[    0.510025] [<c03f0610>] (platform_drv_probe) from [<c03eef74>] (driver_probe_device+0x1b0/0x26c)
[    0.510058] [<c03eef74>] (driver_probe_device) from [<c03ed7e0>] (bus_for_each_drv+0x5c/0x88)
[    0.510088] [<c03ed7e0>] (bus_for_each_drv) from [<c03eed54>] (__device_attach+0x8c/0xd8)
[    0.510119] [<c03eed54>] (__device_attach) from [<c03ee4ec>] (bus_probe_device+0x88/0x90)
[    0.510150] [<c03ee4ec>] (bus_probe_device) from [<c03ec9f4>] (device_add+0x324/0x520)
[    0.510190] [<c03ec9f4>] (device_add) from [<c04ddd40>] (of_platform_device_create_pdata+0x7c/0xb4)
[    0.510223] [<c04ddd40>] (of_platform_device_create_pdata) from [<c04dde54>] (of_platform_bus_create+0xdc/0x190)
[    0.510256] [<c04dde54>] (of_platform_bus_create) from [<c04ddf68>] (of_platform_populate+0x60/0xa8)
[    0.510302] [<c04ddf68>] (of_platform_populate) from [<c086b7bc>] (pdata_quirks_init+0x34/0x44)
[    0.510339] [<c086b7bc>] (pdata_quirks_init) from [<c086b4ec>] (omap_generic_init+0x10/0x1c)
[    0.510380] [<c086b4ec>] (omap_generic_init) from [<c085b8d8>] (customize_machine+0x1c/0x40)
[    0.510414] [<c085b8d8>] (customize_machine) from [<c00097a4>] (do_one_initcall+0x80/0x1d8)
[    0.510446] [<c00097a4>] (do_one_initcall) from [<c0858eb0>] (kernel_init_freeable+0x20c/0x2e8)
[    0.510479] [<c0858eb0>] (kernel_init_freeable) from [<c05f16ec>] (kernel_init+0x8/0xe4)
[    0.510518] [<c05f16ec>] (kernel_init) from [<c000f558>] (ret_from_fork+0x14/0x3c)
[    0.510713] ---[ end trace 5cbd6f92db81ae88 ]---
[    0.516618] platform 480c5000.aes: Cannot lookup hwmod 'aes'
[    0.528524] OMAP GPIO hardware version 2.5
[    0.564292] platform 480c3000.sham: Cannot lookup hwmod 'sham'
[    0.565591] platform 480cb000.smartreflex: Cannot lookup hwmod 'smartreflex_core'
[    0.581427] omap-gpmc 6e000000.gpmc: GPMC revision 5.0
[    0.581829] gpmc_mem_init: disabling cs 0 mapped at 0x0-0x1000000
[    0.583417] platform 480ab000.usb_otg_hs: Cannot lookup hwmod 'usb_otg_hs'
[    0.589373] No ATAGs?
[    0.589429] hw-breakpoint: debug architecture 0x4 unsupported.
[    0.594638] OMAP DMA hardware revision 4.0
[    0.668071] omap-dma-engine 48056000.dma-controller: OMAP DMA engine driver
[    0.677749] SCSI subsystem initialized
[    0.686646] tps65910 0-002d: could not find pctldev for node /ocp/l4@48000000/scm@2000/pinmux@30/pinmux_tps_pins, deferring probe
[    0.686891] omap_i2c 48070000.i2c: bus 0 rev3.3 at 2600 kHz
[    0.696828] clocksource: Switched to clocksource timer1
[    1.029380] NET: Registered protocol family 2
[    1.033406] TCP established hash table entries: 2048 (order: 1, 8192 bytes)
[    1.033537] TCP bind hash table entries: 2048 (order: 4, 73728 bytes)
[    1.034880] TCP: Hash tables configured (established 2048 bind 2048)
[    1.035366] UDP hash table entries: 256 (order: 2, 20480 bytes)
[    1.035754] UDP-Lite hash table entries: 256 (order: 2, 20480 bytes)
[    1.037998] NET: Registered protocol family 1
[    1.041643] RPC: Registered named UNIX socket transport module.
[    1.041686] RPC: Registered udp transport module.
[    1.041710] RPC: Registered tcp transport module.
[    1.041732] RPC: Registered tcp NFSv4.1 backchannel transport module.
[    1.050160] hw perfevents: Failed to parse /pmu/interrupt-affinity[0]
[    1.050381] hw perfevents: enabled with armv7_cortex_a8 PMU driver, 5 counters available
[    1.061648] futex hash table entries: 256 (order: 2, 16384 bytes)
[    1.062154] audit: initializing netlink subsys (disabled)
[    1.062621] audit: type=2000 audit(1.060:1): initialized
[    1.071906] VFS: Disk quotas dquot_6.6.0
[    1.072198] VFS: Dquot-cache hash table entries: 1024 (order 0, 4096 bytes)
[    1.078147] NFS: Registering the id_resolver key type
[    1.079012] Key type id_resolver registered
[    1.079046] Key type id_legacy registered
[    1.079451] jffs2: version 2.2. (NAND) (SUMMARY)   2001-2006 Red Hat, Inc.
[    1.090053] io scheduler noop registered
[    1.090122] io scheduler deadline registered
[    1.090237] io scheduler cfq registered (default)
[    1.094389] pinctrl-single 48002030.pinmux: 284 pins at pa fa002030 size 568
[    1.095483] pinctrl-single 48002a00.pinmux: 46 pins at pa fa002a00 size 92
[    1.097207] pinctrl-single 480025d8.pinmux: 18 pins at pa fa0025d8 size 36
[    1.104320] Serial: 8250/16550 driver, 4 ports, IRQ sharing enabled
[    1.118827] omap_uart 4806a000.serial: no wakeirq for uart0
[    1.119762] 4806a000.serial: ttyO0 at MMIO 0x4806a000 (irq = 88, base_baud = 3000000) is a OMAP UART0
[    1.123957] omap_uart 4806c000.serial: no wakeirq for uart1
[    1.124812] 4806c000.serial: ttyO1 at MMIO 0x4806c000 (irq = 89, base_baud = 3000000) is a OMAP UART1
[    1.127915] omap_uart 49020000.serial: no wakeirq for uart2
[    1.128554] 49020000.serial: ttyO2 at MMIO 0x49020000 (irq = 90, base_baud = 3000000) is a OMAP UART2
[    2.325696] console [ttyO2] enabled
[    2.399978] brd: module loaded
[    2.442147] loop: module loaded
[    2.451282] mtdoops: mtd device (mtddev=name/number) must be supplied
[    2.516493] davinci_mdio davinci_mdio.0: davinci mdio revision 1.5
[    2.523067] davinci_mdio davinci_mdio.0: detected phy mask fffffffe
[    2.538040] libphy: davinci_mdio.0: probed
[    2.542423] davinci_mdio davinci_mdio.0: phy[0]: device davinci_mdio.0:00, driver SMSC LAN8710/LAN8720
[    2.558499] mousedev: PS/2 mouse device common for all mice
[    2.564454] i2c /dev entries driver
[    2.577574] omap_hsmmc 4809c000.mmc: unable to get vmmc regulator -517
[    2.588178] ledtrig-cpu: registered to indicate activity on CPUs
[    2.597358] oprofile: using arm/armv7
[    2.602852] Initializing XFRM netlink socket
[    2.607916] NET: Registered protocol family 17
[    2.612796] NET: Registered protocol family 15
[    2.618432] Key type dns_resolver registered
[    2.623410] omap2_set_init_voltage: unable to find boot up OPP for vdd_mpu_iva
[    2.631181] omap2_set_init_voltage: unable to set vdd_mpu_iva
[    2.637387] omap2_set_init_voltage: unable to find boot up OPP for vdd_core
[    2.644754] omap2_set_init_voltage: unable to set vdd_core
[    2.652867] PM: no software I/O chain control; some wakeups may be lost
[    2.660093] pm: Failed to request pm_wkup irq
[    2.664809] ThumbEE CPU extension supported.
[    2.669495] Registering SWP/SWPB emulation handler
[    2.674603] SmartReflex Class3 initialized
[    2.778253] vdd_shv: supplied by vbat
[    2.785608] vdd_shv: operation not allowed
[    2.790144] omap_hsmmc 4809c000.mmc: could not set regulator OCR (-1)
[    2.799794] vdd_shv: operation not allowed
[    2.804169] omap_hsmmc 4809c000.mmc: could not set regulator OCR (-1)
[    2.859166] hctosys: unable to open rtc device (rtc0)
[    2.864554] sr_init: No PMIC hook to init smartreflex
[    2.870624] sr_init: platform driver register failed for SR
[    2.986622] davinci_mdio davinci_mdio.0: resetting idled controller
[    2.994160] net eth0: attached PHY driver [SMSC LAN8710/LAN8720] (mii_bus:phy_addr=davinci_mdio.0:00, id=7c0f1)
[    3.046851] mmc0: host does not support reading read-only switch, assuming write-enable
[    3.058318] mmc0: new high speed SDHC card at address 1234
[    3.069126] mmcblk0: mmc0:1234 SA04G 3.63 GiB 
[    3.083519]  mmcblk0: p1 p2
[    6.066713] davinci_emac davinci_emac.0 eth0: Link is Up - 100Mbps/Full - flow control rx/tx
[    6.096436] Sending DHCP requests ., OK
[    6.156997] IP-Config: Got DHCP answer from 192.168.1.254, my address is 192.168.1.155
[    6.166952] IP-Config: Complete:
[    6.170405]      device=eth0, hwaddr=08:00:28:10:66:80, ipaddr=192.168.1.155, mask=255.255.255.0, gw=192.168.1.254
[    6.181444]      host=192.168.1.155, domain=ti.com, nis-domain=(none)
[    6.188334]      bootserver=192.168.1.254, rootserver=192.168.1.254, rootpath=
[    6.195794]      nameserver0=192.0.2.2, nameserver1=192.0.2.3
[    6.233736] kjournald starting.  Commit interval 5 seconds
[    6.251936] EXT3-fs (mmcblk0p2): using internal journal
[    6.257596] EXT3-fs (mmcblk0p2): mounted filesystem with ordered data mode
[    6.265155] VFS: Mounted root (ext3 filesystem) on device 179:2.
[    6.280123] devtmpfs: mounted
[    6.285052] Freeing unused kernel memory: 432K (c0858000 - c08c4000)
INIT: version 2.88 booting
Error opening /dev/fb0: No such file or directory
/dev/ttyO2 linked to /dev/tty-bd - using as console
Starting udev
[    8.140801] udevd[90]: starting version 182
[   19.347478] FAT-fs (mmcblk0p1): Volume was not properly unmounted. Some data may be corrupt. Please run fsck.
ERROR: could not open directory /lib/modules/4.1.0-next-20150625-00002-g12c2c14ed20c: No such file or directory
WARNING: -e needs -E or -F
ERROR: could not open directory /lib/modules/4.1.0-next-20150625-00002-g12c2c14ed20c: No such file or directory
FATAL: could not search modules: No such file or directory
Starting Bootlog daemon: bootlogd: cannot allocate pseudo tty: No such file or directory
bootlogd.
[   20.638160] random: dd urandom read with 72 bits of entropy available
ALSA: Restoring mixer settings...
/usr/sbin/alsactl: load_state:1696: No soundcards found...
Configuring network interfaces... udhcpc (v1.20.2) started
Sending discover...
Sending select for 192.168.1.153...
Lease of 192.168.1.153 obtained, lease time 600
/etc/udhcpc.d/50default: Adding DNS 192.0.2.2
/etc/udhcpc.d/50default: Adding DNS 192.0.2.3
done.
hwclock: can't open '/dev/misc/rtc': No such file or directory
Tue Jun 16 14:36:00 UTC 2015
hwclock: can't open '/dev/misc/rtc': No such file or directory
INIT: Entering runlevel: 3
/dev/ttyO2 linked to /dev/tty-bd - using as console
Starting system message bus: dbus.
Starting Dropbear SSH server: dropbear.
Starting telnet daemon.
hwclock: can't open '/dev/misc/rtc': No such file or directory
Starting syslogd/klogd: done
Starting thttpd.
Starting Lighttpd Web Server: lighttpd.
2015-06-16 14:36:03: (log.c.166) server started 
[   29.717564] random: nonblocking pool is initialized
***************************************************************
***************************************************************
NOTICE: This file system contains the followin GPLv3 packages:
	binutils-symlinks
	binutils
	gdbserver
	parted
If you do not wish to distribute GPLv3 components please remove
the above packages prior to distribution.  This can be done using
the opkg remove command.  i.e.:
    opkg remove <package>
Where <package> is the name printed in the list above
NOTE: If the package is a dependency of another package you
      will be notified of the dependent packages.  You should
      use the --force-removal-of-dependent-packages option to
      also remove the dependent packages as well
***************************************************************
***************************************************************
Stopping Bootlog daemon: bootlogd.
 _____                    _____           _         _   
|  _  |___ ___ ___ ___   |  _  |___ ___  |_|___ ___| |_ 
|     |  _| .'| . | . |  |   __|  _| . | | | -_|  _|  _|
|__|__|_| |__,|_  |___|  |__|  |_| |___|_| |___|___|_|  
              |___|                    |___|            
Arago Project http://arago-project.org GenericAM3517(FlattenedDeviceTree) tty-bd
Arago 2013.12 GenericAM3517(FlattenedDeviceTree) tty-bd
GenericAM3517(FlattenedDeviceTree) login: 
- 05:46:45 [INFO] Host: root
- 05:46:46 [INFO] Target: 
root
root@GenericAM3517(FlattenedDeviceTree):~# 
- 05:46:46 [INFO] Host: uname -a
- 05:46:46 [INFO] Target: 
uname -a
Linux GenericAM3517(FlattenedDeviceTree) 4.1.0-next-20150625-00002-g12c2c14ed20c #3 SMP Thu Jun 25 05:42:25 CDT 2015 armv7l GNU/Linux
root@GenericAM3517(FlattenedDeviceTree):~# 
- 05:46:46 [INFO] Host: cat /proc/cmdline
- 05:46:46 [INFO] Target: 
cat /proc/cmdline
console=ttyO2,115200n8 earlyprintk rootwait nohlt ip=:::::eth0:dhcp root=/dev/mmcblk0p2 rw rootfstype=ext3 rootwait
root@GenericAM3517(FlattenedDeviceTree):~# 
- 05:46:46 [INFO] Host: uname -a
- 05:46:46 [INFO] Target: 
uname -a
Linux GenericAM3517(FlattenedDeviceTree) 4.1.0-next-20150625-00002-g12c2c14ed20c #3 SMP Thu Jun 25 05:42:25 CDT 2015 armv7l GNU/Linux
root@GenericAM3517(FlattenedDeviceTree):~# 
- 05:46:46 [INFO] Host: cat /proc/mtd
- 05:46:46 [INFO] Target: 
cat /proc/mtd
dev:    size   erasesize  name
root@GenericAM3517(FlattenedDeviceTree):~# 
- 05:46:59 [INFO] Host: export IPERFHOST=192.168.1.254
- 05:46:59 [INFO] Target: 
export IPERFHOST=192.168.1.254
root@GenericAM3517(FlattenedDeviceTree):~# 
- 05:46:59 [INFO] Host: export NFS_SERVER=192.168.1.254
- 05:46:59 [INFO] Target: 
export NFS_SERVER=192.168.1.254
root@GenericAM3517(FlattenedDeviceTree):~# 
- 05:46:59 [INFO] Host: export NFS_ROOT_PATH=/usr/workdir/filesys/linux/crane
- 05:46:59 [INFO] Target: 
export NFS_ROOT_PATH=/usr/workdir/fil 
esys/linux/crane
root@GenericAM3517(FlattenedDeviceTree):~# 
- 05:46:59 [INFO] Host: mkdir -p -m 777 /test
- 05:47:00 [INFO] Target: 
mkdir -p -m 777 /test
root@GenericAM3517(FlattenedDeviceTree):~# 
- 05:47:00 [INFO] Host: cd /test
- 05:47:00 [INFO] Target: 
cd /test
root@GenericAM3517(FlattenedDeviceTree):/test# 
- 05:47:00 [INFO] Host: cat > test.sh << EOF
- 05:47:00 [INFO] Target: 
cat > test.sh << EOF
- 05:47:00 [INFO] Host: failtest() {
- 05:47:00 [INFO] Target: 
failtest() {
- 05:47:00 [INFO] Host:   echo 1 >&3
- 05:47:00 [INFO] Target: 
  echo 1 >&3
- 05:47:00 [INFO] Host: }
- 05:47:00 [INFO] Target: 
- 05:47:00 [INFO] Host: timeout=600
- 05:47:00 [INFO] Target: 
timeout=600
- 05:47:00 [INFO] Host: 
- 05:47:00 [INFO] Target: 
- 05:47:00 [INFO] Host: # Start of user's script logic
- 05:47:00 [INFO] Target: 
# Start of user's script logic
- 05:47:00 [INFO] Host: mount -t proc proc /proc 2>/dev/null;
- 05:47:00 [INFO] Target: 
mount -t proc proc /proc 2>/dev/null;
- 05:47:00 [INFO] Host: 
- 05:47:01 [INFO] Target: 
- 05:47:01 [INFO] Host: mount -t sysfs sys /sys 2>/dev/null;
- 05:47:01 [INFO] Target: 
mount -t sysfs sys /sys 2>/dev/null;
- 05:47:01 [INFO] Host: 
- 05:47:01 [INFO] Target: 
- 05:47:01 [INFO] Host: mount -t debugfs none /sys/kernel/debug 2>/dev/null;
- 05:47:01 [INFO] Target: 
mount -t debugfs none /sys/kernel/debug 2>/dev/null;
- 05:47:01 [INFO] Host: 
- 05:47:01 [INFO] Target: 
- 05:47:01 [INFO] Host: echo 'cpuinfo:';cat /proc/cpuinfo; echo '=======';
- 05:47:01 [INFO] Target: 
echo 'cpuinfo:';cat /proc/cpuinfo; echo '=======';
- 05:47:01 [INFO] Host: 
- 05:47:01 [INFO] Target: 
- 05:47:01 [INFO] Host: echo 'soc info:';head /sys/devices/soc0/* 2>/dev/null; echo '=======';
- 05:47:01 [INFO] Target: 
echo 'soc info:';head /sys/devices/soc0/* 2>/dev/null; echo '=======';
- 05:47:01 [INFO] Host: 
- 05:47:01 [INFO] Target: 
- 05:47:01 [INFO] Host: echo 'DT Model info'; head /proc/device-tree/name /proc/device-tree/model /proc/device-tree/compatible 2>/dev/null;echo; echo '=======';
- 05:47:01 [INFO] Target: 
echo 'DT Model info'; head /proc/device-tree/name /proc/device-tree/model /pro 
c/device-tree/compatible 2>/dev/null;echo; echo '=======';
- 05:47:01 [INFO] Host: 
- 05:47:02 [INFO] Target: 
- 05:47:02 [INFO] Host: echo 'interrupts:';cat /proc/interrupts; echo '=======';
- 05:47:02 [INFO] Target: 
echo 'interrupts:';cat /proc/interrupts; echo '=======';
- 05:47:02 [INFO] Host: 
- 05:47:02 [INFO] Target: 
- 05:47:02 [INFO] Host: echo 'Clk_summary:';cat /sys/kernel/debug/clk/clk_summary; echo '=======';
- 05:47:02 [INFO] Target: 
echo 'Clk_summary:';cat /sys/kernel/debug/clk/clk_summary; echo '=======';
- 05:47:02 [INFO] Host: 
- 05:47:02 [INFO] Target: 
- 05:47:02 [INFO] Host: echo "Available frequencies"; cat /sys/devices/system/cpu/cpu0/cpufreq/scaling_available_frequencies 2>/dev/null;echo '=======';
- 05:47:02 [INFO] Target: 
echo "Available frequencies"; cat /sys/devices/system/cpu/cpu0/cpufreq/scaling 
_available_frequencies 2>/dev/null;echo '=======';
- 05:47:02 [INFO] Host: 
- 05:47:02 [INFO] Target: 
- 05:47:02 [INFO] Host: TMPF=/tmp/a.\$\$; TMPF2=/tmp/b.\$\$; STR=""
- 05:47:02 [INFO] Target: 
TMPF=/tmp/a.\$\$; TMPF2=/tmp/b.\$\$; STR=""
- 05:47:02 [INFO] Host: 
- 05:47:02 [INFO] Target: 
- 05:47:02 [INFO] Host: cp /dev/kmsg \$TMPF &
- 05:47:02 [INFO] Target: 
cp /dev/kmsg \$TMPF &
- 05:47:02 [INFO] Host: 
- 05:47:03 [INFO] Target: 
- 05:47:03 [INFO] Host: PID=\$! ; sleep 5; kill -9 \$PID
- 05:47:03 [INFO] Target: 
PID=\$! ; sleep 5; kill -9 \$PID
- 05:47:03 [INFO] Host: 
- 05:47:03 [INFO] Target: 
- 05:47:03 [INFO] Host: 
- 05:47:03 [INFO] Target: 
- 05:47:03 [INFO] Host: 
- 05:47:03 [INFO] Target: 
- 05:47:03 [INFO] Host: cat \$TMPF|grep "^0">\$TMPF2; N=\`cat \$TMPF2|wc -l\`; if [ "\$N" -ne 0 ]; then STR="\$STR emerg=\$N";echo "===== EMERGE++";cat \$TMPF2|cut -d ';' -f2;echo "====="; fi
- 05:47:03 [INFO] Target: 
cat \$TMPF|grep "^0">\$TMPF2; N=\`cat \$TMPF2|wc -l\`; if [ "\$N" -ne 0 ]; the 
n STR="\$STR emerg=\$N";echo "===== EMERGE++";cat \$TMPF2|cut -d ';' -f2;echo "= 
===="; fi
- 05:47:03 [INFO] Host: 
- 05:47:03 [INFO] Target: 
- 05:47:03 [INFO] Host: cat \$TMPF|grep "^1">\$TMPF2; N=\`cat \$TMPF2|wc -l\`; if [ "\$N" -ne 0 ]; then STR="\$STR alert=\$N";echo "===== ALERT ==";cat \$TMPF2|cut -d ';' -f2;echo "====="; fi
- 05:47:03 [INFO] Target: 
cat \$TMPF|grep "^1">\$TMPF2; N=\`cat \$TMPF2|wc -l\`; if [ "\$N" -ne 0 ]; the 
n STR="\$STR alert=\$N";echo "===== ALERT ==";cat \$TMPF2|cut -d ';' -f2;echo "= 
===="; fi
- 05:47:03 [INFO] Host: 
- 05:47:03 [INFO] Target: 
- 05:47:03 [INFO] Host: cat \$TMPF|grep "^2">\$TMPF2; N=\`cat \$TMPF2|wc -l\`; if [ "\$N" -ne 0 ]; then STR="\$STR crit=\$N";echo "===== CRIT ==";cat \$TMPF2|cut -d ';' -f2;echo "====="; fi
- 05:47:03 [INFO] Target: 
cat \$TMPF|grep "^2">\$TMPF2; N=\`cat \$TMPF2|wc -l\`; if [ "\$N" -ne 0 ]; the 
n STR="\$STR crit=\$N";echo "===== CRIT ==";cat \$TMPF2|cut -d ';' -f2;echo "=== 
=="; fi
- 05:47:03 [INFO] Host: 
- 05:47:04 [INFO] Target: 
- 05:47:04 [INFO] Host: cat \$TMPF|grep "^3">\$TMPF2; N=\`cat \$TMPF2|wc -l\`; if [ "\$N" -ne 0 ]; then STR="\$STR err=\$N";echo "===== ERR ==";cat \$TMPF2|cut -d ';' -f2;echo "=====" ;fi
- 05:47:04 [INFO] Target: 
cat \$TMPF|grep "^3">\$TMPF2; N=\`cat \$TMPF2|wc -l\`; if [ "\$N" -ne 0 ]; the 
n STR="\$STR err=\$N";echo "===== ERR ==";cat \$TMPF2|cut -d ';' -f2;echo "===== 
" ;fi
- 05:47:04 [INFO] Host: 
- 05:47:04 [INFO] Target: 
- 05:47:04 [INFO] Host: cat \$TMPF|grep "^4">\$TMPF2; N=\`cat \$TMPF2|wc -l\`; if [ "\$N" -ne 0 ]; then STR="\$STR warn=\$N";echo "===== WARN ==";cat \$TMPF2|cut -d ';' -f2;echo "=====" ;fi
- 05:47:04 [INFO] Target: 
cat \$TMPF|grep "^4">\$TMPF2; N=\`cat \$TMPF2|wc -l\`; if [ "\$N" -ne 0 ]; the 
n STR="\$STR warn=\$N";echo "===== WARN ==";cat \$TMPF2|cut -d ';' -f2;echo "=== 
==" ;fi
- 05:47:04 [INFO] Host: 
- 05:47:04 [INFO] Target: 
- 05:47:04 [INFO] Host: rm \$TMPF \$TMPF2; echo "SUM""MARY RESULT: BOOT:" 'PASS: H''ello World' 'B''oard' "Booted" "Boot Log has::::\$STR:"
- 05:47:04 [INFO] Target: 
rm \$TMPF \$TMPF2; echo "SUM""MARY RESULT: BOOT:" 'PASS: H''ello World' 'B''oa 
rd' "Booted" "Boot Log has::::\$STR:"
- 05:47:04 [INFO] Host: 
- 05:47:04 [INFO] Target: 
- 05:47:04 [INFO] Host: EOF
- 05:47:04 [INFO] Target: 
root@GenericAM3517(FlattenedDeviceTree):/test# 
- 05:47:04 [INFO] Host: cd /test
- 05:47:04 [INFO] Target: 
cd /test
root@GenericAM3517(FlattenedDeviceTree):/test# 
- 05:47:04 [INFO] Host: chmod +x test.sh
- 05:47:04 [INFO] Target: 
chmod +x test.sh
root@GenericAM3517(FlattenedDeviceTree):/test# 
- 05:47:04 [INFO] Host: ./test.sh 2> stderr.log > stdout.log 3> result.log
- 05:47:11 [INFO] Target: 
./test.sh 2> stderr.log > stdout. 
log 3> result.log
root@GenericAM3517(FlattenedDeviceTree):/test# 
- 05:47:11 [INFO] Host: echo $?
- 05:47:11 [INFO] Target: 
echo $?
root@GenericAM3517(FlattenedDeviceTree):/test# 
- 05:47:11 [INFO] Host: cd /test
- 05:47:11 [INFO] Target: 
cd /test
root@GenericAM3517(FlattenedDeviceTree):/test# 
- 05:47:11 [INFO] Host: cat stdout.log
- 05:47:14 [INFO] Target: 
cat stdout.log
cpuinfo:
processor	: 0
model name	: ARMv7 Processor rev 7 (v7l)
BogoMIPS	: 496.43
Features	: half thumb fastmult vfp edsp thumbee neon vfpv3 tls vfpd32 
CPU implementer	: 0x41
CPU architecture: 7
CPU variant	: 0x1
CPU part	: 0xc08
CPU revision	: 7
Hardware	: Generic AM3517 (Flattened Device Tree)
Revision	: 0000
Serial		: 0000000000000000
=======
soc info:
==> /sys/devices/soc0/family <==
OMAP3
==> /sys/devices/soc0/machine <==
AM3517
==> /sys/devices/soc0/power <==
==> /sys/devices/soc0/revision <==
ES1.1
==> /sys/devices/soc0/subsystem <==
==> /sys/devices/soc0/type <==
==> /sys/devices/soc0/uevent <==
=======
DT Model info
==> /proc/device-tree/name <==
==> /proc/device-tree/model <==
TI AM3517 CraneBoard (TMDSEVM3517)
==> /proc/device-tree/compatible <==
ti,am3517-craneboardti,am3517ti,omap3
=======
interrupts:
           CPU0       
 23:          0      INTC   7 Edge      tps65910
 25:          0      INTC   9 Edge      l3-debug-irq
 26:          1      INTC  10 Edge      l3-app-irq
 28:          0      INTC  12 Edge      DMA
 29:       2250      INTC  13 Edge      omap-dma-engine
 36:          0      INTC  20 Edge      gpmc
 54:       3102      INTC  38 Edge      gp_timer
 72:        276      INTC  56 Edge      48070000.i2c
 83:          0      INTC  67 Edge      eth0
 84:         30      INTC  68 Edge      eth0
 85:          5      INTC  69 Edge      eth0
 86:          0      INTC  70 Edge      eth0
 90:       7857      INTC  74 Edge      OMAP UART2
 99:       4575      INTC  83 Edge      mmc0
IPI0:          0  CPU wakeup interrupts
IPI1:          0  Timer broadcast interrupts
IPI2:          0  Rescheduling interrupts
IPI3:          0  Function call interrupts
IPI4:          0  Single function call interrupts
IPI5:          0  CPU stop interrupts
IPI6:          0  IRQ work interrupts
IPI7:          0  completion interrupts
Err:          0
=======
Clk_summary:
   clock                         enable_cnt  prepare_cnt        rate   accuracy   phase
----------------------------------------------------------------------------------------
 pclk_ck                                  0            0    27000000          0 0  
    vpfe_fck                              0            0    27000000          0 0  
 rmii_ck                                  1            1    50000000          0 0  
    emac_fck                              2            2    50000000          0 0  
 secure_32k_fck                           0            1       32768          0 0  
    wdt1_fck                              0            0       32768          0 0  
    gpt12_fck                             0            1       32768          0 0  
 dummy_ck                                 0            0           0          0 0  
 mcbsp_clks                               0            5           0          0 0  
 sys_altclk                               0            0           0          0 0  
 virt_38_4m_ck                            0            0    38400000          0 0  
 virt_26000000_ck                         1            1    26000000          0 0  
    osc_sys_ck                            1            1    26000000          0 0  
       sys_clkout1                        0            0    26000000          0 0  
       sys_ck                             5           17    13000000          0 0  
          gpt9_fck                        0            1    13000000          0 0  
          gpt8_fck                        0            1    13000000          0 0  
          gpt7_fck                        0            1    13000000          0 0  
          gpt6_fck                        0            1    13000000          0 0  
          gpt5_fck                        0            1    13000000          0 0  
          gpt4_fck                        0            1    13000000          0 0  
          gpt3_fck                        0            1    13000000          0 0  
          gpt2_fck                        1            1    13000000          0 0  
          gpt1_fck                        1            1    13000000          0 0  
          hecc_ck                         0            0    13000000          0 0  
          hsotgusb_fck_am35xx             0            1    13000000          0 0  
          cpefuse_fck                     0            0    13000000          0 0  
          dpll5_ck                        0            1   120000000          0 0  
             dpll5_m2_ck                  0            1   120000000          0 0  
                usbhost_120m_fck           0            0   120000000          0 0  
                usbtll_fck                0            1   120000000          0 0  
          traceclk_src_fck                0            0    13000000          0 0  
             traceclk_fck                 0            0    13000000          0 0  
          emu_src_mux_ck                  0            1    13000000          0 0  
             emu_src_ck                   0            1    13000000          0 0  
                atclk_fck                 0            0    13000000          0 0  
                pclkx2_fck                0            0    13000000          0 0  
                pclk_fck                  0            0     6500000          0 0  
          dss2_alwon_fck                  0            2    13000000          0 0  
          dpll1_ck                        0            1   500000000          0 0  
             dpll1_x2_ck                  0            1  1000000000          0 0  
                dpll1_x2m2_ck             0            1  1000000000          0 0  
                   mpu_ck                 0            1  1000000000          0 0  
                      emu_mpu_alwon_ck           0            0  1000000000          0 0  
                      arm_fck             0            1   500000000          0 0  
          dpll3_ck                        1            1   332000000          0 0  
             dpll3_x2_ck                  0            0   664000000          0 0  
             dpll3_m2_ck                  1            1   332000000          0 0  
                dpll3_m2x2_ck             0            0   664000000          0 0  
                   corex2_fck             0            0   664000000          0 0  
                      corex2_d5_fck           0            0   132800000          0 0  
                      corex2_d3_fck           0            0   221333333          0 0  
                core_ck                   1            1   332000000          0 0  
                   core_d2_ck             0            0   166000000          0 0  
                   core_d6_ck             0            0    55333333          0 0  
                   core_d4_ck             0            0    83000000          0 0  
                   core_d3_ck             0            0   110666666          0 0  
                      sgx_fck             0            0   110666666          0 0  
                   l3_ick                 2            2   166000000          0 0  
                      sgx_ick             0            0   166000000          0 0  
                      core_l3_ick           6            7   166000000          0 0  
                         ipss_ick           2            2   166000000          0 0  
                            hsotgusb_ick_am35xx           2            2   166000000          0 0  
                            vpfe_ick           0            0   166000000          0 0  
                            emac_ick           2            2   166000000          0 0  
                         gpmc_fck           2            2   166000000          0 0  
                         sdrc_ick           1            1   166000000          0 0  
                      l4_ick              4            4    83000000          0 0  
                         usbhost_ick           1            1    83000000          0 0  
                         dss_ick_3430es2           4            6    83000000          0 0  
                         per_l4_ick          13           18    83000000          0 0  
                            mcbsp4_ick           1            1    83000000          0 0  
                            mcbsp3_ick           2            2    83000000          0 0  
                            mcbsp2_ick           2            2    83000000          0 0  
                            gpt2_ick           1            1    83000000          0 0  
                            gpt3_ick           1            1    83000000          0 0  
                            gpt4_ick           1            1    83000000          0 0  
                            gpt5_ick           1            1    83000000          0 0  
                            gpt6_ick           1            1    83000000          0 0  
                            gpt7_ick           1            1    83000000          0 0  
                            gpt8_ick           1            1    83000000          0 0  
                            gpt9_ick           1            1    83000000          0 0  
                            uart4_ick           1            1    83000000          0 0  
                            uart3_ick           1            1    83000000          0 0  
                            wdt3_ick           0            0    83000000          0 0  
                            gpio2_ick           0            1    83000000          0 0  
                            gpio3_ick           0            1    83000000          0 0  
                            gpio4_ick           0            1    83000000          0 0  
                            gpio5_ick           0            1    83000000          0 0  
                            gpio6_ick           0            1    83000000          0 0  
                         core_l4_ick          19           20    83000000          0 0  
                            mmchs3_ick           1            1    83000000          0 0  
                            usbtll_ick           1            1    83000000          0 0  
                            uart4_ick_am35xx           0            0    83000000          0 0  
                            sha12_ick           0            0    83000000          0 0  
                            aes2_ick           0            0    83000000          0 0  
                            omapctrl_ick           1            1    83000000          0 0  
                            mcbsp1_ick           1            1    83000000          0 0  
                            mcbsp5_ick           1            1    83000000          0 0  
                            gpt10_ick           1            1    83000000          0 0  
                            gpt11_ick           1            1    83000000          0 0  
                            uart1_ick           1            1    83000000          0 0  
                            uart2_ick           1            1    83000000          0 0  
                            i2c1_ick           1            1    83000000          0 0  
                            i2c2_ick           1            1    83000000          0 0  
                            i2c3_ick           1            1    83000000          0 0  
                            mcspi1_ick           1            1    83000000          0 0  
                            mcspi2_ick           1            1    83000000          0 0  
                            mcspi3_ick           1            1    83000000          0 0  
                            mcspi4_ick           1            1    83000000          0 0  
                            hdq_ick           0            1    83000000          0 0  
                            mmchs1_ick           1            1    83000000          0 0  
                            mmchs2_ick           1            1    83000000          0 0  
                         rm_ick           0            0    41500000          0 0  
                   dpll1_fck              0            0   166000000          0 0  
             dpll3_m3_ck                  0            0   166000000          0 0  
                dpll3_m3x2_mul_ck           0            0   332000000          0 0  
                   dpll3_m3x2_ck           0            0   332000000          0 0  
                      emu_core_alwon_ck           0            0   332000000          0 0  
          dpll4_ck                        1            3   432000000          0 0  
             dpll4_x2_ck                  0            0   864000000          0 0  
             dpll4_m6_ck                  0            0   144000000          0 0  
                dpll4_m6x2_mul_ck           0            0   288000000          0 0  
                   dpll4_m6x2_ck           0            0   288000000          0 0  
                      emu_per_alwon_ck           0            0   288000000          0 0  
             dpll4_m5_ck                  0            0   108000000          0 0  
                dpll4_m5x2_mul_ck           0            0   216000000          0 0  
                   dpll4_m5x2_ck           0            0   216000000          0 0  
             dpll4_m4_ck                  0            1   216000000          0 0  
                dpll4_m4x2_mul_ck           0            1   432000000          0 0  
                   dpll4_m4x2_ck           0            1   432000000          0 0  
                      dss1_alwon_fck_3430es2           0            4   432000000          0 0  
             dpll4_m3_ck                  0            1    27000000          0 0  
                dpll4_m3x2_mul_ck           0            1    54000000          0 0  
                   dpll4_m3x2_ck           0            1    54000000          0 0  
                      omap_54m_fck           0            1    54000000          0 0  
                         clkout2_src_ck           0            0    54000000          0 0  
                            sys_clkout2           0            0    54000000          0 0  
                         dss_tv_fck           0            2    54000000          0 0  
             dpll4_m2_ck                  1            1    48000000          0 0  
                dpll4_m2x2_mul_ck           1            1    96000000          0 0  
                   dpll4_m2x2_ck           1            1    96000000          0 0  
                      omap_192m_alwon_fck           0            0    96000000          0 0  
                      omap_96m_alwon_fck           1            2    96000000          0 0  
                         per_96m_fck           0            6    96000000          0 0  
                            mcbsp4_fck           0            1    96000000          0 0  
                            mcbsp3_fck           0            2    96000000          0 0  
                            mcbsp2_fck           0            2    96000000          0 0  
                         cm_96m_fck           1            2    96000000          0 0  
                            cm_96m_d2_fck           1            1    48000000          0 0  
                               omap_48m_fck           2            4    48000000          0 0  
                                  usbhost_48m_fck           0            1    48000000          0 0  
                                  per_48m_fck           1            1    48000000          0 0  
                                     uart3_fck           1            1    48000000          0 0  
                                  core_48m_fck           2            7    48000000          0 0  
                                     uart4_fck_am35xx           0            1    48000000          0 0  
                                     uart1_fck           1            2    48000000          0 0  
                                     uart2_fck           1            1    48000000          0 0  
                                     mcspi1_fck           0            1    48000000          0 0  
                                     mcspi2_fck           0            1    48000000          0 0  
                                     mcspi3_fck           0            1    48000000          0 0  
                                     mcspi4_fck           0            1    48000000          0 0  
                                  omap_12m_fck           0            1    12000000          0 0  
                                     core_12m_fck           0            1    12000000          0 0  
                                        hdq_fck             0            1    12000000          0 0  
                            omap_96m_fck           0            2    96000000          0 0  
                               dss_96m_fck           0            2    96000000          0 0  
                               core_96m_fck           0           10    96000000          0 0  
                                  mcbsp1_fck           0            1    96000000          0 0  
                                  mcbsp5_fck           0            1    96000000          0 0  
                                  mmchs3_fck           0            1    96000000          0 0  
                                  i2c1_fck           0            1    96000000          0 0  
                                  i2c2_fck           0            1    96000000          0 0  
                                  i2c3_fck           0            1    96000000          0 0  
                                  mmchs1_fck           0            1    96000000          0 0  
                                  mmchs2_fck           0            1    96000000          0 0  
          wkup_l4_ick                     4            5    13000000          0 0  
             gpt1_ick                     1            1    13000000          0 0  
             gpt12_ick                    1            1    13000000          0 0  
             omap_32ksync_ick             1            1    13000000          0 0  
             gpio1_ick                    0            1    13000000          0 0  
             wdt1_ick                     0            0    13000000          0 0  
             wdt2_ick                     1            1    13000000          0 0  
 virt_19200000_ck                         0            0    19200000          0 0  
 virt_13m_ck                              0            0    13000000          0 0  
 virt_12m_ck                              0            0    12000000          0 0  
 omap_32k_fck                             0            7       32768          0 0  
    gpt11_fck                             0            1       32768          0 0  
    gpt10_fck                             0            1       32768          0 0  
    ts_fck                                0            0       32768          0 0  
    per_32k_alwon_fck                     0            5       32768          0 0  
       wdt3_fck                           0            0       32768          0 0  
       gpio2_dbck                         0            1       32768          0 0  
       gpio3_dbck                         0            1       32768          0 0  
       gpio4_dbck                         0            1       32768          0 0  
       gpio5_dbck                         0            1       32768          0 0  
       gpio6_dbck                         0            1       32768          0 0  
    wkup_32k_fck                          0            3       32768          0 0  
       wdt2_fck                           0            1       32768          0 0  
       gpio1_dbck                         0            1       32768          0 0  
 dummy_apb_pclk                           0            0           0          0 0  
 virt_16_8m_ck                            0            0    16800000          0 0  
=======
Available frequencies
=======
===== ERR ==
omap_hwmod: uart4: _wait_target_ready failed: -16
Address Hole seen by USB_OTG  at address 4deb67bc
platform 480c5000.aes: Cannot lookup hwmod 'aes'
platform 480c3000.sham: Cannot lookup hwmod 'sham'
platform 480cb000.smartreflex: Cannot lookup hwmod 'smartreflex_core'
platform 480ab000.usb_otg_hs: Cannot lookup hwmod 'usb_otg_hs'
mtdoops: mtd device (mtddev=name/number) must be supplied
omap_hsmmc 4809c000.mmc: unable to get vmmc regulator -517
omap2_set_init_voltage: unable to find boot up OPP for vdd_mpu_iva
omap2_set_init_voltage: unable to set vdd_mpu_iva
omap2_set_init_voltage: unable to find boot up OPP for vdd_core
omap2_set_init_voltage: unable to set vdd_core
pm: Failed to request pm_wkup irq
vdd_shv: operation not allowed
omap_hsmmc 4809c000.mmc: could not set regulator OCR (-1)
vdd_shv: operation not allowed
omap_hsmmc 4809c000.mmc: could not set regulator OCR (-1)
sr_init: platform driver register failed for SR
udevd[90]: starting version 182
=====
===== WARN ==
Lock dependency validator: Copyright (c) 2006 Red Hat, Inc., Ingo Molnar
... MAX_LOCKDEP_SUBCLASSES:  8
... MAX_LOCK_DEPTH:          48
... MAX_LOCKDEP_KEYS:        8191
... CLASSHASH_SIZE:          4096
... MAX_LOCKDEP_ENTRIES:     32768
... MAX_LOCKDEP_CHAINS:      65536
... CHAINHASH_SIZE:          32768
 memory used by lock dependency info: 5167 kB
 per task-struct memory footprint: 1536 bytes
omap_hwmod: mcbsp2_sidetone using broken dt data from mcbsp
omap_hwmod: mcbsp3_sidetone using broken dt data from mcbsp
omap_hwmod: uart4: cannot be enabled for reset (3)
------------[ cut here ]------------
WARNING: CPU: 0 PID: 1 at drivers/bus/omap_l3_smx.c:166 omap3_l3_app_irq+0x100/0x128()
Modules linked in:
CPU: 0 PID: 1 Comm: swapper/0 Not tainted 4.1.0-next-20150625-00002-g12c2c14ed20c #3
Hardware name: Generic AM3517 (Flattened Device Tree)
[<c00165c4>] (unwind_backtrace) from [<c0012a84>] (show_stack+0x10/0x14)
[<c0012a84>] (show_stack) from [<c05f7b88>] (dump_stack+0x78/0x94)
[<c05f7b88>] (dump_stack) from [<c003fbd8>] (warn_slowpath_common+0x7c/0xb4)
[<c003fbd8>] (warn_slowpath_common) from [<c003fc2c>] (warn_slowpath_null+0x1c/0x24)
[<c003fc2c>] (warn_slowpath_null) from [<c0387484>] (omap3_l3_app_irq+0x100/0x128)
[<c0387484>] (omap3_l3_app_irq) from [<c009a09c>] (handle_irq_event_percpu+0x68/0x230)
[<c009a09c>] (handle_irq_event_percpu) from [<c009a2a4>] (handle_irq_event+0x40/0x64)
[<c009a2a4>] (handle_irq_event) from [<c009d2a4>] (handle_level_irq+0xc0/0x150)
[<c009d2a4>] (handle_level_irq) from [<c0099940>] (generic_handle_irq+0x20/0x30)
[<c0099940>] (generic_handle_irq) from [<c0099a54>] (__handle_domain_irq+0x64/0xd8)
[<c0099a54>] (__handle_domain_irq) from [<c00094a0>] (omap_intc_handle_irq+0xa8/0xb8)
[<c00094a0>] (omap_intc_handle_irq) from [<c05fe9a4>] (__irq_svc+0x44/0x5c)
Exception stack(0xce0a3ce8 to 0xce0a3d30)
3ce0:                   00000001 ce0a12b8 00000000 ce0a0d00 60000153 ce013c64
3d00: ce013c64 00000000 0000001a ce013c3c 60000153 00000000 ce0a0d00 ce0a3d30
3d20: c008f6e4 c05fe560 20000153 ffffffff
[<c05fe9a4>] (__irq_svc) from [<c05fe560>] (_raw_spin_unlock_irqrestore+0x34/0x44)
[<c05fe560>] (_raw_spin_unlock_irqrestore) from [<c009ba98>] (__setup_irq+0x2f8/0x4f0)
[<c009ba98>] (__setup_irq) from [<c009bd64>] (request_threaded_irq+0xd4/0x15c)
[<c009bd64>] (request_threaded_irq) from [<c0387314>] (omap3_l3_probe+0xf0/0x160)
[<c0387314>] (omap3_l3_probe) from [<c03f0610>] (platform_drv_probe+0x48/0x98)
[<c03f0610>] (platform_drv_probe) from [<c03eef74>] (driver_probe_device+0x1b0/0x26c)
[<c03eef74>] (driver_probe_device) from [<c03ed7e0>] (bus_for_each_drv+0x5c/0x88)
[<c03ed7e0>] (bus_for_each_drv) from [<c03eed54>] (__device_attach+0x8c/0xd8)
[<c03eed54>] (__device_attach) from [<c03ee4ec>] (bus_probe_device+0x88/0x90)
[<c03ee4ec>] (bus_probe_device) from [<c03ec9f4>] (device_add+0x324/0x520)
[<c03ec9f4>] (device_add) from [<c04ddd40>] (of_platform_device_create_pdata+0x7c/0xb4)
[<c04ddd40>] (of_platform_device_create_pdata) from [<c04dde54>] (of_platform_bus_create+0xdc/0x190)
[<c04dde54>] (of_platform_bus_create) from [<c04ddf68>] (of_platform_populate+0x60/0xa8)
[<c04ddf68>] (of_platform_populate) from [<c086b7bc>] (pdata_quirks_init+0x34/0x44)
[<c086b7bc>] (pdata_quirks_init) from [<c086b4ec>] (omap_generic_init+0x10/0x1c)
[<c086b4ec>] (omap_generic_init) from [<c085b8d8>] (customize_machine+0x1c/0x40)
[<c085b8d8>] (customize_machine) from [<c00097a4>] (do_one_initcall+0x80/0x1d8)
[<c00097a4>] (do_one_initcall) from [<c0858eb0>] (kernel_init_freeable+0x20c/0x2e8)
[<c0858eb0>] (kernel_init_freeable) from [<c05f16ec>] (kernel_init+0x8/0xe4)
[<c05f16ec>] (kernel_init) from [<c000f558>] (ret_from_fork+0x14/0x3c)
---[ end trace 5cbd6f92db81ae88 ]---
gpmc_mem_init: disabling cs 0 mapped at 0x0-0x1000000
hw perfevents: Failed to parse /pmu/interrupt-affinity[0]
PM: no software I/O chain control
sr_init: No PMIC hook to init smartreflex
davinci_mdio davinci_mdio.0: resetting idled controller
mmc0: host does not support reading read-only switch, assuming write-enable
IP-Config: Got DHCP answer from 192.168.1.254, my address is 192.168.1.155
, nameserver1=192.0.2.3
FAT-fs (mmcblk0p1): Volume was not properly unmounted. Some data may be corrupt. Please run fsck.
=====
SUMMARY RESULT: BOOT: PASS: Hello World Board Booted Boot Log has:::: err=19 warn=64:
root@GenericAM3517(FlattenedDeviceTree):/test# 
- 05:47:14 [INFO] Host: cat stderr.log
- 05:47:14 [INFO] Target: 
cat stderr.log
./test.sh: line 33:   611 Killed                  cp /dev/kmsg $TMPF
root@GenericAM3517(FlattenedDeviceTree):/test# 
- 05:47:14 [INFO] Host: cat result.log
- 05:47:16 [ERROR] On command: cat result.log waiting for cat result.log.+?(?m-ix:^1[\0\n\r]+) >>> error: execution expired
- 05:47:16 [INFO] Target: 
cat result.log
root@GenericAM3517(FlattenedDeviceTree):/test# 
- 05:47:16 [INFO] Host: cd /test
- 05:47:16 [INFO] Target: 
cd /test
root@GenericAM3517(FlattenedDeviceTree):/test# 
URL:gtsystest.telogy.design.ti.com/vatf/tidfarm-02.dal.design.ti.com/tidfarm-02.dal.design.ti.com_vatf@4/tidfarm-02.dal.design.ti.com06_25_2015_05_45_07/files/session_iteration_1/test_1
