- 06:35:20 [INFO] Starting target session
- 06:35:20 [INFO] Connected to craneboard via serial 
- 06:35:20 [INFO] Host: #check prompt
- 06:35:22 [ERROR] On command: #check prompt waiting for (?-mix:((?-mix:.*\s+login)|[Pp]assword)) >>> error: execution expired
- 06:35:22 [INFO] Target: 
#check prompt
root@GenericAM3517(FlattenedDeviceTree):/test# 
- 06:35:22 [INFO] Host: #check prompt
- 06:35:23 [INFO] Target: 
#check prompt
root@GenericAM3517(FlattenedDeviceTree):/test# 
- 06:35:23 [INFO] Host: sync;poweroff
- 06:35:54 [INFO] Target: 
sync;poweroff
Broadcast message from root@GenericAM3517(FlattenedDeviceTree) (ttyO2) (Wed O
The system is going down for system halt NOW!
INIT: Switch
INIT: Sending processes the TERM signal
root@GenericAM3517(FlattenedDeviceTree):/test# 
INIT: Sending proceaStopping Dropbear SSH server: stopped /usr/sbin/dropbear (pid 551)
dropbear.
Stopping telnet daemon.
Stopping system message bus: Error opening /dev/fb0: No such file or directory
Stopping syslogd/klogd: stopped syslogd (pid 563)
stopped klogd (pid 566)
done
Stopping thttpd.
ALSA: Storing mixer settings...
/usr/sbin/alsactl: save_state:1580: No soundcards found...
Deconfiguring network interfaces... ifdown: interface eth0 not configured
done.
Stopping Lighttpd Web Server: stopped /usr/sbin/lighttpd (pid 576)
lighttpd.
***************************************************************
***************************************************************
NOTICE: This file system contains the followin GPLv3 packages:
	binutils-symlinks
	binutils
	gdbserver
	parted
If you do not wish to distribute GPLv3 components please remove
the above packages prior to distribution.  This can be done using
the opkg remove command.  i.e.:
    opkg remove <package>
Where <package> is the name printed in the list above
NOTE: If the package is a dependency of another package you
      will be notified of the dependent packages.  You should
      use the --force-removal-of-dependent-packages option to
      also remove the dependent packages as well
***************************************************************
***************************************************************
Sending all processes the TERM signal...
Sending all processes the KILL signal...
Unmounting remote filesystems...
Deactivating swap...
Unmounting local filesystems...
[88315.579045] EXT4-fs (mmcblk0p2): re-mounted. Opts: data=ordered
[88317.774696] reboot: System halted
- 06:35:54 [INFO] Disconnected serial from craneboard
- 06:36:17 [INFO] Connected to craneboard via serial 
- 06:36:17 [INFO] Host: 
- 06:36:18 [ERROR] On command:  waiting for (?-mix:AM3517_CRANE\s#) >>> error: execution expired
- 06:36:18 [INFO] Target: 
- 06:36:18 [INFO] Host: 
- 06:36:19 [ERROR] On command:  waiting for (?-mix:AM3517_CRANE\s#) >>> error: execution expired
- 06:36:19 [INFO] Target: 
In:    serial
Out:   serial
Err:   serial
Die ID #7b4e000100000000015da3961501500d
- 06:36:19 [INFO] Host: 
- 06:36:20 [INFO] Target: 
Net:   davinci_emac_initialize
Ethernet PHY: GENERIC @ 0x00
EMAC LSB = 0x00106680
EMAC MSB = 0x00080028
-----------------------------
EMAC ID 08:00:28:10:66:80
-----------------------------
DaVinci EMAC
Hit any key to stop autoboot:  3  0 
AM3517_CRANE # 
AM3517_CRANE # 
AM3517_CRANE # 
- 06:36:20 [INFO] Host: 
- 06:36:20 [INFO] Target: 
AM3517_CRANE # 
- 06:36:20 [INFO] Host: version
- 06:36:21 [INFO] Target: 
version
U-Boot 2009.11-00005-ge83d2db (Dec 07 2010 - 11:55:34)
AM3517_CRANE # 
- 06:36:21 [INFO] Host: setenv bootargs 'console=ttyO2,115200n8 earlyprintk rootwait nohlt '
- 06:36:22 [INFO] Target: 
setenv bootargs 'console=ttyO2,115200n8 earlyprintk rootwait nohlt '
AM3517_CRANE # 
- 06:36:22 [INFO] Host: setenv bootcmd  ''
- 06:36:22 [INFO] Target: 
setenv bootcmd  ''
AM3517_CRANE # 
- 06:36:22 [INFO] Host: setenv autoload 'no'
- 06:36:23 [INFO] Target: 
setenv autoload 'no'
AM3517_CRANE # 
- 06:36:23 [INFO] Host: setenv serverip '128.247.105.47'
- 06:36:23 [INFO] Target: 
setenv serverip '128.247.105.47'
AM3517_CRANE # 
- 06:36:23 [INFO] Host: printenv
- 06:36:24 [INFO] Target: 
printenv
bootdelay=3
baudrate=115200
loadaddr=0x82000000
nandargs=setenv bootargs console=${console} root=/dev/mtdblock4 rw rootfstype=jffs2 eth=${ethaddr} ip=dhcp
loadbootscript=fatload mmc 0 ${loadaddr} boot.scr
bootscript=echo Running bootscript from mmc ...; source ${loadaddr}
loaduimage=fatload mmc 0 ${loadaddr} uImage
mmcboot=echo Booting from mmc ...; run mmcargs; bootm ${loadaddr}
nandboot=echo Booting from nand ...; run nandargs; nand read ${loadaddr} 480000 500000; bootm ${loadaddr}
dieid#=7b4e000100000000015da3961501500d
ethact=DaVinci EMAC
filesize=F40000
ipaddr=192.168.1.9
oldbootcmd=if mmc init; then if run loadbootscript; then run bootscript; else if run loaduimage; then run mmcboot; else run nandboot; fi; fi; else run nandboot; fi
mmcargs=setenv bootargs console=ttyS2,115200n8 root=/dev/mmcblk0p2 rw rootfstype=ext3 rootwait eth=08:00:28:10:66:80 ip=dhcp earlyprintk
console=ttyO2,115200n8
bootfile=uImage.am3517-craneboard
ethaddr=08:00:28:10:66:80
bootargs=console=ttyO2,115200n8 earlyprintk rootwait nohlt 
bootcmd=
autoload=no
serverip=128.247.105.47
Environment size: 1073/131068 bytes
AM3517_CRANE # 
- 06:36:24 [INFO] Host: printenv
- 06:36:24 [INFO] Target: 
printenv
bootdelay=3
baudrate=115200
loadaddr=0x82000000
nandargs=setenv bootargs console=${console} root=/dev/mtdblock4 rw rootfstype=jffs2 eth=${ethaddr} ip=dhcp
loadbootscript=fatload mmc 0 ${loadaddr} boot.scr
bootscript=echo Running bootscript from mmc ...; source ${loadaddr}
loaduimage=fatload mmc 0 ${loadaddr} uImage
mmcboot=echo Booting from mmc ...; run mmcargs; bootm ${loadaddr}
nandboot=echo Booting from nand ...; run nandargs; nand read ${loadaddr} 480000 500000; bootm ${loadaddr}
dieid#=7b4e000100000000015da3961501500d
ethact=DaVinci EMAC
filesize=F40000
ipaddr=192.168.1.9
oldbootcmd=if mmc init; then if run loadbootscript; then run bootscript; else if run loaduimage; then run mmcboot; else run nandboot; fi; fi; else run nandboot; fi
mmcargs=setenv bootargs console=ttyS2,115200n8 root=/dev/mmcblk0p2 rw rootfstype=ext3 rootwait eth=08:00:28:10:66:80 ip=dhcp earlyprintk
console=ttyO2,115200n8
bootfile=uImage.am3517-craneboard
ethaddr=08:00:28:10:66:80
bootargs=console=ttyO2,115200n8 earlyprintk rootwait nohlt 
bootcmd=
autoload=no
serverip=128.247.105.47
Environment size: 1073/131068 bytes
AM3517_CRANE # 
- 06:36:24 [INFO] Host: setenv bootargs ''${bootargs}' ip=dhcp '
- 06:36:25 [INFO] Target: 
setenv bootargs ''${bootargs}' ip=dhcp '
AM3517_CRANE # 
- 06:36:25 [INFO] Host: setenv serverip '128.247.105.47'
- 06:36:26 [INFO] Target: 
setenv serverip '128.247.105.47'
AM3517_CRANE # 
- 06:36:26 [INFO] Host: setenv ipaddr dhcp
- 06:36:26 [INFO] Target: 
setenv ipaddr dhcp
AM3517_CRANE # 
- 06:36:26 [INFO] Host: setenv autoload 'no'
- 06:36:27 [INFO] Target: 
setenv autoload 'no'
AM3517_CRANE # 
- 06:36:27 [INFO] Host: dhcp
- 06:36:29 [INFO] Target: 
dhcp
BOOTP broadcast 1
DHCP client bound to address 192.168.1.153
AM3517_CRANE # 
- 06:36:29 [INFO] Host: setenv serverip '128.247.105.47'
- 06:36:29 [INFO] Target: 
setenv serverip '128.247.105.47'
AM3517_CRANE # 
- 06:36:29 [INFO] Host: tftp ${loadaddr} 128.247.105.47:vatf_4/42c8f8b3b5b76434795c762d80733ff0
- 06:36:36 [INFO] Target: 
tftp ${loadaddr} 128.247.105.47:vatf_4/42c8f8b3b5b76434795c762d80733ff0
Using DaVinci EMAC device
TFTP from server 128.247.105.47; our IP address is 192.168.1.153
Filename 'vatf_4/42c8f8b3b5b76434795c762d80733ff0'.
Load address: 0x82000000
Loading: *## Warning: gatewayip needed but not set
#################################################################
	 #################################################################
	 #################################################################
	 #################################################################
	 #################################################################
	 #################################################################
	 #################################################################
	 #################################################################
	 #################################################################
	 #################################################################
	 #################################################################
	 #################################################################
	 #################################################################
	 #################################################################
	 ############################
done
Bytes transferred = 4801375 (49435f hex)
AM3517_CRANE # 
- 06:36:36 [INFO] Host: ls mmc 0:1
- 06:36:36 [INFO] Target: 
ls mmc 0:1
ls - list files in a directory (default /)
Usage:
ls [ directory ]
AM3517_CRANE # 
- 06:36:36 [INFO] Host: ls mmc 0:2
- 06:36:37 [INFO] Target: 
ls mmc 0:2
ls - list files in a directory (default /)
Usage:
ls [ directory ]
AM3517_CRANE # 
- 06:36:37 [INFO] Host: ls mmc 0:3
- 06:36:37 [INFO] Target: 
ls mmc 0:3
ls - list files in a directory (default /)
Usage:
ls [ directory ]
AM3517_CRANE # 
- 06:36:37 [INFO] Host: ls mmc 0:4
- 06:36:38 [INFO] Target: 
ls mmc 0:4
ls - list files in a directory (default /)
Usage:
ls [ directory ]
AM3517_CRANE # 
- 06:36:38 [INFO] Host: ls mmc 0:5
- 06:36:38 [INFO] Target: 
ls mmc 0:5
ls - list files in a directory (default /)
Usage:
ls [ directory ]
AM3517_CRANE # 
- 06:36:38 [INFO] Host: part uuid mmc 0:
- 06:36:39 [INFO] Target: 
part uuid mmc 0:
Unknown command 'part' - try 'help'
AM3517_CRANE # 
- 06:36:39 [INFO] Host: printenv
- 06:36:40 [INFO] Target: 
printenv
bootdelay=3
baudrate=115200
loadaddr=0x82000000
nandargs=setenv bootargs console=${console} root=/dev/mtdblock4 rw rootfstype=jffs2 eth=${ethaddr} ip=dhcp
loadbootscript=fatload mmc 0 ${loadaddr} boot.scr
bootscript=echo Running bootscript from mmc ...; source ${loadaddr}
loaduimage=fatload mmc 0 ${loadaddr} uImage
mmcboot=echo Booting from mmc ...; run mmcargs; bootm ${loadaddr}
nandboot=echo Booting from nand ...; run nandargs; nand read ${loadaddr} 480000 500000; bootm ${loadaddr}
dieid#=7b4e000100000000015da3961501500d
ethact=DaVinci EMAC
oldbootcmd=if mmc init; then if run loadbootscript; then run bootscript; else if run loaduimage; then run mmcboot; else run nandboot; fi; fi; else run nandboot; fi
mmcargs=setenv bootargs console=ttyS2,115200n8 root=/dev/mmcblk0p2 rw rootfstype=ext3 rootwait eth=08:00:28:10:66:80 ip=dhcp earlyprintk
console=ttyO2,115200n8
ethaddr=08:00:28:10:66:80
bootcmd=
bootargs=console=ttyO2,115200n8 earlyprintk rootwait nohlt ip=dhcp
autoload=no
bootfile=uImage.am3517-craneboard
filesize=49435F
fileaddr=82000000
netmask=255.255.255.0
ipaddr=192.168.1.153
serverip=128.247.105.47
dnsip=192.0.2.2
dnsip2=192.0.2.3
Environment size: 1155/131068 bytes
AM3517_CRANE # 
- 06:36:40 [INFO] Host: setenv bootargs ''${bootargs}' root=/dev/mmcblk0p2 rw rootfstype=ext3 rootwait '
- 06:36:40 [INFO] Target: 
setenv bootargs ''${bootargs}' root=/dev/mmcblk0p2 rw rootfstype=ext3 rootwait '
AM3517_CRANE # 
- 06:36:40 [INFO] Host: printenv
- 06:36:41 [INFO] Target: 
printenv
bootdelay=3
baudrate=115200
loadaddr=0x82000000
nandargs=setenv bootargs console=${console} root=/dev/mtdblock4 rw rootfstype=jffs2 eth=${ethaddr} ip=dhcp
loadbootscript=fatload mmc 0 ${loadaddr} boot.scr
bootscript=echo Running bootscript from mmc ...; source ${loadaddr}
loaduimage=fatload mmc 0 ${loadaddr} uImage
mmcboot=echo Booting from mmc ...; run mmcargs; bootm ${loadaddr}
nandboot=echo Booting from nand ...; run nandargs; nand read ${loadaddr} 480000 500000; bootm ${loadaddr}
dieid#=7b4e000100000000015da3961501500d
ethact=DaVinci EMAC
oldbootcmd=if mmc init; then if run loadbootscript; then run bootscript; else if run loaduimage; then run mmcboot; else run nandboot; fi; fi; else run nandboot; fi
mmcargs=setenv bootargs console=ttyS2,115200n8 root=/dev/mmcblk0p2 rw rootfstype=ext3 rootwait eth=08:00:28:10:66:80 ip=dhcp earlyprintk
console=ttyO2,115200n8
ethaddr=08:00:28:10:66:80
bootcmd=
autoload=no
bootfile=uImage.am3517-craneboard
filesize=49435F
fileaddr=82000000
netmask=255.255.255.0
ipaddr=192.168.1.153
serverip=128.247.105.47
dnsip=192.0.2.2
dnsip2=192.0.2.3
bootargs=console=ttyO2,115200n8 earlyprintk rootwait nohlt ip=dhcp root=/dev/mmcblk0p2 rw rootfstype=ext3 rootwait
Environment size: 1203/131068 bytes
AM3517_CRANE # 
- 06:36:41 [INFO] Host: setenv bootcmd ''${bootcmd}' if iminfo ${loadaddr}; then bootm ${loadaddr}  ; else bootz ${loadaddr}  ; bootm ${loadaddr}  ; fi'
- 06:36:41 [INFO] Target: 
setenv bootcmd ''${bootcmd}' if iminfo ${loadaddr}; then bootm ${loadaddr}  ; else bootz ${loadaddr}  ; bootm ${loadaddr}  ; fi'
AM3517_CRANE # 
- 06:36:41 [INFO] Host: bdinfo
- 06:36:42 [INFO] Target: 
bdinfo
arch_number = 0x00000B74
env_t       = 0x00000000
boot_params = 0x80000100
DRAM bank   = 0x00000000
-> start    = 0x80000000
-> size     = 0x10000000
DRAM bank   = 0x00000001
-> start    = 0x80000000
-> size     = 0x00000000
ethaddr     = 08:00:28:10:66:80
ip_addr     = 192.168.1.153
baudrate    = 115200 bps
AM3517_CRANE # 
- 06:36:42 [INFO] Host: boot
- 06:37:30 [INFO] Target: 
boot
Unknown command 'iminfo' - try 'help'
Unknown command 'bootz' - try 'help'
## Booting kernel from Legacy Image at 82000000 ...
   Image Name:   Linux-3.18.0-rc2-next-20141028-0
   Image Type:   ARM Linux Kernel Image (uncompressed)
   Data Size:    4801311 Bytes =  4.6 MB
   Load Address: 80800000
   Entry Point:  80800000
   Verifying Checksum ... OK
   Loading Kernel Image ... OK
Starting kernel ...
[    0.000000] Booting Linux on physical CPU 0x0
[    0.000000] Initializing cgroup subsys cpuset
[    0.000000] Initializing cgroup subsys cpu
[    0.000000] Initializing cgroup subsys cpuacct
[    0.000000] Linux version 3.18.0-rc2-next-20141028-00002-ge075f69 (nmenon@kahuna) (gcc version 4.6.3 (Ubuntu/Linaro 4.6.3-1ubuntu5) ) #1 SMP Tue Oct 28 06:32:44 CDT 2014
[    0.000000] CPU: ARMv7 Processor [411fc087] revision 7 (ARMv7), cr=10c5387d
[    0.000000] CPU: PIPT / VIPT nonaliasing data cache, VIPT nonaliasing instruction cache
[    0.000000] Machine model: TI AM3517 CraneBoard (TMDSEVM3517)
[    0.000000] cma: Reserved 16 MiB at 0x8e800000
[    0.000000] Memory policy: Data cache writeback
[    0.000000]   HighMem zone: 1048574 pages exceeds freesize 0
[    0.000000] CPU: All CPU(s) started in SVC mode.
[    0.000000] AM3517 ES1.1 (l2cache sgx neon )
[    0.000000] PERCPU: Embedded 11 pages/cpu @cfc85000 s14976 r8192 d21888 u45056
[    0.000000] Built 1 zonelists in Zone order, mobility grouping on.  Total pages: 64768
[    0.000000] Kernel command line: console=ttyO2,115200n8 earlyprintk rootwait nohlt ip=dhcp root=/dev/mmcblk0p2 rw rootfstype=ext3 rootwait
[    0.000000] PID hash table entries: 1024 (order: 0, 4096 bytes)
[    0.000000] Dentry cache hash table entries: 32768 (order: 5, 131072 bytes)
[    0.000000] Inode-cache hash table entries: 16384 (order: 4, 65536 bytes)
[    0.000000] allocated 261120 bytes of page_cgroup
[    0.000000] please try 'cgroup_disable=memory' option if you don't want memory cgroups
[    0.000000] Memory: 223704K/261120K available (6269K kernel code, 684K rwdata, 2324K rodata, 428K init, 8261K bss, 21032K reserved, 16384K cma-reserved, 0K highmem)
[    0.000000] Virtual kernel memory layout:
[    0.000000]     vector  : 0xffff0000 - 0xffff1000   (   4 kB)
[    0.000000]     fixmap  : 0xffc00000 - 0xffe00000   (2048 kB)
[    0.000000]     vmalloc : 0xd0800000 - 0xff000000   ( 744 MB)
[    0.000000]     lowmem  : 0xc0000000 - 0xd0000000   ( 256 MB)
[    0.000000]     pkmap   : 0xbfe00000 - 0xc0000000   (   2 MB)
[    0.000000]     modules : 0xbf000000 - 0xbfe00000   (  14 MB)
[    0.000000]       .text : 0xc0008000 - 0xc086c99c   (8595 kB)
[    0.000000]       .init : 0xc086d000 - 0xc08d8000   ( 428 kB)
[    0.000000]       .data : 0xc08d8000 - 0xc0983318   ( 685 kB)
[    0.000000]        .bss : 0xc0983318 - 0xc1194ae0   (8262 kB)
[    0.000000] Hierarchical RCU implementation.
[    0.000000] 	RCU restricting CPUs from NR_CPUS=2 to nr_cpu_ids=1.
[    0.000000] RCU: Adjusting geometry for rcu_fanout_leaf=16, nr_cpu_ids=1
[    0.000000] NR_IRQS:16 nr_irqs:16 16
[    0.000000] IRQ: Found an INTC at 0xfa200000 (revision 4.0) with 96 interrupts
[    0.000000] Clocking rate (Crystal/Core/MPU): 26.0/332/500 MHz
[    0.000000] OMAP clockevent source: timer2 at 13000000 Hz
[    0.000033] sched_clock: 32 bits at 13MHz, resolution 76ns, wraps every 330382100403ns
[    0.000153] OMAP clocksource: timer1 at 13000000 Hz
[    0.001697] Console: colour dummy device 80x30
[    0.001795] Lock dependency validator: Copyright (c) 2006 Red Hat, Inc., Ingo Molnar
[    0.001814] ... MAX_LOCKDEP_SUBCLASSES:  8
[    0.001831] ... MAX_LOCK_DEPTH:          48
[    0.001848] ... MAX_LOCKDEP_KEYS:        8191
[    0.001863] ... CLASSHASH_SIZE:          4096
[    0.001879] ... MAX_LOCKDEP_ENTRIES:     32768
[    0.001894] ... MAX_LOCKDEP_CHAINS:      65536
[    0.001910] ... CHAINHASH_SIZE:          32768
[    0.001925]  memory used by lock dependency info: 5167 kB
[    0.001942]  per task-struct memory footprint: 1152 bytes
[    0.001988] Calibrating delay loop... 496.43 BogoMIPS (lpj=2482176)
[    0.105544] pid_max: default: 32768 minimum: 301
[    0.106283] Security Framework initialized
[    0.106613] Mount-cache hash table entries: 1024 (order: 0, 4096 bytes)
[    0.106648] Mountpoint-cache hash table entries: 1024 (order: 0, 4096 bytes)
[    0.111892] Initializing cgroup subsys memory
[    0.112041] Initializing cgroup subsys devices
[    0.112212] Initializing cgroup subsys freezer
[    0.112370] Initializing cgroup subsys blkio
[    0.112522] Initializing cgroup subsys perf_event
[    0.112675] CPU: Testing write buffer coherency: ok
[    0.115074] CPU0: thread -1, cpu 0, socket -1, mpidr 0
[    0.115321] Setting up static identity map for 0x805f1698 - 0x805f1708
[    0.122863] Brought up 1 CPUs
[    0.122899] SMP: Total of 1 processors activated.
[    0.122920] CPU: All CPU(s) started in SVC mode.
[    0.129053] devtmpfs: initialized
[    0.133321] VFP support v0.3: implementor 41 architecture 3 part 30 variant c rev 1
[    0.219763] omap_hwmod: mcbsp2_sidetone using broken dt data from mcbsp
[    0.222267] omap_hwmod: mcbsp3_sidetone using broken dt data from mcbsp
[    0.309937] omap_hwmod: uart4: cannot be enabled for reset (3)
[    0.331865] pinctrl core: initialized pinctrl subsystem
[    0.337309] regulator-dummy: no parameters
[    0.447915] NET: Registered protocol family 16
[    0.459650] DMA: preallocated 256 KiB pool for atomic coherent allocations
[    0.464644] cpuidle: using governor ladder
[    0.464703] cpuidle: using governor menu
[    0.465000] omap_l3_smx omap_l3_smx.0: couldn't request debug irq
[    0.465155] omap_l3_smx: probe of omap_l3_smx.0 failed with error -22
[    0.477554] Reprogramming SDRC clock to 332000000 Hz
[    0.482883] platform 480c5000.aes: Cannot lookup hwmod 'aes'
[    0.497423] OMAP GPIO hardware version 2.5
[    0.531440] platform 480c3000.sham: Cannot lookup hwmod 'sham'
[    0.532574] platform 480cb000.smartreflex: Cannot lookup hwmod 'smartreflex_core'
[    0.547966] omap-gpmc 6e000000.gpmc: GPMC revision 5.0
[    0.549821] platform 480ab000.usb_otg_hs: Cannot lookup hwmod 'usb_otg_hs'
[    0.554460] No ATAGs?
[    0.554518] hw-breakpoint: debug architecture 0x4 unsupported.
[    0.559046] OMAP DMA hardware revision 4.0
[    0.606927] edma-dma-engine edma-dma-engine.0: Can't allocate PaRAM dummy slot
[    0.607062] edma-dma-engine: probe of edma-dma-engine.0 failed with error -22
[    0.680464] omap-dma-engine 48056000.dma-controller: OMAP DMA engine driver
[    0.682891] vbat: 5000 mV 
[    0.689956] SCSI subsystem initialized
[    0.691479] usbcore: registered new interface driver usbfs
[    0.691854] usbcore: registered new interface driver hub
[    0.692121] usbcore: registered new device driver usb
[    0.704054] tps65910 0-002d: could not find pctldev for node /ocp/pinmux@48002030/pinmux_tps_pins, deferring probe
[    0.704148] i2c 0-002d: Driver tps65910 requests probe deferral
[    0.704290] omap_i2c 48070000.i2c: bus 0 rev3.3 at 2600 kHz
[    0.712984] Switched to clocksource timer1
[    1.009892] NET: Registered protocol family 2
[    1.013469] TCP established hash table entries: 2048 (order: 1, 8192 bytes)
[    1.013771] TCP bind hash table entries: 2048 (order: 4, 73728 bytes)
[    1.015111] TCP: Hash tables configured (established 2048 bind 2048)
[    1.015449] TCP: reno registered
[    1.015505] UDP hash table entries: 256 (order: 2, 20480 bytes)
[    1.015882] UDP-Lite hash table entries: 256 (order: 2, 20480 bytes)
[    1.018108] NET: Registered protocol family 1
[    1.020936] RPC: Registered named UNIX socket transport module.
[    1.020974] RPC: Registered udp transport module.
[    1.020997] RPC: Registered tcp transport module.
[    1.021019] RPC: Registered tcp NFSv4.1 backchannel transport module.
[    1.023886] hw perfevents: enabled with armv7_cortex_a8 PMU driver, 5 counters available
[    1.034208] futex hash table entries: 256 (order: 2, 16384 bytes)
[    1.034593] audit: initializing netlink subsys (disabled)
[    1.035005] audit: type=2000 audit(1.030:1): initialized
[    1.043518] VFS: Disk quotas dquot_6.5.2
[    1.043806] Dquot-cache hash table entries: 1024 (order 0, 4096 bytes)
[    1.048533] NFS: Registering the id_resolver key type
[    1.049233] Key type id_resolver registered
[    1.049263] Key type id_legacy registered
[    1.049610] jffs2: version 2.2. (NAND) (SUMMARY)   2001-2006 Red Hat, Inc.
[    1.060530] io scheduler noop registered
[    1.060590] io scheduler deadline registered
[    1.060782] io scheduler cfq registered (default)
[    1.065724] pinctrl-single 48002030.pinmux: 284 pins at pa fa002030 size 568
[    1.066754] pinctrl-single 48002a00.pinmux: 46 pins at pa fa002a00 size 92
[    1.073068] pbias_mmc_omap2430: 1800 <--> 3000 mV at 3000 mV 
[    1.076775] Serial: 8250/16550 driver, 4 ports, IRQ sharing enabled
[    1.089182] omap_uart 4806a000.serial: no wakeirq for uart0
[    1.090271] omap_uart 4806a000.serial: ttyO0 at MMIO 0x4806a000 (irq = 225, base_baud = 3000000) is a OMAP UART0
[    1.094323] omap_uart 4806c000.serial: no wakeirq for uart0
[    1.094901] omap_uart 4806c000.serial: ttyO1 at MMIO 0x4806c000 (irq = 226, base_baud = 3000000) is a OMAP UART1
[    1.097553] omap_uart 49020000.serial: no wakeirq for uart0
[    1.098132] omap_uart 49020000.serial: ttyO2 at MMIO 0x49020000 (irq = 227, base_baud = 3000000) is a OMAP UART2
[    1.948441] console [ttyO2] enabled
[    2.000517] brd: module loaded
[    2.029566] loop: module loaded
[    2.038587] mtdoops: mtd device (mtddev=name/number) must be supplied
[    2.102903] davinci_mdio davinci_mdio.0: davinci mdio revision 1.5
[    2.109476] davinci_mdio davinci_mdio.0: detected phy mask fffffffe
[    2.119660] libphy: davinci_mdio.0: probed
[    2.124222] davinci_mdio davinci_mdio.0: phy[0]: device davinci_mdio.0:00, driver SMSC LAN8710/LAN8720
[    2.135477] usbcore: registered new interface driver asix
[    2.141476] usbcore: registered new interface driver ax88179_178a
[    2.148333] usbcore: registered new interface driver cdc_ether
[    2.154955] usbcore: registered new interface driver smsc95xx
[    2.161294] usbcore: registered new interface driver net1080
[    2.167612] usbcore: registered new interface driver cdc_subset
[    2.174200] usbcore: registered new interface driver zaurus
[    2.180528] usbcore: registered new interface driver cdc_ncm
[    2.188842] usbcore: registered new interface driver cdc_wdm
[    2.195447] usbcore: registered new interface driver usb-storage
[    2.202174] usbcore: registered new interface driver usbtest
[    2.212188] mousedev: PS/2 mouse device common for all mice
[    2.223331] i2c /dev entries driver
[    2.229954] Driver for 1-wire Dallas network protocol.
[    2.240988] omap_wdt: OMAP Watchdog Timer Rev 0x31: initial timeout 60 sec
[    2.249856] Driver 'mmcblk' needs updating - please use bus_type methods
[    2.260962] omap_hsmmc 4809c000.mmc: unable to get vmmc regulator -517
[    2.268708] platform 4809c000.mmc: Driver omap_hsmmc requests probe deferral
[    2.277490] ledtrig-cpu: registered to indicate activity on CPUs
[    2.285068] usbcore: registered new interface driver usbhid
[    2.290974] usbhid: USB HID core driver
[    2.297773] oprofile: using arm/armv7
[    2.303057] TCP: cubic registered
[    2.306653] Initializing XFRM netlink socket
[    2.311904] NET: Registered protocol family 10
[    2.321822] sit: IPv6 over IPv4 tunneling driver
[    2.331313] NET: Registered protocol family 17
[    2.336307] NET: Registered protocol family 15
[    2.341672] Key type dns_resolver registered
[    2.346751] omap2_set_init_voltage: unable to find boot up OPP for vdd_mpu_iva
[    2.354479] omap2_set_init_voltage: unable to set vdd_mpu_iva
[    2.360599] omap2_set_init_voltage: unable to find boot up OPP for vdd_core
[    2.368018] omap2_set_init_voltage: unable to set vdd_core
[    2.375900] PM: no software I/O chain control; some wakeups may be lost
[    2.383033] pm: Failed to request pm_wkup irq
[    2.387722] ThumbEE CPU extension supported.
[    2.392307] Registering SWP/SWPB emulation handler
[    2.397463] SmartReflex Class3 initialized
[    2.429138] vrtc: 1800 mV 
[    2.433165] vrtc: supplied by vbat
[    2.441993] vio: at 1800 mV 
[    2.445620] vio: supplied by vbat
[    2.454001] vdd_core: 1200 mV 
[    2.457703] vdd_core: supplied by vbat
[    2.466925] vdd_shv: 3300 mV 
[    2.470528] vdd_shv: supplied by vbat
[    2.477432] vdd3: 5000 mV 
[    2.484062] vdig1: at 1200 mV 
[    2.487758] vdig1: supplied by vbat
[    2.495203] vdig2: at 1000 mV 
[    2.498867] vdig2: supplied by vbat
[    2.506651] vpll: 1800 mV 
[    2.509955] vpll: supplied by vbat
[    2.517701] vdac: 1800 mV 
[    2.521016] vdac: supplied by vbat
[    2.528697] vaux1: 1800 mV 
[    2.532102] vaux1: supplied by vbat
[    2.540193] vaux2: 1800 mV 
[    2.543702] vaux2: supplied by vbat
[    2.551075] vaux33: at 1800 mV 
[    2.554955] vaux33: supplied by vbat
[    2.562711] vmmc: 3300 mV 
[    2.566023] vmmc: supplied by vbat
[    2.573407] vbb: at 3000 mV 
[    2.577270] vbb: supplied by vbat
[    2.589462] vdd_shv: operation not allowed
[    2.593982] omap_hsmmc 4809c000.mmc: could not set regulator OCR (-1)
[    2.603661] vdd_shv: operation not allowed
[    2.608037] omap_hsmmc 4809c000.mmc: could not set regulator OCR (-1)
[    2.658465] drivers/rtc/hctosys.c: unable to open rtc device (rtc0)
[    2.665288] sr_init: No PMIC hook to init smartreflex
[    2.671107] sr_init: platform driver register failed for SR
[    2.922589] mmc0: host does not support reading read-only switch, assuming write-enable
[    2.934092] mmc0: new high speed SDHC card at address 1234
[    2.944190] mmcblk0: mmc0:1234 SA04G 3.63 GiB 
[    2.958615]  mmcblk0: p1 p2
[   14.918230] kjournald starting.  Commit interval 5 seconds
[   14.936015] EXT3-fs (mmcblk0p2): using internal journal
[   14.941580] EXT3-fs (mmcblk0p2): mounted filesystem with ordered data mode
[   14.949188] VFS: Mounted root (ext3 filesystem) on device 179:2.
[   14.962900] devtmpfs: mounted
[   14.967735] Freeing unused kernel memory: 428K (c086d000 - c08d8000)
INIT: version 2.88 booting
Error opening /dev/fb0: No such file or directory
/dev/ttyO2 linked to /dev/tty-bd - using as console
Starting udev
[   16.666020] udevd[92]: starting version 182
[   28.717342] FAT-fs (mmcblk0p1): Volume was not properly unmounted. Some data may be corrupt. Please run fsck.
ERROR: could not open directory /lib/modules/3.18.0-rc2-next-20141028-00002-ge075f69: No such file or directory
WARNING: -e needs -E or -F
ERROR: could not open directory /lib/modules/3.18.0-rc2-next-20141028-00002-ge075f69: No such file or directory
FATAL: could not search modules: No such file or directory
Starting Bootlog daemon: bootlogd: cannot allocate pseudo tty: No such file or directory
bootlogd.
[   29.968536] random: dd urandom read with 81 bits of entropy available
ALSA: Restoring mixer settings...
/usr/sbin/alsactl: load_state:1696: No soundcards found...
Configuring network interfaces... ifconfig: SIOCGIFFLAGS: No such device
done.
hwclock: can't open '/dev/misc/rtc': No such file or directory
Wed Oct 22 04:44:00 UTC 2014
hwclock: can't open '/dev/misc/rtc': No such file or directory
INIT: Entering runlevel: 3
/dev/ttyO2 linked to /dev/tty-bd - using as console
Starting system message bus: dbus.
Starting Dropbear SSH server: dropbear.
Starting telnet daemon.
hwclock: can't open '/dev/misc/rtc': No such file or directory
Starting syslogd/klogd: done
Starting thttpd.
Starting Lighttpd Web Server: lighttpd.
2014-10-22 04:44:03: (log.c.166) server started 
[   38.025689] random: nonblocking pool is initialized
***************************************************************
***************************************************************
NOTICE: This file system contains the followin GPLv3 packages:
	binutils-symlinks
	binutils
	gdbserver
	parted
If you do not wish to distribute GPLv3 components please remove
the above packages prior to distribution.  This can be done using
the opkg remove command.  i.e.:
    opkg remove <package>
Where <package> is the name printed in the list above
NOTE: If the package is a dependency of another package you
      will be notified of the dependent packages.  You should
      use the --force-removal-of-dependent-packages option to
      also remove the dependent packages as well
***************************************************************
***************************************************************
Stopping Bootlog daemon: bootlogd.
 _____                    _____           _         _   
|  _  |___ ___ ___ ___   |  _  |___ ___  |_|___ ___| |_ 
|     |  _| .'| . | . |  |   __|  _| . | | | -_|  _|  _|
|__|__|_| |__,|_  |___|  |__|  |_| |___|_| |___|___|_|  
              |___|                    |___|            
Arago Project http://arago-project.org GenericAM3517(FlattenedDeviceTree) tty-bd
Arago 2013.12 GenericAM3517(FlattenedDeviceTree) tty-bd
GenericAM3517(FlattenedDeviceTree) login: 
- 06:37:30 [INFO] Host: root
- 06:37:37 [INFO] Target: 
root
root@GenericAM3517(FlattenedDeviceTree):~# 
- 06:37:37 [INFO] Host: uname -a
- 06:37:38 [INFO] Target: 
uname -a
Linux GenericAM3517(FlattenedDeviceTree) 3.18.0-rc2-next-20141028-00002-ge075f69 #1 SMP Tue Oct 28 06:32:44 CDT 2014 armv7l GNU/Linux
root@GenericAM3517(FlattenedDeviceTree):~# 
- 06:37:38 [INFO] Host: cat /proc/cmdline
- 06:37:38 [INFO] Target: 
cat /proc/cmdline
console=ttyO2,115200n8 earlyprintk rootwait nohlt ip=dhcp root=/dev/mmcblk0p2 rw rootfstype=ext3 rootwait
root@GenericAM3517(FlattenedDeviceTree):~# 
- 06:37:38 [INFO] Host: uname -a
- 06:37:39 [INFO] Target: 
uname -a
Linux GenericAM3517(FlattenedDeviceTree) 3.18.0-rc2-next-20141028-00002-ge075f69 #1 SMP Tue Oct 28 06:32:44 CDT 2014 armv7l GNU/Linux
root@GenericAM3517(FlattenedDeviceTree):~# 
- 06:37:39 [INFO] Host: cat /proc/mtd
- 06:37:39 [INFO] Target: 
cat /proc/mtd
dev:    size   erasesize  name
root@GenericAM3517(FlattenedDeviceTree):~# 
- 06:37:45 [INFO] Host: export IPERFHOST=128.247.105.47
- 06:37:46 [INFO] Target: 
export IPERFHOST=128.247.105.47
root@GenericAM3517(FlattenedDeviceTree):~# 
- 06:37:46 [INFO] Host: export NFS_SERVER=128.247.105.47
- 06:37:46 [INFO] Target: 
export NFS_SERVER=128.247.105.47
root@GenericAM3517(FlattenedDeviceTree):~# 
- 06:37:46 [INFO] Host: export NFS_ROOT_PATH=/usr/workdir/filesys/linux/crane
- 06:37:47 [INFO] Target: 
export NFS_ROOT_PATH=/usr/workdir/fil 
esys/linux/crane
root@GenericAM3517(FlattenedDeviceTree):~# 
- 06:37:47 [INFO] Host: mkdir -p -m 777 /test
- 06:37:47 [INFO] Target: 
mkdir -p -m 777 /test
root@GenericAM3517(FlattenedDeviceTree):~# 
- 06:37:47 [INFO] Host: cd /test
- 06:37:48 [INFO] Target: 
cd /test
root@GenericAM3517(FlattenedDeviceTree):/test# 
- 06:37:48 [INFO] Host: cat > test.sh << EOF
- 06:37:48 [INFO] Target: 
cat > test.sh << EOF
- 06:37:49 [INFO] Host: failtest() {
- 06:37:49 [INFO] Target: 
failtest() {
- 06:37:49 [INFO] Host:   echo 1 >&3
- 06:37:50 [INFO] Target: 
  echo 1 >&3
- 06:37:50 [INFO] Host: }
- 06:37:50 [INFO] Target: 
- 06:37:50 [INFO] Host: timeout=600
- 06:37:51 [INFO] Target: 
timeout=600
- 06:37:51 [INFO] Host: 
- 06:37:51 [INFO] Target: 
- 06:37:51 [INFO] Host: # Start of user's script logic
- 06:37:52 [INFO] Target: 
# Start of user's script logic
- 06:37:52 [INFO] Host: 
- 06:37:53 [INFO] Target: 
- 06:37:53 [INFO] Host: 
- 06:37:53 [INFO] Target: 
- 06:37:53 [INFO] Host: mount -t proc proc /proc 2>/dev/null;
- 06:37:54 [INFO] Target: 
mount -t proc proc /proc 2>/dev/null;
- 06:37:54 [INFO] Host: 
- 06:37:54 [INFO] Target: 
- 06:37:54 [INFO] Host: mount -t sysfs sys /sys 2>/dev/null;
- 06:37:55 [INFO] Target: 
mount -t sysfs sys /sys 2>/dev/null;
- 06:37:55 [INFO] Host: 
- 06:37:55 [INFO] Target: 
- 06:37:56 [INFO] Host: mount -t debugfs none /sys/kernel/debug 2>/dev/null;
- 06:37:56 [INFO] Target: 
mount -t debugfs none /sys/kernel/debug 2>/dev/null;
- 06:37:56 [INFO] Host: 
- 06:37:57 [INFO] Target: 
- 06:37:57 [INFO] Host: echo 'cpuinfo:';cat /proc/cpuinfo; echo '=======';
- 06:37:57 [INFO] Target: 
echo 'cpuinfo:';cat /proc/cpuinfo; echo '=======';
- 06:37:57 [INFO] Host: 
- 06:37:58 [INFO] Target: 
- 06:37:58 [INFO] Host: echo 'soc info:';head /sys/devices/soc0/* 2>/dev/null; echo '=======';
- 06:37:58 [INFO] Target: 
echo 'soc info:';head /sys/devices/soc0/* 2>/dev/null; echo '=======';
- 06:37:58 [INFO] Host: 
- 06:37:59 [INFO] Target: 
- 06:37:59 [INFO] Host: echo 'DT Model info'; head /proc/device-tree/name /proc/device-tree/model /proc/device-tree/compatible 2>/dev/null;echo; echo '=======';
- 06:38:00 [INFO] Target: 
echo 'DT Model info'; head /proc/device-tree/name /proc/device-tree/model /pro 
c/device-tree/compatible 2>/dev/null;echo; echo '=======';
- 06:38:00 [INFO] Host: 
- 06:38:00 [INFO] Target: 
- 06:38:00 [INFO] Host: echo 'interrupts:';cat /proc/interrupts; echo '=======';
- 06:38:01 [INFO] Target: 
echo 'interrupts:';cat /proc/interrupts; echo '=======';
- 06:38:01 [INFO] Host: 
- 06:38:01 [INFO] Target: 
- 06:38:01 [INFO] Host: echo 'Clk_summary:';cat /sys/kernel/debug/clk/clk_summary; echo '=======';
- 06:38:02 [INFO] Target: 
echo 'Clk_summary:';cat /sys/kernel/debug/clk/clk_summary; echo '=======';
- 06:38:02 [INFO] Host: 
- 06:38:02 [INFO] Target: 
- 06:38:03 [INFO] Host: echo 'Orphan Clks:';ls /sys/kernel/debug/clk/orphans/; echo '=======';
- 06:38:03 [INFO] Target: 
echo 'Orphan Clks:';ls /sys/kernel/debug/clk/orphans/; echo '=======';
- 06:38:03 [INFO] Host: 
- 06:38:04 [INFO] Target: 
- 06:38:04 [INFO] Host: echo "Available frequencies"; cat /sys/devices/system/cpu/cpu0/cpufreq/scaling_available_frequencies 2>/dev/null;echo '=======';
- 06:38:04 [INFO] Target: 
echo "Available frequencies"; cat /sys/devices/system/cpu/cpu0/cpufreq/scaling 
_available_frequencies 2>/dev/null;echo '=======';
- 06:38:04 [INFO] Host: 
- 06:38:05 [INFO] Target: 
- 06:38:05 [INFO] Host: echo 'H''ello World' 'B''oard Booted';
- 06:38:05 [INFO] Target: 
echo 'H''ello World' 'B''oard Booted';
- 06:38:05 [INFO] Host: 
- 06:38:06 [INFO] Target: 
- 06:38:06 [INFO] Host: EOF
- 06:38:07 [INFO] Target: 
root@GenericAM3517(FlattenedDeviceTree):/test# 
- 06:38:07 [INFO] Host: cd /test
- 06:38:07 [INFO] Target: 
cd /test
root@GenericAM3517(FlattenedDeviceTree):/test# 
- 06:38:07 [INFO] Host: chmod +x test.sh
- 06:38:08 [INFO] Target: 
chmod +x test.sh
root@GenericAM3517(FlattenedDeviceTree):/test# 
- 06:38:08 [INFO] Host: ./test.sh 2> stderr.log > stdout.log 3> result.log
- 06:38:09 [INFO] Target: 
./test.sh 2> stderr.log > stdout. 
log 3> result.log
root@GenericAM3517(FlattenedDeviceTree):/test# 
- 06:38:09 [INFO] Host: echo $?
- 06:38:09 [INFO] Target: 
echo $?
root@GenericAM3517(FlattenedDeviceTree):/test# 
- 06:38:09 [INFO] Host: cd /test
- 06:38:10 [INFO] Target: 
cd /test
root@GenericAM3517(FlattenedDeviceTree):/test# 
- 06:38:10 [INFO] Host: cat stdout.log
- 06:38:12 [INFO] Target: 
cat stdout.log
cpuinfo:
processor	: 0
model name	: ARMv7 Processor rev 7 (v7l)
Features	: half thumb fastmult vfp edsp thumbee neon vfpv3 tls vfpd32 
CPU implementer	: 0x41
CPU architecture: 7
CPU variant	: 0x1
CPU part	: 0xc08
CPU revision	: 7
Hardware	: Generic AM3517 (Flattened Device Tree)
Revision	: 0000
Serial		: 0000000000000000
=======
soc info:
==> /sys/devices/soc0/family <==
OMAP3
==> /sys/devices/soc0/machine <==
AM3517
==> /sys/devices/soc0/power <==
==> /sys/devices/soc0/revision <==
ES1.1
==> /sys/devices/soc0/subsystem <==
==> /sys/devices/soc0/type <==
==> /sys/devices/soc0/uevent <==
=======
DT Model info
==> /proc/device-tree/name <==
==> /proc/device-tree/model <==
TI AM3517 CraneBoard (TMDSEVM3517)
==> /proc/device-tree/compatible <==
ti,am3517-craneboardti,am3517ti,omap3
=======
interrupts:
           CPU0       
 16:       2917      INTC  38  gp_timer
 24:       2284      INTC  13  omap-dma-engine
 28:          0  48310000.gpio   0  DMA
227:       4439      INTC  74  OMAP UART2
228:        282      INTC  56  48070000.i2c
234:       5071      INTC  83  mmc0
248:          0      INTC  20  gpmc
257:          0      INTC   7  tps65910
IPI0:          0  CPU wakeup interrupts
IPI1:          0  Timer broadcast interrupts
IPI2:          0  Rescheduling interrupts
IPI3:          0  Function call interrupts
IPI4:          0  Single function call interrupts
IPI5:          0  CPU stop interrupts
IPI6:          0  IRQ work interrupts
IPI7:          0  completion interrupts
Err:          0
=======
Clk_summary:
   clock                         enable_cnt  prepare_cnt        rate   accuracy   phase
----------------------------------------------------------------------------------------
 pclk_ck                                  0            0    27000000          0 0  
    vpfe_fck                              0            0    27000000          0 0  
 rmii_ck                                  1            1    50000000          0 0  
    emac_fck                              2            2    50000000          0 0  
 secure_32k_fck                           0            1       32768          0 0  
    wdt1_fck                              0            0       32768          0 0  
    gpt12_fck                             0            1       32768          0 0  
 dummy_ck                                 0            0           0          0 0  
 mcbsp_clks                               0            5           0          0 0  
 sys_altclk                               0            0           0          0 0  
 virt_38_4m_ck                            0            0    38400000          0 0  
 virt_26000000_ck                         1            1    26000000          0 0  
    osc_sys_ck                            1            1    26000000          0 0  
       sys_clkout1                        0            0    26000000          0 0  
       sys_ck                             5           17    13000000          0 0  
          gpt9_fck                        0            1    13000000          0 0  
          gpt8_fck                        0            1    13000000          0 0  
          gpt7_fck                        0            1    13000000          0 0  
          gpt6_fck                        0            1    13000000          0 0  
          gpt5_fck                        0            1    13000000          0 0  
          gpt4_fck                        0            1    13000000          0 0  
          gpt3_fck                        0            1    13000000          0 0  
          gpt2_fck                        1            1    13000000          0 0  
          gpt1_fck                        1            1    13000000          0 0  
          hecc_ck                         0            0    13000000          0 0  
          hsotgusb_fck_am35xx             0            1    13000000          0 0  
          cpefuse_fck                     0            0    13000000          0 0  
          dpll5_ck                        0            1   120000000          0 0  
             dpll5_m2_ck                  0            1   120000000          0 0  
                usbhost_120m_fck           0            0   120000000          0 0  
                usbtll_fck                0            1   120000000          0 0  
          traceclk_src_fck                0            0    13000000          0 0  
             traceclk_fck                 0            0    13000000          0 0  
          emu_src_mux_ck                  0            1    13000000          0 0  
             emu_src_ck                   0            1    13000000          0 0  
                atclk_fck                 0            0    13000000          0 0  
                pclkx2_fck                0            0    13000000          0 0  
                pclk_fck                  0            0     6500000          0 0  
          dss2_alwon_fck                  0            2    13000000          0 0  
          dpll1_ck                        0            1   500000000          0 0  
             dpll1_x2_ck                  0            1  1000000000          0 0  
                dpll1_x2m2_ck             0            1  1000000000          0 0  
                   mpu_ck                 0            1  1000000000          0 0  
                      emu_mpu_alwon_ck           0            0  1000000000          0 0  
                      arm_fck             0            1   500000000          0 0  
          dpll3_ck                        1            1   332000000          0 0  
             dpll3_x2_ck                  0            0   664000000          0 0  
             dpll3_m2_ck                  1            1   332000000          0 0  
                dpll3_m2x2_ck             0            0   664000000          0 0  
                   corex2_fck             0            0   664000000          0 0  
                      corex2_d5_fck           0            0   132800000          0 0  
                      corex2_d3_fck           0            0   221333333          0 0  
                core_ck                   1            1   332000000          0 0  
                   core_d2_ck             0            0   166000000          0 0  
                   core_d6_ck             0            0    55333333          0 0  
                   core_d4_ck             0            0    83000000          0 0  
                   core_d3_ck             0            0   110666666          0 0  
                      sgx_fck             0            0   110666666          0 0  
                   l3_ick                 2            2   166000000          0 0  
                      sgx_ick             0            0   166000000          0 0  
                      core_l3_ick           6            7   166000000          0 0  
                         ipss_ick           2            2   166000000          0 0  
                            hsotgusb_ick_am35xx           2            2   166000000          0 0  
                            vpfe_ick           0            0   166000000          0 0  
                            emac_ick           2            2   166000000          0 0  
                         gpmc_fck           2            2   166000000          0 0  
                         sdrc_ick           1            1   166000000          0 0  
                      l4_ick              4            4    83000000          0 0  
                         usbhost_ick           1            1    83000000          0 0  
                         dss_ick_3430es2           4            6    83000000          0 0  
                         per_l4_ick          13           18    83000000          0 0  
                            mcbsp4_ick           2            2    83000000          0 0  
                            mcbsp3_ick           2            2    83000000          0 0  
                            mcbsp2_ick           1            1    83000000          0 0  
                            gpt2_ick           1            1    83000000          0 0  
                            gpt3_ick           1            1    83000000          0 0  
                            gpt4_ick           1            1    83000000          0 0  
                            gpt5_ick           1            1    83000000          0 0  
                            gpt6_ick           1            1    83000000          0 0  
                            gpt7_ick           1            1    83000000          0 0  
                            gpt8_ick           1            1    83000000          0 0  
                            gpt9_ick           1            1    83000000          0 0  
                            uart4_ick           1            1    83000000          0 0  
                            uart3_ick           1            1    83000000          0 0  
                            wdt3_ick           0            0    83000000          0 0  
                            gpio2_ick           0            1    83000000          0 0  
                            gpio3_ick           0            1    83000000          0 0  
                            gpio4_ick           0            1    83000000          0 0  
                            gpio5_ick           0            1    83000000          0 0  
                            gpio6_ick           0            1    83000000          0 0  
                         core_l4_ick          19           20    83000000          0 0  
                            mmchs3_ick           1            1    83000000          0 0  
                            usbtll_ick           1            1    83000000          0 0  
                            uart4_ick_am35xx           0            0    83000000          0 0  
                            sha12_ick           0            0    83000000          0 0  
                            aes2_ick           0            0    83000000          0 0  
                            omapctrl_ick           1            1    83000000          0 0  
                            mcbsp1_ick           1            1    83000000          0 0  
                            mcbsp5_ick           1            1    83000000          0 0  
                            gpt10_ick           1            1    83000000          0 0  
                            gpt11_ick           1            1    83000000          0 0  
                            uart1_ick           1            1    83000000          0 0  
                            uart2_ick           1            1    83000000          0 0  
                            i2c1_ick           1            1    83000000          0 0  
                            i2c2_ick           1            1    83000000          0 0  
                            i2c3_ick           1            1    83000000          0 0  
                            mcspi1_ick           1            1    83000000          0 0  
                            mcspi2_ick           1            1    83000000          0 0  
                            mcspi3_ick           1            1    83000000          0 0  
                            mcspi4_ick           1            1    83000000          0 0  
                            hdq_ick           0            1    83000000          0 0  
                            mmchs1_ick           1            1    83000000          0 0  
                            mmchs2_ick           1            1    83000000          0 0  
                         rm_ick           0            0    41500000          0 0  
                   dpll1_fck              0            0   166000000          0 0  
             dpll3_m3_ck                  0            0   166000000          0 0  
                dpll3_m3x2_mul_ck           0            0   332000000          0 0  
                   dpll3_m3x2_ck           0            0   332000000          0 0  
                      emu_core_alwon_ck           0            0   332000000          0 0  
          dpll4_ck                        1            3   432000000          0 0  
             dpll4_x2_ck                  0            0   864000000          0 0  
             dpll4_m6_ck                  0            0   144000000          0 0  
                dpll4_m6x2_mul_ck           0            0   288000000          0 0  
                   dpll4_m6x2_ck           0            0   288000000          0 0  
                      emu_per_alwon_ck           0            0   288000000          0 0  
             dpll4_m5_ck                  0            0   108000000          0 0  
                dpll4_m5x2_mul_ck           0            0   216000000          0 0  
                   dpll4_m5x2_ck           0            0   216000000          0 0  
             dpll4_m4_ck                  0            1   216000000          0 0  
                dpll4_m4x2_mul_ck           0            1   432000000          0 0  
                   dpll4_m4x2_ck           0            1   432000000          0 0  
                      dss1_alwon_fck_3430es2           0            4   432000000          0 0  
             dpll4_m3_ck                  0            1    27000000          0 0  
                dpll4_m3x2_mul_ck           0            1    54000000          0 0  
                   dpll4_m3x2_ck           0            1    54000000          0 0  
                      omap_54m_fck           0            1    54000000          0 0  
                         clkout2_src_ck           0            0    54000000          0 0  
                            sys_clkout2           0            0    54000000          0 0  
                         dss_tv_fck           0            2    54000000          0 0  
             dpll4_m2_ck                  1            1    48000000          0 0  
                dpll4_m2x2_mul_ck           1            1    96000000          0 0  
                   dpll4_m2x2_ck           1            1    96000000          0 0  
                      omap_192m_alwon_fck           0            0    96000000          0 0  
                      omap_96m_alwon_fck           1            2    96000000          0 0  
                         per_96m_fck           0            6    96000000          0 0  
                            mcbsp4_fck           0            1    96000000          0 0  
                            mcbsp3_fck           0            2    96000000          0 0  
                            mcbsp2_fck           0            2    96000000          0 0  
                         cm_96m_fck           1            2    96000000          0 0  
                            cm_96m_d2_fck           1            1    48000000          0 0  
                               omap_48m_fck           2            4    48000000          0 0  
                                  usbhost_48m_fck           0            1    48000000          0 0  
                                  per_48m_fck           1            1    48000000          0 0  
                                     uart3_fck           1            1    48000000          0 0  
                                  core_48m_fck           2            7    48000000          0 0  
                                     uart4_fck_am35xx           0            1    48000000          0 0  
                                     uart1_fck           1            2    48000000          0 0  
                                     uart2_fck           1            1    48000000          0 0  
                                     mcspi1_fck           0            1    48000000          0 0  
                                     mcspi2_fck           0            1    48000000          0 0  
                                     mcspi3_fck           0            1    48000000          0 0  
                                     mcspi4_fck           0            1    48000000          0 0  
                                  omap_12m_fck           0            1    12000000          0 0  
                                     core_12m_fck           0            1    12000000          0 0  
                                        hdq_fck             0            1    12000000          0 0  
                            omap_96m_fck           0            2    96000000          0 0  
                               dss_96m_fck           0            2    96000000          0 0  
                               core_96m_fck           0           10    96000000          0 0  
                                  mcbsp1_fck           0            1    96000000          0 0  
                                  mcbsp5_fck           0            1    96000000          0 0  
                                  mmchs3_fck           0            1    96000000          0 0  
                                  i2c1_fck           0            1    96000000          0 0  
                                  i2c2_fck           0            1    96000000          0 0  
                                  i2c3_fck           0            1    96000000          0 0  
                                  mmchs1_fck           0            1    96000000          0 0  
                                  mmchs2_fck           0            1    96000000          0 0  
          wkup_l4_ick                     4            5    13000000          0 0  
             gpt1_ick                     1            1    13000000          0 0  
             gpt12_ick                    1            1    13000000          0 0  
             omap_32ksync_ick             1            1    13000000          0 0  
             gpio1_ick                    0            1    13000000          0 0  
             wdt1_ick                     0            0    13000000          0 0  
             wdt2_ick                     1            1    13000000          0 0  
 virt_19200000_ck                         0            0    19200000          0 0  
 virt_13m_ck                              0            0    13000000          0 0  
 virt_12m_ck                              0            0    12000000          0 0  
 omap_32k_fck                             0            7       32768          0 0  
    gpt11_fck                             0            1       32768          0 0  
    gpt10_fck                             0            1       32768          0 0  
    ts_fck                                0            0       32768          0 0  
    per_32k_alwon_fck                     0            5       32768          0 0  
       wdt3_fck                           0            0       32768          0 0  
       gpio2_dbck                         0            1       32768          0 0  
       gpio3_dbck                         0            1       32768          0 0  
       gpio4_dbck                         0            1       32768          0 0  
       gpio5_dbck                         0            1       32768          0 0  
       gpio6_dbck                         0            1       32768          0 0  
    wkup_32k_fck                          0            3       32768          0 0  
       wdt2_fck                           0            1       32768          0 0  
       gpio1_dbck                         0            1       32768          0 0  
 dummy_apb_pclk                           0            0           0          0 0  
 virt_16_8m_ck                            0            0    16800000          0 0  
=======
Orphan Clks:
=======
Available frequencies
=======
Hello World Board Booted
root@GenericAM3517(FlattenedDeviceTree):/test# 
- 06:38:12 [INFO] Host: cat stderr.log
- 06:38:13 [INFO] Target: 
cat stderr.log
ls: /sys/kernel/debug/clk/orphans/: No such file or directory
root@GenericAM3517(FlattenedDeviceTree):/test# 
- 06:38:13 [INFO] Host: cat result.log
- 06:38:15 [ERROR] On command: cat result.log waiting for (?m-ix:^1[\0\n\r]+) >>> error: execution expired
- 06:38:15 [INFO] Target: 
cat result.log
root@GenericAM3517(FlattenedDeviceTree):/test# 
- 06:38:15 [INFO] Host: cd /test
- 06:38:15 [INFO] Target: 
cd /test
root@GenericAM3517(FlattenedDeviceTree):/test# 
