- 05:37:50 [INFO] Starting target session
- 05:37:51 [INFO] Connected to craneboard via serial 
- 05:37:51 [INFO] Host: #check prompt
- 05:37:54 [ERROR] On command: #check prompt waiting for #check prompt.+?(?-mix:((?-mix:.*\s+login)|[Pp]assword)) >>> error: execution expired
- 05:37:54 [INFO] Target: 
#check prompt
root@GenericAM3517(FlattenedDeviceTree):/test# 
- 05:37:54 [INFO] Host: #check prompt
- 05:37:54 [INFO] Target: 
#check prompt
root@GenericAM3517(FlattenedDeviceTree):/test# 
- 05:37:54 [INFO] Host: sync;poweroff
- 05:38:26 [INFO] Target: 
sync;poweroff
Broadcast message from root@GenericAM3517(FlattenedDeviceTree) (ttyO2) (Wed F
The system is going down for system halt NOW!
INIT: Switching to runlevel: 0
root@GenericAM3517(Flatte
INIT: Sending processes the TERM signal
INIT: Sending processes the KILL signal
Stopping Dropbear SSH server: stopped /usr/sbin/dropbear (pid 630)
dropbear.
Stopping telnet daemon.
Stopping system message bus: hwclock: can't open '/dev/misc/rtc': No such file or directory
Error opening /dev/fb0: No such file or directory
Stopping syslogd/klogd: stopped syslogd (pid 642)
stopped klogd (pid 645)
done
Stopping thttpd.
ALSA: Storing mixer settings...
/usr/sbin/alsactl: save_state:1580: No soundcards found...
Deconfiguring network interfaces... [56373.254528] davinci_mdio davinci_mdio.0: resetting idled controller
[56373.298926] davinci_mdio davinci_mdio.0: resetting idled controller
[56373.306638] net eth0: attached PHY driver [SMSC LAN8710/LAN8720] (mii_bus:phy_addr=davinci_mdio.0:00, id=7c0f1)
done.
Stopping Lighttpd Web Server: stopped /usr/sbin/lighttpd (pid 656)
lighttpd.
***************************************************************
***************************************************************
NOTICE: This file system contains the followin GPLv3 packages:
	binutils-symlinks
	binutils
	gdbserver
	parted
If you do not wish to distribute GPLv3 components please remove
the above packages prior to distribution.  This can be done using
the opkg remove command.  i.e.:
    opkg remove <package>
Where <package> is the name printed in the list above
NOTE: If the package is a dependency of another package you
      will be notified of the dependent packages.  You should
      use the --force-removal-of-dependent-packages option to
      also remove the dependent packages as well
***************************************************************
***************************************************************
Sending all processes the TERM signal...
[56375.301735] davinci_emac davinci_emac.0 eth0: Link is Up - 100Mbps/Full - flow control rx/tx
Sending all processes the KILL signal...
Unmounting remote filesystems...
Deactivating swap...
Unmounting local filesystems...
[56395.677504] reboot: System halted
- 05:38:26 [INFO] Disconnected serial from craneboard
- 05:38:50 [INFO] Connected to craneboard via serial 
- 05:38:50 [INFO] Host: 
- 05:38:50 [ERROR] On command:  waiting for (?-mix:AM3517_CRANE\s#) >>> error: execution expired
- 05:38:50 [INFO] Target: 
- 05:38:50 [INFO] Host: 
- 05:38:51 [ERROR] On command:  waiting for (?-mix:AM3517_CRANE\s#) >>> error: execution expired
- 05:38:51 [INFO] Target: 
- 05:38:51 [INFO] Host: 
- 05:38:51 [ERROR] On command:  waiting for (?-mix:AM3517_CRANE\s#) >>> error: execution expired
- 05:38:51 [INFO] Target: 
In:    serial
Out:   serial
Err:   serial
Die ID #7b4e000100000000015da3961501500d
- 05:38:51 [INFO] Host: 
- 05:38:52 [ERROR] On command:  waiting for (?-mix:AM3517_CRANE\s#) >>> error: execution expired
- 05:38:52 [INFO] Target: 
Net:   davinci_emac_initialize
Ethernet PHY: GENERIC @ 0x00
EMAC LSB = 0x00106680
EMAC MSB = 0x00080028
-----------------------------
EMAC ID 08:00:28:10:66:80
-----------------------------
- 05:38:52 [INFO] Host: 
- 05:38:52 [INFO] Target: 
DaVinci EMAC
Hit any key to stop autoboot:  3  0 
AM3517_CRANE # 
AM3517_CRANE # 
AM3517_CRANE # 
AM3517_CRANE # 
AM3517_CRANE # 
- 05:38:52 [INFO] Host: 
- 05:38:53 [INFO] Target: 
AM3517_CRANE # 
- 05:38:53 [INFO] Host: version
- 05:38:53 [INFO] Target: 
version
U-Boot 2009.11-00005-ge83d2db (Dec 07 2010 - 11:55:34)
AM3517_CRANE # 
- 05:38:53 [INFO] Host: setenv bootargs 'console=ttyO2,115200n8 earlyprintk rootwait nohlt '
- 05:38:54 [INFO] Target: 
setenv bootargs 'console=ttyO2,115200n8 earlyprintk rootwait nohlt '
AM3517_CRANE # 
- 05:38:54 [INFO] Host: setenv bootcmd  ''
- 05:38:54 [INFO] Target: 
setenv bootcmd  ''
AM3517_CRANE # 
- 05:38:54 [INFO] Host: setenv autoload 'no'
- 05:38:55 [INFO] Target: 
setenv autoload 'no'
AM3517_CRANE # 
- 05:38:55 [INFO] Host: setenv serverip '192.168.1.254'
- 05:38:55 [INFO] Target: 
setenv serverip '192.168.1.254'
AM3517_CRANE # 
- 05:38:55 [INFO] Host: printenv
- 05:38:56 [INFO] Target: 
printenv
bootdelay=3
baudrate=115200
loadaddr=0x82000000
nandargs=setenv bootargs console=${console} root=/dev/mtdblock4 rw rootfstype=jffs2 eth=${ethaddr} ip=dhcp
loadbootscript=fatload mmc 0 ${loadaddr} boot.scr
bootscript=echo Running bootscript from mmc ...; source ${loadaddr}
loaduimage=fatload mmc 0 ${loadaddr} uImage
mmcboot=echo Booting from mmc ...; run mmcargs; bootm ${loadaddr}
nandboot=echo Booting from nand ...; run nandargs; nand read ${loadaddr} 480000 500000; bootm ${loadaddr}
dieid#=7b4e000100000000015da3961501500d
ethact=DaVinci EMAC
filesize=F40000
ipaddr=192.168.1.9
oldbootcmd=if mmc init; then if run loadbootscript; then run bootscript; else if run loaduimage; then run mmcboot; else run nandboot; fi; fi; else run nandboot; fi
mmcargs=setenv bootargs console=ttyS2,115200n8 root=/dev/mmcblk0p2 rw rootfstype=ext3 rootwait eth=08:00:28:10:66:80 ip=dhcp earlyprintk
console=ttyO2,115200n8
bootfile=uImage.am3517-craneboard
ethaddr=08:00:28:10:66:80
bootargs=console=ttyO2,115200n8 earlyprintk rootwait nohlt 
bootcmd=
autoload=no
serverip=192.168.1.254
Environment size: 1072/131068 bytes
AM3517_CRANE # 
- 05:38:56 [INFO] Host: printenv
- 05:38:56 [INFO] Target: 
printenv
bootdelay=3
baudrate=115200
loadaddr=0x82000000
nandargs=setenv bootargs console=${console} root=/dev/mtdblock4 rw rootfstype=jffs2 eth=${ethaddr} ip=dhcp
loadbootscript=fatload mmc 0 ${loadaddr} boot.scr
bootscript=echo Running bootscript from mmc ...; source ${loadaddr}
loaduimage=fatload mmc 0 ${loadaddr} uImage
mmcboot=echo Booting from mmc ...; run mmcargs; bootm ${loadaddr}
nandboot=echo Booting from nand ...; run nandargs; nand read ${loadaddr} 480000 500000; bootm ${loadaddr}
dieid#=7b4e000100000000015da3961501500d
ethact=DaVinci EMAC
filesize=F40000
ipaddr=192.168.1.9
oldbootcmd=if mmc init; then if run loadbootscript; then run bootscript; else if run loaduimage; then run mmcboot; else run nandboot; fi; fi; else run nandboot; fi
mmcargs=setenv bootargs console=ttyS2,115200n8 root=/dev/mmcblk0p2 rw rootfstype=ext3 rootwait eth=08:00:28:10:66:80 ip=dhcp earlyprintk
console=ttyO2,115200n8
bootfile=uImage.am3517-craneboard
ethaddr=08:00:28:10:66:80
bootargs=console=ttyO2,115200n8 earlyprintk rootwait nohlt 
bootcmd=
autoload=no
serverip=192.168.1.254
Environment size: 1072/131068 bytes
AM3517_CRANE # 
- 05:38:56 [INFO] Host: setenv bootargs ''${bootargs}' ip=dhcp '
- 05:38:57 [INFO] Target: 
setenv bootargs ''${bootargs}' ip=dhcp '
AM3517_CRANE # 
- 05:38:57 [INFO] Host: setenv serverip '192.168.1.254'
- 05:38:57 [INFO] Target: 
setenv serverip '192.168.1.254'
AM3517_CRANE # 
- 05:38:57 [INFO] Host: setenv ipaddr dhcp
- 05:38:58 [INFO] Target: 
setenv ipaddr dhcp
AM3517_CRANE # 
- 05:38:58 [INFO] Host: setenv autoload 'no'
- 05:38:58 [INFO] Target: 
setenv autoload 'no'
AM3517_CRANE # 
- 05:38:58 [INFO] Host: dhcp
- 05:39:00 [INFO] Target: 
dhcp
BOOTP broadcast 1
DHCP client bound to address 192.168.1.157
AM3517_CRANE # 
- 05:39:00 [INFO] Host: setenv serverip '192.168.1.254'
- 05:39:01 [INFO] Target: 
setenv serverip '192.168.1.254'
AM3517_CRANE # 
- 05:39:01 [INFO] Host: tftp ${loadaddr} 192.168.1.254:vatf_4/fc29866f9f217947d69dee7b37bead85
- 05:39:07 [INFO] Target: 
tftp ${loadaddr} 192.168.1.254:vatf_4/fc29866f9f217947d69dee7b37bead85
Using DaVinci EMAC device
TFTP from server 192.168.1.254; our IP address is 192.168.1.157
Filename 'vatf_4/fc29866f9f217947d69dee7b37bead85'.
Load address: 0x82000000
Loading: *#################################################################
	 #################################################################
	 #################################################################
	 #################################################################
	 #################################################################
	 #################################################################
	 #################################################################
	 #################################################################
	 #################################################################
	 #################################################################
	 #################################################################
	 #################################################################
	 #################################################################
	 #################################################################
done
Bytes transferred = 4657771 (47126b hex)
AM3517_CRANE # 
- 05:39:07 [INFO] Host: ls mmc 0:1
- 05:39:07 [INFO] Target: 
ls mmc 0:1
ls - list files in a directory (default /)
Usage:
ls [ directory ]
AM3517_CRANE # 
- 05:39:07 [INFO] Host: ls mmc 0:2
- 05:39:08 [INFO] Target: 
ls mmc 0:2
ls - list files in a directory (default /)
Usage:
ls [ directory ]
AM3517_CRANE # 
- 05:39:08 [INFO] Host: ls mmc 0:3
- 05:39:08 [INFO] Target: 
ls mmc 0:3
ls - list files in a directory (default /)
Usage:
ls [ directory ]
AM3517_CRANE # 
- 05:39:08 [INFO] Host: ls mmc 0:4
- 05:39:09 [INFO] Target: 
ls mmc 0:4
ls - list files in a directory (default /)
Usage:
ls [ directory ]
AM3517_CRANE # 
- 05:39:09 [INFO] Host: ls mmc 0:5
- 05:39:09 [INFO] Target: 
ls mmc 0:5
ls - list files in a directory (default /)
Usage:
ls [ directory ]
AM3517_CRANE # 
- 05:39:09 [INFO] Host: part uuid mmc 0:
- 05:39:10 [INFO] Target: 
part uuid mmc 0:
Unknown command 'part' - try 'help'
AM3517_CRANE # 
- 05:39:10 [INFO] Host: printenv
- 05:39:10 [INFO] Target: 
printenv
bootdelay=3
baudrate=115200
loadaddr=0x82000000
nandargs=setenv bootargs console=${console} root=/dev/mtdblock4 rw rootfstype=jffs2 eth=${ethaddr} ip=dhcp
loadbootscript=fatload mmc 0 ${loadaddr} boot.scr
bootscript=echo Running bootscript from mmc ...; source ${loadaddr}
loaduimage=fatload mmc 0 ${loadaddr} uImage
mmcboot=echo Booting from mmc ...; run mmcargs; bootm ${loadaddr}
nandboot=echo Booting from nand ...; run nandargs; nand read ${loadaddr} 480000 500000; bootm ${loadaddr}
dieid#=7b4e000100000000015da3961501500d
ethact=DaVinci EMAC
oldbootcmd=if mmc init; then if run loadbootscript; then run bootscript; else if run loaduimage; then run mmcboot; else run nandboot; fi; fi; else run nandboot; fi
mmcargs=setenv bootargs console=ttyS2,115200n8 root=/dev/mmcblk0p2 rw rootfstype=ext3 rootwait eth=08:00:28:10:66:80 ip=dhcp earlyprintk
console=ttyO2,115200n8
ethaddr=08:00:28:10:66:80
bootcmd=
bootargs=console=ttyO2,115200n8 earlyprintk rootwait nohlt ip=dhcp
autoload=no
bootfile=uImage.am3517-craneboard
filesize=47126B
fileaddr=82000000
netmask=255.255.255.0
ipaddr=192.168.1.157
serverip=192.168.1.254
dnsip=192.0.2.2
dnsip2=192.0.2.3
Environment size: 1154/131068 bytes
AM3517_CRANE # 
- 05:39:10 [INFO] Host: setenv bootargs ''${bootargs}' root=/dev/mmcblk0p2 rw rootfstype=ext3 rootwait '
- 05:39:11 [INFO] Target: 
setenv bootargs ''${bootargs}' root=/dev/mmcblk0p2 rw rootfstype=ext3 rootwait '
AM3517_CRANE # 
- 05:39:11 [INFO] Host: printenv
- 05:39:11 [INFO] Target: 
printenv
bootdelay=3
baudrate=115200
loadaddr=0x82000000
nandargs=setenv bootargs console=${console} root=/dev/mtdblock4 rw rootfstype=jffs2 eth=${ethaddr} ip=dhcp
loadbootscript=fatload mmc 0 ${loadaddr} boot.scr
bootscript=echo Running bootscript from mmc ...; source ${loadaddr}
loaduimage=fatload mmc 0 ${loadaddr} uImage
mmcboot=echo Booting from mmc ...; run mmcargs; bootm ${loadaddr}
nandboot=echo Booting from nand ...; run nandargs; nand read ${loadaddr} 480000 500000; bootm ${loadaddr}
dieid#=7b4e000100000000015da3961501500d
ethact=DaVinci EMAC
oldbootcmd=if mmc init; then if run loadbootscript; then run bootscript; else if run loaduimage; then run mmcboot; else run nandboot; fi; fi; else run nandboot; fi
mmcargs=setenv bootargs console=ttyS2,115200n8 root=/dev/mmcblk0p2 rw rootfstype=ext3 rootwait eth=08:00:28:10:66:80 ip=dhcp earlyprintk
console=ttyO2,115200n8
ethaddr=08:00:28:10:66:80
bootcmd=
autoload=no
bootfile=uImage.am3517-craneboard
filesize=47126B
fileaddr=82000000
netmask=255.255.255.0
ipaddr=192.168.1.157
serverip=192.168.1.254
dnsip=192.0.2.2
dnsip2=192.0.2.3
bootargs=console=ttyO2,115200n8 earlyprintk rootwait nohlt ip=dhcp root=/dev/mmcblk0p2 rw rootfstype=ext3 rootwait
Environment size: 1202/131068 bytes
AM3517_CRANE # 
- 05:39:11 [INFO] Host: setenv bootcmd ''${bootcmd}' if iminfo ${loadaddr}; then bootm ${loadaddr}  ; else bootz ${loadaddr}  ; bootm ${loadaddr}  ; fi'
- 05:39:12 [INFO] Target: 
setenv bootcmd ''${bootcmd}' if iminfo ${loadaddr}; then bootm ${loadaddr}  ; else bootz ${loadaddr}  ; bootm ${loadaddr}  ; fi'
AM3517_CRANE # 
- 05:39:12 [INFO] Host: bdinfo
- 05:39:12 [INFO] Target: 
bdinfo
arch_number = 0x00000B74
env_t       = 0x00000000
boot_params = 0x80000100
DRAM bank   = 0x00000000
-> start    = 0x80000000
-> size     = 0x10000000
DRAM bank   = 0x00000001
-> start    = 0x80000000
-> size     = 0x00000000
ethaddr     = 08:00:28:10:66:80
ip_addr     = 192.168.1.157
baudrate    = 115200 bps
AM3517_CRANE # 
- 05:39:12 [INFO] Host: mmc init
- 05:39:13 [INFO] Target: 
mmc init
mmc1 is available
AM3517_CRANE # 
- 05:39:13 [INFO] Host: fatwrite mmc 0:1 ${loadaddr} ws-calibrate.rules 4
- 05:39:13 [INFO] Target: 
fatwrite mmc 0:1 ${loadaddr} ws-calibrate.rules 4
Unknown command 'fatwrite' - try 'help'
AM3517_CRANE # 
- 05:39:13 [INFO] Host: boot
- 05:39:56 [INFO] Target: 
boot
Unknown command 'iminfo' - try 'help'
Unknown command 'bootz' - try 'help'
## Booting kernel from Legacy Image at 82000000 ...
   Image Name:   Linux-4.0.0-rc1-next-20150224-00
   Image Type:   ARM Linux Kernel Image (uncompressed)
   Data Size:    4657707 Bytes =  4.4 MB
   Load Address: 80800000
   Entry Point:  80800000
   Verifying Checksum ... OK
   Loading Kernel Image ... OK
Starting kernel ...
[    0.000000] Booting Linux on physical CPU 0x0
[    0.000000] Initializing cgroup subsys cpuset
[    0.000000] Initializing cgroup subsys cpu
[    0.000000] Initializing cgroup subsys cpuacct
[    0.000000] Linux version 4.0.0-rc1-next-20150224-00002-g600b93e74d8d (nmenon@kahuna) (gcc version 4.6.3 (Ubuntu/Linaro 4.6.3-1ubuntu5) ) #1 SMP Tue Feb 24 05:35:12 CST 2015
[    0.000000] CPU: ARMv7 Processor [411fc087] revision 7 (ARMv7), cr=10c5387d
[    0.000000] CPU: PIPT / VIPT nonaliasing data cache, VIPT nonaliasing instruction cache
[    0.000000] Machine model: TI AM3517 CraneBoard (TMDSEVM3517)
[    0.000000] cma: Reserved 16 MiB at 0x8e800000
[    0.000000] Memory policy: Data cache writeback
[    0.000000] CPU: All CPU(s) started in SVC mode.
[    0.000000] AM3517 ES1.1 (l2cache sgx neon )
[    0.000000] PERCPU: Embedded 12 pages/cpu @cfc44000 s18496 r8192 d22464 u49152
[    0.000000] Built 1 zonelists in Zone order, mobility grouping on.  Total pages: 64704
[    0.000000] Kernel command line: console=ttyO2,115200n8 earlyprintk rootwait nohlt ip=dhcp root=/dev/mmcblk0p2 rw rootfstype=ext3 rootwait
[    0.000000] PID hash table entries: 1024 (order: 0, 4096 bytes)
[    0.000000] Dentry cache hash table entries: 32768 (order: 5, 131072 bytes)
[    0.000000] Inode-cache hash table entries: 16384 (order: 4, 65536 bytes)
[    0.000000] Memory: 224012K/261120K available (6123K kernel code, 599K rwdata, 2280K rodata, 432K init, 8220K bss, 20724K reserved, 16384K cma-reserved, 0K highmem)
[    0.000000] Virtual kernel memory layout:
[    0.000000]     vector  : 0xffff0000 - 0xffff1000   (   4 kB)
[    0.000000]     fixmap  : 0xffc00000 - 0xfff00000   (3072 kB)
[    0.000000]     vmalloc : 0xd0800000 - 0xff000000   ( 744 MB)
[    0.000000]     lowmem  : 0xc0000000 - 0xd0000000   ( 256 MB)
[    0.000000]     pkmap   : 0xbfe00000 - 0xc0000000   (   2 MB)
[    0.000000]     modules : 0xbf000000 - 0xbfe00000   (  14 MB)
[    0.000000]       .text : 0xc0008000 - 0xc083d27c   (8405 kB)
[    0.000000]       .init : 0xc083e000 - 0xc08aa000   ( 432 kB)
[    0.000000]       .data : 0xc08aa000 - 0xc093fc40   ( 600 kB)
[    0.000000]        .bss : 0xc093fc40 - 0xc1146c88   (8221 kB)
[    0.000000] Running RCU self tests
[    0.000000] Hierarchical RCU implementation.
[    0.000000] 	RCU lockdep checking is enabled.
[    0.000000] 	Additional per-CPU info printed with stalls.
[    0.000000] 	RCU restricting CPUs from NR_CPUS=2 to nr_cpu_ids=1.
[    0.000000] RCU: Adjusting geometry for rcu_fanout_leaf=16, nr_cpu_ids=1
[    0.000000] NR_IRQS:16 nr_irqs:16 16
[    0.000000] IRQ: Found an INTC at 0xfa200000 (revision 4.0) with 96 interrupts
[    0.000000] Clocking rate (Crystal/Core/MPU): 26.0/332/500 MHz
[    0.000000] OMAP clockevent source: timer2 at 13000000 Hz
[    0.000034] sched_clock: 32 bits at 13MHz, resolution 76ns, wraps every 330382100403ns
[    0.000149] OMAP clocksource: timer1 at 13000000 Hz
[    0.001819] Console: colour dummy device 80x30
[    0.001920] Lock dependency validator: Copyright (c) 2006 Red Hat, Inc., Ingo Molnar
[    0.001941] ... MAX_LOCKDEP_SUBCLASSES:  8
[    0.001958] ... MAX_LOCK_DEPTH:          48
[    0.001975] ... MAX_LOCKDEP_KEYS:        8191
[    0.001992] ... CLASSHASH_SIZE:          4096
[    0.002008] ... MAX_LOCKDEP_ENTRIES:     32768
[    0.002025] ... MAX_LOCKDEP_CHAINS:      65536
[    0.002041] ... CHAINHASH_SIZE:          32768
[    0.002058]  memory used by lock dependency info: 5167 kB
[    0.002075]  per task-struct memory footprint: 1152 bytes
[    0.002126] Calibrating delay loop... 496.43 BogoMIPS (lpj=2482176)
[    0.095103] pid_max: default: 32768 minimum: 301
[    0.095839] Security Framework initialized
[    0.096154] Mount-cache hash table entries: 1024 (order: 0, 4096 bytes)
[    0.096189] Mountpoint-cache hash table entries: 1024 (order: 0, 4096 bytes)
[    0.101941] Initializing cgroup subsys blkio
[    0.102025] Initializing cgroup subsys memory
[    0.102195] Initializing cgroup subsys devices
[    0.102369] Initializing cgroup subsys freezer
[    0.102626] Initializing cgroup subsys perf_event
[    0.102787] CPU: Testing write buffer coherency: ok
[    0.105551] CPU0: thread -1, cpu 0, socket -1, mpidr 0
[    0.105799] Setting up static identity map for 0x805d0108 - 0x805d0178
[    0.113437] Brought up 1 CPUs
[    0.113478] SMP: Total of 1 processors activated (496.43 BogoMIPS).
[    0.113499] CPU: All CPU(s) started in SVC mode.
[    0.120045] devtmpfs: initialized
[    0.137340] VFP support v0.3: implementor 41 architecture 3 part 30 variant c rev 1
[    0.229969] omap_hwmod: mcbsp2_sidetone using broken dt data from mcbsp
[    0.232637] omap_hwmod: mcbsp3_sidetone using broken dt data from mcbsp
[    0.324460] omap_hwmod: uart4: _wait_target_ready failed: -16
[    0.324499] omap_hwmod: uart4: cannot be enabled for reset (3)
[    0.344742] pinctrl core: initialized pinctrl subsystem
[    0.474144] NET: Registered protocol family 16
[    0.486959] DMA: preallocated 256 KiB pool for atomic coherent allocations
[    0.491160] cpuidle: using governor ladder
[    0.491221] cpuidle: using governor menu
[    0.503408] Reprogramming SDRC clock to 332000000 Hz
[    0.508438] Address Hole seen by USB_OTG  at address 4fe96fbc
[    0.508469] ------------[ cut here ]------------
[    0.508521] WARNING: CPU: 0 PID: 1 at drivers/bus/omap_l3_smx.c:166 omap3_l3_app_irq+0x100/0x128()
[    0.508541] Modules linked in:
[    0.508581] CPU: 0 PID: 1 Comm: swapper/0 Not tainted 4.0.0-rc1-next-20150224-00002-g600b93e74d8d #1
[    0.508601] Hardware name: Generic AM3517 (Flattened Device Tree)
[    0.508665] [<c0015474>] (unwind_backtrace) from [<c0011a84>] (show_stack+0x10/0x14)
[    0.508710] [<c0011a84>] (show_stack) from [<c05c764c>] (dump_stack+0x78/0x94)
[    0.508762] [<c05c764c>] (dump_stack) from [<c003dea8>] (warn_slowpath_common+0x7c/0xb4)
[    0.508800] [<c003dea8>] (warn_slowpath_common) from [<c003defc>] (warn_slowpath_null+0x1c/0x24)
[    0.508836] [<c003defc>] (warn_slowpath_null) from [<c03659fc>] (omap3_l3_app_irq+0x100/0x128)
[    0.508876] [<c03659fc>] (omap3_l3_app_irq) from [<c00943b8>] (handle_irq_event_percpu+0x68/0x24c)
[    0.508908] [<c00943b8>] (handle_irq_event_percpu) from [<c00945d8>] (handle_irq_event+0x3c/0x5c)
[    0.508943] [<c00945d8>] (handle_irq_event) from [<c0097258>] (handle_level_irq+0xb4/0x13c)
[    0.508973] [<c0097258>] (handle_level_irq) from [<c0093c58>] (generic_handle_irq+0x20/0x30)
[    0.509002] [<c0093c58>] (generic_handle_irq) from [<c0093d6c>] (__handle_domain_irq+0x64/0xd8)
[    0.509033] [<c0093d6c>] (__handle_domain_irq) from [<c00086f0>] (omap_intc_handle_irq+0xb4/0xc4)
[    0.509065] [<c00086f0>] (omap_intc_handle_irq) from [<c05ce164>] (__irq_svc+0x44/0x5c)
[    0.509086] Exception stack(0xce0a3cc8 to 0xce0a3d10)
[    0.509114] 3cc0:                   00000001 ce0a1130 00000000 ce0a0b80 60000153 ce013c60
[    0.509141] 3ce0: ce013c60 00000000 0000001a ce013c38 60000153 00000000 ce0a3ce8 ce0a3d10
[    0.509164] 3d00: c008a13c c05cdcf8 20000153 ffffffff
[    0.509193] [<c05ce164>] (__irq_svc) from [<c05cdcf8>] (_raw_spin_unlock_irqrestore+0x34/0x44)
[    0.509224] [<c05cdcf8>] (_raw_spin_unlock_irqrestore) from [<c0095c48>] (__setup_irq+0x2e4/0x4d8)
[    0.509255] [<c0095c48>] (__setup_irq) from [<c0095ef4>] (request_threaded_irq+0xb8/0x13c)
[    0.509286] [<c0095ef4>] (request_threaded_irq) from [<c036588c>] (omap3_l3_probe+0xf0/0x160)
[    0.509328] [<c036588c>] (omap3_l3_probe) from [<c03cbe58>] (platform_drv_probe+0x48/0x98)
[    0.509361] [<c03cbe58>] (platform_drv_probe) from [<c03ca834>] (driver_probe_device+0x10c/0x234)
[    0.509393] [<c03ca834>] (driver_probe_device) from [<c03c911c>] (bus_for_each_drv+0x5c/0x88)
[    0.509423] [<c03c911c>] (bus_for_each_drv) from [<c03ca6f4>] (device_attach+0x74/0x8c)
[    0.509453] [<c03ca6f4>] (device_attach) from [<c03c9e24>] (bus_probe_device+0x88/0xb0)
[    0.509482] [<c03c9e24>] (bus_probe_device) from [<c03c835c>] (device_add+0x2fc/0x4e0)
[    0.509526] [<c03c835c>] (device_add) from [<c04b5d00>] (of_platform_device_create_pdata+0xf0/0x14c)
[    0.509561] [<c04b5d00>] (of_platform_device_create_pdata) from [<c04b5e38>] (of_platform_bus_create+0xdc/0x190)
[    0.509595] [<c04b5e38>] (of_platform_bus_create) from [<c04b5f4c>] (of_platform_populate+0x60/0xa8)
[    0.509640] [<c04b5f4c>] (of_platform_populate) from [<c0850dfc>] (pdata_quirks_init+0x34/0x44)
[    0.509676] [<c0850dfc>] (pdata_quirks_init) from [<c0850a8c>] (omap_generic_init+0x10/0x1c)
[    0.509712] [<c0850a8c>] (omap_generic_init) from [<c0841814>] (customize_machine+0x1c/0x40)
[    0.509746] [<c0841814>] (customize_machine) from [<c00089e4>] (do_one_initcall+0x80/0x1d8)
[    0.509778] [<c00089e4>] (do_one_initcall) from [<c083ee80>] (kernel_init_freeable+0x1fc/0x2d4)
[    0.509810] [<c083ee80>] (kernel_init_freeable) from [<c05c2760>] (kernel_init+0x8/0xe4)
[    0.509842] [<c05c2760>] (kernel_init) from [<c000e6b0>] (ret_from_fork+0x14/0x24)
[    0.510037] ---[ end trace e94b4d579e8d3200 ]---
[    0.511223] platform 480c5000.aes: Cannot lookup hwmod 'aes'
[    0.526288] OMAP GPIO hardware version 2.5
[    0.560736] platform 480c3000.sham: Cannot lookup hwmod 'sham'
[    0.561808] platform 480cb000.smartreflex: Cannot lookup hwmod 'smartreflex_core'
[    0.577215] omap-gpmc 6e000000.gpmc: GPMC revision 5.0
[    0.578911] platform 480ab000.usb_otg_hs: Cannot lookup hwmod 'usb_otg_hs'
[    0.583434] No ATAGs?
[    0.583492] hw-breakpoint: debug architecture 0x4 unsupported.
[    0.588390] OMAP DMA hardware revision 4.0
[    0.709587] omap-dma-engine 48056000.dma-controller: OMAP DMA engine driver
[    0.718810] SCSI subsystem initialized
[    0.726357] tps65910 0-002d: could not find pctldev for node /ocp/pinmux@48002030/pinmux_tps_pins, deferring probe
[    0.726441] i2c 0-002d: Driver tps65910 requests probe deferral
[    0.726577] omap_i2c 48070000.i2c: bus 0 rev3.3 at 2600 kHz
[    0.735483] Switched to clocksource timer1
[    1.039146] NET: Registered protocol family 2
[    1.042798] TCP established hash table entries: 2048 (order: 1, 8192 bytes)
[    1.043105] TCP bind hash table entries: 2048 (order: 4, 73728 bytes)
[    1.044453] TCP: Hash tables configured (established 2048 bind 2048)
[    1.045124] UDP hash table entries: 256 (order: 2, 20480 bytes)
[    1.045519] UDP-Lite hash table entries: 256 (order: 2, 20480 bytes)
[    1.047400] NET: Registered protocol family 1
[    1.050640] RPC: Registered named UNIX socket transport module.
[    1.050684] RPC: Registered udp transport module.
[    1.050707] RPC: Registered tcp transport module.
[    1.050729] RPC: Registered tcp NFSv4.1 backchannel transport module.
[    1.058150] hw perfevents: enabled with armv7_cortex_a8 PMU driver, 5 counters available
[    1.069037] futex hash table entries: 256 (order: 2, 16384 bytes)
[    1.069555] audit: initializing netlink subsys (disabled)
[    1.070051] audit: type=2000 audit(1.060:1): initialized
[    1.078923] VFS: Disk quotas dquot_6.5.2
[    1.079210] VFS: Dquot-cache hash table entries: 1024 (order 0, 4096 bytes)
[    1.083682] NFS: Registering the id_resolver key type
[    1.084404] Key type id_resolver registered
[    1.084437] Key type id_legacy registered
[    1.084796] jffs2: version 2.2. (NAND) (SUMMARY)   2001-2006 Red Hat, Inc.
[    1.095485] io scheduler noop registered
[    1.095550] io scheduler deadline registered
[    1.095665] io scheduler cfq registered (default)
[    1.099089] pinctrl-single 48002030.pinmux: 284 pins at pa fa002030 size 568
[    1.100095] pinctrl-single 48002a00.pinmux: 46 pins at pa fa002a00 size 92
[    1.108176] Serial: 8250/16550 driver, 4 ports, IRQ sharing enabled
[    1.121390] omap_uart 4806a000.serial: no wakeirq for uart0
[    1.122474] 4806a000.serial: ttyO0 at MMIO 0x4806a000 (irq = 88, base_baud = 3000000) is a OMAP UART0
[    1.126770] omap_uart 4806c000.serial: no wakeirq for uart0
[    1.127403] 4806c000.serial: ttyO1 at MMIO 0x4806c000 (irq = 89, base_baud = 3000000) is a OMAP UART1
[    1.129923] omap_uart 49020000.serial: no wakeirq for uart0
[    1.130497] 49020000.serial: ttyO2 at MMIO 0x49020000 (irq = 90, base_baud = 3000000) is a OMAP UART2
[    2.283179] console [ttyO2] enabled
[    2.352610] brd: module loaded
[    2.393350] loop: module loaded
[    2.401915] mtdoops: mtd device (mtddev=name/number) must be supplied
[    2.465134] davinci_mdio davinci_mdio.0: davinci mdio revision 1.5
[    2.471705] davinci_mdio davinci_mdio.0: detected phy mask fffffffe
[    2.485716] libphy: davinci_mdio.0: probed
[    2.490101] davinci_mdio davinci_mdio.0: phy[0]: device davinci_mdio.0:00, driver SMSC LAN8710/LAN8720
[    2.505836] mousedev: PS/2 mouse device common for all mice
[    2.511786] i2c /dev entries driver
[    2.518880] Driver 'mmcblk' needs updating - please use bus_type methods
[    2.530763] omap_hsmmc 4809c000.mmc: unable to get vmmc regulator -517
[    2.538589] platform 4809c000.mmc: Driver omap_hsmmc requests probe deferral
[    2.546734] ledtrig-cpu: registered to indicate activity on CPUs
[    2.555720] oprofile: using arm/armv7
[    2.561067] Initializing XFRM netlink socket
[    2.566045] NET: Registered protocol family 17
[    2.570915] NET: Registered protocol family 15
[    2.576445] Key type dns_resolver registered
[    2.581466] omap2_set_init_voltage: unable to find boot up OPP for vdd_mpu_iva
[    2.589223] omap2_set_init_voltage: unable to set vdd_mpu_iva
[    2.595417] omap2_set_init_voltage: unable to find boot up OPP for vdd_core
[    2.602783] omap2_set_init_voltage: unable to set vdd_core
[    2.610678] PM: no software I/O chain control; some wakeups may be lost
[    2.617822] pm: Failed to request pm_wkup irq
[    2.622512] ThumbEE CPU extension supported.
[    2.627178] Registering SWP/SWPB emulation handler
[    2.632281] SmartReflex Class3 initialized
[    2.665619] vrtc: supplied by vbat
[    2.675161] vio: supplied by vbat
[    2.684379] vdd_core: supplied by vbat
[    2.694479] vdd_shv: supplied by vbat
[    2.706167] vdig1: supplied by vbat
[    2.714213] vdig2: supplied by vbat
[    2.722773] vpll: supplied by vbat
[    2.731214] vdac: supplied by vbat
[    2.739753] vaux1: supplied by vbat
[    2.748306] vaux2: supplied by vbat
[    2.756500] vaux33: supplied by vbat
[    2.765064] vmmc: supplied by vbat
[    2.773427] vbb: supplied by vbat
[    2.786338] vdd_shv: operation not allowed
[    2.790719] omap_hsmmc 4809c000.mmc: could not set regulator OCR (-1)
[    2.799971] vdd_shv: operation not allowed
[    2.804344] omap_hsmmc 4809c000.mmc: could not set regulator OCR (-1)
[    2.856613] drivers/rtc/hctosys.c: unable to open rtc device (rtc0)
[    2.863289] sr_init: No PMIC hook to init smartreflex
[    2.869336] sr_init: platform driver register failed for SR
[    2.981225] davinci_mdio davinci_mdio.0: resetting idled controller
[    2.988944] net eth0: attached PHY driver [SMSC LAN8710/LAN8720] (mii_bus:phy_addr=davinci_mdio.0:00, id=7c0f1)
[    3.034712] mmc0: host does not support reading read-only switch, assuming write-enable
[    3.046561] mmc0: new high speed SDHC card at address 1234
[    3.057238] mmcblk0: mmc0:1234 SA04G 3.63 GiB 
[    3.070454]  mmcblk0: p1 p2
[    6.065328] davinci_emac davinci_emac.0 eth0: Link is Up - 100Mbps/Full - flow control rx/tx
[    6.095024] Sending DHCP requests ., OK
[    6.155576] IP-Config: Got DHCP answer from 192.168.1.254, my address is 192.168.1.157
[    6.165422] IP-Config: Complete:
[    6.168876]      device=eth0, hwaddr=08:00:28:10:66:80, ipaddr=192.168.1.157, mask=255.255.255.0, gw=192.168.1.254
[    6.179908]      host=192.168.1.157, domain=ti.com, nis-domain=(none)
[    6.186793]      bootserver=192.168.1.254, rootserver=192.168.1.254, rootpath=
[    6.194252]      nameserver0=192.0.2.2, nameserver1=192.0.2.3
[    6.229819] kjournald starting.  Commit interval 5 seconds
[    6.247871] EXT3-fs (mmcblk0p2): using internal journal
[    6.253433] EXT3-fs (mmcblk0p2): mounted filesystem with ordered data mode
[    6.261081] VFS: Mounted root (ext3 filesystem) on device 179:2.
[    6.275470] devtmpfs: mounted
[    6.280388] Freeing unused kernel memory: 432K (c083e000 - c08aa000)
INIT: version 2.88 booting
Error opening /dev/fb0: No such file or directory
/dev/ttyO2 linked to /dev/tty-bd - using as console
Starting udev
[    8.140185] udevd[93]: starting version 182
[   21.653505] FAT-fs (mmcblk0p1): Volume was not properly unmounted. Some data may be corrupt. Please run fsck.
ERROR: could not open directory /lib/modules/4.0.0-rc1-next-20150224-00002-g600b93e74d8d: No such file or directory
WARNING: -e needs -E or -F
ERROR: could not open directory /lib/modules/4.0.0-rc1-next-20150224-00002-g600b93e74d8d: No such file or directory
FATAL: could not search modules: No such file or directory
Starting Bootlog daemon: bootlogd: cannot allocate pseudo tty: No such file or directory
bootlogd.
[   23.070584] random: dd urandom read with 76 bits of entropy available
ALSA: Restoring mixer settings...
/usr/sbin/alsactl: load_state:1696: No soundcards found...
Configuring network interfaces... udhcpc (v1.20.2) started
Sending discover...
Sending select for 192.168.1.153...
Lease of 192.168.1.153 obtained, lease time 600
/etc/udhcpc.d/50default: Adding DNS 192.0.2.2
/etc/udhcpc.d/50default: Adding DNS 192.0.2.3
done.
hwclock: can't open '/dev/misc/rtc': No such file or directory
Wed Feb 18 04:38:00 UTC 2015
hwclock: can't open '/dev/misc/rtc': No such file or directory
INIT: Entering runlevel: 3
/dev/ttyO2 linked to /dev/tty-bd - using as console
Starting system message bus: dbus.
Starting Dropbear SSH server: dropbear.
Starting telnet daemon.
hwclock: can't open '/dev/misc/rtc': No such file or directory
Starting syslogd/klogd: done
Starting thttpd.
Starting Lighttpd Web Server: lighttpd.
2015-02-18 04:38:02: (log.c.166) server started 
[   32.799885] random: nonblocking pool is initialized
***************************************************************
***************************************************************
NOTICE: This file system contains the followin GPLv3 packages:
	binutils-symlinks
	binutils
	gdbserver
	parted
If you do not wish to distribute GPLv3 components please remove
the above packages prior to distribution.  This can be done using
the opkg remove command.  i.e.:
    opkg remove <package>
Where <package> is the name printed in the list above
NOTE: If the package is a dependency of another package you
      will be notified of the dependent packages.  You should
      use the --force-removal-of-dependent-packages option to
      also remove the dependent packages as well
***************************************************************
***************************************************************
Stopping Bootlog daemon: bootlogd.
 _____                    _____           _         _   
|  _  |___ ___ ___ ___   |  _  |___ ___  |_|___ ___| |_ 
|     |  _| .'| . | . |  |   __|  _| . | | | -_|  _|  _|
|__|__|_| |__,|_  |___|  |__|  |_| |___|_| |___|___|_|  
              |___|                    |___|            
Arago Project http://arago-project.org GenericAM3517(FlattenedDeviceTree) tty-bd
Arago 2013.12 GenericAM3517(FlattenedDeviceTree) tty-bd
GenericAM3517(FlattenedDeviceTree) login: 
- 05:39:56 [INFO] Host: root
- 05:39:57 [INFO] Target: 
root
root@GenericAM3517(FlattenedDeviceTree):~# 
- 05:39:57 [INFO] Host: uname -a
- 05:39:57 [INFO] Target: 
uname -a
Linux GenericAM3517(FlattenedDeviceTree) 4.0.0-rc1-next-20150224-00002-g600b93e74d8d #1 SMP Tue Feb 24 05:35:12 CST 2015 armv7l GNU/Linux
root@GenericAM3517(FlattenedDeviceTree):~# 
- 05:39:57 [INFO] Host: cat /proc/cmdline
- 05:39:58 [INFO] Target: 
cat /proc/cmdline
console=ttyO2,115200n8 earlyprintk rootwait nohlt ip=dhcp root=/dev/mmcblk0p2 rw rootfstype=ext3 rootwait
root@GenericAM3517(FlattenedDeviceTree):~# 
- 05:39:58 [INFO] Host: uname -a
- 05:39:58 [INFO] Target: 
uname -a
Linux GenericAM3517(FlattenedDeviceTree) 4.0.0-rc1-next-20150224-00002-g600b93e74d8d #1 SMP Tue Feb 24 05:35:12 CST 2015 armv7l GNU/Linux
root@GenericAM3517(FlattenedDeviceTree):~# 
- 05:39:58 [INFO] Host: cat /proc/mtd
- 05:39:59 [INFO] Target: 
cat /proc/mtd
dev:    size   erasesize  name
root@GenericAM3517(FlattenedDeviceTree):~# 
- 05:40:15 [INFO] Host: export IPERFHOST=192.168.1.254
- 05:40:15 [INFO] Target: 
export IPERFHOST=192.168.1.254
root@GenericAM3517(FlattenedDeviceTree):~# 
- 05:40:15 [INFO] Host: export NFS_SERVER=192.168.1.254
- 05:40:16 [INFO] Target: 
export NFS_SERVER=192.168.1.254
root@GenericAM3517(FlattenedDeviceTree):~# 
- 05:40:16 [INFO] Host: export NFS_ROOT_PATH=/usr/workdir/filesys/linux/crane
- 05:40:16 [INFO] Target: 
export NFS_ROOT_PATH=/usr/workdir/fil 
esys/linux/crane
root@GenericAM3517(FlattenedDeviceTree):~# 
- 05:40:16 [INFO] Host: mkdir -p -m 777 /test
- 05:40:17 [INFO] Target: 
mkdir -p -m 777 /test
root@GenericAM3517(FlattenedDeviceTree):~# 
- 05:40:17 [INFO] Host: cd /test
- 05:40:17 [INFO] Target: 
cd /test
root@GenericAM3517(FlattenedDeviceTree):/test# 
- 05:40:17 [INFO] Host: cat > test.sh << EOF
- 05:40:18 [INFO] Target: 
cat > test.sh << EOF
- 05:40:18 [INFO] Host: failtest() {
- 05:40:18 [INFO] Target: 
failtest() {
- 05:40:18 [INFO] Host:   echo 1 >&3
- 05:40:19 [INFO] Target: 
  echo 1 >&3
- 05:40:19 [INFO] Host: }
- 05:40:19 [INFO] Target: 
- 05:40:19 [INFO] Host: timeout=600
- 05:40:20 [INFO] Target: 
timeout=600
- 05:40:20 [INFO] Host: 
- 05:40:20 [INFO] Target: 
- 05:40:20 [INFO] Host: # Start of user's script logic
- 05:40:21 [INFO] Target: 
# Start of user's script logic
- 05:40:21 [INFO] Host: 
- 05:40:21 [INFO] Target: 
- 05:40:21 [INFO] Host: 
- 05:40:22 [INFO] Target: 
- 05:40:22 [INFO] Host: mount -t proc proc /proc 2>/dev/null;
- 05:40:22 [INFO] Target: 
mount -t proc proc /proc 2>/dev/null;
- 05:40:22 [INFO] Host: 
- 05:40:23 [INFO] Target: 
- 05:40:23 [INFO] Host: mount -t sysfs sys /sys 2>/dev/null;
- 05:40:23 [INFO] Target: 
mount -t sysfs sys /sys 2>/dev/null;
- 05:40:23 [INFO] Host: 
- 05:40:24 [INFO] Target: 
- 05:40:24 [INFO] Host: mount -t debugfs none /sys/kernel/debug 2>/dev/null;
- 05:40:24 [INFO] Target: 
mount -t debugfs none /sys/kernel/debug 2>/dev/null;
- 05:40:24 [INFO] Host: 
- 05:40:25 [INFO] Target: 
- 05:40:25 [INFO] Host: echo 'cpuinfo:';cat /proc/cpuinfo; echo '=======';
- 05:40:25 [INFO] Target: 
echo 'cpuinfo:';cat /proc/cpuinfo; echo '=======';
- 05:40:25 [INFO] Host: 
- 05:40:26 [INFO] Target: 
- 05:40:26 [INFO] Host: echo 'soc info:';head /sys/devices/soc0/* 2>/dev/null; echo '=======';
- 05:40:26 [INFO] Target: 
echo 'soc info:';head /sys/devices/soc0/* 2>/dev/null; echo '=======';
- 05:40:26 [INFO] Host: 
- 05:40:27 [INFO] Target: 
- 05:40:27 [INFO] Host: echo 'DT Model info'; head /proc/device-tree/name /proc/device-tree/model /proc/device-tree/compatible 2>/dev/null;echo; echo '=======';
- 05:40:27 [INFO] Target: 
echo 'DT Model info'; head /proc/device-tree/name /proc/device-tree/model /pro 
c/device-tree/compatible 2>/dev/null;echo; echo '=======';
- 05:40:27 [INFO] Host: 
- 05:40:28 [INFO] Target: 
- 05:40:28 [INFO] Host: echo 'interrupts:';cat /proc/interrupts; echo '=======';
- 05:40:28 [INFO] Target: 
echo 'interrupts:';cat /proc/interrupts; echo '=======';
- 05:40:28 [INFO] Host: 
- 05:40:29 [INFO] Target: 
- 05:40:29 [INFO] Host: echo 'Clk_summary:';cat /sys/kernel/debug/clk/clk_summary; echo '=======';
- 05:40:29 [INFO] Target: 
echo 'Clk_summary:';cat /sys/kernel/debug/clk/clk_summary; echo '=======';
- 05:40:29 [INFO] Host: 
- 05:40:30 [INFO] Target: 
- 05:40:30 [INFO] Host: echo 'Orphan Clks:';ls /sys/kernel/debug/clk/orphans/; echo '=======';
- 05:40:30 [INFO] Target: 
echo 'Orphan Clks:';ls /sys/kernel/debug/clk/orphans/; echo '=======';
- 05:40:30 [INFO] Host: 
- 05:40:31 [INFO] Target: 
- 05:40:31 [INFO] Host: echo "Available frequencies"; cat /sys/devices/system/cpu/cpu0/cpufreq/scaling_available_frequencies 2>/dev/null;echo '=======';
- 05:40:31 [INFO] Target: 
echo "Available frequencies"; cat /sys/devices/system/cpu/cpu0/cpufreq/scaling 
_available_frequencies 2>/dev/null;echo '=======';
- 05:40:31 [INFO] Host: 
- 05:40:32 [INFO] Target: 
- 05:40:32 [INFO] Host: echo 'H''ello World' 'B''oard Booted';
- 05:40:32 [INFO] Target: 
echo 'H''ello World' 'B''oard Booted';
- 05:40:32 [INFO] Host: 
- 05:40:33 [INFO] Target: 
- 05:40:33 [INFO] Host: EOF
- 05:40:33 [INFO] Target: 
root@GenericAM3517(FlattenedDeviceTree):/test# 
- 05:40:33 [INFO] Host: cd /test
- 05:40:34 [INFO] Target: 
cd /test
root@GenericAM3517(FlattenedDeviceTree):/test# 
- 05:40:34 [INFO] Host: chmod +x test.sh
- 05:40:34 [INFO] Target: 
chmod +x test.sh
root@GenericAM3517(FlattenedDeviceTree):/test# 
- 05:40:34 [INFO] Host: ./test.sh 2> stderr.log > stdout.log 3> result.log
- 05:40:35 [INFO] Target: 
./test.sh 2> stderr.log > stdout. 
log 3> result.log
root@GenericAM3517(FlattenedDeviceTree):/test# 
- 05:40:35 [INFO] Host: echo $?
- 05:40:35 [INFO] Target: 
echo $?
root@GenericAM3517(FlattenedDeviceTree):/test# 
- 05:40:35 [INFO] Host: cd /test
- 05:40:36 [INFO] Target: 
cd /test
root@GenericAM3517(FlattenedDeviceTree):/test# 
- 05:40:36 [INFO] Host: cat stdout.log
- 05:40:38 [INFO] Target: 
cat stdout.log
cpuinfo:
processor	: 0
model name	: ARMv7 Processor rev 7 (v7l)
BogoMIPS	: 496.43
Features	: half thumb fastmult vfp edsp thumbee neon vfpv3 tls vfpd32 
CPU implementer	: 0x41
CPU architecture: 7
CPU variant	: 0x1
CPU part	: 0xc08
CPU revision	: 7
Hardware	: Generic AM3517 (Flattened Device Tree)
Revision	: 0000
Serial		: 0000000000000000
=======
soc info:
==> /sys/devices/soc0/family <==
OMAP3
==> /sys/devices/soc0/machine <==
AM3517
==> /sys/devices/soc0/power <==
==> /sys/devices/soc0/revision <==
ES1.1
==> /sys/devices/soc0/subsystem <==
==> /sys/devices/soc0/type <==
==> /sys/devices/soc0/uevent <==
=======
DT Model info
==> /proc/device-tree/name <==
==> /proc/device-tree/model <==
TI AM3517 CraneBoard (TMDSEVM3517)
==> /proc/device-tree/compatible <==
ti,am3517-craneboardti,am3517ti,omap3
=======
interrupts:
           CPU0       
 23:          0      INTC   7  tps65910
 25:          0      INTC   9  l3-debug-irq
 26:          1      INTC  10  l3-app-irq
 28:          0      INTC  12  DMA
 29:       2373      INTC  13  omap-dma-engine
 36:          0      INTC  20  gpmc
 54:       3486      INTC  38  gp_timer
 72:        280      INTC  56  48070000.i2c
 83:          0      INTC  67  eth0
 84:         30      INTC  68  eth0
 85:          5      INTC  69  eth0
 86:          0      INTC  70  eth0
 90:       4642      INTC  74  OMAP UART2
 99:       4740      INTC  83  mmc0
IPI0:          0  CPU wakeup interrupts
IPI1:          0  Timer broadcast interrupts
IPI2:          0  Rescheduling interrupts
IPI3:          0  Function call interrupts
IPI4:          0  Single function call interrupts
IPI5:          0  CPU stop interrupts
IPI6:          0  IRQ work interrupts
IPI7:          0  completion interrupts
Err:          0
=======
Clk_summary:
   clock                         enable_cnt  prepare_cnt        rate   accuracy   phase
----------------------------------------------------------------------------------------
 pclk_ck                                  0            0    27000000          0 0  
    vpfe_fck                              0            0    27000000          0 0  
 rmii_ck                                  1            1    50000000          0 0  
    emac_fck                              2            2    50000000          0 0  
 secure_32k_fck                           0            1       32768          0 0  
    wdt1_fck                              0            0       32768          0 0  
    gpt12_fck                             0            1       32768          0 0  
 dummy_ck                                 0            0           0          0 0  
 mcbsp_clks                               0            5           0          0 0  
 sys_altclk                               0            0           0          0 0  
 virt_38_4m_ck                            0            0    38400000          0 0  
 virt_26000000_ck                         1            1    26000000          0 0  
    osc_sys_ck                            1            1    26000000          0 0  
       sys_clkout1                        0            0    26000000          0 0  
       sys_ck                             5           17    13000000          0 0  
          gpt9_fck                        0            1    13000000          0 0  
          gpt8_fck                        0            1    13000000          0 0  
          gpt7_fck                        0            1    13000000          0 0  
          gpt6_fck                        0            1    13000000          0 0  
          gpt5_fck                        0            1    13000000          0 0  
          gpt4_fck                        0            1    13000000          0 0  
          gpt3_fck                        0            1    13000000          0 0  
          gpt2_fck                        1            1    13000000          0 0  
          gpt1_fck                        1            1    13000000          0 0  
          hecc_ck                         0            0    13000000          0 0  
          hsotgusb_fck_am35xx             0            1    13000000          0 0  
          cpefuse_fck                     0            0    13000000          0 0  
          dpll5_ck                        0            1   120000000          0 0  
             dpll5_m2_ck                  0            1   120000000          0 0  
                usbhost_120m_fck           0            0   120000000          0 0  
                usbtll_fck                0            1   120000000          0 0  
          traceclk_src_fck                0            0    13000000          0 0  
             traceclk_fck                 0            0    13000000          0 0  
          emu_src_mux_ck                  0            1    13000000          0 0  
             emu_src_ck                   0            1    13000000          0 0  
                atclk_fck                 0            0    13000000          0 0  
                pclkx2_fck                0            0    13000000          0 0  
                pclk_fck                  0            0     6500000          0 0  
          dss2_alwon_fck                  0            2    13000000          0 0  
          dpll1_ck                        0            1   500000000          0 0  
             dpll1_x2_ck                  0            1  1000000000          0 0  
                dpll1_x2m2_ck             0            1  1000000000          0 0  
                   mpu_ck                 0            1  1000000000          0 0  
                      emu_mpu_alwon_ck           0            0  1000000000          0 0  
                      arm_fck             0            1   500000000          0 0  
          dpll3_ck                        1            1   332000000          0 0  
             dpll3_x2_ck                  0            0   664000000          0 0  
             dpll3_m2_ck                  1            1   332000000          0 0  
                dpll3_m2x2_ck             0            0   664000000          0 0  
                   corex2_fck             0            0   664000000          0 0  
                      corex2_d5_fck           0            0   132800000          0 0  
                      corex2_d3_fck           0            0   221333333          0 0  
                core_ck                   1            1   332000000          0 0  
                   core_d2_ck             0            0   166000000          0 0  
                   core_d6_ck             0            0    55333333          0 0  
                   core_d4_ck             0            0    83000000          0 0  
                   core_d3_ck             0            0   110666666          0 0  
                      sgx_fck             0            0   110666666          0 0  
                   l3_ick                 2            2   166000000          0 0  
                      sgx_ick             0            0   166000000          0 0  
                      core_l3_ick           6            7   166000000          0 0  
                         ipss_ick           2            2   166000000          0 0  
                            hsotgusb_ick_am35xx           2            2   166000000          0 0  
                            vpfe_ick           0            0   166000000          0 0  
                            emac_ick           2            2   166000000          0 0  
                         gpmc_fck           2            2   166000000          0 0  
                         sdrc_ick           1            1   166000000          0 0  
                      l4_ick              4            4    83000000          0 0  
                         usbhost_ick           1            1    83000000          0 0  
                         dss_ick_3430es2           4            6    83000000          0 0  
                         per_l4_ick          13           18    83000000          0 0  
                            mcbsp4_ick           2            2    83000000          0 0  
                            mcbsp3_ick           2            2    83000000          0 0  
                            mcbsp2_ick           1            1    83000000          0 0  
                            gpt2_ick           1            1    83000000          0 0  
                            gpt3_ick           1            1    83000000          0 0  
                            gpt4_ick           1            1    83000000          0 0  
                            gpt5_ick           1            1    83000000          0 0  
                            gpt6_ick           1            1    83000000          0 0  
                            gpt7_ick           1            1    83000000          0 0  
                            gpt8_ick           1            1    83000000          0 0  
                            gpt9_ick           1            1    83000000          0 0  
                            uart4_ick           1            1    83000000          0 0  
                            uart3_ick           1            1    83000000          0 0  
                            wdt3_ick           0            0    83000000          0 0  
                            gpio2_ick           0            1    83000000          0 0  
                            gpio3_ick           0            1    83000000          0 0  
                            gpio4_ick           0            1    83000000          0 0  
                            gpio5_ick           0            1    83000000          0 0  
                            gpio6_ick           0            1    83000000          0 0  
                         core_l4_ick          19           20    83000000          0 0  
                            mmchs3_ick           1            1    83000000          0 0  
                            usbtll_ick           1            1    83000000          0 0  
                            uart4_ick_am35xx           0            0    83000000          0 0  
                            sha12_ick           0            0    83000000          0 0  
                            aes2_ick           0            0    83000000          0 0  
                            omapctrl_ick           1            1    83000000          0 0  
                            mcbsp1_ick           1            1    83000000          0 0  
                            mcbsp5_ick           1            1    83000000          0 0  
                            gpt10_ick           1            1    83000000          0 0  
                            gpt11_ick           1            1    83000000          0 0  
                            uart1_ick           1            1    83000000          0 0  
                            uart2_ick           1            1    83000000          0 0  
                            i2c1_ick           1            1    83000000          0 0  
                            i2c2_ick           1            1    83000000          0 0  
                            i2c3_ick           1            1    83000000          0 0  
                            mcspi1_ick           1            1    83000000          0 0  
                            mcspi2_ick           1            1    83000000          0 0  
                            mcspi3_ick           1            1    83000000          0 0  
                            mcspi4_ick           1            1    83000000          0 0  
                            hdq_ick           0            1    83000000          0 0  
                            mmchs1_ick           1            1    83000000          0 0  
                            mmchs2_ick           1            1    83000000          0 0  
                         rm_ick           0            0    41500000          0 0  
                   dpll1_fck              0            0   166000000          0 0  
             dpll3_m3_ck                  0            0   166000000          0 0  
                dpll3_m3x2_mul_ck           0            0   332000000          0 0  
                   dpll3_m3x2_ck           0            0   332000000          0 0  
                      emu_core_alwon_ck           0            0   332000000          0 0  
          dpll4_ck                        1            3   432000000          0 0  
             dpll4_x2_ck                  0            0   864000000          0 0  
             dpll4_m6_ck                  0            0   144000000          0 0  
                dpll4_m6x2_mul_ck           0            0   288000000          0 0  
                   dpll4_m6x2_ck           0            0   288000000          0 0  
                      emu_per_alwon_ck           0            0   288000000          0 0  
             dpll4_m5_ck                  0            0   108000000          0 0  
                dpll4_m5x2_mul_ck           0            0   216000000          0 0  
                   dpll4_m5x2_ck           0            0   216000000          0 0  
             dpll4_m4_ck                  0            1   216000000          0 0  
                dpll4_m4x2_mul_ck           0            1   432000000          0 0  
                   dpll4_m4x2_ck           0            1   432000000          0 0  
                      dss1_alwon_fck_3430es2           0            4   432000000          0 0  
             dpll4_m3_ck                  0            1    27000000          0 0  
                dpll4_m3x2_mul_ck           0            1    54000000          0 0  
                   dpll4_m3x2_ck           0            1    54000000          0 0  
                      omap_54m_fck           0            1    54000000          0 0  
                         clkout2_src_ck           0            0    54000000          0 0  
                            sys_clkout2           0            0    54000000          0 0  
                         dss_tv_fck           0            2    54000000          0 0  
             dpll4_m2_ck                  1            1    48000000          0 0  
                dpll4_m2x2_mul_ck           1            1    96000000          0 0  
                   dpll4_m2x2_ck           1            1    96000000          0 0  
                      omap_192m_alwon_fck           0            0    96000000          0 0  
                      omap_96m_alwon_fck           1            2    96000000          0 0  
                         per_96m_fck           0            6    96000000          0 0  
                            mcbsp4_fck           0            1    96000000          0 0  
                            mcbsp3_fck           0            2    96000000          0 0  
                            mcbsp2_fck           0            2    96000000          0 0  
                         cm_96m_fck           1            2    96000000          0 0  
                            cm_96m_d2_fck           1            1    48000000          0 0  
                               omap_48m_fck           2            4    48000000          0 0  
                                  usbhost_48m_fck           0            1    48000000          0 0  
                                  per_48m_fck           1            1    48000000          0 0  
                                     uart3_fck           1            1    48000000          0 0  
                                  core_48m_fck           2            7    48000000          0 0  
                                     uart4_fck_am35xx           0            1    48000000          0 0  
                                     uart1_fck           1            2    48000000          0 0  
                                     uart2_fck           1            1    48000000          0 0  
                                     mcspi1_fck           0            1    48000000          0 0  
                                     mcspi2_fck           0            1    48000000          0 0  
                                     mcspi3_fck           0            1    48000000          0 0  
                                     mcspi4_fck           0            1    48000000          0 0  
                                  omap_12m_fck           0            1    12000000          0 0  
                                     core_12m_fck           0            1    12000000          0 0  
                                        hdq_fck             0            1    12000000          0 0  
                            omap_96m_fck           0            2    96000000          0 0  
                               dss_96m_fck           0            2    96000000          0 0  
                               core_96m_fck           0           10    96000000          0 0  
                                  mcbsp1_fck           0            1    96000000          0 0  
                                  mcbsp5_fck           0            1    96000000          0 0  
                                  mmchs3_fck           0            1    96000000          0 0  
                                  i2c1_fck           0            1    96000000          0 0  
                                  i2c2_fck           0            1    96000000          0 0  
                                  i2c3_fck           0            1    96000000          0 0  
                                  mmchs1_fck           0            1    96000000          0 0  
                                  mmchs2_fck           0            1    96000000          0 0  
          wkup_l4_ick                     4            5    13000000          0 0  
             gpt1_ick                     1            1    13000000          0 0  
             gpt12_ick                    1            1    13000000          0 0  
             omap_32ksync_ick             1            1    13000000          0 0  
             gpio1_ick                    0            1    13000000          0 0  
             wdt1_ick                     0            0    13000000          0 0  
             wdt2_ick                     1            1    13000000          0 0  
 virt_19200000_ck                         0            0    19200000          0 0  
 virt_13m_ck                              0            0    13000000          0 0  
 virt_12m_ck                              0            0    12000000          0 0  
 omap_32k_fck                             0            7       32768          0 0  
    gpt11_fck                             0            1       32768          0 0  
    gpt10_fck                             0            1       32768          0 0  
    ts_fck                                0            0       32768          0 0  
    per_32k_alwon_fck                     0            5       32768          0 0  
       wdt3_fck                           0            0       32768          0 0  
       gpio2_dbck                         0            1       32768          0 0  
       gpio3_dbck                         0            1       32768          0 0  
       gpio4_dbck                         0            1       32768          0 0  
       gpio5_dbck                         0            1       32768          0 0  
       gpio6_dbck                         0            1       32768          0 0  
    wkup_32k_fck                          0            3       32768          0 0  
       wdt2_fck                           0            1       32768          0 0  
       gpio1_dbck                         0            1       32768          0 0  
 dummy_apb_pclk                           0            0           0          0 0  
 virt_16_8m_ck                            0            0    16800000          0 0  
=======
Orphan Clks:
=======
Available frequencies
=======
Hello World Board Booted
root@GenericAM3517(FlattenedDeviceTree):/test# 
- 05:40:38 [INFO] Host: cat stderr.log
- 05:40:38 [INFO] Target: 
cat stderr.log
ls: /sys/kernel/debug/clk/orphans/: No such file or directory
root@GenericAM3517(FlattenedDeviceTree):/test# 
- 05:40:38 [INFO] Host: cat result.log
- 05:40:40 [ERROR] On command: cat result.log waiting for cat result.log.+?(?m-ix:^1[\0\n\r]+) >>> error: execution expired
- 05:40:40 [INFO] Target: 
cat result.log
root@GenericAM3517(FlattenedDeviceTree):/test# 
- 05:40:40 [INFO] Host: cd /test
- 05:40:41 [INFO] Target: 
cd /test
root@GenericAM3517(FlattenedDeviceTree):/test# 
URL:gtsystest.telogy.design.ti.com/vatf/tidfarm-02/tidfarm-02_vatf@4/tidfarm-0202_24_2015_05_37_49/files/session_iteration_1/test_1
