- 02:06:04 [INFO] Starting target session
- 02:06:04 [INFO] Connected to craneboard via serial 
- 02:06:04 [INFO] Host: #check prompt
- 02:06:07 [ERROR] On command: #check prompt waiting for #check prompt.+?(?-mix:((?-mix:.*\s+login)|[Pp]assword)) >>> error: execution expired
- 02:06:07 [INFO] Target: 
- 02:06:07 [INFO] Host: #check prompt
- 02:06:09 [ERROR] On command: #check prompt waiting for #check prompt.+?(?m-ix:root.*#) >>> error: execution expired
- 02:06:09 [INFO] Target: 
- 02:06:09 [INFO] Disconnected serial from craneboard
- 02:06:35 [INFO] Connected to craneboard via serial 
- 02:06:35 [INFO] Host: 
- 02:06:36 [ERROR] On command:  waiting for (?-mix:AM3517_CRANE\s#) >>> error: execution expired
- 02:06:36 [INFO] Target: 
- 02:06:36 [INFO] Host: 
- 02:06:36 [ERROR] On command:  waiting for (?-mix:AM3517_CRANE\s#) >>> error: execution expired
- 02:06:36 [INFO] Target: 
- 02:06:36 [INFO] Host: 
- 02:06:37 [ERROR] On command:  waiting for (?-mix:AM3517_CRANE\s#) >>> error: execution expired
- 02:06:37 [INFO] Target: 
In:    serial
Out:   serial
Err:   serial
Die ID #7b4e000100000000015da3961501500d
- 02:06:37 [INFO] Host: 
- 02:06:37 [ERROR] On command:  waiting for (?-mix:AM3517_CRANE\s#) >>> error: execution expired
- 02:06:37 [INFO] Target: 
Net:   davinci_emac_initialize
Ethernet PHY: GENERIC @ 0x00
EMAC LSB = 0x00106680
EMAC MSB = 0x00080028
-----------------------------
EMAC ID 08:00:28:10:66:80
-----------------------------
- 02:06:37 [INFO] Host: 
- 02:06:38 [INFO] Target: 
DaVinci EMAC
Hit any key to stop autoboot:  3  0 
AM3517_CRANE # 
AM3517_CRANE # 
AM3517_CRANE # 
AM3517_CRANE # 
AM3517_CRANE # 
- 02:06:38 [INFO] Host: 
- 02:06:38 [INFO] Target: 
AM3517_CRANE # 
- 02:06:38 [INFO] Host: version
- 02:06:39 [INFO] Target: 
version
U-Boot 2009.11-00005-ge83d2db (Dec 07 2010 - 11:55:34)
AM3517_CRANE # 
- 02:06:39 [INFO] Host: setenv bootargs 'console=ttyO2,115200n8 earlyprintk rootwait nohlt '
- 02:06:39 [INFO] Target: 
setenv bootargs 'console=ttyO2,115200n8 earlyprintk rootwait nohlt '
AM3517_CRANE # 
- 02:06:39 [INFO] Host: setenv bootcmd  ''
- 02:06:40 [INFO] Target: 
setenv bootcmd  ''
AM3517_CRANE # 
- 02:06:40 [INFO] Host: setenv autoload 'no'
- 02:06:40 [INFO] Target: 
setenv autoload 'no'
AM3517_CRANE # 
- 02:06:40 [INFO] Host: setenv serverip '192.168.1.254'
- 02:06:41 [INFO] Target: 
setenv serverip '192.168.1.254'
AM3517_CRANE # 
- 02:06:41 [INFO] Host: printenv
- 02:06:41 [INFO] Target: 
printenv
bootdelay=3
baudrate=115200
loadaddr=0x82000000
nandargs=setenv bootargs console=${console} root=/dev/mtdblock4 rw rootfstype=jffs2 eth=${ethaddr} ip=dhcp
loadbootscript=fatload mmc 0 ${loadaddr} boot.scr
bootscript=echo Running bootscript from mmc ...; source ${loadaddr}
loaduimage=fatload mmc 0 ${loadaddr} uImage
mmcboot=echo Booting from mmc ...; run mmcargs; bootm ${loadaddr}
nandboot=echo Booting from nand ...; run nandargs; nand read ${loadaddr} 480000 500000; bootm ${loadaddr}
dieid#=7b4e000100000000015da3961501500d
ethact=DaVinci EMAC
filesize=F40000
ipaddr=192.168.1.9
oldbootcmd=if mmc init; then if run loadbootscript; then run bootscript; else if run loaduimage; then run mmcboot; else run nandboot; fi; fi; else run nandboot; fi
mmcargs=setenv bootargs console=ttyS2,115200n8 root=/dev/mmcblk0p2 rw rootfstype=ext3 rootwait eth=08:00:28:10:66:80 ip=dhcp earlyprintk
console=ttyO2,115200n8
bootfile=uImage.am3517-craneboard
ethaddr=08:00:28:10:66:80
bootargs=console=ttyO2,115200n8 earlyprintk rootwait nohlt 
bootcmd=
autoload=no
serverip=192.168.1.254
Environment size: 1072/131068 bytes
AM3517_CRANE # 
- 02:06:41 [INFO] Host: printenv
- 02:06:42 [INFO] Target: 
printenv
bootdelay=3
baudrate=115200
loadaddr=0x82000000
nandargs=setenv bootargs console=${console} root=/dev/mtdblock4 rw rootfstype=jffs2 eth=${ethaddr} ip=dhcp
loadbootscript=fatload mmc 0 ${loadaddr} boot.scr
bootscript=echo Running bootscript from mmc ...; source ${loadaddr}
loaduimage=fatload mmc 0 ${loadaddr} uImage
mmcboot=echo Booting from mmc ...; run mmcargs; bootm ${loadaddr}
nandboot=echo Booting from nand ...; run nandargs; nand read ${loadaddr} 480000 500000; bootm ${loadaddr}
dieid#=7b4e000100000000015da3961501500d
ethact=DaVinci EMAC
filesize=F40000
ipaddr=192.168.1.9
oldbootcmd=if mmc init; then if run loadbootscript; then run bootscript; else if run loaduimage; then run mmcboot; else run nandboot; fi; fi; else run nandboot; fi
mmcargs=setenv bootargs console=ttyS2,115200n8 root=/dev/mmcblk0p2 rw rootfstype=ext3 rootwait eth=08:00:28:10:66:80 ip=dhcp earlyprintk
console=ttyO2,115200n8
bootfile=uImage.am3517-craneboard
ethaddr=08:00:28:10:66:80
bootargs=console=ttyO2,115200n8 earlyprintk rootwait nohlt 
bootcmd=
autoload=no
serverip=192.168.1.254
Environment size: 1072/131068 bytes
AM3517_CRANE # 
- 02:06:42 [INFO] Host: setenv bootargs ''${bootargs}' ip=dhcp '
- 02:06:42 [INFO] Target: 
setenv bootargs ''${bootargs}' ip=dhcp '
AM3517_CRANE # 
- 02:06:42 [INFO] Host: setenv serverip '192.168.1.254'
- 02:06:43 [INFO] Target: 
setenv serverip '192.168.1.254'
AM3517_CRANE # 
- 02:06:43 [INFO] Host: setenv ipaddr dhcp
- 02:06:43 [INFO] Target: 
setenv ipaddr dhcp
AM3517_CRANE # 
- 02:06:43 [INFO] Host: setenv autoload 'no'
- 02:06:44 [INFO] Target: 
setenv autoload 'no'
AM3517_CRANE # 
- 02:06:44 [INFO] Host: dhcp
- 02:06:46 [INFO] Target: 
dhcp
BOOTP broadcast 1
DHCP client bound to address 192.168.1.153
AM3517_CRANE # 
- 02:06:46 [INFO] Host: setenv serverip '192.168.1.254'
- 02:06:46 [INFO] Target: 
setenv serverip '192.168.1.254'
AM3517_CRANE # 
- 02:06:46 [INFO] Host: tftp ${loadaddr} 192.168.1.254:vatf_4/e39a4d4d3d01ec8560ad1e2fe616efec
- 02:06:52 [INFO] Target: 
tftp ${loadaddr} 192.168.1.254:vatf_4/e39a4d4d3d01ec8560ad1e2fe616efec
Using DaVinci EMAC device
TFTP from server 192.168.1.254; our IP address is 192.168.1.153
Filename 'vatf_4/e39a4d4d3d01ec8560ad1e2fe616efec'.
Load address: 0x82000000
Loading: *#################################################################
	 #################################################################
	 #################################################################
	 #################################################################
	 #################################################################
	 #################################################################
	 #################################################################
	 #################################################################
	 #################################################################
	 #################################################################
	 #################################################################
	 #################################################################
	 #################################################################
	 ###########################################################
done
Bytes transferred = 4625375 (4693df hex)
AM3517_CRANE # 
- 02:06:52 [INFO] Host: ls mmc 0:1
- 02:06:52 [INFO] Target: 
ls mmc 0:1
ls - list files in a directory (default /)
Usage:
ls [ directory ]
AM3517_CRANE # 
- 02:06:52 [INFO] Host: ls mmc 0:2
- 02:06:53 [INFO] Target: 
ls mmc 0:2
ls - list files in a directory (default /)
Usage:
ls [ directory ]
AM3517_CRANE # 
- 02:06:53 [INFO] Host: ls mmc 0:3
- 02:06:53 [INFO] Target: 
ls mmc 0:3
ls - list files in a directory (default /)
Usage:
ls [ directory ]
AM3517_CRANE # 
- 02:06:53 [INFO] Host: ls mmc 0:4
- 02:06:54 [INFO] Target: 
ls mmc 0:4
ls - list files in a directory (default /)
Usage:
ls [ directory ]
AM3517_CRANE # 
- 02:06:54 [INFO] Host: ls mmc 0:5
- 02:06:54 [INFO] Target: 
ls mmc 0:5
ls - list files in a directory (default /)
Usage:
ls [ directory ]
AM3517_CRANE # 
- 02:06:54 [INFO] Host: part uuid mmc 0:
- 02:06:55 [INFO] Target: 
part uuid mmc 0:
Unknown command 'part' - try 'help'
AM3517_CRANE # 
- 02:06:55 [INFO] Host: printenv
- 02:06:55 [INFO] Target: 
printenv
bootdelay=3
baudrate=115200
loadaddr=0x82000000
nandargs=setenv bootargs console=${console} root=/dev/mtdblock4 rw rootfstype=jffs2 eth=${ethaddr} ip=dhcp
loadbootscript=fatload mmc 0 ${loadaddr} boot.scr
bootscript=echo Running bootscript from mmc ...; source ${loadaddr}
loaduimage=fatload mmc 0 ${loadaddr} uImage
mmcboot=echo Booting from mmc ...; run mmcargs; bootm ${loadaddr}
nandboot=echo Booting from nand ...; run nandargs; nand read ${loadaddr} 480000 500000; bootm ${loadaddr}
dieid#=7b4e000100000000015da3961501500d
ethact=DaVinci EMAC
oldbootcmd=if mmc init; then if run loadbootscript; then run bootscript; else if run loaduimage; then run mmcboot; else run nandboot; fi; fi; else run nandboot; fi
mmcargs=setenv bootargs console=ttyS2,115200n8 root=/dev/mmcblk0p2 rw rootfstype=ext3 rootwait eth=08:00:28:10:66:80 ip=dhcp earlyprintk
console=ttyO2,115200n8
ethaddr=08:00:28:10:66:80
bootcmd=
bootargs=console=ttyO2,115200n8 earlyprintk rootwait nohlt ip=dhcp
autoload=no
bootfile=uImage.am3517-craneboard
filesize=4693DF
fileaddr=82000000
netmask=255.255.255.0
ipaddr=192.168.1.153
serverip=192.168.1.254
dnsip=192.0.2.2
dnsip2=192.0.2.3
Environment size: 1154/131068 bytes
AM3517_CRANE # 
- 02:06:55 [INFO] Host: setenv bootargs ''${bootargs}' root=/dev/mmcblk0p2 rw rootfstype=ext3 rootwait '
- 02:06:56 [INFO] Target: 
setenv bootargs ''${bootargs}' root=/dev/mmcblk0p2 rw rootfstype=ext3 rootwait '
AM3517_CRANE # 
- 02:06:56 [INFO] Host: printenv
- 02:06:56 [INFO] Target: 
printenv
bootdelay=3
baudrate=115200
loadaddr=0x82000000
nandargs=setenv bootargs console=${console} root=/dev/mtdblock4 rw rootfstype=jffs2 eth=${ethaddr} ip=dhcp
loadbootscript=fatload mmc 0 ${loadaddr} boot.scr
bootscript=echo Running bootscript from mmc ...; source ${loadaddr}
loaduimage=fatload mmc 0 ${loadaddr} uImage
mmcboot=echo Booting from mmc ...; run mmcargs; bootm ${loadaddr}
nandboot=echo Booting from nand ...; run nandargs; nand read ${loadaddr} 480000 500000; bootm ${loadaddr}
dieid#=7b4e000100000000015da3961501500d
ethact=DaVinci EMAC
oldbootcmd=if mmc init; then if run loadbootscript; then run bootscript; else if run loaduimage; then run mmcboot; else run nandboot; fi; fi; else run nandboot; fi
mmcargs=setenv bootargs console=ttyS2,115200n8 root=/dev/mmcblk0p2 rw rootfstype=ext3 rootwait eth=08:00:28:10:66:80 ip=dhcp earlyprintk
console=ttyO2,115200n8
ethaddr=08:00:28:10:66:80
bootcmd=
autoload=no
bootfile=uImage.am3517-craneboard
filesize=4693DF
fileaddr=82000000
netmask=255.255.255.0
ipaddr=192.168.1.153
serverip=192.168.1.254
dnsip=192.0.2.2
dnsip2=192.0.2.3
bootargs=console=ttyO2,115200n8 earlyprintk rootwait nohlt ip=dhcp root=/dev/mmcblk0p2 rw rootfstype=ext3 rootwait
Environment size: 1202/131068 bytes
AM3517_CRANE # 
- 02:06:56 [INFO] Host: setenv bootcmd ''${bootcmd}' if iminfo ${loadaddr}; then bootm ${loadaddr}  ; else bootz ${loadaddr}  ; bootm ${loadaddr}  ; fi'
- 02:06:57 [INFO] Target: 
setenv bootcmd ''${bootcmd}' if iminfo ${loadaddr}; then bootm ${loadaddr}  ; else bootz ${loadaddr}  ; bootm ${loadaddr}  ; fi'
AM3517_CRANE # 
- 02:06:57 [INFO] Host: bdinfo
- 02:06:57 [INFO] Target: 
bdinfo
arch_number = 0x00000B74
env_t       = 0x00000000
boot_params = 0x80000100
DRAM bank   = 0x00000000
-> start    = 0x80000000
-> size     = 0x10000000
DRAM bank   = 0x00000001
-> start    = 0x80000000
-> size     = 0x00000000
ethaddr     = 08:00:28:10:66:80
ip_addr     = 192.168.1.153
baudrate    = 115200 bps
AM3517_CRANE # 
- 02:06:57 [INFO] Host: boot
- 02:07:45 [INFO] Target: 
boot
Unknown command 'iminfo' - try 'help'
Unknown command 'bootz' - try 'help'
## Booting kernel from Legacy Image at 82000000 ...
   Image Name:   Linux-3.18.0-00002-ge2b0d6b
   Image Type:   ARM Linux Kernel Image (uncompressed)
   Data Size:    4625311 Bytes =  4.4 MB
   Load Address: 80800000
   Entry Point:  80800000
   Verifying Checksum ... OK
   Loading Kernel Image ... OK
Starting kernel ...
[    0.000000] Booting Linux on physical CPU 0x0
[    0.000000] Initializing cgroup subsys cpuset
[    0.000000] Initializing cgroup subsys cpu
[    0.000000] Initializing cgroup subsys cpuacct
[    0.000000] Linux version 3.18.0-00002-ge2b0d6b (nmenon@kahuna) (gcc version 4.6.3 (Ubuntu/Linaro 4.6.3-1ubuntu5) ) #1 SMP Mon Dec 8 02:03:20 CST 2014
[    0.000000] CPU: ARMv7 Processor [411fc087] revision 7 (ARMv7), cr=10c5387d
[    0.000000] CPU: PIPT / VIPT nonaliasing data cache, VIPT nonaliasing instruction cache
[    0.000000] Machine model: TI AM3517 CraneBoard (TMDSEVM3517)
[    0.000000] cma: Reserved 16 MiB at 0x8e800000
[    0.000000] Memory policy: Data cache writeback
[    0.000000]   HighMem zone: 1048574 pages exceeds freesize 0
[    0.000000] CPU: All CPU(s) started in SVC mode.
[    0.000000] AM3517 ES1.1 (l2cache sgx neon )
[    0.000000] PERCPU: Embedded 11 pages/cpu @cfc85000 s14976 r8192 d21888 u45056
[    0.000000] Built 1 zonelists in Zone order, mobility grouping on.  Total pages: 64768
[    0.000000] Kernel command line: console=ttyO2,115200n8 earlyprintk rootwait nohlt ip=dhcp root=/dev/mmcblk0p2 rw rootfstype=ext3 rootwait
[    0.000000] PID hash table entries: 1024 (order: 0, 4096 bytes)
[    0.000000] Dentry cache hash table entries: 32768 (order: 5, 131072 bytes)
[    0.000000] Inode-cache hash table entries: 16384 (order: 4, 65536 bytes)
[    0.000000] allocated 522240 bytes of page_cgroup
[    0.000000] please try 'cgroup_disable=memory' option if you don't want memory cgroups
[    0.000000] Memory: 223844K/261120K available (5983K kernel code, 671K rwdata, 2280K rodata, 412K init, 8226K bss, 37276K reserved, 0K highmem)
[    0.000000] Virtual kernel memory layout:
[    0.000000]     vector  : 0xffff0000 - 0xffff1000   (   4 kB)
[    0.000000]     fixmap  : 0xffc00000 - 0xffe00000   (2048 kB)
[    0.000000]     vmalloc : 0xd0800000 - 0xff000000   ( 744 MB)
[    0.000000]     lowmem  : 0xc0000000 - 0xd0000000   ( 256 MB)
[    0.000000]     pkmap   : 0xbfe00000 - 0xc0000000   (   2 MB)
[    0.000000]     modules : 0xbf000000 - 0xbfe00000   (  14 MB)
[    0.000000]       .text : 0xc0008000 - 0xc081a0c4   (8265 kB)
[    0.000000]       .init : 0xc081b000 - 0xc0882000   ( 412 kB)
[    0.000000]       .data : 0xc0882000 - 0xc0929c58   ( 672 kB)
[    0.000000]        .bss : 0xc0929c58 - 0xc1132538   (8227 kB)
[    0.000000] Hierarchical RCU implementation.
[    0.000000] 	RCU restricting CPUs from NR_CPUS=2 to nr_cpu_ids=1.
[    0.000000] RCU: Adjusting geometry for rcu_fanout_leaf=16, nr_cpu_ids=1
[    0.000000] NR_IRQS:16 nr_irqs:16 16
[    0.000000] IRQ: Found an INTC at 0xfa200000 (revision 4.0) with 96 interrupts
[    0.000000] Clocking rate (Crystal/Core/MPU): 26.0/332/500 MHz
[    0.000000] OMAP clockevent source: timer2 at 13000000 Hz
[    0.000033] sched_clock: 32 bits at 13MHz, resolution 76ns, wraps every 330382100403ns
[    0.000148] OMAP clocksource: timer1 at 13000000 Hz
[    0.001710] Console: colour dummy device 80x30
[    0.001811] Lock dependency validator: Copyright (c) 2006 Red Hat, Inc., Ingo Molnar
[    0.001832] ... MAX_LOCKDEP_SUBCLASSES:  8
[    0.001849] ... MAX_LOCK_DEPTH:          48
[    0.001867] ... MAX_LOCKDEP_KEYS:        8191
[    0.001884] ... CLASSHASH_SIZE:          4096
[    0.001901] ... MAX_LOCKDEP_ENTRIES:     32768
[    0.001917] ... MAX_LOCKDEP_CHAINS:      65536
[    0.001933] ... CHAINHASH_SIZE:          32768
[    0.001951]  memory used by lock dependency info: 5167 kB
[    0.001968]  per task-struct memory footprint: 1152 bytes
[    0.002016] Calibrating delay loop... 496.43 BogoMIPS (lpj=2482176)
[    0.105380] pid_max: default: 32768 minimum: 301
[    0.106119] Security Framework initialized
[    0.106451] Mount-cache hash table entries: 1024 (order: 0, 4096 bytes)
[    0.106486] Mountpoint-cache hash table entries: 1024 (order: 0, 4096 bytes)
[    0.111720] Initializing cgroup subsys memory
[    0.111868] Initializing cgroup subsys devices
[    0.112036] Initializing cgroup subsys freezer
[    0.112196] Initializing cgroup subsys blkio
[    0.112349] Initializing cgroup subsys perf_event
[    0.112503] CPU: Testing write buffer coherency: ok
[    0.114937] CPU0: thread -1, cpu 0, socket -1, mpidr 0
[    0.115166] Setting up static identity map for 0x805ab668 - 0x805ab6d8
[    0.122917] Brought up 1 CPUs
[    0.122951] SMP: Total of 1 processors activated.
[    0.122972] CPU: All CPU(s) started in SVC mode.
[    0.129184] devtmpfs: initialized
[    0.133465] VFP support v0.3: implementor 41 architecture 3 part 30 variant c rev 1
[    0.222470] omap_hwmod: mcbsp2_sidetone using broken dt data from mcbsp
[    0.225047] omap_hwmod: mcbsp3_sidetone using broken dt data from mcbsp
[    0.314517] omap_hwmod: uart4: cannot be enabled for reset (3)
[    0.336689] pinctrl core: initialized pinctrl subsystem
[    0.341696] regulator-dummy: no parameters
[    0.455270] NET: Registered protocol family 16
[    0.467163] DMA: preallocated 256 KiB pool for atomic coherent allocations
[    0.472114] cpuidle: using governor ladder
[    0.472172] cpuidle: using governor menu
[    0.472469] omap_l3_smx omap_l3_smx.0: couldn't request debug irq
[    0.472625] omap_l3_smx: probe of omap_l3_smx.0 failed with error -22
[    0.484892] Reprogramming SDRC clock to 332000000 Hz
[    0.490399] platform 480c5000.aes: Cannot lookup hwmod 'aes'
[    0.505759] OMAP GPIO hardware version 2.5
[    0.539656] platform 480c3000.sham: Cannot lookup hwmod 'sham'
[    0.540785] platform 480cb000.smartreflex: Cannot lookup hwmod 'smartreflex_core'
[    0.556064] omap-gpmc 6e000000.gpmc: GPMC revision 5.0
[    0.557942] platform 480ab000.usb_otg_hs: Cannot lookup hwmod 'usb_otg_hs'
[    0.562678] No ATAGs?
[    0.562735] hw-breakpoint: debug architecture 0x4 unsupported.
[    0.567340] OMAP DMA hardware revision 4.0
[    0.687566] omap-dma-engine 48056000.dma-controller: OMAP DMA engine driver
[    0.690065] vbat: 5000 mV 
[    0.697084] SCSI subsystem initialized
[    0.698735] usbcore: registered new interface driver usbfs
[    0.699078] usbcore: registered new interface driver hub
[    0.699346] usbcore: registered new device driver usb
[    0.711424] tps65910 0-002d: could not find pctldev for node /ocp/pinmux@48002030/pinmux_tps_pins, deferring probe
[    0.711517] i2c 0-002d: Driver tps65910 requests probe deferral
[    0.711663] omap_i2c 48070000.i2c: bus 0 rev3.3 at 2600 kHz
[    0.720521] Switched to clocksource timer1
[    1.013468] NET: Registered protocol family 2
[    1.016683] TCP established hash table entries: 2048 (order: 1, 8192 bytes)
[    1.016983] TCP bind hash table entries: 2048 (order: 4, 73728 bytes)
[    1.018339] TCP: Hash tables configured (established 2048 bind 2048)
[    1.018712] TCP: reno registered
[    1.018767] UDP hash table entries: 256 (order: 2, 20480 bytes)
[    1.019149] UDP-Lite hash table entries: 256 (order: 2, 20480 bytes)
[    1.021531] NET: Registered protocol family 1
[    1.024365] RPC: Registered named UNIX socket transport module.
[    1.024408] RPC: Registered udp transport module.
[    1.024432] RPC: Registered tcp transport module.
[    1.024453] RPC: Registered tcp NFSv4.1 backchannel transport module.
[    1.026978] hw perfevents: enabled with armv7_cortex_a8 PMU driver, 5 counters available
[    1.037366] futex hash table entries: 256 (order: 2, 16384 bytes)
[    1.037757] audit: initializing netlink subsys (disabled)
[    1.038114] audit: type=2000 audit(1.030:1): initialized
[    1.046639] VFS: Disk quotas dquot_6.5.2
[    1.046949] Dquot-cache hash table entries: 1024 (order 0, 4096 bytes)
[    1.051733] NFS: Registering the id_resolver key type
[    1.052425] Key type id_resolver registered
[    1.052458] Key type id_legacy registered
[    1.052805] jffs2: version 2.2. (NAND) (SUMMARY)   2001-2006 Red Hat, Inc.
[    1.053850] msgmni has been set to 469
[    1.061497] io scheduler noop registered
[    1.061555] io scheduler deadline registered
[    1.061747] io scheduler cfq registered (default)
[    1.066472] pinctrl-single 48002030.pinmux: 284 pins at pa fa002030 size 568
[    1.067499] pinctrl-single 48002a00.pinmux: 46 pins at pa fa002a00 size 92
[    1.073510] pbias_mmc_omap2430: 1800 <--> 3000 mV at 3000 mV 
[    1.077079] Serial: 8250/16550 driver, 4 ports, IRQ sharing enabled
[    1.088865] omap_uart 4806a000.serial: no wakeirq for uart0
[    1.089948] omap_uart 4806a000.serial: ttyO0 at MMIO 0x4806a000 (irq = 225, base_baud = 3000000) is a OMAP UART0
[    1.093978] omap_uart 4806c000.serial: no wakeirq for uart0
[    1.094600] omap_uart 4806c000.serial: ttyO1 at MMIO 0x4806c000 (irq = 226, base_baud = 3000000) is a OMAP UART1
[    1.096982] omap_uart 49020000.serial: no wakeirq for uart0
[    1.097576] omap_uart 49020000.serial: ttyO2 at MMIO 0x49020000 (irq = 227, base_baud = 3000000) is a OMAP UART2
[    1.932060] console [ttyO2] enabled
[    1.983579] brd: module loaded
[    2.013865] loop: module loaded
[    2.023066] mtdoops: mtd device (mtddev=name/number) must be supplied
[    2.090238] davinci_mdio davinci_mdio.0: davinci mdio revision 1.5
[    2.096812] davinci_mdio davinci_mdio.0: detected phy mask fffffffe
[    2.106895] libphy: davinci_mdio.0: probed
[    2.111459] davinci_mdio davinci_mdio.0: phy[0]: device davinci_mdio.0:00, driver SMSC LAN8710/LAN8720
[    2.122787] usbcore: registered new interface driver asix
[    2.128797] usbcore: registered new interface driver ax88179_178a
[    2.135620] usbcore: registered new interface driver cdc_ether
[    2.142233] usbcore: registered new interface driver smsc95xx
[    2.148573] usbcore: registered new interface driver net1080
[    2.154913] usbcore: registered new interface driver cdc_subset
[    2.161501] usbcore: registered new interface driver zaurus
[    2.167834] usbcore: registered new interface driver cdc_ncm
[    2.176055] usbcore: registered new interface driver cdc_wdm
[    2.182646] usbcore: registered new interface driver usb-storage
[    2.189374] usbcore: registered new interface driver usbtest
[    2.199602] mousedev: PS/2 mouse device common for all mice
[    2.210747] i2c /dev entries driver
[    2.217403] Driver for 1-wire Dallas network protocol.
[    2.228409] omap_wdt: OMAP Watchdog Timer Rev 0x31: initial timeout 60 sec
[    2.241289] omap_hsmmc 4809c000.mmc: unable to get vmmc regulator -517
[    2.248869] platform 4809c000.mmc: Driver omap_hsmmc requests probe deferral
[    2.257693] ledtrig-cpu: registered to indicate activity on CPUs
[    2.265266] usbcore: registered new interface driver usbhid
[    2.271259] usbhid: USB HID core driver
[    2.278005] oprofile: using arm/armv7
[    2.283248] TCP: cubic registered
[    2.286841] Initializing XFRM netlink socket
[    2.291722] NET: Registered protocol family 17
[    2.296591] NET: Registered protocol family 15
[    2.302026] Key type dns_resolver registered
[    2.307004] omap2_set_init_voltage: unable to find boot up OPP for vdd_mpu_iva
[    2.314751] omap2_set_init_voltage: unable to set vdd_mpu_iva
[    2.320929] omap2_set_init_voltage: unable to find boot up OPP for vdd_core
[    2.328296] omap2_set_init_voltage: unable to set vdd_core
[    2.336188] PM: no software I/O chain control; some wakeups may be lost
[    2.343332] pm: Failed to request pm_wkup irq
[    2.348018] ThumbEE CPU extension supported.
[    2.352689] Registering SWP/SWPB emulation handler
[    2.357788] SmartReflex Class3 initialized
[    2.388505] vrtc: 1800 mV 
[    2.392536] vrtc: supplied by vbat
[    2.401679] vio: at 1800 mV 
[    2.405205] vio: supplied by vbat
[    2.413619] vdd_core: 1200 mV 
[    2.417348] vdd_core: supplied by vbat
[    2.426468] vdd_shv: 3300 mV 
[    2.430192] vdd_shv: supplied by vbat
[    2.436977] vdd3: 5000 mV 
[    2.443422] vdig1: at 1200 mV 
[    2.447100] vdig1: supplied by vbat
[    2.454531] vdig2: at 1000 mV 
[    2.458230] vdig2: supplied by vbat
[    2.465942] vpll: 1800 mV 
[    2.469245] vpll: supplied by vbat
[    2.476913] vdac: 1800 mV 
[    2.480337] vdac: supplied by vbat
[    2.488048] vaux1: 1800 mV 
[    2.491544] vaux1: supplied by vbat
[    2.499471] vaux2: 1800 mV 
[    2.502965] vaux2: supplied by vbat
[    2.510391] vaux33: at 1800 mV 
[    2.514154] vaux33: supplied by vbat
[    2.522124] vmmc: 3300 mV 
[    2.525428] vmmc: supplied by vbat
[    2.532750] vbb: at 3000 mV 
[    2.536570] vbb: supplied by vbat
[    2.548596] vdd_shv: operation not allowed
[    2.553131] omap_hsmmc 4809c000.mmc: could not set regulator OCR (-1)
[    2.562638] vdd_shv: operation not allowed
[    2.567013] omap_hsmmc 4809c000.mmc: could not set regulator OCR (-1)
[    2.616076] drivers/rtc/hctosys.c: unable to open rtc device (rtc0)
[    2.622895] sr_init: No PMIC hook to init smartreflex
[    2.628717] sr_init: platform driver register failed for SR
[    2.849819] mmc0: host does not support reading read-only switch, assuming write-enable
[    2.861290] mmc0: new high speed SDHC card at address 1234
[    2.871575] mmcblk0: mmc0:1234 SA04G 3.63 GiB 
[    2.886285]  mmcblk0: p1 p2
[   14.875074] kjournald starting.  Commit interval 5 seconds
[   14.892897] EXT3-fs (mmcblk0p2): using internal journal
[   14.898457] EXT3-fs (mmcblk0p2): mounted filesystem with ordered data mode
[   14.906062] VFS: Mounted root (ext3 filesystem) on device 179:2.
[   14.919616] devtmpfs: mounted
[   14.924524] Freeing unused kernel memory: 412K (c081b000 - c0882000)
INIT: version 2.88 booting
Error opening /dev/fb0: No such file or directory
/dev/ttyO2 linked to /dev/tty-bd - using as console
Starting udev
[   16.601793] udevd[91]: starting version 182
[   28.397027] FAT-fs (mmcblk0p1): Volume was not properly unmounted. Some data may be corrupt. Please run fsck.
ERROR: could not open directory /lib/modules/3.18.0-00002-ge2b0d6b: No such file or directory
WARNING: -e needs -E or -F
ERROR: could not open directory /lib/modules/3.18.0-00002-ge2b0d6b: No such file or directory
FATAL: could not search modules: No such file or directory
Starting Bootlog daemon: bootlogd: cannot allocate pseudo tty: No such file or directory
bootlogd.
[   29.685743] random: dd urandom read with 81 bits of entropy available
ALSA: Restoring mixer settings...
/usr/sbin/alsactl: load_state:1696: No soundcards found...
Configuring network interfaces... ifconfig: SIOCGIFFLAGS: No such device
done.
hwclock: can't open '/dev/misc/rtc': No such file or directory
Sat Nov 29 18:46:00 UTC 2014
hwclock: can't open '/dev/misc/rtc': No such file or directory
INIT: Entering runlevel: 3
/dev/ttyO2 linked to /dev/tty-bd - using as console
Starting system message bus: dbus.
Starting Dropbear SSH server: dropbear.
Starting telnet daemon.
hwclock: can't open '/dev/misc/rtc': No such file or directory
Starting syslogd/klogd: done
Starting thttpd.
Starting Lighttpd Web Server: lighttpd.
2014-11-29 18:46:01: (log.c.166) server started 
[   37.871260] random: nonblocking pool is initialized
***************************************************************
***************************************************************
NOTICE: This file system contains the followin GPLv3 packages:
	binutils-symlinks
	binutils
	gdbserver
	parted
If you do not wish to distribute GPLv3 components please remove
the above packages prior to distribution.  This can be done using
the opkg remove command.  i.e.:
    opkg remove <package>
Where <package> is the name printed in the list above
NOTE: If the package is a dependency of another package you
      will be notified of the dependent packages.  You should
      use the --force-removal-of-dependent-packages option to
      also remove the dependent packages as well
***************************************************************
***************************************************************
Stopping Bootlog daemon: bootlogd.
 _____                    _____           _         _   
|  _  |___ ___ ___ ___   |  _  |___ ___  |_|___ ___| |_ 
|     |  _| .'| . | . |  |   __|  _| . | | | -_|  _|  _|
|__|__|_| |__,|_  |___|  |__|  |_| |___|_| |___|___|_|  
              |___|                    |___|            
Arago Project http://arago-project.org GenericAM3517(FlattenedDeviceTree) tty-bd
Arago 2013.12 GenericAM3517(FlattenedDeviceTree) tty-bd
GenericAM3517(FlattenedDeviceTree) login: 
- 02:07:45 [INFO] Host: root
- 02:07:45 [INFO] Target: 
root
root@GenericAM3517(FlattenedDeviceTree):~# 
- 02:07:45 [INFO] Host: uname -a
- 02:07:46 [INFO] Target: 
uname -a
Linux GenericAM3517(FlattenedDeviceTree) 3.18.0-00002-ge2b0d6b #1 SMP Mon Dec 8 02:03:20 CST 2014 armv7l GNU/Linux
root@GenericAM3517(FlattenedDeviceTree):~# 
- 02:07:46 [INFO] Host: cat /proc/cmdline
- 02:07:46 [INFO] Target: 
cat /proc/cmdline
console=ttyO2,115200n8 earlyprintk rootwait nohlt ip=dhcp root=/dev/mmcblk0p2 rw rootfstype=ext3 rootwait
root@GenericAM3517(FlattenedDeviceTree):~# 
- 02:07:46 [INFO] Host: uname -a
- 02:07:47 [INFO] Target: 
uname -a
Linux GenericAM3517(FlattenedDeviceTree) 3.18.0-00002-ge2b0d6b #1 SMP Mon Dec 8 02:03:20 CST 2014 armv7l GNU/Linux
root@GenericAM3517(FlattenedDeviceTree):~# 
- 02:07:47 [INFO] Host: cat /proc/mtd
- 02:07:47 [INFO] Target: 
cat /proc/mtd
dev:    size   erasesize  name
root@GenericAM3517(FlattenedDeviceTree):~# 
- 02:07:53 [INFO] Host: export IPERFHOST=192.168.1.254
- 02:07:53 [INFO] Target: 
export IPERFHOST=192.168.1.254
root@GenericAM3517(FlattenedDeviceTree):~# 
- 02:07:53 [INFO] Host: export NFS_SERVER=192.168.1.254
- 02:07:54 [INFO] Target: 
export NFS_SERVER=192.168.1.254
root@GenericAM3517(FlattenedDeviceTree):~# 
- 02:07:54 [INFO] Host: export NFS_ROOT_PATH=/usr/workdir/filesys/linux/crane
- 02:07:54 [INFO] Target: 
export NFS_ROOT_PATH=/usr/workdir/fil 
esys/linux/crane
root@GenericAM3517(FlattenedDeviceTree):~# 
- 02:07:54 [INFO] Host: mkdir -p -m 777 /test
- 02:07:55 [INFO] Target: 
mkdir -p -m 777 /test
root@GenericAM3517(FlattenedDeviceTree):~# 
- 02:07:55 [INFO] Host: cd /test
- 02:07:55 [INFO] Target: 
cd /test
root@GenericAM3517(FlattenedDeviceTree):/test# 
- 02:07:55 [INFO] Host: cat > test.sh << EOF
- 02:07:56 [INFO] Target: 
cat > test.sh << EOF
- 02:07:56 [INFO] Host: failtest() {
- 02:07:56 [INFO] Target: 
failtest() {
- 02:07:56 [INFO] Host:   echo 1 >&3
- 02:07:57 [INFO] Target: 
  echo 1 >&3
- 02:07:57 [INFO] Host: }
- 02:07:57 [INFO] Target: 
- 02:07:57 [INFO] Host: timeout=600
- 02:07:58 [INFO] Target: 
timeout=600
- 02:07:58 [INFO] Host: 
- 02:07:58 [INFO] Target: 
- 02:07:58 [INFO] Host: # Start of user's script logic
- 02:07:59 [INFO] Target: 
# Start of user's script logic
- 02:07:59 [INFO] Host: 
- 02:07:59 [INFO] Target: 
- 02:07:59 [INFO] Host: 
- 02:08:00 [INFO] Target: 
- 02:08:00 [INFO] Host: mount -t proc proc /proc 2>/dev/null;
- 02:08:00 [INFO] Target: 
mount -t proc proc /proc 2>/dev/null;
- 02:08:00 [INFO] Host: 
- 02:08:01 [INFO] Target: 
- 02:08:01 [INFO] Host: mount -t sysfs sys /sys 2>/dev/null;
- 02:08:01 [INFO] Target: 
mount -t sysfs sys /sys 2>/dev/null;
- 02:08:01 [INFO] Host: 
- 02:08:02 [INFO] Target: 
- 02:08:02 [INFO] Host: mount -t debugfs none /sys/kernel/debug 2>/dev/null;
- 02:08:02 [INFO] Target: 
mount -t debugfs none /sys/kernel/debug 2>/dev/null;
- 02:08:02 [INFO] Host: 
- 02:08:03 [INFO] Target: 
- 02:08:03 [INFO] Host: echo 'cpuinfo:';cat /proc/cpuinfo; echo '=======';
- 02:08:03 [INFO] Target: 
echo 'cpuinfo:';cat /proc/cpuinfo; echo '=======';
- 02:08:03 [INFO] Host: 
- 02:08:04 [INFO] Target: 
- 02:08:04 [INFO] Host: echo 'soc info:';head /sys/devices/soc0/* 2>/dev/null; echo '=======';
- 02:08:04 [INFO] Target: 
echo 'soc info:';head /sys/devices/soc0/* 2>/dev/null; echo '=======';
- 02:08:04 [INFO] Host: 
- 02:08:05 [INFO] Target: 
- 02:08:05 [INFO] Host: echo 'DT Model info'; head /proc/device-tree/name /proc/device-tree/model /proc/device-tree/compatible 2>/dev/null;echo; echo '=======';
- 02:08:05 [INFO] Target: 
echo 'DT Model info'; head /proc/device-tree/name /proc/device-tree/model /pro 
c/device-tree/compatible 2>/dev/null;echo; echo '=======';
- 02:08:05 [INFO] Host: 
- 02:08:06 [INFO] Target: 
- 02:08:06 [INFO] Host: echo 'interrupts:';cat /proc/interrupts; echo '=======';
- 02:08:06 [INFO] Target: 
echo 'interrupts:';cat /proc/interrupts; echo '=======';
- 02:08:06 [INFO] Host: 
- 02:08:07 [INFO] Target: 
- 02:08:07 [INFO] Host: echo 'Clk_summary:';cat /sys/kernel/debug/clk/clk_summary; echo '=======';
- 02:08:07 [INFO] Target: 
echo 'Clk_summary:';cat /sys/kernel/debug/clk/clk_summary; echo '=======';
- 02:08:07 [INFO] Host: 
- 02:08:08 [INFO] Target: 
- 02:08:08 [INFO] Host: echo 'Orphan Clks:';ls /sys/kernel/debug/clk/orphans/; echo '=======';
- 02:08:08 [INFO] Target: 
echo 'Orphan Clks:';ls /sys/kernel/debug/clk/orphans/; echo '=======';
- 02:08:08 [INFO] Host: 
- 02:08:09 [INFO] Target: 
- 02:08:09 [INFO] Host: echo "Available frequencies"; cat /sys/devices/system/cpu/cpu0/cpufreq/scaling_available_frequencies 2>/dev/null;echo '=======';
- 02:08:09 [INFO] Target: 
echo "Available frequencies"; cat /sys/devices/system/cpu/cpu0/cpufreq/scaling 
_available_frequencies 2>/dev/null;echo '=======';
- 02:08:09 [INFO] Host: 
- 02:08:10 [INFO] Target: 
- 02:08:10 [INFO] Host: echo 'H''ello World' 'B''oard Booted';
- 02:08:10 [INFO] Target: 
echo 'H''ello World' 'B''oard Booted';
- 02:08:10 [INFO] Host: 
- 02:08:11 [INFO] Target: 
- 02:08:11 [INFO] Host: EOF
- 02:08:11 [INFO] Target: 
root@GenericAM3517(FlattenedDeviceTree):/test# 
- 02:08:11 [INFO] Host: cd /test
- 02:08:12 [INFO] Target: 
cd /test
root@GenericAM3517(FlattenedDeviceTree):/test# 
- 02:08:12 [INFO] Host: chmod +x test.sh
- 02:08:12 [INFO] Target: 
chmod +x test.sh
root@GenericAM3517(FlattenedDeviceTree):/test# 
- 02:08:12 [INFO] Host: ./test.sh 2> stderr.log > stdout.log 3> result.log
- 02:08:13 [INFO] Target: 
./test.sh 2> stderr.log > stdout. 
log 3> result.log
root@GenericAM3517(FlattenedDeviceTree):/test# 
- 02:08:13 [INFO] Host: echo $?
- 02:08:13 [INFO] Target: 
echo $?
root@GenericAM3517(FlattenedDeviceTree):/test# 
- 02:08:13 [INFO] Host: cd /test
- 02:08:14 [INFO] Target: 
cd /test
root@GenericAM3517(FlattenedDeviceTree):/test# 
- 02:08:14 [INFO] Host: cat stdout.log
- 02:08:16 [INFO] Target: 
cat stdout.log
cpuinfo:
processor	: 0
model name	: ARMv7 Processor rev 7 (v7l)
Features	: half thumb fastmult vfp edsp thumbee neon vfpv3 tls vfpd32 
CPU implementer	: 0x41
CPU architecture: 7
CPU variant	: 0x1
CPU part	: 0xc08
CPU revision	: 7
Hardware	: Generic AM3517 (Flattened Device Tree)
Revision	: 0000
Serial		: 0000000000000000
=======
soc info:
==> /sys/devices/soc0/family <==
OMAP3
==> /sys/devices/soc0/machine <==
AM3517
==> /sys/devices/soc0/power <==
==> /sys/devices/soc0/revision <==
ES1.1
==> /sys/devices/soc0/subsystem <==
==> /sys/devices/soc0/type <==
==> /sys/devices/soc0/uevent <==
=======
DT Model info
==> /proc/device-tree/name <==
==> /proc/device-tree/model <==
TI AM3517 CraneBoard (TMDSEVM3517)
==> /proc/device-tree/compatible <==
ti,am3517-craneboardti,am3517ti,omap3
=======
interrupts:
           CPU0       
 16:       2841      INTC  38  gp_timer
 24:       2217      INTC  13  omap-dma-engine
 28:          0  48310000.gpio   0  DMA
227:       4392      INTC  74  OMAP UART2
228:        280      INTC  56  48070000.i2c
234:       4572      INTC  83  mmc0
248:          0      INTC  20  gpmc
257:          0      INTC   7  tps65910
IPI0:          0  CPU wakeup interrupts
IPI1:          0  Timer broadcast interrupts
IPI2:          0  Rescheduling interrupts
IPI3:          0  Function call interrupts
IPI4:          0  Single function call interrupts
IPI5:          0  CPU stop interrupts
IPI6:          0  IRQ work interrupts
IPI7:          0  completion interrupts
Err:          0
=======
Clk_summary:
   clock                         enable_cnt  prepare_cnt        rate   accuracy   phase
----------------------------------------------------------------------------------------
 pclk_ck                                  0            0    27000000          0 0  
    vpfe_fck                              0            0    27000000          0 0  
 rmii_ck                                  1            1    50000000          0 0  
    emac_fck                              2            2    50000000          0 0  
 secure_32k_fck                           0            1       32768          0 0  
    wdt1_fck                              0            0       32768          0 0  
    gpt12_fck                             0            1       32768          0 0  
 dummy_ck                                 0            0           0          0 0  
 mcbsp_clks                               0            5           0          0 0  
 sys_altclk                               0            0           0          0 0  
 virt_38_4m_ck                            0            0    38400000          0 0  
 virt_26000000_ck                         1            1    26000000          0 0  
    osc_sys_ck                            1            1    26000000          0 0  
       sys_clkout1                        0            0    26000000          0 0  
       sys_ck                             5           17    13000000          0 0  
          gpt9_fck                        0            1    13000000          0 0  
          gpt8_fck                        0            1    13000000          0 0  
          gpt7_fck                        0            1    13000000          0 0  
          gpt6_fck                        0            1    13000000          0 0  
          gpt5_fck                        0            1    13000000          0 0  
          gpt4_fck                        0            1    13000000          0 0  
          gpt3_fck                        0            1    13000000          0 0  
          gpt2_fck                        1            1    13000000          0 0  
          gpt1_fck                        1            1    13000000          0 0  
          hecc_ck                         0            0    13000000          0 0  
          hsotgusb_fck_am35xx             0            1    13000000          0 0  
          cpefuse_fck                     0            0    13000000          0 0  
          dpll5_ck                        0            1   120000000          0 0  
             dpll5_m2_ck                  0            1   120000000          0 0  
                usbhost_120m_fck           0            0   120000000          0 0  
                usbtll_fck                0            1   120000000          0 0  
          traceclk_src_fck                0            0    13000000          0 0  
             traceclk_fck                 0            0    13000000          0 0  
          emu_src_mux_ck                  0            1    13000000          0 0  
             emu_src_ck                   0            1    13000000          0 0  
                atclk_fck                 0            0    13000000          0 0  
                pclkx2_fck                0            0    13000000          0 0  
                pclk_fck                  0            0     6500000          0 0  
          dss2_alwon_fck                  0            2    13000000          0 0  
          dpll1_ck                        0            1   500000000          0 0  
             dpll1_x2_ck                  0            1  1000000000          0 0  
                dpll1_x2m2_ck             0            1  1000000000          0 0  
                   mpu_ck                 0            1  1000000000          0 0  
                      emu_mpu_alwon_ck           0            0  1000000000          0 0  
                      arm_fck             0            1   500000000          0 0  
          dpll3_ck                        1            1   332000000          0 0  
             dpll3_x2_ck                  0            0   664000000          0 0  
             dpll3_m2_ck                  1            1   332000000          0 0  
                dpll3_m2x2_ck             0            0   664000000          0 0  
                   corex2_fck             0            0   664000000          0 0  
                      corex2_d5_fck           0            0   132800000          0 0  
                      corex2_d3_fck           0            0   221333333          0 0  
                core_ck                   1            1   332000000          0 0  
                   core_d2_ck             0            0   166000000          0 0  
                   core_d6_ck             0            0    55333333          0 0  
                   core_d4_ck             0            0    83000000          0 0  
                   core_d3_ck             0            0   110666666          0 0  
                      sgx_fck             0            0   110666666          0 0  
                   l3_ick                 2            2   166000000          0 0  
                      sgx_ick             0            0   166000000          0 0  
                      core_l3_ick           6            7   166000000          0 0  
                         ipss_ick           2            2   166000000          0 0  
                            hsotgusb_ick_am35xx           2            2   166000000          0 0  
                            vpfe_ick           0            0   166000000          0 0  
                            emac_ick           2            2   166000000          0 0  
                         gpmc_fck           2            2   166000000          0 0  
                         sdrc_ick           1            1   166000000          0 0  
                      l4_ick              4            4    83000000          0 0  
                         usbhost_ick           1            1    83000000          0 0  
                         dss_ick_3430es2           4            6    83000000          0 0  
                         per_l4_ick          13           18    83000000          0 0  
                            mcbsp4_ick           2            2    83000000          0 0  
                            mcbsp3_ick           2            2    83000000          0 0  
                            mcbsp2_ick           1            1    83000000          0 0  
                            gpt2_ick           1            1    83000000          0 0  
                            gpt3_ick           1            1    83000000          0 0  
                            gpt4_ick           1            1    83000000          0 0  
                            gpt5_ick           1            1    83000000          0 0  
                            gpt6_ick           1            1    83000000          0 0  
                            gpt7_ick           1            1    83000000          0 0  
                            gpt8_ick           1            1    83000000          0 0  
                            gpt9_ick           1            1    83000000          0 0  
                            uart4_ick           1            1    83000000          0 0  
                            uart3_ick           1            1    83000000          0 0  
                            wdt3_ick           0            0    83000000          0 0  
                            gpio2_ick           0            1    83000000          0 0  
                            gpio3_ick           0            1    83000000          0 0  
                            gpio4_ick           0            1    83000000          0 0  
                            gpio5_ick           0            1    83000000          0 0  
                            gpio6_ick           0            1    83000000          0 0  
                         core_l4_ick          19           20    83000000          0 0  
                            mmchs3_ick           1            1    83000000          0 0  
                            usbtll_ick           1            1    83000000          0 0  
                            uart4_ick_am35xx           0            0    83000000          0 0  
                            sha12_ick           0            0    83000000          0 0  
                            aes2_ick           0            0    83000000          0 0  
                            omapctrl_ick           1            1    83000000          0 0  
                            mcbsp1_ick           1            1    83000000          0 0  
                            mcbsp5_ick           1            1    83000000          0 0  
                            gpt10_ick           1            1    83000000          0 0  
                            gpt11_ick           1            1    83000000          0 0  
                            uart1_ick           1            1    83000000          0 0  
                            uart2_ick           1            1    83000000          0 0  
                            i2c1_ick           1            1    83000000          0 0  
                            i2c2_ick           1            1    83000000          0 0  
                            i2c3_ick           1            1    83000000          0 0  
                            mcspi1_ick           1            1    83000000          0 0  
                            mcspi2_ick           1            1    83000000          0 0  
                            mcspi3_ick           1            1    83000000          0 0  
                            mcspi4_ick           1            1    83000000          0 0  
                            hdq_ick           0            1    83000000          0 0  
                            mmchs1_ick           1            1    83000000          0 0  
                            mmchs2_ick           1            1    83000000          0 0  
                         rm_ick           0            0    41500000          0 0  
                   dpll1_fck              0            0   166000000          0 0  
             dpll3_m3_ck                  0            0   166000000          0 0  
                dpll3_m3x2_mul_ck           0            0   332000000          0 0  
                   dpll3_m3x2_ck           0            0   332000000          0 0  
                      emu_core_alwon_ck           0            0   332000000          0 0  
          dpll4_ck                        1            3   432000000          0 0  
             dpll4_x2_ck                  0            0   864000000          0 0  
             dpll4_m6_ck                  0            0   144000000          0 0  
                dpll4_m6x2_mul_ck           0            0   288000000          0 0  
                   dpll4_m6x2_ck           0            0   288000000          0 0  
                      emu_per_alwon_ck           0            0   288000000          0 0  
             dpll4_m5_ck                  0            0   108000000          0 0  
                dpll4_m5x2_mul_ck           0            0   216000000          0 0  
                   dpll4_m5x2_ck           0            0   216000000          0 0  
             dpll4_m4_ck                  0            1   216000000          0 0  
                dpll4_m4x2_mul_ck           0            1   432000000          0 0  
                   dpll4_m4x2_ck           0            1   432000000          0 0  
                      dss1_alwon_fck_3430es2           0            4   432000000          0 0  
             dpll4_m3_ck                  0            1    27000000          0 0  
                dpll4_m3x2_mul_ck           0            1    54000000          0 0  
                   dpll4_m3x2_ck           0            1    54000000          0 0  
                      omap_54m_fck           0            1    54000000          0 0  
                         clkout2_src_ck           0            0    54000000          0 0  
                            sys_clkout2           0            0    54000000          0 0  
                         dss_tv_fck           0            2    54000000          0 0  
             dpll4_m2_ck                  1            1    48000000          0 0  
                dpll4_m2x2_mul_ck           1            1    96000000          0 0  
                   dpll4_m2x2_ck           1            1    96000000          0 0  
                      omap_192m_alwon_fck           0            0    96000000          0 0  
                      omap_96m_alwon_fck           1            2    96000000          0 0  
                         per_96m_fck           0            6    96000000          0 0  
                            mcbsp4_fck           0            1    96000000          0 0  
                            mcbsp3_fck           0            2    96000000          0 0  
                            mcbsp2_fck           0            2    96000000          0 0  
                         cm_96m_fck           1            2    96000000          0 0  
                            cm_96m_d2_fck           1            1    48000000          0 0  
                               omap_48m_fck           2            4    48000000          0 0  
                                  usbhost_48m_fck           0            1    48000000          0 0  
                                  per_48m_fck           1            1    48000000          0 0  
                                     uart3_fck           1            1    48000000          0 0  
                                  core_48m_fck           2            7    48000000          0 0  
                                     uart4_fck_am35xx           0            1    48000000          0 0  
                                     uart1_fck           1            2    48000000          0 0  
                                     uart2_fck           1            1    48000000          0 0  
                                     mcspi1_fck           0            1    48000000          0 0  
                                     mcspi2_fck           0            1    48000000          0 0  
                                     mcspi3_fck           0            1    48000000          0 0  
                                     mcspi4_fck           0            1    48000000          0 0  
                                  omap_12m_fck           0            1    12000000          0 0  
                                     core_12m_fck           0            1    12000000          0 0  
                                        hdq_fck             0            1    12000000          0 0  
                            omap_96m_fck           0            2    96000000          0 0  
                               dss_96m_fck           0            2    96000000          0 0  
                               core_96m_fck           0           10    96000000          0 0  
                                  mcbsp1_fck           0            1    96000000          0 0  
                                  mcbsp5_fck           0            1    96000000          0 0  
                                  mmchs3_fck           0            1    96000000          0 0  
                                  i2c1_fck           0            1    96000000          0 0  
                                  i2c2_fck           0            1    96000000          0 0  
                                  i2c3_fck           0            1    96000000          0 0  
                                  mmchs1_fck           0            1    96000000          0 0  
                                  mmchs2_fck           0            1    96000000          0 0  
          wkup_l4_ick                     4            5    13000000          0 0  
             gpt1_ick                     1            1    13000000          0 0  
             gpt12_ick                    1            1    13000000          0 0  
             omap_32ksync_ick             1            1    13000000          0 0  
             gpio1_ick                    0            1    13000000          0 0  
             wdt1_ick                     0            0    13000000          0 0  
             wdt2_ick                     1            1    13000000          0 0  
 virt_19200000_ck                         0            0    19200000          0 0  
 virt_13m_ck                              0            0    13000000          0 0  
 virt_12m_ck                              0            0    12000000          0 0  
 omap_32k_fck                             0            7       32768          0 0  
    gpt11_fck                             0            1       32768          0 0  
    gpt10_fck                             0            1       32768          0 0  
    ts_fck                                0            0       32768          0 0  
    per_32k_alwon_fck                     0            5       32768          0 0  
       wdt3_fck                           0            0       32768          0 0  
       gpio2_dbck                         0            1       32768          0 0  
       gpio3_dbck                         0            1       32768          0 0  
       gpio4_dbck                         0            1       32768          0 0  
       gpio5_dbck                         0            1       32768          0 0  
       gpio6_dbck                         0            1       32768          0 0  
    wkup_32k_fck                          0            3       32768          0 0  
       wdt2_fck                           0            1       32768          0 0  
       gpio1_dbck                         0            1       32768          0 0  
 dummy_apb_pclk                           0            0           0          0 0  
 virt_16_8m_ck                            0            0    16800000          0 0  
=======
Orphan Clks:
=======
Available frequencies
=======
Hello World Board Booted
root@GenericAM3517(FlattenedDeviceTree):/test# 
- 02:08:16 [INFO] Host: cat stderr.log
- 02:08:16 [INFO] Target: 
cat stderr.log
ls: /sys/kernel/debug/clk/orphans/: No such file or directory
root@GenericAM3517(FlattenedDeviceTree):/test# 
- 02:08:16 [INFO] Host: cat result.log
- 02:08:18 [ERROR] On command: cat result.log waiting for cat result.log.+?(?m-ix:^1[\0\n\r]+) >>> error: execution expired
- 02:08:18 [INFO] Target: 
cat result.log
root@GenericAM3517(FlattenedDeviceTree):/test# 
- 02:08:19 [INFO] Host: cd /test
- 02:08:19 [INFO] Target: 
cd /test
root@GenericAM3517(FlattenedDeviceTree):/test# 
URL:gtsystest.telogy.design.ti.com/vatf/tidfarm-02/tidfarm-02_vatf@4/tidfarm-0212_08_2014_02_06_02/files/session_iteration_1/test_1
