- 05:50:25 [INFO] Starting target session
- 05:50:27 [INFO] Connected to craneboard via serial 
- 05:50:27 [INFO] Host: #check prompt
- 05:50:30 [ERROR] On command: #check prompt waiting for #check prompt.+?(?-mix:((?-mix:.*\s+login)|[Pp]assword)) >>> error: execution expired
- 05:50:30 [INFO] Target: 
#check prompt
root@GenericAM3517(FlattenedDeviceTree):/test# 
- 05:50:30 [INFO] Host: #check prompt
- 05:50:30 [INFO] Target: 
#check prompt
root@GenericAM3517(FlattenedDeviceTree):/test# 
- 05:50:30 [INFO] Host: sync;poweroff
- 05:51:02 [INFO] Target: 
sync;poweroff
Broadcast message from root@GenericAM3517(FlattenedDeviceTree) (ttyO2) (Sun S
The system is going down for system halt NOW!
INIT: Switching to r
INIT: Sending processes the TERM signal
root@GenericAM3517(FlattenedDeviceTree):/test# 
INIT: Sending processStopping Dropbear SSH server: stopped /usr/sbin/dropbear (pid 453)
dropbear.
Stopping telnet daemon.
Stopping system message bus: Error opening /dev/fb0: No such file or directory
Stopping syslogd/klogd: stopped syslogd (pid 463)
stopped klogd (pid 466)
done
Stopping thttpd.
ALSA: Storing mixer settings...
/usr/sbin/alsactl: save_state:1580: No soundcards found...
Deconfiguring network interfaces... ifdown: interface eth0 not configured
done.
Stopping Lighttpd Web Server: stopped /usr/sbin/lighttpd (pid 473)
lighttpd.
***************************************************************
***************************************************************
NOTICE: This file system contains the followin GPLv3 packages:
	binutils-symlinks
	binutils
	gdbserver
	parted
If you do not wish to distribute GPLv3 components please remove
the above packages prior to distribution.  This can be done using
the opkg remove command.  i.e.:
    opkg remove <package>
Where <package> is the name printed in the list above
NOTE: If the package is a dependency of another package you
      will be notified of the dependent packages.  You should
      use the --force-removal-of-dependent-packages option to
      also remove the dependent packages as well
***************************************************************
***************************************************************
Sending all processes the TERM signal...
Sending all processes the KILL signal...
Unmounting remote filesystems...
Deactivating swap...
Unmounting local filesystems...
[170714.713464] EXT4-fs (mmcblk0p2): re-mounted. Opts: data=ordered
[170716.905639] reboot: System halted
- 05:51:02 [INFO] Disconnected serial from craneboard
- 05:51:25 [INFO] Connected to craneboard via serial 
- 05:51:25 [INFO] Host: 
- 05:51:28 [INFO] Target: 
In:    serial
Out:   serial
Err:   serial
Die ID #7b4e000100000000015da3961501500d
Net:   davinci_emac_initialize
Ethernet PHY: GENERIC @ 0x00
EMAC LSB = 0x00106680
EMAC MSB = 0x00080028
-----------------------------
EMAC ID 08:00:28:10:66:80
-----------------------------
DaVinci EMAC
Hit any key to stop autoboot: 15  0 
AM3517_CRANE # 
AM3517_CRANE # 
AM3517_CRANE # 
AM3517_CRANE # 
AM3517_CRANE # 
AM3517_CRANE # 
AM3517_CRANE # 
AM3517_CRANE # 
AM3517_CRANE # 
AM3517_CRANE # 
AM3517_CRANE # 
AM3517_CRANE # 
AM3517_CRANE # 
AM3517_CRANE # 
AM3517_CRANE # 
AM3517_CRANE # 
AM3517_CRANE # 
AM3517_CRANE # 
AM3517_CRANE # 
AM3517_CRANE # 
AM3517_CRANE # 
AM3517_CRANE # 
AM3517_CRANE # 
AM3517_CRANE # 
AM3517_CRANE # 
AM3517_CRANE # 
AM3517_CRANE # 
- 05:51:28 [INFO] Host: 
- 05:51:28 [INFO] Target: 
AM3517_CRANE # 
AM3517_CRANE # 
AM3517_CRANE # 
AM3517_CRANE # 
AM3517_CRANE # 
- 05:51:28 [INFO] Host: version
- 05:51:28 [INFO] Target: 
AM3517_CRANE # version
U-Boot 2009.11-00005-ge83d2db (Dec 07 2010 - 11:55:34)
AM3517_CRANE # 
- 05:51:28 [INFO] Host: setenv bootargs 'console=ttyO2,115200n8 earlyprintk rootwait nohlt '
- 05:51:28 [INFO] Target: 
setenv bootargs 'console=ttyO2,115200n8 earlyprintk rootwait nohlt '
AM3517_CRANE # 
- 05:51:28 [INFO] Host: setenv bootcmd  ''
- 05:51:28 [INFO] Target: 
setenv bootcmd  ''
AM3517_CRANE # 
- 05:51:28 [INFO] Host: setenv autoload 'no'
- 05:51:29 [INFO] Target: 
setenv autoload 'no'
AM3517_CRANE # 
- 05:51:29 [INFO] Host: setenv serverip '192.168.1.254'
- 05:51:29 [INFO] Target: 
setenv serverip '192.168.1.254'
AM3517_CRANE # 
- 05:51:29 [INFO] Host: printenv
- 05:51:29 [INFO] Target: 
printenv
baudrate=115200
loadaddr=0x82000000
nandargs=setenv bootargs console=${console} root=/dev/mtdblock4 rw rootfstype=jffs2 eth=${ethaddr} ip=dhcp
loadbootscript=fatload mmc 0 ${loadaddr} boot.scr
bootscript=echo Running bootscript from mmc ...; source ${loadaddr}
loaduimage=fatload mmc 0 ${loadaddr} uImage
mmcboot=echo Booting from mmc ...; run mmcargs; bootm ${loadaddr}
nandboot=echo Booting from nand ...; run nandargs; nand read ${loadaddr} 480000 500000; bootm ${loadaddr}
dieid#=7b4e000100000000015da3961501500d
ethact=DaVinci EMAC
filesize=F40000
ipaddr=192.168.1.9
oldbootcmd=if mmc init; then if run loadbootscript; then run bootscript; else if run loaduimage; then run mmcboot; else run nandboot; fi; fi; else run nandboot; fi
mmcargs=setenv bootargs console=ttyS2,115200n8 root=/dev/mmcblk0p2 rw rootfstype=ext3 rootwait eth=08:00:28:10:66:80 ip=dhcp earlyprintk
console=ttyO2,115200n8
bootfile=/tftpboot/kernel/uImage.am3517-craneboard
bootdelay=15
ethaddr=08:00:28:10:66:80
bootargs=console=ttyO2,115200n8 earlyprintk rootwait nohlt 
bootcmd=
autoload=no
serverip=192.168.1.254
Environment size: 1090/131068 bytes
AM3517_CRANE # 
- 05:51:29 [INFO] Host: printenv
- 05:51:29 [INFO] Target: 
printenv
baudrate=115200
loadaddr=0x82000000
nandargs=setenv bootargs console=${console} root=/dev/mtdblock4 rw rootfstype=jffs2 eth=${ethaddr} ip=dhcp
loadbootscript=fatload mmc 0 ${loadaddr} boot.scr
bootscript=echo Running bootscript from mmc ...; source ${loadaddr}
loaduimage=fatload mmc 0 ${loadaddr} uImage
mmcboot=echo Booting from mmc ...; run mmcargs; bootm ${loadaddr}
nandboot=echo Booting from nand ...; run nandargs; nand read ${loadaddr} 480000 500000; bootm ${loadaddr}
dieid#=7b4e000100000000015da3961501500d
ethact=DaVinci EMAC
filesize=F40000
ipaddr=192.168.1.9
oldbootcmd=if mmc init; then if run loadbootscript; then run bootscript; else if run loaduimage; then run mmcboot; else run nandboot; fi; fi; else run nandboot; fi
mmcargs=setenv bootargs console=ttyS2,115200n8 root=/dev/mmcblk0p2 rw rootfstype=ext3 rootwait eth=08:00:28:10:66:80 ip=dhcp earlyprintk
console=ttyO2,115200n8
bootfile=/tftpboot/kernel/uImage.am3517-craneboard
bootdelay=15
ethaddr=08:00:28:10:66:80
bootargs=console=ttyO2,115200n8 earlyprintk rootwait nohlt 
bootcmd=
autoload=no
serverip=192.168.1.254
Environment size: 1090/131068 bytes
AM3517_CRANE # 
- 05:51:29 [INFO] Host: setenv bootargs ''${bootargs}' ip=:::::eth0:dhcp '
- 05:51:29 [INFO] Target: 
setenv bootargs ''${bootargs}' ip=:::::eth0:dhcp '
AM3517_CRANE # 
- 05:51:29 [INFO] Host: setenv serverip '192.168.1.254'
- 05:51:29 [INFO] Target: 
setenv serverip '192.168.1.254'
AM3517_CRANE # 
- 05:51:29 [INFO] Host: setenv autoload 'no'
- 05:51:29 [INFO] Target: 
setenv autoload 'no'
AM3517_CRANE # 
- 05:51:29 [INFO] Host: dhcp
- 05:51:31 [INFO] Target: 
dhcp
BOOTP broadcast 1
DHCP client bound to address 192.168.1.160
AM3517_CRANE # 
- 05:51:31 [INFO] Host: tftp ${loadaddr} 192.168.1.254:vatf_craneboard/c6c6c74a3845d87473a0ff657a6f8e4d
- 05:51:36 [INFO] Target: 
tftp ${loadaddr} 192.168.1.254:vatf_craneboard/c6c6c74a3845d87473a0ff657a6f8e4d
Using DaVinci EMAC device
TFTP from server 192.168.1.254; our IP address is 192.168.1.160
Filename 'vatf_craneboard/c6c6c74a3845d87473a0ff657a6f8e4d'.
Load address: 0x82000000
Loading: *#################################################################
	 #################################################################
	 #################################################################
	 #################################################################
	 #################################################################
	 #################################################################
	 #################################################################
	 #################################################################
	 #################################################################
	 #################################################################
	 #############################################################
done
Bytes transferred = 3637614 (37816e hex)
AM3517_CRANE # 
- 05:51:36 [INFO] Host: ls mmc 0:1
- 05:51:36 [INFO] Target: 
ls mmc 0:1
ls - list files in a directory (default /)
Usage:
ls [ directory ]
AM3517_CRANE # 
- 05:51:36 [INFO] Host: ls mmc 0:2
- 05:51:36 [INFO] Target: 
ls mmc 0:2
ls - list files in a directory (default /)
Usage:
ls [ directory ]
AM3517_CRANE # 
- 05:51:36 [INFO] Host: ls mmc 0:3
- 05:51:36 [INFO] Target: 
ls mmc 0:3
ls - list files in a directory (default /)
Usage:
ls [ directory ]
AM3517_CRANE # 
- 05:51:36 [INFO] Host: ls mmc 0:4
- 05:51:36 [INFO] Target: 
ls mmc 0:4
ls - list files in a directory (default /)
Usage:
ls [ directory ]
AM3517_CRANE # 
- 05:51:36 [INFO] Host: ls mmc 0:5
- 05:51:36 [INFO] Target: 
ls mmc 0:5
ls - list files in a directory (default /)
Usage:
ls [ directory ]
AM3517_CRANE # 
- 05:51:36 [INFO] Host: part uuid mmc 0:
- 05:51:36 [INFO] Target: 
part uuid mmc 0:
Unknown command 'part' - try 'help'
AM3517_CRANE # 
- 05:51:36 [INFO] Host: printenv
- 05:51:36 [INFO] Target: 
printenv
baudrate=115200
loadaddr=0x82000000
nandargs=setenv bootargs console=${console} root=/dev/mtdblock4 rw rootfstype=jffs2 eth=${ethaddr} ip=dhcp
loadbootscript=fatload mmc 0 ${loadaddr} boot.scr
bootscript=echo Running bootscript from mmc ...; source ${loadaddr}
loaduimage=fatload mmc 0 ${loadaddr} uImage
mmcboot=echo Booting from mmc ...; run mmcargs; bootm ${loadaddr}
nandboot=echo Booting from nand ...; run nandargs; nand read ${loadaddr} 480000 500000; bootm ${loadaddr}
dieid#=7b4e000100000000015da3961501500d
ethact=DaVinci EMAC
oldbootcmd=if mmc init; then if run loadbootscript; then run bootscript; else if run loaduimage; then run mmcboot; else run nandboot; fi; fi; else run nandboot; fi
mmcargs=setenv bootargs console=ttyS2,115200n8 root=/dev/mmcblk0p2 rw rootfstype=ext3 rootwait eth=08:00:28:10:66:80 ip=dhcp earlyprintk
console=ttyO2,115200n8
bootdelay=15
ethaddr=08:00:28:10:66:80
bootcmd=
bootargs=console=ttyO2,115200n8 earlyprintk rootwait nohlt ip=:::::eth0:dhcp
autoload=no
bootfile=/tftpboot/kernel/uImage.am3517-craneboard
filesize=37816E
fileaddr=82000000
netmask=255.255.255.0
ipaddr=192.168.1.160
serverip=192.168.1.254
dnsip=192.0.2.2
dnsip2=192.0.2.3
Environment size: 1182/131068 bytes
AM3517_CRANE # 
- 05:51:36 [INFO] Host: setenv bootargs ''${bootargs}' root=/dev/mmcblk0p2 rw rootfstype=ext3 rootwait '
- 05:51:36 [INFO] Target: 
setenv bootargs ''${bootargs}' root=/dev/mmcblk0p2 rw rootfstype=ext3 rootwait '
AM3517_CRANE # 
- 05:51:36 [INFO] Host: printenv
- 05:51:37 [INFO] Target: 
printenv
baudrate=115200
loadaddr=0x82000000
nandargs=setenv bootargs console=${console} root=/dev/mtdblock4 rw rootfstype=jffs2 eth=${ethaddr} ip=dhcp
loadbootscript=fatload mmc 0 ${loadaddr} boot.scr
bootscript=echo Running bootscript from mmc ...; source ${loadaddr}
loaduimage=fatload mmc 0 ${loadaddr} uImage
mmcboot=echo Booting from mmc ...; run mmcargs; bootm ${loadaddr}
nandboot=echo Booting from nand ...; run nandargs; nand read ${loadaddr} 480000 500000; bootm ${loadaddr}
dieid#=7b4e000100000000015da3961501500d
ethact=DaVinci EMAC
oldbootcmd=if mmc init; then if run loadbootscript; then run bootscript; else if run loaduimage; then run mmcboot; else run nandboot; fi; fi; else run nandboot; fi
mmcargs=setenv bootargs console=ttyS2,115200n8 root=/dev/mmcblk0p2 rw rootfstype=ext3 rootwait eth=08:00:28:10:66:80 ip=dhcp earlyprintk
console=ttyO2,115200n8
bootdelay=15
ethaddr=08:00:28:10:66:80
bootcmd=
autoload=no
bootfile=/tftpboot/kernel/uImage.am3517-craneboard
filesize=37816E
fileaddr=82000000
netmask=255.255.255.0
ipaddr=192.168.1.160
serverip=192.168.1.254
dnsip=192.0.2.2
dnsip2=192.0.2.3
bootargs=console=ttyO2,115200n8 earlyprintk rootwait nohlt ip=:::::eth0:dhcp root=/dev/mmcblk0p2 rw rootfstype=ext3 rootwait
Environment size: 1230/131068 bytes
AM3517_CRANE # 
- 05:51:37 [INFO] Host: setenv bootcmd ''${bootcmd}' if iminfo ${loadaddr}; then bootm ${loadaddr}  ; else bootz ${loadaddr}  ; bootm ${loadaddr}  ; fi'
- 05:51:37 [INFO] Target: 
setenv bootcmd ''${bootcmd}' if iminfo ${loadaddr}; then bootm ${loadaddr}  ; else bootz ${loadaddr}  ; bootm ${loadaddr}  ; fi'
AM3517_CRANE # 
- 05:51:37 [INFO] Host: version
- 05:51:37 [INFO] Target: 
version
U-Boot 2009.11-00005-ge83d2db (Dec 07 2010 - 11:55:34)
AM3517_CRANE # 
- 05:51:37 [INFO] Host: bdinfo
- 05:51:37 [INFO] Target: 
bdinfo
arch_number = 0x00000B74
env_t       = 0x00000000
boot_params = 0x80000100
DRAM bank   = 0x00000000
-> start    = 0x80000000
-> size     = 0x10000000
DRAM bank   = 0x00000001
-> start    = 0x80000000
-> size     = 0x00000000
ethaddr     = 08:00:28:10:66:80
ip_addr     = 192.168.1.160
baudrate    = 115200 bps
AM3517_CRANE # 
- 05:51:37 [INFO] Host: mmc init; echo $?
- 05:51:37 [INFO] Target: 
mmc init; echo $?
mmc1 is available
AM3517_CRANE # 
- 05:51:37 [INFO] Host: fatwrite mmc 0:1 ${loadaddr} ws-calibrate.rules 4
- 05:51:37 [INFO] Target: 
fatwrite mmc 0:1 ${loadaddr} ws-calibrate.rules 4
Unknown command 'fatwrite' - try 'help'
AM3517_CRANE # 
- 05:51:37 [INFO] Host: boot
- 05:52:25 [INFO] Target: 
boot
Unknown command 'iminfo' - try 'help'
Unknown command 'bootz' - try 'help'
## Booting kernel from Legacy Image at 82000000 ...
   Image Name:   Linux-4.3.0-rc5-next-20151016-00
   Image Type:   ARM Linux Kernel Image (uncompressed)
   Data Size:    3637550 Bytes =  3.5 MB
   Load Address: 80800000
   Entry Point:  80800000
   Verifying Checksum ... OK
   Loading Kernel Image ... OK
Starting kernel ...
[    0.000000] Booting Linux on physical CPU 0x0
[    0.000000] Initializing cgroup subsys cpuset
[    0.000000] Initializing cgroup subsys cpu
[    0.000000] Initializing cgroup subsys cpuacct
[    0.000000] Linux version 4.3.0-rc5-next-20151016-00002-g799c6f8e8b06 (nmenon@kahuna) (gcc version 4.6.3 (Ubuntu/Linaro 4.6.3-1ubuntu5) ) #1 SMP Fri Oct 16 05:47:43 CDT 2015
[    0.000000] CPU: ARMv7 Processor [411fc087] revision 7 (ARMv7), cr=10c5387d
[    0.000000] CPU: PIPT / VIPT nonaliasing data cache, VIPT nonaliasing instruction cache
[    0.000000] Machine model: TI AM3517 CraneBoard (TMDSEVM3517)
[    0.000000] cma: Reserved 16 MiB at 0x8e800000
[    0.000000] Memory policy: Data cache writeback
[    0.000000] CPU: All CPU(s) started in SVC mode.
[    0.000000] AM3517 ES1.1 (l2cache sgx neon )
[    0.000000] PERCPU: Embedded 14 pages/cpu @cfb41000 s25152 r8192 d24000 u57344
[    0.000000] Built 1 zonelists in Zone order, mobility grouping on.  Total pages: 64448
[    0.000000] Kernel command line: console=ttyO2,115200n8 earlyprintk rootwait nohlt ip=:::::eth0:dhcp root=/dev/mmcblk0p2 rw rootfstype=ext3 rootwait
[    0.000000] PID hash table entries: 1024 (order: 0, 4096 bytes)
[    0.000000] Dentry cache hash table entries: 32768 (order: 5, 131072 bytes)
[    0.000000] Inode-cache hash table entries: 16384 (order: 4, 65536 bytes)
[    0.000000] Memory: 222328K/260096K available (6601K kernel code, 746K rwdata, 2232K rodata, 452K init, 8263K bss, 21384K reserved, 16384K cma-reserved, 0K highmem)
[    0.000000] Virtual kernel memory layout:
[    0.000000]     vector  : 0xffff0000 - 0xffff1000   (   4 kB)
[    0.000000]     fixmap  : 0xffc00000 - 0xfff00000   (3072 kB)
[    0.000000]     vmalloc : 0xd0800000 - 0xff800000   ( 752 MB)
[    0.000000]     lowmem  : 0xc0000000 - 0xd0000000   ( 256 MB)
[    0.000000]     pkmap   : 0xbfe00000 - 0xc0000000   (   2 MB)
[    0.000000]     modules : 0xbf000000 - 0xbfe00000   (  14 MB)
[    0.000000]       .text : 0xc0008000 - 0xc08a8740   (8834 kB)
[    0.000000]       .init : 0xc08a9000 - 0xc091a000   ( 452 kB)
[    0.000000]       .data : 0xc091a000 - 0xc09d4978   ( 747 kB)
[    0.000000]        .bss : 0xc09d7000 - 0xc11e8ee8   (8264 kB)
[    0.000000] Running RCU self tests
[    0.000000] Hierarchical RCU implementation.
[    0.000000] 	RCU lockdep checking is enabled.
[    0.000000] 	Build-time adjustment of leaf fanout to 32.
[    0.000000] 	RCU restricting CPUs from NR_CPUS=2 to nr_cpu_ids=1.
[    0.000000] RCU: Adjusting geometry for rcu_fanout_leaf=32, nr_cpu_ids=1
[    0.000000] NR_IRQS:16 nr_irqs:16 16
[    0.000000] IRQ: Found an INTC at 0xfa200000 (revision 4.0) with 96 interrupts
[    0.000000] Clocking rate (Crystal/Core/MPU): 26.0/332/500 MHz
[    0.000000] OMAP clockevent source: timer2 at 13000000 Hz
[    0.000033] sched_clock: 32 bits at 13MHz, resolution 76ns, wraps every 165191050201ns
[    0.000078] clocksource: timer1: mask: 0xffffffff max_cycles: 0xffffffff, max_idle_ns: 147020034397 ns
[    0.000191] OMAP clocksource: timer1 at 13000000 Hz
[    0.001900] Console: colour dummy device 80x30
[    0.002013] Lock dependency validator: Copyright (c) 2006 Red Hat, Inc., Ingo Molnar
[    0.002033] ... MAX_LOCKDEP_SUBCLASSES:  8
[    0.002051] ... MAX_LOCK_DEPTH:          48
[    0.002067] ... MAX_LOCKDEP_KEYS:        8191
[    0.002084] ... CLASSHASH_SIZE:          4096
[    0.002100] ... MAX_LOCKDEP_ENTRIES:     32768
[    0.002116] ... MAX_LOCKDEP_CHAINS:      65536
[    0.002131] ... CHAINHASH_SIZE:          32768
[    0.002147]  memory used by lock dependency info: 5167 kB
[    0.002164]  per task-struct memory footprint: 1536 bytes
[    0.002212] Calibrating delay loop... 496.43 BogoMIPS (lpj=2482176)
[    0.095007] pid_max: default: 32768 minimum: 301
[    0.095759] Security Framework initialized
[    0.096035] Mount-cache hash table entries: 1024 (order: 0, 4096 bytes)
[    0.096066] Mountpoint-cache hash table entries: 1024 (order: 0, 4096 bytes)
[    0.102249] Initializing cgroup subsys io
[    0.102491] Initializing cgroup subsys memory
[    0.102679] Initializing cgroup subsys devices
[    0.102859] Initializing cgroup subsys freezer
[    0.103111] Initializing cgroup subsys perf_event
[    0.103246] CPU: Testing write buffer coherency: ok
[    0.106139] CPU0: thread -1, cpu 0, socket -1, mpidr 0
[    0.106383] Setting up static identity map for 0x80008280 - 0x800082f0
[    0.114097] Brought up 1 CPUs
[    0.114138] SMP: Total of 1 processors activated (496.43 BogoMIPS).
[    0.114159] CPU: All CPU(s) started in SVC mode.
[    0.122371] devtmpfs: initialized
[    0.259925] VFP support v0.3: implementor 41 architecture 3 part 30 variant c rev 1
[    0.352291] omap_hwmod: mcbsp2_sidetone using broken dt data from mcbsp
[    0.354939] omap_hwmod: mcbsp3_sidetone using broken dt data from mcbsp
[    0.461322] clocksource: jiffies: mask: 0xffffffff max_cycles: 0xffffffff, max_idle_ns: 19112604462750000 ns
[    0.465625] pinctrl core: initialized pinctrl subsystem
[    0.476122] NET: Registered protocol family 16
[    0.488485] DMA: preallocated 256 KiB pool for atomic coherent allocations
[    0.492721] cpuidle: using governor ladder
[    0.492786] cpuidle: using governor menu
[    0.493836] Reprogramming SDRC clock to 332000000 Hz
[    0.504859] platform 480c5000.aes: Cannot lookup hwmod 'aes'
[    0.532223] platform 480c3000.sham: Cannot lookup hwmod 'sham'
[    0.533400] platform 480cb000.smartreflex: Cannot lookup hwmod 'smartreflex_core'
[    0.549957] platform 480ab000.usb_otg_hs: Cannot lookup hwmod 'usb_otg_hs'
[    0.555708] No ATAGs?
[    0.555767] hw-breakpoint: debug architecture 0x4 unsupported.
[    0.558152] omap4_sram_init:Unable to allocate sram needed to handle errata I688
[    0.558197] omap4_sram_init:Unable to get sram pool needed to handle errata I688
[    0.560452] OMAP DMA hardware revision 4.0
[    0.619154] SCSI subsystem initialized
[    0.623092] pps_core: LinuxPPS API ver. 1 registered
[    0.623120] pps_core: Software ver. 5.3.6 - Copyright 2005-2007 Rodolfo Giometti <giometti@linux.it>
[    0.623248] PTP clock support registered
[    0.631477] clocksource: Switched to clocksource timer1
[    0.938008] NET: Registered protocol family 2
[    0.942069] TCP established hash table entries: 2048 (order: 1, 8192 bytes)
[    0.942211] TCP bind hash table entries: 2048 (order: 4, 73728 bytes)
[    0.943556] TCP: Hash tables configured (established 2048 bind 2048)
[    0.943993] UDP hash table entries: 256 (order: 2, 20480 bytes)
[    0.944379] UDP-Lite hash table entries: 256 (order: 2, 20480 bytes)
[    0.946272] NET: Registered protocol family 1
[    0.949441] RPC: Registered named UNIX socket transport module.
[    0.949484] RPC: Registered udp transport module.
[    0.949507] RPC: Registered tcp transport module.
[    0.949528] RPC: Registered tcp NFSv4.1 backchannel transport module.
[    0.961044] futex hash table entries: 256 (order: 2, 16384 bytes)
[    0.961782] audit: initializing netlink subsys (disabled)
[    0.962250] audit: type=2000 audit(0.960:1): initialized
[    0.969620] VFS: Disk quotas dquot_6.6.0
[    0.969908] VFS: Dquot-cache hash table entries: 1024 (order 0, 4096 bytes)
[    0.975155] NFS: Registering the id_resolver key type
[    0.975901] Key type id_resolver registered
[    0.975936] Key type id_legacy registered
[    0.976331] jffs2: version 2.2. (NAND) (SUMMARY)   2001-2006 Red Hat, Inc.
[    0.987779] io scheduler noop registered
[    0.987847] io scheduler deadline registered
[    0.987965] io scheduler cfq registered (default)
[    0.995848] Serial: 8250/16550 driver, 4 ports, IRQ sharing enabled
[    1.087366] brd: module loaded
[    1.133858] loop: module loaded
[    1.139082] mtdoops: mtd device (mtddev=name/number) must be supplied
[    1.152254] mousedev: PS/2 mouse device common for all mice
[    1.152323] i2c /dev entries driver
[    1.154840] ledtrig-cpu: registered to indicate activity on CPUs
[    1.157159] oprofile: no performance counters
[    1.159614] oprofile: using timer interrupt.
[    1.161000] Initializing XFRM netlink socket
[    1.162199] NET: Registered protocol family 10
[    1.167572] sit: IPv6 over IPv4 tunneling driver
[    1.172571] NET: Registered protocol family 17
[    1.172753] NET: Registered protocol family 15
[    1.173438] Key type dns_resolver registered
[    1.173920] omap2_set_init_voltage: unable to find boot up OPP for vdd_mpu_iva
[    1.173948] omap2_set_init_voltage: unable to set vdd_mpu_iva
[    1.174015] omap2_set_init_voltage: unable to find boot up OPP for vdd_core
[    1.174037] omap2_set_init_voltage: unable to set vdd_core
[    1.176107] PM: no software I/O chain control; some wakeups may be lost
[    1.176216] pm: Failed to request pm_wkup irq
[    1.176337] ThumbEE CPU extension supported.
[    1.176431] Registering SWP/SWPB emulation handler
[    1.176484] SmartReflex Class3 initialized
[    1.188728] Address Hole seen by USB_OTG  at address 4deb67bc
[    1.188768] ------------[ cut here ]------------
[    1.188825] WARNING: CPU: 0 PID: 6 at drivers/bus/omap_l3_smx.c:166 omap3_l3_app_irq+0x100/0x128()
[    1.188845] Modules linked in:
[    1.188886] CPU: 0 PID: 6 Comm: kworker/u2:0 Not tainted 4.3.0-rc5-next-20151016-00002-g799c6f8e8b06 #1
[    1.188906] Hardware name: Generic AM3517 (Flattened Device Tree)
[    1.188943] Workqueue: deferwq deferred_probe_work_func
[    1.189016] [<c0016e64>] (unwind_backtrace) from [<c0013180>] (show_stack+0x10/0x14)
[    1.189055] [<c0013180>] (show_stack) from [<c03485f0>] (dump_stack+0x78/0x94)
[    1.189101] [<c03485f0>] (dump_stack) from [<c003c2ec>] (warn_slowpath_common+0x7c/0xb4)
[    1.189138] [<c003c2ec>] (warn_slowpath_common) from [<c003c340>] (warn_slowpath_null+0x1c/0x24)
[    1.189175] [<c003c340>] (warn_slowpath_null) from [<c0375284>] (omap3_l3_app_irq+0x100/0x128)
[    1.189214] [<c0375284>] (omap3_l3_app_irq) from [<c0099650>] (handle_irq_event_percpu+0x68/0x22c)
[    1.189246] [<c0099650>] (handle_irq_event_percpu) from [<c009984c>] (handle_irq_event+0x38/0x5c)
[    1.189281] [<c009984c>] (handle_irq_event) from [<c009ca68>] (handle_level_irq+0xc0/0x150)
[    1.189312] [<c009ca68>] (handle_level_irq) from [<c0098ef4>] (generic_handle_irq+0x18/0x28)
[    1.189342] [<c0098ef4>] (generic_handle_irq) from [<c0099008>] (__handle_domain_irq+0x64/0xd8)
[    1.189383] [<c0099008>] (__handle_domain_irq) from [<c0643a38>] (__irq_svc+0x58/0x78)
[    1.189419] [<c0643a38>] (__irq_svc) from [<c06435c0>] (_raw_spin_unlock_irqrestore+0x34/0x44)
[    1.189452] [<c06435c0>] (_raw_spin_unlock_irqrestore) from [<c009b49c>] (__setup_irq+0x490/0x5ac)
[    1.189483] [<c009b49c>] (__setup_irq) from [<c009b770>] (request_threaded_irq+0xd4/0x164)
[    1.189517] [<c009b770>] (request_threaded_irq) from [<c0375114>] (omap3_l3_probe+0xec/0x15c)
[    1.189554] [<c0375114>] (omap3_l3_probe) from [<c03e14fc>] (platform_drv_probe+0x50/0xa0)
[    1.189588] [<c03e14fc>] (platform_drv_probe) from [<c03dfd60>] (driver_probe_device+0x1e0/0x27c)
[    1.189632] [<c03dfd60>] (driver_probe_device) from [<c03de4d8>] (bus_for_each_drv+0x5c/0x88)
[    1.189665] [<c03de4d8>] (bus_for_each_drv) from [<c03dfafc>] (__device_attach+0xa4/0x104)
[    1.189694] [<c03dfafc>] (__device_attach) from [<c03df1e8>] (bus_probe_device+0x88/0x90)
[    1.189723] [<c03df1e8>] (bus_probe_device) from [<c03df62c>] (deferred_probe_work_func+0x64/0x94)
[    1.189761] [<c03df62c>] (deferred_probe_work_func) from [<c00559b4>] (process_one_work+0x1b0/0x4c8)
[    1.189793] [<c00559b4>] (process_one_work) from [<c0055e58>] (worker_thread+0x154/0x460)
[    1.189834] [<c0055e58>] (worker_thread) from [<c005b7a0>] (kthread+0xd4/0xf0)
[    1.189870] [<c005b7a0>] (kthread) from [<c000f710>] (ret_from_fork+0x14/0x24)
[    1.189894] ---[ end trace 737e34a55ec20010 ]---
[    1.196486] OMAP GPIO hardware version 2.5
[    1.216889] omap-gpmc 6e000000.gpmc: GPMC revision 5.0
[    1.217320] gpmc_mem_init: disabling cs 0 mapped at 0x0-0x1000000
[    1.239922] omap-dma-engine 48056000.dma-controller: OMAP DMA engine driver
[    1.255627] pinctrl-single 48002030.pinmux: 284 pins at pa fa002030 size 568
[    1.334260] omap_i2c 48070000.i2c: bus 0 rev3.3 at 2600 kHz
[    1.337459] hw perfevents: enabled with armv7_cortex_a8 PMU driver, 5 counters available
[    1.347172] pinctrl-single 48002a00.pinmux: 46 pins at pa fa002a00 size 92
[    1.348504] pinctrl-single 480025d8.pinmux: 18 pins at pa fa0025d8 size 36
[    1.352151] omap_uart 4806a000.serial: no wakeirq for uart0
[    1.353263] 4806a000.serial: ttyO0 at MMIO 0x4806a000 (irq = 88, base_baud = 3000000) is a OMAP UART0
[    1.358563] omap_uart 4806c000.serial: no wakeirq for uart1
[    1.359434] 4806c000.serial: ttyO1 at MMIO 0x4806c000 (irq = 89, base_baud = 3000000) is a OMAP UART1
[    1.363019] omap_uart 49020000.serial: no wakeirq for uart2
[    1.363742] 49020000.serial: ttyO2 at MMIO 0x49020000 (irq = 90, base_baud = 3000000) is a OMAP UART2
[    2.588836] console [ttyO2] enabled
[    2.661479] davinci_mdio davinci_mdio.0: davinci mdio revision 1.5
[    2.668053] davinci_mdio davinci_mdio.0: detected phy mask fffffffe
[    2.681775] libphy: davinci_mdio.0: probed
[    2.686163] davinci_mdio davinci_mdio.0: phy[0]: device davinci_mdio.0:00, driver SMSC LAN8710/LAN8720
[    2.700610] vdd_shv: supplied by vbat
[    2.709676] vdd_shv: voltage operation not allowed
[    2.714955] omap_hsmmc 4809c000.mmc: could not set regulator OCR (-1)
[    2.766595] davinci_emac davinci_emac.0: using random MAC addr: 36:25:4a:4f:25:cc
[    2.781921] hctosys: unable to open rtc device (rtc0)
[    2.787310] sr_init: No PMIC hook to init smartreflex
[    2.793245] sr_init: platform driver register failed for SR
[    2.907088] davinci_mdio davinci_mdio.0: resetting idled controller
[    2.914857] net eth0: attached PHY driver [SMSC LAN8710/LAN8720] (mii_bus:phy_addr=davinci_mdio.0:00, id=7c0f1)
[    2.925925] IPv6: ADDRCONF(NETDEV_UP): eth0: link is not ready
[    2.971156] mmc0: host does not support reading read-only switch, assuming write-enable
[    2.982797] mmc0: new high speed SDHC card at address 1234
[    2.994372] mmcblk0: mmc0:1234 SA04G 3.63 GiB 
[    3.007066]  mmcblk0: p1 p2
[    5.931679] davinci_emac davinci_emac.0 eth0: Link is Up - 100Mbps/Full - flow control rx/tx
[    5.940905] IPv6: ADDRCONF(NETDEV_CHANGE): eth0: link becomes ready
[    5.951409] Sending DHCP requests ., OK
[    7.001923] IP-Config: Got DHCP answer from 192.168.1.254, my address is 192.168.1.174
[    7.011580] IP-Config: Complete:
[    7.015000]      device=eth0, hwaddr=36:25:4a:4f:25:cc, ipaddr=192.168.1.174, mask=255.255.255.0, gw=192.168.1.254
[    7.025929]      host=192.168.1.174, domain=tidfarm-05.internal.ti.com, nis-domain=(none)
[    7.034655]      bootserver=192.168.1.254, rootserver=192.168.1.254, rootpath=
[    7.042186]      nameserver0=192.0.2.2, nameserver1=192.0.2.3
[    7.067328] EXT4-fs (mmcblk0p2): mounting ext3 file system using the ext4 subsystem
[    7.115681] EXT4-fs (mmcblk0p2): mounted filesystem with ordered data mode. Opts: (null)
[    7.124719] VFS: Mounted root (ext3 filesystem) on device 179:2.
[    7.148163] devtmpfs: mounted
[    7.153306] Freeing unused kernel memory: 452K (c08a9000 - c091a000)
INIT: version 2.88 booting
Error opening /dev/fb0: No such file or directory
/dev/ttyO2 linked to /dev/tty-bd - using as console
Starting udev
[    9.110907] udevd[118]: starting version 182
udevd[118]: worker [129] terminated by signal 11 (Segmentation fault)
udevd[118]: worker [129] failed while handling '/devices/platform/68000000.ocp/48062000.usbhstll'
udevd[118]: worker [136] terminated by signal 11 (Segmentation fault)
udevd[118]: worker [136] failed while handling '/devices/platform/68000000.ocp/48088000.timer'
udevd[118]: worker [137] terminated by signal 11 (Segmentation fault)
udevd[118]: worker [137] failed while handling '/devices/platform/68000000.ocp/48098000.spi'
udevd[118]: worker [148] terminated by signal 11 (Segmentation fault)
udevd[118]: worker [148] failed while handling '/devices/platform/68000000.ocp/480ba000.spi'
udevd[118]: worker [158] terminated by signal 11 (Segmentation fault)
udevd[118]: worker [158] failed while handling '/devices/platform/68000000.ocp/48304000.timer'
udevd[118]: worker [169] terminated by signal 11 (Segmentation fault)
udevd[118]: worker [169] failed while handling '/devices/platform/68000000.ocp/48056000.dma-controller/dma/dma0chan19'
udevd[118]: worker [173] terminated by signal 11 (Segmentation fault)
udevd[118]: worker [173] failed while handling '/devices/platform/68000000.ocp/48056000.dma-controller/dma/dma0chan22'
udevd[118]: worker [179] terminated by signal 11 (Segmentation fault)
udevd[118]: worker [179] failed while handling '/devices/platform/68000000.ocp/48056000.dma-controller/dma/dma0chan28'
udevd[118]: worker [185] terminated by signal 11 (Segmentation fault)
udevd[118]: worker [185] failed while handling '/devices/platform/68000000.ocp/48056000.dma-controller/dma/dma0chan5'
udevd[118]: worker [188] terminated by signal 11 (Segmentation fault)
udevd[118]: worker [188] failed while handling '/devices/platform/68000000.ocp/48056000.dma-controller/dma/dma0chan8'
udevd[118]: worker [191] terminated by signal 11 (Segmentation fault)
udevd[118]: worker [191] failed while handling '/devices/platform/68000000.ocp/4806c000.serial/tty/ttyO1'
[   19.944699] FAT-fs (mmcblk0p1): Volume was not properly unmounted. Some data may be corrupt. Please run fsck.
ERROR: could not open directory /lib/modules/4.3.0-rc5-next-20151016-00002-g799c6f8e8b06: No such file or directory
WARNING: -e needs -E or -F
ERROR: could not open directory /lib/modules/4.3.0-rc5-next-20151016-00002-g799c6f8e8b06: No such file or directory
FATAL: could not search modules: No such file or directory
Starting Bootlog daemon: bootlogd: cannot allocate pseudo tty: No such file or directory
bootlogd.
[   21.064041] EXT4-fs (mmcblk0p2): re-mounted. Opts: data=ordered
[   21.279356] random: dd urandom read with 76 bits of entropy available
ALSA: Restoring mixer settings...
/usr/sbin/alsactl: load_state:1696: No soundcards found...
Configuring network interfaces... udhcpc (v1.20.2) started
Sending discover...
Sending select for 192.168.1.174...
Lease of 192.168.1.174 obtained, lease time 600
/etc/udhcpc.d/50default: Adding DNS 192.0.2.2
/etc/udhcpc.d/50default: Adding DNS 192.0.2.3
done.
hwclock: can't open '/dev/misc/rtc': No such file or directory
Sun Sep 27 01:51:00 UTC 2015
hwclock: can't open '/dev/misc/rtc': No such file or directory
INIT: Entering runlevel: 3
/dev/ttyO2 linked to /dev/tty-bd - using as console
Starting system message bus: dbus.
Starting Dropbear SSH server: dropbear.
Starting telnet daemon.
hwclock: can't open '/dev/misc/rtc': No such file or directory
Starting syslogd/klogd: done
Starting thttpd.
Starting Lighttpd Web Server: lighttpd.
2015-09-27 01:51:01: (log.c.166) server started 
[   36.563312] random: nonblocking pool is initialized
***************************************************************
***************************************************************
NOTICE: This file system contains the followin GPLv3 packages:
	binutils-symlinks
	binutils
	gdbserver
	parted
If you do not wish to distribute GPLv3 components please remove
the above packages prior to distribution.  This can be done using
the opkg remove command.  i.e.:
    opkg remove <package>
Where <package> is the name printed in the list above
NOTE: If the package is a dependency of another package you
      will be notified of the dependent packages.  You should
      use the --force-removal-of-dependent-packages option to
      also remove the dependent packages as well
***************************************************************
***************************************************************
Stopping Bootlog daemon: bootlogd.
 _____                    _____           _         _   
|  _  |___ ___ ___ ___   |  _  |___ ___  |_|___ ___| |_ 
|     |  _| .'| . | . |  |   __|  _| . | | | -_|  _|  _|
|__|__|_| |__,|_  |___|  |__|  |_| |___|_| |___|___|_|  
              |___|                    |___|            
Arago Project http://arago-project.org GenericAM3517(FlattenedDeviceTree) tty-bd
Arago 2013.12 GenericAM3517(FlattenedDeviceTree) tty-bd
GenericAM3517(FlattenedDeviceTree) login: 
- 05:52:25 [INFO] Host: root
- 05:52:25 [INFO] Target: 
root
root@GenericAM3517(FlattenedDeviceTree):~# 
- 05:52:25 [INFO] Host: uname -a
- 05:52:25 [INFO] Target: 
uname -a
Linux GenericAM3517(FlattenedDeviceTree) 4.3.0-rc5-next-20151016-00002-g799c6f8e8b06 #1 SMP Fri Oct 16 05:47:43 CDT 2015 armv7l GNU/Linux
root@GenericAM3517(FlattenedDeviceTree):~# 
- 05:52:25 [INFO] Host: cat /proc/cmdline
- 05:52:25 [INFO] Target: 
cat /proc/cmdline
console=ttyO2,115200n8 earlyprintk rootwait nohlt ip=:::::eth0:dhcp root=/dev/mmcblk0p2 rw rootfstype=ext3 rootwait
root@GenericAM3517(FlattenedDeviceTree):~# 
- 05:52:25 [INFO] Host: uname -a
- 05:52:25 [INFO] Target: 
uname -a
Linux GenericAM3517(FlattenedDeviceTree) 4.3.0-rc5-next-20151016-00002-g799c6f8e8b06 #1 SMP Fri Oct 16 05:47:43 CDT 2015 armv7l GNU/Linux
root@GenericAM3517(FlattenedDeviceTree):~# 
- 05:52:25 [INFO] Host: cat /proc/mtd
- 05:52:25 [INFO] Target: 
cat /proc/mtd
dev:    size   erasesize  name
root@GenericAM3517(FlattenedDeviceTree):~# 
- 05:52:32 [INFO] Host: export IPERFHOST=192.168.1.254
- 05:52:32 [INFO] Target: 
export IPERFHOST=192.168.1.254
root@GenericAM3517(FlattenedDeviceTree):~# 
- 05:52:32 [INFO] Host: export NFS_SERVER=192.168.1.254
- 05:52:32 [INFO] Target: 
export NFS_SERVER=192.168.1.254
root@GenericAM3517(FlattenedDeviceTree):~# 
- 05:52:32 [INFO] Host: export NFS_ROOT_PATH=/home/NFS_exports/crane
- 05:52:32 [INFO] Target: 
export NFS_ROOT_PATH=/home/NFS_export 
s/crane
root@GenericAM3517(FlattenedDeviceTree):~# 
- 05:52:32 [INFO] Host: export AP_SSID=
- 05:52:32 [INFO] Target: 
export AP_SSID=
root@GenericAM3517(FlattenedDeviceTree):~# 
- 05:52:32 [INFO] Host: mkdir -p -m 777 /test
- 05:52:33 [INFO] Target: 
mkdir -p -m 777 /test
root@GenericAM3517(FlattenedDeviceTree):~# 
- 05:52:33 [INFO] Host: cd /test
- 05:52:33 [INFO] Target: 
cd /test
root@GenericAM3517(FlattenedDeviceTree):/test# 
- 05:52:33 [INFO] Host: cat > test.sh << EOF
- 05:52:33 [INFO] Target: 
cat > test.sh << EOF
- 05:52:33 [INFO] Host: failtest() {
- 05:52:33 [INFO] Target: 
failtest() {
- 05:52:33 [INFO] Host:   echo 1 >&3
- 05:52:33 [INFO] Target: 
  echo 1 >&3
- 05:52:33 [INFO] Host: }
- 05:52:33 [INFO] Target: 
- 05:52:33 [INFO] Host: timeout=600
- 05:52:33 [INFO] Target: 
timeout=600
- 05:52:33 [INFO] Host: 
- 05:52:33 [INFO] Target: 
- 05:52:33 [INFO] Host: # Start of user's script logic
- 05:52:33 [INFO] Target: 
# Start of user's script logic
- 05:52:33 [INFO] Host: mount -t proc proc /proc 2>/dev/null;
- 05:52:33 [INFO] Target: 
mount -t proc proc /proc 2>/dev/null;
- 05:52:33 [INFO] Host: 
- 05:52:34 [INFO] Target: 
- 05:52:34 [INFO] Host: mount -t sysfs sys /sys 2>/dev/null;
- 05:52:34 [INFO] Target: 
mount -t sysfs sys /sys 2>/dev/null;
- 05:52:34 [INFO] Host: 
- 05:52:34 [INFO] Target: 
- 05:52:34 [INFO] Host: mount -t debugfs none /sys/kernel/debug 2>/dev/null;
- 05:52:34 [INFO] Target: 
mount -t debugfs none /sys/kernel/debug 2>/dev/null;
- 05:52:34 [INFO] Host: 
- 05:52:34 [INFO] Target: 
- 05:52:34 [INFO] Host: echo 'cpuinfo:';cat /proc/cpuinfo; echo '=======';
- 05:52:34 [INFO] Target: 
echo 'cpuinfo:';cat /proc/cpuinfo; echo '=======';
- 05:52:34 [INFO] Host: 
- 05:52:34 [INFO] Target: 
- 05:52:34 [INFO] Host: echo 'soc info:';head /sys/devices/soc0/* 2>/dev/null; echo '=======';
- 05:52:34 [INFO] Target: 
echo 'soc info:';head /sys/devices/soc0/* 2>/dev/null; echo '=======';
- 05:52:34 [INFO] Host: 
- 05:52:34 [INFO] Target: 
- 05:52:34 [INFO] Host: echo 'DT Model info'; head /proc/device-tree/name /proc/device-tree/model /proc/device-tree/compatible 2>/dev/null;echo; echo '=======';
- 05:52:34 [INFO] Target: 
echo 'DT Model info'; head /proc/device-tree/name /proc/device-tree/model /pro 
c/device-tree/compatible 2>/dev/null;echo; echo '=======';
- 05:52:34 [INFO] Host: 
- 05:52:35 [INFO] Target: 
- 05:52:35 [INFO] Host: echo 'interrupts:';cat /proc/interrupts; echo '=======';
- 05:52:35 [INFO] Target: 
echo 'interrupts:';cat /proc/interrupts; echo '=======';
- 05:52:35 [INFO] Host: 
- 05:52:35 [INFO] Target: 
- 05:52:35 [INFO] Host: echo 'Clk_summary:';cat /sys/kernel/debug/clk/clk_summary; echo '=======';
- 05:52:35 [INFO] Target: 
echo 'Clk_summary:';cat /sys/kernel/debug/clk/clk_summary; echo '=======';
- 05:52:35 [INFO] Host: 
- 05:52:35 [INFO] Target: 
- 05:52:35 [INFO] Host: echo "Available frequencies"; cat /sys/devices/system/cpu/cpu0/cpufreq/scaling_available_frequencies 2>/dev/null;echo '=======';
- 05:52:35 [INFO] Target: 
echo "Available frequencies"; cat /sys/devices/system/cpu/cpu0/cpufreq/scaling 
_available_frequencies 2>/dev/null;echo '=======';
- 05:52:35 [INFO] Host: 
- 05:52:35 [INFO] Target: 
- 05:52:35 [INFO] Host: TMPF=/tmp/a.\$\$; TMPF2=/tmp/b.\$\$; STR=""
- 05:52:35 [INFO] Target: 
TMPF=/tmp/a.\$\$; TMPF2=/tmp/b.\$\$; STR=""
- 05:52:35 [INFO] Host: 
- 05:52:35 [INFO] Target: 
- 05:52:35 [INFO] Host: cp /dev/kmsg \$TMPF &
- 05:52:35 [INFO] Target: 
cp /dev/kmsg \$TMPF &
- 05:52:35 [INFO] Host: 
- 05:52:36 [INFO] Target: 
- 05:52:36 [INFO] Host: PID=\$! ; sleep 5; kill -9 \$PID
- 05:52:36 [INFO] Target: 
PID=\$! ; sleep 5; kill -9 \$PID
- 05:52:36 [INFO] Host: 
- 05:52:36 [INFO] Target: 
- 05:52:36 [INFO] Host: 
- 05:52:36 [INFO] Target: 
- 05:52:36 [INFO] Host: 
- 05:52:36 [INFO] Target: 
- 05:52:36 [INFO] Host: cat \$TMPF|grep "^0">\$TMPF2; N=\`cat \$TMPF2|wc -l\`; if [ "\$N" -ne 0 ]; then STR="\$STR emerg=\$N";echo "===== EMERGE++";cat \$TMPF2|cut -d ';' -f2;echo "====="; fi
- 05:52:36 [INFO] Target: 
cat \$TMPF|grep "^0">\$TMPF2; N=\`cat \$TMPF2|wc -l\`; if [ "\$N" -ne 0 ]; the 
n STR="\$STR emerg=\$N";echo "===== EMERGE++";cat \$TMPF2|cut -d ';' -f2;echo "= 
===="; fi
- 05:52:36 [INFO] Host: 
- 05:52:36 [INFO] Target: 
- 05:52:36 [INFO] Host: cat \$TMPF|grep "^1">\$TMPF2; N=\`cat \$TMPF2|wc -l\`; if [ "\$N" -ne 0 ]; then STR="\$STR alert=\$N";echo "===== ALERT ==";cat \$TMPF2|cut -d ';' -f2;echo "====="; fi
- 05:52:36 [INFO] Target: 
cat \$TMPF|grep "^1">\$TMPF2; N=\`cat \$TMPF2|wc -l\`; if [ "\$N" -ne 0 ]; the 
n STR="\$STR alert=\$N";echo "===== ALERT ==";cat \$TMPF2|cut -d ';' -f2;echo "= 
===="; fi
- 05:52:36 [INFO] Host: 
- 05:52:36 [INFO] Target: 
- 05:52:36 [INFO] Host: cat \$TMPF|grep "^2">\$TMPF2; N=\`cat \$TMPF2|wc -l\`; if [ "\$N" -ne 0 ]; then STR="\$STR crit=\$N";echo "===== CRIT ==";cat \$TMPF2|cut -d ';' -f2;echo "====="; fi
- 05:52:36 [INFO] Target: 
cat \$TMPF|grep "^2">\$TMPF2; N=\`cat \$TMPF2|wc -l\`; if [ "\$N" -ne 0 ]; the 
n STR="\$STR crit=\$N";echo "===== CRIT ==";cat \$TMPF2|cut -d ';' -f2;echo "=== 
=="; fi
- 05:52:36 [INFO] Host: 
- 05:52:37 [INFO] Target: 
- 05:52:37 [INFO] Host: cat \$TMPF|grep "^3">\$TMPF2; N=\`cat \$TMPF2|wc -l\`; if [ "\$N" -ne 0 ]; then STR="\$STR err=\$N";echo "===== ERR ==";cat \$TMPF2|cut -d ';' -f2;echo "=====" ;fi
- 05:52:37 [INFO] Target: 
cat \$TMPF|grep "^3">\$TMPF2; N=\`cat \$TMPF2|wc -l\`; if [ "\$N" -ne 0 ]; the 
n STR="\$STR err=\$N";echo "===== ERR ==";cat \$TMPF2|cut -d ';' -f2;echo "===== 
" ;fi
- 05:52:37 [INFO] Host: 
- 05:52:37 [INFO] Target: 
- 05:52:37 [INFO] Host: cat \$TMPF|grep "^4">\$TMPF2; N=\`cat \$TMPF2|wc -l\`; if [ "\$N" -ne 0 ]; then STR="\$STR warn=\$N";echo "===== WARN ==";cat \$TMPF2|cut -d ';' -f2;echo "=====" ;fi
- 05:52:37 [INFO] Target: 
cat \$TMPF|grep "^4">\$TMPF2; N=\`cat \$TMPF2|wc -l\`; if [ "\$N" -ne 0 ]; the 
n STR="\$STR warn=\$N";echo "===== WARN ==";cat \$TMPF2|cut -d ';' -f2;echo "=== 
==" ;fi
- 05:52:37 [INFO] Host: 
- 05:52:37 [INFO] Target: 
- 05:52:37 [INFO] Host: rm \$TMPF \$TMPF2; echo "SUM""MARY RESULT: BOOT:" 'PASS: H''ello World' 'B''oard' "Booted" "Boot Log has::::\$STR:"
- 05:52:37 [INFO] Target: 
rm \$TMPF \$TMPF2; echo "SUM""MARY RESULT: BOOT:" 'PASS: H''ello World' 'B''oa 
rd' "Booted" "Boot Log has::::\$STR:"
- 05:52:37 [INFO] Host: 
- 05:52:37 [INFO] Target: 
- 05:52:37 [INFO] Host: EOF
- 05:52:37 [INFO] Target: 
root@GenericAM3517(FlattenedDeviceTree):/test# 
- 05:52:37 [INFO] Host: cd /test
- 05:52:37 [INFO] Target: 
cd /test
root@GenericAM3517(FlattenedDeviceTree):/test# 
- 05:52:37 [INFO] Host: chmod +x test.sh
- 05:52:37 [INFO] Target: 
chmod +x test.sh
root@GenericAM3517(FlattenedDeviceTree):/test# 
- 05:52:37 [INFO] Host: ./test.sh 2> stderr.log > stdout.log 3> result.log
- 05:52:44 [INFO] Target: 
./test.sh 2> stderr.log > stdout. 
log 3> result.log
root@GenericAM3517(FlattenedDeviceTree):/test# 
- 05:52:44 [INFO] Host: echo $?
- 05:52:44 [INFO] Target: 
echo $?
root@GenericAM3517(FlattenedDeviceTree):/test# 
- 05:52:44 [INFO] Host: cd /test
- 05:52:44 [INFO] Target: 
cd /test
root@GenericAM3517(FlattenedDeviceTree):/test# 
- 05:52:44 [INFO] Host: cat stdout.log
- 05:52:46 [INFO] Target: 
cat stdout.log
cpuinfo:
processor	: 0
model name	: ARMv7 Processor rev 7 (v7l)
BogoMIPS	: 496.43
Features	: half thumb fastmult vfp edsp thumbee neon vfpv3 tls vfpd32 
CPU implementer	: 0x41
CPU architecture: 7
CPU variant	: 0x1
CPU part	: 0xc08
CPU revision	: 7
Hardware	: Generic AM3517 (Flattened Device Tree)
Revision	: 0000
Serial		: 0000000000000000
=======
soc info:
==> /sys/devices/soc0/family <==
OMAP3
==> /sys/devices/soc0/machine <==
AM3517
==> /sys/devices/soc0/power <==
==> /sys/devices/soc0/revision <==
ES1.1
==> /sys/devices/soc0/subsystem <==
==> /sys/devices/soc0/type <==
==> /sys/devices/soc0/uevent <==
=======
DT Model info
==> /proc/device-tree/name <==
==> /proc/device-tree/model <==
TI AM3517 CraneBoard (TMDSEVM3517)
==> /proc/device-tree/compatible <==
ti,am3517-craneboardti,am3517ti,omap3
=======
interrupts:
           CPU0       
 23:          0      INTC   7 Edge      tps65910
 25:          0      INTC   9 Edge      l3-debug-irq
 26:          1      INTC  10 Edge      l3-app-irq
 28:          0      INTC  12 Edge      DMA
 29:       2481      INTC  13 Edge      omap-dma-engine
 36:          0      INTC  20 Edge      gpmc
 45:          0      INTC  29 Edge      48310000.gpio
 46:          0      INTC  30 Edge      49050000.gpio
 47:          0      INTC  31 Edge      49052000.gpio
 48:          0      INTC  32 Edge      49054000.gpio
 49:          0      INTC  33 Edge      49056000.gpio
 50:          0      INTC  34 Edge      49058000.gpio
 54:       3168      INTC  38 Edge      gp_timer
 72:        276      INTC  56 Edge      48070000.i2c
 83:          0      INTC  67 Edge      eth0
 84:         22      INTC  68 Edge      eth0
 85:         17      INTC  69 Edge      eth0
 86:          0      INTC  70 Edge      eth0
 90:       7955      INTC  74 Edge      OMAP UART2
 99:       4124      INTC  83 Edge      mmc0
IPI0:          0  CPU wakeup interrupts
IPI1:          0  Timer broadcast interrupts
IPI2:          0  Rescheduling interrupts
IPI3:          0  Function call interrupts
IPI4:          0  Single function call interrupts
IPI5:          0  CPU stop interrupts
IPI6:          0  IRQ work interrupts
IPI7:          0  completion interrupts
Err:          0
=======
Clk_summary:
   clock                         enable_cnt  prepare_cnt        rate   accuracy   phase
----------------------------------------------------------------------------------------
 pclk_ck                                  0            0    27000000          0 0  
    vpfe_fck                              0            0    27000000          0 0  
 rmii_ck                                  1            1    50000000          0 0  
    emac_fck                              2            2    50000000          0 0  
 secure_32k_fck                           0            1       32768          0 0  
    wdt1_fck                              0            0       32768          0 0  
    gpt12_fck                             0            1       32768          0 0  
 dummy_ck                                 0            0           0          0 0  
 mcbsp_clks                               0            5           0          0 0  
 sys_altclk                               0            0           0          0 0  
 virt_38_4m_ck                            0            0    38400000          0 0  
 virt_26000000_ck                         1            1    26000000          0 0  
    osc_sys_ck                            1            1    26000000          0 0  
       sys_clkout1                        0            0    26000000          0 0  
       sys_ck                             5           17    13000000          0 0  
          gpt9_fck                        0            1    13000000          0 0  
          gpt8_fck                        0            1    13000000          0 0  
          gpt7_fck                        0            1    13000000          0 0  
          gpt6_fck                        0            1    13000000          0 0  
          gpt5_fck                        0            1    13000000          0 0  
          gpt4_fck                        0            1    13000000          0 0  
          gpt3_fck                        0            1    13000000          0 0  
          gpt2_fck                        1            1    13000000          0 0  
          gpt1_fck                        1            1    13000000          0 0  
          hecc_ck                         0            0    13000000          0 0  
          hsotgusb_fck_am35xx             0            1    13000000          0 0  
          cpefuse_fck                     0            0    13000000          0 0  
          dpll5_ck                        0            1   120000000          0 0  
             dpll5_m2_ck                  0            1   120000000          0 0  
                usbhost_120m_fck           0            0   120000000          0 0  
                usbtll_fck                0            1   120000000          0 0  
          traceclk_src_fck                0            0    13000000          0 0  
             traceclk_fck                 0            0    13000000          0 0  
          emu_src_mux_ck                  0            1    13000000          0 0  
             emu_src_ck                   0            1    13000000          0 0  
                atclk_fck                 0            0    13000000          0 0  
                pclkx2_fck                0            0    13000000          0 0  
                pclk_fck                  0            0     6500000          0 0  
          dss2_alwon_fck                  0            2    13000000          0 0  
          dpll1_ck                        0            1   500000000          0 0  
             dpll1_x2_ck                  0            1  1000000000          0 0  
                dpll1_x2m2_ck             0            1  1000000000          0 0  
                   mpu_ck                 0            1  1000000000          0 0  
                      emu_mpu_alwon_ck           0            0  1000000000          0 0  
                      arm_fck             0            1   500000000          0 0  
          dpll3_ck                        1            1   332000000          0 0  
             dpll3_x2_ck                  0            0   664000000          0 0  
             dpll3_m2_ck                  1            1   332000000          0 0  
                dpll3_m2x2_ck             0            0   664000000          0 0  
                   corex2_fck             0            0   664000000          0 0  
                      corex2_d5_fck           0            0   132800000          0 0  
                      corex2_d3_fck           0            0   221333333          0 0  
                core_ck                   1            1   332000000          0 0  
                   core_d2_ck             0            0   166000000          0 0  
                   core_d6_ck             0            0    55333333          0 0  
                   core_d4_ck             0            0    83000000          0 0  
                   core_d3_ck             0            0   110666666          0 0  
                      sgx_fck             0            0   110666666          0 0  
                   l3_ick                 2            2   166000000          0 0  
                      sgx_ick             0            0   166000000          0 0  
                      core_l3_ick           6            7   166000000          0 0  
                         ipss_ick           2            2   166000000          0 0  
                            hsotgusb_ick_am35xx           2            2   166000000          0 0  
                            vpfe_ick           0            0   166000000          0 0  
                            emac_ick           2            2   166000000          0 0  
                         gpmc_fck           2            2   166000000          0 0  
                         sdrc_ick           1            1   166000000          0 0  
                      l4_ick              4            4    83000000          0 0  
                         usbhost_ick           1            1    83000000          0 0  
                         dss_ick_3430es2           4            6    83000000          0 0  
                         per_l4_ick          12           17    83000000          0 0  
                            mcbsp4_ick           1            1    83000000          0 0  
                            mcbsp3_ick           2            2    83000000          0 0  
                            mcbsp2_ick           2            2    83000000          0 0  
                            gpt2_ick           1            1    83000000          0 0  
                            gpt3_ick           1            1    83000000          0 0  
                            gpt4_ick           1            1    83000000          0 0  
                            gpt5_ick           1            1    83000000          0 0  
                            gpt6_ick           1            1    83000000          0 0  
                            gpt7_ick           1            1    83000000          0 0  
                            gpt8_ick           1            1    83000000          0 0  
                            gpt9_ick           1            1    83000000          0 0  
                            uart4_ick           0            0    83000000          0 0  
                            uart3_ick           1            1    83000000          0 0  
                            wdt3_ick           0            0    83000000          0 0  
                            gpio2_ick           0            1    83000000          0 0  
                            gpio3_ick           0            1    83000000          0 0  
                            gpio4_ick           0            1    83000000          0 0  
                            gpio5_ick           0            1    83000000          0 0  
                            gpio6_ick           0            1    83000000          0 0  
                         core_l4_ick          20           21    83000000          0 0  
                            mmchs3_ick           1            1    83000000          0 0  
                            usbtll_ick           1            1    83000000          0 0  
                            uart4_ick_am35xx           1            1    83000000          0 0  
                            sha12_ick           0            0    83000000          0 0  
                            aes2_ick           0            0    83000000          0 0  
                            omapctrl_ick           1            1    83000000          0 0  
                            mcbsp1_ick           1            1    83000000          0 0  
                            mcbsp5_ick           1            1    83000000          0 0  
                            gpt10_ick           1            1    83000000          0 0  
                            gpt11_ick           1            1    83000000          0 0  
                            uart1_ick           1            1    83000000          0 0  
                            uart2_ick           1            1    83000000          0 0  
                            i2c1_ick           1            1    83000000          0 0  
                            i2c2_ick           1            1    83000000          0 0  
                            i2c3_ick           1            1    83000000          0 0  
                            mcspi1_ick           1            1    83000000          0 0  
                            mcspi2_ick           1            1    83000000          0 0  
                            mcspi3_ick           1            1    83000000          0 0  
                            mcspi4_ick           1            1    83000000          0 0  
                            hdq_ick           0            1    83000000          0 0  
                            mmchs1_ick           1            1    83000000          0 0  
                            mmchs2_ick           1            1    83000000          0 0  
                         rm_ick           0            0    41500000          0 0  
                   dpll1_fck              0            0   166000000          0 0  
             dpll3_m3_ck                  0            0   166000000          0 0  
                dpll3_m3x2_mul_ck           0            0   332000000          0 0  
                   dpll3_m3x2_ck           0            0   332000000          0 0  
                      emu_core_alwon_ck           0            0   332000000          0 0  
          dpll4_ck                        1            3   432000000          0 0  
             dpll4_x2_ck                  0            0   864000000          0 0  
             dpll4_m6_ck                  0            0   144000000          0 0  
                dpll4_m6x2_mul_ck           0            0   288000000          0 0  
                   dpll4_m6x2_ck           0            0   288000000          0 0  
                      emu_per_alwon_ck           0            0   288000000          0 0  
             dpll4_m5_ck                  0            0   108000000          0 0  
                dpll4_m5x2_mul_ck           0            0   216000000          0 0  
                   dpll4_m5x2_ck           0            0   216000000          0 0  
             dpll4_m4_ck                  0            1   216000000          0 0  
                dpll4_m4x2_mul_ck           0            1   432000000          0 0  
                   dpll4_m4x2_ck           0            1   432000000          0 0  
                      dss1_alwon_fck_3430es2           0            4   432000000          0 0  
             dpll4_m3_ck                  0            1    27000000          0 0  
                dpll4_m3x2_mul_ck           0            1    54000000          0 0  
                   dpll4_m3x2_ck           0            1    54000000          0 0  
                      omap_54m_fck           0            1    54000000          0 0  
                         clkout2_src_ck           0            0    54000000          0 0  
                            sys_clkout2           0            0    54000000          0 0  
                         dss_tv_fck           0            2    54000000          0 0  
             dpll4_m2_ck                  1            1    48000000          0 0  
                dpll4_m2x2_mul_ck           1            1    96000000          0 0  
                   dpll4_m2x2_ck           1            1    96000000          0 0  
                      omap_192m_alwon_fck           0            0    96000000          0 0  
                      omap_96m_alwon_fck           1            2    96000000          0 0  
                         per_96m_fck           0            6    96000000          0 0  
                            mcbsp4_fck           0            1    96000000          0 0  
                            mcbsp3_fck           0            2    96000000          0 0  
                            mcbsp2_fck           0            2    96000000          0 0  
                         cm_96m_fck           1            2    96000000          0 0  
                            cm_96m_d2_fck           1            1    48000000          0 0  
                               omap_48m_fck           2            4    48000000          0 0  
                                  usbhost_48m_fck           0            1    48000000          0 0  
                                  per_48m_fck           1            1    48000000          0 0  
                                     uart3_fck           1            1    48000000          0 0  
                                  core_48m_fck           2            7    48000000          0 0  
                                     uart4_fck_am35xx           0            1    48000000          0 0  
                                     uart1_fck           1            2    48000000          0 0  
                                     uart2_fck           1            1    48000000          0 0  
                                     mcspi1_fck           0            1    48000000          0 0  
                                     mcspi2_fck           0            1    48000000          0 0  
                                     mcspi3_fck           0            1    48000000          0 0  
                                     mcspi4_fck           0            1    48000000          0 0  
                                  omap_12m_fck           0            1    12000000          0 0  
                                     core_12m_fck           0            1    12000000          0 0  
                                        hdq_fck             0            1    12000000          0 0  
                            omap_96m_fck           0            2    96000000          0 0  
                               dss_96m_fck           0            2    96000000          0 0  
                               core_96m_fck           0           10    96000000          0 0  
                                  mcbsp1_fck           0            1    96000000          0 0  
                                  mcbsp5_fck           0            1    96000000          0 0  
                                  mmchs3_fck           0            1    96000000          0 0  
                                  i2c1_fck           0            1    96000000          0 0  
                                  i2c2_fck           0            1    96000000          0 0  
                                  i2c3_fck           0            1    96000000          0 0  
                                  mmchs1_fck           0            1    96000000          0 0  
                                  mmchs2_fck           0            1    96000000          0 0  
          wkup_l4_ick                     4            5    13000000          0 0  
             gpt1_ick                     1            1    13000000          0 0  
             gpt12_ick                    1            1    13000000          0 0  
             omap_32ksync_ick             1            1    13000000          0 0  
             gpio1_ick                    0            1    13000000          0 0  
             wdt1_ick                     0            0    13000000          0 0  
             wdt2_ick                     1            1    13000000          0 0  
 virt_19200000_ck                         0            0    19200000          0 0  
 virt_13m_ck                              0            0    13000000          0 0  
 virt_12m_ck                              0            0    12000000          0 0  
 omap_32k_fck                             0            7       32768          0 0  
    gpt11_fck                             0            1       32768          0 0  
    gpt10_fck                             0            1       32768          0 0  
    ts_fck                                0            0       32768          0 0  
    per_32k_alwon_fck                     0            5       32768          0 0  
       wdt3_fck                           0            0       32768          0 0  
       gpio2_dbck                         0            2       32768          0 0  
       gpio3_dbck                         0            2       32768          0 0  
       gpio4_dbck                         0            2       32768          0 0  
       gpio5_dbck                         0            2       32768          0 0  
       gpio6_dbck                         0            2       32768          0 0  
    wkup_32k_fck                          0            3       32768          0 0  
       wdt2_fck                           0            1       32768          0 0  
       gpio1_dbck                         0            2       32768          0 0  
 dummy_apb_pclk                           0            0           0          0 0  
 virt_16_8m_ck                            0            0    16800000          0 0  
=======
Available frequencies
=======
===== ERR ==
platform 480c5000.aes: Cannot lookup hwmod 'aes'
platform 480c3000.sham: Cannot lookup hwmod 'sham'
platform 480cb000.smartreflex: Cannot lookup hwmod 'smartreflex_core'
platform 480ab000.usb_otg_hs: Cannot lookup hwmod 'usb_otg_hs'
mtdoops: mtd device (mtddev=name/number) must be supplied
omap2_set_init_voltage: unable to find boot up OPP for vdd_mpu_iva
omap2_set_init_voltage: unable to set vdd_mpu_iva
omap2_set_init_voltage: unable to find boot up OPP for vdd_core
omap2_set_init_voltage: unable to set vdd_core
pm: Failed to request pm_wkup irq
Address Hole seen by USB_OTG  at address 4deb67bc
vdd_shv: voltage operation not allowed
omap_hsmmc 4809c000.mmc: could not set regulator OCR (-1)
sr_init: platform driver register failed for SR
udevd[118]: starting version 182
=====
===== WARN ==
Lock dependency validator: Copyright (c) 2006 Red Hat, Inc., Ingo Molnar
... MAX_LOCKDEP_SUBCLASSES:  8
... MAX_LOCK_DEPTH:          48
... MAX_LOCKDEP_KEYS:        8191
... CLASSHASH_SIZE:          4096
... MAX_LOCKDEP_ENTRIES:     32768
... MAX_LOCKDEP_CHAINS:      65536
... CHAINHASH_SIZE:          32768
 memory used by lock dependency info: 5167 kB
 per task-struct memory footprint: 1536 bytes
omap_hwmod: mcbsp2_sidetone using broken dt data from mcbsp
omap_hwmod: mcbsp3_sidetone using broken dt data from mcbsp
omap4_sram_init:Unable to allocate sram needed to handle errata I688
omap4_sram_init:Unable to get sram pool needed to handle errata I688
PM: no software I/O chain control
------------[ cut here ]------------
WARNING: CPU: 0 PID: 6 at drivers/bus/omap_l3_smx.c:166 omap3_l3_app_irq+0x100/0x128()
Modules linked in:
CPU: 0 PID: 6 Comm: kworker/u2:0 Not tainted 4.3.0-rc5-next-20151016-00002-g799c6f8e8b06 #1
Hardware name: Generic AM3517 (Flattened Device Tree)
Workqueue: deferwq deferred_probe_work_func
[<c0016e64>] (unwind_backtrace) from [<c0013180>] (show_stack+0x10/0x14)
[<c0013180>] (show_stack) from [<c03485f0>] (dump_stack+0x78/0x94)
[<c03485f0>] (dump_stack) from [<c003c2ec>] (warn_slowpath_common+0x7c/0xb4)
[<c003c2ec>] (warn_slowpath_common) from [<c003c340>] (warn_slowpath_null+0x1c/0x24)
[<c003c340>] (warn_slowpath_null) from [<c0375284>] (omap3_l3_app_irq+0x100/0x128)
[<c0375284>] (omap3_l3_app_irq) from [<c0099650>] (handle_irq_event_percpu+0x68/0x22c)
[<c0099650>] (handle_irq_event_percpu) from [<c009984c>] (handle_irq_event+0x38/0x5c)
[<c009984c>] (handle_irq_event) from [<c009ca68>] (handle_level_irq+0xc0/0x150)
[<c009ca68>] (handle_level_irq) from [<c0098ef4>] (generic_handle_irq+0x18/0x28)
[<c0098ef4>] (generic_handle_irq) from [<c0099008>] (__handle_domain_irq+0x64/0xd8)
[<c0099008>] (__handle_domain_irq) from [<c0643a38>] (__irq_svc+0x58/0x78)
[<c0643a38>] (__irq_svc) from [<c06435c0>] (_raw_spin_unlock_irqrestore+0x34/0x44)
[<c06435c0>] (_raw_spin_unlock_irqrestore) from [<c009b49c>] (__setup_irq+0x490/0x5ac)
[<c009b49c>] (__setup_irq) from [<c009b770>] (request_threaded_irq+0xd4/0x164)
[<c009b770>] (request_threaded_irq) from [<c0375114>] (omap3_l3_probe+0xec/0x15c)
[<c0375114>] (omap3_l3_probe) from [<c03e14fc>] (platform_drv_probe+0x50/0xa0)
[<c03e14fc>] (platform_drv_probe) from [<c03dfd60>] (driver_probe_device+0x1e0/0x27c)
[<c03dfd60>] (driver_probe_device) from [<c03de4d8>] (bus_for_each_drv+0x5c/0x88)
[<c03de4d8>] (bus_for_each_drv) from [<c03dfafc>] (__device_attach+0xa4/0x104)
[<c03dfafc>] (__device_attach) from [<c03df1e8>] (bus_probe_device+0x88/0x90)
[<c03df1e8>] (bus_probe_device) from [<c03df62c>] (deferred_probe_work_func+0x64/0x94)
[<c03df62c>] (deferred_probe_work_func) from [<c00559b4>] (process_one_work+0x1b0/0x4c8)
[<c00559b4>] (process_one_work) from [<c0055e58>] (worker_thread+0x154/0x460)
[<c0055e58>] (worker_thread) from [<c005b7a0>] (kthread+0xd4/0xf0)
[<c005b7a0>] (kthread) from [<c000f710>] (ret_from_fork+0x14/0x24)
---[ end trace 737e34a55ec20010 ]---
gpmc_mem_init: disabling cs 0 mapped at 0x0-0x1000000
davinci_emac davinci_emac.0: using random MAC addr: 36:25:4a:4f:25:cc
sr_init: No PMIC hook to init smartreflex
davinci_mdio davinci_mdio.0: resetting idled controller
mmc0: host does not support reading read-only switch, assuming write-enable
IP-Config: Got DHCP answer from 192.168.1.254, my address is 192.168.1.174
, nameserver1=192.0.2.3
FAT-fs (mmcblk0p1): Volume was not properly unmounted. Some data may be corrupt. Please run fsck.
=====
SUMMARY RESULT: BOOT: PASS: Hello World Board Booted Boot Log has:::: err=15 warn=55:
root@GenericAM3517(FlattenedDeviceTree):/test# 
- 05:52:46 [INFO] Host: cat stderr.log
- 05:52:46 [INFO] Target: 
cat stderr.log
./test.sh: line 33:   635 Killed                  cp /dev/kmsg $TMPF
root@GenericAM3517(FlattenedDeviceTree):/test# 
- 05:52:46 [INFO] Host: cat result.log
- 05:52:48 [ERROR] On command: cat result.log waiting for cat result.log.+?(?m-ix:^1[\0\n\r]+) >>> error: execution expired
- 05:52:48 [INFO] Target: 
cat result.log
root@GenericAM3517(FlattenedDeviceTree):/test# 
- 05:52:49 [INFO] Host: cd /test
- 05:52:49 [INFO] Target: 
cd /test
root@GenericAM3517(FlattenedDeviceTree):/test# 
URL:gtsystest.telogy.design.ti.com/vatf/tidfarm-05/tidfarm-05_vatf@craneboard/tidfarm-0510_16_2015_05_50_23/files/session_iteration_1/test_1
