- 01:23:34 [INFO] Starting target session
- 01:23:34 [INFO] Connected to dra72x-evm via serial 
- 01:23:34 [INFO] Host: #check prompt
- 01:23:37 [ERROR] On command: #check prompt waiting for #check prompt.+?(?-mix:((?-mix:login:)|[Pp]assword)) >>> error: execution expired
- 01:23:37 [INFO] Target: 
- 01:23:37 [INFO] Host: #check prompt
- 01:23:39 [ERROR] On command: #check prompt waiting for #check prompt.+?(?-mix:[\w\d]+@.+[@:#]+) >>> error: execution expired
- 01:23:39 [INFO] Target: 
- 01:23:39 [INFO] Host: #check prompt
- 01:23:41 [ERROR] On command: #check prompt waiting for #check prompt.+?(?-mix:[\w\d]+@.+[@:#]+) >>> error: execution expired
- 01:23:41 [INFO] Target: 
- 01:23:41 [INFO] Host: #check prompt
- 01:23:43 [ERROR] On command: #check prompt waiting for #check prompt.+?(?-mix:[\w\d]+@.+[@:#]+) >>> error: execution expired
- 01:23:43 [INFO] Target: 
- 01:23:43 [INFO] Disconnected serial from dra72x-evm
- 01:23:44 [INFO] Connected to dra72x-evm via serial 
- 01:23:44 [INFO] Host: 
- 01:23:46 [INFO] Target: 
U-Boot SPL 2016.05-g5d6f251e04 (Oct 25 2016 - 22:14:09)
DRA722-GP ES2.0
Trying to boot from MMC1
reading args
spl_load_image_fat_os: error reading image args, err - -1
reading u-boot.img
reading u-boot.img
reading u-boot.img
reading u-boot.img
U-Boot 2016.05-g5d6f251e04 (Oct 25 2016 - 22:14:09 -0400)
CPU  : DRA722-GP ES2.0
Model: TI DRA722 Rev C EVM
Board: DRA72x EVM REV C.1
DRAM:  2 GiB
MMC:   OMAP SD/MMC: 0, OMAP SD/MMC: 1
SCSI:  SATA link 0 timeout.
AHCI 0001.0300 32 slots 1 ports 3 Gbps 0x1 impl SATA mode
flags: 64bit ncq stag pm led clo only pmp pio slum part ccc apst 
scanning bus for devices...
Found 0 device(s).
Net:   
Warning: ethernet@48484000 using MAC address from ROM
eth0: ethernet@48484000
Hit any key to stop autoboot:  2  0 
=>  
=>  
=>  
=>  
=>  
=>  
=>  
=>  
=>  
=>  
- 01:23:46 [INFO] Host: 
- 01:23:46 [INFO] Target: 
- 01:23:46 [INFO] Host: version
- 01:23:46 [INFO] Target: 
version
U-Boot 2016.05-g5d6f251e04 (Oct 25 2016 - 22:14:09 -0400)
arm-linux-gnueabihf-gcc (Linaro GCC 5.3-2016.02) 5.3.1 20160113
GNU ld (GNU Binutils) 2.25.0 Linaro 2015_10
- 01:23:46 [INFO] Host: setenv bootargs 'console=ttyO0,115200n8 earlyprintk=serial,ttyO0,115200n8 rootwait '
- 01:23:46 [INFO] Target: 
setenv bootargs 'console=ttyO0,115200n8 earlyprintk=serial,ttyO0,115200n8 rootwait '
- 01:23:46 [INFO] Host: setenv bootcmd  ''
- 01:23:47 [INFO] Target: 
setenv bootcmd  ''
- 01:23:47 [INFO] Host: setenv autoload 'no'
- 01:23:47 [INFO] Target: 
setenv autoload 'no'
- 01:23:47 [INFO] Host: setenv serverip '192.168.0.1'
- 01:23:47 [INFO] Target: 
setenv serverip '192.168.0.1'
- 01:23:47 [INFO] Host: setenv _initramfs -
- 01:23:47 [INFO] Target: 
setenv _initramfs -
- 01:23:47 [INFO] Host: printenv
- 01:23:47 [INFO] Target: 
printenv
_initramfs=-
arch=arm
args_fit=setenv bootargs console=${console} 
args_mmc=run finduuid;setenv bootargs console=${console} ${optargs} root=PARTUUID=${uuid} rw rootfstype=${mmcrootfstype}
autoload=no
baudrate=115200
board=dra7xx
board_name=dra72x-revc
board_rev=C.1
boot_fdt=try
boot_fit=0
bootargs=console=ttyO0,115200n8 earlyprintk=serial,ttyO0,115200n8 rootwait 
bootcmd=
bootdelay=2
bootdir=/boot
bootenvfile=uEnv.txt
bootfile=zImage
bootm_size=0x10000000
bootpart=0:2
bootscript=echo Running bootscript from mmc${mmcdev} ...; source ${loadaddr}
console=ttyO0,115200n8
cpu=armv7
dfu_alt_info_emmc=rawemmc raw 0 3751936;boot part 1 1;rootfs part 1 2;MLO fat 1 1;MLO.raw raw 0x100 0x100;u-boot.img.raw raw 0x300 0x400;spl-os-args.raw raw 0x80 0x80;spl-os-image.raw raw 0x900 0x2000;spl-os-args fat 1 1;spl-os-image fat 1 1;u-boot.img fat 1 1;uEnv.txt fat 1 1
dfu_alt_info_mmc=boot part 0 1;rootfs part 0 2;MLO fat 0 1;MLO.raw raw 0x100 0x100;u-boot.img.raw raw 0x300 0x400;spl-os-args.raw raw 0x80 0x80;spl-os-image.raw raw 0x900 0x2000;spl-os-args fat 0 1;spl-os-image fat 0 1;u-boot.img fat 0 1;uEnv.txt fat 0 1
dfu_alt_info_qspi=MLO raw 0x0 0x040000;u-boot.img raw 0x040000 0x0100000;u-boot-spl-os raw 0x140000 0x080000;u-boot-env raw 0x1C0000 0x010000;u-boot-env.backup raw 0x1D0000 0x010000;kernel raw 0x1E0000 0x800000
dfu_alt_info_ram=kernel ram 0x80200000 0x4000000;fdt ram 0x80f80000 0x80000;ramdisk ram 0x81000000 0x4000000
dfu_bufsiz=0x10000
dofastboot=0
envboot=mmc dev ${mmcdev}; if mmc rescan; then echo SD/MMC found on device ${mmcdev};if run loadbootscript; then run bootscript;else if run loadbootenv; then echo Loaded env from ${bootenvfile};run importbootenv;fi;if test -n $uenvcmd; then echo Running uenvcmd ...;run uenvcmd;fi;fi;fi;
ethaddr=5c:f8:21:14:64:c2
fdt_addr_r=0x88000000
fdtaddr=0x88000000
fdtcontroladdr=fdf101d8
fdtfile=undefined
findfdt=if test $board_name = omap5_uevm; then setenv fdtfile omap5-uevm.dtb; fi; if test $board_name = dra7xx; then setenv fdtfile dra7-evm.dtb; fi;if test $board_name = dra72x-revc; then setenv fdtfile dra72-evm-revc.dtb; fi;if test $board_name = dra72x; then setenv fdtfile dra72-evm.dtb; fi;if test $board_name = dra71x; then setenv fdtfile dra71-evm.dtb; fi;if test $board_name = beagle_x15; then setenv fdtfile am57xx-beagle-x15.dtb; fi;if test $board_name = beagle_x15_revb1; then setenv fdtfile am57xx-beagle-x15-revb1.dtb; fi;if test $board_name = am57xx_evm; then setenv fdtfile am57xx-evm.dtb; fi;if test $board_name = am57xx_evm_reva3; then setenv fdtfile am57xx-evm-reva3.dtb; fi;if test $board_name = am572x_idk && test $idk_lcd = no; then setenv fdtfile am572x-idk.dtb; fi;if test $board_name = am572x_idk && test $idk_lcd = osd101t2045; then setenv fdtfile am572x-idk-lcd-osd.dtb; fi;if test $board_name = am572x_idk && test $idk_lcd = osd101t2587; then setenv fdtfile am572x-idk-lcd-osd101t2587.dtb; fi;if test $board_name = am571x_idk && test $idk_lcd = no; then setenv fdtfile am571x-idk.dtb; fi;if test $board_name = am571x_idk && test $idk_lcd = osd101t2045; then setenv fdtfile am571x-idk-lcd-osd.dtb; fi;if test $board_name = am571x_idk && test $idk_lcd = osd101t2587; then setenv fdtfile am571x-idk-lcd-osd101t2587.dtb; fi;if test $fdtfile = undefined; then echo WARNING: Could not determine device tree to use; fi; 
finduuid=part uuid mmc ${bootpart} uuid
fit_bootfile=fitImage.itb
fit_loadaddr=0x88000000
importbootenv=echo Importing environment from mmc${mmcdev} ...; env import -t ${loadaddr} ${filesize}
kernel_addr_r=0x82000000
loadaddr=0x82000000
loadbootenv=fatload mmc ${mmcdev} ${loadaddr} ${bootenvfile}
loadbootscript=load mmc ${mmcdev} ${loadaddr} boot.scr
loadfdt=load ${devtype} ${bootpart} ${fdtaddr} ${bootdir}/${fdtfile}
loadfit=run args_fit; bootm ${loadaddr}#${fdtfile};
loadimage=load ${devtype} ${bootpart} ${loadaddr} ${bootdir}/${bootfile}
mmcboot=mmc dev ${mmcdev}; setenv devnum ${mmcdev}; setenv devtype mmc; if mmc rescan; then echo SD/MMC found on device ${mmcdev};if run loadimage; then if test ${boot_fit} -eq 1; then run loadfit; else run mmcloados;fi;fi;fi;
mmcdev=0
mmcloados=run args_mmc; if test ${boot_fdt} = yes || test ${boot_fdt} = try; then if run loadfdt; then bootz ${loadaddr} - ${fdtaddr}; else if test ${boot_fdt} = try; then bootz; else echo WARN: Cannot load the DT; fi; fi; else bootz; fi;
mmcrootfstype=ext4 rootwait
netargs=setenv bootargs console=${console} ${optargs} root=/dev/nfs nfsroot=${serverip}:${rootpath},${nfsopts} rw ip=dhcp
netboot=echo Booting from network ...; setenv autoload no; dhcp; run netloadimage; run netloadfdt; run netargs; bootz ${loadaddr} - ${fdtaddr}
netloadfdt=tftp ${fdtaddr} ${fdtfile}
netloadimage=tftp ${loadaddr} ${bootfile}
nfsopts=nolock
partitions=uuid_disk=${uuid_gpt_disk};name=rootfs,start=2MiB,size=-,uuid=${uuid_gpt_rootfs}
partitions_android=uuid_disk=${uuid_gpt_disk};name=xloader,start=128K,size=128K,uuid=${uuid_gpt_xloader};name=bootloader,size=384K,uuid=${uuid_gpt_bootloader};name=environment,size=128K,uuid=${uuid_gpt_environment};name=misc,size=128K,uuid=${uuid_gpt_misc};name=efs,start=1280K,size=16M,uuid=${uuid_gpt_efs};name=crypto,size=16K,uuid=${uuid_gpt_crypto};name=recovery,size=10M,uuid=${uuid_gpt_recovery};name=boot,size=10M,uuid=${uuid_gpt_boot};name=system,size=768M,uuid=${uuid_gpt_system};name=cache,size=256M,uuid=${uuid_gpt_cache};name=ipu1,size=1M,uuid=${uuid_gpt_ipu1};name=ipu2,size=1M,uuid=${uuid_gpt_ipu2};name=userdata,size=-,uuid=${uuid_gpt_userdata}
pxefile_addr_r=0x80100000
ramdisk_addr_r=0x88080000
rdaddr=0x88080000
rootpath=/export/rootfs
scriptaddr=0x80000000
scsidevs=0
serial#=050130061c6600a1
serverip=192.168.0.1
soc=omap5
static_ip=${ipaddr}:${serverip}:${gatewayip}:${netmask}:${hostname}::off
stderr=serial@4806a000
stdin=serial@4806a000
stdout=serial@4806a000
update_to_fit=setenv loadaddr ${fit_loadaddr}; setenv bootfile ${fit_bootfile}
usbtty=cdc_acm
vendor=ti
ver=U-Boot 2016.05-g5d6f251e04 (Oct 25 2016 - 22:14:09 -0400)
vram=16M
Environment size: 6118/131067 bytes
- 01:23:47 [INFO] Host: printenv
- 01:23:48 [INFO] Target: 
printenv
_initramfs=-
arch=arm
args_fit=setenv bootargs console=${console} 
args_mmc=run finduuid;setenv bootargs console=${console} ${optargs} root=PARTUUID=${uuid} rw rootfstype=${mmcrootfstype}
autoload=no
baudrate=115200
board=dra7xx
board_name=dra72x-revc
board_rev=C.1
boot_fdt=try
boot_fit=0
bootargs=console=ttyO0,115200n8 earlyprintk=serial,ttyO0,115200n8 rootwait 
bootcmd=
bootdelay=2
bootdir=/boot
bootenvfile=uEnv.txt
bootfile=zImage
bootm_size=0x10000000
bootpart=0:2
bootscript=echo Running bootscript from mmc${mmcdev} ...; source ${loadaddr}
console=ttyO0,115200n8
cpu=armv7
dfu_alt_info_emmc=rawemmc raw 0 3751936;boot part 1 1;rootfs part 1 2;MLO fat 1 1;MLO.raw raw 0x100 0x100;u-boot.img.raw raw 0x300 0x400;spl-os-args.raw raw 0x80 0x80;spl-os-image.raw raw 0x900 0x2000;spl-os-args fat 1 1;spl-os-image fat 1 1;u-boot.img fat 1 1;uEnv.txt fat 1 1
dfu_alt_info_mmc=boot part 0 1;rootfs part 0 2;MLO fat 0 1;MLO.raw raw 0x100 0x100;u-boot.img.raw raw 0x300 0x400;spl-os-args.raw raw 0x80 0x80;spl-os-image.raw raw 0x900 0x2000;spl-os-args fat 0 1;spl-os-image fat 0 1;u-boot.img fat 0 1;uEnv.txt fat 0 1
dfu_alt_info_qspi=MLO raw 0x0 0x040000;u-boot.img raw 0x040000 0x0100000;u-boot-spl-os raw 0x140000 0x080000;u-boot-env raw 0x1C0000 0x010000;u-boot-env.backup raw 0x1D0000 0x010000;kernel raw 0x1E0000 0x800000
dfu_alt_info_ram=kernel ram 0x80200000 0x4000000;fdt ram 0x80f80000 0x80000;ramdisk ram 0x81000000 0x4000000
dfu_bufsiz=0x10000
dofastboot=0
envboot=mmc dev ${mmcdev}; if mmc rescan; then echo SD/MMC found on device ${mmcdev};if run loadbootscript; then run bootscript;else if run loadbootenv; then echo Loaded env from ${bootenvfile};run importbootenv;fi;if test -n $uenvcmd; then echo Running uenvcmd ...;run uenvcmd;fi;fi;fi;
ethaddr=5c:f8:21:14:64:c2
fdt_addr_r=0x88000000
fdtaddr=0x88000000
fdtcontroladdr=fdf101d8
fdtfile=undefined
findfdt=if test $board_name = omap5_uevm; then setenv fdtfile omap5-uevm.dtb; fi; if test $board_name = dra7xx; then setenv fdtfile dra7-evm.dtb; fi;if test $board_name = dra72x-revc; then setenv fdtfile dra72-evm-revc.dtb; fi;if test $board_name = dra72x; then setenv fdtfile dra72-evm.dtb; fi;if test $board_name = dra71x; then setenv fdtfile dra71-evm.dtb; fi;if test $board_name = beagle_x15; then setenv fdtfile am57xx-beagle-x15.dtb; fi;if test $board_name = beagle_x15_revb1; then setenv fdtfile am57xx-beagle-x15-revb1.dtb; fi;if test $board_name = am57xx_evm; then setenv fdtfile am57xx-evm.dtb; fi;if test $board_name = am57xx_evm_reva3; then setenv fdtfile am57xx-evm-reva3.dtb; fi;if test $board_name = am572x_idk && test $idk_lcd = no; then setenv fdtfile am572x-idk.dtb; fi;if test $board_name = am572x_idk && test $idk_lcd = osd101t2045; then setenv fdtfile am572x-idk-lcd-osd.dtb; fi;if test $board_name = am572x_idk && test $idk_lcd = osd101t2587; then setenv fdtfile am572x-idk-lcd-osd101t2587.dtb; fi;if test $board_name = am571x_idk && test $idk_lcd = no; then setenv fdtfile am571x-idk.dtb; fi;if test $board_name = am571x_idk && test $idk_lcd = osd101t2045; then setenv fdtfile am571x-idk-lcd-osd.dtb; fi;if test $board_name = am571x_idk && test $idk_lcd = osd101t2587; then setenv fdtfile am571x-idk-lcd-osd101t2587.dtb; fi;if test $fdtfile = undefined; then echo WARNING: Could not determine device tree to use; fi; 
finduuid=part uuid mmc ${bootpart} uuid
fit_bootfile=fitImage.itb
fit_loadaddr=0x88000000
importbootenv=echo Importing environment from mmc${mmcdev} ...; env import -t ${loadaddr} ${filesize}
kernel_addr_r=0x82000000
loadaddr=0x82000000
loadbootenv=fatload mmc ${mmcdev} ${loadaddr} ${bootenvfile}
loadbootscript=load mmc ${mmcdev} ${loadaddr} boot.scr
loadfdt=load ${devtype} ${bootpart} ${fdtaddr} ${bootdir}/${fdtfile}
loadfit=run args_fit; bootm ${loadaddr}#${fdtfile};
loadimage=load ${devtype} ${bootpart} ${loadaddr} ${bootdir}/${bootfile}
mmcboot=mmc dev ${mmcdev}; setenv devnum ${mmcdev}; setenv devtype mmc; if mmc rescan; then echo SD/MMC found on device ${mmcdev};if run loadimage; then if test ${boot_fit} -eq 1; then run loadfit; else run mmcloados;fi;fi;fi;
mmcdev=0
mmcloados=run args_mmc; if test ${boot_fdt} = yes || test ${boot_fdt} = try; then if run loadfdt; then bootz ${loadaddr} - ${fdtaddr}; else if test ${boot_fdt} = try; then bootz; else echo WARN: Cannot load the DT; fi; fi; else bootz; fi;
mmcrootfstype=ext4 rootwait
netargs=setenv bootargs console=${console} ${optargs} root=/dev/nfs nfsroot=${serverip}:${rootpath},${nfsopts} rw ip=dhcp
netboot=echo Booting from network ...; setenv autoload no; dhcp; run netloadimage; run netloadfdt; run netargs; bootz ${loadaddr} - ${fdtaddr}
netloadfdt=tftp ${fdtaddr} ${fdtfile}
netloadimage=tftp ${loadaddr} ${bootfile}
nfsopts=nolock
partitions=uuid_disk=${uuid_gpt_disk};name=rootfs,start=2MiB,size=-,uuid=${uuid_gpt_rootfs}
partitions_android=uuid_disk=${uuid_gpt_disk};name=xloader,start=128K,size=128K,uuid=${uuid_gpt_xloader};name=bootloader,size=384K,uuid=${uuid_gpt_bootloader};name=environment,size=128K,uuid=${uuid_gpt_environment};name=misc,size=128K,uuid=${uuid_gpt_misc};name=efs,start=1280K,size=16M,uuid=${uuid_gpt_efs};name=crypto,size=16K,uuid=${uuid_gpt_crypto};name=recovery,size=10M,uuid=${uuid_gpt_recovery};name=boot,size=10M,uuid=${uuid_gpt_boot};name=system,size=768M,uuid=${uuid_gpt_system};name=cache,size=256M,uuid=${uuid_gpt_cache};name=ipu1,size=1M,uuid=${uuid_gpt_ipu1};name=ipu2,size=1M,uuid=${uuid_gpt_ipu2};name=userdata,size=-,uuid=${uuid_gpt_userdata}
pxefile_addr_r=0x80100000
ramdisk_addr_r=0x88080000
rdaddr=0x88080000
rootpath=/export/rootfs
scriptaddr=0x80000000
scsidevs=0
serial#=050130061c6600a1
serverip=192.168.0.1
soc=omap5
static_ip=${ipaddr}:${serverip}:${gatewayip}:${netmask}:${hostname}::off
stderr=serial@4806a000
stdin=serial@4806a000
stdout=serial@4806a000
update_to_fit=setenv loadaddr ${fit_loadaddr}; setenv bootfile ${fit_bootfile}
usbtty=cdc_acm
vendor=ti
ver=U-Boot 2016.05-g5d6f251e04 (Oct 25 2016 - 22:14:09 -0400)
vram=16M
Environment size: 6118/131067 bytes
- 01:23:48 [INFO] Host: setenv bootargs ''${bootargs}' ip=:::::eth0:dhcp '
- 01:23:48 [INFO] Target: 
setenv bootargs ''${bootargs}' ip=:::::eth0:dhcp '
- 01:23:48 [INFO] Host: setenv serverip '192.168.0.1'
- 01:23:48 [INFO] Target: 
setenv serverip '192.168.0.1'
- 01:23:48 [INFO] Host: setenv autoload 'no'
- 01:23:48 [INFO] Target: 
setenv autoload 'no'
- 01:23:48 [INFO] Host: dhcp
- 01:23:49 [INFO] Target: 
dhcp
link up on port 0, speed 1000, full duplex
BOOTP broadcast 1
BOOTP broadcast 2
BOOTP broadcast 3
DHCP client bound to address 192.168.0.225 (1033 ms)
- 01:23:49 [INFO] Host: tftp ${loadaddr} 192.168.0.1:vatf_j6eco-evm1/d1aedd4963c810f5ae63f34abbd51dd3
- 01:23:50 [INFO] Target: 
tftp ${loadaddr} 192.168.0.1:vatf_j6eco-evm1/d1aedd4963c810f5ae63f34abbd51dd3
link up on port 0, speed 1000, full duplex
Using ethernet@48484000 device
TFTP from server 192.168.0.1; our IP address is 192.168.0.225
Filename 'vatf_j6eco-evm1/d1aedd4963c810f5ae63f34abbd51dd3'.
Load address: 0x82000000
Loading: *#################################################################
	 #################################################################
	 #################################################################
	 #################################################################
	 ###
	 10.8 MiB/s
done
Bytes transferred = 3855952 (3ad650 hex)
- 01:23:50 [INFO] Host: tftp ${fdt_addr_r} 192.168.0.1:vatf_j6eco-evm1/5d8cf534aac9c147abe38ff9c80361f0
- 01:23:50 [INFO] Target: 
tftp ${fdt_addr_r} 192.168.0.1:vatf_j6eco-evm1/5d8cf534aac9c147abe38ff9c80361f0
link up on port 0, speed 1000, full duplex
Using ethernet@48484000 device
TFTP from server 192.168.0.1; our IP address is 192.168.0.225
Filename 'vatf_j6eco-evm1/5d8cf534aac9c147abe38ff9c80361f0'.
Load address: 0x88000000
Loading: *#######
	 10.5 MiB/s
done
Bytes transferred = 88457 (15989 hex)
- 01:23:50 [INFO] Host: ls mmc 0:1
- 01:23:50 [INFO] Target: 
ls mmc 0:1
    82008   mlo 
   737480   u-boot.img 
        4   ws-calibrate.rules 
       33   primary_bootloader.md5 
4 file(s), 0 dir(s)
- 01:23:50 [INFO] Host: ls mmc 0:2
- 01:23:50 [INFO] Target: 
ls mmc 0:2
<DIR>       4096 .
<DIR>       4096 ..
<DIR>       4096 opt
<DIR>       4096 srv
<DIR>       4096 tmp
<DIR>       4096 run
<DIR>       4096 var
<DIR>       4096 home
<DIR>       4096 etc
<DIR>       4096 sbin
<DIR>       4096 include
<DIR>       4096 usr
<DIR>       4096 sys
<DIR>       4096 lib
<DIR>       4096 media
<DIR>       4096 bin
<DIR>       4096 boot
<DIR>       4096 dev
<DIR>       4096 mnt
<DIR>       4096 proc
<DIR>       4096 www
<DIR>       4096 test
- 01:23:50 [INFO] Host: part uuid mmc 0:2
- 01:23:50 [INFO] Target: 
part uuid mmc 0:2
00000000-02
- 01:23:50 [INFO] Host: printenv
- 01:23:51 [INFO] Target: 
printenv
_initramfs=-
arch=arm
args_fit=setenv bootargs console=${console} 
args_mmc=run finduuid;setenv bootargs console=${console} ${optargs} root=PARTUUID=${uuid} rw rootfstype=${mmcrootfstype}
autoload=no
baudrate=115200
board=dra7xx
board_name=dra72x-revc
board_rev=C.1
boot_fdt=try
boot_fit=0
bootargs=console=ttyO0,115200n8 earlyprintk=serial,ttyO0,115200n8 rootwait  ip=:::::eth0:dhcp 
bootcmd=
bootdelay=2
bootdir=/boot
bootenvfile=uEnv.txt
bootfile=zImage
bootm_size=0x10000000
bootpart=0:2
bootscript=echo Running bootscript from mmc${mmcdev} ...; source ${loadaddr}
console=ttyO0,115200n8
cpu=armv7
dfu_alt_info_emmc=rawemmc raw 0 3751936;boot part 1 1;rootfs part 1 2;MLO fat 1 1;MLO.raw raw 0x100 0x100;u-boot.img.raw raw 0x300 0x400;spl-os-args.raw raw 0x80 0x80;spl-os-image.raw raw 0x900 0x2000;spl-os-args fat 1 1;spl-os-image fat 1 1;u-boot.img fat 1 1;uEnv.txt fat 1 1
dfu_alt_info_mmc=boot part 0 1;rootfs part 0 2;MLO fat 0 1;MLO.raw raw 0x100 0x100;u-boot.img.raw raw 0x300 0x400;spl-os-args.raw raw 0x80 0x80;spl-os-image.raw raw 0x900 0x2000;spl-os-args fat 0 1;spl-os-image fat 0 1;u-boot.img fat 0 1;uEnv.txt fat 0 1
dfu_alt_info_qspi=MLO raw 0x0 0x040000;u-boot.img raw 0x040000 0x0100000;u-boot-spl-os raw 0x140000 0x080000;u-boot-env raw 0x1C0000 0x010000;u-boot-env.backup raw 0x1D0000 0x010000;kernel raw 0x1E0000 0x800000
dfu_alt_info_ram=kernel ram 0x80200000 0x4000000;fdt ram 0x80f80000 0x80000;ramdisk ram 0x81000000 0x4000000
dfu_bufsiz=0x10000
dnsip=192.0.2.2
dnsip2=192.0.2.3
dofastboot=0
envboot=mmc dev ${mmcdev}; if mmc rescan; then echo SD/MMC found on device ${mmcdev};if run loadbootscript; then run bootscript;else if run loadbootenv; then echo Loaded env from ${bootenvfile};run importbootenv;fi;if test -n $uenvcmd; then echo Running uenvcmd ...;run uenvcmd;fi;fi;fi;
ethact=ethernet@48484000
ethaddr=5c:f8:21:14:64:c2
fdt_addr_r=0x88000000
fdtaddr=0x88000000
fdtcontroladdr=fdf101d8
fdtfile=undefined
fileaddr=88000000
filesize=15989
findfdt=if test $board_name = omap5_uevm; then setenv fdtfile omap5-uevm.dtb; fi; if test $board_name = dra7xx; then setenv fdtfile dra7-evm.dtb; fi;if test $board_name = dra72x-revc; then setenv fdtfile dra72-evm-revc.dtb; fi;if test $board_name = dra72x; then setenv fdtfile dra72-evm.dtb; fi;if test $board_name = dra71x; then setenv fdtfile dra71-evm.dtb; fi;if test $board_name = beagle_x15; then setenv fdtfile am57xx-beagle-x15.dtb; fi;if test $board_name = beagle_x15_revb1; then setenv fdtfile am57xx-beagle-x15-revb1.dtb; fi;if test $board_name = am57xx_evm; then setenv fdtfile am57xx-evm.dtb; fi;if test $board_name = am57xx_evm_reva3; then setenv fdtfile am57xx-evm-reva3.dtb; fi;if test $board_name = am572x_idk && test $idk_lcd = no; then setenv fdtfile am572x-idk.dtb; fi;if test $board_name = am572x_idk && test $idk_lcd = osd101t2045; then setenv fdtfile am572x-idk-lcd-osd.dtb; fi;if test $board_name = am572x_idk && test $idk_lcd = osd101t2587; then setenv fdtfile am572x-idk-lcd-osd101t2587.dtb; fi;if test $board_name = am571x_idk && test $idk_lcd = no; then setenv fdtfile am571x-idk.dtb; fi;if test $board_name = am571x_idk && test $idk_lcd = osd101t2045; then setenv fdtfile am571x-idk-lcd-osd.dtb; fi;if test $board_name = am571x_idk && test $idk_lcd = osd101t2587; then setenv fdtfile am571x-idk-lcd-osd101t2587.dtb; fi;if test $fdtfile = undefined; then echo WARNING: Could not determine device tree to use; fi; 
finduuid=part uuid mmc ${bootpart} uuid
fit_bootfile=fitImage.itb
fit_loadaddr=0x88000000
gatewayip=192.168.0.1
importbootenv=echo Importing environment from mmc${mmcdev} ...; env import -t ${loadaddr} ${filesize}
ipaddr=192.168.0.225
kernel_addr_r=0x82000000
loadaddr=0x82000000
loadbootenv=fatload mmc ${mmcdev} ${loadaddr} ${bootenvfile}
loadbootscript=load mmc ${mmcdev} ${loadaddr} boot.scr
loadfdt=load ${devtype} ${bootpart} ${fdtaddr} ${bootdir}/${fdtfile}
loadfit=run args_fit; bootm ${loadaddr}#${fdtfile};
loadimage=load ${devtype} ${bootpart} ${loadaddr} ${bootdir}/${bootfile}
mmcboot=mmc dev ${mmcdev}; setenv devnum ${mmcdev}; setenv devtype mmc; if mmc rescan; then echo SD/MMC found on device ${mmcdev};if run loadimage; then if test ${boot_fit} -eq 1; then run loadfit; else run mmcloados;fi;fi;fi;
mmcdev=0
mmcloados=run args_mmc; if test ${boot_fdt} = yes || test ${boot_fdt} = try; then if run loadfdt; then bootz ${loadaddr} - ${fdtaddr}; else if test ${boot_fdt} = try; then bootz; else echo WARN: Cannot load the DT; fi; fi; else bootz; fi;
mmcrootfstype=ext4 rootwait
netargs=setenv bootargs console=${console} ${optargs} root=/dev/nfs nfsroot=${serverip}:${rootpath},${nfsopts} rw ip=dhcp
netboot=echo Booting from network ...; setenv autoload no; dhcp; run netloadimage; run netloadfdt; run netargs; bootz ${loadaddr} - ${fdtaddr}
netloadfdt=tftp ${fdtaddr} ${fdtfile}
netloadimage=tftp ${loadaddr} ${bootfile}
netmask=255.255.255.0
nfsopts=nolock
partitions=uuid_disk=${uuid_gpt_disk};name=rootfs,start=2MiB,size=-,uuid=${uuid_gpt_rootfs}
partitions_android=uuid_disk=${uuid_gpt_disk};name=xloader,start=128K,size=128K,uuid=${uuid_gpt_xloader};name=bootloader,size=384K,uuid=${uuid_gpt_bootloader};name=environment,size=128K,uuid=${uuid_gpt_environment};name=misc,size=128K,uuid=${uuid_gpt_misc};name=efs,start=1280K,size=16M,uuid=${uuid_gpt_efs};name=crypto,size=16K,uuid=${uuid_gpt_crypto};name=recovery,size=10M,uuid=${uuid_gpt_recovery};name=boot,size=10M,uuid=${uuid_gpt_boot};name=system,size=768M,uuid=${uuid_gpt_system};name=cache,size=256M,uuid=${uuid_gpt_cache};name=ipu1,size=1M,uuid=${uuid_gpt_ipu1};name=ipu2,size=1M,uuid=${uuid_gpt_ipu2};name=userdata,size=-,uuid=${uuid_gpt_userdata}
pxefile_addr_r=0x80100000
ramdisk_addr_r=0x88080000
rdaddr=0x88080000
rootpath=/export/rootfs
scriptaddr=0x80000000
scsidevs=0
serial#=050130061c6600a1
serverip=192.168.0.1
soc=omap5
static_ip=${ipaddr}:${serverip}:${gatewayip}:${netmask}:${hostname}::off
stderr=serial@4806a000
stdin=serial@4806a000
stdout=serial@4806a000
update_to_fit=setenv loadaddr ${fit_loadaddr}; setenv bootfile ${fit_bootfile}
usbtty=cdc_acm
vendor=ti
ver=U-Boot 2016.05-g5d6f251e04 (Oct 25 2016 - 22:14:09 -0400)
vram=16M
Environment size: 6309/131067 bytes
- 01:23:51 [INFO] Host: setenv bootargs ''${bootargs}' root=PARTUUID=00000000-02 rw rootfstype=ext4 rootwait '
- 01:23:51 [INFO] Target: 
setenv bootargs ''${bootargs}' root=PARTUUID=00000000-02 rw rootfstype=ext4 rootwait '
- 01:23:51 [INFO] Host: printenv
- 01:23:52 [INFO] Target: 
printenv
_initramfs=-
arch=arm
args_fit=setenv bootargs console=${console} 
args_mmc=run finduuid;setenv bootargs console=${console} ${optargs} root=PARTUUID=${uuid} rw rootfstype=${mmcrootfstype}
autoload=no
baudrate=115200
board=dra7xx
board_name=dra72x-revc
board_rev=C.1
boot_fdt=try
boot_fit=0
bootargs=console=ttyO0,115200n8 earlyprintk=serial,ttyO0,115200n8 rootwait  ip=:::::eth0:dhcp  root=PARTUUID=00000000-02 rw rootfstype=ext4 rootwait 
bootcmd=
bootdelay=2
bootdir=/boot
bootenvfile=uEnv.txt
bootfile=zImage
bootm_size=0x10000000
bootpart=0:2
bootscript=echo Running bootscript from mmc${mmcdev} ...; source ${loadaddr}
console=ttyO0,115200n8
cpu=armv7
dfu_alt_info_emmc=rawemmc raw 0 3751936;boot part 1 1;rootfs part 1 2;MLO fat 1 1;MLO.raw raw 0x100 0x100;u-boot.img.raw raw 0x300 0x400;spl-os-args.raw raw 0x80 0x80;spl-os-image.raw raw 0x900 0x2000;spl-os-args fat 1 1;spl-os-image fat 1 1;u-boot.img fat 1 1;uEnv.txt fat 1 1
dfu_alt_info_mmc=boot part 0 1;rootfs part 0 2;MLO fat 0 1;MLO.raw raw 0x100 0x100;u-boot.img.raw raw 0x300 0x400;spl-os-args.raw raw 0x80 0x80;spl-os-image.raw raw 0x900 0x2000;spl-os-args fat 0 1;spl-os-image fat 0 1;u-boot.img fat 0 1;uEnv.txt fat 0 1
dfu_alt_info_qspi=MLO raw 0x0 0x040000;u-boot.img raw 0x040000 0x0100000;u-boot-spl-os raw 0x140000 0x080000;u-boot-env raw 0x1C0000 0x010000;u-boot-env.backup raw 0x1D0000 0x010000;kernel raw 0x1E0000 0x800000
dfu_alt_info_ram=kernel ram 0x80200000 0x4000000;fdt ram 0x80f80000 0x80000;ramdisk ram 0x81000000 0x4000000
dfu_bufsiz=0x10000
dnsip=192.0.2.2
dnsip2=192.0.2.3
dofastboot=0
envboot=mmc dev ${mmcdev}; if mmc rescan; then echo SD/MMC found on device ${mmcdev};if run loadbootscript; then run bootscript;else if run loadbootenv; then echo Loaded env from ${bootenvfile};run importbootenv;fi;if test -n $uenvcmd; then echo Running uenvcmd ...;run uenvcmd;fi;fi;fi;
ethact=ethernet@48484000
ethaddr=5c:f8:21:14:64:c2
fdt_addr_r=0x88000000
fdtaddr=0x88000000
fdtcontroladdr=fdf101d8
fdtfile=undefined
fileaddr=88000000
filesize=15989
findfdt=if test $board_name = omap5_uevm; then setenv fdtfile omap5-uevm.dtb; fi; if test $board_name = dra7xx; then setenv fdtfile dra7-evm.dtb; fi;if test $board_name = dra72x-revc; then setenv fdtfile dra72-evm-revc.dtb; fi;if test $board_name = dra72x; then setenv fdtfile dra72-evm.dtb; fi;if test $board_name = dra71x; then setenv fdtfile dra71-evm.dtb; fi;if test $board_name = beagle_x15; then setenv fdtfile am57xx-beagle-x15.dtb; fi;if test $board_name = beagle_x15_revb1; then setenv fdtfile am57xx-beagle-x15-revb1.dtb; fi;if test $board_name = am57xx_evm; then setenv fdtfile am57xx-evm.dtb; fi;if test $board_name = am57xx_evm_reva3; then setenv fdtfile am57xx-evm-reva3.dtb; fi;if test $board_name = am572x_idk && test $idk_lcd = no; then setenv fdtfile am572x-idk.dtb; fi;if test $board_name = am572x_idk && test $idk_lcd = osd101t2045; then setenv fdtfile am572x-idk-lcd-osd.dtb; fi;if test $board_name = am572x_idk && test $idk_lcd = osd101t2587; then setenv fdtfile am572x-idk-lcd-osd101t2587.dtb; fi;if test $board_name = am571x_idk && test $idk_lcd = no; then setenv fdtfile am571x-idk.dtb; fi;if test $board_name = am571x_idk && test $idk_lcd = osd101t2045; then setenv fdtfile am571x-idk-lcd-osd.dtb; fi;if test $board_name = am571x_idk && test $idk_lcd = osd101t2587; then setenv fdtfile am571x-idk-lcd-osd101t2587.dtb; fi;if test $fdtfile = undefined; then echo WARNING: Could not determine device tree to use; fi; 
finduuid=part uuid mmc ${bootpart} uuid
fit_bootfile=fitImage.itb
fit_loadaddr=0x88000000
gatewayip=192.168.0.1
importbootenv=echo Importing environment from mmc${mmcdev} ...; env import -t ${loadaddr} ${filesize}
ipaddr=192.168.0.225
kernel_addr_r=0x82000000
loadaddr=0x82000000
loadbootenv=fatload mmc ${mmcdev} ${loadaddr} ${bootenvfile}
loadbootscript=load mmc ${mmcdev} ${loadaddr} boot.scr
loadfdt=load ${devtype} ${bootpart} ${fdtaddr} ${bootdir}/${fdtfile}
loadfit=run args_fit; bootm ${loadaddr}#${fdtfile};
loadimage=load ${devtype} ${bootpart} ${loadaddr} ${bootdir}/${bootfile}
mmcboot=mmc dev ${mmcdev}; setenv devnum ${mmcdev}; setenv devtype mmc; if mmc rescan; then echo SD/MMC found on device ${mmcdev};if run loadimage; then if test ${boot_fit} -eq 1; then run loadfit; else run mmcloados;fi;fi;fi;
mmcdev=0
mmcloados=run args_mmc; if test ${boot_fdt} = yes || test ${boot_fdt} = try; then if run loadfdt; then bootz ${loadaddr} - ${fdtaddr}; else if test ${boot_fdt} = try; then bootz; else echo WARN: Cannot load the DT; fi; fi; else bootz; fi;
mmcrootfstype=ext4 rootwait
netargs=setenv bootargs console=${console} ${optargs} root=/dev/nfs nfsroot=${serverip}:${rootpath},${nfsopts} rw ip=dhcp
netboot=echo Booting from network ...; setenv autoload no; dhcp; run netloadimage; run netloadfdt; run netargs; bootz ${loadaddr} - ${fdtaddr}
netloadfdt=tftp ${fdtaddr} ${fdtfile}
netloadimage=tftp ${loadaddr} ${bootfile}
netmask=255.255.255.0
nfsopts=nolock
partitions=uuid_disk=${uuid_gpt_disk};name=rootfs,start=2MiB,size=-,uuid=${uuid_gpt_rootfs}
partitions_android=uuid_disk=${uuid_gpt_disk};name=xloader,start=128K,size=128K,uuid=${uuid_gpt_xloader};name=bootloader,size=384K,uuid=${uuid_gpt_bootloader};name=environment,size=128K,uuid=${uuid_gpt_environment};name=misc,size=128K,uuid=${uuid_gpt_misc};name=efs,start=1280K,size=16M,uuid=${uuid_gpt_efs};name=crypto,size=16K,uuid=${uuid_gpt_crypto};name=recovery,size=10M,uuid=${uuid_gpt_recovery};name=boot,size=10M,uuid=${uuid_gpt_boot};name=system,size=768M,uuid=${uuid_gpt_system};name=cache,size=256M,uuid=${uuid_gpt_cache};name=ipu1,size=1M,uuid=${uuid_gpt_ipu1};name=ipu2,size=1M,uuid=${uuid_gpt_ipu2};name=userdata,size=-,uuid=${uuid_gpt_userdata}
pxefile_addr_r=0x80100000
ramdisk_addr_r=0x88080000
rdaddr=0x88080000
rootpath=/export/rootfs
scriptaddr=0x80000000
scsidevs=0
serial#=050130061c6600a1
serverip=192.168.0.1
soc=omap5
static_ip=${ipaddr}:${serverip}:${gatewayip}:${netmask}:${hostname}::off
stderr=serial@4806a000
stdin=serial@4806a000
stdout=serial@4806a000
update_to_fit=setenv loadaddr ${fit_loadaddr}; setenv bootfile ${fit_bootfile}
usbtty=cdc_acm
vendor=ti
ver=U-Boot 2016.05-g5d6f251e04 (Oct 25 2016 - 22:14:09 -0400)
vram=16M
Environment size: 6364/131067 bytes
- 01:23:52 [INFO] Host: setenv bootcmd ''${bootcmd}' if iminfo ${loadaddr}; then bootm ${loadaddr} ${_initramfs} ${fdt_addr_r}; else bootz ${loadaddr} ${_initramfs} ${fdt_addr_r}; bootm ${loadaddr} ${_initramfs} ${fdt_addr_r}; fi'
- 01:23:52 [INFO] Target: 
setenv bootcmd ''${bootcmd}' if iminfo ${loadaddr}; then bootm ${loadaddr} ${_initramfs} ${fdt_addr_r}; else bootz ${loadaddr} ${_initramfs} ${fdt_addr_r}; bootm ${loadaddr} ${_initramfs} ${fdt_addr_r}; fi'
- 01:23:52 [INFO] Host: version
- 01:23:52 [INFO] Target: 
version
U-Boot 2016.05-g5d6f251e04 (Oct 25 2016 - 22:14:09 -0400)
arm-linux-gnueabihf-gcc (Linaro GCC 5.3-2016.02) 5.3.1 20160113
GNU ld (GNU Binutils) 2.25.0 Linaro 2015_10
- 01:23:52 [INFO] Host: bdinfo
- 01:23:52 [INFO] Target: 
bdinfo
arch_number = 0x00000000
boot_params = 0x80000100
DRAM bank   = 0x00000000
-> start    = 0x80000000
-> size     = 0x7F000000
DRAM bank   = 0x00000001
-> start    = 0x00000000
-> size     = 0x00000000
baudrate    = 115200 bps
TLB addr    = 0xFEFF0000
relocaddr   = 0xFEF44000
reloc off   = 0x7E744000
irq_sp      = 0xFDF101C0
sp start    = 0xFDF101B0
- 01:23:52 [INFO] Host: mmc rescan; echo $?
- 01:23:52 [INFO] Target: 
mmc rescan; echo $?
- 01:23:52 [INFO] Host: fatwrite mmc ${mmcdev}:1 ${loadaddr} ws-calibrate.rules 4
- 01:23:52 [INFO] Target: 
fatwrite mmc ${mmcdev}:1 ${loadaddr} ws-calibrate.rules 4
writing ws-calibrate.rules
4 bytes written
- 01:23:52 [INFO] Host: boot
- 01:27:22 [ERROR] On command: boot waiting for boot.+?(?-mix:login:) >>> error: execution expired
- 01:27:22 [INFO] Target: 
boot
## Checking Image at 82000000 ...
Unknown image format!
Kernel image @ 0x82000000 [ 0x000000 - 0x3ad650 ]
## Flattened Device Tree blob at 88000000
   Booting using the fdt blob at 0x88000000
   Loading Device Tree to 8ffe7000, end 8ffff988 ... OK
Starting kernel ...
[    0.000000] Booting Linux on physical CPU 0x0
[    0.000000] Linux version 4.9.0-rc2-next-20161027-00002-g713accad8024 (nmenon@horus) (gcc version 4.9.3 20150413 (prerelease) (Linaro GCC 4.9-2015.05) ) #1 SMP Thu Oct 27 00:19:39 CDT 2016
[    0.000000] CPU: ARMv7 Processor [412fc0f2] revision 2 (ARMv7), cr=10c5387d
[    0.000000] CPU: div instructions available: patching division code
[    0.000000] CPU: PIPT / VIPT nonaliasing data cache, PIPT instruction cache
[    0.000000] OF: fdt:Machine model: TI DRA722
[    0.000000] cma: Reserved 16 MiB at 0xfd800000
[    0.000000] Memory policy: Data cache writealloc
[    0.000000] OMAP4: Map 0xfee00000 to fe600000 for dram barrier
[    0.000000] DRA722 ES2.0
[    0.000000] percpu: Embedded 15 pages/cpu @eed9a000 s31808 r8192 d21440 u61440
[    0.000000] Built 1 zonelists in Zone order, mobility grouping on.  Total pages: 517952
[    0.000000] Kernel command line: console=ttyO0,115200n8 earlyprintk=serial,ttyO0,115200n8 rootwait  ip=:::::eth0:dhcp  root=PARTUUID=00000000-02 rw rootfstype=ext4 rootwait 
[    0.000000] PID hash table entries: 4096 (order: 2, 16384 bytes)
[    0.000000] Dentry cache hash table entries: 131072 (order: 7, 524288 bytes)
[    0.000000] Inode-cache hash table entries: 65536 (order: 6, 262144 bytes)
[    0.000000] Memory: 2022452K/2078720K available (7168K kernel code, 766K rwdata, 2384K rodata, 1024K init, 8126K bss, 39884K reserved, 16384K cma-reserved, 1275904K highmem)
[    0.000000] Virtual kernel memory layout:
[    0.000000]     vector  : 0xffff0000 - 0xffff1000   (   4 kB)
[    0.000000]     fixmap  : 0xffc00000 - 0xfff00000   (3072 kB)
[    0.000000]     vmalloc : 0xf0800000 - 0xff800000   ( 240 MB)
[    0.000000]     lowmem  : 0xc0000000 - 0xf0000000   ( 768 MB)
[    0.000000]     pkmap   : 0xbfe00000 - 0xc0000000   (   2 MB)
[    0.000000]     modules : 0xbf000000 - 0xbfe00000   (  14 MB)
[    0.000000]       .text : 0xc0008000 - 0xc0800000   (8160 kB)
[    0.000000]       .init : 0xc0b00000 - 0xc0c00000   (1024 kB)
[    0.000000]       .data : 0xc0c00000 - 0xc0cbfab4   ( 767 kB)
[    0.000000]        .bss : 0xc0cc1000 - 0xc14b0838   (8127 kB)
[    0.000000] Running RCU self tests
[    0.000000] Hierarchical RCU implementation.
[    0.000000] 	RCU lockdep checking is enabled.
[    0.000000] 	Build-time adjustment of leaf fanout to 32.
[    0.000000] 	RCU restricting CPUs from NR_CPUS=2 to nr_cpu_ids=1.
[    0.000000] RCU: Adjusting geometry for rcu_fanout_leaf=32, nr_cpu_ids=1
[    0.000000] NR_IRQS:16 nr_irqs:16 16
[    0.000000] ti_dt_clocks_register: failed to lookup clock node gmac_gmii_ref_clk_div
[    0.000000] OMAP clockevent source: timer1 at 32786 Hz
[    0.000000] arm_arch_timer: Architected cp15 timer(s) running at 6.14MHz (phys).
[    0.000000] clocksource: arch_sys_counter: mask: 0xffffffffffffff max_cycles: 0x16af5adb9, max_idle_ns: 440795202250 ns
[    0.000004] sched_clock: 56 bits at 6MHz, resolution 162ns, wraps every 4398046511023ns
[    0.000016] Switching to timer-based delay loop, resolution 162ns
[    0.000454] clocksource: 32k_counter: mask: 0xffffffff max_cycles: 0xffffffff, max_idle_ns: 58327039986419 ns
[    0.000463] OMAP clocksource: 32k_counter at 32768 Hz
[    0.001416] Console: colour dummy device 80x30
[    0.001450] Lock dependency validator: Copyright (c) 2006 Red Hat, Inc., Ingo Molnar
[    0.001457] ... MAX_LOCKDEP_SUBCLASSES:  8
[    0.001463] ... MAX_LOCK_DEPTH:          48
[    0.001469] ... MAX_LOCKDEP_KEYS:        8191
[    0.001476] ... CLASSHASH_SIZE:          4096
[    0.001481] ... MAX_LOCKDEP_ENTRIES:     32768
[    0.001487] ... MAX_LOCKDEP_CHAINS:      65536
[    0.001492] ... CHAINHASH_SIZE:          32768
[    0.001498]  memory used by lock dependency info: 5167 kB
[    0.001504]  per task-struct memory footprint: 1536 bytes
[    0.001524] Calibrating delay loop (skipped), value calculated using timer frequency.. 12.29 BogoMIPS (lpj=61475)
[    0.001538] pid_max: default: 32768 minimum: 301
[    0.001790] Security Framework initialized
[    0.001872] Mount-cache hash table entries: 2048 (order: 1, 8192 bytes)
[    0.001883] Mountpoint-cache hash table entries: 2048 (order: 1, 8192 bytes)
[    0.004197] CPU: Testing write buffer coherency: ok
[    0.005096] /cpus/cpu@0 missing clock-frequency property
[    0.005110] CPU0: thread -1, cpu 0, socket 0, mpidr 80000000
[    0.005848] Setting up static identity map for 0x80100000 - 0x80100070
[    0.007502] Brought up 1 CPUs
[    0.007512] SMP: Total of 1 processors activated (12.29 BogoMIPS).
[    0.007520] CPU: All CPU(s) started in HYP mode.
[    0.007526] CPU: Virtualization extensions available.
[    0.010095] devtmpfs: initialized
[    0.072135] VFP support v0.3: implementor 41 architecture 4 part 30 variant f rev 0
[    0.072670] clocksource: jiffies: mask: 0xffffffff max_cycles: 0xffffffff, max_idle_ns: 19112604462750000 ns
[    0.073227] pinctrl core: initialized pinctrl subsystem
[    0.076323] NET: Registered protocol family 16
[    0.080330] DMA: preallocated 256 KiB pool for atomic coherent allocations
[    0.081916] omap_hwmod: l3_main_2 using broken dt data from ocp
[    0.331491] cpuidle: using governor menu
[    0.334218] ------------[ cut here ]------------
[    0.334245] WARNING: CPU: 0 PID: 1 at drivers/bus/omap_l3_noc.c:147 l3_interrupt_handler+0x210/0x33c
[    0.334255] 44000000.ocp:L3 Custom Error: MASTER MPU TARGET GPMC (Read): Data Access in User mode during Functional access
[    0.334261] Modules linked in:
[    0.334276] CPU: 0 PID: 1 Comm: swapper/0 Not tainted 4.9.0-rc2-next-20161027-00002-g713accad8024 #1
[    0.334284] Hardware name: Generic DRA72X (Flattened Device Tree)
[    0.334301] [<c0110084>] (unwind_backtrace) from [<c010c29c>] (show_stack+0x10/0x14)
[    0.334315] [<c010c29c>] (show_stack) from [<c048d54c>] (dump_stack+0xb0/0xe4)
[    0.334331] [<c048d54c>] (dump_stack) from [<c0137748>] (__warn+0xd4/0x100)
[    0.334344] [<c0137748>] (__warn) from [<c01377a8>] (warn_slowpath_fmt+0x34/0x44)
[    0.334358] [<c01377a8>] (warn_slowpath_fmt) from [<c04bdc60>] (l3_interrupt_handler+0x210/0x33c)
[    0.334374] [<c04bdc60>] (l3_interrupt_handler) from [<c01a2a8c>] (__handle_irq_event_percpu+0x3c/0x3d4)
[    0.334387] [<c01a2a8c>] (__handle_irq_event_percpu) from [<c01a2e40>] (handle_irq_event_percpu+0x1c/0x58)
[    0.334399] [<c01a2e40>] (handle_irq_event_percpu) from [<c01a2eb4>] (handle_irq_event+0x38/0x5c)
[    0.334411] [<c01a2eb4>] (handle_irq_event) from [<c01a62e8>] (handle_fasteoi_irq+0xcc/0x1ac)
[    0.334423] [<c01a62e8>] (handle_fasteoi_irq) from [<c01a1dcc>] (generic_handle_irq+0x20/0x34)
[    0.334435] [<c01a1dcc>] (generic_handle_irq) from [<c01a2310>] (__handle_domain_irq+0x64/0xe0)
[    0.334446] [<c01a2310>] (__handle_domain_irq) from [<c0101548>] (gic_handle_irq+0x48/0x9c)
[    0.334459] [<c0101548>] (gic_handle_irq) from [<c07d4af0>] (__irq_svc+0x70/0x98)
[    0.334467] Exception stack(0xee0c7c90 to 0xee0c7cd8)
[    0.334476] 7c80:                                     00000001 00000001 00000000 ee0c4d80
[    0.334486] 7ca0: 60000053 ee20e660 00000017 00000000 ee20e660 60000053 00000017 00000000
[    0.334496] 7cc0: 00000001 ee0c7ce0 c0193d3c c07d43ec 20000053 ffffffff
[    0.334509] [<c07d4af0>] (__irq_svc) from [<c07d43ec>] (_raw_spin_unlock_irqrestore+0x34/0x44)
[    0.334520] [<c07d43ec>] (_raw_spin_unlock_irqrestore) from [<c01a4a94>] (__setup_irq+0x288/0x604)
[    0.334530] [<c01a4a94>] (__setup_irq) from [<c01a4fb8>] (request_threaded_irq+0xdc/0x180)
[    0.334541] [<c01a4fb8>] (request_threaded_irq) from [<c01a7598>] (devm_request_threaded_irq+0x58/0xa4)
[    0.334553] [<c01a7598>] (devm_request_threaded_irq) from [<c04bdf4c>] (omap_l3_probe+0x1c0/0x270)
[    0.334566] [<c04bdf4c>] (omap_l3_probe) from [<c05473c8>] (platform_drv_probe+0x4c/0xb0)
[    0.334578] [<c05473c8>] (platform_drv_probe) from [<c0545588>] (driver_probe_device+0x204/0x2bc)
[    0.334588] [<c0545588>] (driver_probe_device) from [<c05439e4>] (bus_for_each_drv+0x64/0x98)
[    0.334598] [<c05439e4>] (bus_for_each_drv) from [<c05452a0>] (__device_attach+0xb0/0x118)
[    0.334608] [<c05452a0>] (__device_attach) from [<c0544940>] (bus_probe_device+0x88/0x90)
[    0.334621] [<c0544940>] (bus_probe_device) from [<c0542ce4>] (device_add+0x3c4/0x574)
[    0.334634] [<c0542ce4>] (device_add) from [<c065337c>] (of_platform_device_create_pdata+0x80/0xb8)
[    0.334644] [<c065337c>] (of_platform_device_create_pdata) from [<c06534a8>] (of_platform_bus_create+0xe8/0x1e8)
[    0.334654] [<c06534a8>] (of_platform_bus_create) from [<c06536d4>] (of_platform_populate+0x5c/0xac)
[    0.334666] [<c06536d4>] (of_platform_populate) from [<c0b13ecc>] (pdata_quirks_init+0x6c/0x90)
[    0.334677] [<c0b13ecc>] (pdata_quirks_init) from [<c0b13a6c>] (omap_generic_init+0x10/0x1c)
[    0.334689] [<c0b13a6c>] (omap_generic_init) from [<c0b03784>] (customize_machine+0x1c/0x30)
[    0.334701] [<c0b03784>] (customize_machine) from [<c010186c>] (do_one_initcall+0x3c/0x178)
[    0.334712] [<c010186c>] (do_one_initcall) from [<c0b00e94>] (kernel_init_freeable+0x214/0x2e4)
[    0.334725] [<c0b00e94>] (kernel_init_freeable) from [<c07cbdc0>] (kernel_init+0x8/0x118)
[    0.334736] [<c07cbdc0>] (kernel_init) from [<c01078f0>] (ret_from_fork+0x14/0x24)
[    0.334771] ---[ end trace 54bda3e37eb5792b ]---
[    0.350900] OMAP GPIO hardware version 0.1
[    0.383280] irq: no irq domain found for /ocp/l4@4a000000/scm@2000/pinmux@1400 !
[    0.404827] omap-gpmc 50000000.gpmc: could not find pctldev for node /ocp/l4@4a000000/scm@2000/pinmux@1400/nand_default, deferring probe
[    0.409081] platform 4b500000.aes: Cannot lookup hwmod 'aes1'
[    0.409601] platform 4b700000.aes: Cannot lookup hwmod 'aes2'
[    0.410127] platform 480a5000.des: Cannot lookup hwmod 'des'
[    0.410647] platform 4b101000.sham: Cannot lookup hwmod 'sham'
[    0.411207] platform 48090000.rng: Cannot lookup hwmod 'rng'
[    0.416332] No ATAGs?
[    0.416368] hw-breakpoint: found 5 (+1 reserved) breakpoint and 4 watchpoint registers.
[    0.416377] hw-breakpoint: maximum watchpoint size is 8 bytes.
[    0.416811] omap4_sram_init:Unable to allocate sram needed to handle errata I688
[    0.416821] omap4_sram_init:Unable to get sram pool needed to handle errata I688
[    0.418028] OMAP DMA hardware revision 0.0
[    0.464969] omap-dma-engine 4a056000.dma-controller: OMAP DMA engine driver (LinkedList1/2/3 supported)
[    0.466515] edma 43300000.edma: memcpy is disabled
[    0.477813] edma 43300000.edma: TI EDMA DMA engine driver
[    0.478982] aic_dvdd: supplied by evm_3v3
[    0.483846] SCSI subsystem initialized
[    0.484823] omap_i2c 48070000.i2c: could not find pctldev for node /ocp/l4@4a000000/scm@2000/pinmux@1400/pinmux_i2c1_pins, deferring probe
[    0.484882] omap_i2c 4807c000.i2c: could not find pctldev for node /ocp/l4@4a000000/scm@2000/pinmux@1400/pinmux_i2c5_pins, deferring probe
[    0.485098] pps_core: LinuxPPS API ver. 1 registered
[    0.485106] pps_core: Software ver. 5.3.6 - Copyright 2005-2007 Rodolfo Giometti <giometti@linux.it>
[    0.485138] PTP clock support registered
[    0.487740] clocksource: Switched to clocksource arch_sys_counter
[    0.562224] VFS: Disk quotas dquot_6.6.0
[    0.562320] VFS: Dquot-cache hash table entries: 1024 (order 0, 4096 bytes)
[    0.583360] NET: Registered protocol family 2
[    0.584458] TCP established hash table entries: 8192 (order: 3, 32768 bytes)
[    0.584587] TCP bind hash table entries: 8192 (order: 6, 294912 bytes)
[    0.586834] TCP: Hash tables configured (established 8192 bind 8192)
[    0.586975] UDP hash table entries: 512 (order: 3, 40960 bytes)
[    0.587280] UDP-Lite hash table entries: 512 (order: 3, 40960 bytes)
[    0.588178] NET: Registered protocol family 1
[    0.589424] RPC: Registered named UNIX socket transport module.
[    0.589435] RPC: Registered udp transport module.
[    0.589444] RPC: Registered tcp transport module.
[    0.589452] RPC: Registered tcp NFSv4.1 backchannel transport module.
[    0.591752] hw perfevents: enabled with armv7_cortex_a15 PMU driver, 7 counters available
[    0.595655] futex hash table entries: 256 (order: 2, 16384 bytes)
[    0.595776] audit: initializing netlink subsys (disabled)
[    0.595899] audit: type=2000 audit(0.579:1): initialized
[    0.598772] workingset: timestamp_bits=14 max_order=19 bucket_order=5
[    0.600252] NFS: Registering the id_resolver key type
[    0.600473] Key type id_resolver registered
[    0.600483] Key type id_legacy registered
[    0.600581] jffs2: version 2.2. (NAND) (SUMMARY)   2001-2006 Red Hat, Inc.
[    0.604733] bounce: pool size: 64 pages
[    0.604784] io scheduler noop registered
[    0.604793] io scheduler deadline registered
[    0.604837] io scheduler cfq registered (default)
[    0.611363] pinctrl-single 4a003400.pinmux: 282 pins at pa fc003400 size 1128
[    0.619143] Serial: 8250/16550 driver, 4 ports, IRQ sharing enabled
[    0.623647] 4806a000.serial: ttyO0 at MMIO 0x4806a000 (irq = 301, base_baud = 3000000) is a OMAP UART0
[    1.830568] console [ttyO0] enabled
[    1.858825] brd: module loaded
[    1.875890] loop: module loaded
[    1.881388] ahci 4a140000.sata: SSS flag set, parallel bus scan disabled
[    1.888444] ahci 4a140000.sata: AHCI 0001.0300 32 slots 1 ports 3 Gbps 0x1 impl platform mode
[    1.897353] ahci 4a140000.sata: flags: 64bit ncq sntf stag pm led clo only pmp pio slum part ccc apst 
[    1.909694] scsi host0: ahci
[    1.913505] ata1: SATA max UDMA/133 mmio [mem 0x4a140000-0x4a1410ff] port 0x100 irq 332
[    1.922573] mtdoops: mtd device (mtddev=name/number) must be supplied
[    1.932034] libphy: Fixed MDIO Bus: probed
[    1.939318] cpsw 48484000.ethernet: gpio request failed, ret -517
[    1.947508] mousedev: PS/2 mouse device common for all mice
[    1.953371] i2c /dev entries driver
[    1.959192] omap_hsmmc 4809c000.mmc: Got CD GPIO
[    2.018410] ledtrig-cpu: registered to indicate activity on CPUs
[    2.025972] oprofile: using timer interrupt.
[    2.030764] Initializing XFRM netlink socket
[    2.035395] NET: Registered protocol family 10
[    2.041962] sit: IPv6, IPv4 and MPLS over IPv4 tunneling driver
[    2.049569] NET: Registered protocol family 17
[    2.054249] NET: Registered protocol family 15
[    2.059105] Key type dns_resolver registered
[    2.063694] omap_voltage_late_init: Voltage driver support not added
[    2.070367] sr_dev_init: Unable to get voltage domain pointer for VDD core
[    2.077553] sr_dev_init: Unable to get voltage domain pointer for VDD mpu
[    2.084995] Power Management for TI OMAP4+ devices.
[    2.090448] ThumbEE CPU extension supported.
[    2.094936] Registering SWP/SWPB emulation handler
[    2.099969] SmartReflex Class3 initialized
[    2.149151] omap-gpmc 50000000.gpmc: GPMC revision 6.0
[    2.154622] gpmc_mem_init: disabling cs 0 mapped at 0x0-0x1000000
[    2.163772] nand: No NAND device found
[    2.167749] omap2-nand 8000000.nand: scan failed, may be bus-width mismatch
[    2.179256] palmas 0-0058: Irq flag is 0x00000000
[    2.211801] palmas 0-0058: Muxing GPIO 1d, PWM 0, LED 0
[    2.236532] mmc0: new high speed MMC card at address 0001
[    2.244477] mmcblk0: mmc0:0001 MMC08G 7.25 GiB 
[    2.250007] mmcblk0boot0: mmc0:0001 MMC08G partition 1 8.00 MiB
[    2.256849] random: fast init done
[    2.261503] mmcblk0boot1: mmc0:0001 MMC08G partition 2 8.00 MiB
[    2.270386]  mmcblk0: p1 p2 p3
[    2.288320] pcf857x 0-0021: probed
[    2.292242] omap_i2c 48070000.i2c: bus 0 rev0.12 at 400 kHz
[    2.312416] ata1: SATA link down (SStatus 0 SControl 300)
[    2.348217] GPIO line 479 (vin6_sel_s0) hogged as output/low
[    2.354682] pcf857x 4-0026: probed
[    2.358308] omap_i2c 4807c000.i2c: bus 4 rev0.12 at 400 kHz
[    2.417721] davinci_mdio 48485000.mdio: davinci mdio revision 1.6
[    2.424109] davinci_mdio 48485000.mdio: no live phy, scanning all
[    2.432036] davinci_mdio: probe of 48485000.mdio failed with error -5
[    2.439634] cpsw 48484000.ethernet: Detected MACID = 5c:f8:21:14:64:c2
[    2.450523] omap_hsmmc 4809c000.mmc: Got CD GPIO
[    2.458184] omap_hsmmc 4809c000.mmc: Got CD GPIO
[    2.519207] hctosys: unable to open rtc device (rtc0)
[    2.524496] sr_init: No PMIC hook to init smartreflex
[    2.530023] sr_init: platform driver register failed for SR
[    2.538987] net eth0: initializing cpsw version 1.15 (0)
[    2.546551] libphy: PHY 48485000.mdio:03 not found
[    2.551594] net eth0: phy "48485000.mdio:03" not found on slave 0, err -19
[    2.567272] IPv6: ADDRCONF(NETDEV_UP): eth0: link is not ready
[   12.587713] Waiting up to 110 more seconds for network.
[   22.607711] Waiting up to 100 more seconds for network.
[   32.627711] Waiting up to 90 more seconds for network.
[   42.647711] Waiting up to 80 more seconds for network.
[   52.667711] Waiting up to 70 more seconds for network.
[   62.687711] Waiting up to 60 more seconds for network.
[   72.707711] Waiting up to 50 more seconds for network.
[   82.727711] Waiting up to 40 more seconds for network.
[   92.747711] Waiting up to 30 more seconds for network.
[  102.767710] Waiting up to 20 more seconds for network.
[  112.787711] Waiting up to 10 more seconds for network.
[  122.597719] Sending DHCP requests ...... timed out!
[  205.304913] IP-Config: Reopening network devices...
[  205.310097] net eth0: initializing cpsw version 1.15 (0)
[  205.317653] libphy: PHY 48485000.mdio:03 not found
[  205.322723] net eth0: phy "48485000.mdio:03" not found on slave 0, err -19
[  205.335308] IPv6: ADDRCONF(NETDEV_UP): eth0: link is not ready
- 01:27:22 [INFO] Boot attempt 1/1 failed
- 01:27:22 [INFO] Collecting kernel traces via sysrq...
- 01:27:33 [INFO] [  215.357711] Waiting up to 110 more seconds for network.
- 01:27:43 [INFO] [  225.377711] Waiting up to 100 more seconds for network.
- 01:27:53 [INFO] [  235.397711] Waiting up to 90 more seconds for network.
- 01:27:53 [INFO] Disconnected serial from dra72x-evm
URL:gtsystest.telogy.design.ti.com/vatf/tigtfarm07/tigtfarm07_vatf@j6eco-evm1/tigtfarm0710_27_2016_01_23_33/files/session_iteration_1/test_1
