- 06:52:07 [INFO] Starting target session
- 06:52:07 [INFO] Connected to dra72x-evm via serial 
- 06:52:07 [INFO] Host: #check prompt
- 06:52:10 [ERROR] On command: #check prompt waiting for #check prompt.+?(?-mix:((?-mix:login:)|[Pp]assword)) >>> error: execution expired
- 06:52:10 [INFO] Target: 
#check prompt
root@dra7xx-evm:/test# 
- 06:52:10 [INFO] Host: #check prompt
- 06:52:10 [INFO] Target: 
#check prompt
root@dra7xx-evm:/test# 
- 06:52:10 [INFO] Host: sync;poweroff
- 06:52:19 [INFO] Target: 
sync;poweroff
INIT: S
Broadcast message from root@dra7xx-evm (ttyO0) (Thu Sep  4 14:48:24 2014):
The system is going down for system halt NOW!
Stopping Dropbear SSH server: stopped /usr/sbin/dropbear (pid 624)
dropbear.
Stopping telnet daemon.
Stopping system message bus: dbus.
hwclock: can't open '/dev/misc/rtc': No such file or directory
Error opening /dev/fb0: No such file or directory
Stopping syslogd/klogd: stopped syslogd (pid 659)
stopped klogd (pid 662)
done
Stopping thttpd.
stopping statd: done
ALSA: Storing mixer settings...
/usr/sbin/alsactl: save_state:1590: No soundcards found...
Stopping rpcbind daemon...
done.
Stopping Lighttpd Web Server: stopped /usr/sbin/lighttpd (pid 673)
lighttpd.
Deconfiguring network interfaces... done.
Stopping Matrix GUI applicationstart-stop-daemon: warning: killing process 679: No such process
***************************************************************
***************************************************************
NOTICE: This file system contains the followin GPLv3 packages:
	binutils
	elfutils
	gdbserver
	libdw1
	libelf1
	parted
If you do not wish to distribute GPLv3 components please remove
the above packages prior to distribution.  This can be done using
the opkg remove command.  i.e.:
    opkg remove <package>
Where <package> is the name printed in the list above
NOTE: If the package is a dependency of another package you
      will be notified of the dependent packages.  You should
      use the --force-removal-of-dependent-packages option to
      also remove the dependent packages as well
***************************************************************
***************************************************************
Sending all processes the TERM signal...
Sending all processes the KILL signal...
Unmounting remote filesystems...
Deactivating swap...
Unmounting local filesystems...
[ 8919.817768] EXT4-fs (mmcblk1p2): re-mounted. Opts: data=ordered
[ 8921.929896] reboot: Power down
- 06:52:19 [INFO] Disconnected serial from dra72x-evm
- 06:52:49 [INFO] Connected to dra72x-evm via serial 
- 06:52:49 [INFO] Host: 
- 06:52:50 [INFO] Target: 
cpsw
Hit any key to stop autoboot:  1  0 
U-Boot# 
- 06:52:50 [INFO] Host: 
- 06:52:50 [INFO] Target: 
U-Boot# 
- 06:52:50 [INFO] Host: version
- 06:52:51 [INFO] Target: 
version
U-Boot 2014.07-00071-gaca0808 (Oct 02 2014 - 11:23:33)
arm-linux-gnueabihf-gcc (crosstool-NG linaro-1.13.1-4.7-2013.03-20130313 - Linaro GCC 2013.03) 4.7.3 20130226 (prerelease)
GNU ld (crosstool-NG linaro-1.13.1-4.7-2013.03-20130313 - Linaro GCC 2013.03) 2.23.1
U-Boot# 
- 06:52:51 [INFO] Host: setenv bootargs 'console=ttyO0,115200n8 earlyprintk rootwait '
- 06:52:51 [INFO] Target: 
setenv bootargs 'console=ttyO0,115200n8 earlyprintk rootwait '
U-Boot# 
- 06:52:51 [INFO] Host: setenv bootcmd  ''
- 06:52:52 [INFO] Target: 
setenv bootcmd  ''
U-Boot# 
- 06:52:52 [INFO] Host: setenv autoload 'no'
- 06:52:52 [INFO] Target: 
setenv autoload 'no'
U-Boot# 
- 06:52:52 [INFO] Host: setenv serverip '192.168.0.1'
- 06:52:53 [INFO] Target: 
setenv serverip '192.168.0.1'
U-Boot# 
- 06:52:53 [INFO] Host: printenv
- 06:52:53 [INFO] Target: 
printenv
arch=arm
autoload=no
baudrate=115200
board=dra7xx
board_name=dra72x
bootargs=console=ttyO0,115200n8 earlyprintk rootwait 
bootcmd=
bootdelay=1
bootdir=/boot
bootfile=zImage
bootm_size=0x10000000
bootpart=0:2
bootscript=echo Running bootscript from mmc${mmcdev} ...; source ${loadaddr}
console=ttyO0,115200n8
cpu=armv7
dfu_alt_info_emmc=MLO raw 0x100 0x100 mmcpart 0;u-boot.img raw 0x300 0x1000 mmcpart 0
dfu_alt_info_mmc=boot part 0 1;rootfs part 0 2;MLO fat 0 1;spl-os-args fat 0 1;spl-os-image fat 0 1;u-boot.img fat 0 1;uEnv.txt fat 0 1
dfu_alt_info_ram=kernel ram 0x80200000 0x4000000;fdt ram 0x80f80000 0x80000;ramdisk ram 0x81000000 0x4000000
dfu_bufsiz=0x10000
eth1addr=b4:99:4c:1b:f6:af
ethact=cpsw
ethaddr=b4:99:4c:1b:f6:ae
fdt_addr_r=0x88000000
fdtaddr=0x88000000
fdtfile=undefined
findfdt=if test $board_name = omap5_uevm; then setenv fdtfile omap5-uevm.dtb; fi; if test $board_name = dra7xx; then setenv fdtfile dra7-evm.dtb; fi;if test $board_name = dra72x; then setenv fdtfile dra72-evm.dtb; fi;if test $fdtfile = undefined; then echo WARNING: Could not determine device tree to use; fi; 
importbootenv=echo Importing environment from mmc${mmcdev} ...; env import -t ${loadaddr} ${filesize}
kernel_addr_r=0x82000000
loadaddr=0x82000000
loadbootenv=fatload mmc ${mmcdev} ${loadaddr} uEnv.txt
loadbootscript=fatload mmc ${mmcdev} ${loadaddr} boot.scr
loadfdt=load mmc ${bootpart} ${fdtaddr} ${bootdir}/${fdtfile};
loadimage=load mmc ${bootpart} ${loadaddr} ${bootdir}/${bootfile}
mmcargs=setenv bootargs console=${console} ${optargs} vram=${vram} root=${mmcroot} rootfstype=${mmcrootfstype}
mmcboot=mmc dev ${mmcdev}; if mmc rescan; then echo SD/MMC found on device ${mmcdev};if run loadbootenv; then echo Loaded environment from ${bootenv};run importbootenv;fi;if test -n $uenvcmd; then echo Running uenvcmd ...;run uenvcmd;fi;if run loadimage; then run loadfdt; echo Booting from mmc${mmcdev} ...; run mmcargs; bootz ${loadaddr} - ${fdtaddr}; fi;fi;
mmcdev=0
mmcroot=/dev/mmcblk1p2 rw
mmcrootfstype=ext4 rootwait
mtdids=nand0=nand.0
mtdparts=mtdparts=nand.0:128k(NAND.SPL),128k(NAND.SPL.backup1),128k(NAND.SPL.backup2),128k(NAND.SPL.backup3),256k(NAND.u-boot-spl-os),1m(NAND.u-boot),128k(NAND.u-boot-env),128k(NAND.u-boot-env.backup1),8m(NAND.kernel),-(NAND.file-system)
nandargs=setenv bootargs console=${console} ${optargs} root=${nandroot} rootfstype=${nandrootfstype}
nandboot=echo Booting from nand ...; run nandargs; nand read ${fdtaddr} NAND.u-boot-spl-os; nand read ${loadaddr} NAND.kernel; bootz ${loadaddr} - ${fdtaddr}
nandroot=ubi0:rootfs rw ubi.mtd=NAND.file-system,2048
nandrootfstype=ubifs rootwait=1
partitions=uuid_disk=${uuid_gpt_disk};name=rootfs,start=2MiB,size=-,uuid=${uuid_gpt_rootfs}
ramdisk_addr_r=0x88080000
rdaddr=0x88080000
scsidevs=0
serverip=192.168.0.1
soc=omap5
stderr=serial
stdin=serial
stdout=serial
usbtty=cdc_acm
vendor=ti
ver=U-Boot 2014.07-00071-gaca0808 (Oct 02 2014 - 11:23:33)
vram=16M
Environment size: 3057/131067 bytes
U-Boot# 
- 06:52:53 [INFO] Host: printenv
- 06:52:54 [INFO] Target: 
printenv
arch=arm
autoload=no
baudrate=115200
board=dra7xx
board_name=dra72x
bootargs=console=ttyO0,115200n8 earlyprintk rootwait 
bootcmd=
bootdelay=1
bootdir=/boot
bootfile=zImage
bootm_size=0x10000000
bootpart=0:2
bootscript=echo Running bootscript from mmc${mmcdev} ...; source ${loadaddr}
console=ttyO0,115200n8
cpu=armv7
dfu_alt_info_emmc=MLO raw 0x100 0x100 mmcpart 0;u-boot.img raw 0x300 0x1000 mmcpart 0
dfu_alt_info_mmc=boot part 0 1;rootfs part 0 2;MLO fat 0 1;spl-os-args fat 0 1;spl-os-image fat 0 1;u-boot.img fat 0 1;uEnv.txt fat 0 1
dfu_alt_info_ram=kernel ram 0x80200000 0x4000000;fdt ram 0x80f80000 0x80000;ramdisk ram 0x81000000 0x4000000
dfu_bufsiz=0x10000
eth1addr=b4:99:4c:1b:f6:af
ethact=cpsw
ethaddr=b4:99:4c:1b:f6:ae
fdt_addr_r=0x88000000
fdtaddr=0x88000000
fdtfile=undefined
findfdt=if test $board_name = omap5_uevm; then setenv fdtfile omap5-uevm.dtb; fi; if test $board_name = dra7xx; then setenv fdtfile dra7-evm.dtb; fi;if test $board_name = dra72x; then setenv fdtfile dra72-evm.dtb; fi;if test $fdtfile = undefined; then echo WARNING: Could not determine device tree to use; fi; 
importbootenv=echo Importing environment from mmc${mmcdev} ...; env import -t ${loadaddr} ${filesize}
kernel_addr_r=0x82000000
loadaddr=0x82000000
loadbootenv=fatload mmc ${mmcdev} ${loadaddr} uEnv.txt
loadbootscript=fatload mmc ${mmcdev} ${loadaddr} boot.scr
loadfdt=load mmc ${bootpart} ${fdtaddr} ${bootdir}/${fdtfile};
loadimage=load mmc ${bootpart} ${loadaddr} ${bootdir}/${bootfile}
mmcargs=setenv bootargs console=${console} ${optargs} vram=${vram} root=${mmcroot} rootfstype=${mmcrootfstype}
mmcboot=mmc dev ${mmcdev}; if mmc rescan; then echo SD/MMC found on device ${mmcdev};if run loadbootenv; then echo Loaded environment from ${bootenv};run importbootenv;fi;if test -n $uenvcmd; then echo Running uenvcmd ...;run uenvcmd;fi;if run loadimage; then run loadfdt; echo Booting from mmc${mmcdev} ...; run mmcargs; bootz ${loadaddr} - ${fdtaddr}; fi;fi;
mmcdev=0
mmcroot=/dev/mmcblk1p2 rw
mmcrootfstype=ext4 rootwait
mtdids=nand0=nand.0
mtdparts=mtdparts=nand.0:128k(NAND.SPL),128k(NAND.SPL.backup1),128k(NAND.SPL.backup2),128k(NAND.SPL.backup3),256k(NAND.u-boot-spl-os),1m(NAND.u-boot),128k(NAND.u-boot-env),128k(NAND.u-boot-env.backup1),8m(NAND.kernel),-(NAND.file-system)
nandargs=setenv bootargs console=${console} ${optargs} root=${nandroot} rootfstype=${nandrootfstype}
nandboot=echo Booting from nand ...; run nandargs; nand read ${fdtaddr} NAND.u-boot-spl-os; nand read ${loadaddr} NAND.kernel; bootz ${loadaddr} - ${fdtaddr}
nandroot=ubi0:rootfs rw ubi.mtd=NAND.file-system,2048
nandrootfstype=ubifs rootwait=1
partitions=uuid_disk=${uuid_gpt_disk};name=rootfs,start=2MiB,size=-,uuid=${uuid_gpt_rootfs}
ramdisk_addr_r=0x88080000
rdaddr=0x88080000
scsidevs=0
serverip=192.168.0.1
soc=omap5
stderr=serial
stdin=serial
stdout=serial
usbtty=cdc_acm
vendor=ti
ver=U-Boot 2014.07-00071-gaca0808 (Oct 02 2014 - 11:23:33)
vram=16M
Environment size: 3057/131067 bytes
U-Boot# 
- 06:52:54 [INFO] Host: setenv bootargs ''${bootargs}' ip=dhcp '
- 06:52:54 [INFO] Target: 
setenv bootargs ''${bootargs}' ip=dhcp '
U-Boot# 
- 06:52:54 [INFO] Host: setenv serverip '192.168.0.1'
- 06:52:55 [INFO] Target: 
setenv serverip '192.168.0.1'
U-Boot# 
- 06:52:55 [INFO] Host: setenv ipaddr dhcp
- 06:52:55 [INFO] Target: 
setenv ipaddr dhcp
U-Boot# 
- 06:52:55 [INFO] Host: setenv autoload 'no'
- 06:52:56 [INFO] Target: 
setenv autoload 'no'
U-Boot# 
- 06:52:56 [INFO] Host: dhcp
- 06:52:57 [INFO] Target: 
dhcp
link up on port 1, speed 1000, full duplex
BOOTP broadcast 1
DHCP client bound to address 192.168.0.180
U-Boot# 
- 06:52:57 [INFO] Host: setenv serverip '192.168.0.1'
- 06:52:58 [INFO] Target: 
setenv serverip '192.168.0.1'
U-Boot# 
- 06:52:58 [INFO] Host: tftp ${loadaddr} 192.168.0.1:vatf_j6eco-evm2/7491fac6bebfd4b33955681f92cfe20b
- 06:52:58 [INFO] Target: 
tftp ${loadaddr} 192.168.0.1:vatf_j6eco-evm2/7491fac6bebfd4b33955681f92cfe20b
link up on port 1, speed 1000, full duplex
Using cpsw device
TFTP from server 192.168.0.1; our IP address is 192.168.0.180
Filename 'vatf_j6eco-evm2/7491fac6bebfd4b33955681f92cfe20b'.
Load address: 0x82000000
Loading: *#################################################################
	 #################################################################
	 #################################################################
	 #################################################################
	 #######################################################
	 11.2 MiB/s
done
Bytes transferred = 4613904 (466710 hex)
U-Boot# 
- 06:52:58 [INFO] Host: tftp ${fdt_addr_r} 192.168.0.1:vatf_j6eco-evm2/41ab20f216a106e106dbb3dc9b3fc257
- 06:52:59 [INFO] Target: 
tftp ${fdt_addr_r} 192.168.0.1:vatf_j6eco-evm2/41ab20f216a106e106dbb3dc9b3fc257
link up on port 1, speed 1000, full duplex
Using cpsw device
TFTP from server 192.168.0.1; our IP address is 192.168.0.180
Filename 'vatf_j6eco-evm2/41ab20f216a106e106dbb3dc9b3fc257'.
Load address: 0x88000000
Loading: *#####
	 9.5 MiB/s
done
Bytes transferred = 69935 (1112f hex)
U-Boot# 
- 06:52:59 [INFO] Host: ls mmc 0:1
- 06:52:59 [INFO] Target: 
ls mmc 0:1
    73624   mlo 
     1164   readme 
   433092   u-boot.img 
      574   uenv.txt 
        4   ws-calibrate.rules 
5 file(s), 0 dir(s)
U-Boot# 
- 06:52:59 [INFO] Host: ls mmc 0:2
- 06:53:00 [INFO] Target: 
ls mmc 0:2
<DIR>       4096 .
<DIR>       4096 ..
<DIR>       4096 bin
<DIR>       4096 boot
<DIR>       4096 dev
<DIR>       4096 etc
<DIR>       4096 home
<DIR>       4096 lib
<DIR>       4096 media
<DIR>       4096 mnt
<DIR>       4096 opt
<DIR>       4096 proc
<DIR>       4096 run
<DIR>       4096 sbin
<DIR>       4096 srv
<DIR>       4096 sys
<SYM>          8 tmp
<DIR>       4096 usr
<DIR>       4096 var
<DIR>       4096 www
<DIR>       4096 test
U-Boot# 
- 06:53:00 [INFO] Host: part uuid mmc 0:2
- 06:53:00 [INFO] Target: 
part uuid mmc 0:2
00000000-02
U-Boot# 
- 06:53:00 [INFO] Host: printenv
- 06:53:01 [INFO] Target: 
printenv
arch=arm
autoload=no
baudrate=115200
board=dra7xx
board_name=dra72x
bootargs=console=ttyO0,115200n8 earlyprintk rootwait  ip=dhcp 
bootcmd=
bootdelay=1
bootdir=/boot
bootfile=zImage
bootm_size=0x10000000
bootpart=0:2
bootscript=echo Running bootscript from mmc${mmcdev} ...; source ${loadaddr}
console=ttyO0,115200n8
cpu=armv7
dfu_alt_info_emmc=MLO raw 0x100 0x100 mmcpart 0;u-boot.img raw 0x300 0x1000 mmcpart 0
dfu_alt_info_mmc=boot part 0 1;rootfs part 0 2;MLO fat 0 1;spl-os-args fat 0 1;spl-os-image fat 0 1;u-boot.img fat 0 1;uEnv.txt fat 0 1
dfu_alt_info_ram=kernel ram 0x80200000 0x4000000;fdt ram 0x80f80000 0x80000;ramdisk ram 0x81000000 0x4000000
dfu_bufsiz=0x10000
dnsip=192.0.2.2
dnsip2=192.0.2.3
eth1addr=b4:99:4c:1b:f6:af
ethact=cpsw
ethaddr=b4:99:4c:1b:f6:ae
fdt_addr_r=0x88000000
fdtaddr=0x88000000
fdtfile=undefined
fileaddr=88000000
filesize=1112f
findfdt=if test $board_name = omap5_uevm; then setenv fdtfile omap5-uevm.dtb; fi; if test $board_name = dra7xx; then setenv fdtfile dra7-evm.dtb; fi;if test $board_name = dra72x; then setenv fdtfile dra72-evm.dtb; fi;if test $fdtfile = undefined; then echo WARNING: Could not determine device tree to use; fi; 
gatewayip=192.168.0.1
importbootenv=echo Importing environment from mmc${mmcdev} ...; env import -t ${loadaddr} ${filesize}
ipaddr=192.168.0.180
kernel_addr_r=0x82000000
loadaddr=0x82000000
loadbootenv=fatload mmc ${mmcdev} ${loadaddr} uEnv.txt
loadbootscript=fatload mmc ${mmcdev} ${loadaddr} boot.scr
loadfdt=load mmc ${bootpart} ${fdtaddr} ${bootdir}/${fdtfile};
loadimage=load mmc ${bootpart} ${loadaddr} ${bootdir}/${bootfile}
mmcargs=setenv bootargs console=${console} ${optargs} vram=${vram} root=${mmcroot} rootfstype=${mmcrootfstype}
mmcboot=mmc dev ${mmcdev}; if mmc rescan; then echo SD/MMC found on device ${mmcdev};if run loadbootenv; then echo Loaded environment from ${bootenv};run importbootenv;fi;if test -n $uenvcmd; then echo Running uenvcmd ...;run uenvcmd;fi;if run loadimage; then run loadfdt; echo Booting from mmc${mmcdev} ...; run mmcargs; bootz ${loadaddr} - ${fdtaddr}; fi;fi;
mmcdev=0
mmcroot=/dev/mmcblk1p2 rw
mmcrootfstype=ext4 rootwait
mtdids=nand0=nand.0
mtdparts=mtdparts=nand.0:128k(NAND.SPL),128k(NAND.SPL.backup1),128k(NAND.SPL.backup2),128k(NAND.SPL.backup3),256k(NAND.u-boot-spl-os),1m(NAND.u-boot),128k(NAND.u-boot-env),128k(NAND.u-boot-env.backup1),8m(NAND.kernel),-(NAND.file-system)
nandargs=setenv bootargs console=${console} ${optargs} root=${nandroot} rootfstype=${nandrootfstype}
nandboot=echo Booting from nand ...; run nandargs; nand read ${fdtaddr} NAND.u-boot-spl-os; nand read ${loadaddr} NAND.kernel; bootz ${loadaddr} - ${fdtaddr}
nandroot=ubi0:rootfs rw ubi.mtd=NAND.file-system,2048
nandrootfstype=ubifs rootwait=1
netmask=255.255.255.0
partitions=uuid_disk=${uuid_gpt_disk};name=rootfs,start=2MiB,size=-,uuid=${uuid_gpt_rootfs}
ramdisk_addr_r=0x88080000
rdaddr=0x88080000
scsidevs=0
serverip=192.168.0.1
soc=omap5
stderr=serial
stdin=serial
stdout=serial
usbtty=cdc_acm
vendor=ti
ver=U-Boot 2014.07-00071-gaca0808 (Oct 02 2014 - 11:23:33)
vram=16M
Environment size: 3211/131067 bytes
U-Boot# 
- 06:53:01 [INFO] Host: setenv bootargs ''${bootargs}' root=PARTUUID=00000000-02 rw rootfstype=ext4 rootwait '
- 06:53:01 [INFO] Target: 
setenv bootargs ''${bootargs}' root=PARTUUID=00000000-02 rw rootfstype=ext4 rootwait '
U-Boot# 
- 06:53:01 [INFO] Host: printenv
- 06:53:02 [INFO] Target: 
printenv
arch=arm
autoload=no
baudrate=115200
board=dra7xx
board_name=dra72x
bootargs=console=ttyO0,115200n8 earlyprintk rootwait  ip=dhcp  root=PARTUUID=00000000-02 rw rootfstype=ext4 rootwait 
bootcmd=
bootdelay=1
bootdir=/boot
bootfile=zImage
bootm_size=0x10000000
bootpart=0:2
bootscript=echo Running bootscript from mmc${mmcdev} ...; source ${loadaddr}
console=ttyO0,115200n8
cpu=armv7
dfu_alt_info_emmc=MLO raw 0x100 0x100 mmcpart 0;u-boot.img raw 0x300 0x1000 mmcpart 0
dfu_alt_info_mmc=boot part 0 1;rootfs part 0 2;MLO fat 0 1;spl-os-args fat 0 1;spl-os-image fat 0 1;u-boot.img fat 0 1;uEnv.txt fat 0 1
dfu_alt_info_ram=kernel ram 0x80200000 0x4000000;fdt ram 0x80f80000 0x80000;ramdisk ram 0x81000000 0x4000000
dfu_bufsiz=0x10000
dnsip=192.0.2.2
dnsip2=192.0.2.3
eth1addr=b4:99:4c:1b:f6:af
ethact=cpsw
ethaddr=b4:99:4c:1b:f6:ae
fdt_addr_r=0x88000000
fdtaddr=0x88000000
fdtfile=undefined
fileaddr=88000000
filesize=1112f
findfdt=if test $board_name = omap5_uevm; then setenv fdtfile omap5-uevm.dtb; fi; if test $board_name = dra7xx; then setenv fdtfile dra7-evm.dtb; fi;if test $board_name = dra72x; then setenv fdtfile dra72-evm.dtb; fi;if test $fdtfile = undefined; then echo WARNING: Could not determine device tree to use; fi; 
gatewayip=192.168.0.1
importbootenv=echo Importing environment from mmc${mmcdev} ...; env import -t ${loadaddr} ${filesize}
ipaddr=192.168.0.180
kernel_addr_r=0x82000000
loadaddr=0x82000000
loadbootenv=fatload mmc ${mmcdev} ${loadaddr} uEnv.txt
loadbootscript=fatload mmc ${mmcdev} ${loadaddr} boot.scr
loadfdt=load mmc ${bootpart} ${fdtaddr} ${bootdir}/${fdtfile};
loadimage=load mmc ${bootpart} ${loadaddr} ${bootdir}/${bootfile}
mmcargs=setenv bootargs console=${console} ${optargs} vram=${vram} root=${mmcroot} rootfstype=${mmcrootfstype}
mmcboot=mmc dev ${mmcdev}; if mmc rescan; then echo SD/MMC found on device ${mmcdev};if run loadbootenv; then echo Loaded environment from ${bootenv};run importbootenv;fi;if test -n $uenvcmd; then echo Running uenvcmd ...;run uenvcmd;fi;if run loadimage; then run loadfdt; echo Booting from mmc${mmcdev} ...; run mmcargs; bootz ${loadaddr} - ${fdtaddr}; fi;fi;
mmcdev=0
mmcroot=/dev/mmcblk1p2 rw
mmcrootfstype=ext4 rootwait
mtdids=nand0=nand.0
mtdparts=mtdparts=nand.0:128k(NAND.SPL),128k(NAND.SPL.backup1),128k(NAND.SPL.backup2),128k(NAND.SPL.backup3),256k(NAND.u-boot-spl-os),1m(NAND.u-boot),128k(NAND.u-boot-env),128k(NAND.u-boot-env.backup1),8m(NAND.kernel),-(NAND.file-system)
nandargs=setenv bootargs console=${console} ${optargs} root=${nandroot} rootfstype=${nandrootfstype}
nandboot=echo Booting from nand ...; run nandargs; nand read ${fdtaddr} NAND.u-boot-spl-os; nand read ${loadaddr} NAND.kernel; bootz ${loadaddr} - ${fdtaddr}
nandroot=ubi0:rootfs rw ubi.mtd=NAND.file-system,2048
nandrootfstype=ubifs rootwait=1
netmask=255.255.255.0
partitions=uuid_disk=${uuid_gpt_disk};name=rootfs,start=2MiB,size=-,uuid=${uuid_gpt_rootfs}
ramdisk_addr_r=0x88080000
rdaddr=0x88080000
scsidevs=0
serverip=192.168.0.1
soc=omap5
stderr=serial
stdin=serial
stdout=serial
usbtty=cdc_acm
vendor=ti
ver=U-Boot 2014.07-00071-gaca0808 (Oct 02 2014 - 11:23:33)
vram=16M
Environment size: 3266/131067 bytes
U-Boot# 
- 06:53:02 [INFO] Host: setenv bootcmd ''${bootcmd}' if iminfo ${loadaddr}; then bootm ${loadaddr} - ${fdt_addr_r}; else bootz ${loadaddr} - ${fdt_addr_r}; bootm ${loadaddr} - ${fdt_addr_r}; fi'
- 06:53:02 [INFO] Target: 
setenv bootcmd ''${bootcmd}' if iminfo ${loadaddr}; then bootm ${loadaddr} - ${fdt_addr_r}; else bootz ${loadaddr} - ${fdt_addr_r}; bootm ${loadaddr} - ${fdt_addr_r}; fi'
U-Boot# 
- 06:53:02 [INFO] Host: bdinfo
- 06:53:03 [INFO] Target: 
bdinfo
arch_number = 0x00000000
boot_params = 0x80000100
DRAM bank   = 0x00000000
-> start    = 0x80000000
-> size     = 0x40000000
eth0name    = cpsw
ethaddr     = b4:99:4c:1b:f6:ae
current eth = cpsw
ip_addr     = 192.168.0.180
baudrate    = 115200 bps
TLB addr    = 0xBFFF0000
relocaddr   = 0xBF744000
reloc off   = 0x3EF44000
irq_sp      = 0xBE723EE0
sp start    = 0xBE723ED0
U-Boot# 
- 06:53:03 [INFO] Host: mmc rescan
- 06:53:03 [INFO] Target: 
mmc rescan
U-Boot# 
- 06:53:03 [INFO] Host: fatwrite mmc ${mmcdev}:1 ${loadaddr} ws-calibrate.rules 4
- 06:53:04 [INFO] Target: 
fatwrite mmc ${mmcdev}:1 ${loadaddr} ws-calibrate.rules 4
writing ws-calibrate.rules
4 bytes written
U-Boot# 
- 06:53:04 [INFO] Host: boot
- 06:53:27 [INFO] Target: 
boot
## Checking Image at 82000000 ...
Unknown image format!
Kernel image @ 0x82000000 [ 0x000000 - 0x466710 ]
## Flattened Device Tree blob at 88000000
   Booting using the fdt blob at 0x88000000
   Loading Device Tree to 8ffeb000, end 8ffff12e ... OK
Starting kernel ...
[    0.000000] Booting Linux on physical CPU 0x0
[    0.000000] Initializing cgroup subsys cpuset
[    0.000000] Initializing cgroup subsys cpu
[    0.000000] Initializing cgroup subsys cpuacct
[    0.000000] Linux version 3.19.0-rc6-next-20150202-00002-gfbafc4f611e7 (nmenon@kahuna) (gcc version 4.6.3 (Ubuntu/Linaro 4.6.3-1ubuntu5) ) #1 SMP Mon Feb 2 05:48:22 CST 2015
[    0.000000] CPU: ARMv7 Processor [412fc0f2] revision 2 (ARMv7), cr=10c5387d
[    0.000000] CPU: PIPT / VIPT nonaliasing data cache, PIPT instruction cache
[    0.000000] Machine model: TI DRA722
[    0.000000] cma: Reserved 16 MiB at 0xbe800000
[    0.000000] Memory policy: Data cache writealloc
[    0.000000] DRA722 ES1.0
[    0.000000] PERCPU: Embedded 12 pages/cpu @eee9b000 s19392 r8192 d21568 u49152
[    0.000000] Built 1 zonelists in Zone order, mobility grouping on.  Total pages: 260178
[    0.000000] Kernel command line: console=ttyO0,115200n8 earlyprintk rootwait  ip=dhcp  root=PARTUUID=00000000-02 rw rootfstype=ext4 rootwait 
[    0.000000] PID hash table entries: 4096 (order: 2, 16384 bytes)
[    0.000000] Dentry cache hash table entries: 131072 (order: 7, 524288 bytes)
[    0.000000] Inode-cache hash table entries: 65536 (order: 6, 262144 bytes)
[    0.000000] Memory: 1002972K/1047552K available (6139K kernel code, 630K rwdata, 2284K rodata, 432K init, 8220K bss, 28196K reserved, 16384K cma-reserved, 252928K highmem)
[    0.000000] Virtual kernel memory layout:
[    0.000000]     vector  : 0xffff0000 - 0xffff1000   (   4 kB)
[    0.000000]     fixmap  : 0xffc00000 - 0xfff00000   (3072 kB)
[    0.000000]     vmalloc : 0xf0000000 - 0xff000000   ( 240 MB)
[    0.000000]     lowmem  : 0xc0000000 - 0xef800000   ( 760 MB)
[    0.000000]     pkmap   : 0xbfe00000 - 0xc0000000   (   2 MB)
[    0.000000]     modules : 0xbf000000 - 0xbfe00000   (  14 MB)
[    0.000000]       .text : 0xc0008000 - 0xc0841ff8   (8424 kB)
[    0.000000]       .init : 0xc0842000 - 0xc08ae000   ( 432 kB)
[    0.000000]       .data : 0xc08ae000 - 0xc094ba08   ( 631 kB)
[    0.000000]        .bss : 0xc094ba08 - 0xc1152b08   (8221 kB)
[    0.000000] Running RCU self tests
[    0.000000] Hierarchical RCU implementation.
[    0.000000] 	RCU lockdep checking is enabled.
[    0.000000] 	Additional per-CPU info printed with stalls.
[    0.000000] 	RCU restricting CPUs from NR_CPUS=2 to nr_cpu_ids=1.
[    0.000000] RCU: Adjusting geometry for rcu_fanout_leaf=16, nr_cpu_ids=1
[    0.000000] NR_IRQS:16 nr_irqs:16 16
[    0.000000] GIC CPU mask not found - kernel will fail to boot.
[    0.000000] GIC CPU mask not found - kernel will fail to boot.
[    0.000000] ------------[ cut here ]------------
[    0.000000] WARNING: CPU: 0 PID: 0 at arch/arm/mach-omap2/dpll3xxx.c:436 omap3_noncore_dpll_enable+0xe4/0x10c()
[    0.000000] Modules linked in:
[    0.000000] CPU: 0 PID: 0 Comm: swapper/0 Not tainted 3.19.0-rc6-next-20150202-00002-gfbafc4f611e7 #1
[    0.000000] Hardware name: Generic DRA72X (Flattened Device Tree)
[    0.000000] [<c0015474>] (unwind_backtrace) from [<c0011a84>] (show_stack+0x10/0x14)
[    0.000000] [<c0011a84>] (show_stack) from [<c05cabb4>] (dump_stack+0x78/0x94)
[    0.000000] [<c05cabb4>] (dump_stack) from [<c003e040>] (warn_slowpath_common+0x7c/0xb4)
[    0.000000] [<c003e040>] (warn_slowpath_common) from [<c003e094>] (warn_slowpath_null+0x1c/0x24)
[    0.000000] [<c003e094>] (warn_slowpath_null) from [<c0035228>] (omap3_noncore_dpll_enable+0xe4/0x10c)
[    0.000000] [<c0035228>] (omap3_noncore_dpll_enable) from [<c04bb05c>] (clk_core_enable+0x64/0x9c)
[    0.000000] [<c04bb05c>] (clk_core_enable) from [<c04bb03c>] (clk_core_enable+0x44/0x9c)
[    0.000000] [<c04bb03c>] (clk_core_enable) from [<c04bbb6c>] (clk_enable+0x20/0x34)
[    0.000000] [<c04bbb6c>] (clk_enable) from [<c0025464>] (_enable_clocks+0x18/0x68)
[    0.000000] [<c0025464>] (_enable_clocks) from [<c0026450>] (_enable+0x108/0x2e4)
[    0.000000] [<c0026450>] (_enable) from [<c084fedc>] (_setup+0xc8/0x3f8)
[    0.000000] [<c084fedc>] (_setup) from [<c08504a4>] (omap_hwmod_setup_one+0x4c/0x60)
[    0.000000] [<c08504a4>] (omap_hwmod_setup_one) from [<c085048c>] (omap_hwmod_setup_one+0x34/0x60)
[    0.000000] [<c085048c>] (omap_hwmod_setup_one) from [<c084ddb0>] (omap_dm_timer_init_one+0x1c8/0x2f8)
[    0.000000] [<c084ddb0>] (omap_dm_timer_init_one) from [<c084df24>] (omap2_gp_clockevent_init+0x44/0xc8)
[    0.000000] [<c084df24>] (omap2_gp_clockevent_init) from [<c084e268>] (omap4_sync32k_timer_init+0x1c/0x58)
[    0.000000] [<c084e268>] (omap4_sync32k_timer_init) from [<c084e44c>] (omap5_realtime_timer_init+0x8/0x22c)
[    0.000000] [<c084e44c>] (omap5_realtime_timer_init) from [<c08466ac>] (time_init+0x1c/0x30)
[    0.000000] [<c08466ac>] (time_init) from [<c0842ad0>] (start_kernel+0x248/0x3fc)
[    0.000000] [<c0842ad0>] (start_kernel) from [<80008074>] (0x80008074)
[    0.000000] ---[ end trace cb88537fdc8fa200 ]---
[    0.000000] OMAP clockevent source: timer1 at 32768 Hz
[    0.000000] sched_clock: 32 bits at 32kHz, resolution 30517ns, wraps every 65536000000000ns
[    0.000000] OMAP clocksource: 32k_counter at 32768 Hz
[    0.000488] Architected cp15 timer(s) running at 6.14MHz (virt).
[    0.000493] sched_clock: 56 bits at 6MHz, resolution 162ns, wraps every 2794592043008ns
[    0.000504] Switching to timer-based delay loop, resolution 162ns
[    0.001583] Console: colour dummy device 80x30
[    0.001615] Lock dependency validator: Copyright (c) 2006 Red Hat, Inc., Ingo Molnar
[    0.001622] ... MAX_LOCKDEP_SUBCLASSES:  8
[    0.001628] ... MAX_LOCK_DEPTH:          48
[    0.001634] ... MAX_LOCKDEP_KEYS:        8191
[    0.001640] ... CLASSHASH_SIZE:          4096
[    0.001645] ... MAX_LOCKDEP_ENTRIES:     32768
[    0.001651] ... MAX_LOCKDEP_CHAINS:      65536
[    0.001656] ... CHAINHASH_SIZE:          32768
[    0.001662]  memory used by lock dependency info: 5167 kB
[    0.001668]  per task-struct memory footprint: 1152 bytes
[    0.001685] Calibrating delay loop (skipped), value calculated using timer frequency.. 12.29 BogoMIPS (lpj=61475)
[    0.001697] pid_max: default: 32768 minimum: 301
[    0.001941] Security Framework initialized
[    0.002041] Mount-cache hash table entries: 2048 (order: 1, 8192 bytes)
[    0.002054] Mountpoint-cache hash table entries: 2048 (order: 1, 8192 bytes)
[    0.004062] Initializing cgroup subsys blkio
[    0.004085] Initializing cgroup subsys memory
[    0.004137] Initializing cgroup subsys devices
[    0.004192] Initializing cgroup subsys freezer
[    0.004276] Initializing cgroup subsys perf_event
[    0.004331] CPU: Testing write buffer coherency: ok
[    0.005200] /cpus/cpu@0 missing clock-frequency property
[    0.005213] CPU0: thread -1, cpu 0, socket 0, mpidr 80000000
[    0.005258] Setting up static identity map for 0x805d35c8 - 0x805d3638
[    0.007747] Brought up 1 CPUs
[    0.007758] SMP: Total of 1 processors activated (12.29 BogoMIPS).
[    0.007765] CPU: All CPU(s) started in SVC mode.
[    0.009645] devtmpfs: initialized
[    0.011558] VFP support v0.3: implementor 41 architecture 4 part 30 variant f rev 0
[    0.011653] omap_hwmod: l3_main_2 using broken dt data from ocp
[    0.128838] ------------[ cut here ]------------
[    0.128856] WARNING: CPU: 0 PID: 1 at arch/arm/mach-omap2/dpll3xxx.c:436 omap3_noncore_dpll_enable+0xe4/0x10c()
[    0.128863] Modules linked in:
[    0.128878] CPU: 0 PID: 1 Comm: swapper/0 Tainted: G        W       3.19.0-rc6-next-20150202-00002-gfbafc4f611e7 #1
[    0.128885] Hardware name: Generic DRA72X (Flattened Device Tree)
[    0.128908] [<c0015474>] (unwind_backtrace) from [<c0011a84>] (show_stack+0x10/0x14)
[    0.128924] [<c0011a84>] (show_stack) from [<c05cabb4>] (dump_stack+0x78/0x94)
[    0.128941] [<c05cabb4>] (dump_stack) from [<c003e040>] (warn_slowpath_common+0x7c/0xb4)
[    0.128956] [<c003e040>] (warn_slowpath_common) from [<c003e094>] (warn_slowpath_null+0x1c/0x24)
[    0.128969] [<c003e094>] (warn_slowpath_null) from [<c0035228>] (omap3_noncore_dpll_enable+0xe4/0x10c)
[    0.128984] [<c0035228>] (omap3_noncore_dpll_enable) from [<c04bb05c>] (clk_core_enable+0x64/0x9c)
[    0.128996] [<c04bb05c>] (clk_core_enable) from [<c04bbb6c>] (clk_enable+0x20/0x34)
[    0.129010] [<c04bbb6c>] (clk_enable) from [<c084fea4>] (_setup+0x90/0x3f8)
[    0.129024] [<c084fea4>] (_setup) from [<c0026b64>] (omap_hwmod_for_each+0x34/0x5c)
[    0.129035] [<c0026b64>] (omap_hwmod_for_each) from [<c085053c>] (__omap_hwmod_setup_all+0x30/0x40)
[    0.129046] [<c085053c>] (__omap_hwmod_setup_all) from [<c00089e4>] (do_one_initcall+0x80/0x1d8)
[    0.129060] [<c00089e4>] (do_one_initcall) from [<c0842e80>] (kernel_init_freeable+0x1fc/0x2d4)
[    0.129076] [<c0842e80>] (kernel_init_freeable) from [<c05c5c3c>] (kernel_init+0x8/0xe4)
[    0.129089] [<c05c5c3c>] (kernel_init) from [<c000e6b0>] (ret_from_fork+0x14/0x24)
[    0.129097] ---[ end trace cb88537fdc8fa201 ]---
[    0.159824] ------------[ cut here ]------------
[    0.159837] WARNING: CPU: 0 PID: 1 at arch/arm/mach-omap2/dpll3xxx.c:436 omap3_noncore_dpll_enable+0xe4/0x10c()
[    0.159843] Modules linked in:
[    0.159855] CPU: 0 PID: 1 Comm: swapper/0 Tainted: G        W       3.19.0-rc6-next-20150202-00002-gfbafc4f611e7 #1
[    0.159862] Hardware name: Generic DRA72X (Flattened Device Tree)
[    0.159877] [<c0015474>] (unwind_backtrace) from [<c0011a84>] (show_stack+0x10/0x14)
[    0.159890] [<c0011a84>] (show_stack) from [<c05cabb4>] (dump_stack+0x78/0x94)
[    0.159903] [<c05cabb4>] (dump_stack) from [<c003e040>] (warn_slowpath_common+0x7c/0xb4)
[    0.159917] [<c003e040>] (warn_slowpath_common) from [<c003e094>] (warn_slowpath_null+0x1c/0x24)
[    0.159929] [<c003e094>] (warn_slowpath_null) from [<c0035228>] (omap3_noncore_dpll_enable+0xe4/0x10c)
[    0.159942] [<c0035228>] (omap3_noncore_dpll_enable) from [<c04bb05c>] (clk_core_enable+0x64/0x9c)
[    0.159955] [<c04bb05c>] (clk_core_enable) from [<c04bb03c>] (clk_core_enable+0x44/0x9c)
[    0.159963] ---[ end trace cb88537fdc8fa202 ]---
[    0.168868] omap_hwmod: dss_core: _wait_target_disable failed
[    0.168879] omap_hwmod: dss_core: _wait_target_ready failed: -16
[    0.168890] omap_hwmod: dss_core: cannot be enabled for reset (3)
[    0.168901] ------------[ cut here ]------------
[    0.168913] WARNING: CPU: 0 PID: 1 at arch/arm/mach-omap2/dpll3xxx.c:436 omap3_noncore_dpll_enable+0xe4/0x10c()
[    0.168918] Modules linked in:
[    0.168931] CPU: 0 PID: 1 Comm: swapper/0 Tainted: G        W       3.19.0-rc6-next-20150202-00002-gfbafc4f611e7 #1
[    0.168937] Hardware name: Generic DRA72X (Flattened Device Tree)
[    0.168951] [<c0015474>] (unwind_backtrace) from [<c0011a84>] (show_stack+0x10/0x14)
[    0.168964] [<c0011a84>] (show_stack) from [<c05cabb4>] (dump_stack+0x78/0x94)
[    0.168977] [<c05cabb4>] (dump_stack) from [<c003e040>] (warn_slowpath_common+0x7c/0xb4)
[    0.168991] [<c003e040>] (warn_slowpath_common) from [<c003e094>] (warn_slowpath_null+0x1c/0x24)
[    0.169003] [<c003e094>] (warn_slowpath_null) from [<c0035228>] (omap3_noncore_dpll_enable+0xe4/0x10c)
[    0.169016] [<c0035228>] (omap3_noncore_dpll_enable) from [<c04bb05c>] (clk_core_enable+0x64/0x9c)
[    0.169029] [<c04bb05c>] (clk_core_enable) from [<c04bb03c>] (clk_core_enable+0x44/0x9c)
[    0.169036] ---[ end trace cb88537fdc8fa203 ]---
[    0.171628] omap_hwmod: dss_dispc: _wait_target_ready failed: -16
[    0.171639] omap_hwmod: dss_dispc: cannot be enabled for reset (3)
[    0.171651] ------------[ cut here ]------------
[    0.171662] WARNING: CPU: 0 PID: 1 at arch/arm/mach-omap2/dpll3xxx.c:436 omap3_noncore_dpll_enable+0xe4/0x10c()
[    0.171667] Modules linked in:
[    0.171679] CPU: 0 PID: 1 Comm: swapper/0 Tainted: G        W       3.19.0-rc6-next-20150202-00002-gfbafc4f611e7 #1
[    0.171685] Hardware name: Generic DRA72X (Flattened Device Tree)
[    0.171699] [<c0015474>] (unwind_backtrace) from [<c0011a84>] (show_stack+0x10/0x14)
[    0.171712] [<c0011a84>] (show_stack) from [<c05cabb4>] (dump_stack+0x78/0x94)
[    0.171725] [<c05cabb4>] (dump_stack) from [<c003e040>] (warn_slowpath_common+0x7c/0xb4)
[    0.171738] [<c003e040>] (warn_slowpath_common) from [<c003e094>] (warn_slowpath_null+0x1c/0x24)
[    0.171750] [<c003e094>] (warn_slowpath_null) from [<c0035228>] (omap3_noncore_dpll_enable+0xe4/0x10c)
[    0.171763] [<c0035228>] (omap3_noncore_dpll_enable) from [<c04bb05c>] (clk_core_enable+0x64/0x9c)
[    0.171776] [<c04bb05c>] (clk_core_enable) from [<c04bb03c>] (clk_core_enable+0x44/0x9c)
[    0.171783] ---[ end trace cb88537fdc8fa204 ]---
[    0.174357] omap_hwmod: dss_hdmi: _wait_target_ready failed: -16
[    0.174367] omap_hwmod: dss_hdmi: cannot be enabled for reset (3)
[    0.175603] ------------[ cut here ]------------
[    0.175615] WARNING: CPU: 0 PID: 1 at arch/arm/mach-omap2/dpll3xxx.c:436 omap3_noncore_dpll_enable+0xe4/0x10c()
[    0.175620] Modules linked in:
[    0.175632] CPU: 0 PID: 1 Comm: swapper/0 Tainted: G        W       3.19.0-rc6-next-20150202-00002-gfbafc4f611e7 #1
[    0.175638] Hardware name: Generic DRA72X (Flattened Device Tree)
[    0.175652] [<c0015474>] (unwind_backtrace) from [<c0011a84>] (show_stack+0x10/0x14)
[    0.175664] [<c0011a84>] (show_stack) from [<c05cabb4>] (dump_stack+0x78/0x94)
[    0.175677] [<c05cabb4>] (dump_stack) from [<c003e040>] (warn_slowpath_common+0x7c/0xb4)
[    0.175690] [<c003e040>] (warn_slowpath_common) from [<c003e094>] (warn_slowpath_null+0x1c/0x24)
[    0.175702] [<c003e094>] (warn_slowpath_null) from [<c0035228>] (omap3_noncore_dpll_enable+0xe4/0x10c)
[    0.175715] [<c0035228>] (omap3_noncore_dpll_enable) from [<c04bb05c>] (clk_core_enable+0x64/0x9c)
[    0.175729] [<c04bb05c>] (clk_core_enable) from [<c04bb03c>] (clk_core_enable+0x44/0x9c)
[    0.175736] ---[ end trace cb88537fdc8fa205 ]---
[    0.188246] ------------[ cut here ]------------
[    0.188257] WARNING: CPU: 0 PID: 1 at arch/arm/mach-omap2/dpll3xxx.c:436 omap3_noncore_dpll_enable+0xe4/0x10c()
[    0.188263] Modules linked in:
[    0.188274] CPU: 0 PID: 1 Comm: swapper/0 Tainted: G        W       3.19.0-rc6-next-20150202-00002-gfbafc4f611e7 #1
[    0.188281] Hardware name: Generic DRA72X (Flattened Device Tree)
[    0.188295] [<c0015474>] (unwind_backtrace) from [<c0011a84>] (show_stack+0x10/0x14)
[    0.188307] [<c0011a84>] (show_stack) from [<c05cabb4>] (dump_stack+0x78/0x94)
[    0.188319] [<c05cabb4>] (dump_stack) from [<c003e040>] (warn_slowpath_common+0x7c/0xb4)
[    0.188333] [<c003e040>] (warn_slowpath_common) from [<c003e094>] (warn_slowpath_null+0x1c/0x24)
[    0.188345] [<c003e094>] (warn_slowpath_null) from [<c0035228>] (omap3_noncore_dpll_enable+0xe4/0x10c)
[    0.188358] [<c0035228>] (omap3_noncore_dpll_enable) from [<c04bb05c>] (clk_core_enable+0x64/0x9c)
[    0.188371] [<c04bb05c>] (clk_core_enable) from [<c04bb03c>] (clk_core_enable+0x44/0x9c)
[    0.188378] ---[ end trace cb88537fdc8fa206 ]---
[    0.188403] ------------[ cut here ]------------
[    0.188413] WARNING: CPU: 0 PID: 1 at arch/arm/mach-omap2/dpll3xxx.c:436 omap3_noncore_dpll_enable+0xe4/0x10c()
[    0.188419] Modules linked in:
[    0.188430] CPU: 0 PID: 1 Comm: swapper/0 Tainted: G        W       3.19.0-rc6-next-20150202-00002-gfbafc4f611e7 #1
[    0.188436] Hardware name: Generic DRA72X (Flattened Device Tree)
[    0.188449] [<c0015474>] (unwind_backtrace) from [<c0011a84>] (show_stack+0x10/0x14)
[    0.188462] [<c0011a84>] (show_stack) from [<c05cabb4>] (dump_stack+0x78/0x94)
[    0.188474] [<c05cabb4>] (dump_stack) from [<c003e040>] (warn_slowpath_common+0x7c/0xb4)
[    0.188488] [<c003e040>] (warn_slowpath_common) from [<c003e094>] (warn_slowpath_null+0x1c/0x24)
[    0.188500] [<c003e094>] (warn_slowpath_null) from [<c0035228>] (omap3_noncore_dpll_enable+0xe4/0x10c)
[    0.188512] [<c0035228>] (omap3_noncore_dpll_enable) from [<c04bb05c>] (clk_core_enable+0x64/0x9c)
[    0.188525] [<c04bb05c>] (clk_core_enable) from [<c04bb03c>] (clk_core_enable+0x44/0x9c)
[    0.188532] ---[ end trace cb88537fdc8fa207 ]---
[    0.200990] ------------[ cut here ]------------
[    0.201001] WARNING: CPU: 0 PID: 1 at arch/arm/mach-omap2/dpll3xxx.c:436 omap3_noncore_dpll_enable+0xe4/0x10c()
[    0.201006] Modules linked in:
[    0.201018] CPU: 0 PID: 1 Comm: swapper/0 Tainted: G        W       3.19.0-rc6-next-20150202-00002-gfbafc4f611e7 #1
[    0.201024] Hardware name: Generic DRA72X (Flattened Device Tree)
[    0.201038] [<c0015474>] (unwind_backtrace) from [<c0011a84>] (show_stack+0x10/0x14)
[    0.201050] [<c0011a84>] (show_stack) from [<c05cabb4>] (dump_stack+0x78/0x94)
[    0.201063] [<c05cabb4>] (dump_stack) from [<c003e040>] (warn_slowpath_common+0x7c/0xb4)
[    0.201076] [<c003e040>] (warn_slowpath_common) from [<c003e094>] (warn_slowpath_null+0x1c/0x24)
[    0.201088] [<c003e094>] (warn_slowpath_null) from [<c0035228>] (omap3_noncore_dpll_enable+0xe4/0x10c)
[    0.201101] [<c0035228>] (omap3_noncore_dpll_enable) from [<c04bb05c>] (clk_core_enable+0x64/0x9c)
[    0.201115] [<c04bb05c>] (clk_core_enable) from [<c04bb03c>] (clk_core_enable+0x44/0x9c)
[    0.201121] ---[ end trace cb88537fdc8fa208 ]---
[    0.213594] ------------[ cut here ]------------
[    0.213605] WARNING: CPU: 0 PID: 1 at arch/arm/mach-omap2/dpll3xxx.c:436 omap3_noncore_dpll_enable+0xe4/0x10c()
[    0.213611] Modules linked in:
[    0.213622] CPU: 0 PID: 1 Comm: swapper/0 Tainted: G        W       3.19.0-rc6-next-20150202-00002-gfbafc4f611e7 #1
[    0.213628] Hardware name: Generic DRA72X (Flattened Device Tree)
[    0.213642] [<c0015474>] (unwind_backtrace) from [<c0011a84>] (show_stack+0x10/0x14)
[    0.213655] [<c0011a84>] (show_stack) from [<c05cabb4>] (dump_stack+0x78/0x94)
[    0.213667] [<c05cabb4>] (dump_stack) from [<c003e040>] (warn_slowpath_common+0x7c/0xb4)
[    0.213681] [<c003e040>] (warn_slowpath_common) from [<c003e094>] (warn_slowpath_null+0x1c/0x24)
[    0.213693] [<c003e094>] (warn_slowpath_null) from [<c0035228>] (omap3_noncore_dpll_enable+0xe4/0x10c)
[    0.213706] [<c0035228>] (omap3_noncore_dpll_enable) from [<c04bb05c>] (clk_core_enable+0x64/0x9c)
[    0.213719] [<c04bb05c>] (clk_core_enable) from [<c04bb03c>] (clk_core_enable+0x44/0x9c)
[    0.213726] ---[ end trace cb88537fdc8fa209 ]---
[    0.226188] ------------[ cut here ]------------
[    0.226199] WARNING: CPU: 0 PID: 1 at arch/arm/mach-omap2/dpll3xxx.c:436 omap3_noncore_dpll_enable+0xe4/0x10c()
[    0.226205] Modules linked in:
[    0.226216] CPU: 0 PID: 1 Comm: swapper/0 Tainted: G        W       3.19.0-rc6-next-20150202-00002-gfbafc4f611e7 #1
[    0.226222] Hardware name: Generic DRA72X (Flattened Device Tree)
[    0.226236] [<c0015474>] (unwind_backtrace) from [<c0011a84>] (show_stack+0x10/0x14)
[    0.226248] [<c0011a84>] (show_stack) from [<c05cabb4>] (dump_stack+0x78/0x94)
[    0.226261] [<c05cabb4>] (dump_stack) from [<c003e040>] (warn_slowpath_common+0x7c/0xb4)
[    0.226275] [<c003e040>] (warn_slowpath_common) from [<c003e094>] (warn_slowpath_null+0x1c/0x24)
[    0.226287] [<c003e094>] (warn_slowpath_null) from [<c0035228>] (omap3_noncore_dpll_enable+0xe4/0x10c)
[    0.226300] [<c0035228>] (omap3_noncore_dpll_enable) from [<c04bb05c>] (clk_core_enable+0x64/0x9c)
[    0.226313] [<c04bb05c>] (clk_core_enable) from [<c04bb03c>] (clk_core_enable+0x44/0x9c)
[    0.226320] ---[ end trace cb88537fdc8fa20a ]---
[    0.240657] ------------[ cut here ]------------
[    0.240668] WARNING: CPU: 0 PID: 1 at arch/arm/mach-omap2/dpll3xxx.c:436 omap3_noncore_dpll_enable+0xe4/0x10c()
[    0.240674] Modules linked in:
[    0.240685] CPU: 0 PID: 1 Comm: swapper/0 Tainted: G        W       3.19.0-rc6-next-20150202-00002-gfbafc4f611e7 #1
[    0.240691] Hardware name: Generic DRA72X (Flattened Device Tree)
[    0.240705] [<c0015474>] (unwind_backtrace) from [<c0011a84>] (show_stack+0x10/0x14)
[    0.240717] [<c0011a84>] (show_stack) from [<c05cabb4>] (dump_stack+0x78/0x94)
[    0.240730] [<c05cabb4>] (dump_stack) from [<c003e040>] (warn_slowpath_common+0x7c/0xb4)
[    0.240744] [<c003e040>] (warn_slowpath_common) from [<c003e094>] (warn_slowpath_null+0x1c/0x24)
[    0.240756] [<c003e094>] (warn_slowpath_null) from [<c0035228>] (omap3_noncore_dpll_enable+0xe4/0x10c)
[    0.240769] [<c0035228>] (omap3_noncore_dpll_enable) from [<c04bb05c>] (clk_core_enable+0x64/0x9c)
[    0.240782] [<c04bb05c>] (clk_core_enable) from [<c04bb03c>] (clk_core_enable+0x44/0x9c)
[    0.240789] ---[ end trace cb88537fdc8fa20b ]---
[    0.240810] ------------[ cut here ]------------
[    0.240820] WARNING: CPU: 0 PID: 1 at arch/arm/mach-omap2/dpll3xxx.c:436 omap3_noncore_dpll_enable+0xe4/0x10c()
[    0.240825] Modules linked in:
[    0.240836] CPU: 0 PID: 1 Comm: swapper/0 Tainted: G        W       3.19.0-rc6-next-20150202-00002-gfbafc4f611e7 #1
[    0.240842] Hardware name: Generic DRA72X (Flattened Device Tree)
[    0.240855] [<c0015474>] (unwind_backtrace) from [<c0011a84>] (show_stack+0x10/0x14)
[    0.240867] [<c0011a84>] (show_stack) from [<c05cabb4>] (dump_stack+0x78/0x94)
[    0.240880] [<c05cabb4>] (dump_stack) from [<c003e040>] (warn_slowpath_common+0x7c/0xb4)
[    0.240894] [<c003e040>] (warn_slowpath_common) from [<c003e094>] (warn_slowpath_null+0x1c/0x24)
[    0.240906] [<c003e094>] (warn_slowpath_null) from [<c0035228>] (omap3_noncore_dpll_enable+0xe4/0x10c)
[    0.240919] [<c0035228>] (omap3_noncore_dpll_enable) from [<c04bb05c>] (clk_core_enable+0x64/0x9c)
[    0.240932] [<c04bb05c>] (clk_core_enable) from [<c04bb03c>] (clk_core_enable+0x44/0x9c)
[    0.240939] ---[ end trace cb88537fdc8fa20c ]---
[    0.240984] ------------[ cut here ]------------
[    0.240995] WARNING: CPU: 0 PID: 1 at arch/arm/mach-omap2/dpll3xxx.c:436 omap3_noncore_dpll_enable+0xe4/0x10c()
[    0.241000] Modules linked in:
[    0.241011] CPU: 0 PID: 1 Comm: swapper/0 Tainted: G        W       3.19.0-rc6-next-20150202-00002-gfbafc4f611e7 #1
[    0.241017] Hardware name: Generic DRA72X (Flattened Device Tree)
[    0.241031] [<c0015474>] (unwind_backtrace) from [<c0011a84>] (show_stack+0x10/0x14)
[    0.241044] [<c0011a84>] (show_stack) from [<c05cabb4>] (dump_stack+0x78/0x94)
[    0.241056] [<c05cabb4>] (dump_stack) from [<c003e040>] (warn_slowpath_common+0x7c/0xb4)
[    0.241070] [<c003e040>] (warn_slowpath_common) from [<c003e094>] (warn_slowpath_null+0x1c/0x24)
[    0.241082] [<c003e094>] (warn_slowpath_null) from [<c0035228>] (omap3_noncore_dpll_enable+0xe4/0x10c)
[    0.241095] [<c0035228>] (omap3_noncore_dpll_enable) from [<c04bb05c>] (clk_core_enable+0x64/0x9c)
[    0.241108] [<c04bb05c>] (clk_core_enable) from [<c04bb03c>] (clk_core_enable+0x44/0x9c)
[    0.241115] ---[ end trace cb88537fdc8fa20d ]---
[    0.241137] ------------[ cut here ]------------
[    0.241147] WARNING: CPU: 0 PID: 1 at arch/arm/mach-omap2/dpll3xxx.c:436 omap3_noncore_dpll_enable+0xe4/0x10c()
[    0.241152] Modules linked in:
[    0.241163] CPU: 0 PID: 1 Comm: swapper/0 Tainted: G        W       3.19.0-rc6-next-20150202-00002-gfbafc4f611e7 #1
[    0.241170] Hardware name: Generic DRA72X (Flattened Device Tree)
[    0.241183] [<c0015474>] (unwind_backtrace) from [<c0011a84>] (show_stack+0x10/0x14)
[    0.241195] [<c0011a84>] (show_stack) from [<c05cabb4>] (dump_stack+0x78/0x94)
[    0.241207] [<c05cabb4>] (dump_stack) from [<c003e040>] (warn_slowpath_common+0x7c/0xb4)
[    0.241221] [<c003e040>] (warn_slowpath_common) from [<c003e094>] (warn_slowpath_null+0x1c/0x24)
[    0.241233] [<c003e094>] (warn_slowpath_null) from [<c0035228>] (omap3_noncore_dpll_enable+0xe4/0x10c)
[    0.241246] [<c0035228>] (omap3_noncore_dpll_enable) from [<c04bb05c>] (clk_core_enable+0x64/0x9c)
[    0.241259] [<c04bb05c>] (clk_core_enable) from [<c04bb03c>] (clk_core_enable+0x44/0x9c)
[    0.241266] ---[ end trace cb88537fdc8fa20e ]---
[    0.241288] ------------[ cut here ]------------
[    0.241298] WARNING: CPU: 0 PID: 1 at arch/arm/mach-omap2/dpll3xxx.c:436 omap3_noncore_dpll_enable+0xe4/0x10c()
[    0.241304] Modules linked in:
[    0.241315] CPU: 0 PID: 1 Comm: swapper/0 Tainted: G        W       3.19.0-rc6-next-20150202-00002-gfbafc4f611e7 #1
[    0.241321] Hardware name: Generic DRA72X (Flattened Device Tree)
[    0.241334] [<c0015474>] (unwind_backtrace) from [<c0011a84>] (show_stack+0x10/0x14)
[    0.241347] [<c0011a84>] (show_stack) from [<c05cabb4>] (dump_stack+0x78/0x94)
[    0.241360] [<c05cabb4>] (dump_stack) from [<c003e040>] (warn_slowpath_common+0x7c/0xb4)
[    0.241373] [<c003e040>] (warn_slowpath_common) from [<c003e094>] (warn_slowpath_null+0x1c/0x24)
[    0.241385] [<c003e094>] (warn_slowpath_null) from [<c0035228>] (omap3_noncore_dpll_enable+0xe4/0x10c)
[    0.241398] [<c0035228>] (omap3_noncore_dpll_enable) from [<c04bb05c>] (clk_core_enable+0x64/0x9c)
[    0.241411] [<c04bb05c>] (clk_core_enable) from [<c04bb03c>] (clk_core_enable+0x44/0x9c)
[    0.241418] ---[ end trace cb88537fdc8fa20f ]---
[    0.241440] ------------[ cut here ]------------
[    0.241450] WARNING: CPU: 0 PID: 1 at arch/arm/mach-omap2/dpll3xxx.c:436 omap3_noncore_dpll_enable+0xe4/0x10c()
[    0.241455] Modules linked in:
[    0.241466] CPU: 0 PID: 1 Comm: swapper/0 Tainted: G        W       3.19.0-rc6-next-20150202-00002-gfbafc4f611e7 #1
[    0.241472] Hardware name: Generic DRA72X (Flattened Device Tree)
[    0.241485] [<c0015474>] (unwind_backtrace) from [<c0011a84>] (show_stack+0x10/0x14)
[    0.241498] [<c0011a84>] (show_stack) from [<c05cabb4>] (dump_stack+0x78/0x94)
[    0.241510] [<c05cabb4>] (dump_stack) from [<c003e040>] (warn_slowpath_common+0x7c/0xb4)
[    0.241524] [<c003e040>] (warn_slowpath_common) from [<c003e094>] (warn_slowpath_null+0x1c/0x24)
[    0.241536] [<c003e094>] (warn_slowpath_null) from [<c0035228>] (omap3_noncore_dpll_enable+0xe4/0x10c)
[    0.241548] [<c0035228>] (omap3_noncore_dpll_enable) from [<c04bb05c>] (clk_core_enable+0x64/0x9c)
[    0.241561] [<c04bb05c>] (clk_core_enable) from [<c04bb03c>] (clk_core_enable+0x44/0x9c)
[    0.241568] ---[ end trace cb88537fdc8fa210 ]---
[    0.241590] ------------[ cut here ]------------
[    0.241600] WARNING: CPU: 0 PID: 1 at arch/arm/mach-omap2/dpll3xxx.c:436 omap3_noncore_dpll_enable+0xe4/0x10c()
[    0.241605] Modules linked in:
[    0.241616] CPU: 0 PID: 1 Comm: swapper/0 Tainted: G        W       3.19.0-rc6-next-20150202-00002-gfbafc4f611e7 #1
[    0.241622] Hardware name: Generic DRA72X (Flattened Device Tree)
[    0.241636] [<c0015474>] (unwind_backtrace) from [<c0011a84>] (show_stack+0x10/0x14)
[    0.241648] [<c0011a84>] (show_stack) from [<c05cabb4>] (dump_stack+0x78/0x94)
[    0.241661] [<c05cabb4>] (dump_stack) from [<c003e040>] (warn_slowpath_common+0x7c/0xb4)
[    0.241674] [<c003e040>] (warn_slowpath_common) from [<c003e094>] (warn_slowpath_null+0x1c/0x24)
[    0.241686] [<c003e094>] (warn_slowpath_null) from [<c0035228>] (omap3_noncore_dpll_enable+0xe4/0x10c)
[    0.241699] [<c0035228>] (omap3_noncore_dpll_enable) from [<c04bb05c>] (clk_core_enable+0x64/0x9c)
[    0.241712] [<c04bb05c>] (clk_core_enable) from [<c04bb03c>] (clk_core_enable+0x44/0x9c)
[    0.241719] ---[ end trace cb88537fdc8fa211 ]---
[    0.241741] ------------[ cut here ]------------
[    0.241751] WARNING: CPU: 0 PID: 1 at arch/arm/mach-omap2/dpll3xxx.c:436 omap3_noncore_dpll_enable+0xe4/0x10c()
[    0.241756] Modules linked in:
[    0.241767] CPU: 0 PID: 1 Comm: swapper/0 Tainted: G        W       3.19.0-rc6-next-20150202-00002-gfbafc4f611e7 #1
[    0.241773] Hardware name: Generic DRA72X (Flattened Device Tree)
[    0.241787] [<c0015474>] (unwind_backtrace) from [<c0011a84>] (show_stack+0x10/0x14)
[    0.241799] [<c0011a84>] (show_stack) from [<c05cabb4>] (dump_stack+0x78/0x94)
[    0.241811] [<c05cabb4>] (dump_stack) from [<c003e040>] (warn_slowpath_common+0x7c/0xb4)
[    0.241825] [<c003e040>] (warn_slowpath_common) from [<c003e094>] (warn_slowpath_null+0x1c/0x24)
[    0.241837] [<c003e094>] (warn_slowpath_null) from [<c0035228>] (omap3_noncore_dpll_enable+0xe4/0x10c)
[    0.241849] [<c0035228>] (omap3_noncore_dpll_enable) from [<c04bb05c>] (clk_core_enable+0x64/0x9c)
[    0.241862] [<c04bb05c>] (clk_core_enable) from [<c04bb03c>] (clk_core_enable+0x44/0x9c)
[    0.241869] ---[ end trace cb88537fdc8fa212 ]---
[    0.248214] omap_hwmod: pcie1: _wait_target_disable failed
[    0.254550] omap_hwmod: pcie2: _wait_target_disable failed
[    0.254590] ------------[ cut here ]------------
[    0.254600] WARNING: CPU: 0 PID: 1 at arch/arm/mach-omap2/dpll3xxx.c:436 omap3_noncore_dpll_enable+0xe4/0x10c()
[    0.254606] Modules linked in:
[    0.254617] CPU: 0 PID: 1 Comm: swapper/0 Tainted: G        W       3.19.0-rc6-next-20150202-00002-gfbafc4f611e7 #1
[    0.254624] Hardware name: Generic DRA72X (Flattened Device Tree)
[    0.254637] [<c0015474>] (unwind_backtrace) from [<c0011a84>] (show_stack+0x10/0x14)
[    0.254650] [<c0011a84>] (show_stack) from [<c05cabb4>] (dump_stack+0x78/0x94)
[    0.254662] [<c05cabb4>] (dump_stack) from [<c003e040>] (warn_slowpath_common+0x7c/0xb4)
[    0.254676] [<c003e040>] (warn_slowpath_common) from [<c003e094>] (warn_slowpath_null+0x1c/0x24)
[    0.254688] [<c003e094>] (warn_slowpath_null) from [<c0035228>] (omap3_noncore_dpll_enable+0xe4/0x10c)
[    0.254700] [<c0035228>] (omap3_noncore_dpll_enable) from [<c04bb05c>] (clk_core_enable+0x64/0x9c)
[    0.254714] [<c04bb05c>] (clk_core_enable) from [<c04bb03c>] (clk_core_enable+0x44/0x9c)
[    0.254720] ---[ end trace cb88537fdc8fa213 ]---
[    0.254832] ------------[ cut here ]------------
[    0.254842] WARNING: CPU: 0 PID: 1 at arch/arm/mach-omap2/dpll3xxx.c:436 omap3_noncore_dpll_enable+0xe4/0x10c()
[    0.254848] Modules linked in:
[    0.254859] CPU: 0 PID: 1 Comm: swapper/0 Tainted: G        W       3.19.0-rc6-next-20150202-00002-gfbafc4f611e7 #1
[    0.254865] Hardware name: Generic DRA72X (Flattened Device Tree)
[    0.254878] [<c0015474>] (unwind_backtrace) from [<c0011a84>] (show_stack+0x10/0x14)
[    0.254890] [<c0011a84>] (show_stack) from [<c05cabb4>] (dump_stack+0x78/0x94)
[    0.254902] [<c05cabb4>] (dump_stack) from [<c003e040>] (warn_slowpath_common+0x7c/0xb4)
[    0.254916] [<c003e040>] (warn_slowpath_common) from [<c003e094>] (warn_slowpath_null+0x1c/0x24)
[    0.254928] [<c003e094>] (warn_slowpath_null) from [<c0035228>] (omap3_noncore_dpll_enable+0xe4/0x10c)
[    0.254940] [<c0035228>] (omap3_noncore_dpll_enable) from [<c04bb05c>] (clk_core_enable+0x64/0x9c)
[    0.254953] [<c04bb05c>] (clk_core_enable) from [<c04bb03c>] (clk_core_enable+0x44/0x9c)
[    0.254960] ---[ end trace cb88537fdc8fa214 ]---
[    0.255176] ------------[ cut here ]------------
[    0.255186] WARNING: CPU: 0 PID: 1 at arch/arm/mach-omap2/dpll3xxx.c:436 omap3_noncore_dpll_enable+0xe4/0x10c()
[    0.255192] Modules linked in:
[    0.255203] CPU: 0 PID: 1 Comm: swapper/0 Tainted: G        W       3.19.0-rc6-next-20150202-00002-gfbafc4f611e7 #1
[    0.255209] Hardware name: Generic DRA72X (Flattened Device Tree)
[    0.255223] [<c0015474>] (unwind_backtrace) from [<c0011a84>] (show_stack+0x10/0x14)
[    0.255235] [<c0011a84>] (show_stack) from [<c05cabb4>] (dump_stack+0x78/0x94)
[    0.255248] [<c05cabb4>] (dump_stack) from [<c003e040>] (warn_slowpath_common+0x7c/0xb4)
[    0.255261] [<c003e040>] (warn_slowpath_common) from [<c003e094>] (warn_slowpath_null+0x1c/0x24)
[    0.255273] [<c003e094>] (warn_slowpath_null) from [<c0035228>] (omap3_noncore_dpll_enable+0xe4/0x10c)
[    0.255286] [<c0035228>] (omap3_noncore_dpll_enable) from [<c04bb05c>] (clk_core_enable+0x64/0x9c)
[    0.255299] [<c04bb05c>] (clk_core_enable) from [<c04bb03c>] (clk_core_enable+0x44/0x9c)
[    0.255306] ---[ end trace cb88537fdc8fa215 ]---
[    0.255329] ------------[ cut here ]------------
[    0.255339] WARNING: CPU: 0 PID: 1 at arch/arm/mach-omap2/dpll3xxx.c:436 omap3_noncore_dpll_enable+0xe4/0x10c()
[    0.255344] Modules linked in:
[    0.255356] CPU: 0 PID: 1 Comm: swapper/0 Tainted: G        W       3.19.0-rc6-next-20150202-00002-gfbafc4f611e7 #1
[    0.255362] Hardware name: Generic DRA72X (Flattened Device Tree)
[    0.255375] [<c0015474>] (unwind_backtrace) from [<c0011a84>] (show_stack+0x10/0x14)
[    0.255387] [<c0011a84>] (show_stack) from [<c05cabb4>] (dump_stack+0x78/0x94)
[    0.255400] [<c05cabb4>] (dump_stack) from [<c003e040>] (warn_slowpath_common+0x7c/0xb4)
[    0.255413] [<c003e040>] (warn_slowpath_common) from [<c003e094>] (warn_slowpath_null+0x1c/0x24)
[    0.255425] [<c003e094>] (warn_slowpath_null) from [<c0035228>] (omap3_noncore_dpll_enable+0xe4/0x10c)
[    0.255438] [<c0035228>] (omap3_noncore_dpll_enable) from [<c04bb05c>] (clk_core_enable+0x64/0x9c)
[    0.255451] [<c04bb05c>] (clk_core_enable) from [<c04bb03c>] (clk_core_enable+0x44/0x9c)
[    0.255458] ---[ end trace cb88537fdc8fa216 ]---
[    0.255480] ------------[ cut here ]------------
[    0.255490] WARNING: CPU: 0 PID: 1 at arch/arm/mach-omap2/dpll3xxx.c:436 omap3_noncore_dpll_enable+0xe4/0x10c()
[    0.255495] Modules linked in:
[    0.255506] CPU: 0 PID: 1 Comm: swapper/0 Tainted: G        W       3.19.0-rc6-next-20150202-00002-gfbafc4f611e7 #1
[    0.255512] Hardware name: Generic DRA72X (Flattened Device Tree)
[    0.255526] [<c0015474>] (unwind_backtrace) from [<c0011a84>] (show_stack+0x10/0x14)
[    0.255538] [<c0011a84>] (show_stack) from [<c05cabb4>] (dump_stack+0x78/0x94)
[    0.255551] [<c05cabb4>] (dump_stack) from [<c003e040>] (warn_slowpath_common+0x7c/0xb4)
[    0.255564] [<c003e040>] (warn_slowpath_common) from [<c003e094>] (warn_slowpath_null+0x1c/0x24)
[    0.255576] [<c003e094>] (warn_slowpath_null) from [<c0035228>] (omap3_noncore_dpll_enable+0xe4/0x10c)
[    0.255588] [<c0035228>] (omap3_noncore_dpll_enable) from [<c04bb05c>] (clk_core_enable+0x64/0x9c)
[    0.255601] [<c04bb05c>] (clk_core_enable) from [<c04bb03c>] (clk_core_enable+0x44/0x9c)
[    0.255608] ---[ end trace cb88537fdc8fa217 ]---
[    0.255631] ------------[ cut here ]------------
[    0.255641] WARNING: CPU: 0 PID: 1 at arch/arm/mach-omap2/dpll3xxx.c:436 omap3_noncore_dpll_enable+0xe4/0x10c()
[    0.255646] Modules linked in:
[    0.255657] CPU: 0 PID: 1 Comm: swapper/0 Tainted: G        W       3.19.0-rc6-next-20150202-00002-gfbafc4f611e7 #1
[    0.255663] Hardware name: Generic DRA72X (Flattened Device Tree)
[    0.255676] [<c0015474>] (unwind_backtrace) from [<c0011a84>] (show_stack+0x10/0x14)
[    0.255688] [<c0011a84>] (show_stack) from [<c05cabb4>] (dump_stack+0x78/0x94)
[    0.255701] [<c05cabb4>] (dump_stack) from [<c003e040>] (warn_slowpath_common+0x7c/0xb4)
[    0.255714] [<c003e040>] (warn_slowpath_common) from [<c003e094>] (warn_slowpath_null+0x1c/0x24)
[    0.255726] [<c003e094>] (warn_slowpath_null) from [<c0035228>] (omap3_noncore_dpll_enable+0xe4/0x10c)
[    0.255739] [<c0035228>] (omap3_noncore_dpll_enable) from [<c04bb05c>] (clk_core_enable+0x64/0x9c)
[    0.255752] [<c04bb05c>] (clk_core_enable) from [<c04bb03c>] (clk_core_enable+0x44/0x9c)
[    0.255759] ---[ end trace cb88537fdc8fa218 ]---
[    0.255781] ------------[ cut here ]------------
[    0.255791] WARNING: CPU: 0 PID: 1 at arch/arm/mach-omap2/dpll3xxx.c:436 omap3_noncore_dpll_enable+0xe4/0x10c()
[    0.255796] Modules linked in:
[    0.255807] CPU: 0 PID: 1 Comm: swapper/0 Tainted: G        W       3.19.0-rc6-next-20150202-00002-gfbafc4f611e7 #1
[    0.255813] Hardware name: Generic DRA72X (Flattened Device Tree)
[    0.255826] [<c0015474>] (unwind_backtrace) from [<c0011a84>] (show_stack+0x10/0x14)
[    0.255839] [<c0011a84>] (show_stack) from [<c05cabb4>] (dump_stack+0x78/0x94)
[    0.255851] [<c05cabb4>] (dump_stack) from [<c003e040>] (warn_slowpath_common+0x7c/0xb4)
[    0.255865] [<c003e040>] (warn_slowpath_common) from [<c003e094>] (warn_slowpath_null+0x1c/0x24)
[    0.255877] [<c003e094>] (warn_slowpath_null) from [<c0035228>] (omap3_noncore_dpll_enable+0xe4/0x10c)
[    0.255890] [<c0035228>] (omap3_noncore_dpll_enable) from [<c04bb05c>] (clk_core_enable+0x64/0x9c)
[    0.255903] [<c04bb05c>] (clk_core_enable) from [<c04bb03c>] (clk_core_enable+0x44/0x9c)
[    0.255910] ---[ end trace cb88537fdc8fa219 ]---
[    0.255932] ------------[ cut here ]------------
[    0.255942] WARNING: CPU: 0 PID: 1 at arch/arm/mach-omap2/dpll3xxx.c:436 omap3_noncore_dpll_enable+0xe4/0x10c()
[    0.255947] Modules linked in:
[    0.255958] CPU: 0 PID: 1 Comm: swapper/0 Tainted: G        W       3.19.0-rc6-next-20150202-00002-gfbafc4f611e7 #1
[    0.255964] Hardware name: Generic DRA72X (Flattened Device Tree)
[    0.255977] [<c0015474>] (unwind_backtrace) from [<c0011a84>] (show_stack+0x10/0x14)
[    0.255989] [<c0011a84>] (show_stack) from [<c05cabb4>] (dump_stack+0x78/0x94)
[    0.256002] [<c05cabb4>] (dump_stack) from [<c003e040>] (warn_slowpath_common+0x7c/0xb4)
[    0.256015] [<c003e040>] (warn_slowpath_common) from [<c003e094>] (warn_slowpath_null+0x1c/0x24)
[    0.256027] [<c003e094>] (warn_slowpath_null) from [<c0035228>] (omap3_noncore_dpll_enable+0xe4/0x10c)
[    0.256040] [<c0035228>] (omap3_noncore_dpll_enable) from [<c04bb05c>] (clk_core_enable+0x64/0x9c)
[    0.256053] [<c04bb05c>] (clk_core_enable) from [<c04bb03c>] (clk_core_enable+0x44/0x9c)
[    0.256060] ---[ end trace cb88537fdc8fa21a ]---
[    0.256083] ------------[ cut here ]------------
[    0.256092] WARNING: CPU: 0 PID: 1 at arch/arm/mach-omap2/dpll3xxx.c:436 omap3_noncore_dpll_enable+0xe4/0x10c()
[    0.256098] Modules linked in:
[    0.256109] CPU: 0 PID: 1 Comm: swapper/0 Tainted: G        W       3.19.0-rc6-next-20150202-00002-gfbafc4f611e7 #1
[    0.256115] Hardware name: Generic DRA72X (Flattened Device Tree)
[    0.256128] [<c0015474>] (unwind_backtrace) from [<c0011a84>] (show_stack+0x10/0x14)
[    0.256140] [<c0011a84>] (show_stack) from [<c05cabb4>] (dump_stack+0x78/0x94)
[    0.256153] [<c05cabb4>] (dump_stack) from [<c003e040>] (warn_slowpath_common+0x7c/0xb4)
[    0.256166] [<c003e040>] (warn_slowpath_common) from [<c003e094>] (warn_slowpath_null+0x1c/0x24)
[    0.256178] [<c003e094>] (warn_slowpath_null) from [<c0035228>] (omap3_noncore_dpll_enable+0xe4/0x10c)
[    0.256191] [<c0035228>] (omap3_noncore_dpll_enable) from [<c04bb05c>] (clk_core_enable+0x64/0x9c)
[    0.256204] [<c04bb05c>] (clk_core_enable) from [<c04bb03c>] (clk_core_enable+0x44/0x9c)
[    0.256210] ---[ end trace cb88537fdc8fa21b ]---
[    0.256233] ------------[ cut here ]------------
[    0.256243] WARNING: CPU: 0 PID: 1 at arch/arm/mach-omap2/dpll3xxx.c:436 omap3_noncore_dpll_enable+0xe4/0x10c()
[    0.256248] Modules linked in:
[    0.256259] CPU: 0 PID: 1 Comm: swapper/0 Tainted: G        W       3.19.0-rc6-next-20150202-00002-gfbafc4f611e7 #1
[    0.256265] Hardware name: Generic DRA72X (Flattened Device Tree)
[    0.256278] [<c0015474>] (unwind_backtrace) from [<c0011a84>] (show_stack+0x10/0x14)
[    0.256291] [<c0011a84>] (show_stack) from [<c05cabb4>] (dump_stack+0x78/0x94)
[    0.256303] [<c05cabb4>] (dump_stack) from [<c003e040>] (warn_slowpath_common+0x7c/0xb4)
[    0.256316] [<c003e040>] (warn_slowpath_common) from [<c003e094>] (warn_slowpath_null+0x1c/0x24)
[    0.256328] [<c003e094>] (warn_slowpath_null) from [<c0035228>] (omap3_noncore_dpll_enable+0xe4/0x10c)
[    0.256341] [<c0035228>] (omap3_noncore_dpll_enable) from [<c04bb05c>] (clk_core_enable+0x64/0x9c)
[    0.256354] [<c04bb05c>] (clk_core_enable) from [<c04bb03c>] (clk_core_enable+0x44/0x9c)
[    0.256360] ---[ end trace cb88537fdc8fa21c ]---
[    0.256383] ------------[ cut here ]------------
[    0.256393] WARNING: CPU: 0 PID: 1 at arch/arm/mach-omap2/dpll3xxx.c:436 omap3_noncore_dpll_enable+0xe4/0x10c()
[    0.256398] Modules linked in:
[    0.256409] CPU: 0 PID: 1 Comm: swapper/0 Tainted: G        W       3.19.0-rc6-next-20150202-00002-gfbafc4f611e7 #1
[    0.256415] Hardware name: Generic DRA72X (Flattened Device Tree)
[    0.256428] [<c0015474>] (unwind_backtrace) from [<c0011a84>] (show_stack+0x10/0x14)
[    0.256441] [<c0011a84>] (show_stack) from [<c05cabb4>] (dump_stack+0x78/0x94)
[    0.256453] [<c05cabb4>] (dump_stack) from [<c003e040>] (warn_slowpath_common+0x7c/0xb4)
[    0.256466] [<c003e040>] (warn_slowpath_common) from [<c003e094>] (warn_slowpath_null+0x1c/0x24)
[    0.256478] [<c003e094>] (warn_slowpath_null) from [<c0035228>] (omap3_noncore_dpll_enable+0xe4/0x10c)
[    0.256491] [<c0035228>] (omap3_noncore_dpll_enable) from [<c04bb05c>] (clk_core_enable+0x64/0x9c)
[    0.256503] [<c04bb05c>] (clk_core_enable) from [<c04bb03c>] (clk_core_enable+0x44/0x9c)
[    0.256510] ---[ end trace cb88537fdc8fa21d ]---
[    0.256533] ------------[ cut here ]------------
[    0.256543] WARNING: CPU: 0 PID: 1 at arch/arm/mach-omap2/dpll3xxx.c:436 omap3_noncore_dpll_enable+0xe4/0x10c()
[    0.256548] Modules linked in:
[    0.256559] CPU: 0 PID: 1 Comm: swapper/0 Tainted: G        W       3.19.0-rc6-next-20150202-00002-gfbafc4f611e7 #1
[    0.256565] Hardware name: Generic DRA72X (Flattened Device Tree)
[    0.256578] [<c0015474>] (unwind_backtrace) from [<c0011a84>] (show_stack+0x10/0x14)
[    0.256590] [<c0011a84>] (show_stack) from [<c05cabb4>] (dump_stack+0x78/0x94)
[    0.256603] [<c05cabb4>] (dump_stack) from [<c003e040>] (warn_slowpath_common+0x7c/0xb4)
[    0.256616] [<c003e040>] (warn_slowpath_common) from [<c003e094>] (warn_slowpath_null+0x1c/0x24)
[    0.256628] [<c003e094>] (warn_slowpath_null) from [<c0035228>] (omap3_noncore_dpll_enable+0xe4/0x10c)
[    0.256640] [<c0035228>] (omap3_noncore_dpll_enable) from [<c04bb05c>] (clk_core_enable+0x64/0x9c)
[    0.256653] [<c04bb05c>] (clk_core_enable) from [<c04bb03c>] (clk_core_enable+0x44/0x9c)
[    0.256660] ---[ end trace cb88537fdc8fa21e ]---
[    0.258597] pinctrl core: initialized pinctrl subsystem
[    0.314146] NET: Registered protocol family 16
[    0.318566] DMA: preallocated 256 KiB pool for atomic coherent allocations
[    0.319915] cpuidle: using governor ladder
[    0.319934] cpuidle: using governor menu
[    0.328380] OMAP GPIO hardware version 0.1
[    0.345773] platform 4e000000.dmm: Cannot lookup hwmod 'dmm'
[    0.354240] omap-gpmc 50000000.gpmc: could not find pctldev for node /ocp/pinmux@4a003400/nand_default, deferring probe
[    0.354262] platform 50000000.gpmc: Driver omap-gpmc requests probe deferral
[    0.357395] No ATAGs?
[    0.357435] hw-breakpoint: found 5 (+1 reserved) breakpoint and 4 watchpoint registers.
[    0.357444] hw-breakpoint: maximum watchpoint size is 8 bytes.
[    0.359587] OMAP DMA hardware revision 0.0
[    0.402006] omap-dma-engine 4a056000.dma-controller: OMAP DMA engine driver
[    0.405496] SCSI subsystem initialized
[    0.406659] omap_i2c 48070000.i2c: could not find pctldev for node /ocp/pinmux@4a003400/pinmux_i2c1_pins, deferring probe
[    0.406681] platform 48070000.i2c: Driver omap_i2c requests probe deferral
[    0.409657] Switched to clocksource arch_sys_counter
[    0.511595] NET: Registered protocol family 2
[    0.512699] TCP established hash table entries: 8192 (order: 3, 32768 bytes)
[    0.512901] TCP bind hash table entries: 8192 (order: 6, 294912 bytes)
[    0.515206] TCP: Hash tables configured (established 8192 bind 8192)
[    0.515343] TCP: reno registered
[    0.515367] UDP hash table entries: 512 (order: 3, 40960 bytes)
[    0.515677] UDP-Lite hash table entries: 512 (order: 3, 40960 bytes)
[    0.516611] NET: Registered protocol family 1
[    0.517887] RPC: Registered named UNIX socket transport module.
[    0.517897] RPC: Registered udp transport module.
[    0.517905] RPC: Registered tcp transport module.
[    0.517912] RPC: Registered tcp NFSv4.1 backchannel transport module.
[    0.519471] hw perfevents: enabled with armv7_cortex_a15 PMU driver, 7 counters available
[    0.522709] futex hash table entries: 256 (order: 2, 16384 bytes)
[    0.522878] audit: initializing netlink subsys (disabled)
[    0.522994] audit: type=2000 audit(0.509:1): initialized
[    0.525910] VFS: Disk quotas dquot_6.5.2
[    0.526007] VFS: Dquot-cache hash table entries: 1024 (order 0, 4096 bytes)
[    0.527529] NFS: Registering the id_resolver key type
[    0.527739] Key type id_resolver registered
[    0.527748] Key type id_legacy registered
[    0.527852] jffs2: version 2.2. (NAND) (SUMMARY)   2001-2006 Red Hat, Inc.
[    0.530999] bounce: pool size: 64 pages
[    0.531049] io scheduler noop registered
[    0.531064] io scheduler deadline registered
[    0.531097] io scheduler cfq registered (default)
[    0.534837] pinctrl-single 4a003400.pinmux: 281 pins at pa fc003400 size 1124
[    0.540289] Serial: 8250/16550 driver, 4 ports, IRQ sharing enabled
[    0.544294] omap_uart 4806a000.serial: no wakeirq for uart0
[    0.544489] ------------[ cut here ]------------
[    0.544505] WARNING: CPU: 0 PID: 1 at arch/arm/mach-omap2/dpll3xxx.c:436 omap3_noncore_dpll_enable+0xe4/0x10c()
[    0.544512] Modules linked in:
[    0.544528] CPU: 0 PID: 1 Comm: swapper/0 Tainted: G        W       3.19.0-rc6-next-20150202-00002-gfbafc4f611e7 #1
[    0.544535] Hardware name: Generic DRA72X (Flattened Device Tree)
[    0.544554] [<c0015474>] (unwind_backtrace) from [<c0011a84>] (show_stack+0x10/0x14)
[    0.544569] [<c0011a84>] (show_stack) from [<c05cabb4>] (dump_stack+0x78/0x94)
[    0.544585] [<c05cabb4>] (dump_stack) from [<c003e040>] (warn_slowpath_common+0x7c/0xb4)
[    0.544600] [<c003e040>] (warn_slowpath_common) from [<c003e094>] (warn_slowpath_null+0x1c/0x24)
[    0.544612] [<c003e094>] (warn_slowpath_null) from [<c0035228>] (omap3_noncore_dpll_enable+0xe4/0x10c)
[    0.544628] [<c0035228>] (omap3_noncore_dpll_enable) from [<c04bb05c>] (clk_core_enable+0x64/0x9c)
[    0.544643] [<c04bb05c>] (clk_core_enable) from [<c04bb03c>] (clk_core_enable+0x44/0x9c)
[    0.544650] ---[ end trace cb88537fdc8fa21f ]---
[    0.544770] 4806a000.serial: ttyO0 at MMIO 0x4806a000 (irq = 295, base_baud = 3000000) is a OMAP UART0
[    4.757942] console [ttyO0] enabled
[    4.782066] brd: module loaded
[    4.797242] loop: module loaded
[    4.802077] ahci 4a140000.sata: couldn't get PHY in node sata: -517
[    4.808670] platform 4a140000.sata: Driver ahci requests probe deferral
[    4.816196] mtdoops: mtd device (mtddev=name/number) must be supplied
[    4.827231] mousedev: PS/2 mouse device common for all mice
[    4.833088] i2c /dev entries driver
[    4.836864] Driver 'mmcblk' needs updating - please use bus_type methods
[    4.844936] omap_hsmmc 4809c000.mmc: Got CD GPIO
[    4.850317] omap_hsmmc 4809c000.mmc: unable to get vmmc regulator -517
[    4.857482] platform 4809c000.mmc: Driver omap_hsmmc requests probe deferral
[    4.899726] ledtrig-cpu: registered to indicate activity on CPUs
[    4.907692] oprofile: using timer interrupt.
[    4.912553] TCP: cubic registered
[    4.916039] Initializing XFRM netlink socket
[    4.920593] NET: Registered protocol family 17
[    4.925272] NET: Registered protocol family 15
[    4.930175] Key type dns_resolver registered
[    4.934753] omap_voltage_late_init: Voltage driver support not added
[    4.941408] sr_dev_init: Unable to get voltage domain pointer for VDD core
[    4.948594] sr_dev_init: Unable to get voltage domain pointer for VDD mpu
[    4.956300] Power Management for TI OMAP4+ devices.
[    4.961735] ThumbEE CPU extension supported.
[    4.966218] Registering SWP/SWPB emulation handler
[    4.971250] SmartReflex Class3 initialized
[    4.983395] omap-gpmc 50000000.gpmc: GPMC revision 6.0
[    4.989967] nand: device found, Manufacturer ID: 0x2c, Chip ID: 0xca
[    4.996618] nand: Micron MT29F2G16ABAEAWP
[    5.000839] nand: 256 MiB, SLC, erase size: 128 KiB, page size: 2048, OOB size: 64
[    5.008766] omap2-nand omap2-nand.0: CONFIG_MTD_NAND_OMAP_BCH not enabled
[    5.015928] omap2-nand: probe of omap2-nand.0 failed with error -22
[    5.025309] palmas 0-0058: Irq flag is 0x00000000
[    5.054189] palmas 0-0058: Muxing GPIO 1d, PWM 0, LED 0
[    5.063714] mmc0: MAN_BKOPS_EN bit is not set
[    5.073121] mmc0: new high speed MMC card at address 0001
[    5.080301] mmcblk0: mmc0:0001 MMC08G 7.25 GiB 
[    5.085768] mmcblk0boot0: mmc0:0001 MMC08G partition 1 8.00 MiB
[    5.092472] mmcblk0boot1: mmc0:0001 MMC08G partition 2 8.00 MiB
[    5.101461]  mmcblk0: p1 p2
[    5.123289] omap_i2c 48070000.i2c: bus 0 rev0.12 at 400 kHz
[    5.129630] ahci 4a140000.sata: couldn't get PHY in node sata: -517
[    5.136248] platform 4a140000.sata: Driver ahci requests probe deferral
[    5.143729] omap_hsmmc 4809c000.mmc: Got CD GPIO
[    5.190088] ahci 4a140000.sata: couldn't get PHY in node sata: -517
[    5.196692] platform 4a140000.sata: Driver ahci requests probe deferral
[    5.269419] davinci_mdio 48485000.mdio: davinci mdio revision 1.6
[    5.275813] davinci_mdio 48485000.mdio: detected phy mask fffffff7
[    5.286227] libphy: 48485000.mdio: probed
[    5.290457] davinci_mdio 48485000.mdio: phy[3]: device 48485000.mdio:03, driver unknown
[    5.299463] cpsw 48484000.ethernet: Missing slave[0] phy_id property
[    5.306249] cpsw 48484000.ethernet: Detected MACID = b4:99:4c:1b:f6:ae
[    5.314848] drivers/rtc/hctosys.c: unable to open rtc device (rtc0)
[    5.321440] sr_init: No PMIC hook to init smartreflex
[    5.326909] sr_init: platform driver register failed for SR
[    5.376712] net eth0: initializing cpsw version 1.15 (0)
[    5.384300] libphy: PHY  not found
[    5.387866] net eth0: phy  not found on slave 0
[    5.394099] ahci 4a140000.sata: couldn't get PHY in node sata: -517
[    5.400755] platform 4a140000.sata: Driver ahci requests probe deferral
[    5.418149] mmc1: host does not support reading read-only switch, assuming write-enable
[    5.430727] mmc1: new high speed SD card at address e624
[    5.437037] mmcblk1: mmc1:e624 SU02G 1.84 GiB 
[    5.443885]  mmcblk1: p1 p2 p3
[    5.449564] ahci 4a140000.sata: couldn't get PHY in node sata: -517
[    5.456165] platform 4a140000.sata: Driver ahci requests probe deferral
[    5.483566] net eth0: phy found : id is : 0x20005c7a
[    9.486561] cpsw 48484000.ethernet eth0: Link is Up - 1Gbps/Full - flow control rx/tx
[    9.509387] Sending DHCP requests ., OK
[    9.559877] IP-Config: Got DHCP answer from 192.168.0.1, my address is 192.168.0.180
[    9.568258] IP-Config: Complete:
[    9.571669]      device=eth0, hwaddr=b4:99:4c:1b:f6:ae, ipaddr=192.168.0.180, mask=255.255.255.0, gw=192.168.0.1
[    9.582338]      host=192.168.0.180, domain=ti.com, nis-domain=(none)
[    9.589075]      bootserver=192.168.0.1, rootserver=192.168.0.1, rootpath=
[    9.596097]      nameserver0=192.0.2.2, nameserver1=192.0.2.3
[    9.603337] ldo4: disabling
[    9.636842] EXT4-fs (mmcblk1p2): mounted filesystem with ordered data mode. Opts: (null)
[    9.645410] VFS: Mounted root (ext4 filesystem) on device 179:26.
[    9.663985] devtmpfs: mounted
[    9.667485] Freeing unused kernel memory: 432K (c0842000 - c08ae000)
INIT: version 2.88 booting
Error opening /dev/fb0: No such file or directory
Starting udev
[   10.435245] udevd[74]: starting version 182
[   14.796428] FAT-fs (mmcblk0p1): Volume was not properly unmounted. Some data may be corrupt. Please run fsck.
[   14.814591] EXT4-fs (mmcblk0p2): warning: mounting unchecked fs, running e2fsck is recommended
[   14.836918] FAT-fs (mmcblk1p1): Volume was not properly unmounted. Some data may be corrupt. Please run fsck.
[   14.848289] EXT4-fs (mmcblk0p2): mounted filesystem without journal. Opts: (null)
[   14.872289] EXT4-fs (mmcblk1p3): mounted filesystem with ordered data mode. Opts: (null)
[   15.451045] EXT4-fs (mmcblk1p2): re-mounted. Opts: data=ordered
Starting Bootlog daemon: bootlogd: cannot allocate pseudo tty: No such file or directory
bootlogd.
[   15.592944] random: dd urandom read with 59 bits of entropy available
Populating dev cache
ALSA: Restoring mixer settings...
/usr/sbin/alsactl: load_state:1729: No soundcards found...
hwclock: can't open '/dev/misc/rtc': No such file or directory
Thu Sep  4 14:48:00 UTC 2014
hwclock: can't open '/dev/misc/rtc': No such file or directory
INIT: Entering runlevel: 5
Configuring network interfaces... udhcpc (v1.22.1) started
Sending discover...
Sending select for 192.168.0.210...
Lease of 192.168.0.210 obtained, lease time 600
/etc/udhcpc.d/50default: Adding DNS 192.0.2.2
/etc/udhcpc.d/50default: Adding DNS 192.0.2.3
done.
Starting system message bus: dbus.
Starting Dropbear SSH server: dropbear.
Starting telnet daemon.
Starting rpcbind daemon...rpcbind: cannot create socket for udp6
rpcbind: cannot create socket for tcp6
done.
creating NFS state directory: done
starting statd: done
hwclock: can't open '/dev/misc/rtc': No such file or directory
Starting syslogd/klogd: done
Starting thttpd.
Starting Lighttpd Web Server: lighttpd.
2014-09-04 14:48:02: (/scratch/jenkins/coresdk-nightly-build/build-CORTEX_1/arago-tmp-external-linaro-toolchain/work/cortexa15t2hf-vfp-neon-oe-linux-gnueabi/lighttpd/1.4.33-r1/lighttpd-1.4.33/src/log.c.166) server started 
Starting Matrix GUI application.
[   20.762802] random: nonblocking pool is initialized
***************************************************************
***************************************************************
NOTICE: This file system contains the followin GPLv3 packages:
	binutils
	elfutils
	gdbserver
	libdw1
	libelf1
	parted
If you do not wish to distribute GPLv3 components please remove
the above packages prior to distribution.  This can be done using
the opkg remove command.  i.e.:
    opkg remove <package>
Where <package> is the name printed in the list above
NOTE: If the package is a dependency of another package you
      will be notified of the dependent packages.  You should
      use the --force-removal-of-dependent-packages option to
      also remove the dependent packages as well
***************************************************************
***************************************************************
Stopping Bootlog daemon: bootlogd.
 _____                    _____           _         _   
|  _  |___ ___ ___ ___   |  _  |___ ___  |_|___ ___| |_ 
|     |  _| .'| . | . |  |   __|  _| . | | | -_|  _|  _|
|__|__|_| |__,|_  |___|  |__|  |_| |___|_| |___|___|_|  
              |___|                    |___|            
Arago Project http://arago-project.org dra7xx-evm /dev/ttyO0
Arago 2014.08 dra7xx-evm /dev/ttyO0
dra7xx-evm login: 
- 06:53:27 [INFO] Host: root
- 06:53:28 [INFO] Target: 
root
root@dra7xx-evm:~# 
- 06:53:28 [INFO] Host: uname -a
- 06:53:28 [INFO] Target: 
uname -a
Linux dra7xx-evm 3.19.0-rc6-next-20150202-00002-gfbafc4f611e7 #1 SMP Mon Feb 2 05:48:22 CST 2015 armv7l GNU/Linux
root@dra7xx-evm:~# 
- 06:53:28 [INFO] Host: cat /proc/cmdline
- 06:53:29 [INFO] Target: 
cat /proc/cmdline
console=ttyO0,115200n8 earlyprintk rootwait  ip=dhcp  root=PARTUUID=00000000-02 rw rootfstype=ext4 rootwait 
root@dra7xx-evm:~# 
- 06:53:29 [INFO] Host: uname -a
- 06:53:29 [INFO] Target: 
uname -a
Linux dra7xx-evm 3.19.0-rc6-next-20150202-00002-gfbafc4f611e7 #1 SMP Mon Feb 2 05:48:22 CST 2015 armv7l GNU/Linux
root@dra7xx-evm:~# 
- 06:53:29 [INFO] Host: cat /proc/mtd
- 06:53:30 [INFO] Target: 
cat /proc/mtd
dev:    size   erasesize  name
root@dra7xx-evm:~# 
- 06:53:42 [INFO] Host: export IPERFHOST=192.168.0.1
- 06:53:42 [INFO] Target: 
export IPERFHOST=192.168.0.1
root@dra7xx-evm:~# 
- 06:53:42 [INFO] Host: export NFS_SERVER=192.168.0.1
- 06:53:43 [INFO] Target: 
export NFS_SERVER=192.168.0.1
root@dra7xx-evm:~# 
- 06:53:43 [INFO] Host: export NFS_ROOT_PATH=/home/tigtfarm07/NFS_exports/j6eco-evm2
- 06:53:43 [INFO] Target: 
export NFS_ROOT_PATH=/home/tigtfarm07/NFS_exports/j6eco-evm2
root@dra7xx-evm:~# 
- 06:53:43 [INFO] Host: mkdir -p -m 777 /test
- 06:53:44 [INFO] Target: 
mkdir -p -m 777 /test
root@dra7xx-evm:~# 
- 06:53:44 [INFO] Host: cd /test
- 06:53:44 [INFO] Target: 
cd /test
root@dra7xx-evm:/test# 
- 06:53:44 [INFO] Host: cat > test.sh << EOF
- 06:53:45 [INFO] Target: 
cat > test.sh << EOF
- 06:53:45 [INFO] Host: failtest() {
- 06:53:45 [INFO] Target: 
failtest() {
- 06:53:45 [INFO] Host:   echo 1 >&3
- 06:53:46 [INFO] Target: 
  echo 1 >&3
- 06:53:46 [INFO] Host: }
- 06:53:46 [INFO] Target: 
- 06:53:46 [INFO] Host: timeout=600
- 06:53:47 [INFO] Target: 
timeout=600
- 06:53:47 [INFO] Host: 
- 06:53:47 [INFO] Target: 
- 06:53:47 [INFO] Host: # Start of user's script logic
- 06:53:48 [INFO] Target: 
# Start of user's script logic
- 06:53:48 [INFO] Host: 
- 06:53:48 [INFO] Target: 
- 06:53:48 [INFO] Host: 
- 06:53:49 [INFO] Target: 
- 06:53:49 [INFO] Host: mount -t proc proc /proc 2>/dev/null;
- 06:53:49 [INFO] Target: 
mount -t proc proc /proc 2>/dev/null;
- 06:53:49 [INFO] Host: 
- 06:53:50 [INFO] Target: 
- 06:53:50 [INFO] Host: mount -t sysfs sys /sys 2>/dev/null;
- 06:53:50 [INFO] Target: 
mount -t sysfs sys /sys 2>/dev/null;
- 06:53:50 [INFO] Host: 
- 06:53:51 [INFO] Target: 
- 06:53:51 [INFO] Host: mount -t debugfs none /sys/kernel/debug 2>/dev/null;
- 06:53:51 [INFO] Target: 
mount -t debugfs none /sys/kernel/debug 2>/dev/null;
- 06:53:51 [INFO] Host: 
- 06:53:52 [INFO] Target: 
- 06:53:52 [INFO] Host: echo 'cpuinfo:';cat /proc/cpuinfo; echo '=======';
- 06:53:52 [INFO] Target: 
echo 'cpuinfo:';cat /proc/cpuinfo; echo '=======';
- 06:53:52 [INFO] Host: 
- 06:53:53 [INFO] Target: 
- 06:53:53 [INFO] Host: echo 'soc info:';head /sys/devices/soc0/* 2>/dev/null; echo '=======';
- 06:53:53 [INFO] Target: 
echo 'soc info:';head /sys/devices/soc0/* 2>/dev/null; echo '=======';
- 06:53:53 [INFO] Host: 
- 06:53:54 [INFO] Target: 
- 06:53:54 [INFO] Host: echo 'DT Model info'; head /proc/device-tree/name /proc/device-tree/model /proc/device-tree/compatible 2>/dev/null;echo; echo '=======';
- 06:53:54 [INFO] Target: 
echo 'DT Model info'; head /proc/device-tree/name /proc/device-tree/model /pro 
c/device-tree/compatible 2>/dev/null;echo; echo '=======';
- 06:53:54 [INFO] Host: 
- 06:53:55 [INFO] Target: 
- 06:53:55 [INFO] Host: echo 'interrupts:';cat /proc/interrupts; echo '=======';
- 06:53:55 [INFO] Target: 
echo 'interrupts:';cat /proc/interrupts; echo '=======';
- 06:53:55 [INFO] Host: 
- 06:53:56 [INFO] Target: 
- 06:53:56 [INFO] Host: echo 'Clk_summary:';cat /sys/kernel/debug/clk/clk_summary; echo '=======';
- 06:53:56 [INFO] Target: 
echo 'Clk_summary:';cat /sys/kernel/debug/clk/clk_summary; echo '=======';
- 06:53:56 [INFO] Host: 
- 06:53:57 [INFO] Target: 
- 06:53:57 [INFO] Host: echo 'Orphan Clks:';ls /sys/kernel/debug/clk/orphans/; echo '=======';
- 06:53:57 [INFO] Target: 
echo 'Orphan Clks:';ls /sys/kernel/debug/clk/orphans/; echo '=======';
- 06:53:57 [INFO] Host: 
- 06:53:58 [INFO] Target: 
- 06:53:58 [INFO] Host: echo "Available frequencies"; cat /sys/devices/system/cpu/cpu0/cpufreq/scaling_available_frequencies 2>/dev/null;echo '=======';
- 06:53:58 [INFO] Target: 
echo "Available frequencies"; cat /sys/devices/system/cpu/cpu0/cpufreq/scaling 
_available_frequencies 2>/dev/null;echo '=======';
- 06:53:58 [INFO] Host: 
- 06:53:59 [INFO] Target: 
- 06:53:59 [INFO] Host: echo 'H''ello World' 'B''oard Booted';
- 06:53:59 [INFO] Target: 
echo 'H''ello World' 'B''oard Booted';
- 06:53:59 [INFO] Host: 
- 06:54:00 [INFO] Target: 
- 06:54:00 [INFO] Host: EOF
- 06:54:00 [INFO] Target: 
root@dra7xx-evm:/test# 
- 06:54:00 [INFO] Host: cd /test
- 06:54:01 [INFO] Target: 
cd /test
root@dra7xx-evm:/test# 
- 06:54:01 [INFO] Host: chmod +x test.sh
- 06:54:01 [INFO] Target: 
chmod +x test.sh
root@dra7xx-evm:/test# 
- 06:54:01 [INFO] Host: ./test.sh 2> stderr.log > stdout.log 3> result.log
- 06:54:02 [INFO] Target: 
./test.sh 2> stderr.log > stdout.log 3> result.log
root@dra7xx-evm:/test# 
- 06:54:02 [INFO] Host: echo $?
- 06:54:02 [INFO] Target: 
echo $?
root@dra7xx-evm:/test# 
- 06:54:02 [INFO] Host: cd /test
- 06:54:03 [INFO] Target: 
cd /test
root@dra7xx-evm:/test# 
- 06:54:03 [INFO] Host: cat stdout.log
- 06:54:05 [INFO] Target: 
cat stdout.log
cpuinfo:
processor	: 0
model name	: ARMv7 Processor rev 2 (v7l)
BogoMIPS	: 12.29
Features	: half thumb fastmult vfp edsp thumbee neon vfpv3 tls vfpv4 idiva idivt vfpd32 lpae evtstrm 
CPU implementer	: 0x41
CPU architecture: 7
CPU variant	: 0x2
CPU part	: 0xc0f
CPU revision	: 2
Hardware	: Generic DRA72X (Flattened Device Tree)
Revision	: 0000
Serial		: 0000000000000000
=======
soc info:
==> /sys/devices/soc0/family <==
DRA7
==> /sys/devices/soc0/machine <==
DRA722
==> /sys/devices/soc0/power <==
==> /sys/devices/soc0/revision <==
ES1.0
==> /sys/devices/soc0/subsystem <==
==> /sys/devices/soc0/type <==
==> /sys/devices/soc0/uevent <==
=======
DT Model info
==> /proc/device-tree/name <==
==> /proc/device-tree/model <==
TI DRA722
==> /proc/device-tree/compatible <==
ti,dra72-evmti,dra722ti,dra72ti,dra7
=======
interrupts:
           CPU0       
 16:          0       GIC 191  gp_timer
 19:       2163       GIC  27  arch_timer
 22:          0       GIC 190  l3-dbg-irq
 23:          0       GIC  42  l3-app-irq
 28:       4653       GIC 185  omap-dma-engine
224:          0  4805d000.gpio  27  4809c000.mmc cd
295:       4169       GIC 174  OMAP UART0
308:        279       GIC 156  48070000.i2c
309:       5741       GIC 155  mmc1
310:        823       GIC 154  mmc0
317:          0       GIC 147  gpmc
319:         30       GIC 145  48484000.ethernet
320:         10       GIC 144  48484000.ethernet
333:          0      PRCM  pinctrl
390:          1       GIC 141  tps65917
IPI0:          0  CPU wakeup interrupts
IPI1:          0  Timer broadcast interrupts
IPI2:          0  Rescheduling interrupts
IPI3:          0  Function call interrupts
IPI4:          0  Single function call interrupts
IPI5:          0  CPU stop interrupts
IPI6:          0  IRQ work interrupts
IPI7:          0  completion interrupts
Err:          0
=======
Clk_summary:
   clock                         enable_cnt  prepare_cnt        rate   accuracy   phase
----------------------------------------------------------------------------------------
 dummy_ck                                 0            0           0          0 0  
 video2_m2_clkin_ck                       0            0           0          0 0  
    video2_dclk_div                       0            0           0          0 0  
 video2_clkin_ck                          0            0           0          0 0  
    video2_div_clk                        0            0           0          0 0  
    video2_clk2_div                       0            0           0          0 0  
 video1_m2_clkin_ck                       0            0           0          0 0  
    video1_dclk_div                       0            0           0          0 0  
 video1_clkin_ck                          0            0           0          0 0  
    video1_div_clk                        0            0           0          0 0  
    video1_clk2_div                       0            0           0          0 0  
 usb_otg_clkin_ck                         0            0           0          0 0  
    usb_otg_dclk_div                      0            0           0          0 0  
 sys_clkin2                               0            0    22579200          0 0  
    abe_dpll_sys_clk_mux                  0            0    22579200          0 0  
       abe_dpll_clk_mux                   0            0    22579200          0 0  
          dpll_abe_ck                     0            0    22579200          0 0  
             dpll_abe_m2_ck               0            0    22579200          0 0  
                per_abe_x1_gfclk2_div           0            0    22579200          0 0  
                   mcasp8_aux_gfclk_mux           0            0    22579200          0 0  
                   mcasp7_aux_gfclk_mux           0            0    22579200          0 0  
                   mcasp6_aux_gfclk_mux           0            0    22579200          0 0  
                   mcasp5_aux_gfclk_mux           0            0    22579200          0 0  
                   mcasp4_aux_gfclk_mux           0            0    22579200          0 0  
                   mcasp3_aux_gfclk_mux           0            0    22579200          0 0  
                   mcasp2_aux_gfclk_mux           0            0    22579200          0 0  
                   mcasp1_aux_gfclk_mux           0            0    22579200          0 0  
                per_abe_x1_dclk_div           0            0    22579200          0 0  
             dpll_abe_x2_ck               0            0    22579200          0 0  
                dpll_abe_m3x2_ck           0            0    22579200          0 0  
                   usb_dpll_hs_clk_div           0            0     7526400          0 0  
                   per_dpll_hs_clk_div           0            0    11289600          0 0  
                   dpll_gpu_ck            0            0    22579200          0 0  
                      dpll_gpu_m2_ck           0            0    22579200          0 0  
                         gpu_dclk           0            0    22579200          0 0  
                dpll_abe_m2x2_ck           0            0    22579200          0 0  
                   abe_lp_clk_div           0            0     1411200          0 0  
                   abe_24m_fclk           0            0     2822400          0 0  
                      mcasp8_ahclk_mux           0            0     2822400          0 0  
                      mcasp7_ahclkx_mux           0            0     2822400          0 0  
                      mcasp6_ahclkx_mux           0            0     2822400          0 0  
                      mcasp5_ahclkx_mux           0            0     2822400          0 0  
                      mcasp4_ahclkx_mux           0            0     2822400          0 0  
                      mcasp3_ahclkx_mux           0            0     2822400          0 0  
                      mcasp2_ahclkx_mux           0            0     2822400          0 0  
                      mcasp2_ahclkr_mux           0            0     2822400          0 0  
                      mcasp1_ahclkx_mux           0            0     2822400          0 0  
                      mcasp1_ahclkr_mux           0            0     2822400          0 0  
                   ipu1_gfclk_mux           0            0    22579200          0 0  
                   abe_clk                0            0    22579200          0 0  
                      aess_fclk           0            0    22579200          0 0  
                         abe_giclk_div           0            0    22579200          0 0  
       abe_dpll_bypass_clk_mux            0            0    22579200          0 0  
    sys_clk2_dclk_div                     0            0    22579200          0 0  
 virt_38400000_ck                         0            0    38400000          0 0  
 virt_27000000_ck                         0            0    27000000          0 0  
 virt_26000000_ck                         0            0    26000000          0 0  
 virt_20000000_ck                         1            1    20000000          0 0  
    sys_clkin1                            5           12    20000000          0 0  
       wkupaon_iclk_mux                   9           12    20000000          0 0  
          l3instr_ts_gclk_div             0            0      625000          0 0  
       sata_ref_clk                       0            0    20000000          0 0  
       dpll_usb_ck                        0            1   960000000          0 0  
          dpll_usb_clkdcoldo              0            1   960000000          0 0  
             l3init_960m_gfclk            0            2   960000000          0 0  
                usb_otg_ss2_refclk960m           0            1   960000000          0 0  
                usb_otg_ss1_refclk960m           0            1   960000000          0 0  
          dpll_usb_m2_ck                  0            0   480000000          0 0  
             l3init_480m_dclk_div           0            0   480000000          0 0  
             l3init_60m_fclk              0            0    60000000          0 0  
       dpll_per_ck                        1            1   384000000          0 0  
          dpll_per_x2_ck                  1            3   768000000          0 0  
             dpll_per_m2x2_ck             1            5   192000000          0 0  
                mmc2_fclk_mux             0            1   192000000          0 0  
                   mmc2_fclk_div           0            1    96000000          0 0  
                mmc1_fclk_mux             0            1   192000000          0 0  
                   mmc1_fclk_div           0            1    96000000          0 0  
                func_96m_fclk             0            5    96000000          0 0  
                func_48m_fclk             1           18    48000000          0 0  
                   uart6_gfclk_mux           0            1    48000000          0 0  
                   uart10_gfclk_mux           0            1    48000000          0 0  
                   uart9_gfclk_mux           0            1    48000000          0 0  
                   uart8_gfclk_mux           0            1    48000000          0 0  
                   uart7_gfclk_mux           0            1    48000000          0 0  
                   uart5_gfclk_mux           0            1    48000000          0 0  
                   uart4_gfclk_mux           0            1    48000000          0 0  
                   uart3_gfclk_mux           0            1    48000000          0 0  
                   uart2_gfclk_mux           0            1    48000000          0 0  
                   uart1_gfclk_mux           1            1    48000000          0 0  
                   mmc4_gfclk_mux           0            1    48000000          0 0  
                      mmc4_gfclk_div           0            1    48000000          0 0  
                   mmc3_gfclk_mux           0            1    48000000          0 0  
                      mmc3_gfclk_div           0            1    48000000          0 0  
                   dss_48mhz_clk           0            2    48000000          0 0  
                func_12m_fclk             0            1    12000000          0 0  
             dpll_per_h14x2_ck            0            0   384000000          0 0  
             dpll_per_h13x2_ck            0            1   192000000          0 0  
                qspi_gfclk_mux            0            1   192000000          0 0  
                   qspi_gfclk_div           0            1   192000000          0 0  
             dpll_per_h12x2_ck            0            1   192000000          0 0  
                dss_dss_clk               0            3   192000000          0 0  
             dpll_per_h11x2_ck            0            0   256000000          0 0  
                func_128m_clk             0            0   128000000          0 0  
          dpll_per_m2_ck                  0            0    96000000          0 0  
             func_24m_clk                 0            0    24000000          0 0  
             func_96m_aon_dclk_div           0            0    96000000          0 0  
       dpll_pcie_ref_ck                   0            0    20000000          0 0  
          dpll_pcie_ref_m2_ck             0            0    20000000          0 0  
             pcie2_dclk_div               0            0    20000000          0 0  
          dpll_pcie_ref_m2ldo_ck           0            0    20000000          0 0  
             apll_pcie_in_clk_mux           0            0    20000000          0 0  
                apll_pcie_ck              0            0    20000000          0 0  
                   apll_pcie_m2_ck           0            0    20000000          0 0  
                      pcie_dclk_div           0            0    20000000          0 0  
                   apll_pcie_clkvcoldo_div           0            0    20000000          0 0  
                   apll_pcie_clkvcoldo           0            0    20000000          0 0  
                   optfclk_pciephy2_clk           0            0    20000000          0 0  
                   optfclk_pciephy1_clk           0            0    20000000          0 0  
                   optfclk_pciephy_div           0            0    10000000          0 0  
                      optfclk_pciephy2_div_clk           0            0    10000000          0 0  
                      optfclk_pciephy1_div_clk           0            0    10000000          0 0  
       dpll_gmac_ck                       3            3  1000000000          0 0  
          dpll_gmac_x2_ck                 0            0  2000000000          0 0  
             dpll_gmac_m3x2_ck            0            0   200000000          0 0  
             dpll_gmac_h13x2_ck           0            0   200000000          0 0  
             dpll_gmac_h12x2_ck           0            0   250000000          0 0  
             dpll_gmac_h11x2_ck           0            0    50000000          0 0  
                gmii_m_clk_div            0            0    25000000          0 0  
          dpll_gmac_m2_ck                 0            0   250000000          0 0  
             gmac_250m_dclk_div           0            0   250000000          0 0  
             gmac_gmii_ref_clk_div           0            0   125000000          0 0  
       dpll_ddr_ck                        0            0  1332000000          0 0  
          dpll_ddr_x2_ck                  0            0  2664000000          0 0  
             dpll_ddr_h11x2_ck            0            0   333000000          0 0  
          dpll_ddr_m2_ck                  0            0   666000000          0 0  
             emif_phy_dclk_div            0            0   666000000          0 0  
       dpll_mpu_ck                        1            1  1000000000          0 0  
          dpll_mpu_m2_ck                  1            1  1000000000          0 0  
             mpu_dclk_div                 0            0  1000000000          0 0  
       dpll_core_ck                       1            1  1064000000          0 0  
          dpll_core_m2_ck                 0            0   532000000          0 0  
             core_dpll_out_dclk_div           0            0   532000000          0 0  
          dpll_core_x2_ck                 2            3  2128000000          0 0  
             dpll_core_h24x2_ck           0            1   354666667          0 0  
             dpll_core_h23x2_ck           0            0   532000000          0 0  
             dpll_core_h22x2_ck           0            0   425600000          0 0  
             dpll_core_h14x2_ck           0            0   425600000          0 0  
                gpu_hyd_gclk_mux           0            0   425600000          0 0  
                gpu_core_gclk_mux           0            0   425600000          0 0  
             dpll_core_h13x2_ck           3            6    34322581          0 0  
             dpll_core_h12x2_ck           1            1   532000000          0 0  
                l3_iclk_div              84           96   266000000          0 0  
                   vip3_gclk_mux           0            0   266000000          0 0  
                   vip2_gclk_mux           0            0   266000000          0 0  
                   vip1_gclk_mux           0            0   266000000          0 0  
                   gmac_rft_clk_mux           0            0   266000000          0 0  
                   atl_gfclk_mux           0            1   266000000          0 0  
                      atl_clkin3_ck           0            0   266000000          0 0  
                      atl_clkin2_ck           0            0   266000000          0 0  
                      atl_clkin1_ck           0            0   266000000          0 0  
                      atl_clkin0_ck           0            0   266000000          0 0  
                   l4_root_clk_div           9           15   133000000          0 0  
                eve_dpll_hs_clk_div           0            0   532000000          0 0  
                   dpll_eve_ck            0            0   532000000          0 0  
                      dpll_eve_m2_ck           0            0   532000000          0 0  
                         eve_clk           0            0   532000000          0 0  
                         eve_dclk_div           0            0   532000000          0 0  
                iva_dpll_hs_clk_div           0            0   532000000          0 0  
                   dpll_iva_ck            0            0   532000000          0 0  
                      dpll_iva_m2_ck           0            0   532000000          0 0  
                         iva_dclk           0            0   532000000          0 0  
                dsp_dpll_hs_clk_div           0            0   532000000          0 0  
                   dpll_dsp_ck            0            0   532000000          0 0  
                      dpll_dsp_x2_ck           0            0   532000000          0 0  
                         dpll_dsp_m3x2_ck           0            0   532000000          0 0  
                      dpll_dsp_m2_ck           0            0   532000000          0 0  
                         dsp_gclk_div           0            0   532000000          0 0  
                mpu_dpll_hs_clk_div           0            0   532000000          0 0  
       dcan1_sys_clk_mux                  0            1    20000000          0 0  
       video2_dpll_clk_mux                0            1    20000000          0 0  
          dss_video2_clk                  0            1    20000000          0 0  
       video1_dpll_clk_mux                0            1    20000000          0 0  
          dss_video1_clk                  0            1    20000000          0 0  
       timer_sys_clk_div                  0           10    20000000          0 0  
          timer9_gfclk_mux                0            1    20000000          0 0  
          timer4_gfclk_mux                0            1    20000000          0 0  
          timer3_gfclk_mux                0            1    20000000          0 0  
          timer2_gfclk_mux                0            1    20000000          0 0  
          timer16_gfclk_mux               0            0    20000000          0 0  
          timer15_gfclk_mux               0            0    20000000          0 0  
          timer14_gfclk_mux               0            0    20000000          0 0  
          timer13_gfclk_mux               0            0    20000000          0 0  
          timer11_gfclk_mux               0            1    20000000          0 0  
          timer10_gfclk_mux               0            1    20000000          0 0  
          timer8_gfclk_mux                0            1    20000000          0 0  
          timer7_gfclk_mux                0            1    20000000          0 0  
          timer6_gfclk_mux                0            1    20000000          0 0  
          timer5_gfclk_mux                0            1    20000000          0 0  
       hdmi_dpll_clk_mux                  0            1    20000000          0 0  
          dss_hdmi_clk                    0            2    20000000          0 0  
       custefuse_sys_gfclk_div            0            0    10000000          0 0  
       emu_dclk_div                       0            0    20000000          0 0  
       sata_dclk_div                      0            0    20000000          0 0  
