- 01:48:07 [INFO] Starting target session
- 01:48:07 [INFO] Connected to dra72x-evm via serial 
- 01:48:07 [INFO] Host: #check prompt
- 01:48:10 [ERROR] On command: #check prompt waiting for #check prompt.+?(?-mix:((?-mix:login:)|[Pp]assword)) >>> error: execution expired
- 01:48:10 [INFO] Target: 
#check prompt
root@dra7xx-evm:/test# 
- 01:48:10 [INFO] Host: #check prompt
- 01:48:10 [INFO] Target: 
#check prompt
root@dra7xx-evm:/test# 
- 01:48:10 [INFO] Host: sync;poweroff
- 01:50:10 [ERROR] On command: sync;poweroff waiting for sync;poweroff.+?(?i-mx:System halted|System will go to power_off|Power down|reboot: Power) >>> error: execution expired
- 01:50:10 [INFO] Target: 
sync;poweroff
[[0;32m  OK  [0m] Stopped target Multi-User System.
[[0;32m  OK  [0m] Stopped target Paths.
[[0;32m  OK  [0m] Stopped Dispatch Password Requests to Console Directory Watch.
[[0;32m  OK  [0m] Stopped target Slices.
[[0;32m  OK  [0m] Stopped target Swap.
[[0;32m  OK  [0m] Stopped Forward Password Requests to Wall Directory Watch.
[[0;32m  OK  [0m] Stopped target Sockets.
[[0;32m  OK  [0m] Closed dropbear.socket.
[[0;32m  OK  [0m] Closed RPCbind Server Activation Socket.
         Stopping User Manager for UID 0...
[[0;32m  OK  [0m] Stopped target Sound Card.
[[0;32m  OK  [0m] Stopped target Timers.
[[0;32m  OK  [0m] Stopped Daily Cleanup of Temporary Directories.
         Stopping Avahi mDNS/DNS-SD Stack...
         Stopping Load/Save Random Seed...
         Stopping Telephony service...
         Stopping Update UTMP about System Boot/Shutdown...
         Stopping thermal-zone-init.service...
         Stopping Session c1 of user root.
         Stopping strongSwan IPsec IKEv1/IKEv2 daemon using ipsec.conf...
         Stopping Lightning Fast Webserver With Light System Requirements...
         Stopping System Logging Service...
[[0;32m  OK  [0m] Stopped target Login Prompts.
         Stopping Serial Getty on ttyS0...
[[0;32m  OK  [0m] Stopped target System Time Synchronized.
         Stopping Network Time Synchronization...
         Stopping Network Name Resolution...
[[0;32m  OK  [0m] Stopped Setup Virtual Console.
         Stopping Kernel Logging Service...
         Stopping Getty on tty1...
[[0;32m  OK  [0m] Stopped Kernel Logging Service.
[[0;32m  OK  [0m] Stopped strongSwan IPsec IKEv1/IKEv2 daemon using ipsec.conf.
[[0;32m  OK  [0m] Stopped Telephony service.
[[0;32m  OK  [0m] Stopped System Logging Service.
[[0;32m  OK  [0m] Stopped Avahi mDNS/DNS-SD Stack.
[[0;32m  OK  [0m] Stopped Getty on tty1.
[[0;32m  OK  [0m] Stopped Serial Getty on ttyS0.
[[0;32m  OK  [0m] Stopped Network Name Resolution.
[[0;32m  OK  [0m] Stopped Lightning Fast Webserver With Light System Requirements.
[[0;32m  OK  [0m] Stopped User Manager for UID 0.
[[0;32m  OK  [0m] Stopped Load/Save Random Seed.
[[0;32m  OK  [0m] Stopped thermal-zone-init.service.
[[0;32m  OK  [0m] Stopped Session c1 of user root.
[[0;32m  OK  [0m] Stopped Update UTMP about System Boot/Shutdown.
[[0;32m  OK  [0m] Stopped User Manager for UID 0.
         Stopping matrix-gui-2.0.service...
[[0;32m  OK  [0m] Removed slice User Slice of root.
         Stopping Login Service...
[[0;32m  OK  [0m] Stopped target Network.
         Stopping Network Service...
[[0;32m  OK  [0m] Removed slice system-serial\x2dgetty.slice.
         Stopping Permit User Sessions...
[[0;32m  OK  [0m] Removed slice system-getty.slice.
[[0;32m  OK  [0m] Closed Avahi mDNS/DNS-SD Stack Activation Socket.
[[0;32m  OK  [0m] Closed Syslog Socket.
[[0;32m  OK  [0m] Stopped Network Time Synchronization.
[[0;32m  OK  [0m] Stopped Network Service.
[[0;32m  OK  [0m] Stopped Login Service.
[[0;32m  OK  [0m] Stopped matrix-gui-2.0.service.
[[0;32m  OK  [0m] Stopped Permit User Sessions.
         Stopping gdbserverproxy.service...
[[0;32m  OK  [0m] Removed slice User and Session Slice.
         Stopping D-Bus System Message Bus...
[[0;32m  OK  [0m] Stopped Apply Kernel Variables.
[[0;32m  OK  [0m] Stopped Create Volatile Files and Directories.
[[0;32m  OK  [0m] Stopped target Local File Systems.
         Unmounting /run/user/0...
         Unmounting /var/volatile...
         Unmounting /run/media/mmcblk0p2...
         Unmounting /run/media/sda1...
         Unmounting /run/media/mmcblk0p1...
         Unmounting /run/media/mmcblk0p3...
         Unmounting /media/ram...
         Unmounting Temporary Directory...
[[0;32m  OK  [0m] Stopped D-Bus System Message Bus.
[[0;32m  OK  [0m] Stopped gdbserverproxy.service.
[[0;32m  OK  [0m] Unmounted /run/user/0.
[[0;32m  OK  [0m] Unmounted /var/volatile.
[[0;32m  OK  [0m] Unmounted /run/media/mmcblk0p2.
[[0;32m  OK  [0m] Unmounted /run/media/sda1.
[[0;32m  OK  [0m] Unmounted /media/ram.
[[0;1;31mFAILED[0m] Failed unmounting Temporary Directory.
[[0;1;31mFAILED[0m] Failed unmounting /run/media/mmcblk0p1.
[[0;32m  OK  [0m] Unmounted /run/media/mmcblk0p3.

- 01:50:10 [INFO] Disconnected serial from dra72x-evm
- 01:50:11 [INFO] Connected to dra72x-evm via serial 
- 01:50:11 [INFO] Host: 
- 01:50:13 [INFO] Target: 

U-Boot SPL 2016.05-g72e318bdce (Dec 10 2016 - 07:13:26)
DRA722-GP ES2.0
Trying to boot from MMC1
reading args
spl_load_image_fat_os: error reading image args, err - -1
reading u-boot.img
reading u-boot.img
reading u-boot.img
reading u-boot.img


U-Boot 2016.05-g72e318bdce (Dec 10 2016 - 07:13:26 -0500)

CPU  : DRA722-GP ES2.0
Model: TI DRA722 Rev C EVM
Board: DRA72x EVM REV C.1
DRAM:  2 GiB
MMC:   OMAP SD/MMC: 0, OMAP SD/MMC: 1
SCSI:  SATA link 0 timeout.
AHCI 0001.0300 32 slots 1 ports 3 Gbps 0x1 impl SATA mode
flags: 64bit ncq stag pm led clo only pmp pio slum part ccc apst 
scanning bus for devices...
Found 0 device(s).
Net:   
Warning: ethernet@48484000 using MAC address from ROM
eth0: ethernet@48484000
Hit any key to stop autoboot:  2  0 
=> 
=>  
=>  
=>  
=>  
=>  
=>  
=>  
=>  
=> 
- 01:50:13 [INFO] Host: 
- 01:50:13 [INFO] Target: 
 
=> 
=> 
- 01:50:13 [INFO] Host: version
- 01:50:13 [INFO] Target: 
version

U-Boot 2016.05-g72e318bdce (Dec 10 2016 - 07:13:26 -0500)
arm-linux-gnueabihf-gcc (Linaro GCC 5.3-2016.02) 5.3.1 20160113
GNU ld (GNU Binutils) 2.25.0 Linaro 2015_10
=> 
- 01:50:13 [INFO] Host: setenv bootargs 'console=ttyO0,115200n8 earlyprintk=serial,ttyO0,115200n8 rootwait '
- 01:50:13 [INFO] Target: 
setenv bootargs 'console=ttyO0,115200n8 earlyprintk=serial,ttyO0,115200n8 rootwait '
=> 
- 01:50:13 [INFO] Host: setenv bootcmd  ''
- 01:50:13 [INFO] Target: 
setenv bootcmd  ''
=> 
- 01:50:13 [INFO] Host: setenv autoload 'no'
- 01:50:14 [INFO] Target: 
setenv autoload 'no'
=> 
- 01:50:14 [INFO] Host: setenv serverip '192.168.0.1'
- 01:50:14 [INFO] Target: 
setenv serverip '192.168.0.1'
=> 
- 01:50:14 [INFO] Host: setenv _initramfs -
- 01:50:14 [INFO] Target: 
setenv _initramfs -
=> 
- 01:50:14 [INFO] Host: printenv
- 01:50:14 [INFO] Target: 
printenv
_initramfs=-
arch=arm
args_fit=setenv bootargs console=${console} 
args_mmc=run finduuid;setenv bootargs console=${console} ${optargs} root=PARTUUID=${uuid} rw rootfstype=${mmcrootfstype}
autoload=no
baudrate=115200
board=dra7xx
board_name=dra72x-revc
board_rev=C.1
boot_fdt=try
boot_fit=0
bootargs=console=ttyO0,115200n8 earlyprintk=serial,ttyO0,115200n8 rootwait 
bootcmd=
bootdelay=2
bootdir=/boot
bootenvfile=uEnv.txt
bootfile=zImage
bootm_size=0x10000000
bootpart=0:2
bootscript=echo Running bootscript from mmc${mmcdev} ...; source ${loadaddr}
console=ttyO0,115200n8
cpu=armv7
dfu_alt_info_emmc=rawemmc raw 0 3751936;boot part 1 1;rootfs part 1 2;MLO fat 1 1;MLO.raw raw 0x100 0x100;u-boot.img.raw raw 0x300 0x400;spl-os-args.raw raw 0x80 0x80;spl-os-image.raw raw 0x900 0x2000;spl-os-args fat 1 1;spl-os-image fat 1 1;u-boot.img fat 1 1;uEnv.txt fat 1 1
dfu_alt_info_mmc=boot part 0 1;rootfs part 0 2;MLO fat 0 1;MLO.raw raw 0x100 0x100;u-boot.img.raw raw 0x300 0x400;spl-os-args.raw raw 0x80 0x80;spl-os-image.raw raw 0x900 0x2000;spl-os-args fat 0 1;spl-os-image fat 0 1;u-boot.img fat 0 1;uEnv.txt fat 0 1
dfu_alt_info_qspi=MLO raw 0x0 0x040000;u-boot.img raw 0x040000 0x0100000;u-boot-spl-os raw 0x140000 0x080000;u-boot-env raw 0x1C0000 0x010000;u-boot-env.backup raw 0x1D0000 0x010000;kernel raw 0x1E0000 0x800000
dfu_alt_info_ram=kernel ram 0x80200000 0x4000000;fdt ram 0x80f80000 0x80000;ramdisk ram 0x81000000 0x4000000
dfu_bufsiz=0x10000
dofastboot=0
envboot=mmc dev ${mmcdev}; if mmc rescan; then echo SD/MMC found on device ${mmcdev};if run loadbootscript; then run bootscript;else if run loadbootenv; then echo Loaded env from ${bootenvfile};run importbootenv;fi;if test -n $uenvcmd; then echo Running uenvcmd ...;run uenvcmd;fi;fi;fi;
ethaddr=5c:f8:21:14:31:b4
fdt_addr_r=0x88000000
fdtaddr=0x88000000
fdtcontroladdr=fdf101d8
fdtfile=undefined
findfdt=if test $board_name = omap5_uevm; then setenv fdtfile omap5-uevm.dtb; fi; if test $board_name = dra7xx; then setenv fdtfile dra7-evm.dtb; fi;if test $board_name = dra72x-revc; then setenv fdtfile dra72-evm-revc.dtb; fi;if test $board_name = dra72x; then setenv fdtfile dra72-evm.dtb; fi;if test $board_name = dra71x; then setenv fdtfile dra71-evm.dtb; fi;if test $board_name = beagle_x15; then setenv fdtfile am57xx-beagle-x15.dtb; fi;if test $board_name = beagle_x15_revb1; then setenv fdtfile am57xx-beagle-x15-revb1.dtb; fi;if test $board_name = am57xx_evm; then setenv fdtfile am57xx-evm.dtb; fi;if test $board_name = am57xx_evm_reva3; then setenv fdtfile am57xx-evm-reva3.dtb; fi;if test $board_name = am572x_idk && test $idk_lcd = no; then setenv fdtfile am572x-idk.dtb; fi;if test $board_name = am572x_idk && test $idk_lcd = osd101t2045; then setenv fdtfile am572x-idk-lcd-osd.dtb; fi;if test $board_name = am572x_idk && test $idk_lcd = osd101t2587; then setenv fdtfile am572x-idk-lcd-osd101t2587.dtb; fi;if test $board_name = am571x_idk && test $idk_lcd = no; then setenv fdtfile am571x-idk.dtb; fi;if test $board_name = am571x_idk && test $idk_lcd = osd101t2045; then setenv fdtfile am571x-idk-lcd-osd.dtb; fi;if test $board_name = am571x_idk && test $idk_lcd = osd101t2587; then setenv fdtfile am571x-idk-lcd-osd101t2587.dtb; fi;if test $fdtfile = undefined; then echo WARNING: Could not determine device tree to use; fi; 
finduuid=part uuid mmc ${bootpart} uuid
fit_bootfile=fitImage.itb
fit_loadaddr=0x88000000
importbootenv=echo Importing environment from mmc${mmcdev} ...; env import -t ${loadaddr} ${filesize}
kernel_addr_r=0x82000000
loadaddr=0x82000000
loadbootenv=fatload mmc ${mmcdev} ${loadaddr} ${bootenvfile}
loadbootscript=load mmc ${mmcdev} ${loadaddr} boot.scr
loadfdt=load ${devtype} ${bootpart} ${fdtaddr} ${bootdir}/${fdtfile}
loadfit=run args_fit; bootm ${loadaddr}:kernel@1 ${loadaddr}:ramdisk@1 ${loadaddr}:${fdtfile};
loadimage=load ${devtype} ${bootpart} ${loadaddr} ${bootdir}/${bootfile}
mmcboot=mmc dev ${mmcdev}; setenv devnum ${mmcdev}; setenv devtype mmc; if mmc rescan; then echo SD/MMC found on device ${mmcdev};if run loadimage; then if test ${boot_fit} -eq 1; then run loadfit; else run mmcloados;fi;fi;fi;
mmcdev=0
mmcloados=run args_mmc; if test ${boot_fdt} = yes || test ${boot_fdt} = try; then if run loadfdt; then bootz ${loadaddr} - ${fdtaddr}; else if test ${boot_fdt} = try; then bootz; else echo WARN: Cannot load the DT; fi; fi; else bootz; fi;
mmcrootfstype=ext4 rootwait
netargs=setenv bootargs console=${console} ${optargs} root=/dev/nfs nfsroot=${serverip}:${rootpath},${nfsopts} rw ip=dhcp
netboot=echo Booting from network ...; setenv autoload no; dhcp; run netloadimage; run netloadfdt; run netargs; bootz ${loadaddr} - ${fdtaddr}
netloadfdt=tftp ${fdtaddr} ${fdtfile}
netloadimage=tftp ${loadaddr} ${bootfile}
nfsopts=nolock
partitions=uuid_disk=${uuid_gpt_disk};name=rootfs,start=2MiB,size=-,uuid=${uuid_gpt_rootfs}
partitions_android=uuid_disk=${uuid_gpt_disk};name=xloader,start=128K,size=128K,uuid=${uuid_gpt_xloader};name=bootloader,size=384K,uuid=${uuid_gpt_bootloader};name=environment,size=128K,uuid=${uuid_gpt_environment};name=misc,size=128K,uuid=${uuid_gpt_misc};name=efs,start=1280K,size=16M,uuid=${uuid_gpt_efs};name=crypto,size=16K,uuid=${uuid_gpt_crypto};name=recovery,size=10M,uuid=${uuid_gpt_recovery};name=boot,size=10M,uuid=${uuid_gpt_boot};name=system,size=768M,uuid=${uuid_gpt_system};name=cache,size=256M,uuid=${uuid_gpt_cache};name=ipu1,size=1M,uuid=${uuid_gpt_ipu1};name=ipu2,size=1M,uuid=${uuid_gpt_ipu2};name=userdata,size=-,uuid=${uuid_gpt_userdata}
pxefile_addr_r=0x80100000
ramdisk_addr_r=0x88080000
rdaddr=0x88080000
rootpath=/export/rootfs
scriptaddr=0x80000000
scsidevs=0
serial#=0500b0052d6c0121
serverip=192.168.0.1
soc=omap5
static_ip=${ipaddr}:${serverip}:${gatewayip}:${netmask}:${hostname}::off
stderr=serial@4806a000
stdin=serial@4806a000
stdout=serial@4806a000
update_to_fit=setenv loadaddr ${fit_loadaddr}; setenv bootfile ${fit_bootfile}
usbtty=cdc_acm
vendor=ti
ver=U-Boot 2016.05-g72e318bdce (Dec 10 2016 - 07:13:26 -0500)
vram=16M

Environment size: 6161/131067 bytes
=> 
- 01:50:14 [INFO] Host: printenv
- 01:50:15 [INFO] Target: 
printenv
_initramfs=-
arch=arm
args_fit=setenv bootargs console=${console} 
args_mmc=run finduuid;setenv bootargs console=${console} ${optargs} root=PARTUUID=${uuid} rw rootfstype=${mmcrootfstype}
autoload=no
baudrate=115200
board=dra7xx
board_name=dra72x-revc
board_rev=C.1
boot_fdt=try
boot_fit=0
bootargs=console=ttyO0,115200n8 earlyprintk=serial,ttyO0,115200n8 rootwait 
bootcmd=
bootdelay=2
bootdir=/boot
bootenvfile=uEnv.txt
bootfile=zImage
bootm_size=0x10000000
bootpart=0:2
bootscript=echo Running bootscript from mmc${mmcdev} ...; source ${loadaddr}
console=ttyO0,115200n8
cpu=armv7
dfu_alt_info_emmc=rawemmc raw 0 3751936;boot part 1 1;rootfs part 1 2;MLO fat 1 1;MLO.raw raw 0x100 0x100;u-boot.img.raw raw 0x300 0x400;spl-os-args.raw raw 0x80 0x80;spl-os-image.raw raw 0x900 0x2000;spl-os-args fat 1 1;spl-os-image fat 1 1;u-boot.img fat 1 1;uEnv.txt fat 1 1
dfu_alt_info_mmc=boot part 0 1;rootfs part 0 2;MLO fat 0 1;MLO.raw raw 0x100 0x100;u-boot.img.raw raw 0x300 0x400;spl-os-args.raw raw 0x80 0x80;spl-os-image.raw raw 0x900 0x2000;spl-os-args fat 0 1;spl-os-image fat 0 1;u-boot.img fat 0 1;uEnv.txt fat 0 1
dfu_alt_info_qspi=MLO raw 0x0 0x040000;u-boot.img raw 0x040000 0x0100000;u-boot-spl-os raw 0x140000 0x080000;u-boot-env raw 0x1C0000 0x010000;u-boot-env.backup raw 0x1D0000 0x010000;kernel raw 0x1E0000 0x800000
dfu_alt_info_ram=kernel ram 0x80200000 0x4000000;fdt ram 0x80f80000 0x80000;ramdisk ram 0x81000000 0x4000000
dfu_bufsiz=0x10000
dofastboot=0
envboot=mmc dev ${mmcdev}; if mmc rescan; then echo SD/MMC found on device ${mmcdev};if run loadbootscript; then run bootscript;else if run loadbootenv; then echo Loaded env from ${bootenvfile};run importbootenv;fi;if test -n $uenvcmd; then echo Running uenvcmd ...;run uenvcmd;fi;fi;fi;
ethaddr=5c:f8:21:14:31:b4
fdt_addr_r=0x88000000
fdtaddr=0x88000000
fdtcontroladdr=fdf101d8
fdtfile=undefined
findfdt=if test $board_name = omap5_uevm; then setenv fdtfile omap5-uevm.dtb; fi; if test $board_name = dra7xx; then setenv fdtfile dra7-evm.dtb; fi;if test $board_name = dra72x-revc; then setenv fdtfile dra72-evm-revc.dtb; fi;if test $board_name = dra72x; then setenv fdtfile dra72-evm.dtb; fi;if test $board_name = dra71x; then setenv fdtfile dra71-evm.dtb; fi;if test $board_name = beagle_x15; then setenv fdtfile am57xx-beagle-x15.dtb; fi;if test $board_name = beagle_x15_revb1; then setenv fdtfile am57xx-beagle-x15-revb1.dtb; fi;if test $board_name = am57xx_evm; then setenv fdtfile am57xx-evm.dtb; fi;if test $board_name = am57xx_evm_reva3; then setenv fdtfile am57xx-evm-reva3.dtb; fi;if test $board_name = am572x_idk && test $idk_lcd = no; then setenv fdtfile am572x-idk.dtb; fi;if test $board_name = am572x_idk && test $idk_lcd = osd101t2045; then setenv fdtfile am572x-idk-lcd-osd.dtb; fi;if test $board_name = am572x_idk && test $idk_lcd = osd101t2587; then setenv fdtfile am572x-idk-lcd-osd101t2587.dtb; fi;if test $board_name = am571x_idk && test $idk_lcd = no; then setenv fdtfile am571x-idk.dtb; fi;if test $board_name = am571x_idk && test $idk_lcd = osd101t2045; then setenv fdtfile am571x-idk-lcd-osd.dtb; fi;if test $board_name = am571x_idk && test $idk_lcd = osd101t2587; then setenv fdtfile am571x-idk-lcd-osd101t2587.dtb; fi;if test $fdtfile = undefined; then echo WARNING: Could not determine device tree to use; fi; 
finduuid=part uuid mmc ${bootpart} uuid
fit_bootfile=fitImage.itb
fit_loadaddr=0x88000000
importbootenv=echo Importing environment from mmc${mmcdev} ...; env import -t ${loadaddr} ${filesize}
kernel_addr_r=0x82000000
loadaddr=0x82000000
loadbootenv=fatload mmc ${mmcdev} ${loadaddr} ${bootenvfile}
loadbootscript=load mmc ${mmcdev} ${loadaddr} boot.scr
loadfdt=load ${devtype} ${bootpart} ${fdtaddr} ${bootdir}/${fdtfile}
loadfit=run args_fit; bootm ${loadaddr}:kernel@1 ${loadaddr}:ramdisk@1 ${loadaddr}:${fdtfile};
loadimage=load ${devtype} ${bootpart} ${loadaddr} ${bootdir}/${bootfile}
mmcboot=mmc dev ${mmcdev}; setenv devnum ${mmcdev}; setenv devtype mmc; if mmc rescan; then echo SD/MMC found on device ${mmcdev};if run loadimage; then if test ${boot_fit} -eq 1; then run loadfit; else run mmcloados;fi;fi;fi;
mmcdev=0
mmcloados=run args_mmc; if test ${boot_fdt} = yes || test ${boot_fdt} = try; then if run loadfdt; then bootz ${loadaddr} - ${fdtaddr}; else if test ${boot_fdt} = try; then bootz; else echo WARN: Cannot load the DT; fi; fi; else bootz; fi;
mmcrootfstype=ext4 rootwait
netargs=setenv bootargs console=${console} ${optargs} root=/dev/nfs nfsroot=${serverip}:${rootpath},${nfsopts} rw ip=dhcp
netboot=echo Booting from network ...; setenv autoload no; dhcp; run netloadimage; run netloadfdt; run netargs; bootz ${loadaddr} - ${fdtaddr}
netloadfdt=tftp ${fdtaddr} ${fdtfile}
netloadimage=tftp ${loadaddr} ${bootfile}
nfsopts=nolock
partitions=uuid_disk=${uuid_gpt_disk};name=rootfs,start=2MiB,size=-,uuid=${uuid_gpt_rootfs}
partitions_android=uuid_disk=${uuid_gpt_disk};name=xloader,start=128K,size=128K,uuid=${uuid_gpt_xloader};name=bootloader,size=384K,uuid=${uuid_gpt_bootloader};name=environment,size=128K,uuid=${uuid_gpt_environment};name=misc,size=128K,uuid=${uuid_gpt_misc};name=efs,start=1280K,size=16M,uuid=${uuid_gpt_efs};name=crypto,size=16K,uuid=${uuid_gpt_crypto};name=recovery,size=10M,uuid=${uuid_gpt_recovery};name=boot,size=10M,uuid=${uuid_gpt_boot};name=system,size=768M,uuid=${uuid_gpt_system};name=cache,size=256M,uuid=${uuid_gpt_cache};name=ipu1,size=1M,uuid=${uuid_gpt_ipu1};name=ipu2,size=1M,uuid=${uuid_gpt_ipu2};name=userdata,size=-,uuid=${uuid_gpt_userdata}
pxefile_addr_r=0x80100000
ramdisk_addr_r=0x88080000
rdaddr=0x88080000
rootpath=/export/rootfs
scriptaddr=0x80000000
scsidevs=0
serial#=0500b0052d6c0121
serverip=192.168.0.1
soc=omap5
static_ip=${ipaddr}:${serverip}:${gatewayip}:${netmask}:${hostname}::off
stderr=serial@4806a000
stdin=serial@4806a000
stdout=serial@4806a000
update_to_fit=setenv loadaddr ${fit_loadaddr}; setenv bootfile ${fit_bootfile}
usbtty=cdc_acm
vendor=ti
ver=U-Boot 2016.05-g72e318bdce (Dec 10 2016 - 07:13:26 -0500)
vram=16M

Environment size: 6161/131067 bytes
=> 
- 01:50:15 [INFO] Host: setenv bootargs ''${bootargs}' ip=:::::eth0:dhcp '
- 01:50:15 [INFO] Target: 
setenv bootargs ''${bootargs}' ip=:::::eth0:dhcp '
=> 
- 01:50:15 [INFO] Host: setenv serverip '192.168.0.1'
- 01:50:15 [INFO] Target: 
setenv serverip '192.168.0.1'
=> 
- 01:50:15 [INFO] Host: setenv autoload 'no'
- 01:50:15 [INFO] Target: 
setenv autoload 'no'
=> 
- 01:50:15 [INFO] Host: dhcp
- 01:50:16 [INFO] Target: 
dhcp
ethernet@48484000 Waiting for PHY auto negotiation to complete. done
link up on port 0, speed 1000, full duplex
BOOTP broadcast 1
BOOTP broadcast 2
BOOTP broadcast 3
DHCP client bound to address 192.168.0.117 (1003 ms)
=> 
- 01:50:16 [INFO] Host: tftp ${loadaddr} 192.168.0.1:vatf_dra72x-evm/e7072e09303543a39ee227b4f871bc98
- 01:50:17 [INFO] Target: 
tftp ${loadaddr} 192.168.0.1:vatf_dra72x-evm/e7072e09303543a39ee227b4f871bc98
link up on port 0, speed 1000, full duplex
Using ethernet@48484000 device
TFTP from server 192.168.0.1; our IP address is 192.168.0.117
Filename 'vatf_dra72x-evm/e7072e09303543a39ee227b4f871bc98'.
Load address: 0x82000000
Loading: *#################################################################
	 #################################################################
	 #################################################################
	 #################################################################
	 #####
	 9.3 MiB/s
done
Bytes transferred = 3876736 (3b2780 hex)
=> 
- 01:50:17 [INFO] Host: tftp ${fdt_addr_r} 192.168.0.1:vatf_dra72x-evm/e360c006ba907a69dc16007cc3864668
- 01:50:17 [INFO] Target: 
tftp ${fdt_addr_r} 192.168.0.1:vatf_dra72x-evm/e360c006ba907a69dc16007cc3864668
link up on port 0, speed 1000, full duplex
Using ethernet@48484000 device
TFTP from server 192.168.0.1; our IP address is 192.168.0.117
Filename 'vatf_dra72x-evm/e360c006ba907a69dc16007cc3864668'.
Load address: 0x88000000
Loading: *######
	 9.2 MiB/s
done
Bytes transferred = 87054 (1540e hex)
=> 
- 01:50:17 [INFO] Host: ls mmc 0:1
- 01:50:17 [INFO] Target: 
ls mmc 0:1
    82008   mlo 
   737480   u-boot.img 
        4   ws-calibrate.rules 
        0   test 

4 file(s), 0 dir(s)

=> 
- 01:50:17 [INFO] Host: ls mmc 0:2
- 01:50:17 [INFO] Target: 
ls mmc 0:2
<DIR>       4096 .
<DIR>       4096 ..
<DIR>       4096 opt
<DIR>       4096 srv
<DIR>       4096 tmp
<DIR>       4096 run
<DIR>       4096 var
<SYM>         20 init
<DIR>       4096 home
<DIR>       4096 etc
<DIR>       4096 sbin
<DIR>       4096 include
<DIR>       4096 usr
<DIR>       4096 sys
<DIR>       4096 lib
<DIR>       4096 media
<DIR>       4096 bin
<DIR>       4096 boot
<DIR>       4096 dev
<DIR>       4096 mnt
<DIR>       4096 proc
<DIR>       4096 www
<DIR>       4096 test
=> 
- 01:50:17 [INFO] Host: part uuid mmc 0:2
- 01:50:17 [INFO] Target: 
part uuid mmc 0:2
00000000-02
=> 
- 01:50:17 [INFO] Host: printenv
- 01:50:18 [INFO] Target: 
printenv
_initramfs=-
arch=arm
args_fit=setenv bootargs console=${console} 
args_mmc=run finduuid;setenv bootargs console=${console} ${optargs} root=PARTUUID=${uuid} rw rootfstype=${mmcrootfstype}
autoload=no
baudrate=115200
board=dra7xx
board_name=dra72x-revc
board_rev=C.1
boot_fdt=try
boot_fit=0
bootargs=console=ttyO0,115200n8 earlyprintk=serial,ttyO0,115200n8 rootwait  ip=:::::eth0:dhcp 
bootcmd=
bootdelay=2
bootdir=/boot
bootenvfile=uEnv.txt
bootfile=zImage
bootm_size=0x10000000
bootpart=0:2
bootscript=echo Running bootscript from mmc${mmcdev} ...; source ${loadaddr}
console=ttyO0,115200n8
cpu=armv7
dfu_alt_info_emmc=rawemmc raw 0 3751936;boot part 1 1;rootfs part 1 2;MLO fat 1 1;MLO.raw raw 0x100 0x100;u-boot.img.raw raw 0x300 0x400;spl-os-args.raw raw 0x80 0x80;spl-os-image.raw raw 0x900 0x2000;spl-os-args fat 1 1;spl-os-image fat 1 1;u-boot.img fat 1 1;uEnv.txt fat 1 1
dfu_alt_info_mmc=boot part 0 1;rootfs part 0 2;MLO fat 0 1;MLO.raw raw 0x100 0x100;u-boot.img.raw raw 0x300 0x400;spl-os-args.raw raw 0x80 0x80;spl-os-image.raw raw 0x900 0x2000;spl-os-args fat 0 1;spl-os-image fat 0 1;u-boot.img fat 0 1;uEnv.txt fat 0 1
dfu_alt_info_qspi=MLO raw 0x0 0x040000;u-boot.img raw 0x040000 0x0100000;u-boot-spl-os raw 0x140000 0x080000;u-boot-env raw 0x1C0000 0x010000;u-boot-env.backup raw 0x1D0000 0x010000;kernel raw 0x1E0000 0x800000
dfu_alt_info_ram=kernel ram 0x80200000 0x4000000;fdt ram 0x80f80000 0x80000;ramdisk ram 0x81000000 0x4000000
dfu_bufsiz=0x10000
dnsip=192.0.2.2
dnsip2=192.0.2.3
dofastboot=0
envboot=mmc dev ${mmcdev}; if mmc rescan; then echo SD/MMC found on device ${mmcdev};if run loadbootscript; then run bootscript;else if run loadbootenv; then echo Loaded env from ${bootenvfile};run importbootenv;fi;if test -n $uenvcmd; then echo Running uenvcmd ...;run uenvcmd;fi;fi;fi;
ethact=ethernet@48484000
ethaddr=5c:f8:21:14:31:b4
fdt_addr_r=0x88000000
fdtaddr=0x88000000
fdtcontroladdr=fdf101d8
fdtfile=undefined
fileaddr=88000000
filesize=1540e
findfdt=if test $board_name = omap5_uevm; then setenv fdtfile omap5-uevm.dtb; fi; if test $board_name = dra7xx; then setenv fdtfile dra7-evm.dtb; fi;if test $board_name = dra72x-revc; then setenv fdtfile dra72-evm-revc.dtb; fi;if test $board_name = dra72x; then setenv fdtfile dra72-evm.dtb; fi;if test $board_name = dra71x; then setenv fdtfile dra71-evm.dtb; fi;if test $board_name = beagle_x15; then setenv fdtfile am57xx-beagle-x15.dtb; fi;if test $board_name = beagle_x15_revb1; then setenv fdtfile am57xx-beagle-x15-revb1.dtb; fi;if test $board_name = am57xx_evm; then setenv fdtfile am57xx-evm.dtb; fi;if test $board_name = am57xx_evm_reva3; then setenv fdtfile am57xx-evm-reva3.dtb; fi;if test $board_name = am572x_idk && test $idk_lcd = no; then setenv fdtfile am572x-idk.dtb; fi;if test $board_name = am572x_idk && test $idk_lcd = osd101t2045; then setenv fdtfile am572x-idk-lcd-osd.dtb; fi;if test $board_name = am572x_idk && test $idk_lcd = osd101t2587; then setenv fdtfile am572x-idk-lcd-osd101t2587.dtb; fi;if test $board_name = am571x_idk && test $idk_lcd = no; then setenv fdtfile am571x-idk.dtb; fi;if test $board_name = am571x_idk && test $idk_lcd = osd101t2045; then setenv fdtfile am571x-idk-lcd-osd.dtb; fi;if test $board_name = am571x_idk && test $idk_lcd = osd101t2587; then setenv fdtfile am571x-idk-lcd-osd101t2587.dtb; fi;if test $fdtfile = undefined; then echo WARNING: Could not determine device tree to use; fi; 
finduuid=part uuid mmc ${bootpart} uuid
fit_bootfile=fitImage.itb
fit_loadaddr=0x88000000
gatewayip=192.168.0.1
importbootenv=echo Importing environment from mmc${mmcdev} ...; env import -t ${loadaddr} ${filesize}
ipaddr=192.168.0.117
kernel_addr_r=0x82000000
loadaddr=0x82000000
loadbootenv=fatload mmc ${mmcdev} ${loadaddr} ${bootenvfile}
loadbootscript=load mmc ${mmcdev} ${loadaddr} boot.scr
loadfdt=load ${devtype} ${bootpart} ${fdtaddr} ${bootdir}/${fdtfile}
loadfit=run args_fit; bootm ${loadaddr}:kernel@1 ${loadaddr}:ramdisk@1 ${loadaddr}:${fdtfile};
loadimage=load ${devtype} ${bootpart} ${loadaddr} ${bootdir}/${bootfile}
mmcboot=mmc dev ${mmcdev}; setenv devnum ${mmcdev}; setenv devtype mmc; if mmc rescan; then echo SD/MMC found on device ${mmcdev};if run loadimage; then if test ${boot_fit} -eq 1; then run loadfit; else run mmcloados;fi;fi;fi;
mmcdev=0
mmcloados=run args_mmc; if test ${boot_fdt} = yes || test ${boot_fdt} = try; then if run loadfdt; then bootz ${loadaddr} - ${fdtaddr}; else if test ${boot_fdt} = try; then bootz; else echo WARN: Cannot load the DT; fi; fi; else bootz; fi;
mmcrootfstype=ext4 rootwait
netargs=setenv bootargs console=${console} ${optargs} root=/dev/nfs nfsroot=${serverip}:${rootpath},${nfsopts} rw ip=dhcp
netboot=echo Booting from network ...; setenv autoload no; dhcp; run netloadimage; run netloadfdt; run netargs; bootz ${loadaddr} - ${fdtaddr}
netloadfdt=tftp ${fdtaddr} ${fdtfile}
netloadimage=tftp ${loadaddr} ${bootfile}
netmask=255.255.255.0
nfsopts=nolock
partitions=uuid_disk=${uuid_gpt_disk};name=rootfs,start=2MiB,size=-,uuid=${uuid_gpt_rootfs}
partitions_android=uuid_disk=${uuid_gpt_disk};name=xloader,start=128K,size=128K,uuid=${uuid_gpt_xloader};name=bootloader,size=384K,uuid=${uuid_gpt_bootloader};name=environment,size=128K,uuid=${uuid_gpt_environment};name=misc,size=128K,uuid=${uuid_gpt_misc};name=efs,start=1280K,size=16M,uuid=${uuid_gpt_efs};name=crypto,size=16K,uuid=${uuid_gpt_crypto};name=recovery,size=10M,uuid=${uuid_gpt_recovery};name=boot,size=10M,uuid=${uuid_gpt_boot};name=system,size=768M,uuid=${uuid_gpt_system};name=cache,size=256M,uuid=${uuid_gpt_cache};name=ipu1,size=1M,uuid=${uuid_gpt_ipu1};name=ipu2,size=1M,uuid=${uuid_gpt_ipu2};name=userdata,size=-,uuid=${uuid_gpt_userdata}
pxefile_addr_r=0x80100000
ramdisk_addr_r=0x88080000
rdaddr=0x88080000
rootpath=/export/rootfs
scriptaddr=0x80000000
scsidevs=0
serial#=0500b0052d6c0121
serverip=192.168.0.1
soc=omap5
static_ip=${ipaddr}:${serverip}:${gatewayip}:${netmask}:${hostname}::off
stderr=serial@4806a000
stdin=serial@4806a000
stdout=serial@4806a000
update_to_fit=setenv loadaddr ${fit_loadaddr}; setenv bootfile ${fit_bootfile}
usbtty=cdc_acm
vendor=ti
ver=U-Boot 2016.05-g72e318bdce (Dec 10 2016 - 07:13:26 -0500)
vram=16M

Environment size: 6352/131067 bytes
=> 
- 01:50:18 [INFO] Host: setenv bootargs ''${bootargs}' root=PARTUUID=00000000-02 rw rootfstype=ext4 rootwait '
- 01:50:18 [INFO] Target: 
setenv bootargs ''${bootargs}' root=PARTUUID=00000000-02 rw rootfstype=ext4 rootwait '
=> 
- 01:50:18 [INFO] Host: printenv
- 01:50:19 [INFO] Target: 
printenv
_initramfs=-
arch=arm
args_fit=setenv bootargs console=${console} 
args_mmc=run finduuid;setenv bootargs console=${console} ${optargs} root=PARTUUID=${uuid} rw rootfstype=${mmcrootfstype}
autoload=no
baudrate=115200
board=dra7xx
board_name=dra72x-revc
board_rev=C.1
boot_fdt=try
boot_fit=0
bootargs=console=ttyO0,115200n8 earlyprintk=serial,ttyO0,115200n8 rootwait  ip=:::::eth0:dhcp  root=PARTUUID=00000000-02 rw rootfstype=ext4 rootwait 
bootcmd=
bootdelay=2
bootdir=/boot
bootenvfile=uEnv.txt
bootfile=zImage
bootm_size=0x10000000
bootpart=0:2
bootscript=echo Running bootscript from mmc${mmcdev} ...; source ${loadaddr}
console=ttyO0,115200n8
cpu=armv7
dfu_alt_info_emmc=rawemmc raw 0 3751936;boot part 1 1;rootfs part 1 2;MLO fat 1 1;MLO.raw raw 0x100 0x100;u-boot.img.raw raw 0x300 0x400;spl-os-args.raw raw 0x80 0x80;spl-os-image.raw raw 0x900 0x2000;spl-os-args fat 1 1;spl-os-image fat 1 1;u-boot.img fat 1 1;uEnv.txt fat 1 1
dfu_alt_info_mmc=boot part 0 1;rootfs part 0 2;MLO fat 0 1;MLO.raw raw 0x100 0x100;u-boot.img.raw raw 0x300 0x400;spl-os-args.raw raw 0x80 0x80;spl-os-image.raw raw 0x900 0x2000;spl-os-args fat 0 1;spl-os-image fat 0 1;u-boot.img fat 0 1;uEnv.txt fat 0 1
dfu_alt_info_qspi=MLO raw 0x0 0x040000;u-boot.img raw 0x040000 0x0100000;u-boot-spl-os raw 0x140000 0x080000;u-boot-env raw 0x1C0000 0x010000;u-boot-env.backup raw 0x1D0000 0x010000;kernel raw 0x1E0000 0x800000
dfu_alt_info_ram=kernel ram 0x80200000 0x4000000;fdt ram 0x80f80000 0x80000;ramdisk ram 0x81000000 0x4000000
dfu_bufsiz=0x10000
dnsip=192.0.2.2
dnsip2=192.0.2.3
dofastboot=0
envboot=mmc dev ${mmcdev}; if mmc rescan; then echo SD/MMC found on device ${mmcdev};if run loadbootscript; then run bootscript;else if run loadbootenv; then echo Loaded env from ${bootenvfile};run importbootenv;fi;if test -n $uenvcmd; then echo Running uenvcmd ...;run uenvcmd;fi;fi;fi;
ethact=ethernet@48484000
ethaddr=5c:f8:21:14:31:b4
fdt_addr_r=0x88000000
fdtaddr=0x88000000
fdtcontroladdr=fdf101d8
fdtfile=undefined
fileaddr=88000000
filesize=1540e
findfdt=if test $board_name = omap5_uevm; then setenv fdtfile omap5-uevm.dtb; fi; if test $board_name = dra7xx; then setenv fdtfile dra7-evm.dtb; fi;if test $board_name = dra72x-revc; then setenv fdtfile dra72-evm-revc.dtb; fi;if test $board_name = dra72x; then setenv fdtfile dra72-evm.dtb; fi;if test $board_name = dra71x; then setenv fdtfile dra71-evm.dtb; fi;if test $board_name = beagle_x15; then setenv fdtfile am57xx-beagle-x15.dtb; fi;if test $board_name = beagle_x15_revb1; then setenv fdtfile am57xx-beagle-x15-revb1.dtb; fi;if test $board_name = am57xx_evm; then setenv fdtfile am57xx-evm.dtb; fi;if test $board_name = am57xx_evm_reva3; then setenv fdtfile am57xx-evm-reva3.dtb; fi;if test $board_name = am572x_idk && test $idk_lcd = no; then setenv fdtfile am572x-idk.dtb; fi;if test $board_name = am572x_idk && test $idk_lcd = osd101t2045; then setenv fdtfile am572x-idk-lcd-osd.dtb; fi;if test $board_name = am572x_idk && test $idk_lcd = osd101t2587; then setenv fdtfile am572x-idk-lcd-osd101t2587.dtb; fi;if test $board_name = am571x_idk && test $idk_lcd = no; then setenv fdtfile am571x-idk.dtb; fi;if test $board_name = am571x_idk && test $idk_lcd = osd101t2045; then setenv fdtfile am571x-idk-lcd-osd.dtb; fi;if test $board_name = am571x_idk && test $idk_lcd = osd101t2587; then setenv fdtfile am571x-idk-lcd-osd101t2587.dtb; fi;if test $fdtfile = undefined; then echo WARNING: Could not determine device tree to use; fi; 
finduuid=part uuid mmc ${bootpart} uuid
fit_bootfile=fitImage.itb
fit_loadaddr=0x88000000
gatewayip=192.168.0.1
importbootenv=echo Importing environment from mmc${mmcdev} ...; env import -t ${loadaddr} ${filesize}
ipaddr=192.168.0.117
kernel_addr_r=0x82000000
loadaddr=0x82000000
loadbootenv=fatload mmc ${mmcdev} ${loadaddr} ${bootenvfile}
loadbootscript=load mmc ${mmcdev} ${loadaddr} boot.scr
loadfdt=load ${devtype} ${bootpart} ${fdtaddr} ${bootdir}/${fdtfile}
loadfit=run args_fit; bootm ${loadaddr}:kernel@1 ${loadaddr}:ramdisk@1 ${loadaddr}:${fdtfile};
loadimage=load ${devtype} ${bootpart} ${loadaddr} ${bootdir}/${bootfile}
mmcboot=mmc dev ${mmcdev}; setenv devnum ${mmcdev}; setenv devtype mmc; if mmc rescan; then echo SD/MMC found on device ${mmcdev};if run loadimage; then if test ${boot_fit} -eq 1; then run loadfit; else run mmcloados;fi;fi;fi;
mmcdev=0
mmcloados=run args_mmc; if test ${boot_fdt} = yes || test ${boot_fdt} = try; then if run loadfdt; then bootz ${loadaddr} - ${fdtaddr}; else if test ${boot_fdt} = try; then bootz; else echo WARN: Cannot load the DT; fi; fi; else bootz; fi;
mmcrootfstype=ext4 rootwait
netargs=setenv bootargs console=${console} ${optargs} root=/dev/nfs nfsroot=${serverip}:${rootpath},${nfsopts} rw ip=dhcp
netboot=echo Booting from network ...; setenv autoload no; dhcp; run netloadimage; run netloadfdt; run netargs; bootz ${loadaddr} - ${fdtaddr}
netloadfdt=tftp ${fdtaddr} ${fdtfile}
netloadimage=tftp ${loadaddr} ${bootfile}
netmask=255.255.255.0
nfsopts=nolock
partitions=uuid_disk=${uuid_gpt_disk};name=rootfs,start=2MiB,size=-,uuid=${uuid_gpt_rootfs}
partitions_android=uuid_disk=${uuid_gpt_disk};name=xloader,start=128K,size=128K,uuid=${uuid_gpt_xloader};name=bootloader,size=384K,uuid=${uuid_gpt_bootloader};name=environment,size=128K,uuid=${uuid_gpt_environment};name=misc,size=128K,uuid=${uuid_gpt_misc};name=efs,start=1280K,size=16M,uuid=${uuid_gpt_efs};name=crypto,size=16K,uuid=${uuid_gpt_crypto};name=recovery,size=10M,uuid=${uuid_gpt_recovery};name=boot,size=10M,uuid=${uuid_gpt_boot};name=system,size=768M,uuid=${uuid_gpt_system};name=cache,size=256M,uuid=${uuid_gpt_cache};name=ipu1,size=1M,uuid=${uuid_gpt_ipu1};name=ipu2,size=1M,uuid=${uuid_gpt_ipu2};name=userdata,size=-,uuid=${uuid_gpt_userdata}
pxefile_addr_r=0x80100000
ramdisk_addr_r=0x88080000
rdaddr=0x88080000
rootpath=/export/rootfs
scriptaddr=0x80000000
scsidevs=0
serial#=0500b0052d6c0121
serverip=192.168.0.1
soc=omap5
static_ip=${ipaddr}:${serverip}:${gatewayip}:${netmask}:${hostname}::off
stderr=serial@4806a000
stdin=serial@4806a000
stdout=serial@4806a000
update_to_fit=setenv loadaddr ${fit_loadaddr}; setenv bootfile ${fit_bootfile}
usbtty=cdc_acm
vendor=ti
ver=U-Boot 2016.05-g72e318bdce (Dec 10 2016 - 07:13:26 -0500)
vram=16M

Environment size: 6407/131067 bytes
=> 
- 01:50:19 [INFO] Host: setenv bootcmd ''${bootcmd}' if iminfo ${loadaddr}; then bootm ${loadaddr} ${_initramfs} ${fdt_addr_r}; else bootz ${loadaddr} ${_initramfs} ${fdt_addr_r}; bootm ${loadaddr} ${_initramfs} ${fdt_addr_r}; fi'
- 01:50:19 [INFO] Target: 
setenv bootcmd ''${bootcmd}' if iminfo ${loadaddr}; then bootm ${loadaddr} ${_initramfs} ${fdt_addr_r}; else bootz ${loadaddr} ${_initramfs} ${fdt_addr_r}; bootm ${loadaddr} ${_initramfs} ${fdt_addr_r}; fi'
=> 
- 01:50:19 [INFO] Host: version
- 01:50:19 [INFO] Target: 
version

U-Boot 2016.05-g72e318bdce (Dec 10 2016 - 07:13:26 -0500)
arm-linux-gnueabihf-gcc (Linaro GCC 5.3-2016.02) 5.3.1 20160113
GNU ld (GNU Binutils) 2.25.0 Linaro 2015_10
=> 
- 01:50:19 [INFO] Host: bdinfo
- 01:50:19 [INFO] Target: 
bdinfo
arch_number = 0x00000000
boot_params = 0x80000100
DRAM bank   = 0x00000000
-> start    = 0x80000000
-> size     = 0x7F000000
DRAM bank   = 0x00000001
-> start    = 0x00000000
-> size     = 0x00000000
baudrate    = 115200 bps
TLB addr    = 0xFEFF0000
relocaddr   = 0xFEF44000
reloc off   = 0x7E744000
irq_sp      = 0xFDF101C0
sp start    = 0xFDF101B0
=> 
- 01:50:19 [INFO] Host: mmc rescan; echo $?
- 01:50:19 [INFO] Target: 
mmc rescan; echo $?
0
=> 
- 01:50:19 [INFO] Host: fatwrite mmc ${mmcdev}:1 ${loadaddr} ws-calibrate.rules 4
- 01:50:20 [INFO] Target: 
fatwrite mmc ${mmcdev}:1 ${loadaddr} ws-calibrate.rules 4
writing ws-calibrate.rules
4 bytes written
=> 
- 01:50:20 [INFO] Host: boot
- 01:53:50 [ERROR] On command: boot waiting for boot.+?(?-mix:login:) >>> error: execution expired
- 01:53:50 [INFO] Target: 
boot

## Checking Image at 82000000 ...
Unknown image format!
Kernel image @ 0x82000000 [ 0x000000 - 0x3b2780 ]
## Flattened Device Tree blob at 88000000
   Booting using the fdt blob at 0x88000000
   Loading Device Tree to 8ffe7000, end 8ffff40d ... OK

Starting kernel ...

[    0.000000] Booting Linux on physical CPU 0x0
[    0.000000] Linux version 4.9.0-next-20161214-00002-g4c0aead5f0dd (nmenon@horus) (gcc version 4.9.3 20150413 (prerelease) (Linaro GCC 4.9-2015.05) ) #3 SMP Wed Dec 14 00:35:57 CST 2016
[    0.000000] CPU: ARMv7 Processor [412fc0f2] revision 2 (ARMv7), cr=10c5387d
[    0.000000] CPU: div instructions available: patching division code
[    0.000000] CPU: PIPT / VIPT nonaliasing data cache, PIPT instruction cache
[    0.000000] OF: fdt:Machine model: TI DRA722
[    0.000000] cma: Reserved 16 MiB at 0xfd800000
[    0.000000] Memory policy: Data cache writealloc
[    0.000000] OMAP4: Map 0xfee00000 to fe600000 for dram barrier
[    0.000000] On node 0 totalpages: 519680
[    0.000000] free_area_init_node: node 0, pgdat c0cbb700, node_mem_map eee1c000
[    0.000000]   Normal zone: 1728 pages used for memmap
[    0.000000]   Normal zone: 0 pages reserved
[    0.000000]   Normal zone: 196608 pages, LIFO batch:31
[    0.000000]   HighMem zone: 323072 pages, LIFO batch:31
[    0.000000] DRA722 ES2.0
[    0.000000] percpu: Embedded 15 pages/cpu @eedb9000 s31744 r8192 d21504 u61440
[    0.000000] pcpu-alloc: s31744 r8192 d21504 u61440 alloc=15*4096
[    0.000000] pcpu-alloc: [0] 0 
[    0.000000] Built 1 zonelists in Zone order, mobility grouping on.  Total pages: 517952
[    0.000000] Kernel command line: console=ttyO0,115200n8 earlyprintk=serial,ttyO0,115200n8 rootwait  ip=:::::eth0:dhcp  root=PARTUUID=00000000-02 rw rootfstype=ext4 rootwait 
[    0.000000] PID hash table entries: 4096 (order: 2, 16384 bytes)
[    0.000000] Dentry cache hash table entries: 131072 (order: 7, 524288 bytes)
[    0.000000] Inode-cache hash table entries: 65536 (order: 6, 262144 bytes)
[    0.000000] Memory: 2022536K/2078720K available (7168K kernel code, 773K rwdata, 2388K rodata, 1024K init, 8156K bss, 39800K reserved, 16384K cma-reserved, 1275904K highmem)
[    0.000000] Virtual kernel memory layout:
[    0.000000]     vector  : 0xffff0000 - 0xffff1000   (   4 kB)
[    0.000000]     fixmap  : 0xffc00000 - 0xfff00000   (3072 kB)
[    0.000000]     vmalloc : 0xf0800000 - 0xff800000   ( 240 MB)
[    0.000000]     lowmem  : 0xc0000000 - 0xf0000000   ( 768 MB)
[    0.000000]     pkmap   : 0xbfe00000 - 0xc0000000   (   2 MB)
[    0.000000]     modules : 0xbf000000 - 0xbfe00000   (  14 MB)
[    0.000000]       .text : 0xc0008000 - 0xc0800000   (8160 kB)
[    0.000000]       .init : 0xc0b00000 - 0xc0c00000   (1024 kB)
[    0.000000]       .data : 0xc0c00000 - 0xc0cc147c   ( 774 kB)
[    0.000000]        .bss : 0xc0cc3000 - 0xc14ba188   (8157 kB)
[    0.000000] Running RCU self tests
[    0.000000] Hierarchical RCU implementation.
[    0.000000] 	RCU lockdep checking is enabled.
[    0.000000] 	Build-time adjustment of leaf fanout to 32.
[    0.000000] 	RCU restricting CPUs from NR_CPUS=2 to nr_cpu_ids=1.
[    0.000000] RCU: Adjusting geometry for rcu_fanout_leaf=32, nr_cpu_ids=1
[    0.000000] NR_IRQS:16 nr_irqs:16 16
[    0.000000] OMAP clockevent source: timer1 at 32786 Hz
[    0.000000] arm_arch_timer: Architected cp15 timer(s) running at 6.14MHz (phys).
[    0.000000] clocksource: arch_sys_counter: mask: 0xffffffffffffff max_cycles: 0x16af5adb9, max_idle_ns: 440795202250 ns
[    0.000005] sched_clock: 56 bits at 6MHz, resolution 162ns, wraps every 4398046511023ns
[    0.000016] Switching to timer-based delay loop, resolution 162ns
[    0.000444] clocksource: 32k_counter: mask: 0xffffffff max_cycles: 0xffffffff, max_idle_ns: 58327039986419 ns
[    0.000453] OMAP clocksource: 32k_counter at 32768 Hz
[    0.001405] Console: colour dummy device 80x30
[    0.001439] Lock dependency validator: Copyright (c) 2006 Red Hat, Inc., Ingo Molnar
[    0.001446] ... MAX_LOCKDEP_SUBCLASSES:  8
[    0.001451] ... MAX_LOCK_DEPTH:          48
[    0.001457] ... MAX_LOCKDEP_KEYS:        8191
[    0.001463] ... CLASSHASH_SIZE:          4096
[    0.001469] ... MAX_LOCKDEP_ENTRIES:     32768
[    0.001475] ... MAX_LOCKDEP_CHAINS:      65536
[    0.001480] ... CHAINHASH_SIZE:          32768
[    0.001486]  memory used by lock dependency info: 5167 kB
[    0.001492]  per task-struct memory footprint: 1536 bytes
[    0.001513] Calibrating delay loop (skipped), value calculated using timer frequency.. 12.29 BogoMIPS (lpj=61475)
[    0.001526] pid_max: default: 32768 minimum: 301
[    0.001785] Security Framework initialized
[    0.001868] Mount-cache hash table entries: 2048 (order: 1, 8192 bytes)
[    0.001879] Mountpoint-cache hash table entries: 2048 (order: 1, 8192 bytes)
[    0.003809] CPU: Testing write buffer coherency: ok
[    0.004694] /cpus/cpu@0 missing clock-frequency property
[    0.004709] CPU0: thread -1, cpu 0, socket 0, mpidr 80000000
[    0.005362] Setting up static identity map for 0x80100000 - 0x80100070
[    0.007020] smp: Bringing up secondary CPUs ...
[    0.007030] smp: Brought up 1 node, 1 CPU
[    0.007039] SMP: Total of 1 processors activated (12.29 BogoMIPS).
[    0.007046] CPU: All CPU(s) started in HYP mode.
[    0.007052] CPU: Virtualization extensions available.
[    0.009411] devtmpfs: initialized
[    0.062692] VFP support v0.3: implementor 41 architecture 4 part 30 variant f rev 0
[    0.063180] clocksource: jiffies: mask: 0xffffffff max_cycles: 0xffffffff, max_idle_ns: 19112604462750000 ns
[    0.063706] pinctrl core: initialized pinctrl subsystem
[    0.066718] NET: Registered protocol family 16
[    0.070841] DMA: preallocated 256 KiB pool for atomic coherent allocations
[    0.072376] omap_hwmod: l3_main_2 using broken dt data from ocp
[    0.326666] cpuidle: using governor menu
[    0.340180] gpio gpiochip0: (gpio): added GPIO chardev (254:0)
[    0.341150] gpiochip_setup_dev: registered GPIOs 0 to 31 on device: gpiochip0 (gpio)
[    0.344146] OMAP GPIO hardware version 0.1
[    0.345052] gpio gpiochip1: (gpio): added GPIO chardev (254:1)
[    0.345754] gpiochip_setup_dev: registered GPIOs 32 to 63 on device: gpiochip1 (gpio)
[    0.349272] gpio gpiochip2: (gpio): added GPIO chardev (254:2)
[    0.350018] gpiochip_setup_dev: registered GPIOs 64 to 95 on device: gpiochip2 (gpio)
[    0.353638] gpio gpiochip3: (gpio): added GPIO chardev (254:3)
[    0.354127] gpiochip_setup_dev: registered GPIOs 96 to 127 on device: gpiochip3 (gpio)
[    0.357572] gpio gpiochip4: (gpio): added GPIO chardev (254:4)
[    0.358085] gpiochip_setup_dev: registered GPIOs 128 to 159 on device: gpiochip4 (gpio)
[    0.361693] gpio gpiochip5: (gpio): added GPIO chardev (254:5)
[    0.362189] gpiochip_setup_dev: registered GPIOs 160 to 191 on device: gpiochip5 (gpio)
[    0.365716] gpio gpiochip6: (gpio): added GPIO chardev (254:6)
[    0.366210] gpiochip_setup_dev: registered GPIOs 192 to 223 on device: gpiochip6 (gpio)
[    0.369716] gpio gpiochip7: (gpio): added GPIO chardev (254:7)
[    0.370196] gpiochip_setup_dev: registered GPIOs 224 to 255 on device: gpiochip7 (gpio)
[    0.373235] irq: no irq domain found for /ocp/l4@4a000000/scm@2000/pinmux@1400 !
[    0.393654] omap-gpmc 50000000.gpmc: GPMC revision 6.0
[    0.393752] gpmc_mem_init: disabling cs 0 mapped at 0x0-0x1000000
[    0.393785] gpiochip_find_base: found new base at 510
[    0.393813] gpio gpiochip8: (omap-gpmc): added GPIO chardev (254:8)
[    0.394336] gpiochip_setup_dev: registered GPIOs 510 to 511 on device: gpiochip8 (omap-gpmc)
[    0.406724] No ATAGs?
[    0.406907] hw-breakpoint: found 5 (+1 reserved) breakpoint and 4 watchpoint registers.
[    0.406917] hw-breakpoint: maximum watchpoint size is 8 bytes.
[    0.407362] omap4_sram_init:Unable to allocate sram needed to handle errata I688
[    0.407373] omap4_sram_init:Unable to get sram pool needed to handle errata I688
[    0.408586] OMAP DMA hardware revision 0.0
[    0.451361] omap-dma-engine 4a056000.dma-controller: OMAP DMA engine driver (LinkedList1/2/3 supported)
[    0.452888] edma 43300000.edma: memcpy is disabled
[    0.463285] edma 43300000.edma: TI EDMA DMA engine driver
[    0.463902] of_get_named_gpiod_flags: can't parse 'gpio' property of node '/fixedregulator-evm12v0[0]'
[    0.464376] of_get_named_gpiod_flags: can't parse 'gpio' property of node '/fixedregulator-evm5v0[0]'
[    0.464449] evm_5v0: supplied by evm_12v0
[    0.465051] of_get_named_gpiod_flags: can't parse 'gpio' property of node '/fixedregulator-vsys3v3[0]'
[    0.465105] vsys_3v3: supplied by evm_12v0
[    0.465646] of_get_named_gpiod_flags: can't parse 'gpio' property of node '/fixedregulator-evm_3v3[0]'
[    0.465706] evm_3v3: supplied by vsys_3v3
[    0.466217] of_get_named_gpiod_flags: can't parse 'gpio' property of node '/fixedregulator-aic_dvdd[0]'
[    0.466271] aic_dvdd: supplied by evm_3v3
[    0.471611] SCSI subsystem initialized
[    0.472024] libata version 3.00 loaded.
[    0.501693] gpiochip_find_base: found new base at 494
[    0.501721] gpio gpiochip9: (pcf8575): added GPIO chardev (254:9)
[    0.502241] gpiochip_setup_dev: registered GPIOs 494 to 509 on device: gpiochip9 (pcf8575)
[    0.502354] ------------[ cut here ]------------
[    0.502375] WARNING: CPU: 0 PID: 1 at kernel/locking/lockdep.c:3124 gpiochip_irq_map+0x40/0xa4
[    0.502383] DEBUG_LOCKS_WARN_ON(!key)
[    0.502389] Modules linked in:
[    0.502403] CPU: 0 PID: 1 Comm: swapper/0 Not tainted 4.9.0-next-20161214-00002-g4c0aead5f0dd #3
[    0.502411] Hardware name: Generic DRA72X (Flattened Device Tree)
[    0.502429] [<c0110124>] (unwind_backtrace) from [<c010c344>] (show_stack+0x10/0x14)
[    0.502441] [<c010c344>] (show_stack) from [<c049800c>] (dump_stack+0xb0/0xe4)
[    0.502456] [<c049800c>] (dump_stack) from [<c0136a68>] (__warn+0xd4/0x100)
[    0.502470] [<c0136a68>] (__warn) from [<c0136ac8>] (warn_slowpath_fmt+0x34/0x44)
[    0.502482] [<c0136ac8>] (warn_slowpath_fmt) from [<c04d468c>] (gpiochip_irq_map+0x40/0xa4)
[    0.502496] [<c04d468c>] (gpiochip_irq_map) from [<c01ab968>] (irq_domain_associate+0x70/0x1c0)
[    0.502508] [<c01ab968>] (irq_domain_associate) from [<c01ac234>] (irq_create_mapping+0x64/0xcc)
[    0.502520] [<c01ac234>] (irq_create_mapping) from [<c04d44a0>] (_gpiochip_irqchip_add+0xd4/0x1a4)
[    0.502531] [<c04d44a0>] (_gpiochip_irqchip_add) from [<c04dc7f8>] (pcf857x_probe+0x260/0x38c)
[    0.502544] [<c04dc7f8>] (pcf857x_probe) from [<c06276a8>] (i2c_device_probe+0x1f8/0x258)
[    0.502557] [<c06276a8>] (i2c_device_probe) from [<c0552f64>] (driver_probe_device+0x204/0x2dc)
[    0.502570] [<c0552f64>] (driver_probe_device) from [<c0551368>] (bus_for_each_drv+0x64/0x98)
[    0.502582] [<c0551368>] (bus_for_each_drv) from [<c0552c7c>] (__device_attach+0xb0/0x118)
[    0.502595] [<c0552c7c>] (__device_attach) from [<c05522c4>] (bus_probe_device+0x88/0x90)
[    0.502606] [<c05522c4>] (bus_probe_device) from [<c0550668>] (device_add+0x3f0/0x5a0)
[    0.502618] [<c0550668>] (device_add) from [<c0629bd0>] (i2c_new_device+0x144/0x1a4)
[    0.502629] [<c0629bd0>] (i2c_new_device) from [<c062a228>] (i2c_register_adapter+0x28c/0x5b4)
[    0.502640] [<c062a228>] (i2c_register_adapter) from [<c062c3a4>] (omap_i2c_probe+0x4d0/0x6a0)
[    0.502652] [<c062c3a4>] (omap_i2c_probe) from [<c0554e54>] (platform_drv_probe+0x4c/0xb0)
[    0.502664] [<c0554e54>] (platform_drv_probe) from [<c0552f64>] (driver_probe_device+0x204/0x2dc)
[    0.502676] [<c0552f64>] (driver_probe_device) from [<c05530f0>] (__driver_attach+0xb4/0xb8)
[    0.502688] [<c05530f0>] (__driver_attach) from [<c05512bc>] (bus_for_each_dev+0x6c/0xa0)
[    0.502700] [<c05512bc>] (bus_for_each_dev) from [<c0552560>] (bus_add_driver+0x18c/0x214)
[    0.502711] [<c0552560>] (bus_add_driver) from [<c0553ecc>] (driver_register+0x78/0xf8)
[    0.502721] [<c0553ecc>] (driver_register) from [<c010186c>] (do_one_initcall+0x3c/0x178)
[    0.502734] [<c010186c>] (do_one_initcall) from [<c0b00ea4>] (kernel_init_freeable+0x21c/0x2ec)
[    0.502747] [<c0b00ea4>] (kernel_init_freeable) from [<c07dd9c0>] (kernel_init+0x8/0x118)
[    0.502758] [<c07dd9c0>] (kernel_init) from [<c01078f0>] (ret_from_fork+0x14/0x24)
[    0.502770] ---[ end trace 68c71fc64dcacec2 ]---
[    0.503719] pcf857x 0-0021: probed
[    0.504177] palmas 0-0058: Irq flag is 0x00000000
[    0.507178] palmas 0-0058: Muxing GPIO 1d, PWM 0, LED 0
[    0.508739] SMPS1: supplied by vsys_3v3
[    0.510547] SMPS2: supplied by vsys_3v3
[    0.512350] SMPS3: supplied by vsys_3v3
[    0.514134] SMPS4: supplied by vsys_3v3
[    0.515749] SMPS5: supplied by vsys_3v3
[    0.516744] LDO1: supplied by vsys_3v3
[    0.522396] LDO2: supplied by vsys_3v3
[    0.523673] LDO3: supplied by vsys_3v3
[    0.532076] LDO4: supplied by evm_5v0
[    0.541619] random: fast init done
[    0.542109] LDO5: supplied by vsys_3v3
[    0.553033] omap_i2c 48070000.i2c: bus 0 rev0.12 at 400 kHz
[    0.581591] gpiochip_find_base: found new base at 478
[    0.581737] GPIO line 479 (vin6_sel_s0) hogged as output/low
[    0.581754] gpio gpiochip10: (pcf8575): added GPIO chardev (254:10)
[    0.582041] gpiochip_setup_dev: registered GPIOs 478 to 493 on device: gpiochip10 (pcf8575)
[    0.582052] pcf857x 4-0026: probed
[    0.582084] omap_i2c 4807c000.i2c: bus 4 rev0.12 at 400 kHz
[    0.582286] pps_core: LinuxPPS API ver. 1 registered
[    0.582293] pps_core: Software ver. 5.3.6 - Copyright 2005-2007 Rodolfo Giometti <giometti@linux.it>
[    0.582315] PTP clock support registered
[    0.583261] clocksource: Switched to clocksource arch_sys_counter
[    0.624872] VFS: Disk quotas dquot_6.6.0
[    0.624942] VFS: Dquot-cache hash table entries: 1024 (order 0, 4096 bytes)
[    0.636532] NET: Registered protocol family 2
[    0.637068] TCP established hash table entries: 8192 (order: 3, 32768 bytes)
[    0.637169] TCP bind hash table entries: 8192 (order: 6, 294912 bytes)
[    0.637622] TCP: Hash tables configured (established 8192 bind 8192)
[    0.637689] UDP hash table entries: 512 (order: 3, 40960 bytes)
[    0.637768] UDP-Lite hash table entries: 512 (order: 3, 40960 bytes)
[    0.638036] NET: Registered protocol family 1
[    0.638574] RPC: Registered named UNIX socket transport module.
[    0.638584] RPC: Registered udp transport module.
[    0.638590] RPC: Registered tcp transport module.
[    0.638597] RPC: Registered tcp NFSv4.1 backchannel transport module.
[    0.639971] hw perfevents: enabled with armv7_cortex_a15 PMU driver, 7 counters available
[    0.642246] futex hash table entries: 256 (order: 2, 16384 bytes)
[    0.642295] audit: initializing netlink subsys (disabled)
[    0.643414] audit: type=2000 audit(0.629:1): initialized
[    0.643658] workingset: timestamp_bits=14 max_order=19 bucket_order=5
[    0.644440] NFS: Registering the id_resolver key type
[    0.644465] Key type id_resolver registered
[    0.644473] Key type id_legacy registered
[    0.644513] jffs2: version 2.2. (NAND) (SUMMARY)   2001-2006 Red Hat, Inc.
[    0.646348] bounce: pool size: 64 pages
[    0.646359] io scheduler noop registered
[    0.646367] io scheduler deadline registered
[    0.646398] io scheduler cfq registered (default)
[    0.650666] pinctrl-single 4a003400.pinmux: 282 pins at pa fc003400 size 1128
[    0.656067] Serial: 8250/16550 driver, 4 ports, IRQ sharing enabled
[    0.658310] of_get_named_gpiod_flags: can't parse 'rts-gpio' property of node '/ocp/serial@4806a000[0]'
[    0.658420] 4806a000.serial: ttyO0 at MMIO 0x4806a000 (irq = 301, base_baud = 3000000) is a OMAP UART0
[    2.076318] console [ttyO0] enabled
[    2.093311] brd: module loaded
[    2.103365] loop: module loaded
[    2.108296] ahci 4a140000.sata: SSS flag set, parallel bus scan disabled
[    2.115352] ahci 4a140000.sata: AHCI 0001.0300 32 slots 1 ports 3 Gbps 0x1 impl platform mode
[    2.124281] ahci 4a140000.sata: flags: 64bit ncq sntf stag pm led clo only pmp pio slum part ccc apst 
[    2.135135] scsi host0: ahci
[    2.138455] ata1: SATA max UDMA/133 mmio [mem 0x4a140000-0x4a1410ff] port 0x100 irq 332
[    2.147228] mtdoops: mtd device (mtddev=name/number) must be supplied
[    2.154708] omap2-nand 8000000.nand: GPIO lookup for consumer rb
[    2.160986] omap2-nand 8000000.nand: using device tree for GPIO lookup
[    2.167857] of_get_named_gpiod_flags: parsed 'rb-gpios' property of node '/ocp/gpmc@50000000/nand@0,0[0]' - status (0)
[    2.179083] nand: No NAND device found
[    2.183003] omap2-nand 8000000.nand: scan failed, may be bus-width mismatch
[    2.191504] libphy: Fixed MDIO Bus: probed
[    2.197772] cpsw 48484000.ethernet: GPIO lookup for consumer mode
[    2.204162] cpsw 48484000.ethernet: using device tree for GPIO lookup
[    2.210903] of_get_named_gpiod_flags: parsed 'mode-gpios' property of node '/ocp/ethernet@48484000[0]' - status (0)
[    2.273289] davinci_mdio 48485000.mdio: davinci mdio revision 1.6
[    2.279664] davinci_mdio 48485000.mdio: no live phy, scanning all
[    2.287595] davinci_mdio: probe of 48485000.mdio failed with error -5
[    2.294886] cpsw 48484000.ethernet: Detected MACID = 5c:f8:21:14:31:b4
[    2.301798] cpsw 48484000.ethernet: cpts: overflow check period 500 (jiffies)
[    2.311137] mousedev: PS/2 mouse device common for all mice
[    2.316991] i2c /dev entries driver
[    2.322395] omap_hsmmc 4809c000.mmc: GPIO lookup for consumer cd
[    2.328717] omap_hsmmc 4809c000.mmc: using device tree for GPIO lookup
[    2.335577] of_get_named_gpiod_flags: parsed 'cd-gpios' property of node '/ocp/mmc@4809c000[0]' - status (0)
[    2.345869] omap_hsmmc 4809c000.mmc: Got CD GPIO
[    2.350698] omap_hsmmc 4809c000.mmc: GPIO lookup for consumer wp
[    2.356993] omap_hsmmc 4809c000.mmc: using device tree for GPIO lookup
[    2.363827] of_get_named_gpiod_flags: can't parse 'wp-gpios' property of node '/ocp/mmc@4809c000[0]'
[    2.373390] of_get_named_gpiod_flags: can't parse 'wp-gpio' property of node '/ocp/mmc@4809c000[0]'
[    2.382851] omap_hsmmc 4809c000.mmc: using lookup tables for GPIO lookup
[    2.389872] omap_hsmmc 4809c000.mmc: lookup for GPIO wp failed
[    2.396643] omap_hsmmc 480b4000.mmc: GPIO lookup for consumer cd
[    2.402925] omap_hsmmc 480b4000.mmc: using device tree for GPIO lookup
[    2.409774] of_get_named_gpiod_flags: can't parse 'cd-gpios' property of node '/ocp/mmc@480b4000[0]'
[    2.419339] of_get_named_gpiod_flags: can't parse 'cd-gpio' property of node '/ocp/mmc@480b4000[0]'
[    2.428811] omap_hsmmc 480b4000.mmc: using lookup tables for GPIO lookup
[    2.435836] omap_hsmmc 480b4000.mmc: lookup for GPIO cd failed
[    2.441933] omap_hsmmc 480b4000.mmc: GPIO lookup for consumer wp
[    2.448227] omap_hsmmc 480b4000.mmc: using device tree for GPIO lookup
[    2.455067] of_get_named_gpiod_flags: can't parse 'wp-gpios' property of node '/ocp/mmc@480b4000[0]'
[    2.464634] of_get_named_gpiod_flags: can't parse 'wp-gpio' property of node '/ocp/mmc@480b4000[0]'
[    2.474102] omap_hsmmc 480b4000.mmc: using lookup tables for GPIO lookup
[    2.481098] omap_hsmmc 480b4000.mmc: lookup for GPIO wp failed
[    2.543657] ledtrig-cpu: registered to indicate activity on CPUs
[    2.550526] oprofile: using timer interrupt.
[    2.555169] Initializing XFRM netlink socket
[    2.559713] NET: Registered protocol family 10
[    2.565273] Segment Routing with IPv6
[    2.569154] sit: IPv6, IPv4 and MPLS over IPv4 tunneling driver
[    2.576033] NET: Registered protocol family 17
[    2.580691] NET: Registered protocol family 15
[    2.585428] Key type dns_resolver registered
[    2.589956] omap_voltage_late_init: Voltage driver support not added
[    2.596632] sr_dev_init: Unable to get voltage domain pointer for VDD core
[    2.603836] sr_dev_init: Unable to get voltage domain pointer for VDD mpu
[    2.611052] Power Management for TI OMAP4+ devices.
[    2.616420] ThumbEE CPU extension supported.
[    2.620898] Registering SWP/SWPB emulation handler
[    2.625933] SmartReflex Class3 initialized
[    2.631446] ata1: SATA link down (SStatus 0 SControl 300)
[    2.661750] of_get_named_gpiod_flags: parsed 'gpio' property of node '/fixedregulator-sd[0]' - status (0)
[    2.672101] evm_3v3_sd: supplied by evm_3v3
[    2.677253] omap_hsmmc 4809c000.mmc: GPIO lookup for consumer cd
[    2.683570] omap_hsmmc 4809c000.mmc: using device tree for GPIO lookup
[    2.690428] of_get_named_gpiod_flags: parsed 'cd-gpios' property of node '/ocp/mmc@4809c000[0]' - status (0)
[    2.700754] omap_hsmmc 4809c000.mmc: Got CD GPIO
[    2.705610] omap_hsmmc 4809c000.mmc: GPIO lookup for consumer wp
[    2.711904] omap_hsmmc 4809c000.mmc: using device tree for GPIO lookup
[    2.718766] of_get_named_gpiod_flags: can't parse 'wp-gpios' property of node '/ocp/mmc@4809c000[0]'
[    2.728348] of_get_named_gpiod_flags: can't parse 'wp-gpio' property of node '/ocp/mmc@4809c000[0]'
[    2.737850] omap_hsmmc 4809c000.mmc: using lookup tables for GPIO lookup
[    2.744890] omap_hsmmc 4809c000.mmc: lookup for GPIO wp failed
[    2.800377] mmc0: new high speed MMC card at address 0001
[    2.807319] hctosys: unable to open rtc device (rtc0)
[    2.812613] sr_init: No PMIC hook to init smartreflex
[    2.818084] sr_init: platform driver register failed for SR
[    2.824883] net eth0: initializing cpsw version 1.15 (0)
[    2.832435] libphy: PHY 48485000.mdio:03 not found
[    2.837497] net eth0: phy "48485000.mdio:03" not found on slave 0, err -19
[    2.847988] mmcblk0: mmc0:0001 MMC08G 7.25 GiB 
[    2.855096] mmcblk0boot0: mmc0:0001 MMC08G partition 1 8.00 MiB
[    2.861655] mmcblk0boot1: mmc0:0001 MMC08G partition 2 8.00 MiB
[    2.873655] IPv6: ADDRCONF(NETDEV_UP): eth0: link is not ready
[    2.879847]  mmcblk0: p1 p2 p3
[   12.893275] Waiting up to 110 more seconds for network.
[   22.913274] Waiting up to 100 more seconds for network.
[   32.933274] Waiting up to 90 more seconds for network.
[   42.953274] Waiting up to 80 more seconds for network.
[   52.973274] Waiting up to 70 more seconds for network.
[   62.993273] Waiting up to 60 more seconds for network.
[   73.013274] Waiting up to 50 more seconds for network.
[   83.033274] Waiting up to 40 more seconds for network.
[   93.053274] Waiting up to 30 more seconds for network.
[  103.073274] Waiting up to 20 more seconds for network.
[  113.093274] Waiting up to 10 more seconds for network.
[  122.903279] Sending DHCP requests ...... timed out!
[  202.588304] IP-Config: Reopening network devices...
[  202.593472] net eth0: initializing cpsw version 1.15 (0)
[  202.601023] libphy: PHY 48485000.mdio:03 not found
[  202.606063] net eth0: phy "48485000.mdio:03" not found on slave 0, err -19
[  202.618105] IPv6: ADDRCONF(NETDEV_UP): eth0: link is not ready

- 01:53:50 [INFO] Host: root
- 01:54:30 [ERROR] On command: root waiting for (?-mix:root@.+[@:#]+) >>> error: execution expired
- 01:54:30 [INFO] Target: 
[  212.643274] Waiting up to 110 more seconds for network.
[  222.663274] Waiting up to 100 more seconds for network.
[  232.683274] Waiting up to 90 more seconds for network.
[  242.703274] Waiting up to 80 more seconds for network.

- 01:54:30 [INFO] Host: root
- 01:55:10 [ERROR] On command: root waiting for (?-mix:root@.+[@:#]+) >>> error: execution expired
- 01:55:10 [INFO] Target: 
[  252.723274] Waiting up to 70 more seconds for network.
[  262.743273] Waiting up to 60 more seconds for network.
[  272.763273] Waiting up to 50 more seconds for network.
[  282.783274] Waiting up to 40 more seconds for network.

- 01:55:10 [INFO] Host: root
- 01:55:50 [ERROR] On command: root waiting for (?-mix:root@.+[@:#]+) >>> error: execution expired
- 01:55:50 [INFO] Target: 
[  292.803273] Waiting up to 30 more seconds for network.
[  302.823274] Waiting up to 20 more seconds for network.
[  312.843274] Waiting up to 10 more seconds for network.
[  322.653276] Sending DHCP requests ..
- 01:55:50 [INFO] Boot attempt 1/1 failed
- 01:55:50 [INFO] Collecting kernel traces via sysrq...
- 01:56:00 [INFO] .
- 01:56:10 [INFO] .
- 01:56:20 [INFO] .
- 01:56:20 [INFO] Disconnected serial from dra72x-evm
URL:gtsystest.telogy.design.ti.com/vatf/tigtfarm20/tigtfarm20_vatf@dra72x-evm/tigtfarm2012_14_2016_01_48_07/files/session_iteration_1/test_1
