- 06:06:51 [INFO] Starting target session
- 06:06:52 [INFO] Connected to dra72x-evm via serial 
- 06:06:52 [INFO] Host: #check prompt
- 06:06:55 [ERROR] On command: #check prompt waiting for #check prompt.+?(?-mix:((?-mix:.*\s+login)|[Pp]assword)) >>> error: execution expired
- 06:06:55 [INFO] Target: 
#check prompt
U-Boot# 
- 06:06:55 [INFO] Host: #check prompt
- 06:06:57 [ERROR] On command: #check prompt waiting for #check prompt.+?(?m-ix:root.*#) >>> error: execution expired
- 06:06:57 [INFO] Target: 
#check prompt
U-Boot# 
- 06:06:57 [INFO] Disconnected serial from dra72x-evm
- 06:07:28 [INFO] Connected to dra72x-evm via serial 
- 06:07:28 [INFO] Host: 
- 06:07:30 [INFO] Target: 
U-Boot SPL 2014.07-g705aec7 (Jan 09 2015 - 15:40:31)
DRA722 ES1.0
reading args
spl_load_image_fat_os: error reading image args, err - -1
reading u-boot.img
reading u-boot.img
U-Boot 2014.07-g705aec7 (Jan 09 2015 - 15:40:31)
CPU  : DRA722 ES1.0
Board: DRA7xx
I2C:   ready
DRAM:  1 GiB
NAND:  0 MiB
MMC:   OMAP SD/MMC: 0, OMAP SD/MMC: 1
Using default environment
SATA link 0 timeout.
AHCI 0001.0300 32 slots 1 ports 3 Gbps 0x1 impl SATA mode
flags: 64bit ncq stag pm led clo only pmp pio slum part ccc apst 
scanning bus for devices...
Found 0 device(s).
SCSI:  Net:   <ethaddr> not set. Validating first E-fuse MAC
cpsw
Hit any key to stop autoboot:  1  0 
U-Boot# 
U-Boot# 
U-Boot# 
U-Boot# 
U-Boot# 
U-Boot# 
U-Boot# 
- 06:07:30 [INFO] Host: 
- 06:07:30 [INFO] Target: 
U-Boot# 
- 06:07:30 [INFO] Host: version
- 06:07:30 [INFO] Target: 
U-Boot# version
U-Boot 2014.07-g705aec7 (Jan 09 2015 - 15:40:31)
arm-linux-gnueabihf-gcc (crosstool-NG linaro-1.13.1-4.7-2013.03-20130313 - Linaro GCC 2013.03) 4.7.3 20130226 (prerelease)
GNU ld (crosstool-NG linaro-1.13.1-4.7-2013.03-20130313 - Linaro GCC 2013.03) 2.23.1
U-Boot# 
- 06:07:30 [INFO] Host: setenv bootargs 'console=ttyO0,115200n8 earlyprintk rootwait '
- 06:07:30 [INFO] Target: 
setenv bootargs 'console=ttyO0,115200n8 earlyprintk rootwait '
U-Boot# 
- 06:07:30 [INFO] Host: setenv bootcmd  ''
- 06:07:30 [INFO] Target: 
setenv bootcmd  ''
U-Boot# 
- 06:07:30 [INFO] Host: setenv autoload 'no'
- 06:07:30 [INFO] Target: 
setenv autoload 'no'
U-Boot# 
- 06:07:30 [INFO] Host: setenv serverip '192.168.1.254'
- 06:07:30 [INFO] Target: 
setenv serverip '192.168.1.254'
U-Boot# 
- 06:07:30 [INFO] Host: setenv mmcdev ' '
- 06:07:30 [INFO] Target: 
setenv mmcdev ' '
U-Boot# 
- 06:07:30 [INFO] Host: printenv
- 06:07:31 [INFO] Target: 
printenv
arch=arm
autoload=no
baudrate=115200
board=dra7xx
board_name=dra72x
bootargs=console=ttyO0,115200n8 earlyprintk rootwait 
bootcmd=
bootdelay=1
bootdir=/boot
bootfile=zImage
bootm_size=0x10000000
bootpart=0:2
bootscript=echo Running bootscript from mmc${mmcdev} ...; source ${loadaddr}
console=ttyO0,115200n8
cpu=armv7
dfu_alt_info_emmc=rawemmc raw 0 3751936;boot part 1 1;rootfs part 1 2;MLO fat 1 1;MLO.raw raw 0x100 0x100;u-boot.img.raw raw 0x300 0x400;spl-os-args.raw raw 0x80 0x80;spl-os-image.raw raw 0x900 0x2000;spl-os-args fat 1 1;spl-os-image fat 1 1;u-boot.img fat 1 1;uEnv.txt fat 1 1
dfu_alt_info_mmc=boot part 0 1;rootfs part 0 2;MLO fat 0 1;MLO.raw raw 0x100 0x100;u-boot.img.raw raw 0x300 0x400;spl-os-args.raw raw 0x80 0x80;spl-os-image.raw raw 0x900 0x2000;spl-os-args fat 0 1;spl-os-image fat 0 1;u-boot.img fat 0 1;uEnv.txt fat 0 1
dfu_alt_info_ram=kernel ram 0x80200000 0x4000000;fdt ram 0x80f80000 0x80000;ramdisk ram 0x81000000 0x4000000
dfu_bufsiz=0x10000
eth1addr=08:00:28:01:f6:7f
ethact=cpsw
ethaddr=08:00:28:01:f6:7e
fdt_addr_r=0x88000000
fdtaddr=0x88000000
fdtfile=undefined
findfdt=if test $board_name = omap5_uevm; then setenv fdtfile omap5-uevm.dtb; fi; if test $board_name = dra7xx; then setenv fdtfile dra7-evm.dtb; fi;if test $board_name = dra72x; then setenv fdtfile dra72-evm.dtb; fi;if test $fdtfile = undefined; then echo WARNING: Could not determine device tree to use; fi; 
importbootenv=echo Importing environment from mmc${mmcdev} ...; env import -t ${loadaddr} ${filesize}
kernel_addr_r=0x82000000
loadaddr=0x82000000
loadbootenv=fatload mmc ${mmcdev} ${loadaddr} uEnv.txt
loadbootscript=fatload mmc ${mmcdev} ${loadaddr} boot.scr
loadfdt=load mmc ${bootpart} ${fdtaddr} ${bootdir}/${fdtfile};
loadimage=load mmc ${bootpart} ${loadaddr} ${bootdir}/${bootfile}
mmcargs=setenv bootargs console=${console} ${optargs} vram=${vram} root=${mmcroot} rootfstype=${mmcrootfstype}
mmcboot=mmc dev ${mmcdev}; if mmc rescan; then echo SD/MMC found on device ${mmcdev};if run loadbootenv; then echo Loaded environment from ${bootenv};run importbootenv;fi;if test -n $uenvcmd; then echo Running uenvcmd ...;run uenvcmd;fi;if run loadimage; then run loadfdt; echo Booting from mmc${mmcdev} ...; run mmcargs; bootz ${loadaddr} - ${fdtaddr}; fi;fi;
mmcdev= 
mmcroot=/dev/mmcblk1p2 rw
mmcrootfstype=ext4 rootwait
mtdids=nand0=nand.0
mtdparts=mtdparts=nand.0:128k(NAND.SPL),128k(NAND.SPL.backup1),128k(NAND.SPL.backup2),128k(NAND.SPL.backup3),256k(NAND.u-boot-spl-os),1m(NAND.u-boot),128k(NAND.u-boot-env),128k(NAND.u-boot-env.backup1),8m(NAND.kernel),-(NAND.file-system)
nandargs=setenv bootargs console=${console} ${optargs} root=${nandroot} rootfstype=${nandrootfstype}
nandboot=echo Booting from nand ...; run nandargs; nand read ${fdtaddr} NAND.u-boot-spl-os; nand read ${loadaddr} NAND.kernel; bootz ${loadaddr} - ${fdtaddr}
nandroot=ubi0:rootfs rw ubi.mtd=NAND.file-system,2048
nandrootfstype=ubifs rootwait=1
partitions=uuid_disk=${uuid_gpt_disk};name=rootfs,start=2MiB,size=-,uuid=${uuid_gpt_rootfs}
ramdisk_addr_r=0x88080000
rdaddr=0x88080000
scsidevs=0
serverip=192.168.1.254
soc=omap5
stderr=serial
stdin=serial
stdout=serial
usbtty=cdc_acm
vendor=ti
ver=U-Boot 2014.07-g705aec7 (Jan 09 2015 - 15:40:31)
vram=16M
Environment size: 3364/131067 bytes
U-Boot# 
- 06:07:31 [INFO] Host: printenv
- 06:07:31 [INFO] Target: 
printenv
arch=arm
autoload=no
baudrate=115200
board=dra7xx
board_name=dra72x
bootargs=console=ttyO0,115200n8 earlyprintk rootwait 
bootcmd=
bootdelay=1
bootdir=/boot
bootfile=zImage
bootm_size=0x10000000
bootpart=0:2
bootscript=echo Running bootscript from mmc${mmcdev} ...; source ${loadaddr}
console=ttyO0,115200n8
cpu=armv7
dfu_alt_info_emmc=rawemmc raw 0 3751936;boot part 1 1;rootfs part 1 2;MLO fat 1 1;MLO.raw raw 0x100 0x100;u-boot.img.raw raw 0x300 0x400;spl-os-args.raw raw 0x80 0x80;spl-os-image.raw raw 0x900 0x2000;spl-os-args fat 1 1;spl-os-image fat 1 1;u-boot.img fat 1 1;uEnv.txt fat 1 1
dfu_alt_info_mmc=boot part 0 1;rootfs part 0 2;MLO fat 0 1;MLO.raw raw 0x100 0x100;u-boot.img.raw raw 0x300 0x400;spl-os-args.raw raw 0x80 0x80;spl-os-image.raw raw 0x900 0x2000;spl-os-args fat 0 1;spl-os-image fat 0 1;u-boot.img fat 0 1;uEnv.txt fat 0 1
dfu_alt_info_ram=kernel ram 0x80200000 0x4000000;fdt ram 0x80f80000 0x80000;ramdisk ram 0x81000000 0x4000000
dfu_bufsiz=0x10000
eth1addr=08:00:28:01:f6:7f
ethact=cpsw
ethaddr=08:00:28:01:f6:7e
fdt_addr_r=0x88000000
fdtaddr=0x88000000
fdtfile=undefined
findfdt=if test $board_name = omap5_uevm; then setenv fdtfile omap5-uevm.dtb; fi; if test $board_name = dra7xx; then setenv fdtfile dra7-evm.dtb; fi;if test $board_name = dra72x; then setenv fdtfile dra72-evm.dtb; fi;if test $fdtfile = undefined; then echo WARNING: Could not determine device tree to use; fi; 
importbootenv=echo Importing environment from mmc${mmcdev} ...; env import -t ${loadaddr} ${filesize}
kernel_addr_r=0x82000000
loadaddr=0x82000000
loadbootenv=fatload mmc ${mmcdev} ${loadaddr} uEnv.txt
loadbootscript=fatload mmc ${mmcdev} ${loadaddr} boot.scr
loadfdt=load mmc ${bootpart} ${fdtaddr} ${bootdir}/${fdtfile};
loadimage=load mmc ${bootpart} ${loadaddr} ${bootdir}/${bootfile}
mmcargs=setenv bootargs console=${console} ${optargs} vram=${vram} root=${mmcroot} rootfstype=${mmcrootfstype}
mmcboot=mmc dev ${mmcdev}; if mmc rescan; then echo SD/MMC found on device ${mmcdev};if run loadbootenv; then echo Loaded environment from ${bootenv};run importbootenv;fi;if test -n $uenvcmd; then echo Running uenvcmd ...;run uenvcmd;fi;if run loadimage; then run loadfdt; echo Booting from mmc${mmcdev} ...; run mmcargs; bootz ${loadaddr} - ${fdtaddr}; fi;fi;
mmcdev= 
mmcroot=/dev/mmcblk1p2 rw
mmcrootfstype=ext4 rootwait
mtdids=nand0=nand.0
mtdparts=mtdparts=nand.0:128k(NAND.SPL),128k(NAND.SPL.backup1),128k(NAND.SPL.backup2),128k(NAND.SPL.backup3),256k(NAND.u-boot-spl-os),1m(NAND.u-boot),128k(NAND.u-boot-env),128k(NAND.u-boot-env.backup1),8m(NAND.kernel),-(NAND.file-system)
nandargs=setenv bootargs console=${console} ${optargs} root=${nandroot} rootfstype=${nandrootfstype}
nandboot=echo Booting from nand ...; run nandargs; nand read ${fdtaddr} NAND.u-boot-spl-os; nand read ${loadaddr} NAND.kernel; bootz ${loadaddr} - ${fdtaddr}
nandroot=ubi0:rootfs rw ubi.mtd=NAND.file-system,2048
nandrootfstype=ubifs rootwait=1
partitions=uuid_disk=${uuid_gpt_disk};name=rootfs,start=2MiB,size=-,uuid=${uuid_gpt_rootfs}
ramdisk_addr_r=0x88080000
rdaddr=0x88080000
scsidevs=0
serverip=192.168.1.254
soc=omap5
stderr=serial
stdin=serial
stdout=serial
usbtty=cdc_acm
vendor=ti
ver=U-Boot 2014.07-g705aec7 (Jan 09 2015 - 15:40:31)
vram=16M
Environment size: 3364/131067 bytes
U-Boot# 
- 06:07:31 [INFO] Host: setenv bootargs ''${bootargs}' ip=:::::eth0:dhcp '
- 06:07:31 [INFO] Target: 
setenv bootargs ''${bootargs}' ip=:::::eth0:dhcp '
U-Boot# 
- 06:07:31 [INFO] Host: setenv serverip '192.168.1.254'
- 06:07:31 [INFO] Target: 
setenv serverip '192.168.1.254'
U-Boot# 
- 06:07:31 [INFO] Host: setenv ipaddr dhcp
- 06:07:31 [INFO] Target: 
setenv ipaddr dhcp
U-Boot# 
- 06:07:31 [INFO] Host: setenv autoload 'no'
- 06:07:31 [INFO] Target: 
setenv autoload 'no'
U-Boot# 
- 06:07:31 [INFO] Host: dhcp
- 06:07:58 [INFO] Target: 
dhcp
cpsw Waiting for PHY auto negotiation to complete.. done
link up on port 1, speed 1000, full duplex
BOOTP broadcast 1
cpsw Waiting for PHY auto negotiation to complete...... done
BOOTP broadcast 2
cpsw Waiting for PHY auto negotiation to complete...... done
cpsw Waiting for PHY auto negotiation to complete...... done
BOOTP broadcast 3
cpsw Waiting for PHY auto negotiation to complete...... done
cpsw Waiting for PHY auto negotiation to complete...... done
BOOTP broadcast 4
cpsw Waiting for PHY auto negotiation to complete....... done
BOOTP broadcast 5
DHCP client bound to address 192.168.1.161
U-Boot# 
- 06:07:58 [INFO] Host: setenv serverip '192.168.1.254'
- 06:07:58 [INFO] Target: 
setenv serverip '192.168.1.254'
U-Boot# 
- 06:07:58 [INFO] Host: tftp ${loadaddr} 192.168.1.254:vatf_dra72x-evm/32a3a2ba82e6f62a728c8e257eeead11
- 06:08:08 [INFO] Target: 
tftp ${loadaddr} 192.168.1.254:vatf_dra72x-evm/32a3a2ba82e6f62a728c8e257eeead11
link up on port 1, speed 1000, full duplex
Using cpsw device
TFTP from server 192.168.1.254; our IP address is 192.168.1.161
Filename 'vatf_dra72x-evm/32a3a2ba82e6f62a728c8e257eeead11'.
Load address: 0x82000000
Loading: *#################################################################
	 #################################################################
	 #################################################################
	 ################################################
	 347.7 KiB/s
done
Bytes transferred = 3554840 (363e18 hex)
U-Boot# 
- 06:08:08 [INFO] Host: tftp ${fdt_addr_r} 192.168.1.254:vatf_dra72x-evm/f81874164f62a6c89377f3a926db2296
- 06:08:08 [INFO] Target: 
tftp ${fdt_addr_r} 192.168.1.254:vatf_dra72x-evm/f81874164f62a6c89377f3a926db2296
link up on port 1, speed 1000, full duplex
Using cpsw device
TFTP from server 192.168.1.254; our IP address is 192.168.1.161
Filename 'vatf_dra72x-evm/f81874164f62a6c89377f3a926db2296'.
Load address: 0x88000000
Loading: *######
	 347.7 KiB/s
done
Bytes transferred = 76380 (12a5c hex)
U-Boot# 
- 06:08:08 [INFO] Host: ls mmc 0:1
- 06:08:09 [INFO] Target: 
ls mmc 0:1
    73592   mlo 
   432500   u-boot.img 
        4   ws-calibrate.rules 
3 file(s), 0 dir(s)
U-Boot# 
- 06:08:09 [INFO] Host: ls mmc 0:2
- 06:08:09 [INFO] Target: 
ls mmc 0:2
<DIR>       4096 .
<DIR>       4096 ..
<DIR>       4096 bin
<DIR>       4096 boot
<DIR>       4096 dev
<DIR>       4096 etc
<DIR>       4096 home
<DIR>       4096 lib
<DIR>       4096 media
<DIR>       4096 mnt
<DIR>       4096 opt
<DIR>       4096 proc
<DIR>       4096 run
<DIR>       4096 sbin
<DIR>       4096 srv
<DIR>       4096 sys
<SYM>          8 tmp
<DIR>       4096 usr
<DIR>       4096 var
<DIR>       4096 www
<DIR>       4096 test
U-Boot# 
- 06:08:09 [INFO] Host: part uuid mmc 0:2
- 06:08:09 [INFO] Target: 
part uuid mmc 0:2
00000000-02
U-Boot# 
- 06:08:09 [INFO] Host: printenv
- 06:08:09 [INFO] Target: 
printenv
arch=arm
autoload=no
baudrate=115200
board=dra7xx
board_name=dra72x
bootargs=console=ttyO0,115200n8 earlyprintk rootwait  ip=:::::eth0:dhcp 
bootcmd=
bootdelay=1
bootdir=/boot
bootfile=zImage
bootm_size=0x10000000
bootpart=0:2
bootscript=echo Running bootscript from mmc${mmcdev} ...; source ${loadaddr}
console=ttyO0,115200n8
cpu=armv7
dfu_alt_info_emmc=rawemmc raw 0 3751936;boot part 1 1;rootfs part 1 2;MLO fat 1 1;MLO.raw raw 0x100 0x100;u-boot.img.raw raw 0x300 0x400;spl-os-args.raw raw 0x80 0x80;spl-os-image.raw raw 0x900 0x2000;spl-os-args fat 1 1;spl-os-image fat 1 1;u-boot.img fat 1 1;uEnv.txt fat 1 1
dfu_alt_info_mmc=boot part 0 1;rootfs part 0 2;MLO fat 0 1;MLO.raw raw 0x100 0x100;u-boot.img.raw raw 0x300 0x400;spl-os-args.raw raw 0x80 0x80;spl-os-image.raw raw 0x900 0x2000;spl-os-args fat 0 1;spl-os-image fat 0 1;u-boot.img fat 0 1;uEnv.txt fat 0 1
dfu_alt_info_ram=kernel ram 0x80200000 0x4000000;fdt ram 0x80f80000 0x80000;ramdisk ram 0x81000000 0x4000000
dfu_bufsiz=0x10000
dnsip=192.0.2.2
dnsip2=192.0.2.3
eth1addr=08:00:28:01:f6:7f
ethact=cpsw
ethaddr=08:00:28:01:f6:7e
fdt_addr_r=0x88000000
fdtaddr=0x88000000
fdtfile=undefined
fileaddr=88000000
filesize=12a5c
findfdt=if test $board_name = omap5_uevm; then setenv fdtfile omap5-uevm.dtb; fi; if test $board_name = dra7xx; then setenv fdtfile dra7-evm.dtb; fi;if test $board_name = dra72x; then setenv fdtfile dra72-evm.dtb; fi;if test $fdtfile = undefined; then echo WARNING: Could not determine device tree to use; fi; 
gatewayip=192.168.1.254
importbootenv=echo Importing environment from mmc${mmcdev} ...; env import -t ${loadaddr} ${filesize}
ipaddr=192.168.1.161
kernel_addr_r=0x82000000
loadaddr=0x82000000
loadbootenv=fatload mmc ${mmcdev} ${loadaddr} uEnv.txt
loadbootscript=fatload mmc ${mmcdev} ${loadaddr} boot.scr
loadfdt=load mmc ${bootpart} ${fdtaddr} ${bootdir}/${fdtfile};
loadimage=load mmc ${bootpart} ${loadaddr} ${bootdir}/${bootfile}
mmcargs=setenv bootargs console=${console} ${optargs} vram=${vram} root=${mmcroot} rootfstype=${mmcrootfstype}
mmcboot=mmc dev ${mmcdev}; if mmc rescan; then echo SD/MMC found on device ${mmcdev};if run loadbootenv; then echo Loaded environment from ${bootenv};run importbootenv;fi;if test -n $uenvcmd; then echo Running uenvcmd ...;run uenvcmd;fi;if run loadimage; then run loadfdt; echo Booting from mmc${mmcdev} ...; run mmcargs; bootz ${loadaddr} - ${fdtaddr}; fi;fi;
mmcdev= 
mmcroot=/dev/mmcblk1p2 rw
mmcrootfstype=ext4 rootwait
mtdids=nand0=nand.0
mtdparts=mtdparts=nand.0:128k(NAND.SPL),128k(NAND.SPL.backup1),128k(NAND.SPL.backup2),128k(NAND.SPL.backup3),256k(NAND.u-boot-spl-os),1m(NAND.u-boot),128k(NAND.u-boot-env),128k(NAND.u-boot-env.backup1),8m(NAND.kernel),-(NAND.file-system)
nandargs=setenv bootargs console=${console} ${optargs} root=${nandroot} rootfstype=${nandrootfstype}
nandboot=echo Booting from nand ...; run nandargs; nand read ${fdtaddr} NAND.u-boot-spl-os; nand read ${loadaddr} NAND.kernel; bootz ${loadaddr} - ${fdtaddr}
nandroot=ubi0:rootfs rw ubi.mtd=NAND.file-system,2048
nandrootfstype=ubifs rootwait=1
netmask=255.255.255.0
partitions=uuid_disk=${uuid_gpt_disk};name=rootfs,start=2MiB,size=-,uuid=${uuid_gpt_rootfs}
ramdisk_addr_r=0x88080000
rdaddr=0x88080000
scsidevs=0
serverip=192.168.1.254
soc=omap5
stderr=serial
stdin=serial
stdout=serial
usbtty=cdc_acm
vendor=ti
ver=U-Boot 2014.07-g705aec7 (Jan 09 2015 - 15:40:31)
vram=16M
Environment size: 3530/131067 bytes
U-Boot# 
- 06:08:09 [INFO] Host: setenv bootargs ''${bootargs}' root=PARTUUID=00000000-02 rw rootfstype=ext4 rootwait '
- 06:08:09 [INFO] Target: 
setenv bootargs ''${bootargs}' root=PARTUUID=00000000-02 rw rootfstype=ext4 rootwait '
U-Boot# 
- 06:08:09 [INFO] Host: printenv
- 06:08:10 [INFO] Target: 
printenv
arch=arm
autoload=no
baudrate=115200
board=dra7xx
board_name=dra72x
bootargs=console=ttyO0,115200n8 earlyprintk rootwait  ip=:::::eth0:dhcp  root=PARTUUID=00000000-02 rw rootfstype=ext4 rootwait 
bootcmd=
bootdelay=1
bootdir=/boot
bootfile=zImage
bootm_size=0x10000000
bootpart=0:2
bootscript=echo Running bootscript from mmc${mmcdev} ...; source ${loadaddr}
console=ttyO0,115200n8
cpu=armv7
dfu_alt_info_emmc=rawemmc raw 0 3751936;boot part 1 1;rootfs part 1 2;MLO fat 1 1;MLO.raw raw 0x100 0x100;u-boot.img.raw raw 0x300 0x400;spl-os-args.raw raw 0x80 0x80;spl-os-image.raw raw 0x900 0x2000;spl-os-args fat 1 1;spl-os-image fat 1 1;u-boot.img fat 1 1;uEnv.txt fat 1 1
dfu_alt_info_mmc=boot part 0 1;rootfs part 0 2;MLO fat 0 1;MLO.raw raw 0x100 0x100;u-boot.img.raw raw 0x300 0x400;spl-os-args.raw raw 0x80 0x80;spl-os-image.raw raw 0x900 0x2000;spl-os-args fat 0 1;spl-os-image fat 0 1;u-boot.img fat 0 1;uEnv.txt fat 0 1
dfu_alt_info_ram=kernel ram 0x80200000 0x4000000;fdt ram 0x80f80000 0x80000;ramdisk ram 0x81000000 0x4000000
dfu_bufsiz=0x10000
dnsip=192.0.2.2
dnsip2=192.0.2.3
eth1addr=08:00:28:01:f6:7f
ethact=cpsw
ethaddr=08:00:28:01:f6:7e
fdt_addr_r=0x88000000
fdtaddr=0x88000000
fdtfile=undefined
fileaddr=88000000
filesize=12a5c
findfdt=if test $board_name = omap5_uevm; then setenv fdtfile omap5-uevm.dtb; fi; if test $board_name = dra7xx; then setenv fdtfile dra7-evm.dtb; fi;if test $board_name = dra72x; then setenv fdtfile dra72-evm.dtb; fi;if test $fdtfile = undefined; then echo WARNING: Could not determine device tree to use; fi; 
gatewayip=192.168.1.254
importbootenv=echo Importing environment from mmc${mmcdev} ...; env import -t ${loadaddr} ${filesize}
ipaddr=192.168.1.161
kernel_addr_r=0x82000000
loadaddr=0x82000000
loadbootenv=fatload mmc ${mmcdev} ${loadaddr} uEnv.txt
loadbootscript=fatload mmc ${mmcdev} ${loadaddr} boot.scr
loadfdt=load mmc ${bootpart} ${fdtaddr} ${bootdir}/${fdtfile};
loadimage=load mmc ${bootpart} ${loadaddr} ${bootdir}/${bootfile}
mmcargs=setenv bootargs console=${console} ${optargs} vram=${vram} root=${mmcroot} rootfstype=${mmcrootfstype}
mmcboot=mmc dev ${mmcdev}; if mmc rescan; then echo SD/MMC found on device ${mmcdev};if run loadbootenv; then echo Loaded environment from ${bootenv};run importbootenv;fi;if test -n $uenvcmd; then echo Running uenvcmd ...;run uenvcmd;fi;if run loadimage; then run loadfdt; echo Booting from mmc${mmcdev} ...; run mmcargs; bootz ${loadaddr} - ${fdtaddr}; fi;fi;
mmcdev= 
mmcroot=/dev/mmcblk1p2 rw
mmcrootfstype=ext4 rootwait
mtdids=nand0=nand.0
mtdparts=mtdparts=nand.0:128k(NAND.SPL),128k(NAND.SPL.backup1),128k(NAND.SPL.backup2),128k(NAND.SPL.backup3),256k(NAND.u-boot-spl-os),1m(NAND.u-boot),128k(NAND.u-boot-env),128k(NAND.u-boot-env.backup1),8m(NAND.kernel),-(NAND.file-system)
nandargs=setenv bootargs console=${console} ${optargs} root=${nandroot} rootfstype=${nandrootfstype}
nandboot=echo Booting from nand ...; run nandargs; nand read ${fdtaddr} NAND.u-boot-spl-os; nand read ${loadaddr} NAND.kernel; bootz ${loadaddr} - ${fdtaddr}
nandroot=ubi0:rootfs rw ubi.mtd=NAND.file-system,2048
nandrootfstype=ubifs rootwait=1
netmask=255.255.255.0
partitions=uuid_disk=${uuid_gpt_disk};name=rootfs,start=2MiB,size=-,uuid=${uuid_gpt_rootfs}
ramdisk_addr_r=0x88080000
rdaddr=0x88080000
scsidevs=0
serverip=192.168.1.254
soc=omap5
stderr=serial
stdin=serial
stdout=serial
usbtty=cdc_acm
vendor=ti
ver=U-Boot 2014.07-g705aec7 (Jan 09 2015 - 15:40:31)
vram=16M
Environment size: 3585/131067 bytes
U-Boot# 
- 06:08:10 [INFO] Host: setenv bootcmd ''${bootcmd}' if iminfo ${loadaddr}; then bootm ${loadaddr} - ${fdt_addr_r}; else bootz ${loadaddr} - ${fdt_addr_r}; bootm ${loadaddr} - ${fdt_addr_r}; fi'
- 06:08:10 [INFO] Target: 
setenv bootcmd ''${bootcmd}' if iminfo ${loadaddr}; then bootm ${loadaddr} - ${fdt_addr_r}; else bootz ${loadaddr} - ${fdt_addr_r}; bootm ${loadaddr} - ${fdt_addr_r}; fi'
U-Boot# 
- 06:08:10 [INFO] Host: version
- 06:08:10 [INFO] Target: 
version
U-Boot 2014.07-g705aec7 (Jan 09 2015 - 15:40:31)
arm-linux-gnueabihf-gcc (crosstool-NG linaro-1.13.1-4.7-2013.03-20130313 - Linaro GCC 2013.03) 4.7.3 20130226 (prerelease)
GNU ld (crosstool-NG linaro-1.13.1-4.7-2013.03-20130313 - Linaro GCC 2013.03) 2.23.1
U-Boot# 
- 06:08:10 [INFO] Host: bdinfo
- 06:08:10 [INFO] Target: 
bdinfo
arch_number = 0x00000000
boot_params = 0x80000100
DRAM bank   = 0x00000000
-> start    = 0x80000000
-> size     = 0x40000000
eth0name    = cpsw
ethaddr     = 08:00:28:01:f6:7e
current eth = cpsw
ip_addr     = 192.168.1.161
baudrate    = 115200 bps
TLB addr    = 0xBFFF0000
relocaddr   = 0xBF744000
reloc off   = 0x3EF44000
irq_sp      = 0xBE723EE0
sp start    = 0xBE723ED0
U-Boot# 
- 06:08:10 [INFO] Host: mmc rescan
- 06:08:10 [INFO] Target: 
mmc rescan
U-Boot# 
- 06:08:10 [INFO] Host: fatwrite mmc ${mmcdev}:1 ${loadaddr} ws-calibrate.rules 4
- 06:08:10 [INFO] Target: 
fatwrite mmc ${mmcdev}:1 ${loadaddr} ws-calibrate.rules 4
writing ws-calibrate.rules
4 bytes written
U-Boot# 
- 06:08:10 [INFO] Host: boot
- 06:10:40 [ERROR] On command: boot waiting for boot.+?(?-mix:.*\s+login) >>> error: execution expired
- 06:10:40 [INFO] Target: 
boot
## Checking Image at 82000000 ...
Unknown image format!
Kernel image @ 0x82000000 [ 0x000000 - 0x363e18 ]
## Flattened Device Tree blob at 88000000
   Booting using the fdt blob at 0x88000000
   Loading Device Tree to 8ffea000, end 8ffffa5b ... OK
Starting kernel ...
[    0.000000] Booting Linux on physical CPU 0x0
[    0.000000] Initializing cgroup subsys cpuset
[    0.000000] Initializing cgroup subsys cpu
[    0.000000] Initializing cgroup subsys cpuacct
[    0.000000] Linux version 4.2.0-rc6-next-20150814-00002-g8a27cb6bc600 (nmenon@kahuna) (gcc version 4.6.3 (Ubuntu/Linaro 4.6.3-1ubuntu5) ) #1 SMP Fri Aug 14 06:02:27 CDT 2015
[    0.000000] CPU: ARMv7 Processor [412fc0f2] revision 2 (ARMv7), cr=10c5387d
[    0.000000] CPU: PIPT / VIPT nonaliasing data cache, PIPT instruction cache
[    0.000000] Machine model: TI DRA722
[    0.000000] cma: Reserved 16 MiB at 0xbe800000
[    0.000000] Memory policy: Data cache writealloc
[    0.000000] DRA722 ES1.0
[    0.000000] PERCPU: Embedded 14 pages/cpu @eee90000 s25152 r8192 d24000 u57344
[    0.000000] Built 1 zonelists in Zone order, mobility grouping on.  Total pages: 259922
[    0.000000] Kernel command line: console=ttyO0,115200n8 earlyprintk rootwait  ip=:::::eth0:dhcp  root=PARTUUID=00000000-02 rw rootfstype=ext4 rootwait 
[    0.000000] PID hash table entries: 4096 (order: 2, 16384 bytes)
[    0.000000] Dentry cache hash table entries: 131072 (order: 7, 524288 bytes)
[    0.000000] Inode-cache hash table entries: 65536 (order: 6, 262144 bytes)
[    0.000000] Memory: 1001428K/1046528K available (6516K kernel code, 736K rwdata, 2212K rodata, 436K init, 8263K bss, 28716K reserved, 16384K cma-reserved, 251904K highmem)
[    0.000000] Virtual kernel memory layout:
[    0.000000]     vector  : 0xffff0000 - 0xffff1000   (   4 kB)
[    0.000000]     fixmap  : 0xffc00000 - 0xfff00000   (3072 kB)
[    0.000000]     vmalloc : 0xf0000000 - 0xff000000   ( 240 MB)
[    0.000000]     lowmem  : 0xc0000000 - 0xef800000   ( 760 MB)
[    0.000000]     pkmap   : 0xbfe00000 - 0xc0000000   (   2 MB)
[    0.000000]     modules : 0xbf000000 - 0xbfe00000   (  14 MB)
[    0.000000]       .text : 0xc0008000 - 0xc088e668   (8730 kB)
[    0.000000]       .init : 0xc088f000 - 0xc08fc000   ( 436 kB)
[    0.000000]       .data : 0xc08fc000 - 0xc09b42b0   ( 737 kB)
[    0.000000]        .bss : 0xc09b7000 - 0xc11c8f78   (8264 kB)
[    0.000000] Running RCU self tests
[    0.000000] Hierarchical RCU implementation.
[    0.000000] 	RCU lockdep checking is enabled.
[    0.000000] 	Build-time adjustment of leaf fanout to 32.
[    0.000000] 	RCU restricting CPUs from NR_CPUS=2 to nr_cpu_ids=1.
[    0.000000] RCU: Adjusting geometry for rcu_fanout_leaf=32, nr_cpu_ids=1
[    0.000000] NR_IRQS:16 nr_irqs:16 16
[    0.000000] OMAP clockevent source: timer1 at 32768 Hz
[    0.000000] clocksource: 32k_counter: mask: 0xffffffff max_cycles: 0xffffffff, max_idle_ns: 58327039986419 ns
[    0.000000] sched_clock: 32 bits at 32kHz, resolution 30517ns, wraps every 65535999984741ns
[    0.000030] OMAP clocksource: 32k_counter at 32768 Hz
[    0.000549] Architected cp15 timer(s) running at 6.14MHz (virt).
[    0.000549] clocksource: arch_sys_counter: mask: 0xffffffffffffff max_cycles: 0x16af5adb9, max_idle_ns: 440795202250 ns
[    0.000554] sched_clock: 56 bits at 6MHz, resolution 162ns, wraps every 4398046511023ns
[    0.000564] Switching to timer-based delay loop, resolution 162ns
[    0.001741] Console: colour dummy device 80x30
[    0.001775] Lock dependency validator: Copyright (c) 2006 Red Hat, Inc., Ingo Molnar
[    0.001781] ... MAX_LOCKDEP_SUBCLASSES:  8
[    0.001787] ... MAX_LOCK_DEPTH:          48
[    0.001793] ... MAX_LOCKDEP_KEYS:        8191
[    0.001799] ... CLASSHASH_SIZE:          4096
[    0.001805] ... MAX_LOCKDEP_ENTRIES:     32768
[    0.001811] ... MAX_LOCKDEP_CHAINS:      65536
[    0.001817] ... CHAINHASH_SIZE:          32768
[    0.001823]  memory used by lock dependency info: 5167 kB
[    0.001829]  per task-struct memory footprint: 1536 bytes
[    0.001847] Calibrating delay loop (skipped), value calculated using timer frequency.. 12.29 BogoMIPS (lpj=61475)
[    0.001860] pid_max: default: 32768 minimum: 301
[    0.002115] Security Framework initialized
[    0.002208] Mount-cache hash table entries: 2048 (order: 1, 8192 bytes)
[    0.002221] Mountpoint-cache hash table entries: 2048 (order: 1, 8192 bytes)
[    0.004399] Initializing cgroup subsys blkio
[    0.004457] Initializing cgroup subsys memory
[    0.004517] Initializing cgroup subsys devices
[    0.004575] Initializing cgroup subsys freezer
[    0.004661] Initializing cgroup subsys perf_event
[    0.004703] CPU: Testing write buffer coherency: ok
[    0.005679] /cpus/cpu@0 missing clock-frequency property
[    0.005693] CPU0: thread -1, cpu 0, socket 0, mpidr 80000000
[    0.005749] Setting up static identity map for 0x80008280 - 0x800082f0
[    0.008602] Brought up 1 CPUs
[    0.008614] SMP: Total of 1 processors activated (12.29 BogoMIPS).
[    0.008621] CPU: All CPU(s) started in SVC mode.
[    0.010977] devtmpfs: initialized
[    0.069280] VFP support v0.3: implementor 41 architecture 4 part 30 variant f rev 0
[    0.070998] omap_hwmod: l3_main_2 using broken dt data from ocp
[    0.296295] clocksource: jiffies: mask: 0xffffffff max_cycles: 0xffffffff, max_idle_ns: 19112604462750000 ns
[    0.297371] pinctrl core: initialized pinctrl subsystem
[    0.300951] NET: Registered protocol family 16
[    0.304543] DMA: preallocated 256 KiB pool for atomic coherent allocations
[    0.305893] cpuidle: using governor ladder
[    0.305910] cpuidle: using governor menu
[    0.317126] OMAP GPIO hardware version 0.1
[    0.344585] omap-gpmc 50000000.gpmc: could not find pctldev for node /ocp/l4@4a000000/scm@2000/pinmux@1400/nand_default, deferring probe
[    0.351197] No ATAGs?
[    0.351237] hw-breakpoint: found 5 (+1 reserved) breakpoint and 4 watchpoint registers.
[    0.351268] hw-breakpoint: maximum watchpoint size is 8 bytes.
[    0.352350] omap4_sram_init:Unable to allocate sram needed to handle errata I688
[    0.352361] omap4_sram_init:Unable to get sram pool needed to handle errata I688
[    0.353745] OMAP DMA hardware revision 0.0
[    0.380467] omap-dma-engine 4a056000.dma-controller: OMAP DMA engine driver
[    0.384519] SCSI subsystem initialized
[    0.385744] omap_i2c 48070000.i2c: could not find pctldev for node /ocp/l4@4a000000/scm@2000/pinmux@1400/pinmux_i2c1_pins, deferring probe
[    0.385806] omap_i2c 4807c000.i2c: could not find pctldev for node /ocp/l4@4a000000/scm@2000/pinmux@1400/pinmux_i2c5_pins, deferring probe
[    0.386012] pps_core: LinuxPPS API ver. 1 registered
[    0.386020] pps_core: Software ver. 5.3.6 - Copyright 2005-2007 Rodolfo Giometti <giometti@linux.it>
[    0.386060] PTP clock support registered
[    0.388761] clocksource: Switched to clocksource arch_sys_counter
[    0.492230] NET: Registered protocol family 2
[    0.493508] TCP established hash table entries: 8192 (order: 3, 32768 bytes)
[    0.493636] TCP bind hash table entries: 8192 (order: 6, 294912 bytes)
[    0.495925] TCP: Hash tables configured (established 8192 bind 8192)
[    0.496078] UDP hash table entries: 512 (order: 3, 40960 bytes)
[    0.496390] UDP-Lite hash table entries: 512 (order: 3, 40960 bytes)
[    0.497277] NET: Registered protocol family 1
[    0.498319] RPC: Registered named UNIX socket transport module.
[    0.498330] RPC: Registered udp transport module.
[    0.498338] RPC: Registered tcp transport module.
[    0.498346] RPC: Registered tcp NFSv4.1 backchannel transport module.
[    0.500264] hw perfevents: enabled with armv7_cortex_a15 PMU driver, 7 counters available
[    0.503819] futex hash table entries: 256 (order: 2, 16384 bytes)
[    0.503995] audit: initializing netlink subsys (disabled)
[    0.504119] audit: type=2000 audit(0.489:1): initialized
[    0.506992] VFS: Disk quotas dquot_6.6.0
[    0.507087] VFS: Dquot-cache hash table entries: 1024 (order 0, 4096 bytes)
[    0.508515] NFS: Registering the id_resolver key type
[    0.508832] Key type id_resolver registered
[    0.508841] Key type id_legacy registered
[    0.508964] jffs2: version 2.2. (NAND) (SUMMARY)   2001-2006 Red Hat, Inc.
[    0.511891] bounce: pool size: 64 pages
[    0.511949] io scheduler noop registered
[    0.511967] io scheduler deadline registered
[    0.511997] io scheduler cfq registered (default)
[    0.518565] pinctrl-single 4a003400.pinmux: 282 pins at pa fc003400 size 1128
[    0.519958] pbias-regulator: probe of 4a002000.scm_conf:pbias_regulator failed with error -22
[    0.523978] Serial: 8250/16550 driver, 4 ports, IRQ sharing enabled
[    0.528157] omap_uart 4806a000.serial: no wakeirq for uart0
[    0.528481] 4806a000.serial: ttyO0 at MMIO 0x4806a000 (irq = 296, base_baud = 3000000) is a OMAP UART0
[    1.323850] console [ttyO0] enabled
[    1.348262] brd: module loaded
[    1.363112] loop: module loaded
[    1.368493] ahci 4a140000.sata: SSS flag set, parallel bus scan disabled
[    1.375564] ahci 4a140000.sata: AHCI 0001.0300 32 slots 1 ports 3 Gbps 0x1 impl platform mode
[    1.384501] ahci 4a140000.sata: flags: 64bit ncq sntf stag pm led clo only pmp pio slum part ccc apst 
[    1.396688] scsi host0: ahci
[    1.400591] ata1: SATA max UDMA/133 mmio [mem 0x4a140000-0x4a1410ff] port 0x100 irq 314
[    1.409733] mtdoops: mtd device (mtddev=name/number) must be supplied
[    1.422772] mousedev: PS/2 mouse device common for all mice
[    1.428607] i2c /dev entries driver
[    1.433555] omap_hsmmc 4809c000.mmc: Got CD GPIO
[    1.439299] omap_hsmmc 4809c000.mmc: unable to get vmmc regulator -517
[    1.478979] ledtrig-cpu: registered to indicate activity on CPUs
[    1.486890] oprofile: using timer interrupt.
[    1.491794] Initializing XFRM netlink socket
[    1.496518] NET: Registered protocol family 10
[    1.503492] sit: IPv6 over IPv4 tunneling driver
[    1.509846] NET: Registered protocol family 17
[    1.514533] NET: Registered protocol family 15
[    1.519413] Key type dns_resolver registered
[    1.524009] omap_voltage_late_init: Voltage driver support not added
[    1.530675] sr_dev_init: Unable to get voltage domain pointer for VDD core
[    1.537862] sr_dev_init: Unable to get voltage domain pointer for VDD mpu
[    1.545635] Power Management for TI OMAP4+ devices.
[    1.551082] ThumbEE CPU extension supported.
[    1.555574] Registering SWP/SWPB emulation handler
[    1.560621] SmartReflex Class3 initialized
[    1.571969] omap-gpmc 50000000.gpmc: GPMC revision 6.0
[    1.577433] gpmc_mem_init: disabling cs 0 mapped at 0x0-0x1000000
[    1.584872] nand: No NAND device found
[    1.588829] omap2-nand omap2-nand.0: scan failed, may be bus-width mismatch
[    1.599702] palmas 0-0058: Irq flag is 0x00000000
[    1.621556] palmas 0-0058: Muxing GPIO 1d, PWM 0, LED 0
[    1.643369] mmc0: MAN_BKOPS_EN bit is not set
[    1.652045] mmc0: new high speed MMC card at address 0001
[    1.659397] mmcblk0: mmc0:0001 MMC08G 7.25 GiB 
[    1.664875] mmcblk0boot0: mmc0:0001 MMC08G partition 1 8.00 MiB
[    1.671763] mmcblk0boot1: mmc0:0001 MMC08G partition 2 8.00 MiB
[    1.686437] omap_i2c 48070000.i2c: bus 0 rev0.12 at 400 kHz
[    1.709763] omap_i2c 4807c000.i2c: bus 4 rev0.12 at 400 kHz
[    1.716173] omap_hsmmc 4809c000.mmc: Got CD GPIO
[    1.721631] omap_hsmmc 4809c000.mmc: unable to get vmmc regulator -517
[    1.768738] ata1: SATA link down (SStatus 0 SControl 300)
[    1.798717] davinci_mdio 48485000.mdio: davinci mdio revision 1.6
[    1.805107] davinci_mdio 48485000.mdio: detected phy mask fffffff7
[    1.815380] libphy: 48485000.mdio: probed
[    1.819616] davinci_mdio 48485000.mdio: phy[3]: device 48485000.mdio:03, driver unknown
[    1.828841] cpsw 48484000.ethernet: Detected MACID = 08:00:28:01:f6:7e
[    1.838030] hctosys: unable to open rtc device (rtc0)
[    1.843360] sr_init: No PMIC hook to init smartreflex
[    1.848888] sr_init: platform driver register failed for SR
[    1.901686] net eth0: initializing cpsw version 1.15 (0)
[    1.911253] omap_hsmmc 4809c000.mmc: Got CD GPIO
[    1.916667] omap_hsmmc 4809c000.mmc: unable to get vmmc regulator -517
[    1.931574] omap_hwmod: gpio6: _wait_target_disable failed
[    1.992687] net eth0: phy found : id is : 0x20005c7a
[    2.005860] IPv6: ADDRCONF(NETDEV_UP): eth0: link is not ready
[    4.995721] cpsw 48484000.ethernet eth0: Link is Up - 1Gbps/Full - flow control rx/tx
[    5.008749] IPv6: ADDRCONF(NETDEV_CHANGE): eth0: link becomes ready
[    5.028709] Sending DHCP requests ...... timed out!
[   77.849534] IP-Config: Reopening network devices...
[   77.854675] net eth0: initializing cpsw version 1.15 (0)
[   77.863944] omap_hsmmc 4809c000.mmc: Got CD GPIO
[   77.869351] omap_hsmmc 4809c000.mmc: unable to get vmmc regulator -517
[   77.942846] net eth0: phy found : id is : 0x20005c7a
[   77.953461] IPv6: ADDRCONF(NETDEV_UP): eth0: link is not ready
[   80.945852] cpsw 48484000.ethernet eth0: Link is Up - 1Gbps/Full - flow control rx/tx
[   80.958737] IPv6: ADDRCONF(NETDEV_CHANGE): eth0: link becomes ready
[   80.978707] Sending DHCP requests ......
URL:gtsystest.telogy.design.ti.com/vatf/tidfarm-01.dal.design.ti.com/tidfarm-01.dal.design.ti.com_vatf@dra72x-evm/tidfarm-01.dal.design.ti.com08_14_2015_06_06_49/files/session_iteration_1/test_1
