- 03:07:58 [INFO] Starting target session
- 03:07:58 [INFO] Connected to dra72x-evm via serial 
- 03:07:58 [INFO] Host: #check prompt
- 03:08:01 [ERROR] On command: #check prompt waiting for #check prompt.+?(?-mix:((?-mix:login:)|[Pp]assword)) >>> error: execution expired
- 03:08:01 [INFO] Target: 
#check prompt
root@dra7xx-evm:/test# 
- 03:08:01 [INFO] Host: #check prompt
- 03:08:02 [INFO] Target: 
#check prompt
root@dra7xx-evm:/test# 
- 03:08:02 [INFO] Host: sync;poweroff
- 03:08:10 [INFO] Target: 
sync;poweroff
Broadcast message from root@dra7xx-evm (ttyO0) (Tue Nov 2tng down for system halt NOW!
IStopping Dropbear SSH server: stopped /usr/sbin/dropbear (pid 1904)
dropbear.
Stopping telnet daemon.
Stopping tiipclad daemon.
Stopping system message bus: dbus.
Stopping syslogd/klogd: stopped syslogd (pid 1943)
stopped klogd (pid 1946)
done
Stopping thttpd.
Stopping Weston
stopping statd: done
ALSA: Storing mixer settings...
Stopping rpcbind daemon...
done.
Stopping Lighttpd Web Server: stopped /usr/sbin/lighttpd (pid 1957)
lighttpd.
NOT deconfiguring network interfaces: / is an NFS mount
Stopping Matrix GUI applicationstart-stop-daemon: warning: killing process 1965: No such process
***************************************************************
***************************************************************
NOTICE: This file system contains the followin GPLv3 packages:
	binutils
	elfutils
	gdbserver
	libdw1
	libelf1
	parted
If you do not wish to distribute GPLv3 components please remove
the above packages prior to distribution.  This can be done using
the opkg remove command.  i.e.:
    opkg remove <package>
Where <package> is the name printed in the list above
NOTE: If the package is a dependency of another package you
      will be notified of the dependent packages.  You should
      use the --force-removal-of-dependent-packages option to
      also remove the dependent packages as well
***************************************************************
***************************************************************
Sending all processes the TERM signal...
Error VT_WAITACTIVE failed
: Interrupted system call
Sending all processes the KILL signal...
Unmounting remote filesystems...
Deactivating swap...
Unmounting local filesystems...
[10904.574076] reboot: Power down
- 03:08:10 [INFO] Disconnected serial from dra72x-evm
- 03:08:46 [INFO] Connected to dra72x-evm via serial 
- 03:08:46 [INFO] Host: 
- 03:08:47 [INFO] Target: 
cpsw
Hit any key to stop autoboot:  1  0 
U-Boot# 
- 03:08:47 [INFO] Host: 
- 03:08:48 [INFO] Target: 
U-Boot# 
- 03:08:48 [INFO] Host: version
- 03:08:48 [INFO] Target: 
version
U-Boot 2014.07-00071-gaca0808 (Oct 02 2014 - 11:23:33)
arm-linux-gnueabihf-gcc (crosstool-NG linaro-1.13.1-4.7-2013.03-20130313 - Linaro GCC 2013.03) 4.7.3 20130226 (prerelease)
GNU ld (crosstool-NG linaro-1.13.1-4.7-2013.03-20130313 - Linaro GCC 2013.03) 2.23.1
U-Boot# 
- 03:08:48 [INFO] Host: setenv bootargs 'console=ttyO0,115200n8 earlyprintk rootwait '
- 03:08:49 [INFO] Target: 
setenv bootargs 'console=ttyO0,115200n8 earlyprintk rootwait '
U-Boot# 
- 03:08:49 [INFO] Host: setenv bootcmd  ''
- 03:08:49 [INFO] Target: 
setenv bootcmd  ''
U-Boot# 
- 03:08:49 [INFO] Host: setenv autoload 'no'
- 03:08:50 [INFO] Target: 
setenv autoload 'no'
U-Boot# 
- 03:08:50 [INFO] Host: setenv serverip '192.168.0.1'
- 03:08:50 [INFO] Target: 
setenv serverip '192.168.0.1'
U-Boot# 
- 03:08:50 [INFO] Host: printenv
- 03:08:51 [INFO] Target: 
printenv
arch=arm
autoload=no
baudrate=115200
board=dra7xx
board_name=dra72x
bootargs=console=ttyO0,115200n8 earlyprintk rootwait 
bootcmd=
bootdelay=1
bootdir=/boot
bootfile=zImage
bootm_size=0x10000000
bootpart=0:2
bootscript=echo Running bootscript from mmc${mmcdev} ...; source ${loadaddr}
console=ttyO0,115200n8
cpu=armv7
dfu_alt_info_emmc=MLO raw 0x100 0x100 mmcpart 0;u-boot.img raw 0x300 0x1000 mmcpart 0
dfu_alt_info_mmc=boot part 0 1;rootfs part 0 2;MLO fat 0 1;spl-os-args fat 0 1;spl-os-image fat 0 1;u-boot.img fat 0 1;uEnv.txt fat 0 1
dfu_alt_info_ram=kernel ram 0x80200000 0x4000000;fdt ram 0x80f80000 0x80000;ramdisk ram 0x81000000 0x4000000
dfu_bufsiz=0x10000
eth1addr=b4:99:4c:1b:f6:af
ethact=cpsw
ethaddr=b4:99:4c:1b:f6:ae
fdt_addr_r=0x88000000
fdtaddr=0x88000000
fdtfile=undefined
findfdt=if test $board_name = omap5_uevm; then setenv fdtfile omap5-uevm.dtb; fi; if test $board_name = dra7xx; then setenv fdtfile dra7-evm.dtb; fi;if test $board_name = dra72x; then setenv fdtfile dra72-evm.dtb; fi;if test $fdtfile = undefined; then echo WARNING: Could not determine device tree to use; fi; 
importbootenv=echo Importing environment from mmc${mmcdev} ...; env import -t ${loadaddr} ${filesize}
kernel_addr_r=0x82000000
loadaddr=0x82000000
loadbootenv=fatload mmc ${mmcdev} ${loadaddr} uEnv.txt
loadbootscript=fatload mmc ${mmcdev} ${loadaddr} boot.scr
loadfdt=load mmc ${bootpart} ${fdtaddr} ${bootdir}/${fdtfile};
loadimage=load mmc ${bootpart} ${loadaddr} ${bootdir}/${bootfile}
mmcargs=setenv bootargs console=${console} ${optargs} vram=${vram} root=${mmcroot} rootfstype=${mmcrootfstype}
mmcboot=mmc dev ${mmcdev}; if mmc rescan; then echo SD/MMC found on device ${mmcdev};if run loadbootenv; then echo Loaded environment from ${bootenv};run importbootenv;fi;if test -n $uenvcmd; then echo Running uenvcmd ...;run uenvcmd;fi;if run loadimage; then run loadfdt; echo Booting from mmc${mmcdev} ...; run mmcargs; bootz ${loadaddr} - ${fdtaddr}; fi;fi;
mmcdev=0
mmcroot=/dev/mmcblk1p2 rw
mmcrootfstype=ext4 rootwait
mtdids=nand0=nand.0
mtdparts=mtdparts=nand.0:128k(NAND.SPL),128k(NAND.SPL.backup1),128k(NAND.SPL.backup2),128k(NAND.SPL.backup3),256k(NAND.u-boot-spl-os),1m(NAND.u-boot),128k(NAND.u-boot-env),128k(NAND.u-boot-env.backup1),8m(NAND.kernel),-(NAND.file-system)
nandargs=setenv bootargs console=${console} ${optargs} root=${nandroot} rootfstype=${nandrootfstype}
nandboot=echo Booting from nand ...; run nandargs; nand read ${fdtaddr} NAND.u-boot-spl-os; nand read ${loadaddr} NAND.kernel; bootz ${loadaddr} - ${fdtaddr}
nandroot=ubi0:rootfs rw ubi.mtd=NAND.file-system,2048
nandrootfstype=ubifs rootwait=1
partitions=uuid_disk=${uuid_gpt_disk};name=rootfs,start=2MiB,size=-,uuid=${uuid_gpt_rootfs}
ramdisk_addr_r=0x88080000
rdaddr=0x88080000
scsidevs=0
serverip=192.168.0.1
soc=omap5
stderr=serial
stdin=serial
stdout=serial
usbtty=cdc_acm
vendor=ti
ver=U-Boot 2014.07-00071-gaca0808 (Oct 02 2014 - 11:23:33)
vram=16M
Environment size: 3057/131067 bytes
U-Boot# 
- 03:08:51 [INFO] Host: printenv
- 03:08:51 [INFO] Target: 
printenv
arch=arm
autoload=no
baudrate=115200
board=dra7xx
board_name=dra72x
bootargs=console=ttyO0,115200n8 earlyprintk rootwait 
bootcmd=
bootdelay=1
bootdir=/boot
bootfile=zImage
bootm_size=0x10000000
bootpart=0:2
bootscript=echo Running bootscript from mmc${mmcdev} ...; source ${loadaddr}
console=ttyO0,115200n8
cpu=armv7
dfu_alt_info_emmc=MLO raw 0x100 0x100 mmcpart 0;u-boot.img raw 0x300 0x1000 mmcpart 0
dfu_alt_info_mmc=boot part 0 1;rootfs part 0 2;MLO fat 0 1;spl-os-args fat 0 1;spl-os-image fat 0 1;u-boot.img fat 0 1;uEnv.txt fat 0 1
dfu_alt_info_ram=kernel ram 0x80200000 0x4000000;fdt ram 0x80f80000 0x80000;ramdisk ram 0x81000000 0x4000000
dfu_bufsiz=0x10000
eth1addr=b4:99:4c:1b:f6:af
ethact=cpsw
ethaddr=b4:99:4c:1b:f6:ae
fdt_addr_r=0x88000000
fdtaddr=0x88000000
fdtfile=undefined
findfdt=if test $board_name = omap5_uevm; then setenv fdtfile omap5-uevm.dtb; fi; if test $board_name = dra7xx; then setenv fdtfile dra7-evm.dtb; fi;if test $board_name = dra72x; then setenv fdtfile dra72-evm.dtb; fi;if test $fdtfile = undefined; then echo WARNING: Could not determine device tree to use; fi; 
importbootenv=echo Importing environment from mmc${mmcdev} ...; env import -t ${loadaddr} ${filesize}
kernel_addr_r=0x82000000
loadaddr=0x82000000
loadbootenv=fatload mmc ${mmcdev} ${loadaddr} uEnv.txt
loadbootscript=fatload mmc ${mmcdev} ${loadaddr} boot.scr
loadfdt=load mmc ${bootpart} ${fdtaddr} ${bootdir}/${fdtfile};
loadimage=load mmc ${bootpart} ${loadaddr} ${bootdir}/${bootfile}
mmcargs=setenv bootargs console=${console} ${optargs} vram=${vram} root=${mmcroot} rootfstype=${mmcrootfstype}
mmcboot=mmc dev ${mmcdev}; if mmc rescan; then echo SD/MMC found on device ${mmcdev};if run loadbootenv; then echo Loaded environment from ${bootenv};run importbootenv;fi;if test -n $uenvcmd; then echo Running uenvcmd ...;run uenvcmd;fi;if run loadimage; then run loadfdt; echo Booting from mmc${mmcdev} ...; run mmcargs; bootz ${loadaddr} - ${fdtaddr}; fi;fi;
mmcdev=0
mmcroot=/dev/mmcblk1p2 rw
mmcrootfstype=ext4 rootwait
mtdids=nand0=nand.0
mtdparts=mtdparts=nand.0:128k(NAND.SPL),128k(NAND.SPL.backup1),128k(NAND.SPL.backup2),128k(NAND.SPL.backup3),256k(NAND.u-boot-spl-os),1m(NAND.u-boot),128k(NAND.u-boot-env),128k(NAND.u-boot-env.backup1),8m(NAND.kernel),-(NAND.file-system)
nandargs=setenv bootargs console=${console} ${optargs} root=${nandroot} rootfstype=${nandrootfstype}
nandboot=echo Booting from nand ...; run nandargs; nand read ${fdtaddr} NAND.u-boot-spl-os; nand read ${loadaddr} NAND.kernel; bootz ${loadaddr} - ${fdtaddr}
nandroot=ubi0:rootfs rw ubi.mtd=NAND.file-system,2048
nandrootfstype=ubifs rootwait=1
partitions=uuid_disk=${uuid_gpt_disk};name=rootfs,start=2MiB,size=-,uuid=${uuid_gpt_rootfs}
ramdisk_addr_r=0x88080000
rdaddr=0x88080000
scsidevs=0
serverip=192.168.0.1
soc=omap5
stderr=serial
stdin=serial
stdout=serial
usbtty=cdc_acm
vendor=ti
ver=U-Boot 2014.07-00071-gaca0808 (Oct 02 2014 - 11:23:33)
vram=16M
Environment size: 3057/131067 bytes
U-Boot# 
- 03:08:51 [INFO] Host: setenv bootargs ''${bootargs}' ip=dhcp '
- 03:08:52 [INFO] Target: 
setenv bootargs ''${bootargs}' ip=dhcp '
U-Boot# 
- 03:08:52 [INFO] Host: setenv serverip '192.168.0.1'
- 03:08:52 [INFO] Target: 
setenv serverip '192.168.0.1'
U-Boot# 
- 03:08:52 [INFO] Host: setenv ipaddr dhcp
- 03:08:53 [INFO] Target: 
setenv ipaddr dhcp
U-Boot# 
- 03:08:53 [INFO] Host: setenv autoload 'no'
- 03:08:53 [INFO] Target: 
setenv autoload 'no'
U-Boot# 
- 03:08:53 [INFO] Host: dhcp
- 03:08:55 [INFO] Target: 
dhcp
link up on port 1, speed 1000, full duplex
BOOTP broadcast 1
DHCP client bound to address 192.168.0.152
U-Boot# 
- 03:08:55 [INFO] Host: setenv serverip '192.168.0.1'
- 03:08:55 [INFO] Target: 
setenv serverip '192.168.0.1'
U-Boot# 
- 03:08:55 [INFO] Host: tftp ${loadaddr} 192.168.0.1:vatf_j6eco-evm2/405b84412a256de597159d2c5731f8fe
- 03:08:56 [INFO] Target: 
tftp ${loadaddr} 192.168.0.1:vatf_j6eco-evm2/405b84412a256de597159d2c5731f8fe
link up on port 1, speed 1000, full duplex
Using cpsw device
TFTP from server 192.168.0.1; our IP address is 192.168.0.152
Filename 'vatf_j6eco-evm2/405b84412a256de597159d2c5731f8fe'.
Load address: 0x82000000
Loading: *#################################################################
	 #################################################################
	 #################################################################
	 #################################################################
	 ####################################################
	 11.2 MiB/s
done
Bytes transferred = 4573128 (45c7c8 hex)
U-Boot# 
- 03:08:56 [INFO] Host: tftp ${fdt_addr_r} 192.168.0.1:vatf_j6eco-evm2/d60d57d757bbb94bd619554e4537b4b3
- 03:08:56 [INFO] Target: 
tftp ${fdt_addr_r} 192.168.0.1:vatf_j6eco-evm2/d60d57d757bbb94bd619554e4537b4b3
link up on port 1, speed 1000, full duplex
Using cpsw device
TFTP from server 192.168.0.1; our IP address is 192.168.0.152
Filename 'vatf_j6eco-evm2/d60d57d757bbb94bd619554e4537b4b3'.
Load address: 0x88000000
Loading: *#####
	 8.3 MiB/s
done
Bytes transferred = 61103 (eeaf hex)
U-Boot# 
- 03:08:56 [INFO] Host: ls mmc 0:1
- 03:08:57 [INFO] Target: 
ls mmc 0:1
    73624   mlo 
     1164   readme 
   433092   u-boot.img 
      574   uenv.txt 
4 file(s), 0 dir(s)
U-Boot# 
- 03:08:57 [INFO] Host: ls mmc 0:2
- 03:08:57 [INFO] Target: 
ls mmc 0:2
<DIR>       4096 .
<DIR>       4096 ..
<DIR>       4096 bin
<DIR>       4096 boot
<DIR>       4096 dev
<DIR>       4096 etc
<DIR>       4096 home
<DIR>       4096 lib
<DIR>       4096 media
<DIR>       4096 mnt
<DIR>       4096 opt
<DIR>       4096 proc
<DIR>       4096 run
<DIR>       4096 sbin
<DIR>       4096 srv
<DIR>       4096 sys
<SYM>          8 tmp
<DIR>       4096 usr
<DIR>       4096 var
<DIR>       4096 www
<DIR>       4096 test
U-Boot# 
- 03:08:57 [INFO] Host: part uuid mmc 0:2
- 03:08:58 [INFO] Target: 
part uuid mmc 0:2
00000000-02
U-Boot# 
- 03:08:58 [INFO] Host: printenv
- 03:08:58 [INFO] Target: 
printenv
arch=arm
autoload=no
baudrate=115200
board=dra7xx
board_name=dra72x
bootargs=console=ttyO0,115200n8 earlyprintk rootwait  ip=dhcp 
bootcmd=
bootdelay=1
bootdir=/boot
bootfile=zImage
bootm_size=0x10000000
bootpart=0:2
bootscript=echo Running bootscript from mmc${mmcdev} ...; source ${loadaddr}
console=ttyO0,115200n8
cpu=armv7
dfu_alt_info_emmc=MLO raw 0x100 0x100 mmcpart 0;u-boot.img raw 0x300 0x1000 mmcpart 0
dfu_alt_info_mmc=boot part 0 1;rootfs part 0 2;MLO fat 0 1;spl-os-args fat 0 1;spl-os-image fat 0 1;u-boot.img fat 0 1;uEnv.txt fat 0 1
dfu_alt_info_ram=kernel ram 0x80200000 0x4000000;fdt ram 0x80f80000 0x80000;ramdisk ram 0x81000000 0x4000000
dfu_bufsiz=0x10000
dnsip=192.0.2.2
dnsip2=192.0.2.3
eth1addr=b4:99:4c:1b:f6:af
ethact=cpsw
ethaddr=b4:99:4c:1b:f6:ae
fdt_addr_r=0x88000000
fdtaddr=0x88000000
fdtfile=undefined
fileaddr=88000000
filesize=eeaf
findfdt=if test $board_name = omap5_uevm; then setenv fdtfile omap5-uevm.dtb; fi; if test $board_name = dra7xx; then setenv fdtfile dra7-evm.dtb; fi;if test $board_name = dra72x; then setenv fdtfile dra72-evm.dtb; fi;if test $fdtfile = undefined; then echo WARNING: Could not determine device tree to use; fi; 
gatewayip=192.168.0.1
importbootenv=echo Importing environment from mmc${mmcdev} ...; env import -t ${loadaddr} ${filesize}
ipaddr=192.168.0.152
kernel_addr_r=0x82000000
loadaddr=0x82000000
loadbootenv=fatload mmc ${mmcdev} ${loadaddr} uEnv.txt
loadbootscript=fatload mmc ${mmcdev} ${loadaddr} boot.scr
loadfdt=load mmc ${bootpart} ${fdtaddr} ${bootdir}/${fdtfile};
loadimage=load mmc ${bootpart} ${loadaddr} ${bootdir}/${bootfile}
mmcargs=setenv bootargs console=${console} ${optargs} vram=${vram} root=${mmcroot} rootfstype=${mmcrootfstype}
mmcboot=mmc dev ${mmcdev}; if mmc rescan; then echo SD/MMC found on device ${mmcdev};if run loadbootenv; then echo Loaded environment from ${bootenv};run importbootenv;fi;if test -n $uenvcmd; then echo Running uenvcmd ...;run uenvcmd;fi;if run loadimage; then run loadfdt; echo Booting from mmc${mmcdev} ...; run mmcargs; bootz ${loadaddr} - ${fdtaddr}; fi;fi;
mmcdev=0
mmcroot=/dev/mmcblk1p2 rw
mmcrootfstype=ext4 rootwait
mtdids=nand0=nand.0
mtdparts=mtdparts=nand.0:128k(NAND.SPL),128k(NAND.SPL.backup1),128k(NAND.SPL.backup2),128k(NAND.SPL.backup3),256k(NAND.u-boot-spl-os),1m(NAND.u-boot),128k(NAND.u-boot-env),128k(NAND.u-boot-env.backup1),8m(NAND.kernel),-(NAND.file-system)
nandargs=setenv bootargs console=${console} ${optargs} root=${nandroot} rootfstype=${nandrootfstype}
nandboot=echo Booting from nand ...; run nandargs; nand read ${fdtaddr} NAND.u-boot-spl-os; nand read ${loadaddr} NAND.kernel; bootz ${loadaddr} - ${fdtaddr}
nandroot=ubi0:rootfs rw ubi.mtd=NAND.file-system,2048
nandrootfstype=ubifs rootwait=1
netmask=255.255.255.0
partitions=uuid_disk=${uuid_gpt_disk};name=rootfs,start=2MiB,size=-,uuid=${uuid_gpt_rootfs}
ramdisk_addr_r=0x88080000
rdaddr=0x88080000
scsidevs=0
serverip=192.168.0.1
soc=omap5
stderr=serial
stdin=serial
stdout=serial
usbtty=cdc_acm
vendor=ti
ver=U-Boot 2014.07-00071-gaca0808 (Oct 02 2014 - 11:23:33)
vram=16M
Environment size: 3210/131067 bytes
U-Boot# 
- 03:08:58 [INFO] Host: setenv bootargs ''${bootargs}' root=PARTUUID=00000000-02 rw rootfstype=ext4 rootwait '
- 03:08:59 [INFO] Target: 
setenv bootargs ''${bootargs}' root=PARTUUID=00000000-02 rw rootfstype=ext4 rootwait '
U-Boot# 
- 03:08:59 [INFO] Host: printenv
- 03:08:59 [INFO] Target: 
printenv
arch=arm
autoload=no
baudrate=115200
board=dra7xx
board_name=dra72x
bootargs=console=ttyO0,115200n8 earlyprintk rootwait  ip=dhcp  root=PARTUUID=00000000-02 rw rootfstype=ext4 rootwait 
bootcmd=
bootdelay=1
bootdir=/boot
bootfile=zImage
bootm_size=0x10000000
bootpart=0:2
bootscript=echo Running bootscript from mmc${mmcdev} ...; source ${loadaddr}
console=ttyO0,115200n8
cpu=armv7
dfu_alt_info_emmc=MLO raw 0x100 0x100 mmcpart 0;u-boot.img raw 0x300 0x1000 mmcpart 0
dfu_alt_info_mmc=boot part 0 1;rootfs part 0 2;MLO fat 0 1;spl-os-args fat 0 1;spl-os-image fat 0 1;u-boot.img fat 0 1;uEnv.txt fat 0 1
dfu_alt_info_ram=kernel ram 0x80200000 0x4000000;fdt ram 0x80f80000 0x80000;ramdisk ram 0x81000000 0x4000000
dfu_bufsiz=0x10000
dnsip=192.0.2.2
dnsip2=192.0.2.3
eth1addr=b4:99:4c:1b:f6:af
ethact=cpsw
ethaddr=b4:99:4c:1b:f6:ae
fdt_addr_r=0x88000000
fdtaddr=0x88000000
fdtfile=undefined
fileaddr=88000000
filesize=eeaf
findfdt=if test $board_name = omap5_uevm; then setenv fdtfile omap5-uevm.dtb; fi; if test $board_name = dra7xx; then setenv fdtfile dra7-evm.dtb; fi;if test $board_name = dra72x; then setenv fdtfile dra72-evm.dtb; fi;if test $fdtfile = undefined; then echo WARNING: Could not determine device tree to use; fi; 
gatewayip=192.168.0.1
importbootenv=echo Importing environment from mmc${mmcdev} ...; env import -t ${loadaddr} ${filesize}
ipaddr=192.168.0.152
kernel_addr_r=0x82000000
loadaddr=0x82000000
loadbootenv=fatload mmc ${mmcdev} ${loadaddr} uEnv.txt
loadbootscript=fatload mmc ${mmcdev} ${loadaddr} boot.scr
loadfdt=load mmc ${bootpart} ${fdtaddr} ${bootdir}/${fdtfile};
loadimage=load mmc ${bootpart} ${loadaddr} ${bootdir}/${bootfile}
mmcargs=setenv bootargs console=${console} ${optargs} vram=${vram} root=${mmcroot} rootfstype=${mmcrootfstype}
mmcboot=mmc dev ${mmcdev}; if mmc rescan; then echo SD/MMC found on device ${mmcdev};if run loadbootenv; then echo Loaded environment from ${bootenv};run importbootenv;fi;if test -n $uenvcmd; then echo Running uenvcmd ...;run uenvcmd;fi;if run loadimage; then run loadfdt; echo Booting from mmc${mmcdev} ...; run mmcargs; bootz ${loadaddr} - ${fdtaddr}; fi;fi;
mmcdev=0
mmcroot=/dev/mmcblk1p2 rw
mmcrootfstype=ext4 rootwait
mtdids=nand0=nand.0
mtdparts=mtdparts=nand.0:128k(NAND.SPL),128k(NAND.SPL.backup1),128k(NAND.SPL.backup2),128k(NAND.SPL.backup3),256k(NAND.u-boot-spl-os),1m(NAND.u-boot),128k(NAND.u-boot-env),128k(NAND.u-boot-env.backup1),8m(NAND.kernel),-(NAND.file-system)
nandargs=setenv bootargs console=${console} ${optargs} root=${nandroot} rootfstype=${nandrootfstype}
nandboot=echo Booting from nand ...; run nandargs; nand read ${fdtaddr} NAND.u-boot-spl-os; nand read ${loadaddr} NAND.kernel; bootz ${loadaddr} - ${fdtaddr}
nandroot=ubi0:rootfs rw ubi.mtd=NAND.file-system,2048
nandrootfstype=ubifs rootwait=1
netmask=255.255.255.0
partitions=uuid_disk=${uuid_gpt_disk};name=rootfs,start=2MiB,size=-,uuid=${uuid_gpt_rootfs}
ramdisk_addr_r=0x88080000
rdaddr=0x88080000
scsidevs=0
serverip=192.168.0.1
soc=omap5
stderr=serial
stdin=serial
stdout=serial
usbtty=cdc_acm
vendor=ti
ver=U-Boot 2014.07-00071-gaca0808 (Oct 02 2014 - 11:23:33)
vram=16M
Environment size: 3265/131067 bytes
U-Boot# 
- 03:08:59 [INFO] Host: setenv bootcmd ''${bootcmd}' if iminfo ${loadaddr}; then bootm ${loadaddr} - ${fdt_addr_r}; else bootz ${loadaddr} - ${fdt_addr_r}; bootm ${loadaddr} - ${fdt_addr_r}; fi'
- 03:09:00 [INFO] Target: 
setenv bootcmd ''${bootcmd}' if iminfo ${loadaddr}; then bootm ${loadaddr} - ${fdt_addr_r}; else bootz ${loadaddr} - ${fdt_addr_r}; bootm ${loadaddr} - ${fdt_addr_r}; fi'
U-Boot# 
- 03:09:00 [INFO] Host: bdinfo
- 03:09:00 [INFO] Target: 
bdinfo
arch_number = 0x00000000
boot_params = 0x80000100
DRAM bank   = 0x00000000
-> start    = 0x80000000
-> size     = 0x40000000
eth0name    = cpsw
ethaddr     = b4:99:4c:1b:f6:ae
current eth = cpsw
ip_addr     = 192.168.0.152
baudrate    = 115200 bps
TLB addr    = 0xBFFF0000
relocaddr   = 0xBF744000
reloc off   = 0x3EF44000
irq_sp      = 0xBE723EE0
sp start    = 0xBE723ED0
U-Boot# 
- 03:09:00 [INFO] Host: boot
- 03:11:30 [ERROR] On command: boot waiting for boot.+?(?-mix:login:) >>> error: execution expired
- 03:11:30 [INFO] Target: 
boot
## Checking Image at 82000000 ...
Unknown image format!
Kernel image @ 0x82000000 [ 0x000000 - 0x45c7c8 ]
## Flattened Device Tree blob at 88000000
   Booting using the fdt blob at 0x88000000
   Loading Device Tree to 8ffee000, end 8ffffeae ... OK
Starting kernel ...
[    0.000000] Booting Linux on physical CPU 0x0
[    0.000000] Initializing cgroup subsys cpuset
[    0.000000] Initializing cgroup subsys cpu
[    0.000000] Initializing cgroup subsys cpuacct
[    0.000000] Linux version 3.18.0-00002-ge2b0d6b (nmenon@kahuna) (gcc version 4.6.3 (Ubuntu/Linaro 4.6.3-1ubuntu5) ) #1 SMP Mon Dec 8 02:03:20 CST 2014
[    0.000000] CPU: ARMv7 Processor [412fc0f2] revision 2 (ARMv7), cr=10c5387d
[    0.000000] CPU: PIPT / VIPT nonaliasing data cache, PIPT instruction cache
[    0.000000] Machine model: TI DRA722
[    0.000000] cma: Reserved 16 MiB at 0xbe800000
[    0.000000] Memory policy: Data cache writealloc
[    0.000000] DRA722 ES1.0
[    0.000000] PERCPU: Embedded 11 pages/cpu @eefa2000 s14976 r8192 d21888 u45056
[    0.000000] Built 1 zonelists in Zone order, mobility grouping on.  Total pages: 260368
[    0.000000] Kernel command line: console=ttyO0,115200n8 earlyprintk rootwait  ip=dhcp  root=PARTUUID=00000000-02 rw rootfstype=ext4 rootwait 
[    0.000000] PID hash table entries: 4096 (order: 2, 16384 bytes)
[    0.000000] Dentry cache hash table entries: 131072 (order: 7, 524288 bytes)
[    0.000000] Inode-cache hash table entries: 65536 (order: 6, 262144 bytes)
[    0.000000] allocated 2095104 bytes of page_cgroup
[    0.000000] please try 'cgroup_disable=memory' option if you don't want memory cgroups
[    0.000000] Memory: 1002120K/1047552K available (5983K kernel code, 671K rwdata, 2280K rodata, 412K init, 8226K bss, 45432K reserved, 252928K highmem)
[    0.000000] Virtual kernel memory layout:
[    0.000000]     vector  : 0xffff0000 - 0xffff1000   (   4 kB)
[    0.000000]     fixmap  : 0xffc00000 - 0xffe00000   (2048 kB)
[    0.000000]     vmalloc : 0xf0000000 - 0xff000000   ( 240 MB)
[    0.000000]     lowmem  : 0xc0000000 - 0xef800000   ( 760 MB)
[    0.000000]     pkmap   : 0xbfe00000 - 0xc0000000   (   2 MB)
[    0.000000]     modules : 0xbf000000 - 0xbfe00000   (  14 MB)
[    0.000000]       .text : 0xc0008000 - 0xc081a0c4   (8265 kB)
[    0.000000]       .init : 0xc081b000 - 0xc0882000   ( 412 kB)
[    0.000000]       .data : 0xc0882000 - 0xc0929c58   ( 672 kB)
[    0.000000]        .bss : 0xc0929c58 - 0xc1132538   (8227 kB)
[    0.000000] Hierarchical RCU implementation.
[    0.000000] 	RCU restricting CPUs from NR_CPUS=2 to nr_cpu_ids=1.
[    0.000000] RCU: Adjusting geometry for rcu_fanout_leaf=16, nr_cpu_ids=1
[    0.000000] NR_IRQS:16 nr_irqs:16 16
[    0.000000] GIC CPU mask not found - kernel will fail to boot.
[    0.000000] GIC CPU mask not found - kernel will fail to boot.
[    0.000000] omap3_noncore_dpll_set_rate: dpll_gpu_ck: final rate 22574257 does not match desired rate 22579200
[    0.000000] OMAP clockevent source: timer1 at 32768 Hz
[    0.000030] sched_clock: 32 bits at 32kHz, resolution 30517ns, wraps every 65536000000000ns
[    0.000030] OMAP clocksource: 32k_counter at 32768 Hz
[    0.000457] Architected cp15 timer(s) running at 6.14MHz (virt).
[    0.000493] sched_clock: 56 bits at 6MHz, resolution 162ns, wraps every 2796202663936ns
[    0.000504] Switching to timer-based delay loop, resolution 162ns
[    0.001513] Console: colour dummy device 80x30
[    0.001545] Lock dependency validator: Copyright (c) 2006 Red Hat, Inc., Ingo Molnar
[    0.001551] ... MAX_LOCKDEP_SUBCLASSES:  8
[    0.001557] ... MAX_LOCK_DEPTH:          48
[    0.001563] ... MAX_LOCKDEP_KEYS:        8191
[    0.001569] ... CLASSHASH_SIZE:          4096
[    0.001575] ... MAX_LOCKDEP_ENTRIES:     32768
[    0.001581] ... MAX_LOCKDEP_CHAINS:      65536
[    0.001586] ... CHAINHASH_SIZE:          32768
[    0.001592]  memory used by lock dependency info: 5167 kB
[    0.001598]  per task-struct memory footprint: 1152 bytes
[    0.001616] Calibrating delay loop (skipped), value calculated using timer frequency.. 12.28 BogoMIPS (lpj=61440)
[    0.001628] pid_max: default: 32768 minimum: 301
[    0.001879] Security Framework initialized
[    0.001986] Mount-cache hash table entries: 2048 (order: 1, 8192 bytes)
[    0.001998] Mountpoint-cache hash table entries: 2048 (order: 1, 8192 bytes)
[    0.003829] Initializing cgroup subsys memory
[    0.003868] Initializing cgroup subsys devices
[    0.003922] Initializing cgroup subsys freezer
[    0.003972] Initializing cgroup subsys blkio
[    0.004025] Initializing cgroup subsys perf_event
[    0.004079] CPU: Testing write buffer coherency: ok
[    0.004886] /cpus/cpu@0 missing clock-frequency property
[    0.004898] CPU0: thread -1, cpu 0, socket 0, mpidr 80000000
[    0.004948] Setting up static identity map for 0x805ab668 - 0x805ab6d8
[    0.007276] Brought up 1 CPUs
[    0.007286] SMP: Total of 1 processors activated.
[    0.007293] CPU: All CPU(s) started in SVC mode.
[    0.009095] devtmpfs: initialized
[    0.010969] VFP support v0.3: implementor 41 architecture 4 part 30 variant f rev 0
[    0.011065] omap_hwmod: l3_main_2 using broken dt data from ocp
[    0.027810] ------------[ cut here ]------------
[    0.027825] WARNING: CPU: 0 PID: 1 at arch/arm/mach-omap2/omap_hwmod.c:2542 _init+0x1c0/0x3e0()
[    0.027833] omap_hwmod: gmac: doesn't have mpu register target base
[    0.027839] Modules linked in:
[    0.027853] CPU: 0 PID: 1 Comm: swapper/0 Not tainted 3.18.0-00002-ge2b0d6b #1
[    0.027877] [<c0015190>] (unwind_backtrace) from [<c00118f4>] (show_stack+0x10/0x14)
[    0.027893] [<c00118f4>] (show_stack) from [<c05a31f4>] (dump_stack+0x78/0x94)
[    0.027906] [<c05a31f4>] (dump_stack) from [<c003feb8>] (warn_slowpath_common+0x6c/0x8c)
[    0.027917] [<c003feb8>] (warn_slowpath_common) from [<c003ff6c>] (warn_slowpath_fmt+0x30/0x40)
[    0.027929] [<c003ff6c>] (warn_slowpath_fmt) from [<c0828614>] (_init+0x1c0/0x3e0)
[    0.027941] [<c0828614>] (_init) from [<c00287a4>] (omap_hwmod_for_each+0x34/0x5c)
[    0.027953] [<c00287a4>] (omap_hwmod_for_each) from [<c0828d9c>] (__omap_hwmod_setup_all+0x24/0x40)
[    0.027964] [<c0828d9c>] (__omap_hwmod_setup_all) from [<c00089c4>] (do_one_initcall+0x80/0x1cc)
[    0.027978] [<c00089c4>] (do_one_initcall) from [<c081be18>] (kernel_init_freeable+0x1b8/0x28c)
[    0.027991] [<c081be18>] (kernel_init_freeable) from [<c059e47c>] (kernel_init+0x8/0xe4)
[    0.028002] [<c059e47c>] (kernel_init) from [<c000e668>] (ret_from_fork+0x14/0x2c)
[    0.028042] ---[ end trace eb3428b708f845de ]---
[    0.084546] ------------[ cut here ]------------
[    0.084559] WARNING: CPU: 0 PID: 1 at arch/arm/mach-omap2/omap_hwmod.c:2542 _init+0x1c0/0x3e0()
[    0.084566] omap_hwmod: rtcss: doesn't have mpu register target base
[    0.084572] Modules linked in:
[    0.084584] CPU: 0 PID: 1 Comm: swapper/0 Tainted: G        W      3.18.0-00002-ge2b0d6b #1
[    0.084601] [<c0015190>] (unwind_backtrace) from [<c00118f4>] (show_stack+0x10/0x14)
[    0.084614] [<c00118f4>] (show_stack) from [<c05a31f4>] (dump_stack+0x78/0x94)
[    0.084626] [<c05a31f4>] (dump_stack) from [<c003feb8>] (warn_slowpath_common+0x6c/0x8c)
[    0.084637] [<c003feb8>] (warn_slowpath_common) from [<c003ff6c>] (warn_slowpath_fmt+0x30/0x40)
[    0.084648] [<c003ff6c>] (warn_slowpath_fmt) from [<c0828614>] (_init+0x1c0/0x3e0)
[    0.084659] [<c0828614>] (_init) from [<c00287a4>] (omap_hwmod_for_each+0x34/0x5c)
[    0.084671] [<c00287a4>] (omap_hwmod_for_each) from [<c0828d9c>] (__omap_hwmod_setup_all+0x24/0x40)
[    0.084681] [<c0828d9c>] (__omap_hwmod_setup_all) from [<c00089c4>] (do_one_initcall+0x80/0x1cc)
[    0.084694] [<c00089c4>] (do_one_initcall) from [<c081be18>] (kernel_init_freeable+0x1b8/0x28c)
[    0.084706] [<c081be18>] (kernel_init_freeable) from [<c059e47c>] (kernel_init+0x8/0xe4)
[    0.084717] [<c059e47c>] (kernel_init) from [<c000e668>] (ret_from_fork+0x14/0x2c)
[    0.084724] ---[ end trace eb3428b708f845df ]---
[    0.123952] omap_hwmod: dss_core: _wait_target_disable failed
[    0.123966] omap_hwmod: dss_core: cannot be enabled for reset (3)
[    0.126537] omap_hwmod: dss_dispc: cannot be enabled for reset (3)
[    0.129108] omap_hwmod: dss_hdmi: cannot be enabled for reset (3)
[    0.201189] omap_hwmod: pcie1: _wait_target_disable failed
[    0.207581] omap_hwmod: pcie2: _wait_target_disable failed
[    0.210622] pinctrl core: initialized pinctrl subsystem
[    0.212399] regulator-dummy: no parameters
[    0.257271] NET: Registered protocol family 16
[    0.260715] DMA: preallocated 256 KiB pool for atomic coherent allocations
[    0.262127] cpuidle: using governor ladder
[    0.262144] cpuidle: using governor menu
[    0.270119] OMAP GPIO hardware version 0.1
[    0.285628] platform 4e000000.dmm: Cannot lookup hwmod 'dmm'
[    0.292638] No ATAGs?
[    0.292680] hw-breakpoint: found 5 (+1 reserved) breakpoint and 4 watchpoint registers.
[    0.292688] hw-breakpoint: maximum watchpoint size is 8 bytes.
[    0.294737] OMAP DMA hardware revision 0.0
[    0.337246] omap-dma-engine 4a056000.dma-controller: OMAP DMA engine driver
[    0.339814] SCSI subsystem initialized
[    0.340333] usbcore: registered new interface driver usbfs
[    0.340459] usbcore: registered new interface driver hub
[    0.340542] usbcore: registered new device driver usb
[    0.341239] omap_i2c 48070000.i2c: could not find pctldev for node /ocp/pinmux@4a003400/pinmux_i2c1_pins, deferring probe
[    0.341262] platform 48070000.i2c: Driver omap_i2c requests probe deferral
[    0.343948] Switched to clocksource arch_sys_counter
[    0.445289] NET: Registered protocol family 2
[    0.446330] TCP established hash table entries: 8192 (order: 3, 32768 bytes)
[    0.446528] TCP bind hash table entries: 8192 (order: 6, 294912 bytes)
[    0.448828] TCP: Hash tables configured (established 8192 bind 8192)
[    0.448963] TCP: reno registered
[    0.448984] UDP hash table entries: 512 (order: 3, 40960 bytes)
[    0.449294] UDP-Lite hash table entries: 512 (order: 3, 40960 bytes)
[    0.450270] NET: Registered protocol family 1
[    0.451177] RPC: Registered named UNIX socket transport module.
[    0.451187] RPC: Registered udp transport module.
[    0.451195] RPC: Registered tcp transport module.
[    0.451202] RPC: Registered tcp NFSv4.1 backchannel transport module.
[    0.452336] hw perfevents: enabled with armv7_cortex_a15 PMU driver, 7 counters available
[    0.455487] futex hash table entries: 256 (order: 2, 16384 bytes)
[    0.455637] audit: initializing netlink subsys (disabled)
[    0.455726] audit: type=2000 audit(0.450:1): initialized
[    0.458376] VFS: Disk quotas dquot_6.5.2
[    0.458474] Dquot-cache hash table entries: 1024 (order 0, 4096 bytes)
[    0.459926] NFS: Registering the id_resolver key type
[    0.460136] Key type id_resolver registered
[    0.460145] Key type id_legacy registered
[    0.460250] jffs2: version 2.2. (NAND) (SUMMARY)   2001-2006 Red Hat, Inc.
[    0.460593] msgmni has been set to 1463
[    0.462955] bounce: pool size: 64 pages
[    0.463004] io scheduler noop registered
[    0.463020] io scheduler deadline registered
[    0.463068] io scheduler cfq registered (default)
[    0.470146] pinctrl-single 4a003400.pinmux: 281 pins at pa fc003400 size 1124
[    0.472128] pbias_mmc_omap5: 1800 <--> 3000 mV at 3000 mV 
[    0.473043] abb_mpu: 1060 <--> 1210 mV 
[    0.473669] abb_ivahd: 1055 <--> 1250 mV 
[    0.474302] abb_dspeve: 1055 <--> 1250 mV 
[    0.474887] abb_gpu: 1090 <--> 1280 mV 
[    0.475991] Serial: 8250/16550 driver, 4 ports, IRQ sharing enabled
[    0.479753] omap_uart 4806a000.serial: no wakeirq for uart0
[    0.480042] omap_uart 4806a000.serial: ttyO0 at MMIO 0x4806a000 (irq = 295, base_baud = 3000000) is a OMAP UART0
[    1.547564] console [ttyO0] enabled
[    1.567759] brd: module loaded
[    1.579995] loop: module loaded
[    1.585225] mtdoops: mtd device (mtddev=name/number) must be supplied
[    1.594426] usbcore: registered new interface driver asix
[    1.600160] usbcore: registered new interface driver ax88179_178a
[    1.606633] usbcore: registered new interface driver cdc_ether
[    1.612858] usbcore: registered new interface driver smsc95xx
[    1.618971] usbcore: registered new interface driver net1080
[    1.624988] usbcore: registered new interface driver cdc_subset
[    1.631257] usbcore: registered new interface driver zaurus
[    1.637241] usbcore: registered new interface driver cdc_ncm
[    1.643770] usbcore: registered new interface driver cdc_wdm
[    1.649824] usbcore: registered new interface driver usb-storage
[    1.656239] usbcore: registered new interface driver usbtest
[    1.663392] mousedev: PS/2 mouse device common for all mice
[    1.670819] i2c /dev entries driver
[    1.674523] Driver for 1-wire Dallas network protocol.
[    1.681792] ledtrig-cpu: registered to indicate activity on CPUs
[    1.688423] usbcore: registered new interface driver usbhid
[    1.694262] usbhid: USB HID core driver
[    1.699829] oprofile: using timer interrupt.
[    1.704662] TCP: cubic registered
[    1.708141] Initializing XFRM netlink socket
[    1.712661] NET: Registered protocol family 17
[    1.717370] NET: Registered protocol family 15
[    1.722195] Key type dns_resolver registered
[    1.726810] omap_voltage_late_init: Voltage driver support not added
[    1.733464] sr_dev_init: Unable to get voltage domain pointer for VDD core
[    1.740664] sr_dev_init: Unable to get voltage domain pointer for VDD mpu
[    1.748356] Power Management for TI OMAP4+ devices.
[    1.753758] ThumbEE CPU extension supported.
[    1.758285] Registering SWP/SWPB emulation handler
[    1.763314] SmartReflex Class3 initialized
[    1.774280] palmas 0-0058: Irq flag is 0x00000000
[    1.784427] palmas 0-0058: Muxing GPIO 1d, PWM 0, LED 0
[    1.792737] smps1: 850 <--> 1250 mV at 1060 mV 
[    1.799430] smps2: 850 <--> 1030 mV at 1030 mV 
[    1.806081] smps3: 850 <--> 1250 mV at 1060 mV 
[    1.812652] smps4: 1800 mV 
[    1.817465] smps5: 1350 mV 
[    1.822167] ldo1: 1800 <--> 3300 mV at 3000 mV 
[    1.828225] ldo2: 1800 <--> 3300 mV 
[    1.834060] ldo3: 1800 mV 
[    1.839073] ldo4: 3300 mV 
[    1.844025] ldo5: 1800 mV 
[    1.847877] REGEN1: no parameters
[    1.851764] REGEN2: no parameters
[    1.855660] REGEN3: no parameters
[    1.859382] omap_i2c 48070000.i2c: bus 0 rev0.12 at 400 kHz
[    1.866437] drivers/rtc/hctosys.c: unable to open rtc device (rtc0)
[    1.873014] sr_init: No PMIC hook to init smartreflex
[    1.878476] sr_init: platform driver register failed for SR
[   14.044601] ldo4: disabling
[   14.048319] ldo1: disabling
[   14.051618] pbias_mmc_omap5: disabling
[   14.057557] Waiting for root device PARTUUID=00000000-02...
URL:gtsystest.telogy.design.ti.com/vatf/tigtfarm07/tigtfarm07_vatf@j6eco-evm2/tigtfarm0712_08_2014_03_07_58/files/session_iteration_1/test_1
