- 13:12:40 [INFO] Starting target session
- 13:12:40 [INFO] Connected to dra72x-evm via serial 
- 13:12:40 [INFO] Host: #check prompt
- 13:12:43 [ERROR] On command: #check prompt waiting for #check prompt.+?(?-mix:((?-mix:login:)|[Pp]assword)) >>> error: execution expired
- 13:12:43 [INFO] Target: 
#check prompt
root@dra7xx-evm:/test# 
- 13:12:43 [INFO] Host: #check prompt
- 13:12:43 [INFO] Target: 
#check prompt
root@dra7xx-evm:/test# 
- 13:12:43 [INFO] Host: sync;poweroff
- 13:12:54 [INFO] Target: 
sync;poweroff
Broadcast message from root@dra7xx-evm (ttyS0) (Tue Feb 16 23:14:33 2016):
The system is going down for system halt NOW!
INIT: Switching UIM SYSFS Node Not Found
Stopping Dropbear SSH server: stopped /usr/sbin/dropbear (pid 758)
dropbear.
Stopping telnet daemon.
Stopping tiipclad daemon.
 * Stopping Avahi mDNS/DNS-SD Daemon: avahi-daemon
[A[74G[ ok ]
Stopping system message bus: dbus.
Stopping syslogd/klogd: Error opening /dev/fb0: No such file or directory
stopped syslogd (pid 784)
stopped klogd (pid 786)
done
Stopping thttpd.
Stopping Weston
stopping statd: done
Stopping Telephony daemon
Stopping random number generator daemon.
ALSA: Storing mixer settings...
/usr/sbin/alsactl: save_state:1590: No soundcards found...
Stopping rpcbind daemon...
done.
Stopping Lighttpd Web Server: stopped /usr/sbin/lighttpd (pid 813)
lighttpd.
Deconfiguring network interfaces... done.
Stopping Matrix GUI applicationstart-stop-daemon: warning: killing process 821: No such process
Disabling thermal zones...
***************************************************************
***************************************************************
NOTICE: This file system contains the following GPLv3 packages:
	autoconf
	binutils-dev
	binutils
	bison-dev
	bison
	cpp-symlinks
	cpp
	g++-symlinks
	g++
	gawk-dev
	gawk
	gcc-symlinks
	gcc
	gdb
	gdbc6x
	gdbserver
	gstreamer1.0-libav
	libgmp10
	libmpc3
	libmpfr4
	make
	parted
	swig-dev
	swig
If you do not wish to distribute GPLv3 components please remove
the above packages prior to distribution.  This can be done using
the opkg remove command.  i.e.:
    opkg remove <package>
Where <package> is the name printed in the list above
NOTE: If the package is a dependency of another package you
      will be notified of the dependent packages.  You should
      use the --force-removal-of-dependent-packages option to
      also remove the dependent packages as well
***************************************************************
***************************************************************
Sending all processes the TERM signal...
Sending all processes the KILL signal...
Unmounting remote filesystems...
Deactivating swap...
Unmounting local filesystems...
[ 7340.120926] EXT4-fs (mmcblk1p2): re-mounted. Opts: (null)
[ 7342.530917] reboot: Power down
- 13:12:54 [INFO] Disconnected serial from dra72x-evm
- 13:12:55 [INFO] Connected to dra72x-evm via serial 
- 13:12:55 [INFO] Host: 
- 13:12:57 [INFO] Target: 
U-Boot SPL 2016.05-00229-gb4e185a (Jun 02 2016 - 06:35:56)
DRA722-GP ES1.0
Trying to boot from MMC1
reading args
spl_load_image_fat_os: error reading image args, err - -1
reading u-boot.img
reading u-boot.img
reading u-boot.img
reading u-boot.img
U-Boot 2016.05-00229-gb4e185a (Jun 02 2016 - 06:35:56 -0500), Build: jenkins-ti-uboot-compile-test-126
CPU  : DRA722-GP ES1.0
Model: TI DRA722
Board: DRA72x EVM REV <NULL>
I2C:   ready
DRAM:  1 GiB
MMC:   OMAP SD/MMC: 0, OMAP SD/MMC: 1
*** Warning - bad CRC, using default environment
SCSI:  SATA link 0 timeout.
AHCI 0001.0300 32 slots 1 ports 3 Gbps 0x1 impl SATA mode
flags: 64bit ncq stag pm led clo only pmp pio slum part ccc apst 
scanning bus for devices...
Found 0 device(s).
Net:   
Warning: ethernet@48484000 using MAC address from ROM
eth0: ethernet@48484000
Hit any key to stop autoboot:  2  0 
=>  
=>  
=>  
=>  
=>  
=>  
- 13:12:57 [INFO] Host: 
- 13:12:57 [INFO] Target: 
- 13:12:57 [INFO] Host: version
- 13:12:57 [INFO] Target: 
version
U-Boot 2016.05-00229-gb4e185a (Jun 02 2016 - 06:35:56 -0500)
arm-linux-gnueabihf-gcc (Linaro GCC 5.3-2016.02) 5.3.1 20160113
GNU ld (GNU Binutils) 2.25.0 Linaro 2015_10
- 13:12:57 [INFO] Host: setenv bootargs 'console=ttyO0,115200n8 earlyprintk=serial,ttyO0,115200n8 rootwait '
- 13:12:57 [INFO] Target: 
setenv bootargs 'console=ttyO0,115200n8 earlyprintk=serial,ttyO0,115200n8 rootwait '
- 13:12:57 [INFO] Host: setenv bootcmd  ''
- 13:12:57 [INFO] Target: 
setenv bootcmd  ''
- 13:12:57 [INFO] Host: setenv autoload 'no'
- 13:12:58 [INFO] Target: 
setenv autoload 'no'
- 13:12:58 [INFO] Host: setenv serverip '192.168.0.1'
- 13:12:58 [INFO] Target: 
setenv serverip '192.168.0.1'
- 13:12:58 [INFO] Host: setenv _initramfs -
- 13:12:58 [INFO] Target: 
setenv _initramfs -
- 13:12:58 [INFO] Host: printenv
- 13:12:58 [INFO] Target: 
printenv
_initramfs=-
arch=arm
args_mmc=run finduuid;setenv bootargs console=${console} ${optargs} root=PARTUUID=${uuid} rw rootfstype=${mmcrootfstype}
autoload=no
baudrate=115200
board=dra7xx
board_name=dra72x
bootargs=console=ttyO0,115200n8 earlyprintk=serial,ttyO0,115200n8 rootwait 
bootcmd=
bootdelay=2
bootdir=/boot
bootenvfile=uEnv.txt
bootfile=zImage
bootm_size=0x10000000
bootpart=0:2
bootscript=echo Running bootscript from mmc${mmcdev} ...; source ${loadaddr}
console=ttyO0,115200n8
cpu=armv7
dfu_alt_info_emmc=rawemmc raw 0 3751936;boot part 1 1;rootfs part 1 2;MLO fat 1 1;MLO.raw raw 0x100 0x100;u-boot.img.raw raw 0x300 0x400;spl-os-args.raw raw 0x80 0x80;spl-os-image.raw raw 0x900 0x2000;spl-os-args fat 1 1;spl-os-image fat 1 1;u-boot.img fat 1 1;uEnv.txt fat 1 1
dfu_alt_info_mmc=boot part 0 1;rootfs part 0 2;MLO fat 0 1;MLO.raw raw 0x100 0x100;u-boot.img.raw raw 0x300 0x400;spl-os-args.raw raw 0x80 0x80;spl-os-image.raw raw 0x900 0x2000;spl-os-args fat 0 1;spl-os-image fat 0 1;u-boot.img fat 0 1;uEnv.txt fat 0 1
dfu_alt_info_qspi=MLO raw 0x0 0x010000;MLO.backup1 raw 0x010000 0x010000;MLO.backup2 raw 0x020000 0x010000;MLO.backup3 raw 0x030000 0x010000;u-boot.img raw 0x040000 0x0100000;u-boot-spl-os raw 0x140000 0x080000;u-boot-env raw 0x1C0000 0x010000;u-boot-env.backup raw 0x1D0000 0x010000;kernel raw 0x1E0000 0x800000
dfu_alt_info_ram=kernel ram 0x80200000 0x4000000;fdt ram 0x80f80000 0x80000;ramdisk ram 0x81000000 0x4000000
dfu_bufsiz=0x10000
dofastboot=0
envboot=mmc dev ${mmcdev}; if mmc rescan; then echo SD/MMC found on device ${mmcdev};if run loadbootscript; then run bootscript;else if run loadbootenv; then echo Loaded env from ${bootenvfile};run importbootenv;fi;if test -n $uenvcmd; then echo Running uenvcmd ...;run uenvcmd;fi;fi;fi;
ethaddr=b4:99:4c:d1:cd:8e
fdt_addr_r=0x88000000
fdtaddr=0x88000000
fdtcontroladdr=bef169d0
fdtfile=undefined
findfdt=if test $board_name = omap5_uevm; then setenv fdtfile omap5-uevm.dtb; fi; if test $board_name = dra7xx; then setenv fdtfile dra7-evm.dtb; fi;if test $board_name = dra72x-revc; then setenv fdtfile dra72-evm-revc.dtb; fi;if test $board_name = dra72x; then setenv fdtfile dra72-evm.dtb; fi;if test $board_name = beagle_x15; then setenv fdtfile am57xx-beagle-x15.dtb; fi;if test $board_name = beagle_x15_revb1; then setenv fdtfile am57xx-beagle-x15-revb1.dtb; fi;if test $board_name = am57xx_evm; then setenv fdtfile am57xx-evm.dtb; fi;if test $board_name = am57xx_evm_reva3; then setenv fdtfile am57xx-evm-reva3.dtb; fi;if test $board_name = am572x_idk; then setenv fdtfile am572x-idk.dtb; fi;if test $board_name = am571x_idk; then setenv fdtfile am571x-idk.dtb; fi;if test $fdtfile = undefined; then echo WARNING: Could not determine device tree to use; fi; 
finduuid=part uuid mmc 0:2 uuid
importbootenv=echo Importing environment from mmc${mmcdev} ...; env import -t ${loadaddr} ${filesize}
kernel_addr_r=0x82000000
loadaddr=0x82000000
loadbootenv=fatload mmc ${mmcdev} ${loadaddr} ${bootenvfile}
loadbootscript=fatload mmc ${mmcdev} ${loadaddr} boot.scr
loadfdt=load mmc ${bootpart} ${fdtaddr} ${bootdir}/${fdtfile};
loadimage=load mmc ${bootpart} ${loadaddr} ${bootdir}/${bootfile}
mmcboot=mmc dev ${mmcdev}; if mmc rescan; then echo SD/MMC found on device ${mmcdev};if run loadimage; then run loadfdt; echo Booting from mmc${mmcdev} ...; run args_mmc; bootz ${loadaddr} - ${fdtaddr}; fi;fi;
mmcdev=0
mmcrootfstype=ext4 rootwait
netargs=setenv bootargs console=${console} ${optargs} root=/dev/nfs nfsroot=${serverip}:${rootpath},${nfsopts} rw ip=dhcp
netboot=echo Booting from network ...; setenv autoload no; dhcp; run netloadimage; run netloadfdt; run netargs; bootz ${loadaddr} - ${fdtaddr}
netloadfdt=tftp ${fdtaddr} ${fdtfile}
netloadimage=tftp ${loadaddr} ${bootfile}
nfsopts=nolock
partitions=uuid_disk=${uuid_gpt_disk};name=rootfs,start=2MiB,size=-,uuid=${uuid_gpt_rootfs}
partitions_android=uuid_disk=${uuid_gpt_disk};name=xloader,start=128K,size=128K,uuid=${uuid_gpt_xloader};name=bootloader,size=384K,uuid=${uuid_gpt_bootloader};name=environment,size=128K,uuid=${uuid_gpt_environment};name=misc,size=128K,uuid=${uuid_gpt_misc};name=efs,start=1280K,size=16M,uuid=${uuid_gpt_efs};name=crypto,size=16K,uuid=${uuid_gpt_crypto};name=recovery,size=10M,uuid=${uuid_gpt_recovery};name=boot,size=10M,uuid=${uuid_gpt_boot};name=system,size=768M,uuid=${uuid_gpt_system};name=cache,size=256M,uuid=${uuid_gpt_cache};name=ipu1,size=1M,uuid=${uuid_gpt_ipu1};name=ipu2,size=1M,uuid=${uuid_gpt_ipu2};name=userdata,size=-,uuid=${uuid_gpt_userdata}
pxefile_addr_r=0x80100000
ramdisk_addr_r=0x88080000
rdaddr=0x88080000
rootpath=/export/rootfs
scriptaddr=0x80000000
scsidevs=0
serial#=0700f01763620100
serverip=192.168.0.1
soc=omap5
static_ip=${ipaddr}:${serverip}:${gatewayip}:${netmask}:${hostname}::off
stderr=serial@4806a000
stdin=serial@4806a000
stdout=serial@4806a000
usbtty=cdc_acm
vendor=ti
ver=U-Boot 2016.05-00229-gb4e185a (Jun 02 2016 - 06:35:56 -0500)
vram=16M
Environment size: 5086/131067 bytes
- 13:12:58 [INFO] Host: printenv
- 13:12:59 [INFO] Target: 
printenv
_initramfs=-
arch=arm
args_mmc=run finduuid;setenv bootargs console=${console} ${optargs} root=PARTUUID=${uuid} rw rootfstype=${mmcrootfstype}
autoload=no
baudrate=115200
board=dra7xx
board_name=dra72x
bootargs=console=ttyO0,115200n8 earlyprintk=serial,ttyO0,115200n8 rootwait 
bootcmd=
bootdelay=2
bootdir=/boot
bootenvfile=uEnv.txt
bootfile=zImage
bootm_size=0x10000000
bootpart=0:2
bootscript=echo Running bootscript from mmc${mmcdev} ...; source ${loadaddr}
console=ttyO0,115200n8
cpu=armv7
dfu_alt_info_emmc=rawemmc raw 0 3751936;boot part 1 1;rootfs part 1 2;MLO fat 1 1;MLO.raw raw 0x100 0x100;u-boot.img.raw raw 0x300 0x400;spl-os-args.raw raw 0x80 0x80;spl-os-image.raw raw 0x900 0x2000;spl-os-args fat 1 1;spl-os-image fat 1 1;u-boot.img fat 1 1;uEnv.txt fat 1 1
dfu_alt_info_mmc=boot part 0 1;rootfs part 0 2;MLO fat 0 1;MLO.raw raw 0x100 0x100;u-boot.img.raw raw 0x300 0x400;spl-os-args.raw raw 0x80 0x80;spl-os-image.raw raw 0x900 0x2000;spl-os-args fat 0 1;spl-os-image fat 0 1;u-boot.img fat 0 1;uEnv.txt fat 0 1
dfu_alt_info_qspi=MLO raw 0x0 0x010000;MLO.backup1 raw 0x010000 0x010000;MLO.backup2 raw 0x020000 0x010000;MLO.backup3 raw 0x030000 0x010000;u-boot.img raw 0x040000 0x0100000;u-boot-spl-os raw 0x140000 0x080000;u-boot-env raw 0x1C0000 0x010000;u-boot-env.backup raw 0x1D0000 0x010000;kernel raw 0x1E0000 0x800000
dfu_alt_info_ram=kernel ram 0x80200000 0x4000000;fdt ram 0x80f80000 0x80000;ramdisk ram 0x81000000 0x4000000
dfu_bufsiz=0x10000
dofastboot=0
envboot=mmc dev ${mmcdev}; if mmc rescan; then echo SD/MMC found on device ${mmcdev};if run loadbootscript; then run bootscript;else if run loadbootenv; then echo Loaded env from ${bootenvfile};run importbootenv;fi;if test -n $uenvcmd; then echo Running uenvcmd ...;run uenvcmd;fi;fi;fi;
ethaddr=b4:99:4c:d1:cd:8e
fdt_addr_r=0x88000000
fdtaddr=0x88000000
fdtcontroladdr=bef169d0
fdtfile=undefined
findfdt=if test $board_name = omap5_uevm; then setenv fdtfile omap5-uevm.dtb; fi; if test $board_name = dra7xx; then setenv fdtfile dra7-evm.dtb; fi;if test $board_name = dra72x-revc; then setenv fdtfile dra72-evm-revc.dtb; fi;if test $board_name = dra72x; then setenv fdtfile dra72-evm.dtb; fi;if test $board_name = beagle_x15; then setenv fdtfile am57xx-beagle-x15.dtb; fi;if test $board_name = beagle_x15_revb1; then setenv fdtfile am57xx-beagle-x15-revb1.dtb; fi;if test $board_name = am57xx_evm; then setenv fdtfile am57xx-evm.dtb; fi;if test $board_name = am57xx_evm_reva3; then setenv fdtfile am57xx-evm-reva3.dtb; fi;if test $board_name = am572x_idk; then setenv fdtfile am572x-idk.dtb; fi;if test $board_name = am571x_idk; then setenv fdtfile am571x-idk.dtb; fi;if test $fdtfile = undefined; then echo WARNING: Could not determine device tree to use; fi; 
finduuid=part uuid mmc 0:2 uuid
importbootenv=echo Importing environment from mmc${mmcdev} ...; env import -t ${loadaddr} ${filesize}
kernel_addr_r=0x82000000
loadaddr=0x82000000
loadbootenv=fatload mmc ${mmcdev} ${loadaddr} ${bootenvfile}
loadbootscript=fatload mmc ${mmcdev} ${loadaddr} boot.scr
loadfdt=load mmc ${bootpart} ${fdtaddr} ${bootdir}/${fdtfile};
loadimage=load mmc ${bootpart} ${loadaddr} ${bootdir}/${bootfile}
mmcboot=mmc dev ${mmcdev}; if mmc rescan; then echo SD/MMC found on device ${mmcdev};if run loadimage; then run loadfdt; echo Booting from mmc${mmcdev} ...; run args_mmc; bootz ${loadaddr} - ${fdtaddr}; fi;fi;
mmcdev=0
mmcrootfstype=ext4 rootwait
netargs=setenv bootargs console=${console} ${optargs} root=/dev/nfs nfsroot=${serverip}:${rootpath},${nfsopts} rw ip=dhcp
netboot=echo Booting from network ...; setenv autoload no; dhcp; run netloadimage; run netloadfdt; run netargs; bootz ${loadaddr} - ${fdtaddr}
netloadfdt=tftp ${fdtaddr} ${fdtfile}
netloadimage=tftp ${loadaddr} ${bootfile}
nfsopts=nolock
partitions=uuid_disk=${uuid_gpt_disk};name=rootfs,start=2MiB,size=-,uuid=${uuid_gpt_rootfs}
partitions_android=uuid_disk=${uuid_gpt_disk};name=xloader,start=128K,size=128K,uuid=${uuid_gpt_xloader};name=bootloader,size=384K,uuid=${uuid_gpt_bootloader};name=environment,size=128K,uuid=${uuid_gpt_environment};name=misc,size=128K,uuid=${uuid_gpt_misc};name=efs,start=1280K,size=16M,uuid=${uuid_gpt_efs};name=crypto,size=16K,uuid=${uuid_gpt_crypto};name=recovery,size=10M,uuid=${uuid_gpt_recovery};name=boot,size=10M,uuid=${uuid_gpt_boot};name=system,size=768M,uuid=${uuid_gpt_system};name=cache,size=256M,uuid=${uuid_gpt_cache};name=ipu1,size=1M,uuid=${uuid_gpt_ipu1};name=ipu2,size=1M,uuid=${uuid_gpt_ipu2};name=userdata,size=-,uuid=${uuid_gpt_userdata}
pxefile_addr_r=0x80100000
ramdisk_addr_r=0x88080000
rdaddr=0x88080000
rootpath=/export/rootfs
scriptaddr=0x80000000
scsidevs=0
serial#=0700f01763620100
serverip=192.168.0.1
soc=omap5
static_ip=${ipaddr}:${serverip}:${gatewayip}:${netmask}:${hostname}::off
stderr=serial@4806a000
stdin=serial@4806a000
stdout=serial@4806a000
usbtty=cdc_acm
vendor=ti
ver=U-Boot 2016.05-00229-gb4e185a (Jun 02 2016 - 06:35:56 -0500)
vram=16M
Environment size: 5086/131067 bytes
- 13:12:59 [INFO] Host: setenv bootargs ''${bootargs}' ip=:::::eth0:dhcp '
- 13:12:59 [INFO] Target: 
setenv bootargs ''${bootargs}' ip=:::::eth0:dhcp '
- 13:12:59 [INFO] Host: setenv serverip '192.168.0.1'
- 13:12:59 [INFO] Target: 
setenv serverip '192.168.0.1'
- 13:12:59 [INFO] Host: setenv autoload 'no'
- 13:12:59 [INFO] Target: 
setenv autoload 'no'
- 13:12:59 [INFO] Host: dhcp
- 13:13:05 [INFO] Target: 
dhcp
ethernet@48484000 Waiting for PHY auto negotiation to complete.. done
link up on port 0, speed 1000, full duplex
BOOTP broadcast 1
BOOTP broadcast 2
BOOTP broadcast 3
BOOTP broadcast 4
BOOTP broadcast 5
DHCP client bound to address 192.168.0.202 (4826 ms)
- 13:13:05 [INFO] Host: tftp ${loadaddr} 192.168.0.1:vatf_dra72x-evm/3004e5c6f4d1dafe911f4488f2e45b9a
- 13:13:05 [INFO] Target: 
tftp ${loadaddr} 192.168.0.1:vatf_dra72x-evm/3004e5c6f4d1dafe911f4488f2e45b9a
link up on port 0, speed 1000, full duplex
Using ethernet@48484000 device
TFTP from server 192.168.0.1; our IP address is 192.168.0.202
Filename 'vatf_dra72x-evm/3004e5c6f4d1dafe911f4488f2e45b9a'.
Load address: 0x82000000
Loading: *#################################################################
	 #################################################################
	 #################################################################
	 ################################################################
	 9.4 MiB/s
done
Bytes transferred = 3794664 (39e6e8 hex)
- 13:13:05 [INFO] Host: tftp ${fdt_addr_r} 192.168.0.1:vatf_dra72x-evm/3ea2e329fea99924bbd4671205854893
- 13:13:05 [INFO] Target: 
tftp ${fdt_addr_r} 192.168.0.1:vatf_dra72x-evm/3ea2e329fea99924bbd4671205854893
link up on port 0, speed 1000, full duplex
Using ethernet@48484000 device
TFTP from server 192.168.0.1; our IP address is 192.168.0.202
Filename 'vatf_dra72x-evm/3ea2e329fea99924bbd4671205854893'.
Load address: 0x88000000
Loading: *######
	 8.1 MiB/s
done
Bytes transferred = 85007 (14c0f hex)
- 13:13:05 [INFO] Host: ls mmc 0:1
- 13:13:06 [INFO] Target: 
ls mmc 0:1
    76636   mlo 
   642204   u-boot.img 
        4   ws-calibrate.rules 
        0   pointercal 
4 file(s), 0 dir(s)
- 13:13:06 [INFO] Host: ls mmc 0:2
- 13:13:06 [INFO] Target: 
ls mmc 0:2
<DIR>       4096 .
<DIR>       4096 ..
<DIR>      16384 lost+found
<DIR>       4096 include
<DIR>       4096 srv
<DIR>       4096 home
<DIR>       4096 media
<DIR>       4096 opt
<DIR>       4096 var
<DIR>       4096 sys
<DIR>       4096 boot
<DIR>       4096 dev
<DIR>       4096 usr
<DIR>       4096 bin
<DIR>       4096 mnt
<DIR>       4096 etc
<DIR>       4096 sbin
<DIR>       4096 www
<SYM>          8 tmp
<DIR>       4096 proc
<DIR>       4096 run
<DIR>       4096 lib
<DIR>       4096 test
- 13:13:06 [INFO] Host: part uuid mmc 0:2
- 13:13:06 [INFO] Target: 
part uuid mmc 0:2
00000000-02
- 13:13:06 [INFO] Host: printenv
- 13:13:06 [INFO] Target: 
printenv
_initramfs=-
arch=arm
args_mmc=run finduuid;setenv bootargs console=${console} ${optargs} root=PARTUUID=${uuid} rw rootfstype=${mmcrootfstype}
autoload=no
baudrate=115200
board=dra7xx
board_name=dra72x
bootargs=console=ttyO0,115200n8 earlyprintk=serial,ttyO0,115200n8 rootwait  ip=:::::eth0:dhcp 
bootcmd=
bootdelay=2
bootdir=/boot
bootenvfile=uEnv.txt
bootfile=zImage
bootm_size=0x10000000
bootpart=0:2
bootscript=echo Running bootscript from mmc${mmcdev} ...; source ${loadaddr}
console=ttyO0,115200n8
cpu=armv7
dfu_alt_info_emmc=rawemmc raw 0 3751936;boot part 1 1;rootfs part 1 2;MLO fat 1 1;MLO.raw raw 0x100 0x100;u-boot.img.raw raw 0x300 0x400;spl-os-args.raw raw 0x80 0x80;spl-os-image.raw raw 0x900 0x2000;spl-os-args fat 1 1;spl-os-image fat 1 1;u-boot.img fat 1 1;uEnv.txt fat 1 1
dfu_alt_info_mmc=boot part 0 1;rootfs part 0 2;MLO fat 0 1;MLO.raw raw 0x100 0x100;u-boot.img.raw raw 0x300 0x400;spl-os-args.raw raw 0x80 0x80;spl-os-image.raw raw 0x900 0x2000;spl-os-args fat 0 1;spl-os-image fat 0 1;u-boot.img fat 0 1;uEnv.txt fat 0 1
dfu_alt_info_qspi=MLO raw 0x0 0x010000;MLO.backup1 raw 0x010000 0x010000;MLO.backup2 raw 0x020000 0x010000;MLO.backup3 raw 0x030000 0x010000;u-boot.img raw 0x040000 0x0100000;u-boot-spl-os raw 0x140000 0x080000;u-boot-env raw 0x1C0000 0x010000;u-boot-env.backup raw 0x1D0000 0x010000;kernel raw 0x1E0000 0x800000
dfu_alt_info_ram=kernel ram 0x80200000 0x4000000;fdt ram 0x80f80000 0x80000;ramdisk ram 0x81000000 0x4000000
dfu_bufsiz=0x10000
dnsip=192.0.2.2
dnsip2=192.0.2.3
dofastboot=0
envboot=mmc dev ${mmcdev}; if mmc rescan; then echo SD/MMC found on device ${mmcdev};if run loadbootscript; then run bootscript;else if run loadbootenv; then echo Loaded env from ${bootenvfile};run importbootenv;fi;if test -n $uenvcmd; then echo Running uenvcmd ...;run uenvcmd;fi;fi;fi;
ethact=ethernet@48484000
ethaddr=b4:99:4c:d1:cd:8e
fdt_addr_r=0x88000000
fdtaddr=0x88000000
fdtcontroladdr=bef169d0
fdtfile=undefined
fileaddr=88000000
filesize=14c0f
findfdt=if test $board_name = omap5_uevm; then setenv fdtfile omap5-uevm.dtb; fi; if test $board_name = dra7xx; then setenv fdtfile dra7-evm.dtb; fi;if test $board_name = dra72x-revc; then setenv fdtfile dra72-evm-revc.dtb; fi;if test $board_name = dra72x; then setenv fdtfile dra72-evm.dtb; fi;if test $board_name = beagle_x15; then setenv fdtfile am57xx-beagle-x15.dtb; fi;if test $board_name = beagle_x15_revb1; then setenv fdtfile am57xx-beagle-x15-revb1.dtb; fi;if test $board_name = am57xx_evm; then setenv fdtfile am57xx-evm.dtb; fi;if test $board_name = am57xx_evm_reva3; then setenv fdtfile am57xx-evm-reva3.dtb; fi;if test $board_name = am572x_idk; then setenv fdtfile am572x-idk.dtb; fi;if test $board_name = am571x_idk; then setenv fdtfile am571x-idk.dtb; fi;if test $fdtfile = undefined; then echo WARNING: Could not determine device tree to use; fi; 
finduuid=part uuid mmc 0:2 uuid
gatewayip=192.168.0.1
importbootenv=echo Importing environment from mmc${mmcdev} ...; env import -t ${loadaddr} ${filesize}
ipaddr=192.168.0.202
kernel_addr_r=0x82000000
loadaddr=0x82000000
loadbootenv=fatload mmc ${mmcdev} ${loadaddr} ${bootenvfile}
loadbootscript=fatload mmc ${mmcdev} ${loadaddr} boot.scr
loadfdt=load mmc ${bootpart} ${fdtaddr} ${bootdir}/${fdtfile};
loadimage=load mmc ${bootpart} ${loadaddr} ${bootdir}/${bootfile}
mmcboot=mmc dev ${mmcdev}; if mmc rescan; then echo SD/MMC found on device ${mmcdev};if run loadimage; then run loadfdt; echo Booting from mmc${mmcdev} ...; run args_mmc; bootz ${loadaddr} - ${fdtaddr}; fi;fi;
mmcdev=0
mmcrootfstype=ext4 rootwait
netargs=setenv bootargs console=${console} ${optargs} root=/dev/nfs nfsroot=${serverip}:${rootpath},${nfsopts} rw ip=dhcp
netboot=echo Booting from network ...; setenv autoload no; dhcp; run netloadimage; run netloadfdt; run netargs; bootz ${loadaddr} - ${fdtaddr}
netloadfdt=tftp ${fdtaddr} ${fdtfile}
netloadimage=tftp ${loadaddr} ${bootfile}
netmask=255.255.255.0
nfsopts=nolock
partitions=uuid_disk=${uuid_gpt_disk};name=rootfs,start=2MiB,size=-,uuid=${uuid_gpt_rootfs}
partitions_android=uuid_disk=${uuid_gpt_disk};name=xloader,start=128K,size=128K,uuid=${uuid_gpt_xloader};name=bootloader,size=384K,uuid=${uuid_gpt_bootloader};name=environment,size=128K,uuid=${uuid_gpt_environment};name=misc,size=128K,uuid=${uuid_gpt_misc};name=efs,start=1280K,size=16M,uuid=${uuid_gpt_efs};name=crypto,size=16K,uuid=${uuid_gpt_crypto};name=recovery,size=10M,uuid=${uuid_gpt_recovery};name=boot,size=10M,uuid=${uuid_gpt_boot};name=system,size=768M,uuid=${uuid_gpt_system};name=cache,size=256M,uuid=${uuid_gpt_cache};name=ipu1,size=1M,uuid=${uuid_gpt_ipu1};name=ipu2,size=1M,uuid=${uuid_gpt_ipu2};name=userdata,size=-,uuid=${uuid_gpt_userdata}
pxefile_addr_r=0x80100000
ramdisk_addr_r=0x88080000
rdaddr=0x88080000
rootpath=/export/rootfs
scriptaddr=0x80000000
scsidevs=0
serial#=0700f01763620100
serverip=192.168.0.1
soc=omap5
static_ip=${ipaddr}:${serverip}:${gatewayip}:${netmask}:${hostname}::off
stderr=serial@4806a000
stdin=serial@4806a000
stdout=serial@4806a000
usbtty=cdc_acm
vendor=ti
ver=U-Boot 2016.05-00229-gb4e185a (Jun 02 2016 - 06:35:56 -0500)
vram=16M
Environment size: 5277/131067 bytes
- 13:13:06 [INFO] Host: setenv bootargs ''${bootargs}' root=PARTUUID=00000000-02 rw rootfstype=ext4 rootwait '
- 13:13:06 [INFO] Target: 
setenv bootargs ''${bootargs}' root=PARTUUID=00000000-02 rw rootfstype=ext4 rootwait '
- 13:13:06 [INFO] Host: printenv
- 13:13:07 [INFO] Target: 
printenv
_initramfs=-
arch=arm
args_mmc=run finduuid;setenv bootargs console=${console} ${optargs} root=PARTUUID=${uuid} rw rootfstype=${mmcrootfstype}
autoload=no
baudrate=115200
board=dra7xx
board_name=dra72x
bootargs=console=ttyO0,115200n8 earlyprintk=serial,ttyO0,115200n8 rootwait  ip=:::::eth0:dhcp  root=PARTUUID=00000000-02 rw rootfstype=ext4 rootwait 
bootcmd=
bootdelay=2
bootdir=/boot
bootenvfile=uEnv.txt
bootfile=zImage
bootm_size=0x10000000
bootpart=0:2
bootscript=echo Running bootscript from mmc${mmcdev} ...; source ${loadaddr}
console=ttyO0,115200n8
cpu=armv7
dfu_alt_info_emmc=rawemmc raw 0 3751936;boot part 1 1;rootfs part 1 2;MLO fat 1 1;MLO.raw raw 0x100 0x100;u-boot.img.raw raw 0x300 0x400;spl-os-args.raw raw 0x80 0x80;spl-os-image.raw raw 0x900 0x2000;spl-os-args fat 1 1;spl-os-image fat 1 1;u-boot.img fat 1 1;uEnv.txt fat 1 1
dfu_alt_info_mmc=boot part 0 1;rootfs part 0 2;MLO fat 0 1;MLO.raw raw 0x100 0x100;u-boot.img.raw raw 0x300 0x400;spl-os-args.raw raw 0x80 0x80;spl-os-image.raw raw 0x900 0x2000;spl-os-args fat 0 1;spl-os-image fat 0 1;u-boot.img fat 0 1;uEnv.txt fat 0 1
dfu_alt_info_qspi=MLO raw 0x0 0x010000;MLO.backup1 raw 0x010000 0x010000;MLO.backup2 raw 0x020000 0x010000;MLO.backup3 raw 0x030000 0x010000;u-boot.img raw 0x040000 0x0100000;u-boot-spl-os raw 0x140000 0x080000;u-boot-env raw 0x1C0000 0x010000;u-boot-env.backup raw 0x1D0000 0x010000;kernel raw 0x1E0000 0x800000
dfu_alt_info_ram=kernel ram 0x80200000 0x4000000;fdt ram 0x80f80000 0x80000;ramdisk ram 0x81000000 0x4000000
dfu_bufsiz=0x10000
dnsip=192.0.2.2
dnsip2=192.0.2.3
dofastboot=0
envboot=mmc dev ${mmcdev}; if mmc rescan; then echo SD/MMC found on device ${mmcdev};if run loadbootscript; then run bootscript;else if run loadbootenv; then echo Loaded env from ${bootenvfile};run importbootenv;fi;if test -n $uenvcmd; then echo Running uenvcmd ...;run uenvcmd;fi;fi;fi;
ethact=ethernet@48484000
ethaddr=b4:99:4c:d1:cd:8e
fdt_addr_r=0x88000000
fdtaddr=0x88000000
fdtcontroladdr=bef169d0
fdtfile=undefined
fileaddr=88000000
filesize=14c0f
findfdt=if test $board_name = omap5_uevm; then setenv fdtfile omap5-uevm.dtb; fi; if test $board_name = dra7xx; then setenv fdtfile dra7-evm.dtb; fi;if test $board_name = dra72x-revc; then setenv fdtfile dra72-evm-revc.dtb; fi;if test $board_name = dra72x; then setenv fdtfile dra72-evm.dtb; fi;if test $board_name = beagle_x15; then setenv fdtfile am57xx-beagle-x15.dtb; fi;if test $board_name = beagle_x15_revb1; then setenv fdtfile am57xx-beagle-x15-revb1.dtb; fi;if test $board_name = am57xx_evm; then setenv fdtfile am57xx-evm.dtb; fi;if test $board_name = am57xx_evm_reva3; then setenv fdtfile am57xx-evm-reva3.dtb; fi;if test $board_name = am572x_idk; then setenv fdtfile am572x-idk.dtb; fi;if test $board_name = am571x_idk; then setenv fdtfile am571x-idk.dtb; fi;if test $fdtfile = undefined; then echo WARNING: Could not determine device tree to use; fi; 
finduuid=part uuid mmc 0:2 uuid
gatewayip=192.168.0.1
importbootenv=echo Importing environment from mmc${mmcdev} ...; env import -t ${loadaddr} ${filesize}
ipaddr=192.168.0.202
kernel_addr_r=0x82000000
loadaddr=0x82000000
loadbootenv=fatload mmc ${mmcdev} ${loadaddr} ${bootenvfile}
loadbootscript=fatload mmc ${mmcdev} ${loadaddr} boot.scr
loadfdt=load mmc ${bootpart} ${fdtaddr} ${bootdir}/${fdtfile};
loadimage=load mmc ${bootpart} ${loadaddr} ${bootdir}/${bootfile}
mmcboot=mmc dev ${mmcdev}; if mmc rescan; then echo SD/MMC found on device ${mmcdev};if run loadimage; then run loadfdt; echo Booting from mmc${mmcdev} ...; run args_mmc; bootz ${loadaddr} - ${fdtaddr}; fi;fi;
mmcdev=0
mmcrootfstype=ext4 rootwait
netargs=setenv bootargs console=${console} ${optargs} root=/dev/nfs nfsroot=${serverip}:${rootpath},${nfsopts} rw ip=dhcp
netboot=echo Booting from network ...; setenv autoload no; dhcp; run netloadimage; run netloadfdt; run netargs; bootz ${loadaddr} - ${fdtaddr}
netloadfdt=tftp ${fdtaddr} ${fdtfile}
netloadimage=tftp ${loadaddr} ${bootfile}
netmask=255.255.255.0
nfsopts=nolock
partitions=uuid_disk=${uuid_gpt_disk};name=rootfs,start=2MiB,size=-,uuid=${uuid_gpt_rootfs}
partitions_android=uuid_disk=${uuid_gpt_disk};name=xloader,start=128K,size=128K,uuid=${uuid_gpt_xloader};name=bootloader,size=384K,uuid=${uuid_gpt_bootloader};name=environment,size=128K,uuid=${uuid_gpt_environment};name=misc,size=128K,uuid=${uuid_gpt_misc};name=efs,start=1280K,size=16M,uuid=${uuid_gpt_efs};name=crypto,size=16K,uuid=${uuid_gpt_crypto};name=recovery,size=10M,uuid=${uuid_gpt_recovery};name=boot,size=10M,uuid=${uuid_gpt_boot};name=system,size=768M,uuid=${uuid_gpt_system};name=cache,size=256M,uuid=${uuid_gpt_cache};name=ipu1,size=1M,uuid=${uuid_gpt_ipu1};name=ipu2,size=1M,uuid=${uuid_gpt_ipu2};name=userdata,size=-,uuid=${uuid_gpt_userdata}
pxefile_addr_r=0x80100000
ramdisk_addr_r=0x88080000
rdaddr=0x88080000
rootpath=/export/rootfs
scriptaddr=0x80000000
scsidevs=0
serial#=0700f01763620100
serverip=192.168.0.1
soc=omap5
static_ip=${ipaddr}:${serverip}:${gatewayip}:${netmask}:${hostname}::off
stderr=serial@4806a000
stdin=serial@4806a000
stdout=serial@4806a000
usbtty=cdc_acm
vendor=ti
ver=U-Boot 2016.05-00229-gb4e185a (Jun 02 2016 - 06:35:56 -0500)
vram=16M
Environment size: 5332/131067 bytes
- 13:13:07 [INFO] Host: setenv bootcmd ''${bootcmd}' if iminfo ${loadaddr}; then bootm ${loadaddr} ${_initramfs} ${fdt_addr_r}; else bootz ${loadaddr} ${_initramfs} ${fdt_addr_r}; bootm ${loadaddr} ${_initramfs} ${fdt_addr_r}; fi'
- 13:13:07 [INFO] Target: 
setenv bootcmd ''${bootcmd}' if iminfo ${loadaddr}; then bootm ${loadaddr} ${_initramfs} ${fdt_addr_r}; else bootz ${loadaddr} ${_initramfs} ${fdt_addr_r}; bootm ${loadaddr} ${_initramfs} ${fdt_addr_r}; fi'
- 13:13:07 [INFO] Host: version
- 13:13:07 [INFO] Target: 
version
U-Boot 2016.05-00229-gb4e185a (Jun 02 2016 - 06:35:56 -0500)
arm-linux-gnueabihf-gcc (Linaro GCC 5.3-2016.02) 5.3.1 20160113
GNU ld (GNU Binutils) 2.25.0 Linaro 2015_10
- 13:13:07 [INFO] Host: bdinfo
- 13:13:07 [INFO] Target: 
bdinfo
arch_number = 0x00000000
boot_params = 0x80000100
DRAM bank   = 0x00000000
-> start    = 0x80000000
-> size     = 0x40000000
DRAM bank   = 0x00000001
-> start    = 0x00000000
-> size     = 0x00000000
baudrate    = 115200 bps
TLB addr    = 0xBFFF0000
relocaddr   = 0xBFF4A000
reloc off   = 0x3F74A000
irq_sp      = 0xBEF169C0
sp start    = 0xBEF169B0
- 13:13:07 [INFO] Host: mmc rescan; echo $?
- 13:13:07 [INFO] Target: 
mmc rescan; echo $?
- 13:13:07 [INFO] Host: fatwrite mmc ${mmcdev}:1 ${loadaddr} ws-calibrate.rules 4
- 13:13:07 [INFO] Target: 
fatwrite mmc ${mmcdev}:1 ${loadaddr} ws-calibrate.rules 4
writing ws-calibrate.rules
4 bytes written
- 13:13:07 [INFO] Host: boot
- 13:13:52 [INFO] Target: 
boot
## Checking Image at 82000000 ...
Unknown image format!
Kernel image @ 0x82000000 [ 0x000000 - 0x39e6e8 ]
## Flattened Device Tree blob at 88000000
   Booting using the fdt blob at 0x88000000
   Loading Device Tree to 8ffe8000, end 8ffffc0e ... OK
Starting kernel ...
[    0.000000] Booting Linux on physical CPU 0x0
[    0.000000] Linux version 4.7.0-rc2-next-20160606-00002-g5a89848b485b (nmenon@horus) (gcc version 4.9.3 20150413 (prerelease) (Linaro GCC 4.9-2015.05) ) #1 SMP Mon Jun 6 12:09:14 CDT 2016
[    0.000000] CPU: ARMv7 Processor [412fc0f2] revision 2 (ARMv7), cr=10c5387d
[    0.000000] CPU: div instructions available: patching division code
[    0.000000] CPU: PIPT / VIPT nonaliasing data cache, PIPT instruction cache
[    0.000000] Machine model: TI DRA722
[    0.000000] cma: Reserved 16 MiB at 0xbe800000
[    0.000000] Memory policy: Data cache writealloc
[    0.000000] OMAP4: Map 0xbfe00000 to fe600000 for dram barrier
[    0.000000] DRA722 ES1.0
[    0.000000] percpu: Embedded 15 pages/cpu @ef68b000 s29504 r8192 d23744 u61440
[    0.000000] Built 1 zonelists in Zone order, mobility grouping on.  Total pages: 259904
[    0.000000] Kernel command line: console=ttyO0,115200n8 earlyprintk=serial,ttyO0,115200n8 rootwait  ip=:::::eth0:dhcp  root=PARTUUID=00000000-02 rw rootfstype=ext4 rootwait 
[    0.000000] PID hash table entries: 4096 (order: 2, 16384 bytes)
[    0.000000] Dentry cache hash table entries: 131072 (order: 7, 524288 bytes)
[    0.000000] Inode-cache hash table entries: 65536 (order: 6, 262144 bytes)
[    0.000000] Memory: 999420K/1046528K available (7354K kernel code, 768K rwdata, 2360K rodata, 1024K init, 8122K bss, 30724K reserved, 16384K cma-reserved, 243712K highmem)
[    0.000000] Virtual kernel memory layout:
[    0.000000]     vector  : 0xffff0000 - 0xffff1000   (   4 kB)
[    0.000000]     fixmap  : 0xffc00000 - 0xfff00000   (3072 kB)
[    0.000000]     vmalloc : 0xf0800000 - 0xff800000   ( 240 MB)
[    0.000000]     lowmem  : 0xc0000000 - 0xf0000000   ( 768 MB)
[    0.000000]     pkmap   : 0xbfe00000 - 0xc0000000   (   2 MB)
[    0.000000]     modules : 0xbf000000 - 0xbfe00000   (  14 MB)
[    0.000000]       .text : 0xc0008000 - 0xc0a7c954   (10707 kB)
[    0.000000]       .init : 0xc0b00000 - 0xc0c00000   (1024 kB)
[    0.000000]       .data : 0xc0c00000 - 0xc0cc0304   ( 769 kB)
[    0.000000]        .bss : 0xc0cc2000 - 0xc14b0a00   (8123 kB)
[    0.000000] Running RCU self tests
[    0.000000] Hierarchical RCU implementation.
[    0.000000] 	RCU lockdep checking is enabled.
[    0.000000] 	Build-time adjustment of leaf fanout to 32.
[    0.000000] 	RCU restricting CPUs from NR_CPUS=2 to nr_cpu_ids=1.
[    0.000000] RCU: Adjusting geometry for rcu_fanout_leaf=32, nr_cpu_ids=1
[    0.000000] NR_IRQS:16 nr_irqs:16 16
[    0.000000] OMAP clockevent source: timer1 at 32786 Hz
[    0.000000] Architected cp15 timer(s) running at 6.14MHz (virt).
[    0.000000] clocksource: arch_sys_counter: mask: 0xffffffffffffff max_cycles: 0x16af5adb9, max_idle_ns: 440795202250 ns
[    0.000005] sched_clock: 56 bits at 6MHz, resolution 162ns, wraps every 4398046511023ns
[    0.000017] Switching to timer-based delay loop, resolution 162ns
[    0.000447] clocksource: 32k_counter: mask: 0xffffffff max_cycles: 0xffffffff, max_idle_ns: 58327039986419 ns
[    0.000457] OMAP clocksource: 32k_counter at 32768 Hz
[    0.001428] Console: colour dummy device 80x30
[    0.001462] Lock dependency validator: Copyright (c) 2006 Red Hat, Inc., Ingo Molnar
[    0.001470] ... MAX_LOCKDEP_SUBCLASSES:  8
[    0.001476] ... MAX_LOCK_DEPTH:          48
[    0.001482] ... MAX_LOCKDEP_KEYS:        8191
[    0.001488] ... CLASSHASH_SIZE:          4096
[    0.001494] ... MAX_LOCKDEP_ENTRIES:     32768
[    0.001500] ... MAX_LOCKDEP_CHAINS:      65536
[    0.001505] ... CHAINHASH_SIZE:          32768
[    0.001511]  memory used by lock dependency info: 5167 kB
[    0.001518]  per task-struct memory footprint: 1536 bytes
[    0.001538] Calibrating delay loop (skipped), value calculated using timer frequency.. 12.29 BogoMIPS (lpj=61475)
[    0.001551] pid_max: default: 32768 minimum: 301
[    0.001841] Security Framework initialized
[    0.001942] Mount-cache hash table entries: 2048 (order: 1, 8192 bytes)
[    0.001953] Mountpoint-cache hash table entries: 2048 (order: 1, 8192 bytes)
[    0.004270] CPU: Testing write buffer coherency: ok
[    0.005354] /cpus/cpu@0 missing clock-frequency property
[    0.005367] CPU0: thread -1, cpu 0, socket 0, mpidr 80000000
[    0.005391] Setting up static identity map for 0x80100000 - 0x80100070
[    0.008296] Brought up 1 CPUs
[    0.008307] SMP: Total of 1 processors activated (12.29 BogoMIPS).
[    0.008314] CPU: All CPU(s) started in SVC mode.
[    0.010912] devtmpfs: initialized
[    0.078356] VFP support v0.3: implementor 41 architecture 4 part 30 variant f rev 0
[    0.078946] clocksource: jiffies: mask: 0xffffffff max_cycles: 0xffffffff, max_idle_ns: 19112604462750000 ns
[    0.079507] pinctrl core: initialized pinctrl subsystem
[    0.083016] NET: Registered protocol family 16
[    0.086964] DMA: preallocated 256 KiB pool for atomic coherent allocations
[    0.088497] omap_hwmod: l3_main_2 using broken dt data from ocp
[    0.241188] omap_hwmod: epwmss0: no dt node
[    0.241198] ------------[ cut here ]------------
[    0.241215] WARNING: CPU: 0 PID: 1 at arch/arm/mach-omap2/omap_hwmod.c:2497 _init+0x1d0/0x41c
[    0.241223] omap_hwmod: epwmss0: doesn't have mpu register target base
[    0.241229] Modules linked in:
[    0.241243] CPU: 0 PID: 1 Comm: swapper/0 Not tainted 4.7.0-rc2-next-20160606-00002-g5a89848b485b #1
[    0.241251] Hardware name: Generic DRA72X (Flattened Device Tree)
[    0.241271] [<c01100d4>] (unwind_backtrace) from [<c010c250>] (show_stack+0x10/0x14)
[    0.241287] [<c010c250>] (show_stack) from [<c0480258>] (dump_stack+0xb0/0xe4)
[    0.241306] [<c0480258>] (dump_stack) from [<c01375e0>] (__warn+0xd4/0x100)
[    0.241320] [<c01375e0>] (__warn) from [<c0137640>] (warn_slowpath_fmt+0x34/0x44)
[    0.241332] [<c0137640>] (warn_slowpath_fmt) from [<c0b0ea50>] (_init+0x1d0/0x41c)
[    0.241347] [<c0b0ea50>] (_init) from [<c0121970>] (omap_hwmod_for_each+0x34/0x60)
[    0.241359] [<c0121970>] (omap_hwmod_for_each) from [<c0b0efd4>] (__omap_hwmod_setup_all+0x24/0x40)
[    0.241371] [<c0b0efd4>] (__omap_hwmod_setup_all) from [<c010185c>] (do_one_initcall+0x3c/0x178)
[    0.241383] [<c010185c>] (do_one_initcall) from [<c0b00e8c>] (kernel_init_freeable+0x210/0x2e0)
[    0.241397] [<c0b00e8c>] (kernel_init_freeable) from [<c07aa0e4>] (kernel_init+0x8/0x118)
[    0.241410] [<c07aa0e4>] (kernel_init) from [<c01078d0>] (ret_from_fork+0x14/0x24)
[    0.241431] ---[ end trace e870b21c440400a9 ]---
[    0.243179] omap_hwmod: epwmss1: no dt node
[    0.243186] ------------[ cut here ]------------
[    0.243196] WARNING: CPU: 0 PID: 1 at arch/arm/mach-omap2/omap_hwmod.c:2497 _init+0x1d0/0x41c
[    0.243202] omap_hwmod: epwmss1: doesn't have mpu register target base
[    0.243208] Modules linked in:
[    0.243220] CPU: 0 PID: 1 Comm: swapper/0 Tainted: G        W       4.7.0-rc2-next-20160606-00002-g5a89848b485b #1
[    0.243227] Hardware name: Generic DRA72X (Flattened Device Tree)
[    0.243240] [<c01100d4>] (unwind_backtrace) from [<c010c250>] (show_stack+0x10/0x14)
[    0.243254] [<c010c250>] (show_stack) from [<c0480258>] (dump_stack+0xb0/0xe4)
[    0.243267] [<c0480258>] (dump_stack) from [<c01375e0>] (__warn+0xd4/0x100)
[    0.243281] [<c01375e0>] (__warn) from [<c0137640>] (warn_slowpath_fmt+0x34/0x44)
[    0.243293] [<c0137640>] (warn_slowpath_fmt) from [<c0b0ea50>] (_init+0x1d0/0x41c)
[    0.243305] [<c0b0ea50>] (_init) from [<c0121970>] (omap_hwmod_for_each+0x34/0x60)
[    0.243317] [<c0121970>] (omap_hwmod_for_each) from [<c0b0efd4>] (__omap_hwmod_setup_all+0x24/0x40)
[    0.243327] [<c0b0efd4>] (__omap_hwmod_setup_all) from [<c010185c>] (do_one_initcall+0x3c/0x178)
[    0.243338] [<c010185c>] (do_one_initcall) from [<c0b00e8c>] (kernel_init_freeable+0x210/0x2e0)
[    0.243349] [<c0b00e8c>] (kernel_init_freeable) from [<c07aa0e4>] (kernel_init+0x8/0x118)
[    0.243362] [<c07aa0e4>] (kernel_init) from [<c01078d0>] (ret_from_fork+0x14/0x24)
[    0.243369] ---[ end trace e870b21c440400aa ]---
[    0.245100] omap_hwmod: epwmss2: no dt node
[    0.245106] ------------[ cut here ]------------
[    0.245117] WARNING: CPU: 0 PID: 1 at arch/arm/mach-omap2/omap_hwmod.c:2497 _init+0x1d0/0x41c
[    0.245123] omap_hwmod: epwmss2: doesn't have mpu register target base
[    0.245129] Modules linked in:
[    0.245140] CPU: 0 PID: 1 Comm: swapper/0 Tainted: G        W       4.7.0-rc2-next-20160606-00002-g5a89848b485b #1
[    0.245147] Hardware name: Generic DRA72X (Flattened Device Tree)
[    0.245159] [<c01100d4>] (unwind_backtrace) from [<c010c250>] (show_stack+0x10/0x14)
[    0.245171] [<c010c250>] (show_stack) from [<c0480258>] (dump_stack+0xb0/0xe4)
[    0.245185] [<c0480258>] (dump_stack) from [<c01375e0>] (__warn+0xd4/0x100)
[    0.245197] [<c01375e0>] (__warn) from [<c0137640>] (warn_slowpath_fmt+0x34/0x44)
[    0.245209] [<c0137640>] (warn_slowpath_fmt) from [<c0b0ea50>] (_init+0x1d0/0x41c)
[    0.245221] [<c0b0ea50>] (_init) from [<c0121970>] (omap_hwmod_for_each+0x34/0x60)
[    0.245233] [<c0121970>] (omap_hwmod_for_each) from [<c0b0efd4>] (__omap_hwmod_setup_all+0x24/0x40)
[    0.245243] [<c0b0efd4>] (__omap_hwmod_setup_all) from [<c010185c>] (do_one_initcall+0x3c/0x178)
[    0.245253] [<c010185c>] (do_one_initcall) from [<c0b00e8c>] (kernel_init_freeable+0x210/0x2e0)
[    0.245265] [<c0b00e8c>] (kernel_init_freeable) from [<c07aa0e4>] (kernel_init+0x8/0x118)
[    0.245277] [<c07aa0e4>] (kernel_init) from [<c01078d0>] (ret_from_fork+0x14/0x24)
[    0.245284] ---[ end trace e870b21c440400ab ]---
[    0.347335] cpuidle: using governor menu
[    0.363366] OMAP GPIO hardware version 0.1
[    0.380239] irq: no irq domain found for /ocp/l4@4a000000/scm@2000/pinmux@1400 !
[    0.399765] omap-gpmc 50000000.gpmc: could not find pctldev for node /ocp/l4@4a000000/scm@2000/pinmux@1400/nand_default, deferring probe
[    0.408441] No ATAGs?
[    0.408476] hw-breakpoint: found 5 (+1 reserved) breakpoint and 4 watchpoint registers.
[    0.408485] hw-breakpoint: maximum watchpoint size is 8 bytes.
[    0.408934] omap4_sram_init:Unable to allocate sram needed to handle errata I688
[    0.408945] omap4_sram_init:Unable to get sram pool needed to handle errata I688
[    0.410157] OMAP DMA hardware revision 0.0
[    0.438054] omap-dma-engine 4a056000.dma-controller: OMAP DMA engine driver
[    0.439558] edma 43300000.edma: memcpy is disabled
[    0.452949] edma 43300000.edma: TI EDMA DMA engine driver
[    0.454192] aic_dvdd: supplied by evm_3v3
[    0.459157] SCSI subsystem initialized
[    0.460483] omap_i2c 48070000.i2c: could not find pctldev for node /ocp/l4@4a000000/scm@2000/pinmux@1400/pinmux_i2c1_pins, deferring probe
[    0.460550] omap_i2c 4807c000.i2c: could not find pctldev for node /ocp/l4@4a000000/scm@2000/pinmux@1400/pinmux_i2c5_pins, deferring probe
[    0.460755] pps_core: LinuxPPS API ver. 1 registered
[    0.460763] pps_core: Software ver. 5.3.6 - Copyright 2005-2007 Rodolfo Giometti <giometti@linux.it>
[    0.460803] PTP clock support registered
[    0.463705] clocksource: Switched to clocksource arch_sys_counter
[    0.535708] VFS: Disk quotas dquot_6.6.0
[    0.535815] VFS: Dquot-cache hash table entries: 1024 (order 0, 4096 bytes)
[    0.558942] NET: Registered protocol family 2
[    0.560155] TCP established hash table entries: 8192 (order: 3, 32768 bytes)
[    0.560288] TCP bind hash table entries: 8192 (order: 6, 294912 bytes)
[    0.562535] TCP: Hash tables configured (established 8192 bind 8192)
[    0.562685] UDP hash table entries: 512 (order: 3, 40960 bytes)
[    0.562993] UDP-Lite hash table entries: 512 (order: 3, 40960 bytes)
[    0.563873] NET: Registered protocol family 1
[    0.564896] RPC: Registered named UNIX socket transport module.
[    0.564906] RPC: Registered udp transport module.
[    0.564915] RPC: Registered tcp transport module.
[    0.564923] RPC: Registered tcp NFSv4.1 backchannel transport module.
[    0.567165] hw perfevents: enabled with armv7_cortex_a15 PMU driver, 7 counters available
[    0.571529] futex hash table entries: 256 (order: 2, 16384 bytes)
[    0.571673] audit: initializing netlink subsys (disabled)
[    0.571792] audit: type=2000 audit(0.559:1): initialized
[    0.574762] workingset: timestamp_bits=12 max_order=18 bucket_order=6
[    0.576296] NFS: Registering the id_resolver key type
[    0.576548] Key type id_resolver registered
[    0.576557] Key type id_legacy registered
[    0.576653] jffs2: version 2.2. (NAND) (SUMMARY)   2001-2006 Red Hat, Inc.
[    0.580105] bounce: pool size: 64 pages
[    0.580158] io scheduler noop registered
[    0.580166] io scheduler deadline registered
[    0.580194] io scheduler cfq registered (default)
[    0.587124] pinctrl-single 4a003400.pinmux: 282 pins at pa fc003400 size 1128
[    0.593329] Serial: 8250/16550 driver, 4 ports, IRQ sharing enabled
[    0.598323] 4806a000.serial: ttyO0 at MMIO 0x4806a000 (irq = 301, base_baud = 3000000) is a OMAP UART0
[    1.798642] console [ttyO0] enabled
[    1.828856] brd: module loaded
[    1.847457] loop: module loaded
[    1.853042] ahci 4a140000.sata: SSS flag set, parallel bus scan disabled
[    1.860122] ahci 4a140000.sata: AHCI 0001.0300 32 slots 1 ports 3 Gbps 0x1 impl platform mode
[    1.869067] ahci 4a140000.sata: flags: 64bit ncq sntf stag pm led clo only pmp pio slum part ccc apst 
[    1.881546] scsi host0: ahci
[    1.885506] ata1: SATA max UDMA/133 mmio [mem 0x4a140000-0x4a1410ff] port 0x100 irq 332
[    1.894616] mtdoops: mtd device (mtddev=name/number) must be supplied
[    1.906598] cpsw 48484000.ethernet: gpio request failed, ret -517
[    1.915639] mousedev: PS/2 mouse device common for all mice
[    1.921483] i2c /dev entries driver
[    1.927082] omap_hsmmc 4809c000.mmc: Got CD GPIO
[    1.973973] ledtrig-cpu: registered to indicate activity on CPUs
[    1.983007] oprofile: using timer interrupt.
[    1.987825] Initializing XFRM netlink socket
[    1.992528] NET: Registered protocol family 10
[    1.999488] sit: IPv6 over IPv4 tunneling driver
[    2.005914] NET: Registered protocol family 17
[    2.010601] NET: Registered protocol family 15
[    2.015483] Key type dns_resolver registered
[    2.020086] omap_voltage_late_init: Voltage driver support not added
[    2.026764] sr_dev_init: Unable to get voltage domain pointer for VDD core
[    2.033969] sr_dev_init: Unable to get voltage domain pointer for VDD mpu
[    2.041442] Power Management for TI OMAP4+ devices.
[    2.046878] ThumbEE CPU extension supported.
[    2.051368] Registering SWP/SWPB emulation handler
[    2.056411] SmartReflex Class3 initialized
[    2.068209] omap-gpmc 50000000.gpmc: GPMC revision 6.0
[    2.073853] gpmc_mem_init: disabling cs 0 mapped at 0x0-0x1000000
[    2.083284] nand: device found, Manufacturer ID: 0x2c, Chip ID: 0xca
[    2.089981] nand: Micron MT29F2G16ABAEAWP
[    2.094199] nand: 256 MiB, SLC, erase size: 128 KiB, page size: 2048, OOB size: 64
[    2.102219] nand: using OMAP_ECC_BCH8_CODE_HW ECC scheme
[    2.108000] 10 ofpart partitions found on MTD device 8000000.nand
[    2.114403] Creating 10 MTD partitions on "8000000.nand":
[    2.120071] 0x000000000000-0x000000020000 : "NAND.SPL"
[    2.133091] 0x000000020000-0x000000040000 : "NAND.SPL.backup1"
[    2.142177] 0x000000040000-0x000000060000 : "NAND.SPL.backup2"
[    2.151434] 0x000000060000-0x000000080000 : "NAND.SPL.backup3"
[    2.160528] 0x000000080000-0x0000000c0000 : "NAND.u-boot-spl-os"
[    2.169756] 0x0000000c0000-0x0000001c0000 : "NAND.u-boot"
[    2.178900] 0x0000001c0000-0x0000001e0000 : "NAND.u-boot-env"
[    2.188035] 0x0000001e0000-0x000000200000 : "NAND.u-boot-env.backup1"
[    2.194934] mmc0: new high speed MMC card at address 0001
[    2.203609] mmcblk0: mmc0:0001 MMC08G 7.25 GiB 
[    2.210543] 0x000000200000-0x000000a00000 : "NAND.kernel"
[    2.216715] mmcblk0boot0: mmc0:0001 MMC08G partition 1 8.00 MiB
[    2.227684] mmcblk0boot1: mmc0:0001 MMC08G partition 2 8.00 MiB
[    2.236501] 0x000000a00000-0x000010000000 : "NAND.file-system"
[    2.244011]  mmcblk0: p1 p2 p3
[    2.258095] ata1: SATA link down (SStatus 0 SControl 300)
[    2.359076] palmas 0-0058: Irq flag is 0x00000000
[    2.388123] palmas 0-0058: Muxing GPIO 1d, PWM 0, LED 0
[    2.410689] ldo2: Bringing 0uV into 1800000-1800000uV
[    2.431645] pcf857x 0-0021: probed
[    2.435630] omap_i2c 48070000.i2c: bus 0 rev0.12 at 400 kHz
[    2.474191] GPIO line 479 (vin6_sel_s0) hogged as output/low
[    2.480741] pcf857x 4-0026: probed
[    2.484376] omap_i2c 4807c000.i2c: bus 4 rev0.12 at 400 kHz
[    2.533697] davinci_mdio 48485000.mdio: davinci mdio revision 1.6
[    2.540087] davinci_mdio 48485000.mdio: detected phy mask fffffff7
[    2.550368] libphy: 48485000.mdio: probed
[    2.554609] davinci_mdio 48485000.mdio: phy[3]: device 48485000.mdio:03, driver unknown
[    2.563917] cpsw 48484000.ethernet: Detected MACID = b4:99:4c:d1:cd:8e
[    2.573930] omap_hsmmc 4809c000.mmc: Got CD GPIO
[    2.581763] omap_hsmmc 4809c000.mmc: Got CD GPIO
[    2.625378] hctosys: unable to open rtc device (rtc0)
[    2.630673] sr_init: No PMIC hook to init smartreflex
[    2.636203] sr_init: platform driver register failed for SR
[    2.681411] net eth0: initializing cpsw version 1.15 (0)
[    2.767590] Generic PHY 48485000.mdio:03: attached PHY driver [Generic PHY] (mii_bus:phy_addr=48485000.mdio:03, irq=-1)
[    2.786950] IPv6: ADDRCONF(NETDEV_UP): eth0: link is not ready
[    2.873113] mmc1: host does not support reading read-only switch, assuming write-enable
[    2.885028] mmc1: new high speed SDHC card at address aaaa
[    2.891887] mmcblk1: mmc1:aaaa SL08G 7.40 GiB 
[    2.908241]  mmcblk1: p1 p2 p3
[    6.770584] cpsw 48484000.ethernet eth0: Link is Up - 1Gbps/Full - flow control rx/tx
[    6.783733] IPv6: ADDRCONF(NETDEV_CHANGE): eth0: link becomes ready
[    6.803681] Sending DHCP requests .
[    8.779846] cpsw 48484000.ethernet eth0: Link is Down
[    9.303669] .
[   10.790674] cpsw 48484000.ethernet eth0: Link is Up - 1Gbps/Full - flow control rx/tx
[   13.673670] ., OK
[   13.694189] IP-Config: Got DHCP answer from 192.168.0.1, my address is 192.168.0.202
[   13.702679] IP-Config: Complete:
[   13.706095]      device=eth0, hwaddr=b4:99:4c:d1:cd:8e, ipaddr=192.168.0.202, mask=255.255.255.0, gw=192.168.0.1
[   13.716777]      host=192.168.0.202, domain=ti.com, nis-domain=(none)
[   13.723529]      bootserver=0.0.0.0, rootserver=0.0.0.0, rootpath=     nameserver0=192.0.2.2, nameserver1=192.0.2.3
[   13.734685] aic_dvdd: disabling
[   13.739037] ldo4: disabling
[   13.772954] EXT4-fs (mmcblk1p2): warning: maximal mount count reached, running e2fsck is recommended
[   13.786681] EXT4-fs (mmcblk1p2): mounted filesystem with ordered data mode. Opts: (null)
[   13.795276] VFS: Mounted root (ext4 filesystem) on device 179:26.
[   13.819869] devtmpfs: mounted
[   13.824196] Freeing unused kernel memory: 1024K (c0b00000 - c0c00000)
INIT: version 2.88 booting
Error opening /dev/fb0: No such file or directory
[   14.343507] omap2-nand 8000000.nand: uncorrectable bit-flips found
[   14.350042] omap2-nand 8000000.nand: uncorrectable bit-flips found
[   14.356547] omap2-nand 8000000.nand: uncorrectable bit-flips found
[   14.363026] omap2-nand 8000000.nand: uncorrectable bit-flips found
[   14.369591] blk_update_request: I/O error, dev mtdblock0, sector 8
[   14.377106] omap2-nand 8000000.nand: uncorrectable bit-flips found
[   14.383586] omap2-nand 8000000.nand: uncorrectable bit-flips found
[   14.390107] omap2-nand 8000000.nand: uncorrectable bit-flips found
[   14.396619] omap2-nand 8000000.nand: uncorrectable bit-flips found
[   14.403107] blk_update_request: I/O error, dev mtdblock0, sector 8
[   14.409640] Buffer I/O error on dev mtdblock0, logical block 1, async page read
[   14.418877] omap2-nand 8000000.nand: uncorrectable bit-flips found
[   14.425393] omap2-nand 8000000.nand: uncorrectable bit-flips found
[   14.431869] omap2-nand 8000000.nand: uncorrectable bit-flips found
[   14.438353] omap2-nand 8000000.nand: uncorrectable bit-flips found
[   14.444855] blk_update_request: I/O error, dev mtdblock1, sector 8
[   14.451895] omap2-nand 8000000.nand: uncorrectable bit-flips found
[   14.458406] omap2-nand 8000000.nand: uncorrectable bit-flips found
[   14.464907] omap2-nand 8000000.nand: uncorrectable bit-flips found
[   14.471377] omap2-nand 8000000.nand: uncorrectable bit-flips found
[   14.477873] blk_update_request: I/O error, dev mtdblock1, sector 8
[   14.484346] Buffer I/O error on dev mtdblock1, logical block 1, async page read
[   14.493300] omap2-nand 8000000.nand: uncorrectable bit-flips found
[   14.499819] omap2-nand 8000000.nand: uncorrectable bit-flips found
[   14.506312] omap2-nand 8000000.nand: uncorrectable bit-flips found
[   14.512792] omap2-nand 8000000.nand: uncorrectable bit-flips found
[   14.519294] blk_update_request: I/O error, dev mtdblock2, sector 8
[   14.526353] omap2-nand 8000000.nand: uncorrectable bit-flips found
[   14.532830] omap2-nand 8000000.nand: uncorrectable bit-flips found
[   14.539330] omap2-nand 8000000.nand: uncorrectable bit-flips found
[   14.545816] omap2-nand 8000000.nand: uncorrectable bit-flips found
[   14.552296] blk_update_request: I/O error, dev mtdblock2, sector 8
[   14.558774] Buffer I/O error on dev mtdblock2, logical block 1, async page read
[   14.567716] omap2-nand 8000000.nand: uncorrectable bit-flips found
[   14.574222] omap2-nand 8000000.nand: uncorrectable bit-flips found
[   14.580697] omap2-nand 8000000.nand: uncorrectable bit-flips found
[   14.587181] omap2-nand 8000000.nand: uncorrectable bit-flips found
[   14.593678] blk_update_request: I/O error, dev mtdblock3, sector 8
[   14.600712] omap2-nand 8000000.nand: uncorrectable bit-flips found
[   14.607214] omap2-nand 8000000.nand: uncorrectable bit-flips found
[   14.613702] omap2-nand 8000000.nand: uncorrectable bit-flips found
[   14.620175] omap2-nand 8000000.nand: uncorrectable bit-flips found
[   14.626672] blk_update_request: I/O error, dev mtdblock3, sector 8
[   14.633141] Buffer I/O error on dev mtdblock3, logical block 1, async page read
[   14.642057] omap2-nand 8000000.nand: uncorrectable bit-flips found
[   14.648564] omap2-nand 8000000.nand: uncorrectable bit-flips found
[   14.655069] omap2-nand 8000000.nand: uncorrectable bit-flips found
[   14.661540] omap2-nand 8000000.nand: uncorrectable bit-flips found
[   14.668037] blk_update_request: I/O error, dev mtdblock4, sector 8
[   14.675087] omap2-nand 8000000.nand: uncorrectable bit-flips found
[   14.681572] omap2-nand 8000000.nand: uncorrectable bit-flips found
[   14.688069] omap2-nand 8000000.nand: uncorrectable bit-flips found
[   14.694557] omap2-nand 8000000.nand: uncorrectable bit-flips found
[   14.701036] blk_update_request: I/O error, dev mtdblock4, sector 8
[   14.707508] Buffer I/O error on dev mtdblock4, logical block 1, async page read
[   14.716439] omap2-nand 8000000.nand: uncorrectable bit-flips found
[   14.722912] omap2-nand 8000000.nand: uncorrectable bit-flips found
[   14.729430] omap2-nand 8000000.nand: uncorrectable bit-flips found
[   14.735927] omap2-nand 8000000.nand: uncorrectable bit-flips found
[   14.742966] omap2-nand 8000000.nand: uncorrectable bit-flips found
[   14.749472] omap2-nand 8000000.nand: uncorrectable bit-flips found
[   14.755965] omap2-nand 8000000.nand: uncorrectable bit-flips found
[   14.762446] omap2-nand 8000000.nand: uncorrectable bit-flips found
[   14.768947] Buffer I/O error on dev mtdblock5, logical block 1, async page read
[   14.777881] omap2-nand 8000000.nand: uncorrectable bit-flips found
[   14.784390] omap2-nand 8000000.nand: uncorrectable bit-flips found
[   14.790860] omap2-nand 8000000.nand: uncorrectable bit-flips found
[   14.797353] omap2-nand 8000000.nand: uncorrectable bit-flips found
[   14.810162] omap2-nand 8000000.nand: uncorrectable bit-flips found
[   14.816668] omap2-nand 8000000.nand: uncorrectable bit-flips found
[   14.823143] omap2-nand 8000000.nand: uncorrectable bit-flips found
[   14.829637] omap2-nand 8000000.nand: uncorrectable bit-flips found
[   14.836144] Buffer I/O error on dev mtdblock6, logical block 1, async page read
[   14.845062] omap2-nand 8000000.nand: uncorrectable bit-flips found
[   14.851541] omap2-nand 8000000.nand: uncorrectable bit-flips found
[   14.858045] omap2-nand 8000000.nand: uncorrectable bit-flips found
[   14.864544] omap2-nand 8000000.nand: uncorrectable bit-flips found
[   14.871578] omap2-nand 8000000.nand: uncorrectable bit-flips found
[   14.878078] omap2-nand 8000000.nand: uncorrectable bit-flips found
[   14.884566] omap2-nand 8000000.nand: uncorrectable bit-flips found
[   14.891042] omap2-nand 8000000.nand: uncorrectable bit-flips found
[   14.897543] Buffer I/O error on dev mtdblock7, logical block 1, async page read
[   14.906692] omap2-nand 8000000.nand: uncorrectable bit-flips found
[   14.913176] omap2-nand 8000000.nand: uncorrectable bit-flips found
[   14.919688] omap2-nand 8000000.nand: uncorrectable bit-flips found
[   14.926176] omap2-nand 8000000.nand: uncorrectable bit-flips found
[   14.933217] omap2-nand 8000000.nand: uncorrectable bit-flips found
[   14.939719] omap2-nand 8000000.nand: uncorrectable bit-flips found
[   14.946205] omap2-nand 8000000.nand: uncorrectable bit-flips found
[   14.952682] omap2-nand 8000000.nand: uncorrectable bit-flips found
[   14.959183] Buffer I/O error on dev mtdblock8, logical block 2032, async page read
[   15.027534] omap2-nand 8000000.nand: uncorrectable bit-flips found
[   15.034063] omap2-nand 8000000.nand: uncorrectable bit-flips found
[   15.040535] omap2-nand 8000000.nand: uncorrectable bit-flips found
[   15.047036] omap2-nand 8000000.nand: uncorrectable bit-flips found
[   15.054226] omap2-nand 8000000.nand: uncorrectable bit-flips found
[   15.060699] omap2-nand 8000000.nand: uncorrectable bit-flips found
[   15.067219] omap2-nand 8000000.nand: uncorrectable bit-flips found
[   15.073716] omap2-nand 8000000.nand: uncorrectable bit-flips found
[   15.080206] Buffer I/O error on dev mtdblock9, logical block 62960, async page read
[   15.344211] omap2-nand 8000000.nand: uncorrectable bit-flips found
[   15.350699] omap2-nand 8000000.nand: uncorrectable bit-flips found
[   15.357206] omap2-nand 8000000.nand: uncorrectable bit-flips found
[   15.363703] omap2-nand 8000000.nand: uncorrectable bit-flips found
[   15.370770] omap2-nand 8000000.nand: uncorrectable bit-flips found
[   15.377286] omap2-nand 8000000.nand: uncorrectable bit-flips found
[   15.383792] omap2-nand 8000000.nand: uncorrectable bit-flips found
[   15.390266] omap2-nand 8000000.nand: uncorrectable bit-flips found
[   15.398092] omap2-nand 8000000.nand: uncorrectable bit-flips found
[   15.404605] omap2-nand 8000000.nand: uncorrectable bit-flips found
[   15.411087] omap2-nand 8000000.nand: uncorrectable bit-flips found
[   15.417580] omap2-nand 8000000.nand: uncorrectable bit-flips found
[   15.424634] omap2-nand 8000000.nand: uncorrectable bit-flips found
[   15.431120] omap2-nand 8000000.nand: uncorrectable bit-flips found
[   15.437625] omap2-nand 8000000.nand: uncorrectable bit-flips found
[   15.444120] omap2-nand 8000000.nand: uncorrectable bit-flips found
[   15.451768] omap2-nand 8000000.nand: uncorrectable bit-flips found
[   15.458283] omap2-nand 8000000.nand: uncorrectable bit-flips found
[   15.464785] omap2-nand 8000000.nand: uncorrectable bit-flips found
[   15.471262] omap2-nand 8000000.nand: uncorrectable bit-flips found
[   15.478312] omap2-nand 8000000.nand: uncorrectable bit-flips found
[   15.484818] omap2-nand 8000000.nand: uncorrectable bit-flips found
[   15.491291] omap2-nand 8000000.nand: uncorrectable bit-flips found
[   15.497775] omap2-nand 8000000.nand: uncorrectable bit-flips found
[   15.505416] omap2-nand 8000000.nand: uncorrectable bit-flips found
[   15.511897] omap2-nand 8000000.nand: uncorrectable bit-flips found
[   15.518414] omap2-nand 8000000.nand: uncorrectable bit-flips found
[   15.524904] omap2-nand 8000000.nand: uncorrectable bit-flips found
[   15.531940] omap2-nand 8000000.nand: uncorrectable bit-flips found
[   15.538448] omap2-nand 8000000.nand: uncorrectable bit-flips found
[   15.544931] omap2-nand 8000000.nand: uncorrectable bit-flips found
[   15.551409] omap2-nand 8000000.nand: uncorrectable bit-flips found
[   15.559050] omap2-nand 8000000.nand: uncorrectable bit-flips found
[   15.565560] omap2-nand 8000000.nand: uncorrectable bit-flips found
[   15.572038] omap2-nand 8000000.nand: uncorrectable bit-flips found
[   15.578528] omap2-nand 8000000.nand: uncorrectable bit-flips found
[   15.585578] omap2-nand 8000000.nand: uncorrectable bit-flips found
[   15.592051] omap2-nand 8000000.nand: uncorrectable bit-flips found
[   15.598554] omap2-nand 8000000.nand: uncorrectable bit-flips found
[   15.605041] omap2-nand 8000000.nand: uncorrectable bit-flips found
[   15.612663] omap2-nand 8000000.nand: uncorrectable bit-flips found
[   15.619175] omap2-nand 8000000.nand: uncorrectable bit-flips found
[   15.625663] omap2-nand 8000000.nand: uncorrectable bit-flips found
[   15.632143] omap2-nand 8000000.nand: uncorrectable bit-flips found
[   15.639204] omap2-nand 8000000.nand: uncorrectable bit-flips found
[   15.645708] omap2-nand 8000000.nand: uncorrectable bit-flips found
[   15.652187] omap2-nand 8000000.nand: uncorrectable bit-flips found
[   15.658673] omap2-nand 8000000.nand: uncorrectable bit-flips found
[   15.666306] omap2-nand 8000000.nand: uncorrectable bit-flips found
[   15.672783] omap2-nand 8000000.nand: uncorrectable bit-flips found
[   15.679286] omap2-nand 8000000.nand: uncorrectable bit-flips found
[   15.685774] omap2-nand 8000000.nand: uncorrectable bit-flips found
[   15.692816] omap2-nand 8000000.nand: uncorrectable bit-flips found
[   15.699319] omap2-nand 8000000.nand: uncorrectable bit-flips found
[   15.705815] omap2-nand 8000000.nand: uncorrectable bit-flips found
[   15.712293] omap2-nand 8000000.nand: uncorrectable bit-flips found
[   15.719933] omap2-nand 8000000.nand: uncorrectable bit-flips found
[   15.726443] omap2-nand 8000000.nand: uncorrectable bit-flips found
[   15.732927] omap2-nand 8000000.nand: uncorrectable bit-flips found
[   15.739422] omap2-nand 8000000.nand: uncorrectable bit-flips found
[   15.746470] omap2-nand 8000000.nand: uncorrectable bit-flips found
[   15.752943] omap2-nand 8000000.nand: uncorrectable bit-flips found
[   15.759438] omap2-nand 8000000.nand: uncorrectable bit-flips found
[   15.765918] omap2-nand 8000000.nand: uncorrectable bit-flips found
[   15.773752] omap2-nand 8000000.nand: uncorrectable bit-flips found
[   15.780224] omap2-nand 8000000.nand: uncorrectable bit-flips found
[   15.786722] omap2-nand 8000000.nand: uncorrectable bit-flips found
[   15.793201] omap2-nand 8000000.nand: uncorrectable bit-flips found
[   15.800251] omap2-nand 8000000.nand: uncorrectable bit-flips found
[   15.806766] omap2-nand 8000000.nand: uncorrectable bit-flips found
[   15.813243] omap2-nand 8000000.nand: uncorrectable bit-flips found
[   15.819738] omap2-nand 8000000.nand: uncorrectable bit-flips found
[   15.955133] omap2-nand 8000000.nand: uncorrectable bit-flips found
[   15.961613] omap2-nand 8000000.nand: uncorrectable bit-flips found
[   15.968124] omap2-nand 8000000.nand: uncorrectable bit-flips found
[   15.974620] omap2-nand 8000000.nand: uncorrectable bit-flips found
[   15.981663] omap2-nand 8000000.nand: uncorrectable bit-flips found
[   15.988168] omap2-nand 8000000.nand: uncorrectable bit-flips found
[   15.994670] omap2-nand 8000000.nand: uncorrectable bit-flips found
[   16.001145] omap2-nand 8000000.nand: uncorrectable bit-flips found
Starting udev
[   16.262844] udevd[126]: starting version 182
[   21.292106] omap2-nand 8000000.nand: uncorrectable bit-flips found
[   21.298656] omap2-nand 8000000.nand: uncorrectable bit-flips found
[   21.305169] omap2-nand 8000000.nand: uncorrectable bit-flips found
[   21.311650] omap2-nand 8000000.nand: uncorrectable bit-flips found
[   21.318162] blk_update_request: 30 callbacks suppressed
[   21.323639] blk_update_request: I/O error, dev mtdblock0, sector 8
[   21.369596] omap2-nand 8000000.nand: uncorrectable bit-flips found
[   21.376141] omap2-nand 8000000.nand: uncorrectable bit-flips found
[   21.382613] omap2-nand 8000000.nand: uncorrectable bit-flips found
[   21.389112] omap2-nand 8000000.nand: uncorrectable bit-flips found
[   21.395628] blk_update_request: I/O error, dev mtdblock0, sector 8
[   21.402108] buffer_io_error: 10 callbacks suppressed
[   21.407310] Buffer I/O error on dev mtdblock0, logical block 1, async page read
[   21.415848] omap2-nand 8000000.nand: uncorrectable bit-flips found
[   21.422330] omap2-nand 8000000.nand: uncorrectable bit-flips found
[   21.428846] omap2-nand 8000000.nand: uncorrectable bit-flips found
[   21.435340] omap2-nand 8000000.nand: uncorrectable bit-flips found
[   21.441828] blk_update_request: I/O error, dev mtdblock0, sector 8
[   21.448306] Buffer I/O error on dev mtdblock0, logical block 1, async page read
[   21.456701] omap2-nand 8000000.nand: uncorrectable bit-flips found
[   21.463182] omap2-nand 8000000.nand: uncorrectable bit-flips found
[   21.469677] omap2-nand 8000000.nand: uncorrectable bit-flips found
[   21.476164] omap2-nand 8000000.nand: uncorrectable bit-flips found
[   21.482654] blk_update_request: I/O error, dev mtdblock0, sector 8
[   21.489135] Buffer I/O error on dev mtdblock0, logical block 1, async page read
[   21.497444] omap2-nand 8000000.nand: uncorrectable bit-flips found
[   21.503936] omap2-nand 8000000.nand: uncorrectable bit-flips found
[   21.510416] omap2-nand 8000000.nand: uncorrectable bit-flips found
[   21.516906] omap2-nand 8000000.nand: uncorrectable bit-flips found
[   21.523387] blk_update_request: I/O error, dev mtdblock0, sector 8
[   21.529868] Buffer I/O error on dev mtdblock0, logical block 1, async page read
[   21.538151] omap2-nand 8000000.nand: uncorrectable bit-flips found
[   21.544645] omap2-nand 8000000.nand: uncorrectable bit-flips found
[   21.551122] omap2-nand 8000000.nand: uncorrectable bit-flips found
[   21.557613] omap2-nand 8000000.nand: uncorrectable bit-flips found
[   21.564111] blk_update_request: I/O error, dev mtdblock0, sector 8
[   21.570586] Buffer I/O error on dev mtdblock0, logical block 1, async page read
[   21.578837] omap2-nand 8000000.nand: uncorrectable bit-flips found
[   21.585337] omap2-nand 8000000.nand: uncorrectable bit-flips found
[   21.591812] omap2-nand 8000000.nand: uncorrectable bit-flips found
[   21.598306] omap2-nand 8000000.nand: uncorrectable bit-flips found
[   21.604806] blk_update_request: I/O error, dev mtdblock0, sector 8
[   21.611281] Buffer I/O error on dev mtdblock0, logical block 1, async page read
[   21.622890] omap2-nand 8000000.nand: uncorrectable bit-flips found
[   21.629402] omap2-nand 8000000.nand: uncorrectable bit-flips found
[   21.635897] omap2-nand 8000000.nand: uncorrectable bit-flips found
[   21.642375] omap2-nand 8000000.nand: uncorrectable bit-flips found
[   21.648876] blk_update_request: I/O error, dev mtdblock1, sector 8
[   21.656071] omap2-nand 8000000.nand: uncorrectable bit-flips found
[   21.662543] omap2-nand 8000000.nand: uncorrectable bit-flips found
[   21.669041] omap2-nand 8000000.nand: uncorrectable bit-flips found
[   21.675539] omap2-nand 8000000.nand: uncorrectable bit-flips found
[   21.682022] blk_update_request: I/O error, dev mtdblock1, sector 8
[   21.688509] Buffer I/O error on dev mtdblock1, logical block 1, async page read
[   21.696869] omap2-nand 8000000.nand: uncorrectable bit-flips found
[   21.703346] omap2-nand 8000000.nand: uncorrectable bit-flips found
[   21.709857] omap2-nand 8000000.nand: uncorrectable bit-flips found
[   21.716347] omap2-nand 8000000.nand: uncorrectable bit-flips found
[   21.722836] blk_update_request: I/O error, dev mtdblock1, sector 8
[   21.729309] Buffer I/O error on dev mtdblock1, logical block 1, async page read
[   21.737712] omap2-nand 8000000.nand: uncorrectable bit-flips found
[   21.744211] omap2-nand 8000000.nand: uncorrectable bit-flips found
[   21.750686] omap2-nand 8000000.nand: uncorrectable bit-flips found
[   21.757180] omap2-nand 8000000.nand: uncorrectable bit-flips found
[   21.763681] Buffer I/O error on dev mtdblock1, logical block 1, async page read
[   21.771952] omap2-nand 8000000.nand: uncorrectable bit-flips found
[   21.778450] omap2-nand 8000000.nand: uncorrectable bit-flips found
[   21.784944] omap2-nand 8000000.nand: uncorrectable bit-flips found
[   21.791418] omap2-nand 8000000.nand: uncorrectable bit-flips found
[   21.797919] Buffer I/O error on dev mtdblock1, logical block 1, async page read
[   21.806202] omap2-nand 8000000.nand: uncorrectable bit-flips found
[   21.812680] omap2-nand 8000000.nand: uncorrectable bit-flips found
[   21.819174] omap2-nand 8000000.nand: uncorrectable bit-flips found
[   21.825670] omap2-nand 8000000.nand: uncorrectable bit-flips found
[   21.838491] omap2-nand 8000000.nand: uncorrectable bit-flips found
[   21.844990] omap2-nand 8000000.nand: uncorrectable bit-flips found
[   21.851463] omap2-nand 8000000.nand: uncorrectable bit-flips found
[   21.857950] omap2-nand 8000000.nand: uncorrectable bit-flips found
[   21.868264] omap2-nand 8000000.nand: uncorrectable bit-flips found
[   21.874772] omap2-nand 8000000.nand: uncorrectable bit-flips found
[   21.881251] omap2-nand 8000000.nand: uncorrectable bit-flips found
[   21.887741] omap2-nand 8000000.nand: uncorrectable bit-flips found
[   21.894909] omap2-nand 8000000.nand: uncorrectable bit-flips found
[   21.901386] omap2-nand 8000000.nand: uncorrectable bit-flips found
[   21.907890] omap2-nand 8000000.nand: uncorrectable bit-flips found
[   21.914386] omap2-nand 8000000.nand: uncorrectable bit-flips found
[   21.921539] omap2-nand 8000000.nand: uncorrectable bit-flips found
[   21.928057] omap2-nand 8000000.nand: uncorrectable bit-flips found
[   21.934558] omap2-nand 8000000.nand: uncorrectable bit-flips found
[   21.941033] omap2-nand 8000000.nand: uncorrectable bit-flips found
[   21.948223] omap2-nand 8000000.nand: uncorrectable bit-flips found
[   21.954726] omap2-nand 8000000.nand: uncorrectable bit-flips found
[   21.961195] omap2-nand 8000000.nand: uncorrectable bit-flips found
[   21.967684] omap2-nand 8000000.nand: uncorrectable bit-flips found
[   21.974788] omap2-nand 8000000.nand: uncorrectable bit-flips found
[   21.981264] omap2-nand 8000000.nand: uncorrectable bit-flips found
[   21.987754] omap2-nand 8000000.nand: uncorrectable bit-flips found
[   21.994244] omap2-nand 8000000.nand: uncorrectable bit-flips found
[   22.001323] omap2-nand 8000000.nand: uncorrectable bit-flips found
[   22.007820] omap2-nand 8000000.nand: uncorrectable bit-flips found
[   22.014314] omap2-nand 8000000.nand: uncorrectable bit-flips found
[   22.020787] omap2-nand 8000000.nand: uncorrectable bit-flips found
[   22.027851] omap2-nand 8000000.nand: uncorrectable bit-flips found
[   22.034338] omap2-nand 8000000.nand: uncorrectable bit-flips found
[   22.040815] omap2-nand 8000000.nand: uncorrectable bit-flips found
[   22.047317] omap2-nand 8000000.nand: uncorrectable bit-flips found
[   22.057699] omap2-nand 8000000.nand: uncorrectable bit-flips found
[   22.064206] omap2-nand 8000000.nand: uncorrectable bit-flips found
[   22.070684] omap2-nand 8000000.nand: uncorrectable bit-flips found
[   22.077178] omap2-nand 8000000.nand: uncorrectable bit-flips found
[   22.084360] omap2-nand 8000000.nand: uncorrectable bit-flips found
[   22.090833] omap2-nand 8000000.nand: uncorrectable bit-flips found
[   22.097340] omap2-nand 8000000.nand: uncorrectable bit-flips found
[   22.103832] omap2-nand 8000000.nand: uncorrectable bit-flips found
[   22.110980] omap2-nand 8000000.nand: uncorrectable bit-flips found
[   22.117490] omap2-nand 8000000.nand: uncorrectable bit-flips found
[   22.123994] omap2-nand 8000000.nand: uncorrectable bit-flips found
[   22.130471] omap2-nand 8000000.nand: uncorrectable bit-flips found
[   22.138411] omap2-nand 8000000.nand: uncorrectable bit-flips found
[   22.144918] omap2-nand 8000000.nand: uncorrectable bit-flips found
[   22.151401] omap2-nand 8000000.nand: uncorrectable bit-flips found
[   22.157893] omap2-nand 8000000.nand: uncorrectable bit-flips found
[   22.165028] omap2-nand 8000000.nand: uncorrectable bit-flips found
[   22.171507] omap2-nand 8000000.nand: uncorrectable bit-flips found
[   22.178005] omap2-nand 8000000.nand: uncorrectable bit-flips found
[   22.184495] omap2-nand 8000000.nand: uncorrectable bit-flips found
[   22.191586] omap2-nand 8000000.nand: uncorrectable bit-flips found
[   22.198096] omap2-nand 8000000.nand: uncorrectable bit-flips found
[   22.204586] omap2-nand 8000000.nand: uncorrectable bit-flips found
[   22.211065] omap2-nand 8000000.nand: uncorrectable bit-flips found
[   22.218148] omap2-nand 8000000.nand: uncorrectable bit-flips found
[   22.224646] omap2-nand 8000000.nand: uncorrectable bit-flips found
[   22.231121] omap2-nand 8000000.nand: uncorrectable bit-flips found
[   22.237611] omap2-nand 8000000.nand: uncorrectable bit-flips found
[   22.247956] omap2-nand 8000000.nand: uncorrectable bit-flips found
[   22.254472] omap2-nand 8000000.nand: uncorrectable bit-flips found
[   22.260943] omap2-nand 8000000.nand: uncorrectable bit-flips found
[   22.267441] omap2-nand 8000000.nand: uncorrectable bit-flips found
[   22.274623] omap2-nand 8000000.nand: uncorrectable bit-flips found
[   22.281094] omap2-nand 8000000.nand: uncorrectable bit-flips found
[   22.287602] omap2-nand 8000000.nand: uncorrectable bit-flips found
[   22.294094] omap2-nand 8000000.nand: uncorrectable bit-flips found
[   22.301236] omap2-nand 8000000.nand: uncorrectable bit-flips found
[   22.307758] omap2-nand 8000000.nand: uncorrectable bit-flips found
[   22.314260] omap2-nand 8000000.nand: uncorrectable bit-flips found
[   22.320732] omap2-nand 8000000.nand: uncorrectable bit-flips found
[   22.327927] omap2-nand 8000000.nand: uncorrectable bit-flips found
[   22.334422] omap2-nand 8000000.nand: uncorrectable bit-flips found
[   22.340899] omap2-nand 8000000.nand: uncorrectable bit-flips found
[   22.347389] omap2-nand 8000000.nand: uncorrectable bit-flips found
[   22.354497] omap2-nand 8000000.nand: uncorrectable bit-flips found
[   22.360976] omap2-nand 8000000.nand: uncorrectable bit-flips found
[   22.367466] omap2-nand 8000000.nand: uncorrectable bit-flips found
[   22.373952] omap2-nand 8000000.nand: uncorrectable bit-flips found
[   22.381032] omap2-nand 8000000.nand: uncorrectable bit-flips found
[   22.387523] omap2-nand 8000000.nand: uncorrectable bit-flips found
[   22.394009] omap2-nand 8000000.nand: uncorrectable bit-flips found
[   22.400489] omap2-nand 8000000.nand: uncorrectable bit-flips found
[   22.407550] omap2-nand 8000000.nand: uncorrectable bit-flips found
[   22.414051] omap2-nand 8000000.nand: uncorrectable bit-flips found
[   22.420528] omap2-nand 8000000.nand: uncorrectable bit-flips found
[   22.427018] omap2-nand 8000000.nand: uncorrectable bit-flips found
[   22.437395] omap2-nand 8000000.nand: uncorrectable bit-flips found
[   22.443903] omap2-nand 8000000.nand: uncorrectable bit-flips found
[   22.450375] omap2-nand 8000000.nand: uncorrectable bit-flips found
[   22.456861] omap2-nand 8000000.nand: uncorrectable bit-flips found
[   22.464089] omap2-nand 8000000.nand: uncorrectable bit-flips found
[   22.470566] omap2-nand 8000000.nand: uncorrectable bit-flips found
[   22.477080] omap2-nand 8000000.nand: uncorrectable bit-flips found
[   22.483554] omap2-nand 8000000.nand: uncorrectable bit-flips found
[   22.490781] omap2-nand 8000000.nand: uncorrectable bit-flips found
[   22.497278] omap2-nand 8000000.nand: uncorrectable bit-flips found
[   22.503766] omap2-nand 8000000.nand: uncorrectable bit-flips found
[   22.510239] omap2-nand 8000000.nand: uncorrectable bit-flips found
[   22.517369] omap2-nand 8000000.nand: uncorrectable bit-flips found
[   22.523859] omap2-nand 8000000.nand: uncorrectable bit-flips found
[   22.530338] omap2-nand 8000000.nand: uncorrectable bit-flips found
[   22.536823] omap2-nand 8000000.nand: uncorrectable bit-flips found
[   22.543917] omap2-nand 8000000.nand: uncorrectable bit-flips found
[   22.550392] omap2-nand 8000000.nand: uncorrectable bit-flips found
[   22.556883] omap2-nand 8000000.nand: uncorrectable bit-flips found
[   22.563359] omap2-nand 8000000.nand: uncorrectable bit-flips found
[   22.570432] omap2-nand 8000000.nand: uncorrectable bit-flips found
[   22.576925] omap2-nand 8000000.nand: uncorrectable bit-flips found
[   22.583401] omap2-nand 8000000.nand: uncorrectable bit-flips found
[   22.589890] omap2-nand 8000000.nand: uncorrectable bit-flips found
[   22.596951] omap2-nand 8000000.nand: uncorrectable bit-flips found
[   22.603422] omap2-nand 8000000.nand: uncorrectable bit-flips found
[   22.609916] omap2-nand 8000000.nand: uncorrectable bit-flips found
[   22.616411] omap2-nand 8000000.nand: uncorrectable bit-flips found
[   22.626753] omap2-nand 8000000.nand: uncorrectable bit-flips found
[   22.633231] omap2-nand 8000000.nand: uncorrectable bit-flips found
[   22.639738] omap2-nand 8000000.nand: uncorrectable bit-flips found
[   22.646230] omap2-nand 8000000.nand: uncorrectable bit-flips found
[   22.653390] omap2-nand 8000000.nand: uncorrectable bit-flips found
[   22.659895] omap2-nand 8000000.nand: uncorrectable bit-flips found
[   22.666397] omap2-nand 8000000.nand: uncorrectable bit-flips found
[   22.672880] omap2-nand 8000000.nand: uncorrectable bit-flips found
[   22.680044] omap2-nand 8000000.nand: uncorrectable bit-flips found
[   22.686559] omap2-nand 8000000.nand: uncorrectable bit-flips found
[   22.693036] omap2-nand 8000000.nand: uncorrectable bit-flips found
[   22.699533] omap2-nand 8000000.nand: uncorrectable bit-flips found
[   22.706709] omap2-nand 8000000.nand: uncorrectable bit-flips found
[   22.713193] omap2-nand 8000000.nand: uncorrectable bit-flips found
[   22.719689] omap2-nand 8000000.nand: uncorrectable bit-flips found
[   22.726180] omap2-nand 8000000.nand: uncorrectable bit-flips found
[   22.733271] omap2-nand 8000000.nand: uncorrectable bit-flips found
[   22.739763] omap2-nand 8000000.nand: uncorrectable bit-flips found
[   22.746251] omap2-nand 8000000.nand: uncorrectable bit-flips found
[   22.752730] omap2-nand 8000000.nand: uncorrectable bit-flips found
[   22.759805] omap2-nand 8000000.nand: uncorrectable bit-flips found
[   22.766292] omap2-nand 8000000.nand: uncorrectable bit-flips found
[   22.772771] omap2-nand 8000000.nand: uncorrectable bit-flips found
[   22.779260] omap2-nand 8000000.nand: uncorrectable bit-flips found
[   22.786315] omap2-nand 8000000.nand: uncorrectable bit-flips found
[   22.792797] omap2-nand 8000000.nand: uncorrectable bit-flips found
[   22.799288] omap2-nand 8000000.nand: uncorrectable bit-flips found
[   22.805774] omap2-nand 8000000.nand: uncorrectable bit-flips found
[   22.816116] omap2-nand 8000000.nand: uncorrectable bit-flips found
[   22.822593] omap2-nand 8000000.nand: uncorrectable bit-flips found
[   22.829095] omap2-nand 8000000.nand: uncorrectable bit-flips found
[   22.835590] omap2-nand 8000000.nand: uncorrectable bit-flips found
[   22.848968] omap2-nand 8000000.nand: uncorrectable bit-flips found
[   22.855460] omap2-nand 8000000.nand: uncorrectable bit-flips found
[   22.861928] omap2-nand 8000000.nand: uncorrectable bit-flips found
[   22.868417] omap2-nand 8000000.nand: uncorrectable bit-flips found
[   22.875570] omap2-nand 8000000.nand: uncorrectable bit-flips found
[   22.882055] omap2-nand 8000000.nand: uncorrectable bit-flips found
[   22.888542] omap2-nand 8000000.nand: uncorrectable bit-flips found
[   22.895030] omap2-nand 8000000.nand: uncorrectable bit-flips found
[   22.902150] omap2-nand 8000000.nand: uncorrectable bit-flips found
[   22.908650] omap2-nand 8000000.nand: uncorrectable bit-flips found
[   22.915148] omap2-nand 8000000.nand: uncorrectable bit-flips found
[   22.921622] omap2-nand 8000000.nand: uncorrectable bit-flips found
[   22.928724] omap2-nand 8000000.nand: uncorrectable bit-flips found
[   22.935218] omap2-nand 8000000.nand: uncorrectable bit-flips found
[   22.941700] omap2-nand 8000000.nand: uncorrectable bit-flips found
[   22.948192] omap2-nand 8000000.nand: uncorrectable bit-flips found
[   22.955276] omap2-nand 8000000.nand: uncorrectable bit-flips found
[   22.961752] omap2-nand 8000000.nand: uncorrectable bit-flips found
[   22.968248] omap2-nand 8000000.nand: uncorrectable bit-flips found
[   22.974742] omap2-nand 8000000.nand: uncorrectable bit-flips found
[   22.981783] omap2-nand 8000000.nand: uncorrectable bit-flips found
[   22.988286] omap2-nand 8000000.nand: uncorrectable bit-flips found
[   22.994773] omap2-nand 8000000.nand: uncorrectable bit-flips found
[   23.001245] omap2-nand 8000000.nand: uncorrectable bit-flips found
[   23.012798] omap2-nand 8000000.nand: uncorrectable bit-flips found
[   23.019307] omap2-nand 8000000.nand: uncorrectable bit-flips found
[   23.025802] omap2-nand 8000000.nand: uncorrectable bit-flips found
[   23.032279] omap2-nand 8000000.nand: uncorrectable bit-flips found
[   23.039457] omap2-nand 8000000.nand: uncorrectable bit-flips found
[   23.045969] omap2-nand 8000000.nand: uncorrectable bit-flips found
[   23.052455] omap2-nand 8000000.nand: uncorrectable bit-flips found
[   23.058952] omap2-nand 8000000.nand: uncorrectable bit-flips found
[   23.066158] omap2-nand 8000000.nand: uncorrectable bit-flips found
[   23.072641] omap2-nand 8000000.nand: uncorrectable bit-flips found
[   23.079155] omap2-nand 8000000.nand: uncorrectable bit-flips found
[   23.085657] omap2-nand 8000000.nand: uncorrectable bit-flips found
[   23.092867] omap2-nand 8000000.nand: uncorrectable bit-flips found
[   23.099364] omap2-nand 8000000.nand: uncorrectable bit-flips found
[   23.105852] omap2-nand 8000000.nand: uncorrectable bit-flips found
[   23.112334] omap2-nand 8000000.nand: uncorrectable bit-flips found
[   23.119444] omap2-nand 8000000.nand: uncorrectable bit-flips found
[   23.125943] omap2-nand 8000000.nand: uncorrectable bit-flips found
[   23.132422] omap2-nand 8000000.nand: uncorrectable bit-flips found
[   23.138919] omap2-nand 8000000.nand: uncorrectable bit-flips found
[   23.146663] omap2-nand 8000000.nand: uncorrectable bit-flips found
[   23.153143] omap2-nand 8000000.nand: uncorrectable bit-flips found
[   23.159652] omap2-nand 8000000.nand: uncorrectable bit-flips found
[   23.166146] omap2-nand 8000000.nand: uncorrectable bit-flips found
[   23.173213] omap2-nand 8000000.nand: uncorrectable bit-flips found
[   23.179720] omap2-nand 8000000.nand: uncorrectable bit-flips found
[   23.186213] omap2-nand 8000000.nand: uncorrectable bit-flips found
[   23.192692] omap2-nand 8000000.nand: uncorrectable bit-flips found
[   23.453033] omap2-nand 8000000.nand: uncorrectable bit-flips found
[   23.459564] omap2-nand 8000000.nand: uncorrectable bit-flips found
[   23.466056] omap2-nand 8000000.nand: uncorrectable bit-flips found
[   23.472534] omap2-nand 8000000.nand: uncorrectable bit-flips found
[   23.483971] omap2-nand 8000000.nand: uncorrectable bit-flips found
[   23.490449] omap2-nand 8000000.nand: uncorrectable bit-flips found
[   23.496974] omap2-nand 8000000.nand: uncorrectable bit-flips found
[   23.503458] omap2-nand 8000000.nand: uncorrectable bit-flips found
[   23.510717] omap2-nand 8000000.nand: uncorrectable bit-flips found
[   23.517213] omap2-nand 8000000.nand: uncorrectable bit-flips found
[   23.523707] omap2-nand 8000000.nand: uncorrectable bit-flips found
[   23.530182] omap2-nand 8000000.nand: uncorrectable bit-flips found
[   23.537306] omap2-nand 8000000.nand: uncorrectable bit-flips found
[   23.543803] omap2-nand 8000000.nand: uncorrectable bit-flips found
[   23.550278] omap2-nand 8000000.nand: uncorrectable bit-flips found
[   23.556772] omap2-nand 8000000.nand: uncorrectable bit-flips found
[   23.563908] omap2-nand 8000000.nand: uncorrectable bit-flips found
[   23.570389] omap2-nand 8000000.nand: uncorrectable bit-flips found
[   23.576889] omap2-nand 8000000.nand: uncorrectable bit-flips found
[   23.583363] omap2-nand 8000000.nand: uncorrectable bit-flips found
[   23.590445] omap2-nand 8000000.nand: uncorrectable bit-flips found
[   23.596944] omap2-nand 8000000.nand: uncorrectable bit-flips found
[   23.603425] omap2-nand 8000000.nand: uncorrectable bit-flips found
[   23.609914] omap2-nand 8000000.nand: uncorrectable bit-flips found
[   23.616981] omap2-nand 8000000.nand: uncorrectable bit-flips found
[   23.623452] omap2-nand 8000000.nand: uncorrectable bit-flips found
[   23.629941] omap2-nand 8000000.nand: uncorrectable bit-flips found
[   23.636428] omap2-nand 8000000.nand: uncorrectable bit-flips found
[   23.792059] random: nonblocking pool is initialized
[   24.079694] omap2-nand 8000000.nand: uncorrectable bit-flips found
[   24.086262] omap2-nand 8000000.nand: uncorrectable bit-flips found
[   24.092744] omap2-nand 8000000.nand: uncorrectable bit-flips found
[   24.099248] omap2-nand 8000000.nand: uncorrectable bit-flips found
[   24.114855] omap2-nand 8000000.nand: uncorrectable bit-flips found
[   24.121337] omap2-nand 8000000.nand: uncorrectable bit-flips found
[   24.127861] omap2-nand 8000000.nand: uncorrectable bit-flips found
[   24.134363] omap2-nand 8000000.nand: uncorrectable bit-flips found
[   24.141733] omap2-nand 8000000.nand: uncorrectable bit-flips found
[   24.148251] omap2-nand 8000000.nand: uncorrectable bit-flips found
[   24.154751] omap2-nand 8000000.nand: uncorrectable bit-flips found
[   24.161233] omap2-nand 8000000.nand: uncorrectable bit-flips found
[   24.169101] omap2-nand 8000000.nand: uncorrectable bit-flips found
[   24.175616] omap2-nand 8000000.nand: uncorrectable bit-flips found
[   24.182098] omap2-nand 8000000.nand: uncorrectable bit-flips found
[   24.188595] omap2-nand 8000000.nand: uncorrectable bit-flips found
[   24.195726] omap2-nand 8000000.nand: uncorrectable bit-flips found
[   24.202202] omap2-nand 8000000.nand: uncorrectable bit-flips found
[   24.208706] omap2-nand 8000000.nand: uncorrectable bit-flips found
[   24.215196] omap2-nand 8000000.nand: uncorrectable bit-flips found
[   24.222318] omap2-nand 8000000.nand: uncorrectable bit-flips found
[   24.228808] omap2-nand 8000000.nand: uncorrectable bit-flips found
[   24.235299] omap2-nand 8000000.nand: uncorrectable bit-flips found
[   24.241778] omap2-nand 8000000.nand: uncorrectable bit-flips found
[   24.248834] omap2-nand 8000000.nand: uncorrectable bit-flips found
[   24.255326] omap2-nand 8000000.nand: uncorrectable bit-flips found
[   24.261800] omap2-nand 8000000.nand: uncorrectable bit-flips found
[   24.268290] omap2-nand 8000000.nand: uncorrectable bit-flips found
[   24.278678] omap2-nand 8000000.nand: uncorrectable bit-flips found
[   24.285196] omap2-nand 8000000.nand: uncorrectable bit-flips found
[   24.291675] omap2-nand 8000000.nand: uncorrectable bit-flips found
[   24.298166] omap2-nand 8000000.nand: uncorrectable bit-flips found
[   24.305344] omap2-nand 8000000.nand: uncorrectable bit-flips found
[   24.311824] omap2-nand 8000000.nand: uncorrectable bit-flips found
[   24.318326] omap2-nand 8000000.nand: uncorrectable bit-flips found
[   24.324823] omap2-nand 8000000.nand: uncorrectable bit-flips found
[   24.331974] omap2-nand 8000000.nand: uncorrectable bit-flips found
[   24.338489] omap2-nand 8000000.nand: uncorrectable bit-flips found
[   24.344992] omap2-nand 8000000.nand: uncorrectable bit-flips found
[   24.351474] omap2-nand 8000000.nand: uncorrectable bit-flips found
[   24.358659] omap2-nand 8000000.nand: uncorrectable bit-flips found
[   24.365162] omap2-nand 8000000.nand: uncorrectable bit-flips found
[   24.371638] omap2-nand 8000000.nand: uncorrectable bit-flips found
[   24.378132] omap2-nand 8000000.nand: uncorrectable bit-flips found
[   24.385237] omap2-nand 8000000.nand: uncorrectable bit-flips found
[   24.391717] omap2-nand 8000000.nand: uncorrectable bit-flips found
[   24.398213] omap2-nand 8000000.nand: uncorrectable bit-flips found
[   24.404708] omap2-nand 8000000.nand: uncorrectable bit-flips found
[   24.411779] omap2-nand 8000000.nand: uncorrectable bit-flips found
[   24.418273] omap2-nand 8000000.nand: uncorrectable bit-flips found
[   24.424770] omap2-nand 8000000.nand: uncorrectable bit-flips found
[   24.431252] omap2-nand 8000000.nand: uncorrectable bit-flips found
[   24.438308] omap2-nand 8000000.nand: uncorrectable bit-flips found
[   24.444796] omap2-nand 8000000.nand: uncorrectable bit-flips found
[   24.451268] omap2-nand 8000000.nand: uncorrectable bit-flips found
[   24.457759] omap2-nand 8000000.nand: uncorrectable bit-flips found
[   24.468063] omap2-nand 8000000.nand: uncorrectable bit-flips found
[   24.474567] omap2-nand 8000000.nand: uncorrectable bit-flips found
[   24.481058] omap2-nand 8000000.nand: uncorrectable bit-flips found
[   24.487555] omap2-nand 8000000.nand: uncorrectable bit-flips found
[   24.494725] omap2-nand 8000000.nand: uncorrectable bit-flips found
[   24.501198] omap2-nand 8000000.nand: uncorrectable bit-flips found
[   24.507695] omap2-nand 8000000.nand: uncorrectable bit-flips found
[   24.514192] omap2-nand 8000000.nand: uncorrectable bit-flips found
[   24.521347] omap2-nand 8000000.nand: uncorrectable bit-flips found
[   24.527866] omap2-nand 8000000.nand: uncorrectable bit-flips found
[   24.534376] omap2-nand 8000000.nand: uncorrectable bit-flips found
[   24.540859] omap2-nand 8000000.nand: uncorrectable bit-flips found
[   24.548039] omap2-nand 8000000.nand: uncorrectable bit-flips found
[   24.554535] omap2-nand 8000000.nand: uncorrectable bit-flips found
[   24.561010] omap2-nand 8000000.nand: uncorrectable bit-flips found
[   24.567498] omap2-nand 8000000.nand: uncorrectable bit-flips found
[   24.574603] omap2-nand 8000000.nand: uncorrectable bit-flips found
[   24.581077] omap2-nand 8000000.nand: uncorrectable bit-flips found
[   24.587573] omap2-nand 8000000.nand: uncorrectable bit-flips found
[   24.594056] omap2-nand 8000000.nand: uncorrectable bit-flips found
[   24.601120] omap2-nand 8000000.nand: uncorrectable bit-flips found
[   24.607609] omap2-nand 8000000.nand: uncorrectable bit-flips found
[   24.614105] omap2-nand 8000000.nand: uncorrectable bit-flips found
[   24.620587] omap2-nand 8000000.nand: uncorrectable bit-flips found
[   24.627641] omap2-nand 8000000.nand: uncorrectable bit-flips found
[   24.634138] omap2-nand 8000000.nand: uncorrectable bit-flips found
[   24.640612] omap2-nand 8000000.nand: uncorrectable bit-flips found
[   24.647102] omap2-nand 8000000.nand: uncorrectable bit-flips found
[   24.657400] omap2-nand 8000000.nand: uncorrectable bit-flips found
[   24.663909] omap2-nand 8000000.nand: uncorrectable bit-flips found
[   24.670393] omap2-nand 8000000.nand: uncorrectable bit-flips found
[   24.676894] omap2-nand 8000000.nand: uncorrectable bit-flips found
[   24.684133] omap2-nand 8000000.nand: uncorrectable bit-flips found
[   24.690617] omap2-nand 8000000.nand: uncorrectable bit-flips found
[   24.697129] omap2-nand 8000000.nand: uncorrectable bit-flips found
[   24.703607] omap2-nand 8000000.nand: uncorrectable bit-flips found
[   24.710827] omap2-nand 8000000.nand: uncorrectable bit-flips found
[   24.717324] omap2-nand 8000000.nand: uncorrectable bit-flips found
[   24.723817] omap2-nand 8000000.nand: uncorrectable bit-flips found
[   24.730294] omap2-nand 8000000.nand: uncorrectable bit-flips found
[   24.737426] omap2-nand 8000000.nand: uncorrectable bit-flips found
[   24.743917] omap2-nand 8000000.nand: uncorrectable bit-flips found
[   24.750396] omap2-nand 8000000.nand: uncorrectable bit-flips found
[   24.756885] omap2-nand 8000000.nand: uncorrectable bit-flips found
[   24.764002] omap2-nand 8000000.nand: uncorrectable bit-flips found
[   24.770482] omap2-nand 8000000.nand: uncorrectable bit-flips found
[   24.776982] omap2-nand 8000000.nand: uncorrectable bit-flips found
[   24.783447] omap2-nand 8000000.nand: uncorrectable bit-flips found
[   24.790523] omap2-nand 8000000.nand: uncorrectable bit-flips found
[   24.797011] omap2-nand 8000000.nand: uncorrectable bit-flips found
[   24.803491] omap2-nand 8000000.nand: uncorrectable bit-flips found
[   24.809978] omap2-nand 8000000.nand: uncorrectable bit-flips found
[   24.817039] omap2-nand 8000000.nand: uncorrectable bit-flips found
[   24.823509] omap2-nand 8000000.nand: uncorrectable bit-flips found
[   24.830001] omap2-nand 8000000.nand: uncorrectable bit-flips found
[   24.836490] omap2-nand 8000000.nand: uncorrectable bit-flips found
[   24.846815] omap2-nand 8000000.nand: uncorrectable bit-flips found
[   24.853290] omap2-nand 8000000.nand: uncorrectable bit-flips found
[   24.859794] omap2-nand 8000000.nand: uncorrectable bit-flips found
[   24.866287] omap2-nand 8000000.nand: uncorrectable bit-flips found
[   24.873442] omap2-nand 8000000.nand: uncorrectable bit-flips found
[   24.879948] omap2-nand 8000000.nand: uncorrectable bit-flips found
[   24.886442] omap2-nand 8000000.nand: uncorrectable bit-flips found
[   24.892917] omap2-nand 8000000.nand: uncorrectable bit-flips found
[   24.906053] omap2-nand 8000000.nand: uncorrectable bit-flips found
[   24.912536] omap2-nand 8000000.nand: uncorrectable bit-flips found
[   24.919032] omap2-nand 8000000.nand: uncorrectable bit-flips found
[   24.925517] omap2-nand 8000000.nand: uncorrectable bit-flips found
[   24.932635] omap2-nand 8000000.nand: uncorrectable bit-flips found
[   24.939137] omap2-nand 8000000.nand: uncorrectable bit-flips found
[   24.945627] omap2-nand 8000000.nand: uncorrectable bit-flips found
[   24.952100] omap2-nand 8000000.nand: uncorrectable bit-flips found
[   24.959203] omap2-nand 8000000.nand: uncorrectable bit-flips found
[   24.965701] omap2-nand 8000000.nand: uncorrectable bit-flips found
[   24.972181] omap2-nand 8000000.nand: uncorrectable bit-flips found
[   24.978674] omap2-nand 8000000.nand: uncorrectable bit-flips found
[   24.985746] omap2-nand 8000000.nand: uncorrectable bit-flips found
[   24.992222] omap2-nand 8000000.nand: uncorrectable bit-flips found
[   24.998717] omap2-nand 8000000.nand: uncorrectable bit-flips found
[   25.005210] omap2-nand 8000000.nand: uncorrectable bit-flips found
[   25.012256] omap2-nand 8000000.nand: uncorrectable bit-flips found
[   25.018757] omap2-nand 8000000.nand: uncorrectable bit-flips found
[   25.025243] omap2-nand 8000000.nand: uncorrectable bit-flips found
[   25.031715] omap2-nand 8000000.nand: uncorrectable bit-flips found
[   25.041990] omap2-nand 8000000.nand: uncorrectable bit-flips found
[   25.048495] omap2-nand 8000000.nand: uncorrectable bit-flips found
[   25.055000] omap2-nand 8000000.nand: uncorrectable bit-flips found
[   25.061477] omap2-nand 8000000.nand: uncorrectable bit-flips found
[   25.068669] omap2-nand 8000000.nand: uncorrectable bit-flips found
[   25.075169] omap2-nand 8000000.nand: uncorrectable bit-flips found
[   25.081644] omap2-nand 8000000.nand: uncorrectable bit-flips found
[   25.088142] omap2-nand 8000000.nand: uncorrectable bit-flips found
[   25.095301] omap2-nand 8000000.nand: uncorrectable bit-flips found
[   25.101780] omap2-nand 8000000.nand: uncorrectable bit-flips found
[   25.108296] omap2-nand 8000000.nand: uncorrectable bit-flips found
[   25.114795] omap2-nand 8000000.nand: uncorrectable bit-flips found
[   25.121974] omap2-nand 8000000.nand: uncorrectable bit-flips found
[   25.128471] omap2-nand 8000000.nand: uncorrectable bit-flips found
[   25.134962] omap2-nand 8000000.nand: uncorrectable bit-flips found
[   25.141433] omap2-nand 8000000.nand: uncorrectable bit-flips found
[   25.148541] omap2-nand 8000000.nand: uncorrectable bit-flips found
[   25.155042] omap2-nand 8000000.nand: uncorrectable bit-flips found
[   25.161518] omap2-nand 8000000.nand: uncorrectable bit-flips found
[   25.168008] omap2-nand 8000000.nand: uncorrectable bit-flips found
[   25.175762] omap2-nand 8000000.nand: uncorrectable bit-flips found
[   25.182244] omap2-nand 8000000.nand: uncorrectable bit-flips found
[   25.188754] omap2-nand 8000000.nand: uncorrectable bit-flips found
[   25.195247] omap2-nand 8000000.nand: uncorrectable bit-flips found
[   25.202307] omap2-nand 8000000.nand: uncorrectable bit-flips found
[   25.208812] omap2-nand 8000000.nand: uncorrectable bit-flips found
[   25.215297] omap2-nand 8000000.nand: uncorrectable bit-flips found
[   25.221774] omap2-nand 8000000.nand: uncorrectable bit-flips found
[   25.232107] omap2-nand 8000000.nand: uncorrectable bit-flips found
[   25.238614] omap2-nand 8000000.nand: uncorrectable bit-flips found
[   25.245105] omap2-nand 8000000.nand: uncorrectable bit-flips found
[   25.251582] omap2-nand 8000000.nand: uncorrectable bit-flips found
[   25.258754] omap2-nand 8000000.nand: uncorrectable bit-flips found
[   25.265265] omap2-nand 8000000.nand: uncorrectable bit-flips found
[   25.271742] omap2-nand 8000000.nand: uncorrectable bit-flips found
[   25.278239] omap2-nand 8000000.nand: uncorrectable bit-flips found
[   25.285402] omap2-nand 8000000.nand: uncorrectable bit-flips found
[   25.291875] omap2-nand 8000000.nand: uncorrectable bit-flips found
[   25.298383] omap2-nand 8000000.nand: uncorrectable bit-flips found
[   25.304880] omap2-nand 8000000.nand: uncorrectable bit-flips found
[   25.312057] omap2-nand 8000000.nand: uncorrectable bit-flips found
[   25.318557] omap2-nand 8000000.nand: uncorrectable bit-flips found
[   25.325048] omap2-nand 8000000.nand: uncorrectable bit-flips found
[   25.331530] omap2-nand 8000000.nand: uncorrectable bit-flips found
[   25.338625] omap2-nand 8000000.nand: uncorrectable bit-flips found
[   25.345118] omap2-nand 8000000.nand: uncorrectable bit-flips found
[   25.351597] omap2-nand 8000000.nand: uncorrectable bit-flips found
[   25.358086] omap2-nand 8000000.nand: uncorrectable bit-flips found
[   25.365161] omap2-nand 8000000.nand: uncorrectable bit-flips found
[   25.371637] omap2-nand 8000000.nand: uncorrectable bit-flips found
[   25.378130] omap2-nand 8000000.nand: uncorrectable bit-flips found
[   25.384620] omap2-nand 8000000.nand: uncorrectable bit-flips found
[   25.391659] omap2-nand 8000000.nand: uncorrectable bit-flips found
[   25.398152] omap2-nand 8000000.nand: uncorrectable bit-flips found
[   25.404638] omap2-nand 8000000.nand: uncorrectable bit-flips found
[   25.411113] omap2-nand 8000000.nand: uncorrectable bit-flips found
[   25.421374] omap2-nand 8000000.nand: uncorrectable bit-flips found
[   25.427884] omap2-nand 8000000.nand: uncorrectable bit-flips found
[   25.434376] omap2-nand 8000000.nand: uncorrectable bit-flips found
[   25.440858] omap2-nand 8000000.nand: uncorrectable bit-flips found
[   25.448024] omap2-nand 8000000.nand: uncorrectable bit-flips found
[   25.454535] omap2-nand 8000000.nand: uncorrectable bit-flips found
[   25.461005] omap2-nand 8000000.nand: uncorrectable bit-flips found
[   25.467503] omap2-nand 8000000.nand: uncorrectable bit-flips found
[   25.474664] omap2-nand 8000000.nand: uncorrectable bit-flips found
[   25.481140] omap2-nand 8000000.nand: uncorrectable bit-flips found
[   25.487648] omap2-nand 8000000.nand: uncorrectable bit-flips found
[   25.494152] omap2-nand 8000000.nand: uncorrectable bit-flips found
[   25.501327] omap2-nand 8000000.nand: uncorrectable bit-flips found
[   25.507823] omap2-nand 8000000.nand: uncorrectable bit-flips found
[   25.514310] omap2-nand 8000000.nand: uncorrectable bit-flips found
[   25.520784] omap2-nand 8000000.nand: uncorrectable bit-flips found
[   25.527886] omap2-nand 8000000.nand: uncorrectable bit-flips found
[   25.534389] omap2-nand 8000000.nand: uncorrectable bit-flips found
[   25.540860] omap2-nand 8000000.nand: uncorrectable bit-flips found
[   25.547356] omap2-nand 8000000.nand: uncorrectable bit-flips found
[   25.554433] omap2-nand 8000000.nand: uncorrectable bit-flips found
[   25.560917] omap2-nand 8000000.nand: uncorrectable bit-flips found
[   25.567416] omap2-nand 8000000.nand: uncorrectable bit-flips found
[   25.573901] omap2-nand 8000000.nand: uncorrectable bit-flips found
[   25.580943] omap2-nand 8000000.nand: uncorrectable bit-flips found
[   25.587449] omap2-nand 8000000.nand: uncorrectable bit-flips found
[   25.593943] omap2-nand 8000000.nand: uncorrectable bit-flips found
[   25.600423] omap2-nand 8000000.nand: uncorrectable bit-flips found
[   25.611957] omap2-nand 8000000.nand: uncorrectable bit-flips found
[   25.618466] omap2-nand 8000000.nand: uncorrectable bit-flips found
[   25.624961] omap2-nand 8000000.nand: uncorrectable bit-flips found
[   25.631441] omap2-nand 8000000.nand: uncorrectable bit-flips found
[   25.638614] omap2-nand 8000000.nand: uncorrectable bit-flips found
[   25.645126] omap2-nand 8000000.nand: uncorrectable bit-flips found
[   25.651604] omap2-nand 8000000.nand: uncorrectable bit-flips found
[   25.658100] omap2-nand 8000000.nand: uncorrectable bit-flips found
[   25.665266] omap2-nand 8000000.nand: uncorrectable bit-flips found
[   25.671747] omap2-nand 8000000.nand: uncorrectable bit-flips found
[   25.678256] omap2-nand 8000000.nand: uncorrectable bit-flips found
[   25.684759] omap2-nand 8000000.nand: uncorrectable bit-flips found
[   25.691944] omap2-nand 8000000.nand: uncorrectable bit-flips found
[   25.698439] omap2-nand 8000000.nand: uncorrectable bit-flips found
[   25.704932] omap2-nand 8000000.nand: uncorrectable bit-flips found
