- 13:33:05 [INFO] Starting target session
- 13:33:05 [INFO] Connected to dra7xx-evm via serial 
- 13:33:05 [INFO] Host: #check prompt
- 13:33:08 [ERROR] On command: #check prompt waiting for #check prompt.+?(?-mix:((?-mix:login:)|[Pp]assword)) >>> error: execution expired
- 13:33:08 [INFO] Target: 
#check prompt
- 13:33:08 [INFO] Host: #check prompt
- 13:33:10 [ERROR] On command: #check prompt waiting for #check prompt.+?(?-mix:[\w\d]+@.+[@:#]+) >>> error: execution expired
- 13:33:10 [INFO] Target: 
#check prompt
- 13:33:10 [INFO] Host: #check prompt
- 13:33:12 [ERROR] On command: #check prompt waiting for #check prompt.+?(?-mix:[\w\d]+@.+[@:#]+) >>> error: execution expired
- 13:33:12 [INFO] Target: 
#check prompt
- 13:33:12 [INFO] Host: #check prompt
- 13:33:14 [ERROR] On command: #check prompt waiting for #check prompt.+?(?-mix:[\w\d]+@.+[@:#]+) >>> error: execution expired
- 13:33:14 [INFO] Target: 
#check prompt
- 13:33:14 [INFO] Disconnected serial from dra7xx-evm
- 13:33:15 [INFO] Connected to dra7xx-evm via serial 
- 13:33:15 [INFO] Host: 
- 13:33:17 [INFO] Target: 
U-Boot SPL 2015.07 (Aug 07 2015 - 04:18:22)
DRA752 ES1.1
reading args
spl_load_image_fat_os: error reading image args, err - -1
reading u-boot.img
reading u-boot.img
U-Boot 2015.07 (Aug 07 2015 - 04:18:22 -0400)
CPU  : DRA752 ES1.1
Board: DRA7xx
I2C:   ready
DRAM:  1.5 GiB
MMC:   OMAP SD/MMC: 0, OMAP SD/MMC: 1
*** Warning - bad CRC, using default environment
SCSI:  SATA link 0 timeout.
AHCI 0001.0300 32 slots 1 ports 3 Gbps 0x1 impl SATA mode
flags: 64bit ncq stag pm led clo only pmp pio slum part ccc apst 
scanning bus for devices...
Found 0 device(s).
Net:   <ethaddr> not set. Validating first E-fuse MAC
cpsw
Hit any key to stop autoboot:  1  0 
U-Boot# 
U-Boot# 
U-Boot# 
U-Boot# 
U-Boot# 
- 13:33:18 [INFO] Host: 
- 13:33:18 [INFO] Target: 
U-Boot# 
U-Boot# 
U-Boot# 
U-Boot# 
U-Boot# 
U-Boot# 
U-Boot# 
U-Boot# 
U-Boot# 
- 13:33:18 [INFO] Host: version
- 13:33:18 [INFO] Target: 
version
U-Boot 2015.07 (Aug 07 2015 - 04:18:22 -0400)
arm-linux-gnueabihf-gcc (Linaro GCC 4.9-2015.01-3) 4.9.3 20150113 (prerelease)
GNU ld (GNU Binutils) Linaro 2014.11-3-git 2.24.0.20141017
U-Boot# 
- 13:33:18 [INFO] Host: setenv bootargs 'console=ttyO0,115200n8 earlyprintk rootwait '
- 13:33:18 [INFO] Target: 
setenv bootargs 'console=ttyO0,115200n8 earlyprintk rootwait '
U-Boot# 
- 13:33:18 [INFO] Host: setenv bootcmd  ''
- 13:33:18 [INFO] Target: 
setenv bootcmd  ''
U-Boot# 
- 13:33:18 [INFO] Host: setenv autoload 'no'
- 13:33:18 [INFO] Target: 
setenv autoload 'no'
U-Boot# 
- 13:33:18 [INFO] Host: setenv serverip '192.168.0.1'
- 13:33:18 [INFO] Target: 
setenv serverip '192.168.0.1'
U-Boot# 
- 13:33:18 [INFO] Host: printenv
- 13:33:19 [INFO] Target: 
printenv
arch=arm
autoload=no
baudrate=115200
board=dra7xx
board_name=dra7xx
bootargs=console=ttyO0,115200n8 earlyprintk rootwait 
bootcmd=
bootdelay=1
bootdir=/boot
bootenv=uEnv.txt
bootfile=zImage
bootm_size=0x10000000
bootpart=0:2
bootscript=echo Running bootscript from mmc${mmcdev} ...; source ${loadaddr}
console=ttyO0,115200n8
cpu=armv7
dfu_alt_info_emmc=rawemmc raw 0 3751936;boot part 1 1;rootfs part 1 2;MLO fat 1 1;MLO.raw raw 0x100 0x100;u-boot.img.raw raw 0x300 0x400;spl-os-args.raw raw 0x80 0x80;spl-os-image.raw raw 0x900 0x2000;spl-os-args fat 1 1;spl-os-image fat 1 1;u-boot.img fat 1 1;uEnv.txt fat 1 1
dfu_alt_info_mmc=boot part 0 1;rootfs part 0 2;MLO fat 0 1;MLO.raw raw 0x100 0x100;u-boot.img.raw raw 0x300 0x400;spl-os-args.raw raw 0x80 0x80;spl-os-image.raw raw 0x900 0x2000;spl-os-args fat 0 1;spl-os-image fat 0 1;u-boot.img fat 0 1;uEnv.txt fat 0 1
dfu_alt_info_ram=kernel ram 0x80200000 0x4000000;fdt ram 0x80f80000 0x80000;ramdisk ram 0x81000000 0x4000000
dfu_bufsiz=0x10000
eth1addr=b4:99:4c:0b:e4:e7
ethact=cpsw
ethaddr=b4:99:4c:0b:e4:e6
fdt_addr_r=0x88000000
fdtaddr=0x88000000
fdtfile=undefined
findfdt=if test $board_name = omap5_uevm; then setenv fdtfile omap5-uevm.dtb; fi; if test $board_name = dra7xx; then setenv fdtfile dra7-evm.dtb; fi;if test $board_name = dra72x; then setenv fdtfile dra72-evm.dtb; fi;if test $board_name = beagle_x15; then setenv fdtfile am57xx-beagle-x15.dtb; fi;if test $fdtfile = undefined; then echo WARNING: Could not determine device tree to use; fi; 
importbootenv=echo Importing environment from mmc${mmcdev} ...; env import -t ${loadaddr} ${filesize}
kernel_addr_r=0x82000000
loadaddr=0x82000000
loadbootenv=fatload mmc ${mmcdev} ${loadaddr} ${bootenv}
loadbootscript=fatload mmc ${mmcdev} ${loadaddr} boot.scr
loadfdt=load mmc ${bootpart} ${fdtaddr} ${bootdir}/${fdtfile};
loadimage=load mmc ${bootpart} ${loadaddr} ${bootdir}/${bootfile}
mmcargs=setenv bootargs console=${console} ${optargs} vram=${vram} root=${mmcroot} rootfstype=${mmcrootfstype}
mmcboot=mmc dev ${mmcdev}; if mmc rescan; then echo SD/MMC found on device ${mmcdev};if run loadbootenv; then echo Loaded environment from ${bootenv};run importbootenv;fi;if test -n $uenvcmd; then echo Running uenvcmd ...;run uenvcmd;fi;if run loadimage; then run loadfdt; echo Booting from mmc${mmcdev} ...; run mmcargs; bootz ${loadaddr} - ${fdtaddr}; fi;fi;
mmcdev=0
mmcroot=/dev/mmcblk0p2 rw
mmcrootfstype=ext4 rootwait
netargs=setenv bootargs console=${console} ${optargs} root=/dev/nfs nfsroot=${serverip}:${rootpath},${nfsopts} rw ip=dhcp
netboot=echo Booting from network ...; setenv autoload no; dhcp; run netloadimage; run netloadfdt; run netargs; bootz ${loadaddr} - ${fdtaddr}
netloadfdt=tftp ${fdtaddr} ${fdtfile}
netloadimage=tftp ${loadaddr} ${bootfile}
nfsopts=nolock
partitions=uuid_disk=${uuid_gpt_disk};name=rootfs,start=2MiB,size=-,uuid=${uuid_gpt_rootfs}
ramdisk_addr_r=0x88080000
rdaddr=0x88080000
rootpath=/export/rootfs
scsidevs=0
serial#=0c01700801499252
serverip=192.168.0.1
soc=omap5
static_ip=${ipaddr}:${serverip}:${gatewayip}:${netmask}:${hostname}::off
stderr=serial
stdin=serial
stdout=serial
usbtty=cdc_acm
vendor=ti
ver=U-Boot 2015.07 (Aug 07 2015 - 04:18:22 -0400)
vram=16M
Environment size: 3343/131067 bytes
U-Boot# 
- 13:33:19 [INFO] Host: printenv
- 13:33:19 [INFO] Target: 
printenv
arch=arm
autoload=no
baudrate=115200
board=dra7xx
board_name=dra7xx
bootargs=console=ttyO0,115200n8 earlyprintk rootwait 
bootcmd=
bootdelay=1
bootdir=/boot
bootenv=uEnv.txt
bootfile=zImage
bootm_size=0x10000000
bootpart=0:2
bootscript=echo Running bootscript from mmc${mmcdev} ...; source ${loadaddr}
console=ttyO0,115200n8
cpu=armv7
dfu_alt_info_emmc=rawemmc raw 0 3751936;boot part 1 1;rootfs part 1 2;MLO fat 1 1;MLO.raw raw 0x100 0x100;u-boot.img.raw raw 0x300 0x400;spl-os-args.raw raw 0x80 0x80;spl-os-image.raw raw 0x900 0x2000;spl-os-args fat 1 1;spl-os-image fat 1 1;u-boot.img fat 1 1;uEnv.txt fat 1 1
dfu_alt_info_mmc=boot part 0 1;rootfs part 0 2;MLO fat 0 1;MLO.raw raw 0x100 0x100;u-boot.img.raw raw 0x300 0x400;spl-os-args.raw raw 0x80 0x80;spl-os-image.raw raw 0x900 0x2000;spl-os-args fat 0 1;spl-os-image fat 0 1;u-boot.img fat 0 1;uEnv.txt fat 0 1
dfu_alt_info_ram=kernel ram 0x80200000 0x4000000;fdt ram 0x80f80000 0x80000;ramdisk ram 0x81000000 0x4000000
dfu_bufsiz=0x10000
eth1addr=b4:99:4c:0b:e4:e7
ethact=cpsw
ethaddr=b4:99:4c:0b:e4:e6
fdt_addr_r=0x88000000
fdtaddr=0x88000000
fdtfile=undefined
findfdt=if test $board_name = omap5_uevm; then setenv fdtfile omap5-uevm.dtb; fi; if test $board_name = dra7xx; then setenv fdtfile dra7-evm.dtb; fi;if test $board_name = dra72x; then setenv fdtfile dra72-evm.dtb; fi;if test $board_name = beagle_x15; then setenv fdtfile am57xx-beagle-x15.dtb; fi;if test $fdtfile = undefined; then echo WARNING: Could not determine device tree to use; fi; 
importbootenv=echo Importing environment from mmc${mmcdev} ...; env import -t ${loadaddr} ${filesize}
kernel_addr_r=0x82000000
loadaddr=0x82000000
loadbootenv=fatload mmc ${mmcdev} ${loadaddr} ${bootenv}
loadbootscript=fatload mmc ${mmcdev} ${loadaddr} boot.scr
loadfdt=load mmc ${bootpart} ${fdtaddr} ${bootdir}/${fdtfile};
loadimage=load mmc ${bootpart} ${loadaddr} ${bootdir}/${bootfile}
mmcargs=setenv bootargs console=${console} ${optargs} vram=${vram} root=${mmcroot} rootfstype=${mmcrootfstype}
mmcboot=mmc dev ${mmcdev}; if mmc rescan; then echo SD/MMC found on device ${mmcdev};if run loadbootenv; then echo Loaded environment from ${bootenv};run importbootenv;fi;if test -n $uenvcmd; then echo Running uenvcmd ...;run uenvcmd;fi;if run loadimage; then run loadfdt; echo Booting from mmc${mmcdev} ...; run mmcargs; bootz ${loadaddr} - ${fdtaddr}; fi;fi;
mmcdev=0
mmcroot=/dev/mmcblk0p2 rw
mmcrootfstype=ext4 rootwait
netargs=setenv bootargs console=${console} ${optargs} root=/dev/nfs nfsroot=${serverip}:${rootpath},${nfsopts} rw ip=dhcp
netboot=echo Booting from network ...; setenv autoload no; dhcp; run netloadimage; run netloadfdt; run netargs; bootz ${loadaddr} - ${fdtaddr}
netloadfdt=tftp ${fdtaddr} ${fdtfile}
netloadimage=tftp ${loadaddr} ${bootfile}
nfsopts=nolock
partitions=uuid_disk=${uuid_gpt_disk};name=rootfs,start=2MiB,size=-,uuid=${uuid_gpt_rootfs}
ramdisk_addr_r=0x88080000
rdaddr=0x88080000
rootpath=/export/rootfs
scsidevs=0
serial#=0c01700801499252
serverip=192.168.0.1
soc=omap5
static_ip=${ipaddr}:${serverip}:${gatewayip}:${netmask}:${hostname}::off
stderr=serial
stdin=serial
stdout=serial
usbtty=cdc_acm
vendor=ti
ver=U-Boot 2015.07 (Aug 07 2015 - 04:18:22 -0400)
vram=16M
Environment size: 3343/131067 bytes
U-Boot# 
- 13:33:19 [INFO] Host: setenv bootargs ''${bootargs}' ip=:::::eth0:dhcp '
- 13:33:19 [INFO] Target: 
setenv bootargs ''${bootargs}' ip=:::::eth0:dhcp '
U-Boot# 
- 13:33:19 [INFO] Host: setenv serverip '192.168.0.1'
- 13:33:19 [INFO] Target: 
setenv serverip '192.168.0.1'
U-Boot# 
- 13:33:19 [INFO] Host: setenv autoload 'no'
- 13:33:19 [INFO] Target: 
setenv autoload 'no'
U-Boot# 
- 13:33:19 [INFO] Host: dhcp
- 13:33:20 [INFO] Target: 
dhcp
cpsw Waiting for PHY auto negotiation to complete. done
link up on port 0, speed 1000, full duplex
BOOTP broadcast 1
BOOTP broadcast 2
BOOTP broadcast 3
DHCP client bound to address 192.168.0.94 (1039 ms)
U-Boot# 
- 13:33:20 [INFO] Host: tftp ${loadaddr} 192.168.0.1:vatf_dra7xx-evm1/ce4c6bca84079707e0eef10a46f03198
- 13:33:21 [INFO] Target: 
tftp ${loadaddr} 192.168.0.1:vatf_dra7xx-evm1/ce4c6bca84079707e0eef10a46f03198
link up on port 0, speed 1000, full duplex
Using cpsw device
TFTP from server 192.168.0.1; our IP address is 192.168.0.94
Filename 'vatf_dra7xx-evm1/ce4c6bca84079707e0eef10a46f03198'.
Load address: 0x82000000
Loading: *#################################################################
	 #################################################################
	 #################################################################
	 ######################################################
	 11.1 MiB/s
done
Bytes transferred = 3652248 (37ba98 hex)
U-Boot# 
- 13:33:21 [INFO] Host: tftp ${fdt_addr_r} 192.168.0.1:vatf_dra7xx-evm1/105153f828eb0a55e419bf8c329dc50c
- 13:33:21 [INFO] Target: 
tftp ${fdt_addr_r} 192.168.0.1:vatf_dra7xx-evm1/105153f828eb0a55e419bf8c329dc50c
link up on port 0, speed 1000, full duplex
Using cpsw device
TFTP from server 192.168.0.1; our IP address is 192.168.0.94
Filename 'vatf_dra7xx-evm1/105153f828eb0a55e419bf8c329dc50c'.
Load address: 0x88000000
Loading: *######
	 9.8 MiB/s
done
Bytes transferred = 82149 (140e5 hex)
U-Boot# 
- 13:33:21 [INFO] Host: ls mmc 0:1
- 13:33:21 [INFO] Target: 
ls mmc 0:1
    65996   mlo 
   306908   u-boot.img 
        4   ws-calibrate.rules 
        0   pointercal 
       14   .ipaddr 
       33   primary_bootloader.md5 
6 file(s), 0 dir(s)
U-Boot# 
- 13:33:21 [INFO] Host: ls mmc 0:2
- 13:33:21 [INFO] Target: 
ls mmc 0:2
<DIR>       4096 .
<DIR>       4096 ..
<DIR>      16384 lost+found
<DIR>       4096 bin
<DIR>       4096 boot
<DIR>       4096 dev
<DIR>       4096 etc
<DIR>       4096 home
<DIR>       4096 lib
<DIR>       4096 media
<DIR>       4096 mnt
<DIR>       4096 opt
<DIR>       4096 proc
<DIR>       4096 run
<DIR>       4096 sbin
<DIR>       4096 srv
<DIR>       4096 sys
<DIR>       4096 test
<SYM>          8 tmp
<DIR>       4096 usr
<DIR>       4096 var
<DIR>       4096 www
U-Boot# 
- 13:33:21 [INFO] Host: part uuid mmc 0:2
- 13:33:21 [INFO] Target: 
part uuid mmc 0:2
00000000-02
U-Boot# 
- 13:33:21 [INFO] Host: printenv
- 13:33:22 [INFO] Target: 
printenv
arch=arm
autoload=no
baudrate=115200
board=dra7xx
board_name=dra7xx
bootargs=console=ttyO0,115200n8 earlyprintk rootwait  ip=:::::eth0:dhcp 
bootcmd=
bootdelay=1
bootdir=/boot
bootenv=uEnv.txt
bootfile=zImage
bootm_size=0x10000000
bootpart=0:2
bootscript=echo Running bootscript from mmc${mmcdev} ...; source ${loadaddr}
console=ttyO0,115200n8
cpu=armv7
dfu_alt_info_emmc=rawemmc raw 0 3751936;boot part 1 1;rootfs part 1 2;MLO fat 1 1;MLO.raw raw 0x100 0x100;u-boot.img.raw raw 0x300 0x400;spl-os-args.raw raw 0x80 0x80;spl-os-image.raw raw 0x900 0x2000;spl-os-args fat 1 1;spl-os-image fat 1 1;u-boot.img fat 1 1;uEnv.txt fat 1 1
dfu_alt_info_mmc=boot part 0 1;rootfs part 0 2;MLO fat 0 1;MLO.raw raw 0x100 0x100;u-boot.img.raw raw 0x300 0x400;spl-os-args.raw raw 0x80 0x80;spl-os-image.raw raw 0x900 0x2000;spl-os-args fat 0 1;spl-os-image fat 0 1;u-boot.img fat 0 1;uEnv.txt fat 0 1
dfu_alt_info_ram=kernel ram 0x80200000 0x4000000;fdt ram 0x80f80000 0x80000;ramdisk ram 0x81000000 0x4000000
dfu_bufsiz=0x10000
dnsip=192.0.2.2
dnsip2=192.0.2.3
eth1addr=b4:99:4c:0b:e4:e7
ethact=cpsw
ethaddr=b4:99:4c:0b:e4:e6
fdt_addr_r=0x88000000
fdtaddr=0x88000000
fdtfile=undefined
fileaddr=88000000
filesize=140e5
findfdt=if test $board_name = omap5_uevm; then setenv fdtfile omap5-uevm.dtb; fi; if test $board_name = dra7xx; then setenv fdtfile dra7-evm.dtb; fi;if test $board_name = dra72x; then setenv fdtfile dra72-evm.dtb; fi;if test $board_name = beagle_x15; then setenv fdtfile am57xx-beagle-x15.dtb; fi;if test $fdtfile = undefined; then echo WARNING: Could not determine device tree to use; fi; 
gatewayip=192.168.0.1
importbootenv=echo Importing environment from mmc${mmcdev} ...; env import -t ${loadaddr} ${filesize}
ipaddr=192.168.0.94
kernel_addr_r=0x82000000
loadaddr=0x82000000
loadbootenv=fatload mmc ${mmcdev} ${loadaddr} ${bootenv}
loadbootscript=fatload mmc ${mmcdev} ${loadaddr} boot.scr
loadfdt=load mmc ${bootpart} ${fdtaddr} ${bootdir}/${fdtfile};
loadimage=load mmc ${bootpart} ${loadaddr} ${bootdir}/${bootfile}
mmcargs=setenv bootargs console=${console} ${optargs} vram=${vram} root=${mmcroot} rootfstype=${mmcrootfstype}
mmcboot=mmc dev ${mmcdev}; if mmc rescan; then echo SD/MMC found on device ${mmcdev};if run loadbootenv; then echo Loaded environment from ${bootenv};run importbootenv;fi;if test -n $uenvcmd; then echo Running uenvcmd ...;run uenvcmd;fi;if run loadimage; then run loadfdt; echo Booting from mmc${mmcdev} ...; run mmcargs; bootz ${loadaddr} - ${fdtaddr}; fi;fi;
mmcdev=0
mmcroot=/dev/mmcblk0p2 rw
mmcrootfstype=ext4 rootwait
netargs=setenv bootargs console=${console} ${optargs} root=/dev/nfs nfsroot=${serverip}:${rootpath},${nfsopts} rw ip=dhcp
netboot=echo Booting from network ...; setenv autoload no; dhcp; run netloadimage; run netloadfdt; run netargs; bootz ${loadaddr} - ${fdtaddr}
netloadfdt=tftp ${fdtaddr} ${fdtfile}
netloadimage=tftp ${loadaddr} ${bootfile}
netmask=255.255.255.0
nfsopts=nolock
partitions=uuid_disk=${uuid_gpt_disk};name=rootfs,start=2MiB,size=-,uuid=${uuid_gpt_rootfs}
ramdisk_addr_r=0x88080000
rdaddr=0x88080000
rootpath=/export/rootfs
scsidevs=0
serial#=0c01700801499252
serverip=192.168.0.1
soc=omap5
static_ip=${ipaddr}:${serverip}:${gatewayip}:${netmask}:${hostname}::off
stderr=serial
stdin=serial
stdout=serial
usbtty=cdc_acm
vendor=ti
ver=U-Boot 2015.07 (Aug 07 2015 - 04:18:22 -0400)
vram=16M
Environment size: 3506/131067 bytes
U-Boot# 
- 13:33:22 [INFO] Host: setenv bootargs ''${bootargs}' root=PARTUUID=00000000-02 rw rootfstype=ext4 rootwait '
- 13:33:22 [INFO] Target: 
setenv bootargs ''${bootargs}' root=PARTUUID=00000000-02 rw rootfstype=ext4 rootwait '
U-Boot# 
- 13:33:22 [INFO] Host: printenv
- 13:33:22 [INFO] Target: 
printenv
arch=arm
autoload=no
baudrate=115200
board=dra7xx
board_name=dra7xx
bootargs=console=ttyO0,115200n8 earlyprintk rootwait  ip=:::::eth0:dhcp  root=PARTUUID=00000000-02 rw rootfstype=ext4 rootwait 
bootcmd=
bootdelay=1
bootdir=/boot
bootenv=uEnv.txt
bootfile=zImage
bootm_size=0x10000000
bootpart=0:2
bootscript=echo Running bootscript from mmc${mmcdev} ...; source ${loadaddr}
console=ttyO0,115200n8
cpu=armv7
dfu_alt_info_emmc=rawemmc raw 0 3751936;boot part 1 1;rootfs part 1 2;MLO fat 1 1;MLO.raw raw 0x100 0x100;u-boot.img.raw raw 0x300 0x400;spl-os-args.raw raw 0x80 0x80;spl-os-image.raw raw 0x900 0x2000;spl-os-args fat 1 1;spl-os-image fat 1 1;u-boot.img fat 1 1;uEnv.txt fat 1 1
dfu_alt_info_mmc=boot part 0 1;rootfs part 0 2;MLO fat 0 1;MLO.raw raw 0x100 0x100;u-boot.img.raw raw 0x300 0x400;spl-os-args.raw raw 0x80 0x80;spl-os-image.raw raw 0x900 0x2000;spl-os-args fat 0 1;spl-os-image fat 0 1;u-boot.img fat 0 1;uEnv.txt fat 0 1
dfu_alt_info_ram=kernel ram 0x80200000 0x4000000;fdt ram 0x80f80000 0x80000;ramdisk ram 0x81000000 0x4000000
dfu_bufsiz=0x10000
dnsip=192.0.2.2
dnsip2=192.0.2.3
eth1addr=b4:99:4c:0b:e4:e7
ethact=cpsw
ethaddr=b4:99:4c:0b:e4:e6
fdt_addr_r=0x88000000
fdtaddr=0x88000000
fdtfile=undefined
fileaddr=88000000
filesize=140e5
findfdt=if test $board_name = omap5_uevm; then setenv fdtfile omap5-uevm.dtb; fi; if test $board_name = dra7xx; then setenv fdtfile dra7-evm.dtb; fi;if test $board_name = dra72x; then setenv fdtfile dra72-evm.dtb; fi;if test $board_name = beagle_x15; then setenv fdtfile am57xx-beagle-x15.dtb; fi;if test $fdtfile = undefined; then echo WARNING: Could not determine device tree to use; fi; 
gatewayip=192.168.0.1
importbootenv=echo Importing environment from mmc${mmcdev} ...; env import -t ${loadaddr} ${filesize}
ipaddr=192.168.0.94
kernel_addr_r=0x82000000
loadaddr=0x82000000
loadbootenv=fatload mmc ${mmcdev} ${loadaddr} ${bootenv}
loadbootscript=fatload mmc ${mmcdev} ${loadaddr} boot.scr
loadfdt=load mmc ${bootpart} ${fdtaddr} ${bootdir}/${fdtfile};
loadimage=load mmc ${bootpart} ${loadaddr} ${bootdir}/${bootfile}
mmcargs=setenv bootargs console=${console} ${optargs} vram=${vram} root=${mmcroot} rootfstype=${mmcrootfstype}
mmcboot=mmc dev ${mmcdev}; if mmc rescan; then echo SD/MMC found on device ${mmcdev};if run loadbootenv; then echo Loaded environment from ${bootenv};run importbootenv;fi;if test -n $uenvcmd; then echo Running uenvcmd ...;run uenvcmd;fi;if run loadimage; then run loadfdt; echo Booting from mmc${mmcdev} ...; run mmcargs; bootz ${loadaddr} - ${fdtaddr}; fi;fi;
mmcdev=0
mmcroot=/dev/mmcblk0p2 rw
mmcrootfstype=ext4 rootwait
netargs=setenv bootargs console=${console} ${optargs} root=/dev/nfs nfsroot=${serverip}:${rootpath},${nfsopts} rw ip=dhcp
netboot=echo Booting from network ...; setenv autoload no; dhcp; run netloadimage; run netloadfdt; run netargs; bootz ${loadaddr} - ${fdtaddr}
netloadfdt=tftp ${fdtaddr} ${fdtfile}
netloadimage=tftp ${loadaddr} ${bootfile}
netmask=255.255.255.0
nfsopts=nolock
partitions=uuid_disk=${uuid_gpt_disk};name=rootfs,start=2MiB,size=-,uuid=${uuid_gpt_rootfs}
ramdisk_addr_r=0x88080000
rdaddr=0x88080000
rootpath=/export/rootfs
scsidevs=0
serial#=0c01700801499252
serverip=192.168.0.1
soc=omap5
static_ip=${ipaddr}:${serverip}:${gatewayip}:${netmask}:${hostname}::off
stderr=serial
stdin=serial
stdout=serial
usbtty=cdc_acm
vendor=ti
ver=U-Boot 2015.07 (Aug 07 2015 - 04:18:22 -0400)
vram=16M
Environment size: 3561/131067 bytes
U-Boot# 
- 13:33:22 [INFO] Host: setenv bootcmd ''${bootcmd}' if iminfo ${loadaddr}; then bootm ${loadaddr} - ${fdt_addr_r}; else bootz ${loadaddr} - ${fdt_addr_r}; bootm ${loadaddr} - ${fdt_addr_r}; fi'
- 13:33:22 [INFO] Target: 
setenv bootcmd ''${bootcmd}' if iminfo ${loadaddr}; then bootm ${loadaddr} - ${fdt_addr_r}; else bootz ${loadaddr} - ${fdt_addr_r}; bootm ${loadaddr} - ${fdt_addr_r}; fi'
U-Boot# 
- 13:33:22 [INFO] Host: version
- 13:33:23 [INFO] Target: 
version
U-Boot 2015.07 (Aug 07 2015 - 04:18:22 -0400)
arm-linux-gnueabihf-gcc (Linaro GCC 4.9-2015.01-3) 4.9.3 20150113 (prerelease)
GNU ld (GNU Binutils) Linaro 2014.11-3-git 2.24.0.20141017
U-Boot# 
- 13:33:23 [INFO] Host: bdinfo
- 13:33:23 [INFO] Target: 
bdinfo
arch_number = 0x00000000
boot_params = 0x80000100
DRAM bank   = 0x00000000
-> start    = 0x80000000
-> size     = 0x60000000
eth0name    = cpsw
ethaddr     = b4:99:4c:0b:e4:e6
current eth = cpsw
ip_addr     = 192.168.0.94
baudrate    = 115200 bps
TLB addr    = 0xDFFF0000
relocaddr   = 0xDFF63000
reloc off   = 0x5F763000
irq_sp      = 0xDEF42EE0
sp start    = 0xDEF42ED0
U-Boot# 
- 13:33:23 [INFO] Host: mmc rescan; echo $?
- 13:33:23 [INFO] Target: 
mmc rescan; echo $?
U-Boot# 
- 13:33:23 [INFO] Host: fatwrite mmc ${mmcdev}:1 ${loadaddr} ws-calibrate.rules 4
- 13:33:23 [INFO] Target: 
fatwrite mmc ${mmcdev}:1 ${loadaddr} ws-calibrate.rules 4
writing ws-calibrate.rules
4 bytes written
U-Boot# 
- 13:33:23 [INFO] Host: boot
- 13:36:53 [ERROR] On command: boot waiting for boot.+?(?-mix:login:) >>> error: execution expired
- 13:36:53 [INFO] Target: 
boot
## Checking Image at 82000000 ...
Unknown image format!
Kernel image @ 0x82000000 [ 0x000000 - 0x37ba98 ]
## Flattened Device Tree blob at 88000000
   Booting using the fdt blob at 0x88000000
   Loading Device Tree to 8ffe8000, end 8ffff0e4 ... OK
Starting kernel ...
[    0.000000] Booting Linux on physical CPU 0x0
[    0.000000] Linux version 4.4.0-rc8-next-20160108-00002-gee42be1713cd (nmenon@horus) (gcc version 4.9.3 20150413 (prerelease) (Linaro GCC 4.9-2015.05) ) #1 SMP Fri Jan 8 12:27:40 CST 2016
[    0.000000] CPU: ARMv7 Processor [412fc0f2] revision 2 (ARMv7), cr=10c5387d
[    0.000000] CPU: div instructions available: patching division code
[    0.000000] CPU: PIPT / VIPT nonaliasing data cache, PIPT instruction cache
[    0.000000] Machine model: TI DRA742
[    0.000000] cma: Reserved 16 MiB at 0xde800000
[    0.000000] Memory policy: Data cache writealloc
[    0.000000] DRA752 ES1.1
[    0.000000] PERCPU: Embedded 15 pages/cpu @ef1f7000 s29120 r8192 d24128 u61440
[    0.000000] Built 1 zonelists in Zone order, mobility grouping on.  Total pages: 390976
[    0.000000] Kernel command line: console=ttyO0,115200n8 earlyprintk rootwait  ip=:::::eth0:dhcp  root=PARTUUID=00000000-02 rw rootfstype=ext4 rootwait 
[    0.000000] PID hash table entries: 4096 (order: 2, 16384 bytes)
[    0.000000] Dentry cache hash table entries: 131072 (order: 7, 524288 bytes)
[    0.000000] Inode-cache hash table entries: 65536 (order: 6, 262144 bytes)
[    0.000000] Memory: 1520676K/1570816K available (6717K kernel code, 769K rwdata, 2276K rodata, 460K init, 8267K bss, 33756K reserved, 16384K cma-reserved, 768000K highmem)
[    0.000000] Virtual kernel memory layout:
[    0.000000]     vector  : 0xffff0000 - 0xffff1000   (   4 kB)
[    0.000000]     fixmap  : 0xffc00000 - 0xfff00000   (3072 kB)
[    0.000000]     vmalloc : 0xf0800000 - 0xff800000   ( 240 MB)
[    0.000000]     lowmem  : 0xc0000000 - 0xf0000000   ( 768 MB)
[    0.000000]     pkmap   : 0xbfe00000 - 0xc0000000   (   2 MB)
[    0.000000]     modules : 0xbf000000 - 0xbfe00000   (  14 MB)
[    0.000000]       .text : 0xc0008000 - 0xc08d07a0   (8994 kB)
[    0.000000]       .init : 0xc08d1000 - 0xc0944000   ( 460 kB)
[    0.000000]       .data : 0xc0944000 - 0xc0a046e4   ( 770 kB)
[    0.000000]        .bss : 0xc0a07000 - 0xc1219fa0   (8268 kB)
[    0.000000] Running RCU self tests
[    0.000000] Hierarchical RCU implementation.
[    0.000000] 	RCU lockdep checking is enabled.
[    0.000000] 	Build-time adjustment of leaf fanout to 32.
[    0.000000] NR_IRQS:16 nr_irqs:16 16
[    0.000000] OMAP clockevent source: timer1 at 32768 Hz
[    0.000000] Architected cp15 timer(s) running at 6.14MHz (virt).
[    0.000000] clocksource: arch_sys_counter: mask: 0xffffffffffffff max_cycles: 0x16af5adb9, max_idle_ns: 440795202250 ns
[    0.000004] sched_clock: 56 bits at 6MHz, resolution 162ns, wraps every 4398046511023ns
[    0.000016] Switching to timer-based delay loop, resolution 162ns
[    0.000432] clocksource: 32k_counter: mask: 0xffffffff max_cycles: 0xffffffff, max_idle_ns: 58327039986419 ns
[    0.000441] OMAP clocksource: 32k_counter at 32768 Hz
[    0.001410] Console: colour dummy device 80x30
[    0.001443] Lock dependency validator: Copyright (c) 2006 Red Hat, Inc., Ingo Molnar
[    0.001450] ... MAX_LOCKDEP_SUBCLASSES:  8
[    0.001456] ... MAX_LOCK_DEPTH:          48
[    0.001463] ... MAX_LOCKDEP_KEYS:        8191
[    0.001469] ... CLASSHASH_SIZE:          4096
[    0.001475] ... MAX_LOCKDEP_ENTRIES:     32768
[    0.001481] ... MAX_LOCKDEP_CHAINS:      65536
[    0.001486] ... CHAINHASH_SIZE:          32768
[    0.001492]  memory used by lock dependency info: 5167 kB
[    0.001499]  per task-struct memory footprint: 1536 bytes
[    0.001517] Calibrating delay loop (skipped), value calculated using timer frequency.. 12.29 BogoMIPS (lpj=61475)
[    0.001531] pid_max: default: 32768 minimum: 301
[    0.001845] Security Framework initialized
[    0.001944] Mount-cache hash table entries: 2048 (order: 1, 8192 bytes)
[    0.001955] Mountpoint-cache hash table entries: 2048 (order: 1, 8192 bytes)
[    0.004204] CPU: Testing write buffer coherency: ok
[    0.005257] /cpus/cpu@0 missing clock-frequency property
[    0.005304] /cpus/cpu@1 missing clock-frequency property
[    0.005315] CPU0: thread -1, cpu 0, socket 0, mpidr 80000000
[    0.005372] Setting up static identity map for 0x80008280 - 0x800082f0
[    0.009369] CPU1: thread -1, cpu 1, socket 0, mpidr 80000001
[    0.009757] Brought up 2 CPUs
[    0.009770] SMP: Total of 2 processors activated (24.59 BogoMIPS).
[    0.009777] CPU: All CPU(s) started in SVC mode.
[    0.012240] devtmpfs: initialized
[    0.072493] VFP support v0.3: implementor 41 architecture 4 part 30 variant f rev 0
[    0.073089] clocksource: jiffies: mask: 0xffffffff max_cycles: 0xffffffff, max_idle_ns: 19112604462750000 ns
[    0.073894] pinctrl core: initialized pinctrl subsystem
[    0.077240] NET: Registered protocol family 16
[    0.080758] DMA: preallocated 256 KiB pool for atomic coherent allocations
[    0.082310] omap_hwmod: l3_main_2 using broken dt data from ocp
[    0.340714] cpuidle: using governor ladder
[    0.370702] cpuidle: using governor menu
[    0.382674] OMAP GPIO hardware version 0.1
[    0.395094] irq: no irq domain found for /ocp/l4@4a000000/scm@2000/pinmux@1400 !
[    0.415212] omap-gpmc 50000000.gpmc: could not find pctldev for node /ocp/l4@4a000000/scm@2000/pinmux@1400/nand_flash_x16, deferring probe
[    0.421666] No ATAGs?
[    0.421722] hw-breakpoint: found 5 (+1 reserved) breakpoint and 4 watchpoint registers.
[    0.421731] hw-breakpoint: maximum watchpoint size is 8 bytes.
[    0.422184] omap4_sram_init:Unable to allocate sram needed to handle errata I688
[    0.422194] omap4_sram_init:Unable to get sram pool needed to handle errata I688
[    0.423534] OMAP DMA hardware revision 0.0
[    0.471589] omap-dma-engine 4a056000.dma-controller: OMAP DMA engine driver
[    0.477482] SCSI subsystem initialized
[    0.478635] omap_i2c 48070000.i2c: could not find pctldev for node /ocp/l4@4a000000/scm@2000/pinmux@1400/pinmux_i2c1_pins, deferring probe
[    0.478697] omap_i2c 48072000.i2c: could not find pctldev for node /ocp/l4@4a000000/scm@2000/pinmux@1400/pinmux_i2c2_pins, deferring probe
[    0.478754] omap_i2c 48060000.i2c: could not find pctldev for node /ocp/l4@4a000000/scm@2000/pinmux@1400/pinmux_i2c3_pins, deferring probe
[    0.478972] pps_core: LinuxPPS API ver. 1 registered
[    0.478979] pps_core: Software ver. 5.3.6 - Copyright 2005-2007 Rodolfo Giometti <giometti@linux.it>
[    0.479017] PTP clock support registered
[    0.481536] clocksource: Switched to clocksource arch_sys_counter
[    0.561591] VFS: Disk quotas dquot_6.6.0
[    0.561700] VFS: Dquot-cache hash table entries: 1024 (order 0, 4096 bytes)
[    0.584749] NET: Registered protocol family 2
[    0.586008] TCP established hash table entries: 8192 (order: 3, 32768 bytes)
[    0.586132] TCP bind hash table entries: 8192 (order: 6, 294912 bytes)
[    0.588395] TCP: Hash tables configured (established 8192 bind 8192)
[    0.588518] UDP hash table entries: 512 (order: 3, 40960 bytes)
[    0.588825] UDP-Lite hash table entries: 512 (order: 3, 40960 bytes)
[    0.589690] NET: Registered protocol family 1
[    0.590578] RPC: Registered named UNIX socket transport module.
[    0.590588] RPC: Registered udp transport module.
[    0.590596] RPC: Registered tcp transport module.
[    0.590603] RPC: Registered tcp NFSv4.1 backchannel transport module.
[    0.592738] hw perfevents: enabled with armv7_cortex_a15 PMU driver, 7 counters available
[    0.596369] futex hash table entries: 512 (order: 3, 32768 bytes)
[    0.596601] audit: initializing netlink subsys (disabled)
[    0.596721] audit: type=2000 audit(0.589:1): initialized
[    0.601272] NFS: Registering the id_resolver key type
[    0.601544] Key type id_resolver registered
[    0.601554] Key type id_legacy registered
[    0.601678] jffs2: version 2.2. (NAND) (SUMMARY)   2001-2006 Red Hat, Inc.
[    0.604920] bounce: pool size: 64 pages
[    0.604974] io scheduler noop registered
[    0.604988] io scheduler deadline registered
[    0.605020] io scheduler cfq registered (default)
[    0.611569] pinctrl-single 4a003400.pinmux: 282 pins at pa fc003400 size 1128
[    0.617521] Serial: 8250/16550 driver, 4 ports, IRQ sharing enabled
[    0.621455] 4806a000.serial: ttyO0 at MMIO 0x4806a000 (irq = 296, base_baud = 3000000) is a OMAP UART0
[    1.383986] console [ttyO0] enabled
[    1.388705] omap_uart 4806c000.serial: no wakeirq for uart1
[    1.394737] 4806c000.serial: ttyO1 at MMIO 0x4806c000 (irq = 297, base_baud = 3000000) is a OMAP UART1
[    1.405321] omap_uart 48020000.serial: no wakeirq for uart2
[    1.411329] 48020000.serial: ttyO2 at MMIO 0x48020000 (irq = 298, base_baud = 3000000) is a OMAP UART2
[    1.445335] brd: module loaded
[    1.463129] loop: module loaded
[    1.468473] ahci 4a140000.sata: SSS flag set, parallel bus scan disabled
[    1.475531] ahci 4a140000.sata: AHCI 0001.0300 32 slots 1 ports 3 Gbps 0x1 impl platform mode
[    1.484474] ahci 4a140000.sata: flags: 64bit ncq sntf stag pm led clo only pmp pio slum part ccc apst 
[    1.496670] scsi host0: ahci
[    1.500503] ata1: SATA max UDMA/133 mmio [mem 0x4a140000-0x4a1410ff] port 0x100 irq 327
[    1.509688] mtdoops: mtd device (mtddev=name/number) must be supplied
[    1.581536] davinci_mdio 48485000.mdio: davinci mdio revision 1.6
[    1.587906] davinci_mdio 48485000.mdio: detected phy mask fffffff3
[    1.599784] libphy: 48485000.mdio: probed
[    1.603996] davinci_mdio 48485000.mdio: phy[2]: device 48485000.mdio:02, driver unknown
[    1.612373] davinci_mdio 48485000.mdio: phy[3]: device 48485000.mdio:03, driver unknown
[    1.621625] cpsw 48484000.ethernet: Detected MACID = b4:99:4c:0b:e4:e6
[    1.630172] cpsw 48484000.ethernet: cpsw: Detected MACID = b4:99:4c:0b:e4:e7
[    1.640185] mousedev: PS/2 mouse device common for all mice
[    1.646035] i2c /dev entries driver
[    1.650780] omap_hsmmc 4809c000.mmc: Got CD GPIO
[    1.721822] ledtrig-cpu: registered to indicate activity on CPUs
[    1.730233] oprofile: using timer interrupt.
[    1.735099] Initializing XFRM netlink socket
[    1.739814] NET: Registered protocol family 10
[    1.746685] sit: IPv6 over IPv4 tunneling driver
[    1.752946] NET: Registered protocol family 17
[    1.757634] NET: Registered protocol family 15
[    1.762518] Key type dns_resolver registered
[    1.767111] omap_voltage_late_init: Voltage driver support not added
[    1.773772] sr_dev_init: Unable to get voltage domain pointer for VDD core
[    1.780963] sr_dev_init: Unable to get voltage domain pointer for VDD mpu
[    1.788662] Power Management for TI OMAP4+ devices.
[    1.794113] ThumbEE CPU extension supported.
[    1.798603] Registering SWP/SWPB emulation handler
[    1.803650] SmartReflex Class3 initialized
[    1.811185] omap-gpmc 50000000.gpmc: GPMC revision 6.0
[    1.816706] gpmc_mem_init: disabling cs 0 mapped at 0x0-0x1000000
[    1.824559] nand: device found, Manufacturer ID: 0x2c, Chip ID: 0xca
[    1.831258] nand: Micron MT29F2G16ABAEAWP
[    1.835503] nand: 256 MiB, SLC, erase size: 128 KiB, page size: 2048, OOB size: 64
[    1.843573] nand: using OMAP_ECC_BCH8_CODE_HW ECC scheme
[    1.849350] 10 ofpart partitions found on MTD device omap2-nand.0
[    1.851548] ata1: SATA link down (SStatus 0 SControl 300)
[    1.861418] Creating 10 MTD partitions on "omap2-nand.0":
[    1.867091] 0x000000000000-0x000000020000 : "NAND.SPL"
[    1.876707] 0x000000020000-0x000000040000 : "NAND.SPL.backup1"
[    1.885694] 0x000000040000-0x000000060000 : "NAND.SPL.backup2"
[    1.894544] 0x000000060000-0x000000080000 : "NAND.SPL.backup3"
[    1.900709] mmc0: MAN_BKOPS_EN bit is not set
[    1.907111] 0x000000080000-0x0000000c0000 : "NAND.u-boot-spl-os"
[    1.914029] mmc0: new high speed MMC card at address 0001
[    1.921383] mmcblk0: mmc0:0001 MMC08G 7.25 GiB 
[    1.922541] 0x0000000c0000-0x0000001c0000 : "NAND.u-boot"
[    1.932568] mmcblk0boot0: mmc0:0001 MMC08G partition 1 8.00 MiB
[    1.933780] 0x0000001c0000-0x0000001e0000 : "NAND.u-boot-env"
[    1.946249] mmcblk0boot1: mmc0:0001 MMC08G partition 2 8.00 MiB
[    1.946597] 0x0000001e0000-0x000000200000 : "NAND.u-boot-env.backup1"
[    1.949517] 0x000000200000-0x000000a00000 : "NAND.kernel"
[    1.959144] 0x000000a00000-0x000010000000 : "NAND.file-system"
[    1.973336]  mmcblk0: p1 p2 p3
[    2.173581] palmas 0-0058: IRQ missing: skipping irq request
[    2.192255] palmas 0-0058: Muxing GPIO 2e, PWM 0, LED 0
[    2.235377] pcf857x 0-0020: probed
[    2.239649] ------------[ cut here ]------------
[    2.244525] WARNING: CPU: 0 PID: 65 at fs/sysfs/dir.c:31 sysfs_warn_dup+0x58/0x78()
[    2.252566] sysfs: cannot create duplicate filename '/class/gpio/gpiochip496'
[    2.260032] Modules linked in:
[    2.263257] CPU: 0 PID: 65 Comm: kworker/u4:1 Not tainted 4.4.0-rc8-next-20160108-00002-gee42be1713cd #1
[    2.273205] Hardware name: Generic DRA74X (Flattened Device Tree)
[    2.279595] Workqueue: deferwq deferred_probe_work_func
[    2.285104] [<c0017d5c>] (unwind_backtrace) from [<c0014080>] (show_stack+0x10/0x14)
[    2.293247] [<c0014080>] (show_stack) from [<c035eb1c>] (dump_stack+0x84/0x9c)
[    2.300827] [<c035eb1c>] (dump_stack) from [<c003c850>] (warn_slowpath_common+0x78/0xb4)
[    2.309333] [<c003c850>] (warn_slowpath_common) from [<c003c8bc>] (warn_slowpath_fmt+0x30/0x40)
[    2.318477] [<c003c8bc>] (warn_slowpath_fmt) from [<c01fbf8c>] (sysfs_warn_dup+0x58/0x78)
[    2.327078] [<c01fbf8c>] (sysfs_warn_dup) from [<c01fc2e0>] (sysfs_do_create_link_sd+0xa8/0xb4)
[    2.336227] [<c01fc2e0>] (sysfs_do_create_link_sd) from [<c03f59a0>] (device_add+0x244/0x56c)
[    2.345187] [<c03f59a0>] (device_add) from [<c03f5e58>] (device_create_groups_vargs+0xa8/0xc4)
[    2.354244] [<c03f5e58>] (device_create_groups_vargs) from [<c03f5eec>] (device_create_with_groups+0x24/0x2c)
[    2.364658] [<c03f5eec>] (device_create_with_groups) from [<c03992a4>] (gpiochip_sysfs_register+0x48/0x8c)
[    2.374805] [<c03992a4>] (gpiochip_sysfs_register) from [<c0395da8>] (gpiochip_add_data+0x268/0x510)
[    2.384397] [<c0395da8>] (gpiochip_add_data) from [<c039b454>] (pcf857x_probe+0x1e4/0x39c)
[    2.393074] [<c039b454>] (pcf857x_probe) from [<c04b6758>] (i2c_device_probe+0x168/0x1fc)
[    2.401669] [<c04b6758>] (i2c_device_probe) from [<c03f83e4>] (driver_probe_device+0x208/0x2c0)
[    2.410791] [<c03f83e4>] (driver_probe_device) from [<c03f6818>] (bus_for_each_drv+0x64/0x98)
[    2.419743] [<c03f6818>] (bus_for_each_drv) from [<c03f811c>] (__device_attach+0xa4/0x10c)
[    2.428426] [<c03f811c>] (__device_attach) from [<c03f7774>] (bus_probe_device+0x88/0x90)
[    2.437020] [<c03f7774>] (bus_probe_device) from [<c03f5b18>] (device_add+0x3bc/0x56c)
[    2.445343] [<c03f5b18>] (device_add) from [<c04b8818>] (i2c_new_device+0x144/0x1a4)
[    2.453487] [<c04b8818>] (i2c_new_device) from [<c04b8ecc>] (i2c_register_adapter+0x34c/0x4b8)
[    2.462534] [<c04b8ecc>] (i2c_register_adapter) from [<c04baebc>] (omap_i2c_probe+0x4dc/0x6cc)
[    2.471581] [<c04baebc>] (omap_i2c_probe) from [<c03f9e18>] (platform_drv_probe+0x50/0xac)
[    2.480243] [<c03f9e18>] (platform_drv_probe) from [<c03f83e4>] (driver_probe_device+0x208/0x2c0)
[    2.489564] [<c03f83e4>] (driver_probe_device) from [<c03f6818>] (bus_for_each_drv+0x64/0x98)
[    2.498520] [<c03f6818>] (bus_for_each_drv) from [<c03f811c>] (__device_attach+0xa4/0x10c)
[    2.507209] [<c03f811c>] (__device_attach) from [<c03f7774>] (bus_probe_device+0x88/0x90)
[    2.515805] [<c03f7774>] (bus_probe_device) from [<c03f7bfc>] (deferred_probe_work_func+0x64/0x94)
[    2.525215] [<c03f7bfc>] (deferred_probe_work_func) from [<c0056938>] (process_one_work+0x1b0/0x4b0)
[    2.534811] [<c0056938>] (process_one_work) from [<c0056c70>] (worker_thread+0x38/0x4e8)
[    2.543313] [<c0056c70>] (worker_thread) from [<c005ca00>] (kthread+0xd4/0xf0)
[    2.550893] [<c005ca00>] (kthread) from [<c000f8d0>] (ret_from_fork+0x14/0x24)
[    2.558479] ---[ end trace 05868568e329cdfc ]---
[    2.563413] gpiochip_add_data: GPIOs 496..511 (pcf8575) failed to register
[    2.570659] pcf857x: probe of 0-0021 failed with error -17
[    2.576762] omap_i2c 48070000.i2c: bus 0 rev0.12 at 400 kHz
[    2.601980] GPIO line 497 (vin6_sel_s0) hogged as output/low
[    2.608028] ------------[ cut here ]------------
[    2.612893] WARNING: CPU: 0 PID: 65 at fs/sysfs/dir.c:31 sysfs_warn_dup+0x58/0x78()
[    2.620927] sysfs: cannot create duplicate filename '/class/gpio/gpiochip496'
[    2.628423] Modules linked in:
[    2.631650] CPU: 0 PID: 65 Comm: kworker/u4:1 Tainted: G        W       4.4.0-rc8-next-20160108-00002-gee42be1713cd #1
[    2.642882] Hardware name: Generic DRA74X (Flattened Device Tree)
[    2.649274] Workqueue: deferwq deferred_probe_work_func
[    2.654775] [<c0017d5c>] (unwind_backtrace) from [<c0014080>] (show_stack+0x10/0x14)
[    2.662903] [<c0014080>] (show_stack) from [<c035eb1c>] (dump_stack+0x84/0x9c)
[    2.670486] [<c035eb1c>] (dump_stack) from [<c003c850>] (warn_slowpath_common+0x78/0xb4)
[    2.678989] [<c003c850>] (warn_slowpath_common) from [<c003c8bc>] (warn_slowpath_fmt+0x30/0x40)
[    2.688125] [<c003c8bc>] (warn_slowpath_fmt) from [<c01fbf8c>] (sysfs_warn_dup+0x58/0x78)
[    2.696718] [<c01fbf8c>] (sysfs_warn_dup) from [<c01fc2e0>] (sysfs_do_create_link_sd+0xa8/0xb4)
[    2.705858] [<c01fc2e0>] (sysfs_do_create_link_sd) from [<c03f59a0>] (device_add+0x244/0x56c)
[    2.714803] [<c03f59a0>] (device_add) from [<c03f5e58>] (device_create_groups_vargs+0xa8/0xc4)
[    2.723848] [<c03f5e58>] (device_create_groups_vargs) from [<c03f5eec>] (device_create_with_groups+0x24/0x2c)
[    2.734274] [<c03f5eec>] (device_create_with_groups) from [<c03992a4>] (gpiochip_sysfs_register+0x48/0x8c)
[    2.744416] [<c03992a4>] (gpiochip_sysfs_register) from [<c0395da8>] (gpiochip_add_data+0x268/0x510)
[    2.754013] [<c0395da8>] (gpiochip_add_data) from [<c039b454>] (pcf857x_probe+0x1e4/0x39c)
[    2.762696] [<c039b454>] (pcf857x_probe) from [<c04b6758>] (i2c_device_probe+0x168/0x1fc)
[    2.771273] [<c04b6758>] (i2c_device_probe) from [<c03f83e4>] (driver_probe_device+0x208/0x2c0)
[    2.780401] [<c03f83e4>] (driver_probe_device) from [<c03f6818>] (bus_for_each_drv+0x64/0x98)
[    2.789348] [<c03f6818>] (bus_for_each_drv) from [<c03f811c>] (__device_attach+0xa4/0x10c)
[    2.798025] [<c03f811c>] (__device_attach) from [<c03f7774>] (bus_probe_device+0x88/0x90)
[    2.806615] [<c03f7774>] (bus_probe_device) from [<c03f5b18>] (device_add+0x3bc/0x56c)
[    2.814928] [<c03f5b18>] (device_add) from [<c04b8818>] (i2c_new_device+0x144/0x1a4)
[    2.823075] [<c04b8818>] (i2c_new_device) from [<c04b8ecc>] (i2c_register_adapter+0x34c/0x4b8)
[    2.832117] [<c04b8ecc>] (i2c_register_adapter) from [<c04baebc>] (omap_i2c_probe+0x4dc/0x6cc)
[    2.841155] [<c04baebc>] (omap_i2c_probe) from [<c03f9e18>] (platform_drv_probe+0x50/0xac)
[    2.849836] [<c03f9e18>] (platform_drv_probe) from [<c03f83e4>] (driver_probe_device+0x208/0x2c0)
[    2.859160] [<c03f83e4>] (driver_probe_device) from [<c03f6818>] (bus_for_each_drv+0x64/0x98)
[    2.868123] [<c03f6818>] (bus_for_each_drv) from [<c03f811c>] (__device_attach+0xa4/0x10c)
[    2.876808] [<c03f811c>] (__device_attach) from [<c03f7774>] (bus_probe_device+0x88/0x90)
[    2.885396] [<c03f7774>] (bus_probe_device) from [<c03f7bfc>] (deferred_probe_work_func+0x64/0x94)
[    2.894805] [<c03f7bfc>] (deferred_probe_work_func) from [<c0056938>] (process_one_work+0x1b0/0x4b0)
[    2.904394] [<c0056938>] (process_one_work) from [<c0056c70>] (worker_thread+0x38/0x4e8)
[    2.912889] [<c0056c70>] (worker_thread) from [<c005ca00>] (kthread+0xd4/0xf0)
[    2.920454] [<c005ca00>] (kthread) from [<c000f8d0>] (ret_from_fork+0x14/0x24)
[    2.928038] ---[ end trace 05868568e329cdfd ]---
[    2.932965] gpiochip_add_data: GPIOs 496..511 (pcf8575) failed to register
[    2.940198] pcf857x: probe of 1-0026 failed with error -17
[    2.946015] omap_i2c 48072000.i2c: bus 1 rev0.12 at 400 kHz
[    2.953155] omap_i2c 48060000.i2c: bus 2 rev0.12 at 400 kHz
[    2.959438] omap_hsmmc 4809c000.mmc: Got CD GPIO
[    2.964593] omap_hsmmc 4809c000.mmc: omap_device: omap_device_enable() called from invalid state 1
[    3.003068] hctosys: unable to open rtc device (rtc0)
[    3.008374] sr_init: No PMIC hook to init smartreflex
[    3.013894] sr_init: platform driver register failed for SR
[    3.066069] net eth0: initializing cpsw version 1.15 (0)
[    3.076213] omap_hsmmc 4809c000.mmc: Got CD GPIO
[    3.155660] Generic PHY 48485000.mdio:02: attached PHY driver [Generic PHY] (mii_bus:phy_addr=48485000.mdio:02, irq=-1)
[    3.174889] IPv6: ADDRCONF(NETDEV_UP): eth0: link is not ready
[    7.158649] cpsw 48484000.ethernet eth0: Link is Up - 1Gbps/Full - flow control rx/tx
[    7.171564] IPv6: ADDRCONF(NETDEV_CHANGE): eth0: link becomes ready
[    7.191523] Sending DHCP requests ., OK
[    7.271524] IP-Config: Got DHCP answer from 192.168.0.1, my address is 192.168.0.94
[    7.279843] IP-Config: Complete:
[    7.283253]      device=eth0, hwaddr=b4:99:4c:0b:e4:e6, ipaddr=192.168.0.94, mask=255.255.255.0, gw=192.168.0.1
[    7.293848]      host=192.168.0.94, domain=ti.com, nis-domain=(none)
[    7.300509]      bootserver=192.168.0.1, rootserver=192.168.0.1, rootpath=     nameserver0=192.0.2.2, nameserver1=192.0.2.3
[    7.312321] platform 4809c000.mmc: omap_device_late_idle: enabled but no driver.  Idling
[    7.320910] aic_dvdd: disabling
[    7.324245] pbias_mmc_omap5: disabling
[    7.328740] ldousb: disabling
[    7.334588] Waiting for root device PARTUUID=00000000-02...
- 13:36:53 [INFO] Boot attempt 1/1 failed
- 13:36:53 [INFO] Disconnected serial from dra7xx-evm
URL:gtsystest.telogy.design.ti.com/vatf/tigtfarm07/tigtfarm07_vatf@dra7xx-evm1/tigtfarm0701_08_2016_13_33_05/files/session_iteration_1/test_1
