- 13:17:35 [INFO] Starting target session
- 13:17:35 [INFO] Connected to dra72x-evm via serial 
- 13:17:35 [INFO] Host: #check prompt
- 13:17:38 [ERROR] On command: #check prompt waiting for #check prompt.+?(?-mix:((?-mix:login:)|[Pp]assword)) >>> error: execution expired
- 13:17:38 [INFO] Target: 
#check prompt
- 13:17:38 [INFO] Host: #check prompt
- 13:17:40 [ERROR] On command: #check prompt waiting for #check prompt.+?(?-mix:root@.+[@:#]+) >>> error: execution expired
- 13:17:40 [INFO] Target: 
#check prompt
- 13:17:40 [INFO] Host: #check prompt
- 13:17:42 [ERROR] On command: #check prompt waiting for #check prompt.+?(?-mix:root@.+[@:#]+) >>> error: execution expired
- 13:17:42 [INFO] Target: 
#check prompt
- 13:17:42 [INFO] Host: #check prompt
- 13:17:44 [ERROR] On command: #check prompt waiting for #check prompt.+?(?-mix:root@.+[@:#]+) >>> error: execution expired
- 13:17:44 [INFO] Target: 
#check prompt
- 13:17:44 [INFO] Disconnected serial from dra72x-evm
- 13:17:45 [INFO] Connected to dra72x-evm via serial 
- 13:17:45 [INFO] Host: 
- 13:17:46 [INFO] Target: 
U-Boot SPL 2016.05-g72e318bdce (Dec 10 2016 - 07:13:26)
DRA722-GP ES2.0
Trying to boot from MMC1
reading args
spl_load_image_fat_os: error reading image args, err - -1
reading u-boot.img
reading u-boot.img
reading u-boot.img
reading u-boot.img
U-Boot 2016.05-g72e318bdce (Dec 10 2016 - 07:13:26 -0500)
CPU  : DRA722-GP ES2.0
Model: TI DRA722 Rev C EVM
Board: DRA72x EVM REV C.1
DRAM:  2 GiB
MMC:   OMAP SD/MMC: 0, OMAP SD/MMC: 1
SCSI:  Target spinup took 0 ms.
AHCI 0001.0300 32 slots 1 ports 3 Gbps 0x1 impl SATA mode
flags: 64bit ncq stag pm led clo only pmp pio slum part ccc apst 
scanning bus for devices...
  Device 0: (0:0) Vendor: ATA Prod.: ST1000DM003-1SB1 Rev: CC43
            Type: Hard Disk
            Capacity: 953869.7 MB = 931.5 GB (1953525168 x 512)
Found 1 device(s).
Net:   
Warning: ethernet@48484000 using MAC address from ROM
eth0: ethernet@48484000
Hit any key to stop autoboot:  2  0 
=>  
=>  
=>  
=>  
- 13:17:47 [INFO] Host: 
- 13:17:47 [INFO] Target: 
=>  
- 13:17:47 [INFO] Host: version
- 13:17:47 [INFO] Target: 
version
U-Boot 2016.05-g72e318bdce (Dec 10 2016 - 07:13:26 -0500)
arm-linux-gnueabihf-gcc (Linaro GCC 5.3-2016.02) 5.3.1 20160113
GNU ld (GNU Binutils) 2.25.0 Linaro 2015_10
- 13:17:47 [INFO] Host: setenv bootargs 'console=ttyO0,115200n8 earlyprintk=serial,ttyO0,115200n8 rootwait '
- 13:17:47 [INFO] Target: 
setenv bootargs 'console=ttyO0,115200n8 earlyprintk=serial,ttyO0,115200n8 rootwait '
- 13:17:47 [INFO] Host: setenv bootcmd  ''
- 13:17:47 [INFO] Target: 
setenv bootcmd  ''
- 13:17:47 [INFO] Host: setenv autoload 'no'
- 13:17:47 [INFO] Target: 
setenv autoload 'no'
- 13:17:47 [INFO] Host: setenv serverip '192.168.0.1'
- 13:17:47 [INFO] Target: 
setenv serverip '192.168.0.1'
- 13:17:47 [INFO] Host: setenv _initramfs -
- 13:17:47 [INFO] Target: 
setenv _initramfs -
- 13:17:47 [INFO] Host: printenv
- 13:17:48 [INFO] Target: 
printenv
_initramfs=-
arch=arm
args_fit=setenv bootargs console=${console} 
args_mmc=run finduuid;setenv bootargs console=${console} ${optargs} root=PARTUUID=${uuid} rw rootfstype=${mmcrootfstype}
autoload=no
baudrate=115200
board=dra7xx
board_name=dra72x-revc
board_rev=C.1
boot_fdt=try
boot_fit=0
bootargs=console=ttyO0,115200n8 earlyprintk=serial,ttyO0,115200n8 rootwait 
bootcmd=
bootdelay=2
bootdir=/boot
bootenvfile=uEnv.txt
bootfile=zImage
bootm_size=0x10000000
bootpart=0:2
bootscript=echo Running bootscript from mmc${mmcdev} ...; source ${loadaddr}
console=ttyO0,115200n8
cpu=armv7
dfu_alt_info_emmc=rawemmc raw 0 3751936;boot part 1 1;rootfs part 1 2;MLO fat 1 1;MLO.raw raw 0x100 0x100;u-boot.img.raw raw 0x300 0x400;spl-os-args.raw raw 0x80 0x80;spl-os-image.raw raw 0x900 0x2000;spl-os-args fat 1 1;spl-os-image fat 1 1;u-boot.img fat 1 1;uEnv.txt fat 1 1
dfu_alt_info_mmc=boot part 0 1;rootfs part 0 2;MLO fat 0 1;MLO.raw raw 0x100 0x100;u-boot.img.raw raw 0x300 0x400;spl-os-args.raw raw 0x80 0x80;spl-os-image.raw raw 0x900 0x2000;spl-os-args fat 0 1;spl-os-image fat 0 1;u-boot.img fat 0 1;uEnv.txt fat 0 1
dfu_alt_info_qspi=MLO raw 0x0 0x040000;u-boot.img raw 0x040000 0x0100000;u-boot-spl-os raw 0x140000 0x080000;u-boot-env raw 0x1C0000 0x010000;u-boot-env.backup raw 0x1D0000 0x010000;kernel raw 0x1E0000 0x800000
dfu_alt_info_ram=kernel ram 0x80200000 0x4000000;fdt ram 0x80f80000 0x80000;ramdisk ram 0x81000000 0x4000000
dfu_bufsiz=0x10000
dofastboot=0
envboot=mmc dev ${mmcdev}; if mmc rescan; then echo SD/MMC found on device ${mmcdev};if run loadbootscript; then run bootscript;else if run loadbootenv; then echo Loaded env from ${bootenvfile};run importbootenv;fi;if test -n $uenvcmd; then echo Running uenvcmd ...;run uenvcmd;fi;fi;fi;
ethaddr=5c:f8:21:14:54:c8
fdt_addr_r=0x88000000
fdtaddr=0x88000000
fdtcontroladdr=fdf101d8
fdtfile=undefined
findfdt=if test $board_name = omap5_uevm; then setenv fdtfile omap5-uevm.dtb; fi; if test $board_name = dra7xx; then setenv fdtfile dra7-evm.dtb; fi;if test $board_name = dra72x-revc; then setenv fdtfile dra72-evm-revc.dtb; fi;if test $board_name = dra72x; then setenv fdtfile dra72-evm.dtb; fi;if test $board_name = dra71x; then setenv fdtfile dra71-evm.dtb; fi;if test $board_name = beagle_x15; then setenv fdtfile am57xx-beagle-x15.dtb; fi;if test $board_name = beagle_x15_revb1; then setenv fdtfile am57xx-beagle-x15-revb1.dtb; fi;if test $board_name = am57xx_evm; then setenv fdtfile am57xx-evm.dtb; fi;if test $board_name = am57xx_evm_reva3; then setenv fdtfile am57xx-evm-reva3.dtb; fi;if test $board_name = am572x_idk && test $idk_lcd = no; then setenv fdtfile am572x-idk.dtb; fi;if test $board_name = am572x_idk && test $idk_lcd = osd101t2045; then setenv fdtfile am572x-idk-lcd-osd.dtb; fi;if test $board_name = am572x_idk && test $idk_lcd = osd101t2587; then setenv fdtfile am572x-idk-lcd-osd101t2587.dtb; fi;if test $board_name = am571x_idk && test $idk_lcd = no; then setenv fdtfile am571x-idk.dtb; fi;if test $board_name = am571x_idk && test $idk_lcd = osd101t2045; then setenv fdtfile am571x-idk-lcd-osd.dtb; fi;if test $board_name = am571x_idk && test $idk_lcd = osd101t2587; then setenv fdtfile am571x-idk-lcd-osd101t2587.dtb; fi;if test $fdtfile = undefined; then echo WARNING: Could not determine device tree to use; fi; 
finduuid=part uuid mmc ${bootpart} uuid
fit_bootfile=fitImage.itb
fit_loadaddr=0x88000000
importbootenv=echo Importing environment from mmc${mmcdev} ...; env import -t ${loadaddr} ${filesize}
kernel_addr_r=0x82000000
loadaddr=0x82000000
loadbootenv=fatload mmc ${mmcdev} ${loadaddr} ${bootenvfile}
loadbootscript=load mmc ${mmcdev} ${loadaddr} boot.scr
loadfdt=load ${devtype} ${bootpart} ${fdtaddr} ${bootdir}/${fdtfile}
loadfit=run args_fit; bootm ${loadaddr}#${fdtfile};
loadimage=load ${devtype} ${bootpart} ${loadaddr} ${bootdir}/${bootfile}
mmcboot=mmc dev ${mmcdev}; setenv devnum ${mmcdev}; setenv devtype mmc; if mmc rescan; then echo SD/MMC found on device ${mmcdev};if run loadimage; then if test ${boot_fit} -eq 1; then run loadfit; else run mmcloados;fi;fi;fi;
mmcdev=0
mmcloados=run args_mmc; if test ${boot_fdt} = yes || test ${boot_fdt} = try; then if run loadfdt; then bootz ${loadaddr} - ${fdtaddr}; else if test ${boot_fdt} = try; then bootz; else echo WARN: Cannot load the DT; fi; fi; else bootz; fi;
mmcrootfstype=ext4 rootwait
netargs=setenv bootargs console=${console} ${optargs} root=/dev/nfs nfsroot=${serverip}:${rootpath},${nfsopts} rw ip=dhcp
netboot=echo Booting from network ...; setenv autoload no; dhcp; run netloadimage; run netloadfdt; run netargs; bootz ${loadaddr} - ${fdtaddr}
netloadfdt=tftp ${fdtaddr} ${fdtfile}
netloadimage=tftp ${loadaddr} ${bootfile}
nfsopts=nolock
partitions=uuid_disk=${uuid_gpt_disk};name=rootfs,start=2MiB,size=-,uuid=${uuid_gpt_rootfs}
partitions_android=uuid_disk=${uuid_gpt_disk};name=xloader,start=128K,size=128K,uuid=${uuid_gpt_xloader};name=bootloader,size=384K,uuid=${uuid_gpt_bootloader};name=environment,size=128K,uuid=${uuid_gpt_environment};name=misc,size=128K,uuid=${uuid_gpt_misc};name=efs,start=1280K,size=16M,uuid=${uuid_gpt_efs};name=crypto,size=16K,uuid=${uuid_gpt_crypto};name=recovery,size=10M,uuid=${uuid_gpt_recovery};name=boot,size=10M,uuid=${uuid_gpt_boot};name=system,size=768M,uuid=${uuid_gpt_system};name=cache,size=256M,uuid=${uuid_gpt_cache};name=ipu1,size=1M,uuid=${uuid_gpt_ipu1};name=ipu2,size=1M,uuid=${uuid_gpt_ipu2};name=userdata,size=-,uuid=${uuid_gpt_userdata}
pxefile_addr_r=0x80100000
ramdisk_addr_r=0x88080000
rdaddr=0x88080000
rootpath=/export/rootfs
scriptaddr=0x80000000
scsidevs=1
serial#=0501101f6f3e0001
serverip=192.168.0.1
soc=omap5
static_ip=${ipaddr}:${serverip}:${gatewayip}:${netmask}:${hostname}::off
stderr=serial@4806a000
stdin=serial@4806a000
stdout=serial@4806a000
update_to_fit=setenv loadaddr ${fit_loadaddr}; setenv bootfile ${fit_bootfile}
usbtty=cdc_acm
vendor=ti
ver=U-Boot 2016.05-g72e318bdce (Dec 10 2016 - 07:13:26 -0500)
vram=16M
Environment size: 6118/131067 bytes
- 13:17:48 [INFO] Host: printenv
- 13:17:49 [INFO] Target: 
printenv
_initramfs=-
arch=arm
args_fit=setenv bootargs console=${console} 
args_mmc=run finduuid;setenv bootargs console=${console} ${optargs} root=PARTUUID=${uuid} rw rootfstype=${mmcrootfstype}
autoload=no
baudrate=115200
board=dra7xx
board_name=dra72x-revc
board_rev=C.1
boot_fdt=try
boot_fit=0
bootargs=console=ttyO0,115200n8 earlyprintk=serial,ttyO0,115200n8 rootwait 
bootcmd=
bootdelay=2
bootdir=/boot
bootenvfile=uEnv.txt
bootfile=zImage
bootm_size=0x10000000
bootpart=0:2
bootscript=echo Running bootscript from mmc${mmcdev} ...; source ${loadaddr}
console=ttyO0,115200n8
cpu=armv7
dfu_alt_info_emmc=rawemmc raw 0 3751936;boot part 1 1;rootfs part 1 2;MLO fat 1 1;MLO.raw raw 0x100 0x100;u-boot.img.raw raw 0x300 0x400;spl-os-args.raw raw 0x80 0x80;spl-os-image.raw raw 0x900 0x2000;spl-os-args fat 1 1;spl-os-image fat 1 1;u-boot.img fat 1 1;uEnv.txt fat 1 1
dfu_alt_info_mmc=boot part 0 1;rootfs part 0 2;MLO fat 0 1;MLO.raw raw 0x100 0x100;u-boot.img.raw raw 0x300 0x400;spl-os-args.raw raw 0x80 0x80;spl-os-image.raw raw 0x900 0x2000;spl-os-args fat 0 1;spl-os-image fat 0 1;u-boot.img fat 0 1;uEnv.txt fat 0 1
dfu_alt_info_qspi=MLO raw 0x0 0x040000;u-boot.img raw 0x040000 0x0100000;u-boot-spl-os raw 0x140000 0x080000;u-boot-env raw 0x1C0000 0x010000;u-boot-env.backup raw 0x1D0000 0x010000;kernel raw 0x1E0000 0x800000
dfu_alt_info_ram=kernel ram 0x80200000 0x4000000;fdt ram 0x80f80000 0x80000;ramdisk ram 0x81000000 0x4000000
dfu_bufsiz=0x10000
dofastboot=0
envboot=mmc dev ${mmcdev}; if mmc rescan; then echo SD/MMC found on device ${mmcdev};if run loadbootscript; then run bootscript;else if run loadbootenv; then echo Loaded env from ${bootenvfile};run importbootenv;fi;if test -n $uenvcmd; then echo Running uenvcmd ...;run uenvcmd;fi;fi;fi;
ethaddr=5c:f8:21:14:54:c8
fdt_addr_r=0x88000000
fdtaddr=0x88000000
fdtcontroladdr=fdf101d8
fdtfile=undefined
findfdt=if test $board_name = omap5_uevm; then setenv fdtfile omap5-uevm.dtb; fi; if test $board_name = dra7xx; then setenv fdtfile dra7-evm.dtb; fi;if test $board_name = dra72x-revc; then setenv fdtfile dra72-evm-revc.dtb; fi;if test $board_name = dra72x; then setenv fdtfile dra72-evm.dtb; fi;if test $board_name = dra71x; then setenv fdtfile dra71-evm.dtb; fi;if test $board_name = beagle_x15; then setenv fdtfile am57xx-beagle-x15.dtb; fi;if test $board_name = beagle_x15_revb1; then setenv fdtfile am57xx-beagle-x15-revb1.dtb; fi;if test $board_name = am57xx_evm; then setenv fdtfile am57xx-evm.dtb; fi;if test $board_name = am57xx_evm_reva3; then setenv fdtfile am57xx-evm-reva3.dtb; fi;if test $board_name = am572x_idk && test $idk_lcd = no; then setenv fdtfile am572x-idk.dtb; fi;if test $board_name = am572x_idk && test $idk_lcd = osd101t2045; then setenv fdtfile am572x-idk-lcd-osd.dtb; fi;if test $board_name = am572x_idk && test $idk_lcd = osd101t2587; then setenv fdtfile am572x-idk-lcd-osd101t2587.dtb; fi;if test $board_name = am571x_idk && test $idk_lcd = no; then setenv fdtfile am571x-idk.dtb; fi;if test $board_name = am571x_idk && test $idk_lcd = osd101t2045; then setenv fdtfile am571x-idk-lcd-osd.dtb; fi;if test $board_name = am571x_idk && test $idk_lcd = osd101t2587; then setenv fdtfile am571x-idk-lcd-osd101t2587.dtb; fi;if test $fdtfile = undefined; then echo WARNING: Could not determine device tree to use; fi; 
finduuid=part uuid mmc ${bootpart} uuid
fit_bootfile=fitImage.itb
fit_loadaddr=0x88000000
importbootenv=echo Importing environment from mmc${mmcdev} ...; env import -t ${loadaddr} ${filesize}
kernel_addr_r=0x82000000
loadaddr=0x82000000
loadbootenv=fatload mmc ${mmcdev} ${loadaddr} ${bootenvfile}
loadbootscript=load mmc ${mmcdev} ${loadaddr} boot.scr
loadfdt=load ${devtype} ${bootpart} ${fdtaddr} ${bootdir}/${fdtfile}
loadfit=run args_fit; bootm ${loadaddr}#${fdtfile};
loadimage=load ${devtype} ${bootpart} ${loadaddr} ${bootdir}/${bootfile}
mmcboot=mmc dev ${mmcdev}; setenv devnum ${mmcdev}; setenv devtype mmc; if mmc rescan; then echo SD/MMC found on device ${mmcdev};if run loadimage; then if test ${boot_fit} -eq 1; then run loadfit; else run mmcloados;fi;fi;fi;
mmcdev=0
mmcloados=run args_mmc; if test ${boot_fdt} = yes || test ${boot_fdt} = try; then if run loadfdt; then bootz ${loadaddr} - ${fdtaddr}; else if test ${boot_fdt} = try; then bootz; else echo WARN: Cannot load the DT; fi; fi; else bootz; fi;
mmcrootfstype=ext4 rootwait
netargs=setenv bootargs console=${console} ${optargs} root=/dev/nfs nfsroot=${serverip}:${rootpath},${nfsopts} rw ip=dhcp
netboot=echo Booting from network ...; setenv autoload no; dhcp; run netloadimage; run netloadfdt; run netargs; bootz ${loadaddr} - ${fdtaddr}
netloadfdt=tftp ${fdtaddr} ${fdtfile}
netloadimage=tftp ${loadaddr} ${bootfile}
nfsopts=nolock
partitions=uuid_disk=${uuid_gpt_disk};name=rootfs,start=2MiB,size=-,uuid=${uuid_gpt_rootfs}
partitions_android=uuid_disk=${uuid_gpt_disk};name=xloader,start=128K,size=128K,uuid=${uuid_gpt_xloader};name=bootloader,size=384K,uuid=${uuid_gpt_bootloader};name=environment,size=128K,uuid=${uuid_gpt_environment};name=misc,size=128K,uuid=${uuid_gpt_misc};name=efs,start=1280K,size=16M,uuid=${uuid_gpt_efs};name=crypto,size=16K,uuid=${uuid_gpt_crypto};name=recovery,size=10M,uuid=${uuid_gpt_recovery};name=boot,size=10M,uuid=${uuid_gpt_boot};name=system,size=768M,uuid=${uuid_gpt_system};name=cache,size=256M,uuid=${uuid_gpt_cache};name=ipu1,size=1M,uuid=${uuid_gpt_ipu1};name=ipu2,size=1M,uuid=${uuid_gpt_ipu2};name=userdata,size=-,uuid=${uuid_gpt_userdata}
pxefile_addr_r=0x80100000
ramdisk_addr_r=0x88080000
rdaddr=0x88080000
rootpath=/export/rootfs
scriptaddr=0x80000000
scsidevs=1
serial#=0501101f6f3e0001
serverip=192.168.0.1
soc=omap5
static_ip=${ipaddr}:${serverip}:${gatewayip}:${netmask}:${hostname}::off
stderr=serial@4806a000
stdin=serial@4806a000
stdout=serial@4806a000
update_to_fit=setenv loadaddr ${fit_loadaddr}; setenv bootfile ${fit_bootfile}
usbtty=cdc_acm
vendor=ti
ver=U-Boot 2016.05-g72e318bdce (Dec 10 2016 - 07:13:26 -0500)
vram=16M
Environment size: 6118/131067 bytes
- 13:17:49 [INFO] Host: setenv bootargs ''${bootargs}' ip=:::::eth0:dhcp '
- 13:17:49 [INFO] Target: 
setenv bootargs ''${bootargs}' ip=:::::eth0:dhcp '
- 13:17:49 [INFO] Host: setenv serverip '192.168.0.1'
- 13:17:49 [INFO] Target: 
setenv serverip '192.168.0.1'
- 13:17:49 [INFO] Host: setenv autoload 'no'
- 13:17:49 [INFO] Target: 
setenv autoload 'no'
- 13:17:49 [INFO] Host: dhcp
- 13:17:50 [INFO] Target: 
dhcp
ethernet@48484000 Waiting for PHY auto negotiation to complete. done
link up on port 0, speed 1000, full duplex
BOOTP broadcast 1
BOOTP broadcast 2
BOOTP broadcast 3
DHCP client bound to address 192.168.0.127 (1289 ms)
- 13:17:50 [INFO] Host: tftp ${loadaddr} 192.168.0.1:vatf_dra72x-evm/f30f2710581715fd24a32ac81caf70e5
- 13:17:51 [INFO] Target: 
tftp ${loadaddr} 192.168.0.1:vatf_dra72x-evm/f30f2710581715fd24a32ac81caf70e5
link up on port 0, speed 1000, full duplex
Using ethernet@48484000 device
TFTP from server 192.168.0.1; our IP address is 192.168.0.127
Filename 'vatf_dra72x-evm/f30f2710581715fd24a32ac81caf70e5'.
Load address: 0x82000000
Loading: *#################################################################
	 #################################################################
	 #################################################################
	 #################################################################
	 ####
	 10.2 MiB/s
done
Bytes transferred = 3875456 (3b2280 hex)
- 13:17:51 [INFO] Host: tftp ${fdt_addr_r} 192.168.0.1:vatf_dra72x-evm/e360c006ba907a69dc16007cc3864668
- 13:17:51 [INFO] Target: 
tftp ${fdt_addr_r} 192.168.0.1:vatf_dra72x-evm/e360c006ba907a69dc16007cc3864668
link up on port 0, speed 1000, full duplex
Using ethernet@48484000 device
TFTP from server 192.168.0.1; our IP address is 192.168.0.127
Filename 'vatf_dra72x-evm/e360c006ba907a69dc16007cc3864668'.
Load address: 0x88000000
Loading: *######
	 9.2 MiB/s
done
Bytes transferred = 87054 (1540e hex)
- 13:17:51 [INFO] Host: ls mmc 0:1
- 13:17:51 [INFO] Target: 
ls mmc 0:1
    82008   mlo 
   737480   u-boot.img 
        4   ws-calibrate.rules 
        0   pointercal 
4 file(s), 0 dir(s)
- 13:17:51 [INFO] Host: ls mmc 0:2
- 13:17:51 [INFO] Target: 
ls mmc 0:2
<DIR>       4096 .
<DIR>       4096 ..
<DIR>      16384 lost+found
<DIR>       4096 include
<DIR>       4096 srv
<DIR>       4096 home
<DIR>       4096 media
<DIR>       4096 opt
<DIR>       4096 var
<DIR>       4096 sys
<DIR>       4096 boot
<DIR>       4096 dev
<DIR>       4096 usr
<DIR>       4096 bin
<DIR>       4096 mnt
<DIR>       4096 etc
<DIR>       4096 sbin
<DIR>       4096 www
<SYM>          8 tmp
<DIR>       4096 proc
<DIR>       4096 run
<DIR>       4096 lib
<DIR>       4096 test
- 13:17:51 [INFO] Host: part uuid mmc 0:2
- 13:17:51 [INFO] Target: 
part uuid mmc 0:2
00000000-02
- 13:17:51 [INFO] Host: printenv
- 13:17:52 [INFO] Target: 
printenv
_initramfs=-
arch=arm
args_fit=setenv bootargs console=${console} 
args_mmc=run finduuid;setenv bootargs console=${console} ${optargs} root=PARTUUID=${uuid} rw rootfstype=${mmcrootfstype}
autoload=no
baudrate=115200
board=dra7xx
board_name=dra72x-revc
board_rev=C.1
boot_fdt=try
boot_fit=0
bootargs=console=ttyO0,115200n8 earlyprintk=serial,ttyO0,115200n8 rootwait  ip=:::::eth0:dhcp 
bootcmd=
bootdelay=2
bootdir=/boot
bootenvfile=uEnv.txt
bootfile=zImage
bootm_size=0x10000000
bootpart=0:2
bootscript=echo Running bootscript from mmc${mmcdev} ...; source ${loadaddr}
console=ttyO0,115200n8
cpu=armv7
dfu_alt_info_emmc=rawemmc raw 0 3751936;boot part 1 1;rootfs part 1 2;MLO fat 1 1;MLO.raw raw 0x100 0x100;u-boot.img.raw raw 0x300 0x400;spl-os-args.raw raw 0x80 0x80;spl-os-image.raw raw 0x900 0x2000;spl-os-args fat 1 1;spl-os-image fat 1 1;u-boot.img fat 1 1;uEnv.txt fat 1 1
dfu_alt_info_mmc=boot part 0 1;rootfs part 0 2;MLO fat 0 1;MLO.raw raw 0x100 0x100;u-boot.img.raw raw 0x300 0x400;spl-os-args.raw raw 0x80 0x80;spl-os-image.raw raw 0x900 0x2000;spl-os-args fat 0 1;spl-os-image fat 0 1;u-boot.img fat 0 1;uEnv.txt fat 0 1
dfu_alt_info_qspi=MLO raw 0x0 0x040000;u-boot.img raw 0x040000 0x0100000;u-boot-spl-os raw 0x140000 0x080000;u-boot-env raw 0x1C0000 0x010000;u-boot-env.backup raw 0x1D0000 0x010000;kernel raw 0x1E0000 0x800000
dfu_alt_info_ram=kernel ram 0x80200000 0x4000000;fdt ram 0x80f80000 0x80000;ramdisk ram 0x81000000 0x4000000
dfu_bufsiz=0x10000
dnsip=192.0.2.2
dnsip2=192.0.2.3
dofastboot=0
envboot=mmc dev ${mmcdev}; if mmc rescan; then echo SD/MMC found on device ${mmcdev};if run loadbootscript; then run bootscript;else if run loadbootenv; then echo Loaded env from ${bootenvfile};run importbootenv;fi;if test -n $uenvcmd; then echo Running uenvcmd ...;run uenvcmd;fi;fi;fi;
ethact=ethernet@48484000
ethaddr=5c:f8:21:14:54:c8
fdt_addr_r=0x88000000
fdtaddr=0x88000000
fdtcontroladdr=fdf101d8
fdtfile=undefined
fileaddr=88000000
filesize=1540e
findfdt=if test $board_name = omap5_uevm; then setenv fdtfile omap5-uevm.dtb; fi; if test $board_name = dra7xx; then setenv fdtfile dra7-evm.dtb; fi;if test $board_name = dra72x-revc; then setenv fdtfile dra72-evm-revc.dtb; fi;if test $board_name = dra72x; then setenv fdtfile dra72-evm.dtb; fi;if test $board_name = dra71x; then setenv fdtfile dra71-evm.dtb; fi;if test $board_name = beagle_x15; then setenv fdtfile am57xx-beagle-x15.dtb; fi;if test $board_name = beagle_x15_revb1; then setenv fdtfile am57xx-beagle-x15-revb1.dtb; fi;if test $board_name = am57xx_evm; then setenv fdtfile am57xx-evm.dtb; fi;if test $board_name = am57xx_evm_reva3; then setenv fdtfile am57xx-evm-reva3.dtb; fi;if test $board_name = am572x_idk && test $idk_lcd = no; then setenv fdtfile am572x-idk.dtb; fi;if test $board_name = am572x_idk && test $idk_lcd = osd101t2045; then setenv fdtfile am572x-idk-lcd-osd.dtb; fi;if test $board_name = am572x_idk && test $idk_lcd = osd101t2587; then setenv fdtfile am572x-idk-lcd-osd101t2587.dtb; fi;if test $board_name = am571x_idk && test $idk_lcd = no; then setenv fdtfile am571x-idk.dtb; fi;if test $board_name = am571x_idk && test $idk_lcd = osd101t2045; then setenv fdtfile am571x-idk-lcd-osd.dtb; fi;if test $board_name = am571x_idk && test $idk_lcd = osd101t2587; then setenv fdtfile am571x-idk-lcd-osd101t2587.dtb; fi;if test $fdtfile = undefined; then echo WARNING: Could not determine device tree to use; fi; 
finduuid=part uuid mmc ${bootpart} uuid
fit_bootfile=fitImage.itb
fit_loadaddr=0x88000000
gatewayip=192.168.0.1
importbootenv=echo Importing environment from mmc${mmcdev} ...; env import -t ${loadaddr} ${filesize}
ipaddr=192.168.0.127
kernel_addr_r=0x82000000
loadaddr=0x82000000
loadbootenv=fatload mmc ${mmcdev} ${loadaddr} ${bootenvfile}
loadbootscript=load mmc ${mmcdev} ${loadaddr} boot.scr
loadfdt=load ${devtype} ${bootpart} ${fdtaddr} ${bootdir}/${fdtfile}
loadfit=run args_fit; bootm ${loadaddr}#${fdtfile};
loadimage=load ${devtype} ${bootpart} ${loadaddr} ${bootdir}/${bootfile}
mmcboot=mmc dev ${mmcdev}; setenv devnum ${mmcdev}; setenv devtype mmc; if mmc rescan; then echo SD/MMC found on device ${mmcdev};if run loadimage; then if test ${boot_fit} -eq 1; then run loadfit; else run mmcloados;fi;fi;fi;
mmcdev=0
mmcloados=run args_mmc; if test ${boot_fdt} = yes || test ${boot_fdt} = try; then if run loadfdt; then bootz ${loadaddr} - ${fdtaddr}; else if test ${boot_fdt} = try; then bootz; else echo WARN: Cannot load the DT; fi; fi; else bootz; fi;
mmcrootfstype=ext4 rootwait
netargs=setenv bootargs console=${console} ${optargs} root=/dev/nfs nfsroot=${serverip}:${rootpath},${nfsopts} rw ip=dhcp
netboot=echo Booting from network ...; setenv autoload no; dhcp; run netloadimage; run netloadfdt; run netargs; bootz ${loadaddr} - ${fdtaddr}
netloadfdt=tftp ${fdtaddr} ${fdtfile}
netloadimage=tftp ${loadaddr} ${bootfile}
netmask=255.255.255.0
nfsopts=nolock
partitions=uuid_disk=${uuid_gpt_disk};name=rootfs,start=2MiB,size=-,uuid=${uuid_gpt_rootfs}
partitions_android=uuid_disk=${uuid_gpt_disk};name=xloader,start=128K,size=128K,uuid=${uuid_gpt_xloader};name=bootloader,size=384K,uuid=${uuid_gpt_bootloader};name=environment,size=128K,uuid=${uuid_gpt_environment};name=misc,size=128K,uuid=${uuid_gpt_misc};name=efs,start=1280K,size=16M,uuid=${uuid_gpt_efs};name=crypto,size=16K,uuid=${uuid_gpt_crypto};name=recovery,size=10M,uuid=${uuid_gpt_recovery};name=boot,size=10M,uuid=${uuid_gpt_boot};name=system,size=768M,uuid=${uuid_gpt_system};name=cache,size=256M,uuid=${uuid_gpt_cache};name=ipu1,size=1M,uuid=${uuid_gpt_ipu1};name=ipu2,size=1M,uuid=${uuid_gpt_ipu2};name=userdata,size=-,uuid=${uuid_gpt_userdata}
pxefile_addr_r=0x80100000
ramdisk_addr_r=0x88080000
rdaddr=0x88080000
rootpath=/export/rootfs
scriptaddr=0x80000000
scsidevs=1
serial#=0501101f6f3e0001
serverip=192.168.0.1
soc=omap5
static_ip=${ipaddr}:${serverip}:${gatewayip}:${netmask}:${hostname}::off
stderr=serial@4806a000
stdin=serial@4806a000
stdout=serial@4806a000
update_to_fit=setenv loadaddr ${fit_loadaddr}; setenv bootfile ${fit_bootfile}
usbtty=cdc_acm
vendor=ti
ver=U-Boot 2016.05-g72e318bdce (Dec 10 2016 - 07:13:26 -0500)
vram=16M
Environment size: 6309/131067 bytes
- 13:17:52 [INFO] Host: setenv bootargs ''${bootargs}' root=PARTUUID=00000000-02 rw rootfstype=ext4 rootwait '
- 13:17:52 [INFO] Target: 
setenv bootargs ''${bootargs}' root=PARTUUID=00000000-02 rw rootfstype=ext4 rootwait '
- 13:17:52 [INFO] Host: printenv
- 13:17:53 [INFO] Target: 
printenv
_initramfs=-
arch=arm
args_fit=setenv bootargs console=${console} 
args_mmc=run finduuid;setenv bootargs console=${console} ${optargs} root=PARTUUID=${uuid} rw rootfstype=${mmcrootfstype}
autoload=no
baudrate=115200
board=dra7xx
board_name=dra72x-revc
board_rev=C.1
boot_fdt=try
boot_fit=0
bootargs=console=ttyO0,115200n8 earlyprintk=serial,ttyO0,115200n8 rootwait  ip=:::::eth0:dhcp  root=PARTUUID=00000000-02 rw rootfstype=ext4 rootwait 
bootcmd=
bootdelay=2
bootdir=/boot
bootenvfile=uEnv.txt
bootfile=zImage
bootm_size=0x10000000
bootpart=0:2
bootscript=echo Running bootscript from mmc${mmcdev} ...; source ${loadaddr}
console=ttyO0,115200n8
cpu=armv7
dfu_alt_info_emmc=rawemmc raw 0 3751936;boot part 1 1;rootfs part 1 2;MLO fat 1 1;MLO.raw raw 0x100 0x100;u-boot.img.raw raw 0x300 0x400;spl-os-args.raw raw 0x80 0x80;spl-os-image.raw raw 0x900 0x2000;spl-os-args fat 1 1;spl-os-image fat 1 1;u-boot.img fat 1 1;uEnv.txt fat 1 1
dfu_alt_info_mmc=boot part 0 1;rootfs part 0 2;MLO fat 0 1;MLO.raw raw 0x100 0x100;u-boot.img.raw raw 0x300 0x400;spl-os-args.raw raw 0x80 0x80;spl-os-image.raw raw 0x900 0x2000;spl-os-args fat 0 1;spl-os-image fat 0 1;u-boot.img fat 0 1;uEnv.txt fat 0 1
dfu_alt_info_qspi=MLO raw 0x0 0x040000;u-boot.img raw 0x040000 0x0100000;u-boot-spl-os raw 0x140000 0x080000;u-boot-env raw 0x1C0000 0x010000;u-boot-env.backup raw 0x1D0000 0x010000;kernel raw 0x1E0000 0x800000
dfu_alt_info_ram=kernel ram 0x80200000 0x4000000;fdt ram 0x80f80000 0x80000;ramdisk ram 0x81000000 0x4000000
dfu_bufsiz=0x10000
dnsip=192.0.2.2
dnsip2=192.0.2.3
dofastboot=0
envboot=mmc dev ${mmcdev}; if mmc rescan; then echo SD/MMC found on device ${mmcdev};if run loadbootscript; then run bootscript;else if run loadbootenv; then echo Loaded env from ${bootenvfile};run importbootenv;fi;if test -n $uenvcmd; then echo Running uenvcmd ...;run uenvcmd;fi;fi;fi;
ethact=ethernet@48484000
ethaddr=5c:f8:21:14:54:c8
fdt_addr_r=0x88000000
fdtaddr=0x88000000
fdtcontroladdr=fdf101d8
fdtfile=undefined
fileaddr=88000000
filesize=1540e
findfdt=if test $board_name = omap5_uevm; then setenv fdtfile omap5-uevm.dtb; fi; if test $board_name = dra7xx; then setenv fdtfile dra7-evm.dtb; fi;if test $board_name = dra72x-revc; then setenv fdtfile dra72-evm-revc.dtb; fi;if test $board_name = dra72x; then setenv fdtfile dra72-evm.dtb; fi;if test $board_name = dra71x; then setenv fdtfile dra71-evm.dtb; fi;if test $board_name = beagle_x15; then setenv fdtfile am57xx-beagle-x15.dtb; fi;if test $board_name = beagle_x15_revb1; then setenv fdtfile am57xx-beagle-x15-revb1.dtb; fi;if test $board_name = am57xx_evm; then setenv fdtfile am57xx-evm.dtb; fi;if test $board_name = am57xx_evm_reva3; then setenv fdtfile am57xx-evm-reva3.dtb; fi;if test $board_name = am572x_idk && test $idk_lcd = no; then setenv fdtfile am572x-idk.dtb; fi;if test $board_name = am572x_idk && test $idk_lcd = osd101t2045; then setenv fdtfile am572x-idk-lcd-osd.dtb; fi;if test $board_name = am572x_idk && test $idk_lcd = osd101t2587; then setenv fdtfile am572x-idk-lcd-osd101t2587.dtb; fi;if test $board_name = am571x_idk && test $idk_lcd = no; then setenv fdtfile am571x-idk.dtb; fi;if test $board_name = am571x_idk && test $idk_lcd = osd101t2045; then setenv fdtfile am571x-idk-lcd-osd.dtb; fi;if test $board_name = am571x_idk && test $idk_lcd = osd101t2587; then setenv fdtfile am571x-idk-lcd-osd101t2587.dtb; fi;if test $fdtfile = undefined; then echo WARNING: Could not determine device tree to use; fi; 
finduuid=part uuid mmc ${bootpart} uuid
fit_bootfile=fitImage.itb
fit_loadaddr=0x88000000
gatewayip=192.168.0.1
importbootenv=echo Importing environment from mmc${mmcdev} ...; env import -t ${loadaddr} ${filesize}
ipaddr=192.168.0.127
kernel_addr_r=0x82000000
loadaddr=0x82000000
loadbootenv=fatload mmc ${mmcdev} ${loadaddr} ${bootenvfile}
loadbootscript=load mmc ${mmcdev} ${loadaddr} boot.scr
loadfdt=load ${devtype} ${bootpart} ${fdtaddr} ${bootdir}/${fdtfile}
loadfit=run args_fit; bootm ${loadaddr}#${fdtfile};
loadimage=load ${devtype} ${bootpart} ${loadaddr} ${bootdir}/${bootfile}
mmcboot=mmc dev ${mmcdev}; setenv devnum ${mmcdev}; setenv devtype mmc; if mmc rescan; then echo SD/MMC found on device ${mmcdev};if run loadimage; then if test ${boot_fit} -eq 1; then run loadfit; else run mmcloados;fi;fi;fi;
mmcdev=0
mmcloados=run args_mmc; if test ${boot_fdt} = yes || test ${boot_fdt} = try; then if run loadfdt; then bootz ${loadaddr} - ${fdtaddr}; else if test ${boot_fdt} = try; then bootz; else echo WARN: Cannot load the DT; fi; fi; else bootz; fi;
mmcrootfstype=ext4 rootwait
netargs=setenv bootargs console=${console} ${optargs} root=/dev/nfs nfsroot=${serverip}:${rootpath},${nfsopts} rw ip=dhcp
netboot=echo Booting from network ...; setenv autoload no; dhcp; run netloadimage; run netloadfdt; run netargs; bootz ${loadaddr} - ${fdtaddr}
netloadfdt=tftp ${fdtaddr} ${fdtfile}
netloadimage=tftp ${loadaddr} ${bootfile}
netmask=255.255.255.0
nfsopts=nolock
partitions=uuid_disk=${uuid_gpt_disk};name=rootfs,start=2MiB,size=-,uuid=${uuid_gpt_rootfs}
partitions_android=uuid_disk=${uuid_gpt_disk};name=xloader,start=128K,size=128K,uuid=${uuid_gpt_xloader};name=bootloader,size=384K,uuid=${uuid_gpt_bootloader};name=environment,size=128K,uuid=${uuid_gpt_environment};name=misc,size=128K,uuid=${uuid_gpt_misc};name=efs,start=1280K,size=16M,uuid=${uuid_gpt_efs};name=crypto,size=16K,uuid=${uuid_gpt_crypto};name=recovery,size=10M,uuid=${uuid_gpt_recovery};name=boot,size=10M,uuid=${uuid_gpt_boot};name=system,size=768M,uuid=${uuid_gpt_system};name=cache,size=256M,uuid=${uuid_gpt_cache};name=ipu1,size=1M,uuid=${uuid_gpt_ipu1};name=ipu2,size=1M,uuid=${uuid_gpt_ipu2};name=userdata,size=-,uuid=${uuid_gpt_userdata}
pxefile_addr_r=0x80100000
ramdisk_addr_r=0x88080000
rdaddr=0x88080000
rootpath=/export/rootfs
scriptaddr=0x80000000
scsidevs=1
serial#=0501101f6f3e0001
serverip=192.168.0.1
soc=omap5
static_ip=${ipaddr}:${serverip}:${gatewayip}:${netmask}:${hostname}::off
stderr=serial@4806a000
stdin=serial@4806a000
stdout=serial@4806a000
update_to_fit=setenv loadaddr ${fit_loadaddr}; setenv bootfile ${fit_bootfile}
usbtty=cdc_acm
vendor=ti
ver=U-Boot 2016.05-g72e318bdce (Dec 10 2016 - 07:13:26 -0500)
vram=16M
Environment size: 6364/131067 bytes
- 13:17:53 [INFO] Host: setenv bootcmd ''${bootcmd}' if iminfo ${loadaddr}; then bootm ${loadaddr} ${_initramfs} ${fdt_addr_r}; else bootz ${loadaddr} ${_initramfs} ${fdt_addr_r}; bootm ${loadaddr} ${_initramfs} ${fdt_addr_r}; fi'
- 13:17:53 [INFO] Target: 
setenv bootcmd ''${bootcmd}' if iminfo ${loadaddr}; then bootm ${loadaddr} ${_initramfs} ${fdt_addr_r}; else bootz ${loadaddr} ${_initramfs} ${fdt_addr_r}; bootm ${loadaddr} ${_initramfs} ${fdt_addr_r}; fi'
- 13:17:53 [INFO] Host: version
- 13:17:53 [INFO] Target: 
version
U-Boot 2016.05-g72e318bdce (Dec 10 2016 - 07:13:26 -0500)
arm-linux-gnueabihf-gcc (Linaro GCC 5.3-2016.02) 5.3.1 20160113
GNU ld (GNU Binutils) 2.25.0 Linaro 2015_10
- 13:17:53 [INFO] Host: bdinfo
- 13:17:53 [INFO] Target: 
bdinfo
arch_number = 0x00000000
boot_params = 0x80000100
DRAM bank   = 0x00000000
-> start    = 0x80000000
-> size     = 0x7F000000
DRAM bank   = 0x00000001
-> start    = 0x00000000
-> size     = 0x00000000
baudrate    = 115200 bps
TLB addr    = 0xFEFF0000
relocaddr   = 0xFEF44000
reloc off   = 0x7E744000
irq_sp      = 0xFDF101C0
sp start    = 0xFDF101B0
- 13:17:53 [INFO] Host: mmc rescan; echo $?
- 13:17:53 [INFO] Target: 
mmc rescan; echo $?
- 13:17:53 [INFO] Host: fatwrite mmc ${mmcdev}:1 ${loadaddr} ws-calibrate.rules 4
- 13:17:53 [INFO] Target: 
fatwrite mmc ${mmcdev}:1 ${loadaddr} ws-calibrate.rules 4
writing ws-calibrate.rules
4 bytes written
- 13:17:53 [INFO] Host: boot
- 13:21:23 [ERROR] On command: boot waiting for boot.+?(?-mix:login:) >>> error: execution expired
- 13:21:23 [INFO] Target: 
boot
## Checking Image at 82000000 ...
Unknown image format!
Kernel image @ 0x82000000 [ 0x000000 - 0x3b2280 ]
## Flattened Device Tree blob at 88000000
   Booting using the fdt blob at 0x88000000
   Loading Device Tree to 8ffe7000, end 8ffff40d ... OK
Starting kernel ...
[    0.000000] Booting Linux on physical CPU 0x0
[    0.000000] Linux version 4.9.0-next-20161212-00002-gf27983155dd9 (nmenon@horus) (gcc version 4.9.3 20150413 (prerelease) (Linaro GCC 4.9-2015.05) ) #3 SMP Mon Dec 12 12:14:20 CST 2016
[    0.000000] CPU: ARMv7 Processor [412fc0f2] revision 2 (ARMv7), cr=10c5387d
[    0.000000] CPU: div instructions available: patching division code
[    0.000000] CPU: PIPT / VIPT nonaliasing data cache, PIPT instruction cache
[    0.000000] OF: fdt:Machine model: TI DRA722
[    0.000000] cma: Reserved 16 MiB at 0xfd800000
[    0.000000] Memory policy: Data cache writealloc
[    0.000000] OMAP4: Map 0xfee00000 to fe600000 for dram barrier
[    0.000000] On node 0 totalpages: 519680
[    0.000000] free_area_init_node: node 0, pgdat c0cbb700, node_mem_map eee1c000
[    0.000000]   Normal zone: 1728 pages used for memmap
[    0.000000]   Normal zone: 0 pages reserved
[    0.000000]   Normal zone: 196608 pages, LIFO batch:31
[    0.000000]   HighMem zone: 323072 pages, LIFO batch:31
[    0.000000] DRA722 ES2.0
[    0.000000] percpu: Embedded 15 pages/cpu @eedb9000 s31744 r8192 d21504 u61440
[    0.000000] pcpu-alloc: s31744 r8192 d21504 u61440 alloc=15*4096
[    0.000000] pcpu-alloc: [0] 0 
[    0.000000] Built 1 zonelists in Zone order, mobility grouping on.  Total pages: 517952
[    0.000000] Kernel command line: console=ttyO0,115200n8 earlyprintk=serial,ttyO0,115200n8 rootwait  ip=:::::eth0:dhcp  root=PARTUUID=00000000-02 rw rootfstype=ext4 rootwait 
[    0.000000] PID hash table entries: 4096 (order: 2, 16384 bytes)
[    0.000000] Dentry cache hash table entries: 131072 (order: 7, 524288 bytes)
[    0.000000] Inode-cache hash table entries: 65536 (order: 6, 262144 bytes)
[    0.000000] Memory: 2022536K/2078720K available (7168K kernel code, 773K rwdata, 2388K rodata, 1024K init, 8156K bss, 39800K reserved, 16384K cma-reserved, 1275904K highmem)
[    0.000000] Virtual kernel memory layout:
[    0.000000]     vector  : 0xffff0000 - 0xffff1000   (   4 kB)
[    0.000000]     fixmap  : 0xffc00000 - 0xfff00000   (3072 kB)
[    0.000000]     vmalloc : 0xf0800000 - 0xff800000   ( 240 MB)
[    0.000000]     lowmem  : 0xc0000000 - 0xf0000000   ( 768 MB)
[    0.000000]     pkmap   : 0xbfe00000 - 0xc0000000   (   2 MB)
[    0.000000]     modules : 0xbf000000 - 0xbfe00000   (  14 MB)
[    0.000000]       .text : 0xc0008000 - 0xc0800000   (8160 kB)
[    0.000000]       .init : 0xc0b00000 - 0xc0c00000   (1024 kB)
[    0.000000]       .data : 0xc0c00000 - 0xc0cc147c   ( 774 kB)
[    0.000000]        .bss : 0xc0cc3000 - 0xc14ba188   (8157 kB)
[    0.000000] Running RCU self tests
[    0.000000] Hierarchical RCU implementation.
[    0.000000] 	RCU lockdep checking is enabled.
[    0.000000] 	Build-time adjustment of leaf fanout to 32.
[    0.000000] 	RCU restricting CPUs from NR_CPUS=2 to nr_cpu_ids=1.
[    0.000000] RCU: Adjusting geometry for rcu_fanout_leaf=32, nr_cpu_ids=1
[    0.000000] NR_IRQS:16 nr_irqs:16 16
[    0.000000] OMAP clockevent source: timer1 at 32786 Hz
[    0.000000] arm_arch_timer: Architected cp15 timer(s) running at 6.14MHz (phys).
[    0.000000] clocksource: arch_sys_counter: mask: 0xffffffffffffff max_cycles: 0x16af5adb9, max_idle_ns: 440795202250 ns
[    0.000004] sched_clock: 56 bits at 6MHz, resolution 162ns, wraps every 4398046511023ns
[    0.000016] Switching to timer-based delay loop, resolution 162ns
[    0.000444] clocksource: 32k_counter: mask: 0xffffffff max_cycles: 0xffffffff, max_idle_ns: 58327039986419 ns
[    0.000453] OMAP clocksource: 32k_counter at 32768 Hz
[    0.001407] Console: colour dummy device 80x30
[    0.001441] Lock dependency validator: Copyright (c) 2006 Red Hat, Inc., Ingo Molnar
[    0.001448] ... MAX_LOCKDEP_SUBCLASSES:  8
[    0.001454] ... MAX_LOCK_DEPTH:          48
[    0.001460] ... MAX_LOCKDEP_KEYS:        8191
[    0.001466] ... CLASSHASH_SIZE:          4096
[    0.001472] ... MAX_LOCKDEP_ENTRIES:     32768
[    0.001477] ... MAX_LOCKDEP_CHAINS:      65536
[    0.001483] ... CHAINHASH_SIZE:          32768
[    0.001489]  memory used by lock dependency info: 5167 kB
[    0.001495]  per task-struct memory footprint: 1536 bytes
[    0.001514] Calibrating delay loop (skipped), value calculated using timer frequency.. 12.29 BogoMIPS (lpj=61475)
[    0.001528] pid_max: default: 32768 minimum: 301
[    0.001786] Security Framework initialized
[    0.001871] Mount-cache hash table entries: 2048 (order: 1, 8192 bytes)
[    0.001882] Mountpoint-cache hash table entries: 2048 (order: 1, 8192 bytes)
[    0.003876] CPU: Testing write buffer coherency: ok
[    0.004818] /cpus/cpu@0 missing clock-frequency property
[    0.004832] CPU0: thread -1, cpu 0, socket 0, mpidr 80000000
[    0.005500] Setting up static identity map for 0x80100000 - 0x80100070
[    0.007170] smp: Bringing up secondary CPUs ...
[    0.007181] smp: Brought up 1 node, 1 CPU
[    0.007189] SMP: Total of 1 processors activated (12.29 BogoMIPS).
[    0.007196] CPU: All CPU(s) started in HYP mode.
[    0.007202] CPU: Virtualization extensions available.
[    0.009658] devtmpfs: initialized
[    0.063258] VFP support v0.3: implementor 41 architecture 4 part 30 variant f rev 0
[    0.063760] clocksource: jiffies: mask: 0xffffffff max_cycles: 0xffffffff, max_idle_ns: 19112604462750000 ns
[    0.064294] pinctrl core: initialized pinctrl subsystem
[    0.067420] NET: Registered protocol family 16
[    0.071354] DMA: preallocated 256 KiB pool for atomic coherent allocations
[    0.072870] omap_hwmod: l3_main_2 using broken dt data from ocp
[    0.325021] cpuidle: using governor menu
[    0.338609] gpio gpiochip0: (gpio): added GPIO chardev (254:0)
[    0.339578] gpiochip_setup_dev: registered GPIOs 0 to 31 on device: gpiochip0 (gpio)
[    0.342694] OMAP GPIO hardware version 0.1
[    0.343607] gpio gpiochip1: (gpio): added GPIO chardev (254:1)
[    0.344326] gpiochip_setup_dev: registered GPIOs 32 to 63 on device: gpiochip1 (gpio)
[    0.347932] gpio gpiochip2: (gpio): added GPIO chardev (254:2)
[    0.348702] gpiochip_setup_dev: registered GPIOs 64 to 95 on device: gpiochip2 (gpio)
[    0.352410] gpio gpiochip3: (gpio): added GPIO chardev (254:3)
[    0.352910] gpiochip_setup_dev: registered GPIOs 96 to 127 on device: gpiochip3 (gpio)
[    0.356443] gpio gpiochip4: (gpio): added GPIO chardev (254:4)
[    0.356974] gpiochip_setup_dev: registered GPIOs 128 to 159 on device: gpiochip4 (gpio)
[    0.360623] gpio gpiochip5: (gpio): added GPIO chardev (254:5)
[    0.361168] gpiochip_setup_dev: registered GPIOs 160 to 191 on device: gpiochip5 (gpio)
[    0.364782] gpio gpiochip6: (gpio): added GPIO chardev (254:6)
[    0.365290] gpiochip_setup_dev: registered GPIOs 192 to 223 on device: gpiochip6 (gpio)
[    0.368880] gpio gpiochip7: (gpio): added GPIO chardev (254:7)
[    0.369370] gpiochip_setup_dev: registered GPIOs 224 to 255 on device: gpiochip7 (gpio)
[    0.372476] irq: no irq domain found for /ocp/l4@4a000000/scm@2000/pinmux@1400 !
[    0.392983] omap-gpmc 50000000.gpmc: GPMC revision 6.0
[    0.393081] gpmc_mem_init: disabling cs 0 mapped at 0x0-0x1000000
[    0.393112] gpiochip_find_base: found new base at 510
[    0.393140] gpio gpiochip8: (omap-gpmc): added GPIO chardev (254:8)
[    0.393677] gpiochip_setup_dev: registered GPIOs 510 to 511 on device: gpiochip8 (omap-gpmc)
[    0.406178] No ATAGs?
[    0.406364] hw-breakpoint: found 5 (+1 reserved) breakpoint and 4 watchpoint registers.
[    0.406374] hw-breakpoint: maximum watchpoint size is 8 bytes.
[    0.406824] omap4_sram_init:Unable to allocate sram needed to handle errata I688
[    0.406835] omap4_sram_init:Unable to get sram pool needed to handle errata I688
[    0.408062] OMAP DMA hardware revision 0.0
[    0.451852] omap-dma-engine 4a056000.dma-controller: OMAP DMA engine driver (LinkedList1/2/3 supported)
[    0.453377] edma 43300000.edma: memcpy is disabled
[    0.464039] edma 43300000.edma: TI EDMA DMA engine driver
[    0.464650] of_get_named_gpiod_flags: can't parse 'gpio' property of node '/fixedregulator-evm12v0[0]'
[    0.465133] of_get_named_gpiod_flags: can't parse 'gpio' property of node '/fixedregulator-evm5v0[0]'
[    0.465209] evm_5v0: supplied by evm_12v0
[    0.465821] of_get_named_gpiod_flags: can't parse 'gpio' property of node '/fixedregulator-vsys3v3[0]'
[    0.465876] vsys_3v3: supplied by evm_12v0
[    0.466423] of_get_named_gpiod_flags: can't parse 'gpio' property of node '/fixedregulator-evm_3v3[0]'
[    0.466482] evm_3v3: supplied by vsys_3v3
[    0.466999] of_get_named_gpiod_flags: can't parse 'gpio' property of node '/fixedregulator-aic_dvdd[0]'
[    0.467053] aic_dvdd: supplied by evm_3v3
[    0.472414] SCSI subsystem initialized
[    0.472833] libata version 3.00 loaded.
[    0.501697] gpiochip_find_base: found new base at 494
[    0.501725] gpio gpiochip9: (pcf8575): added GPIO chardev (254:9)
[    0.502254] gpiochip_setup_dev: registered GPIOs 494 to 509 on device: gpiochip9 (pcf8575)
[    0.502369] ------------[ cut here ]------------
[    0.502389] WARNING: CPU: 0 PID: 1 at kernel/locking/lockdep.c:3124 gpiochip_irq_map+0x40/0xa4
[    0.502396] DEBUG_LOCKS_WARN_ON(!key)
[    0.502402] Modules linked in:
[    0.502416] CPU: 0 PID: 1 Comm: swapper/0 Not tainted 4.9.0-next-20161212-00002-gf27983155dd9 #3
[    0.502424] Hardware name: Generic DRA72X (Flattened Device Tree)
[    0.502442] [<c0110124>] (unwind_backtrace) from [<c010c344>] (show_stack+0x10/0x14)
[    0.502454] [<c010c344>] (show_stack) from [<c049740c>] (dump_stack+0xb0/0xe4)
[    0.502469] [<c049740c>] (dump_stack) from [<c0136a68>] (__warn+0xd4/0x100)
[    0.502483] [<c0136a68>] (__warn) from [<c0136ac8>] (warn_slowpath_fmt+0x34/0x44)
[    0.502495] [<c0136ac8>] (warn_slowpath_fmt) from [<c04d3a5c>] (gpiochip_irq_map+0x40/0xa4)
[    0.502510] [<c04d3a5c>] (gpiochip_irq_map) from [<c01ab884>] (irq_domain_associate+0x70/0x1c0)
[    0.502521] [<c01ab884>] (irq_domain_associate) from [<c01ac150>] (irq_create_mapping+0x64/0xcc)
[    0.502533] [<c01ac150>] (irq_create_mapping) from [<c04d3870>] (_gpiochip_irqchip_add+0xd4/0x1a4)
[    0.502544] [<c04d3870>] (_gpiochip_irqchip_add) from [<c04dbbc8>] (pcf857x_probe+0x260/0x38c)
[    0.502556] [<c04dbbc8>] (pcf857x_probe) from [<c0626a60>] (i2c_device_probe+0x1f8/0x258)
[    0.502570] [<c0626a60>] (i2c_device_probe) from [<c0552334>] (driver_probe_device+0x204/0x2dc)
[    0.502582] [<c0552334>] (driver_probe_device) from [<c0550738>] (bus_for_each_drv+0x64/0x98)
[    0.502595] [<c0550738>] (bus_for_each_drv) from [<c055204c>] (__device_attach+0xb0/0x118)
[    0.502607] [<c055204c>] (__device_attach) from [<c0551694>] (bus_probe_device+0x88/0x90)
[    0.502619] [<c0551694>] (bus_probe_device) from [<c054fa38>] (device_add+0x3f0/0x5a0)
[    0.502630] [<c054fa38>] (device_add) from [<c0628f88>] (i2c_new_device+0x144/0x1a4)
[    0.502641] [<c0628f88>] (i2c_new_device) from [<c06295e0>] (i2c_register_adapter+0x28c/0x5b4)
[    0.502653] [<c06295e0>] (i2c_register_adapter) from [<c062b75c>] (omap_i2c_probe+0x4d0/0x6a0)
[    0.502664] [<c062b75c>] (omap_i2c_probe) from [<c0554224>] (platform_drv_probe+0x4c/0xb0)
[    0.502675] [<c0554224>] (platform_drv_probe) from [<c0552334>] (driver_probe_device+0x204/0x2dc)
[    0.502688] [<c0552334>] (driver_probe_device) from [<c05524c0>] (__driver_attach+0xb4/0xb8)
[    0.502700] [<c05524c0>] (__driver_attach) from [<c055068c>] (bus_for_each_dev+0x6c/0xa0)
[    0.502712] [<c055068c>] (bus_for_each_dev) from [<c0551930>] (bus_add_driver+0x18c/0x214)
[    0.502723] [<c0551930>] (bus_add_driver) from [<c055329c>] (driver_register+0x78/0xf8)
[    0.502733] [<c055329c>] (driver_register) from [<c010186c>] (do_one_initcall+0x3c/0x178)
[    0.502746] [<c010186c>] (do_one_initcall) from [<c0b00e94>] (kernel_init_freeable+0x21c/0x2ec)
[    0.502758] [<c0b00e94>] (kernel_init_freeable) from [<c07dcc70>] (kernel_init+0x8/0x118)
[    0.502770] [<c07dcc70>] (kernel_init) from [<c01078f0>] (ret_from_fork+0x14/0x24)
[    0.502781] ---[ end trace 25e36906d31aa32a ]---
[    0.503734] pcf857x 0-0021: probed
[    0.504194] palmas 0-0058: Irq flag is 0x00000000
[    0.507225] palmas 0-0058: Muxing GPIO 1d, PWM 0, LED 0
[    0.508799] SMPS1: supplied by vsys_3v3
[    0.510590] SMPS2: supplied by vsys_3v3
[    0.512398] SMPS3: supplied by vsys_3v3
[    0.514177] SMPS4: supplied by vsys_3v3
[    0.515794] SMPS5: supplied by vsys_3v3
[    0.516783] LDO1: supplied by vsys_3v3
[    0.522399] LDO2: supplied by vsys_3v3
[    0.523679] LDO3: supplied by vsys_3v3
[    0.532088] LDO4: supplied by evm_5v0
[    0.532646] random: fast init done
[    0.542100] LDO5: supplied by vsys_3v3
[    0.553047] omap_i2c 48070000.i2c: bus 0 rev0.12 at 400 kHz
[    0.581608] gpiochip_find_base: found new base at 478
[    0.581753] GPIO line 479 (vin6_sel_s0) hogged as output/low
[    0.581769] gpio gpiochip10: (pcf8575): added GPIO chardev (254:10)
[    0.582061] gpiochip_setup_dev: registered GPIOs 478 to 493 on device: gpiochip10 (pcf8575)
[    0.582072] pcf857x 4-0026: probed
[    0.582104] omap_i2c 4807c000.i2c: bus 4 rev0.12 at 400 kHz
[    0.582305] pps_core: LinuxPPS API ver. 1 registered
[    0.582313] pps_core: Software ver. 5.3.6 - Copyright 2005-2007 Rodolfo Giometti <giometti@linux.it>
[    0.582335] PTP clock support registered
[    0.583285] clocksource: Switched to clocksource arch_sys_counter
[    0.624883] VFS: Disk quotas dquot_6.6.0
[    0.624953] VFS: Dquot-cache hash table entries: 1024 (order 0, 4096 bytes)
[    0.636693] NET: Registered protocol family 2
[    0.637231] TCP established hash table entries: 8192 (order: 3, 32768 bytes)
[    0.637332] TCP bind hash table entries: 8192 (order: 6, 294912 bytes)
[    0.637785] TCP: Hash tables configured (established 8192 bind 8192)
[    0.637852] UDP hash table entries: 512 (order: 3, 40960 bytes)
[    0.637930] UDP-Lite hash table entries: 512 (order: 3, 40960 bytes)
[    0.638196] NET: Registered protocol family 1
[    0.638743] RPC: Registered named UNIX socket transport module.
[    0.638753] RPC: Registered udp transport module.
[    0.638759] RPC: Registered tcp transport module.
[    0.638766] RPC: Registered tcp NFSv4.1 backchannel transport module.
[    0.640139] hw perfevents: enabled with armv7_cortex_a15 PMU driver, 7 counters available
[    0.642427] futex hash table entries: 256 (order: 2, 16384 bytes)
[    0.642475] audit: initializing netlink subsys (disabled)
[    0.643608] audit: type=2000 audit(0.629:1): initialized
[    0.643857] workingset: timestamp_bits=14 max_order=19 bucket_order=5
[    0.644649] NFS: Registering the id_resolver key type
[    0.644674] Key type id_resolver registered
[    0.644681] Key type id_legacy registered
[    0.644722] jffs2: version 2.2. (NAND) (SUMMARY)   2001-2006 Red Hat, Inc.
[    0.646591] bounce: pool size: 64 pages
[    0.646602] io scheduler noop registered
[    0.646610] io scheduler deadline registered
[    0.646641] io scheduler cfq registered (default)
[    0.650942] pinctrl-single 4a003400.pinmux: 282 pins at pa fc003400 size 1128
[    0.656350] Serial: 8250/16550 driver, 4 ports, IRQ sharing enabled
[    0.658607] of_get_named_gpiod_flags: can't parse 'rts-gpio' property of node '/ocp/serial@4806a000[0]'
[    0.658719] 4806a000.serial: ttyO0 at MMIO 0x4806a000 (irq = 301, base_baud = 3000000) is a OMAP UART0
[    2.077153] console [ttyO0] enabled
[    2.094367] brd: module loaded
[    2.104518] loop: module loaded
[    2.109457] ahci 4a140000.sata: SSS flag set, parallel bus scan disabled
[    2.116541] ahci 4a140000.sata: AHCI 0001.0300 32 slots 1 ports 3 Gbps 0x1 impl platform mode
[    2.125474] ahci 4a140000.sata: flags: 64bit ncq sntf stag pm led clo only pmp pio slum part ccc apst 
[    2.136371] scsi host0: ahci
[    2.139693] ata1: SATA max UDMA/133 mmio [mem 0x4a140000-0x4a1410ff] port 0x100 irq 332
[    2.148445] mtdoops: mtd device (mtddev=name/number) must be supplied
[    2.155915] omap2-nand 8000000.nand: GPIO lookup for consumer rb
[    2.162191] omap2-nand 8000000.nand: using device tree for GPIO lookup
[    2.169068] of_get_named_gpiod_flags: parsed 'rb-gpios' property of node '/ocp/gpmc@50000000/nand@0,0[0]' - status (0)
[    2.180305] nand: No NAND device found
[    2.184233] omap2-nand 8000000.nand: scan failed, may be bus-width mismatch
[    2.192720] libphy: Fixed MDIO Bus: probed
[    2.198978] cpsw 48484000.ethernet: GPIO lookup for consumer mode
[    2.205373] cpsw 48484000.ethernet: using device tree for GPIO lookup
[    2.212128] of_get_named_gpiod_flags: parsed 'mode-gpios' property of node '/ocp/ethernet@48484000[0]' - status (0)
[    2.283312] davinci_mdio 48485000.mdio: davinci mdio revision 1.6
[    2.289686] davinci_mdio 48485000.mdio: no live phy, scanning all
[    2.297620] davinci_mdio: probe of 48485000.mdio failed with error -5
[    2.304916] cpsw 48484000.ethernet: Detected MACID = 5c:f8:21:14:54:c8
[    2.311828] cpsw 48484000.ethernet: cpts: overflow check period 500 (jiffies)
[    2.321168] mousedev: PS/2 mouse device common for all mice
[    2.327029] i2c /dev entries driver
[    2.332439] omap_hsmmc 4809c000.mmc: GPIO lookup for consumer cd
[    2.338758] omap_hsmmc 4809c000.mmc: using device tree for GPIO lookup
[    2.345618] of_get_named_gpiod_flags: parsed 'cd-gpios' property of node '/ocp/mmc@4809c000[0]' - status (0)
[    2.355920] omap_hsmmc 4809c000.mmc: Got CD GPIO
[    2.360746] omap_hsmmc 4809c000.mmc: GPIO lookup for consumer wp
[    2.367041] omap_hsmmc 4809c000.mmc: using device tree for GPIO lookup
[    2.373884] of_get_named_gpiod_flags: can't parse 'wp-gpios' property of node '/ocp/mmc@4809c000[0]'
[    2.383450] of_get_named_gpiod_flags: can't parse 'wp-gpio' property of node '/ocp/mmc@4809c000[0]'
[    2.392917] omap_hsmmc 4809c000.mmc: using lookup tables for GPIO lookup
[    2.399938] omap_hsmmc 4809c000.mmc: lookup for GPIO wp failed
[    2.406727] omap_hsmmc 480b4000.mmc: GPIO lookup for consumer cd
[    2.413005] omap_hsmmc 480b4000.mmc: using device tree for GPIO lookup
[    2.419856] of_get_named_gpiod_flags: can't parse 'cd-gpios' property of node '/ocp/mmc@480b4000[0]'
[    2.429419] of_get_named_gpiod_flags: can't parse 'cd-gpio' property of node '/ocp/mmc@480b4000[0]'
[    2.438890] omap_hsmmc 480b4000.mmc: using lookup tables for GPIO lookup
[    2.445919] omap_hsmmc 480b4000.mmc: lookup for GPIO cd failed
[    2.452022] omap_hsmmc 480b4000.mmc: GPIO lookup for consumer wp
[    2.458319] omap_hsmmc 480b4000.mmc: using device tree for GPIO lookup
[    2.465164] of_get_named_gpiod_flags: can't parse 'wp-gpios' property of node '/ocp/mmc@480b4000[0]'
[    2.474722] of_get_named_gpiod_flags: can't parse 'wp-gpio' property of node '/ocp/mmc@480b4000[0]'
[    2.484202] omap_hsmmc 480b4000.mmc: using lookup tables for GPIO lookup
[    2.491210] omap_hsmmc 480b4000.mmc: lookup for GPIO wp failed
[    2.553657] ledtrig-cpu: registered to indicate activity on CPUs
[    2.560523] oprofile: using timer interrupt.
[    2.565171] Initializing XFRM netlink socket
[    2.569713] NET: Registered protocol family 10
[    2.575265] Segment Routing with IPv6
[    2.579147] sit: IPv6, IPv4 and MPLS over IPv4 tunneling driver
[    2.586033] NET: Registered protocol family 17
[    2.590696] NET: Registered protocol family 15
[    2.595441] Key type dns_resolver registered
[    2.599988] omap_voltage_late_init: Voltage driver support not added
[    2.606658] sr_dev_init: Unable to get voltage domain pointer for VDD core
[    2.613860] sr_dev_init: Unable to get voltage domain pointer for VDD mpu
[    2.621080] Power Management for TI OMAP4+ devices.
[    2.626454] ThumbEE CPU extension supported.
[    2.630934] Registering SWP/SWPB emulation handler
[    2.635974] SmartReflex Class3 initialized
[    2.666083] of_get_named_gpiod_flags: parsed 'gpio' property of node '/fixedregulator-sd[0]' - status (0)
[    2.676440] evm_3v3_sd: supplied by evm_3v3
[    2.681575] omap_hsmmc 4809c000.mmc: GPIO lookup for consumer cd
[    2.687918] omap_hsmmc 4809c000.mmc: using device tree for GPIO lookup
[    2.694796] of_get_named_gpiod_flags: parsed 'cd-gpios' property of node '/ocp/mmc@4809c000[0]' - status (0)
[    2.705117] omap_hsmmc 4809c000.mmc: Got CD GPIO
[    2.709956] omap_hsmmc 4809c000.mmc: GPIO lookup for consumer wp
[    2.716265] omap_hsmmc 4809c000.mmc: using device tree for GPIO lookup
[    2.723108] of_get_named_gpiod_flags: can't parse 'wp-gpios' property of node '/ocp/mmc@4809c000[0]'
[    2.732692] of_get_named_gpiod_flags: can't parse 'wp-gpio' property of node '/ocp/mmc@4809c000[0]'
[    2.742189] omap_hsmmc 4809c000.mmc: using lookup tables for GPIO lookup
[    2.749234] omap_hsmmc 4809c000.mmc: lookup for GPIO wp failed
[    2.800668] mmc0: new high speed MMC card at address 0001
[    2.806952] mmcblk0: mmc0:0001 MMC08G 7.25 GiB 
[    2.812016] mmcblk0boot0: mmc0:0001 MMC08G partition 1 8.00 MiB
[    2.819243] hctosys: unable to open rtc device (rtc0)
[    2.824562] sr_init: No PMIC hook to init smartreflex
[    2.830001] sr_init: platform driver register failed for SR
[    2.836814] net eth0: initializing cpsw version 1.15 (0)
[    2.844411] libphy: PHY 48485000.mdio:03 not found
[    2.849431] net eth0: phy "48485000.mdio:03" not found on slave 0, err -19
[    2.858449] ata1: SATA link up 3.0 Gbps (SStatus 123 SControl 300)
[    2.866529] mmcblk0boot1: mmc0:0001 MMC08G partition 2 8.00 MiB
[    2.875142] ata1.00: ATA-8: ST1000DM003-1SB10C, CC43, max UDMA/133
[    2.881660] ata1.00: 1953525168 sectors, multi 0: LBA48 NCQ (depth 31/32)
[    2.894236] IPv6: ADDRCONF(NETDEV_UP): eth0: link is not ready
[    2.900447]  mmcblk0: p1 p2 p3
[    2.904129] ata1.00: configured for UDMA/133
[    2.910982] scsi 0:0:0:0: Direct-Access     ATA      ST1000DM003-1SB1 CC43 PQ: 0 ANSI: 5
[    2.920849] sd 0:0:0:0: [sda] 1953525168 512-byte logical blocks: (1.00 TB/932 GiB)
[    2.928950] sd 0:0:0:0: [sda] 4096-byte physical blocks
[    2.934585] sd 0:0:0:0: [sda] Write Protect is off
[    2.939638] sd 0:0:0:0: [sda] Mode Sense: 00 3a 00 00
[    2.945088] sd 0:0:0:0: [sda] Write cache: enabled, read cache: enabled, doesn't support DPO or FUA
[    2.966166]  sda: sda1 sda2 sda3
[    2.971186] sd 0:0:0:0: [sda] Attached SCSI disk
[   12.893300] Waiting up to 110 more seconds for network.
[   22.913299] Waiting up to 100 more seconds for network.
[   32.933299] Waiting up to 90 more seconds for network.
[   42.953299] Waiting up to 80 more seconds for network.
[   52.973299] Waiting up to 70 more seconds for network.
[   62.993299] Waiting up to 60 more seconds for network.
[   73.013300] Waiting up to 50 more seconds for network.
[   83.033299] Waiting up to 40 more seconds for network.
[   93.053299] Waiting up to 30 more seconds for network.
[  103.073299] Waiting up to 20 more seconds for network.
[  113.093299] Waiting up to 10 more seconds for network.
[  122.933306] Sending DHCP requests ...... timed out!
[  194.838334] IP-Config: Reopening network devices...
[  194.843500] net eth0: initializing cpsw version 1.15 (0)
[  194.851056] libphy: PHY 48485000.mdio:03 not found
[  194.856093] net eth0: phy "48485000.mdio:03" not found on slave 0, err -19
[  194.868149] IPv6: ADDRCONF(NETDEV_UP): eth0: link is not ready
[  204.893299] Waiting up to 110 more seconds for network.
- 13:21:23 [INFO] Host: root
- 13:22:03 [ERROR] On command: root waiting for (?-mix:root@.+[@:#]+) >>> error: execution expired
- 13:22:03 [INFO] Target: 
[  214.913299] Waiting up to 100 more seconds for network.
[  224.933299] Waiting up to 90 more seconds for network.
[  234.953299] Waiting up to 80 more seconds for network.
[  244.973299] Waiting up to 70 more seconds for network.
- 13:22:03 [INFO] Host: root
- 13:22:43 [ERROR] On command: root waiting for (?-mix:root@.+[@:#]+) >>> error: execution expired
- 13:22:43 [INFO] Target: 
[  254.993299] Waiting up to 60 more seconds for network.
[  265.013299] Waiting up to 50 more seconds for network.
[  275.033299] Waiting up to 40 more seconds for network.
[  285.053299] Waiting up to 30 more seconds for network.
- 13:22:43 [INFO] Host: root
- 13:23:23 [ERROR] On command: root waiting for (?-mix:root@.+[@:#]+) >>> error: execution expired
- 13:23:23 [INFO] Target: 
[  295.073299] Waiting up to 20 more seconds for network.
[  305.093299] Waiting up to 10 more seconds for network.
[  314.903301] Sending DHCP requests ...
- 13:23:23 [INFO] Boot attempt 1/1 failed
- 13:23:23 [INFO] Collecting kernel traces via sysrq...
- 13:23:34 [INFO] .
- 13:23:44 [INFO] .
- 13:23:54 [INFO] 
- 13:23:54 [INFO] Disconnected serial from dra72x-evm
URL:gtsystest.telogy.design.ti.com/vatf/tigtfarm04/tigtfarm04_vatf@dra72x-evm/tigtfarm0412_12_2016_13_17_35/files/session_iteration_1/test_1
