- 05:31:45 [INFO] Starting target session
- 05:31:46 [INFO] Connected to dra72x-evm via serial 
- 05:31:46 [INFO] Host: #check prompt
- 05:31:48 [ERROR] On command: #check prompt waiting for (?-mix:((?-mix:.*\s+login)|[Pp]assword)) >>> error: execution expired
- 05:31:48 [INFO] Target: 

- 05:31:48 [INFO] Host: #check prompt
- 05:31:50 [ERROR] On command: #check prompt waiting for (?m-ix:root.*#) >>> error: execution expired
- 05:31:50 [INFO] Target: 

- 05:31:50 [INFO] Disconnected serial from dra72x-evm
- 05:31:51 [INFO] Connected to dra72x-evm via serial 
- 05:31:51 [INFO] Host: 
- 05:31:52 [ERROR] On command:  waiting for (?-mix:U-Boot#\s) >>> error: execution expired
- 05:31:52 [INFO] Target: 

U-Boot SPL 2013.10-00204-g6d29e34 (Jul 02 2014 - 10:47:56)
DRA722 ES1.0

 DRA iterations=20SPL: Please implement spl_start_uboot() for your board
SPL: Direct Linux boot not active!
reading u-boot.img
reading u-boot.img


U-Boot 2013.10-00204-g6d29e34 (Jul 02 2014 - 10:47:56)

CPU  : DRA722 ES1.0
Board: DRA7xx
I2C:   ready
DRAM:  1 GiB

- 05:31:52 [INFO] Host: 
- 05:31:52 [INFO] Target: 
 0 
U-Boot# 
- 05:31:52 [INFO] Host: 
- 05:31:53 [INFO] Target: 

U-Boot# 
- 05:31:53 [INFO] Host: version
- 05:31:54 [INFO] Target: 
version

U-Boot 2013.10-00204-g6d29e34 (Jul 02 2014 - 10:47:56)
arm-linux-gnueabi-gcc (Ubuntu/Linaro 4.6.3-1ubuntu5) 4.6.3
GNU ld (GNU Binutils for Ubuntu) 2.22
U-Boot# 
- 05:31:54 [INFO] Host: setenv bootargs 'console=ttyO0,115200n8 earlyprintk rootwait '
- 05:31:54 [INFO] Target: 
setenv bootargs 'console=ttyO0,115200n8 earlyprintk rootwait '
U-Boot# 
- 05:31:54 [INFO] Host: setenv bootcmd  ''
- 05:31:55 [INFO] Target: 
setenv bootcmd  ''
U-Boot# 
- 05:31:55 [INFO] Host: setenv autoload 'no'
- 05:31:55 [INFO] Target: 
setenv autoload 'no'
U-Boot# 
- 05:31:55 [INFO] Host: setenv serverip '128.247.105.47'
- 05:31:56 [INFO] Target: 
setenv serverip '128.247.105.47'
U-Boot# 
- 05:31:56 [INFO] Host: printenv
- 05:31:57 [INFO] Target: 
printenv
arch=arm
autoload=no
baudrate=115200
board=dra7xx
board_name=dra72x
boot_targets=usb mmc0 nand 
bootargs=console=ttyO0,115200n8 earlyprintk rootwait 
bootcmd=
bootcmd_mmc0=setenv devnum 0; setenv rootpart 2; run mmc_boot;
bootcmd_nand=run nandboot;
bootcmd_usb=setenv devnum 0; run usb_boot;
bootdelay=3
bootdir=/boot
bootfile=zImage
bootpart=0:2
bootscript=echo Running bootscript from mmc${mmcdev} ...; source ${loadaddr}
console=ttyO0,115200n8
cpu=armv7
eth1addr=08:00:28:01:f6:af
ethact=cpsw
ethaddr=08:00:28:01:f6:ae
fdt_high=0xa0000000
fdtaddr=0x80F80000
fdtfile=undefined
findfdt=if test $board_name = dra72x; then setenv fdtfile dra72-evm.dtb; fi;if test $board_name = dra7xx; then setenv fdtfile dra7-evm.dtb; fi;if test $fdtfile = undefined; then echo WARNING: Could not determine device tree to use; fi; 
importbootenv=echo Importing environment from mmc${mmcdev} ...; env import -t ${loadaddr} ${filesize}
loadaddr=0x80200000
loadbootenv=fatload mmc ${mmcdev} ${loadaddr} uEnv.txt
loadbootscript=fatload mmc ${mmcdev} ${loadaddr} boot.scr
loadfdt=load ${devtype} ${bootpart} ${fdtaddr} ${bootdir}/${fdtfile};
loadimage=load mmc ${bootpart} ${loadaddr} ${bootdir}/${bootfile}
mmc_boot=setenv devtype mmc; if mmc dev ${devnum}; then run mmcargs;run scan_boot; run mmcboot;setenv mmcdev 1; setenv bootpart 1:2; run mmcboot;fi
mmcargs=setenv bootargs console=${console} ${optargs} vram=${vram} root=${mmcroot} rootfstype=${mmcrootfstype}
mmcboot=mmc dev ${mmcdev}; if mmc rescan; then echo SD/MMC found on device ${mmcdev};if run loadbootenv; then echo Loaded environment from ${bootenv};run importbootenv;fi;if test -n $uenvcmd; then echo Running uenvcmd ...;run uenvcmd;fi;if run loadimage; then run loadfdt; echo Booting from mmc${mmcdev} ...; run mmcargs; bootz ${loadaddr} - ${fdtaddr}; fi;fi;
mmcdev=0
mmcroot=/dev/mmcblk1p2 rw
mmcrootfstype=ext4 rootwait
mtdids=nand0=nand.0
mtdparts=mtdparts=nand.0:128k(NAND.SPL),128k(NAND.SPL.backup1),128k(NAND.SPL.backup2),128k(NAND.SPL.backup3),256k(NAND.u-boot-spl-os),1m(NAND.u-boot),128k(NAND.u-boot-env),128k(NAND.u-boot-env.backup1),8m(NAND.kernel),-(NAND.rootfs)
nandargs=setenv bootargs console=${console} ${optargs} root=${nandroot} rootfstype=${nandrootfstype}
nandboot=echo Booting from nand ...; run nandargs; nand read ${fdtaddr} NAND.u-boot-spl-os; nand read ${loadaddr} NAND.kernel; bootz ${loadaddr} - ${fdtaddr}
nandroot=ubi0:rootfs rw ubi.mtd=NAND.file-system,2048
nandrootfstype=ubifs rootwait=1
partitions=uuid_disk=${uuid_gpt_disk};name=rootfs,start=2MiB,size=-,uuid=${uuid_gpt_rootfs}
rdaddr=0x81000000
rootpart=2
scan_boot=echo Scanning ${devtype} ${devnum}...; for prefix in ${bootdir}; do for script in ${bootfile}; do run script_boot; done; done;
script_boot=if load ${devtype} ${devnum}:${rootpart} ${loadaddr} ${bootdir}/${bootfile}; then run findfdt; load ${devtype} ${devnum}:${rootpart} ${fdtaddr} ${bootdir}/${fdtfile};fi;
scsidevs=0
serverip=128.247.105.47
soc=omap5
stderr=serial
stdin=serial
stdout=serial
usb_boot=setenv devtype usb; run usb_init; if usb dev 0; then run usbargs;run scan_boot; bootz ${loadaddr} - ${fdtaddr}; fi
usb_init=usb start 0;
usbargs=setenv bootargs console=${console} ${optargs} vram=${vram}root=${usbroot} rootfstype=${usbrootfstype}
usbroot=/dev/sda2 rw
usbrootfstype=ext4 rootwait
usbtty=cdc_acm
vendor=ti
ver=U-Boot 2013.10-00204-g6d29e34 (Jul 02 2014 - 10:47:56)
vram=16M 

Environment size: 3520/131067 bytes
U-Boot# 
- 05:31:57 [INFO] Host: printenv
- 05:31:57 [INFO] Target: 
printenv
arch=arm
autoload=no
baudrate=115200
board=dra7xx
board_name=dra72x
boot_targets=usb mmc0 nand 
bootargs=console=ttyO0,115200n8 earlyprintk rootwait 
bootcmd=
bootcmd_mmc0=setenv devnum 0; setenv rootpart 2; run mmc_boot;
bootcmd_nand=run nandboot;
bootcmd_usb=setenv devnum 0; run usb_boot;
bootdelay=3
bootdir=/boot
bootfile=zImage
bootpart=0:2
bootscript=echo Running bootscript from mmc${mmcdev} ...; source ${loadaddr}
console=ttyO0,115200n8
cpu=armv7
eth1addr=08:00:28:01:f6:af
ethact=cpsw
ethaddr=08:00:28:01:f6:ae
fdt_high=0xa0000000
fdtaddr=0x80F80000
fdtfile=undefined
findfdt=if test $board_name = dra72x; then setenv fdtfile dra72-evm.dtb; fi;if test $board_name = dra7xx; then setenv fdtfile dra7-evm.dtb; fi;if test $fdtfile = undefined; then echo WARNING: Could not determine device tree to use; fi; 
importbootenv=echo Importing environment from mmc${mmcdev} ...; env import -t ${loadaddr} ${filesize}
loadaddr=0x80200000
loadbootenv=fatload mmc ${mmcdev} ${loadaddr} uEnv.txt
loadbootscript=fatload mmc ${mmcdev} ${loadaddr} boot.scr
loadfdt=load ${devtype} ${bootpart} ${fdtaddr} ${bootdir}/${fdtfile};
loadimage=load mmc ${bootpart} ${loadaddr} ${bootdir}/${bootfile}
mmc_boot=setenv devtype mmc; if mmc dev ${devnum}; then run mmcargs;run scan_boot; run mmcboot;setenv mmcdev 1; setenv bootpart 1:2; run mmcboot;fi
mmcargs=setenv bootargs console=${console} ${optargs} vram=${vram} root=${mmcroot} rootfstype=${mmcrootfstype}
mmcboot=mmc dev ${mmcdev}; if mmc rescan; then echo SD/MMC found on device ${mmcdev};if run loadbootenv; then echo Loaded environment from ${bootenv};run importbootenv;fi;if test -n $uenvcmd; then echo Running uenvcmd ...;run uenvcmd;fi;if run loadimage; then run loadfdt; echo Booting from mmc${mmcdev} ...; run mmcargs; bootz ${loadaddr} - ${fdtaddr}; fi;fi;
mmcdev=0
mmcroot=/dev/mmcblk1p2 rw
mmcrootfstype=ext4 rootwait
mtdids=nand0=nand.0
mtdparts=mtdparts=nand.0:128k(NAND.SPL),128k(NAND.SPL.backup1),128k(NAND.SPL.backup2),128k(NAND.SPL.backup3),256k(NAND.u-boot-spl-os),1m(NAND.u-boot),128k(NAND.u-boot-env),128k(NAND.u-boot-env.backup1),8m(NAND.kernel),-(NAND.rootfs)
nandargs=setenv bootargs console=${console} ${optargs} root=${nandroot} rootfstype=${nandrootfstype}
nandboot=echo Booting from nand ...; run nandargs; nand read ${fdtaddr} NAND.u-boot-spl-os; nand read ${loadaddr} NAND.kernel; bootz ${loadaddr} - ${fdtaddr}
nandroot=ubi0:rootfs rw ubi.mtd=NAND.file-system,2048
nandrootfstype=ubifs rootwait=1
partitions=uuid_disk=${uuid_gpt_disk};name=rootfs,start=2MiB,size=-,uuid=${uuid_gpt_rootfs}
rdaddr=0x81000000
rootpart=2
scan_boot=echo Scanning ${devtype} ${devnum}...; for prefix in ${bootdir}; do for script in ${bootfile}; do run script_boot; done; done;
script_boot=if load ${devtype} ${devnum}:${rootpart} ${loadaddr} ${bootdir}/${bootfile}; then run findfdt; load ${devtype} ${devnum}:${rootpart} ${fdtaddr} ${bootdir}/${fdtfile};fi;
scsidevs=0
serverip=128.247.105.47
soc=omap5
stderr=serial
stdin=serial
stdout=serial
usb_boot=setenv devtype usb; run usb_init; if usb dev 0; then run usbargs;run scan_boot; bootz ${loadaddr} - ${fdtaddr}; fi
usb_init=usb start 0;
usbargs=setenv bootargs console=${console} ${optargs} vram=${vram}root=${usbroot} rootfstype=${usbrootfstype}
usbroot=/dev/sda2 rw
usbrootfstype=ext4 rootwait
usbtty=cdc_acm
vendor=ti
ver=U-Boot 2013.10-00204-g6d29e34 (Jul 02 2014 - 10:47:56)
vram=16M 

Environment size: 3520/131067 bytes
U-Boot# 
- 05:31:57 [INFO] Host: setenv bootargs ''${bootargs}' ip=dhcp '
- 05:31:58 [INFO] Target: 
setenv bootargs ''${bootargs}' ip=dhcp '
U-Boot# 
- 05:31:58 [INFO] Host: setenv serverip '128.247.105.47'
- 05:31:58 [INFO] Target: 
setenv serverip '128.247.105.47'
U-Boot# 
- 05:31:58 [INFO] Host: setenv ipaddr dhcp
- 05:31:59 [INFO] Target: 
setenv ipaddr dhcp
U-Boot# 
- 05:31:59 [INFO] Host: setenv autoload 'no'
- 05:32:00 [INFO] Target: 
setenv autoload 'no'
U-Boot# 
- 05:32:00 [INFO] Host: dhcp
- 05:32:01 [INFO] Target: 
dhcp
link up on port 1, speed 1000, full duplex
BOOTP broadcast 1
DHCP client bound to address 192.168.1.150
U-Boot# 
- 05:32:01 [INFO] Host: setenv serverip '128.247.105.47'
- 05:32:02 [INFO] Target: 
setenv serverip '128.247.105.47'
U-Boot# 
- 05:32:02 [INFO] Host: tftp ${loadaddr} 128.247.105.47:vatf_11/37d168251952895cbbbb82739506603d
- 05:32:02 [INFO] Target: 
tftp ${loadaddr} 128.247.105.47:vatf_11/37d168251952895cbbbb82739506603d
link up on port 1, speed 1000, full duplex
Using cpsw device
TFTP from server 128.247.105.47; our IP address is 192.168.1.150; sending through gateway 192.168.1.254
Filename 'vatf_11/37d168251952895cbbbb82739506603d'.
Load address: 0x80200000
Loading: *#################################################################
	 #################################################################
	 #################################################################
	 #################################################################
	 #######################################
	 11.8 MiB/s
done
Bytes transferred = 4381016 (42d958 hex)
U-Boot# 
- 05:32:02 [INFO] Host: tftp ${fdtaddr} 128.247.105.47:vatf_11/7dd1d8b6d787ffaeca643f9119a22bf8
- 05:32:03 [INFO] Target: 
tftp ${fdtaddr} 128.247.105.47:vatf_11/7dd1d8b6d787ffaeca643f9119a22bf8
link up on port 1, speed 1000, full duplex
Using cpsw device
TFTP from server 128.247.105.47; our IP address is 192.168.1.150; sending through gateway 192.168.1.254
Filename 'vatf_11/7dd1d8b6d787ffaeca643f9119a22bf8'.
Load address: 0x80f80000
Loading: *#####
	 9.5 MiB/s
done
Bytes transferred = 59574 (e8b6 hex)
U-Boot# 
- 05:32:03 [INFO] Host: ls mmc 0:1
- 05:32:03 [INFO] Target: 
ls mmc 0:1
    60249   dra72-evm.dtb 
    59704   dra7-evm.dtb 
    69132   mlo 
  3543639   ramdisk.gz 
   376700   u-boot.img 
      790   uenv-old.txt 
      657   uenv-ramdisk.txt 
      390   uenv.txt 
            working/
  4316880   zimage 
      506   uenv-netmmc.txt 

10 file(s), 1 dir(s)

U-Boot# 
- 05:32:03 [INFO] Host: ls mmc 0:2
- 05:32:04 [INFO] Target: 
ls mmc 0:2
<DIR>       4096 .
<DIR>       4096 ..
<DIR>      16384 lost+found
<DIR>       4096 bin
<DIR>       4096 boot
<DIR>       4096 dev
<DIR>       4096 etc
<DIR>       4096 home
<DIR>       4096 lib
<DIR>       4096 media
<DIR>       4096 mnt
<DIR>       4096 opt
<DIR>       4096 proc
<DIR>       4096 run
<DIR>       4096 sbin
<DIR>       4096 Settings
<DIR>       4096 srv
<DIR>       4096 sys
<DIR>       4096 test
<SYM>          8 tmp
<DIR>       4096 usr
<DIR>       4096 var
<DIR>       4096 www
U-Boot# 
- 05:32:04 [INFO] Host: part uuid mmc 0:2
- 05:32:05 [INFO] Target: 
part uuid mmc 0:2
00000000-02
U-Boot# 
- 05:32:05 [INFO] Host: printenv
- 05:32:05 [INFO] Target: 
printenv
arch=arm
autoload=no
baudrate=115200
board=dra7xx
board_name=dra72x
boot_targets=usb mmc0 nand 
bootargs=console=ttyO0,115200n8 earlyprintk rootwait ip=dhcp
bootcmd=
bootcmd_mmc0=setenv devnum 0; setenv rootpart 2; run mmc_boot;
bootcmd_nand=run nandboot;
bootcmd_usb=setenv devnum 0; run usb_boot;
bootdelay=3
bootdir=/boot
bootfile=zImage
bootpart=0:2
bootscript=echo Running bootscript from mmc${mmcdev} ...; source ${loadaddr}
console=ttyO0,115200n8
cpu=armv7
dnsip=192.0.2.2
dnsip2=192.0.2.3
eth1addr=08:00:28:01:f6:af
ethact=cpsw
ethaddr=08:00:28:01:f6:ae
fdt_high=0xa0000000
fdtaddr=0x80F80000
fdtfile=undefined
fileaddr=80f80000
filesize=e8b6
findfdt=if test $board_name = dra72x; then setenv fdtfile dra72-evm.dtb; fi;if test $board_name = dra7xx; then setenv fdtfile dra7-evm.dtb; fi;if test $fdtfile = undefined; then echo WARNING: Could not determine device tree to use; fi; 
gatewayip=192.168.1.254
importbootenv=echo Importing environment from mmc${mmcdev} ...; env import -t ${loadaddr} ${filesize}
ipaddr=192.168.1.150
loadaddr=0x80200000
loadbootenv=fatload mmc ${mmcdev} ${loadaddr} uEnv.txt
loadbootscript=fatload mmc ${mmcdev} ${loadaddr} boot.scr
loadfdt=load ${devtype} ${bootpart} ${fdtaddr} ${bootdir}/${fdtfile};
loadimage=load mmc ${bootpart} ${loadaddr} ${bootdir}/${bootfile}
mmc_boot=setenv devtype mmc; if mmc dev ${devnum}; then run mmcargs;run scan_boot; run mmcboot;setenv mmcdev 1; setenv bootpart 1:2; run mmcboot;fi
mmcargs=setenv bootargs console=${console} ${optargs} vram=${vram} root=${mmcroot} rootfstype=${mmcrootfstype}
mmcboot=mmc dev ${mmcdev}; if mmc rescan; then echo SD/MMC found on device ${mmcdev};if run loadbootenv; then echo Loaded environment from ${bootenv};run importbootenv;fi;if test -n $uenvcmd; then echo Running uenvcmd ...;run uenvcmd;fi;if run loadimage; then run loadfdt; echo Booting from mmc${mmcdev} ...; run mmcargs; bootz ${loadaddr} - ${fdtaddr}; fi;fi;
mmcdev=0
mmcroot=/dev/mmcblk1p2 rw
mmcrootfstype=ext4 rootwait
mtdids=nand0=nand.0
mtdparts=mtdparts=nand.0:128k(NAND.SPL),128k(NAND.SPL.backup1),128k(NAND.SPL.backup2),128k(NAND.SPL.backup3),256k(NAND.u-boot-spl-os),1m(NAND.u-boot),128k(NAND.u-boot-env),128k(NAND.u-boot-env.backup1),8m(NAND.kernel),-(NAND.rootfs)
nandargs=setenv bootargs console=${console} ${optargs} root=${nandroot} rootfstype=${nandrootfstype}
nandboot=echo Booting from nand ...; run nandargs; nand read ${fdtaddr} NAND.u-boot-spl-os; nand read ${loadaddr} NAND.kernel; bootz ${loadaddr} - ${fdtaddr}
nandroot=ubi0:rootfs rw ubi.mtd=NAND.file-system,2048
nandrootfstype=ubifs rootwait=1
netmask=255.255.255.0
partitions=uuid_disk=${uuid_gpt_disk};name=rootfs,start=2MiB,size=-,uuid=${uuid_gpt_rootfs}
rdaddr=0x81000000
rootpart=2
scan_boot=echo Scanning ${devtype} ${devnum}...; for prefix in ${bootdir}; do for script in ${bootfile}; do run script_boot; done; done;
script_boot=if load ${devtype} ${devnum}:${rootpart} ${loadaddr} ${bootdir}/${bootfile}; then run findfdt; load ${devtype} ${devnum}:${rootpart} ${fdtaddr} ${bootdir}/${fdtfile};fi;
scsidevs=0
serverip=128.247.105.47
soc=omap5
stderr=serial
stdin=serial
stdout=serial
usb_boot=setenv devtype usb; run usb_init; if usb dev 0; then run usbargs;run scan_boot; bootz ${loadaddr} - ${fdtaddr}; fi
usb_init=usb start 0;
usbargs=setenv bootargs console=${console} ${optargs} vram=${vram}root=${usbroot} rootfstype=${usbrootfstype}
usbroot=/dev/sda2 rw
usbrootfstype=ext4 rootwait
usbtty=cdc_acm
vendor=ti
ver=U-Boot 2013.10-00204-g6d29e34 (Jul 02 2014 - 10:47:56)
vram=16M 

Environment size: 3673/131067 bytes
U-Boot# 
- 05:32:05 [INFO] Host: setenv bootargs ''${bootargs}' root=PARTUUID=00000000-02 rw rootfstype=ext4 rootwait '
- 05:32:06 [INFO] Target: 
setenv bootargs ''${bootargs}' root=PARTUUID=00000000-02 rw rootfstype=ext4 rootwait '
U-Boot# 
- 05:32:06 [INFO] Host: printenv
- 05:32:07 [INFO] Target: 
printenv
arch=arm
autoload=no
baudrate=115200
board=dra7xx
board_name=dra72x
boot_targets=usb mmc0 nand 
bootargs=console=ttyO0,115200n8 earlyprintk rootwait ip=dhcp root=PARTUUID=00000000-02 rw rootfstype=ext4 rootwait
bootcmd=
bootcmd_mmc0=setenv devnum 0; setenv rootpart 2; run mmc_boot;
bootcmd_nand=run nandboot;
bootcmd_usb=setenv devnum 0; run usb_boot;
bootdelay=3
bootdir=/boot
bootfile=zImage
bootpart=0:2
bootscript=echo Running bootscript from mmc${mmcdev} ...; source ${loadaddr}
console=ttyO0,115200n8
cpu=armv7
dnsip=192.0.2.2
dnsip2=192.0.2.3
eth1addr=08:00:28:01:f6:af
ethact=cpsw
ethaddr=08:00:28:01:f6:ae
fdt_high=0xa0000000
fdtaddr=0x80F80000
fdtfile=undefined
fileaddr=80f80000
filesize=e8b6
findfdt=if test $board_name = dra72x; then setenv fdtfile dra72-evm.dtb; fi;if test $board_name = dra7xx; then setenv fdtfile dra7-evm.dtb; fi;if test $fdtfile = undefined; then echo WARNING: Could not determine device tree to use; fi; 
gatewayip=192.168.1.254
importbootenv=echo Importing environment from mmc${mmcdev} ...; env import -t ${loadaddr} ${filesize}
ipaddr=192.168.1.150
loadaddr=0x80200000
loadbootenv=fatload mmc ${mmcdev} ${loadaddr} uEnv.txt
loadbootscript=fatload mmc ${mmcdev} ${loadaddr} boot.scr
loadfdt=load ${devtype} ${bootpart} ${fdtaddr} ${bootdir}/${fdtfile};
loadimage=load mmc ${bootpart} ${loadaddr} ${bootdir}/${bootfile}
mmc_boot=setenv devtype mmc; if mmc dev ${devnum}; then run mmcargs;run scan_boot; run mmcboot;setenv mmcdev 1; setenv bootpart 1:2; run mmcboot;fi
mmcargs=setenv bootargs console=${console} ${optargs} vram=${vram} root=${mmcroot} rootfstype=${mmcrootfstype}
mmcboot=mmc dev ${mmcdev}; if mmc rescan; then echo SD/MMC found on device ${mmcdev};if run loadbootenv; then echo Loaded environment from ${bootenv};run importbootenv;fi;if test -n $uenvcmd; then echo Running uenvcmd ...;run uenvcmd;fi;if run loadimage; then run loadfdt; echo Booting from mmc${mmcdev} ...; run mmcargs; bootz ${loadaddr} - ${fdtaddr}; fi;fi;
mmcdev=0
mmcroot=/dev/mmcblk1p2 rw
mmcrootfstype=ext4 rootwait
mtdids=nand0=nand.0
mtdparts=mtdparts=nand.0:128k(NAND.SPL),128k(NAND.SPL.backup1),128k(NAND.SPL.backup2),128k(NAND.SPL.backup3),256k(NAND.u-boot-spl-os),1m(NAND.u-boot),128k(NAND.u-boot-env),128k(NAND.u-boot-env.backup1),8m(NAND.kernel),-(NAND.rootfs)
nandargs=setenv bootargs console=${console} ${optargs} root=${nandroot} rootfstype=${nandrootfstype}
nandboot=echo Booting from nand ...; run nandargs; nand read ${fdtaddr} NAND.u-boot-spl-os; nand read ${loadaddr} NAND.kernel; bootz ${loadaddr} - ${fdtaddr}
nandroot=ubi0:rootfs rw ubi.mtd=NAND.file-system,2048
nandrootfstype=ubifs rootwait=1
netmask=255.255.255.0
partitions=uuid_disk=${uuid_gpt_disk};name=rootfs,start=2MiB,size=-,uuid=${uuid_gpt_rootfs}
rdaddr=0x81000000
rootpart=2
scan_boot=echo Scanning ${devtype} ${devnum}...; for prefix in ${bootdir}; do for script in ${bootfile}; do run script_boot; done; done;
script_boot=if load ${devtype} ${devnum}:${rootpart} ${loadaddr} ${bootdir}/${bootfile}; then run findfdt; load ${devtype} ${devnum}:${rootpart} ${fdtaddr} ${bootdir}/${fdtfile};fi;
scsidevs=0
serverip=128.247.105.47
soc=omap5
stderr=serial
stdin=serial
stdout=serial
usb_boot=setenv devtype usb; run usb_init; if usb dev 0; then run usbargs;run scan_boot; bootz ${loadaddr} - ${fdtaddr}; fi
usb_init=usb start 0;
usbargs=setenv bootargs console=${console} ${optargs} vram=${vram}root=${usbroot} rootfstype=${usbrootfstype}
usbroot=/dev/sda2 rw
usbrootfstype=ext4 rootwait
usbtty=cdc_acm
vendor=ti
ver=U-Boot 2013.10-00204-g6d29e34 (Jul 02 2014 - 10:47:56)
vram=16M 

Environment size: 3727/131067 bytes
U-Boot# 
- 05:32:07 [INFO] Host: setenv bootcmd ''${bootcmd}' if iminfo ${loadaddr}; then bootm ${loadaddr} - ${fdtaddr}; else bootz ${loadaddr} - ${fdtaddr}; bootm ${loadaddr} - ${fdtaddr}; fi'
- 05:32:07 [INFO] Target: 
setenv bootcmd ''${bootcmd}' if iminfo ${loadaddr}; then bootm ${loadaddr} - ${fdtaddr}; else bootz ${loadaddr} - ${fdtaddr}; bootm ${loadaddr} - ${fdtaddr}; fi'
U-Boot# 
- 05:32:07 [INFO] Host: bdinfo
- 05:32:08 [INFO] Target: 
bdinfo
arch_number = 0x00296C18
boot_params = 0x80000100
DRAM bank   = 0x00000000
-> start    = 0x80000000
-> size     = 0x40000000
eth0name    = cpsw
ethaddr     = 08:00:28:01:f6:ae
current eth = cpsw
ip_addr     = 192.168.1.150
baudrate    = 115200 bps
TLB addr    = 0xBFFF0000
relocaddr   = 0xBFF51000
reloc off   = 0x3F751000
irq_sp      = 0xBFB30F38
sp start    = 0xBFB30F28
U-Boot# 
- 05:32:08 [INFO] Host: boot
- 05:34:38 [ERROR] On command: boot waiting for (?-mix:.*\s+login) >>> error: execution expired
- 05:34:38 [INFO] Target: 
boot

## Checking Image at 80200000 ...
Unknown image format!
Kernel image @ 0x80200000 [ 0x000000 - 0x42d958 ]
## Flattened Device Tree blob at 80f80000
   Booting using the fdt blob at 0x80f80000
   Loading Device Tree to 9ffee000, end 9ffff8b5 ... OK

Starting kernel ...

[    0.000000] Booting Linux on physical CPU 0x0
[    0.000000] Linux version 3.17.0-rc3-next-20140901-00002-ga75021b (nmenon@kahuna) (gcc version 4.6.3 (Ubuntu/Linaro 4.6.3-1ubuntu5) ) #1 SMP Tue Sep 2 05:27:42 CDT 2014
[    0.000000] CPU: ARMv7 Processor [412fc0f2] revision 2 (ARMv7), cr=10c5387d
[    0.000000] CPU: PIPT / VIPT nonaliasing data cache, PIPT instruction cache
[    0.000000] Machine model: TI DRA722
[    0.000000] cma: Reserved 16 MiB at be800000
[    0.000000] Memory policy: Data cache writealloc
[    0.000000] DRA722 ES1.0
[    0.000000] PERCPU: Embedded 9 pages/cpu @eefa6000 s14336 r8192 d14336 u36864
[    0.000000] Built 1 zonelists in Zone order, mobility grouping on.  Total pages: 260368
[    0.000000] Kernel command line: console=ttyO0,115200n8 earlyprintk rootwait ip=dhcp root=PARTUUID=00000000-02 rw rootfstype=ext4 rootwait
[    0.000000] PID hash table entries: 4096 (order: 2, 16384 bytes)
[    0.000000] Dentry cache hash table entries: 131072 (order: 7, 524288 bytes)
[    0.000000] Inode-cache hash table entries: 65536 (order: 6, 262144 bytes)
[    0.000000] Memory: 1004552K/1047552K available (5719K kernel code, 653K rwdata, 2208K rodata, 406K init, 8211K bss, 43000K reserved, 252928K highmem)
[    0.000000] Virtual kernel memory layout:
[    0.000000]     vector  : 0xffff0000 - 0xffff1000   (   4 kB)
[    0.000000]     fixmap  : 0xffc00000 - 0xffe00000   (2048 kB)
[    0.000000]     vmalloc : 0xf0000000 - 0xff000000   ( 240 MB)
[    0.000000]     lowmem  : 0xc0000000 - 0xef800000   ( 760 MB)
[    0.000000]     pkmap   : 0xbfe00000 - 0xc0000000   (   2 MB)
[    0.000000]     modules : 0xbf000000 - 0xbfe00000   (  14 MB)
[    0.000000]       .text : 0xc0008000 - 0xc07c6014   (7929 kB)
[    0.000000]       .init : 0xc07c7000 - 0xc082c800   ( 406 kB)
[    0.000000]       .data : 0xc082e000 - 0xc08d17c8   ( 654 kB)
[    0.000000]        .bss : 0xc08d17c8 - 0xc10d63d0   (8212 kB)
[    0.000000] Hierarchical RCU implementation.
[    0.000000] 	RCU restricting CPUs from NR_CPUS=2 to nr_cpu_ids=1.
[    0.000000] RCU: Adjusting geometry for rcu_fanout_leaf=16, nr_cpu_ids=1
[    0.000000] NR_IRQS:16 nr_irqs:16 16
[    0.000000] GIC CPU mask not found - kernel will fail to boot.
[    0.000000] GIC CPU mask not found - kernel will fail to boot.
[    0.000000] omap3_noncore_dpll_set_rate: dpll_gpu_ck: final rate 22574257 does not match desired rate 22579200
[    0.000000] Division by zero in kernel.
[    0.000000] CPU: 0 PID: 0 Comm: swapper/0 Not tainted 3.17.0-rc3-next-20140901-00002-ga75021b #1
[    0.000000] [<c0015230>] (unwind_backtrace) from [<c0011a18>] (show_stack+0x10/0x14)
[    0.000000] [<c0011a18>] (show_stack) from [<c05633ac>] (dump_stack+0x78/0x94)
[    0.000000] [<c05633ac>] (dump_stack) from [<c02e218c>] (Ldiv0+0x8/0x10)
[    0.000000] [<c02e218c>] (Ldiv0) from [<c047fb8c>] (ti_clk_divider_set_rate+0x14/0x14c)
[    0.000000] [<c047fb8c>] (ti_clk_divider_set_rate) from [<c047d29c>] (clk_change_rate+0x138/0x180)
[    0.000000] [<c047d29c>] (clk_change_rate) from [<c047d26c>] (clk_change_rate+0x108/0x180)
[    0.000000] Division by zero in kernel.
[    0.000000] CPU: 0 PID: 0 Comm: swapper/0 Not tainted 3.17.0-rc3-next-20140901-00002-ga75021b #1
[    0.000000] [<c0015230>] (unwind_backtrace) from [<c0011a18>] (show_stack+0x10/0x14)
[    0.000000] [<c0011a18>] (show_stack) from [<c05633ac>] (dump_stack+0x78/0x94)
[    0.000000] [<c05633ac>] (dump_stack) from [<c02e218c>] (Ldiv0+0x8/0x10)
[    0.000000] [<c02e218c>] (Ldiv0) from [<c047fb8c>] (ti_clk_divider_set_rate+0x14/0x14c)
[    0.000000] [<c047fb8c>] (ti_clk_divider_set_rate) from [<c047d29c>] (clk_change_rate+0x138/0x180)
[    0.000000] [<c047d29c>] (clk_change_rate) from [<c047d26c>] (clk_change_rate+0x108/0x180)
[    0.000000] Division by zero in kernel.
[    0.000000] CPU: 0 PID: 0 Comm: swapper/0 Not tainted 3.17.0-rc3-next-20140901-00002-ga75021b #1
[    0.000000] [<c0015230>] (unwind_backtrace) from [<c0011a18>] (show_stack+0x10/0x14)
[    0.000000] [<c0011a18>] (show_stack) from [<c05633ac>] (dump_stack+0x78/0x94)
[    0.000000] [<c05633ac>] (dump_stack) from [<c02e218c>] (Ldiv0+0x8/0x10)
[    0.000000] [<c02e218c>] (Ldiv0) from [<c047fb8c>] (ti_clk_divider_set_rate+0x14/0x14c)
[    0.000000] [<c047fb8c>] (ti_clk_divider_set_rate) from [<c047d29c>] (clk_change_rate+0x138/0x180)
[    0.000000] [<c047d29c>] (clk_change_rate) from [<c047d26c>] (clk_change_rate+0x108/0x180)
[    0.000000] Division by zero in kernel.
[    0.000000] CPU: 0 PID: 0 Comm: swapper/0 Not tainted 3.17.0-rc3-next-20140901-00002-ga75021b #1
[    0.000000] [<c0015230>] (unwind_backtrace) from [<c0011a18>] (show_stack+0x10/0x14)
[    0.000000] [<c0011a18>] (show_stack) from [<c05633ac>] (dump_stack+0x78/0x94)
[    0.000000] [<c05633ac>] (dump_stack) from [<c02e218c>] (Ldiv0+0x8/0x10)
[    0.000000] [<c02e218c>] (Ldiv0) from [<c047fb8c>] (ti_clk_divider_set_rate+0x14/0x14c)
[    0.000000] [<c047fb8c>] (ti_clk_divider_set_rate) from [<c047d29c>] (clk_change_rate+0x138/0x180)
[    0.000000] [<c047d29c>] (clk_change_rate) from [<c047d26c>] (clk_change_rate+0x108/0x180)
[    0.000000] Division by zero in kernel.
[    0.000000] CPU: 0 PID: 0 Comm: swapper/0 Not tainted 3.17.0-rc3-next-20140901-00002-ga75021b #1
[    0.000000] [<c0015230>] (unwind_backtrace) from [<c0011a18>] (show_stack+0x10/0x14)
[    0.000000] [<c0011a18>] (show_stack) from [<c05633ac>] (dump_stack+0x78/0x94)
[    0.000000] [<c05633ac>] (dump_stack) from [<c02e218c>] (Ldiv0+0x8/0x10)
[    0.000000] [<c02e218c>] (Ldiv0) from [<c047fb8c>] (ti_clk_divider_set_rate+0x14/0x14c)
[    0.000000] [<c047fb8c>] (ti_clk_divider_set_rate) from [<c047d29c>] (clk_change_rate+0x138/0x180)
[    0.000000] [<c047d29c>] (clk_change_rate) from [<c047d26c>] (clk_change_rate+0x108/0x180)
[    0.000000] Division by zero in kernel.
[    0.000000] CPU: 0 PID: 0 Comm: swapper/0 Not tainted 3.17.0-rc3-next-20140901-00002-ga75021b #1
[    0.000000] [<c0015230>] (unwind_backtrace) from [<c0011a18>] (show_stack+0x10/0x14)
[    0.000000] [<c0011a18>] (show_stack) from [<c05633ac>] (dump_stack+0x78/0x94)
[    0.000000] [<c05633ac>] (dump_stack) from [<c02e218c>] (Ldiv0+0x8/0x10)
[    0.000000] [<c02e218c>] (Ldiv0) from [<c047fb8c>] (ti_clk_divider_set_rate+0x14/0x14c)
[    0.000000] [<c047fb8c>] (ti_clk_divider_set_rate) from [<c047d29c>] (clk_change_rate+0x138/0x180)
[    0.000000] [<c047d29c>] (clk_change_rate) from [<c047d26c>] (clk_change_rate+0x108/0x180)
[    0.000000] Division by zero in kernel.
[    0.000000] CPU: 0 PID: 0 Comm: swapper/0 Not tainted 3.17.0-rc3-next-20140901-00002-ga75021b #1
[    0.000000] [<c0015230>] (unwind_backtrace) from [<c0011a18>] (show_stack+0x10/0x14)
[    0.000000] [<c0011a18>] (show_stack) from [<c05633ac>] (dump_stack+0x78/0x94)
[    0.000000] [<c05633ac>] (dump_stack) from [<c02e218c>] (Ldiv0+0x8/0x10)
[    0.000000] [<c02e218c>] (Ldiv0) from [<c047fb8c>] (ti_clk_divider_set_rate+0x14/0x14c)
[    0.000000] [<c047fb8c>] (ti_clk_divider_set_rate) from [<c047d29c>] (clk_change_rate+0x138/0x180)
[    0.000000] [<c047d29c>] (clk_change_rate) from [<c047d26c>] (clk_change_rate+0x108/0x180)
[    0.000000] Division by zero in kernel.
[    0.000000] CPU: 0 PID: 0 Comm: swapper/0 Not tainted 3.17.0-rc3-next-20140901-00002-ga75021b #1
[    0.000000] [<c0015230>] (unwind_backtrace) from [<c0011a18>] (show_stack+0x10/0x14)
[    0.000000] [<c0011a18>] (show_stack) from [<c05633ac>] (dump_stack+0x78/0x94)
[    0.000000] [<c05633ac>] (dump_stack) from [<c02e218c>] (Ldiv0+0x8/0x10)
[    0.000000] [<c02e218c>] (Ldiv0) from [<c047fb8c>] (ti_clk_divider_set_rate+0x14/0x14c)
[    0.000000] [<c047fb8c>] (ti_clk_divider_set_rate) from [<c047d29c>] (clk_change_rate+0x138/0x180)
[    0.000000] [<c047d29c>] (clk_change_rate) from [<c047d26c>] (clk_change_rate+0x108/0x180)
[    0.000000] Division by zero in kernel.
[    0.000000] CPU: 0 PID: 0 Comm: swapper/0 Not tainted 3.17.0-rc3-next-20140901-00002-ga75021b #1
[    0.000000] [<c0015230>] (unwind_backtrace) from [<c0011a18>] (show_stack+0x10/0x14)
[    0.000000] [<c0011a18>] (show_stack) from [<c05633ac>] (dump_stack+0x78/0x94)
[    0.000000] [<c05633ac>] (dump_stack) from [<c02e218c>] (Ldiv0+0x8/0x10)
[    0.000000] [<c02e218c>] (Ldiv0) from [<c047fb8c>] (ti_clk_divider_set_rate+0x14/0x14c)
[    0.000000] [<c047fb8c>] (ti_clk_divider_set_rate) from [<c047d29c>] (clk_change_rate+0x138/0x180)
[    0.000000] [<c047d29c>] (clk_change_rate) from [<c047d26c>] (clk_change_rate+0x108/0x180)
[    0.000000] Division by zero in kernel.
[    0.000000] CPU: 0 PID: 0 Comm: swapper/0 Not tainted 3.17.0-rc3-next-20140901-00002-ga75021b #1
[    0.000000] [<c0015230>] (unwind_backtrace) from [<c0011a18>] (show_stack+0x10/0x14)
[    0.000000] [<c0011a18>] (show_stack) from [<c05633ac>] (dump_stack+0x78/0x94)
[    0.000000] [<c05633ac>] (dump_stack) from [<c02e218c>] (Ldiv0+0x8/0x10)
[    0.000000] [<c02e218c>] (Ldiv0) from [<c047fb8c>] (ti_clk_divider_set_rate+0x14/0x14c)
[    0.000000] [<c047fb8c>] (ti_clk_divider_set_rate) from [<c047d29c>] (clk_change_rate+0x138/0x180)
[    0.000000] [<c047d29c>] (clk_change_rate) from [<c047d26c>] (clk_change_rate+0x108/0x180)
[    0.000000] Division by zero in kernel.
[    0.000000] CPU: 0 PID: 0 Comm: swapper/0 Not tainted 3.17.0-rc3-next-20140901-00002-ga75021b #1
[    0.000000] [<c0015230>] (unwind_backtrace) from [<c0011a18>] (show_stack+0x10/0x14)
[    0.000000] [<c0011a18>] (show_stack) from [<c05633ac>] (dump_stack+0x78/0x94)
[    0.000000] [<c05633ac>] (dump_stack) from [<c02e218c>] (Ldiv0+0x8/0x10)
[    0.000000] [<c02e218c>] (Ldiv0) from [<c047fb8c>] (ti_clk_divider_set_rate+0x14/0x14c)
[    0.000000] [<c047fb8c>] (ti_clk_divider_set_rate) from [<c047d29c>] (clk_change_rate+0x138/0x180)
[    0.000000] [<c047d29c>] (clk_change_rate) from [<c047d26c>] (clk_change_rate+0x108/0x180)
[    0.000000] Division by zero in kernel.
[    0.000000] CPU: 0 PID: 0 Comm: swapper/0 Not tainted 3.17.0-rc3-next-20140901-00002-ga75021b #1
[    0.000000] [<c0015230>] (unwind_backtrace) from [<c0011a18>] (show_stack+0x10/0x14)
[    0.000000] [<c0011a18>] (show_stack) from [<c05633ac>] (dump_stack+0x78/0x94)
[    0.000000] [<c05633ac>] (dump_stack) from [<c02e218c>] (Ldiv0+0x8/0x10)
[    0.000000] [<c02e218c>] (Ldiv0) from [<c047fb8c>] (ti_clk_divider_set_rate+0x14/0x14c)
[    0.000000] [<c047fb8c>] (ti_clk_divider_set_rate) from [<c047d29c>] (clk_change_rate+0x138/0x180)
[    0.000000] [<c047d29c>] (clk_change_rate) from [<c047d26c>] (clk_change_rate+0x108/0x180)
[    0.000000] Division by zero in kernel.
[    0.000000] CPU: 0 PID: 0 Comm: swapper/0 Not tainted 3.17.0-rc3-next-20140901-00002-ga75021b #1
[    0.000000] [<c0015230>] (unwind_backtrace) from [<c0011a18>] (show_stack+0x10/0x14)
[    0.000000] [<c0011a18>] (show_stack) from [<c05633ac>] (dump_stack+0x78/0x94)
[    0.000000] [<c05633ac>] (dump_stack) from [<c02e218c>] (Ldiv0+0x8/0x10)
[    0.000000] [<c02e218c>] (Ldiv0) from [<c047fb8c>] (ti_clk_divider_set_rate+0x14/0x14c)
[    0.000000] [<c047fb8c>] (ti_clk_divider_set_rate) from [<c047d29c>] (clk_change_rate+0x138/0x180)
[    0.000000] [<c047d29c>] (clk_change_rate) from [<c047d26c>] (clk_change_rate+0x108/0x180)
[    0.000000] Division by zero in kernel.
[    0.000000] CPU: 0 PID: 0 Comm: swapper/0 Not tainted 3.17.0-rc3-next-20140901-00002-ga75021b #1
[    0.000000] [<c0015230>] (unwind_backtrace) from [<c0011a18>] (show_stack+0x10/0x14)
[    0.000000] [<c0011a18>] (show_stack) from [<c05633ac>] (dump_stack+0x78/0x94)
[    0.000000] [<c05633ac>] (dump_stack) from [<c02e218c>] (Ldiv0+0x8/0x10)
[    0.000000] [<c02e218c>] (Ldiv0) from [<c047fb8c>] (ti_clk_divider_set_rate+0x14/0x14c)
[    0.000000] [<c047fb8c>] (ti_clk_divider_set_rate) from [<c047d29c>] (clk_change_rate+0x138/0x180)
[    0.000000] [<c047d29c>] (clk_change_rate) from [<c047d26c>] (clk_change_rate+0x108/0x180)
[    0.000000] Division by zero in kernel.
[    0.000000] CPU: 0 PID: 0 Comm: swapper/0 Not tainted 3.17.0-rc3-next-20140901-00002-ga75021b #1
[    0.000000] [<c0015230>] (unwind_backtrace) from [<c0011a18>] (show_stack+0x10/0x14)
[    0.000000] [<c0011a18>] (show_stack) from [<c05633ac>] (dump_stack+0x78/0x94)
[    0.000000] [<c05633ac>] (dump_stack) from [<c02e218c>] (Ldiv0+0x8/0x10)
[    0.000000] [<c02e218c>] (Ldiv0) from [<c047fb8c>] (ti_clk_divider_set_rate+0x14/0x14c)
[    0.000000] [<c047fb8c>] (ti_clk_divider_set_rate) from [<c047d29c>] (clk_change_rate+0x138/0x180)
[    0.000000] [<c047d29c>] (clk_change_rate) from [<c047d26c>] (clk_change_rate+0x108/0x180)
[    0.000000] Division by zero in kernel.
[    0.000000] CPU: 0 PID: 0 Comm: swapper/0 Not tainted 3.17.0-rc3-next-20140901-00002-ga75021b #1
[    0.000000] [<c0015230>] (unwind_backtrace) from [<c0011a18>] (show_stack+0x10/0x14)
[    0.000000] [<c0011a18>] (show_stack) from [<c05633ac>] (dump_stack+0x78/0x94)
[    0.000000] [<c05633ac>] (dump_stack) from [<c02e218c>] (Ldiv0+0x8/0x10)
[    0.000000] [<c02e218c>] (Ldiv0) from [<c047fb8c>] (ti_clk_divider_set_rate+0x14/0x14c)
[    0.000000] [<c047fb8c>] (ti_clk_divider_set_rate) from [<c047d29c>] (clk_change_rate+0x138/0x180)
[    0.000000] [<c047d29c>] (clk_change_rate) from [<c047d26c>] (clk_change_rate+0x108/0x180)
[    0.000000] Division by zero in kernel.
[    0.000000] CPU: 0 PID: 0 Comm: swapper/0 Not tainted 3.17.0-rc3-next-20140901-00002-ga75021b #1
[    0.000000] [<c0015230>] (unwind_backtrace) from [<c0011a18>] (show_stack+0x10/0x14)
[    0.000000] [<c0011a18>] (show_stack) from [<c05633ac>] (dump_stack+0x78/0x94)
[    0.000000] [<c05633ac>] (dump_stack) from [<c02e218c>] (Ldiv0+0x8/0x10)
[    0.000000] [<c02e218c>] (Ldiv0) from [<c047fb8c>] (ti_clk_divider_set_rate+0x14/0x14c)
[    0.000000] [<c047fb8c>] (ti_clk_divider_set_rate) from [<c047d29c>] (clk_change_rate+0x138/0x180)
[    0.000000] [<c047d29c>] (clk_change_rate) from [<c047d26c>] (clk_change_rate+0x108/0x180)
[    0.000000] Division by zero in kernel.
[    0.000000] CPU: 0 PID: 0 Comm: swapper/0 Not tainted 3.17.0-rc3-next-20140901-00002-ga75021b #1
[    0.000000] [<c0015230>] (unwind_backtrace) from [<c0011a18>] (show_stack+0x10/0x14)
[    0.000000] [<c0011a18>] (show_stack) from [<c05633ac>] (dump_stack+0x78/0x94)
[    0.000000] [<c05633ac>] (dump_stack) from [<c02e218c>] (Ldiv0+0x8/0x10)
[    0.000000] [<c02e218c>] (Ldiv0) from [<c047fb8c>] (ti_clk_divider_set_rate+0x14/0x14c)
[    0.000000] [<c047fb8c>] (ti_clk_divider_set_rate) from [<c047d29c>] (clk_change_rate+0x138/0x180)
[    0.000000] [<c047d29c>] (clk_change_rate) from [<c047d26c>] (clk_change_rate+0x108/0x180)
[    0.000000] Division by zero in kernel.
[    0.000000] CPU: 0 PID: 0 Comm: swapper/0 Not tainted 3.17.0-rc3-next-20140901-00002-ga75021b #1
[    0.000000] [<c0015230>] (unwind_backtrace) from [<c0011a18>] (show_stack+0x10/0x14)
[    0.000000] [<c0011a18>] (show_stack) from [<c05633ac>] (dump_stack+0x78/0x94)
[    0.000000] [<c05633ac>] (dump_stack) from [<c02e218c>] (Ldiv0+0x8/0x10)
[    0.000000] [<c02e218c>] (Ldiv0) from [<c047fb8c>] (ti_clk_divider_set_rate+0x14/0x14c)
[    0.000000] [<c047fb8c>] (ti_clk_divider_set_rate) from [<c047d29c>] (clk_change_rate+0x138/0x180)
[    0.000000] [<c047d29c>] (clk_change_rate) from [<c047d26c>] (clk_change_rate+0x108/0x180)
[    0.000000] Division by zero in kernel.
[    0.000000] CPU: 0 PID: 0 Comm: swapper/0 Not tainted 3.17.0-rc3-next-20140901-00002-ga75021b #1
[    0.000000] [<c0015230>] (unwind_backtrace) from [<c0011a18>] (show_stack+0x10/0x14)
[    0.000000] [<c0011a18>] (show_stack) from [<c05633ac>] (dump_stack+0x78/0x94)
[    0.000000] [<c05633ac>] (dump_stack) from [<c02e218c>] (Ldiv0+0x8/0x10)
[    0.000000] [<c02e218c>] (Ldiv0) from [<c047fb8c>] (ti_clk_divider_set_rate+0x14/0x14c)
[    0.000000] [<c047fb8c>] (ti_clk_divider_set_rate) from [<c047d29c>] (clk_change_rate+0x138/0x180)
[    0.000000] [<c047d29c>] (clk_change_rate) from [<c047d26c>] (clk_change_rate+0x108/0x180)
[    0.000000] Division by zero in kernel.
[    0.000000] CPU: 0 PID: 0 Comm: swapper/0 Not tainted 3.17.0-rc3-next-20140901-00002-ga75021b #1
[    0.000000] [<c0015230>] (unwind_backtrace) from [<c0011a18>] (show_stack+0x10/0x14)
[    0.000000] [<c0011a18>] (show_stack) from [<c05633ac>] (dump_stack+0x78/0x94)
[    0.000000] [<c05633ac>] (dump_stack) from [<c02e218c>] (Ldiv0+0x8/0x10)
[    0.000000] [<c02e218c>] (Ldiv0) from [<c047fb8c>] (ti_clk_divider_set_rate+0x14/0x14c)
[    0.000000] [<c047fb8c>] (ti_clk_divider_set_rate) from [<c047d29c>] (clk_change_rate+0x138/0x180)
[    0.000000] [<c047d29c>] (clk_change_rate) from [<c047d26c>] (clk_change_rate+0x108/0x180)
[    0.000000] Division by zero in kernel.
[    0.000000] CPU: 0 PID: 0 Comm: swapper/0 Not tainted 3.17.0-rc3-next-20140901-00002-ga75021b #1
[    0.000000] [<c0015230>] (unwind_backtrace) from [<c0011a18>] (show_stack+0x10/0x14)
[    0.000000] [<c0011a18>] (show_stack) from [<c05633ac>] (dump_stack+0x78/0x94)
[    0.000000] [<c05633ac>] (dump_stack) from [<c02e218c>] (Ldiv0+0x8/0x10)
[    0.000000] [<c02e218c>] (Ldiv0) from [<c047fb8c>] (ti_clk_divider_set_rate+0x14/0x14c)
[    0.000000] [<c047fb8c>] (ti_clk_divider_set_rate) from [<c047d29c>] (clk_change_rate+0x138/0x180)
[    0.000000] [<c047d29c>] (clk_change_rate) from [<c047d26c>] (clk_change_rate+0x108/0x180)
[    0.000000] Division by zero in kernel.
[    0.000000] CPU: 0 PID: 0 Comm: swapper/0 Not tainted 3.17.0-rc3-next-20140901-00002-ga75021b #1
[    0.000000] [<c0015230>] (unwind_backtrace) from [<c0011a18>] (show_stack+0x10/0x14)
[    0.000000] [<c0011a18>] (show_stack) from [<c05633ac>] (dump_stack+0x78/0x94)
[    0.000000] [<c05633ac>] (dump_stack) from [<c02e218c>] (Ldiv0+0x8/0x10)
[    0.000000] [<c02e218c>] (Ldiv0) from [<c047fb8c>] (ti_clk_divider_set_rate+0x14/0x14c)
[    0.000000] [<c047fb8c>] (ti_clk_divider_set_rate) from [<c047d29c>] (clk_change_rate+0x138/0x180)
[    0.000000] [<c047d29c>] (clk_change_rate) from [<c047d26c>] (clk_change_rate+0x108/0x180)
[    0.000000] Division by zero in kernel.
[    0.000000] CPU: 0 PID: 0 Comm: swapper/0 Not tainted 3.17.0-rc3-next-20140901-00002-ga75021b #1
[    0.000000] [<c0015230>] (unwind_backtrace) from [<c0011a18>] (show_stack+0x10/0x14)
[    0.000000] [<c0011a18>] (show_stack) from [<c05633ac>] (dump_stack+0x78/0x94)
[    0.000000] [<c05633ac>] (dump_stack) from [<c02e218c>] (Ldiv0+0x8/0x10)
[    0.000000] [<c02e218c>] (Ldiv0) from [<c047fb8c>] (ti_clk_divider_set_rate+0x14/0x14c)
[    0.000000] [<c047fb8c>] (ti_clk_divider_set_rate) from [<c047d29c>] (clk_change_rate+0x138/0x180)
[    0.000000] [<c047d29c>] (clk_change_rate) from [<c047d26c>] (clk_change_rate+0x108/0x180)
[    0.000000] Division by zero in kernel.
[    0.000000] CPU: 0 PID: 0 Comm: swapper/0 Not tainted 3.17.0-rc3-next-20140901-00002-ga75021b #1
[    0.000000] [<c0015230>] (unwind_backtrace) from [<c0011a18>] (show_stack+0x10/0x14)
[    0.000000] [<c0011a18>] (show_stack) from [<c05633ac>] (dump_stack+0x78/0x94)
[    0.000000] [<c05633ac>] (dump_stack) from [<c02e218c>] (Ldiv0+0x8/0x10)
[    0.000000] [<c02e218c>] (Ldiv0) from [<c047fb8c>] (ti_clk_divider_set_rate+0x14/0x14c)
[    0.000000] [<c047fb8c>] (ti_clk_divider_set_rate) from [<c047d29c>] (clk_change_rate+0x138/0x180)
[    0.000000] [<c047d29c>] (clk_change_rate) from [<c047d26c>] (clk_change_rate+0x108/0x180)
[    0.000000] Division by zero in kernel.
[    0.000000] CPU: 0 PID: 0 Comm: swapper/0 Not tainted 3.17.0-rc3-next-20140901-00002-ga75021b #1
[    0.000000] [<c0015230>] (unwind_backtrace) from [<c0011a18>] (show_stack+0x10/0x14)
[    0.000000] [<c0011a18>] (show_stack) from [<c05633ac>] (dump_stack+0x78/0x94)
[    0.000000] [<c05633ac>] (dump_stack) from [<c02e218c>] (Ldiv0+0x8/0x10)
[    0.000000] [<c02e218c>] (Ldiv0) from [<c047fb8c>] (ti_clk_divider_set_rate+0x14/0x14c)
[    0.000000] [<c047fb8c>] (ti_clk_divider_set_rate) from [<c047d29c>] (clk_change_rate+0x138/0x180)
[    0.000000] [<c047d29c>] (clk_change_rate) from [<c047d26c>] (clk_change_rate+0x108/0x180)
[    0.000000] Division by zero in kernel.
[    0.000000] CPU: 0 PID: 0 Comm: swapper/0 Not tainted 3.17.0-rc3-next-20140901-00002-ga75021b #1
[    0.000000] [<c0015230>] (unwind_backtrace) from [<c0011a18>] (show_stack+0x10/0x14)
[    0.000000] [<c0011a18>] (show_stack) from [<c05633ac>] (dump_stack+0x78/0x94)
[    0.000000] [<c05633ac>] (dump_stack) from [<c02e218c>] (Ldiv0+0x8/0x10)
[    0.000000] [<c02e218c>] (Ldiv0) from [<c047fb8c>] (ti_clk_divider_set_rate+0x14/0x14c)
[    0.000000] [<c047fb8c>] (ti_clk_divider_set_rate) from [<c047d29c>] (clk_change_rate+0x138/0x180)
[    0.000000] [<c047d29c>] (clk_change_rate) from [<c047d26c>] (clk_change_rate+0x108/0x180)
[    0.000000] Division by zero in kernel.
[    0.000000] CPU: 0 PID: 0 Comm: swapper/0 Not tainted 3.17.0-rc3-next-20140901-00002-ga75021b #1
[    0.000000] [<c0015230>] (unwind_backtrace) from [<c0011a18>] (show_stack+0x10/0x14)
[    0.000000] [<c0011a18>] (show_stack) from [<c05633ac>] (dump_stack+0x78/0x94)
[    0.000000] [<c05633ac>] (dump_stack) from [<c02e218c>] (Ldiv0+0x8/0x10)
[    0.000000] [<c02e218c>] (Ldiv0) from [<c047fb8c>] (ti_clk_divider_set_rate+0x14/0x14c)
[    0.000000] [<c047fb8c>] (ti_clk_divider_set_rate) from [<c047d29c>] (clk_change_rate+0x138/0x180)
[    0.000000] [<c047d29c>] (clk_change_rate) from [<c047d26c>] (clk_change_rate+0x108/0x180)
[    0.000000] Division by zero in kernel.
[    0.000000] CPU: 0 PID: 0 Comm: swapper/0 Not tainted 3.17.0-rc3-next-20140901-00002-ga75021b #1
[    0.000000] [<c0015230>] (unwind_backtrace) from [<c0011a18>] (show_stack+0x10/0x14)
[    0.000000] [<c0011a18>] (show_stack) from [<c05633ac>] (dump_stack+0x78/0x94)
[    0.000000] [<c05633ac>] (dump_stack) from [<c02e218c>] (Ldiv0+0x8/0x10)
[    0.000000] [<c02e218c>] (Ldiv0) from [<c047fb8c>] (ti_clk_divider_set_rate+0x14/0x14c)
[    0.000000] [<c047fb8c>] (ti_clk_divider_set_rate) from [<c047d29c>] (clk_change_rate+0x138/0x180)
[    0.000000] [<c047d29c>] (clk_change_rate) from [<c047d26c>] (clk_change_rate+0x108/0x180)
[    0.000000] Division by zero in kernel.
[    0.000000] CPU: 0 PID: 0 Comm: swapper/0 Not tainted 3.17.0-rc3-next-20140901-00002-ga75021b #1
[    0.000000] [<c0015230>] (unwind_backtrace) from [<c0011a18>] (show_stack+0x10/0x14)
[    0.000000] [<c0011a18>] (show_stack) from [<c05633ac>] (dump_stack+0x78/0x94)
[    0.000000] [<c05633ac>] (dump_stack) from [<c02e218c>] (Ldiv0+0x8/0x10)
[    0.000000] [<c02e218c>] (Ldiv0) from [<c047fb8c>] (ti_clk_divider_set_rate+0x14/0x14c)
[    0.000000] [<c047fb8c>] (ti_clk_divider_set_rate) from [<c047d29c>] (clk_change_rate+0x138/0x180)
[    0.000000] [<c047d29c>] (clk_change_rate) from [<c047d26c>] (clk_change_rate+0x108/0x180)
[    0.000000] Division by zero in kernel.
[    0.000000] CPU: 0 PID: 0 Comm: swapper/0 Not tainted 3.17.0-rc3-next-20140901-00002-ga75021b #1
[    0.000000] [<c0015230>] (unwind_backtrace) from [<c0011a18>] (show_stack+0x10/0x14)
[    0.000000] [<c0011a18>] (show_stack) from [<c05633ac>] (dump_stack+0x78/0x94)
[    0.000000] [<c05633ac>] (dump_stack) from [<c02e218c>] (Ldiv0+0x8/0x10)
[    0.000000] [<c02e218c>] (Ldiv0) from [<c047fb8c>] (ti_clk_divider_set_rate+0x14/0x14c)
[    0.000000] [<c047fb8c>] (ti_clk_divider_set_rate) from [<c047d29c>] (clk_change_rate+0x138/0x180)
[    0.000000] [<c047d29c>] (clk_change_rate) from [<c047d26c>] (clk_change_rate+0x108/0x180)
[    0.000000] Division by zero in kernel.
[    0.000000] CPU: 0 PID: 0 Comm: swapper/0 Not tainted 3.17.0-rc3-next-20140901-00002-ga75021b #1
[    0.000000] [<c0015230>] (unwind_backtrace) from [<c0011a18>] (show_stack+0x10/0x14)
[    0.000000] [<c0011a18>] (show_stack) from [<c05633ac>] (dump_stack+0x78/0x94)
[    0.000000] [<c05633ac>] (dump_stack) from [<c02e218c>] (Ldiv0+0x8/0x10)
[    0.000000] [<c02e218c>] (Ldiv0) from [<c047fb8c>] (ti_clk_divider_set_rate+0x14/0x14c)
[    0.000000] [<c047fb8c>] (ti_clk_divider_set_rate) from [<c047d29c>] (clk_change_rate+0x138/0x180)
[    0.000000] [<c047d29c>] (clk_change_rate) from [<c047d26c>] (clk_change_rate+0x108/0x180)
[    0.000000] Division by zero in kernel.
[    0.000000] CPU: 0 PID: 0 Comm: swapper/0 Not tainted 3.17.0-rc3-next-20140901-00002-ga75021b #1
[    0.000000] [<c0015230>] (unwind_backtrace) from [<c0011a18>] (show_stack+0x10/0x14)
[    0.000000] [<c0011a18>] (show_stack) from [<c05633ac>] (dump_stack+0x78/0x94)
[    0.000000] [<c05633ac>] (dump_stack) from [<c02e218c>] (Ldiv0+0x8/0x10)
[    0.000000] [<c02e218c>] (Ldiv0) from [<c047fb8c>] (ti_clk_divider_set_rate+0x14/0x14c)
[    0.000000] [<c047fb8c>] (ti_clk_divider_set_rate) from [<c047d29c>] (clk_change_rate+0x138/0x180)
[    0.000000] [<c047d29c>] (clk_change_rate) from [<c047d26c>] (clk_change_rate+0x108/0x180)
[    0.000000] Division by zero in kernel.
[    0.000000] CPU: 0 PID: 0 Comm: swapper/0 Not tainted 3.17.0-rc3-next-20140901-00002-ga75021b #1
[    0.000000] [<c0015230>] (unwind_backtrace) from [<c0011a18>] (show_stack+0x10/0x14)
[    0.000000] [<c0011a18>] (show_stack) from [<c05633ac>] (dump_stack+0x78/0x94)
[    0.000000] [<c05633ac>] (dump_stack) from [<c02e218c>] (Ldiv0+0x8/0x10)
[    0.000000] [<c02e218c>] (Ldiv0) from [<c047fb8c>] (ti_clk_divider_set_rate+0x14/0x14c)
[    0.000000] [<c047fb8c>] (ti_clk_divider_set_rate) from [<c047d29c>] (clk_change_rate+0x138/0x180)
[    0.000000] [<c047d29c>] (clk_change_rate) from [<c047d26c>] (clk_change_rate+0x108/0x180)
[    0.000000] Division by zero in kernel.
[    0.000000] CPU: 0 PID: 0 Comm: swapper/0 Not tainted 3.17.0-rc3-next-20140901-00002-ga75021b #1
[    0.000000] [<c0015230>] (unwind_backtrace) from [<c0011a18>] (show_stack+0x10/0x14)
[    0.000000] [<c0011a18>] (show_stack) from [<c05633ac>] (dump_stack+0x78/0x94)
[    0.000000] [<c05633ac>] (dump_stack) from [<c02e218c>] (Ldiv0+0x8/0x10)
[    0.000000] [<c02e218c>] (Ldiv0) from [<c047fb8c>] (ti_clk_divider_set_rate+0x14/0x14c)
[    0.000000] [<c047fb8c>] (ti_clk_divider_set_rate) from [<c047d29c>] (clk_change_rate+0x138/0x180)
[    0.000000] [<c047d29c>] (clk_change_rate) from [<c047d26c>] (clk_change_rate+0x108/0x180)
[    0.000000] Division by zero in kernel.
[    0.000000] CPU: 0 PID: 0 Comm: swapper/0 Not tainted 3.17.0-rc3-next-20140901-00002-ga75021b #1
[    0.000000] [<c0015230>] (unwind_backtrace) from [<c0011a18>] (show_stack+0x10/0x14)
[    0.000000] [<c0011a18>] (show_stack) from [<c05633ac>] (dump_stack+0x78/0x94)
[    0.000000] [<c05633ac>] (dump_stack) from [<c02e218c>] (Ldiv0+0x8/0x10)
[    0.000000] [<c02e218c>] (Ldiv0) from [<c047fb8c>] (ti_clk_divider_set_rate+0x14/0x14c)
[    0.000000] [<c047fb8c>] (ti_clk_divider_set_rate) from [<c047d29c>] (clk_change_rate+0x138/0x180)
[    0.000000] [<c047d29c>] (clk_change_rate) from [<c047d26c>] (clk_change_rate+0x108/0x180)
[    0.000000] Division by zero in kernel.
[    0.000000] CPU: 0 PID: 0 Comm: swapper/0 Not tainted 3.17.0-rc3-next-20140901-00002-ga75021b #1
[    0.000000] [<c0015230>] (unwind_backtrace) from [<c0011a18>] (show_stack+0x10/0x14)
[    0.000000] [<c0011a18>] (show_stack) from [<c05633ac>] (dump_stack+0x78/0x94)
[    0.000000] [<c05633ac>] (dump_stack) from [<c02e218c>] (Ldiv0+0x8/0x10)
[    0.000000] [<c02e218c>] (Ldiv0) from [<c047fb8c>] (ti_clk_divider_set_rate+0x14/0x14c)
[    0.000000] [<c047fb8c>] (ti_clk_divider_set_rate) from [<c047d29c>] (clk_change_rate+0x138/0x180)
[    0.000000] [<c047d29c>] (clk_change_rate) from [<c047d26c>] (clk_change_rate+0x108/0x180)
[    0.000000] Division by zero in kernel.
[    0.000000] CPU: 0 PID: 0 Comm: swapper/0 Not tainted 3.17.0-rc3-next-20140901-00002-ga75021b #1
[    0.000000] [<c0015230>] (unwind_backtrace) from [<c0011a18>] (show_stack+0x10/0x14)
[    0.000000] [<c0011a18>] (show_stack) from [<c05633ac>] (dump_stack+0x78/0x94)
[    0.000000] [<c05633ac>] (dump_stack) from [<c02e218c>] (Ldiv0+0x8/0x10)
[    0.000000] [<c02e218c>] (Ldiv0) from [<c047fb8c>] (ti_clk_divider_set_rate+0x14/0x14c)
[    0.000000] [<c047fb8c>] (ti_clk_divider_set_rate) from [<c047d29c>] (clk_change_rate+0x138/0x180)
[    0.000000] [<c047d29c>] (clk_change_rate) from [<c047d26c>] (clk_change_rate+0x108/0x180)
[    0.000000] Division by zero in kernel.
[    0.000000] CPU: 0 PID: 0 Comm: swapper/0 Not tainted 3.17.0-rc3-next-20140901-00002-ga75021b #1
[    0.000000] [<c0015230>] (unwind_backtrace) from [<c0011a18>] (show_stack+0x10/0x14)
[    0.000000] [<c0011a18>] (show_stack) from [<c05633ac>] (dump_stack+0x78/0x94)
[    0.000000] [<c05633ac>] (dump_stack) from [<c02e218c>] (Ldiv0+0x8/0x10)
[    0.000000] [<c02e218c>] (Ldiv0) from [<c04808b4>] (atl_clk_set_rate+0x10/0x2c)
[    0.000000] [<c04808b4>] (atl_clk_set_rate) from [<c047d29c>] (clk_change_rate+0x138/0x180)
[    0.000000] [<c047d29c>] (clk_change_rate) from [<c047d26c>] (clk_change_rate+0x108/0x180)
[    0.000000] Division by zero in kernel.
[    0.000000] CPU: 0 PID: 0 Comm: swapper/0 Not tainted 3.17.0-rc3-next-20140901-00002-ga75021b #1
[    0.000000] [<c0015230>] (unwind_backtrace) from [<c0011a18>] (show_stack+0x10/0x14)
[    0.000000] [<c0011a18>] (show_stack) from [<c05633ac>] (dump_stack+0x78/0x94)
[    0.000000] [<c05633ac>] (dump_stack) from [<c02e218c>] (Ldiv0+0x8/0x10)
[    0.000000] [<c02e218c>] (Ldiv0) from [<c04808b4>] (atl_clk_set_rate+0x10/0x2c)
[    0.000000] [<c04808b4>] (atl_clk_set_rate) from [<c047d29c>] (clk_change_rate+0x138/0x180)
[    0.000000] [<c047d29c>] (clk_change_rate) from [<c047d26c>] (clk_change_rate+0x108/0x180)
[    0.000000] Division by zero in kernel.
[    0.000000] CPU: 0 PID: 0 Comm: swapper/0 Not tainted 3.17.0-rc3-next-20140901-00002-ga75021b #1
[    0.000000] [<c0015230>] (unwind_backtrace) from [<c0011a18>] (show_stack+0x10/0x14)
[    0.000000] [<c0011a18>] (show_stack) from [<c05633ac>] (dump_stack+0x78/0x94)
[    0.000000] [<c05633ac>] (dump_stack) from [<c02e218c>] (Ldiv0+0x8/0x10)
[    0.000000] [<c02e218c>] (Ldiv0) from [<c04808b4>] (atl_clk_set_rate+0x10/0x2c)
[    0.000000] [<c04808b4>] (atl_clk_set_rate) from [<c047d29c>] (clk_change_rate+0x138/0x180)
[    0.000000] [<c047d29c>] (clk_change_rate) from [<c047d26c>] (clk_change_rate+0x108/0x180)
[    0.000000] Division by zero in kernel.
[    0.000000] CPU: 0 PID: 0 Comm: swapper/0 Not tainted 3.17.0-rc3-next-20140901-00002-ga75021b #1
[    0.000000] [<c0015230>] (unwind_backtrace) from [<c0011a18>] (show_stack+0x10/0x14)
[    0.000000] [<c0011a18>] (show_stack) from [<c05633ac>] (dump_stack+0x78/0x94)
[    0.000000] [<c05633ac>] (dump_stack) from [<c02e218c>] (Ldiv0+0x8/0x10)
[    0.000000] [<c02e218c>] (Ldiv0) from [<c04808b4>] (atl_clk_set_rate+0x10/0x2c)
[    0.000000] [<c04808b4>] (atl_clk_set_rate) from [<c047d29c>] (clk_change_rate+0x138/0x180)
[    0.000000] [<c047d29c>] (clk_change_rate) from [<c047d26c>] (clk_change_rate+0x108/0x180)
[    0.000000] Division by zero in kernel.
[    0.000000] CPU: 0 PID: 0 Comm: swapper/0 Not tainted 3.17.0-rc3-next-20140901-00002-ga75021b #1
[    0.000000] [<c0015230>] (unwind_backtrace) from [<c0011a18>] (show_stack+0x10/0x14)
[    0.000000] [<c0011a18>] (show_stack) from [<c05633ac>] (dump_stack+0x78/0x94)
[    0.000000] [<c05633ac>] (dump_stack) from [<c02e218c>] (Ldiv0+0x8/0x10)
[    0.000000] [<c02e218c>] (Ldiv0) from [<c047fb8c>] (ti_clk_divider_set_rate+0x14/0x14c)
[    0.000000] [<c047fb8c>] (ti_clk_divider_set_rate) from [<c047d29c>] (clk_change_rate+0x138/0x180)
[    0.000000] [<c047d29c>] (clk_change_rate) from [<c047d26c>] (clk_change_rate+0x108/0x180)
[    0.000000] Division by zero in kernel.
[    0.000000] CPU: 0 PID: 0 Comm: swapper/0 Not tainted 3.17.0-rc3-next-20140901-00002-ga75021b #1
[    0.000000] [<c0015230>] (unwind_backtrace) from [<c0011a18>] (show_stack+0x10/0x14)
[    0.000000] [<c0011a18>] (show_stack) from [<c05633ac>] (dump_stack+0x78/0x94)
[    0.000000] [<c05633ac>] (dump_stack) from [<c02e218c>] (Ldiv0+0x8/0x10)
[    0.000000] [<c02e218c>] (Ldiv0) from [<c047fb8c>] (ti_clk_divider_set_rate+0x14/0x14c)
[    0.000000] [<c047fb8c>] (ti_clk_divider_set_rate) from [<c047d29c>] (clk_change_rate+0x138/0x180)
[    0.000000] [<c047d29c>] (clk_change_rate) from [<c047d26c>] (clk_change_rate+0x108/0x180)
[    0.000000] Division by zero in kernel.
[    0.000000] CPU: 0 PID: 0 Comm: swapper/0 Not tainted 3.17.0-rc3-next-20140901-00002-ga75021b #1
[    0.000000] [<c0015230>] (unwind_backtrace) from [<c0011a18>] (show_stack+0x10/0x14)
[    0.000000] [<c0011a18>] (show_stack) from [<c05633ac>] (dump_stack+0x78/0x94)
[    0.000000] [<c05633ac>] (dump_stack) from [<c02e218c>] (Ldiv0+0x8/0x10)
[    0.000000] [<c02e218c>] (Ldiv0) from [<c047fb8c>] (ti_clk_divider_set_rate+0x14/0x14c)
[    0.000000] [<c047fb8c>] (ti_clk_divider_set_rate) from [<c047d29c>] (clk_change_rate+0x138/0x180)
[    0.000000] [<c047d29c>] (clk_change_rate) from [<c047d26c>] (clk_change_rate+0x108/0x180)
[    0.000000] Division by zero in kernel.
[    0.000000] CPU: 0 PID: 0 Comm: swapper/0 Not tainted 3.17.0-rc3-next-20140901-00002-ga75021b #1
[    0.000000] [<c0015230>] (unwind_backtrace) from [<c0011a18>] (show_stack+0x10/0x14)
[    0.000000] [<c0011a18>] (show_stack) from [<c05633ac>] (dump_stack+0x78/0x94)
[    0.000000] [<c05633ac>] (dump_stack) from [<c02e218c>] (Ldiv0+0x8/0x10)
[    0.000000] [<c02e218c>] (Ldiv0) from [<c047fb8c>] (ti_clk_divider_set_rate+0x14/0x14c)
[    0.000000] [<c047fb8c>] (ti_clk_divider_set_rate) from [<c047d29c>] (clk_change_rate+0x138/0x180)
[    0.000000] [<c047d29c>] (clk_change_rate) from [<c047d26c>] (clk_change_rate+0x108/0x180)
[    0.000000] Division by zero in kernel.
[    0.000000] CPU: 0 PID: 0 Comm: swapper/0 Not tainted 3.17.0-rc3-next-20140901-00002-ga75021b #1
[    0.000000] [<c0015230>] (unwind_backtrace) from [<c0011a18>] (show_stack+0x10/0x14)
[    0.000000] [<c0011a18>] (show_stack) from [<c05633ac>] (dump_stack+0x78/0x94)
[    0.000000] [<c05633ac>] (dump_stack) from [<c02e218c>] (Ldiv0+0x8/0x10)
[    0.000000] [<c02e218c>] (Ldiv0) from [<c047fb8c>] (ti_clk_divider_set_rate+0x14/0x14c)
[    0.000000] [<c047fb8c>] (ti_clk_divider_set_rate) from [<c047d29c>] (clk_change_rate+0x138/0x180)
[    0.000000] [<c047d29c>] (clk_change_rate) from [<c047d26c>] (clk_change_rate+0x108/0x180)
[    0.000000] Division by zero in kernel.
[    0.000000] CPU: 0 PID: 0 Comm: swapper/0 Not tainted 3.17.0-rc3-next-20140901-00002-ga75021b #1
[    0.000000] [<c0015230>] (unwind_backtrace) from [<c0011a18>] (show_stack+0x10/0x14)
[    0.000000] [<c0011a18>] (show_stack) from [<c05633ac>] (dump_stack+0x78/0x94)
[    0.000000] [<c05633ac>] (dump_stack) from [<c02e218c>] (Ldiv0+0x8/0x10)
[    0.000000] [<c02e218c>] (Ldiv0) from [<c047fb8c>] (ti_clk_divider_set_rate+0x14/0x14c)
[    0.000000] [<c047fb8c>] (ti_clk_divider_set_rate) from [<c047d29c>] (clk_change_rate+0x138/0x180)
[    0.000000] [<c047d29c>] (clk_change_rate) from [<c047d26c>] (clk_change_rate+0x108/0x180)
[    0.000000] Division by zero in kernel.
[    0.000000] CPU: 0 PID: 0 Comm: swapper/0 Not tainted 3.17.0-rc3-next-20140901-00002-ga75021b #1
[    0.000000] [<c0015230>] (unwind_backtrace) from [<c0011a18>] (show_stack+0x10/0x14)
[    0.000000] [<c0011a18>] (show_stack) from [<c05633ac>] (dump_stack+0x78/0x94)
[    0.000000] [<c05633ac>] (dump_stack) from [<c02e218c>] (Ldiv0+0x8/0x10)
[    0.000000] [<c02e218c>] (Ldiv0) from [<c047fb8c>] (ti_clk_divider_set_rate+0x14/0x14c)
[    0.000000] [<c047fb8c>] (ti_clk_divider_set_rate) from [<c047d29c>] (clk_change_rate+0x138/0x180)
[    0.000000] [<c047d29c>] (clk_change_rate) from [<c047d26c>] (clk_change_rate+0x108/0x180)
[    0.000000] Division by zero in kernel.
[    0.000000] CPU: 0 PID: 0 Comm: swapper/0 Not tainted 3.17.0-rc3-next-20140901-00002-ga75021b #1
[    0.000000] [<c0015230>] (unwind_backtrace) from [<c0011a18>] (show_stack+0x10/0x14)
[    0.000000] [<c0011a18>] (show_stack) from [<c05633ac>] (dump_stack+0x78/0x94)
[    0.000000] [<c05633ac>] (dump_stack) from [<c02e218c>] (Ldiv0+0x8/0x10)
[    0.000000] [<c02e218c>] (Ldiv0) from [<c047fb8c>] (ti_clk_divider_set_rate+0x14/0x14c)
[    0.000000] [<c047fb8c>] (ti_clk_divider_set_rate) from [<c047d29c>] (clk_change_rate+0x138/0x180)
[    0.000000] [<c047d29c>] (clk_change_rate) from [<c047d26c>] (clk_change_rate+0x108/0x180)
[    0.000000] Division by zero in kernel.
[    0.000000] CPU: 0 PID: 0 Comm: swapper/0 Not tainted 3.17.0-rc3-next-20140901-00002-ga75021b #1
[    0.000000] [<c0015230>] (unwind_backtrace) from [<c0011a18>] (show_stack+0x10/0x14)
[    0.000000] [<c0011a18>] (show_stack) from [<c05633ac>] (dump_stack+0x78/0x94)
[    0.000000] [<c05633ac>] (dump_stack) from [<c02e218c>] (Ldiv0+0x8/0x10)
[    0.000000] [<c02e218c>] (Ldiv0) from [<c047fb8c>] (ti_clk_divider_set_rate+0x14/0x14c)
[    0.000000] [<c047fb8c>] (ti_clk_divider_set_rate) from [<c047d29c>] (clk_change_rate+0x138/0x180)
[    0.000000] [<c047d29c>] (clk_change_rate) from [<c047d26c>] (clk_change_rate+0x108/0x180)
[    0.000000] Division by zero in kernel.
[    0.000000] CPU: 0 PID: 0 Comm: swapper/0 Not tainted 3.17.0-rc3-next-20140901-00002-ga75021b #1
[    0.000000] [<c0015230>] (unwind_backtrace) from [<c0011a18>] (show_stack+0x10/0x14)
[    0.000000] [<c0011a18>] (show_stack) from [<c05633ac>] (dump_stack+0x78/0x94)
[    0.000000] [<c05633ac>] (dump_stack) from [<c02e218c>] (Ldiv0+0x8/0x10)
[    0.000000] [<c02e218c>] (Ldiv0) from [<c047fb8c>] (ti_clk_divider_set_rate+0x14/0x14c)
[    0.000000] [<c047fb8c>] (ti_clk_divider_set_rate) from [<c047d29c>] (clk_change_rate+0x138/0x180)
[    0.000000] [<c047d29c>] (clk_change_rate) from [<c047d26c>] (clk_change_rate+0x108/0x180)
[    0.000000] Division by zero in kernel.
[    0.000000] CPU: 0 PID: 0 Comm: swapper/0 Not tainted 3.17.0-rc3-next-20140901-00002-ga75021b #1
[    0.000000] [<c0015230>] (unwind_backtrace) from [<c0011a18>] (show_stack+0x10/0x14)
[    0.000000] [<c0011a18>] (show_stack) from [<c05633ac>] (dump_stack+0x78/0x94)
[    0.000000] [<c05633ac>] (dump_stack) from [<c02e218c>] (Ldiv0+0x8/0x10)
[    0.000000] [<c02e218c>] (Ldiv0) from [<c047fb8c>] (ti_clk_divider_set_rate+0x14/0x14c)
[    0.000000] [<c047fb8c>] (ti_clk_divider_set_rate) from [<c047d29c>] (clk_change_rate+0x138/0x180)
[    0.000000] [<c047d29c>] (clk_change_rate) from [<c047d26c>] (clk_change_rate+0x108/0x180)
[    0.000000] OMAP clockevent source: timer1 at 32768 Hz
[    0.000000] sched_clock: 32 bits at 32kHz, resolution 30517ns, wraps every 65536000000000ns
[    0.000000] OMAP clocksource: 32k_counter at 32768 Hz
[    0.000457] Architected cp15 timer(s) running at 6.14MHz (virt).
[    0.000492] sched_clock: 56 bits at 6MHz, resolution 162ns, wraps every 2796202663936ns
[    0.000504] Switching to timer-based delay loop, resolution 162ns
[    0.001458] Console: colour dummy device 80x30
[    0.001490] Lock dependency validator: Copyright (c) 2006 Red Hat, Inc., Ingo Molnar
[    0.001497] ... MAX_LOCKDEP_SUBCLASSES:  8
[    0.001503] ... MAX_LOCK_DEPTH:          48
[    0.001509] ... MAX_LOCKDEP_KEYS:        8191
[    0.001515] ... CLASSHASH_SIZE:          4096
[    0.001521] ... MAX_LOCKDEP_ENTRIES:     32768
[    0.001527] ... MAX_LOCKDEP_CHAINS:      65536
[    0.001532] ... CHAINHASH_SIZE:          32768
[    0.001538]  memory used by lock dependency info: 5167 kB
[    0.001544]  per task-struct memory footprint: 1152 bytes
[    0.001574] Calibrating delay loop (skipped), value calculated using timer frequency.. 12.28 BogoMIPS (lpj=61440)
[    0.001587] pid_max: default: 32768 minimum: 301
[    0.001858] Security Framework initialized
[    0.001947] Mount-cache hash table entries: 2048 (order: 1, 8192 bytes)
[    0.001959] Mountpoint-cache hash table entries: 2048 (order: 1, 8192 bytes)
[    0.003584] CPU: Testing write buffer coherency: ok
[    0.004370] /cpus/cpu@0 missing clock-frequency property
[    0.004383] CPU0: thread -1, cpu 0, socket 0, mpidr 80000000
[    0.004430] Setting up static identity map for 0x8056b798 - 0x8056b808
[    0.006653] Brought up 1 CPUs
[    0.006663] SMP: Total of 1 processors activated.
[    0.006669] CPU: All CPU(s) started in SVC mode.
[    0.008349] devtmpfs: initialized
[    0.009689] VFP support v0.3: implementor 41 architecture 4 part 30 variant f rev 0
[    0.009782] omap_hwmod: l3_main_2 using broken dt data from ocp
[    0.026240] ------------[ cut here ]------------
[    0.026255] WARNING: CPU: 0 PID: 1 at arch/arm/mach-omap2/omap_hwmod.c:2542 _init+0x1c0/0x3e0()
[    0.026263] omap_hwmod: gmac: doesn't have mpu register target base
[    0.026269] Modules linked in:
[    0.026283] CPU: 0 PID: 1 Comm: swapper/0 Not tainted 3.17.0-rc3-next-20140901-00002-ga75021b #1
[    0.026302] [<c0015230>] (unwind_backtrace) from [<c0011a18>] (show_stack+0x10/0x14)
[    0.026321] [<c0011a18>] (show_stack) from [<c05633ac>] (dump_stack+0x78/0x94)
[    0.026337] [<c05633ac>] (dump_stack) from [<c0040ec8>] (warn_slowpath_common+0x6c/0x8c)
[    0.026349] [<c0040ec8>] (warn_slowpath_common) from [<c0040f7c>] (warn_slowpath_fmt+0x30/0x40)
[    0.026360] [<c0040f7c>] (warn_slowpath_fmt) from [<c07d41ac>] (_init+0x1c0/0x3e0)
[    0.026374] [<c07d41ac>] (_init) from [<c00288b0>] (omap_hwmod_for_each+0x34/0x5c)
[    0.026385] [<c00288b0>] (omap_hwmod_for_each) from [<c07d4934>] (__omap_hwmod_setup_all+0x24/0x40)
[    0.026396] [<c07d4934>] (__omap_hwmod_setup_all) from [<c00089a4>] (do_one_initcall+0x80/0x1d8)
[    0.026411] [<c00089a4>] (do_one_initcall) from [<c07c7cb8>] (kernel_init_freeable+0x108/0x1d8)
[    0.026425] [<c07c7cb8>] (kernel_init_freeable) from [<c055ddc0>] (kernel_init+0x8/0xe4)
[    0.026437] [<c055ddc0>] (kernel_init) from [<c000e648>] (ret_from_fork+0x14/0x2c)
[    0.026479] ---[ end trace fd5d14501d872604 ]---
[    0.082066] ------------[ cut here ]------------
[    0.082079] WARNING: CPU: 0 PID: 1 at arch/arm/mach-omap2/omap_hwmod.c:2542 _init+0x1c0/0x3e0()
[    0.082086] omap_hwmod: rtcss: doesn't have mpu register target base
[    0.082092] Modules linked in:
[    0.082104] CPU: 0 PID: 1 Comm: swapper/0 Tainted: G        W      3.17.0-rc3-next-20140901-00002-ga75021b #1
[    0.082121] [<c0015230>] (unwind_backtrace) from [<c0011a18>] (show_stack+0x10/0x14)
[    0.082137] [<c0011a18>] (show_stack) from [<c05633ac>] (dump_stack+0x78/0x94)
[    0.082150] [<c05633ac>] (dump_stack) from [<c0040ec8>] (warn_slowpath_common+0x6c/0x8c)
[    0.082162] [<c0040ec8>] (warn_slowpath_common) from [<c0040f7c>] (warn_slowpath_fmt+0x30/0x40)
[    0.082173] [<c0040f7c>] (warn_slowpath_fmt) from [<c07d41ac>] (_init+0x1c0/0x3e0)
[    0.082185] [<c07d41ac>] (_init) from [<c00288b0>] (omap_hwmod_for_each+0x34/0x5c)
[    0.082196] [<c00288b0>] (omap_hwmod_for_each) from [<c07d4934>] (__omap_hwmod_setup_all+0x24/0x40)
[    0.082207] [<c07d4934>] (__omap_hwmod_setup_all) from [<c00089a4>] (do_one_initcall+0x80/0x1d8)
[    0.082220] [<c00089a4>] (do_one_initcall) from [<c07c7cb8>] (kernel_init_freeable+0x108/0x1d8)
[    0.082233] [<c07c7cb8>] (kernel_init_freeable) from [<c055ddc0>] (kernel_init+0x8/0xe4)
[    0.082244] [<c055ddc0>] (kernel_init) from [<c000e648>] (ret_from_fork+0x14/0x2c)
[    0.082251] ---[ end trace fd5d14501d872605 ]---
[    0.120980] omap_hwmod: dss_core: _wait_target_disable failed
[    0.120995] omap_hwmod: dss_core: cannot be enabled for reset (3)
[    0.123557] omap_hwmod: dss_dispc: cannot be enabled for reset (3)
[    0.126125] omap_hwmod: dss_hdmi: cannot be enabled for reset (3)
[    0.197322] omap_hwmod: pcie1: _wait_target_disable failed
[    0.203447] omap_hwmod: pcie2: _wait_target_disable failed
[    0.206926] pinctrl core: initialized pinctrl subsystem
[    0.208710] regulator-dummy: no parameters
[    0.252523] NET: Registered protocol family 16
[    0.256445] DMA: preallocated 256 KiB pool for atomic coherent allocations
[    0.257909] cpuidle: using governor ladder
[    0.257925] cpuidle: using governor menu
[    0.260651] omap_l3_noc 44000000.ocp: L3 debug error: target 2 mod:1 (unclearable)
[    0.260769] omap_l3_noc 44000000.ocp: L3 application error: target 2 mod:1 (unclearable)
[    0.266170] OMAP GPIO hardware version 0.1
[    0.281477] platform 4e000000.dmm: Cannot lookup hwmod 'dmm'
[    0.287750] No ATAGs?
[    0.287792] hw-breakpoint: found 5 (+1 reserved) breakpoint and 4 watchpoint registers.
[    0.287801] hw-breakpoint: maximum watchpoint size is 8 bytes.
[    0.289893] OMAP DMA hardware revision 0.0
[    0.310580] edma-dma-engine edma-dma-engine.0: Can't allocate PaRAM dummy slot
[    0.310622] edma-dma-engine: probe of edma-dma-engine.0 failed with error -22
[    0.337689] omap-dma-engine 4a056000.dma-controller: OMAP DMA engine driver
[    0.340528] SCSI subsystem initialized
[    0.341141] usbcore: registered new interface driver usbfs
[    0.341272] usbcore: registered new interface driver hub
[    0.346024] usbcore: registered new device driver usb
[    0.349427] Switched to clocksource arch_sys_counter
[    0.459005] NET: Registered protocol family 2
[    0.460229] TCP established hash table entries: 8192 (order: 3, 32768 bytes)
[    0.460423] TCP bind hash table entries: 8192 (order: 6, 294912 bytes)
[    0.462713] TCP: Hash tables configured (established 8192 bind 8192)
[    0.462838] TCP: reno registered
[    0.462859] UDP hash table entries: 512 (order: 3, 40960 bytes)
[    0.463169] UDP-Lite hash table entries: 512 (order: 3, 40960 bytes)
[    0.464110] NET: Registered protocol family 1
[    0.465231] RPC: Registered named UNIX socket transport module.
[    0.465241] RPC: Registered udp transport module.
[    0.465249] RPC: Registered tcp transport module.
[    0.465257] RPC: Registered tcp NFSv4.1 backchannel transport module.
[    0.469411] futex hash table entries: 256 (order: 2, 16384 bytes)
[    0.472291] VFS: Disk quotas dquot_6.5.2
[    0.472375] Dquot-cache hash table entries: 1024 (order 0, 4096 bytes)
[    0.473843] NFS: Registering the id_resolver key type
[    0.474067] Key type id_resolver registered
[    0.474076] Key type id_legacy registered
[    0.474162] jffs2: version 2.2. (NAND) (SUMMARY)   2001-2006 Red Hat, Inc.
[    0.474470] msgmni has been set to 1468
[    0.477504] bounce: pool size: 64 pages
[    0.477555] io scheduler noop registered
[    0.477571] io scheduler deadline registered
[    0.477613] io scheduler cfq registered (default)
[    0.484585] pinctrl-single 4a003400.pinmux: 281 pins at pa fc003400 size 1124
[    0.486234] pbias_mmc_omap5: 1800 <--> 3000 mV at 3000 mV 
[    0.487173] abb_mpu: 1060 <--> 1210 mV 
[    0.487797] abb_ivahd: 1055 <--> 1250 mV 
[    0.488416] abb_dspeve: 1055 <--> 1250 mV 
[    0.489018] abb_gpu: 1090 <--> 1280 mV 
[    0.490404] Serial: 8250/16550 driver, 4 ports, IRQ sharing enabled
[    0.494705] omap_uart 4806a000.serial: no wakeirq for uart0
[    0.494991] 4806a000.serial: ttyO0 at MMIO 0x4806a000 (irq = 294, base_baud = 3000000) is a OMAP UART0
[    4.804324] console [ttyO0] enabled
[    4.825952] brd: module loaded
[    4.839277] loop: module loaded
[    4.844653] mtdoops: mtd device (mtddev=name/number) must be supplied
[    4.853937] usbcore: registered new interface driver asix
[    4.859702] usbcore: registered new interface driver ax88179_178a
[    4.866169] usbcore: registered new interface driver cdc_ether
[    4.872416] usbcore: registered new interface driver smsc95xx
[    4.878523] usbcore: registered new interface driver net1080
[    4.884549] usbcore: registered new interface driver cdc_subset
[    4.890847] usbcore: registered new interface driver zaurus
[    4.896830] usbcore: registered new interface driver cdc_ncm
[    4.903401] usbcore: registered new interface driver cdc_wdm
[    4.909473] usbcore: registered new interface driver usb-storage
[    4.915889] usbcore: registered new interface driver usbtest
[    4.930133] mousedev: PS/2 mouse device common for all mice
[    4.937777] i2c /dev entries driver
[    4.941534] Driver for 1-wire Dallas network protocol.
[    4.948810] ledtrig-cpu: registered to indicate activity on CPUs
[    4.955472] usbcore: registered new interface driver usbhid
[    4.961324] usbhid: USB HID core driver
[    4.966323] oprofile: no performance counters
[    4.971540] oprofile: using timer interrupt.
[    4.976425] TCP: cubic registered
[    4.979931] Initializing XFRM netlink socket
[    4.984481] NET: Registered protocol family 17
[    4.989176] NET: Registered protocol family 15
[    4.994062] Key type dns_resolver registered
[    4.998656] omap_voltage_late_init: Voltage driver support not added
[    5.005346] sr_dev_init: Unable to get voltage domain pointer for VDD core
[    5.012561] sr_dev_init: Unable to get voltage domain pointer for VDD mpu
[    5.020285] ThumbEE CPU extension supported.
[    5.024770] Registering SWP/SWPB emulation handler
[    5.029817] SmartReflex Class3 initialized
[    5.040133] drivers/rtc/hctosys.c: unable to open rtc device (rtc0)
[    5.046695] sr_init: No PMIC hook to init smartreflex
[    5.052176] sr_init: platform driver register failed for SR
[   17.209480] pbias_mmc_omap5: disabling
[   17.215447] Waiting for root device PARTUUID=00000000-02...

