- 05:44:13 [INFO] Starting target session
- 05:44:14 [INFO] Connected to dra72x-evm via serial 
- 05:44:14 [INFO] Host: #check prompt
- 05:44:17 [ERROR] On command: #check prompt waiting for #check prompt.+?(?-mix:((?-mix:.*\s+login)|[Pp]assword)) >>> error: execution expired
- 05:44:17 [INFO] Target: 
#check prompt
root@dra7xx-evm:/test# 
- 05:44:17 [INFO] Host: #check prompt
- 05:44:17 [INFO] Target: 
#check prompt
root@dra7xx-evm:/test# 
- 05:44:17 [INFO] Host: sync;poweroff
- 05:44:30 [INFO] Target: 
sync;poweroff
INIT: Sending processes the TERM signal
root@dra7xx-evm:/test# 
Broadcast message from root@dra7xx-evm (ttyS0) (Thu Apr 16 03:35:11 2015):
The system is going down for system halt NOW!
INITStopping syslogd/klogd: stopped syslogd (pid 1584)
stopped klogd (pid 1587)
done
Deconfiguring network interfaces... done.
Sending all processes the TERM signal...
Sending all processes the KILL signal...
Unmounting remote filesystems...
Deactivating swap...
Unmounting local filesystems...
[ 6382.464257] reboot: Power down
- 05:44:30 [INFO] Disconnected serial from dra72x-evm
- 05:44:58 [INFO] Connected to dra72x-evm via serial 
- 05:44:58 [INFO] Host: 
- 05:44:59 [INFO] Target: 
U-Boot SPL 2014.07-g705aec7 (Jan 09 2015 - 15:40:31)
DRA722 ES1.0
reading args
spl_load_image_fat_os: error reading image args, err - -1
reading u-boot.img
reading u-boot.img
U-Boot 2014.07-g705aec7 (Jan 09 2015 - 15:40:31)
CPU  : DRA722 ES1.0
Board: DRA7xx
I2C:   ready
DRAM:  1 GiB
NAND:  0 MiB
MMC:   OMAP SD/MMC: 0, OMAP SD/MMC: 1
Using default environment
SATA link 0 timeout.
AHCI 0001.0300 32 slots 1 ports 3 Gbps 0x1 impl SATA mode
flags: 64bit ncq stag pm led clo only pmp pio slum part ccc apst 
scanning bus for devices...
Found 0 device(s).
SCSI:  Net:   <ethaddr> not set. Validating first E-fuse MAC
cpsw
Hit any key to stop autoboot:  1  0 
U-Boot# 
U-Boot# 
U-Boot# 
U-Boot# 
U-Boot# 
U-Boot# 
U-Boot# 
- 05:44:59 [INFO] Host: 
- 05:44:59 [INFO] Target: 
U-Boot# 
- 05:44:59 [INFO] Host: version
- 05:44:59 [INFO] Target: 
U-Boot# version
U-Boot 2014.07-g705aec7 (Jan 09 2015 - 15:40:31)
arm-linux-gnueabihf-gcc (crosstool-NG linaro-1.13.1-4.7-2013.03-20130313 - Linaro GCC 2013.03) 4.7.3 20130226 (prerelease)
GNU ld (crosstool-NG linaro-1.13.1-4.7-2013.03-20130313 - Linaro GCC 2013.03) 2.23.1
U-Boot# 
- 05:44:59 [INFO] Host: setenv bootargs 'console=ttyO0,115200n8 earlyprintk rootwait '
- 05:45:00 [INFO] Target: 
setenv bootargs 'console=ttyO0,115200n8 earlyprintk rootwait '
U-Boot# 
- 05:45:00 [INFO] Host: setenv bootcmd  ''
- 05:45:00 [INFO] Target: 
setenv bootcmd  ''
U-Boot# 
- 05:45:00 [INFO] Host: setenv autoload 'no'
- 05:45:00 [INFO] Target: 
setenv autoload 'no'
U-Boot# 
- 05:45:00 [INFO] Host: setenv serverip '192.168.1.254'
- 05:45:00 [INFO] Target: 
setenv serverip '192.168.1.254'
U-Boot# 
- 05:45:00 [INFO] Host: printenv
- 05:45:00 [INFO] Target: 
printenv
arch=arm
autoload=no
baudrate=115200
board=dra7xx
board_name=dra72x
bootargs=console=ttyO0,115200n8 earlyprintk rootwait 
bootcmd=
bootdelay=1
bootdir=/boot
bootfile=zImage
bootm_size=0x10000000
bootpart=0:2
bootscript=echo Running bootscript from mmc${mmcdev} ...; source ${loadaddr}
console=ttyO0,115200n8
cpu=armv7
dfu_alt_info_emmc=rawemmc raw 0 3751936;boot part 1 1;rootfs part 1 2;MLO fat 1 1;MLO.raw raw 0x100 0x100;u-boot.img.raw raw 0x300 0x400;spl-os-args.raw raw 0x80 0x80;spl-os-image.raw raw 0x900 0x2000;spl-os-args fat 1 1;spl-os-image fat 1 1;u-boot.img fat 1 1;uEnv.txt fat 1 1
dfu_alt_info_mmc=boot part 0 1;rootfs part 0 2;MLO fat 0 1;MLO.raw raw 0x100 0x100;u-boot.img.raw raw 0x300 0x400;spl-os-args.raw raw 0x80 0x80;spl-os-image.raw raw 0x900 0x2000;spl-os-args fat 0 1;spl-os-image fat 0 1;u-boot.img fat 0 1;uEnv.txt fat 0 1
dfu_alt_info_ram=kernel ram 0x80200000 0x4000000;fdt ram 0x80f80000 0x80000;ramdisk ram 0x81000000 0x4000000
dfu_bufsiz=0x10000
eth1addr=08:00:28:01:f6:7f
ethact=cpsw
ethaddr=08:00:28:01:f6:7e
fdt_addr_r=0x88000000
fdtaddr=0x88000000
fdtfile=undefined
findfdt=if test $board_name = omap5_uevm; then setenv fdtfile omap5-uevm.dtb; fi; if test $board_name = dra7xx; then setenv fdtfile dra7-evm.dtb; fi;if test $board_name = dra72x; then setenv fdtfile dra72-evm.dtb; fi;if test $fdtfile = undefined; then echo WARNING: Could not determine device tree to use; fi; 
importbootenv=echo Importing environment from mmc${mmcdev} ...; env import -t ${loadaddr} ${filesize}
kernel_addr_r=0x82000000
loadaddr=0x82000000
loadbootenv=fatload mmc ${mmcdev} ${loadaddr} uEnv.txt
loadbootscript=fatload mmc ${mmcdev} ${loadaddr} boot.scr
loadfdt=load mmc ${bootpart} ${fdtaddr} ${bootdir}/${fdtfile};
loadimage=load mmc ${bootpart} ${loadaddr} ${bootdir}/${bootfile}
mmcargs=setenv bootargs console=${console} ${optargs} vram=${vram} root=${mmcroot} rootfstype=${mmcrootfstype}
mmcboot=mmc dev ${mmcdev}; if mmc rescan; then echo SD/MMC found on device ${mmcdev};if run loadbootenv; then echo Loaded environment from ${bootenv};run importbootenv;fi;if test -n $uenvcmd; then echo Running uenvcmd ...;run uenvcmd;fi;if run loadimage; then run loadfdt; echo Booting from mmc${mmcdev} ...; run mmcargs; bootz ${loadaddr} - ${fdtaddr}; fi;fi;
mmcdev=0
mmcroot=/dev/mmcblk1p2 rw
mmcrootfstype=ext4 rootwait
mtdids=nand0=nand.0
mtdparts=mtdparts=nand.0:128k(NAND.SPL),128k(NAND.SPL.backup1),128k(NAND.SPL.backup2),128k(NAND.SPL.backup3),256k(NAND.u-boot-spl-os),1m(NAND.u-boot),128k(NAND.u-boot-env),128k(NAND.u-boot-env.backup1),8m(NAND.kernel),-(NAND.file-system)
nandargs=setenv bootargs console=${console} ${optargs} root=${nandroot} rootfstype=${nandrootfstype}
nandboot=echo Booting from nand ...; run nandargs; nand read ${fdtaddr} NAND.u-boot-spl-os; nand read ${loadaddr} NAND.kernel; bootz ${loadaddr} - ${fdtaddr}
nandroot=ubi0:rootfs rw ubi.mtd=NAND.file-system,2048
nandrootfstype=ubifs rootwait=1
partitions=uuid_disk=${uuid_gpt_disk};name=rootfs,start=2MiB,size=-,uuid=${uuid_gpt_rootfs}
ramdisk_addr_r=0x88080000
rdaddr=0x88080000
scsidevs=0
serverip=192.168.1.254
soc=omap5
stderr=serial
stdin=serial
stdout=serial
usbtty=cdc_acm
vendor=ti
ver=U-Boot 2014.07-g705aec7 (Jan 09 2015 - 15:40:31)
vram=16M
Environment size: 3364/131067 bytes
U-Boot# 
- 05:45:00 [INFO] Host: printenv
- 05:45:00 [INFO] Target: 
printenv
arch=arm
autoload=no
baudrate=115200
board=dra7xx
board_name=dra72x
bootargs=console=ttyO0,115200n8 earlyprintk rootwait 
bootcmd=
bootdelay=1
bootdir=/boot
bootfile=zImage
bootm_size=0x10000000
bootpart=0:2
bootscript=echo Running bootscript from mmc${mmcdev} ...; source ${loadaddr}
console=ttyO0,115200n8
cpu=armv7
dfu_alt_info_emmc=rawemmc raw 0 3751936;boot part 1 1;rootfs part 1 2;MLO fat 1 1;MLO.raw raw 0x100 0x100;u-boot.img.raw raw 0x300 0x400;spl-os-args.raw raw 0x80 0x80;spl-os-image.raw raw 0x900 0x2000;spl-os-args fat 1 1;spl-os-image fat 1 1;u-boot.img fat 1 1;uEnv.txt fat 1 1
dfu_alt_info_mmc=boot part 0 1;rootfs part 0 2;MLO fat 0 1;MLO.raw raw 0x100 0x100;u-boot.img.raw raw 0x300 0x400;spl-os-args.raw raw 0x80 0x80;spl-os-image.raw raw 0x900 0x2000;spl-os-args fat 0 1;spl-os-image fat 0 1;u-boot.img fat 0 1;uEnv.txt fat 0 1
dfu_alt_info_ram=kernel ram 0x80200000 0x4000000;fdt ram 0x80f80000 0x80000;ramdisk ram 0x81000000 0x4000000
dfu_bufsiz=0x10000
eth1addr=08:00:28:01:f6:7f
ethact=cpsw
ethaddr=08:00:28:01:f6:7e
fdt_addr_r=0x88000000
fdtaddr=0x88000000
fdtfile=undefined
findfdt=if test $board_name = omap5_uevm; then setenv fdtfile omap5-uevm.dtb; fi; if test $board_name = dra7xx; then setenv fdtfile dra7-evm.dtb; fi;if test $board_name = dra72x; then setenv fdtfile dra72-evm.dtb; fi;if test $fdtfile = undefined; then echo WARNING: Could not determine device tree to use; fi; 
importbootenv=echo Importing environment from mmc${mmcdev} ...; env import -t ${loadaddr} ${filesize}
kernel_addr_r=0x82000000
loadaddr=0x82000000
loadbootenv=fatload mmc ${mmcdev} ${loadaddr} uEnv.txt
loadbootscript=fatload mmc ${mmcdev} ${loadaddr} boot.scr
loadfdt=load mmc ${bootpart} ${fdtaddr} ${bootdir}/${fdtfile};
loadimage=load mmc ${bootpart} ${loadaddr} ${bootdir}/${bootfile}
mmcargs=setenv bootargs console=${console} ${optargs} vram=${vram} root=${mmcroot} rootfstype=${mmcrootfstype}
mmcboot=mmc dev ${mmcdev}; if mmc rescan; then echo SD/MMC found on device ${mmcdev};if run loadbootenv; then echo Loaded environment from ${bootenv};run importbootenv;fi;if test -n $uenvcmd; then echo Running uenvcmd ...;run uenvcmd;fi;if run loadimage; then run loadfdt; echo Booting from mmc${mmcdev} ...; run mmcargs; bootz ${loadaddr} - ${fdtaddr}; fi;fi;
mmcdev=0
mmcroot=/dev/mmcblk1p2 rw
mmcrootfstype=ext4 rootwait
mtdids=nand0=nand.0
mtdparts=mtdparts=nand.0:128k(NAND.SPL),128k(NAND.SPL.backup1),128k(NAND.SPL.backup2),128k(NAND.SPL.backup3),256k(NAND.u-boot-spl-os),1m(NAND.u-boot),128k(NAND.u-boot-env),128k(NAND.u-boot-env.backup1),8m(NAND.kernel),-(NAND.file-system)
nandargs=setenv bootargs console=${console} ${optargs} root=${nandroot} rootfstype=${nandrootfstype}
nandboot=echo Booting from nand ...; run nandargs; nand read ${fdtaddr} NAND.u-boot-spl-os; nand read ${loadaddr} NAND.kernel; bootz ${loadaddr} - ${fdtaddr}
nandroot=ubi0:rootfs rw ubi.mtd=NAND.file-system,2048
nandrootfstype=ubifs rootwait=1
partitions=uuid_disk=${uuid_gpt_disk};name=rootfs,start=2MiB,size=-,uuid=${uuid_gpt_rootfs}
ramdisk_addr_r=0x88080000
rdaddr=0x88080000
scsidevs=0
serverip=192.168.1.254
soc=omap5
stderr=serial
stdin=serial
stdout=serial
usbtty=cdc_acm
vendor=ti
ver=U-Boot 2014.07-g705aec7 (Jan 09 2015 - 15:40:31)
vram=16M
Environment size: 3364/131067 bytes
U-Boot# 
- 05:45:00 [INFO] Host: setenv bootargs ''${bootargs}' ip=:::::eth0:dhcp '
- 05:45:01 [INFO] Target: 
setenv bootargs ''${bootargs}' ip=:::::eth0:dhcp '
U-Boot# 
- 05:45:01 [INFO] Host: setenv serverip '192.168.1.254'
- 05:45:01 [INFO] Target: 
setenv serverip '192.168.1.254'
U-Boot# 
- 05:45:01 [INFO] Host: setenv ipaddr dhcp
- 05:45:01 [INFO] Target: 
setenv ipaddr dhcp
U-Boot# 
- 05:45:01 [INFO] Host: setenv autoload 'no'
- 05:45:01 [INFO] Target: 
setenv autoload 'no'
U-Boot# 
- 05:45:01 [INFO] Host: dhcp
- 05:45:42 [INFO] Target: 
dhcp
cpsw Waiting for PHY auto negotiation to complete.. done
link up on port 1, speed 1000, full duplex
BOOTP broadcast 1
cpsw Waiting for PHY auto negotiation to complete...... done
BOOTP broadcast 2
cpsw Waiting for PHY auto negotiation to complete...... done
BOOTP broadcast 3
cpsw Waiting for PHY auto negotiation to complete...... done
BOOTP broadcast 4
cpsw Waiting for PHY auto negotiation to complete...... done
BOOTP broadcast 5
cpsw Waiting for PHY auto negotiation to complete...... done
BOOTP broadcast 6
cpsw Waiting for PHY auto negotiation to complete...... done
BOOTP broadcast 7
cpsw Waiting for PHY auto negotiation to complete....... done
BOOTP broadcast 8
cpsw Waiting for PHY auto negotiation to complete...... done
BOOTP broadcast 9
cpsw Waiting for PHY auto negotiation to complete....... done
BOOTP broadcast 10
DHCP client bound to address 192.168.1.160
U-Boot# 
- 05:45:42 [INFO] Host: setenv serverip '192.168.1.254'
- 05:45:42 [INFO] Target: 
setenv serverip '192.168.1.254'
U-Boot# 
- 05:45:42 [INFO] Host: tftp ${loadaddr} 192.168.1.254:vatf_dra72x-evm/859054a58ac02603ddadc15b1c6940a9
- 05:45:52 [INFO] Target: 
tftp ${loadaddr} 192.168.1.254:vatf_dra72x-evm/859054a58ac02603ddadc15b1c6940a9
link up on port 1, speed 1000, full duplex
Using cpsw device
TFTP from server 192.168.1.254; our IP address is 192.168.1.160
Filename 'vatf_dra72x-evm/859054a58ac02603ddadc15b1c6940a9'.
Load address: 0x82000000
Loading: *#################################################################
	 #################################################################
	 #################################################################
	 #################################################
	 351.6 KiB/s
done
Bytes transferred = 3572136 (3681a8 hex)
U-Boot# 
- 05:45:52 [INFO] Host: tftp ${fdt_addr_r} 192.168.1.254:vatf_dra72x-evm/572b33821c4bd262978f8f2755bb4438
- 05:45:53 [INFO] Target: 
tftp ${fdt_addr_r} 192.168.1.254:vatf_dra72x-evm/572b33821c4bd262978f8f2755bb4438
link up on port 1, speed 1000, full duplex
Using cpsw device
TFTP from server 192.168.1.254; our IP address is 192.168.1.160
Filename 'vatf_dra72x-evm/572b33821c4bd262978f8f2755bb4438'.
Load address: 0x88000000
Loading: *######
	 353.5 KiB/s
done
Bytes transferred = 76408 (12a78 hex)
U-Boot# 
- 05:45:53 [INFO] Host: ls mmc 0:1
- 05:45:53 [INFO] Target: 
ls mmc 0:1
    73592   mlo 
   432500   u-boot.img 
        4   ws-calibrate.rules 
3 file(s), 0 dir(s)
U-Boot# 
- 05:45:53 [INFO] Host: ls mmc 0:2
- 05:45:53 [INFO] Target: 
ls mmc 0:2
<DIR>       4096 .
<DIR>       4096 ..
<DIR>       4096 bin
<DIR>       4096 boot
<DIR>       4096 dev
<DIR>       4096 etc
<DIR>       4096 home
<DIR>       4096 lib
<DIR>       4096 media
<DIR>       4096 mnt
<DIR>       4096 opt
<DIR>       4096 proc
<DIR>       4096 run
<DIR>       4096 sbin
<DIR>       4096 srv
<DIR>       4096 sys
<SYM>          8 tmp
<DIR>       4096 usr
<DIR>       4096 var
<DIR>       4096 www
<DIR>       4096 test
U-Boot# 
- 05:45:53 [INFO] Host: part uuid mmc 0:2
- 05:45:53 [INFO] Target: 
part uuid mmc 0:2
00000000-02
U-Boot# 
- 05:45:53 [INFO] Host: printenv
- 05:45:54 [INFO] Target: 
printenv
arch=arm
autoload=no
baudrate=115200
board=dra7xx
board_name=dra72x
bootargs=console=ttyO0,115200n8 earlyprintk rootwait  ip=:::::eth0:dhcp 
bootcmd=
bootdelay=1
bootdir=/boot
bootfile=zImage
bootm_size=0x10000000
bootpart=0:2
bootscript=echo Running bootscript from mmc${mmcdev} ...; source ${loadaddr}
console=ttyO0,115200n8
cpu=armv7
dfu_alt_info_emmc=rawemmc raw 0 3751936;boot part 1 1;rootfs part 1 2;MLO fat 1 1;MLO.raw raw 0x100 0x100;u-boot.img.raw raw 0x300 0x400;spl-os-args.raw raw 0x80 0x80;spl-os-image.raw raw 0x900 0x2000;spl-os-args fat 1 1;spl-os-image fat 1 1;u-boot.img fat 1 1;uEnv.txt fat 1 1
dfu_alt_info_mmc=boot part 0 1;rootfs part 0 2;MLO fat 0 1;MLO.raw raw 0x100 0x100;u-boot.img.raw raw 0x300 0x400;spl-os-args.raw raw 0x80 0x80;spl-os-image.raw raw 0x900 0x2000;spl-os-args fat 0 1;spl-os-image fat 0 1;u-boot.img fat 0 1;uEnv.txt fat 0 1
dfu_alt_info_ram=kernel ram 0x80200000 0x4000000;fdt ram 0x80f80000 0x80000;ramdisk ram 0x81000000 0x4000000
dfu_bufsiz=0x10000
dnsip=192.0.2.2
dnsip2=192.0.2.3
eth1addr=08:00:28:01:f6:7f
ethact=cpsw
ethaddr=08:00:28:01:f6:7e
fdt_addr_r=0x88000000
fdtaddr=0x88000000
fdtfile=undefined
fileaddr=88000000
filesize=12a78
findfdt=if test $board_name = omap5_uevm; then setenv fdtfile omap5-uevm.dtb; fi; if test $board_name = dra7xx; then setenv fdtfile dra7-evm.dtb; fi;if test $board_name = dra72x; then setenv fdtfile dra72-evm.dtb; fi;if test $fdtfile = undefined; then echo WARNING: Could not determine device tree to use; fi; 
gatewayip=192.168.1.254
importbootenv=echo Importing environment from mmc${mmcdev} ...; env import -t ${loadaddr} ${filesize}
ipaddr=192.168.1.160
kernel_addr_r=0x82000000
loadaddr=0x82000000
loadbootenv=fatload mmc ${mmcdev} ${loadaddr} uEnv.txt
loadbootscript=fatload mmc ${mmcdev} ${loadaddr} boot.scr
loadfdt=load mmc ${bootpart} ${fdtaddr} ${bootdir}/${fdtfile};
loadimage=load mmc ${bootpart} ${loadaddr} ${bootdir}/${bootfile}
mmcargs=setenv bootargs console=${console} ${optargs} vram=${vram} root=${mmcroot} rootfstype=${mmcrootfstype}
mmcboot=mmc dev ${mmcdev}; if mmc rescan; then echo SD/MMC found on device ${mmcdev};if run loadbootenv; then echo Loaded environment from ${bootenv};run importbootenv;fi;if test -n $uenvcmd; then echo Running uenvcmd ...;run uenvcmd;fi;if run loadimage; then run loadfdt; echo Booting from mmc${mmcdev} ...; run mmcargs; bootz ${loadaddr} - ${fdtaddr}; fi;fi;
mmcdev=0
mmcroot=/dev/mmcblk1p2 rw
mmcrootfstype=ext4 rootwait
mtdids=nand0=nand.0
mtdparts=mtdparts=nand.0:128k(NAND.SPL),128k(NAND.SPL.backup1),128k(NAND.SPL.backup2),128k(NAND.SPL.backup3),256k(NAND.u-boot-spl-os),1m(NAND.u-boot),128k(NAND.u-boot-env),128k(NAND.u-boot-env.backup1),8m(NAND.kernel),-(NAND.file-system)
nandargs=setenv bootargs console=${console} ${optargs} root=${nandroot} rootfstype=${nandrootfstype}
nandboot=echo Booting from nand ...; run nandargs; nand read ${fdtaddr} NAND.u-boot-spl-os; nand read ${loadaddr} NAND.kernel; bootz ${loadaddr} - ${fdtaddr}
nandroot=ubi0:rootfs rw ubi.mtd=NAND.file-system,2048
nandrootfstype=ubifs rootwait=1
netmask=255.255.255.0
partitions=uuid_disk=${uuid_gpt_disk};name=rootfs,start=2MiB,size=-,uuid=${uuid_gpt_rootfs}
ramdisk_addr_r=0x88080000
rdaddr=0x88080000
scsidevs=0
serverip=192.168.1.254
soc=omap5
stderr=serial
stdin=serial
stdout=serial
usbtty=cdc_acm
vendor=ti
ver=U-Boot 2014.07-g705aec7 (Jan 09 2015 - 15:40:31)
vram=16M
Environment size: 3530/131067 bytes
U-Boot# 
- 05:45:54 [INFO] Host: setenv bootargs ''${bootargs}' root=PARTUUID=00000000-02 rw rootfstype=ext4 rootwait '
- 05:45:54 [INFO] Target: 
setenv bootargs ''${bootargs}' root=PARTUUID=00000000-02 rw rootfstype=ext4 rootwait '
U-Boot# 
- 05:45:54 [INFO] Host: printenv
- 05:45:54 [INFO] Target: 
printenv
arch=arm
autoload=no
baudrate=115200
board=dra7xx
board_name=dra72x
bootargs=console=ttyO0,115200n8 earlyprintk rootwait  ip=:::::eth0:dhcp  root=PARTUUID=00000000-02 rw rootfstype=ext4 rootwait 
bootcmd=
bootdelay=1
bootdir=/boot
bootfile=zImage
bootm_size=0x10000000
bootpart=0:2
bootscript=echo Running bootscript from mmc${mmcdev} ...; source ${loadaddr}
console=ttyO0,115200n8
cpu=armv7
dfu_alt_info_emmc=rawemmc raw 0 3751936;boot part 1 1;rootfs part 1 2;MLO fat 1 1;MLO.raw raw 0x100 0x100;u-boot.img.raw raw 0x300 0x400;spl-os-args.raw raw 0x80 0x80;spl-os-image.raw raw 0x900 0x2000;spl-os-args fat 1 1;spl-os-image fat 1 1;u-boot.img fat 1 1;uEnv.txt fat 1 1
dfu_alt_info_mmc=boot part 0 1;rootfs part 0 2;MLO fat 0 1;MLO.raw raw 0x100 0x100;u-boot.img.raw raw 0x300 0x400;spl-os-args.raw raw 0x80 0x80;spl-os-image.raw raw 0x900 0x2000;spl-os-args fat 0 1;spl-os-image fat 0 1;u-boot.img fat 0 1;uEnv.txt fat 0 1
dfu_alt_info_ram=kernel ram 0x80200000 0x4000000;fdt ram 0x80f80000 0x80000;ramdisk ram 0x81000000 0x4000000
dfu_bufsiz=0x10000
dnsip=192.0.2.2
dnsip2=192.0.2.3
eth1addr=08:00:28:01:f6:7f
ethact=cpsw
ethaddr=08:00:28:01:f6:7e
fdt_addr_r=0x88000000
fdtaddr=0x88000000
fdtfile=undefined
fileaddr=88000000
filesize=12a78
findfdt=if test $board_name = omap5_uevm; then setenv fdtfile omap5-uevm.dtb; fi; if test $board_name = dra7xx; then setenv fdtfile dra7-evm.dtb; fi;if test $board_name = dra72x; then setenv fdtfile dra72-evm.dtb; fi;if test $fdtfile = undefined; then echo WARNING: Could not determine device tree to use; fi; 
gatewayip=192.168.1.254
importbootenv=echo Importing environment from mmc${mmcdev} ...; env import -t ${loadaddr} ${filesize}
ipaddr=192.168.1.160
kernel_addr_r=0x82000000
loadaddr=0x82000000
loadbootenv=fatload mmc ${mmcdev} ${loadaddr} uEnv.txt
loadbootscript=fatload mmc ${mmcdev} ${loadaddr} boot.scr
loadfdt=load mmc ${bootpart} ${fdtaddr} ${bootdir}/${fdtfile};
loadimage=load mmc ${bootpart} ${loadaddr} ${bootdir}/${bootfile}
mmcargs=setenv bootargs console=${console} ${optargs} vram=${vram} root=${mmcroot} rootfstype=${mmcrootfstype}
mmcboot=mmc dev ${mmcdev}; if mmc rescan; then echo SD/MMC found on device ${mmcdev};if run loadbootenv; then echo Loaded environment from ${bootenv};run importbootenv;fi;if test -n $uenvcmd; then echo Running uenvcmd ...;run uenvcmd;fi;if run loadimage; then run loadfdt; echo Booting from mmc${mmcdev} ...; run mmcargs; bootz ${loadaddr} - ${fdtaddr}; fi;fi;
mmcdev=0
mmcroot=/dev/mmcblk1p2 rw
mmcrootfstype=ext4 rootwait
mtdids=nand0=nand.0
mtdparts=mtdparts=nand.0:128k(NAND.SPL),128k(NAND.SPL.backup1),128k(NAND.SPL.backup2),128k(NAND.SPL.backup3),256k(NAND.u-boot-spl-os),1m(NAND.u-boot),128k(NAND.u-boot-env),128k(NAND.u-boot-env.backup1),8m(NAND.kernel),-(NAND.file-system)
nandargs=setenv bootargs console=${console} ${optargs} root=${nandroot} rootfstype=${nandrootfstype}
nandboot=echo Booting from nand ...; run nandargs; nand read ${fdtaddr} NAND.u-boot-spl-os; nand read ${loadaddr} NAND.kernel; bootz ${loadaddr} - ${fdtaddr}
nandroot=ubi0:rootfs rw ubi.mtd=NAND.file-system,2048
nandrootfstype=ubifs rootwait=1
netmask=255.255.255.0
partitions=uuid_disk=${uuid_gpt_disk};name=rootfs,start=2MiB,size=-,uuid=${uuid_gpt_rootfs}
ramdisk_addr_r=0x88080000
rdaddr=0x88080000
scsidevs=0
serverip=192.168.1.254
soc=omap5
stderr=serial
stdin=serial
stdout=serial
usbtty=cdc_acm
vendor=ti
ver=U-Boot 2014.07-g705aec7 (Jan 09 2015 - 15:40:31)
vram=16M
Environment size: 3585/131067 bytes
U-Boot# 
- 05:45:54 [INFO] Host: setenv bootcmd ''${bootcmd}' if iminfo ${loadaddr}; then bootm ${loadaddr} - ${fdt_addr_r}; else bootz ${loadaddr} - ${fdt_addr_r}; bootm ${loadaddr} - ${fdt_addr_r}; fi'
- 05:45:54 [INFO] Target: 
setenv bootcmd ''${bootcmd}' if iminfo ${loadaddr}; then bootm ${loadaddr} - ${fdt_addr_r}; else bootz ${loadaddr} - ${fdt_addr_r}; bootm ${loadaddr} - ${fdt_addr_r}; fi'
U-Boot# 
- 05:45:54 [INFO] Host: version
- 05:45:54 [INFO] Target: 
version
U-Boot 2014.07-g705aec7 (Jan 09 2015 - 15:40:31)
arm-linux-gnueabihf-gcc (crosstool-NG linaro-1.13.1-4.7-2013.03-20130313 - Linaro GCC 2013.03) 4.7.3 20130226 (prerelease)
GNU ld (crosstool-NG linaro-1.13.1-4.7-2013.03-20130313 - Linaro GCC 2013.03) 2.23.1
U-Boot# 
- 05:45:54 [INFO] Host: bdinfo
- 05:45:54 [INFO] Target: 
bdinfo
arch_number = 0x00000000
boot_params = 0x80000100
DRAM bank   = 0x00000000
-> start    = 0x80000000
-> size     = 0x40000000
eth0name    = cpsw
ethaddr     = 08:00:28:01:f6:7e
current eth = cpsw
ip_addr     = 192.168.1.160
baudrate    = 115200 bps
TLB addr    = 0xBFFF0000
relocaddr   = 0xBF744000
reloc off   = 0x3EF44000
irq_sp      = 0xBE723EE0
sp start    = 0xBE723ED0
U-Boot# 
- 05:45:54 [INFO] Host: mmc rescan; echo $?
- 05:45:54 [INFO] Target: 
mmc rescan; echo $?
U-Boot# 
- 05:45:54 [INFO] Host: fatwrite mmc ${mmcdev}:1 ${loadaddr} ws-calibrate.rules 4
- 05:45:55 [INFO] Target: 
fatwrite mmc ${mmcdev}:1 ${loadaddr} ws-calibrate.rules 4
writing ws-calibrate.rules
4 bytes written
U-Boot# 
- 05:45:55 [INFO] Host: boot
- 05:48:25 [ERROR] On command: boot waiting for boot.+?(?-mix:.*\s+login) >>> error: execution expired
- 05:48:25 [INFO] Target: 
boot
## Checking Image at 82000000 ...
Unknown image format!
Kernel image @ 0x82000000 [ 0x000000 - 0x3681a8 ]
## Flattened Device Tree blob at 88000000
   Booting using the fdt blob at 0x88000000
   Loading Device Tree to 8ffea000, end 8ffffa77 ... OK
Starting kernel ...
[    0.000000] Booting Linux on physical CPU 0x0
[    0.000000] Initializing cgroup subsys cpuset
[    0.000000] Initializing cgroup subsys cpu
[    0.000000] Initializing cgroup subsys cpuacct
[    0.000000] Linux version 4.3.0-rc1-next-20150918-00002-g3377da53ceb1 (nmenon@kahuna) (gcc version 4.6.3 (Ubuntu/Linaro 4.6.3-1ubuntu5) ) #1 SMP Fri Sep 18 05:39:52 CDT 2015
[    0.000000] CPU: ARMv7 Processor [412fc0f2] revision 2 (ARMv7), cr=10c5387d
[    0.000000] CPU: PIPT / VIPT nonaliasing data cache, PIPT instruction cache
[    0.000000] Machine model: TI DRA722
[    0.000000] cma: Reserved 16 MiB at 0xbe800000
[    0.000000] Memory policy: Data cache writealloc
[    0.000000] DRA722 ES1.0
[    0.000000] PERCPU: Embedded 14 pages/cpu @ef693000 s25152 r8192 d24000 u57344
[    0.000000] Built 1 zonelists in Zone order, mobility grouping on.  Total pages: 259904
[    0.000000] Kernel command line: console=ttyO0,115200n8 earlyprintk rootwait  ip=:::::eth0:dhcp  root=PARTUUID=00000000-02 rw rootfstype=ext4 rootwait 
[    0.000000] PID hash table entries: 4096 (order: 2, 16384 bytes)
[    0.000000] Dentry cache hash table entries: 131072 (order: 7, 524288 bytes)
[    0.000000] Inode-cache hash table entries: 65536 (order: 6, 262144 bytes)
[    0.000000] Memory: 1001352K/1046528K available (6569K kernel code, 744K rwdata, 2224K rodata, 452K init, 8263K bss, 28792K reserved, 16384K cma-reserved, 243712K highmem)
[    0.000000] Virtual kernel memory layout:
[    0.000000]     vector  : 0xffff0000 - 0xffff1000   (   4 kB)
[    0.000000]     fixmap  : 0xffc00000 - 0xfff00000   (3072 kB)
[    0.000000]     vmalloc : 0xf0800000 - 0xff800000   ( 240 MB)
[    0.000000]     lowmem  : 0xc0000000 - 0xf0000000   ( 768 MB)
[    0.000000]     pkmap   : 0xbfe00000 - 0xc0000000   (   2 MB)
[    0.000000]     modules : 0xbf000000 - 0xbfe00000   (  14 MB)
[    0.000000]       .text : 0xc0008000 - 0xc089e858   (8795 kB)
[    0.000000]       .init : 0xc089f000 - 0xc0910000   ( 452 kB)
[    0.000000]       .data : 0xc0910000 - 0xc09ca298   ( 745 kB)
[    0.000000]        .bss : 0xc09cd000 - 0xc11def30   (8264 kB)
[    0.000000] Running RCU self tests
[    0.000000] Hierarchical RCU implementation.
[    0.000000] 	RCU lockdep checking is enabled.
[    0.000000] 	Build-time adjustment of leaf fanout to 32.
[    0.000000] 	RCU restricting CPUs from NR_CPUS=2 to nr_cpu_ids=1.
[    0.000000] RCU: Adjusting geometry for rcu_fanout_leaf=32, nr_cpu_ids=1
[    0.000000] NR_IRQS:16 nr_irqs:16 16
[    0.000000] OMAP clockevent source: timer1 at 32768 Hz
[    0.000000] clocksource: 32k_counter: mask: 0xffffffff max_cycles: 0xffffffff, max_idle_ns: 58327039986419 ns
[    0.000000] sched_clock: 32 bits at 32kHz, resolution 30517ns, wraps every 65535999984741ns
[    0.000030] OMAP clocksource: 32k_counter at 32768 Hz
[    0.000549] Architected cp15 timer(s) running at 6.14MHz (virt).
[    0.000549] clocksource: arch_sys_counter: mask: 0xffffffffffffff max_cycles: 0x16af5adb9, max_idle_ns: 440795202250 ns
[    0.000554] sched_clock: 56 bits at 6MHz, resolution 162ns, wraps every 4398046511023ns
[    0.000565] Switching to timer-based delay loop, resolution 162ns
[    0.001750] Console: colour dummy device 80x30
[    0.001784] Lock dependency validator: Copyright (c) 2006 Red Hat, Inc., Ingo Molnar
[    0.001792] ... MAX_LOCKDEP_SUBCLASSES:  8
[    0.001798] ... MAX_LOCK_DEPTH:          48
[    0.001806] ... MAX_LOCKDEP_KEYS:        8191
[    0.001812] ... CLASSHASH_SIZE:          4096
[    0.001819] ... MAX_LOCKDEP_ENTRIES:     32768
[    0.001825] ... MAX_LOCKDEP_CHAINS:      65536
[    0.001831] ... CHAINHASH_SIZE:          32768
[    0.001837]  memory used by lock dependency info: 5167 kB
[    0.001844]  per task-struct memory footprint: 1536 bytes
[    0.001862] Calibrating delay loop (skipped), value calculated using timer frequency.. 12.29 BogoMIPS (lpj=61475)
[    0.001875] pid_max: default: 32768 minimum: 301
[    0.002131] Security Framework initialized
[    0.002224] Mount-cache hash table entries: 2048 (order: 1, 8192 bytes)
[    0.002237] Mountpoint-cache hash table entries: 2048 (order: 1, 8192 bytes)
[    0.004426] Initializing cgroup subsys io
[    0.004505] Initializing cgroup subsys memory
[    0.004565] Initializing cgroup subsys devices
[    0.004623] Initializing cgroup subsys freezer
[    0.004711] Initializing cgroup subsys perf_event
[    0.004753] CPU: Testing write buffer coherency: ok
[    0.005724] /cpus/cpu@0 missing clock-frequency property
[    0.005737] CPU0: thread -1, cpu 0, socket 0, mpidr 80000000
[    0.005791] Setting up static identity map for 0x80008280 - 0x800082f0
[    0.008631] Brought up 1 CPUs
[    0.008642] SMP: Total of 1 processors activated (12.29 BogoMIPS).
[    0.008649] CPU: All CPU(s) started in SVC mode.
[    0.011367] devtmpfs: initialized
[    0.070481] VFP support v0.3: implementor 41 architecture 4 part 30 variant f rev 0
[    0.072201] omap_hwmod: l3_main_2 using broken dt data from ocp
[    0.299704] clocksource: jiffies: mask: 0xffffffff max_cycles: 0xffffffff, max_idle_ns: 19112604462750000 ns
[    0.300794] pinctrl core: initialized pinctrl subsystem
[    0.304504] NET: Registered protocol family 16
[    0.308074] DMA: preallocated 256 KiB pool for atomic coherent allocations
[    0.309364] cpuidle: using governor ladder
[    0.309384] cpuidle: using governor menu
[    0.320754] OMAP GPIO hardware version 0.1
[    0.348859] omap-gpmc 50000000.gpmc: could not find pctldev for node /ocp/l4@4a000000/scm@2000/pinmux@1400/nand_default, deferring probe
[    0.355554] No ATAGs?
[    0.355596] hw-breakpoint: found 5 (+1 reserved) breakpoint and 4 watchpoint registers.
[    0.355605] hw-breakpoint: maximum watchpoint size is 8 bytes.
[    0.356690] omap4_sram_init:Unable to allocate sram needed to handle errata I688
[    0.356700] omap4_sram_init:Unable to get sram pool needed to handle errata I688
[    0.358102] OMAP DMA hardware revision 0.0
[    0.384816] omap-dma-engine 4a056000.dma-controller: OMAP DMA engine driver
[    0.388995] SCSI subsystem initialized
[    0.390201] omap_i2c 48070000.i2c: could not find pctldev for node /ocp/l4@4a000000/scm@2000/pinmux@1400/pinmux_i2c1_pins, deferring probe
[    0.390265] omap_i2c 4807c000.i2c: could not find pctldev for node /ocp/l4@4a000000/scm@2000/pinmux@1400/pinmux_i2c5_pins, deferring probe
[    0.390479] pps_core: LinuxPPS API ver. 1 registered
[    0.390487] pps_core: Software ver. 5.3.6 - Copyright 2005-2007 Rodolfo Giometti <giometti@linux.it>
[    0.390528] PTP clock support registered
[    0.393278] clocksource: Switched to clocksource arch_sys_counter
[    0.498312] NET: Registered protocol family 2
[    0.499598] TCP established hash table entries: 8192 (order: 3, 32768 bytes)
[    0.499727] TCP bind hash table entries: 8192 (order: 6, 294912 bytes)
[    0.502032] TCP: Hash tables configured (established 8192 bind 8192)
[    0.502182] UDP hash table entries: 512 (order: 3, 40960 bytes)
[    0.502497] UDP-Lite hash table entries: 512 (order: 3, 40960 bytes)
[    0.503419] NET: Registered protocol family 1
[    0.504462] RPC: Registered named UNIX socket transport module.
[    0.504473] RPC: Registered udp transport module.
[    0.504481] RPC: Registered tcp transport module.
[    0.504490] RPC: Registered tcp NFSv4.1 backchannel transport module.
[    0.506429] hw perfevents: enabled with armv7_cortex_a15 PMU driver, 7 counters available
[    0.509981] futex hash table entries: 256 (order: 2, 16384 bytes)
[    0.510164] audit: initializing netlink subsys (disabled)
[    0.510290] audit: type=2000 audit(0.499:1): initialized
[    0.513052] VFS: Disk quotas dquot_6.6.0
[    0.513282] VFS: Dquot-cache hash table entries: 1024 (order 0, 4096 bytes)
[    0.514714] NFS: Registering the id_resolver key type
[    0.514945] Key type id_resolver registered
[    0.514955] Key type id_legacy registered
[    0.515073] jffs2: version 2.2. (NAND) (SUMMARY)   2001-2006 Red Hat, Inc.
[    0.518834] bounce: pool size: 64 pages
[    0.518895] io scheduler noop registered
[    0.518912] io scheduler deadline registered
[    0.518947] io scheduler cfq registered (default)
[    0.525633] pinctrl-single 4a003400.pinmux: 282 pins at pa fc003400 size 1128
[    0.531569] Serial: 8250/16550 driver, 4 ports, IRQ sharing enabled
[    0.535899] omap_uart 4806a000.serial: no wakeirq for uart0
[    0.536213] 4806a000.serial: ttyO0 at MMIO 0x4806a000 (irq = 296, base_baud = 3000000) is a OMAP UART0
[    1.322085] console [ttyO0] enabled
[    1.351000] brd: module loaded
[    1.368551] loop: module loaded
[    1.374090] ahci 4a140000.sata: SSS flag set, parallel bus scan disabled
[    1.381105] ahci 4a140000.sata: AHCI 0001.0300 32 slots 1 ports 3 Gbps 0x1 impl platform mode
[    1.390044] ahci 4a140000.sata: flags: 64bit ncq sntf stag pm led clo only pmp pio slum part ccc apst 
[    1.402271] scsi host0: ahci
[    1.406192] ata1: SATA max UDMA/133 mmio [mem 0x4a140000-0x4a1410ff] port 0x100 irq 314
[    1.415308] mtdoops: mtd device (mtddev=name/number) must be supplied
[    1.428330] mousedev: PS/2 mouse device common for all mice
[    1.434193] i2c /dev entries driver
[    1.439139] omap_hsmmc 4809c000.mmc: Got CD GPIO
[    1.483510] ledtrig-cpu: registered to indicate activity on CPUs
[    1.491429] oprofile: using timer interrupt.
[    1.496335] Initializing XFRM netlink socket
[    1.501034] NET: Registered protocol family 10
[    1.508007] sit: IPv6 over IPv4 tunneling driver
[    1.514383] NET: Registered protocol family 17
[    1.519074] NET: Registered protocol family 15
[    1.523946] Key type dns_resolver registered
[    1.528555] omap_voltage_late_init: Voltage driver support not added
[    1.535232] sr_dev_init: Unable to get voltage domain pointer for VDD core
[    1.542416] sr_dev_init: Unable to get voltage domain pointer for VDD mpu
[    1.550169] Power Management for TI OMAP4+ devices.
[    1.555622] ThumbEE CPU extension supported.
[    1.560116] Registering SWP/SWPB emulation handler
[    1.565161] SmartReflex Class3 initialized
[    1.576533] omap-gpmc 50000000.gpmc: GPMC revision 6.0
[    1.581999] gpmc_mem_init: disabling cs 0 mapped at 0x0-0x1000000
[    1.589438] nand: No NAND device found
[    1.593390] omap2-nand omap2-nand.0: scan failed, may be bus-width mismatch
[    1.604272] palmas 0-0058: Irq flag is 0x00000000
[    1.626084] palmas 0-0058: Muxing GPIO 1d, PWM 0, LED 0
[    1.648012] mmc0: MAN_BKOPS_EN bit is not set
[    1.656700] mmc0: new high speed MMC card at address 0001
[    1.664781] mmcblk0: mmc0:0001 MMC08G 7.25 GiB 
[    1.670714] mmcblk0boot0: mmc0:0001 MMC08G partition 1 8.00 MiB
[    1.677603] mmcblk0boot1: mmc0:0001 MMC08G partition 2 8.00 MiB
[    1.689272] GPIO line 500 (cpsw_sel_s0) hogged as output/low
[    1.699814] pcf857x 0-0021: probed
[    1.703489] omap_i2c 48070000.i2c: bus 0 rev0.12 at 400 kHz
[    1.743738] pcf857x 4-0026: probed
[    1.747347] omap_i2c 4807c000.i2c: bus 4 rev0.12 at 400 kHz
[    1.753753] omap_hsmmc 4809c000.mmc: Got CD GPIO
[    1.761039] omap_hsmmc 4809c000.mmc: Got CD GPIO
[    1.766962] ata1: SATA link down (SStatus 0 SControl 300)
[    1.883267] davinci_mdio 48485000.mdio: davinci mdio revision 1.6
[    1.889672] davinci_mdio 48485000.mdio: detected phy mask fffffff7
[    1.899654] libphy: 48485000.mdio: probed
[    1.903893] davinci_mdio 48485000.mdio: phy[3]: device 48485000.mdio:03, driver unknown
[    1.913105] cpsw 48484000.ethernet: Detected MACID = 08:00:28:01:f6:7e
[    1.922282] hctosys: unable to open rtc device (rtc0)
[    1.927608] sr_init: No PMIC hook to init smartreflex
[    1.933103] sr_init: platform driver register failed for SR
[    1.986756] net eth0: initializing cpsw version 1.15 (0)
[    2.045217] mmc1: host does not support reading read-only switch, assuming write-enable
[    2.057582] mmc1: new high speed SD card at address e624
[    2.064231] mmcblk1: mmc1:e624 SU02G 1.84 GiB 
[    2.076954] net eth0: phy found : id is : 0x20005c7a
[    2.084914]  mmcblk1: p1 p2 p3
[    2.095198] IPv6: ADDRCONF(NETDEV_UP): eth0: link is not ready
[   10.080308] cpsw 48484000.ethernet eth0: Link is Up - 1Gbps/Full - flow control rx/tx
[   10.093272] IPv6: ADDRCONF(NETDEV_CHANGE): eth0: link becomes ready
[   10.113228] Sending DHCP requests .
[   10.119439] Unable to handle kernel paging request at virtual address 00004308
[   10.127205] pgd = c0004000
[   10.130040] [00004308] *pgd=00000000
[   10.133810] Internal error: Oops: 5 [#1] SMP ARM
[   10.138647] Modules linked in:
[   10.141854] CPU: 0 PID: 0 Comm: swapper/0 Not tainted 4.3.0-rc1-next-20150918-00002-g3377da53ceb1 #1
[   10.151419] Hardware name: Generic DRA72X (Flattened Device Tree)
[   10.157798] task: c09165b8 ti: c0910000 task.ti: c0910000
[   10.163460] PC is at ip_route_input_noref+0x608/0xe94
[   10.168757] LR is at trace_hardirqs_on_caller+0xb0/0x1e8
[   10.174322] pc : [<c0530994>]    lr : [<c0091344>]    psr: 20000113
[   10.174322] sp : c0911c08  ip : 2ed8a000  fp : 00000010
[   10.186351] r10: 00000000  r9 : c09b7480  r8 : eee55000
[   10.191824] r7 : ffffff8f  r6 : eeec5e40  r5 : 00000000  r4 : eee7d4c0
[   10.198664] r3 : 00004300  r2 : 00000001  r1 : 0000000a  r0 : eeec5e40
[   10.205503] Flags: nzCv  IRQs on  FIQs on  Mode SVC_32  ISA ARM  Segment none
[   10.212977] Control: 10c5387d  Table: 8000406a  DAC: 00000051
[   10.218999] Process swapper/0 (pid: 0, stack limit = 0xc0910218)
[   10.225291] Stack: (0xc0911c08 to 0xc0912000)
[   10.229860] 1c00:                   00000000 00000000 c05304ec c056a964 00000000 00000010
[   10.238433] 1c20: eee3f000 c09c76df 00000000 00000003 00000000 00000010 000003a3 000048a8
[   10.247002] 1c40: 00000000 00000000 fe01a8c0 a001a8c0 00000000 00000000 c056a964 00070000
[   10.255576] 1c60: 00000001 00000000 00004300 c0951ccc 00000000 eee7d4c0 c0535bec eee8b850
[   10.264148] 1c80: c0697044 eee7d4c0 c09c7717 eee7d4c0 c04fa16c c0535bec c091358c c0534b04
[   10.272717] 1ca0: eee55000 c04fa16c 00000000 c09c7ce8 00000001 60000113 00000001 00000050
[   10.281284] 1cc0: eee8b800 00000000 ff7f2160 eee7d4c0 c04fa16c eee55000 c091358c c0535bec
[   10.289859] 1ce0: 00000001 00000000 c04fa16c c0091344 ee800140 eeeba1c0 ff7f2284 c015ccc8
[   10.298429] 1d00: 00000000 00000000 eee8b850 c09bd408 eee8b998 c08fee94 eee8b989 c08e7c6c
[   10.306994] 1d20: 00000000 fe01a8c0 00000001 eee7d4c0 eee55000 eee7d4c0 c0915058 00000008
[   10.315562] 1d40: eee5505c c0911d8c eee55000 c04fa16c 00000000 00000000 00000000 00000002
[   10.324133] 1d60: 60000113 eee7d4c0 00000000 c0090920 00000000 00000000 00000000 c04ff590
[   10.332707] 1d80: 00000000 eeeba100 00000020 eee5505c 00000001 c091408c eee7d4c0 c09c7643
[   10.341283] 1da0: eee55600 00000156 ffff8ec5 00010000 c090f040 c04ff5e8 00000000 00000000
[   10.349864] 1dc0: c04ff590 00000000 00000700 60000113 eebaf900 c04f1c00 eee7d4c0 eeeba100
[   10.358439] 1de0: eeeba100 eee55000 eee7d4c0 c0486f50 80000113 eee7cf78 fa486000 eee504d0
[   10.367005] 1e00: eee7cf50 eee7d4c0 00000156 c048241c 00000000 c0091344 20000113 00010000
[   10.375581] 1e20: eee504d0 fa486000 00000156 eee504f0 eee7cf50 c048250c 00000001 eee504d0
[   10.384157] 1e40: 00000000 00000040 0000012c ef699040 c0911e88 c048258c eee55628 eee55628
[   10.392731] 1e60: 00000040 c0487710 eee55628 00000001 00000040 c05000c4 c0911e90 2ed8a000
[   10.401305] 1e80: ef699040 c090f040 c0911e88 c0911e88 c0911e90 c0911e90 ee814000 c091208c
[   10.409872] 1ea0: 00000008 00000000 00000003 0000000c 00000004 ee814000 c09c7a2c c0042cc4
[   10.418436] 1ec0: ee9e9164 00000001 00000001 00000100 0000000a ffff8ec4 00200000 00000001
[   10.427007] 1ee0: c090b8a0 c091358c c090b8a0 00000000 00000000 00000141 c09129f0 ee814000
[   10.435577] 1f00: c090da98 c004329c c091358c c009b43c c0911f50 fa212000 c09137d8 c0911f50
[   10.444147] 1f20: c0988208 fa21200c fa213000 c0009510 c09165b8 c001019c 20000013 ffffffff
[   10.452723] 1f40: c0911f84 c08eea48 c0912988 c063adb8 00000001 00000001 00000000 c09165b8
[   10.461298] 1f60: c09129e8 00000000 c09c801c 00000000 c08eea48 c09129f0 c0912988 c090da98
[   10.469875] 1f80: 00000000 c0911fa0 c0091394 c001019c 20000013 ffffffff 00000051 c0010198
[   10.478447] 1fa0: 00000000 c008427c c0633e78 c09094e4 00000001 c09cd000 00000000 c089fc20
[   10.487016] 1fc0: ffffffff ffffffff 00000000 c089f668 00000000 c08eea48 00000000 c09cd214
[   10.495583] 1fe0: c091296c c08eea44 c0918188 8000406a 00000000 8000807c 00000000 00000000
[   10.504162] [<c0530994>] (ip_route_input_noref) from [<c0534b04>] (ip_rcv_finish+0x16c/0x664)
[   10.513096] [<c0534b04>] (ip_rcv_finish) from [<c0535bec>] (ip_rcv+0x488/0x6f4)
[   10.520759] [<c0535bec>] (ip_rcv) from [<c04fa16c>] (__netif_receive_skb_core+0x468/0x964)
[   10.529424] [<c04fa16c>] (__netif_receive_skb_core) from [<c04ff5e8>] (netif_receive_skb_internal+0x74/0x1e4)
[   10.539825] [<c04ff5e8>] (netif_receive_skb_internal) from [<c0486f50>] (cpsw_rx_handler+0xb8/0x1ec)
[   10.549395] [<c0486f50>] (cpsw_rx_handler) from [<c048241c>] (__cpdma_chan_free+0x90/0xa0)
[   10.558055] [<c048241c>] (__cpdma_chan_free) from [<c048250c>] (__cpdma_chan_process+0xe0/0x120)
[   10.567263] [<c048250c>] (__cpdma_chan_process) from [<c048258c>] (cpdma_chan_process+0x40/0x50)
[   10.576481] [<c048258c>] (cpdma_chan_process) from [<c0487710>] (cpsw_rx_poll+0x14/0x98)
[   10.584969] [<c0487710>] (cpsw_rx_poll) from [<c05000c4>] (net_rx_action+0x120/0x350)
[   10.593171] [<c05000c4>] (net_rx_action) from [<c0042cc4>] (__do_softirq+0xd0/0x384)
[   10.601288] [<c0042cc4>] (__do_softirq) from [<c004329c>] (irq_exit+0xbc/0x130)
[   10.608956] [<c004329c>] (irq_exit) from [<c009b43c>] (__handle_domain_irq+0x6c/0xd8)
[   10.617162] [<c009b43c>] (__handle_domain_irq) from [<c0009510>] (gic_handle_irq+0x40/0x8c)
[   10.625912] [<c0009510>] (gic_handle_irq) from [<c063adb8>] (__irq_svc+0x58/0x78)
[   10.633750] Exception stack(0xc0911f50 to 0xc0911f98)
[   10.639041] 1f40:                                     00000001 00000001 00000000 c09165b8
[   10.647615] 1f60: c09129e8 00000000 c09c801c 00000000 c08eea48 c09129f0 c0912988 c090da98
[   10.656182] 1f80: 00000000 c0911fa0 c0091394 c001019c 20000013 ffffffff
[   10.663120] [<c063adb8>] (__irq_svc) from [<c001019c>] (arch_cpu_idle+0x20/0x3c)
[   10.670872] [<c001019c>] (arch_cpu_idle) from [<c008427c>] (cpu_startup_entry+0x244/0x390)
[   10.679527] [<c008427c>] (cpu_startup_entry) from [<c089fc20>] (start_kernel+0x38c/0x404)
[   10.688098] [<c089fc20>] (start_kernel) from [<8000807c>] (0x8000807c)
[   10.694943] Code: e3530000 e586202c e3a02001 e5c6205e (15933008) 
[   10.701352] ---[ end trace ce83474a0d0c9b5f ]---
[   10.706202] Kernel panic - not syncing: Fatal exception in interrupt
[   10.712868] ---[ end Kernel panic - not syncing: Fatal exception in interrupt
- 05:48:25 [INFO] Boot attempt 1/1 failed
URL:gtsystest.telogy.design.ti.com/vatf/tidfarm-01.dal.design.ti.com/tidfarm-01.dal.design.ti.com_vatf@dra72x-evm/tidfarm-01.dal.design.ti.com09_18_2015_05_44_11/files/session_iteration_1/test_1
