- 01:36:13 [INFO] Starting target session
- 01:36:13 [INFO] Connected to dra72x-evm via serial 
- 01:36:13 [INFO] Host: #check prompt
- 01:36:16 [ERROR] On command: #check prompt waiting for #check prompt.+?(?-mix:((?-mix:login:)|[Pp]assword)) >>> error: execution expired
- 01:36:16 [INFO] Target: 
- 01:36:16 [INFO] Host: #check prompt
- 01:36:18 [ERROR] On command: #check prompt waiting for #check prompt.+?(?-mix:root@.+[@:#]+) >>> error: execution expired
- 01:36:18 [INFO] Target: 
- 01:36:18 [INFO] Host: #check prompt
- 01:36:20 [ERROR] On command: #check prompt waiting for #check prompt.+?(?-mix:root@.+[@:#]+) >>> error: execution expired
- 01:36:20 [INFO] Target: 
- 01:36:20 [INFO] Host: #check prompt
- 01:36:22 [ERROR] On command: #check prompt waiting for #check prompt.+?(?-mix:root@.+[@:#]+) >>> error: execution expired
- 01:36:22 [INFO] Target: 
- 01:36:22 [INFO] Disconnected serial from dra72x-evm
- 01:36:23 [INFO] Connected to dra72x-evm via serial 
- 01:36:23 [INFO] Host: 
- 01:36:24 [INFO] Target: 
U-Boot SPL 2016.05-gbbfdf926a1 (Oct 06 2016 - 22:17:40)
DRA722-GP ES2.0
Trying to boot from MMC1
reading args
spl_load_image_fat_os: error reading image args, err - -1
reading u-boot.img
reading u-boot.img
reading u-boot.img
reading u-boot.img
U-Boot 2016.05-gbbfdf926a1 (Oct 06 2016 - 22:17:40 -0400)
CPU  : DRA722-GP ES2.0
Model: TI DRA722 Rev C EVM
Board: DRA72x EVM REV C.1
DRAM:  2 GiB
MMC:   OMAP SD/MMC: 0, OMAP SD/MMC: 1
SCSI:  Target spinup took 0 ms.
AHCI 0001.0300 32 slots 1 ports 3 Gbps 0x1 impl SATA mode
flags: 64bit ncq stag pm led clo only pmp pio slum part ccc apst 
scanning bus for devices...
  Device 0: (0:0) Vendor: ATA Prod.: ST1000DM003-1SB1 Rev: CC43
            Type: Hard Disk
            Capacity: 953869.7 MB = 931.5 GB (1953525168 x 512)
Found 1 device(s).
Net:   
Warning: ethernet@48484000 using MAC address from ROM
eth0: ethernet@48484000
Hit any key to stop autoboot:  2  0 
=>  
=>  
=>  
=>  
=>  
- 01:36:24 [INFO] Host: 
- 01:36:24 [INFO] Target: 
- 01:36:24 [INFO] Host: version
- 01:36:25 [INFO] Target: 
version
U-Boot 2016.05-gbbfdf926a1 (Oct 06 2016 - 22:17:40 -0400)
arm-linux-gnueabihf-gcc (Linaro GCC 5.3-2016.02) 5.3.1 20160113
GNU ld (GNU Binutils) 2.25.0 Linaro 2015_10
- 01:36:25 [INFO] Host: setenv bootargs 'console=ttyO0,115200n8 earlyprintk=serial,ttyO0,115200n8 rootwait '
- 01:36:25 [INFO] Target: 
setenv bootargs 'console=ttyO0,115200n8 earlyprintk=serial,ttyO0,115200n8 rootwait '
- 01:36:25 [INFO] Host: setenv bootcmd  ''
- 01:36:25 [INFO] Target: 
setenv bootcmd  ''
- 01:36:25 [INFO] Host: setenv autoload 'no'
- 01:36:25 [INFO] Target: 
setenv autoload 'no'
- 01:36:25 [INFO] Host: setenv serverip '192.168.0.1'
- 01:36:25 [INFO] Target: 
setenv serverip '192.168.0.1'
- 01:36:25 [INFO] Host: setenv _initramfs -
- 01:36:25 [INFO] Target: 
setenv _initramfs -
- 01:36:25 [INFO] Host: printenv
- 01:36:26 [INFO] Target: 
printenv
_initramfs=-
arch=arm
args_fit=setenv bootargs console=${console} 
args_mmc=run finduuid;setenv bootargs console=${console} ${optargs} root=PARTUUID=${uuid} rw rootfstype=${mmcrootfstype}
autoload=no
baudrate=115200
board=dra7xx
board_name=dra72x-revc
board_rev=C.1
boot_fdt=try
boot_fit=0
bootargs=console=ttyO0,115200n8 earlyprintk=serial,ttyO0,115200n8 rootwait 
bootcmd=
bootdelay=2
bootdir=/boot
bootenvfile=uEnv.txt
bootfile=zImage
bootm_size=0x10000000
bootpart=0:2
bootscript=echo Running bootscript from mmc${mmcdev} ...; source ${loadaddr}
console=ttyO0,115200n8
cpu=armv7
dfu_alt_info_emmc=rawemmc raw 0 3751936;boot part 1 1;rootfs part 1 2;MLO fat 1 1;MLO.raw raw 0x100 0x100;u-boot.img.raw raw 0x300 0x400;spl-os-args.raw raw 0x80 0x80;spl-os-image.raw raw 0x900 0x2000;spl-os-args fat 1 1;spl-os-image fat 1 1;u-boot.img fat 1 1;uEnv.txt fat 1 1
dfu_alt_info_mmc=boot part 0 1;rootfs part 0 2;MLO fat 0 1;MLO.raw raw 0x100 0x100;u-boot.img.raw raw 0x300 0x400;spl-os-args.raw raw 0x80 0x80;spl-os-image.raw raw 0x900 0x2000;spl-os-args fat 0 1;spl-os-image fat 0 1;u-boot.img fat 0 1;uEnv.txt fat 0 1
dfu_alt_info_qspi=MLO raw 0x0 0x040000;u-boot.img raw 0x040000 0x0100000;u-boot-spl-os raw 0x140000 0x080000;u-boot-env raw 0x1C0000 0x010000;u-boot-env.backup raw 0x1D0000 0x010000;kernel raw 0x1E0000 0x800000
dfu_alt_info_ram=kernel ram 0x80200000 0x4000000;fdt ram 0x80f80000 0x80000;ramdisk ram 0x81000000 0x4000000
dfu_bufsiz=0x10000
dofastboot=0
envboot=mmc dev ${mmcdev}; if mmc rescan; then echo SD/MMC found on device ${mmcdev};if run loadbootscript; then run bootscript;else if run loadbootenv; then echo Loaded env from ${bootenvfile};run importbootenv;fi;if test -n $uenvcmd; then echo Running uenvcmd ...;run uenvcmd;fi;fi;fi;
ethaddr=5c:f8:21:14:54:c8
fdt_addr_r=0x88000000
fdtaddr=0x88000000
fdtcontroladdr=fdf111d8
fdtfile=undefined
findfdt=if test $board_name = omap5_uevm; then setenv fdtfile omap5-uevm.dtb; fi; if test $board_name = dra7xx; then setenv fdtfile dra7-evm.dtb; fi;if test $board_name = dra72x-revc; then setenv fdtfile dra72-evm-revc.dtb; fi;if test $board_name = dra72x; then setenv fdtfile dra72-evm.dtb; fi;if test $board_name = dra71x; then setenv fdtfile dra71-evm.dtb; fi;if test $board_name = beagle_x15; then setenv fdtfile am57xx-beagle-x15.dtb; fi;if test $board_name = beagle_x15_revb1; then setenv fdtfile am57xx-beagle-x15-revb1.dtb; fi;if test $board_name = am57xx_evm; then setenv fdtfile am57xx-evm.dtb; fi;if test $board_name = am57xx_evm_reva3; then setenv fdtfile am57xx-evm-reva3.dtb; fi;if test $board_name = am572x_idk && test $idk_lcd = no; then setenv fdtfile am572x-idk.dtb; fi;if test $board_name = am572x_idk && test $idk_lcd = osd101t2045; then setenv fdtfile am572x-idk-lcd-osd.dtb; fi;if test $board_name = am572x_idk && test $idk_lcd = osd101t2587; then setenv fdtfile am572x-idk-lcd-osd101t2587.dtb; fi;if test $board_name = am571x_idk && test $idk_lcd = no; then setenv fdtfile am571x-idk.dtb; fi;if test $board_name = am571x_idk && test $idk_lcd = osd101t2045; then setenv fdtfile am571x-idk-lcd-osd.dtb; fi;if test $board_name = am571x_idk && test $idk_lcd = osd101t2587; then setenv fdtfile am571x-idk-lcd-osd101t2587.dtb; fi;if test $fdtfile = undefined; then echo WARNING: Could not determine device tree to use; fi; 
finduuid=part uuid mmc ${bootpart} uuid
fit_bootfile=fitImage.itb
fit_loadaddr=0x88000000
importbootenv=echo Importing environment from mmc${mmcdev} ...; env import -t ${loadaddr} ${filesize}
kernel_addr_r=0x82000000
loadaddr=0x82000000
loadbootenv=fatload mmc ${mmcdev} ${loadaddr} ${bootenvfile}
loadbootscript=load mmc ${mmcdev} ${loadaddr} boot.scr
loadfdt=load ${devtype} ${bootpart} ${fdtaddr} ${bootdir}/${fdtfile}
loadfit=run args_fit; bootm ${loadaddr}:kernel@1 ${loadaddr}:ramdisk@1 ${loadaddr}:${fdtfile};
loadimage=load ${devtype} ${bootpart} ${loadaddr} ${bootdir}/${bootfile}
mmcboot=mmc dev ${mmcdev}; setenv devnum ${mmcdev}; setenv devtype mmc; if mmc rescan; then echo SD/MMC found on device ${mmcdev};if run loadimage; then if test ${boot_fit} -eq 1; then run loadfit; else run mmcloados;fi;fi;fi;
mmcdev=0
mmcloados=run args_mmc; if test ${boot_fdt} = yes || test ${boot_fdt} = try; then if run loadfdt; then bootz ${loadaddr} - ${fdtaddr}; else if test ${boot_fdt} = try; then bootz; else echo WARN: Cannot load the DT; fi; fi; else bootz; fi;
mmcrootfstype=ext4 rootwait
netargs=setenv bootargs console=${console} ${optargs} root=/dev/nfs nfsroot=${serverip}:${rootpath},${nfsopts} rw ip=dhcp
netboot=echo Booting from network ...; setenv autoload no; dhcp; run netloadimage; run netloadfdt; run netargs; bootz ${loadaddr} - ${fdtaddr}
netloadfdt=tftp ${fdtaddr} ${fdtfile}
netloadimage=tftp ${loadaddr} ${bootfile}
nfsopts=nolock
partitions=uuid_disk=${uuid_gpt_disk};name=rootfs,start=2MiB,size=-,uuid=${uuid_gpt_rootfs}
partitions_android=uuid_disk=${uuid_gpt_disk};name=xloader,start=128K,size=128K,uuid=${uuid_gpt_xloader};name=bootloader,size=384K,uuid=${uuid_gpt_bootloader};name=environment,size=128K,uuid=${uuid_gpt_environment};name=misc,size=128K,uuid=${uuid_gpt_misc};name=efs,start=1280K,size=16M,uuid=${uuid_gpt_efs};name=crypto,size=16K,uuid=${uuid_gpt_crypto};name=recovery,size=10M,uuid=${uuid_gpt_recovery};name=boot,size=10M,uuid=${uuid_gpt_boot};name=system,size=768M,uuid=${uuid_gpt_system};name=cache,size=256M,uuid=${uuid_gpt_cache};name=ipu1,size=1M,uuid=${uuid_gpt_ipu1};name=ipu2,size=1M,uuid=${uuid_gpt_ipu2};name=userdata,size=-,uuid=${uuid_gpt_userdata}
pxefile_addr_r=0x80100000
ramdisk_addr_r=0x88080000
rdaddr=0x88080000
rootpath=/export/rootfs
scriptaddr=0x80000000
scsidevs=1
serial#=0501101f6f3e0001
serverip=192.168.0.1
soc=omap5
static_ip=${ipaddr}:${serverip}:${gatewayip}:${netmask}:${hostname}::off
stderr=serial@4806a000
stdin=serial@4806a000
stdout=serial@4806a000
update_to_fit=setenv loadaddr ${fit_loadaddr}; setenv bootfile ${fit_bootfile}
usbtty=cdc_acm
vendor=ti
ver=U-Boot 2016.05-gbbfdf926a1 (Oct 06 2016 - 22:17:40 -0400)
vram=16M
Environment size: 6161/131067 bytes
- 01:36:26 [INFO] Host: printenv
- 01:36:26 [INFO] Target: 
printenv
_initramfs=-
arch=arm
args_fit=setenv bootargs console=${console} 
args_mmc=run finduuid;setenv bootargs console=${console} ${optargs} root=PARTUUID=${uuid} rw rootfstype=${mmcrootfstype}
autoload=no
baudrate=115200
board=dra7xx
board_name=dra72x-revc
board_rev=C.1
boot_fdt=try
boot_fit=0
bootargs=console=ttyO0,115200n8 earlyprintk=serial,ttyO0,115200n8 rootwait 
bootcmd=
bootdelay=2
bootdir=/boot
bootenvfile=uEnv.txt
bootfile=zImage
bootm_size=0x10000000
bootpart=0:2
bootscript=echo Running bootscript from mmc${mmcdev} ...; source ${loadaddr}
console=ttyO0,115200n8
cpu=armv7
dfu_alt_info_emmc=rawemmc raw 0 3751936;boot part 1 1;rootfs part 1 2;MLO fat 1 1;MLO.raw raw 0x100 0x100;u-boot.img.raw raw 0x300 0x400;spl-os-args.raw raw 0x80 0x80;spl-os-image.raw raw 0x900 0x2000;spl-os-args fat 1 1;spl-os-image fat 1 1;u-boot.img fat 1 1;uEnv.txt fat 1 1
dfu_alt_info_mmc=boot part 0 1;rootfs part 0 2;MLO fat 0 1;MLO.raw raw 0x100 0x100;u-boot.img.raw raw 0x300 0x400;spl-os-args.raw raw 0x80 0x80;spl-os-image.raw raw 0x900 0x2000;spl-os-args fat 0 1;spl-os-image fat 0 1;u-boot.img fat 0 1;uEnv.txt fat 0 1
dfu_alt_info_qspi=MLO raw 0x0 0x040000;u-boot.img raw 0x040000 0x0100000;u-boot-spl-os raw 0x140000 0x080000;u-boot-env raw 0x1C0000 0x010000;u-boot-env.backup raw 0x1D0000 0x010000;kernel raw 0x1E0000 0x800000
dfu_alt_info_ram=kernel ram 0x80200000 0x4000000;fdt ram 0x80f80000 0x80000;ramdisk ram 0x81000000 0x4000000
dfu_bufsiz=0x10000
dofastboot=0
envboot=mmc dev ${mmcdev}; if mmc rescan; then echo SD/MMC found on device ${mmcdev};if run loadbootscript; then run bootscript;else if run loadbootenv; then echo Loaded env from ${bootenvfile};run importbootenv;fi;if test -n $uenvcmd; then echo Running uenvcmd ...;run uenvcmd;fi;fi;fi;
ethaddr=5c:f8:21:14:54:c8
fdt_addr_r=0x88000000
fdtaddr=0x88000000
fdtcontroladdr=fdf111d8
fdtfile=undefined
findfdt=if test $board_name = omap5_uevm; then setenv fdtfile omap5-uevm.dtb; fi; if test $board_name = dra7xx; then setenv fdtfile dra7-evm.dtb; fi;if test $board_name = dra72x-revc; then setenv fdtfile dra72-evm-revc.dtb; fi;if test $board_name = dra72x; then setenv fdtfile dra72-evm.dtb; fi;if test $board_name = dra71x; then setenv fdtfile dra71-evm.dtb; fi;if test $board_name = beagle_x15; then setenv fdtfile am57xx-beagle-x15.dtb; fi;if test $board_name = beagle_x15_revb1; then setenv fdtfile am57xx-beagle-x15-revb1.dtb; fi;if test $board_name = am57xx_evm; then setenv fdtfile am57xx-evm.dtb; fi;if test $board_name = am57xx_evm_reva3; then setenv fdtfile am57xx-evm-reva3.dtb; fi;if test $board_name = am572x_idk && test $idk_lcd = no; then setenv fdtfile am572x-idk.dtb; fi;if test $board_name = am572x_idk && test $idk_lcd = osd101t2045; then setenv fdtfile am572x-idk-lcd-osd.dtb; fi;if test $board_name = am572x_idk && test $idk_lcd = osd101t2587; then setenv fdtfile am572x-idk-lcd-osd101t2587.dtb; fi;if test $board_name = am571x_idk && test $idk_lcd = no; then setenv fdtfile am571x-idk.dtb; fi;if test $board_name = am571x_idk && test $idk_lcd = osd101t2045; then setenv fdtfile am571x-idk-lcd-osd.dtb; fi;if test $board_name = am571x_idk && test $idk_lcd = osd101t2587; then setenv fdtfile am571x-idk-lcd-osd101t2587.dtb; fi;if test $fdtfile = undefined; then echo WARNING: Could not determine device tree to use; fi; 
finduuid=part uuid mmc ${bootpart} uuid
fit_bootfile=fitImage.itb
fit_loadaddr=0x88000000
importbootenv=echo Importing environment from mmc${mmcdev} ...; env import -t ${loadaddr} ${filesize}
kernel_addr_r=0x82000000
loadaddr=0x82000000
loadbootenv=fatload mmc ${mmcdev} ${loadaddr} ${bootenvfile}
loadbootscript=load mmc ${mmcdev} ${loadaddr} boot.scr
loadfdt=load ${devtype} ${bootpart} ${fdtaddr} ${bootdir}/${fdtfile}
loadfit=run args_fit; bootm ${loadaddr}:kernel@1 ${loadaddr}:ramdisk@1 ${loadaddr}:${fdtfile};
loadimage=load ${devtype} ${bootpart} ${loadaddr} ${bootdir}/${bootfile}
mmcboot=mmc dev ${mmcdev}; setenv devnum ${mmcdev}; setenv devtype mmc; if mmc rescan; then echo SD/MMC found on device ${mmcdev};if run loadimage; then if test ${boot_fit} -eq 1; then run loadfit; else run mmcloados;fi;fi;fi;
mmcdev=0
mmcloados=run args_mmc; if test ${boot_fdt} = yes || test ${boot_fdt} = try; then if run loadfdt; then bootz ${loadaddr} - ${fdtaddr}; else if test ${boot_fdt} = try; then bootz; else echo WARN: Cannot load the DT; fi; fi; else bootz; fi;
mmcrootfstype=ext4 rootwait
netargs=setenv bootargs console=${console} ${optargs} root=/dev/nfs nfsroot=${serverip}:${rootpath},${nfsopts} rw ip=dhcp
netboot=echo Booting from network ...; setenv autoload no; dhcp; run netloadimage; run netloadfdt; run netargs; bootz ${loadaddr} - ${fdtaddr}
netloadfdt=tftp ${fdtaddr} ${fdtfile}
netloadimage=tftp ${loadaddr} ${bootfile}
nfsopts=nolock
partitions=uuid_disk=${uuid_gpt_disk};name=rootfs,start=2MiB,size=-,uuid=${uuid_gpt_rootfs}
partitions_android=uuid_disk=${uuid_gpt_disk};name=xloader,start=128K,size=128K,uuid=${uuid_gpt_xloader};name=bootloader,size=384K,uuid=${uuid_gpt_bootloader};name=environment,size=128K,uuid=${uuid_gpt_environment};name=misc,size=128K,uuid=${uuid_gpt_misc};name=efs,start=1280K,size=16M,uuid=${uuid_gpt_efs};name=crypto,size=16K,uuid=${uuid_gpt_crypto};name=recovery,size=10M,uuid=${uuid_gpt_recovery};name=boot,size=10M,uuid=${uuid_gpt_boot};name=system,size=768M,uuid=${uuid_gpt_system};name=cache,size=256M,uuid=${uuid_gpt_cache};name=ipu1,size=1M,uuid=${uuid_gpt_ipu1};name=ipu2,size=1M,uuid=${uuid_gpt_ipu2};name=userdata,size=-,uuid=${uuid_gpt_userdata}
pxefile_addr_r=0x80100000
ramdisk_addr_r=0x88080000
rdaddr=0x88080000
rootpath=/export/rootfs
scriptaddr=0x80000000
scsidevs=1
serial#=0501101f6f3e0001
serverip=192.168.0.1
soc=omap5
static_ip=${ipaddr}:${serverip}:${gatewayip}:${netmask}:${hostname}::off
stderr=serial@4806a000
stdin=serial@4806a000
stdout=serial@4806a000
update_to_fit=setenv loadaddr ${fit_loadaddr}; setenv bootfile ${fit_bootfile}
usbtty=cdc_acm
vendor=ti
ver=U-Boot 2016.05-gbbfdf926a1 (Oct 06 2016 - 22:17:40 -0400)
vram=16M
Environment size: 6161/131067 bytes
- 01:36:26 [INFO] Host: setenv bootargs ''${bootargs}' ip=:::::eth0:dhcp '
- 01:36:26 [INFO] Target: 
setenv bootargs ''${bootargs}' ip=:::::eth0:dhcp '
- 01:36:26 [INFO] Host: setenv serverip '192.168.0.1'
- 01:36:27 [INFO] Target: 
setenv serverip '192.168.0.1'
- 01:36:27 [INFO] Host: setenv autoload 'no'
- 01:36:27 [INFO] Target: 
setenv autoload 'no'
- 01:36:27 [INFO] Host: dhcp
- 01:36:28 [INFO] Target: 
dhcp
ethernet@48484000 Waiting for PHY auto negotiation to complete. done
link up on port 0, speed 1000, full duplex
BOOTP broadcast 1
BOOTP broadcast 2
BOOTP broadcast 3
DHCP client bound to address 192.168.0.72 (1003 ms)
- 01:36:28 [INFO] Host: tftp ${loadaddr} 192.168.0.1:vatf_dra72x-evm/5d5f18ef248629075253f9e938a918ee
- 01:36:28 [INFO] Target: 
tftp ${loadaddr} 192.168.0.1:vatf_dra72x-evm/5d5f18ef248629075253f9e938a918ee
link up on port 0, speed 1000, full duplex
Using ethernet@48484000 device
TFTP from server 192.168.0.1; our IP address is 192.168.0.72
Filename 'vatf_dra72x-evm/5d5f18ef248629075253f9e938a918ee'.
Load address: 0x82000000
Loading: *#################################################################
	 #################################################################
	 #################################################################
	 #################################################################
	 ###
	 10.4 MiB/s
done
Bytes transferred = 3853408 (3acc60 hex)
- 01:36:28 [INFO] Host: tftp ${fdt_addr_r} 192.168.0.1:vatf_dra72x-evm/5d8cf534aac9c147abe38ff9c80361f0
- 01:36:28 [INFO] Target: 
tftp ${fdt_addr_r} 192.168.0.1:vatf_dra72x-evm/5d8cf534aac9c147abe38ff9c80361f0
link up on port 0, speed 1000, full duplex
Using ethernet@48484000 device
TFTP from server 192.168.0.1; our IP address is 192.168.0.72
Filename 'vatf_dra72x-evm/5d8cf534aac9c147abe38ff9c80361f0'.
Load address: 0x88000000
Loading: *#######
	 9.4 MiB/s
done
Bytes transferred = 88457 (15989 hex)
- 01:36:28 [INFO] Host: ls mmc 0:1
- 01:36:29 [INFO] Target: 
ls mmc 0:1
    81872   mlo 
   732664   u-boot.img 
        4   ws-calibrate.rules 
        0   pointercal 
4 file(s), 0 dir(s)
- 01:36:29 [INFO] Host: ls mmc 0:2
- 01:36:29 [INFO] Target: 
ls mmc 0:2
<DIR>       4096 .
<DIR>       4096 ..
<DIR>      16384 lost+found
<DIR>       4096 include
<DIR>       4096 srv
<DIR>       4096 home
<DIR>       4096 media
<DIR>       4096 opt
<DIR>       4096 var
<DIR>       4096 sys
<DIR>       4096 boot
<DIR>       4096 dev
<DIR>       4096 usr
<DIR>       4096 bin
<DIR>       4096 mnt
<DIR>       4096 etc
<DIR>       4096 sbin
<DIR>       4096 www
<SYM>          8 tmp
<DIR>       4096 proc
<DIR>       4096 run
<DIR>       4096 lib
<DIR>       4096 test
- 01:36:29 [INFO] Host: part uuid mmc 0:2
- 01:36:29 [INFO] Target: 
part uuid mmc 0:2
00000000-02
- 01:36:29 [INFO] Host: printenv
- 01:36:29 [INFO] Target: 
printenv
_initramfs=-
arch=arm
args_fit=setenv bootargs console=${console} 
args_mmc=run finduuid;setenv bootargs console=${console} ${optargs} root=PARTUUID=${uuid} rw rootfstype=${mmcrootfstype}
autoload=no
baudrate=115200
board=dra7xx
board_name=dra72x-revc
board_rev=C.1
boot_fdt=try
boot_fit=0
bootargs=console=ttyO0,115200n8 earlyprintk=serial,ttyO0,115200n8 rootwait  ip=:::::eth0:dhcp 
bootcmd=
bootdelay=2
bootdir=/boot
bootenvfile=uEnv.txt
bootfile=zImage
bootm_size=0x10000000
bootpart=0:2
bootscript=echo Running bootscript from mmc${mmcdev} ...; source ${loadaddr}
console=ttyO0,115200n8
cpu=armv7
dfu_alt_info_emmc=rawemmc raw 0 3751936;boot part 1 1;rootfs part 1 2;MLO fat 1 1;MLO.raw raw 0x100 0x100;u-boot.img.raw raw 0x300 0x400;spl-os-args.raw raw 0x80 0x80;spl-os-image.raw raw 0x900 0x2000;spl-os-args fat 1 1;spl-os-image fat 1 1;u-boot.img fat 1 1;uEnv.txt fat 1 1
dfu_alt_info_mmc=boot part 0 1;rootfs part 0 2;MLO fat 0 1;MLO.raw raw 0x100 0x100;u-boot.img.raw raw 0x300 0x400;spl-os-args.raw raw 0x80 0x80;spl-os-image.raw raw 0x900 0x2000;spl-os-args fat 0 1;spl-os-image fat 0 1;u-boot.img fat 0 1;uEnv.txt fat 0 1
dfu_alt_info_qspi=MLO raw 0x0 0x040000;u-boot.img raw 0x040000 0x0100000;u-boot-spl-os raw 0x140000 0x080000;u-boot-env raw 0x1C0000 0x010000;u-boot-env.backup raw 0x1D0000 0x010000;kernel raw 0x1E0000 0x800000
dfu_alt_info_ram=kernel ram 0x80200000 0x4000000;fdt ram 0x80f80000 0x80000;ramdisk ram 0x81000000 0x4000000
dfu_bufsiz=0x10000
dnsip=192.0.2.2
dnsip2=192.0.2.3
dofastboot=0
envboot=mmc dev ${mmcdev}; if mmc rescan; then echo SD/MMC found on device ${mmcdev};if run loadbootscript; then run bootscript;else if run loadbootenv; then echo Loaded env from ${bootenvfile};run importbootenv;fi;if test -n $uenvcmd; then echo Running uenvcmd ...;run uenvcmd;fi;fi;fi;
ethact=ethernet@48484000
ethaddr=5c:f8:21:14:54:c8
fdt_addr_r=0x88000000
fdtaddr=0x88000000
fdtcontroladdr=fdf111d8
fdtfile=undefined
fileaddr=88000000
filesize=15989
findfdt=if test $board_name = omap5_uevm; then setenv fdtfile omap5-uevm.dtb; fi; if test $board_name = dra7xx; then setenv fdtfile dra7-evm.dtb; fi;if test $board_name = dra72x-revc; then setenv fdtfile dra72-evm-revc.dtb; fi;if test $board_name = dra72x; then setenv fdtfile dra72-evm.dtb; fi;if test $board_name = dra71x; then setenv fdtfile dra71-evm.dtb; fi;if test $board_name = beagle_x15; then setenv fdtfile am57xx-beagle-x15.dtb; fi;if test $board_name = beagle_x15_revb1; then setenv fdtfile am57xx-beagle-x15-revb1.dtb; fi;if test $board_name = am57xx_evm; then setenv fdtfile am57xx-evm.dtb; fi;if test $board_name = am57xx_evm_reva3; then setenv fdtfile am57xx-evm-reva3.dtb; fi;if test $board_name = am572x_idk && test $idk_lcd = no; then setenv fdtfile am572x-idk.dtb; fi;if test $board_name = am572x_idk && test $idk_lcd = osd101t2045; then setenv fdtfile am572x-idk-lcd-osd.dtb; fi;if test $board_name = am572x_idk && test $idk_lcd = osd101t2587; then setenv fdtfile am572x-idk-lcd-osd101t2587.dtb; fi;if test $board_name = am571x_idk && test $idk_lcd = no; then setenv fdtfile am571x-idk.dtb; fi;if test $board_name = am571x_idk && test $idk_lcd = osd101t2045; then setenv fdtfile am571x-idk-lcd-osd.dtb; fi;if test $board_name = am571x_idk && test $idk_lcd = osd101t2587; then setenv fdtfile am571x-idk-lcd-osd101t2587.dtb; fi;if test $fdtfile = undefined; then echo WARNING: Could not determine device tree to use; fi; 
finduuid=part uuid mmc ${bootpart} uuid
fit_bootfile=fitImage.itb
fit_loadaddr=0x88000000
gatewayip=192.168.0.1
importbootenv=echo Importing environment from mmc${mmcdev} ...; env import -t ${loadaddr} ${filesize}
ipaddr=192.168.0.72
kernel_addr_r=0x82000000
loadaddr=0x82000000
loadbootenv=fatload mmc ${mmcdev} ${loadaddr} ${bootenvfile}
loadbootscript=load mmc ${mmcdev} ${loadaddr} boot.scr
loadfdt=load ${devtype} ${bootpart} ${fdtaddr} ${bootdir}/${fdtfile}
loadfit=run args_fit; bootm ${loadaddr}:kernel@1 ${loadaddr}:ramdisk@1 ${loadaddr}:${fdtfile};
loadimage=load ${devtype} ${bootpart} ${loadaddr} ${bootdir}/${bootfile}
mmcboot=mmc dev ${mmcdev}; setenv devnum ${mmcdev}; setenv devtype mmc; if mmc rescan; then echo SD/MMC found on device ${mmcdev};if run loadimage; then if test ${boot_fit} -eq 1; then run loadfit; else run mmcloados;fi;fi;fi;
mmcdev=0
mmcloados=run args_mmc; if test ${boot_fdt} = yes || test ${boot_fdt} = try; then if run loadfdt; then bootz ${loadaddr} - ${fdtaddr}; else if test ${boot_fdt} = try; then bootz; else echo WARN: Cannot load the DT; fi; fi; else bootz; fi;
mmcrootfstype=ext4 rootwait
netargs=setenv bootargs console=${console} ${optargs} root=/dev/nfs nfsroot=${serverip}:${rootpath},${nfsopts} rw ip=dhcp
netboot=echo Booting from network ...; setenv autoload no; dhcp; run netloadimage; run netloadfdt; run netargs; bootz ${loadaddr} - ${fdtaddr}
netloadfdt=tftp ${fdtaddr} ${fdtfile}
netloadimage=tftp ${loadaddr} ${bootfile}
netmask=255.255.255.0
nfsopts=nolock
partitions=uuid_disk=${uuid_gpt_disk};name=rootfs,start=2MiB,size=-,uuid=${uuid_gpt_rootfs}
partitions_android=uuid_disk=${uuid_gpt_disk};name=xloader,start=128K,size=128K,uuid=${uuid_gpt_xloader};name=bootloader,size=384K,uuid=${uuid_gpt_bootloader};name=environment,size=128K,uuid=${uuid_gpt_environment};name=misc,size=128K,uuid=${uuid_gpt_misc};name=efs,start=1280K,size=16M,uuid=${uuid_gpt_efs};name=crypto,size=16K,uuid=${uuid_gpt_crypto};name=recovery,size=10M,uuid=${uuid_gpt_recovery};name=boot,size=10M,uuid=${uuid_gpt_boot};name=system,size=768M,uuid=${uuid_gpt_system};name=cache,size=256M,uuid=${uuid_gpt_cache};name=ipu1,size=1M,uuid=${uuid_gpt_ipu1};name=ipu2,size=1M,uuid=${uuid_gpt_ipu2};name=userdata,size=-,uuid=${uuid_gpt_userdata}
pxefile_addr_r=0x80100000
ramdisk_addr_r=0x88080000
rdaddr=0x88080000
rootpath=/export/rootfs
scriptaddr=0x80000000
scsidevs=1
serial#=0501101f6f3e0001
serverip=192.168.0.1
soc=omap5
static_ip=${ipaddr}:${serverip}:${gatewayip}:${netmask}:${hostname}::off
stderr=serial@4806a000
stdin=serial@4806a000
stdout=serial@4806a000
update_to_fit=setenv loadaddr ${fit_loadaddr}; setenv bootfile ${fit_bootfile}
usbtty=cdc_acm
vendor=ti
ver=U-Boot 2016.05-gbbfdf926a1 (Oct 06 2016 - 22:17:40 -0400)
vram=16M
Environment size: 6351/131067 bytes
- 01:36:29 [INFO] Host: setenv bootargs ''${bootargs}' root=PARTUUID=00000000-02 rw rootfstype=ext4 rootwait '
- 01:36:30 [INFO] Target: 
setenv bootargs ''${bootargs}' root=PARTUUID=00000000-02 rw rootfstype=ext4 rootwait '
- 01:36:30 [INFO] Host: printenv
- 01:36:30 [INFO] Target: 
printenv
_initramfs=-
arch=arm
args_fit=setenv bootargs console=${console} 
args_mmc=run finduuid;setenv bootargs console=${console} ${optargs} root=PARTUUID=${uuid} rw rootfstype=${mmcrootfstype}
autoload=no
baudrate=115200
board=dra7xx
board_name=dra72x-revc
board_rev=C.1
boot_fdt=try
boot_fit=0
bootargs=console=ttyO0,115200n8 earlyprintk=serial,ttyO0,115200n8 rootwait  ip=:::::eth0:dhcp  root=PARTUUID=00000000-02 rw rootfstype=ext4 rootwait 
bootcmd=
bootdelay=2
bootdir=/boot
bootenvfile=uEnv.txt
bootfile=zImage
bootm_size=0x10000000
bootpart=0:2
bootscript=echo Running bootscript from mmc${mmcdev} ...; source ${loadaddr}
console=ttyO0,115200n8
cpu=armv7
dfu_alt_info_emmc=rawemmc raw 0 3751936;boot part 1 1;rootfs part 1 2;MLO fat 1 1;MLO.raw raw 0x100 0x100;u-boot.img.raw raw 0x300 0x400;spl-os-args.raw raw 0x80 0x80;spl-os-image.raw raw 0x900 0x2000;spl-os-args fat 1 1;spl-os-image fat 1 1;u-boot.img fat 1 1;uEnv.txt fat 1 1
dfu_alt_info_mmc=boot part 0 1;rootfs part 0 2;MLO fat 0 1;MLO.raw raw 0x100 0x100;u-boot.img.raw raw 0x300 0x400;spl-os-args.raw raw 0x80 0x80;spl-os-image.raw raw 0x900 0x2000;spl-os-args fat 0 1;spl-os-image fat 0 1;u-boot.img fat 0 1;uEnv.txt fat 0 1
dfu_alt_info_qspi=MLO raw 0x0 0x040000;u-boot.img raw 0x040000 0x0100000;u-boot-spl-os raw 0x140000 0x080000;u-boot-env raw 0x1C0000 0x010000;u-boot-env.backup raw 0x1D0000 0x010000;kernel raw 0x1E0000 0x800000
dfu_alt_info_ram=kernel ram 0x80200000 0x4000000;fdt ram 0x80f80000 0x80000;ramdisk ram 0x81000000 0x4000000
dfu_bufsiz=0x10000
dnsip=192.0.2.2
dnsip2=192.0.2.3
dofastboot=0
envboot=mmc dev ${mmcdev}; if mmc rescan; then echo SD/MMC found on device ${mmcdev};if run loadbootscript; then run bootscript;else if run loadbootenv; then echo Loaded env from ${bootenvfile};run importbootenv;fi;if test -n $uenvcmd; then echo Running uenvcmd ...;run uenvcmd;fi;fi;fi;
ethact=ethernet@48484000
ethaddr=5c:f8:21:14:54:c8
fdt_addr_r=0x88000000
fdtaddr=0x88000000
fdtcontroladdr=fdf111d8
fdtfile=undefined
fileaddr=88000000
filesize=15989
findfdt=if test $board_name = omap5_uevm; then setenv fdtfile omap5-uevm.dtb; fi; if test $board_name = dra7xx; then setenv fdtfile dra7-evm.dtb; fi;if test $board_name = dra72x-revc; then setenv fdtfile dra72-evm-revc.dtb; fi;if test $board_name = dra72x; then setenv fdtfile dra72-evm.dtb; fi;if test $board_name = dra71x; then setenv fdtfile dra71-evm.dtb; fi;if test $board_name = beagle_x15; then setenv fdtfile am57xx-beagle-x15.dtb; fi;if test $board_name = beagle_x15_revb1; then setenv fdtfile am57xx-beagle-x15-revb1.dtb; fi;if test $board_name = am57xx_evm; then setenv fdtfile am57xx-evm.dtb; fi;if test $board_name = am57xx_evm_reva3; then setenv fdtfile am57xx-evm-reva3.dtb; fi;if test $board_name = am572x_idk && test $idk_lcd = no; then setenv fdtfile am572x-idk.dtb; fi;if test $board_name = am572x_idk && test $idk_lcd = osd101t2045; then setenv fdtfile am572x-idk-lcd-osd.dtb; fi;if test $board_name = am572x_idk && test $idk_lcd = osd101t2587; then setenv fdtfile am572x-idk-lcd-osd101t2587.dtb; fi;if test $board_name = am571x_idk && test $idk_lcd = no; then setenv fdtfile am571x-idk.dtb; fi;if test $board_name = am571x_idk && test $idk_lcd = osd101t2045; then setenv fdtfile am571x-idk-lcd-osd.dtb; fi;if test $board_name = am571x_idk && test $idk_lcd = osd101t2587; then setenv fdtfile am571x-idk-lcd-osd101t2587.dtb; fi;if test $fdtfile = undefined; then echo WARNING: Could not determine device tree to use; fi; 
finduuid=part uuid mmc ${bootpart} uuid
fit_bootfile=fitImage.itb
fit_loadaddr=0x88000000
gatewayip=192.168.0.1
importbootenv=echo Importing environment from mmc${mmcdev} ...; env import -t ${loadaddr} ${filesize}
ipaddr=192.168.0.72
kernel_addr_r=0x82000000
loadaddr=0x82000000
loadbootenv=fatload mmc ${mmcdev} ${loadaddr} ${bootenvfile}
loadbootscript=load mmc ${mmcdev} ${loadaddr} boot.scr
loadfdt=load ${devtype} ${bootpart} ${fdtaddr} ${bootdir}/${fdtfile}
loadfit=run args_fit; bootm ${loadaddr}:kernel@1 ${loadaddr}:ramdisk@1 ${loadaddr}:${fdtfile};
loadimage=load ${devtype} ${bootpart} ${loadaddr} ${bootdir}/${bootfile}
mmcboot=mmc dev ${mmcdev}; setenv devnum ${mmcdev}; setenv devtype mmc; if mmc rescan; then echo SD/MMC found on device ${mmcdev};if run loadimage; then if test ${boot_fit} -eq 1; then run loadfit; else run mmcloados;fi;fi;fi;
mmcdev=0
mmcloados=run args_mmc; if test ${boot_fdt} = yes || test ${boot_fdt} = try; then if run loadfdt; then bootz ${loadaddr} - ${fdtaddr}; else if test ${boot_fdt} = try; then bootz; else echo WARN: Cannot load the DT; fi; fi; else bootz; fi;
mmcrootfstype=ext4 rootwait
netargs=setenv bootargs console=${console} ${optargs} root=/dev/nfs nfsroot=${serverip}:${rootpath},${nfsopts} rw ip=dhcp
netboot=echo Booting from network ...; setenv autoload no; dhcp; run netloadimage; run netloadfdt; run netargs; bootz ${loadaddr} - ${fdtaddr}
netloadfdt=tftp ${fdtaddr} ${fdtfile}
netloadimage=tftp ${loadaddr} ${bootfile}
netmask=255.255.255.0
nfsopts=nolock
partitions=uuid_disk=${uuid_gpt_disk};name=rootfs,start=2MiB,size=-,uuid=${uuid_gpt_rootfs}
partitions_android=uuid_disk=${uuid_gpt_disk};name=xloader,start=128K,size=128K,uuid=${uuid_gpt_xloader};name=bootloader,size=384K,uuid=${uuid_gpt_bootloader};name=environment,size=128K,uuid=${uuid_gpt_environment};name=misc,size=128K,uuid=${uuid_gpt_misc};name=efs,start=1280K,size=16M,uuid=${uuid_gpt_efs};name=crypto,size=16K,uuid=${uuid_gpt_crypto};name=recovery,size=10M,uuid=${uuid_gpt_recovery};name=boot,size=10M,uuid=${uuid_gpt_boot};name=system,size=768M,uuid=${uuid_gpt_system};name=cache,size=256M,uuid=${uuid_gpt_cache};name=ipu1,size=1M,uuid=${uuid_gpt_ipu1};name=ipu2,size=1M,uuid=${uuid_gpt_ipu2};name=userdata,size=-,uuid=${uuid_gpt_userdata}
pxefile_addr_r=0x80100000
ramdisk_addr_r=0x88080000
rdaddr=0x88080000
rootpath=/export/rootfs
scriptaddr=0x80000000
scsidevs=1
serial#=0501101f6f3e0001
serverip=192.168.0.1
soc=omap5
static_ip=${ipaddr}:${serverip}:${gatewayip}:${netmask}:${hostname}::off
stderr=serial@4806a000
stdin=serial@4806a000
stdout=serial@4806a000
update_to_fit=setenv loadaddr ${fit_loadaddr}; setenv bootfile ${fit_bootfile}
usbtty=cdc_acm
vendor=ti
ver=U-Boot 2016.05-gbbfdf926a1 (Oct 06 2016 - 22:17:40 -0400)
vram=16M
Environment size: 6406/131067 bytes
- 01:36:30 [INFO] Host: setenv bootcmd ''${bootcmd}' if iminfo ${loadaddr}; then bootm ${loadaddr} ${_initramfs} ${fdt_addr_r}; else bootz ${loadaddr} ${_initramfs} ${fdt_addr_r}; bootm ${loadaddr} ${_initramfs} ${fdt_addr_r}; fi'
- 01:36:30 [INFO] Target: 
setenv bootcmd ''${bootcmd}' if iminfo ${loadaddr}; then bootm ${loadaddr} ${_initramfs} ${fdt_addr_r}; else bootz ${loadaddr} ${_initramfs} ${fdt_addr_r}; bootm ${loadaddr} ${_initramfs} ${fdt_addr_r}; fi'
- 01:36:30 [INFO] Host: version
- 01:36:30 [INFO] Target: 
version
U-Boot 2016.05-gbbfdf926a1 (Oct 06 2016 - 22:17:40 -0400)
arm-linux-gnueabihf-gcc (Linaro GCC 5.3-2016.02) 5.3.1 20160113
GNU ld (GNU Binutils) 2.25.0 Linaro 2015_10
- 01:36:30 [INFO] Host: bdinfo
- 01:36:30 [INFO] Target: 
bdinfo
arch_number = 0x00000000
boot_params = 0x80000100
DRAM bank   = 0x00000000
-> start    = 0x80000000
-> size     = 0x7F000000
DRAM bank   = 0x00000001
-> start    = 0x00000000
-> size     = 0x00000000
baudrate    = 115200 bps
TLB addr    = 0xFEFF0000
relocaddr   = 0xFEF45000
reloc off   = 0x7E745000
irq_sp      = 0xFDF111C0
sp start    = 0xFDF111B0
- 01:36:30 [INFO] Host: mmc rescan; echo $?
- 01:36:31 [INFO] Target: 
mmc rescan; echo $?
- 01:36:31 [INFO] Host: fatwrite mmc ${mmcdev}:1 ${loadaddr} ws-calibrate.rules 4
- 01:36:31 [INFO] Target: 
fatwrite mmc ${mmcdev}:1 ${loadaddr} ws-calibrate.rules 4
writing ws-calibrate.rules
4 bytes written
- 01:36:31 [INFO] Host: boot
- 01:40:01 [ERROR] On command: boot waiting for boot.+?(?-mix:login:) >>> error: execution expired
- 01:40:01 [INFO] Target: 
boot
## Checking Image at 82000000 ...
Unknown image format!
Kernel image @ 0x82000000 [ 0x000000 - 0x3acc60 ]
## Flattened Device Tree blob at 88000000
   Booting using the fdt blob at 0x88000000
   Loading Device Tree to 8ffe7000, end 8ffff988 ... OK
Starting kernel ...
[    0.000000] Booting Linux on physical CPU 0x0
[    0.000000] Linux version 4.9.0-rc1-next-20161018-00002-g27048a6a6fb2 (nmenon@horus) (gcc version 4.9.3 20150413 (prerelease) (Linaro GCC 4.9-2015.05) ) #3 SMP Tue Oct 18 00:33:00 CDT 2016
[    0.000000] CPU: ARMv7 Processor [412fc0f2] revision 2 (ARMv7), cr=10c5387d
[    0.000000] CPU: div instructions available: patching division code
[    0.000000] CPU: PIPT / VIPT nonaliasing data cache, PIPT instruction cache
[    0.000000] OF: fdt:Machine model: TI DRA722
[    0.000000] cma: Reserved 16 MiB at 0xfd800000
[    0.000000] Memory policy: Data cache writealloc
[    0.000000] OMAP4: Map 0xfee00000 to fe600000 for dram barrier
[    0.000000] DRA722 ES2.0
[    0.000000] percpu: Embedded 15 pages/cpu @eed9a000 s31808 r8192 d21440 u61440
[    0.000000] Built 1 zonelists in Zone order, mobility grouping on.  Total pages: 517952
[    0.000000] Kernel command line: console=ttyO0,115200n8 earlyprintk=serial,ttyO0,115200n8 rootwait  ip=:::::eth0:dhcp  root=PARTUUID=00000000-02 rw rootfstype=ext4 rootwait 
[    0.000000] PID hash table entries: 4096 (order: 2, 16384 bytes)
[    0.000000] Dentry cache hash table entries: 131072 (order: 7, 524288 bytes)
[    0.000000] Inode-cache hash table entries: 65536 (order: 6, 262144 bytes)
[    0.000000] Memory: 2022452K/2078720K available (7168K kernel code, 766K rwdata, 2380K rodata, 1024K init, 8126K bss, 39884K reserved, 16384K cma-reserved, 1275904K highmem)
[    0.000000] Virtual kernel memory layout:
[    0.000000]     vector  : 0xffff0000 - 0xffff1000   (   4 kB)
[    0.000000]     fixmap  : 0xffc00000 - 0xfff00000   (3072 kB)
[    0.000000]     vmalloc : 0xf0800000 - 0xff800000   ( 240 MB)
[    0.000000]     lowmem  : 0xc0000000 - 0xf0000000   ( 768 MB)
[    0.000000]     pkmap   : 0xbfe00000 - 0xc0000000   (   2 MB)
[    0.000000]     modules : 0xbf000000 - 0xbfe00000   (  14 MB)
[    0.000000]       .text : 0xc0008000 - 0xc0800000   (8160 kB)
[    0.000000]       .init : 0xc0b00000 - 0xc0c00000   (1024 kB)
[    0.000000]       .data : 0xc0c00000 - 0xc0cbf834   ( 767 kB)
[    0.000000]        .bss : 0xc0cc1000 - 0xc14b0838   (8127 kB)
[    0.000000] Running RCU self tests
[    0.000000] Hierarchical RCU implementation.
[    0.000000] 	RCU lockdep checking is enabled.
[    0.000000] 	Build-time adjustment of leaf fanout to 32.
[    0.000000] 	RCU restricting CPUs from NR_CPUS=2 to nr_cpu_ids=1.
[    0.000000] RCU: Adjusting geometry for rcu_fanout_leaf=32, nr_cpu_ids=1
[    0.000000] NR_IRQS:16 nr_irqs:16 16
[    0.000000] ti_dt_clocks_register: failed to lookup clock node gmac_gmii_ref_clk_div
[    0.000000] OMAP clockevent source: timer1 at 32786 Hz
[    0.000000] arm_arch_timer: Architected cp15 timer(s) running at 6.14MHz (phys).
[    0.000000] clocksource: arch_sys_counter: mask: 0xffffffffffffff max_cycles: 0x16af5adb9, max_idle_ns: 440795202250 ns
[    0.000005] sched_clock: 56 bits at 6MHz, resolution 162ns, wraps every 4398046511023ns
[    0.000016] Switching to timer-based delay loop, resolution 162ns
[    0.000448] clocksource: 32k_counter: mask: 0xffffffff max_cycles: 0xffffffff, max_idle_ns: 58327039986419 ns
[    0.000457] OMAP clocksource: 32k_counter at 32768 Hz
[    0.001443] Console: colour dummy device 80x30
[    0.001478] Lock dependency validator: Copyright (c) 2006 Red Hat, Inc., Ingo Molnar
[    0.001485] ... MAX_LOCKDEP_SUBCLASSES:  8
[    0.001491] ... MAX_LOCK_DEPTH:          48
[    0.001496] ... MAX_LOCKDEP_KEYS:        8191
[    0.001502] ... CLASSHASH_SIZE:          4096
[    0.001508] ... MAX_LOCKDEP_ENTRIES:     32768
[    0.001513] ... MAX_LOCKDEP_CHAINS:      65536
[    0.001519] ... CHAINHASH_SIZE:          32768
[    0.001524]  memory used by lock dependency info: 5167 kB
[    0.001530]  per task-struct memory footprint: 1536 bytes
[    0.001553] Calibrating delay loop (skipped), value calculated using timer frequency.. 12.29 BogoMIPS (lpj=61475)
[    0.001566] pid_max: default: 32768 minimum: 301
[    0.001866] Security Framework initialized
[    0.001969] Mount-cache hash table entries: 2048 (order: 1, 8192 bytes)
[    0.001980] Mountpoint-cache hash table entries: 2048 (order: 1, 8192 bytes)
[    0.004388] CPU: Testing write buffer coherency: ok
[    0.005314] /cpus/cpu@0 missing clock-frequency property
[    0.005328] CPU0: thread -1, cpu 0, socket 0, mpidr 80000000
[    0.006058] Setting up static identity map for 0x80100000 - 0x80100070
[    0.007739] Brought up 1 CPUs
[    0.007749] SMP: Total of 1 processors activated (12.29 BogoMIPS).
[    0.007756] CPU: All CPU(s) started in HYP mode.
[    0.007761] CPU: Virtualization extensions available.
[    0.010400] devtmpfs: initialized
[    0.085180] VFP support v0.3: implementor 41 architecture 4 part 30 variant f rev 0
[    0.085784] clocksource: jiffies: mask: 0xffffffff max_cycles: 0xffffffff, max_idle_ns: 19112604462750000 ns
[    0.086367] pinctrl core: initialized pinctrl subsystem
[    0.089626] NET: Registered protocol family 16
[    0.093675] DMA: preallocated 256 KiB pool for atomic coherent allocations
[    0.095238] omap_hwmod: l3_main_2 using broken dt data from ocp
[    0.343081] cpuidle: using governor menu
[    0.363558] OMAP GPIO hardware version 0.1
[    0.400735] irq: no irq domain found for /ocp/l4@4a000000/scm@2000/pinmux@1400 !
[    0.424075] omap-gpmc 50000000.gpmc: could not find pctldev for node /ocp/l4@4a000000/scm@2000/pinmux@1400/nand_default, deferring probe
[    0.428692] platform 4b500000.aes: Cannot lookup hwmod 'aes1'
[    0.429255] platform 4b700000.aes: Cannot lookup hwmod 'aes2'
[    0.429826] platform 480a5000.des: Cannot lookup hwmod 'des'
[    0.430387] platform 4b101000.sham: Cannot lookup hwmod 'sham'
[    0.430949] platform 48090000.rng: Cannot lookup hwmod 'rng'
[    0.436516] No ATAGs?
[    0.436554] hw-breakpoint: found 5 (+1 reserved) breakpoint and 4 watchpoint registers.
[    0.436563] hw-breakpoint: maximum watchpoint size is 8 bytes.
[    0.437031] omap4_sram_init:Unable to allocate sram needed to handle errata I688
[    0.437042] omap4_sram_init:Unable to get sram pool needed to handle errata I688
[    0.438263] OMAP DMA hardware revision 0.0
[    0.492721] omap-dma-engine 4a056000.dma-controller: OMAP DMA engine driver (LinkedList1/2/3 supported)
[    0.494312] edma 43300000.edma: memcpy is disabled
[    0.507605] edma 43300000.edma: TI EDMA DMA engine driver
[    0.508828] aic_dvdd: supplied by evm_3v3
[    0.513856] SCSI subsystem initialized
[    0.514896] omap_i2c 48070000.i2c: could not find pctldev for node /ocp/l4@4a000000/scm@2000/pinmux@1400/pinmux_i2c1_pins, deferring probe
[    0.514963] omap_i2c 4807c000.i2c: could not find pctldev for node /ocp/l4@4a000000/scm@2000/pinmux@1400/pinmux_i2c5_pins, deferring probe
[    0.515194] pps_core: LinuxPPS API ver. 1 registered
[    0.515201] pps_core: Software ver. 5.3.6 - Copyright 2005-2007 Rodolfo Giometti <giometti@linux.it>
[    0.515238] PTP clock support registered
[    0.518055] clocksource: Switched to clocksource arch_sys_counter
[    0.592895] VFS: Disk quotas dquot_6.6.0
[    0.593003] VFS: Dquot-cache hash table entries: 1024 (order 0, 4096 bytes)
[    0.616163] NET: Registered protocol family 2
[    0.617307] TCP established hash table entries: 8192 (order: 3, 32768 bytes)
[    0.617435] TCP bind hash table entries: 8192 (order: 6, 294912 bytes)
[    0.619715] TCP: Hash tables configured (established 8192 bind 8192)
[    0.619869] UDP hash table entries: 512 (order: 3, 40960 bytes)
[    0.620173] UDP-Lite hash table entries: 512 (order: 3, 40960 bytes)
[    0.621043] NET: Registered protocol family 1
[    0.622301] RPC: Registered named UNIX socket transport module.
[    0.622312] RPC: Registered udp transport module.
[    0.622320] RPC: Registered tcp transport module.
[    0.622328] RPC: Registered tcp NFSv4.1 backchannel transport module.
[    0.624663] hw perfevents: enabled with armv7_cortex_a15 PMU driver, 7 counters available
[    0.629055] futex hash table entries: 256 (order: 2, 16384 bytes)
[    0.629180] audit: initializing netlink subsys (disabled)
[    0.629307] audit: type=2000 audit(0.619:1): initialized
[    0.632207] workingset: timestamp_bits=14 max_order=19 bucket_order=5
[    0.633813] NFS: Registering the id_resolver key type
[    0.634030] Key type id_resolver registered
[    0.634039] Key type id_legacy registered
[    0.634136] jffs2: version 2.2. (NAND) (SUMMARY)   2001-2006 Red Hat, Inc.
[    0.637574] bounce: pool size: 64 pages
[    0.637628] io scheduler noop registered
[    0.637637] io scheduler deadline registered
[    0.637686] io scheduler cfq registered (default)
[    0.644514] pinctrl-single 4a003400.pinmux: 282 pins at pa fc003400 size 1128
[    0.653036] Serial: 8250/16550 driver, 4 ports, IRQ sharing enabled
[    0.658096] 4806a000.serial: ttyO0 at MMIO 0x4806a000 (irq = 301, base_baud = 3000000) is a OMAP UART0
[    1.483959] console [ttyO0] enabled
[    1.514400] brd: module loaded
[    1.533026] loop: module loaded
[    1.538674] ahci 4a140000.sata: SSS flag set, parallel bus scan disabled
[    1.545700] ahci 4a140000.sata: AHCI 0001.0300 32 slots 1 ports 3 Gbps 0x1 impl platform mode
[    1.554649] ahci 4a140000.sata: flags: 64bit ncq sntf stag pm led clo only pmp pio slum part ccc apst 
[    1.567085] scsi host0: ahci
[    1.571038] ata1: SATA max UDMA/133 mmio [mem 0x4a140000-0x4a1410ff] port 0x100 irq 332
[    1.580154] mtdoops: mtd device (mtddev=name/number) must be supplied
[    1.589817] libphy: Fixed MDIO Bus: probed
[    1.597161] cpsw 48484000.ethernet: gpio request failed, ret -517
[    1.605480] mousedev: PS/2 mouse device common for all mice
[    1.611354] i2c /dev entries driver
[    1.617192] omap_hsmmc 4809c000.mmc: Got CD GPIO
[    1.678748] ledtrig-cpu: registered to indicate activity on CPUs
[    1.686412] oprofile: using timer interrupt.
[    1.691211] Initializing XFRM netlink socket
[    1.695877] NET: Registered protocol family 10
[    1.702510] sit: IPv6, IPv4 and MPLS over IPv4 tunneling driver
[    1.710309] NET: Registered protocol family 17
[    1.714995] NET: Registered protocol family 15
[    1.719876] Key type dns_resolver registered
[    1.724469] omap_voltage_late_init: Voltage driver support not added
[    1.731142] sr_dev_init: Unable to get voltage domain pointer for VDD core
[    1.738347] sr_dev_init: Unable to get voltage domain pointer for VDD mpu
[    1.745807] Power Management for TI OMAP4+ devices.
[    1.751260] ThumbEE CPU extension supported.
[    1.755742] Registering SWP/SWPB emulation handler
[    1.760776] SmartReflex Class3 initialized
[    1.810353] omap-gpmc 50000000.gpmc: GPMC revision 6.0
[    1.815824] gpmc_mem_init: disabling cs 0 mapped at 0x0-0x1000000
[    1.825114] nand: No NAND device found
[    1.829080] omap2-nand 8000000.nand: scan failed, may be bus-width mismatch
[    1.840891] palmas 0-0058: Irq flag is 0x00000000
[    1.872146] palmas 0-0058: Muxing GPIO 1d, PWM 0, LED 0
[    1.897474] mmc0: new high speed MMC card at address 0001
[    1.905537] mmcblk0: mmc0:0001 MMC08G 7.25 GiB 
[    1.911193] mmcblk0boot0: mmc0:0001 MMC08G partition 1 8.00 MiB
[    1.917841] random: fast init done
[    1.923026] mmcblk0boot1: mmc0:0001 MMC08G partition 2 8.00 MiB
[    1.931903]  mmcblk0: p1 p2 p3
[    1.951460] pcf857x 0-0021: probed
[    1.955419] omap_i2c 48070000.i2c: bus 0 rev0.12 at 400 kHz
[    1.998554] GPIO line 479 (vin6_sel_s0) hogged as output/low
[    2.005096] pcf857x 4-0026: probed
[    2.008728] omap_i2c 4807c000.i2c: bus 4 rev0.12 at 400 kHz
[    2.068035] davinci_mdio 48485000.mdio: davinci mdio revision 1.6
[    2.074419] davinci_mdio 48485000.mdio: no live phy, scanning all
[    2.082488] davinci_mdio: probe of 48485000.mdio failed with error -5
[    2.090138] cpsw 48484000.ethernet: Detected MACID = 5c:f8:21:14:54:c8
[    2.101526] omap_hsmmc 4809c000.mmc: Got CD GPIO
[    2.109439] omap_hsmmc 4809c000.mmc: Got CD GPIO
[    2.138069] ata1: SATA link up 3.0 Gbps (SStatus 123 SControl 300)
[    2.145660] ata1.00: ATA-8: ST1000DM003-1SB10C, CC43, max UDMA/133
[    2.152162] ata1.00: 1953525168 sectors, multi 0: LBA48 NCQ (depth 31/32)
[    2.166435] ata1.00: configured for UDMA/133
[    2.172975] scsi 0:0:0:0: Direct-Access     ATA      ST1000DM003-1SB1 CC43 PQ: 0 ANSI: 5
[    2.183108] hctosys: unable to open rtc device (rtc0)
[    2.188433] sr_init: No PMIC hook to init smartreflex
[    2.193939] sr_init: platform driver register failed for SR
[    2.203037] net eth0: initializing cpsw version 1.15 (0)
[    2.210657] libphy: PHY 48485000.mdio:03 not found
[    2.215677] net eth0: phy "48485000.mdio:03" not found on slave 0, err -19
[    2.232593] sd 0:0:0:0: [sda] 1953525168 512-byte logical blocks: (1.00 TB/932 GiB)
[    2.240706] sd 0:0:0:0: [sda] 4096-byte physical blocks
[    2.246789] sd 0:0:0:0: [sda] Write Protect is off
[    2.252086] sd 0:0:0:0: [sda] Write cache: enabled, read cache: enabled, doesn't support DPO or FUA
[    2.271780] IPv6: ADDRCONF(NETDEV_UP): eth0: link is not ready
[    2.278029]  sda: sda1 sda2 sda3
[    2.285457] sd 0:0:0:0: [sda] Attached SCSI disk
[   12.288027] Waiting up to 110 more seconds for network.
[   22.308026] Waiting up to 100 more seconds for network.
[   32.328026] Waiting up to 90 more seconds for network.
[   42.348026] Waiting up to 80 more seconds for network.
[   52.368026] Waiting up to 70 more seconds for network.
[   62.388025] Waiting up to 60 more seconds for network.
[   72.408026] Waiting up to 50 more seconds for network.
[   82.428026] Waiting up to 40 more seconds for network.
[   92.448025] Waiting up to 30 more seconds for network.
[  102.468025] Waiting up to 20 more seconds for network.
[  112.488025] Waiting up to 10 more seconds for network.
[  122.298037] Sending DHCP requests ...... timed out!
[  201.165353] IP-Config: Reopening network devices...
[  201.170546] net eth0: initializing cpsw version 1.15 (0)
[  201.178149] libphy: PHY 48485000.mdio:03 not found
[  201.183170] net eth0: phy "48485000.mdio:03" not found on slave 0, err -19
[  201.195829] IPv6: ADDRCONF(NETDEV_UP): eth0: link is not ready
- 01:40:01 [INFO] Boot attempt 1/1 failed
- 01:40:01 [INFO] Collecting kernel traces via sysrq...
- 01:40:11 [INFO] [  211.218025] Waiting up to 110 more seconds for network.
- 01:40:21 [INFO] [  221.238026] Waiting up to 100 more seconds for network.
- 01:40:32 [INFO] [  231.258025] Waiting up to 90 more seconds for network.
- 01:40:32 [INFO] Disconnected serial from dra72x-evm
URL:gtsystest.telogy.design.ti.com/vatf/tigtfarm04/tigtfarm04_vatf@dra72x-evm/tigtfarm0410_18_2016_01_36_12/files/session_iteration_1/test_1
