spawn ttyNM_DRA7
picocom v1.4

port is        : /dev/ttyNM_DRA7
flowcontrol    : none
baudrate is    : 115200
parity is      : none
databits are   : 8
escape is      : C-a
noinit is      : yes
noreset is     : yes
nolock is      : yes
send_cmd is    : ascii_xfr -s -v -l10
receive_cmd is : rz -vv

Terminal ready
 0 
mmc0 is current device
SD/MMC found on device 0
reading uEnv.txt
692 bytes read in 5 ms (134.8 KiB/s)
Loaded environment from
Importing environment from mmc0 ...
Running uenvcmd ...
network start
++1
cpsw Waiting for PHY auto negotiation to complete... done
link up on port 0, speed 1000, full duplex
BOOTP broadcast 1
DHCP client bound to address 128.247.91.23
Using cpsw device
TFTP from server 128.247.91.123; our IP address is 128.247.91.23
Filename '/tftpboot/kernel/dra7-evm.dtb'.
Load address: 0x88000000
Loading: *############
	 629.9 KiB/s
done
Bytes transferred = 59382 (e7f6 hex)
++2
++3
link up on port 0, speed 1000, full duplex
BOOTP broadcast 1
DHCP client bound to address 128.247.91.23
Using cpsw device
TFTP from server 128.247.91.123; our IP address is 128.247.91.23
Filename '/tftpboot/kernel/zImage'.
Load address: 0x82000000
Loading: *#################################################################
	 #################################################################
	 #################################################################
	 #################################################################
	 #################################################################
	 #################################################################
	 #################################################################
	 #################################################################
	 #################################################################
	 #################################################################
	 #################################################################
	 #################################################################
	 #################################################################
	 #
	 782.2 KiB/s
done
Bytes transferred = 4330552 (421438 hex)
++4
network stop
Kernel image @ 0x82000000 [ 0x000000 - 0x421438 ]
## Flattened Device Tree blob at 88000000
   Booting using the fdt blob at 0x88000000
   Loading Device Tree to 87fee000, end 87fff7f5 ... OK

Starting kernel ...

[    0.000000] Booting Linux on physical CPU 0x0
[    0.000000] Linux version 3.15.0-rc7-next-20140527-00002-g2679643 (nmenon@kahuna) (gcc version 4.6.3 (Ubuntu/Linaro 4.6.3-1ubuntu5) ) #1 SMP Wed May 28 05:31:21 CDT 2014
[    0.000000] CPU: ARMv7 Processor [412fc0f2] revision 2 (ARMv7), cr=10c5387d
[    0.000000] CPU: PIPT / VIPT nonaliasing data cache, PIPT instruction cache
[    0.000000] Machine model: TI DRA742
[    0.000000] cma: CMA: reserved 16 MiB at ae800000
[    0.000000] Memory policy: Data cache writealloc
[    0.000000] DRA752 ES1.0
[    0.000000] PERCPU: Embedded 9 pages/cpu @edbaf000 s14272 r8192 d14400 u36864
[    0.000000] Built 1 zonelists in Zone order, mobility grouping on.  Total pages: 387344
[    0.000000] Kernel command line: console=ttyO0,115200n8 root=/dev/mmcblk1p2 rw rootfstype=ext3 rootwait earlyprintk
[    0.000000] PID hash table entries: 4096 (order: 2, 16384 bytes)
[    0.000000] Dentry cache hash table entries: 131072 (order: 7, 524288 bytes)
[    0.000000] Inode-cache hash table entries: 65536 (order: 6, 262144 bytes)
[    0.000000] Memory: 1508376K/1555456K available (5629K kernel code, 678K rwdata, 2184K rodata, 397K init, 8337K bss, 47080K reserved, 777216K highmem)
[    0.000000] Virtual kernel memory layout:
[    0.000000]     vector  : 0xffff0000 - 0xffff1000   (   4 kB)
[    0.000000]     fixmap  : 0xffc00000 - 0xffe00000   (2048 kB)
[    0.000000]     vmalloc : 0xf0000000 - 0xff000000   ( 240 MB)
[    0.000000]     lowmem  : 0xc0000000 - 0xef800000   ( 760 MB)
[    0.000000]     pkmap   : 0xbfe00000 - 0xc0000000   (   2 MB)
[    0.000000]     modules : 0xbf000000 - 0xbfe00000   (  14 MB)
[    0.000000]       .text : 0xc0008000 - 0xc07a991c   (7815 kB)
[    0.000000]       .init : 0xc07aa000 - 0xc080d7c0   ( 398 kB)
[    0.000000]       .data : 0xc080e000 - 0xc08b7958   ( 679 kB)
[    0.000000]        .bss : 0xc08b7958 - 0xc10dbe10   (8338 kB)
[    0.000000] Hierarchical RCU implementation.
[    0.000000] NR_IRQS:16 nr_irqs:16 16
[    0.000000] OMAP clockevent source: timer1 at 32768 Hz
[    0.000000] sched_clock: 32 bits at 32kHz, resolution 30517ns, wraps every 65536000000000ns
[    0.000000] OMAP clocksource: 32k_counter at 32768 Hz
[    0.000366] Architected cp15 timer(s) running at 6.14MHz (virt).
[    0.000401] sched_clock: 56 bits at 6MHz, resolution 162ns, wraps every 2796202663936ns
[    0.000413] Switching to timer-based delay loop
[    0.001442] Console: colour dummy device 80x30
[    0.001469] Lock dependency validator: Copyright (c) 2006 Red Hat, Inc., Ingo Molnar
[    0.001481] ... MAX_LOCKDEP_SUBCLASSES:  8
[    0.001492] ... MAX_LOCK_DEPTH:          48
[    0.001503] ... MAX_LOCKDEP_KEYS:        8191
[    0.001514] ... CLASSHASH_SIZE:          4096
[    0.001524] ... MAX_LOCKDEP_ENTRIES:     32768
[    0.001535] ... MAX_LOCKDEP_CHAINS:      65536
[    0.001545] ... CHAINHASH_SIZE:          32768
[    0.001556]  memory used by lock dependency info: 5167 kB
[    0.001566]  per task-struct memory footprint: 1152 bytes
[    0.001601] Calibrating delay loop (skipped), value calculated using timer frequency.. 12.28 BogoMIPS (lpj=61440)
[    0.001622] pid_max: default: 32768 minimum: 301
[    0.001949] Security Framework initialized
[    0.002064] Mount-cache hash table entries: 2048 (order: 1, 8192 bytes)
[    0.002080] Mountpoint-cache hash table entries: 2048 (order: 1, 8192 bytes)
[    0.003813] CPU: Testing write buffer coherency: ok
[    0.004614] /cpus/cpu@0 missing clock-frequency property
[    0.004653] /cpus/cpu@1 missing clock-frequency property
[    0.004669] CPU0: thread -1, cpu 0, socket 0, mpidr 80000000
[    0.004727] Setting up static identity map for 0x80556268 - 0x805562d8
[    0.008536] CPU1: Booted secondary processor
[    0.008575] CPU1: thread -1, cpu 1, socket 0, mpidr 80000001
[    0.008986] Brought up 2 CPUs
[    0.009006] SMP: Total of 2 processors activated.
[    0.009018] CPU: All CPU(s) started in SVC mode.
[    0.011044] devtmpfs: initialized
[    0.020341] VFP support v0.3: implementor 41 architecture 4 part 30 variant f rev 0
[    0.020470] omap_hwmod: l3_main_2 using broken dt data from ocp
[    0.110002] omap_hwmod: dss_core: _wait_target_disable failed
[    0.110021] omap_hwmod: dss_core: cannot be enabled for reset (3)
[    0.112617] omap_hwmod: dss_dispc: cannot be enabled for reset (3)
[    0.115193] omap_hwmod: dss_hdmi: cannot be enabled for reset (3)
[    0.184896] pinctrl core: initialized pinctrl subsystem
[    0.186778] regulator-dummy: no parameters
[    0.230896] NET: Registered protocol family 16
[    0.231363] DMA: failed to allocate 256 KiB pool for atomic coherent allocation
[    0.232833] cpuidle: using governor ladder
[    0.232868] cpuidle: using governor menu
[    0.236491] omap_l3_noc 44000000.ocp: L3 debug error: target 2 mod:1 (unclearable)
[    0.236546] omap_l3_noc 44000000.ocp: L3 application error: target 2 mod:1 (unclearable)
[    0.240832] OMAP GPIO hardware version 0.1
[    0.256105] platform 4e000000.dmm: Cannot lookup hwmod 'dmm'
[    0.260669] ------------[ cut here ]------------
[    0.260693] WARNING: CPU: 1 PID: 1 at kernel/irq/irqdomain.c:277 irq_domain_associate+0x154/0x1b8()
[    0.260706] error: hwirq 0x177 is too large for GIC
[    0.260717] Modules linked in:
[    0.260739] CPU: 1 PID: 1 Comm: swapper/0 Not tainted 3.15.0-rc7-next-20140527-00002-g2679643 #1
[    0.260766] [<c0014c90>] (unwind_backtrace) from [<c0011900>] (show_stack+0x10/0x14)
[    0.260789] [<c0011900>] (show_stack) from [<c054e3f8>] (dump_stack+0x78/0x94)
[    0.260810] [<c054e3f8>] (dump_stack) from [<c0040524>] (warn_slowpath_common+0x6c/0x8c)
[    0.260828] [<c0040524>] (warn_slowpath_common) from [<c00405d8>] (warn_slowpath_fmt+0x30/0x40)
[    0.260846] [<c00405d8>] (warn_slowpath_fmt) from [<c0093e8c>] (irq_domain_associate+0x154/0x1b8)
[    0.260864] [<c0093e8c>] (irq_domain_associate) from [<c0093f5c>] (irq_create_mapping+0x6c/0xfc)
[    0.260880] [<c0093f5c>] (irq_create_mapping) from [<c0094068>] (irq_create_of_mapping+0x7c/0x108)
[    0.260899] [<c0094068>] (irq_create_of_mapping) from [<c0468800>] (irq_of_parse_and_map+0x24/0x2c)
[    0.260916] [<c0468800>] (irq_of_parse_and_map) from [<c0468820>] (of_irq_to_resource+0x18/0xac)
[    0.260932] [<c0468820>] (of_irq_to_resource) from [<c04688ec>] (of_irq_to_resource_table+0x38/0x4c)
[    0.260949] [<c04688ec>] (of_irq_to_resource_table) from [<c0466bb8>] (of_device_alloc+0xd4/0x13c)
[    0.260966] [<c0466bb8>] (of_device_alloc) from [<c0466c70>] (of_platform_device_create_pdata+0x50/0x110)
[    0.260982] [<c0466c70>] (of_platform_device_create_pdata) from [<c0466e0c>] (of_platform_bus_create+0xdc/0x184)
[    0.260999] [<c0466e0c>] (of_platform_bus_create) from [<c0466e70>] (of_platform_bus_create+0x140/0x184)
[    0.261014] [<c0466e70>] (of_platform_bus_create) from [<c0466f14>] (of_platform_populate+0x60/0x98)
[    0.261032] [<c0466f14>] (of_platform_populate) from [<c07bc778>] (pdata_quirks_init+0x34/0x44)
[    0.261048] [<c07bc778>] (pdata_quirks_init) from [<c07bc424>] (omap_generic_init+0x10/0x1c)
[    0.261067] [<c07bc424>] (omap_generic_init) from [<c07ad578>] (customize_machine+0x1c/0x40)
[    0.261085] [<c07ad578>] (customize_machine) from [<c0008984>] (do_one_initcall+0x80/0x1cc)
[    0.261102] [<c0008984>] (do_one_initcall) from [<c07aac9c>] (kernel_init_freeable+0xfc/0x1cc)
[    0.261119] [<c07aac9c>] (kernel_init_freeable) from [<c0548efc>] (kernel_init+0x8/0xe4)
[    0.261135] [<c0548efc>] (kernel_init) from [<c000e628>] (ret_from_fork+0x14/0x2c)
[    0.261191] ---[ end trace 60d0f4c45ac6a19d ]---
[    0.261968] platform 4a090000.ocp2scp: Cannot lookup hwmod 'ocp2scp3'
[    0.265177] omap-gpmc 50000000.gpmc: could not find pctldev for node /ocp/pinmux@4a003400/nand_flash_x16, deferring probe
[    0.265203] platform 50000000.gpmc: Driver omap-gpmc requests probe deferral
[    0.266025] No ATAGs?
[    0.266082] hw-breakpoint: found 5 (+1 reserved) breakpoint and 4 watchpoint registers.
[    0.266110] hw-breakpoint: maximum watchpoint size is 8 bytes.
[    0.268236] OMAP DMA hardware revision 0.0
[    0.313009] edma-dma-engine edma-dma-engine.0: Can't allocate PaRAM dummy slot
[    0.313054] edma-dma-engine: probe of edma-dma-engine.0 failed with error -5
[    0.340069] omap-dma-engine 4a056000.dma-controller: OMAP DMA engine driver
[    0.341100] mmc2_3v3: 3300 mV 
[    0.343944] SCSI subsystem initialized
[    0.344528] usbcore: registered new interface driver usbfs
[    0.344678] usbcore: registered new interface driver hub
[    0.344928] usbcore: registered new device driver usb
[    0.345641] omap_i2c 48070000.i2c: could not find pctldev for node /ocp/pinmux@4a003400/pinmux_i2c1_pins, deferring probe
[    0.345669] platform 48070000.i2c: Driver omap_i2c requests probe deferral
[    0.345723] omap_i2c 48072000.i2c: could not find pctldev for node /ocp/pinmux@4a003400/pinmux_i2c2_pins, deferring probe
[    0.345746] platform 48072000.i2c: Driver omap_i2c requests probe deferral
[    0.345802] omap_i2c 48060000.i2c: could not find pctldev for node /ocp/pinmux@4a003400/pinmux_i2c3_pins, deferring probe
[    0.345825] platform 48060000.i2c: Driver omap_i2c requests probe deferral
[    0.349150] Switched to clocksource arch_sys_counter
[    0.451591] NET: Registered protocol family 2
[    0.452795] TCP established hash table entries: 8192 (order: 3, 32768 bytes)
[    0.452996] TCP bind hash table entries: 8192 (order: 6, 294912 bytes)
[    0.455291] TCP: Hash tables configured (established 8192 bind 8192)
[    0.455420] TCP: reno registered
[    0.455460] UDP hash table entries: 512 (order: 3, 40960 bytes)
[    0.455780] UDP-Lite hash table entries: 512 (order: 3, 40960 bytes)
[    0.456733] NET: Registered protocol family 1
[    0.457691] RPC: Registered named UNIX socket transport module.
[    0.457719] RPC: Registered udp transport module.
[    0.457732] RPC: Registered tcp transport module.
[    0.457744] RPC: Registered tcp NFSv4.1 backchannel transport module.
[    0.462287] futex hash table entries: 512 (order: 3, 32768 bytes)
[    0.465063] VFS: Disk quotas dquot_6.5.2
[    0.465162] Dquot-cache hash table entries: 1024 (order 0, 4096 bytes)
[    0.466656] NFS: Registering the id_resolver key type
[    0.466890] Key type id_resolver registered
[    0.466921] Key type id_legacy registered
[    0.467024] jffs2: version 2.2. (NAND) (SUMMARY)  Â© 2001-2006 Red Hat, Inc.
[    0.467447] msgmni has been set to 1460
[    0.469397] bounce: pool size: 64 pages
[    0.469447] io scheduler noop registered
[    0.469465] io scheduler deadline registered
[    0.469537] io scheduler cfq registered (default)
[    0.475326] pinctrl-single 4a003400.pinmux: 281 pins at pa fc003400 size 1124
[    0.477040] pbias_mmc_omap5: 1800 <--> 3000 mV at 3000 mV 
[    0.478023] abb_mpu: 1060 <--> 1210 mV 
[    0.478647] abb_ivahd: 1055 <--> 1250 mV 
[    0.479300] abb_dspeve: 1055 <--> 1250 mV 
[    0.479921] abb_gpu: 1090 <--> 1280 mV 
[    0.480372] omap-ocp2scp 4a090000.ocp2scp: _od_fail_runtime_resume: FIXME: missing hwmod/omap_dev info
[    0.480738] Serial: 8250/16550 driver, 4 ports, IRQ sharing enabled
[    0.484838] omap_uart 4806a000.serial: no wakeirq for uart0
[    0.485149] 4806a000.serial: ttyO0 at MMIO 0x4806a000 (irq = 104, base_baud = 3000000) is a OMAP UART0
[    1.532049] console [ttyO0] enabled
[    1.536978] omap_uart 4806c000.serial: no wakeirq for uart0
[    1.543036] 4806c000.serial: ttyO1 at MMIO 0x4806c000 (irq = 105, base_baud = 3000000) is a OMAP UART1
[    1.553629] omap_uart 48020000.serial: no wakeirq for uart0
[    1.559667] 48020000.serial: ttyO2 at MMIO 0x48020000 (irq = 106, base_baud = 3000000) is a OMAP UART2
[    1.587189] brd: module loaded
[    1.600225] loop: module loaded
[    1.605548] mtdoops: mtd device (mtddev=name/number) must be supplied
[    1.616413] usbcore: registered new interface driver asix
[    1.622210] usbcore: registered new interface driver ax88179_178a
[    1.628684] usbcore: registered new interface driver cdc_ether
[    1.634957] usbcore: registered new interface driver smsc95xx
[    1.641079] usbcore: registered new interface driver net1080
[    1.647098] usbcore: registered new interface driver cdc_subset
[    1.653401] usbcore: registered new interface driver zaurus
[    1.659405] usbcore: registered new interface driver cdc_ncm
[    1.665980] usbcore: registered new interface driver cdc_wdm
[    1.672066] usbcore: registered new interface driver usb-storage
[    1.678483] usbcore: registered new interface driver usbtest
[    1.685790] mousedev: PS/2 mouse device common for all mice
[    1.693433] i2c /dev entries driver
[    1.697135] Driver for 1-wire Dallas network protocol.
[    1.704639] omap_hsmmc 4809c000.mmc: unable to get vmmc regulator -517
[    1.711677] platform 4809c000.mmc: Driver omap_hsmmc requests probe deferral
[    1.719713] omap_hsmmc 480b4000.mmc: pins are not configured from the driver
[    1.759591] ledtrig-cpu: registered to indicate activity on CPUs
[    1.766235] usbcore: registered new interface driver usbhid
[    1.772097] usbhid: USB HID core driver
[    1.776921] oprofile: no performance counters
[    1.782087] oprofile: using timer interrupt.
[    1.786923] TCP: cubic registered
[    1.790433] Initializing XFRM netlink socket
[    1.794964] NET: Registered protocol family 17
[    1.799677] NET: Registered protocol family 15
[    1.802683] mmc0: BKOPS_EN bit is not set
[    1.805361] mmc0: new high speed MMC card at address 0001
[    1.806835] mmcblk0: mmc0:0001 MMC04G 3.52 GiB 
[    1.809125] mmcblk0boot0: mmc0:0001 MMC04G partition 1 16.0 MiB
[    1.809370] mmcblk0boot1: mmc0:0001 MMC04G partition 2 16.0 MiB
[    1.812965]  mmcblk0: unknown partition table
[    1.815429]  mmcblk0boot1: unknown partition table
[    1.817828]  mmcblk0boot0: unknown partition table
[    1.846049] Key type dns_resolver registered
[    1.850666] omap_voltage_late_init: Voltage driver support not added
[    1.857320] sr_dev_init: Unable to get voltage domain pointer for VDD core
[    1.864638] sr_dev_init: Unable to get voltage domain pointer for VDD mpu
[    1.872354] ThumbEE CPU extension supported.
[    1.876843] Registering SWP/SWPB emulation handler
[    1.881884] SmartReflex Class3 initialized
[    1.888458] pbias_mmc_omap5: disabling
[    1.893230] omap-gpmc 50000000.gpmc: GPMC revision 6.0
[    1.899776] nand: No NAND device found
[    1.903725] nand device scan failed, may be bus-width mismatch
[    1.914626] palmas 0-0058: IRQ missing: skipping irq request
[    1.921872] palmas 0-0058: Muxing GPIO 2e, PWM 0, LED 0
[    1.930909] smps123: 850 <--> 1250 mV at 1060 mV 
[    1.938183] smps45: 850 <--> 1150 mV at 1060 mV 
[    1.945411] smps6: 850 <--> 1650 mV at 1060 mV 
[    1.952237] smps7: 850 <--> 1030 mV at 1030 mV 
[    1.959314] smps8: 850 <--> 1250 mV at 1060 mV 
[    1.966390] smps9: 1800 mV 
[    1.971335] ldo1: 1800 <--> 3300 mV at 3000 mV 
[    1.978518] ldo2: 3300 mV 
[    1.983800] ldo3: 1800 mV 
[    1.988032] LDO4: at 1800 mV 
[    1.992134] LDO5: no parameters
[    1.996447] LDO6: no parameters
[    2.000668] LDO7: no parameters
[    2.004936] LDO8: no parameters
[    2.010339] ldo9: 1050 mV 
[    2.015641] ldoln: 1800 mV 
[    2.021319] ldousb: 3300 mV 
[    2.025378] REGEN1: no parameters
[    2.029368] REGEN2: no parameters
[    2.033242] REGEN3: no parameters
[    2.037135] SYSEN1: no parameters
[    2.041114] SYSEN2: no parameters
[    2.044808] omap_i2c 48070000.i2c: bus 0 rev0.12 at 400 kHz
[    2.052062] omap_i2c 48072000.i2c: bus 1 rev0.12 at 400 kHz
[    2.059241] omap_i2c 48060000.i2c: bus 2 rev0.12 at 3400 kHz
[    2.068531] omap_hsmmc 4809c000.mmc: pins are not configured from the driver
[    2.110296] drivers/rtc/hctosys.c: unable to open rtc device (rtc0)
[    2.116927] sr_init: No PMIC hook to init smartreflex
[    2.122432] sr_init: platform driver register failed for SR
[    2.169236] Waiting for root device /dev/mmcblk1p2...
[    2.240127] mmc1: host does not support reading read-only switch. assuming write-enable.
[    2.252568] mmc1: new high speed SD card at address e624
[    2.259078] mmcblk1: mmc1:e624 SU02G 1.84 GiB 
[    2.266989]  mmcblk1: p1 p2
[    2.426118] kjournald starting.  Commit interval 5 seconds
[    2.434236] EXT3-fs (mmcblk1p2): using internal journal
[    2.441829] EXT3-fs (mmcblk1p2): recovery complete
[    2.446844] EXT3-fs (mmcblk1p2): mounted filesystem with ordered data mode
[    2.454127] VFS: Mounted root (ext3 filesystem) on device 179:26.
[    2.465544] devtmpfs: mounted
[    2.469001] Freeing unused kernel memory: 396K (c07aa000 - c080d000)
Mounting proc : OK
Mounting sysfs : OK
Mounting devtmpfs:mount: mounting none on /dev failed: Device or resource busy
boot mounted: OK
/dev/ttyO0 linked to /dev/tty-bd - using as console

******************************************
Starting System Init for GenericDRA74X(FlattenedDeviceTree)
Release: X.x
Kernel: Linux GenericDRA74X(FlattenedDeviceTree) 3.15.0-rc7-next-20140527-00002-g2679643 #1 SMP Wed May 28 05:31:21 CDT 2014 armv7l GNU/Linux
******************************************
Saving kernel ring buffer : OK
Mounting devpts : OK
Setting up networking
Configuring lo : OK
Starting syslogd : OK
Starting klogd : OK
Mounting filesystems : OK
mount: mounting none on /proc/bus/usb/ failed: No such file or directory

Please press Enter to activate this console. root


/ $ 
/ $ 
/ $ 
/ $ 
/ $ 
/ $ mount -t proc proc /proc
mount: mounting proc on /proc failed: Device or resource busy
/ $ 
/ $ 
/ $ mount -t sysfs sys /sys
mount: mounting sys on /sys failed: Device or resource busy
/ $ 
/ $ 
/ $ mount -t debugfs none /sys/kernel/debug
/ $ 
/ $ 
/ $ cat /proc/cpuinfo
processor	: 0
model name	: ARMv7 Processor rev 2 (v7l)
Features	: swp half thumb fastmult vfp edsp thumbee neon vfpv3 tls vfpv4 idiva idivt vfpd32 lpae evtstrm 
CPU implementer	: 0x41
CPU architecture: 7
CPU variant	: 0x2
CPU part	: 0xc0f
CPU revision	: 2

processor	: 1
model name	: ARMv7 Processor rev 2 (v7l)
Features	: swp half thumb fastmult vfp edsp thumbee neon vfpv3 tls vfpv4 idiva idivt vfpd32 lpae evtstrm 
CPU implementer	: 0x41
CPU architecture: 7
CPU variant	: 0x2
CPU part	: 0xc0f
CPU revision	: 2

Hardware	: Generic DRA74X (Flattened Device Tree)
Revision	: 0000
Serial		: 0000000000000000
/ $ 
/ $ 
/ $ cat /proc/interrupts
           CPU0       CPU1       
 27:        322        317       GIC  27  arch_timer
 41:          1          0       GIC  41  l3-dbg-irq
 42:          1          0       GIC  42  l3-app-irq
 44:          0          0       GIC  44  DMA
 45:        254          0       GIC  45  omap-dma-engine
 52:          0          0       GIC  52  gpmc
 69:          0          0       GIC  69  gp_timer
 88:        344          0       GIC  88  48070000.i2c
 89:          0          0       GIC  89  48072000.i2c
 93:          0          0       GIC  93  48060000.i2c
104:        656          0       GIC 104  OMAP UART0
115:        468          0       GIC 115  mmc1
118:         51          0       GIC 118  mmc0
IPI0:          0          1  CPU wakeup interrupts
IPI1:          0          0  Timer broadcast interrupts
IPI2:       1023        786  Rescheduling interrupts
IPI3:          0          0  Function call interrupts
IPI4:         89         22  Single function call interrupts
IPI5:          0          0  CPU stop interrupts
IPI6:          0          0  IRQ work interrupts
IPI7:          0          0  completion interrupts
Err:          0
/ $ 
/ $ 
/ $ head /sys/devices/soc0/* 2>/dev/null
==> /sys/devices/soc0/family <==
DRA7

==> /sys/devices/soc0/machine <==
DRA752

==> /sys/devices/soc0/power <==

==> /sys/devices/soc0/revision <==
ES1.0

==> /sys/devices/soc0/subsystem <==

==> /sys/devices/soc0/type <==
GP

==> /sys/devices/soc0/uevent <==
/ $ 
/ $ 
/ $ cat /sys/kernel/debug/clk/clk_summary
   clock                         enable_cnt  prepare_cnt        rate   accuracy
--------------------------------------------------------------------------------
 dummy_ck                                 0            0           0          0
 video2_m2_clkin_ck                       0            0           0          0
    video2_dclk_div                       0            0           0          0
 video2_clkin_ck                          0            0           0          0
    video2_div_clk                        0            0           0          0
    video2_clk2_div                       0            0           0          0
 video1_m2_clkin_ck                       0            0           0          0
    video1_dclk_div                       0            0           0          0
 video1_clkin_ck                          0            0           0          0
    video1_div_clk                        0            0           0          0
    video1_clk2_div                       0            0           0          0
 usb_otg_clkin_ck                         0            0           0          0
    usb_otg_dclk_div                      0            0           0          0
 sys_clkin2                               0            0    22579200          0
    abe_dpll_sys_clk_mux                  0            0    22579200          0
       abe_dpll_clk_mux                   0            0    22579200          0
          dpll_abe_ck                     0            0   361267200          0
             dpll_abe_m2_ck               0            0   361267200          0
                per_abe_x1_dclk_div           0            0   361267200          0
                per_abe_x1_gfclk2_div           0            0   361267200          0
                   mcasp8_aux_gfclk_mux           0            0   361267200          0
                   mcasp7_aux_gfclk_mux           0            0   361267200          0
                   mcasp6_aux_gfclk_mux           0            0   361267200          0
                   mcasp5_aux_gfclk_mux           0            0   361267200          0
                   mcasp4_aux_gfclk_mux           0            0   361267200          0
                   mcasp3_aux_gfclk_mux           0            0   361267200          0
                   mcasp2_aux_gfclk_mux           0            0   361267200          0
                   mcasp1_aux_gfclk_mux           0            0   361267200          0
             dpll_abe_x2_ck               0            0   722534400          0
                dpll_abe_m3x2_ck           0            0   361267200          0
                   usb_dpll_hs_clk_div           0            0   120422400          0
                   per_dpll_hs_clk_div           0            0   180633600          0
                dpll_abe_m2x2_ck           0            0   361267200          0
                   ipu1_gfclk_mux           0            0   361267200          0
                   abe_clk                0            0   361267200          0
                      aess_fclk           0            0   361267200          0
                         abe_giclk_div           0            0   361267200          0
                   abe_24m_fclk           0            0    45158400          0
                      mcasp8_ahclk_mux           0            0    45158400          0
                      mcasp7_ahclkx_mux           0            0    45158400          0
                      mcasp6_ahclkx_mux           0            0    45158400          0
                      mcasp5_ahclkx_mux           0            0    45158400          0
                      mcasp4_ahclkx_mux           0            0    45158400          0
                      mcasp3_ahclkx_mux           0            0    45158400          0
                      mcasp2_ahclkx_mux        [   58.584858] random: nonblocking pool is initialized
   0            0    45158400          0
                      mcasp2_ahclkr_mux           0            0    45158400          0
                      mcasp1_ahclkx_mux           0            0    45158400          0
                      mcasp1_ahclkr_mux           0            0    45158400          0
                   abe_lp_clk_div           0            0    22579200          0
       abe_dpll_bypass_clk_mux            0            0    22579200          0
    sys_clk2_dclk_div                     0            0    22579200          0
 virt_38400000_ck                         0            0    38400000          0
 virt_27000000_ck                         0            0    27000000          0
 virt_26000000_ck                         0            0    26000000          0
 virt_20000000_ck                         1            1    20000000          0
    sys_clkin1                            5           12    20000000          0
       sata_ref_clk                       0            1    20000000          0
       dpll_usb_ck                        1            1   960000000          0
          dpll_usb_clkdcoldo              1            1   960000000          0
             l3init_960m_gfclk            1            2   960000000          0
                usb_otg_ss2_refclk960m           0            2   960000000          0
                usb_otg_ss1_refclk960m           1            3   960000000          0
          dpll_usb_m2_ck                  0            0   480000000          0
             l3init_60m_fclk              0            0    60000000          0
             l3init_480m_dclk_div           0            0   480000000          0
       dpll_per_ck                        1            1   384000000          0
          dpll_per_x2_ck                  1            3   768000000          0
             dpll_per_m2x2_ck             1            5   192000000          0
                mmc2_fclk_mux             0            1   192000000          0
                   mmc2_fclk_div           0            1    96000000          0
                mmc1_fclk_mux             0            1   192000000          0
                   mmc1_fclk_div           0            1    96000000          0
                func_96m_fclk             0            5    96000000          0
                func_48m_fclk             3           14    48000000          0
                   uart9_gfclk_mux           0            0    48000000          0
                   uart8_gfclk_mux           0            0    48000000          0
                   uart7_gfclk_mux           0            0    48000000          0
                   uart5_gfclk_mux           0            1    48000000          0
                   uart4_gfclk_mux           0            1    48000000          0
                   uart3_gfclk_mux           1            1    48000000          0
                   uart2_gfclk_mux           1            1    48000000          0
                   uart1_gfclk_mux           1            1    48000000          0
                   mmc4_gfclk_mux           0            1    48000000          0
                      mmc4_gfclk_div           0            1    48000000          0
                   mmc3_gfclk_mux           0            1    48000000          0
                      mmc3_gfclk_div           0            1    48000000          0
                   dss_48mhz_clk           0            2    48000000          0
                   uart10_gfclk_mux           0            0    48000000          0
                   uart6_gfclk_mux           0            1    48000000          0
                func_12m_fclk             0            1    12000000          0
             dpll_per_h14x2_ck            0            0   384000000          0
             dpll_per_h13x2_ck            0            1   192000000          0
                qspi_gfclk_mux            0            1   192000000          0
                   qspi_gfclk_div           0            1   192000000          0
             dpll_per_h12x2_ck            0            1   192000000          0
                dss_dss_clk               0            3   192000000          0
             dpll_per_h11x2_ck            0            0   256000000          0
                func_128m_clk             0            0   128000000          0
          dpll_per_m2_ck                  0            0    96000000          0
             func_24m_clk                 0            0    24000000          0
             func_96m_aon_dclk_div           0            0    96000000          0
       dpll_pcie_ref_ck                   0            0           0          0
          dpll_pcie_ref_m2_ck             0            0           0          0
             pcie2_dclk_div               0            0           0          0
          apll_pcie_in_clk_mux            0            0           0          0
             apll_pcie_ck                 0            0           0          0
                apll_pcie_m2_ck           0            0           0          0
                   pcie_dclk_div           0            0           0          0
                apll_pcie_clkvcoldo_div           0            0           0          0
                apll_pcie_clkvcoldo           0            0           0          0
                optfclk_pciephy_clk           0            0           0          0
                optfclk_pciephy_div           0            0           0          0
                   optfclk_pciephy_div_clk           0            0           0          0
          dpll_pcie_ref_m2ldo_ck           0            0           0          0
       dpll_eve_ck                        0            0           0          0
          dpll_eve_m2_ck                  0            0           0          0
             eve_dclk_div                 0            0           0          0
             eve_clk                      0            0           0          0
       dpll_gmac_ck                       0            0  1000000000          0
          dpll_gmac_x2_ck                 0            0  2000000000          0
             dpll_gmac_m3x2_ck            0            0   200000000          0
             dpll_gmac_h13x2_ck           0            0   200000000          0
             dpll_gmac_h12x2_ck           0            0   250000000          0
             dpll_gmac_h11x2_ck           0            0    50000000          0
                gmii_m_clk_div            0            0    25000000          0
          dpll_gmac_m2_ck                 0            0   250000000          0
             gmac_gmii_ref_clk_div           0            0   125000000          0
             gmac_250m_dclk_div           0            0   250000000          0
       dpll_ddr_ck                        0            0  1064000000          0
          dpll_ddr_x2_ck                  0            0  2128000000          0
             dpll_ddr_h11x2_ck            0            0   266000000          0
          dpll_ddr_m2_ck                  0            0   532000000          0
             emif_phy_dclk_div            0            0   532000000          0
       dpll_gpu_ck                        0            0           0          0
          dpll_gpu_m2_ck                  0            0           0          0
             gpu_dclk                     0            0           0          0
       dpll_iva_ck                        0            0           0          0
          dpll_iva_m2_ck                  0            0           0          0
             iva_dclk                     0            0           0          0
       dpll_dsp_ck                        0            0           0          0
          dpll_dsp_x2_ck                  0            0           0          0
             dpll_dsp_m3x2_ck             0            0           0          0
          dpll_dsp_m2_ck                  0            0           0          0
             dsp_gclk_div                 0            0           0          0
       dpll_mpu_ck                        1            1  1000000000          0
          dpll_mpu_m2_ck                  1            1  1000000000          0
             mpu_dclk_div                 0            0  1000000000          0
       dpll_core_ck                       1            1  1064000000          0
          dpll_core_m2_ck                 0            0   532000000          0
             core_dpll_out_dclk_div           0            0   532000000          0
          dpll_core_x2_ck                 2            3  2128000000          0
             dpll_core_h24x2_ck           0            1   354666667          0
             dpll_core_h23x2_ck           0            0   532000000          0
             dpll_core_h22x2_ck           0            0   425600000          0
             dpll_core_h14x2_ck           0            0   425600000          0
                gpu_hyd_gclk_mux           0            0   425600000          0
                gpu_core_gclk_mux           0            0   425600000          0
             dpll_core_h13x2_ck           4            8    34322581          0
             dpll_core_h12x2_ck           1            1   532000000          0
                l3_iclk_div              65           78   532000000          0
                   vip3_gclk_mux           0            0   532000000          0
                   vip2_gclk_mux           0            0   532000000          0
                   vip1_gclk_mux           0            0   532000000          0
                   gmac_rft_clk_mux           0            0   532000000          0
                   atl_gfclk_mux           0            1   532000000          0
                   l4_root_clk_div           4            4   532000000          0
                eve_dpll_hs_clk_div           0            0   532000000          0
                iva_dpll_hs_clk_div           0            0   532000000          0
                dsp_dpll_hs_clk_div           0            0   532000000          0
                mpu_dpll_hs_clk_div           0            0   532000000          0
       dcan1_sys_clk_mux                  0            1    20000000          0
       wkupaon_iclk_mux                   8           11    20000000          0
          l3instr_ts_gclk_div             0            0      625000          0
       video2_dpll_clk_mux                0            1    20000000          0
          dss_video2_clk                  0            1    20000000          0
       video1_dpll_clk_mux                0            1    20000000          0
          dss_video1_clk                  0            1    20000000          0
       timer_sys_clk_div                  0           10    20000000          0
          timer9_gfclk_mux                0            1    20000000          0
          timer4_gfclk_mux                0            1    20000000          0
          timer3_gfclk_mux                0            1    20000000          0
          timer2_gfclk_mux                0            1    20000000          0
          timer16_gfclk_mux               0            0    20000000          0
          timer15_gfclk_mux               0            0    20000000          0
          timer14_gfclk_mux               0            0    20000000          0
          timer13_gfclk_mux               0            0    20000000          0
          timer11_gfclk_mux               0            1    20000000          0
          timer10_gfclk_mux               0            1    20000000          0
          timer8_gfclk_mux                0            1    20000000          0
          timer7_gfclk_mux                0            1    20000000          0
          timer6_gfclk_mux                0            1    20000000          0
          timer5_gfclk_mux                0            1    20000000          0
       hdmi_dpll_clk_mux                  0            1    20000000          0
          dss_hdmi_clk                    0            2    20000000          0
       custefuse_sys_gfclk_div            0            0    10000000          0
       emu_dclk_div                       0            0    20000000          0
       sata_dclk_div                      0            0    20000000          0
       sys_clk1_dclk_div                  0            0    20000000          0
          clkoutmux2_clk_mux              0            0    20000000          0
          clkoutmux1_clk_mux              0            0    20000000          0
          clkoutmux0_clk_mux              0            0    20000000          0
       adc_gfclk_mux                      0            0    20000000          0
       abe_sys_clk_div                    0            0    20000000          0
 virt_19200000_ck                         0            0    19200000          0
 virt_16800000_ck                         0            0    16800000          0
 virt_13000000_ck                         0            0    13000000          0
 virt_12000000_ck                         0            0    12000000          0
 sys_32k_ck                               2           18       32768          0
    atl_dpll_clk_mux                      0            0       32768          0
    usb_phy3_always_on_clk32k             1            1       32768          0
    usb_phy2_always_on_clk32k             0            1       32768          0
    usb_phy1_always_on_clk32k             0            1       32768          0
    mmc4_clk32k                           0            1       32768          0
    mmc3_clk32k                           0            1       32768          0
    mmc2_clk32k                           0            1       32768          0
    mmc1_clk32k                           0            1       32768          0
    gpio8_dbclk                           0            1       32768          0
    gpio7_dbclk                           0            1       32768          0
    gpio6_dbclk                           0            1       32768          0
    gpio5_dbclk                           0            1       32768          0
    gpio4_dbclk                           0            1       32768          0
    gpio3_dbclk                           0            1       32768          0
    gpio2_dbclk                           0            1       32768          0
    dss_32khz_clk                         0            1       32768          0
    gpio1_dbclk                           0            1       32768          0
    timer1_gfclk_mux                      1            1       32768          0
 secure_32k_clk_src_ck                    0            0       32768          0
    secure_32k_dclk_div                   0            0       32768          0
 sdvenc_clkin_ck                          0            0           0          0
 rmii_clk_ck                              0            0           0          0
 ref_clkin3_ck                            0            0           0          0
 ref_clkin2_ck                            0            0           0          0
 ref_clkin1_ck                            0            0           0          0
 ref_clkin0_ck                            0            0           0          0
 pciesref_acs_clk_ck                      0            0   100000000          0
 mlbp_clkin_ck                            0            0           0          0
    mlbp_clk                              0            0           0          0
 mlb_clkin_ck                             0            0           0          0
    mlb_clk                               0            0           0          0
 hdmi_clkin_ck                            0            0           0          0
    hdmi_div_clk                          0            0           0          0
    hdmi_clk2_div                         0            0           0          0
    hdmi_dclk_div                         0            0           0          0
 atlclkin3_ck                             0            0           0          0
 atl_clkin2_ck                            0            0           0          0
 atl_clkin1_ck                            0            0           0          0
 atl_clkin0_ck                            0            0           0          0
/ $ 
/ $ 
/ $ ls /sys/kernel/debug/clk/orphans/
/ $ 
/ $ 
/ $ echo 'H''ello World' 'B''oard Booted'
Hello World Board Booted
/ $ 
/ $ 
/ $ sync;poweroff
/ $ 
/ $ 
/ $ umount: devtmpfs busy - remounted read-only
umount: can't remount /dev/root read-only
umount: can't remount rootfs read-only
The system is going down NOW!
Sent SIGTERM to all processes
Sent SIGKILL to all processes
Requesting syst[   67.464001] reboot: System halted

Skipping tty reset...
Thanks for using picocom
