- 15:06:22 [INFO] Starting target session
- 15:06:23 [INFO] Connected to dra7xx-evm via serial 
- 15:06:23 [INFO] Host: #check prompt
- 15:06:23 [INFO] Target: 
#check prompt
Password: 
- 15:06:23 [INFO] Host:  
- 15:06:24 [INFO] Target: 


- 15:06:24 [INFO] Host: root
- 15:06:27 [ERROR] On command: root waiting for (?-mix:[\w\d]+@.+[@:#]+) >>> error: execution expired
- 15:06:27 [INFO] Target: 
root

Login incorrect
dra7xx-evm login: 
- 15:06:27 [INFO] Host: #check prompt
- 15:06:29 [ERROR] On command: #check prompt waiting for (?-mix:[\w\d]+@.+[@:#]+) >>> error: execution expired
- 15:06:29 [INFO] Target: 
#check prompt
Password: 
- 15:06:29 [INFO] Disconnected serial from dra7xx-evm
- 15:06:50 [INFO] Connected to dra7xx-evm via serial 
- 15:06:50 [INFO] Host: 
- 15:06:50 [INFO] Target: 
 0 
U-Boot# 
- 15:06:50 [INFO] Host: version
- 15:06:51 [INFO] Target: 
version

U-Boot 2014.07 (Aug 12 2014 - 20:19:42)
arm-linux-gnueabihf-gcc (crosstool-NG linaro-1.13.1-4.7-2013.03-20130313 - Linaro GCC 2013.03) 4.7.3 20130226 (prerelease)
GNU ld (crosstool-NG linaro-1.13.1-4.7-2013.03-20130313 - Linaro GCC 2013.03) 2.23.1
U-Boot# 
- 15:06:51 [INFO] Host: bdi
- 15:06:51 [INFO] Target: 
bdi
arch_number = 0x00000000
boot_params = 0x80000100
DRAM bank   = 0x00000000
-> start    = 0x80000000
-> size     = 0x60000000
eth0name    = cpsw
ethaddr     = 7c:66:9d:eb:fd:0e
current eth = cpsw
ip_addr     = <NULL>
baudrate    = 115200 bps
TLB addr    = 0xDFFF0000
relocaddr   = 0xDFF5E000
reloc off   = 0x5F75E000
irq_sp      = 0xDEF3DEE0
sp start    = 0xDEF3DED0
U-Boot# 
- 15:06:51 [INFO] Host: printenv
- 15:06:52 [INFO] Target: 
printenv
arch=arm
baudrate=115200
board=dra7xx
board_name=dra7xx
bootcmd=run findfdt; run mmcboot;setenv mmcdev 1; setenv bootpart 1:2; setenv mmcroot /dev/mmcblk0p2 rw; run mmcboot;
bootdelay=1
bootdir=/boot
bootfile=zImage
bootm_size=0x10000000
bootpart=0:2
bootscript=echo Running bootscript from mmc${mmcdev} ...; source ${loadaddr}
console=ttyO0,115200n8
cpu=armv7
eth1addr=7c:66:9d:eb:fd:0f
ethact=cpsw
ethaddr=7c:66:9d:eb:fd:0e
fdt_addr_r=0x88000000
fdtaddr=0x88000000
fdtfile=undefined
findfdt=if test $board_name = omap5_uevm; then setenv fdtfile omap5-uevm.dtb; fi; if test $board_name = dra7xx; then setenv fdtfile dra7-evm.dtb; fi;if test $board_name = dra72x; then setenv fdtfile dra72-evm.dtb; fi;if test $fdtfile = undefined; then echo WARNING: Could not determine device tree to use; fi; 
importbootenv=echo Importing environment from mmc${mmcdev} ...; env import -t ${loadaddr} ${filesize}
kernel_addr_r=0x82000000
loadaddr=0x82000000
loadbootenv=fatload mmc ${mmcdev} ${loadaddr} uEnv.txt
loadbootscript=fatload mmc ${mmcdev} ${loadaddr} boot.scr
loadfdt=load mmc ${bootpart} ${fdtaddr} ${bootdir}/${fdtfile};
loadimage=load mmc ${bootpart} ${loadaddr} ${bootdir}/${bootfile}
mmcargs=setenv bootargs console=${console} ${optargs} vram=${vram} root=${mmcroot} rootfstype=${mmcrootfstype}
mmcboot=mmc dev ${mmcdev}; if mmc rescan; then echo SD/MMC found on device ${mmcdev};if run loadbootenv; then echo Loaded environment from ${bootenv};run importbootenv;fi;if test -n $uenvcmd; then echo Running uenvcmd ...;run uenvcmd;fi;if run loadimage; then run loadfdt; echo Booting from mmc${mmcdev} ...; run mmcargs; bootz ${loadaddr} - ${fdtaddr}; fi;fi;
mmcdev=0
mmcroot=/dev/mmcblk1p2 rw
mmcrootfstype=ext4 rootwait
partitions=uuid_disk=${uuid_gpt_disk};name=rootfs,start=2MiB,size=-,uuid=${uuid_gpt_rootfs}
ramdisk_addr_r=0x88080000
rdaddr=0x88080000
scsidevs=0
soc=omap5
stderr=serial
stdin=serial
stdout=serial
usbtty=cdc_acm
vendor=ti
ver=U-Boot 2014.07 (Aug 12 2014 - 20:19:42)
vram=16M

Environment size: 2085/131067 bytes
U-Boot# 
- 15:06:52 [INFO] Host: setenv autoload 'no'
- 15:06:52 [INFO] Target: 
setenv autoload 'no'
U-Boot# 
- 15:06:52 [INFO] Host: usb start
- 15:06:54 [INFO] Target: 
usb start
(Re)start USB...
USB0:   Register 2000140 NbrPorts 2
Starting the controller
USB XHCI 1.00
scanning bus 0 for devices... 1 USB Device(s) found
       scanning usb for storage devices... 0 Storage Device(s) found
U-Boot# 
- 15:06:54 [INFO] Host: dhcp
- 15:06:55 [INFO] Target: 
dhcp
link up on port 0, speed 1000, full duplex
BOOTP broadcast 1
DHCP client bound to address 192.168.0.76
U-Boot# 
- 15:06:55 [INFO] Host: setenv serverip 192.168.0.1
- 15:06:56 [INFO] Target: 
setenv serverip 192.168.0.1
U-Boot# 
- 15:06:56 [INFO] Host: setenv bootargs 'console=ttyO0,115200n8 earlyprintk rootwait ip=dhcp root=/dev/mmcblk1p2 rw rootfstype=ext3'
- 15:06:56 [INFO] Target: 
setenv bootargs 'console=ttyO0,115200n8 earlyprintk rootwait ip=dhcp root=/dev/mmcblk1p2 rw rootfstype=ext3'
U-Boot# 
- 15:06:56 [INFO] Host: printenv
- 15:06:57 [INFO] Target: 
printenv
arch=arm
autoload=no
baudrate=115200
board=dra7xx
board_name=dra7xx
bootargs=console=ttyO0,115200n8 earlyprintk rootwait ip=dhcp root=/dev/mmcblk1p2 rw rootfstype=ext3
bootcmd=run findfdt; run mmcboot;setenv mmcdev 1; setenv bootpart 1:2; setenv mmcroot /dev/mmcblk0p2 rw; run mmcboot;
bootdelay=1
bootdir=/boot
bootfile=zImage
bootm_size=0x10000000
bootpart=0:2
bootscript=echo Running bootscript from mmc${mmcdev} ...; source ${loadaddr}
console=ttyO0,115200n8
cpu=armv7
dnsip=192.0.2.2
dnsip2=192.0.2.3
eth1addr=7c:66:9d:eb:fd:0f
ethact=cpsw
ethaddr=7c:66:9d:eb:fd:0e
fdt_addr_r=0x88000000
fdtaddr=0x88000000
fdtfile=undefined
findfdt=if test $board_name = omap5_uevm; then setenv fdtfile omap5-uevm.dtb; fi; if test $board_name = dra7xx; then setenv fdtfile dra7-evm.dtb; fi;if test $board_name = dra72x; then setenv fdtfile dra72-evm.dtb; fi;if test $fdtfile = undefined; then echo WARNING: Could not determine device tree to use; fi; 
gatewayip=192.168.0.1
importbootenv=echo Importing environment from mmc${mmcdev} ...; env import -t ${loadaddr} ${filesize}
ipaddr=192.168.0.76
kernel_addr_r=0x82000000
loadaddr=0x82000000
loadbootenv=fatload mmc ${mmcdev} ${loadaddr} uEnv.txt
loadbootscript=fatload mmc ${mmcdev} ${loadaddr} boot.scr
loadfdt=load mmc ${bootpart} ${fdtaddr} ${bootdir}/${fdtfile};
loadimage=load mmc ${bootpart} ${loadaddr} ${bootdir}/${bootfile}
mmcargs=setenv bootargs console=${console} ${optargs} vram=${vram} root=${mmcroot} rootfstype=${mmcrootfstype}
mmcboot=mmc dev ${mmcdev}; if mmc rescan; then echo SD/MMC found on device ${mmcdev};if run loadbootenv; then echo Loaded environment from ${bootenv};run importbootenv;fi;if test -n $uenvcmd; then echo Running uenvcmd ...;run uenvcmd;fi;if run loadimage; then run loadfdt; echo Booting from mmc${mmcdev} ...; run mmcargs; bootz ${loadaddr} - ${fdtaddr}; fi;fi;
mmcdev=0
mmcroot=/dev/mmcblk1p2 rw
mmcrootfstype=ext4 rootwait
netmask=255.255.255.0
partitions=uuid_disk=${uuid_gpt_disk};name=rootfs,start=2MiB,size=-,uuid=${uuid_gpt_rootfs}
ramdisk_addr_r=0x88080000
rdaddr=0x88080000
scsidevs=0
serverip=192.168.0.1
soc=omap5
stderr=serial
stdin=serial
stdout=serial
usbtty=cdc_acm
vendor=ti
ver=U-Boot 2014.07 (Aug 12 2014 - 20:19:42)
vram=16M

Environment size: 2331/131067 bytes
U-Boot# 
- 15:06:57 [INFO] Host: setenv bootcmd 'tftp ${loadaddr} 192.168.0.1:vatf_dra7xx-evm1/bfda5f866c13e84b3d7d8c6bc56802c9; tftp ${fdtaddr} 192.168.0.1:vatf_dra7xx-evm1/9cd0a9d75af7d3e8637492b2cd27753b; if iminfo ${loadaddr}; then bootm ${loadaddr} - ${fdtaddr}; else bootz ${loadaddr} - ${fdtaddr}; bootm ${loadaddr} - ${fdtaddr}; fi' 
- 15:06:57 [INFO] Target: 
setenv bootcmd 'tftp ${loadaddr} 192.168.0.1:vatf_dra7xx-evm1/bfda5f866c13e84b3d7d8c6bc56802c9; tftp ${fdtaddr} 192.168.0.1:vatf_dra7xx-evm1/9cd0a9d75af7d3e8637492b2cd27753b; if iminfo ${loadaddr}; then bootm ${loadaddr} - ${fdtaddr}; else bootz ${loadaddr} - ${fdtaddr}; bootm ${loadaddr} - ${fdtaddr}; fi' 
U-Boot# 
- 15:06:57 [INFO] Host: boot
- 15:09:27 [ERROR] On command: boot waiting for (?-mix:login:) >>> error: execution expired
- 15:09:27 [INFO] Target: 
boot
link up on port 0, speed 1000, full duplex
Using cpsw device
TFTP from server 192.168.0.1; our IP address is 192.168.0.76
Filename 'vatf_dra7xx-evm1/bfda5f866c13e84b3d7d8c6bc56802c9'.
Load address: 0x82000000
Loading: *#################################################################
	 #################################################################
	 #################################################################
	 #################################################################
	 #######################################
	 11.2 MiB/s
done
Bytes transferred = 4375912 (42c568 hex)
link up on port 0, speed 1000, full duplex
Using cpsw device
TFTP from server 192.168.0.1; our IP address is 192.168.0.76
Filename 'vatf_dra7xx-evm1/9cd0a9d75af7d3e8637492b2cd27753b'.
Load address: 0x88000000
Loading: *#####
	 9 MiB/s
done
Bytes transferred = 65871 (1014f hex)

## Checking Image at 82000000 ...
Unknown image format!
Kernel image @ 0x82000000 [ 0x000000 - 0x42c568 ]
## Flattened Device Tree blob at 88000000
   Booting using the fdt blob at 0x88000000
   Loading Device Tree to 8ffec000, end 8ffff14e ... OK

Starting kernel ...

[    0.000000] Booting Linux on physical CPU 0x0
[    0.000000] Linux version 3.17.0-rc3-00002-g1c6a93a (nmenon@kahuna) (gcc version 4.6.3 (Ubuntu/Linaro 4.6.3-1ubuntu5) ) #1 SMP Mon Sep 1 02:03:19 CDT 2014
[    0.000000] CPU: ARMv7 Processor [412fc0f2] revision 2 (ARMv7), cr=10c5387d
[    0.000000] CPU: PIPT / VIPT nonaliasing data cache, PIPT instruction cache
[    0.000000] Machine model: TI DRA742
[    0.000000] cma: Reserved 16 MiB at ae800000
[    0.000000] Memory policy: Data cache writealloc
[    0.000000] DRA752 ES1.1
[    0.000000] PERCPU: Embedded 9 pages/cpu @edb8a000 s14336 r8192 d14336 u36864
[    0.000000] Built 1 zonelists in Zone order, mobility grouping on.  Total pages: 391440
[    0.000000] Kernel command line: console=ttyO0,115200n8 earlyprintk rootwait ip=dhcp root=/dev/mmcblk1p2 rw rootfstype=ext3
[    0.000000] PID hash table entries: 4096 (order: 2, 16384 bytes)
[    0.000000] Dentry cache hash table entries: 131072 (order: 7, 524288 bytes)
[    0.000000] Inode-cache hash table entries: 65536 (order: 6, 262144 bytes)
[    0.000000] Memory: 1524672K/1571840K available (5690K kernel code, 647K rwdata, 2204K rodata, 406K init, 8211K bss, 47168K reserved, 793600K highmem)
[    0.000000] Virtual kernel memory layout:
[    0.000000]     vector  : 0xffff0000 - 0xffff1000   (   4 kB)
[    0.000000]     fixmap  : 0xffc00000 - 0xffe00000   (2048 kB)
[    0.000000]     vmalloc : 0xf0000000 - 0xff000000   ( 240 MB)
[    0.000000]     lowmem  : 0xc0000000 - 0xef800000   ( 760 MB)
[    0.000000]     pkmap   : 0xbfe00000 - 0xc0000000   (   2 MB)
[    0.000000]     modules : 0xbf000000 - 0xbfe00000   (  14 MB)
[    0.000000]       .text : 0xc0008000 - 0xc07bde10   (7896 kB)
[    0.000000]       .init : 0xc07be000 - 0xc0823800   ( 406 kB)
[    0.000000]       .data : 0xc0824000 - 0xc08c5c48   ( 648 kB)
[    0.000000]        .bss : 0xc08c5c48 - 0xc10ca858   (8212 kB)
[    0.000000] Hierarchical RCU implementation.
[    0.000000] NR_IRQS:16 nr_irqs:16 16
[    0.000000] omap3_noncore_dpll_set_rate: dpll_gpu_ck: final rate 22574257 does not match desired rate 22579200
[    0.000000] Division by zero in kernel.
[    0.000000] CPU: 0 PID: 0 Comm: swapper/0 Not tainted 3.17.0-rc3-00002-g1c6a93a #1
[    0.000000] [<c0015160>] (unwind_backtrace) from [<c0011978>] (show_stack+0x10/0x14)
[    0.000000] [<c0011978>] (show_stack) from [<c055cd54>] (dump_stack+0x78/0x94)
[    0.000000] [<c055cd54>] (dump_stack) from [<c02dedec>] (Ldiv0+0x8/0x10)
[    0.000000] [<c02dedec>] (Ldiv0) from [<c047a8d4>] (ti_clk_divider_set_rate+0x14/0x14c)
[    0.000000] [<c047a8d4>] (ti_clk_divider_set_rate) from [<c0477fe4>] (clk_change_rate+0x138/0x180)
[    0.000000] [<c0477fe4>] (clk_change_rate) from [<c0477fb4>] (clk_change_rate+0x108/0x180)
[    0.000000] Division by zero in kernel.
[    0.000000] CPU: 0 PID: 0 Comm: swapper/0 Not tainted 3.17.0-rc3-00002-g1c6a93a #1
[    0.000000] [<c0015160>] (unwind_backtrace) from [<c0011978>] (show_stack+0x10/0x14)
[    0.000000] [<c0011978>] (show_stack) from [<c055cd54>] (dump_stack+0x78/0x94)
[    0.000000] [<c055cd54>] (dump_stack) from [<c02dedec>] (Ldiv0+0x8/0x10)
[    0.000000] [<c02dedec>] (Ldiv0) from [<c047a8d4>] (ti_clk_divider_set_rate+0x14/0x14c)
[    0.000000] [<c047a8d4>] (ti_clk_divider_set_rate) from [<c0477fe4>] (clk_change_rate+0x138/0x180)
[    0.000000] [<c0477fe4>] (clk_change_rate) from [<c0477fb4>] (clk_change_rate+0x108/0x180)
[    0.000000] Division by zero in kernel.
[    0.000000] CPU: 0 PID: 0 Comm: swapper/0 Not tainted 3.17.0-rc3-00002-g1c6a93a #1
[    0.000000] [<c0015160>] (unwind_backtrace) from [<c0011978>] (show_stack+0x10/0x14)
[    0.000000] [<c0011978>] (show_stack) from [<c055cd54>] (dump_stack+0x78/0x94)
[    0.000000] [<c055cd54>] (dump_stack) from [<c02dedec>] (Ldiv0+0x8/0x10)
[    0.000000] [<c02dedec>] (Ldiv0) from [<c047a8d4>] (ti_clk_divider_set_rate+0x14/0x14c)
[    0.000000] [<c047a8d4>] (ti_clk_divider_set_rate) from [<c0477fe4>] (clk_change_rate+0x138/0x180)
[    0.000000] [<c0477fe4>] (clk_change_rate) from [<c0477fb4>] (clk_change_rate+0x108/0x180)
[    0.000000] Division by zero in kernel.
[    0.000000] CPU: 0 PID: 0 Comm: swapper/0 Not tainted 3.17.0-rc3-00002-g1c6a93a #1
[    0.000000] [<c0015160>] (unwind_backtrace) from [<c0011978>] (show_stack+0x10/0x14)
[    0.000000] [<c0011978>] (show_stack) from [<c055cd54>] (dump_stack+0x78/0x94)
[    0.000000] [<c055cd54>] (dump_stack) from [<c02dedec>] (Ldiv0+0x8/0x10)
[    0.000000] [<c02dedec>] (Ldiv0) from [<c047a8d4>] (ti_clk_divider_set_rate+0x14/0x14c)
[    0.000000] [<c047a8d4>] (ti_clk_divider_set_rate) from [<c0477fe4>] (clk_change_rate+0x138/0x180)
[    0.000000] [<c0477fe4>] (clk_change_rate) from [<c0477fb4>] (clk_change_rate+0x108/0x180)
[    0.000000] Division by zero in kernel.
[    0.000000] CPU: 0 PID: 0 Comm: swapper/0 Not tainted 3.17.0-rc3-00002-g1c6a93a #1
[    0.000000] [<c0015160>] (unwind_backtrace) from [<c0011978>] (show_stack+0x10/0x14)
[    0.000000] [<c0011978>] (show_stack) from [<c055cd54>] (dump_stack+0x78/0x94)
[    0.000000] [<c055cd54>] (dump_stack) from [<c02dedec>] (Ldiv0+0x8/0x10)
[    0.000000] [<c02dedec>] (Ldiv0) from [<c047a8d4>] (ti_clk_divider_set_rate+0x14/0x14c)
[    0.000000] [<c047a8d4>] (ti_clk_divider_set_rate) from [<c0477fe4>] (clk_change_rate+0x138/0x180)
[    0.000000] [<c0477fe4>] (clk_change_rate) from [<c0477fb4>] (clk_change_rate+0x108/0x180)
[    0.000000] Division by zero in kernel.
[    0.000000] CPU: 0 PID: 0 Comm: swapper/0 Not tainted 3.17.0-rc3-00002-g1c6a93a #1
[    0.000000] [<c0015160>] (unwind_backtrace) from [<c0011978>] (show_stack+0x10/0x14)
[    0.000000] [<c0011978>] (show_stack) from [<c055cd54>] (dump_stack+0x78/0x94)
[    0.000000] [<c055cd54>] (dump_stack) from [<c02dedec>] (Ldiv0+0x8/0x10)
[    0.000000] [<c02dedec>] (Ldiv0) from [<c047a8d4>] (ti_clk_divider_set_rate+0x14/0x14c)
[    0.000000] [<c047a8d4>] (ti_clk_divider_set_rate) from [<c0477fe4>] (clk_change_rate+0x138/0x180)
[    0.000000] [<c0477fe4>] (clk_change_rate) from [<c0477fb4>] (clk_change_rate+0x108/0x180)
[    0.000000] Division by zero in kernel.
[    0.000000] CPU: 0 PID: 0 Comm: swapper/0 Not tainted 3.17.0-rc3-00002-g1c6a93a #1
[    0.000000] [<c0015160>] (unwind_backtrace) from [<c0011978>] (show_stack+0x10/0x14)
[    0.000000] [<c0011978>] (show_stack) from [<c055cd54>] (dump_stack+0x78/0x94)
[    0.000000] [<c055cd54>] (dump_stack) from [<c02dedec>] (Ldiv0+0x8/0x10)
[    0.000000] [<c02dedec>] (Ldiv0) from [<c047a8d4>] (ti_clk_divider_set_rate+0x14/0x14c)
[    0.000000] [<c047a8d4>] (ti_clk_divider_set_rate) from [<c0477fe4>] (clk_change_rate+0x138/0x180)
[    0.000000] [<c0477fe4>] (clk_change_rate) from [<c0477fb4>] (clk_change_rate+0x108/0x180)
[    0.000000] Division by zero in kernel.
[    0.000000] CPU: 0 PID: 0 Comm: swapper/0 Not tainted 3.17.0-rc3-00002-g1c6a93a #1
[    0.000000] [<c0015160>] (unwind_backtrace) from [<c0011978>] (show_stack+0x10/0x14)
[    0.000000] [<c0011978>] (show_stack) from [<c055cd54>] (dump_stack+0x78/0x94)
[    0.000000] [<c055cd54>] (dump_stack) from [<c02dedec>] (Ldiv0+0x8/0x10)
[    0.000000] [<c02dedec>] (Ldiv0) from [<c047a8d4>] (ti_clk_divider_set_rate+0x14/0x14c)
[    0.000000] [<c047a8d4>] (ti_clk_divider_set_rate) from [<c0477fe4>] (clk_change_rate+0x138/0x180)
[    0.000000] [<c0477fe4>] (clk_change_rate) from [<c0477fb4>] (clk_change_rate+0x108/0x180)
[    0.000000] Division by zero in kernel.
[    0.000000] CPU: 0 PID: 0 Comm: swapper/0 Not tainted 3.17.0-rc3-00002-g1c6a93a #1
[    0.000000] [<c0015160>] (unwind_backtrace) from [<c0011978>] (show_stack+0x10/0x14)
[    0.000000] [<c0011978>] (show_stack) from [<c055cd54>] (dump_stack+0x78/0x94)
[    0.000000] [<c055cd54>] (dump_stack) from [<c02dedec>] (Ldiv0+0x8/0x10)
[    0.000000] [<c02dedec>] (Ldiv0) from [<c047a8d4>] (ti_clk_divider_set_rate+0x14/0x14c)
[    0.000000] [<c047a8d4>] (ti_clk_divider_set_rate) from [<c0477fe4>] (clk_change_rate+0x138/0x180)
[    0.000000] [<c0477fe4>] (clk_change_rate) from [<c0477fb4>] (clk_change_rate+0x108/0x180)
[    0.000000] Division by zero in kernel.
[    0.000000] CPU: 0 PID: 0 Comm: swapper/0 Not tainted 3.17.0-rc3-00002-g1c6a93a #1
[    0.000000] [<c0015160>] (unwind_backtrace) from [<c0011978>] (show_stack+0x10/0x14)
[    0.000000] [<c0011978>] (show_stack) from [<c055cd54>] (dump_stack+0x78/0x94)
[    0.000000] [<c055cd54>] (dump_stack) from [<c02dedec>] (Ldiv0+0x8/0x10)
[    0.000000] [<c02dedec>] (Ldiv0) from [<c047a8d4>] (ti_clk_divider_set_rate+0x14/0x14c)
[    0.000000] [<c047a8d4>] (ti_clk_divider_set_rate) from [<c0477fe4>] (clk_change_rate+0x138/0x180)
[    0.000000] [<c0477fe4>] (clk_change_rate) from [<c0477fb4>] (clk_change_rate+0x108/0x180)
[    0.000000] Division by zero in kernel.
[    0.000000] CPU: 0 PID: 0 Comm: swapper/0 Not tainted 3.17.0-rc3-00002-g1c6a93a #1
[    0.000000] [<c0015160>] (unwind_backtrace) from [<c0011978>] (show_stack+0x10/0x14)
[    0.000000] [<c0011978>] (show_stack) from [<c055cd54>] (dump_stack+0x78/0x94)
[    0.000000] [<c055cd54>] (dump_stack) from [<c02dedec>] (Ldiv0+0x8/0x10)
[    0.000000] [<c02dedec>] (Ldiv0) from [<c047a8d4>] (ti_clk_divider_set_rate+0x14/0x14c)
[    0.000000] [<c047a8d4>] (ti_clk_divider_set_rate) from [<c0477fe4>] (clk_change_rate+0x138/0x180)
[    0.000000] [<c0477fe4>] (clk_change_rate) from [<c0477fb4>] (clk_change_rate+0x108/0x180)
[    0.000000] Division by zero in kernel.
[    0.000000] CPU: 0 PID: 0 Comm: swapper/0 Not tainted 3.17.0-rc3-00002-g1c6a93a #1
[    0.000000] [<c0015160>] (unwind_backtrace) from [<c0011978>] (show_stack+0x10/0x14)
[    0.000000] [<c0011978>] (show_stack) from [<c055cd54>] (dump_stack+0x78/0x94)
[    0.000000] [<c055cd54>] (dump_stack) from [<c02dedec>] (Ldiv0+0x8/0x10)
[    0.000000] [<c02dedec>] (Ldiv0) from [<c047a8d4>] (ti_clk_divider_set_rate+0x14/0x14c)
[    0.000000] [<c047a8d4>] (ti_clk_divider_set_rate) from [<c0477fe4>] (clk_change_rate+0x138/0x180)
[    0.000000] [<c0477fe4>] (clk_change_rate) from [<c0477fb4>] (clk_change_rate+0x108/0x180)
[    0.000000] Division by zero in kernel.
[    0.000000] CPU: 0 PID: 0 Comm: swapper/0 Not tainted 3.17.0-rc3-00002-g1c6a93a #1
[    0.000000] [<c0015160>] (unwind_backtrace) from [<c0011978>] (show_stack+0x10/0x14)
[    0.000000] [<c0011978>] (show_stack) from [<c055cd54>] (dump_stack+0x78/0x94)
[    0.000000] [<c055cd54>] (dump_stack) from [<c02dedec>] (Ldiv0+0x8/0x10)
[    0.000000] [<c02dedec>] (Ldiv0) from [<c047a8d4>] (ti_clk_divider_set_rate+0x14/0x14c)
[    0.000000] [<c047a8d4>] (ti_clk_divider_set_rate) from [<c0477fe4>] (clk_change_rate+0x138/0x180)
[    0.000000] [<c0477fe4>] (clk_change_rate) from [<c0477fb4>] (clk_change_rate+0x108/0x180)
[    0.000000] Division by zero in kernel.
[    0.000000] CPU: 0 PID: 0 Comm: swapper/0 Not tainted 3.17.0-rc3-00002-g1c6a93a #1
[    0.000000] [<c0015160>] (unwind_backtrace) from [<c0011978>] (show_stack+0x10/0x14)
[    0.000000] [<c0011978>] (show_stack) from [<c055cd54>] (dump_stack+0x78/0x94)
[    0.000000] [<c055cd54>] (dump_stack) from [<c02dedec>] (Ldiv0+0x8/0x10)
[    0.000000] [<c02dedec>] (Ldiv0) from [<c047a8d4>] (ti_clk_divider_set_rate+0x14/0x14c)
[    0.000000] [<c047a8d4>] (ti_clk_divider_set_rate) from [<c0477fe4>] (clk_change_rate+0x138/0x180)
[    0.000000] [<c0477fe4>] (clk_change_rate) from [<c0477fb4>] (clk_change_rate+0x108/0x180)
[    0.000000] Division by zero in kernel.
[    0.000000] CPU: 0 PID: 0 Comm: swapper/0 Not tainted 3.17.0-rc3-00002-g1c6a93a #1
[    0.000000] [<c0015160>] (unwind_backtrace) from [<c0011978>] (show_stack+0x10/0x14)
[    0.000000] [<c0011978>] (show_stack) from [<c055cd54>] (dump_stack+0x78/0x94)
[    0.000000] [<c055cd54>] (dump_stack) from [<c02dedec>] (Ldiv0+0x8/0x10)
[    0.000000] [<c02dedec>] (Ldiv0) from [<c047a8d4>] (ti_clk_divider_set_rate+0x14/0x14c)
[    0.000000] [<c047a8d4>] (ti_clk_divider_set_rate) from [<c0477fe4>] (clk_change_rate+0x138/0x180)
[    0.000000] [<c0477fe4>] (clk_change_rate) from [<c0477fb4>] (clk_change_rate+0x108/0x180)
[    0.000000] Division by zero in kernel.
[    0.000000] CPU: 0 PID: 0 Comm: swapper/0 Not tainted 3.17.0-rc3-00002-g1c6a93a #1
[    0.000000] [<c0015160>] (unwind_backtrace) from [<c0011978>] (show_stack+0x10/0x14)
[    0.000000] [<c0011978>] (show_stack) from [<c055cd54>] (dump_stack+0x78/0x94)
[    0.000000] [<c055cd54>] (dump_stack) from [<c02dedec>] (Ldiv0+0x8/0x10)
[    0.000000] [<c02dedec>] (Ldiv0) from [<c047a8d4>] (ti_clk_divider_set_rate+0x14/0x14c)
[    0.000000] [<c047a8d4>] (ti_clk_divider_set_rate) from [<c0477fe4>] (clk_change_rate+0x138/0x180)
[    0.000000] [<c0477fe4>] (clk_change_rate) from [<c0477fb4>] (clk_change_rate+0x108/0x180)
[    0.000000] Division by zero in kernel.
[    0.000000] CPU: 0 PID: 0 Comm: swapper/0 Not tainted 3.17.0-rc3-00002-g1c6a93a #1
[    0.000000] [<c0015160>] (unwind_backtrace) from [<c0011978>] (show_stack+0x10/0x14)
[    0.000000] [<c0011978>] (show_stack) from [<c055cd54>] (dump_stack+0x78/0x94)
[    0.000000] [<c055cd54>] (dump_stack) from [<c02dedec>] (Ldiv0+0x8/0x10)
[    0.000000] [<c02dedec>] (Ldiv0) from [<c047a8d4>] (ti_clk_divider_set_rate+0x14/0x14c)
[    0.000000] [<c047a8d4>] (ti_clk_divider_set_rate) from [<c0477fe4>] (clk_change_rate+0x138/0x180)
[    0.000000] [<c0477fe4>] (clk_change_rate) from [<c0477fb4>] (clk_change_rate+0x108/0x180)
[    0.000000] Division by zero in kernel.
[    0.000000] CPU: 0 PID: 0 Comm: swapper/0 Not tainted 3.17.0-rc3-00002-g1c6a93a #1
[    0.000000] [<c0015160>] (unwind_backtrace) from [<c0011978>] (show_stack+0x10/0x14)
[    0.000000] [<c0011978>] (show_stack) from [<c055cd54>] (dump_stack+0x78/0x94)
[    0.000000] [<c055cd54>] (dump_stack) from [<c02dedec>] (Ldiv0+0x8/0x10)
[    0.000000] [<c02dedec>] (Ldiv0) from [<c047a8d4>] (ti_clk_divider_set_rate+0x14/0x14c)
[    0.000000] [<c047a8d4>] (ti_clk_divider_set_rate) from [<c0477fe4>] (clk_change_rate+0x138/0x180)
[    0.000000] [<c0477fe4>] (clk_change_rate) from [<c0477fb4>] (clk_change_rate+0x108/0x180)
[    0.000000] Division by zero in kernel.
[    0.000000] CPU: 0 PID: 0 Comm: swapper/0 Not tainted 3.17.0-rc3-00002-g1c6a93a #1
[    0.000000] [<c0015160>] (unwind_backtrace) from [<c0011978>] (show_stack+0x10/0x14)
[    0.000000] [<c0011978>] (show_stack) from [<c055cd54>] (dump_stack+0x78/0x94)
[    0.000000] [<c055cd54>] (dump_stack) from [<c02dedec>] (Ldiv0+0x8/0x10)
[    0.000000] [<c02dedec>] (Ldiv0) from [<c047a8d4>] (ti_clk_divider_set_rate+0x14/0x14c)
[    0.000000] [<c047a8d4>] (ti_clk_divider_set_rate) from [<c0477fe4>] (clk_change_rate+0x138/0x180)
[    0.000000] [<c0477fe4>] (clk_change_rate) from [<c0477fb4>] (clk_change_rate+0x108/0x180)
[    0.000000] Division by zero in kernel.
[    0.000000] CPU: 0 PID: 0 Comm: swapper/0 Not tainted 3.17.0-rc3-00002-g1c6a93a #1
[    0.000000] [<c0015160>] (unwind_backtrace) from [<c0011978>] (show_stack+0x10/0x14)
[    0.000000] [<c0011978>] (show_stack) from [<c055cd54>] (dump_stack+0x78/0x94)
[    0.000000] [<c055cd54>] (dump_stack) from [<c02dedec>] (Ldiv0+0x8/0x10)
[    0.000000] [<c02dedec>] (Ldiv0) from [<c047a8d4>] (ti_clk_divider_set_rate+0x14/0x14c)
[    0.000000] [<c047a8d4>] (ti_clk_divider_set_rate) from [<c0477fe4>] (clk_change_rate+0x138/0x180)
[    0.000000] [<c0477fe4>] (clk_change_rate) from [<c0477fb4>] (clk_change_rate+0x108/0x180)
[    0.000000] Division by zero in kernel.
[    0.000000] CPU: 0 PID: 0 Comm: swapper/0 Not tainted 3.17.0-rc3-00002-g1c6a93a #1
[    0.000000] [<c0015160>] (unwind_backtrace) from [<c0011978>] (show_stack+0x10/0x14)
[    0.000000] [<c0011978>] (show_stack) from [<c055cd54>] (dump_stack+0x78/0x94)
[    0.000000] [<c055cd54>] (dump_stack) from [<c02dedec>] (Ldiv0+0x8/0x10)
[    0.000000] [<c02dedec>] (Ldiv0) from [<c047a8d4>] (ti_clk_divider_set_rate+0x14/0x14c)
[    0.000000] [<c047a8d4>] (ti_clk_divider_set_rate) from [<c0477fe4>] (clk_change_rate+0x138/0x180)
[    0.000000] [<c0477fe4>] (clk_change_rate) from [<c0477fb4>] (clk_change_rate+0x108/0x180)
[    0.000000] Division by zero in kernel.
[    0.000000] CPU: 0 PID: 0 Comm: swapper/0 Not tainted 3.17.0-rc3-00002-g1c6a93a #1
[    0.000000] [<c0015160>] (unwind_backtrace) from [<c0011978>] (show_stack+0x10/0x14)
[    0.000000] [<c0011978>] (show_stack) from [<c055cd54>] (dump_stack+0x78/0x94)
[    0.000000] [<c055cd54>] (dump_stack) from [<c02dedec>] (Ldiv0+0x8/0x10)
[    0.000000] [<c02dedec>] (Ldiv0) from [<c047a8d4>] (ti_clk_divider_set_rate+0x14/0x14c)
[    0.000000] [<c047a8d4>] (ti_clk_divider_set_rate) from [<c0477fe4>] (clk_change_rate+0x138/0x180)
[    0.000000] [<c0477fe4>] (clk_change_rate) from [<c0477fb4>] (clk_change_rate+0x108/0x180)
[    0.000000] Division by zero in kernel.
[    0.000000] CPU: 0 PID: 0 Comm: swapper/0 Not tainted 3.17.0-rc3-00002-g1c6a93a #1
[    0.000000] [<c0015160>] (unwind_backtrace) from [<c0011978>] (show_stack+0x10/0x14)
[    0.000000] [<c0011978>] (show_stack) from [<c055cd54>] (dump_stack+0x78/0x94)
[    0.000000] [<c055cd54>] (dump_stack) from [<c02dedec>] (Ldiv0+0x8/0x10)
[    0.000000] [<c02dedec>] (Ldiv0) from [<c047a8d4>] (ti_clk_divider_set_rate+0x14/0x14c)
[    0.000000] [<c047a8d4>] (ti_clk_divider_set_rate) from [<c0477fe4>] (clk_change_rate+0x138/0x180)
[    0.000000] [<c0477fe4>] (clk_change_rate) from [<c0477fb4>] (clk_change_rate+0x108/0x180)
[    0.000000] Division by zero in kernel.
[    0.000000] CPU: 0 PID: 0 Comm: swapper/0 Not tainted 3.17.0-rc3-00002-g1c6a93a #1
[    0.000000] [<c0015160>] (unwind_backtrace) from [<c0011978>] (show_stack+0x10/0x14)
[    0.000000] [<c0011978>] (show_stack) from [<c055cd54>] (dump_stack+0x78/0x94)
[    0.000000] [<c055cd54>] (dump_stack) from [<c02dedec>] (Ldiv0+0x8/0x10)
[    0.000000] [<c02dedec>] (Ldiv0) from [<c047a8d4>] (ti_clk_divider_set_rate+0x14/0x14c)
[    0.000000] [<c047a8d4>] (ti_clk_divider_set_rate) from [<c0477fe4>] (clk_change_rate+0x138/0x180)
[    0.000000] [<c0477fe4>] (clk_change_rate) from [<c0477fb4>] (clk_change_rate+0x108/0x180)
[    0.000000] Division by zero in kernel.
[    0.000000] CPU: 0 PID: 0 Comm: swapper/0 Not tainted 3.17.0-rc3-00002-g1c6a93a #1
[    0.000000] [<c0015160>] (unwind_backtrace) from [<c0011978>] (show_stack+0x10/0x14)
[    0.000000] [<c0011978>] (show_stack) from [<c055cd54>] (dump_stack+0x78/0x94)
[    0.000000] [<c055cd54>] (dump_stack) from [<c02dedec>] (Ldiv0+0x8/0x10)
[    0.000000] [<c02dedec>] (Ldiv0) from [<c047a8d4>] (ti_clk_divider_set_rate+0x14/0x14c)
[    0.000000] [<c047a8d4>] (ti_clk_divider_set_rate) from [<c0477fe4>] (clk_change_rate+0x138/0x180)
[    0.000000] [<c0477fe4>] (clk_change_rate) from [<c0477fb4>] (clk_change_rate+0x108/0x180)
[    0.000000] Division by zero in kernel.
[    0.000000] CPU: 0 PID: 0 Comm: swapper/0 Not tainted 3.17.0-rc3-00002-g1c6a93a #1
[    0.000000] [<c0015160>] (unwind_backtrace) from [<c0011978>] (show_stack+0x10/0x14)
[    0.000000] [<c0011978>] (show_stack) from [<c055cd54>] (dump_stack+0x78/0x94)
[    0.000000] [<c055cd54>] (dump_stack) from [<c02dedec>] (Ldiv0+0x8/0x10)
[    0.000000] [<c02dedec>] (Ldiv0) from [<c047a8d4>] (ti_clk_divider_set_rate+0x14/0x14c)
[    0.000000] [<c047a8d4>] (ti_clk_divider_set_rate) from [<c0477fe4>] (clk_change_rate+0x138/0x180)
[    0.000000] [<c0477fe4>] (clk_change_rate) from [<c0477fb4>] (clk_change_rate+0x108/0x180)
[    0.000000] Division by zero in kernel.
[    0.000000] CPU: 0 PID: 0 Comm: swapper/0 Not tainted 3.17.0-rc3-00002-g1c6a93a #1
[    0.000000] [<c0015160>] (unwind_backtrace) from [<c0011978>] (show_stack+0x10/0x14)
[    0.000000] [<c0011978>] (show_stack) from [<c055cd54>] (dump_stack+0x78/0x94)
[    0.000000] [<c055cd54>] (dump_stack) from [<c02dedec>] (Ldiv0+0x8/0x10)
[    0.000000] [<c02dedec>] (Ldiv0) from [<c047a8d4>] (ti_clk_divider_set_rate+0x14/0x14c)
[    0.000000] [<c047a8d4>] (ti_clk_divider_set_rate) from [<c0477fe4>] (clk_change_rate+0x138/0x180)
[    0.000000] [<c0477fe4>] (clk_change_rate) from [<c0477fb4>] (clk_change_rate+0x108/0x180)
[    0.000000] Division by zero in kernel.
[    0.000000] CPU: 0 PID: 0 Comm: swapper/0 Not tainted 3.17.0-rc3-00002-g1c6a93a #1
[    0.000000] [<c0015160>] (unwind_backtrace) from [<c0011978>] (show_stack+0x10/0x14)
[    0.000000] [<c0011978>] (show_stack) from [<c055cd54>] (dump_stack+0x78/0x94)
[    0.000000] [<c055cd54>] (dump_stack) from [<c02dedec>] (Ldiv0+0x8/0x10)
[    0.000000] [<c02dedec>] (Ldiv0) from [<c047a8d4>] (ti_clk_divider_set_rate+0x14/0x14c)
[    0.000000] [<c047a8d4>] (ti_clk_divider_set_rate) from [<c0477fe4>] (clk_change_rate+0x138/0x180)
[    0.000000] [<c0477fe4>] (clk_change_rate) from [<c0477fb4>] (clk_change_rate+0x108/0x180)
[    0.000000] Division by zero in kernel.
[    0.000000] CPU: 0 PID: 0 Comm: swapper/0 Not tainted 3.17.0-rc3-00002-g1c6a93a #1
[    0.000000] [<c0015160>] (unwind_backtrace) from [<c0011978>] (show_stack+0x10/0x14)
[    0.000000] [<c0011978>] (show_stack) from [<c055cd54>] (dump_stack+0x78/0x94)
[    0.000000] [<c055cd54>] (dump_stack) from [<c02dedec>] (Ldiv0+0x8/0x10)
[    0.000000] [<c02dedec>] (Ldiv0) from [<c047a8d4>] (ti_clk_divider_set_rate+0x14/0x14c)
[    0.000000] [<c047a8d4>] (ti_clk_divider_set_rate) from [<c0477fe4>] (clk_change_rate+0x138/0x180)
[    0.000000] [<c0477fe4>] (clk_change_rate) from [<c0477fb4>] (clk_change_rate+0x108/0x180)
[    0.000000] Division by zero in kernel.
[    0.000000] CPU: 0 PID: 0 Comm: swapper/0 Not tainted 3.17.0-rc3-00002-g1c6a93a #1
[    0.000000] [<c0015160>] (unwind_backtrace) from [<c0011978>] (show_stack+0x10/0x14)
[    0.000000] [<c0011978>] (show_stack) from [<c055cd54>] (dump_stack+0x78/0x94)
[    0.000000] [<c055cd54>] (dump_stack) from [<c02dedec>] (Ldiv0+0x8/0x10)
[    0.000000] [<c02dedec>] (Ldiv0) from [<c047a8d4>] (ti_clk_divider_set_rate+0x14/0x14c)
[    0.000000] [<c047a8d4>] (ti_clk_divider_set_rate) from [<c0477fe4>] (clk_change_rate+0x138/0x180)
[    0.000000] [<c0477fe4>] (clk_change_rate) from [<c0477fb4>] (clk_change_rate+0x108/0x180)
[    0.000000] Division by zero in kernel.
[    0.000000] CPU: 0 PID: 0 Comm: swapper/0 Not tainted 3.17.0-rc3-00002-g1c6a93a #1
[    0.000000] [<c0015160>] (unwind_backtrace) from [<c0011978>] (show_stack+0x10/0x14)
[    0.000000] [<c0011978>] (show_stack) from [<c055cd54>] (dump_stack+0x78/0x94)
[    0.000000] [<c055cd54>] (dump_stack) from [<c02dedec>] (Ldiv0+0x8/0x10)
[    0.000000] [<c02dedec>] (Ldiv0) from [<c047a8d4>] (ti_clk_divider_set_rate+0x14/0x14c)
[    0.000000] [<c047a8d4>] (ti_clk_divider_set_rate) from [<c0477fe4>] (clk_change_rate+0x138/0x180)
[    0.000000] [<c0477fe4>] (clk_change_rate) from [<c0477fb4>] (clk_change_rate+0x108/0x180)
[    0.000000] Division by zero in kernel.
[    0.000000] CPU: 0 PID: 0 Comm: swapper/0 Not tainted 3.17.0-rc3-00002-g1c6a93a #1
[    0.000000] [<c0015160>] (unwind_backtrace) from [<c0011978>] (show_stack+0x10/0x14)
[    0.000000] [<c0011978>] (show_stack) from [<c055cd54>] (dump_stack+0x78/0x94)
[    0.000000] [<c055cd54>] (dump_stack) from [<c02dedec>] (Ldiv0+0x8/0x10)
[    0.000000] [<c02dedec>] (Ldiv0) from [<c047a8d4>] (ti_clk_divider_set_rate+0x14/0x14c)
[    0.000000] [<c047a8d4>] (ti_clk_divider_set_rate) from [<c0477fe4>] (clk_change_rate+0x138/0x180)
[    0.000000] [<c0477fe4>] (clk_change_rate) from [<c0477fb4>] (clk_change_rate+0x108/0x180)
[    0.000000] Division by zero in kernel.
[    0.000000] CPU: 0 PID: 0 Comm: swapper/0 Not tainted 3.17.0-rc3-00002-g1c6a93a #1
[    0.000000] [<c0015160>] (unwind_backtrace) from [<c0011978>] (show_stack+0x10/0x14)
[    0.000000] [<c0011978>] (show_stack) from [<c055cd54>] (dump_stack+0x78/0x94)
[    0.000000] [<c055cd54>] (dump_stack) from [<c02dedec>] (Ldiv0+0x8/0x10)
[    0.000000] [<c02dedec>] (Ldiv0) from [<c047a8d4>] (ti_clk_divider_set_rate+0x14/0x14c)
[    0.000000] [<c047a8d4>] (ti_clk_divider_set_rate) from [<c0477fe4>] (clk_change_rate+0x138/0x180)
[    0.000000] [<c0477fe4>] (clk_change_rate) from [<c0477fb4>] (clk_change_rate+0x108/0x180)
[    0.000000] Division by zero in kernel.
[    0.000000] CPU: 0 PID: 0 Comm: swapper/0 Not tainted 3.17.0-rc3-00002-g1c6a93a #1
[    0.000000] [<c0015160>] (unwind_backtrace) from [<c0011978>] (show_stack+0x10/0x14)
[    0.000000] [<c0011978>] (show_stack) from [<c055cd54>] (dump_stack+0x78/0x94)
[    0.000000] [<c055cd54>] (dump_stack) from [<c02dedec>] (Ldiv0+0x8/0x10)
[    0.000000] [<c02dedec>] (Ldiv0) from [<c047a8d4>] (ti_clk_divider_set_rate+0x14/0x14c)
[    0.000000] [<c047a8d4>] (ti_clk_divider_set_rate) from [<c0477fe4>] (clk_change_rate+0x138/0x180)
[    0.000000] [<c0477fe4>] (clk_change_rate) from [<c0477fb4>] (clk_change_rate+0x108/0x180)
[    0.000000] Division by zero in kernel.
[    0.000000] CPU: 0 PID: 0 Comm: swapper/0 Not tainted 3.17.0-rc3-00002-g1c6a93a #1
[    0.000000] [<c0015160>] (unwind_backtrace) from [<c0011978>] (show_stack+0x10/0x14)
[    0.000000] [<c0011978>] (show_stack) from [<c055cd54>] (dump_stack+0x78/0x94)
[    0.000000] [<c055cd54>] (dump_stack) from [<c02dedec>] (Ldiv0+0x8/0x10)
[    0.000000] [<c02dedec>] (Ldiv0) from [<c047a8d4>] (ti_clk_divider_set_rate+0x14/0x14c)
[    0.000000] [<c047a8d4>] (ti_clk_divider_set_rate) from [<c0477fe4>] (clk_change_rate+0x138/0x180)
[    0.000000] [<c0477fe4>] (clk_change_rate) from [<c0477fb4>] (clk_change_rate+0x108/0x180)
[    0.000000] Division by zero in kernel.
[    0.000000] CPU: 0 PID: 0 Comm: swapper/0 Not tainted 3.17.0-rc3-00002-g1c6a93a #1
[    0.000000] [<c0015160>] (unwind_backtrace) from [<c0011978>] (show_stack+0x10/0x14)
[    0.000000] [<c0011978>] (show_stack) from [<c055cd54>] (dump_stack+0x78/0x94)
[    0.000000] [<c055cd54>] (dump_stack) from [<c02dedec>] (Ldiv0+0x8/0x10)
[    0.000000] [<c02dedec>] (Ldiv0) from [<c047a8d4>] (ti_clk_divider_set_rate+0x14/0x14c)
[    0.000000] [<c047a8d4>] (ti_clk_divider_set_rate) from [<c0477fe4>] (clk_change_rate+0x138/0x180)
[    0.000000] [<c0477fe4>] (clk_change_rate) from [<c0477fb4>] (clk_change_rate+0x108/0x180)
[    0.000000] Division by zero in kernel.
[    0.000000] CPU: 0 PID: 0 Comm: swapper/0 Not tainted 3.17.0-rc3-00002-g1c6a93a #1
[    0.000000] [<c0015160>] (unwind_backtrace) from [<c0011978>] (show_stack+0x10/0x14)
[    0.000000] [<c0011978>] (show_stack) from [<c055cd54>] (dump_stack+0x78/0x94)
[    0.000000] [<c055cd54>] (dump_stack) from [<c02dedec>] (Ldiv0+0x8/0x10)
[    0.000000] [<c02dedec>] (Ldiv0) from [<c047a8d4>] (ti_clk_divider_set_rate+0x14/0x14c)
[    0.000000] [<c047a8d4>] (ti_clk_divider_set_rate) from [<c0477fe4>] (clk_change_rate+0x138/0x180)
[    0.000000] [<c0477fe4>] (clk_change_rate) from [<c0477fb4>] (clk_change_rate+0x108/0x180)
[    0.000000] Division by zero in kernel.
[    0.000000] CPU: 0 PID: 0 Comm: swapper/0 Not tainted 3.17.0-rc3-00002-g1c6a93a #1
[    0.000000] [<c0015160>] (unwind_backtrace) from [<c0011978>] (show_stack+0x10/0x14)
[    0.000000] [<c0011978>] (show_stack) from [<c055cd54>] (dump_stack+0x78/0x94)
[    0.000000] [<c055cd54>] (dump_stack) from [<c02dedec>] (Ldiv0+0x8/0x10)
[    0.000000] [<c02dedec>] (Ldiv0) from [<c047a8d4>] (ti_clk_divider_set_rate+0x14/0x14c)
[    0.000000] [<c047a8d4>] (ti_clk_divider_set_rate) from [<c0477fe4>] (clk_change_rate+0x138/0x180)
[    0.000000] [<c0477fe4>] (clk_change_rate) from [<c0477fb4>] (clk_change_rate+0x108/0x180)
[    0.000000] Division by zero in kernel.
[    0.000000] CPU: 0 PID: 0 Comm: swapper/0 Not tainted 3.17.0-rc3-00002-g1c6a93a #1
[    0.000000] [<c0015160>] (unwind_backtrace) from [<c0011978>] (show_stack+0x10/0x14)
[    0.000000] [<c0011978>] (show_stack) from [<c055cd54>] (dump_stack+0x78/0x94)
[    0.000000] [<c055cd54>] (dump_stack) from [<c02dedec>] (Ldiv0+0x8/0x10)
[    0.000000] [<c02dedec>] (Ldiv0) from [<c047b5fc>] (atl_clk_set_rate+0x10/0x2c)
[    0.000000] [<c047b5fc>] (atl_clk_set_rate) from [<c0477fe4>] (clk_change_rate+0x138/0x180)
[    0.000000] [<c0477fe4>] (clk_change_rate) from [<c0477fb4>] (clk_change_rate+0x108/0x180)
[    0.000000] Division by zero in kernel.
[    0.000000] CPU: 0 PID: 0 Comm: swapper/0 Not tainted 3.17.0-rc3-00002-g1c6a93a #1
[    0.000000] [<c0015160>] (unwind_backtrace) from [<c0011978>] (show_stack+0x10/0x14)
[    0.000000] [<c0011978>] (show_stack) from [<c055cd54>] (dump_stack+0x78/0x94)
[    0.000000] [<c055cd54>] (dump_stack) from [<c02dedec>] (Ldiv0+0x8/0x10)
[    0.000000] [<c02dedec>] (Ldiv0) from [<c047b5fc>] (atl_clk_set_rate+0x10/0x2c)
[    0.000000] [<c047b5fc>] (atl_clk_set_rate) from [<c0477fe4>] (clk_change_rate+0x138/0x180)
[    0.000000] [<c0477fe4>] (clk_change_rate) from [<c0477fb4>] (clk_change_rate+0x108/0x180)
[    0.000000] Division by zero in kernel.
[    0.000000] CPU: 0 PID: 0 Comm: swapper/0 Not tainted 3.17.0-rc3-00002-g1c6a93a #1
[    0.000000] [<c0015160>] (unwind_backtrace) from [<c0011978>] (show_stack+0x10/0x14)
[    0.000000] [<c0011978>] (show_stack) from [<c055cd54>] (dump_stack+0x78/0x94)
[    0.000000] [<c055cd54>] (dump_stack) from [<c02dedec>] (Ldiv0+0x8/0x10)
[    0.000000] [<c02dedec>] (Ldiv0) from [<c047b5fc>] (atl_clk_set_rate+0x10/0x2c)
[    0.000000] [<c047b5fc>] (atl_clk_set_rate) from [<c0477fe4>] (clk_change_rate+0x138/0x180)
[    0.000000] [<c0477fe4>] (clk_change_rate) from [<c0477fb4>] (clk_change_rate+0x108/0x180)
[    0.000000] Division by zero in kernel.
[    0.000000] CPU: 0 PID: 0 Comm: swapper/0 Not tainted 3.17.0-rc3-00002-g1c6a93a #1
[    0.000000] [<c0015160>] (unwind_backtrace) from [<c0011978>] (show_stack+0x10/0x14)
[    0.000000] [<c0011978>] (show_stack) from [<c055cd54>] (dump_stack+0x78/0x94)
[    0.000000] [<c055cd54>] (dump_stack) from [<c02dedec>] (Ldiv0+0x8/0x10)
[    0.000000] [<c02dedec>] (Ldiv0) from [<c047b5fc>] (atl_clk_set_rate+0x10/0x2c)
[    0.000000] [<c047b5fc>] (atl_clk_set_rate) from [<c0477fe4>] (clk_change_rate+0x138/0x180)
[    0.000000] [<c0477fe4>] (clk_change_rate) from [<c0477fb4>] (clk_change_rate+0x108/0x180)
[    0.000000] Division by zero in kernel.
[    0.000000] CPU: 0 PID: 0 Comm: swapper/0 Not tainted 3.17.0-rc3-00002-g1c6a93a #1
[    0.000000] [<c0015160>] (unwind_backtrace) from [<c0011978>] (show_stack+0x10/0x14)
[    0.000000] [<c0011978>] (show_stack) from [<c055cd54>] (dump_stack+0x78/0x94)
[    0.000000] [<c055cd54>] (dump_stack) from [<c02dedec>] (Ldiv0+0x8/0x10)
[    0.000000] [<c02dedec>] (Ldiv0) from [<c047a8d4>] (ti_clk_divider_set_rate+0x14/0x14c)
[    0.000000] [<c047a8d4>] (ti_clk_divider_set_rate) from [<c0477fe4>] (clk_change_rate+0x138/0x180)
[    0.000000] [<c0477fe4>] (clk_change_rate) from [<c0477fb4>] (clk_change_rate+0x108/0x180)
[    0.000000] Division by zero in kernel.
[    0.000000] CPU: 0 PID: 0 Comm: swapper/0 Not tainted 3.17.0-rc3-00002-g1c6a93a #1
[    0.000000] [<c0015160>] (unwind_backtrace) from [<c0011978>] (show_stack+0x10/0x14)
[    0.000000] [<c0011978>] (show_stack) from [<c055cd54>] (dump_stack+0x78/0x94)
[    0.000000] [<c055cd54>] (dump_stack) from [<c02dedec>] (Ldiv0+0x8/0x10)
[    0.000000] [<c02dedec>] (Ldiv0) from [<c047a8d4>] (ti_clk_divider_set_rate+0x14/0x14c)
[    0.000000] [<c047a8d4>] (ti_clk_divider_set_rate) from [<c0477fe4>] (clk_change_rate+0x138/0x180)
[    0.000000] [<c0477fe4>] (clk_change_rate) from [<c0477fb4>] (clk_change_rate+0x108/0x180)
[    0.000000] Division by zero in kernel.
[    0.000000] CPU: 0 PID: 0 Comm: swapper/0 Not tainted 3.17.0-rc3-00002-g1c6a93a #1
[    0.000000] [<c0015160>] (unwind_backtrace) from [<c0011978>] (show_stack+0x10/0x14)
[    0.000000] [<c0011978>] (show_stack) from [<c055cd54>] (dump_stack+0x78/0x94)
[    0.000000] [<c055cd54>] (dump_stack) from [<c02dedec>] (Ldiv0+0x8/0x10)
[    0.000000] [<c02dedec>] (Ldiv0) from [<c047a8d4>] (ti_clk_divider_set_rate+0x14/0x14c)
[    0.000000] [<c047a8d4>] (ti_clk_divider_set_rate) from [<c0477fe4>] (clk_change_rate+0x138/0x180)
[    0.000000] [<c0477fe4>] (clk_change_rate) from [<c0477fb4>] (clk_change_rate+0x108/0x180)
[    0.000000] Division by zero in kernel.
[    0.000000] CPU: 0 PID: 0 Comm: swapper/0 Not tainted 3.17.0-rc3-00002-g1c6a93a #1
[    0.000000] [<c0015160>] (unwind_backtrace) from [<c0011978>] (show_stack+0x10/0x14)
[    0.000000] [<c0011978>] (show_stack) from [<c055cd54>] (dump_stack+0x78/0x94)
[    0.000000] [<c055cd54>] (dump_stack) from [<c02dedec>] (Ldiv0+0x8/0x10)
[    0.000000] [<c02dedec>] (Ldiv0) from [<c047a8d4>] (ti_clk_divider_set_rate+0x14/0x14c)
[    0.000000] [<c047a8d4>] (ti_clk_divider_set_rate) from [<c0477fe4>] (clk_change_rate+0x138/0x180)
[    0.000000] [<c0477fe4>] (clk_change_rate) from [<c0477fb4>] (clk_change_rate+0x108/0x180)
[    0.000000] Division by zero in kernel.
[    0.000000] CPU: 0 PID: 0 Comm: swapper/0 Not tainted 3.17.0-rc3-00002-g1c6a93a #1
[    0.000000] [<c0015160>] (unwind_backtrace) from [<c0011978>] (show_stack+0x10/0x14)
[    0.000000] [<c0011978>] (show_stack) from [<c055cd54>] (dump_stack+0x78/0x94)
[    0.000000] [<c055cd54>] (dump_stack) from [<c02dedec>] (Ldiv0+0x8/0x10)
[    0.000000] [<c02dedec>] (Ldiv0) from [<c047a8d4>] (ti_clk_divider_set_rate+0x14/0x14c)
[    0.000000] [<c047a8d4>] (ti_clk_divider_set_rate) from [<c0477fe4>] (clk_change_rate+0x138/0x180)
[    0.000000] [<c0477fe4>] (clk_change_rate) from [<c0477fb4>] (clk_change_rate+0x108/0x180)
[    0.000000] Division by zero in kernel.
[    0.000000] CPU: 0 PID: 0 Comm: swapper/0 Not tainted 3.17.0-rc3-00002-g1c6a93a #1
[    0.000000] [<c0015160>] (unwind_backtrace) from [<c0011978>] (show_stack+0x10/0x14)
[    0.000000] [<c0011978>] (show_stack) from [<c055cd54>] (dump_stack+0x78/0x94)
[    0.000000] [<c055cd54>] (dump_stack) from [<c02dedec>] (Ldiv0+0x8/0x10)
[    0.000000] [<c02dedec>] (Ldiv0) from [<c047a8d4>] (ti_clk_divider_set_rate+0x14/0x14c)
[    0.000000] [<c047a8d4>] (ti_clk_divider_set_rate) from [<c0477fe4>] (clk_change_rate+0x138/0x180)
[    0.000000] [<c0477fe4>] (clk_change_rate) from [<c0477fb4>] (clk_change_rate+0x108/0x180)
[    0.000000] Division by zero in kernel.
[    0.000000] CPU: 0 PID: 0 Comm: swapper/0 Not tainted 3.17.0-rc3-00002-g1c6a93a #1
[    0.000000] [<c0015160>] (unwind_backtrace) from [<c0011978>] (show_stack+0x10/0x14)
[    0.000000] [<c0011978>] (show_stack) from [<c055cd54>] (dump_stack+0x78/0x94)
[    0.000000] [<c055cd54>] (dump_stack) from [<c02dedec>] (Ldiv0+0x8/0x10)
[    0.000000] [<c02dedec>] (Ldiv0) from [<c047a8d4>] (ti_clk_divider_set_rate+0x14/0x14c)
[    0.000000] [<c047a8d4>] (ti_clk_divider_set_rate) from [<c0477fe4>] (clk_change_rate+0x138/0x180)
[    0.000000] [<c0477fe4>] (clk_change_rate) from [<c0477fb4>] (clk_change_rate+0x108/0x180)
[    0.000000] Division by zero in kernel.
[    0.000000] CPU: 0 PID: 0 Comm: swapper/0 Not tainted 3.17.0-rc3-00002-g1c6a93a #1
[    0.000000] [<c0015160>] (unwind_backtrace) from [<c0011978>] (show_stack+0x10/0x14)
[    0.000000] [<c0011978>] (show_stack) from [<c055cd54>] (dump_stack+0x78/0x94)
[    0.000000] [<c055cd54>] (dump_stack) from [<c02dedec>] (Ldiv0+0x8/0x10)
[    0.000000] [<c02dedec>] (Ldiv0) from [<c047a8d4>] (ti_clk_divider_set_rate+0x14/0x14c)
[    0.000000] [<c047a8d4>] (ti_clk_divider_set_rate) from [<c0477fe4>] (clk_change_rate+0x138/0x180)
[    0.000000] [<c0477fe4>] (clk_change_rate) from [<c0477fb4>] (clk_change_rate+0x108/0x180)
[    0.000000] Division by zero in kernel.
[    0.000000] CPU: 0 PID: 0 Comm: swapper/0 Not tainted 3.17.0-rc3-00002-g1c6a93a #1
[    0.000000] [<c0015160>] (unwind_backtrace) from [<c0011978>] (show_stack+0x10/0x14)
[    0.000000] [<c0011978>] (show_stack) from [<c055cd54>] (dump_stack+0x78/0x94)
[    0.000000] [<c055cd54>] (dump_stack) from [<c02dedec>] (Ldiv0+0x8/0x10)
[    0.000000] [<c02dedec>] (Ldiv0) from [<c047a8d4>] (ti_clk_divider_set_rate+0x14/0x14c)
[    0.000000] [<c047a8d4>] (ti_clk_divider_set_rate) from [<c0477fe4>] (clk_change_rate+0x138/0x180)
[    0.000000] [<c0477fe4>] (clk_change_rate) from [<c0477fb4>] (clk_change_rate+0x108/0x180)
[    0.000000] Division by zero in kernel.
[    0.000000] CPU: 0 PID: 0 Comm: swapper/0 Not tainted 3.17.0-rc3-00002-g1c6a93a #1
[    0.000000] [<c0015160>] (unwind_backtrace) from [<c0011978>] (show_stack+0x10/0x14)
[    0.000000] [<c0011978>] (show_stack) from [<c055cd54>] (dump_stack+0x78/0x94)
[    0.000000] [<c055cd54>] (dump_stack) from [<c02dedec>] (Ldiv0+0x8/0x10)
[    0.000000] [<c02dedec>] (Ldiv0) from [<c047a8d4>] (ti_clk_divider_set_rate+0x14/0x14c)
[    0.000000] [<c047a8d4>] (ti_clk_divider_set_rate) from [<c0477fe4>] (clk_change_rate+0x138/0x180)
[    0.000000] [<c0477fe4>] (clk_change_rate) from [<c0477fb4>] (clk_change_rate+0x108/0x180)
[    0.000000] Division by zero in kernel.
[    0.000000] CPU: 0 PID: 0 Comm: swapper/0 Not tainted 3.17.0-rc3-00002-g1c6a93a #1
[    0.000000] [<c0015160>] (unwind_backtrace) from [<c0011978>] (show_stack+0x10/0x14)
[    0.000000] [<c0011978>] (show_stack) from [<c055cd54>] (dump_stack+0x78/0x94)
[    0.000000] [<c055cd54>] (dump_stack) from [<c02dedec>] (Ldiv0+0x8/0x10)
[    0.000000] [<c02dedec>] (Ldiv0) from [<c047a8d4>] (ti_clk_divider_set_rate+0x14/0x14c)
[    0.000000] [<c047a8d4>] (ti_clk_divider_set_rate) from [<c0477fe4>] (clk_change_rate+0x138/0x180)
[    0.000000] [<c0477fe4>] (clk_change_rate) from [<c0477fb4>] (clk_change_rate+0x108/0x180)
[    0.000000] OMAP clockevent source: timer1 at 32768 Hz
[    0.000000] sched_clock: 32 bits at 32kHz, resolution 30517ns, wraps every 65536000000000ns
[    0.000030] OMAP clocksource: 32k_counter at 32768 Hz
[    0.000457] Architected cp15 timer(s) running at 6.14MHz (virt).
[    0.000492] sched_clock: 56 bits at 6MHz, resolution 162ns, wraps every 2796202663936ns
[    0.000503] Switching to timer-based delay loop, resolution 162ns
[    0.001550] Console: colour dummy device 80x30
[    0.001580] Lock dependency validator: Copyright (c) 2006 Red Hat, Inc., Ingo Molnar
[    0.001587] ... MAX_LOCKDEP_SUBCLASSES:  8
[    0.001593] ... MAX_LOCK_DEPTH:          48
[    0.001599] ... MAX_LOCKDEP_KEYS:        8191
[    0.001605] ... CLASSHASH_SIZE:          4096
[    0.001611] ... MAX_LOCKDEP_ENTRIES:     32768
[    0.001616] ... MAX_LOCKDEP_CHAINS:      65536
[    0.001622] ... CHAINHASH_SIZE:          32768
[    0.001629]  memory used by lock dependency info: 5167 kB
[    0.001635]  per task-struct memory footprint: 1152 bytes
[    0.001666] Calibrating delay loop (skipped), value calculated using timer frequency.. 12.28 BogoMIPS (lpj=61440)
[    0.001679] pid_max: default: 32768 minimum: 301
[    0.001990] Security Framework initialized
[    0.002084] Mount-cache hash table entries: 2048 (order: 1, 8192 bytes)
[    0.002095] Mountpoint-cache hash table entries: 2048 (order: 1, 8192 bytes)
[    0.003731] CPU: Testing write buffer coherency: ok
[    0.004521] /cpus/cpu@0 missing clock-frequency property
[    0.004555] /cpus/cpu@1 missing clock-frequency property
[    0.004566] CPU0: thread -1, cpu 0, socket 0, mpidr 80000000
[    0.004619] Setting up static identity map for 0x80564ee8 - 0x80564f58
[    0.008318] CPU1: Booted secondary processor
[    0.008355] CPU1: thread -1, cpu 1, socket 0, mpidr 80000001
[    0.008782] Brought up 2 CPUs
[    0.008796] SMP: Total of 2 processors activated.
[    0.008803] CPU: All CPU(s) started in SVC mode.
[    0.010777] devtmpfs: initialized
[    0.012112] VFP support v0.3: implementor 41 architecture 4 part 30 variant f rev 0
[    0.012200] omap_hwmod: l3_main_2 using broken dt data from ocp
[    0.030175] ------------[ cut here ]------------
[    0.030189] WARNING: CPU: 0 PID: 1 at arch/arm/mach-omap2/omap_hwmod.c:2542 _init+0x1c0/0x3e0()
[    0.030197] omap_hwmod: gmac: doesn't have mpu register target base
[    0.030203] Modules linked in:
[    0.030216] CPU: 0 PID: 1 Comm: swapper/0 Not tainted 3.17.0-rc3-00002-g1c6a93a #1
[    0.030235] [<c0015160>] (unwind_backtrace) from [<c0011978>] (show_stack+0x10/0x14)
[    0.030252] [<c0011978>] (show_stack) from [<c055cd54>] (dump_stack+0x78/0x94)
[    0.030267] [<c055cd54>] (dump_stack) from [<c0040d04>] (warn_slowpath_common+0x6c/0x8c)
[    0.030278] [<c0040d04>] (warn_slowpath_common) from [<c0040db8>] (warn_slowpath_fmt+0x30/0x40)
[    0.030291] [<c0040db8>] (warn_slowpath_fmt) from [<c07cb190>] (_init+0x1c0/0x3e0)
[    0.030307] [<c07cb190>] (_init) from [<c00288b0>] (omap_hwmod_for_each+0x34/0x5c)
[    0.030319] [<c00288b0>] (omap_hwmod_for_each) from [<c07cb918>] (__omap_hwmod_setup_all+0x24/0x40)
[    0.030331] [<c07cb918>] (__omap_hwmod_setup_all) from [<c0008984>] (do_one_initcall+0x80/0x1cc)
[    0.030342] [<c0008984>] (do_one_initcall) from [<c07becac>] (kernel_init_freeable+0xfc/0x1cc)
[    0.030354] [<c07becac>] (kernel_init_freeable) from [<c055797c>] (kernel_init+0x8/0xe4)
[    0.030366] [<c055797c>] (kernel_init) from [<c000e628>] (ret_from_fork+0x14/0x2c)
[    0.030407] ---[ end trace f68a3350dd399bfe ]---
[    0.089666] ------------[ cut here ]------------
[    0.089679] WARNING: CPU: 0 PID: 1 at arch/arm/mach-omap2/omap_hwmod.c:2542 _init+0x1c0/0x3e0()
[    0.089686] omap_hwmod: rtcss: doesn't have mpu register target base
[    0.089691] Modules linked in:
[    0.089704] CPU: 0 PID: 1 Comm: swapper/0 Tainted: G        W      3.17.0-rc3-00002-g1c6a93a #1
[    0.089721] [<c0015160>] (unwind_backtrace) from [<c0011978>] (show_stack+0x10/0x14)
[    0.089735] [<c0011978>] (show_stack) from [<c055cd54>] (dump_stack+0x78/0x94)
[    0.089748] [<c055cd54>] (dump_stack) from [<c0040d04>] (warn_slowpath_common+0x6c/0x8c)
[    0.089759] [<c0040d04>] (warn_slowpath_common) from [<c0040db8>] (warn_slowpath_fmt+0x30/0x40)
[    0.089771] [<c0040db8>] (warn_slowpath_fmt) from [<c07cb190>] (_init+0x1c0/0x3e0)
[    0.089784] [<c07cb190>] (_init) from [<c00288b0>] (omap_hwmod_for_each+0x34/0x5c)
[    0.089796] [<c00288b0>] (omap_hwmod_for_each) from [<c07cb918>] (__omap_hwmod_setup_all+0x24/0x40)
[    0.089807] [<c07cb918>] (__omap_hwmod_setup_all) from [<c0008984>] (do_one_initcall+0x80/0x1cc)
[    0.089818] [<c0008984>] (do_one_initcall) from [<c07becac>] (kernel_init_freeable+0xfc/0x1cc)
[    0.089830] [<c07becac>] (kernel_init_freeable) from [<c055797c>] (kernel_init+0x8/0xe4)
[    0.089841] [<c055797c>] (kernel_init) from [<c000e628>] (ret_from_fork+0x14/0x2c)
[    0.089848] ---[ end trace f68a3350dd399bff ]---
[    0.132036] omap_hwmod: dss_core: _wait_target_disable failed
[    0.132050] omap_hwmod: dss_core: cannot be enabled for reset (3)
[    0.134622] omap_hwmod: dss_dispc: cannot be enabled for reset (3)
[    0.137193] omap_hwmod: dss_hdmi: cannot be enabled for reset (3)
[    0.209789] omap_hwmod: pcie1: _wait_target_disable failed
[    0.216200] omap_hwmod: pcie2: _wait_target_disable failed
[    0.219171] pinctrl core: initialized pinctrl subsystem
[    0.221042] regulator-dummy: no parameters
[    0.268732] NET: Registered protocol family 16
[    0.272805] DMA: preallocated 256 KiB pool for atomic coherent allocations
[    0.274278] cpuidle: using governor ladder
[    0.274296] cpuidle: using governor menu
[    0.282587] OMAP GPIO hardware version 0.1
[    0.298554] platform 4e000000.dmm: Cannot lookup hwmod 'dmm'
[    0.307771] omap-gpmc 50000000.gpmc: could not find pctldev for node /ocp/pinmux@4a003400/nand_flash_x16, deferring probe
[    0.307793] platform 50000000.gpmc: Driver omap-gpmc requests probe deferral
[    0.309024] No ATAGs?
[    0.309081] hw-breakpoint: found 5 (+1 reserved) breakpoint and 4 watchpoint registers.
[    0.309090] hw-breakpoint: maximum watchpoint size is 8 bytes.
[    0.311212] OMAP DMA hardware revision 0.0
[    0.343399] edma-dma-engine edma-dma-engine.0: Can't allocate PaRAM dummy slot
[    0.343444] edma-dma-engine: probe of edma-dma-engine.0 failed with error -22
[    0.370441] omap-dma-engine 4a056000.dma-controller: OMAP DMA engine driver
[    0.371464] mmc2_3v3: 3300 mV 
[    0.374395] SCSI subsystem initialized
[    0.374979] usbcore: registered new interface driver usbfs
[    0.375120] usbcore: registered new interface driver hub
[    0.376617] usbcore: registered new device driver usb
[    0.377353] omap_i2c 48070000.i2c: could not find pctldev for node /ocp/pinmux@4a003400/pinmux_i2c1_pins, deferring probe
[    0.377377] platform 48070000.i2c: Driver omap_i2c requests probe deferral
[    0.377429] omap_i2c 48072000.i2c: could not find pctldev for node /ocp/pinmux@4a003400/pinmux_i2c2_pins, deferring probe
[    0.377448] platform 48072000.i2c: Driver omap_i2c requests probe deferral
[    0.377497] omap_i2c 48060000.i2c: could not find pctldev for node /ocp/pinmux@4a003400/pinmux_i2c3_pins, deferring probe
[    0.377515] platform 48060000.i2c: Driver omap_i2c requests probe deferral
[    0.380605] Switched to clocksource arch_sys_counter
[    0.481309] NET: Registered protocol family 2
[    0.482600] TCP established hash table entries: 8192 (order: 3, 32768 bytes)
[    0.482796] TCP bind hash table entries: 8192 (order: 6, 294912 bytes)
[    0.485086] TCP: Hash tables configured (established 8192 bind 8192)
[    0.485208] TCP: reno registered
[    0.485228] UDP hash table entries: 512 (order: 3, 40960 bytes)
[    0.485536] UDP-Lite hash table entries: 512 (order: 3, 40960 bytes)
[    0.486504] NET: Registered protocol family 1
[    0.487419] RPC: Registered named UNIX socket transport module.
[    0.487428] RPC: Registered udp transport module.
[    0.487436] RPC: Registered tcp transport module.
[    0.487444] RPC: Registered tcp NFSv4.1 backchannel transport module.
[    0.492007] futex hash table entries: 512 (order: 3, 32768 bytes)
[    0.494953] VFS: Disk quotas dquot_6.5.2
[    0.495047] Dquot-cache hash table entries: 1024 (order 0, 4096 bytes)
[    0.496503] NFS: Registering the id_resolver key type
[    0.496710] Key type id_resolver registered
[    0.496719] Key type id_legacy registered
[    0.496812] jffs2: version 2.2. (NAND) (SUMMARY)   2001-2006 Red Hat, Inc.
[    0.497195] msgmni has been set to 1459
[    0.498984] bounce: pool size: 64 pages
[    0.499032] io scheduler noop registered
[    0.499048] io scheduler deadline registered
[    0.499110] io scheduler cfq registered (default)
[    0.502383] platform 4a084000.phy: Driver omap-usb2 requests probe deferral
[    0.502595] platform 4a085000.phy: Driver omap-usb2 requests probe deferral
[    0.505779] pinctrl-single 4a003400.pinmux: 281 pins at pa fc003400 size 1124
[    0.507483] pbias_mmc_omap5: 1800 <--> 3000 mV at 3000 mV 
[    0.508461] abb_mpu: 1060 <--> 1210 mV 
[    0.509078] abb_ivahd: 1055 <--> 1250 mV 
[    0.509684] abb_dspeve: 1055 <--> 1250 mV 
[    0.510293] abb_gpu: 1090 <--> 1280 mV 
[    0.511463] Serial: 8250/16550 driver, 4 ports, IRQ sharing enabled
[    0.515613] omap_uart 4806a000.serial: no wakeirq for uart0
[    0.515915] 4806a000.serial: ttyO0 at MMIO 0x4806a000 (irq = 294, base_baud = 3000000) is a OMAP UART0
[    4.817353] console [ttyO0] enabled
[    4.822407] omap_uart 4806c000.serial: no wakeirq for uart0
[    4.828403] 4806c000.serial: ttyO1 at MMIO 0x4806c000 (irq = 295, base_baud = 3000000) is a OMAP UART1
[    4.838985] omap_uart 48020000.serial: no wakeirq for uart0
[    4.844997] 48020000.serial: ttyO2 at MMIO 0x48020000 (irq = 296, base_baud = 3000000) is a OMAP UART2
[    4.872258] brd: module loaded
[    4.884966] loop: module loaded
[    4.890392] mtdoops: mtd device (mtddev=name/number) must be supplied
[    4.901454] usbcore: registered new interface driver asix
[    4.907202] usbcore: registered new interface driver ax88179_178a
[    4.913692] usbcore: registered new interface driver cdc_ether
[    4.919927] usbcore: registered new interface driver smsc95xx
[    4.926048] usbcore: registered new interface driver net1080
[    4.932074] usbcore: registered new interface driver cdc_subset
[    4.938358] usbcore: registered new interface driver zaurus
[    4.944354] usbcore: registered new interface driver cdc_ncm
[    4.950967] usbcore: registered new interface driver cdc_wdm
[    4.957029] usbcore: registered new interface driver usb-storage
[    4.963476] usbcore: registered new interface driver usbtest
[    4.970830] mousedev: PS/2 mouse device common for all mice
[    4.978447] i2c /dev entries driver
[    4.982167] Driver for 1-wire Dallas network protocol.
[    4.989603] Unable to handle kernel paging request at virtual address ffba5708
[    4.997150] pgd = c0004000
[    4.999971] [ffba5708] *pgd=00000000
[    5.003723] Internal error: Oops: 5 [#1] SMP ARM
[    5.008549] Modules linked in:
[    5.011744] CPU: 1 PID: 1 Comm: swapper/0 Tainted: G        W      3.17.0-rc3-00002-g1c6a93a #1
[    5.020830] task: ed062b00 ti: ed064000 task.ti: ed064000
[    5.026471] PC is at of_find_node_by_phandle+0x34/0x58
[    5.031845] LR is at _raw_spin_lock_irqsave+0x4c/0x58
[    5.037120] pc : [<c0470d80>]    lr : [<c056269c>]    psr: a0000093
[    5.037120] sp : ed065d20  ip : 60000093  fp : c06e1894
[    5.049123] r10: 00000000  r9 : 00000001  r8 : 00000001
[    5.054577] r7 : cfff8cb8  r6 : 0000009a  r5 : 0000009a  r4 : ffba5700
[    5.061402] r3 : 0bae6000  r2 : 00000001  r1 : 20000013  r0 : 20000013
[    5.068218] Flags: NzCv  IRQs off  FIQs on  Mode SVC_32  ISA ARM  Segment kernel
[    5.075952] Control: 10c5387d  Table: 8000406a  DAC: 00000015
[    5.081961] Process swapper/0 (pid: 1, stack limit = 0xed064248)
[    5.088242] Stack: (0xed065d20 to 0xed066000)
[    5.092794] 5d20: 00000001 00000000 cfff8cac c0471754 c06e1880 00000001 00000000 edbd2b2c
[    5.101345] 5d40: 00000010 00000000 00000001 00000001 c08900fc edbd2b2c 00000002 c06e9558
[    5.109897] 5d60: ffffffed ed065d94 c08900b4 c0471914 00000001 ed065d94 ed065d94 c0323080
[    5.118444] 5d80: ed065d94 c0560ae8 00000001 00000000 00000001 ed064000 c0560cf0 ed062b00
[    5.126992] 5da0: 00000001 c007e2e8 c08af91c c08af940 60000013 c0475bac 00000001 ed064000
[    5.135541] 5dc0: c011c08c ed062b00 00000001 c007e2e8 ed096000 ed3da700 ed000040 cfff8cc7
[    5.144081] 5de0: 00000000 ed594000 ed7cf610 ed065e24 ed2d6010 0000ffff 00000400 ed594480
[    5.152635] 5e00: 00000138 c0321e9c 00000200 c0460df4 00000001 c081f394 ed2d89f0 c0726744
[    5.161181] 5e20: ed2d89f0 00000200 ed298ab0 00000001 00000004 ed2989f0 00000000 ed2d6010
[    5.169733] 5e40: c08ae1c4 ed2d6044 00000000 c08ae1c4 c081f394 00000000 00000000 c03631bc
[    5.178281] 5e60: c0363190 c10b87d8 ed2d6010 c0361c10 00000000 ed2d6010 c08ae1c4 ed2d6044
[    5.186835] 5e80: 00000000 c082fb18 ed3da940 c0361dcc c08ae1c4 c0361d38 00000000 c0360580
[    5.195382] 5ea0: ed0a2ea8 ed266190 c08ae1c4 ed3db7c0 c0898700 c0361400 c06ec61c c08ae1c4
[    5.203937] 5ec0: ed064000 c08ae1c4 ed064000 c082fb18 00000000 c0362584 00000000 c07fadfc
[    5.212486] 5ee0: ed064000 c0008984 00000000 00000000 00000000 00000000 60000093 00000000
[    5.221039] 5f00: 00000004 00000000 ed062b00 00000004 00000000 00000000 00000000 00000000
[    5.229583] 5f20: 00000000 c007e1d0 00000001 ed064000 c078ccc4 ee7ff30b 000000ae c0059a84
[    5.238129] 5f40: c0740054 c078c1e4 00000006 00000006 c081ee18 c080a354 00000006 c080a334
[    5.246674] 5f60: c08c5c80 000000ae c081f394 c07be508 00000000 c07becac 00000006 00000006
[    5.255215] 5f80: c07be508 00000000 00000000 c0557974 00000000 00000000 00000000 00000000
[    5.263759] 5fa0: 00000000 c055797c 00000000 c000e628 00000000 00000000 00000000 00000000
[    5.272307] 5fc0: 00000000 00000000 00000000 00000000 00000000 00000000 00000000 00000000
[    5.280854] 5fe0: 00000000 00000000 00000000 00000000 00000013 00000000 9fff3ae6 ffdc3fff
[    5.289413] [<c0470d80>] (of_find_node_by_phandle) from [<c0471754>] (__of_parse_phandle_with_args+0xc0/0x1fc)
[    5.299873] [<c0471754>] (__of_parse_phandle_with_args) from [<c0471914>] (of_parse_phandle_with_args+0x28/0x30)
[    5.310519] [<c0471914>] (of_parse_phandle_with_args) from [<c0323080>] (of_dma_request_slave_channel+0xa0/0x184)
[    5.321250] [<c0323080>] (of_dma_request_slave_channel) from [<c0321e9c>] (dma_request_slave_channel+0x8/0x14)
[    5.331713] [<c0321e9c>] (dma_request_slave_channel) from [<c0460df4>] (omap_hsmmc_probe+0x530/0xd84)
[    5.341364] [<c0460df4>] (omap_hsmmc_probe) from [<c03631bc>] (platform_drv_probe+0x2c/0x5c)
[    5.350192] [<c03631bc>] (platform_drv_probe) from [<c0361c10>] (driver_probe_device+0x10c/0x234)
[    5.359466] [<c0361c10>] (driver_probe_device) from [<c0361dcc>] (__driver_attach+0x94/0x98)
[    5.368297] [<c0361dcc>] (__driver_attach) from [<c0360580>] (bus_for_each_dev+0x54/0x88)
[    5.376845] [<c0360580>] (bus_for_each_dev) from [<c0361400>] (bus_add_driver+0xdc/0x1d4)
[    5.385395] [<c0361400>] (bus_add_driver) from [<c0362584>] (driver_register+0x78/0xf4)
[    5.393774] [<c0362584>] (driver_register) from [<c0008984>] (do_one_initcall+0x80/0x1cc)
[    5.402324] [<c0008984>] (do_one_initcall) from [<c07becac>] (kernel_init_freeable+0xfc/0x1cc)
[    5.411331] [<c07becac>] (kernel_init_freeable) from [<c055797c>] (kernel_init+0x8/0xe4)
[    5.419789] [<c055797c>] (kernel_init) from [<c000e628>] (ret_from_fork+0x14/0x2c)
[    5.427703] Code: ea000005 e5944028 e3540000 0a000002 (e5943008) 
[    5.434076] ---[ end trace f68a3350dd399c00 ]---
[    5.438942] Kernel panic - not syncing: Attempted to kill init! exitcode=0x0000000b
[    5.438942] 
[    5.448504] CPU0: stopping
[    5.451337] CPU: 0 PID: 0 Comm: swapper/0 Tainted: G      D W      3.17.0-rc3-00002-g1c6a93a #1
[    5.460444] [<c0015160>] (unwind_backtrace) from [<c0011978>] (show_stack+0x10/0x14)
[    5.468547] [<c0011978>] (show_stack) from [<c055cd54>] (dump_stack+0x78/0x94)
[    5.476102] [<c055cd54>] (dump_stack) from [<c0013850>] (handle_IPI+0x188/0x244)
[    5.483830] [<c0013850>] (handle_IPI) from [<c00086f4>] (gic_handle_irq+0x58/0x60)
[    5.491744] [<c00086f4>] (gic_handle_irq) from [<c05631e4>] (__irq_svc+0x44/0x5c)
[    5.499561] Exception stack(0xc0825f60 to 0xc0825fa8)
[    5.504842] 5f60: c000f1b8 00000000 00000000 00000000 c0824000 00000000 00000000 00000000
[    5.513386] 5f80: ffffffed c08c3a28 c082c9dc c082c978 00000000 c0825fa8 c000f1b8 c000f1bc
[    5.521934] 5fa0: 60000013 ffffffff
[    5.525583] [<c05631e4>] (__irq_svc) from [<c000f1bc>] (arch_cpu_idle+0x20/0x3c)
[    5.533327] [<c000f1bc>] (arch_cpu_idle) from [<c00735c4>] (cpu_startup_entry+0x200/0x2fc)
[    5.541969] [<c00735c4>] (cpu_startup_entry) from [<c07beb48>] (start_kernel+0x340/0x3a8)
[    5.550526] [<c07beb48>] (start_kernel) from [<80008074>] (0x80008074)
[    5.557361] ---[ end Kernel panic - not syncing: Attempted to kill init! exitcode=0x0000000b
[    5.557361] 

