- 06:40:36 [INFO] Starting target session
- 06:40:37 [INFO] Connected to dra72x-evm via serial 
- 06:40:37 [INFO] Host: #check prompt
- 06:40:39 [ERROR] On command: #check prompt waiting for #check prompt.+?(?-mix:((?-mix:login:)|[Pp]assword)) >>> error: execution expired
- 06:40:39 [INFO] Target: 
- 06:40:39 [INFO] Host: #check prompt
- 06:40:41 [ERROR] On command: #check prompt waiting for #check prompt.+?(?-mix:[\w\d]+@.+[@:#]+) >>> error: execution expired
- 06:40:41 [INFO] Target: 
- 06:40:41 [INFO] Disconnected serial from dra72x-evm
- 06:41:02 [INFO] Connected to dra72x-evm via serial 
- 06:41:02 [INFO] Host: 
- 06:41:02 [INFO] Target: 
U-Boot# 
- 06:41:02 [INFO] Host: 
- 06:41:03 [INFO] Target: 
U-Boot# 
- 06:41:03 [INFO] Host: version
- 06:41:03 [INFO] Target: 
version
U-Boot 2014.07-00071-gaca0808 (Oct 02 2014 - 11:23:33)
arm-linux-gnueabihf-gcc (crosstool-NG linaro-1.13.1-4.7-2013.03-20130313 - Linaro GCC 2013.03) 4.7.3 20130226 (prerelease)
GNU ld (crosstool-NG linaro-1.13.1-4.7-2013.03-20130313 - Linaro GCC 2013.03) 2.23.1
U-Boot# 
- 06:41:03 [INFO] Host: setenv bootargs 'console=ttyO0,115200n8 earlyprintk rootwait '
- 06:41:04 [INFO] Target: 
setenv bootargs 'console=ttyO0,115200n8 earlyprintk rootwait '
U-Boot# 
- 06:41:04 [INFO] Host: setenv bootcmd  ''
- 06:41:04 [INFO] Target: 
setenv bootcmd  ''
U-Boot# 
- 06:41:04 [INFO] Host: setenv autoload 'no'
- 06:41:05 [INFO] Target: 
setenv autoload 'no'
U-Boot# 
- 06:41:05 [INFO] Host: setenv serverip '192.168.0.1'
- 06:41:05 [INFO] Target: 
setenv serverip '192.168.0.1'
U-Boot# 
- 06:41:05 [INFO] Host: printenv
- 06:41:06 [INFO] Target: 
printenv
arch=arm
autoload=no
baudrate=115200
board=dra7xx
board_name=dra72x
bootargs=console=ttyO0,115200n8 earlyprintk rootwait 
bootcmd=
bootdelay=1
bootdir=/boot
bootfile=zImage
bootm_size=0x10000000
bootpart=0:2
bootscript=echo Running bootscript from mmc${mmcdev} ...; source ${loadaddr}
console=ttyO0,115200n8
cpu=armv7
eth1addr=b4:99:4c:1b:f6:af
ethact=cpsw
ethaddr=b4:99:4c:1b:f6:ae
fdt_addr_r=0x88000000
fdtaddr=0x88000000
fdtfile=undefined
findfdt=if test $board_name = omap5_uevm; then setenv fdtfile omap5-uevm.dtb; fi; if test $board_name = dra7xx; then setenv fdtfile dra7-evm.dtb; fi;if test $board_name = dra72x; then setenv fdtfile dra72-evm.dtb; fi;if test $fdtfile = undefined; then echo WARNING: Could not determine device tree to use; fi; 
importbootenv=echo Importing environment from mmc${mmcdev} ...; env import -t ${loadaddr} ${filesize}
kernel_addr_r=0x82000000
loadaddr=0x82000000
loadbootenv=fatload mmc ${mmcdev} ${loadaddr} uEnv.txt
loadbootscript=fatload mmc ${mmcdev} ${loadaddr} boot.scr
loadfdt=load mmc ${bootpart} ${fdtaddr} ${bootdir}/${fdtfile};
loadimage=load mmc ${bootpart} ${loadaddr} ${bootdir}/${bootfile}
mmcargs=setenv bootargs console=${console} ${optargs} vram=${vram} root=${mmcroot} rootfstype=${mmcrootfstype}
mmcboot=mmc dev ${mmcdev}; if mmc rescan; then echo SD/MMC found on device ${mmcdev};if run loadbootenv; then echo Loaded environment from ${bootenv};run importbootenv;fi;if test -n $uenvcmd; then echo Running uenvcmd ...;run uenvcmd;fi;if run loadimage; then run loadfdt; echo Booting from mmc${mmcdev} ...; run mmcargs; bootz ${loadaddr} - ${fdtaddr}; fi;fi;
mmcdev=0
mmcroot=/dev/mmcblk1p2 rw
mmcrootfstype=ext4 rootwait
partitions=uuid_disk=${uuid_gpt_disk};name=rootfs,start=2MiB,size=-,uuid=${uuid_gpt_rootfs}
ramdisk_addr_r=0x88080000
rdaddr=0x88080000
scsidevs=0
serverip=192.168.0.1
soc=omap5
stderr=serial
stdin=serial
stdout=serial
usbtty=cdc_acm
vendor=ti
ver=U-Boot 2014.07-00071-gaca0808 (Oct 02 2014 - 11:23:33)
vram=16M
Environment size: 2084/131067 bytes
U-Boot# 
- 06:41:06 [INFO] Host: printenv
- 06:41:06 [INFO] Target: 
printenv
arch=arm
autoload=no
baudrate=115200
board=dra7xx
board_name=dra72x
bootargs=console=ttyO0,115200n8 earlyprintk rootwait 
bootcmd=
bootdelay=1
bootdir=/boot
bootfile=zImage
bootm_size=0x10000000
bootpart=0:2
bootscript=echo Running bootscript from mmc${mmcdev} ...; source ${loadaddr}
console=ttyO0,115200n8
cpu=armv7
eth1addr=b4:99:4c:1b:f6:af
ethact=cpsw
ethaddr=b4:99:4c:1b:f6:ae
fdt_addr_r=0x88000000
fdtaddr=0x88000000
fdtfile=undefined
findfdt=if test $board_name = omap5_uevm; then setenv fdtfile omap5-uevm.dtb; fi; if test $board_name = dra7xx; then setenv fdtfile dra7-evm.dtb; fi;if test $board_name = dra72x; then setenv fdtfile dra72-evm.dtb; fi;if test $fdtfile = undefined; then echo WARNING: Could not determine device tree to use; fi; 
importbootenv=echo Importing environment from mmc${mmcdev} ...; env import -t ${loadaddr} ${filesize}
kernel_addr_r=0x82000000
loadaddr=0x82000000
loadbootenv=fatload mmc ${mmcdev} ${loadaddr} uEnv.txt
loadbootscript=fatload mmc ${mmcdev} ${loadaddr} boot.scr
loadfdt=load mmc ${bootpart} ${fdtaddr} ${bootdir}/${fdtfile};
loadimage=load mmc ${bootpart} ${loadaddr} ${bootdir}/${bootfile}
mmcargs=setenv bootargs console=${console} ${optargs} vram=${vram} root=${mmcroot} rootfstype=${mmcrootfstype}
mmcboot=mmc dev ${mmcdev}; if mmc rescan; then echo SD/MMC found on device ${mmcdev};if run loadbootenv; then echo Loaded environment from ${bootenv};run importbootenv;fi;if test -n $uenvcmd; then echo Running uenvcmd ...;run uenvcmd;fi;if run loadimage; then run loadfdt; echo Booting from mmc${mmcdev} ...; run mmcargs; bootz ${loadaddr} - ${fdtaddr}; fi;fi;
mmcdev=0
mmcroot=/dev/mmcblk1p2 rw
mmcrootfstype=ext4 rootwait
partitions=uuid_disk=${uuid_gpt_disk};name=rootfs,start=2MiB,size=-,uuid=${uuid_gpt_rootfs}
ramdisk_addr_r=0x88080000
rdaddr=0x88080000
scsidevs=0
serverip=192.168.0.1
soc=omap5
stderr=serial
stdin=serial
stdout=serial
usbtty=cdc_acm
vendor=ti
ver=U-Boot 2014.07-00071-gaca0808 (Oct 02 2014 - 11:23:33)
vram=16M
Environment size: 2084/131067 bytes
U-Boot# 
- 06:41:06 [INFO] Host: setenv bootargs ''${bootargs}' ip=dhcp '
- 06:41:07 [INFO] Target: 
setenv bootargs ''${bootargs}' ip=dhcp '
U-Boot# 
- 06:41:07 [INFO] Host: setenv serverip '192.168.0.1'
- 06:41:07 [INFO] Target: 
setenv serverip '192.168.0.1'
U-Boot# 
- 06:41:07 [INFO] Host: setenv ipaddr dhcp
- 06:41:08 [INFO] Target: 
setenv ipaddr dhcp
U-Boot# 
- 06:41:08 [INFO] Host: setenv autoload 'no'
- 06:41:08 [INFO] Target: 
setenv autoload 'no'
U-Boot# 
- 06:41:08 [INFO] Host: dhcp
- 06:41:10 [INFO] Target: 
dhcp
link up on port 1, speed 1000, full duplex
BOOTP broadcast 1
DHCP client bound to address 192.168.0.210
U-Boot# 
- 06:41:10 [INFO] Host: setenv serverip '192.168.0.1'
- 06:41:10 [INFO] Target: 
setenv serverip '192.168.0.1'
U-Boot# 
- 06:41:10 [INFO] Host: tftp ${loadaddr} 192.168.0.1:vatf_j6eco-evm2/e0ba7f9d775fbcdb065eb5e145bb56a3
- 06:41:11 [INFO] Target: 
tftp ${loadaddr} 192.168.0.1:vatf_j6eco-evm2/e0ba7f9d775fbcdb065eb5e145bb56a3
link up on port 1, speed 1000, full duplex
Using cpsw device
TFTP from server 192.168.0.1; our IP address is 192.168.0.210
Filename 'vatf_j6eco-evm2/e0ba7f9d775fbcdb065eb5e145bb56a3'.
Load address: 0x82000000
Loading: *#################################################################
	 #################################################################
	 #################################################################
	 #################################################################
	 ################################################################
	 11 MiB/s
done
Bytes transferred = 4755328 (488f80 hex)
U-Boot# 
- 06:41:11 [INFO] Host: tftp ${fdt_addr_r} 192.168.0.1:vatf_j6eco-evm2/d60d57d757bbb94bd619554e4537b4b3
- 06:41:11 [INFO] Target: 
tftp ${fdt_addr_r} 192.168.0.1:vatf_j6eco-evm2/d60d57d757bbb94bd619554e4537b4b3
link up on port 1, speed 1000, full duplex
Using cpsw device
TFTP from server 192.168.0.1; our IP address is 192.168.0.210
Filename 'vatf_j6eco-evm2/d60d57d757bbb94bd619554e4537b4b3'.
Load address: 0x88000000
Loading: *#####
	 8.3 MiB/s
done
Bytes transferred = 61103 (eeaf hex)
U-Boot# 
- 06:41:11 [INFO] Host: ls mmc 0:1
- 06:41:12 [INFO] Target: 
ls mmc 0:1
    73624   mlo 
     1164   readme 
   433092   u-boot.img 
      574   uenv.txt 
4 file(s), 0 dir(s)
U-Boot# 
- 06:41:12 [INFO] Host: ls mmc 0:2
- 06:41:12 [INFO] Target: 
ls mmc 0:2
<DIR>       4096 .
<DIR>       4096 ..
<DIR>       4096 bin
<DIR>       4096 boot
<DIR>       4096 dev
<DIR>       4096 etc
<DIR>       4096 home
<DIR>       4096 lib
<DIR>       4096 media
<DIR>       4096 mnt
<DIR>       4096 opt
<DIR>       4096 proc
<DIR>       4096 run
<DIR>       4096 sbin
<DIR>       4096 srv
<DIR>       4096 sys
<SYM>          8 tmp
<DIR>       4096 usr
<DIR>       4096 var
<DIR>       4096 www
<DIR>       4096 test
U-Boot# 
- 06:41:12 [INFO] Host: part uuid mmc 0:2
- 06:41:13 [INFO] Target: 
part uuid mmc 0:2
00000000-02
U-Boot# 
- 06:41:13 [INFO] Host: printenv
- 06:41:13 [INFO] Target: 
printenv
arch=arm
autoload=no
baudrate=115200
board=dra7xx
board_name=dra72x
bootargs=console=ttyO0,115200n8 earlyprintk rootwait  ip=dhcp 
bootcmd=
bootdelay=1
bootdir=/boot
bootfile=zImage
bootm_size=0x10000000
bootpart=0:2
bootscript=echo Running bootscript from mmc${mmcdev} ...; source ${loadaddr}
console=ttyO0,115200n8
cpu=armv7
dnsip=192.0.2.2
dnsip2=192.0.2.3
eth1addr=b4:99:4c:1b:f6:af
ethact=cpsw
ethaddr=b4:99:4c:1b:f6:ae
fdt_addr_r=0x88000000
fdtaddr=0x88000000
fdtfile=undefined
fileaddr=88000000
filesize=eeaf
findfdt=if test $board_name = omap5_uevm; then setenv fdtfile omap5-uevm.dtb; fi; if test $board_name = dra7xx; then setenv fdtfile dra7-evm.dtb; fi;if test $board_name = dra72x; then setenv fdtfile dra72-evm.dtb; fi;if test $fdtfile = undefined; then echo WARNING: Could not determine device tree to use; fi; 
gatewayip=192.168.0.1
importbootenv=echo Importing environment from mmc${mmcdev} ...; env import -t ${loadaddr} ${filesize}
ipaddr=192.168.0.210
kernel_addr_r=0x82000000
loadaddr=0x82000000
loadbootenv=fatload mmc ${mmcdev} ${loadaddr} uEnv.txt
loadbootscript=fatload mmc ${mmcdev} ${loadaddr} boot.scr
loadfdt=load mmc ${bootpart} ${fdtaddr} ${bootdir}/${fdtfile};
loadimage=load mmc ${bootpart} ${loadaddr} ${bootdir}/${bootfile}
mmcargs=setenv bootargs console=${console} ${optargs} vram=${vram} root=${mmcroot} rootfstype=${mmcrootfstype}
mmcboot=mmc dev ${mmcdev}; if mmc rescan; then echo SD/MMC found on device ${mmcdev};if run loadbootenv; then echo Loaded environment from ${bootenv};run importbootenv;fi;if test -n $uenvcmd; then echo Running uenvcmd ...;run uenvcmd;fi;if run loadimage; then run loadfdt; echo Booting from mmc${mmcdev} ...; run mmcargs; bootz ${loadaddr} - ${fdtaddr}; fi;fi;
mmcdev=0
mmcroot=/dev/mmcblk1p2 rw
mmcrootfstype=ext4 rootwait
netmask=255.255.255.0
partitions=uuid_disk=${uuid_gpt_disk};name=rootfs,start=2MiB,size=-,uuid=${uuid_gpt_rootfs}
ramdisk_addr_r=0x88080000
rdaddr=0x88080000
scsidevs=0
serverip=192.168.0.1
soc=omap5
stderr=serial
stdin=serial
stdout=serial
usbtty=cdc_acm
vendor=ti
ver=U-Boot 2014.07-00071-gaca0808 (Oct 02 2014 - 11:23:33)
vram=16M
Environment size: 2237/131067 bytes
U-Boot# 
- 06:41:13 [INFO] Host: setenv bootargs ''${bootargs}' root=PARTUUID=00000000-02 rw rootfstype=ext4 rootwait '
- 06:41:14 [INFO] Target: 
setenv bootargs ''${bootargs}' root=PARTUUID=00000000-02 rw rootfstype=ext4 rootwait '
U-Boot# 
- 06:41:14 [INFO] Host: printenv
- 06:41:14 [INFO] Target: 
printenv
arch=arm
autoload=no
baudrate=115200
board=dra7xx
board_name=dra72x
bootargs=console=ttyO0,115200n8 earlyprintk rootwait  ip=dhcp  root=PARTUUID=00000000-02 rw rootfstype=ext4 rootwait 
bootcmd=
bootdelay=1
bootdir=/boot
bootfile=zImage
bootm_size=0x10000000
bootpart=0:2
bootscript=echo Running bootscript from mmc${mmcdev} ...; source ${loadaddr}
console=ttyO0,115200n8
cpu=armv7
dnsip=192.0.2.2
dnsip2=192.0.2.3
eth1addr=b4:99:4c:1b:f6:af
ethact=cpsw
ethaddr=b4:99:4c:1b:f6:ae
fdt_addr_r=0x88000000
fdtaddr=0x88000000
fdtfile=undefined
fileaddr=88000000
filesize=eeaf
findfdt=if test $board_name = omap5_uevm; then setenv fdtfile omap5-uevm.dtb; fi; if test $board_name = dra7xx; then setenv fdtfile dra7-evm.dtb; fi;if test $board_name = dra72x; then setenv fdtfile dra72-evm.dtb; fi;if test $fdtfile = undefined; then echo WARNING: Could not determine device tree to use; fi; 
gatewayip=192.168.0.1
importbootenv=echo Importing environment from mmc${mmcdev} ...; env import -t ${loadaddr} ${filesize}
ipaddr=192.168.0.210
kernel_addr_r=0x82000000
loadaddr=0x82000000
loadbootenv=fatload mmc ${mmcdev} ${loadaddr} uEnv.txt
loadbootscript=fatload mmc ${mmcdev} ${loadaddr} boot.scr
loadfdt=load mmc ${bootpart} ${fdtaddr} ${bootdir}/${fdtfile};
loadimage=load mmc ${bootpart} ${loadaddr} ${bootdir}/${bootfile}
mmcargs=setenv bootargs console=${console} ${optargs} vram=${vram} root=${mmcroot} rootfstype=${mmcrootfstype}
mmcboot=mmc dev ${mmcdev}; if mmc rescan; then echo SD/MMC found on device ${mmcdev};if run loadbootenv; then echo Loaded environment from ${bootenv};run importbootenv;fi;if test -n $uenvcmd; then echo Running uenvcmd ...;run uenvcmd;fi;if run loadimage; then run loadfdt; echo Booting from mmc${mmcdev} ...; run mmcargs; bootz ${loadaddr} - ${fdtaddr}; fi;fi;
mmcdev=0
mmcroot=/dev/mmcblk1p2 rw
mmcrootfstype=ext4 rootwait
netmask=255.255.255.0
partitions=uuid_disk=${uuid_gpt_disk};name=rootfs,start=2MiB,size=-,uuid=${uuid_gpt_rootfs}
ramdisk_addr_r=0x88080000
rdaddr=0x88080000
scsidevs=0
serverip=192.168.0.1
soc=omap5
stderr=serial
stdin=serial
stdout=serial
usbtty=cdc_acm
vendor=ti
ver=U-Boot 2014.07-00071-gaca0808 (Oct 02 2014 - 11:23:33)
vram=16M
Environment size: 2292/131067 bytes
U-Boot# 
- 06:41:14 [INFO] Host: setenv bootcmd ''${bootcmd}' if iminfo ${loadaddr}; then bootm ${loadaddr} - ${fdt_addr_r}; else bootz ${loadaddr} - ${fdt_addr_r}; bootm ${loadaddr} - ${fdt_addr_r}; fi'
- 06:41:15 [INFO] Target: 
setenv bootcmd ''${bootcmd}' if iminfo ${loadaddr}; then bootm ${loadaddr} - ${fdt_addr_r}; else bootz ${loadaddr} - ${fdt_addr_r}; bootm ${loadaddr} - ${fdt_addr_r}; fi'
U-Boot# 
- 06:41:15 [INFO] Host: bdinfo
- 06:41:15 [INFO] Target: 
bdinfo
arch_number = 0x00000000
boot_params = 0x80000100
DRAM bank   = 0x00000000
-> start    = 0x80000000
-> size     = 0x40000000
eth0name    = cpsw
ethaddr     = b4:99:4c:1b:f6:ae
current eth = cpsw
ip_addr     = 192.168.0.210
baudrate    = 115200 bps
TLB addr    = 0xBFFF0000
relocaddr   = 0xBF744000
reloc off   = 0x3EF44000
irq_sp      = 0xBE723EE0
sp start    = 0xBE723ED0
U-Boot# 
- 06:41:15 [INFO] Host: boot
- 06:43:45 [ERROR] On command: boot waiting for boot.+?(?-mix:login:) >>> error: execution expired
- 06:43:45 [INFO] Target: 
boot
## Checking Image at 82000000 ...
Unknown image format!
Kernel image @ 0x82000000 [ 0x000000 - 0x488f80 ]
## Flattened Device Tree blob at 88000000
   Booting using the fdt blob at 0x88000000
   Loading Device Tree to 8ffee000, end 8ffffeae ... OK
Starting kernel ...
[    0.000000] Booting Linux on physical CPU 0x0
[    0.000000] Initializing cgroup subsys cpuset
[    0.000000] Initializing cgroup subsys cpu
[    0.000000] Initializing cgroup subsys cpuacct
[    0.000000] Linux version 3.18.0-rc1-next-20141021-00002-gb76ee65 (nmenon@kahuna) (gcc version 4.6.3 (Ubuntu/Linaro 4.6.3-1ubuntu5) ) #1 SMP Tue Oct 21 05:36:18 CDT 2014
[    0.000000] CPU: ARMv7 Processor [412fc0f2] revision 2 (ARMv7), cr=10c5387d
[    0.000000] CPU: PIPT / VIPT nonaliasing data cache, PIPT instruction cache
[    0.000000] Machine model: TI DRA722
[    0.000000] cma: Reserved 16 MiB at be800000
[    0.000000] Memory policy: Data cache writealloc
[    0.000000] DRA722 ES1.0
[    0.000000] PERCPU: Embedded 11 pages/cpu @eefa2000 s14976 r8192 d21888 u45056
[    0.000000] Built 1 zonelists in Zone order, mobility grouping on.  Total pages: 260368
[    0.000000] Kernel command line: console=ttyO0,115200n8 earlyprintk rootwait  ip=dhcp  root=PARTUUID=00000000-02 rw rootfstype=ext4 rootwait 
[    0.000000] PID hash table entries: 4096 (order: 2, 16384 bytes)
[    0.000000] Dentry cache hash table entries: 131072 (order: 7, 524288 bytes)
[    0.000000] Inode-cache hash table entries: 65536 (order: 6, 262144 bytes)
[    0.000000] allocated 2095104 bytes of page_cgroup
[    0.000000] please try 'cgroup_disable=memory' option if you don't want memory cgroups
[    0.000000] Memory: 1001716K/1047552K available (6277K kernel code, 684K rwdata, 2324K rodata, 428K init, 8264K bss, 45836K reserved, 252928K highmem)
[    0.000000] Virtual kernel memory layout:
[    0.000000]     vector  : 0xffff0000 - 0xffff1000   (   4 kB)
[    0.000000]     fixmap  : 0xffc00000 - 0xffe00000   (2048 kB)
[    0.000000]     vmalloc : 0xf0000000 - 0xff000000   ( 240 MB)
[    0.000000]     lowmem  : 0xc0000000 - 0xef800000   ( 760 MB)
[    0.000000]     pkmap   : 0xbfe00000 - 0xc0000000   (   2 MB)
[    0.000000]     modules : 0xbf000000 - 0xbfe00000   (  14 MB)
[    0.000000]       .text : 0xc0008000 - 0xc086ea24   (8603 kB)
[    0.000000]       .init : 0xc086f000 - 0xc08da000   ( 428 kB)
[    0.000000]       .data : 0xc08da000 - 0xc0985298   ( 685 kB)
[    0.000000]        .bss : 0xc0985298 - 0xc11975a0   (8265 kB)
[    0.000000] Hierarchical RCU implementation.
[    0.000000] 	RCU restricting CPUs from NR_CPUS=2 to nr_cpu_ids=1.
[    0.000000] RCU: Adjusting geometry for rcu_fanout_leaf=16, nr_cpu_ids=1
[    0.000000] NR_IRQS:16 nr_irqs:16 16
[    0.000000] GIC CPU mask not found - kernel will fail to boot.
[    0.000000] GIC CPU mask not found - kernel will fail to boot.
[    0.000000] omap3_noncore_dpll_set_rate: dpll_gpu_ck: final rate 22574257 does not match desired rate 22579200
[    0.000000] OMAP clockevent source: timer1 at 32768 Hz
[    0.000000] sched_clock: 32 bits at 32kHz, resolution 30517ns, wraps every 65536000000000ns
[    0.000000] OMAP clocksource: 32k_counter at 32768 Hz
[    0.001434] Console: colour dummy device 80x30
[    0.001464] Lock dependency validator: Copyright (c) 2006 Red Hat, Inc., Ingo Molnar
[    0.001495] ... MAX_LOCKDEP_SUBCLASSES:  8
[    0.001495] ... MAX_LOCK_DEPTH:          48
[    0.001495] ... MAX_LOCKDEP_KEYS:        8191
[    0.001495] ... CLASSHASH_SIZE:          4096
[    0.001495] ... MAX_LOCKDEP_ENTRIES:     32768
[    0.001525] ... MAX_LOCKDEP_CHAINS:      65536
[    0.001525] ... CHAINHASH_SIZE:          32768
[    0.001525]  memory used by lock dependency info: 5167 kB
[    0.001525]  per task-struct memory footprint: 1152 bytes
[    0.001556] Calibrating delay loop... 1987.37 BogoMIPS (lpj=9936896)
[    0.060577] pid_max: default: 32768 minimum: 301
[    0.060821] Security Framework initialized
[    0.060913] Mount-cache hash table entries: 2048 (order: 1, 8192 bytes)
[    0.060943] Mountpoint-cache hash table entries: 2048 (order: 1, 8192 bytes)
[    0.062774] Initializing cgroup subsys memory
[    0.062835] Initializing cgroup subsys devices
[    0.062866] Initializing cgroup subsys freezer
[    0.062927] Initializing cgroup subsys blkio
[    0.062988] Initializing cgroup subsys perf_event
[    0.063018] CPU: Testing write buffer coherency: ok
[    0.063842] /cpus/cpu@0 missing clock-frequency property
[    0.063842] CPU0: thread -1, cpu 0, socket 0, mpidr 80000000
[    0.063903] Setting up static identity map for 0x805f4098 - 0x805f4108
[    0.066192] Brought up 1 CPUs
[    0.066192] SMP: Total of 1 processors activated.
[    0.066223] CPU: All CPU(s) started in SVC mode.
[    0.067993] devtmpfs: initialized
[    0.069580] VFP support v0.3: implementor 41 architecture 4 part 30 variant f rev 0
[    0.069671] omap_hwmod: l3_main_2 using broken dt data from ocp
[    0.086578] ------------[ cut here ]------------
[    0.086608] WARNING: CPU: 0 PID: 1 at arch/arm/mach-omap2/omap_hwmod.c:2542 _init+0x1c0/0x3e0()
[    0.086608] omap_hwmod: gmac: doesn't have mpu register target base
[    0.086608] Modules linked in:
[    0.086639] CPU: 0 PID: 1 Comm: swapper/0 Not tainted 3.18.0-rc1-next-20141021-00002-gb76ee65 #1
[    0.086639] [<c0015378>] (unwind_backtrace) from [<c0011a68>] (show_stack+0x10/0x14)
[    0.086669] [<c0011a68>] (show_stack) from [<c05eba14>] (dump_stack+0x78/0x94)
[    0.086669] [<c05eba14>] (dump_stack) from [<c00402a0>] (warn_slowpath_common+0x6c/0x8c)
[    0.086700] [<c00402a0>] (warn_slowpath_common) from [<c0040354>] (warn_slowpath_fmt+0x30/0x40)
[    0.086700] [<c0040354>] (warn_slowpath_fmt) from [<c087c61c>] (_init+0x1c0/0x3e0)
[    0.086730] [<c087c61c>] (_init) from [<c00289ac>] (omap_hwmod_for_each+0x34/0x5c)
[    0.086730] [<c00289ac>] (omap_hwmod_for_each) from [<c087cda4>] (__omap_hwmod_setup_all+0x24/0x40)
[    0.086761] [<c087cda4>] (__omap_hwmod_setup_all) from [<c00089e4>] (do_one_initcall+0x80/0x1d8)
[    0.086761] [<c00089e4>] (do_one_initcall) from [<c086fe40>] (kernel_init_freeable+0x1f4/0x2c8)
[    0.086761] [<c086fe40>] (kernel_init_freeable) from [<c05e6c88>] (kernel_init+0x8/0xe4)
[    0.086791] [<c05e6c88>] (kernel_init) from [<c000e688>] (ret_from_fork+0x14/0x2c)
[    0.086822] ---[ end trace 16f31c5a5c87f904 ]---
[    0.143859] ------------[ cut here ]------------
[    0.143890] WARNING: CPU: 0 PID: 1 at arch/arm/mach-omap2/omap_hwmod.c:2542 _init+0x1c0/0x3e0()
[    0.143890] omap_hwmod: rtcss: doesn't have mpu register target base
[    0.143890] Modules linked in:
[    0.143920] CPU: 0 PID: 1 Comm: swapper/0 Tainted: G        W      3.18.0-rc1-next-20141021-00002-gb76ee65 #1
[    0.143920] [<c0015378>] (unwind_backtrace) from [<c0011a68>] (show_stack+0x10/0x14)
[    0.143951] [<c0011a68>] (show_stack) from [<c05eba14>] (dump_stack+0x78/0x94)
[    0.143951] [<c05eba14>] (dump_stack) from [<c00402a0>] (warn_slowpath_common+0x6c/0x8c)
[    0.143981] [<c00402a0>] (warn_slowpath_common) from [<c0040354>] (warn_slowpath_fmt+0x30/0x40)
[    0.143981] [<c0040354>] (warn_slowpath_fmt) from [<c087c61c>] (_init+0x1c0/0x3e0)
[    0.143981] [<c087c61c>] (_init) from [<c00289ac>] (omap_hwmod_for_each+0x34/0x5c)
[    0.144012] [<c00289ac>] (omap_hwmod_for_each) from [<c087cda4>] (__omap_hwmod_setup_all+0x24/0x40)
[    0.144012] [<c087cda4>] (__omap_hwmod_setup_all) from [<c00089e4>] (do_one_initcall+0x80/0x1d8)
[    0.144042] [<c00089e4>] (do_one_initcall) from [<c086fe40>] (kernel_init_freeable+0x1f4/0x2c8)
[    0.144042] [<c086fe40>] (kernel_init_freeable) from [<c05e6c88>] (kernel_init+0x8/0xe4)
[    0.144042] [<c05e6c88>] (kernel_init) from [<c000e688>] (ret_from_fork+0x14/0x2c)
[    0.144073] ---[ end trace 16f31c5a5c87f905 ]---
[    0.183746] omap_hwmod: dss_core: _wait_target_disable failed
[    0.183746] omap_hwmod: dss_core: cannot be enabled for reset (3)
[    0.186370] omap_hwmod: dss_dispc: cannot be enabled for reset (3)
[    0.188995] omap_hwmod: dss_hdmi: cannot be enabled for reset (3)
[    0.263031] omap_hwmod: pcie1: _wait_target_disable failed
[    0.269531] omap_hwmod: pcie2: _wait_target_disable failed
[    0.272583] pinctrl core: initialized pinctrl subsystem
[    0.274322] regulator-dummy: no parameters
[    0.319030] NET: Registered protocol family 16
[    0.322479] DMA: preallocated 256 KiB pool for atomic coherent allocations
[    0.323791] cpuidle: using governor ladder
[    0.323822] cpuidle: using governor menu
[    0.331939] OMAP GPIO hardware version 0.1
[    0.347503] platform 4e000000.dmm: Cannot lookup hwmod 'dmm'
[    0.354583] No ATAGs?
[    0.354614] hw-breakpoint: found 5 (+1 reserved) breakpoint and 4 watchpoint registers.
[    0.354614] hw-breakpoint: maximum watchpoint size is 8 bytes.
[    0.356689] OMAP DMA hardware revision 0.0
[    0.374328] edma-dma-engine edma-dma-engine.0: Can't allocate PaRAM dummy slot
[    0.374359] edma-dma-engine: probe of edma-dma-engine.0 failed with error -22
[    0.399810] omap-dma-engine 4a056000.dma-controller: OMAP DMA engine driver
[    0.402435] SCSI subsystem initialized
[    0.402954] usbcore: registered new interface driver usbfs
[    0.403076] usbcore: registered new interface driver hub
[    0.403167] usbcore: registered new device driver usb
[    0.403869] omap_i2c 48070000.i2c: could not find pctldev for node /ocp/pinmux@4a003400/pinmux_i2c1_pins, deferring probe
[    0.403900] platform 48070000.i2c: Driver omap_i2c requests probe deferral
[    0.406555] Switched to clocksource 32k_counter
[    0.508728] NET: Registered protocol family 2
[    0.509857] TCP established hash table entries: 8192 (order: 3, 32768 bytes)
[    0.510040] TCP bind hash table entries: 8192 (order: 6, 294912 bytes)
[    0.512359] TCP: Hash tables configured (established 8192 bind 8192)
[    0.512481] TCP: reno registered
[    0.512512] UDP hash table entries: 512 (order: 3, 40960 bytes)
[    0.512817] UDP-Lite hash table entries: 512 (order: 3, 40960 bytes)
[    0.513793] NET: Registered protocol family 1
[    0.514709] RPC: Registered named UNIX socket transport module.
[    0.514709] RPC: Registered udp transport module.
[    0.514739] RPC: Registered tcp transport module.
[    0.514739] RPC: Registered tcp NFSv4.1 backchannel transport module.
[    0.515899] hw perfevents: enabled with armv7_cortex_a15 PMU driver, 7 counters available
[    0.519073] futex hash table entries: 256 (order: 2, 16384 bytes)
[    0.519226] audit: initializing netlink subsys (disabled)
[    0.519348] audit: type=2000 audit(0.500:1): initialized
[    0.521942] VFS: Disk quotas dquot_6.5.2
[    0.522033] Dquot-cache hash table entries: 1024 (order 0, 4096 bytes)
[    0.523437] NFS: Registering the id_resolver key type
[    0.523651] Key type id_resolver registered
[    0.523651] Key type id_legacy registered
[    0.523773] jffs2: version 2.2. (NAND) (SUMMARY)   2001-2006 Red Hat, Inc.
[    0.527282] bounce: pool size: 64 pages
[    0.527343] io scheduler noop registered
[    0.527374] io scheduler deadline registered
[    0.527404] io scheduler cfq registered (default)
[    0.534362] pinctrl-single 4a003400.pinmux: 281 pins at pa fc003400 size 1124
[    0.536346] pbias_mmc_omap5: 1800 <--> 3000 mV at 3000 mV 
[    0.537353] abb_mpu: 1060 <--> 1210 mV 
[    0.537963] abb_ivahd: 1055 <--> 1250 mV 
[    0.538543] abb_dspeve: 1055 <--> 1250 mV 
[    0.539154] abb_gpu: 1090 <--> 1280 mV 
[    0.540252] Serial: 8250/16550 driver, 4 ports, IRQ sharing enabled
[    0.544006] omap_uart 4806a000.serial: no wakeirq for uart0
[    0.544281] omap_uart 4806a000.serial: ttyO0 at MMIO 0x4806a000 (irq = 295, base_baud = 3000000) is a OMAP UART0
[    1.601074] console [ttyO0] enabled
[    1.621704] brd: module loaded
[    1.633605] loop: module loaded
[    1.638885] mtdoops: mtd device (mtddev=name/number) must be supplied
[    1.648101] usbcore: registered new interface driver asix
[    1.653839] usbcore: registered new interface driver ax88179_178a
[    1.660308] usbcore: registered new interface driver cdc_ether
[    1.666534] usbcore: registered new interface driver smsc95xx
[    1.672637] usbcore: registered new interface driver net1080
[    1.678649] usbcore: registered new interface driver cdc_subset
[    1.684906] usbcore: registered new interface driver zaurus
[    1.690887] usbcore: registered new interface driver cdc_ncm
[    1.697448] usbcore: registered new interface driver cdc_wdm
[    1.703491] usbcore: registered new interface driver usb-storage
[    1.709899] usbcore: registered new interface driver usbtest
[    1.717132] mousedev: PS/2 mouse device common for all mice
[    1.724548] i2c /dev entries driver
[    1.728271] Driver for 1-wire Dallas network protocol.
[    1.735534] ledtrig-cpu: registered to indicate activity on CPUs
[    1.742187] usbcore: registered new interface driver usbhid
[    1.748016] usbhid: USB HID core driver
[    1.753601] oprofile: using timer interrupt.
[    1.758453] TCP: cubic registered
[    1.761932] Initializing XFRM netlink socket
[    1.766632] NET: Registered protocol family 10
[    1.772796] sit: IPv6 over IPv4 tunneling driver
[    1.778991] NET: Registered protocol family 17
[    1.783660] NET: Registered protocol family 15
[    1.788513] Key type dns_resolver registered
[    1.793090] omap_voltage_late_init: Voltage driver support not added
[    1.799774] sr_dev_init: Unable to get voltage domain pointer for VDD core
[    1.806976] sr_dev_init: Unable to get voltage domain pointer for VDD mpu
[    1.814636] Power Management for TI OMAP4+ devices.
[    1.820098] ThumbEE CPU extension supported.
[    1.824645] Registering SWP/SWPB emulation handler
[    1.829711] SmartReflex Class3 initialized
[    1.840728] palmas 0-0058: Irq flag is 0x00000000
[    1.851104] palmas 0-0058: Muxing GPIO 1d, PWM 0, LED 0
[    1.859588] smps1: 850 <--> 1250 mV at 1060 mV 
[    1.866363] smps2: 850 <--> 1030 mV at 1030 mV 
[    1.873168] smps3: 850 <--> 1250 mV at 1060 mV 
[    1.879882] smps4: 1800 mV 
[    1.884796] smps5: 1350 mV 
[    1.889648] ldo1: 1800 <--> 3300 mV at 3000 mV 
[    1.895782] ldo2: 1800 <--> 3300 mV 
[    1.901763] ldo3: 1800 mV 
[    1.906860] ldo4: 3300 mV 
[    1.911956] ldo5: 1800 mV 
[    1.915893] REGEN1: no parameters
[    1.919830] REGEN2: no parameters
[    1.923736] REGEN3: no parameters
[    1.927520] omap_i2c 48070000.i2c: bus 0 rev0.12 at 400 kHz
[    1.934631] drivers/rtc/hctosys.c: unable to open rtc device (rtc0)
[    1.941284] sr_init: No PMIC hook to init smartreflex
[    1.946777] sr_init: platform driver register failed for SR
[   14.117218] ldo4: disabling
[   14.121032] ldo1: disabling
[   14.124389] pbias_mmc_omap5: disabling
[   14.130401] Waiting for root device PARTUUID=00000000-02...
