- 03:28:41 [INFO] Starting target session
- 03:28:42 [INFO] Connected to dra7xx-evm via serial 
- 03:28:42 [INFO] Host: #check prompt
- 03:28:44 [ERROR] On command: #check prompt waiting for (?-mix:((?-mix:login:)|[Pp]assword)) >>> error: execution expired
- 03:28:44 [INFO] Target: 
#check prompt
root@dra7xx-evm:/test# 
- 03:28:44 [INFO] Host: #check prompt
- 03:28:44 [INFO] Target: 
#check prompt
root@dra7xx-evm:/test# 
- 03:28:44 [INFO] Host: sync;poweroff
- 03:28:58 [INFO] Target: 
sync;poweroff


Broadcast message from root@drJj.]Y[Z.H+(*UI55jRroot@dra7xx-evm:/test# 
INIT:Stopping telnet daemon.
Stopping system message bus: dbus.
Stopping syslogd/klogd: stopped syslogd (pid 1548)
stopped klogd (pid 1551)
done
Stopping thttpd.
ALSA: Storing mixer settings...
/usr/sbin/alsactl: save_state:1590: No soundcards found...
Deconfiguring network interfaces... done.
Sending all processes the TERM signal...
Sending all processes the KILL signal...
Unmounting remote filesystems...
Deactivating swap...
Unmounting local filesystems...
[73621.079823] reboot: System halted

- 03:28:58 [INFO] Disconnected serial from dra7xx-evm
- 03:29:19 [INFO] Connected to dra7xx-evm via serial 
- 03:29:19 [INFO] Host: 
- 03:29:20 [ERROR] On command:  waiting for (?-mix:U-Boot#) >>> error: execution expired
- 03:29:20 [INFO] Target: 
 0 
U-Boot# 
- 03:29:20 [INFO] Host: 
- 03:29:20 [INFO] Target: 

U-Boot# 
- 03:29:20 [INFO] Host: version
- 03:29:21 [INFO] Target: 
version

U-Boot 2014.07 (Jul 14 2014 - 13:25:06)
arm-linux-gnueabihf-gcc (crosstool-NG linaro-1.13.1-4.7-2013.03-20130313 - Linaro GCC 2013.03) 4.7.3 20130226 (prerelease)
GNU ld (crosstool-NG linaro-1.13.1-4.7-2013.03-20130313 - Linaro GCC 2013.03) 2.23.1
U-Boot# 
- 03:29:21 [INFO] Host: bdi
- 03:29:21 [INFO] Target: 
bdi
arch_number = 0x00000000
boot_params = 0x80000100
DRAM bank   = 0x00000000
-> start    = 0x80000000
-> size     = 0x60000000
eth0name    = cpsw
ethaddr     = c4:ed:ba:c2:1b:54
current eth = cpsw
ip_addr     = <NULL>
baudrate    = 115200 bps
TLB addr    = 0xDFFF0000
relocaddr   = 0xDFF5E000
reloc off   = 0x5F75E000
irq_sp      = 0xDEF3DEE0
sp start    = 0xDEF3DED0
U-Boot# 
- 03:29:21 [INFO] Host: printenv
- 03:29:22 [INFO] Target: 
printenv
arch=arm
baudrate=115200
board=dra7xx
board_name=dra7xx
bootcmd=run findfdt; run mmcboot;setenv mmcdev 1; setenv bootpart 1:2; setenv mmcroot /dev/mmcblk0p2 rw; run mmcboot;
bootdelay=1
bootdir=/boot
bootfile=zImage
bootm_size=0x10000000
bootpart=0:2
bootscript=echo Running bootscript from mmc${mmcdev} ...; source ${loadaddr}
console=ttyO0,115200n8
cpu=armv7
eth1addr=c4:ed:ba:c2:1b:55
ethact=cpsw
ethaddr=c4:ed:ba:c2:1b:54
fdt_addr_r=0x88000000
fdtaddr=0x88000000
fdtfile=undefined
findfdt=if test $board_name = omap5_uevm; then setenv fdtfile omap5-uevm.dtb; fi; if test $board_name = dra7xx; then setenv fdtfile dra7-evm.dtb; fi;if test $board_name = dra72x; then setenv fdtfile dra72-evm.dtb; fi;if test $fdtfile = undefined; then echo WARNING: Could not determine device tree to use; fi; 
importbootenv=echo Importing environment from mmc${mmcdev} ...; env import -t ${loadaddr} ${filesize}
kernel_addr_r=0x82000000
loadaddr=0x82000000
loadbootenv=fatload mmc ${mmcdev} ${loadaddr} uEnv.txt
loadbootscript=fatload mmc ${mmcdev} ${loadaddr} boot.scr
loadfdt=load mmc ${bootpart} ${fdtaddr} ${bootdir}/${fdtfile};
loadimage=load mmc ${bootpart} ${loadaddr} ${bootdir}/${bootfile}
mmcargs=setenv bootargs console=${console} ${optargs} vram=${vram} root=${mmcroot} rootfstype=${mmcrootfstype}
mmcboot=mmc dev ${mmcdev}; if mmc rescan; then echo SD/MMC found on device ${mmcdev};if run loadbootenv; then echo Loaded environment from ${bootenv};run importbootenv;fi;if test -n $uenvcmd; then echo Running uenvcmd ...;run uenvcmd;fi;if run loadimage; then run loadfdt; echo Booting from mmc${mmcdev} ...; run mmcargs; bootz ${loadaddr} - ${fdtaddr}; fi;fi;
mmcdev=0
mmcroot=/dev/mmcblk1p2 rw
mmcrootfstype=ext4 rootwait
partitions=uuid_disk=${uuid_gpt_disk};name=rootfs,start=2MiB,size=-,uuid=${uuid_gpt_rootfs}
ramdisk_addr_r=0x88080000
rdaddr=0x88080000
scsidevs=0
soc=omap5
stderr=serial
stdin=serial
stdout=serial
usbtty=cdc_acm
vendor=ti
ver=U-Boot 2014.07 (Jul 14 2014 - 13:25:06)
vram=16M

Environment size: 2085/131067 bytes
U-Boot# 
- 03:29:22 [INFO] Host: setenv autoload 'no'
- 03:29:22 [INFO] Target: 
setenv autoload 'no'
U-Boot# 
- 03:29:22 [INFO] Host: usb start
- 03:29:25 [INFO] Target: 
usb start
(Re)start USB...
USB0:   Register 2000140 NbrPorts 2
Starting the controller
USB XHCI 1.00
scanning bus 0 for devices... 2 USB Device(s) found
       scanning usb for storage devices... 1 Storage Device(s) found
U-Boot# 
- 03:29:25 [INFO] Host: dhcp
- 03:29:26 [INFO] Target: 
dhcp
cpsw Waiting for PHY auto negotiation to complete. done
link up on port 0, speed 1000, full duplex
BOOTP broadcast 1
DHCP client bound to address 192.168.0.203
U-Boot# 
- 03:29:26 [INFO] Host: setenv serverip 192.168.0.1
- 03:29:27 [INFO] Target: 
setenv serverip 192.168.0.1
U-Boot# 
- 03:29:27 [INFO] Host: setenv bootargs 'console=ttyO0,115200n8 earlyprintk rootwait ip=dhcp root=/dev/mmcblk1p2 rw rootfstype=ext3'
- 03:29:27 [INFO] Target: 
setenv bootargs 'console=ttyO0,115200n8 earlyprintk rootwait ip=dhcp root=/dev/mmcblk1p2 rw rootfstype=ext3'
U-Boot# 
- 03:29:27 [INFO] Host: printenv
- 03:29:28 [INFO] Target: 
printenv
arch=arm
autoload=no
baudrate=115200
board=dra7xx
board_name=dra7xx
bootargs=console=ttyO0,115200n8 earlyprintk rootwait ip=dhcp root=/dev/mmcblk1p2 rw rootfstype=ext3
bootcmd=run findfdt; run mmcboot;setenv mmcdev 1; setenv bootpart 1:2; setenv mmcroot /dev/mmcblk0p2 rw; run mmcboot;
bootdelay=1
bootdir=/boot
bootfile=zImage
bootm_size=0x10000000
bootpart=0:2
bootscript=echo Running bootscript from mmc${mmcdev} ...; source ${loadaddr}
console=ttyO0,115200n8
cpu=armv7
dnsip=192.0.2.2
dnsip2=192.0.2.3
eth1addr=c4:ed:ba:c2:1b:55
ethact=cpsw
ethaddr=c4:ed:ba:c2:1b:54
fdt_addr_r=0x88000000
fdtaddr=0x88000000
fdtfile=undefined
findfdt=if test $board_name = omap5_uevm; then setenv fdtfile omap5-uevm.dtb; fi; if test $board_name = dra7xx; then setenv fdtfile dra7-evm.dtb; fi;if test $board_name = dra72x; then setenv fdtfile dra72-evm.dtb; fi;if test $fdtfile = undefined; then echo WARNING: Could not determine device tree to use; fi; 
gatewayip=192.168.0.1
importbootenv=echo Importing environment from mmc${mmcdev} ...; env import -t ${loadaddr} ${filesize}
ipaddr=192.168.0.203
kernel_addr_r=0x82000000
loadaddr=0x82000000
loadbootenv=fatload mmc ${mmcdev} ${loadaddr} uEnv.txt
loadbootscript=fatload mmc ${mmcdev} ${loadaddr} boot.scr
loadfdt=load mmc ${bootpart} ${fdtaddr} ${bootdir}/${fdtfile};
loadimage=load mmc ${bootpart} ${loadaddr} ${bootdir}/${bootfile}
mmcargs=setenv bootargs console=${console} ${optargs} vram=${vram} root=${mmcroot} rootfstype=${mmcrootfstype}
mmcboot=mmc dev ${mmcdev}; if mmc rescan; then echo SD/MMC found on device ${mmcdev};if run loadbootenv; then echo Loaded environment from ${bootenv};run importbootenv;fi;if test -n $uenvcmd; then echo Running uenvcmd ...;run uenvcmd;fi;if run loadimage; then run loadfdt; echo Booting from mmc${mmcdev} ...; run mmcargs; bootz ${loadaddr} - ${fdtaddr}; fi;fi;
mmcdev=0
mmcroot=/dev/mmcblk1p2 rw
mmcrootfstype=ext4 rootwait
netmask=255.255.255.0
partitions=uuid_disk=${uuid_gpt_disk};name=rootfs,start=2MiB,size=-,uuid=${uuid_gpt_rootfs}
ramdisk_addr_r=0x88080000
rdaddr=0x88080000
scsidevs=0
serverip=192.168.0.1
soc=omap5
stderr=serial
stdin=serial
stdout=serial
usbtty=cdc_acm
vendor=ti
ver=U-Boot 2014.07 (Jul 14 2014 - 13:25:06)
vram=16M

Environment size: 2332/131067 bytes
U-Boot# 
- 03:29:28 [INFO] Host: setenv bootcmd 'tftp ${loadaddr} 192.168.0.1:vatf_dra7xx-evm/04391c34b4b9da77f6eb5f1961e5095e; tftp ${fdtaddr} 192.168.0.1:vatf_dra7xx-evm/9c48652b6844e54008a0ff031ab0ffd7; if iminfo ${loadaddr}; then bootm ${loadaddr} - ${fdtaddr}; else bootz ${loadaddr} - ${fdtaddr}; bootm ${loadaddr} - ${fdtaddr}; fi' 
- 03:29:28 [INFO] Target: 
setenv bootcmd 'tftp ${loadaddr} 192.168.0.1:vatf_dra7xx-evm/04391c34b4b9da77f6eb5f1961e5095e; tftp ${fdtaddr} 192.168.0.1:vatf_dra7xx-evm/9c48652b6844e54008a0ff031ab0ffd7; if iminfo ${loadaddr}; then bootm ${loadaddr} - ${fdtaddr}; else bootz ${loadaddr} - ${fdtaddr}; bootm ${loadaddr} - ${fdtaddr}; fi' 
U-Boot# 
- 03:29:28 [INFO] Host: boot
- 03:29:51 [INFO] Target: 
boot
link up on port 0, speed 1000, full duplex
Using cpsw device
TFTP from server 192.168.0.1; our IP address is 192.168.0.203
Filename 'vatf_dra7xx-evm/04391c34b4b9da77f6eb5f1961e5095e'.
Load address: 0x82000000
Loading: *#################################################################
	 #################################################################
	 #################################################################
	 #################################################################
	 #####################################
	 15.6 MiB/s
done
Bytes transferred = 4353712 (426eb0 hex)
link up on port 0, speed 1000, full duplex
Using cpsw device
TFTP from server 192.168.0.1; our IP address is 192.168.0.203
Filename 'vatf_dra7xx-evm/9c48652b6844e54008a0ff031ab0ffd7'.
Load address: 0x88000000
Loading: *#####
	 11.4 MiB/s
done
Bytes transferred = 59653 (e905 hex)

## Checking Image at 82000000 ...
Unknown image format!
Kernel image @ 0x82000000 [ 0x000000 - 0x426eb0 ]
## Flattened Device Tree blob at 88000000
   Booting using the fdt blob at 0x88000000
   Loading Device Tree to 8ffee000, end 8ffff904 ... OK

Starting kernel ...

[    0.000000] Booting Linux on physical CPU 0x0
[    0.000000] Linux version 3.16.0-00002-g680001f (nmenon@kahuna) (gcc version 4.6.3 (Ubuntu/Linaro 4.6.3-1ubuntu5) ) #1 SMP Sun Aug 10 02:32:38 CDT 2014
[    0.000000] CPU: ARMv7 Processor [412fc0f2] revision 2 (ARMv7), cr=10c5387d
[    0.000000] CPU: PIPT / VIPT nonaliasing data cache, PIPT instruction cache
[    0.000000] Machine model: TI DRA742
[    0.000000] cma: CMA: reserved 16 MiB at ae800000
[    0.000000] Memory policy: Data cache writealloc
[    0.000000] DRA752 ES1.0
[    0.000000] PERCPU: Embedded 9 pages/cpu @edb8f000 s14336 r8192 d14336 u36864
[    0.000000] Built 1 zonelists in Zone order, mobility grouping on.  Total pages: 391440
[    0.000000] Kernel command line: console=ttyO0,115200n8 earlyprintk rootwait ip=dhcp root=/dev/mmcblk1p2 rw rootfstype=ext3
[    0.000000] PID hash table entries: 4096 (order: 2, 16384 bytes)
[    0.000000] Dentry cache hash table entries: 131072 (order: 7, 524288 bytes)
[    0.000000] Inode-cache hash table entries: 65536 (order: 6, 262144 bytes)
[    0.000000] Memory: 1524708K/1571840K available (5657K kernel code, 681K rwdata, 2196K rodata, 402K init, 8209K bss, 47132K reserved, 793600K highmem)
[    0.000000] Virtual kernel memory layout:
[    0.000000]     vector  : 0xffff0000 - 0xffff1000   (   4 kB)
[    0.000000]     fixmap  : 0xffc00000 - 0xffe00000   (2048 kB)
[    0.000000]     vmalloc : 0xf0000000 - 0xff000000   ( 240 MB)
[    0.000000]     lowmem  : 0xc0000000 - 0xef800000   ( 760 MB)
[    0.000000]     pkmap   : 0xbfe00000 - 0xc0000000   (   2 MB)
[    0.000000]     modules : 0xbf000000 - 0xbfe00000   (  14 MB)
[    0.000000]       .text : 0xc0008000 - 0xc07b3a10   (7855 kB)
[    0.000000]       .init : 0xc07b4000 - 0xc0818800   ( 402 kB)
[    0.000000]       .data : 0xc081a000 - 0xc08c45b0   ( 682 kB)
[    0.000000]        .bss : 0xc08c45b0 - 0xc10c8a98   (8210 kB)
[    0.000000] Hierarchical RCU implementation.
[    0.000000] NR_IRQS:16 nr_irqs:16 16
[    0.000000] OMAP clockevent source: timer1 at 32768 Hz
[    0.000000] sched_clock: 32 bits at 32kHz, resolution 30517ns, wraps every 65536000000000ns
[    0.000000] OMAP clocksource: 32k_counter at 32768 Hz
[    0.000366] Architected cp15 timer(s) running at 6.14MHz (virt).
[    0.000370] sched_clock: 56 bits at 6MHz, resolution 162ns, wraps every 2796202663936ns
[    0.000377] Switching to timer-based delay loop
[    0.001396] Console: colour dummy device 80x30
[    0.001427] Lock dependency validator: Copyright (c) 2006 Red Hat, Inc., Ingo Molnar
[    0.001434] ... MAX_LOCKDEP_SUBCLASSES:  8
[    0.001440] ... MAX_LOCK_DEPTH:          48
[    0.001446] ... MAX_LOCKDEP_KEYS:        8191
[    0.001452] ... CLASSHASH_SIZE:          4096
[    0.001458] ... MAX_LOCKDEP_ENTRIES:     32768
[    0.001463] ... MAX_LOCKDEP_CHAINS:      65536
[    0.001469] ... CHAINHASH_SIZE:          32768
[    0.001475]  memory used by lock dependency info: 5167 kB
[    0.001481]  per task-struct memory footprint: 1152 bytes
[    0.001510] Calibrating delay loop (skipped), value calculated using timer frequency.. 12.28 BogoMIPS (lpj=61440)
[    0.001523] pid_max: default: 32768 minimum: 301
[    0.001853] Security Framework initialized
[    0.001957] Mount-cache hash table entries: 2048 (order: 1, 8192 bytes)
[    0.001968] Mountpoint-cache hash table entries: 2048 (order: 1, 8192 bytes)
[    0.003598] CPU: Testing write buffer coherency: ok
[    0.004359] /cpus/cpu@0 missing clock-frequency property
[    0.004391] /cpus/cpu@1 missing clock-frequency property
[    0.004403] CPU0: thread -1, cpu 0, socket 0, mpidr 80000000
[    0.004454] Setting up static identity map for 0x8055ce28 - 0x8055ce98
[    0.008316] CPU1: Booted secondary processor
[    0.008354] CPU1: thread -1, cpu 1, socket 0, mpidr 80000001
[    0.008766] Brought up 2 CPUs
[    0.008780] SMP: Total of 2 processors activated.
[    0.008786] CPU: All CPU(s) started in SVC mode.
[    0.010793] devtmpfs: initialized
[    0.020086] VFP support v0.3: implementor 41 architecture 4 part 30 variant f rev 0
[    0.020173] omap_hwmod: l3_main_2 using broken dt data from ocp
[    0.109934] omap_hwmod: dss_core: _wait_target_disable failed
[    0.109949] omap_hwmod: dss_core: cannot be enabled for reset (3)
[    0.112451] omap_hwmod: dss_dispc: cannot be enabled for reset (3)
[    0.114940] omap_hwmod: dss_hdmi: cannot be enabled for reset (3)
[    0.181336] pinctrl core: initialized pinctrl subsystem
[    0.183176] regulator-dummy: no parameters
[    0.228109] NET: Registered protocol family 16
[    0.232222] DMA: preallocated 256 KiB pool for atomic coherent allocations
[    0.233732] cpuidle: using governor ladder
[    0.233749] cpuidle: using governor menu
[    0.236341] omap_l3_noc 44000000.ocp: L3 debug error: target 2 mod:1 (unclearable)
[    0.236410] omap_l3_noc 44000000.ocp: L3 application error: target 2 mod:1 (unclearable)
[    0.240683] OMAP GPIO hardware version 0.1
[    0.255874] platform 4e000000.dmm: Cannot lookup hwmod 'dmm'
[    0.261021] platform 4a090000.ocp2scp: Cannot lookup hwmod 'ocp2scp3'
[    0.264220] omap-gpmc 50000000.gpmc: could not find pctldev for node /ocp/pinmux@4a003400/nand_flash_x16, deferring probe
[    0.264242] platform 50000000.gpmc: Driver omap-gpmc requests probe deferral
[    0.265121] No ATAGs?
[    0.265179] hw-breakpoint: found 5 (+1 reserved) breakpoint and 4 watchpoint registers.
[    0.265187] hw-breakpoint: maximum watchpoint size is 8 bytes.
[    0.267298] OMAP DMA hardware revision 0.0
[    0.325767] edma-dma-engine edma-dma-engine.0: Can't allocate PaRAM dummy slot
[    0.325807] edma-dma-engine: probe of edma-dma-engine.0 failed with error -5
[    0.353018] omap-dma-engine 4a056000.dma-controller: OMAP DMA engine driver
[    0.353962] mmc2_3v3: 3300 mV 
[    0.356744] SCSI subsystem initialized
[    0.357336] usbcore: registered new interface driver usbfs
[    0.357467] usbcore: registered new interface driver hub
[    0.357766] usbcore: registered new device driver usb
[    0.358464] omap_i2c 48070000.i2c: could not find pctldev for node /ocp/pinmux@4a003400/pinmux_i2c1_pins, deferring probe
[    0.358485] platform 48070000.i2c: Driver omap_i2c requests probe deferral
[    0.358534] omap_i2c 48072000.i2c: could not find pctldev for node /ocp/pinmux@4a003400/pinmux_i2c2_pins, deferring probe
[    0.358553] platform 48072000.i2c: Driver omap_i2c requests probe deferral
[    0.358600] omap_i2c 48060000.i2c: could not find pctldev for node /ocp/pinmux@4a003400/pinmux_i2c3_pins, deferring probe
[    0.358620] platform 48060000.i2c: Driver omap_i2c requests probe deferral
[    0.361701] Switched to clocksource arch_sys_counter
[    0.463389] NET: Registered protocol family 2
[    0.464695] TCP established hash table entries: 8192 (order: 3, 32768 bytes)
[    0.464889] TCP bind hash table entries: 8192 (order: 6, 294912 bytes)
[    0.467187] TCP: Hash tables configured (established 8192 bind 8192)
[    0.467299] TCP: reno registered
[    0.467318] UDP hash table entries: 512 (order: 3, 40960 bytes)
[    0.467626] UDP-Lite hash table entries: 512 (order: 3, 40960 bytes)
[    0.468575] NET: Registered protocol family 1
[    0.469350] RPC: Registered named UNIX socket transport module.
[    0.469360] RPC: Registered udp transport module.
[    0.469368] RPC: Registered tcp transport module.
[    0.469376] RPC: Registered tcp NFSv4.1 backchannel transport module.
[    0.473939] futex hash table entries: 512 (order: 3, 32768 bytes)
[    0.476851] VFS: Disk quotas dquot_6.5.2
[    0.476941] Dquot-cache hash table entries: 1024 (order 0, 4096 bytes)
[    0.478458] NFS: Registering the id_resolver key type
[    0.478679] Key type id_resolver registered
[    0.478688] Key type id_legacy registered
[    0.478773] jffs2: version 2.2. (NAND) (SUMMARY)   2001-2006 Red Hat, Inc.
[    0.479183] msgmni has been set to 1459
[    0.480947] bounce: pool size: 64 pages
[    0.480992] io scheduler noop registered
[    0.481008] io scheduler deadline registered
[    0.481079] io scheduler cfq registered (default)
[    0.487076] pinctrl-single 4a003400.pinmux: 281 pins at pa fc003400 size 1124
[    0.488779] pbias_mmc_omap5: 1800 <--> 3000 mV at 3000 mV 
[    0.489769] abb_mpu: 1060 <--> 1210 mV 
[    0.490398] abb_ivahd: 1055 <--> 1250 mV 
[    0.491028] abb_dspeve: 1055 <--> 1250 mV 
[    0.491693] abb_gpu: 1090 <--> 1280 mV 
[    0.492220] omap-ocp2scp 4a090000.ocp2scp: _od_fail_runtime_resume: FIXME: missing hwmod/omap_dev info
[    0.492751] Serial: 8250/16550 driver, 4 ports, IRQ sharing enabled
[    0.498736] omap_uart 4806a000.serial: no wakeirq for uart0
[    0.499033] 4806a000.serial: ttyO0 at MMIO 0x4806a000 (irq = 104, base_baud = 3000000) is a OMAP UART0
[    1.309340] console [ttyO0] enabled
[    1.314112] omap_uart 4806c000.serial: no wakeirq for uart0
[    1.320148] 4806c000.serial: ttyO1 at MMIO 0x4806c000 (irq = 105, base_baud = 3000000) is a OMAP UART1
[    1.331317] omap_uart 48020000.serial: no wakeirq for uart0
[    1.337356] 48020000.serial: ttyO2 at MMIO 0x48020000 (irq = 106, base_baud = 3000000) is a OMAP UART2
[    1.363984] brd: module loaded
[    1.376690] loop: module loaded
[    1.382096] mtdoops: mtd device (mtddev=name/number) must be supplied
[    1.393004] usbcore: registered new interface driver asix
[    1.398760] usbcore: registered new interface driver ax88179_178a
[    1.405255] usbcore: registered new interface driver cdc_ether
[    1.411514] usbcore: registered new interface driver smsc95xx
[    1.417639] usbcore: registered new interface driver net1080
[    1.423670] usbcore: registered new interface driver cdc_subset
[    1.429962] usbcore: registered new interface driver zaurus
[    1.435964] usbcore: registered new interface driver cdc_ncm
[    1.442546] usbcore: registered new interface driver cdc_wdm
[    1.448606] usbcore: registered new interface driver usb-storage
[    1.455056] usbcore: registered new interface driver usbtest
[    1.462330] mousedev: PS/2 mouse device common for all mice
[    1.469945] i2c /dev entries driver
[    1.473673] Driver for 1-wire Dallas network protocol.
[    1.481185] omap_hsmmc 4809c000.mmc: unable to get vmmc regulator -517
[    1.488230] platform 4809c000.mmc: Driver omap_hsmmc requests probe deferral
[    1.496279] omap_hsmmc 480b4000.mmc: pins are not configured from the driver
[    1.542160] ledtrig-cpu: registered to indicate activity on CPUs
[    1.549055] usbcore: registered new interface driver usbhid
[    1.554982] usbhid: USB HID core driver
[    1.560131] oprofile: no performance counters
[    1.565367] oprofile: using timer interrupt.
[    1.570253] TCP: cubic registered
[    1.573782] Initializing XFRM netlink socket
[    1.578348] NET: Registered protocol family 17
[    1.583077] NET: Registered protocol family 15
[    1.587935] Key type dns_resolver registered
[    1.592570] omap_voltage_late_init: Voltage driver support not added
[    1.599225] sr_dev_init: Unable to get voltage domain pointer for VDD core
[    1.606436] sr_dev_init: Unable to get voltage domain pointer for VDD mpu
[    1.614176] ThumbEE CPU extension supported.
[    1.618675] Registering SWP/SWPB emulation handler
[    1.623720] SmartReflex Class3 initialized
[    1.630650] omap-gpmc 50000000.gpmc: GPMC revision 6.0
[    1.637369] nand: No NAND device found
[    1.641300] nand device scan failed, may be bus-width mismatch
[    1.641620] mmc0: BKOPS_EN bit is not set
[    1.644260] mmc0: new high speed MMC card at address 0001
[    1.657952] mmcblk0: mmc0:0001 MMC04G 3.52 GiB 
[    1.663021] mmcblk0boot0: mmc0:0001 MMC04G partition 1 16.0 MiB
[    1.666024] palmas 0-0058: IRQ missing: skipping irq request
[    1.667317] palmas 0-0058: Muxing GPIO 2e, PWM 0, LED 0
[    1.671041] smps123: 850 <--> 1250 mV at 1060 mV 
[    1.673510] smps45: 850 <--> 1150 mV at 1060 mV 
[    1.675883] smps6: 850 <--> 1650 mV at 1060 mV 
[    1.678000] smps7: 850 <--> 1030 mV at 1030 mV 
[    1.680435] smps8: 850 <--> 1250 mV at 1060 mV 
[    1.682621] smps9: 1800 mV 
[    1.684606] ldo1: 1800 <--> 3300 mV at 3300 mV 
[    1.686803] ldo2: 3300 mV 
[    1.689030] ldo3: 1800 mV 
[    1.690433] LDO4: at 1800 mV 
[    1.691446] LDO5: no parameters
[    1.692491] LDO6: no parameters
[    1.693494] LDO7: no parameters
[    1.694548] LDO8: no parameters
[    1.696405] ldo9: 1050 mV 
[    1.698633] ldoln: 1800 mV 
[    1.700867] ldousb: 3300 mV 
[    1.701930] REGEN1: no parameters
[    1.702389] REGEN2: no parameters
[    1.702819] REGEN3: no parameters
[    1.703279] SYSEN1: no parameters
[    1.703709] SYSEN2: no parameters
[    1.703970] omap_i2c 48070000.i2c: bus 0 rev0.12 at 400 kHz
[    1.705331] omap_i2c 48072000.i2c: bus 1 rev0.12 at 400 kHz
[    1.706656] omap_i2c 48060000.i2c: bus 2 rev0.12 at 3400 kHz
[    1.710711] omap_hsmmc 4809c000.mmc: pins are not configured from the driver
[    1.785240] mmcblk0boot1: mmc0:0001 MMC04G partition 2 16.0 MiB
[    1.795003]  mmcblk0: p1
[    1.801278]  mmcblk0boot1: unknown partition table
[    1.809242]  mmcblk0boot0: unknown partition table
[    1.822936] drivers/rtc/hctosys.c: unable to open rtc device (rtc0)
[    1.829512] sr_init: No PMIC hook to init smartreflex
[    1.835023] sr_init: platform driver register failed for SR
[    1.953235] mmc1: host does not support reading read-only switch. assuming write-enable.
[    1.965294] mmc1: new high speed SD card at address e624
[    1.971690] mmcblk1: mmc1:e624 SU02G 1.84 GiB 
[    1.978409]  mmcblk1: p1 p2 p3
[   13.992301] ldousb: disabling
[   13.995971] ldo9: disabling
[   13.999449] ldo2: disabling
[   14.002978] smps8: disabling
[   14.006554] smps6: disabling
[   14.010129] smps45: disabling
[   14.029441] kjournald starting.  Commit interval 5 seconds
[   14.057217] EXT3-fs (mmcblk1p2): using internal journal
[   14.062722] EXT3-fs (mmcblk1p2): mounted filesystem with ordered data mode
[   14.069972] VFS: Mounted root (ext3 filesystem) on device 179:26.
[   14.080951] devtmpfs: mounted
[   14.084432] Freeing unused kernel memory: 400K (c07b4000 - c0818000)

INIT: version 2.88 booting

Error opening /dev/fb0: No such file or directory
Starting udev
[   14.694979] udevd[813]: starting version 182
[   15.611784] random: nonblocking pool is initialized
udevd[982]: failed to execute '/etc/udev/scripts/mount.sh' '/etc/udev/scripts/mount.sh': No such file or directory


udevd[1014]: failed to execute '/etc/udev/scripts/mount.sh' '/etc/udev/scripts/mount.sh': No such file or directory


udevd[1013]: failed to execute '/etc/udev/scripts/mount.sh' '/etc/udev/scripts/mount.sh': No such file or directory


udevd[1012]: failed to execute '/etc/udev/scripts/mount.sh' '/etc/udev/scripts/mount.sh': No such file or directory


depmod: ERROR: could not open directory /lib/modules/3.16.0-00002-g680001f: No such file or directory
depmod: WARNING: -e needs -E or -F
depmod: ERROR: could not open directory /lib/modules/3.16.0-00002-g680001f: No such file or directory
depmod: FATAL: could not search modules: No such file or directory
Starting Bootlog daemon: bootlogd: cannot allocate pseudo tty: No such file or directory
bootlogd.
Populating dev cache
ALSA: Restoring mixer settings...
/usr/sbin/alsactl: load_state:1729: No soundcards found...
Configuring network interfaces... ifconfig: SIOCGIFFLAGS: No such device
done.
hwclock: can't open '/dev/misc/rtc': No such file or directory
Thu Jul 17 20:49:00 UTC 2014
hwclock: can't open '/dev/misc/rtc': No such file or directory

INIT: Entering runlevel: 5

Starting system message bus: dbus.
Starting Dropbear SSH server: dropbear.
Starting telnet daemon.
Starting tiipclad daemon
Spawned daemon: /usr/bin/lad_dra7xx

.
hwclock: can't open '/dev/misc/rtc': No such file or directory
Starting syslogd/klogd: done
Starting thttpd.
Starting Lighttpd Web Server: 2014-07-17 20:49:00: (log.c.166) server started 
lighttpd.
/
Removing stale PID file /var/run/matrix-gui-2.0.pid.
Starting Matrix GUI application.
***************************************************************
***************************************************************
NOTICE: This file system contains the followin GPLv3 packages:
	binutils-symlinks
	binutils
	gdbserver
	parted

If you do not wish to distribute GPLv3 components please remove
the above packages prior to distribution.  This can be done using
the opkg remove command.  i.e.:
    opkg remove <package>
Where <package> is the name printed in the list above

NOTE: If the package is a dependency of another package you
      will be notified of the dependent packages.  You should
      use the --force-removal-of-dependent-packages option to
      also remove the dependent packages as well
***************************************************************
***************************************************************
Stopping Bootlog daemon: bootlogd.


 _____                    _____           _         _   

|  _  |___ ___ ___ ___   |  _  |___ ___  |_|___ ___| |_ 

|     |  _| .'| . | . |  |   __|  _| . | | | -_|  _|  _|

|__|__|_| |__,|_  |___|  |__|  |_| |___|_| |___|___|_|  

              |___|                    |___|            



Arago Project http://arago-project.org dra7xx-evm /dev/ttyO0



Arago 2014.05 dra7xx-evm /dev/ttyO0



dra7xx-evm login: 
- 03:29:51 [INFO] Host: root
- 03:29:52 [INFO] Target: 
root
root@dra7xx-evm:~# 
- 03:29:52 [INFO] Host: uname -a
- 03:29:52 [INFO] Target: 
uname -a
Linux dra7xx-evm 3.16.0-00002-g680001f #1 SMP Sun Aug 10 02:32:38 CDT 2014 armv7l GNU/Linux
root@dra7xx-evm:~# 
- 03:29:52 [INFO] Host: cat /proc/cmdline
- 03:29:53 [INFO] Target: 
cat /proc/cmdline
console=ttyO0,115200n8 earlyprintk rootwait ip=dhcp root=/dev/mmcblk1p2 rw rootfstype=ext3
root@dra7xx-evm:~# 
- 03:29:53 [INFO] Host: uname -a
- 03:29:53 [INFO] Target: 
uname -a
Linux dra7xx-evm 3.16.0-00002-g680001f #1 SMP Sun Aug 10 02:32:38 CDT 2014 armv7l GNU/Linux
root@dra7xx-evm:~# 
- 03:29:53 [INFO] Host: cat /proc/mtd
- 03:29:54 [INFO] Target: 
cat /proc/mtd
dev:    size   erasesize  name
root@dra7xx-evm:~# 
- 03:29:58 [INFO] Host: export IPERFHOST=192.168.0.1
- 03:29:58 [INFO] Target: 
export IPERFHOST=192.168.0.1
root@dra7xx-evm:~# 
- 03:29:58 [INFO] Host: export NFS_SERVER=192.168.0.1
- 03:29:59 [INFO] Target: 
export NFS_SERVER=192.168.0.1
root@dra7xx-evm:~# 
- 03:29:59 [INFO] Host: export NFS_ROOT_PATH=/home/tigtfarm01/NFS_exports/dra7xx
- 03:29:59 [INFO] Target: 
export NFS_ROOT_PATH=/home/tigtfarm01/NFS_exports/dra7xx
root@dra7xx-evm:~# 
- 03:29:59 [INFO] Host: mkdir -p -m 777 /test
- 03:30:00 [INFO] Target: 
mkdir -p -m 777 /test
root@dra7xx-evm:~# 
- 03:30:00 [INFO] Host: cd /test
- 03:30:00 [INFO] Target: 
cd /test
root@dra7xx-evm:/test# 
- 03:30:00 [INFO] Host: cat > test.sh << EOF
- 03:30:01 [INFO] Target: 
cat > test.sh << EOF
> 
- 03:30:01 [INFO] Host: failtest() {

- 03:30:01 [INFO] Target: 
failtest() {
> 
- 03:30:01 [INFO] Host:   echo 1 >&3

- 03:30:02 [INFO] Target: 
  echo 1 >&3
> 
- 03:30:02 [INFO] Host: }

- 03:30:02 [INFO] Target: 
}
> 
- 03:30:02 [INFO] Host: timeout=600

- 03:30:03 [INFO] Target: 
timeout=600
> 
- 03:30:03 [INFO] Host: 

- 03:30:03 [INFO] Target: 

> 
- 03:30:03 [INFO] Host: # Start of user's script logic

- 03:30:04 [INFO] Target: 
# Start of user's script logic
> 
- 03:30:04 [INFO] Host: 

- 03:30:04 [INFO] Target: 

> 
- 03:30:04 [INFO] Host: 

- 03:30:05 [INFO] Target: 

> 
- 03:30:05 [INFO] Host: mount -t proc proc /proc 2>/dev/null;

- 03:30:05 [INFO] Target: 
mount -t proc proc /proc 2>/dev/null;
> 
- 03:30:05 [INFO] Host: 

- 03:30:06 [INFO] Target: 

> 
- 03:30:06 [INFO] Host: mount -t sysfs sys /sys 2>/dev/null;

- 03:30:06 [INFO] Target: 
mount -t sysfs sys /sys 2>/dev/null;
> 
- 03:30:06 [INFO] Host: 

- 03:30:07 [INFO] Target: 

> 
- 03:30:07 [INFO] Host: mount -t debugfs none /sys/kernel/debug 2>/dev/null;

- 03:30:07 [INFO] Target: 
mount -t debugfs none /sys/kernel/debug 2>/dev/null;
> 
- 03:30:07 [INFO] Host: 

- 03:30:08 [INFO] Target: 

> 
- 03:30:08 [INFO] Host: echo 'cpuinfo:';cat /proc/cpuinfo; echo '=======';

- 03:30:08 [INFO] Target: 
echo 'cpuinfo:';cat /proc/cpuinfo; echo '=======';
> 
- 03:30:08 [INFO] Host: 

- 03:30:09 [INFO] Target: 

> 
- 03:30:09 [INFO] Host: echo 'soc info:';head /sys/devices/soc0/* 2>/dev/null; echo '=======';

- 03:30:09 [INFO] Target: 
echo 'soc info:';head /sys/devices/soc0/* 2>/dev/null; echo '=======';
> 
- 03:30:09 [INFO] Host: 

- 03:30:10 [INFO] Target: 

> 
- 03:30:10 [INFO] Host: echo 'interrupts:';cat /proc/interrupts; echo '=======';

- 03:30:10 [INFO] Target: 
echo 'interrupts:';cat /proc/interrupts; echo '=======';
> 
- 03:30:10 [INFO] Host: 

- 03:30:11 [INFO] Target: 

> 
- 03:30:11 [INFO] Host: echo 'Clk_summary:';cat /sys/kernel/debug/clk/clk_summary; echo '=======';

- 03:30:11 [INFO] Target: 
echo 'Clk_summary:';cat /sys/kernel/debug/clk/clk_summary; echo '=======';
> 
- 03:30:11 [INFO] Host: 

- 03:30:12 [INFO] Target: 

> 
- 03:30:12 [INFO] Host: echo 'Orphan Clks:';ls /sys/kernel/debug/clk/orphans/; echo '=======';

- 03:30:12 [INFO] Target: 
echo 'Orphan Clks:';ls /sys/kernel/debug/clk/orphans/; echo '=======';
> 
- 03:30:12 [INFO] Host: 

- 03:30:13 [INFO] Target: 

> 
- 03:30:13 [INFO] Host: echo 'H''ello World' 'B''oard Booted';

- 03:30:13 [INFO] Target: 
echo 'H''ello World' 'B''oard Booted';
> 
- 03:30:13 [INFO] Host: 

- 03:30:14 [INFO] Target: 

> 
- 03:30:14 [INFO] Host: EOF
- 03:30:14 [INFO] Target: 
EOF
root@dra7xx-evm:/test# 
- 03:30:14 [INFO] Host: cd /test
- 03:30:15 [INFO] Target: 
cd /test
root@dra7xx-evm:/test# 
- 03:30:15 [INFO] Host: chmod +x test.sh
- 03:30:15 [INFO] Target: 
chmod +x test.sh
root@dra7xx-evm:/test# 
- 03:30:15 [INFO] Host: ./test.sh 2> stderr.log > stdout.log 3> result.log
- 03:30:16 [INFO] Target: 
./test.sh 2> stderr.log > stdout.log 3> result.log
root@dra7xx-evm:/test# 
- 03:30:16 [INFO] Host: echo $?
- 03:30:16 [INFO] Target: 
echo $?
0
root@dra7xx-evm:/test# 
- 03:30:16 [INFO] Host: cd /test
- 03:30:17 [INFO] Target: 
cd /test
root@dra7xx-evm:/test# 
- 03:30:17 [INFO] Host: cat stdout.log
- 03:30:19 [INFO] Target: 
cat stdout.log
cpuinfo:
processor	: 0
model name	: ARMv7 Processor rev 2 (v7l)
Features	: swp half thumb fastmult vfp edsp thumbee neon vfpv3 tls vfpv4 idiva idivt vfpd32 lpae evtstrm 
CPU implementer	: 0x41
CPU architecture: 7
CPU variant	: 0x2
CPU part	: 0xc0f
CPU revision	: 2

processor	: 1
model name	: ARMv7 Processor rev 2 (v7l)
Features	: swp half thumb fastmult vfp edsp thumbee neon vfpv3 tls vfpv4 idiva idivt vfpd32 lpae evtstrm 
CPU implementer	: 0x41
CPU architecture: 7
CPU variant	: 0x2
CPU part	: 0xc0f
CPU revision	: 2

Hardware	: Generic DRA74X (Flattened Device Tree)
Revision	: 0000
Serial		: 0000000000000000
=======
soc info:
==> /sys/devices/soc0/family <==
DRA7

==> /sys/devices/soc0/machine <==
DRA752

==> /sys/devices/soc0/power <==

==> /sys/devices/soc0/revision <==
ES1.0

==> /sys/devices/soc0/subsystem <==

==> /sys/devices/soc0/type <==
GP

==> /sys/devices/soc0/uevent <==
=======
interrupts:
           CPU0       CPU1       
 27:       1171       1235       GIC  27  arch_timer
 41:          1          0       GIC  41  l3-dbg-irq
 42:          1          0       GIC  42  l3-app-irq
 44:          0          0       GIC  44  DMA
 45:       3700          0       GIC  45  omap-dma-engine
 52:          0          0       GIC  52  gpmc
 69:          0          0       GIC  69  gp_timer
 88:        373          0       GIC  88  48070000.i2c
 89:          0          0       GIC  89  48072000.i2c
 93:          0          0       GIC  93  48060000.i2c
104:       3572          0       GIC 104  OMAP UART0
115:       6190          0       GIC 115  mmc1
118:       1032          0       GIC 118  mmc0
IPI0:          0          1  CPU wakeup interrupts
IPI1:          0          0  Timer broadcast interrupts
IPI2:       1813       2924  Rescheduling interrupts
IPI3:          0          0  Function call interrupts
IPI4:        322         71  Single function call interrupts
IPI5:          0          0  CPU stop interrupts
IPI6:          0          0  IRQ work interrupts
IPI7:          0          0  completion interrupts
Err:          0
=======
Clk_summary:
   clock                         enable_cnt  prepare_cnt        rate   accuracy
--------------------------------------------------------------------------------
 dummy_ck                                 0            0           0          0
 video2_m2_clkin_ck                       0            0           0          0
    video2_dclk_div                       0            0           0          0
 video2_clkin_ck                          0            0           0          0
    video2_div_clk                        0            0           0          0
    video2_clk2_div                       0            0           0          0
 video1_m2_clkin_ck                       0            0           0          0
    video1_dclk_div                       0            0           0          0
 video1_clkin_ck                          0            0           0          0
    video1_div_clk                        0            0           0          0
    video1_clk2_div                       0            0           0          0
 usb_otg_clkin_ck                         0            0           0          0
    usb_otg_dclk_div                      0            0           0          0
 sys_clkin2                               0            0    22579200          0
    abe_dpll_sys_clk_mux                  0            0    22579200          0
       abe_dpll_clk_mux                   0            0    22579200          0
          dpll_abe_ck                     0            0   180633600          0
             dpll_abe_m2_ck               0            0   180633600          0
                per_abe_x1_dclk_div           0            0   180633600          0
                per_abe_x1_gfclk2_div           0            0   180633600          0
                   mcasp8_aux_gfclk_mux           0            0   180633600          0
                   mcasp7_aux_gfclk_mux           0            0   180633600          0
                   mcasp6_aux_gfclk_mux           0            0   180633600          0
                   mcasp5_aux_gfclk_mux           0            0   180633600          0
                   mcasp4_aux_gfclk_mux           0            0   180633600          0
                   mcasp3_aux_gfclk_mux           0            0   180633600          0
                   mcasp2_aux_gfclk_mux           0            0   180633600          0
                   mcasp1_aux_gfclk_mux           0            0   180633600          0
             dpll_abe_x2_ck               0            0   361267200          0
                dpll_abe_m3x2_ck           0            0   180633600          0
                   usb_dpll_hs_clk_div           0            0    60211200          0
                   per_dpll_hs_clk_div           0            0    90316800          0
                dpll_abe_m2x2_ck           0            0   361267200          0
                   ipu1_gfclk_mux           0            0   361267200          0
                   abe_clk                0            0   361267200          0
                      aess_fclk           0            0   361267200          0
                         abe_giclk_div           0            0   361267200          0
                   abe_24m_fclk           0            0    45158400          0
                      mcasp8_ahclk_mux           0            0    45158400          0
                      mcasp7_ahclkx_mux           0            0    45158400          0
                      mcasp6_ahclkx_mux           0            0    45158400          0
                      mcasp5_ahclkx_mux           0            0    45158400          0
                      mcasp4_ahclkx_mux           0            0    45158400          0
                      mcasp3_ahclkx_mux           0            0    45158400          0
                      mcasp2_ahclkx_mux           0            0    45158400          0
                      mcasp2_ahclkr_mux           0            0    45158400          0
                      mcasp1_ahclkx_mux           0            0    45158400          0
                      mcasp1_ahclkr_mux           0            0    45158400          0
                   abe_lp_clk_div           0            0    22579200          0
       abe_dpll_bypass_clk_mux            0            0    22579200          0
    sys_clk2_dclk_div                     0            0    22579200          0
 virt_38400000_ck                         0            0    38400000          0
 virt_27000000_ck                         0            0    27000000          0
 virt_26000000_ck                         0            0    26000000          0
 virt_20000000_ck                         1            1    20000000          0
    sys_clkin1                            5           11    20000000          0
       sata_ref_clk                       0            0    20000000          0
       dpll_usb_ck                        1            1   960000000          0
          dpll_usb_clkdcoldo              1            1   960000000          0
             l3init_960m_gfclk            1            2   960000000          0
                usb_otg_ss2_refclk960m           0            2   960000000          0
                usb_otg_ss1_refclk960m           1            3   960000000          0
          dpll_usb_m2_ck                  0            0   480000000          0
             l3init_60m_fclk              0            0    60000000          0
             l3init_480m_dclk_div           0            0   480000000          0
       dpll_per_ck                        1            1   384000000          0
          dpll_per_x2_ck                  1            3   768000000          0
             dpll_per_m2x2_ck             2            5   192000000          0
                mmc2_fclk_mux             0            1   192000000          0
                   mmc2_fclk_div           0            1    96000000          0
                mmc1_fclk_mux             1            1   192000000          0
                   mmc1_fclk_div           1            1    96000000          0
                func_96m_fclk             0            5    96000000          0
                func_48m_fclk             3           14    48000000          0
                   uart9_gfclk_mux           0            0    48000000          0
                   uart8_gfclk_mux           0            0    48000000          0
                   uart7_gfclk_mux           0            0    48000000          0
                   uart5_gfclk_mux           0            1    48000000          0
                   uart4_gfclk_mux           0            1    48000000          0
                   uart3_gfclk_mux           1            1    48000000          0
                   uart2_gfclk_mux           1            1    48000000          0
                   uart1_gfclk_mux           1            1    48000000          0
                   mmc4_gfclk_mux           0            1    48000000          0
                      mmc4_gfclk_div           0            1    48000000          0
                   mmc3_gfclk_mux           0            1    48000000          0
                      mmc3_gfclk_div           0            1    48000000          0
                   dss_48mhz_clk           0            2    48000000          0
                   uart10_gfclk_mux           0            0    48000000          0
                   uart6_gfclk_mux           0            1    48000000          0
                func_12m_fclk             0            1    12000000          0
             dpll_per_h14x2_ck            0            0   384000000          0
             dpll_per_h13x2_ck            0            1   192000000          0
                qspi_gfclk_mux            0            1   192000000          0
                   qspi_gfclk_div           0            1   192000000          0
             dpll_per_h12x2_ck            0            1   192000000          0
                dss_dss_clk               0            3   192000000          0
             dpll_per_h11x2_ck            0            0   256000000          0
                func_128m_clk             0            0   128000000          0
          dpll_per_m2_ck                  0            0    96000000          0
             func_24m_clk                 0            0    24000000          0
             func_96m_aon_dclk_div           0            0    96000000          0
       dpll_pcie_ref_ck                   0            0           0          0
          dpll_pcie_ref_m2_ck             0            0           0          0
             pcie2_dclk_div               0            0           0          0
          apll_pcie_in_clk_mux            0            0           0          0
             apll_pcie_ck                 0            0           0          0
                apll_pcie_m2_ck           0            0           0          0
                   pcie_dclk_div           0            0           0          0
                apll_pcie_clkvcoldo_div           0            0           0          0
                apll_pcie_clkvcoldo           0            0           0          0
                optfclk_pciephy_clk           0            0           0          0
                optfclk_pciephy_div           0            0           0          0
                   optfclk_pciephy_div_clk           0            0           0          0
          dpll_pcie_ref_m2ldo_ck           0            0           0          0
       dpll_eve_ck                        0            0           0          0
          dpll_eve_m2_ck                  0            0           0          0
             eve_dclk_div                 0            0           0          0
             eve_clk                      0            0           0          0
       dpll_gmac_ck                       0            0  1000000000          0
          dpll_gmac_x2_ck                 0            0  2000000000          0
             dpll_gmac_m3x2_ck            0            0   200000000          0
             dpll_gmac_h13x2_ck           0            0   200000000          0
             dpll_gmac_h12x2_ck           0            0   250000000          0
             dpll_gmac_h11x2_ck           0            0    50000000          0
                gmii_m_clk_div            0            0    25000000          0
          dpll_gmac_m2_ck                 0            0   250000000          0
             gmac_gmii_ref_clk_div           0            0   125000000          0
             gmac_250m_dclk_div           0            0   250000000          0
       dpll_ddr_ck                        0            0  1064000000          0
          dpll_ddr_x2_ck                  0            0  2128000000          0
             dpll_ddr_h11x2_ck            0            0   266000000          0
          dpll_ddr_m2_ck                  0            0   532000000          0
             emif_phy_dclk_div            0            0   532000000          0
       dpll_gpu_ck                        0            0           0          0
          dpll_gpu_m2_ck                  0            0           0          0
             gpu_dclk                     0            0           0          0
       dpll_iva_ck                        0            0           0          0
          dpll_iva_m2_ck                  0            0           0          0
             iva_dclk                     0            0           0          0
       dpll_dsp_ck                        0            0           0          0
          dpll_dsp_x2_ck                  0            0           0          0
             dpll_dsp_m3x2_ck             0            0           0          0
          dpll_dsp_m2_ck                  0            0           0          0
             dsp_gclk_div                 0            0           0          0
       dpll_mpu_ck                        1            1  1000000000          0
          dpll_mpu_m2_ck                  1            1  1000000000          0
             mpu_dclk_div                 0            0  1000000000          0
       dpll_core_ck                       1            1  1064000000          0
          dpll_core_m2_ck                 0            0   532000000          0
             core_dpll_out_dclk_div           0            0   532000000          0
          dpll_core_x2_ck                 2            3  2128000000          0
             dpll_core_h24x2_ck           0            1   354666667          0
             dpll_core_h23x2_ck           0            0   532000000          0
             dpll_core_h22x2_ck           0            0   425600000          0
             dpll_core_h14x2_ck           0            0   425600000          0
                gpu_hyd_gclk_mux           0            0   425600000          0
                gpu_core_gclk_mux           0            0   425600000          0
             dpll_core_h13x2_ck           4            8    34322581          0
             dpll_core_h12x2_ck           1            1   532000000          0
                l3_iclk_div              65           78   266000000          0
                   vip3_gclk_mux           0            0   266000000          0
                   vip2_gclk_mux           0            0   266000000          0
                   vip1_gclk_mux           0            0   266000000          0
                   gmac_rft_clk_mux           0            0   266000000          0
                   atl_gfclk_mux           0            1   266000000          0
                      atl_clkin0_ck           0            0   266000000          0
                      atl_clkin1_ck           0            0   266000000          0
                      atl_clkin2_ck           0            0   266000000          0
                      atl_clkin3_ck           0            0   266000000          0
                   l4_root_clk_div           4            4   133000000          0
                eve_dpll_hs_clk_div           0            0   532000000          0
                iva_dpll_hs_clk_div           0            0   532000000          0
                dsp_dpll_hs_clk_div           0            0   532000000          0
                mpu_dpll_hs_clk_div           0            0   532000000          0
       dcan1_sys_clk_mux                  0            1    20000000          0
       wkupaon_iclk_mux                   8           11    20000000          0
          l3instr_ts_gclk_div             0            0      625000          0
       video2_dpll_clk_mux                0            1    20000000          0
          dss_video2_clk                  0            1    20000000          0
       video1_dpll_clk_mux                0            1    20000000          0
          dss_video1_clk                  0            1    20000000          0
       timer_sys_clk_div                  0           10    20000000          0
          timer9_gfclk_mux                0            1    20000000          0
          timer4_gfclk_mux                0            1    20000000          0
          timer3_gfclk_mux                0            1    20000000          0
          timer2_gfclk_mux                0            1    20000000          0
          timer16_gfclk_mux               0            0    20000000          0
          timer15_gfclk_mux               0            0    20000000          0
          timer14_gfclk_mux               0            0    20000000          0
          timer13_gfclk_mux               0            0    20000000          0
          timer11_gfclk_mux               0            1    20000000          0
          timer10_gfclk_mux               0            1    20000000          0
          timer8_gfclk_mux                0            1    20000000          0
          timer7_gfclk_mux                0            1    20000000          0
          timer6_gfclk_mux                0            1    20000000          0
          timer5_gfclk_mux                0            1    20000000          0
       hdmi_dpll_clk_mux                  0            1    20000000          0
          dss_hdmi_clk                    0            2    20000000          0
       custefuse_sys_gfclk_div            0            0    10000000          0
       emu_dclk_div                       0            0    20000000          0
       sata_dclk_div                      0            0    20000000          0
       sys_clk1_dclk_div                  0            0    20000000          0
          clkoutmux2_clk_mux              0            0    20000000          0
          clkoutmux1_clk_mux              0            0    20000000          0
          clkoutmux0_clk_mux              0            0    20000000          0
       adc_gfclk_mux                      0            0    20000000          0
       abe_sys_clk_div                    0            0    20000000          0
 virt_19200000_ck                         0            0    19200000          0
 virt_16800000_ck                         0            0    16800000          0
 virt_13000000_ck                         0            0    13000000          0
 virt_12000000_ck                         0            0    12000000          0
 sys_32k_ck                               2           18       32768          0
    atl_dpll_clk_mux                      0            0       32768          0
    usb_phy3_always_on_clk32k             1            1       32768          0
    usb_phy2_always_on_clk32k             0            1       32768          0
    usb_phy1_always_on_clk32k             0            1       32768          0
    mmc4_clk32k                           0            1       32768          0
    mmc3_clk32k                           0            1       32768          0
    mmc2_clk32k                           0            1       32768          0
    mmc1_clk32k                           0            1       32768          0
    gpio8_dbclk                           0            1       32768          0
    gpio7_dbclk                           0            1       32768          0
    gpio6_dbclk                           0            1       32768          0
    gpio5_dbclk                           0            1       32768          0
    gpio4_dbclk                           0            1       32768          0
    gpio3_dbclk                           0            1       32768          0
    gpio2_dbclk                           0            1       32768          0
    dss_32khz_clk                         0            1       32768          0
    gpio1_dbclk                           0            1       32768          0
    timer1_gfclk_mux                      1            1       32768          0
 secure_32k_clk_src_ck                    0            0       32768          0
    secure_32k_dclk_div                   0            0       32768          0
 sdvenc_clkin_ck                          0            0           0          0
 rmii_clk_ck                              0            0           0          0
 ref_clkin3_ck                            0            0           0          0
 ref_clkin2_ck                            0            0           0          0
 ref_clkin1_ck                            0            0           0          0
 ref_clkin0_ck                            0            0           0          0
 pciesref_acs_clk_ck                      0            0   100000000          0
 mlbp_clkin_ck                            0            0           0          0
    mlbp_clk                              0            0           0          0
 mlb_clkin_ck                             0            0           0          0
    mlb_clk                               0            0           0          0
 hdmi_clkin_ck                            0            0           0          0
    hdmi_div_clk                          0            0           0          0
    hdmi_clk2_div                         0            0           0          0
    hdmi_dclk_div                         0            0           0          0
=======
Orphan Clks:
=======
Hello World Board Booted
root@dra7xx-evm:/test# 
- 03:30:19 [INFO] Host: cat stderr.log
- 03:30:20 [INFO] Target: 
cat stderr.log
root@dra7xx-evm:/test# 
- 03:30:20 [INFO] Host: cat result.log
- 03:30:22 [ERROR] On command: cat result.log waiting for (?m-ix:^1[\0\n\r]+) >>> error: execution expired
- 03:30:22 [INFO] Target: 
cat result.log
root@dra7xx-evm:/test# 
- 03:30:22 [INFO] Host: cd /test
- 03:30:22 [INFO] Target: 
cd /test
root@dra7xx-evm:/test# 
