- 00:31:43 [INFO] Starting target session
- 00:31:45 [INFO] Connected to dra7xx-evm via serial 
- 00:31:45 [INFO] Host: #check prompt
- 00:31:48 [ERROR] On command: #check prompt waiting for #check prompt.+?(?-mix:((?-mix:.*\s+login)|[Pp]assword)) >>> error: execution expired
- 00:31:48 [INFO] Target: 
- 00:31:48 [INFO] Host: #check prompt
- 00:31:50 [ERROR] On command: #check prompt waiting for #check prompt.+?(?m-ix:root.*#) >>> error: execution expired
- 00:31:50 [INFO] Target: 
- 00:31:50 [INFO] Host: #check prompt
- 00:31:52 [ERROR] On command: #check prompt waiting for #check prompt.+?(?m-ix:root.*#) >>> error: execution expired
- 00:31:52 [INFO] Target: 
- 00:31:52 [INFO] Host: #check prompt
- 00:31:54 [ERROR] On command: #check prompt waiting for #check prompt.+?(?m-ix:root.*#) >>> error: execution expired
- 00:31:54 [INFO] Target: 
- 00:31:54 [INFO] Disconnected serial from dra7xx-evm
- 00:32:17 [INFO] Connected to dra7xx-evm via serial 
- 00:32:17 [INFO] Host: 
- 00:32:19 [INFO] Target: 
U-Boot 2015.07 (Dec 10 2015 - 02:47:26 -0500)
CPU  : DRA752 ES1.0
Board: DRA7xx
I2C:   ready
DRAM:  1.5 GiB
MMC:   OMAP SD/MMC: 0, OMAP SD/MMC: 1
SCSI:  SATA link 0 timeout.
AHCI 0001.0300 32 slots 1 ports 3 Gbps 0x1 impl SATA mode
flags: 64bit ncq stag pm led clo only pmp pio slum part ccc apst 
scanning bus for devices...
Found 0 device(s).
Net:   <ethaddr> not set. Validating first E-fuse MAC
cpsw
Hit any key to stop autoboot:  1  0 
U-Boot# 
U-Boot# 
U-Boot# 
U-Boot# 
U-Boot# 
U-Boot# 
U-Boot# 
U-Boot# 
U-Boot# 
U-Boot# 
U-Boot# 
U-Boot# 
U-Boot# 
U-Boot# 
U-Boot# 
U-Boot# 
U-Boot# 
U-Boot# 
- 00:32:19 [INFO] Host: 
- 00:32:19 [INFO] Target: 
U-Boot# 
U-Boot# 
- 00:32:19 [INFO] Host: version
- 00:32:19 [INFO] Target: 
version
U-Boot 2015.07 (Dec 10 2015 - 02:47:26 -0500)
arm-linux-gnueabihf-gcc (Linaro GCC 4.9-2015.05) 4.9.3 20150413 (prerelease)
GNU ld (GNU Binutils) Linaro 2014.11-3-git 2.24.0.20141017
U-Boot# 
- 00:32:19 [INFO] Host: setenv bootargs 'console=ttyO0,115200n8 earlyprintk rootwait '
- 00:32:19 [INFO] Target: 
setenv bootargs 'console=ttyO0,115200n8 earlyprintk rootwait '
U-Boot# 
- 00:32:19 [INFO] Host: setenv bootcmd  ''
- 00:32:19 [INFO] Target: 
setenv bootcmd  ''
U-Boot# 
- 00:32:19 [INFO] Host: setenv autoload 'no'
- 00:32:19 [INFO] Target: 
setenv autoload 'no'
U-Boot# 
- 00:32:19 [INFO] Host: setenv serverip '192.168.1.254'
- 00:32:19 [INFO] Target: 
setenv serverip '192.168.1.254'
U-Boot# 
- 00:32:19 [INFO] Host: printenv
- 00:32:20 [INFO] Target: 
printenv
arch=arm
args_mmc=run finduuid;setenv bootargs console=${console} ${optargs} root=PARTUUID=${uuid} rw rootfstype=${mmcrootfstype}
autoload=no
baudrate=115200
board=dra7xx
board_name=dra7xx
bootargs=console=ttyO0,115200n8 earlyprintk rootwait 
bootcmd=
bootdelay=1
bootdir=/boot
bootenvfile=uEnv.txt
bootfile=zImage
bootm_size=0x10000000
bootpart=0:2
bootscript=echo Running bootscript from mmc${mmcdev} ...; source ${loadaddr}
console=ttyO0,115200n8
cpu=armv7
dfu_alt_info_emmc=rawemmc raw 0 3751936;boot part 1 1;rootfs part 1 2;MLO fat 1 1;MLO.raw raw 0x100 0x100;u-boot.img.raw raw 0x300 0x400;spl-os-args.raw raw 0x80 0x80;spl-os-image.raw raw 0x900 0x2000;spl-os-args fat 1 1;spl-os-image fat 1 1;u-boot.img fat 1 1;uEnv.txt fat 1 1
dfu_alt_info_mmc=boot part 0 1;rootfs part 0 2;MLO fat 0 1;MLO.raw raw 0x100 0x100;u-boot.img.raw raw 0x300 0x400;spl-os-args.raw raw 0x80 0x80;spl-os-image.raw raw 0x900 0x2000;spl-os-args fat 0 1;spl-os-image fat 0 1;u-boot.img fat 0 1;uEnv.txt fat 0 1
dfu_alt_info_qspi=MLO raw 0x0 0x010000;MLO.backup1 raw 0x010000 0x010000;MLO.backup2 raw 0x020000 0x010000;MLO.backup3 raw 0x030000 0x010000;u-boot.img raw 0x040000 0x0100000;u-boot-spl-os raw 0x140000 0x080000;u-boot-env raw 0x1C0000 0x010000;u-boot-env.backup raw 0x1D0000 0x010000;kernel raw 0x1E0000 0x800000
dfu_alt_info_ram=kernel ram 0x80200000 0x4000000;fdt ram 0x80f80000 0x80000;ramdisk ram 0x81000000 0x4000000
dfu_bufsiz=0x10000
dofastboot=0
envboot=mmc dev ${mmcdev}; if mmc rescan; then echo SD/MMC found on device ${mmcdev};if run loadbootscript; then run bootscript;else if run loadbootenv; then echo Loaded env from ${bootenvfile};run importbootenv;fi;if test -n $uenvcmd; then echo Running uenvcmd ...;run uenvcmd;fi;fi;fi;
eth1addr=c4:ed:ba:bf:2b:d5
ethact=cpsw
ethaddr=c4:ed:ba:bf:2b:d4
fdt_addr_r=0x88000000
fdtaddr=0x88000000
fdtfile=undefined
findfdt=if test $board_name = omap5_uevm; then setenv fdtfile omap5-uevm.dtb; fi; if test $board_name = dra7xx; then setenv fdtfile dra7-evm.dtb; fi;if test $board_name = dra72x; then setenv fdtfile dra72-evm.dtb; fi;if test $board_name = beagle_x15; then setenv fdtfile am57xx-beagle-x15.dtb; fi;if test $board_name = am57xx_evm; then setenv fdtfile am57xx-evm.dtb; fi;if test $board_name = am572x_idk; then setenv fdtfile am572x-idk.dtb; fi;if test $board_name = am571x_idk; then setenv fdtfile am571x-idk.dtb; fi;if test $board_name = am572x_idk_osd; then setenv fdtfile am572x-idk-lcd-osd.dtb; fi;if test $board_name = am571x_idk_osd; then setenv fdtfile am571x-idk-lcd-osd.dtb; fi;if test $fdtfile = undefined; then echo WARNING: Could not determine device tree to use; fi; 
finduuid=part uuid mmc 0:2 uuid
importbootenv=echo Importing environment from mmc${mmcdev} ...; env import -t ${loadaddr} ${filesize}
kernel_addr_r=0x82000000
loadaddr=0x82000000
loadbootenv=fatload mmc ${mmcdev} ${loadaddr} ${bootenvfile}
loadbootscript=fatload mmc ${mmcdev} ${loadaddr} boot.scr
loadfdt=load mmc ${bootpart} ${fdtaddr} ${bootdir}/${fdtfile};
loadimage=load mmc ${bootpart} ${loadaddr} ${bootdir}/${bootfile}
mmcboot=mmc dev ${mmcdev}; if mmc rescan; then echo SD/MMC found on device ${mmcdev};if run loadimage; then run loadfdt; echo Booting from mmc${mmcdev} ...; run args_mmc; bootz ${loadaddr} - ${fdtaddr}; fi;fi;
mmcdev=0
mmcrootfstype=ext4 rootwait
netargs=setenv bootargs console=${console} ${optargs} root=/dev/nfs nfsroot=${serverip}:${rootpath},${nfsopts} rw ip=dhcp
netboot=echo Booting from network ...; setenv autoload no; dhcp; run netloadimage; run netloadfdt; run netargs; bootz ${loadaddr} - ${fdtaddr}
netloadfdt=tftp ${fdtaddr} ${fdtfile}
netloadimage=tftp ${loadaddr} ${bootfile}
nfsopts=nolock
partitions=uuid_disk=${uuid_gpt_disk};name=rootfs,start=2MiB,size=-,uuid=${uuid_gpt_rootfs}
ramdisk_addr_r=0x88080000
rdaddr=0x88080000
rootpath=/export/rootfs
scsidevs=0
serial#=120140070163dba7
serverip=192.168.1.254
soc=omap5
static_ip=${ipaddr}:${serverip}:${gatewayip}:${netmask}:${hostname}::off
stderr=serial
stdin=serial
stdout=serial
usbtty=cdc_acm
vendor=ti
ver=U-Boot 2015.07 (Dec 10 2015 - 02:47:26 -0500)
vram=16M
Environment size: 4227/131067 bytes
U-Boot# 
- 00:32:20 [INFO] Host: printenv
- 00:32:20 [INFO] Target: 
printenv
arch=arm
args_mmc=run finduuid;setenv bootargs console=${console} ${optargs} root=PARTUUID=${uuid} rw rootfstype=${mmcrootfstype}
autoload=no
baudrate=115200
board=dra7xx
board_name=dra7xx
bootargs=console=ttyO0,115200n8 earlyprintk rootwait 
bootcmd=
bootdelay=1
bootdir=/boot
bootenvfile=uEnv.txt
bootfile=zImage
bootm_size=0x10000000
bootpart=0:2
bootscript=echo Running bootscript from mmc${mmcdev} ...; source ${loadaddr}
console=ttyO0,115200n8
cpu=armv7
dfu_alt_info_emmc=rawemmc raw 0 3751936;boot part 1 1;rootfs part 1 2;MLO fat 1 1;MLO.raw raw 0x100 0x100;u-boot.img.raw raw 0x300 0x400;spl-os-args.raw raw 0x80 0x80;spl-os-image.raw raw 0x900 0x2000;spl-os-args fat 1 1;spl-os-image fat 1 1;u-boot.img fat 1 1;uEnv.txt fat 1 1
dfu_alt_info_mmc=boot part 0 1;rootfs part 0 2;MLO fat 0 1;MLO.raw raw 0x100 0x100;u-boot.img.raw raw 0x300 0x400;spl-os-args.raw raw 0x80 0x80;spl-os-image.raw raw 0x900 0x2000;spl-os-args fat 0 1;spl-os-image fat 0 1;u-boot.img fat 0 1;uEnv.txt fat 0 1
dfu_alt_info_qspi=MLO raw 0x0 0x010000;MLO.backup1 raw 0x010000 0x010000;MLO.backup2 raw 0x020000 0x010000;MLO.backup3 raw 0x030000 0x010000;u-boot.img raw 0x040000 0x0100000;u-boot-spl-os raw 0x140000 0x080000;u-boot-env raw 0x1C0000 0x010000;u-boot-env.backup raw 0x1D0000 0x010000;kernel raw 0x1E0000 0x800000
dfu_alt_info_ram=kernel ram 0x80200000 0x4000000;fdt ram 0x80f80000 0x80000;ramdisk ram 0x81000000 0x4000000
dfu_bufsiz=0x10000
dofastboot=0
envboot=mmc dev ${mmcdev}; if mmc rescan; then echo SD/MMC found on device ${mmcdev};if run loadbootscript; then run bootscript;else if run loadbootenv; then echo Loaded env from ${bootenvfile};run importbootenv;fi;if test -n $uenvcmd; then echo Running uenvcmd ...;run uenvcmd;fi;fi;fi;
eth1addr=c4:ed:ba:bf:2b:d5
ethact=cpsw
ethaddr=c4:ed:ba:bf:2b:d4
fdt_addr_r=0x88000000
fdtaddr=0x88000000
fdtfile=undefined
findfdt=if test $board_name = omap5_uevm; then setenv fdtfile omap5-uevm.dtb; fi; if test $board_name = dra7xx; then setenv fdtfile dra7-evm.dtb; fi;if test $board_name = dra72x; then setenv fdtfile dra72-evm.dtb; fi;if test $board_name = beagle_x15; then setenv fdtfile am57xx-beagle-x15.dtb; fi;if test $board_name = am57xx_evm; then setenv fdtfile am57xx-evm.dtb; fi;if test $board_name = am572x_idk; then setenv fdtfile am572x-idk.dtb; fi;if test $board_name = am571x_idk; then setenv fdtfile am571x-idk.dtb; fi;if test $board_name = am572x_idk_osd; then setenv fdtfile am572x-idk-lcd-osd.dtb; fi;if test $board_name = am571x_idk_osd; then setenv fdtfile am571x-idk-lcd-osd.dtb; fi;if test $fdtfile = undefined; then echo WARNING: Could not determine device tree to use; fi; 
finduuid=part uuid mmc 0:2 uuid
importbootenv=echo Importing environment from mmc${mmcdev} ...; env import -t ${loadaddr} ${filesize}
kernel_addr_r=0x82000000
loadaddr=0x82000000
loadbootenv=fatload mmc ${mmcdev} ${loadaddr} ${bootenvfile}
loadbootscript=fatload mmc ${mmcdev} ${loadaddr} boot.scr
loadfdt=load mmc ${bootpart} ${fdtaddr} ${bootdir}/${fdtfile};
loadimage=load mmc ${bootpart} ${loadaddr} ${bootdir}/${bootfile}
mmcboot=mmc dev ${mmcdev}; if mmc rescan; then echo SD/MMC found on device ${mmcdev};if run loadimage; then run loadfdt; echo Booting from mmc${mmcdev} ...; run args_mmc; bootz ${loadaddr} - ${fdtaddr}; fi;fi;
mmcdev=0
mmcrootfstype=ext4 rootwait
netargs=setenv bootargs console=${console} ${optargs} root=/dev/nfs nfsroot=${serverip}:${rootpath},${nfsopts} rw ip=dhcp
netboot=echo Booting from network ...; setenv autoload no; dhcp; run netloadimage; run netloadfdt; run netargs; bootz ${loadaddr} - ${fdtaddr}
netloadfdt=tftp ${fdtaddr} ${fdtfile}
netloadimage=tftp ${loadaddr} ${bootfile}
nfsopts=nolock
partitions=uuid_disk=${uuid_gpt_disk};name=rootfs,start=2MiB,size=-,uuid=${uuid_gpt_rootfs}
ramdisk_addr_r=0x88080000
rdaddr=0x88080000
rootpath=/export/rootfs
scsidevs=0
serial#=120140070163dba7
serverip=192.168.1.254
soc=omap5
static_ip=${ipaddr}:${serverip}:${gatewayip}:${netmask}:${hostname}::off
stderr=serial
stdin=serial
stdout=serial
usbtty=cdc_acm
vendor=ti
ver=U-Boot 2015.07 (Dec 10 2015 - 02:47:26 -0500)
vram=16M
Environment size: 4227/131067 bytes
U-Boot# 
- 00:32:20 [INFO] Host: setenv bootargs ''${bootargs}' ip=:::::eth0:dhcp '
- 00:32:20 [INFO] Target: 
setenv bootargs ''${bootargs}' ip=:::::eth0:dhcp '
U-Boot# 
- 00:32:20 [INFO] Host: setenv serverip '192.168.1.254'
- 00:32:20 [INFO] Target: 
setenv serverip '192.168.1.254'
U-Boot# 
- 00:32:20 [INFO] Host: setenv autoload 'no'
- 00:32:21 [INFO] Target: 
setenv autoload 'no'
U-Boot# 
- 00:32:21 [INFO] Host: dhcp
- 00:32:22 [INFO] Target: 
dhcp
cpsw Waiting for PHY auto negotiation to complete. done
link up on port 0, speed 1000, full duplex
BOOTP broadcast 1
BOOTP broadcast 2
BOOTP broadcast 3
DHCP client bound to address 192.168.1.159 (1295 ms)
U-Boot# 
- 00:32:22 [INFO] Host: tftp ${loadaddr} 192.168.1.254:vatf_dra7xx-evm/8afb7db5a158b3bd43293b17a964872b
- 00:32:23 [INFO] Target: 
tftp ${loadaddr} 192.168.1.254:vatf_dra7xx-evm/8afb7db5a158b3bd43293b17a964872b
link up on port 0, speed 1000, full duplex
Using cpsw device
TFTP from server 192.168.1.254; our IP address is 192.168.1.159
Filename 'vatf_dra7xx-evm/8afb7db5a158b3bd43293b17a964872b'.
Load address: 0x82000000
Loading: *#################################################################
	 #################################################################
	 #################################################################
	 ######################################################
	 11.3 MiB/s
done
Bytes transferred = 3654144 (37c200 hex)
U-Boot# 
- 00:32:23 [INFO] Host: tftp ${fdt_addr_r} 192.168.1.254:vatf_dra7xx-evm/105153f828eb0a55e419bf8c329dc50c
- 00:32:23 [INFO] Target: 
tftp ${fdt_addr_r} 192.168.1.254:vatf_dra7xx-evm/105153f828eb0a55e419bf8c329dc50c
link up on port 0, speed 1000, full duplex
Using cpsw device
TFTP from server 192.168.1.254; our IP address is 192.168.1.159
Filename 'vatf_dra7xx-evm/105153f828eb0a55e419bf8c329dc50c'.
Load address: 0x88000000
Loading: *######
	 7.8 MiB/s
done
Bytes transferred = 82149 (140e5 hex)
U-Boot# 
- 00:32:23 [INFO] Host: ls mmc 0:1
- 00:32:23 [INFO] Target: 
ls mmc 0:1
    66772   mlo 
   310304   u-boot.img 
        4   ws-calibrate.rules 
        0   pointercal 
4 file(s), 0 dir(s)
U-Boot# 
- 00:32:23 [INFO] Host: ls mmc 0:2
- 00:32:23 [INFO] Target: 
ls mmc 0:2
<DIR>       4096 .
<DIR>       4096 ..
<DIR>      16384 lost+found
<DIR>       4096 bin
<DIR>       4096 boot
<DIR>       4096 dev
<DIR>       4096 etc
<DIR>       4096 home
<DIR>       4096 include
<DIR>       4096 lib
<DIR>       4096 media
<DIR>       4096 mnt
<DIR>       4096 opt
<DIR>       4096 proc
<DIR>       4096 run
<DIR>       4096 sbin
<DIR>       4096 srv
<DIR>       4096 sys
<SYM>          8 tmp
<DIR>       4096 usr
<DIR>       4096 var
<DIR>       4096 www
<DIR>       4096 test
<DIR>       4096 armv7l
<DIR>       4096 dra7xx
<DIR>       4096 dra7xx-evm
<DIR>       4096 crypto
<DIR>       4096 edma
<DIR>       4096 emmc
<DIR>       4096 gpio
<DIR>       4096 graphics
<DIR>       4096 hwrng
<DIR>       4096 i2c
<DIR>       4096 mmc_host
<DIR>       4096 nand
<DIR>       4096 ubifs
<DIR>       4096 jffs2
<DIR>       4096 net
<DIR>       4096 pcie
<DIR>       4096 power_mgr
<DIR>       4096 qspi
<DIR>       4096 rtc
<DIR>       4096 sata
<DIR>       4096 smp
<DIR>       4096 sound
<DIR>       4096 spi_master
<DIR>       4096 usb
<DIR>       4096 watchdog
<DIR>       4096 wlan
<DIR>       4096 pwm
<DIR>       4096 ipc
<DIR>       4096 hdmi
<DIR>       4096 video
U-Boot# 
- 00:32:23 [INFO] Host: part uuid mmc 0:2
- 00:32:23 [INFO] Target: 
part uuid mmc 0:2
00000000-02
U-Boot# 
- 00:32:23 [INFO] Host: printenv
- 00:32:24 [INFO] Target: 
printenv
arch=arm
args_mmc=run finduuid;setenv bootargs console=${console} ${optargs} root=PARTUUID=${uuid} rw rootfstype=${mmcrootfstype}
autoload=no
baudrate=115200
board=dra7xx
board_name=dra7xx
bootargs=console=ttyO0,115200n8 earlyprintk rootwait  ip=:::::eth0:dhcp 
bootcmd=
bootdelay=1
bootdir=/boot
bootenvfile=uEnv.txt
bootfile=zImage
bootm_size=0x10000000
bootpart=0:2
bootscript=echo Running bootscript from mmc${mmcdev} ...; source ${loadaddr}
console=ttyO0,115200n8
cpu=armv7
dfu_alt_info_emmc=rawemmc raw 0 3751936;boot part 1 1;rootfs part 1 2;MLO fat 1 1;MLO.raw raw 0x100 0x100;u-boot.img.raw raw 0x300 0x400;spl-os-args.raw raw 0x80 0x80;spl-os-image.raw raw 0x900 0x2000;spl-os-args fat 1 1;spl-os-image fat 1 1;u-boot.img fat 1 1;uEnv.txt fat 1 1
dfu_alt_info_mmc=boot part 0 1;rootfs part 0 2;MLO fat 0 1;MLO.raw raw 0x100 0x100;u-boot.img.raw raw 0x300 0x400;spl-os-args.raw raw 0x80 0x80;spl-os-image.raw raw 0x900 0x2000;spl-os-args fat 0 1;spl-os-image fat 0 1;u-boot.img fat 0 1;uEnv.txt fat 0 1
dfu_alt_info_qspi=MLO raw 0x0 0x010000;MLO.backup1 raw 0x010000 0x010000;MLO.backup2 raw 0x020000 0x010000;MLO.backup3 raw 0x030000 0x010000;u-boot.img raw 0x040000 0x0100000;u-boot-spl-os raw 0x140000 0x080000;u-boot-env raw 0x1C0000 0x010000;u-boot-env.backup raw 0x1D0000 0x010000;kernel raw 0x1E0000 0x800000
dfu_alt_info_ram=kernel ram 0x80200000 0x4000000;fdt ram 0x80f80000 0x80000;ramdisk ram 0x81000000 0x4000000
dfu_bufsiz=0x10000
dnsip=192.0.2.2
dnsip2=192.0.2.3
dofastboot=0
envboot=mmc dev ${mmcdev}; if mmc rescan; then echo SD/MMC found on device ${mmcdev};if run loadbootscript; then run bootscript;else if run loadbootenv; then echo Loaded env from ${bootenvfile};run importbootenv;fi;if test -n $uenvcmd; then echo Running uenvcmd ...;run uenvcmd;fi;fi;fi;
eth1addr=c4:ed:ba:bf:2b:d5
ethact=cpsw
ethaddr=c4:ed:ba:bf:2b:d4
fdt_addr_r=0x88000000
fdtaddr=0x88000000
fdtfile=undefined
fileaddr=88000000
filesize=140e5
findfdt=if test $board_name = omap5_uevm; then setenv fdtfile omap5-uevm.dtb; fi; if test $board_name = dra7xx; then setenv fdtfile dra7-evm.dtb; fi;if test $board_name = dra72x; then setenv fdtfile dra72-evm.dtb; fi;if test $board_name = beagle_x15; then setenv fdtfile am57xx-beagle-x15.dtb; fi;if test $board_name = am57xx_evm; then setenv fdtfile am57xx-evm.dtb; fi;if test $board_name = am572x_idk; then setenv fdtfile am572x-idk.dtb; fi;if test $board_name = am571x_idk; then setenv fdtfile am571x-idk.dtb; fi;if test $board_name = am572x_idk_osd; then setenv fdtfile am572x-idk-lcd-osd.dtb; fi;if test $board_name = am571x_idk_osd; then setenv fdtfile am571x-idk-lcd-osd.dtb; fi;if test $fdtfile = undefined; then echo WARNING: Could not determine device tree to use; fi; 
finduuid=part uuid mmc 0:2 uuid
gatewayip=192.168.1.254
importbootenv=echo Importing environment from mmc${mmcdev} ...; env import -t ${loadaddr} ${filesize}
ipaddr=192.168.1.159
kernel_addr_r=0x82000000
loadaddr=0x82000000
loadbootenv=fatload mmc ${mmcdev} ${loadaddr} ${bootenvfile}
loadbootscript=fatload mmc ${mmcdev} ${loadaddr} boot.scr
loadfdt=load mmc ${bootpart} ${fdtaddr} ${bootdir}/${fdtfile};
loadimage=load mmc ${bootpart} ${loadaddr} ${bootdir}/${bootfile}
mmcboot=mmc dev ${mmcdev}; if mmc rescan; then echo SD/MMC found on device ${mmcdev};if run loadimage; then run loadfdt; echo Booting from mmc${mmcdev} ...; run args_mmc; bootz ${loadaddr} - ${fdtaddr}; fi;fi;
mmcdev=0
mmcrootfstype=ext4 rootwait
netargs=setenv bootargs console=${console} ${optargs} root=/dev/nfs nfsroot=${serverip}:${rootpath},${nfsopts} rw ip=dhcp
netboot=echo Booting from network ...; setenv autoload no; dhcp; run netloadimage; run netloadfdt; run netargs; bootz ${loadaddr} - ${fdtaddr}
netloadfdt=tftp ${fdtaddr} ${fdtfile}
netloadimage=tftp ${loadaddr} ${bootfile}
netmask=255.255.255.0
nfsopts=nolock
partitions=uuid_disk=${uuid_gpt_disk};name=rootfs,start=2MiB,size=-,uuid=${uuid_gpt_rootfs}
ramdisk_addr_r=0x88080000
rdaddr=0x88080000
rootpath=/export/rootfs
scsidevs=0
serial#=120140070163dba7
serverip=192.168.1.254
soc=omap5
static_ip=${ipaddr}:${serverip}:${gatewayip}:${netmask}:${hostname}::off
stderr=serial
stdin=serial
stdout=serial
usbtty=cdc_acm
vendor=ti
ver=U-Boot 2015.07 (Dec 10 2015 - 02:47:26 -0500)
vram=16M
Environment size: 4393/131067 bytes
U-Boot# 
- 00:32:24 [INFO] Host: setenv bootargs ''${bootargs}' root=PARTUUID=00000000-02 rw rootfstype=ext4 rootwait '
- 00:32:24 [INFO] Target: 
setenv bootargs ''${bootargs}' root=PARTUUID=00000000-02 rw rootfstype=ext4 rootwait '
U-Boot# 
- 00:32:24 [INFO] Host: printenv
- 00:32:24 [INFO] Target: 
printenv
arch=arm
args_mmc=run finduuid;setenv bootargs console=${console} ${optargs} root=PARTUUID=${uuid} rw rootfstype=${mmcrootfstype}
autoload=no
baudrate=115200
board=dra7xx
board_name=dra7xx
bootargs=console=ttyO0,115200n8 earlyprintk rootwait  ip=:::::eth0:dhcp  root=PARTUUID=00000000-02 rw rootfstype=ext4 rootwait 
bootcmd=
bootdelay=1
bootdir=/boot
bootenvfile=uEnv.txt
bootfile=zImage
bootm_size=0x10000000
bootpart=0:2
bootscript=echo Running bootscript from mmc${mmcdev} ...; source ${loadaddr}
console=ttyO0,115200n8
cpu=armv7
dfu_alt_info_emmc=rawemmc raw 0 3751936;boot part 1 1;rootfs part 1 2;MLO fat 1 1;MLO.raw raw 0x100 0x100;u-boot.img.raw raw 0x300 0x400;spl-os-args.raw raw 0x80 0x80;spl-os-image.raw raw 0x900 0x2000;spl-os-args fat 1 1;spl-os-image fat 1 1;u-boot.img fat 1 1;uEnv.txt fat 1 1
dfu_alt_info_mmc=boot part 0 1;rootfs part 0 2;MLO fat 0 1;MLO.raw raw 0x100 0x100;u-boot.img.raw raw 0x300 0x400;spl-os-args.raw raw 0x80 0x80;spl-os-image.raw raw 0x900 0x2000;spl-os-args fat 0 1;spl-os-image fat 0 1;u-boot.img fat 0 1;uEnv.txt fat 0 1
dfu_alt_info_qspi=MLO raw 0x0 0x010000;MLO.backup1 raw 0x010000 0x010000;MLO.backup2 raw 0x020000 0x010000;MLO.backup3 raw 0x030000 0x010000;u-boot.img raw 0x040000 0x0100000;u-boot-spl-os raw 0x140000 0x080000;u-boot-env raw 0x1C0000 0x010000;u-boot-env.backup raw 0x1D0000 0x010000;kernel raw 0x1E0000 0x800000
dfu_alt_info_ram=kernel ram 0x80200000 0x4000000;fdt ram 0x80f80000 0x80000;ramdisk ram 0x81000000 0x4000000
dfu_bufsiz=0x10000
dnsip=192.0.2.2
dnsip2=192.0.2.3
dofastboot=0
envboot=mmc dev ${mmcdev}; if mmc rescan; then echo SD/MMC found on device ${mmcdev};if run loadbootscript; then run bootscript;else if run loadbootenv; then echo Loaded env from ${bootenvfile};run importbootenv;fi;if test -n $uenvcmd; then echo Running uenvcmd ...;run uenvcmd;fi;fi;fi;
eth1addr=c4:ed:ba:bf:2b:d5
ethact=cpsw
ethaddr=c4:ed:ba:bf:2b:d4
fdt_addr_r=0x88000000
fdtaddr=0x88000000
fdtfile=undefined
fileaddr=88000000
filesize=140e5
findfdt=if test $board_name = omap5_uevm; then setenv fdtfile omap5-uevm.dtb; fi; if test $board_name = dra7xx; then setenv fdtfile dra7-evm.dtb; fi;if test $board_name = dra72x; then setenv fdtfile dra72-evm.dtb; fi;if test $board_name = beagle_x15; then setenv fdtfile am57xx-beagle-x15.dtb; fi;if test $board_name = am57xx_evm; then setenv fdtfile am57xx-evm.dtb; fi;if test $board_name = am572x_idk; then setenv fdtfile am572x-idk.dtb; fi;if test $board_name = am571x_idk; then setenv fdtfile am571x-idk.dtb; fi;if test $board_name = am572x_idk_osd; then setenv fdtfile am572x-idk-lcd-osd.dtb; fi;if test $board_name = am571x_idk_osd; then setenv fdtfile am571x-idk-lcd-osd.dtb; fi;if test $fdtfile = undefined; then echo WARNING: Could not determine device tree to use; fi; 
finduuid=part uuid mmc 0:2 uuid
gatewayip=192.168.1.254
importbootenv=echo Importing environment from mmc${mmcdev} ...; env import -t ${loadaddr} ${filesize}
ipaddr=192.168.1.159
kernel_addr_r=0x82000000
loadaddr=0x82000000
loadbootenv=fatload mmc ${mmcdev} ${loadaddr} ${bootenvfile}
loadbootscript=fatload mmc ${mmcdev} ${loadaddr} boot.scr
loadfdt=load mmc ${bootpart} ${fdtaddr} ${bootdir}/${fdtfile};
loadimage=load mmc ${bootpart} ${loadaddr} ${bootdir}/${bootfile}
mmcboot=mmc dev ${mmcdev}; if mmc rescan; then echo SD/MMC found on device ${mmcdev};if run loadimage; then run loadfdt; echo Booting from mmc${mmcdev} ...; run args_mmc; bootz ${loadaddr} - ${fdtaddr}; fi;fi;
mmcdev=0
mmcrootfstype=ext4 rootwait
netargs=setenv bootargs console=${console} ${optargs} root=/dev/nfs nfsroot=${serverip}:${rootpath},${nfsopts} rw ip=dhcp
netboot=echo Booting from network ...; setenv autoload no; dhcp; run netloadimage; run netloadfdt; run netargs; bootz ${loadaddr} - ${fdtaddr}
netloadfdt=tftp ${fdtaddr} ${fdtfile}
netloadimage=tftp ${loadaddr} ${bootfile}
netmask=255.255.255.0
nfsopts=nolock
partitions=uuid_disk=${uuid_gpt_disk};name=rootfs,start=2MiB,size=-,uuid=${uuid_gpt_rootfs}
ramdisk_addr_r=0x88080000
rdaddr=0x88080000
rootpath=/export/rootfs
scsidevs=0
serial#=120140070163dba7
serverip=192.168.1.254
soc=omap5
static_ip=${ipaddr}:${serverip}:${gatewayip}:${netmask}:${hostname}::off
stderr=serial
stdin=serial
stdout=serial
usbtty=cdc_acm
vendor=ti
ver=U-Boot 2015.07 (Dec 10 2015 - 02:47:26 -0500)
vram=16M
Environment size: 4448/131067 bytes
U-Boot# 
- 00:32:24 [INFO] Host: setenv bootcmd ''${bootcmd}' if iminfo ${loadaddr}; then bootm ${loadaddr} - ${fdt_addr_r}; else bootz ${loadaddr} - ${fdt_addr_r}; bootm ${loadaddr} - ${fdt_addr_r}; fi'
- 00:32:24 [INFO] Target: 
setenv bootcmd ''${bootcmd}' if iminfo ${loadaddr}; then bootm ${loadaddr} - ${fdt_addr_r}; else bootz ${loadaddr} - ${fdt_addr_r}; bootm ${loadaddr} - ${fdt_addr_r}; fi'
U-Boot# 
- 00:32:24 [INFO] Host: version
- 00:32:25 [INFO] Target: 
version
U-Boot 2015.07 (Dec 10 2015 - 02:47:26 -0500)
arm-linux-gnueabihf-gcc (Linaro GCC 4.9-2015.05) 4.9.3 20150413 (prerelease)
GNU ld (GNU Binutils) Linaro 2014.11-3-git 2.24.0.20141017
U-Boot# 
- 00:32:25 [INFO] Host: bdinfo
- 00:32:25 [INFO] Target: 
bdinfo
arch_number = 0x00000000
boot_params = 0x80000100
DRAM bank   = 0x00000000
-> start    = 0x80000000
-> size     = 0x60000000
DRAM bank   = 0x00000001
-> start    = 0x00000000
-> size     = 0x00000000
eth0name    = cpsw
ethaddr     = c4:ed:ba:bf:2b:d4
current eth = cpsw
ip_addr     = 192.168.1.159
baudrate    = 115200 bps
TLB addr    = 0xDFFF0000
relocaddr   = 0xDFF5F000
reloc off   = 0x5F75F000
irq_sp      = 0xDEF3EEC0
sp start    = 0xDEF3EEB0
U-Boot# 
- 00:32:25 [INFO] Host: mmc rescan; echo $?
- 00:32:25 [INFO] Target: 
mmc rescan; echo $?
U-Boot# 
- 00:32:25 [INFO] Host: fatwrite mmc ${mmcdev}:1 ${loadaddr} ws-calibrate.rules 4
- 00:32:25 [INFO] Target: 
fatwrite mmc ${mmcdev}:1 ${loadaddr} ws-calibrate.rules 4
writing ws-calibrate.rules
4 bytes written
U-Boot# 
- 00:32:25 [INFO] Host: boot
- 00:35:55 [ERROR] On command: boot waiting for boot.+?(?-mix:.*\s+login) >>> error: execution expired
- 00:35:55 [INFO] Target: 
boot
## Checking Image at 82000000 ...
Unknown image format!
Kernel image @ 0x82000000 [ 0x000000 - 0x37c200 ]
## Flattened Device Tree blob at 88000000
   Booting using the fdt blob at 0x88000000
   Loading Device Tree to 8ffe8000, end 8ffff0e4 ... OK
Starting kernel ...
[    0.000000] Booting Linux on physical CPU 0x0
[    0.000000] Linux version 4.4.0-next-20160114-00002-g269b2969d0b6 (nmenon@horus) (gcc version 4.9.3 20150413 (prerelease) (Linaro GCC 4.9-2015.05) ) #1 SMP Thu Jan 14 00:26:52 CST 2016
[    0.000000] CPU: ARMv7 Processor [412fc0f2] revision 2 (ARMv7), cr=10c5387d
[    0.000000] CPU: div instructions available: patching division code
[    0.000000] CPU: PIPT / VIPT nonaliasing data cache, PIPT instruction cache
[    0.000000] Machine model: TI DRA742
[    0.000000] cma: Reserved 16 MiB at 0xde800000
[    0.000000] Memory policy: Data cache writealloc
[    0.000000] DRA752 ES1.0
[    0.000000] PERCPU: Embedded 15 pages/cpu @ef1f7000 s29120 r8192 d24128 u61440
[    0.000000] Built 1 zonelists in Zone order, mobility grouping on.  Total pages: 390976
[    0.000000] Kernel command line: console=ttyO0,115200n8 earlyprintk rootwait  ip=:::::eth0:dhcp  root=PARTUUID=00000000-02 rw rootfstype=ext4 rootwait 
[    0.000000] PID hash table entries: 4096 (order: 2, 16384 bytes)
[    0.000000] Dentry cache hash table entries: 131072 (order: 7, 524288 bytes)
[    0.000000] Inode-cache hash table entries: 65536 (order: 6, 262144 bytes)
[    0.000000] Memory: 1520668K/1570816K available (6721K kernel code, 770K rwdata, 2280K rodata, 460K init, 8267K bss, 33764K reserved, 16384K cma-reserved, 768000K highmem)
[    0.000000] Virtual kernel memory layout:
[    0.000000]     vector  : 0xffff0000 - 0xffff1000   (   4 kB)
[    0.000000]     fixmap  : 0xffc00000 - 0xfff00000   (3072 kB)
[    0.000000]     vmalloc : 0xf0800000 - 0xff800000   ( 240 MB)
[    0.000000]     lowmem  : 0xc0000000 - 0xf0000000   ( 768 MB)
[    0.000000]     pkmap   : 0xbfe00000 - 0xc0000000   (   2 MB)
[    0.000000]     modules : 0xbf000000 - 0xbfe00000   (  14 MB)
[    0.000000]       .text : 0xc0008000 - 0xc08d2848   (9003 kB)
[    0.000000]       .init : 0xc08d3000 - 0xc0946000   ( 460 kB)
[    0.000000]       .data : 0xc0946000 - 0xc0a06934   ( 771 kB)
[    0.000000]        .bss : 0xc0a09000 - 0xc121bfa0   (8268 kB)
[    0.000000] Running RCU self tests
[    0.000000] Hierarchical RCU implementation.
[    0.000000] 	RCU lockdep checking is enabled.
[    0.000000] 	Build-time adjustment of leaf fanout to 32.
[    0.000000] NR_IRQS:16 nr_irqs:16 16
[    0.000000] OMAP clockevent source: timer1 at 32768 Hz
[    0.000000] Architected cp15 timer(s) running at 6.14MHz (virt).
[    0.000000] clocksource: arch_sys_counter: mask: 0xffffffffffffff max_cycles: 0x16af5adb9, max_idle_ns: 440795202250 ns
[    0.000004] sched_clock: 56 bits at 6MHz, resolution 162ns, wraps every 4398046511023ns
[    0.000015] Switching to timer-based delay loop, resolution 162ns
[    0.000433] clocksource: 32k_counter: mask: 0xffffffff max_cycles: 0xffffffff, max_idle_ns: 58327039986419 ns
[    0.000443] OMAP clocksource: 32k_counter at 32768 Hz
[    0.001422] Console: colour dummy device 80x30
[    0.001455] Lock dependency validator: Copyright (c) 2006 Red Hat, Inc., Ingo Molnar
[    0.001462] ... MAX_LOCKDEP_SUBCLASSES:  8
[    0.001469] ... MAX_LOCK_DEPTH:          48
[    0.001475] ... MAX_LOCKDEP_KEYS:        8191
[    0.001481] ... CLASSHASH_SIZE:          4096
[    0.001487] ... MAX_LOCKDEP_ENTRIES:     32768
[    0.001493] ... MAX_LOCKDEP_CHAINS:      65536
[    0.001498] ... CHAINHASH_SIZE:          32768
[    0.001504]  memory used by lock dependency info: 5167 kB
[    0.001510]  per task-struct memory footprint: 1536 bytes
[    0.001528] Calibrating delay loop (skipped), value calculated using timer frequency.. 12.29 BogoMIPS (lpj=61475)
[    0.001542] pid_max: default: 32768 minimum: 301
[    0.001860] Security Framework initialized
[    0.001961] Mount-cache hash table entries: 2048 (order: 1, 8192 bytes)
[    0.001973] Mountpoint-cache hash table entries: 2048 (order: 1, 8192 bytes)
[    0.004294] CPU: Testing write buffer coherency: ok
[    0.005388] /cpus/cpu@0 missing clock-frequency property
[    0.005434] /cpus/cpu@1 missing clock-frequency property
[    0.005446] CPU0: thread -1, cpu 0, socket 0, mpidr 80000000
[    0.005496] Setting up static identity map for 0x80008280 - 0x800082f0
[    0.009570] CPU1: thread -1, cpu 1, socket 0, mpidr 80000001
[    0.010105] Brought up 2 CPUs
[    0.010118] SMP: Total of 2 processors activated (24.59 BogoMIPS).
[    0.010125] CPU: All CPU(s) started in SVC mode.
[    0.012450] devtmpfs: initialized
[    0.072373] VFP support v0.3: implementor 41 architecture 4 part 30 variant f rev 0
[    0.072970] clocksource: jiffies: mask: 0xffffffff max_cycles: 0xffffffff, max_idle_ns: 19112604462750000 ns
[    0.073786] pinctrl core: initialized pinctrl subsystem
[    0.077159] NET: Registered protocol family 16
[    0.080623] DMA: preallocated 256 KiB pool for atomic coherent allocations
[    0.082175] omap_hwmod: l3_main_2 using broken dt data from ocp
[    0.340721] cpuidle: using governor ladder
[    0.370709] cpuidle: using governor menu
[    0.382674] OMAP GPIO hardware version 0.1
[    0.395064] irq: no irq domain found for /ocp/l4@4a000000/scm@2000/pinmux@1400 !
[    0.415193] omap-gpmc 50000000.gpmc: could not find pctldev for node /ocp/l4@4a000000/scm@2000/pinmux@1400/nand_flash_x16, deferring probe
[    0.421658] No ATAGs?
[    0.421711] hw-breakpoint: found 5 (+1 reserved) breakpoint and 4 watchpoint registers.
[    0.421720] hw-breakpoint: maximum watchpoint size is 8 bytes.
[    0.422163] omap4_sram_init:Unable to allocate sram needed to handle errata I688
[    0.422172] omap4_sram_init:Unable to get sram pool needed to handle errata I688
[    0.423515] OMAP DMA hardware revision 0.0
[    0.471986] omap-dma-engine 4a056000.dma-controller: OMAP DMA engine driver
[    0.477862] SCSI subsystem initialized
[    0.479091] omap_i2c 48070000.i2c: could not find pctldev for node /ocp/l4@4a000000/scm@2000/pinmux@1400/pinmux_i2c1_pins, deferring probe
[    0.479152] omap_i2c 48072000.i2c: could not find pctldev for node /ocp/l4@4a000000/scm@2000/pinmux@1400/pinmux_i2c2_pins, deferring probe
[    0.479209] omap_i2c 48060000.i2c: could not find pctldev for node /ocp/l4@4a000000/scm@2000/pinmux@1400/pinmux_i2c3_pins, deferring probe
[    0.479433] pps_core: LinuxPPS API ver. 1 registered
[    0.479440] pps_core: Software ver. 5.3.6 - Copyright 2005-2007 Rodolfo Giometti <giometti@linux.it>
[    0.479479] PTP clock support registered
[    0.482018] clocksource: Switched to clocksource arch_sys_counter
[    0.562751] VFS: Disk quotas dquot_6.6.0
[    0.562857] VFS: Dquot-cache hash table entries: 1024 (order 0, 4096 bytes)
[    0.585988] NET: Registered protocol family 2
[    0.587234] TCP established hash table entries: 8192 (order: 3, 32768 bytes)
[    0.587359] TCP bind hash table entries: 8192 (order: 6, 294912 bytes)
[    0.589606] TCP: Hash tables configured (established 8192 bind 8192)
[    0.589743] UDP hash table entries: 512 (order: 3, 40960 bytes)
[    0.590048] UDP-Lite hash table entries: 512 (order: 3, 40960 bytes)
[    0.590911] NET: Registered protocol family 1
[    0.591796] RPC: Registered named UNIX socket transport module.
[    0.591806] RPC: Registered udp transport module.
[    0.591813] RPC: Registered tcp transport module.
[    0.591820] RPC: Registered tcp NFSv4.1 backchannel transport module.
[    0.593963] hw perfevents: enabled with armv7_cortex_a15 PMU driver, 7 counters available
[    0.597607] futex hash table entries: 512 (order: 3, 32768 bytes)
[    0.597840] audit: initializing netlink subsys (disabled)
[    0.597960] audit: type=2000 audit(0.589:1): initialized
[    0.602403] NFS: Registering the id_resolver key type
[    0.602623] Key type id_resolver registered
[    0.602633] Key type id_legacy registered
[    0.602740] jffs2: version 2.2. (NAND) (SUMMARY)   2001-2006 Red Hat, Inc.
[    0.605958] bounce: pool size: 64 pages
[    0.606012] io scheduler noop registered
[    0.606027] io scheduler deadline registered
[    0.606058] io scheduler cfq registered (default)
[    0.612626] pinctrl-single 4a003400.pinmux: 282 pins at pa fc003400 size 1128
[    0.618452] Serial: 8250/16550 driver, 4 ports, IRQ sharing enabled
[    0.623083] 4806a000.serial: ttyO0 at MMIO 0x4806a000 (irq = 296, base_baud = 3000000) is a OMAP UART0
[    1.385594] console [ttyO0] enabled
[    1.390298] omap_uart 4806c000.serial: no wakeirq for uart1
[    1.396333] 4806c000.serial: ttyO1 at MMIO 0x4806c000 (irq = 297, base_baud = 3000000) is a OMAP UART1
[    1.406898] omap_uart 48020000.serial: no wakeirq for uart2
[    1.412926] 48020000.serial: ttyO2 at MMIO 0x48020000 (irq = 298, base_baud = 3000000) is a OMAP UART2
[    1.446828] brd: module loaded
[    1.464518] loop: module loaded
[    1.469869] ahci 4a140000.sata: SSS flag set, parallel bus scan disabled
[    1.476920] ahci 4a140000.sata: AHCI 0001.0300 32 slots 1 ports 3 Gbps 0x1 impl platform mode
[    1.485869] ahci 4a140000.sata: flags: 64bit ncq sntf stag pm led clo only pmp pio slum part ccc apst 
[    1.498060] scsi host0: ahci
[    1.501900] ata1: SATA max UDMA/133 mmio [mem 0x4a140000-0x4a1410ff] port 0x100 irq 327
[    1.511081] mtdoops: mtd device (mtddev=name/number) must be supplied
[    1.582021] davinci_mdio 48485000.mdio: davinci mdio revision 1.6
[    1.588399] davinci_mdio 48485000.mdio: detected phy mask fffffff3
[    1.600478] libphy: 48485000.mdio: probed
[    1.604695] davinci_mdio 48485000.mdio: phy[2]: device 48485000.mdio:02, driver unknown
[    1.613076] davinci_mdio 48485000.mdio: phy[3]: device 48485000.mdio:03, driver unknown
[    1.622330] cpsw 48484000.ethernet: Detected MACID = c4:ed:ba:bf:2b:d4
[    1.630888] cpsw 48484000.ethernet: cpsw: Detected MACID = c4:ed:ba:bf:2b:d5
[    1.640905] mousedev: PS/2 mouse device common for all mice
[    1.646763] i2c /dev entries driver
[    1.651509] omap_hsmmc 4809c000.mmc: Got CD GPIO
[    1.722289] ledtrig-cpu: registered to indicate activity on CPUs
[    1.730667] oprofile: using timer interrupt.
[    1.735546] Initializing XFRM netlink socket
[    1.740267] NET: Registered protocol family 10
[    1.747168] sit: IPv6 over IPv4 tunneling driver
[    1.753490] NET: Registered protocol family 17
[    1.758219] NET: Registered protocol family 15
[    1.763126] Key type dns_resolver registered
[    1.767757] omap_voltage_late_init: Voltage driver support not added
[    1.774460] sr_dev_init: Unable to get voltage domain pointer for VDD core
[    1.781684] sr_dev_init: Unable to get voltage domain pointer for VDD mpu
[    1.789473] Power Management for TI OMAP4+ devices.
[    1.794960] ThumbEE CPU extension supported.
[    1.799493] Registering SWP/SWPB emulation handler
[    1.804544] SmartReflex Class3 initialized
[    1.812135] omap-gpmc 50000000.gpmc: GPMC revision 6.0
[    1.817593] gpmc_mem_init: disabling cs 0 mapped at 0x0-0x1000000
[    1.825012] nand: No NAND device found
[    1.828947] omap2-nand omap2-nand.0: scan failed, may be bus-width mismatch
[    1.836352] ata1: SATA link down (SStatus 0 SControl 300)
[    1.845324] palmas 0-0058: IRQ missing: skipping irq request
[    1.855011] mmc0: MAN_BKOPS_EN bit is not set
[    1.861660] mmc0: new high speed MMC card at address 0001
[    1.869249] mmcblk0: mmc0:0001 MMC04G 3.52 GiB 
[    1.874479] palmas 0-0058: Muxing GPIO 2e, PWM 0, LED 0
[    1.880058] mmcblk0boot0: mmc0:0001 MMC04G partition 1 16.0 MiB
[    1.887902] mmcblk0boot1: mmc0:0001 MMC04G partition 2 16.0 MiB
[    1.897250]  mmcblk0: p1
[    1.938093] pcf857x 0-0020: probed
[    1.942379] ------------[ cut here ]------------
[    1.947231] WARNING: CPU: 0 PID: 65 at fs/sysfs/dir.c:31 sysfs_warn_dup+0x58/0x78()
[    1.955276] sysfs: cannot create duplicate filename '/class/gpio/gpiochip496'
[    1.962771] Modules linked in:
[    1.965990] CPU: 0 PID: 65 Comm: kworker/u4:1 Not tainted 4.4.0-next-20160114-00002-g269b2969d0b6 #1
[    1.975590] Hardware name: Generic DRA74X (Flattened Device Tree)
[    1.982004] Workqueue: deferwq deferred_probe_work_func
[    1.987498] [<c0017d3c>] (unwind_backtrace) from [<c0014078>] (show_stack+0x10/0x14)
[    1.995638] [<c0014078>] (show_stack) from [<c035f31c>] (dump_stack+0x84/0x9c)
[    2.003235] [<c035f31c>] (dump_stack) from [<c003c858>] (warn_slowpath_common+0x78/0xb4)
[    2.011734] [<c003c858>] (warn_slowpath_common) from [<c003c8c4>] (warn_slowpath_fmt+0x30/0x40)
[    2.020875] [<c003c8c4>] (warn_slowpath_fmt) from [<c01fcbc0>] (sysfs_warn_dup+0x58/0x78)
[    2.029463] [<c01fcbc0>] (sysfs_warn_dup) from [<c01fcf14>] (sysfs_do_create_link_sd+0xa8/0xb4)
[    2.038620] [<c01fcf14>] (sysfs_do_create_link_sd) from [<c03f65a4>] (device_add+0x244/0x56c)
[    2.047585] [<c03f65a4>] (device_add) from [<c03f6a5c>] (device_create_groups_vargs+0xa8/0xc4)
[    2.056629] [<c03f6a5c>] (device_create_groups_vargs) from [<c03f6af0>] (device_create_with_groups+0x24/0x2c)
[    2.067058] [<c03f6af0>] (device_create_with_groups) from [<c03999f8>] (gpiochip_sysfs_register+0x48/0x8c)
[    2.077207] [<c03999f8>] (gpiochip_sysfs_register) from [<c03964fc>] (gpiochip_add_data+0x268/0x510)
[    2.086811] [<c03964fc>] (gpiochip_add_data) from [<c039bba8>] (pcf857x_probe+0x1e4/0x39c)
[    2.095506] [<c039bba8>] (pcf857x_probe) from [<c04b7688>] (i2c_device_probe+0x168/0x1fc)
[    2.104108] [<c04b7688>] (i2c_device_probe) from [<c03f9028>] (driver_probe_device+0x208/0x2c0)
[    2.113241] [<c03f9028>] (driver_probe_device) from [<c03f741c>] (bus_for_each_drv+0x64/0x98)
[    2.122197] [<c03f741c>] (bus_for_each_drv) from [<c03f8d3c>] (__device_attach+0xb0/0x118)
[    2.130863] [<c03f8d3c>] (__device_attach) from [<c03f8378>] (bus_probe_device+0x88/0x90)
[    2.139465] [<c03f8378>] (bus_probe_device) from [<c03f671c>] (device_add+0x3bc/0x56c)
[    2.147786] [<c03f671c>] (device_add) from [<c04b9754>] (i2c_new_device+0x144/0x1a4)
[    2.155923] [<c04b9754>] (i2c_new_device) from [<c04b9e10>] (i2c_register_adapter+0x354/0x4c0)
[    2.164976] [<c04b9e10>] (i2c_register_adapter) from [<c04bbe00>] (omap_i2c_probe+0x4dc/0x6cc)
[    2.174032] [<c04bbe00>] (omap_i2c_probe) from [<c03faa50>] (platform_drv_probe+0x50/0xac)
[    2.182716] [<c03faa50>] (platform_drv_probe) from [<c03f9028>] (driver_probe_device+0x208/0x2c0)
[    2.192028] [<c03f9028>] (driver_probe_device) from [<c03f741c>] (bus_for_each_drv+0x64/0x98)
[    2.200964] [<c03f741c>] (bus_for_each_drv) from [<c03f8d3c>] (__device_attach+0xb0/0x118)
[    2.209643] [<c03f8d3c>] (__device_attach) from [<c03f8378>] (bus_probe_device+0x88/0x90)
[    2.218238] [<c03f8378>] (bus_probe_device) from [<c03f8800>] (deferred_probe_work_func+0x64/0x94)
[    2.227659] [<c03f8800>] (deferred_probe_work_func) from [<c005696c>] (process_one_work+0x1b0/0x4b0)
[    2.237249] [<c005696c>] (process_one_work) from [<c0056ca4>] (worker_thread+0x38/0x4e8)
[    2.245771] [<c0056ca4>] (worker_thread) from [<c005ca34>] (kthread+0xd4/0xf0)
[    2.253361] [<c005ca34>] (kthread) from [<c000f8d0>] (ret_from_fork+0x14/0x24)
[    2.260933] ---[ end trace d65d8141cd4fa39e ]---
[    2.265859] gpiochip_add_data: GPIOs 496..511 (pcf8575) failed to register
[    2.273115] pcf857x: probe of 0-0021 failed with error -17
[    2.279211] omap_i2c 48070000.i2c: bus 0 rev0.12 at 400 kHz
[    2.302464] GPIO line 497 (vin6_sel_s0) hogged as output/low
[    2.308500] ------------[ cut here ]------------
[    2.313364] WARNING: CPU: 1 PID: 65 at fs/sysfs/dir.c:31 sysfs_warn_dup+0x58/0x78()
[    2.321394] sysfs: cannot create duplicate filename '/class/gpio/gpiochip496'
[    2.328883] Modules linked in:
[    2.332102] CPU: 1 PID: 65 Comm: kworker/u4:1 Tainted: G        W       4.4.0-next-20160114-00002-g269b2969d0b6 #1
[    2.342978] Hardware name: Generic DRA74X (Flattened Device Tree)
[    2.349369] Workqueue: deferwq deferred_probe_work_func
[    2.354865] [<c0017d3c>] (unwind_backtrace) from [<c0014078>] (show_stack+0x10/0x14)
[    2.363003] [<c0014078>] (show_stack) from [<c035f31c>] (dump_stack+0x84/0x9c)
[    2.370570] [<c035f31c>] (dump_stack) from [<c003c858>] (warn_slowpath_common+0x78/0xb4)
[    2.379072] [<c003c858>] (warn_slowpath_common) from [<c003c8c4>] (warn_slowpath_fmt+0x30/0x40)
[    2.388217] [<c003c8c4>] (warn_slowpath_fmt) from [<c01fcbc0>] (sysfs_warn_dup+0x58/0x78)
[    2.396804] [<c01fcbc0>] (sysfs_warn_dup) from [<c01fcf14>] (sysfs_do_create_link_sd+0xa8/0xb4)
[    2.405945] [<c01fcf14>] (sysfs_do_create_link_sd) from [<c03f65a4>] (device_add+0x244/0x56c)
[    2.414902] [<c03f65a4>] (device_add) from [<c03f6a5c>] (device_create_groups_vargs+0xa8/0xc4)
[    2.423944] [<c03f6a5c>] (device_create_groups_vargs) from [<c03f6af0>] (device_create_with_groups+0x24/0x2c)
[    2.434372] [<c03f6af0>] (device_create_with_groups) from [<c03999f8>] (gpiochip_sysfs_register+0x48/0x8c)
[    2.444508] [<c03999f8>] (gpiochip_sysfs_register) from [<c03964fc>] (gpiochip_add_data+0x268/0x510)
[    2.454103] [<c03964fc>] (gpiochip_add_data) from [<c039bba8>] (pcf857x_probe+0x1e4/0x39c)
[    2.462790] [<c039bba8>] (pcf857x_probe) from [<c04b7688>] (i2c_device_probe+0x168/0x1fc)
[    2.471367] [<c04b7688>] (i2c_device_probe) from [<c03f9028>] (driver_probe_device+0x208/0x2c0)
[    2.480504] [<c03f9028>] (driver_probe_device) from [<c03f741c>] (bus_for_each_drv+0x64/0x98)
[    2.489463] [<c03f741c>] (bus_for_each_drv) from [<c03f8d3c>] (__device_attach+0xb0/0x118)
[    2.498142] [<c03f8d3c>] (__device_attach) from [<c03f8378>] (bus_probe_device+0x88/0x90)
[    2.506728] [<c03f8378>] (bus_probe_device) from [<c03f671c>] (device_add+0x3bc/0x56c)
[    2.515043] [<c03f671c>] (device_add) from [<c04b9754>] (i2c_new_device+0x144/0x1a4)
[    2.523181] [<c04b9754>] (i2c_new_device) from [<c04b9e10>] (i2c_register_adapter+0x354/0x4c0)
[    2.532232] [<c04b9e10>] (i2c_register_adapter) from [<c04bbe00>] (omap_i2c_probe+0x4dc/0x6cc)
[    2.541264] [<c04bbe00>] (omap_i2c_probe) from [<c03faa50>] (platform_drv_probe+0x50/0xac)
[    2.549945] [<c03faa50>] (platform_drv_probe) from [<c03f9028>] (driver_probe_device+0x208/0x2c0)
[    2.559264] [<c03f9028>] (driver_probe_device) from [<c03f741c>] (bus_for_each_drv+0x64/0x98)
[    2.568214] [<c03f741c>] (bus_for_each_drv) from [<c03f8d3c>] (__device_attach+0xb0/0x118)
[    2.576901] [<c03f8d3c>] (__device_attach) from [<c03f8378>] (bus_probe_device+0x88/0x90)
[    2.585487] [<c03f8378>] (bus_probe_device) from [<c03f8800>] (deferred_probe_work_func+0x64/0x94)
[    2.594889] [<c03f8800>] (deferred_probe_work_func) from [<c005696c>] (process_one_work+0x1b0/0x4b0)
[    2.604488] [<c005696c>] (process_one_work) from [<c0056ca4>] (worker_thread+0x38/0x4e8)
[    2.612982] [<c0056ca4>] (worker_thread) from [<c005ca34>] (kthread+0xd4/0xf0)
[    2.620565] [<c005ca34>] (kthread) from [<c000f8d0>] (ret_from_fork+0x14/0x24)
[    2.628148] ---[ end trace d65d8141cd4fa39f ]---
[    2.633076] gpiochip_add_data: GPIOs 496..511 (pcf8575) failed to register
[    2.640323] pcf857x: probe of 1-0026 failed with error -17
[    2.646147] omap_i2c 48072000.i2c: bus 1 rev0.12 at 400 kHz
[    2.653370] omap_i2c 48060000.i2c: bus 2 rev0.12 at 400 kHz
[    2.659670] omap_hsmmc 4809c000.mmc: Got CD GPIO
[    2.664815] omap_hsmmc 4809c000.mmc: omap_device: omap_device_enable() called from invalid state 1
[    2.703603] hctosys: unable to open rtc device (rtc0)
[    2.708908] sr_init: No PMIC hook to init smartreflex
[    2.714424] sr_init: platform driver register failed for SR
[    2.765829] net eth0: initializing cpsw version 1.15 (0)
[    2.775376] omap_hsmmc 4809c000.mmc: Got CD GPIO
[    2.855800] Generic PHY 48485000.mdio:02: attached PHY driver [Generic PHY] (mii_bus:phy_addr=48485000.mdio:02, irq=-1)
[    2.875008] IPv6: ADDRCONF(NETDEV_UP): eth0: link is not ready
[    6.859310] cpsw 48484000.ethernet eth0: Link is Up - 1Gbps/Full - flow control rx/tx
[    6.872045] IPv6: ADDRCONF(NETDEV_CHANGE): eth0: link becomes ready
[    6.892007] Sending DHCP requests ., OK
[    6.982008] IP-Config: Got DHCP answer from 192.168.1.254, my address is 192.168.1.159
[    6.990552] IP-Config: Complete:
[    6.993965]      device=eth0, hwaddr=c4:ed:ba:bf:2b:d4, ipaddr=192.168.1.159, mask=255.255.255.0, gw=192.168.1.254
[    7.004840]      host=192.168.1.159, domain=tidfarm-03.internal.ti.com, nis-domain=(none)
[    7.013435]      bootserver=192.168.1.254, rootserver=192.168.1.254, rootpath=     nameserver0=192.0.2.2, nameserver1=192.0.2.3
[    7.025601] platform 4809c000.mmc: omap_device_late_idle: enabled but no driver.  Idling
[    7.034198] aic_dvdd: disabling
[    7.037515] pbias_mmc_omap5: disabling
[    7.041868] ldousb: disabling
[    7.047710] Waiting for root device PARTUUID=00000000-02...
- 00:35:55 [INFO] Boot attempt 1/1 failed
- 00:35:55 [INFO] Collecting kernel traces via sysrq...
URL:gtsystest.telogy.design.ti.com/vatf/tidfarm-03/tidfarm-03_vatf@dra7xx-evm/tidfarm-0301_14_2016_00_31_41/files/session_iteration_1/test_1
