- 13:35:14 [INFO] Starting target session
- 13:35:15 [INFO] Connected to dra7xx-evm via serial 
- 13:35:15 [INFO] Host: #check prompt
- 13:35:18 [ERROR] On command: #check prompt waiting for #check prompt.+?(?-mix:((?-mix:login:)|[Pp]assword)) >>> error: execution expired
- 13:35:18 [INFO] Target: 
#check prompt
root@dra7xx-evm:/test# 
- 13:35:18 [INFO] Host: #check prompt
- 13:35:18 [INFO] Target: 
#check prompt
root@dra7xx-evm:/test# 
- 13:35:18 [INFO] Host: sync;poweroff
- 13:35:31 [INFO] Target: 
sync;poweroff
Broadcast message from root@dra7xx-evm (ttyS0) (Wed Jan  6 18:08:51 2016):
The system is going down for system halt NOW!
INIT: root@dra7xx-evm:/test# 
INIT: SendinUIM SYSFS Node Not Found
Stopping Dropbear SSH server: stopped /usr/sbin/dropbear (pid 1446)
dropbear.
Stopping telnet daemon.
Stopping tiipclad daemon.
Stopping system message bus: dbus.
Stopping syslogd/klogd: stopped syslogd (pid 1469)
stopped klogd (pid 1472)
done
Stopping thttpd.
Stopping Weston
stopping statd: done
Stopping random number generator daemon.
ALSA: Storing mixer settings...
Stopping rpcbind daemon...
done.
Stopping Lighttpd Web Server: stopped /usr/sbin/lighttpd (pid 1479)
lighttpd.
NOT deconfiguring network interfaces: / is an NFS mount
Stopping Matrix GUI applicationstart-stop-daemon: warning: killing process 1510: No such process
Disabling thermal zones...
***************************************************************
***************************************************************
NOTICE: This file system contains the following GPLv3 packages:
	autoconf
	binutils-dev
	binutils
	bison-dev
	bison
	cpp-symlinks
	cpp
	g++-symlinks
	g++
	gcc-symlinks
	gcc
	gdbc6x
	gdbserver
	gstreamer1.0-libav
	libgmp10
	libmpc3
	libmpfr4
	make
	parted
If you do not wish to distribute GPLv3 components please remove
the above packages prior to distribution.  This can be done using
the opkg remove command.  i.e.:
    opkg remove <package>
Where <package> is the name printed in the list above
NOTE: If the package is a dependency of another package you
      will be notified of the dependent packages.  You should
      use the --force-removal-of-dependent-packages option to
      also remove the dependent packages as well
***************************************************************
***************************************************************
Sending all processes the TERM signal...
Sending all processes the KILL signal...
Unmounting remote filesystems...
Deactivating swap...
Unmounting local filesystems...
[ 5552.438274] e1000e: EEE TX LPI TIMER: 00000000
[ 5552.468837] reboot: System halted
- 13:35:31 [INFO] Disconnected serial from dra7xx-evm
- 13:35:32 [INFO] Connected to dra7xx-evm via serial 
- 13:35:32 [INFO] Host: 
- 13:35:35 [INFO] Target: 
U-Boot SPL 2015.07 (Aug 07 2015 - 04:18:22)
DRA752 ES1.1
reading args
spl_load_image_fat_os: error reading image args, err - -1
reading u-boot.img
reading u-boot.img
U-Boot 2015.07 (Aug 07 2015 - 04:18:22 -0400)
CPU  : DRA752 ES1.1
Board: DRA7xx
I2C:   ready
DRAM:  1.5 GiB
MMC:   OMAP SD/MMC: 0, OMAP SD/MMC: 1
*** Warning - bad CRC, using default environment
SCSI:  SATA link 0 timeout.
AHCI 0001.0300 32 slots 1 ports 3 Gbps 0x1 impl SATA mode
flags: 64bit ncq stag pm led clo only pmp pio slum part ccc apst 
scanning bus for devices...
Found 0 device(s).
Net:   <ethaddr> not set. Validating first E-fuse MAC
cpsw
Hit any key to stop autoboot:  1  0 
U-Boot# 
U-Boot# 
U-Boot# 
U-Boot# 
U-Boot# 
U-Boot# 
U-Boot# 
U-Boot# 
U-Boot# 
U-Boot# 
U-Boot# 
U-Boot# 
U-Boot# 
U-Boot# 
- 13:35:35 [INFO] Host: 
- 13:35:35 [INFO] Target: 
U-Boot# 
- 13:35:35 [INFO] Host: version
- 13:35:35 [INFO] Target: 
version
U-Boot 2015.07 (Aug 07 2015 - 04:18:22 -0400)
arm-linux-gnueabihf-gcc (Linaro GCC 4.9-2015.01-3) 4.9.3 20150113 (prerelease)
GNU ld (GNU Binutils) Linaro 2014.11-3-git 2.24.0.20141017
U-Boot# 
- 13:35:35 [INFO] Host: setenv bootargs 'console=ttyO0,115200n8 earlyprintk rootwait '
- 13:35:35 [INFO] Target: 
setenv bootargs 'console=ttyO0,115200n8 earlyprintk rootwait '
U-Boot# 
- 13:35:35 [INFO] Host: setenv bootcmd  ''
- 13:35:35 [INFO] Target: 
setenv bootcmd  ''
U-Boot# 
- 13:35:35 [INFO] Host: setenv autoload 'no'
- 13:35:35 [INFO] Target: 
setenv autoload 'no'
U-Boot# 
- 13:35:35 [INFO] Host: setenv serverip '192.168.0.1'
- 13:35:35 [INFO] Target: 
setenv serverip '192.168.0.1'
U-Boot# 
- 13:35:35 [INFO] Host: printenv
- 13:35:35 [INFO] Target: 
printenv
arch=arm
autoload=no
baudrate=115200
board=dra7xx
board_name=dra7xx
bootargs=console=ttyO0,115200n8 earlyprintk rootwait 
bootcmd=
bootdelay=1
bootdir=/boot
bootenv=uEnv.txt
bootfile=zImage
bootm_size=0x10000000
bootpart=0:2
bootscript=echo Running bootscript from mmc${mmcdev} ...; source ${loadaddr}
console=ttyO0,115200n8
cpu=armv7
dfu_alt_info_emmc=rawemmc raw 0 3751936;boot part 1 1;rootfs part 1 2;MLO fat 1 1;MLO.raw raw 0x100 0x100;u-boot.img.raw raw 0x300 0x400;spl-os-args.raw raw 0x80 0x80;spl-os-image.raw raw 0x900 0x2000;spl-os-args fat 1 1;spl-os-image fat 1 1;u-boot.img fat 1 1;uEnv.txt fat 1 1
dfu_alt_info_mmc=boot part 0 1;rootfs part 0 2;MLO fat 0 1;MLO.raw raw 0x100 0x100;u-boot.img.raw raw 0x300 0x400;spl-os-args.raw raw 0x80 0x80;spl-os-image.raw raw 0x900 0x2000;spl-os-args fat 0 1;spl-os-image fat 0 1;u-boot.img fat 0 1;uEnv.txt fat 0 1
dfu_alt_info_ram=kernel ram 0x80200000 0x4000000;fdt ram 0x80f80000 0x80000;ramdisk ram 0x81000000 0x4000000
dfu_bufsiz=0x10000
eth1addr=b4:99:4c:0b:e4:e7
ethact=cpsw
ethaddr=b4:99:4c:0b:e4:e6
fdt_addr_r=0x88000000
fdtaddr=0x88000000
fdtfile=undefined
findfdt=if test $board_name = omap5_uevm; then setenv fdtfile omap5-uevm.dtb; fi; if test $board_name = dra7xx; then setenv fdtfile dra7-evm.dtb; fi;if test $board_name = dra72x; then setenv fdtfile dra72-evm.dtb; fi;if test $board_name = beagle_x15; then setenv fdtfile am57xx-beagle-x15.dtb; fi;if test $fdtfile = undefined; then echo WARNING: Could not determine device tree to use; fi; 
importbootenv=echo Importing environment from mmc${mmcdev} ...; env import -t ${loadaddr} ${filesize}
kernel_addr_r=0x82000000
loadaddr=0x82000000
loadbootenv=fatload mmc ${mmcdev} ${loadaddr} ${bootenv}
loadbootscript=fatload mmc ${mmcdev} ${loadaddr} boot.scr
loadfdt=load mmc ${bootpart} ${fdtaddr} ${bootdir}/${fdtfile};
loadimage=load mmc ${bootpart} ${loadaddr} ${bootdir}/${bootfile}
mmcargs=setenv bootargs console=${console} ${optargs} vram=${vram} root=${mmcroot} rootfstype=${mmcrootfstype}
mmcboot=mmc dev ${mmcdev}; if mmc rescan; then echo SD/MMC found on device ${mmcdev};if run loadbootenv; then echo Loaded environment from ${bootenv};run importbootenv;fi;if test -n $uenvcmd; then echo Running uenvcmd ...;run uenvcmd;fi;if run loadimage; then run loadfdt; echo Booting from mmc${mmcdev} ...; run mmcargs; bootz ${loadaddr} - ${fdtaddr}; fi;fi;
mmcdev=0
mmcroot=/dev/mmcblk0p2 rw
mmcrootfstype=ext4 rootwait
netargs=setenv bootargs console=${console} ${optargs} root=/dev/nfs nfsroot=${serverip}:${rootpath},${nfsopts} rw ip=dhcp
netboot=echo Booting from network ...; setenv autoload no; dhcp; run netloadimage; run netloadfdt; run netargs; bootz ${loadaddr} - ${fdtaddr}
netloadfdt=tftp ${fdtaddr} ${fdtfile}
netloadimage=tftp ${loadaddr} ${bootfile}
nfsopts=nolock
partitions=uuid_disk=${uuid_gpt_disk};name=rootfs,start=2MiB,size=-,uuid=${uuid_gpt_rootfs}
ramdisk_addr_r=0x88080000
rdaddr=0x88080000
rootpath=/export/rootfs
scsidevs=0
serial#=0c01700801499252
serverip=192.168.0.1
soc=omap5
static_ip=${ipaddr}:${serverip}:${gatewayip}:${netmask}:${hostname}::off
stderr=serial
stdin=serial
stdout=serial
usbtty=cdc_acm
vendor=ti
ver=U-Boot 2015.07 (Aug 07 2015 - 04:18:22 -0400)
vram=16M
Environment size: 3343/131067 bytes
U-Boot# 
- 13:35:35 [INFO] Host: printenv
- 13:35:36 [INFO] Target: 
printenv
arch=arm
autoload=no
baudrate=115200
board=dra7xx
board_name=dra7xx
bootargs=console=ttyO0,115200n8 earlyprintk rootwait 
bootcmd=
bootdelay=1
bootdir=/boot
bootenv=uEnv.txt
bootfile=zImage
bootm_size=0x10000000
bootpart=0:2
bootscript=echo Running bootscript from mmc${mmcdev} ...; source ${loadaddr}
console=ttyO0,115200n8
cpu=armv7
dfu_alt_info_emmc=rawemmc raw 0 3751936;boot part 1 1;rootfs part 1 2;MLO fat 1 1;MLO.raw raw 0x100 0x100;u-boot.img.raw raw 0x300 0x400;spl-os-args.raw raw 0x80 0x80;spl-os-image.raw raw 0x900 0x2000;spl-os-args fat 1 1;spl-os-image fat 1 1;u-boot.img fat 1 1;uEnv.txt fat 1 1
dfu_alt_info_mmc=boot part 0 1;rootfs part 0 2;MLO fat 0 1;MLO.raw raw 0x100 0x100;u-boot.img.raw raw 0x300 0x400;spl-os-args.raw raw 0x80 0x80;spl-os-image.raw raw 0x900 0x2000;spl-os-args fat 0 1;spl-os-image fat 0 1;u-boot.img fat 0 1;uEnv.txt fat 0 1
dfu_alt_info_ram=kernel ram 0x80200000 0x4000000;fdt ram 0x80f80000 0x80000;ramdisk ram 0x81000000 0x4000000
dfu_bufsiz=0x10000
eth1addr=b4:99:4c:0b:e4:e7
ethact=cpsw
ethaddr=b4:99:4c:0b:e4:e6
fdt_addr_r=0x88000000
fdtaddr=0x88000000
fdtfile=undefined
findfdt=if test $board_name = omap5_uevm; then setenv fdtfile omap5-uevm.dtb; fi; if test $board_name = dra7xx; then setenv fdtfile dra7-evm.dtb; fi;if test $board_name = dra72x; then setenv fdtfile dra72-evm.dtb; fi;if test $board_name = beagle_x15; then setenv fdtfile am57xx-beagle-x15.dtb; fi;if test $fdtfile = undefined; then echo WARNING: Could not determine device tree to use; fi; 
importbootenv=echo Importing environment from mmc${mmcdev} ...; env import -t ${loadaddr} ${filesize}
kernel_addr_r=0x82000000
loadaddr=0x82000000
loadbootenv=fatload mmc ${mmcdev} ${loadaddr} ${bootenv}
loadbootscript=fatload mmc ${mmcdev} ${loadaddr} boot.scr
loadfdt=load mmc ${bootpart} ${fdtaddr} ${bootdir}/${fdtfile};
loadimage=load mmc ${bootpart} ${loadaddr} ${bootdir}/${bootfile}
mmcargs=setenv bootargs console=${console} ${optargs} vram=${vram} root=${mmcroot} rootfstype=${mmcrootfstype}
mmcboot=mmc dev ${mmcdev}; if mmc rescan; then echo SD/MMC found on device ${mmcdev};if run loadbootenv; then echo Loaded environment from ${bootenv};run importbootenv;fi;if test -n $uenvcmd; then echo Running uenvcmd ...;run uenvcmd;fi;if run loadimage; then run loadfdt; echo Booting from mmc${mmcdev} ...; run mmcargs; bootz ${loadaddr} - ${fdtaddr}; fi;fi;
mmcdev=0
mmcroot=/dev/mmcblk0p2 rw
mmcrootfstype=ext4 rootwait
netargs=setenv bootargs console=${console} ${optargs} root=/dev/nfs nfsroot=${serverip}:${rootpath},${nfsopts} rw ip=dhcp
netboot=echo Booting from network ...; setenv autoload no; dhcp; run netloadimage; run netloadfdt; run netargs; bootz ${loadaddr} - ${fdtaddr}
netloadfdt=tftp ${fdtaddr} ${fdtfile}
netloadimage=tftp ${loadaddr} ${bootfile}
nfsopts=nolock
partitions=uuid_disk=${uuid_gpt_disk};name=rootfs,start=2MiB,size=-,uuid=${uuid_gpt_rootfs}
ramdisk_addr_r=0x88080000
rdaddr=0x88080000
rootpath=/export/rootfs
scsidevs=0
serial#=0c01700801499252
serverip=192.168.0.1
soc=omap5
static_ip=${ipaddr}:${serverip}:${gatewayip}:${netmask}:${hostname}::off
stderr=serial
stdin=serial
stdout=serial
usbtty=cdc_acm
vendor=ti
ver=U-Boot 2015.07 (Aug 07 2015 - 04:18:22 -0400)
vram=16M
Environment size: 3343/131067 bytes
U-Boot# 
- 13:35:36 [INFO] Host: setenv bootargs ''${bootargs}' ip=:::::eth0:dhcp '
- 13:35:36 [INFO] Target: 
setenv bootargs ''${bootargs}' ip=:::::eth0:dhcp '
U-Boot# 
- 13:35:36 [INFO] Host: setenv serverip '192.168.0.1'
- 13:35:36 [INFO] Target: 
setenv serverip '192.168.0.1'
U-Boot# 
- 13:35:36 [INFO] Host: setenv autoload 'no'
- 13:35:36 [INFO] Target: 
setenv autoload 'no'
U-Boot# 
- 13:35:36 [INFO] Host: dhcp
- 13:35:37 [INFO] Target: 
dhcp
link up on port 0, speed 1000, full duplex
BOOTP broadcast 1
BOOTP broadcast 2
BOOTP broadcast 3
DHCP client bound to address 192.168.0.94 (1046 ms)
U-Boot# 
- 13:35:37 [INFO] Host: tftp ${loadaddr} 192.168.0.1:vatf_dra7xx-evm1/8a7e7793091448a2c8c35e81e6083c3c
- 13:35:38 [INFO] Target: 
tftp ${loadaddr} 192.168.0.1:vatf_dra7xx-evm1/8a7e7793091448a2c8c35e81e6083c3c
link up on port 0, speed 1000, full duplex
Using cpsw device
TFTP from server 192.168.0.1; our IP address is 192.168.0.94
Filename 'vatf_dra7xx-evm1/8a7e7793091448a2c8c35e81e6083c3c'.
Load address: 0x82000000
Loading: *#################################################################
	 #################################################################
	 #################################################################
	 ######################################################
	 11.1 MiB/s
done
Bytes transferred = 3652712 (37bc68 hex)
U-Boot# 
- 13:35:38 [INFO] Host: tftp ${fdt_addr_r} 192.168.0.1:vatf_dra7xx-evm1/105153f828eb0a55e419bf8c329dc50c
- 13:35:38 [INFO] Target: 
tftp ${fdt_addr_r} 192.168.0.1:vatf_dra7xx-evm1/105153f828eb0a55e419bf8c329dc50c
link up on port 0, speed 1000, full duplex
Using cpsw device
TFTP from server 192.168.0.1; our IP address is 192.168.0.94
Filename 'vatf_dra7xx-evm1/105153f828eb0a55e419bf8c329dc50c'.
Load address: 0x88000000
Loading: *######
	 8.7 MiB/s
done
Bytes transferred = 82149 (140e5 hex)
U-Boot# 
- 13:35:38 [INFO] Host: ls mmc 0:1
- 13:35:38 [INFO] Target: 
ls mmc 0:1
    65996   mlo 
   306908   u-boot.img 
        4   ws-calibrate.rules 
        0   pointercal 
       14   .ipaddr 
       33   primary_bootloader.md5 
6 file(s), 0 dir(s)
U-Boot# 
- 13:35:38 [INFO] Host: ls mmc 0:2
- 13:35:38 [INFO] Target: 
ls mmc 0:2
<DIR>       4096 .
<DIR>       4096 ..
<DIR>      16384 lost+found
<DIR>       4096 bin
<DIR>       4096 boot
<DIR>       4096 dev
<DIR>       4096 etc
<DIR>       4096 home
<DIR>       4096 lib
<DIR>       4096 media
<DIR>       4096 mnt
<DIR>       4096 opt
<DIR>       4096 proc
<DIR>       4096 run
<DIR>       4096 sbin
<DIR>       4096 srv
<DIR>       4096 sys
<DIR>       4096 test
<SYM>          8 tmp
<DIR>       4096 usr
<DIR>       4096 var
<DIR>       4096 www
U-Boot# 
- 13:35:38 [INFO] Host: part uuid mmc 0:2
- 13:35:38 [INFO] Target: 
part uuid mmc 0:2
00000000-02
U-Boot# 
- 13:35:38 [INFO] Host: printenv
- 13:35:39 [INFO] Target: 
printenv
arch=arm
autoload=no
baudrate=115200
board=dra7xx
board_name=dra7xx
bootargs=console=ttyO0,115200n8 earlyprintk rootwait  ip=:::::eth0:dhcp 
bootcmd=
bootdelay=1
bootdir=/boot
bootenv=uEnv.txt
bootfile=zImage
bootm_size=0x10000000
bootpart=0:2
bootscript=echo Running bootscript from mmc${mmcdev} ...; source ${loadaddr}
console=ttyO0,115200n8
cpu=armv7
dfu_alt_info_emmc=rawemmc raw 0 3751936;boot part 1 1;rootfs part 1 2;MLO fat 1 1;MLO.raw raw 0x100 0x100;u-boot.img.raw raw 0x300 0x400;spl-os-args.raw raw 0x80 0x80;spl-os-image.raw raw 0x900 0x2000;spl-os-args fat 1 1;spl-os-image fat 1 1;u-boot.img fat 1 1;uEnv.txt fat 1 1
dfu_alt_info_mmc=boot part 0 1;rootfs part 0 2;MLO fat 0 1;MLO.raw raw 0x100 0x100;u-boot.img.raw raw 0x300 0x400;spl-os-args.raw raw 0x80 0x80;spl-os-image.raw raw 0x900 0x2000;spl-os-args fat 0 1;spl-os-image fat 0 1;u-boot.img fat 0 1;uEnv.txt fat 0 1
dfu_alt_info_ram=kernel ram 0x80200000 0x4000000;fdt ram 0x80f80000 0x80000;ramdisk ram 0x81000000 0x4000000
dfu_bufsiz=0x10000
dnsip=192.0.2.2
dnsip2=192.0.2.3
eth1addr=b4:99:4c:0b:e4:e7
ethact=cpsw
ethaddr=b4:99:4c:0b:e4:e6
fdt_addr_r=0x88000000
fdtaddr=0x88000000
fdtfile=undefined
fileaddr=88000000
filesize=140e5
findfdt=if test $board_name = omap5_uevm; then setenv fdtfile omap5-uevm.dtb; fi; if test $board_name = dra7xx; then setenv fdtfile dra7-evm.dtb; fi;if test $board_name = dra72x; then setenv fdtfile dra72-evm.dtb; fi;if test $board_name = beagle_x15; then setenv fdtfile am57xx-beagle-x15.dtb; fi;if test $fdtfile = undefined; then echo WARNING: Could not determine device tree to use; fi; 
gatewayip=192.168.0.1
importbootenv=echo Importing environment from mmc${mmcdev} ...; env import -t ${loadaddr} ${filesize}
ipaddr=192.168.0.94
kernel_addr_r=0x82000000
loadaddr=0x82000000
loadbootenv=fatload mmc ${mmcdev} ${loadaddr} ${bootenv}
loadbootscript=fatload mmc ${mmcdev} ${loadaddr} boot.scr
loadfdt=load mmc ${bootpart} ${fdtaddr} ${bootdir}/${fdtfile};
loadimage=load mmc ${bootpart} ${loadaddr} ${bootdir}/${bootfile}
mmcargs=setenv bootargs console=${console} ${optargs} vram=${vram} root=${mmcroot} rootfstype=${mmcrootfstype}
mmcboot=mmc dev ${mmcdev}; if mmc rescan; then echo SD/MMC found on device ${mmcdev};if run loadbootenv; then echo Loaded environment from ${bootenv};run importbootenv;fi;if test -n $uenvcmd; then echo Running uenvcmd ...;run uenvcmd;fi;if run loadimage; then run loadfdt; echo Booting from mmc${mmcdev} ...; run mmcargs; bootz ${loadaddr} - ${fdtaddr}; fi;fi;
mmcdev=0
mmcroot=/dev/mmcblk0p2 rw
mmcrootfstype=ext4 rootwait
netargs=setenv bootargs console=${console} ${optargs} root=/dev/nfs nfsroot=${serverip}:${rootpath},${nfsopts} rw ip=dhcp
netboot=echo Booting from network ...; setenv autoload no; dhcp; run netloadimage; run netloadfdt; run netargs; bootz ${loadaddr} - ${fdtaddr}
netloadfdt=tftp ${fdtaddr} ${fdtfile}
netloadimage=tftp ${loadaddr} ${bootfile}
netmask=255.255.255.0
nfsopts=nolock
partitions=uuid_disk=${uuid_gpt_disk};name=rootfs,start=2MiB,size=-,uuid=${uuid_gpt_rootfs}
ramdisk_addr_r=0x88080000
rdaddr=0x88080000
rootpath=/export/rootfs
scsidevs=0
serial#=0c01700801499252
serverip=192.168.0.1
soc=omap5
static_ip=${ipaddr}:${serverip}:${gatewayip}:${netmask}:${hostname}::off
stderr=serial
stdin=serial
stdout=serial
usbtty=cdc_acm
vendor=ti
ver=U-Boot 2015.07 (Aug 07 2015 - 04:18:22 -0400)
vram=16M
Environment size: 3506/131067 bytes
U-Boot# 
- 13:35:39 [INFO] Host: setenv bootargs ''${bootargs}' root=PARTUUID=00000000-02 rw rootfstype=ext4 rootwait '
- 13:35:39 [INFO] Target: 
setenv bootargs ''${bootargs}' root=PARTUUID=00000000-02 rw rootfstype=ext4 rootwait '
U-Boot# 
- 13:35:39 [INFO] Host: printenv
- 13:35:39 [INFO] Target: 
printenv
arch=arm
autoload=no
baudrate=115200
board=dra7xx
board_name=dra7xx
bootargs=console=ttyO0,115200n8 earlyprintk rootwait  ip=:::::eth0:dhcp  root=PARTUUID=00000000-02 rw rootfstype=ext4 rootwait 
bootcmd=
bootdelay=1
bootdir=/boot
bootenv=uEnv.txt
bootfile=zImage
bootm_size=0x10000000
bootpart=0:2
bootscript=echo Running bootscript from mmc${mmcdev} ...; source ${loadaddr}
console=ttyO0,115200n8
cpu=armv7
dfu_alt_info_emmc=rawemmc raw 0 3751936;boot part 1 1;rootfs part 1 2;MLO fat 1 1;MLO.raw raw 0x100 0x100;u-boot.img.raw raw 0x300 0x400;spl-os-args.raw raw 0x80 0x80;spl-os-image.raw raw 0x900 0x2000;spl-os-args fat 1 1;spl-os-image fat 1 1;u-boot.img fat 1 1;uEnv.txt fat 1 1
dfu_alt_info_mmc=boot part 0 1;rootfs part 0 2;MLO fat 0 1;MLO.raw raw 0x100 0x100;u-boot.img.raw raw 0x300 0x400;spl-os-args.raw raw 0x80 0x80;spl-os-image.raw raw 0x900 0x2000;spl-os-args fat 0 1;spl-os-image fat 0 1;u-boot.img fat 0 1;uEnv.txt fat 0 1
dfu_alt_info_ram=kernel ram 0x80200000 0x4000000;fdt ram 0x80f80000 0x80000;ramdisk ram 0x81000000 0x4000000
dfu_bufsiz=0x10000
dnsip=192.0.2.2
dnsip2=192.0.2.3
eth1addr=b4:99:4c:0b:e4:e7
ethact=cpsw
ethaddr=b4:99:4c:0b:e4:e6
fdt_addr_r=0x88000000
fdtaddr=0x88000000
fdtfile=undefined
fileaddr=88000000
filesize=140e5
findfdt=if test $board_name = omap5_uevm; then setenv fdtfile omap5-uevm.dtb; fi; if test $board_name = dra7xx; then setenv fdtfile dra7-evm.dtb; fi;if test $board_name = dra72x; then setenv fdtfile dra72-evm.dtb; fi;if test $board_name = beagle_x15; then setenv fdtfile am57xx-beagle-x15.dtb; fi;if test $fdtfile = undefined; then echo WARNING: Could not determine device tree to use; fi; 
gatewayip=192.168.0.1
importbootenv=echo Importing environment from mmc${mmcdev} ...; env import -t ${loadaddr} ${filesize}
ipaddr=192.168.0.94
kernel_addr_r=0x82000000
loadaddr=0x82000000
loadbootenv=fatload mmc ${mmcdev} ${loadaddr} ${bootenv}
loadbootscript=fatload mmc ${mmcdev} ${loadaddr} boot.scr
loadfdt=load mmc ${bootpart} ${fdtaddr} ${bootdir}/${fdtfile};
loadimage=load mmc ${bootpart} ${loadaddr} ${bootdir}/${bootfile}
mmcargs=setenv bootargs console=${console} ${optargs} vram=${vram} root=${mmcroot} rootfstype=${mmcrootfstype}
mmcboot=mmc dev ${mmcdev}; if mmc rescan; then echo SD/MMC found on device ${mmcdev};if run loadbootenv; then echo Loaded environment from ${bootenv};run importbootenv;fi;if test -n $uenvcmd; then echo Running uenvcmd ...;run uenvcmd;fi;if run loadimage; then run loadfdt; echo Booting from mmc${mmcdev} ...; run mmcargs; bootz ${loadaddr} - ${fdtaddr}; fi;fi;
mmcdev=0
mmcroot=/dev/mmcblk0p2 rw
mmcrootfstype=ext4 rootwait
netargs=setenv bootargs console=${console} ${optargs} root=/dev/nfs nfsroot=${serverip}:${rootpath},${nfsopts} rw ip=dhcp
netboot=echo Booting from network ...; setenv autoload no; dhcp; run netloadimage; run netloadfdt; run netargs; bootz ${loadaddr} - ${fdtaddr}
netloadfdt=tftp ${fdtaddr} ${fdtfile}
netloadimage=tftp ${loadaddr} ${bootfile}
netmask=255.255.255.0
nfsopts=nolock
partitions=uuid_disk=${uuid_gpt_disk};name=rootfs,start=2MiB,size=-,uuid=${uuid_gpt_rootfs}
ramdisk_addr_r=0x88080000
rdaddr=0x88080000
rootpath=/export/rootfs
scsidevs=0
serial#=0c01700801499252
serverip=192.168.0.1
soc=omap5
static_ip=${ipaddr}:${serverip}:${gatewayip}:${netmask}:${hostname}::off
stderr=serial
stdin=serial
stdout=serial
usbtty=cdc_acm
vendor=ti
ver=U-Boot 2015.07 (Aug 07 2015 - 04:18:22 -0400)
vram=16M
Environment size: 3561/131067 bytes
U-Boot# 
- 13:35:39 [INFO] Host: setenv bootcmd ''${bootcmd}' if iminfo ${loadaddr}; then bootm ${loadaddr} - ${fdt_addr_r}; else bootz ${loadaddr} - ${fdt_addr_r}; bootm ${loadaddr} - ${fdt_addr_r}; fi'
- 13:35:39 [INFO] Target: 
setenv bootcmd ''${bootcmd}' if iminfo ${loadaddr}; then bootm ${loadaddr} - ${fdt_addr_r}; else bootz ${loadaddr} - ${fdt_addr_r}; bootm ${loadaddr} - ${fdt_addr_r}; fi'
U-Boot# 
- 13:35:39 [INFO] Host: version
- 13:35:39 [INFO] Target: 
version
U-Boot 2015.07 (Aug 07 2015 - 04:18:22 -0400)
arm-linux-gnueabihf-gcc (Linaro GCC 4.9-2015.01-3) 4.9.3 20150113 (prerelease)
GNU ld (GNU Binutils) Linaro 2014.11-3-git 2.24.0.20141017
U-Boot# 
- 13:35:39 [INFO] Host: bdinfo
- 13:35:39 [INFO] Target: 
bdinfo
arch_number = 0x00000000
boot_params = 0x80000100
DRAM bank   = 0x00000000
-> start    = 0x80000000
-> size     = 0x60000000
eth0name    = cpsw
ethaddr     = b4:99:4c:0b:e4:e6
current eth = cpsw
ip_addr     = 192.168.0.94
baudrate    = 115200 bps
TLB addr    = 0xDFFF0000
relocaddr   = 0xDFF63000
reloc off   = 0x5F763000
irq_sp      = 0xDEF42EE0
sp start    = 0xDEF42ED0
U-Boot# 
- 13:35:39 [INFO] Host: mmc rescan; echo $?
- 13:35:39 [INFO] Target: 
mmc rescan; echo $?
U-Boot# 
- 13:35:39 [INFO] Host: fatwrite mmc ${mmcdev}:1 ${loadaddr} ws-calibrate.rules 4
- 13:35:40 [INFO] Target: 
fatwrite mmc ${mmcdev}:1 ${loadaddr} ws-calibrate.rules 4
writing ws-calibrate.rules
4 bytes written
U-Boot# 
- 13:35:40 [INFO] Host: boot
- 13:39:10 [ERROR] On command: boot waiting for boot.+?(?-mix:login:) >>> error: execution expired
- 13:39:10 [INFO] Target: 
boot
## Checking Image at 82000000 ...
Unknown image format!
Kernel image @ 0x82000000 [ 0x000000 - 0x37bc68 ]
## Flattened Device Tree blob at 88000000
   Booting using the fdt blob at 0x88000000
   Loading Device Tree to 8ffe8000, end 8ffff0e4 ... OK
Starting kernel ...
[    0.000000] Booting Linux on physical CPU 0x0
[    0.000000] Linux version 4.4.0-rc8-next-20160106-00002-gcdb28779f91d (nmenon@horus) (gcc version 4.9.3 20150413 (prerelease) (Linaro GCC 4.9-2015.05) ) #1 SMP Wed Jan 6 12:29:50 CST 2016
[    0.000000] CPU: ARMv7 Processor [412fc0f2] revision 2 (ARMv7), cr=10c5387d
[    0.000000] CPU: div instructions available: patching division code
[    0.000000] CPU: PIPT / VIPT nonaliasing data cache, PIPT instruction cache
[    0.000000] Machine model: TI DRA742
[    0.000000] cma: Reserved 16 MiB at 0xde800000
[    0.000000] Memory policy: Data cache writealloc
[    0.000000] DRA752 ES1.1
[    0.000000] PERCPU: Embedded 15 pages/cpu @ef1f7000 s29120 r8192 d24128 u61440
[    0.000000] Built 1 zonelists in Zone order, mobility grouping on.  Total pages: 390976
[    0.000000] Kernel command line: console=ttyO0,115200n8 earlyprintk rootwait  ip=:::::eth0:dhcp  root=PARTUUID=00000000-02 rw rootfstype=ext4 rootwait 
[    0.000000] PID hash table entries: 4096 (order: 2, 16384 bytes)
[    0.000000] Dentry cache hash table entries: 131072 (order: 7, 524288 bytes)
[    0.000000] Inode-cache hash table entries: 65536 (order: 6, 262144 bytes)
[    0.000000] Memory: 1520676K/1570816K available (6717K kernel code, 769K rwdata, 2276K rodata, 460K init, 8267K bss, 33756K reserved, 16384K cma-reserved, 768000K highmem)
[    0.000000] Virtual kernel memory layout:
[    0.000000]     vector  : 0xffff0000 - 0xffff1000   (   4 kB)
[    0.000000]     fixmap  : 0xffc00000 - 0xfff00000   (3072 kB)
[    0.000000]     vmalloc : 0xf0800000 - 0xff800000   ( 240 MB)
[    0.000000]     lowmem  : 0xc0000000 - 0xf0000000   ( 768 MB)
[    0.000000]     pkmap   : 0xbfe00000 - 0xc0000000   (   2 MB)
[    0.000000]     modules : 0xbf000000 - 0xbfe00000   (  14 MB)
[    0.000000]       .text : 0xc0008000 - 0xc08d0734   (8994 kB)
[    0.000000]       .init : 0xc08d1000 - 0xc0944000   ( 460 kB)
[    0.000000]       .data : 0xc0944000 - 0xc0a04524   ( 770 kB)
[    0.000000]        .bss : 0xc0a07000 - 0xc1219fa0   (8268 kB)
[    0.000000] Running RCU self tests
[    0.000000] Hierarchical RCU implementation.
[    0.000000] 	RCU lockdep checking is enabled.
[    0.000000] 	Build-time adjustment of leaf fanout to 32.
[    0.000000] NR_IRQS:16 nr_irqs:16 16
[    0.000000] OMAP clockevent source: timer1 at 32768 Hz
[    0.000000] Architected cp15 timer(s) running at 6.14MHz (virt).
[    0.000000] clocksource: arch_sys_counter: mask: 0xffffffffffffff max_cycles: 0x16af5adb9, max_idle_ns: 440795202250 ns
[    0.000004] sched_clock: 56 bits at 6MHz, resolution 162ns, wraps every 4398046511023ns
[    0.000015] Switching to timer-based delay loop, resolution 162ns
[    0.000429] clocksource: 32k_counter: mask: 0xffffffff max_cycles: 0xffffffff, max_idle_ns: 58327039986419 ns
[    0.000438] OMAP clocksource: 32k_counter at 32768 Hz
[    0.001431] Console: colour dummy device 80x30
[    0.001463] Lock dependency validator: Copyright (c) 2006 Red Hat, Inc., Ingo Molnar
[    0.001470] ... MAX_LOCKDEP_SUBCLASSES:  8
[    0.001476] ... MAX_LOCK_DEPTH:          48
[    0.001482] ... MAX_LOCKDEP_KEYS:        8191
[    0.001488] ... CLASSHASH_SIZE:          4096
[    0.001494] ... MAX_LOCKDEP_ENTRIES:     32768
[    0.001500] ... MAX_LOCKDEP_CHAINS:      65536
[    0.001506] ... CHAINHASH_SIZE:          32768
[    0.001512]  memory used by lock dependency info: 5167 kB
[    0.001518]  per task-struct memory footprint: 1536 bytes
[    0.001535] Calibrating delay loop (skipped), value calculated using timer frequency.. 12.29 BogoMIPS (lpj=61475)
[    0.001548] pid_max: default: 32768 minimum: 301
[    0.001873] Security Framework initialized
[    0.001977] Mount-cache hash table entries: 2048 (order: 1, 8192 bytes)
[    0.001988] Mountpoint-cache hash table entries: 2048 (order: 1, 8192 bytes)
[    0.004316] CPU: Testing write buffer coherency: ok
[    0.005402] /cpus/cpu@0 missing clock-frequency property
[    0.005448] /cpus/cpu@1 missing clock-frequency property
[    0.005459] CPU0: thread -1, cpu 0, socket 0, mpidr 80000000
[    0.005512] Setting up static identity map for 0x80008280 - 0x800082f0
[    0.009579] CPU1: thread -1, cpu 1, socket 0, mpidr 80000001
[    0.010147] Brought up 2 CPUs
[    0.010160] SMP: Total of 2 processors activated (24.59 BogoMIPS).
[    0.010166] CPU: All CPU(s) started in SVC mode.
[    0.012523] devtmpfs: initialized
[    0.072356] VFP support v0.3: implementor 41 architecture 4 part 30 variant f rev 0
[    0.072961] clocksource: jiffies: mask: 0xffffffff max_cycles: 0xffffffff, max_idle_ns: 19112604462750000 ns
[    0.073783] pinctrl core: initialized pinctrl subsystem
[    0.077175] NET: Registered protocol family 16
[    0.080616] DMA: preallocated 256 KiB pool for atomic coherent allocations
[    0.082174] omap_hwmod: l3_main_2 using broken dt data from ocp
[    0.340729] cpuidle: using governor ladder
[    0.370717] cpuidle: using governor menu
[    0.382742] OMAP GPIO hardware version 0.1
[    0.395131] irq: no irq domain found for /ocp/l4@4a000000/scm@2000/pinmux@1400 !
[    0.415288] omap-gpmc 50000000.gpmc: could not find pctldev for node /ocp/l4@4a000000/scm@2000/pinmux@1400/nand_flash_x16, deferring probe
[    0.421789] No ATAGs?
[    0.421842] hw-breakpoint: found 5 (+1 reserved) breakpoint and 4 watchpoint registers.
[    0.421851] hw-breakpoint: maximum watchpoint size is 8 bytes.
[    0.422302] omap4_sram_init:Unable to allocate sram needed to handle errata I688
[    0.422311] omap4_sram_init:Unable to get sram pool needed to handle errata I688
[    0.423647] OMAP DMA hardware revision 0.0
[    0.471710] omap-dma-engine 4a056000.dma-controller: OMAP DMA engine driver
[    0.477601] SCSI subsystem initialized
[    0.478815] omap_i2c 48070000.i2c: could not find pctldev for node /ocp/l4@4a000000/scm@2000/pinmux@1400/pinmux_i2c1_pins, deferring probe
[    0.478875] omap_i2c 48072000.i2c: could not find pctldev for node /ocp/l4@4a000000/scm@2000/pinmux@1400/pinmux_i2c2_pins, deferring probe
[    0.478931] omap_i2c 48060000.i2c: could not find pctldev for node /ocp/l4@4a000000/scm@2000/pinmux@1400/pinmux_i2c3_pins, deferring probe
[    0.479149] pps_core: LinuxPPS API ver. 1 registered
[    0.479156] pps_core: Software ver. 5.3.6 - Copyright 2005-2007 Rodolfo Giometti <giometti@linux.it>
[    0.479193] PTP clock support registered
[    0.481738] clocksource: Switched to clocksource arch_sys_counter
[    0.560440] VFS: Disk quotas dquot_6.6.0
[    0.560548] VFS: Dquot-cache hash table entries: 1024 (order 0, 4096 bytes)
[    0.583749] NET: Registered protocol family 2
[    0.585016] TCP established hash table entries: 8192 (order: 3, 32768 bytes)
[    0.585140] TCP bind hash table entries: 8192 (order: 6, 294912 bytes)
[    0.587403] TCP: Hash tables configured (established 8192 bind 8192)
[    0.587525] UDP hash table entries: 512 (order: 3, 40960 bytes)
[    0.587831] UDP-Lite hash table entries: 512 (order: 3, 40960 bytes)
[    0.588697] NET: Registered protocol family 1
[    0.589577] RPC: Registered named UNIX socket transport module.
[    0.589587] RPC: Registered udp transport module.
[    0.589595] RPC: Registered tcp transport module.
[    0.589603] RPC: Registered tcp NFSv4.1 backchannel transport module.
[    0.591644] hw perfevents: enabled with armv7_cortex_a15 PMU driver, 7 counters available
[    0.595424] futex hash table entries: 512 (order: 3, 32768 bytes)
[    0.595664] audit: initializing netlink subsys (disabled)
[    0.595784] audit: type=2000 audit(0.589:1): initialized
[    0.600510] NFS: Registering the id_resolver key type
[    0.600726] Key type id_resolver registered
[    0.600735] Key type id_legacy registered
[    0.600854] jffs2: version 2.2. (NAND) (SUMMARY)   2001-2006 Red Hat, Inc.
[    0.603983] bounce: pool size: 64 pages
[    0.604035] io scheduler noop registered
[    0.604048] io scheduler deadline registered
[    0.604079] io scheduler cfq registered (default)
[    0.610566] pinctrl-single 4a003400.pinmux: 282 pins at pa fc003400 size 1128
[    0.616553] Serial: 8250/16550 driver, 4 ports, IRQ sharing enabled
[    0.620479] 4806a000.serial: ttyO0 at MMIO 0x4806a000 (irq = 296, base_baud = 3000000) is a OMAP UART0
[    1.382566] console [ttyO0] enabled
[    1.387269] omap_uart 4806c000.serial: no wakeirq for uart1
[    1.393306] 4806c000.serial: ttyO1 at MMIO 0x4806c000 (irq = 297, base_baud = 3000000) is a OMAP UART1
[    1.403889] omap_uart 48020000.serial: no wakeirq for uart2
[    1.409892] 48020000.serial: ttyO2 at MMIO 0x48020000 (irq = 298, base_baud = 3000000) is a OMAP UART2
[    1.444069] brd: module loaded
[    1.461826] loop: module loaded
[    1.467195] ahci 4a140000.sata: SSS flag set, parallel bus scan disabled
[    1.474250] ahci 4a140000.sata: AHCI 0001.0300 32 slots 1 ports 3 Gbps 0x1 impl platform mode
[    1.483182] ahci 4a140000.sata: flags: 64bit ncq sntf stag pm led clo only pmp pio slum part ccc apst 
[    1.495349] scsi host0: ahci
[    1.499187] ata1: SATA max UDMA/133 mmio [mem 0x4a140000-0x4a1410ff] port 0x100 irq 327
[    1.508389] mtdoops: mtd device (mtddev=name/number) must be supplied
[    1.581738] davinci_mdio 48485000.mdio: davinci mdio revision 1.6
[    1.588103] davinci_mdio 48485000.mdio: detected phy mask fffffff3
[    1.600106] libphy: 48485000.mdio: probed
[    1.604320] davinci_mdio 48485000.mdio: phy[2]: device 48485000.mdio:02, driver unknown
[    1.612694] davinci_mdio 48485000.mdio: phy[3]: device 48485000.mdio:03, driver unknown
[    1.621943] cpsw 48484000.ethernet: Detected MACID = b4:99:4c:0b:e4:e6
[    1.630502] cpsw 48484000.ethernet: cpsw: Detected MACID = b4:99:4c:0b:e4:e7
[    1.640522] mousedev: PS/2 mouse device common for all mice
[    1.646375] i2c /dev entries driver
[    1.651118] omap_hsmmc 4809c000.mmc: Got CD GPIO
[    1.722021] ledtrig-cpu: registered to indicate activity on CPUs
[    1.730428] oprofile: using timer interrupt.
[    1.735293] Initializing XFRM netlink socket
[    1.739999] NET: Registered protocol family 10
[    1.746888] sit: IPv6 over IPv4 tunneling driver
[    1.753164] NET: Registered protocol family 17
[    1.757850] NET: Registered protocol family 15
[    1.762735] Key type dns_resolver registered
[    1.767318] omap_voltage_late_init: Voltage driver support not added
[    1.773979] sr_dev_init: Unable to get voltage domain pointer for VDD core
[    1.781159] sr_dev_init: Unable to get voltage domain pointer for VDD mpu
[    1.788854] Power Management for TI OMAP4+ devices.
[    1.794308] ThumbEE CPU extension supported.
[    1.798795] Registering SWP/SWPB emulation handler
[    1.803849] SmartReflex Class3 initialized
[    1.814162] omap-gpmc 50000000.gpmc: GPMC revision 6.0
[    1.819651] gpmc_mem_init: disabling cs 0 mapped at 0x0-0x1000000
[    1.827518] nand: device found, Manufacturer ID: 0x2c, Chip ID: 0xca
[    1.834211] nand: Micron MT29F2G16ABAEAWP
[    1.838416] nand: 256 MiB, SLC, erase size: 128 KiB, page size: 2048, OOB size: 64
[    1.846459] nand: using OMAP_ECC_BCH8_CODE_HW ECC scheme
[    1.852220] 10 ofpart partitions found on MTD device MT29F2G16ABAEAWP
[    1.858966] Creating 10 MTD partitions on "MT29F2G16ABAEAWP":
[    1.861745] ata1: SATA link down (SStatus 0 SControl 300)
[    1.870666] 0x000000000000-0x000000020000 : "NAND.SPL"
[    1.880370] 0x000000020000-0x000000040000 : "NAND.SPL.backup1"
[    1.889243] 0x000000040000-0x000000060000 : "NAND.SPL.backup2"
[    1.895429] mmc0: MAN_BKOPS_EN bit is not set
[    1.901864] 0x000000060000-0x000000080000 : "NAND.SPL.backup3"
[    1.908653] mmc0: new high speed MMC card at address 0001
[    1.915950] mmcblk0: mmc0:0001 MMC08G 7.25 GiB 
[    1.917419] 0x000000080000-0x0000000c0000 : "NAND.u-boot-spl-os"
[    1.927727] mmcblk0boot0: mmc0:0001 MMC08G partition 1 8.00 MiB
[    1.928971] 0x0000000c0000-0x0000001c0000 : "NAND.u-boot"
[    1.935812] 0x0000001c0000-0x0000001e0000 : "NAND.u-boot-env"
[    1.938736] 0x0000001e0000-0x000000200000 : "NAND.u-boot-env.backup1"
[    1.941711] 0x000000200000-0x000000a00000 : "NAND.kernel"
[    1.951394] 0x000000a00000-0x000010000000 : "NAND.file-system"
[    1.964694] mmcblk0boot1: mmc0:0001 MMC08G partition 2 8.00 MiB
[    1.973196]  mmcblk0: p1 p2 p3
[    2.165499] palmas 0-0058: IRQ missing: skipping irq request
[    2.182480] palmas 0-0058: Muxing GPIO 2e, PWM 0, LED 0
[    2.227082] pcf857x 0-0020: probed
[    2.231335] ------------[ cut here ]------------
[    2.236203] WARNING: CPU: 0 PID: 65 at fs/sysfs/dir.c:31 sysfs_warn_dup+0x58/0x78()
[    2.244238] sysfs: cannot create duplicate filename '/class/gpio/gpiochip496'
[    2.251726] Modules linked in:
[    2.254934] CPU: 0 PID: 65 Comm: kworker/u4:1 Not tainted 4.4.0-rc8-next-20160106-00002-gcdb28779f91d #1
[    2.264888] Hardware name: Generic DRA74X (Flattened Device Tree)
[    2.271277] Workqueue: deferwq deferred_probe_work_func
[    2.276774] [<c0017d3c>] (unwind_backtrace) from [<c0014074>] (show_stack+0x10/0x14)
[    2.284913] [<c0014074>] (show_stack) from [<c035ee7c>] (dump_stack+0x84/0x9c)
[    2.292506] [<c035ee7c>] (dump_stack) from [<c003c810>] (warn_slowpath_common+0x78/0xb4)
[    2.300998] [<c003c810>] (warn_slowpath_common) from [<c003c87c>] (warn_slowpath_fmt+0x30/0x40)
[    2.310128] [<c003c87c>] (warn_slowpath_fmt) from [<c01fc00c>] (sysfs_warn_dup+0x58/0x78)
[    2.318718] [<c01fc00c>] (sysfs_warn_dup) from [<c01fc360>] (sysfs_do_create_link_sd+0xa8/0xb4)
[    2.327858] [<c01fc360>] (sysfs_do_create_link_sd) from [<c03f5ce8>] (device_add+0x244/0x56c)
[    2.336811] [<c03f5ce8>] (device_add) from [<c03f61a0>] (device_create_groups_vargs+0xa8/0xc4)
[    2.345868] [<c03f61a0>] (device_create_groups_vargs) from [<c03f6234>] (device_create_with_groups+0x24/0x2c)
[    2.356293] [<c03f6234>] (device_create_with_groups) from [<c0399600>] (gpiochip_sysfs_register+0x48/0x8c)
[    2.366423] [<c0399600>] (gpiochip_sysfs_register) from [<c0396104>] (gpiochip_add_data+0x268/0x510)
[    2.376013] [<c0396104>] (gpiochip_add_data) from [<c039b7b0>] (pcf857x_probe+0x1e4/0x39c)
[    2.384696] [<c039b7b0>] (pcf857x_probe) from [<c04b64f4>] (i2c_device_probe+0x168/0x1fc)
[    2.393284] [<c04b64f4>] (i2c_device_probe) from [<c03f872c>] (driver_probe_device+0x208/0x2c0)
[    2.402427] [<c03f872c>] (driver_probe_device) from [<c03f6b60>] (bus_for_each_drv+0x64/0x98)
[    2.411376] [<c03f6b60>] (bus_for_each_drv) from [<c03f8464>] (__device_attach+0xa4/0x10c)
[    2.420056] [<c03f8464>] (__device_attach) from [<c03f7abc>] (bus_probe_device+0x88/0x90)
[    2.428635] [<c03f7abc>] (bus_probe_device) from [<c03f5e60>] (device_add+0x3bc/0x56c)
[    2.436954] [<c03f5e60>] (device_add) from [<c04b85b4>] (i2c_new_device+0x144/0x1a4)
[    2.445084] [<c04b85b4>] (i2c_new_device) from [<c04b8c68>] (i2c_register_adapter+0x34c/0x4b8)
[    2.454122] [<c04b8c68>] (i2c_register_adapter) from [<c04bac58>] (omap_i2c_probe+0x4dc/0x6cc)
[    2.463170] [<c04bac58>] (omap_i2c_probe) from [<c03fa160>] (platform_drv_probe+0x50/0xac)
[    2.471849] [<c03fa160>] (platform_drv_probe) from [<c03f872c>] (driver_probe_device+0x208/0x2c0)
[    2.481153] [<c03f872c>] (driver_probe_device) from [<c03f6b60>] (bus_for_each_drv+0x64/0x98)
[    2.490105] [<c03f6b60>] (bus_for_each_drv) from [<c03f8464>] (__device_attach+0xa4/0x10c)
[    2.498782] [<c03f8464>] (__device_attach) from [<c03f7abc>] (bus_probe_device+0x88/0x90)
[    2.507374] [<c03f7abc>] (bus_probe_device) from [<c03f7f44>] (deferred_probe_work_func+0x64/0x94)
[    2.516788] [<c03f7f44>] (deferred_probe_work_func) from [<c00568d0>] (process_one_work+0x1b0/0x4ac)
[    2.526379] [<c00568d0>] (process_one_work) from [<c0056c04>] (worker_thread+0x38/0x4e8)
[    2.534876] [<c0056c04>] (worker_thread) from [<c005c990>] (kthread+0xd4/0xf0)
[    2.542460] [<c005c990>] (kthread) from [<c000f8d0>] (ret_from_fork+0x14/0x24)
[    2.550025] ---[ end trace deff144054f0686f ]---
[    2.554969] gpiochip_add_data: GPIOs 496..511 (pcf8575) failed to register
[    2.562223] pcf857x: probe of 0-0021 failed with error -17
[    2.568308] omap_i2c 48070000.i2c: bus 0 rev0.12 at 400 kHz
[    2.592235] GPIO line 497 (vin6_sel_s0) hogged as output/low
[    2.598270] ------------[ cut here ]------------
[    2.603141] WARNING: CPU: 0 PID: 65 at fs/sysfs/dir.c:31 sysfs_warn_dup+0x58/0x78()
[    2.611164] sysfs: cannot create duplicate filename '/class/gpio/gpiochip496'
[    2.618651] Modules linked in:
[    2.621872] CPU: 0 PID: 65 Comm: kworker/u4:1 Tainted: G        W       4.4.0-rc8-next-20160106-00002-gcdb28779f91d #1
[    2.633096] Hardware name: Generic DRA74X (Flattened Device Tree)
[    2.639487] Workqueue: deferwq deferred_probe_work_func
[    2.644984] [<c0017d3c>] (unwind_backtrace) from [<c0014074>] (show_stack+0x10/0x14)
[    2.653127] [<c0014074>] (show_stack) from [<c035ee7c>] (dump_stack+0x84/0x9c)
[    2.660692] [<c035ee7c>] (dump_stack) from [<c003c810>] (warn_slowpath_common+0x78/0xb4)
[    2.669194] [<c003c810>] (warn_slowpath_common) from [<c003c87c>] (warn_slowpath_fmt+0x30/0x40)
[    2.678325] [<c003c87c>] (warn_slowpath_fmt) from [<c01fc00c>] (sysfs_warn_dup+0x58/0x78)
[    2.686911] [<c01fc00c>] (sysfs_warn_dup) from [<c01fc360>] (sysfs_do_create_link_sd+0xa8/0xb4)
[    2.696034] [<c01fc360>] (sysfs_do_create_link_sd) from [<c03f5ce8>] (device_add+0x244/0x56c)
[    2.704990] [<c03f5ce8>] (device_add) from [<c03f61a0>] (device_create_groups_vargs+0xa8/0xc4)
[    2.714041] [<c03f61a0>] (device_create_groups_vargs) from [<c03f6234>] (device_create_with_groups+0x24/0x2c)
[    2.724455] [<c03f6234>] (device_create_with_groups) from [<c0399600>] (gpiochip_sysfs_register+0x48/0x8c)
[    2.734591] [<c0399600>] (gpiochip_sysfs_register) from [<c0396104>] (gpiochip_add_data+0x268/0x510)
[    2.744181] [<c0396104>] (gpiochip_add_data) from [<c039b7b0>] (pcf857x_probe+0x1e4/0x39c)
[    2.752863] [<c039b7b0>] (pcf857x_probe) from [<c04b64f4>] (i2c_device_probe+0x168/0x1fc)
[    2.761438] [<c04b64f4>] (i2c_device_probe) from [<c03f872c>] (driver_probe_device+0x208/0x2c0)
[    2.770573] [<c03f872c>] (driver_probe_device) from [<c03f6b60>] (bus_for_each_drv+0x64/0x98)
[    2.779524] [<c03f6b60>] (bus_for_each_drv) from [<c03f8464>] (__device_attach+0xa4/0x10c)
[    2.788200] [<c03f8464>] (__device_attach) from [<c03f7abc>] (bus_probe_device+0x88/0x90)
[    2.796787] [<c03f7abc>] (bus_probe_device) from [<c03f5e60>] (device_add+0x3bc/0x56c)
[    2.805099] [<c03f5e60>] (device_add) from [<c04b85b4>] (i2c_new_device+0x144/0x1a4)
[    2.813233] [<c04b85b4>] (i2c_new_device) from [<c04b8c68>] (i2c_register_adapter+0x34c/0x4b8)
[    2.822271] [<c04b8c68>] (i2c_register_adapter) from [<c04bac58>] (omap_i2c_probe+0x4dc/0x6cc)
[    2.831302] [<c04bac58>] (omap_i2c_probe) from [<c03fa160>] (platform_drv_probe+0x50/0xac)
[    2.839969] [<c03fa160>] (platform_drv_probe) from [<c03f872c>] (driver_probe_device+0x208/0x2c0)
[    2.849279] [<c03f872c>] (driver_probe_device) from [<c03f6b60>] (bus_for_each_drv+0x64/0x98)
[    2.858227] [<c03f6b60>] (bus_for_each_drv) from [<c03f8464>] (__device_attach+0xa4/0x10c)
[    2.866910] [<c03f8464>] (__device_attach) from [<c03f7abc>] (bus_probe_device+0x88/0x90)
[    2.875496] [<c03f7abc>] (bus_probe_device) from [<c03f7f44>] (deferred_probe_work_func+0x64/0x94)
[    2.884900] [<c03f7f44>] (deferred_probe_work_func) from [<c00568d0>] (process_one_work+0x1b0/0x4ac)
[    2.894485] [<c00568d0>] (process_one_work) from [<c0056c04>] (worker_thread+0x38/0x4e8)
[    2.902982] [<c0056c04>] (worker_thread) from [<c005c990>] (kthread+0xd4/0xf0)
[    2.910557] [<c005c990>] (kthread) from [<c000f8d0>] (ret_from_fork+0x14/0x24)
[    2.918134] ---[ end trace deff144054f06870 ]---
[    2.923055] gpiochip_add_data: GPIOs 496..511 (pcf8575) failed to register
[    2.930300] pcf857x: probe of 1-0026 failed with error -17
[    2.936108] omap_i2c 48072000.i2c: bus 1 rev0.12 at 400 kHz
[    2.943255] omap_i2c 48060000.i2c: bus 2 rev0.12 at 400 kHz
[    2.949541] omap_hsmmc 4809c000.mmc: Got CD GPIO
[    2.954683] omap_hsmmc 4809c000.mmc: omap_device: omap_device_enable() called from invalid state 1
[    2.993304] hctosys: unable to open rtc device (rtc0)
[    2.998607] sr_init: No PMIC hook to init smartreflex
[    3.004116] sr_init: platform driver register failed for SR
[    3.055072] net eth0: initializing cpsw version 1.15 (0)
[    3.065750] omap_hsmmc 4809c000.mmc: Got CD GPIO
[    3.145566] net eth0: phy found : id is : 0x20005c7a
[    3.158696] IPv6: ADDRCONF(NETDEV_UP): eth0: link is not ready
[    6.148598] cpsw 48484000.ethernet eth0: Link is Up - 1Gbps/Full - flow control rx/tx
[    6.161766] IPv6: ADDRCONF(NETDEV_CHANGE): eth0: link becomes ready
[    6.181729] Sending DHCP requests ., OK
[    6.261727] IP-Config: Got DHCP answer from 192.168.0.1, my address is 192.168.0.94
[    6.270017] IP-Config: Complete:
[    6.273431]      device=eth0, hwaddr=b4:99:4c:0b:e4:e6, ipaddr=192.168.0.94, mask=255.255.255.0, gw=192.168.0.1
[    6.284021]      host=192.168.0.94, domain=ti.com, nis-domain=(none)
[    6.290684]      bootserver=192.168.0.1, rootserver=192.168.0.1, rootpath=     nameserver0=192.0.2.2, nameserver1=192.0.2.3
[    6.302494] platform 4809c000.mmc: omap_device_late_idle: enabled but no driver.  Idling
[    6.311067] aic_dvdd: disabling
[    6.314399] pbias_mmc_omap5: disabling
[    6.318757] ldousb: disabling
[    6.324646] Waiting for root device PARTUUID=00000000-02...
- 13:39:10 [INFO] Boot attempt 1/1 failed
- 13:39:10 [INFO] Disconnected serial from dra7xx-evm
URL:gtsystest.telogy.design.ti.com/vatf/tigtfarm07/tigtfarm07_vatf@dra7xx-evm1/tigtfarm0701_06_2016_13_35_14/files/session_iteration_1/test_1
