- 09:34:28 [INFO] Starting target session
- 09:34:28 [INFO] Connected to dra72x-evm via serial 
- 09:34:28 [INFO] Host: #check prompt
- 09:34:31 [ERROR] On command: #check prompt waiting for #check prompt.+?(?-mix:((?-mix:login:)|[Pp]assword)) >>> error: execution expired
- 09:34:31 [INFO] Target: 
#check prompt
root@dra7xx-evm:/test# 
- 09:34:31 [INFO] Host: #check prompt
- 09:34:31 [INFO] Target: 
#check prompt
root@dra7xx-evm:/test# 
- 09:34:31 [INFO] Host: sync;poweroff
- 09:34:40 [INFO] Target: 
sync;poweroff
Broadcast message from root@dra7xx-evm (ttyS0) (Tue Aug 25 12:root@dra7xx-evm:/test# UIM SYSFS Node Found at /sys/./devices/kim/install
Stopping uim-sysfs daemon.
Stopping Dropbear SSH server: stopped /usr/sbin/dropbear (pid 2282)
dropbear.
Stopping telnet daemon.
Stopping tiipclad daemon.
Stopping system message bus: dbus.
Stopping syslogd/klogd: stopped syslogd (pid 2323)
stopped klogd (pid 2326)
done
Stopping thttpd.
Stopping Weston
stopping statd: done
ALSA: Storing mixer settings...
Stopping rpcbind daemon...
done.
Stopping Lighttpd Web Server: stopped /usr/sbin/lighttpd (pid 2337)
lighttpd.
NOT deconfiguring network interfaces: / is an NFS mount
Stopping Matrix GUI applicationstart-stop-daemon: warning: killing process 2353: No such process
Disabling thermal zones...
***************************************************************
***************************************************************
NOTICE: This file system contains the following GPLv3 packages:
	autoconf
	binutils
	cpp-symlinks
	cpp
	g++-symlinks
	g++
	gcc-symlinks
	gcc
	gdbc6x
	gdbserver
	gstreamer1.0-libav
	libgmp10
	libmpc3
	libmpfr4
	make
	parted
If you do not wish to distribute GPLv3 components please remove
the above packages prior to distribution.  This can be done using
the opkg remove command.  i.e.:
    opkg remove <package>
Where <package> is the name printed in the list above
NOTE: If the package is a dependency of another package you
      will be notified of the dependent packages.  You should
      use the --force-removal-of-dependent-packages option to
      also remove the dependent packages as well
***************************************************************
***************************************************************
Sending all processes the TERM signal...
Sending all processes the KILL signal...
Unmounting remote filesystems...
Deactivating swap...
Unmounting local filesystems...
[ 9895.872490] reboot: Power down
- 09:34:40 [INFO] Disconnected serial from dra72x-evm
- 09:34:41 [INFO] Connected to dra72x-evm via serial 
- 09:34:41 [INFO] Host: 
- 09:34:43 [INFO] Target: 
U-Boot SPL 2015.07 (Feb 05 2016 - 20:32:43)
DRA722 ES1.0
reading args
spl_load_image_fat_os: error reading image args, err - -1
reading u-boot.img
reading u-boot.img
ti_i2c_eeprom_init failed 1
U-Boot 2015.07 (Feb 05 2016 - 20:32:43 -0500)
CPU  : DRA722 ES1.0
Board: DRA72x EVM REV <NULL>
I2C:   ready
DRAM:  1 GiB
MMC:   OMAP SD/MMC: 0, OMAP SD/MMC: 1
*** Warning - bad CRC, using default environment
SCSI:  SATA link 0 timeout.
AHCI 0001.0300 32 slots 1 ports 3 Gbps 0x1 impl SATA mode
flags: 64bit ncq stag pm led clo only pmp pio slum part ccc apst 
scanning bus for devices...
Found 0 device(s).
Net:   <ethaddr> not set. Validating first E-fuse MAC
cpsw
Hit any key to stop autoboot:  1  0 
U-Boot# 
U-Boot# 
U-Boot# 
U-Boot# 
U-Boot# 
U-Boot# 
U-Boot# 
U-Boot# 
U-Boot# 
U-Boot# 
U-Boot# 
U-Boot# 
- 09:34:43 [INFO] Host: 
- 09:34:43 [INFO] Target: 
U-Boot# 
- 09:34:43 [INFO] Host: version
- 09:34:43 [INFO] Target: 
version
U-Boot 2015.07 (Feb 05 2016 - 20:32:43 -0500)
arm-linux-gnueabihf-gcc (Linaro GCC 4.9-2015.05) 4.9.3 20150413 (prerelease)
GNU ld (GNU Binutils) Linaro 2014.11-3-git 2.24.0.20141017
U-Boot# 
- 09:34:43 [INFO] Host: setenv bootargs 'console=ttyO0,115200n8 earlyprintk=serial,ttyO0,115200n8 rootwait '
- 09:34:43 [INFO] Target: 
setenv bootargs 'console=ttyO0,115200n8 earlyprintk=serial,ttyO0,115200n8 rootwait '
U-Boot# 
- 09:34:43 [INFO] Host: setenv bootcmd  ''
- 09:34:43 [INFO] Target: 
setenv bootcmd  ''
U-Boot# 
- 09:34:43 [INFO] Host: setenv autoload 'no'
- 09:34:43 [INFO] Target: 
setenv autoload 'no'
U-Boot# 
- 09:34:43 [INFO] Host: setenv serverip '192.168.0.1'
- 09:34:44 [INFO] Target: 
setenv serverip '192.168.0.1'
U-Boot# 
- 09:34:44 [INFO] Host: printenv
- 09:34:44 [INFO] Target: 
printenv
arch=arm
args_mmc=run finduuid;setenv bootargs console=${console} ${optargs} root=PARTUUID=${uuid} rw rootfstype=${mmcrootfstype}
autoload=no
baudrate=115200
board=dra7xx
board_name=dra72x
bootargs=console=ttyO0,115200n8 earlyprintk=serial,ttyO0,115200n8 rootwait 
bootcmd=
bootdelay=1
bootdir=/boot
bootenvfile=uEnv.txt
bootfile=zImage
bootm_size=0x10000000
bootpart=0:2
bootscript=echo Running bootscript from mmc${mmcdev} ...; source ${loadaddr}
console=ttyO0,115200n8
cpu=armv7
dfu_alt_info_emmc=rawemmc raw 0 3751936;boot part 1 1;rootfs part 1 2;MLO fat 1 1;MLO.raw raw 0x100 0x100;u-boot.img.raw raw 0x300 0x400;spl-os-args.raw raw 0x80 0x80;spl-os-image.raw raw 0x900 0x2000;spl-os-args fat 1 1;spl-os-image fat 1 1;u-boot.img fat 1 1;uEnv.txt fat 1 1
dfu_alt_info_mmc=boot part 0 1;rootfs part 0 2;MLO fat 0 1;MLO.raw raw 0x100 0x100;u-boot.img.raw raw 0x300 0x400;spl-os-args.raw raw 0x80 0x80;spl-os-image.raw raw 0x900 0x2000;spl-os-args fat 0 1;spl-os-image fat 0 1;u-boot.img fat 0 1;uEnv.txt fat 0 1
dfu_alt_info_qspi=MLO raw 0x0 0x010000;MLO.backup1 raw 0x010000 0x010000;MLO.backup2 raw 0x020000 0x010000;MLO.backup3 raw 0x030000 0x010000;u-boot.img raw 0x040000 0x0100000;u-boot-spl-os raw 0x140000 0x080000;u-boot-env raw 0x1C0000 0x010000;u-boot-env.backup raw 0x1D0000 0x010000;kernel raw 0x1E0000 0x800000
dfu_alt_info_ram=kernel ram 0x80200000 0x4000000;fdt ram 0x80f80000 0x80000;ramdisk ram 0x81000000 0x4000000
dfu_bufsiz=0x10000
dofastboot=0
envboot=mmc dev ${mmcdev}; if mmc rescan; then echo SD/MMC found on device ${mmcdev};if run loadbootscript; then run bootscript;else if run loadbootenv; then echo Loaded env from ${bootenvfile};run importbootenv;fi;if test -n $uenvcmd; then echo Running uenvcmd ...;run uenvcmd;fi;fi;fi;
eth1addr=b4:99:4c:d1:cd:8d
ethact=cpsw
ethaddr=b4:99:4c:d1:cd:8c
fdt_addr_r=0x88000000
fdtaddr=0x88000000
fdtfile=undefined
findfdt=if test $board_name = omap5_uevm; then setenv fdtfile omap5-uevm.dtb; fi; if test $board_name = dra7xx; then setenv fdtfile dra7-evm.dtb; fi;if test $board_name = dra72x; then setenv fdtfile dra72-evm.dtb; fi;if test $board_name = beagle_x15; then setenv fdtfile am57xx-beagle-x15.dtb; fi;if test $board_name = beagle_x15_es2plus; then setenv fdtfile am57xx-beagle-x15-es2plus.dtb; fi;if test $board_name = am57xx_evm; then setenv fdtfile am57xx-evm.dtb; fi;if test $board_name = am57xx_evm_es2plus; then setenv fdtfile am57xx-evm-es2plus.dtb; fi;if test $board_name = am572x_idk; then setenv fdtfile am572x-idk.dtb; fi;if test $board_name = am571x_idk; then setenv fdtfile am571x-idk.dtb; fi;if test $board_name = am572x_idk_osd; then setenv fdtfile am572x-idk-lcd-osd.dtb; fi;if test $board_name = am571x_idk_osd; then setenv fdtfile am571x-idk-lcd-osd.dtb; fi;if test $fdtfile = undefined; then echo WARNING: Could not determine device tree to use; fi; 
finduuid=part uuid mmc 0:2 uuid
importbootenv=echo Importing environment from mmc${mmcdev} ...; env import -t ${loadaddr} ${filesize}
kernel_addr_r=0x82000000
loadaddr=0x82000000
loadbootenv=fatload mmc ${mmcdev} ${loadaddr} ${bootenvfile}
loadbootscript=fatload mmc ${mmcdev} ${loadaddr} boot.scr
loadfdt=load mmc ${bootpart} ${fdtaddr} ${bootdir}/${fdtfile};
loadimage=load mmc ${bootpart} ${loadaddr} ${bootdir}/${bootfile}
mmcboot=mmc dev ${mmcdev}; if mmc rescan; then echo SD/MMC found on device ${mmcdev};if run loadimage; then run loadfdt; echo Booting from mmc${mmcdev} ...; run args_mmc; bootz ${loadaddr} - ${fdtaddr}; fi;fi;
mmcdev=0
mmcrootfstype=ext4 rootwait
netargs=setenv bootargs console=${console} ${optargs} root=/dev/nfs nfsroot=${serverip}:${rootpath},${nfsopts} rw ip=dhcp
netboot=echo Booting from network ...; setenv autoload no; dhcp; run netloadimage; run netloadfdt; run netargs; bootz ${loadaddr} - ${fdtaddr}
netloadfdt=tftp ${fdtaddr} ${fdtfile}
netloadimage=tftp ${loadaddr} ${bootfile}
nfsopts=nolock
partitions=uuid_disk=${uuid_gpt_disk};name=rootfs,start=2MiB,size=-,uuid=${uuid_gpt_rootfs}
ramdisk_addr_r=0x88080000
rdaddr=0x88080000
rootpath=/export/rootfs
scsidevs=0
serial#=0700f016014e3537
serverip=192.168.0.1
soc=omap5
static_ip=${ipaddr}:${serverip}:${gatewayip}:${netmask}:${hostname}::off
stderr=serial
stdin=serial
stdout=serial
usbtty=cdc_acm
vendor=ti
ver=U-Boot 2015.07 (Feb 05 2016 - 20:32:43 -0500)
vram=16M
Environment size: 4432/131067 bytes
U-Boot# 
- 09:34:44 [INFO] Host: setenv _initramfs -
- 09:34:44 [INFO] Target: 
setenv _initramfs -
U-Boot# 
- 09:34:44 [INFO] Host: printenv
- 09:34:44 [INFO] Target: 
printenv
_initramfs=-
arch=arm
args_mmc=run finduuid;setenv bootargs console=${console} ${optargs} root=PARTUUID=${uuid} rw rootfstype=${mmcrootfstype}
autoload=no
baudrate=115200
board=dra7xx
board_name=dra72x
bootargs=console=ttyO0,115200n8 earlyprintk=serial,ttyO0,115200n8 rootwait 
bootcmd=
bootdelay=1
bootdir=/boot
bootenvfile=uEnv.txt
bootfile=zImage
bootm_size=0x10000000
bootpart=0:2
bootscript=echo Running bootscript from mmc${mmcdev} ...; source ${loadaddr}
console=ttyO0,115200n8
cpu=armv7
dfu_alt_info_emmc=rawemmc raw 0 3751936;boot part 1 1;rootfs part 1 2;MLO fat 1 1;MLO.raw raw 0x100 0x100;u-boot.img.raw raw 0x300 0x400;spl-os-args.raw raw 0x80 0x80;spl-os-image.raw raw 0x900 0x2000;spl-os-args fat 1 1;spl-os-image fat 1 1;u-boot.img fat 1 1;uEnv.txt fat 1 1
dfu_alt_info_mmc=boot part 0 1;rootfs part 0 2;MLO fat 0 1;MLO.raw raw 0x100 0x100;u-boot.img.raw raw 0x300 0x400;spl-os-args.raw raw 0x80 0x80;spl-os-image.raw raw 0x900 0x2000;spl-os-args fat 0 1;spl-os-image fat 0 1;u-boot.img fat 0 1;uEnv.txt fat 0 1
dfu_alt_info_qspi=MLO raw 0x0 0x010000;MLO.backup1 raw 0x010000 0x010000;MLO.backup2 raw 0x020000 0x010000;MLO.backup3 raw 0x030000 0x010000;u-boot.img raw 0x040000 0x0100000;u-boot-spl-os raw 0x140000 0x080000;u-boot-env raw 0x1C0000 0x010000;u-boot-env.backup raw 0x1D0000 0x010000;kernel raw 0x1E0000 0x800000
dfu_alt_info_ram=kernel ram 0x80200000 0x4000000;fdt ram 0x80f80000 0x80000;ramdisk ram 0x81000000 0x4000000
dfu_bufsiz=0x10000
dofastboot=0
envboot=mmc dev ${mmcdev}; if mmc rescan; then echo SD/MMC found on device ${mmcdev};if run loadbootscript; then run bootscript;else if run loadbootenv; then echo Loaded env from ${bootenvfile};run importbootenv;fi;if test -n $uenvcmd; then echo Running uenvcmd ...;run uenvcmd;fi;fi;fi;
eth1addr=b4:99:4c:d1:cd:8d
ethact=cpsw
ethaddr=b4:99:4c:d1:cd:8c
fdt_addr_r=0x88000000
fdtaddr=0x88000000
fdtfile=undefined
findfdt=if test $board_name = omap5_uevm; then setenv fdtfile omap5-uevm.dtb; fi; if test $board_name = dra7xx; then setenv fdtfile dra7-evm.dtb; fi;if test $board_name = dra72x; then setenv fdtfile dra72-evm.dtb; fi;if test $board_name = beagle_x15; then setenv fdtfile am57xx-beagle-x15.dtb; fi;if test $board_name = beagle_x15_es2plus; then setenv fdtfile am57xx-beagle-x15-es2plus.dtb; fi;if test $board_name = am57xx_evm; then setenv fdtfile am57xx-evm.dtb; fi;if test $board_name = am57xx_evm_es2plus; then setenv fdtfile am57xx-evm-es2plus.dtb; fi;if test $board_name = am572x_idk; then setenv fdtfile am572x-idk.dtb; fi;if test $board_name = am571x_idk; then setenv fdtfile am571x-idk.dtb; fi;if test $board_name = am572x_idk_osd; then setenv fdtfile am572x-idk-lcd-osd.dtb; fi;if test $board_name = am571x_idk_osd; then setenv fdtfile am571x-idk-lcd-osd.dtb; fi;if test $fdtfile = undefined; then echo WARNING: Could not determine device tree to use; fi; 
finduuid=part uuid mmc 0:2 uuid
importbootenv=echo Importing environment from mmc${mmcdev} ...; env import -t ${loadaddr} ${filesize}
kernel_addr_r=0x82000000
loadaddr=0x82000000
loadbootenv=fatload mmc ${mmcdev} ${loadaddr} ${bootenvfile}
loadbootscript=fatload mmc ${mmcdev} ${loadaddr} boot.scr
loadfdt=load mmc ${bootpart} ${fdtaddr} ${bootdir}/${fdtfile};
loadimage=load mmc ${bootpart} ${loadaddr} ${bootdir}/${bootfile}
mmcboot=mmc dev ${mmcdev}; if mmc rescan; then echo SD/MMC found on device ${mmcdev};if run loadimage; then run loadfdt; echo Booting from mmc${mmcdev} ...; run args_mmc; bootz ${loadaddr} - ${fdtaddr}; fi;fi;
mmcdev=0
mmcrootfstype=ext4 rootwait
netargs=setenv bootargs console=${console} ${optargs} root=/dev/nfs nfsroot=${serverip}:${rootpath},${nfsopts} rw ip=dhcp
netboot=echo Booting from network ...; setenv autoload no; dhcp; run netloadimage; run netloadfdt; run netargs; bootz ${loadaddr} - ${fdtaddr}
netloadfdt=tftp ${fdtaddr} ${fdtfile}
netloadimage=tftp ${loadaddr} ${bootfile}
nfsopts=nolock
partitions=uuid_disk=${uuid_gpt_disk};name=rootfs,start=2MiB,size=-,uuid=${uuid_gpt_rootfs}
ramdisk_addr_r=0x88080000
rdaddr=0x88080000
rootpath=/export/rootfs
scsidevs=0
serial#=0700f016014e3537
serverip=192.168.0.1
soc=omap5
static_ip=${ipaddr}:${serverip}:${gatewayip}:${netmask}:${hostname}::off
stderr=serial
stdin=serial
stdout=serial
usbtty=cdc_acm
vendor=ti
ver=U-Boot 2015.07 (Feb 05 2016 - 20:32:43 -0500)
vram=16M
Environment size: 4447/131067 bytes
U-Boot# 
- 09:34:44 [INFO] Host: setenv bootargs ''${bootargs}' ip=:::::eth0:dhcp '
- 09:34:45 [INFO] Target: 
setenv bootargs ''${bootargs}' ip=:::::eth0:dhcp '
U-Boot# 
- 09:34:45 [INFO] Host: setenv serverip '192.168.0.1'
- 09:34:45 [INFO] Target: 
setenv serverip '192.168.0.1'
U-Boot# 
- 09:34:45 [INFO] Host: setenv autoload 'no'
- 09:34:45 [INFO] Target: 
setenv autoload 'no'
U-Boot# 
- 09:34:45 [INFO] Host: dhcp
- 09:34:46 [INFO] Target: 
dhcp
cpsw Waiting for PHY auto negotiation to complete. done
link up on port 0, speed 1000, full duplex
BOOTP broadcast 1
BOOTP broadcast 2
BOOTP broadcast 3
DHCP client bound to address 192.168.0.140 (1060 ms)
U-Boot# 
- 09:34:46 [INFO] Host: tftp ${loadaddr} 192.168.0.1:vatf_dra72x-evm/458cc92778c8dd20c67d759ae3fc7c7b
- 09:34:47 [INFO] Target: 
tftp ${loadaddr} 192.168.0.1:vatf_dra72x-evm/458cc92778c8dd20c67d759ae3fc7c7b
link up on port 0, speed 1000, full duplex
Using cpsw device
TFTP from server 192.168.0.1; our IP address is 192.168.0.140
Filename 'vatf_dra72x-evm/458cc92778c8dd20c67d759ae3fc7c7b'.
Load address: 0x82000000
Loading: *#################################################################
	 #################################################################
	 #################################################################
	 ##############################################################
	 9.3 MiB/s
done
Bytes transferred = 3772536 (399078 hex)
U-Boot# 
- 09:34:47 [INFO] Host: tftp ${fdtaddr} 192.168.0.1:vatf_dra72x-evm/8b625b9a18f3f6c575e4b4b8d5b92ba4
- 09:34:47 [INFO] Target: 
tftp ${fdtaddr} 192.168.0.1:vatf_dra72x-evm/8b625b9a18f3f6c575e4b4b8d5b92ba4
link up on port 0, speed 1000, full duplex
Using cpsw device
TFTP from server 192.168.0.1; our IP address is 192.168.0.140
Filename 'vatf_dra72x-evm/8b625b9a18f3f6c575e4b4b8d5b92ba4'.
Load address: 0x88000000
Loading: *######
	 8.1 MiB/s
done
Bytes transferred = 85145 (14c99 hex)
U-Boot# 
- 09:34:47 [INFO] Host: ls mmc 0:1
- 09:34:47 [INFO] Target: 
ls mmc 0:1
    67628   mlo 
   311560   u-boot.img 
        4   ws-calibrate.rules 
        0   pointercal 
4 file(s), 0 dir(s)
U-Boot# 
- 09:34:47 [INFO] Host: ls mmc 0:2
- 09:34:47 [INFO] Target: 
ls mmc 0:2
<DIR>       4096 .
<DIR>       4096 ..
<DIR>       4096 include
<DIR>       4096 srv
<DIR>       4096 home
<DIR>       4096 media
<DIR>       4096 opt
<DIR>       4096 var
<DIR>       4096 sys
<DIR>       4096 boot
<DIR>       4096 dev
<DIR>       4096 usr
<DIR>       4096 bin
<DIR>       4096 mnt
<DIR>       4096 etc
<DIR>       4096 sbin
<DIR>       4096 www
<SYM>          8 tmp
<DIR>       4096 proc
<DIR>       4096 run
<DIR>       4096 lib
<DIR>       4096 test
U-Boot# 
- 09:34:47 [INFO] Host: part uuid mmc 0:2
- 09:34:47 [INFO] Target: 
part uuid mmc 0:2
00000000-02
U-Boot# 
- 09:34:47 [INFO] Host: printenv
- 09:34:48 [INFO] Target: 
printenv
_initramfs=-
arch=arm
args_mmc=run finduuid;setenv bootargs console=${console} ${optargs} root=PARTUUID=${uuid} rw rootfstype=${mmcrootfstype}
autoload=no
baudrate=115200
board=dra7xx
board_name=dra72x
bootargs=console=ttyO0,115200n8 earlyprintk=serial,ttyO0,115200n8 rootwait  ip=:::::eth0:dhcp 
bootcmd=
bootdelay=1
bootdir=/boot
bootenvfile=uEnv.txt
bootfile=zImage
bootm_size=0x10000000
bootpart=0:2
bootscript=echo Running bootscript from mmc${mmcdev} ...; source ${loadaddr}
console=ttyO0,115200n8
cpu=armv7
dfu_alt_info_emmc=rawemmc raw 0 3751936;boot part 1 1;rootfs part 1 2;MLO fat 1 1;MLO.raw raw 0x100 0x100;u-boot.img.raw raw 0x300 0x400;spl-os-args.raw raw 0x80 0x80;spl-os-image.raw raw 0x900 0x2000;spl-os-args fat 1 1;spl-os-image fat 1 1;u-boot.img fat 1 1;uEnv.txt fat 1 1
dfu_alt_info_mmc=boot part 0 1;rootfs part 0 2;MLO fat 0 1;MLO.raw raw 0x100 0x100;u-boot.img.raw raw 0x300 0x400;spl-os-args.raw raw 0x80 0x80;spl-os-image.raw raw 0x900 0x2000;spl-os-args fat 0 1;spl-os-image fat 0 1;u-boot.img fat 0 1;uEnv.txt fat 0 1
dfu_alt_info_qspi=MLO raw 0x0 0x010000;MLO.backup1 raw 0x010000 0x010000;MLO.backup2 raw 0x020000 0x010000;MLO.backup3 raw 0x030000 0x010000;u-boot.img raw 0x040000 0x0100000;u-boot-spl-os raw 0x140000 0x080000;u-boot-env raw 0x1C0000 0x010000;u-boot-env.backup raw 0x1D0000 0x010000;kernel raw 0x1E0000 0x800000
dfu_alt_info_ram=kernel ram 0x80200000 0x4000000;fdt ram 0x80f80000 0x80000;ramdisk ram 0x81000000 0x4000000
dfu_bufsiz=0x10000
dnsip=192.0.2.2
dnsip2=192.0.2.3
dofastboot=0
envboot=mmc dev ${mmcdev}; if mmc rescan; then echo SD/MMC found on device ${mmcdev};if run loadbootscript; then run bootscript;else if run loadbootenv; then echo Loaded env from ${bootenvfile};run importbootenv;fi;if test -n $uenvcmd; then echo Running uenvcmd ...;run uenvcmd;fi;fi;fi;
eth1addr=b4:99:4c:d1:cd:8d
ethact=cpsw
ethaddr=b4:99:4c:d1:cd:8c
fdt_addr_r=0x88000000
fdtaddr=0x88000000
fdtfile=undefined
fileaddr=88000000
filesize=14c99
findfdt=if test $board_name = omap5_uevm; then setenv fdtfile omap5-uevm.dtb; fi; if test $board_name = dra7xx; then setenv fdtfile dra7-evm.dtb; fi;if test $board_name = dra72x; then setenv fdtfile dra72-evm.dtb; fi;if test $board_name = beagle_x15; then setenv fdtfile am57xx-beagle-x15.dtb; fi;if test $board_name = beagle_x15_es2plus; then setenv fdtfile am57xx-beagle-x15-es2plus.dtb; fi;if test $board_name = am57xx_evm; then setenv fdtfile am57xx-evm.dtb; fi;if test $board_name = am57xx_evm_es2plus; then setenv fdtfile am57xx-evm-es2plus.dtb; fi;if test $board_name = am572x_idk; then setenv fdtfile am572x-idk.dtb; fi;if test $board_name = am571x_idk; then setenv fdtfile am571x-idk.dtb; fi;if test $board_name = am572x_idk_osd; then setenv fdtfile am572x-idk-lcd-osd.dtb; fi;if test $board_name = am571x_idk_osd; then setenv fdtfile am571x-idk-lcd-osd.dtb; fi;if test $fdtfile = undefined; then echo WARNING: Could not determine device tree to use; fi; 
finduuid=part uuid mmc 0:2 uuid
gatewayip=192.168.0.1
importbootenv=echo Importing environment from mmc${mmcdev} ...; env import -t ${loadaddr} ${filesize}
ipaddr=192.168.0.140
kernel_addr_r=0x82000000
loadaddr=0x82000000
loadbootenv=fatload mmc ${mmcdev} ${loadaddr} ${bootenvfile}
loadbootscript=fatload mmc ${mmcdev} ${loadaddr} boot.scr
loadfdt=load mmc ${bootpart} ${fdtaddr} ${bootdir}/${fdtfile};
loadimage=load mmc ${bootpart} ${loadaddr} ${bootdir}/${bootfile}
mmcboot=mmc dev ${mmcdev}; if mmc rescan; then echo SD/MMC found on device ${mmcdev};if run loadimage; then run loadfdt; echo Booting from mmc${mmcdev} ...; run args_mmc; bootz ${loadaddr} - ${fdtaddr}; fi;fi;
mmcdev=0
mmcrootfstype=ext4 rootwait
netargs=setenv bootargs console=${console} ${optargs} root=/dev/nfs nfsroot=${serverip}:${rootpath},${nfsopts} rw ip=dhcp
netboot=echo Booting from network ...; setenv autoload no; dhcp; run netloadimage; run netloadfdt; run netargs; bootz ${loadaddr} - ${fdtaddr}
netloadfdt=tftp ${fdtaddr} ${fdtfile}
netloadimage=tftp ${loadaddr} ${bootfile}
netmask=255.255.255.0
nfsopts=nolock
partitions=uuid_disk=${uuid_gpt_disk};name=rootfs,start=2MiB,size=-,uuid=${uuid_gpt_rootfs}
ramdisk_addr_r=0x88080000
rdaddr=0x88080000
rootpath=/export/rootfs
scsidevs=0
serial#=0700f016014e3537
serverip=192.168.0.1
soc=omap5
static_ip=${ipaddr}:${serverip}:${gatewayip}:${netmask}:${hostname}::off
stderr=serial
stdin=serial
stdout=serial
usbtty=cdc_acm
vendor=ti
ver=U-Boot 2015.07 (Feb 05 2016 - 20:32:43 -0500)
vram=16M
Environment size: 4611/131067 bytes
U-Boot# 
- 09:34:48 [INFO] Host: setenv bootargs ''${bootargs}' root=PARTUUID=00000000-02 rw rootfstype=ext4 rootwait '
- 09:34:48 [INFO] Target: 
setenv bootargs ''${bootargs}' root=PARTUUID=00000000-02 rw rootfstype=ext4 rootwait '
U-Boot# 
- 09:34:48 [INFO] Host: printenv
- 09:34:48 [INFO] Target: 
printenv
_initramfs=-
arch=arm
args_mmc=run finduuid;setenv bootargs console=${console} ${optargs} root=PARTUUID=${uuid} rw rootfstype=${mmcrootfstype}
autoload=no
baudrate=115200
board=dra7xx
board_name=dra72x
bootargs=console=ttyO0,115200n8 earlyprintk=serial,ttyO0,115200n8 rootwait  ip=:::::eth0:dhcp  root=PARTUUID=00000000-02 rw rootfstype=ext4 rootwait 
bootcmd=
bootdelay=1
bootdir=/boot
bootenvfile=uEnv.txt
bootfile=zImage
bootm_size=0x10000000
bootpart=0:2
bootscript=echo Running bootscript from mmc${mmcdev} ...; source ${loadaddr}
console=ttyO0,115200n8
cpu=armv7
dfu_alt_info_emmc=rawemmc raw 0 3751936;boot part 1 1;rootfs part 1 2;MLO fat 1 1;MLO.raw raw 0x100 0x100;u-boot.img.raw raw 0x300 0x400;spl-os-args.raw raw 0x80 0x80;spl-os-image.raw raw 0x900 0x2000;spl-os-args fat 1 1;spl-os-image fat 1 1;u-boot.img fat 1 1;uEnv.txt fat 1 1
dfu_alt_info_mmc=boot part 0 1;rootfs part 0 2;MLO fat 0 1;MLO.raw raw 0x100 0x100;u-boot.img.raw raw 0x300 0x400;spl-os-args.raw raw 0x80 0x80;spl-os-image.raw raw 0x900 0x2000;spl-os-args fat 0 1;spl-os-image fat 0 1;u-boot.img fat 0 1;uEnv.txt fat 0 1
dfu_alt_info_qspi=MLO raw 0x0 0x010000;MLO.backup1 raw 0x010000 0x010000;MLO.backup2 raw 0x020000 0x010000;MLO.backup3 raw 0x030000 0x010000;u-boot.img raw 0x040000 0x0100000;u-boot-spl-os raw 0x140000 0x080000;u-boot-env raw 0x1C0000 0x010000;u-boot-env.backup raw 0x1D0000 0x010000;kernel raw 0x1E0000 0x800000
dfu_alt_info_ram=kernel ram 0x80200000 0x4000000;fdt ram 0x80f80000 0x80000;ramdisk ram 0x81000000 0x4000000
dfu_bufsiz=0x10000
dnsip=192.0.2.2
dnsip2=192.0.2.3
dofastboot=0
envboot=mmc dev ${mmcdev}; if mmc rescan; then echo SD/MMC found on device ${mmcdev};if run loadbootscript; then run bootscript;else if run loadbootenv; then echo Loaded env from ${bootenvfile};run importbootenv;fi;if test -n $uenvcmd; then echo Running uenvcmd ...;run uenvcmd;fi;fi;fi;
eth1addr=b4:99:4c:d1:cd:8d
ethact=cpsw
ethaddr=b4:99:4c:d1:cd:8c
fdt_addr_r=0x88000000
fdtaddr=0x88000000
fdtfile=undefined
fileaddr=88000000
filesize=14c99
findfdt=if test $board_name = omap5_uevm; then setenv fdtfile omap5-uevm.dtb; fi; if test $board_name = dra7xx; then setenv fdtfile dra7-evm.dtb; fi;if test $board_name = dra72x; then setenv fdtfile dra72-evm.dtb; fi;if test $board_name = beagle_x15; then setenv fdtfile am57xx-beagle-x15.dtb; fi;if test $board_name = beagle_x15_es2plus; then setenv fdtfile am57xx-beagle-x15-es2plus.dtb; fi;if test $board_name = am57xx_evm; then setenv fdtfile am57xx-evm.dtb; fi;if test $board_name = am57xx_evm_es2plus; then setenv fdtfile am57xx-evm-es2plus.dtb; fi;if test $board_name = am572x_idk; then setenv fdtfile am572x-idk.dtb; fi;if test $board_name = am571x_idk; then setenv fdtfile am571x-idk.dtb; fi;if test $board_name = am572x_idk_osd; then setenv fdtfile am572x-idk-lcd-osd.dtb; fi;if test $board_name = am571x_idk_osd; then setenv fdtfile am571x-idk-lcd-osd.dtb; fi;if test $fdtfile = undefined; then echo WARNING: Could not determine device tree to use; fi; 
finduuid=part uuid mmc 0:2 uuid
gatewayip=192.168.0.1
importbootenv=echo Importing environment from mmc${mmcdev} ...; env import -t ${loadaddr} ${filesize}
ipaddr=192.168.0.140
kernel_addr_r=0x82000000
loadaddr=0x82000000
loadbootenv=fatload mmc ${mmcdev} ${loadaddr} ${bootenvfile}
loadbootscript=fatload mmc ${mmcdev} ${loadaddr} boot.scr
loadfdt=load mmc ${bootpart} ${fdtaddr} ${bootdir}/${fdtfile};
loadimage=load mmc ${bootpart} ${loadaddr} ${bootdir}/${bootfile}
mmcboot=mmc dev ${mmcdev}; if mmc rescan; then echo SD/MMC found on device ${mmcdev};if run loadimage; then run loadfdt; echo Booting from mmc${mmcdev} ...; run args_mmc; bootz ${loadaddr} - ${fdtaddr}; fi;fi;
mmcdev=0
mmcrootfstype=ext4 rootwait
netargs=setenv bootargs console=${console} ${optargs} root=/dev/nfs nfsroot=${serverip}:${rootpath},${nfsopts} rw ip=dhcp
netboot=echo Booting from network ...; setenv autoload no; dhcp; run netloadimage; run netloadfdt; run netargs; bootz ${loadaddr} - ${fdtaddr}
netloadfdt=tftp ${fdtaddr} ${fdtfile}
netloadimage=tftp ${loadaddr} ${bootfile}
netmask=255.255.255.0
nfsopts=nolock
partitions=uuid_disk=${uuid_gpt_disk};name=rootfs,start=2MiB,size=-,uuid=${uuid_gpt_rootfs}
ramdisk_addr_r=0x88080000
rdaddr=0x88080000
rootpath=/export/rootfs
scsidevs=0
serial#=0700f016014e3537
serverip=192.168.0.1
soc=omap5
static_ip=${ipaddr}:${serverip}:${gatewayip}:${netmask}:${hostname}::off
stderr=serial
stdin=serial
stdout=serial
usbtty=cdc_acm
vendor=ti
ver=U-Boot 2015.07 (Feb 05 2016 - 20:32:43 -0500)
vram=16M
Environment size: 4666/131067 bytes
U-Boot# 
- 09:34:48 [INFO] Host: setenv bootcmd ''${bootcmd}' if iminfo ${loadaddr}; then bootm ${loadaddr} ${_initramfs} ${fdtaddr}; else bootz ${loadaddr} ${_initramfs} ${fdtaddr}; bootm ${loadaddr} ${_initramfs} ${fdtaddr}; fi'
- 09:34:49 [INFO] Target: 
setenv bootcmd ''${bootcmd}' if iminfo ${loadaddr}; then bootm ${loadaddr} ${_initramfs} ${fdtaddr}; else bootz ${loadaddr} ${_initramfs} ${fdtaddr}; bootm ${loadaddr} ${_initramfs} ${fdtaddr}; fi'
U-Boot# 
- 09:34:49 [INFO] Host: version
- 09:34:49 [INFO] Target: 
version
U-Boot 2015.07 (Feb 05 2016 - 20:32:43 -0500)
arm-linux-gnueabihf-gcc (Linaro GCC 4.9-2015.05) 4.9.3 20150413 (prerelease)
GNU ld (GNU Binutils) Linaro 2014.11-3-git 2.24.0.20141017
U-Boot# 
- 09:34:49 [INFO] Host: bdinfo
- 09:34:49 [INFO] Target: 
bdinfo
arch_number = 0x00000000
boot_params = 0x80000100
DRAM bank   = 0x00000000
-> start    = 0x80000000
-> size     = 0x40000000
DRAM bank   = 0x00000001
-> start    = 0x00000000
-> size     = 0x00000000
eth0name    = cpsw
ethaddr     = b4:99:4c:d1:cd:8c
current eth = cpsw
ip_addr     = 192.168.0.140
baudrate    = 115200 bps
TLB addr    = 0xBFFF0000
relocaddr   = 0xBFF5F000
reloc off   = 0x3F75F000
irq_sp      = 0xBEF3EEC0
sp start    = 0xBEF3EEB0
U-Boot# 
- 09:34:49 [INFO] Host: mmc rescan; echo $?
- 09:34:49 [INFO] Target: 
mmc rescan; echo $?
U-Boot# 
- 09:34:49 [INFO] Host: fatwrite mmc 0:1 ${loadaddr} ws-calibrate.rules 4
- 09:34:49 [INFO] Target: 
fatwrite mmc 0:1 ${loadaddr} ws-calibrate.rules 4
writing ws-calibrate.rules
4 bytes written
U-Boot# 
- 09:34:49 [INFO] Host: boot
- 09:35:27 [INFO] Target: 
boot
## Checking Image at 82000000 ...
Unknown image format!
Kernel image @ 0x82000000 [ 0x000000 - 0x399078 ]
## Flattened Device Tree blob at 88000000
   Booting using the fdt blob at 0x88000000
   Loading Device Tree to 8ffe8000, end 8ffffc98 ... OK
Starting kernel ...
[    0.000000] Booting Linux on physical CPU 0x0
[    0.000000] Linux version 4.6.0-rc3-next-20160413-00002-gbe7d49a207a0 (nmenon@horus) (gcc version 4.9.3 20150413 (prerelease) (Linaro GCC 4.9-2015.05) ) #1 SMP Wed Apr 13 00:30:43 CDT 2016
[    0.000000] CPU: ARMv7 Processor [412fc0f2] revision 2 (ARMv7), cr=10c5387d
[    0.000000] CPU: div instructions available: patching division code
[    0.000000] CPU: PIPT / VIPT nonaliasing data cache, PIPT instruction cache
[    0.000000] Machine model: TI DRA722
[    0.000000] cma: Reserved 16 MiB at 0xbe800000
[    0.000000] Memory policy: Data cache writealloc
[    0.000000] OMAP4: Map 0xbfe00000 to fe600000 for dram barrier
[    0.000000] DRA722 ES1.0
[    0.000000] percpu: Embedded 14 pages/cpu @ef68c000 s25280 r8192 d23872 u57344
[    0.000000] Built 1 zonelists in Zone order, mobility grouping on.  Total pages: 259904
[    0.000000] Kernel command line: console=ttyO0,115200n8 earlyprintk=serial,ttyO0,115200n8 rootwait  ip=:::::eth0:dhcp  root=PARTUUID=00000000-02 rw rootfstype=ext4 rootwait 
[    0.000000] PID hash table entries: 4096 (order: 2, 16384 bytes)
[    0.000000] Dentry cache hash table entries: 131072 (order: 7, 524288 bytes)
[    0.000000] Inode-cache hash table entries: 65536 (order: 6, 262144 bytes)
[    0.000000] Memory: 999404K/1046528K available (7349K kernel code, 792K rwdata, 2340K rodata, 1024K init, 8118K bss, 30740K reserved, 16384K cma-reserved, 243712K highmem)
[    0.000000] Virtual kernel memory layout:
[    0.000000]     vector  : 0xffff0000 - 0xffff1000   (   4 kB)
[    0.000000]     fixmap  : 0xffc00000 - 0xfff00000   (3072 kB)
[    0.000000]     vmalloc : 0xf0800000 - 0xff800000   ( 240 MB)
[    0.000000]     lowmem  : 0xc0000000 - 0xf0000000   ( 768 MB)
[    0.000000]     pkmap   : 0xbfe00000 - 0xc0000000   (   2 MB)
[    0.000000]     modules : 0xbf000000 - 0xbfe00000   (  14 MB)
[    0.000000]       .text : 0xc0008000 - 0xc0a76628   (10682 kB)
[    0.000000]       .init : 0xc0b00000 - 0xc0c00000   (1024 kB)
[    0.000000]       .data : 0xc0c00000 - 0xc0cc60a4   ( 793 kB)
[    0.000000]        .bss : 0xc0cc8000 - 0xc14b5878   (8119 kB)
[    0.000000] Running RCU self tests
[    0.000000] Hierarchical RCU implementation.
[    0.000000] 	RCU lockdep checking is enabled.
[    0.000000] 	Build-time adjustment of leaf fanout to 32.
[    0.000000] 	RCU restricting CPUs from NR_CPUS=2 to nr_cpu_ids=1.
[    0.000000] RCU: Adjusting geometry for rcu_fanout_leaf=32, nr_cpu_ids=1
[    0.000000] NR_IRQS:16 nr_irqs:16 16
[    0.000000] OMAP clockevent source: timer1 at 32786 Hz
[    0.000000] Architected cp15 timer(s) running at 6.14MHz (virt).
[    0.000000] clocksource: arch_sys_counter: mask: 0xffffffffffffff max_cycles: 0x16af5adb9, max_idle_ns: 440795202250 ns
[    0.000004] sched_clock: 56 bits at 6MHz, resolution 162ns, wraps every 4398046511023ns
[    0.000014] Switching to timer-based delay loop, resolution 162ns
[    0.000438] clocksource: 32k_counter: mask: 0xffffffff max_cycles: 0xffffffff, max_idle_ns: 58327039986419 ns
[    0.000447] OMAP clocksource: 32k_counter at 32768 Hz
[    0.001341] Console: colour dummy device 80x30
[    0.001375] Lock dependency validator: Copyright (c) 2006 Red Hat, Inc., Ingo Molnar
[    0.001382] ... MAX_LOCKDEP_SUBCLASSES:  8
[    0.001388] ... MAX_LOCK_DEPTH:          48
[    0.001394] ... MAX_LOCKDEP_KEYS:        8191
[    0.001400] ... CLASSHASH_SIZE:          4096
[    0.001405] ... MAX_LOCKDEP_ENTRIES:     32768
[    0.001410] ... MAX_LOCKDEP_CHAINS:      65536
[    0.001415] ... CHAINHASH_SIZE:          32768
[    0.001421]  memory used by lock dependency info: 5167 kB
[    0.001426]  per task-struct memory footprint: 1536 bytes
[    0.001444] Calibrating delay loop (skipped), value calculated using timer frequency.. 12.29 BogoMIPS (lpj=61475)
[    0.001456] pid_max: default: 32768 minimum: 301
[    0.001743] Security Framework initialized
[    0.001840] Mount-cache hash table entries: 2048 (order: 1, 8192 bytes)
[    0.001851] Mountpoint-cache hash table entries: 2048 (order: 1, 8192 bytes)
[    0.004193] CPU: Testing write buffer coherency: ok
[    0.005314] /cpus/cpu@0 missing clock-frequency property
[    0.005327] CPU0: thread -1, cpu 0, socket 0, mpidr 80000000
[    0.005351] Setting up static identity map for 0x80100000 - 0x80100070
[    0.008058] Brought up 1 CPUs
[    0.008068] SMP: Total of 1 processors activated (12.29 BogoMIPS).
[    0.008075] CPU: All CPU(s) started in SVC mode.
[    0.010706] devtmpfs: initialized
[    0.077439] VFP support v0.3: implementor 41 architecture 4 part 30 variant f rev 0
[    0.078037] clocksource: jiffies: mask: 0xffffffff max_cycles: 0xffffffff, max_idle_ns: 19112604462750000 ns
[    0.078578] pinctrl core: initialized pinctrl subsystem
[    0.082408] NET: Registered protocol family 16
[    0.086334] DMA: preallocated 256 KiB pool for atomic coherent allocations
[    0.087886] omap_hwmod: l3_main_2 using broken dt data from ocp
[    0.241596] omap_hwmod: epwmss0: no dt node
[    0.241606] ------------[ cut here ]------------
[    0.241622] WARNING: CPU: 0 PID: 1 at arch/arm/mach-omap2/omap_hwmod.c:2497 _init+0x1d0/0x41c
[    0.241629] omap_hwmod: epwmss0: doesn't have mpu register target base
[    0.241635] Modules linked in:
[    0.241649] CPU: 0 PID: 1 Comm: swapper/0 Not tainted 4.6.0-rc3-next-20160413-00002-gbe7d49a207a0 #1
[    0.241657] Hardware name: Generic DRA72X (Flattened Device Tree)
[    0.241677] [<c01101dc>] (unwind_backtrace) from [<c010c2ac>] (show_stack+0x10/0x14)
[    0.241692] [<c010c2ac>] (show_stack) from [<c047e8fc>] (dump_stack+0xb0/0xe4)
[    0.241708] [<c047e8fc>] (dump_stack) from [<c0137644>] (__warn+0xd4/0x100)
[    0.241721] [<c0137644>] (__warn) from [<c01376a4>] (warn_slowpath_fmt+0x34/0x44)
[    0.241733] [<c01376a4>] (warn_slowpath_fmt) from [<c0b0e9ac>] (_init+0x1d0/0x41c)
[    0.241746] [<c0b0e9ac>] (_init) from [<c0121ac4>] (omap_hwmod_for_each+0x34/0x60)
[    0.241759] [<c0121ac4>] (omap_hwmod_for_each) from [<c0b0ef30>] (__omap_hwmod_setup_all+0x24/0x40)
[    0.241770] [<c0b0ef30>] (__omap_hwmod_setup_all) from [<c010185c>] (do_one_initcall+0x3c/0x178)
[    0.241782] [<c010185c>] (do_one_initcall) from [<c0b00e94>] (kernel_init_freeable+0x218/0x2e8)
[    0.241796] [<c0b00e94>] (kernel_init_freeable) from [<c07a3010>] (kernel_init+0x8/0x118)
[    0.241809] [<c07a3010>] (kernel_init) from [<c01078d0>] (ret_from_fork+0x14/0x24)
[    0.241831] ---[ end trace 8818dfbbb19e4392 ]---
[    0.243594] omap_hwmod: epwmss1: no dt node
[    0.243600] ------------[ cut here ]------------
[    0.243611] WARNING: CPU: 0 PID: 1 at arch/arm/mach-omap2/omap_hwmod.c:2497 _init+0x1d0/0x41c
[    0.243617] omap_hwmod: epwmss1: doesn't have mpu register target base
[    0.243622] Modules linked in:
[    0.243635] CPU: 0 PID: 1 Comm: swapper/0 Tainted: G        W       4.6.0-rc3-next-20160413-00002-gbe7d49a207a0 #1
[    0.243641] Hardware name: Generic DRA72X (Flattened Device Tree)
[    0.243654] [<c01101dc>] (unwind_backtrace) from [<c010c2ac>] (show_stack+0x10/0x14)
[    0.243666] [<c010c2ac>] (show_stack) from [<c047e8fc>] (dump_stack+0xb0/0xe4)
[    0.243680] [<c047e8fc>] (dump_stack) from [<c0137644>] (__warn+0xd4/0x100)
[    0.243692] [<c0137644>] (__warn) from [<c01376a4>] (warn_slowpath_fmt+0x34/0x44)
[    0.243703] [<c01376a4>] (warn_slowpath_fmt) from [<c0b0e9ac>] (_init+0x1d0/0x41c)
[    0.243715] [<c0b0e9ac>] (_init) from [<c0121ac4>] (omap_hwmod_for_each+0x34/0x60)
[    0.243726] [<c0121ac4>] (omap_hwmod_for_each) from [<c0b0ef30>] (__omap_hwmod_setup_all+0x24/0x40)
[    0.243737] [<c0b0ef30>] (__omap_hwmod_setup_all) from [<c010185c>] (do_one_initcall+0x3c/0x178)
[    0.243747] [<c010185c>] (do_one_initcall) from [<c0b00e94>] (kernel_init_freeable+0x218/0x2e8)
[    0.243759] [<c0b00e94>] (kernel_init_freeable) from [<c07a3010>] (kernel_init+0x8/0x118)
[    0.243772] [<c07a3010>] (kernel_init) from [<c01078d0>] (ret_from_fork+0x14/0x24)
[    0.243779] ---[ end trace 8818dfbbb19e4393 ]---
[    0.245522] omap_hwmod: epwmss2: no dt node
[    0.245527] ------------[ cut here ]------------
[    0.245537] WARNING: CPU: 0 PID: 1 at arch/arm/mach-omap2/omap_hwmod.c:2497 _init+0x1d0/0x41c
[    0.245543] omap_hwmod: epwmss2: doesn't have mpu register target base
[    0.245548] Modules linked in:
[    0.245559] CPU: 0 PID: 1 Comm: swapper/0 Tainted: G        W       4.6.0-rc3-next-20160413-00002-gbe7d49a207a0 #1
[    0.245565] Hardware name: Generic DRA72X (Flattened Device Tree)
[    0.245577] [<c01101dc>] (unwind_backtrace) from [<c010c2ac>] (show_stack+0x10/0x14)
[    0.245589] [<c010c2ac>] (show_stack) from [<c047e8fc>] (dump_stack+0xb0/0xe4)
[    0.245601] [<c047e8fc>] (dump_stack) from [<c0137644>] (__warn+0xd4/0x100)
[    0.245614] [<c0137644>] (__warn) from [<c01376a4>] (warn_slowpath_fmt+0x34/0x44)
[    0.245625] [<c01376a4>] (warn_slowpath_fmt) from [<c0b0e9ac>] (_init+0x1d0/0x41c)
[    0.245637] [<c0b0e9ac>] (_init) from [<c0121ac4>] (omap_hwmod_for_each+0x34/0x60)
[    0.245648] [<c0121ac4>] (omap_hwmod_for_each) from [<c0b0ef30>] (__omap_hwmod_setup_all+0x24/0x40)
[    0.245658] [<c0b0ef30>] (__omap_hwmod_setup_all) from [<c010185c>] (do_one_initcall+0x3c/0x178)
[    0.245668] [<c010185c>] (do_one_initcall) from [<c0b00e94>] (kernel_init_freeable+0x218/0x2e8)
[    0.245680] [<c0b00e94>] (kernel_init_freeable) from [<c07a3010>] (kernel_init+0x8/0x118)
[    0.245693] [<c07a3010>] (kernel_init) from [<c01078d0>] (ret_from_fork+0x14/0x24)
[    0.245699] ---[ end trace 8818dfbbb19e4394 ]---
[    0.347274] cpuidle: using governor menu
[    0.363403] OMAP GPIO hardware version 0.1
[    0.379862] irq: no irq domain found for /ocp/l4@4a000000/scm@2000/pinmux@1400 !
[    0.399876] omap-gpmc 50000000.gpmc: could not find pctldev for node /ocp/l4@4a000000/scm@2000/pinmux@1400/nand_default, deferring probe
[    0.408655] No ATAGs?
[    0.408689] hw-breakpoint: found 5 (+1 reserved) breakpoint and 4 watchpoint registers.
[    0.408698] hw-breakpoint: maximum watchpoint size is 8 bytes.
[    0.409143] omap4_sram_init:Unable to allocate sram needed to handle errata I688
[    0.409154] omap4_sram_init:Unable to get sram pool needed to handle errata I688
[    0.410412] OMAP DMA hardware revision 0.0
[    0.438210] omap-dma-engine 4a056000.dma-controller: OMAP DMA engine driver
[    0.439696] edma 43300000.edma: memcpy is disabled
[    0.453052] edma 43300000.edma: TI EDMA DMA engine driver
[    0.454766] aic_dvdd: supplied by evm_3v3
[    0.459427] SCSI subsystem initialized
[    0.460736] omap_i2c 48070000.i2c: could not find pctldev for node /ocp/l4@4a000000/scm@2000/pinmux@1400/pinmux_i2c1_pins, deferring probe
[    0.460802] omap_i2c 4807c000.i2c: could not find pctldev for node /ocp/l4@4a000000/scm@2000/pinmux@1400/pinmux_i2c5_pins, deferring probe
[    0.461007] pps_core: LinuxPPS API ver. 1 registered
[    0.461015] pps_core: Software ver. 5.3.6 - Copyright 2005-2007 Rodolfo Giometti <giometti@linux.it>
[    0.461050] PTP clock support registered
[    0.463996] clocksource: Switched to clocksource arch_sys_counter
[    0.541111] VFS: Disk quotas dquot_6.6.0
[    0.541215] VFS: Dquot-cache hash table entries: 1024 (order 0, 4096 bytes)
[    0.564692] NET: Registered protocol family 2
[    0.565934] TCP established hash table entries: 8192 (order: 3, 32768 bytes)
[    0.566068] TCP bind hash table entries: 8192 (order: 6, 294912 bytes)
[    0.568316] TCP: Hash tables configured (established 8192 bind 8192)
[    0.568468] UDP hash table entries: 512 (order: 3, 40960 bytes)
[    0.568774] UDP-Lite hash table entries: 512 (order: 3, 40960 bytes)
[    0.569599] NET: Registered protocol family 1
[    0.570634] RPC: Registered named UNIX socket transport module.
[    0.570645] RPC: Registered udp transport module.
[    0.570653] RPC: Registered tcp transport module.
[    0.570660] RPC: Registered tcp NFSv4.1 backchannel transport module.
[    0.572822] hw perfevents: enabled with armv7_cortex_a15 PMU driver, 7 counters available
[    0.577278] futex hash table entries: 256 (order: 2, 16384 bytes)
[    0.577420] audit: initializing netlink subsys (disabled)
[    0.577540] audit: type=2000 audit(0.569:1): initialized
[    0.580505] workingset: timestamp_bits=12 max_order=18 bucket_order=6
[    0.582247] NFS: Registering the id_resolver key type
[    0.582472] Key type id_resolver registered
[    0.582482] Key type id_legacy registered
[    0.582583] jffs2: version 2.2. (NAND) (SUMMARY)   2001-2006 Red Hat, Inc.
[    0.586204] bounce: pool size: 64 pages
[    0.586256] io scheduler noop registered
[    0.586265] io scheduler deadline registered
[    0.586295] io scheduler cfq registered (default)
[    0.592995] pinctrl-single 4a003400.pinmux: 282 pins at pa fc003400 size 1128
[    0.599402] Serial: 8250/16550 driver, 4 ports, IRQ sharing enabled
[    0.604374] 4806a000.serial: ttyO0 at MMIO 0x4806a000 (irq = 301, base_baud = 3000000) is a OMAP UART0
[    1.803161] console [ttyO0] enabled
[    1.833349] brd: module loaded
[    1.851741] loop: module loaded
[    1.857319] ahci 4a140000.sata: SSS flag set, parallel bus scan disabled
[    1.864375] ahci 4a140000.sata: AHCI 0001.0300 32 slots 1 ports 3 Gbps 0x1 impl platform mode
[    1.873288] ahci 4a140000.sata: flags: 64bit ncq sntf stag pm led clo only pmp pio slum part ccc apst 
[    1.885778] scsi host0: ahci
[    1.889712] ata1: SATA max UDMA/133 mmio [mem 0x4a140000-0x4a1410ff] port 0x100 irq 332
[    1.898825] mtdoops: mtd device (mtddev=name/number) must be supplied
[    1.910624] cpsw 48484000.ethernet: gpio request failed, ret -517
[    1.919516] mousedev: PS/2 mouse device common for all mice
[    1.925368] i2c /dev entries driver
[    1.930226] omap_hsmmc 4809c000.mmc: Got CD GPIO
[    1.974251] ledtrig-cpu: registered to indicate activity on CPUs
[    1.983265] oprofile: using timer interrupt.
[    1.988072] Initializing XFRM netlink socket
[    1.992765] NET: Registered protocol family 10
[    1.999720] sit: IPv6 over IPv4 tunneling driver
[    2.006119] NET: Registered protocol family 17
[    2.010804] NET: Registered protocol family 15
[    2.015686] Key type dns_resolver registered
[    2.020283] omap_voltage_late_init: Voltage driver support not added
[    2.026952] sr_dev_init: Unable to get voltage domain pointer for VDD core
[    2.034146] sr_dev_init: Unable to get voltage domain pointer for VDD mpu
[    2.041893] Power Management for TI OMAP4+ devices.
[    2.047338] ThumbEE CPU extension supported.
[    2.051833] Registering SWP/SWPB emulation handler
[    2.056869] SmartReflex Class3 initialized
[    2.068492] omap-gpmc 50000000.gpmc: GPMC revision 6.0
[    2.074135] gpmc_mem_init: disabling cs 0 mapped at 0x0-0x1000000
[    2.082049] nand: device found, Manufacturer ID: 0x2c, Chip ID: 0xca
[    2.088741] nand: Micron MT29F2G16ABAEAWP
[    2.092943] nand: 256 MiB, SLC, erase size: 128 KiB, page size: 2048, OOB size: 64
[    2.100981] nand: using OMAP_ECC_BCH8_CODE_HW ECC scheme
[    2.106754] 10 ofpart partitions found on MTD device omap2-nand.0
[    2.113139] Creating 10 MTD partitions on "omap2-nand.0":
[    2.118821] 0x000000000000-0x000000020000 : "NAND.SPL"
[    2.129121] 0x000000020000-0x000000040000 : "NAND.SPL.backup1"
[    2.141465] 0x000000040000-0x000000060000 : "NAND.SPL.backup2"
[    2.150573] 0x000000060000-0x000000080000 : "NAND.SPL.backup3"
[    2.159844] 0x000000080000-0x0000000c0000 : "NAND.u-boot-spl-os"
[    2.169338] 0x0000000c0000-0x0000001c0000 : "NAND.u-boot"
[    2.178672] 0x0000001c0000-0x0000001e0000 : "NAND.u-boot-env"
[    2.187791] 0x0000001e0000-0x000000200000 : "NAND.u-boot-env.backup1"
[    2.197644] 0x000000200000-0x000000a00000 : "NAND.kernel"
[    2.211396] mmc0: new high speed MMC card at address 0001
[    2.219960] 0x000000a00000-0x000010000000 : "NAND.file-system"
[    2.434262] ata1: SATA link down (SStatus 0 SControl 300)
[    2.440941] mmcblk0: mmc0:0001 MMC08G 7.25 GiB 
[    2.446386] mmcblk0boot0: mmc0:0001 MMC08G partition 1 8.00 MiB
[    2.453170] mmcblk0boot1: mmc0:0001 MMC08G partition 2 8.00 MiB
[    2.462023]  mmcblk0: p1 p2 p3
[    2.476519] palmas 0-0058: Irq flag is 0x00000000
[    2.498598] palmas 0-0058: Muxing GPIO 1d, PWM 0, LED 0
[    2.522360] ldo2: Bringing 0uV into 1800000-1800000uV
[    2.543010] pcf857x 0-0021: probed
[    2.546983] omap_i2c 48070000.i2c: bus 0 rev0.12 at 400 kHz
[    2.584469] GPIO line 481 (vin6_sel_s0) hogged as output/low
[    2.591019] pcf857x 4-0026: probed
[    2.594651] omap_i2c 4807c000.i2c: bus 4 rev0.12 at 400 kHz
[    2.643983] davinci_mdio 48485000.mdio: davinci mdio revision 1.6
[    2.650373] davinci_mdio 48485000.mdio: detected phy mask fffffff7
[    2.660267] libphy: 48485000.mdio: probed
[    2.664508] davinci_mdio 48485000.mdio: phy[3]: device 48485000.mdio:03, driver unknown
[    2.673752] cpsw 48484000.ethernet: Detected MACID = b4:99:4c:d1:cd:8c
[    2.683640] omap_hsmmc 4809c000.mmc: Got CD GPIO
[    2.691644] omap_hsmmc 4809c000.mmc: Got CD GPIO
[    2.735627] hctosys: unable to open rtc device (rtc0)
[    2.740926] sr_init: No PMIC hook to init smartreflex
[    2.746460] sr_init: platform driver register failed for SR
[    2.794641] net eth0: initializing cpsw version 1.15 (0)
[    2.878121] Generic PHY 48485000.mdio:03: attached PHY driver [Generic PHY] (mii_bus:phy_addr=48485000.mdio:03, irq=-1)
[    2.897453] IPv6: ADDRCONF(NETDEV_UP): eth0: link is not ready
[    2.973327] mmc1: host does not support reading read-only switch, assuming write-enable
[    2.985269] mmc1: new high speed SDHC card at address aaaa
[    2.992111] mmcblk1: mmc1:aaaa SL08G 7.40 GiB 
[    3.014973]  mmcblk1: p1 p2 p3
[    6.881116] cpsw 48484000.ethernet eth0: Link is Up - 1Gbps/Full - flow control rx/tx
[    6.894025] IPv6: ADDRCONF(NETDEV_CHANGE): eth0: link becomes ready
[    6.913969] Sending DHCP requests ., OK
[    6.934483] IP-Config: Got DHCP answer from 192.168.0.1, my address is 192.168.0.140
[    6.942966] IP-Config: Complete:
[    6.946394]      device=eth0, hwaddr=b4:99:4c:d1:cd:8c, ipaddr=192.168.0.140, mask=255.255.255.0, gw=192.168.0.1
[    6.957075]      host=192.168.0.140, domain=ti.com, nis-domain=(none)
[    6.963825]      bootserver=0.0.0.0, rootserver=0.0.0.0, rootpath=     nameserver0=192.0.2.2, nameserver1=192.0.2.3
[    6.974989] aic_dvdd: disabling
[    6.979342] ldo4: disabling
[    7.019248] EXT4-fs (mmcblk1p2): mounted filesystem with ordered data mode. Opts: (null)
[    7.027842] VFS: Mounted root (ext4 filesystem) on device 179:26.
[    7.046737] devtmpfs: mounted
[    7.051018] Freeing unused kernel memory: 1024K (c0b00000 - c0c00000)
INIT: version 2.88 booting
Error opening /dev/fb0: No such file or directory
[    7.561865] omap2-nand omap2-nand.0: uncorrectable bit-flips found
[    7.568413] omap2-nand omap2-nand.0: uncorrectable bit-flips found
[    7.574913] omap2-nand omap2-nand.0: uncorrectable bit-flips found
[    7.581402] omap2-nand omap2-nand.0: uncorrectable bit-flips found
[    7.587971] blk_update_request: I/O error, dev mtdblock0, sector 8
[    7.595511] omap2-nand omap2-nand.0: uncorrectable bit-flips found
[    7.601996] omap2-nand omap2-nand.0: uncorrectable bit-flips found
[    7.608519] omap2-nand omap2-nand.0: uncorrectable bit-flips found
[    7.615028] omap2-nand omap2-nand.0: uncorrectable bit-flips found
[    7.621518] blk_update_request: I/O error, dev mtdblock0, sector 8
[    7.628046] Buffer I/O error on dev mtdblock0, logical block 1, async page read
[    7.637277] omap2-nand omap2-nand.0: uncorrectable bit-flips found
[    7.643766] omap2-nand omap2-nand.0: uncorrectable bit-flips found
[    7.650273] omap2-nand omap2-nand.0: uncorrectable bit-flips found
[    7.656766] omap2-nand omap2-nand.0: uncorrectable bit-flips found
[    7.663251] blk_update_request: I/O error, dev mtdblock1, sector 8
[    7.670377] omap2-nand omap2-nand.0: uncorrectable bit-flips found
[    7.676881] omap2-nand omap2-nand.0: uncorrectable bit-flips found
[    7.683357] omap2-nand omap2-nand.0: uncorrectable bit-flips found
[    7.689852] omap2-nand omap2-nand.0: uncorrectable bit-flips found
[    7.696360] blk_update_request: I/O error, dev mtdblock1, sector 8
[    7.702841] Buffer I/O error on dev mtdblock1, logical block 1, async page read
[    7.711793] omap2-nand omap2-nand.0: uncorrectable bit-flips found
[    7.718305] omap2-nand omap2-nand.0: uncorrectable bit-flips found
[    7.724806] omap2-nand omap2-nand.0: uncorrectable bit-flips found
[    7.731281] omap2-nand omap2-nand.0: uncorrectable bit-flips found
[    7.737776] blk_update_request: I/O error, dev mtdblock2, sector 8
[    7.744891] omap2-nand omap2-nand.0: uncorrectable bit-flips found
[    7.751377] omap2-nand omap2-nand.0: uncorrectable bit-flips found
[    7.757880] omap2-nand omap2-nand.0: uncorrectable bit-flips found
[    7.764367] omap2-nand omap2-nand.0: uncorrectable bit-flips found
[    7.770856] blk_update_request: I/O error, dev mtdblock2, sector 8
[    7.777337] Buffer I/O error on dev mtdblock2, logical block 1, async page read
[    7.786298] omap2-nand omap2-nand.0: uncorrectable bit-flips found
[    7.792778] omap2-nand omap2-nand.0: uncorrectable bit-flips found
[    7.799284] omap2-nand omap2-nand.0: uncorrectable bit-flips found
[    7.805778] omap2-nand omap2-nand.0: uncorrectable bit-flips found
[    7.812258] blk_update_request: I/O error, dev mtdblock3, sector 8
[    7.819368] omap2-nand omap2-nand.0: uncorrectable bit-flips found
[    7.825872] omap2-nand omap2-nand.0: uncorrectable bit-flips found
[    7.832353] omap2-nand omap2-nand.0: uncorrectable bit-flips found
[    7.838845] omap2-nand omap2-nand.0: uncorrectable bit-flips found
[    7.845350] blk_update_request: I/O error, dev mtdblock3, sector 8
[    7.851830] Buffer I/O error on dev mtdblock3, logical block 1, async page read
[    7.861011] omap2-nand omap2-nand.0: uncorrectable bit-flips found
[    7.867525] omap2-nand omap2-nand.0: uncorrectable bit-flips found
[    7.874021] omap2-nand omap2-nand.0: uncorrectable bit-flips found
[    7.880504] omap2-nand omap2-nand.0: uncorrectable bit-flips found
[    7.887005] blk_update_request: I/O error, dev mtdblock4, sector 8
[    7.900258] omap2-nand omap2-nand.0: uncorrectable bit-flips found
[    7.906765] omap2-nand omap2-nand.0: uncorrectable bit-flips found
[    7.913243] omap2-nand omap2-nand.0: uncorrectable bit-flips found
[    7.919736] omap2-nand omap2-nand.0: uncorrectable bit-flips found
[    7.926230] blk_update_request: I/O error, dev mtdblock4, sector 8
[    7.932705] Buffer I/O error on dev mtdblock4, logical block 1, async page read
[    7.941657] omap2-nand omap2-nand.0: uncorrectable bit-flips found
[    7.948160] omap2-nand omap2-nand.0: uncorrectable bit-flips found
[    7.954660] omap2-nand omap2-nand.0: uncorrectable bit-flips found
[    7.961135] omap2-nand omap2-nand.0: uncorrectable bit-flips found
[    7.968237] omap2-nand omap2-nand.0: uncorrectable bit-flips found
[    7.974742] omap2-nand omap2-nand.0: uncorrectable bit-flips found
[    7.981225] omap2-nand omap2-nand.0: uncorrectable bit-flips found
[    7.987723] omap2-nand omap2-nand.0: uncorrectable bit-flips found
[    7.994227] Buffer I/O error on dev mtdblock5, logical block 1, async page read
[    8.003163] omap2-nand omap2-nand.0: uncorrectable bit-flips found
[    8.009682] omap2-nand omap2-nand.0: uncorrectable bit-flips found
[    8.016180] omap2-nand omap2-nand.0: uncorrectable bit-flips found
[    8.022652] omap2-nand omap2-nand.0: uncorrectable bit-flips found
[    8.029750] omap2-nand omap2-nand.0: uncorrectable bit-flips found
[    8.036258] omap2-nand omap2-nand.0: uncorrectable bit-flips found
[    8.042734] omap2-nand omap2-nand.0: uncorrectable bit-flips found
[    8.049229] omap2-nand omap2-nand.0: uncorrectable bit-flips found
[    8.055729] Buffer I/O error on dev mtdblock6, logical block 1, async page read
[    8.065008] omap2-nand omap2-nand.0: uncorrectable bit-flips found
[    8.071495] omap2-nand omap2-nand.0: uncorrectable bit-flips found
[    8.078011] omap2-nand omap2-nand.0: uncorrectable bit-flips found
[    8.084500] omap2-nand omap2-nand.0: uncorrectable bit-flips found
[    8.091592] omap2-nand omap2-nand.0: uncorrectable bit-flips found
[    8.098103] omap2-nand omap2-nand.0: uncorrectable bit-flips found
[    8.104598] omap2-nand omap2-nand.0: uncorrectable bit-flips found
[    8.111079] omap2-nand omap2-nand.0: uncorrectable bit-flips found
[    8.117579] Buffer I/O error on dev mtdblock7, logical block 1, async page read
[    8.126756] omap2-nand omap2-nand.0: uncorrectable bit-flips found
[    8.133238] omap2-nand omap2-nand.0: uncorrectable bit-flips found
[    8.139743] omap2-nand omap2-nand.0: uncorrectable bit-flips found
[    8.146244] omap2-nand omap2-nand.0: uncorrectable bit-flips found
[    8.153330] omap2-nand omap2-nand.0: uncorrectable bit-flips found
[    8.159844] omap2-nand omap2-nand.0: uncorrectable bit-flips found
[    8.166341] omap2-nand omap2-nand.0: uncorrectable bit-flips found
[    8.172825] omap2-nand omap2-nand.0: uncorrectable bit-flips found
[    8.179325] Buffer I/O error on dev mtdblock8, logical block 2032, async page read
[    8.224049] omap2-nand omap2-nand.0: uncorrectable bit-flips found
[    8.230532] omap2-nand omap2-nand.0: uncorrectable bit-flips found
[    8.237040] omap2-nand omap2-nand.0: uncorrectable bit-flips found
[    8.243514] omap2-nand omap2-nand.0: uncorrectable bit-flips found
[    8.250625] omap2-nand omap2-nand.0: uncorrectable bit-flips found
[    8.257143] omap2-nand omap2-nand.0: uncorrectable bit-flips found
[    8.263621] omap2-nand omap2-nand.0: uncorrectable bit-flips found
[    8.270127] omap2-nand omap2-nand.0: uncorrectable bit-flips found
[    8.276632] Buffer I/O error on dev mtdblock9, logical block 62960, async page read
[    8.415043] omap2-nand omap2-nand.0: uncorrectable bit-flips found
[    8.421533] omap2-nand omap2-nand.0: uncorrectable bit-flips found
[    8.428059] omap2-nand omap2-nand.0: uncorrectable bit-flips found
[    8.434570] omap2-nand omap2-nand.0: uncorrectable bit-flips found
[    8.441807] omap2-nand omap2-nand.0: uncorrectable bit-flips found
[    8.448318] omap2-nand omap2-nand.0: uncorrectable bit-flips found
[    8.454814] omap2-nand omap2-nand.0: uncorrectable bit-flips found
[    8.461300] omap2-nand omap2-nand.0: uncorrectable bit-flips found
[    8.468999] omap2-nand omap2-nand.0: uncorrectable bit-flips found
[    8.475517] omap2-nand omap2-nand.0: uncorrectable bit-flips found
[    8.481998] omap2-nand omap2-nand.0: uncorrectable bit-flips found
[    8.488488] omap2-nand omap2-nand.0: uncorrectable bit-flips found
[    8.495621] omap2-nand omap2-nand.0: uncorrectable bit-flips found
[    8.502103] omap2-nand omap2-nand.0: uncorrectable bit-flips found
[    8.508607] omap2-nand omap2-nand.0: uncorrectable bit-flips found
[    8.515100] omap2-nand omap2-nand.0: uncorrectable bit-flips found
[    8.522755] omap2-nand omap2-nand.0: uncorrectable bit-flips found
[    8.529272] omap2-nand omap2-nand.0: uncorrectable bit-flips found
[    8.535770] omap2-nand omap2-nand.0: uncorrectable bit-flips found
[    8.542255] omap2-nand omap2-nand.0: uncorrectable bit-flips found
[    8.549355] omap2-nand omap2-nand.0: uncorrectable bit-flips found
[    8.555865] omap2-nand omap2-nand.0: uncorrectable bit-flips found
[    8.562348] omap2-nand omap2-nand.0: uncorrectable bit-flips found
[    8.568840] omap2-nand omap2-nand.0: uncorrectable bit-flips found
[    8.576500] omap2-nand omap2-nand.0: uncorrectable bit-flips found
[    8.582977] omap2-nand omap2-nand.0: uncorrectable bit-flips found
[    8.589481] omap2-nand omap2-nand.0: uncorrectable bit-flips found
[    8.595979] omap2-nand omap2-nand.0: uncorrectable bit-flips found
[    8.603070] omap2-nand omap2-nand.0: uncorrectable bit-flips found
[    8.609575] omap2-nand omap2-nand.0: uncorrectable bit-flips found
[    8.616061] omap2-nand omap2-nand.0: uncorrectable bit-flips found
[    8.622549] omap2-nand omap2-nand.0: uncorrectable bit-flips found
[    8.630205] omap2-nand omap2-nand.0: uncorrectable bit-flips found
[    8.636716] omap2-nand omap2-nand.0: uncorrectable bit-flips found
[    8.643194] omap2-nand omap2-nand.0: uncorrectable bit-flips found
[    8.649690] omap2-nand omap2-nand.0: uncorrectable bit-flips found
[    8.656787] omap2-nand omap2-nand.0: uncorrectable bit-flips found
[    8.663269] omap2-nand omap2-nand.0: uncorrectable bit-flips found
[    8.669774] omap2-nand omap2-nand.0: uncorrectable bit-flips found
[    8.676268] omap2-nand omap2-nand.0: uncorrectable bit-flips found
[    8.683904] omap2-nand omap2-nand.0: uncorrectable bit-flips found
[    8.690416] omap2-nand omap2-nand.0: uncorrectable bit-flips found
[    8.696915] omap2-nand omap2-nand.0: uncorrectable bit-flips found
[    8.703391] omap2-nand omap2-nand.0: uncorrectable bit-flips found
[    8.710488] omap2-nand omap2-nand.0: uncorrectable bit-flips found
[    8.717002] omap2-nand omap2-nand.0: uncorrectable bit-flips found
[    8.723481] omap2-nand omap2-nand.0: uncorrectable bit-flips found
[    8.729971] omap2-nand omap2-nand.0: uncorrectable bit-flips found
[    8.737621] omap2-nand omap2-nand.0: uncorrectable bit-flips found
[    8.744134] omap2-nand omap2-nand.0: uncorrectable bit-flips found
[    8.750618] omap2-nand omap2-nand.0: uncorrectable bit-flips found
[    8.757117] omap2-nand omap2-nand.0: uncorrectable bit-flips found
[    8.764195] omap2-nand omap2-nand.0: uncorrectable bit-flips found
[    8.770669] omap2-nand omap2-nand.0: uncorrectable bit-flips found
[    8.777175] omap2-nand omap2-nand.0: uncorrectable bit-flips found
[    8.783654] omap2-nand omap2-nand.0: uncorrectable bit-flips found
[    8.791285] omap2-nand omap2-nand.0: uncorrectable bit-flips found
[    8.797788] omap2-nand omap2-nand.0: uncorrectable bit-flips found
[    8.804277] omap2-nand omap2-nand.0: uncorrectable bit-flips found
[    8.810756] omap2-nand omap2-nand.0: uncorrectable bit-flips found
[    8.817846] omap2-nand omap2-nand.0: uncorrectable bit-flips found
[    8.824351] omap2-nand omap2-nand.0: uncorrectable bit-flips found
[    8.830834] omap2-nand omap2-nand.0: uncorrectable bit-flips found
[    8.837328] omap2-nand omap2-nand.0: uncorrectable bit-flips found
[    8.845249] omap2-nand omap2-nand.0: uncorrectable bit-flips found
[    8.851734] omap2-nand omap2-nand.0: uncorrectable bit-flips found
[    8.858234] omap2-nand omap2-nand.0: uncorrectable bit-flips found
[    8.864723] omap2-nand omap2-nand.0: uncorrectable bit-flips found
[    8.872144] omap2-nand omap2-nand.0: uncorrectable bit-flips found
[    8.878660] omap2-nand omap2-nand.0: uncorrectable bit-flips found
[    8.885154] omap2-nand omap2-nand.0: uncorrectable bit-flips found
[    8.891632] omap2-nand omap2-nand.0: uncorrectable bit-flips found
[    9.004485] omap2-nand omap2-nand.0: uncorrectable bit-flips found
[    9.010973] omap2-nand omap2-nand.0: uncorrectable bit-flips found
[    9.017479] omap2-nand omap2-nand.0: uncorrectable bit-flips found
[    9.023973] omap2-nand omap2-nand.0: uncorrectable bit-flips found
[    9.031075] omap2-nand omap2-nand.0: uncorrectable bit-flips found
[    9.037594] omap2-nand omap2-nand.0: uncorrectable bit-flips found
[    9.044101] omap2-nand omap2-nand.0: uncorrectable bit-flips found
[    9.050587] omap2-nand omap2-nand.0: uncorrectable bit-flips found
Starting udev
[    9.339796] udevd[125]: starting version 182
[   14.584536] omap2-nand omap2-nand.0: uncorrectable bit-flips found
[   14.591031] omap2-nand omap2-nand.0: uncorrectable bit-flips found
[   14.597546] omap2-nand omap2-nand.0: uncorrectable bit-flips found
[   14.604049] omap2-nand omap2-nand.0: uncorrectable bit-flips found
[   14.610538] blk_update_request: 30 callbacks suppressed
[   14.616018] blk_update_request: I/O error, dev mtdblock0, sector 8
[   14.726735] omap2-nand omap2-nand.0: uncorrectable bit-flips found
[   14.733218] omap2-nand omap2-nand.0: uncorrectable bit-flips found
[   14.739746] omap2-nand omap2-nand.0: uncorrectable bit-flips found
[   14.746255] omap2-nand omap2-nand.0: uncorrectable bit-flips found
[   14.752751] blk_update_request: I/O error, dev mtdblock0, sector 8
[   14.759231] buffer_io_error: 10 callbacks suppressed
[   14.764440] Buffer I/O error on dev mtdblock0, logical block 1, async page read
[   14.773045] omap2-nand omap2-nand.0: uncorrectable bit-flips found
[   14.779566] omap2-nand omap2-nand.0: uncorrectable bit-flips found
[   14.786059] omap2-nand omap2-nand.0: uncorrectable bit-flips found
[   14.792540] omap2-nand omap2-nand.0: uncorrectable bit-flips found
[   14.799042] blk_update_request: I/O error, dev mtdblock0, sector 8
[   14.805525] Buffer I/O error on dev mtdblock0, logical block 1, async page read
[   14.813950] omap2-nand omap2-nand.0: uncorrectable bit-flips found
[   14.820421] omap2-nand omap2-nand.0: uncorrectable bit-flips found
[   14.826911] omap2-nand omap2-nand.0: uncorrectable bit-flips found
[   14.833402] omap2-nand omap2-nand.0: uncorrectable bit-flips found
[   14.839908] blk_update_request: I/O error, dev mtdblock0, sector 8
[   14.846392] Buffer I/O error on dev mtdblock0, logical block 1, async page read
[   14.854755] omap2-nand omap2-nand.0: uncorrectable bit-flips found
[   14.861236] omap2-nand omap2-nand.0: uncorrectable bit-flips found
[   14.867730] omap2-nand omap2-nand.0: uncorrectable bit-flips found
[   14.874225] omap2-nand omap2-nand.0: uncorrectable bit-flips found
[   14.880707] blk_update_request: I/O error, dev mtdblock0, sector 8
[   14.887185] Buffer I/O error on dev mtdblock0, logical block 1, async page read
[   14.895512] omap2-nand omap2-nand.0: uncorrectable bit-flips found
[   14.902002] omap2-nand omap2-nand.0: uncorrectable bit-flips found
[   14.908497] omap2-nand omap2-nand.0: uncorrectable bit-flips found
[   14.914983] omap2-nand omap2-nand.0: uncorrectable bit-flips found
[   14.921464] blk_update_request: I/O error, dev mtdblock0, sector 8
[   14.927942] Buffer I/O error on dev mtdblock0, logical block 1, async page read
[   14.942069] omap2-nand omap2-nand.0: uncorrectable bit-flips found
[   14.948568] omap2-nand omap2-nand.0: uncorrectable bit-flips found
[   14.955053] omap2-nand omap2-nand.0: uncorrectable bit-flips found
[   14.961532] omap2-nand omap2-nand.0: uncorrectable bit-flips found
[   14.968033] blk_update_request: I/O error, dev mtdblock0, sector 8
[   14.974512] Buffer I/O error on dev mtdblock0, logical block 1, async page read
[   14.986052] omap2-nand omap2-nand.0: uncorrectable bit-flips found
[   14.992538] omap2-nand omap2-nand.0: uncorrectable bit-flips found
[   14.999044] omap2-nand omap2-nand.0: uncorrectable bit-flips found
[   15.005529] omap2-nand omap2-nand.0: uncorrectable bit-flips found
[   15.012020] blk_update_request: I/O error, dev mtdblock1, sector 8
[   15.019268] omap2-nand omap2-nand.0: uncorrectable bit-flips found
[   15.025793] omap2-nand omap2-nand.0: uncorrectable bit-flips found
[   15.032269] omap2-nand omap2-nand.0: uncorrectable bit-flips found
[   15.038770] omap2-nand omap2-nand.0: uncorrectable bit-flips found
[   15.045271] blk_update_request: I/O error, dev mtdblock1, sector 8
[   15.051756] Buffer I/O error on dev mtdblock1, logical block 1, async page read
[   15.060198] omap2-nand omap2-nand.0: uncorrectable bit-flips found
[   15.066721] omap2-nand omap2-nand.0: uncorrectable bit-flips found
[   15.073201] omap2-nand omap2-nand.0: uncorrectable bit-flips found
[   15.079703] omap2-nand omap2-nand.0: uncorrectable bit-flips found
[   15.086205] blk_update_request: I/O error, dev mtdblock1, sector 8
[   15.092680] Buffer I/O error on dev mtdblock1, logical block 1, async page read
[   15.101089] omap2-nand omap2-nand.0: uncorrectable bit-flips found
[   15.107589] omap2-nand omap2-nand.0: uncorrectable bit-flips found
[   15.114087] omap2-nand omap2-nand.0: uncorrectable bit-flips found
[   15.120570] omap2-nand omap2-nand.0: uncorrectable bit-flips found
[   15.127065] Buffer I/O error on dev mtdblock1, logical block 1, async page read
[   15.135425] omap2-nand omap2-nand.0: uncorrectable bit-flips found
[   15.141909] omap2-nand omap2-nand.0: uncorrectable bit-flips found
[   15.148406] omap2-nand omap2-nand.0: uncorrectable bit-flips found
[   15.154904] omap2-nand omap2-nand.0: uncorrectable bit-flips found
[   15.161394] Buffer I/O error on dev mtdblock1, logical block 1, async page read
[   15.169726] omap2-nand omap2-nand.0: uncorrectable bit-flips found
[   15.176223] omap2-nand omap2-nand.0: uncorrectable bit-flips found
[   15.182700] omap2-nand omap2-nand.0: uncorrectable bit-flips found
[   15.189185] omap2-nand omap2-nand.0: uncorrectable bit-flips found
[   15.196342] omap2-nand omap2-nand.0: uncorrectable bit-flips found
[   15.202826] omap2-nand omap2-nand.0: uncorrectable bit-flips found
[   15.209317] omap2-nand omap2-nand.0: uncorrectable bit-flips found
[   15.215808] omap2-nand omap2-nand.0: uncorrectable bit-flips found
[   15.226025] omap2-nand omap2-nand.0: uncorrectable bit-flips found
[   15.232509] omap2-nand omap2-nand.0: uncorrectable bit-flips found
[   15.239016] omap2-nand omap2-nand.0: uncorrectable bit-flips found
[   15.245504] omap2-nand omap2-nand.0: uncorrectable bit-flips found
[   15.253573] omap2-nand omap2-nand.0: uncorrectable bit-flips found
[   15.260096] omap2-nand omap2-nand.0: uncorrectable bit-flips found
[   15.266599] omap2-nand omap2-nand.0: uncorrectable bit-flips found
[   15.273077] omap2-nand omap2-nand.0: uncorrectable bit-flips found
[   15.280320] omap2-nand omap2-nand.0: uncorrectable bit-flips found
[   15.286834] omap2-nand omap2-nand.0: uncorrectable bit-flips found
[   15.293311] omap2-nand omap2-nand.0: uncorrectable bit-flips found
[   15.299806] omap2-nand omap2-nand.0: uncorrectable bit-flips found
[   15.307021] omap2-nand omap2-nand.0: uncorrectable bit-flips found
[   15.313506] omap2-nand omap2-nand.0: uncorrectable bit-flips found
[   15.320014] omap2-nand omap2-nand.0: uncorrectable bit-flips found
[   15.326501] omap2-nand omap2-nand.0: uncorrectable bit-flips found
[   15.333668] omap2-nand omap2-nand.0: uncorrectable bit-flips found
[   15.340164] omap2-nand omap2-nand.0: uncorrectable bit-flips found
[   15.346659] omap2-nand omap2-nand.0: uncorrectable bit-flips found
[   15.353139] omap2-nand omap2-nand.0: uncorrectable bit-flips found
[   15.360268] omap2-nand omap2-nand.0: uncorrectable bit-flips found
[   15.366767] omap2-nand omap2-nand.0: uncorrectable bit-flips found
[   15.373247] omap2-nand omap2-nand.0: uncorrectable bit-flips found
[   15.379730] omap2-nand omap2-nand.0: uncorrectable bit-flips found
[   15.386843] omap2-nand omap2-nand.0: uncorrectable bit-flips found
[   15.393324] omap2-nand omap2-nand.0: uncorrectable bit-flips found
[   15.399815] omap2-nand omap2-nand.0: uncorrectable bit-flips found
[   15.406308] omap2-nand omap2-nand.0: uncorrectable bit-flips found
[   15.416549] omap2-nand omap2-nand.0: uncorrectable bit-flips found
[   15.423033] omap2-nand omap2-nand.0: uncorrectable bit-flips found
[   15.429540] omap2-nand omap2-nand.0: uncorrectable bit-flips found
[   15.436034] omap2-nand omap2-nand.0: uncorrectable bit-flips found
[   15.443257] omap2-nand omap2-nand.0: uncorrectable bit-flips found
[   15.449772] omap2-nand omap2-nand.0: uncorrectable bit-flips found
[   15.456277] omap2-nand omap2-nand.0: uncorrectable bit-flips found
[   15.462758] omap2-nand omap2-nand.0: uncorrectable bit-flips found
[   15.469977] omap2-nand omap2-nand.0: uncorrectable bit-flips found
[   15.476494] omap2-nand omap2-nand.0: uncorrectable bit-flips found
[   15.482968] omap2-nand omap2-nand.0: uncorrectable bit-flips found
[   15.489472] omap2-nand omap2-nand.0: uncorrectable bit-flips found
[   15.496694] omap2-nand omap2-nand.0: uncorrectable bit-flips found
[   15.503174] omap2-nand omap2-nand.0: uncorrectable bit-flips found
[   15.509670] omap2-nand omap2-nand.0: uncorrectable bit-flips found
[   15.516161] omap2-nand omap2-nand.0: uncorrectable bit-flips found
[   15.523305] omap2-nand omap2-nand.0: uncorrectable bit-flips found
[   15.529799] omap2-nand omap2-nand.0: uncorrectable bit-flips found
[   15.536293] omap2-nand omap2-nand.0: uncorrectable bit-flips found
[   15.542771] omap2-nand omap2-nand.0: uncorrectable bit-flips found
[   15.549904] omap2-nand omap2-nand.0: uncorrectable bit-flips found
[   15.556410] omap2-nand omap2-nand.0: uncorrectable bit-flips found
[   15.562886] omap2-nand omap2-nand.0: uncorrectable bit-flips found
[   15.569373] omap2-nand omap2-nand.0: uncorrectable bit-flips found
[   15.576472] omap2-nand omap2-nand.0: uncorrectable bit-flips found
[   15.582954] omap2-nand omap2-nand.0: uncorrectable bit-flips found
[   15.589445] omap2-nand omap2-nand.0: uncorrectable bit-flips found
[   15.595937] omap2-nand omap2-nand.0: uncorrectable bit-flips found
[   15.606130] omap2-nand omap2-nand.0: uncorrectable bit-flips found
[   15.612611] omap2-nand omap2-nand.0: uncorrectable bit-flips found
[   15.619120] omap2-nand omap2-nand.0: uncorrectable bit-flips found
[   15.625617] omap2-nand omap2-nand.0: uncorrectable bit-flips found
[   15.633268] omap2-nand omap2-nand.0: uncorrectable bit-flips found
[   15.639804] omap2-nand omap2-nand.0: uncorrectable bit-flips found
[   15.646351] omap2-nand omap2-nand.0: uncorrectable bit-flips found
[   15.652833] omap2-nand omap2-nand.0: uncorrectable bit-flips found
[   15.660191] omap2-nand omap2-nand.0: uncorrectable bit-flips found
[   15.666712] omap2-nand omap2-nand.0: uncorrectable bit-flips found
[   15.673188] omap2-nand omap2-nand.0: uncorrectable bit-flips found
[   15.679703] omap2-nand omap2-nand.0: uncorrectable bit-flips found
[   15.686931] omap2-nand omap2-nand.0: uncorrectable bit-flips found
[   15.693415] omap2-nand omap2-nand.0: uncorrectable bit-flips found
[   15.699914] omap2-nand omap2-nand.0: uncorrectable bit-flips found
[   15.706415] omap2-nand omap2-nand.0: uncorrectable bit-flips found
[   15.713565] omap2-nand omap2-nand.0: uncorrectable bit-flips found
[   15.720063] omap2-nand omap2-nand.0: uncorrectable bit-flips found
[   15.726553] omap2-nand omap2-nand.0: uncorrectable bit-flips found
[   15.733031] omap2-nand omap2-nand.0: uncorrectable bit-flips found
[   15.740167] omap2-nand omap2-nand.0: uncorrectable bit-flips found
[   15.746667] omap2-nand omap2-nand.0: uncorrectable bit-flips found
[   15.753146] omap2-nand omap2-nand.0: uncorrectable bit-flips found
[   15.759643] omap2-nand omap2-nand.0: uncorrectable bit-flips found
[   15.766753] omap2-nand omap2-nand.0: uncorrectable bit-flips found
[   15.773238] omap2-nand omap2-nand.0: uncorrectable bit-flips found
[   15.779730] omap2-nand omap2-nand.0: uncorrectable bit-flips found
[   15.786225] omap2-nand omap2-nand.0: uncorrectable bit-flips found
[   15.796525] omap2-nand omap2-nand.0: uncorrectable bit-flips found
[   15.803009] omap2-nand omap2-nand.0: uncorrectable bit-flips found
[   15.809519] omap2-nand omap2-nand.0: uncorrectable bit-flips found
[   15.816005] omap2-nand omap2-nand.0: uncorrectable bit-flips found
[   15.823234] omap2-nand omap2-nand.0: uncorrectable bit-flips found
[   15.829752] omap2-nand omap2-nand.0: uncorrectable bit-flips found
[   15.836252] omap2-nand omap2-nand.0: uncorrectable bit-flips found
[   15.842727] omap2-nand omap2-nand.0: uncorrectable bit-flips found
[   15.849957] omap2-nand omap2-nand.0: uncorrectable bit-flips found
[   15.856478] omap2-nand omap2-nand.0: uncorrectable bit-flips found
[   15.862959] omap2-nand omap2-nand.0: uncorrectable bit-flips found
[   15.869458] omap2-nand omap2-nand.0: uncorrectable bit-flips found
[   15.876667] omap2-nand omap2-nand.0: uncorrectable bit-flips found
[   15.883149] omap2-nand omap2-nand.0: uncorrectable bit-flips found
[   15.889647] omap2-nand omap2-nand.0: uncorrectable bit-flips found
[   15.896140] omap2-nand omap2-nand.0: uncorrectable bit-flips found
[   15.903288] omap2-nand omap2-nand.0: uncorrectable bit-flips found
[   15.909778] omap2-nand omap2-nand.0: uncorrectable bit-flips found
[   15.916268] omap2-nand omap2-nand.0: uncorrectable bit-flips found
[   15.922745] omap2-nand omap2-nand.0: uncorrectable bit-flips found
[   15.929868] omap2-nand omap2-nand.0: uncorrectable bit-flips found
[   15.936366] omap2-nand omap2-nand.0: uncorrectable bit-flips found
[   15.942845] omap2-nand omap2-nand.0: uncorrectable bit-flips found
[   15.949336] omap2-nand omap2-nand.0: uncorrectable bit-flips found
[   15.962308] omap2-nand omap2-nand.0: uncorrectable bit-flips found
[   15.968799] omap2-nand omap2-nand.0: uncorrectable bit-flips found
[   15.975286] omap2-nand omap2-nand.0: uncorrectable bit-flips found
[   15.981761] omap2-nand omap2-nand.0: uncorrectable bit-flips found
[   15.991885] omap2-nand omap2-nand.0: uncorrectable bit-flips found
[   15.998402] omap2-nand omap2-nand.0: uncorrectable bit-flips found
[   16.004898] omap2-nand omap2-nand.0: uncorrectable bit-flips found
[   16.011378] omap2-nand omap2-nand.0: uncorrectable bit-flips found
[   16.018614] omap2-nand omap2-nand.0: uncorrectable bit-flips found
[   16.025121] omap2-nand omap2-nand.0: uncorrectable bit-flips found
[   16.031599] omap2-nand omap2-nand.0: uncorrectable bit-flips found
[   16.038099] omap2-nand omap2-nand.0: uncorrectable bit-flips found
[   16.045408] omap2-nand omap2-nand.0: uncorrectable bit-flips found
[   16.051892] omap2-nand omap2-nand.0: uncorrectable bit-flips found
[   16.058414] omap2-nand omap2-nand.0: uncorrectable bit-flips found
[   16.064917] omap2-nand omap2-nand.0: uncorrectable bit-flips found
[   16.072178] omap2-nand omap2-nand.0: uncorrectable bit-flips found
[   16.078675] omap2-nand omap2-nand.0: uncorrectable bit-flips found
[   16.085156] omap2-nand omap2-nand.0: uncorrectable bit-flips found
[   16.091632] omap2-nand omap2-nand.0: uncorrectable bit-flips found
[   16.098793] omap2-nand omap2-nand.0: uncorrectable bit-flips found
[   16.105285] omap2-nand omap2-nand.0: uncorrectable bit-flips found
[   16.111760] omap2-nand omap2-nand.0: uncorrectable bit-flips found
[   16.118243] omap2-nand omap2-nand.0: uncorrectable bit-flips found
[   16.125378] omap2-nand omap2-nand.0: uncorrectable bit-flips found
[   16.131860] omap2-nand omap2-nand.0: uncorrectable bit-flips found
[   16.138355] omap2-nand omap2-nand.0: uncorrectable bit-flips found
[   16.144843] omap2-nand omap2-nand.0: uncorrectable bit-flips found
[   16.151946] omap2-nand omap2-nand.0: uncorrectable bit-flips found
[   16.158447] omap2-nand omap2-nand.0: uncorrectable bit-flips found
[   16.164937] omap2-nand omap2-nand.0: uncorrectable bit-flips found
[   16.171414] omap2-nand omap2-nand.0: uncorrectable bit-flips found
[   16.181550] omap2-nand omap2-nand.0: uncorrectable bit-flips found
[   16.188065] omap2-nand omap2-nand.0: uncorrectable bit-flips found
[   16.194563] omap2-nand omap2-nand.0: uncorrectable bit-flips found
[   16.201053] omap2-nand omap2-nand.0: uncorrectable bit-flips found
[   16.208284] omap2-nand omap2-nand.0: uncorrectable bit-flips found
[   16.214794] omap2-nand omap2-nand.0: uncorrectable bit-flips found
[   16.221271] omap2-nand omap2-nand.0: uncorrectable bit-flips found
[   16.227765] omap2-nand omap2-nand.0: uncorrectable bit-flips found
[   16.234983] omap2-nand omap2-nand.0: uncorrectable bit-flips found
[   16.241461] omap2-nand omap2-nand.0: uncorrectable bit-flips found
[   16.247975] omap2-nand omap2-nand.0: uncorrectable bit-flips found
[   16.254488] omap2-nand omap2-nand.0: uncorrectable bit-flips found
[   16.262521] omap2-nand omap2-nand.0: uncorrectable bit-flips found
[   16.269027] omap2-nand omap2-nand.0: uncorrectable bit-flips found
[   16.275525] omap2-nand omap2-nand.0: uncorrectable bit-flips found
[   16.282004] omap2-nand omap2-nand.0: uncorrectable bit-flips found
[   16.289182] omap2-nand omap2-nand.0: uncorrectable bit-flips found
[   16.295688] omap2-nand omap2-nand.0: uncorrectable bit-flips found
[   16.302166] omap2-nand omap2-nand.0: uncorrectable bit-flips found
[   16.308657] omap2-nand omap2-nand.0: uncorrectable bit-flips found
[   16.315823] omap2-nand omap2-nand.0: uncorrectable bit-flips found
[   16.322295] omap2-nand omap2-nand.0: uncorrectable bit-flips found
[   16.328803] omap2-nand omap2-nand.0: uncorrectable bit-flips found
[   16.335298] omap2-nand omap2-nand.0: uncorrectable bit-flips found
[   16.342422] omap2-nand omap2-nand.0: uncorrectable bit-flips found
[   16.348916] omap2-nand omap2-nand.0: uncorrectable bit-flips found
[   16.355410] omap2-nand omap2-nand.0: uncorrectable bit-flips found
[   16.361897] omap2-nand omap2-nand.0: uncorrectable bit-flips found
[   16.373177] omap2-nand omap2-nand.0: uncorrectable bit-flips found
[   16.379687] omap2-nand omap2-nand.0: uncorrectable bit-flips found
[   16.386185] omap2-nand omap2-nand.0: uncorrectable bit-flips found
[   16.392666] omap2-nand omap2-nand.0: uncorrectable bit-flips found
[   16.399895] omap2-nand omap2-nand.0: uncorrectable bit-flips found
[   16.406411] omap2-nand omap2-nand.0: uncorrectable bit-flips found
[   16.412892] omap2-nand omap2-nand.0: uncorrectable bit-flips found
[   16.419390] omap2-nand omap2-nand.0: uncorrectable bit-flips found
[   16.426605] omap2-nand omap2-nand.0: uncorrectable bit-flips found
[   16.433091] omap2-nand omap2-nand.0: uncorrectable bit-flips found
[   16.439610] omap2-nand omap2-nand.0: uncorrectable bit-flips found
[   16.446114] omap2-nand omap2-nand.0: uncorrectable bit-flips found
[   16.453372] omap2-nand omap2-nand.0: uncorrectable bit-flips found
[   16.459869] omap2-nand omap2-nand.0: uncorrectable bit-flips found
[   16.466358] omap2-nand omap2-nand.0: uncorrectable bit-flips found
[   16.472839] omap2-nand omap2-nand.0: uncorrectable bit-flips found
[   16.479991] omap2-nand omap2-nand.0: uncorrectable bit-flips found
[   16.486488] omap2-nand omap2-nand.0: uncorrectable bit-flips found
[   16.492965] omap2-nand omap2-nand.0: uncorrectable bit-flips found
[   16.499462] omap2-nand omap2-nand.0: uncorrectable bit-flips found
[   16.506600] omap2-nand omap2-nand.0: uncorrectable bit-flips found
[   16.513080] omap2-nand omap2-nand.0: uncorrectable bit-flips found
[   16.519574] omap2-nand omap2-nand.0: uncorrectable bit-flips found
[   16.526070] omap2-nand omap2-nand.0: uncorrectable bit-flips found
[   16.533169] omap2-nand omap2-nand.0: uncorrectable bit-flips found
[   16.539669] omap2-nand omap2-nand.0: uncorrectable bit-flips found
[   16.546152] omap2-nand omap2-nand.0: uncorrectable bit-flips found
[   16.552631] omap2-nand omap2-nand.0: uncorrectable bit-flips found
[   16.780181] omap2-nand omap2-nand.0: uncorrectable bit-flips found
[   16.786704] omap2-nand omap2-nand.0: uncorrectable bit-flips found
[   16.793186] omap2-nand omap2-nand.0: uncorrectable bit-flips found
[   16.799677] omap2-nand omap2-nand.0: uncorrectable bit-flips found
[   16.809368] omap2-nand omap2-nand.0: uncorrectable bit-flips found
[   16.815894] omap2-nand omap2-nand.0: uncorrectable bit-flips found
[   16.822365] omap2-nand omap2-nand.0: uncorrectable bit-flips found
[   16.828863] omap2-nand omap2-nand.0: uncorrectable bit-flips found
[   16.836096] omap2-nand omap2-nand.0: uncorrectable bit-flips found
[   16.842580] omap2-nand omap2-nand.0: uncorrectable bit-flips found
[   16.849092] omap2-nand omap2-nand.0: uncorrectable bit-flips found
[   16.855607] omap2-nand omap2-nand.0: uncorrectable bit-flips found
[   16.862962] omap2-nand omap2-nand.0: uncorrectable bit-flips found
[   16.869464] omap2-nand omap2-nand.0: uncorrectable bit-flips found
[   16.875948] omap2-nand omap2-nand.0: uncorrectable bit-flips found
[   16.882425] omap2-nand omap2-nand.0: uncorrectable bit-flips found
[   16.889693] omap2-nand omap2-nand.0: uncorrectable bit-flips found
[   16.896197] omap2-nand omap2-nand.0: uncorrectable bit-flips found
[   16.902679] omap2-nand omap2-nand.0: uncorrectable bit-flips found
[   16.909167] omap2-nand omap2-nand.0: uncorrectable bit-flips found
[   16.916308] omap2-nand omap2-nand.0: uncorrectable bit-flips found
[   16.922792] omap2-nand omap2-nand.0: uncorrectable bit-flips found
[   16.929286] omap2-nand omap2-nand.0: uncorrectable bit-flips found
[   16.935781] omap2-nand omap2-nand.0: uncorrectable bit-flips found
[   16.942881] omap2-nand omap2-nand.0: uncorrectable bit-flips found
[   16.949375] omap2-nand omap2-nand.0: uncorrectable bit-flips found
[   16.955869] omap2-nand omap2-nand.0: uncorrectable bit-flips found
[   16.962345] omap2-nand omap2-nand.0: uncorrectable bit-flips found
[   17.403059] omap2-nand omap2-nand.0: uncorrectable bit-flips found
[   17.409615] omap2-nand omap2-nand.0: uncorrectable bit-flips found
[   17.416124] omap2-nand omap2-nand.0: uncorrectable bit-flips found
[   17.422599] omap2-nand omap2-nand.0: uncorrectable bit-flips found
[   17.451405] omap2-nand omap2-nand.0: uncorrectable bit-flips found
[   17.457958] omap2-nand omap2-nand.0: uncorrectable bit-flips found
[   17.464465] omap2-nand omap2-nand.0: uncorrectable bit-flips found
[   17.470938] omap2-nand omap2-nand.0: uncorrectable bit-flips found
[   17.478238] omap2-nand omap2-nand.0: uncorrectable bit-flips found
[   17.484754] omap2-nand omap2-nand.0: uncorrectable bit-flips found
[   17.491241] omap2-nand omap2-nand.0: uncorrectable bit-flips found
[   17.497748] omap2-nand omap2-nand.0: uncorrectable bit-flips found
[   17.505172] omap2-nand omap2-nand.0: uncorrectable bit-flips found
[   17.511657] omap2-nand omap2-nand.0: uncorrectable bit-flips found
[   17.518161] omap2-nand omap2-nand.0: uncorrectable bit-flips found
[   17.524649] omap2-nand omap2-nand.0: uncorrectable bit-flips found
[   17.531798] omap2-nand omap2-nand.0: uncorrectable bit-flips found
[   17.538297] omap2-nand omap2-nand.0: uncorrectable bit-flips found
[   17.544789] omap2-nand omap2-nand.0: uncorrectable bit-flips found
[   17.551272] omap2-nand omap2-nand.0: uncorrectable bit-flips found
[   17.558406] omap2-nand omap2-nand.0: uncorrectable bit-flips found
[   17.564905] omap2-nand omap2-nand.0: uncorrectable bit-flips found
[   17.571384] omap2-nand omap2-nand.0: uncorrectable bit-flips found
[   17.577870] omap2-nand omap2-nand.0: uncorrectable bit-flips found
[   17.584981] omap2-nand omap2-nand.0: uncorrectable bit-flips found
[   17.591468] omap2-nand omap2-nand.0: uncorrectable bit-flips found
[   17.597959] omap2-nand omap2-nand.0: uncorrectable bit-flips found
[   17.604451] omap2-nand omap2-nand.0: uncorrectable bit-flips found
[   17.614759] omap2-nand omap2-nand.0: uncorrectable bit-flips found
[   17.621233] omap2-nand omap2-nand.0: uncorrectable bit-flips found
[   17.627736] omap2-nand omap2-nand.0: uncorrectable bit-flips found
[   17.634227] omap2-nand omap2-nand.0: uncorrectable bit-flips found
[   17.641444] omap2-nand omap2-nand.0: uncorrectable bit-flips found
[   17.647965] omap2-nand omap2-nand.0: uncorrectable bit-flips found
[   17.654467] omap2-nand omap2-nand.0: uncorrectable bit-flips found
[   17.660944] omap2-nand omap2-nand.0: uncorrectable bit-flips found
[   17.668241] omap2-nand omap2-nand.0: uncorrectable bit-flips found
[   17.674739] omap2-nand omap2-nand.0: uncorrectable bit-flips found
[   17.681220] omap2-nand omap2-nand.0: uncorrectable bit-flips found
[   17.687708] omap2-nand omap2-nand.0: uncorrectable bit-flips found
[   17.694886] omap2-nand omap2-nand.0: uncorrectable bit-flips found
[   17.701371] omap2-nand omap2-nand.0: uncorrectable bit-flips found
[   17.707866] omap2-nand omap2-nand.0: uncorrectable bit-flips found
[   17.714355] omap2-nand omap2-nand.0: uncorrectable bit-flips found
[   17.721496] omap2-nand omap2-nand.0: uncorrectable bit-flips found
[   17.727993] omap2-nand omap2-nand.0: uncorrectable bit-flips found
[   17.734489] omap2-nand omap2-nand.0: uncorrectable bit-flips found
[   17.740966] omap2-nand omap2-nand.0: uncorrectable bit-flips found
[   17.748091] omap2-nand omap2-nand.0: uncorrectable bit-flips found
[   17.754591] omap2-nand omap2-nand.0: uncorrectable bit-flips found
[   17.761077] omap2-nand omap2-nand.0: uncorrectable bit-flips found
[   17.767571] omap2-nand omap2-nand.0: uncorrectable bit-flips found
[   17.774673] omap2-nand omap2-nand.0: uncorrectable bit-flips found
[   17.781149] omap2-nand omap2-nand.0: uncorrectable bit-flips found
[   17.787647] omap2-nand omap2-nand.0: uncorrectable bit-flips found
[   17.794133] omap2-nand omap2-nand.0: uncorrectable bit-flips found
[   17.804313] omap2-nand omap2-nand.0: uncorrectable bit-flips found
[   17.810788] omap2-nand omap2-nand.0: uncorrectable bit-flips found
[   17.817297] omap2-nand omap2-nand.0: uncorrectable bit-flips found
[   17.823778] omap2-nand omap2-nand.0: uncorrectable bit-flips found
[   17.831001] omap2-nand omap2-nand.0: uncorrectable bit-flips found
[   17.837520] omap2-nand omap2-nand.0: uncorrectable bit-flips found
[   17.844022] omap2-nand omap2-nand.0: uncorrectable bit-flips found
[   17.850498] omap2-nand omap2-nand.0: uncorrectable bit-flips found
[   17.857754] omap2-nand omap2-nand.0: uncorrectable bit-flips found
[   17.864254] omap2-nand omap2-nand.0: uncorrectable bit-flips found
[   17.870729] omap2-nand omap2-nand.0: uncorrectable bit-flips found
[   17.877221] omap2-nand omap2-nand.0: uncorrectable bit-flips found
[   17.884422] omap2-nand omap2-nand.0: uncorrectable bit-flips found
[   17.890897] omap2-nand omap2-nand.0: uncorrectable bit-flips found
[   17.897391] omap2-nand omap2-nand.0: uncorrectable bit-flips found
[   17.903869] omap2-nand omap2-nand.0: uncorrectable bit-flips found
[   17.911021] omap2-nand omap2-nand.0: uncorrectable bit-flips found
[   17.917519] omap2-nand omap2-nand.0: uncorrectable bit-flips found
[   17.924012] omap2-nand omap2-nand.0: uncorrectable bit-flips found
[   17.930493] omap2-nand omap2-nand.0: uncorrectable bit-flips found
[   17.937623] omap2-nand omap2-nand.0: uncorrectable bit-flips found
[   17.944116] omap2-nand omap2-nand.0: uncorrectable bit-flips found
[   17.950594] omap2-nand omap2-nand.0: uncorrectable bit-flips found
[   17.957083] omap2-nand omap2-nand.0: uncorrectable bit-flips found
[   17.964181] omap2-nand omap2-nand.0: uncorrectable bit-flips found
[   17.970665] omap2-nand omap2-nand.0: uncorrectable bit-flips found
[   17.977163] omap2-nand omap2-nand.0: uncorrectable bit-flips found
[   17.983645] omap2-nand omap2-nand.0: uncorrectable bit-flips found
[   17.999698] omap2-nand omap2-nand.0: uncorrectable bit-flips found
[   18.006203] omap2-nand omap2-nand.0: uncorrectable bit-flips found
[   18.012683] omap2-nand omap2-nand.0: uncorrectable bit-flips found
[   18.019180] omap2-nand omap2-nand.0: uncorrectable bit-flips found
[   18.026404] omap2-nand omap2-nand.0: uncorrectable bit-flips found
[   18.032889] omap2-nand omap2-nand.0: uncorrectable bit-flips found
[   18.039405] omap2-nand omap2-nand.0: uncorrectable bit-flips found
[   18.045917] omap2-nand omap2-nand.0: uncorrectable bit-flips found
[   18.053479] omap2-nand omap2-nand.0: uncorrectable bit-flips found
[   18.059994] omap2-nand omap2-nand.0: uncorrectable bit-flips found
[   18.066502] omap2-nand omap2-nand.0: uncorrectable bit-flips found
[   18.072974] omap2-nand omap2-nand.0: uncorrectable bit-flips found
[   18.080618] omap2-nand omap2-nand.0: uncorrectable bit-flips found
[   18.087133] omap2-nand omap2-nand.0: uncorrectable bit-flips found
[   18.093617] omap2-nand omap2-nand.0: uncorrectable bit-flips found
[   18.100111] omap2-nand omap2-nand.0: uncorrectable bit-flips found
[   18.107342] omap2-nand omap2-nand.0: uncorrectable bit-flips found
[   18.113839] omap2-nand omap2-nand.0: uncorrectable bit-flips found
[   18.120345] omap2-nand omap2-nand.0: uncorrectable bit-flips found
[   18.126834] omap2-nand omap2-nand.0: uncorrectable bit-flips found
[   18.134298] omap2-nand omap2-nand.0: uncorrectable bit-flips found
[   18.140790] omap2-nand omap2-nand.0: uncorrectable bit-flips found
[   18.147290] omap2-nand omap2-nand.0: uncorrectable bit-flips found
[   18.153772] omap2-nand omap2-nand.0: uncorrectable bit-flips found
[   18.161216] omap2-nand omap2-nand.0: uncorrectable bit-flips found
[   18.167711] omap2-nand omap2-nand.0: uncorrectable bit-flips found
[   18.174203] omap2-nand omap2-nand.0: uncorrectable bit-flips found
[   18.180680] omap2-nand omap2-nand.0: uncorrectable bit-flips found
[   18.190896] omap2-nand omap2-nand.0: uncorrectable bit-flips found
[   18.197406] omap2-nand omap2-nand.0: uncorrectable bit-flips found
[   18.203890] omap2-nand omap2-nand.0: uncorrectable bit-flips found
[   18.210389] omap2-nand omap2-nand.0: uncorrectable bit-flips found
[   18.217613] omap2-nand omap2-nand.0: uncorrectable bit-flips found
[   18.224120] omap2-nand omap2-nand.0: uncorrectable bit-flips found
[   18.230591] omap2-nand omap2-nand.0: uncorrectable bit-flips found
[   18.237081] omap2-nand omap2-nand.0: uncorrectable bit-flips found
[   18.244374] omap2-nand omap2-nand.0: uncorrectable bit-flips found
[   18.250851] omap2-nand omap2-nand.0: uncorrectable bit-flips found
[   18.257352] omap2-nand omap2-nand.0: uncorrectable bit-flips found
[   18.263833] omap2-nand omap2-nand.0: uncorrectable bit-flips found
[   18.271873] omap2-nand omap2-nand.0: uncorrectable bit-flips found
[   18.278387] omap2-nand omap2-nand.0: uncorrectable bit-flips found
[   18.284880] omap2-nand omap2-nand.0: uncorrectable bit-flips found
[   18.291350] omap2-nand omap2-nand.0: uncorrectable bit-flips found
[   18.298529] omap2-nand omap2-nand.0: uncorrectable bit-flips found
[   18.305032] omap2-nand omap2-nand.0: uncorrectable bit-flips found
[   18.311509] omap2-nand omap2-nand.0: uncorrectable bit-flips found
[   18.318001] omap2-nand omap2-nand.0: uncorrectable bit-flips found
[   18.325155] omap2-nand omap2-nand.0: uncorrectable bit-flips found
[   18.331634] omap2-nand omap2-nand.0: uncorrectable bit-flips found
[   18.338139] omap2-nand omap2-nand.0: uncorrectable bit-flips found
[   18.344635] omap2-nand omap2-nand.0: uncorrectable bit-flips found
[   18.351759] omap2-nand omap2-nand.0: uncorrectable bit-flips found
[   18.358248] omap2-nand omap2-nand.0: uncorrectable bit-flips found
[   18.364740] omap2-nand omap2-nand.0: uncorrectable bit-flips found
[   18.371220] omap2-nand omap2-nand.0: uncorrectable bit-flips found
[   18.381392] omap2-nand omap2-nand.0: uncorrectable bit-flips found
[   18.387915] omap2-nand omap2-nand.0: uncorrectable bit-flips found
[   18.394413] omap2-nand omap2-nand.0: uncorrectable bit-flips found
[   18.400893] omap2-nand omap2-nand.0: uncorrectable bit-flips found
[   18.408119] omap2-nand omap2-nand.0: uncorrectable bit-flips found
[   18.414623] omap2-nand omap2-nand.0: uncorrectable bit-flips found
[   18.421105] omap2-nand omap2-nand.0: uncorrectable bit-flips found
[   18.427597] omap2-nand omap2-nand.0: uncorrectable bit-flips found
[   18.434807] omap2-nand omap2-nand.0: uncorrectable bit-flips found
[   18.441280] omap2-nand omap2-nand.0: uncorrectable bit-flips found
[   18.447792] omap2-nand omap2-nand.0: uncorrectable bit-flips found
[   18.454295] omap2-nand omap2-nand.0: uncorrectable bit-flips found
[   18.461534] omap2-nand omap2-nand.0: uncorrectable bit-flips found
[   18.468033] omap2-nand omap2-nand.0: uncorrectable bit-flips found
[   18.474524] omap2-nand omap2-nand.0: uncorrectable bit-flips found
[   18.481006] omap2-nand omap2-nand.0: uncorrectable bit-flips found
[   18.488156] omap2-nand omap2-nand.0: uncorrectable bit-flips found
[   18.494655] omap2-nand omap2-nand.0: uncorrectable bit-flips found
[   18.501135] omap2-nand omap2-nand.0: uncorrectable bit-flips found
[   18.507628] omap2-nand omap2-nand.0: uncorrectable bit-flips found
[   18.514752] omap2-nand omap2-nand.0: uncorrectable bit-flips found
[   18.521235] omap2-nand omap2-nand.0: uncorrectable bit-flips found
[   18.527726] omap2-nand omap2-nand.0: uncorrectable bit-flips found
[   18.534217] omap2-nand omap2-nand.0: uncorrectable bit-flips found
[   18.541317] omap2-nand omap2-nand.0: uncorrectable bit-flips found
[   18.547812] omap2-nand omap2-nand.0: uncorrectable bit-flips found
[   18.554302] omap2-nand omap2-nand.0: uncorrectable bit-flips found
[   18.560779] omap2-nand omap2-nand.0: uncorrectable bit-flips found
[   18.570899] omap2-nand omap2-nand.0: uncorrectable bit-flips found
[   18.577408] omap2-nand omap2-nand.0: uncorrectable bit-flips found
[   18.583886] omap2-nand omap2-nand.0: uncorrectable bit-flips found
[   18.590389] omap2-nand omap2-nand.0: uncorrectable bit-flips found
[   18.597616] omap2-nand omap2-nand.0: uncorrectable bit-flips found
[   18.604123] omap2-nand omap2-nand.0: uncorrectable bit-flips found
[   18.610600] omap2-nand omap2-nand.0: uncorrectable bit-flips found
[   18.617096] omap2-nand omap2-nand.0: uncorrectable bit-flips found
[   18.624399] omap2-nand omap2-nand.0: uncorrectable bit-flips found
[   18.630884] omap2-nand omap2-nand.0: uncorrectable bit-flips found
[   18.637388] omap2-nand omap2-nand.0: uncorrectable bit-flips found
[   18.643864] omap2-nand omap2-nand.0: uncorrectable bit-flips found
[   18.651045] omap2-nand omap2-nand.0: uncorrectable bit-flips found
[   18.657540] omap2-nand omap2-nand.0: uncorrectable bit-flips found
[   18.664039] omap2-nand omap2-nand.0: uncorrectable bit-flips found
[   18.670516] omap2-nand omap2-nand.0: uncorrectable bit-flips found
[   18.677666] omap2-nand omap2-nand.0: uncorrectable bit-flips found
[   18.684161] omap2-nand omap2-nand.0: uncorrectable bit-flips found
[   18.690639] omap2-nand omap2-nand.0: uncorrectable bit-flips found
[   18.697134] omap2-nand omap2-nand.0: uncorrectable bit-flips found
[   18.704278] omap2-nand omap2-nand.0: uncorrectable bit-flips found
[   18.710752] omap2-nand omap2-nand.0: uncorrectable bit-flips found
[   18.717247] omap2-nand omap2-nand.0: uncorrectable bit-flips found
[   18.723723] omap2-nand omap2-nand.0: uncorrectable bit-flips found
[   18.730829] omap2-nand omap2-nand.0: uncorrectable bit-flips found
[   18.737328] omap2-nand omap2-nand.0: uncorrectable bit-flips found
[   18.743806] omap2-nand omap2-nand.0: uncorrectable bit-flips found
[   18.750296] omap2-nand omap2-nand.0: uncorrectable bit-flips found
[   18.760389] omap2-nand omap2-nand.0: uncorrectable bit-flips found
[   18.766896] omap2-nand omap2-nand.0: uncorrectable bit-flips found
[   18.773371] omap2-nand omap2-nand.0: uncorrectable bit-flips found
[   18.779867] omap2-nand omap2-nand.0: uncorrectable bit-flips found
[   18.787082] omap2-nand omap2-nand.0: uncorrectable bit-flips found
[   18.793561] omap2-nand omap2-nand.0: uncorrectable bit-flips found
[   18.800060] omap2-nand omap2-nand.0: uncorrectable bit-flips found
[   18.806549] omap2-nand omap2-nand.0: uncorrectable bit-flips found
[   18.813748] omap2-nand omap2-nand.0: uncorrectable bit-flips found
[   18.820261] omap2-nand omap2-nand.0: uncorrectable bit-flips found
[   18.826759] omap2-nand omap2-nand.0: uncorrectable bit-flips found
[   18.833237] omap2-nand omap2-nand.0: uncorrectable bit-flips found
[   18.840467] omap2-nand omap2-nand.0: uncorrectable bit-flips found
[   18.846968] omap2-nand omap2-nand.0: uncorrectable bit-flips found
[   18.853444] omap2-nand omap2-nand.0: uncorrectable bit-flips found
[   18.859940] omap2-nand omap2-nand.0: uncorrectable bit-flips found
[   18.867089] omap2-nand omap2-nand.0: uncorrectable bit-flips found
[   18.873571] omap2-nand omap2-nand.0: uncorrectable bit-flips found
[   18.880065] omap2-nand omap2-nand.0: uncorrectable bit-flips found
[   18.886552] omap2-nand omap2-nand.0: uncorrectable bit-flips found
[   18.893664] omap2-nand omap2-nand.0: uncorrectable bit-flips found
[   18.900162] omap2-nand omap2-nand.0: uncorrectable bit-flips found
[   18.906660] omap2-nand omap2-nand.0: uncorrectable bit-flips found
[   18.913142] omap2-nand omap2-nand.0: uncorrectable bit-flips found
[   18.920250] omap2-nand omap2-nand.0: uncorrectable bit-flips found
[   18.926746] omap2-nand omap2-nand.0: uncorrectable bit-flips found
[   18.933232] omap2-nand omap2-nand.0: uncorrectable bit-flips found
[   18.939721] omap2-nand omap2-nand.0: uncorrectable bit-flips found
[   18.950968] omap2-nand omap2-nand.0: uncorrectable bit-flips found
[   18.957479] omap2-nand omap2-nand.0: uncorrectable bit-flips found
[   18.963983] omap2-nand omap2-nand.0: uncorrectable bit-flips found
[   18.970452] omap2-nand omap2-nand.0: uncorrectable bit-flips found
[   18.977673] omap2-nand omap2-nand.0: uncorrectable bit-flips found
[   18.984179] omap2-nand omap2-nand.0: uncorrectable bit-flips found
[   18.990656] omap2-nand omap2-nand.0: uncorrectable bit-flips found
[   18.997151] omap2-nand omap2-nand.0: uncorrectable bit-flips found
[   19.010661] omap2-nand omap2-nand.0: uncorrectable bit-flips found
[   19.017158] omap2-nand omap2-nand.0: uncorrectable bit-flips found
[   19.023636] omap2-nand omap2-nand.0: uncorrectable bit-flips found
[   19.030128] omap2-nand omap2-nand.0: uncorrectable bit-flips found
[   19.037306] omap2-nand omap2-nand.0: uncorrectable bit-flips found
[   19.043786] omap2-nand omap2-nand.0: uncorrectable bit-flips found
[   19.050281] omap2-nand omap2-nand.0: uncorrectable bit-flips found
[   19.056772] omap2-nand omap2-nand.0: uncorrectable bit-flips found
[   19.063944] omap2-nand omap2-nand.0: uncorrectable bit-flips found
[   19.070426] omap2-nand omap2-nand.0: uncorrectable bit-flips found
[   19.076922] omap2-nand omap2-nand.0: uncorrectable bit-flips found
[   19.083395] omap2-nand omap2-nand.0: uncorrectable bit-flips found
[   19.090518] omap2-nand omap2-nand.0: uncorrectable bit-flips found
[   19.097012] omap2-nand omap2-nand.0: uncorrectable bit-flips found
[   19.103493] omap2-nand omap2-nand.0: uncorrectable bit-flips found
[   19.109976] omap2-nand omap2-nand.0: uncorrectable bit-flips found
[   19.117178] omap2-nand omap2-nand.0: uncorrectable bit-flips found
[   19.123659] omap2-nand omap2-nand.0: uncorrectable bit-flips found
[   19.130151] omap2-nand omap2-nand.0: uncorrectable bit-flips found
[   19.136641] omap2-nand omap2-nand.0: uncorrectable bit-flips found
[   19.148487] omap2-nand omap2-nand.0: uncorrectable bit-flips found
[   19.155005] omap2-nand omap2-nand.0: uncorrectable bit-flips found
[   19.161482] omap2-nand omap2-nand.0: uncorrectable bit-flips found
[   19.167972] omap2-nand omap2-nand.0: uncorrectable bit-flips found
[   19.175197] omap2-nand omap2-nand.0: uncorrectable bit-flips found
[   19.181688] omap2-nand omap2-nand.0: uncorrectable bit-flips found
[   19.188205] omap2-nand omap2-nand.0: uncorrectable bit-flips found
[   19.194698] omap2-nand omap2-nand.0: uncorrectable bit-flips found
[   19.201906] omap2-nand omap2-nand.0: uncorrectable bit-flips found
[   19.208423] omap2-nand omap2-nand.0: uncorrectable bit-flips found
[   19.214925] omap2-nand omap2-nand.0: uncorrectable bit-flips found
[   19.221404] omap2-nand omap2-nand.0: uncorrectable bit-flips found
[   19.228652] omap2-nand omap2-nand.0: uncorrectable bit-flips found
[   19.235145] omap2-nand omap2-nand.0: uncorrectable bit-flips found
[   19.241624] omap2-nand omap2-nand.0: uncorrectable bit-flips found
[   19.248107] omap2-nand omap2-nand.0: uncorrectable bit-flips found
[   19.255256] omap2-nand omap2-nand.0: uncorrectable bit-flips found
[   19.261741] omap2-nand omap2-nand.0: uncorrectable bit-flips found
[   19.268235] omap2-nand omap2-nand.0: uncorrectable bit-flips found
[   19.274732] omap2-nand omap2-nand.0: uncorrectable bit-flips found
[   19.282627] omap2-nand omap2-nand.0: uncorrectable bit-flips found
[   19.289133] omap2-nand omap2-nand.0: uncorrectable bit-flips found
[   19.295632] omap2-nand omap2-nand.0: uncorrectable bit-flips found
[   19.302113] omap2-nand omap2-nand.0: uncorrectable bit-flips found
[   19.309246] omap2-nand omap2-nand.0: uncorrectable bit-flips found
[   19.315760] omap2-nand omap2-nand.0: uncorrectable bit-flips found
[   19.322240] omap2-nand omap2-nand.0: uncorrectable bit-flips found
[   19.328732] omap2-nand omap2-nand.0: uncorrectable bit-flips found
[   19.756526] random: nonblocking pool is initialized
[   19.839104] FAT-fs (mmcblk1p1): Volume was not properly unmounted. Some data may be corrupt. Please run fsck.
[   19.869899] FAT-fs (mmcblk1p3): Volume was not properly unmounted. Some data may be corrupt. Please run fsck.
