- 05:44:02 [INFO] Starting target session
- 05:44:03 [INFO] Connected to ldp via serial 
- 05:44:03 [INFO] Host: #check prompt
- 05:44:06 [ERROR] On command: #check prompt waiting for #check prompt.+?(?-mix:((?-mix:.*\s+login)|[Pp]assword)) >>> error: execution expired
- 05:44:06 [INFO] Target: 
#check prompt
root@GenericOMAP3(FlattenedDeviceTree):/test# 
- 05:44:06 [INFO] Host: #check prompt
- 05:44:06 [INFO] Target: 
#check prompt
root@GenericOMAP3(FlattenedDeviceTree):/test# 
- 05:44:06 [INFO] Host: sync;poweroff
- 05:44:27 [INFO] Target: 
sync;poweroff
Broadcast message from root@GenericOMAP3(FlattenedDeviceTree) (ttyO2) (Mon Ma
The system is going down for system halt NOW!
INIT: Switching to runlevel: 0
root@GenericOMAP3(FlattenedDeviceTree):/test# 
INIT: Sending processes the TERM signal
INIT: Sending processes the KILL signaStopping Dropbear SSH server: stopped /usr/sbin/dropbear (pid 660)
dropbear.
Stopping telnet daemon.
Stopping system message bus: hwclock: can't open '/dev/misc/rtc': No such file or directory
Error opening /dev/fb0: No such file or directory
Stopping syslogd/klogd: stopped syslogd (pid 672)
stopped klogd (pid 675)
done
Stopping thttpd.
ALSA: Storing mixer settings...
/usr/sbin/alsactl: save_state:1580: No soundcards found...
Deconfiguring network interfaces... [ 8193.068756] smsc911x 8000000.ethernet eth0: SMSC911x/921x identified at 0xc890e000, IRQ: 264
done.
Stopping Lighttpd Web Server: stopped /usr/sbin/lighttpd (pid 685)
lighttpd.
***************************************************************
***************************************************************
NOTICE: This file system contains the followin GPLv3 packages:
	binutils-symlinks
	binutils
	gdbserver
	parted
If you do not wish to distribute GPLv3 components please remove
the above packages prior to distribution.  This can be done using
the opkg remove command.  i.e.:
    opkg remove <package>
Where <package> is the name printed in the list above
NOTE: If the package is a dependency of another package you
      will be notified of the dependent packages.  You should
      use the --force-removal-of-dependent-packages option to
      also remove the dependent packages as well
***************************************************************
***************************************************************
Sending all processes the TERM signal...
Sending all processes the KILL signal...
Unmounting remote filesystems...
Deactivating swap...
Unmounting local filesystems...
[ 8206.568328] reboot: Power down
[ 8206.571563] ------------[ cut here ]------------
[ 8206.576446] WARNING: CPU: 0 PID: 1043 at kernel/locking/lockdep.c:2755 lockdep_trace_alloc+0xec/0x10c()
[ 8206.586242] DEBUG_LOCKS_WARN_ON(irqs_disabled_flags(flags))
[ 8206.591888] Modules linked in:
[ 8206.595306] CPU: 0 PID: 1043 Comm: halt Not tainted 4.2.0-00061-g5f5f868-dirty #5342
[ 8206.603393] Hardware name: Generic OMAP3 (Flattened Device Tree)
[ 8206.609710] [<c00165f4>] (unwind_backtrace) from [<c0012aac>] (show_stack+0x
- 05:44:27 [INFO] Disconnected serial from ldp
- 05:44:28 [INFO] Connected to ldp via serial 
- 05:44:28 [INFO] Host: 
- 05:44:38 [INFO] Target: 
tb$U   D` @ @
Texas Instruments X-Loader 1.41 (Apr 25 2014 - 11:23:40)
Starting OS Bootloader from NAND ...
U-Boot 1.1.4-gae533d15 (Apr 25 2014 - 15:03:07)
OMAP3430-GP rev 2, CPU-OPP2 L3-165MHz
OMAP3430LAB 0.1 Version + mDDR (Boot NAND)
DRAM:  128 MB
NAND:256 MiB
Reading data from 0xc0000 --   1% complete.
Reading data from 0xc0800 --   3% complete.
Reading data from 0xc1000 --   4% complete.
Reading data from 0xc1800 --   6% complete.
Reading data from 0xc2000 --   7% complete.
Reading data from 0xc2800 --   9% complete.
Reading data from 0xc3000 --  10% complete.
Reading data from 0xc3800 --  12% complete.
Reading data from 0xc4000 --  14% complete.
Reading data from 0xc4800 --  15% complete.
Reading data from 0xc5000 --  17% complete.
Reading data from 0xc5800 --  18% complete.
Reading data from 0xc6000 --  20% complete.
Reading data from 0xc6800 --  21% complete.
Reading data from 0xc7000 --  23% complete.
Reading data from 0xc7800 --  25% complete.
Reading data from 0xc8000 --  26% complete.
Reading data from 0xc8800 --  28% complete.
Reading data from 0xc9000 --  29% complete.
Reading data from 0xc9800 --  31% complete.
Reading data from 0xca000 --  32% complete.
Reading data from 0xca800 --  34% complete.
Reading data from 0xcb000 --  35% complete.
Reading data from 0xcb800 --  37% complete.
Reading data from 0xcc000 --  39% complete.
Reading data from 0xcc800 --  40% complete.
Reading data from 0xcd000 --  42% complete.
Reading data from 0xcd800 --  43% complete.
Reading data from 0xce000 --  45% complete.
Reading data from 0xce800 --  46% complete.
Reading data from 0xcf000 --  48% complete.
Reading data from 0xcf800 --  50% complete.
Reading data from 0xd0000 --  51% complete.
Reading data from 0xd0800 --  53% complete.
Reading data from 0xd1000 --  54% complete.
Reading data from 0xd1800 --  56% complete.
Reading data from 0xd2000 --  57% complete.
Reading data from 0xd2800 --  59% complete.
Reading data from 0xd3000 --  60% complete.
Reading data from 0xd3800 --  62% complete.
Reading data from 0xd4000 --  64% complete.
Reading data from 0xd4800 --  65% complete.
Reading data from 0xd5000 --  67% complete.
Reading data from 0xd5800 --  68% complete.
Reading data from 0xd6000 --  70% complete.
Reading data from 0xd6800 --  71% complete.
Reading data from 0xd7000 --  73% complete.
Reading data from 0xd7800 --  75% complete.
Reading data from 0xd8000 --  76% complete.
Reading data from 0xd8800 --  78% complete.
Reading data from 0xd9000 --  79% complete.
Reading data from 0xd9800 --  81% complete.
Reading data from 0xda000 --  82% complete.
Reading data from 0xda800 --  84% complete.
Reading data from 0xdb000 --  85% complete.
Reading data from 0xdb800 --  87% complete.
Reading data from 0xdc000 --  89% complete.
Reading data from 0xdc800 --  90% complete.
Reading data from 0xdd000 --  92% complete.
Reading data from 0xdd800 --  93% complete.
Reading data from 0xde000 --  95% complete.
Reading data from 0xde800 --  96% complete.
Reading data from 0xdf000 --  98% complete.
Reading data from 0xdf800 -- 100% complete.
*** Warning - bad CRC or NAND, using default environment
In:    serial
Out:   serial
Err:   serial
Battery levels: main 4180 mV, backup 3325 mV
LAN9x18 (0x92110000) detected.
Read mac address: 00:08:EE:02:24:9D
start Auto negotiation... (take ~2sec)
Auto negotiation complete, 100BaseTX, full duplex
Press SPACE to abort Chain2Bootloader in 1 seconds
reading chained-bootloader
NAND read: device 0 offset 0x100000, size 0x100000
 1048576 bytes read: OK
starting chained-boot-loader
## Starting application at 0x80800000 ...
U-Boot 2014.04-00071-g8543283-dirty (Apr 25 2014 - 14:59:48)
OMAP3530-GP ES2.1, CPU-OPP2, L3-165MHz, Max CPU Clock 600 MHz
OMAP3 Zoom MDK Rev 1 + LPDDR/NAND
I2C:   ready
DRAM:  128 MiB
NAND:  256 MiB
MMC:   OMAP SD/MMC: 0
*** Warning - bad CRC, using default environment
Die ID #19ae00020000000004013ddc0201700b
Net:   smc911x-0
Hit any key to stop autoboot:  1  0 
U-Boot# 
U-Boot# 
U-Boot# 
U-Boot# 
U-Boot# 
U-Boot# 
U-Boot# 
U-Boot# 
U-Boot# 
U-Boot# 
U-Boot# 
U-Boot# 
U-Boot# 
U-Boot# 
U-Boot# 
U-Boot# 
U-Boot# 
U-Boot# 
- 05:44:38 [INFO] Host: version
- 05:44:38 [INFO] Target: 
version
U-Boot 2014.04-00071-g8543283-dirty (Apr 25 2014 - 14:59:48)
arm-linux-gnueabi-gcc (Ubuntu/Linaro 4.6.3-1ubuntu5) 4.6.3
GNU ld (GNU Binutils for Ubuntu) 2.22
U-Boot# 
- 05:44:38 [INFO] Host: bdinfo
- 05:44:38 [INFO] Target: 
bdinfo
arch_number = 0x00000667
boot_params = 0x80000100
DRAM bank   = 0x00000000
-> start    = 0x80000000
-> size     = 0x08000000
DRAM bank   = 0x00000001
-> start    = 0x88000000
-> size     = 0x00000000
eth0name    = smc911x-0
ethaddr     = 00:08:ee:02:24:9d
current eth = smc911x-0
ip_addr     = <NULL>
baudrate    = 115200 bps
TLB addr    = 0x87FF0000
relocaddr   = 0x87F71000
reloc off   = 0x07771000
irq_sp      = 0x87E50ED0
sp start    = 0x87E50EC0
U-Boot# 
- 05:44:38 [INFO] Host: printenv
- 05:44:39 [INFO] Target: 
printenv
arch=arm
baudrate=115200
board=zoom1
board_name=zoom1
bootcmd=mmc dev ${mmcdev}; if mmc rescan; then if run loadbootscript; then run bootscript; if test -n $uenvcmd; then echo Running uenvcmd ...;run uenvcmd;fi;else if run loadimage; then run mmcboot; else if run loadzimage; then run mmczboot; else run nandboot; fi; fi;fi; else run nandboot; fi
bootdelay=1
bootdir=/
bootfile=uImage
bootpart=0:1
bootscript=echo Running bootscript from mmc ...; if run importbootscr; then echo boot.scr imported; else run importbootenv;fi
console=ttyO2,115200n8
cpu=armv7
dieid#=19ae00020000000004013ddc0201700b
ethact=smc911x-0
ethaddr=00:08:ee:02:24:9d
fdtaddr=0x80f80000
fdtfile=omap3-ldp.dtb
importbootenv=env import -t $loadaddr $filesize
importbootscr=source ${loadaddr}
loadaddr=0x82000000
loadbootenv=fatload mmc ${mmcdev} ${loadaddr} uEnv.txt
loadbootscr=fatload mmc ${mmcdev} ${loadaddr} boot.scr
loadbootscript=if run loadbootscr; then echo boot.scr; else run loadbootenv;fi
loadfdt=load mmc ${bootpart} ${fdtaddr} ${bootdir}/${fdtfile}
loadimage=load mmc ${bootpart} ${loadaddr} ${bootdir}/${bootfile}
loadzimage=setenv bootfile zImage; if run loadimage; then run loadfdt;fi
mmcargs=setenv bootargs console=${console} video=${videospec},mode:${videomode} root=/dev/mmcblk0p2 rw rootfstype=ext3 rootwait
mmcboot=echo Booting from mmc ...; run mmcargs; bootm ${loadaddr}
mmcdev=0
mmczboot=echo Booting from mmc ...; run mmcargs; bootz ${loadaddr} - ${fdtaddr}
nandargs=setenv bootargs console=${console} video=${videospec},mode:${videomode} root=/dev/mtdblock4 rw rootfstype=jffs2
nandboot=echo Booting from nand ...; run nandargs; nand read ${loadaddr} 280000 400000; bootm ${loadaddr}
soc=omap3
usbtty=cdc_acm
vendor=logicpd
ver=U-Boot 2014.04-00071-g8543283-dirty (Apr 25 2014 - 14:59:48)
videomode=1024x768@60,vxres=1024,vyres=768
videospec=omapfb:vram:2M,vram:4M
Environment size: 1940/131068 bytes
U-Boot# 
- 05:44:39 [INFO] Host: setenv autoload 'no'
- 05:44:39 [INFO] Target: 
setenv autoload 'no'
U-Boot# 
- 05:44:39 [INFO] Host: dhcp
- 05:44:41 [INFO] Target: 
dhcp
smc911x: detected LAN9211 controller
smc911x: phy initialized
smc911x: MAC 00:08:ee:02:24:9d
BOOTP broadcast 1
DHCP client bound to address 192.168.1.172
U-Boot# 
- 05:44:41 [INFO] Host: setenv serverip 192.168.1.254
- 05:44:42 [INFO] Target: 
setenv serverip 192.168.1.254
U-Boot# 
- 05:44:42 [INFO] Host: setenv bootargs 'console=ttyO2,115200n8 earlyprintk rootwait ip=dhcp root=/dev/mmcblk0p2 rw rootfstype=ext3 nohlt'
- 05:44:42 [INFO] Target: 
setenv bootargs 'console=ttyO2,115200n8 earlyprintk rootwait ip=dhcp root=/dev/mmcblk0p2 rw rootfstype=ext3 nohlt'
U-Boot# 
- 05:44:42 [INFO] Host: setenv bootfile vatf_6/f0893184c8124d32c3d77c5a144224be
- 05:44:42 [INFO] Target: 
setenv bootfile vatf_6/f0893184c8124d32c3d77c5a144224be
U-Boot# 
- 05:44:42 [INFO] Host: setenv bootcmd 'tftp ${loadaddr};bootm ${loadaddr}'
- 05:44:42 [INFO] Target: 
setenv bootcmd 'tftp ${loadaddr};bootm ${loadaddr}'
U-Boot# 
- 05:44:42 [INFO] Host: printenv
- 05:44:42 [INFO] Target: 
printenv
arch=arm
autoload=no
baudrate=115200
board=zoom1
board_name=zoom1
bootargs=console=ttyO2,115200n8 earlyprintk rootwait ip=dhcp root=/dev/mmcblk0p2 rw rootfstype=ext3 nohlt
bootcmd=tftp ${loadaddr};bootm ${loadaddr}
bootdelay=1
bootdir=/
bootfile=vatf_6/f0893184c8124d32c3d77c5a144224be
bootpart=0:1
bootscript=echo Running bootscript from mmc ...; if run importbootscr; then echo boot.scr imported; else run importbootenv;fi
console=ttyO2,115200n8
cpu=armv7
dieid#=19ae00020000000004013ddc0201700b
dnsip=192.0.2.2
ethact=smc911x-0
ethaddr=00:08:ee:02:24:9d
fdtaddr=0x80f80000
fdtfile=omap3-ldp.dtb
gatewayip=192.168.1.254
importbootenv=env import -t $loadaddr $filesize
importbootscr=source ${loadaddr}
ipaddr=192.168.1.172
loadaddr=0x82000000
loadbootenv=fatload mmc ${mmcdev} ${loadaddr} uEnv.txt
loadbootscr=fatload mmc ${mmcdev} ${loadaddr} boot.scr
loadbootscript=if run loadbootscr; then echo boot.scr; else run loadbootenv;fi
loadfdt=load mmc ${bootpart} ${fdtaddr} ${bootdir}/${fdtfile}
loadimage=load mmc ${bootpart} ${loadaddr} ${bootdir}/${bootfile}
loadzimage=setenv bootfile zImage; if run loadimage; then run loadfdt;fi
mmcargs=setenv bootargs console=${console} video=${videospec},mode:${videomode} root=/dev/mmcblk0p2 rw rootfstype=ext3 rootwait
mmcboot=echo Booting from mmc ...; run mmcargs; bootm ${loadaddr}
mmcdev=0
mmczboot=echo Booting from mmc ...; run mmcargs; bootz ${loadaddr} - ${fdtaddr}
nandargs=setenv bootargs console=${console} video=${videospec},mode:${videomode} root=/dev/mtdblock4 rw rootfstype=jffs2
nandboot=echo Booting from nand ...; run nandargs; nand read ${loadaddr} 280000 400000; bootm ${loadaddr}
netmask=255.255.255.0
serverip=192.168.1.254
soc=omap3
usbtty=cdc_acm
vendor=logicpd
ver=U-Boot 2014.04-00071-g8543283-dirty (Apr 25 2014 - 14:59:48)
videomode=1024x768@60,vxres=1024,vyres=768
videospec=omapfb:vram:2M,vram:4M
Environment size: 1961/131068 bytes
U-Boot# 
- 05:44:42 [INFO] Host: boot
- 05:47:12 [ERROR] On command: boot waiting for boot.+?(?-mix:.*\s+login) >>> error: execution expired
- 05:47:12 [INFO] Target: 
boot
smc911x: detected LAN9211 controller
smc911x: phy initialized
smc911x: MAC 00:08:ee:02:24:9d
Using smc911x-0 device
TFTP from server 192.168.1.254; our IP address is 192.168.1.172
Filename 'vatf_6/f0893184c8124d32c3d77c5a144224be'.
Load address: 0x82000000
Loading: *###smc911x: dropped bad packet. Status: 0x00f68022
T ##############################################################
	 #################################################################
	 #################################################################
	 #####################################################
	 578.1 KiB/s
done
Bytes transferred = 3635432 (3778e8 hex)
## Booting kernel from Legacy Image at 82000000 ...
   Image Name:   Linux-4.3.0-rc1-next-20150918-00
   Image Type:   ARM Linux Kernel Image (uncompressed)
   Data Size:    3635368 Bytes = 3.5 MiB
   Load Address: 80800000
   Entry Point:  80800000
   Verifying Checksum ... OK
   Loading Kernel Image ... OK
Starting kernel ...
[    0.000000] Booting Linux on physical CPU 0x0
[    0.000000] Initializing cgroup subsys cpuset
[    0.000000] Initializing cgroup subsys cpu
[    0.000000] Initializing cgroup subsys cpuacct
[    0.000000] Linux version 4.3.0-rc1-next-20150918-00002-g3377da53ceb1 (nmenon@kahuna) (gcc version 4.6.3 (Ubuntu/Linaro 4.6.3-1ubuntu5) ) #1 SMP Fri Sep 18 05:39:52 CDT 2015
[    0.000000] CPU: ARMv7 Processor [411fc082] revision 2 (ARMv7), cr=10c5387d
[    0.000000] CPU: PIPT / VIPT nonaliasing data cache, VIPT nonaliasing instruction cache
[    0.000000] Machine model: TI OMAP3430 LDP (Zoom1 Labrador)
[    0.000000] cma: Reserved 16 MiB at 0x86800000
[    0.000000] Memory policy: Data cache writeback
[    0.000000] CPU: All CPU(s) started in SVC mode.
[    0.000000] OMAP3430/3530 ES2.1 (l2cache iva sgx neon isp )
[    0.000000] PERCPU: Embedded 14 pages/cpu @c7c59000 s25152 r8192 d24000 u57344
[    0.000000] Built 1 zonelists in Zone order, mobility grouping on.  Total pages: 31968
[    0.000000] Kernel command line: console=ttyO2,115200n8 earlyprintk rootwait ip=dhcp root=/dev/mmcblk0p2 rw rootfstype=ext3 nohlt
[    0.000000] PID hash table entries: 512 (order: -1, 2048 bytes)
[    0.000000] Dentry cache hash table entries: 16384 (order: 4, 65536 bytes)
[    0.000000] Inode-cache hash table entries: 8192 (order: 3, 32768 bytes)
[    0.000000] Memory: 92500K/129024K available (6569K kernel code, 744K rwdata, 2224K rodata, 452K init, 8263K bss, 20140K reserved, 16384K cma-reserved, 0K highmem)
[    0.000000] Virtual kernel memory layout:
[    0.000000]     vector  : 0xffff0000 - 0xffff1000   (   4 kB)
[    0.000000]     fixmap  : 0xffc00000 - 0xfff00000   (3072 kB)
[    0.000000]     vmalloc : 0xc8800000 - 0xff800000   ( 880 MB)
[    0.000000]     lowmem  : 0xc0000000 - 0xc8000000   ( 128 MB)
[    0.000000]     pkmap   : 0xbfe00000 - 0xc0000000   (   2 MB)
[    0.000000]     modules : 0xbf000000 - 0xbfe00000   (  14 MB)
[    0.000000]       .text : 0xc0008000 - 0xc089e858   (8795 kB)
[    0.000000]       .init : 0xc089f000 - 0xc0910000   ( 452 kB)
[    0.000000]       .data : 0xc0910000 - 0xc09ca298   ( 745 kB)
[    0.000000]        .bss : 0xc09cd000 - 0xc11def30   (8264 kB)
[    0.000000] Running RCU self tests
[    0.000000] Hierarchical RCU implementation.
[    0.000000] 	RCU lockdep checking is enabled.
[    0.000000] 	Build-time adjustment of leaf fanout to 32.
[    0.000000] 	RCU restricting CPUs from NR_CPUS=2 to nr_cpu_ids=1.
[    0.000000] RCU: Adjusting geometry for rcu_fanout_leaf=32, nr_cpu_ids=1
[    0.000000] NR_IRQS:16 nr_irqs:16 16
[    0.000000] IRQ: Found an INTC at 0xfa200000 (revision 4.0) with 96 interrupts
[    0.000000] Clocking rate (Crystal/Core/MPU): 26.0/166/600 MHz
[    0.000000] OMAP clockevent source: timer1 at 32768 Hz
[    0.000000] clocksource: 32k_counter: mask: 0xffffffff max_cycles: 0xffffffff, max_idle_ns: 58327039986419 ns
[    0.000030] sched_clock: 32 bits at 32kHz, resolution 30517ns, wraps every 65535999984741ns
[    0.000030] OMAP clocksource: 32k_counter at 32768 Hz
[    0.001525] Console: colour dummy device 80x30
[    0.001617] Lock dependency validator: Copyright (c) 2006 Red Hat, Inc., Ingo Molnar
[    0.001617] ... MAX_LOCKDEP_SUBCLASSES:  8
[    0.001647] ... MAX_LOCK_DEPTH:          48
[    0.001647] ... MAX_LOCKDEP_KEYS:        8191
[    0.001678] ... CLASSHASH_SIZE:          4096
[    0.001678] ... MAX_LOCKDEP_ENTRIES:     32768
[    0.001708] ... MAX_LOCKDEP_CHAINS:      65536
[    0.001708] ... CHAINHASH_SIZE:          32768
[    0.001739]  memory used by lock dependency info: 5167 kB
[    0.001739]  per task-struct memory footprint: 1536 bytes
[    0.001770] Calibrating delay loop... 594.73 BogoMIPS (lpj=2973696)
[    0.097045] pid_max: default: 32768 minimum: 301
[    0.097717] Security Framework initialized
[    0.097961] Mount-cache hash table entries: 1024 (order: 0, 4096 bytes)
[    0.097991] Mountpoint-cache hash table entries: 1024 (order: 0, 4096 bytes)
[    0.103240] Initializing cgroup subsys io
[    0.103454] Initializing cgroup subsys memory
[    0.103607] Initializing cgroup subsys devices
[    0.103759] Initializing cgroup subsys freezer
[    0.104003] Initializing cgroup subsys perf_event
[    0.104095] CPU: Testing write buffer coherency: ok
[    0.106567] CPU0: thread -1, cpu 0, socket -1, mpidr 0
[    0.106750] Setting up static identity map for 0x80008280 - 0x800082f0
[    0.114501] Brought up 1 CPUs
[    0.114532] SMP: Total of 1 processors activated (594.73 BogoMIPS).
[    0.114562] CPU: All CPU(s) started in SVC mode.
[    0.121826] devtmpfs: initialized
[    0.253936] VFP support v0.3: implementor 41 architecture 3 part 30 variant c rev 1
[    0.349945] omap_hwmod: mcbsp2_sidetone using broken dt data from mcbsp
[    0.352630] omap_hwmod: mcbsp3_sidetone using broken dt data from mcbsp
[    0.472991] clocksource: jiffies: mask: 0xffffffff max_cycles: 0xffffffff, max_idle_ns: 19112604462750000 ns
[    0.477111] pinctrl core: initialized pinctrl subsystem
[    0.486114] NET: Registered protocol family 16
[    0.496917] DMA: preallocated 256 KiB pool for atomic coherent allocations
[    0.500488] cpuidle: using governor ladder
[    0.500549] cpuidle: using governor menu
[    0.501434] Reprogramming SDRC clock to 166000000 Hz
[    0.520812] OMAP GPIO hardware version 2.5
[    0.541229] irq: no irq domain found for /ocp/l4@48000000/scm@2000/pinmux@30 !
[    0.571594] omap-gpmc 6e000000.gpmc: GPMC revision 5.0
[    0.571899] gpmc_mem_init: disabling cs 0 mapped at 0x0-0x1000000
[    0.587463] No ATAGs?
[    0.587493] hw-breakpoint: debug architecture 0x4 unsupported.
[    0.590789] omap4_sram_init:Unable to allocate sram needed to handle errata I688
[    0.590820] omap4_sram_init:Unable to get sram pool needed to handle errata I688
[    0.593048] OMAP DMA hardware revision 4.0
[    0.655090] omap-dma-engine 48056000.dma-controller: OMAP DMA engine driver
[    0.667022] SCSI subsystem initialized
[    0.673950] omap_i2c 48070000.i2c: bus 0 rev3.3 at 2600 kHz
[    0.676422] omap_i2c 48072000.i2c: bus 1 rev3.3 at 400 kHz
[    0.678527] omap_i2c 48060000.i2c: bus 2 rev3.3 at 400 kHz
[    0.679229] pps_core: LinuxPPS API ver. 1 registered
[    0.679260] pps_core: Software ver. 5.3.6 - Copyright 2005-2007 Rodolfo Giometti <giometti@linux.it>
[    0.679382] PTP clock support registered
[    0.686706] clocksource: Switched to clocksource 32k_counter
[    0.945800] NET: Registered protocol family 2
[    0.949249] TCP established hash table entries: 1024 (order: 0, 4096 bytes)
[    0.949340] TCP bind hash table entries: 1024 (order: 3, 36864 bytes)
[    0.949920] TCP: Hash tables configured (established 1024 bind 1024)
[    0.950256] UDP hash table entries: 256 (order: 2, 20480 bytes)
[    0.950592] UDP-Lite hash table entries: 256 (order: 2, 20480 bytes)
[    0.952148] NET: Registered protocol family 1
[    0.954956] RPC: Registered named UNIX socket transport module.
[    0.955017] RPC: Registered udp transport module.
[    0.955017] RPC: Registered tcp transport module.
[    0.955047] RPC: Registered tcp NFSv4.1 backchannel transport module.
[    0.962707] hw perfevents: enabled with armv7_cortex_a8 PMU driver, 5 counters available
[    0.972564] futex hash table entries: 256 (order: 2, 16384 bytes)
[    0.972991] audit: initializing netlink subsys (disabled)
[    0.973388] audit: type=2000 audit(0.960:1): initialized
[    0.980987] VFS: Disk quotas dquot_6.6.0
[    0.981475] VFS: Dquot-cache hash table entries: 1024 (order 0, 4096 bytes)
[    0.985504] NFS: Registering the id_resolver key type
[    0.986206] Key type id_resolver registered
[    0.986236] Key type id_legacy registered
[    0.986816] jffs2: version 2.2. (NAND) (SUMMARY)   2001-2006 Red Hat, Inc.
[    0.997619] io scheduler noop registered
[    0.997680] io scheduler deadline registered
[    0.997772] io scheduler cfq registered (default)
[    1.001983] pinctrl-single 48002030.pinmux: 284 pins at pa fa002030 size 568
[    1.002929] pinctrl-single 48002a00.pinmux: 46 pins at pa fa002a00 size 92
[    1.004089] pinctrl-single 480025d8.pinmux: 18 pins at pa fa0025d8 size 36
[    1.011199] Serial: 8250/16550 driver, 4 ports, IRQ sharing enabled
[    1.022399] omap_uart 4806a000.serial: no wakeirq for uart0
[    1.023345] 4806a000.serial: ttyO0 at MMIO 0x4806a000 (irq = 88, base_baud = 3000000) is a OMAP UART0
[    1.026458] omap_uart 4806c000.serial: no wakeirq for uart1
[    1.027709] 4806c000.serial: ttyO1 at MMIO 0x4806c000 (irq = 89, base_baud = 3000000) is a OMAP UART1
[    1.030944] 49020000.serial: ttyO2 at MMIO 0x49020000 (irq = 90, base_baud = 3000000) is a OMAP UART2
[    1.837677] console [ttyO2] enabled
[    1.908294] brd: module loaded
[    1.950195] loop: module loaded
[    1.968627] twl 0-0048: PIH (irq 23) chaining IRQs 339..347
[    1.975097] twl 0-0048: power (irq 344) chaining IRQs 347..354
[    2.056030] twl4030_gpio twl4030-gpio: gpio (irq 339) chaining IRQs 355..372
[    2.148986] mtdoops: mtd device (mtddev=name/number) must be supplied
[    2.158416] nand: device found, Manufacturer ID: 0x2c, Chip ID: 0xba
[    2.165069] nand: Micron MT29F2G16ABD
[    2.169006] nand: 128 MiB, SLC, erase size: 64 KiB, page size: 1024, OOB size: 32
[    2.176879] nand: using OMAP_ECC_BCH8_CODE_HW_DETECTION_SW
[    2.185791] 5 ofpart partitions found on MTD device omap2-nand.0
[    2.192199] Creating 5 MTD partitions on "omap2-nand.0":
[    2.197845] 0x000000000000-0x000000080000 : "X-Loader"
[    2.214172] 0x000000080000-0x0000001c0000 : "U-Boot"
[    2.226989] 0x0000001c0000-0x000000200000 : "Environment"
[    2.239471] 0x000000200000-0x000002000000 : "Kernel"
[    2.278869] 0x000002000000-0x000008000000 : "Filesystem"
[    2.410278] libphy: smsc911x-mdio: probed
[    2.415039] smsc911x 8000000.ethernet eth0: attached PHY driver [SMSC LAN8700] (mii_bus:phy_addr=8000000.ethernet:01, irq=-1)
[    2.427368] smsc911x 8000000.ethernet eth0: MAC Address: 00:08:ee:02:24:9d
[    2.441223] mousedev: PS/2 mouse device common for all mice
[    2.447235] i2c /dev entries driver
[    2.458953] omap_hsmmc 4809c000.mmc: multiblock reads disabled due to 35xx erratum 2.1.1.128; MMC read performance may suffer
[    2.517700] ledtrig-cpu: registered to indicate activity on CPUs
[    2.526702] oprofile: using arm/armv7
[    2.531829] Initializing XFRM netlink socket
[    2.537231] NET: Registered protocol family 10
[    2.548736] sit: IPv6 over IPv4 tunneling driver
[    2.557617] NET: Registered protocol family 17
[    2.562408] NET: Registered protocol family 15
[    2.567962] Key type dns_resolver registered
[    2.572967] omap2_set_init_voltage: unable to find boot up OPP for vdd_mpu_iva
[    2.580627] omap2_set_init_voltage: unable to set vdd_mpu_iva
[    2.586730] omap2_set_init_voltage: unable to find boot up OPP for vdd_core
[    2.594024] omap2_set_init_voltage: unable to set vdd_core
[    2.603088] PM: no software I/O chain control; some wakeups may be lost
[    2.613098] ThumbEE CPU extension supported.
[    2.617736] Registering SWP/SWPB emulation handler
[    2.622772] SmartReflex Class3 initialized
[    2.648376] hctosys: unable to open rtc device (rtc0)
[    2.653686] sr_init: No PMIC hook to init smartreflex
[    2.659759] smartreflex smartreflex.0: omap_sr_probe: SmartReflex driver initialized
[    2.668273] smartreflex smartreflex.0: omap_sr_probe: smartreflex_mpu_iva: No Voltage table for the corresponding vdd. Cannot create debugfs entries for n-values
[    2.684020] smartreflex: probe of smartreflex.0 failed with error -61
[    2.691131] smartreflex smartreflex.1: omap_sr_probe: SmartReflex driver initialized
[    2.699615] smartreflex smartreflex.1: omap_sr_probe: smartreflex_core: No Voltage table for the corresponding vdd. Cannot create debugfs entries for n-values
[    2.714843] smartreflex: probe of smartreflex.1 failed with error -61
[    2.721862] sr_init: platform driver register failed for SR
[    2.838562] smsc911x 8000000.ethernet eth0: SMSC911x/921x identified at 0xc881e000, IRQ: 264
[    2.847930] IPv6: ADDRCONF(NETDEV_UP): eth0: link is not ready
[    2.864227] mmc0: host does not support reading read-only switch, assuming write-enable
[    2.875671] mmc0: new high speed SDHC card at address 1234
[    2.886138] mmcblk0: mmc0:1234 SA04G 3.63 GiB 
[    2.902801]  mmcblk0: p1 p2
[    6.447753] IPv6: ADDRCONF(NETDEV_CHANGE): eth0: link becomes ready
[    6.468414] Sending DHCP requests .
[    6.473052] Unable to handle kernel paging request at virtual address 00004308
[    6.480895] pgd = c0004000
[    6.483734] [00004308] *pgd=00000000
[    6.487548] Internal error: Oops: 5 [#1] SMP ARM
[    6.492370] Modules linked in:
[    6.495574] CPU: 0 PID: 0 Comm: swapper/0 Not tainted 4.3.0-rc1-next-20150918-00002-g3377da53ceb1 #1
[    6.505126] Hardware name: Generic OMAP3 (Flattened Device Tree)
[    6.511413] task: c09165b8 ti: c0910000 task.ti: c0910000
[    6.517089] PC is at ip_route_input_noref+0x608/0xe94
[    6.522369] LR is at trace_hardirqs_on_caller+0xb0/0x1e8
[    6.527923] pc : [<c0530994>]    lr : [<c0091344>]    psr: 20000113
[    6.527923] sp : c0911c90  ip : 07350000  fp : 00000010
[    6.539916] r10: 00000000  r9 : c09b7480  r8 : c6551000
[    6.545379] r7 : ffffff8f  r6 : c66262c0  r5 : 00000000  r4 : c65ea400
[    6.552215] r3 : 00004300  r2 : 00000001  r1 : 0000000a  r0 : c66262c0
[    6.559020] Flags: nzCv  IRQs on  FIQs on  Mode SVC_32  ISA ARM  Segment none
[    6.566497] Control: 10c5387d  Table: 80004019  DAC: 00000051
[    6.572509] Process swapper/0 (pid: 0, stack limit = 0xc0910218)
[    6.578765] Stack: (0xc0911c90 to 0xc0912000)
[    6.583343] 1c80:                                     00000000 00000000 c05304ec c056a964
[    6.591888] 1ca0: 00000000 00000010 c659c600 c09c76df 00000000 00000002 00000000 00000010
[    6.600463] 1cc0: 000000ef 00001298 00000000 00000000 fe01a8c0 ac01a8c0 00000000 00000000
[    6.609008] 1ce0: c056a964 00070000 00000001 00000000 00004300 c0951ccc 00000000 c65ea400
[    6.617584] 1d00: c0535bec c6657dd0 c0697044 c65ea400 c09c7717 c65ea400 c04fa16c c0535bec
[    6.626129] 1d20: c091358c c0534b04 c6551000 c04fa16c 00000000 c09c7ce8 00000001 60000113
[    6.634674] 1d40: 00000001 00000050 c6657d80 00000000 ff7f2000 c65ea400 c04fa16c c6551000
[    6.643249] 1d60: c091358c c0535bec 00000001 00000000 c04fa16c c0091344 c6000140 c65ea340
[    6.651794] 1d80: ff7f2124 c015ccc8 00000000 00000000 c6657dd0 c09bd408 c6657f18 c08fee94
[    6.660369] 1da0: c6657f09 c08e7c6c 00000000 fe01a8c0 00000001 c65ea400 c6551000 c65ea400
[    6.668914] 1dc0: c0915058 00000008 c655105c c0911e14 c6551000 c04fa16c 00000000 00000000
[    6.677490] 1de0: 00000000 00000002 60000113 c65ea400 00000000 c0090920 00000000 00000000
[    6.686035] 1e00: 00000000 c04ff590 00000000 c6551658 c047d4c8 c655105c 00000001 c091408c
[    6.694610] 1e20: c65ea400 c09c7643 00000001 00000057 c6551600 c6551710 00000010 c04ff5e8
[    6.703155] 1e40: 00000000 00000000 c04ff590 00000001 00000001 c0091344 a0000113 c6551648
[    6.711700] 1e60: c65ea400 c65ea400 c65ea400 c6551000 0000015a c047d508 c047d424 c6551710
[    6.720275] 1e80: 00000001 00000010 0000012c c7c5f040 ffff8d59 c0911eb0 c090f040 c05000c4
[    6.728820] 1ea0: c0911eb8 07350000 c7c5f040 c090f040 c0911eb0 c0911eb0 c0911eb8 c0911eb8
[    6.737396] 1ec0: c09165b8 c091208c 00000008 00000000 00000003 0000000c 00000004 c6002000
[    6.745941] 1ee0: c09c7a2c c0042cc4 c6002c00 c063a900 c61b5284 00000100 0000000a ffff8d58
[    6.754486] 1f00: 00200000 00000001 00000000 c091358c c090b8a0 00000000 00000000 00000031
[    6.763061] 1f20: c09129f0 c6002000 c090da98 c004329c c091358c c009b43c c0911f58 c0084128
[    6.771606] 1f40: 20000013 ffffffff c0911f8c c08eea48 c0912988 c063adb8 c0911fa8 c0911fa8
[    6.780181] 1f60: 00000000 00000001 c09129e8 00000000 c09c801c 00000000 c08eea48 c09129f0
[    6.788726] 1f80: c0912988 c090da98 00000000 c0911fa8 c0091394 c0084128 20000013 ffffffff
[    6.797271] 1fa0: 00000051 c0084104 c0633e78 c09094e4 00000001 c09cd000 00000000 c089fc20
[    6.805847] 1fc0: ffffffff ffffffff 00000000 c089f668 00000000 c08eea48 00000000 c09cd214
[    6.814392] 1fe0: c091296c c08eea44 c0918188 80004059 00000000 8000807c 00000000 00000000
[    6.822967] [<c0530994>] (ip_route_input_noref) from [<c0534b04>] (ip_rcv_finish+0x16c/0x664)
[    6.831878] [<c0534b04>] (ip_rcv_finish) from [<c0535bec>] (ip_rcv+0x488/0x6f4)
[    6.839538] [<c0535bec>] (ip_rcv) from [<c04fa16c>] (__netif_receive_skb_core+0x468/0x964)
[    6.848205] [<c04fa16c>] (__netif_receive_skb_core) from [<c04ff5e8>] (netif_receive_skb_internal+0x74/0x1e4)
[    6.858581] [<c04ff5e8>] (netif_receive_skb_internal) from [<c047d508>] (smsc911x_poll+0xe4/0x220)
[    6.867980] [<c047d508>] (smsc911x_poll) from [<c05000c4>] (net_rx_action+0x120/0x350)
[    6.876251] [<c05000c4>] (net_rx_action) from [<c0042cc4>] (__do_softirq+0xd0/0x384)
[    6.884368] [<c0042cc4>] (__do_softirq) from [<c004329c>] (irq_exit+0xbc/0x130)
[    6.892028] [<c004329c>] (irq_exit) from [<c009b43c>] (__handle_domain_irq+0x6c/0xd8)
[    6.900238] [<c009b43c>] (__handle_domain_irq) from [<c063adb8>] (__irq_svc+0x58/0x78)
[    6.908508] [<c063adb8>] (__irq_svc) from [<c0084128>] (cpu_startup_entry+0xf0/0x390)
[    6.916717] [<c0084128>] (cpu_startup_entry) from [<c089fc20>] (start_kernel+0x38c/0x404)
[    6.925292] [<c089fc20>] (start_kernel) from [<8000807c>] (0x8000807c)
[    6.932128] Code: e3530000 e586202c e3a02001 e5c6205e (15933008) 
[    6.938568] ---[ end trace 55627f761faa2445 ]---
[    6.943420] Kernel panic - not syncing: Fatal exception in interrupt
[    6.950073] ---[ end Kernel panic - not syncing: Fatal exception in interrupt
[   74.786529] random: nonblocking pool is initialized
- 05:47:12 [INFO] Boot attempt 1/1 failed
URL:gtsystest.telogy.design.ti.com/vatf/tidfarm-02.dal.design.ti.com/tidfarm-02.dal.design.ti.com_vatf@6/tidfarm-02.dal.design.ti.com09_18_2015_05_44_01/files/session_iteration_1/test_1
