- 05:36:15 [INFO] Starting target session
- 05:36:15 [INFO] Connected to ldp via serial 
- 05:36:15 [INFO] Host: #check prompt
- 05:36:18 [ERROR] On command: #check prompt waiting for #check prompt.+?(?-mix:((?-mix:.*\s+login)|[Pp]assword)) >>> error: execution expired
- 05:36:18 [INFO] Target: 
#check prompt
- 05:36:18 [INFO] Host: #check prompt
- 05:36:20 [ERROR] On command: #check prompt waiting for #check prompt.+?(?m-ix:root.*#) >>> error: execution expired
- 05:36:20 [INFO] Target: 
#check prompt
- 05:36:20 [INFO] Disconnected serial from ldp
- 05:36:21 [INFO] Connected to ldp via serial 
- 05:36:21 [INFO] Host: 
- 05:36:22 [ERROR] On command:  waiting for (?-mix:U-Boot#\s) >>> error: execution expired
- 05:36:22 [INFO] Target: 
tb$U
 @ @ @D` @ 
Texas Instruments X-Loader 1.41 (Apr 25 2014 - 11:23:40)
- 05:36:22 [INFO] Host: 
- 05:36:22 [ERROR] On command:  waiting for (?-mix:U-Boot#\s) >>> error: execution expired
- 05:36:22 [INFO] Target: 
Starting OS Bootloader from NAND ...
U-Boot 1.1.4-gae533d15 (Apr 25 2014 - 15:03:07)
OMAP3430-GP rev 2, CPU-OPP2 L3-165MHz
OMAP3430LAB 0.1 Version + mDDR (Boot NAND)
DRAM:  128 MB
NAND:
- 05:36:22 [INFO] Host: 
- 05:36:23 [ERROR] On command:  waiting for (?-mix:U-Boot#\s) >>> error: execution expired
- 05:36:23 [INFO] Target: 
- 05:36:23 [INFO] Host: 
- 05:36:23 [ERROR] On command:  waiting for (?-mix:U-Boot#\s) >>> error: execution expired
- 05:36:23 [INFO] Target: 
- 05:36:23 [INFO] Host: 
- 05:36:24 [ERROR] On command:  waiting for (?-mix:U-Boot#\s) >>> error: execution expired
- 05:36:24 [INFO] Target: 
256 MiB
Reading data from 0xc0000 --   1% complete.
Reading data from 0xc0800 --   3% complete.
Reading data from 0xc1000 --   4% complete.
Reading data from 0xc1800 --   6% complete.
Reading data from 0xc2000 --   7% complete.
Reading data from 0xc2800 --   9% complete.
Reading data from 0xc3000 --  10% complete.
Reading data from 0xc3800 --  12% complete.
Reading data from 0xc4000 --  14% complete.
Reading data from 0xc4800 --  15% complete.
Reading data from 0xc5000 --  17% complete.
Reading data from 0xc5800 --  18% complete.
Reading data from 0xc6000 --  20% complete.
Reading data from 0xc6800 --  21% complete.
Reading data from 0xc7000 --  23% complete.
Reading data from 0xc7800 --  25% complete.
Reading data from 0xc8000 --  26% complete.
- 05:36:24 [INFO] Host: 
- 05:36:24 [ERROR] On command:  waiting for (?-mix:U-Boot#\s) >>> error: execution expired
- 05:36:24 [INFO] Target: 
ading data from 0xc8800 --  28% complete.
Reading data from 0xc9000 --  29% complete.
Reading data from 0xc9800 --  31% complete.
Reading data from 0xca000 --  32% complete.
Reading data from 0xca800 --  34% complete.
Reading data from 0xcb000 --  35% complete.
Reading data from 0xcb800 --  37% complete.
Reading data from 0xcc000 --  39% complete.
Reading data from 0xcc800 --  40% complete.
Reading data from 0xcd000 --  42% complete.
Reading data from 0xcd800 --  43% complete.
Reading data from 0xce000 --  45% complete.
Reading data from 0xce800 --  46% complete.
Reading data from 0xcf000 --  48% complete.
Reading data from 0xcf800 --  50% complete.
Reading data from 0xd0000 --  51% complete.
Reading data from 0xd0800 --  53% complete.
Reading data from 0xd1000 --  54% complete.
Reading data from 0xd1800 --  56% complete.
Reading data from 0xd2000 --  57% complete.
Reading data from 0xd2800 --  59% complete.
Reading data from 0xd3000 --  60% complete.
Reading data from 0xd3800 --  62% complete.
Reading data from 0xd4000 --  64% complete.
Reading data from 0xd4800 --  65% complete.
Reading data from 0xd5000 --  67% complete.
Reading data from 0xd5800 --  68% complete.
Reading data from 0xd6000 --  70% complete.
Reading data from 0xd6800 --  71% complete.
Reading data from 0xd7000 --  73% complete.
Reading data from 0xd7800 --  75% complete.
Reading data from 0xd8000 --  76% complete.
Reading data from 0xd8800 --  78% complete.
Reading data from 0xd9000 --  79% complete.
Reading data from 0xd9800 --  81% complete.
Reading data from 0xda000 --  82% complete.
Reading data from 0xda800 --  84% complete.
Reading data from 0xdb000 --  85% complete.
Reading data from 0xdb800 --  87% complete.
Reading data from 0xdc000 --  89% complete.
Reading data from 0xdc800 --  90% complete.
Reading data from 0xdd000 --  92% complete.
Reading data from 0xdd800 --  93% complete.
Reading data from 0xde000 --  95% complete.
Reading data from 0xde800 --  96% complete.
Reading data from 0xdf000 --  98% complete.
Reading data from 0xdf800 -- 100% complete.
*** Warning - bad CRC or NAND, using default environment
In:    serial
Out:   serial
Err:   serial
- 05:36:24 [INFO] Host: 
- 05:36:25 [ERROR] On command:  waiting for (?-mix:U-Boot#\s) >>> error: execution expired
- 05:36:25 [INFO] Target: 
- 05:36:25 [INFO] Host: 
- 05:36:25 [ERROR] On command:  waiting for (?-mix:U-Boot#\s) >>> error: execution expired
- 05:36:25 [INFO] Target: 
- 05:36:25 [INFO] Host: 
- 05:36:26 [ERROR] On command:  waiting for (?-mix:U-Boot#\s) >>> error: execution expired
- 05:36:26 [INFO] Target: 
- 05:36:26 [INFO] Host: 
- 05:36:26 [ERROR] On command:  waiting for (?-mix:U-Boot#\s) >>> error: execution expired
- 05:36:26 [INFO] Target: 
Battery levels: main 4186 mV, backup 3201 mV
LAN9x18 (0x92110000) detected.
Read mac address: 00:08:EE:02:24:9D
start Auto negotiation... (take ~2sec)
- 05:36:26 [INFO] Host: 
- 05:36:27 [ERROR] On command:  waiting for (?-mix:U-Boot#\s) >>> error: execution expired
- 05:36:27 [INFO] Target: 
- 05:36:27 [INFO] Host: 
- 05:36:27 [ERROR] On command:  waiting for (?-mix:U-Boot#\s) >>> error: execution expired
- 05:36:27 [INFO] Target: 
- 05:36:27 [INFO] Host: 
- 05:36:28 [ERROR] On command:  waiting for (?-mix:U-Boot#\s) >>> error: execution expired
- 05:36:28 [INFO] Target: 
- 05:36:28 [INFO] Host: 
- 05:36:28 [ERROR] On command:  waiting for (?-mix:U-Boot#\s) >>> error: execution expired
- 05:36:28 [INFO] Target: 
Auto negotiation complete, 100BaseTX, full d
- 05:36:28 [INFO] Host: 
- 05:36:29 [ERROR] On command:  waiting for (?-mix:U-Boot#\s) >>> error: execution expired
- 05:36:29 [INFO] Target: 
uplex
Press SPACE to abort Chain2Bootloader in 1 seconds
- 05:36:29 [INFO] Host: 
- 05:36:29 [ERROR] On command:  waiting for (?-mix:U-Boot#\s) >>> error: execution expired
- 05:36:29 [INFO] Target: 
- 05:36:29 [INFO] Host: 
- 05:36:30 [ERROR] On command:  waiting for (?-mix:U-Boot#\s) >>> error: execution expired
- 05:36:30 [INFO] Target: 
reading chained-bootloader
NAND read: device 0 offset 0x100000, size 0x100000
 1048576 bytes read: OK
starting chained-boot-loader
## Starting application at 0x80800000 ...
U-Boot 2014.04-00071-g8543283-dirty (Apr 25 2014 - 14:59:48)
OMAP3530-GP ES2.1, CPU-OPP2, L3-165MHz, Max CPU Clock 600 MHz
OMAP3 Zoom MDK Rev 1 + LPDDR/NAND
I2C:   ready
DRAM:  128 MiB
- 05:36:30 [INFO] Host: 
- 05:36:30 [ERROR] On command:  waiting for (?-mix:U-Boot#\s) >>> error: execution expired
- 05:36:30 [INFO] Target: 
NAND:  256 MiB
MMC:   OMAP SD/MMC: 0
*** Warning - bad CRC, using default enviro
- 05:36:30 [INFO] Host: 
- 05:36:31 [ERROR] On command:  waiting for (?-mix:U-Boot#\s) >>> error: execution expired
- 05:36:31 [INFO] Target: 
- 05:36:31 [INFO] Host: 
- 05:36:31 [ERROR] On command:  waiting for (?-mix:U-Boot#\s) >>> error: execution expired
- 05:36:31 [INFO] Target: 
- 05:36:31 [INFO] Host: 
- 05:36:32 [INFO] Target: 
Die ID #19ae00020000000004013ddc0201700b
Net:   smc911x-0
Hit any key to stop autoboot:  1  0 
U-Boot# 
U-Boot# 
U-Boot# 
U-Boot# 
- 05:36:32 [INFO] Host: version
- 05:36:32 [INFO] Target: 
version
U-Boot 2014.04-00071-g8543283-dirty (Apr 25 2014 - 14:59:48)
arm-linux-gnueabi-gcc (Ubuntu/Linaro 4.6.3-1ubuntu5) 4.6.3
GNU ld (GNU Binutils for Ubuntu) 2.22
U-Boot# 
- 05:36:32 [INFO] Host: bdinfo
- 05:36:33 [INFO] Target: 
bdinfo
arch_number = 0x00000667
boot_params = 0x80000100
DRAM bank   = 0x00000000
-> start    = 0x80000000
-> size     = 0x08000000
DRAM bank   = 0x00000001
-> start    = 0x88000000
-> size     = 0x00000000
eth0name    = smc911x-0
ethaddr     = 00:08:ee:02:24:9d
current eth = smc911x-0
ip_addr     = <NULL>
baudrate    = 115200 bps
TLB addr    = 0x87FF0000
relocaddr   = 0x87F71000
reloc off   = 0x07771000
irq_sp      = 0x87E50ED0
sp start    = 0x87E50EC0
U-Boot# 
- 05:36:33 [INFO] Host: printenv
- 05:36:33 [INFO] Target: 
printenv
arch=arm
baudrate=115200
board=zoom1
board_name=zoom1
bootcmd=mmc dev ${mmcdev}; if mmc rescan; then if run loadbootscript; then run bootscript; if test -n $uenvcmd; then echo Running uenvcmd ...;run uenvcmd;fi;else if run loadimage; then run mmcboot; else if run loadzimage; then run mmczboot; else run nandboot; fi; fi;fi; else run nandboot; fi
bootdelay=1
bootdir=/
bootfile=uImage
bootpart=0:1
bootscript=echo Running bootscript from mmc ...; if run importbootscr; then echo boot.scr imported; else run importbootenv;fi
console=ttyO2,115200n8
cpu=armv7
dieid#=19ae00020000000004013ddc0201700b
ethact=smc911x-0
ethaddr=00:08:ee:02:24:9d
fdtaddr=0x80f80000
fdtfile=omap3-ldp.dtb
importbootenv=env import -t $loadaddr $filesize
importbootscr=source ${loadaddr}
loadaddr=0x82000000
loadbootenv=fatload mmc ${mmcdev} ${loadaddr} uEnv.txt
loadbootscr=fatload mmc ${mmcdev} ${loadaddr} boot.scr
loadbootscript=if run loadbootscr; then echo boot.scr; else run loadbootenv;fi
loadfdt=load mmc ${bootpart} ${fdtaddr} ${bootdir}/${fdtfile}
loadimage=load mmc ${bootpart} ${loadaddr} ${bootdir}/${bootfile}
loadzimage=setenv bootfile zImage; if run loadimage; then run loadfdt;fi
mmcargs=setenv bootargs console=${console} video=${videospec},mode:${videomode} root=/dev/mmcblk0p2 rw rootfstype=ext3 rootwait
mmcboot=echo Booting from mmc ...; run mmcargs; bootm ${loadaddr}
mmcdev=0
mmczboot=echo Booting from mmc ...; run mmcargs; bootz ${loadaddr} - ${fdtaddr}
nandargs=setenv bootargs console=${console} video=${videospec},mode:${videomode} root=/dev/mtdblock4 rw rootfstype=jffs2
nandboot=echo Booting from nand ...; run nandargs; nand read ${loadaddr} 280000 400000; bootm ${loadaddr}
soc=omap3
usbtty=cdc_acm
vendor=logicpd
ver=U-Boot 2014.04-00071-g8543283-dirty (Apr 25 2014 - 14:59:48)
videomode=1024x768@60,vxres=1024,vyres=768
videospec=omapfb:vram:2M,vram:4M
Environment size: 1940/131068 bytes
U-Boot# 
- 05:36:33 [INFO] Host: setenv autoload 'no'
- 05:36:34 [INFO] Target: 
setenv autoload 'no'
U-Boot# 
- 05:36:34 [INFO] Host: dhcp
- 05:36:37 [INFO] Target: 
dhcp
smc911x: detected LAN9211 controller
smc911x: phy initialized
smc911x: MAC 00:08:ee:02:24:9d
BOOTP broadcast 1
DHCP client bound to address 192.168.1.194
U-Boot# 
- 05:36:37 [INFO] Host: setenv serverip 192.168.1.254
- 05:36:37 [INFO] Target: 
setenv serverip 192.168.1.254
U-Boot# 
- 05:36:37 [INFO] Host: setenv bootargs 'console=ttyO2,115200n8 earlyprintk rootwait ip=dhcp root=/dev/mmcblk0p2 rw rootfstype=ext3 nohlt'
- 05:36:38 [INFO] Target: 
setenv bootargs 'console=ttyO2,115200n8 earlyprintk rootwait ip=dhcp root=/dev/mmcblk0p2 rw rootfstype=ext3 nohlt'
U-Boot# 
- 05:36:38 [INFO] Host: setenv bootfile vatf_6/56e404b9cc00650b6551cdb41f314a80
- 05:36:38 [INFO] Target: 
setenv bootfile vatf_6/56e404b9cc00650b6551cdb41f314a80
U-Boot# 
- 05:36:38 [INFO] Host: setenv bootcmd 'tftp ${loadaddr};bootm ${loadaddr}'
- 05:36:39 [INFO] Target: 
setenv bootcmd 'tftp ${loadaddr};bootm ${loadaddr}'
U-Boot# 
- 05:36:39 [INFO] Host: printenv
- 05:36:39 [INFO] Target: 
printenv
arch=arm
autoload=no
baudrate=115200
board=zoom1
board_name=zoom1
bootargs=console=ttyO2,115200n8 earlyprintk rootwait ip=dhcp root=/dev/mmcblk0p2 rw rootfstype=ext3 nohlt
bootcmd=tftp ${loadaddr};bootm ${loadaddr}
bootdelay=1
bootdir=/
bootfile=vatf_6/56e404b9cc00650b6551cdb41f314a80
bootpart=0:1
bootscript=echo Running bootscript from mmc ...; if run importbootscr; then echo boot.scr imported; else run importbootenv;fi
console=ttyO2,115200n8
cpu=armv7
dieid#=19ae00020000000004013ddc0201700b
dnsip=192.0.2.2
ethact=smc911x-0
ethaddr=00:08:ee:02:24:9d
fdtaddr=0x80f80000
fdtfile=omap3-ldp.dtb
gatewayip=192.168.1.254
importbootenv=env import -t $loadaddr $filesize
importbootscr=source ${loadaddr}
ipaddr=192.168.1.194
loadaddr=0x82000000
loadbootenv=fatload mmc ${mmcdev} ${loadaddr} uEnv.txt
loadbootscr=fatload mmc ${mmcdev} ${loadaddr} boot.scr
loadbootscript=if run loadbootscr; then echo boot.scr; else run loadbootenv;fi
loadfdt=load mmc ${bootpart} ${fdtaddr} ${bootdir}/${fdtfile}
loadimage=load mmc ${bootpart} ${loadaddr} ${bootdir}/${bootfile}
loadzimage=setenv bootfile zImage; if run loadimage; then run loadfdt;fi
mmcargs=setenv bootargs console=${console} video=${videospec},mode:${videomode} root=/dev/mmcblk0p2 rw rootfstype=ext3 rootwait
mmcboot=echo Booting from mmc ...; run mmcargs; bootm ${loadaddr}
mmcdev=0
mmczboot=echo Booting from mmc ...; run mmcargs; bootz ${loadaddr} - ${fdtaddr}
nandargs=setenv bootargs console=${console} video=${videospec},mode:${videomode} root=/dev/mtdblock4 rw rootfstype=jffs2
nandboot=echo Booting from nand ...; run nandargs; nand read ${loadaddr} 280000 400000; bootm ${loadaddr}
netmask=255.255.255.0
serverip=192.168.1.254
soc=omap3
usbtty=cdc_acm
vendor=logicpd
ver=U-Boot 2014.04-00071-g8543283-dirty (Apr 25 2014 - 14:59:48)
videomode=1024x768@60,vxres=1024,vyres=768
videospec=omapfb:vram:2M,vram:4M
Environment size: 1961/131068 bytes
U-Boot# 
- 05:36:39 [INFO] Host: boot
- 05:39:09 [ERROR] On command: boot waiting for boot.+?(?-mix:.*\s+login) >>> error: execution expired
- 05:39:09 [INFO] Target: 
boot
smc911x: detected LAN9211 controller
smc911x: phy initialized
smc911x: MAC 00:08:ee:02:24:9d
Using smc911x-0 device
TFTP from server 192.168.1.254; our IP address is 192.168.1.194
Filename 'vatf_6/56e404b9cc00650b6551cdb41f314a80'.
Load address: 0x82000000
Loading: *###smc911x: dropped bad packet. Status: 0x048a8022
T ##############################################################
	 #################################################################
	 #################################################################
	 ##########################################
	 557.6 KiB/s
done
Bytes transferred = 3478196 (3512b4 hex)
## Booting kernel from Legacy Image at 82000000 ...
   Image Name:   Linux-4.0.0-rc6-next-20150402-00
   Image Type:   ARM Linux Kernel Image (uncompressed)
   Data Size:    3478132 Bytes = 3.3 MiB
   Load Address: 80800000
   Entry Point:  80800000
   Verifying Checksum ... OK
   Loading Kernel Image ... OK
Starting kernel ...
[    0.000000] Booting Linux on physical CPU 0x0
[    0.000000] Initializing cgroup subsys cpuset
[    0.000000] Initializing cgroup subsys cpu
[    0.000000] Initializing cgroup subsys cpuacct
[    0.000000] Linux version 4.0.0-rc6-next-20150402-00002-g7b7f5d3f5836 (nmenon@kahuna) (gcc version 4.6.3 (Ubuntu/Linaro 4.6.3-1ubuntu5) ) #1 SMP Tue Apr 7 05:32:00 CDT 2015
[    0.000000] CPU: ARMv7 Processor [411fc082] revision 2 (ARMv7), cr=10c5387d
[    0.000000] CPU: PIPT / VIPT nonaliasing data cache, VIPT nonaliasing instruction cache
[    0.000000] Machine model: TI OMAP3430 LDP (Zoom1 Labrador)
[    0.000000] earlycon: no match for ttyO2,115200n8
[    0.000000] cma: Reserved 16 MiB at 0x86800000
[    0.000000] Memory policy: Data cache writeback
[    0.000000] CPU: All CPU(s) started in SVC mode.
[    0.000000] OMAP3430/3530 ES2.1 (l2cache iva sgx neon isp )
[    0.000000] PERCPU: Embedded 12 pages/cpu @c7d5c000 s18688 r8192 d22272 u49152
[    0.000000] Built 1 zonelists in Zone order, mobility grouping on.  Total pages: 32224
[    0.000000] Kernel command line: console=ttyO2,115200n8 earlyprintk rootwait ip=dhcp root=/dev/mmcblk0p2 rw rootfstype=ext3 nohlt
[    0.000000] PID hash table entries: 512 (order: -1, 2048 bytes)
[    0.000000] Dentry cache hash table entries: 16384 (order: 4, 65536 bytes)
[    0.000000] Inode-cache hash table entries: 8192 (order: 3, 32768 bytes)
[    0.000000] Memory: 94016K/130048K available (6214K kernel code, 584K rwdata, 2312K rodata, 440K init, 8220K bss, 19648K reserved, 16384K cma-reserved, 0K highmem)
[    0.000000] Virtual kernel memory layout:
[    0.000000]     vector  : 0xffff0000 - 0xffff1000   (   4 kB)
[    0.000000]     fixmap  : 0xffc00000 - 0xfff00000   (3072 kB)
[    0.000000]     vmalloc : 0xc8800000 - 0xff000000   ( 872 MB)
[    0.000000]     lowmem  : 0xc0000000 - 0xc8000000   ( 128 MB)
[    0.000000]     pkmap   : 0xbfe00000 - 0xc0000000   (   2 MB)
[    0.000000]     modules : 0xbf000000 - 0xbfe00000   (  14 MB)
[    0.000000]       .text : 0xc0008000 - 0xc085ba8c   (8527 kB)
[    0.000000]       .init : 0xc085c000 - 0xc08ca000   ( 440 kB)
[    0.000000]       .data : 0xc08ca000 - 0xc095c058   ( 585 kB)
[    0.000000]        .bss : 0xc095f000 - 0xc1166348   (8221 kB)
[    0.000000] Running RCU self tests
[    0.000000] Hierarchical RCU implementation.
[    0.000000] 	RCU lockdep checking is enabled.
[    0.000000] 	Additional per-CPU info printed with stalls.
[    0.000000] 	RCU restricting CPUs from NR_CPUS=2 to nr_cpu_ids=1.
[    0.000000] RCU: Adjusting geometry for rcu_fanout_leaf=16, nr_cpu_ids=1
[    0.000000] NR_IRQS:16 nr_irqs:16 16
[    0.000000] IRQ: Found an INTC at 0xfa200000 (revision 4.0) with 96 interrupts
[    0.000000] Clocking rate (Crystal/Core/MPU): 26.0/166/600 MHz
[    0.000000] OMAP clockevent source: timer1 at 32768 Hz
[    0.000000] clocksource 32k_counter: mask: 0xffffffff max_cycles: 0xffffffff, max_idle_ns: 58327039986419 ns
[    0.000000] sched_clock: 32 bits at 32kHz, resolution 30517ns, wraps every 65535999984741ns
[    0.000030] OMAP clocksource: 32k_counter at 32768 Hz
[    0.001495] Console: colour dummy device 80x30
[    0.001617] Lock dependency validator: Copyright (c) 2006 Red Hat, Inc., Ingo Molnar
[    0.001617] ... MAX_LOCKDEP_SUBCLASSES:  8
[    0.001647] ... MAX_LOCK_DEPTH:          48
[    0.001647] ... MAX_LOCKDEP_KEYS:        8191
[    0.001647] ... CLASSHASH_SIZE:          4096
[    0.001678] ... MAX_LOCKDEP_ENTRIES:     32768
[    0.001678] ... MAX_LOCKDEP_CHAINS:      65536
[    0.001708] ... CHAINHASH_SIZE:          32768
[    0.001708]  memory used by lock dependency info: 5167 kB
[    0.001739]  per task-struct memory footprint: 1152 bytes
[    0.001770] Calibrating delay loop... 594.73 BogoMIPS (lpj=2973696)
[    0.097076] pid_max: default: 32768 minimum: 301
[    0.097717] Security Framework initialized
[    0.097991] Mount-cache hash table entries: 1024 (order: 0, 4096 bytes)
[    0.098022] Mountpoint-cache hash table entries: 1024 (order: 0, 4096 bytes)
[    0.103302] Initializing cgroup subsys blkio
[    0.103393] Initializing cgroup subsys memory
[    0.103515] Initializing cgroup subsys devices
[    0.103668] Initializing cgroup subsys freezer
[    0.103912] Initializing cgroup subsys perf_event
[    0.104034] CPU: Testing write buffer coherency: ok
[    0.106506] CPU0: thread -1, cpu 0, socket -1, mpidr 0
[    0.106689] Setting up static identity map for 0x80008280 - 0x800082f0
[    0.114562] Brought up 1 CPUs
[    0.114593] SMP: Total of 1 processors activated (594.73 BogoMIPS).
[    0.114624] CPU: All CPU(s) started in SVC mode.
[    0.120758] devtmpfs: initialized
[    0.135162] VFP support v0.3: implementor 41 architecture 3 part 30 variant c rev 1
[    0.227142] omap_hwmod: mcbsp2_sidetone using broken dt data from mcbsp
[    0.229766] omap_hwmod: mcbsp3_sidetone using broken dt data from mcbsp
[    0.346740] clocksource jiffies: mask: 0xffffffff max_cycles: 0xffffffff, max_idle_ns: 19112604462750000 ns
[    0.350494] pinctrl core: initialized pinctrl subsystem
[    0.474914] NET: Registered protocol family 16
[    0.486175] DMA: preallocated 256 KiB pool for atomic coherent allocations
[    0.490081] cpuidle: using governor ladder
[    0.490142] cpuidle: using governor menu
[    0.500488] Reprogramming SDRC clock to 166000000 Hz
[    0.519531] OMAP GPIO hardware version 2.5
[    0.538848] irq: no irq domain found for /ocp/l4@48000000/scm@2000/pinmux@30 !
[    0.568115] omap-gpmc 6e000000.gpmc: GPMC revision 5.0
[    0.582183] No ATAGs?
[    0.582214] hw-breakpoint: debug architecture 0x4 unsupported.
[    0.587280] OMAP DMA hardware revision 4.0
[    0.692779] omap-dma-engine 48056000.dma-controller: OMAP DMA engine driver
[    0.704010] SCSI subsystem initialized
[    0.710449] omap_i2c 48070000.i2c: bus 0 rev3.3 at 2600 kHz
[    0.712768] omap_i2c 48072000.i2c: bus 1 rev3.3 at 400 kHz
[    0.714630] omap_i2c 48060000.i2c: bus 2 rev3.3 at 400 kHz
[    0.722534] Switched to clocksource 32k_counter
[    0.991729] NET: Registered protocol family 2
[    0.995086] TCP established hash table entries: 1024 (order: 0, 4096 bytes)
[    0.995330] TCP bind hash table entries: 1024 (order: 3, 36864 bytes)
[    0.995880] TCP: Hash tables configured (established 1024 bind 1024)
[    0.996246] UDP hash table entries: 256 (order: 2, 20480 bytes)
[    0.996551] UDP-Lite hash table entries: 256 (order: 2, 20480 bytes)
[    0.998138] NET: Registered protocol family 1
[    1.001037] RPC: Registered named UNIX socket transport module.
[    1.001068] RPC: Registered udp transport module.
[    1.001098] RPC: Registered tcp transport module.
[    1.001098] RPC: Registered tcp NFSv4.1 backchannel transport module.
[    1.007476] CPU PMU: Failed to parse <no-node>/interrupt-affinity[0]
[    1.007720] hw perfevents: enabled with armv7_cortex_a8 PMU driver, 5 counters available
[    1.017578] futex hash table entries: 256 (order: 2, 16384 bytes)
[    1.017974] audit: initializing netlink subsys (disabled)
[    1.018371] audit: type=2000 audit(1.000:1): initialized
[    1.026397] VFS: Disk quotas dquot_6.5.2
[    1.026641] VFS: Dquot-cache hash table entries: 1024 (order 0, 4096 bytes)
[    1.031158] NFS: Registering the id_resolver key type
[    1.031860] Key type id_resolver registered
[    1.031890] Key type id_legacy registered
[    1.032196] jffs2: version 2.2. (NAND) (SUMMARY)   2001-2006 Red Hat, Inc.
[    1.041259] io scheduler noop registered
[    1.041320] io scheduler deadline registered
[    1.041381] io scheduler cfq registered (default)
[    1.045837] pinctrl-single 48002030.pinmux: 284 pins at pa fa002030 size 568
[    1.046752] pinctrl-single 48002a00.pinmux: 46 pins at pa fa002a00 size 92
[    1.047912] pinctrl-single 480025d8.pinmux: 18 pins at pa fa0025d8 size 36
[    1.054687] Serial: 8250/16550 driver, 4 ports, IRQ sharing enabled
[    1.066223] omap_uart 4806a000.serial: no wakeirq for uart0
[    1.067230] 4806a000.serial: ttyO0 at MMIO 0x4806a000 (irq = 88, base_baud = 3000000) is a OMAP UART0
[    1.070495] omap_uart 4806c000.serial: no wakeirq for uart1
[    1.071014] 4806c000.serial: ttyO1 at MMIO 0x4806c000 (irq = 89, base_baud = 3000000) is a OMAP UART1
[    1.074676] 49020000.serial: ttyO2 at MMIO 0x49020000 (irq = 90, base_baud = 3000000) is a OMAP UART2
[    1.851104] console [ttyO2] enabled
[    1.908935] brd: module loaded
[    1.943023] loop: module loaded
[    1.961730] twl 0-0048: PIH (irq 23) chaining IRQs 339..347
[    1.968261] twl 0-0048: power (irq 344) chaining IRQs 347..354
[    2.005859] 
[    2.007446] =====================================
[    2.012451] [ BUG: swapper/0/1 still has locks held! ]
[    2.017822] 4.0.0-rc6-next-20150402-00002-g7b7f5d3f5836 #1 Not tainted
[    2.024719] -------------------------------------
[    2.029632] 4 locks held by swapper/0/1:
[    2.033782]  #0:  (&dev->mutex){......}, at: [<c03d9c0c>] __driver_attach+0x48/0x98
[    2.041870]  #1:  (&dev->mutex){......}, at: [<c03d9c1c>] __driver_attach+0x58/0x98
[    2.050048]  #2:  (&dev->mutex){......}, at: [<c03d98c8>] device_attach+0x18/0x8c
[    2.057983]  #3:  (regulator_list_mutex){+.+.+.}, at: [<c03a24b4>] regulator_register+0x150/0xe40
[    2.067413] 
[    2.067413] stack backtrace:
[    2.071960] CPU: 0 PID: 1 Comm: swapper/0 Not tainted 4.0.0-rc6-next-20150402-00002-g7b7f5d3f5836 #1
[    2.081573] Hardware name: Generic OMAP3 (Flattened Device Tree)
[    2.087921] [<c0016334>] (unwind_backtrace) from [<c0012878>] (show_stack+0x10/0x14)
[    2.096099] [<c0012878>] (show_stack) from [<c05dd5dc>] (dump_stack+0x78/0x94)
[    2.103729] [<c05dd5dc>] (dump_stack) from [<c05e3134>] (schedule_hrtimeout_range_clock+0x18c/0x25c)
[    2.113342] [<c05e3134>] (schedule_hrtimeout_range_clock) from [<c00a7354>] (usleep_range+0x48/0x50)
[    2.122985] [<c00a7354>] (usleep_range) from [<c039fed0>] (_regulator_do_enable+0xa4/0x270)
[    2.131713] [<c039fed0>] (_regulator_do_enable) from [<c03a2e8c>] (regulator_register+0xb28/0xe40)
[    2.141143] [<c03a2e8c>] (regulator_register) from [<c03a3a80>] (devm_regulator_register+0x38/0x6c)
[    2.150695] [<c03a3a80>] (devm_regulator_register) from [<c03a9e9c>] (twlreg_probe+0x118/0x29c)
[    2.159851] [<c03a9e9c>] (twlreg_probe) from [<c03db09c>] (platform_drv_probe+0x48/0x98)
[    2.168365] [<c03db09c>] (platform_drv_probe) from [<c03d9b08>] (driver_probe_device+0x1b0/0x26c)
[    2.177703] [<c03d9b08>] (driver_probe_device) from [<c03d832c>] (bus_for_each_drv+0x5c/0x88)
[    2.186706] [<c03d832c>] (bus_for_each_drv) from [<c03d9924>] (device_attach+0x74/0x8c)
[    2.195129] [<c03d9924>] (device_attach) from [<c03d9034>] (bus_probe_device+0x88/0xb0)
[    2.203552] [<c03d9034>] (bus_probe_device) from [<c03d7554>] (device_add+0x324/0x520)
[    2.211853] [<c03d7554>] (device_add) from [<c04c7f54>] (of_platform_device_create_pdata+0x7c/0xb4)
[    2.221374] [<c04c7f54>] (of_platform_device_create_pdata) from [<c04c8068>] (of_platform_bus_create+0xdc/0x190)
[    2.232086] [<c04c8068>] (of_platform_bus_create) from [<c04c817c>] (of_platform_populate+0x60/0xa8)
[    2.241699] [<c04c817c>] (of_platform_populate) from [<c03fa610>] (twl_probe+0x380/0x5d8)
[    2.250305] [<c03fa610>] (twl_probe) from [<c0490bcc>] (i2c_device_probe+0x10c/0x154)
[    2.258575] [<c0490bcc>] (i2c_device_probe) from [<c03d9b08>] (driver_probe_device+0x1b0/0x26c)
[    2.267730] [<c03d9b08>] (driver_probe_device) from [<c03d9c58>] (__driver_attach+0x94/0x98)
[    2.276611] [<c03d9c58>] (__driver_attach) from [<c03d83ac>] (bus_for_each_dev+0x54/0x88)
[    2.285217] [<c03d83ac>] (bus_for_each_dev) from [<c03d9230>] (bus_add_driver+0xdc/0x1d4)
[    2.293823] [<c03d9230>] (bus_add_driver) from [<c03da42c>] (driver_register+0x78/0xf4)
[    2.302246] [<c03da42c>] (driver_register) from [<c0493eac>] (i2c_register_driver+0x2c/0x78)
[    2.311096] [<c0493eac>] (i2c_register_driver) from [<c0009784>] (do_one_initcall+0x80/0x1d8)
[    2.320068] [<c0009784>] (do_one_initcall) from [<c085ce74>] (kernel_init_freeable+0x1f4/0x2cc)
[    2.329223] [<c085ce74>] (kernel_init_freeable) from [<c05d8618>] (kernel_init+0x8/0xe4)
[    2.337738] [<c05d8618>] (kernel_init) from [<c000f490>] (ret_from_fork+0x14/0x24)
[    2.371185] twl4030_gpio twl4030-gpio: gpio (irq 339) chaining IRQs 355..372
[    2.379089] gpiochip_find_base: found new base at 494
[    2.384796] gpiochip_add: registered GPIOs 494 to 511 on device: twl4030
[    2.445678] mtdoops: mtd device (mtddev=name/number) must be supplied
[    2.454345] nand: device found, Manufacturer ID: 0x2c, Chip ID: 0xba
[    2.460998] nand: Micron MT29F2G16ABD
[    2.464904] nand: 128 MiB, SLC, erase size: 64 KiB, page size: 1024, OOB size: 32
[    2.472778] nand: using OMAP_ECC_BCH8_CODE_HW_DETECTION_SW
[    2.481597] 5 ofpart partitions found on MTD device omap2-nand.0
[    2.487976] Creating 5 MTD partitions on "omap2-nand.0":
[    2.493621] 0x000000000000-0x000000080000 : "X-Loader"
[    2.502807] 0x000000080000-0x0000001c0000 : "U-Boot"
[    2.512054] 0x0000001c0000-0x000000200000 : "Environment"
[    2.520996] 0x000000200000-0x000002000000 : "Kernel"
[    2.555450] 0x000002000000-0x000008000000 : "Filesystem"
[    2.661346] libphy: smsc911x-mdio: probed
[    2.666076] smsc911x 8000000.ethernet eth0: attached PHY driver [SMSC LAN8700] (mii_bus:phy_addr=8000000.ethernet:01, irq=-1)
[    2.678222] smsc911x 8000000.ethernet eth0: MAC Address: 00:08:ee:02:24:9d
[    2.689239] mousedev: PS/2 mouse device common for all mice
[    2.695251] i2c /dev entries driver
[    2.700592] Driver 'mmcblk' needs updating - please use bus_type methods
[    2.709442] omap_hsmmc 4809c000.mmc: GPIO lookup for consumer cd
[    2.715850] omap_hsmmc 4809c000.mmc: using device tree for GPIO lookup
[    2.722747] of_get_named_gpiod_flags: can't parse 'cd-gpios' property of node '/ocp/mmc@4809c000[0]'
[    2.732360] of_get_named_gpiod_flags: can't parse 'cd-gpio' property of node '/ocp/mmc@4809c000[0]'
[    2.741821] omap_hsmmc 4809c000.mmc: using lookup tables for GPIO lookup
[    2.748901] omap_hsmmc 4809c000.mmc: lookup for GPIO cd failed
[    2.755065] omap_hsmmc 4809c000.mmc: GPIO lookup for consumer wp
[    2.761352] omap_hsmmc 4809c000.mmc: using device tree for GPIO lookup
[    2.768218] of_get_named_gpiod_flags: can't parse 'wp-gpios' property of node '/ocp/mmc@4809c000[0]'
[    2.777832] of_get_named_gpiod_flags: can't parse 'wp-gpio' property of node '/ocp/mmc@4809c000[0]'
[    2.787322] omap_hsmmc 4809c000.mmc: using lookup tables for GPIO lookup
[    2.794403] omap_hsmmc 4809c000.mmc: lookup for GPIO wp failed
[    2.800689] omap_hsmmc 4809c000.mmc: multiblock reads disabled due to 35xx erratum 2.1.1.128; MMC read performance may suffer
[    2.853057] ledtrig-cpu: registered to indicate activity on CPUs
[    2.861053] oprofile: using arm/armv7
[    2.865509] Initializing XFRM netlink socket
[    2.870086] NET: Registered protocol family 17
[    2.874908] NET: Registered protocol family 15
[    2.879821] Key type dns_resolver registered
[    2.884704] omap2_set_init_voltage: unable to find boot up OPP for vdd_mpu_iva
[    2.892333] omap2_set_init_voltage: unable to set vdd_mpu_iva
[    2.898376] omap2_set_init_voltage: unable to find boot up OPP for vdd_core
[    2.905700] omap2_set_init_voltage: unable to set vdd_core
[    2.913360] PM: no software I/O chain control; some wakeups may be lost
[    2.921813] ThumbEE CPU extension supported.
[    2.926452] Registering SWP/SWPB emulation handler
[    2.931488] SmartReflex Class3 initialized
[    2.946228] rtc_hctosys: unable to open rtc device (rtc0)
[    2.951904] sr_init: No PMIC hook to init smartreflex
[    2.957855] smartreflex smartreflex.0: omap_sr_probe: SmartReflex driver initialized
[    2.966278] smartreflex smartreflex.0: omap_sr_probe: smartreflex_mpu_iva: No Voltage table for the corresponding vdd. Cannot create debugfs entries for n-values
[    2.981658] smartreflex: probe of smartreflex.0 failed with error -61
[    2.988647] smartreflex smartreflex.1: omap_sr_probe: SmartReflex driver initialized
[    2.996948] smartreflex smartreflex.1: omap_sr_probe: smartreflex_core: No Voltage table for the corresponding vdd. Cannot create debugfs entries for n-values
[    3.011993] smartreflex: probe of smartreflex.1 failed with error -61
[    3.018951] sr_init: platform driver register failed for SR
[    3.076141] smsc911x 8000000.ethernet eth0: SMSC911x/921x identified at 0xc890e000, IRQ: 264
[    5.082397] mmc0: card never left busy state
[    5.086883] mmc0: error -110 whilst initialising SD card
[    6.682373] Sending DHCP requests .,. OK
[    8.992828] IP-Config: Got DHCP answer from 192.168.1.254, my address is 192.168.1.194
[    9.001495] IP-Config: Complete:
[    9.005035]      device=eth0, hwaddr=00:08:ee:02:24:9d, ipaddr=192.168.1.194, mask=255.255.255.0, gw=192.168.1.254
[    9.015899]      host=192.168.1.194, domain=ti.com, nis-domain=(none)
[    9.022705]      bootserver=192.168.1.254, rootserver=192.168.1.254, rootpath=
[    9.030059]      nameserver0=192.0.2.2, nameserver1=192.0.2.3
[    9.037414] VUSB3V1: disabling
[    9.041229] VUSB1V8: disabling
[    9.045410] VUSB1V5: disabling
[    9.049591] VDAC: disabling
[    9.053436] VAUX3: disabling
[    9.059112] Waiting for root device /dev/mmcblk0p2...
[  116.642303] random: nonblocking pool is initialized
URL:gtsystest.telogy.design.ti.com/vatf/tidfarm-02.dal.design.ti.com/tidfarm-02.dal.design.ti.com_vatf@6/tidfarm-02.dal.design.ti.com04_07_2015_05_36_14/files/session_iteration_1/test_1
