- 08:18:07 [INFO] Starting target session
- 08:18:07 [INFO] Connected to ldp via serial 
- 08:18:07 [INFO] Host: #check prompt
- 08:18:09 [ERROR] On command: #check prompt waiting for (?-mix:((?-mix:.*\s+login)|[Pp]assword)) >>> error: execution expired
- 08:18:09 [INFO] Target: 
#check prompt
root@GenericOMAP3(FlattenedDeviceTree):/test# 
- 08:18:09 [INFO] Host: #check prompt
- 08:18:10 [INFO] Target: 
#check prompt
root@GenericOMAP3(FlattenedDeviceTree):/test# 
- 08:18:10 [INFO] Host: sync;poweroff
- 08:18:32 [INFO] Target: 
sync;poweroff


Broadcast message from root@GenericOMAP3(FlattenedDeviceTree) (ttyO2) (Sun Au
The system is going down for system halt NOW!


INIT: Switching to root@GenericOMAP3(FlattenedDeviceTree):/test# 
INIT: Sending processes the TERM signal


INIT: Sending processes the KIL[ 8464.009521] PRM: I/O chain clock line assertion timed out
[ 8465.030578] PRM: I/O chain clock line assertion timed out
Stopping Dropbear SSH server: stopped /usr/sbin/dropbear (pid 635)
dropbear.
Stopping telnet daemon.
Stopping system message bus: Stopping syslogd/klogd: Error opening /dev/fb0: No such file or directory
stopped syslogd (pid 647)
stopped klogd (pid 650)
done
Stopping thttpd.
ALSA: Storing mixer settings...
/usr/sbin/alsactl: save_state:1580: No soundcards found...
Deconfiguring network interfaces... [ 8466.931060] smsc911x 8000000.ethernet eth0: SMSC911x/921x identified at 0xc8806000, IRQ: 264
done.
Stopping Lighttpd Web Server: stopped /usr/sbin/lighttpd (pid 660)
lighttpd.
***************************************************************
***************************************************************
NOTICE: This file system contains the followin GPLv3 packages:
	binutils-symlinks
	binutils
	gdbserver
	parted

If you do not wish to distribute GPLv3 components please remove
the above packages prior to distribution.  This can be done using
the opkg remove command.  i.e.:
    opkg remove <package>
Where <package> is the name printed in the list above

NOTE: If the package is a dependency of another package you
      will be notified of the dependent packages.  You should
      use the --force-removal-of-dependent-packages option to
      also remove the dependent packages as well
***************************************************************
***************************************************************
Sending all processes the TERM signal...
Sending all processes the KILL signal...
Unmounting remote filesystems...
Deactivating swap...
Unmounting local filesystems...
[ 8477.983337] EXT4-fs (mmcblk0p2): re-mounted. Opts: data=ordered
[ 8480.561889] reboot: System halted

- 08:18:32 [INFO] Disconnected serial from ldp
- 08:18:33 [INFO] Connected to ldp via serial 
- 08:18:33 [INFO] Host: 
- 08:18:34 [ERROR] On command:  waiting for (?-mix:OMAP34XX\sLAB\s#) >>> error: execution expired
- 08:18:34 [INFO] Target: 


Texas Instruments X-Loader 1.41
Starting OS Bootloader...


U-Boot 1.1.4 (Mar 14 2008 - 15:08:13)

OMAP3430-GP rev 2, CPU-OPP2 L3-133MHz
OMAP3430LAB 0.1 Version + mDDR (Boot NAND)
DRAM:  128 MB
NAND:
- 08:18:34 [INFO] Host: 
- 08:18:35 [ERROR] On command:  waiting for (?-mix:OMAP34XX\sLAB\s#) >>> error: execution expired
- 08:18:35 [INFO] Target: 

- 08:18:35 [INFO] Host: 
- 08:18:35 [ERROR] On command:  waiting for (?-mix:OMAP34XX\sLAB\s#) >>> error: execution expired
- 08:18:35 [INFO] Target: 

- 08:18:35 [INFO] Host: 
- 08:18:36 [ERROR] On command:  waiting for (?-mix:OMAP34XX\sLAB\s#) >>> error: execution expired
- 08:18:36 [INFO] Target: 
256 MiB
In:    serial
Out:   serial
Err:   serial

- 08:18:36 [INFO] Host: 
- 08:18:37 [ERROR] On command:  waiting for (?-mix:OMAP34XX\sLAB\s#) >>> error: execution expired
- 08:18:37 [INFO] Target: 

- 08:18:37 [INFO] Host: 
- 08:18:37 [ERROR] On command:  waiting for (?-mix:OMAP34XX\sLAB\s#) >>> error: execution expired
- 08:18:37 [INFO] Target: 
Battery levels: main 0 mV, backup 3232 mV
Main battery charge too low!
LAN9x18 (0x92110000) detected.
Read mac address: 00:08:EE:02:24:F3
start Auto negotiation... (take ~2sec)

- 08:18:37 [INFO] Host: 
- 08:18:38 [ERROR] On command:  waiting for (?-mix:OMAP34XX\sLAB\s#) >>> error: execution expired
- 08:18:38 [INFO] Target: 

- 08:18:38 [INFO] Host: 
- 08:18:39 [ERROR] On command:  waiting for (?-mix:OMAP34XX\sLAB\s#) >>> error: execution expired
- 08:18:39 [INFO] Target: 

- 08:18:39 [INFO] Host: 
- 08:18:39 [INFO] Target: 
Auto negotiation complete, 100BaseTX, full duplex
OMAP34XX LAB # 

OMAP34XX LAB # 

OMAP34XX LAB # 

OMAP34XX LAB # 

OMAP34XX LAB # 

OMAP34XX LAB # 

OMAP34XX LAB # 

OMAP34XX LAB # 

OMAP34XX LAB # 
- 08:18:39 [INFO] Host: version
- 08:18:40 [INFO] Target: 
version


U-Boot 1.1.4 (Mar 14 2008 - 15:08:13)
OMAP34XX LAB # 
- 08:18:40 [INFO] Host: bdinfo
- 08:18:40 [INFO] Target: 
bdinfo

arch_number = 0x00000472
env_t       = 0x00000000
boot_params = 0x80000100
DRAM bank   = 0x00000000
-> start    = 0x80000000
-> size     = 0x08000000
DRAM bank   = 0x00000001
-> start    = 0x88000000
-> size     = 0x00000000
ethaddr     = 00:08:EE:02:24:F3
ip_addr     = 128.247.77.90
baudrate    = 115200 bps
OMAP34XX LAB # 
- 08:18:40 [INFO] Host: printenv
- 08:18:41 [INFO] Target: 
printenv

bootargs=root=/dev/ram0 rw mem=64M console=ttyS2,115200n8 initrd=0x80600000,8M ramdisk_size=8192
bootdelay=3
baudrate=115200
ipaddr=128.247.77.90
serverip=128.247.77.158
netmask=255.255.254.0
bootfile="uImage"
stdin=serial
stdout=serial
stderr=serial
ethaddr=00:08:EE:02:24:F3

Environment size: 277/131068 bytes
OMAP34XX LAB # 
- 08:18:41 [INFO] Host: setenv autoload 'no'
- 08:18:42 [INFO] Target: 
setenv autoload 'no'

OMAP34XX LAB # 
- 08:18:42 [INFO] Host: dhcp
- 08:18:46 [INFO] Target: 
dhcp

LAN9x18 (0x92110000) detected.
Read mac address: 00:08:EE:02:24:F3
start Auto negotiation... (take ~2sec)
Auto negotiation complete, 100BaseTX, full duplex
BOOTP broadcast 1
DHCP client bound to address 192.168.1.194
OMAP34XX LAB # 
- 08:18:46 [INFO] Host: setenv serverip 128.247.105.47
- 08:18:46 [INFO] Target: 
setenv serverip 128.247.105.47

OMAP34XX LAB # 
- 08:18:46 [INFO] Host: setenv bootargs 'console=ttyO2,115200n8 earlyprintk rootwait ip=dhcp root=/dev/mmcblk0p2 rw rootfstype=ext3 nohlt'
- 08:18:47 [INFO] Target: 
setenv bootargs 'console=ttyO2,115200n8 earlyprintk rootwait ip=dhcp root=/dev/mmcblk0p2 rw rootfstype=ext3 nohlt'

OMAP34XX LAB # 
- 08:18:47 [INFO] Host: setenv bootfile vatf_6/8c8310d2bc4db8d2525ed0c08adb8da7
- 08:18:47 [INFO] Target: 
setenv bootfile vatf_6/8c8310d2bc4db8d2525ed0c08adb8da7

OMAP34XX LAB # 
- 08:18:48 [INFO] Host: setenv bootcmd 'tftp ${loadaddr};bootm ${loadaddr}'
- 08:18:48 [INFO] Target: 
setenv bootcmd 'tftp ${loadaddr};bootm ${loadaddr}'

OMAP34XX LAB # 
- 08:18:48 [INFO] Host: printenv
- 08:18:49 [INFO] Target: 
printenv

bootdelay=3
baudrate=115200
stdin=serial
stdout=serial
stderr=serial
autoload=no
ethaddr=00:08:EE:02:24:F3
gatewayip=192.168.1.254
netmask=255.255.255.0
ipaddr=192.168.1.194
serverip=128.247.105.47
bootargs=console=ttyO2,115200n8 earlyprintk rootwait ip=dhcp root=/dev/mmcblk0p2 rw rootfstype=ext3 nohlt
bootfile=vatf_6/8c8310d2bc4db8d2525ed0c08adb8da7
bootcmd=tftp ${loadaddr};bootm ${loadaddr}

Environment size: 396/131068 bytes
OMAP34XX LAB # 
- 08:18:49 [INFO] Host: boot
- 08:20:47 [INFO] Target: 
boot

LAN9x18 (0x92110000) detected.
Read mac address: 00:08:EE:02:24:F3
start Auto negotiation... (take ~2sec)
Auto negotiation complete, 100BaseTX, full duplex
TFTP from server 128.247.105.47; our IP address is 192.168.1.194; sending through gateway 192.168.1.254
Filename 'vatf_6/8c8310d2bc4db8d2525ed0c08adb8da7'.
Load address: 0x80000000
Loading: *#################################################################
	 #################################################################
	 #################################################################
	 #################################################################
	 #################################################################
	 #################################################################
	 #################################################################
	 #################################################################
	 #################################################################
	 #################################################################
	 #################################################################
	 #################################################################
	 #################################################################
	 #######################
done
Bytes transferred = 4442841 (43cad9 hex)
## Booting image at 80000000 ...
   Image Name:   Linux-3.17.0-rc2-00002-gdc4a233
   Image Type:   ARM Linux Kernel Image (uncompressed)
   Data Size:    4442777 Bytes =  4.2 MB
   Load Address: 80800000
   Entry Point:  80800000
   Verifying Checksum ... OK
OK

Starting kernel ...

[    0.000000] Booting Linux on physical CPU 0x0
[    0.000000] Linux version 3.17.0-rc2-00002-gdc4a233 (nmenon@kahuna) (gcc version 4.6.3 (Ubuntu/Linaro 4.6.3-1ubuntu5) ) #1 SMP Wed Aug 27 08:14:26 CDT 2014
[    0.000000] CPU: ARMv7 Processor [411fc082] revision 2 (ARMv7), cr=10c5387d
[    0.000000] CPU: PIPT / VIPT nonaliasing data cache, VIPT nonaliasing instruction cache
[    0.000000] Machine model: TI OMAP3430 LDP (Zoom1 Labrador)
[    0.000000] cma: Reserved 16 MiB at 86800000
[    0.000000] Memory policy: Data cache writeback
[    0.000000]   HighMem zone: 1048574 pages exceeds freesize 0
[    0.000000] CPU: All CPU(s) started in SVC mode.
[    0.000000] OMAP3430/3530 ES2.1 (l2cache iva sgx neon isp )
[    0.000000] PERCPU: Embedded 9 pages/cpu @c7d7f000 s14336 r8192 d14336 u36864
[    0.000000] Built 1 zonelists in Zone order, mobility grouping on.  Total pages: 32256
[    0.000000] Kernel command line: console=ttyO2,115200n8 earlyprintk rootwait ip=dhcp root=/dev/mmcblk0p2 rw rootfstype=ext3 nohlt
[    0.000000] PID hash table entries: 512 (order: -1, 2048 bytes)
[    0.000000] Dentry cache hash table entries: 16384 (order: 4, 65536 bytes)
[    0.000000] Inode-cache hash table entries: 8192 (order: 3, 32768 bytes)
[    0.000000] Memory: 94768K/130048K available (5703K kernel code, 647K rwdata, 2204K rodata, 406K init, 8210K bss, 35280K reserved, 0K highmem)
[    0.000000] Virtual kernel memory layout:
[    0.000000]     vector  : 0xffff0000 - 0xffff1000   (   4 kB)
[    0.000000]     fixmap  : 0xffc00000 - 0xffe00000   (2048 kB)
[    0.000000]     vmalloc : 0xc8800000 - 0xff000000   ( 872 MB)
[    0.000000]     lowmem  : 0xc0000000 - 0xc8000000   ( 128 MB)
[    0.000000]     pkmap   : 0xbfe00000 - 0xc0000000   (   2 MB)
[    0.000000]     modules : 0xbf000000 - 0xbfe00000   (  14 MB)
[    0.000000]       .text : 0xc0008000 - 0xc07c0f28   (7908 kB)
[    0.000000]       .init : 0xc07c1000 - 0xc0826800   ( 406 kB)
[    0.000000]       .data : 0xc0828000 - 0xc08c9e88   ( 648 kB)
[    0.000000]        .bss : 0xc08c9e88 - 0xc10cea58   (8211 kB)
[    0.000000] Hierarchical RCU implementation.
[    0.000000] 	RCU restricting CPUs from NR_CPUS=2 to nr_cpu_ids=1.
[    0.000000] RCU: Adjusting geometry for rcu_fanout_leaf=16, nr_cpu_ids=1
[    0.000000] NR_IRQS:16 nr_irqs:16 16
[    0.000000] IRQ: Found an INTC at 0xfa200000 (revision 4.0) with 96 interrupts
[    0.000000] Total of 96 interrupts on 1 active controller
[    0.000000] Clocking rate (Crystal/Core/MPU): 26.0/266/500 MHz
[    0.000000] OMAP clockevent source: timer1 at 32768 Hz
[    0.000061] sched_clock: 32 bits at 32kHz, resolution 30517ns, wraps every 65536000000000ns
[    0.000122] OMAP clocksource: 32k_counter at 32768 Hz
[    0.002868] Console: colour dummy device 80x30
[    0.003112] Lock dependency validator: Copyright (c) 2006 Red Hat, Inc., Ingo Molnar
[    0.003143] ... MAX_LOCKDEP_SUBCLASSES:  8
[    0.003173] ... MAX_LOCK_DEPTH:          48
[    0.003204] ... MAX_LOCKDEP_KEYS:        8191
[    0.003234] ... CLASSHASH_SIZE:          4096
[    0.003265] ... MAX_LOCKDEP_ENTRIES:     32768
[    0.003265] ... MAX_LOCKDEP_CHAINS:      65536
[    0.003295] ... CHAINHASH_SIZE:          32768
[    0.003326]  memory used by lock dependency info: 5167 kB
[    0.003326]  per task-struct memory footprint: 1152 bytes
[    0.003479] Calibrating delay loop... 491.52 BogoMIPS (lpj=2457600)
[    0.194274] pid_max: default: 32768 minimum: 301
[    0.195922] Security Framework initialized
[    0.196472] Mount-cache hash table entries: 1024 (order: 0, 4096 bytes)
[    0.196563] Mountpoint-cache hash table entries: 1024 (order: 0, 4096 bytes)
[    0.205841] CPU: Testing write buffer coherency: ok
[    0.210601] CPU0: thread -1, cpu 0, socket -1, mpidr 0
[    0.210937] Setting up static identity map for 0x80567aa8 - 0x80567b18
[    0.226226] Brought up 1 CPUs
[    0.226287] SMP: Total of 1 processors activated.
[    0.226318] CPU: All CPU(s) started in SVC mode.
[    0.237915] devtmpfs: initialized
[    0.263549] VFP support v0.3: implementor 41 architecture 3 part 30 variant c rev 1
[    0.412811] omap_hwmod: mcbsp2_sidetone using broken dt data from mcbsp
[    0.417297] omap_hwmod: mcbsp3_sidetone using broken dt data from mcbsp
[    0.565582] omap_hwmod: mcbsp2: cannot be enabled for reset (3)
[    0.592529] pinctrl core: initialized pinctrl subsystem
[    0.602844] regulator-dummy: no parameters
[    0.827911] NET: Registered protocol family 16
[    0.842468] DMA: preallocated 256 KiB pool for atomic coherent allocations
[    0.854248] cpuidle: using governor ladder
[    0.854370] cpuidle: using governor menu
[    0.868072] Reprogramming SDRC clock to 266000000 Hz
[    0.906799] OMAP GPIO hardware version 2.5
[    0.948852] irq: no irq domain found for /ocp/pinmux@48002030 !
[    1.016418] omap-gpmc 6e000000.gpmc: GPMC revision 5.0
[    1.020202] gpmc_probe_nand_child: ti,elm-id property not found
[    1.020568] gpmc_cs_program_settings: invalid width 0!
[    1.044708] No ATAGs?[    1.044799] hw-breakpoint: debug architecture 0x4 unsupported.
[    1.053863] OMAP DMA hardware revision 4.0
[    1.170989] edma-dma-engine edma-dma-engine.0: Can't allocate PaRAM dummy slot
[    1.171234] edma-dma-engine: probe of edma-dma-engine.0 failed with error -22
[    1.317382] omap-dma-engine 48056000.dma-controller: OMAP DMA engine driver
[    1.322204] vddvario: no parameters
[    1.325195] vdd33a: no parameters
[    1.328155] lcd_3v3: 3300 mV 
[    1.342620] SCSI subsystem initialized
[    1.346252] usbcore: registered new interface driver usbfs
[    1.347137] usbcore: registered new interface driver hub
[    1.349884] usbcore: registered new device driver usb
[    1.929077] omap_i2c 48070000.i2c: bus 0 rev3.3 at 2600 kHz
[    1.935607] omap_i2c 48072000.i2c: bus 1 rev3.3 at 400 kHz
[    1.939697] omap_i2c 48060000.i2c: bus 2 rev3.3 at 400 kHz
[    1.956359] Switched to clocksource 32k_counter
[    2.562316] NET: Registered protocol family 2
[    2.569122] TCP established hash table entries: 1024 (order: 0, 4096 bytes)
[    2.569458] TCP bind hash table entries: 1024 (order: 3, 36864 bytes)
[    2.570190] TCP: Hash tables configured (established 1024 bind 1024)
[    2.570739] TCP: reno registered
[    2.570861] UDP hash table entries: 256 (order: 2, 20480 bytes)
[    2.571319] UDP-Lite hash table entries: 256 (order: 2, 20480 bytes)
[    2.574462] NET: Registered protocol family 1
[    2.581634] RPC: Registered named UNIX socket transport module.
[    2.581695] RPC: Registered udp transport module.
[    2.581726] RPC: Registered tcp transport module.
[    2.581756] RPC: Registered tcp NFSv4.1 backchannel transport module.
[    2.586547] hw perfevents: enabled with armv7_cortex_a8 PMU driver, 5 counters available
[    2.607299] futex hash table entries: 256 (order: 2, 16384 bytes)
[    2.625244] VFS: Disk quotas dquot_6.5.2
[    2.626098] Dquot-cache hash table entries: 1024 (order 0, 4096 bytes)
[    2.638458] NFS: Registering the id_resolver key type
[    2.640136] Key type id_resolver registered
[    2.640228] Key type id_legacy registered
[    2.640899] jffs2: version 2.2. (NAND) (SUMMARY)   2001-2006 Red Hat, Inc.
[    2.642608] msgmni has been set to 217
[    2.677917] io scheduler noop registered
[    2.678070] io scheduler deadline registered
[    2.678314] io scheduler cfq registered (default)
[    2.687408] pinctrl-single 48002030.pinmux: 284 pins at pa fa002030 size 568
[    2.689270] pinctrl-single 48002a00.pinmux: 46 pins at pa fa002a00 size 92
[    2.691528] pinctrl-single 480025d8.pinmux: 18 pins at pa fa0025d8 size 36
[    2.700164] pbias_mmc_omap2430: 1800 <--> 3000 mV at 3000 mV 
[    2.708648] Serial: 8250/16550 driver, 4 ports, IRQ sharing enabled
[    2.740509] omap_uart 4806a000.serial: no wakeirq for uart0
[    2.742218] 4806a000.serial: ttyO0 at MMIO 0x4806a000 (irq = 88, base_baud = 3000000) is a OMAP UART0
[    2.751800] omap_uart 4806c000.serial: no wakeirq for uart0
[    2.752807] 4806c000.serial: ttyO1 at MMIO 0x4806c000 (irq = 89, base_baud = 3000000) is a OMAP UART1
[    2.761688] 49020000.serial: ttyO2 at MMIO 0x49020000 (irq = 90, base_baud = 3000000) is a OMAP UART2
[    3.547149] console [ttyO2] enabled
[    3.678405] brd: module loaded
[    3.751770] loop: module loaded
[    3.799133] twl 0-0048: PIH (irq 23) chaining IRQs 339..347
[    3.806732] twl 0-0048: power (irq 344) chaining IRQs 347..354
[    3.838409] vcc: at 3000 mV 
[    3.854705] VAUX2_4030: at 1800 mV 
[    3.870635] VAUX3: at 2800 mV 
[    3.887939] VAUX4: at 2800 mV 
[    3.902923] VDD1: 600 <--> 1450 mV at 1200 mV 
[    3.922515] VDAC: 1800 mV 
[    3.942077] VIO: at 1800 mV 
[    3.960632] VINTANA1: 1500 mV 
[    3.976806] VINTANA2: at 2750 mV 
[    3.994171] VINTDIG: 1500 mV 
[    4.008087] VMMC1: 1850 <--> 3150 mV at 3000 mV 
[    4.027740] VMMC2: 1850 <--> 3150 mV at 2600 mV 
[    4.044952] VUSB1V5: 1500 mV 
[    4.055389] VUSB1V8: 1800 mV 
[    4.066101] VUSB3V1: 3100 mV 
[    4.081665] VPLL1: at 1800 mV 
[    4.102722] VPLL2: 1800 mV 
[    4.116943] VSIM: 1800 <--> 3000 mV at 1800 mV 
[    4.133850] twl4030_gpio twl4030-gpio: gpio (irq 339) chaining IRQs 355..372
[    4.170928] mtdoops: mtd device (mtddev=name/number) must be supplied
[    4.363342] libphy: smsc911x-mdio: probed
[    4.368774] smsc911x 8000000.ethernet eth0: attached PHY driver [SMSC LAN8700] (mii_bus:phy_addr=8000000.ethernet:01, irq=-1)
[    4.381469] smsc911x 8000000.ethernet eth0: MAC Address: 00:08:ee:02:24:f3
[    4.393890] usbcore: registered new interface driver asix
[    4.400573] usbcore: registered new interface driver ax88179_178a
[    4.407958] usbcore: registered new interface driver cdc_ether
[    4.414978] usbcore: registered new interface driver smsc95xx
[    4.421936] usbcore: registered new interface driver net1080
[    4.428802] usbcore: registered new interface driver cdc_subset
[    4.436065] usbcore: registered new interface driver zaurus
[    4.442932] usbcore: registered new interface driver cdc_ncm
[    4.453735] usbcore: registered new interface driver cdc_wdm
[    4.460998] usbcore: registered new interface driver usb-storage
[    4.468505] usbcore: registered new interface driver usbtest
[    4.483978] mousedev: PS/2 mouse device common for all mice
[    4.493408] twl4030_keypad 48070000.i2c:twl@48:keypad: OF: linux,keymap property not defined in /ocp/i2c@48070000/twl@48/keypad
[    4.505920] twl4030_keypad 48070000.i2c:twl@48:keypad: Failed to build keymap
[    4.513763] twl4030_keypad: probe of 48070000.i2c:twl@48:keypad failed with error -2
[    4.530792] ads7846 spi1.0: touchscreen, irq 166
[    4.543487] input: ADS7846 Touchscreen as /devices/68000000.ocp/48098000.spi/spi_master/spi1/spi1.0/input/input1
[    4.570190] input: twl4030_pwrbutton as /devices/68000000.ocp/48070000.i2c/i2c-0/0-0048/48070000.i2c:twl@48:pwrbutton/input/input2
[    4.591156] twl_rtc 48070000.i2c:twl@48:rtc: Enabling TWL-RTC
[    4.611938] twl_rtc 48070000.i2c:twl@48:rtc: rtc core: registered 48070000.i2c:twl@48 as rtc0
[    4.624725] i2c /dev entries driver
[    4.644470] Driver for 1-wire Dallas network protocol.
[    4.663238] omap_wdt: OMAP Watchdog Timer Rev 0x31: initial timeout 60 sec
[    4.683746] omap_hsmmc 4809c000.mmc: multiblock reads disabled due to 35xx erratum 2.1.1.128; MMC read performance may suffer
[    4.759948] ledtrig-cpu: registered to indicate activity on CPUs
[    4.768829] usbcore: registered new interface driver usbhid
[    4.774780] usbhid: USB HID core driver
[    4.785125] oprofile: using arm/armv7
[    4.791503] TCP: cubic registered
[    4.795104] Initializing XFRM netlink socket
[    4.800476] NET: Registered protocol family 17
[    4.805786] NET: Registered protocol family 15
[    4.811798] Key type dns_resolver registered
[    4.817260] omap2_set_init_voltage: unable to find boot up OPP for vdd_mpu_iva
[    4.824951] omap2_set_init_voltage: unable to set vdd_mpu_iva
[    4.831329] omap2_set_init_voltage: unable to find boot up OPP for vdd_core
[    4.838928] omap2_set_init_voltage: unable to set vdd_core
[    4.851440] PM: no software I/O chain control; some wakeups may be lost
[    4.864288] ThumbEE CPU extension supported.
[    4.869232] Registering SWP/SWPB emulation handler
[    4.874420] SmartReflex Class3 initialized
[    4.975799] input: gpio_keys as /devices/gpio_keys/input/input3
[    4.996093] twl_rtc 48070000.i2c:twl@48:rtc: setting system clock to 2014-08-10 20:11:56 UTC (1407701516)
[    5.006469] sr_init: No PMIC hook to init smartreflex
[    5.013061] smartreflex smartreflex.0: omap_sr_probe: SmartReflex driver initialized
[    5.022247] smartreflex smartreflex.0: omap_sr_probe: smartreflex_mpu_iva: No Voltage table for the corresponding vdd. Cannot create debugfs entries for n-values
[    5.039031] smartreflex: probe of smartreflex.0 failed with error -61
[    5.046630] smartreflex smartreflex.1: omap_sr_probe: SmartReflex driver initialized
[    5.055908] smartreflex smartreflex.1: omap_sr_probe: smartreflex_core: No Voltage table for the corresponding vdd. Cannot create debugfs entries for n-values
[    5.071807] smartreflex: probe of smartreflex.1 failed with error -61
[    5.079345] sr_init: platform driver register failed for SR
[    5.274108] smsc911x 8000000.ethernet eth0: SMSC911x/921x identified at 0xc887c000, IRQ: 264
[    5.307342] mmc0: host does not support reading read-only switch. assuming write-enable.
[    5.319854] mmc0: new high speed SDHC card at address 1234
[    5.336730] mmcblk0: mmc0:1234 SA04G 3.63 GiB 
[    5.376434]  mmcblk0: p1 p2
[    7.396057] Sending DHCP requests ., OK
[    7.476623] IP-Config: Got DHCP answer from 192.168.1.254, my address is 192.168.1.194
[    7.487640] IP-Config: Complete:
[    7.491149]      device=eth0, hwaddr=00:08:ee:02:24:f3, ipaddr=192.168.1.194, mask=255.255.255.0, gw=192.168.1.254
[    7.502319]      host=192.168.1.194, domain=ti.com, nis-domain=(none)
[    7.509307]      bootserver=192.168.1.254, rootserver=192.168.1.254, rootpath=
[    7.516967]      nameserver0=192.0.2.2, nameserver1=192.0.2.3
[    7.527526] VUSB3V1: disabling
[    7.533111] VUSB1V8: disabling
[    7.539154] VUSB1V5: disabling
[    7.555358] PRM: I/O chain clock line assertion timed out
[    7.631195] kjournald starting.  Commit interval 5 seconds
[    7.650787] EXT3-fs (mmcblk0p2): using internal journal
[    7.656555] EXT3-fs (mmcblk0p2): mounted filesystem with ordered data mode
[    7.664520] VFS: Mounted root (ext3 filesystem) on device 179:2.
[    7.700012] devtmpfs: mounted
[    7.704650] Freeing unused kernel memory: 404K (c07c1000 - c0826000)
[    9.637054] random: nonblocking pool is initialized
[   10.459869] PRM: I/O chain clock line assertion timed out
[   10.469238] PRM: I/O chain clock line assertion timed out
[   10.479278] PRM: I/O chain clock line assertion timed out
[   10.570373] PRM: I/O chain clock line assertion timed out

INIT: [   10.581054] PRM: I/O chain clock line assertion timed out
[   10.588989] PRM: I/O chain clock line assertion timed out
version 2.88 booting[   10.616302] PRM: I/O chain clock line assertion timed out
[   10.623718] PRM: I/O chain clock line assertion timed out


[   10.631713] PRM: I/O chain clock line assertion timed out
[   10.666168] PRM: I/O chain clock line assertion timed out
Error opening /dev/fb0: No such file or directory
/dev/ttyO2 linked to /dev/tty-bd - using as console
Starting udev
[   20.899536] udevd[870]: starting version 182
[   66.039337] FAT-fs (mmcblk0p1): Volume was not properly unmounted. Some data may be corrupt. Please run fsck.
ERROR: could not open directory /lib/modules/3.17.0-rc2-00002-gdc4a233: No such file or directory
WARNING: -e needs -E or -F
ERROR: could not open directory /lib/modules/3.17.0-rc2-00002-gdc4a233: No such file or directory
FATAL: could not search modules: No such file or directory
Starting Bootlog daemon: bootlogd: cannot allocate pseudo tty: No such file or directory
bootlogd.
ALSA: Restoring mixer settings...
Configuring network interfaces... /usr/sbin/alsactl: load_state:1696: No soundcards found...
udhcpc (v1.20.2) started
Sending discover...
Sending select for 192.168.1.184...
Lease of 192.168.1.184 obtained, lease time 600
/etc/udhcpc.d/50default: Adding DNS 192.0.2.2
/etc/udhcpc.d/50default: Adding DNS 192.0.2.3
done.
[   82.790802] PRM: I/O chain clock line assertion timed out
[   82.814910] PRM: I/O chain clock line assertion timed out

INIT: [   82.836944] PRM: I/O chain clock line assertion timed out
[   82.844390] PRM: I/O chain clock line assertion timed out
Entering runlevel: 3[   82.866485] PRM: I/O chain clock line assertion timed out
[   82.873931] PRM: I/O chain clock line assertion timed out


[   82.881896] PRM: I/O chain clock line assertion timed out
[   82.899993] PRM: I/O chain clock line assertion timed out
/dev/ttyO2 linked to /dev/tty-bd - using as console
Starting system message bus: dbus.
Starting Dropbear SSH server: dropbear.
Starting telnet daemon.
Starting syslogd/klogd: done
Starting thttpd.
Starting Lighttpd Web Server: 2014-08-10 20:13:21: (log.c.166) server started 
lighttpd.
***************************************************************
***************************************************************
NOTICE: This file system contains the followin GPLv3 packages:
	binutils-symlinks
	binutils
	gdbserver
	parted

If you do not wish to distribute GPLv3 components please remove
the above packages prior to distribution.  This can be done using
the opkg remove command.  i.e.:
    opkg remove <package>
Where <package> is the name printed in the list above

NOTE: If the package is a dependency of another package you
      will be notified of the dependent packages.  You should
      use the --force-removal-of-dependent-packages option to
      also remove the dependent packages as well
***************************************************************
***************************************************************
Stopping Bootlog daemon: bootlogd.
[  101.495635] PRM: I/O chain clock line assertion timed out
[  101.520935] PRM: I/O chain clock line assertion timed out
[  101.732513] PRM: I/O chain clock line assertion timed out
[  101.742034] PRM: I/O chain clock line assertion timed out

 _____                    _____           _         _   
|  _  |___ ___ ___ ___   |  _  |___ ___  |_|___ ___| |_ 
|     |  _| .'| . | . |  |   __|  _| . | | | -_|  _|  _|
|__|__|_| |__,|_  |___|  |__|  |_| |___|_| |___|___|_|  
              |___|                    |___|            

Arago Project http://arago-project.org GenericOMAP3(FlattenedDeviceTree) tty-bd

Arago 2013.12 GenericOMAP3(FlattenedDeviceTree) tty-bd

GenericOMAP3(FlattenedDeviceTree) login: 
- 08:20:47 [INFO] Host: root
- 08:20:48 [INFO] Target: 
root
root@GenericOMAP3(FlattenedDeviceTree):~# 
- 08:20:48 [INFO] Host: uname -a
- 08:20:48 [INFO] Target: 
uname -a
Linux GenericOMAP3(FlattenedDeviceTree) 3.17.0-rc2-00002-gdc4a233 #1 SMP Wed Aug 27 08:14:26 CDT 2014 armv7l GNU/Linux
root@GenericOMAP3(FlattenedDeviceTree):~# 
- 08:20:48 [INFO] Host: cat /proc/cmdline
- 08:20:49 [INFO] Target: 
cat /proc/cmdline
console=ttyO2,115200n8 earlyprintk rootwait ip=dhcp root=/dev/mmcblk0p2 rw rootfstype=ext3 nohlt
root@GenericOMAP3(FlattenedDeviceTree):~# 
- 08:20:49 [INFO] Host: uname -a
- 08:20:50 [INFO] Target: 
uname -a
Linux GenericOMAP3(FlattenedDeviceTree) 3.17.0-rc2-00002-gdc4a233 #1 SMP Wed Aug 27 08:14:26 CDT 2014 armv7l GNU/Linux
root@GenericOMAP3(FlattenedDeviceTree):~# 
- 08:20:50 [INFO] Host: cat /proc/mtd
- 08:20:50 [INFO] Target: 
cat /proc/mtd
dev:    size   erasesize  name
root@GenericOMAP3(FlattenedDeviceTree):~# 
- 08:20:56 [INFO] Host: export IPERFHOST=128.247.105.47
- 08:20:56 [INFO] Target: 
export IPERFHOST=128.247.105.47
root@GenericOMAP3(FlattenedDeviceTree):~# 
- 08:20:56 [INFO] Host: export NFS_SERVER=128.247.105.47
- 08:20:57 [INFO] Target: 
export NFS_SERVER=128.247.105.47
root@GenericOMAP3(FlattenedDeviceTree):~# 
- 08:20:57 [INFO] Host: export NFS_ROOT_PATH=/usr/workdir/filesys/linux/ldp
- 08:20:57 [INFO] Target: 
export NFS_ROOT_PATH=/usr/workdir/file 
sys/linux/ldp
root@GenericOMAP3(FlattenedDeviceTree):~# 
- 08:20:57 [INFO] Host: mkdir -p -m 777 /test
- 08:20:58 [INFO] Target: 
mkdir -p -m 777 /test
root@GenericOMAP3(FlattenedDeviceTree):~# 
- 08:20:58 [INFO] Host: cd /test
- 08:20:58 [INFO] Target: 
cd /test
root@GenericOMAP3(FlattenedDeviceTree):/test# 
- 08:20:58 [INFO] Host: cat > test.sh << EOF
- 08:20:59 [INFO] Target: 
cat > test.sh << EOF
> 
- 08:20:59 [INFO] Host: failtest() {

- 08:21:00 [INFO] Target: 
failtest() {
> 
- 08:21:00 [INFO] Host:   echo 1 >&3

- 08:21:00 [INFO] Target: 
  echo 1 >&3
> 
- 08:21:00 [INFO] Host: }

- 08:21:01 [INFO] Target: 
}
> 
- 08:21:01 [INFO] Host: timeout=600

- 08:21:01 [INFO] Target: 
timeout=600
> 
- 08:21:01 [INFO] Host: 

- 08:21:02 [INFO] Target: 

> 
- 08:21:02 [INFO] Host: # Start of user's script logic

- 08:21:02 [INFO] Target: 
# Start of user's script logic
> 
- 08:21:03 [INFO] Host: 

- 08:21:03 [INFO] Target: 

> 
- 08:21:03 [INFO] Host: 

- 08:21:04 [INFO] Target: 

> 
- 08:21:04 [INFO] Host: mount -t proc proc /proc 2>/dev/null;

- 08:21:04 [INFO] Target: 
mount -t proc proc /proc 2>/dev/null;
> 
- 08:21:04 [INFO] Host: 

- 08:21:05 [INFO] Target: 

> 
- 08:21:05 [INFO] Host: mount -t sysfs sys /sys 2>/dev/null;

- 08:21:05 [INFO] Target: 
mount -t sysfs sys /sys 2>/dev/null;
> 
- 08:21:05 [INFO] Host: 

- 08:21:06 [INFO] Target: 

> 
- 08:21:06 [INFO] Host: mount -t debugfs none /sys/kernel/debug 2>/dev/null;

- 08:21:07 [INFO] Target: 
mount -t debugfs none /sys/kernel/debug 2>/dev/null;
> 
- 08:21:07 [INFO] Host: 

- 08:21:07 [INFO] Target: 

> 
- 08:21:07 [INFO] Host: echo 'cpuinfo:';cat /proc/cpuinfo; echo '=======';

- 08:21:08 [INFO] Target: 
echo 'cpuinfo:';cat /proc/cpuinfo; echo '=======';
> 
- 08:21:08 [INFO] Host: 

- 08:21:08 [INFO] Target: 

> 
- 08:21:08 [INFO] Host: echo 'soc info:';head /sys/devices/soc0/* 2>/dev/null; echo '=======';

- 08:21:09 [INFO] Target: 
echo 'soc info:';head /sys/devices/soc0/* 2>/dev/null; echo '=======';
> 
- 08:21:09 [INFO] Host: 

- 08:21:09 [INFO] Target: 

> 
- 08:21:10 [INFO] Host: echo 'interrupts:';cat /proc/interrupts; echo '=======';

- 08:21:10 [INFO] Target: 
echo 'interrupts:';cat /proc/interrupts; echo '=======';
> 
- 08:21:10 [INFO] Host: 

- 08:21:11 [INFO] Target: 

> 
- 08:21:11 [INFO] Host: echo 'Clk_summary:';cat /sys/kernel/debug/clk/clk_summary; echo '=======';

- 08:21:11 [INFO] Target: 
echo 'Clk_summary:';cat /sys/kernel/debug/clk/clk_summary; echo '=======';
> 
- 08:21:11 [INFO] Host: 

- 08:21:12 [INFO] Target: 

> 
- 08:21:12 [INFO] Host: echo 'Orphan Clks:';ls /sys/kernel/debug/clk/orphans/; echo '=======';

- 08:21:13 [INFO] Target: 
echo 'Orphan Clks:';ls /sys/kernel/debug/clk/orphans/; echo '=======';
> 
- 08:21:13 [INFO] Host: 

- 08:21:13 [INFO] Target: 

> 
- 08:21:13 [INFO] Host: echo 'H''ello World' 'B''oard Booted';

- 08:21:14 [INFO] Target: 
echo 'H''ello World' 'B''oard Booted';
> 
- 08:21:14 [INFO] Host: 

- 08:21:14 [INFO] Target: 

> 
- 08:21:14 [INFO] Host: EOF
- 08:21:15 [INFO] Target: 
EOF
root@GenericOMAP3(FlattenedDeviceTree):/test# 
- 08:21:15 [INFO] Host: cd /test
- 08:21:15 [INFO] Target: 
cd /test
root@GenericOMAP3(FlattenedDeviceTree):/test# 
- 08:21:15 [INFO] Host: chmod +x test.sh
- 08:21:16 [INFO] Target: 
chmod +x test.sh
root@GenericOMAP3(FlattenedDeviceTree):/test# 
- 08:21:16 [INFO] Host: ./test.sh 2> stderr.log > stdout.log 3> result.log
- 08:21:17 [INFO] Target: 
./test.sh 2> stderr.log > stdout.l 
og 3> result.log
root@GenericOMAP3(FlattenedDeviceTree):/test# 
- 08:21:17 [INFO] Host: echo $?
- 08:21:18 [INFO] Target: 
echo $?
0
root@GenericOMAP3(FlattenedDeviceTree):/test# 
- 08:21:18 [INFO] Host: cd /test
- 08:21:18 [INFO] Target: 
cd /test
root@GenericOMAP3(FlattenedDeviceTree):/test# 
- 08:21:18 [INFO] Host: cat stdout.log
- 08:21:21 [INFO] Target: 
cat stdout.log
cpuinfo:
processor	: 0
model name	: ARMv7 Processor rev 2 (v7l)
Features	: half thumb fastmult vfp edsp thumbee neon vfpv3 tls vfpd32 
CPU implementer	: 0x41
CPU architecture: 7
CPU variant	: 0x1
CPU part	: 0xc08
CPU revision	: 2

Hardware	: Generic OMAP3 (Flattened Device Tree)
Revision	: 0000
Serial		: 0000000000000000
=======
soc info:
==> /sys/devices/soc0/family <==
OMAP3

==> /sys/devices/soc0/machine <==
OMAP3430/3530

==> /sys/devices/soc0/power <==

==> /sys/devices/soc0/revision <==
ES2.1

==> /sys/devices/soc0/subsystem <==

==> /sys/devices/soc0/type <==
GP

==> /sys/devices/soc0/uevent <==
=======
interrupts:
           CPU0       
 23:          0      INTC   7  TWL4030-PIH
 25:          0      INTC   9  l3-debug-irq
 26:          0      INTC  10  l3-app-irq
 28:          0      INTC  12  DMA
 29:      31003      INTC  13  omap-dma-engine
 36:          0      INTC  20  gpmc
 53:       9075      INTC  37  gp_timer
 72:        381      INTC  56  48070000.i2c
 73:          0      INTC  57  48072000.i2c
 77:          0      INTC  61  48060000.i2c
 90:       3210      INTC  74  OMAP UART2
 99:      62073      INTC  83  mmc0
166:          1      GPIO  22  ads7846
213:          0      GPIO   5  enter
214:          0      GPIO   6  f1
215:          0      GPIO   7  f2
216:          0      GPIO   8  f3
217:          0      GPIO   9  f4
218:          0      GPIO  10  left
219:          0      GPIO  11  right
220:          0      GPIO  12  up
221:          0      GPIO  13  down
264:         14      GPIO  24  eth0
306:          0      PRCM  pm_wkup
315:          0      PRCM  pinctrl, pinctrl, pm_io
338:          0   pinctrl 366  OMAP UART2
339:          0   twl4030   0  twl4030_gpio
344:          0   twl4030   5  twl4030_power
347:          0   twl4030   8  twl4030_pwrbutton
350:          0   twl4030  11  rtc0
IPI0:          0  CPU wakeup interrupts
IPI1:          0  Timer broadcast interrupts
IPI2:          0  Rescheduling interrupts
IPI3:          0  Function call interrupts
IPI4:          0  Single function call interrupts
IPI5:          0  CPU stop interrupts
IPI6:          0  IRQ work interrupts
IPI7:          0  completion interrupts
Err:          0
=======
Clk_summary:
   clock                         enable_cnt  prepare_cnt        rate   accuracy
--------------------------------------------------------------------------------
 secure_32k_fck                           0            1       32768          0
    wdt1_fck                              0            0       32768          0
    gpt12_fck                             0            1       32768          0
 dummy_ck                                 0            0           0          0
 mcbsp_clks                               0            5           0          0
 sys_altclk                               0            0           0          0
 virt_38_4m_ck                            0            0    38400000          0
 virt_26000000_ck                         1            1    26000000          0
    osc_sys_ck                            1            1    26000000          0
       sys_clkout1                        0            0    26000000          0
       sys_ck                             3           18    13000000          0
          cpefuse_fck                     0            0    13000000          0
          dpll5_ck                        0            1   120000000          0
             dpll5_m2_ck                  0            1   120000000          0
                usbhost_120m_fck           0            0   120000000          0
                usbtll_fck                0            1   120000000          0
                dpll5_m2_d4_ck            0            0    30000000          0
                dpll5_m2_d8_ck            0            0    15000000          0
                dpll5_m2_d16_ck           0            0     7500000          0
                dpll5_m2_d20_ck           0            0     6000000          0
          sys_d2_ck                       0            0     6500000          0
             usim_fck                     0            0     6500000          0
          modem_fck                       0            0    13000000          0
          dpll2_ck                        0            1   360000000          0
             dpll2_m2_ck                  0            1   360000000          0
                iva2_ck                   0            2   360000000          0
          sr2_fck                         0            1    13000000          0
          sr1_fck                         0            1    13000000          0
          traceclk_src_fck                0            0    13000000          0
             traceclk_fck                 0            0    13000000          0
          emu_src_mux_ck                  0            1    13000000          0
             emu_src_ck                   0            1    13000000          0
                atclk_fck                 0            0    13000000          0
                pclkx2_fck                0            0    13000000          0
                pclk_fck                  0            0     6500000          0
          gpt9_fck                        0            1    13000000          0
          gpt8_fck                        0            1    13000000          0
          gpt7_fck                        0            1    13000000          0
          gpt6_fck                        0            1    13000000          0
          gpt5_fck                        0            1    13000000          0
          gpt4_fck                        0            1    13000000          0
          gpt3_fck                        0            1    13000000          0
          gpt2_fck                        0            1    13000000          0
          dss2_alwon_fck                  0            2    13000000          0
          dpll1_ck                        0            1   500000000          0
             dpll1_x2_ck                  0            1  1000000000          0
                dpll1_x2m2_ck             0            1  1000000000          0
                   mpu_ck                 0            1  1000000000          0
                      emu_mpu_alwon_ck           0            0  1000000000          0
                      arm_fck             0            1   500000000          0
          dpll3_ck                        1            1   266000000          0
             dpll3_m2_ck                  1            2   266000000          0
                core_ck                   1            1   266000000          0
                   core_d2_ck             0            0   133000000          0
                   core_d6_ck             0            0    44333333          0
                      sgx_fck             0            0    44333333          0
                   core_d4_ck             0            0    66500000          0
                   core_d3_ck             0            0    88666666          0
                   dpll2_fck              0            0   266000000          0
                   l3_ick                 2            3   133000000          0
                      sgx_ick             0            0   133000000          0
                      mad2d_ick           0            0   133000000          0
                      sad2d_ick           0            1   133000000          0
                      security_l3_ick           0            0   133000000          0
                         pka_ick           0            0   133000000          0
                      core_l3_ick           8           10   133000000          0
                         hsotgusb_ick_3430es2           0            1   133000000          0
                         gpmc_fck           2            2   133000000          0
                         sdrc_ick           1            1   133000000          0
                      l4_ick              7            8    66500000          0
                         usbhost_ick           1            1    66500000          0
                         dss_ick_3430es2           4            6    66500000          0
                         sr_l4_ick           2            2    66500000          0
                         ssi_l4_ick           1            1    66500000          0
                            ssi_ick_3430es2           1            1    66500000          0
                         cam_ick           0            1    66500000          0
                         security_l4_ick2           0            0    66500000          0
                            des1_ick           0            0    66500000          0
                            sha11_ick           0            0    66500000          0
                            rng_ick           0            0    66500000          0
                            aes1_ick           0            0    66500000          0
                         per_l4_ick          15           17    66500000          0
                            mcbsp4_ick           2            2    66500000          0
                            mcbsp3_ick           2            2    66500000          0
                            mcbsp2_ick           1            1    66500000          0
                            gpt2_ick           1            1    66500000          0
                            gpt3_ick           1            1    66500000          0
                            gpt4_ick           1            1    66500000          0
                            gpt5_ick           1            1    66500000          0
                            gpt6_ick           1            1    66500000          0
                            gpt7_ick           1            1    66500000          0
                            gpt8_ick           1            1    66500000          0
                            gpt9_ick           1            1    66500000          0
                            uart4_ick           0            0    66500000          0
                            uart3_ick           1            1    66500000          0
                            wdt3_ick           0            0    66500000          0
                            gpio2_ick           1            1    66500000          0
                            gpio3_ick           0            1    66500000          0
                            gpio4_ick           1            1    66500000          0
                            gpio5_ick           1            1    66500000          0
                            gpio6_ick           0            1    66500000          0
                         core_l4_ick          21           23    66500000          0
                            mmchs3_ick           1            1    66500000          0
                            usbtll_ick           1            1    66500000          0
                            mailboxes_ick           0            1    66500000          0
                            mspro_ick           0            0    66500000          0
                            des2_ick           0            0    66500000          0
                            icr_ick           0            0    66500000          0
                            sha12_ick           1            2    66500000          0
                            aes2_ick           1            2    66500000          0
                            omapctrl_ick           1            1    66500000          0
                            mcbsp1_ick           1            1    66500000          0
                            mcbsp5_ick           1            1    66500000          0
                            gpt10_ick           1            1    66500000          0
                            gpt11_ick           1            1    66500000          0
                            uart1_ick           1            1    66500000          0
                            uart2_ick           1            1    66500000          0
                            i2c1_ick           1            1    66500000          0
                            i2c2_ick           1            1    66500000          0
                            i2c3_ick           1            1    66500000          0
                            mcspi1_ick           1            1    66500000          0
                            mcspi2_ick           1            1    66500000          0
                            mcspi3_ick           1            1    66500000          0
                            mcspi4_ick           1            1    66500000          0
                            hdq_ick           0            1    66500000          0
                            mmchs1_ick           1            1    66500000          0
                            mmchs2_ick           1            1    66500000          0
                         rm_ick           0            0    33250000          0
                   dpll1_fck              0            0   133000000          0
                dpll3_m2x2_ck             0            1   532000000          0
                   corex2_fck             0            1   532000000          0
                      ssi_ssr_fck_3430es2           0            1   177333334          0
                         ssi_sst_fck_3430es2           0            0    88666667          0
                      corex2_d5_fck           0            0   106400000          0
                      corex2_d3_fck           0            0   177333333          0
             dpll3_m3_ck                  0            0   133000000          0
                dpll3_m3x2_mul_ck           0            0   266000000          0
                   dpll3_m3x2_ck           0            0   266000000          0
                      emu_core_alwon_ck           0            0   266000000          0
             dpll3_x2_ck                  0            0   532000000          0
          dpll4_ck                        1            3   432000000          0
             dpll4_m6_ck                  0            0   144000000          0
                dpll4_m6x2_mul_ck           0            0   288000000          0
                   dpll4_m6x2_ck           0            0   288000000          0
                      emu_per_alwon_ck           0            0   288000000          0
             dpll4_m5_ck                  0            0   108000000          0
                dpll4_m5x2_mul_ck           0            0   216000000          0
                   dpll4_m5x2_ck           0            0   216000000          0
                      cam_mclk            0            0   216000000          0
             dpll4_m4_ck                  0            1    48000000          0
                dpll4_m4x2_mul_ck           0            1    96000000          0
                   dpll4_m4x2_ck           0            1    96000000          0
                      dss1_alwon_fck_3430es2           0            4    96000000          0
             dpll4_m3_ck                  0            1    27000000          0
                dpll4_m3x2_mul_ck           0            1    54000000          0
                   dpll4_m3x2_ck           0            1    54000000          0
                      omap_54m_fck           0            1    54000000          0
                         dss_tv_fck           0            2    54000000          0
                         clkout2_src_ck           0            0    54000000          0
                            sys_clkout2           0            0    54000000          0
             dpll4_m2_ck                  1            1    48000000          0
                dpll4_m2x2_mul_ck           1            1    96000000          0
                   dpll4_m2x2_ck           1            1    96000000          0
                      omap_192m_alwon_fck           0            0    96000000          0
                      omap_96m_alwon_fck           1            2    96000000          0
                         per_96m_fck           0            6    96000000          0
                            mcbsp4_fck           0            1    96000000          0
                            mcbsp3_fck           0            2    96000000          0
                            mcbsp2_fck           0            2    96000000          0
                         cm_96m_fck           1            2    96000000          0
                            cm_96m_d2_fck           1            1    48000000          0
                               omap_48m_fck           2            4    48000000          0
                                  usbhost_48m_fck           0            1    48000000          0
                                  per_48m_fck           1            1    48000000          0
                                     uart3_fck           1            1    48000000          0
                                  core_48m_fck           2            6    48000000          0
                                     uart1_fck           1            1    48000000          0
                                     uart2_fck           1            1    48000000          0
                                     mcspi1_fck           0            1    48000000          0
                                     mcspi2_fck           0            1    48000000          0
                                     mcspi3_fck           0            1    48000000          0
                                     mcspi4_fck           0            1    48000000          0
                                  omap_12m_fck           0            1    12000000          0
                                     core_12m_fck           0            1    12000000          0
                                        hdq_fck             0            1    12000000          0
                            omap_96m_fck           0            2    96000000          0
                               omap_96m_d10_fck           0            0     9600000          0
                               omap_96m_d8_fck           0            0    12000000          0
                               omap_96m_d4_fck           0            0    24000000          0
                               omap_96m_d2_fck           0            0    48000000          0
                               dss_96m_fck           0            2    96000000          0
                               core_96m_fck           0           10    96000000          0
                                  mcbsp1_fck           0            1    96000000          0
                                  mcbsp5_fck           0            1    96000000          0
                                  mmchs3_fck           0            1    96000000          0
                                  mspro_fck           0            0    96000000          0
                                  csi2_96m_fck           0            0    96000000          0
                                  i2c1_fck           0            1    96000000          0
                                  i2c2_fck           0            1    96000000          0
                                  i2c3_fck           0            1    96000000          0
                                  mmchs1_fck           0            1    96000000          0
                                  mmchs2_fck           0            1    96000000          0
             dpll4_x2_ck                  0            0   864000000          0
          wkup_l4_ick                     4            5    13000000          0
             usim_ick                     0            0    13000000          0
             gpt1_ick                     1            1    13000000          0
             gpt12_ick                    1            1    13000000          0
             omap_32ksync_ick             1            1    13000000          0
             gpio1_ick                    0            1    13000000          0
             wdt1_ick                     0            0    13000000          0
             wdt2_ick                     1            1    13000000          0
 virt_19200000_ck                         0            0    19200000          0
 virt_13m_ck                              0            0    13000000          0
 virt_12m_ck                              0            0    12000000          0
 omap_32k_fck                             3            8       32768          0
    gpt1_fck                              1            1       32768          0
    ts_fck                                0            0       32768          0
    per_32k_alwon_fck                     1            5       32768          0
       wdt3_fck                           0            0       32768          0
       gpio2_dbck                         0            1       32768          0
       gpio3_dbck                         0            1       32768          0
       gpio4_dbck                         1            2       32768          0
       gpio5_dbck                         0            1       32768          0
       gpio6_dbck                         0            1       32768          0
    wkup_32k_fck                          1            3       32768          0
       wdt2_fck                           0            1       32768          0
       gpio1_dbck                         0            1       32768          0
    gpt11_fck                             0            1       32768          0
    gpt10_fck                             0            1       32768          0
 dummy_apb_pclk                           0            0           0          0
 virt_16_8m_ck                            0            0    16800000          0
=======
Orphan Clks:
=======
Hello World Board Booted
root@GenericOMAP3(FlattenedDeviceTree):/test# 
- 08:21:21 [INFO] Host: cat stderr.log
- 08:21:22 [INFO] Target: 
cat stderr.log
ls: /sys/kernel/debug/clk/orphans/: No such file or directory
root@GenericOMAP3(FlattenedDeviceTree):/test# 
- 08:21:22 [INFO] Host: cat result.log
- 08:21:24 [ERROR] On command: cat result.log waiting for (?m-ix:^1[\0\n\r]+) >>> error: execution expired
- 08:21:24 [INFO] Target: 
cat result.log
root@GenericOMAP3(FlattenedDeviceTree):/test# 
- 08:21:24 [INFO] Host: cd /test
- 08:21:24 [INFO] Target: 
cd /test
root@GenericOMAP3(FlattenedDeviceTree):/test# 
