- 05:36:22 [INFO] Starting target session
- 05:36:22 [INFO] Connected to ldp via serial 
- 05:36:22 [INFO] Host: #check prompt
- 05:36:25 [ERROR] On command: #check prompt waiting for #check prompt.+?(?-mix:((?-mix:.*\s+login)|[Pp]assword)) >>> error: execution expired
- 05:36:25 [INFO] Target: 
#check prompt
root@GenericOMAP3(FlattenedDeviceTree):/test# 
- 05:36:25 [INFO] Host: #check prompt
- 05:36:26 [INFO] Target: 
#check prompt
root@GenericOMAP3(FlattenedDeviceTree):/test# 
- 05:36:26 [INFO] Host: sync;poweroff
- 05:36:48 [INFO] Target: 
sync;poweroff
Broadcast message from root@GenericOMAP3(FlattenedDeviceTree) (ttyO2) (Fri De
The system is going down for system halt NOW!
INIT: Switching to runlevel: 0
2root@GenericOMAP3(FlattenedDeviceTree):/test# 
INIT: Sending processes the TERM signal
INIT: Sending processes the KILL signal
Stopping Dropbear SSH server: stopped /usr/sbin/dropbear (pid 603)
dropbear.
Stopping telnet daemon.
Stopping system message bus: Stopping syslogd/klogd: Error opening /dev/fb0: No such file or directory
stopped syslogd (pid 615)
stopped klogd (pid 617)
done
Stopping thttpd.
ALSA: Storing mixer settings...
/usr/sbin/alsactl: save_state:1580: No soundcards found...
Deconfiguring network interfaces... [ 9838.664794] smsc911x 8000000.ethernet eth0: SMSC911x/921x identified at 0xc8808000, IRQ: 183
done.
Stopping Lighttpd Web Server: stopped /usr/sbin/lighttpd (pid 628)
lighttpd.
***************************************************************
***************************************************************
NOTICE: This file system contains the followin GPLv3 packages:
	binutils-symlinks
	binutils
	gdbserver
	parted
If you do not wish to distribute GPLv3 components please remove
the above packages prior to distribution.  This can be done using
the opkg remove command.  i.e.:
    opkg remove <package>
Where <package> is the name printed in the list above
NOTE: If the package is a dependency of another package you
      will be notified of the dependent packages.  You should
      use the --force-removal-of-dependent-packages option to
      also remove the dependent packages as well
***************************************************************
***************************************************************
Sending all processes the TERM signal...
Sending all processes the KILL signal...
Unmounting remote filesystems...
Deactivating swap...
Unmounting local filesystems...
[ 9849.718505] EXT4-fs (mmcblk0p2): re-mounted. Opts: data=ordered
[ 9852.456298] reboot: Power down
- 05:36:48 [INFO] Disconnected serial from ldp
- 05:36:50 [INFO] Connected to ldp via serial 
- 05:36:50 [INFO] Host: 
- 05:36:50 [ERROR] On command:  waiting for (?-mix:OMAP34XX\sLAB\s#) >>> error: execution expired
- 05:36:50 [INFO] Target: 
 @ @ @D` @ 
Texas Instruments X-Loader 1.41
- 05:36:50 [INFO] Host: 
- 05:36:51 [ERROR] On command:  waiting for (?-mix:OMAP34XX\sLAB\s#) >>> error: execution expired
- 05:36:51 [INFO] Target: 
Starting OS Bootloader...
U-Boot 1.1.4 (Mar 14 2008 - 15:08:13)
OMAP3430-GP rev 2, CPU-OPP2 L3-133MHz
OMAP3430LAB 0.1 Version + mDDR (Boot NAND)
DRAM:  128 MB
NAND:
- 05:36:51 [INFO] Host: 
- 05:36:51 [ERROR] On command:  waiting for (?-mix:OMAP34XX\sLAB\s#) >>> error: execution expired
- 05:36:51 [INFO] Target: 
- 05:36:51 [INFO] Host: 
- 05:36:52 [ERROR] On command:  waiting for (?-mix:OMAP34XX\sLAB\s#) >>> error: execution expired
- 05:36:52 [INFO] Target: 
- 05:36:52 [INFO] Host: 
- 05:36:52 [ERROR] On command:  waiting for (?-mix:OMAP34XX\sLAB\s#) >>> error: execution expired
- 05:36:52 [INFO] Target: 
256 MiB
- 05:36:52 [INFO] Host: 
- 05:36:53 [ERROR] On command:  waiting for (?-mix:OMAP34XX\sLAB\s#) >>> error: execution expired
- 05:36:53 [INFO] Target: 
In:    serial
Out:   serial
Err:   serial
- 05:36:53 [INFO] Host: 
- 05:36:53 [ERROR] On command:  waiting for (?-mix:OMAP34XX\sLAB\s#) >>> error: execution expired
- 05:36:53 [INFO] Target: 
- 05:36:53 [INFO] Host: 
- 05:36:54 [ERROR] On command:  waiting for (?-mix:OMAP34XX\sLAB\s#) >>> error: execution expired
- 05:36:54 [INFO] Target: 
Battery levels: main 0 mV, backup 3223 mV
Main battery charge too low!
LAN9x18 (0x92110000) detected.
Read mac address: 00:08:EE:02:24:F3
- 05:36:54 [INFO] Host: 
- 05:36:54 [ERROR] On command:  waiting for (?-mix:OMAP34XX\sLAB\s#) >>> error: execution expired
- 05:36:54 [INFO] Target: 
start Auto negotiation... (take ~2sec)
- 05:36:54 [INFO] Host: 
- 05:36:55 [ERROR] On command:  waiting for (?-mix:OMAP34XX\sLAB\s#) >>> error: execution expired
- 05:36:55 [INFO] Target: 
- 05:36:55 [INFO] Host: 
- 05:36:55 [ERROR] On command:  waiting for (?-mix:OMAP34XX\sLAB\s#) >>> error: execution expired
- 05:36:55 [INFO] Target: 
- 05:36:55 [INFO] Host: 
- 05:36:56 [INFO] Target: 
Auto negotiation complete, 100BaseTX, full duplex
OMAP34XX LAB # 
OMAP34XX LAB # 
OMAP34XX LAB # 
OMAP34XX LAB # 
OMAP34XX LAB # 
OMAP34XX LAB # 
OMAP34XX LAB # 
OMAP34XX LAB # 
OMAP34XX LAB # 
OMAP34XX LAB # 
OMAP34XX LAB # 
- 05:36:56 [INFO] Host: version
- 05:36:56 [INFO] Target: 
version
U-Boot 1.1.4 (Mar 14 2008 - 15:08:13)
OMAP34XX LAB # 
- 05:36:56 [INFO] Host: bdinfo
- 05:36:57 [INFO] Target: 
bdinfo
arch_number = 0x00000472
env_t       = 0x00000000
boot_params = 0x80000100
DRAM bank   = 0x00000000
-> start    = 0x80000000
-> size     = 0x08000000
DRAM bank   = 0x00000001
-> start    = 0x88000000
-> size     = 0x00000000
ethaddr     = 00:08:EE:02:24:F3
ip_addr     = 128.247.77.90
baudrate    = 115200 bps
OMAP34XX LAB # 
- 05:36:57 [INFO] Host: printenv
- 05:36:57 [INFO] Target: 
printenv
bootargs=root=/dev/ram0 rw mem=64M console=ttyS2,115200n8 initrd=0x80600000,8M ramdisk_size=8192
bootdelay=3
baudrate=115200
ipaddr=128.247.77.90
serverip=128.247.77.158
netmask=255.255.254.0
bootfile="uImage"
stdin=serial
stdout=serial
stderr=serial
ethaddr=00:08:EE:02:24:F3
Environment size: 277/131068 bytes
OMAP34XX LAB # 
- 05:36:57 [INFO] Host: setenv autoload 'no'
- 05:36:58 [INFO] Target: 
setenv autoload 'no'
OMAP34XX LAB # 
- 05:36:58 [INFO] Host: dhcp
- 05:37:02 [INFO] Target: 
dhcp
LAN9x18 (0x92110000) detected.
Read mac address: 00:08:EE:02:24:F3
start Auto negotiation... (take ~2sec)
Auto negotiation complete, 100BaseTX, full duplex
BOOTP broadcast 1
DHCP client bound to address 192.168.1.196
OMAP34XX LAB # 
- 05:37:02 [INFO] Host: setenv serverip 192.168.1.254
- 05:37:02 [INFO] Target: 
setenv serverip 192.168.1.254
OMAP34XX LAB # 
- 05:37:02 [INFO] Host: setenv bootargs 'console=ttyO2,115200n8 earlyprintk rootwait ip=dhcp root=/dev/mmcblk0p2 rw rootfstype=ext3 nohlt'
- 05:37:03 [INFO] Target: 
setenv bootargs 'console=ttyO2,115200n8 earlyprintk rootwait ip=dhcp root=/dev/mmcblk0p2 rw rootfstype=ext3 nohlt'
OMAP34XX LAB # 
- 05:37:03 [INFO] Host: setenv bootfile vatf_6/b9c4e2f4612afa8d9c1325d24118cc9e
- 05:37:03 [INFO] Target: 
setenv bootfile vatf_6/b9c4e2f4612afa8d9c1325d24118cc9e
OMAP34XX LAB # 
- 05:37:03 [INFO] Host: setenv bootcmd 'tftp ${loadaddr};bootm ${loadaddr}'
- 05:37:04 [INFO] Target: 
setenv bootcmd 'tftp ${loadaddr};bootm ${loadaddr}'
OMAP34XX LAB # 
- 05:37:04 [INFO] Host: printenv
- 05:37:04 [INFO] Target: 
printenv
bootdelay=3
baudrate=115200
stdin=serial
stdout=serial
stderr=serial
autoload=no
ethaddr=00:08:EE:02:24:F3
gatewayip=192.168.1.254
netmask=255.255.255.0
ipaddr=192.168.1.196
serverip=192.168.1.254
bootargs=console=ttyO2,115200n8 earlyprintk rootwait ip=dhcp root=/dev/mmcblk0p2 rw rootfstype=ext3 nohlt
bootfile=vatf_6/b9c4e2f4612afa8d9c1325d24118cc9e
bootcmd=tftp ${loadaddr};bootm ${loadaddr}
Environment size: 395/131068 bytes
OMAP34XX LAB # 
- 05:37:04 [INFO] Host: boot
- 05:39:09 [INFO] Target: 
boot
LAN9x18 (0x92110000) detected.
Read mac address: 00:08:EE:02:24:F3
start Auto negotiation... (take ~2sec)
Auto negotiation complete, 100BaseTX, full duplex
TFTP from server 192.168.1.254; our IP address is 192.168.1.196
Filename 'vatf_6/b9c4e2f4612afa8d9c1325d24118cc9e'.
Load address: 0x80000000
Loading: *#################################################################
	 #################################################################
	 #################################################################
	 #################################################################
	 #################################################################
	 #################################################################
	 #################################################################
	 #################################################################
	 #################################################################
	 #################################################################
	 #################################################################
	 #################################################################
	 #################################################################
	 #################################################################
	 ########################
done
Bytes transferred = 4779966 (48efbe hex)
## Booting image at 80000000 ...
   Image Name:   Linux-3.19.0-rc2-next-20150105-0
   Image Type:   ARM Linux Kernel Image (uncompressed)
   Data Size:    4779902 Bytes =  4.6 MB
   Load Address: 80800000
   Entry Point:  80800000
   Verifying Checksum ... OK
Starting kernel ...
[    0.000000] Booting Linux on physical CPU 0x0
[    0.000000] Initializing cgroup subsys cpuset
[    0.000000] Initializing cgroup subsys cpu
[    0.000000] Initializing cgroup subsys cpuacct
[    0.000000] Linux version 3.19.0-rc2-next-20150105-00002-gc37fcfc (nmenon@kahuna) (gcc version 4.6.3 (Ubuntu/Linaro 4.6.3-1ubuntu5) ) #1 SMP Mon Jan 5 05:32:45 CST 2015
[    0.000000] CPU: ARMv7 Processor [411fc082] revision 2 (ARMv7), cr=10c5387d
[    0.000000] CPU: PIPT / VIPT nonaliasing data cache, VIPT nonaliasing instruction cache
[    0.000000] Machine model: TI OMAP3430 LDP (Zoom1 Labrador)
[    0.000000] cma: Reserved 16 MiB at 0x86800000
[    0.000000] Memory policy: Data cache writeback
[    0.000000] CPU: All CPU(s) started in SVC mode.
[    0.000000] OMAP3430/3530 ES2.1 (l2cache iva sgx neon isp )
[    0.000000] PERCPU: Embedded 11 pages/cpu @c7d5d000 s14976 r8192 d21888 u45056
[    0.000000] Built 1 zonelists in Zone order, mobility grouping on.  Total pages: 32224
[    0.000000] Kernel command line: console=ttyO2,115200n8 earlyprintk rootwait ip=dhcp root=/dev/mmcblk0p2 rw rootfstype=ext3 nohlt
[    0.000000] PID hash table entries: 512 (order: -1, 2048 bytes)
[    0.000000] Dentry cache hash table entries: 16384 (order: 4, 65536 bytes)
[    0.000000] Inode-cache hash table entries: 8192 (order: 3, 32768 bytes)
[    0.000000] Memory: 93920K/130048K available (6193K kernel code, 682K rwdata, 2356K rodata, 432K init, 8222K bss, 19744K reserved, 16384K cma-reserved, 0K highmem)
[    0.000000] Virtual kernel memory layout:
[    0.000000]     vector  : 0xffff0000 - 0xffff1000   (   4 kB)
[    0.000000]     fixmap  : 0xffc00000 - 0xfff00000   (3072 kB)
[    0.000000]     vmalloc : 0xc8800000 - 0xff000000   ( 872 MB)
[    0.000000]     lowmem  : 0xc0000000 - 0xc8000000   ( 128 MB)
[    0.000000]     pkmap   : 0xbfe00000 - 0xc0000000   (   2 MB)
[    0.000000]     modules : 0xbf000000 - 0xbfe00000   (  14 MB)
[    0.000000]       .text : 0xc0008000 - 0xc086181c   (8551 kB)
[    0.000000]       .init : 0xc0862000 - 0xc08ce000   ( 432 kB)
[    0.000000]       .data : 0xc08ce000 - 0xc0978828   ( 683 kB)
[    0.000000]        .bss : 0xc0978828 - 0xc1180208   (8223 kB)
[    0.000000] Hierarchical RCU implementation.
[    0.000000] 	Additional per-CPU info printed with stalls.
[    0.000000] 	RCU restricting CPUs from NR_CPUS=2 to nr_cpu_ids=1.
[    0.000000] RCU: Adjusting geometry for rcu_fanout_leaf=16, nr_cpu_ids=1
[    0.000000] NR_IRQS:16 nr_irqs:16 16
[    0.000000] IRQ: Found an INTC at 0xfa200000 (revision 4.0) with 96 interrupts
[    0.000000] Clocking rate (Crystal/Core/MPU): 26.0/266/500 MHz
[    0.000000] OMAP clockevent source: timer1 at 32768 Hz
[    0.000061] sched_clock: 32 bits at 32kHz, resolution 30517ns, wraps every 65536000000000ns
[    0.000122] OMAP clocksource: 32k_counter at 32768 Hz
[    0.002716] Console: colour dummy device 80x30
[    0.002929] Lock dependency validator: Copyright (c) 2006 Red Hat, Inc., Ingo Molnar
[    0.002960] ... MAX_LOCKDEP_SUBCLASSES:  8
[    0.002990] ... MAX_LOCK_DEPTH:          48
[    0.003021] ... MAX_LOCKDEP_KEYS:        8191
[    0.003051] ... CLASSHASH_SIZE:          4096
[    0.003051] ... MAX_LOCKDEP_ENTRIES:     32768
[    0.003082] ... MAX_LOCKDEP_CHAINS:      65536
[    0.003112] ... CHAINHASH_SIZE:          32768
[    0.003112]  memory used by lock dependency info: 5167 kB
[    0.003143]  per task-struct memory footprint: 1152 bytes
[    0.003234] Calibrating delay loop... 489.06 BogoMIPS (lpj=2445312)
[    0.086242] pid_max: default: 32768 minimum: 301
[    0.087463] Security Framework initialized
[    0.088134] Mount-cache hash table entries: 1024 (order: 0, 4096 bytes)
[    0.088256] Mountpoint-cache hash table entries: 1024 (order: 0, 4096 bytes)
[    0.099365] Initializing cgroup subsys memory
[    0.099670] Initializing cgroup subsys devices
[    0.100067] Initializing cgroup subsys freezer
[    0.100433] Initializing cgroup subsys blkio
[    0.100830] Initializing cgroup subsys perf_event
[    0.101196] CPU: Testing write buffer coherency: ok
[    0.106414] CPU0: thread -1, cpu 0, socket -1, mpidr 0
[    0.106750] Setting up static identity map for 0x805debd0 - 0x805dec40
[    0.122589] Brought up 1 CPUs
[    0.122650] SMP: Total of 1 processors activated (489.06 BogoMIPS).
[    0.122680] CPU: All CPU(s) started in SVC mode.
[    0.135101] devtmpfs: initialized
[    0.144195] VFP support v0.3: implementor 41 architecture 3 part 30 variant c rev 1
[    0.280700] omap_hwmod: mcbsp2_sidetone using broken dt data from mcbsp
[    0.284545] omap_hwmod: mcbsp3_sidetone using broken dt data from mcbsp
[    0.423400] omap_hwmod: mcbsp2: cannot be enabled for reset (3)
[    0.449798] pinctrl core: initialized pinctrl subsystem
[    0.678985] NET: Registered protocol family 16
[    0.692810] DMA: preallocated 256 KiB pool for atomic coherent allocations
[    0.701568] cpuidle: using governor ladder
[    0.701721] cpuidle: using governor menu
[    0.715057] Reprogramming SDRC clock to 266000000 Hz
[    0.753417] OMAP GPIO hardware version 2.5
[    0.795349] irq: no irq domain found for /ocp/pinmux@48002030 !
[    0.863800] omap-gpmc 6e000000.gpmc: GPMC revision 5.0
[    0.892272] No ATAGs?
[    0.892364] hw-breakpoint: debug architecture 0x4 unsupported.
[    0.901062] OMAP DMA hardware revision 4.0
[    1.128845] omap-dma-engine 48056000.dma-controller: OMAP DMA engine driver
[    1.150451] SCSI subsystem initialized
[    1.156005] usbcore: registered new interface driver usbfs
[    1.156829] usbcore: registered new interface driver hub
[    1.157379] usbcore: registered new device driver usb
[    1.176147] omap_i2c 48070000.i2c: bus 0 rev3.3 at 2600 kHz
[    1.179870] omap_i2c 48072000.i2c: bus 1 rev3.3 at 400 kHz
[    1.183624] omap_i2c 48060000.i2c: bus 2 rev3.3 at 400 kHz
[    1.199371] Switched to clocksource 32k_counter
[    1.739898] NET: Registered protocol family 2
[    1.745758] TCP established hash table entries: 1024 (order: 0, 4096 bytes)
[    1.746124] TCP bind hash table entries: 1024 (order: 3, 36864 bytes)
[    1.746826] TCP: Hash tables configured (established 1024 bind 1024)
[    1.747436] TCP: reno registered
[    1.747558] UDP hash table entries: 256 (order: 2, 20480 bytes)
[    1.748016] UDP-Lite hash table entries: 256 (order: 2, 20480 bytes)
[    1.751159] NET: Registered protocol family 1
[    1.756713] RPC: Registered named UNIX socket transport module.
[    1.756774] RPC: Registered udp transport module.
[    1.756835] RPC: Registered tcp transport module.
[    1.756866] RPC: Registered tcp NFSv4.1 backchannel transport module.
[    1.762054] hw perfevents: enabled with armv7_cortex_a8 PMU driver, 5 counters available
[    1.781768] futex hash table entries: 256 (order: 2, 16384 bytes)
[    1.782531] audit: initializing netlink subsys (disabled)
[    1.783538] audit: type=2000 audit(1.770:1): initialized
[    1.799743] VFS: Disk quotas dquot_6.5.2
[    1.800231] VFS: Dquot-cache hash table entries: 1024 (order 0, 4096 bytes)
[    1.810668] NFS: Registering the id_resolver key type
[    1.812316] Key type id_resolver registered
[    1.812377] Key type id_legacy registered
[    1.813201] jffs2: version 2.2. (NAND) (SUMMARY)   2001-2006 Red Hat, Inc.
[    1.833038] io scheduler noop registered
[    1.833129] io scheduler deadline registered
[    1.833465] io scheduler cfq registered (default)
[    1.842864] pinctrl-single 48002030.pinmux: 284 pins at pa fa002030 size 568
[    1.844604] pinctrl-single 48002a00.pinmux: 46 pins at pa fa002a00 size 92
[    1.846649] pinctrl-single 480025d8.pinmux: 18 pins at pa fa0025d8 size 36
[    1.864501] Serial: 8250/16550 driver, 4 ports, IRQ sharing enabled
[    1.885772] omap_uart 4806a000.serial: no wakeirq for uart0
[    1.887512] 4806a000.serial: ttyO0 at MMIO 0x4806a000 (irq = 224, base_baud = 3000000) is a OMAP UART0
[    1.894836] omap_uart 4806c000.serial: no wakeirq for uart0
[    1.895782] 4806c000.serial: ttyO1 at MMIO 0x4806c000 (irq = 225, base_baud = 3000000) is a OMAP UART1
[    1.902282] 49020000.serial: ttyO2 at MMIO 0x49020000 (irq = 226, base_baud = 3000000) is a OMAP UART2
[    2.685302] console [ttyO2] enabled
[    2.781433] brd: module loaded
[    2.844451] loop: module loaded
[    2.884307] twl 0-0048: PIH (irq 293) chaining IRQs 294..302
[    2.891601] twl 0-0048: power (irq 299) chaining IRQs 302..309
[    3.053070] twl4030_gpio twl4030-gpio: gpio (irq 294) chaining IRQs 310..327
[    3.284851] mtdoops: mtd device (mtddev=name/number) must be supplied
[    3.293731] nand: device found, Manufacturer ID: 0x2c, Chip ID: 0xba
[    3.300720] nand: Micron MT29F2G16ABD
[    3.304656] nand: 128 MiB, SLC, erase size: 64 KiB, page size: 1024, OOB size: 32
[    3.312774] nand: using OMAP_ECC_BCH8_CODE_HW_DETECTION_SW
[    3.324707] 5 ofpart partitions found on MTD device omap2-nand.0
[    3.331329] Creating 5 MTD partitions on "omap2-nand.0":
[    3.337005] 0x000000000000-0x000000080000 : "X-Loader"
[    3.362640] 0x000000080000-0x0000001c0000 : "U-Boot"
[    3.380065] 0x0000001c0000-0x000000200000 : "Environment"
[    3.396881] 0x000000200000-0x000002000000 : "Kernel"
[    3.445861] 0x000002000000-0x000008000000 : "Filesystem"
[    3.617309] libphy: smsc911x-mdio: probed
[    3.622619] smsc911x 8000000.ethernet eth0: attached PHY driver [SMSC LAN8700] (mii_bus:phy_addr=8000000.ethernet:01, irq=-1)
[    3.635223] smsc911x 8000000.ethernet eth0: MAC Address: 00:08:ee:02:24:f3
[    3.646881] usbcore: registered new interface driver asix
[    3.653381] usbcore: registered new interface driver ax88179_178a
[    3.660644] usbcore: registered new interface driver cdc_ether
[    3.667602] usbcore: registered new interface driver smsc95xx
[    3.674560] usbcore: registered new interface driver net1080
[    3.681365] usbcore: registered new interface driver cdc_subset
[    3.688232] usbcore: registered new interface driver zaurus
[    3.695281] usbcore: registered new interface driver cdc_ncm
[    3.705474] usbcore: registered new interface driver cdc_wdm
[    3.712615] usbcore: registered new interface driver usb-storage
[    3.719970] usbcore: registered new interface driver usbtest
[    3.734344] mousedev: PS/2 mouse device common for all mice
[    3.745910] input: TWL4030 Keypad as /devices/platform/68000000.ocp/48070000.i2c/i2c-0/0-0048/48070000.i2c:twl@48:keypad/input/input0
[    3.781616] input: twl4030_pwrbutton as /devices/platform/68000000.ocp/48070000.i2c/i2c-0/0-0048/48070000.i2c:twl@48:pwrbutton/input/input1
[    3.802795] twl_rtc 48070000.i2c:twl@48:rtc: Enabling TWL-RTC
[    3.823547] twl_rtc 48070000.i2c:twl@48:rtc: rtc core: registered 48070000.i2c:twl@48 as rtc0
[    3.836425] i2c /dev entries driver
[    3.850250] Driver for 1-wire Dallas network protocol.
[    3.866210] omap_wdt: OMAP Watchdog Timer Rev 0x31: initial timeout 60 sec
[    3.879882] Driver 'mmcblk' needs updating - please use bus_type methods
[    3.892456] omap_hsmmc 4809c000.mmc: multiblock reads disabled due to 35xx erratum 2.1.1.128; MMC read performance may suffer
[    3.962188] ledtrig-cpu: registered to indicate activity on CPUs
[    3.970947] usbcore: registered new interface driver usbhid
[    3.976867] usbhid: USB HID core driver
[    3.986663] oprofile: using arm/armv7
[    3.993133] TCP: cubic registered
[    3.996826] Initializing XFRM netlink socket
[    4.002197] NET: Registered protocol family 17
[    4.007232] NET: Registered protocol family 15
[    4.013488] Key type dns_resolver registered
[    4.019195] omap2_set_init_voltage: unable to find boot up OPP for vdd_mpu_iva
[    4.026916] omap2_set_init_voltage: unable to set vdd_mpu_iva
[    4.033264] omap2_set_init_voltage: unable to find boot up OPP for vdd_core
[    4.040893] omap2_set_init_voltage: unable to set vdd_core
[    4.053466] PM: no software I/O chain control; some wakeups may be lost
[    4.066528] ThumbEE CPU extension supported.
[    4.071441] Registering SWP/SWPB emulation handler
[    4.076629] SmartReflex Class3 initialized
[    4.120574] input: gpio_keys as /devices/platform/gpio_keys/input/input2
[    4.136138] twl_rtc 48070000.i2c:twl@48:rtc: setting system clock to 2014-12-19 18:29:31 UTC (1419013771)
[    4.146636] sr_init: No PMIC hook to init smartreflex
[    4.153381] smartreflex smartreflex.0: omap_sr_probe: SmartReflex driver initialized
[    4.162567] smartreflex smartreflex.0: omap_sr_probe: smartreflex_mpu_iva: No Voltage table for the corresponding vdd. Cannot create debugfs entries for n-values
[    4.179779] smartreflex: probe of smartreflex.0 failed with error -61
[    4.187194] smartreflex smartreflex.1: omap_sr_probe: SmartReflex driver initialized
[    4.196197] smartreflex smartreflex.1: omap_sr_probe: smartreflex_core: No Voltage table for the corresponding vdd. Cannot create debugfs entries for n-values
[    4.212097] smartreflex: probe of smartreflex.1 failed with error -61
[    4.219573] sr_init: platform driver register failed for SR
[    4.430206] smsc911x 8000000.ethernet eth0: SMSC911x/921x identified at 0xc887e000, IRQ: 183
[    4.542602] mmc0: host does not support reading read-only switch, assuming write-enable
[    4.554840] mmc0: new high speed SDHC card at address 1234
[    4.568420] mmcblk0: mmc0:1234 SA04G 3.63 GiB 
[    4.600097]  mmcblk0: p1 p2
[    6.639099] Sending DHCP requests ., OK
[    6.689788] IP-Config: Got DHCP answer from 192.168.1.254, my address is 192.168.1.196
[    6.700195] IP-Config: Complete:
[    6.703674]      device=eth0, hwaddr=00:08:ee:02:24:f3, ipaddr=192.168.1.196, mask=255.255.255.0, gw=192.168.1.254
[    6.714843]      host=192.168.1.196, domain=ti.com, nis-domain=(none)
[    6.721893]      bootserver=192.168.1.254, rootserver=192.168.1.254, rootpath=
[    6.729553]      nameserver0=192.0.2.2, nameserver1=192.0.2.3
[    6.740631] VUSB3V1: disabling
[    6.746459] VUSB1V8: disabling
[    6.752746] VUSB1V5: disabling
[    6.842559] kjournald starting.  Commit interval 5 seconds
[    6.862854] EXT3-fs (mmcblk0p2): using internal journal
[    6.868469] EXT3-fs (mmcblk0p2): mounted filesystem with ordered data mode
[    6.876312] VFS: Mounted root (ext3 filesystem) on device 179:2.
[    6.913146] devtmpfs: mounted
[    6.917968] Freeing unused kernel memory: 432K (c0862000 - c08ce000)
[    9.775573] random: nonblocking pool is initialized
INIT: version 2.88 booting
Error opening /dev/fb0: No such file or directory
/dev/ttyO2 linked to /dev/tty-bd - using as console
Starting udev
[   19.566833] udevd[98]: starting version 182
[   70.660583] FAT-fs (mmcblk0p1): Volume was not properly unmounted. Some data may be corrupt. Please run fsck.
ERROR: could not open directory /lib/modules/3.19.0-rc2-next-20150105-00002-gc37fcfc: No such file or directory
WARNING: -e needs -E or -F
ERROR: could not open directory /lib/modules/3.19.0-rc2-next-20150105-00002-gc37fcfc: No such file or directory
FATAL: could not search modules: No such file or directory
Starting Bootlog daemon: bootlogd: cannot allocate pseudo tty: No such file or directory
bootlogd.
ALSA: Restoring mixer settings...
Configuring network interfaces... /usr/sbin/alsactl: load_state:1696: No soundcards found...
udhcpc (v1.20.2) started
Sending discover...
Sending select for 192.168.1.184...
Lease of 192.168.1.184 obtained, lease time 600
/etc/udhcpc.d/50default: Adding DNS 192.0.2.2
/etc/udhcpc.d/50default: Adding DNS 192.0.2.3
done.
INIT: Entering runlevel: 3
/dev/ttyO2 linked to /dev/tty-bd - using as console
Starting system message bus: dbus.
Starting Dropbear SSH server: dropbear.
Starting telnet daemon.
Starting syslogd/klogd: done
Starting thttpd.
Starting Lighttpd Web Server: 2014-12-19 18:31:02: (log.c.166) server started 
lighttpd.
***************************************************************
***************************************************************
NOTICE: This file system contains the followin GPLv3 packages:
	binutils-symlinks
	binutils
	gdbserver
	parted
If you do not wish to distribute GPLv3 components please remove
the above packages prior to distribution.  This can be done using
the opkg remove command.  i.e.:
    opkg remove <package>
Where <package> is the name printed in the list above
NOTE: If the package is a dependency of another package you
      will be notified of the dependent packages.  You should
      use the --force-removal-of-dependent-packages option to
      also remove the dependent packages as well
***************************************************************
***************************************************************
Stopping Bootlog daemon: bootlogd.
 _____                    _____           _         _   
|  _  |___ ___ ___ ___   |  _  |___ ___  |_|___ ___| |_ 
|     |  _| .'| . | . |  |   __|  _| . | | | -_|  _|  _|
|__|__|_| |__,|_  |___|  |__|  |_| |___|_| |___|___|_|  
              |___|                    |___|            
Arago Project http://arago-project.org GenericOMAP3(FlattenedDeviceTree) tty-bd
Arago 2013.12 GenericOMAP3(FlattenedDeviceTree) tty-bd
GenericOMAP3(FlattenedDeviceTree) login: 
- 05:39:09 [INFO] Host: root
- 05:39:10 [INFO] Target: 
root
root@GenericOMAP3(FlattenedDeviceTree):~# 
- 05:39:10 [INFO] Host: uname -a
- 05:39:11 [INFO] Target: 
uname -a
Linux GenericOMAP3(FlattenedDeviceTree) 3.19.0-rc2-next-20150105-00002-gc37fcfc #1 SMP Mon Jan 5 05:32:45 CST 2015 armv7l GNU/Linux
root@GenericOMAP3(FlattenedDeviceTree):~# 
- 05:39:11 [INFO] Host: cat /proc/cmdline
- 05:39:11 [INFO] Target: 
cat /proc/cmdline
console=ttyO2,115200n8 earlyprintk rootwait ip=dhcp root=/dev/mmcblk0p2 rw rootfstype=ext3 nohlt
root@GenericOMAP3(FlattenedDeviceTree):~# 
- 05:39:11 [INFO] Host: uname -a
- 05:39:12 [INFO] Target: 
uname -a
Linux GenericOMAP3(FlattenedDeviceTree) 3.19.0-rc2-next-20150105-00002-gc37fcfc #1 SMP Mon Jan 5 05:32:45 CST 2015 armv7l GNU/Linux
root@GenericOMAP3(FlattenedDeviceTree):~# 
- 05:39:12 [INFO] Host: cat /proc/mtd
- 05:39:12 [INFO] Target: 
cat /proc/mtd
dev:    size   erasesize  name
mtd0: 00080000 00010000 "X-Loader"
mtd1: 00140000 00010000 "U-Boot"
mtd2: 00040000 00010000 "Environment"
mtd3: 01e00000 00010000 "Kernel"
mtd4: 06000000 00010000 "Filesystem"
root@GenericOMAP3(FlattenedDeviceTree):~# 
- 05:39:18 [INFO] Host: export IPERFHOST=192.168.1.254
- 05:39:18 [INFO] Target: 
export IPERFHOST=192.168.1.254
root@GenericOMAP3(FlattenedDeviceTree):~# 
- 05:39:18 [INFO] Host: export NFS_SERVER=192.168.1.254
- 05:39:19 [INFO] Target: 
export NFS_SERVER=192.168.1.254
root@GenericOMAP3(FlattenedDeviceTree):~# 
- 05:39:19 [INFO] Host: export NFS_ROOT_PATH=/usr/workdir/filesys/linux/ldp
- 05:39:19 [INFO] Target: 
export NFS_ROOT_PATH=/usr/workdir/file 
sys/linux/ldp
root@GenericOMAP3(FlattenedDeviceTree):~# 
- 05:39:19 [INFO] Host: mkdir -p -m 777 /test
- 05:39:20 [INFO] Target: 
mkdir -p -m 777 /test
root@GenericOMAP3(FlattenedDeviceTree):~# 
- 05:39:20 [INFO] Host: cd /test
- 05:39:20 [INFO] Target: 
cd /test
root@GenericOMAP3(FlattenedDeviceTree):/test# 
- 05:39:20 [INFO] Host: cat > test.sh << EOF
- 05:39:21 [INFO] Target: 
cat > test.sh << EOF
- 05:39:21 [INFO] Host: failtest() {
- 05:39:21 [INFO] Target: 
failtest() {
- 05:39:21 [INFO] Host:   echo 1 >&3
- 05:39:22 [INFO] Target: 
  echo 1 >&3
- 05:39:22 [INFO] Host: }
- 05:39:22 [INFO] Target: 
- 05:39:22 [INFO] Host: timeout=600
- 05:39:23 [INFO] Target: 
timeout=600
- 05:39:23 [INFO] Host: 
- 05:39:23 [INFO] Target: 
- 05:39:23 [INFO] Host: # Start of user's script logic
- 05:39:24 [INFO] Target: 
# Start of user's script logic
- 05:39:24 [INFO] Host: 
- 05:39:24 [INFO] Target: 
- 05:39:24 [INFO] Host: 
- 05:39:25 [INFO] Target: 
- 05:39:25 [INFO] Host: mount -t proc proc /proc 2>/dev/null;
- 05:39:25 [INFO] Target: 
mount -t proc proc /proc 2>/dev/null;
- 05:39:25 [INFO] Host: 
- 05:39:26 [INFO] Target: 
- 05:39:26 [INFO] Host: mount -t sysfs sys /sys 2>/dev/null;
- 05:39:26 [INFO] Target: 
mount -t sysfs sys /sys 2>/dev/null;
- 05:39:26 [INFO] Host: 
- 05:39:27 [INFO] Target: 
- 05:39:27 [INFO] Host: mount -t debugfs none /sys/kernel/debug 2>/dev/null;
- 05:39:27 [INFO] Target: 
mount -t debugfs none /sys/kernel/debug 2>/dev/null;
- 05:39:27 [INFO] Host: 
- 05:39:28 [INFO] Target: 
- 05:39:28 [INFO] Host: echo 'cpuinfo:';cat /proc/cpuinfo; echo '=======';
- 05:39:28 [INFO] Target: 
echo 'cpuinfo:';cat /proc/cpuinfo; echo '=======';
- 05:39:28 [INFO] Host: 
- 05:39:29 [INFO] Target: 
- 05:39:29 [INFO] Host: echo 'soc info:';head /sys/devices/soc0/* 2>/dev/null; echo '=======';
- 05:39:29 [INFO] Target: 
echo 'soc info:';head /sys/devices/soc0/* 2>/dev/null; echo '=======';
- 05:39:29 [INFO] Host: 
- 05:39:30 [INFO] Target: 
- 05:39:30 [INFO] Host: echo 'DT Model info'; head /proc/device-tree/name /proc/device-tree/model /proc/device-tree/compatible 2>/dev/null;echo; echo '=======';
- 05:39:30 [INFO] Target: 
echo 'DT Model info'; head /proc/device-tree/name /proc/device-tree/model /pro 
c/device-tree/compatible 2>/dev/null;echo; echo '=======';
- 05:39:30 [INFO] Host: 
- 05:39:31 [INFO] Target: 
- 05:39:31 [INFO] Host: echo 'interrupts:';cat /proc/interrupts; echo '=======';
- 05:39:31 [INFO] Target: 
echo 'interrupts:';cat /proc/interrupts; echo '=======';
- 05:39:31 [INFO] Host: 
- 05:39:32 [INFO] Target: 
- 05:39:32 [INFO] Host: echo 'Clk_summary:';cat /sys/kernel/debug/clk/clk_summary; echo '=======';
- 05:39:32 [INFO] Target: 
echo 'Clk_summary:';cat /sys/kernel/debug/clk/clk_summary; echo '=======';
- 05:39:32 [INFO] Host: 
- 05:39:33 [INFO] Target: 
- 05:39:33 [INFO] Host: echo 'Orphan Clks:';ls /sys/kernel/debug/clk/orphans/; echo '=======';
- 05:39:33 [INFO] Target: 
echo 'Orphan Clks:';ls /sys/kernel/debug/clk/orphans/; echo '=======';
- 05:39:33 [INFO] Host: 
- 05:39:34 [INFO] Target: 
- 05:39:34 [INFO] Host: echo "Available frequencies"; cat /sys/devices/system/cpu/cpu0/cpufreq/scaling_available_frequencies 2>/dev/null;echo '=======';
- 05:39:34 [INFO] Target: 
echo "Available frequencies"; cat /sys/devices/system/cpu/cpu0/cpufreq/scaling 
_available_frequencies 2>/dev/null;echo '=======';
- 05:39:34 [INFO] Host: 
- 05:39:35 [INFO] Target: 
- 05:39:35 [INFO] Host: echo 'H''ello World' 'B''oard Booted';
- 05:39:35 [INFO] Target: 
echo 'H''ello World' 'B''oard Booted';
- 05:39:35 [INFO] Host: 
- 05:39:36 [INFO] Target: 
- 05:39:36 [INFO] Host: EOF
- 05:39:36 [INFO] Target: 
root@GenericOMAP3(FlattenedDeviceTree):/test# 
- 05:39:36 [INFO] Host: cd /test
- 05:39:37 [INFO] Target: 
cd /test
root@GenericOMAP3(FlattenedDeviceTree):/test# 
- 05:39:37 [INFO] Host: chmod +x test.sh
- 05:39:37 [INFO] Target: 
chmod +x test.sh
root@GenericOMAP3(FlattenedDeviceTree):/test# 
- 05:39:37 [INFO] Host: ./test.sh 2> stderr.log > stdout.log 3> result.log
- 05:39:38 [INFO] Target: 
./test.sh 2> stderr.log > stdout.l 
og 3> result.log
root@GenericOMAP3(FlattenedDeviceTree):/test# 
- 05:39:38 [INFO] Host: echo $?
- 05:39:39 [INFO] Target: 
echo $?
root@GenericOMAP3(FlattenedDeviceTree):/test# 
- 05:39:39 [INFO] Host: cd /test
- 05:39:39 [INFO] Target: 
cd /test
root@GenericOMAP3(FlattenedDeviceTree):/test# 
- 05:39:39 [INFO] Host: cat stdout.log
- 05:39:42 [INFO] Target: 
cat stdout.log
cpuinfo:
processor	: 0
model name	: ARMv7 Processor rev 2 (v7l)
BogoMIPS	: 489.06
Features	: half thumb fastmult vfp edsp thumbee neon vfpv3 tls vfpd32 
CPU implementer	: 0x41
CPU architecture: 7
CPU variant	: 0x1
CPU part	: 0xc08
CPU revision	: 2
Hardware	: Generic OMAP3 (Flattened Device Tree)
Revision	: 0000
Serial		: 0000000000000000
=======
soc info:
==> /sys/devices/soc0/family <==
OMAP3
==> /sys/devices/soc0/machine <==
OMAP3430/3530
==> /sys/devices/soc0/power <==
==> /sys/devices/soc0/revision <==
ES2.1
==> /sys/devices/soc0/subsystem <==
==> /sys/devices/soc0/type <==
==> /sys/devices/soc0/uevent <==
=======
DT Model info
==> /proc/device-tree/name <==
==> /proc/device-tree/model <==
TI OMAP3430 LDP (Zoom1 Labrador)
==> /proc/device-tree/compatible <==
ti,omap3-ldpti,omap3
=======
interrupts:
           CPU0       
 16:       9969      INTC  37  gp_timer
 18:          0      INTC   9  l3-debug-irq
 19:          0      INTC  10  l3-app-irq
 23:      31368      INTC  13  omap-dma-engine
 28:          0  48310000.gpio   1  DMA
131:          0  49054000.gpio   5  enter
132:          0  49054000.gpio   6  f1
133:          0  49054000.gpio   7  f2
134:          0  49054000.gpio   8  f3
135:          0  49054000.gpio   9  f4
136:          0  49054000.gpio  10  left
137:          0  49054000.gpio  11  right
138:          0  49054000.gpio  12  up
139:          0  49054000.gpio  13  down
183:         13  49056000.gpio  24  eth0
226:       3957      INTC  74  OMAP UART2
227:       1045      INTC  56  48070000.i2c
228:          0      INTC  57  48072000.i2c
229:          0      INTC  61  48060000.i2c
236:      62805      INTC  83  mmc0
253:          0      INTC  20  gpmc
260:          0      PRCM  pm_wkup
269:          0      PRCM  pinctrl, pinctrl, pm_io
292:          0   pinctrl 366  OMAP UART2
293:          0      INTC   7  TWL4030-PIH
294:          0   twl4030   0  twl4030_gpio
295:          0   twl4030   1  48070000.i2c:twl@48:keypad
299:          0   twl4030   5  twl4030_power
302:          0   twl4030   8  twl4030_pwrbutton
305:          0   twl4030  11  rtc0
IPI0:          0  CPU wakeup interrupts
IPI1:          0  Timer broadcast interrupts
IPI2:          0  Rescheduling interrupts
IPI3:          0  Function call interrupts
IPI4:          0  Single function call interrupts
IPI5:          0  CPU stop interrupts
IPI6:          0  IRQ work interrupts
IPI7:          0  completion interrupts
Err:          0
=======
Clk_summary:
   clock                         enable_cnt  prepare_cnt        rate   accuracy   phase
----------------------------------------------------------------------------------------
 secure_32k_fck                           0            1       32768          0 0  
    wdt1_fck                              0            0       32768          0 0  
    gpt12_fck                             0            1       32768          0 0  
 dummy_ck                                 0            0           0          0 0  
 mcbsp_clks                               0            5           0          0 0  
 sys_altclk                               0            0           0          0 0  
 virt_38_4m_ck                            0            0    38400000          0 0  
 virt_26000000_ck                         1            1    26000000          0 0  
    osc_sys_ck                            1            1    26000000          0 0  
       sys_clkout1                        0            0    26000000          0 0  
       sys_ck                             3           18    13000000          0 0  
          gpt9_fck                        0            1    13000000          0 0  
          gpt8_fck                        0            1    13000000          0 0  
          gpt7_fck                        0            1    13000000          0 0  
          gpt6_fck                        0            1    13000000          0 0  
          gpt5_fck                        0            1    13000000          0 0  
          gpt4_fck                        0            1    13000000          0 0  
          gpt3_fck                        0            1    13000000          0 0  
          gpt2_fck                        0            1    13000000          0 0  
          cpefuse_fck                     0            0    13000000          0 0  
          dpll5_ck                        0            1   120000000          0 0  
             dpll5_m2_ck                  0            1   120000000          0 0  
                dpll5_m2_d20_ck           0            0     6000000          0 0  
                dpll5_m2_d16_ck           0            0     7500000          0 0  
                dpll5_m2_d8_ck            0            0    15000000          0 0  
                dpll5_m2_d4_ck            0            0    30000000          0 0  
                usbhost_120m_fck           0            0   120000000          0 0  
                usbtll_fck                0            1   120000000          0 0  
          sys_d2_ck                       0            0     6500000          0 0  
             usim_fck                     0            0     6500000          0 0  
          modem_fck                       0            0    13000000          0 0  
          dpll2_ck                        0            1   360000000          0 0  
             dpll2_m2_ck                  0            1   360000000          0 0  
                iva2_ck                   0            2   360000000          0 0  
          sr2_fck                         0            1    13000000          0 0  
          sr1_fck                         0            1    13000000          0 0  
          traceclk_src_fck                0            0    13000000          0 0  
             traceclk_fck                 0            0    13000000          0 0  
          emu_src_mux_ck                  0            1    13000000          0 0  
             emu_src_ck                   0            1    13000000          0 0  
                atclk_fck                 0            0    13000000          0 0  
                pclkx2_fck                0            0    13000000          0 0  
                pclk_fck                  0            0     6500000          0 0  
          dss2_alwon_fck                  0            2    13000000          0 0  
          dpll1_ck                        0            1   500000000          0 0  
             dpll1_x2_ck                  0            1  1000000000          0 0  
                dpll1_x2m2_ck             0            1  1000000000          0 0  
                   mpu_ck                 0            1  1000000000          0 0  
                      emu_mpu_alwon_ck           0            0  1000000000          0 0  
                      arm_fck             0            1   500000000          0 0  
          dpll3_ck                        1            1   266000000          0 0  
             dpll3_x2_ck                  0            0   532000000          0 0  
             dpll3_m2_ck                  1            2   266000000          0 0  
                dpll3_m2x2_ck             0            1   532000000          0 0  
                   corex2_fck             0            1   532000000          0 0  
                      ssi_ssr_fck_3430es2           0            1   177333334          0 0  
                         ssi_sst_fck_3430es2           0            0    88666667          0 0  
                      corex2_d5_fck           0            0   106400000          0 0  
                      corex2_d3_fck           0            0   177333333          0 0  
                core_ck                   1            1   266000000          0 0  
                   core_d2_ck             0            0   133000000          0 0  
                   core_d6_ck             0            0    44333333          0 0  
                      sgx_fck             0            0    44333333          0 0  
                   core_d4_ck             0            0    66500000          0 0  
                   core_d3_ck             0            0    88666666          0 0  
                   dpll2_fck              0            0   266000000          0 0  
                   l3_ick                 2            3   133000000          0 0  
                      sgx_ick             0            0   133000000          0 0  
                      mad2d_ick           0            0   133000000          0 0  
                      sad2d_ick           0            1   133000000          0 0  
                      security_l3_ick           0            0   133000000          0 0  
                         pka_ick           0            0   133000000          0 0  
                      core_l3_ick           8           10   133000000          0 0  
                         hsotgusb_ick_3430es2           0            1   133000000          0 0  
                         gpmc_fck           2            2   133000000          0 0  
                         sdrc_ick           1            1   133000000          0 0  
                      l4_ick              7            8    66500000          0 0  
                         usbhost_ick           1            1    66500000          0 0  
                         dss_ick_3430es2           4            6    66500000          0 0  
                         sr_l4_ick           2            2    66500000          0 0  
                         ssi_l4_ick           1            1    66500000          0 0  
                            ssi_ick_3430es2           1            1    66500000          0 0  
                         cam_ick           0            1    66500000          0 0  
                         security_l4_ick2           0            0    66500000          0 0  
                            des1_ick           0            0    66500000          0 0  
                            sha11_ick           0            0    66500000          0 0  
                            rng_ick           0            0    66500000          0 0  
                            aes1_ick           0            0    66500000          0 0  
                         per_l4_ick          14           17    66500000          0 0  
                            mcbsp4_ick           2            2    66500000          0 0  
                            mcbsp3_ick           2            2    66500000          0 0  
                            mcbsp2_ick           1            1    66500000          0 0  
                            gpt2_ick           1            1    66500000          0 0  
                            gpt3_ick           1            1    66500000          0 0  
                            gpt4_ick           1            1    66500000          0 0  
                            gpt5_ick           1            1    66500000          0 0  
                            gpt6_ick           1            1    66500000          0 0  
                            gpt7_ick           1            1    66500000          0 0  
                            gpt8_ick           1            1    66500000          0 0  
                            gpt9_ick           1            1    66500000          0 0  
                            uart4_ick           0            0    66500000          0 0  
                            uart3_ick           1            1    66500000          0 0  
                            wdt3_ick           0            0    66500000          0 0  
                            gpio2_ick           0            1    66500000          0 0  
                            gpio3_ick           0            1    66500000          0 0  
                            gpio4_ick           1            1    66500000          0 0  
                            gpio5_ick           1            1    66500000          0 0  
                            gpio6_ick           0            1    66500000          0 0  
                         core_l4_ick          21           23    66500000          0 0  
                            mmchs3_ick           1            1    66500000          0 0  
                            usbtll_ick           1            1    66500000          0 0  
                            mailboxes_ick           0            1    66500000          0 0  
                            mspro_ick           0            0    66500000          0 0  
                            des2_ick           0            0    66500000          0 0  
                            icr_ick           0            0    66500000          0 0  
                            sha12_ick           1            2    66500000          0 0  
                            aes2_ick           1            2    66500000          0 0  
                            omapctrl_ick           1            1    66500000          0 0  
                            mcbsp1_ick           1            1    66500000          0 0  
                            mcbsp5_ick           1            1    66500000          0 0  
                            gpt10_ick           1            1    66500000          0 0  
                            gpt11_ick           1            1    66500000          0 0  
                            uart1_ick           1            1    66500000          0 0  
                            uart2_ick           1            1    66500000          0 0  
                            i2c1_ick           1            1    66500000          0 0  
                            i2c2_ick           1            1    66500000          0 0  
                            i2c3_ick           1            1    66500000          0 0  
                            mcspi1_ick           1            1    66500000          0 0  
                            mcspi2_ick           1            1    66500000          0 0  
                            mcspi3_ick           1            1    66500000          0 0  
                            mcspi4_ick           1            1    66500000          0 0  
                            hdq_ick           0            1    66500000          0 0  
                            mmchs1_ick           1            1    66500000          0 0  
                            mmchs2_ick           1            1    66500000          0 0  
                         rm_ick           0            0    33250000          0 0  
                   dpll1_fck              0            0   133000000          0 0  
             dpll3_m3_ck                  0            0   133000000          0 0  
                dpll3_m3x2_mul_ck           0            0   266000000          0 0  
                   dpll3_m3x2_ck           0            0   266000000          0 0  
                      emu_core_alwon_ck           0            0   266000000          0 0  
          dpll4_ck                        1            3   432000000          0 0  
             dpll4_x2_ck                  0            0   864000000          0 0  
             dpll4_m6_ck                  0            0   144000000          0 0  
                dpll4_m6x2_mul_ck           0            0   288000000          0 0  
                   dpll4_m6x2_ck           0            0   288000000          0 0  
                      emu_per_alwon_ck           0            0   288000000          0 0  
             dpll4_m5_ck                  0            0   108000000          0 0  
                dpll4_m5x2_mul_ck           0            0   216000000          0 0  
                   dpll4_m5x2_ck           0            0   216000000          0 0  
                      cam_mclk            0            0   216000000          0 0  
             dpll4_m4_ck                  0            1    48000000          0 0  
                dpll4_m4x2_mul_ck           0            1    96000000          0 0  
                   dpll4_m4x2_ck           0            1    96000000          0 0  
                      dss1_alwon_fck_3430es2           0            4    96000000          0 0  
             dpll4_m3_ck                  0            1    27000000          0 0  
                dpll4_m3x2_mul_ck           0            1    54000000          0 0  
                   dpll4_m3x2_ck           0            1    54000000          0 0  
                      omap_54m_fck           0            1    54000000          0 0  
                         clkout2_src_ck           0            0    54000000          0 0  
                            sys_clkout2           0            0    54000000          0 0  
                         dss_tv_fck           0            2    54000000          0 0  
             dpll4_m2_ck                  1            1    48000000          0 0  
                dpll4_m2x2_mul_ck           1            1    96000000          0 0  
                   dpll4_m2x2_ck           1            1    96000000          0 0  
                      omap_192m_alwon_fck           0            0    96000000          0 0  
                      omap_96m_alwon_fck           1            2    96000000          0 0  
                         per_96m_fck           0            6    96000000          0 0  
                            mcbsp4_fck           0            1    96000000          0 0  
                            mcbsp3_fck           0            2    96000000          0 0  
                            mcbsp2_fck           0            2    96000000          0 0  
                         cm_96m_fck           1            2    96000000          0 0  
                            cm_96m_d2_fck           1            1    48000000          0 0  
                               omap_48m_fck           2            4    48000000          0 0  
                                  usbhost_48m_fck           0            1    48000000          0 0  
                                  per_48m_fck           1            1    48000000          0 0  
                                     uart3_fck           1            1    48000000          0 0  
                                  core_48m_fck           2            6    48000000          0 0  
                                     uart1_fck           1            1    48000000          0 0  
                                     uart2_fck           1            1    48000000          0 0  
                                     mcspi1_fck           0            1    48000000          0 0  
                                     mcspi2_fck           0            1    48000000          0 0  
                                     mcspi3_fck           0            1    48000000          0 0  
                                     mcspi4_fck           0            1    48000000          0 0  
                                  omap_12m_fck           0            1    12000000          0 0  
                                     core_12m_fck           0            1    12000000          0 0  
                                        hdq_fck             0            1    12000000          0 0  
                            omap_96m_fck           0            2    96000000          0 0  
                               omap_96m_d10_fck           0            0     9600000          0 0  
                               omap_96m_d8_fck           0            0    12000000          0 0  
                               omap_96m_d4_fck           0            0    24000000          0 0  
                               omap_96m_d2_fck           0            0    48000000          0 0  
                               dss_96m_fck           0            2    96000000          0 0  
                               core_96m_fck           0           10    96000000          0 0  
                                  mcbsp1_fck           0            1    96000000          0 0  
                                  mcbsp5_fck           0            1    96000000          0 0  
                                  mmchs3_fck           0            1    96000000          0 0  
                                  mspro_fck           0            0    96000000          0 0  
                                  csi2_96m_fck           0            0    96000000          0 0  
                                  i2c1_fck           0            1    96000000          0 0  
                                  i2c2_fck           0            1    96000000          0 0  
                                  i2c3_fck           0            1    96000000          0 0  
                                  mmchs1_fck           0            1    96000000          0 0  
                                  mmchs2_fck           0            1    96000000          0 0  
          wkup_l4_ick                     4            5    13000000          0 0  
             usim_ick                     0            0    13000000          0 0  
             gpt1_ick                     1            1    13000000          0 0  
             gpt12_ick                    1            1    13000000          0 0  
             omap_32ksync_ick             1            1    13000000          0 0  
             gpio1_ick                    0            1    13000000          0 0  
             wdt1_ick                     0            0    13000000          0 0  
             wdt2_ick                     1            1    13000000          0 0  
 virt_19200000_ck                         0            0    19200000          0 0  
 virt_13m_ck                              0            0    13000000          0 0  
 virt_12m_ck                              0            0    12000000          0 0  
 omap_32k_fck                             3            8       32768          0 0  
    gpt1_fck                              1            1       32768          0 0  
    gpt11_fck                             0            1       32768          0 0  
    gpt10_fck                             0            1       32768          0 0  
    ts_fck                                0            0       32768          0 0  
    per_32k_alwon_fck                     1            5       32768          0 0  
       wdt3_fck                           0            0       32768          0 0  
       gpio2_dbck                         0            1       32768          0 0  
       gpio3_dbck                         0            1       32768          0 0  
       gpio4_dbck                         1            2       32768          0 0  
       gpio5_dbck                         0            1       32768          0 0  
       gpio6_dbck                         0            1       32768          0 0  
    wkup_32k_fck                          1            3       32768          0 0  
       wdt2_fck                           0            1       32768          0 0  
       gpio1_dbck                         0            1       32768          0 0  
 dummy_apb_pclk                           0            0           0          0 0  
 virt_16_8m_ck                            0            0    16800000          0 0  
=======
Orphan Clks:
=======
Available frequencies
=======
Hello World Board Booted
root@GenericOMAP3(FlattenedDeviceTree):/test# 
- 05:39:42 [INFO] Host: cat stderr.log
- 05:39:42 [INFO] Target: 
cat stderr.log
ls: /sys/kernel/debug/clk/orphans/: No such file or directory
root@GenericOMAP3(FlattenedDeviceTree):/test# 
- 05:39:42 [INFO] Host: cat result.log
- 05:39:44 [ERROR] On command: cat result.log waiting for cat result.log.+?(?m-ix:^1[\0\n\r]+) >>> error: execution expired
- 05:39:44 [INFO] Target: 
cat result.log
root@GenericOMAP3(FlattenedDeviceTree):/test# 
- 05:39:44 [INFO] Host: cd /test
- 05:39:45 [INFO] Target: 
cd /test
root@GenericOMAP3(FlattenedDeviceTree):/test# 
URL:gtsystest.telogy.design.ti.com/vatf/tidfarm-02/tidfarm-02_vatf@6/tidfarm-0201_05_2015_05_36_20/files/session_iteration_1/test_1
