- 00:32:24 [INFO] Starting target session
- 00:32:26 [INFO] Connected to ldp3430 via serial 
- 00:32:26 [INFO] Host: #check prompt
- 00:32:29 [ERROR] On command: #check prompt waiting for #check prompt.+?(?-mix:((?-mix:.*\s+login)|[Pp]assword)) >>> error: execution expired
- 00:32:29 [INFO] Target: 
- 00:32:29 [INFO] Host: #check prompt
- 00:32:31 [ERROR] On command: #check prompt waiting for #check prompt.+?(?m-ix:root.*#) >>> error: execution expired
- 00:32:31 [INFO] Target: 
- 00:32:31 [INFO] Host: #check prompt
- 00:32:33 [ERROR] On command: #check prompt waiting for #check prompt.+?(?m-ix:root.*#) >>> error: execution expired
- 00:32:33 [INFO] Target: 
- 00:32:33 [INFO] Host: #check prompt
- 00:32:35 [ERROR] On command: #check prompt waiting for #check prompt.+?(?m-ix:root.*#) >>> error: execution expired
- 00:32:35 [INFO] Target: 
- 00:32:35 [INFO] Disconnected serial from ldp3430
- 00:32:36 [INFO] Connected to ldp3430 via serial 
- 00:32:36 [INFO] Host: 
- 00:32:46 [INFO] Target: 
tb$U
 @ @ @D`  
Texas Instruments X-Loader 1.41 (Apr 25 2014 - 11:23:40)
Starting OS Bootloader from NAND ...
U-Boot 1.1.4-gae533d15 (Apr 25 2014 - 15:03:07)
OMAP3430-GP rev 2, CPU-OPP2 L3-165MHz
OMAP3430LAB 0.1 Version + mDDR (Boot NAND)
DRAM:  128 MB
NAND:256 MiB
Reading data from 0xc0000 --   1% complete.
Reading data from 0xc0800 --   3% complete.
Reading data from 0xc1000 --   4% complete.
Reading data from 0xc1800 --   6% complete.
Reading data from 0xc2000 --   7% complete.
Reading data from 0xc2800 --   9% complete.
Reading data from 0xc3000 --  10% complete.
Reading data from 0xc3800 --  12% complete.
Reading data from 0xc4000 --  14% complete.
Reading data from 0xc4800 --  15% complete.
Reading data from 0xc5000 --  17% complete.
Reading data from 0xc5800 --  18% complete.
Reading data from 0xc6000 --  20% complete.
Reading data from 0xc6800 --  21% complete.
Reading data from 0xc7000 --  23% complete.
Reading data from 0xc7800 --  25% complete.
Reading data from 0xc8000 --  26% complete.
Reading data from 0xc8800 --  28% complete.
Reading data from 0xc9000 --  29% complete.
Reading data from 0xc9800 --  31% complete.
Reading data from 0xca000 --  32% complete.
Reading data from 0xca800 --  34% complete.
Reading data from 0xcb000 --  35% complete.
Reading data from 0xcb800 --  37% complete.
Reading data from 0xcc000 --  39% complete.
Reading data from 0xcc800 --  40% complete.
Reading data from 0xcd000 --  42% complete.
Reading data from 0xcd800 --  43% complete.
Reading data from 0xce000 --  45% complete.
Reading data from 0xce800 --  46% complete.
Reading data from 0xcf000 --  48% complete.
Reading data from 0xcf800 --  50% complete.
Reading data from 0xd0000 --  51% complete.
Reading data from 0xd0800 --  53% complete.
Reading data from 0xd1000 --  54% complete.
Reading data from 0xd1800 --  56% complete.
Reading data from 0xd2000 --  57% complete.
Reading data from 0xd2800 --  59% complete.
Reading data from 0xd3000 --  60% complete.
Reading data from 0xd3800 --  62% complete.
Reading data from 0xd4000 --  64% complete.
Reading data from 0xd4800 --  65% complete.
Reading data from 0xd5000 --  67% complete.
Reading data from 0xd5800 --  68% complete.
Reading data from 0xd6000 --  70% complete.
Reading data from 0xd6800 --  71% complete.
Reading data from 0xd7000 --  73% complete.
Reading data from 0xd7800 --  75% complete.
Reading data from 0xd8000 --  76% complete.
Reading data from 0xd8800 --  78% complete.
Reading data from 0xd9000 --  79% complete.
Reading data from 0xd9800 --  81% complete.
Reading data from 0xda000 --  82% complete.
Reading data from 0xda800 --  84% complete.
Reading data from 0xdb000 --  85% complete.
Reading data from 0xdb800 --  87% complete.
Reading data from 0xdc000 --  89% complete.
Reading data from 0xdc800 --  90% complete.
Reading data from 0xdd000 --  92% complete.
Reading data from 0xdd800 --  93% complete.
Reading data from 0xde000 --  95% complete.
Reading data from 0xde800 --  96% complete.
Reading data from 0xdf000 --  98% complete.
Reading data from 0xdf800 -- 100% complete.
*** Warning - bad CRC or NAND, using default environment
In:    serial
Out:   serial
Err:   serial
Battery levels: main 4157 mV, backup 3470 mV
LAN9x18 (0x92110000) detected.
Read mac address: 00:08:EE:02:24:9D
start Auto negotiation... (take ~2sec)
Auto negotiation complete, 100BaseTX, full duplex
Press SPACE to abort Chain2Bootloader in 1 seconds
reading chained-bootloader
NAND read: device 0 offset 0x100000, size 0x100000
 1048576 bytes read: OK
starting chained-boot-loader
## Starting application at 0x80800000 ...
U-Boot 2014.04-00071-g8543283-dirty (Apr 25 2014 - 14:59:48)
OMAP3530-GP ES2.1, CPU-OPP2, L3-165MHz, Max CPU Clock 600 MHz
OMAP3 Zoom MDK Rev 1 + LPDDR/NAND
I2C:   ready
DRAM:  128 MiB
NAND:  256 MiB
MMC:   OMAP SD/MMC: 0
*** Warning - bad CRC, using default environment
Die ID #19ae00020000000004013ddc0201700b
Net:   smc911x-0
Hit any key to stop autoboot:  1  0 
U-Boot# 
U-Boot# 
U-Boot# 
U-Boot# 
U-Boot# 
U-Boot# 
U-Boot# 
U-Boot# 
U-Boot# 
U-Boot# 
U-Boot# 
U-Boot# 
U-Boot# 
U-Boot# 
U-Boot# 
U-Boot# 
U-Boot# 
- 00:32:46 [INFO] Host: version
- 00:32:46 [INFO] Target: 
U-Boot# version
U-Boot 2014.04-00071-g8543283-dirty (Apr 25 2014 - 14:59:48)
arm-linux-gnueabi-gcc (Ubuntu/Linaro 4.6.3-1ubuntu5) 4.6.3
GNU ld (GNU Binutils for Ubuntu) 2.22
U-Boot# 
- 00:32:46 [INFO] Host: bdinfo
- 00:32:47 [INFO] Target: 
bdinfo
arch_number = 0x00000667
boot_params = 0x80000100
DRAM bank   = 0x00000000
-> start    = 0x80000000
-> size     = 0x08000000
DRAM bank   = 0x00000001
-> start    = 0x88000000
-> size     = 0x00000000
eth0name    = smc911x-0
ethaddr     = 00:08:ee:02:24:9d
current eth = smc911x-0
ip_addr     = <NULL>
baudrate    = 115200 bps
TLB addr    = 0x87FF0000
relocaddr   = 0x87F71000
reloc off   = 0x07771000
irq_sp      = 0x87E50ED0
sp start    = 0x87E50EC0
U-Boot# 
- 00:32:47 [INFO] Host: printenv
- 00:32:47 [INFO] Target: 
printenv
arch=arm
baudrate=115200
board=zoom1
board_name=zoom1
bootcmd=mmc dev ${mmcdev}; if mmc rescan; then if run loadbootscript; then run bootscript; if test -n $uenvcmd; then echo Running uenvcmd ...;run uenvcmd;fi;else if run loadimage; then run mmcboot; else if run loadzimage; then run mmczboot; else run nandboot; fi; fi;fi; else run nandboot; fi
bootdelay=1
bootdir=/
bootfile=uImage
bootpart=0:1
bootscript=echo Running bootscript from mmc ...; if run importbootscr; then echo boot.scr imported; else run importbootenv;fi
console=ttyO2,115200n8
cpu=armv7
dieid#=19ae00020000000004013ddc0201700b
ethact=smc911x-0
ethaddr=00:08:ee:02:24:9d
fdtaddr=0x80f80000
fdtfile=omap3-ldp.dtb
importbootenv=env import -t $loadaddr $filesize
importbootscr=source ${loadaddr}
loadaddr=0x82000000
loadbootenv=fatload mmc ${mmcdev} ${loadaddr} uEnv.txt
loadbootscr=fatload mmc ${mmcdev} ${loadaddr} boot.scr
loadbootscript=if run loadbootscr; then echo boot.scr; else run loadbootenv;fi
loadfdt=load mmc ${bootpart} ${fdtaddr} ${bootdir}/${fdtfile}
loadimage=load mmc ${bootpart} ${loadaddr} ${bootdir}/${bootfile}
loadzimage=setenv bootfile zImage; if run loadimage; then run loadfdt;fi
mmcargs=setenv bootargs console=${console} video=${videospec},mode:${videomode} root=/dev/mmcblk0p2 rw rootfstype=ext3 rootwait
mmcboot=echo Booting from mmc ...; run mmcargs; bootm ${loadaddr}
mmcdev=0
mmczboot=echo Booting from mmc ...; run mmcargs; bootz ${loadaddr} - ${fdtaddr}
nandargs=setenv bootargs console=${console} video=${videospec},mode:${videomode} root=/dev/mtdblock4 rw rootfstype=jffs2
nandboot=echo Booting from nand ...; run nandargs; nand read ${loadaddr} 280000 400000; bootm ${loadaddr}
soc=omap3
usbtty=cdc_acm
vendor=logicpd
ver=U-Boot 2014.04-00071-g8543283-dirty (Apr 25 2014 - 14:59:48)
videomode=1024x768@60,vxres=1024,vyres=768
videospec=omapfb:vram:2M,vram:4M
Environment size: 1940/131068 bytes
U-Boot# 
- 00:32:47 [INFO] Host: setenv autoload 'no'
- 00:32:47 [INFO] Target: 
setenv autoload 'no'
U-Boot# 
- 00:32:47 [INFO] Host: dhcp
- 00:32:50 [INFO] Target: 
dhcp
smc911x: detected LAN9211 controller
smc911x: phy initialized
smc911x: MAC 00:08:ee:02:24:9d
BOOTP broadcast 1
DHCP client bound to address 192.168.1.178
U-Boot# 
- 00:32:50 [INFO] Host: setenv serverip 192.168.1.254
- 00:32:50 [INFO] Target: 
setenv serverip 192.168.1.254
U-Boot# 
- 00:32:50 [INFO] Host: setenv bootargs 'console=ttyO2,115200n8 earlyprintk rootwait ip=dhcp root=/dev/mmcblk0p2 rw rootfstype=ext3 nohlt'
- 00:32:50 [INFO] Target: 
setenv bootargs 'console=ttyO2,115200n8 earlyprintk rootwait ip=dhcp root=/dev/mmcblk0p2 rw rootfstype=ext3 nohlt'
U-Boot# 
- 00:32:50 [INFO] Host: setenv bootfile vatf_ldp3430/7cc07b5f2ed75d53358ca21e568bc4b6
- 00:32:50 [INFO] Target: 
setenv bootfile vatf_ldp3430/7cc07b5f2ed75d53358ca21e568bc4b6
U-Boot# 
- 00:32:50 [INFO] Host: setenv bootcmd 'tftp ${loadaddr};bootm ${loadaddr}'
- 00:32:50 [INFO] Target: 
setenv bootcmd 'tftp ${loadaddr};bootm ${loadaddr}'
U-Boot# 
- 00:32:50 [INFO] Host: printenv
- 00:32:50 [INFO] Target: 
printenv
arch=arm
autoload=no
baudrate=115200
board=zoom1
board_name=zoom1
bootargs=console=ttyO2,115200n8 earlyprintk rootwait ip=dhcp root=/dev/mmcblk0p2 rw rootfstype=ext3 nohlt
bootcmd=tftp ${loadaddr};bootm ${loadaddr}
bootdelay=1
bootdir=/
bootfile=vatf_ldp3430/7cc07b5f2ed75d53358ca21e568bc4b6
bootpart=0:1
bootscript=echo Running bootscript from mmc ...; if run importbootscr; then echo boot.scr imported; else run importbootenv;fi
console=ttyO2,115200n8
cpu=armv7
dieid#=19ae00020000000004013ddc0201700b
dnsip=192.0.2.2
ethact=smc911x-0
ethaddr=00:08:ee:02:24:9d
fdtaddr=0x80f80000
fdtfile=omap3-ldp.dtb
gatewayip=192.168.1.254
importbootenv=env import -t $loadaddr $filesize
importbootscr=source ${loadaddr}
ipaddr=192.168.1.178
loadaddr=0x82000000
loadbootenv=fatload mmc ${mmcdev} ${loadaddr} uEnv.txt
loadbootscr=fatload mmc ${mmcdev} ${loadaddr} boot.scr
loadbootscript=if run loadbootscr; then echo boot.scr; else run loadbootenv;fi
loadfdt=load mmc ${bootpart} ${fdtaddr} ${bootdir}/${fdtfile}
loadimage=load mmc ${bootpart} ${loadaddr} ${bootdir}/${bootfile}
loadzimage=setenv bootfile zImage; if run loadimage; then run loadfdt;fi
mmcargs=setenv bootargs console=${console} video=${videospec},mode:${videomode} root=/dev/mmcblk0p2 rw rootfstype=ext3 rootwait
mmcboot=echo Booting from mmc ...; run mmcargs; bootm ${loadaddr}
mmcdev=0
mmczboot=echo Booting from mmc ...; run mmcargs; bootz ${loadaddr} - ${fdtaddr}
nandargs=setenv bootargs console=${console} video=${videospec},mode:${videomode} root=/dev/mtdblock4 rw rootfstype=jffs2
nandboot=echo Booting from nand ...; run nandargs; nand read ${loadaddr} 280000 400000; bootm ${loadaddr}
netmask=255.255.255.0
serverip=192.168.1.254
soc=omap3
usbtty=cdc_acm
vendor=logicpd
ver=U-Boot 2014.04-00071-g8543283-dirty (Apr 25 2014 - 14:59:48)
videomode=1024x768@60,vxres=1024,vyres=768
videospec=omapfb:vram:2M,vram:4M
Environment size: 1967/131068 bytes
U-Boot# 
- 00:32:50 [INFO] Host: boot
- 00:33:52 [INFO] Target: 
boot
smc911x: detected LAN9211 controller
smc911x: phy initialized
smc911x: MAC 00:08:ee:02:24:9d
Using smc911x-0 device
TFTP from server 192.168.1.254; our IP address is 192.168.1.178
Filename 'vatf_ldp3430/7cc07b5f2ed75d53358ca21e568bc4b6'.
Load address: 0x82000000
Loading: *###smc911x: dropped bad packet. Status: 0x05d98022
T ##############################################################
	 #################################################################
	 #################################################################
	 ################################################################
	 590.8 KiB/s
done
Bytes transferred = 3788203 (39cdab hex)
## Booting kernel from Legacy Image at 82000000 ...
   Image Name:   Linux-4.5.0-rc7-next-20160308-00
   Image Type:   ARM Linux Kernel Image (uncompressed)
   Data Size:    3788139 Bytes = 3.6 MiB
   Load Address: 81000000
   Entry Point:  81000000
   Verifying Checksum ... OK
   Loading Kernel Image ... OK
Starting kernel ...
[    0.000000] Booting Linux on physical CPU 0x0
[    0.000000] Linux version 4.5.0-rc7-next-20160308-00002-g16ef74209396 (nmenon@horus) (gcc version 4.9.3 20150413 (prerelease) (Linaro GCC 4.9-2015.05) ) #1 SMP Tue Mar 8 00:28:07 CST 2016
[    0.000000] CPU: ARMv7 Processor [411fc082] revision 2 (ARMv7), cr=10c5387d
[    0.000000] CPU: PIPT / VIPT nonaliasing data cache, VIPT nonaliasing instruction cache
[    0.000000] Machine model: TI OMAP3430 LDP (Zoom1 Labrador)
[    0.000000] cma: Reserved 16 MiB at 0x86800000
[    0.000000] Memory policy: Data cache writeback
[    0.000000] CPU: All CPU(s) started in SVC mode.
[    0.000000] OMAP3430/3530 ES2.1 (l2cache iva sgx neon isp )
[    0.000000] PERCPU: Embedded 15 pages/cpu @c7c58000 s29568 r8192 d23680 u61440
[    0.000000] Built 1 zonelists in Zone order, mobility grouping on.  Total pages: 31968
[    0.000000] Kernel command line: console=ttyO2,115200n8 earlyprintk rootwait ip=dhcp root=/dev/mmcblk0p2 rw rootfstype=ext3 nohlt
[    0.000000] PID hash table entries: 512 (order: -1, 2048 bytes)
[    0.000000] Dentry cache hash table entries: 16384 (order: 4, 65536 bytes)
[    0.000000] Inode-cache hash table entries: 8192 (order: 3, 32768 bytes)
[    0.000000] Memory: 90584K/129024K available (7349K kernel code, 785K rwdata, 2340K rodata, 1024K init, 8120K bss, 22056K reserved, 16384K cma-reserved, 0K highmem)
[    0.000000] Virtual kernel memory layout:
[    0.000000]     vector  : 0xffff0000 - 0xffff1000   (   4 kB)
[    0.000000]     fixmap  : 0xffc00000 - 0xfff00000   (3072 kB)
[    0.000000]     vmalloc : 0xc8800000 - 0xff800000   ( 880 MB)
[    0.000000]     lowmem  : 0xc0000000 - 0xc8000000   ( 128 MB)
[    0.000000]     pkmap   : 0xbfe00000 - 0xc0000000   (   2 MB)
[    0.000000]     modules : 0xbf000000 - 0xbfe00000   (  14 MB)
[    0.000000]       .text : 0xc0008000 - 0xc0a7641c   (10682 kB)
[    0.000000]       .init : 0xc0b00000 - 0xc0c00000   (1024 kB)
[    0.000000]       .data : 0xc0c00000 - 0xc0cc451c   ( 786 kB)
[    0.000000]        .bss : 0xc0cc6000 - 0xc14b4228   (8121 kB)
[    0.000000] Running RCU self tests
[    0.000000] Hierarchical RCU implementation.
[    0.000000] 	RCU lockdep checking is enabled.
[    0.000000] 	Build-time adjustment of leaf fanout to 32.
[    0.000000] 	RCU restricting CPUs from NR_CPUS=2 to nr_cpu_ids=1.
[    0.000000] RCU: Adjusting geometry for rcu_fanout_leaf=32, nr_cpu_ids=1
[    0.000000] NR_IRQS:16 nr_irqs:16 16
[    0.000000] IRQ: Found an INTC at 0xfa200000 (revision 4.0) with 96 interrupts
[    0.000000] Clocking rate (Crystal/Core/MPU): 26.0/166/600 MHz
[    0.000000] OMAP clockevent source: timer1 at 32768 Hz
[    0.000000] clocksource: 32k_counter: mask: 0xffffffff max_cycles: 0xffffffff, max_idle_ns: 58327039986419 ns
[    0.000000] sched_clock: 32 bits at 32kHz, resolution 30517ns, wraps every 65535999984741ns
[    0.000030] OMAP clocksource: 32k_counter at 32768 Hz
[    0.001983] Console: colour dummy device 80x30
[    0.002075] Lock dependency validator: Copyright (c) 2006 Red Hat, Inc., Ingo Molnar
[    0.002075] ... MAX_LOCKDEP_SUBCLASSES:  8
[    0.002105] ... MAX_LOCK_DEPTH:          48
[    0.002105] ... MAX_LOCKDEP_KEYS:        8191
[    0.002136] ... CLASSHASH_SIZE:          4096
[    0.002136] ... MAX_LOCKDEP_ENTRIES:     32768
[    0.002166] ... MAX_LOCKDEP_CHAINS:      65536
[    0.002166] ... CHAINHASH_SIZE:          32768
[    0.002197]  memory used by lock dependency info: 5167 kB
[    0.002197]  per task-struct memory footprint: 1536 bytes
[    0.002227] Calibrating delay loop... 594.73 BogoMIPS (lpj=2973696)
[    0.105773] pid_max: default: 32768 minimum: 301
[    0.106536] Security Framework initialized
[    0.106781] Mount-cache hash table entries: 1024 (order: 0, 4096 bytes)
[    0.106811] Mountpoint-cache hash table entries: 1024 (order: 0, 4096 bytes)
[    0.112792] CPU: Testing write buffer coherency: ok
[    0.115692] CPU0: thread -1, cpu 0, socket -1, mpidr 0
[    0.116027] Setting up static identity map for 0x80100000 - 0x80100070
[    0.122772] Brought up 1 CPUs
[    0.122802] SMP: Total of 1 processors activated (594.73 BogoMIPS).
[    0.122833] CPU: All CPU(s) started in SVC mode.
[    0.129943] devtmpfs: initialized
[    0.264892] VFP support v0.3: implementor 41 architecture 3 part 30 variant c rev 1
[    0.266784] clocksource: jiffies: mask: 0xffffffff max_cycles: 0xffffffff, max_idle_ns: 19112604462750000 ns
[    0.269165] pinctrl core: initialized pinctrl subsystem
[    0.278839] NET: Registered protocol family 16
[    0.289306] DMA: preallocated 256 KiB pool for atomic coherent allocations
[    0.386840] omap_hwmod: mcbsp2_sidetone using broken dt data from mcbsp
[    0.389617] omap_hwmod: mcbsp3_sidetone using broken dt data from mcbsp
[    0.513885] cpuidle: using governor menu
[    0.515106] Reprogramming SDRC clock to 166000000 Hz
[    0.538482] OMAP GPIO hardware version 2.5
[    0.569030] irq: no irq domain found for /ocp/l4@48000000/scm@2000/pinmux@30 !
[    0.600280] omap-gpmc 6e000000.gpmc: GPMC revision 5.0
[    0.600616] gpmc_mem_init: disabling cs 0 mapped at 0x0-0x1000000
[    0.617370] No ATAGs?
[    0.617431] hw-breakpoint: debug architecture 0x4 unsupported.
[    0.619140] omap4_sram_init:Unable to allocate sram needed to handle errata I688
[    0.619171] omap4_sram_init:Unable to get sram pool needed to handle errata I688
[    0.621490] OMAP DMA hardware revision 4.0
[    0.683563] omap-dma-engine 48056000.dma-controller: OMAP DMA engine driver
[    0.697540] omap-iommu 480bd400.mmu: 480bd400.mmu registered
[    0.699768] SCSI subsystem initialized
[    0.707061] omap_i2c 48070000.i2c: bus 0 rev3.3 at 2600 kHz
[    0.709442] omap_i2c 48072000.i2c: bus 1 rev3.3 at 400 kHz
[    0.711578] omap_i2c 48060000.i2c: bus 2 rev3.3 at 400 kHz
[    0.712280] pps_core: LinuxPPS API ver. 1 registered
[    0.712310] pps_core: Software ver. 5.3.6 - Copyright 2005-2007 Rodolfo Giometti <giometti@linux.it>
[    0.712402] PTP clock support registered
[    0.720275] clocksource: Switched to clocksource 32k_counter
[    0.924743] VFS: Disk quotas dquot_6.6.0
[    0.925018] VFS: Dquot-cache hash table entries: 1024 (order 0, 4096 bytes)
[    0.981933] NET: Registered protocol family 2
[    0.985046] TCP established hash table entries: 1024 (order: 0, 4096 bytes)
[    0.985137] TCP bind hash table entries: 1024 (order: 3, 36864 bytes)
[    0.985656] TCP: Hash tables configured (established 1024 bind 1024)
[    0.985992] UDP hash table entries: 256 (order: 2, 20480 bytes)
[    0.986297] UDP-Lite hash table entries: 256 (order: 2, 20480 bytes)
[    0.987701] NET: Registered protocol family 1
[    0.990570] RPC: Registered named UNIX socket transport module.
[    0.990600] RPC: Registered udp transport module.
[    0.990600] RPC: Registered tcp transport module.
[    0.990631] RPC: Registered tcp NFSv4.1 backchannel transport module.
[    0.998168] hw perfevents: enabled with armv7_cortex_a8 PMU driver, 5 counters available
[    1.008026] futex hash table entries: 256 (order: 2, 16384 bytes)
[    1.008392] audit: initializing netlink subsys (disabled)
[    1.008819] audit: type=2000 audit(0.990:1): initialized
[    1.016052] workingset: timestamp_bits=12 max_order=15 bucket_order=3
[    1.021362] NFS: Registering the id_resolver key type
[    1.022033] Key type id_resolver registered
[    1.022064] Key type id_legacy registered
[    1.022369] jffs2: version 2.2. (NAND) (SUMMARY)   2001-2006 Red Hat, Inc.
[    1.031768] io scheduler noop registered
[    1.031829] io scheduler deadline registered
[    1.031921] io scheduler cfq registered (default)
[    1.036132] pinctrl-single 48002030.pinmux: 284 pins at pa fa002030 size 568
[    1.037078] pinctrl-single 48002a00.pinmux: 46 pins at pa fa002a00 size 92
[    1.038238] pinctrl-single 480025d8.pinmux: 18 pins at pa fa0025d8 size 36
[    1.045684] Serial: 8250/16550 driver, 4 ports, IRQ sharing enabled
[    1.056610] omap_uart 4806a000.serial: no wakeirq for uart0
[    1.057556] 4806a000.serial: ttyO0 at MMIO 0x4806a000 (irq = 88, base_baud = 3000000) is a OMAP UART0
[    1.061218] omap_uart 4806c000.serial: no wakeirq for uart1
[    1.061706] 4806c000.serial: ttyO1 at MMIO 0x4806c000 (irq = 89, base_baud = 3000000) is a OMAP UART1
[    1.064971] 49020000.serial: ttyO2 at MMIO 0x49020000 (irq = 90, base_baud = 3000000) is a OMAP UART2
[    1.845245] console [ttyO2] enabled
[    1.916625] brd: module loaded
[    1.958862] loop: module loaded
[    1.976623] twl 0-0048: PIH (irq 23) chaining IRQs 339..347
[    1.983184] twl 0-0048: power (irq 344) chaining IRQs 347..354
[    2.062530] twl4030_gpio twl4030-gpio: gpio (irq 339) chaining IRQs 355..372
[    2.153625] mtdoops: mtd device (mtddev=name/number) must be supplied
[    2.163146] nand: device found, Manufacturer ID: 0x2c, Chip ID: 0xba
[    2.169799] nand: Micron MT29F2G16ABD
[    2.173736] nand: 128 MiB, SLC, erase size: 64 KiB, page size: 1024, OOB size: 32
[    2.181610] nand: using OMAP_ECC_BCH8_CODE_HW_DETECTION_SW
[    2.190551] 5 ofpart partitions found on MTD device omap2-nand.0
[    2.196868] Creating 5 MTD partitions on "omap2-nand.0":
[    2.202514] 0x000000000000-0x000000080000 : "X-Loader"
[    2.218597] 0x000000080000-0x0000001c0000 : "U-Boot"
[    2.231872] 0x0000001c0000-0x000000200000 : "Environment"
[    2.244262] 0x000000200000-0x000002000000 : "Kernel"
[    2.283416] 0x000002000000-0x000008000000 : "Filesystem"
[    2.450134] libphy: smsc911x-mdio: probed
[    2.455078] SMSC LAN8700 8000000.ethernet:01: attached PHY driver [SMSC LAN8700] (mii_bus:phy_addr=8000000.ethernet:01, irq=-1)
[    2.467468] smsc911x 8000000.ethernet eth0: MAC Address: 00:08:ee:02:24:9d
[    2.482208] mousedev: PS/2 mouse device common for all mice
[    2.488067] i2c /dev entries driver
[    2.499511] omap_hsmmc 4809c000.mmc: multiblock reads disabled due to 35xx erratum 2.1.1.128; MMC read performance may suffer
[    2.551483] ledtrig-cpu: registered to indicate activity on CPUs
[    2.561187] oprofile: using arm/armv7
[    2.566253] Initializing XFRM netlink socket
[    2.571563] NET: Registered protocol family 10
[    2.586517] sit: IPv6 over IPv4 tunneling driver
[    2.595428] NET: Registered protocol family 17
[    2.600402] NET: Registered protocol family 15
[    2.605682] Key type dns_resolver registered
[    2.610717] omap2_set_init_voltage: unable to find boot up OPP for vdd_mpu_iva
[    2.618286] omap2_set_init_voltage: unable to set vdd_mpu_iva
[    2.624389] omap2_set_init_voltage: unable to find boot up OPP for vdd_core
[    2.631744] omap2_set_init_voltage: unable to set vdd_core
[    2.640991] PM: no software I/O chain control; some wakeups may be lost
[    2.651092] ThumbEE CPU extension supported.
[    2.655639] Registering SWP/SWPB emulation handler
[    2.660736] SmartReflex Class3 initialized
[    2.681243] hctosys: unable to open rtc device (rtc0)
[    2.686584] sr_init: No PMIC hook to init smartreflex
[    2.692687] smartreflex smartreflex.0: omap_sr_probe: SmartReflex driver initialized
[    2.701263] smartreflex smartreflex.0: omap_sr_probe: smartreflex_mpu_iva: No Voltage table for the corresponding vdd. Cannot create debugfs entries for n-values
[    2.717071] smartreflex: probe of smartreflex.0 failed with error -61
[    2.724182] smartreflex smartreflex.1: omap_sr_probe: SmartReflex driver initialized
[    2.732635] smartreflex smartreflex.1: omap_sr_probe: smartreflex_core: No Voltage table for the corresponding vdd. Cannot create debugfs entries for n-values
[    2.747863] smartreflex: probe of smartreflex.1 failed with error -61
[    2.755493] sr_init: platform driver register failed for SR
[    2.861724] smsc911x 8000000.ethernet eth0: SMSC911x/921x identified at 0xc881e000, IRQ: 264
[    2.871124] IPv6: ADDRCONF(NETDEV_UP): eth0: link is not ready
[    2.886810] mmc0: host does not support reading read-only switch, assuming write-enable
[    2.898254] mmc0: new high speed SDHC card at address 1234
[    2.909088] mmcblk0: mmc0:1234 SA04G 3.64 GiB 
[    2.925659]  mmcblk0: p1 p2
[    5.471649] IPv6: ADDRCONF(NETDEV_CHANGE): eth0: link becomes ready
[    5.492187] Sending DHCP requests ., OK
[    5.541107] IP-Config: Got DHCP answer from 192.168.1.254, my address is 192.168.1.178
[    5.550537] IP-Config: Complete:
[    5.553955]      device=eth0, hwaddr=00:08:ee:02:24:9d, ipaddr=192.168.1.178, mask=255.255.255.0, gw=192.168.1.254
[    5.564849]      host=192.168.1.178, domain=tidfarm-05.internal.ti.com, nis-domain=(none)
[    5.573455]      bootserver=192.168.1.254, rootserver=192.168.1.254, rootpath=     nameserver0=192.0.2.2, nameserver1=192.0.2.3
[    5.588134] VAUX3: disabling
[    5.592620] VDAC: disabling
[    5.596801] VUSB1V5: disabling
[    5.601135] VUSB1V8: disabling
[    5.605224] VUSB3V1: disabling
[    5.624389] EXT4-fs (mmcblk0p2): mounting ext3 file system using the ext4 subsystem
[    5.893585] EXT4-fs (mmcblk0p2): mounted filesystem with ordered data mode. Opts: (null)
[    5.902435] VFS: Mounted root (ext3 filesystem) on device 179:2.
[    5.930603] devtmpfs: mounted
[    5.938140] Freeing unused kernel memory: 1024K (c0b00000 - c0c00000)
[    7.563415] random: nonblocking pool is initialized
INIT: version 2.88 booting
Error opening /dev/fb0: No such file or directory
/dev/ttyO2 linked to /dev/tty-bd - using as console
Starting udev
[   17.019226] udevd[133]: starting version 182
[   30.426940] FAT-fs (mmcblk0p1): Volume was not properly unmounted. Some data may be corrupt. Please run fsck.
ERROR: could not open directory /lib/modules/4.5.0-rc7-next-20160308-00002-g16ef74209396: No such file or directory
WARNING: -e needs -E or -F
ERROR: could not open directory /lib/modules/4.5.0-rc7-next-20160308-00002-g16ef74209396: No such file or directory
FATAL: could not search modules: No such file or directory
Starting Bootlog daemon: bootlogd: cannot allocate pseudo tty: No such file or directory
bootlogd.
[   31.402526] EXT4-fs (mmcblk0p2): re-mounted. Opts: data=ordered
ALSA: Restoring mixer settings...
Configuring network interfaces... /usr/sbin/alsactl: load_state:1696: No soundcards found...
udhcpc (v1.20.2) started
Sending discover...
Sending select for 192.168.1.151...
Lease of 192.168.1.151 obtained, lease time 600
/etc/udhcpc.d/50default: Adding DNS 192.0.2.2
/etc/udhcpc.d/50default: Adding DNS 192.0.2.3
done.
hwclock: can't open '/dev/misc/rtc': No such file or directory
Sun Jun 14 11:27:00 UTC 2015
hwclock: can't open '/dev/misc/rtc': No such file or directory
INIT: Entering runlevel: 3
/dev/ttyO2 linked to /dev/tty-bd - using as console
Starting system message bus: dbus.
Starting Dropbear SSH server: dropbear.
Starting telnet daemon.
hwclock: can't open '/dev/misc/rtc': No such file or directory
Starting syslogd/klogd: done
Starting thttpd.
Starting Lighttpd Web Server: 2015-06-14 11:27:04: (log.c.166) server started 
lighttpd.
***************************************************************
***************************************************************
NOTICE: This file system contains the followin GPLv3 packages:
	binutils-symlinks
	binutils
	gdbserver
	parted
If you do not wish to distribute GPLv3 components please remove
the above packages prior to distribution.  This can be done using
the opkg remove command.  i.e.:
    opkg remove <package>
Where <package> is the name printed in the list above
NOTE: If the package is a dependency of another package you
      will be notified of the dependent packages.  You should
      use the --force-removal-of-dependent-packages option to
      also remove the dependent packages as well
***************************************************************
***************************************************************
Stopping Bootlog daemon: bootlogd.
 _____                    _____           _         _   
|  _  |___ ___ ___ ___   |  _  |___ ___  |_|___ ___| |_ 
|     |  _| .'| . | . |  |   __|  _| . | | | -_|  _|  _|
|__|__|_| |__,|_  |___|  |__|  |_| |___|_| |___|___|_|  
              |___|                    |___|            
Arago Project http://arago-project.org GenericOMAP3(FlattenedDeviceTree) tty-bd
Arago 2013.12 GenericOMAP3(FlattenedDeviceTree) tty-bd
GenericOMAP3(FlattenedDeviceTree) login: 
- 00:33:52 [INFO] Host: root
- 00:33:53 [INFO] Target: 
root
root@GenericOMAP3(FlattenedDeviceTree):~# 
- 00:33:53 [INFO] Disconnected serial from ldp3430
- 00:33:53 [INFO] Connected to ldp3430 via serial 
- 00:33:53 [INFO] Host: uname -a
- 00:33:53 [INFO] Target: 
uname -a
Linux GenericOMAP3(FlattenedDeviceTree) 4.5.0-rc7-next-20160308-00002-g16ef74209396 #1 SMP Tue Mar 8 00:28:07 CST 2016 armv7l GNU/Linux
root@GenericOMAP3(FlattenedDeviceTree):~# 
- 00:33:53 [INFO] Host: cat /proc/cmdline
- 00:33:53 [INFO] Target: 
cat /proc/cmdline
console=ttyO2,115200n8 earlyprintk rootwait ip=dhcp root=/dev/mmcblk0p2 rw rootfstype=ext3 nohlt
root@GenericOMAP3(FlattenedDeviceTree):~# 
- 00:33:53 [INFO] Host: uname -a
- 00:33:53 [INFO] Target: 
uname -a
Linux GenericOMAP3(FlattenedDeviceTree) 4.5.0-rc7-next-20160308-00002-g16ef74209396 #1 SMP Tue Mar 8 00:28:07 CST 2016 armv7l GNU/Linux
root@GenericOMAP3(FlattenedDeviceTree):~# 
- 00:33:53 [INFO] Host: cat /proc/mtd
- 00:33:53 [INFO] Target: 
cat /proc/mtd
dev:    size   erasesize  name
mtd0: 00080000 00010000 "X-Loader"
mtd1: 00140000 00010000 "U-Boot"
mtd2: 00040000 00010000 "Environment"
mtd3: 01e00000 00010000 "Kernel"
mtd4: 06000000 00010000 "Filesystem"
root@GenericOMAP3(FlattenedDeviceTree):~# 
- 00:33:55 [INFO] Host: export IPERFHOST=192.168.1.254
- 00:33:55 [INFO] Target: 
export IPERFHOST=192.168.1.254
root@GenericOMAP3(FlattenedDeviceTree):~# 
- 00:33:55 [INFO] Host: export NFS_SERVER=192.168.1.254
- 00:33:55 [INFO] Target: 
export NFS_SERVER=192.168.1.254
root@GenericOMAP3(FlattenedDeviceTree):~# 
- 00:33:55 [INFO] Host: export NFS_ROOT_PATH=/home/NFS_exports/ldp
- 00:33:55 [INFO] Target: 
export NFS_ROOT_PATH=/home/NFS_exports 
/ldp
root@GenericOMAP3(FlattenedDeviceTree):~# 
- 00:33:55 [INFO] Host: export AP_SSID=
- 00:33:55 [INFO] Target: 
export AP_SSID=
root@GenericOMAP3(FlattenedDeviceTree):~# 
- 00:33:55 [INFO] Host: mkdir -p -m 777 /test
- 00:33:55 [INFO] Target: 
mkdir -p -m 777 /test
root@GenericOMAP3(FlattenedDeviceTree):~# 
- 00:33:55 [INFO] Host: cd /test
- 00:33:56 [INFO] Target: 
cd /test
root@GenericOMAP3(FlattenedDeviceTree):/test# 
- 00:33:56 [INFO] Host: cat > test.sh << EOF
- 00:33:56 [INFO] Target: 
cat > test.sh << EOF
- 00:33:56 [INFO] Host: failtest() {
- 00:33:56 [INFO] Target: 
failtest() {
- 00:33:56 [INFO] Host:   echo 1 >&3
- 00:33:56 [INFO] Target: 
  echo 1 >&3
- 00:33:56 [INFO] Host: }
- 00:33:56 [INFO] Target: 
- 00:33:56 [INFO] Host: timeout=600
- 00:33:56 [INFO] Target: 
timeout=600
- 00:33:56 [INFO] Host: 
- 00:33:56 [INFO] Target: 
- 00:33:56 [INFO] Host: # Start of user's script logic
- 00:33:56 [INFO] Target: 
# Start of user's script logic
- 00:33:56 [INFO] Host: mount -t proc proc /proc 2>/dev/null;
- 00:33:56 [INFO] Target: 
mount -t proc proc /proc 2>/dev/null;
- 00:33:56 [INFO] Host: 
- 00:33:56 [INFO] Target: 
- 00:33:56 [INFO] Host: mount -t sysfs sys /sys 2>/dev/null;
- 00:33:57 [INFO] Target: 
mount -t sysfs sys /sys 2>/dev/null;
- 00:33:57 [INFO] Host: 
- 00:33:57 [INFO] Target: 
- 00:33:57 [INFO] Host: mount -t debugfs none /sys/kernel/debug 2>/dev/null;
- 00:33:57 [INFO] Target: 
mount -t debugfs none /sys/kernel/debug 2>/dev/null;
- 00:33:57 [INFO] Host: 
- 00:33:57 [INFO] Target: 
- 00:33:57 [INFO] Host: echo 'cpuinfo:';cat /proc/cpuinfo; echo '=======';
- 00:33:57 [INFO] Target: 
echo 'cpuinfo:';cat /proc/cpuinfo; echo '=======';
- 00:33:57 [INFO] Host: 
- 00:33:57 [INFO] Target: 
- 00:33:57 [INFO] Host: echo 'soc info:';head /sys/devices/soc0/* 2>/dev/null; echo '=======';
- 00:33:57 [INFO] Target: 
echo 'soc info:';head /sys/devices/soc0/* 2>/dev/null; echo '=======';
- 00:33:57 [INFO] Host: 
- 00:33:57 [INFO] Target: 
- 00:33:57 [INFO] Host: echo 'DT Model info'; head /proc/device-tree/name /proc/device-tree/model /proc/device-tree/compatible 2>/dev/null;echo; echo '=======';
- 00:33:57 [INFO] Target: 
echo 'DT Model info'; head /proc/device-tree/name /proc/device-tree/model /pro 
c/device-tree/compatible 2>/dev/null;echo; echo '=======';
- 00:33:57 [INFO] Host: 
- 00:33:57 [INFO] Target: 
- 00:33:57 [INFO] Host: echo 'interrupts:';cat /proc/interrupts; echo '=======';
- 00:33:58 [INFO] Target: 
echo 'interrupts:';cat /proc/interrupts; echo '=======';
- 00:33:58 [INFO] Host: 
- 00:33:58 [INFO] Target: 
- 00:33:58 [INFO] Host: echo 'Clk_summary:';cat /sys/kernel/debug/clk/clk_summary; echo '=======';
- 00:33:58 [INFO] Target: 
echo 'Clk_summary:';cat /sys/kernel/debug/clk/clk_summary; echo '=======';
- 00:33:58 [INFO] Host: 
- 00:33:58 [INFO] Target: 
- 00:33:58 [INFO] Host: echo "Available frequencies"; cat /sys/devices/system/cpu/cpu0/cpufreq/scaling_available_frequencies 2>/dev/null;echo '=======';
- 00:33:58 [INFO] Target: 
echo "Available frequencies"; cat /sys/devices/system/cpu/cpu0/cpufreq/scaling 
_available_frequencies 2>/dev/null;echo '=======';
- 00:33:58 [INFO] Host: 
- 00:33:58 [INFO] Target: 
- 00:33:58 [INFO] Host: TMPF=/tmp/a.\$\$; TMPF2=/tmp/b.\$\$; STR=""
- 00:33:58 [INFO] Target: 
TMPF=/tmp/a.\$\$; TMPF2=/tmp/b.\$\$; STR=""
- 00:33:58 [INFO] Host: 
- 00:33:58 [INFO] Target: 
- 00:33:58 [INFO] Host: cp /dev/kmsg \$TMPF &
- 00:33:58 [INFO] Target: 
cp /dev/kmsg \$TMPF &
- 00:33:58 [INFO] Host: 
- 00:33:58 [INFO] Target: 
- 00:33:58 [INFO] Host: PID=\$! ; sleep 5; kill -9 \$PID
- 00:33:59 [INFO] Target: 
PID=\$! ; sleep 5; kill -9 \$PID
- 00:33:59 [INFO] Host: 
- 00:33:59 [INFO] Target: 
- 00:33:59 [INFO] Host: 
- 00:33:59 [INFO] Target: 
- 00:33:59 [INFO] Host: 
- 00:33:59 [INFO] Target: 
- 00:33:59 [INFO] Host: cat \$TMPF|grep "^0">\$TMPF2; N=\`cat \$TMPF2|wc -l\`; if [ "\$N" -ne 0 ]; then STR="\$STR emerg=\$N";echo "===== EMERGE++";cat \$TMPF2|cut -d ';' -f2;echo "====="; fi
- 00:33:59 [INFO] Target: 
cat \$TMPF|grep "^0">\$TMPF2; N=\`cat \$TMPF2|wc -l\`; if [ "\$N" -ne 0 ]; the 
n STR="\$STR emerg=\$N";echo "===== EMERGE++";cat \$TMPF2|cut -d ';' -f2;echo "= 
===="; fi
- 00:33:59 [INFO] Host: 
- 00:33:59 [INFO] Target: 
- 00:33:59 [INFO] Host: cat \$TMPF|grep "^1">\$TMPF2; N=\`cat \$TMPF2|wc -l\`; if [ "\$N" -ne 0 ]; then STR="\$STR alert=\$N";echo "===== ALERT ==";cat \$TMPF2|cut -d ';' -f2;echo "====="; fi
- 00:33:59 [INFO] Target: 
cat \$TMPF|grep "^1">\$TMPF2; N=\`cat \$TMPF2|wc -l\`; if [ "\$N" -ne 0 ]; the 
n STR="\$STR alert=\$N";echo "===== ALERT ==";cat \$TMPF2|cut -d ';' -f2;echo "= 
===="; fi
- 00:33:59 [INFO] Host: 
- 00:33:59 [INFO] Target: 
- 00:33:59 [INFO] Host: cat \$TMPF|grep "^2">\$TMPF2; N=\`cat \$TMPF2|wc -l\`; if [ "\$N" -ne 0 ]; then STR="\$STR crit=\$N";echo "===== CRIT ==";cat \$TMPF2|cut -d ';' -f2;echo "====="; fi
- 00:33:59 [INFO] Target: 
cat \$TMPF|grep "^2">\$TMPF2; N=\`cat \$TMPF2|wc -l\`; if [ "\$N" -ne 0 ]; the 
n STR="\$STR crit=\$N";echo "===== CRIT ==";cat \$TMPF2|cut -d ';' -f2;echo "=== 
=="; fi
- 00:33:59 [INFO] Host: 
- 00:33:59 [INFO] Target: 
- 00:33:59 [INFO] Host: cat \$TMPF|grep "^3">\$TMPF2; N=\`cat \$TMPF2|wc -l\`; if [ "\$N" -ne 0 ]; then STR="\$STR err=\$N";echo "===== ERR ==";cat \$TMPF2|cut -d ';' -f2;echo "=====" ;fi
- 00:34:00 [INFO] Target: 
cat \$TMPF|grep "^3">\$TMPF2; N=\`cat \$TMPF2|wc -l\`; if [ "\$N" -ne 0 ]; the 
n STR="\$STR err=\$N";echo "===== ERR ==";cat \$TMPF2|cut -d ';' -f2;echo "===== 
" ;fi
- 00:34:00 [INFO] Host: 
- 00:34:00 [INFO] Target: 
- 00:34:00 [INFO] Host: cat \$TMPF|grep "^4">\$TMPF2; N=\`cat \$TMPF2|wc -l\`; if [ "\$N" -ne 0 ]; then STR="\$STR warn=\$N";echo "===== WARN ==";cat \$TMPF2|cut -d ';' -f2;echo "=====" ;fi
- 00:34:00 [INFO] Target: 
cat \$TMPF|grep "^4">\$TMPF2; N=\`cat \$TMPF2|wc -l\`; if [ "\$N" -ne 0 ]; the 
n STR="\$STR warn=\$N";echo "===== WARN ==";cat \$TMPF2|cut -d ';' -f2;echo "=== 
==" ;fi
- 00:34:00 [INFO] Host: 
- 00:34:00 [INFO] Target: 
- 00:34:00 [INFO] Host: rm \$TMPF \$TMPF2; echo "SUM""MARY RESULT: BOOT:" 'PASS: H''ello World' 'B''oard' "Booted" "Boot Log has::::\$STR:"
- 00:34:00 [INFO] Target: 
rm \$TMPF \$TMPF2; echo "SUM""MARY RESULT: BOOT:" 'PASS: H''ello World' 'B''oa 
rd' "Booted" "Boot Log has::::\$STR:"
- 00:34:00 [INFO] Host: 
- 00:34:00 [INFO] Target: 
- 00:34:00 [INFO] Host: EOF
- 00:34:00 [INFO] Target: 
root@GenericOMAP3(FlattenedDeviceTree):/test# 
- 00:34:00 [INFO] Host: cd /test
- 00:34:00 [INFO] Target: 
cd /test
root@GenericOMAP3(FlattenedDeviceTree):/test# 
- 00:34:00 [INFO] Host: chmod +x test.sh
- 00:34:00 [INFO] Target: 
chmod +x test.sh
root@GenericOMAP3(FlattenedDeviceTree):/test# 
- 00:34:00 [INFO] Host: ./test.sh 2> stderr.log > stdout.log 3> result.log
- 00:34:06 [INFO] Target: 
./test.sh 2> stderr.log > stdout.l 
og 3> result.log
root@GenericOMAP3(FlattenedDeviceTree):/test# 
- 00:34:06 [INFO] Host: echo $?
- 00:34:06 [INFO] Target: 
echo $?
root@GenericOMAP3(FlattenedDeviceTree):/test# 
- 00:34:06 [INFO] Host: cd /test
- 00:34:06 [INFO] Target: 
cd /test
root@GenericOMAP3(FlattenedDeviceTree):/test# 
- 00:34:06 [INFO] Host: cat stdout.log
- 00:34:09 [INFO] Target: 
cat stdout.log
cpuinfo:
processor	: 0
model name	: ARMv7 Processor rev 2 (v7l)
BogoMIPS	: 594.73
Features	: half thumb fastmult vfp edsp thumbee neon vfpv3 tls vfpd32 
CPU implementer	: 0x41
CPU architecture: 7
CPU variant	: 0x1
CPU part	: 0xc08
CPU revision	: 2
Hardware	: Generic OMAP3 (Flattened Device Tree)
Revision	: 0000
Serial		: 0000000000000000
=======
soc info:
==> /sys/devices/soc0/family <==
OMAP3
==> /sys/devices/soc0/machine <==
OMAP3430/3530
==> /sys/devices/soc0/power <==
==> /sys/devices/soc0/revision <==
ES2.1
==> /sys/devices/soc0/subsystem <==
==> /sys/devices/soc0/type <==
==> /sys/devices/soc0/uevent <==
=======
DT Model info
==> /proc/device-tree/name <==
==> /proc/device-tree/model <==
TI OMAP3430 LDP (Zoom1 Labrador)
==> /proc/device-tree/compatible <==
ti,omap3-ldpti,omap3
=======
interrupts:
           CPU0       
 23:          0      INTC   7 Edge      TWL4030-PIH
 25:          0      INTC   9 Edge      l3-debug-irq
 26:          0      INTC  10 Edge      l3-app-irq
 28:          0      INTC  12 Edge      DMA
 29:      27961      INTC  13 Edge      omap-dma-engine
 36:          0      INTC  20 Edge      gpmc
 40:          0      INTC  24 Edge      480bd400.mmu
 45:          0      INTC  29 Edge      48310000.gpio
 46:          0      INTC  30 Edge      49050000.gpio
 47:          0      INTC  31 Edge      49052000.gpio
 48:          0      INTC  32 Edge      49054000.gpio
 49:         18      INTC  33 Edge      49056000.gpio
 50:          0      INTC  34 Edge      49058000.gpio
 53:       3808      INTC  37 Edge      gp_timer
 72:        949      INTC  56 Edge      48070000.i2c
 73:          0      INTC  57 Edge      48072000.i2c
 77:          0      INTC  61 Edge      48060000.i2c
 90:       7618      INTC  74 Edge      OMAP UART2
 99:      55960      INTC  83 Edge      mmc0
264:         18  49056000.gpio  24 Level     eth0
306:          0      PRCM Edge      pm_wkup
315:          0      PRCM Edge      pinctrl, pinctrl, pm_io
338:          0   pinctrl 366 Edge      49020000.serial
339:          0   twl4030   0 Edge      twl4030_gpio
344:          0   twl4030   5 Edge      twl4030_power
IPI0:          0  CPU wakeup interrupts
IPI1:          0  Timer broadcast interrupts
IPI2:          0  Rescheduling interrupts
IPI3:          0  Function call interrupts
IPI4:          0  CPU stop interrupts
IPI5:          0  IRQ work interrupts
IPI6:          0  completion interrupts
Err:          0
=======
Clk_summary:
   clock                         enable_cnt  prepare_cnt        rate   accuracy   phase
----------------------------------------------------------------------------------------
 secure_32k_fck                           0            1       32768          0 0  
    wdt1_fck                              0            0       32768          0 0  
    gpt12_fck                             0            1       32768          0 0  
 dummy_ck                                 0            0           0          0 0  
 mcbsp_clks                               0            5           0          0 0  
 sys_altclk                               0            0           0          0 0  
 virt_38_4m_ck                            0            0    38400000          0 0  
 virt_26000000_ck                         1            1    26000000          0 0  
    osc_sys_ck                            1            1    26000000          0 0  
       sys_clkout1                        0            0    26000000          0 0  
       sys_ck                             3           18    13000000          0 0  
          gpt9_fck                        0            1    13000000          0 0  
          gpt8_fck                        0            1    13000000          0 0  
          gpt7_fck                        0            1    13000000          0 0  
          gpt6_fck                        0            1    13000000          0 0  
          gpt5_fck                        0            1    13000000          0 0  
          gpt4_fck                        0            1    13000000          0 0  
          gpt3_fck                        0            1    13000000          0 0  
          gpt2_fck                        0            1    13000000          0 0  
          cpefuse_fck                     0            0    13000000          0 0  
          dpll5_ck                        0            1   120000000          0 0  
             dpll5_m2_ck                  0            1   120000000          0 0  
                dpll5_m2_d20_ck           0            0     6000000          0 0  
                dpll5_m2_d16_ck           0            0     7500000          0 0  
                dpll5_m2_d8_ck            0            0    15000000          0 0  
                dpll5_m2_d4_ck            0            0    30000000          0 0  
                usbhost_120m_fck           0            0   120000000          0 0  
                usbtll_fck                0            1   120000000          0 0  
          sys_d2_ck                       0            0     6500000          0 0  
             usim_fck                     0            0     6500000          0 0  
          modem_fck                       0            0    13000000          0 0  
          dpll2_ck                        0            1   360000000          0 0  
             dpll2_m2_ck                  0            1   360000000          0 0  
                iva2_ck                   0            2   360000000          0 0  
          sr2_fck                         0            1    13000000          0 0  
          sr1_fck                         0            1    13000000          0 0  
          traceclk_src_fck                0            0    13000000          0 0  
             traceclk_fck                 0            0    13000000          0 0  
          emu_src_mux_ck                  0            1    13000000          0 0  
             emu_src_ck                   0            1    13000000          0 0  
                atclk_fck                 0            0    13000000          0 0  
                pclkx2_fck                0            0    13000000          0 0  
                pclk_fck                  0            0     6500000          0 0  
          dss2_alwon_fck                  0            2    13000000          0 0  
          dpll1_ck                        0            1   600000000          0 0  
             dpll1_x2_ck                  0            1  1200000000          0 0  
                dpll1_x2m2_ck             0            1  1200000000          0 0  
                   mpu_ck                 0            1  1200000000          0 0  
                      emu_mpu_alwon_ck           0            0  1200000000          0 0  
                      arm_fck             0            1   600000000          0 0  
          dpll3_ck                        1            1   166000000          0 0  
             dpll3_x2_ck                  0            0   332000000          0 0  
             dpll3_m2_ck                  1            2   166000000          0 0  
                dpll3_m2x2_ck             0            1   332000000          0 0  
                   corex2_fck             0            1   332000000          0 0  
                      ssi_ssr_fck_3430es2           0            1   110666667          0 0  
                         ssi_sst_fck_3430es2           0            0    55333333          0 0  
                      corex2_d5_fck           0            0    66400000          0 0  
                      corex2_d3_fck           0            0   110666666          0 0  
                core_ck                   1            1   166000000          0 0  
                   core_d2_ck             0            0    83000000          0 0  
                   core_d6_ck             0            0    27666666          0 0  
                      sgx_fck             0            0    27666666          0 0  
                   core_d4_ck             0            0    41500000          0 0  
                   core_d3_ck             0            0    55333333          0 0  
                   dpll2_fck              0            0   166000000          0 0  
                   l3_ick                 2            3    83000000          0 0  
                      sgx_ick             0            0    83000000          0 0  
                      mad2d_ick           0            0    83000000          0 0  
                      sad2d_ick           0            1    83000000          0 0  
                      security_l3_ick           0            0    83000000          0 0  
                         pka_ick           0            0    83000000          0 0  
                      core_l3_ick           8           10    83000000          0 0  
                         hsotgusb_ick_3430es2           0            1    83000000          0 0  
                         gpmc_fck           2            2    83000000          0 0  
                         sdrc_ick           1            1    83000000          0 0  
                      l4_ick              7            8    41500000          0 0  
                         usbhost_ick           1            1    41500000          0 0  
                         dss_ick_3430es2           4            6    41500000          0 0  
                         sr_l4_ick           2            2    41500000          0 0  
                         ssi_l4_ick           1            1    41500000          0 0  
                            ssi_ick_3430es2           1            1    41500000          0 0  
                         cam_ick           0            1    41500000          0 0  
                         security_l4_ick2           0            0    41500000          0 0  
                            des1_ick           0            0    41500000          0 0  
                            sha11_ick           0            0    41500000          0 0  
                            rng_ick           0            0    41500000          0 0  
                            aes1_ick           0            0    41500000          0 0  
                         per_l4_ick          13           17    41500000          0 0  
                            mcbsp4_ick           1            1    41500000          0 0  
                            mcbsp3_ick           2            2    41500000          0 0  
                            mcbsp2_ick           2            2    41500000          0 0  
                            gpt2_ick           1            1    41500000          0 0  
                            gpt3_ick           1            1    41500000          0 0  
                            gpt4_ick           1            1    41500000          0 0  
                            gpt5_ick           1            1    41500000          0 0  
                            gpt6_ick           1            1    41500000          0 0  
                            gpt7_ick           1            1    41500000          0 0  
                            gpt8_ick           1            1    41500000          0 0  
                            gpt9_ick           1            1    41500000          0 0  
                            uart4_ick           0            0    41500000          0 0  
                            uart3_ick           1            1    41500000          0 0  
                            wdt3_ick           0            0    41500000          0 0  
                            gpio2_ick           0            1    41500000          0 0  
                            gpio3_ick           0            1    41500000          0 0  
                            gpio4_ick           0            1    41500000          0 0  
                            gpio5_ick           1            1    41500000          0 0  
                            gpio6_ick           0            1    41500000          0 0  
                         core_l4_ick          21           23    41500000          0 0  
                            mmchs3_ick           1            1    41500000          0 0  
                            usbtll_ick           1            1    41500000          0 0  
                            mailboxes_ick           0            1    41500000          0 0  
                            mspro_ick           0            0    41500000          0 0  
                            des2_ick           0            0    41500000          0 0  
                            icr_ick           0            0    41500000          0 0  
                            sha12_ick           1            2    41500000          0 0  
                            aes2_ick           1            2    41500000          0 0  
                            omapctrl_ick           1            1    41500000          0 0  
                            mcbsp1_ick           1            1    41500000          0 0  
                            mcbsp5_ick           1            1    41500000          0 0  
                            gpt10_ick           1            1    41500000          0 0  
                            gpt11_ick           1            1    41500000          0 0  
                            uart1_ick           1            1    41500000          0 0  
                            uart2_ick           1            1    41500000          0 0  
                            i2c1_ick           1            1    41500000          0 0  
                            i2c2_ick           1            1    41500000          0 0  
                            i2c3_ick           1            1    41500000          0 0  
                            mcspi1_ick           1            1    41500000          0 0  
                            mcspi2_ick           1            1    41500000          0 0  
                            mcspi3_ick           1            1    41500000          0 0  
                            mcspi4_ick           1            1    41500000          0 0  
                            hdq_ick           0            1    41500000          0 0  
                            mmchs1_ick           1            1    41500000          0 0  
                            mmchs2_ick           1            1    41500000          0 0  
                         rm_ick           0            0    20750000          0 0  
                   dpll1_fck              0            0    83000000          0 0  
             dpll3_m3_ck                  0            0    83000000          0 0  
                dpll3_m3x2_mul_ck           0            0   166000000          0 0  
                   dpll3_m3x2_ck           0            0   166000000          0 0  
                      emu_core_alwon_ck           0            0   166000000          0 0  
          dpll4_ck                        1            3   432000000          0 0  
             dpll4_x2_ck                  0            0   864000000          0 0  
             dpll4_m6_ck                  0            0   144000000          0 0  
                dpll4_m6x2_mul_ck           0            0   288000000          0 0  
                   dpll4_m6x2_ck           0            0   288000000          0 0  
                      emu_per_alwon_ck           0            0   288000000          0 0  
             dpll4_m5_ck                  0            0   108000000          0 0  
                dpll4_m5x2_mul_ck           0            0   216000000          0 0  
                   dpll4_m5x2_ck           0            0   216000000          0 0  
                      cam_mclk            0            0   216000000          0 0  
             dpll4_m4_ck                  0            1   216000000          0 0  
                dpll4_m4x2_mul_ck           0            1   432000000          0 0  
                   dpll4_m4x2_ck           0            1   432000000          0 0  
                      dss1_alwon_fck_3430es2           0            4   432000000          0 0  
             dpll4_m3_ck                  0            1    27000000          0 0  
                dpll4_m3x2_mul_ck           0            1    54000000          0 0  
                   dpll4_m3x2_ck           0            1    54000000          0 0  
                      omap_54m_fck           0            1    54000000          0 0  
                         clkout2_src_ck           0            0    54000000          0 0  
                            sys_clkout2           0            0    54000000          0 0  
                         dss_tv_fck           0            2    54000000          0 0  
             dpll4_m2_ck                  1            1    48000000          0 0  
                dpll4_m2x2_mul_ck           1            1    96000000          0 0  
                   dpll4_m2x2_ck           1            1    96000000          0 0  
                      omap_192m_alwon_fck           0            0    96000000          0 0  
                      omap_96m_alwon_fck           1            2    96000000          0 0  
                         per_96m_fck           0            6    96000000          0 0  
                            mcbsp4_fck           0            1    96000000          0 0  
                            mcbsp3_fck           0            2    96000000          0 0  
                            mcbsp2_fck           0            2    96000000          0 0  
                         cm_96m_fck           1            2    96000000          0 0  
                            cm_96m_d2_fck           1            1    48000000          0 0  
                               omap_48m_fck           2            4    48000000          0 0  
                                  usbhost_48m_fck           0            1    48000000          0 0  
                                  per_48m_fck           1            1    48000000          0 0  
                                     uart3_fck           1            1    48000000          0 0  
                                  core_48m_fck           2            6    48000000          0 0  
                                     uart1_fck           1            1    48000000          0 0  
                                     uart2_fck           1            1    48000000          0 0  
                                     mcspi1_fck           0            1    48000000          0 0  
                                     mcspi2_fck           0            1    48000000          0 0  
                                     mcspi3_fck           0            1    48000000          0 0  
                                     mcspi4_fck           0            1    48000000          0 0  
                                  omap_12m_fck           0            1    12000000          0 0  
                                     core_12m_fck           0            1    12000000          0 0  
                                        hdq_fck             0            1    12000000          0 0  
                            omap_96m_fck           0            2    96000000          0 0  
                               omap_96m_d10_fck           0            0     9600000          0 0  
                               omap_96m_d8_fck           0            0    12000000          0 0  
                               omap_96m_d4_fck           0            0    24000000          0 0  
                               omap_96m_d2_fck           0            0    48000000          0 0  
                               dss_96m_fck           0            2    96000000          0 0  
                               core_96m_fck           0           10    96000000          0 0  
                                  mcbsp1_fck           0            1    96000000          0 0  
                                  mcbsp5_fck           0            1    96000000          0 0  
                                  mmchs3_fck           0            1    96000000          0 0  
                                  mspro_fck           0            0    96000000          0 0  
                                  csi2_96m_fck           0            0    96000000          0 0  
                                  i2c1_fck           0            1    96000000          0 0  
                                  i2c2_fck           0            1    96000000          0 0  
                                  i2c3_fck           0            1    96000000          0 0  
                                  mmchs1_fck           0            1    96000000          0 0  
                                  mmchs2_fck           0            1    96000000          0 0  
          wkup_l4_ick                     4            5    13000000          0 0  
             usim_ick                     0            0    13000000          0 0  
             gpt1_ick                     1            1    13000000          0 0  
             gpt12_ick                    1            1    13000000          0 0  
             omap_32ksync_ick             1            1    13000000          0 0  
             gpio1_ick                    0            1    13000000          0 0  
             wdt1_ick                     0            0    13000000          0 0  
             wdt2_ick                     1            1    13000000          0 0  
 virt_19200000_ck                         0            0    19200000          0 0  
 virt_13m_ck                              0            0    13000000          0 0  
 virt_12m_ck                              0            0    12000000          0 0  
 omap_32k_fck                             2            8       32768          0 0  
    gpt1_fck                              1            1       32768          0 0  
    gpt11_fck                             0            1       32768          0 0  
    gpt10_fck                             0            1       32768          0 0  
    ts_fck                                0            0       32768          0 0  
    per_32k_alwon_fck                     0            5       32768          0 0  
       wdt3_fck                           0            0       32768          0 0  
       gpio2_dbck                         0            2       32768          0 0  
       gpio3_dbck                         0            2       32768          0 0  
       gpio4_dbck                         0            2       32768          0 0  
       gpio5_dbck                         0            2       32768          0 0  
       gpio6_dbck                         0            2       32768          0 0  
    wkup_32k_fck                          1            3       32768          0 0  
       wdt2_fck                           0            1       32768          0 0  
       gpio1_dbck                         0            2       32768          0 0  
 dummy_apb_pclk                           0            0           0          0 0  
 virt_16_8m_ck                            0            0    16800000          0 0  
=======
Available frequencies
=======
===== ERR ==
mtdoops: mtd device (mtddev=name/number) must be supplied
omap2_set_init_voltage: unable to find boot up OPP for vdd_mpu_iva
omap2_set_init_voltage: unable to set vdd_mpu_iva
omap2_set_init_voltage: unable to find boot up OPP for vdd_core
omap2_set_init_voltage: unable to set vdd_core
sr_init: platform driver register failed for SR
udevd[133]: starting version 182
=====
===== WARN ==
Lock dependency validator: Copyright (c) 2006 Red Hat, Inc., Ingo Molnar
... MAX_LOCKDEP_SUBCLASSES:  8
... MAX_LOCK_DEPTH:          48
... MAX_LOCKDEP_KEYS:        8191
... CLASSHASH_SIZE:          4096
... MAX_LOCKDEP_ENTRIES:     32768
... MAX_LOCKDEP_CHAINS:      65536
... CHAINHASH_SIZE:          32768
 memory used by lock dependency info: 5167 kB
 per task-struct memory footprint: 1536 bytes
omap_hwmod: mcbsp2_sidetone using broken dt data from mcbsp
omap_hwmod: mcbsp3_sidetone using broken dt data from mcbsp
irq: no irq domain found for /ocp/l4@48000000/scm@2000/pinmux@30 !
gpmc_mem_init: disabling cs 0 mapped at 0x0-0x1000000
omap4_sram_init:Unable to allocate sram needed to handle errata I688
omap4_sram_init:Unable to get sram pool needed to handle errata I688
workingset: timestamp_bits=12 max_order=15 bucket_order=3
PM: no software I/O chain control
sr_init: No PMIC hook to init smartreflex
smartreflex smartreflex.0: omap_sr_probe: smartreflex_mpu_iva: No Voltage table for the corresponding vdd. Cannot create debugfs entries for n-values
smartreflex: probe of smartreflex.0 failed with error -61
smartreflex smartreflex.1: omap_sr_probe: smartreflex_core: No Voltage table for the corresponding vdd. Cannot create debugfs entries for n-values
smartreflex: probe of smartreflex.1 failed with error -61
mmc0: host does not support reading read-only switch, assuming write-enable
FAT-fs (mmcblk0p1): Volume was not properly unmounted. Some data may be corrupt. Please run fsck.
=====
SUMMARY RESULT: BOOT: PASS: Hello World Board Booted Boot Log has:::: err=7 warn=25:
root@GenericOMAP3(FlattenedDeviceTree):/test# 
- 00:34:09 [INFO] Host: cat stderr.log
- 00:34:09 [INFO] Target: 
cat stderr.log
./test.sh: line 33:   746 Killed                  cp /dev/kmsg $TMPF
root@GenericOMAP3(FlattenedDeviceTree):/test# 
- 00:34:09 [INFO] Host: cat result.log
- 00:34:11 [ERROR] On command: cat result.log waiting for cat result.log.+?(?m-ix:^1[\0\n\r]+) >>> error: execution expired
- 00:34:11 [INFO] Target: 
cat result.log
root@GenericOMAP3(FlattenedDeviceTree):/test# 
- 00:34:11 [INFO] Host: cd /test
- 00:34:11 [INFO] Target: 
cd /test
root@GenericOMAP3(FlattenedDeviceTree):/test# 
URL:gtsystest.telogy.design.ti.com/vatf/tidfarm-05/tidfarm-05_vatf@ldp3430/tidfarm-0503_08_2016_00_32_22/files/session_iteration_1/test_1
