- 16:13:06 [INFO] Starting target session
- 16:13:06 [INFO] Connected to n900 via serial 
- 16:13:07 [INFO] Host: 
- 16:13:09 [ERROR] On command:  waiting for (?-mix:.*\s+login) >>> error: execution expired
- 16:13:09 [INFO] Target: 

- 16:13:09 [INFO] Host: 
- 16:13:14 [ERROR] On command:  waiting for (?m-ix:root.*#) >>> error: execution expired
- 16:13:14 [INFO] Target: 

- 16:13:37 [INFO] Disconnected serial from n900
- 16:13:37 [INFO] Connected to n900 via serial 
- 16:13:37 [INFO] Host: 
- 16:13:37 [ERROR] On command:  waiting for (?-mix:Nokia\sRX-51\s#\s) >>> error: execution expired
- 16:13:38 [INFO] Target: 
Timed out in wait_for_event: status=0000
Check if pads/pull-ups of bus 1 are properly configured
Timed out in wait_for_event: status=0000
Check if pads/pull-ups of bus 1 are properly configured
Timed out in wait_for_event: status=0000
Check if pads/pull-ups of bus 1 are properly configured

- 16:13:38 [INFO] Host: 
- 16:13:38 [ERROR] On command:  waiting for (?-mix:Nokia\sRX-51\s#\s) >>> error: execution expired
- 16:13:38 [INFO] Target: 
Timed out in wait_for_event: status=0000
Check if pads/pull-ups of bus 1 are properly configured
Timed out in wait_for_event: status=0000
Check if pads/pull-ups of bus 1 are properly configured
Timed out in wait_for_event: status=0000
Check if pads/pull-ups of bus 1 are properly configured

- 16:13:38 [INFO] Host: 
- 16:13:39 [ERROR] On command:  waiting for (?-mix:Nokia\sRX-51\s#\s) >>> error: execution expired
- 16:13:39 [INFO] Target: 
Timed out in wait_for_event: status=0000
Check if pads/pull-ups of bus 1 are properly configured
Timed out in wait_for_event: status=0000
Check if pads/pull-ups of bus 1 are properly configured
Timed out in wait_for_event: status=0000
Check if pads/pull-ups of bus 1 are properly configured

- 16:13:39 [INFO] Host: 
- 16:13:39 [ERROR] On command:  waiting for (?-mix:Nokia\sRX-51\s#\s) >>> error: execution expired
- 16:13:39 [INFO] Target: 
Timed out in wait_for_event: status=0000
Check if pads/pull-ups of bus 1 are properly configured
Timed out in wait_for_event: status=0000
Check if pads/pull-ups of bus 1 are properly configured
Timed out in wait_for_event: status=0000
Check if pads/pull-ups of bus 1 are properly configured
i2c_read (addr phase): pads on bus 1 probably not configured (status=0x10)

- 16:13:39 [INFO] Host: 
- 16:13:40 [INFO] Target: 

Nokia RX-51 # 
- 16:13:40 [INFO] Host: 
- 16:13:41 [INFO] Target: 

Nokia RX-51 # 
- 16:13:41 [INFO] Host: version
- 16:13:41 [INFO] Target: 
version

U-Boot 2014.04-00073-g4fa5b9e (Apr 22 2014 - 14:37:10)
arm-linux-gnueabi-gcc (Ubuntu/Linaro 4.6.3-1ubuntu5) 4.6.3
GNU ld (GNU Binutils for Ubuntu) 2.22
Nokia RX-51 # 
- 16:13:41 [INFO] Host: setenv bootargs 'console=ttyO2,57600n8 vram=16M earlyprintk rootwait '
- 16:13:42 [INFO] Target: 
setenv bootargs 'console=ttyO2,57600n8 vram=16M earlyprintk rootwait '
Nokia RX-51 # 
- 16:13:42 [INFO] Host: setenv bootcmd  ''
- 16:13:42 [INFO] Target: 
setenv bootcmd  ''
Nokia RX-51 # 
- 16:13:42 [INFO] Host: setenv autoload 'no'
- 16:13:43 [INFO] Target: 
setenv autoload 'no'
Nokia RX-51 # 
- 16:13:43 [INFO] Host: setenv serverip '128.247.105.47'
- 16:13:44 [INFO] Target: 
setenv serverip '128.247.105.47'
Nokia RX-51 # 
- 16:13:44 [INFO] Host: printenv
- 16:13:45 [INFO] Target: 
printenv
arch=arm
attachboot=echo Booting attached kernel image ...;setenv setup_omap_atag 1;bootm ${attkernaddr};setenv setup_omap_atag
attkernaddr=0x8fe40800
autoload=no
baudrate=57600
board=rx51
board_name=rx51
bootargs=console=ttyO2,57600n8 vram=16M earlyprintk rootwait 
bootcmd=
bootdelay=3
bootm_size=0x08000000
bootmenu_0=Attached kernel=run attachboot
bootmenu_1=Internal eMMC=run emmcboot
bootmenu_2=External SD card=run sdboot
bootmenu_3=U-Boot boot order=boot
bootmenu_delay=30
cpu=armv7
dieid#=582a000400000000040366100301000d
emmcboot=setenv mmcnum 1; run trymmcboot
fdt_file=omap3-n900.dtb
fdtaddr=0x80F80000
fileload=${mmctype}load mmc ${mmcnum}:${mmcpart} ${loadaddr} ${mmcfile}
ftdload=setenv loadaddr ${fdtaddr};setenv mmcfile ${fdt_file};run fileload
importbootenv=echo Importing environment from mmc${mmcdev} ...; env import -t ${loadaddr} ${filesize}
initrdaddr=0x84008000
initrdload=setenv loadaddr ${initrdaddr};setenv mmcfile ${mmcinitrdfile};run fileload
kernaddr=0x82008000
kernboot=echo Booting ${mmckernfile} from mmc ${mmcnum}:${mmcpart} ...; bootm ${kernaddr}
kernbootz=echo Booting ${kernel_file}+${fdt_file} from mmc ${mmcnum}:${mmcpart} ...; bootz ${kernaddr} - ${fdtaddr}
kernel_file=zImage
kerninitrdboot=echo Booting ${mmckernfile} ${mmcinitrdfile} from mmc ${mmcnum}:${mmcpart} ...; bootm ${kernaddr} ${initrdaddr}
kernload=setenv loadaddr ${kernaddr};setenv mmcfile ${mmckernfile};run fileload
kernloadz=setenv loadaddr ${kernaddr};setenv mmcfile ${kernel_file};run fileload
loadaddr=0x82008000
loadbootenv=fatload mmc ${mmcnum} ${loadaddr} uEnv.txt
mem=260353k
menucmd=bootmenu
preboot=setenv loadaddr ${kernaddr};echo
scriptaddr=0x86008000
scriptboot=echo Running ${mmcscriptfile} from mmc ${mmcnum}:${mmcpart} ...; source ${scriptaddr}
scriptload=setenv loadaddr ${scriptaddr};setenv mmcfile ${mmcscriptfile};run fileload
sdboot=setenv mmcnum 0; run trymmcboot
sercon=setenv con serial; run setcon
serverip=128.247.105.47
setcon=setenv stdin ${con};setenv stdout ${con};setenv stderr ${con}
slide=gpio input 71
soc=omap3
stderr=serial
stdin=serial
stdout=serial
switchmmc=mmc dev ${mmcnum}
trymmcallpartboot=setenv mmcpart 1; run trymmcpartboot;setenv mmcpart 2; run trymmcpartboot;setenv mmcpart 3; run trymmcpartboot;setenv mmcpart 4; run trymmcpartboot
trymmcboot=if run switchmmc; then setenv mmctype fat;run trymmcallpartboot;setenv mmctype ext2;run trymmcallpartboot;setenv mmctype ext4;run trymmcallpartboot;fi
trymmckernboot=if run switchmmc; then if run kernload; then run kernboot;fi;fi
trymmckernbootz=if run switchmmc; then if run ftdload; then if run kernloadz; then run kernbootz;fi;fi;fi
trymmckerninitrdboot=if run switchmmc; then if run initrdload; then if run kernload; then run kerninitrdboot;fi;fi; fi
trymmcpartboot=setenv mmcscriptfile boot.scr; run trymmcscriptboot;setenv mmckernfile uImage; run trymmckernboot;run trymmckernbootz
trymmcscriptboot=if run switchmmc; then if run scriptload; then run scriptboot;fi;fi
usbcon=setenv con usbtty; run setcon
usbtty=cdc_acm
vendor=nokia
vgacon=setenv con vga; run setcon

Environment size: 3197/131068 bytes
Nokia RX-51 # 
- 16:13:45 [INFO] Host: printenv
- 16:13:46 [INFO] Target: 
printenv
arch=arm
attachboot=echo Booting attached kernel image ...;setenv setup_omap_atag 1;bootm ${attkernaddr};setenv setup_omap_atag
attkernaddr=0x8fe40800
autoload=no
baudrate=57600
board=rx51
board_name=rx51
bootargs=console=ttyO2,57600n8 vram=16M earlyprintk rootwait 
bootcmd=
bootdelay=3
bootm_size=0x08000000
bootmenu_0=Attached kernel=run attachboot
bootmenu_1=Internal eMMC=run emmcboot
bootmenu_2=External SD card=run sdboot
bootmenu_3=U-Boot boot order=boot
bootmenu_delay=30
cpu=armv7
dieid#=582a000400000000040366100301000d
emmcboot=setenv mmcnum 1; run trymmcboot
fdt_file=omap3-n900.dtb
fdtaddr=0x80F80000
fileload=${mmctype}load mmc ${mmcnum}:${mmcpart} ${loadaddr} ${mmcfile}
ftdload=setenv loadaddr ${fdtaddr};setenv mmcfile ${fdt_file};run fileload
importbootenv=echo Importing environment from mmc${mmcdev} ...; env import -t ${loadaddr} ${filesize}
initrdaddr=0x84008000
initrdload=setenv loadaddr ${initrdaddr};setenv mmcfile ${mmcinitrdfile};run fileload
kernaddr=0x82008000
kernboot=echo Booting ${mmckernfile} from mmc ${mmcnum}:${mmcpart} ...; bootm ${kernaddr}
kernbootz=echo Booting ${kernel_file}+${fdt_file} from mmc ${mmcnum}:${mmcpart} ...; bootz ${kernaddr} - ${fdtaddr}
kernel_file=zImage
kerninitrdboot=echo Booting ${mmckernfile} ${mmcinitrdfile} from mmc ${mmcnum}:${mmcpart} ...; bootm ${kernaddr} ${initrdaddr}
kernload=setenv loadaddr ${kernaddr};setenv mmcfile ${mmckernfile};run fileload
kernloadz=setenv loadaddr ${kernaddr};setenv mmcfile ${kernel_file};run fileload
loadaddr=0x82008000
loadbootenv=fatload mmc ${mmcnum} ${loadaddr} uEnv.txt
mem=260353k
menucmd=bootmenu
preboot=setenv loadaddr ${kernaddr};echo
scriptaddr=0x86008000
scriptboot=echo Running ${mmcscriptfile} from mmc ${mmcnum}:${mmcpart} ...; source ${scriptaddr}
scriptload=setenv loadaddr ${scriptaddr};setenv mmcfile ${mmcscriptfile};run fileload
sdboot=setenv mmcnum 0; run trymmcboot
sercon=setenv con serial; run setcon
serverip=128.247.105.47
setcon=setenv stdin ${con};setenv stdout ${con};setenv stderr ${con}
slide=gpio input 71
soc=omap3
stderr=serial
stdin=serial
stdout=serial
switchmmc=mmc dev ${mmcnum}
trymmcallpartboot=setenv mmcpart 1; run trymmcpartboot;setenv mmcpart 2; run trymmcpartboot;setenv mmcpart 3; run trymmcpartboot;setenv mmcpart 4; run trymmcpartboot
trymmcboot=if run switchmmc; then setenv mmctype fat;run trymmcallpartboot;setenv mmctype ext2;run trymmcallpartboot;setenv mmctype ext4;run trymmcallpartboot;fi
trymmckernboot=if run switchmmc; then if run kernload; then run kernboot;fi;fi
trymmckernbootz=if run switchmmc; then if run ftdload; then if run kernloadz; then run kernbootz;fi;fi;fi
trymmckerninitrdboot=if run switchmmc; then if run initrdload; then if run kernload; then run kerninitrdboot;fi;fi; fi
trymmcpartboot=setenv mmcscriptfile boot.scr; run trymmcscriptboot;setenv mmckernfile uImage; run trymmckernboot;run trymmckernbootz
trymmcscriptboot=if run switchmmc; then if run scriptload; then run scriptboot;fi;fi
usbcon=setenv con usbtty; run setcon
usbtty=cdc_acm
vendor=nokia
vgacon=setenv con vga; run setcon

Environment size: 3197/131068 bytes
Nokia RX-51 # 
- 16:13:46 [INFO] Host: setenv bootargs ''${bootargs}' ip=dhcp '
- 16:13:47 [INFO] Target: 
setenv bootargs ''${bootargs}' ip=dhcp '
Nokia RX-51 # 
- 16:13:47 [INFO] Host: setenv serverip '128.247.105.47'
- 16:13:47 [INFO] Target: 
setenv serverip '128.247.105.47'
Nokia RX-51 # 
- 16:13:47 [INFO] Host: setenv ipaddr dhcp
- 16:13:48 [INFO] Target: 
setenv ipaddr dhcp
Nokia RX-51 # 
- 16:13:48 [INFO] Host: setenv autoload 'no'
- 16:13:48 [INFO] Target: 
setenv autoload 'no'
Nokia RX-51 # 
- 16:13:48 [INFO] Host: dhcp
- 16:13:49 [INFO] Target: 
dhcp
Unknown command 'dhcp' - try 'help'
Nokia RX-51 # 
- 16:13:50 [INFO] Disconnected serial from n900
- 16:27:31 [INFO] Connected to n900 via serial 
- 16:27:31 [INFO] Host: ls mmc 0:1
- 16:27:32 [INFO] Target: 
## Total Size      = 0x00436ae6 = 4418278 Bytes
Nokia RX-51 # ls mmc 0:1
Unknown command 'ls' - try 'help'
Nokia RX-51 # 
- 16:27:32 [INFO] Host: ls mmc 0:2
- 16:27:32 [INFO] Target: 
ls mmc 0:2
Unknown command 'ls' - try 'help'
Nokia RX-51 # 
- 16:27:32 [INFO] Host: ls mmc 0:3
- 16:27:33 [INFO] Target: 
ls mmc 0:3
Unknown command 'ls' - try 'help'
Nokia RX-51 # 
- 16:27:33 [INFO] Host: ls mmc 0:4
- 16:27:33 [INFO] Target: 
ls mmc 0:4
Unknown command 'ls' - try 'help'
Nokia RX-51 # 
- 16:27:33 [INFO] Host: ls mmc 0:5
- 16:27:34 [INFO] Target: 
ls mmc 0:5
Unknown command 'ls' - try 'help'
Nokia RX-51 # 
- 16:27:34 [INFO] Host: part uuid mmc 0:
- 16:27:35 [INFO] Target: 
part uuid mmc 0:
Unknown command 'part' - try 'help'
Nokia RX-51 # 
- 16:27:35 [INFO] Host: printenv
- 16:27:36 [INFO] Target: 
printenv
arch=arm
attachboot=echo Booting attached kernel image ...;setenv setup_omap_atag 1;bootm ${attkernaddr};setenv setup_omap_atag
attkernaddr=0x8fe40800
autoload=no
baudrate=57600
board=rx51
board_name=rx51
bootargs=console=ttyO2,57600n8 vram=16M earlyprintk rootwait  ip=dhcp 
bootcmd=
bootdelay=3
bootm_size=0x08000000
bootmenu_0=Attached kernel=run attachboot
bootmenu_1=Internal eMMC=run emmcboot
bootmenu_2=External SD card=run sdboot
bootmenu_3=U-Boot boot order=boot
bootmenu_delay=30
cpu=armv7
dieid#=582a000400000000040366100301000d
emmcboot=setenv mmcnum 1; run trymmcboot
fdt_file=omap3-n900.dtb
fdtaddr=0x80F80000
fileload=${mmctype}load mmc ${mmcnum}:${mmcpart} ${loadaddr} ${mmcfile}
filesize=436ae6
ftdload=setenv loadaddr ${fdtaddr};setenv mmcfile ${fdt_file};run fileload
importbootenv=echo Importing environment from mmc${mmcdev} ...; env import -t ${loadaddr} ${filesize}
initrdaddr=0x84008000
initrdload=setenv loadaddr ${initrdaddr};setenv mmcfile ${mmcinitrdfile};run fileload
ipaddr=dhcp
kernaddr=0x82008000
kernboot=echo Booting ${mmckernfile} from mmc ${mmcnum}:${mmcpart} ...; bootm ${kernaddr}
kernbootz=echo Booting ${kernel_file}+${fdt_file} from mmc ${mmcnum}:${mmcpart} ...; bootz ${kernaddr} - ${fdtaddr}
kernel_file=zImage
kerninitrdboot=echo Booting ${mmckernfile} ${mmcinitrdfile} from mmc ${mmcnum}:${mmcpart} ...; bootm ${kernaddr} ${initrdaddr}
kernload=setenv loadaddr ${kernaddr};setenv mmcfile ${mmckernfile};run fileload
kernloadz=setenv loadaddr ${kernaddr};setenv mmcfile ${kernel_file};run fileload
loadaddr=0x82008000
loadbootenv=fatload mmc ${mmcnum} ${loadaddr} uEnv.txt
mem=260353k
menucmd=bootmenu
preboot=setenv loadaddr ${kernaddr};echo
scriptaddr=0x86008000
scriptboot=echo Running ${mmcscriptfile} from mmc ${mmcnum}:${mmcpart} ...; source ${scriptaddr}
scriptload=setenv loadaddr ${scriptaddr};setenv mmcfile ${mmcscriptfile};run fileload
sdboot=setenv mmcnum 0; run trymmcboot
sercon=setenv con serial; run setcon
serverip=128.247.105.47
setcon=setenv stdin ${con};setenv stdout ${con};setenv stderr ${con}
slide=gpio input 71
soc=omap3
stderr=serial
stdin=serial
stdout=serial
switchmmc=mmc dev ${mmcnum}
trymmcallpartboot=setenv mmcpart 1; run trymmcpartboot;setenv mmcpart 2; run trymmcpartboot;setenv mmcpart 3; run trymmcpartboot;setenv mmcpart 4; run trymmcpartboot
trymmcboot=if run switchmmc; then setenv mmctype fat;run trymmcallpartboot;setenv mmctype ext2;run trymmcallpartboot;setenv mmctype ext4;run trymmcallpartboot;fi
trymmckernboot=if run switchmmc; then if run kernload; then run kernboot;fi;fi
trymmckernbootz=if run switchmmc; then if run ftdload; then if run kernloadz; then run kernbootz;fi;fi;fi
trymmckerninitrdboot=if run switchmmc; then if run initrdload; then if run kernload; then run kerninitrdboot;fi;fi; fi
trymmcpartboot=setenv mmcscriptfile boot.scr; run trymmcscriptboot;setenv mmckernfile uImage; run trymmckernboot;run trymmckernbootz
trymmcscriptboot=if run switchmmc; then if run scriptload; then run scriptboot;fi;fi
usbcon=setenv con usbtty; run setcon
usbtty=cdc_acm
vendor=nokia
vgacon=setenv con vga; run setcon

Environment size: 3238/131068 bytes
Nokia RX-51 # 
- 16:27:36 [INFO] Host: setenv bootargs ''${bootargs}' root=/dev/mmcblk0p2 rw rootfstype=ext3 rootwait '
- 16:27:36 [INFO] Target: 
setenv bootargs ''${bootargs}' root=/dev/mmcblk0p2 rw rootfstype=ext3 rootwait '
Nokia RX-51 # 
- 16:27:36 [INFO] Host: printenv
- 16:27:37 [INFO] Target: 
printenv
arch=arm
attachboot=echo Booting attached kernel image ...;setenv setup_omap_atag 1;bootm ${attkernaddr};setenv setup_omap_atag
attkernaddr=0x8fe40800
autoload=no
baudrate=57600
board=rx51
board_name=rx51
bootargs=console=ttyO2,57600n8 vram=16M earlyprintk rootwait  ip=dhcp  root=/dev/mmcblk0p2 rw rootfstype=ext3 rootwait 
bootcmd=
bootdelay=3
bootm_size=0x08000000
bootmenu_0=Attached kernel=run attachboot
bootmenu_1=Internal eMMC=run emmcboot
bootmenu_2=External SD card=run sdboot
bootmenu_3=U-Boot boot order=boot
bootmenu_delay=30
cpu=armv7
dieid#=582a000400000000040366100301000d
emmcboot=setenv mmcnum 1; run trymmcboot
fdt_file=omap3-n900.dtb
fdtaddr=0x80F80000
fileload=${mmctype}load mmc ${mmcnum}:${mmcpart} ${loadaddr} ${mmcfile}
filesize=436ae6
ftdload=setenv loadaddr ${fdtaddr};setenv mmcfile ${fdt_file};run fileload
importbootenv=echo Importing environment from mmc${mmcdev} ...; env import -t ${loadaddr} ${filesize}
initrdaddr=0x84008000
initrdload=setenv loadaddr ${initrdaddr};setenv mmcfile ${mmcinitrdfile};run fileload
ipaddr=dhcp
kernaddr=0x82008000
kernboot=echo Booting ${mmckernfile} from mmc ${mmcnum}:${mmcpart} ...; bootm ${kernaddr}
kernbootz=echo Booting ${kernel_file}+${fdt_file} from mmc ${mmcnum}:${mmcpart} ...; bootz ${kernaddr} - ${fdtaddr}
kernel_file=zImage
kerninitrdboot=echo Booting ${mmckernfile} ${mmcinitrdfile} from mmc ${mmcnum}:${mmcpart} ...; bootm ${kernaddr} ${initrdaddr}
kernload=setenv loadaddr ${kernaddr};setenv mmcfile ${mmckernfile};run fileload
kernloadz=setenv loadaddr ${kernaddr};setenv mmcfile ${kernel_file};run fileload
loadaddr=0x82008000
loadbootenv=fatload mmc ${mmcnum} ${loadaddr} uEnv.txt
mem=260353k
menucmd=bootmenu
preboot=setenv loadaddr ${kernaddr};echo
scriptaddr=0x86008000
scriptboot=echo Running ${mmcscriptfile} from mmc ${mmcnum}:${mmcpart} ...; source ${scriptaddr}
scriptload=setenv loadaddr ${scriptaddr};setenv mmcfile ${mmcscriptfile};run fileload
sdboot=setenv mmcnum 0; run trymmcboot
sercon=setenv con serial; run setcon
serverip=128.247.105.47
setcon=setenv stdin ${con};setenv stdout ${con};setenv stderr ${con}
slide=gpio input 71
soc=omap3
stderr=serial
stdin=serial
stdout=serial
switchmmc=mmc dev ${mmcnum}
trymmcallpartboot=setenv mmcpart 1; run trymmcpartboot;setenv mmcpart 2; run trymmcpartboot;setenv mmcpart 3; run trymmcpartboot;setenv mmcpart 4; run trymmcpartboot
trymmcboot=if run switchmmc; then setenv mmctype fat;run trymmcallpartboot;setenv mmctype ext2;run trymmcallpartboot;setenv mmctype ext4;run trymmcallpartboot;fi
trymmckernboot=if run switchmmc; then if run kernload; then run kernboot;fi;fi
trymmckernbootz=if run switchmmc; then if run ftdload; then if run kernloadz; then run kernbootz;fi;fi;fi
trymmckerninitrdboot=if run switchmmc; then if run initrdload; then if run kernload; then run kerninitrdboot;fi;fi; fi
trymmcpartboot=setenv mmcscriptfile boot.scr; run trymmcscriptboot;setenv mmckernfile uImage; run trymmckernboot;run trymmckernbootz
trymmcscriptboot=if run switchmmc; then if run scriptload; then run scriptboot;fi;fi
usbcon=setenv con usbtty; run setcon
usbtty=cdc_acm
vendor=nokia
vgacon=setenv con vga; run setcon

Environment size: 3287/131068 bytes
Nokia RX-51 # 
- 16:27:37 [INFO] Host: setenv bootcmd ''${bootcmd}' if iminfo ${loadaddr}; then bootm ${loadaddr}  ; else bootz ${loadaddr}  ; bootm ${loadaddr}  ; fi'
- 16:27:38 [INFO] Target: 
setenv bootcmd ''${bootcmd}' if iminfo ${loadaddr}; then bootm ${loadaddr}  ; else bootz ${loadaddr}  ; bootm ${loadaddr}  ; fi'
Nokia RX-51 # 
- 16:27:38 [INFO] Host: bdinfo
- 16:27:38 [INFO] Target: 
bdinfo
arch_number = 0x000007A3
boot_params = 0x80000100
DRAM bank   = 0x00000000
-> start    = 0x80000000
-> size     = 0x10000000
DRAM bank   = 0x00000001
-> start    = 0x90000000
-> size     = 0x00000000
baudrate    = 57600 bps
TLB addr    = 0x8FE30000
relocaddr   = 0x8FDD1000
reloc off   = 0x0FDC9000
irq_sp      = 0x8FCF0F20
sp start    = 0x8FCF0F10
FB base     = 0x00000000
Nokia RX-51 # 
- 16:27:38 [INFO] Host: boot
- 16:30:09 [ERROR] On command: boot waiting for (?-mix:.*\s+login) >>> error: execution expired
- 16:30:09 [INFO] Target: 
boot
Unknown command 'iminfo' - try 'help'
Bad Linux ARM zImage magic!
## Booting kernel from Legacy Image at 82008000 ...
   Image Name:   Linux-3.16.0-rc6-00002-gaaee71c
   Image Type:   ARM Linux Kernel Image (uncompressed)
   Data Size:    4418214 Bytes = 4.2 MiB
   Load Address: 80800000
   Entry Point:  80800000
   Verifying Checksum ... OK
   Loading Kernel Image ... OK

Starting kernel ...

[    0.000000] Booting Linux on physical CPU 0x0
[    0.000000] Linux version 3.16.0-rc6-00002-gaaee71c (nmenon@kahuna) (gcc version 4.6.3 (Ubuntu/Linaro 4.6.3-1ubuntu5) ) #1 SMP Tue Jul 22 16:11:04 CDT 2014
[    0.000000] CPU: ARMv7 Processor [411fc083] revision 3 (ARMv7), cr=10c5387d
[    0.000000] CPU: PIPT / VIPT nonaliasing data cache, VIPT nonaliasing instruction cache
[    0.000000] Machine model: Nokia N900
[    0.000000] cma: CMA: reserved 16 MiB at 8e800000
[    0.000000] Memory policy: Data cache writeback
[    0.000000]   HighMem zone: 1048574 pages exceeds freesize 0
[    0.000000] CPU: All CPU(s) started in SVC mode.
[    0.000000] OMAP3430/3530 ES3.1 (l2cache iva sgx neon isp )
[    0.000000] PERCPU: Embedded 9 pages/cpu @cfc79000 s14336 r8192 d14336 u36864
[    0.000000] Built 1 zonelists in Zone order, mobility grouping on.  Total pages: 64768
[    0.000000] Kernel command line: console=ttyO2,57600n8 vram=16M earlyprintk rootwait  ip=dhcp  root=/dev/mmcblk0p2 rw rootfstype=ext3 rootwait 
[    0.000000] PID hash table entries: 1024 (order: 0, 4096 bytes)
[    0.000000] Dentry cache hash table entries: 32768 (order: 5, 131072 bytes)
[    0.000000] Inode-cache hash table entries: 16384 (order: 4, 65536 bytes)
[    0.000000] Memory: 224728K/261120K available (5653K kernel code, 681K rwdata, 2196K rodata, 402K init, 8209K bss, 36392K reserved, 0K highmem)
[    0.000000] Virtual kernel memory layout:
[    0.000000]     vector  : 0xffff0000 - 0xffff1000   (   4 kB)
[    0.000000]     fixmap  : 0xffc00000 - 0xffe00000   (2048 kB)
[    0.000000]     vmalloc : 0xd0800000 - 0xff000000   ( 744 MB)
[    0.000000]     lowmem  : 0xc0000000 - 0xd0000000   ( 256 MB)
[    0.000000]     pkmap   : 0xbfe00000 - 0xc0000000   (   2 MB)
[    0.000000]     modules : 0xbf000000 - 0xbfe00000   (  14 MB)
[    0.000000]       .text : 0xc0008000 - 0xc07b297c   (7851 kB)
[    0.000000]       .init : 0xc07b3000 - 0xc0817800   ( 402 kB)
[    0.000000]       .data : 0xc0818000 - 0xc08c25b0   ( 682 kB)
[    0.000000]        .bss : 0xc08c25b0 - 0xc10c6a98   (8210 kB)
[    0.000000] Hierarchical RCU implementation.
[    0.000000] 	RCU restricting CPUs from NR_CPUS=2 to nr_cpu_ids=1.
[    0.000000] RCU: Adjusting geometry for rcu_fanout_leaf=16, nr_cpu_ids=1
[    0.000000] NR_IRQS:16 nr_irqs:16 16
[    0.000000] IRQ: Found an INTC at 0xfa200000 (revision 4.0) with 96 interrupts
[    0.000000] Total of 96 interrupts on 1 active controller
[    0.000000] Clocking rate (Crystal/Core/MPU): 19.2/332/500 MHz
[    0.000000] OMAP clockevent source: timer1 at 32768 Hz
[    0.000030] sched_clock: 32 bits at 32kHz, resolution 30517ns, wraps every 65536000000000ns
[    0.000030] OMAP clocksource: 32k_counter at 32768 Hz
[    0.001525] Console: colour dummy device 80x30
[    0.001617] Lock dependency validator: Copyright (c) 2006 Red Hat, Inc., Ingo Molnar
[    0.001617] ... MAX_LOCKDEP_SUBCLASSES:  8
[    0.001647] ... MAX_LOCK_DEPTH:          48
[    0.001647] ... MAX_LOCKDEP_KEYS:        8191
[    0.001678] ... CLASSHASH_SIZE:          4096
[    0.001678] ... MAX_LOCKDEP_ENTRIES:     32768
[    0.001708] ... MAX_LOCKDEP_CHAINS:      65536
[    0.001708] ... CHAINHASH_SIZE:          32768
[    0.001739]  memory used by lock dependency info: 5167 kB
[    0.001739]  per task-struct memory footprint: 1152 bytes
[    0.001831] Calibrating delay loop... 496.43 BogoMIPS (lpj=2482176)
[    0.106903] pid_max: default: 32768 minimum: 301
[    0.107666] Security Framework initialized
[    0.107940] Mount-cache hash table entries: 1024 (order: 0, 4096 bytes)
[    0.107971] Mountpoint-cache hash table entries: 1024 (order: 0, 4096 bytes)
[    0.112396] CPU: Testing write buffer coherency: ok
[    0.114532] CPU0: thread -1, cpu 0, socket -1, mpidr 0
[    0.114776] Setting up static identity map for 0x8055bde8 - 0x8055be58
[    0.121734] Brought up 1 CPUs
[    0.121765] SMP: Total of 1 processors activated.
[    0.121795] CPU: All CPU(s) started in SVC mode.
[    0.127288] devtmpfs: initialized
[    0.142547] VFP support v0.3: implementor 41 architecture 3 part 30 variant c rev 1
[    0.252868] omap_hwmod: mcbsp2_sidetone using broken dt data from mcbsp
[    0.256011] omap_hwmod: mcbsp3_sidetone using broken dt data from mcbsp
[    0.339447] omap_hwmod: mcbsp2: cannot be enabled for reset (3)
[    0.361389] pinctrl core: initialized pinctrl subsystem
[    0.366485] regulator-dummy: no parameters
[    0.512634] NET: Registered protocol family 16
[    0.530090] DMA: preallocated 256 KiB pool for atomic coherent allocations
[    0.535064] cpuidle: using governor ladder
[    0.535125] cpuidle: using governor menu
[    0.538391] Reprogramming SDRC clock to 332000000 Hz
[    0.556823] OMAP GPIO hardware version 2.5
[    0.576232] irq: no irq domain found for /ocp/pinmux@48002030 !
[    0.577514] irq: no irq domain found for /ocp/pinmux@48002030 !
[    0.593292] platform 49022000.mcbsp: alias fck already exists
[    0.609741] omap-gpmc 6e000000.gpmc: GPMC revision 5.0
[    0.618377] RX-51: Not enabling ARM errata 430973 workaround
[    0.618408] Thumb binaries may crash randomly without this workaround
[    0.618408] RX-51: Registring OMAP3 HWRNG device
[    0.624053] No ATAGs?
[    0.624114] hw-breakpoint: debug architecture 0x4 unsupported.
[    0.629180] Reserving DMA channels 0 and 1 for HS ROM code
[    0.629211] OMAP DMA hardware revision 4.0
[    0.683471] edma-dma-engine edma-dma-engine.0: Can't allocate PaRAM dummy slot
[    0.683593] edma-dma-engine: probe of edma-dma-engine.0 failed with error -5
[    0.762145] omap-dma-engine 48056000.dma-controller: OMAP DMA engine driver
[    0.770996] SCSI subsystem initialized
[    0.772766] usbcore: registered new interface driver usbfs
[    0.773132] usbcore: registered new interface driver hub
[    0.773925] usbcore: registered new device driver usb
[    0.776306] omap_i2c 48070000.i2c: could not find pctldev for node /ocp/pinmux@48002030/pinmux_i2c1_pins, deferring probe
[    0.776367] platform 48070000.i2c: Driver omap_i2c requests probe deferral
[    0.776550] omap_i2c 48072000.i2c: could not find pctldev for node /ocp/pinmux@48002030/pinmux_i2c2_pins, deferring probe
[    0.776611] platform 48072000.i2c: Driver omap_i2c requests probe deferral
[    0.776763] omap_i2c 48060000.i2c: could not find pctldev for node /ocp/pinmux@48002030/pinmux_i2c3_pins, deferring probe
[    0.776794] platform 48060000.i2c: Driver omap_i2c requests probe deferral
[    0.789184] Switched to clocksource 32k_counter
[    1.153472] NET: Registered protocol family 2
[    1.156982] TCP established hash table entries: 2048 (order: 1, 8192 bytes)
[    1.157287] TCP bind hash table entries: 2048 (order: 4, 73728 bytes)
[    1.158630] TCP: Hash tables configured (established 2048 bind 2048)
[    1.158935] TCP: reno registered
[    1.158996] UDP hash table entries: 256 (order: 2, 20480 bytes)
[    1.159362] UDP-Lite hash table entries: 256 (order: 2, 20480 bytes)
[    1.161468] NET: Registered protocol family 1
[    1.164825] RPC: Registered named UNIX socket transport module.
[    1.164855] RPC: Registered udp transport module.
[    1.164886] RPC: Registered tcp transport module.
[    1.164886] RPC: Registered tcp NFSv4.1 backchannel transport module.
[    1.167663] hw perfevents: enabled with ARMv7 Cortex-A8 PMU driver, 5 counters available
[    1.178131] futex hash table entries: 256 (order: 2, 16384 bytes)
[    1.188446] VFS: Disk quotas dquot_6.5.2
[    1.188720] Dquot-cache hash table entries: 1024 (order 0, 4096 bytes)
[    1.193328] NFS: Registering the id_resolver key type
[    1.194061] Key type id_resolver registered
[    1.194091] Key type id_legacy registered
[    1.194366] jffs2: version 2.2. (NAND) (SUMMARY)   2001-2006 Red Hat, Inc.
[    1.195617] msgmni has been set to 470
[    1.206481] io scheduler noop registered
[    1.206512] io scheduler deadline registered
[    1.206695] io scheduler cfq registered (default)
[    1.211700] pinctrl-single 48002030.pinmux: 284 pins at pa fa002030 size 568
[    1.212738] pinctrl-single 48002a00.pinmux: 46 pins at pa fa002a00 size 92
[    1.213928] pinctrl-single 480025d8.pinmux: 18 pins at pa fa0025d8 size 36
[    1.218994] pbias_mmc_omap2430: 1800 <--> 3000 mV at 3000 mV 
[    1.222564] Serial: 8250/16550 driver, 4 ports, IRQ sharing enabled
[    1.239593] 4806c000.serial: ttyO1 at MMIO 0x4806c000 (irq = 89, base_baud = 3000000) is a OMAP UART1
[    1.244781] 49020000.serial: ttyO2 at MMIO 0x49020000 (irq = 90, base_baud = 3000000) is a OMAP UART2
[    2.814331] console [ttyO2] enabled
[    2.828155] omap3_rom_rng: initializing
[    2.897033] brd: module loaded
[    2.935485] loop: module loaded
[    2.948120] mtdoops: mtd device (mtddev=name/number) must be supplied
[    2.963531] omap2-onenand omap2-onenand: initializing on CS0, phys base 0x01000000, virtual base d0880000, freq 83 MHz
[    2.985870] Muxed OneNAND 256MB 1.8V 16-bit (0x40)
[    2.995849] OneNAND version = 0x0031
[    3.005432] Scanning device for bad blocks
[    3.178833] 6 ofpart partitions found on MTD device omap2-onenand
[    3.191711] Creating 6 MTD partitions on "omap2-onenand":
[    3.203033] 0x000000000000-0x000000020000 : "bootloader"
[    3.228271] 0x000000020000-0x000000080000 : "config"
[    3.250366] 0x000000080000-0x0000000c0000 : "log"
[    3.268646] 0x0000000c0000-0x0000002c0000 : "kernel"
[    3.290283] 0x0000002c0000-0x0000004c0000 : "initfs"
[    3.308715] 0x0000004c0000-0x000010000000 : "rootfs"
[    3.337127] ------------[ cut here ]------------
[    3.346893] WARNING: CPU: 0 PID: 1 at kernel/locking/mutex.c:826 mutex_trylock+0x1ac/0x204()
[    3.364379] DEBUG_LOCKS_WARN_ON(in_interrupt())
[    3.373443] Modules linked in:
[    3.380218] CPU: 0 PID: 1 Comm: swapper/0 Not tainted 3.16.0-rc6-00002-gaaee71c #1
[    3.395965] [<c0014d10>] (unwind_backtrace) from [<c0011978>] (show_stack+0x10/0x14)
[    3.412078] [<c0011978>] (show_stack) from [<c0553b60>] (dump_stack+0x78/0x94)
[    3.427093] [<c0553b60>] (dump_stack) from [<c00406e8>] (warn_slowpath_common+0x6c/0x8c)
[    3.443908] [<c00406e8>] (warn_slowpath_common) from [<c004079c>] (warn_slowpath_fmt+0x30/0x40)
[    3.461975] [<c004079c>] (warn_slowpath_fmt) from [<c055629c>] (mutex_trylock+0x1ac/0x204)
[    3.479156] [<c055629c>] (mutex_trylock) from [<c046d964>] (clk_prepare_lock+0xc/0xe4)
[    3.495605] [<c046d964>] (clk_prepare_lock) from [<c046f398>] (clk_unprepare+0x18/0x28)
[    3.512237] [<c046f398>] (clk_unprepare) from [<c0355d70>] (omap3_rom_rng_idle+0x38/0x58)
[    3.529235] [<c0355d70>] (omap3_rom_rng_idle) from [<c004b5f8>] (call_timer_fn+0x84/0x194)
[    3.546386] [<c004b5f8>] (call_timer_fn) from [<c004c1a0>] (run_timer_softirq+0x238/0x2d0)
[    3.563568] [<c004c1a0>] (run_timer_softirq) from [<c0044bf8>] (__do_softirq+0xc0/0x32c)
[    3.580383] [<c0044bf8>] (__do_softirq) from [<c0045138>] (irq_exit+0xa8/0xfc)
[    3.595397] [<c0045138>] (irq_exit) from [<c000ee8c>] (handle_IRQ+0x50/0xac)
[    3.610046] [<c000ee8c>] (handle_IRQ) from [<c0008680>] (omap3_intc_handle_irq+0x80/0x9c)
[    3.627044] [<c0008680>] (omap3_intc_handle_irq) from [<c055a0e4>] (__irq_svc+0x44/0x5c)
[    3.643829] Exception stack(0xce05bc60 to 0xce05bca8)
[    3.654327] bc60: 00000001 ce059088 00000000 ce058b00 60000113 ce095120 00000000 60000113
[    3.671295] bc80: 00000001 cfc7bfc0 c08217e4 ce05bce4 00000120 ce05bca8 c00864ec c0559af0
[    3.688262] bca0: 20000113 ffffffff
[    3.695556] [<c055a0e4>] (__irq_svc) from [<c0559af0>] (_raw_spin_unlock_irqrestore+0x34/0x44)
[    3.713439] [<c0559af0>] (_raw_spin_unlock_irqrestore) from [<c006d78c>] (try_to_wake_up+0x210/0x354)
[    3.732604] [<c006d78c>] (try_to_wake_up) from [<c035f7bc>] (devtmpfs_create_node+0xc0/0xf8)
[    3.750152] [<c035f7bc>] (devtmpfs_create_node) from [<c0359150>] (device_add+0x1ec/0x4dc)
[    3.767303] [<c0359150>] (device_add) from [<c03594d8>] (device_create_groups_vargs+0x98/0xcc)
[    3.785217] [<c03594d8>] (device_create_groups_vargs) from [<c0359560>] (device_create_vargs+0x24/0x2c)
[    3.804718] [<c0359560>] (device_create_vargs) from [<c0359588>] (device_create+0x20/0x28)
[    3.821868] [<c0359588>] (device_create) from [<c0392b90>] (add_mtd_device+0x134/0x274)
[    3.838500] [<c0392b90>] (add_mtd_device) from [<c0395c08>] (add_mtd_partitions+0x98/0xd4)
[    3.855682] [<c0395c08>] (add_mtd_partitions) from [<c0392d58>] (mtd_device_parse_register+0x88/0xc0)
[    3.874816] [<c0392d58>] (mtd_device_parse_register) from [<c03b275c>] (omap2_onenand_probe+0x28c/0x4a0)
[    3.894500] [<c03b275c>] (omap2_onenand_probe) from [<c035d1e8>] (platform_drv_probe+0x18/0x48)
[    3.912567] [<c035d1e8>] (platform_drv_probe) from [<c035b72c>] (driver_probe_device+0x10c/0x234)
[    3.930999] [<c035b72c>] (driver_probe_device) from [<c035b8e8>] (__driver_attach+0x94/0x98)
[    3.948516] [<c035b8e8>] (__driver_attach) from [<c035a09c>] (bus_for_each_dev+0x54/0x88)
[    3.965515] [<c035a09c>] (bus_for_each_dev) from [<c035af1c>] (bus_add_driver+0xdc/0x1d4)
[    3.982482] [<c035af1c>] (bus_add_driver) from [<c035c0a0>] (driver_register+0x78/0xf4)
[    3.999114] [<c035c0a0>] (driver_register) from [<c0008984>] (do_one_initcall+0x80/0x1cc)
[    4.016113] [<c0008984>] (do_one_initcall) from [<c07b3ca4>] (kernel_init_freeable+0xfc/0x1cc)
[    4.033996] [<c07b3ca4>] (kernel_init_freeable) from [<c054e5dc>] (kernel_init+0x8/0xe4)
[    4.050811] [<c054e5dc>] (kernel_init) from [<c000e628>] (ret_from_fork+0x14/0x2c)
[    4.066558] ---[ end trace 651119f852c41454 ]---
[    4.204376] usbcore: registered new interface driver asix
[    4.216033] usbcore: registered new interface driver ax88179_178a
[    4.228942] usbcore: registered new interface driver cdc_ether
[    4.241363] usbcore: registered new interface driver smsc95xx
[    4.253509] usbcore: registered new interface driver net1080
[    4.265472] usbcore: registered new interface driver cdc_subset
[    4.277984] usbcore: registered new interface driver zaurus
[    4.289886] usbcore: registered new interface driver cdc_ncm
[    4.303100] usbcore: registered new interface driver cdc_wdm
[    4.315429] usbcore: registered new interface driver usb-storage
[    4.328247] usbcore: registered new interface driver usbtest
[    4.342742] mousedev: PS/2 mouse device common for all mice
[    4.357513] i2c /dev entries driver
[    4.364868] Driver for 1-wire Dallas network protocol.
[    4.378692] omap_wdt: OMAP Watchdog Timer Rev 0x31: initial timeout 60 sec
[    4.395446] of_get_named_gpiod_flags exited with status 0
[    4.406738] of_get_named_gpiod_flags: can't parse gpios property of node '/ocp/mmc@4809c000[0]'
[    4.425689] omap_hsmmc 4809c000.mmc: unable to get vmmc regulator -517
[    4.439544] platform 4809c000.mmc: Driver omap_hsmmc requests probe deferral
[    4.454528] of_get_named_gpiod_flags: can't parse gpios property of node '/ocp/mmc@480b4000[0]'
[    4.472625] of_get_named_gpiod_flags: can't parse gpios property of node '/ocp/mmc@480b4000[0]'
[    4.491271] omap_hsmmc 480b4000.mmc: unable to get vmmc regulator -517
[    4.505035] platform 480b4000.mmc: Driver omap_hsmmc requests probe deferral
[    4.520660] of_get_named_gpiod_flags exited with status 0
[    4.531982] of_get_named_gpiod_flags exited with status 0
[    4.544006] ledtrig-cpu: registered to indicate activity on CPUs
[    4.557403] usbcore: registered new interface driver usbhid
[    4.569000] usbhid: USB HID core driver
[    4.579101] oprofile: using arm/armv7
[    4.587310] TCP: cubic registered
[    4.594177] Initializing XFRM netlink socket
[    4.603149] NET: Registered protocol family 17
[    4.612487] NET: Registered protocol family 15
[    4.622070] Key type dns_resolver registered
[    4.631347] omap2_set_init_voltage: unable to find boot up OPP for vdd_mpu_iva
[    4.646392] omap2_set_init_voltage: unable to set vdd_mpu_iva
[    4.658355] omap2_set_init_voltage: unable to find boot up OPP for vdd_core
[    4.672821] omap2_set_init_voltage: unable to set vdd_core
[    4.691986] ThumbEE CPU extension supported.
[    4.700988] Registering SWP/SWPB emulation handler
[    4.710998] SmartReflex Class3 initialized
[    4.761840] twl 0-0048: PIH (irq 23) chaining IRQs 340..348
[    4.773803] twl 0-0048: power (irq 345) chaining IRQs 348..355
[    4.788818] twl_rtc 48070000.i2c:twl@48:rtc: Enabling TWL-RTC
[    4.807281] twl_rtc 48070000.i2c:twl@48:rtc: rtc core: registered 48070000.i2c:twl@48 as rtc0
[    4.833190] V28: 2800 mV 
[    4.841857] VCSI: 1800 mV 
[    4.850708] VMMC2_30: 2800 <--> 3000 mV at 2800 mV 
[    4.864196] VCAM_ANA_28: 2800 mV 
[    4.874359] VDD1: 600 <--> 1450 mV at 1200 mV 
[    4.887054] VDAC: 1800 mV 
[    4.897979] VIO: 1800 mV 
[    4.907348] VINTANA1: 1500 mV 
[    4.917541] VINTANA2: 2750 mV 
[    4.927947] VINTDIG: 1500 mV 
[    4.936950] VMMC1: 1850 <--> 3150 mV at 3000 mV 
[    4.950866] V28_A: 2800 <--> 3000 mV at 2600 mV 
[    4.962646] VUSB1V5: 1500 mV 
[    4.970886] VUSB1V8: 1800 mV 
[    4.979034] VUSB3V1: 3100 mV 
[    4.989166] VPLL: 1800 mV 
[    4.999664] VSDI_CSI: 1800 mV 
[    5.008972] VMMC2_IO_18: 1800 mV 
[    5.018554] twl4030_gpio twl4030-gpio: gpio (irq 340) chaining IRQs 356..373
[    5.034362] gpiochip_find_base: found new base at 494
[    5.045532] gpiochip_add: registered GPIOs 494 to 511 on device: twl4030
[    5.066040] input: twl4030_pwrbutton as /devices/68000000.ocp/48070000.i2c/i2c-0/0-0048/48070000.i2c:twl@48:pwrbutton/input/input0
[    5.093078] input: TWL4030 Keypad as /devices/68000000.ocp/48070000.i2c/i2c-0/0-0048/48070000.i2c:twl@48:keypad/input/input1
[    5.175537] omap_i2c 48070000.i2c: bus 0 rev3.3 at 2200 kHz
[    5.199615] omap_i2c 48072000.i2c: bus 1 rev3.3 at 100 kHz
[    5.214080] omap_i2c 48060000.i2c: bus 2 rev3.3 at 400 kHz
[    5.226531] of_get_named_gpiod_flags exited with status 0
[    5.237884] of_get_named_gpiod_flags: can't parse gpios property of node '/ocp/mmc@4809c000[0]'
[    5.296478] of_get_named_gpiod_flags: can't parse gpios property of node '/ocp/mmc@480b4000[0]'
[    5.314605] of_get_named_gpiod_flags: can't parse gpios property of node '/ocp/mmc@480b4000[0]'
[    5.378295] of_get_named_gpiod_flags exited with status 0
[    5.389739] of_get_named_gpiod_flags exited with status 0
[    5.401062] of_get_named_gpiod_flags exited with status 0
[    5.412353] of_get_named_gpiod_flags exited with status 0
[    5.423645] of_get_named_gpiod_flags exited with status 0
[    5.434906] of_get_named_gpiod_flags exited with status 0
[    5.448364] input: gpio_keys as /devices/gpio_keys/input/input2
[    5.469421] twl_rtc 48070000.i2c:twl@48:rtc: setting system clock to 2014-07-02 03:50:11 UTC (1404273011)
[    5.489440] sr_init: No PMIC hook to init smartreflex
[    5.500457] smartreflex smartreflex.0: omap_sr_probe: SmartReflex driver initialized
[    5.517395] smartreflex smartreflex.1: omap_sr_probe: SmartReflex driver initialized
[    5.762573] mmc1: switch to bus width 2 failed
[    5.772857] mmc1: switch to bus width 1 failed
[    5.782165] mmc1: new high speed MMC card at address 0001
[    5.795501] mmcblk0: mmc1:0001 MMC32G 29.8 GiB 
[    5.805541] mmcblk0boot0: mmc1:0001 MMC32G partition 1 512 KiB
[    5.818267] mmcblk0boot1: mmc1:0001 MMC32G partition 2 512 KiB
[    5.834197]  mmcblk0: unknown partition table
[    5.847991]  mmcblk0boot1: unknown partition table
[    5.862396]  mmcblk0boot0: unknown partition table
[   17.696350] VUSB3V1: disabling
[   17.707183] VFS: Cannot open root device "mmcblk0p2" or unknown-block(179,2): error -6
[   17.723754] Please append a correct "root=" boot option; here are the available partitions:
[   17.741180] 1f00             128 mtdblock0  (driver?)
[   17.751708] 1f01             384 mtdblock1  (driver?)
[   17.762237] 1f02             256 mtdblock2  (driver?)
[   17.772766] 1f03            2048 mtdblock3  (driver?)
[   17.783294] 1f04            2048 mtdblock4  (driver?)
[   17.793823] 1f05          257280 mtdblock5  (driver?)
[   17.804351] b300        31264768 mmcblk0  driver: mmcblk
[   17.815490] b310             512 mmcblk0boot1  (driver?)
[   17.826538] b308             512 mmcblk0boot0  (driver?)
[   17.837615] Kernel panic - not syncing: VFS: Unable to mount root fs on unknown-block(179,2)
[   17.855133] ---[ end Kernel panic - not syncing: VFS: Unable to mount root fs on unknown-block(179,2)

