- 05:50:07 [INFO] Starting target session
- 05:50:08 [INFO] Connected to n900 via serial 
- 05:50:08 [INFO] Host: #check prompt
- 05:50:10 [ERROR] On command: #check prompt waiting for (?-mix:((?-mix:.*\s+login)|[Pp]assword)) >>> error: execution expired
- 05:50:10 [INFO] Target: 
- 05:50:10 [INFO] Host: #check prompt
- 05:50:12 [ERROR] On command: #check prompt waiting for (?m-ix:root.*#) >>> error: execution expired
- 05:50:12 [INFO] Target: 
- 05:50:12 [INFO] Disconnected serial from n900
- 05:50:35 [INFO] Connected to n900 via serial 
- 05:50:35 [INFO] Host: 
- 05:50:36 [ERROR] On command:  waiting for (?-mix:Nokia\sRX-51\s#\s) >>> error: execution expired
- 05:50:36 [INFO] Target: 
Timed out in wait_for_event: status=0000
Check if pads/pull-ups of bus 1 are properly configured
Timed out in wait_for_event: status=0000
Check if pads/pull-ups of bus 1 are properly configured
Timed out in wait_for_event: status=0000
Check if pads/pull-ups of bus 1 are properly configured
- 05:50:36 [INFO] Host: 
- 05:50:37 [ERROR] On command:  waiting for (?-mix:Nokia\sRX-51\s#\s) >>> error: execution expired
- 05:50:37 [INFO] Target: 
Timed out in wait_for_event: status=0000
Check if pads/pull-ups of bus 1 are properly configured
Timed out in wait_for_event: status=0000
Check if pads/pull-ups of bus 1 are properly configured
Timed out in wait_for_event: status=0000
Check if pads/pull-ups of bus 1 are properly configured
- 05:50:37 [INFO] Host: 
- 05:50:37 [ERROR] On command:  waiting for (?-mix:Nokia\sRX-51\s#\s) >>> error: execution expired
- 05:50:37 [INFO] Target: 
Timed out in wait_for_event: status=0000
Check if pads/pull-ups of bus 1 are properly configured
Timed out in wait_for_event: status=0000
Check if pads/pull-ups of bus 1 are properly configured
Timed out in wait_for_event: status=0000
Check if pads/pull-ups of bus 1 are properly configured
- 05:50:37 [INFO] Host: 
- 05:50:38 [ERROR] On command:  waiting for (?-mix:Nokia\sRX-51\s#\s) >>> error: execution expired
- 05:50:38 [INFO] Target: 
Timed out in wait_for_event: status=0000
Check if pads/pull-ups of bus 1 are properly configured
Timed out in wait_for_event: status=0000
Check if pads/pull-ups of bus 1 are properly configured
Timed out in wait_for_event: status=0000
Check if pads/pull-ups of bus 1 are properly configured
i2c_read (addr phase): pads on bus 1 probably not configured (status=0x10)
- 05:50:38 [INFO] Host: 
- 05:50:38 [INFO] Target: 
last byte!
Die ID #582a000400000000040366100301000d
OMAP3530-HS ES3.1, CPU-OPP2, L3-165MHz, Max CPU Clock 600 MHz
Hit any key to stop autoboot:  3  0 
Nokia RX-51 # 
Nokia RX-51 # 
Nokia RX-51 # 
Nokia RX-51 # 
Nokia RX-51 # 
- 05:50:38 [INFO] Host: 
- 05:50:39 [INFO] Target: 
Nokia RX-51 # 
- 05:50:39 [INFO] Host: version
- 05:50:40 [INFO] Target: 
version
U-Boot 2014.04-00073-g4fa5b9e (Apr 22 2014 - 14:37:10)
arm-linux-gnueabi-gcc (Ubuntu/Linaro 4.6.3-1ubuntu5) 4.6.3
GNU ld (GNU Binutils for Ubuntu) 2.22
Nokia RX-51 # 
- 05:50:40 [INFO] Host: setenv bootargs 'console=ttyO2,57600n8 vram=16M earlyprintk rootwait '
- 05:50:40 [INFO] Target: 
setenv bootargs 'console=ttyO2,57600n8 vram=16M earlyprintk rootwait '
Nokia RX-51 # 
- 05:50:40 [INFO] Host: setenv bootcmd  ''
- 05:50:41 [INFO] Target: 
setenv bootcmd  ''
Nokia RX-51 # 
- 05:50:41 [INFO] Host: setenv autoload 'no'
- 05:50:41 [INFO] Target: 
setenv autoload 'no'
Nokia RX-51 # 
- 05:50:41 [INFO] Host: setenv serverip '128.247.105.47'
- 05:50:42 [INFO] Target: 
setenv serverip '128.247.105.47'
Nokia RX-51 # 
- 05:50:42 [INFO] Host: printenv
- 05:50:43 [INFO] Target: 
printenv
arch=arm
attachboot=echo Booting attached kernel image ...;setenv setup_omap_atag 1;bootm ${attkernaddr};setenv setup_omap_atag
attkernaddr=0x8fe40800
autoload=no
baudrate=57600
board=rx51
board_name=rx51
bootargs=console=ttyO2,57600n8 vram=16M earlyprintk rootwait 
bootcmd=
bootdelay=3
bootm_size=0x08000000
bootmenu_0=Attached kernel=run attachboot
bootmenu_1=Internal eMMC=run emmcboot
bootmenu_2=External SD card=run sdboot
bootmenu_3=U-Boot boot order=boot
bootmenu_delay=30
cpu=armv7
dieid#=582a000400000000040366100301000d
emmcboot=setenv mmcnum 1; run trymmcboot
fdt_file=omap3-n900.dtb
fdtaddr=0x80F80000
fileload=${mmctype}load mmc ${mmcnum}:${mmcpart} ${loadaddr} ${mmcfile}
ftdload=setenv loadaddr ${fdtaddr};setenv mmcfile ${fdt_file};run fileload
importbootenv=echo Importing environment from mmc${mmcdev} ...; env import -t ${loadaddr} ${filesize}
initrdaddr=0x84008000
initrdload=setenv loadaddr ${initrdaddr};setenv mmcfile ${mmcinitrdfile};run fileload
kernaddr=0x82008000
kernboot=echo Booting ${mmckernfile} from mmc ${mmcnum}:${mmcpart} ...; bootm ${kernaddr}
kernbootz=echo Booting ${kernel_file}+${fdt_file} from mmc ${mmcnum}:${mmcpart} ...; bootz ${kernaddr} - ${fdtaddr}
kernel_file=zImage
kerninitrdboot=echo Booting ${mmckernfile} ${mmcinitrdfile} from mmc ${mmcnum}:${mmcpart} ...; bootm ${kernaddr} ${initrdaddr}
kernload=setenv loadaddr ${kernaddr};setenv mmcfile ${mmckernfile};run fileload
kernloadz=setenv loadaddr ${kernaddr};setenv mmcfile ${kernel_file};run fileload
loadaddr=0x82008000
loadbootenv=fatload mmc ${mmcnum} ${loadaddr} uEnv.txt
mem=260353k
menucmd=bootmenu
preboot=setenv loadaddr ${kernaddr};echo
scriptaddr=0x86008000
scriptboot=echo Running ${mmcscriptfile} from mmc ${mmcnum}:${mmcpart} ...; source ${scriptaddr}
scriptload=setenv loadaddr ${scriptaddr};setenv mmcfile ${mmcscriptfile};run fileload
sdboot=setenv mmcnum 0; run trymmcboot
sercon=setenv con serial; run setcon
serverip=128.247.105.47
setcon=setenv stdin ${con};setenv stdout ${con};setenv stderr ${con}
slide=gpio input 71
soc=omap3
stderr=serial
stdin=serial
stdout=serial
switchmmc=mmc dev ${mmcnum}
trymmcallpartboot=setenv mmcpart 1; run trymmcpartboot;setenv mmcpart 2; run trymmcpartboot;setenv mmcpart 3; run trymmcpartboot;setenv mmcpart 4; run trymmcpartboot
trymmcboot=if run switchmmc; then setenv mmctype fat;run trymmcallpartboot;setenv mmctype ext2;run trymmcallpartboot;setenv mmctype ext4;run trymmcallpartboot;fi
trymmckernboot=if run switchmmc; then if run kernload; then run kernboot;fi;fi
trymmckernbootz=if run switchmmc; then if run ftdload; then if run kernloadz; then run kernbootz;fi;fi;fi
trymmckerninitrdboot=if run switchmmc; then if run initrdload; then if run kernload; then run kerninitrdboot;fi;fi; fi
trymmcpartboot=setenv mmcscriptfile boot.scr; run trymmcscriptboot;setenv mmckernfile uImage; run trymmckernboot;run trymmckernbootz
trymmcscriptboot=if run switchmmc; then if run scriptload; then run scriptboot;fi;fi
usbcon=setenv con usbtty; run setcon
usbtty=cdc_acm
vendor=nokia
vgacon=setenv con vga; run setcon
Environment size: 3197/131068 bytes
Nokia RX-51 # 
- 05:50:43 [INFO] Host: printenv
- 05:50:44 [INFO] Target: 
printenv
arch=arm
attachboot=echo Booting attached kernel image ...;setenv setup_omap_atag 1;bootm ${attkernaddr};setenv setup_omap_atag
attkernaddr=0x8fe40800
autoload=no
baudrate=57600
board=rx51
board_name=rx51
bootargs=console=ttyO2,57600n8 vram=16M earlyprintk rootwait 
bootcmd=
bootdelay=3
bootm_size=0x08000000
bootmenu_0=Attached kernel=run attachboot
bootmenu_1=Internal eMMC=run emmcboot
bootmenu_2=External SD card=run sdboot
bootmenu_3=U-Boot boot order=boot
bootmenu_delay=30
cpu=armv7
dieid#=582a000400000000040366100301000d
emmcboot=setenv mmcnum 1; run trymmcboot
fdt_file=omap3-n900.dtb
fdtaddr=0x80F80000
fileload=${mmctype}load mmc ${mmcnum}:${mmcpart} ${loadaddr} ${mmcfile}
ftdload=setenv loadaddr ${fdtaddr};setenv mmcfile ${fdt_file};run fileload
importbootenv=echo Importing environment from mmc${mmcdev} ...; env import -t ${loadaddr} ${filesize}
initrdaddr=0x84008000
initrdload=setenv loadaddr ${initrdaddr};setenv mmcfile ${mmcinitrdfile};run fileload
kernaddr=0x82008000
kernboot=echo Booting ${mmckernfile} from mmc ${mmcnum}:${mmcpart} ...; bootm ${kernaddr}
kernbootz=echo Booting ${kernel_file}+${fdt_file} from mmc ${mmcnum}:${mmcpart} ...; bootz ${kernaddr} - ${fdtaddr}
kernel_file=zImage
kerninitrdboot=echo Booting ${mmckernfile} ${mmcinitrdfile} from mmc ${mmcnum}:${mmcpart} ...; bootm ${kernaddr} ${initrdaddr}
kernload=setenv loadaddr ${kernaddr};setenv mmcfile ${mmckernfile};run fileload
kernloadz=setenv loadaddr ${kernaddr};setenv mmcfile ${kernel_file};run fileload
loadaddr=0x82008000
loadbootenv=fatload mmc ${mmcnum} ${loadaddr} uEnv.txt
mem=260353k
menucmd=bootmenu
preboot=setenv loadaddr ${kernaddr};echo
scriptaddr=0x86008000
scriptboot=echo Running ${mmcscriptfile} from mmc ${mmcnum}:${mmcpart} ...; source ${scriptaddr}
scriptload=setenv loadaddr ${scriptaddr};setenv mmcfile ${mmcscriptfile};run fileload
sdboot=setenv mmcnum 0; run trymmcboot
sercon=setenv con serial; run setcon
serverip=128.247.105.47
setcon=setenv stdin ${con};setenv stdout ${con};setenv stderr ${con}
slide=gpio input 71
soc=omap3
stderr=serial
stdin=serial
stdout=serial
switchmmc=mmc dev ${mmcnum}
trymmcallpartboot=setenv mmcpart 1; run trymmcpartboot;setenv mmcpart 2; run trymmcpartboot;setenv mmcpart 3; run trymmcpartboot;setenv mmcpart 4; run trymmcpartboot
trymmcboot=if run switchmmc; then setenv mmctype fat;run trymmcallpartboot;setenv mmctype ext2;run trymmcallpartboot;setenv mmctype ext4;run trymmcallpartboot;fi
trymmckernboot=if run switchmmc; then if run kernload; then run kernboot;fi;fi
trymmckernbootz=if run switchmmc; then if run ftdload; then if run kernloadz; then run kernbootz;fi;fi;fi
trymmckerninitrdboot=if run switchmmc; then if run initrdload; then if run kernload; then run kerninitrdboot;fi;fi; fi
trymmcpartboot=setenv mmcscriptfile boot.scr; run trymmcscriptboot;setenv mmckernfile uImage; run trymmckernboot;run trymmckernbootz
trymmcscriptboot=if run switchmmc; then if run scriptload; then run scriptboot;fi;fi
usbcon=setenv con usbtty; run setcon
usbtty=cdc_acm
vendor=nokia
vgacon=setenv con vga; run setcon
Environment size: 3197/131068 bytes
Nokia RX-51 # 
- 05:50:44 [INFO] Host: setenv bootargs ''${bootargs}' ip=dhcp '
- 05:50:45 [INFO] Target: 
setenv bootargs ''${bootargs}' ip=dhcp '
Nokia RX-51 # 
- 05:50:45 [INFO] Host: setenv serverip '128.247.105.47'
- 05:50:45 [INFO] Target: 
setenv serverip '128.247.105.47'
Nokia RX-51 # 
- 05:50:45 [INFO] Host: setenv ipaddr dhcp
- 05:50:46 [INFO] Target: 
setenv ipaddr dhcp
Nokia RX-51 # 
- 05:50:46 [INFO] Host: setenv autoload 'no'
- 05:50:46 [INFO] Target: 
setenv autoload 'no'
Nokia RX-51 # 
- 05:50:46 [INFO] Host: dhcp
- 05:50:47 [INFO] Target: 
dhcp
Unknown command 'dhcp' - try 'help'
Nokia RX-51 # 
- 05:50:48 [INFO] Disconnected serial from n900
- 06:04:36 [INFO] Connected to n900 via serial 
- 06:04:36 [INFO] Host: ls mmc 0:1
- 06:04:36 [INFO] Target: 
## Total Size      = 0x00440cb6 = 4459702 Bytes
Nokia RX-51 # ls mmc 0:1
Unknown command 'ls' - try 'help'
Nokia RX-51 # 
- 06:04:36 [INFO] Host: ls mmc 0:2
- 06:04:37 [INFO] Target: 
ls mmc 0:2
Unknown command 'ls' - try 'help'
Nokia RX-51 # 
- 06:04:37 [INFO] Host: ls mmc 0:3
- 06:04:38 [INFO] Target: 
ls mmc 0:3
Unknown command 'ls' - try 'help'
Nokia RX-51 # 
- 06:04:38 [INFO] Host: ls mmc 0:4
- 06:04:38 [INFO] Target: 
ls mmc 0:4
Unknown command 'ls' - try 'help'
Nokia RX-51 # 
- 06:04:38 [INFO] Host: ls mmc 0:5
- 06:04:39 [INFO] Target: 
ls mmc 0:5
Unknown command 'ls' - try 'help'
Nokia RX-51 # 
- 06:04:39 [INFO] Host: part uuid mmc 0:
- 06:04:39 [INFO] Target: 
part uuid mmc 0:
Unknown command 'part' - try 'help'
Nokia RX-51 # 
- 06:04:39 [INFO] Host: printenv
- 06:04:40 [INFO] Target: 
printenv
arch=arm
attachboot=echo Booting attached kernel image ...;setenv setup_omap_atag 1;bootm ${attkernaddr};setenv setup_omap_atag
attkernaddr=0x8fe40800
autoload=no
baudrate=57600
board=rx51
board_name=rx51
bootargs=console=ttyO2,57600n8 vram=16M earlyprintk rootwait  ip=dhcp 
bootcmd=
bootdelay=3
bootm_size=0x08000000
bootmenu_0=Attached kernel=run attachboot
bootmenu_1=Internal eMMC=run emmcboot
bootmenu_2=External SD card=run sdboot
bootmenu_3=U-Boot boot order=boot
bootmenu_delay=30
cpu=armv7
dieid#=582a000400000000040366100301000d
emmcboot=setenv mmcnum 1; run trymmcboot
fdt_file=omap3-n900.dtb
fdtaddr=0x80F80000
fileload=${mmctype}load mmc ${mmcnum}:${mmcpart} ${loadaddr} ${mmcfile}
filesize=440cb6
ftdload=setenv loadaddr ${fdtaddr};setenv mmcfile ${fdt_file};run fileload
importbootenv=echo Importing environment from mmc${mmcdev} ...; env import -t ${loadaddr} ${filesize}
initrdaddr=0x84008000
initrdload=setenv loadaddr ${initrdaddr};setenv mmcfile ${mmcinitrdfile};run fileload
ipaddr=dhcp
kernaddr=0x82008000
kernboot=echo Booting ${mmckernfile} from mmc ${mmcnum}:${mmcpart} ...; bootm ${kernaddr}
kernbootz=echo Booting ${kernel_file}+${fdt_file} from mmc ${mmcnum}:${mmcpart} ...; bootz ${kernaddr} - ${fdtaddr}
kernel_file=zImage
kerninitrdboot=echo Booting ${mmckernfile} ${mmcinitrdfile} from mmc ${mmcnum}:${mmcpart} ...; bootm ${kernaddr} ${initrdaddr}
kernload=setenv loadaddr ${kernaddr};setenv mmcfile ${mmckernfile};run fileload
kernloadz=setenv loadaddr ${kernaddr};setenv mmcfile ${kernel_file};run fileload
loadaddr=0x82008000
loadbootenv=fatload mmc ${mmcnum} ${loadaddr} uEnv.txt
mem=260353k
menucmd=bootmenu
preboot=setenv loadaddr ${kernaddr};echo
scriptaddr=0x86008000
scriptboot=echo Running ${mmcscriptfile} from mmc ${mmcnum}:${mmcpart} ...; source ${scriptaddr}
scriptload=setenv loadaddr ${scriptaddr};setenv mmcfile ${mmcscriptfile};run fileload
sdboot=setenv mmcnum 0; run trymmcboot
sercon=setenv con serial; run setcon
serverip=128.247.105.47
setcon=setenv stdin ${con};setenv stdout ${con};setenv stderr ${con}
slide=gpio input 71
soc=omap3
stderr=serial
stdin=serial
stdout=serial
switchmmc=mmc dev ${mmcnum}
trymmcallpartboot=setenv mmcpart 1; run trymmcpartboot;setenv mmcpart 2; run trymmcpartboot;setenv mmcpart 3; run trymmcpartboot;setenv mmcpart 4; run trymmcpartboot
trymmcboot=if run switchmmc; then setenv mmctype fat;run trymmcallpartboot;setenv mmctype ext2;run trymmcallpartboot;setenv mmctype ext4;run trymmcallpartboot;fi
trymmckernboot=if run switchmmc; then if run kernload; then run kernboot;fi;fi
trymmckernbootz=if run switchmmc; then if run ftdload; then if run kernloadz; then run kernbootz;fi;fi;fi
trymmckerninitrdboot=if run switchmmc; then if run initrdload; then if run kernload; then run kerninitrdboot;fi;fi; fi
trymmcpartboot=setenv mmcscriptfile boot.scr; run trymmcscriptboot;setenv mmckernfile uImage; run trymmckernboot;run trymmckernbootz
trymmcscriptboot=if run switchmmc; then if run scriptload; then run scriptboot;fi;fi
usbcon=setenv con usbtty; run setcon
usbtty=cdc_acm
vendor=nokia
vgacon=setenv con vga; run setcon
Environment size: 3238/131068 bytes
Nokia RX-51 # 
- 06:04:40 [INFO] Host: setenv bootargs ''${bootargs}' root=/dev/mmcblk0p2 rw rootfstype=ext3 rootwait '
- 06:04:41 [INFO] Target: 
setenv bootargs ''${bootargs}' root=/dev/mmcblk0p2 rw rootfstype=ext3 rootwait '
Nokia RX-51 # 
- 06:04:41 [INFO] Host: printenv
- 06:04:42 [INFO] Target: 
printenv
arch=arm
attachboot=echo Booting attached kernel image ...;setenv setup_omap_atag 1;bootm ${attkernaddr};setenv setup_omap_atag
attkernaddr=0x8fe40800
autoload=no
baudrate=57600
board=rx51
board_name=rx51
bootargs=console=ttyO2,57600n8 vram=16M earlyprintk rootwait  ip=dhcp  root=/dev/mmcblk0p2 rw rootfstype=ext3 rootwait 
bootcmd=
bootdelay=3
bootm_size=0x08000000
bootmenu_0=Attached kernel=run attachboot
bootmenu_1=Internal eMMC=run emmcboot
bootmenu_2=External SD card=run sdboot
bootmenu_3=U-Boot boot order=boot
bootmenu_delay=30
cpu=armv7
dieid#=582a000400000000040366100301000d
emmcboot=setenv mmcnum 1; run trymmcboot
fdt_file=omap3-n900.dtb
fdtaddr=0x80F80000
fileload=${mmctype}load mmc ${mmcnum}:${mmcpart} ${loadaddr} ${mmcfile}
filesize=440cb6
ftdload=setenv loadaddr ${fdtaddr};setenv mmcfile ${fdt_file};run fileload
importbootenv=echo Importing environment from mmc${mmcdev} ...; env import -t ${loadaddr} ${filesize}
initrdaddr=0x84008000
initrdload=setenv loadaddr ${initrdaddr};setenv mmcfile ${mmcinitrdfile};run fileload
ipaddr=dhcp
kernaddr=0x82008000
kernboot=echo Booting ${mmckernfile} from mmc ${mmcnum}:${mmcpart} ...; bootm ${kernaddr}
kernbootz=echo Booting ${kernel_file}+${fdt_file} from mmc ${mmcnum}:${mmcpart} ...; bootz ${kernaddr} - ${fdtaddr}
kernel_file=zImage
kerninitrdboot=echo Booting ${mmckernfile} ${mmcinitrdfile} from mmc ${mmcnum}:${mmcpart} ...; bootm ${kernaddr} ${initrdaddr}
kernload=setenv loadaddr ${kernaddr};setenv mmcfile ${mmckernfile};run fileload
kernloadz=setenv loadaddr ${kernaddr};setenv mmcfile ${kernel_file};run fileload
loadaddr=0x82008000
loadbootenv=fatload mmc ${mmcnum} ${loadaddr} uEnv.txt
mem=260353k
menucmd=bootmenu
preboot=setenv loadaddr ${kernaddr};echo
scriptaddr=0x86008000
scriptboot=echo Running ${mmcscriptfile} from mmc ${mmcnum}:${mmcpart} ...; source ${scriptaddr}
scriptload=setenv loadaddr ${scriptaddr};setenv mmcfile ${mmcscriptfile};run fileload
sdboot=setenv mmcnum 0; run trymmcboot
sercon=setenv con serial; run setcon
serverip=128.247.105.47
setcon=setenv stdin ${con};setenv stdout ${con};setenv stderr ${con}
slide=gpio input 71
soc=omap3
stderr=serial
stdin=serial
stdout=serial
switchmmc=mmc dev ${mmcnum}
trymmcallpartboot=setenv mmcpart 1; run trymmcpartboot;setenv mmcpart 2; run trymmcpartboot;setenv mmcpart 3; run trymmcpartboot;setenv mmcpart 4; run trymmcpartboot
trymmcboot=if run switchmmc; then setenv mmctype fat;run trymmcallpartboot;setenv mmctype ext2;run trymmcallpartboot;setenv mmctype ext4;run trymmcallpartboot;fi
trymmckernboot=if run switchmmc; then if run kernload; then run kernboot;fi;fi
trymmckernbootz=if run switchmmc; then if run ftdload; then if run kernloadz; then run kernbootz;fi;fi;fi
trymmckerninitrdboot=if run switchmmc; then if run initrdload; then if run kernload; then run kerninitrdboot;fi;fi; fi
trymmcpartboot=setenv mmcscriptfile boot.scr; run trymmcscriptboot;setenv mmckernfile uImage; run trymmckernboot;run trymmckernbootz
trymmcscriptboot=if run switchmmc; then if run scriptload; then run scriptboot;fi;fi
usbcon=setenv con usbtty; run setcon
usbtty=cdc_acm
vendor=nokia
vgacon=setenv con vga; run setcon
Environment size: 3287/131068 bytes
Nokia RX-51 # 
- 06:04:42 [INFO] Host: setenv bootcmd ''${bootcmd}' if iminfo ${loadaddr}; then bootm ${loadaddr}  ; else bootz ${loadaddr}  ; bootm ${loadaddr}  ; fi'
- 06:04:43 [INFO] Target: 
setenv bootcmd ''${bootcmd}' if iminfo ${loadaddr}; then bootm ${loadaddr}  ; else bootz ${loadaddr}  ; bootm ${loadaddr}  ; fi'
Nokia RX-51 # 
- 06:04:43 [INFO] Host: bdinfo
- 06:04:43 [INFO] Target: 
bdinfo
arch_number = 0x000007A3
boot_params = 0x80000100
DRAM bank   = 0x00000000
-> start    = 0x80000000
-> size     = 0x10000000
DRAM bank   = 0x00000001
-> start    = 0x90000000
-> size     = 0x00000000
baudrate    = 57600 bps
TLB addr    = 0x8FE30000
relocaddr   = 0x8FDD1000
reloc off   = 0x0FDC9000
irq_sp      = 0x8FCF0F20
sp start    = 0x8FCF0F10
FB base     = 0x00000000
Nokia RX-51 # 
- 06:04:43 [INFO] Host: boot
- 06:05:23 [INFO] Target: 
boot
Unknown command 'iminfo' - try 'help'
Bad Linux ARM zImage magic!
## Booting kernel from Legacy Image at 82008000 ...
   Image Name:   Linux-3.17.0-rc5-next-20140918-0
   Image Type:   ARM Linux Kernel Image (uncompressed)
   Data Size:    4459638 Bytes = 4.3 MiB
   Load Address: 80800000
   Entry Point:  80800000
   Verifying Checksum ... OK
   Loading Kernel Image ... OK
Starting kernel ...
[    0.000000] Booting Linux on physical CPU 0x0
[    0.000000] Linux version 3.17.0-rc5-next-20140918-00002-g57b28d6 (nmenon@kahuna) (gcc version 4.6.3 (Ubuntu/Linaro 4.6.3-1ubuntu5) ) #1 SMP Thu Sep 18 05:48:32 CDT 2014
[    0.000000] CPU: ARMv7 Processor [411fc083] revision 3 (ARMv7), cr=10c5387d
[    0.000000] CPU: PIPT / VIPT nonaliasing data cache, VIPT nonaliasing instruction cache
[    0.000000] Machine model: Nokia N900
[    0.000000] cma: Reserved 16 MiB at 8e800000
[    0.000000] Memory policy: Data cache writeback
[    0.000000]   HighMem zone: 1048574 pages exceeds freesize 0
[    0.000000] CPU: All CPU(s) started in SVC mode.
[    0.000000] OMAP3430/3530 ES3.1 (l2cache iva sgx neon isp )
[    0.000000] PERCPU: Embedded 11 pages/cpu @cfc77000 s14400 r8192 d22464 u45056
[    0.000000] Built 1 zonelists in Zone order, mobility grouping on.  Total pages: 64768
[    0.000000] Kernel command line: console=ttyO2,57600n8 vram=16M earlyprintk rootwait  ip=dhcp  root=/dev/mmcblk0p2 rw rootfstype=ext3 rootwait 
[    0.000000] PID hash table entries: 1024 (order: 0, 4096 bytes)
[    0.000000] Dentry cache hash table entries: 32768 (order: 5, 131072 bytes)
[    0.000000] Inode-cache hash table entries: 16384 (order: 4, 65536 bytes)
[    0.000000] Memory: 224632K/261120K available (5731K kernel code, 655K rwdata, 2216K rodata, 406K init, 8212K bss, 36488K reserved, 0K highmem)
[    0.000000] Virtual kernel memory layout:
[    0.000000]     vector  : 0xffff0000 - 0xffff1000   (   4 kB)
[    0.000000]     fixmap  : 0xffc00000 - 0xffe00000   (2048 kB)
[    0.000000]     vmalloc : 0xd0800000 - 0xff000000   ( 744 MB)
[    0.000000]     lowmem  : 0xc0000000 - 0xd0000000   ( 256 MB)
[    0.000000]     pkmap   : 0xbfe00000 - 0xc0000000   (   2 MB)
[    0.000000]     modules : 0xbf000000 - 0xbfe00000   (  14 MB)
[    0.000000]       .text : 0xc0008000 - 0xc07cb268   (7949 kB)
[    0.000000]       .init : 0xc07cc000 - 0xc0831840   ( 407 kB)
[    0.000000]       .data : 0xc0832000 - 0xc08d5e90   ( 656 kB)
[    0.000000]        .bss : 0xc08d5e90 - 0xc10db028   (8213 kB)
[    0.000000] Hierarchical RCU implementation.
[    0.000000] 	RCU restricting CPUs from NR_CPUS=2 to nr_cpu_ids=1.
[    0.000000] RCU: Adjusting geometry for rcu_fanout_leaf=16, nr_cpu_ids=1
[    0.000000] NR_IRQS:16 nr_irqs:16 16
[    0.000000] IRQ: Found an INTC at 0xfa200000 (revision 4.0) with 96 interrupts
[    0.000000] Total of 96 interrupts on 1 active controller
[    0.000000] Clocking rate (Crystal/Core/MPU): 19.2/332/500 MHz
[    0.000000] OMAP clockevent source: timer1 at 32768 Hz
[    0.000030] sched_clock: 32 bits at 32kHz, resolution 30517ns, wraps every 65536000000000ns
[    0.000061] OMAP clocksource: 32k_counter at 32768 Hz
[    0.001495] Console: colour dummy device 80x30
[    0.001586] Lock dependency validator: Copyright (c) 2006 Red Hat, Inc., Ingo Molnar
[    0.001617] ... MAX_LOCKDEP_SUBCLASSES:  8
[    0.001617] ... MAX_LOCK_DEPTH:          48
[    0.001647] ... MAX_LOCKDEP_KEYS:        8191
[    0.001647] ... CLASSHASH_SIZE:          4096
[    0.001678] ... MAX_LOCKDEP_ENTRIES:     32768
[    0.001678] ... MAX_LOCKDEP_CHAINS:      65536
[    0.001708] ... CHAINHASH_SIZE:          32768
[    0.001708]  memory used by lock dependency info: 5167 kB
[    0.001739]  per task-struct memory footprint: 1152 bytes
[    0.001800] Calibrating delay loop... 496.43 BogoMIPS (lpj=2482176)
[    0.106689] pid_max: default: 32768 minimum: 301
[    0.107391] Security Framework initialized
[    0.107635] Mount-cache hash table entries: 1024 (order: 0, 4096 bytes)
[    0.107666] Mountpoint-cache hash table entries: 1024 (order: 0, 4096 bytes)
[    0.112091] CPU: Testing write buffer coherency: ok
[    0.114318] CPU0: thread -1, cpu 0, socket -1, mpidr 0
[    0.114562] Setting up static identity map for 0x8056ea58 - 0x8056eac8
[    0.121490] Brought up 1 CPUs
[    0.121520] SMP: Total of 1 processors activated.
[    0.121551] CPU: All CPU(s) started in SVC mode.
[    0.127014] devtmpfs: initialized
[    0.142517] VFP support v0.3: implementor 41 architecture 3 part 30 variant c rev 1
[    0.258514] omap_hwmod: mcbsp2_sidetone using broken dt data from mcbsp
[    0.261840] omap_hwmod: mcbsp3_sidetone using broken dt data from mcbsp
[    0.349365] omap_hwmod: mcbsp2: cannot be enabled for reset (3)
[    0.379882] pinctrl core: initialized pinctrl subsystem
[    0.384979] regulator-dummy: no parameters
[    0.531677] NET: Registered protocol family 16
[    0.543823] DMA: preallocated 256 KiB pool for atomic coherent allocations
[    0.549133] cpuidle: using governor ladder
[    0.549194] cpuidle: using governor menu
[    0.552368] Reprogramming SDRC clock to 332000000 Hz
[    0.571685] OMAP GPIO hardware version 2.5
[    0.591857] irq: no irq domain found for /ocp/pinmux@48002030 !
[    0.593292] irq: no irq domain found for /ocp/pinmux@48002030 !
[    0.627502] omap-gpmc 6e000000.gpmc: GPMC revision 5.0
[    0.636657] RX-51: Not enabling ARM errata 430973 workaround
[    0.636688] Thumb binaries may crash randomly without this workaround
[    0.636718] RX-51: Registring OMAP3 HWRNG device
[    0.642608] No ATAGs?
[    0.642669] hw-breakpoint: debug architecture 0x4 unsupported.
[    0.647979] Reserving DMA channels 0 and 1 for HS ROM code
[    0.648010] OMAP DMA hardware revision 4.0
[    0.704467] edma-dma-engine edma-dma-engine.0: Can't allocate PaRAM dummy slot
[    0.704589] edma-dma-engine: probe of edma-dma-engine.0 failed with error -22
[    0.783416] omap-dma-engine 48056000.dma-controller: OMAP DMA engine driver
[    0.792572] SCSI subsystem initialized
[    0.794403] usbcore: registered new interface driver usbfs
[    0.794799] usbcore: registered new interface driver hub
[    0.796508] usbcore: registered new device driver usb
[    0.798889] omap_i2c 48070000.i2c: could not find pctldev for node /ocp/pinmux@48002030/pinmux_i2c1_pins, deferring probe
[    0.798950] platform 48070000.i2c: Driver omap_i2c requests probe deferral
[    0.799133] omap_i2c 48072000.i2c: could not find pctldev for node /ocp/pinmux@48002030/pinmux_i2c2_pins, deferring probe
[    0.799194] platform 48072000.i2c: Driver omap_i2c requests probe deferral
[    0.799346] omap_i2c 48060000.i2c: could not find pctldev for node /ocp/pinmux@48002030/pinmux_i2c3_pins, deferring probe
[    0.799407] platform 48060000.i2c: Driver omap_i2c requests probe deferral
[    0.812194] Switched to clocksource 32k_counter
[    1.189239] NET: Registered protocol family 2
[    1.192504] TCP established hash table entries: 2048 (order: 1, 8192 bytes)
[    1.192810] TCP bind hash table entries: 2048 (order: 4, 73728 bytes)
[    1.194152] TCP: Hash tables configured (established 2048 bind 2048)
[    1.194458] TCP: reno registered
[    1.194519] UDP hash table entries: 256 (order: 2, 20480 bytes)
[    1.194885] UDP-Lite hash table entries: 256 (order: 2, 20480 bytes)
[    1.196960] NET: Registered protocol family 1
[    1.200805] RPC: Registered named UNIX socket transport module.
[    1.200836] RPC: Registered udp transport module.
[    1.200866] RPC: Registered tcp transport module.
[    1.200866] RPC: Registered tcp NFSv4.1 backchannel transport module.
[    1.203277] hw perfevents: enabled with armv7_cortex_a8 PMU driver, 5 counters available
[    1.214324] futex hash table entries: 256 (order: 2, 16384 bytes)
[    1.223724] VFS: Disk quotas dquot_6.5.2
[    1.223999] Dquot-cache hash table entries: 1024 (order 0, 4096 bytes)
[    1.229431] NFS: Registering the id_resolver key type
[    1.230133] Key type id_resolver registered
[    1.230163] Key type id_legacy registered
[    1.230529] jffs2: version 2.2. (NAND) (SUMMARY)   2001-2006 Red Hat, Inc.
[    1.231414] msgmni has been set to 470
[    1.242675] io scheduler noop registered
[    1.242767] io scheduler deadline registered
[    1.242889] io scheduler cfq registered (default)
[    1.248596] pinctrl-single 48002030.pinmux: 284 pins at pa fa002030 size 568
[    1.249725] pinctrl-single 48002a00.pinmux: 46 pins at pa fa002a00 size 92
[    1.251037] pinctrl-single 480025d8.pinmux: 18 pins at pa fa0025d8 size 36
[    1.255798] pbias_mmc_omap2430: 1800 <--> 3000 mV at 3000 mV 
[    1.260253] Serial: 8250/16550 driver, 4 ports, IRQ sharing enabled
[    1.277587] omap_uart 4806c000.serial: ttyO1 at MMIO 0x4806c000 (irq = 89, base_baud = 3000000) is a OMAP UART1
[    1.284057] omap_uart 49020000.serial: ttyO2 at MMIO 0x49020000 (irq = 90, base_baud = 3000000) is a OMAP UART2
[    2.847564] console [ttyO2] enabled
[    2.861511] omap3_rom_rng: initializing
[    2.931091] brd: module loaded
[    2.970764] loop: module loaded
[    2.983856] mtdoops: mtd device (mtddev=name/number) must be supplied
[    2.999237] omap2-onenand omap2-onenand: initializing on CS0, phys base 0x01000000, virtual base d0880000, freq 83 MHz
[    3.021514] Muxed OneNAND 256MB 1.8V 16-bit (0x40)
[    3.031494] OneNAND version = 0x0031
[    3.041076] Scanning device for bad blocks
[    3.212677] 6 ofpart partitions found on MTD device omap2-onenand
[    3.225402] Creating 6 MTD partitions on "omap2-onenand":
[    3.236663] 0x000000000000-0x000000020000 : "bootloader"
[    3.262573] 0x000000020000-0x000000080000 : "config"
[    3.284912] 0x000000080000-0x0000000c0000 : "log"
[    3.303253] 0x0000000c0000-0x0000002c0000 : "kernel"
[    3.325500] 0x0000002c0000-0x0000004c0000 : "initfs"
[    3.344207] 0x0000004c0000-0x000010000000 : "rootfs"
[    3.370056] ------------[ cut here ]------------
[    3.379821] WARNING: CPU: 0 PID: 1 at kernel/locking/mutex.c:867 mutex_trylock+0x1f0/0x214()
[    3.397338] DEBUG_LOCKS_WARN_ON(in_interrupt())
[    3.406402] Modules linked in:
[    3.413146] CPU: 0 PID: 1 Comm: swapper/0 Not tainted 3.17.0-rc5-next-20140918-00002-g57b28d6 #1
[    3.431427] [<c0015280>] (unwind_backtrace) from [<c0011a68>] (show_stack+0x10/0x14)
[    3.447509] [<c0011a68>] (show_stack) from [<c0566520>] (dump_stack+0x78/0x94)
[    3.462524] [<c0566520>] (dump_stack) from [<c0040ed0>] (warn_slowpath_common+0x6c/0x8c)
[    3.479339] [<c0040ed0>] (warn_slowpath_common) from [<c0040f84>] (warn_slowpath_fmt+0x30/0x40)
[    3.497406] [<c0040f84>] (warn_slowpath_fmt) from [<c05686a0>] (mutex_trylock+0x1f0/0x214)
[    3.514587] [<c05686a0>] (mutex_trylock) from [<c047e308>] (clk_prepare_lock+0xc/0xe8)
[    3.531036] [<c047e308>] (clk_prepare_lock) from [<c047fc9c>] (clk_unprepare+0x18/0x28)
[    3.547637] [<c047fc9c>] (clk_unprepare) from [<c0362c7c>] (omap3_rom_rng_idle+0x38/0x58)
[    3.564636] [<c0362c7c>] (omap3_rom_rng_idle) from [<c0096968>] (call_timer_fn+0x8c/0x1a8)
[    3.581817] [<c0096968>] (call_timer_fn) from [<c0097530>] (run_timer_softirq+0x240/0x2d8)
[    3.598999] [<c0097530>] (run_timer_softirq) from [<c0044540>] (__do_softirq+0xd4/0x390)
[    3.615783] [<c0044540>] (__do_softirq) from [<c0044b20>] (irq_exit+0xbc/0x130)
[    3.630981] [<c0044b20>] (irq_exit) from [<c0088a8c>] (__handle_domain_irq+0x6c/0xc4)
[    3.647247] [<c0088a8c>] (__handle_domain_irq) from [<c0008748>] (omap3_intc_handle_irq+0x7c/0x90)
[    3.665863] [<c0008748>] (omap3_intc_handle_irq) from [<c056cba4>] (__irq_svc+0x44/0x5c)
[    3.682647] Exception stack(0xce059d38 to 0xce059d80)
[    3.693145] 9d20:                                                       ce52a414 2f902f8f
[    3.710113] 9d40: 00000000 00000000 ce52a414 ce52a358 0f8e0000 00000000 0f420000 00000000
[    3.727081] 9d60: ce5574a0 ce52a018 00000151 ce059d80 c03bdbb0 c03bdbb4 60000113 ffffffff
[    3.744079] [<c056cba4>] (__irq_svc) from [<c03bdbb4>] (onenand_release_device+0x34/0x54)
[    3.761047] [<c03bdbb4>] (onenand_release_device) from [<c03bdc20>] (onenand_block_isbad+0x4c/0x58)
[    3.779846] [<c03bdc20>] (onenand_block_isbad) from [<c039f6ac>] (mtd_block_isbad+0x38/0x4c)
[    3.797363] [<c039f6ac>] (mtd_block_isbad) from [<c03a31e4>] (allocate_partition+0x4b8/0x73c)
[    3.815063] [<c03a31e4>] (allocate_partition) from [<c03a3884>] (add_mtd_partitions+0x50/0xd4)
[    3.832977] [<c03a3884>] (add_mtd_partitions) from [<c03a0990>] (mtd_device_parse_register+0x88/0xc0)
[    3.852111] [<c03a0990>] (mtd_device_parse_register) from [<c03c05c8>] (omap2_onenand_probe+0x28c/0x49c)
[    3.871795] [<c03c05c8>] (omap2_onenand_probe) from [<c0369d00>] (platform_drv_probe+0x2c/0x5c)
[    3.889862] [<c0369d00>] (platform_drv_probe) from [<c0368734>] (driver_probe_device+0x10c/0x234)
[    3.908294] [<c0368734>] (driver_probe_device) from [<c03688f0>] (__driver_attach+0x94/0x98)
[    3.925811] [<c03688f0>] (__driver_attach) from [<c03670a0>] (bus_for_each_dev+0x54/0x88)
[    3.942810] [<c03670a0>] (bus_for_each_dev) from [<c0367f20>] (bus_add_driver+0xdc/0x1d4)
[    3.959808] [<c0367f20>] (bus_add_driver) from [<c03690c8>] (driver_register+0x78/0xf4)
[    3.976409] [<c03690c8>] (driver_register) from [<c0008a44>] (do_one_initcall+0x80/0x1d4)
[    3.993408] [<c0008a44>] (do_one_initcall) from [<c07ccd3c>] (kernel_init_freeable+0x108/0x1d8)
[    4.011474] [<c07ccd3c>] (kernel_init_freeable) from [<c0560f2c>] (kernel_init+0x8/0xe4)
[    4.028289] [<c0560f2c>] (kernel_init) from [<c000e6e8>] (ret_from_fork+0x14/0x2c)
[    4.044036] ---[ end trace 986ab18169bfcf25 ]---
[    4.182434] usbcore: registered new interface driver asix
[    4.193969] usbcore: registered new interface driver ax88179_178a
[    4.206878] usbcore: registered new interface driver cdc_ether
[    4.219268] usbcore: registered new interface driver smsc95xx
[    4.231414] usbcore: registered new interface driver net1080
[    4.243408] usbcore: registered new interface driver cdc_subset
[    4.255889] usbcore: registered new interface driver zaurus
[    4.267852] usbcore: registered new interface driver cdc_ncm
[    4.289123] usbcore: registered new interface driver cdc_wdm
[    4.301239] usbcore: registered new interface driver usb-storage
[    4.313995] usbcore: registered new interface driver usbtest
[    4.328521] mousedev: PS/2 mouse device common for all mice
[    4.343353] i2c /dev entries driver
[    4.350799] Driver for 1-wire Dallas network protocol.
[    4.364624] omap_wdt: OMAP Watchdog Timer Rev 0x31: initial timeout 60 sec
[    4.381408] of_get_named_gpiod_flags: parsed 'cd-gpios' property of node '/ocp/mmc@4809c000[0]' - status (0)
[    4.401885] of_get_named_gpiod_flags: can't parse 'wp-gpios' property of node '/ocp/mmc@4809c000[0]'
[    4.421752] omap_hsmmc 4809c000.mmc: unable to get vmmc regulator -517
[    4.435607] platform 4809c000.mmc: Driver omap_hsmmc requests probe deferral
[    4.450592] of_get_named_gpiod_flags: can't parse 'cd-gpios' property of node '/ocp/mmc@480b4000[0]'
[    4.469573] of_get_named_gpiod_flags: can't parse 'wp-gpios' property of node '/ocp/mmc@480b4000[0]'
[    4.489166] omap_hsmmc 480b4000.mmc: unable to get vmmc regulator -517
[    4.502929] platform 480b4000.mmc: Driver omap_hsmmc requests probe deferral
[    4.518646] of_get_named_gpiod_flags: parsed 'gpios' property of node '/leds/heartbeat[0]' - status (0)
[    4.538208] of_get_named_gpiod_flags: parsed 'gpios' property of node '/leds/heartbeat[0]' - status (0)
[    4.558563] ledtrig-cpu: registered to indicate activity on CPUs
[    4.571899] usbcore: registered new interface driver usbhid
[    4.583526] usbhid: USB HID core driver
[    4.593688] oprofile: using arm/armv7
[    4.601837] TCP: cubic registered
[    4.608795] Initializing XFRM netlink socket
[    4.617675] NET: Registered protocol family 17
[    4.627044] NET: Registered protocol family 15
[    4.636566] Key type dns_resolver registered
[    4.645935] omap2_set_init_voltage: unable to find boot up OPP for vdd_mpu_iva
[    4.660949] omap2_set_init_voltage: unable to set vdd_mpu_iva
[    4.672912] omap2_set_init_voltage: unable to find boot up OPP for vdd_core
[    4.687377] omap2_set_init_voltage: unable to set vdd_core
[    4.706573] ThumbEE CPU extension supported.
[    4.715576] Registering SWP/SWPB emulation handler
[    4.725585] SmartReflex Class3 initialized
[    4.778808] twl 0-0048: PIH (irq 23) chaining IRQs 340..348
[    4.790771] twl 0-0048: power (irq 345) chaining IRQs 348..355
[    4.809112] twl_rtc 48070000.i2c:twl@48:rtc: Enabling TWL-RTC
[    4.825561] twl_rtc 48070000.i2c:twl@48:rtc: rtc core: registered 48070000.i2c:twl@48 as rtc0
[    4.851867] V28: 2800 mV 
[    4.860778] VCSI: 1800 mV 
[    4.869781] VMMC2_30: 2800 <--> 3000 mV at 2800 mV 
[    4.883331] VCAM_ANA_28: 2800 mV 
[    4.893585] VDD1: 600 <--> 1450 mV at 1200 mV 
[    4.906066] VDAC: 1800 mV 
[    4.917022] VIO: 1800 mV 
[    4.926422] VINTANA1: 1500 mV 
[    4.936920] VINTANA2: 2750 mV 
[    4.947448] VINTDIG: 1500 mV 
[    4.956573] VMMC1: 1850 <--> 3150 mV at 3000 mV 
[    4.970916] V28_A: 2800 <--> 3000 mV at 2600 mV 
[    4.982727] VUSB1V5: 1500 mV 
[    4.990997] VUSB1V8: 1800 mV 
[    4.999084] VUSB3V1: 3100 mV 
[    5.009552] VPLL: 1800 mV 
[    5.020233] VSDI_CSI: 1800 mV 
[    5.029785] VMMC2_IO_18: 1800 mV 
[    5.039184] twl4030_gpio twl4030-gpio: gpio (irq 340) chaining IRQs 356..373
[    5.055206] gpiochip_find_base: found new base at 494
[    5.066345] gpiochip_add: registered GPIOs 494 to 511 on device: twl4030
[    5.086822] input: twl4030_pwrbutton as /devices/68000000.ocp/48070000.i2c/i2c-0/0-0048/48070000.i2c:twl@48:pwrbutton/input/input0
[    5.115386] input: TWL4030 Keypad as /devices/68000000.ocp/48070000.i2c/i2c-0/0-0048/48070000.i2c:twl@48:keypad/input/input1
[    5.196807] omap_i2c 48070000.i2c: bus 0 rev3.3 at 2200 kHz
[    5.221435] omap_i2c 48072000.i2c: bus 1 rev3.3 at 100 kHz
[    5.235961] omap_i2c 48060000.i2c: bus 2 rev3.3 at 400 kHz
[    5.248565] of_get_named_gpiod_flags: parsed 'cd-gpios' property of node '/ocp/mmc@4809c000[0]' - status (0)
[    5.269042] of_get_named_gpiod_flags: can't parse 'wp-gpios' property of node '/ocp/mmc@4809c000[0]'
[    5.329498] of_get_named_gpiod_flags: can't parse 'cd-gpios' property of node '/ocp/mmc@480b4000[0]'
[    5.348602] of_get_named_gpiod_flags: can't parse 'wp-gpios' property of node '/ocp/mmc@480b4000[0]'
[    5.421325] of_get_named_gpiod_flags: parsed 'gpios' property of node '/gpio_keys/camera_lens_cover[0]' - status (0)
[    5.443389] of_get_named_gpiod_flags: parsed 'gpios' property of node '/gpio_keys/camera_focus[0]' - status (0)
[    5.464416] of_get_named_gpiod_flags: parsed 'gpios' property of node '/gpio_keys/camera_capture[0]' - status (0)
[    5.485778] of_get_named_gpiod_flags: parsed 'gpios' property of node '/gpio_keys/lock_button[0]' - status (0)
[    5.506591] of_get_named_gpiod_flags: parsed 'gpios' property of node '/gpio_keys/keypad_slide[0]' - status (0)
[    5.527618] of_get_named_gpiod_flags: parsed 'gpios' property of node '/gpio_keys/proximity_sensor[0]' - status (0)
[    5.551483] input: gpio_keys as /devices/gpio_keys/input/input2
[    5.569763] twl_rtc 48070000.i2c:twl@48:rtc: setting system clock to 2014-08-28 17:29:33 UTC (1409246973)
[    5.589752] sr_init: No PMIC hook to init smartreflex
[    5.600860] smartreflex smartreflex.0: omap_sr_probe: SmartReflex driver initialized
[    5.617828] smartreflex smartreflex.1: omap_sr_probe: SmartReflex driver initialized
[    5.691802] mmc0: host does not support reading read-only switch. assuming write-enable.
[    5.711364] mmc0: new high speed SD card at address fdd9
[    5.724426] mmcblk0: mmc0:fdd9 SD02G 1.87 GiB 
[    5.736968]  mmcblk0: p1 p2
[    5.935668] mmc1: switch to bus width 2 failed
[    5.945983] mmc1: switch to bus width 1 failed
[    5.955291] mmc1: new high speed MMC card at address 0001
[    5.968505] mmcblk1: mmc1:0001 MMC32G 29.8 GiB 
[    5.978576] mmcblk1boot0: mmc1:0001 MMC32G partition 1 512 KiB
[    5.991271] mmcblk1boot1: mmc1:0001 MMC32G partition 2 512 KiB
[    6.006958]  mmcblk1: unknown partition table
[   17.799285] VUSB3V1: disabling
[   17.806243] VUSB1V8: disabling
[   17.813232] VUSB1V5: disabling
[   17.820190] VDAC: disabling
[   17.826782] VCSI: disabling
[   17.842742] kjournald starting.  Commit interval 5 seconds
[   17.955383] EXT3-fs (mmcblk0p2): using internal journal
[   17.966278] EXT3-fs (mmcblk0p2): mounted filesystem with ordered data mode
[   17.980682] VFS: Mounted root (ext3 filesystem) on device 179:2.
[   17.996185] devtmpfs: mounted
[   18.003814] Freeing unused kernel memory: 404K (c07cc000 - c0831000)
INIT: version 2.88 booting
Error opening /dev/fb0: No such file or directory
/dev/ttyO2 linked to /dev/tty-bd - using as console
Starting udev
[   19.157409] udevd[923]: starting version 182
[   23.128265] random: nonblocking pool is initialized
[   29.710266] FAT-fs (mmcblk0p1): Volume was not properly unmounted. Some data may be corrupt. Please run fsck.
ERROR: could not open directory /lib/modules/3.17.0-rc5-next-20140918-00002-g57b28d6: No such file or directory
WARNING: -e needs -E or -F
ERROR: could not open directory /lib/modules/3.17.0-rc5-next-20140918-00002-g57b28d6: No such file or directory
FATAL: could not search modules: No such file or directory
Starting Bootlog daemon: bootlogd: cannot allocate pseudo tty: No such file or directory
bootlogd.
ALSA: Restoring mixer settings...
/usr/sbin/alsactl: load_state:1696: No soundcards found...
Configuring network interfaces... ifconfig: SIOCGIFFLAGS: No such device
done.
INIT: Entering runlevel: 3
/dev/ttyO2 linked to /dev/tty-bd - using as console
Starting system message bus: dbus.
Starting Dropbear SSH server: dropbear.
Starting telnet daemon.
Starting syslogd/klogd: done
Starting thttpd.
Starting Lighttpd Web Server: lighttpd.
2014-08-28 17:30:02: (log.c.166) server started 
***************************************************************
***************************************************************
NOTICE: This file system contains the followin GPLv3 packages:
	binutils-symlinks
	binutils
	gdbserver
	parted
If you do not wish to distribute GPLv3 components please remove
the above packages prior to distribution.  This can be done using
the opkg remove command.  i.e.:
    opkg remove <package>
Where <package> is the name printed in the list above
NOTE: If the package is a dependency of another package you
      will be notified of the dependent packages.  You should
      use the --force-removal-of-dependent-packages option to
      also remove the dependent packages as well
***************************************************************
***************************************************************
Stopping Bootlog daemon: bootlogd.
 _____                    _____           _         _   
|  _  |___ ___ ___ ___   |  _  |___ ___  |_|___ ___| |_ 
|     |  _| .'| . | . |  |   __|  _| . | | | -_|  _|  _|
|__|__|_| |__,|_  |___|  |__|  |_| |___|_| |___|___|_|  
              |___|                    |___|            
Arago Project http://arago-project.org GenericOMAP3(FlattenedDeviceTree) tty-bd
Arago 2013.12 GenericOMAP3(FlattenedDeviceTree) tty-bd
GenericOMAP3(FlattenedDeviceTree) login: 
- 06:05:23 [INFO] Host: root
- 06:05:24 [INFO] Target: 
root
root@GenericOMAP3(FlattenedDeviceTree):~# 
- 06:05:24 [INFO] Host: uname -a
- 06:05:24 [INFO] Target: 
uname -a
Linux GenericOMAP3(FlattenedDeviceTree) 3.17.0-rc5-next-20140918-00002-g57b28d6 #1 SMP Thu Sep 18 05:48:32 CDT 2014 armv7l GNU/Linux
root@GenericOMAP3(FlattenedDeviceTree):~# 
- 06:05:24 [INFO] Host: cat /proc/cmdline
- 06:05:25 [INFO] Target: 
cat /proc/cmdline
console=ttyO2,57600n8 vram=16M earlyprintk rootwait  ip=dhcp  root=/dev/mmcblk0p2 rw rootfstype=ext3 rootwait 
root@GenericOMAP3(FlattenedDeviceTree):~# 
- 06:05:25 [INFO] Host: uname -a
- 06:05:25 [INFO] Target: 
uname -a
Linux GenericOMAP3(FlattenedDeviceTree) 3.17.0-rc5-next-20140918-00002-g57b28d6 #1 SMP Thu Sep 18 05:48:32 CDT 2014 armv7l GNU/Linux
root@GenericOMAP3(FlattenedDeviceTree):~# 
- 06:05:25 [INFO] Host: cat /proc/mtd
- 06:05:26 [INFO] Target: 
cat /proc/mtd
dev:    size   erasesize  name
mtd0: 00020000 00020000 "bootloader"
mtd1: 00060000 00020000 "config"
mtd2: 00040000 00020000 "log"
mtd3: 00200000 00020000 "kernel"
mtd4: 00200000 00020000 "initfs"
mtd5: 0fb40000 00020000 "rootfs"
root@GenericOMAP3(FlattenedDeviceTree):~# 
- 06:05:31 [INFO] Host: export IPERFHOST=128.247.105.47
- 06:05:32 [INFO] Target: 
export IPERFHOST=128.247.105.47
root@GenericOMAP3(FlattenedDeviceTree):~# 
- 06:05:32 [INFO] Host: export NFS_SERVER=128.247.105.47
- 06:05:33 [INFO] Target: 
export NFS_SERVER=128.247.105.47
root@GenericOMAP3(FlattenedDeviceTree):~# 
- 06:05:33 [INFO] Host: export NFS_ROOT_PATH=/usr/workdir/filesys/linux/n900
- 06:05:33 [INFO] Target: 
export NFS_ROOT_PATH=/usr/workdir/file 
sys/linux/n900
root@GenericOMAP3(FlattenedDeviceTree):~# 
- 06:05:33 [INFO] Host: mkdir -p -m 777 /test
- 06:05:34 [INFO] Target: 
mkdir -p -m 777 /test
root@GenericOMAP3(FlattenedDeviceTree):~# 
- 06:05:34 [INFO] Host: cd /test
- 06:05:34 [INFO] Target: 
cd /test
root@GenericOMAP3(FlattenedDeviceTree):/test# 
- 06:05:34 [INFO] Host: cat > test.sh << EOF
- 06:05:35 [INFO] Target: 
cat > test.sh << EOF
- 06:05:35 [INFO] Host: failtest() {
- 06:05:35 [INFO] Target: 
failtest() {
- 06:05:36 [INFO] Host:   echo 1 >&3
- 06:05:36 [INFO] Target: 
  echo 1 >&3
- 06:05:36 [INFO] Host: }
- 06:05:37 [INFO] Target: 
- 06:05:37 [INFO] Host: timeout=600
- 06:05:37 [INFO] Target: 
timeout=600
- 06:05:37 [INFO] Host: 
- 06:05:38 [INFO] Target: 
- 06:05:38 [INFO] Host: # Start of user's script logic
- 06:05:38 [INFO] Target: 
# Start of user's script logic
- 06:05:38 [INFO] Host: 
- 06:05:39 [INFO] Target: 
- 06:05:39 [INFO] Host: 
- 06:05:40 [INFO] Target: 
- 06:05:40 [INFO] Host: mount -t proc proc /proc 2>/dev/null;
- 06:05:40 [INFO] Target: 
mount -t proc proc /proc 2>/dev/null;
- 06:05:40 [INFO] Host: 
- 06:05:41 [INFO] Target: 
- 06:05:41 [INFO] Host: mount -t sysfs sys /sys 2>/dev/null;
- 06:05:41 [INFO] Target: 
mount -t sysfs sys /sys 2>/dev/null;
- 06:05:41 [INFO] Host: 
- 06:05:42 [INFO] Target: 
- 06:05:42 [INFO] Host: mount -t debugfs none /sys/kernel/debug 2>/dev/null;
- 06:05:42 [INFO] Target: 
mount -t debugfs none /sys/kernel/debug 2>/dev/null;
- 06:05:43 [INFO] Host: 
- 06:05:43 [INFO] Target: 
- 06:05:43 [INFO] Host: echo 'cpuinfo:';cat /proc/cpuinfo; echo '=======';
- 06:05:44 [INFO] Target: 
echo 'cpuinfo:';cat /proc/cpuinfo; echo '=======';
- 06:05:44 [INFO] Host: 
- 06:05:44 [INFO] Target: 
- 06:05:44 [INFO] Host: echo 'soc info:';head /sys/devices/soc0/* 2>/dev/null; echo '=======';
- 06:05:45 [INFO] Target: 
echo 'soc info:';head /sys/devices/soc0/* 2>/dev/null; echo '=======';
- 06:05:45 [INFO] Host: 
- 06:05:45 [INFO] Target: 
- 06:05:45 [INFO] Host: echo 'DT Model info'; head /proc/device-tree/name /proc/device-tree/model /proc/device-tree/compatible 2>/dev/null;echo; echo '=======';
- 06:05:46 [INFO] Target: 
echo 'DT Model info'; head /proc/device-tree/name /proc/device-tree/model /pro 
c/device-tree/compatible 2>/dev/null;echo; echo '=======';
- 06:05:46 [INFO] Host: 
- 06:05:47 [INFO] Target: 
- 06:05:47 [INFO] Host: echo 'interrupts:';cat /proc/interrupts; echo '=======';
- 06:05:47 [INFO] Target: 
echo 'interrupts:';cat /proc/interrupts; echo '=======';
- 06:05:47 [INFO] Host: 
- 06:05:48 [INFO] Target: 
- 06:05:48 [INFO] Host: echo 'Clk_summary:';cat /sys/kernel/debug/clk/clk_summary; echo '=======';
- 06:05:48 [INFO] Target: 
echo 'Clk_summary:';cat /sys/kernel/debug/clk/clk_summary; echo '=======';
- 06:05:48 [INFO] Host: 
- 06:05:49 [INFO] Target: 
- 06:05:49 [INFO] Host: echo 'Orphan Clks:';ls /sys/kernel/debug/clk/orphans/; echo '=======';
- 06:05:49 [INFO] Target: 
echo 'Orphan Clks:';ls /sys/kernel/debug/clk/orphans/; echo '=======';
- 06:05:49 [INFO] Host: 
- 06:05:50 [INFO] Target: 
- 06:05:50 [INFO] Host: echo "Available frequencies"; cat /sys/devices/system/cpu/cpu0/cpufreq/scaling_available_frequencies 2>/dev/null;echo '=======';
- 06:05:51 [INFO] Target: 
echo "Available frequencies"; cat /sys/devices/system/cpu/cpu0/cpufreq/scaling 
_available_frequencies 2>/dev/null;echo '=======';
- 06:05:51 [INFO] Host: 
- 06:05:51 [INFO] Target: 
- 06:05:51 [INFO] Host: echo 'H''ello World' 'B''oard Booted';
- 06:05:52 [INFO] Target: 
echo 'H''ello World' 'B''oard Booted';
- 06:05:52 [INFO] Host: 
- 06:05:52 [INFO] Target: 
- 06:05:52 [INFO] Host: EOF
- 06:05:53 [INFO] Target: 
root@GenericOMAP3(FlattenedDeviceTree):/test# 
- 06:05:53 [INFO] Host: cd /test
- 06:05:54 [INFO] Target: 
cd /test
root@GenericOMAP3(FlattenedDeviceTree):/test# 
- 06:05:54 [INFO] Host: chmod +x test.sh
- 06:05:54 [INFO] Target: 
chmod +x test.sh
root@GenericOMAP3(FlattenedDeviceTree):/test# 
- 06:05:54 [INFO] Host: ./test.sh 2> stderr.log > stdout.log 3> result.log
- 06:05:55 [INFO] Target: 
./test.sh 2> stderr.log > stdout.l 
og 3> result.log
root@GenericOMAP3(FlattenedDeviceTree):/test# 
- 06:05:55 [INFO] Host: echo $?
- 06:05:55 [INFO] Target: 
echo $?
root@GenericOMAP3(FlattenedDeviceTree):/test# 
- 06:05:55 [INFO] Host: cd /test
- 06:05:56 [INFO] Target: 
cd /test
root@GenericOMAP3(FlattenedDeviceTree):/test# 
- 06:05:56 [INFO] Host: cat stdout.log
- 06:06:00 [INFO] Target: 
cat stdout.log
cpuinfo:
processor	: 0
model name	: ARMv7 Processor rev 3 (v7l)
Features	: half thumb fastmult vfp edsp thumbee neon vfpv3 tls vfpd32 
CPU implementer	: 0x41
CPU architecture: 7
CPU variant	: 0x1
CPU part	: 0xc08
CPU revision	: 3
Hardware	: Generic OMAP3 (Flattened Device Tree)
Revision	: 0000
Serial		: 0000000000000000
=======
soc info:
==> /sys/devices/soc0/family <==
OMAP3
==> /sys/devices/soc0/machine <==
OMAP3430/3530
==> /sys/devices/soc0/power <==
==> /sys/devices/soc0/revision <==
ES3.1
==> /sys/devices/soc0/subsystem <==
==> /sys/devices/soc0/type <==
==> /sys/devices/soc0/uevent <==
=======
DT Model info
==> /proc/device-tree/name <==
==> /proc/device-tree/model <==
Nokia N900
==> /proc/device-tree/compatible <==
nokia,omap3-n900ti,omap3430ti,omap3
=======
interrupts:
           CPU0       
 23:          0      INTC   7  TWL4030-PIH
 25:          0      INTC   9  l3-debug-irq
 26:          0      INTC  10  l3-app-irq
 28:          0      INTC  12  DMA
 29:       2755      INTC  13  omap-dma-engine
 36:          0      INTC  20  gpmc
 53:       2605      INTC  37  gp_timer
 72:       1085      INTC  56  48070000.i2c
 73:          0      INTC  57  48072000.i2c
 77:          0      INTC  61  48060000.i2c
 90:       4531      INTC  74  OMAP UART2
 99:       6125      INTC  83  mmc0
102:        365      INTC  86  mmc1
180:          0      GPIO   4  Camera Focus
181:          0      GPIO   5  Camera Capture
183:          0      GPIO   7  Keypad Slide
201:          0      GPIO  25  Proximity Sensor
222:          0      GPIO  14  Camera Lens Cover
225:          0      GPIO  17  Lock Button
272:          0      GPIO   0  mmc0
306:        546      PRCM  pm_wkup
315:          2      PRCM  pinctrl, pinctrl, pm_io
339:          1   pinctrl 366  OMAP UART2
340:          0   twl4030   0  twl4030_gpio
341:          0   twl4030   1  48070000.i2c:twl@48:keypad
345:          0   twl4030   5  twl4030_power
348:          0   twl4030   8  twl4030_pwrbutton
351:          0   twl4030  11  rtc0
IPI0:          0  CPU wakeup interrupts
IPI1:          0  Timer broadcast interrupts
IPI2:          0  Rescheduling interrupts
IPI3:          0  Function call interrupts
IPI4:          0  Single function call interrupts
IPI5:          0  CPU stop interrupts
IPI6:          0  IRQ work interrupts
IPI7:          0  completion interrupts
Err:          0
=======
Clk_summary:
   clock                         enable_cnt  prepare_cnt        rate   accuracy
--------------------------------------------------------------------------------
 secure_32k_fck                           0            0       32768          0
    wdt1_fck                              0            0       32768          0
    gpt12_fck                             0            0       32768          0
 dummy_ck                                 0            0           0          0
 mcbsp_clks                               0            5           0          0
 sys_altclk                               0            0           0          0
 virt_38_4m_ck                            0            0    38400000          0
 virt_26000000_ck                         0            0    26000000          0
 virt_19200000_ck                         1            1    19200000          0
    osc_sys_ck                            1            1    19200000          0
       sys_clkout1                        0            0    19200000          0
       sys_ck                             3           18    19200000          0
          cpefuse_fck                     0            0    19200000          0
          dpll5_ck                        0            1   120000000          0
             dpll5_m2_ck                  0            1   120000000          0
                usbhost_120m_fck           0            0   120000000          0
                usbtll_fck                0            1   120000000          0
                dpll5_m2_d4_ck            0            0    30000000          0
                dpll5_m2_d8_ck            0            0    15000000          0
                dpll5_m2_d16_ck           0            0     7500000          0
                dpll5_m2_d20_ck           0            0     6000000          0
          sys_d2_ck                       0            0     9600000          0
             usim_fck                     0            0     9600000          0
          modem_fck                       0            0    19200000          0
          dpll2_ck                        0            1   249600000          0
             dpll2_m2_ck                  0            1   249600000          0
                iva2_ck                   0            2   249600000          0
          sr2_fck                         0            1    19200000          0
          sr1_fck                         0            1    19200000          0
          traceclk_src_fck                0            0    19200000          0
             traceclk_fck                 0            0    19200000          0
          emu_src_mux_ck                  0            1    19200000          0
             emu_src_ck                   0            1    19200000          0
                atclk_fck                 0            0    19200000          0
                pclkx2_fck                0            0    19200000          0
                pclk_fck                  0            0     9600000          0
          gpt9_fck                        0            1    19200000          0
          gpt8_fck                        0            1    19200000          0
          gpt7_fck                        0            1    19200000          0
          gpt6_fck                        0            1    19200000          0
          gpt5_fck                        0            1    19200000          0
          gpt4_fck                        0            1    19200000          0
          gpt3_fck                        0            1    19200000          0
          gpt2_fck                        0            1    19200000          0
          dss2_alwon_fck                  0            2    19200000          0
          dpll1_ck                        0            1   500000000          0
             dpll1_x2_ck                  0            1  1000000000          0
                dpll1_x2m2_ck             0            1  1000000000          0
                   mpu_ck                 0            1  1000000000          0
                      emu_mpu_alwon_ck           0            0  1000000000          0
                      arm_fck             0            1   500000000          0
          dpll3_ck                        1            1   664000000          0
             dpll3_m2_ck                  1            2   332000000          0
                core_ck                   1            1   332000000          0
                   core_d2_ck             0            0   166000000          0
                   core_d6_ck             0            0    55333333          0
                   core_d4_ck             0            0    83000000          0
                   core_d3_ck             0            0   110666666          0
                      sgx_fck             0            0   110666666          0
                   dpll2_fck              0            0   332000000          0
                   l3_ick                 2            3   166000000          0
                      sgx_ick             0            0   166000000          0
                      mad2d_ick           0            0   166000000          0
                      sad2d_ick           0            1   166000000          0
                      security_l3_ick           0            0   166000000          0
                         pka_ick           0            0   166000000          0
                      core_l3_ick           8           10   166000000          0
                         hsotgusb_ick_3430es2           0            1   166000000          0
                         gpmc_fck           2            2   166000000          0
                         sdrc_ick           1            1   166000000          0
                      l4_ick              7            8    83000000          0
                         usbhost_ick           1            1    83000000          0
                         dss_ick_3430es2           4            6    83000000          0
                         sr_l4_ick           2            2    83000000          0
                         ssi_l4_ick           1            1    83000000          0
                            ssi_ick_3430es2           1            1    83000000          0
                         cam_ick           0            1    83000000          0
                         security_l4_ick2           0            0    83000000          0
                            des1_ick           0            0    83000000          0
                            sha11_ick           0            0    83000000          0
                            rng_ick           0            0    83000000          0
                            aes1_ick           0            0    83000000          0
                         per_l4_ick          15           17    83000000          0
                            mcbsp4_ick           2            2    83000000          0
                            mcbsp3_ick           2            2    83000000          0
                            mcbsp2_ick           1            1    83000000          0
                            gpt2_ick           1            1    83000000          0
                            gpt3_ick           1            1    83000000          0
                            gpt4_ick           1            1    83000000          0
                            gpt5_ick           1            1    83000000          0
                            gpt6_ick           1            1    83000000          0
                            gpt7_ick           1            1    83000000          0
                            gpt8_ick           1            1    83000000          0
                            gpt9_ick           1            1    83000000          0
                            uart4_ick           0            0    83000000          0
                            uart3_ick           1            1    83000000          0
                            wdt3_ick           0            0    83000000          0
                            gpio2_ick           0            1    83000000          0
                            gpio3_ick           1            1    83000000          0
                            gpio4_ick           1            1    83000000          0
                            gpio5_ick           0            1    83000000          0
                            gpio6_ick           1            1    83000000          0
                         core_l4_ick          19           21    83000000          0
                            mmchs3_ick           1            1    83000000          0
                            usbtll_ick           1            1    83000000          0
                            mailboxes_ick           0            1    83000000          0
                            mspro_ick           0            0    83000000          0
                            des2_ick           0            0    83000000          0
                            icr_ick           0            0    83000000          0
                            sha12_ick           0            0    83000000          0
                            aes2_ick           0            0    83000000          0
                            omapctrl_ick           1            1    83000000          0
                            mcbsp1_ick           1            1    83000000          0
                            mcbsp5_ick           1            1    83000000          0
                            gpt10_ick           1            1    83000000          0
                            gpt11_ick           1            1    83000000          0
                            uart1_ick           1            1    83000000          0
                            uart2_ick           1            1    83000000          0
                            i2c1_ick           1            1    83000000          0
                            i2c2_ick           1            1    83000000          0
                            i2c3_ick           1            1    83000000          0
                            mcspi1_ick           1            1    83000000          0
                            mcspi2_ick           1            1    83000000          0
                            mcspi3_ick           1            1    83000000          0
                            mcspi4_ick           1            1    83000000          0
                            hdq_ick           0            1    83000000          0
                            mmchs1_ick           1            1    83000000          0
                            mmchs2_ick           1            1    83000000          0
                         rm_ick           0            0    41500000          0
                   dpll1_fck              0            0   166000000          0
                dpll3_m2x2_ck             0            1   664000000          0
                   corex2_fck             0            1   664000000          0
                      ssi_ssr_fck_3430es2           0            1   221333334          0
                         ssi_sst_fck_3430es2           0            0   110666667          0
                      corex2_d5_fck           0            0   132800000          0
                      corex2_d3_fck           0            0   221333333          0
             dpll3_m3_ck                  0            0   221333334          0
                dpll3_m3x2_mul_ck           0            0   442666668          0
                   dpll3_m3x2_ck           0            0   442666668          0
                      emu_core_alwon_ck           0            0   442666668          0
             dpll3_x2_ck                  0            0  1328000000          0
          dpll4_ck                        1            3   432000000          0
             dpll4_m6_ck                  0            0   144000000          0
                dpll4_m6x2_mul_ck           0            0   288000000          0
                   dpll4_m6x2_ck           0            0   288000000          0
                      emu_per_alwon_ck           0            0   288000000          0
             dpll4_m5_ck                  0            0   108000000          0
                dpll4_m5x2_mul_ck           0            0   216000000          0
                   dpll4_m5x2_ck           0            0   216000000          0
                      cam_mclk            0            0   216000000          0
             dpll4_m4_ck                  0            1    48000000          0
                dpll4_m4x2_mul_ck           0            1    96000000          0
                   dpll4_m4x2_ck           0            1    96000000          0
                      dss1_alwon_fck_3430es2           0            4    96000000          0
             dpll4_m3_ck                  0            1    27000000          0
                dpll4_m3x2_mul_ck           0            1    54000000          0
                   dpll4_m3x2_ck           0            1    54000000          0
                      omap_54m_fck           0            1    54000000          0
                         dss_tv_fck           0            2    54000000          0
                         clkout2_src_ck           0            0    54000000          0
                            sys_clkout2           0            0    54000000          0
             dpll4_m2_ck                  1            1    48000000          0
                dpll4_m2x2_mul_ck           1            1    96000000          0
                   dpll4_m2x2_ck           1            1    96000000          0
                      omap_192m_alwon_fck           0            0    96000000          0
                      omap_96m_alwon_fck           1            2    96000000          0
                         per_96m_fck           0            6    96000000          0
                            mcbsp4_fck           0            1    96000000          0
                            mcbsp3_fck           0            2    96000000          0
                            mcbsp2_fck           0            2    96000000          0
                         cm_96m_fck           1            2    96000000          0
                            cm_96m_d2_fck           1            1    48000000          0
                               omap_48m_fck           2            4    48000000          0
                                  usbhost_48m_fck           0            1    48000000          0
                                  per_48m_fck           1            1    48000000          0
                                     uart3_fck           1            1    48000000          0
                                  core_48m_fck           1            6    48000000          0
                                     uart1_fck           0            1    48000000          0
                                     uart2_fck           1            1    48000000          0
                                     mcspi1_fck           0            1    48000000          0
                                     mcspi2_fck           0            1    48000000          0
                                     mcspi3_fck           0            1    48000000          0
                                     mcspi4_fck           0            1    48000000          0
                                  omap_12m_fck           0            1    12000000          0
                                     core_12m_fck           0            1    12000000          0
                                        hdq_fck             0            1    12000000          0
                            omap_96m_fck           0            2    96000000          0
                               omap_96m_d10_fck           0            0     9600000          0
                               omap_96m_d8_fck           0            0    12000000          0
                               omap_96m_d4_fck           0            0    24000000          0
                               omap_96m_d2_fck           0            0    48000000          0
                               dss_96m_fck           0            2    96000000          0
                               core_96m_fck           0           10    96000000          0
                                  mcbsp1_fck           0            1    96000000          0
                                  mcbsp5_fck           0            1    96000000          0
                                  mmchs3_fck           0            1    96000000          0
                                  mspro_fck           0            0    96000000          0
                                  csi2_96m_fck           0            0    96000000          0
                                  i2c1_fck           0            1    96000000          0
                                  i2c2_fck           0            1    96000000          0
                                  i2c3_fck           0            1    96000000          0
                                  mmchs1_fck           0            1    96000000          0
                                  mmchs2_fck           0            1    96000000          0
             dpll4_x2_ck                  0            0   864000000          0
          wkup_l4_ick                     3            4    19200000          0
             usim_ick                     0            0    19200000          0
             gpt1_ick                     1            1    19200000          0
             gpt12_ick                    0            0    19200000          0
             omap_32ksync_ick             1            1    19200000          0
             gpio1_ick                    0            1    19200000          0
             wdt1_ick                     0            0    19200000          0
             wdt2_ick                     1            1    19200000          0
 virt_13m_ck                              0            0    13000000          0
 virt_12m_ck                              0            0    12000000          0
 omap_32k_fck                             3            8       32768          0
    ts_fck                                0            0       32768          0
    per_32k_alwon_fck                     2            5       32768          0
       wdt3_fck                           0            0       32768          0
       gpio2_dbck                         0            1       32768          0
       gpio3_dbck                         1            2       32768          0
       gpio4_dbck                         1            2       32768          0
       gpio5_dbck                         0            1       32768          0
       gpio6_dbck                         0            1       32768          0
    wkup_32k_fck                          1            3       32768          0
       wdt2_fck                           0            1       32768          0
       gpio1_dbck                         0            1       32768          0
    gpt1_fck                              1            1       32768          0
    gpt11_fck                             0            1       32768          0
    gpt10_fck                             0            1       32768          0
 dummy_apb_pclk                           0            0           0          0
 virt_16_8m_ck                            0            0    16800000          0
=======
Orphan Clks:
=======
Available frequencies
=======
Hello World Board Booted
root@GenericOMAP3(FlattenedDeviceTree):/test# 
- 06:06:00 [INFO] Host: cat stderr.log
- 06:06:01 [INFO] Target: 
cat stderr.log
ls: /sys/kernel/debug/clk/orphans/: No such file or directory
root@GenericOMAP3(FlattenedDeviceTree):/test# 
- 06:06:01 [INFO] Host: cat result.log
- 06:06:03 [ERROR] On command: cat result.log waiting for (?m-ix:^1[\0\n\r]+) >>> error: execution expired
- 06:06:03 [INFO] Target: 
cat result.log
root@GenericOMAP3(FlattenedDeviceTree):/test# 
- 06:06:03 [INFO] Host: cd /test
- 06:06:03 [INFO] Target: 
cd /test
root@GenericOMAP3(FlattenedDeviceTree):/test# 
