- 00:37:16 [INFO] Starting target session
- 00:37:18 [INFO] Connected to n900 via serial 
- 00:37:18 [INFO] Host: #check prompt
- 00:37:21 [ERROR] On command: #check prompt waiting for #check prompt.+?(?-mix:((?-mix:.*\s+login)|[Pp]assword)) >>> error: execution expired
- 00:37:21 [INFO] Target: 
#check prompt
root@NokiaRX-51board:/test# 
- 00:37:21 [INFO] Host: #check prompt
- 00:37:21 [INFO] Target: 
#check prompt
root@NokiaRX-51board:/test# 
- 00:37:21 [INFO] Host: sync;poweroff
- 00:37:38 [INFO] Target: 
sync;poweroff
Broadcast message from root@NokiaRX-51board (ttyO2) (Sun Jun 26 16:59:05 2016
The system is going down for system halt NOW!
INIT: Sending processes the TERM signal
root@NokiaRX-51board:/test# 
INIT: Sending processes the KILL signal
Stopping Dropbear SSH server: stopped /usr/sbin/dropbear (pid 709)
dropbear.
Stopping telnet daemon.
Stopping system message bus: Error opening /dev/fb0: No such file or directory
Stopping syslogd/klogd: stopped syslogd (pid 719)
stopped klogd (pid 722)
done
Stopping thttpd.
ALSA: Storing mixer settings...
/usr/sbin/alsactl: save_state:1580: No soundcards found...
Deconfiguring network interfaces... ifdown: interface eth0 not configured
done.
Stopping Lighttpd Web Server: stopped /usr/sbin/lighttpd (pid 729)
lighttpd.
***************************************************************
***************************************************************
NOTICE: This file system contains the followin GPLv3 packages:
	binutils-symlinks
	binutils
	gdbserver
	parted
If you do not wish to distribute GPLv3 components please remove
the above packages prior to distribution.  This can be done using
the opkg remove command.  i.e.:
    opkg remove <package>
Where <package> is the name printed in the list above
NOTE: If the package is a dependency of another package you
      will be notified of the dependent packages.  You should
      use the --force-removal-of-dependent-packages option to
      also remove the dependent packages as well
***************************************************************
***************************************************************
Sending all processes the TERM signal...
Sending all processes the KILL signal...
Unmounting remote filesystems...
Deactivating swap...
Unmounting local filesystems...
[41374.744079] EXT4-fs (mmcblk0p2): re-mounted. Opts: data=ordered
[41377.172088] reboot: Power down
- 00:37:38 [INFO] Disconnected serial from n900
- 00:38:01 [INFO] Connected to n900 via serial 
- 00:38:01 [INFO] Host: 
- 00:38:05 [INFO] Target: 
MMC:   OMAP SD/MMC: 0, OMAP SD/MMC: 1
Using default environment
In:    serial
Out:   serial
Err:   serial
Timed out in wait_for_event: status=0100
Check if pads/pull-ups of bus 1 are properly configured
Timed out in wait_for_event: status=0000
Check if pads/pull-ups of bus 1 are properly configured
Timed out in wait_for_event: status=0000
Check if pads/pull-ups of bus 1 are properly configured
Timed out in wait_for_event: status=0000
Check if pads/pull-ups of bus 1 are properly configured
Timed out in wait_for_event: status=0000
Check if pads/pull-ups of bus 1 are properly configured
Timed out in wait_for_event: status=0000
Check if pads/pull-ups of bus 1 are properly configured
Timed out in wait_for_event: status=0000
Check if pads/pull-ups of bus 1 are properly configured
Timed out in wait_for_event: status=0000
Check if pads/pull-ups of bus 1 are properly configured
Timed out in wait_for_event: status=0000
Check if pads/pull-ups of bus 1 are properly configured
Timed out in wait_for_event: status=0000
Check if pads/pull-ups of bus 1 are properly configured
Timed out in wait_for_event: status=0000
Check if pads/pull-ups of bus 1 are properly configured
Timed out in wait_for_event: status=0000
Check if pads/pull-ups of bus 1 are properly configured
Timed out in wait_for_event: status=0000
Check if pads/pull-ups of bus 1 are properly configured
Timed out in wait_for_event: status=0000
Check if pads/pull-ups of bus 1 are properly configured
Timed out in wait_for_event: status=0000
Check if pads/pull-ups of bus 1 are properly configured
Timed out in wait_for_event: status=0000
Check if pads/pull-ups of bus 1 are properly configured
i2c_read (addr phase): pads on bus 1 probably not configured (status=0x10)
i2c_write: timed out writig last byte!
Die ID #582a000400000000040366100301000d
OMAP3530-HS ES3.1, CPU-OPP2, L3-165MHz, Max CPU Clock 600 MHz
Hit any key to stop autoboot:  3  0 
Nokia RX-51 # 
Nokia RX-51 #  
Nokia RX-51 #  
Nokia RX-51 #  
Nokia RX-51 #  
Nokia RX-51 # 
Nokia RX-51 #  
Nokia RX-51 #  
Nokia RX-51 #  
Nokia RX-51 #  
Nokia RX-51 #  
Nokia RX-51 #  
Nokia RX-51 #  
Nokia RX-51 #  
Nokia RX-51 #  
Nokia RX-51 #  
Nokia RX-51 #  
Nokia RX-51 #  
Nokia RX-51 #  
Nokia RX-51 #  
Nokia RX-51 #  
Nokia RX-51 #  
Nokia RX-51 #  
Nokia RX-51 #  
Nokia RX-51 #  
Nokia RX-51 #  
Nokia RX-51 #  
Nokia RX-51 #  
Nokia RX-51 #  
Nokia RX-51 #  
Nokia RX-51 #  
Nokia RX-51 #  
Nokia RX-51 #  
Nokia RX-51 #  
Nokia RX-51 #  
Nokia RX-51 #  
Nokia RX-51 #  
Nokia RX-51 #  
Nokia RX-51 #  
Nokia RX-51 # 
- 00:38:05 [INFO] Host: 
- 00:38:05 [INFO] Target: 
Nokia RX-51 #  
Nokia RX-51 #  
Nokia RX-51 # 
Nokia RX-51 # 
- 00:38:05 [INFO] Host: version
- 00:38:05 [INFO] Target: 
version
U-Boot 2014.04-00073-g4fa5b9e (Apr 22 2014 - 14:37:10)
arm-linux-gnueabi-gcc (Ubuntu/Linaro 4.6.3-1ubuntu5) 4.6.3
GNU ld (GNU Binutils for Ubuntu) 2.22
Nokia RX-51 # 
- 00:38:05 [INFO] Host: setenv bootargs 'console=ttyO2,57600n8 vram=16M earlyprintk=serial,ttyO2,115200n8 rootwait '
- 00:38:06 [INFO] Target: 
setenv bootargs 'console=ttyO2,57600n8 vram=16M earlyprintk=serial,ttyO2,115200n8 rootwait '
Nokia RX-51 # 
- 00:38:06 [INFO] Host: setenv bootcmd  ''
- 00:38:06 [INFO] Target: 
setenv bootcmd  ''
Nokia RX-51 # 
- 00:38:06 [INFO] Host: setenv autoload 'no'
- 00:38:06 [INFO] Target: 
setenv autoload 'no'
Nokia RX-51 # 
- 00:38:06 [INFO] Host: setenv serverip '192.168.1.254'
- 00:38:06 [INFO] Target: 
setenv serverip '192.168.1.254'
Nokia RX-51 # 
- 00:38:06 [INFO] Host: setenv _initramfs -
- 00:38:06 [INFO] Target: 
setenv _initramfs -
Nokia RX-51 # 
- 00:38:06 [INFO] Host: printenv
- 00:38:07 [INFO] Target: 
printenv
_initramfs=-
arch=arm
attachboot=echo Booting attached kernel image ...;setenv setup_omap_atag 1;bootm ${attkernaddr};setenv setup_omap_atag
attkernaddr=0x8fe40800
autoload=no
baudrate=57600
board=rx51
board_name=rx51
bootargs=console=ttyO2,57600n8 vram=16M earlyprintk=serial,ttyO2,115200n8 rootwait 
bootcmd=
bootdelay=3
bootm_size=0x08000000
bootmenu_0=Attached kernel=run attachboot
bootmenu_1=Internal eMMC=run emmcboot
bootmenu_2=External SD card=run sdboot
bootmenu_3=U-Boot boot order=boot
bootmenu_delay=30
cpu=armv7
dieid#=582a000400000000040366100301000d
emmcboot=setenv mmcnum 1; run trymmcboot
fdt_file=omap3-n900.dtb
fdtaddr=0x80F80000
fileload=${mmctype}load mmc ${mmcnum}:${mmcpart} ${loadaddr} ${mmcfile}
ftdload=setenv loadaddr ${fdtaddr};setenv mmcfile ${fdt_file};run fileload
importbootenv=echo Importing environment from mmc${mmcdev} ...; env import -t ${loadaddr} ${filesize}
initrdaddr=0x84008000
initrdload=setenv loadaddr ${initrdaddr};setenv mmcfile ${mmcinitrdfile};run fileload
kernaddr=0x82008000
kernboot=echo Booting ${mmckernfile} from mmc ${mmcnum}:${mmcpart} ...; bootm ${kernaddr}
kernbootz=echo Booting ${kernel_file}+${fdt_file} from mmc ${mmcnum}:${mmcpart} ...; bootz ${kernaddr} - ${fdtaddr}
kernel_file=zImage
kerninitrdboot=echo Booting ${mmckernfile} ${mmcinitrdfile} from mmc ${mmcnum}:${mmcpart} ...; bootm ${kernaddr} ${initrdaddr}
kernload=setenv loadaddr ${kernaddr};setenv mmcfile ${mmckernfile};run fileload
kernloadz=setenv loadaddr ${kernaddr};setenv mmcfile ${kernel_file};run fileload
loadaddr=0x82008000
loadbootenv=fatload mmc ${mmcnum} ${loadaddr} uEnv.txt
mem=260353k
menucmd=bootmenu
preboot=setenv loadaddr ${kernaddr};echo
scriptaddr=0x86008000
scriptboot=echo Running ${mmcscriptfile} from mmc ${mmcnum}:${mmcpart} ...; source ${scriptaddr}
scriptload=setenv loadaddr ${scriptaddr};setenv mmcfile ${mmcscriptfile};run fileload
sdboot=setenv mmcnum 0; run trymmcboot
sercon=setenv con serial; run setcon
serverip=192.168.1.254
setcon=setenv stdin ${con};setenv stdout ${con};setenv stderr ${con}
slide=gpio input 71
soc=omap3
stderr=serial
stdin=serial
stdout=serial
switchmmc=mmc dev ${mmcnum}
trymmcallpartboot=setenv mmcpart 1; run trymmcpartboot;setenv mmcpart 2; run trymmcpartboot;setenv mmcpart 3; run trymmcpartboot;setenv mmcpart 4; run trymmcpartboot
trymmcboot=if run switchmmc; then setenv mmctype fat;run trymmcallpartboot;setenv mmctype ext2;run trymmcallpartboot;setenv mmctype ext4;run trymmcallpartboot;fi
trymmckernboot=if run switchmmc; then if run kernload; then run kernboot;fi;fi
trymmckernbootz=if run switchmmc; then if run ftdload; then if run kernloadz; then run kernbootz;fi;fi;fi
trymmckerninitrdboot=if run switchmmc; then if run initrdload; then if run kernload; then run kerninitrdboot;fi;fi; fi
trymmcpartboot=setenv mmcscriptfile boot.scr; run trymmcscriptboot;setenv mmckernfile uImage; run trymmckernboot;run trymmckernbootz
trymmcscriptboot=if run switchmmc; then if run scriptload; then run scriptboot;fi;fi
usbcon=setenv con usbtty; run setcon
usbtty=cdc_acm
vendor=nokia
vgacon=setenv con vga; run setcon
Environment size: 3233/131068 bytes
Nokia RX-51 # 
- 00:38:08 [INFO] Disconnected serial from n900
- 00:50:19 [INFO] Connected to n900 via serial 
- 00:50:19 [INFO] Host: ls mmc 0:1
- 00:50:39 [ERROR] On command: ls mmc 0:1 waiting for ls mmc 0:1.+?(?-mix:(?-mix:Nokia\sRX-51\s#\s)|=>) >>> error: execution expired
- 00:50:39 [INFO] Target: 
OH)/0(STX)/0(CAN) packets, 2 retries
## Total Size      = 0x003c3f79 = 3948409 Bytes
Nokia RX-51 # 
- 00:50:39 [INFO] Host: printenv
- 00:50:40 [INFO] Target: 
printenv
_initramfs=-
arch=arm
attachboot=echo Booting attached kernel image ...;setenv setup_omap_atag 1;bootm ${attkernaddr};setenv setup_omap_atag
attkernaddr=0x8fe40800
autoload=no
baudrate=57600
board=rx51
board_name=rx51
bootargs=console=ttyO2,57600n8 vram=16M earlyprintk=serial,ttyO2,115200n8 rootwait 
bootcmd=
bootdelay=3
bootm_size=0x08000000
bootmenu_0=Attached kernel=run attachboot
bootmenu_1=Internal eMMC=run emmcboot
bootmenu_2=External SD card=run sdboot
bootmenu_3=U-Boot boot order=boot
bootmenu_delay=30
cpu=armv7
dieid#=582a000400000000040366100301000d
emmcboot=setenv mmcnum 1; run trymmcboot
fdt_file=omap3-n900.dtb
fdtaddr=0x80F80000
fileload=${mmctype}load mmc ${mmcnum}:${mmcpart} ${loadaddr} ${mmcfile}
filesize=3c3f79
ftdload=setenv loadaddr ${fdtaddr};setenv mmcfile ${fdt_file};run fileload
importbootenv=echo Importing environment from mmc${mmcdev} ...; env import -t ${loadaddr} ${filesize}
initrdaddr=0x84008000
initrdload=setenv loadaddr ${initrdaddr};setenv mmcfile ${mmcinitrdfile};run fileload
kernaddr=0x82008000
kernboot=echo Booting ${mmckernfile} from mmc ${mmcnum}:${mmcpart} ...; bootm ${kernaddr}
kernbootz=echo Booting ${kernel_file}+${fdt_file} from mmc ${mmcnum}:${mmcpart} ...; bootz ${kernaddr} - ${fdtaddr}
kernel_file=zImage
kerninitrdboot=echo Booting ${mmckernfile} ${mmcinitrdfile} from mmc ${mmcnum}:${mmcpart} ...; bootm ${kernaddr} ${initrdaddr}
kernload=setenv loadaddr ${kernaddr};setenv mmcfile ${mmckernfile};run fileload
kernloadz=setenv loadaddr ${kernaddr};setenv mmcfile ${kernel_file};run fileload
loadaddr=0x82008000
loadbootenv=fatload mmc ${mmcnum} ${loadaddr} uEnv.txt
mem=260353k
menucmd=bootmenu
preboot=setenv loadaddr ${kernaddr};echo
scriptaddr=0x86008000
scriptboot=echo Running ${mmcscriptfile} from mmc ${mmcnum}:${mmcpart} ...; source ${scriptaddr}
scriptload=setenv loadaddr ${scriptaddr};setenv mmcfile ${mmcscriptfile};run fileload
sdboot=setenv mmcnum 0; run trymmcboot
sercon=setenv con serial; run setcon
serverip=192.168.1.254
setcon=setenv stdin ${con};setenv stdout ${con};setenv stderr ${con}
slide=gpio input 71
soc=omap3
stderr=serial
stdin=serial
stdout=serial
switchmmc=mmc dev ${mmcnum}
trymmcallpartboot=setenv mmcpart 1; run trymmcpartboot;setenv mmcpart 2; run trymmcpartboot;setenv mmcpart 3; run trymmcpartboot;setenv mmcpart 4; run trymmcpartboot
trymmcboot=if run switchmmc; then setenv mmctype fat;run trymmcallpartboot;setenv mmctype ext2;run trymmcallpartboot;setenv mmctype ext4;run trymmcallpartboot;fi
trymmckernboot=if run switchmmc; then if run kernload; then run kernboot;fi;fi
trymmckernbootz=if run switchmmc; then if run ftdload; then if run kernloadz; then run kernbootz;fi;fi;fi
trymmckerninitrdboot=if run switchmmc; then if run initrdload; then if run kernload; then run kerninitrdboot;fi;fi; fi
trymmcpartboot=setenv mmcscriptfile boot.scr; run trymmcscriptboot;setenv mmckernfile uImage; run trymmckernboot;run trymmckernbootz
trymmcscriptboot=if run switchmmc; then if run scriptload; then run scriptboot;fi;fi
usbcon=setenv con usbtty; run setcon
usbtty=cdc_acm
vendor=nokia
vgacon=setenv con vga; run setcon
Environment size: 3251/131068 bytes
Nokia RX-51 # 
- 00:50:40 [INFO] Host: setenv bootargs ''${bootargs}' root=/dev/mmcblk0p2 rw rootfstype=ext3 rootwait '
- 00:50:40 [INFO] Target: 
setenv bootargs ''${bootargs}' root=/dev/mmcblk0p2 rw rootfstype=ext3 rootwait '
Nokia RX-51 # 
- 00:50:40 [INFO] Host: printenv
- 00:50:40 [INFO] Target: 
printenv
_initramfs=-
arch=arm
attachboot=echo Booting attached kernel image ...;setenv setup_omap_atag 1;bootm ${attkernaddr};setenv setup_omap_atag
attkernaddr=0x8fe40800
autoload=no
baudrate=57600
board=rx51
board_name=rx51
bootargs=console=ttyO2,57600n8 vram=16M earlyprintk=serial,ttyO2,115200n8 rootwait  root=/dev/mmcblk0p2 rw rootfstype=ext3 rootwait 
bootcmd=
bootdelay=3
bootm_size=0x08000000
bootmenu_0=Attached kernel=run attachboot
bootmenu_1=Internal eMMC=run emmcboot
bootmenu_2=External SD card=run sdboot
bootmenu_3=U-Boot boot order=boot
bootmenu_delay=30
cpu=armv7
dieid#=582a000400000000040366100301000d
emmcboot=setenv mmcnum 1; run trymmcboot
fdt_file=omap3-n900.dtb
fdtaddr=0x80F80000
fileload=${mmctype}load mmc ${mmcnum}:${mmcpart} ${loadaddr} ${mmcfile}
filesize=3c3f79
ftdload=setenv loadaddr ${fdtaddr};setenv mmcfile ${fdt_file};run fileload
importbootenv=echo Importing environment from mmc${mmcdev} ...; env import -t ${loadaddr} ${filesize}
initrdaddr=0x84008000
initrdload=setenv loadaddr ${initrdaddr};setenv mmcfile ${mmcinitrdfile};run fileload
kernaddr=0x82008000
kernboot=echo Booting ${mmckernfile} from mmc ${mmcnum}:${mmcpart} ...; bootm ${kernaddr}
kernbootz=echo Booting ${kernel_file}+${fdt_file} from mmc ${mmcnum}:${mmcpart} ...; bootz ${kernaddr} - ${fdtaddr}
kernel_file=zImage
kerninitrdboot=echo Booting ${mmckernfile} ${mmcinitrdfile} from mmc ${mmcnum}:${mmcpart} ...; bootm ${kernaddr} ${initrdaddr}
kernload=setenv loadaddr ${kernaddr};setenv mmcfile ${mmckernfile};run fileload
kernloadz=setenv loadaddr ${kernaddr};setenv mmcfile ${kernel_file};run fileload
loadaddr=0x82008000
loadbootenv=fatload mmc ${mmcnum} ${loadaddr} uEnv.txt
mem=260353k
menucmd=bootmenu
preboot=setenv loadaddr ${kernaddr};echo
scriptaddr=0x86008000
scriptboot=echo Running ${mmcscriptfile} from mmc ${mmcnum}:${mmcpart} ...; source ${scriptaddr}
scriptload=setenv loadaddr ${scriptaddr};setenv mmcfile ${mmcscriptfile};run fileload
sdboot=setenv mmcnum 0; run trymmcboot
sercon=setenv con serial; run setcon
serverip=192.168.1.254
setcon=setenv stdin ${con};setenv stdout ${con};setenv stderr ${con}
slide=gpio input 71
soc=omap3
stderr=serial
stdin=serial
stdout=serial
switchmmc=mmc dev ${mmcnum}
trymmcallpartboot=setenv mmcpart 1; run trymmcpartboot;setenv mmcpart 2; run trymmcpartboot;setenv mmcpart 3; run trymmcpartboot;setenv mmcpart 4; run trymmcpartboot
trymmcboot=if run switchmmc; then setenv mmctype fat;run trymmcallpartboot;setenv mmctype ext2;run trymmcallpartboot;setenv mmctype ext4;run trymmcallpartboot;fi
trymmckernboot=if run switchmmc; then if run kernload; then run kernboot;fi;fi
trymmckernbootz=if run switchmmc; then if run ftdload; then if run kernloadz; then run kernbootz;fi;fi;fi
trymmckerninitrdboot=if run switchmmc; then if run initrdload; then if run kernload; then run kerninitrdboot;fi;fi; fi
trymmcpartboot=setenv mmcscriptfile boot.scr; run trymmcscriptboot;setenv mmckernfile uImage; run trymmckernboot;run trymmckernbootz
trymmcscriptboot=if run switchmmc; then if run scriptload; then run scriptboot;fi;fi
usbcon=setenv con usbtty; run setcon
usbtty=cdc_acm
vendor=nokia
vgacon=setenv con vga; run setcon
Environment size: 3300/131068 bytes
Nokia RX-51 # 
- 00:50:40 [INFO] Host: setenv bootcmd ''${bootcmd}' if iminfo ${loadaddr}; then bootm ${loadaddr} ${_initramfs} ; else bootz ${loadaddr} ${_initramfs} ; bootm ${loadaddr} ${_initramfs} ; fi'
- 00:50:40 [INFO] Target: 
setenv bootcmd ''${bootcmd}' if iminfo ${loadaddr}; then bootm ${loadaddr} ${_initramfs} ; else bootz ${loadaddr} ${_initramfs} ; bootm ${loadaddr} ${_initramfs} ; fi'
Nokia RX-51 # 
- 00:50:40 [INFO] Host: version
- 00:50:41 [INFO] Target: 
version
U-Boot 2014.04-00073-g4fa5b9e (Apr 22 2014 - 14:37:10)
arm-linux-gnueabi-gcc (Ubuntu/Linaro 4.6.3-1ubuntu5) 4.6.3
GNU ld (GNU Binutils for Ubuntu) 2.22
Nokia RX-51 # 
- 00:50:41 [INFO] Host: bdinfo
- 00:50:41 [INFO] Target: 
bdinfo
arch_number = 0x000007A3
boot_params = 0x80000100
DRAM bank   = 0x00000000
-> start    = 0x80000000
-> size     = 0x10000000
DRAM bank   = 0x00000001
-> start    = 0x90000000
-> size     = 0x00000000
baudrate    = 57600 bps
TLB addr    = 0x8FE30000
relocaddr   = 0x8FDD1000
reloc off   = 0x0FDC9000
irq_sp      = 0x8FCF0F20
sp start    = 0x8FCF0F10
FB base     = 0x00000000
Nokia RX-51 # 
- 00:50:41 [INFO] Host: mmc rescan; echo $?
- 00:50:41 [INFO] Target: 
mmc rescan; echo $?
Nokia RX-51 # 
- 00:50:41 [INFO] Host: fatwrite mmc ${mmcdev}:1 ${loadaddr} ws-calibrate.rules 4
- 00:50:41 [INFO] Target: 
fatwrite mmc ${mmcdev}:1 ${loadaddr} ws-calibrate.rules 4
Unknown command 'fatwrite' - try 'help'
Nokia RX-51 # 
- 00:50:41 [INFO] Host: boot
- 00:51:22 [INFO] Target: 
boot
Unknown command 'iminfo' - try 'help'
Bad Linux ARM zImage magic!
## Booting kernel from Legacy Image at 82008000 ...
   Image Name:   Linux-4.9.0-next-20161213-00002-
   Image Type:   ARM Linux Kernel Image (uncompressed)
   Data Size:    3948345 Bytes = 3.8 MiB
   Load Address: 81000000
   Entry Point:  81000000
   Verifying Checksum ... OK
   Loading Kernel Image ... OK
Starting kernel ...
[    0.000000] Booting Linux on physical CPU 0x0
[    0.000000] Linux version 4.9.0-next-20161213-00002-g5f0b154b2477 (nmenon@horus) (gcc version 4.9.3 20150413 (prerelease) (Linaro GCC 4.9-2015.05) ) #3 SMP Tue Dec 13 00:35:11 CST 2016
[    0.000000] CPU: ARMv7 Processor [411fc083] revision 3 (ARMv7), cr=10c5387d
[    0.000000] CPU: PIPT / VIPT nonaliasing data cache, VIPT nonaliasing instruction cache
[    0.000000] OF: fdt:Machine model: Nokia N900
[    0.000000] cma: Reserved 16 MiB at 0x8e800000
[    0.000000] Memory policy: Data cache writeback
[    0.000000] CPU: All CPU(s) started in SVC mode.
[    0.000000] OMAP3430/3530 ES3.1 (l2cache iva sgx neon isp)
[    0.000000] percpu: Embedded 15 pages/cpu @cfb58000 s31744 r8192 d21504 u61440
[    0.000000] Built 1 zonelists in Zone order, mobility grouping on.  Total pages: 64448
[    0.000000] Kernel command line: console=ttyO2,57600n8 vram=16M earlyprintk=serial,ttyO2,115200n8 rootwait  root=/dev/mmcblk0p2 rw rootfstype=ext3 rootwait 
[    0.000000] PID hash table entries: 1024 (order: 0, 4096 bytes)
[    0.000000] Dentry cache hash table entries: 32768 (order: 5, 131072 bytes)
[    0.000000] Inode-cache hash table entries: 16384 (order: 4, 65536 bytes)
[    0.000000] Memory: 220508K/260096K available (7168K kernel code, 773K rwdata, 2388K rodata, 1024K init, 8156K bss, 23204K reserved, 16384K cma-reserved, 0K highmem)
[    0.000000] Virtual kernel memory layout:
[    0.000000]     vector  : 0xffff0000 - 0xffff1000   (   4 kB)
[    0.000000]     fixmap  : 0xffc00000 - 0xfff00000   (3072 kB)
[    0.000000]     vmalloc : 0xd0800000 - 0xff800000   ( 752 MB)
[    0.000000]     lowmem  : 0xc0000000 - 0xd0000000   ( 256 MB)
[    0.000000]     pkmap   : 0xbfe00000 - 0xc0000000   (   2 MB)
[    0.000000]     modules : 0xbf000000 - 0xbfe00000   (  14 MB)
[    0.000000]       .text : 0xc0008000 - 0xc0800000   (8160 kB)
[    0.000000]       .init : 0xc0b00000 - 0xc0c00000   (1024 kB)
[    0.000000]       .data : 0xc0c00000 - 0xc0cc147c   ( 774 kB)
[    0.000000]        .bss : 0xc0cc3000 - 0xc14ba188   (8157 kB)
[    0.000000] Running RCU self tests
[    0.000000] Hierarchical RCU implementation.
[    0.000000] 	RCU lockdep checking is enabled.
[    0.000000] 	Build-time adjustment of leaf fanout to 32.
[    0.000000] 	RCU restricting CPUs from NR_CPUS=2 to nr_cpu_ids=1.
[    0.000000] RCU: Adjusting geometry for rcu_fanout_leaf=32, nr_cpu_ids=1
[    0.000000] NR_IRQS:16 nr_irqs:16 16
[    0.000000] IRQ: Found an INTC at 0xfa200000 (revision 4.0) with 96 interrupts
[    0.000000] Clocking rate (Crystal/Core/MPU): 19.2/332/500 MHz
[    0.000000] OMAP clockevent source: timer1 at 32768 Hz
[    0.000000] clocksource: 32k_counter: mask: 0xffffffff max_cycles: 0xffffffff, max_idle_ns: 58327039986419 ns
[    0.000030] sched_clock: 32 bits at 32kHz, resolution 30517ns, wraps every 65535999984741ns
[    0.000030] OMAP clocksource: 32k_counter at 32768 Hz
[    0.002410] Console: colour dummy device 80x30
[    0.002532] Lock dependency validator: Copyright (c) 2006 Red Hat, Inc., Ingo Molnar
[    0.002563] ... MAX_LOCKDEP_SUBCLASSES:  8
[    0.002593] ... MAX_LOCK_DEPTH:          48
[    0.002593] ... MAX_LOCKDEP_KEYS:        8191
[    0.002624] ... CLASSHASH_SIZE:          4096
[    0.002624] ... MAX_LOCKDEP_ENTRIES:     32768
[    0.002655] ... MAX_LOCKDEP_CHAINS:      65536
[    0.002655] ... CHAINHASH_SIZE:          32768
[    0.002685]  memory used by lock dependency info: 5167 kB
[    0.002685]  per task-struct memory footprint: 1536 bytes
[    0.002746] Calibrating delay loop... 493.97 BogoMIPS (lpj=2469888)
[    0.094940] pid_max: default: 32768 minimum: 301
[    0.095794] Security Framework initialized
[    0.096038] Mount-cache hash table entries: 1024 (order: 0, 4096 bytes)
[    0.096069] Mountpoint-cache hash table entries: 1024 (order: 0, 4096 bytes)
[    0.101928] CPU: Testing write buffer coherency: ok
[    0.105041] CPU0: thread -1, cpu 0, socket -1, mpidr 0
[    0.107330] Setting up static identity map for 0x80100000 - 0x80100070
[    0.112396] smp: Bringing up secondary CPUs ...
[    0.112426] smp: Brought up 1 node, 1 CPU
[    0.112457] SMP: Total of 1 processors activated (493.97 BogoMIPS).
[    0.112487] CPU: All CPU(s) started in SVC mode.
[    0.120513] devtmpfs: initialized
[    0.263488] VFP support v0.3: implementor 41 architecture 3 part 30 variant c rev 1
[    0.265289] clocksource: jiffies: mask: 0xffffffff max_cycles: 0xffffffff, max_idle_ns: 19112604462750000 ns
[    0.267822] pinctrl core: initialized pinctrl subsystem
[    0.277435] NET: Registered protocol family 16
[    0.290527] DMA: preallocated 256 KiB pool for atomic coherent allocations
[    0.415008] omap_hwmod: mcbsp2_sidetone using broken dt data from mcbsp
[    0.418579] omap_hwmod: mcbsp3_sidetone using broken dt data from mcbsp
[    0.553894] cpuidle: using governor menu
[    0.555084] Reprogramming SDRC clock to 332000000 Hz
[    0.584350] OMAP GPIO hardware version 2.5
[    0.646026] irq: no irq domain found for /ocp@68000000/l4@48000000/scm@2000/pinmux@30 !
[    0.647399] irq: no irq domain found for /ocp@68000000/l4@48000000/scm@2000/pinmux@30 !
[    0.684692] omap-gpmc 6e000000.gpmc: could not find pctldev for node /ocp@68000000/l4@48000000/scm@2000/pinmux@30/pinmux_gpmc_pins, deferring probe
[    0.696716] RX-51: Enabling ARM errata 430973 workaround
[    0.698516] RX-51: Registering OMAP3 HWRNG device
[    0.704833] hw-breakpoint: debug architecture 0x4 unsupported.
[    0.706665] omap4_sram_init:Unable to allocate sram needed to handle errata I688
[    0.706695] omap4_sram_init:Unable to get sram pool needed to handle errata I688
[    0.709167] Reserving DMA channels 0 and 1 for HS ROM code
[    0.709197] OMAP DMA hardware revision 4.0
[    0.812255] omap-dma-engine 48056000.dma-controller: OMAP DMA engine driver
[    0.824829] omap-iommu 480bd400.mmu: 480bd400.mmu registered
[    0.827026] SCSI subsystem initialized
[    0.829772] omap_i2c 48070000.i2c: could not find pctldev for node /ocp@68000000/l4@48000000/scm@2000/pinmux@30/pinmux_i2c1_pins, deferring probe
[    0.829956] omap_i2c 48072000.i2c: could not find pctldev for node /ocp@68000000/l4@48000000/scm@2000/pinmux@30/pinmux_i2c2_pins, deferring probe
[    0.830108] omap_i2c 48060000.i2c: could not find pctldev for node /ocp@68000000/l4@48000000/scm@2000/pinmux@30/pinmux_i2c3_pins, deferring probe
[    0.830841] pps_core: LinuxPPS API ver. 1 registered
[    0.830871] pps_core: Software ver. 5.3.6 - Copyright 2005-2007 Rodolfo Giometti <giometti@linux.it>
[    0.830963] PTP clock support registered
[    0.838714] clocksource: Switched to clocksource 32k_counter
[    1.072784] VFS: Disk quotas dquot_6.6.0
[    1.073089] VFS: Dquot-cache hash table entries: 1024 (order 0, 4096 bytes)
[    1.134033] NET: Registered protocol family 2
[    1.137603] TCP established hash table entries: 2048 (order: 1, 8192 bytes)
[    1.137756] TCP bind hash table entries: 2048 (order: 4, 73728 bytes)
[    1.139160] TCP: Hash tables configured (established 2048 bind 2048)
[    1.139587] UDP hash table entries: 256 (order: 2, 20480 bytes)
[    1.139953] UDP-Lite hash table entries: 256 (order: 2, 20480 bytes)
[    1.141479] NET: Registered protocol family 1
[    1.145385] RPC: Registered named UNIX socket transport module.
[    1.145416] RPC: Registered udp transport module.
[    1.145446] RPC: Registered tcp transport module.
[    1.145477] RPC: Registered tcp NFSv4.1 backchannel transport module.
[    1.155761] hw perfevents: enabled with armv7_cortex_a8 PMU driver, 5 counters available
[    1.166320] futex hash table entries: 256 (order: 2, 16384 bytes)
[    1.166595] audit: initializing netlink subsys (disabled)
[    1.172546] audit: type=2000 audit(1.150:1): initialized
[    1.174774] workingset: timestamp_bits=14 max_order=16 bucket_order=2
[    1.180847] NFS: Registering the id_resolver key type
[    1.181610] Key type id_resolver registered
[    1.181640] Key type id_legacy registered
[    1.181945] jffs2: version 2.2. (NAND) (SUMMARY)   2001-2006 Red Hat, Inc.
[    1.195617] io scheduler noop registered
[    1.195678] io scheduler deadline registered
[    1.195861] io scheduler cfq registered (default)
[    1.201660] pinctrl-single 48002030.pinmux: 284 pins at pa fa002030 size 568
[    1.202819] pinctrl-single 48002a00.pinmux: 46 pins at pa fa002a00 size 92
[    1.204223] pinctrl-single 480025d8.pinmux: 18 pins at pa fa0025d8 size 36
[    1.215393] Serial: 8250/16550 driver, 4 ports, IRQ sharing enabled
[    1.229187] 4806c000.serial: ttyO1 at MMIO 0x4806c000 (irq = 89, base_baud = 3000000) is a OMAP UART1
[    1.233947] 49020000.serial: ttyO2 at MMIO 0x49020000 (irq = 90, base_baud = 3000000) is a OMAP UART2
[    2.847961] console [ttyO2] enabled
[    2.930664] brd: module loaded
[    2.979370] loop: module loaded
[    2.991302] mtdoops: mtd device (mtddev=name/number) must be supplied
[    3.027770] libphy: Fixed MDIO Bus: probed
[    3.045532] mousedev: PS/2 mouse device common for all mice
[    3.057220] random: fast init done
[    3.064392] i2c /dev entries driver
[    3.076873] omap_hsmmc 4809c000.mmc: Got CD GPIO
[    3.095245] ledtrig-cpu: registered to indicate activity on CPUs
[    3.109802] oprofile: using arm/armv7
[    3.119140] Initializing XFRM netlink socket
[    3.128936] NET: Registered protocol family 10
[    3.143646] Segment Routing with IPv6
[    3.151641] sit: IPv6, IPv4 and MPLS over IPv4 tunneling driver
[    3.167907] NET: Registered protocol family 17
[    3.177398] NET: Registered protocol family 15
[    3.187286] Key type dns_resolver registered
[    3.196563] omap2_set_init_voltage: unable to find boot up OPP for vdd_mpu_iva
[    3.211578] omap2_set_init_voltage: unable to set vdd_mpu_iva
[    3.223571] omap2_set_init_voltage: unable to find boot up OPP for vdd_core
[    3.238037] omap2_set_init_voltage: unable to set vdd_core
[    3.258819] ThumbEE CPU extension supported.
[    3.267730] Registering SWP/SWPB emulation handler
[    3.277740] SmartReflex Class3 initialized
[    3.398925] omap-gpmc 6e000000.gpmc: GPMC revision 5.0
[    3.410034] gpmc_mem_init: disabling cs 0 mapped at 0x0-0x1000000
[    3.427429] omap2-onenand omap2-onenand: initializing on CS0, phys base 0x01000000, virtual base d0980000, freq 83 MHz
[    3.449829] Muxed OneNAND 256MB 1.8V 16-bit (0x40)
[    3.459808] OneNAND version = 0x0031
[    3.469604] Scanning device for bad blocks
[    3.610900] 6 ofpart partitions found on MTD device omap2-onenand
[    3.623596] Creating 6 MTD partitions on "omap2-onenand":
[    3.634857] 0x000000000000-0x000000020000 : "bootloader"
[    3.657989] 0x000000020000-0x000000080000 : "config"
[    3.675842] 0x000000080000-0x0000000c0000 : "log"
[    3.692932] 0x0000000c0000-0x0000002c0000 : "kernel"
[    3.710571] 0x0000002c0000-0x0000004c0000 : "initfs"
[    3.728393] 0x0000004c0000-0x000010000000 : "rootfs"
[    3.769104] smc91x: not found (-19).
[    3.807891] twl 1-0048: PIH (irq 23) chaining IRQs 338..346
[    3.820465] twl 1-0048: power (irq 343) chaining IRQs 346..353
[    3.905334] V28_A: Bringing 2600000uV into 2800000-2800000uV
[    3.962463] twl4030_gpio twl4030-gpio: gpio (irq 338) chaining IRQs 354..371
[    4.094909] omap_i2c 48070000.i2c: bus 1 rev3.3 at 2200 kHz
[    4.117553] omap_i2c 48072000.i2c: bus 2 rev3.3 at 100 kHz
[    4.134063] omap_i2c 48060000.i2c: bus 3 rev3.3 at 400 kHz
[    4.147644] omap_hsmmc 4809c000.mmc: Got CD GPIO
[    4.312591] hctosys: unable to open rtc device (rtc0)
[    4.323272] sr_init: No PMIC hook to init smartreflex
[    4.334320] smartreflex smartreflex.0: invalid resource
[    4.345245] smartreflex smartreflex.0: omap_sr_probe: ioremap fail
[    4.358184] smartreflex: probe of smartreflex.0 failed with error -22
[    4.371734] smartreflex smartreflex.1: invalid resource
[    4.382629] smartreflex smartreflex.1: omap_sr_probe: ioremap fail
[    4.395538] smartreflex: probe of smartreflex.1 failed with error -22
[    4.409973] sr_init: platform driver register failed for SR
[    4.426055] VCSI: disabling
[    4.437133] VDAC: disabling
[    4.445739] VUSB1V5: disabling
[    4.455688] mmc0: host does not support reading read-only switch, assuming write-enable
[    4.474121] VUSB1V8: disabling
[    4.481842] VUSB3V1: disabling
[    4.488830] mmc0: new high speed SD card at address fdd9
[    4.512176] mmcblk0: mmc0:fdd9 SD02G 1.88 GiB 
[    4.528900]  mmcblk0: p1 p2
[    4.550384] EXT4-fs (mmcblk0p2): mounting ext3 file system using the ext4 subsystem
[    4.665802] mmc1: switch to bus width 8 failed
[    4.675994] mmc1: switch to bus width 4 failed
[    4.685333] mmc1: new high speed MMC card at address 0001
[    4.702331] EXT4-fs (mmcblk0p2): mounted filesystem with ordered data mode. Opts: (null)
[    4.719512] VFS: Mounted root (ext3 filesystem) on device 179:2.
[    4.735534] mmcblk1: mmc1:0001 MMC32G 29.8 GiB 
[    4.747344] mmcblk1boot0: mmc1:0001 MMC32G partition 1 512 KiB
[    4.761688] mmcblk1boot1: mmc1:0001 MMC32G partition 2 512 KiB
[    4.792938] devtmpfs: mounted
[    4.806274] Freeing unused kernel memory: 1024K
INIT: version 2.88 booting
Error opening /dev/fb0: No such file or directory
/dev/ttyO2 linked to /dev/tty-bd - using as console
Starting udev
[    6.807067] udevd[141]: starting version 182
[   24.284667] FAT-fs (mmcblk0p1): Volume was not properly unmounted. Some data may be corrupt. Please run fsck.
ERROR: could not open directory /lib/modules/4.9.0-next-20161213-00002-g5f0b154b2477: No such file or directory
WARNING: -e needs -E or -F
ERROR: could not open directory /lib/modules/4.9.0-next-20161213-00002-g5f0b154b2477: No such file or directory
FATAL: could not search modules: No such file or directory
Starting Bootlog daemon: bootlogd: cannot allocate pseudo tty: No such file or directory
bootlogd.
[   25.471527] EXT4-fs (mmcblk0p2): re-mounted. Opts: data=ordered
ALSA: Restoring mixer settings...
/usr/sbin/alsactl: load_state:1696: No soundcards found...
Configuring network interfaces... ifconfig: SIOCGIFFLAGS: No such device
done.
hwclock: can't open '/dev/misc/rtc': No such file or directory
Sun Jun 26 16:59:00 UTC 2016
hwclock: can't open '/dev/misc/rtc': No such file or directory
INIT: Entering runlevel: 3
/dev/ttyO2 linked to /dev/tty-bd - using as console
Starting system message bus: dbus.
Starting Dropbear SSH server: dropbear.
Starting telnet daemon.
hwclock: can't open '/dev/misc/rtc': No such file or directory
Starting syslogd/klogd: done
Starting thttpd.
Starting Lighttpd Web Server: lighttpd.
2016-06-26 16:59:02: (log.c.166) server started 
***************************************************************
***************************************************************
NOTICE: This file system contains the followin GPLv3 packages:
	binutils-symlinks
	binutils
	gdbserver
	parted
If you do not wish to distribute GPLv3 components please remove
the above packages prior to distribution.  This can be done using
the opkg remove command.  i.e.:
    opkg remove <package>
Where <package> is the name printed in the list above
NOTE: If the package is a dependency of another package you
      will be notified of the dependent packages.  You should
      use the --force-removal-of-dependent-packages option to
      also remove the dependent packages as well
***************************************************************
***************************************************************
Stopping Bootlog daemon: bootlogd.
[   33.949951] 
[   33.953094] =================================
[   33.962097] [ INFO: inconsistent lock state ]
[   33.971099] 4.9.0-next-20161213-00002-g5f0b154b2477 #3 Not tainted
[   33.983886] ---------------------------------
[   33.992889] inconsistent {SOFTIRQ-ON-W} -> {IN-SOFTIRQ-W} usage.
[   34.005310] init/1 [HC0[0]:SC1[1]:HE1:SE0] takes:
[   34.015045]  (mnt_id_lock){+.?...}, at: [<c02c28c4>] mnt_free_id+0x10/0x44
{SOFTIRQ-ON-W} state was registered at:
[   34.036712]   [   34.039825] [<c07e4f78>] _raw_spin_lock+0x28/0x38
[   34.049560]   [   34.052642] [<c02c2994>] alloc_vfsmnt+0x3c/0x1d8
[   34.062194]   [   34.065246] [<c02c2b90>] vfs_kern_mount+0x2c/0x12c
[   34.075164]   [   34.078277] [<c0b251b8>] mnt_init+0x15c/0x24c
[   34.087280]   [   34.090362] [<c0b24df0>] vfs_caches_init+0x58/0x78
[   34.100280]   [   34.103363] [<c0b00bec>] start_kernel+0x320/0x3bc
[   34.113098]   [   34.116149] [<8000807c>] 0x8000807c
[   34.123382] irq event stamp: 552164
[   34.130584] hardirqs last  enabled at (552164): [<c07e5934>] __irq_svc+0x74/0x98
[   34.145904] hardirqs last disabled at (552163): [<c07e5920>] __irq_svc+0x60/0x98
[   34.161193] softirqs last  enabled at (552092): [<c013e33c>] __do_softirq+0x428/0x560
[   34.177398] softirqs last disabled at (552135): [<c013e7f0>] irq_exit+0xec/0x160
[   34.192687] 
[   34.192687] other info that might help us debug this:
[   34.206207]  Possible unsafe locking scenario:
[   34.206207] 
[   34.218444]        CPU0
[   34.223480]        ----
[   34.228546]   lock(mnt_id_lock);
[   34.235229]   <Interrupt>
[   34.240661]     lock(mnt_id_lock);
[   34.247711] 
[   34.247711]  *** DEADLOCK ***
[   34.247711] 
[   34.259948] 2 locks held by init/1:
[   34.267150]  #0:  (&mm->mmap_sem){++++++}, at: [<c07e6338>] do_page_fault+0xe0/0x3f8
[   34.283233]  #1:  (rcu_callback){......}, at: [<c01b1970>] rcu_process_callbacks+0x484/0x8b8
[   34.300750] 
[   34.300750] stack backtrace:
[   34.309783] CPU: 0 PID: 1 Comm: init Not tainted 4.9.0-next-20161213-00002-g5f0b154b2477 #3
[   34.327026] Hardware name: Nokia RX-51 board
[   34.335906] [<c0110124>] (unwind_backtrace) from [<c010c344>] (show_stack+0x10/0x14)
[   34.351928] [<c010c344>] (show_stack) from [<c04973ec>] (dump_stack+0xb0/0xe4)
[   34.366882] [<c04973ec>] (dump_stack) from [<c0195f3c>] (print_usage_bug+0x1e0/0x2d4)
[   34.383087] [<c0195f3c>] (print_usage_bug) from [<c019620c>] (mark_lock+0x1dc/0x6c4)
[   34.399139] [<c019620c>] (mark_lock) from [<c0197288>] (__lock_acquire+0x5c0/0x18f8)
[   34.415161] [<c0197288>] (__lock_acquire) from [<c01989d0>] (lock_acquire+0xd8/0x238)
[   34.431365] [<c01989d0>] (lock_acquire) from [<c07e4f78>] (_raw_spin_lock+0x28/0x38)
[   34.447387] [<c07e4f78>] (_raw_spin_lock) from [<c02c28c4>] (mnt_free_id+0x10/0x44)
[   34.463256] [<c02c28c4>] (mnt_free_id) from [<c02c2b3c>] (free_vfsmnt+0xc/0x34)
[   34.478363] [<c02c2b3c>] (free_vfsmnt) from [<c01b19b8>] (rcu_process_callbacks+0x4cc/0x8b8)
[   34.495819] [<c01b19b8>] (rcu_process_callbacks) from [<c013dfd8>] (__do_softirq+0xc4/0x560)
[   34.513305] [<c013dfd8>] (__do_softirq) from [<c013e7f0>] (irq_exit+0xec/0x160)
[   34.528442] [<c013e7f0>] (irq_exit) from [<c01a4e6c>] (__handle_domain_irq+0x6c/0xe0)
[   34.544647] [<c01a4e6c>] (__handle_domain_irq) from [<c07e5930>] (__irq_svc+0x70/0x98)
[   34.561035] [<c07e5930>] (__irq_svc) from [<c0244de4>] (__alloc_pages_nodemask+0x1a8/0xe80)
[   34.578338] [<c0244de4>] (__alloc_pages_nodemask) from [<c02704b0>] (wp_page_copy+0x4c/0x5a8)
[   34.595977] [<c02704b0>] (wp_page_copy) from [<c0272e58>] (do_wp_page+0x140/0x544)
[   34.611663] [<c0272e58>] (do_wp_page) from [<c0274248>] (handle_mm_fault+0x5c4/0xcf8)
[   34.627868] [<c0274248>] (handle_mm_fault) from [<c07e6554>] (do_page_fault+0x2fc/0x3f8)
[   34.644592] [<c07e6554>] (do_page_fault) from [<c0101358>] (do_DataAbort+0x34/0xb4)
[   34.660461] [<c0101358>] (do_DataAbort) from [<c07e5cc8>] (__dabt_usr+0x48/0x60)
[   34.675750] Exception stack(0xce0affb0 to 0xce0afff8)
[   34.686218] ffa0:                                     0000032b 00000000 00000000 b6f696b0
[   34.703124] ffc0: 0000032b be8cb888 b6f84360 be8cb898 b6f84820 00000000 00000001 b6f68000
[   34.720062] ffe0: 00000078 be8cb880 b6ef7e77 b6edaeee 60070030 ffffffff
 _____                    _____           _         _   
|  _  |___ ___ ___ ___   |  _  |___ ___  |_|___ ___| |_ 
|     |  _| .'| . | . |  |   __|  _| . | | | -_|  _|  _|
|__|__|_| |__,|_  |___|  |__|  |_| |___|_| |___|___|_|  
              |___|                    |___|            
Arago Project http://arago-project.org NokiaRX-51board tty-bd
Arago 2013.12 NokiaRX-51board tty-bd
NokiaRX-51board login: 
- 00:51:22 [INFO] Host: root
- 00:51:22 [INFO] Target: 
root
root@NokiaRX-51board:~# 
- 00:51:22 [INFO] Sleeping 15 secs to allow systemd to finish starting processes...
- 00:51:37 [INFO] Disconnected serial from n900
- 00:51:37 [INFO] Connected to n900 via serial 
- 00:51:37 [INFO] Host: uname -a
- 00:51:37 [INFO] Target: 
uname -a
Linux NokiaRX-51board 4.9.0-next-20161213-00002-g5f0b154b2477 #3 SMP Tue Dec 13 00:35:11 CST 2016 armv7l GNU/Linux
root@NokiaRX-51board:~# 
- 00:51:37 [INFO] Host: cat /proc/cmdline
- 00:51:37 [INFO] Target: 
cat /proc/cmdline
console=ttyO2,57600n8 vram=16M earlyprintk=serial,ttyO2,115200n8 rootwait  root=/dev/mmcblk0p2 rw rootfstype=ext3 rootwait 
root@NokiaRX-51board:~# 
- 00:51:37 [INFO] Host: uname -a
- 00:51:37 [INFO] Target: 
uname -a
Linux NokiaRX-51board 4.9.0-next-20161213-00002-g5f0b154b2477 #3 SMP Tue Dec 13 00:35:11 CST 2016 armv7l GNU/Linux
root@NokiaRX-51board:~# 
- 00:51:37 [INFO] Host: cat /proc/mtd
- 00:51:37 [INFO] Target: 
cat /proc/mtd
dev:    size   erasesize  name
mtd0: 00020000 00020000 "bootloader"
mtd1: 00060000 00020000 "config"
mtd2: 00040000 00020000 "log"
mtd3: 00200000 00020000 "kernel"
mtd4: 00200000 00020000 "initfs"
mtd5: 0fb40000 00020000 "rootfs"
root@NokiaRX-51board:~# 
- 00:51:37 [INFO] Host: cat /proc/diskstats
- 00:51:38 [INFO] Target: 
cat /proc/diskstats
   1       0 ram0 0 0 0 0 0 0 0 0 0 0 0
   1       1 ram1 0 0 0 0 0 0 0 0 0 0 0
   1       2 ram2 0 0 0 0 0 0 0 0 0 0 0
   1       3 ram3 0 0 0 0 0 0 0 0 0 0 0
   1       4 ram4 0 0 0 0 0 0 0 0 0 0 0
   1       5 ram5 0 0 0 0 0 0 0 0 0 0 0
   1       6 ram6 0 0 0 0 0 0 0 0 0 0 0
   1       7 ram7 0 0 0 0 0 0 0 0 0 0 0
   1       8 ram8 0 0 0 0 0 0 0 0 0 0 0
   1       9 ram9 0 0 0 0 0 0 0 0 0 0 0
   1      10 ram10 0 0 0 0 0 0 0 0 0 0 0
   1      11 ram11 0 0 0 0 0 0 0 0 0 0 0
   1      12 ram12 0 0 0 0 0 0 0 0 0 0 0
   1      13 ram13 0 0 0 0 0 0 0 0 0 0 0
   1      14 ram14 0 0 0 0 0 0 0 0 0 0 0
   1      15 ram15 0 0 0 0 0 0 0 0 0 0 0
   7       0 loop0 0 0 0 0 0 0 0 0 0 0 0
   7       1 loop1 0 0 0 0 0 0 0 0 0 0 0
   7       2 loop2 0 0 0 0 0 0 0 0 0 0 0
   7       3 loop3 0 0 0 0 0 0 0 0 0 0 0
   7       4 loop4 0 0 0 0 0 0 0 0 0 0 0
   7       5 loop5 0 0 0 0 0 0 0 0 0 0 0
   7       6 loop6 0 0 0 0 0 0 0 0 0 0 0
   7       7 loop7 0 0 0 0 0 0 0 0 0 0 0
  31       0 mtdblock0 0 0 0 0 0 0 0 0 0 0 0
  31       1 mtdblock1 0 0 0 0 0 0 0 0 0 0 0
  31       2 mtdblock2 0 0 0 0 0 0 0 0 0 0 0
  31       3 mtdblock3 0 0 0 0 0 0 0 0 0 0 0
  31       4 mtdblock4 0 0 0 0 0 0 0 0 0 0 0
  31       5 mtdblock5 0 0 0 0 0 0 0 0 0 0 0
 179       0 mmcblk0 1289 609 25681 7990 15 18 264 2190 0 6150 10170
 179       1 mmcblk0p1 159 0 1220 2410 0 0 0 0 0 2410 2410
 179       2 mmcblk0p2 1116 609 24349 5560 15 18 264 2190 0 5190 7740
 179       8 mmcblk1 84 0 672 470 0 0 0 0 0 470 470
 179      24 mmcblk1boot1 10 0 80 50 0 0 0 0 0 50 50
 179      16 mmcblk1boot0 10 0 80 170 0 0 0 0 0 170 170
root@NokiaRX-51board:~# 
- 00:51:38 [INFO] Host: cat /proc/interrupts
- 00:51:38 [INFO] Target: 
cat /proc/interrupts
           CPU0       
 23:          0      INTC   7 Edge      TWL4030-PIH
 25:          0      INTC   9 Edge      l3-debug-irq
 26:          0      INTC  10 Edge      l3-app-irq
 28:          0      INTC  12 Edge      DMA
 29:       2378      INTC  13 Edge      omap-dma-engine
 36:          0      INTC  20 Edge      gpmc
 40:          0      INTC  24 Edge      480bd400.mmu
 45:          0      INTC  29 Edge      48310000.gpio
 46:          0      INTC  30 Edge      49050000.gpio
 47:          0      INTC  31 Edge      49052000.gpio
 48:          0      INTC  32 Edge      49054000.gpio
 49:          0      INTC  33 Edge      49056000.gpio
 50:          0      INTC  34 Edge      49058000.gpio
 53:       3468      INTC  37 Edge      gp_timer
 72:       1180      INTC  56 Edge      48070000.i2c
 73:          0      INTC  57 Edge      48072000.i2c
 77:          0      INTC  61 Edge      48060000.i2c
 90:        666      INTC  74 Edge      OMAP UART2
 99:       4075      INTC  83 Edge      mmc0
102:        390      INTC  86 Edge      mmc1
272:          0  49058000.gpio   0 Edge      4809c000.mmc cd
304:        208      PRCM Edge      pm_wkup
313:          0      PRCM Edge      pinctrl, pinctrl, pinctrl, pm_io
337:          0   pinctrl 366 Edge      49020000.serial
338:          0   twl4030   0 Edge      twl4030_gpio
343:          0   twl4030   5 Edge      twl4030_power
IPI0:          0  CPU wakeup interrupts
IPI1:          0  Timer broadcast interrupts
IPI2:          0  Rescheduling interrupts
IPI3:          0  Function call interrupts
IPI4:          0  CPU stop interrupts
IPI5:          0  IRQ work interrupts
IPI6:          0  completion interrupts
Err:          0
root@NokiaRX-51board:~# 
- 00:51:38 [INFO] Host: cat /proc/softirqs
- 00:51:38 [INFO] Target: 
cat /proc/softirqs
                    CPU0       
          HI:          0
       TIMER:       3402
      NET_TX:          0
      NET_RX:          0
       BLOCK:          0
    IRQ_POLL:          0
     TASKLET:       1418
       SCHED:          0
     HRTIMER:          0
         RCU:       6881
root@NokiaRX-51board:~# 
- 00:51:45 [INFO] Host: export IPERFHOST=192.168.1.254
- 00:51:45 [INFO] Target: 
[   59.773162] random: crng init done
export IPERFHOST=192.168.1.254
root@NokiaRX-51board:~# 
- 00:51:45 [INFO] Host: export NFS_SERVER=192.168.1.254
- 00:51:46 [INFO] Target: 
export NFS_SERVER=192.168.1.254
root@NokiaRX-51board:~# 
- 00:51:46 [INFO] Host: export NFS_ROOT_PATH=/home/NFS_exports/n900
- 00:51:46 [INFO] Target: 
export NFS_ROOT_PATH=/home/NFS_exports/n900
root@NokiaRX-51board:~# 
- 00:51:46 [INFO] Host: export AP_SSID=
- 00:51:46 [INFO] Target: 
export AP_SSID=
root@NokiaRX-51board:~# 
- 00:51:46 [INFO] Host: mkdir -p -m 777 /test
- 00:51:46 [INFO] Target: 
mkdir -p -m 777 /test
root@NokiaRX-51board:~# 
- 00:51:46 [INFO] Host: cd /test
- 00:51:46 [INFO] Target: 
cd /test
root@NokiaRX-51board:/test# 
- 00:51:46 [INFO] Host: cat > test.sh << EOF
- 00:51:46 [INFO] Target: 
cat > test.sh << EOF
- 00:51:46 [INFO] Host: failtest() {
- 00:51:46 [INFO] Target: 
failtest() {
- 00:51:46 [INFO] Host:   echo 1 >&3
- 00:51:46 [INFO] Target: 
  echo 1 >&3
- 00:51:46 [INFO] Host: }
- 00:51:46 [INFO] Target: 
- 00:51:46 [INFO] Host: timeout=600
- 00:51:46 [INFO] Target: 
timeout=600
- 00:51:46 [INFO] Host: 
- 00:51:47 [INFO] Target: 
- 00:51:47 [INFO] Host: # Start of user's script logic
- 00:51:47 [INFO] Target: 
# Start of user's script logic
- 00:51:47 [INFO] Host: mount -t proc proc /proc 2>/dev/null;
- 00:51:47 [INFO] Target: 
mount -t proc proc /proc 2>/dev/null;
- 00:51:47 [INFO] Host: 
- 00:51:47 [INFO] Target: 
- 00:51:47 [INFO] Host: mount -t sysfs sys /sys 2>/dev/null;
- 00:51:47 [INFO] Target: 
mount -t sysfs sys /sys 2>/dev/null;
- 00:51:47 [INFO] Host: 
- 00:51:47 [INFO] Target: 
- 00:51:47 [INFO] Host: mount -t debugfs none /sys/kernel/debug 2>/dev/null;
- 00:51:47 [INFO] Target: 
mount -t debugfs none /sys/kernel/debug 2>/dev/null;
- 00:51:47 [INFO] Host: 
- 00:51:47 [INFO] Target: 
- 00:51:47 [INFO] Host: echo 'cpuinfo:';cat /proc/cpuinfo; echo '=======';
- 00:51:47 [INFO] Target: 
echo 'cpuinfo:';cat /proc/cpuinfo; echo '=======';
- 00:51:47 [INFO] Host: 
- 00:51:47 [INFO] Target: 
- 00:51:47 [INFO] Host: echo 'soc info:';head /sys/devices/soc0/* 2>/dev/null; echo '=======';
- 00:51:48 [INFO] Target: 
echo 'soc info:';head /sys/devices/soc0/* 2>/dev/null; echo '=======';
- 00:51:48 [INFO] Host: 
- 00:51:48 [INFO] Target: 
- 00:51:48 [INFO] Host: echo 'DT Model info'; head /proc/device-tree/name /proc/device-tree/model /proc/device-tree/compatible 2>/dev/null;echo; echo '=======';
- 00:51:48 [INFO] Target: 
echo 'DT Model info'; head /proc/device-tree/name /proc/device-tree/model /pro 
c/device-tree/compatible 2>/dev/null;echo; echo '=======';
- 00:51:48 [INFO] Host: 
- 00:51:48 [INFO] Target: 
- 00:51:48 [INFO] Host: echo 'interrupts:';cat /proc/interrupts; echo '=======';
- 00:51:48 [INFO] Target: 
echo 'interrupts:';cat /proc/interrupts; echo '=======';
- 00:51:48 [INFO] Host: 
- 00:51:48 [INFO] Target: 
- 00:51:48 [INFO] Host: echo 'Clk_summary:';cat /sys/kernel/debug/clk/clk_summary; echo '=======';
- 00:51:48 [INFO] Target: 
echo 'Clk_summary:';cat /sys/kernel/debug/clk/clk_summary; echo '=======';
- 00:51:48 [INFO] Host: 
- 00:51:48 [INFO] Target: 
- 00:51:48 [INFO] Host: echo "Available frequencies"; cat /sys/devices/system/cpu/cpu0/cpufreq/scaling_available_frequencies 2>/dev/null;echo '=======';
- 00:51:48 [INFO] Target: 
echo "Available frequencies"; cat /sys/devices/system/cpu/cpu0/cpufreq/scaling 
_available_frequencies 2>/dev/null;echo '=======';
- 00:51:48 [INFO] Host: 
- 00:51:48 [INFO] Target: 
- 00:51:48 [INFO] Host: TMPF=/tmp/a.\$\$; TMPF2=/tmp/b.\$\$; STR=""
- 00:51:49 [INFO] Target: 
TMPF=/tmp/a.\$\$; TMPF2=/tmp/b.\$\$; STR=""
- 00:51:49 [INFO] Host: 
- 00:51:49 [INFO] Target: 
- 00:51:49 [INFO] Host: cp /dev/kmsg \$TMPF &
- 00:51:49 [INFO] Target: 
cp /dev/kmsg \$TMPF &
- 00:51:49 [INFO] Host: 
- 00:51:49 [INFO] Target: 
- 00:51:49 [INFO] Host: PID=\$! ; sleep 5; kill -9 \$PID
- 00:51:49 [INFO] Target: 
PID=\$! ; sleep 5; kill -9 \$PID
- 00:51:49 [INFO] Host: 
- 00:51:49 [INFO] Target: 
- 00:51:49 [INFO] Host: 
- 00:51:49 [INFO] Target: 
- 00:51:49 [INFO] Host: 
- 00:51:49 [INFO] Target: 
- 00:51:49 [INFO] Host: cat \$TMPF|grep "^0">\$TMPF2; N=\`cat \$TMPF2|wc -l\`; if [ "\$N" -ne 0 ]; then STR="\$STR emerg=\$N";echo "===== EMERGE++";cat \$TMPF2|cut -d ';' -f2;echo "====="; fi
- 00:51:49 [INFO] Target: 
cat \$TMPF|grep "^0">\$TMPF2; N=\`cat \$TMPF2|wc -l\`; if [ "\$N" -ne 0 ]; the 
n STR="\$STR emerg=\$N";echo "===== EMERGE++";cat \$TMPF2|cut -d ';' -f2;echo "= 
===="; fi
- 00:51:49 [INFO] Host: 
- 00:51:49 [INFO] Target: 
- 00:51:49 [INFO] Host: cat \$TMPF|grep "^1">\$TMPF2; N=\`cat \$TMPF2|wc -l\`; if [ "\$N" -ne 0 ]; then STR="\$STR alert=\$N";echo "===== ALERT ==";cat \$TMPF2|cut -d ';' -f2;echo "====="; fi
- 00:51:50 [INFO] Target: 
cat \$TMPF|grep "^1">\$TMPF2; N=\`cat \$TMPF2|wc -l\`; if [ "\$N" -ne 0 ]; the 
n STR="\$STR alert=\$N";echo "===== ALERT ==";cat \$TMPF2|cut -d ';' -f2;echo "= 
===="; fi
- 00:51:50 [INFO] Host: 
- 00:51:50 [INFO] Target: 
- 00:51:50 [INFO] Host: cat \$TMPF|grep "^2">\$TMPF2; N=\`cat \$TMPF2|wc -l\`; if [ "\$N" -ne 0 ]; then STR="\$STR crit=\$N";echo "===== CRIT ==";cat \$TMPF2|cut -d ';' -f2;echo "====="; fi
- 00:51:50 [INFO] Target: 
cat \$TMPF|grep "^2">\$TMPF2; N=\`cat \$TMPF2|wc -l\`; if [ "\$N" -ne 0 ]; the 
n STR="\$STR crit=\$N";echo "===== CRIT ==";cat \$TMPF2|cut -d ';' -f2;echo "=== 
=="; fi
- 00:51:50 [INFO] Host: 
- 00:51:50 [INFO] Target: 
- 00:51:50 [INFO] Host: cat \$TMPF|grep "^3">\$TMPF2; N=\`cat \$TMPF2|wc -l\`; if [ "\$N" -ne 0 ]; then STR="\$STR err=\$N";echo "===== ERR ==";cat \$TMPF2|cut -d ';' -f2;echo "=====" ;fi
- 00:51:50 [INFO] Target: 
cat \$TMPF|grep "^3">\$TMPF2; N=\`cat \$TMPF2|wc -l\`; if [ "\$N" -ne 0 ]; the 
n STR="\$STR err=\$N";echo "===== ERR ==";cat \$TMPF2|cut -d ';' -f2;echo "===== 
" ;fi
- 00:51:50 [INFO] Host: 
- 00:51:50 [INFO] Target: 
- 00:51:50 [INFO] Host: cat \$TMPF|grep "^4">\$TMPF2; N=\`cat \$TMPF2|wc -l\`; if [ "\$N" -ne 0 ]; then STR="\$STR warn=\$N";echo "===== WARN ==";cat \$TMPF2|cut -d ';' -f2;echo "=====" ;fi
- 00:51:50 [INFO] Target: 
cat \$TMPF|grep "^4">\$TMPF2; N=\`cat \$TMPF2|wc -l\`; if [ "\$N" -ne 0 ]; the 
n STR="\$STR warn=\$N";echo "===== WARN ==";cat \$TMPF2|cut -d ';' -f2;echo "=== 
==" ;fi
- 00:51:50 [INFO] Host: 
- 00:51:50 [INFO] Target: 
- 00:51:50 [INFO] Host: rm \$TMPF \$TMPF2; echo "SUM""MARY RESULT: BOOT:" 'PASS: H''ello World' 'B''oard' "Booted" "Boot Log has::::\$STR:"
- 00:51:50 [INFO] Target: 
rm \$TMPF \$TMPF2; echo "SUM""MARY RESULT: BOOT:" 'PASS: H''ello World' 'B''oa 
rd' "Booted" "Boot Log has::::\$STR:"
- 00:51:50 [INFO] Host: 
- 00:51:50 [INFO] Target: 
- 00:51:50 [INFO] Host: EOF
- 00:51:51 [INFO] Target: 
root@NokiaRX-51board:/test# 
- 00:51:51 [INFO] Host: cd /test
- 00:51:51 [INFO] Target: 
cd /test
root@NokiaRX-51board:/test# 
- 00:51:51 [INFO] Host: chmod +x test.sh
- 00:51:51 [INFO] Target: 
chmod +x test.sh
root@NokiaRX-51board:/test# 
- 00:51:51 [INFO] Host: ./test.sh 2> stderr.log > stdout.log 3> result.log
- 00:51:57 [INFO] Target: 
./test.sh 2> stderr.log > stdout.log 3> result.log
root@NokiaRX-51board:/test# 
- 00:51:57 [INFO] Host: echo $?
- 00:51:57 [INFO] Target: 
echo $?
root@NokiaRX-51board:/test# 
- 00:51:57 [INFO] Host: cd /test
- 00:51:57 [INFO] Target: 
cd /test
root@NokiaRX-51board:/test# 
- 00:51:57 [INFO] Host: cat stdout.log
- 00:52:02 [INFO] Target: 
cat stdout.log
cpuinfo:
processor	: 0
model name	: ARMv7 Processor rev 3 (v7l)
BogoMIPS	: 493.97
Features	: half thumb fastmult vfp edsp thumbee neon vfpv3 tls vfpd32 
CPU implementer	: 0x41
CPU architecture: 7
CPU variant	: 0x1
CPU part	: 0xc08
CPU revision	: 3
Hardware	: Nokia RX-51 board
Revision	: 2201
Serial		: 0000000000000000
=======
soc info:
==> /sys/devices/soc0/deferred_probe <==
==> /sys/devices/soc0/family <==
OMAP3
==> /sys/devices/soc0/machine <==
OMAP3430/3530
==> /sys/devices/soc0/power <==
==> /sys/devices/soc0/revision <==
ES3.1
==> /sys/devices/soc0/subsystem <==
==> /sys/devices/soc0/type <==
==> /sys/devices/soc0/uevent <==
=======
DT Model info
==> /proc/device-tree/name <==
==> /proc/device-tree/model <==
Nokia N900
==> /proc/device-tree/compatible <==
nokia,omap3-n900ti,omap3430ti,omap3
=======
interrupts:
           CPU0       
 23:          0      INTC   7 Edge      TWL4030-PIH
 25:          0      INTC   9 Edge      l3-debug-irq
 26:          0      INTC  10 Edge      l3-app-irq
 28:          0      INTC  12 Edge      DMA
 29:       2379      INTC  13 Edge      omap-dma-engine
 36:          0      INTC  20 Edge      gpmc
 40:          0      INTC  24 Edge      480bd400.mmu
 45:          0      INTC  29 Edge      48310000.gpio
 46:          0      INTC  30 Edge      49050000.gpio
 47:          0      INTC  31 Edge      49052000.gpio
 48:          0      INTC  32 Edge      49054000.gpio
 49:          0      INTC  33 Edge      49056000.gpio
 50:          0      INTC  34 Edge      49058000.gpio
 53:       3705      INTC  37 Edge      gp_timer
 72:       1180      INTC  56 Edge      48070000.i2c
 73:          0      INTC  57 Edge      48072000.i2c
 77:          0      INTC  61 Edge      48060000.i2c
 90:       8554      INTC  74 Edge      OMAP UART2
 99:       4078      INTC  83 Edge      mmc0
102:        390      INTC  86 Edge      mmc1
272:          0  49058000.gpio   0 Edge      4809c000.mmc cd
304:        410      PRCM Edge      pm_wkup
313:          0      PRCM Edge      pinctrl, pinctrl, pinctrl, pm_io
337:          0   pinctrl 366 Edge      49020000.serial
338:          0   twl4030   0 Edge      twl4030_gpio
343:          0   twl4030   5 Edge      twl4030_power
IPI0:          0  CPU wakeup interrupts
IPI1:          0  Timer broadcast interrupts
IPI2:          0  Rescheduling interrupts
IPI3:          0  Function call interrupts
IPI4:          0  CPU stop interrupts
IPI5:          0  IRQ work interrupts
IPI6:          0  completion interrupts
Err:          0
=======
Clk_summary:
   clock                         enable_cnt  prepare_cnt        rate   accuracy   phase
----------------------------------------------------------------------------------------
 secure_32k_fck                           0            0       32768          0 0  
    wdt1_fck                              0            0       32768          0 0  
    gpt12_fck                             0            0       32768          0 0  
 dummy_ck                                 0            0           0          0 0  
 mcbsp_clks                               0            5           0          0 0  
 sys_altclk                               0            0           0          0 0  
 virt_38_4m_ck                            0            0    38400000          0 0  
 virt_26000000_ck                         0            0    26000000          0 0  
 virt_19200000_ck                         1            1    19200000          0 0  
    osc_sys_ck                            1            1    19200000          0 0  
       sys_clkout1                        0            0    19200000          0 0  
       sys_ck                             3           18    19200000          0 0  
          gpt9_fck                        0            1    19200000          0 0  
          gpt8_fck                        0            1    19200000          0 0  
          gpt7_fck                        0            1    19200000          0 0  
          gpt6_fck                        0            1    19200000          0 0  
          gpt5_fck                        0            1    19200000          0 0  
          gpt4_fck                        0            1    19200000          0 0  
          gpt3_fck                        0            1    19200000          0 0  
          gpt2_fck                        0            1    19200000          0 0  
          cpefuse_fck                     0            0    19200000          0 0  
          dpll5_ck                        0            1   960000000          0 0  
             dpll5_m2_ck                  0            1   120000000          0 0  
                dpll5_m2_d20_ck           0            0     6000000          0 0  
                dpll5_m2_d16_ck           0            0     7500000          0 0  
                dpll5_m2_d8_ck            0            0    15000000          0 0  
                dpll5_m2_d4_ck            0            0    30000000          0 0  
                usbhost_120m_fck           0            0   120000000          0 0  
                usbtll_fck                0            1   120000000          0 0  
          sys_d2_ck                       0            0     9600000          0 0  
             usim_fck                     0            0     9600000          0 0  
          modem_fck                       0            0    19200000          0 0  
          dpll2_ck                        0            1   249600000          0 0  
             dpll2_m2_ck                  0            1   249600000          0 0  
                iva2_ck                   0            2   249600000          0 0  
          sr2_fck                         0            1    19200000          0 0  
          sr1_fck                         0            1    19200000          0 0  
          traceclk_src_fck                0            0    19200000          0 0  
             traceclk_fck                 0            0    19200000          0 0  
          emu_src_mux_ck                  0            1    19200000          0 0  
             emu_src_ck                   0            1    19200000          0 0  
                atclk_fck                 0            0    19200000          0 0  
                pclkx2_fck                0            0    19200000          0 0  
                pclk_fck                  0            0     9600000          0 0  
          dss2_alwon_fck                  0            2    19200000          0 0  
          dpll1_ck                        0            1   500000000          0 0  
             dpll1_x2_ck                  0            1  1000000000          0 0  
                dpll1_x2m2_ck             0            1  1000000000          0 0  
                   mpu_ck                 0            1  1000000000          0 0  
                      emu_mpu_alwon_ck           0            0  1000000000          0 0  
                      arm_fck             0            1   500000000          0 0  
          dpll3_ck                        1            1   664000000          0 0  
             dpll3_x2_ck                  0            0  1328000000          0 0  
             dpll3_m2_ck                  1            2   332000000          0 0  
                dpll3_m2x2_ck             0            1   664000000          0 0  
                   corex2_fck             0            1   664000000          0 0  
                      ssi_ssr_fck_3430es2           0            1   221333334          0 0  
                         ssi_sst_fck_3430es2           0            0   110666667          0 0  
                      corex2_d5_fck           0            0   132800000          0 0  
                      corex2_d3_fck           0            0   221333333          0 0  
                core_ck                   1            1   332000000          0 0  
                   core_d2_ck             0            0   166000000          0 0  
                   core_d6_ck             0            0    55333333          0 0  
                   core_d4_ck             0            0    83000000          0 0  
                   core_d3_ck             0            0   110666666          0 0  
                      sgx_fck             0            0   110666666          0 0  
                   dpll2_fck              0            0   332000000          0 0  
                   l3_ick                 2            3   166000000          0 0  
                      sgx_ick             0            0   166000000          0 0  
                      mad2d_ick           0            0   166000000          0 0  
                      sad2d_ick           0            1   166000000          0 0  
                      security_l3_ick           0            0   166000000          0 0  
                         pka_ick           0            0   166000000          0 0  
                      core_l3_ick           8           10   166000000          0 0  
                         hsotgusb_ick_3430es2           0            1   166000000          0 0  
                         gpmc_fck           2            2   166000000          0 0  
                         sdrc_ick           1            1   166000000          0 0  
                      l4_ick              7            8    83000000          0 0  
                         usbhost_ick           1            1    83000000          0 0  
                         dss_ick_3430es2           4            6    83000000          0 0  
                         sr_l4_ick           2            2    83000000          0 0  
                         ssi_l4_ick           1            1    83000000          0 0  
                            ssi_ick_3430es2           1            1    83000000          0 0  
                         cam_ick           0            1    83000000          0 0  
                         security_l4_ick2           0            0    83000000          0 0  
                            des1_ick           0            0    83000000          0 0  
                            sha11_ick           0            0    83000000          0 0  
                            rng_ick           0            0    83000000          0 0  
                            aes1_ick           0            0    83000000          0 0  
                         per_l4_ick          13           17    83000000          0 0  
                            mcbsp4_ick           1            1    83000000          0 0  
                            mcbsp3_ick           2            3    83000000          0 0  
                            mcbsp2_ick           2            3    83000000          0 0  
                            gpt2_ick           1            1    83000000          0 0  
                            gpt3_ick           1            1    83000000          0 0  
                            gpt4_ick           1            1    83000000          0 0  
                            gpt5_ick           1            1    83000000          0 0  
                            gpt6_ick           1            1    83000000          0 0  
                            gpt7_ick           1            1    83000000          0 0  
                            gpt8_ick           1            1    83000000          0 0  
                            gpt9_ick           1            1    83000000          0 0  
                            uart4_ick           0            0    83000000          0 0  
                            uart3_ick           1            1    83000000          0 0  
                            wdt3_ick           0            0    83000000          0 0  
                            gpio2_ick           0            1    83000000          0 0  
                            gpio3_ick           0            1    83000000          0 0  
                            gpio4_ick           0            1    83000000          0 0  
                            gpio5_ick           0            1    83000000          0 0  
                            gpio6_ick           1            1    83000000          0 0  
                         core_l4_ick          20           22    83000000          0 0  
                            mmchs3_ick           1            1    83000000          0 0  
                            usbtll_ick           1            1    83000000          0 0  
                            mailboxes_ick           0            1    83000000          0 0  
                            mspro_ick           0            0    83000000          0 0  
                            des2_ick           0            0    83000000          0 0  
                            icr_ick           0            0    83000000          0 0  
                            sha12_ick           1            2    83000000          0 0  
                            aes2_ick           0            0    83000000          0 0  
                            omapctrl_ick           1            1    83000000          0 0  
                            mcbsp1_ick           1            1    83000000          0 0  
                            mcbsp5_ick           1            1    83000000          0 0  
                            gpt10_ick           1            1    83000000          0 0  
                            gpt11_ick           1            1    83000000          0 0  
                            uart1_ick           1            1    83000000          0 0  
                            uart2_ick           1            1    83000000          0 0  
                            i2c1_ick           1            1    83000000          0 0  
                            i2c2_ick           1            1    83000000          0 0  
                            i2c3_ick           1            1    83000000          0 0  
                            mcspi1_ick           1            1    83000000          0 0  
                            mcspi2_ick           1            1    83000000          0 0  
                            mcspi3_ick           1            1    83000000          0 0  
                            mcspi4_ick           1            1    83000000          0 0  
                            hdq_ick           0            1    83000000          0 0  
                            mmchs1_ick           1            1    83000000          0 0  
                            mmchs2_ick           1            1    83000000          0 0  
                         rm_ick           0            0    41500000          0 0  
                   dpll1_fck              0            0   166000000          0 0  
             dpll3_m3_ck                  0            0   221333334          0 0  
                dpll3_m3x2_mul_ck           0            0   442666668          0 0  
                   dpll3_m3x2_ck           0            0   442666668          0 0  
                      emu_core_alwon_ck           0            0   442666668          0 0  
          dpll4_ck                        1            3   432000000          0 0  
             dpll4_x2_ck                  0            0   864000000          0 0  
             dpll4_m6_ck                  0            0   144000000          0 0  
                dpll4_m6x2_mul_ck           0            0   288000000          0 0  
                   dpll4_m6x2_ck           0            0   288000000          0 0  
                      emu_per_alwon_ck           0            0   288000000          0 0  
             dpll4_m5_ck                  0            0   108000000          0 0  
                dpll4_m5x2_mul_ck           0            0   216000000          0 0  
                   dpll4_m5x2_ck           0            0   216000000          0 0  
                      cam_mclk            0            0   216000000          0 0  
             dpll4_m4_ck                  0            1    48000000          0 0  
                dpll4_m4x2_mul_ck           0            1    96000000          0 0  
                   dpll4_m4x2_ck           0            1    96000000          0 0  
                      dss1_alwon_fck_3430es2           0            4    96000000          0 0  
             dpll4_m3_ck                  0            1    27000000          0 0  
                dpll4_m3x2_mul_ck           0            1    54000000          0 0  
                   dpll4_m3x2_ck           0            1    54000000          0 0  
                      omap_54m_fck           0            1    54000000          0 0  
                         clkout2_src_ck           0            0    54000000          0 0  
                            sys_clkout2           0            0    54000000          0 0  
                         dss_tv_fck           0            2    54000000          0 0  
             dpll4_m2_ck                  1            1    48000000          0 0  
                dpll4_m2x2_mul_ck           1            1    96000000          0 0  
                   dpll4_m2x2_ck           1            1    96000000          0 0  
                      omap_192m_alwon_fck           0            0    96000000          0 0  
                      omap_96m_alwon_fck           1            2    96000000          0 0  
                         per_96m_fck           0            6    96000000          0 0  
                            mcbsp4_fck           0            1    96000000          0 0  
                            mcbsp3_fck           0            1    96000000          0 0  
                            mcbsp2_fck           0            1    96000000          0 0  
                         cm_96m_fck           1            2    96000000          0 0  
                            cm_96m_d2_fck           1            1    48000000          0 0  
                               omap_48m_fck           2            4    48000000          0 0  
                                  usbhost_48m_fck           0            1    48000000          0 0  
                                  per_48m_fck           1            1    48000000          0 0  
                                     uart3_fck           1            1    48000000          0 0  
                                  core_48m_fck           1            6    48000000          0 0  
                                     uart1_fck           0            1    48000000          0 0  
                                     uart2_fck           1            1    48000000          0 0  
                                     mcspi1_fck           0            1    48000000          0 0  
                                     mcspi2_fck           0            1    48000000          0 0  
                                     mcspi3_fck           0            1    48000000          0 0  
                                     mcspi4_fck           0            1    48000000          0 0  
                                  omap_12m_fck           0            1    12000000          0 0  
                                     core_12m_fck           0            1    12000000          0 0  
                                        hdq_fck             0            1    12000000          0 0  
                            omap_96m_fck           0            2    96000000          0 0  
                               omap_96m_d10_fck           0            0     9600000          0 0  
                               omap_96m_d8_fck           0            0    12000000          0 0  
                               omap_96m_d4_fck           0            0    24000000          0 0  
                               omap_96m_d2_fck           0            0    48000000          0 0  
                               dss_96m_fck           0            2    96000000          0 0  
                               core_96m_fck           0           10    96000000          0 0  
                                  mcbsp1_fck           0            1    96000000          0 0  
                                  mcbsp5_fck           0            1    96000000          0 0  
                                  mmchs3_fck           0            1    96000000          0 0  
                                  mspro_fck           0            0    96000000          0 0  
                                  csi2_96m_fck           0            0    96000000          0 0  
                                  i2c1_fck           0            1    96000000          0 0  
                                  i2c2_fck           0            1    96000000          0 0  
                                  i2c3_fck           0            1    96000000          0 0  
                                  mmchs1_fck           0            1    96000000          0 0  
                                  mmchs2_fck           0            1    96000000          0 0  
          wkup_l4_ick                     3            4    19200000          0 0  
             usim_ick                     0            0    19200000          0 0  
             gpt1_ick                     1            1    19200000          0 0  
             gpt12_ick                    0            0    19200000          0 0  
             omap_32ksync_ick             1            1    19200000          0 0  
             gpio1_ick                    0            1    19200000          0 0  
             wdt1_ick                     0            0    19200000          0 0  
             wdt2_ick                     1            1    19200000          0 0  
 virt_13m_ck                              0            0    13000000          0 0  
 virt_12m_ck                              0            0    12000000          0 0  
 omap_32k_fck                             2            8       32768          0 0  
    gpt1_fck                              1            1       32768          0 0  
    gpt11_fck                             0            1       32768          0 0  
    gpt10_fck                             0            1       32768          0 0  
    ts_fck                                0            0       32768          0 0  
    per_32k_alwon_fck                     0            5       32768          0 0  
       wdt3_fck                           0            0       32768          0 0  
       gpio2_dbck                         0            2       32768          0 0  
       gpio3_dbck                         0            2       32768          0 0  
       gpio4_dbck                         0            2       32768          0 0  
       gpio5_dbck                         0            2       32768          0 0  
       gpio6_dbck                         0            2       32768          0 0  
    wkup_32k_fck                          1            3       32768          0 0  
       wdt2_fck                           0            1       32768          0 0  
       gpio1_dbck                         0            2       32768          0 0  
 dummy_apb_pclk                           0            0           0          0 0  
 virt_16_8m_ck                            0            0    16800000          0 0  
=======
Available frequencies
=======
===== ERR ==
mtdoops: mtd device (mtddev=name/number) must be supplied
omap2_set_init_voltage: unable to find boot up OPP for vdd_mpu_iva
omap2_set_init_voltage: unable to set vdd_mpu_iva
omap2_set_init_voltage: unable to find boot up OPP for vdd_core
omap2_set_init_voltage: unable to set vdd_core
smartreflex smartreflex.0: invalid resource
smartreflex smartreflex.0: omap_sr_probe: ioremap fail
smartreflex smartreflex.1: invalid resource
smartreflex smartreflex.1: omap_sr_probe: ioremap fail
sr_init: platform driver register failed for SR
udevd[141]: starting version 182
=====
===== WARN ==
Lock dependency validator: Copyright (c) 2006 Red Hat, Inc., Ingo Molnar
... MAX_LOCKDEP_SUBCLASSES:  8
... MAX_LOCK_DEPTH:          48
... MAX_LOCKDEP_KEYS:        8191
... CLASSHASH_SIZE:          4096
... MAX_LOCKDEP_ENTRIES:     32768
... MAX_LOCKDEP_CHAINS:      65536
... CHAINHASH_SIZE:          32768
 memory used by lock dependency info: 5167 kB
 per task-struct memory footprint: 1536 bytes
omap_hwmod: mcbsp2_sidetone using broken dt data from mcbsp
omap_hwmod: mcbsp3_sidetone using broken dt data from mcbsp
irq: no irq domain found for /ocp@68000000/l4@48000000/scm@2000/pinmux@30 !
irq: no irq domain found for /ocp@68000000/l4@48000000/scm@2000/pinmux@30 !
omap4_sram_init:Unable to allocate sram needed to handle errata I688
omap4_sram_init:Unable to get sram pool needed to handle errata I688
gpmc_mem_init: disabling cs 0 mapped at 0x0-0x1000000
sr_init: No PMIC hook to init smartreflex
smartreflex: probe of smartreflex.0 failed with error -22
smartreflex: probe of smartreflex.1 failed with error -22
mmc0: host does not support reading read-only switch, assuming write-enable
mmc1: switch to bus width 8 failed
mmc1: switch to bus width 4 failed
FAT-fs (mmcblk0p1): Volume was not properly unmounted. Some data may be corrupt. Please run fsck.
=================================
[ INFO: inconsistent lock state ]
4.9.0-next-20161213-00002-g5f0b154b2477 #3 Not tainted
---------------------------------
inconsistent {SOFTIRQ-ON-W} -> {IN-SOFTIRQ-W} usage.
init/1 [HC0[0]:SC1[1]:HE1:SE0] takes:
 (mnt_id_lock){+.?...}, at: [<c02c28c4>] mnt_free_id+0x10/0x44
{SOFTIRQ-ON-W} state was registered at:
[<c07e4f78>] _raw_spin_lock+0x28/0x38
[<c02c2994>] alloc_vfsmnt+0x3c/0x1d8
[<c02c2b90>] vfs_kern_mount+0x2c/0x12c
[<c0b251b8>] mnt_init+0x15c/0x24c
[<c0b24df0>] vfs_caches_init+0x58/0x78
[<c0b00bec>] start_kernel+0x320/0x3bc
[<8000807c>] 0x8000807c
irq event stamp: 552164
hardirqs last  enabled at (552164): [<c07e5934>] __irq_svc+0x74/0x98
hardirqs last disabled at (552163): [<c07e5920>] __irq_svc+0x60/0x98
softirqs last  enabled at (552092): [<c013e33c>] __do_softirq+0x428/0x560
softirqs last disabled at (552135): [<c013e7f0>] irq_exit+0xec/0x160
\x0aother info that might help us debug this:
 Possible unsafe locking scenario:\x0a
       CPU0
       ----
  lock(mnt_id_lock)
  <Interrupt>
    lock(mnt_id_lock)
\x0a *** DEADLOCK ***\x0a
2 locks held by init/1:
 #0:  (&mm->mmap_sem){++++++}, at: [<c07e6338>] do_page_fault+0xe0/0x3f8
 #1:  (rcu_callback){......}, at: [<c01b1970>] rcu_process_callbacks+0x484/0x8b8
\x0astack backtrace:
CPU: 0 PID: 1 Comm: init Not tainted 4.9.0-next-20161213-00002-g5f0b154b2477 #3
Hardware name: Nokia RX-51 board
[<c0110124>] (unwind_backtrace) from [<c010c344>] (show_stack+0x10/0x14)
[<c010c344>] (show_stack) from [<c04973ec>] (dump_stack+0xb0/0xe4)
[<c04973ec>] (dump_stack) from [<c0195f3c>] (print_usage_bug+0x1e0/0x2d4)
[<c0195f3c>] (print_usage_bug) from [<c019620c>] (mark_lock+0x1dc/0x6c4)
[<c019620c>] (mark_lock) from [<c0197288>] (__lock_acquire+0x5c0/0x18f8)
[<c0197288>] (__lock_acquire) from [<c01989d0>] (lock_acquire+0xd8/0x238)
[<c01989d0>] (lock_acquire) from [<c07e4f78>] (_raw_spin_lock+0x28/0x38)
[<c07e4f78>] (_raw_spin_lock) from [<c02c28c4>] (mnt_free_id+0x10/0x44)
[<c02c28c4>] (mnt_free_id) from [<c02c2b3c>] (free_vfsmnt+0xc/0x34)
[<c02c2b3c>] (free_vfsmnt) from [<c01b19b8>] (rcu_process_callbacks+0x4cc/0x8b8)
[<c01b19b8>] (rcu_process_callbacks) from [<c013dfd8>] (__do_softirq+0xc4/0x560)
[<c013dfd8>] (__do_softirq) from [<c013e7f0>] (irq_exit+0xec/0x160)
[<c013e7f0>] (irq_exit) from [<c01a4e6c>] (__handle_domain_irq+0x6c/0xe0)
[<c01a4e6c>] (__handle_domain_irq) from [<c07e5930>] (__irq_svc+0x70/0x98)
[<c07e5930>] (__irq_svc) from [<c0244de4>] (__alloc_pages_nodemask+0x1a8/0xe80)
[<c0244de4>] (__alloc_pages_nodemask) from [<c02704b0>] (wp_page_copy+0x4c/0x5a8)
[<c02704b0>] (wp_page_copy) from [<c0272e58>] (do_wp_page+0x140/0x544)
[<c0272e58>] (do_wp_page) from [<c0274248>] (handle_mm_fault+0x5c4/0xcf8)
[<c0274248>] (handle_mm_fault) from [<c07e6554>] (do_page_fault+0x2fc/0x3f8)
[<c07e6554>] (do_page_fault) from [<c0101358>] (do_DataAbort+0x34/0xb4)
[<c0101358>] (do_DataAbort) from [<c07e5cc8>] (__dabt_usr+0x48/0x60)
Exception stack(0xce0affb0 to 0xce0afff8)
ffa0:                                     0000032b 00000000 00000000 b6f696b0
ffc0: 0000032b be8cb888 b6f84360 be8cb898 b6f84820 00000000 00000001 b6f68000
ffe0: 00000078 be8cb880 b6ef7e77 b6edaeee 60070030 ffffffff
=====
SUMMARY RESULT: BOOT: PASS: Hello World Board Booted Boot Log has:::: err=11 warn=91:
root@NokiaRX-51board:/test# 
- 00:52:02 [INFO] Host: cat stderr.log
- 00:52:02 [INFO] Target: 
cat stderr.log
./test.sh: line 33:   832 Killed                  cp /dev/kmsg $TMPF
root@NokiaRX-51board:/test# 
- 00:52:02 [INFO] Host: cat result.log
- 00:52:04 [ERROR] On command: cat result.log waiting for cat result.log.+?(?m-ix:^1[\0\n\r]+) >>> error: execution expired
- 00:52:04 [INFO] Target: 
cat result.log
root@NokiaRX-51board:/test# 
- 00:52:04 [INFO] Host: cd /test
- 00:52:04 [INFO] Target: 
cd /test
root@NokiaRX-51board:/test# 
URL:gtsystest.telogy.design.ti.com/vatf/tidfarm-06/tidfarm-06_vatf@n900/tidfarm-0612_13_2016_00_37_14/files/session_iteration_1/test_1
