- 02:05:31 [INFO] Starting target session
- 02:05:31 [INFO] Connected to n900 via serial 
- 02:05:31 [INFO] Host: #check prompt
- 02:05:34 [ERROR] On command: #check prompt waiting for #check prompt.+?(?-mix:((?-mix:.*\s+login)|[Pp]assword)) >>> error: execution expired
- 02:05:34 [INFO] Target: 
#check prompt
Nokia RX-51 # 
- 02:05:34 [INFO] Host: #check prompt
- 02:05:36 [ERROR] On command: #check prompt waiting for #check prompt.+?(?m-ix:root.*#) >>> error: execution expired
- 02:05:36 [INFO] Target: 
#check prompt
Nokia RX-51 # 
- 02:05:36 [INFO] Disconnected serial from n900
- 02:05:59 [INFO] Connected to n900 via serial 
- 02:05:59 [INFO] Host: 
- 02:05:59 [ERROR] On command:  waiting for (?-mix:Nokia\sRX-51\s#\s) >>> error: execution expired
- 02:05:59 [INFO] Target: 
Timed out in wait_for_event: status=0100
Check if pads/pull-ups of bus 1 are properly configured
Timed out in wait_for_event: status=0000
Check if pads/pull-ups of bus 1 are properly configured
Timed out in wait_for_event: status=0000
Check if pads/pull-ups of bus 1 are properly configured
- 02:05:59 [INFO] Host: 
- 02:06:00 [ERROR] On command:  waiting for (?-mix:Nokia\sRX-51\s#\s) >>> error: execution expired
- 02:06:00 [INFO] Target: 
Timed out in wait_for_event: status=0000
Check if pads/pull-ups of bus 1 are properly configured
Timed out in wait_for_event: status=0000
Check if pads/pull-ups of bus 1 are properly configured
Timed out in wait_for_event: status=0000
Check if pads/pull-ups of bus 1 are properly configured
Timed out in wait_for_event: status=0000
Check if pads/pull-ups of bus 1 are properly configured
- 02:06:00 [INFO] Host: 
- 02:06:00 [ERROR] On command:  waiting for (?-mix:Nokia\sRX-51\s#\s) >>> error: execution expired
- 02:06:00 [INFO] Target: 
Timed out in wait_for_event: status=0000
Check if pads/pull-ups of bus 1 are properly configured
Timed out in wait_for_event: status=0000
Check if pads/pull-ups of bus 1 are properly configured
Timed out in wait_for_event: status=0000
Check if pads/pull-ups of bus 1 are properly configured
- 02:06:00 [INFO] Host: 
- 02:06:01 [ERROR] On command:  waiting for (?-mix:Nokia\sRX-51\s#\s) >>> error: execution expired
- 02:06:01 [INFO] Target: 
Timed out in wait_for_event: status=0000
Check if pads/pull-ups of bus 1 are properly configured
Timed out in wait_for_event: status=0000
Check if pads/pull-ups of bus 1 are properly configured
Timed out in wait_for_event: status=0000
Check if pads/pull-ups of bus 1 are properly configured
- 02:06:01 [INFO] Host: 
- 02:06:01 [ERROR] On command:  waiting for (?-mix:Nokia\sRX-51\s#\s) >>> error: execution expired
- 02:06:01 [INFO] Target: 
Timed out in wait_for_event: status=0000
Check if pads/pull-ups of bus 1 are properly configured
Timed out in wait_for_event: status=0000
Check if pads/pull-ups of bus 1 are properly configured
Timed out in wait_for_event: status=0000
Check if pads/pull-ups of bus 1 are properly configured
i2c_read (addr phase): pads on bus 1 probably not configured (status=0x10)
- 02:06:01 [INFO] Host: 
- 02:06:02 [INFO] Target: 
i2c_write: timed out writig last byte!
Die ID #582a000400000000040366100301000d
OMAP3530-HS ES3.1, CPU-OPP2, L3-165MHz, Max CPU Clock 600 MHz
Hit any key to stop autoboot:  3  0 
Nokia RX-51 # 
Nokia RX-51 # 
Nokia RX-51 # 
Nokia RX-51 # 
Nokia RX-51 # 
Nokia RX-51 # 
- 02:06:02 [INFO] Host: 
- 02:06:02 [INFO] Target: 
Nokia RX-51 # 
- 02:06:02 [INFO] Host: version
- 02:06:03 [INFO] Target: 
version
U-Boot 2014.04-00073-g4fa5b9e (Apr 22 2014 - 14:37:10)
arm-linux-gnueabi-gcc (Ubuntu/Linaro 4.6.3-1ubuntu5) 4.6.3
GNU ld (GNU Binutils for Ubuntu) 2.22
Nokia RX-51 # 
- 02:06:03 [INFO] Host: setenv bootargs 'console=ttyO2,57600n8 vram=16M earlyprintk rootwait '
- 02:06:03 [INFO] Target: 
setenv bootargs 'console=ttyO2,57600n8 vram=16M earlyprintk rootwait '
Nokia RX-51 # 
- 02:06:03 [INFO] Host: setenv bootcmd  ''
- 02:06:04 [INFO] Target: 
setenv bootcmd  ''
Nokia RX-51 # 
- 02:06:04 [INFO] Host: setenv autoload 'no'
- 02:06:04 [INFO] Target: 
setenv autoload 'no'
Nokia RX-51 # 
- 02:06:04 [INFO] Host: setenv serverip '192.168.1.254'
- 02:06:05 [INFO] Target: 
setenv serverip '192.168.1.254'
Nokia RX-51 # 
- 02:06:05 [INFO] Host: printenv
- 02:06:06 [INFO] Target: 
printenv
arch=arm
attachboot=echo Booting attached kernel image ...;setenv setup_omap_atag 1;bootm ${attkernaddr};setenv setup_omap_atag
attkernaddr=0x8fe40800
autoload=no
baudrate=57600
board=rx51
board_name=rx51
bootargs=console=ttyO2,57600n8 vram=16M earlyprintk rootwait 
bootcmd=
bootdelay=3
bootm_size=0x08000000
bootmenu_0=Attached kernel=run attachboot
bootmenu_1=Internal eMMC=run emmcboot
bootmenu_2=External SD card=run sdboot
bootmenu_3=U-Boot boot order=boot
bootmenu_delay=30
cpu=armv7
dieid#=582a000400000000040366100301000d
emmcboot=setenv mmcnum 1; run trymmcboot
fdt_file=omap3-n900.dtb
fdtaddr=0x80F80000
fileload=${mmctype}load mmc ${mmcnum}:${mmcpart} ${loadaddr} ${mmcfile}
ftdload=setenv loadaddr ${fdtaddr};setenv mmcfile ${fdt_file};run fileload
importbootenv=echo Importing environment from mmc${mmcdev} ...; env import -t ${loadaddr} ${filesize}
initrdaddr=0x84008000
initrdload=setenv loadaddr ${initrdaddr};setenv mmcfile ${mmcinitrdfile};run fileload
kernaddr=0x82008000
kernboot=echo Booting ${mmckernfile} from mmc ${mmcnum}:${mmcpart} ...; bootm ${kernaddr}
kernbootz=echo Booting ${kernel_file}+${fdt_file} from mmc ${mmcnum}:${mmcpart} ...; bootz ${kernaddr} - ${fdtaddr}
kernel_file=zImage
kerninitrdboot=echo Booting ${mmckernfile} ${mmcinitrdfile} from mmc ${mmcnum}:${mmcpart} ...; bootm ${kernaddr} ${initrdaddr}
kernload=setenv loadaddr ${kernaddr};setenv mmcfile ${mmckernfile};run fileload
kernloadz=setenv loadaddr ${kernaddr};setenv mmcfile ${kernel_file};run fileload
loadaddr=0x82008000
loadbootenv=fatload mmc ${mmcnum} ${loadaddr} uEnv.txt
mem=260353k
menucmd=bootmenu
preboot=setenv loadaddr ${kernaddr};echo
scriptaddr=0x86008000
scriptboot=echo Running ${mmcscriptfile} from mmc ${mmcnum}:${mmcpart} ...; source ${scriptaddr}
scriptload=setenv loadaddr ${scriptaddr};setenv mmcfile ${mmcscriptfile};run fileload
sdboot=setenv mmcnum 0; run trymmcboot
sercon=setenv con serial; run setcon
serverip=192.168.1.254
setcon=setenv stdin ${con};setenv stdout ${con};setenv stderr ${con}
slide=gpio input 71
soc=omap3
stderr=serial
stdin=serial
stdout=serial
switchmmc=mmc dev ${mmcnum}
trymmcallpartboot=setenv mmcpart 1; run trymmcpartboot;setenv mmcpart 2; run trymmcpartboot;setenv mmcpart 3; run trymmcpartboot;setenv mmcpart 4; run trymmcpartboot
trymmcboot=if run switchmmc; then setenv mmctype fat;run trymmcallpartboot;setenv mmctype ext2;run trymmcallpartboot;setenv mmctype ext4;run trymmcallpartboot;fi
trymmckernboot=if run switchmmc; then if run kernload; then run kernboot;fi;fi
trymmckernbootz=if run switchmmc; then if run ftdload; then if run kernloadz; then run kernbootz;fi;fi;fi
trymmckerninitrdboot=if run switchmmc; then if run initrdload; then if run kernload; then run kerninitrdboot;fi;fi; fi
trymmcpartboot=setenv mmcscriptfile boot.scr; run trymmcscriptboot;setenv mmckernfile uImage; run trymmckernboot;run trymmckernbootz
trymmcscriptboot=if run switchmmc; then if run scriptload; then run scriptboot;fi;fi
usbcon=setenv con usbtty; run setcon
usbtty=cdc_acm
vendor=nokia
vgacon=setenv con vga; run setcon
Environment size: 3196/131068 bytes
Nokia RX-51 # 
- 02:06:06 [INFO] Host: printenv
- 02:06:07 [INFO] Target: 
printenv
arch=arm
attachboot=echo Booting attached kernel image ...;setenv setup_omap_atag 1;bootm ${attkernaddr};setenv setup_omap_atag
attkernaddr=0x8fe40800
autoload=no
baudrate=57600
board=rx51
board_name=rx51
bootargs=console=ttyO2,57600n8 vram=16M earlyprintk rootwait 
bootcmd=
bootdelay=3
bootm_size=0x08000000
bootmenu_0=Attached kernel=run attachboot
bootmenu_1=Internal eMMC=run emmcboot
bootmenu_2=External SD card=run sdboot
bootmenu_3=U-Boot boot order=boot
bootmenu_delay=30
cpu=armv7
dieid#=582a000400000000040366100301000d
emmcboot=setenv mmcnum 1; run trymmcboot
fdt_file=omap3-n900.dtb
fdtaddr=0x80F80000
fileload=${mmctype}load mmc ${mmcnum}:${mmcpart} ${loadaddr} ${mmcfile}
ftdload=setenv loadaddr ${fdtaddr};setenv mmcfile ${fdt_file};run fileload
importbootenv=echo Importing environment from mmc${mmcdev} ...; env import -t ${loadaddr} ${filesize}
initrdaddr=0x84008000
initrdload=setenv loadaddr ${initrdaddr};setenv mmcfile ${mmcinitrdfile};run fileload
kernaddr=0x82008000
kernboot=echo Booting ${mmckernfile} from mmc ${mmcnum}:${mmcpart} ...; bootm ${kernaddr}
kernbootz=echo Booting ${kernel_file}+${fdt_file} from mmc ${mmcnum}:${mmcpart} ...; bootz ${kernaddr} - ${fdtaddr}
kernel_file=zImage
kerninitrdboot=echo Booting ${mmckernfile} ${mmcinitrdfile} from mmc ${mmcnum}:${mmcpart} ...; bootm ${kernaddr} ${initrdaddr}
kernload=setenv loadaddr ${kernaddr};setenv mmcfile ${mmckernfile};run fileload
kernloadz=setenv loadaddr ${kernaddr};setenv mmcfile ${kernel_file};run fileload
loadaddr=0x82008000
loadbootenv=fatload mmc ${mmcnum} ${loadaddr} uEnv.txt
mem=260353k
menucmd=bootmenu
preboot=setenv loadaddr ${kernaddr};echo
scriptaddr=0x86008000
scriptboot=echo Running ${mmcscriptfile} from mmc ${mmcnum}:${mmcpart} ...; source ${scriptaddr}
scriptload=setenv loadaddr ${scriptaddr};setenv mmcfile ${mmcscriptfile};run fileload
sdboot=setenv mmcnum 0; run trymmcboot
sercon=setenv con serial; run setcon
serverip=192.168.1.254
setcon=setenv stdin ${con};setenv stdout ${con};setenv stderr ${con}
slide=gpio input 71
soc=omap3
stderr=serial
stdin=serial
stdout=serial
switchmmc=mmc dev ${mmcnum}
trymmcallpartboot=setenv mmcpart 1; run trymmcpartboot;setenv mmcpart 2; run trymmcpartboot;setenv mmcpart 3; run trymmcpartboot;setenv mmcpart 4; run trymmcpartboot
trymmcboot=if run switchmmc; then setenv mmctype fat;run trymmcallpartboot;setenv mmctype ext2;run trymmcallpartboot;setenv mmctype ext4;run trymmcallpartboot;fi
trymmckernboot=if run switchmmc; then if run kernload; then run kernboot;fi;fi
trymmckernbootz=if run switchmmc; then if run ftdload; then if run kernloadz; then run kernbootz;fi;fi;fi
trymmckerninitrdboot=if run switchmmc; then if run initrdload; then if run kernload; then run kerninitrdboot;fi;fi; fi
trymmcpartboot=setenv mmcscriptfile boot.scr; run trymmcscriptboot;setenv mmckernfile uImage; run trymmckernboot;run trymmckernbootz
trymmcscriptboot=if run switchmmc; then if run scriptload; then run scriptboot;fi;fi
usbcon=setenv con usbtty; run setcon
usbtty=cdc_acm
vendor=nokia
vgacon=setenv con vga; run setcon
Environment size: 3196/131068 bytes
Nokia RX-51 # 
- 02:06:07 [INFO] Host: setenv bootargs ''${bootargs}' ip=dhcp '
- 02:06:07 [INFO] Target: 
setenv bootargs ''${bootargs}' ip=dhcp '
Nokia RX-51 # 
- 02:06:07 [INFO] Host: setenv serverip '192.168.1.254'
- 02:06:08 [INFO] Target: 
setenv serverip '192.168.1.254'
Nokia RX-51 # 
- 02:06:08 [INFO] Host: setenv ipaddr dhcp
- 02:06:08 [INFO] Target: 
setenv ipaddr dhcp
Nokia RX-51 # 
- 02:06:08 [INFO] Host: setenv autoload 'no'
- 02:06:09 [INFO] Target: 
setenv autoload 'no'
Nokia RX-51 # 
- 02:06:09 [INFO] Host: dhcp
- 02:06:09 [INFO] Target: 
dhcp
Unknown command 'dhcp' - try 'help'
Nokia RX-51 # 
- 02:06:10 [INFO] Disconnected serial from n900
- 02:20:32 [INFO] Connected to n900 via serial 
- 02:20:32 [INFO] Host: ls mmc 0:1
- 02:20:52 [ERROR] On command: ls mmc 0:1 waiting for ls mmc 0:1.+?(?-mix:Nokia\sRX-51\s#\s) >>> error: execution expired
- 02:20:52 [INFO] Target: 
e, 36268(SOH)/0(STX)/0(CAN) packets, 2 retries
## Total Size      = 0x0046d4ea = 4642026 Bytes
Nokia RX-51 # 
- 02:20:52 [INFO] Host: printenv
- 02:20:53 [INFO] Target: 
printenv
arch=arm
attachboot=echo Booting attached kernel image ...;setenv setup_omap_atag 1;bootm ${attkernaddr};setenv setup_omap_atag
attkernaddr=0x8fe40800
autoload=no
baudrate=57600
board=rx51
board_name=rx51
bootargs=console=ttyO2,57600n8 vram=16M earlyprintk rootwait  ip=dhcp 
bootcmd=
bootdelay=3
bootm_size=0x08000000
bootmenu_0=Attached kernel=run attachboot
bootmenu_1=Internal eMMC=run emmcboot
bootmenu_2=External SD card=run sdboot
bootmenu_3=U-Boot boot order=boot
bootmenu_delay=30
cpu=armv7
dieid#=582a000400000000040366100301000d
emmcboot=setenv mmcnum 1; run trymmcboot
fdt_file=omap3-n900.dtb
fdtaddr=0x80F80000
fileload=${mmctype}load mmc ${mmcnum}:${mmcpart} ${loadaddr} ${mmcfile}
filesize=46d4ea
ftdload=setenv loadaddr ${fdtaddr};setenv mmcfile ${fdt_file};run fileload
importbootenv=echo Importing environment from mmc${mmcdev} ...; env import -t ${loadaddr} ${filesize}
initrdaddr=0x84008000
initrdload=setenv loadaddr ${initrdaddr};setenv mmcfile ${mmcinitrdfile};run fileload
ipaddr=dhcp
kernaddr=0x82008000
kernboot=echo Booting ${mmckernfile} from mmc ${mmcnum}:${mmcpart} ...; bootm ${kernaddr}
kernbootz=echo Booting ${kernel_file}+${fdt_file} from mmc ${mmcnum}:${mmcpart} ...; bootz ${kernaddr} - ${fdtaddr}
kernel_file=zImage
kerninitrdboot=echo Booting ${mmckernfile} ${mmcinitrdfile} from mmc ${mmcnum}:${mmcpart} ...; bootm ${kernaddr} ${initrdaddr}
kernload=setenv loadaddr ${kernaddr};setenv mmcfile ${mmckernfile};run fileload
kernloadz=setenv loadaddr ${kernaddr};setenv mmcfile ${kernel_file};run fileload
loadaddr=0x82008000
loadbootenv=fatload mmc ${mmcnum} ${loadaddr} uEnv.txt
mem=260353k
menucmd=bootmenu
preboot=setenv loadaddr ${kernaddr};echo
scriptaddr=0x86008000
scriptboot=echo Running ${mmcscriptfile} from mmc ${mmcnum}:${mmcpart} ...; source ${scriptaddr}
scriptload=setenv loadaddr ${scriptaddr};setenv mmcfile ${mmcscriptfile};run fileload
sdboot=setenv mmcnum 0; run trymmcboot
sercon=setenv con serial; run setcon
serverip=192.168.1.254
setcon=setenv stdin ${con};setenv stdout ${con};setenv stderr ${con}
slide=gpio input 71
soc=omap3
stderr=serial
stdin=serial
stdout=serial
switchmmc=mmc dev ${mmcnum}
trymmcallpartboot=setenv mmcpart 1; run trymmcpartboot;setenv mmcpart 2; run trymmcpartboot;setenv mmcpart 3; run trymmcpartboot;setenv mmcpart 4; run trymmcpartboot
trymmcboot=if run switchmmc; then setenv mmctype fat;run trymmcallpartboot;setenv mmctype ext2;run trymmcallpartboot;setenv mmctype ext4;run trymmcallpartboot;fi
trymmckernboot=if run switchmmc; then if run kernload; then run kernboot;fi;fi
trymmckernbootz=if run switchmmc; then if run ftdload; then if run kernloadz; then run kernbootz;fi;fi;fi
trymmckerninitrdboot=if run switchmmc; then if run initrdload; then if run kernload; then run kerninitrdboot;fi;fi; fi
trymmcpartboot=setenv mmcscriptfile boot.scr; run trymmcscriptboot;setenv mmckernfile uImage; run trymmckernboot;run trymmckernbootz
trymmcscriptboot=if run switchmmc; then if run scriptload; then run scriptboot;fi;fi
usbcon=setenv con usbtty; run setcon
usbtty=cdc_acm
vendor=nokia
vgacon=setenv con vga; run setcon
Environment size: 3237/131068 bytes
Nokia RX-51 # 
- 02:20:53 [INFO] Host: setenv bootargs ''${bootargs}' root=/dev/mmcblk0p2 rw rootfstype=ext3 rootwait '
- 02:20:54 [INFO] Target: 
setenv bootargs ''${bootargs}' root=/dev/mmcblk0p2 rw rootfstype=ext3 rootwait '
Nokia RX-51 # 
- 02:20:54 [INFO] Host: printenv
- 02:20:55 [INFO] Target: 
printenv
arch=arm
attachboot=echo Booting attached kernel image ...;setenv setup_omap_atag 1;bootm ${attkernaddr};setenv setup_omap_atag
attkernaddr=0x8fe40800
autoload=no
baudrate=57600
board=rx51
board_name=rx51
bootargs=console=ttyO2,57600n8 vram=16M earlyprintk rootwait  ip=dhcp  root=/dev/mmcblk0p2 rw rootfstype=ext3 rootwait 
bootcmd=
bootdelay=3
bootm_size=0x08000000
bootmenu_0=Attached kernel=run attachboot
bootmenu_1=Internal eMMC=run emmcboot
bootmenu_2=External SD card=run sdboot
bootmenu_3=U-Boot boot order=boot
bootmenu_delay=30
cpu=armv7
dieid#=582a000400000000040366100301000d
emmcboot=setenv mmcnum 1; run trymmcboot
fdt_file=omap3-n900.dtb
fdtaddr=0x80F80000
fileload=${mmctype}load mmc ${mmcnum}:${mmcpart} ${loadaddr} ${mmcfile}
filesize=46d4ea
ftdload=setenv loadaddr ${fdtaddr};setenv mmcfile ${fdt_file};run fileload
importbootenv=echo Importing environment from mmc${mmcdev} ...; env import -t ${loadaddr} ${filesize}
initrdaddr=0x84008000
initrdload=setenv loadaddr ${initrdaddr};setenv mmcfile ${mmcinitrdfile};run fileload
ipaddr=dhcp
kernaddr=0x82008000
kernboot=echo Booting ${mmckernfile} from mmc ${mmcnum}:${mmcpart} ...; bootm ${kernaddr}
kernbootz=echo Booting ${kernel_file}+${fdt_file} from mmc ${mmcnum}:${mmcpart} ...; bootz ${kernaddr} - ${fdtaddr}
kernel_file=zImage
kerninitrdboot=echo Booting ${mmckernfile} ${mmcinitrdfile} from mmc ${mmcnum}:${mmcpart} ...; bootm ${kernaddr} ${initrdaddr}
kernload=setenv loadaddr ${kernaddr};setenv mmcfile ${mmckernfile};run fileload
kernloadz=setenv loadaddr ${kernaddr};setenv mmcfile ${kernel_file};run fileload
loadaddr=0x82008000
loadbootenv=fatload mmc ${mmcnum} ${loadaddr} uEnv.txt
mem=260353k
menucmd=bootmenu
preboot=setenv loadaddr ${kernaddr};echo
scriptaddr=0x86008000
scriptboot=echo Running ${mmcscriptfile} from mmc ${mmcnum}:${mmcpart} ...; source ${scriptaddr}
scriptload=setenv loadaddr ${scriptaddr};setenv mmcfile ${mmcscriptfile};run fileload
sdboot=setenv mmcnum 0; run trymmcboot
sercon=setenv con serial; run setcon
serverip=192.168.1.254
setcon=setenv stdin ${con};setenv stdout ${con};setenv stderr ${con}
slide=gpio input 71
soc=omap3
stderr=serial
stdin=serial
stdout=serial
switchmmc=mmc dev ${mmcnum}
trymmcallpartboot=setenv mmcpart 1; run trymmcpartboot;setenv mmcpart 2; run trymmcpartboot;setenv mmcpart 3; run trymmcpartboot;setenv mmcpart 4; run trymmcpartboot
trymmcboot=if run switchmmc; then setenv mmctype fat;run trymmcallpartboot;setenv mmctype ext2;run trymmcallpartboot;setenv mmctype ext4;run trymmcallpartboot;fi
trymmckernboot=if run switchmmc; then if run kernload; then run kernboot;fi;fi
trymmckernbootz=if run switchmmc; then if run ftdload; then if run kernloadz; then run kernbootz;fi;fi;fi
trymmckerninitrdboot=if run switchmmc; then if run initrdload; then if run kernload; then run kerninitrdboot;fi;fi; fi
trymmcpartboot=setenv mmcscriptfile boot.scr; run trymmcscriptboot;setenv mmckernfile uImage; run trymmckernboot;run trymmckernbootz
trymmcscriptboot=if run switchmmc; then if run scriptload; then run scriptboot;fi;fi
usbcon=setenv con usbtty; run setcon
usbtty=cdc_acm
vendor=nokia
vgacon=setenv con vga; run setcon
Environment size: 3286/131068 bytes
Nokia RX-51 # 
- 02:20:55 [INFO] Host: setenv bootcmd ''${bootcmd}' if iminfo ${loadaddr}; then bootm ${loadaddr}  ; else bootz ${loadaddr}  ; bootm ${loadaddr}  ; fi'
- 02:20:55 [INFO] Target: 
setenv bootcmd ''${bootcmd}' if iminfo ${loadaddr}; then bootm ${loadaddr}  ; else bootz ${loadaddr}  ; bootm ${loadaddr}  ; fi'
Nokia RX-51 # 
- 02:20:55 [INFO] Host: bdinfo
- 02:20:56 [INFO] Target: 
bdinfo
arch_number = 0x000007A3
boot_params = 0x80000100
DRAM bank   = 0x00000000
-> start    = 0x80000000
-> size     = 0x10000000
DRAM bank   = 0x00000001
-> start    = 0x90000000
-> size     = 0x00000000
baudrate    = 57600 bps
TLB addr    = 0x8FE30000
relocaddr   = 0x8FDD1000
reloc off   = 0x0FDC9000
irq_sp      = 0x8FCF0F20
sp start    = 0x8FCF0F10
FB base     = 0x00000000
Nokia RX-51 # 
- 02:20:56 [INFO] Host: mmc rescan
- 02:20:56 [INFO] Target: 
mmc rescan
Nokia RX-51 # 
- 02:20:56 [INFO] Host: fatwrite mmc ${mmcdev}:1 ${loadaddr} ws-calibrate.rules 4
- 02:20:57 [INFO] Target: 
fatwrite mmc ${mmcdev}:1 ${loadaddr} ws-calibrate.rules 4
Unknown command 'fatwrite' - try 'help'
Nokia RX-51 # 
- 02:20:57 [INFO] Host: boot
- 02:21:37 [INFO] Target: 
boot
Unknown command 'iminfo' - try 'help'
Bad Linux ARM zImage magic!
## Booting kernel from Legacy Image at 82008000 ...
   Image Name:   Linux-3.18.0-00002-gd129c56
   Image Type:   ARM Linux Kernel Image (uncompressed)
   Data Size:    4641962 Bytes = 4.4 MiB
   Load Address: 80800000
   Entry Point:  80800000
   Verifying Checksum ... OK
   Loading Kernel Image ... OK
Starting kernel ...
[    0.000000] Booting Linux on physical CPU 0x0
[    0.000000] Initializing cgroup subsys cpuset
[    0.000000] Initializing cgroup subsys cpu
[    0.000000] Initializing cgroup subsys cpuacct
[    0.000000] Linux version 3.18.0-00002-gd129c56 (nmenon@kahuna) (gcc version 4.6.3 (Ubuntu/Linaro 4.6.3-1ubuntu5) ) #1 SMP Mon Dec 15 02:03:53 CST 2014
[    0.000000] CPU: ARMv7 Processor [411fc083] revision 3 (ARMv7), cr=10c5387d
[    0.000000] CPU: PIPT / VIPT nonaliasing data cache, VIPT nonaliasing instruction cache
[    0.000000] Machine model: Nokia N900
[    0.000000] cma: Reserved 16 MiB at 0x8e800000
[    0.000000] Memory policy: Data cache writeback
[    0.000000]   HighMem zone: 1048574 pages exceeds freesize 0
[    0.000000] CPU: All CPU(s) started in SVC mode.
[    0.000000] OMAP3430/3530 ES3.1 (l2cache iva sgx neon isp )
[    0.000000] PERCPU: Embedded 11 pages/cpu @cfc76000 s14976 r8192 d21888 u45056
[    0.000000] Built 1 zonelists in Zone order, mobility grouping on.  Total pages: 64768
[    0.000000] Kernel command line: console=ttyO2,57600n8 vram=16M earlyprintk rootwait  ip=dhcp  root=/dev/mmcblk0p2 rw rootfstype=ext3 rootwait 
[    0.000000] PID hash table entries: 1024 (order: 0, 4096 bytes)
[    0.000000] Dentry cache hash table entries: 32768 (order: 5, 131072 bytes)
[    0.000000] Inode-cache hash table entries: 16384 (order: 4, 65536 bytes)
[    0.000000] allocated 522240 bytes of page_cgroup
[    0.000000] please try 'cgroup_disable=memory' option if you don't want memory cgroups
[    0.000000] Memory: 223768K/261120K available (5983K kernel code, 671K rwdata, 2280K rodata, 412K init, 8226K bss, 37352K reserved, 0K highmem)
[    0.000000] Virtual kernel memory layout:
[    0.000000]     vector  : 0xffff0000 - 0xffff1000   (   4 kB)
[    0.000000]     fixmap  : 0xffc00000 - 0xffe00000   (2048 kB)
[    0.000000]     vmalloc : 0xd0800000 - 0xff000000   ( 744 MB)
[    0.000000]     lowmem  : 0xc0000000 - 0xd0000000   ( 256 MB)
[    0.000000]     pkmap   : 0xbfe00000 - 0xc0000000   (   2 MB)
[    0.000000]     modules : 0xbf000000 - 0xbfe00000   (  14 MB)
[    0.000000]       .text : 0xc0008000 - 0xc081a0c4   (8265 kB)
[    0.000000]       .init : 0xc081b000 - 0xc0882000   ( 412 kB)
[    0.000000]       .data : 0xc0882000 - 0xc0929c58   ( 672 kB)
[    0.000000]        .bss : 0xc0929c58 - 0xc1132538   (8227 kB)
[    0.000000] Hierarchical RCU implementation.
[    0.000000] 	RCU restricting CPUs from NR_CPUS=2 to nr_cpu_ids=1.
[    0.000000] RCU: Adjusting geometry for rcu_fanout_leaf=16, nr_cpu_ids=1
[    0.000000] NR_IRQS:16 nr_irqs:16 16
[    0.000000] IRQ: Found an INTC at 0xfa200000 (revision 4.0) with 96 interrupts
[    0.000000] Clocking rate (Crystal/Core/MPU): 19.2/332/500 MHz
[    0.000000] OMAP clockevent source: timer1 at 32768 Hz
[    0.000030] sched_clock: 32 bits at 32kHz, resolution 30517ns, wraps every 65536000000000ns
[    0.000061] OMAP clocksource: 32k_counter at 32768 Hz
[    0.001586] Console: colour dummy device 80x30
[    0.001678] Lock dependency validator: Copyright (c) 2006 Red Hat, Inc., Ingo Molnar
[    0.001708] ... MAX_LOCKDEP_SUBCLASSES:  8
[    0.001708] ... MAX_LOCK_DEPTH:          48
[    0.001739] ... MAX_LOCKDEP_KEYS:        8191
[    0.001739] ... CLASSHASH_SIZE:          4096
[    0.001770] ... MAX_LOCKDEP_ENTRIES:     32768
[    0.001770] ... MAX_LOCKDEP_CHAINS:      65536
[    0.001800] ... CHAINHASH_SIZE:          32768
[    0.001831]  memory used by lock dependency info: 5167 kB
[    0.001831]  per task-struct memory footprint: 1152 bytes
[    0.001861] Calibrating delay loop... 496.43 BogoMIPS (lpj=2482176)
[    0.106872] pid_max: default: 32768 minimum: 301
[    0.107574] Security Framework initialized
[    0.107910] Mount-cache hash table entries: 1024 (order: 0, 4096 bytes)
[    0.107940] Mountpoint-cache hash table entries: 1024 (order: 0, 4096 bytes)
[    0.113067] Initializing cgroup subsys memory
[    0.113220] Initializing cgroup subsys devices
[    0.113372] Initializing cgroup subsys freezer
[    0.113525] Initializing cgroup subsys blkio
[    0.113677] Initializing cgroup subsys perf_event
[    0.113830] CPU: Testing write buffer coherency: ok
[    0.116149] CPU0: thread -1, cpu 0, socket -1, mpidr 0
[    0.116363] Setting up static identity map for 0x805ab668 - 0x805ab6d8
[    0.123840] Brought up 1 CPUs
[    0.123870] SMP: Total of 1 processors activated.
[    0.123870] CPU: All CPU(s) started in SVC mode.
[    0.129821] devtmpfs: initialized
[    0.133880] VFP support v0.3: implementor 41 architecture 3 part 30 variant c rev 1
[    0.248413] omap_hwmod: mcbsp2_sidetone using broken dt data from mcbsp
[    0.251708] omap_hwmod: mcbsp3_sidetone using broken dt data from mcbsp
[    0.338043] omap_hwmod: mcbsp2: cannot be enabled for reset (3)
[    0.363372] pinctrl core: initialized pinctrl subsystem
[    0.368652] regulator-dummy: no parameters
[    0.513092] NET: Registered protocol family 16
[    0.524780] DMA: preallocated 256 KiB pool for atomic coherent allocations
[    0.529846] cpuidle: using governor ladder
[    0.529907] cpuidle: using governor menu
[    0.530181] omap_l3_smx omap_l3_smx.0: couldn't request debug irq
[    0.530334] omap_l3_smx: probe of omap_l3_smx.0 failed with error -22
[    0.533386] Reprogramming SDRC clock to 332000000 Hz
[    0.552581] OMAP GPIO hardware version 2.5
[    0.572631] irq: no irq domain found for /ocp/pinmux@48002030 !
[    0.573974] irq: no irq domain found for /ocp/pinmux@48002030 !
[    0.608947] omap-gpmc 6e000000.gpmc: GPMC revision 5.0
[    0.618041] RX-51: Enabling ARM errata 430973 workaround
[    0.619812] RX-51: Registring OMAP3 HWRNG device
[    0.626129] No ATAGs?
[    0.626190] hw-breakpoint: debug architecture 0x4 unsupported.
[    0.630889] Reserving DMA channels 0 and 1 for HS ROM code
[    0.630920] OMAP DMA hardware revision 4.0
[    0.751953] omap-dma-engine 48056000.dma-controller: OMAP DMA engine driver
[    0.760345] SCSI subsystem initialized
[    0.761840] usbcore: registered new interface driver usbfs
[    0.762176] usbcore: registered new interface driver hub
[    0.762451] usbcore: registered new device driver usb
[    0.764495] omap_i2c 48070000.i2c: could not find pctldev for node /ocp/pinmux@48002030/pinmux_i2c1_pins, deferring probe
[    0.764556] platform 48070000.i2c: Driver omap_i2c requests probe deferral
[    0.764739] omap_i2c 48072000.i2c: could not find pctldev for node /ocp/pinmux@48002030/pinmux_i2c2_pins, deferring probe
[    0.764801] platform 48072000.i2c: Driver omap_i2c requests probe deferral
[    0.764953] omap_i2c 48060000.i2c: could not find pctldev for node /ocp/pinmux@48002030/pinmux_i2c3_pins, deferring probe
[    0.765014] platform 48060000.i2c: Driver omap_i2c requests probe deferral
[    0.773223] Switched to clocksource 32k_counter
[    1.064392] NET: Registered protocol family 2
[    1.067535] TCP established hash table entries: 2048 (order: 1, 8192 bytes)
[    1.067840] TCP bind hash table entries: 2048 (order: 4, 73728 bytes)
[    1.069183] TCP: Hash tables configured (established 2048 bind 2048)
[    1.069519] TCP: reno registered
[    1.069580] UDP hash table entries: 256 (order: 2, 20480 bytes)
[    1.069946] UDP-Lite hash table entries: 256 (order: 2, 20480 bytes)
[    1.072082] NET: Registered protocol family 1
[    1.074981] RPC: Registered named UNIX socket transport module.
[    1.075012] RPC: Registered udp transport module.
[    1.075042] RPC: Registered tcp transport module.
[    1.075042] RPC: Registered tcp NFSv4.1 backchannel transport module.
[    1.077514] hw perfevents: enabled with armv7_cortex_a8 PMU driver, 5 counters available
[    1.087921] futex hash table entries: 256 (order: 2, 16384 bytes)
[    1.088317] audit: initializing netlink subsys (disabled)
[    1.088653] audit: type=2000 audit(1.070:1): initialized
[    1.096923] VFS: Disk quotas dquot_6.5.2
[    1.097259] Dquot-cache hash table entries: 1024 (order 0, 4096 bytes)
[    1.101776] NFS: Registering the id_resolver key type
[    1.102447] Key type id_resolver registered
[    1.102478] Key type id_legacy registered
[    1.102813] jffs2: version 2.2. (NAND) (SUMMARY)   2001-2006 Red Hat, Inc.
[    1.104217] msgmni has been set to 469
[    1.111480] io scheduler noop registered
[    1.111541] io scheduler deadline registered
[    1.111724] io scheduler cfq registered (default)
[    1.117187] pinctrl-single 48002030.pinmux: 284 pins at pa fa002030 size 568
[    1.118194] pinctrl-single 48002a00.pinmux: 46 pins at pa fa002a00 size 92
[    1.119537] pinctrl-single 480025d8.pinmux: 18 pins at pa fa0025d8 size 36
[    1.125518] pbias_mmc_omap2430: 1800 <--> 3000 mV at 3000 mV 
[    1.129455] Serial: 8250/16550 driver, 4 ports, IRQ sharing enabled
[    1.143768] omap_uart 4806c000.serial: ttyO1 at MMIO 0x4806c000 (irq = 223, base_baud = 3000000) is a OMAP UART1
[    1.148071] omap_uart 49020000.serial: ttyO2 at MMIO 0x49020000 (irq = 224, base_baud = 3000000) is a OMAP UART2
[    2.801635] console [ttyO2] enabled
[    2.814147] omap3_rom_rng: initializing
[    2.874511] brd: module loaded
[    2.906433] loop: module loaded
[    2.918731] mtdoops: mtd device (mtddev=name/number) must be supplied
[    2.934265] omap2-onenand omap2-onenand: initializing on CS0, phys base 0x01000000, virtual base d0880000, freq 83 MHz
[    2.956542] Muxed OneNAND 256MB 1.8V 16-bit (0x40)
[    2.966522] OneNAND version = 0x0031
[    2.976104] Scanning device for bad blocks
[    3.109100] 6 ofpart partitions found on MTD device omap2-onenand
[    3.121765] Creating 6 MTD partitions on "omap2-onenand":
[    3.133026] 0x000000000000-0x000000020000 : "bootloader"
[    3.153656] 0x000000020000-0x000000080000 : "config"
[    3.169891] 0x000000080000-0x0000000c0000 : "log"
[    3.185760] 0x0000000c0000-0x0000002c0000 : "kernel"
[    3.202087] 0x0000002c0000-0x0000004c0000 : "initfs"
[    3.218566] 0x0000004c0000-0x000010000000 : "rootfs"
[    3.273406] usbcore: registered new interface driver asix
[    3.284973] usbcore: registered new interface driver ax88179_178a
[    3.297882] usbcore: registered new interface driver cdc_ether
[    3.310394] usbcore: registered new interface driver smsc95xx
[    3.322570] usbcore: registered new interface driver net1080
[    3.336120] ------------[ cut here ]------------
[    3.336181] WARNING: CPU: 0 PID: 1 at kernel/locking/mutex.c:867 mutex_trylock+0x1f0/0x214()
[    3.336181] DEBUG_LOCKS_WARN_ON(in_interrupt())
[    3.336181] Modules linked in:
[    3.336212] CPU: 0 PID: 1 Comm: swapper/0 Not tainted 3.18.0-00002-gd129c56 #1
[    3.336273] [<c0015190>] (unwind_backtrace) from [<c00118f4>] (show_stack+0x10/0x14)
[    3.336303] [<c00118f4>] (show_stack) from [<c05a31f4>] (dump_stack+0x78/0x94)
[    3.336334] [<c05a31f4>] (dump_stack) from [<c003feb8>] (warn_slowpath_common+0x6c/0x8c)
[    3.336334] [<c003feb8>] (warn_slowpath_common) from [<c003ff6c>] (warn_slowpath_fmt+0x30/0x40)
[    3.336364] [<c003ff6c>] (warn_slowpath_fmt) from [<c05a54e8>] (mutex_trylock+0x1f0/0x214)
[    3.336395] [<c05a54e8>] (mutex_trylock) from [<c04b48d8>] (clk_prepare_lock+0xc/0xe4)
[    3.336425] [<c04b48d8>] (clk_prepare_lock) from [<c04b5fe4>] (clk_unprepare+0x18/0x28)
[    3.336456] [<c04b5fe4>] (clk_unprepare) from [<c03914fc>] (omap3_rom_rng_idle+0x38/0x58)
[    3.336486] [<c03914fc>] (omap3_rom_rng_idle) from [<c009b05c>] (call_timer_fn+0x8c/0x19c)
[    3.336486] [<c009b05c>] (call_timer_fn) from [<c009bc18>] (run_timer_softirq+0x240/0x2d8)
[    3.336517] [<c009bc18>] (run_timer_softirq) from [<c0043624>] (__do_softirq+0xcc/0x340)
[    3.336547] [<c0043624>] (__do_softirq) from [<c0043b6c>] (irq_exit+0xa8/0xfc)
[    3.336578] [<c0043b6c>] (irq_exit) from [<c008d384>] (__handle_domain_irq+0x6c/0xb8)
[    3.336578] [<c008d384>] (__handle_domain_irq) from [<c00086b4>] (omap_intc_handle_irq+0xb4/0xc4)
[    3.336608] [<c00086b4>] (omap_intc_handle_irq) from [<c05a9824>] (__irq_svc+0x44/0x5c)
[    3.336608] Exception stack(0xce04bdb0 to 0xce04bdf8)
[    3.336639] bda0:                                     c008b714 00000001 00000001 ce048b80
[    3.336639] bdc0: 20000113 20000113 000000a8 00000000 00000006 c10d9578 00000000 c10d9a3c
[    3.336669] bde0: ce04bd28 ce04bdf8 c008b714 c008b71c 20000113 ffffffff
[    3.336700] [<c05a9824>] (__irq_svc) from [<c008b71c>] (console_unlock+0x308/0x464)
[    3.336700] [<c008b71c>] (console_unlock) from [<c008bd04>] (vprintk_emit+0x228/0x578)
[    3.336730] [<c008bd04>] (vprintk_emit) from [<c05a15b0>] (printk+0x34/0x44)
[    3.336761] [<c05a15b0>] (printk) from [<c0437e10>] (usb_register_driver+0x9c/0x138)
[    3.336761] [<c0437e10>] (usb_register_driver) from [<c00089c4>] (do_one_initcall+0x80/0x1cc)
[    3.336822] [<c00089c4>] (do_one_initcall) from [<c081be18>] (kernel_init_freeable+0x1b8/0x28c)
[    3.336822] [<c081be18>] (kernel_init_freeable) from [<c059e47c>] (kernel_init+0x8/0xe4)
[    3.336853] [<c059e47c>] (kernel_init) from [<c000e668>] (ret_from_fork+0x14/0x2c)
[    3.336914] ---[ end trace 741299f0d4270744 ]---
[    3.844146] usbcore: registered new interface driver cdc_subset
[    3.856689] usbcore: registered new interface driver zaurus
[    3.868560] usbcore: registered new interface driver cdc_ncm
[    3.881439] usbcore: registered new interface driver cdc_wdm
[    3.893646] usbcore: registered new interface driver usb-storage
[    3.906433] usbcore: registered new interface driver usbtest
[    3.920532] mousedev: PS/2 mouse device common for all mice
[    3.935058] i2c /dev entries driver
[    3.942382] Driver for 1-wire Dallas network protocol.
[    3.956054] omap_wdt: OMAP Watchdog Timer Rev 0x31: initial timeout 60 sec
[    3.972717] of_get_named_gpiod_flags: parsed 'cd-gpios' property of node '/ocp/mmc@4809c000[0]' - status (0)
[    3.993194] of_get_named_gpiod_flags: can't parse 'wp-gpios' property of node '/ocp/mmc@4809c000[0]'
[    4.013214] omap_hsmmc 4809c000.mmc: unable to get vmmc regulator -517
[    4.027038] platform 4809c000.mmc: Driver omap_hsmmc requests probe deferral
[    4.041992] of_get_named_gpiod_flags: can't parse 'cd-gpios' property of node '/ocp/mmc@480b4000[0]'
[    4.061004] of_get_named_gpiod_flags: can't parse 'wp-gpios' property of node '/ocp/mmc@480b4000[0]'
[    4.080749] omap_hsmmc 480b4000.mmc: unable to get vmmc regulator -517
[    4.094543] platform 480b4000.mmc: Driver omap_hsmmc requests probe deferral
[    4.110137] of_get_named_gpiod_flags: parsed 'gpios' property of node '/leds/heartbeat[0]' - status (0)
[    4.129730] of_get_named_gpiod_flags: parsed 'gpios' property of node '/leds/heartbeat[0]' - status (0)
[    4.149993] ledtrig-cpu: registered to indicate activity on CPUs
[    4.163421] usbcore: registered new interface driver usbhid
[    4.175018] usbhid: USB HID core driver
[    4.185028] oprofile: using arm/armv7
[    4.193206] TCP: cubic registered
[    4.200134] Initializing XFRM netlink socket
[    4.209136] NET: Registered protocol family 17
[    4.218475] NET: Registered protocol family 15
[    4.227996] Key type dns_resolver registered
[    4.237335] omap2_set_init_voltage: unable to find boot up OPP for vdd_mpu_iva
[    4.252349] omap2_set_init_voltage: unable to set vdd_mpu_iva
[    4.264343] omap2_set_init_voltage: unable to find boot up OPP for vdd_core
[    4.278808] omap2_set_init_voltage: unable to set vdd_core
[    4.297821] ThumbEE CPU extension supported.
[    4.306823] Registering SWP/SWPB emulation handler
[    4.316833] SmartReflex Class3 initialized
[    4.343566] twl 0-0048: PIH (irq 295) chaining IRQs 296..304
[    4.355621] twl 0-0048: power (irq 301) chaining IRQs 304..311
[    4.370635] twl_rtc 48070000.i2c:twl@48:rtc: Enabling TWL-RTC
[    4.387054] twl_rtc 48070000.i2c:twl@48:rtc: rtc core: registered 48070000.i2c:twl@48 as rtc0
[    4.410797] V28: 2800 mV 
[    4.418762] VCSI: 1800 mV 
[    4.426635] VMMC2_30: 2800 <--> 3000 mV at 2800 mV 
[    4.438964] VCAM_ANA_28: 2800 mV 
[    4.448059] VDD1: 600 <--> 1450 mV at 1200 mV 
[    4.459411] VDAC: 1800 mV 
[    4.469177] VIO: 1800 mV 
[    4.477539] VINTANA1: 1500 mV 
[    4.486755] VINTANA2: 2750 mV 
[    4.496154] VINTDIG: 1500 mV 
[    4.504364] VMMC1: 1850 <--> 3150 mV at 3150 mV 
[    4.517089] V28_A: 2800 <--> 3000 mV at 2600 mV 
[    4.528594] VUSB1V5: 1500 mV 
[    4.536499] VUSB1V8: 1800 mV 
[    4.544311] VUSB3V1: 3100 mV 
[    4.553405] VPLL: 1800 mV 
[    4.562286] VSDI_CSI: 1800 mV 
[    4.570892] VMMC2_IO_18: 1800 mV 
[    4.579803] twl4030_gpio twl4030-gpio: gpio (irq 296) chaining IRQs 312..329
[    4.594909] gpiochip_find_base: found new base at 494
[    4.605865] gpiochip_add: registered GPIOs 494 to 511 on device: twl4030
[    4.625854] input: twl4030_pwrbutton as /devices/68000000.ocp/48070000.i2c/i2c-0/0-0048/48070000.i2c:twl@48:pwrbutton/input/input0
[    4.653106] input: TWL4030 Keypad as /devices/68000000.ocp/48070000.i2c/i2c-0/0-0048/48070000.i2c:twl@48:keypad/input/input1
[    4.732574] omap_i2c 48070000.i2c: bus 0 rev3.3 at 2200 kHz
[    4.755249] omap_i2c 48072000.i2c: bus 1 rev3.3 at 100 kHz
[    4.769348] omap_i2c 48060000.i2c: bus 2 rev3.3 at 400 kHz
[    4.781829] of_get_named_gpiod_flags: parsed 'cd-gpios' property of node '/ocp/mmc@4809c000[0]' - status (0)
[    4.802368] of_get_named_gpiod_flags: can't parse 'wp-gpios' property of node '/ocp/mmc@4809c000[0]'
[    4.864379] of_get_named_gpiod_flags: can't parse 'cd-gpios' property of node '/ocp/mmc@480b4000[0]'
[    4.883392] of_get_named_gpiod_flags: can't parse 'wp-gpios' property of node '/ocp/mmc@480b4000[0]'
[    4.955902] of_get_named_gpiod_flags: parsed 'gpios' property of node '/gpio_keys/camera_lens_cover[0]' - status (0)
[    4.977935] of_get_named_gpiod_flags: parsed 'gpios' property of node '/gpio_keys/camera_focus[0]' - status (0)
[    4.998962] of_get_named_gpiod_flags: parsed 'gpios' property of node '/gpio_keys/camera_capture[0]' - status (0)
[    5.020324] of_get_named_gpiod_flags: parsed 'gpios' property of node '/gpio_keys/lock_button[0]' - status (0)
[    5.041137] of_get_named_gpiod_flags: parsed 'gpios' property of node '/gpio_keys/keypad_slide[0]' - status (0)
[    5.062225] of_get_named_gpiod_flags: parsed 'gpios' property of node '/gpio_keys/proximity_sensor[0]' - status (0)
[    5.085845] input: gpio_keys as /devices/gpio_keys/input/input2
[    5.101287] twl_rtc 48070000.i2c:twl@48:rtc: setting system clock to 2014-11-24 14:49:38 UTC (1416840578)
[    5.121215] sr_init: No PMIC hook to init smartreflex
[    5.132232] smartreflex smartreflex.0: omap_sr_probe: SmartReflex driver initialized
[    5.149230] smartreflex smartreflex.1: omap_sr_probe: SmartReflex driver initialized
[    5.234405] mmc0: host does not support reading read-only switch, assuming write-enable
[    5.253753] mmc0: new high speed SD card at address fdd9
[    5.266387] mmcblk0: mmc0:fdd9 SD02G 1.87 GiB 
[    5.278503]  mmcblk0: p1 p2
[    5.470275] mmc1: switch to bus width 2 failed
[    5.480316] mmc1: switch to bus width 1 failed
[    5.489593] mmc1: new high speed MMC card at address 0001
[    5.502319] mmcblk1: mmc1:0001 MMC32G 29.8 GiB 
[    5.512390] mmcblk1boot0: mmc1:0001 MMC32G partition 1 512 KiB
[    5.525054] mmcblk1boot1: mmc1:0001 MMC32G partition 2 512 KiB
[    5.540496]  mmcblk1: unknown partition table
[   17.344207] VUSB3V1: disabling
[   17.351196] VUSB1V8: disabling
[   17.358245] VUSB1V5: disabling
[   17.365264] VDAC: disabling
[   17.371887] VCSI: disabling
[   17.387847] kjournald starting.  Commit interval 5 seconds
[   17.494873] EXT3-fs (mmcblk0p2): using internal journal
[   17.505767] EXT3-fs (mmcblk0p2): mounted filesystem with ordered data mode
[   17.520172] VFS: Mounted root (ext3 filesystem) on device 179:2.
[   17.535797] devtmpfs: mounted
[   17.543426] Freeing unused kernel memory: 412K (c081b000 - c0882000)
INIT: version 2.88 booting
Error opening /dev/fb0: No such file or directory
/dev/ttyO2 linked to /dev/tty-bd - using as console
Starting udev
[   18.763549] udevd[115]: starting version 182
[   29.931854] FAT-fs (mmcblk0p1): Volume was not properly unmounted. Some data may be corrupt. Please run fsck.
ERROR: could not open directory /lib/modules/3.18.0-00002-gd129c56: No such file or directory
WARNING: -e needs -E or -F
ERROR: could not open directory /lib/modules/3.18.0-00002-gd129c56: No such file or directory
FATAL: could not search modules: No such file or directory
Starting Bootlog daemon: bootlogd: cannot allocate pseudo tty: No such file or directory
bootlogd.
[   31.946380] random: dd urandom read with 125 bits of entropy available
ALSA: Restoring mixer settings...
[   33.064575] random: nonblocking pool is initialized
/usr/sbin/alsactl: load_state:1696: No soundcards found...
Configuring network interfaces... ifconfig: SIOCGIFFLAGS: No such device
done.
INIT: Entering runlevel: 3
/dev/ttyO2 linked to /dev/tty-bd - using as console
Starting system message bus: dbus.
Starting Dropbear SSH server: dropbear.
Starting telnet daemon.
Starting syslogd/klogd: done
Starting thttpd.
Starting Lighttpd Web Server: lighttpd.
2014-11-24 14:50:08: (log.c.166) server started 
***************************************************************
***************************************************************
NOTICE: This file system contains the followin GPLv3 packages:
	binutils-symlinks
	binutils
	gdbserver
	parted
If you do not wish to distribute GPLv3 components please remove
the above packages prior to distribution.  This can be done using
the opkg remove command.  i.e.:
    opkg remove <package>
Where <package> is the name printed in the list above
NOTE: If the package is a dependency of another package you
      will be notified of the dependent packages.  You should
      use the --force-removal-of-dependent-packages option to
      also remove the dependent packages as well
***************************************************************
***************************************************************
Stopping Bootlog daemon: bootlogd.
 _____                    _____           _         _   
|  _  |___ ___ ___ ___   |  _  |___ ___  |_|___ ___| |_ 
|     |  _| .'| . | . |  |   __|  _| . | | | -_|  _|  _|
|__|__|_| |__,|_  |___|  |__|  |_| |___|_| |___|___|_|  
              |___|                    |___|            
Arago Project http://arago-project.org GenericOMAP3(FlattenedDeviceTree) tty-bd
Arago 2013.12 GenericOMAP3(FlattenedDeviceTree) tty-bd
GenericOMAP3(FlattenedDeviceTree) login: 
- 02:21:37 [INFO] Host: root
- 02:21:38 [INFO] Target: 
root
root@GenericOMAP3(FlattenedDeviceTree):~# 
- 02:21:38 [INFO] Host: uname -a
- 02:21:38 [INFO] Target: 
uname -a
Linux GenericOMAP3(FlattenedDeviceTree) 3.18.0-00002-gd129c56 #1 SMP Mon Dec 15 02:03:53 CST 2014 armv7l GNU/Linux
root@GenericOMAP3(FlattenedDeviceTree):~# 
- 02:21:38 [INFO] Host: cat /proc/cmdline
- 02:21:39 [INFO] Target: 
cat /proc/cmdline
console=ttyO2,57600n8 vram=16M earlyprintk rootwait  ip=dhcp  root=/dev/mmcblk0p2 rw rootfstype=ext3 rootwait 
root@GenericOMAP3(FlattenedDeviceTree):~# 
- 02:21:39 [INFO] Host: uname -a
- 02:21:39 [INFO] Target: 
uname -a
Linux GenericOMAP3(FlattenedDeviceTree) 3.18.0-00002-gd129c56 #1 SMP Mon Dec 15 02:03:53 CST 2014 armv7l GNU/Linux
root@GenericOMAP3(FlattenedDeviceTree):~# 
- 02:21:39 [INFO] Host: cat /proc/mtd
- 02:21:40 [INFO] Target: 
cat /proc/mtd
dev:    size   erasesize  name
mtd0: 00020000 00020000 "bootloader"
mtd1: 00060000 00020000 "config"
mtd2: 00040000 00020000 "log"
mtd3: 00200000 00020000 "kernel"
mtd4: 00200000 00020000 "initfs"
mtd5: 0fb40000 00020000 "rootfs"
root@GenericOMAP3(FlattenedDeviceTree):~# 
- 02:21:45 [INFO] Host: export IPERFHOST=192.168.1.254
- 02:21:45 [INFO] Target: 
export IPERFHOST=192.168.1.254
root@GenericOMAP3(FlattenedDeviceTree):~# 
- 02:21:45 [INFO] Host: export NFS_SERVER=192.168.1.254
- 02:21:46 [INFO] Target: 
export NFS_SERVER=192.168.1.254
root@GenericOMAP3(FlattenedDeviceTree):~# 
- 02:21:46 [INFO] Host: export NFS_ROOT_PATH=/usr/workdir/filesys/linux/n900
- 02:21:46 [INFO] Target: 
export NFS_ROOT_PATH=/usr/workdir/file 
sys/linux/n900
root@GenericOMAP3(FlattenedDeviceTree):~# 
- 02:21:46 [INFO] Host: mkdir -p -m 777 /test
- 02:21:47 [INFO] Target: 
mkdir -p -m 777 /test
root@GenericOMAP3(FlattenedDeviceTree):~# 
- 02:21:47 [INFO] Host: cd /test
- 02:21:47 [INFO] Target: 
cd /test
root@GenericOMAP3(FlattenedDeviceTree):/test# 
- 02:21:47 [INFO] Host: cat > test.sh << EOF
- 02:21:48 [INFO] Target: 
cat > test.sh << EOF
- 02:21:48 [INFO] Host: failtest() {
- 02:21:48 [INFO] Target: 
failtest() {
- 02:21:48 [INFO] Host:   echo 1 >&3
- 02:21:49 [INFO] Target: 
  echo 1 >&3
- 02:21:49 [INFO] Host: }
- 02:21:49 [INFO] Target: 
- 02:21:49 [INFO] Host: timeout=600
- 02:21:50 [INFO] Target: 
timeout=600
- 02:21:50 [INFO] Host: 
- 02:21:51 [INFO] Target: 
- 02:21:51 [INFO] Host: # Start of user's script logic
- 02:21:51 [INFO] Target: 
# Start of user's script logic
- 02:21:51 [INFO] Host: 
- 02:21:52 [INFO] Target: 
- 02:21:52 [INFO] Host: 
- 02:21:52 [INFO] Target: 
- 02:21:52 [INFO] Host: mount -t proc proc /proc 2>/dev/null;
- 02:21:53 [INFO] Target: 
mount -t proc proc /proc 2>/dev/null;
- 02:21:53 [INFO] Host: 
- 02:21:53 [INFO] Target: 
- 02:21:53 [INFO] Host: mount -t sysfs sys /sys 2>/dev/null;
- 02:21:54 [INFO] Target: 
mount -t sysfs sys /sys 2>/dev/null;
- 02:21:54 [INFO] Host: 
- 02:21:54 [INFO] Target: 
- 02:21:54 [INFO] Host: mount -t debugfs none /sys/kernel/debug 2>/dev/null;
- 02:21:55 [INFO] Target: 
mount -t debugfs none /sys/kernel/debug 2>/dev/null;
- 02:21:55 [INFO] Host: 
- 02:21:55 [INFO] Target: 
- 02:21:55 [INFO] Host: echo 'cpuinfo:';cat /proc/cpuinfo; echo '=======';
- 02:21:56 [INFO] Target: 
echo 'cpuinfo:';cat /proc/cpuinfo; echo '=======';
- 02:21:56 [INFO] Host: 
- 02:21:56 [INFO] Target: 
- 02:21:56 [INFO] Host: echo 'soc info:';head /sys/devices/soc0/* 2>/dev/null; echo '=======';
- 02:21:57 [INFO] Target: 
echo 'soc info:';head /sys/devices/soc0/* 2>/dev/null; echo '=======';
- 02:21:57 [INFO] Host: 
- 02:21:57 [INFO] Target: 
- 02:21:57 [INFO] Host: echo 'DT Model info'; head /proc/device-tree/name /proc/device-tree/model /proc/device-tree/compatible 2>/dev/null;echo; echo '=======';
- 02:21:58 [INFO] Target: 
echo 'DT Model info'; head /proc/device-tree/name /proc/device-tree/model /pro 
c/device-tree/compatible 2>/dev/null;echo; echo '=======';
- 02:21:58 [INFO] Host: 
- 02:21:58 [INFO] Target: 
- 02:21:58 [INFO] Host: echo 'interrupts:';cat /proc/interrupts; echo '=======';
- 02:21:59 [INFO] Target: 
echo 'interrupts:';cat /proc/interrupts; echo '=======';
- 02:21:59 [INFO] Host: 
- 02:21:59 [INFO] Target: 
- 02:21:59 [INFO] Host: echo 'Clk_summary:';cat /sys/kernel/debug/clk/clk_summary; echo '=======';
- 02:22:00 [INFO] Target: 
echo 'Clk_summary:';cat /sys/kernel/debug/clk/clk_summary; echo '=======';
- 02:22:00 [INFO] Host: 
- 02:22:00 [INFO] Target: 
- 02:22:00 [INFO] Host: echo 'Orphan Clks:';ls /sys/kernel/debug/clk/orphans/; echo '=======';
- 02:22:01 [INFO] Target: 
echo 'Orphan Clks:';ls /sys/kernel/debug/clk/orphans/; echo '=======';
- 02:22:01 [INFO] Host: 
- 02:22:01 [INFO] Target: 
- 02:22:01 [INFO] Host: echo "Available frequencies"; cat /sys/devices/system/cpu/cpu0/cpufreq/scaling_available_frequencies 2>/dev/null;echo '=======';
- 02:22:02 [INFO] Target: 
echo "Available frequencies"; cat /sys/devices/system/cpu/cpu0/cpufreq/scaling 
_available_frequencies 2>/dev/null;echo '=======';
- 02:22:02 [INFO] Host: 
- 02:22:02 [INFO] Target: 
- 02:22:02 [INFO] Host: echo 'H''ello World' 'B''oard Booted';
- 02:22:03 [INFO] Target: 
echo 'H''ello World' 'B''oard Booted';
- 02:22:03 [INFO] Host: 
- 02:22:03 [INFO] Target: 
- 02:22:03 [INFO] Host: EOF
- 02:22:04 [INFO] Target: 
root@GenericOMAP3(FlattenedDeviceTree):/test# 
- 02:22:04 [INFO] Host: cd /test
- 02:22:04 [INFO] Target: 
cd /test
root@GenericOMAP3(FlattenedDeviceTree):/test# 
- 02:22:04 [INFO] Host: chmod +x test.sh
- 02:22:05 [INFO] Target: 
chmod +x test.sh
root@GenericOMAP3(FlattenedDeviceTree):/test# 
- 02:22:05 [INFO] Host: ./test.sh 2> stderr.log > stdout.log 3> result.log
- 02:22:05 [INFO] Target: 
./test.sh 2> stderr.log > stdout.l 
og 3> result.log
root@GenericOMAP3(FlattenedDeviceTree):/test# 
- 02:22:05 [INFO] Host: echo $?
- 02:22:06 [INFO] Target: 
echo $?
root@GenericOMAP3(FlattenedDeviceTree):/test# 
- 02:22:06 [INFO] Host: cd /test
- 02:22:06 [INFO] Target: 
cd /test
root@GenericOMAP3(FlattenedDeviceTree):/test# 
- 02:22:06 [INFO] Host: cat stdout.log
- 02:22:11 [INFO] Target: 
cat stdout.log
cpuinfo:
processor	: 0
model name	: ARMv7 Processor rev 3 (v7l)
Features	: half thumb fastmult vfp edsp thumbee neon vfpv3 tls vfpd32 
CPU implementer	: 0x41
CPU architecture: 7
CPU variant	: 0x1
CPU part	: 0xc08
CPU revision	: 3
Hardware	: Generic OMAP3 (Flattened Device Tree)
Revision	: 0000
Serial		: 0000000000000000
=======
soc info:
==> /sys/devices/soc0/family <==
OMAP3
==> /sys/devices/soc0/machine <==
OMAP3430/3530
==> /sys/devices/soc0/power <==
==> /sys/devices/soc0/revision <==
ES3.1
==> /sys/devices/soc0/subsystem <==
==> /sys/devices/soc0/type <==
==> /sys/devices/soc0/uevent <==
=======
DT Model info
==> /proc/device-tree/name <==
==> /proc/device-tree/model <==
Nokia N900
==> /proc/device-tree/compatible <==
nokia,omap3-n900ti,omap3430ti,omap3
=======
interrupts:
           CPU0       
 16:       2659      INTC  37  gp_timer
 22:       2764      INTC  13  omap-dma-engine
 28:          0  48310000.gpio   2  DMA
 96:          0  49052000.gpio   4  Camera Focus
 97:          0  49052000.gpio   5  Camera Capture
 99:          0  49052000.gpio   7  Keypad Slide
117:          0  49052000.gpio  25  Proximity Sensor
139:          0  49054000.gpio  14  Camera Lens Cover
142:          0  49054000.gpio  17  Lock Button
191:          0  49058000.gpio   0  mmc0
224:       4412      INTC  74  OMAP UART2
225:       1101      INTC  56  48070000.i2c
226:          0      INTC  57  48072000.i2c
227:          0      INTC  61  48060000.i2c
234:       6129      INTC  83  mmc0
235:        365      INTC  86  mmc1
254:          0      INTC  20  gpmc
261:        538      PRCM  pm_wkup
270:          2      PRCM  pinctrl, pinctrl, pm_io
294:          1   pinctrl 366  OMAP UART2
295:          0      INTC   7  TWL4030-PIH
296:          0   twl4030   0  twl4030_gpio
297:          0   twl4030   1  48070000.i2c:twl@48:keypad
301:          0   twl4030   5  twl4030_power
304:          0   twl4030   8  twl4030_pwrbutton
307:          0   twl4030  11  rtc0
IPI0:          0  CPU wakeup interrupts
IPI1:          0  Timer broadcast interrupts
IPI2:          0  Rescheduling interrupts
IPI3:          0  Function call interrupts
IPI4:          0  Single function call interrupts
IPI5:          0  CPU stop interrupts
IPI6:          0  IRQ work interrupts
IPI7:          0  completion interrupts
Err:          0
=======
Clk_summary:
   clock                         enable_cnt  prepare_cnt        rate   accuracy   phase
----------------------------------------------------------------------------------------
 secure_32k_fck                           0            0       32768          0 0  
    wdt1_fck                              0            0       32768          0 0  
    gpt12_fck                             0            0       32768          0 0  
 dummy_ck                                 0            0           0          0 0  
 mcbsp_clks                               0            5           0          0 0  
 sys_altclk                               0            0           0          0 0  
 virt_38_4m_ck                            0            0    38400000          0 0  
 virt_26000000_ck                         0            0    26000000          0 0  
 virt_19200000_ck                         1            1    19200000          0 0  
    osc_sys_ck                            1            1    19200000          0 0  
       sys_clkout1                        0            0    19200000          0 0  
       sys_ck                             3           18    19200000          0 0  
          gpt9_fck                        0            1    19200000          0 0  
          gpt8_fck                        0            1    19200000          0 0  
          gpt7_fck                        0            1    19200000          0 0  
          gpt6_fck                        0            1    19200000          0 0  
          gpt5_fck                        0            1    19200000          0 0  
          gpt4_fck                        0            1    19200000          0 0  
          gpt3_fck                        0            1    19200000          0 0  
          gpt2_fck                        0            1    19200000          0 0  
          cpefuse_fck                     0            0    19200000          0 0  
          dpll5_ck                        0            1   120000000          0 0  
             dpll5_m2_ck                  0            1   120000000          0 0  
                dpll5_m2_d20_ck           0            0     6000000          0 0  
                dpll5_m2_d16_ck           0            0     7500000          0 0  
                dpll5_m2_d8_ck            0            0    15000000          0 0  
                dpll5_m2_d4_ck            0            0    30000000          0 0  
                usbhost_120m_fck           0            0   120000000          0 0  
                usbtll_fck                0            1   120000000          0 0  
          sys_d2_ck                       0            0     9600000          0 0  
             usim_fck                     0            0     9600000          0 0  
          modem_fck                       0            0    19200000          0 0  
          dpll2_ck                        0            1   249600000          0 0  
             dpll2_m2_ck                  0            1   249600000          0 0  
                iva2_ck                   0            2   249600000          0 0  
          sr2_fck                         0            1    19200000          0 0  
          sr1_fck                         0            1    19200000          0 0  
          traceclk_src_fck                0            0    19200000          0 0  
             traceclk_fck                 0            0    19200000          0 0  
          emu_src_mux_ck                  0            1    19200000          0 0  
             emu_src_ck                   0            1    19200000          0 0  
                atclk_fck                 0            0    19200000          0 0  
                pclkx2_fck                0            0    19200000          0 0  
                pclk_fck                  0            0     9600000          0 0  
          dss2_alwon_fck                  0            2    19200000          0 0  
          dpll1_ck                        0            1   500000000          0 0  
             dpll1_x2_ck                  0            1  1000000000          0 0  
                dpll1_x2m2_ck             0            1  1000000000          0 0  
                   mpu_ck                 0            1  1000000000          0 0  
                      emu_mpu_alwon_ck           0            0  1000000000          0 0  
                      arm_fck             0            1   500000000          0 0  
          dpll3_ck                        1            1   664000000          0 0  
             dpll3_x2_ck                  0            0  1328000000          0 0  
             dpll3_m2_ck                  1            2   332000000          0 0  
                dpll3_m2x2_ck             0            1   664000000          0 0  
                   corex2_fck             0            1   664000000          0 0  
                      ssi_ssr_fck_3430es2           0            1   221333334          0 0  
                         ssi_sst_fck_3430es2           0            0   110666667          0 0  
                      corex2_d5_fck           0            0   132800000          0 0  
                      corex2_d3_fck           0            0   221333333          0 0  
                core_ck                   1            1   332000000          0 0  
                   core_d2_ck             0            0   166000000          0 0  
                   core_d6_ck             0            0    55333333          0 0  
                   core_d4_ck             0            0    83000000          0 0  
                   core_d3_ck             0            0   110666666          0 0  
                      sgx_fck             0            0   110666666          0 0  
                   dpll2_fck              0            0   332000000          0 0  
                   l3_ick                 2            3   166000000          0 0  
                      sgx_ick             0            0   166000000          0 0  
                      mad2d_ick           0            0   166000000          0 0  
                      sad2d_ick           0            1   166000000          0 0  
                      security_l3_ick           0            0   166000000          0 0  
                         pka_ick           0            0   166000000          0 0  
                      core_l3_ick           8           10   166000000          0 0  
                         hsotgusb_ick_3430es2           0            1   166000000          0 0  
                         gpmc_fck           2            2   166000000          0 0  
                         sdrc_ick           1            1   166000000          0 0  
                      l4_ick              7            8    83000000          0 0  
                         usbhost_ick           1            1    83000000          0 0  
                         dss_ick_3430es2           4            6    83000000          0 0  
                         sr_l4_ick           2            2    83000000          0 0  
                         ssi_l4_ick           1            1    83000000          0 0  
                            ssi_ick_3430es2           1            1    83000000          0 0  
                         cam_ick           0            1    83000000          0 0  
                         security_l4_ick2           0            0    83000000          0 0  
                            des1_ick           0            0    83000000          0 0  
                            sha11_ick           0            0    83000000          0 0  
                            rng_ick           0            0    83000000          0 0  
                            aes1_ick           0            0    83000000          0 0  
                         per_l4_ick          15           17    83000000          0 0  
                            mcbsp4_ick           2            2    83000000          0 0  
                            mcbsp3_ick           2            2    83000000          0 0  
                            mcbsp2_ick           1            1    83000000          0 0  
                            gpt2_ick           1            1    83000000          0 0  
                            gpt3_ick           1            1    83000000          0 0  
                            gpt4_ick           1            1    83000000          0 0  
                            gpt5_ick           1            1    83000000          0 0  
                            gpt6_ick           1            1    83000000          0 0  
                            gpt7_ick           1            1    83000000          0 0  
                            gpt8_ick           1            1    83000000          0 0  
                            gpt9_ick           1            1    83000000          0 0  
                            uart4_ick           0            0    83000000          0 0  
                            uart3_ick           1            1    83000000          0 0  
                            wdt3_ick           0            0    83000000          0 0  
                            gpio2_ick           0            1    83000000          0 0  
                            gpio3_ick           1            1    83000000          0 0  
                            gpio4_ick           1            1    83000000          0 0  
                            gpio5_ick           0            1    83000000          0 0  
                            gpio6_ick           1            1    83000000          0 0  
                         core_l4_ick          19           21    83000000          0 0  
                            mmchs3_ick           1            1    83000000          0 0  
                            usbtll_ick           1            1    83000000          0 0  
                            mailboxes_ick           0            1    83000000          0 0  
                            mspro_ick           0            0    83000000          0 0  
                            des2_ick           0            0    83000000          0 0  
                            icr_ick           0            0    83000000          0 0  
                            sha12_ick           0            0    83000000          0 0  
                            aes2_ick           0            0    83000000          0 0  
                            omapctrl_ick           1            1    83000000          0 0  
                            mcbsp1_ick           1            1    83000000          0 0  
                            mcbsp5_ick           1            1    83000000          0 0  
                            gpt10_ick           1            1    83000000          0 0  
                            gpt11_ick           1            1    83000000          0 0  
                            uart1_ick           1            1    83000000          0 0  
                            uart2_ick           1            1    83000000          0 0  
                            i2c1_ick           1            1    83000000          0 0  
                            i2c2_ick           1            1    83000000          0 0  
                            i2c3_ick           1            1    83000000          0 0  
                            mcspi1_ick           1            1    83000000          0 0  
                            mcspi2_ick           1            1    83000000          0 0  
                            mcspi3_ick           1            1    83000000          0 0  
                            mcspi4_ick           1            1    83000000          0 0  
                            hdq_ick           0            1    83000000          0 0  
                            mmchs1_ick           1            1    83000000          0 0  
                            mmchs2_ick           1            1    83000000          0 0  
                         rm_ick           0            0    41500000          0 0  
                   dpll1_fck              0            0   166000000          0 0  
             dpll3_m3_ck                  0            0   221333334          0 0  
                dpll3_m3x2_mul_ck           0            0   442666668          0 0  
                   dpll3_m3x2_ck           0            0   442666668          0 0  
                      emu_core_alwon_ck           0            0   442666668          0 0  
          dpll4_ck                        1            3   432000000          0 0  
             dpll4_x2_ck                  0            0   864000000          0 0  
             dpll4_m6_ck                  0            0   144000000          0 0  
                dpll4_m6x2_mul_ck           0            0   288000000          0 0  
                   dpll4_m6x2_ck           0            0   288000000          0 0  
                      emu_per_alwon_ck           0            0   288000000          0 0  
             dpll4_m5_ck                  0            0   108000000          0 0  
                dpll4_m5x2_mul_ck           0            0   216000000          0 0  
                   dpll4_m5x2_ck           0            0   216000000          0 0  
                      cam_mclk            0            0   216000000          0 0  
             dpll4_m4_ck                  0            1    48000000          0 0  
                dpll4_m4x2_mul_ck           0            1    96000000          0 0  
                   dpll4_m4x2_ck           0            1    96000000          0 0  
                      dss1_alwon_fck_3430es2           0            4    96000000          0 0  
             dpll4_m3_ck                  0            1    27000000          0 0  
                dpll4_m3x2_mul_ck           0            1    54000000          0 0  
                   dpll4_m3x2_ck           0            1    54000000          0 0  
                      omap_54m_fck           0            1    54000000          0 0  
                         clkout2_src_ck           0            0    54000000          0 0  
                            sys_clkout2           0            0    54000000          0 0  
                         dss_tv_fck           0            2    54000000          0 0  
             dpll4_m2_ck                  1            1    48000000          0 0  
                dpll4_m2x2_mul_ck           1            1    96000000          0 0  
                   dpll4_m2x2_ck           1            1    96000000          0 0  
                      omap_192m_alwon_fck           0            0    96000000          0 0  
                      omap_96m_alwon_fck           1            2    96000000          0 0  
                         per_96m_fck           0            6    96000000          0 0  
                            mcbsp4_fck           0            1    96000000          0 0  
                            mcbsp3_fck           0            2    96000000          0 0  
                            mcbsp2_fck           0            2    96000000          0 0  
                         cm_96m_fck           1            2    96000000          0 0  
                            cm_96m_d2_fck           1            1    48000000          0 0  
                               omap_48m_fck           2            4    48000000          0 0  
                                  usbhost_48m_fck           0            1    48000000          0 0  
                                  per_48m_fck           1            1    48000000          0 0  
                                     uart3_fck           1            1    48000000          0 0  
                                  core_48m_fck           1            6    48000000          0 0  
                                     uart1_fck           0            1    48000000          0 0  
                                     uart2_fck           1            1    48000000          0 0  
                                     mcspi1_fck           0            1    48000000          0 0  
                                     mcspi2_fck           0            1    48000000          0 0  
                                     mcspi3_fck           0            1    48000000          0 0  
                                     mcspi4_fck           0            1    48000000          0 0  
                                  omap_12m_fck           0            1    12000000          0 0  
                                     core_12m_fck           0            1    12000000          0 0  
                                        hdq_fck             0            1    12000000          0 0  
                            omap_96m_fck           0            2    96000000          0 0  
                               omap_96m_d10_fck           0            0     9600000          0 0  
                               omap_96m_d8_fck           0            0    12000000          0 0  
                               omap_96m_d4_fck           0            0    24000000          0 0  
                               omap_96m_d2_fck           0            0    48000000          0 0  
                               dss_96m_fck           0            2    96000000          0 0  
                               core_96m_fck           0           10    96000000          0 0  
                                  mcbsp1_fck           0            1    96000000          0 0  
                                  mcbsp5_fck           0            1    96000000          0 0  
                                  mmchs3_fck           0            1    96000000          0 0  
                                  mspro_fck           0            0    96000000          0 0  
                                  csi2_96m_fck           0            0    96000000          0 0  
                                  i2c1_fck           0            1    96000000          0 0  
                                  i2c2_fck           0            1    96000000          0 0  
                                  i2c3_fck           0            1    96000000          0 0  
                                  mmchs1_fck           0            1    96000000          0 0  
                                  mmchs2_fck           0            1    96000000          0 0  
          wkup_l4_ick                     3            4    19200000          0 0  
             usim_ick                     0            0    19200000          0 0  
             gpt1_ick                     1            1    19200000          0 0  
             gpt12_ick                    0            0    19200000          0 0  
             omap_32ksync_ick             1            1    19200000          0 0  
             gpio1_ick                    0            1    19200000          0 0  
             wdt1_ick                     0            0    19200000          0 0  
             wdt2_ick                     1            1    19200000          0 0  
 virt_13m_ck                              0            0    13000000          0 0  
 virt_12m_ck                              0            0    12000000          0 0  
 omap_32k_fck                             3            8       32768          0 0  
    gpt1_fck                              1            1       32768          0 0  
    gpt11_fck                             0            1       32768          0 0  
    gpt10_fck                             0            1       32768          0 0  
    ts_fck                                0            0       32768          0 0  
    per_32k_alwon_fck                     2            5       32768          0 0  
       wdt3_fck                           0            0       32768          0 0  
       gpio2_dbck                         0            1       32768          0 0  
       gpio3_dbck                         1            2       32768          0 0  
       gpio4_dbck                         1            2       32768          0 0  
       gpio5_dbck                         0            1       32768          0 0  
       gpio6_dbck                         0            1       32768          0 0  
    wkup_32k_fck                          1            3       32768          0 0  
       wdt2_fck                           0            1       32768          0 0  
       gpio1_dbck                         0            1       32768          0 0  
 dummy_apb_pclk                           0            0           0          0 0  
 virt_16_8m_ck                            0            0    16800000          0 0  
=======
Orphan Clks:
=======
Available frequencies
=======
Hello World Board Booted
root@GenericOMAP3(FlattenedDeviceTree):/test# 
- 02:22:11 [INFO] Host: cat stderr.log
- 02:22:11 [INFO] Target: 
cat stderr.log
ls: /sys/kernel/debug/clk/orphans/: No such file or directory
root@GenericOMAP3(FlattenedDeviceTree):/test# 
- 02:22:11 [INFO] Host: cat result.log
- 02:22:13 [ERROR] On command: cat result.log waiting for cat result.log.+?(?m-ix:^1[\0\n\r]+) >>> error: execution expired
- 02:22:13 [INFO] Target: 
cat result.log
root@GenericOMAP3(FlattenedDeviceTree):/test# 
- 02:22:13 [INFO] Host: cd /test
- 02:22:14 [INFO] Target: 
cd /test
root@GenericOMAP3(FlattenedDeviceTree):/test# 
URL:gtsystest.telogy.design.ti.com/vatf/tidfarm-02/tidfarm-02_vatf@9/tidfarm-0212_15_2014_02_05_29/files/session_iteration_1/test_1
