- 02:30:28 [INFO] Starting target session
- 02:30:29 [INFO] Connected to n900 via serial 
- 02:30:29 [INFO] Host: 
- 02:30:31 [ERROR] On command:  waiting for (?-mix:.*\s+login) >>> error: execution expired
- 02:30:31 [INFO] Target: 

- 02:30:31 [INFO] Host: 
- 02:30:36 [ERROR] On command:  waiting for (?m-ix:root.*#) >>> error: execution expired
- 02:30:36 [INFO] Target: 

- 02:30:59 [INFO] Disconnected serial from n900
- 02:30:59 [INFO] Connected to n900 via serial 
- 02:30:59 [INFO] Host: 
- 02:31:00 [ERROR] On command:  waiting for (?-mix:Nokia\sRX-51\s#\s) >>> error: execution expired
- 02:31:00 [INFO] Target: 
Timed out in wait_for_event: status=0000
Check if pads/pull-ups of bus 1 are properly configured
Timed out in wait_for_event: status=0000
Check if pads/pull-ups of bus 1 are properly configured
Timed out in wait_for_event: status=0000
Check if pads/pull-ups of bus 1 are properly configured

- 02:31:00 [INFO] Host: 
- 02:31:00 [ERROR] On command:  waiting for (?-mix:Nokia\sRX-51\s#\s) >>> error: execution expired
- 02:31:00 [INFO] Target: 
Timed out in wait_for_event: status=0000
Check if pads/pull-ups of bus 1 are properly configured
Timed out in wait_for_event: status=0000
Check if pads/pull-ups of bus 1 are properly configured
Timed out in wait_for_event: status=0000
Check if pads/pull-ups of bus 1 are properly configured

- 02:31:00 [INFO] Host: 
- 02:31:01 [ERROR] On command:  waiting for (?-mix:Nokia\sRX-51\s#\s) >>> error: execution expired
- 02:31:01 [INFO] Target: 
Timed out in wait_for_event: status=0000
Check if pads/pull-ups of bus 1 are properly configured
Timed out in wait_for_event: status=0000
Check if pads/pull-ups of bus 1 are properly configured
Timed out in wait_for_event: status=0000
Check if pads/pull-ups of bus 1 are properly configured

- 02:31:01 [INFO] Host: 
- 02:31:01 [ERROR] On command:  waiting for (?-mix:Nokia\sRX-51\s#\s) >>> error: execution expired
- 02:31:01 [INFO] Target: 
Timed out in wait_for_event: status=0000
Check if pads/pull-ups of bus 1 are properly configured
Timed out in wait_for_event: status=0000
Check if pads/pull-ups of bus 1 are properly configured
Timed out in wait_for_event: status=0000
Check if pads/pull-ups of bus 1 are properly configured
i2c_read (addr phase): pads on bus 1 probably not configured (status=0x10)

- 02:31:01 [INFO] Host: 
- 02:31:02 [INFO] Target: 
X-51 # 
Nokia RX-51 # 
Nokia RX-51 # 
Nokia RX-51 # 
Nokia RX-51 # 
- 02:31:02 [INFO] Host: 
- 02:31:03 [INFO] Target: 

Nokia RX-51 # 
- 02:31:03 [INFO] Host: version
- 02:31:03 [INFO] Target: 
version

U-Boot 2014.04-00073-g4fa5b9e (Apr 22 2014 - 14:37:10)
arm-linux-gnueabi-gcc (Ubuntu/Linaro 4.6.3-1ubuntu5) 4.6.3
GNU ld (GNU Binutils for Ubuntu) 2.22
Nokia RX-51 # 
- 02:31:03 [INFO] Host: setenv bootargs 'console=ttyO2,57600n8 vram=16M earlyprintk rootwait '
- 02:31:04 [INFO] Target: 
setenv bootargs 'console=ttyO2,57600n8 vram=16M earlyprintk rootwait '
Nokia RX-51 # 
- 02:31:04 [INFO] Host: setenv bootcmd  ''
- 02:31:04 [INFO] Target: 
setenv bootcmd  ''
Nokia RX-51 # 
- 02:31:04 [INFO] Host: setenv autoload 'no'
- 02:31:05 [INFO] Target: 
setenv autoload 'no'
Nokia RX-51 # 
- 02:31:05 [INFO] Host: setenv serverip '128.247.105.47'
- 02:31:06 [INFO] Target: 
setenv serverip '128.247.105.47'
Nokia RX-51 # 
- 02:31:06 [INFO] Host: printenv
- 02:31:07 [INFO] Target: 
printenv
arch=arm
attachboot=echo Booting attached kernel image ...;setenv setup_omap_atag 1;bootm ${attkernaddr};setenv setup_omap_atag
attkernaddr=0x8fe40800
autoload=no
baudrate=57600
board=rx51
board_name=rx51
bootargs=console=ttyO2,57600n8 vram=16M earlyprintk rootwait 
bootcmd=
bootdelay=3
bootm_size=0x08000000
bootmenu_0=Attached kernel=run attachboot
bootmenu_1=Internal eMMC=run emmcboot
bootmenu_2=External SD card=run sdboot
bootmenu_3=U-Boot boot order=boot
bootmenu_delay=30
cpu=armv7
dieid#=582a000400000000040366100301000d
emmcboot=setenv mmcnum 1; run trymmcboot
fdt_file=omap3-n900.dtb
fdtaddr=0x80F80000
fileload=${mmctype}load mmc ${mmcnum}:${mmcpart} ${loadaddr} ${mmcfile}
ftdload=setenv loadaddr ${fdtaddr};setenv mmcfile ${fdt_file};run fileload
importbootenv=echo Importing environment from mmc${mmcdev} ...; env import -t ${loadaddr} ${filesize}
initrdaddr=0x84008000
initrdload=setenv loadaddr ${initrdaddr};setenv mmcfile ${mmcinitrdfile};run fileload
kernaddr=0x82008000
kernboot=echo Booting ${mmckernfile} from mmc ${mmcnum}:${mmcpart} ...; bootm ${kernaddr}
kernbootz=echo Booting ${kernel_file}+${fdt_file} from mmc ${mmcnum}:${mmcpart} ...; bootz ${kernaddr} - ${fdtaddr}
kernel_file=zImage
kerninitrdboot=echo Booting ${mmckernfile} ${mmcinitrdfile} from mmc ${mmcnum}:${mmcpart} ...; bootm ${kernaddr} ${initrdaddr}
kernload=setenv loadaddr ${kernaddr};setenv mmcfile ${mmckernfile};run fileload
kernloadz=setenv loadaddr ${kernaddr};setenv mmcfile ${kernel_file};run fileload
loadaddr=0x82008000
loadbootenv=fatload mmc ${mmcnum} ${loadaddr} uEnv.txt
mem=260353k
menucmd=bootmenu
preboot=setenv loadaddr ${kernaddr};echo
scriptaddr=0x86008000
scriptboot=echo Running ${mmcscriptfile} from mmc ${mmcnum}:${mmcpart} ...; source ${scriptaddr}
scriptload=setenv loadaddr ${scriptaddr};setenv mmcfile ${mmcscriptfile};run fileload
sdboot=setenv mmcnum 0; run trymmcboot
sercon=setenv con serial; run setcon
serverip=128.247.105.47
setcon=setenv stdin ${con};setenv stdout ${con};setenv stderr ${con}
slide=gpio input 71
soc=omap3
stderr=serial
stdin=serial
stdout=serial
switchmmc=mmc dev ${mmcnum}
trymmcallpartboot=setenv mmcpart 1; run trymmcpartboot;setenv mmcpart 2; run trymmcpartboot;setenv mmcpart 3; run trymmcpartboot;setenv mmcpart 4; run trymmcpartboot
trymmcboot=if run switchmmc; then setenv mmctype fat;run trymmcallpartboot;setenv mmctype ext2;run trymmcallpartboot;setenv mmctype ext4;run trymmcallpartboot;fi
trymmckernboot=if run switchmmc; then if run kernload; then run kernboot;fi;fi
trymmckernbootz=if run switchmmc; then if run ftdload; then if run kernloadz; then run kernbootz;fi;fi;fi
trymmckerninitrdboot=if run switchmmc; then if run initrdload; then if run kernload; then run kerninitrdboot;fi;fi; fi
trymmcpartboot=setenv mmcscriptfile boot.scr; run trymmcscriptboot;setenv mmckernfile uImage; run trymmckernboot;run trymmckernbootz
trymmcscriptboot=if run switchmmc; then if run scriptload; then run scriptboot;fi;fi
usbcon=setenv con usbtty; run setcon
usbtty=cdc_acm
vendor=nokia
vgacon=setenv con vga; run setcon

Environment size: 3197/131068 bytes
Nokia RX-51 # 
- 02:31:07 [INFO] Host: printenv
- 02:31:08 [INFO] Target: 
printenv
arch=arm
attachboot=echo Booting attached kernel image ...;setenv setup_omap_atag 1;bootm ${attkernaddr};setenv setup_omap_atag
attkernaddr=0x8fe40800
autoload=no
baudrate=57600
board=rx51
board_name=rx51
bootargs=console=ttyO2,57600n8 vram=16M earlyprintk rootwait 
bootcmd=
bootdelay=3
bootm_size=0x08000000
bootmenu_0=Attached kernel=run attachboot
bootmenu_1=Internal eMMC=run emmcboot
bootmenu_2=External SD card=run sdboot
bootmenu_3=U-Boot boot order=boot
bootmenu_delay=30
cpu=armv7
dieid#=582a000400000000040366100301000d
emmcboot=setenv mmcnum 1; run trymmcboot
fdt_file=omap3-n900.dtb
fdtaddr=0x80F80000
fileload=${mmctype}load mmc ${mmcnum}:${mmcpart} ${loadaddr} ${mmcfile}
ftdload=setenv loadaddr ${fdtaddr};setenv mmcfile ${fdt_file};run fileload
importbootenv=echo Importing environment from mmc${mmcdev} ...; env import -t ${loadaddr} ${filesize}
initrdaddr=0x84008000
initrdload=setenv loadaddr ${initrdaddr};setenv mmcfile ${mmcinitrdfile};run fileload
kernaddr=0x82008000
kernboot=echo Booting ${mmckernfile} from mmc ${mmcnum}:${mmcpart} ...; bootm ${kernaddr}
kernbootz=echo Booting ${kernel_file}+${fdt_file} from mmc ${mmcnum}:${mmcpart} ...; bootz ${kernaddr} - ${fdtaddr}
kernel_file=zImage
kerninitrdboot=echo Booting ${mmckernfile} ${mmcinitrdfile} from mmc ${mmcnum}:${mmcpart} ...; bootm ${kernaddr} ${initrdaddr}
kernload=setenv loadaddr ${kernaddr};setenv mmcfile ${mmckernfile};run fileload
kernloadz=setenv loadaddr ${kernaddr};setenv mmcfile ${kernel_file};run fileload
loadaddr=0x82008000
loadbootenv=fatload mmc ${mmcnum} ${loadaddr} uEnv.txt
mem=260353k
menucmd=bootmenu
preboot=setenv loadaddr ${kernaddr};echo
scriptaddr=0x86008000
scriptboot=echo Running ${mmcscriptfile} from mmc ${mmcnum}:${mmcpart} ...; source ${scriptaddr}
scriptload=setenv loadaddr ${scriptaddr};setenv mmcfile ${mmcscriptfile};run fileload
sdboot=setenv mmcnum 0; run trymmcboot
sercon=setenv con serial; run setcon
serverip=128.247.105.47
setcon=setenv stdin ${con};setenv stdout ${con};setenv stderr ${con}
slide=gpio input 71
soc=omap3
stderr=serial
stdin=serial
stdout=serial
switchmmc=mmc dev ${mmcnum}
trymmcallpartboot=setenv mmcpart 1; run trymmcpartboot;setenv mmcpart 2; run trymmcpartboot;setenv mmcpart 3; run trymmcpartboot;setenv mmcpart 4; run trymmcpartboot
trymmcboot=if run switchmmc; then setenv mmctype fat;run trymmcallpartboot;setenv mmctype ext2;run trymmcallpartboot;setenv mmctype ext4;run trymmcallpartboot;fi
trymmckernboot=if run switchmmc; then if run kernload; then run kernboot;fi;fi
trymmckernbootz=if run switchmmc; then if run ftdload; then if run kernloadz; then run kernbootz;fi;fi;fi
trymmckerninitrdboot=if run switchmmc; then if run initrdload; then if run kernload; then run kerninitrdboot;fi;fi; fi
trymmcpartboot=setenv mmcscriptfile boot.scr; run trymmcscriptboot;setenv mmckernfile uImage; run trymmckernboot;run trymmckernbootz
trymmcscriptboot=if run switchmmc; then if run scriptload; then run scriptboot;fi;fi
usbcon=setenv con usbtty; run setcon
usbtty=cdc_acm
vendor=nokia
vgacon=setenv con vga; run setcon

Environment size: 3197/131068 bytes
Nokia RX-51 # 
- 02:31:08 [INFO] Host: setenv bootargs ''${bootargs}' ip=dhcp '
- 02:31:08 [INFO] Target: 
setenv bootargs ''${bootargs}' ip=dhcp '
Nokia RX-51 # 
- 02:31:08 [INFO] Host: setenv serverip '128.247.105.47'
- 02:31:09 [INFO] Target: 
setenv serverip '128.247.105.47'
Nokia RX-51 # 
- 02:31:09 [INFO] Host: setenv ipaddr dhcp
- 02:31:09 [INFO] Target: 
setenv ipaddr dhcp
Nokia RX-51 # 
- 02:31:09 [INFO] Host: setenv autoload 'no'
- 02:31:10 [INFO] Target: 
setenv autoload 'no'
Nokia RX-51 # 
- 02:31:10 [INFO] Host: dhcp
- 02:31:11 [INFO] Target: 
dhcp
Unknown command 'dhcp' - try 'help'
Nokia RX-51 # 
- 02:31:12 [INFO] Disconnected serial from n900
- 02:44:52 [INFO] Connected to n900 via serial 
- 02:44:52 [INFO] Host: ls mmc 0:1
- 02:44:53 [INFO] Target: 
## Total Size      = 0x00437486 = 4420742 Bytes
Nokia RX-51 # ls mmc 0:1
Unknown command 'ls' - try 'help'
Nokia RX-51 # 
- 02:44:53 [INFO] Host: ls mmc 0:2
- 02:44:54 [INFO] Target: 
ls mmc 0:2
Unknown command 'ls' - try 'help'
Nokia RX-51 # 
- 02:44:54 [INFO] Host: ls mmc 0:3
- 02:44:54 [INFO] Target: 
ls mmc 0:3
Unknown command 'ls' - try 'help'
Nokia RX-51 # 
- 02:44:54 [INFO] Host: ls mmc 0:4
- 02:44:55 [INFO] Target: 
ls mmc 0:4
Unknown command 'ls' - try 'help'
Nokia RX-51 # 
- 02:44:55 [INFO] Host: ls mmc 0:5
- 02:44:55 [INFO] Target: 
ls mmc 0:5
Unknown command 'ls' - try 'help'
Nokia RX-51 # 
- 02:44:55 [INFO] Host: part uuid mmc 0:
- 02:44:56 [INFO] Target: 
part uuid mmc 0:
Unknown command 'part' - try 'help'
Nokia RX-51 # 
- 02:44:56 [INFO] Host: printenv
- 02:44:57 [INFO] Target: 
printenv
arch=arm
attachboot=echo Booting attached kernel image ...;setenv setup_omap_atag 1;bootm ${attkernaddr};setenv setup_omap_atag
attkernaddr=0x8fe40800
autoload=no
baudrate=57600
board=rx51
board_name=rx51
bootargs=console=ttyO2,57600n8 vram=16M earlyprintk rootwait  ip=dhcp 
bootcmd=
bootdelay=3
bootm_size=0x08000000
bootmenu_0=Attached kernel=run attachboot
bootmenu_1=Internal eMMC=run emmcboot
bootmenu_2=External SD card=run sdboot
bootmenu_3=U-Boot boot order=boot
bootmenu_delay=30
cpu=armv7
dieid#=582a000400000000040366100301000d
emmcboot=setenv mmcnum 1; run trymmcboot
fdt_file=omap3-n900.dtb
fdtaddr=0x80F80000
fileload=${mmctype}load mmc ${mmcnum}:${mmcpart} ${loadaddr} ${mmcfile}
filesize=437486
ftdload=setenv loadaddr ${fdtaddr};setenv mmcfile ${fdt_file};run fileload
importbootenv=echo Importing environment from mmc${mmcdev} ...; env import -t ${loadaddr} ${filesize}
initrdaddr=0x84008000
initrdload=setenv loadaddr ${initrdaddr};setenv mmcfile ${mmcinitrdfile};run fileload
ipaddr=dhcp
kernaddr=0x82008000
kernboot=echo Booting ${mmckernfile} from mmc ${mmcnum}:${mmcpart} ...; bootm ${kernaddr}
kernbootz=echo Booting ${kernel_file}+${fdt_file} from mmc ${mmcnum}:${mmcpart} ...; bootz ${kernaddr} - ${fdtaddr}
kernel_file=zImage
kerninitrdboot=echo Booting ${mmckernfile} ${mmcinitrdfile} from mmc ${mmcnum}:${mmcpart} ...; bootm ${kernaddr} ${initrdaddr}
kernload=setenv loadaddr ${kernaddr};setenv mmcfile ${mmckernfile};run fileload
kernloadz=setenv loadaddr ${kernaddr};setenv mmcfile ${kernel_file};run fileload
loadaddr=0x82008000
loadbootenv=fatload mmc ${mmcnum} ${loadaddr} uEnv.txt
mem=260353k
menucmd=bootmenu
preboot=setenv loadaddr ${kernaddr};echo
scriptaddr=0x86008000
scriptboot=echo Running ${mmcscriptfile} from mmc ${mmcnum}:${mmcpart} ...; source ${scriptaddr}
scriptload=setenv loadaddr ${scriptaddr};setenv mmcfile ${mmcscriptfile};run fileload
sdboot=setenv mmcnum 0; run trymmcboot
sercon=setenv con serial; run setcon
serverip=128.247.105.47
setcon=setenv stdin ${con};setenv stdout ${con};setenv stderr ${con}
slide=gpio input 71
soc=omap3
stderr=serial
stdin=serial
stdout=serial
switchmmc=mmc dev ${mmcnum}
trymmcallpartboot=setenv mmcpart 1; run trymmcpartboot;setenv mmcpart 2; run trymmcpartboot;setenv mmcpart 3; run trymmcpartboot;setenv mmcpart 4; run trymmcpartboot
trymmcboot=if run switchmmc; then setenv mmctype fat;run trymmcallpartboot;setenv mmctype ext2;run trymmcallpartboot;setenv mmctype ext4;run trymmcallpartboot;fi
trymmckernboot=if run switchmmc; then if run kernload; then run kernboot;fi;fi
trymmckernbootz=if run switchmmc; then if run ftdload; then if run kernloadz; then run kernbootz;fi;fi;fi
trymmckerninitrdboot=if run switchmmc; then if run initrdload; then if run kernload; then run kerninitrdboot;fi;fi; fi
trymmcpartboot=setenv mmcscriptfile boot.scr; run trymmcscriptboot;setenv mmckernfile uImage; run trymmckernboot;run trymmckernbootz
trymmcscriptboot=if run switchmmc; then if run scriptload; then run scriptboot;fi;fi
usbcon=setenv con usbtty; run setcon
usbtty=cdc_acm
vendor=nokia
vgacon=setenv con vga; run setcon

Environment size: 3238/131068 bytes
Nokia RX-51 # 
- 02:44:57 [INFO] Host: setenv bootargs ''${bootargs}' root=/dev/mmcblk0p2 rw rootfstype=ext3 rootwait '
- 02:44:58 [INFO] Target: 
setenv bootargs ''${bootargs}' root=/dev/mmcblk0p2 rw rootfstype=ext3 rootwait '
Nokia RX-51 # 
- 02:44:58 [INFO] Host: printenv
- 02:44:59 [INFO] Target: 
printenv
arch=arm
attachboot=echo Booting attached kernel image ...;setenv setup_omap_atag 1;bootm ${attkernaddr};setenv setup_omap_atag
attkernaddr=0x8fe40800
autoload=no
baudrate=57600
board=rx51
board_name=rx51
bootargs=console=ttyO2,57600n8 vram=16M earlyprintk rootwait  ip=dhcp  root=/dev/mmcblk0p2 rw rootfstype=ext3 rootwait 
bootcmd=
bootdelay=3
bootm_size=0x08000000
bootmenu_0=Attached kernel=run attachboot
bootmenu_1=Internal eMMC=run emmcboot
bootmenu_2=External SD card=run sdboot
bootmenu_3=U-Boot boot order=boot
bootmenu_delay=30
cpu=armv7
dieid#=582a000400000000040366100301000d
emmcboot=setenv mmcnum 1; run trymmcboot
fdt_file=omap3-n900.dtb
fdtaddr=0x80F80000
fileload=${mmctype}load mmc ${mmcnum}:${mmcpart} ${loadaddr} ${mmcfile}
filesize=437486
ftdload=setenv loadaddr ${fdtaddr};setenv mmcfile ${fdt_file};run fileload
importbootenv=echo Importing environment from mmc${mmcdev} ...; env import -t ${loadaddr} ${filesize}
initrdaddr=0x84008000
initrdload=setenv loadaddr ${initrdaddr};setenv mmcfile ${mmcinitrdfile};run fileload
ipaddr=dhcp
kernaddr=0x82008000
kernboot=echo Booting ${mmckernfile} from mmc ${mmcnum}:${mmcpart} ...; bootm ${kernaddr}
kernbootz=echo Booting ${kernel_file}+${fdt_file} from mmc ${mmcnum}:${mmcpart} ...; bootz ${kernaddr} - ${fdtaddr}
kernel_file=zImage
kerninitrdboot=echo Booting ${mmckernfile} ${mmcinitrdfile} from mmc ${mmcnum}:${mmcpart} ...; bootm ${kernaddr} ${initrdaddr}
kernload=setenv loadaddr ${kernaddr};setenv mmcfile ${mmckernfile};run fileload
kernloadz=setenv loadaddr ${kernaddr};setenv mmcfile ${kernel_file};run fileload
loadaddr=0x82008000
loadbootenv=fatload mmc ${mmcnum} ${loadaddr} uEnv.txt
mem=260353k
menucmd=bootmenu
preboot=setenv loadaddr ${kernaddr};echo
scriptaddr=0x86008000
scriptboot=echo Running ${mmcscriptfile} from mmc ${mmcnum}:${mmcpart} ...; source ${scriptaddr}
scriptload=setenv loadaddr ${scriptaddr};setenv mmcfile ${mmcscriptfile};run fileload
sdboot=setenv mmcnum 0; run trymmcboot
sercon=setenv con serial; run setcon
serverip=128.247.105.47
setcon=setenv stdin ${con};setenv stdout ${con};setenv stderr ${con}
slide=gpio input 71
soc=omap3
stderr=serial
stdin=serial
stdout=serial
switchmmc=mmc dev ${mmcnum}
trymmcallpartboot=setenv mmcpart 1; run trymmcpartboot;setenv mmcpart 2; run trymmcpartboot;setenv mmcpart 3; run trymmcpartboot;setenv mmcpart 4; run trymmcpartboot
trymmcboot=if run switchmmc; then setenv mmctype fat;run trymmcallpartboot;setenv mmctype ext2;run trymmcallpartboot;setenv mmctype ext4;run trymmcallpartboot;fi
trymmckernboot=if run switchmmc; then if run kernload; then run kernboot;fi;fi
trymmckernbootz=if run switchmmc; then if run ftdload; then if run kernloadz; then run kernbootz;fi;fi;fi
trymmckerninitrdboot=if run switchmmc; then if run initrdload; then if run kernload; then run kerninitrdboot;fi;fi; fi
trymmcpartboot=setenv mmcscriptfile boot.scr; run trymmcscriptboot;setenv mmckernfile uImage; run trymmckernboot;run trymmckernbootz
trymmcscriptboot=if run switchmmc; then if run scriptload; then run scriptboot;fi;fi
usbcon=setenv con usbtty; run setcon
usbtty=cdc_acm
vendor=nokia
vgacon=setenv con vga; run setcon

Environment size: 3287/131068 bytes
Nokia RX-51 # 
- 02:44:59 [INFO] Host: setenv bootcmd ''${bootcmd}' if iminfo ${loadaddr}; then bootm ${loadaddr}  ; else bootz ${loadaddr}  ; bootm ${loadaddr}  ; fi'
- 02:44:59 [INFO] Target: 
setenv bootcmd ''${bootcmd}' if iminfo ${loadaddr}; then bootm ${loadaddr}  ; else bootz ${loadaddr}  ; bootm ${loadaddr}  ; fi'
Nokia RX-51 # 
- 02:44:59 [INFO] Host: bdinfo
- 02:45:00 [INFO] Target: 
bdinfo
arch_number = 0x000007A3
boot_params = 0x80000100
DRAM bank   = 0x00000000
-> start    = 0x80000000
-> size     = 0x10000000
DRAM bank   = 0x00000001
-> start    = 0x90000000
-> size     = 0x00000000
baudrate    = 57600 bps
TLB addr    = 0x8FE30000
relocaddr   = 0x8FDD1000
reloc off   = 0x0FDC9000
irq_sp      = 0x8FCF0F20
sp start    = 0x8FCF0F10
FB base     = 0x00000000
Nokia RX-51 # 
- 02:45:00 [INFO] Host: boot
- 02:47:30 [ERROR] On command: boot waiting for (?-mix:.*\s+login) >>> error: execution expired
- 02:47:30 [INFO] Target: 
boot
Unknown command 'iminfo' - try 'help'
Bad Linux ARM zImage magic!
## Booting kernel from Legacy Image at 82008000 ...
   Image Name:   Linux-3.16.0-rc7-00002-g0768cab
   Image Type:   ARM Linux Kernel Image (uncompressed)
   Data Size:    4420678 Bytes = 4.2 MiB
   Load Address: 80800000
   Entry Point:  80800000
   Verifying Checksum ... OK
   Loading Kernel Image ... OK

Starting kernel ...

[    0.000000] Booting Linux on physical CPU 0x0
[    0.000000] Linux version 3.16.0-rc7-00002-g0768cab (nmenon@kahuna) (gcc version 4.6.3 (Ubuntu/Linaro 4.6.3-1ubuntu5) ) #1 SMP Mon Jul 28 02:28:30 CDT 2014
[    0.000000] CPU: ARMv7 Processor [411fc083] revision 3 (ARMv7), cr=10c5387d
[    0.000000] CPU: PIPT / VIPT nonaliasing data cache, VIPT nonaliasing instruction cache
[    0.000000] Machine model: Nokia N900
[    0.000000] cma: CMA: reserved 16 MiB at 8e800000
[    0.000000] Memory policy: Data cache writeback
[    0.000000]   HighMem zone: 1048574 pages exceeds freesize 0
[    0.000000] CPU: All CPU(s) started in SVC mode.
[    0.000000] OMAP3430/3530 ES3.1 (l2cache iva sgx neon isp )
[    0.000000] PERCPU: Embedded 9 pages/cpu @cfc79000 s14336 r8192 d14336 u36864
[    0.000000] Built 1 zonelists in Zone order, mobility grouping on.  Total pages: 64768
[    0.000000] Kernel command line: console=ttyO2,57600n8 vram=16M earlyprintk rootwait  ip=dhcp  root=/dev/mmcblk0p2 rw rootfstype=ext3 rootwait 
[    0.000000] PID hash table entries: 1024 (order: 0, 4096 bytes)
[    0.000000] Dentry cache hash table entries: 32768 (order: 5, 131072 bytes)
[    0.000000] Inode-cache hash table entries: 16384 (order: 4, 65536 bytes)
[    0.000000] Memory: 224728K/261120K available (5653K kernel code, 681K rwdata, 2196K rodata, 402K init, 8209K bss, 36392K reserved, 0K highmem)
[    0.000000] Virtual kernel memory layout:
[    0.000000]     vector  : 0xffff0000 - 0xffff1000   (   4 kB)
[    0.000000]     fixmap  : 0xffc00000 - 0xffe00000   (2048 kB)
[    0.000000]     vmalloc : 0xd0800000 - 0xff000000   ( 744 MB)
[    0.000000]     lowmem  : 0xc0000000 - 0xd0000000   ( 256 MB)
[    0.000000]     pkmap   : 0xbfe00000 - 0xc0000000   (   2 MB)
[    0.000000]     modules : 0xbf000000 - 0xbfe00000   (  14 MB)
[    0.000000]       .text : 0xc0008000 - 0xc07b294c   (7851 kB)
[    0.000000]       .init : 0xc07b3000 - 0xc0817800   ( 402 kB)
[    0.000000]       .data : 0xc0818000 - 0xc08c25b0   ( 682 kB)
[    0.000000]        .bss : 0xc08c25b0 - 0xc10c6a98   (8210 kB)
[    0.000000] Hierarchical RCU implementation.
[    0.000000] 	RCU restricting CPUs from NR_CPUS=2 to nr_cpu_ids=1.
[    0.000000] RCU: Adjusting geometry for rcu_fanout_leaf=16, nr_cpu_ids=1
[    0.000000] NR_IRQS:16 nr_irqs:16 16
[    0.000000] IRQ: Found an INTC at 0xfa200000 (revision 4.0) with 96 interrupts
[    0.000000] Total of 96 interrupts on 1 active controller
[    0.000000] Clocking rate (Crystal/Core/MPU): 19.2/332/500 MHz
[    0.000000] OMAP clockevent source: timer1 at 32768 Hz
[    0.000030] sched_clock: 32 bits at 32kHz, resolution 30517ns, wraps every 65536000000000ns
[    0.000061] OMAP clocksource: 32k_counter at 32768 Hz
[    0.001525] Console: colour dummy device 80x30
[    0.001617] Lock dependency validator: Copyright (c) 2006 Red Hat, Inc., Ingo Molnar
[    0.001617] ... MAX_LOCKDEP_SUBCLASSES:  8
[    0.001647] ... MAX_LOCK_DEPTH:          48
[    0.001678] ... MAX_LOCKDEP_KEYS:        8191
[    0.001678] ... CLASSHASH_SIZE:          4096
[    0.001678] ... MAX_LOCKDEP_ENTRIES:     32768
[    0.001708] ... MAX_LOCKDEP_CHAINS:      65536
[    0.001708] ... CHAINHASH_SIZE:          32768
[    0.001739]  memory used by lock dependency info: 5167 kB
[    0.001739]  per task-struct memory footprint: 1152 bytes
[    0.001831] Calibrating delay loop... 496.43 BogoMIPS (lpj=2482176)
[    0.106933] pid_max: default: 32768 minimum: 301
[    0.107696] Security Framework initialized
[    0.107971] Mount-cache hash table entries: 1024 (order: 0, 4096 bytes)
[    0.108001] Mountpoint-cache hash table entries: 1024 (order: 0, 4096 bytes)
[    0.112426] CPU: Testing write buffer coherency: ok
[    0.114593] CPU0: thread -1, cpu 0, socket -1, mpidr 0
[    0.114807] Setting up static identity map for 0x8055bee8 - 0x8055bf58
[    0.121795] Brought up 1 CPUs
[    0.121826] SMP: Total of 1 processors activated.
[    0.121826] CPU: All CPU(s) started in SVC mode.
[    0.127319] devtmpfs: initialized
[    0.142883] VFP support v0.3: implementor 41 architecture 3 part 30 variant c rev 1
[    0.252716] omap_hwmod: mcbsp2_sidetone using broken dt data from mcbsp
[    0.255828] omap_hwmod: mcbsp3_sidetone using broken dt data from mcbsp
[    0.338836] omap_hwmod: mcbsp2: cannot be enabled for reset (3)
[    0.367950] pinctrl core: initialized pinctrl subsystem
[    0.372863] regulator-dummy: no parameters
[    0.515258] NET: Registered protocol family 16
[    0.532562] DMA: preallocated 256 KiB pool for atomic coherent allocations
[    0.537628] cpuidle: using governor ladder
[    0.537689] cpuidle: using governor menu
[    0.540832] Reprogramming SDRC clock to 332000000 Hz
[    0.559051] OMAP GPIO hardware version 2.5
[    0.578063] irq: no irq domain found for /ocp/pinmux@48002030 !
[    0.579284] irq: no irq domain found for /ocp/pinmux@48002030 !
[    0.594848] platform 49022000.mcbsp: alias fck already exists
[    0.611022] omap-gpmc 6e000000.gpmc: GPMC revision 5.0
[    0.619537] RX-51: Not enabling ARM errata 430973 workaround
[    0.619567] Thumb binaries may crash randomly without this workaround
[    0.619598] RX-51: Registring OMAP3 HWRNG device
[    0.625183] No ATAGs?
[    0.625213] hw-breakpoint: debug architecture 0x4 unsupported.
[    0.630249] Reserving DMA channels 0 and 1 for HS ROM code
[    0.630279] OMAP DMA hardware revision 4.0
[    0.683715] edma-dma-engine edma-dma-engine.0: Can't allocate PaRAM dummy slot
[    0.683837] edma-dma-engine: probe of edma-dma-engine.0 failed with error -5
[    0.760833] omap-dma-engine 48056000.dma-controller: OMAP DMA engine driver
[    0.769622] SCSI subsystem initialized
[    0.771362] usbcore: registered new interface driver usbfs
[    0.771728] usbcore: registered new interface driver hub
[    0.772491] usbcore: registered new device driver usb
[    0.774719] omap_i2c 48070000.i2c: could not find pctldev for node /ocp/pinmux@48002030/pinmux_i2c1_pins, deferring probe
[    0.774810] platform 48070000.i2c: Driver omap_i2c requests probe deferral
[    0.774963] omap_i2c 48072000.i2c: could not find pctldev for node /ocp/pinmux@48002030/pinmux_i2c2_pins, deferring probe
[    0.775024] platform 48072000.i2c: Driver omap_i2c requests probe deferral
[    0.775177] omap_i2c 48060000.i2c: could not find pctldev for node /ocp/pinmux@48002030/pinmux_i2c3_pins, deferring probe
[    0.775238] platform 48060000.i2c: Driver omap_i2c requests probe deferral
[    0.787231] Switched to clocksource 32k_counter
[    1.148895] NET: Registered protocol family 2
[    1.152130] TCP established hash table entries: 2048 (order: 1, 8192 bytes)
[    1.152435] TCP bind hash table entries: 2048 (order: 4, 73728 bytes)
[    1.154052] TCP: Hash tables configured (established 2048 bind 2048)
[    1.154418] TCP: reno registered
[    1.154449] UDP hash table entries: 256 (order: 2, 20480 bytes)
[    1.154846] UDP-Lite hash table entries: 256 (order: 2, 20480 bytes)
[    1.157012] NET: Registered protocol family 1
[    1.160369] RPC: Registered named UNIX socket transport module.
[    1.160400] RPC: Registered udp transport module.
[    1.160400] RPC: Registered tcp transport module.
[    1.160430] RPC: Registered tcp NFSv4.1 backchannel transport module.
[    1.162811] hw perfevents: enabled with ARMv7 Cortex-A8 PMU driver, 5 counters available
[    1.173217] futex hash table entries: 256 (order: 2, 16384 bytes)
[    1.183135] VFS: Disk quotas dquot_6.5.2
[    1.183410] Dquot-cache hash table entries: 1024 (order 0, 4096 bytes)
[    1.187713] NFS: Registering the id_resolver key type
[    1.188415] Key type id_resolver registered
[    1.188446] Key type id_legacy registered
[    1.188720] jffs2: version 2.2. (NAND) (SUMMARY)   2001-2006 Red Hat, Inc.
[    1.189605] msgmni has been set to 470
[    1.200073] io scheduler noop registered
[    1.200134] io scheduler deadline registered
[    1.200286] io scheduler cfq registered (default)
[    1.205596] pinctrl-single 48002030.pinmux: 284 pins at pa fa002030 size 568
[    1.206665] pinctrl-single 48002a00.pinmux: 46 pins at pa fa002a00 size 92
[    1.207855] pinctrl-single 480025d8.pinmux: 18 pins at pa fa0025d8 size 36
[    1.212524] pbias_mmc_omap2430: 1800 <--> 3000 mV at 3000 mV 
[    1.215942] Serial: 8250/16550 driver, 4 ports, IRQ sharing enabled
[    1.233367] 4806c000.serial: ttyO1 at MMIO 0x4806c000 (irq = 89, base_baud = 3000000) is a OMAP UART1
[    1.240173] 49020000.serial: ttyO2 at MMIO 0x49020000 (irq = 90, base_baud = 3000000) is a OMAP UART2
[    2.809753] console [ttyO2] enabled
[    2.821868] omap3_rom_rng: initializing
[    2.894470] brd: module loaded
[    2.933258] loop: module loaded
[    2.945892] mtdoops: mtd device (mtddev=name/number) must be supplied
[    2.961303] omap2-onenand omap2-onenand: initializing on CS0, phys base 0x01000000, virtual base d0880000, freq 83 MHz
[    2.983612] Muxed OneNAND 256MB 1.8V 16-bit (0x40)
[    2.993530] OneNAND version = 0x0031
[    3.003112] Scanning device for bad blocks
[    3.176422] 6 ofpart partitions found on MTD device omap2-onenand
[    3.189300] Creating 6 MTD partitions on "omap2-onenand":
[    3.200622] 0x000000000000-0x000000020000 : "bootloader"
[    3.226654] 0x000000020000-0x000000080000 : "config"
[    3.248626] 0x000000080000-0x0000000c0000 : "log"
[    3.266784] 0x0000000c0000-0x0000002c0000 : "kernel"
[    3.288146] 0x0000002c0000-0x0000004c0000 : "initfs"
[    3.306488] 0x0000004c0000-0x000010000000 : "rootfs"
[    3.335571] ------------[ cut here ]------------
[    3.345336] WARNING: CPU: 0 PID: 334 at kernel/locking/mutex.c:826 mutex_trylock+0x1ac/0x204()
[    3.363220] DEBUG_LOCKS_WARN_ON(in_interrupt())
[    3.372253] Modules linked in:
[    3.379028] CPU: 0 PID: 334 Comm: kworker/u2:0 Not tainted 3.16.0-rc7-00002-g0768cab #1
[    3.395690] [<c0014d10>] (unwind_backtrace) from [<c0011978>] (show_stack+0x10/0x14)
[    3.411773] [<c0011978>] (show_stack) from [<c0553c50>] (dump_stack+0x78/0x94)
[    3.426788] [<c0553c50>] (dump_stack) from [<c00406e8>] (warn_slowpath_common+0x6c/0x8c)
[    3.443603] [<c00406e8>] (warn_slowpath_common) from [<c004079c>] (warn_slowpath_fmt+0x30/0x40)
[    3.461669] [<c004079c>] (warn_slowpath_fmt) from [<c055638c>] (mutex_trylock+0x1ac/0x204)
[    3.478851] [<c055638c>] (mutex_trylock) from [<c046d9f0>] (clk_prepare_lock+0xc/0xe4)
[    3.495300] [<c046d9f0>] (clk_prepare_lock) from [<c046f424>] (clk_unprepare+0x18/0x28)
[    3.511932] [<c046f424>] (clk_unprepare) from [<c0355e10>] (omap3_rom_rng_idle+0x38/0x58)
[    3.528930] [<c0355e10>] (omap3_rom_rng_idle) from [<c004b5f8>] (call_timer_fn+0x84/0x194)
[    3.546081] [<c004b5f8>] (call_timer_fn) from [<c004c1a0>] (run_timer_softirq+0x238/0x2d0)
[    3.563262] [<c004c1a0>] (run_timer_softirq) from [<c0044bf8>] (__do_softirq+0xc0/0x32c)
[    3.580078] [<c0044bf8>] (__do_softirq) from [<c0045138>] (irq_exit+0xa8/0xfc)
[    3.595062] [<c0045138>] (irq_exit) from [<c000ee8c>] (handle_IRQ+0x50/0xac)
[    3.609710] [<c000ee8c>] (handle_IRQ) from [<c0008680>] (omap3_intc_handle_irq+0x80/0x9c)
[    3.626708] [<c0008680>] (omap3_intc_handle_irq) from [<c055a1e4>] (__irq_svc+0x44/0x5c)
[    3.643524] Exception stack(0xce43ded0 to 0xce43df18)
[    3.654022] dec0:                                     00000001 ce16b1d8 00000000 ce16ac80
[    3.670989] dee0: a0000113 ce077e30 00000000 00000000 00000000 00000000 00000000 00000000
[    3.687957] df00: ce077e44 ce43df18 c00864ec c0559be0 20000113 ffffffff
[    3.701721] [<c055a1e4>] (__irq_svc) from [<c0559be0>] (_raw_spin_unlock_irqrestore+0x34/0x44)
[    3.719604] [<c0559be0>] (_raw_spin_unlock_irqrestore) from [<c003e388>] (mm_release+0x78/0x110)
[    3.737823] [<c003e388>] (mm_release) from [<c0042538>] (do_exit+0x11c/0x924)
[    3.752655] [<c0042538>] (do_exit) from [<c0054f04>] (____call_usermodehelper+0x140/0x154)
[    3.769836] [<c0054f04>] (____call_usermodehelper) from [<c000e628>] (ret_from_fork+0x14/0x2c)
[    3.787750] ---[ end trace 496a5a825676074a ]---
[    3.923278] usbcore: registered new interface driver asix
[    3.934997] usbcore: registered new interface driver ax88179_178a
[    3.947906] usbcore: registered new interface driver cdc_ether
[    3.960357] usbcore: registered new interface driver smsc95xx
[    3.972534] usbcore: registered new interface driver net1080
[    3.984588] usbcore: registered new interface driver cdc_subset
[    3.997131] usbcore: registered new interface driver zaurus
[    4.009094] usbcore: registered new interface driver cdc_ncm
[    4.022674] usbcore: registered new interface driver cdc_wdm
[    4.034881] usbcore: registered new interface driver usb-storage
[    4.047698] usbcore: registered new interface driver usbtest
[    4.062072] mousedev: PS/2 mouse device common for all mice
[    4.076721] i2c /dev entries driver
[    4.084259] Driver for 1-wire Dallas network protocol.
[    4.097991] omap_wdt: OMAP Watchdog Timer Rev 0x31: initial timeout 60 sec
[    4.114746] of_get_named_gpiod_flags exited with status 0
[    4.126007] of_get_named_gpiod_flags: can't parse gpios property of node '/ocp/mmc@4809c000[0]'
[    4.144927] omap_hsmmc 4809c000.mmc: unable to get vmmc regulator -517
[    4.158752] platform 4809c000.mmc: Driver omap_hsmmc requests probe deferral
[    4.173828] of_get_named_gpiod_flags: can't parse gpios property of node '/ocp/mmc@480b4000[0]'
[    4.191925] of_get_named_gpiod_flags: can't parse gpios property of node '/ocp/mmc@480b4000[0]'
[    4.210540] omap_hsmmc 480b4000.mmc: unable to get vmmc regulator -517
[    4.224304] platform 480b4000.mmc: Driver omap_hsmmc requests probe deferral
[    4.239898] of_get_named_gpiod_flags exited with status 0
[    4.251220] of_get_named_gpiod_flags exited with status 0
[    4.263275] ledtrig-cpu: registered to indicate activity on CPUs
[    4.276641] usbcore: registered new interface driver usbhid
[    4.288269] usbhid: USB HID core driver
[    4.298339] oprofile: using arm/armv7
[    4.306518] TCP: cubic registered
[    4.313385] Initializing XFRM netlink socket
[    4.322357] NET: Registered protocol family 17
[    4.331726] NET: Registered protocol family 15
[    4.341278] Key type dns_resolver registered
[    4.350585] omap2_set_init_voltage: unable to find boot up OPP for vdd_mpu_iva
[    4.365600] omap2_set_init_voltage: unable to set vdd_mpu_iva
[    4.377563] omap2_set_init_voltage: unable to find boot up OPP for vdd_core
[    4.392028] omap2_set_init_voltage: unable to set vdd_core
[    4.411163] ThumbEE CPU extension supported.
[    4.420196] Registering SWP/SWPB emulation handler
[    4.430206] SmartReflex Class3 initialized
[    4.480834] twl 0-0048: PIH (irq 23) chaining IRQs 340..348
[    4.492767] twl 0-0048: power (irq 345) chaining IRQs 348..355
[    4.507904] twl_rtc 48070000.i2c:twl@48:rtc: Enabling TWL-RTC
[    4.526275] twl_rtc 48070000.i2c:twl@48:rtc: rtc core: registered 48070000.i2c:twl@48 as rtc0
[    4.552032] V28: 2800 mV 
[    4.560913] VCSI: 1800 mV 
[    4.569763] VMMC2_30: 2800 <--> 3000 mV at 2800 mV 
[    4.583282] VCAM_ANA_28: 2800 mV 
[    4.593414] VDD1: 600 <--> 1450 mV at 1200 mV 
[    4.606048] VDAC: 1800 mV 
[    4.617034] VIO: 1800 mV 
[    4.626373] VINTANA1: 1500 mV 
[    4.636505] VINTANA2: 2750 mV 
[    4.646697] VINTDIG: 1500 mV 
[    4.655609] VMMC1: 1850 <--> 3150 mV at 3000 mV 
[    4.669494] V28_A: 2800 <--> 3000 mV at 2600 mV 
[    4.681304] VUSB1V5: 1500 mV 
[    4.689544] VUSB1V8: 1800 mV 
[    4.697723] VUSB3V1: 3100 mV 
[    4.707824] VPLL: 1800 mV 
[    4.718292] VSDI_CSI: 1800 mV 
[    4.727600] VMMC2_IO_18: 1800 mV 
[    4.737121] twl4030_gpio twl4030-gpio: gpio (irq 340) chaining IRQs 356..373
[    4.752929] gpiochip_find_base: found new base at 494
[    4.764099] gpiochip_add: registered GPIOs 494 to 511 on device: twl4030
[    4.784301] input: twl4030_pwrbutton as /devices/68000000.ocp/48070000.i2c/i2c-0/0-0048/48070000.i2c:twl@48:pwrbutton/input/input0
[    4.811309] input: TWL4030 Keypad as /devices/68000000.ocp/48070000.i2c/i2c-0/0-0048/48070000.i2c:twl@48:keypad/input/input1
[    4.893615] omap_i2c 48070000.i2c: bus 0 rev3.3 at 2200 kHz
[    4.917602] omap_i2c 48072000.i2c: bus 1 rev3.3 at 100 kHz
[    4.932037] omap_i2c 48060000.i2c: bus 2 rev3.3 at 400 kHz
[    4.944519] of_get_named_gpiod_flags exited with status 0
[    4.955871] of_get_named_gpiod_flags: can't parse gpios property of node '/ocp/mmc@4809c000[0]'
[    5.015014] of_get_named_gpiod_flags: can't parse gpios property of node '/ocp/mmc@480b4000[0]'
[    5.033142] of_get_named_gpiod_flags: can't parse gpios property of node '/ocp/mmc@480b4000[0]'
[    5.096801] of_get_named_gpiod_flags exited with status 0
[    5.108245] of_get_named_gpiod_flags exited with status 0
[    5.119567] of_get_named_gpiod_flags exited with status 0
[    5.130859] of_get_named_gpiod_flags exited with status 0
[    5.142120] of_get_named_gpiod_flags exited with status 0
[    5.153411] of_get_named_gpiod_flags exited with status 0
[    5.166900] input: gpio_keys as /devices/gpio_keys/input/input2
[    5.187927] twl_rtc 48070000.i2c:twl@48:rtc: setting system clock to 2014-07-07 14:07:48 UTC (1404742068)
[    5.207946] sr_init: No PMIC hook to init smartreflex
[    5.218994] smartreflex smartreflex.0: omap_sr_probe: SmartReflex driver initialized
[    5.235931] smartreflex smartreflex.1: omap_sr_probe: SmartReflex driver initialized
[    5.481079] mmc1: switch to bus width 2 failed
[    5.491058] mmc1: switch to bus width 1 failed
[    5.500366] mmc1: new high speed MMC card at address 0001
[    5.513549] mmcblk0: mmc1:0001 MMC32G 29.8 GiB 
[    5.523681] mmcblk0boot0: mmc1:0001 MMC32G partition 1 512 KiB
[    5.536376] mmcblk0boot1: mmc1:0001 MMC32G partition 2 512 KiB
[    5.552307]  mmcblk0: unknown partition table
[    5.566101]  mmcblk0boot1: unknown partition table
[    5.580474]  mmcblk0boot0: unknown partition table
[   17.414825] VUSB3V1: disabling
[   17.425384] VFS: Cannot open root device "mmcblk0p2" or unknown-block(179,2): error -6
[   17.441955] Please append a correct "root=" boot option; here are the available partitions:
[   17.459381] 1f00             128 mtdblock0  (driver?)
[   17.469940] 1f01             384 mtdblock1  (driver?)
[   17.480468] 1f02             256 mtdblock2  (driver?)
[   17.490997] 1f03            2048 mtdblock3  (driver?)
[   17.501525] 1f04            2048 mtdblock4  (driver?)
[   17.512054] 1f05          257280 mtdblock5  (driver?)
[   17.522583] b300        31264768 mmcblk0  driver: mmcblk
[   17.533691] b310             512 mmcblk0boot1  (driver?)
[   17.544769] b308             512 mmcblk0boot0  (driver?)
[   17.555847] Kernel panic - not syncing: VFS: Unable to mount root fs on unknown-block(179,2)
[   17.573333] ---[ end Kernel panic - not syncing: VFS: Unable to mount root fs on unknown-block(179,2)

