- 05:46:45 [INFO] Starting target session
- 05:46:45 [INFO] Connected to n900 via serial 
- 05:46:45 [INFO] Host: #check prompt
- 05:46:49 [ERROR] On command: #check prompt waiting for #check prompt.+?(?-mix:((?-mix:.*\s+login)|[Pp]assword)) >>> error: execution expired
- 05:46:49 [INFO] Target: 
#check prompt
root@NokiaRX-51board:/test# 
- 05:46:49 [INFO] Host: #check prompt
- 05:46:49 [INFO] Target: 
#check prompt
root@NokiaRX-51board:/test# 
- 05:46:49 [INFO] Host: sync;poweroff
- 05:47:18 [INFO] Target: 
sync;poweroff
Broadcast message from root@NokiaRX-51board (ttyO2) (Tue Jan 13 18:17:25 2015
The system is going down for system halt NOW!
INIT: Switching to runlevel: 0
root@No
INIT: Sending processes the TERM signal
INIT: Sending processes the KILL signal
Stopping Dropbear SSH server: stopped /usr/sbin/dropbear (pid 625)
dropbear.
Stopping telnet daemon.
Stopping system message bus: Error opening /dev/fb0: No such file or directory
Stopping syslogd/klogd: stopped syslogd (pid 636)
stopped klogd (pid 639)
done
Stopping thttpd.
ALSA: Storing mixer settings...
/usr/sbin/alsactl: save_state:1580: No soundcards found...
Deconfiguring network interfaces... ifdown: interface eth0 not configured
done.
Stopping Lighttpd Web Server: stopped /usr/sbin/lighttpd (pid 650)
lighttpd.
***************************************************************
***************************************************************
NOTICE: This file system contains the followin GPLv3 packages:
	binutils-symlinks
	binutils
	gdbserver
	parted
If you do not wish to distribute GPLv3 components please remove
the above packages prior to distribution.  This can be done using
the opkg remove command.  i.e.:
    opkg remove <package>
Where <package> is the name printed in the list above
NOTE: If the package is a dependency of another package you
      will be notified of the dependent packages.  You should
      use the --force-removal-of-dependent-packages option to
      also remove the dependent packages as well
***************************************************************
***************************************************************
Sending all processes the TERM signal...
Sending all processes the KILL signal...
Unmounting remote filesystems...
Deactivating swap...
Unmounting local filesystems...
[83698.192596] EXT4-fs (mmcblk0p2): re-mounted. Opts: data=ordered
[83701.276245] reboot: Power down
- 05:47:18 [INFO] Disconnected serial from n900
- 05:47:41 [INFO] Connected to n900 via serial 
- 05:47:41 [INFO] Host: 
- 05:47:42 [ERROR] On command:  waiting for (?-mix:Nokia\sRX-51\s#\s) >>> error: execution expired
- 05:47:42 [INFO] Target: 
Timed out in wait_for_event: status=0100
Check if pads/pull-ups of bus 1 are properly configured
Timed out in wait_for_event: status=0000
Check if pads/pull-ups of bus 1 are properly configured
Timed out in wait_for_event: status=0000
Check if pads/pull-ups of bus 1 are properly configured
Timed
- 05:47:42 [INFO] Host: 
- 05:47:42 [ERROR] On command:  waiting for (?-mix:Nokia\sRX-51\s#\s) >>> error: execution expired
- 05:47:42 [INFO] Target: 
 out in wait_for_event: status=0000
Check if pads/pull-ups of bus 1 are properly configured
Timed out in wait_for_event: status=0000
Check if pads/pull-ups of bus 1 are properly configured
Timed out in wait_for_event: status=0000
Check if pads/pull-ups of bus 1 are properly configured
Timed out in wait_for_event: status=0000
Check if pads/pull-ups of bus 1 are properly configured
- 05:47:42 [INFO] Host: 
- 05:47:43 [ERROR] On command:  waiting for (?-mix:Nokia\sRX-51\s#\s) >>> error: execution expired
- 05:47:43 [INFO] Target: 
Timed out in wait_for_event: status=0000
Check if pads/pull-ups of bus 1 are properly configured
Timed out in wait_for_event: status=0000
Check if pads/pull-ups of bus 1 are properly configured
Timed out in wait_for_event: status=0000
Check if pads/pull-ups of bus 1 are properly configured
- 05:47:43 [INFO] Host: 
- 05:47:43 [ERROR] On command:  waiting for (?-mix:Nokia\sRX-51\s#\s) >>> error: execution expired
- 05:47:43 [INFO] Target: 
Timed out in wait_for_event: status=0000
Check if pads/pull-ups of bus 1 are properly configured
Timed out in wait_for_event: status=0000
Check if pads/pull-ups of bus 1 are properly configured
Timed out in wait_for_event: status=0000
Check if pads/pull-ups of bus 1 are properly configured
- 05:47:43 [INFO] Host: 
- 05:47:44 [ERROR] On command:  waiting for (?-mix:Nokia\sRX-51\s#\s) >>> error: execution expired
- 05:47:44 [INFO] Target: 
Timed out in wait_for_event: status=0000
Check if pads/pull-ups of bus 1 are properly configured
Timed out in wait_for_event: status=0000
Check if pads/pull-ups of bus 1 are properly configured
Timed out in wait_for_event: status=0000
Check if pads/pull-ups of bus 1 are properly configured
i2c_read (addr phase): pads on bus 1 probably not configured (status=0x10)
- 05:47:44 [INFO] Host: 
- 05:47:44 [INFO] Target: 
i2c_write: timed out writig last byte!
Die ID #582a000400000000040366100301000d
OMAP3530-HS ES3.1, CPU-OPP2, L3-165MHz, Max CPU Clock 600 MHz
Hit any key to stop autoboot:  3  0 
Nokia RX-51 # 
Nokia RX-51 # 
Nokia RX-51 # 
Nokia RX-51 # 
Nokia RX-51 # 
Nokia RX-51 # 
- 05:47:44 [INFO] Host: 
- 05:47:45 [INFO] Target: 
Nokia RX-51 # 
- 05:47:45 [INFO] Host: version
- 05:47:45 [INFO] Target: 
version
U-Boot 2014.04-00073-g4fa5b9e (Apr 22 2014 - 14:37:10)
arm-linux-gnueabi-gcc (Ubuntu/Linaro 4.6.3-1ubuntu5) 4.6.3
GNU ld (GNU Binutils for Ubuntu) 2.22
Nokia RX-51 # 
- 05:47:45 [INFO] Host: setenv bootargs 'console=ttyO2,57600n8 vram=16M earlyprintk rootwait '
- 05:47:46 [INFO] Target: 
setenv bootargs 'console=ttyO2,57600n8 vram=16M earlyprintk rootwait '
Nokia RX-51 # 
- 05:47:46 [INFO] Host: setenv bootcmd  ''
- 05:47:46 [INFO] Target: 
setenv bootcmd  ''
Nokia RX-51 # 
- 05:47:46 [INFO] Host: setenv autoload 'no'
- 05:47:47 [INFO] Target: 
setenv autoload 'no'
Nokia RX-51 # 
- 05:47:47 [INFO] Host: setenv serverip '192.168.1.254'
- 05:47:47 [INFO] Target: 
setenv serverip '192.168.1.254'
Nokia RX-51 # 
- 05:47:47 [INFO] Host: printenv
- 05:47:48 [INFO] Target: 
printenv
arch=arm
attachboot=echo Booting attached kernel image ...;setenv setup_omap_atag 1;bootm ${attkernaddr};setenv setup_omap_atag
attkernaddr=0x8fe40800
autoload=no
baudrate=57600
board=rx51
board_name=rx51
bootargs=console=ttyO2,57600n8 vram=16M earlyprintk rootwait 
bootcmd=
bootdelay=3
bootm_size=0x08000000
bootmenu_0=Attached kernel=run attachboot
bootmenu_1=Internal eMMC=run emmcboot
bootmenu_2=External SD card=run sdboot
bootmenu_3=U-Boot boot order=boot
bootmenu_delay=30
cpu=armv7
dieid#=582a000400000000040366100301000d
emmcboot=setenv mmcnum 1; run trymmcboot
fdt_file=omap3-n900.dtb
fdtaddr=0x80F80000
fileload=${mmctype}load mmc ${mmcnum}:${mmcpart} ${loadaddr} ${mmcfile}
ftdload=setenv loadaddr ${fdtaddr};setenv mmcfile ${fdt_file};run fileload
importbootenv=echo Importing environment from mmc${mmcdev} ...; env import -t ${loadaddr} ${filesize}
initrdaddr=0x84008000
initrdload=setenv loadaddr ${initrdaddr};setenv mmcfile ${mmcinitrdfile};run fileload
kernaddr=0x82008000
kernboot=echo Booting ${mmckernfile} from mmc ${mmcnum}:${mmcpart} ...; bootm ${kernaddr}
kernbootz=echo Booting ${kernel_file}+${fdt_file} from mmc ${mmcnum}:${mmcpart} ...; bootz ${kernaddr} - ${fdtaddr}
kernel_file=zImage
kerninitrdboot=echo Booting ${mmckernfile} ${mmcinitrdfile} from mmc ${mmcnum}:${mmcpart} ...; bootm ${kernaddr} ${initrdaddr}
kernload=setenv loadaddr ${kernaddr};setenv mmcfile ${mmckernfile};run fileload
kernloadz=setenv loadaddr ${kernaddr};setenv mmcfile ${kernel_file};run fileload
loadaddr=0x82008000
loadbootenv=fatload mmc ${mmcnum} ${loadaddr} uEnv.txt
mem=260353k
menucmd=bootmenu
preboot=setenv loadaddr ${kernaddr};echo
scriptaddr=0x86008000
scriptboot=echo Running ${mmcscriptfile} from mmc ${mmcnum}:${mmcpart} ...; source ${scriptaddr}
scriptload=setenv loadaddr ${scriptaddr};setenv mmcfile ${mmcscriptfile};run fileload
sdboot=setenv mmcnum 0; run trymmcboot
sercon=setenv con serial; run setcon
serverip=192.168.1.254
setcon=setenv stdin ${con};setenv stdout ${con};setenv stderr ${con}
slide=gpio input 71
soc=omap3
stderr=serial
stdin=serial
stdout=serial
switchmmc=mmc dev ${mmcnum}
trymmcallpartboot=setenv mmcpart 1; run trymmcpartboot;setenv mmcpart 2; run trymmcpartboot;setenv mmcpart 3; run trymmcpartboot;setenv mmcpart 4; run trymmcpartboot
trymmcboot=if run switchmmc; then setenv mmctype fat;run trymmcallpartboot;setenv mmctype ext2;run trymmcallpartboot;setenv mmctype ext4;run trymmcallpartboot;fi
trymmckernboot=if run switchmmc; then if run kernload; then run kernboot;fi;fi
trymmckernbootz=if run switchmmc; then if run ftdload; then if run kernloadz; then run kernbootz;fi;fi;fi
trymmckerninitrdboot=if run switchmmc; then if run initrdload; then if run kernload; then run kerninitrdboot;fi;fi; fi
trymmcpartboot=setenv mmcscriptfile boot.scr; run trymmcscriptboot;setenv mmckernfile uImage; run trymmckernboot;run trymmckernbootz
trymmcscriptboot=if run switchmmc; then if run scriptload; then run scriptboot;fi;fi
usbcon=setenv con usbtty; run setcon
usbtty=cdc_acm
vendor=nokia
vgacon=setenv con vga; run setcon
Environment size: 3196/131068 bytes
Nokia RX-51 # 
- 05:47:48 [INFO] Host: printenv
- 05:47:49 [INFO] Target: 
printenv
arch=arm
attachboot=echo Booting attached kernel image ...;setenv setup_omap_atag 1;bootm ${attkernaddr};setenv setup_omap_atag
attkernaddr=0x8fe40800
autoload=no
baudrate=57600
board=rx51
board_name=rx51
bootargs=console=ttyO2,57600n8 vram=16M earlyprintk rootwait 
bootcmd=
bootdelay=3
bootm_size=0x08000000
bootmenu_0=Attached kernel=run attachboot
bootmenu_1=Internal eMMC=run emmcboot
bootmenu_2=External SD card=run sdboot
bootmenu_3=U-Boot boot order=boot
bootmenu_delay=30
cpu=armv7
dieid#=582a000400000000040366100301000d
emmcboot=setenv mmcnum 1; run trymmcboot
fdt_file=omap3-n900.dtb
fdtaddr=0x80F80000
fileload=${mmctype}load mmc ${mmcnum}:${mmcpart} ${loadaddr} ${mmcfile}
ftdload=setenv loadaddr ${fdtaddr};setenv mmcfile ${fdt_file};run fileload
importbootenv=echo Importing environment from mmc${mmcdev} ...; env import -t ${loadaddr} ${filesize}
initrdaddr=0x84008000
initrdload=setenv loadaddr ${initrdaddr};setenv mmcfile ${mmcinitrdfile};run fileload
kernaddr=0x82008000
kernboot=echo Booting ${mmckernfile} from mmc ${mmcnum}:${mmcpart} ...; bootm ${kernaddr}
kernbootz=echo Booting ${kernel_file}+${fdt_file} from mmc ${mmcnum}:${mmcpart} ...; bootz ${kernaddr} - ${fdtaddr}
kernel_file=zImage
kerninitrdboot=echo Booting ${mmckernfile} ${mmcinitrdfile} from mmc ${mmcnum}:${mmcpart} ...; bootm ${kernaddr} ${initrdaddr}
kernload=setenv loadaddr ${kernaddr};setenv mmcfile ${mmckernfile};run fileload
kernloadz=setenv loadaddr ${kernaddr};setenv mmcfile ${kernel_file};run fileload
loadaddr=0x82008000
loadbootenv=fatload mmc ${mmcnum} ${loadaddr} uEnv.txt
mem=260353k
menucmd=bootmenu
preboot=setenv loadaddr ${kernaddr};echo
scriptaddr=0x86008000
scriptboot=echo Running ${mmcscriptfile} from mmc ${mmcnum}:${mmcpart} ...; source ${scriptaddr}
scriptload=setenv loadaddr ${scriptaddr};setenv mmcfile ${mmcscriptfile};run fileload
sdboot=setenv mmcnum 0; run trymmcboot
sercon=setenv con serial; run setcon
serverip=192.168.1.254
setcon=setenv stdin ${con};setenv stdout ${con};setenv stderr ${con}
slide=gpio input 71
soc=omap3
stderr=serial
stdin=serial
stdout=serial
switchmmc=mmc dev ${mmcnum}
trymmcallpartboot=setenv mmcpart 1; run trymmcpartboot;setenv mmcpart 2; run trymmcpartboot;setenv mmcpart 3; run trymmcpartboot;setenv mmcpart 4; run trymmcpartboot
trymmcboot=if run switchmmc; then setenv mmctype fat;run trymmcallpartboot;setenv mmctype ext2;run trymmcallpartboot;setenv mmctype ext4;run trymmcallpartboot;fi
trymmckernboot=if run switchmmc; then if run kernload; then run kernboot;fi;fi
trymmckernbootz=if run switchmmc; then if run ftdload; then if run kernloadz; then run kernbootz;fi;fi;fi
trymmckerninitrdboot=if run switchmmc; then if run initrdload; then if run kernload; then run kerninitrdboot;fi;fi; fi
trymmcpartboot=setenv mmcscriptfile boot.scr; run trymmcscriptboot;setenv mmckernfile uImage; run trymmckernboot;run trymmckernbootz
trymmcscriptboot=if run switchmmc; then if run scriptload; then run scriptboot;fi;fi
usbcon=setenv con usbtty; run setcon
usbtty=cdc_acm
vendor=nokia
vgacon=setenv con vga; run setcon
Environment size: 3196/131068 bytes
Nokia RX-51 # 
- 05:47:49 [INFO] Host: setenv bootargs ''${bootargs}' ip=dhcp '
- 05:47:50 [INFO] Target: 
setenv bootargs ''${bootargs}' ip=dhcp '
Nokia RX-51 # 
- 05:47:50 [INFO] Host: setenv serverip '192.168.1.254'
- 05:47:50 [INFO] Target: 
setenv serverip '192.168.1.254'
Nokia RX-51 # 
- 05:47:50 [INFO] Host: setenv ipaddr dhcp
- 05:47:51 [INFO] Target: 
setenv ipaddr dhcp
Nokia RX-51 # 
- 05:47:51 [INFO] Host: setenv autoload 'no'
- 05:47:51 [INFO] Target: 
setenv autoload 'no'
Nokia RX-51 # 
- 05:47:51 [INFO] Host: dhcp
- 05:47:52 [INFO] Target: 
dhcp
Unknown command 'dhcp' - try 'help'
Nokia RX-51 # 
- 05:47:53 [INFO] Disconnected serial from n900
- 06:02:19 [INFO] Connected to n900 via serial 
- 06:02:19 [INFO] Host: ls mmc 0:1
- 06:02:39 [ERROR] On command: ls mmc 0:1 waiting for ls mmc 0:1.+?(?-mix:Nokia\sRX-51\s#\s) >>> error: execution expired
- 06:02:39 [INFO] Target: 
 mode, 36486(SOH)/0(STX)/0(CAN) packets, 2 retries
## Total Size      = 0x004741f2 = 4669938 Bytes
Nokia RX-51 # 
- 06:02:39 [INFO] Host: printenv
- 06:02:40 [INFO] Target: 
printenv
arch=arm
attachboot=echo Booting attached kernel image ...;setenv setup_omap_atag 1;bootm ${attkernaddr};setenv setup_omap_atag
attkernaddr=0x8fe40800
autoload=no
baudrate=57600
board=rx51
board_name=rx51
bootargs=console=ttyO2,57600n8 vram=16M earlyprintk rootwait  ip=dhcp 
bootcmd=
bootdelay=3
bootm_size=0x08000000
bootmenu_0=Attached kernel=run attachboot
bootmenu_1=Internal eMMC=run emmcboot
bootmenu_2=External SD card=run sdboot
bootmenu_3=U-Boot boot order=boot
bootmenu_delay=30
cpu=armv7
dieid#=582a000400000000040366100301000d
emmcboot=setenv mmcnum 1; run trymmcboot
fdt_file=omap3-n900.dtb
fdtaddr=0x80F80000
fileload=${mmctype}load mmc ${mmcnum}:${mmcpart} ${loadaddr} ${mmcfile}
filesize=4741f2
ftdload=setenv loadaddr ${fdtaddr};setenv mmcfile ${fdt_file};run fileload
importbootenv=echo Importing environment from mmc${mmcdev} ...; env import -t ${loadaddr} ${filesize}
initrdaddr=0x84008000
initrdload=setenv loadaddr ${initrdaddr};setenv mmcfile ${mmcinitrdfile};run fileload
ipaddr=dhcp
kernaddr=0x82008000
kernboot=echo Booting ${mmckernfile} from mmc ${mmcnum}:${mmcpart} ...; bootm ${kernaddr}
kernbootz=echo Booting ${kernel_file}+${fdt_file} from mmc ${mmcnum}:${mmcpart} ...; bootz ${kernaddr} - ${fdtaddr}
kernel_file=zImage
kerninitrdboot=echo Booting ${mmckernfile} ${mmcinitrdfile} from mmc ${mmcnum}:${mmcpart} ...; bootm ${kernaddr} ${initrdaddr}
kernload=setenv loadaddr ${kernaddr};setenv mmcfile ${mmckernfile};run fileload
kernloadz=setenv loadaddr ${kernaddr};setenv mmcfile ${kernel_file};run fileload
loadaddr=0x82008000
loadbootenv=fatload mmc ${mmcnum} ${loadaddr} uEnv.txt
mem=260353k
menucmd=bootmenu
preboot=setenv loadaddr ${kernaddr};echo
scriptaddr=0x86008000
scriptboot=echo Running ${mmcscriptfile} from mmc ${mmcnum}:${mmcpart} ...; source ${scriptaddr}
scriptload=setenv loadaddr ${scriptaddr};setenv mmcfile ${mmcscriptfile};run fileload
sdboot=setenv mmcnum 0; run trymmcboot
sercon=setenv con serial; run setcon
serverip=192.168.1.254
setcon=setenv stdin ${con};setenv stdout ${con};setenv stderr ${con}
slide=gpio input 71
soc=omap3
stderr=serial
stdin=serial
stdout=serial
switchmmc=mmc dev ${mmcnum}
trymmcallpartboot=setenv mmcpart 1; run trymmcpartboot;setenv mmcpart 2; run trymmcpartboot;setenv mmcpart 3; run trymmcpartboot;setenv mmcpart 4; run trymmcpartboot
trymmcboot=if run switchmmc; then setenv mmctype fat;run trymmcallpartboot;setenv mmctype ext2;run trymmcallpartboot;setenv mmctype ext4;run trymmcallpartboot;fi
trymmckernboot=if run switchmmc; then if run kernload; then run kernboot;fi;fi
trymmckernbootz=if run switchmmc; then if run ftdload; then if run kernloadz; then run kernbootz;fi;fi;fi
trymmckerninitrdboot=if run switchmmc; then if run initrdload; then if run kernload; then run kerninitrdboot;fi;fi; fi
trymmcpartboot=setenv mmcscriptfile boot.scr; run trymmcscriptboot;setenv mmckernfile uImage; run trymmckernboot;run trymmckernbootz
trymmcscriptboot=if run switchmmc; then if run scriptload; then run scriptboot;fi;fi
usbcon=setenv con usbtty; run setcon
usbtty=cdc_acm
vendor=nokia
vgacon=setenv con vga; run setcon
Environment size: 3237/131068 bytes
Nokia RX-51 # 
- 06:02:40 [INFO] Host: setenv bootargs ''${bootargs}' root=/dev/mmcblk0p2 rw rootfstype=ext3 rootwait '
- 06:02:40 [INFO] Target: 
setenv bootargs ''${bootargs}' root=/dev/mmcblk0p2 rw rootfstype=ext3 rootwait '
Nokia RX-51 # 
- 06:02:40 [INFO] Host: printenv
- 06:02:41 [INFO] Target: 
printenv
arch=arm
attachboot=echo Booting attached kernel image ...;setenv setup_omap_atag 1;bootm ${attkernaddr};setenv setup_omap_atag
attkernaddr=0x8fe40800
autoload=no
baudrate=57600
board=rx51
board_name=rx51
bootargs=console=ttyO2,57600n8 vram=16M earlyprintk rootwait  ip=dhcp  root=/dev/mmcblk0p2 rw rootfstype=ext3 rootwait 
bootcmd=
bootdelay=3
bootm_size=0x08000000
bootmenu_0=Attached kernel=run attachboot
bootmenu_1=Internal eMMC=run emmcboot
bootmenu_2=External SD card=run sdboot
bootmenu_3=U-Boot boot order=boot
bootmenu_delay=30
cpu=armv7
dieid#=582a000400000000040366100301000d
emmcboot=setenv mmcnum 1; run trymmcboot
fdt_file=omap3-n900.dtb
fdtaddr=0x80F80000
fileload=${mmctype}load mmc ${mmcnum}:${mmcpart} ${loadaddr} ${mmcfile}
filesize=4741f2
ftdload=setenv loadaddr ${fdtaddr};setenv mmcfile ${fdt_file};run fileload
importbootenv=echo Importing environment from mmc${mmcdev} ...; env import -t ${loadaddr} ${filesize}
initrdaddr=0x84008000
initrdload=setenv loadaddr ${initrdaddr};setenv mmcfile ${mmcinitrdfile};run fileload
ipaddr=dhcp
kernaddr=0x82008000
kernboot=echo Booting ${mmckernfile} from mmc ${mmcnum}:${mmcpart} ...; bootm ${kernaddr}
kernbootz=echo Booting ${kernel_file}+${fdt_file} from mmc ${mmcnum}:${mmcpart} ...; bootz ${kernaddr} - ${fdtaddr}
kernel_file=zImage
kerninitrdboot=echo Booting ${mmckernfile} ${mmcinitrdfile} from mmc ${mmcnum}:${mmcpart} ...; bootm ${kernaddr} ${initrdaddr}
kernload=setenv loadaddr ${kernaddr};setenv mmcfile ${mmckernfile};run fileload
kernloadz=setenv loadaddr ${kernaddr};setenv mmcfile ${kernel_file};run fileload
loadaddr=0x82008000
loadbootenv=fatload mmc ${mmcnum} ${loadaddr} uEnv.txt
mem=260353k
menucmd=bootmenu
preboot=setenv loadaddr ${kernaddr};echo
scriptaddr=0x86008000
scriptboot=echo Running ${mmcscriptfile} from mmc ${mmcnum}:${mmcpart} ...; source ${scriptaddr}
scriptload=setenv loadaddr ${scriptaddr};setenv mmcfile ${mmcscriptfile};run fileload
sdboot=setenv mmcnum 0; run trymmcboot
sercon=setenv con serial; run setcon
serverip=192.168.1.254
setcon=setenv stdin ${con};setenv stdout ${con};setenv stderr ${con}
slide=gpio input 71
soc=omap3
stderr=serial
stdin=serial
stdout=serial
switchmmc=mmc dev ${mmcnum}
trymmcallpartboot=setenv mmcpart 1; run trymmcpartboot;setenv mmcpart 2; run trymmcpartboot;setenv mmcpart 3; run trymmcpartboot;setenv mmcpart 4; run trymmcpartboot
trymmcboot=if run switchmmc; then setenv mmctype fat;run trymmcallpartboot;setenv mmctype ext2;run trymmcallpartboot;setenv mmctype ext4;run trymmcallpartboot;fi
trymmckernboot=if run switchmmc; then if run kernload; then run kernboot;fi;fi
trymmckernbootz=if run switchmmc; then if run ftdload; then if run kernloadz; then run kernbootz;fi;fi;fi
trymmckerninitrdboot=if run switchmmc; then if run initrdload; then if run kernload; then run kerninitrdboot;fi;fi; fi
trymmcpartboot=setenv mmcscriptfile boot.scr; run trymmcscriptboot;setenv mmckernfile uImage; run trymmckernboot;run trymmckernbootz
trymmcscriptboot=if run switchmmc; then if run scriptload; then run scriptboot;fi;fi
usbcon=setenv con usbtty; run setcon
usbtty=cdc_acm
vendor=nokia
vgacon=setenv con vga; run setcon
Environment size: 3286/131068 bytes
Nokia RX-51 # 
- 06:02:41 [INFO] Host: setenv bootcmd ''${bootcmd}' if iminfo ${loadaddr}; then bootm ${loadaddr}  ; else bootz ${loadaddr}  ; bootm ${loadaddr}  ; fi'
- 06:02:42 [INFO] Target: 
setenv bootcmd ''${bootcmd}' if iminfo ${loadaddr}; then bootm ${loadaddr}  ; else bootz ${loadaddr}  ; bootm ${loadaddr}  ; fi'
Nokia RX-51 # 
- 06:02:42 [INFO] Host: bdinfo
- 06:02:42 [INFO] Target: 
bdinfo
arch_number = 0x000007A3
boot_params = 0x80000100
DRAM bank   = 0x00000000
-> start    = 0x80000000
-> size     = 0x10000000
DRAM bank   = 0x00000001
-> start    = 0x90000000
-> size     = 0x00000000
baudrate    = 57600 bps
TLB addr    = 0x8FE30000
relocaddr   = 0x8FDD1000
reloc off   = 0x0FDC9000
irq_sp      = 0x8FCF0F20
sp start    = 0x8FCF0F10
FB base     = 0x00000000
Nokia RX-51 # 
- 06:02:42 [INFO] Host: mmc rescan
- 06:02:43 [INFO] Target: 
mmc rescan
Nokia RX-51 # 
- 06:02:43 [INFO] Host: fatwrite mmc ${mmcdev}:1 ${loadaddr} ws-calibrate.rules 4
- 06:02:43 [INFO] Target: 
fatwrite mmc ${mmcdev}:1 ${loadaddr} ws-calibrate.rules 4
Unknown command 'fatwrite' - try 'help'
Nokia RX-51 # 
- 06:02:43 [INFO] Host: boot
- 06:03:39 [INFO] Target: 
boot
Unknown command 'iminfo' - try 'help'
Bad Linux ARM zImage magic!
## Booting kernel from Legacy Image at 82008000 ...
   Image Name:   Linux-3.19.0-rc7-next-20150203-0
   Image Type:   ARM Linux Kernel Image (uncompressed)
   Data Size:    4669874 Bytes = 4.5 MiB
   Load Address: 80800000
   Entry Point:  80800000
   Verifying Checksum ... OK
   Loading Kernel Image ... OK
Starting kernel ...
[    0.000000] Booting Linux on physical CPU 0x0
[    0.000000] Initializing cgroup subsys cpuset
[    0.000000] Initializing cgroup subsys cpu
[    0.000000] Initializing cgroup subsys cpuacct
[    0.000000] Linux version 3.19.0-rc7-next-20150203-00002-g037e6a2fa459 (nmenon@kahuna) (gcc version 4.6.3 (Ubuntu/Linaro 4.6.3-1ubuntu5) ) #1 SMP Tue Feb 3 05:45:08 CST 2015
[    0.000000] CPU: ARMv7 Processor [411fc083] revision 3 (ARMv7), cr=10c5387d
[    0.000000] CPU: PIPT / VIPT nonaliasing data cache, VIPT nonaliasing instruction cache
[    0.000000] Machine model: Nokia N900
[    0.000000] cma: Reserved 16 MiB at 0x8e800000
[    0.000000] Memory policy: Data cache writeback
[    0.000000] CPU: All CPU(s) started in SVC mode.
[    0.000000] OMAP3430/3530 ES3.1 (l2cache iva sgx neon isp )
[    0.000000] PERCPU: Embedded 12 pages/cpu @cfc35000 s18496 r8192 d22464 u49152
[    0.000000] Built 1 zonelists in Zone order, mobility grouping on.  Total pages: 64704
[    0.000000] Kernel command line: console=ttyO2,57600n8 vram=16M earlyprintk rootwait  ip=dhcp  root=/dev/mmcblk0p2 rw rootfstype=ext3 rootwait 
[    0.000000] PID hash table entries: 1024 (order: 0, 4096 bytes)
[    0.000000] Dentry cache hash table entries: 32768 (order: 5, 131072 bytes)
[    0.000000] Inode-cache hash table entries: 16384 (order: 4, 65536 bytes)
[    0.000000] Memory: 223948K/261120K available (6119K kernel code, 604K rwdata, 2272K rodata, 428K init, 8220K bss, 20788K reserved, 16384K cma-reserved, 0K highmem)
[    0.000000] Virtual kernel memory layout:
[    0.000000]     vector  : 0xffff0000 - 0xffff1000   (   4 kB)
[    0.000000]     fixmap  : 0xffc00000 - 0xfff00000   (3072 kB)
[    0.000000]     vmalloc : 0xd0800000 - 0xff000000   ( 744 MB)
[    0.000000]     lowmem  : 0xc0000000 - 0xd0000000   ( 256 MB)
[    0.000000]     pkmap   : 0xbfe00000 - 0xc0000000   (   2 MB)
[    0.000000]     modules : 0xbf000000 - 0xbfe00000   (  14 MB)
[    0.000000]       .text : 0xc0008000 - 0xc083a0e8   (8393 kB)
[    0.000000]       .init : 0xc083b000 - 0xc08a6000   ( 428 kB)
[    0.000000]       .data : 0xc08a6000 - 0xc093d000   ( 604 kB)
[    0.000000]        .bss : 0xc093d000 - 0xc1144008   (8221 kB)
[    0.000000] Running RCU self tests
[    0.000000] Hierarchical RCU implementation.
[    0.000000] 	RCU lockdep checking is enabled.
[    0.000000] 	Additional per-CPU info printed with stalls.
[    0.000000] 	RCU restricting CPUs from NR_CPUS=2 to nr_cpu_ids=1.
[    0.000000] RCU: Adjusting geometry for rcu_fanout_leaf=16, nr_cpu_ids=1
[    0.000000] NR_IRQS:16 nr_irqs:16 16
[    0.000000] IRQ: Found an INTC at 0xfa200000 (revision 4.0) with 96 interrupts
[    0.000000] Clocking rate (Crystal/Core/MPU): 19.2/332/500 MHz
[    0.000000] ------------[ cut here ]------------
[    0.000000] WARNING: CPU: 0 PID: 0 at arch/arm/mach-omap2/dpll3xxx.c:436 omap3_noncore_dpll_enable+0xe4/0x10c()
[    0.000000] Modules linked in:
[    0.000000] CPU: 0 PID: 0 Comm: swapper/0 Not tainted 3.19.0-rc7-next-20150203-00002-g037e6a2fa459 #1
[    0.000000] Hardware name: Nokia RX-51 board
[    0.000000] [<c0015474>] (unwind_backtrace) from [<c0011a84>] (show_stack+0x10/0x14)
[    0.000000] [<c0011a84>] (show_stack) from [<c05c5da0>] (dump_stack+0x78/0x94)
[    0.000000] [<c05c5da0>] (dump_stack) from [<c003e054>] (warn_slowpath_common+0x7c/0xb4)
[    0.000000] [<c003e054>] (warn_slowpath_common) from [<c003e0a8>] (warn_slowpath_null+0x1c/0x24)
[    0.000000] [<c003e0a8>] (warn_slowpath_null) from [<c003523c>] (omap3_noncore_dpll_enable+0xe4/0x10c)
[    0.000000] [<c003523c>] (omap3_noncore_dpll_enable) from [<c04b6f30>] (clk_core_enable+0x64/0x9c)
[    0.000000] [<c04b6f30>] (clk_core_enable) from [<c04b7990>] (clk_enable+0x20/0x34)
[    0.000000] [<c04b7990>] (clk_enable) from [<c084d564>] (omap3_clk_lock_dpll5+0x34/0xb4)
[    0.000000] [<c084d564>] (omap3_clk_lock_dpll5) from [<c088150c>] (omap3xxx_dt_clk_init+0x174/0x1b8)
[    0.000000] [<c088150c>] (omap3xxx_dt_clk_init) from [<c08454f0>] (omap_clk_init+0x4c/0x60)
[    0.000000] [<c08454f0>] (omap_clk_init) from [<c0847384>] (omap3_sync32k_timer_init+0x8/0x58)
[    0.000000] [<c0847384>] (omap3_sync32k_timer_init) from [<c083f6ac>] (time_init+0x1c/0x30)
[    0.000000] [<c083f6ac>] (time_init) from [<c083bad0>] (start_kernel+0x248/0x3fc)
[    0.000000] [<c083bad0>] (start_kernel) from [<80008074>] (0x80008074)
[    0.000000] ---[ end trace cb88537fdc8fa200 ]---
[    0.000000] ------------[ cut here ]------------
[    0.000000] WARNING: CPU: 0 PID: 0 at arch/arm/mach-omap2/dpll3xxx.c:436 omap3_noncore_dpll_enable+0xe4/0x10c()
[    0.000000] Modules linked in:
[    0.000000] CPU: 0 PID: 0 Comm: swapper/0 Tainted: G        W       3.19.0-rc7-next-20150203-00002-g037e6a2fa459 #1
[    0.000000] Hardware name: Nokia RX-51 board
[    0.000000] [<c0015474>] (unwind_backtrace) from [<c0011a84>] (show_stack+0x10/0x14)
[    0.000000] [<c0011a84>] (show_stack) from [<c05c5da0>] (dump_stack+0x78/0x94)
[    0.000000] [<c05c5da0>] (dump_stack) from [<c003e054>] (warn_slowpath_common+0x7c/0xb4)
[    0.000000] [<c003e054>] (warn_slowpath_common) from [<c003e0a8>] (warn_slowpath_null+0x1c/0x24)
[    0.000000] [<c003e0a8>] (warn_slowpath_null) from [<c003523c>] (omap3_noncore_dpll_enable+0xe4/0x10c)
[    0.000000] [<c003523c>] (omap3_noncore_dpll_enable) from [<c04b6f30>] (clk_core_enable+0x64/0x9c)
[    0.000000] [<c04b6f30>] (clk_core_enable) from [<c04b6f10>] (clk_core_enable+0x44/0x9c)
[    0.000000] ---[ end trace cb88537fdc8fa201 ]---
[    0.000000] OMAP clockevent source: timer1 at 32768 Hz
[    0.000030] sched_clock: 32 bits at 32kHz, resolution 30517ns, wraps every 65536000000000ns
[    0.000061] OMAP clocksource: 32k_counter at 32768 Hz
[    0.001708] Console: colour dummy device 80x30
[    0.001831] Lock dependency validator: Copyright (c) 2006 Red Hat, Inc., Ingo Molnar
[    0.001831] ... MAX_LOCKDEP_SUBCLASSES:  8
[    0.001861] ... MAX_LOCK_DEPTH:          48
[    0.001861] ... MAX_LOCKDEP_KEYS:        8191
[    0.001892] ... CLASSHASH_SIZE:          4096
[    0.001922] ... MAX_LOCKDEP_ENTRIES:     32768
[    0.001922] ... MAX_LOCKDEP_CHAINS:      65536
[    0.001953] ... CHAINHASH_SIZE:          32768
[    0.001953]  memory used by lock dependency info: 5167 kB
[    0.001983]  per task-struct memory footprint: 1152 bytes
[    0.002014] Calibrating delay loop... 496.43 BogoMIPS (lpj=2482176)
[    0.096893] pid_max: default: 32768 minimum: 301
[    0.097564] Security Framework initialized
[    0.097900] Mount-cache hash table entries: 1024 (order: 0, 4096 bytes)
[    0.097930] Mountpoint-cache hash table entries: 1024 (order: 0, 4096 bytes)
[    0.103607] Initializing cgroup subsys blkio
[    0.103698] Initializing cgroup subsys memory
[    0.103851] Initializing cgroup subsys devices
[    0.104034] Initializing cgroup subsys freezer
[    0.104278] Initializing cgroup subsys perf_event
[    0.104431] CPU: Testing write buffer coherency: ok
[    0.107086] CPU0: thread -1, cpu 0, socket -1, mpidr 0
[    0.107299] Setting up static identity map for 0x805ce808 - 0x805ce878
[    0.114715] Brought up 1 CPUs
[    0.114746] SMP: Total of 1 processors activated (496.43 BogoMIPS).
[    0.114746] CPU: All CPU(s) started in SVC mode.
[    0.121215] devtmpfs: initialized
[    0.138092] VFP support v0.3: implementor 41 architecture 3 part 30 variant c rev 1
[    0.255401] omap_hwmod: mcbsp2_sidetone using broken dt data from mcbsp
[    0.258972] omap_hwmod: mcbsp3_sidetone using broken dt data from mcbsp
[    0.342041] ------------[ cut here ]------------
[    0.342132] WARNING: CPU: 0 PID: 1 at arch/arm/mach-omap2/dpll3xxx.c:436 omap3_noncore_dpll_enable+0xe4/0x10c()
[    0.342132] Modules linked in:
[    0.342193] CPU: 0 PID: 1 Comm: swapper/0 Tainted: G        W       3.19.0-rc7-next-20150203-00002-g037e6a2fa459 #1
[    0.342193] Hardware name: Nokia RX-51 board
[    0.342254] [<c0015474>] (unwind_backtrace) from [<c0011a84>] (show_stack+0x10/0x14)
[    0.342315] [<c0011a84>] (show_stack) from [<c05c5da0>] (dump_stack+0x78/0x94)
[    0.342346] [<c05c5da0>] (dump_stack) from [<c003e054>] (warn_slowpath_common+0x7c/0xb4)
[    0.342407] [<c003e054>] (warn_slowpath_common) from [<c003e0a8>] (warn_slowpath_null+0x1c/0x24)
[    0.342437] [<c003e0a8>] (warn_slowpath_null) from [<c003523c>] (omap3_noncore_dpll_enable+0xe4/0x10c)
[    0.342468] [<c003523c>] (omap3_noncore_dpll_enable) from [<c04b6f30>] (clk_core_enable+0x64/0x9c)
[    0.342529] [<c04b6f30>] (clk_core_enable) from [<c04b6f10>] (clk_core_enable+0x44/0x9c)
[    0.342529] ---[ end trace cb88537fdc8fa202 ]---
[    0.342651] ------------[ cut here ]------------
[    0.342681] WARNING: CPU: 0 PID: 1 at arch/arm/mach-omap2/dpll3xxx.c:436 omap3_noncore_dpll_enable+0xe4/0x10c()
[    0.342681] Modules linked in:
[    0.342712] CPU: 0 PID: 1 Comm: swapper/0 Tainted: G        W       3.19.0-rc7-next-20150203-00002-g037e6a2fa459 #1
[    0.342742] Hardware name: Nokia RX-51 board
[    0.342773] [<c0015474>] (unwind_backtrace) from [<c0011a84>] (show_stack+0x10/0x14)
[    0.342803] [<c0011a84>] (show_stack) from [<c05c5da0>] (dump_stack+0x78/0x94)
[    0.342864] [<c05c5da0>] (dump_stack) from [<c003e054>] (warn_slowpath_common+0x7c/0xb4)
[    0.342895] [<c003e054>] (warn_slowpath_common) from [<c003e0a8>] (warn_slowpath_null+0x1c/0x24)
[    0.342926] [<c003e0a8>] (warn_slowpath_null) from [<c003523c>] (omap3_noncore_dpll_enable+0xe4/0x10c)
[    0.342956] [<c003523c>] (omap3_noncore_dpll_enable) from [<c04b6f30>] (clk_core_enable+0x64/0x9c)
[    0.342987] [<c04b6f30>] (clk_core_enable) from [<c04b6f10>] (clk_core_enable+0x44/0x9c)
[    0.343017] ---[ end trace cb88537fdc8fa203 ]---
[    0.343109] ------------[ cut here ]------------
[    0.343139] WARNING: CPU: 0 PID: 1 at arch/arm/mach-omap2/dpll3xxx.c:436 omap3_noncore_dpll_enable+0xe4/0x10c()
[    0.343170] Modules linked in:
[    0.343200] CPU: 0 PID: 1 Comm: swapper/0 Tainted: G        W       3.19.0-rc7-next-20150203-00002-g037e6a2fa459 #1
[    0.343200] Hardware name: Nokia RX-51 board
[    0.343261] [<c0015474>] (unwind_backtrace) from [<c0011a84>] (show_stack+0x10/0x14)
[    0.343292] [<c0011a84>] (show_stack) from [<c05c5da0>] (dump_stack+0x78/0x94)
[    0.343322] [<c05c5da0>] (dump_stack) from [<c003e054>] (warn_slowpath_common+0x7c/0xb4)
[    0.343353] [<c003e054>] (warn_slowpath_common) from [<c003e0a8>] (warn_slowpath_null+0x1c/0x24)
[    0.343383] [<c003e0a8>] (warn_slowpath_null) from [<c003523c>] (omap3_noncore_dpll_enable+0xe4/0x10c)
[    0.343414] [<c003523c>] (omap3_noncore_dpll_enable) from [<c04b6f30>] (clk_core_enable+0x64/0x9c)
[    0.343475] [<c04b6f30>] (clk_core_enable) from [<c04b6f10>] (clk_core_enable+0x44/0x9c)
[    0.343475] ---[ end trace cb88537fdc8fa204 ]---
[    0.343566] ------------[ cut here ]------------
[    0.343627] WARNING: CPU: 0 PID: 1 at arch/arm/mach-omap2/dpll3xxx.c:436 omap3_noncore_dpll_enable+0xe4/0x10c()
[    0.343627] Modules linked in:
[    0.343658] CPU: 0 PID: 1 Comm: swapper/0 Tainted: G        W       3.19.0-rc7-next-20150203-00002-g037e6a2fa459 #1
[    0.343688] Hardware name: Nokia RX-51 board
[    0.343719] [<c0015474>] (unwind_backtrace) from [<c0011a84>] (show_stack+0x10/0x14)
[    0.343749] [<c0011a84>] (show_stack) from [<c05c5da0>] (dump_stack+0x78/0x94)
[    0.343780] [<c05c5da0>] (dump_stack) from [<c003e054>] (warn_slowpath_common+0x7c/0xb4)
[    0.343811] [<c003e054>] (warn_slowpath_common) from [<c003e0a8>] (warn_slowpath_null+0x1c/0x24)
[    0.343841] [<c003e0a8>] (warn_slowpath_null) from [<c003523c>] (omap3_noncore_dpll_enable+0xe4/0x10c)
[    0.343902] [<c003523c>] (omap3_noncore_dpll_enable) from [<c04b6f30>] (clk_core_enable+0x64/0x9c)
[    0.343933] [<c04b6f30>] (clk_core_enable) from [<c04b6f10>] (clk_core_enable+0x44/0x9c)
[    0.343933] ---[ end trace cb88537fdc8fa205 ]---
[    0.344024] ------------[ cut here ]------------
[    0.344055] WARNING: CPU: 0 PID: 1 at arch/arm/mach-omap2/dpll3xxx.c:436 omap3_noncore_dpll_enable+0xe4/0x10c()
[    0.344085] Modules linked in:
[    0.344116] CPU: 0 PID: 1 Comm: swapper/0 Tainted: G        W       3.19.0-rc7-next-20150203-00002-g037e6a2fa459 #1
[    0.344146] Hardware name: Nokia RX-51 board
[    0.344177] [<c0015474>] (unwind_backtrace) from [<c0011a84>] (show_stack+0x10/0x14)
[    0.344207] [<c0011a84>] (show_stack) from [<c05c5da0>] (dump_stack+0x78/0x94)
[    0.344238] [<c05c5da0>] (dump_stack) from [<c003e054>] (warn_slowpath_common+0x7c/0xb4)
[    0.344268] [<c003e054>] (warn_slowpath_common) from [<c003e0a8>] (warn_slowpath_null+0x1c/0x24)
[    0.344299] [<c003e0a8>] (warn_slowpath_null) from [<c003523c>] (omap3_noncore_dpll_enable+0xe4/0x10c)
[    0.344360] [<c003523c>] (omap3_noncore_dpll_enable) from [<c04b6f30>] (clk_core_enable+0x64/0x9c)
[    0.344390] [<c04b6f30>] (clk_core_enable) from [<c04b6f10>] (clk_core_enable+0x44/0x9c)
[    0.344390] ---[ end trace cb88537fdc8fa206 ]---
[    0.344512] ------------[ cut here ]------------
[    0.344543] WARNING: CPU: 0 PID: 1 at arch/arm/mach-omap2/dpll3xxx.c:436 omap3_noncore_dpll_enable+0xe4/0x10c()
[    0.344543] Modules linked in:
[    0.344573] CPU: 0 PID: 1 Comm: swapper/0 Tainted: G        W       3.19.0-rc7-next-20150203-00002-g037e6a2fa459 #1
[    0.344604] Hardware name: Nokia RX-51 board
[    0.344635] [<c0015474>] (unwind_backtrace) from [<c0011a84>] (show_stack+0x10/0x14)
[    0.344665] [<c0011a84>] (show_stack) from [<c05c5da0>] (dump_stack+0x78/0x94)
[    0.344696] [<c05c5da0>] (dump_stack) from [<c003e054>] (warn_slowpath_common+0x7c/0xb4)
[    0.344726] [<c003e054>] (warn_slowpath_common) from [<c003e0a8>] (warn_slowpath_null+0x1c/0x24)
[    0.344757] [<c003e0a8>] (warn_slowpath_null) from [<c003523c>] (omap3_noncore_dpll_enable+0xe4/0x10c)
[    0.344818] [<c003523c>] (omap3_noncore_dpll_enable) from [<c04b6f30>] (clk_core_enable+0x64/0x9c)
[    0.344848] [<c04b6f30>] (clk_core_enable) from [<c04b6f10>] (clk_core_enable+0x44/0x9c)
[    0.344848] ---[ end trace cb88537fdc8fa207 ]---
[    0.344940] ------------[ cut here ]------------
[    0.345001] WARNING: CPU: 0 PID: 1 at arch/arm/mach-omap2/dpll3xxx.c:436 omap3_noncore_dpll_enable+0xe4/0x10c()
[    0.345001] Modules linked in:
[    0.345031] CPU: 0 PID: 1 Comm: swapper/0 Tainted: G        W       3.19.0-rc7-next-20150203-00002-g037e6a2fa459 #1
[    0.345062] Hardware name: Nokia RX-51 board
[    0.345092] [<c0015474>] (unwind_backtrace) from [<c0011a84>] (show_stack+0x10/0x14)
[    0.345123] [<c0011a84>] (show_stack) from [<c05c5da0>] (dump_stack+0x78/0x94)
[    0.345153] [<c05c5da0>] (dump_stack) from [<c003e054>] (warn_slowpath_common+0x7c/0xb4)
[    0.345184] [<c003e054>] (warn_slowpath_common) from [<c003e0a8>] (warn_slowpath_null+0x1c/0x24)
[    0.345214] [<c003e0a8>] (warn_slowpath_null) from [<c003523c>] (omap3_noncore_dpll_enable+0xe4/0x10c)
[    0.345275] [<c003523c>] (omap3_noncore_dpll_enable) from [<c04b6f30>] (clk_core_enable+0x64/0x9c)
[    0.345306] [<c04b6f30>] (clk_core_enable) from [<c04b6f10>] (clk_core_enable+0x44/0x9c)
[    0.345306] ---[ end trace cb88537fdc8fa208 ]---
[    0.347198] ------------[ cut here ]------------
[    0.347229] WARNING: CPU: 0 PID: 1 at arch/arm/mach-omap2/dpll3xxx.c:436 omap3_noncore_dpll_enable+0xe4/0x10c()
[    0.347259] Modules linked in:
[    0.347290] CPU: 0 PID: 1 Comm: swapper/0 Tainted: G        W       3.19.0-rc7-next-20150203-00002-g037e6a2fa459 #1
[    0.347320] Hardware name: Nokia RX-51 board
[    0.347351] [<c0015474>] (unwind_backtrace) from [<c0011a84>] (show_stack+0x10/0x14)
[    0.347381] [<c0011a84>] (show_stack) from [<c05c5da0>] (dump_stack+0x78/0x94)
[    0.347442] [<c05c5da0>] (dump_stack) from [<c003e054>] (warn_slowpath_common+0x7c/0xb4)
[    0.347473] [<c003e054>] (warn_slowpath_common) from [<c003e0a8>] (warn_slowpath_null+0x1c/0x24)
[    0.347503] [<c003e0a8>] (warn_slowpath_null) from [<c003523c>] (omap3_noncore_dpll_enable+0xe4/0x10c)
[    0.347534] [<c003523c>] (omap3_noncore_dpll_enable) from [<c04b6f30>] (clk_core_enable+0x64/0x9c)
[    0.347564] [<c04b6f30>] (clk_core_enable) from [<c04b6f10>] (clk_core_enable+0x44/0x9c)
[    0.347595] ---[ end trace cb88537fdc8fa209 ]---
[    0.347686] ------------[ cut here ]------------
[    0.347717] WARNING: CPU: 0 PID: 1 at arch/arm/mach-omap2/dpll3xxx.c:436 omap3_noncore_dpll_enable+0xe4/0x10c()
[    0.347717] Modules linked in:
[    0.347778] CPU: 0 PID: 1 Comm: swapper/0 Tainted: G        W       3.19.0-rc7-next-20150203-00002-g037e6a2fa459 #1
[    0.347778] Hardware name: Nokia RX-51 board
[    0.347808] [<c0015474>] (unwind_backtrace) from [<c0011a84>] (show_stack+0x10/0x14)
[    0.347839] [<c0011a84>] (show_stack) from [<c05c5da0>] (dump_stack+0x78/0x94)
[    0.347900] [<c05c5da0>] (dump_stack) from [<c003e054>] (warn_slowpath_common+0x7c/0xb4)
[    0.347930] [<c003e054>] (warn_slowpath_common) from [<c003e0a8>] (warn_slowpath_null+0x1c/0x24)
[    0.347961] [<c003e0a8>] (warn_slowpath_null) from [<c003523c>] (omap3_noncore_dpll_enable+0xe4/0x10c)
[    0.347991] [<c003523c>] (omap3_noncore_dpll_enable) from [<c04b6f30>] (clk_core_enable+0x64/0x9c)
[    0.348022] [<c04b6f30>] (clk_core_enable) from [<c04b6f10>] (clk_core_enable+0x44/0x9c)
[    0.348052] ---[ end trace cb88537fdc8fa20a ]---
[    0.350891] omap_hwmod: mcbsp2: _wait_target_ready failed: -16
[    0.350891] omap_hwmod: mcbsp2: cannot be enabled for reset (3)
[    0.350952] ------------[ cut here ]------------
[    0.350982] WARNING: CPU: 0 PID: 1 at arch/arm/mach-omap2/dpll3xxx.c:436 omap3_noncore_dpll_enable+0xe4/0x10c()
[    0.350982] Modules linked in:
[    0.351013] CPU: 0 PID: 1 Comm: swapper/0 Tainted: G        W       3.19.0-rc7-next-20150203-00002-g037e6a2fa459 #1
[    0.351043] Hardware name: Nokia RX-51 board
[    0.351074] [<c0015474>] (unwind_backtrace) from [<c0011a84>] (show_stack+0x10/0x14)
[    0.351104] [<c0011a84>] (show_stack) from [<c05c5da0>] (dump_stack+0x78/0x94)
[    0.351135] [<c05c5da0>] (dump_stack) from [<c003e054>] (warn_slowpath_common+0x7c/0xb4)
[    0.351165] [<c003e054>] (warn_slowpath_common) from [<c003e0a8>] (warn_slowpath_null+0x1c/0x24)
[    0.351226] [<c003e0a8>] (warn_slowpath_null) from [<c003523c>] (omap3_noncore_dpll_enable+0xe4/0x10c)
[    0.351257] [<c003523c>] (omap3_noncore_dpll_enable) from [<c04b6f30>] (clk_core_enable+0x64/0x9c)
[    0.351287] [<c04b6f30>] (clk_core_enable) from [<c04b6f10>] (clk_core_enable+0x44/0x9c)
[    0.351287] ---[ end trace cb88537fdc8fa20b ]---
[    0.351379] ------------[ cut here ]------------
[    0.351409] WARNING: CPU: 0 PID: 1 at arch/arm/mach-omap2/dpll3xxx.c:436 omap3_noncore_dpll_enable+0xe4/0x10c()
[    0.351440] Modules linked in:
[    0.351470] CPU: 0 PID: 1 Comm: swapper/0 Tainted: G        W       3.19.0-rc7-next-20150203-00002-g037e6a2fa459 #1
[    0.351501] Hardware name: Nokia RX-51 board
[    0.351531] [<c0015474>] (unwind_backtrace) from [<c0011a84>] (show_stack+0x10/0x14)
[    0.351562] [<c0011a84>] (show_stack) from [<c05c5da0>] (dump_stack+0x78/0x94)
[    0.351593] [<c05c5da0>] (dump_stack) from [<c003e054>] (warn_slowpath_common+0x7c/0xb4)
[    0.351623] [<c003e054>] (warn_slowpath_common) from [<c003e0a8>] (warn_slowpath_null+0x1c/0x24)
[    0.351654] [<c003e0a8>] (warn_slowpath_null) from [<c003523c>] (omap3_noncore_dpll_enable+0xe4/0x10c)
[    0.351684] [<c003523c>] (omap3_noncore_dpll_enable) from [<c04b6f30>] (clk_core_enable+0x64/0x9c)
[    0.351745] [<c04b6f30>] (clk_core_enable) from [<c04b6f10>] (clk_core_enable+0x44/0x9c)
[    0.351745] ---[ end trace cb88537fdc8fa20c ]---
[    0.351837] ------------[ cut here ]------------
[    0.351867] WARNING: CPU: 0 PID: 1 at arch/arm/mach-omap2/dpll3xxx.c:436 omap3_noncore_dpll_enable+0xe4/0x10c()
[    0.351898] Modules linked in:
[    0.351928] CPU: 0 PID: 1 Comm: swapper/0 Tainted: G        W       3.19.0-rc7-next-20150203-00002-g037e6a2fa459 #1
[    0.351928] Hardware name: Nokia RX-51 board
[    0.351959] [<c0015474>] (unwind_backtrace) from [<c0011a84>] (show_stack+0x10/0x14)
[    0.351989] [<c0011a84>] (show_stack) from [<c05c5da0>] (dump_stack+0x78/0x94)
[    0.352050] [<c05c5da0>] (dump_stack) from [<c003e054>] (warn_slowpath_common+0x7c/0xb4)
[    0.352081] [<c003e054>] (warn_slowpath_common) from [<c003e0a8>] (warn_slowpath_null+0x1c/0x24)
[    0.352111] [<c003e0a8>] (warn_slowpath_null) from [<c003523c>] (omap3_noncore_dpll_enable+0xe4/0x10c)
[    0.352142] [<c003523c>] (omap3_noncore_dpll_enable) from [<c04b6f30>] (clk_core_enable+0x64/0x9c)
[    0.352172] [<c04b6f30>] (clk_core_enable) from [<c04b6f10>] (clk_core_enable+0x44/0x9c)
[    0.352203] ---[ end trace cb88537fdc8fa20d ]---
[    0.352264] ------------[ cut here ]------------
[    0.352294] WARNING: CPU: 0 PID: 1 at arch/arm/mach-omap2/dpll3xxx.c:436 omap3_noncore_dpll_enable+0xe4/0x10c()
[    0.352325] Modules linked in:
[    0.352355] CPU: 0 PID: 1 Comm: swapper/0 Tainted: G        W       3.19.0-rc7-next-20150203-00002-g037e6a2fa459 #1
[    0.352386] Hardware name: Nokia RX-51 board
[    0.352416] [<c0015474>] (unwind_backtrace) from [<c0011a84>] (show_stack+0x10/0x14)
[    0.352447] [<c0011a84>] (show_stack) from [<c05c5da0>] (dump_stack+0x78/0x94)
[    0.352478] [<c05c5da0>] (dump_stack) from [<c003e054>] (warn_slowpath_common+0x7c/0xb4)
[    0.352508] [<c003e054>] (warn_slowpath_common) from [<c003e0a8>] (warn_slowpath_null+0x1c/0x24)
[    0.352539] [<c003e0a8>] (warn_slowpath_null) from [<c003523c>] (omap3_noncore_dpll_enable+0xe4/0x10c)
[    0.352569] [<c003523c>] (omap3_noncore_dpll_enable) from [<c04b6f30>] (clk_core_enable+0x64/0x9c)
[    0.352630] [<c04b6f30>] (clk_core_enable) from [<c04b6f10>] (clk_core_enable+0x44/0x9c)
[    0.352630] ---[ end trace cb88537fdc8fa20e ]---
[    0.352722] ------------[ cut here ]------------
[    0.352752] WARNING: CPU: 0 PID: 1 at arch/arm/mach-omap2/dpll3xxx.c:436 omap3_noncore_dpll_enable+0xe4/0x10c()
[    0.352752] Modules linked in:
[    0.352783] CPU: 0 PID: 1 Comm: swapper/0 Tainted: G        W       3.19.0-rc7-next-20150203-00002-g037e6a2fa459 #1
[    0.352813] Hardware name: Nokia RX-51 board
[    0.352844] [<c0015474>] (unwind_backtrace) from [<c0011a84>] (show_stack+0x10/0x14)
[    0.352874] [<c0011a84>] (show_stack) from [<c05c5da0>] (dump_stack+0x78/0x94)
[    0.352905] [<c05c5da0>] (dump_stack) from [<c003e054>] (warn_slowpath_common+0x7c/0xb4)
[    0.352966] [<c003e054>] (warn_slowpath_common) from [<c003e0a8>] (warn_slowpath_null+0x1c/0x24)
[    0.352996] [<c003e0a8>] (warn_slowpath_null) from [<c003523c>] (omap3_noncore_dpll_enable+0xe4/0x10c)
[    0.353027] [<c003523c>] (omap3_noncore_dpll_enable) from [<c04b6f30>] (clk_core_enable+0x64/0x9c)
[    0.353057] [<c04b6f30>] (clk_core_enable) from [<c04b6f10>] (clk_core_enable+0x44/0x9c)
[    0.353088] ---[ end trace cb88537fdc8fa20f ]---
[    0.353149] ------------[ cut here ]------------
[    0.353179] WARNING: CPU: 0 PID: 1 at arch/arm/mach-omap2/dpll3xxx.c:436 omap3_noncore_dpll_enable+0xe4/0x10c()
[    0.353210] Modules linked in:
[    0.353240] CPU: 0 PID: 1 Comm: swapper/0 Tainted: G        W       3.19.0-rc7-next-20150203-00002-g037e6a2fa459 #1
[    0.353271] Hardware name: Nokia RX-51 board
[    0.353302] [<c0015474>] (unwind_backtrace) from [<c0011a84>] (show_stack+0x10/0x14)
[    0.353332] [<c0011a84>] (show_stack) from [<c05c5da0>] (dump_stack+0x78/0x94)
[    0.353363] [<c05c5da0>] (dump_stack) from [<c003e054>] (warn_slowpath_common+0x7c/0xb4)
[    0.353393] [<c003e054>] (warn_slowpath_common) from [<c003e0a8>] (warn_slowpath_null+0x1c/0x24)
[    0.353424] [<c003e0a8>] (warn_slowpath_null) from [<c003523c>] (omap3_noncore_dpll_enable+0xe4/0x10c)
[    0.353454] [<c003523c>] (omap3_noncore_dpll_enable) from [<c04b6f30>] (clk_core_enable+0x64/0x9c)
[    0.353485] [<c04b6f30>] (clk_core_enable) from [<c04b6f10>] (clk_core_enable+0x44/0x9c)
[    0.353515] ---[ end trace cb88537fdc8fa210 ]---
[    0.353607] ------------[ cut here ]------------
[    0.353637] WARNING: CPU: 0 PID: 1 at arch/arm/mach-omap2/dpll3xxx.c:436 omap3_noncore_dpll_enable+0xe4/0x10c()
[    0.353668] Modules linked in:
[    0.353698] CPU: 0 PID: 1 Comm: swapper/0 Tainted: G        W       3.19.0-rc7-next-20150203-00002-g037e6a2fa459 #1
[    0.353698] Hardware name: Nokia RX-51 board
[    0.353759] [<c0015474>] (unwind_backtrace) from [<c0011a84>] (show_stack+0x10/0x14)
[    0.353790] [<c0011a84>] (show_stack) from [<c05c5da0>] (dump_stack+0x78/0x94)
[    0.353820] [<c05c5da0>] (dump_stack) from [<c003e054>] (warn_slowpath_common+0x7c/0xb4)
[    0.353851] [<c003e054>] (warn_slowpath_common) from [<c003e0a8>] (warn_slowpath_null+0x1c/0x24)
[    0.353881] [<c003e0a8>] (warn_slowpath_null) from [<c003523c>] (omap3_noncore_dpll_enable+0xe4/0x10c)
[    0.353912] [<c003523c>] (omap3_noncore_dpll_enable) from [<c04b6f30>] (clk_core_enable+0x64/0x9c)
[    0.353942] [<c04b6f30>] (clk_core_enable) from [<c04b6f10>] (clk_core_enable+0x44/0x9c)
[    0.353973] ---[ end trace cb88537fdc8fa211 ]---
[    0.354064] ------------[ cut here ]------------
[    0.354095] WARNING: CPU: 0 PID: 1 at arch/arm/mach-omap2/dpll3xxx.c:436 omap3_noncore_dpll_enable+0xe4/0x10c()
[    0.354125] Modules linked in:
[    0.354156] CPU: 0 PID: 1 Comm: swapper/0 Tainted: G        W       3.19.0-rc7-next-20150203-00002-g037e6a2fa459 #1
[    0.354156] Hardware name: Nokia RX-51 board
[    0.354217] [<c0015474>] (unwind_backtrace) from [<c0011a84>] (show_stack+0x10/0x14)
[    0.354248] [<c0011a84>] (show_stack) from [<c05c5da0>] (dump_stack+0x78/0x94)
[    0.354278] [<c05c5da0>] (dump_stack) from [<c003e054>] (warn_slowpath_common+0x7c/0xb4)
[    0.354309] [<c003e054>] (warn_slowpath_common) from [<c003e0a8>] (warn_slowpath_null+0x1c/0x24)
[    0.354339] [<c003e0a8>] (warn_slowpath_null) from [<c003523c>] (omap3_noncore_dpll_enable+0xe4/0x10c)
[    0.354370] [<c003523c>] (omap3_noncore_dpll_enable) from [<c04b6f30>] (clk_core_enable+0x64/0x9c)
[    0.354400] [<c04b6f30>] (clk_core_enable) from [<c04b6f10>] (clk_core_enable+0x44/0x9c)
[    0.354431] ---[ end trace cb88537fdc8fa212 ]---
[    0.354522] ------------[ cut here ]------------
[    0.354553] WARNING: CPU: 0 PID: 1 at arch/arm/mach-omap2/dpll3xxx.c:436 omap3_noncore_dpll_enable+0xe4/0x10c()
[    0.354583] Modules linked in:
[    0.354614] CPU: 0 PID: 1 Comm: swapper/0 Tainted: G        W       3.19.0-rc7-next-20150203-00002-g037e6a2fa459 #1
[    0.354614] Hardware name: Nokia RX-51 board
[    0.354644] [<c0015474>] (unwind_backtrace) from [<c0011a84>] (show_stack+0x10/0x14)
[    0.354705] [<c0011a84>] (show_stack) from [<c05c5da0>] (dump_stack+0x78/0x94)
[    0.354736] [<c05c5da0>] (dump_stack) from [<c003e054>] (warn_slowpath_common+0x7c/0xb4)
[    0.354766] [<c003e054>] (warn_slowpath_common) from [<c003e0a8>] (warn_slowpath_null+0x1c/0x24)
[    0.354797] [<c003e0a8>] (warn_slowpath_null) from [<c003523c>] (omap3_noncore_dpll_enable+0xe4/0x10c)
[    0.354827] [<c003523c>] (omap3_noncore_dpll_enable) from [<c04b6f30>] (clk_core_enable+0x64/0x9c)
[    0.354858] [<c04b6f30>] (clk_core_enable) from [<c04b6f10>] (clk_core_enable+0x44/0x9c)
[    0.354888] ---[ end trace cb88537fdc8fa213 ]---
[    0.355041] ------------[ cut here ]------------
[    0.355072] WARNING: CPU: 0 PID: 1 at arch/arm/mach-omap2/dpll3xxx.c:436 omap3_noncore_dpll_enable+0xe4/0x10c()
[    0.355102] Modules linked in:
[    0.355133] CPU: 0 PID: 1 Comm: swapper/0 Tainted: G        W       3.19.0-rc7-next-20150203-00002-g037e6a2fa459 #1
[    0.355133] Hardware name: Nokia RX-51 board
[    0.355163] [<c0015474>] (unwind_backtrace) from [<c0011a84>] (show_stack+0x10/0x14)
[    0.355194] [<c0011a84>] (show_stack) from [<c05c5da0>] (dump_stack+0x78/0x94)
[    0.355255] [<c05c5da0>] (dump_stack) from [<c003e054>] (warn_slowpath_common+0x7c/0xb4)
[    0.355285] [<c003e054>] (warn_slowpath_common) from [<c003e0a8>] (warn_slowpath_null+0x1c/0x24)
[    0.355316] [<c003e0a8>] (warn_slowpath_null) from [<c003523c>] (omap3_noncore_dpll_enable+0xe4/0x10c)
[    0.355346] [<c003523c>] (omap3_noncore_dpll_enable) from [<c04b6f30>] (clk_core_enable+0x64/0x9c)
[    0.355377] [<c04b6f30>] (clk_core_enable) from [<c04b6f10>] (clk_core_enable+0x44/0x9c)
[    0.355407] ---[ end trace cb88537fdc8fa214 ]---
[    0.369598] ------------[ cut here ]------------
[    0.369659] WARNING: CPU: 0 PID: 1 at arch/arm/mach-omap2/dpll3xxx.c:436 omap3_noncore_dpll_enable+0xe4/0x10c()
[    0.369659] Modules linked in:
[    0.369689] CPU: 0 PID: 1 Comm: swapper/0 Tainted: G        W       3.19.0-rc7-next-20150203-00002-g037e6a2fa459 #1
[    0.369720] Hardware name: Nokia RX-51 board
[    0.369750] [<c0015474>] (unwind_backtrace) from [<c0011a84>] (show_stack+0x10/0x14)
[    0.369781] [<c0011a84>] (show_stack) from [<c05c5da0>] (dump_stack+0x78/0x94)
[    0.369812] [<c05c5da0>] (dump_stack) from [<c003e054>] (warn_slowpath_common+0x7c/0xb4)
[    0.369873] [<c003e054>] (warn_slowpath_common) from [<c003e0a8>] (warn_slowpath_null+0x1c/0x24)
[    0.369903] [<c003e0a8>] (warn_slowpath_null) from [<c003523c>] (omap3_noncore_dpll_enable+0xe4/0x10c)
[    0.369934] [<c003523c>] (omap3_noncore_dpll_enable) from [<c04b6f30>] (clk_core_enable+0x64/0x9c)
[    0.369964] [<c04b6f30>] (clk_core_enable) from [<c04b6f10>] (clk_core_enable+0x44/0x9c)
[    0.369995] ---[ end trace cb88537fdc8fa215 ]---
[    0.382446] ------------[ cut here ]------------
[    0.382476] WARNING: CPU: 0 PID: 1 at arch/arm/mach-omap2/dpll3xxx.c:436 omap3_noncore_dpll_enable+0xe4/0x10c()
[    0.382507] Modules linked in:
[    0.382537] CPU: 0 PID: 1 Comm: swapper/0 Tainted: G        W       3.19.0-rc7-next-20150203-00002-g037e6a2fa459 #1
[    0.382568] Hardware name: Nokia RX-51 board
[    0.382598] [<c0015474>] (unwind_backtrace) from [<c0011a84>] (show_stack+0x10/0x14)
[    0.382629] [<c0011a84>] (show_stack) from [<c05c5da0>] (dump_stack+0x78/0x94)
[    0.382659] [<c05c5da0>] (dump_stack) from [<c003e054>] (warn_slowpath_common+0x7c/0xb4)
[    0.382720] [<c003e054>] (warn_slowpath_common) from [<c003e0a8>] (warn_slowpath_null+0x1c/0x24)
[    0.382751] [<c003e0a8>] (warn_slowpath_null) from [<c003523c>] (omap3_noncore_dpll_enable+0xe4/0x10c)
[    0.382781] [<c003523c>] (omap3_noncore_dpll_enable) from [<c04b6f30>] (clk_core_enable+0x64/0x9c)
[    0.382812] [<c04b6f30>] (clk_core_enable) from [<c04b6f10>] (clk_core_enable+0x44/0x9c)
[    0.382843] ---[ end trace cb88537fdc8fa216 ]---
[    0.382934] ------------[ cut here ]------------
[    0.382965] WARNING: CPU: 0 PID: 1 at arch/arm/mach-omap2/dpll3xxx.c:436 omap3_noncore_dpll_enable+0xe4/0x10c()
[    0.382995] Modules linked in:
[    0.383026] CPU: 0 PID: 1 Comm: swapper/0 Tainted: G        W       3.19.0-rc7-next-20150203-00002-g037e6a2fa459 #1
[    0.383026] Hardware name: Nokia RX-51 board
[    0.383056] [<c0015474>] (unwind_backtrace) from [<c0011a84>] (show_stack+0x10/0x14)
[    0.383087] [<c0011a84>] (show_stack) from [<c05c5da0>] (dump_stack+0x78/0x94)
[    0.383148] [<c05c5da0>] (dump_stack) from [<c003e054>] (warn_slowpath_common+0x7c/0xb4)
[    0.383178] [<c003e054>] (warn_slowpath_common) from [<c003e0a8>] (warn_slowpath_null+0x1c/0x24)
[    0.383209] [<c003e0a8>] (warn_slowpath_null) from [<c003523c>] (omap3_noncore_dpll_enable+0xe4/0x10c)
[    0.383239] [<c003523c>] (omap3_noncore_dpll_enable) from [<c04b6f30>] (clk_core_enable+0x64/0x9c)
[    0.383270] [<c04b6f30>] (clk_core_enable) from [<c04b6f10>] (clk_core_enable+0x44/0x9c)
[    0.383300] ---[ end trace cb88537fdc8fa217 ]---
[    0.383392] ------------[ cut here ]------------
[    0.383422] WARNING: CPU: 0 PID: 1 at arch/arm/mach-omap2/dpll3xxx.c:436 omap3_noncore_dpll_enable+0xe4/0x10c()
[    0.383453] Modules linked in:
[    0.383483] CPU: 0 PID: 1 Comm: swapper/0 Tainted: G        W       3.19.0-rc7-next-20150203-00002-g037e6a2fa459 #1
[    0.383483] Hardware name: Nokia RX-51 board
[    0.383514] [<c0015474>] (unwind_backtrace) from [<c0011a84>] (show_stack+0x10/0x14)
[    0.383544] [<c0011a84>] (show_stack) from [<c05c5da0>] (dump_stack+0x78/0x94)
[    0.383605] [<c05c5da0>] (dump_stack) from [<c003e054>] (warn_slowpath_common+0x7c/0xb4)
[    0.383636] [<c003e054>] (warn_slowpath_common) from [<c003e0a8>] (warn_slowpath_null+0x1c/0x24)
[    0.383666] [<c003e0a8>] (warn_slowpath_null) from [<c003523c>] (omap3_noncore_dpll_enable+0xe4/0x10c)
[    0.383697] [<c003523c>] (omap3_noncore_dpll_enable) from [<c04b6f30>] (clk_core_enable+0x64/0x9c)
[    0.383728] [<c04b6f30>] (clk_core_enable) from [<c04b6f10>] (clk_core_enable+0x44/0x9c)
[    0.383758] ---[ end trace cb88537fdc8fa218 ]---
[    0.383850] ------------[ cut here ]------------
[    0.383880] WARNING: CPU: 0 PID: 1 at arch/arm/mach-omap2/dpll3xxx.c:436 omap3_noncore_dpll_enable+0xe4/0x10c()
[    0.383911] Modules linked in:
[    0.383941] CPU: 0 PID: 1 Comm: swapper/0 Tainted: G        W       3.19.0-rc7-next-20150203-00002-g037e6a2fa459 #1
[    0.383941] Hardware name: Nokia RX-51 board
[    0.383972] [<c0015474>] (unwind_backtrace) from [<c0011a84>] (show_stack+0x10/0x14)
[    0.384002] [<c0011a84>] (show_stack) from [<c05c5da0>] (dump_stack+0x78/0x94)
[    0.384063] [<c05c5da0>] (dump_stack) from [<c003e054>] (warn_slowpath_common+0x7c/0xb4)
[    0.384094] [<c003e054>] (warn_slowpath_common) from [<c003e0a8>] (warn_slowpath_null+0x1c/0x24)
[    0.384124] [<c003e0a8>] (warn_slowpath_null) from [<c003523c>] (omap3_noncore_dpll_enable+0xe4/0x10c)
[    0.384155] [<c003523c>] (omap3_noncore_dpll_enable) from [<c04b6f30>] (clk_core_enable+0x64/0x9c)
[    0.384185] [<c04b6f30>] (clk_core_enable) from [<c04b6f10>] (clk_core_enable+0x44/0x9c)
[    0.384216] ---[ end trace cb88537fdc8fa219 ]---
[    0.384307] ------------[ cut here ]------------
[    0.384338] WARNING: CPU: 0 PID: 1 at arch/arm/mach-omap2/dpll3xxx.c:436 omap3_noncore_dpll_enable+0xe4/0x10c()
[    0.384338] Modules linked in:
[    0.384368] CPU: 0 PID: 1 Comm: swapper/0 Tainted: G        W       3.19.0-rc7-next-20150203-00002-g037e6a2fa459 #1
[    0.384399] Hardware name: Nokia RX-51 board
[    0.384429] [<c0015474>] (unwind_backtrace) from [<c0011a84>] (show_stack+0x10/0x14)
[    0.384460] [<c0011a84>] (show_stack) from [<c05c5da0>] (dump_stack+0x78/0x94)
[    0.384490] [<c05c5da0>] (dump_stack) from [<c003e054>] (warn_slowpath_common+0x7c/0xb4)
[    0.384521] [<c003e054>] (warn_slowpath_common) from [<c003e0a8>] (warn_slowpath_null+0x1c/0x24)
[    0.384582] [<c003e0a8>] (warn_slowpath_null) from [<c003523c>] (omap3_noncore_dpll_enable+0xe4/0x10c)
[    0.384613] [<c003523c>] (omap3_noncore_dpll_enable) from [<c04b6f30>] (clk_core_enable+0x64/0x9c)
[    0.384643] [<c04b6f30>] (clk_core_enable) from [<c04b6f10>] (clk_core_enable+0x44/0x9c)
[    0.384674] ---[ end trace cb88537fdc8fa21a ]---
[    0.384735] ------------[ cut here ]------------
[    0.384765] WARNING: CPU: 0 PID: 1 at arch/arm/mach-omap2/dpll3xxx.c:436 omap3_noncore_dpll_enable+0xe4/0x10c()
[    0.384796] Modules linked in:
[    0.384826] CPU: 0 PID: 1 Comm: swapper/0 Tainted: G        W       3.19.0-rc7-next-20150203-00002-g037e6a2fa459 #1
[    0.384826] Hardware name: Nokia RX-51 board
[    0.384887] [<c0015474>] (unwind_backtrace) from [<c0011a84>] (show_stack+0x10/0x14)
[    0.384918] [<c0011a84>] (show_stack) from [<c05c5da0>] (dump_stack+0x78/0x94)
[    0.384948] [<c05c5da0>] (dump_stack) from [<c003e054>] (warn_slowpath_common+0x7c/0xb4)
[    0.384979] [<c003e054>] (warn_slowpath_common) from [<c003e0a8>] (warn_slowpath_null+0x1c/0x24)
[    0.385009] [<c003e0a8>] (warn_slowpath_null) from [<c003523c>] (omap3_noncore_dpll_enable+0xe4/0x10c)
[    0.385040] [<c003523c>] (omap3_noncore_dpll_enable) from [<c04b6f30>] (clk_core_enable+0x64/0x9c)
[    0.385070] [<c04b6f30>] (clk_core_enable) from [<c04b6f10>] (clk_core_enable+0x44/0x9c)
[    0.385101] ---[ end trace cb88537fdc8fa21b ]---
[    0.385192] ------------[ cut here ]------------
[    0.385223] WARNING: CPU: 0 PID: 1 at arch/arm/mach-omap2/dpll3xxx.c:436 omap3_noncore_dpll_enable+0xe4/0x10c()
[    0.385223] Modules linked in:
[    0.385253] CPU: 0 PID: 1 Comm: swapper/0 Tainted: G        W       3.19.0-rc7-next-20150203-00002-g037e6a2fa459 #1
[    0.385284] Hardware name: Nokia RX-51 board
[    0.385314] [<c0015474>] (unwind_backtrace) from [<c0011a84>] (show_stack+0x10/0x14)
[    0.385345] [<c0011a84>] (show_stack) from [<c05c5da0>] (dump_stack+0x78/0x94)
[    0.385375] [<c05c5da0>] (dump_stack) from [<c003e054>] (warn_slowpath_common+0x7c/0xb4)
[    0.385406] [<c003e054>] (warn_slowpath_common) from [<c003e0a8>] (warn_slowpath_null+0x1c/0x24)
[    0.385467] [<c003e0a8>] (warn_slowpath_null) from [<c003523c>] (omap3_noncore_dpll_enable+0xe4/0x10c)
[    0.385498] [<c003523c>] (omap3_noncore_dpll_enable) from [<c04b6f30>] (clk_core_enable+0x64/0x9c)
[    0.385528] [<c04b6f30>] (clk_core_enable) from [<c04b6f10>] (clk_core_enable+0x44/0x9c)
[    0.385559] ---[ end trace cb88537fdc8fa21c ]---
[    0.385620] ------------[ cut here ]------------
[    0.385650] WARNING: CPU: 0 PID: 1 at arch/arm/mach-omap2/dpll3xxx.c:436 omap3_noncore_dpll_enable+0xe4/0x10c()
[    0.385681] Modules linked in:
[    0.385711] CPU: 0 PID: 1 Comm: swapper/0 Tainted: G        W       3.19.0-rc7-next-20150203-00002-g037e6a2fa459 #1
[    0.385711] Hardware name: Nokia RX-51 board
[    0.385772] [<c0015474>] (unwind_backtrace) from [<c0011a84>] (show_stack+0x10/0x14)
[    0.385803] [<c0011a84>] (show_stack) from [<c05c5da0>] (dump_stack+0x78/0x94)
[    0.385833] [<c05c5da0>] (dump_stack) from [<c003e054>] (warn_slowpath_common+0x7c/0xb4)
[    0.385864] [<c003e054>] (warn_slowpath_common) from [<c003e0a8>] (warn_slowpath_null+0x1c/0x24)
[    0.385894] [<c003e0a8>] (warn_slowpath_null) from [<c003523c>] (omap3_noncore_dpll_enable+0xe4/0x10c)
[    0.385925] [<c003523c>] (omap3_noncore_dpll_enable) from [<c04b6f30>] (clk_core_enable+0x64/0x9c)
[    0.385955] [<c04b6f30>] (clk_core_enable) from [<c04b6f10>] (clk_core_enable+0x44/0x9c)
[    0.385986] ---[ end trace cb88537fdc8fa21d ]---
[    0.391204] pinctrl core: initialized pinctrl subsystem
[    0.555450] NET: Registered protocol family 16
[    0.570617] DMA: preallocated 256 KiB pool for atomic coherent allocations
[    0.574920] cpuidle: using governor ladder
[    0.574981] cpuidle: using governor menu
[    0.578155] Reprogramming SDRC clock to 332000000 Hz
[    0.597290] OMAP GPIO hardware version 2.5
[    0.617828] irq: no irq domain found for /ocp/pinmux@48002030 !
[    0.619079] irq: no irq domain found for /ocp/pinmux@48002030 !
[    0.653320] omap-gpmc 6e000000.gpmc: could not find pctldev for node /ocp/pinmux@48002030/pinmux_gpmc_pins, deferring probe
[    0.653411] platform 6e000000.gpmc: Driver omap-gpmc requests probe deferral
[    0.662139] RX-51: Enabling ARM errata 430973 workaround
[    0.663909] RX-51: Registring OMAP3 HWRNG device
[    0.670288] No ATAGs?
[    0.670318] hw-breakpoint: debug architecture 0x4 unsupported.
[    0.675201] Reserving DMA channels 0 and 1 for HS ROM code
[    0.675262] OMAP DMA hardware revision 4.0
[    0.796752] omap-dma-engine 48056000.dma-controller: OMAP DMA engine driver
[    0.804901] SCSI subsystem initialized
[    0.808685] omap_i2c 48070000.i2c: could not find pctldev for node /ocp/pinmux@48002030/pinmux_i2c1_pins, deferring probe
[    0.808746] platform 48070000.i2c: Driver omap_i2c requests probe deferral
[    0.808898] omap_i2c 48072000.i2c: could not find pctldev for node /ocp/pinmux@48002030/pinmux_i2c2_pins, deferring probe
[    0.808959] platform 48072000.i2c: Driver omap_i2c requests probe deferral
[    0.809112] omap_i2c 48060000.i2c: could not find pctldev for node /ocp/pinmux@48002030/pinmux_i2c3_pins, deferring probe
[    0.809173] platform 48060000.i2c: Driver omap_i2c requests probe deferral
[    0.818298] Switched to clocksource 32k_counter
[    1.114013] ------------[ cut here ]------------
[    1.114074] WARNING: CPU: 0 PID: 1 at arch/arm/mach-omap2/dpll3xxx.c:436 omap3_noncore_dpll_enable+0xe4/0x10c()
[    1.114105] Modules linked in:
[    1.114166] CPU: 0 PID: 1 Comm: swapper/0 Tainted: G        W       3.19.0-rc7-next-20150203-00002-g037e6a2fa459 #1
[    1.114166] Hardware name: Nokia RX-51 board
[    1.114227] [<c0015474>] (unwind_backtrace) from [<c0011a84>] (show_stack+0x10/0x14)
[    1.114257] [<c0011a84>] (show_stack) from [<c05c5da0>] (dump_stack+0x78/0x94)
[    1.114318] [<c05c5da0>] (dump_stack) from [<c003e054>] (warn_slowpath_common+0x7c/0xb4)
[    1.114349] [<c003e054>] (warn_slowpath_common) from [<c003e0a8>] (warn_slowpath_null+0x1c/0x24)
[    1.114379] [<c003e0a8>] (warn_slowpath_null) from [<c003523c>] (omap3_noncore_dpll_enable+0xe4/0x10c)
[    1.114440] [<c003523c>] (omap3_noncore_dpll_enable) from [<c04b6f30>] (clk_core_enable+0x64/0x9c)
[    1.114471] [<c04b6f30>] (clk_core_enable) from [<c04b6f10>] (clk_core_enable+0x44/0x9c)
[    1.114501] ---[ end trace cb88537fdc8fa21e ]---
[    1.116180] NET: Registered protocol family 2
[    1.119964] TCP established hash table entries: 2048 (order: 1, 8192 bytes)
[    1.120269] TCP bind hash table entries: 2048 (order: 4, 73728 bytes)
[    1.121612] TCP: Hash tables configured (established 2048 bind 2048)
[    1.122009] TCP: reno registered
[    1.122070] UDP hash table entries: 256 (order: 2, 20480 bytes)
[    1.122467] UDP-Lite hash table entries: 256 (order: 2, 20480 bytes)
[    1.124298] NET: Registered protocol family 1
[    1.128051] RPC: Registered named UNIX socket transport module.
[    1.128112] RPC: Registered udp transport module.
[    1.128143] RPC: Registered tcp transport module.
[    1.128143] RPC: Registered tcp NFSv4.1 backchannel transport module.
[    1.128997] ------------[ cut here ]------------
[    1.129058] WARNING: CPU: 0 PID: 1 at arch/arm/mach-omap2/dpll3xxx.c:436 omap3_noncore_dpll_enable+0xe4/0x10c()
[    1.129058] Modules linked in:
[    1.129119] CPU: 0 PID: 1 Comm: swapper/0 Tainted: G        W       3.19.0-rc7-next-20150203-00002-g037e6a2fa459 #1
[    1.129119] Hardware name: Nokia RX-51 board
[    1.129180] [<c0015474>] (unwind_backtrace) from [<c0011a84>] (show_stack+0x10/0x14)
[    1.129241] [<c0011a84>] (show_stack) from [<c05c5da0>] (dump_stack+0x78/0x94)
[    1.129272] [<c05c5da0>] (dump_stack) from [<c003e054>] (warn_slowpath_common+0x7c/0xb4)
[    1.129302] [<c003e054>] (warn_slowpath_common) from [<c003e0a8>] (warn_slowpath_null+0x1c/0x24)
[    1.129333] [<c003e0a8>] (warn_slowpath_null) from [<c003523c>] (omap3_noncore_dpll_enable+0xe4/0x10c)
[    1.129394] [<c003523c>] (omap3_noncore_dpll_enable) from [<c04b6f30>] (clk_core_enable+0x64/0x9c)
[    1.129425] [<c04b6f30>] (clk_core_enable) from [<c04b6f10>] (clk_core_enable+0x44/0x9c)
[    1.129455] ---[ end trace cb88537fdc8fa21f ]---
[    1.129638] ------------[ cut here ]------------
[    1.129669] WARNING: CPU: 0 PID: 1 at arch/arm/mach-omap2/dpll3xxx.c:436 omap3_noncore_dpll_enable+0xe4/0x10c()
[    1.129699] Modules linked in:
[    1.129730] CPU: 0 PID: 1 Comm: swapper/0 Tainted: G        W       3.19.0-rc7-next-20150203-00002-g037e6a2fa459 #1
[    1.129760] Hardware name: Nokia RX-51 board
[    1.129791] [<c0015474>] (unwind_backtrace) from [<c0011a84>] (show_stack+0x10/0x14)
[    1.129821] [<c0011a84>] (show_stack) from [<c05c5da0>] (dump_stack+0x78/0x94)
[    1.129852] [<c05c5da0>] (dump_stack) from [<c003e054>] (warn_slowpath_common+0x7c/0xb4)
[    1.129882] [<c003e054>] (warn_slowpath_common) from [<c003e0a8>] (warn_slowpath_null+0x1c/0x24)
[    1.129943] [<c003e0a8>] (warn_slowpath_null) from [<c003523c>] (omap3_noncore_dpll_enable+0xe4/0x10c)
[    1.129974] [<c003523c>] (omap3_noncore_dpll_enable) from [<c04b6f30>] (clk_core_enable+0x64/0x9c)
[    1.130004] [<c04b6f30>] (clk_core_enable) from [<c04b6f10>] (clk_core_enable+0x44/0x9c)
[    1.130035] ---[ end trace cb88537fdc8fa220 ]---
[    1.130096] ------------[ cut here ]------------
[    1.130126] WARNING: CPU: 0 PID: 1 at arch/arm/mach-omap2/dpll3xxx.c:436 omap3_noncore_dpll_enable+0xe4/0x10c()
[    1.130157] Modules linked in:
[    1.130187] CPU: 0 PID: 1 Comm: swapper/0 Tainted: G        W       3.19.0-rc7-next-20150203-00002-g037e6a2fa459 #1
[    1.130218] Hardware name: Nokia RX-51 board
[    1.130249] [<c0015474>] (unwind_backtrace) from [<c0011a84>] (show_stack+0x10/0x14)
[    1.130279] [<c0011a84>] (show_stack) from [<c05c5da0>] (dump_stack+0x78/0x94)
[    1.130310] [<c05c5da0>] (dump_stack) from [<c003e054>] (warn_slowpath_common+0x7c/0xb4)
[    1.130340] [<c003e054>] (warn_slowpath_common) from [<c003e0a8>] (warn_slowpath_null+0x1c/0x24)
[    1.130401] [<c003e0a8>] (warn_slowpath_null) from [<c003523c>] (omap3_noncore_dpll_enable+0xe4/0x10c)
[    1.130432] [<c003523c>] (omap3_noncore_dpll_enable) from [<c04b6f30>] (clk_core_enable+0x64/0x9c)
[    1.130462] [<c04b6f30>] (clk_core_enable) from [<c04b6f10>] (clk_core_enable+0x44/0x9c)
[    1.130462] ---[ end trace cb88537fdc8fa221 ]---
[    1.130676] ------------[ cut here ]------------
[    1.130737] WARNING: CPU: 0 PID: 1 at arch/arm/mach-omap2/dpll3xxx.c:436 omap3_noncore_dpll_enable+0xe4/0x10c()
[    1.130737] Modules linked in:
[    1.130767] CPU: 0 PID: 1 Comm: swapper/0 Tainted: G        W       3.19.0-rc7-next-20150203-00002-g037e6a2fa459 #1
[    1.130798] Hardware name: Nokia RX-51 board
[    1.130828] [<c0015474>] (unwind_backtrace) from [<c0011a84>] (show_stack+0x10/0x14)
[    1.130859] [<c0011a84>] (show_stack) from [<c05c5da0>] (dump_stack+0x78/0x94)
[    1.130889] [<c05c5da0>] (dump_stack) from [<c003e054>] (warn_slowpath_common+0x7c/0xb4)
[    1.130920] [<c003e054>] (warn_slowpath_common) from [<c003e0a8>] (warn_slowpath_null+0x1c/0x24)
[    1.130981] [<c003e0a8>] (warn_slowpath_null) from [<c003523c>] (omap3_noncore_dpll_enable+0xe4/0x10c)
[    1.131011] [<c003523c>] (omap3_noncore_dpll_enable) from [<c04b6f30>] (clk_core_enable+0x64/0x9c)
[    1.131042] [<c04b6f30>] (clk_core_enable) from [<c04b6f10>] (clk_core_enable+0x44/0x9c)
[    1.131072] ---[ end trace cb88537fdc8fa222 ]---
[    1.131134] ------------[ cut here ]------------
[    1.131164] WARNING: CPU: 0 PID: 1 at arch/arm/mach-omap2/dpll3xxx.c:436 omap3_noncore_dpll_enable+0xe4/0x10c()
[    1.131195] Modules linked in:
[    1.131225] CPU: 0 PID: 1 Comm: swapper/0 Tainted: G        W       3.19.0-rc7-next-20150203-00002-g037e6a2fa459 #1
[    1.131225] Hardware name: Nokia RX-51 board
[    1.131286] [<c0015474>] (unwind_backtrace) from [<c0011a84>] (show_stack+0x10/0x14)
[    1.131317] [<c0011a84>] (show_stack) from [<c05c5da0>] (dump_stack+0x78/0x94)
[    1.131347] [<c05c5da0>] (dump_stack) from [<c003e054>] (warn_slowpath_common+0x7c/0xb4)
[    1.131378] [<c003e054>] (warn_slowpath_common) from [<c003e0a8>] (warn_slowpath_null+0x1c/0x24)
[    1.131408] [<c003e0a8>] (warn_slowpath_null) from [<c003523c>] (omap3_noncore_dpll_enable+0xe4/0x10c)
[    1.131439] [<c003523c>] (omap3_noncore_dpll_enable) from [<c04b6f30>] (clk_core_enable+0x64/0x9c)
[    1.131469] [<c04b6f30>] (clk_core_enable) from [<c04b6f10>] (clk_core_enable+0x44/0x9c)
[    1.131500] ---[ end trace cb88537fdc8fa223 ]---
[    1.137237] hw perfevents: enabled with armv7_cortex_a8 PMU driver, 5 counters available
[    1.148284] futex hash table entries: 256 (order: 2, 16384 bytes)
[    1.148773] audit: initializing netlink subsys (disabled)
[    1.149291] audit: type=2000 audit(1.140:1): initialized
[    1.158538] VFS: Disk quotas dquot_6.5.2
[    1.158843] VFS: Dquot-cache hash table entries: 1024 (order 0, 4096 bytes)
[    1.163360] NFS: Registering the id_resolver key type
[    1.164031] Key type id_resolver registered
[    1.164062] Key type id_legacy registered
[    1.164398] jffs2: version 2.2. (NAND) (SUMMARY)   2001-2006 Red Hat, Inc.
[    1.173980] io scheduler noop registered
[    1.174041] io scheduler deadline registered
[    1.174163] io scheduler cfq registered (default)
[    1.178131] pinctrl-single 48002030.pinmux: 284 pins at pa fa002030 size 568
[    1.179199] pinctrl-single 48002a00.pinmux: 46 pins at pa fa002a00 size 92
[    1.180511] pinctrl-single 480025d8.pinmux: 18 pins at pa fa0025d8 size 36
[    1.188690] Serial: 8250/16550 driver, 4 ports, IRQ sharing enabled
[    1.202880] ------------[ cut here ]------------
[    1.202941] WARNING: CPU: 0 PID: 1 at arch/arm/mach-omap2/dpll3xxx.c:436 omap3_noncore_dpll_enable+0xe4/0x10c()
[    1.202972] Modules linked in:
[    1.203002] CPU: 0 PID: 1 Comm: swapper/0 Tainted: G        W       3.19.0-rc7-next-20150203-00002-g037e6a2fa459 #1
[    1.203033] Hardware name: Nokia RX-51 board
[    1.203063] [<c0015474>] (unwind_backtrace) from [<c0011a84>] (show_stack+0x10/0x14)
[    1.203124] [<c0011a84>] (show_stack) from [<c05c5da0>] (dump_stack+0x78/0x94)
[    1.203155] [<c05c5da0>] (dump_stack) from [<c003e054>] (warn_slowpath_common+0x7c/0xb4)
[    1.203216] [<c003e054>] (warn_slowpath_common) from [<c003e0a8>] (warn_slowpath_null+0x1c/0x24)
[    1.203247] [<c003e0a8>] (warn_slowpath_null) from [<c003523c>] (omap3_noncore_dpll_enable+0xe4/0x10c)
[    1.203277] [<c003523c>] (omap3_noncore_dpll_enable) from [<c04b6f30>] (clk_core_enable+0x64/0x9c)
[    1.203308] [<c04b6f30>] (clk_core_enable) from [<c04b6f10>] (clk_core_enable+0x44/0x9c)
[    1.203338] ---[ end trace cb88537fdc8fa224 ]---
[    1.203765] 4806c000.serial: ttyO1 at MMIO 0x4806c000 (irq = 89, base_baud = 3000000) is a OMAP UART1
[    1.208831] 49020000.serial: ttyO2 at MMIO 0x49020000 (irq = 90, base_baud = 3000000) is a OMAP UART2
[   10.264801] console [ttyO2] enabled
[   10.335815] brd: module loaded
[   10.378662] loop: module loaded
[   10.390472] mtdoops: mtd device (mtddev=name/number) must be supplied
[   10.438446] mousedev: PS/2 mouse device common for all mice
[   10.450225] i2c /dev entries driver
[   10.458190] Driver 'mmcblk' needs updating - please use bus_type methods
[   10.475128] omap_hsmmc 4809c000.mmc: Got CD GPIO
[   10.486267] omap_hsmmc 4809c000.mmc: unable to get vmmc regulator -517
[   10.500854] platform 4809c000.mmc: Driver omap_hsmmc requests probe deferral
[   10.517272] omap_hsmmc 480b4000.mmc: unable to get vmmc regulator -517
[   10.531219] platform 480b4000.mmc: Driver omap_hsmmc requests probe deferral
[   10.546539] ledtrig-cpu: registered to indicate activity on CPUs
[   10.561523] oprofile: using arm/armv7
[   10.570495] TCP: cubic registered
[   10.577606] Initializing XFRM netlink socket
[   10.586761] NET: Registered protocol family 17
[   10.596191] NET: Registered protocol family 15
[   10.606140] Key type dns_resolver registered
[   10.615631] omap2_set_init_voltage: unable to find boot up OPP for vdd_mpu_iva
[   10.630676] omap2_set_init_voltage: unable to set vdd_mpu_iva
[   10.642669] omap2_set_init_voltage: unable to find boot up OPP for vdd_core
[   10.657135] omap2_set_init_voltage: unable to set vdd_core
[   10.678619] ThumbEE CPU extension supported.
[   10.687622] Registering SWP/SWPB emulation handler
[   10.697631] SmartReflex Class3 initialized
[   10.718231] omap-gpmc 6e000000.gpmc: GPMC revision 5.0
[   10.731628] omap2-onenand omap2-onenand: initializing on CS0, phys base 0x01000000, virtual base d0940000, freq 83 MHz
[   10.753967] Muxed OneNAND 256MB 1.8V 16-bit (0x40)
[   10.763946] OneNAND version = 0x0031
[   10.773559] Scanning device for bad blocks
[   10.911987] 6 ofpart partitions found on MTD device omap2-onenand
[   10.924682] Creating 6 MTD partitions on "omap2-onenand":
[   10.935943] 0x000000000000-0x000000020000 : "bootloader"
[   10.958831] 0x000000020000-0x000000080000 : "config"
[   10.976043] 0x000000080000-0x0000000c0000 : "log"
[   10.993072] 0x0000000c0000-0x0000002c0000 : "kernel"
[   11.010711] 0x0000002c0000-0x0000004c0000 : "initfs"
[   11.028289] 0x0000004c0000-0x000010000000 : "rootfs"
[   11.067901] smc91x: not found (-19).
[   11.103271] twl 0-0048: PIH (irq 23) chaining IRQs 340..348
[   11.115753] twl 0-0048: power (irq 345) chaining IRQs 348..355
[   11.218231] twl4030_gpio twl4030-gpio: gpio (irq 340) chaining IRQs 356..373
[   11.343444] omap_i2c 48070000.i2c: bus 0 rev3.3 at 2200 kHz
[   11.365295] omap_i2c 48072000.i2c: bus 1 rev3.3 at 100 kHz
[   11.381042] omap_i2c 48060000.i2c: bus 2 rev3.3 at 400 kHz
[   11.394317] omap_hsmmc 4809c000.mmc: Got CD GPIO
[   11.512420] drivers/rtc/hctosys.c: unable to open rtc device (rtc0)
[   11.525573] sr_init: No PMIC hook to init smartreflex
[   11.536773] smartreflex smartreflex.0: omap_sr_probe: SmartReflex driver initialized
[   11.554290] smartreflex smartreflex.1: omap_sr_probe: SmartReflex driver initialized
[   11.699615] mmc0: host does not support reading read-only switch, assuming write-enable
[   11.719146] mmc0: new high speed SD card at address fdd9
[   11.734252] mmcblk0: mmc0:fdd9 SD02G 1.87 GiB 
[   11.750793]  mmcblk0: p1 p2
[   11.955444] mmc1: switch to bus width 2 failed
[   11.965423] mmc1: switch to bus width 1 failed
[   11.974731] mmc1: new high speed MMC card at address 0001
[   11.988708] mmcblk1: mmc1:0001 MMC32G 29.8 GiB 
[   11.999206] mmcblk1boot0: mmc1:0001 MMC32G partition 1 512 KiB
[   12.012390] mmcblk1boot1: mmc1:0001 MMC32G partition 2 512 KiB
[   23.800109] VUSB3V1: disabling
[   23.807830] VUSB1V8: disabling
[   23.815399] VUSB1V5: disabling
[   23.822967] VDAC: disabling
[   23.830444] VCSI: disabling
[   23.861572] kjournald starting.  Commit interval 5 seconds
[   23.972564] EXT3-fs (mmcblk0p2): using internal journal
[   23.983520] EXT3-fs (mmcblk0p2): mounted filesystem with ordered data mode
[   23.998077] VFS: Mounted root (ext3 filesystem) on device 179:2.
[   24.016784] devtmpfs: mounted
[   24.024810] Freeing unused kernel memory: 428K (c083b000 - c08a6000)
INIT: version 2.88 booting
Error opening /dev/fb0: No such file or directory
/dev/ttyO2 linked to /dev/tty-bd - using as console
Starting udev
[   25.847869] udevd[101]: starting version 182
[   43.391967] FAT-fs (mmcblk0p1): Volume was not properly unmounted. Some data may be corrupt. Please run fsck.
ERROR: could not open directory /lib/modules/3.19.0-rc7-next-20150203-00002-g037e6a2fa459: No such file or directory
WARNING: -e needs -E or -F
ERROR: could not open directory /lib/modules/3.19.0-rc7-next-20150203-00002-g037e6a2fa459: No such file or directory
FATAL: could not search modules: No such file or directory
Starting Bootlog daemon: bootlogd: cannot allocate pseudo tty: No such file or directory
bootlogd.
[   44.745605] random: dd urandom read with 120 bits of entropy available
ALSA: Restoring mixer settings...
/usr/sbin/alsactl: load_state:1696: No soundcards found...
[   46.628204] random: nonblocking pool is initialized
Configuring network interfaces... ifconfig: SIOCGIFFLAGS: No such device
done.
hwclock: can't open '/dev/misc/rtc': No such file or directory
Tue Jan 13 18:17:00 UTC 2015
hwclock: can't open '/dev/misc/rtc': No such file or directory
INIT: Entering runlevel: 3
/dev/ttyO2 linked to /dev/tty-bd - using as console
Starting system message bus: dbus.
Starting Dropbear SSH server: dropbear.
Starting telnet daemon.
hwclock: can't open '/dev/misc/rtc': No such file or directory
Starting syslogd/klogd: done
Starting thttpd.
Starting Lighttpd Web Server: lighttpd.
2015-01-13 18:17:02: (log.c.166) server started 
***************************************************************
***************************************************************
NOTICE: This file system contains the followin GPLv3 packages:
	binutils-symlinks
	binutils
	gdbserver
	parted
If you do not wish to distribute GPLv3 components please remove
the above packages prior to distribution.  This can be done using
the opkg remove command.  i.e.:
    opkg remove <package>
Where <package> is the name printed in the list above
NOTE: If the package is a dependency of another package you
      will be notified of the dependent packages.  You should
      use the --force-removal-of-dependent-packages option to
      also remove the dependent packages as well
***************************************************************
***************************************************************
Stopping Bootlog daemon: bootlogd.
 _____                    _____           _         _   
|  _  |___ ___ ___ ___   |  _  |___ ___  |_|___ ___| |_ 
|     |  _| .'| . | . |  |   __|  _| . | | | -_|  _|  _|
|__|__|_| |__,|_  |___|  |__|  |_| |___|_| |___|___|_|  
              |___|                    |___|            
Arago Project http://arago-project.org NokiaRX-51board tty-bd
Arago 2013.12 NokiaRX-51board tty-bd
NokiaRX-51board login: 
- 06:03:39 [INFO] Host: root
- 06:03:39 [INFO] Target: 
root
root@NokiaRX-51board:~# 
- 06:03:39 [INFO] Host: uname -a
- 06:03:40 [INFO] Target: 
uname -a
Linux NokiaRX-51board 3.19.0-rc7-next-20150203-00002-g037e6a2fa459 #1 SMP Tue Feb 3 05:45:08 CST 2015 armv7l GNU/Linux
root@NokiaRX-51board:~# 
- 06:03:40 [INFO] Host: cat /proc/cmdline
- 06:03:40 [INFO] Target: 
cat /proc/cmdline
console=ttyO2,57600n8 vram=16M earlyprintk rootwait  ip=dhcp  root=/dev/mmcblk0p2 rw rootfstype=ext3 rootwait 
root@NokiaRX-51board:~# 
- 06:03:40 [INFO] Host: uname -a
- 06:03:41 [INFO] Target: 
uname -a
Linux NokiaRX-51board 3.19.0-rc7-next-20150203-00002-g037e6a2fa459 #1 SMP Tue Feb 3 05:45:08 CST 2015 armv7l GNU/Linux
root@NokiaRX-51board:~# 
- 06:03:41 [INFO] Host: cat /proc/mtd
- 06:03:41 [INFO] Target: 
cat /proc/mtd
dev:    size   erasesize  name
mtd0: 00020000 00020000 "bootloader"
mtd1: 00060000 00020000 "config"
mtd2: 00040000 00020000 "log"
mtd3: 00200000 00020000 "kernel"
mtd4: 00200000 00020000 "initfs"
mtd5: 0fb40000 00020000 "rootfs"
root@NokiaRX-51board:~# 
- 06:03:47 [INFO] Host: export IPERFHOST=192.168.1.254
- 06:03:47 [INFO] Target: 
export IPERFHOST=192.168.1.254
root@NokiaRX-51board:~# 
- 06:03:47 [INFO] Host: export NFS_SERVER=192.168.1.254
- 06:03:48 [INFO] Target: 
export NFS_SERVER=192.168.1.254
root@NokiaRX-51board:~# 
- 06:03:48 [INFO] Host: export NFS_ROOT_PATH=/usr/workdir/filesys/linux/n900
- 06:03:48 [INFO] Target: 
export NFS_ROOT_PATH=/usr/workdir/filesys/linux/n900
root@NokiaRX-51board:~# 
- 06:03:48 [INFO] Host: mkdir -p -m 777 /test
- 06:03:49 [INFO] Target: 
mkdir -p -m 777 /test
root@NokiaRX-51board:~# 
- 06:03:49 [INFO] Host: cd /test
- 06:03:49 [INFO] Target: 
cd /test
root@NokiaRX-51board:/test# 
- 06:03:49 [INFO] Host: cat > test.sh << EOF
- 06:03:50 [INFO] Target: 
cat > test.sh << EOF
- 06:03:50 [INFO] Host: failtest() {
- 06:03:50 [INFO] Target: 
failtest() {
- 06:03:50 [INFO] Host:   echo 1 >&3
- 06:03:51 [INFO] Target: 
  echo 1 >&3
- 06:03:51 [INFO] Host: }
- 06:03:51 [INFO] Target: 
- 06:03:51 [INFO] Host: timeout=600
- 06:03:52 [INFO] Target: 
timeout=600
- 06:03:52 [INFO] Host: 
- 06:03:52 [INFO] Target: 
- 06:03:52 [INFO] Host: # Start of user's script logic
- 06:03:53 [INFO] Target: 
# Start of user's script logic
- 06:03:53 [INFO] Host: 
- 06:03:53 [INFO] Target: 
- 06:03:53 [INFO] Host: 
- 06:03:54 [INFO] Target: 
- 06:03:54 [INFO] Host: mount -t proc proc /proc 2>/dev/null;
- 06:03:54 [INFO] Target: 
mount -t proc proc /proc 2>/dev/null;
- 06:03:54 [INFO] Host: 
- 06:03:55 [INFO] Target: 
- 06:03:55 [INFO] Host: mount -t sysfs sys /sys 2>/dev/null;
- 06:03:55 [INFO] Target: 
mount -t sysfs sys /sys 2>/dev/null;
- 06:03:55 [INFO] Host: 
- 06:03:56 [INFO] Target: 
- 06:03:56 [INFO] Host: mount -t debugfs none /sys/kernel/debug 2>/dev/null;
- 06:03:56 [INFO] Target: 
mount -t debugfs none /sys/kernel/debug 2>/dev/null;
- 06:03:56 [INFO] Host: 
- 06:03:57 [INFO] Target: 
- 06:03:57 [INFO] Host: echo 'cpuinfo:';cat /proc/cpuinfo; echo '=======';
- 06:03:57 [INFO] Target: 
echo 'cpuinfo:';cat /proc/cpuinfo; echo '=======';
- 06:03:57 [INFO] Host: 
- 06:03:58 [INFO] Target: 
- 06:03:58 [INFO] Host: echo 'soc info:';head /sys/devices/soc0/* 2>/dev/null; echo '=======';
- 06:03:58 [INFO] Target: 
echo 'soc info:';head /sys/devices/soc0/* 2>/dev/null; echo '=======';
- 06:03:58 [INFO] Host: 
- 06:03:59 [INFO] Target: 
- 06:03:59 [INFO] Host: echo 'DT Model info'; head /proc/device-tree/name /proc/device-tree/model /proc/device-tree/compatible 2>/dev/null;echo; echo '=======';
- 06:03:59 [INFO] Target: 
echo 'DT Model info'; head /proc/device-tree/name /proc/device-tree/model /pro 
c/device-tree/compatible 2>/dev/null;echo; echo '=======';
- 06:03:59 [INFO] Host: 
- 06:04:00 [INFO] Target: 
- 06:04:00 [INFO] Host: echo 'interrupts:';cat /proc/interrupts; echo '=======';
- 06:04:00 [INFO] Target: 
echo 'interrupts:';cat /proc/interrupts; echo '=======';
- 06:04:00 [INFO] Host: 
- 06:04:01 [INFO] Target: 
- 06:04:01 [INFO] Host: echo 'Clk_summary:';cat /sys/kernel/debug/clk/clk_summary; echo '=======';
- 06:04:01 [INFO] Target: 
echo 'Clk_summary:';cat /sys/kernel/debug/clk/clk_summary; echo '=======';
- 06:04:01 [INFO] Host: 
- 06:04:02 [INFO] Target: 
- 06:04:02 [INFO] Host: echo 'Orphan Clks:';ls /sys/kernel/debug/clk/orphans/; echo '=======';
- 06:04:02 [INFO] Target: 
echo 'Orphan Clks:';ls /sys/kernel/debug/clk/orphans/; echo '=======';
- 06:04:02 [INFO] Host: 
- 06:04:03 [INFO] Target: 
- 06:04:03 [INFO] Host: echo "Available frequencies"; cat /sys/devices/system/cpu/cpu0/cpufreq/scaling_available_frequencies 2>/dev/null;echo '=======';
- 06:04:03 [INFO] Target: 
echo "Available frequencies"; cat /sys/devices/system/cpu/cpu0/cpufreq/scaling 
_available_frequencies 2>/dev/null;echo '=======';
- 06:04:03 [INFO] Host: 
- 06:04:04 [INFO] Target: 
- 06:04:04 [INFO] Host: echo 'H''ello World' 'B''oard Booted';
- 06:04:04 [INFO] Target: 
echo 'H''ello World' 'B''oard Booted';
- 06:04:04 [INFO] Host: 
- 06:04:05 [INFO] Target: 
- 06:04:05 [INFO] Host: EOF
- 06:04:05 [INFO] Target: 
root@NokiaRX-51board:/test# 
- 06:04:05 [INFO] Host: cd /test
- 06:04:06 [INFO] Target: 
cd /test
root@NokiaRX-51board:/test# 
- 06:04:06 [INFO] Host: chmod +x test.sh
- 06:04:06 [INFO] Target: 
chmod +x test.sh
root@NokiaRX-51board:/test# 
- 06:04:06 [INFO] Host: ./test.sh 2> stderr.log > stdout.log 3> result.log
- 06:04:07 [INFO] Target: 
./test.sh 2> stderr.log > stdout.log 3> result.log
root@NokiaRX-51board:/test# 
- 06:04:07 [INFO] Host: echo $?
- 06:04:07 [INFO] Target: 
echo $?
root@NokiaRX-51board:/test# 
- 06:04:07 [INFO] Host: cd /test
- 06:04:08 [INFO] Target: 
cd /test
root@NokiaRX-51board:/test# 
- 06:04:08 [INFO] Host: cat stdout.log
- 06:04:12 [INFO] Target: 
cat stdout.log
cpuinfo:
processor	: 0
model name	: ARMv7 Processor rev 3 (v7l)
BogoMIPS	: 496.43
Features	: half thumb fastmult vfp edsp thumbee neon vfpv3 tls vfpd32 
CPU implementer	: 0x41
CPU architecture: 7
CPU variant	: 0x1
CPU part	: 0xc08
CPU revision	: 3
Hardware	: Nokia RX-51 board
Revision	: 0000
Serial		: 0000000000000000
=======
soc info:
==> /sys/devices/soc0/family <==
OMAP3
==> /sys/devices/soc0/machine <==
OMAP3430/3530
==> /sys/devices/soc0/power <==
==> /sys/devices/soc0/revision <==
ES3.1
==> /sys/devices/soc0/subsystem <==
==> /sys/devices/soc0/type <==
==> /sys/devices/soc0/uevent <==
=======
DT Model info
==> /proc/device-tree/name <==
==> /proc/device-tree/model <==
Nokia N900
==> /proc/device-tree/compatible <==
nokia,omap3-n900ti,omap3430ti,omap3
=======
interrupts:
           CPU0       
 23:          0      INTC   7  TWL4030-PIH
 25:          0      INTC   9  l3-debug-irq
 26:          0      INTC  10  l3-app-irq
 28:          0      INTC  12  DMA
 29:       2350      INTC  13  omap-dma-engine
 36:          0      INTC  20  gpmc
 53:       4122      INTC  37  gp_timer
 72:       1011      INTC  56  48070000.i2c
 73:          0      INTC  57  48072000.i2c
 77:          0      INTC  61  48060000.i2c
 90:       4123      INTC  74  OMAP UART2
 99:       4704      INTC  83  mmc0
102:        359      INTC  86  mmc1
272:          0  49058000.gpio   0  4809c000.mmc cd
304:        472      PRCM  pm_wkup
313:          2      PRCM  pinctrl, pinctrl, pm_io
337:          1   pinctrl 366  OMAP UART2
340:          0   twl4030   0  twl4030_gpio
345:          0   twl4030   5  twl4030_power
IPI0:          0  CPU wakeup interrupts
IPI1:          0  Timer broadcast interrupts
IPI2:          0  Rescheduling interrupts
IPI3:          0  Function call interrupts
IPI4:          0  Single function call interrupts
IPI5:          0  CPU stop interrupts
IPI6:          0  IRQ work interrupts
IPI7:          0  completion interrupts
Err:          0
=======
Clk_summary:
   clock                         enable_cnt  prepare_cnt        rate   accuracy   phase
----------------------------------------------------------------------------------------
 secure_32k_fck                           0            0       32768          0 0  
    wdt1_fck                              0            0       32768          0 0  
    gpt12_fck                             0            0       32768          0 0  
 dummy_ck                                 0            0           0          0 0  
 mcbsp_clks                               0            5           0          0 0  
 sys_altclk                               0            0           0          0 0  
 virt_38_4m_ck                            0            0    38400000          0 0  
 virt_26000000_ck                         0            0    26000000          0 0  
 virt_19200000_ck                         1            1    19200000          0 0  
    osc_sys_ck                            1            1    19200000          0 0  
       sys_clkout1                        0            0    19200000          0 0  
       sys_ck                             3           18    19200000          0 0  
          gpt9_fck                        0            1    19200000          0 0  
          gpt8_fck                        0            1    19200000          0 0  
          gpt7_fck                        0            1    19200000          0 0  
          gpt6_fck                        0            1    19200000          0 0  
          gpt5_fck                        0            1    19200000          0 0  
          gpt4_fck                        0            1    19200000          0 0  
          gpt3_fck                        0            1    19200000          0 0  
          gpt2_fck                        0            1    19200000          0 0  
          cpefuse_fck                     0            0    19200000          0 0  
          dpll5_ck                        0            1   120000000          0 0  
             dpll5_m2_ck                  0            1   120000000          0 0  
                dpll5_m2_d20_ck           0            0     6000000          0 0  
                dpll5_m2_d16_ck           0            0     7500000          0 0  
                dpll5_m2_d8_ck            0            0    15000000          0 0  
                dpll5_m2_d4_ck            0            0    30000000          0 0  
                usbhost_120m_fck           0            0   120000000          0 0  
                usbtll_fck                0            1   120000000          0 0  
          sys_d2_ck                       0            0     9600000          0 0  
             usim_fck                     0            0     9600000          0 0  
          modem_fck                       0            0    19200000          0 0  
          dpll2_ck                        0            1   249600000          0 0  
             dpll2_m2_ck                  0            1   249600000          0 0  
                iva2_ck                   0            2   249600000          0 0  
          sr2_fck                         0            1    19200000          0 0  
          sr1_fck                         0            1    19200000          0 0  
          traceclk_src_fck                0            0    19200000          0 0  
             traceclk_fck                 0            0    19200000          0 0  
          emu_src_mux_ck                  0            1    19200000          0 0  
             emu_src_ck                   0            1    19200000          0 0  
                atclk_fck                 0            0    19200000          0 0  
                pclkx2_fck                0            0    19200000          0 0  
                pclk_fck                  0            0     9600000          0 0  
          dss2_alwon_fck                  0            2    19200000          0 0  
          dpll1_ck                        0            1   500000000          0 0  
             dpll1_x2_ck                  0            1  1000000000          0 0  
                dpll1_x2m2_ck             0            1  1000000000          0 0  
                   mpu_ck                 0            1  1000000000          0 0  
                      emu_mpu_alwon_ck           0            0  1000000000          0 0  
                      arm_fck             0            1   500000000          0 0  
          dpll3_ck                        1            1   664000000          0 0  
             dpll3_x2_ck                  0            0  1328000000          0 0  
             dpll3_m2_ck                  1            2   332000000          0 0  
                dpll3_m2x2_ck             0            1   664000000          0 0  
                   corex2_fck             0            1   664000000          0 0  
                      ssi_ssr_fck_3430es2           0            1   221333334          0 0  
                         ssi_sst_fck_3430es2           0            0   110666667          0 0  
                      corex2_d5_fck           0            0   132800000          0 0  
                      corex2_d3_fck           0            0   221333333          0 0  
                core_ck                   1            1   332000000          0 0  
                   core_d2_ck             0            0   166000000          0 0  
                   core_d6_ck             0            0    55333333          0 0  
                   core_d4_ck             0            0    83000000          0 0  
                   core_d3_ck             0            0   110666666          0 0  
                      sgx_fck             0            0   110666666          0 0  
                   dpll2_fck              0            0   332000000          0 0  
                   l3_ick                 2            3   166000000          0 0  
                      sgx_ick             0            0   166000000          0 0  
                      mad2d_ick           0            0   166000000          0 0  
                      sad2d_ick           0            1   166000000          0 0  
                      security_l3_ick           0            0   166000000          0 0  
                         pka_ick           0            0   166000000          0 0  
                      core_l3_ick           8           10   166000000          0 0  
                         hsotgusb_ick_3430es2           0            1   166000000          0 0  
                         gpmc_fck           2            2   166000000          0 0  
                         sdrc_ick           1            1   166000000          0 0  
                      l4_ick              7            8    83000000          0 0  
                         usbhost_ick           1            1    83000000          0 0  
                         dss_ick_3430es2           4            6    83000000          0 0  
                         sr_l4_ick           2            2    83000000          0 0  
                         ssi_l4_ick           1            1    83000000          0 0  
                            ssi_ick_3430es2           1            1    83000000          0 0  
                         cam_ick           0            1    83000000          0 0  
                         security_l4_ick2           0            0    83000000          0 0  
                            des1_ick           0            0    83000000          0 0  
                            sha11_ick           0            0    83000000          0 0  
                            rng_ick           0            0    83000000          0 0  
                            aes1_ick           0            0    83000000          0 0  
                         per_l4_ick          15           17    83000000          0 0  
                            mcbsp4_ick           2            2    83000000          0 0  
                            mcbsp3_ick           2            2    83000000          0 0  
                            mcbsp2_ick           1            1    83000000          0 0  
                            gpt2_ick           1            1    83000000          0 0  
                            gpt3_ick           1            1    83000000          0 0  
                            gpt4_ick           1            1    83000000          0 0  
                            gpt5_ick           1            1    83000000          0 0  
                            gpt6_ick           1            1    83000000          0 0  
                            gpt7_ick           1            1    83000000          0 0  
                            gpt8_ick           1            1    83000000          0 0  
                            gpt9_ick           1            1    83000000          0 0  
                            uart4_ick           0            0    83000000          0 0  
                            uart3_ick           1            1    83000000          0 0  
                            wdt3_ick           0            0    83000000          0 0  
                            gpio2_ick           1            1    83000000          0 0  
                            gpio3_ick           0            1    83000000          0 0  
                            gpio4_ick           1            1    83000000          0 0  
                            gpio5_ick           0            1    83000000          0 0  
                            gpio6_ick           1            1    83000000          0 0  
                         core_l4_ick          19           21    83000000          0 0  
                            mmchs3_ick           1            1    83000000          0 0  
                            usbtll_ick           1            1    83000000          0 0  
                            mailboxes_ick           0            1    83000000          0 0  
                            mspro_ick           0            0    83000000          0 0  
                            des2_ick           0            0    83000000          0 0  
                            icr_ick           0            0    83000000          0 0  
                            sha12_ick           0            0    83000000          0 0  
                            aes2_ick           0            0    83000000          0 0  
                            omapctrl_ick           1            1    83000000          0 0  
                            mcbsp1_ick           1            1    83000000          0 0  
                            mcbsp5_ick           1            1    83000000          0 0  
                            gpt10_ick           1            1    83000000          0 0  
                            gpt11_ick           1            1    83000000          0 0  
                            uart1_ick           1            1    83000000          0 0  
                            uart2_ick           1            1    83000000          0 0  
                            i2c1_ick           1            1    83000000          0 0  
                            i2c2_ick           1            1    83000000          0 0  
                            i2c3_ick           1            1    83000000          0 0  
                            mcspi1_ick           1            1    83000000          0 0  
                            mcspi2_ick           1            1    83000000          0 0  
                            mcspi3_ick           1            1    83000000          0 0  
                            mcspi4_ick           1            1    83000000          0 0  
                            hdq_ick           0            1    83000000          0 0  
                            mmchs1_ick           1            1    83000000          0 0  
                            mmchs2_ick           1            1    83000000          0 0  
                         rm_ick           0            0    41500000          0 0  
                   dpll1_fck              0            0   166000000          0 0  
             dpll3_m3_ck                  0            0   221333334          0 0  
                dpll3_m3x2_mul_ck           0            0   442666668          0 0  
                   dpll3_m3x2_ck           0            0   442666668          0 0  
                      emu_core_alwon_ck           0            0   442666668          0 0  
          dpll4_ck                        1            3   432000000          0 0  
             dpll4_x2_ck                  0            0   864000000          0 0  
             dpll4_m6_ck                  0            0   144000000          0 0  
                dpll4_m6x2_mul_ck           0            0   288000000          0 0  
                   dpll4_m6x2_ck           0            0   288000000          0 0  
                      emu_per_alwon_ck           0            0   288000000          0 0  
             dpll4_m5_ck                  0            0   108000000          0 0  
                dpll4_m5x2_mul_ck           0            0   216000000          0 0  
                   dpll4_m5x2_ck           0            0   216000000          0 0  
                      cam_mclk            0            0   216000000          0 0  
             dpll4_m4_ck                  0            1    48000000          0 0  
                dpll4_m4x2_mul_ck           0            1    96000000          0 0  
                   dpll4_m4x2_ck           0            1    96000000          0 0  
                      dss1_alwon_fck_3430es2           0            4    96000000          0 0  
             dpll4_m3_ck                  0            1    27000000          0 0  
                dpll4_m3x2_mul_ck           0            1    54000000          0 0  
                   dpll4_m3x2_ck           0            1    54000000          0 0  
                      omap_54m_fck           0            1    54000000          0 0  
                         clkout2_src_ck           0            0    54000000          0 0  
