- 06:37:16 [INFO] Starting target session
- 06:37:16 [INFO] Connected to omap5-evm via serial 
- 06:37:16 [INFO] Host: #check prompt
- 06:37:19 [ERROR] On command: #check prompt waiting for #check prompt.+?(?-mix:((?-mix:login:)|[Pp]assword)) >>> error: execution expired
- 06:37:19 [INFO] Target: 
#check prompt
root@omap5-evm:/test# 
- 06:37:19 [INFO] Host: #check prompt
- 06:37:19 [INFO] Target: 
#check prompt
root@omap5-evm:/test# 
- 06:37:19 [INFO] Host: sync;poweroff
- 06:37:34 [INFO] Target: 
sync;poweroff
Broadcast message from root@omap5-evm (ttyO2) (Tue Oct  7 21:46:52 2014):
The system is going down for system halt NOW!
INIT: Sending processes the TERM signal
root@omap5-evm:/test# 
INITStopping Dropbear SSH server: stopped /usr/sbin/dropbear (pid 605)
dropbear.
Stopping telnet daemon.
Stopping system message bus: hwclock: can't open '/dev/misc/rtc': No such file or directory
Error opening /dev/fb0: No such file or directory
Stopping syslogd/klogd: stopped syslogd (pid 616)
stopped klogd (pid 620)
done
Stopping thttpd.
ALSA: Storing mixer settings...
/usr/sbin/alsactl: save_state:1580: No soundcards found...
Deconfiguring network interfaces... done.
Stopping Lighttpd Web Server: stopped /usr/sbin/lighttpd (pid 630)
lighttpd.
Stopping Matrix GUI applicationstart-stop-daemon: warning: killing process 637: No such process
***************************************************************
***************************************************************
NOTICE: This file system contains the followin GPLv3 packages:
	binutils-symlinks
	binutils
	gdbserver
	parted
If you do not wish to distribute GPLv3 components please remove
the above packages prior to distribution.  This can be done using
the opkg remove command.  i.e.:
    opkg remove <package>
Where <package> is the name printed in the list above
NOTE: If the package is a dependency of another package you
      will be notified of the dependent packages.  You should
      use the --force-removal-of-dependent-packages option to
      also remove the dependent packages as well
***************************************************************
***************************************************************
Sending all processes the TERM signal...
Sending all processes the KILL signal...
Unmounting remote filesystems...
Deactivating swap...
Unmounting local filesystems...
[80772.310828] EXT4-fs (mmcblk1p2): re-mounted. Opts: data=ordered
[80774.564122] reboot: Power down
- 06:37:34 [INFO] Disconnected serial from omap5-evm
- 06:37:39 [INFO] Connected to omap5-evm via serial 
- 06:37:39 [INFO] Host: 
- 06:37:39 [INFO] Target: 
SATA link 0 timeout.
AHCI 0001.0300 32 slots 1 ports 3 Gbps 0x1 impl SATA mode
flags: 64bit ncq stag pm led clo only pmp pio slum part ccc apst 
scanning bus for devices...
Found 0 device(s).
SCSI:  Net:   No ethernet found.
Hit any key to stop autoboot:  1  0 
U-Boot# 
- 06:37:39 [INFO] Host: 
- 06:37:40 [INFO] Target: 
U-Boot# 
- 06:37:40 [INFO] Host: version
- 06:37:40 [INFO] Target: 
version
U-Boot 2014.07-00071-gaca0808 (Oct 02 2014 - 11:23:17)
arm-linux-gnueabihf-gcc (crosstool-NG linaro-1.13.1-4.7-2013.03-20130313 - Linaro GCC 2013.03) 4.7.3 20130226 (prerelease)
GNU ld (crosstool-NG linaro-1.13.1-4.7-2013.03-20130313 - Linaro GCC 2013.03) 2.23.1
U-Boot# 
- 06:37:40 [INFO] Host: setenv bootargs 'console=ttyO2,115200n8 earlyprintk rootwait '
- 06:37:41 [INFO] Target: 
setenv bootargs 'console=ttyO2,115200n8 earlyprintk rootwait '
U-Boot# 
- 06:37:41 [INFO] Host: setenv bootcmd  ''
- 06:37:41 [INFO] Target: 
setenv bootcmd  ''
U-Boot# 
- 06:37:41 [INFO] Host: setenv autoload 'no'
- 06:37:42 [INFO] Target: 
setenv autoload 'no'
U-Boot# 
- 06:37:42 [INFO] Host: setenv serverip '192.168.0.1'
- 06:37:42 [INFO] Target: 
setenv serverip '192.168.0.1'
U-Boot# 
- 06:37:42 [INFO] Host: printenv
- 06:37:43 [INFO] Target: 
printenv
arch=arm
autoload=no
baudrate=115200
board=omap5_uevm
board_name=omap5_uevm
bootargs=console=ttyO2,115200n8 earlyprintk rootwait 
bootcmd=
bootdelay=1
bootdir=/boot
bootfile=zImage
bootm_size=0x10000000
bootpart=0:2
bootscript=echo Running bootscript from mmc${mmcdev} ...; source ${loadaddr}
console=ttyO2,115200n8
cpu=armv7
fdt_addr_r=0x88000000
fdtaddr=0x88000000
fdtfile=undefined
findfdt=if test $board_name = omap5_uevm; then setenv fdtfile omap5-uevm.dtb; fi; if test $board_name = dra7xx; then setenv fdtfile dra7-evm.dtb; fi;if test $board_name = dra72x; then setenv fdtfile dra72-evm.dtb; fi;if test $fdtfile = undefined; then echo WARNING: Could not determine device tree to use; fi; 
importbootenv=echo Importing environment from mmc${mmcdev} ...; env import -t ${loadaddr} ${filesize}
kernel_addr_r=0x82000000
loadaddr=0x82000000
loadbootenv=fatload mmc ${mmcdev} ${loadaddr} uEnv.txt
loadbootscript=fatload mmc ${mmcdev} ${loadaddr} boot.scr
loadfdt=load mmc ${bootpart} ${fdtaddr} ${bootdir}/${fdtfile};
loadimage=load mmc ${bootpart} ${loadaddr} ${bootdir}/${bootfile}
mmcargs=setenv bootargs console=${console} ${optargs} vram=${vram} root=${mmcroot} rootfstype=${mmcrootfstype}
mmcboot=mmc dev ${mmcdev}; if mmc rescan; then echo SD/MMC found on device ${mmcdev};if run loadbootenv; then echo Loaded environment from ${bootenv};run importbootenv;fi;if test -n $uenvcmd; then echo Running uenvcmd ...;run uenvcmd;fi;if run loadimage; then run loadfdt; echo Booting from mmc${mmcdev} ...; run mmcargs; bootz ${loadaddr} - ${fdtaddr}; fi;fi;
mmcdev=0
mmcroot=/dev/mmcblk1p2 rw
mmcrootfstype=ext4 rootwait
partitions=uuid_disk=${uuid_gpt_disk};name=rootfs,start=2MiB,size=-,uuid=${uuid_gpt_rootfs}
ramdisk_addr_r=0x88080000
rdaddr=0x88080000
scsidevs=0
serverip=192.168.0.1
soc=omap5
stderr=serial
stdin=serial
stdout=serial
usbethaddr=02:21:03:ff:09:60
usbtty=cdc_acm
vendor=ti
ver=U-Boot 2014.07-00071-gaca0808 (Oct 02 2014 - 11:23:17)
vram=16M
Environment size: 2052/131067 bytes
U-Boot# 
- 06:37:43 [INFO] Host: usb start
- 06:37:47 [INFO] Target: 
usb start
(Re)start USB...
USB0:   USB EHCI 1.00
scanning bus 0 for devices... 3 USB Device(s) found
       scanning usb for storage devices... 0 Storage Device(s) found
       scanning usb for ethernet devices... 1 Ethernet Device(s) found
U-Boot# 
- 06:37:47 [INFO] Host: printenv
- 06:37:47 [INFO] Target: 
printenv
arch=arm
autoload=no
baudrate=115200
board=omap5_uevm
board_name=omap5_uevm
bootargs=console=ttyO2,115200n8 earlyprintk rootwait 
bootcmd=
bootdelay=1
bootdir=/boot
bootfile=zImage
bootm_size=0x10000000
bootpart=0:2
bootscript=echo Running bootscript from mmc${mmcdev} ...; source ${loadaddr}
console=ttyO2,115200n8
cpu=armv7
ethact=sms0
fdt_addr_r=0x88000000
fdtaddr=0x88000000
fdtfile=undefined
findfdt=if test $board_name = omap5_uevm; then setenv fdtfile omap5-uevm.dtb; fi; if test $board_name = dra7xx; then setenv fdtfile dra7-evm.dtb; fi;if test $board_name = dra72x; then setenv fdtfile dra72-evm.dtb; fi;if test $fdtfile = undefined; then echo WARNING: Could not determine device tree to use; fi; 
importbootenv=echo Importing environment from mmc${mmcdev} ...; env import -t ${loadaddr} ${filesize}
kernel_addr_r=0x82000000
loadaddr=0x82000000
loadbootenv=fatload mmc ${mmcdev} ${loadaddr} uEnv.txt
loadbootscript=fatload mmc ${mmcdev} ${loadaddr} boot.scr
loadfdt=load mmc ${bootpart} ${fdtaddr} ${bootdir}/${fdtfile};
loadimage=load mmc ${bootpart} ${loadaddr} ${bootdir}/${bootfile}
mmcargs=setenv bootargs console=${console} ${optargs} vram=${vram} root=${mmcroot} rootfstype=${mmcrootfstype}
mmcboot=mmc dev ${mmcdev}; if mmc rescan; then echo SD/MMC found on device ${mmcdev};if run loadbootenv; then echo Loaded environment from ${bootenv};run importbootenv;fi;if test -n $uenvcmd; then echo Running uenvcmd ...;run uenvcmd;fi;if run loadimage; then run loadfdt; echo Booting from mmc${mmcdev} ...; run mmcargs; bootz ${loadaddr} - ${fdtaddr}; fi;fi;
mmcdev=0
mmcroot=/dev/mmcblk1p2 rw
mmcrootfstype=ext4 rootwait
partitions=uuid_disk=${uuid_gpt_disk};name=rootfs,start=2MiB,size=-,uuid=${uuid_gpt_rootfs}
ramdisk_addr_r=0x88080000
rdaddr=0x88080000
scsidevs=0
serverip=192.168.0.1
soc=omap5
stderr=serial
stdin=serial
stdout=serial
usbethaddr=02:21:03:ff:09:60
usbtty=cdc_acm
vendor=ti
ver=U-Boot 2014.07-00071-gaca0808 (Oct 02 2014 - 11:23:17)
vram=16M
Environment size: 2066/131067 bytes
U-Boot# 
- 06:37:47 [INFO] Host: setenv bootargs ''${bootargs}' ip=dhcp '
- 06:37:48 [INFO] Target: 
setenv bootargs ''${bootargs}' ip=dhcp '
U-Boot# 
- 06:37:48 [INFO] Host: setenv serverip '192.168.0.1'
- 06:37:48 [INFO] Target: 
setenv serverip '192.168.0.1'
U-Boot# 
- 06:37:48 [INFO] Host: setenv ipaddr dhcp
- 06:37:49 [INFO] Target: 
setenv ipaddr dhcp
U-Boot# 
- 06:37:49 [INFO] Host: setenv autoload 'no'
- 06:37:49 [INFO] Target: 
setenv autoload 'no'
U-Boot# 
- 06:37:49 [INFO] Host: dhcp
- 06:37:52 [INFO] Target: 
dhcp
Waiting for Ethernet connection... done.
BOOTP broadcast 1
DHCP client bound to address 192.168.0.94
U-Boot# 
- 06:37:52 [INFO] Host: setenv serverip '192.168.0.1'
- 06:37:53 [INFO] Target: 
setenv serverip '192.168.0.1'
U-Boot# 
- 06:37:53 [INFO] Host: tftp ${loadaddr} 192.168.0.1:vatf_omap5-evm/e13ca9fb2b73d8be82360dcc88d85fb4
- 06:37:56 [INFO] Target: 
tftp ${loadaddr} 192.168.0.1:vatf_omap5-evm/e13ca9fb2b73d8be82360dcc88d85fb4
Waiting for Ethernet connection... done.
Using sms0 device
TFTP from server 192.168.0.1; our IP address is 192.168.0.94
Filename 'vatf_omap5-evm/e13ca9fb2b73d8be82360dcc88d85fb4'.
Load address: 0x82000000
Loading: *#################################################################
	 #################################################################
	 #################################################################
	 #################################################################
	 ##############################################################
	 2.8 MiB/s
done
Bytes transferred = 4712664 (47e8d8 hex)
U-Boot# 
- 06:37:56 [INFO] Host: tftp ${fdt_addr_r} 192.168.0.1:vatf_omap5-evm/a83fd5a44c0bed1960d2bb13a8f4c5bf
- 06:37:58 [INFO] Target: 
tftp ${fdt_addr_r} 192.168.0.1:vatf_omap5-evm/a83fd5a44c0bed1960d2bb13a8f4c5bf
Waiting for Ethernet connection... done.
Using sms0 device
TFTP from server 192.168.0.1; our IP address is 192.168.0.94
Filename 'vatf_omap5-evm/a83fd5a44c0bed1960d2bb13a8f4c5bf'.
Load address: 0x88000000
Loading: *####
	 2.7 MiB/s
done
Bytes transferred = 50298 (c47a hex)
U-Boot# 
- 06:37:58 [INFO] Host: ls mmc 0:1
- 06:37:59 [INFO] Target: 
ls mmc 0:1
    62048   mlo 
   304288   u-boot.img 
  1867895   u-boot 
            old_uboot/
   304240   u-boot.bin 
   704856   u-boot-spl 
    61536   u-boot-spl.bin 
      259   uboot_build.txt 
        4   ws-calibrate.rules 
8 file(s), 1 dir(s)
U-Boot# 
- 06:37:59 [INFO] Host: ls mmc 0:2
- 06:37:59 [INFO] Target: 
ls mmc 0:2
<DIR>       4096 .
<DIR>       4096 ..
<DIR>       4096 bin
<DIR>       4096 boot
<DIR>       4096 dev
<DIR>       4096 etc
<DIR>       4096 home
<DIR>       4096 lib
<DIR>       4096 media
<DIR>       4096 mnt
<DIR>       4096 opt
<DIR>       4096 proc
<SYM>          8 run
<DIR>       4096 sbin
<DIR>       4096 srv
<DIR>       4096 sys
<SYM>          8 tmp
<DIR>       4096 usr
<DIR>       4096 var
<DIR>       4096 www
<DIR>       4096 Settings
<DIR>       4096 test
U-Boot# 
- 06:37:59 [INFO] Host: part uuid mmc 0:2
- 06:38:00 [INFO] Target: 
part uuid mmc 0:2
00000000-02
U-Boot# 
- 06:38:00 [INFO] Host: printenv
- 06:38:00 [INFO] Target: 
printenv
arch=arm
autoload=no
baudrate=115200
board=omap5_uevm
board_name=omap5_uevm
bootargs=console=ttyO2,115200n8 earlyprintk rootwait  ip=dhcp 
bootcmd=
bootdelay=1
bootdir=/boot
bootfile=zImage
bootm_size=0x10000000
bootpart=0:2
bootscript=echo Running bootscript from mmc${mmcdev} ...; source ${loadaddr}
console=ttyO2,115200n8
cpu=armv7
dnsip=192.0.2.2
ethact=sms0
fdt_addr_r=0x88000000
fdtaddr=0x88000000
fdtfile=undefined
fileaddr=88000000
filesize=c47a
findfdt=if test $board_name = omap5_uevm; then setenv fdtfile omap5-uevm.dtb; fi; if test $board_name = dra7xx; then setenv fdtfile dra7-evm.dtb; fi;if test $board_name = dra72x; then setenv fdtfile dra72-evm.dtb; fi;if test $fdtfile = undefined; then echo WARNING: Could not determine device tree to use; fi; 
gatewayip=192.168.0.1
importbootenv=echo Importing environment from mmc${mmcdev} ...; env import -t ${loadaddr} ${filesize}
ipaddr=192.168.0.94
kernel_addr_r=0x82000000
loadaddr=0x82000000
loadbootenv=fatload mmc ${mmcdev} ${loadaddr} uEnv.txt
loadbootscript=fatload mmc ${mmcdev} ${loadaddr} boot.scr
loadfdt=load mmc ${bootpart} ${fdtaddr} ${bootdir}/${fdtfile};
loadimage=load mmc ${bootpart} ${loadaddr} ${bootdir}/${bootfile}
mmcargs=setenv bootargs console=${console} ${optargs} vram=${vram} root=${mmcroot} rootfstype=${mmcrootfstype}
mmcboot=mmc dev ${mmcdev}; if mmc rescan; then echo SD/MMC found on device ${mmcdev};if run loadbootenv; then echo Loaded environment from ${bootenv};run importbootenv;fi;if test -n $uenvcmd; then echo Running uenvcmd ...;run uenvcmd;fi;if run loadimage; then run loadfdt; echo Booting from mmc${mmcdev} ...; run mmcargs; bootz ${loadaddr} - ${fdtaddr}; fi;fi;
mmcdev=0
mmcroot=/dev/mmcblk1p2 rw
mmcrootfstype=ext4 rootwait
netmask=255.255.255.0
partitions=uuid_disk=${uuid_gpt_disk};name=rootfs,start=2MiB,size=-,uuid=${uuid_gpt_rootfs}
ramdisk_addr_r=0x88080000
rdaddr=0x88080000
scsidevs=0
serverip=192.168.0.1
soc=omap5
stderr=serial
stdin=serial
stdout=serial
usbethaddr=02:21:03:ff:09:60
usbtty=cdc_acm
vendor=ti
ver=U-Boot 2014.07-00071-gaca0808 (Oct 02 2014 - 11:23:17)
vram=16M
Environment size: 2199/131067 bytes
U-Boot# 
- 06:38:00 [INFO] Host: setenv bootargs ''${bootargs}' root=PARTUUID=00000000-02 rw rootfstype=ext4 rootwait '
- 06:38:01 [INFO] Target: 
setenv bootargs ''${bootargs}' root=PARTUUID=00000000-02 rw rootfstype=ext4 rootwait '
U-Boot# 
- 06:38:01 [INFO] Host: printenv
- 06:38:01 [INFO] Target: 
printenv
arch=arm
autoload=no
baudrate=115200
board=omap5_uevm
board_name=omap5_uevm
bootargs=console=ttyO2,115200n8 earlyprintk rootwait  ip=dhcp  root=PARTUUID=00000000-02 rw rootfstype=ext4 rootwait 
bootcmd=
bootdelay=1
bootdir=/boot
bootfile=zImage
bootm_size=0x10000000
bootpart=0:2
bootscript=echo Running bootscript from mmc${mmcdev} ...; source ${loadaddr}
console=ttyO2,115200n8
cpu=armv7
dnsip=192.0.2.2
ethact=sms0
fdt_addr_r=0x88000000
fdtaddr=0x88000000
fdtfile=undefined
fileaddr=88000000
filesize=c47a
findfdt=if test $board_name = omap5_uevm; then setenv fdtfile omap5-uevm.dtb; fi; if test $board_name = dra7xx; then setenv fdtfile dra7-evm.dtb; fi;if test $board_name = dra72x; then setenv fdtfile dra72-evm.dtb; fi;if test $fdtfile = undefined; then echo WARNING: Could not determine device tree to use; fi; 
gatewayip=192.168.0.1
importbootenv=echo Importing environment from mmc${mmcdev} ...; env import -t ${loadaddr} ${filesize}
ipaddr=192.168.0.94
kernel_addr_r=0x82000000
loadaddr=0x82000000
loadbootenv=fatload mmc ${mmcdev} ${loadaddr} uEnv.txt
loadbootscript=fatload mmc ${mmcdev} ${loadaddr} boot.scr
loadfdt=load mmc ${bootpart} ${fdtaddr} ${bootdir}/${fdtfile};
loadimage=load mmc ${bootpart} ${loadaddr} ${bootdir}/${bootfile}
mmcargs=setenv bootargs console=${console} ${optargs} vram=${vram} root=${mmcroot} rootfstype=${mmcrootfstype}
mmcboot=mmc dev ${mmcdev}; if mmc rescan; then echo SD/MMC found on device ${mmcdev};if run loadbootenv; then echo Loaded environment from ${bootenv};run importbootenv;fi;if test -n $uenvcmd; then echo Running uenvcmd ...;run uenvcmd;fi;if run loadimage; then run loadfdt; echo Booting from mmc${mmcdev} ...; run mmcargs; bootz ${loadaddr} - ${fdtaddr}; fi;fi;
mmcdev=0
mmcroot=/dev/mmcblk1p2 rw
mmcrootfstype=ext4 rootwait
netmask=255.255.255.0
partitions=uuid_disk=${uuid_gpt_disk};name=rootfs,start=2MiB,size=-,uuid=${uuid_gpt_rootfs}
ramdisk_addr_r=0x88080000
rdaddr=0x88080000
scsidevs=0
serverip=192.168.0.1
soc=omap5
stderr=serial
stdin=serial
stdout=serial
usbethaddr=02:21:03:ff:09:60
usbtty=cdc_acm
vendor=ti
ver=U-Boot 2014.07-00071-gaca0808 (Oct 02 2014 - 11:23:17)
vram=16M
Environment size: 2254/131067 bytes
U-Boot# 
- 06:38:01 [INFO] Host: setenv bootcmd ''${bootcmd}' if iminfo ${loadaddr}; then bootm ${loadaddr} - ${fdt_addr_r}; else bootz ${loadaddr} - ${fdt_addr_r}; bootm ${loadaddr} - ${fdt_addr_r}; fi'
- 06:38:02 [INFO] Target: 
setenv bootcmd ''${bootcmd}' if iminfo ${loadaddr}; then bootm ${loadaddr} - ${fdt_addr_r}; else bootz ${loadaddr} - ${fdt_addr_r}; bootm ${loadaddr} - ${fdt_addr_r}; fi'
U-Boot# 
- 06:38:02 [INFO] Host: bdinfo
- 06:38:02 [INFO] Target: 
bdinfo
arch_number = 0x00000EC1
boot_params = 0x80000100
DRAM bank   = 0x00000000
-> start    = 0x80000000
-> size     = 0x7F000000
eth0name    = sms0
ethaddr     = (not set)
current eth = sms0
ip_addr     = 192.168.0.94
baudrate    = 115200 bps
TLB addr    = 0xFEFF0000
relocaddr   = 0xFEF61000
reloc off   = 0x7E761000
irq_sp      = 0xFDF40EE0
sp start    = 0xFDF40ED0
U-Boot# 
- 06:38:02 [INFO] Host: mmc rescan
- 06:38:03 [INFO] Target: 
mmc rescan
U-Boot# 
- 06:38:03 [INFO] Host: fatwrite mmc ${mmcdev}:1 ${loadaddr} ws-calibrate.rules 4
- 06:38:03 [INFO] Target: 
fatwrite mmc ${mmcdev}:1 ${loadaddr} ws-calibrate.rules 4
writing ws-calibrate.rules
4 bytes written
U-Boot# 
- 06:38:03 [INFO] Host: boot
- 06:38:26 [INFO] Target: 
boot
## Checking Image at 82000000 ...
Unknown image format!
Kernel image @ 0x82000000 [ 0x000000 - 0x47e8d8 ]
## Flattened Device Tree blob at 88000000
   Booting using the fdt blob at 0x88000000
   Loading Device Tree to 8fff0000, end 8ffff479 ... OK
Starting kernel ...
[    0.000000] Booting Linux on physical CPU 0x0
[    0.000000] Initializing cgroup subsys cpuset
[    0.000000] Initializing cgroup subsys cpu
[    0.000000] Initializing cgroup subsys cpuacct
[    0.000000] Linux version 3.19.0-rc1-next-20141221-00002-g292af2e (nmenon@kahuna) (gcc version 4.6.3 (Ubuntu/Linaro 4.6.3-1ubuntu5) ) #1 SMP Tue Dec 23 05:35:32 CST 2014
[    0.000000] CPU: ARMv7 Processor [412fc0f2] revision 2 (ARMv7), cr=10c5387d
[    0.000000] CPU: PIPT / VIPT nonaliasing data cache, PIPT instruction cache
[    0.000000] Machine model: TI OMAP5 uEVM board
[    0.000000] cma: Reserved 16 MiB at 0xfd800000
[    0.000000] Memory policy: Data cache writealloc
[    0.000000] OMAP5432 ES2.0
[    0.000000] PERCPU: Embedded 11 pages/cpu @ee5b6000 s14912 r8192 d21952 u45056
[    0.000000] Built 1 zonelists in Zone order, mobility grouping on.  Total pages: 518226
[    0.000000] Kernel command line: console=ttyO2,115200n8 earlyprintk rootwait  ip=dhcp  root=PARTUUID=00000000-02 rw rootfstype=ext4 rootwait 
[    0.000000] PID hash table entries: 4096 (order: 2, 16384 bytes)
[    0.000000] Dentry cache hash table entries: 131072 (order: 7, 524288 bytes)
[    0.000000] Inode-cache hash table entries: 65536 (order: 6, 262144 bytes)
[    0.000000] Memory: 2025904K/2079744K available (6189K kernel code, 681K rwdata, 2356K rodata, 428K init, 8222K bss, 37456K reserved, 16384K cma-reserved, 1285120K highmem)
[    0.000000] Virtual kernel memory layout:
[    0.000000]     vector  : 0xffff0000 - 0xffff1000   (   4 kB)
[    0.000000]     fixmap  : 0xffc00000 - 0xfff00000   (3072 kB)
[    0.000000]     vmalloc : 0xf0000000 - 0xff000000   ( 240 MB)
[    0.000000]     lowmem  : 0xc0000000 - 0xef800000   ( 760 MB)
[    0.000000]     pkmap   : 0xbfe00000 - 0xc0000000   (   2 MB)
[    0.000000]     modules : 0xbf000000 - 0xbfe00000   (  14 MB)
[    0.000000]       .text : 0xc0008000 - 0xc08607a4   (8546 kB)
[    0.000000]       .init : 0xc0861000 - 0xc08cc000   ( 428 kB)
[    0.000000]       .data : 0xc08cc000 - 0xc0976728   ( 682 kB)
[    0.000000]        .bss : 0xc0976728 - 0xc117e108   (8223 kB)
[    0.000000] Hierarchical RCU implementation.
[    0.000000] NR_IRQS:16 nr_irqs:16 16
[    0.000000] OMAP clockevent source: timer1 at 32768 Hz
[    0.000030] sched_clock: 32 bits at 32kHz, resolution 30517ns, wraps every 65536000000000ns
[    0.000030] OMAP clocksource: 32k_counter at 32768 Hz
[    0.000488] Architected cp15 timer(s) running at 6.14MHz (virt).
[    0.000493] sched_clock: 56 bits at 6MHz, resolution 162ns, wraps every 2796202663936ns
[    0.000503] Switching to timer-based delay loop, resolution 162ns
[    0.001493] Console: colour dummy device 80x30
[    0.001523] Lock dependency validator: Copyright (c) 2006 Red Hat, Inc., Ingo Molnar
[    0.001530] ... MAX_LOCKDEP_SUBCLASSES:  8
[    0.001536] ... MAX_LOCK_DEPTH:          48
[    0.001543] ... MAX_LOCKDEP_KEYS:        8191
[    0.001549] ... CLASSHASH_SIZE:          4096
[    0.001555] ... MAX_LOCKDEP_ENTRIES:     32768
[    0.001561] ... MAX_LOCKDEP_CHAINS:      65536
[    0.001566] ... CHAINHASH_SIZE:          32768
[    0.001572]  memory used by lock dependency info: 5167 kB
[    0.001579]  per task-struct memory footprint: 1152 bytes
[    0.001597] Calibrating delay loop (skipped), value calculated using timer frequency.. 12.28 BogoMIPS (lpj=61440)
[    0.001611] pid_max: default: 32768 minimum: 301
[    0.001870] Security Framework initialized
[    0.001993] Mount-cache hash table entries: 2048 (order: 1, 8192 bytes)
[    0.002005] Mountpoint-cache hash table entries: 2048 (order: 1, 8192 bytes)
[    0.004058] Initializing cgroup subsys memory
[    0.004099] Initializing cgroup subsys devices
[    0.004153] Initializing cgroup subsys freezer
[    0.004204] Initializing cgroup subsys blkio
[    0.004256] Initializing cgroup subsys perf_event
[    0.004303] CPU: Testing write buffer coherency: ok
[    0.005083] /cpus/cpu@0 missing clock-frequency property
[    0.005103] /cpus/cpu@1 missing clock-frequency property
[    0.005113] CPU0: thread -1, cpu 0, socket 0, mpidr 80000000
[    0.005167] Setting up static identity map for 0x805ddc50 - 0x805ddcc0
[    0.008815] CPU1: thread -1, cpu 1, socket 0, mpidr 80000001
[    0.009271] Brought up 2 CPUs
[    0.009282] CPU: All CPU(s) started in SVC mode.
[    0.011331] devtmpfs: initialized
[    0.012930] VFP support v0.3: implementor 41 architecture 4 part 30 variant f rev 0
[    0.014217] omap_hwmod: l3_main_3 using broken dt data from ocp
[    0.015405] omap_hwmod: l3_main_2 using broken dt data from ocp
[    0.122212] pinctrl core: initialized pinctrl subsystem
[    0.162008] NET: Registered protocol family 16
[    0.165452] DMA: preallocated 256 KiB pool for atomic coherent allocations
[    0.190932] cpuidle: using governor ladder
[    0.220904] cpuidle: using governor menu
[    0.229040] OMAP GPIO hardware version 0.1
[    0.238936] platform 50000000.gpmc: Cannot lookup hwmod 'gpmc'
[    0.239119] omap-gpmc 50000000.gpmc: _od_fail_runtime_resume: FIXME: missing hwmod/omap_dev info
[    0.239134] omap-gpmc 50000000.gpmc: GPMC revision 6.0
[    0.262913] No ATAGs?
[    0.262971] hw-breakpoint: found 5 (+1 reserved) breakpoint and 4 watchpoint registers.
[    0.262980] hw-breakpoint: maximum watchpoint size is 8 bytes.
[    0.264973] OMAP DMA hardware revision 0.0
[    0.330549] omap-dma-engine 4a056000.dma-controller: OMAP DMA engine driver
[    0.334607] SCSI subsystem initialized
[    0.335443] usbcore: registered new interface driver usbfs
[    0.335562] usbcore: registered new interface driver hub
[    0.335676] usbcore: registered new device driver usb
[    0.336049] hsusb2_phy supply vcc not found, using dummy regulator
[    0.336537] hsusb3_phy supply vcc not found, using dummy regulator
[    0.337152] omap_i2c 48070000.i2c: could not find pctldev for node /ocp/pinmux@4a002840/pinmux_i2c1_pins, deferring probe
[    0.337173] platform 48070000.i2c: Driver omap_i2c requests probe deferral
[    0.337999] omap_i2c 48072000.i2c: bus 1 rev0.12 at 100 kHz
[    0.338699] omap_i2c 48060000.i2c: bus 2 rev0.12 at 100 kHz
[    0.339323] omap_i2c 4807a000.i2c: bus 3 rev0.12 at 100 kHz
[    0.339391] omap_i2c 4807c000.i2c: could not find pctldev for node /ocp/pinmux@4a002840/pinmux_i2c5_pins, deferring probe
[    0.339411] platform 4807c000.i2c: Driver omap_i2c requests probe deferral
[    0.342363] Switched to clocksource arch_sys_counter
[    0.447282] NET: Registered protocol family 2
[    0.448444] TCP established hash table entries: 8192 (order: 3, 32768 bytes)
[    0.448648] TCP bind hash table entries: 8192 (order: 6, 294912 bytes)
[    0.450953] TCP: Hash tables configured (established 8192 bind 8192)
[    0.451059] TCP: reno registered
[    0.451080] UDP hash table entries: 512 (order: 3, 40960 bytes)
[    0.451390] UDP-Lite hash table entries: 512 (order: 3, 40960 bytes)
[    0.452444] NET: Registered protocol family 1
[    0.453111] RPC: Registered named UNIX socket transport module.
[    0.453120] RPC: Registered udp transport module.
[    0.453128] RPC: Registered tcp transport module.
[    0.453136] RPC: Registered tcp NFSv4.1 backchannel transport module.
[    0.454040] hw perfevents: enabled with armv7_cortex_a15 PMU driver, 7 counters available
[    0.457971] futex hash table entries: 512 (order: 3, 32768 bytes)
[    0.458231] audit: initializing netlink subsys (disabled)
[    0.458320] audit: type=2000 audit(0.450:1): initialized
[    0.461124] VFS: Disk quotas dquot_6.5.2
[    0.461222] VFS: Dquot-cache hash table entries: 1024 (order 0, 4096 bytes)
[    0.462815] NFS: Registering the id_resolver key type
[    0.463024] Key type id_resolver registered
[    0.463034] Key type id_legacy registered
[    0.463158] jffs2: version 2.2. (NAND) (SUMMARY)   2001-2006 Red Hat, Inc.
[    0.465897] bounce: pool size: 64 pages
[    0.465948] io scheduler noop registered
[    0.465965] io scheduler deadline registered
[    0.466030] io scheduler cfq registered (default)
[    0.471553] pinctrl-single 4a002840.pinmux: 219 pins at pa fc002840 size 438
[    0.471954] pinctrl-single 4ae0c840.pinmux: 28 pins at pa fce0c840 size 56
[    0.477637] Serial: 8250/16550 driver, 4 ports, IRQ sharing enabled
[    0.481724] omap_uart 4806a000.serial: no wakeirq for uart0
[    0.482021] omap_uart 4806a000.serial: ttyO0 at MMIO 0x4806a000 (irq = 306, base_baud = 3000000) is a OMAP UART0
[    0.483142] omap_uart 4806c000.serial: no wakeirq for uart0
[    0.483328] omap_uart 4806c000.serial: ttyO1 at MMIO 0x4806c000 (irq = 307, base_baud = 3000000) is a OMAP UART1
[    0.484094] omap_uart 48020000.serial: no wakeirq for uart0
[    0.484277] omap_uart 48020000.serial: ttyO2 at MMIO 0x48020000 (irq = 308, base_baud = 3000000) is a OMAP UART2
[    1.297809] console [ttyO2] enabled
[    1.302464] omap_uart 4806e000.serial: no wakeirq for uart0
[    1.308498] omap_uart 4806e000.serial: ttyO3 at MMIO 0x4806e000 (irq = 309, base_baud = 3000000) is a OMAP UART3
[    1.320093] omap_uart 48066000.serial: no wakeirq for uart0
[    1.326111] omap_uart 48066000.serial: ttyO4 at MMIO 0x48066000 (irq = 310, base_baud = 3000000) is a OMAP UART4
[    1.337492] omap_uart 48068000.serial: no wakeirq for uart0
[    1.343505] omap_uart 48068000.serial: ttyO5 at MMIO 0x48068000 (irq = 311, base_baud = 3000000) is a OMAP UART5
[    1.370889] brd: module loaded
[    1.383384] loop: module loaded
[    1.388552] ahci 4a140000.sata: SSS flag set, parallel bus scan disabled
[    1.395596] ahci 4a140000.sata: AHCI 0001.0300 32 slots 1 ports 3 Gbps 0x1 impl platform mode
[    1.404521] ahci 4a140000.sata: flags: 64bit ncq sntf stag pm led clo only pmp pio slum part ccc apst 
[    1.416609] scsi host0: ahci_platform
[    1.421265] ata1: SATA max UDMA/133 mmio [mem 0x4a140000-0x4a1410ff] port 0x100 irq 338
[    1.430874] mtdoops: mtd device (mtddev=name/number) must be supplied
[    1.442736] usbcore: registered new interface driver asix
[    1.448473] usbcore: registered new interface driver ax88179_178a
[    1.454957] usbcore: registered new interface driver cdc_ether
[    1.461178] usbcore: registered new interface driver smsc95xx
[    1.467288] usbcore: registered new interface driver net1080
[    1.473315] usbcore: registered new interface driver cdc_subset
[    1.479594] usbcore: registered new interface driver zaurus
[    1.485584] usbcore: registered new interface driver cdc_ncm
[    1.492179] usbcore: registered new interface driver cdc_wdm
[    1.498261] usbcore: registered new interface driver usb-storage
[    1.504703] usbcore: registered new interface driver usbtest
[    1.512079] mousedev: PS/2 mouse device common for all mice
[    1.519783] i2c /dev entries driver
[    1.524968] Driver for 1-wire Dallas network protocol.
[    1.531062] ti-soc-thermal 4a0021e0.bandgap: Delay 1000 ms is not supported
[    1.538418] ti-soc-thermal 4a0021e0.bandgap: Delay 1000 ms is not supported
[    1.545782] ti-soc-thermal 4a0021e0.bandgap: Delay 1000 ms is not supported
[    1.555146] omap_wdt: OMAP Watchdog Timer Rev 0x01: initial timeout 60 sec
[    1.562902] Driver 'mmcblk' needs updating - please use bus_type methods
[    1.571103] omap_hsmmc 4809c000.mmc: unable to get vmmc regulator -517
[    1.578134] platform 4809c000.mmc: Driver omap_hsmmc requests probe deferral
[    1.622824] 480ad000.mmc supply vmmc not found, using dummy regulator
[    1.629942] omap_hsmmc 480ad000.mmc: could not set regulator OCR (-22)
[    1.673564] ledtrig-cpu: registered to indicate activity on CPUs
[    1.680181] usbcore: registered new interface driver usbhid
[    1.686028] usbhid: USB HID core driver
[    1.691882] oprofile: using timer interrupt.
[    1.696696] TCP: cubic registered
[    1.699342] mmc0: BKOPS_EN bit is not set
[    1.701232] mmc0: new high speed MMC card at address 0001
[    1.710021] Initializing XFRM netlink socket
[    1.712518] mmcblk0: mmc0:0001 SEM04G 3.68 GiB 
[    1.712831] mmcblk0boot0: mmc0:0001 SEM04G partition 1 2.00 MiB
[    1.713094] mmcblk0boot1: mmc0:0001 SEM04G partition 2 2.00 MiB
[    1.731665] NET: Registered protocol family 17
[    1.734401]  mmcblk0: p1
[    1.739005] NET: Registered protocol family 15
[    1.743864] Key type dns_resolver registered
[    1.748476] omap_vc_init_channel: No PMIC info for vdd_core
[    1.754316] omap_vp_init: No PMIC info for vdd_core
[    1.759418] omap_vc_init_channel: No PMIC info for vdd_mm
[    1.765073] omap_vp_init: No PMIC info for vdd_mm
[    1.769995] omap_vc_init_channel: No PMIC info for vdd_mpu
[    1.775743] omap_vp_init: No PMIC info for vdd_mpu
[    1.781365] Power Management for TI OMAP4+ devices.
[    1.782311] ata1: SATA link down (SStatus 0 SControl 300)
[    1.792526] ThumbEE CPU extension supported.
[    1.797022] Registering SWP/SWPB emulation handler
[    1.802051] SmartReflex Class3 initialized
[    1.812744] palmas 0-0048: Irq flag is 0x00000000
[    1.836699] palmas 0-0048: Muxing GPIO 2, PWM 0, LED 0
[    1.928380] twl6040 0-004b: clk32k is not handled
[    1.937377] omap_i2c 48070000.i2c: bus 0 rev0.12 at 400 kHz
[    1.945141] omap_i2c 4807c000.i2c: bus 4 rev0.12 at 400 kHz
[    1.993665] drivers/rtc/hctosys.c: unable to open rtc device (rtc0)
[    2.000237] sr_init: No PMIC hook to init smartreflex
[    2.005759] sr_init: platform driver register failed for SR
[    2.082848] mmc2: host does not support reading read-only switch, assuming write-enable
[    2.096391] mmc2: new high speed SDHC card at address e624
[    2.103005] mmcblk1: mmc2:e624 SU04G 3.69 GiB 
[    2.111570]  mmcblk1: p1 p2 p3
[   14.153114] ldo8: disabling
[   14.157064] ldo3: disabling
[   14.186416] EXT4-fs (mmcblk1p2): mounted filesystem with ordered data mode. Opts: (null)
[   14.194984] VFS: Mounted root (ext4 filesystem) on device 179:26.
[   14.210510] devtmpfs: mounted
[   14.214041] Freeing unused kernel memory: 428K (c0861000 - c08cc000)
INIT: version 2.88 booting
Error opening /dev/fb0: No such file or directory
Starting udev
[   14.766425] udevd[94]: starting version 182
[   17.093687] EXT4-fs (mmcblk0p1): warning: mounting unchecked fs, running e2fsck is recommended
[   17.110402] EXT4-fs (mmcblk0p1): mounted filesystem without journal. Opts: (null)
[   17.141373] EXT4-fs (mmcblk1p3): mounted filesystem with ordered data mode. Opts: (null)
[   17.158431] FAT-fs (mmcblk1p1): Volume was not properly unmounted. Some data may be corrupt. Please run fsck.
Starting Bootlog daemon: bootlogd: cannot allocate pseudo tty: No such file or directory
bootlogd.
[   17.412468] EXT4-fs (mmcblk1p2): re-mounted. Opts: data=ordered
[   17.473439] random: dd urandom read with 67 bits of entropy available
ALSA: Restoring mixer settings...
Configuring network interfaces... /usr/sbin/alsactl: load_state:1696: No soundcards found...
ifconfig: SIOCGIFFLAGS: No such device
done.
hwclock: can't open '/dev/misc/rtc': No such file or directory
Tue Oct  7 21:47:00 UTC 2014
hwclock: can't open '/dev/misc/rtc': No such file or directory
INIT: Entering runlevel: 5
Starting system message bus: dbus.
Starting Dropbear SSH server: dropbear.
Starting telnet daemon.
hwclock: can't open '/dev/misc/rtc': No such file or directory
Starting syslogd/klogd: done
Starting thttpd.
Starting Lighttpd Web Server: 2014-10-07 21:47:00: (log.c.166) server started 
lighttpd.
Starting Matrix GUI application.
[   20.234600] random: nonblocking pool is initialized
***************************************************************
***************************************************************
NOTICE: This file system contains the followin GPLv3 packages:
	binutils-symlinks
	binutils
	gdbserver
	parted
If you do not wish to distribute GPLv3 components please remove
the above packages prior to distribution.  This can be done using
the opkg remove command.  i.e.:
    opkg remove <package>
Where <package> is the name printed in the list above
NOTE: If the package is a dependency of another package you
      will be notified of the dependent packages.  You should
      use the --force-removal-of-dependent-packages option to
      also remove the dependent packages as well
***************************************************************
***************************************************************
Stopping Bootlog daemon: bootlogd.
 _____                    _____           _         _   
|  _  |___ ___ ___ ___   |  _  |___ ___  |_|___ ___| |_ 
|     |  _| .'| . | . |  |   __|  _| . | | | -_|  _|  _|
|__|__|_| |__,|_  |___|  |__|  |_| |___|_| |___|___|_|  
              |___|                    |___|            
Arago Project http://arago-project.org omap5-evm ttyO2
Arago 2013.12 omap5-evm ttyO2
omap5-evm login: 
- 06:38:26 [INFO] Host: root
- 06:38:27 [INFO] Target: 
root
root@omap5-evm:~# 
- 06:38:27 [INFO] Host: uname -a
- 06:38:27 [INFO] Target: 
uname -a
Linux omap5-evm 3.19.0-rc1-next-20141221-00002-g292af2e #1 SMP Tue Dec 23 05:35:32 CST 2014 armv7l GNU/Linux
root@omap5-evm:~# 
- 06:38:27 [INFO] Host: cat /proc/cmdline
- 06:38:28 [INFO] Target: 
cat /proc/cmdline
console=ttyO2,115200n8 earlyprintk rootwait  ip=dhcp  root=PARTUUID=00000000-02 rw rootfstype=ext4 rootwait 
root@omap5-evm:~# 
- 06:38:28 [INFO] Host: uname -a
- 06:38:28 [INFO] Target: 
uname -a
Linux omap5-evm 3.19.0-rc1-next-20141221-00002-g292af2e #1 SMP Tue Dec 23 05:35:32 CST 2014 armv7l GNU/Linux
root@omap5-evm:~# 
- 06:38:28 [INFO] Host: cat /proc/mtd
- 06:38:29 [INFO] Target: 
cat /proc/mtd
dev:    size   erasesize  name
root@omap5-evm:~# 
- 06:38:33 [INFO] Host: export IPERFHOST=192.168.0.1
- 06:38:34 [INFO] Target: 
export IPERFHOST=192.168.0.1
root@omap5-evm:~# 
- 06:38:34 [INFO] Host: export NFS_SERVER=192.168.0.1
- 06:38:34 [INFO] Target: 
export NFS_SERVER=192.168.0.1
root@omap5-evm:~# 
- 06:38:34 [INFO] Host: export NFS_ROOT_PATH=/home/tigtfarm06/NFS_exports/linux/omap5-evm
- 06:38:35 [INFO] Target: 
export NFS_ROOT_PATH=/home/tigtfarm06/NFS_exports/linux/omap5- 
root@omap5-evm:~# 
- 06:38:35 [INFO] Host: mkdir -p -m 777 /test
- 06:38:35 [INFO] Target: 
mkdir -p -m 777 /test
root@omap5-evm:~# 
- 06:38:35 [INFO] Host: cd /test
- 06:38:36 [INFO] Target: 
cd /test
root@omap5-evm:/test# 
- 06:38:36 [INFO] Host: cat > test.sh << EOF
- 06:38:36 [INFO] Target: 
cat > test.sh << EOF
- 06:38:36 [INFO] Host: failtest() {
- 06:38:37 [INFO] Target: 
failtest() {
- 06:38:37 [INFO] Host:   echo 1 >&3
- 06:38:37 [INFO] Target: 
  echo 1 >&3
- 06:38:37 [INFO] Host: }
- 06:38:38 [INFO] Target: 
- 06:38:38 [INFO] Host: timeout=600
- 06:38:38 [INFO] Target: 
timeout=600
- 06:38:38 [INFO] Host: 
- 06:38:39 [INFO] Target: 
- 06:38:39 [INFO] Host: # Start of user's script logic
- 06:38:39 [INFO] Target: 
# Start of user's script logic
- 06:38:39 [INFO] Host: 
- 06:38:40 [INFO] Target: 
- 06:38:40 [INFO] Host: 
- 06:38:40 [INFO] Target: 
- 06:38:40 [INFO] Host: mount -t proc proc /proc 2>/dev/null;
- 06:38:41 [INFO] Target: 
mount -t proc proc /proc 2>/dev/null;
- 06:38:41 [INFO] Host: 
- 06:38:41 [INFO] Target: 
- 06:38:41 [INFO] Host: mount -t sysfs sys /sys 2>/dev/null;
- 06:38:42 [INFO] Target: 
mount -t sysfs sys /sys 2>/dev/null;
- 06:38:42 [INFO] Host: 
- 06:38:42 [INFO] Target: 
- 06:38:42 [INFO] Host: mount -t debugfs none /sys/kernel/debug 2>/dev/null;
- 06:38:43 [INFO] Target: 
mount -t debugfs none /sys/kernel/debug 2>/dev/null;
- 06:38:43 [INFO] Host: 
- 06:38:43 [INFO] Target: 
- 06:38:43 [INFO] Host: echo 'cpuinfo:';cat /proc/cpuinfo; echo '=======';
- 06:38:44 [INFO] Target: 
echo 'cpuinfo:';cat /proc/cpuinfo; echo '=======';
- 06:38:44 [INFO] Host: 
- 06:38:44 [INFO] Target: 
- 06:38:44 [INFO] Host: echo 'soc info:';head /sys/devices/soc0/* 2>/dev/null; echo '=======';
- 06:38:45 [INFO] Target: 
echo 'soc info:';head /sys/devices/soc0/* 2>/dev/null; echo '=======';
- 06:38:45 [INFO] Host: 
- 06:38:45 [INFO] Target: 
- 06:38:45 [INFO] Host: echo 'DT Model info'; head /proc/device-tree/name /proc/device-tree/model /proc/device-tree/compatible 2>/dev/null;echo; echo '=======';
- 06:38:46 [INFO] Target: 
echo 'DT Model info'; head /proc/device-tree/name /proc/device-tree/model /pro 
c/device-tree/compatible 2>/dev/null;echo; echo '=======';
- 06:38:46 [INFO] Host: 
- 06:38:46 [INFO] Target: 
- 06:38:46 [INFO] Host: echo 'interrupts:';cat /proc/interrupts; echo '=======';
- 06:38:47 [INFO] Target: 
echo 'interrupts:';cat /proc/interrupts; echo '=======';
- 06:38:47 [INFO] Host: 
- 06:38:47 [INFO] Target: 
- 06:38:47 [INFO] Host: echo 'Clk_summary:';cat /sys/kernel/debug/clk/clk_summary; echo '=======';
- 06:38:48 [INFO] Target: 
echo 'Clk_summary:';cat /sys/kernel/debug/clk/clk_summary; echo '=======';
- 06:38:48 [INFO] Host: 
- 06:38:48 [INFO] Target: 
- 06:38:48 [INFO] Host: echo 'Orphan Clks:';ls /sys/kernel/debug/clk/orphans/; echo '=======';
- 06:38:49 [INFO] Target: 
echo 'Orphan Clks:';ls /sys/kernel/debug/clk/orphans/; echo '=======';
- 06:38:49 [INFO] Host: 
- 06:38:49 [INFO] Target: 
- 06:38:49 [INFO] Host: echo "Available frequencies"; cat /sys/devices/system/cpu/cpu0/cpufreq/scaling_available_frequencies 2>/dev/null;echo '=======';
- 06:38:50 [INFO] Target: 
echo "Available frequencies"; cat /sys/devices/system/cpu/cpu0/cpufreq/scaling 
_available_frequencies 2>/dev/null;echo '=======';
- 06:38:50 [INFO] Host: 
- 06:38:50 [INFO] Target: 
- 06:38:50 [INFO] Host: echo 'H''ello World' 'B''oard Booted';
- 06:38:51 [INFO] Target: 
echo 'H''ello World' 'B''oard Booted';
- 06:38:51 [INFO] Host: 
- 06:38:51 [INFO] Target: 
- 06:38:51 [INFO] Host: EOF
- 06:38:52 [INFO] Target: 
root@omap5-evm:/test# 
- 06:38:52 [INFO] Host: cd /test
- 06:38:52 [INFO] Target: 
cd /test
root@omap5-evm:/test# 
- 06:38:52 [INFO] Host: chmod +x test.sh
- 06:38:53 [INFO] Target: 
chmod +x test.sh
root@omap5-evm:/test# 
- 06:38:53 [INFO] Host: ./test.sh 2> stderr.log > stdout.log 3> result.log
- 06:38:53 [INFO] Target: 
./test.sh 2> stderr.log > stdout.log 3> result.log
root@omap5-evm:/test# 
- 06:38:53 [INFO] Host: echo $?
- 06:38:54 [INFO] Target: 
echo $?
root@omap5-evm:/test# 
- 06:38:54 [INFO] Host: cd /test
- 06:38:54 [INFO] Target: 
cd /test
root@omap5-evm:/test# 
- 06:38:54 [INFO] Host: cat stdout.log
- 06:38:56 [INFO] Target: 
cat stdout.log
cpuinfo:
processor	: 0
model name	: ARMv7 Processor rev 2 (v7l)
Features	: half thumb fastmult vfp edsp thumbee neon vfpv3 tls vfpv4 idiva idivt vfpd32 lpae evtstrm 
CPU implementer	: 0x41
CPU architecture: 7
CPU variant	: 0x2
CPU part	: 0xc0f
CPU revision	: 2
processor	: 1
model name	: ARMv7 Processor rev 2 (v7l)
Features	: half thumb fastmult vfp edsp thumbee neon vfpv3 tls vfpv4 idiva idivt vfpd32 lpae evtstrm 
CPU implementer	: 0x41
CPU architecture: 7
CPU variant	: 0x2
CPU part	: 0xc0f
CPU revision	: 2
Hardware	: Generic OMAP5 (Flattened Device Tree)
Revision	: 0000
Serial		: 0000000000000000
=======
soc info:
==> /sys/devices/soc0/family <==
OMAP5
==> /sys/devices/soc0/machine <==
OMAP5432
==> /sys/devices/soc0/power <==
==> /sys/devices/soc0/revision <==
ES2.0
==> /sys/devices/soc0/subsystem <==
==> /sys/devices/soc0/type <==
==> /sys/devices/soc0/uevent <==
=======
DT Model info
==> /proc/device-tree/name <==
==> /proc/device-tree/model <==
TI OMAP5 uEVM board
==> /proc/device-tree/compatible <==
ti,omap5-uevmti,omap5
=======
interrupts:
           CPU0       CPU1       
 16:          0          0       GIC  69  gp_timer
 19:       1366       1414       GIC  27  arch_timer
 23:          0          0       GIC  41  l3-dbg-irq
 24:          0          0       GIC  42  l3-app-irq
 27:       3700          0       GIC  45  omap-dma-engine
 44:          0          0  4ae10000.gpio  13  DMA
294:          0          0       GIC  52  gpmc
297:        567          0       GIC  88  48070000.i2c
298:          0          0       GIC  89  48072000.i2c
299:          0          0       GIC  93  48060000.i2c
300:          0          0       GIC  94  4807a000.i2c
301:          0          0       GIC  92  4807c000.i2c
308:       4547          0       GIC 106  OMAP UART2
312:       5081          0       GIC 115  mmc2
313:        812          0       GIC 118  mmc0
314:         13          0       GIC 126  mmc1
337:          1          0       GIC 158  talert
338:          0          0       GIC  86  4a140000.sata
350:          0          0      PRCM  pinctrl, pinctrl
405:          1          0       GIC  39  palmas
407:          0          0    palmas  21  palmas_usb_id
409:          0          0    palmas  23  palmas_usb_vbus
411:          0          0       GIC 151  twl6040
412:          0          0   twl6040   5  twl6040_irq_ready
413:          0          0   twl6040   0  twl6040_irq_th
IPI0:          0          1  CPU wakeup interrupts
IPI1:          0          0  Timer broadcast interrupts
IPI2:       1113       1642  Rescheduling interrupts
IPI3:          0          0  Function call interrupts
IPI4:        259        107  Single function call interrupts
IPI5:          0          0  CPU stop interrupts
IPI6:          0          0  IRQ work interrupts
IPI7:          0          0  completion interrupts
Err:          0
=======
Clk_summary:
   clock                         enable_cnt  prepare_cnt        rate   accuracy   phase
----------------------------------------------------------------------------------------
 dummy_ck                                 0            0           0          0 0  
 xclk60mhsp2_ck                           0            0    60000000          0 0  
 xclk60mhsp1_ck                           0            0    60000000          0 0  
 virt_38400000_ck                         0            0    38400000          0 0  
 virt_27000000_ck                         0            0    27000000          0 0  
 virt_26000000_ck                         0            0    26000000          0 0  
 virt_19200000_ck                         1            1    19200000          0 0  
    sys_clkin                             6           13    19200000          0 0  
       auxclk4_src_ck                     0            0    19200000          0 0  
          auxclk4_ck                      0            0     9600000          0 0  
       auxclk3_src_ck                     0            0    19200000          0 0  
          auxclk3_ck                      0            0    19200000          0 0  
             auxclkreq3_ck                0            0    19200000          0 0  
       auxclk2_src_ck                     0            0    19200000          0 0  
          auxclk2_ck                      0            0    19200000          0 0  
             auxclkreq2_ck                0            0    19200000          0 0  
       auxclk1_src_ck                     0            0    19200000          0 0  
          auxclk1_ck                      0            0    19200000          0 0  
             auxclkreq1_ck                0            0    19200000          0 0  
       auxclk0_src_ck                     0            0    19200000          0 0  
          auxclk0_ck                      0            0    19200000          0 0  
             auxclkreq0_ck                0            0    19200000          0 0  
       wkupaon_iclk_mux                   7            8    19200000          0 0  
          l3instr_ts_gclk_div             0            0    19200000          0 0  
       timer9_gfclk_mux                   0            1    19200000          0 0  
       timer4_gfclk_mux                   0            1    19200000          0 0  
       timer3_gfclk_mux                   0            1    19200000          0 0  
       timer2_gfclk_mux                   0            1    19200000          0 0  
       timer11_gfclk_mux                  0            1    19200000          0 0  
       timer10_gfclk_mux                  0            1    19200000          0 0  
       sata_ref_clk                       1            1    19200000          0 0  
       dpll_usb_ck                        1            2   960000000          0 0  
          dpll_usb_m2_ck                  0            1   480000000          0 0  
             usb_host_hs_hsic480m_p3_clk           0            0   480000000          0 0  
             usb_host_hs_hsic480m_p2_clk           0            0   480000000          0 0  
             usb_host_hs_hsic480m_p1_clk           0            0   480000000          0 0  
             l3init_60m_fclk              0            1    60000000          0 0  
                usb_tll_hs_usb_ch2_clk           0            0    60000000          0 0  
                usb_tll_hs_usb_ch1_clk           0            0    60000000          0 0  
                usb_tll_hs_usb_ch0_clk           0            0    60000000          0 0  
                usb_host_hs_utmi_p3_clk           0            0    60000000          0 0  
                utmi_p2_gfclk             0            0    60000000          0 0  
                   usb_host_hs_utmi_p2_clk           0            0    60000000          0 0  
                utmi_p1_gfclk             0            0    60000000          0 0  
                   usb_host_hs_utmi_p1_clk           0            0    60000000          0 0  
                usb_host_hs_hsic60m_p3_clk           0            0    60000000          0 0  
                usb_host_hs_hsic60m_p2_clk           0            0    60000000          0 0  
                usb_host_hs_hsic60m_p1_clk           0            0    60000000          0 0  
          dpll_usb_clkdcoldo              1            1   960000000          0 0  
             usb_otg_ss_refclk960m           1            3   960000000          0 0  
       dpll_unipro2_ck                    0            0    19200000          0 0  
          dpll_unipro2_m2_ck              0            0    19200000          0 0  
          dpll_unipro2_clkdcoldo           0            0    19200000          0 0  
       dpll_unipro1_ck                    0            0    19200000          0 0  
          dpll_unipro1_m2_ck              0            0    19200000          0 0  
             lli_txphy_ls_clk             0            0    19200000          0 0  
          dpll_unipro1_clkdcoldo           0            0    19200000          0 0  
             lli_txphy_clk                0            0    19200000          0 0  
       dpll_per_ck                        1            1   384000000          0 0  
          dpll_per_m2_ck                  0            0    96000000          0 0  
             func_24m_clk                 0            0    24000000          0 0  
          dpll_per_x2_ck                  1            2   768000000          0 0  
             dpll_per_m3x2_ck             0            0   256000000          0 0  
             dpll_per_m2x2_ck             1            4   192000000          0 0  
                mmc2_fclk_mux             0            1   192000000          0 0  
                   mmc2_fclk              0            1    96000000          0 0  
                mmc1_fclk_mux             0            1   192000000          0 0  
                   mmc1_fclk              0            1    96000000          0 0  
                hsi_fclk                  0            0   192000000          0 0  
                func_96m_fclk             0            6    96000000          0 0  
                   iss_ctrlclk            0            0    96000000          0 0  
                func_48m_fclk             7           14    48000000          0 0  
                   dss_48mhz_clk           0            2    48000000          0 0  
                func_12m_fclk             0            0    12000000          0 0  
             dpll_per_h14x2_ck            0            0   384000000          0 0  
             dpll_per_h12x2_ck            0            1   192000000          0 0  
                dss_dss_clk               0            4   192000000          0 0  
             dpll_per_h11x2_ck            0            0   256000000          0 0  
                fdif_fclk                 0            0   256000000          0 0  
                func_128m_clk             0            0   128000000          0 0  
       dpll_mpu_ck                        1            1  1000000000          0 0  
          dpll_mpu_m2_ck                  1            1  1000000000          0 0  
       dpll_core_ck                       1            1  1063680000          0 0  
          dpll_core_m2_ck                 0            0   531840000          0 0  
          dpll_core_x2_ck                 3            4  2127360000          0 0  
             dpll_core_m3x2_ck            0            0   425472000          0 0  
             dpll_core_h24x2_ck           0            0   354560000          0 0  
             dpll_core_h23x2_ck           0            0   303908572          0 0  
             dpll_core_h22x2_ck           0            1   425472000          0 0  
             dpll_core_h14x2_ck           0            0    33767620          0 0  
                gpu_hyd_gclk_mux           0            0    33767620          0 0  
                gpu_core_gclk_mux           0            0    33767620          0 0  
             dpll_core_h13x2_ck           1            2    34312259          0 0  
             dpll_core_h12x2_ck           1            2   531840000          0 0  
                l3_iclk_div              23           25   265920000          0 0  
                   l4_root_clk_div          44           50   132960000          0 0  
                   gpu_l3_iclk            0            0   265920000          0 0  
                mpu_dpll_hs_clk_div           0            0   531840000          0 0  
                iva_dpll_hs_clk_div           0            1   531840000          0 0  
                   dpll_iva_ck            0            1   531840000          0 0  
                      dpll_iva_x2_ck           0            1   531840000          0 0  
                         dpll_iva_h12x2_ck           0            0   531840000          0 0  
                         dpll_iva_h11x2_ck           0            1   531840000          0 0  
             dpll_core_h11x2_ck           4            4   265920000          0 0  
             dpll_core_h21x2_ck           0            0   354560000          0 0  
                c2c_fclk                  0            0   354560000          0 0  
                   c2c_iclk               0            0   177280000          0 0  
       dss_syc_gfclk_div                  0            5    19200000          0 0  
          dss_sys_clk                     0            5    19200000          0 0  
          timer8_gfclk_mux                0            1    19200000          0 0  
          timer7_gfclk_mux                0            1    19200000          0 0  
          timer6_gfclk_mux                0            1    19200000          0 0  
          timer5_gfclk_mux                0            1    19200000          0 0  
       custefuse_sys_gfclk_div            0            0     9600000          0 0  
       abe_dpll_bypass_clk_mux            0            0    19200000          0 0  
 virt_16800000_ck                         0            0    16800000          0 0  
 virt_13000000_ck                         0            0    13000000          0 0  
 virt_12000000_ck                         0            0    12000000          0 0  
 sys_32k_ck                               3           15       32768          0 0  
    timer1_gfclk_mux                      1            1       32768          0 0  
    gpio1_dbclk                           0            1       32768          0 0  
    abe_dpll_clk_mux                      1            1       32768          0 0  
       dpll_abe_ck                        1            1    98304000          0 0  
          dpll_abe_x2_ck                  1            1   196608000          0 0  
             dpll_abe_m3x2_ck             0            0    98304000          0 0  
                usb_dpll_hs_clk_div           0            0    32768000          0 0  
                per_dpll_hs_clk_div           0            0    49152000          0 0  
             dpll_abe_m2x2_ck             1            2   196608000          0 0  
                abe_lp_clk_div            0            0    12288000          0 0  
                abe_clk                   1            1   196608000          0 0  
                   aess_fclk              1            1   196608000          0 0  
                      abe_iclk           11           11    98304000          0 0  
                abe_24m_fclk              0            4    24576000          0 0  
                   mcbsp3_sync_mux_ck           0            2    24576000          0 0  
                      mcbsp3_gfclk           0            1    24576000          0 0  
                   mcbsp2_sync_mux_ck           0            2    24576000          0 0  
                      mcbsp2_gfclk           0            1    24576000          0 0  
                   mcbsp1_sync_mux_ck           0            2    24576000          0 0  
                      mcbsp1_gfclk           0            1    24576000          0 0  
                   mcasp_sync_mux_ck           0            0    24576000          0 0  
                      mcasp_gfclk           0            0    24576000          0 0  
                   dmic_sync_mux_ck           0            1    24576000          0 0  
                      dmic_gfclk           0            1    24576000          0 0  
    usb_phy_cm_clk32k                     1            2       32768          0 0  
    mmc1_32khz_clk                        0            1       32768          0 0  
    gpio8_dbclk                           0            1       32768          0 0  
    gpio7_dbclk                           0            1       32768          0 0  
    gpio6_dbclk                           0            1       32768          0 0  
    gpio5_dbclk                           0            1       32768          0 0  
    gpio4_dbclk                           0            1       32768          0 0  
    gpio3_dbclk                           0            1       32768          0 0  
    gpio2_dbclk                           0            1       32768          0 0  
    dss_32khz_clk                         0            1       32768          0 0  
 slimbus_src_clk                          0            0    12000000          0 0  
    slimbus_clk                           0            0    12000000          0 0  
       slimbus1_slimbus_clk               0            0    12000000          0 0  
 secure_32k_clk_src_ck                    0            0       32768          0 0  
 pad_clks_src_ck                          0            1    12000000          0 0  
    pad_clks_ck                           0            4    12000000          0 0  
=======
Orphan Clks:
=======
Available frequencies
=======
Hello World Board Booted
root@omap5-evm:/test# 
- 06:38:56 [INFO] Host: cat stderr.log
- 06:38:57 [INFO] Target: 
cat stderr.log
ls: /sys/kernel/debug/clk/orphans/: No such file or directory
root@omap5-evm:/test# 
- 06:38:57 [INFO] Host: cat result.log
- 06:38:59 [ERROR] On command: cat result.log waiting for cat result.log.+?(?m-ix:^1[\0\n\r]+) >>> error: execution expired
- 06:38:59 [INFO] Target: 
cat result.log
root@omap5-evm:/test# 
- 06:38:59 [INFO] Host: cd /test
- 06:38:59 [INFO] Target: 
cd /test
root@omap5-evm:/test# 
URL:gtsystest.telogy.design.ti.com/vatf/tigtfarm06/tigtfarm06_vatf@omap5-evm/tigtfarm0612_23_2014_06_37_16/files/session_iteration_1/test_1
