- 06:32:29 [INFO] Starting target session
- 06:32:29 [INFO] Connected to omap5-evm via serial 
- 06:32:29 [INFO] Host: 
- 06:32:31 [ERROR] On command:  waiting for (?-mix:login:) >>> error: execution expired
- 06:32:31 [INFO] Target: 

- 06:32:31 [INFO] Host: 
- 06:32:36 [ERROR] On command:  waiting for (?-mix:[\w\d]+@.+[@:#]+) >>> error: execution expired
- 06:32:36 [INFO] Target: 

- 06:32:38 [INFO] Disconnected serial from omap5-evm
- 06:32:38 [INFO] Connected to omap5-evm via serial 
- 06:32:38 [INFO] Host: 
- 06:32:39 [INFO] Target: 
 0 
U-Boot# 
- 06:32:39 [INFO] Host: 
- 06:32:39 [INFO] Target: 

U-Boot# 
- 06:32:39 [INFO] Host: version
- 06:32:40 [INFO] Target: 
version

U-Boot 2013.10-g78d8ebd (Mar 06 2014 - 13:52:32)
arm-linux-gnueabihf-gcc (crosstool-NG linaro-1.13.1-4.7-2013.03-20130313 - Linaro GCC 2013.03) 4.7.3 20130226 (prerelease)
GNU ld (crosstool-NG linaro-1.13.1-4.7-2013.03-20130313 - Linaro GCC 2013.03) 2.23.1
U-Boot# 
- 06:32:40 [INFO] Host: setenv bootargs 'console=ttyO2,115200n8 earlyprintk rootwait '
- 06:32:40 [INFO] Target: 
setenv bootargs 'console=ttyO2,115200n8 earlyprintk rootwait '
U-Boot# 
- 06:32:40 [INFO] Host: setenv bootcmd  ''
- 06:32:41 [INFO] Target: 
setenv bootcmd  ''
U-Boot# 
- 06:32:41 [INFO] Host: setenv autoload 'no'
- 06:32:41 [INFO] Target: 
setenv autoload 'no'
U-Boot# 
- 06:32:41 [INFO] Host: setenv serverip '192.168.0.1'
- 06:32:42 [INFO] Target: 
setenv serverip '192.168.0.1'
U-Boot# 
- 06:32:42 [INFO] Host: printenv
- 06:32:42 [INFO] Target: 
printenv
arch=arm
autoload=no
baudrate=115200
board=omap5_uevm
board_name=omap5_uevm
boot_targets=usb mmc0  
bootargs=console=ttyO2,115200n8 earlyprintk rootwait 
bootcmd=
bootcmd_mmc0=setenv devnum 0; setenv rootpart 2; run mmc_boot;
bootcmd_nand=run nandboot;
bootcmd_usb=setenv devnum 0; run usb_boot;
bootdelay=3
bootdir=/boot
bootfile=zImage
bootpart=0:2
bootscript=echo Running bootscript from mmc${mmcdev} ...; source ${loadaddr}
console=ttyO2,115200n8
cpu=armv7
fdt_high=0xa0000000
fdtaddr=0x80F80000
fdtfile=undefined
findfdt=if test $board_name = omap5_uevm; then setenv fdtfile omap5-uevm.dtb; fi; if test $fdtfile = undefined; then echo WARNING: Could not determine device tree to use; fi; 
importbootenv=echo Importing environment from mmc${mmcdev} ...; env import -t ${loadaddr} ${filesize}
loadaddr=0x80200000
loadbootenv=fatload mmc ${mmcdev} ${loadaddr} uEnv.txt
loadbootscript=fatload mmc ${mmcdev} ${loadaddr} boot.scr
loadfdt=load ${devtype} ${bootpart} ${fdtaddr} ${bootdir}/${fdtfile};
loadimage=load mmc ${bootpart} ${loadaddr} ${bootdir}/${bootfile}
mmc_boot=setenv devtype mmc; if mmc dev ${devnum}; then run mmcargs;run scan_boot; run mmcboot;setenv mmcdev 1; setenv bootpart 1:2; run mmcboot;fi
mmcargs=setenv bootargs console=${console} ${optargs} vram=${vram} root=${mmcroot} rootfstype=${mmcrootfstype}
mmcboot=mmc dev ${mmcdev}; if mmc rescan; then echo SD/MMC found on device ${mmcdev};if run loadbootenv; then echo Loaded environment from ${bootenv};run importbootenv;fi;if test -n $uenvcmd; then echo Running uenvcmd ...;run uenvcmd;fi;if run loadimage; then run loadfdt; echo Booting from mmc${mmcdev} ...; run mmcargs; bootz ${loadaddr} - ${fdtaddr}; fi;fi;
mmcdev=0
mmcroot=/dev/mmcblk1p2 rw
mmcrootfstype=ext4 rootwait
nandargs=setenv bootargs console=${console} ${optargs} root=${nandroot} rootfstype=${nandrootfstype}
nandboot=echo Booting from nand ...; run nandargs; nand read ${fdtaddr} NAND.u-boot-spl-os; nand read ${loadaddr} NAND.kernel; bootz ${loadaddr} - ${fdtaddr}
nandroot=ubi0:rootfs rw ubi.mtd=NAND.file-system,CONFIG_SYS_NAND_PAGE_SIZE
nandrootfstype=ubifs rootwait=1
partitions=uuid_disk=${uuid_gpt_disk};name=rootfs,start=2MiB,size=-,uuid=${uuid_gpt_rootfs}
rdaddr=0x81000000
rootpart=2
scan_boot=echo Scanning ${devtype} ${devnum}...; for prefix in ${bootdir}; do for script in ${bootfile}; do run script_boot; done; done;
script_boot=if load ${devtype} ${devnum}:${rootpart} ${loadaddr} ${bootdir}/${bootfile}; then run findfdt; load ${devtype} ${devnum}:${rootpart} ${fdtaddr} ${bootdir}/${fdtfile};fi;
scsidevs=0
serverip=192.168.0.1
soc=omap5
stderr=serial
stdin=serial
stdout=serial
usb_boot=setenv devtype usb; run usb_init; if usb dev 0; then run usbargs;run scan_boot; bootz ${loadaddr} - ${fdtaddr}; fi
usb_init=usb start 0;
usbargs=setenv bootargs console=${console} ${optargs} vram=${vram}root=${usbroot} rootfstype=${usbrootfstype}
usbethaddr=02:21:03:ff:09:60
usbroot=/dev/sda2 rw
usbrootfstype=ext4 rootwait
usbtty=cdc_acm
vendor=ti
ver=U-Boot 2013.10-g78d8ebd (Mar 06 2014 - 13:52:32)
vram=16M 

Environment size: 3178/131067 bytes
U-Boot# 
- 06:32:42 [INFO] Host: usb start
- 06:32:45 [INFO] Target: 
usb start
(Re)start USB...
USB0:   USB EHCI 1.00
scanning bus 0 for devices... 3 USB Device(s) found
       scanning usb for storage devices... 0 Storage Device(s) found
       scanning usb for ethernet devices... 1 Ethernet Device(s) found
U-Boot# 
- 06:32:45 [INFO] Host: printenv
- 06:32:45 [INFO] Target: 
printenv
arch=arm
autoload=no
baudrate=115200
board=omap5_uevm
board_name=omap5_uevm
boot_targets=usb mmc0  
bootargs=console=ttyO2,115200n8 earlyprintk rootwait 
bootcmd=
bootcmd_mmc0=setenv devnum 0; setenv rootpart 2; run mmc_boot;
bootcmd_nand=run nandboot;
bootcmd_usb=setenv devnum 0; run usb_boot;
bootdelay=3
bootdir=/boot
bootfile=zImage
bootpart=0:2
bootscript=echo Running bootscript from mmc${mmcdev} ...; source ${loadaddr}
console=ttyO2,115200n8
cpu=armv7
ethact=sms0
fdt_high=0xa0000000
fdtaddr=0x80F80000
fdtfile=undefined
findfdt=if test $board_name = omap5_uevm; then setenv fdtfile omap5-uevm.dtb; fi; if test $fdtfile = undefined; then echo WARNING: Could not determine device tree to use; fi; 
importbootenv=echo Importing environment from mmc${mmcdev} ...; env import -t ${loadaddr} ${filesize}
loadaddr=0x80200000
loadbootenv=fatload mmc ${mmcdev} ${loadaddr} uEnv.txt
loadbootscript=fatload mmc ${mmcdev} ${loadaddr} boot.scr
loadfdt=load ${devtype} ${bootpart} ${fdtaddr} ${bootdir}/${fdtfile};
loadimage=load mmc ${bootpart} ${loadaddr} ${bootdir}/${bootfile}
mmc_boot=setenv devtype mmc; if mmc dev ${devnum}; then run mmcargs;run scan_boot; run mmcboot;setenv mmcdev 1; setenv bootpart 1:2; run mmcboot;fi
mmcargs=setenv bootargs console=${console} ${optargs} vram=${vram} root=${mmcroot} rootfstype=${mmcrootfstype}
mmcboot=mmc dev ${mmcdev}; if mmc rescan; then echo SD/MMC found on device ${mmcdev};if run loadbootenv; then echo Loaded environment from ${bootenv};run importbootenv;fi;if test -n $uenvcmd; then echo Running uenvcmd ...;run uenvcmd;fi;if run loadimage; then run loadfdt; echo Booting from mmc${mmcdev} ...; run mmcargs; bootz ${loadaddr} - ${fdtaddr}; fi;fi;
mmcdev=0
mmcroot=/dev/mmcblk1p2 rw
mmcrootfstype=ext4 rootwait
nandargs=setenv bootargs console=${console} ${optargs} root=${nandroot} rootfstype=${nandrootfstype}
nandboot=echo Booting from nand ...; run nandargs; nand read ${fdtaddr} NAND.u-boot-spl-os; nand read ${loadaddr} NAND.kernel; bootz ${loadaddr} - ${fdtaddr}
nandroot=ubi0:rootfs rw ubi.mtd=NAND.file-system,CONFIG_SYS_NAND_PAGE_SIZE
nandrootfstype=ubifs rootwait=1
partitions=uuid_disk=${uuid_gpt_disk};name=rootfs,start=2MiB,size=-,uuid=${uuid_gpt_rootfs}
rdaddr=0x81000000
rootpart=2
scan_boot=echo Scanning ${devtype} ${devnum}...; for prefix in ${bootdir}; do for script in ${bootfile}; do run script_boot; done; done;
script_boot=if load ${devtype} ${devnum}:${rootpart} ${loadaddr} ${bootdir}/${bootfile}; then run findfdt; load ${devtype} ${devnum}:${rootpart} ${fdtaddr} ${bootdir}/${fdtfile};fi;
scsidevs=0
serverip=192.168.0.1
soc=omap5
stderr=serial
stdin=serial
stdout=serial
usb_boot=setenv devtype usb; run usb_init; if usb dev 0; then run usbargs;run scan_boot; bootz ${loadaddr} - ${fdtaddr}; fi
usb_init=usb start 0;
usbargs=setenv bootargs console=${console} ${optargs} vram=${vram}root=${usbroot} rootfstype=${usbrootfstype}
usbethaddr=02:21:03:ff:09:60
usbroot=/dev/sda2 rw
usbrootfstype=ext4 rootwait
usbtty=cdc_acm
vendor=ti
ver=U-Boot 2013.10-g78d8ebd (Mar 06 2014 - 13:52:32)
vram=16M 

Environment size: 3192/131067 bytes
U-Boot# 
- 06:32:45 [INFO] Host: setenv bootargs ''${bootargs}' ip=dhcp '
- 06:32:46 [INFO] Target: 
setenv bootargs ''${bootargs}' ip=dhcp '
U-Boot# 
- 06:32:46 [INFO] Host: setenv ipaddr dhcp
- 06:32:46 [INFO] Target: 
setenv ipaddr dhcp
U-Boot# 
- 06:32:46 [INFO] Host: dhcp
- 06:32:49 [INFO] Target: 
dhcp
Waiting for Ethernet connection... done.
BOOTP broadcast 1
DHCP client bound to address 192.168.0.195
U-Boot# 
- 06:32:49 [INFO] Host: setenv serverip '192.168.0.1'
- 06:32:50 [INFO] Target: 
setenv serverip '192.168.0.1'
U-Boot# 
- 06:32:50 [INFO] Host: tftp ${loadaddr} 192.168.0.1:vatf_omap5-evm/ddfd7979d8608ff2a2639abf73187707
- 06:32:53 [INFO] Target: 
tftp ${loadaddr} 192.168.0.1:vatf_omap5-evm/ddfd7979d8608ff2a2639abf73187707
Waiting for Ethernet connection... done.
Using sms0 device
TFTP from server 192.168.0.1; our IP address is 192.168.0.195
Filename 'vatf_omap5-evm/ddfd7979d8608ff2a2639abf73187707'.
Load address: 0x80200000
Loading: *#################################################################
	 #################################################################
	 #################################################################
	 #################################################################
	 ######################################
	 2.8 MiB/s
done
Bytes transferred = 4370152 (42aee8 hex)
U-Boot# 
- 06:32:53 [INFO] Host: tftp ${fdtaddr} 192.168.0.1:vatf_omap5-evm/37393166125e140deea2774555523ae6
- 06:32:55 [INFO] Target: 
tftp ${fdtaddr} 192.168.0.1:vatf_omap5-evm/37393166125e140deea2774555523ae6
Waiting for Ethernet connection... done.
Using sms0 device
TFTP from server 192.168.0.1; our IP address is 192.168.0.195
Filename 'vatf_omap5-evm/37393166125e140deea2774555523ae6'.
Load address: 0x80f80000
Loading: *####
	 2.6 MiB/s
done
Bytes transferred = 49643 (c1eb hex)
U-Boot# 
- 06:32:55 [INFO] Host: ls mmc 0:1
- 06:32:56 [INFO] Target: 
ls mmc 0:1
    57496   mlo 
     1164   readme 
   289952   u-boot.img 
      601   uenv.txt 

4 file(s), 0 dir(s)

U-Boot# 
- 06:32:56 [INFO] Host: ls mmc 0:2
- 06:32:56 [INFO] Target: 
ls mmc 0:2
<DIR>       4096 .
<DIR>       4096 ..
<DIR>       4096 bin
<DIR>       4096 boot
<DIR>       4096 dev
<DIR>       4096 etc
<DIR>       4096 home
<DIR>       4096 lib
<DIR>       4096 media
<DIR>       4096 mnt
<DIR>       4096 opt
<DIR>       4096 proc
<SYM>          8 run
<DIR>       4096 sbin
<DIR>       4096 srv
<DIR>       4096 sys
<SYM>          8 tmp
<DIR>       4096 usr
<DIR>       4096 var
<DIR>       4096 www
<DIR>       4096 Settings
<DIR>       4096 test
U-Boot# 
- 06:32:56 [INFO] Host: part uuid mmc 0:2
- 06:32:57 [INFO] Target: 
part uuid mmc 0:2
00000000-02
U-Boot# 
- 06:32:57 [INFO] Host: printenv
- 06:32:57 [INFO] Target: 
printenv
arch=arm
autoload=no
baudrate=115200
board=omap5_uevm
board_name=omap5_uevm
boot_targets=usb mmc0  
bootargs=console=ttyO2,115200n8 earlyprintk rootwait ip=dhcp
bootcmd=
bootcmd_mmc0=setenv devnum 0; setenv rootpart 2; run mmc_boot;
bootcmd_nand=run nandboot;
bootcmd_usb=setenv devnum 0; run usb_boot;
bootdelay=3
bootdir=/boot
bootfile=zImage
bootpart=0:2
bootscript=echo Running bootscript from mmc${mmcdev} ...; source ${loadaddr}
console=ttyO2,115200n8
cpu=armv7
dnsip=192.0.2.2
ethact=sms0
fdt_high=0xa0000000
fdtaddr=0x80F80000
fdtfile=undefined
fileaddr=80f80000
filesize=c1eb
findfdt=if test $board_name = omap5_uevm; then setenv fdtfile omap5-uevm.dtb; fi; if test $fdtfile = undefined; then echo WARNING: Could not determine device tree to use; fi; 
gatewayip=192.168.0.1
importbootenv=echo Importing environment from mmc${mmcdev} ...; env import -t ${loadaddr} ${filesize}
ipaddr=192.168.0.195
loadaddr=0x80200000
loadbootenv=fatload mmc ${mmcdev} ${loadaddr} uEnv.txt
loadbootscript=fatload mmc ${mmcdev} ${loadaddr} boot.scr
loadfdt=load ${devtype} ${bootpart} ${fdtaddr} ${bootdir}/${fdtfile};
loadimage=load mmc ${bootpart} ${loadaddr} ${bootdir}/${bootfile}
mmc_boot=setenv devtype mmc; if mmc dev ${devnum}; then run mmcargs;run scan_boot; run mmcboot;setenv mmcdev 1; setenv bootpart 1:2; run mmcboot;fi
mmcargs=setenv bootargs console=${console} ${optargs} vram=${vram} root=${mmcroot} rootfstype=${mmcrootfstype}
mmcboot=mmc dev ${mmcdev}; if mmc rescan; then echo SD/MMC found on device ${mmcdev};if run loadbootenv; then echo Loaded environment from ${bootenv};run importbootenv;fi;if test -n $uenvcmd; then echo Running uenvcmd ...;run uenvcmd;fi;if run loadimage; then run loadfdt; echo Booting from mmc${mmcdev} ...; run mmcargs; bootz ${loadaddr} - ${fdtaddr}; fi;fi;
mmcdev=0
mmcroot=/dev/mmcblk1p2 rw
mmcrootfstype=ext4 rootwait
nandargs=setenv bootargs console=${console} ${optargs} root=${nandroot} rootfstype=${nandrootfstype}
nandboot=echo Booting from nand ...; run nandargs; nand read ${fdtaddr} NAND.u-boot-spl-os; nand read ${loadaddr} NAND.kernel; bootz ${loadaddr} - ${fdtaddr}
nandroot=ubi0:rootfs rw ubi.mtd=NAND.file-system,CONFIG_SYS_NAND_PAGE_SIZE
nandrootfstype=ubifs rootwait=1
netmask=255.255.255.0
partitions=uuid_disk=${uuid_gpt_disk};name=rootfs,start=2MiB,size=-,uuid=${uuid_gpt_rootfs}
rdaddr=0x81000000
rootpart=2
scan_boot=echo Scanning ${devtype} ${devnum}...; for prefix in ${bootdir}; do for script in ${bootfile}; do run script_boot; done; done;
script_boot=if load ${devtype} ${devnum}:${rootpart} ${loadaddr} ${bootdir}/${bootfile}; then run findfdt; load ${devtype} ${devnum}:${rootpart} ${fdtaddr} ${bootdir}/${fdtfile};fi;
scsidevs=0
serverip=192.168.0.1
soc=omap5
stderr=serial
stdin=serial
stdout=serial
usb_boot=setenv devtype usb; run usb_init; if usb dev 0; then run usbargs;run scan_boot; bootz ${loadaddr} - ${fdtaddr}; fi
usb_init=usb start 0;
usbargs=setenv bootargs console=${console} ${optargs} vram=${vram}root=${usbroot} rootfstype=${usbrootfstype}
usbethaddr=02:21:03:ff:09:60
usbroot=/dev/sda2 rw
usbrootfstype=ext4 rootwait
usbtty=cdc_acm
vendor=ti
ver=U-Boot 2013.10-g78d8ebd (Mar 06 2014 - 13:52:32)
vram=16M 

Environment size: 3324/131067 bytes
U-Boot# 
- 06:32:57 [INFO] Host: setenv bootargs ''${bootargs}' root=PARTUUID=00000000-02 rw rootfstype=ext4 rootwait '
- 06:32:58 [INFO] Target: 
setenv bootargs ''${bootargs}' root=PARTUUID=00000000-02 rw rootfstype=ext4 rootwait '
U-Boot# 
- 06:32:58 [INFO] Host: printenv
- 06:32:58 [INFO] Target: 
printenv
arch=arm
autoload=no
baudrate=115200
board=omap5_uevm
board_name=omap5_uevm
boot_targets=usb mmc0  
bootargs=console=ttyO2,115200n8 earlyprintk rootwait ip=dhcp root=PARTUUID=00000000-02 rw rootfstype=ext4 rootwait
bootcmd=
bootcmd_mmc0=setenv devnum 0; setenv rootpart 2; run mmc_boot;
bootcmd_nand=run nandboot;
bootcmd_usb=setenv devnum 0; run usb_boot;
bootdelay=3
bootdir=/boot
bootfile=zImage
bootpart=0:2
bootscript=echo Running bootscript from mmc${mmcdev} ...; source ${loadaddr}
console=ttyO2,115200n8
cpu=armv7
dnsip=192.0.2.2
ethact=sms0
fdt_high=0xa0000000
fdtaddr=0x80F80000
fdtfile=undefined
fileaddr=80f80000
filesize=c1eb
findfdt=if test $board_name = omap5_uevm; then setenv fdtfile omap5-uevm.dtb; fi; if test $fdtfile = undefined; then echo WARNING: Could not determine device tree to use; fi; 
gatewayip=192.168.0.1
importbootenv=echo Importing environment from mmc${mmcdev} ...; env import -t ${loadaddr} ${filesize}
ipaddr=192.168.0.195
loadaddr=0x80200000
loadbootenv=fatload mmc ${mmcdev} ${loadaddr} uEnv.txt
loadbootscript=fatload mmc ${mmcdev} ${loadaddr} boot.scr
loadfdt=load ${devtype} ${bootpart} ${fdtaddr} ${bootdir}/${fdtfile};
loadimage=load mmc ${bootpart} ${loadaddr} ${bootdir}/${bootfile}
mmc_boot=setenv devtype mmc; if mmc dev ${devnum}; then run mmcargs;run scan_boot; run mmcboot;setenv mmcdev 1; setenv bootpart 1:2; run mmcboot;fi
mmcargs=setenv bootargs console=${console} ${optargs} vram=${vram} root=${mmcroot} rootfstype=${mmcrootfstype}
mmcboot=mmc dev ${mmcdev}; if mmc rescan; then echo SD/MMC found on device ${mmcdev};if run loadbootenv; then echo Loaded environment from ${bootenv};run importbootenv;fi;if test -n $uenvcmd; then echo Running uenvcmd ...;run uenvcmd;fi;if run loadimage; then run loadfdt; echo Booting from mmc${mmcdev} ...; run mmcargs; bootz ${loadaddr} - ${fdtaddr}; fi;fi;
mmcdev=0
mmcroot=/dev/mmcblk1p2 rw
mmcrootfstype=ext4 rootwait
nandargs=setenv bootargs console=${console} ${optargs} root=${nandroot} rootfstype=${nandrootfstype}
nandboot=echo Booting from nand ...; run nandargs; nand read ${fdtaddr} NAND.u-boot-spl-os; nand read ${loadaddr} NAND.kernel; bootz ${loadaddr} - ${fdtaddr}
nandroot=ubi0:rootfs rw ubi.mtd=NAND.file-system,CONFIG_SYS_NAND_PAGE_SIZE
nandrootfstype=ubifs rootwait=1
netmask=255.255.255.0
partitions=uuid_disk=${uuid_gpt_disk};name=rootfs,start=2MiB,size=-,uuid=${uuid_gpt_rootfs}
rdaddr=0x81000000
rootpart=2
scan_boot=echo Scanning ${devtype} ${devnum}...; for prefix in ${bootdir}; do for script in ${bootfile}; do run script_boot; done; done;
script_boot=if load ${devtype} ${devnum}:${rootpart} ${loadaddr} ${bootdir}/${bootfile}; then run findfdt; load ${devtype} ${devnum}:${rootpart} ${fdtaddr} ${bootdir}/${fdtfile};fi;
scsidevs=0
serverip=192.168.0.1
soc=omap5
stderr=serial
stdin=serial
stdout=serial
usb_boot=setenv devtype usb; run usb_init; if usb dev 0; then run usbargs;run scan_boot; bootz ${loadaddr} - ${fdtaddr}; fi
usb_init=usb start 0;
usbargs=setenv bootargs console=${console} ${optargs} vram=${vram}root=${usbroot} rootfstype=${usbrootfstype}
usbethaddr=02:21:03:ff:09:60
usbroot=/dev/sda2 rw
usbrootfstype=ext4 rootwait
usbtty=cdc_acm
vendor=ti
ver=U-Boot 2013.10-g78d8ebd (Mar 06 2014 - 13:52:32)
vram=16M 

Environment size: 3378/131067 bytes
U-Boot# 
- 06:32:58 [INFO] Host: setenv bootcmd ''${bootcmd}' if iminfo ${loadaddr}; then bootm ${loadaddr} - ${fdtaddr}; else bootz ${loadaddr} - ${fdtaddr}; bootm ${loadaddr} - ${fdtaddr}; fi'
- 06:32:59 [INFO] Target: 
setenv bootcmd ''${bootcmd}' if iminfo ${loadaddr}; then bootm ${loadaddr} - ${fdtaddr}; else bootz ${loadaddr} - ${fdtaddr}; bootm ${loadaddr} - ${fdtaddr}; fi'
U-Boot# 
- 06:32:59 [INFO] Host: bdinfo
- 06:32:59 [INFO] Target: 
bdinfo
arch_number = 0x00000EC1
boot_params = 0x80000100
DRAM bank   = 0x00000000
-> start    = 0x80000000
-> size     = 0x7F000000
eth0name    = sms0
ethaddr     = (not set)
current eth = sms0
ip_addr     = 192.168.0.195
baudrate    = 115200 bps
TLB addr    = 0xFEFF0000
relocaddr   = 0xFEF64000
reloc off   = 0x7E764000
irq_sp      = 0xFEB43F38
sp start    = 0xFEB43F28
U-Boot# 
- 06:32:59 [INFO] Host: boot
- 06:33:23 [INFO] Target: 
boot

## Checking Image at 80200000 ...
Unknown image format!
Kernel image @ 0x80200000 [ 0x000000 - 0x42aee8 ]
## Flattened Device Tree blob at 80f80000
   Booting using the fdt blob at 0x80f80000
   Loading Device Tree to 9fff0000, end 9ffff1ea ... OK

Starting kernel ...

[    0.000000] Booting Linux on physical CPU 0x0
[    0.000000] Linux version 3.16.0-next-20140815-00002-g32ef868 (nmenon@kahuna) (gcc version 4.6.3 (Ubuntu/Linaro 4.6.3-1ubuntu5) ) #1 SMP Fri Aug 15 05:29:38 CDT 2014
[    0.000000] CPU: ARMv7 Processor [412fc0f2] revision 2 (ARMv7), cr=10c5387d
[    0.000000] CPU: PIPT / VIPT nonaliasing data cache, PIPT instruction cache
[    0.000000] Machine model: TI OMAP5 uEVM board
[    0.000000] cma: Reserved 16 MiB at ae800000
[    0.000000] Memory policy: Data cache writealloc
[    0.000000] OMAP5432 ES2.0
[    0.000000] PERCPU: Embedded 9 pages/cpu @ed7ae000 s14336 r8192 d14336 u36864
[    0.000000] Built 1 zonelists in Zone order, mobility grouping on.  Total pages: 518416
[    0.000000] Kernel command line: console=ttyO2,115200n8 earlyprintk rootwait ip=dhcp root=PARTUUID=00000000-02 rw rootfstype=ext4 rootwait
[    0.000000] PID hash table entries: 4096 (order: 2, 16384 bytes)
[    0.000000] Dentry cache hash table entries: 131072 (order: 7, 524288 bytes)
[    0.000000] Inode-cache hash table entries: 65536 (order: 6, 262144 bytes)
[    0.000000] Memory: 2028616K/2079744K available (5703K kernel code, 653K rwdata, 2208K rodata, 406K init, 8211K bss, 51128K reserved, 1301504K highmem)
[    0.000000] Virtual kernel memory layout:
[    0.000000]     vector  : 0xffff0000 - 0xffff1000   (   4 kB)
[    0.000000]     fixmap  : 0xffc00000 - 0xffe00000   (2048 kB)
[    0.000000]     vmalloc : 0xf0000000 - 0xff000000   ( 240 MB)
[    0.000000]     lowmem  : 0xc0000000 - 0xef800000   ( 760 MB)
[    0.000000]     pkmap   : 0xbfe00000 - 0xc0000000   (   2 MB)
[    0.000000]     modules : 0xbf000000 - 0xbfe00000   (  14 MB)
[    0.000000]       .text : 0xc0008000 - 0xc07c1f34   (7912 kB)
[    0.000000]       .init : 0xc07c2000 - 0xc0827800   ( 406 kB)
[    0.000000]       .data : 0xc0828000 - 0xc08cb5c8   ( 654 kB)
[    0.000000]        .bss : 0xc08cb5c8 - 0xc10d01d8   (8212 kB)
[    0.000000] Hierarchical RCU implementation.
[    0.000000] NR_IRQS:16 nr_irqs:16 16
[    0.000000] OMAP clockevent source: timer1 at 32768 Hz
[    0.000000] sched_clock: 32 bits at 32kHz, resolution 30517ns, wraps every 65536000000000ns
[    0.000000] OMAP clocksource: 32k_counter at 32768 Hz
[    0.000366] Architected cp15 timer(s) running at 6.14MHz (virt).
[    0.000371] sched_clock: 56 bits at 6MHz, resolution 162ns, wraps every 2796202663936ns
[    0.000382] Switching to timer-based delay loop, resolution 162ns
[    0.001310] Console: colour dummy device 80x30
[    0.001342] Lock dependency validator: Copyright (c) 2006 Red Hat, Inc., Ingo Molnar
[    0.001349] ... MAX_LOCKDEP_SUBCLASSES:  8
[    0.001356] ... MAX_LOCK_DEPTH:          48
[    0.001363] ... MAX_LOCKDEP_KEYS:        8191
[    0.001369] ... CLASSHASH_SIZE:          4096
[    0.001375] ... MAX_LOCKDEP_ENTRIES:     32768
[    0.001381] ... MAX_LOCKDEP_CHAINS:      65536
[    0.001388] ... CHAINHASH_SIZE:          32768
[    0.001394]  memory used by lock dependency info: 5167 kB
[    0.001401]  per task-struct memory footprint: 1152 bytes
[    0.001431] Calibrating delay loop (skipped), value calculated using timer frequency.. 12.28 BogoMIPS (lpj=61440)
[    0.001445] pid_max: default: 32768 minimum: 301
[    0.001751] Security Framework initialized
[    0.001853] Mount-cache hash table entries: 2048 (order: 1, 8192 bytes)
[    0.001866] Mountpoint-cache hash table entries: 2048 (order: 1, 8192 bytes)
[    0.003532] CPU: Testing write buffer coherency: ok
[    0.004297] /cpus/cpu@0 missing clock-frequency property
[    0.004317] /cpus/cpu@1 missing clock-frequency property
[    0.004328] CPU0: thread -1, cpu 0, socket 0, mpidr 80000000
[    0.004381] Setting up static identity map for 0x80567818 - 0x80567888
[    0.008210] CPU1: Booted secondary processor
[    0.008243] CPU1: thread -1, cpu 1, socket 0, mpidr 80000001
[    0.008667] Brought up 2 CPUs
[    0.008681] SMP: Total of 2 processors activated.
[    0.008688] CPU: All CPU(s) started in SVC mode.
[    0.010711] devtmpfs: initialized
[    0.020159] VFP support v0.3: implementor 41 architecture 4 part 30 variant f rev 0
[    0.021453] omap_hwmod: l3_main_3 using broken dt data from ocp
[    0.022626] omap_hwmod: l3_main_2 using broken dt data from ocp
[    0.038216] ------------[ cut here ]------------
[    0.038231] WARNING: CPU: 0 PID: 1 at arch/arm/mach-omap2/omap_hwmod.c:2538 _init+0x1c0/0x3e0()
[    0.038238] omap_hwmod: dss_rfbi: doesn't have mpu register target base
[    0.038244] Modules linked in:
[    0.038259] CPU: 0 PID: 1 Comm: swapper/0 Not tainted 3.16.0-next-20140815-00002-g32ef868 #1
[    0.038285] [<c0015230>] (unwind_backtrace) from [<c0011a08>] (show_stack+0x10/0x14)
[    0.038305] [<c0011a08>] (show_stack) from [<c055f454>] (dump_stack+0x78/0x94)
[    0.038319] [<c055f454>] (dump_stack) from [<c0041098>] (warn_slowpath_common+0x6c/0x8c)
[    0.038332] [<c0041098>] (warn_slowpath_common) from [<c004114c>] (warn_slowpath_fmt+0x30/0x40)
[    0.038346] [<c004114c>] (warn_slowpath_fmt) from [<c07cf1b8>] (_init+0x1c0/0x3e0)
[    0.038360] [<c07cf1b8>] (_init) from [<c0028a60>] (omap_hwmod_for_each+0x34/0x5c)
[    0.038374] [<c0028a60>] (omap_hwmod_for_each) from [<c07cf92c>] (__omap_hwmod_setup_all+0x24/0x40)
[    0.038386] [<c07cf92c>] (__omap_hwmod_setup_all) from [<c00089a4>] (do_one_initcall+0x80/0x1d4)
[    0.038398] [<c00089a4>] (do_one_initcall) from [<c07c2cbc>] (kernel_init_freeable+0x108/0x1d8)
[    0.038411] [<c07c2cbc>] (kernel_init_freeable) from [<c055a018>] (kernel_init+0x8/0xe4)
[    0.038424] [<c055a018>] (kernel_init) from [<c000e648>] (ret_from_fork+0x14/0x2c)
[    0.038465] ---[ end trace 0cb57438dc72a4a7 ]---
[    0.092347] omap_hwmod: dss_dispc: cannot be enabled for reset (3)
[    0.094829] omap_hwmod: dss_dsi1: cannot be enabled for reset (3)
[    0.097313] omap_hwmod: dss_dsi2: cannot be enabled for reset (3)
[    0.099797] omap_hwmod: dss_hdmi: cannot be enabled for reset (3)
[    0.140327] pinctrl core: initialized pinctrl subsystem
[    0.142235] regulator-dummy: no parameters
[    0.179663] NET: Registered protocol family 16
[    0.183771] DMA: preallocated 256 KiB pool for atomic coherent allocations
[    0.185258] cpuidle: using governor ladder
[    0.185277] cpuidle: using governor menu
[    0.203948] OMAP GPIO hardware version 0.1
[    0.213550] platform 50000000.gpmc: Cannot lookup hwmod 'gpmc'
[    0.213734] omap-gpmc 50000000.gpmc: _od_fail_runtime_resume: FIXME: missing hwmod/omap_dev info
[    0.213750] omap-gpmc 50000000.gpmc: GPMC revision 6.0
[    0.213828] gpmc_mem_init: disabling cs 0 mapped at 0x0-0x10000000
[    0.236817] No ATAGs?
[    0.236879] hw-breakpoint: found 5 (+1 reserved) breakpoint and 4 watchpoint registers.
[    0.236889] hw-breakpoint: maximum watchpoint size is 8 bytes.
[    0.238794] OMAP DMA hardware revision 0.0
[    0.283204] edma-dma-engine edma-dma-engine.0: Can't allocate PaRAM dummy slot
[    0.283245] edma-dma-engine: probe of edma-dma-engine.0 failed with error -22
[    0.310153] omap-dma-engine 4a056000.dma-controller: OMAP DMA engine driver
[    0.311252] vmmcsd_fixed: 3000 mV 
[    0.314614] SCSI subsystem initialized
[    0.315217] usbcore: registered new interface driver usbfs
[    0.315349] usbcore: registered new interface driver hub
[    0.315840] usbcore: registered new device driver usb
[    0.316232] hsusb2_phy supply vcc not found, using dummy regulator
[    0.316699] hsusb3_phy supply vcc not found, using dummy regulator
[    0.317412] omap_i2c 48070000.i2c: could not find pctldev for node /ocp/pinmux@4a002840/pinmux_i2c1_pins, deferring probe
[    0.317436] platform 48070000.i2c: Driver omap_i2c requests probe deferral
[    0.318324] omap_i2c 48072000.i2c: bus 1 rev0.12 at 100 kHz
[    0.319115] omap_i2c 48060000.i2c: bus 2 rev0.12 at 100 kHz
[    0.319764] omap_i2c 4807a000.i2c: bus 3 rev0.12 at 100 kHz
[    0.319831] omap_i2c 4807c000.i2c: could not find pctldev for node /ocp/pinmux@4a002840/pinmux_i2c5_pins, deferring probe
[    0.319851] platform 4807c000.i2c: Driver omap_i2c requests probe deferral
[    0.323041] Switched to clocksource arch_sys_counter
[    0.426825] NET: Registered protocol family 2
[    0.428143] TCP established hash table entries: 8192 (order: 3, 32768 bytes)
[    0.428337] TCP bind hash table entries: 8192 (order: 6, 294912 bytes)
[    0.430625] TCP: Hash tables configured (established 8192 bind 8192)
[    0.430765] TCP: reno registered
[    0.430786] UDP hash table entries: 512 (order: 3, 40960 bytes)
[    0.431097] UDP-Lite hash table entries: 512 (order: 3, 40960 bytes)
[    0.432051] NET: Registered protocol family 1
[    0.432806] RPC: Registered named UNIX socket transport module.
[    0.432817] RPC: Registered udp transport module.
[    0.432826] RPC: Registered tcp transport module.
[    0.432835] RPC: Registered tcp NFSv4.1 backchannel transport module.
[    0.433785] hw perfevents: enabled with armv7_cortex_a15 PMU driver, 7 counters available
[    0.437792] futex hash table entries: 512 (order: 3, 32768 bytes)
[    0.442637] VFS: Disk quotas dquot_6.5.2
[    0.442733] Dquot-cache hash table entries: 1024 (order 0, 4096 bytes)
[    0.444260] NFS: Registering the id_resolver key type
[    0.444476] Key type id_resolver registered
[    0.444486] Key type id_legacy registered
[    0.444582] jffs2: version 2.2. (NAND) (SUMMARY)   2001-2006 Red Hat, Inc.
[    0.444970] msgmni has been set to 1452
[    0.446902] bounce: pool size: 64 pages
[    0.446950] io scheduler noop registered
[    0.446967] io scheduler deadline registered
[    0.447043] io scheduler cfq registered (default)
[    0.452438] pinctrl-single 4a002840.pinmux: 219 pins at pa fc002840 size 438
[    0.452811] pinctrl-single 4ae0c840.pinmux: 28 pins at pa fce0c840 size 56
[    0.454742] pbias_mmc_omap5: 1800 <--> 3000 mV at 3000 mV 
[    0.455888] abb_mpu: 1060 <--> 1250 mV 
[    0.456481] abb_mm: 1025 <--> 1120 mV 
[    0.457608] Serial: 8250/16550 driver, 4 ports, IRQ sharing enabled
[    0.461749] omap_uart 4806a000.serial: no wakeirq for uart0
[    0.462051] 4806a000.serial: ttyO0 at MMIO 0x4806a000 (irq = 104, base_baud = 3000000) is a OMAP UART0
[    0.463172] omap_uart 4806c000.serial: no wakeirq for uart0
[    0.463349] 4806c000.serial: ttyO1 at MMIO 0x4806c000 (irq = 105, base_baud = 3000000) is a OMAP UART1
[    0.464161] omap_uart 48020000.serial: no wakeirq for uart0
[    0.464334] 48020000.serial: ttyO2 at MMIO 0x48020000 (irq = 106, base_baud = 3000000) is a OMAP UART2
[    1.435196] console [ttyO2] enabled
[    1.439969] omap_uart 4806e000.serial: no wakeirq for uart0
[    1.446027] 4806e000.serial: ttyO3 at MMIO 0x4806e000 (irq = 102, base_baud = 3000000) is a OMAP UART3
[    1.456987] omap_uart 48066000.serial: no wakeirq for uart0
[    1.463000] 48066000.serial: ttyO4 at MMIO 0x48066000 (irq = 137, base_baud = 3000000) is a OMAP UART4
[    1.473563] omap_uart 48068000.serial: no wakeirq for uart0
[    1.479549] 48068000.serial: ttyO5 at MMIO 0x48068000 (irq = 138, base_baud = 3000000) is a OMAP UART5
[    1.506492] brd: module loaded
[    1.519307] loop: module loaded
[    1.524951] mtdoops: mtd device (mtddev=name/number) must be supplied
[    1.537142] usbcore: registered new interface driver asix
[    1.542887] usbcore: registered new interface driver ax88179_178a
[    1.549374] usbcore: registered new interface driver cdc_ether
[    1.555625] usbcore: registered new interface driver smsc95xx
[    1.561735] usbcore: registered new interface driver net1080
[    1.567762] usbcore: registered new interface driver cdc_subset
[    1.574065] usbcore: registered new interface driver zaurus
[    1.580044] usbcore: registered new interface driver cdc_ncm
[    1.586615] usbcore: registered new interface driver cdc_wdm
[    1.592675] usbcore: registered new interface driver usb-storage
[    1.599107] usbcore: registered new interface driver usbtest
[    1.606561] mousedev: PS/2 mouse device common for all mice
[    1.614514] i2c /dev entries driver
[    1.620000] Driver for 1-wire Dallas network protocol.
[    1.628329] omap_wdt: OMAP Watchdog Timer Rev 0x01: initial timeout 60 sec
[    1.637211] omap_hsmmc 4809c000.mmc: unable to get vmmc regulator -517
[    1.644224] platform 4809c000.mmc: Driver omap_hsmmc requests probe deferral
[    1.683374] 480ad000.mmc supply vmmc not found, using dummy regulator
[    1.690762] omap_hsmmc 480ad000.mmc: could not set regulator OCR (-22)
[    1.734496] ledtrig-cpu: registered to indicate activity on CPUs
[    1.741129] usbcore: registered new interface driver usbhid
[    1.746978] usbhid: USB HID core driver
[    1.753110] oprofile: using timer interrupt.
[    1.757920] TCP: cubic registered
[    1.761383] Initializing XFRM netlink socket
[    1.765959] NET: Registered protocol family 17
[    1.765968] mmc0: BKOPS_EN bit is not set
[    1.774845] NET: Registered protocol family 15
[    1.779675] Key type dns_resolver registered
[    1.784297] omap_vc_init_channel: No PMIC info for vdd_core
[    1.790127] omap_vp_init: No PMIC info for vdd_core
[    1.795249] omap_vc_init_channel: No PMIC info for vdd_mm
[    1.800893] omap_vp_init: No PMIC info for vdd_mm
[    1.805821] omap_vc_init_channel: No PMIC info for vdd_mpu
[    1.811560] omap_vp_init: No PMIC info for vdd_mpu
[    1.816646] mmc0: new high speed MMC card at address 0001
[    1.817241] ThumbEE CPU extension supported.
[    1.817268] Registering SWP/SWPB emulation handler
[    1.817281] SmartReflex Class3 initialized
[    1.837646] mmcblk0: mmc0:0001 SEM04G 3.68 GiB 
[    1.842744] mmcblk0boot0: mmc0:0001 SEM04G partition 1 2.00 MiB
[    1.845894] palmas 0-0048: Irq flag is 0x00000000
[    1.854295] mmcblk0boot1: mmc0:0001 SEM04G partition 2 2.00 MiB
[    1.863881]  mmcblk0: p1
[    1.867749] palmas 0-0048: Muxing GPIO 2, PWM 0, LED 0
[    1.874934]  mmcblk0boot1: unknown partition table
[    1.882483]  mmcblk0boot0: unknown partition table
[    1.917531] smps123: 600 <--> 1500 mV at 1060 mV 
[    1.924543] smps45: 600 <--> 1310 mV at 1030 mV 
[    1.932139] smps6: 1200 mV 
[    1.936884] smps7: 1800 mV 
[    1.941847] smps8: 600 <--> 1310 mV at 1040 mV 
[    1.948979] smps9: 2100 mV 
[    1.953484] smps10_out2: 5000 mV 
[    1.958246] smps10_out1: 5000 mV 
[    1.962651] ldo1: 1500 <--> 1800 mV 
[    1.968253] ldo2: 2800 mV 
[    1.973283] ldo3: 1500 mV 
[    1.977398] ldo4: 1500 <--> 1800 mV 
[    1.983266] ldo5: 1800 mV 
[    1.989659] ldo6: 1200 mV 
[    1.994329] ldo7: 2000 mV 
[    1.999215] ldo8: 3000 mV 
[    2.004222] ldo9: 1800 <--> 3000 mV at 3000 mV 
[    2.011079] ldoln: 1800 mV 
[    2.016149] ldousb: 3250 mV 
[    2.020212] REGEN1: no parameters
[    2.024131] REGEN2: no parameters
[    2.028288] regen3: no parameters
[    2.032498] SYSEN1: no parameters
[    2.036418] SYSEN2: no parameters
[    2.041250] twl6040 0-004b: clk32k is not handled
[    2.050099] omap_i2c 48070000.i2c: bus 0 rev0.12 at 400 kHz
[    2.058137] omap_i2c 4807c000.i2c: bus 4 rev0.12 at 400 kHz
[    2.104438] drivers/rtc/hctosys.c: unable to open rtc device (rtc0)
[    2.111008] sr_init: No PMIC hook to init smartreflex
[    2.116538] sr_init: platform driver register failed for SR
[    2.180702] mmc2: host does not support reading read-only switch. assuming write-enable.
[    2.191747] mmc2: new high speed SDHC card at address 1234
[    2.198404] mmcblk1: mmc2:1234 SA04G 3.63 GiB 
[    2.205489]  mmcblk1: p1 p2 p3
[   14.263585] ldo8: disabling
[   14.267463] ldo3: disabling
[   14.300674] EXT4-fs (mmcblk1p2): recovery complete
[   14.305998] EXT4-fs (mmcblk1p2): mounted filesystem with ordered data mode. Opts: (null)
[   14.314530] VFS: Mounted root (ext4 filesystem) on device 179:26.
[   14.331024] devtmpfs: mounted
[   14.334493] Freeing unused kernel memory: 404K (c07c2000 - c0827000)

INIT: version 2.88 booting

Error opening /dev/fb0: No such file or directory
Starting udev
[   14.869567] udevd[884]: starting version 182
[   16.044069] random: nonblocking pool is initialized
[   16.927530] EXT4-fs (mmcblk0p1): warning: mounting unchecked fs, running e2fsck is recommended
[   16.941576] EXT4-fs (mmcblk0p1): mounted filesystem without journal. Opts: (null)
[   17.014690] FAT-fs (mmcblk1p1): Volume was not properly unmounted. Some data may be corrupt. Please run fsck.
[   17.063897] EXT4-fs (mmcblk1p3): recovery complete
[   17.068936] EXT4-fs (mmcblk1p3): mounted filesystem with ordered data mode. Opts: (null)
Starting Bootlog daemon: bootlogd: cannot allocate pseudo tty: No such file or directory
bootlogd.
[   17.283830] EXT4-fs (mmcblk1p2): re-mounted. Opts: data=ordered
ALSA: Restoring mixer settings...
Configuring network interfaces... /usr/sbin/alsactl: load_state:1696: No soundcards found...
ifconfig: SIOCGIFFLAGS: No such device
done.
hwclock: can't open '/dev/misc/rtc': No such file or directory
Mon Aug 11 04:02:00 UTC 2014
hwclock: can't open '/dev/misc/rtc': No such file or directory

INIT: Entering runlevel: 5

Starting system message bus: dbus.
Starting Dropbear SSH server: dropbear.
Starting telnet daemon.
hwclock: can't open '/dev/misc/rtc': No such file or directory
Starting syslogd/klogd: done
Starting thttpd.
Starting Lighttpd Web Server: 2014-08-11 04:02:00: (log.c.166) server started 
lighttpd.
/
Starting Matrix GUI application.
***************************************************************
***************************************************************
NOTICE: This file system contains the followin GPLv3 packages:
	binutils-symlinks
	binutils
	gdbserver
	parted

If you do not wish to distribute GPLv3 components please remove
the above packages prior to distribution.  This can be done using
the opkg remove command.  i.e.:
    opkg remove <package>
Where <package> is the name printed in the list above

NOTE: If the package is a dependency of another package you
      will be notified of the dependent packages.  You should
      use the --force-removal-of-dependent-packages option to
      also remove the dependent packages as well
***************************************************************
***************************************************************
Stopping Bootlog daemon: bootlogd.

 _____                    _____           _         _   
|  _  |___ ___ ___ ___   |  _  |___ ___  |_|___ ___| |_ 
|     |  _| .'| . | . |  |   __|  _| . | | | -_|  _|  _|
|__|__|_| |__,|_  |___|  |__|  |_| |___|_| |___|___|_|  
              |___|                    |___|            

Arago Project http://arago-project.org omap5-evm ttyO2

Arago 2013.12 omap5-evm ttyO2

omap5-evm login: 
- 06:33:23 [INFO] Host: root
- 06:33:23 [INFO] Target: 
root
root@omap5-evm:~# 
- 06:33:23 [INFO] Host: uname -a
- 06:33:24 [INFO] Target: 
uname -a
Linux omap5-evm 3.16.0-next-20140815-00002-g32ef868 #1 SMP Fri Aug 15 05:29:38 CDT 2014 armv7l GNU/Linux
root@omap5-evm:~# 
- 06:33:24 [INFO] Host: cat /proc/cmdline
- 06:33:24 [INFO] Target: 
cat /proc/cmdline
console=ttyO2,115200n8 earlyprintk rootwait ip=dhcp root=PARTUUID=00000000-02 rw rootfstype=ext4 rootwait
root@omap5-evm:~# 
- 06:33:24 [INFO] Host: uname -a
- 06:33:25 [INFO] Target: 
uname -a
Linux omap5-evm 3.16.0-next-20140815-00002-g32ef868 #1 SMP Fri Aug 15 05:29:38 CDT 2014 armv7l GNU/Linux
root@omap5-evm:~# 
- 06:33:25 [INFO] Host: cat /proc/mtd
- 06:33:25 [INFO] Target: 
cat /proc/mtd
dev:    size   erasesize  name
root@omap5-evm:~# 
- 06:33:29 [INFO] Host: export IPERFHOST=192.168.0.1
- 06:33:30 [INFO] Target: 
export IPERFHOST=192.168.0.1
root@omap5-evm:~# 
- 06:33:30 [INFO] Host: export NFS_SERVER=192.168.0.1
- 06:33:30 [INFO] Target: 
export NFS_SERVER=192.168.0.1
root@omap5-evm:~# 
- 06:33:30 [INFO] Host: export NFS_ROOT_PATH=/home/tigtfarm06/NFS_exports/linux/omap5-evm
- 06:33:31 [INFO] Target: 
export NFS_ROOT_PATH=/home/tigtfarm06/NFS_exports/linux/omap5- 
evm
root@omap5-evm:~# 
- 06:33:31 [INFO] Host: mkdir -p -m 777 /test
- 06:33:31 [INFO] Target: 
mkdir -p -m 777 /test
root@omap5-evm:~# 
- 06:33:31 [INFO] Host: cd /test
- 06:33:32 [INFO] Target: 
cd /test
root@omap5-evm:/test# 
- 06:33:32 [INFO] Host: cat > test.sh << EOF
- 06:33:32 [INFO] Target: 
cat > test.sh << EOF
> 
- 06:33:32 [INFO] Host: failtest() {

- 06:33:33 [INFO] Target: 
failtest() {
> 
- 06:33:33 [INFO] Host:   echo 1 >&3

- 06:33:33 [INFO] Target: 
  echo 1 >&3
> 
- 06:33:33 [INFO] Host: }

- 06:33:34 [INFO] Target: 
}
> 
- 06:33:34 [INFO] Host: timeout=600

- 06:33:34 [INFO] Target: 
timeout=600
> 
- 06:33:34 [INFO] Host: 

- 06:33:35 [INFO] Target: 

> 
- 06:33:35 [INFO] Host: # Start of user's script logic

- 06:33:35 [INFO] Target: 
# Start of user's script logic
> 
- 06:33:35 [INFO] Host: 

- 06:33:36 [INFO] Target: 

> 
- 06:33:36 [INFO] Host: 

- 06:33:36 [INFO] Target: 

> 
- 06:33:36 [INFO] Host: mount -t proc proc /proc 2>/dev/null;

- 06:33:37 [INFO] Target: 
mount -t proc proc /proc 2>/dev/null;
> 
- 06:33:37 [INFO] Host: 

- 06:33:37 [INFO] Target: 

> 
- 06:33:37 [INFO] Host: mount -t sysfs sys /sys 2>/dev/null;

- 06:33:38 [INFO] Target: 
mount -t sysfs sys /sys 2>/dev/null;
> 
- 06:33:38 [INFO] Host: 

- 06:33:38 [INFO] Target: 

> 
- 06:33:38 [INFO] Host: mount -t debugfs none /sys/kernel/debug 2>/dev/null;

- 06:33:39 [INFO] Target: 
mount -t debugfs none /sys/kernel/debug 2>/dev/null;
> 
- 06:33:39 [INFO] Host: 

- 06:33:39 [INFO] Target: 

> 
- 06:33:39 [INFO] Host: echo 'cpuinfo:';cat /proc/cpuinfo; echo '=======';

- 06:33:40 [INFO] Target: 
echo 'cpuinfo:';cat /proc/cpuinfo; echo '=======';
> 
- 06:33:40 [INFO] Host: 

- 06:33:40 [INFO] Target: 

> 
- 06:33:40 [INFO] Host: echo 'soc info:';head /sys/devices/soc0/* 2>/dev/null; echo '=======';

- 06:33:41 [INFO] Target: 
echo 'soc info:';head /sys/devices/soc0/* 2>/dev/null; echo '=======';
> 
- 06:33:41 [INFO] Host: 

- 06:33:41 [INFO] Target: 

> 
- 06:33:41 [INFO] Host: echo 'interrupts:';cat /proc/interrupts; echo '=======';

- 06:33:42 [INFO] Target: 
echo 'interrupts:';cat /proc/interrupts; echo '=======';
> 
- 06:33:42 [INFO] Host: 

- 06:33:42 [INFO] Target: 

> 
- 06:33:42 [INFO] Host: echo 'Clk_summary:';cat /sys/kernel/debug/clk/clk_summary; echo '=======';

- 06:33:43 [INFO] Target: 
echo 'Clk_summary:';cat /sys/kernel/debug/clk/clk_summary; echo '=======';
> 
- 06:33:43 [INFO] Host: 

- 06:33:43 [INFO] Target: 

> 
- 06:33:43 [INFO] Host: echo 'Orphan Clks:';ls /sys/kernel/debug/clk/orphans/; echo '=======';

- 06:33:44 [INFO] Target: 
echo 'Orphan Clks:';ls /sys/kernel/debug/clk/orphans/; echo '=======';
> 
- 06:33:44 [INFO] Host: 

- 06:33:44 [INFO] Target: 

> 
- 06:33:44 [INFO] Host: echo 'H''ello World' 'B''oard Booted';

- 06:33:45 [INFO] Target: 
echo 'H''ello World' 'B''oard Booted';
> 
- 06:33:45 [INFO] Host: 

- 06:33:45 [INFO] Target: 

> 
- 06:33:45 [INFO] Host: EOF
- 06:33:46 [INFO] Target: 
EOF
root@omap5-evm:/test# 
- 06:33:46 [INFO] Host: cd /test
- 06:33:46 [INFO] Target: 
cd /test
root@omap5-evm:/test# 
- 06:33:46 [INFO] Host: chmod +x test.sh
- 06:33:47 [INFO] Target: 
chmod +x test.sh
root@omap5-evm:/test# 
- 06:33:47 [INFO] Host: ./test.sh 2> stderr.log > stdout.log 3> result.log
- 06:33:47 [INFO] Target: 
./test.sh 2> stderr.log > stdout.log 3> result.log
root@omap5-evm:/test# 
- 06:33:47 [INFO] Host: echo $?
- 06:33:48 [INFO] Target: 
echo $?
0
root@omap5-evm:/test# 
- 06:33:48 [INFO] Host: cd /test
- 06:33:48 [INFO] Target: 
cd /test
root@omap5-evm:/test# 
- 06:33:48 [INFO] Host: cat stdout.log
- 06:33:50 [INFO] Target: 
cat stdout.log
cpuinfo:
processor	: 0
model name	: ARMv7 Processor rev 2 (v7l)
Features	: half thumb fastmult vfp edsp thumbee neon vfpv3 tls vfpv4 idiva idivt vfpd32 lpae evtstrm 
CPU implementer	: 0x41
CPU architecture: 7
CPU variant	: 0x2
CPU part	: 0xc0f
CPU revision	: 2

processor	: 1
model name	: ARMv7 Processor rev 2 (v7l)
Features	: half thumb fastmult vfp edsp thumbee neon vfpv3 tls vfpv4 idiva idivt vfpd32 lpae evtstrm 
CPU implementer	: 0x41
CPU architecture: 7
CPU variant	: 0x2
CPU part	: 0xc0f
CPU revision	: 2

Hardware	: Generic OMAP5 (Flattened Device Tree)
Revision	: 0000
Serial		: 0000000000000000
=======
soc info:
==> /sys/devices/soc0/family <==
OMAP5

==> /sys/devices/soc0/machine <==
OMAP5432

==> /sys/devices/soc0/power <==

==> /sys/devices/soc0/revision <==
ES2.0

==> /sys/devices/soc0/subsystem <==

==> /sys/devices/soc0/type <==
GP

==> /sys/devices/soc0/uevent <==
=======
interrupts:
           CPU0       CPU1       
 27:       1426       1055       GIC  27  arch_timer
 39:          1          0       GIC  39  palmas
 41:          0          0       GIC  41  l3-dbg-irq
 42:          0          0       GIC  42  l3-app-irq
 44:          0          0       GIC  44  DMA
 45:       3324          0       GIC  45  omap-dma-engine
 52:          0          0       GIC  52  gpmc
 69:          0          0       GIC  69  gp_timer
 88:        552          0       GIC  88  48070000.i2c
 89:          0          0       GIC  89  48072000.i2c
 92:          0          0       GIC  92  4807c000.i2c
 93:          0          0       GIC  93  48060000.i2c
 94:          0          0       GIC  94  4807a000.i2c
106:       3416          0       GIC 106  OMAP UART2
115:       4872          0       GIC 115  mmc2
118:        807          0       GIC 118  mmc0
126:         13          0       GIC 126  mmc1
151:          0          0       GIC 151  twl6040
158:          1          0       GIC 158  talert
451:          0          0    palmas  21  palmas_usb_id
453:          0          0    palmas  23  palmas_usb_vbus
455:          0          0   twl6040   5  twl6040_irq_ready
456:          0          0   twl6040   0  twl6040_irq_th
IPI0:          0          1  CPU wakeup interrupts
IPI1:          0          0  Timer broadcast interrupts
IPI2:       2001       2052  Rescheduling interrupts
IPI3:          0          0  Function call interrupts
IPI4:        157        136  Single function call interrupts
IPI5:          0          0  CPU stop interrupts
IPI6:          0          0  IRQ work interrupts
IPI7:          0          0  completion interrupts
Err:          0
=======
Clk_summary:
   clock                         enable_cnt  prepare_cnt        rate   accuracy
--------------------------------------------------------------------------------
 dummy_ck                                 0            0           0          0
 xclk60mhsp2_ck                           0            0    60000000          0
 xclk60mhsp1_ck                           0            0    60000000          0
 virt_38400000_ck                         0            0    38400000          0
 virt_27000000_ck                         0            0    27000000          0
 virt_26000000_ck                         0            0    26000000          0
 virt_19200000_ck                         1            1    19200000          0
    sys_clkin                             5           12    19200000          0
       timer9_gfclk_mux                   0            1    19200000          0
       timer4_gfclk_mux                   0            1    19200000          0
       timer3_gfclk_mux                   0            1    19200000          0
       timer2_gfclk_mux                   0            1    19200000          0
       timer11_gfclk_mux                  0            1    19200000          0
       timer10_gfclk_mux                  0            1    19200000          0
       sata_ref_clk                       0            0    19200000          0
       dpll_usb_ck                        1            2   960000000          0
          dpll_usb_m2_ck                  0            1   480000000          0
             usb_host_hs_hsic480m_p3_clk           0            0   480000000          0
             usb_host_hs_hsic480m_p2_clk           0            0   480000000          0
             usb_host_hs_hsic480m_p1_clk           0            0   480000000          0
             l3init_60m_fclk              0            1    60000000          0
                usb_tll_hs_usb_ch2_clk           0            0    60000000          0
                usb_tll_hs_usb_ch1_clk           0            0    60000000          0
                usb_tll_hs_usb_ch0_clk           0            0    60000000          0
                usb_host_hs_utmi_p3_clk           0            0    60000000          0
                utmi_p2_gfclk             0            0    60000000          0
                   usb_host_hs_utmi_p2_clk           0            0    60000000          0
                utmi_p1_gfclk             0            0    60000000          0
                   usb_host_hs_utmi_p1_clk           0            0    60000000          0
                usb_host_hs_hsic60m_p3_clk           0            0    60000000          0
                usb_host_hs_hsic60m_p2_clk           0            0    60000000          0
                usb_host_hs_hsic60m_p1_clk           0            0    60000000          0
          dpll_usb_clkdcoldo              1            1   960000000          0
             usb_otg_ss_refclk960m           1            3   960000000          0
       dpll_unipro2_ck                    0            0    19200000          0
          dpll_unipro2_m2_ck              0            0    19200000          0
          dpll_unipro2_clkdcoldo           0            0    19200000          0
       dpll_unipro1_ck                    0            0    19200000          0
          dpll_unipro1_m2_ck              0            0    19200000          0
             lli_txphy_ls_clk             0            0    19200000          0
          dpll_unipro1_clkdcoldo           0            0    19200000          0
             lli_txphy_clk                0            0    19200000          0
       dpll_per_ck                        1            1   384000000          0
          dpll_per_m2_ck                  0            0    96000000          0
             func_24m_clk                 0            0    24000000          0
          dpll_per_x2_ck                  1            2   768000000          0
             dpll_per_m3x2_ck             0            0   256000000          0
             dpll_per_m2x2_ck             1            4   192000000          0
                mmc2_fclk_mux             0            1   192000000          0
                   mmc2_fclk              0            1    96000000          0
                mmc1_fclk_mux             0            1   192000000          0
                   mmc1_fclk              0            1    96000000          0
                hsi_fclk                  0            0   192000000          0
                func_96m_fclk             0            6    96000000          0
                   iss_ctrlclk            0            0    96000000          0
                func_48m_fclk             6           14    48000000          0
                   dss_48mhz_clk           0            2    48000000          0
                func_12m_fclk             0            0    12000000          0
             dpll_per_h14x2_ck            0            0   384000000          0
             dpll_per_h12x2_ck            0            1   192000000          0
                dss_dss_clk               0            4   192000000          0
             dpll_per_h11x2_ck            0            0   256000000          0
                fdif_fclk                 0            0   256000000          0
                func_128m_clk             0            0   128000000          0
       auxclk4_src_ck                     0            0    19200000          0
          auxclk4_ck                      0            0     9600000          0
       auxclk3_src_ck                     0            0    19200000          0
          auxclk3_ck                      0            0    19200000          0
             auxclkreq3_ck                0            0    19200000          0
       auxclk2_src_ck                     0            0    19200000          0
          auxclk2_ck                      0            0    19200000          0
             auxclkreq2_ck                0            0    19200000          0
       auxclk1_src_ck                     0            0    19200000          0
          auxclk1_ck                      0            0    19200000          0
             auxclkreq1_ck                0            0    19200000          0
       auxclk0_src_ck                     0            0    19200000          0
          auxclk0_ck                      0            0    19200000          0
             auxclkreq0_ck                0            0    19200000          0
       dpll_mpu_ck                        1            1  1000000000          0
          dpll_mpu_m2_ck                  1            1  1000000000          0
       dpll_core_ck                       1            1  1063680000          0
          dpll_core_m2_ck                 0            0   531840000          0
          dpll_core_x2_ck                 3            4  2127360000          0
             dpll_core_m3x2_ck            0            0   425472000          0
             dpll_core_h24x2_ck           0            0   354560000          0
             dpll_core_h23x2_ck           0            0   303908572          0
             dpll_core_h22x2_ck           0            1   425472000          0
             dpll_core_h14x2_ck           0            0    33767620          0
                gpu_hyd_gclk_mux           0            0    33767620          0
                gpu_core_gclk_mux           0            0    33767620          0
             dpll_core_h13x2_ck           1            2    34312259          0
             dpll_core_h12x2_ck           1            2   531840000          0
                l3_iclk_div              22           23   531840000          0
                   l4_root_clk_div          44           50   531840000          0
                   gpu_l3_iclk            0            0   531840000          0
                mpu_dpll_hs_clk_div           0            0   531840000          0
                iva_dpll_hs_clk_div           0            1   531840000          0
                   dpll_iva_ck            0            1   531840000          0
                      dpll_iva_x2_ck           0            1   531840000          0
                         dpll_iva_h12x2_ck           0            0   531840000          0
                         dpll_iva_h11x2_ck           0            1   531840000          0
             dpll_core_h11x2_ck           4            4   265920000          0
             dpll_core_h21x2_ck           0            0   354560000          0
                c2c_fclk                  0            0   354560000          0
                   c2c_iclk               0            0   177280000          0
       wkupaon_iclk_mux                   7            8    19200000          0
          l3instr_ts_gclk_div             0            0    19200000          0
       dss_syc_gfclk_div                  0            5    19200000          0
          dss_sys_clk                     0            5    19200000          0
          timer8_gfclk_mux                0            1    19200000          0
          timer7_gfclk_mux                0            1    19200000          0
          timer6_gfclk_mux                0            1    19200000          0
          timer5_gfclk_mux                0            1    19200000          0
       custefuse_sys_gfclk_div            0            0     9600000          0
       abe_dpll_bypass_clk_mux            0            0    19200000          0
 virt_16800000_ck                         0            0    16800000          0
 virt_13000000_ck                         0            0    13000000          0
 virt_12000000_ck                         0            0    12000000          0
 sys_32k_ck                               3           15       32768          0
    usb_phy_cm_clk32k                     1            2       32768          0
    mmc1_32khz_clk                        0            1       32768          0
    gpio8_dbclk                           0            1       32768          0
    gpio7_dbclk                           0            1       32768          0
    gpio6_dbclk                           0            1       32768          0
    gpio5_dbclk                           0            1       32768          0
    gpio4_dbclk                           0            1       32768          0
    gpio3_dbclk                           0            1       32768          0
    gpio2_dbclk                           0            1       32768          0
    dss_32khz_clk                         0            1       32768          0
    abe_dpll_clk_mux                      1            1       32768          0
       dpll_abe_ck                        1            1    98304000          0
          dpll_abe_x2_ck                  1            1   196608000          0
             dpll_abe_m3x2_ck             0            0    98304000          0
                usb_dpll_hs_clk_div           0            0    32768000          0
                per_dpll_hs_clk_div           0            0    49152000          0
             dpll_abe_m2x2_ck             1            2   196608000          0
                abe_lp_clk_div            0            0    12288000          0
                abe_clk                   1            1   196608000          0
                   aess_fclk              1            1   196608000          0
                      abe_iclk           11           11    98304000          0
                abe_24m_fclk              0            4    24576000          0
                   mcbsp3_sync_mux_ck           0            2    24576000          0
                      mcbsp3_gfclk           0            1    24576000          0
                   mcbsp2_sync_mux_ck           0            2    24576000          0
                      mcbsp2_gfclk           0            1    24576000          0
                   mcbsp1_sync_mux_ck           0            2    24576000          0
                      mcbsp1_gfclk           0            1    24576000          0
                   mcasp_sync_mux_ck           0            0    24576000          0
                      mcasp_gfclk           0            0    24576000          0
                   dmic_sync_mux_ck           0            1    24576000          0
                      dmic_gfclk           0            1    24576000          0
    gpio1_dbclk                           0            1       32768          0
    timer1_gfclk_mux                      1            1       32768          0
 slimbus_src_clk                          0            0    12000000          0
    slimbus_clk                           0            0    12000000          0
       slimbus1_slimbus_clk               0            0    12000000          0
 secure_32k_clk_src_ck                    0            0       32768          0
 pad_clks_src_ck                          0            1    12000000          0
    pad_clks_ck                           0            4    12000000          0
=======
Orphan Clks:
=======
Hello World Board Booted
root@omap5-evm:/test# 
- 06:33:50 [INFO] Host: cat stderr.log
- 06:33:51 [INFO] Target: 
cat stderr.log
ls: /sys/kernel/debug/clk/orphans/: No such file or directory
root@omap5-evm:/test# 
- 06:33:51 [INFO] Host: cat result.log
- 06:33:53 [ERROR] On command: cat result.log waiting for (?m-ix:^1[\0\n\r]+) >>> error: execution expired
- 06:33:53 [INFO] Target: 
cat result.log
root@omap5-evm:/test# 
- 06:33:53 [INFO] Host: cd /test
- 06:33:53 [INFO] Target: 
cd /test
root@omap5-evm:/test# 
