- 06:48:31 [INFO] Starting target session
- 06:48:31 [INFO] Connected to omap5-evm via serial 
- 06:48:31 [INFO] Host: #check prompt
- 06:48:33 [ERROR] On command: #check prompt waiting for #check prompt.+?(?-mix:((?-mix:login:)|[Pp]assword)) >>> error: execution expired
- 06:48:33 [INFO] Target: 
#check prompt
root@omap5-evm:/test# 
- 06:48:33 [INFO] Host: #check prompt
- 06:48:34 [INFO] Target: 
#check prompt
root@omap5-evm:/test# 
- 06:48:34 [INFO] Host: sync;poweroff
- 06:48:48 [INFO] Target: 
sync;poweroff
Broadcast message from roJjH.]Y[Z.H+
KCRR Sending processes the TERM signal
root@omap5-evm:/test# 
INIT:Stopping Dropbear SSH server: stopped /usr/sbin/dropbear (pid 726)
dropbear.
Stopping telnet daemon.
Stopping system message bus: hwclock: can't open '/dev/misc/rtc': No such file or directory
Error opening /dev/fb0: No such file or directory
Stopping syslogd/klogd: stopped syslogd (pid 738)
stopped klogd (pid 740)
done
Stopping thttpd.
ALSA: Storing mixer settings...
/usr/sbin/alsactl: save_state:1580: No soundcards found...
Deconfiguring network interfaces... done.
Stopping Lighttpd Web Server: stopped /usr/sbin/lighttpd (pid 751)
lighttpd.
Stopping Matrix GUI applicationstart-stop-daemon: warning: killing process 758: No such process
***************************************************************
***************************************************************
NOTICE: This file system contains the followin GPLv3 packages:
	binutils-symlinks
	binutils
	gdbserver
	parted
If you do not wish to distribute GPLv3 components please remove
the above packages prior to distribution.  This can be done using
the opkg remove command.  i.e.:
    opkg remove <package>
Where <package> is the name printed in the list above
NOTE: If the package is a dependency of another package you
      will be notified of the dependent packages.  You should
      use the --force-removal-of-dependent-packages option to
      also remove the dependent packages as well
***************************************************************
***************************************************************
Sending all processes the TERM signal...
Sending all processes the KILL signal...
Unmounting remote filesystems...
Deactivating swap...
Unmounting local filesystems...
[10309.844940] EXT4-fs (mmcblk1p2): re-mounted. Opts: data=ordered
[10312.078726] reboot: Power down
- 06:48:48 [INFO] Disconnected serial from omap5-evm
- 06:48:53 [INFO] Connected to omap5-evm via serial 
- 06:48:53 [INFO] Host: 
- 06:48:53 [INFO] Target: 
SATA link 0 timeout.
AHCI 0001.0300 32 slots 1 ports 3 Gbps 0x1 impl SATA mode
flags: 64bit ncq stag pm led clo only pmp pio slum part ccc apst 
scanning bus for devices...
Found 0 device(s).
SCSI:  Net:   No ethernet found.
Hit any key to stop autoboot:  1  0 
U-Boot# 
- 06:48:53 [INFO] Host: 
- 06:48:54 [INFO] Target: 
U-Boot# 
- 06:48:54 [INFO] Host: version
- 06:48:54 [INFO] Target: 
version
U-Boot 2014.07-00071-gaca0808 (Oct 02 2014 - 11:23:17)
arm-linux-gnueabihf-gcc (crosstool-NG linaro-1.13.1-4.7-2013.03-20130313 - Linaro GCC 2013.03) 4.7.3 20130226 (prerelease)
GNU ld (crosstool-NG linaro-1.13.1-4.7-2013.03-20130313 - Linaro GCC 2013.03) 2.23.1
U-Boot# 
- 06:48:54 [INFO] Host: setenv bootargs 'console=ttyO2,115200n8 earlyprintk rootwait '
- 06:48:55 [INFO] Target: 
setenv bootargs 'console=ttyO2,115200n8 earlyprintk rootwait '
U-Boot# 
- 06:48:55 [INFO] Host: setenv bootcmd  ''
- 06:48:55 [INFO] Target: 
setenv bootcmd  ''
U-Boot# 
- 06:48:55 [INFO] Host: setenv autoload 'no'
- 06:48:56 [INFO] Target: 
setenv autoload 'no'
U-Boot# 
- 06:48:56 [INFO] Host: setenv serverip '192.168.0.1'
- 06:48:56 [INFO] Target: 
setenv serverip '192.168.0.1'
U-Boot# 
- 06:48:56 [INFO] Host: printenv
- 06:48:57 [INFO] Target: 
printenv
arch=arm
autoload=no
baudrate=115200
board=omap5_uevm
board_name=omap5_uevm
bootargs=console=ttyO2,115200n8 earlyprintk rootwait 
bootcmd=
bootdelay=1
bootdir=/boot
bootfile=zImage
bootm_size=0x10000000
bootpart=0:2
bootscript=echo Running bootscript from mmc${mmcdev} ...; source ${loadaddr}
console=ttyO2,115200n8
cpu=armv7
fdt_addr_r=0x88000000
fdtaddr=0x88000000
fdtfile=undefined
findfdt=if test $board_name = omap5_uevm; then setenv fdtfile omap5-uevm.dtb; fi; if test $board_name = dra7xx; then setenv fdtfile dra7-evm.dtb; fi;if test $board_name = dra72x; then setenv fdtfile dra72-evm.dtb; fi;if test $fdtfile = undefined; then echo WARNING: Could not determine device tree to use; fi; 
importbootenv=echo Importing environment from mmc${mmcdev} ...; env import -t ${loadaddr} ${filesize}
kernel_addr_r=0x82000000
loadaddr=0x82000000
loadbootenv=fatload mmc ${mmcdev} ${loadaddr} uEnv.txt
loadbootscript=fatload mmc ${mmcdev} ${loadaddr} boot.scr
loadfdt=load mmc ${bootpart} ${fdtaddr} ${bootdir}/${fdtfile};
loadimage=load mmc ${bootpart} ${loadaddr} ${bootdir}/${bootfile}
mmcargs=setenv bootargs console=${console} ${optargs} vram=${vram} root=${mmcroot} rootfstype=${mmcrootfstype}
mmcboot=mmc dev ${mmcdev}; if mmc rescan; then echo SD/MMC found on device ${mmcdev};if run loadbootenv; then echo Loaded environment from ${bootenv};run importbootenv;fi;if test -n $uenvcmd; then echo Running uenvcmd ...;run uenvcmd;fi;if run loadimage; then run loadfdt; echo Booting from mmc${mmcdev} ...; run mmcargs; bootz ${loadaddr} - ${fdtaddr}; fi;fi;
mmcdev=0
mmcroot=/dev/mmcblk1p2 rw
mmcrootfstype=ext4 rootwait
partitions=uuid_disk=${uuid_gpt_disk};name=rootfs,start=2MiB,size=-,uuid=${uuid_gpt_rootfs}
ramdisk_addr_r=0x88080000
rdaddr=0x88080000
scsidevs=0
serverip=192.168.0.1
soc=omap5
stderr=serial
stdin=serial
stdout=serial
usbethaddr=02:21:03:ff:09:60
usbtty=cdc_acm
vendor=ti
ver=U-Boot 2014.07-00071-gaca0808 (Oct 02 2014 - 11:23:17)
vram=16M
Environment size: 2052/131067 bytes
U-Boot# 
- 06:48:57 [INFO] Host: usb start
- 06:49:01 [INFO] Target: 
usb start
(Re)start USB...
USB0:   USB EHCI 1.00
scanning bus 0 for devices... 3 USB Device(s) found
       scanning usb for storage devices... 0 Storage Device(s) found
       scanning usb for ethernet devices... 1 Ethernet Device(s) found
U-Boot# 
- 06:49:01 [INFO] Host: printenv
- 06:49:01 [INFO] Target: 
printenv
arch=arm
autoload=no
baudrate=115200
board=omap5_uevm
board_name=omap5_uevm
bootargs=console=ttyO2,115200n8 earlyprintk rootwait 
bootcmd=
bootdelay=1
bootdir=/boot
bootfile=zImage
bootm_size=0x10000000
bootpart=0:2
bootscript=echo Running bootscript from mmc${mmcdev} ...; source ${loadaddr}
console=ttyO2,115200n8
cpu=armv7
ethact=sms0
fdt_addr_r=0x88000000
fdtaddr=0x88000000
fdtfile=undefined
findfdt=if test $board_name = omap5_uevm; then setenv fdtfile omap5-uevm.dtb; fi; if test $board_name = dra7xx; then setenv fdtfile dra7-evm.dtb; fi;if test $board_name = dra72x; then setenv fdtfile dra72-evm.dtb; fi;if test $fdtfile = undefined; then echo WARNING: Could not determine device tree to use; fi; 
importbootenv=echo Importing environment from mmc${mmcdev} ...; env import -t ${loadaddr} ${filesize}
kernel_addr_r=0x82000000
loadaddr=0x82000000
loadbootenv=fatload mmc ${mmcdev} ${loadaddr} uEnv.txt
loadbootscript=fatload mmc ${mmcdev} ${loadaddr} boot.scr
loadfdt=load mmc ${bootpart} ${fdtaddr} ${bootdir}/${fdtfile};
loadimage=load mmc ${bootpart} ${loadaddr} ${bootdir}/${bootfile}
mmcargs=setenv bootargs console=${console} ${optargs} vram=${vram} root=${mmcroot} rootfstype=${mmcrootfstype}
mmcboot=mmc dev ${mmcdev}; if mmc rescan; then echo SD/MMC found on device ${mmcdev};if run loadbootenv; then echo Loaded environment from ${bootenv};run importbootenv;fi;if test -n $uenvcmd; then echo Running uenvcmd ...;run uenvcmd;fi;if run loadimage; then run loadfdt; echo Booting from mmc${mmcdev} ...; run mmcargs; bootz ${loadaddr} - ${fdtaddr}; fi;fi;
mmcdev=0
mmcroot=/dev/mmcblk1p2 rw
mmcrootfstype=ext4 rootwait
partitions=uuid_disk=${uuid_gpt_disk};name=rootfs,start=2MiB,size=-,uuid=${uuid_gpt_rootfs}
ramdisk_addr_r=0x88080000
rdaddr=0x88080000
scsidevs=0
serverip=192.168.0.1
soc=omap5
stderr=serial
stdin=serial
stdout=serial
usbethaddr=02:21:03:ff:09:60
usbtty=cdc_acm
vendor=ti
ver=U-Boot 2014.07-00071-gaca0808 (Oct 02 2014 - 11:23:17)
vram=16M
Environment size: 2066/131067 bytes
U-Boot# 
- 06:49:01 [INFO] Host: setenv bootargs ''${bootargs}' ip=dhcp '
- 06:49:02 [INFO] Target: 
setenv bootargs ''${bootargs}' ip=dhcp '
U-Boot# 
- 06:49:02 [INFO] Host: setenv serverip '192.168.0.1'
- 06:49:02 [INFO] Target: 
setenv serverip '192.168.0.1'
U-Boot# 
- 06:49:02 [INFO] Host: setenv ipaddr dhcp
- 06:49:03 [INFO] Target: 
setenv ipaddr dhcp
U-Boot# 
- 06:49:03 [INFO] Host: setenv autoload 'no'
- 06:49:03 [INFO] Target: 
setenv autoload 'no'
U-Boot# 
- 06:49:03 [INFO] Host: dhcp
- 06:49:06 [INFO] Target: 
dhcp
Waiting for Ethernet connection... done.
BOOTP broadcast 1
DHCP client bound to address 192.168.0.173
U-Boot# 
- 06:49:06 [INFO] Host: setenv serverip '192.168.0.1'
- 06:49:07 [INFO] Target: 
setenv serverip '192.168.0.1'
U-Boot# 
- 06:49:07 [INFO] Host: tftp ${loadaddr} 192.168.0.1:vatf_omap5-evm/e1043c63a4e048e780698d547fbd97d8
- 06:49:10 [INFO] Target: 
tftp ${loadaddr} 192.168.0.1:vatf_omap5-evm/e1043c63a4e048e780698d547fbd97d8
Waiting for Ethernet connection... done.
Using sms0 device
TFTP from server 192.168.0.1; our IP address is 192.168.0.173
Filename 'vatf_omap5-evm/e1043c63a4e048e780698d547fbd97d8'.
Load address: 0x82000000
Loading: *#################################################################
	 #################################################################
	 #################################################################
	 #################################################################
	 #####################################################
	 2.8 MiB/s
done
Bytes transferred = 4591880 (461108 hex)
U-Boot# 
- 06:49:10 [INFO] Host: tftp ${fdt_addr_r} 192.168.0.1:vatf_omap5-evm/e0689135c7368afe0255285ac4082daf
- 06:49:12 [INFO] Target: 
tftp ${fdt_addr_r} 192.168.0.1:vatf_omap5-evm/e0689135c7368afe0255285ac4082daf
Waiting for Ethernet connection... done.
Using sms0 device
TFTP from server 192.168.0.1; our IP address is 192.168.0.173
Filename 'vatf_omap5-evm/e0689135c7368afe0255285ac4082daf'.
Load address: 0x88000000
Loading: *####
	 2.5 MiB/s
done
Bytes transferred = 50270 (c45e hex)
U-Boot# 
- 06:49:12 [INFO] Host: ls mmc 0:1
- 06:49:13 [INFO] Target: 
ls mmc 0:1
    62048   mlo 
   304288   u-boot.img 
  1867895   u-boot 
            old_uboot/
   304240   u-boot.bin 
   704856   u-boot-spl 
    61536   u-boot-spl.bin 
      259   uboot_build.txt 
7 file(s), 1 dir(s)
U-Boot# 
- 06:49:13 [INFO] Host: ls mmc 0:2
- 06:49:13 [INFO] Target: 
ls mmc 0:2
<DIR>       4096 .
<DIR>       4096 ..
<DIR>       4096 bin
<DIR>       4096 boot
<DIR>       4096 dev
<DIR>       4096 etc
<DIR>       4096 home
<DIR>       4096 lib
<DIR>       4096 media
<DIR>       4096 mnt
<DIR>       4096 opt
<DIR>       4096 proc
<SYM>          8 run
<DIR>       4096 sbin
<DIR>       4096 srv
<DIR>       4096 sys
<SYM>          8 tmp
<DIR>       4096 usr
<DIR>       4096 var
<DIR>       4096 www
<DIR>       4096 Settings
<DIR>       4096 test
U-Boot# 
- 06:49:13 [INFO] Host: part uuid mmc 0:2
- 06:49:14 [INFO] Target: 
part uuid mmc 0:2
00000000-02
U-Boot# 
- 06:49:14 [INFO] Host: printenv
- 06:49:14 [INFO] Target: 
printenv
arch=arm
autoload=no
baudrate=115200
board=omap5_uevm
board_name=omap5_uevm
bootargs=console=ttyO2,115200n8 earlyprintk rootwait  ip=dhcp 
bootcmd=
bootdelay=1
bootdir=/boot
bootfile=zImage
bootm_size=0x10000000
bootpart=0:2
bootscript=echo Running bootscript from mmc${mmcdev} ...; source ${loadaddr}
console=ttyO2,115200n8
cpu=armv7
dnsip=192.0.2.2
ethact=sms0
fdt_addr_r=0x88000000
fdtaddr=0x88000000
fdtfile=undefined
fileaddr=88000000
filesize=c45e
findfdt=if test $board_name = omap5_uevm; then setenv fdtfile omap5-uevm.dtb; fi; if test $board_name = dra7xx; then setenv fdtfile dra7-evm.dtb; fi;if test $board_name = dra72x; then setenv fdtfile dra72-evm.dtb; fi;if test $fdtfile = undefined; then echo WARNING: Could not determine device tree to use; fi; 
gatewayip=192.168.0.1
importbootenv=echo Importing environment from mmc${mmcdev} ...; env import -t ${loadaddr} ${filesize}
ipaddr=192.168.0.173
kernel_addr_r=0x82000000
loadaddr=0x82000000
loadbootenv=fatload mmc ${mmcdev} ${loadaddr} uEnv.txt
loadbootscript=fatload mmc ${mmcdev} ${loadaddr} boot.scr
loadfdt=load mmc ${bootpart} ${fdtaddr} ${bootdir}/${fdtfile};
loadimage=load mmc ${bootpart} ${loadaddr} ${bootdir}/${bootfile}
mmcargs=setenv bootargs console=${console} ${optargs} vram=${vram} root=${mmcroot} rootfstype=${mmcrootfstype}
mmcboot=mmc dev ${mmcdev}; if mmc rescan; then echo SD/MMC found on device ${mmcdev};if run loadbootenv; then echo Loaded environment from ${bootenv};run importbootenv;fi;if test -n $uenvcmd; then echo Running uenvcmd ...;run uenvcmd;fi;if run loadimage; then run loadfdt; echo Booting from mmc${mmcdev} ...; run mmcargs; bootz ${loadaddr} - ${fdtaddr}; fi;fi;
mmcdev=0
mmcroot=/dev/mmcblk1p2 rw
mmcrootfstype=ext4 rootwait
netmask=255.255.255.0
partitions=uuid_disk=${uuid_gpt_disk};name=rootfs,start=2MiB,size=-,uuid=${uuid_gpt_rootfs}
ramdisk_addr_r=0x88080000
rdaddr=0x88080000
scsidevs=0
serverip=192.168.0.1
soc=omap5
stderr=serial
stdin=serial
stdout=serial
usbethaddr=02:21:03:ff:09:60
usbtty=cdc_acm
vendor=ti
ver=U-Boot 2014.07-00071-gaca0808 (Oct 02 2014 - 11:23:17)
vram=16M
Environment size: 2200/131067 bytes
U-Boot# 
- 06:49:14 [INFO] Host: setenv bootargs ''${bootargs}' root=PARTUUID=00000000-02 rw rootfstype=ext4 rootwait '
- 06:49:15 [INFO] Target: 
setenv bootargs ''${bootargs}' root=PARTUUID=00000000-02 rw rootfstype=ext4 rootwait '
U-Boot# 
- 06:49:15 [INFO] Host: printenv
- 06:49:15 [INFO] Target: 
printenv
arch=arm
autoload=no
baudrate=115200
board=omap5_uevm
board_name=omap5_uevm
bootargs=console=ttyO2,115200n8 earlyprintk rootwait  ip=dhcp  root=PARTUUID=00000000-02 rw rootfstype=ext4 rootwait 
bootcmd=
bootdelay=1
bootdir=/boot
bootfile=zImage
bootm_size=0x10000000
bootpart=0:2
bootscript=echo Running bootscript from mmc${mmcdev} ...; source ${loadaddr}
console=ttyO2,115200n8
cpu=armv7
dnsip=192.0.2.2
ethact=sms0
fdt_addr_r=0x88000000
fdtaddr=0x88000000
fdtfile=undefined
fileaddr=88000000
filesize=c45e
findfdt=if test $board_name = omap5_uevm; then setenv fdtfile omap5-uevm.dtb; fi; if test $board_name = dra7xx; then setenv fdtfile dra7-evm.dtb; fi;if test $board_name = dra72x; then setenv fdtfile dra72-evm.dtb; fi;if test $fdtfile = undefined; then echo WARNING: Could not determine device tree to use; fi; 
gatewayip=192.168.0.1
importbootenv=echo Importing environment from mmc${mmcdev} ...; env import -t ${loadaddr} ${filesize}
ipaddr=192.168.0.173
kernel_addr_r=0x82000000
loadaddr=0x82000000
loadbootenv=fatload mmc ${mmcdev} ${loadaddr} uEnv.txt
loadbootscript=fatload mmc ${mmcdev} ${loadaddr} boot.scr
loadfdt=load mmc ${bootpart} ${fdtaddr} ${bootdir}/${fdtfile};
loadimage=load mmc ${bootpart} ${loadaddr} ${bootdir}/${bootfile}
mmcargs=setenv bootargs console=${console} ${optargs} vram=${vram} root=${mmcroot} rootfstype=${mmcrootfstype}
mmcboot=mmc dev ${mmcdev}; if mmc rescan; then echo SD/MMC found on device ${mmcdev};if run loadbootenv; then echo Loaded environment from ${bootenv};run importbootenv;fi;if test -n $uenvcmd; then echo Running uenvcmd ...;run uenvcmd;fi;if run loadimage; then run loadfdt; echo Booting from mmc${mmcdev} ...; run mmcargs; bootz ${loadaddr} - ${fdtaddr}; fi;fi;
mmcdev=0
mmcroot=/dev/mmcblk1p2 rw
mmcrootfstype=ext4 rootwait
netmask=255.255.255.0
partitions=uuid_disk=${uuid_gpt_disk};name=rootfs,start=2MiB,size=-,uuid=${uuid_gpt_rootfs}
ramdisk_addr_r=0x88080000
rdaddr=0x88080000
scsidevs=0
serverip=192.168.0.1
soc=omap5
stderr=serial
stdin=serial
stdout=serial
usbethaddr=02:21:03:ff:09:60
usbtty=cdc_acm
vendor=ti
ver=U-Boot 2014.07-00071-gaca0808 (Oct 02 2014 - 11:23:17)
vram=16M
Environment size: 2255/131067 bytes
U-Boot# 
- 06:49:15 [INFO] Host: setenv bootcmd ''${bootcmd}' if iminfo ${loadaddr}; then bootm ${loadaddr} - ${fdt_addr_r}; else bootz ${loadaddr} - ${fdt_addr_r}; bootm ${loadaddr} - ${fdt_addr_r}; fi'
- 06:49:16 [INFO] Target: 
setenv bootcmd ''${bootcmd}' if iminfo ${loadaddr}; then bootm ${loadaddr} - ${fdt_addr_r}; else bootz ${loadaddr} - ${fdt_addr_r}; bootm ${loadaddr} - ${fdt_addr_r}; fi'
U-Boot# 
- 06:49:16 [INFO] Host: bdinfo
- 06:49:16 [INFO] Target: 
bdinfo
arch_number = 0x00000EC1
boot_params = 0x80000100
DRAM bank   = 0x00000000
-> start    = 0x80000000
-> size     = 0x7F000000
eth0name    = sms0
ethaddr     = (not set)
current eth = sms0
ip_addr     = 192.168.0.173
baudrate    = 115200 bps
TLB addr    = 0xFEFF0000
relocaddr   = 0xFEF61000
reloc off   = 0x7E761000
irq_sp      = 0xFDF40EE0
sp start    = 0xFDF40ED0
U-Boot# 
- 06:49:16 [INFO] Host: boot
- 06:49:40 [INFO] Target: 
boot
## Checking Image at 82000000 ...
Unknown image format!
Kernel image @ 0x82000000 [ 0x000000 - 0x461108 ]
## Flattened Device Tree blob at 88000000
   Booting using the fdt blob at 0x88000000
   Loading Device Tree to 8fff0000, end 8ffff45d ... OK
Starting kernel ...
[    0.000000] Booting Linux on physical CPU 0x0
[    0.000000] Initializing cgroup subsys cpuset
[    0.000000] Initializing cgroup subsys cpu
[    0.000000] Initializing cgroup subsys cpuacct
[    0.000000] Linux version 3.18.0-rc3-next-20141110-00002-g41cdba9 (nmenon@kahuna) (gcc version 4.6.3 (Ubuntu/Linaro 4.6.3-1ubuntu5) ) #1 SMP Mon Nov 10 05:46:25 CST 2014
[    0.000000] CPU: ARMv7 Processor [412fc0f2] revision 2 (ARMv7), cr=10c5387d
[    0.000000] CPU: PIPT / VIPT nonaliasing data cache, PIPT instruction cache
[    0.000000] Machine model: TI OMAP5 uEVM board
[    0.000000] cma: Reserved 16 MiB at 0xfd800000
[    0.000000] Memory policy: Data cache writealloc
[    0.000000] OMAP5432 ES2.0
[    0.000000] PERCPU: Embedded 11 pages/cpu @ee5b5000 s14848 r8192 d22016 u45056
[    0.000000] Built 1 zonelists in Zone order, mobility grouping on.  Total pages: 518226
[    0.000000] Kernel command line: console=ttyO2,115200n8 earlyprintk rootwait  ip=dhcp  root=PARTUUID=00000000-02 rw rootfstype=ext4 rootwait 
[    0.000000] PID hash table entries: 4096 (order: 2, 16384 bytes)
[    0.000000] Dentry cache hash table entries: 131072 (order: 7, 524288 bytes)
[    0.000000] Inode-cache hash table entries: 65536 (order: 6, 262144 bytes)
[    0.000000] Memory: 2026144K/2079744K available (6020K kernel code, 674K rwdata, 2288K rodata, 424K init, 8227K bss, 37216K reserved, 16384K cma-reserved, 1285120K highmem)
[    0.000000] Virtual kernel memory layout:
[    0.000000]     vector  : 0xffff0000 - 0xffff1000   (   4 kB)
[    0.000000]     fixmap  : 0xffc00000 - 0xffe00000   (2048 kB)
[    0.000000]     vmalloc : 0xf0000000 - 0xff000000   ( 240 MB)
[    0.000000]     lowmem  : 0xc0000000 - 0xef800000   ( 760 MB)
[    0.000000]     pkmap   : 0xbfe00000 - 0xc0000000   (   2 MB)
[    0.000000]     modules : 0xbf000000 - 0xbfe00000   (  14 MB)
[    0.000000]       .text : 0xc0008000 - 0xc08252c4   (8309 kB)
[    0.000000]       .init : 0xc0826000 - 0xc0890000   ( 424 kB)
[    0.000000]       .data : 0xc0890000 - 0xc0938b58   ( 675 kB)
[    0.000000]        .bss : 0xc0938b58 - 0xc11419b8   (8228 kB)
[    0.000000] Hierarchical RCU implementation.
[    0.000000] NR_IRQS:16 nr_irqs:16 16
[    0.000000] OMAP clockevent source: timer1 at 32768 Hz
[    0.000030] sched_clock: 32 bits at 32kHz, resolution 30517ns, wraps every 65536000000000ns
[    0.000030] OMAP clocksource: 32k_counter at 32768 Hz
[    0.000396] Architected cp15 timer(s) running at 6.14MHz (virt).
[    0.000401] sched_clock: 56 bits at 6MHz, resolution 162ns, wraps every 2796202663936ns
[    0.000413] Switching to timer-based delay loop, resolution 162ns
[    0.001407] Console: colour dummy device 80x30
[    0.001440] Lock dependency validator: Copyright (c) 2006 Red Hat, Inc., Ingo Molnar
[    0.001447] ... MAX_LOCKDEP_SUBCLASSES:  8
[    0.001454] ... MAX_LOCK_DEPTH:          48
[    0.001461] ... MAX_LOCKDEP_KEYS:        8191
[    0.001467] ... CLASSHASH_SIZE:          4096
[    0.001474] ... MAX_LOCKDEP_ENTRIES:     32768
[    0.001480] ... MAX_LOCKDEP_CHAINS:      65536
[    0.001486] ... CHAINHASH_SIZE:          32768
[    0.001493]  memory used by lock dependency info: 5167 kB
[    0.001499]  per task-struct memory footprint: 1152 bytes
[    0.001518] Calibrating delay loop (skipped), value calculated using timer frequency.. 12.28 BogoMIPS (lpj=61440)
[    0.001532] pid_max: default: 32768 minimum: 301
[    0.001808] Security Framework initialized
[    0.001931] Mount-cache hash table entries: 2048 (order: 1, 8192 bytes)
[    0.001943] Mountpoint-cache hash table entries: 2048 (order: 1, 8192 bytes)
[    0.003804] Initializing cgroup subsys memory
[    0.003841] Initializing cgroup subsys devices
[    0.003895] Initializing cgroup subsys freezer
[    0.003946] Initializing cgroup subsys blkio
[    0.003999] Initializing cgroup subsys perf_event
[    0.004047] CPU: Testing write buffer coherency: ok
[    0.004847] /cpus/cpu@0 missing clock-frequency property
[    0.004867] /cpus/cpu@1 missing clock-frequency property
[    0.004878] CPU0: thread -1, cpu 0, socket 0, mpidr 80000000
[    0.004934] Setting up static identity map for 0x805b4318 - 0x805b4388
[    0.008901] CPU1: Booted secondary processor
[    0.008935] CPU1: thread -1, cpu 1, socket 0, mpidr 80000001
[    0.009394] Brought up 2 CPUs
[    0.009408] SMP: Total of 2 processors activated.
[    0.009415] CPU: All CPU(s) started in SVC mode.
[    0.011535] devtmpfs: initialized
[    0.021184] VFP support v0.3: implementor 41 architecture 4 part 30 variant f rev 0
[    0.022495] omap_hwmod: l3_main_3 using broken dt data from ocp
[    0.023692] omap_hwmod: l3_main_2 using broken dt data from ocp
[    0.094087] omap_hwmod: dss_dispc: cannot be enabled for reset (3)
[    0.096580] omap_hwmod: dss_dsi1: cannot be enabled for reset (3)
[    0.099068] omap_hwmod: dss_dsi2: cannot be enabled for reset (3)
[    0.101577] omap_hwmod: dss_hdmi: cannot be enabled for reset (3)
[    0.104069] omap_hwmod: dss_rfbi: cannot be enabled for reset (3)
[    0.144036] pinctrl core: initialized pinctrl subsystem
[    0.144890] Driver 'reg-dummy' needs an owner
[    0.184398] NET: Registered protocol family 16
[    0.187809] DMA: preallocated 256 KiB pool for atomic coherent allocations
[    0.187843] Driver 'omap-gpmc' needs an owner
[    0.188151] Driver 'omap_gpio' needs an ownerDriver 'sram' needs an owner
[    0.188777] Driver 'syscon' needs an ownerDriver 'dummy' needs an owner
[    0.210863] cpuidle: using governor ladder
[    0.240836] cpuidle: using governor menu
[    0.240852] Driver 'omap_l3_smx' needs an owner
[    0.241042] Driver 'omap_l3_noc' needs an owner[    0.248838] OMAP GPIO hardware version 0.1
[    0.258633] platform 50000000.gpmc: Cannot lookup hwmod 'gpmc'
[    0.258802] omap-gpmc 50000000.gpmc: _od_fail_runtime_resume: FIXME: missing hwmod/omap_dev info
[    0.258817] omap-gpmc 50000000.gpmc: GPMC revision 6.0
[    0.281802] No ATAGs?
[    0.281860] hw-breakpoint: found 5 (+1 reserved) breakpoint and 4 watchpoint registers.
[    0.281869] hw-breakpoint: maximum watchpoint size is 8 bytes.
[    0.281892] Driver 'edma' needs an owner
[    0.283366] Driver 'omap_dma_system' needs an owner[    0.283727] OMAP DMA hardware revision 0.0
[    0.323016] Driver 'omap-control-phy' needs an owner
[    0.323747] Driver 'twl4030_gpio' needs an ownerDriver 'edma-dma-engine' needs an owner
[    0.324981] Driver 'omap-dma-engine' needs an owner[    0.350619] omap-dma-engine 4a056000.dma-controller: OMAP DMA engine driver
[    0.350994] Driver 'reg-fixed-voltage' needs an owner
[    0.351883] Driver 'palmas-pmic' needs an owner
[    0.352335] Driver 'tps65023' needs an ownerDriver 'tps6507x-pmic' needs an owner
[    0.352586] Driver 'tps65217-pmic' needs an ownerDriver 'tps65910-pmic' needs an owner
[    0.352920] Driver 'twl_reg' needs an ownerDriver 'tps65217' needs an owner
[    0.354223] Driver 'tps65910' needs an ownerDriver 'palmas' needs an owner
[    0.354767] SCSI subsystem initialized
[    0.354897] Driver 'Generic PHY' needs an owner
[    0.354970] Driver 'Generic 10G PHY' needs an ownerDriver 'usbfs' needs an owner
[    0.355302] usbcore: registered new interface driver usbfs
[    0.355317] Driver 'hub' needs an owner
[    0.355429] usbcore: registered new interface driver hub
[    0.355484] Driver 'usb' needs an owner
[    0.355550] usbcore: registered new device driver usb
[    0.355564] Driver 'usb_phy_generic' needs an owner
[    0.355917] hsusb2_phy supply vcc not found, using dummy regulator
[    0.356373] hsusb3_phy supply vcc not found, using dummy regulator
[    0.356845] Driver 'omap_i2c' needs an owner
[    0.357040] omap_i2c 48070000.i2c: could not find pctldev for node /ocp/pinmux@4a002840/pinmux_i2c1_pins, deferring probe
[    0.357062] platform 48070000.i2c: Driver omap_i2c requests probe deferral
[    0.357848] omap_i2c 48072000.i2c: bus 1 rev0.12 at 100 kHz
[    0.358502] omap_i2c 48060000.i2c: bus 2 rev0.12 at 100 kHz
[    0.359071] omap_i2c 4807a000.i2c: bus 3 rev0.12 at 100 kHz
[    0.359151] omap_i2c 4807c000.i2c: could not find pctldev for node /ocp/pinmux@4a002840/pinmux_i2c5_pins, deferring probe
[    0.359172] platform 4807c000.i2c: Driver omap_i2c requests probe deferral
[    0.362092] Switched to clocksource arch_sys_counter
[    0.465176] NET: Registered protocol family 2
[    0.466367] TCP established hash table entries: 8192 (order: 3, 32768 bytes)
[    0.466570] TCP bind hash table entries: 8192 (order: 6, 294912 bytes)
[    0.468874] TCP: Hash tables configured (established 8192 bind 8192)
[    0.468994] TCP: reno registered
[    0.469016] UDP hash table entries: 512 (order: 3, 40960 bytes)
[    0.469327] UDP-Lite hash table entries: 512 (order: 3, 40960 bytes)
[    0.470309] NET: Registered protocol family 1
[    0.470975] RPC: Registered named UNIX socket transport module.
[    0.470986] RPC: Registered udp transport module.
[    0.470993] RPC: Registered tcp transport module.
[    0.471001] RPC: Registered tcp NFSv4.1 backchannel transport module.
[    0.471704] Driver 'arm-pmu' needs an owner
[    0.471902] hw perfevents: enabled with armv7_cortex_a15 PMU driver, 7 counters available
[    0.472649] Driver 'omap_timer' needs an owner
[    0.474826] Driver 'alarmtimer' needs an owner[    0.476015] futex hash table entries: 512 (order: 3, 32768 bytes)
[    0.476238] audit: initializing netlink subsys (disabled)
[    0.476334] audit: type=2000 audit(0.470:1): initialized
[    0.479075] VFS: Disk quotas dquot_6.5.2
[    0.479177] Dquot-cache hash table entries: 1024 (order 0, 4096 bytes)
[    0.480729] NFS: Registering the id_resolver key type
[    0.480926] Key type id_resolver registered
[    0.480936] Key type id_legacy registered
[    0.481059] jffs2: version 2.2. (NAND) (SUMMARY)   2001-2006 Red Hat, Inc.
[    0.483885] bounce: pool size: 64 pages
[    0.483932] io scheduler noop registered
[    0.483946] io scheduler deadline registered
[    0.483999] io scheduler cfq registered (default)
[    0.484065] Driver 'omap-ocp2scp' needs an owner
[    0.485844] Driver 'omap-usb2' needs an ownerDriver 'ti-pipe3' needs an owner
[    0.488537] Driver 'pinctrl-single' needs an owner[    0.489603] pinctrl-single 4a002840.pinmux: 219 pins at pa fc002840 size 438
[    0.489990] pinctrl-single 4ae0c840.pinmux: 28 pins at pa fce0c840 size 56
[    0.490394] Driver 'twl-pwm' needs an owner
[    0.490723] Driver 'twl-pwmled' needs an ownerDriver 'platform-lcd' needs an owner
[    0.491795] Driver 'omapvrfb' needs an ownerDriver 'pbias-regulator' needs an owner
[    0.493028] Driver 'ti_abb' needs an ownerDriver 'tps65218-pmic' needs an owner
[    0.495389] Serial: 8250/16550 driver, 4 ports, IRQ sharing enabled
[    0.498412] Driver 'serial8250' needs an owner
[    0.498656] Driver 'of_serial' needs an ownerDriver 'omap_uart' needs an owner
[    0.499526] omap_uart 4806a000.serial: no wakeirq for uart0
[    0.499836] omap_uart 4806a000.serial: ttyO0 at MMIO 0x4806a000 (irq = 104, base_baud = 3000000) is a OMAP UART0
[    0.500924] omap_uart 4806c000.serial: no wakeirq for uart0
[    0.501104] omap_uart 4806c000.serial: ttyO1 at MMIO 0x4806c000 (irq = 105, base_baud = 3000000) is a OMAP UART1
[    0.501880] omap_uart 48020000.serial: no wakeirq for uart0
[    0.502101] omap_uart 48020000.serial: ttyO2 at MMIO 0x48020000 (irq = 106, base_baud = 3000000) is a OMAP UART2
[    1.557147] console [ttyO2] enabled
[    1.561666] omap_uart 4806e000.serial: no wakeirq for uart0
[    1.567723] omap_uart 4806e000.serial: ttyO3 at MMIO 0x4806e000 (irq = 102, base_baud = 3000000) is a OMAP UART3
[    1.579239] omap_uart 48066000.serial: no wakeirq for uart0
[    1.585269] omap_uart 48066000.serial: ttyO4 at MMIO 0x48066000 (irq = 137, base_baud = 3000000) is a OMAP UART4
[    1.596657] omap_uart 48068000.serial: no wakeirq for uart0
[    1.602685] omap_uart 48068000.serial: ttyO5 at MMIO 0x48068000 (irq = 138, base_baud = 3000000) is a OMAP UART5
[    1.614195] Driver 'omap_rng' needs an owner
[    1.618814] Driver 'omap3-rom-rng' needs an owner[    1.639244] brd: module loaded
[    1.651689] loop: module loaded
[    1.654990] Driver 'tps65218' needs an owner
[    1.659354] Driver 'menelaus' needs an ownerDriver 'twl' needs an owner
[    1.666437] Driver 'twl4030_power' needs an ownerDriver 'twl4030-audio' needs an owner
[    1.675426] Driver 'twl6040' needs an ownerDriver 'sd' needs an owner
[    1.683449] mtdoops: mtd device (mtddev=name/number) must be supplied
[    1.690433] Driver 'omap2-nand' needs an owner
[    1.695093] Driver 'omap2-onenand' needs an ownerDriver 'omap2_mcspi' needs an owner
[    1.706019] Driver 'SMSC LAN83C185' needs an ownerDriver 'SMSC LAN8187' needs an owner
[    1.714462] Driver 'SMSC LAN8700' needs an ownerDriver 'SMSC LAN911x Internal PHY' needs an owner
[    1.723876] Driver 'SMSC LAN8710/LAN8720' needs an ownerDriver 'Atheros 8035 ethernet' needs an owner
[    1.733649] Driver 'Atheros 8030 ethernet' needs an ownerDriver 'Atheros 8031 ethernet' needs an owner
[    1.743526] Driver 'ks8851' needs an ownerDriver 'ks8851_mll' needs an owner
[    1.751280] Driver 'smc91x' needs an ownerDriver 'smsc911x' needs an owner
[    1.759106] Driver 'davinci_mdio' needs an ownerDriver 'cpsw-phy-sel' needs an owner
[    1.767873] Driver 'asix' needs an owner[    1.772112] usbcore: registered new interface driver asix
[    1.777763] Driver 'ax88179_178a' needs an owner
[    1.782500] usbcore: registered new interface driver ax88179_178a
[    1.789056] Driver 'cdc_ether' needs an owner
[    1.793515] usbcore: registered new interface driver cdc_ether
[    1.799791] Driver 'smsc95xx' needs an owner
[    1.804200] usbcore: registered new interface driver smsc95xx
[    1.810391] Driver 'net1080' needs an owner
[    1.814676] usbcore: registered new interface driver net1080
[    1.820774] Driver 'cdc_subset' needs an owner
[    1.825322] usbcore: registered new interface driver cdc_subset
[    1.831691] Driver 'zaurus' needs an owner
[    1.835876] usbcore: registered new interface driver zaurus
[    1.841892] Driver 'cdc_ncm' needs an owner
[    1.846216] usbcore: registered new interface driver cdc_ncm
[    1.852905] Driver 'cdc_wdm' needs an owner
[    1.857183] usbcore: registered new interface driver cdc_wdm
[    1.863306] Driver 'usb-storage' needs an owner
[    1.867969] usbcore: registered new interface driver usb-storage
[    1.874450] Driver 'usbtest' needs an owner
[    1.878759] usbcore: registered new interface driver usbtest
[    1.884870] Driver 'am335x-control-usb' needs an owner
[    1.890351] Driver 'am335x-phy-driver' needs an owner[    1.896801] mousedev: PS/2 mouse device common for all mice
[    1.902660] Driver 'atkbd' needs an owner
[    1.906888] Driver 'twl4030_keypad' needs an ownerDriver 'psmouse' needs an owner
[    1.915430] Driver 'twl4030_pwrbutton' needs an ownerDriver 'omap_rtc' needs an owner
[    1.924288] Driver 'twl_rtc' needs an owner[    1.928955] i2c /dev entries driver
[    1.934000] Driver for 1-wire Dallas network protocol.
[    1.939474] Driver 'w1_master_driver' needs an owner
[    1.944554] Driver 'w1_slave_driver' needs an ownerDriver 'ti-soc-thermal' needs an owner
[    1.953692] ti-soc-thermal 4a0021e0.bandgap: Delay 1000 ms is not supported
[    1.961197] ti-soc-thermal 4a0021e0.bandgap: Delay 1000 ms is not supported
[    1.968541] ti-soc-thermal 4a0021e0.bandgap: Delay 1000 ms is not supported
[    1.976331] Driver 'omap_wdt' needs an owner
[    1.982481] omap_wdt: OMAP Watchdog Timer Rev 0x01: initial timeout 60 sec
[    1.990009] Driver 'twl4030_wdt' needs an owner
[    1.994969] Driver 'mmcblk' needs an owner[    1.999254] Driver 'mmcblk' needs updating - please use bus_type methods
[    2.006357] Driver 'sdio_uart' needs an owner
[    2.010789] Driver 'mmci-omap' needs an ownerDriver 'omap_hsmmc' needs an owner
[    2.019634] omap_hsmmc 4809c000.mmc: unable to get vmmc regulator -517
[    2.026667] platform 4809c000.mmc: Driver omap_hsmmc requests probe deferral
[    2.072459] 480ad000.mmc supply vmmc not found, using dummy regulator
[    2.079807] omap_hsmmc 480ad000.mmc: could not set regulator OCR (-22)
[    2.122301] Driver 'leds-gpio' needs an owner
[    2.127841] ledtrig-cpu: registered to indicate activity on CPUs
[    2.134278] Driver 'hid-generic' needs an owner
[    2.138906] Driver 'usbhid' needs an owner[    2.143336] usbcore: registered new interface driver usbhid
[    2.149164] usbhid: USB HID core driver
[    2.153201] Driver 'dra7-atl' needs an owner
[    2.157847] Driver 'palmas-usb' needs an ownerDriver 'oprofile-perf' needs an owner
[    2.167361] oprofile: using timer interrupt.
[    2.172309] mmc0: BKOPS_EN bit is not set
[    2.172424] TCP: cubic registered
[    2.172447] Initializing XFRM netlink socket
[    2.172518] NET: Registered protocol family 17
[    2.172566] NET: Registered protocol family 15
[    2.172751] Key type dns_resolver registered
[    2.172924] omap_vc_init_channel: No PMIC info for vdd_core
[    2.172927] omap_vp_init: No PMIC info for vdd_core
[    2.172937] omap_vc_init_channel: No PMIC info for vdd_mm
[    2.172940] omap_vp_init: No PMIC info for vdd_mm
[    2.172949] omap_vc_init_channel: No PMIC info for vdd_mpu
[    2.172952] omap_vp_init: No PMIC info for vdd_mpu
[    2.173596] Power Management for TI OMAP4+ devices.
[    2.173835] ThumbEE CPU extension supported.
[    2.173858] Registering SWP/SWPB emulation handler
[    2.173876] SmartReflex Class3 initialized
[    2.207605] palmas 0-0048: Irq flag is 0x00000000
[    2.257635] palmas 0-0048: Muxing GPIO 2, PWM 0, LED 0
[    2.258044] mmc0: new high speed MMC card at address 0001
[    2.259832] mmcblk0: mmc0:0001 SEM04G 3.68 GiB 
[    2.262146] mmcblk0boot0: mmc0:0001 SEM04G partition 1 2.00 MiB
[    2.272126] mmcblk0boot1: mmc0:0001 SEM04G partition 2 2.00 MiB
[    2.275571]  mmcblk0: p1
[    2.379706] twl6040 0-004b: clk32k is not handled
[    2.389094] omap_i2c 48070000.i2c: bus 0 rev0.12 at 400 kHz
[    2.397154] omap_i2c 4807c000.i2c: bus 4 rev0.12 at 400 kHz
[    2.442707] Driver 'cpsw' needs an owner
[    2.447126] Driver 'gpio-keys' needs an owner[    2.452148] drivers/rtc/hctosys.c: unable to open rtc device (rtc0)
[    2.458874] sr_init: No PMIC hook to init smartreflex
[    2.464331] Driver 'smartreflex' needs an owner
[    2.469221] sr_init: platform driver register failed for SR
[    2.542093] mmc2: host does not support reading read-only switch, assuming write-enable
[    2.556538] mmc2: new high speed SDHC card at address e624
[    2.563338] mmcblk1: mmc2:e624 SU04G 3.69 GiB 
[    2.571666]  mmcblk1: p1 p2 p3
[    4.032188] ------------[ cut here ]------------
[    4.037066] WARNING: CPU: 0 PID: 18 at drivers/bus/omap_l3_noc.c:147 l3_interrupt_handler+0x2ac/0x32c()
[    4.046977] 44000000.ocp:L3 Custom Error: MASTER MPU TARGET L4PER2 (Idle): Data Access in Supervisor mode during Functional access
[    4.059373] Modules linked in:
[    4.062606] CPU: 0 PID: 18 Comm: kworker/0:1 Not tainted 3.18.0-rc3-next-20141110-00002-g41cdba9 #1
[    4.072148] Workqueue: pm pm_runtime_work
[    4.076401] [<c0015390>] (unwind_backtrace) from [<c0011a68>] (show_stack+0x10/0x14)
[    4.084586] [<c0011a68>] (show_stack) from [<c05abddc>] (dump_stack+0x78/0x94)
[    4.092210] [<c05abddc>] (dump_stack) from [<c0040474>] (warn_slowpath_common+0x7c/0xc4)
[    4.100743] [<c0040474>] (warn_slowpath_common) from [<c0040550>] (warn_slowpath_fmt+0x30/0x40)
[    4.109928] [<c0040550>] (warn_slowpath_fmt) from [<c0337300>] (l3_interrupt_handler+0x2ac/0x32c)
[    4.119302] [<c0337300>] (l3_interrupt_handler) from [<c008f2cc>] (handle_irq_event_percpu+0x60/0x230)
[    4.129137] [<c008f2cc>] (handle_irq_event_percpu) from [<c008f4d8>] (handle_irq_event+0x3c/0x5c)
[    4.138512] [<c008f4d8>] (handle_irq_event) from [<c0091fa8>] (handle_fasteoi_irq+0xc4/0x190)
[    4.147532] [<c0091fa8>] (handle_fasteoi_irq) from [<c008ebdc>] (generic_handle_irq+0x20/0x30)
[    4.156616] [<c008ebdc>] (generic_handle_irq) from [<c008ecd4>] (__handle_domain_irq+0x64/0xc4)
[    4.165800] [<c008ecd4>] (__handle_domain_irq) from [<c0008720>] (gic_handle_irq+0x20/0x60)
[    4.174613] [<c0008720>] (gic_handle_irq) from [<c05b2464>] (__irq_svc+0x44/0x5c)
[    4.182512] Exception stack(0xeda2fdb8 to 0xeda2fe00)
[    4.187840] fda0:                                                       00000001 eda2d320
[    4.196468] fdc0: 00000000 eda2cd80 a0000013 c08cb640 a0000013 00000008 c0892100 0000000a
[    4.205105] fde0: 00000000 c0892100 eda2fdd8 eda2fe00 c0085708 c05b1fd8 20000013 ffffffff
[    4.213742] [<c05b2464>] (__irq_svc) from [<c05b1fd8>] (_raw_spin_unlock_irqrestore+0x34/0x44)
[    4.222834] [<c05b1fd8>] (_raw_spin_unlock_irqrestore) from [<c0028bfc>] (omap_hwmod_idle+0x30/0x40)
[    4.232479] [<c0028bfc>] (omap_hwmod_idle) from [<c002a0c8>] (omap_device_idle+0x38/0x78)
[    4.241118] [<c002a0c8>] (omap_device_idle) from [<c002a124>] (_od_runtime_suspend+0x1c/0x24)
[    4.250122] [<c002a124>] (_od_runtime_suspend) from [<c03a4798>] (__rpm_callback+0x34/0x70)
[    4.258939] [<c03a4798>] (__rpm_callback) from [<c03a47fc>] (rpm_callback+0x28/0x88)
[    4.267112] [<c03a47fc>] (rpm_callback) from [<c03a4c20>] (rpm_suspend+0xd4/0x508)
[    4.275107] [<c03a4c20>] (rpm_suspend) from [<c03a60bc>] (pm_runtime_work+0x7c/0x98)
[    4.283284] [<c03a60bc>] (pm_runtime_work) from [<c00559d4>] (process_one_work+0x1b4/0x4bc)
[    4.292092] [<c00559d4>] (process_one_work) from [<c0055e64>] (worker_thread+0x154/0x480)
[    4.300718] [<c0055e64>] (worker_thread) from [<c005a994>] (kthread+0xd4/0xf0)
[    4.308350] [<c005a994>] (kthread) from [<c000e688>] (ret_from_fork+0x14/0x2c)
[    4.315968] ---[ end trace cd092bda8f531755 ]---
[   14.622624] ldo8: disabling
[   14.626661] ldo3: disabling
[   14.663856] EXT4-fs (mmcblk1p2): mounted filesystem with ordered data mode. Opts: (null)
[   14.672622] VFS: Mounted root (ext4 filesystem) on device 179:26.
[   14.684562] devtmpfs: mounted
[   14.688108] Freeing unused kernel memory: 424K (c0826000 - c0890000)
INIT: version 2.88 booting
Error opening /dev/fb0: No such file or directory
Starting udev
[   15.234047] udevd[92]: starting version 182
[   17.801176] EXT4-fs (mmcblk0p1): warning: mounting unchecked fs, running e2fsck is recommended
[   17.818925] EXT4-fs (mmcblk0p1): mounted filesystem without journal. Opts: (null)
[   17.840833] EXT4-fs (mmcblk1p3): mounted filesystem with ordered data mode. Opts: (null)
[   17.879031] FAT-fs (mmcblk1p1): Volume was not properly unmounted. Some data may be corrupt. Please run fsck.
Starting Bootlog daemon: bootlogd: cannot allocate pseudo tty: No such file or directory
bootlogd.
[   18.142687] EXT4-fs (mmcblk1p2): re-mounted. Opts: data=ordered
[   18.203294] random: dd urandom read with 66 bits of entropy available
ALSA: Restoring mixer settings...
/usr/sbin/alsactl: load_state:1696: No soundcards found...
Configuring network interfaces... ifconfig: SIOCGIFFLAGS: No such device
done.
hwclock: can't open '/dev/misc/rtc': No such file or directory
Thu Sep 25 16:30:00 UTC 2014
hwclock: can't open '/dev/misc/rtc': No such file or directory
INIT: Entering runlevel: 5
Starting system message bus: dbus.
Starting Dropbear SSH server: dropbear.
Starting telnet daemon.
hwclock: can't open '/dev/misc/rtc': No such file or directory
Starting syslogd/klogd: done
Starting thttpd.
Starting Lighttpd Web Server: 2014-09-25 16:30:00: (log.c.166) server started 
lighttpd.
Starting Matrix GUI application.
[   21.021315] random: nonblocking pool is initialized
***************************************************************
***************************************************************
NOTICE: This file system contains the followin GPLv3 packages:
	binutils-symlinks
	binutils
	gdbserver
	parted
If you do not wish to distribute GPLv3 components please remove
the above packages prior to distribution.  This can be done using
the opkg remove command.  i.e.:
    opkg remove <package>
Where <package> is the name printed in the list above
NOTE: If the package is a dependency of another package you
      will be notified of the dependent packages.  You should
      use the --force-removal-of-dependent-packages option to
      also remove the dependent packages as well
***************************************************************
***************************************************************
Stopping Bootlog daemon: bootlogd.
 _____                    _____           _         _   
|  _  |___ ___ ___ ___   |  _  |___ ___  |_|___ ___| |_ 
|     |  _| .'| . | . |  |   __|  _| . | | | -_|  _|  _|
|__|__|_| |__,|_  |___|  |__|  |_| |___|_| |___|___|_|  
              |___|                    |___|            
Arago Project http://arago-project.org omap5-evm ttyO2
Arago 2013.12 omap5-evm ttyO2
omap5-evm login: 
- 06:49:40 [INFO] Host: root
- 06:49:41 [INFO] Target: 
root
root@omap5-evm:~# 
- 06:49:41 [INFO] Host: uname -a
- 06:49:41 [INFO] Target: 
uname -a
Linux omap5-evm 3.18.0-rc3-next-20141110-00002-g41cdba9 #1 SMP Mon Nov 10 05:46:25 CST 2014 armv7l GNU/Linux
root@omap5-evm:~# 
- 06:49:41 [INFO] Host: cat /proc/cmdline
- 06:49:42 [INFO] Target: 
cat /proc/cmdline
console=ttyO2,115200n8 earlyprintk rootwait  ip=dhcp  root=PARTUUID=00000000-02 rw rootfstype=ext4 rootwait 
root@omap5-evm:~# 
- 06:49:42 [INFO] Host: uname -a
- 06:49:42 [INFO] Target: 
uname -a
Linux omap5-evm 3.18.0-rc3-next-20141110-00002-g41cdba9 #1 SMP Mon Nov 10 05:46:25 CST 2014 armv7l GNU/Linux
root@omap5-evm:~# 
- 06:49:42 [INFO] Host: cat /proc/mtd
- 06:49:43 [INFO] Target: 
cat /proc/mtd
dev:    size   erasesize  name
root@omap5-evm:~# 
- 06:49:51 [INFO] Host: export IPERFHOST=192.168.0.1
- 06:49:51 [INFO] Target: 
export IPERFHOST=192.168.0.1
root@omap5-evm:~# 
- 06:49:51 [INFO] Host: export NFS_SERVER=192.168.0.1
- 06:49:52 [INFO] Target: 
export NFS_SERVER=192.168.0.1
root@omap5-evm:~# 
- 06:49:52 [INFO] Host: export NFS_ROOT_PATH=/home/tigtfarm06/NFS_exports/linux/omap5-evm
- 06:49:52 [INFO] Target: 
export NFS_ROOT_PATH=/home/tigtfarm06/NFS_exports/linux/omap5- 
root@omap5-evm:~# 
- 06:49:52 [INFO] Host: mkdir -p -m 777 /test
- 06:49:53 [INFO] Target: 
mkdir -p -m 777 /test
root@omap5-evm:~# 
- 06:49:53 [INFO] Host: cd /test
- 06:49:53 [INFO] Target: 
cd /test
root@omap5-evm:/test# 
- 06:49:53 [INFO] Host: cat > test.sh << EOF
- 06:49:54 [INFO] Target: 
cat > test.sh << EOF
- 06:49:54 [INFO] Host: failtest() {
- 06:49:54 [INFO] Target: 
failtest() {
- 06:49:54 [INFO] Host:   echo 1 >&3
- 06:49:55 [INFO] Target: 
  echo 1 >&3
- 06:49:55 [INFO] Host: }
- 06:49:55 [INFO] Target: 
- 06:49:55 [INFO] Host: timeout=600
- 06:49:56 [INFO] Target: 
timeout=600
- 06:49:56 [INFO] Host: 
- 06:49:56 [INFO] Target: 
- 06:49:56 [INFO] Host: # Start of user's script logic
- 06:49:57 [INFO] Target: 
# Start of user's script logic
- 06:49:57 [INFO] Host: 
- 06:49:57 [INFO] Target: 
- 06:49:57 [INFO] Host: 
- 06:49:58 [INFO] Target: 
- 06:49:58 [INFO] Host: mount -t proc proc /proc 2>/dev/null;
- 06:49:58 [INFO] Target: 
mount -t proc proc /proc 2>/dev/null;
- 06:49:58 [INFO] Host: 
- 06:49:59 [INFO] Target: 
- 06:49:59 [INFO] Host: mount -t sysfs sys /sys 2>/dev/null;
- 06:49:59 [INFO] Target: 
mount -t sysfs sys /sys 2>/dev/null;
- 06:49:59 [INFO] Host: 
- 06:50:00 [INFO] Target: 
- 06:50:00 [INFO] Host: mount -t debugfs none /sys/kernel/debug 2>/dev/null;
- 06:50:00 [INFO] Target: 
mount -t debugfs none /sys/kernel/debug 2>/dev/null;
- 06:50:00 [INFO] Host: 
- 06:50:01 [INFO] Target: 
- 06:50:01 [INFO] Host: echo 'cpuinfo:';cat /proc/cpuinfo; echo '=======';
- 06:50:01 [INFO] Target: 
echo 'cpuinfo:';cat /proc/cpuinfo; echo '=======';
- 06:50:01 [INFO] Host: 
- 06:50:02 [INFO] Target: 
- 06:50:02 [INFO] Host: echo 'soc info:';head /sys/devices/soc0/* 2>/dev/null; echo '=======';
- 06:50:02 [INFO] Target: 
echo 'soc info:';head /sys/devices/soc0/* 2>/dev/null; echo '=======';
- 06:50:02 [INFO] Host: 
- 06:50:03 [INFO] Target: 
- 06:50:03 [INFO] Host: echo 'DT Model info'; head /proc/device-tree/name /proc/device-tree/model /proc/device-tree/compatible 2>/dev/null;echo; echo '=======';
- 06:50:03 [INFO] Target: 
echo 'DT Model info'; head /proc/device-tree/name /proc/device-tree/model /pro 
c/device-tree/compatible 2>/dev/null;echo; echo '=======';
- 06:50:03 [INFO] Host: 
- 06:50:04 [INFO] Target: 
- 06:50:04 [INFO] Host: echo 'interrupts:';cat /proc/interrupts; echo '=======';
- 06:50:04 [INFO] Target: 
echo 'interrupts:';cat /proc/interrupts; echo '=======';
- 06:50:04 [INFO] Host: 
- 06:50:05 [INFO] Target: 
- 06:50:05 [INFO] Host: echo 'Clk_summary:';cat /sys/kernel/debug/clk/clk_summary; echo '=======';
- 06:50:05 [INFO] Target: 
echo 'Clk_summary:';cat /sys/kernel/debug/clk/clk_summary; echo '=======';
- 06:50:05 [INFO] Host: 
- 06:50:06 [INFO] Target: 
- 06:50:06 [INFO] Host: echo 'Orphan Clks:';ls /sys/kernel/debug/clk/orphans/; echo '=======';
- 06:50:06 [INFO] Target: 
echo 'Orphan Clks:';ls /sys/kernel/debug/clk/orphans/; echo '=======';
- 06:50:06 [INFO] Host: 
- 06:50:07 [INFO] Target: 
- 06:50:07 [INFO] Host: echo "Available frequencies"; cat /sys/devices/system/cpu/cpu0/cpufreq/scaling_available_frequencies 2>/dev/null;echo '=======';
- 06:50:07 [INFO] Target: 
echo "Available frequencies"; cat /sys/devices/system/cpu/cpu0/cpufreq/scaling 
_available_frequencies 2>/dev/null;echo '=======';
- 06:50:07 [INFO] Host: 
- 06:50:08 [INFO] Target: 
- 06:50:08 [INFO] Host: echo 'H''ello World' 'B''oard Booted';
- 06:50:08 [INFO] Target: 
echo 'H''ello World' 'B''oard Booted';
- 06:50:08 [INFO] Host: 
- 06:50:09 [INFO] Target: 
- 06:50:09 [INFO] Host: EOF
- 06:50:09 [INFO] Target: 
root@omap5-evm:/test# 
- 06:50:09 [INFO] Host: cd /test
- 06:50:10 [INFO] Target: 
cd /test
root@omap5-evm:/test# 
- 06:50:10 [INFO] Host: chmod +x test.sh
- 06:50:10 [INFO] Target: 
chmod +x test.sh
root@omap5-evm:/test# 
- 06:50:10 [INFO] Host: ./test.sh 2> stderr.log > stdout.log 3> result.log
- 06:50:11 [INFO] Target: 
./test.sh 2> stderr.log > stdout.log 3> result.log
root@omap5-evm:/test# 
- 06:50:11 [INFO] Host: echo $?
- 06:50:11 [INFO] Target: 
echo $?
root@omap5-evm:/test# 
- 06:50:11 [INFO] Host: cd /test
- 06:50:12 [INFO] Target: 
cd /test
root@omap5-evm:/test# 
- 06:50:12 [INFO] Host: cat stdout.log
- 06:50:14 [INFO] Target: 
cat stdout.log
cpuinfo:
processor	: 0
model name	: ARMv7 Processor rev 2 (v7l)
Features	: half thumb fastmult vfp edsp thumbee neon vfpv3 tls vfpv4 idiva idivt vfpd32 lpae evtstrm 
CPU implementer	: 0x41
CPU architecture: 7
CPU variant	: 0x2
CPU part	: 0xc0f
CPU revision	: 2
processor	: 1
model name	: ARMv7 Processor rev 2 (v7l)
Features	: half thumb fastmult vfp edsp thumbee neon vfpv3 tls vfpv4 idiva idivt vfpd32 lpae evtstrm 
CPU implementer	: 0x41
CPU architecture: 7
CPU variant	: 0x2
CPU part	: 0xc0f
CPU revision	: 2
Hardware	: Generic OMAP5 (Flattened Device Tree)
Revision	: 0000
Serial		: 0000000000000000
=======
soc info:
==> /sys/devices/soc0/family <==
OMAP5
==> /sys/devices/soc0/machine <==
OMAP5432
==> /sys/devices/soc0/power <==
==> /sys/devices/soc0/revision <==
ES2.0
==> /sys/devices/soc0/subsystem <==
==> /sys/devices/soc0/type <==
==> /sys/devices/soc0/uevent <==
=======
DT Model info
==> /proc/device-tree/name <==
==> /proc/device-tree/model <==
TI OMAP5 uEVM board
==> /proc/device-tree/compatible <==
ti,omap5-uevmti,omap5
=======
interrupts:
           CPU0       CPU1       
 27:       1607       1367       GIC  27  arch_timer
 39:          1          0       GIC  39  palmas
 41:          0          0       GIC  41  l3-dbg-irq
 42:          1          0       GIC  42  l3-app-irq
 44:          0          0       GIC  44  DMA
 45:       3519          0       GIC  45  omap-dma-engine
 52:          0          0       GIC  52  gpmc
 69:          0          0       GIC  69  gp_timer
 88:        560          0       GIC  88  48070000.i2c
 89:          0          0       GIC  89  48072000.i2c
 92:          0          0       GIC  92  4807c000.i2c
 93:          0          0       GIC  93  48060000.i2c
 94:          0          0       GIC  94  4807a000.i2c
106:       4201          0       GIC 106  OMAP UART2
115:       4883          0       GIC 115  mmc2
118:        681          0       GIC 118  mmc0
126:         13          0       GIC 126  mmc1
151:          0          0       GIC 151  twl6040
158:          1          0       GIC 158  talert
459:          0          0      PRCM  pinctrl, pinctrl
515:          0          0    palmas  21  palmas_usb_id
517:          0          0    palmas  23  palmas_usb_vbus
519:          0          0   twl6040   5  twl6040_irq_ready
520:          0          0   twl6040   0  twl6040_irq_th
IPI0:          0          1  CPU wakeup interrupts
IPI1:          0          0  Timer broadcast interrupts
IPI2:       1296       2531  Rescheduling interrupts
IPI3:          0          0  Function call interrupts
IPI4:         57         21  Single function call interrupts
IPI5:          0          0  CPU stop interrupts
IPI6:          0          0  IRQ work interrupts
IPI7:          0          0  completion interrupts
Err:          0
=======
Clk_summary:
   clock                         enable_cnt  prepare_cnt        rate   accuracy   phase
----------------------------------------------------------------------------------------
 dummy_ck                                 0            0           0          0 0  
 xclk60mhsp2_ck                           0            0    60000000          0 0  
 xclk60mhsp1_ck                           0            0    60000000          0 0  
 virt_38400000_ck                         0            0    38400000          0 0  
 virt_27000000_ck                         0            0    27000000          0 0  
 virt_26000000_ck                         0            0    26000000          0 0  
 virt_19200000_ck                         1            1    19200000          0 0  
    sys_clkin                             5           12    19200000          0 0  
       auxclk4_src_ck                     0            0    19200000          0 0  
          auxclk4_ck                      0            0     9600000          0 0  
       auxclk3_src_ck                     0            0    19200000          0 0  
          auxclk3_ck                      0            0    19200000          0 0  
             auxclkreq3_ck                0            0    19200000          0 0  
       auxclk2_src_ck                     0            0    19200000          0 0  
          auxclk2_ck                      0            0    19200000          0 0  
             auxclkreq2_ck                0            0    19200000          0 0  
       auxclk1_src_ck                     0            0    19200000          0 0  
          auxclk1_ck                      0            0    19200000          0 0  
             auxclkreq1_ck                0            0    19200000          0 0  
       auxclk0_src_ck                     0            0    19200000          0 0  
          auxclk0_ck                      0            0    19200000          0 0  
             auxclkreq0_ck                0            0    19200000          0 0  
       wkupaon_iclk_mux                   7            8    19200000          0 0  
          l3instr_ts_gclk_div             0            0    19200000          0 0  
       timer9_gfclk_mux                   0            1    19200000          0 0  
       timer4_gfclk_mux                   0            1    19200000          0 0  
       timer3_gfclk_mux                   0            1    19200000          0 0  
       timer2_gfclk_mux                   0            1    19200000          0 0  
       timer11_gfclk_mux                  0            1    19200000          0 0  
       timer10_gfclk_mux                  0            1    19200000          0 0  
       sata_ref_clk                       0            0    19200000          0 0  
       dpll_usb_ck                        1            2   960000000          0 0  
          dpll_usb_m2_ck                  0            1   480000000          0 0  
             usb_host_hs_hsic480m_p3_clk           0            0   480000000          0 0  
             usb_host_hs_hsic480m_p2_clk           0            0   480000000          0 0  
             usb_host_hs_hsic480m_p1_clk           0            0   480000000          0 0  
             l3init_60m_fclk              0            1    60000000          0 0  
                usb_tll_hs_usb_ch2_clk           0            0    60000000          0 0  
                usb_tll_hs_usb_ch1_clk           0            0    60000000          0 0  
                usb_tll_hs_usb_ch0_clk           0            0    60000000          0 0  
                usb_host_hs_utmi_p3_clk           0            0    60000000          0 0  
                utmi_p2_gfclk             0            0    60000000          0 0  
                   usb_host_hs_utmi_p2_clk           0            0    60000000          0 0  
                utmi_p1_gfclk             0            0    60000000          0 0  
                   usb_host_hs_utmi_p1_clk           0            0    60000000          0 0  
                usb_host_hs_hsic60m_p3_clk           0            0    60000000          0 0  
                usb_host_hs_hsic60m_p2_clk           0            0    60000000          0 0  
                usb_host_hs_hsic60m_p1_clk           0            0    60000000          0 0  
          dpll_usb_clkdcoldo              1            1   960000000          0 0  
             usb_otg_ss_refclk960m           1            3   960000000          0 0  
       dpll_unipro2_ck                    0            0    19200000          0 0  
          dpll_unipro2_m2_ck              0            0    19200000          0 0  
          dpll_unipro2_clkdcoldo           0            0    19200000          0 0  
       dpll_unipro1_ck                    0            0    19200000          0 0  
          dpll_unipro1_m2_ck              0            0    19200000          0 0  
             lli_txphy_ls_clk             0            0    19200000          0 0  
          dpll_unipro1_clkdcoldo           0            0    19200000          0 0  
             lli_txphy_clk                0            0    19200000          0 0  
       dpll_per_ck                        1            1   384000000          0 0  
          dpll_per_m2_ck                  0            0    96000000          0 0  
             func_24m_clk                 0            0    24000000          0 0  
          dpll_per_x2_ck                  1            2   768000000          0 0  
             dpll_per_m3x2_ck             0            0   256000000          0 0  
             dpll_per_m2x2_ck             1            4   192000000          0 0  
                mmc2_fclk_mux             0            1   192000000          0 0  
                   mmc2_fclk              0            1    96000000          0 0  
                mmc1_fclk_mux             0            1   192000000          0 0  
                   mmc1_fclk              0            1    96000000          0 0  
                hsi_fclk                  0            0   192000000          0 0  
                func_96m_fclk             0            6    96000000          0 0  
                   iss_ctrlclk            0            0    96000000          0 0  
                func_48m_fclk             6           14    48000000          0 0  
                   dss_48mhz_clk           0            2    48000000          0 0  
                func_12m_fclk             0            0    12000000          0 0  
             dpll_per_h14x2_ck            0            0   384000000          0 0  
             dpll_per_h12x2_ck            0            1   192000000          0 0  
                dss_dss_clk               0            4   192000000          0 0  
             dpll_per_h11x2_ck            0            0   256000000          0 0  
                fdif_fclk                 0            0   256000000          0 0  
                func_128m_clk             0            0   128000000          0 0  
       dpll_mpu_ck                        1            1  1000000000          0 0  
          dpll_mpu_m2_ck                  1            1  1000000000          0 0  
       dpll_core_ck                       1            1  1063680000          0 0  
          dpll_core_m2_ck                 0            0   531840000          0 0  
          dpll_core_x2_ck                 3            4  2127360000          0 0  
             dpll_core_m3x2_ck            0            0   425472000          0 0  
             dpll_core_h24x2_ck           0            0   354560000          0 0  
             dpll_core_h23x2_ck           0            0   303908572          0 0  
             dpll_core_h22x2_ck           0            1   425472000          0 0  
             dpll_core_h14x2_ck           0            0    33767620          0 0  
                gpu_hyd_gclk_mux           0            0    33767620          0 0  
                gpu_core_gclk_mux           0            0    33767620          0 0  
             dpll_core_h13x2_ck           1            2    34312259          0 0  
             dpll_core_h12x2_ck           1            2   531840000          0 0  
                l3_iclk_div              23           25   265920000          0 0  
                   l4_root_clk_div          44           50   132960000          0 0  
                   gpu_l3_iclk            0            0   265920000          0 0  
                mpu_dpll_hs_clk_div           0            0   531840000          0 0  
                iva_dpll_hs_clk_div           0            1   531840000          0 0  
                   dpll_iva_ck            0            1   531840000          0 0  
                      dpll_iva_x2_ck           0            1   531840000          0 0  
                         dpll_iva_h12x2_ck           0            0   531840000          0 0  
                         dpll_iva_h11x2_ck           0            1   531840000          0 0  
             dpll_core_h11x2_ck           4            4   265920000          0 0  
             dpll_core_h21x2_ck           0            0   354560000          0 0  
                c2c_fclk                  0            0   354560000          0 0  
                   c2c_iclk               0            0   177280000          0 0  
       dss_syc_gfclk_div                  0            5    19200000          0 0  
          dss_sys_clk                     0            5    19200000          0 0  
          timer8_gfclk_mux                0            1    19200000          0 0  
          timer7_gfclk_mux                0            1    19200000          0 0  
          timer6_gfclk_mux                0            1    19200000          0 0  
          timer5_gfclk_mux                0            1    19200000          0 0  
       custefuse_sys_gfclk_div            0            0     9600000          0 0  
       abe_dpll_bypass_clk_mux            0            0    19200000          0 0  
 virt_16800000_ck                         0            0    16800000          0 0  
 virt_13000000_ck                         0            0    13000000          0 0  
 virt_12000000_ck                         0            0    12000000          0 0  
 sys_32k_ck                               3           15       32768          0 0  
    timer1_gfclk_mux                      1            1       32768          0 0  
    gpio1_dbclk                           0            1       32768          0 0  
    abe_dpll_clk_mux                      1            1       32768          0 0  
       dpll_abe_ck                        1            1    98304000          0 0  
          dpll_abe_x2_ck                  1            1   196608000          0 0  
             dpll_abe_m3x2_ck             0            0    98304000          0 0  
                usb_dpll_hs_clk_div           0            0    32768000          0 0  
                per_dpll_hs_clk_div           0            0    49152000          0 0  
             dpll_abe_m2x2_ck             1            2   196608000          0 0  
                abe_lp_clk_div            0            0    12288000          0 0  
                abe_clk                   1            1   196608000          0 0  
                   aess_fclk              1            1   196608000          0 0  
                      abe_iclk           11           11    98304000          0 0  
                abe_24m_fclk              0            4    24576000          0 0  
                   mcbsp3_sync_mux_ck           0            2    24576000          0 0  
                      mcbsp3_gfclk           0            1    24576000          0 0  
                   mcbsp2_sync_mux_ck           0            2    24576000          0 0  
                      mcbsp2_gfclk           0            1    24576000          0 0  
                   mcbsp1_sync_mux_ck           0            2    24576000          0 0  
                      mcbsp1_gfclk           0            1    24576000          0 0  
                   mcasp_sync_mux_ck           0            0    24576000          0 0  
                      mcasp_gfclk           0            0    24576000          0 0  
                   dmic_sync_mux_ck           0            1    24576000          0 0  
                      dmic_gfclk           0            1    24576000          0 0  
    usb_phy_cm_clk32k                     1            2       32768          0 0  
    mmc1_32khz_clk                        0            1       32768          0 0  
    gpio8_dbclk                           0            1       32768          0 0  
    gpio7_dbclk                           0            1       32768          0 0  
    gpio6_dbclk                           0            1       32768          0 0  
    gpio5_dbclk                           0            1       32768          0 0  
    gpio4_dbclk                           0            1       32768          0 0  
    gpio3_dbclk                           0            1       32768          0 0  
    gpio2_dbclk                           0            1       32768          0 0  
    dss_32khz_clk                         0            1       32768          0 0  
 slimbus_src_clk                          0            0    12000000          0 0  
    slimbus_clk                           0            0    12000000          0 0  
       slimbus1_slimbus_clk               0            0    12000000          0 0  
 secure_32k_clk_src_ck                    0            0       32768          0 0  
 pad_clks_src_ck                          0            1    12000000          0 0  
    pad_clks_ck                           0            4    12000000          0 0  
=======
Orphan Clks:
=======
Available frequencies
=======
Hello World Board Booted
root@omap5-evm:/test# 
- 06:50:14 [INFO] Host: cat stderr.log
- 06:50:14 [INFO] Target: 
cat stderr.log
ls: /sys/kernel/debug/clk/orphans/: No such file or directory
root@omap5-evm:/test# 
- 06:50:14 [INFO] Host: cat result.log
- 06:50:16 [ERROR] On command: cat result.log waiting for cat result.log.+?(?m-ix:^1[\0\n\r]+) >>> error: execution expired
- 06:50:16 [INFO] Target: 
cat result.log
root@omap5-evm:/test# 
- 06:50:16 [INFO] Host: cd /test
- 06:50:17 [INFO] Target: 
cd /test
root@omap5-evm:/test# 
