- 06:35:13 [INFO] Starting target session
- 06:35:13 [INFO] Connected to omap5-evm via serial 
- 06:35:13 [INFO] Host: #check prompt
- 06:35:15 [ERROR] On command: #check prompt waiting for #check prompt.+?(?-mix:((?-mix:login:)|[Pp]assword)) >>> error: execution expired
- 06:35:15 [INFO] Target: 
#check prompt
root@omap5-evm:/test# 
- 06:35:15 [INFO] Host: #check prompt
- 06:35:15 [INFO] Target: 
#check prompt
root@omap5-evm:/test# 
- 06:35:15 [INFO] Host: sync;poweroff
- 06:37:15 [ERROR] On command: sync;poweroff waiting for sync;poweroff.+?(?i-mx:System halted|System will go to power_off) >>> error: execution expired
- 06:37:15 [INFO] Target: 
sync;poweroff
Broadcast message from roJjH.]Y[Z.H+
KCRR Sending processes the TERM signal
root@omap5-evm:/test# 
INIT:Stopping Dropbear SSH server: stopped /usr/sbin/dropbear (pid 720)
dropbear.
Stopping telnet daemon.
Stopping system message bus: hwclock: can't open '/dev/misc/rtc': No such file or directory
Error opening /dev/fb0: No such file or directory
Stopping syslogd/klogd: stopped syslogd (pid 731)
stopped klogd (pid 735)
done
Stopping thttpd.
ALSA: Storing mixer settings...
/usr/sbin/alsactl: save_state:1580: No soundcards found...
Deconfiguring network interfaces... done.
Stopping Lighttpd Web Server: stopped /usr/sbin/lighttpd (pid 745)
lighttpd.
Stopping Matrix GUI applicationstart-stop-daemon: warning: killing process 752: No such process
***************************************************************
***************************************************************
NOTICE: This file system contains the followin GPLv3 packages:
	binutils-symlinks
	binutils
	gdbserver
	parted
If you do not wish to distribute GPLv3 components please remove
the above packages prior to distribution.  This can be done using
the opkg remove command.  i.e.:
    opkg remove <package>
Where <package> is the name printed in the list above
NOTE: If the package is a dependency of another package you
      will be notified of the dependent packages.  You should
      use the --force-removal-of-dependent-packages option to
      also remove the dependent packages as well
***************************************************************
***************************************************************
Sending all processes the TERM signal...
Sending all processes the KILL signal...
Unmounting remote filesystems...
Deactivating swap...
Unmounting local filesystems...
[ 9439.214807] EXT4-fs (mmcblk1p2): re-mounted. Opts: data=ordered
[ 9441.448292] reboot: Power down
- 06:37:15 [INFO] Disconnected serial from omap5-evm
- 06:37:17 [INFO] Connected to omap5-evm via serial 
- 06:37:17 [INFO] Host: 
- 06:37:18 [INFO] Target: 
SATA link 0 timeout.
AHCI 0001.0300 32 slots 1 ports 3 Gbps 0x1 impl SATA mode
flags: 64bit ncq stag pm led clo only pmp pio slum part ccc apst 
scanning bus for devices...
Found 0 device(s).
SCSI:  Net:   No ethernet found.
Hit any key to stop autoboot:  1  0 
U-Boot# 
- 06:37:18 [INFO] Host: 
- 06:37:18 [INFO] Target: 
U-Boot# 
- 06:37:18 [INFO] Host: version
- 06:37:19 [INFO] Target: 
version
U-Boot 2014.07-00069-g00ddc45 (Sep 18 2014 - 13:49:45)
arm-linux-gnueabihf-gcc (crosstool-NG linaro-1.13.1-4.7-2013.03-20130313 - Linaro GCC 2013.03) 4.7.3 20130226 (prerelease)
GNU ld (crosstool-NG linaro-1.13.1-4.7-2013.03-20130313 - Linaro GCC 2013.03) 2.23.1
U-Boot# 
- 06:37:19 [INFO] Host: setenv bootargs 'console=ttyO2,115200n8 earlyprintk rootwait '
- 06:37:19 [INFO] Target: 
setenv bootargs 'console=ttyO2,115200n8 earlyprintk rootwait '
U-Boot# 
- 06:37:19 [INFO] Host: setenv bootcmd  ''
- 06:37:20 [INFO] Target: 
setenv bootcmd  ''
U-Boot# 
- 06:37:20 [INFO] Host: setenv autoload 'no'
- 06:37:20 [INFO] Target: 
setenv autoload 'no'
U-Boot# 
- 06:37:20 [INFO] Host: setenv serverip '192.168.0.1'
- 06:37:21 [INFO] Target: 
setenv serverip '192.168.0.1'
U-Boot# 
- 06:37:21 [INFO] Host: printenv
- 06:37:21 [INFO] Target: 
printenv
arch=arm
autoload=no
baudrate=115200
board=omap5_uevm
board_name=omap5_uevm
bootargs=console=ttyO2,115200n8 earlyprintk rootwait 
bootcmd=
bootdelay=1
bootdir=/boot
bootfile=zImage
bootm_size=0x10000000
bootpart=0:2
bootscript=echo Running bootscript from mmc${mmcdev} ...; source ${loadaddr}
console=ttyO2,115200n8
cpu=armv7
fdt_addr_r=0x88000000
fdtaddr=0x88000000
fdtfile=undefined
findfdt=if test $board_name = omap5_uevm; then setenv fdtfile omap5-uevm.dtb; fi; if test $board_name = dra7xx; then setenv fdtfile dra7-evm.dtb; fi;if test $board_name = dra72x; then setenv fdtfile dra72-evm.dtb; fi;if test $fdtfile = undefined; then echo WARNING: Could not determine device tree to use; fi; 
importbootenv=echo Importing environment from mmc${mmcdev} ...; env import -t ${loadaddr} ${filesize}
kernel_addr_r=0x82000000
loadaddr=0x82000000
loadbootenv=fatload mmc ${mmcdev} ${loadaddr} uEnv.txt
loadbootscript=fatload mmc ${mmcdev} ${loadaddr} boot.scr
loadfdt=load mmc ${bootpart} ${fdtaddr} ${bootdir}/${fdtfile};
loadimage=load mmc ${bootpart} ${loadaddr} ${bootdir}/${bootfile}
mmcargs=setenv bootargs console=${console} ${optargs} vram=${vram} root=${mmcroot} rootfstype=${mmcrootfstype}
mmcboot=mmc dev ${mmcdev}; if mmc rescan; then echo SD/MMC found on device ${mmcdev};if run loadbootenv; then echo Loaded environment from ${bootenv};run importbootenv;fi;if test -n $uenvcmd; then echo Running uenvcmd ...;run uenvcmd;fi;if run loadimage; then run loadfdt; echo Booting from mmc${mmcdev} ...; run mmcargs; bootz ${loadaddr} - ${fdtaddr}; fi;fi;
mmcdev=0
mmcroot=/dev/mmcblk1p2 rw
mmcrootfstype=ext4 rootwait
partitions=uuid_disk=${uuid_gpt_disk};name=rootfs,start=2MiB,size=-,uuid=${uuid_gpt_rootfs}
ramdisk_addr_r=0x88080000
rdaddr=0x88080000
scsidevs=0
serverip=192.168.0.1
soc=omap5
stderr=serial
stdin=serial
stdout=serial
usbethaddr=02:21:03:ff:09:60
usbtty=cdc_acm
vendor=ti
ver=U-Boot 2014.07-00069-g00ddc45 (Sep 18 2014 - 13:49:45)
vram=16M
Environment size: 2052/131067 bytes
U-Boot# 
- 06:37:21 [INFO] Host: usb start
- 06:37:25 [INFO] Target: 
usb start
(Re)start USB...
USB0:   USB EHCI 1.00
scanning bus 0 for devices... 3 USB Device(s) found
       scanning usb for storage devices... 0 Storage Device(s) found
       scanning usb for ethernet devices... 1 Ethernet Device(s) found
U-Boot# 
- 06:37:25 [INFO] Host: printenv
- 06:37:26 [INFO] Target: 
printenv
arch=arm
autoload=no
baudrate=115200
board=omap5_uevm
board_name=omap5_uevm
bootargs=console=ttyO2,115200n8 earlyprintk rootwait 
bootcmd=
bootdelay=1
bootdir=/boot
bootfile=zImage
bootm_size=0x10000000
bootpart=0:2
bootscript=echo Running bootscript from mmc${mmcdev} ...; source ${loadaddr}
console=ttyO2,115200n8
cpu=armv7
ethact=sms0
fdt_addr_r=0x88000000
fdtaddr=0x88000000
fdtfile=undefined
findfdt=if test $board_name = omap5_uevm; then setenv fdtfile omap5-uevm.dtb; fi; if test $board_name = dra7xx; then setenv fdtfile dra7-evm.dtb; fi;if test $board_name = dra72x; then setenv fdtfile dra72-evm.dtb; fi;if test $fdtfile = undefined; then echo WARNING: Could not determine device tree to use; fi; 
importbootenv=echo Importing environment from mmc${mmcdev} ...; env import -t ${loadaddr} ${filesize}
kernel_addr_r=0x82000000
loadaddr=0x82000000
loadbootenv=fatload mmc ${mmcdev} ${loadaddr} uEnv.txt
loadbootscript=fatload mmc ${mmcdev} ${loadaddr} boot.scr
loadfdt=load mmc ${bootpart} ${fdtaddr} ${bootdir}/${fdtfile};
loadimage=load mmc ${bootpart} ${loadaddr} ${bootdir}/${bootfile}
mmcargs=setenv bootargs console=${console} ${optargs} vram=${vram} root=${mmcroot} rootfstype=${mmcrootfstype}
mmcboot=mmc dev ${mmcdev}; if mmc rescan; then echo SD/MMC found on device ${mmcdev};if run loadbootenv; then echo Loaded environment from ${bootenv};run importbootenv;fi;if test -n $uenvcmd; then echo Running uenvcmd ...;run uenvcmd;fi;if run loadimage; then run loadfdt; echo Booting from mmc${mmcdev} ...; run mmcargs; bootz ${loadaddr} - ${fdtaddr}; fi;fi;
mmcdev=0
mmcroot=/dev/mmcblk1p2 rw
mmcrootfstype=ext4 rootwait
partitions=uuid_disk=${uuid_gpt_disk};name=rootfs,start=2MiB,size=-,uuid=${uuid_gpt_rootfs}
ramdisk_addr_r=0x88080000
rdaddr=0x88080000
scsidevs=0
serverip=192.168.0.1
soc=omap5
stderr=serial
stdin=serial
stdout=serial
usbethaddr=02:21:03:ff:09:60
usbtty=cdc_acm
vendor=ti
ver=U-Boot 2014.07-00069-g00ddc45 (Sep 18 2014 - 13:49:45)
vram=16M
Environment size: 2066/131067 bytes
U-Boot# 
- 06:37:26 [INFO] Host: setenv bootargs ''${bootargs}' ip=dhcp '
- 06:37:26 [INFO] Target: 
setenv bootargs ''${bootargs}' ip=dhcp '
U-Boot# 
- 06:37:26 [INFO] Host: setenv serverip '192.168.0.1'
- 06:37:27 [INFO] Target: 
setenv serverip '192.168.0.1'
U-Boot# 
- 06:37:27 [INFO] Host: setenv ipaddr dhcp
- 06:37:27 [INFO] Target: 
setenv ipaddr dhcp
U-Boot# 
- 06:37:27 [INFO] Host: setenv autoload 'no'
- 06:37:28 [INFO] Target: 
setenv autoload 'no'
U-Boot# 
- 06:37:28 [INFO] Host: dhcp
- 06:37:31 [INFO] Target: 
dhcp
Waiting for Ethernet connection... done.
BOOTP broadcast 1
DHCP client bound to address 192.168.0.123
U-Boot# 
- 06:37:31 [INFO] Host: setenv serverip '192.168.0.1'
- 06:37:31 [INFO] Target: 
setenv serverip '192.168.0.1'
U-Boot# 
- 06:37:31 [INFO] Host: tftp ${loadaddr} 192.168.0.1:vatf_omap5-evm/e07e7753c68f7ce885a32a7fdb1a22ae
- 06:37:35 [INFO] Target: 
tftp ${loadaddr} 192.168.0.1:vatf_omap5-evm/e07e7753c68f7ce885a32a7fdb1a22ae
Waiting for Ethernet connection... done.
Using sms0 device
TFTP from server 192.168.0.1; our IP address is 192.168.0.123
Filename 'vatf_omap5-evm/e07e7753c68f7ce885a32a7fdb1a22ae'.
Load address: 0x82000000
Loading: *#################################################################
	 #################################################################
	 #################################################################
	 #################################################################
	 ###############################################################
	 2.8 MiB/s
done
Bytes transferred = 4740328 (4854e8 hex)
U-Boot# 
- 06:37:35 [INFO] Host: tftp ${fdt_addr_r} 192.168.0.1:vatf_omap5-evm/e0689135c7368afe0255285ac4082daf
- 06:37:37 [INFO] Target: 
tftp ${fdt_addr_r} 192.168.0.1:vatf_omap5-evm/e0689135c7368afe0255285ac4082daf
Waiting for Ethernet connection... done.
Using sms0 device
TFTP from server 192.168.0.1; our IP address is 192.168.0.123
Filename 'vatf_omap5-evm/e0689135c7368afe0255285ac4082daf'.
Load address: 0x88000000
Loading: *####
	 2.5 MiB/s
done
Bytes transferred = 50270 (c45e hex)
U-Boot# 
- 06:37:37 [INFO] Host: ls mmc 0:1
- 06:37:37 [INFO] Target: 
ls mmc 0:1
    62056   mlo 
   304304   u-boot.img 
  1867895   u-boot 
            old_uboot/
   304240   u-boot.bin 
   704856   u-boot-spl 
    61536   u-boot-spl.bin 
      259   uboot_build.txt 
7 file(s), 1 dir(s)
U-Boot# 
- 06:37:37 [INFO] Host: ls mmc 0:2
- 06:37:38 [INFO] Target: 
ls mmc 0:2
<DIR>       4096 .
<DIR>       4096 ..
<DIR>       4096 bin
<DIR>       4096 boot
<DIR>       4096 dev
<DIR>       4096 etc
<DIR>       4096 home
<DIR>       4096 lib
<DIR>       4096 media
<DIR>       4096 mnt
<DIR>       4096 opt
<DIR>       4096 proc
<SYM>          8 run
<DIR>       4096 sbin
<DIR>       4096 srv
<DIR>       4096 sys
<SYM>          8 tmp
<DIR>       4096 usr
<DIR>       4096 var
<DIR>       4096 www
<DIR>       4096 Settings
<DIR>       4096 test
U-Boot# 
- 06:37:38 [INFO] Host: part uuid mmc 0:2
- 06:37:38 [INFO] Target: 
part uuid mmc 0:2
00000000-02
U-Boot# 
- 06:37:38 [INFO] Host: printenv
- 06:37:39 [INFO] Target: 
printenv
arch=arm
autoload=no
baudrate=115200
board=omap5_uevm
board_name=omap5_uevm
bootargs=console=ttyO2,115200n8 earlyprintk rootwait  ip=dhcp 
bootcmd=
bootdelay=1
bootdir=/boot
bootfile=zImage
bootm_size=0x10000000
bootpart=0:2
bootscript=echo Running bootscript from mmc${mmcdev} ...; source ${loadaddr}
console=ttyO2,115200n8
cpu=armv7
dnsip=192.0.2.2
ethact=sms0
fdt_addr_r=0x88000000
fdtaddr=0x88000000
fdtfile=undefined
fileaddr=88000000
filesize=c45e
findfdt=if test $board_name = omap5_uevm; then setenv fdtfile omap5-uevm.dtb; fi; if test $board_name = dra7xx; then setenv fdtfile dra7-evm.dtb; fi;if test $board_name = dra72x; then setenv fdtfile dra72-evm.dtb; fi;if test $fdtfile = undefined; then echo WARNING: Could not determine device tree to use; fi; 
gatewayip=192.168.0.1
importbootenv=echo Importing environment from mmc${mmcdev} ...; env import -t ${loadaddr} ${filesize}
ipaddr=192.168.0.123
kernel_addr_r=0x82000000
loadaddr=0x82000000
loadbootenv=fatload mmc ${mmcdev} ${loadaddr} uEnv.txt
loadbootscript=fatload mmc ${mmcdev} ${loadaddr} boot.scr
loadfdt=load mmc ${bootpart} ${fdtaddr} ${bootdir}/${fdtfile};
loadimage=load mmc ${bootpart} ${loadaddr} ${bootdir}/${bootfile}
mmcargs=setenv bootargs console=${console} ${optargs} vram=${vram} root=${mmcroot} rootfstype=${mmcrootfstype}
mmcboot=mmc dev ${mmcdev}; if mmc rescan; then echo SD/MMC found on device ${mmcdev};if run loadbootenv; then echo Loaded environment from ${bootenv};run importbootenv;fi;if test -n $uenvcmd; then echo Running uenvcmd ...;run uenvcmd;fi;if run loadimage; then run loadfdt; echo Booting from mmc${mmcdev} ...; run mmcargs; bootz ${loadaddr} - ${fdtaddr}; fi;fi;
mmcdev=0
mmcroot=/dev/mmcblk1p2 rw
mmcrootfstype=ext4 rootwait
netmask=255.255.255.0
partitions=uuid_disk=${uuid_gpt_disk};name=rootfs,start=2MiB,size=-,uuid=${uuid_gpt_rootfs}
ramdisk_addr_r=0x88080000
rdaddr=0x88080000
scsidevs=0
serverip=192.168.0.1
soc=omap5
stderr=serial
stdin=serial
stdout=serial
usbethaddr=02:21:03:ff:09:60
usbtty=cdc_acm
vendor=ti
ver=U-Boot 2014.07-00069-g00ddc45 (Sep 18 2014 - 13:49:45)
vram=16M
Environment size: 2200/131067 bytes
U-Boot# 
- 06:37:39 [INFO] Host: setenv bootargs ''${bootargs}' root=PARTUUID=00000000-02 rw rootfstype=ext4 rootwait '
- 06:37:39 [INFO] Target: 
setenv bootargs ''${bootargs}' root=PARTUUID=00000000-02 rw rootfstype=ext4 rootwait '
U-Boot# 
- 06:37:39 [INFO] Host: printenv
- 06:37:40 [INFO] Target: 
printenv
arch=arm
autoload=no
baudrate=115200
board=omap5_uevm
board_name=omap5_uevm
bootargs=console=ttyO2,115200n8 earlyprintk rootwait  ip=dhcp  root=PARTUUID=00000000-02 rw rootfstype=ext4 rootwait 
bootcmd=
bootdelay=1
bootdir=/boot
bootfile=zImage
bootm_size=0x10000000
bootpart=0:2
bootscript=echo Running bootscript from mmc${mmcdev} ...; source ${loadaddr}
console=ttyO2,115200n8
cpu=armv7
dnsip=192.0.2.2
ethact=sms0
fdt_addr_r=0x88000000
fdtaddr=0x88000000
fdtfile=undefined
fileaddr=88000000
filesize=c45e
findfdt=if test $board_name = omap5_uevm; then setenv fdtfile omap5-uevm.dtb; fi; if test $board_name = dra7xx; then setenv fdtfile dra7-evm.dtb; fi;if test $board_name = dra72x; then setenv fdtfile dra72-evm.dtb; fi;if test $fdtfile = undefined; then echo WARNING: Could not determine device tree to use; fi; 
gatewayip=192.168.0.1
importbootenv=echo Importing environment from mmc${mmcdev} ...; env import -t ${loadaddr} ${filesize}
ipaddr=192.168.0.123
kernel_addr_r=0x82000000
loadaddr=0x82000000
loadbootenv=fatload mmc ${mmcdev} ${loadaddr} uEnv.txt
loadbootscript=fatload mmc ${mmcdev} ${loadaddr} boot.scr
loadfdt=load mmc ${bootpart} ${fdtaddr} ${bootdir}/${fdtfile};
loadimage=load mmc ${bootpart} ${loadaddr} ${bootdir}/${bootfile}
mmcargs=setenv bootargs console=${console} ${optargs} vram=${vram} root=${mmcroot} rootfstype=${mmcrootfstype}
mmcboot=mmc dev ${mmcdev}; if mmc rescan; then echo SD/MMC found on device ${mmcdev};if run loadbootenv; then echo Loaded environment from ${bootenv};run importbootenv;fi;if test -n $uenvcmd; then echo Running uenvcmd ...;run uenvcmd;fi;if run loadimage; then run loadfdt; echo Booting from mmc${mmcdev} ...; run mmcargs; bootz ${loadaddr} - ${fdtaddr}; fi;fi;
mmcdev=0
mmcroot=/dev/mmcblk1p2 rw
mmcrootfstype=ext4 rootwait
netmask=255.255.255.0
partitions=uuid_disk=${uuid_gpt_disk};name=rootfs,start=2MiB,size=-,uuid=${uuid_gpt_rootfs}
ramdisk_addr_r=0x88080000
rdaddr=0x88080000
scsidevs=0
serverip=192.168.0.1
soc=omap5
stderr=serial
stdin=serial
stdout=serial
usbethaddr=02:21:03:ff:09:60
usbtty=cdc_acm
vendor=ti
ver=U-Boot 2014.07-00069-g00ddc45 (Sep 18 2014 - 13:49:45)
vram=16M
Environment size: 2255/131067 bytes
U-Boot# 
- 06:37:40 [INFO] Host: setenv bootcmd ''${bootcmd}' if iminfo ${loadaddr}; then bootm ${loadaddr} - ${fdt_addr_r}; else bootz ${loadaddr} - ${fdt_addr_r}; bootm ${loadaddr} - ${fdt_addr_r}; fi'
- 06:37:40 [INFO] Target: 
setenv bootcmd ''${bootcmd}' if iminfo ${loadaddr}; then bootm ${loadaddr} - ${fdt_addr_r}; else bootz ${loadaddr} - ${fdt_addr_r}; bootm ${loadaddr} - ${fdt_addr_r}; fi'
U-Boot# 
- 06:37:40 [INFO] Host: bdinfo
- 06:37:41 [INFO] Target: 
bdinfo
arch_number = 0x00000EC1
boot_params = 0x80000100
DRAM bank   = 0x00000000
-> start    = 0x80000000
-> size     = 0x7F000000
eth0name    = sms0
ethaddr     = (not set)
current eth = sms0
ip_addr     = 192.168.0.123
baudrate    = 115200 bps
TLB addr    = 0xFEFF0000
relocaddr   = 0xFEF61000
reloc off   = 0x7E761000
irq_sp      = 0xFDF40EE0
sp start    = 0xFDF40ED0
U-Boot# 
- 06:37:41 [INFO] Host: boot
- 06:38:04 [INFO] Target: 
boot
## Checking Image at 82000000 ...
Unknown image format!
Kernel image @ 0x82000000 [ 0x000000 - 0x4854e8 ]
## Flattened Device Tree blob at 88000000
   Booting using the fdt blob at 0x88000000
   Loading Device Tree to 8fff0000, end 8ffff45d ... OK
Starting kernel ...
[    0.000000] Booting Linux on physical CPU 0x0
[    0.000000] Initializing cgroup subsys cpuset
[    0.000000] Initializing cgroup subsys cpu
[    0.000000] Initializing cgroup subsys cpuacct
[    0.000000] Linux version 3.17.0-rc7-next-20141001-00002-g487e872 (nmenon@kahuna) (gcc version 4.6.3 (Ubuntu/Linaro 4.6.3-1ubuntu5) ) #1 SMP Wed Oct 1 05:32:50 CDT 2014
[    0.000000] CPU: ARMv7 Processor [412fc0f2] revision 2 (ARMv7), cr=10c5387d
[    0.000000] CPU: PIPT / VIPT nonaliasing data cache, PIPT instruction cache
[    0.000000] Machine model: TI OMAP5 uEVM board
[    0.000000] cma: Reserved 16 MiB at fd800000
[    0.000000] Memory policy: Data cache writealloc
[    0.000000] OMAP5432 ES2.0
[    0.000000] PERCPU: Embedded 11 pages/cpu @ee7b1000 s14976 r8192 d21888 u45056
[    0.000000] Built 1 zonelists in Zone order, mobility grouping on.  Total pages: 518416
[    0.000000] Kernel command line: console=ttyO2,115200n8 earlyprintk rootwait  ip=dhcp  root=PARTUUID=00000000-02 rw rootfstype=ext4 rootwait 
[    0.000000] PID hash table entries: 4096 (order: 2, 16384 bytes)
[    0.000000] Dentry cache hash table entries: 131072 (order: 7, 524288 bytes)
[    0.000000] Inode-cache hash table entries: 65536 (order: 6, 262144 bytes)
[    0.000000] allocated 4159488 bytes of page_cgroup
[    0.000000] please try 'cgroup_disable=memory' option if you don't want memory cgroups
[    0.000000] Memory: 2023800K/2079744K available (6265K kernel code, 684K rwdata, 2320K rodata, 410K init, 8264K bss, 55944K reserved, 1285120K highmem)
[    0.000000] Virtual kernel memory layout:
[    0.000000]     vector  : 0xffff0000 - 0xffff1000   (   4 kB)
[    0.000000]     fixmap  : 0xffc00000 - 0xffe00000   (2048 kB)
[    0.000000]     vmalloc : 0xf0000000 - 0xff000000   ( 240 MB)
[    0.000000]     lowmem  : 0xc0000000 - 0xef800000   ( 760 MB)
[    0.000000]     pkmap   : 0xbfe00000 - 0xc0000000   (   2 MB)
[    0.000000]     modules : 0xbf000000 - 0xbfe00000   (  14 MB)
[    0.000000]       .text : 0xc0008000 - 0xc086a91c   (8587 kB)
[    0.000000]       .init : 0xc086b000 - 0xc08d1a80   ( 411 kB)
[    0.000000]       .data : 0xc08d2000 - 0xc097d2f8   ( 685 kB)
[    0.000000]        .bss : 0xc097d2f8 - 0xc118f3a8   (8265 kB)
[    0.000000] Hierarchical RCU implementation.
[    0.000000] NR_IRQS:16 nr_irqs:16 16
[    0.000000] OMAP clockevent source: timer1 at 32768 Hz
[    0.000030] sched_clock: 32 bits at 32kHz, resolution 30517ns, wraps every 65536000000000ns
[    0.000030] OMAP clocksource: 32k_counter at 32768 Hz
[    0.000396] Architected cp15 timer(s) running at 6.14MHz (virt).
[    0.000401] sched_clock: 56 bits at 6MHz, resolution 162ns, wraps every 2796202663936ns
[    0.000412] Switching to timer-based delay loop, resolution 162ns
[    0.001413] Console: colour dummy device 80x30
[    0.001445] Lock dependency validator: Copyright (c) 2006 Red Hat, Inc., Ingo Molnar
[    0.001452] ... MAX_LOCKDEP_SUBCLASSES:  8
[    0.001458] ... MAX_LOCK_DEPTH:          48
[    0.001465] ... MAX_LOCKDEP_KEYS:        8191
[    0.001471] ... CLASSHASH_SIZE:          4096
[    0.001477] ... MAX_LOCKDEP_ENTRIES:     32768
[    0.001482] ... MAX_LOCKDEP_CHAINS:      65536
[    0.001488] ... CHAINHASH_SIZE:          32768
[    0.001494]  memory used by lock dependency info: 5167 kB
[    0.001500]  per task-struct memory footprint: 1152 bytes
[    0.001520] Calibrating delay loop (skipped), value calculated using timer frequency.. 12.28 BogoMIPS (lpj=61440)
[    0.001532] pid_max: default: 32768 minimum: 301
[    0.001811] Security Framework initialized
[    0.001935] Mount-cache hash table entries: 2048 (order: 1, 8192 bytes)
[    0.001947] Mountpoint-cache hash table entries: 2048 (order: 1, 8192 bytes)
[    0.003835] Initializing cgroup subsys memory
[    0.003873] Initializing cgroup subsys devices
[    0.003929] Initializing cgroup subsys freezer
[    0.003983] Initializing cgroup subsys blkio
[    0.004035] Initializing cgroup subsys perf_event
[    0.004083] CPU: Testing write buffer coherency: ok
[    0.004883] /cpus/cpu@0 missing clock-frequency property
[    0.004902] /cpus/cpu@1 missing clock-frequency property
[    0.004913] CPU0: thread -1, cpu 0, socket 0, mpidr 80000000
[    0.004970] Setting up static identity map for 0x805f0f58 - 0x805f0fc8
[    0.008766] CPU1: Booted secondary processor
[    0.008801] CPU1: thread -1, cpu 1, socket 0, mpidr 80000001
[    0.009267] Brought up 2 CPUs
[    0.009280] SMP: Total of 2 processors activated.
[    0.009287] CPU: All CPU(s) started in SVC mode.
[    0.011372] devtmpfs: initialized
[    0.021016] VFP support v0.3: implementor 41 architecture 4 part 30 variant f rev 0
[    0.022322] omap_hwmod: l3_main_3 using broken dt data from ocp
[    0.023515] omap_hwmod: l3_main_2 using broken dt data from ocp
[    0.093712] omap_hwmod: dss_dispc: cannot be enabled for reset (3)
[    0.096237] omap_hwmod: dss_dsi1: cannot be enabled for reset (3)
[    0.098768] omap_hwmod: dss_dsi2: cannot be enabled for reset (3)
[    0.101315] omap_hwmod: dss_hdmi: cannot be enabled for reset (3)
[    0.103839] omap_hwmod: dss_rfbi: cannot be enabled for reset (3)
[    0.143830] pinctrl core: initialized pinctrl subsystem
[    0.145529] regulator-dummy: no parameters
[    0.183775] NET: Registered protocol family 16
[    0.187180] DMA: preallocated 256 KiB pool for atomic coherent allocations
[    0.210831] cpuidle: using governor ladder
[    0.240802] cpuidle: using governor menu
[    0.248954] OMAP GPIO hardware version 0.1
[    0.258637] platform 50000000.gpmc: Cannot lookup hwmod 'gpmc'
[    0.258803] omap-gpmc 50000000.gpmc: _od_fail_runtime_resume: FIXME: missing hwmod/omap_dev info
[    0.258818] omap-gpmc 50000000.gpmc: GPMC revision 6.0
[    0.281752] No ATAGs?
[    0.281809] hw-breakpoint: found 5 (+1 reserved) breakpoint and 4 watchpoint registers.
[    0.281817] hw-breakpoint: maximum watchpoint size is 8 bytes.
[    0.283652] OMAP DMA hardware revision 0.0
[    0.325068] edma-dma-engine edma-dma-engine.0: Can't allocate PaRAM dummy slot
[    0.325105] edma-dma-engine: probe of edma-dma-engine.0 failed with error -22
[    0.350734] omap-dma-engine 4a056000.dma-controller: OMAP DMA engine driver
[    0.351768] vmmcsd_fixed: 3000 mV 
[    0.354883] SCSI subsystem initialized
[    0.355418] usbcore: registered new interface driver usbfs
[    0.355538] usbcore: registered new interface driver hub
[    0.355658] usbcore: registered new device driver usb
[    0.356022] hsusb2_phy supply vcc not found, using dummy regulator
[    0.356459] hsusb3_phy supply vcc not found, using dummy regulator
[    0.357102] omap_i2c 48070000.i2c: could not find pctldev for node /ocp/pinmux@4a002840/pinmux_i2c1_pins, deferring probe
[    0.357124] platform 48070000.i2c: Driver omap_i2c requests probe deferral
[    0.357893] omap_i2c 48072000.i2c: bus 1 rev0.12 at 100 kHz
[    0.358517] omap_i2c 48060000.i2c: bus 2 rev0.12 at 100 kHz
[    0.359065] omap_i2c 4807a000.i2c: bus 3 rev0.12 at 100 kHz
[    0.359132] omap_i2c 4807c000.i2c: could not find pctldev for node /ocp/pinmux@4a002840/pinmux_i2c5_pins, deferring probe
[    0.359152] platform 4807c000.i2c: Driver omap_i2c requests probe deferral
[    0.362083] Switched to clocksource arch_sys_counter
[    0.463758] NET: Registered protocol family 2
[    0.464961] TCP established hash table entries: 8192 (order: 3, 32768 bytes)
[    0.465154] TCP bind hash table entries: 8192 (order: 6, 294912 bytes)
[    0.467441] TCP: Hash tables configured (established 8192 bind 8192)
[    0.467579] TCP: reno registered
[    0.467599] UDP hash table entries: 512 (order: 3, 40960 bytes)
[    0.467906] UDP-Lite hash table entries: 512 (order: 3, 40960 bytes)
[    0.468888] NET: Registered protocol family 1
[    0.469594] RPC: Registered named UNIX socket transport module.
[    0.469604] RPC: Registered udp transport module.
[    0.469612] RPC: Registered tcp transport module.
[    0.469619] RPC: Registered tcp NFSv4.1 backchannel transport module.
[    0.470502] hw perfevents: enabled with armv7_cortex_a15 PMU driver, 7 counters available
[    0.474514] futex hash table entries: 512 (order: 3, 32768 bytes)
[    0.474741] audit: initializing netlink subsys (disabled)
[    0.474838] audit: type=2000 audit(0.470:1): initialized
[    0.477677] VFS: Disk quotas dquot_6.5.2
[    0.477778] Dquot-cache hash table entries: 1024 (order 0, 4096 bytes)
[    0.479184] NFS: Registering the id_resolver key type
[    0.479394] Key type id_resolver registered
[    0.479403] Key type id_legacy registered
[    0.479521] jffs2: version 2.2. (NAND) (SUMMARY)   2001-2006 Red Hat, Inc.
[    0.480584] msgmni has been set to 1442
[    0.483042] bounce: pool size: 64 pages
[    0.483092] io scheduler noop registered
[    0.483108] io scheduler deadline registered
[    0.483169] io scheduler cfq registered (default)
[    0.488668] pinctrl-single 4a002840.pinmux: 219 pins at pa fc002840 size 438
[    0.489042] pinctrl-single 4ae0c840.pinmux: 28 pins at pa fce0c840 size 56
[    0.491491] pbias_mmc_omap5: 1800 <--> 3000 mV at 3000 mV 
[    0.492620] abb_mpu: 1060 <--> 1250 mV 
[    0.493198] abb_mm: 1025 <--> 1120 mV 
[    0.494316] Serial: 8250/16550 driver, 4 ports, IRQ sharing enabled
[    0.498362] omap_uart 4806a000.serial: no wakeirq for uart0
[    0.498658] omap_uart 4806a000.serial: ttyO0 at MMIO 0x4806a000 (irq = 104, base_baud = 3000000) is a OMAP UART0
[    0.499763] omap_uart 4806c000.serial: no wakeirq for uart0
[    0.499942] omap_uart 4806c000.serial: ttyO1 at MMIO 0x4806c000 (irq = 105, base_baud = 3000000) is a OMAP UART1
[    0.500725] omap_uart 48020000.serial: no wakeirq for uart0
[    0.500902] omap_uart 48020000.serial: ttyO2 at MMIO 0x48020000 (irq = 106, base_baud = 3000000) is a OMAP UART2
[    1.405857] console [ttyO2] enabled
[    1.410453] omap_uart 4806e000.serial: no wakeirq for uart0
[    1.416501] omap_uart 4806e000.serial: ttyO3 at MMIO 0x4806e000 (irq = 102, base_baud = 3000000) is a OMAP UART3
[    1.427946] omap_uart 48066000.serial: no wakeirq for uart0
[    1.433957] omap_uart 48066000.serial: ttyO4 at MMIO 0x48066000 (irq = 137, base_baud = 3000000) is a OMAP UART4
[    1.445343] omap_uart 48068000.serial: no wakeirq for uart0
[    1.451345] omap_uart 48068000.serial: ttyO5 at MMIO 0x48068000 (irq = 138, base_baud = 3000000) is a OMAP UART5
[    1.478757] brd: module loaded
[    1.490769] loop: module loaded
[    1.496204] mtdoops: mtd device (mtddev=name/number) must be supplied
[    1.507997] usbcore: registered new interface driver asix
[    1.513762] usbcore: registered new interface driver ax88179_178a
[    1.520221] usbcore: registered new interface driver cdc_ether
[    1.526459] usbcore: registered new interface driver smsc95xx
[    1.532569] usbcore: registered new interface driver net1080
[    1.538567] usbcore: registered new interface driver cdc_subset
[    1.544856] usbcore: registered new interface driver zaurus
[    1.550825] usbcore: registered new interface driver cdc_ncm
[    1.557369] usbcore: registered new interface driver cdc_wdm
[    1.563430] usbcore: registered new interface driver usb-storage
[    1.569823] usbcore: registered new interface driver usbtest
[    1.577184] mousedev: PS/2 mouse device common for all mice
[    1.584950] i2c /dev entries driver
[    1.590128] Driver for 1-wire Dallas network protocol.
[    1.596260] ti-soc-thermal 4a0021e0.bandgap: Delay 1000 ms is not supported
[    1.603590] ti-soc-thermal 4a0021e0.bandgap: Delay 1000 ms is not supported
[    1.610915] ti-soc-thermal 4a0021e0.bandgap: Delay 1000 ms is not supported
[    1.620209] omap_wdt: OMAP Watchdog Timer Rev 0x01: initial timeout 60 sec
[    1.629325] omap_hsmmc 4809c000.mmc: unable to get vmmc regulator -517
[    1.636352] platform 4809c000.mmc: Driver omap_hsmmc requests probe deferral
[    1.682462] 480ad000.mmc supply vmmc not found, using dummy regulator
[    1.689636] omap_hsmmc 480ad000.mmc: could not set regulator OCR (-22)
[    1.733399] ledtrig-cpu: registered to indicate activity on CPUs
[    1.740016] usbcore: registered new interface driver usbhid
[    1.745857] usbhid: USB HID core driver
[    1.751794] oprofile: using timer interrupt.
[    1.756654] TCP: cubic registered
[    1.760133] Initializing XFRM netlink socket
[    1.764761] mmc0: BKOPS_EN bit is not set
[    1.769065] NET: Registered protocol family 10
[    1.775380] sit: IPv6 over IPv4 tunneling driver
[    1.781629] NET: Registered protocol family 17
[    1.786333] NET: Registered protocol family 15
[    1.791155] Key type dns_resolver registered
[    1.795766] omap_vc_init_channel: No PMIC info for vdd_core
[    1.801585] omap_vp_init: No PMIC info for vdd_core
[    1.806692] omap_vc_init_channel: No PMIC info for vdd_mm
[    1.812340] omap_vp_init: No PMIC info for vdd_mm
[    1.817256] omap_vc_init_channel: No PMIC info for vdd_mpu
[    1.822996] omap_vp_init: No PMIC info for vdd_mpu
[    1.823724] mmc0: new high speed MMC card at address 0001
[    1.834009] platform cpufreq-cpu0.0: Driver cpufreq-cpu0 requests probe deferral
[    1.842156] Power Management for TI OMAP4+ devices.
[    1.847477] ThumbEE CPU extension supported.
[    1.852056] Registering SWP/SWPB emulation handler
[    1.857163] SmartReflex Class3 initialized
[    1.862055] mmcblk0: mmc0:0001 SEM04G 3.68 GiB 
[    1.867233] mmcblk0boot0: mmc0:0001 SEM04G partition 1 2.00 MiB
[    1.873851] mmcblk0boot1: mmc0:0001 SEM04G partition 2 2.00 MiB
[    1.883836]  mmcblk0: p1
[    1.888956] palmas 0-0048: Irq flag is 0x00000000
[    1.902848] palmas 0-0048: Muxing GPIO 2, PWM 0, LED 0
[    1.956495] smps123: 600 <--> 1500 mV at 1060 mV 
[    1.963769] smps45: 600 <--> 1310 mV at 1030 mV 
[    1.971948] smps6: 1200 mV 
[    1.976882] smps7: 1800 mV 
[    1.982045] smps8: 600 <--> 1310 mV at 1040 mV 
[    1.989397] smps9: 2100 mV 
[    1.993935] smps10_out2: 5000 mV 
[    1.998749] smps10_out1: 5000 mV 
[    2.003463] ldo1: 1500 <--> 1800 mV 
[    2.009223] ldo2: 2800 mV 
[    2.014385] ldo3: 1500 mV 
[    2.018544] ldo4: 1500 <--> 1800 mV 
[    2.024427] ldo5: 1800 mV 
[    2.030889] ldo6: 1200 mV 
[    2.035829] ldo7: 2000 mV 
[    2.040808] ldo8: 3000 mV 
[    2.045829] ldo9: 1800 <--> 3000 mV at 3000 mV 
[    2.052825] ldoln: 1800 mV 
[    2.057940] ldousb: 3250 mV 
[    2.062102] REGEN1: no parameters
[    2.066070] REGEN2: no parameters
[    2.070223] regen3: no parameters
[    2.074576] SYSEN1: no parameters
[    2.078491] SYSEN2: no parameters
[    2.083414] twl6040 0-004b: clk32k is not handled
[    2.092899] omap_i2c 48070000.i2c: bus 0 rev0.12 at 400 kHz
[    2.100783] omap_i2c 4807c000.i2c: bus 4 rev0.12 at 400 kHz
[    2.158917] drivers/rtc/hctosys.c: unable to open rtc device (rtc0)
[    2.165600] sr_init: No PMIC hook to init smartreflex
[    2.171090] sr_init: platform driver register failed for SR
[    2.241919] mmc2: host does not support reading read-only switch, assuming write-enable
[    2.256252] mmc2: new high speed SDHC card at address e624
[    2.262598] mmcblk1: mmc2:e624 SU04G 3.69 GiB 
[    2.270612]  mmcblk1: p1 p2 p3
[   14.312674] ldo8: disabling
[   14.316739] ldo3: disabling
[   14.369578] EXT4-fs (mmcblk1p2): mounted filesystem with ordered data mode. Opts: (null)
[   14.378281] VFS: Mounted root (ext4 filesystem) on device 179:26.
[   14.390386] devtmpfs: mounted
[   14.393919] Freeing unused kernel memory: 408K (c086b000 - c08d1000)
INIT: version 2.88 booting
Error opening /dev/fb0: No such file or directory
Starting udev
[   15.075380] udevd[92]: starting version 182
[   16.194152] random: nonblocking pool is initialized
[   17.038013] EXT4-fs (mmcblk0p1): warning: mounting unchecked fs, running e2fsck is recommended
[   17.063104] EXT4-fs (mmcblk0p1): mounted filesystem without journal. Opts: (null)
[   17.074332] EXT4-fs (mmcblk1p3): mounted filesystem with ordered data mode. Opts: (null)
[   17.166002] FAT-fs (mmcblk1p1): Volume was not properly unmounted. Some data may be corrupt. Please run fsck.
Starting Bootlog daemon: bootlogd: cannot allocate pseudo tty: No such file or directory
bootlogd.
[   17.334970] EXT4-fs (mmcblk1p2): re-mounted. Opts: data=ordered
ALSA: Restoring mixer settings...
/usr/sbin/alsactl: load_state:1696: No soundcards found...
Configuring network interfaces... ifconfig: SIOCGIFFLAGS: No such device
done.
hwclock: can't open '/dev/misc/rtc': No such file or directory
Mon Sep 22 12:40:00 UTC 2014
hwclock: can't open '/dev/misc/rtc': No such file or directory
INIT: Entering runlevel: 5
Starting system message bus: dbus.
Starting Dropbear SSH server: dropbear.
Starting telnet daemon.
hwclock: can't open '/dev/misc/rtc': No such file or directory
Starting syslogd/klogd: done
Starting thttpd.
Starting Lighttpd Web Server: 2014-09-22 12:40:00: (log.c.166) server started 
lighttpd.
Starting Matrix GUI application.
***************************************************************
***************************************************************
NOTICE: This file system contains the followin GPLv3 packages:
	binutils-symlinks
	binutils
	gdbserver
	parted
If you do not wish to distribute GPLv3 components please remove
the above packages prior to distribution.  This can be done using
the opkg remove command.  i.e.:
    opkg remove <package>
Where <package> is the name printed in the list above
NOTE: If the package is a dependency of another package you
      will be notified of the dependent packages.  You should
      use the --force-removal-of-dependent-packages option to
      also remove the dependent packages as well
***************************************************************
***************************************************************
Stopping Bootlog daemon: bootlogd.
 _____                    _____           _         _   
|  _  |___ ___ ___ ___   |  _  |___ ___  |_|___ ___| |_ 
|     |  _| .'| . | . |  |   __|  _| . | | | -_|  _|  _|
|__|__|_| |__,|_  |___|  |__|  |_| |___|_| |___|___|_|  
              |___|                    |___|            
Arago Project http://arago-project.org omap5-evm ttyO2
Arago 2013.12 omap5-evm ttyO2
omap5-evm login: 
- 06:38:04 [INFO] Host: root
- 06:38:05 [INFO] Target: 
root
root@omap5-evm:~# 
- 06:38:05 [INFO] Host: uname -a
- 06:38:05 [INFO] Target: 
uname -a
Linux omap5-evm 3.17.0-rc7-next-20141001-00002-g487e872 #1 SMP Wed Oct 1 05:32:50 CDT 2014 armv7l GNU/Linux
root@omap5-evm:~# 
- 06:38:05 [INFO] Host: cat /proc/cmdline
- 06:38:06 [INFO] Target: 
cat /proc/cmdline
console=ttyO2,115200n8 earlyprintk rootwait  ip=dhcp  root=PARTUUID=00000000-02 rw rootfstype=ext4 rootwait 
root@omap5-evm:~# 
- 06:38:06 [INFO] Host: uname -a
- 06:38:06 [INFO] Target: 
uname -a
Linux omap5-evm 3.17.0-rc7-next-20141001-00002-g487e872 #1 SMP Wed Oct 1 05:32:50 CDT 2014 armv7l GNU/Linux
root@omap5-evm:~# 
- 06:38:06 [INFO] Host: cat /proc/mtd
- 06:38:07 [INFO] Target: 
cat /proc/mtd
dev:    size   erasesize  name
root@omap5-evm:~# 
- 06:38:11 [INFO] Host: export IPERFHOST=192.168.0.1
- 06:38:11 [INFO] Target: 
export IPERFHOST=192.168.0.1
root@omap5-evm:~# 
- 06:38:11 [INFO] Host: export NFS_SERVER=192.168.0.1
- 06:38:12 [INFO] Target: 
export NFS_SERVER=192.168.0.1
root@omap5-evm:~# 
- 06:38:12 [INFO] Host: export NFS_ROOT_PATH=/home/tigtfarm06/NFS_exports/linux/omap5-evm
- 06:38:12 [INFO] Target: 
export NFS_ROOT_PATH=/home/tigtfarm06/NFS_exports/linux/omap5- 
root@omap5-evm:~# 
- 06:38:12 [INFO] Host: mkdir -p -m 777 /test
- 06:38:13 [INFO] Target: 
mkdir -p -m 777 /test
root@omap5-evm:~# 
- 06:38:13 [INFO] Host: cd /test
- 06:38:13 [INFO] Target: 
cd /test
root@omap5-evm:/test# 
- 06:38:13 [INFO] Host: cat > test.sh << EOF
- 06:38:14 [INFO] Target: 
cat > test.sh << EOF
- 06:38:14 [INFO] Host: failtest() {
- 06:38:14 [INFO] Target: 
failtest() {
- 06:38:14 [INFO] Host:   echo 1 >&3
- 06:38:15 [INFO] Target: 
  echo 1 >&3
- 06:38:15 [INFO] Host: }
- 06:38:15 [INFO] Target: 
- 06:38:15 [INFO] Host: timeout=600
- 06:38:16 [INFO] Target: 
timeout=600
- 06:38:16 [INFO] Host: 
- 06:38:16 [INFO] Target: 
- 06:38:16 [INFO] Host: # Start of user's script logic
- 06:38:17 [INFO] Target: 
# Start of user's script logic
- 06:38:17 [INFO] Host: 
- 06:38:17 [INFO] Target: 
- 06:38:17 [INFO] Host: 
- 06:38:18 [INFO] Target: 
- 06:38:18 [INFO] Host: mount -t proc proc /proc 2>/dev/null;
- 06:38:18 [INFO] Target: 
mount -t proc proc /proc 2>/dev/null;
- 06:38:18 [INFO] Host: 
- 06:38:19 [INFO] Target: 
- 06:38:19 [INFO] Host: mount -t sysfs sys /sys 2>/dev/null;
- 06:38:19 [INFO] Target: 
mount -t sysfs sys /sys 2>/dev/null;
- 06:38:19 [INFO] Host: 
- 06:38:20 [INFO] Target: 
- 06:38:20 [INFO] Host: mount -t debugfs none /sys/kernel/debug 2>/dev/null;
- 06:38:20 [INFO] Target: 
mount -t debugfs none /sys/kernel/debug 2>/dev/null;
- 06:38:20 [INFO] Host: 
- 06:38:21 [INFO] Target: 
- 06:38:21 [INFO] Host: echo 'cpuinfo:';cat /proc/cpuinfo; echo '=======';
- 06:38:21 [INFO] Target: 
echo 'cpuinfo:';cat /proc/cpuinfo; echo '=======';
- 06:38:21 [INFO] Host: 
- 06:38:22 [INFO] Target: 
- 06:38:22 [INFO] Host: echo 'soc info:';head /sys/devices/soc0/* 2>/dev/null; echo '=======';
- 06:38:22 [INFO] Target: 
echo 'soc info:';head /sys/devices/soc0/* 2>/dev/null; echo '=======';
- 06:38:22 [INFO] Host: 
- 06:38:23 [INFO] Target: 
- 06:38:23 [INFO] Host: echo 'DT Model info'; head /proc/device-tree/name /proc/device-tree/model /proc/device-tree/compatible 2>/dev/null;echo; echo '=======';
- 06:38:23 [INFO] Target: 
echo 'DT Model info'; head /proc/device-tree/name /proc/device-tree/model /pro 
c/device-tree/compatible 2>/dev/null;echo; echo '=======';
- 06:38:23 [INFO] Host: 
- 06:38:24 [INFO] Target: 
- 06:38:24 [INFO] Host: echo 'interrupts:';cat /proc/interrupts; echo '=======';
- 06:38:24 [INFO] Target: 
echo 'interrupts:';cat /proc/interrupts; echo '=======';
- 06:38:24 [INFO] Host: 
- 06:38:25 [INFO] Target: 
- 06:38:25 [INFO] Host: echo 'Clk_summary:';cat /sys/kernel/debug/clk/clk_summary; echo '=======';
- 06:38:25 [INFO] Target: 
echo 'Clk_summary:';cat /sys/kernel/debug/clk/clk_summary; echo '=======';
- 06:38:25 [INFO] Host: 
- 06:38:26 [INFO] Target: 
- 06:38:26 [INFO] Host: echo 'Orphan Clks:';ls /sys/kernel/debug/clk/orphans/; echo '=======';
- 06:38:26 [INFO] Target: 
echo 'Orphan Clks:';ls /sys/kernel/debug/clk/orphans/; echo '=======';
- 06:38:26 [INFO] Host: 
- 06:38:27 [INFO] Target: 
- 06:38:27 [INFO] Host: echo "Available frequencies"; cat /sys/devices/system/cpu/cpu0/cpufreq/scaling_available_frequencies 2>/dev/null;echo '=======';
- 06:38:27 [INFO] Target: 
echo "Available frequencies"; cat /sys/devices/system/cpu/cpu0/cpufreq/scaling 
_available_frequencies 2>/dev/null;echo '=======';
- 06:38:27 [INFO] Host: 
- 06:38:28 [INFO] Target: 
- 06:38:28 [INFO] Host: echo 'H''ello World' 'B''oard Booted';
- 06:38:28 [INFO] Target: 
echo 'H''ello World' 'B''oard Booted';
- 06:38:28 [INFO] Host: 
- 06:38:29 [INFO] Target: 
- 06:38:29 [INFO] Host: EOF
- 06:38:29 [INFO] Target: 
root@omap5-evm:/test# 
- 06:38:29 [INFO] Host: cd /test
- 06:38:30 [INFO] Target: 
cd /test
root@omap5-evm:/test# 
- 06:38:30 [INFO] Host: chmod +x test.sh
- 06:38:30 [INFO] Target: 
chmod +x test.sh
root@omap5-evm:/test# 
- 06:38:30 [INFO] Host: ./test.sh 2> stderr.log > stdout.log 3> result.log
- 06:38:31 [INFO] Target: 
./test.sh 2> stderr.log > stdout.log 3> result.log
root@omap5-evm:/test# 
- 06:38:31 [INFO] Host: echo $?
- 06:38:31 [INFO] Target: 
echo $?
root@omap5-evm:/test# 
- 06:38:31 [INFO] Host: cd /test
- 06:38:32 [INFO] Target: 
cd /test
root@omap5-evm:/test# 
- 06:38:32 [INFO] Host: cat stdout.log
- 06:38:34 [INFO] Target: 
cat stdout.log
cpuinfo:
processor	: 0
model name	: ARMv7 Processor rev 2 (v7l)
Features	: half thumb fastmult vfp edsp thumbee neon vfpv3 tls vfpv4 idiva idivt vfpd32 lpae evtstrm 
CPU implementer	: 0x41
CPU architecture: 7
CPU variant	: 0x2
CPU part	: 0xc0f
CPU revision	: 2
processor	: 1
model name	: ARMv7 Processor rev 2 (v7l)
Features	: half thumb fastmult vfp edsp thumbee neon vfpv3 tls vfpv4 idiva idivt vfpd32 lpae evtstrm 
CPU implementer	: 0x41
CPU architecture: 7
CPU variant	: 0x2
CPU part	: 0xc0f
CPU revision	: 2
Hardware	: Generic OMAP5 (Flattened Device Tree)
Revision	: 0000
Serial		: 0000000000000000
=======
soc info:
==> /sys/devices/soc0/family <==
OMAP5
==> /sys/devices/soc0/machine <==
OMAP5432
==> /sys/devices/soc0/power <==
==> /sys/devices/soc0/revision <==
ES2.0
==> /sys/devices/soc0/subsystem <==
==> /sys/devices/soc0/type <==
==> /sys/devices/soc0/uevent <==
=======
DT Model info
==> /proc/device-tree/name <==
==> /proc/device-tree/model <==
TI OMAP5 uEVM board
==> /proc/device-tree/compatible <==
ti,omap5-uevmti,omap5
=======
interrupts:
           CPU0       CPU1       
 27:       1325       1156       GIC  27  arch_timer
 39:          1          0       GIC  39  palmas
 41:          0          0       GIC  41  l3-dbg-irq
 42:          0          0       GIC  42  l3-app-irq
 44:          0          0       GIC  44  DMA
 45:       3791          0       GIC  45  omap-dma-engine
 52:          0          0       GIC  52  gpmc
 69:          0          0       GIC  69  gp_timer
 88:        691          0       GIC  88  48070000.i2c
 89:          0          0       GIC  89  48072000.i2c
 92:          0          0       GIC  92  4807c000.i2c
 93:          0          0       GIC  93  48060000.i2c
 94:          0          0       GIC  94  4807a000.i2c
106:       4359          0       GIC 106  OMAP UART2
115:       6079          0       GIC 115  mmc2
118:        895          0       GIC 118  mmc0
126:         13          0       GIC 126  mmc1
151:          0          0       GIC 151  twl6040
158:          1          0       GIC 158  talert
459:          0          0      PRCM  pinctrl, pinctrl
515:          0          0    palmas  21  palmas_usb_id
517:          0          0    palmas  23  palmas_usb_vbus
519:          0          0   twl6040   5  twl6040_irq_ready
520:          0          0   twl6040   0  twl6040_irq_th
IPI0:          0          1  CPU wakeup interrupts
IPI1:          0          0  Timer broadcast interrupts
IPI2:       1516       2175  Rescheduling interrupts
IPI3:          0          0  Function call interrupts
IPI4:        143         91  Single function call interrupts
IPI5:          0          0  CPU stop interrupts
IPI6:          0          0  IRQ work interrupts
IPI7:          0          0  completion interrupts
Err:          0
=======
Clk_summary:
   clock                         enable_cnt  prepare_cnt        rate   accuracy   phase
----------------------------------------------------------------------------------------
 dummy_ck                                 0            0           0          0 0  
 xclk60mhsp2_ck                           0            0    60000000          0 0  
 xclk60mhsp1_ck                           0            0    60000000          0 0  
 virt_38400000_ck                         0            0    38400000          0 0  
 virt_27000000_ck                         0            0    27000000          0 0  
 virt_26000000_ck                         0            0    26000000          0 0  
 virt_19200000_ck                         1            1    19200000          0 0  
    sys_clkin                             5           12    19200000          0 0  
       auxclk4_src_ck                     0            0    19200000          0 0  
          auxclk4_ck                      0            0     9600000          0 0  
       auxclk3_src_ck                     0            0    19200000          0 0  
          auxclk3_ck                      0            0    19200000          0 0  
             auxclkreq3_ck                0            0    19200000          0 0  
       auxclk2_src_ck                     0            0    19200000          0 0  
          auxclk2_ck                      0            0    19200000          0 0  
             auxclkreq2_ck                0            0    19200000          0 0  
       auxclk1_src_ck                     0            0    19200000          0 0  
          auxclk1_ck                      0            0    19200000          0 0  
             auxclkreq1_ck                0            0    19200000          0 0  
       auxclk0_src_ck                     0            0    19200000          0 0  
          auxclk0_ck                      0            0    19200000          0 0  
             auxclkreq0_ck                0            0    19200000          0 0  
       wkupaon_iclk_mux                   7            8    19200000          0 0  
          l3instr_ts_gclk_div             0            0    19200000          0 0  
       timer9_gfclk_mux                   0            1    19200000          0 0  
       timer4_gfclk_mux                   0            1    19200000          0 0  
       timer3_gfclk_mux                   0            1    19200000          0 0  
       timer2_gfclk_mux                   0            1    19200000          0 0  
       timer11_gfclk_mux                  0            1    19200000          0 0  
       timer10_gfclk_mux                  0            1    19200000          0 0  
       sata_ref_clk                       0            0    19200000          0 0  
       dpll_usb_ck                        1            2   960000000          0 0  
          dpll_usb_m2_ck                  0            1   480000000          0 0  
             usb_host_hs_hsic480m_p3_clk           0            0   480000000          0 0  
             usb_host_hs_hsic480m_p2_clk           0            0   480000000          0 0  
             usb_host_hs_hsic480m_p1_clk           0            0   480000000          0 0  
             l3init_60m_fclk              0            1    60000000          0 0  
                usb_tll_hs_usb_ch2_clk           0            0    60000000          0 0  
                usb_tll_hs_usb_ch1_clk           0            0    60000000          0 0  
                usb_tll_hs_usb_ch0_clk           0            0    60000000          0 0  
                usb_host_hs_utmi_p3_clk           0            0    60000000          0 0  
                utmi_p2_gfclk             0            0    60000000          0 0  
                   usb_host_hs_utmi_p2_clk           0            0    60000000          0 0  
                utmi_p1_gfclk             0            0    60000000          0 0  
                   usb_host_hs_utmi_p1_clk           0            0    60000000          0 0  
                usb_host_hs_hsic60m_p3_clk           0            0    60000000          0 0  
                usb_host_hs_hsic60m_p2_clk           0            0    60000000          0 0  
                usb_host_hs_hsic60m_p1_clk           0            0    60000000          0 0  
          dpll_usb_clkdcoldo              1            1   960000000          0 0  
             usb_otg_ss_refclk960m           1            3   960000000          0 0  
       dpll_unipro2_ck                    0            0    19200000          0 0  
          dpll_unipro2_m2_ck              0            0    19200000          0 0  
          dpll_unipro2_clkdcoldo           0            0    19200000          0 0  
       dpll_unipro1_ck                    0            0    19200000          0 0  
          dpll_unipro1_m2_ck              0            0    19200000          0 0  
             lli_txphy_ls_clk             0            0    19200000          0 0  
          dpll_unipro1_clkdcoldo           0            0    19200000          0 0  
             lli_txphy_clk                0            0    19200000          0 0  
       dpll_per_ck                        1            1   384000000          0 0  
          dpll_per_m2_ck                  0            0    96000000          0 0  
             func_24m_clk                 0            0    24000000          0 0  
          dpll_per_x2_ck                  1            2   768000000          0 0  
             dpll_per_m3x2_ck             0            0   256000000          0 0  
             dpll_per_m2x2_ck             1            4   192000000          0 0  
                mmc2_fclk_mux             0            1   192000000          0 0  
                   mmc2_fclk              0            1    96000000          0 0  
                mmc1_fclk_mux             0            1   192000000          0 0  
                   mmc1_fclk              0            1    96000000          0 0  
                hsi_fclk                  0            0   192000000          0 0  
                func_96m_fclk             0            6    96000000          0 0  
                   iss_ctrlclk            0            0    96000000          0 0  
                func_48m_fclk             6           14    48000000          0 0  
                   dss_48mhz_clk           0            2    48000000          0 0  
                func_12m_fclk             0            0    12000000          0 0  
             dpll_per_h14x2_ck            0            0   384000000          0 0  
             dpll_per_h12x2_ck            0            1   192000000          0 0  
                dss_dss_clk               0            4   192000000          0 0  
             dpll_per_h11x2_ck            0            0   256000000          0 0  
                fdif_fclk                 0            0   256000000          0 0  
                func_128m_clk             0            0   128000000          0 0  
       dpll_mpu_ck                        1            1  1000000000          0 0  
          dpll_mpu_m2_ck                  1            1  1000000000          0 0  
       dpll_core_ck                       1            1  1063680000          0 0  
          dpll_core_m2_ck                 0            0   531840000          0 0  
          dpll_core_x2_ck                 3            4  2127360000          0 0  
             dpll_core_m3x2_ck            0            0   425472000          0 0  
             dpll_core_h24x2_ck           0            0   354560000          0 0  
             dpll_core_h23x2_ck           0            0   303908572          0 0  
             dpll_core_h22x2_ck           0            1   425472000          0 0  
             dpll_core_h14x2_ck           0            0    33767620          0 0  
                gpu_hyd_gclk_mux           0            0    33767620          0 0  
                gpu_core_gclk_mux           0            0    33767620          0 0  
             dpll_core_h13x2_ck           1            2    34312259          0 0  
             dpll_core_h12x2_ck           1            2   531840000          0 0  
                l3_iclk_div              23           25   265920000          0 0  
                   l4_root_clk_div          44           50   132960000          0 0  
                   gpu_l3_iclk            0            0   265920000          0 0  
                mpu_dpll_hs_clk_div           0            0   531840000          0 0  
                iva_dpll_hs_clk_div           0            1   531840000          0 0  
                   dpll_iva_ck            0            1   531840000          0 0  
                      dpll_iva_x2_ck           0            1   531840000          0 0  
                         dpll_iva_h12x2_ck           0            0   531840000          0 0  
                         dpll_iva_h11x2_ck           0            1   531840000          0 0  
             dpll_core_h11x2_ck           4            4   265920000          0 0  
             dpll_core_h21x2_ck           0            0   354560000          0 0  
                c2c_fclk                  0            0   354560000          0 0  
                   c2c_iclk               0            0   177280000          0 0  
       dss_syc_gfclk_div                  0            5    19200000          0 0  
          dss_sys_clk                     0            5    19200000          0 0  
          timer8_gfclk_mux                0            1    19200000          0 0  
          timer7_gfclk_mux                0            1    19200000          0 0  
          timer6_gfclk_mux                0            1    19200000          0 0  
          timer5_gfclk_mux                0            1    19200000          0 0  
       custefuse_sys_gfclk_div            0            0     9600000          0 0  
       abe_dpll_bypass_clk_mux            0            0    19200000          0 0  
 virt_16800000_ck                         0            0    16800000          0 0  
 virt_13000000_ck                         0            0    13000000          0 0  
 virt_12000000_ck                         0            0    12000000          0 0  
 sys_32k_ck                               3           15       32768          0 0  
    timer1_gfclk_mux                      1            1       32768          0 0  
    gpio1_dbclk                           0            1       32768          0 0  
    abe_dpll_clk_mux                      1            1       32768          0 0  
       dpll_abe_ck                        1            1    98304000          0 0  
          dpll_abe_x2_ck                  1            1   196608000          0 0  
             dpll_abe_m3x2_ck             0            0    98304000          0 0  
                usb_dpll_hs_clk_div           0            0    32768000          0 0  
                per_dpll_hs_clk_div           0            0    49152000          0 0  
             dpll_abe_m2x2_ck             1            2   196608000          0 0  
                abe_lp_clk_div            0            0    12288000          0 0  
                abe_clk                   1            1   196608000          0 0  
                   aess_fclk              1            1   196608000          0 0  
                      abe_iclk           11           11    98304000          0 0  
                abe_24m_fclk              0            4    24576000          0 0  
                   mcbsp3_sync_mux_ck           0            2    24576000          0 0  
                      mcbsp3_gfclk           0            1    24576000          0 0  
                   mcbsp2_sync_mux_ck           0            2    24576000          0 0  
                      mcbsp2_gfclk           0            1    24576000          0 0  
                   mcbsp1_sync_mux_ck           0            2    24576000          0 0  
                      mcbsp1_gfclk           0            1    24576000          0 0  
                   mcasp_sync_mux_ck           0            0    24576000          0 0  
                      mcasp_gfclk           0            0    24576000          0 0  
                   dmic_sync_mux_ck           0            1    24576000          0 0  
                      dmic_gfclk           0            1    24576000          0 0  
    usb_phy_cm_clk32k                     1            2       32768          0 0  
    mmc1_32khz_clk                        0            1       32768          0 0  
    gpio8_dbclk                           0            1       32768          0 0  
    gpio7_dbclk                           0            1       32768          0 0  
    gpio6_dbclk                           0            1       32768          0 0  
    gpio5_dbclk                           0            1       32768          0 0  
    gpio4_dbclk                           0            1       32768          0 0  
    gpio3_dbclk                           0            1       32768          0 0  
    gpio2_dbclk                           0            1       32768          0 0  
    dss_32khz_clk                         0            1       32768          0 0  
 slimbus_src_clk                          0            0    12000000          0 0  
    slimbus_clk                           0            0    12000000          0 0  
       slimbus1_slimbus_clk               0            0    12000000          0 0  
 secure_32k_clk_src_ck                    0            0       32768          0 0  
 pad_clks_src_ck                          0            1    12000000          0 0  
    pad_clks_ck                           0            4    12000000          0 0  
=======
Orphan Clks:
=======
Available frequencies
1000000 1500000 
=======
Hello World Board Booted
root@omap5-evm:/test# 
- 06:38:34 [INFO] Host: cat stderr.log
- 06:38:34 [INFO] Target: 
cat stderr.log
ls: /sys/kernel/debug/clk/orphans/: No such file or directory
root@omap5-evm:/test# 
- 06:38:34 [INFO] Host: cat result.log
- 06:38:36 [ERROR] On command: cat result.log waiting for cat result.log.+?(?m-ix:^1[\0\n\r]+) >>> error: execution expired
- 06:38:36 [INFO] Target: 
cat result.log
root@omap5-evm:/test# 
- 06:38:36 [INFO] Host: cd /test
- 06:38:37 [INFO] Target: 
cd /test
root@omap5-evm:/test# 
