- 09:20:22 [INFO] Starting target session
- 09:20:23 [INFO] Connected to pandaboard-vanilla via serial 
- 09:20:23 [INFO] Host: 
- 09:20:28 [ERROR] On command:  waiting for (?m-ix:root.*#) >>> error: execution expired
- 09:20:28 [INFO] Target: 

- 09:20:56 [INFO] Disconnected {"type"=>"serial"} from pandaboard-vanilla
- 09:20:56 [INFO] Host: 
- 09:20:57 [INFO] Target: 
 0 
U-Boot# 
- 09:20:57 [INFO] Host: 
- 09:20:58 [INFO] Target: 

U-Boot# 
- 09:20:58 [INFO] Host: version
- 09:20:58 [INFO] Target: 
version

U-Boot 2014.04-00069-g53b0d70 (Apr 22 2014 - 14:39:57)
arm-linux-gnueabi-gcc (Ubuntu/Linaro 4.6.3-1ubuntu5) 4.6.3
GNU ld (GNU Binutils for Ubuntu) 2.22
U-Boot# 
- 09:20:58 [INFO] Host: setenv bootargs 'console=ttyO2,115200n8 vram=16M earlyprintk rootwait '
- 09:20:59 [INFO] Target: 
setenv bootargs 'console=ttyO2,115200n8 vram=16M earlyprintk rootwait '
U-Boot# 
- 09:20:59 [INFO] Host: setenv bootcmd  ''
- 09:20:59 [INFO] Target: 
setenv bootcmd  ''
U-Boot# 
- 09:20:59 [INFO] Host: setenv autoload 'no'
- 09:21:00 [INFO] Target: 
setenv autoload 'no'
U-Boot# 
- 09:21:00 [INFO] Host: setenv serverip '128.247.105.47'
- 09:21:01 [INFO] Target: 
setenv serverip '128.247.105.47'
U-Boot# 
- 09:21:01 [INFO] Host: printenv
- 09:21:01 [INFO] Target: 
printenv
arch=arm
autoload=no
baudrate=115200
board=panda
board_name=panda
bootargs=console=ttyO2,115200n8 vram=16M earlyprintk rootwait 
bootcmd=
bootdelay=1
bootdir=/boot
bootfile=zImage
bootm_size=0x08000000
bootpart=0:2
bootscript=echo Running bootscript from mmc${mmcdev} ...; source ${loadaddr}
console=ttyO2,115200n8
cpu=armv7
fdt_addr_r=0x88000000
fdtaddr=0x88000000
fdtfile=undefined
findfdt=if test $board_name = sdp4430; then setenv fdtfile omap4-sdp.dtb; fi; if test $board_name = panda; then setenv fdtfile omap4-panda.dtb; fi;if test $board_name = panda-a4; then setenv fdtfile omap4-panda-a4.dtb; fi;if test $board_name = panda-es; then setenv fdtfile omap4-panda-es.dtb; fi;if test $fdtfile = undefined; then echo WARNING: Could not determine device tree to use; fi; 
importbootenv=echo Importing environment from mmc${mmcdev} ...; env import -t ${loadaddr} ${filesize}
kernel_addr_r=0x82000000
loadaddr=0x82000000
loadbootenv=fatload mmc ${mmcdev} ${loadaddr} uEnv.txt
loadbootscript=fatload mmc ${mmcdev} ${loadaddr} boot.scr
loadfdt=load mmc ${bootpart} ${fdtaddr} ${bootdir}/${fdtfile}
loadimage=load mmc ${bootpart} ${loadaddr} ${bootdir}/${bootfile}
mmcargs=setenv bootargs console=${console} vram=${vram} root=${mmcroot} rootfstype=${mmcrootfstype}
mmcboot=echo Booting from mmc${mmcdev} ...; run mmcargs; bootz ${loadaddr} - ${fdtaddr}
mmcdev=0
mmcroot=/dev/mmcblk0p2 rw
mmcrootfstype=ext3 rootwait
ramdisk_addr_r=0x88080000
rdaddr=0x88080000
serverip=128.247.105.47
soc=omap4
usbethaddr=02:04:f1:2a:2a:93
usbtty=cdc_acm
vendor=ti
ver=U-Boot 2014.04-00069-g53b0d70 (Apr 22 2014 - 14:39:57)
vram=16M

Environment size: 1695/131068 bytes
U-Boot# 
- 09:21:01 [INFO] Host: dcache off
- 09:21:02 [INFO] Target: 
dcache off
Unknown command 'dcache' - try 'help'
U-Boot# 
- 09:21:02 [INFO] Host: usb start
- 09:21:04 [INFO] Target: 
usb start
(Re)start USB...
USB0:   USB EHCI 1.00
scanning bus 0 for devices... 3 USB Device(s) found
       scanning usb for storage devices... 0 Storage Device(s) found
       scanning usb for ethernet devices... 1 Ethernet Device(s) found
U-Boot# 
- 09:21:04 [INFO] Host: printenv
- 09:21:05 [INFO] Target: 
printenv
arch=arm
autoload=no
baudrate=115200
board=panda
board_name=panda
bootargs=console=ttyO2,115200n8 vram=16M earlyprintk rootwait 
bootcmd=
bootdelay=1
bootdir=/boot
bootfile=zImage
bootm_size=0x08000000
bootpart=0:2
bootscript=echo Running bootscript from mmc${mmcdev} ...; source ${loadaddr}
console=ttyO2,115200n8
cpu=armv7
ethact=sms0
fdt_addr_r=0x88000000
fdtaddr=0x88000000
fdtfile=undefined
findfdt=if test $board_name = sdp4430; then setenv fdtfile omap4-sdp.dtb; fi; if test $board_name = panda; then setenv fdtfile omap4-panda.dtb; fi;if test $board_name = panda-a4; then setenv fdtfile omap4-panda-a4.dtb; fi;if test $board_name = panda-es; then setenv fdtfile omap4-panda-es.dtb; fi;if test $fdtfile = undefined; then echo WARNING: Could not determine device tree to use; fi; 
importbootenv=echo Importing environment from mmc${mmcdev} ...; env import -t ${loadaddr} ${filesize}
kernel_addr_r=0x82000000
loadaddr=0x82000000
loadbootenv=fatload mmc ${mmcdev} ${loadaddr} uEnv.txt
loadbootscript=fatload mmc ${mmcdev} ${loadaddr} boot.scr
loadfdt=load mmc ${bootpart} ${fdtaddr} ${bootdir}/${fdtfile}
loadimage=load mmc ${bootpart} ${loadaddr} ${bootdir}/${bootfile}
mmcargs=setenv bootargs console=${console} vram=${vram} root=${mmcroot} rootfstype=${mmcrootfstype}
mmcboot=echo Booting from mmc${mmcdev} ...; run mmcargs; bootz ${loadaddr} - ${fdtaddr}
mmcdev=0
mmcroot=/dev/mmcblk0p2 rw
mmcrootfstype=ext3 rootwait
ramdisk_addr_r=0x88080000
rdaddr=0x88080000
serverip=128.247.105.47
soc=omap4
usbethaddr=02:04:f1:2a:2a:93
usbtty=cdc_acm
vendor=ti
ver=U-Boot 2014.04-00069-g53b0d70 (Apr 22 2014 - 14:39:57)
vram=16M

Environment size: 1709/131068 bytes
U-Boot# 
- 09:21:05 [INFO] Host: setenv bootargs ''${bootargs}' ip=dhcp '
- 09:21:06 [INFO] Target: 
setenv bootargs ''${bootargs}' ip=dhcp '
U-Boot# 
- 09:21:06 [INFO] Host: setenv ipaddr dhcp
- 09:21:06 [INFO] Target: 
setenv ipaddr dhcp
U-Boot# 
- 09:21:06 [INFO] Host: dhcp
- 09:21:09 [INFO] Target: 
dhcp
Waiting for Ethernet connection... done.
BOOTP broadcast 1
DHCP client bound to address 192.168.1.177
U-Boot# 
- 09:21:09 [INFO] Host: setenv serverip '128.247.105.47'
- 09:21:10 [INFO] Target: 
setenv serverip '128.247.105.47'
U-Boot# 
- 09:21:10 [INFO] Host: printenv
- 09:21:10 [INFO] Target: 
printenv
arch=arm
autoload=no
baudrate=115200
board=panda
board_name=panda
bootargs=console=ttyO2,115200n8 vram=16M earlyprintk rootwait  ip=dhcp 
bootcmd=
bootdelay=1
bootdir=/boot
bootfile=zImage
bootm_size=0x08000000
bootpart=0:2
bootscript=echo Running bootscript from mmc${mmcdev} ...; source ${loadaddr}
console=ttyO2,115200n8
cpu=armv7
dnsip=192.0.2.2
ethact=sms0
fdt_addr_r=0x88000000
fdtaddr=0x88000000
fdtfile=undefined
findfdt=if test $board_name = sdp4430; then setenv fdtfile omap4-sdp.dtb; fi; if test $board_name = panda; then setenv fdtfile omap4-panda.dtb; fi;if test $board_name = panda-a4; then setenv fdtfile omap4-panda-a4.dtb; fi;if test $board_name = panda-es; then setenv fdtfile omap4-panda-es.dtb; fi;if test $fdtfile = undefined; then echo WARNING: Could not determine device tree to use; fi; 
gatewayip=192.168.1.254
importbootenv=echo Importing environment from mmc${mmcdev} ...; env import -t ${loadaddr} ${filesize}
ipaddr=192.168.1.177
kernel_addr_r=0x82000000
loadaddr=0x82000000
loadbootenv=fatload mmc ${mmcdev} ${loadaddr} uEnv.txt
loadbootscript=fatload mmc ${mmcdev} ${loadaddr} boot.scr
loadfdt=load mmc ${bootpart} ${fdtaddr} ${bootdir}/${fdtfile}
loadimage=load mmc ${bootpart} ${loadaddr} ${bootdir}/${bootfile}
mmcargs=setenv bootargs console=${console} vram=${vram} root=${mmcroot} rootfstype=${mmcrootfstype}
mmcboot=echo Booting from mmc${mmcdev} ...; run mmcargs; bootz ${loadaddr} - ${fdtaddr}
mmcdev=0
mmcroot=/dev/mmcblk0p2 rw
mmcrootfstype=ext3 rootwait
netmask=255.255.255.0
ramdisk_addr_r=0x88080000
rdaddr=0x88080000
serverip=128.247.105.47
soc=omap4
usbethaddr=02:04:f1:2a:2a:93
usbtty=cdc_acm
vendor=ti
ver=U-Boot 2014.04-00069-g53b0d70 (Apr 22 2014 - 14:39:57)
vram=16M

Environment size: 1809/131068 bytes
U-Boot# 
- 09:21:10 [INFO] Host: setenv bootcmd ''${bootcmd}' tftp ${loadaddr} 128.247.105.47:vatf_10/a89d666da8abc79748916e55cae80c79; '
- 09:21:11 [INFO] Target: 
setenv bootcmd ''${bootcmd}' tftp ${loadaddr} 128.247.105.47:vatf_10/a89d666da8abc79748916e55cae80c79; '
U-Boot# 
- 09:21:11 [INFO] Host: printenv
- 09:21:12 [INFO] Target: 
printenv
arch=arm
autoload=no
baudrate=115200
board=panda
board_name=panda
bootargs=console=ttyO2,115200n8 vram=16M earlyprintk rootwait  ip=dhcp 
bootcmd= tftp ${loadaddr} 128.247.105.47:vatf_10/a89d666da8abc79748916e55cae80c79; 
bootdelay=1
bootdir=/boot
bootfile=zImage
bootm_size=0x08000000
bootpart=0:2
bootscript=echo Running bootscript from mmc${mmcdev} ...; source ${loadaddr}
console=ttyO2,115200n8
cpu=armv7
dnsip=192.0.2.2
ethact=sms0
fdt_addr_r=0x88000000
fdtaddr=0x88000000
fdtfile=undefined
findfdt=if test $board_name = sdp4430; then setenv fdtfile omap4-sdp.dtb; fi; if test $board_name = panda; then setenv fdtfile omap4-panda.dtb; fi;if test $board_name = panda-a4; then setenv fdtfile omap4-panda-a4.dtb; fi;if test $board_name = panda-es; then setenv fdtfile omap4-panda-es.dtb; fi;if test $fdtfile = undefined; then echo WARNING: Could not determine device tree to use; fi; 
gatewayip=192.168.1.254
importbootenv=echo Importing environment from mmc${mmcdev} ...; env import -t ${loadaddr} ${filesize}
ipaddr=192.168.1.177
kernel_addr_r=0x82000000
loadaddr=0x82000000
loadbootenv=fatload mmc ${mmcdev} ${loadaddr} uEnv.txt
loadbootscript=fatload mmc ${mmcdev} ${loadaddr} boot.scr
loadfdt=load mmc ${bootpart} ${fdtaddr} ${bootdir}/${fdtfile}
loadimage=load mmc ${bootpart} ${loadaddr} ${bootdir}/${bootfile}
mmcargs=setenv bootargs console=${console} vram=${vram} root=${mmcroot} rootfstype=${mmcrootfstype}
mmcboot=echo Booting from mmc${mmcdev} ...; run mmcargs; bootz ${loadaddr} - ${fdtaddr}
mmcdev=0
mmcroot=/dev/mmcblk0p2 rw
mmcrootfstype=ext3 rootwait
netmask=255.255.255.0
ramdisk_addr_r=0x88080000
rdaddr=0x88080000
serverip=128.247.105.47
soc=omap4
usbethaddr=02:04:f1:2a:2a:93
usbtty=cdc_acm
vendor=ti
ver=U-Boot 2014.04-00069-g53b0d70 (Apr 22 2014 - 14:39:57)
vram=16M

Environment size: 1884/131068 bytes
U-Boot# 
- 09:21:12 [INFO] Host: setenv bootcmd ''${bootcmd}' tftp ${fdt_addr_r} 128.247.105.47:vatf_10/0cc8ab87e1d10a99c79056f778b197ca; '
- 09:21:12 [INFO] Target: 
setenv bootcmd ''${bootcmd}' tftp ${fdt_addr_r} 128.247.105.47:vatf_10/0cc8ab87e1d10a99c79056f778b197ca; '
U-Boot# 
- 09:21:12 [INFO] Host: printenv
- 09:21:13 [INFO] Target: 
printenv
arch=arm
autoload=no
baudrate=115200
board=panda
board_name=panda
bootargs=console=ttyO2,115200n8 vram=16M earlyprintk rootwait  ip=dhcp 
bootcmd= tftp ${loadaddr} 128.247.105.47:vatf_10/a89d666da8abc79748916e55cae80c79;  tftp ${fdt_addr_r} 128.247.105.47:vatf_10/0cc8ab87e1d10a99c79056f778b197ca; 
bootdelay=1
bootdir=/boot
bootfile=zImage
bootm_size=0x08000000
bootpart=0:2
bootscript=echo Running bootscript from mmc${mmcdev} ...; source ${loadaddr}
console=ttyO2,115200n8
cpu=armv7
dnsip=192.0.2.2
ethact=sms0
fdt_addr_r=0x88000000
fdtaddr=0x88000000
fdtfile=undefined
findfdt=if test $board_name = sdp4430; then setenv fdtfile omap4-sdp.dtb; fi; if test $board_name = panda; then setenv fdtfile omap4-panda.dtb; fi;if test $board_name = panda-a4; then setenv fdtfile omap4-panda-a4.dtb; fi;if test $board_name = panda-es; then setenv fdtfile omap4-panda-es.dtb; fi;if test $fdtfile = undefined; then echo WARNING: Could not determine device tree to use; fi; 
gatewayip=192.168.1.254
importbootenv=echo Importing environment from mmc${mmcdev} ...; env import -t ${loadaddr} ${filesize}
ipaddr=192.168.1.177
kernel_addr_r=0x82000000
loadaddr=0x82000000
loadbootenv=fatload mmc ${mmcdev} ${loadaddr} uEnv.txt
loadbootscript=fatload mmc ${mmcdev} ${loadaddr} boot.scr
loadfdt=load mmc ${bootpart} ${fdtaddr} ${bootdir}/${fdtfile}
loadimage=load mmc ${bootpart} ${loadaddr} ${bootdir}/${bootfile}
mmcargs=setenv bootargs console=${console} vram=${vram} root=${mmcroot} rootfstype=${mmcrootfstype}
mmcboot=echo Booting from mmc${mmcdev} ...; run mmcargs; bootz ${loadaddr} - ${fdtaddr}
mmcdev=0
mmcroot=/dev/mmcblk0p2 rw
mmcrootfstype=ext3 rootwait
netmask=255.255.255.0
ramdisk_addr_r=0x88080000
rdaddr=0x88080000
serverip=128.247.105.47
soc=omap4
usbethaddr=02:04:f1:2a:2a:93
usbtty=cdc_acm
vendor=ti
ver=U-Boot 2014.04-00069-g53b0d70 (Apr 22 2014 - 14:39:57)
vram=16M

Environment size: 1961/131068 bytes
U-Boot# 
- 09:21:13 [INFO] Host: setenv bootargs ''${bootargs}' root=/dev/mmcblk0p2 rw rootfstype=ext3 rootwait '
- 09:21:13 [INFO] Target: 
setenv bootargs ''${bootargs}' root=/dev/mmcblk0p2 rw rootfstype=ext3 rootwait '
U-Boot# 
- 09:21:13 [INFO] Host: printenv
- 09:21:14 [INFO] Target: 
printenv
arch=arm
autoload=no
baudrate=115200
board=panda
board_name=panda
bootargs=console=ttyO2,115200n8 vram=16M earlyprintk rootwait  ip=dhcp  root=/dev/mmcblk0p2 rw rootfstype=ext3 rootwait 
bootcmd= tftp ${loadaddr} 128.247.105.47:vatf_10/a89d666da8abc79748916e55cae80c79;  tftp ${fdt_addr_r} 128.247.105.47:vatf_10/0cc8ab87e1d10a99c79056f778b197ca; 
bootdelay=1
bootdir=/boot
bootfile=zImage
bootm_size=0x08000000
bootpart=0:2
bootscript=echo Running bootscript from mmc${mmcdev} ...; source ${loadaddr}
console=ttyO2,115200n8
cpu=armv7
dnsip=192.0.2.2
ethact=sms0
fdt_addr_r=0x88000000
fdtaddr=0x88000000
fdtfile=undefined
findfdt=if test $board_name = sdp4430; then setenv fdtfile omap4-sdp.dtb; fi; if test $board_name = panda; then setenv fdtfile omap4-panda.dtb; fi;if test $board_name = panda-a4; then setenv fdtfile omap4-panda-a4.dtb; fi;if test $board_name = panda-es; then setenv fdtfile omap4-panda-es.dtb; fi;if test $fdtfile = undefined; then echo WARNING: Could not determine device tree to use; fi; 
gatewayip=192.168.1.254
importbootenv=echo Importing environment from mmc${mmcdev} ...; env import -t ${loadaddr} ${filesize}
ipaddr=192.168.1.177
kernel_addr_r=0x82000000
loadaddr=0x82000000
loadbootenv=fatload mmc ${mmcdev} ${loadaddr} uEnv.txt
loadbootscript=fatload mmc ${mmcdev} ${loadaddr} boot.scr
loadfdt=load mmc ${bootpart} ${fdtaddr} ${bootdir}/${fdtfile}
loadimage=load mmc ${bootpart} ${loadaddr} ${bootdir}/${bootfile}
mmcargs=setenv bootargs console=${console} vram=${vram} root=${mmcroot} rootfstype=${mmcrootfstype}
mmcboot=echo Booting from mmc${mmcdev} ...; run mmcargs; bootz ${loadaddr} - ${fdtaddr}
mmcdev=0
mmcroot=/dev/mmcblk0p2 rw
mmcrootfstype=ext3 rootwait
netmask=255.255.255.0
ramdisk_addr_r=0x88080000
rdaddr=0x88080000
serverip=128.247.105.47
soc=omap4
usbethaddr=02:04:f1:2a:2a:93
usbtty=cdc_acm
vendor=ti
ver=U-Boot 2014.04-00069-g53b0d70 (Apr 22 2014 - 14:39:57)
vram=16M

Environment size: 2010/131068 bytes
U-Boot# 
- 09:21:14 [INFO] Host: setenv bootcmd ''${bootcmd}' if iminfo ${loadaddr}; then bootm ${loadaddr} - ${fdt_addr_r}; else bootz ${loadaddr} - ${fdt_addr_r}; bootm ${loadaddr} - ${fdt_addr_r}; fi'
- 09:21:14 [INFO] Target: 
setenv bootcmd ''${bootcmd}' if iminfo ${loadaddr}; then bootm ${loadaddr} - ${fdt_addr_r}; else bootz ${loadaddr} - ${fdt_addr_r}; bootm ${loadaddr} - ${fdt_addr_r}; fi'
U-Boot# 
- 09:21:15 [INFO] Host: bdinfo
- 09:21:15 [INFO] Target: 
bdinfo
arch_number = 0x00000AE7
boot_params = 0x80000100
DRAM bank   = 0x00000000
-> start    = 0x80000000
-> size     = 0x40000000
eth0name    = sms0
ethaddr     = (not set)
current eth = sms0
ip_addr     = 192.168.1.177
baudrate    = 115200 bps
TLB addr    = 0xBFFF0000
relocaddr   = 0xBFF79000
reloc off   = 0x3F779000
irq_sp      = 0xBFE58EE0
sp start    = 0xBFE58ED0
U-Boot# 
- 09:21:15 [INFO] Host: boot
- 09:21:56 [INFO] Target: 
boot
Waiting for Ethernet connection... done.
Using sms0 device
TFTP from server 128.247.105.47; our IP address is 192.168.1.177; sending through gateway 192.168.1.254
Filename 'vatf_10/a89d666da8abc79748916e55cae80c79'.
Load address: 0x82000000
Loading: *#################################################################
	 #################################################################
	 #################################################################
	 #################################################################
	 ################################
	 2.8 MiB/s
done
Bytes transferred = 4277592 (414558 hex)
Waiting for Ethernet connection... done.
Using sms0 device
TFTP from server 128.247.105.47; our IP address is 192.168.1.177; sending through gateway 192.168.1.254
Filename 'vatf_10/0cc8ab87e1d10a99c79056f778b197ca'.
Load address: 0x88000000
Loading: *####
	 2.5 MiB/s
done
Bytes transferred = 54887 (d667 hex)

## Checking Image at 82000000 ...
Unknown image format!
Kernel image @ 0x82000000 [ 0x000000 - 0x414558 ]
## Flattened Device Tree blob at 88000000
   Booting using the fdt blob at 0x88000000
   Loading Device Tree to 87fef000, end 87fff666 ... OK

Starting kernel ...

[    0.000000] Booting Linux on physical CPU 0x0
[    0.000000] Linux version 3.15.0-rc5-00002-gc96464e (nmenon@kahuna) (gcc version 4.6.3 (Ubuntu/Linaro 4.6.3-1ubuntu5) ) #1 SMP Mon May 12 09:16:18 CDT 2014
[    0.000000] CPU: ARMv7 Processor [411fc092] revision 2 (ARMv7), cr=10c5387d
[    0.000000] CPU: PIPT / VIPT nonaliasing data cache, VIPT aliasing instruction cache
[    0.000000] Machine model: TI OMAP4 PandaBoard
[    0.000000] cma: CMA: reserved 16 MiB at ae800000
[    0.000000] Memory policy: Data cache writealloc
[    0.000000] OMAP4430 ES2.2
[    0.000000] PERCPU: Embedded 9 pages/cpu @edf98000 s14080 r8192 d14592 u36864
[    0.000000] Built 1 zonelists in Zone order, mobility grouping on.  Total pages: 260368
[    0.000000] Kernel command line: console=ttyO2,115200n8 vram=16M earlyprintk rootwait  ip=dhcp  root=/dev/mmcblk0p2 rw rootfstype=ext3 rootwait 
[    0.000000] PID hash table entries: 4096 (order: 2, 16384 bytes)
[    0.000000] Dentry cache hash table entries: 131072 (order: 7, 524288 bytes)
[    0.000000] Inode-cache hash table entries: 65536 (order: 6, 262144 bytes)
[    0.000000] Memory: 1007412K/1047552K available (5571K kernel code, 664K rwdata, 2144K rodata, 389K init, 5522K bss, 40140K reserved, 269312K highmem)
[    0.000000] Virtual kernel memory layout:
[    0.000000]     vector  : 0xffff0000 - 0xffff1000   (   4 kB)
[    0.000000]     fixmap  : 0xfff00000 - 0xfffe0000   ( 896 kB)
[    0.000000]     vmalloc : 0xf0000000 - 0xff000000   ( 240 MB)
[    0.000000]     lowmem  : 0xc0000000 - 0xef800000   ( 760 MB)
[    0.000000]     pkmap   : 0xbfe00000 - 0xc0000000   (   2 MB)
[    0.000000]     modules : 0xbf000000 - 0xbfe00000   (  14 MB)
[    0.000000]       .text : 0xc0008000 - 0xc0790e60   (7716 kB)
[    0.000000]       .init : 0xc0791000 - 0xc07f2700   ( 390 kB)
[    0.000000]       .data : 0xc07f4000 - 0xc089a0c0   ( 665 kB)
[    0.000000]        .bss : 0xc089a0c0 - 0xc0dfec88   (5523 kB)
[    0.000000] Hierarchical RCU implementation.
[    0.000000] NR_IRQS:16 nr_irqs:16 16
[    0.000000] ti_dt_clocks_register: failed to lookup clock node div_ts_ck
[    0.000000] ti_dt_clocks_register: failed to lookup clock node bandgap_ts_fclk
[    0.000000] OMAP clockevent source: timer1 at 32768 Hz
[    0.000000] sched_clock: 32 bits at 32kHz, resolution 30517ns, wraps every 65536000000000ns
[    0.000030] OMAP clocksource: 32k_counter at 32768 Hz
[    0.000213] smp_twd: clock not found -2
[    0.002593] Console: colour dummy device 80x30
[    0.002685] Lock dependency validator: Copyright (c) 2006 Red Hat, Inc., Ingo Molnar
[    0.002716] ... MAX_LOCKDEP_SUBCLASSES:  8
[    0.002716] ... MAX_LOCK_DEPTH:          48
[    0.002716] ... MAX_LOCKDEP_KEYS:        8191
[    0.002746] ... CLASSHASH_SIZE:          4096
[    0.002746] ... MAX_LOCKDEP_ENTRIES:     16384
[    0.002746] ... MAX_LOCKDEP_CHAINS:      32768
[    0.002746] ... CHAINHASH_SIZE:          16384
[    0.002777]  memory used by lock dependency info: 3695 kB
[    0.002777]  per task-struct memory footprint: 1152 bytes
[    0.002838] Calibrating local timer... 297.43MHz.
[    0.058166] Calibrating delay loop... 1185.38 BogoMIPS (lpj=5926912)
[    0.137542] pid_max: default: 32768 minimum: 301
[    0.138275] Security Framework initialized
[    0.138488] Mount-cache hash table entries: 2048 (order: 1, 8192 bytes)
[    0.138549] Mountpoint-cache hash table entries: 2048 (order: 1, 8192 bytes)
[    0.142272] CPU: Testing write buffer coherency: ok
[    0.144165] CPU0: thread -1, cpu 0, socket 0, mpidr 80000000
[    0.144256] Setting up static identity map for 0x805481b0 - 0x80548220
[    0.144409] L310 cache controller enabled
[    0.144439] l2x0: 16 ways, CACHE_ID 0x410000c4, AUX_CTRL 0x7e470000, Cache size: 1024 kB
[    0.150817] CPU1: Booted secondary processor
[    0.187072] CPU1: thread -1, cpu 1, socket 0, mpidr 80000001
[    0.187774] Brought up 2 CPUs
[    0.187805] SMP: Total of 2 processors activated.
[    0.187805] CPU: All CPU(s) started in SVC mode.
[    0.191070] devtmpfs: initialized
[    0.202270] VFP support v0.3: implementor 41 architecture 3 part 30 variant 9 rev 1
[    0.207672] omap_hwmod: l3_main_3 using broken dt data from ocp
[    0.212432] omap_hwmod: l3_main_2 using broken dt data from ocp
[    0.402313] pinctrl core: initialized pinctrl subsystem
[    0.405426] regulator-dummy: no parameters
[    0.466522] NET: Registered protocol family 16
[    0.474395] DMA: preallocated 256 KiB pool for atomic coherent allocations
[    0.564544] OMAP GPIO hardware version 0.1
[    0.575256] omap-gpmc 50000000.gpmc: GPMC revision 6.0
[    0.597625] platform 4b501000.aes: Cannot lookup hwmod 'aes'
[    0.598144] platform 480a5000.des: Cannot lookup hwmod 'des'
[    0.606628] No ATAGs?
[    0.606719] hw-breakpoint: found 5 (+1 reserved) breakpoint and 1 watchpoint registers.
[    0.606750] hw-breakpoint: maximum watchpoint size is 4 bytes.
[    0.609924] OMAP DMA hardware revision 0.0
[    0.611724] ARM PMU: not yet supported on OMAP4430 due to missing CTI driver
[    0.637390] edma-dma-engine edma-dma-engine.0: Can't allocate PaRAM dummy slot
[    0.637451] edma-dma-engine: probe of edma-dma-engine.0 failed with error -5
[    0.678985] omap-dma-engine 4a056000.dma-controller: OMAP DMA engine driver
[    0.752349] hsusb1_vbus: 3300 mV 
[    0.753021] reg-fixed-voltage wl12xx_vmmc.9: could not find pctldev for node /ocp/pinmux@4a100040/pinmux_wl12xx_gpio, deferring probe
[    0.753051] platform wl12xx_vmmc.9: Driver reg-fixed-voltage requests probe deferral
[    0.758087] SCSI subsystem initialized
[    0.758911] usbcore: registered new interface driver usbfs
[    0.759124] usbcore: registered new interface driver hub
[    0.759887] usbcore: registered new device driver usb
[    0.762023] omap_i2c 48070000.i2c: could not find pctldev for node /ocp/pinmux@4a100040/pinmux_i2c1_pins, deferring probe
[    0.762084] platform 48070000.i2c: Driver omap_i2c requests probe deferral
[    0.762207] omap_i2c 48072000.i2c: could not find pctldev for node /ocp/pinmux@4a100040/pinmux_i2c2_pins, deferring probe
[    0.762237] platform 48072000.i2c: Driver omap_i2c requests probe deferral
[    0.762329] omap_i2c 48060000.i2c: could not find pctldev for node /ocp/pinmux@4a100040/pinmux_i2c3_pins, deferring probe
[    0.762359] platform 48060000.i2c: Driver omap_i2c requests probe deferral
[    0.762451] omap_i2c 48350000.i2c: could not find pctldev for node /ocp/pinmux@4a100040/pinmux_i2c4_pins, deferring probe
[    0.762481] platform 48350000.i2c: Driver omap_i2c requests probe deferral
[    0.767364] Switched to clocksource 32k_counter
[    0.916015] NET: Registered protocol family 2
[    0.918334] TCP established hash table entries: 8192 (order: 3, 32768 bytes)
[    0.918670] TCP bind hash table entries: 8192 (order: 6, 294912 bytes)
[    0.921630] TCP: Hash tables configured (established 8192 bind 8192)
[    0.921936] TCP: reno registered
[    0.921966] UDP hash table entries: 512 (order: 3, 40960 bytes)
[    0.922393] UDP-Lite hash table entries: 512 (order: 3, 40960 bytes)
[    0.923858] NET: Registered protocol family 1
[    0.925811] RPC: Registered named UNIX socket transport module.
[    0.925811] RPC: Registered udp transport module.
[    0.925842] RPC: Registered tcp transport module.
[    0.925842] RPC: Registered tcp NFSv4.1 backchannel transport module.
[    0.933959] futex hash table entries: 512 (order: 3, 32768 bytes)
[    1.123992] bounce pool size: 64 pages
[    1.125335] VFS: Disk quotas dquot_6.5.2
[    1.125457] Dquot-cache hash table entries: 1024 (order 0, 4096 bytes)
[    1.128021] NFS: Registering the id_resolver key type
[    1.128479] Key type id_resolver registered
[    1.128509] Key type id_legacy registered
[    1.128631] jffs2: version 2.2. (NAND) (SUMMARY)   2001-2006 Red Hat, Inc.
[    1.129333] msgmni has been set to 1473
[    1.132415] io scheduler noop registered
[    1.132446] io scheduler deadline registered
[    1.132537] io scheduler cfq registered (default)
[    1.139282] pinctrl-single 4a100040.pinmux: 203 pins at pa fc100040 size 406
[    1.139831] pinctrl-single 4a31e040.pinmux: 28 pins at pa fc31e040 size 56
[    1.142883] pbias_mmc_omap4: 1800 <--> 3000 mV at 3000 mV 
[    1.144439] Serial: 8250/16550 driver, 4 ports, IRQ sharing enabled
[    1.151947] omap_uart 4806a000.serial: no wakeirq for uart0
[    1.153045] 4806a000.serial: ttyO0 at MMIO 0x4806a000 (irq = 104, base_baud = 3000000) is a OMAP UART0
[    1.155426] omap_uart 4806c000.serial: no wakeirq for uart0
[    1.155975] 4806c000.serial: ttyO1 at MMIO 0x4806c000 (irq = 105, base_baud = 3000000) is a OMAP UART1
[    1.157318] omap_uart 48020000.serial: no wakeirq for uart0
[    1.157958] 48020000.serial: ttyO2 at MMIO 0x48020000 (irq = 106, base_baud = 3000000) is a OMAP UART2
[    1.985229] console [ttyO2] enabled
[    1.990234] omap_uart 4806e000.serial: no wakeirq for uart0
[    1.996673] 4806e000.serial: ttyO3 at MMIO 0x4806e000 (irq = 102, base_baud = 3000000) is a OMAP UART3
[    2.032348] brd: module loaded
[    2.050964] loop: module loaded
[    2.057617] mtdoops: mtd device (mtddev=name/number) must be supplied
[    2.072723] usbcore: registered new interface driver asix
[    2.078643] usbcore: registered new interface driver ax88179_178a
[    2.085205] usbcore: registered new interface driver cdc_ether
[    2.091613] usbcore: registered new interface driver smsc95xx
[    2.097839] usbcore: registered new interface driver net1080
[    2.103942] usbcore: registered new interface driver cdc_subset
[    2.110351] usbcore: registered new interface driver zaurus
[    2.116455] usbcore: registered new interface driver cdc_ncm
[    2.123565] usbcore: registered new interface driver cdc_wdm
[    2.129791] usbcore: registered new interface driver usb-storage
[    2.136322] usbcore: registered new interface driver usbtest
[    2.144775] mousedev: PS/2 mouse device common for all mice
[    2.153778] i2c /dev entries driver
[    2.157592] Driver for 1-wire Dallas network protocol.
[    2.164062] ti-soc-thermal 4a002260.bandgap: Non-trimmed BGAP, Temp not accurate
[    2.174713] omap_wdt: OMAP Watchdog Timer Rev 0x00: initial timeout 60 sec
[    2.184753] omap_hsmmc 4809c000.mmc: unable to get vmmc regulator -517
[    2.192016] platform 4809c000.mmc: Driver omap_hsmmc requests probe deferral
[    2.200225] omap_hsmmc 480d5000.mmc: unable to get vmmc regulator -517
[    2.207336] platform 480d5000.mmc: Driver omap_hsmmc requests probe deferral
[    2.215667] usbcore: registered new interface driver usbhid
[    2.221557] usbhid: USB HID core driver
[    2.226959] oprofile: no performance counters
[    2.232727] oprofile: using timer interrupt.
[    2.237823] TCP: cubic registered
[    2.241302] Initializing XFRM netlink socket
[    2.245910] NET: Registered protocol family 17
[    2.250701] NET: Registered protocol family 15
[    2.255706] Key type dns_resolver registered
[    2.261535] Power Management for TI OMAP4+ devices.
[    2.266754] Power Management for TI OMAP4.
[    2.271087] OMAP4 PM: u-boot >= v2012.07 is required for full PM support
[    2.278350] ThumbEE CPU extension supported.
[    2.282897] Registering SWP/SWPB emulation handler
[    2.291412] pbias_mmc_omap4: disabling
[    2.297241] vwl1271: 1800 mV 
[    2.308593] Skipping twl internal clock init and using bootloader value (unknown osc rate)
[    2.321594] twl 0-0048: PIH (irq 39) nested IRQs
[    2.329162] twl_rtc rtc.14: Power up reset detected.
[    2.335510] twl_rtc rtc.14: Enabling TWL-RTC
[    2.345703] twl_rtc rtc.14: rtc core: registered rtc.14 as rtc0
[    2.354370] VAUX1_6030: 1000 <--> 3000 mV at 1800 mV 
[    2.362030] VAUX2_6030: 1200 <--> 2800 mV at 1800 mV 
[    2.369567] VAUX3_6030: 1000 <--> 3000 mV at 1200 mV 
[    2.377197] VMMC: 1200 <--> 3000 mV at 3000 mV 
[    2.384124] VPP: 1800 <--> 2500 mV at 1900 mV 
[    2.390930] VUSIM: 1200 <--> 2900 mV at 1800 mV 
[    2.397674] VDAC: 1800 mV 
[    2.402008] VANA: 2100 mV 
[    2.406768] VCXIO: 1800 mV 
[    2.411315] VUSB: 3300 mV 
[    2.416076] V1V8: 1800 mV 
[    2.420989] V2V1: 2100 mV 
[    2.435119] omap_i2c 48070000.i2c: bus 0 rev0.10 at 400 kHz
[    2.443511] omap_i2c 48072000.i2c: bus 1 rev0.10 at 400 kHz
[    2.452606] omap_i2c 48060000.i2c: bus 2 rev0.10 at 100 kHz
[    2.460357] omap_i2c 48350000.i2c: bus 3 rev0.10 at 400 kHz
[    2.471496] omap_hsmmc 4809c000.mmc: pins are not configured from the driver
[    2.629028] mmc0: host does not support reading read-only switch. assuming write-enable.
[    2.639801] mmc0: new high speed SD card at address d198
[    2.648162] mmcblk0: mmc0:d198 SD02G 1.83 GiB 
[    2.657928] twl_rtc rtc.14: setting system clock to 2000-01-01 00:00:00 UTC (946684800)
[    2.659118]  mmcblk0: p1 p2
[   19.780914] kjournald starting.  Commit interval 5 seconds
[   19.780914] EXT3-fs (mmcblk0p2): warning: mounting fs with errors, running e2fsck is recommended
[   19.983886] EXT3-fs (mmcblk0p2): using internal journal
[   19.989410] EXT3-fs (mmcblk0p2): mounted filesystem with ordered data mode
[   19.996673] VFS: Mounted root (ext3 filesystem) on device 179:2.
[   20.006988] devtmpfs: mounted
[   20.010375] Freeing unused kernel memory: 388K (c0791000 - c07f2000)

INIT: version 2.88 booting

Error opening /dev/fb0: No such file or directory
/dev/ttyO2 linked to /dev/tty-bd - using as console
Starting udev
[   20.911743] udevd[858]: starting version 182
[   24.338134] FAT-fs (mmcblk0p1): Volume was not properly unmounted. Some data may be corrupt. Please run fsck.
ERROR: could not open directory /lib/modules/3.15.0-rc5-00002-gc96464e: No such file or directory
WARNING: -e needs -E or -F
ERROR: could not open directory /lib/modules/3.15.0-rc5-00002-gc96464e: No such file or directory
FATAL: could not search modules: No such file or directory
Starting Bootlog daemon: bootlogd: cannot allocate pseudo tty: No such file or directory
bootlogd.
[   25.219879] random: nonblocking pool is initialized
ALSA: Restoring mixer settings...
/usr/sbin/alsactl: load_state:1696: No soundcards found...
Configuring network interfaces... ifconfig: SIOCGIFFLAGS: No such device
done.
Sat Mar 22 17:29:00 UTC 2014

INIT: Entering runlevel: 3

/dev/ttyO2 linked to /dev/tty-bd - using as console
Starting system message bus: dbus.
Starting Dropbear SSH server: dropbear.
Starting telnet daemon.
Starting syslogd/klogd: done
Starting thttpd.
Starting Lighttpd Web Server: lighttpd.
2014-03-22 17:29:01: (log.c.166) server started 
***************************************************************
***************************************************************
NOTICE: This file system contains the followin GPLv3 packages:
	binutils-symlinks
	binutils
	gdbserver
	parted

If you do not wish to distribute GPLv3 components please remove
the above packages prior to distribution.  This can be done using
the opkg remove command.  i.e.:
    opkg remove <package>
Where <package> is the name printed in the list above

NOTE: If the package is a dependency of another package you
      will be notified of the dependent packages.  You should
      use the --force-removal-of-dependent-packages option to
      also remove the dependent packages as well
***************************************************************
***************************************************************
Stopping Bootlog daemon: bootlogd.

 _____                    _____           _         _   
|  _  |___ ___ ___ ___   |  _  |___ ___  |_|___ ___| |_ 
|     |  _| .'| . | . |  |   __|  _| . | | | -_|  _|  _|
|__|__|_| |__,|_  |___|  |__|  |_| |___|_| |___|___|_|  
              |___|                    |___|            

Arago Project http://arago-project.org GenericOMAP4(FlattenedDeviceTree) tty-bd

Arago 2013.12 GenericOMAP4(FlattenedDeviceTree) tty-bd

GenericOMAP4(FlattenedDeviceTree) login: 
- 09:21:56 [INFO] Host: root
- 09:21:57 [INFO] Target: 
root
root@GenericOMAP4(FlattenedDeviceTree):~# 
- 09:21:57 [INFO] Host: uname -a
- 09:21:57 [INFO] Target: 
uname -a
Linux GenericOMAP4(FlattenedDeviceTree) 3.15.0-rc5-00002-gc96464e #1 SMP Mon May 12 09:16:18 CDT 2014 armv7l GNU/Linux
root@GenericOMAP4(FlattenedDeviceTree):~# 
- 09:21:58 [INFO] Host: cat /proc/cmdline
- 09:21:58 [INFO] Target: 
cat /proc/cmdline
console=ttyO2,115200n8 vram=16M earlyprintk rootwait  ip=dhcp  root=/dev/mmcblk0p2 rw rootfstype=ext3 rootwait 
root@GenericOMAP4(FlattenedDeviceTree):~# 
- 09:21:58 [INFO] Host: uname -a
- 09:21:59 [INFO] Target: 
uname -a
Linux GenericOMAP4(FlattenedDeviceTree) 3.15.0-rc5-00002-gc96464e #1 SMP Mon May 12 09:16:18 CDT 2014 armv7l GNU/Linux
root@GenericOMAP4(FlattenedDeviceTree):~# 
- 09:21:59 [INFO] Host: cat /proc/mtd
- 09:21:59 [INFO] Target: 
cat /proc/mtd
dev:    size   erasesize  name
root@GenericOMAP4(FlattenedDeviceTree):~# 
- 09:22:08 [INFO] Host: export IPERFHOST=128.247.105.47
- 09:22:09 [INFO] Target: 
export IPERFHOST=128.247.105.47
root@GenericOMAP4(FlattenedDeviceTree):~# 
- 09:22:09 [INFO] Host: export NFS_SERVER=128.247.105.47
- 09:22:10 [INFO] Target: 
export NFS_SERVER=128.247.105.47
root@GenericOMAP4(FlattenedDeviceTree):~# 
- 09:22:10 [INFO] Host: export NFS_ROOT_PATH=/usr/workdir/filesys/linux/pandavanilla
- 09:22:10 [INFO] Target: 
export NFS_ROOT_PATH=/usr/workdir/file 
sys/linux/pandavanilla
root@GenericOMAP4(FlattenedDeviceTree):~# 
- 09:22:10 [INFO] Host: mkdir -p -m 777 /test
- 09:22:11 [INFO] Target: 
mkdir -p -m 777 /test
root@GenericOMAP4(FlattenedDeviceTree):~# 
- 09:22:11 [INFO] Host: cd /test
- 09:22:12 [INFO] Target: 
cd /test
root@GenericOMAP4(FlattenedDeviceTree):/test# 
- 09:22:12 [INFO] Host: cat > test.sh << EOF
- 09:22:12 [INFO] Target: 
cat > test.sh << EOF
> 
- 09:22:12 [INFO] Host: failtest() {

- 09:22:13 [INFO] Target: 
failtest() {
> 
- 09:22:13 [INFO] Host:   echo 1 >&3

- 09:22:13 [INFO] Target: 
  echo 1 >&3
> 
- 09:22:14 [INFO] Host: }

- 09:22:14 [INFO] Target: 
}
> 
- 09:22:14 [INFO] Host: script=anonymous:anonymous@gtautoftp.gt.design.ti.com/anonymous/opentest/target-test-basic.sh_md5_5d260c597a39e144f6dea1bc54ee8584

- 09:22:24 [ERROR] On command: script=anonymous:anonymous@gtautoftp.gt.design.ti.com/anonymous/opentest/target-test-basic.sh_md5_5d260c597a39e144f6dea1bc54ee8584
 waiting for (?-mix:.*) >>> error: execution expired
- 09:22:24 [INFO] Target: 
script=anonymous:anonymous@gtautoftp.gt.design.ti.com/anonymous/opentest/targe 
t-test-basic.sh_md5_5d260c597a39e144f6dea1bc54ee8584
> 
- 09:22:24 [INFO] Host: timeout=600

- 09:22:25 [INFO] Target: 
timeout=600
> 
- 09:22:25 [INFO] Host: 

- 09:22:26 [INFO] Target: 

> 
- 09:22:26 [INFO] Host: # Start of user's script logic

- 09:22:26 [INFO] Target: 
# Start of user's script logic
> 
- 09:22:26 [INFO] Host: 

- 09:22:27 [INFO] Target: 

> 
- 09:22:27 [INFO] Host: 

- 09:22:27 [INFO] Target: 

> 
- 09:22:27 [INFO] Host: mount -t proc proc /proc 2>/dev/null;

- 09:22:28 [INFO] Target: 
mount -t proc proc /proc 2>/dev/null;
> 
- 09:22:28 [INFO] Host: 

- 09:22:28 [INFO] Target: 

> 
- 09:22:28 [INFO] Host: mount -t sysfs sys /sys 2>/dev/null;

- 09:22:29 [INFO] Target: 
mount -t sysfs sys /sys 2>/dev/null;
> 
- 09:22:29 [INFO] Host: 

- 09:22:30 [INFO] Target: 

> 
- 09:22:30 [INFO] Host: mount -t debugfs none /sys/kernel/debug 2>/dev/null;

- 09:22:30 [INFO] Target: 
mount -t debugfs none /sys/kernel/debug 2>/dev/null;
> 
- 09:22:30 [INFO] Host: 

- 09:22:31 [INFO] Target: 

> 
- 09:22:31 [INFO] Host: echo 'cpuinfo:';cat /proc/cpuinfo; echo '=======';

- 09:22:31 [INFO] Target: 
echo 'cpuinfo:';cat /proc/cpuinfo; echo '=======';
> 
- 09:22:32 [INFO] Host: 

- 09:22:32 [INFO] Target: 

> 
- 09:22:32 [INFO] Host: echo 'soc info:';head /sys/devices/soc0/* 2>/dev/null; echo '=======';

- 09:22:33 [INFO] Target: 
echo 'soc info:';head /sys/devices/soc0/* 2>/dev/null; echo '=======';
> 
- 09:22:33 [INFO] Host: 

- 09:22:33 [INFO] Target: 

> 
- 09:22:33 [INFO] Host: echo 'interrupts:';cat /proc/interrupts; echo '=======';

- 09:22:34 [INFO] Target: 
echo 'interrupts:';cat /proc/interrupts; echo '=======';
> 
- 09:22:34 [INFO] Host: 

- 09:22:34 [INFO] Target: 

> 
- 09:22:34 [INFO] Host: echo 'Clk_summary:';cat /sys/kernel/debug/clk/clk_summary; echo '=======';

- 09:22:35 [INFO] Target: 
echo 'Clk_summary:';cat /sys/kernel/debug/clk/clk_summary; echo '=======';
> 
- 09:22:35 [INFO] Host: 

- 09:22:36 [INFO] Target: 

> 
- 09:22:36 [INFO] Host: echo 'Orphan Clks:';ls /sys/kernel/debug/clk/orphans/; echo '=======';

- 09:22:36 [INFO] Target: 
echo 'Orphan Clks:';ls /sys/kernel/debug/clk/orphans/; echo '=======';
> 
- 09:22:36 [INFO] Host: 

- 09:22:37 [INFO] Target: 

> 
- 09:22:37 [INFO] Host: echo 'H''ello World' 'B''oard Booted';

- 09:22:37 [INFO] Target: 
echo 'H''ello World' 'B''oard Booted';
> 
- 09:22:37 [INFO] Host: 

- 09:22:38 [INFO] Target: 

> 
- 09:22:38 [INFO] Host: EOF
- 09:22:39 [INFO] Target: 
EOF
root@GenericOMAP4(FlattenedDeviceTree):/test# 
- 09:22:39 [INFO] Host: cd /test
- 09:22:39 [INFO] Target: 
cd /test
root@GenericOMAP4(FlattenedDeviceTree):/test# 
- 09:22:39 [INFO] Host: chmod +x test.sh
- 09:22:40 [INFO] Target: 
chmod +x test.sh
root@GenericOMAP4(FlattenedDeviceTree):/test# 
- 09:22:40 [INFO] Host: ./test.sh 2> stderr.log > stdout.log 3> result.log
- 09:22:40 [INFO] Target: 
./test.sh 2> stderr.log > stdout.l 
og 3> result.log
root@GenericOMAP4(FlattenedDeviceTree):/test# 
- 09:22:40 [INFO] Host: echo $?
- 09:22:41 [INFO] Target: 
echo $?
0
root@GenericOMAP4(FlattenedDeviceTree):/test# 
- 09:22:41 [INFO] Host: cd /test
- 09:22:41 [INFO] Target: 
cd /test
root@GenericOMAP4(FlattenedDeviceTree):/test# 
- 09:22:42 [INFO] Host: cat stdout.log
- 09:22:44 [INFO] Target: 
cat stdout.log
cpuinfo:
processor	: 0
model name	: ARMv7 Processor rev 2 (v7l)
Features	: swp half thumb fastmult vfp edsp thumbee neon vfpv3 tls vfpd32 
CPU implementer	: 0x41
CPU architecture: 7
CPU variant	: 0x1
CPU part	: 0xc09
CPU revision	: 2

processor	: 1
model name	: ARMv7 Processor rev 2 (v7l)
Features	: swp half thumb fastmult vfp edsp thumbee neon vfpv3 tls vfpd32 
CPU implementer	: 0x41
CPU architecture: 7
CPU variant	: 0x1
CPU part	: 0xc09
CPU revision	: 2

Hardware	: Generic OMAP4 (Flattened Device Tree)
Revision	: 0000
Serial		: 0000000000000000
=======
soc info:
==> /sys/devices/soc0/family <==
OMAP4

==> /sys/devices/soc0/machine <==
OMAP4430

==> /sys/devices/soc0/power <==

==> /sys/devices/soc0/revision <==
ES2.2

==> /sys/devices/soc0/subsystem <==

==> /sys/devices/soc0/type <==
GP

==> /sys/devices/soc0/uevent <==
=======
interrupts:
           CPU0       CPU1       
 29:       2685       2885       GIC  29  twd
 39:          0          0       GIC  39  TWL6030-PIH
 41:          0          0       GIC  41  l3-dbg-irq
 42:          0          0       GIC  42  l3-app-irq
 44:          0          0       GIC  44  DMA
 45:       2664          0       GIC  45  omap-dma-engine
 52:          0          0       GIC  52  gpmc
 69:          6          0       GIC  69  gp_timer
 88:        221          0       GIC  88  48070000.i2c
 89:          0          0       GIC  89  48072000.i2c
 91:         13          0       GIC  91  mmc1
 93:          0          0       GIC  93  48060000.i2c
 94:          0          0       GIC  94  48350000.i2c
106:       3552          0       GIC 106  OMAP UART2
115:       4805          0       GIC 115  mmc0
151:          0          0       GIC 151  twl6040
363:          0          0      PRCM  pinctrl, pinctrl
418:          0          0   twl6030  11  rtc0
421:          0          0   twl6040   5  twl6040_irq_ready
422:          0          0   twl6040   0  twl6040_irq_th
IPI0:          0          1  CPU wakeup interrupts
IPI1:          0          0  Timer broadcast interrupts
IPI2:       2033       2535  Rescheduling interrupts
IPI3:          0          0  Function call interrupts
IPI4:         60         44  Single function call interrupts
IPI5:          0          0  CPU stop interrupts
IPI6:         80        107  IRQ work interrupts
IPI7:          0          0  completion interrupts
Err:          0
=======
Clk_summary:
   clock                        enable_cnt  prepare_cnt  rate        accuracy
---------------------------------------------------------------------------------
 dummy_ck                       0           0            0          0          
 xclk60motg_ck                  0           0            60000000   0          
 xclk60mhsp2_ck                 0           0            60000000   0          
 xclk60mhsp1_ck                 0           0            60000000   0          
    utmi_p1_gfclk               0           0            60000000   0          
       usb_host_hs_utmi_p1_clk  0           0            60000000   0          
 utmi_phy_clkout_ck             0           1            60000000   0          
    otg_60m_gfclk               0           1            60000000   0          
       usb_otg_hs_xclk          0           1            60000000   0          
 tie_low_clock_ck               0           0            0          0          
 virt_38400000_ck               1           1            38400000   0          
    sys_clkin_ck                6           15           38400000   0          
       auxclk5_src_ck           0           0            38400000   0          
          auxclk5_ck            0           0            38400000   0          
             auxclkreq5_ck      0           0            38400000   0          
       auxclk4_src_ck           0           0            38400000   0          
          auxclk4_ck            0           0            19200000   0          
             auxclkreq4_ck      0           0            19200000   0          
       auxclk3_src_ck           0           0            38400000   0          
          auxclk3_ck            0           0            19200000   0          
             auxclkreq3_ck      0           0            19200000   0          
       auxclk2_src_ck           0           0            38400000   0          
          auxclk2_ck            0           0            38400000   0          
             auxclkreq2_ck      0           0            38400000   0          
       auxclk1_src_ck           0           0            38400000   0          
          auxclk1_ck            0           0            38400000   0          
             auxclkreq1_ck      0           0            38400000   0          
       auxclk0_src_ck           0           0            38400000   0          
          auxclk0_ck            0           0            38400000   0          
             auxclkreq0_ck      0           0            38400000   0          
       cm2_dm9_mux              0           1            38400000   0          
       cm2_dm4_mux              0           1            38400000   0          
       cm2_dm3_mux              0           1            38400000   0          
       cm2_dm2_mux              0           1            38400000   0          
       cm2_dm11_mux             0           1            38400000   0          
       cm2_dm10_mux             0           1            38400000   0          
       dpll_usb_ck              0           1            960000000  0          
          dpll_usb_m2_ck        0           1            480000000  0          
             usb_host_hs_hsic480m_p2_clk 0           0            480000000  0          
             usb_host_hs_hsic480m_p1_clk 0           0            480000000  0          
             init_60m_fclk      0           1            60000000   0          
                usb_tll_hs_usb_ch1_clk 0           0            60000000   0          
                usb_tll_hs_usb_ch0_clk 0           0            60000000   0          
                usb_tll_hs_usb_ch2_clk 0           0            60000000   0          
                usb_host_hs_fck 0           1            60000000   0          
                usb_host_hs_hsic60m_p2_clk 0           0            60000000   0          
                usb_host_hs_hsic60m_p1_clk 0           0            60000000   0          
                usb_host_hs_utmi_p3_clk 0           0            60000000   0          
                utmi_p2_gfclk   0           0            60000000   0          
                   usb_host_hs_utmi_p2_clk 0           0            60000000   0          
          dpll_usb_clkdcoldo_ck 0           0            960000000  0          
       dpll_per_ck              1           2            768000000  0          
          dpll_per_x2_ck        1           3            1536000000 0          
             dpll_per_m7x2_ck   0           0            307200000  0          
             dpll_per_m6x2_ck   0           0            384000000  0          
             dpll_per_m5x2_ck   0           1            170666667  0          
                dss_dss_clk     0           5            170666667  0          
             dpll_per_m4x2_ck   0           1            128000000  0          
                fdif_fck        0           1            128000000  0          
                func_64m_fclk   0           0            64000000   0          
                usim_ck         0           0            9142858    0          
                   usim_fclk    0           0            9142858    0          
             dpll_per_m3x2_ck   0           0            256000000  0          
             dpll_per_m2x2_ck   1           6            192000000  0          
                hsi_fck         0           1            192000000  0          
                func_96m_fclk   0           8            96000000   0          
                   hsmmc2_fclk  0           1            96000000   0          
                   hsmmc1_fclk  0           1            96000000   0          
                   mcbsp4_sync_mux_ck 0           2            96000000   0          
                      per_mcbsp4_gfclk 0           1            96000000   0          
                   iss_ctrlclk  0           1            96000000   0          
                func_48mc_fclk  0           1            48000000   0          
                   usb_host_hs_func48mclk 0           0            48000000   0          
                   usb_host_fs_fck 0           0            48000000   0          
                   dss_48mhz_clk 0           2            48000000   0          
                func_48m_fclk   4           12           48000000   0          
                   ocp2scp_usb_phy_phy_48m 0           1            48000000   0          
                func_24mc_fclk  0           1            24000000   0          
                   slimbus2_fclk_0 0           1            24000000   0          
                func_12m_fclk   0           1            12000000   0          
          dpll_per_m2_ck        0           1            96000000   0          
             func_24m_clk       0           1            24000000   0          
                slimbus1_fclk_1 0           1            24000000   0          
       per_hsd_byp_clk_mux_ck   0           0            38400000   0          
       dpll_mpu_ck              1           1            600000000  0          
          dpll_mpu_m2_ck        1           1            600000000  0          
          mpu_periphclk         0           0            300000000  0          
       dpll_core_ck             2           2            800000000  0          
          dpll_core_x2_ck       1           2            1600000000 0          
             dpll_core_m7x2_ck  0           1            320000000  0          
                sgx_clk_mux     0           1            320000000  0          
             dpll_core_m3x2_ck  0           0            320000000  0          
             dpll_core_m4x2_ck  0           0            200000000  0          
                dll_clk_div_ck  0           0            100000000  0          
             dpll_core_m5x2_ck  1           1            400000000  0          
                div_mpu_hs_clk  0           0            400000000  0          
                div_iva_hs_clk  0           0            400000000  0          
                div_core_ck     1           2            400000000  0          
                   ducati_clk_mux_ck 0           3            400000000  0          
                   l3_div_ck    41          43           200000000  0          
                      usb_otg_hs_ick 0           1            200000000  0          
                      sha2md5_fck 0           0            200000000  0          
                      dss_fck   7           8            200000000  0          
                      aes2_fck  0           0            200000000  0          
                      aes1_fck  0           0            200000000  0          
                      l4_div_ck 63          67           100000000  0          
                         usb_tll_hs_ick 0           1            100000000  0          
             dpll_core_m6x2_ck  0           0            266666667  0          
          dpll_core_m2_ck       1           1            800000000  0          
             ddrphy_ck          2           2            400000000  0          
       pmd_trace_clk_mux_ck     0           1            38400000   0          
          trace_clk_div_div_ck  0           1            38400000   0          
             trace_clk_div_ck   0           1            38400000   0          
       pmd_stm_clock_mux_ck     0           0            38400000   0          
          stm_clk_div_ck        0           0            19200000   0          
       syc_clk_div_ck           0           5            38400000   0          
          dss_sys_clk           0           4            38400000   0          
          timer5_sync_mux       0           1            38400000   0          
          timer6_sync_mux       0           1            38400000   0          
          timer7_sync_mux       0           1            38400000   0          
          timer8_sync_mux       0           1            38400000   0          
       l4_wkup_clk_mux_ck       11          14           38400000   0          
          smartreflex_mpu_fck   0           1            38400000   0          
          smartreflex_iva_fck   0           1            38400000   0          
          smartreflex_core_fck  0           1            38400000   0          
       dbgclk_mux_ck            1           1            38400000   0          
       abe_dpll_bypass_clk_mux_ck 0           0            38400000   0          
       core_hsd_byp_clk_mux_ck  0           0            38400000   0          
       iva_hsd_byp_clk_mux_ck   1           1            38400000   0          
          dpll_iva_ck           1           1            38400000   0          
             dpll_iva_x2_ck     1           2            38400000   0          
                dpll_iva_m5x2_ck 1           2            9600000    0          
                dpll_iva_m4x2_ck 0           2            9600000    0          
 virt_27000000_ck               0           0            27000000   0          
 virt_26000000_ck               0           0            26000000   0          
 virt_19200000_ck               0           0            19200000   0          
 virt_16800000_ck               0           0            16800000   0          
 virt_13000000_ck               0           0            13000000   0          
 virt_12000000_ck               0           0            12000000   0          
 sys_32k_ck                     4           14           32768      0          
    usb_phy_cm_clk32k           0           1            32768      0          
    gpio6_dbclk                 0           1            32768      0          
    gpio5_dbclk                 0           1            32768      0          
    gpio4_dbclk                 0           1            32768      0          
    gpio3_dbclk                 0           1            32768      0          
    gpio2_dbclk                 0           1            32768      0          
    bandgap_fclk                1           1            32768      0          
    dmt1_clk_mux                1           1            32768      0          
    gpio1_dbclk                 0           1            32768      0          
    abe_dpll_refclk_mux_ck      1           1            32768      0          
       dpll_abe_ck              1           2            98304000   0          
          dpll_abe_x2_ck        1           1            196608000  0          
             dpll_abe_m3x2_ck   0           0            98304000   0          
                usb_hs_clk_div_ck 0           0            32768000   0          
                per_hs_clk_div_ck 0           0            49152000   0          
             dpll_abe_m2x2_ck   1           2            98304000   0          
                lp_clk_div_ck   0           0            6144000    0          
                abe_clk         1           1            98304000   0          
                   aess_fclk    1           2            98304000   0          
                      ocp_abe_iclk 29          29           49152000   0          
                abe_24m_fclk    0           6            12288000   0          
                   slimbus1_fclk_0 0           1            12288000   0          
                   mcbsp3_sync_mux_ck 0           2            12288000   0          
                      func_mcbsp3_gfclk 0           1            12288000   0          
                   mcbsp2_sync_mux_ck 0           2            12288000   0          
                      func_mcbsp2_gfclk 0           1            12288000   0          
                   mcbsp1_sync_mux_ck 0           2            12288000   0          
                      func_mcbsp1_gfclk 0           1            12288000   0          
                   mcasp_sync_mux_ck 0           1            12288000   0          
                      func_mcasp_abe_gfclk 0           1            12288000   0          
                   dmic_sync_mux_ck 0           1            12288000   0          
                      func_dmic_abe_gfclk 0           1            12288000   0          
          dpll_abe_m2_ck        0           1            98304000   0          
             per_abe_nc_fclk    0           0            98304000   0          
             per_abe_24m_fclk   0           1            24576000   0          
                slimbus2_fclk_1 0           1            24576000   0          
 slimbus_src_clk                0           1            12000000   0          
    slimbus_clk                 0           1            12000000   0          
       slimbus1_slimbus_clk     0           1            12000000   0          
 secure_32k_clk_src_ck          0           0            32768      0          
 pad_slimbus_core_clks_ck       0           1            12000000   0          
    slimbus2_slimbus_clk        0           1            12000000   0          
 pad_clks_src_ck                0           1            12000000   0          
    pad_clks_ck                 0           6            12000000   0          
       slimbus1_fclk_2          0           1            12000000   0          
 extalt_clkin_ck                0           1            59000000   0          
    dss_tv_clk                  0           2            59000000   0          
=======
Orphan Clks:
=======
Hello World Board Booted
root@GenericOMAP4(FlattenedDeviceTree):/test# 
- 09:22:44 [INFO] Host: cat stderr.log
- 09:22:44 [INFO] Target: 
cat stderr.log
root@GenericOMAP4(FlattenedDeviceTree):/test# 
- 09:22:44 [INFO] Host: cat result.log
- 09:22:46 [ERROR] On command: cat result.log waiting for (?m-ix:^1[\0\n\r]+) >>> error: execution expired
- 09:22:46 [INFO] Target: 
cat result.log
root@GenericOMAP4(FlattenedDeviceTree):/test# 
- 09:22:47 [INFO] Host: cd /test
- 09:22:47 [INFO] Target: 
cd /test
root@GenericOMAP4(FlattenedDeviceTree):/test# 
