- 05:42:28 [INFO] Starting target session
- 05:42:29 [INFO] Connected to pandaboard-es via serial 
- 05:42:29 [INFO] Host: #check prompt
- 05:42:32 [ERROR] On command: #check prompt waiting for #check prompt.+?(?-mix:((?-mix:.*\s+login)|[Pp]assword)) >>> error: execution expired
- 05:42:32 [INFO] Target: 
#check prompt
root@GenericOMAP4(FlattenedDeviceTree):/test# 
- 05:42:32 [INFO] Host: #check prompt
- 05:42:33 [INFO] Target: 
#check prompt
root@GenericOMAP4(FlattenedDeviceTree):/test# 
- 05:42:33 [INFO] Host: sync;poweroff
- 05:42:50 [INFO] Target: 
sync;poweroff
Broadcast message from root@GenericOMAP4(FlattenedDeviceTree) (ttyO2) (Sat Au
The system is going down for system halt NOW!
root@GenericOMAP4(FlattenedDeviceTree):/test# 
INIT: Sending processes the TERM signal
INIT: Sending procStopping Dropbear SSH server: stopped /usr/sbin/dropbear (pid 593)
dropbear.
Stopping telnet daemon.
Stopping system message bus: hwclock: can't open '/dev/misc/rtc': No such file or directory
Error opening /dev/fb0: No such file or directory
Stopping syslogd/klogd: stopped syslogd (pid 605)
stopped klogd (pid 607)
done
Stopping thttpd.
ALSA: Storing mixer settings...
/usr/sbin/alsactl: save_state:1580: No soundcards found...
Deconfiguring network interfaces... ifdown: interface eth0 not configured
done.
Stopping Lighttpd Web Server: stopped /usr/sbin/lighttpd (pid 618)
lighttpd.
***************************************************************
***************************************************************
NOTICE: This file system contains the followin GPLv3 packages:
	binutils-symlinks
	binutils
	gdbserver
	parted
If you do not wish to distribute GPLv3 components please remove
the above packages prior to distribution.  This can be done using
the opkg remove command.  i.e.:
    opkg remove <package>
Where <package> is the name printed in the list above
NOTE: If the package is a dependency of another package you
      will be notified of the dependent packages.  You should
      use the --force-removal-of-dependent-packages option to
      also remove the dependent packages as well
***************************************************************
***************************************************************
Sending all processes the TERM signal...
Sending all processes the KILL signal...
Unmounting remote filesystems...
Deactivating swap...
Unmounting local filesystems...
[45293.369262] reboot: System halted
- 05:42:50 [INFO] Disconnected serial from pandaboard-es
- 05:43:23 [INFO] Connected to pandaboard-es via serial 
- 05:43:23 [INFO] Host: 
- 05:43:23 [INFO] Target: 
  0 
U-Boot# 
- 05:43:23 [INFO] Host: 
- 05:43:24 [INFO] Target: 
U-Boot# 
- 05:43:24 [INFO] Host: version
- 05:43:24 [INFO] Target: 
version
U-Boot 2014.04-00069-g53b0d70 (Apr 22 2014 - 14:39:57)
arm-linux-gnueabi-gcc (Ubuntu/Linaro 4.6.3-1ubuntu5) 4.6.3
GNU ld (GNU Binutils for Ubuntu) 2.22
U-Boot# 
- 05:43:25 [INFO] Host: setenv bootargs 'console=ttyO2,115200n8 vram=16M earlyprintk rootwait '
- 05:43:25 [INFO] Target: 
setenv bootargs 'console=ttyO2,115200n8 vram=16M earlyprintk rootwait '
U-Boot# 
- 05:43:25 [INFO] Host: setenv bootcmd  ''
- 05:43:26 [INFO] Target: 
setenv bootcmd  ''
U-Boot# 
- 05:43:26 [INFO] Host: setenv autoload 'no'
- 05:43:26 [INFO] Target: 
setenv autoload 'no'
U-Boot# 
- 05:43:26 [INFO] Host: setenv serverip '192.168.1.254'
- 05:43:27 [INFO] Target: 
setenv serverip '192.168.1.254'
U-Boot# 
- 05:43:27 [INFO] Host: printenv
- 05:43:27 [INFO] Target: 
printenv
arch=arm
autoload=no
baudrate=115200
board=panda
board_name=panda-es
bootargs=console=ttyO2,115200n8 vram=16M earlyprintk rootwait 
bootcmd=
bootdelay=1
bootdir=/boot
bootfile=zImage
bootm_size=0x08000000
bootpart=0:2
bootscript=echo Running bootscript from mmc${mmcdev} ...; source ${loadaddr}
console=ttyO2,115200n8
cpu=armv7
fdt_addr_r=0x88000000
fdtaddr=0x88000000
fdtfile=undefined
findfdt=if test $board_name = sdp4430; then setenv fdtfile omap4-sdp.dtb; fi; if test $board_name = panda; then setenv fdtfile omap4-panda.dtb; fi;if test $board_name = panda-a4; then setenv fdtfile omap4-panda-a4.dtb; fi;if test $board_name = panda-es; then setenv fdtfile omap4-panda-es.dtb; fi;if test $fdtfile = undefined; then echo WARNING: Could not determine device tree to use; fi; 
importbootenv=echo Importing environment from mmc${mmcdev} ...; env import -t ${loadaddr} ${filesize}
kernel_addr_r=0x82000000
loadaddr=0x82000000
loadbootenv=fatload mmc ${mmcdev} ${loadaddr} uEnv.txt
loadbootscript=fatload mmc ${mmcdev} ${loadaddr} boot.scr
loadfdt=load mmc ${bootpart} ${fdtaddr} ${bootdir}/${fdtfile}
loadimage=load mmc ${bootpart} ${loadaddr} ${bootdir}/${bootfile}
mmcargs=setenv bootargs console=${console} vram=${vram} root=${mmcroot} rootfstype=${mmcrootfstype}
mmcboot=echo Booting from mmc${mmcdev} ...; run mmcargs; bootz ${loadaddr} - ${fdtaddr}
mmcdev=0
mmcroot=/dev/mmcblk0p2 rw
mmcrootfstype=ext3 rootwait
ramdisk_addr_r=0x88080000
rdaddr=0x88080000
serverip=192.168.1.254
soc=omap4
usbethaddr=02:22:01:50:0e:50
usbtty=cdc_acm
vendor=ti
ver=U-Boot 2014.04-00069-g53b0d70 (Apr 22 2014 - 14:39:57)
vram=16M
Environment size: 1697/131068 bytes
U-Boot# 
- 05:43:27 [INFO] Host: dcache off
- 05:43:28 [INFO] Target: 
dcache off
Unknown command 'dcache' - try 'help'
U-Boot# 
- 05:43:28 [INFO] Host: setenv usbethaddr 2E:60:05:CC:46:01
- 05:43:28 [INFO] Target: 
setenv usbethaddr 2E:60:05:CC:46:01
U-Boot# 
- 05:43:28 [INFO] Host: usb start
- 05:43:31 [INFO] Target: 
usb start
(Re)start USB...
USB0:   USB EHCI 1.00
scanning bus 0 for devices... 3 USB Device(s) found
       scanning usb for storage devices... 0 Storage Device(s) found
       scanning usb for ethernet devices... 1 Ethernet Device(s) found
U-Boot# 
- 05:43:31 [INFO] Host: printenv
- 05:43:31 [INFO] Target: 
printenv
arch=arm
autoload=no
baudrate=115200
board=panda
board_name=panda-es
bootargs=console=ttyO2,115200n8 vram=16M earlyprintk rootwait 
bootcmd=
bootdelay=1
bootdir=/boot
bootfile=zImage
bootm_size=0x08000000
bootpart=0:2
bootscript=echo Running bootscript from mmc${mmcdev} ...; source ${loadaddr}
console=ttyO2,115200n8
cpu=armv7
ethact=sms0
fdt_addr_r=0x88000000
fdtaddr=0x88000000
fdtfile=undefined
findfdt=if test $board_name = sdp4430; then setenv fdtfile omap4-sdp.dtb; fi; if test $board_name = panda; then setenv fdtfile omap4-panda.dtb; fi;if test $board_name = panda-a4; then setenv fdtfile omap4-panda-a4.dtb; fi;if test $board_name = panda-es; then setenv fdtfile omap4-panda-es.dtb; fi;if test $fdtfile = undefined; then echo WARNING: Could not determine device tree to use; fi; 
importbootenv=echo Importing environment from mmc${mmcdev} ...; env import -t ${loadaddr} ${filesize}
kernel_addr_r=0x82000000
loadaddr=0x82000000
loadbootenv=fatload mmc ${mmcdev} ${loadaddr} uEnv.txt
loadbootscript=fatload mmc ${mmcdev} ${loadaddr} boot.scr
loadfdt=load mmc ${bootpart} ${fdtaddr} ${bootdir}/${fdtfile}
loadimage=load mmc ${bootpart} ${loadaddr} ${bootdir}/${bootfile}
mmcargs=setenv bootargs console=${console} vram=${vram} root=${mmcroot} rootfstype=${mmcrootfstype}
mmcboot=echo Booting from mmc${mmcdev} ...; run mmcargs; bootz ${loadaddr} - ${fdtaddr}
mmcdev=0
mmcroot=/dev/mmcblk0p2 rw
mmcrootfstype=ext3 rootwait
ramdisk_addr_r=0x88080000
rdaddr=0x88080000
serverip=192.168.1.254
soc=omap4
usbethaddr=2E:60:05:CC:46:01
usbtty=cdc_acm
vendor=ti
ver=U-Boot 2014.04-00069-g53b0d70 (Apr 22 2014 - 14:39:57)
vram=16M
Environment size: 1711/131068 bytes
U-Boot# 
- 05:43:31 [INFO] Host: setenv bootargs ''${bootargs}' ip=dhcp '
- 05:43:32 [INFO] Target: 
setenv bootargs ''${bootargs}' ip=dhcp '
U-Boot# 
- 05:43:32 [INFO] Host: setenv serverip '192.168.1.254'
- 05:43:32 [INFO] Target: 
setenv serverip '192.168.1.254'
U-Boot# 
- 05:43:32 [INFO] Host: setenv ipaddr dhcp
- 05:43:33 [INFO] Target: 
setenv ipaddr dhcp
U-Boot# 
- 05:43:33 [INFO] Host: setenv autoload 'no'
- 05:43:33 [INFO] Target: 
setenv autoload 'no'
U-Boot# 
- 05:43:33 [INFO] Host: dhcp
- 05:43:36 [INFO] Target: 
dhcp
Waiting for Ethernet connection... done.
BOOTP broadcast 1
DHCP client bound to address 192.168.1.169
U-Boot# 
- 05:43:36 [INFO] Host: setenv serverip '192.168.1.254'
- 05:43:37 [INFO] Target: 
setenv serverip '192.168.1.254'
U-Boot# 
- 05:43:37 [INFO] Host: tftp ${loadaddr} 192.168.1.254:vatf_3/81cd6beba866e22a436da040e83ae4c2
- 05:43:40 [INFO] Target: 
tftp ${loadaddr} 192.168.1.254:vatf_3/81cd6beba866e22a436da040e83ae4c2
Waiting for Ethernet connection... done.
Using sms0 device
TFTP from server 192.168.1.254; our IP address is 192.168.1.169
Filename 'vatf_3/81cd6beba866e22a436da040e83ae4c2'.
Load address: 0x82000000
Loading: *#################################################################
	 #################################################################
	 #################################################################
	 #################################################################
	 ############################################
	 2.8 MiB/s
done
Bytes transferred = 4457840 (440570 hex)
U-Boot# 
- 05:43:40 [INFO] Host: tftp ${fdt_addr_r} 192.168.1.254:vatf_3/0fdfd3bf2f92f2d0b5c5d818a3958c92
- 05:43:42 [INFO] Target: 
tftp ${fdt_addr_r} 192.168.1.254:vatf_3/0fdfd3bf2f92f2d0b5c5d818a3958c92
Waiting for Ethernet connection... done.
Using sms0 device
TFTP from server 192.168.1.254; our IP address is 192.168.1.169
Filename 'vatf_3/0fdfd3bf2f92f2d0b5c5d818a3958c92'.
Load address: 0x88000000
Loading: *####
	 2.7 MiB/s
done
Bytes transferred = 56078 (db0e hex)
U-Boot# 
- 05:43:42 [INFO] Host: ls mmc 0:1
- 05:43:43 [INFO] Target: 
ls mmc 0:1
    33508   mlo 
   208700   u-boot.img 
            images/
        4   ws-calibrate.rules 
3 file(s), 1 dir(s)
U-Boot# 
- 05:43:43 [INFO] Host: ls mmc 0:2
- 05:43:43 [INFO] Target: 
ls mmc 0:2
<DIR>       4096 .
<DIR>       4096 ..
<DIR>       4096 bin
<DIR>       4096 boot
<SYM>         37 cpufreq
<SYM>         37 cpuidle
<DIR>       4096 dev
<DIR>       4096 etc
<DIR>       4096 home
<DIR>       4096 lib
<DIR>       4096 media
<DIR>       4096 mnt
<DIR>       4096 opt
<DIR>       4096 proc
<SYM>          8 run
<DIR>       4096 sbin
<DIR>       4096 srv
<DIR>       4096 sys
<SYM>          8 tmp
              14 .ash_history
<DIR>       4096 usr
<DIR>       4096 var
<DIR>       4096 www
<DIR>       4096 test
U-Boot# 
- 05:43:43 [INFO] Host: part uuid mmc 0:2
- 05:43:44 [INFO] Target: 
part uuid mmc 0:2
Unknown command 'part' - try 'help'
U-Boot# 
- 05:43:44 [INFO] Host: printenv
- 05:43:44 [INFO] Target: 
printenv
arch=arm
autoload=no
baudrate=115200
board=panda
board_name=panda-es
bootargs=console=ttyO2,115200n8 vram=16M earlyprintk rootwait  ip=dhcp 
bootcmd=
bootdelay=1
bootdir=/boot
bootfile=zImage
bootm_size=0x08000000
bootpart=0:2
bootscript=echo Running bootscript from mmc${mmcdev} ...; source ${loadaddr}
console=ttyO2,115200n8
cpu=armv7
dnsip=192.0.2.2
ethact=sms0
fdt_addr_r=0x88000000
fdtaddr=0x88000000
fdtfile=undefined
fileaddr=88000000
filesize=db0e
findfdt=if test $board_name = sdp4430; then setenv fdtfile omap4-sdp.dtb; fi; if test $board_name = panda; then setenv fdtfile omap4-panda.dtb; fi;if test $board_name = panda-a4; then setenv fdtfile omap4-panda-a4.dtb; fi;if test $board_name = panda-es; then setenv fdtfile omap4-panda-es.dtb; fi;if test $fdtfile = undefined; then echo WARNING: Could not determine device tree to use; fi; 
gatewayip=192.168.1.254
importbootenv=echo Importing environment from mmc${mmcdev} ...; env import -t ${loadaddr} ${filesize}
ipaddr=192.168.1.169
kernel_addr_r=0x82000000
loadaddr=0x82000000
loadbootenv=fatload mmc ${mmcdev} ${loadaddr} uEnv.txt
loadbootscript=fatload mmc ${mmcdev} ${loadaddr} boot.scr
loadfdt=load mmc ${bootpart} ${fdtaddr} ${bootdir}/${fdtfile}
loadimage=load mmc ${bootpart} ${loadaddr} ${bootdir}/${bootfile}
mmcargs=setenv bootargs console=${console} vram=${vram} root=${mmcroot} rootfstype=${mmcrootfstype}
mmcboot=echo Booting from mmc${mmcdev} ...; run mmcargs; bootz ${loadaddr} - ${fdtaddr}
mmcdev=0
mmcroot=/dev/mmcblk0p2 rw
mmcrootfstype=ext3 rootwait
netmask=255.255.255.0
ramdisk_addr_r=0x88080000
rdaddr=0x88080000
serverip=192.168.1.254
soc=omap4
usbethaddr=2E:60:05:CC:46:01
usbtty=cdc_acm
vendor=ti
ver=U-Boot 2014.04-00069-g53b0d70 (Apr 22 2014 - 14:39:57)
vram=16M
Environment size: 1847/131068 bytes
U-Boot# 
- 05:43:44 [INFO] Host: setenv bootargs ''${bootargs}' root=/dev/mmcblk0p2 rw rootfstype=ext3 rootwait '
- 05:43:45 [INFO] Target: 
setenv bootargs ''${bootargs}' root=/dev/mmcblk0p2 rw rootfstype=ext3 rootwait '
U-Boot# 
- 05:43:45 [INFO] Host: printenv
- 05:43:45 [INFO] Target: 
printenv
arch=arm
autoload=no
baudrate=115200
board=panda
board_name=panda-es
bootargs=console=ttyO2,115200n8 vram=16M earlyprintk rootwait  ip=dhcp  root=/dev/mmcblk0p2 rw rootfstype=ext3 rootwait 
bootcmd=
bootdelay=1
bootdir=/boot
bootfile=zImage
bootm_size=0x08000000
bootpart=0:2
bootscript=echo Running bootscript from mmc${mmcdev} ...; source ${loadaddr}
console=ttyO2,115200n8
cpu=armv7
dnsip=192.0.2.2
ethact=sms0
fdt_addr_r=0x88000000
fdtaddr=0x88000000
fdtfile=undefined
fileaddr=88000000
filesize=db0e
findfdt=if test $board_name = sdp4430; then setenv fdtfile omap4-sdp.dtb; fi; if test $board_name = panda; then setenv fdtfile omap4-panda.dtb; fi;if test $board_name = panda-a4; then setenv fdtfile omap4-panda-a4.dtb; fi;if test $board_name = panda-es; then setenv fdtfile omap4-panda-es.dtb; fi;if test $fdtfile = undefined; then echo WARNING: Could not determine device tree to use; fi; 
gatewayip=192.168.1.254
importbootenv=echo Importing environment from mmc${mmcdev} ...; env import -t ${loadaddr} ${filesize}
ipaddr=192.168.1.169
kernel_addr_r=0x82000000
loadaddr=0x82000000
loadbootenv=fatload mmc ${mmcdev} ${loadaddr} uEnv.txt
loadbootscript=fatload mmc ${mmcdev} ${loadaddr} boot.scr
loadfdt=load mmc ${bootpart} ${fdtaddr} ${bootdir}/${fdtfile}
loadimage=load mmc ${bootpart} ${loadaddr} ${bootdir}/${bootfile}
mmcargs=setenv bootargs console=${console} vram=${vram} root=${mmcroot} rootfstype=${mmcrootfstype}
mmcboot=echo Booting from mmc${mmcdev} ...; run mmcargs; bootz ${loadaddr} - ${fdtaddr}
mmcdev=0
mmcroot=/dev/mmcblk0p2 rw
mmcrootfstype=ext3 rootwait
netmask=255.255.255.0
ramdisk_addr_r=0x88080000
rdaddr=0x88080000
serverip=192.168.1.254
soc=omap4
usbethaddr=2E:60:05:CC:46:01
usbtty=cdc_acm
vendor=ti
ver=U-Boot 2014.04-00069-g53b0d70 (Apr 22 2014 - 14:39:57)
vram=16M
Environment size: 1896/131068 bytes
U-Boot# 
- 05:43:45 [INFO] Host: setenv bootcmd ''${bootcmd}' if iminfo ${loadaddr}; then bootm ${loadaddr} - ${fdt_addr_r}; else bootz ${loadaddr} - ${fdt_addr_r}; bootm ${loadaddr} - ${fdt_addr_r}; fi'
- 05:43:46 [INFO] Target: 
setenv bootcmd ''${bootcmd}' if iminfo ${loadaddr}; then bootm ${loadaddr} - ${fdt_addr_r}; else bootz ${loadaddr} - ${fdt_addr_r}; bootm ${loadaddr} - ${fdt_addr_r}; fi'
U-Boot# 
- 05:43:46 [INFO] Host: bdinfo
- 05:43:46 [INFO] Target: 
bdinfo
arch_number = 0x00000AE7
boot_params = 0x80000100
DRAM bank   = 0x00000000
-> start    = 0x80000000
-> size     = 0x40000000
eth0name    = sms0
ethaddr     = (not set)
current eth = sms0
ip_addr     = 192.168.1.169
baudrate    = 115200 bps
TLB addr    = 0xBFFF0000
relocaddr   = 0xBFF79000
reloc off   = 0x3F779000
irq_sp      = 0xBFE58EE0
sp start    = 0xBFE58ED0
U-Boot# 
- 05:43:46 [INFO] Host: mmc rescan
- 05:43:47 [INFO] Target: 
mmc rescan
U-Boot# 
- 05:43:47 [INFO] Host: fatwrite mmc ${mmcdev}:1 ${loadaddr} ws-calibrate.rules 4
- 05:43:47 [INFO] Target: 
fatwrite mmc ${mmcdev}:1 ${loadaddr} ws-calibrate.rules 4
writing ws-calibrate.rules
4 bytes written
U-Boot# 
- 05:43:47 [INFO] Host: boot
- 05:45:34 [INFO] Target: 
boot
## Checking Image at 82000000 ...
Unknown image format!
Kernel image @ 0x82000000 [ 0x000000 - 0x440570 ]
## Flattened Device Tree blob at 88000000
   Booting using the fdt blob at 0x88000000
   Loading Device Tree to 87fef000, end 87fffb0d ... OK
Starting kernel ...
[    0.000000] Booting Linux on physical CPU 0x0
[    0.000000] Initializing cgroup subsys cpuset
[    0.000000] Initializing cgroup subsys cpu
[    0.000000] Initializing cgroup subsys cpuacct
[    0.000000] Linux version 3.19.0-rc5-next-20150121-00002-gec64530e4d74 (nmenon@kahuna) (gcc version 4.6.3 (Ubuntu/Linaro 4.6.3-1ubuntu5) ) #1 SMP Wed Jan 21 05:38:59 CST 2015
[    0.000000] CPU: ARMv7 Processor [412fc09a] revision 10 (ARMv7), cr=10c5387d
[    0.000000] CPU: PIPT / VIPT nonaliasing data cache, VIPT aliasing instruction cache
[    0.000000] Machine model: TI OMAP4 PandaBoard-ES
[    0.000000] cma: Reserved 16 MiB at 0xbe800000
[    0.000000] Memory policy: Data cache writealloc
[    0.000000] OMAP4460 ES1.1
[    0.000000] PERCPU: Embedded 12 pages/cpu @eee9a000 s19392 r8192 d21568 u49152
[    0.000000] Built 1 zonelists in Zone order, mobility grouping on.  Total pages: 260178
[    0.000000] Kernel command line: console=ttyO2,115200n8 vram=16M earlyprintk rootwait  ip=dhcp  root=/dev/mmcblk0p2 rw rootfstype=ext3 rootwait 
[    0.000000] PID hash table entries: 4096 (order: 2, 16384 bytes)
[    0.000000] Dentry cache hash table entries: 131072 (order: 7, 524288 bytes)
[    0.000000] Inode-cache hash table entries: 65536 (order: 6, 262144 bytes)
[    0.000000] Memory: 1003308K/1047552K available (5858K kernel code, 625K rwdata, 2244K rodata, 432K init, 8220K bss, 27860K reserved, 16384K cma-reserved, 252928K highmem)
[    0.000000] Virtual kernel memory layout:
[    0.000000]     vector  : 0xffff0000 - 0xffff1000   (   4 kB)
[    0.000000]     fixmap  : 0xffc00000 - 0xfff00000   (3072 kB)
[    0.000000]     vmalloc : 0xf0000000 - 0xff000000   ( 240 MB)
[    0.000000]     lowmem  : 0xc0000000 - 0xef800000   ( 760 MB)
[    0.000000]     pkmap   : 0xbfe00000 - 0xc0000000   (   2 MB)
[    0.000000]     modules : 0xbf000000 - 0xbfe00000   (  14 MB)
[    0.000000]       .text : 0xc0008000 - 0xc07f1b78   (8103 kB)
[    0.000000]       .init : 0xc07f2000 - 0xc085e000   ( 432 kB)
[    0.000000]       .data : 0xc085e000 - 0xc08fa7e8   ( 626 kB)
[    0.000000]        .bss : 0xc08fa7e8 - 0xc11019c8   (8221 kB)
[    0.000000] Hierarchical RCU implementation.
[    0.000000] 	Additional per-CPU info printed with stalls.
[    0.000000] NR_IRQS:16 nr_irqs:16 16
[    0.000000] L2C: platform modifies aux control register: 0x0e070000 -> 0x3e470000
[    0.000000] L2C: DT/platform modifies aux control register: 0x0e070000 -> 0x3e470000
[    0.000000] L2C-310 enabling early BRESP for Cortex-A9
[    0.000000] OMAP L2C310: ROM does not support power control setting
[    0.000000] L2C-310 ID prefetch enabled, offset 1 lines
[    0.000000] L2C-310 dynamic clock gating disabled, standby mode disabled
[    0.000000] L2C-310 cache controller enabled, 16 ways, 1024 kB
[    0.000000] L2C-310: CACHE_ID 0x410000c7, AUX_CTRL 0x7e470000
[    0.000000] ti_dt_clocks_register: failed to lookup clock node dss_fck
[    0.000000] ti_dt_clocks_register: failed to lookup clock node dss_fck
[    0.000000] ti_dt_clocks_register: failed to lookup clock node bandgap_fclk
[    0.000000] OMAP clockevent source: timer1 at 32768 Hz
[    0.000000] sched_clock: 32 bits at 32kHz, resolution 30517ns, wraps every 65536000000000ns
[    0.000030] OMAP clocksource: 32k_counter at 32768 Hz
[    0.001831] Console: colour dummy device 80x30
[    0.001892] Lock dependency validator: Copyright (c) 2006 Red Hat, Inc., Ingo Molnar
[    0.001892] ... MAX_LOCKDEP_SUBCLASSES:  8
[    0.001892] ... MAX_LOCK_DEPTH:          48
[    0.001922] ... MAX_LOCKDEP_KEYS:        8191
[    0.001922] ... CLASSHASH_SIZE:          4096
[    0.001922] ... MAX_LOCKDEP_ENTRIES:     32768
[    0.001922] ... MAX_LOCKDEP_CHAINS:      65536
[    0.001953] ... CHAINHASH_SIZE:          32768
[    0.001953]  memory used by lock dependency info: 5167 kB
[    0.001953]  per task-struct memory footprint: 1152 bytes
[    0.001983] Calibrating delay loop... 1397.55 BogoMIPS (lpj=6987776)
[    0.080322] pid_max: default: 32768 minimum: 301
[    0.080688] Security Framework initialized
[    0.080841] Mount-cache hash table entries: 2048 (order: 1, 8192 bytes)
[    0.080871] Mountpoint-cache hash table entries: 2048 (order: 1, 8192 bytes)
[    0.083618] Initializing cgroup subsys blkio
[    0.083648] Initializing cgroup subsys memory
[    0.083740] Initializing cgroup subsys devices
[    0.083831] Initializing cgroup subsys freezer
[    0.083953] Initializing cgroup subsys perf_event
[    0.084014] CPU: Testing write buffer coherency: ok
[    0.085174] CPU0: thread -1, cpu 0, socket 0, mpidr 80000000
[    0.085266] Setting up static identity map for 0x8058dca0 - 0x8058dd10
[    0.180297] CPU1: thread -1, cpu 1, socket 0, mpidr 80000001
[    0.180999] Brought up 2 CPUs
[    0.181030] SMP: Total of 2 processors activated (2795.11 BogoMIPS).
[    0.181030] CPU: All CPU(s) started in SVC mode.
[    0.183837] devtmpfs: initialized
[    0.185699] VFP support v0.3: implementor 41 architecture 3 part 30 variant 9 rev 4
[    0.190002] omap_hwmod: l3_main_3 using broken dt data from ocp
[    0.194091] omap_hwmod: l3_main_2 using broken dt data from ocp
[    0.361022] pinctrl core: initialized pinctrl subsystem
[    0.416809] NET: Registered protocol family 16
[    0.423187] DMA: preallocated 256 KiB pool for atomic coherent allocations
[    0.450378] cpuidle: using governor ladder
[    0.480346] cpuidle: using governor menu
[    0.490997] OMAP GPIO hardware version 0.1
[    0.500396] omap-gpmc 50000000.gpmc: GPMC revision 6.0
[    0.501342] irq: no irq domain found for /ocp/pinmux@4a100040 !
[    0.501922] irq: no irq domain found for /ocp/pinmux@4a100040 !
[    0.502502] irq: no irq domain found for /ocp/pinmux@4a100040 !
[    0.521575] platform 4b501000.aes: Cannot lookup hwmod 'aes'
[    0.522033] platform 480a5000.des: Cannot lookup hwmod 'des'
[    0.530456] No ATAGs?
[    0.530548] hw-breakpoint: found 5 (+1 reserved) breakpoint and 1 watchpoint registers.
[    0.530548] hw-breakpoint: maximum watchpoint size is 4 bytes.
[    0.533233] OMAP DMA hardware revision 0.0
[    0.607147] omap-dma-engine 4a056000.dma-controller: OMAP DMA engine driver
[    0.680847] reg-fixed-voltage wl12xx_vmmc: could not find pctldev for node /ocp/pinmux@4a100040/pinmux_wl12xx_gpio, deferring probe
[    0.680877] platform wl12xx_vmmc: Driver reg-fixed-voltage requests probe deferral
[    0.684875] SCSI subsystem initialized
[    0.686218] usb_phy_generic hsusb1_phy: Error requesting RESET GPIO
[    0.686279] usb_phy_generic: probe of hsusb1_phy failed with error -2
[    0.686737] omap_i2c 48070000.i2c: could not find pctldev for node /ocp/pinmux@4a100040/pinmux_i2c1_pins, deferring probe
[    0.686767] platform 48070000.i2c: Driver omap_i2c requests probe deferral
[    0.686859] omap_i2c 48072000.i2c: could not find pctldev for node /ocp/pinmux@4a100040/pinmux_i2c2_pins, deferring probe
[    0.686889] platform 48072000.i2c: Driver omap_i2c requests probe deferral
[    0.686950] omap_i2c 48060000.i2c: could not find pctldev for node /ocp/pinmux@4a100040/pinmux_i2c3_pins, deferring probe
[    0.686981] platform 48060000.i2c: Driver omap_i2c requests probe deferral
[    0.687042] omap_i2c 48350000.i2c: could not find pctldev for node /ocp/pinmux@4a100040/pinmux_i2c4_pins, deferring probe
[    0.687072] platform 48350000.i2c: Driver omap_i2c requests probe deferral
[    0.691162] Switched to clocksource 32k_counter
[    0.832489] NET: Registered protocol family 2
[    0.834167] TCP established hash table entries: 8192 (order: 3, 32768 bytes)
[    0.834411] TCP bind hash table entries: 8192 (order: 6, 294912 bytes)
[    0.836853] TCP: Hash tables configured (established 8192 bind 8192)
[    0.837097] TCP: reno registered
[    0.837127] UDP hash table entries: 512 (order: 3, 40960 bytes)
[    0.837463] UDP-Lite hash table entries: 512 (order: 3, 40960 bytes)
[    0.838653] NET: Registered protocol family 1
[    0.839843] RPC: Registered named UNIX socket transport module.
[    0.839843] RPC: Registered udp transport module.
[    0.839843] RPC: Registered tcp transport module.
[    0.839874] RPC: Registered tcp NFSv4.1 backchannel transport module.
[    0.843902] hw perfevents: enabled with armv7_cortex_a9 PMU driver, 7 counters available
[    0.848632] futex hash table entries: 512 (order: 3, 32768 bytes)
[    0.848937] audit: initializing netlink subsys (disabled)
[    0.849121] audit: type=2000 audit(0.830:1): initialized
[    0.853363] VFS: Disk quotas dquot_6.5.2
[    0.853485] VFS: Dquot-cache hash table entries: 1024 (order 0, 4096 bytes)
[    0.855865] NFS: Registering the id_resolver key type
[    0.856170] Key type id_resolver registered
[    0.856170] Key type id_legacy registered
[    0.856353] jffs2: version 2.2. (NAND) (SUMMARY)   2001-2006 Red Hat, Inc.
[    0.860168] bounce: pool size: 64 pages
[    0.860290] io scheduler noop registered
[    0.860290] io scheduler deadline registered
[    0.860351] io scheduler cfq registered (default)
[    0.863372] pinctrl-single 4a100040.pinmux: 203 pins at pa fc100040 size 406
[    0.863830] pinctrl-single 4a31e040.pinmux: 28 pins at pa fc31e040 size 56
[    0.869812] Serial: 8250/16550 driver, 4 ports, IRQ sharing enabled
[    0.875183] omap_uart 4806a000.serial: no wakeirq for uart0
[    0.875671] 4806a000.serial: ttyO0 at MMIO 0x4806a000 (irq = 226, base_baud = 3000000) is a OMAP UART0
[    0.877624] 4806c000.serial: ttyO1 at MMIO 0x4806c000 (irq = 227, base_baud = 3000000) is a OMAP UART1
[    0.878936] 48020000.serial: ttyO2 at MMIO 0x48020000 (irq = 228, base_baud = 3000000) is a OMAP UART2
[    1.767272] console [ttyO2] enabled
[    1.772460] 4806e000.serial: ttyO3 at MMIO 0x4806e000 (irq = 229, base_baud = 3000000) is a OMAP UART3
[    1.786773]  ram0: unknown partition table
[    1.792663]  ram1: unknown partition table
[    1.798248]  ram2: unknown partition table
[    1.803955]  ram3: unknown partition table
[    1.809539]  ram4: unknown partition table
[    1.815185]  ram5: unknown partition table
[    1.820800]  ram6: unknown partition table
[    1.826446]  ram7: unknown partition table
[    1.832122]  ram8: unknown partition table
[    1.837707]  ram9: unknown partition table
[    1.843383]  ram10: unknown partition table
[    1.848999]  ram11: unknown partition table
[    1.854736]  ram12: unknown partition table
[    1.860412]  ram13: unknown partition table
[    1.866119]  ram14: unknown partition table
[    1.871917]  ram15: unknown partition table
[    1.876647] brd: module loaded
[    1.896331] loop: module loaded
[    1.902282] mtdoops: mtd device (mtddev=name/number) must be supplied
[    1.918304] mousedev: PS/2 mouse device common for all mice
[    1.924194] i2c /dev entries driver
[    1.928070] Driver 'mmcblk' needs updating - please use bus_type methods
[    1.937072] omap_hsmmc 4809c000.mmc: unable to get vmmc regulator -517
[    1.944213] platform 4809c000.mmc: Driver omap_hsmmc requests probe deferral
[    1.952423] omap_hsmmc 480d5000.mmc: unable to get vmmc regulator -517
[    1.959411] platform 480d5000.mmc: Driver omap_hsmmc requests probe deferral
[    1.967163] ledtrig-cpu: registered to indicate activity on CPUs
[    1.974578] oprofile: using arm/armv7-ca9
[    1.979370] TCP: cubic registered
[    1.982879] Initializing XFRM netlink socket
[    1.987487] NET: Registered protocol family 17
[    1.992218] NET: Registered protocol family 15
[    1.997161] Key type dns_resolver registered
[    2.001861] twl: not initialized
[    2.005218] twl6030_uv_to_vsel:OUT OF RANGE! non mapped vsel for 1375000 Vs max 1316660
[    2.013610] twl6030_uv_to_vsel:OUT OF RANGE! non mapped vsel for 1375000 Vs max 1316660
[    2.022003] twl6030_uv_to_vsel:OUT OF RANGE! non mapped vsel for 1375000 Vs max 1316660
[    2.030364] twl6030_uv_to_vsel:OUT OF RANGE! non mapped vsel for 1375000 Vs max 1316660
[    2.038757] twl6030_uv_to_vsel:OUT OF RANGE! non mapped vsel for 1375000 Vs max 1316660
[    2.047149] twl6030_uv_to_vsel:OUT OF RANGE! non mapped vsel for 1375000 Vs max 1316660
[    2.055541] twl6030_uv_to_vsel:OUT OF RANGE! non mapped vsel for 1410000 Vs max 1316660
[    2.063964] omap2_set_init_voltage: unable to find boot up OPP for vdd_mpu
[    2.071136] omap2_set_init_voltage: unable to set vdd_mpu
[    2.076812] omap2_set_init_voltage: unable to find boot up OPP for vdd_core
[    2.084106] omap2_set_init_voltage: unable to set vdd_core
[    2.089843] omap2_set_init_voltage: unable to find boot up OPP for vdd_iva
[    2.097045] omap2_set_init_voltage: unable to set vdd_iva
[    2.104522] Power Management for TI OMAP4+ devices.
[    2.109619] OMAP4 PM: u-boot >= v2012.07 is required for full PM support
[    2.117980] ThumbEE CPU extension supported.
[    2.122497] Registering SWP/SWPB emulation handler
[    2.122497] SmartReflex Class3 initialized
[    2.143829] Skipping twl internal clock init and using bootloader value (unknown osc rate)
[    2.171203] hw-breakpoint: Failed to enable monitor mode on CPU 0.
[    2.179351] twl 0-0048: PIH (irq 340) nested IRQs
[    2.211029] twl6040 0-004b: clk32k is not handled
[    2.222381] omap_i2c 48070000.i2c: bus 0 rev0.11 at 400 kHz
[    2.229919] omap_i2c 48072000.i2c: bus 1 rev0.11 at 400 kHz
[    2.238220] omap_i2c 48060000.i2c: bus 2 rev0.11 at 100 kHz
[    2.245941] omap_i2c 48350000.i2c: bus 3 rev0.11 at 400 kHz
[    2.256378] hw-breakpoint: CPU 0 failed to disable vector catch
[    2.431793] drivers/rtc/hctosys.c: unable to open rtc device (rtc0)
[    2.439483] sr_init: No PMIC hook to init smartreflex
[    2.444793] smartreflex smartreflex.0: omap_sr_probe: SmartReflex driver initialized
[    2.453796] smartreflex smartreflex.1: omap_sr_probe: SmartReflex driver initialized
[    2.462524] smartreflex smartreflex.2: omap_sr_probe: SmartReflex driver initialized
[    2.499450] mmc0: host does not support reading read-only switch, assuming write-enable
[    2.509948] mmc0: new high speed SDHC card at address b368
[    2.517913] mmcblk0: mmc0:b368 NCard 3.73 GiB 
[    2.526733]  mmcblk0: p1 p2
[    2.537994] omap_hsmmc 480d5000.mmc: card claims to support voltages below defined range
[    2.559783] mmc1: queuing unknown CIS tuple 0x91 (3 bytes)
[    2.568542] mmc1: new SDIO card at address 0001
[   14.633270] VUSB: disabling
[   14.638366] VANA: disabling
[   14.643005] VDAC: disabling
[   14.649108] vwl1271: disabling
[   14.664001] kjournald starting.  Commit interval 5 seconds
[   14.675628] EXT3-fs (mmcblk0p2): using internal journal
[   14.681152] EXT3-fs (mmcblk0p2): mounted filesystem with ordered data mode
[   14.681182] VFS: Mounted root (ext3 filesystem) on device 179:2.
[   14.697998] devtmpfs: mounted
[   14.702087] Freeing unused kernel memory: 432K (c07f2000 - c085e000)
INIT: version 2.88 booting
[   14.903869] ------------[ cut here ]------------
[   14.903869] WARNING: CPU: 1 PID: 66 at mm/mmap.c:2859 exit_mmap+0x1a8/0x21c()
[   14.916290] Modules linked in:
[   14.916290] CPU: 1 PID: 66 Comm: init Not tainted 3.19.0-rc5-next-20150121-00002-gec64530e4d74 #1
[   14.928833] Hardware name: Generic OMAP4 (Flattened Device Tree)
[   14.935211] [<c00153f0>] (unwind_backtrace) from [<c0011a74>] (show_stack+0x10/0x14)
[   14.943359] [<c0011a74>] (show_stack) from [<c05855d8>] (dump_stack+0x78/0x94)
[   14.950958] [<c05855d8>] (dump_stack) from [<c003d5cc>] (warn_slowpath_common+0x7c/0xb4)
[   14.959503] [<c003d5cc>] (warn_slowpath_common) from [<c003d620>] (warn_slowpath_null+0x1c/0x24)
[   14.968749] [<c003d620>] (warn_slowpath_null) from [<c012df48>] (exit_mmap+0x1a8/0x21c)
[   14.977172] [<c012df48>] (exit_mmap) from [<c003acb4>] (mmput+0x44/0xec)
[   14.984222] [<c003acb4>] (mmput) from [<c015142c>] (flush_old_exec+0x300/0x5a4)
[   14.991912] [<c015142c>] (flush_old_exec) from [<c0195cf0>] (load_elf_binary+0x2ec/0x1144)
[   15.000640] [<c0195cf0>] (load_elf_binary) from [<c0150f64>] (search_binary_handler+0x88/0x1ac)
[   15.009765] [<c0150f64>] (search_binary_handler) from [<c019562c>] (load_script+0x260/0x280)
[   15.018646] [<c019562c>] (load_script) from [<c0150f64>] (search_binary_handler+0x88/0x1ac)
[   15.027435] [<c0150f64>] (search_binary_handler) from [<c0151fd0>] (do_execveat_common+0x538/0x6c4)
[   15.036956] [<c0151fd0>] (do_execveat_common) from [<c0152188>] (do_execve+0x2c/0x34)
[   15.045227] [<c0152188>] (do_execve) from [<c000e5e0>] (ret_fast_syscall+0x0/0x4c)
[   15.053192] ---[ end trace ee6836564484ebde ]---
[   15.161804] ------------[ cut here ]------------
[   15.161804] WARNING: CPU: 1 PID: 67 at mm/mmap.c:2859 exit_mmap+0x1a8/0x21c()
[   15.174255] Modules linked in:
[   15.174255] CPU: 1 PID: 67 Comm: rcS Tainted: G        W       3.19.0-rc5-next-20150121-00002-gec64530e4d74 #1
[   15.187957] Hardware name: Generic OMAP4 (Flattened Device Tree)
[   15.194274] [<c00153f0>] (unwind_backtrace) from [<c0011a74>] (show_stack+0x10/0x14)
[   15.201080] [<c0011a74>] (show_stack) from [<c05855d8>] (dump_stack+0x78/0x94)
[   15.201080] [<c05855d8>] (dump_stack) from [<c003d5cc>] (warn_slowpath_common+0x7c/0xb4)
[   15.218566] [<c003d5cc>] (warn_slowpath_common) from [<c003d620>] (warn_slowpath_null+0x1c/0x24)
[   15.221069] [<c003d620>] (warn_slowpath_null) from [<c012df48>] (exit_mmap+0x1a8/0x21c)
[   15.236206] [<c012df48>] (exit_mmap) from [<c003acb4>] (mmput+0x44/0xec)
[   15.243225] [<c003acb4>] (mmput) from [<c015142c>] (flush_old_exec+0x300/0x5a4)
[   15.250946] [<c015142c>] (flush_old_exec) from [<c0195cf0>] (load_elf_binary+0x2ec/0x1144)
[   15.259643] [<c0195cf0>] (load_elf_binary) from [<c0150f64>] (search_binary_handler+0x88/0x1ac)
[   15.261077] [<c0150f64>] (search_binary_handler) from [<c0151fd0>] (do_execveat_common+0x538/0x6c4)
[   15.278259] [<c0151fd0>] (do_execveat_common) from [<c0152188>] (do_execve+0x2c/0x34)
[   15.286499] [<c0152188>] (do_execve) from [<c000e5e0>] (ret_fast_syscall+0x0/0x4c)
[   15.294464] ---[ end trace ee6836564484ebdf ]---
[   15.337158] ------------[ cut here ]------------
[   15.342071] WARNING: CPU: 1 PID: 67 at mm/mmap.c:2859 exit_mmap+0x1a8/0x21c()
[   15.349609] Modules linked in:
[   15.352844] CPU: 1 PID: 67 Comm: mount Tainted: G        W       3.19.0-rc5-next-20150121-00002-gec64530e4d74 #1
[   15.361083] Hardware name: Generic OMAP4 (Flattened Device Tree)
[   15.361083] [<c00153f0>] (unwind_backtrace) from [<c0011a74>] (show_stack+0x10/0x14)
[   15.377990] [<c0011a74>] (show_stack) from [<c05855d8>] (dump_stack+0x78/0x94)
[   15.385620] [<c05855d8>] (dump_stack) from [<c003d5cc>] (warn_slowpath_common+0x7c/0xb4)
[   15.391082] [<c003d5cc>] (warn_slowpath_common) from [<c003d620>] (warn_slowpath_null+0x1c/0x24)
[   15.403350] [<c003d620>] (warn_slowpath_null) from [<c012df48>] (exit_mmap+0x1a8/0x21c)
[   15.411773] [<c012df48>] (exit_mmap) from [<c003acb4>] (mmput+0x44/0xec)
[   15.418823] [<c003acb4>] (mmput) from [<c003fb80>] (do_exit+0x2b4/0x9b8)
[   15.425872] [<c003fb80>] (do_exit) from [<c00402f8>] (do_group_exit+0x48/0xbc)
[   15.433471] [<c00402f8>] (do_group_exit) from [<c004037c>] (__wake_up_parent+0x0/0x18)
[   15.441101] ---[ end trace ee6836564484ebe0 ]---
[   15.456878] ------------[ cut here ]------------
[   15.461883] WARNING: CPU: 0 PID: 66 at mm/mmap.c:2859 exit_mmap+0x1a8/0x21c()
[   15.461883] Modules linked in:
[   15.472412] CPU: 0 PID: 66 Comm: rcS Tainted: G        W       3.19.0-rc5-next-20150121-00002-gec64530e4d74 #1
[   15.483154] Hardware name: Generic OMAP4 (Flattened Device Tree)
[   15.489379] [<c00153f0>] (unwind_backtrace) from [<c0011a74>] (show_stack+0x10/0x14)
[   15.497619] [<c0011a74>] (show_stack) from [<c05855d8>] (dump_stack+0x78/0x94)
[   15.501068] [<c05855d8>] (dump_stack) from [<c003d5cc>] (warn_slowpath_common+0x7c/0xb4)
[   15.513763] [<c003d5cc>] (warn_slowpath_common) from [<c003d620>] (warn_slowpath_null+0x1c/0x24)
[   15.523010] [<c003d620>] (warn_slowpath_null) from [<c012df48>] (exit_mmap+0x1a8/0x21c)
[   15.531066] [<c012df48>] (exit_mmap) from [<c003acb4>] (mmput+0x44/0xec)
[   15.538482] [<c003acb4>] (mmput) from [<c015142c>] (flush_old_exec+0x300/0x5a4)
[   15.546142] [<c015142c>] (flush_old_exec) from [<c0195cf0>] (load_elf_binary+0x2ec/0x1144)
[   15.554840] [<c0195cf0>] (load_elf_binary) from [<c0150f64>] (search_binary_handler+0x88/0x1ac)
[   15.564025] [<c0150f64>] (search_binary_handler) from [<c019562c>] (load_script+0x260/0x280)
[   15.572906] [<c019562c>] (load_script) from [<c0150f64>] (search_binary_handler+0x88/0x1ac)
[   15.581665] [<c0150f64>] (search_binary_handler) from [<c0151fd0>] (do_execveat_common+0x538/0x6c4)
[   15.591217] [<c0151fd0>] (do_execveat_common) from [<c0152188>] (do_execve+0x2c/0x34)
[   15.591217] [<c0152188>] (do_execve) from [<c000e5e0>] (ret_fast_syscall+0x0/0x4c)
[   15.607391] ---[ end trace ee6836564484ebe1 ]---
[   15.627319] ------------[ cut here ]------------
[   15.632293] WARNING: CPU: 0 PID: 68 at mm/mmap.c:2859 exit_mmap+0x1a8/0x21c()
[   15.639801] Modules linked in:
[   15.642852] CPU: 0 PID: 68 Comm: rc Tainted: G        W       3.19.0-rc5-next-20150121-00002-gec64530e4d74 #1
[   15.653472] Hardware name: Generic OMAP4 (Flattened Device Tree)
[   15.653472] [<c00153f0>] (unwind_backtrace) from [<c0011a74>] (show_stack+0x10/0x14)
[   15.667938] [<c0011a74>] (show_stack) from [<c05855d8>] (dump_stack+0x78/0x94)
[   15.675537] [<c05855d8>] (dump_stack) from [<c003d5cc>] (warn_slowpath_common+0x7c/0xb4)
[   15.684082] [<c003d5cc>] (warn_slowpath_common) from [<c003d620>] (warn_slowpath_null+0x1c/0x24)
[   15.693298] [<c003d620>] (warn_slowpath_null) from [<c012df48>] (exit_mmap+0x1a8/0x21c)
[   15.701721] [<c012df48>] (exit_mmap) from [<c003acb4>] (mmput+0x44/0xec)
[   15.708740] [<c003acb4>] (mmput) from [<c015142c>] (flush_old_exec+0x300/0x5a4)
[   15.716461] [<c015142c>] (flush_old_exec) from [<c0195cf0>] (load_elf_binary+0x2ec/0x1144)
[   15.725189] [<c0195cf0>] (load_elf_binary) from [<c0150f64>] (search_binary_handler+0x88/0x1ac)
[   15.731048] [<c0150f64>] (search_binary_handler) from [<c0151fd0>] (do_execveat_common+0x538/0x6c4)
[   15.743804] [<c0151fd0>] (do_execveat_common) from [<c0152188>] (do_execve+0x2c/0x34)
[   15.752075] [<c0152188>] (do_execve) from [<c000e5e0>] (ret_fast_syscall+0x0/0x4c)
[   15.752075] ---[ end trace ee6836564484ebe2 ]---
[   15.776824] ------------[ cut here ]------------
[   15.782257] WARNING: CPU: 0 PID: 68 at mm/mmap.c:2859 exit_mmap+0x1a8/0x21c()
[   15.782257] Modules linked in:
[   15.790985] CPU: 0 PID: 68 Comm: stty Tainted: G        W       3.19.0-rc5-next-20150121-00002-gec64530e4d74 #1
[   15.803588] Hardware name: Generic OMAP4 (Flattened Device Tree)
[   15.803588] [<c00153f0>] (unwind_backtrace) from [<c0011a74>] (show_stack+0x10/0x14)
[   15.818054] [<c0011a74>] (show_stack) from [<c05855d8>] (dump_stack+0x78/0x94)
[   15.825683] [<c05855d8>] (dump_stack) from [<c003d5cc>] (warn_slowpath_common+0x7c/0xb4)
[   15.830993] [<c003d5cc>] (warn_slowpath_common) from [<c003d620>] (warn_slowpath_null+0x1c/0x24)
[   15.841003] [<c003d620>] (warn_slowpath_null) from [<c012df48>] (exit_mmap+0x1a8/0x21c)
[   15.851837] [<c012df48>] (exit_mmap) from [<c003acb4>] (mmput+0x44/0xec)
[   15.858551] [<c003acb4>] (mmput) from [<c003fb80>] (do_exit+0x2b4/0x9b8)
[   15.865905] [<c003fb80>] (do_exit) from [<c00402f8>] (do_group_exit+0x48/0xbc)
[   15.873504] [<c00402f8>] (do_group_exit) from [<c004037c>] (__wake_up_parent+0x0/0x18)
[   15.881866] ---[ end trace ee6836564484ebe3 ]---
[   15.908508] ------------[ cut here ]------------
[   15.913421] WARNING: CPU: 1 PID: 70 at mm/mmap.c:2859 exit_mmap+0x1a8/0x21c()
[   15.913421] Modules linked in:
[   15.921112] CPU: 1 PID: 70 Comm: rc Tainted: G        W       3.19.0-rc5-next-20150121-00002-gec64530e4d74 #1
[   15.930999] Hardware name: Generic OMAP4 (Flattened Device Tree)
[   15.937896] [<c00153f0>] (unwind_backtrace) from [<c0011a74>] (show_stack+0x10/0x14)
[   15.949035] [<c0011a74>] (show_stack) from [<c05855d8>] (dump_stack+0x78/0x94)
[   15.951049] [<c05855d8>] (dump_stack) from [<c003d5cc>] (warn_slowpath_common+0x7c/0xb4)
[   15.961090] [<c003d5cc>] (warn_slowpath_common) from [<c003d620>] (warn_slowpath_null+0x1c/0x24)
[   15.971069] [<c003d620>] (warn_slowpath_null) from [<c012df48>] (exit_mmap+0x1a8/0x21c)
[   15.982788] [<c012df48>] (exit_mmap) from [<c003acb4>] (mmput+0x44/0xec)
[   15.982788] [<c003acb4>] (mmput) from [<c015142c>] (flush_old_exec+0x300/0x5a4)
[   15.997528] [<c015142c>] (flush_old_exec) from [<c0195cf0>] (load_elf_binary+0x2ec/0x1144)
[   16.006225] [<c0195cf0>] (load_elf_binary) from [<c0150f64>] (search_binary_handler+0x88/0x1ac)
[   16.015350] [<c0150f64>] (search_binary_handler) from [<c0151fd0>] (do_execveat_common+0x538/0x6c4)
[   16.024871] [<c0151fd0>] (do_execveat_common) from [<c0152188>] (do_execve+0x2c/0x34)
[   16.031097] [<c0152188>] (do_execve) from [<c000e5e0>] (ret_fast_syscall+0x0/0x4c)
[   16.041076] ---[ end trace ee6836564484ebe4 ]---
[   16.056823] ------------[ cut here ]------------
[   16.062286] WARNING: CPU: 1 PID: 70 at mm/mmap.c:2859 exit_mmap+0x1a8/0x21c()
[   16.062286] Modules linked in:
[   16.071075] CPU: 1 PID: 70 Comm: mount Tainted: G        W       3.19.0-rc5-next-20150121-00002-gec64530e4d74 #1
[   16.083679] Hardware name: Generic OMAP4 (Flattened Device Tree)
[   16.083679] [<c00153f0>] (unwind_backtrace) from [<c0011a74>] (show_stack+0x10/0x14)
[   16.098144] [<c0011a74>] (show_stack) from [<c05855d8>] (dump_stack+0x78/0x94)
[   16.105743] [<c05855d8>] (dump_stack) from [<c003d5cc>] (warn_slowpath_common+0x7c/0xb4)
[   16.114257] [<c003d5cc>] (warn_slowpath_common) from [<c003d620>] (warn_slowpath_null+0x1c/0x24)
[   16.123504] [<c003d620>] (warn_slowpath_null) from [<c012df48>] (exit_mmap+0x1a8/0x21c)
[   16.131927] [<c012df48>] (exit_mmap) from [<c003acb4>] (mmput+0x44/0xec)
[   16.131927] [<c003acb4>] (mmput) from [<c003fb80>] (do_exit+0x2b4/0x9b8)
[   16.145996] [<c003fb80>] (do_exit) from [<c00402f8>] (do_group_exit+0x48/0xbc)
[   16.153594] [<c00402f8>] (do_group_exit) from [<c004037c>] (__wake_up_parent+0x0/0x18)
[   16.161926] ---[ end trace ee6836564484ebe5 ]---
[   16.170501] ------------[ cut here ]------------
[   16.175415] WARNING: CPU: 0 PID: 69 at mm/mmap.c:2859 exit_mmap+0x1a8/0x21c()
[   16.182952] Modules linked in:
[   16.186187] CPU: 0 PID: 69 Comm: rc Tainted: G        W       3.19.0-rc5-next-20150121-00002-gec64530e4d74 #1
[   16.196624] Hardware name: Generic OMAP4 (Flattened Device Tree)
[   16.203002] [<c00153f0>] (unwind_backtrace) from [<c0011a74>] (show_stack+0x10/0x14)
[   16.211181] [<c0011a74>] (show_stack) from [<c05855d8>] (dump_stack+0x78/0x94)
[   16.218780] [<c05855d8>] (dump_stack) from [<c003d5cc>] (warn_slowpath_common+0x7c/0xb4)
[   16.227355] [<c003d5cc>] (warn_slowpath_common) from [<c003d620>] (warn_slowpath_null+0x1c/0x24)
[   16.236602] [<c003d620>] (warn_slowpath_null) from [<c012df48>] (exit_mmap+0x1a8/0x21c)
[   16.245025] [<c012df48>] (exit_mmap) from [<c003acb4>] (mmput+0x44/0xec)
[   16.245239] ------------[ cut here ]------------
[   16.245239] WARNING: CPU: 1 PID: 71 at mm/mmap.c:2859 exit_mmap+0x1a8/0x21c()
[   16.246093] Modules linked in:
[   16.265624] [<c003acb4>] (mmput) from [<c003fb80>] (do_exit+0x2b4/0x9b8)
[   16.274688] [<c003fb80>] (do_exit) from [<c00402f8>] (do_group_exit+0x48/0xbc)
[   16.282318] [<c00402f8>] (do_group_exit) from [<c004037c>] (__wake_up_parent+0x0/0x18)
[   16.290618] ---[ end trace ee6836564484ebe6 ]---
[   16.290618] CPU: 1 PID: 71 Comm: rc Tainted: G        W       3.19.0-rc5-next-20150121-00002-gec64530e4d74 #1
[   16.290618] Hardware name: Generic OMAP4 (Flattened Device Tree)
[   16.290618] [<c00153f0>] (unwind_backtrace) from [<c0011a74>] (show_stack+0x10/0x14)
[   16.290679] [<c0011a74>] (show_stack) from [<c05855d8>] (dump_stack+0x78/0x94)
[   16.290679] [<c05855d8>] (dump_stack) from [<c003d5cc>] (warn_slowpath_common+0x7c/0xb4)
[   16.290710] [<c003d5cc>] (warn_slowpath_common) from [<c003d620>] (warn_slowpath_null+0x1c/0x24)
[   16.290710] [<c003d620>] (warn_slowpath_null) from [<c012df48>] (exit_mmap+0x1a8/0x21c)
[   16.290740] [<c012df48>] (exit_mmap) from [<c003acb4>] (mmput+0x44/0xec)
[   16.290740] [<c003acb4>] (mmput) from [<c015142c>] (flush_old_exec+0x300/0x5a4)
[   16.290771] [<c015142c>] (flush_old_exec) from [<c0195cf0>] (load_elf_binary+0x2ec/0x1144)
[   16.290771] [<c0195cf0>] (load_elf_binary) from [<c0150f64>] (search_binary_handler+0x88/0x1ac)
[   16.290802] [<c0150f64>] (search_binary_handler) from [<c0151fd0>] (do_execveat_common+0x538/0x6c4)
[   16.290802] [<c0151fd0>] (do_execveat_common) from [<c0152188>] (do_execve+0x2c/0x34)
[   16.290832] [<c0152188>] (do_execve) from [<c000e5e0>] (ret_fast_syscall+0x0/0x4c)
[   16.290832] ---[ end trace ee6836564484ebe7 ]---
Error opening /dev/fb0: No such file or directory
[   16.430267] ------------[ cut here ]------------
[   16.436004] WARNING: CPU: 1 PID: 71 at mm/mmap.c:2859 exit_mmap+0x1a8/0x21c()
[   16.436004] ------------[ cut here ]------------
[   16.436889] WARNING: CPU: 0 PID: 75 at mm/mmap.c:2859 exit_mmap+0x1a8/0x21c()
[   16.436889] Modules linked in:
[   16.436920] CPU: 0 PID: 75 Comm: rc Tainted: G        W       3.19.0-rc5-next-20150121-00002-gec64530e4d74 #1
[   16.436920] Hardware name: Generic OMAP4 (Flattened Device Tree)
[   16.436920] [<c00153f0>] (unwind_backtrace) from [<c0011a74>] (show_stack+0x10/0x14)
[   16.436920] [<c0011a74>] (show_stack) from [<c05855d8>] (dump_stack+0x78/0x94)
[   16.437011] [<c05855d8>] (dump_stack) from [<c003d5cc>] (warn_slowpath_common+0x7c/0xb4)
[   16.437011] [<c003d5cc>] (warn_slowpath_common) from [<c003d620>] (warn_slowpath_null+0x1c/0x24)
[   16.437011] [<c003d620>] (warn_slowpath_null) from [<c012df48>] (exit_mmap+0x1a8/0x21c)
[   16.437042] [<c012df48>] (exit_mmap) from [<c003acb4>] (mmput+0x44/0xec)
[   16.437072] [<c003acb4>] (mmput) from [<c015142c>] (flush_old_exec+0x300/0x5a4)
[   16.437072] [<c015142c>] (flush_old_exec) from [<c0195cf0>] (load_elf_binary+0x2ec/0x1144)
[   16.437103] [<c0195cf0>] (load_elf_binary) from [<c0150f64>] (search_binary_handler+0x88/0x1ac)
[   16.437103] [<c0150f64>] (search_binary_handler) from [<c0151fd0>] (do_execveat_common+0x538/0x6c4)
[   16.437133] [<c0151fd0>] (do_execveat_common) from [<c0152188>] (do_execve+0x2c/0x34)
[   16.437133] [<c0152188>] (do_execve) from [<c000e5e0>] (ret_fast_syscall+0x0/0x4c)
[   16.437133] ---[ end trace ee6836564484ebe8 ]---
[   16.444580] ------------[ cut here ]------------
[   16.445465] WARNING: CPU: 0 PID: 77 at mm/mmap.c:2859 exit_mmap+0x1a8/0x21c()
[   16.445465] Modules linked in:
[   16.445465] CPU: 0 PID: 77 Comm: rc Tainted: G        W       3.19.0-rc5-next-20150121-00002-gec64530e4d74 #1
/dev/ttyO2 linked to /dev/tty-bd - using as cons[   16.445495] Hardware name: Generic OMAP4 (Flattened Device Tree)
[   16.445495] [<c00153f0>] (unwind_backtrace) from [<c0011a74>] (show_stack+0x10/0x14)
ole[   16.445495] [<c0011a74>] (show_stack) from [<c05855d8>] (dump_stack+0x78/0x94)
[   16.445495] [<c05855d8>] (dump_stack) from [<c003d5cc>] (warn_slowpath_common+0x7c/0xb4)
[   16.445587] [<c003d5cc>] (warn_slowpath_common) from [<c003d620>] (warn_slowpath_null+0x1c/0x24)
[   16.445587] [<c003d620>] (warn_slowpath_null) from [<c012df48>] (exit_mmap+0x1a8/0x21c)
[   16.445587] [<c012df48>] (exit_mmap) from [<c003acb4>] (mmput+0x44/0xec)
[   16.445617] [<c003acb4>] (mmput) from [<c015142c>] (flush_old_exec+0x300/0x5a4)
[   16.445648] [<c015142c>] (flush_old_exec) from [<c0195cf0>] (load_elf_binary+0x2ec/0x1144)
[   16.445648] [<c0195cf0>] (load_elf_binary) from [<c0150f64>] (search_binary_handler+0x88/0x1ac)
[   16.445678] [<c0150f64>] (search_binary_handler) from [<c0151fd0>] (do_execveat_common+0x538/0x6c4)
[   16.445678] [<c0151fd0>] (do_execveat_common) from [<c0152188>] (do_execve+0x2c/0x34)
[   16.445709] [<c0152188>] (do_execve) from [<c000e5e0>] (ret_fast_syscall+0x0/0x4c)
[   16.445709] ---[ end trace ee6836564484ebe9 ]---
[   16.455841] ------------[ cut here ]------------
[   16.455871] WARNING: CPU: 0 PID: 74 at mm/mmap.c:2859 exit_mmap+0x1a8/0x21c()
[   16.455871] Modules linked in:
[   16.455871] CPU: 0 PID: 74 Comm: rc Tainted: G        W       3.19.0-rc5-next-20150121-00002-gec64530e4d74 #1
[   16.455871] Hardware name: Generic OMAP4 (Flattened Device Tree)
[   16.455902] [<c00153f0>] (unwind_backtrace) from [<c0011a74>] (show_stack+0x10/0x14)
[   16.455932] [<c0011a74>] (show_stack) from [<c05855d8>] (dump_stack+0x78/0x94)
[   16.455963] [<c05855d8>] (dump_stack) from [<c003d5cc>] (warn_slowpath_common+0x7c/0xb4)
[   16.455963] [<c003d5cc>] (warn_slowpath_common) from [<c003d620>] (warn_slowpath_null+0x1c/0x24)
[   16.455993] [<c003d620>] (warn_slowpath_null) from [<c012df48>] (exit_mmap+0x1a8/0x21c)
[   16.455993] [<c012df48>] (exit_mmap) from [<c003acb4>] (mmput+0x44/0xec)
[   16.456024] [<c003acb4>] (mmput) from [<c015142c>] (flush_old_exec+0x300/0x5a4)
[   16.456054] [<c015142c>] (flush_old_exec) from [<c0195cf0>] (load_elf_binary+0x2ec/0x1144)
[   16.456054] [<c0195cf0>] (load_elf_binary) from [<c0150f64>] (search_binary_handler+0x88/0x1ac)
[   16.456054] [<c0150f64>] (search_binary_handler) from [<c0151fd0>] (do_execveat_common+0x538/0x6c4)
[   16.456085] [<c0151fd0>] (do_execveat_common) from [<c0152188>] (do_execve+0x2c/0x34)
[   16.456085] [<c0152188>] (do_execve) from [<c000e5e0>] (ret_fast_syscall+0x0/0x4c)
[   16.456115] ---[ end trace ee6836564484ebea ]---
[   16.462615] ------------[ cut here ]------------
[   16.462615] WARNING: CPU: 0 PID: 76 at mm/mmap.c:2859 exit_mmap+0x1a8/0x21c()
[   16.463500] Modules linked in:
[   16.463500] CPU: 0 PID: 76 Comm: rc Tainted: G        W       3.19.0-rc5-next-20150121-00002-gec64530e4d74 #1
[   16.463500] Hardware name: Generic OMAP4 (Flattened Device Tree)
[   16.463500] [<c00153f0>] (unwind_backtrace) from [<c0011a74>] (show_stack+0x10/0x14)
[   16.463562] [<c0011a74>] (show_stack) from [<c05855d8>] (dump_stack+0x78/0x94)
[   16.463592] [<c05855d8>] (dump_stack) from [<c003d5cc>] (warn_slowpath_common+0x7c/0xb4)
[   16.463592] [<c003d5cc>] (warn_slowpath_common) from [<c003d620>] (warn_slowpath_null+0x1c/0x24)
[   16.463623] [<c003d620>] (warn_slowpath_null) from [<c012df48>] (exit_mmap+0x1a8/0x21c)
[   16.463623] [<c012df48>] (exit_mmap) from [<c003acb4>] (mmput+0x44/0xec)
[   16.463653] [<c003acb4>] (mmput) from [<c015142c>] (flush_old_exec+0x300/0x5a4)
[   16.463653] [<c015142c>] (flush_old_exec) from [<c0195cf0>] (load_elf_binary+0x2ec/0x1144)
[   16.463684] [<c0195cf0>] (load_elf_binary) from [<c0150f64>] (search_binary_handler+0x88/0x1ac)
[   16.463684] [<c0150f64>] (search_binary_handler) from [<c0151fd0>] (do_execveat_common+0x538/0x6c4)
[   16.463714] [<c0151fd0>] (do_execveat_common) from [<c0152188>] (do_execve+0x2c/0x34)
[   16.463714] [<c0152188>] (do_execve) from [<c000e5e0>] (ret_fast_syscall+0x0/0x4c)
[   16.463714] ---[ end trace ee6836564484ebeb ]---
[   16.468261] ------------[ cut here ]------------
[   16.468719] WARNING: CPU: 0 PID: 74 at mm/mmap.c:2859 exit_mmap+0x1a8/0x21c()
[   16.468719] Modules linked in:
[   16.468749] CPU: 0 PID: 74 Comm: cat Tainted: G        W       3.19.0-rc5-next-20150121-00002-gec64530e4d74 #1
[   16.468749] Hardware name: Generic OMAP4 (Flattened Device Tree)
[   16.468749] [<c00153f0>] (unwind_backtrace) from [<c0011a74>] (show_stack+0x10/0x14)
[   16.468749] [<c0011a74>] (show_stack) from [<c05855d8>] (dump_stack+0x78/0x94)
[   16.468811] [<c05855d8>] (dump_stack) from [<c003d5cc>] (warn_slowpath_common+0x7c/0xb4)
[   16.468811] [<c003d5cc>] (warn_slowpath_common) from [<c003d620>] (warn_slowpath_null+0x1c/0x24)
[   16.468841] [<c003d620>] (warn_slowpath_null) from [<c012df48>] (exit_mmap+0x1a8/0x21c)
[   16.468841] [<c012df48>] (exit_mmap) from [<c003acb4>] (mmput+0x44/0xec)
[   16.468872] [<c003acb4>] (mmput) from [<c003fb80>] (do_exit+0x2b4/0x9b8)
[   16.468872] [<c003fb80>] (do_exit) from [<c00402f8>] (do_group_exit+0x48/0xbc)
[   16.468872] [<c00402f8>] (do_group_exit) from [<c004037c>] (__wake_up_parent+0x0/0x18)
[   16.468902] ---[ end trace ee6836564484ebec ]---
[   16.469604] ------------[ cut here ]------------
[   16.469696] WARNING: CPU: 0 PID: 75 at mm/mmap.c:2859 exit_mmap+0x1a8/0x21c()
[   16.469696] Modules linked in:
[   16.469726] CPU: 0 PID: 75 Comm: grep Tainted: G        W       3.19.0-rc5-next-20150121-00002-gec64530e4d74 #1
[   16.469726] Hardware name: Generic OMAP4 (Flattened Device Tree)
[   16.469757] [<c00153f0>] (unwind_backtrace) from [<c0011a74>] (show_stack+0x10/0x14)
[   16.469757] [<c0011a74>] (show_stack) from [<c05855d8>] (dump_stack+0x78/0x94)
[   16.469787] [<c05855d8>] (dump_stack) from [<c003d5cc>] (warn_slowpath_common+0x7c/0xb4)
[   16.469787] [<c003d5cc>] (warn_slowpath_common) from [<c003d620>] (warn_slowpath_null+0x1c/0x24)
[   16.469818] [<c003d620>] (warn_slowpath_null) from [<c012df48>] (exit_mmap+0x1a8/0x21c)
[   16.469818] [<c012df48>] (exit_mmap) from [<c003acb4>] (mmput+0x44/0xec)
[   16.469848] [<c003acb4>] (mmput) from [<c003fb80>] (do_exit+0x2b4/0x9b8)
[   16.469848] [<c003fb80>] (do_exit) from [<c00402f8>] (do_group_exit+0x48/0xbc)
[   16.469848] [<c00402f8>] (do_group_exit) from [<c004037c>] (__wake_up_parent+0x0/0x18)
[   16.469848] ---[ end trace ee6836564484ebed ]---
[   16.471069] ------------[ cut here ]------------
[   16.471221] WARNING: CPU: 0 PID: 76 at mm/mmap.c:2859 exit_mmap+0x1a8/0x21c()
[   16.471221] Modules linked in:
[   16.471252] CPU: 0 PID: 76 Comm: cut Tainted: G        W       3.19.0-rc5-next-20150121-00002-gec64530e4d74 #1
[   16.471252] Hardware name: Generic OMAP4 (Flattened Device Tree)
[   16.471252] [<c00153f0>] (unwind_backtrace) from [<c0011a74>] (show_stack+0x10/0x14)
[   16.471282] [<c0011a74>] (show_stack) from [<c05855d8>] (dump_stack+0x78/0x94)
[   16.471313] [<c05855d8>] (dump_stack) from [<c003d5cc>] (warn_slowpath_common+0x7c/0xb4)
[   16.471313] [<c003d5cc>] (warn_slowpath_common) from [<c003d620>] (warn_slowpath_null+0x1c/0x24)
[   16.471343] [<c003d620>] (warn_slowpath_null) from [<c012df48>] (exit_mmap+0x1a8/0x21c)
[   16.471343] [<c012df48>] (exit_mmap) from [<c003acb4>] (mmput+0x44/0xec)
[   16.471343] [<c003acb4>] (mmput) from [<c003fb80>] (do_exit+0x2b4/0x9b8)
[   16.471374] [<c003fb80>] (do_exit) from [<c00402f8>] (do_group_exit+0x48/0xbc)
[   16.471374] [<c00402f8>] (do_group_exit) from [<c004037c>] (__wake_up_parent+0x0/0x18)
[   16.471374] ---[ end trace ee6836564484ebee ]---
[   16.471466] ------------[ cut here ]------------
[   16.471466] WARNING: CPU: 0 PID: 77 at mm/mmap.c:2859 exit_mmap+0x1a8/0x21c()
[   16.471466] Modules linked in:
[   16.471893] CPU: 0 PID: 77 Comm: tr Tainted: G        W       3.19.0-rc5-next-20150121-00002-gec64530e4d74 #1
[   16.471893] Hardware name: Generic OMAP4 (Flattened Device Tree)
[   16.471893] [<c00153f0>] (unwind_backtrace) from [<c0011a74>] (show_stack+0x10/0x14)
[   16.471893] [<c0011a74>] (show_stack) from [<c05855d8>] (dump_stack+0x78/0x94)
[   16.471954] [<c05855d8>] (dump_stack) from [<c003d5cc>] (warn_slowpath_common+0x7c/0xb4)
[   16.471954] [<c003d5cc>] (warn_slowpath_common) from [<c003d620>] (warn_slowpath_null+0x1c/0x24)
[   16.471984] [<c003d620>] (warn_slowpath_null) from [<c012df48>] (exit_mmap+0x1a8/0x21c)
[   16.471984] [<c012df48>] (exit_mmap) from [<c003acb4>] (mmput+0x44/0xec)
[   16.472015] [<c003acb4>] (mmput) from [<c003fb80>] (do_exit+0x2b4/0x9b8)
[   16.472015] [<c003fb80>] (do_exit) from [<c00402f8>] (do_group_exit+0x48/0xbc)
[   16.472015] [<c00402f8>] (do_group_exit) from [<c004037c>] (__wake_up_parent+0x0/0x18)
[   16.472015] ---[ end trace ee6836564484ebef ]---
[   16.474273] ------------[ cut here ]------------
[   16.474273] WARNING: CPU: 0 PID: 73 at mm/mmap.c:2859 exit_mmap+0x1a8/0x21c()
[   16.474304] Modules linked in:
[   16.474304] CPU: 0 PID: 73 Comm: rc Tainted: G        W       3.19.0-rc5-next-20150121-00002-gec64530e4d74 #1
[   16.474304] Hardware name: Generic OMAP4 (Flattened Device Tree)
[   16.474334] [<c00153f0>] (unwind_backtrace) from [<c0011a74>] (show_stack+0x10/0x14)
[   16.474365] [<c0011a74>] (show_stack) from [<c05855d8>] (dump_stack+0x78/0x94)
[   16.474365] [<c05855d8>] (dump_stack) from [<c003d5cc>] (warn_slowpath_common+0x7c/0xb4)
[   16.474395] [<c003d5cc>] (warn_slowpath_common) from [<c003d620>] (warn_slowpath_null+0x1c/0x24)
[   16.474395] [<c003d620>] (warn_slowpath_null) from [<c012df48>] (exit_mmap+0x1a8/0x21c)
[   16.474426] [<c012df48>] (exit_mmap) from [<c003acb4>] (mmput+0x44/0xec)
[   16.474426] [<c003acb4>] (mmput) from [<c003fb80>] (do_exit+0x2b4/0x9b8)
[   16.474426] [<c003fb80>] (do_exit) from [<c00402f8>] (do_group_exit+0x48/0xbc)
[   16.474456] [<c00402f8>] (do_group_exit) from [<c004037c>] (__wake_up_parent+0x0/0x18)
[   16.474456] ---[ end trace ee6836564484ebf0 ]---
[   16.491149] ------------[ cut here ]------------
[   16.491149] WARNING: CPU: 0 PID: 72 at mm/mmap.c:2859 exit_mmap+0x1a8/0x21c()
[   16.491149] Modules linked in:
[   16.491180] CPU: 0 PID: 72 Comm: rc Tainted: G        W       3.19.0-rc5-next-20150121-00002-gec64530e4d74 #1
[   16.491180] Hardware name: Generic OMAP4 (Flattened Device Tree)
[   16.491210] [<c00153f0>] (unwind_backtrace) from [<c0011a74>] (show_stack+0x10/0x14)
[   16.491210] [<c0011a74>] (show_stack) from [<c05855d8>] (dump_stack+0x78/0x94)
[   16.491210] [<c05855d8>] (dump_stack) from [<c003d5cc>] (warn_slowpath_common+0x7c/0xb4)
[   16.491271] [<c003d5cc>] (warn_slowpath_common) from [<c003d620>] (warn_slowpath_null+0x1c/0x24)
[   16.491271] [<c003d620>] (warn_slowpath_null) from [<c012df48>] (exit_mmap+0x1a8/0x21c)
[   16.491302] [<c012df48>] (exit_mmap) from [<c003acb4>] (mmput+0x44/0xec)
[   16.491302] [<c003acb4>] (mmput) from [<c003fb80>] (do_exit+0x2b4/0x9b8)
[   16.491302] [<c003fb80>] (do_exit) from [<c00402f8>] (do_group_exit+0x48/0xbc)
[   16.491333] [<c00402f8>] (do_group_exit) from [<c004037c>] (__wake_up_parent+0x0/0x18)
[   16.491333] ---[ end trace ee6836564484ebf1 ]---
[   16.503936] ------------[ cut here ]------------
[   16.506500] WARNING: CPU: 0 PID: 81 at mm/mmap.c:2859 exit_mmap+0x1a8/0x21c()
[   16.506500] Modules linked in:
[   16.506500] CPU: 0 PID: 81 Comm: rc Tainted: G        W       3.19.0-rc5-next-20150121-00002-gec64530e4d74 #1
[   16.506530] Hardware name: Generic OMAP4 (Flattened Device Tree)
[   16.506530] [<c00153f0>] (unwind_backtrace) from [<c0011a74>] (show_stack+0x10/0x14)
[   16.506530] [<c0011a74>] (show_stack) from [<c05855d8>] (dump_stack+0x78/0x94)
[   16.506530] [<c05855d8>] (dump_stack) from [<c003d5cc>] (warn_slowpath_common+0x7c/0xb4)
[   16.506622] [<c003d5cc>] (warn_slowpath_common) from [<c003d620>] (warn_slowpath_null+0x1c/0x24)
[   16.506622] [<c003d620>] (warn_slowpath_null) from [<c012df48>] (exit_mmap+0x1a8/0x21c)
[   16.506652] [<c012df48>] (exit_mmap) from [<c003acb4>] (mmput+0x44/0xec)
[   16.506652] [<c003acb4>] (mmput) from [<c015142c>] (flush_old_exec+0x300/0x5a4)
[   16.506683] [<c015142c>] (flush_old_exec) from [<c0195cf0>] (load_elf_binary+0x2ec/0x1144)
[   16.506683] [<c0195cf0>] (load_elf_binary) from [<c0150f64>] (search_binary_handler+0x88/0x1ac)
[   16.506713] [<c0150f64>] (search_binary_handler) from [<c0151fd0>] (do_execveat_common+0x538/0x6c4)
[   16.506713] [<c0151fd0>] (do_execveat_common) from [<c0152188>] (do_execve+0x2c/0x34)
[   16.506744] [<c0152188>] (do_execve) from [<c000e5e0>] (ret_fast_syscall+0x0/0x4c)
[   16.506744] ---[ end trace ee6836564484ebf2 ]---
[   16.514190] ------------[ cut here ]------------
[   16.515075] WARNING: CPU: 0 PID: 80 at mm/mmap.c:2859 exit_mmap+0x1a8/0x21c()
[   16.515075] Modules linked in:
[   16.515106] CPU: 0 PID: 80 Comm: rc Tainted: G        W       3.19.0-rc5-next-20150121-00002-gec64530e4d74 #1
[   16.515106] Hardware name: Generic OMAP4 (Flattened Device Tree)
[   16.515106] [<c00153f0>] (unwind_backtrace) from [<c0011a74>] (show_stack+0x10/0x14)
[   16.515106] [<c0011a74>] (show_stack) from [<c05855d8>] (dump_stack+0x78/0x94)
[   16.515106] [<c05855d8>] (dump_stack) from [<c003d5cc>] (warn_slowpath_common+0x7c/0xb4)
[   16.515197] [<c003d5cc>] (warn_slowpath_common) from [<c003d620>] (warn_slowpath_null+0x1c/0x24)
[   16.515197] [<c003d620>] (warn_slowpath_null) from [<c012df48>] (exit_mmap+0x1a8/0x21c)
[   16.515197] [<c012df48>] (exit_mmap) from [<c003acb4>] (mmput+0x44/0xec)
[   16.515228] [<c003acb4>] (mmput) from [<c015142c>] (flush_old_exec+0x300/0x5a4)
[   16.515258] [<c015142c>] (flush_old_exec) from [<c0195cf0>] (load_elf_binary+0x2ec/0x1144)
[   16.515258] [<c0195cf0>] (load_elf_binary) from [<c0150f64>] (search_binary_handler+0x88/0x1ac)
[   16.515289] [<c0150f64>] (search_binary_handler) from [<c0151fd0>] (do_execveat_common+0x538/0x6c4)
[   16.515289] [<c0151fd0>] (do_execveat_common) from [<c0152188>] (do_execve+0x2c/0x34)
[   16.515289] [<c0152188>] (do_execve) from [<c000e5e0>] (ret_fast_syscall+0x0/0x4c)
[   16.515319] ---[ end trace ee6836564484ebf3 ]---
[   16.521087] ------------[ cut here ]------------
[   16.521087] WARNING: CPU: 0 PID: 80 at mm/mmap.c:2859 exit_mmap+0x1a8/0x21c()
[   16.521423] Modules linked in:
[   16.521423] CPU: 0 PID: 80 Comm: mount Tainted: G        W       3.19.0-rc5-next-20150121-00002-gec64530e4d74 #1
[   16.521423] Hardware name: Generic OMAP4 (Flattened Device Tree)
[   16.521453] [<c00153f0>] (unwind_backtrace) from [<c0011a74>] (show_stack+0x10/0x14)
[   16.521453] [<c0011a74>] (show_stack) from [<c05855d8>] (dump_stack+0x78/0x94)
[   16.521453] [<c05855d8>] (dump_stack) from [<c003d5cc>] (warn_slowpath_common+0x7c/0xb4)
[   16.521514] [<c003d5cc>] (warn_slowpath_common) from [<c003d620>] (warn_slowpath_null+0x1c/0x24)
[   16.521514] [<c003d620>] (warn_slowpath_null) from [<c012df48>] (exit_mmap+0x1a8/0x21c)
[   16.521545] [<c012df48>] (exit_mmap) from [<c003acb4>] (mmput+0x44/0xec)
[   16.521545] [<c003acb4>] (mmput) from [<c003fb80>] (do_exit+0x2b4/0x9b8)
[   16.521545] [<c003fb80>] (do_exit) from [<c00402f8>] (do_group_exit+0x48/0xbc)
[   16.521575] [<c00402f8>] (do_group_exit) from [<c004037c>] (__wake_up_parent+0x0/0x18)
[   16.521575] ---[ end trace ee6836564484ebf4 ]---
[   16.521789] ------------[ cut here ]------------
[   16.521789] WARNING: CPU: 0 PID: 81 at mm/mmap.c:2859 exit_mmap+0x1a8/0x21c()
[   16.522216] Modules linked in:
[   16.522216] CPU: 0 PID: 81 Comm: grep Tainted: G        W       3.19.0-rc5-next-20150121-00002-gec64530e4d74 #1
[   16.522216] Hardware name: Generic OMAP4 (Flattened Device Tree)
[   16.522247] [<c00153f0>] (unwind_backtrace) from [<c0011a74>] (show_stack+0x10/0x14)
[   16.522277] [<c0011a74>] (show_stack) from [<c05855d8>] (dump_stack+0x78/0x94)
[   16.522277] [<c05855d8>] (dump_stack) from [<c003d5cc>] (warn_slowpath_common+0x7c/0xb4)
[   16.522308] [<c003d5cc>] (warn_slowpath_common) from [<c003d620>] (warn_slowpath_null+0x1c/0x24)
[   16.522308] [<c003d620>] (warn_slowpath_null) from [<c012df48>] (exit_mmap+0x1a8/0x21c)
[   16.522338] [<c012df48>] (exit_mmap) from [<c003acb4>] (mmput+0x44/0xec)
[   16.522338] [<c003acb4>] (mmput) from [<c003fb80>] (do_exit+0x2b4/0x9b8)
[   16.522338] [<c003fb80>] (do_exit) from [<c00402f8>] (do_group_exit+0x48/0xbc)
[   16.522369] [<c00402f8>] (do_group_exit) from [<c004037c>] (__wake_up_parent+0x0/0x18)
[   16.522369] ---[ end trace ee6836564484ebf5 ]---
[   16.524810] ------------[ cut here ]------------
[   16.524810] WARNING: CPU: 0 PID: 79 at mm/mmap.c:2859 exit_mmap+0x1a8/0x21c()
[   16.524810] Modules linked in:
[   16.524841] CPU: 0 PID: 79 Comm: rc Tainted: G        W       3.19.0-rc5-next-20150121-00002-gec64530e4d74 #1
[   16.524841] Hardware name: Generic OMAP4 (Flattened Device Tree)
[   16.524871] [<c00153f0>] (unwind_backtrace) from [<c0011a74>] (show_stack+0x10/0x14)
[   16.524871] [<c0011a74>] (show_stack) from [<c05855d8>] (dump_stack+0x78/0x94)
[   16.524871] [<c05855d8>] (dump_stack) from [<c003d5cc>] (warn_slowpath_common+0x7c/0xb4)
[   16.524932] [<c003d5cc>] (warn_slowpath_common) from [<c003d620>] (warn_slowpath_null+0x1c/0x24)
[   16.524932] [<c003d620>] (warn_slowpath_null) from [<c012df48>] (exit_mmap+0x1a8/0x21c)
[   16.524932] [<c012df48>] (exit_mmap) from [<c003acb4>] (mmput+0x44/0xec)
[   16.524963] [<c003acb4>] (mmput) from [<c003fb80>] (do_exit+0x2b4/0x9b8)
[   16.524963] [<c003fb80>] (do_exit) from [<c00402f8>] (do_group_exit+0x48/0xbc)
[   16.524963] [<c00402f8>] (do_group_exit) from [<c004037c>] (__wake_up_parent+0x0/0x18)
[   16.524993] ---[ end trace ee6836564484ebf6 ]---
[   16.532806] ------------[ cut here ]------------
[   16.532806] WARNING: CPU: 0 PID: 85 at mm/mmap.c:2859 exit_mmap+0x1a8/0x21c()
[   16.536285] Modules linked in:
[   16.536285] CPU: 0 PID: 85 Comm: rc Tainted: G        W       3.19.0-rc5-next-20150121-00002-gec64530e4d74 #1
[   16.536285] Hardware name: Generic OMAP4 (Flattened Device Tree)
[   16.536285] [<c00153f0>] (unwind_backtrace) from [<c0011a74>] (show_stack+0x10/0x14)
[   16.536346] [<c0011a74>] (show_stack) from [<c05855d8>] (dump_stack+0x78/0x94)
[   16.536376] [<c05855d8>] (dump_stack) from [<c003d5cc>] (warn_slowpath_common+0x7c/0xb4)
[   16.536407] [<c003d5cc>] (warn_slowpath_common) from [<c003d620>] (warn_slowpath_null+0x1c/0x24)
[   16.536407] [<c003d620>] (warn_slowpath_null) from [<c012df48>] (exit_mmap+0x1a8/0x21c)
[   16.536407] [<c012df48>] (exit_mmap) from [<c003acb4>] (mmput+0x44/0xec)
[   16.536407] [<c003acb4>] (mmput) from [<c015142c>] (flush_old_exec+0x300/0x5a4)
[   16.536468] [<c015142c>] (flush_old_exec) from [<c0195cf0>] (load_elf_binary+0x2ec/0x1144)
[   16.536468] [<c0195cf0>] (load_elf_binary) from [<c0150f64>] (search_binary_handler+0x88/0x1ac)
[   16.536499] [<c0150f64>] (search_binary_handler) from [<c0151fd0>] (do_execveat_common+0x538/0x6c4)
[   16.536499] [<c0151fd0>] (do_execveat_common) from [<c0152188>] (do_execve+0x2c/0x34)
[   16.536529] [<c0152188>] (do_execve) from [<c000e5e0>] (ret_fast_syscall+0x0/0x4c)
[   16.536529] ---[ end trace ee6836564484ebf7 ]---
[   16.541412] ------------[ cut here ]------------
[   16.544830] WARNING: CPU: 0 PID: 83 at mm/mmap.c:2859 exit_mmap+0x1a8/0x21c()
[   16.544830] Modules linked in:
[   16.544860] CPU: 0 PID: 83 Comm: rc Tainted: G        W       3.19.0-rc5-next-20150121-00002-gec64530e4d74 #1
[   16.544860] Hardware name: Generic OMAP4 (Flattened Device Tree)
[   16.544860] [<c00153f0>] (unwind_backtrace) from [<c0011a74>] (show_stack+0x10/0x14)
[   16.544860] [<c0011a74>] (show_stack) from [<c05855d8>] (dump_stack+0x78/0x94)
[   16.544860] [<c05855d8>] (dump_stack) from [<c003d5cc>] (warn_slowpath_common+0x7c/0xb4)
[   16.544952] [<c003d5cc>] (warn_slowpath_common) from [<c003d620>] (warn_slowpath_null+0x1c/0x24)
[   16.544952] [<c003d620>] (warn_slowpath_null) from [<c012df48>] (exit_mmap+0x1a8/0x21c)
[   16.544952] [<c012df48>] (exit_mmap) from [<c003acb4>] (mmput+0x44/0xec)
[   16.544982] [<c003acb4>] (mmput) from [<c015142c>] (flush_old_exec+0x300/0x5a4)
[   16.545013] [<c015142c>] (flush_old_exec) from [<c0195cf0>] (load_elf_binary+0x2ec/0x1144)
[   16.545013] [<c0195cf0>] (load_elf_binary) from [<c0150f64>] (search_binary_handler+0x88/0x1ac)
[   16.545043] [<c0150f64>] (search_binary_handler) from [<c0151fd0>] (do_execveat_common+0x538/0x6c4)
[   16.545043] [<c0151fd0>] (do_execveat_common) from [<c0152188>] (do_execve+0x2c/0x34)
[   16.545043] [<c0152188>] (do_execve) from [<c000e5e0>] (ret_fast_syscall+0x0/0x4c)
[   16.545074] ---[ end trace ee6836564484ebf8 ]---
[   16.545074] ------------[ cut here ]------------
[   16.550018] WARNING: CPU: 0 PID: 83 at mm/mmap.c:2859 exit_mmap+0x1a8/0x21c()
[   16.550018] Modules linked in:
[   16.550018] CPU: 0 PID: 83 Comm: cat Tainted: G        W       3.19.0-rc5-next-20150121-00002-gec64530e4d74 #1
[   16.550048] Hardware name: Generic OMAP4 (Flattened Device Tree)
[   16.550048] [<c00153f0>] (unwind_backtrace) from [<c0011a74>] (show_stack+0x10/0x14)
[   16.550079] [<c0011a74>] (show_stack) from [<c05855d8>] (dump_stack+0x78/0x94)
[   16.550109] [<c05855d8>] (dump_stack) from [<c003d5cc>] (warn_slowpath_common+0x7c/0xb4)
[   16.550109] [<c003d5cc>] (warn_slowpath_common) from [<c003d620>] (warn_slowpath_null+0x1c/0x24)
[   16.550140] [<c003d620>] (warn_slowpath_null) from [<c012df48>] (exit_mmap+0x1a8/0x21c)
[   16.550140] [<c012df48>] (exit_mmap) from [<c003acb4>] (mmput+0x44/0xec)
[   16.550170] [<c003acb4>] (mmput) from [<c003fb80>] (do_exit+0x2b4/0x9b8)
[   16.550170] [<c003fb80>] (do_exit) from [<c00402f8>] (do_group_exit+0x48/0xbc)
[   16.550170] [<c00402f8>] (do_group_exit) from [<c004037c>] (__wake_up_parent+0x0/0x18)
[   16.550170] ---[ end trace ee6836564484ebf9 ]---
[   16.554016] ------------[ cut here ]------------
[   16.554016] WARNING: CPU: 0 PID: 87 at mm/mmap.c:2859 exit_mmap+0x1a8/0x21c()
[   16.554046] Modules linked in:
[   16.554046] CPU: 0 PID: 87 Comm: rc Tainted: G        W       3.19.0-rc5-next-20150121-00002-gec64530e4d74 #1
[   16.554046] Hardware name: Generic OMAP4 (Flattened Device Tree)
[   16.554077] [<c00153f0>] (unwind_backtrace) from [<c0011a74>] (show_stack+0x10/0x14)
[   16.554107] [<c0011a74>] (show_stack) from [<c05855d8>] (dump_stack+0x78/0x94)
[   16.554107] [<c05855d8>] (dump_stack) from [<c003d5cc>] (warn_slowpath_common+0x7c/0xb4)
[   16.554138] [<c003d5cc>] (warn_slowpath_common) from [<c003d620>] (warn_slowpath_null+0x1c/0x24)
[   16.554138] [<c003d620>] (warn_slowpath_null) from [<c012df48>] (exit_mmap+0x1a8/0x21c)
[   16.554168] [<c012df48>] (exit_mmap) from [<c003acb4>] (mmput+0x44/0xec)
[   16.554168] [<c003acb4>] (mmput) from [<c015142c>] (flush_old_exec+0x300/0x5a4)
[   16.554199] [<c015142c>] (flush_old_exec) from [<c0195cf0>] (load_elf_binary+0x2ec/0x1144)
[   16.554199] [<c0195cf0>] (load_elf_binary) from [<c0150f64>] (search_binary_handler+0x88/0x1ac)
[   16.554229] [<c0150f64>] (search_binary_handler) from [<c0151fd0>] (do_execveat_common+0x538/0x6c4)
[   16.554229] [<c0151fd0>] (do_execveat_common) from [<c0152188>] (do_execve+0x2c/0x34)
[   16.554260] [<c0152188>] (do_execve) from [<c000e5e0>] (ret_fast_syscall+0x0/0x4c)
[   16.554260] ---[ end trace ee6836564484ebfa ]---
[   16.561035] ------------[ cut here ]------------
[   16.562622] WARNING: CPU: 0 PID: 86 at mm/mmap.c:2859 exit_mmap+0x1a8/0x21c()
[   16.562622] Modules linked in:
[   16.562652] CPU: 0 PID: 86 Comm: rc Tainted: G        W       3.19.0-rc5-next-20150121-00002-gec64530e4d74 #1
[   16.562652] Hardware name: Generic OMAP4 (Flattened Device Tree)
[   16.562652] [<c00153f0>] (unwind_backtrace) from [<c0011a74>] (show_stack+0x10/0x14)
[   16.562652] [<c0011a74>] (show_stack) from [<c05855d8>] (dump_stack+0x78/0x94)
[   16.562652] [<c05855d8>] (dump_stack) from [<c003d5cc>] (warn_slowpath_common+0x7c/0xb4)
[   16.562744] [<c003d5cc>] (warn_slowpath_common) from [<c003d620>] (warn_slowpath_null+0x1c/0x24)
[   16.562744] [<c003d620>] (warn_slowpath_null) from [<c012df48>] (exit_mmap+0x1a8/0x21c)
[   16.562744] [<c012df48>] (exit_mmap) from [<c003acb4>] (mmput+0x44/0xec)
[   16.562774] [<c003acb4>] (mmput) from [<c015142c>] (flush_old_exec+0x300/0x5a4)
[   16.562805] [<c015142c>] (flush_old_exec) from [<c0195cf0>] (load_elf_binary+0x2ec/0x1144)
[   16.562805] [<c0195cf0>] (load_elf_binary) from [<c0150f64>] (search_binary_handler+0x88/0x1ac)
[   16.562835] [<c0150f64>] (search_binary_handler) from [<c0151fd0>] (do_execveat_common+0x538/0x6c4)
[   16.562835] [<c0151fd0>] (do_execveat_common) from [<c0152188>] (do_execve+0x2c/0x34)
[   16.562835] [<c0152188>] (do_execve) from [<c000e5e0>] (ret_fast_syscall+0x0/0x4c)
[   16.562866] ---[ end trace ee6836564484ebfb ]---
[   16.571105] ------------[ cut here ]------------
[   16.571105] WARNING: CPU: 0 PID: 84 at mm/mmap.c:2859 exit_mmap+0x1a8/0x21c()
[   16.571136] Modules linked in:
[   16.571136] CPU: 0 PID: 84 Comm: rc Tainted: G        W       3.19.0-rc5-next-20150121-00002-gec64530e4d74 #1
[   16.571136] Hardware name: Generic OMAP4 (Flattened Device Tree)
[   16.571136] [<c00153f0>] (unwind_backtrace) from [<c0011a74>] (show_stack+0x10/0x14)
[   16.571197] [<c0011a74>] (show_stack) from [<c05855d8>] (dump_stack+0x78/0x94)
[   16.571197] [<c05855d8>] (dump_stack) from [<c003d5cc>] (warn_slowpath_common+0x7c/0xb4)
[   16.571228] [<c003d5cc>] (warn_slowpath_common) from [<c003d620>] (warn_slowpath_null+0x1c/0x24)
[   16.571228] [<c003d620>] (warn_slowpath_null) from [<c012df48>] (exit_mmap+0x1a8/0x21c)
[   16.571258] [<c012df48>] (exit_mmap) from [<c003acb4>] (mmput+0x44/0xec)
[   16.571258] [<c003acb4>] (mmput) from [<c015142c>] (flush_old_exec+0x300/0x5a4)
[   16.571289] [<c015142c>] (flush_old_exec) from [<c0195cf0>] (load_elf_binary+0x2ec/0x1144)
[   16.571289] [<c0195cf0>] (load_elf_binary) from [<c0150f64>] (search_binary_handler+0x88/0x1ac)
[   16.571319] [<c0150f64>] (search_binary_handler) from [<c0151fd0>] (do_execveat_common+0x538/0x6c4)
[   16.571319] [<c0151fd0>] (do_execveat_common) from [<c0152188>] (do_execve+0x2c/0x34)
[   16.571350] [<c0152188>] (do_execve) from [<c000e5e0>] (ret_fast_syscall+0x0/0x4c)
[   16.571350] ---[ end trace ee6836564484ebfc ]---
[   16.576110] ------------[ cut here ]------------
[   16.576934] WARNING: CPU: 0 PID: 84 at mm/mmap.c:2859 exit_mmap+0x1a8/0x21c()
[   16.576934] Modules linked in:
[   16.576934] CPU: 0 PID: 84 Comm: sed Tainted: G        W       3.19.0-rc5-next-20150121-00002-gec64530e4d74 #1
[   16.576965] Hardware name: Generic OMAP4 (Flattened Device Tree)
[   16.576965] [<c00153f0>] (unwind_backtrace) from [<c0011a74>] (show_stack+0x10/0x14)
[   16.576995] [<c0011a74>] (show_stack) from [<c05855d8>] (dump_stack+0x78/0x94)
[   16.577026] [<c05855d8>] (dump_stack) from [<c003d5cc>] (warn_slowpath_common+0x7c/0xb4)
[   16.577026] [<c003d5cc>] (warn_slowpath_common) from [<c003d620>] (warn_slowpath_null+0x1c/0x24)
[   16.577056] [<c003d620>] (warn_slowpath_null) from [<c012df48>] (exit_mmap+0x1a8/0x21c)
[   16.577056] [<c012df48>] (exit_mmap) from [<c003acb4>] (mmput+0x44/0xec)
[   16.577087] [<c003acb4>] (mmput) from [<c003fb80>] (do_exit+0x2b4/0x9b8)
[   16.577087] [<c003fb80>] (do_exit) from [<c00402f8>] (do_group_exit+0x48/0xbc)
[   16.577087] [<c00402f8>] (do_group_exit) from [<c004037c>] (__wake_up_parent+0x0/0x18)
[   16.577087] ---[ end trace ee6836564484ebfd ]---
[   16.577758] ------------[ cut here ]------------
[   16.577758] WARNING: CPU: 0 PID: 85 at mm/mmap.c:2859 exit_mmap+0x1a8/0x21c()
[   16.577789] Modules linked in:
[   16.577789] CPU: 0 PID: 85 Comm: grep Tainted: G        W       3.19.0-rc5-next-20150121-00002-gec64530e4d74 #1
[   16.577789] Hardware name: Generic OMAP4 (Flattened Device Tree)
[   16.577819] [<c00153f0>] (unwind_backtrace) from [<c0011a74>] (show_stack+0x10/0x14)
[   16.577819] [<c0011a74>] (show_stack) from [<c05855d8>] (dump_stack+0x78/0x94)
[   16.577850] [<c05855d8>] (dump_stack) from [<c003d5cc>] (warn_slowpath_common+0x7c/0xb4)
[   16.577880] [<c003d5cc>] (warn_slowpath_common) from [<c003d620>] (warn_slowpath_null+0x1c/0x24)
[   16.577880] [<c003d620>] (warn_slowpath_null) from [<c012df48>] (exit_mmap+0x1a8/0x21c)
[   16.577880] [<c012df48>] (exit_mmap) from [<c003acb4>] (mmput+0x44/0xec)
[   16.577911] [<c003acb4>] (mmput) from [<c003fb80>] (do_exit+0x2b4/0x9b8)
[   16.577911] [<c003fb80>] (do_exit) from [<c00402f8>] (do_group_exit+0x48/0xbc)
[   16.577941] [<c00402f8>] (do_group_exit) from [<c004037c>] (__wake_up_parent+0x0/0x18)
[   16.577941] ---[ end trace ee6836564484ebfe ]---
[   16.578094] ------------[ cut here ]------------
[   16.578521] WARNING: CPU: 0 PID: 86 at mm/mmap.c:2859 exit_mmap+0x1a8/0x21c()
[   16.578521] Modules linked in:
[   16.578521] CPU: 0 PID: 86 Comm: cut Tainted: G        W       3.19.0-rc5-next-20150121-00002-gec64530e4d74 #1
[   16.578521] Hardware name: Generic OMAP4 (Flattened Device Tree)
[   16.578552] [<c00153f0>] (unwind_backtrace) from [<c0011a74>] (show_stack+0x10/0x14)
[   16.578582] [<c0011a74>] (show_stack) from [<c05855d8>] (dump_stack+0x78/0x94)
[   16.578582] [<c05855d8>] (dump_stack) from [<c003d5cc>] (warn_slowpath_common+0x7c/0xb4)
[   16.578613] [<c003d5cc>] (warn_slowpath_common) from [<c003d620>] (warn_slowpath_null+0x1c/0x24)
[   16.578613] [<c003d620>] (warn_slowpath_null) from [<c012df48>] (exit_mmap+0x1a8/0x21c)
[   16.578643] [<c012df48>] (exit_mmap) from [<c003acb4>] (mmput+0x44/0xec)
[   16.578643] [<c003acb4>] (mmput) from [<c003fb80>] (do_exit+0x2b4/0x9b8)
[   16.578643] [<c003fb80>] (do_exit) from [<c00402f8>] (do_group_exit+0x48/0xbc)
[   16.578674] [<c00402f8>] (do_group_exit) from [<c004037c>] (__wake_up_parent+0x0/0x18)
[   16.578674] ---[ end trace ee6836564484ebff ]---
[   16.579376] ------------[ cut here ]------------
[   16.579376] WARNING: CPU: 0 PID: 87 at mm/mmap.c:2859 exit_mmap+0x1a8/0x21c()
[   16.579406] Modules linked in:
[   16.579406] CPU: 0 PID: 87 Comm: cut Tainted: G        W       3.19.0-rc5-next-20150121-00002-gec64530e4d74 #1
[   16.579406] Hardware name: Generic OMAP4 (Flattened Device Tree)
[   16.579437] [<c00153f0>] (unwind_backtrace) from [<c0011a74>] (show_stack+0x10/0x14)
[   16.579467] [<c0011a74>] (show_stack) from [<c05855d8>] (dump_stack+0x78/0x94)
[   16.579467] [<c05855d8>] (dump_stack) from [<c003d5cc>] (warn_slowpath_common+0x7c/0xb4)
[   16.579498] [<c003d5cc>] (warn_slowpath_common) from [<c003d620>] (warn_slowpath_null+0x1c/0x24)
[   16.579498] [<c003d620>] (warn_slowpath_null) from [<c012df48>] (exit_mmap+0x1a8/0x21c)
[   16.579528] [<c012df48>] (exit_mmap) from [<c003acb4>] (mmput+0x44/0xec)
[   16.579528] [<c003acb4>] (mmput) from [<c003fb80>] (do_exit+0x2b4/0x9b8)
[   16.579528] [<c003fb80>] (do_exit) from [<c00402f8>] (do_group_exit+0x48/0xbc)
[   16.579559] [<c00402f8>] (do_group_exit) from [<c004037c>] (__wake_up_parent+0x0/0x18)
[   16.579559] ---[ end trace ee6836564484ec00 ]---
[   16.581970] ------------[ cut here ]------------
[   16.582061] WARNING: CPU: 0 PID: 82 at mm/mmap.c:2859 exit_mmap+0x1a8/0x21c()
[   16.582061] Modules linked in:
[   16.582061] CPU: 0 PID: 82 Comm: rc Tainted: G        W       3.19.0-rc5-next-20150121-00002-gec64530e4d74 #1
[   16.582061] Hardware name: Generic OMAP4 (Flattened Device Tree)
[   16.582092] [<c00153f0>] (unwind_backtrace) from [<c0011a74>] (show_stack+0x10/0x14)
[   16.582122] [<c0011a74>] (show_stack) from [<c05855d8>] (dump_stack+0x78/0x94)
[   16.582122] [<c05855d8>] (dump_stack) from [<c003d5cc>] (warn_slowpath_common+0x7c/0xb4)
[   16.582122] [<c003d5cc>] (warn_slowpath_common) from [<c003d620>] (warn_slowpath_null+0x1c/0x24)
[   16.582122] [<c003d620>] (warn_slowpath_null) from [<c012df48>] (exit_mmap+0x1a8/0x21c)
[   16.582183] [<c012df48>] (exit_mmap) from [<c003acb4>] (mmput+0x44/0xec)
[   16.582183] [<c003acb4>] (mmput) from [<c003fb80>] (do_exit+0x2b4/0x9b8)
[   16.582214] [<c003fb80>] (do_exit) from [<c00402f8>] (do_group_exit+0x48/0xbc)
[   16.582214] [<c00402f8>] (do_group_exit) from [<c004037c>] (__wake_up_parent+0x0/0x18)
[   16.582214] ---[ end trace ee6836564484ec01 ]---
[   16.586517] ------------[ cut here ]------------
[   16.586517] WARNING: CPU: 0 PID: 88 at mm/mmap.c:2859 exit_mmap+0x1a8/0x21c()
[   16.586547] Modules linked in:
[   16.586547] CPU: 0 PID: 88 Comm: rc Tainted: G        W       3.19.0-rc5-next-20150121-00002-gec64530e4d74 #1
[   16.586547] Hardware name: Generic OMAP4 (Flattened Device Tree)
[   16.586547] [<c00153f0>] (unwind_backtrace) from [<c0011a74>] (show_stack+0x10/0x14)
[   16.586608] [<c0011a74>] (show_stack) from [<c05855d8>] (dump_stack+0x78/0x94)
[   16.586608] [<c05855d8>] (dump_stack) from [<c003d5cc>] (warn_slowpath_common+0x7c/0xb4)
[   16.586639] [<c003d5cc>] (warn_slowpath_common) from [<c003d620>] (warn_slowpath_null+0x1c/0x24)
[   16.586639] [<c003d620>] (warn_slowpath_null) from [<c012df48>] (exit_mmap+0x1a8/0x21c)
[   16.586669] [<c012df48>] (exit_mmap) from [<c003acb4>] (mmput+0x44/0xec)
[   16.586669] [<c003acb4>] (mmput) from [<c015142c>] (flush_old_exec+0x300/0x5a4)
[   16.586700] [<c015142c>] (flush_old_exec) from [<c0195cf0>] (load_elf_binary+0x2ec/0x1144)
[   16.586700] [<c0195cf0>] (load_elf_binary) from [<c0150f64>] (search_binary_handler+0x88/0x1ac)
[   16.586730] [<c0150f64>] (search_binary_handler) from [<c0151fd0>] (do_execveat_common+0x538/0x6c4)
[   16.586730] [<c0151fd0>] (do_execveat_common) from [<c0152188>] (do_execve+0x2c/0x34)
[   16.586761] [<c0152188>] (do_execve) from [<c000e5e0>] (ret_fast_syscall+0x0/0x4c)
[   16.586761] ---[ end trace ee6836564484ec02 ]---
[   16.591217] ------------[ cut here ]------------
[   16.591674] WARNING: CPU: 0 PID: 88 at mm/mmap.c:2859 exit_mmap+0x1a8/0x21c()
[   16.591674] Modules linked in:
[   16.591674] CPU: 0 PID: 88 Comm: rm Tainted: G        W       3.19.0-rc5-next-20150121-00002-gec64530e4d74 #1
[   16.591674] Hardware name: Generic OMAP4 (Flattened Device Tree)
[   16.591674] [<c00153f0>] (unwind_backtrace) from [<c0011a74>] (show_stack+0x10/0x14)
[   16.591735] [<c0011a74>] (show_stack) from [<c05855d8>] (dump_stack+0x78/0x94)
[   16.591766] [<c05855d8>] (dump_stack) from [<c003d5cc>] (warn_slowpath_common+0x7c/0xb4)
[   16.591766] [<c003d5cc>] (warn_slowpath_common) from [<c003d620>] (warn_slowpath_null+0x1c/0x24)
[   16.591796] [<c003d620>] (warn_slowpath_null) from [<c012df48>] (exit_mmap+0x1a8/0x21c)
[   16.591796] [<c012df48>] (exit_mmap) from [<c003acb4>] (mmput+0x44/0xec)
[   16.591796] [<c003acb4>] (mmput) from [<c003fb80>] (do_exit+0x2b4/0x9b8)
[   16.591827] [<c003fb80>] (do_exit) from [<c00402f8>] (do_group_exit+0x48/0xbc)
[   16.591827] [<c00402f8>] (do_group_exit) from [<c004037c>] (__wake_up_parent+0x0/0x18)
[   16.591827] ---[ end trace ee6836564484ec03 ]---
[   16.593597] ------------[ cut here ]------------
[   16.595825] WARNING: CPU: 0 PID: 89 at mm/mmap.c:2859 exit_mmap+0x1a8/0x21c()
[   16.595825] Modules linked in:
[   16.595855] CPU: 0 PID: 89 Comm: rc Tainted: G        W       3.19.0-rc5-next-20150121-00002-gec64530e4d74 #1
[   16.595855] Hardware name: Generic OMAP4 (Flattened Device Tree)
[   16.595855] [<c00153f0>] (unwind_backtrace) from [<c0011a74>] (show_stack+0x10/0x14)
[   16.595855] [<c0011a74>] (show_stack) from [<c05855d8>] (dump_stack+0x78/0x94)
[   16.595916] [<c05855d8>] (dump_stack) from [<c003d5cc>] (warn_slowpath_common+0x7c/0xb4)
[   16.595916] [<c003d5cc>] (warn_slowpath_common) from [<c003d620>] (warn_slowpath_null+0x1c/0x24)
[   16.595947] [<c003d620>] (warn_slowpath_null) from [<c012df48>] (exit_mmap+0x1a8/0x21c)
[   16.595947] [<c012df48>] (exit_mmap) from [<c003acb4>] (mmput+0x44/0xec)
[   16.595977] [<c003acb4>] (mmput) from [<c015142c>] (flush_old_exec+0x300/0x5a4)
[   16.595977] [<c015142c>] (flush_old_exec) from [<c0195cf0>] (load_elf_binary+0x2ec/0x1144)
[   16.596008] [<c0195cf0>] (load_elf_binary) from [<c0150f64>] (search_binary_handler+0x88/0x1ac)
[   16.596008] [<c0150f64>] (search_binary_handler) from [<c0151fd0>] (do_execveat_common+0x538/0x6c4)
[   16.596038] [<c0151fd0>] (do_execveat_common) from [<c0152188>] (do_execve+0x2c/0x34)
[   16.596038] [<c0152188>] (do_execve) from [<c000e5e0>] (ret_fast_syscall+0x0/0x4c)
[   16.596069] ---[ end trace ee6836564484ec04 ]---
[   16.596069] ------------[ cut here ]------------
[   16.596069] WARNING: CPU: 0 PID: 89 at mm/mmap.c:2859 exit_mmap+0x1a8/0x21c()
[   16.600830] Modules linked in:
[   16.600830] CPU: 0 PID: 89 Comm: ln Tainted: G        W       3.19.0-rc5-next-20150121-00002-gec64530e4d74 #1
[   16.600830] Hardware name: Generic OMAP4 (Flattened Device Tree)
[   16.600830] [<c00153f0>] (unwind_backtrace) from [<c0011a74>] (show_stack+0x10/0x14)
[   16.600891] [<c0011a74>] (show_stack) from [<c05855d8>] (dump_stack+0x78/0x94)
[   16.600891] [<c05855d8>] (dump_stack) from [<c003d5cc>] (warn_slowpath_common+0x7c/0xb4)
[   16.600921] [<c003d5cc>] (warn_slowpath_common) from [<c003d620>] (warn_slowpath_null+0x1c/0x24)
[   16.600921] [<c003d620>] (warn_slowpath_null) from [<c012df48>] (exit_mmap+0x1a8/0x21c)
[   16.600952] [<c012df48>] (exit_mmap) from [<c003acb4>] (mmput+0x44/0xec)
[   16.600952] [<c003acb4>] (mmput) from [<c003fb80>] (do_exit+0x2b4/0x9b8)
[   16.601013] [<c003fb80>] (do_exit) from [<c00402f8>] (do_group_exit+0x48/0xbc)
[   16.601074] [<c00402f8>] (do_group_exit) from [<c004037c>] (__wake_up_parent+0x0/0x18)
[   16.601074] ---[ end trace ee6836564484ec05 ]---
[   16.643310] ------------[ cut here ]------------
[   16.643310] WARNING: CPU: 0 PID: 78 at mm/mmap.c:2859 exit_mmap+0x1a8/0x21c()
[   16.643341] Modules linked in:
[   16.643341] CPU: 0 PID: 78 Comm: rc Tainted: G        W       3.19.0-rc5-next-20150121-00002-gec64530e4d74 #1
[   16.643341] Hardware name: Generic OMAP4 (Flattened Device Tree)
[   16.643341] [<c00153f0>] (unwind_backtrace) from [<c0011a74>] (show_stack+0x10/0x14)
[   16.643402] [<c0011a74>] (show_stack) from [<c05855d8>] (dump_stack+0x78/0x94)
[   16.643402] [<c05855d8>] (dump_stack) from [<c003d5cc>] (warn_slowpath_common+0x7c/0xb4)
[   16.643432] [<c003d5cc>] (warn_slowpath_common) from [<c003d620>] (warn_slowpath_null+0x1c/0x24)
[   16.643432] [<c003d620>] (warn_slowpath_null) from [<c012df48>] (exit_mmap+0x1a8/0x21c)
[   16.643463] [<c012df48>] (exit_mmap) from [<c003acb4>] (mmput+0x44/0xec)
[   16.643463] [<c003acb4>] (mmput) from [<c003fb80>] (do_exit+0x2b4/0x9b8)
[   16.643463] [<c003fb80>] (do_exit) from [<c00402f8>] (do_group_exit+0x48/0xbc)
[   16.643493] [<c00402f8>] (do_group_exit) from [<c004037c>] (__wake_up_parent+0x0/0x18)
[   16.643493] ---[ end trace ee6836564484ec06 ]---
[   20.188232] Modules linked in:
[   20.188232] CPU: 1 PID: 71 Comm: psplash Tainted: G        W       3.19.0-rc5-next-20150121-00002-gec64530e4d74 #1
[   20.188262] Hardware name: Generic OMAP4 (Flattened Device Tree)
[   20.188262] [<c00153f0>] (unwind_backtrace) from [<c0011a74>] (show_stack+0x10/0x14)
[   20.188262] [<c0011a74>] (show_stack) from [<c05855d8>] (dump_stack+0x78/0x94)
[   20.188262] [<c05855d8>] (dump_stack) from [<c003d5cc>] (warn_slowpath_common+0x7c/0xb4)
[   20.188354] [<c003d5cc>] (warn_slowpath_common) from [<c003d620>] (warn_slowpath_null+0x1c/0x24)
[   20.188385] [<c003d620>] (warn_slowpath_null) from [<c012df48>] (exit_mmap+0x1a8/0x21c)
[   20.188385] [<c012df48>] (exit_mmap) from [<c003acb4>] (mmput+0x44/0xec)
[   20.188385] [<c003acb4>] (mmput) from [<c003fb80>] (do_exit+0x2b4/0x9b8)
[   20.188415] [<c003fb80>] (do_exit) from [<c00402f8>] (do_group_exit+0x48/0xbc)
[   20.188415] [<c00402f8>] (do_group_exit) from [<c004037c>] (__wake_up_parent+0x0/0x18)
[   20.188415] ---[ end trace ee6836564484ec07 ]---
[   20.287109] ------------[ cut here ]------------
[   20.292572] WARNING: CPU: 1 PID: 91 at mm/mmap.c:2859 exit_mmap+0x1a8/0x21c()
[   20.300048] Modules linked in:
[   20.303070] CPU: 1 PID: 91 Comm: rc Tainted: G        W       3.19.0-rc5-next-20150121-00002-gec64530e4d74 #1
[   20.313720] Hardware name: Generic OMAP4 (Flattened Device Tree)
[   20.320037] [<c00153f0>] (unwind_backtrace) from [<c0011a74>] (show_stack+0x10/0x14)
[   20.328186] [<c0011a74>] (show_stack) from [<c05855d8>] (dump_stack+0x78/0x94)
[   20.335815] [<c05855d8>] (dump_stack) from [<c003d5cc>] (warn_slowpath_common+0x7c/0xb4)
[   20.344329] [<c003d5cc>] (warn_slowpath_common) from [<c003d620>] (warn_slowpath_null+0x1c/0x24)
[   20.353607] [<c003d620>] (warn_slowpath_null) from [<c012df48>] (exit_mmap+0x1a8/0x21c)
[   20.362030] [<c012df48>] (exit_mmap) from [<c003acb4>] (mmput+0x44/0xec)
[   20.369049] [<c003acb4>] (mmput) from [<c003fb80>] (do_exit+0x2b4/0x9b8)
[   20.376129] [<c003fb80>] (do_exit) from [<c00402f8>] (do_group_exit+0x48/0xbc)
[   20.381103] [<c00402f8>] (do_group_exit) from [<c004037c>] (__wake_up_parent+0x0/0x18)
[   20.391998] ---[ end trace ee6836564484ec08 ]---
[   20.399719] ------------[ cut here ]------------
[   20.405242] WARNING: CPU: 0 PID: 90 at mm/mmap.c:2859 exit_mmap+0x1a8/0x21c()
[   20.412780] Modules linked in:
[   20.412780] CPU: 0 PID: 90 Comm: rc Tainted: G        W       3.19.0-rc5-next-20150121-00002-gec64530e4d74 #1
[   20.426391] Hardware name: Generic OMAP4 (Flattened Device Tree)
[   20.432708] [<c00153f0>] (unwind_backtrace) from [<c0011a74>] (show_stack+0x10/0x14)
[   20.440887] [<c0011a74>] (show_stack) from [<c05855d8>] (dump_stack+0x78/0x94)
[   20.448486] [<c05855d8>] (dump_stack) from [<c003d5cc>] (warn_slowpath_common+0x7c/0xb4)
[   20.457000] [<c003d5cc>] (warn_slowpath_common) from [<c003d620>] (warn_slowpath_null+0x1c/0x24)
[   20.466217] [<c003d620>] (warn_slowpath_null) from [<c012df48>] (exit_mmap+0x1a8/0x21c)
[   20.474670] [<c012df48>] (exit_mmap) from [<c003acb4>] (mmput+0x44/0xec)
[   20.480987] [<c003acb4>] (mmput) from [<c003fb80>] (do_exit+0x2b4/0x9b8)
[   20.488769] [<c003fb80>] (do_exit) from [<c00402f8>] (do_group_exit+0x48/0xbc)
[   20.496368] [<c00402f8>] (do_group_exit) from [<c004037c>] (__wake_up_parent+0x0/0x18)
[   20.504699] ---[ end trace ee6836564484ec09 ]---
[   20.875396] ------------[ cut here ]------------
[   20.875396] WARNING: CPU: 1 PID: 93 at mm/mmap.c:2859 exit_mmap+0x1a8/0x21c()
[   20.888336] Modules linked in:
[   20.891387] CPU: 1 PID: 93 Comm: rc Tainted: G        W       3.19.0-rc5-next-20150121-00002-gec64530e4d74 #1
[   20.902008] Hardware name: Generic OMAP4 (Flattened Device Tree)
[   20.902008] [<c00153f0>] (unwind_backtrace) from [<c0011a74>] (show_stack+0x10/0x14)
[   20.916442] [<c0011a74>] (show_stack) from [<c05855d8>] (dump_stack+0x78/0x94)
[   20.920989] [<c05855d8>] (dump_stack) from [<c003d5cc>] (warn_slowpath_common+0x7c/0xb4)
[   20.932556] [<c003d5cc>] (warn_slowpath_common) from [<c003d620>] (warn_slowpath_null+0x1c/0x24)
[   20.941772] [<c003d620>] (warn_slowpath_null) from [<c012df48>] (exit_mmap+0x1a8/0x21c)
[   20.950195] [<c012df48>] (exit_mmap) from [<c003acb4>] (mmput+0x44/0xec)
[   20.957244] [<c003acb4>] (mmput) from [<c015142c>] (flush_old_exec+0x300/0x5a4)
[   20.964935] [<c015142c>] (flush_old_exec) from [<c0195cf0>] (load_elf_binary+0x2ec/0x1144)
[   20.973632] [<c0195cf0>] (load_elf_binary) from [<c0150f64>] (search_binary_handler+0x88/0x1ac)
[   20.982788] [<c0150f64>] (search_binary_handler) from [<c0151fd0>] (do_execveat_common+0x538/0x6c4)
[   20.992279] [<c0151fd0>] (do_execveat_common) from [<c0152188>] (do_execve+0x2c/0x34)
[   21.000518] [<c0152188>] (do_execve) from [<c000e5e0>] (ret_fast_syscall+0x0/0x4c)
[   21.008483] ---[ end trace ee6836564484ec0a ]---
[   21.018859] ------------[ cut here ]------------
[   21.023712] WARNING: CPU: 1 PID: 93 at mm/mmap.c:2859 exit_mmap+0x1a8/0x21c()
[   21.031249] Modules linked in:
[   21.031249] CPU: 1 PID: 93 Comm: grep Tainted: G        W       3.19.0-rc5-next-20150121-00002-gec64530e4d74 #1
[   21.045074] Hardware name: Generic OMAP4 (Flattened Device Tree)
[   21.051391] [<c00153f0>] (unwind_backtrace) from [<c0011a74>] (show_stack+0x10/0x14)
[   21.051422] [<c0011a74>] (show_stack) from [<c05855d8>] (dump_stack+0x78/0x94)
[   21.067138] [<c05855d8>] (dump_stack) from [<c003d5cc>] (warn_slowpath_common+0x7c/0xb4)
[   21.071075] [<c003d5cc>] (warn_slowpath_common) from [<c003d620>] (warn_slowpath_null+0x1c/0x24)
[   21.084869] [<c003d620>] (warn_slowpath_null) from [<c012df48>] (exit_mmap+0x1a8/0x21c)
[   21.093292] [<c012df48>] (exit_mmap) from [<c003acb4>] (mmput+0x44/0xec)
[   21.093292] [<c003acb4>] (mmput) from [<c003fb80>] (do_exit+0x2b4/0x9b8)
[   21.107360] [<c003fb80>] (do_exit) from [<c00402f8>] (do_group_exit+0x48/0xbc)
[   21.114959] [<c00402f8>] (do_group_exit) from [<c004037c>] (__wake_up_parent+0x0/0x18)
[   21.123291] ---[ end trace ee6836564484ec0b ]---
[   21.133361] ------------[ cut here ]------------
[   21.138305] WARNING: CPU: 1 PID: 94 at mm/mmap.c:2859 exit_mmap+0x1a8/0x21c()
[   21.145782] Modules linked in:
[   21.145782] CPU: 1 PID: 94 Comm: rc Tainted: G        W       3.19.0-rc5-next-20150121-00002-gec64530e4d74 #1
[   21.159423] Hardware name: Generic OMAP4 (Flattened Device Tree)
[   21.165740] [<c00153f0>] (unwind_backtrace) from [<c0011a74>] (show_stack+0x10/0x14)
[   21.173889] [<c0011a74>] (show_stack) from [<c05855d8>] (dump_stack+0x78/0x94)
[   21.181518] [<c05855d8>] (dump_stack) from [<c003d5cc>] (warn_slowpath_common+0x7c/0xb4)
[   21.188171] [<c003d5cc>] (warn_slowpath_common) from [<c003d620>] (warn_slowpath_null+0x1c/0x24)
[   21.199279] [<c003d620>] (warn_slowpath_null) from [<c012df48>] (exit_mmap+0x1a8/0x21c)
[   21.207672] [<c012df48>] (exit_mmap) from [<c003acb4>] (mmput+0x44/0xec)
[   21.214752] [<c003acb4>] (mmput) from [<c015142c>] (flush_old_exec+0x300/0x5a4)
[   21.222442] [<c015142c>] (flush_old_exec) from [<c0195cf0>] (load_elf_binary+0x2ec/0x1144)
[   21.231140] [<c0195cf0>] (load_elf_binary) from [<c0150f64>] (search_binary_handler+0x88/0x1ac)
[   21.231140] [<c0150f64>] (search_binary_handler) from [<c0151fd0>] (do_execveat_common+0x538/0x6c4)
[   21.249786] [<c0151fd0>] (do_execveat_common) from [<c0152188>] (do_execve+0x2c/0x34)
[   21.252227] [<c0152188>] (do_execve) from [<c000e5e0>] (ret_fast_syscall+0x0/0x4c)
[   21.265960] ---[ end trace ee6836564484ec0c ]---
[   21.276763] ------------[ cut here ]------------
[   21.281768] WARNING: CPU: 1 PID: 94 at mm/mmap.c:2859 exit_mmap+0x1a8/0x21c()
[   21.281768] Modules linked in:
[   21.292449] CPU: 1 PID: 94 Comm: mount Tainted: G        W       3.19.0-rc5-next-20150121-00002-gec64530e4d74 #1
[   21.303131] Hardware name: Generic OMAP4 (Flattened Device Tree)
[   21.303131] [<c00153f0>] (unwind_backtrace) from [<c0011a74>] (show_stack+0x10/0x14)
[   21.317596] [<c0011a74>] (show_stack) from [<c05855d8>] (dump_stack+0x78/0x94)
[   21.325256] [<c05855d8>] (dump_stack) from [<c003d5cc>] (warn_slowpath_common+0x7c/0xb4)
[   21.330993] [<c003d5cc>] (warn_slowpath_common) from [<c003d620>] (warn_slowpath_null+0x1c/0x24)
[   21.342987] [<c003d620>] (warn_slowpath_null) from [<c012df48>] (exit_mmap+0x1a8/0x21c)
[   21.351409] [<c012df48>] (exit_mmap) from [<c003acb4>] (mmput+0x44/0xec)
[   21.351409] [<c003acb4>] (mmput) from [<c003fb80>] (do_exit+0x2b4/0x9b8)
[   21.365509] [<c003fb80>] (do_exit) from [<c00402f8>] (do_group_exit+0x48/0xbc)
[   21.373077] [<c00402f8>] (do_group_exit) from [<c004037c>] (__wake_up_parent+0x0/0x18)
[   21.381378] ---[ end trace ee6836564484ec0d ]---
[   21.390594] ------------[ cut here ]------------
[   21.395568] WARNING: CPU: 0 PID: 95 at mm/mmap.c:2859 exit_mmap+0x1a8/0x21c()
[   21.403076] Modules linked in:
[   21.406311] CPU: 0 PID: 95 Comm: rc Tainted: G        W       3.19.0-rc5-next-20150121-00002-gec64530e4d74 #1
[   21.416717] Hardware name: Generic OMAP4 (Flattened Device Tree)
[   21.421081] [<c00153f0>] (unwind_backtrace) from [<c0011a74>] (show_stack+0x10/0x14)
[   21.431060] [<c0011a74>] (show_stack) from [<c05855d8>] (dump_stack+0x78/0x94)
[   21.438781] [<c05855d8>] (dump_stack) from [<c003d5cc>] (warn_slowpath_common+0x7c/0xb4)
[   21.441070] [<c003d5cc>] (warn_slowpath_common) from [<c003d620>] (warn_slowpath_null+0x1c/0x24)
[   21.456542] [<c003d620>] (warn_slowpath_null) from [<c012df48>] (exit_mmap+0x1a8/0x21c)
[   21.464965] [<c012df48>] (exit_mmap) from [<c003acb4>] (mmput+0x44/0xec)
[   21.465484] [<c003acb4>] (mmput) from [<c015142c>] (flush_old_exec+0x300/0x5a4)
[   21.479705] [<c015142c>] (flush_old_exec) from [<c0195cf0>] (load_elf_binary+0x2ec/0x1144)
[   21.488372] [<c0195cf0>] (load_elf_binary) from [<c0150f64>] (search_binary_handler+0x88/0x1ac)
[   21.497528] [<c0150f64>] (search_binary_handler) from [<c0151fd0>] (do_execveat_common+0x538/0x6c4)
[   21.507049] [<c0151fd0>] (do_execveat_common) from [<c0152188>] (do_execve+0x2c/0x34)
[   21.515289] [<c0152188>] (do_execve) from [<c000e5e0>] (ret_fast_syscall+0x0/0x4c)
[   21.523254] ---[ end trace ee6836564484ec0e ]---
[   21.533386] ------------[ cut here ]------------
[   21.533386] WARNING: CPU: 0 PID: 95 at mm/mmap.c:2859 exit_mmap+0x1a8/0x21c()
[   21.545837] Modules linked in:
[   21.545837] CPU: 0 PID: 95 Comm: grep Tainted: G        W       3.19.0-rc5-next-20150121-00002-gec64530e4d74 #1
[   21.559631] Hardware name: Generic OMAP4 (Flattened Device Tree)
[   21.565979] [<c00153f0>] (unwind_backtrace) from [<c0011a74>] (show_stack+0x10/0x14)
[   21.574127] [<c0011a74>] (show_stack) from [<c05855d8>] (dump_stack+0x78/0x94)
[   21.581756] [<c05855d8>] (dump_stack) from [<c003d5cc>] (warn_slowpath_common+0x7c/0xb4)
[   21.581756] [<c003d5cc>] (warn_slowpath_common) from [<c003d620>] (warn_slowpath_null+0x1c/0x24)
[   21.599517] [<c003d620>] (warn_slowpath_null) from [<c012df48>] (exit_mmap+0x1a8/0x21c)
[   21.607940] [<c012df48>] (exit_mmap) from [<c003acb4>] (mmput+0x44/0xec)
[   21.614990] [<c003acb4>] (mmput) from [<c003fb80>] (do_exit+0x2b4/0x9b8)
[   21.622039] [<c003fb80>] (do_exit) from [<c00402f8>] (do_group_exit+0x48/0xbc)
[   21.629608] [<c00402f8>] (do_group_exit) from [<c004037c>] (__wake_up_parent+0x0/0x18)
[   21.637939] ---[ end trace ee6836564484ec0f ]---
[   21.645904] ------------[ cut here ]------------
[   21.651367] WARNING: CPU: 0 PID: 96 at mm/mmap.c:2859 exit_mmap+0x1a8/0x21c()
[   21.658843] Modules linked in:
[   21.661865] CPU: 0 PID: 96 Comm: rc Tainted: G        W       3.19.0-rc5-next-20150121-00002-gec64530e4d74 #1
[   21.672515] Hardware name: Generic OMAP4 (Flattened Device Tree)
[   21.672515] [<c00153f0>] (unwind_backtrace) from [<c0011a74>] (show_stack+0x10/0x14)
[   21.686920] [<c0011a74>] (show_stack) from [<c05855d8>] (dump_stack+0x78/0x94)
[   21.694519] [<c05855d8>] (dump_stack) from [<c003d5cc>] (warn_slowpath_common+0x7c/0xb4)
[   21.703002] [<c003d5cc>] (warn_slowpath_common) from [<c003d620>] (warn_slowpath_null+0x1c/0x24)
[   21.712280] [<c003d620>] (warn_slowpath_null) from [<c012df48>] (exit_mmap+0x1a8/0x21c)
[   21.715057] [<c012df48>] (exit_mmap) from [<c003acb4>] (mmput+0x44/0xec)
[   21.727722] [<c003acb4>] (mmput) from [<c015142c>] (flush_old_exec+0x300/0x5a4)
[   21.735412] [<c015142c>] (flush_old_exec) from [<c0195cf0>] (load_elf_binary+0x2ec/0x1144)
[   21.744110] [<c0195cf0>] (load_elf_binary) from [<c0150f64>] (search_binary_handler+0x88/0x1ac)
[   21.751068] [<c0150f64>] (search_binary_handler) from [<c0151fd0>] (do_execveat_common+0x538/0x6c4)
[   21.762756] [<c0151fd0>] (do_execveat_common) from [<c0152188>] (do_execve+0x2c/0x34)
[   21.770996] [<c0152188>] (do_execve) from [<c000e5e0>] (ret_fast_syscall+0x0/0x4c)
[   21.771057] ---[ end trace ee6836564484ec10 ]---
[   21.788909] ------------[ cut here ]------------
[   21.793823] WARNING: CPU: 0 PID: 96 at mm/mmap.c:2859 exit_mmap+0x1a8/0x21c()
[   21.801391] Modules linked in:
[   21.801391] CPU: 0 PID: 96 Comm: mount Tainted: G        W       3.19.0-rc5-next-20150121-00002-gec64530e4d74 #1
[   21.815277] Hardware name: Generic OMAP4 (Flattened Device Tree)
[   21.821594] [<c00153f0>] (unwind_backtrace) from [<c0011a74>] (show_stack+0x10/0x14)
[   21.829711] [<c0011a74>] (show_stack) from [<c05855d8>] (dump_stack+0x78/0x94)
[   21.837341] [<c05855d8>] (dump_stack) from [<c003d5cc>] (warn_slowpath_common+0x7c/0xb4)
[   21.845855] [<c003d5cc>] (warn_slowpath_common) from [<c003d620>] (warn_slowpath_null+0x1c/0x24)
[   21.855102] [<c003d620>] (warn_slowpath_null) from [<c012df48>] (exit_mmap+0x1a8/0x21c)
[   21.860992] [<c012df48>] (exit_mmap) from [<c003acb4>] (mmput+0x44/0xec)
[   21.870544] [<c003acb4>] (mmput) from [<c003fb80>] (do_exit+0x2b4/0x9b8)
[   21.877593] [<c003fb80>] (do_exit) from [<c00402f8>] (do_group_exit+0x48/0xbc)
[   21.885192] [<c00402f8>] (do_group_exit) from [<c004037c>] (__wake_up_parent+0x0/0x18)
[   21.890991] ---[ end trace ee6836564484ec11 ]---
[   21.900177] ------------[ cut here ]------------
[   21.905181] WARNING: CPU: 1 PID: 92 at mm/mmap.c:2859 exit_mmap+0x1a8/0x21c()
[   21.910980] Modules linked in:
[   21.912689] CPU: 1 PID: 92 Comm: rc Tainted: G        W       3.19.0-rc5-next-20150121-00002-gec64530e4d74 #1
[   21.926300] Hardware name: Generic OMAP4 (Flattened Device Tree)
[   21.931060] [<c00153f0>] (unwind_backtrace) from [<c0011a74>] (show_stack+0x10/0x14)
[   21.940734] [<c0011a74>] (show_stack) from [<c05855d8>] (dump_stack+0x78/0x94)
