- 00:23:22 [INFO] Starting target session
- 00:23:25 [INFO] Connected to pandaboard-es via serial 
- 00:23:25 [INFO] Host: #check prompt
- 00:23:28 [ERROR] On command: #check prompt waiting for #check prompt.+?(?-mix:((?-mix:.*\s+login)|[Pp]assword)) >>> error: execution expired
- 00:23:28 [INFO] Target: 
#check prompt
root@pandaboard:/test# 
- 00:23:28 [INFO] Host: #check prompt
- 00:23:28 [INFO] Target: 
#check prompt
root@pandaboard:/test# 
- 00:23:28 [INFO] Host: sync;poweroff
- 00:23:42 [INFO] Target: 
sync;poweroff
Broadcast message from root@pandaboard (ttyO2) (Mon Sep  7 00:39:05 2015):
The system is INIT: Switching to runlevel: 0
INIT: Sending processes the TERM signal
root@pandaboard:/test# 
INIT: Sending Stopping syslogd/klogd: stopped syslogd (pid 1181)
stopped klogd (pid 1183)
done
Deconfiguring network interfaces... ifdown: interface eth0 not configured
done.
Sending all processes the TERM signal...
Sending all processes the KILL signal...
Unmounting remote filesystems...
Deactivating swap...
Unmounting local filesystems...
[160623.388610] reboot: System halted
- 00:23:42 [INFO] Disconnected serial from pandaboard-es
- 00:24:15 [INFO] Connected to pandaboard-es via serial 
- 00:24:15 [INFO] Host: 
- 00:24:16 [INFO] Target: 
U-Boot# 
U-Boot# 
U-Boot# 
U-Boot# 
U-Boot# 
U-Boot# 
- 00:24:16 [INFO] Host: 
- 00:24:16 [INFO] Target: 
U-Boot# 
U-Boot# 
U-Boot# 
U-Boot# 
U-Boot# 
- 00:24:16 [INFO] Host: version
- 00:24:16 [INFO] Target: 
version
U-Boot 2015.07-g852c8ba (Mar 10 2016 - 22:36:01 -0600)
arm-linux-gnueabihf-gcc (Linaro GCC 4.9-2015.05) 4.9.3 20150413 (prerelease)
GNU ld (GNU Binutils) Linaro 2014.11-3-git 2.24.0.20141017
U-Boot# 
- 00:24:16 [INFO] Host: setenv bootargs 'console=ttyO2,115200n8 vram=16M earlyprintk=serial,ttyO2,115200n8 rootwait '
- 00:24:16 [INFO] Target: 
setenv bootargs 'console=ttyO2,115200n8 vram=16M earlyprintk=serial,ttyO2,115200n8 rootwait '
U-Boot# 
- 00:24:16 [INFO] Host: setenv bootcmd  ''
- 00:24:16 [INFO] Target: 
setenv bootcmd  ''
U-Boot# 
- 00:24:16 [INFO] Host: setenv autoload 'no'
- 00:24:16 [INFO] Target: 
setenv autoload 'no'
U-Boot# 
- 00:24:16 [INFO] Host: setenv serverip '192.168.1.254'
- 00:24:17 [INFO] Target: 
setenv serverip '192.168.1.254'
U-Boot# 
- 00:24:17 [INFO] Host: printenv
- 00:24:17 [INFO] Target: 
printenv
arch=arm
args_mmc=run finduuid;setenv bootargs console=${console} ${optargs} root=PARTUUID=${uuid} rw rootfstype=${mmcrootfstype}
autoload=no
baudrate=115200
board=panda
board_name=panda
bootargs=console=ttyO2,115200n8 vram=16M earlyprintk=serial,ttyO2,115200n8 rootwait 
bootcmd=
bootdelay=1
bootdir=/boot
bootenvfile=uEnv.txt
bootfile=zImage
bootm_size=0x10000000
bootpart=0:2
bootscript=echo Running bootscript from mmc${mmcdev} ...; source ${loadaddr}
console=ttyO2,115200n8
cpu=armv7
envboot=mmc dev ${mmcdev}; if mmc rescan; then echo SD/MMC found on device ${mmcdev};if run loadbootscript; then run bootscript;else if run loadbootenv; then echo Loaded env from ${bootenvfile};run importbootenv;fi;if test -n $uenvcmd; then echo Running uenvcmd ...;run uenvcmd;fi;fi;fi;
es=panda-es
fdt_addr_r=0x88000000
fdtaddr=0x88000000
fdtfile=undefined
findfdt=if test $board_name = sdp4430; then setenv fdtfile omap4-sdp.dtb; fi; if test $board_name = panda; then setenv fdtfile omap4-panda.dtb; fi;if test $board_name = panda-a4; then setenv fdtfile omap4-panda-a4.dtb; fi;if test $board_name = panda-es; then setenv fdtfile omap4-panda-es.dtb; fi;if test $board_name = duovero; then setenv fdtfile omap4-duovero-parlor.dtb; fi;if test $fdtfile = undefined; then echo WARNING: Could not determine device tree to use; fi; 
finduuid=part uuid mmc 0:2 uuid
importbootenv=echo Importing environment from mmc${mmcdev} ...; env import -t ${loadaddr} ${filesize}
kernel_addr_r=0x82000000
loadaddr=0x82000000
loadbootenv=fatload mmc ${mmcdev} ${loadaddr} ${bootenvfile}
loadbootscript=load mmc ${mmcdev} ${loadaddr} boot.scr
loadfdt=load mmc ${bootpart} ${fdtaddr} ${bootdir}/${fdtfile}
loadimage=load mmc ${bootpart} ${loadaddr} ${bootdir}/${bootfile}
loaduimage=load mmc ${mmcdev} ${loadaddr} uImage
mmcboot=echo Booting from mmc${mmcdev} ...; run args_mmc; bootz ${loadaddr} - ${fdtaddr}
mmcdev=0
mmcrootfstype=ext4 rootwait
ramdisk_addr_r=0x88080000
rdaddr=0x88080000
serverip=192.168.1.254
soc=omap4
uimageboot=echo Booting from mmc${mmcdev} ...; run args_mmc; bootm ${loadaddr}
usbethaddr=02:22:01:50:0e:50
usbtty=cdc_acm
vendor=ti
ver=U-Boot 2015.07-g852c8ba (Mar 10 2016 - 22:36:01 -0600)
vram=16M
Environment size: 2286/131068 bytes
U-Boot# 
- 00:24:17 [INFO] Host: setenv _initramfs -
- 00:24:17 [INFO] Target: 
setenv _initramfs -
U-Boot# 
- 00:24:17 [INFO] Host: dcache off
- 00:24:17 [INFO] Target: 
dcache off
Unknown command 'dcache' - try 'help'
U-Boot# 
- 00:24:17 [INFO] Host: setenv usbethaddr 2E:60:05:CC:46:01
- 00:24:17 [INFO] Target: 
setenv usbethaddr 2E:60:05:CC:46:01
U-Boot# 
- 00:24:17 [INFO] Host: usb start
- 00:24:21 [INFO] Target: 
usb start
starting USB...
USB0:   USB EHCI 1.00
scanning bus 0 for devices... 3 USB Device(s) found
       scanning usb for storage devices... 0 Storage Device(s) found
       scanning usb for ethernet devices... 1 Ethernet Device(s) found
U-Boot# 
- 00:24:21 [INFO] Host: printenv
- 00:24:21 [INFO] Target: 
printenv
_initramfs=-
arch=arm
args_mmc=run finduuid;setenv bootargs console=${console} ${optargs} root=PARTUUID=${uuid} rw rootfstype=${mmcrootfstype}
autoload=no
baudrate=115200
board=panda
board_name=panda
bootargs=console=ttyO2,115200n8 vram=16M earlyprintk=serial,ttyO2,115200n8 rootwait 
bootcmd=
bootdelay=1
bootdir=/boot
bootenvfile=uEnv.txt
bootfile=zImage
bootm_size=0x10000000
bootpart=0:2
bootscript=echo Running bootscript from mmc${mmcdev} ...; source ${loadaddr}
console=ttyO2,115200n8
cpu=armv7
envboot=mmc dev ${mmcdev}; if mmc rescan; then echo SD/MMC found on device ${mmcdev};if run loadbootscript; then run bootscript;else if run loadbootenv; then echo Loaded env from ${bootenvfile};run importbootenv;fi;if test -n $uenvcmd; then echo Running uenvcmd ...;run uenvcmd;fi;fi;fi;
es=panda-es
ethact=sms0
fdt_addr_r=0x88000000
fdtaddr=0x88000000
fdtfile=undefined
findfdt=if test $board_name = sdp4430; then setenv fdtfile omap4-sdp.dtb; fi; if test $board_name = panda; then setenv fdtfile omap4-panda.dtb; fi;if test $board_name = panda-a4; then setenv fdtfile omap4-panda-a4.dtb; fi;if test $board_name = panda-es; then setenv fdtfile omap4-panda-es.dtb; fi;if test $board_name = duovero; then setenv fdtfile omap4-duovero-parlor.dtb; fi;if test $fdtfile = undefined; then echo WARNING: Could not determine device tree to use; fi; 
finduuid=part uuid mmc 0:2 uuid
importbootenv=echo Importing environment from mmc${mmcdev} ...; env import -t ${loadaddr} ${filesize}
kernel_addr_r=0x82000000
loadaddr=0x82000000
loadbootenv=fatload mmc ${mmcdev} ${loadaddr} ${bootenvfile}
loadbootscript=load mmc ${mmcdev} ${loadaddr} boot.scr
loadfdt=load mmc ${bootpart} ${fdtaddr} ${bootdir}/${fdtfile}
loadimage=load mmc ${bootpart} ${loadaddr} ${bootdir}/${bootfile}
loaduimage=load mmc ${mmcdev} ${loadaddr} uImage
mmcboot=echo Booting from mmc${mmcdev} ...; run args_mmc; bootz ${loadaddr} - ${fdtaddr}
mmcdev=0
mmcrootfstype=ext4 rootwait
ramdisk_addr_r=0x88080000
rdaddr=0x88080000
serverip=192.168.1.254
soc=omap4
uimageboot=echo Booting from mmc${mmcdev} ...; run args_mmc; bootm ${loadaddr}
usbethaddr=2E:60:05:CC:46:01
usbtty=cdc_acm
vendor=ti
ver=U-Boot 2015.07-g852c8ba (Mar 10 2016 - 22:36:01 -0600)
vram=16M
Environment size: 2315/131068 bytes
U-Boot# 
- 00:24:21 [INFO] Host: setenv bootargs ''${bootargs}' ip=:::::eth0:dhcp '
- 00:24:22 [INFO] Target: 
setenv bootargs ''${bootargs}' ip=:::::eth0:dhcp '
U-Boot# 
- 00:24:22 [INFO] Host: setenv serverip '192.168.1.254'
- 00:24:22 [INFO] Target: 
setenv serverip '192.168.1.254'
U-Boot# 
- 00:24:22 [INFO] Host: setenv autoload 'no'
- 00:24:22 [INFO] Target: 
setenv autoload 'no'
U-Boot# 
- 00:24:22 [INFO] Host: dhcp
- 00:24:24 [INFO] Target: 
dhcp
Waiting for Ethernet connection... done.
BOOTP broadcast 1
BOOTP broadcast 2
DHCP client bound to address 192.168.1.156 (1044 ms)
U-Boot# 
- 00:24:24 [INFO] Host: tftp ${loadaddr} 192.168.1.254:vatf_pandaboard-es/21f4095294498604f208a9d0f1000bd5
- 00:24:32 [INFO] Target: 
tftp ${loadaddr} 192.168.1.254:vatf_pandaboard-es/21f4095294498604f208a9d0f1000bd5
Waiting for Ethernet connection... done.
Using sms0 device
TFTP from server 192.168.1.254; our IP address is 192.168.1.156
Filename 'vatf_pandaboard-es/21f4095294498604f208a9d0f1000bd5'.
Load address: 0x82000000
Loading: *#################################################################
	 #################################################################
	 #################################################################
	 ##############################################################
	 585 KiB/s
done
Bytes transferred = 3772536 (399078 hex)
U-Boot# 
- 00:24:32 [INFO] Host: tftp ${fdtaddr} 192.168.1.254:vatf_pandaboard-es/f3d81e74512ab5e0304e78eeb0201aff
- 00:24:39 [INFO] Target: 
tftp ${fdtaddr} 192.168.1.254:vatf_pandaboard-es/f3d81e74512ab5e0304e78eeb0201aff
Waiting for Ethernet connection... done.
Using sms0 device
TFTP from server 192.168.1.254; our IP address is 192.168.1.156
Filename 'vatf_pandaboard-es/f3d81e74512ab5e0304e78eeb0201aff'.
Load address: 0x88000000
Loading: *####
	 10.7 KiB/s
done
Bytes transferred = 58133 (e315 hex)
U-Boot# 
- 00:24:39 [INFO] Host: ls mmc 0:1
- 00:24:39 [INFO] Target: 
ls mmc 0:1
    42532   mlo 
   229016   u-boot.img 
            images/
        4   ws-calibrate.rules 
3 file(s), 1 dir(s)
U-Boot# 
- 00:24:39 [INFO] Host: ls mmc 0:2
- 00:24:39 [INFO] Target: 
ls mmc 0:2
<DIR>       4096 .
<DIR>       4096 ..
<DIR>       4096 bin
<DIR>       4096 boot
<SYM>         37 cpufreq
<SYM>         37 cpuidle
<DIR>       4096 dev
<DIR>       4096 etc
<DIR>       4096 home
<DIR>       4096 lib
<DIR>       4096 media
<DIR>       4096 mnt
<DIR>       4096 opt
<DIR>       4096 proc
<SYM>          8 run
<DIR>       4096 sbin
<DIR>       4096 srv
<DIR>       4096 sys
<SYM>          8 tmp
              14 .ash_history
<DIR>       4096 usr
<DIR>       4096 var
<DIR>       4096 www
<DIR>       4096 test
U-Boot# 
- 00:24:39 [INFO] Host: part uuid mmc 0:2
- 00:24:39 [INFO] Target: 
part uuid mmc 0:2
00000000-02
U-Boot# 
- 00:24:39 [INFO] Host: printenv
- 00:24:40 [INFO] Target: 
printenv
_initramfs=-
arch=arm
args_mmc=run finduuid;setenv bootargs console=${console} ${optargs} root=PARTUUID=${uuid} rw rootfstype=${mmcrootfstype}
autoload=no
baudrate=115200
board=panda
board_name=panda
bootargs=console=ttyO2,115200n8 vram=16M earlyprintk=serial,ttyO2,115200n8 rootwait  ip=:::::eth0:dhcp 
bootcmd=
bootdelay=1
bootdir=/boot
bootenvfile=uEnv.txt
bootfile=zImage
bootm_size=0x10000000
bootpart=0:2
bootscript=echo Running bootscript from mmc${mmcdev} ...; source ${loadaddr}
console=ttyO2,115200n8
cpu=armv7
dnsip=192.0.2.2
envboot=mmc dev ${mmcdev}; if mmc rescan; then echo SD/MMC found on device ${mmcdev};if run loadbootscript; then run bootscript;else if run loadbootenv; then echo Loaded env from ${bootenvfile};run importbootenv;fi;if test -n $uenvcmd; then echo Running uenvcmd ...;run uenvcmd;fi;fi;fi;
es=panda-es
ethact=sms0
fdt_addr_r=0x88000000
fdtaddr=0x88000000
fdtfile=undefined
fileaddr=88000000
filesize=e315
findfdt=if test $board_name = sdp4430; then setenv fdtfile omap4-sdp.dtb; fi; if test $board_name = panda; then setenv fdtfile omap4-panda.dtb; fi;if test $board_name = panda-a4; then setenv fdtfile omap4-panda-a4.dtb; fi;if test $board_name = panda-es; then setenv fdtfile omap4-panda-es.dtb; fi;if test $board_name = duovero; then setenv fdtfile omap4-duovero-parlor.dtb; fi;if test $fdtfile = undefined; then echo WARNING: Could not determine device tree to use; fi; 
finduuid=part uuid mmc 0:2 uuid
gatewayip=192.168.1.254
importbootenv=echo Importing environment from mmc${mmcdev} ...; env import -t ${loadaddr} ${filesize}
ipaddr=192.168.1.156
kernel_addr_r=0x82000000
loadaddr=0x82000000
loadbootenv=fatload mmc ${mmcdev} ${loadaddr} ${bootenvfile}
loadbootscript=load mmc ${mmcdev} ${loadaddr} boot.scr
loadfdt=load mmc ${bootpart} ${fdtaddr} ${bootdir}/${fdtfile}
loadimage=load mmc ${bootpart} ${loadaddr} ${bootdir}/${bootfile}
loaduimage=load mmc ${mmcdev} ${loadaddr} uImage
mmcboot=echo Booting from mmc${mmcdev} ...; run args_mmc; bootz ${loadaddr} - ${fdtaddr}
mmcdev=0
mmcrootfstype=ext4 rootwait
netmask=255.255.255.0
ramdisk_addr_r=0x88080000
rdaddr=0x88080000
serverip=192.168.1.254
soc=omap4
uimageboot=echo Booting from mmc${mmcdev} ...; run args_mmc; bootm ${loadaddr}
usbethaddr=2E:60:05:CC:46:01
usbtty=cdc_acm
vendor=ti
ver=U-Boot 2015.07-g852c8ba (Mar 10 2016 - 22:36:01 -0600)
vram=16M
Environment size: 2461/131068 bytes
U-Boot# 
- 00:24:40 [INFO] Host: setenv bootargs ''${bootargs}' root=PARTUUID=00000000-02 rw rootfstype=ext4 rootwait '
- 00:24:40 [INFO] Target: 
setenv bootargs ''${bootargs}' root=PARTUUID=00000000-02 rw rootfstype=ext4 rootwait '
U-Boot# 
- 00:24:40 [INFO] Host: printenv
- 00:24:40 [INFO] Target: 
printenv
_initramfs=-
arch=arm
args_mmc=run finduuid;setenv bootargs console=${console} ${optargs} root=PARTUUID=${uuid} rw rootfstype=${mmcrootfstype}
autoload=no
baudrate=115200
board=panda
board_name=panda
bootargs=console=ttyO2,115200n8 vram=16M earlyprintk=serial,ttyO2,115200n8 rootwait  ip=:::::eth0:dhcp  root=PARTUUID=00000000-02 rw rootfstype=ext4 rootwait 
bootcmd=
bootdelay=1
bootdir=/boot
bootenvfile=uEnv.txt
bootfile=zImage
bootm_size=0x10000000
bootpart=0:2
bootscript=echo Running bootscript from mmc${mmcdev} ...; source ${loadaddr}
console=ttyO2,115200n8
cpu=armv7
dnsip=192.0.2.2
envboot=mmc dev ${mmcdev}; if mmc rescan; then echo SD/MMC found on device ${mmcdev};if run loadbootscript; then run bootscript;else if run loadbootenv; then echo Loaded env from ${bootenvfile};run importbootenv;fi;if test -n $uenvcmd; then echo Running uenvcmd ...;run uenvcmd;fi;fi;fi;
es=panda-es
ethact=sms0
fdt_addr_r=0x88000000
fdtaddr=0x88000000
fdtfile=undefined
fileaddr=88000000
filesize=e315
findfdt=if test $board_name = sdp4430; then setenv fdtfile omap4-sdp.dtb; fi; if test $board_name = panda; then setenv fdtfile omap4-panda.dtb; fi;if test $board_name = panda-a4; then setenv fdtfile omap4-panda-a4.dtb; fi;if test $board_name = panda-es; then setenv fdtfile omap4-panda-es.dtb; fi;if test $board_name = duovero; then setenv fdtfile omap4-duovero-parlor.dtb; fi;if test $fdtfile = undefined; then echo WARNING: Could not determine device tree to use; fi; 
finduuid=part uuid mmc 0:2 uuid
gatewayip=192.168.1.254
importbootenv=echo Importing environment from mmc${mmcdev} ...; env import -t ${loadaddr} ${filesize}
ipaddr=192.168.1.156
kernel_addr_r=0x82000000
loadaddr=0x82000000
loadbootenv=fatload mmc ${mmcdev} ${loadaddr} ${bootenvfile}
loadbootscript=load mmc ${mmcdev} ${loadaddr} boot.scr
loadfdt=load mmc ${bootpart} ${fdtaddr} ${bootdir}/${fdtfile}
loadimage=load mmc ${bootpart} ${loadaddr} ${bootdir}/${bootfile}
loaduimage=load mmc ${mmcdev} ${loadaddr} uImage
mmcboot=echo Booting from mmc${mmcdev} ...; run args_mmc; bootz ${loadaddr} - ${fdtaddr}
mmcdev=0
mmcrootfstype=ext4 rootwait
netmask=255.255.255.0
ramdisk_addr_r=0x88080000
rdaddr=0x88080000
serverip=192.168.1.254
soc=omap4
uimageboot=echo Booting from mmc${mmcdev} ...; run args_mmc; bootm ${loadaddr}
usbethaddr=2E:60:05:CC:46:01
usbtty=cdc_acm
vendor=ti
ver=U-Boot 2015.07-g852c8ba (Mar 10 2016 - 22:36:01 -0600)
vram=16M
Environment size: 2516/131068 bytes
U-Boot# 
- 00:24:40 [INFO] Host: setenv bootcmd ''${bootcmd}' if iminfo ${loadaddr}; then bootm ${loadaddr} ${_initramfs} ${fdtaddr}; else bootz ${loadaddr} ${_initramfs} ${fdtaddr}; bootm ${loadaddr} ${_initramfs} ${fdtaddr}; fi'
- 00:24:40 [INFO] Target: 
setenv bootcmd ''${bootcmd}' if iminfo ${loadaddr}; then bootm ${loadaddr} ${_initramfs} ${fdtaddr}; else bootz ${loadaddr} ${_initramfs} ${fdtaddr}; bootm ${loadaddr} ${_initramfs} ${fdtaddr}; fi'
U-Boot# 
- 00:24:40 [INFO] Host: version
- 00:24:40 [INFO] Target: 
version
U-Boot 2015.07-g852c8ba (Mar 10 2016 - 22:36:01 -0600)
arm-linux-gnueabihf-gcc (Linaro GCC 4.9-2015.05) 4.9.3 20150413 (prerelease)
GNU ld (GNU Binutils) Linaro 2014.11-3-git 2.24.0.20141017
U-Boot# 
- 00:24:40 [INFO] Host: bdinfo
- 00:24:40 [INFO] Target: 
bdinfo
arch_number = 0x00000AE7
boot_params = 0x80000100
DRAM bank   = 0x00000000
-> start    = 0x80000000
-> size     = 0x40000000
eth0name    = sms0
ethaddr     = (not set)
current eth = sms0
ip_addr     = 192.168.1.156
baudrate    = 115200 bps
TLB addr    = 0xBFFF0000
relocaddr   = 0xBFF71000
reloc off   = 0x3F771000
irq_sp      = 0xBEF50EE0
sp start    = 0xBEF50ED0
U-Boot# 
- 00:24:40 [INFO] Host: mmc rescan; echo $?
- 00:24:41 [INFO] Target: 
mmc rescan; echo $?
U-Boot# 
- 00:24:41 [INFO] Host: fatwrite mmc 0:1 ${loadaddr} ws-calibrate.rules 4
- 00:24:41 [INFO] Target: 
fatwrite mmc 0:1 ${loadaddr} ws-calibrate.rules 4
writing ws-calibrate.rules
4 bytes written
U-Boot# 
- 00:24:41 [INFO] Host: boot
- 00:25:06 [INFO] Target: 
boot
## Checking Image at 82000000 ...
Unknown image format!
Kernel image @ 0x82000000 [ 0x000000 - 0x399078 ]
## Flattened Device Tree blob at 88000000
   Booting using the fdt blob at 0x88000000
   Loading Device Tree to 8ffee000, end 8ffff314 ... OK
Starting kernel ...
[    0.000000] Booting Linux on physical CPU 0x0
[    0.000000] Linux version 4.6.0-rc3-next-20160412-00002-g8b1c332e497d (nmenon@horus) (gcc version 4.9.3 20150413 (prerelease) (Linaro GCC 4.9-2015.05) ) #1 SMP Tue Apr 12 00:19:40 CDT 2016
[    0.000000] CPU: ARMv7 Processor [412fc09a] revision 10 (ARMv7), cr=10c5387d
[    0.000000] CPU: PIPT / VIPT nonaliasing data cache, VIPT aliasing instruction cache
[    0.000000] Machine model: TI OMAP4 PandaBoard-ES
[    0.000000] cma: Reserved 16 MiB at 0xbe800000
[    0.000000] Memory policy: Data cache writealloc
[    0.000000] OMAP4: Map 0xbfe00000 to fe600000 for dram barrier
[    0.000000] OMAP4460 ES1.1
[    0.000000] percpu: Embedded 14 pages/cpu @ef696000 s25280 r8192 d23872 u57344
[    0.000000] Built 1 zonelists in Zone order, mobility grouping on.  Total pages: 259904
[    0.000000] Kernel command line: console=ttyO2,115200n8 vram=16M earlyprintk=serial,ttyO2,115200n8 rootwait  ip=:::::eth0:dhcp  root=PARTUUID=00000000-02 rw rootfstype=ext4 rootwait 
[    0.000000] PID hash table entries: 4096 (order: 2, 16384 bytes)
[    0.000000] Dentry cache hash table entries: 131072 (order: 7, 524288 bytes)
[    0.000000] Inode-cache hash table entries: 65536 (order: 6, 262144 bytes)
[    0.000000] Memory: 999464K/1046528K available (7349K kernel code, 792K rwdata, 2336K rodata, 1024K init, 8118K bss, 30680K reserved, 16384K cma-reserved, 243712K highmem)
[    0.000000] Virtual kernel memory layout:
[    0.000000]     vector  : 0xffff0000 - 0xffff1000   (   4 kB)
[    0.000000]     fixmap  : 0xffc00000 - 0xfff00000   (3072 kB)
[    0.000000]     vmalloc : 0xf0800000 - 0xff800000   ( 240 MB)
[    0.000000]     lowmem  : 0xc0000000 - 0xf0000000   ( 768 MB)
[    0.000000]     pkmap   : 0xbfe00000 - 0xc0000000   (   2 MB)
[    0.000000]     modules : 0xbf000000 - 0xbfe00000   (  14 MB)
[    0.000000]       .text : 0xc0008000 - 0xc0a75618   (10678 kB)
[    0.000000]       .init : 0xc0b00000 - 0xc0c00000   (1024 kB)
[    0.000000]       .data : 0xc0c00000 - 0xc0cc60a4   ( 793 kB)
[    0.000000]        .bss : 0xc0cc8000 - 0xc14b58b8   (8119 kB)
[    0.000000] Running RCU self tests
[    0.000000] Hierarchical RCU implementation.
[    0.000000] 	RCU lockdep checking is enabled.
[    0.000000] 	Build-time adjustment of leaf fanout to 32.
[    0.000000] NR_IRQS:16 nr_irqs:16 16
[    0.000000] L2C: platform modifies aux control register: 0x0e070000 -> 0x3e470000
[    0.000000] L2C: DT/platform modifies aux control register: 0x0e070000 -> 0x3e470000
[    0.000000] L2C-310 enabling early BRESP for Cortex-A9
[    0.000000] OMAP L2C310: ROM does not support power control setting
[    0.000000] L2C-310 dynamic clock gating disabled, standby mode disabled
[    0.000000] L2C-310 cache controller enabled, 16 ways, 1024 kB
[    0.000000] L2C-310: CACHE_ID 0x410000c7, AUX_CTRL 0x4e470000
[    0.000000] ti_dt_clocks_register: failed to lookup clock node dss_fck
[    0.000000] ti_dt_clocks_register: failed to lookup clock node dss_fck
[    0.000000] ti_dt_clocks_register: failed to lookup clock node bandgap_fclk
[    0.000000] OMAP clockevent source: timer1 at 32768 Hz
[    0.000000] clocksource: 32k_counter: mask: 0xffffffff max_cycles: 0xffffffff, max_idle_ns: 58327039986419 ns
[    0.000000] sched_clock: 32 bits at 32kHz, resolution 30517ns, wraps every 65535999984741ns
[    0.000000] OMAP clocksource: 32k_counter at 32768 Hz
[    0.001373] Console: colour dummy device 80x30
[    0.001434] Lock dependency validator: Copyright (c) 2006 Red Hat, Inc., Ingo Molnar
[    0.001434] ... MAX_LOCKDEP_SUBCLASSES:  8
[    0.001464] ... MAX_LOCK_DEPTH:          48
[    0.001464] ... MAX_LOCKDEP_KEYS:        8191
[    0.001464] ... CLASSHASH_SIZE:          4096
[    0.001464] ... MAX_LOCKDEP_ENTRIES:     32768
[    0.001495] ... MAX_LOCKDEP_CHAINS:      65536
[    0.001495] ... CHAINHASH_SIZE:          32768
[    0.001495]  memory used by lock dependency info: 5167 kB
[    0.001495]  per task-struct memory footprint: 1536 bytes
[    0.001525] Calibrating delay loop... 1391.00 BogoMIPS (lpj=6955008)
[    0.079406] pid_max: default: 32768 minimum: 301
[    0.079895] Security Framework initialized
[    0.080078] Mount-cache hash table entries: 2048 (order: 1, 8192 bytes)
[    0.080078] Mountpoint-cache hash table entries: 2048 (order: 1, 8192 bytes)
[    0.083801] CPU: Testing write buffer coherency: ok
[    0.085479] CPU0: thread -1, cpu 0, socket 0, mpidr 80000000
[    0.085510] Setting up static identity map for 0x80100000 - 0x80100070
[    0.179473] CPU1: thread -1, cpu 1, socket 0, mpidr 80000001
[    0.180267] Brought up 2 CPUs
[    0.180297] SMP: Total of 2 processors activated (2788.55 BogoMIPS).
[    0.180297] CPU: All CPU(s) started in SVC mode.
[    0.183715] devtmpfs: initialized
[    0.247833] VFP support v0.3: implementor 41 architecture 3 part 30 variant 9 rev 4
[    0.248748] clocksource: jiffies: mask: 0xffffffff max_cycles: 0xffffffff, max_idle_ns: 19112604462750000 ns
[    0.250610] pinctrl core: initialized pinctrl subsystem
[    0.256103] NET: Registered protocol family 16
[    0.262145] DMA: preallocated 256 KiB pool for atomic coherent allocations
[    0.267364] omap_hwmod: l3_main_3 using broken dt data from ocp
[    0.272491] omap_hwmod: l3_main_2 using broken dt data from ocp
[    0.489685] cpuidle: using governor menu
[    0.507904] OMAP GPIO hardware version 0.1
[    0.524780] omap-gpmc 50000000.gpmc: GPMC revision 6.0
[    0.524932] gpmc_mem_init: disabling cs 0 mapped at 0x0-0x1000000
[    0.526123] irq: no irq domain found for /ocp/l4@4a000000/scm@100000/pinmux@40 !
[    0.526824] irq: no irq domain found for /ocp/l4@4a000000/scm@100000/pinmux@40 !
[    0.527526] irq: no irq domain found for /ocp/l4@4a000000/scm@100000/pinmux@40 !
[    0.551849] platform 4b501000.aes: Cannot lookup hwmod 'aes'
[    0.552459] platform 480a5000.des: Cannot lookup hwmod 'des'
[    0.563323] No ATAGs?
[    0.563415] hw-breakpoint: found 5 (+1 reserved) breakpoint and 1 watchpoint registers.
[    0.563415] hw-breakpoint: maximum watchpoint size is 4 bytes.
[    0.565673] OMAP DMA hardware revision 0.0
[    0.619842] omap-dma-engine 4a056000.dma-controller: OMAP DMA engine driver
[    0.703216] reg-fixed-voltage wl12xx_vmmc: could not find pctldev for node /ocp/l4@4a000000/scm@100000/pinmux@40/pinmux_wl12xx_gpio, deferring probe
[    0.708404] omap-iommu 4a066000.mmu: 4a066000.mmu registered
[    0.708740] omap-iommu 55082000.mmu: 55082000.mmu registered
[    0.710144] SCSI subsystem initialized
[    0.712951] omap_i2c 48070000.i2c: could not find pctldev for node /ocp/l4@4a000000/scm@100000/pinmux@40/pinmux_i2c1_pins, deferring probe
[    0.713043] omap_i2c 48072000.i2c: could not find pctldev for node /ocp/l4@4a000000/scm@100000/pinmux@40/pinmux_i2c2_pins, deferring probe
[    0.713165] omap_i2c 48060000.i2c: could not find pctldev for node /ocp/l4@4a000000/scm@100000/pinmux@40/pinmux_i2c3_pins, deferring probe
[    0.713256] omap_i2c 48350000.i2c: could not find pctldev for node /ocp/l4@4a000000/scm@100000/pinmux@40/pinmux_i2c4_pins, deferring probe
[    0.713653] pps_core: LinuxPPS API ver. 1 registered
[    0.713653] pps_core: Software ver. 5.3.6 - Copyright 2005-2007 Rodolfo Giometti <giometti@linux.it>
[    0.713714] PTP clock support registered
[    0.718231] clocksource: Switched to clocksource 32k_counter
[    0.828704] VFS: Disk quotas dquot_6.6.0
[    0.828887] VFS: Dquot-cache hash table entries: 1024 (order 0, 4096 bytes)
[    0.863433] NET: Registered protocol family 2
[    0.865600] TCP established hash table entries: 8192 (order: 3, 32768 bytes)
[    0.865783] TCP bind hash table entries: 8192 (order: 6, 294912 bytes)
[    0.868255] TCP: Hash tables configured (established 8192 bind 8192)
[    0.868530] UDP hash table entries: 512 (order: 3, 40960 bytes)
[    0.868865] UDP-Lite hash table entries: 512 (order: 3, 40960 bytes)
[    0.869873] NET: Registered protocol family 1
[    0.871154] RPC: Registered named UNIX socket transport module.
[    0.871185] RPC: Registered udp transport module.
[    0.871185] RPC: Registered tcp transport module.
[    0.871185] RPC: Registered tcp NFSv4.1 backchannel transport module.
[    0.876708] hw perfevents: enabled with armv7_cortex_a9 PMU driver, 7 counters available
[    0.882751] futex hash table entries: 512 (order: 3, 32768 bytes)
[    0.883026] audit: initializing netlink subsys (disabled)
[    0.883239] audit: type=2000 audit(0.860:1): initialized
[    0.887237] workingset: timestamp_bits=12 max_order=18 bucket_order=6
[    0.890472] NFS: Registering the id_resolver key type
[    0.890869] Key type id_resolver registered
[    0.890869] Key type id_legacy registered
[    0.891052] jffs2: version 2.2. (NAND) (SUMMARY)   2001-2006 Red Hat, Inc.
[    0.896484] bounce: pool size: 64 pages
[    0.896606] io scheduler noop registered
[    0.896606] io scheduler deadline registered
[    0.896667] io scheduler cfq registered (default)
[    0.900817] pinctrl-single 4a100040.pinmux: 203 pins at pa fc100040 size 406
[    0.901367] pinctrl-single 4a31e040.pinmux: 28 pins at pa fc31e040 size 56
[    0.908569] Serial: 8250/16550 driver, 4 ports, IRQ sharing enabled
[    0.914611] omap_uart 4806a000.serial: no wakeirq for uart0
[    0.915100] 4806a000.serial: ttyO0 at MMIO 0x4806a000 (irq = 226, base_baud = 3000000) is a OMAP UART0
[    0.917297] 4806c000.serial: ttyO1 at MMIO 0x4806c000 (irq = 227, base_baud = 3000000) is a OMAP UART1
[    0.918884] 48020000.serial: ttyO2 at MMIO 0x48020000 (irq = 228, base_baud = 3000000) is a OMAP UART2
[    1.808532] console [ttyO2] enabled
[    1.813781] 4806e000.serial: ttyO3 at MMIO 0x4806e000 (irq = 229, base_baud = 3000000) is a OMAP UART3
[    1.860015] brd: module loaded
[    1.886077] loop: module loaded
[    1.892517] mtdoops: mtd device (mtddev=name/number) must be supplied
[    1.913360] mousedev: PS/2 mouse device common for all mice
[    1.919219] i2c /dev entries driver
[    1.978881] ledtrig-cpu: registered to indicate activity on CPUs
[    1.986877] oprofile: using arm/armv7-ca9
[    1.991729] Initializing XFRM netlink socket
[    1.996673] NET: Registered protocol family 10
[    2.003845] sit: IPv6 over IPv4 tunneling driver
[    2.011047] NET: Registered protocol family 17
[    2.015747] NET: Registered protocol family 15
[    2.020782] Key type dns_resolver registered
[    2.025573] twl: not initialized
[    2.028991] twl6030_uv_to_vsel:OUT OF RANGE! non mapped vsel for 1375000 Vs max 1316660
[    2.037353] twl6030_uv_to_vsel:OUT OF RANGE! non mapped vsel for 1375000 Vs max 1316660
[    2.045776] twl6030_uv_to_vsel:OUT OF RANGE! non mapped vsel for 1375000 Vs max 1316660
[    2.054168] twl6030_uv_to_vsel:OUT OF RANGE! non mapped vsel for 1375000 Vs max 1316660
[    2.062591] twl6030_uv_to_vsel:OUT OF RANGE! non mapped vsel for 1375000 Vs max 1316660
[    2.070983] twl6030_uv_to_vsel:OUT OF RANGE! non mapped vsel for 1375000 Vs max 1316660
[    2.079376] twl6030_uv_to_vsel:OUT OF RANGE! non mapped vsel for 1410000 Vs max 1316660
[    2.087768] omap2_set_init_voltage: unable to find boot up OPP for vdd_mpu
[    2.095001] omap2_set_init_voltage: unable to set vdd_mpu
[    2.100677] omap2_set_init_voltage: unable to find boot up OPP for vdd_core
[    2.107971] omap2_set_init_voltage: unable to set vdd_core
[    2.113739] omap2_set_init_voltage: unable to find boot up OPP for vdd_iva
[    2.120971] omap2_set_init_voltage: unable to set vdd_iva
[    2.128906] Power Management for TI OMAP4+ devices.
[    2.134033] OMAP4 PM: u-boot >= v2012.07 is required for full PM support
[    2.141357] ThumbEE CPU extension supported.
[    2.141357] Registering SWP/SWPB emulation handler
[    2.152130] SmartReflex Class3 initialized
[    2.169799] Skipping twl internal clock init and using bootloader value (unknown osc rate)
[    2.199218] 
[    2.199218] ===============================
[    2.199218] [ INFO: suspicious RCU usage. ]
[    2.209533] 4.6.0-rc3-next-20160412-00002-g8b1c332e497d #1 Not tainted
[    2.209533] -------------------------------
[    2.209533] include/trace/events/ipi.h:35 suspicious rcu_dereference_check() usage!
[    2.209533] 
[    2.209533] other info that might help us debug this:
[    2.209533] 
[    2.237121] 
[    2.237121] RCU used illegally from idle CPU!
[    2.237121] rcu_scheduler_active = 1, debug_locks = 0
[    2.248138] RCU used illegally from extended quiescent state!
[    2.248138] no locks held by swapper/0/0.
[    2.248138] 
[    2.248138] stack backtrace:
[    2.263275] CPU: 0 PID: 0 Comm: swapper/0 Not tainted 4.6.0-rc3-next-20160412-00002-g8b1c332e497d #1
[    2.272827] Hardware name: Generic OMAP4 (Flattened Device Tree)
[    2.272827] [<c01101dc>] (unwind_backtrace) from [<c010c2ac>] (show_stack+0x10/0x14)
[    2.287261] [<c010c2ac>] (show_stack) from [<c047debc>] (dump_stack+0xb0/0xe4)
[    2.287261] [<c047debc>] (dump_stack) from [<c010dcc0>] (smp_cross_call+0x140/0x188)
[    2.302947] [<c010dcc0>] (smp_cross_call) from [<c01cb1b4>] (generic_exec_single+0xa0/0x160)
[    2.308135] [<c01cb1b4>] (generic_exec_single) from [<c01cb42c>] (smp_call_function_single_async+0x38/0x9c)
[    2.321990] [<c01cb42c>] (smp_call_function_single_async) from [<c05ff6b0>] (cpuidle_coupled_poke_others+0x8c/0xa8)
[    2.332916] [<c05ff6b0>] (cpuidle_coupled_poke_others) from [<c05ffc08>] (cpuidle_enter_state_coupled+0x2e4/0x390)
[    2.343353] [<c05ffc08>] (cpuidle_enter_state_coupled) from [<c0184a64>] (cpu_startup_entry+0x1cc/0x3f0)
[    2.353332] [<c0184a64>] (cpu_startup_entry) from [<c0b00c04>] (start_kernel+0x33c/0x3b4)
[    2.362243] [<c0b00c04>] (start_kernel) from [<8000807c>] (0x8000807c)
[    2.369628] hw-breakpoint: Failed to enable monitor mode on CPU 0.
[    2.376159] twl 0-0048: PIH (irq 340) nested IRQs
[    2.382812] hw-breakpoint: CPU 1 failed to disable vector catch
[    2.411193] twl6040 0-004b: clk32k is not handled
[    2.420043] of_get_named_gpiod_flags: parsed 'ti,audpwron-gpio' property of node '/ocp/i2c@48070000/twl@4b[0]' - status (0)
[    2.433532] omap_i2c 48070000.i2c: bus 0 rev0.11 at 400 kHz
[    2.440399] omap_i2c 48072000.i2c: bus 1 rev0.11 at 400 kHz
[    2.447692] omap_i2c 48060000.i2c: bus 2 rev0.11 at 100 kHz
[    2.454528] omap_i2c 48350000.i2c: bus 3 rev0.11 at 400 kHz
[    2.460510] omap_hsmmc 4809c000.mmc: GPIO lookup for consumer cd
[    2.467224] omap_hsmmc 4809c000.mmc: using device tree for GPIO lookup
[    2.467224] of_get_named_gpiod_flags: can't parse 'cd-gpios' property of node '/ocp/mmc@4809c000[0]'
[    2.483642] of_get_named_gpiod_flags: can't parse 'cd-gpio' property of node '/ocp/mmc@4809c000[0]'
[    2.493133] omap_hsmmc 4809c000.mmc: using lookup tables for GPIO lookup
[    2.500183] omap_hsmmc 4809c000.mmc: lookup for GPIO cd failed
[    2.500183] omap_hsmmc 4809c000.mmc: GPIO lookup for consumer wp
[    2.512603] omap_hsmmc 4809c000.mmc: using device tree for GPIO lookup
[    2.512603] of_get_named_gpiod_flags: can't parse 'wp-gpios' property of node '/ocp/mmc@4809c000[0]'
[    2.529052] of_get_named_gpiod_flags: can't parse 'wp-gpio' property of node '/ocp/mmc@4809c000[0]'
[    2.529052] omap_hsmmc 4809c000.mmc: using lookup tables for GPIO lookup
[    2.529052] omap_hsmmc 4809c000.mmc: lookup for GPIO wp failed
[    2.598663] omap_hsmmc 480d5000.mmc: GPIO lookup for consumer wp
[    2.598663] omap_hsmmc 480d5000.mmc: using device tree for GPIO lookup
[    2.598663] of_get_named_gpiod_flags: can't parse 'wp-gpios' property of node '/ocp/mmc@480d5000[0]'
[    2.598663] of_get_named_gpiod_flags: can't parse 'wp-gpio' property of node '/ocp/mmc@480d5000[0]'
[    2.630859] omap_hsmmc 480d5000.mmc: using lookup tables for GPIO lookup
[    2.637908] omap_hsmmc 480d5000.mmc: lookup for GPIO wp failed
[    2.749450] hctosys: unable to open rtc device (rtc0)
[    2.749450] sr_init: No PMIC hook to init smartreflex
[    2.760253] smartreflex smartreflex.0: omap_sr_probe: SmartReflex driver initialized
[    2.768646] smartreflex smartreflex.1: omap_sr_probe: SmartReflex driver initialized
[    2.777038] smartreflex smartreflex.2: omap_sr_probe: SmartReflex driver initialized
[    2.808166] omap_hsmmc 480d5000.mmc: card claims to support voltages below defined range
[    2.830200] mmc1: new SDIO card at address 0001
[    2.865722] mmc0: host does not support reading read-only switch, assuming write-enable
[    2.876068] mmc0: new high speed SDHC card at address b368
[    2.882720] mmcblk0: mmc0:b368 NCard 3.74 GiB 
[    2.889373]  mmcblk0: p1 p2
[   14.918518] vwl1271: disabling
[   14.932983] VDAC: disabling
[   14.937683] VANA: disabling
[   14.941314] VUSB: disabling
[   14.965484] EXT4-fs (mmcblk0p2): mounted filesystem with ordered data mode. Opts: (null)
[   14.974395] VFS: Mounted root (ext4 filesystem) on device 179:2.
[   14.985046] devtmpfs: mounted
[   14.989593] Freeing unused kernel memory: 1024K (c0b00000 - c0c00000)
INIT: version 2.88 booting
Error opening /dev/fb0: No such file or directory
/dev/ttyO2 linked to /dev/tty-bd - using as console
Starting udev
[   15.880767] udevd[137]: starting version 182
[   18.326873] FAT-fs (mmcblk0p1): Volume was not properly unmounted. Some data may be corrupt. Please run fsck.
ERROR: could not open directory /lib/modules/4.6.0-rc3-next-20160412-00002-g8b1c332e497d: No such file or directory
WARNING: -e needs -E or -F
ERROR: could not open directory /lib/modules/4.6.0-rc3-next-20160412-00002-g8b1c332e497d: No such file or directory
FATAL: could not search modules: No such file or directory
Starting Bootlog daemon: bootlogd: cannot allocate pseudo tty: No such file or directory
bootlogd.
[   18.614746] EXT4-fs (mmcblk0p2): re-mounted. Opts: data=ordered
[   18.678070] random: dd urandom read with 57 bits of entropy available
ALSA: Restoring mixer settings...
/usr/sbin/alsactl: load_state:1696: No soundcards found...
Configuring network interfaces... ifconfig: SIOCGIFFLAGS: No such device
done.
hwclock: can't open '/dev/misc/rtc': No such file or directory
Wed Mar  4 07:17:00 UTC 2015
hwclock: can't open '/dev/misc/rtc': No such file or directory
INIT: Entering runlevel: 3
/dev/ttyO2 linked to /dev/tty-bd - using as console
Starting system message bus: dbus.
Starting Dropbear SSH server: dropbear.
Starting telnet daemon.
hwclock: can't open '/dev/misc/rtc': No such file or directory
Starting syslogd/klogd: done
Starting thttpd.
Starting Lighttpd Web Server: 2015-03-04 07:17:01: (log.c.166) server started 
lighttpd.
***************************************************************
***************************************************************
NOTICE: This file system contains the followin GPLv3 packages:
	binutils-symlinks
	binutils
	gdbserver
	parted
If you do not wish to distribute GPLv3 components please remove
the above packages prior to distribution.  This can be done using
the opkg remove command.  i.e.:
    opkg remove <package>
Where <package> is the name printed in the list above
NOTE: If the package is a dependency of another package you
      will be notified of the dependent packages.  You should
      use the --force-removal-of-dependent-packages option to
      also remove the dependent packages as well
***************************************************************
***************************************************************
Stopping Bootlog daemon: bootlogd.
 _____                    _____           _         _   
|  _  |___ ___ ___ ___   |  _  |___ ___  |_|___ ___| |_ 
|     |  _| .'| . | . |  |   __|  _| . | | | -_|  _|  _|
|__|__|_| |__,|_  |___|  |__|  |_| |___|_| |___|___|_|  
              |___|                    |___|            
Arago Project http://arago-project.org GenericOMAP4(FlattenedDeviceTree) tty-bd
Arago 2013.12 GenericOMAP4(FlattenedDeviceTree) tty-bd
GenericOMAP4(FlattenedDeviceTree) login: 
- 00:25:06 [INFO] Host: root
- 00:25:06 [INFO] Target: 
root
root@GenericOMAP4(FlattenedDeviceTree):~# 
- 00:25:06 [INFO] Disconnected serial from pandaboard-es
- 00:25:06 [INFO] Connected to pandaboard-es via serial 
- 00:25:06 [INFO] Host: uname -a
- 00:25:07 [INFO] Target: 
uname -a
Linux GenericOMAP4(FlattenedDeviceTree) 4.6.0-rc3-next-20160412-00002-g8b1c332e497d #1 SMP Tue Apr 12 00:19:40 CDT 2016 armv7l GNU/Linux
root@GenericOMAP4(FlattenedDeviceTree):~# 
- 00:25:07 [INFO] Host: cat /proc/cmdline
- 00:25:07 [INFO] Target: 
cat /proc/cmdline
console=ttyO2,115200n8 vram=16M earlyprintk=serial,ttyO2,115200n8 rootwait  ip=:::::eth0:dhcp  root=PARTUUID=00000000-02 rw rootfstype=ext4 rootwait 
root@GenericOMAP4(FlattenedDeviceTree):~# 
- 00:25:07 [INFO] Host: uname -a
- 00:25:07 [INFO] Target: 
uname -a
Linux GenericOMAP4(FlattenedDeviceTree) 4.6.0-rc3-next-20160412-00002-g8b1c332e497d #1 SMP Tue Apr 12 00:19:40 CDT 2016 armv7l GNU/Linux
root@GenericOMAP4(FlattenedDeviceTree):~# 
- 00:25:07 [INFO] Host: cat /proc/mtd
- 00:25:07 [INFO] Target: 
cat /proc/mtd
dev:    size   erasesize  name
root@GenericOMAP4(FlattenedDeviceTree):~# 
- 00:25:08 [INFO] Host: export IPERFHOST=192.168.1.254
- 00:25:09 [INFO] Target: 
export IPERFHOST=192.168.1.254
root@GenericOMAP4(FlattenedDeviceTree):~# 
- 00:25:09 [INFO] Host: export NFS_SERVER=192.168.1.254
- 00:25:09 [INFO] Target: 
export NFS_SERVER=192.168.1.254
root@GenericOMAP4(FlattenedDeviceTree):~# 
- 00:25:09 [INFO] Host: export NFS_ROOT_PATH=/home/NFS_exports/pandaes
- 00:25:09 [INFO] Target: 
export N[   25.423156] random: nonblocking pool is initialized
FS_ROOT_PATH=/home/NFS_exports 
/pandaes
root@GenericOMAP4(FlattenedDeviceTree):~# 
- 00:25:09 [INFO] Host: export AP_SSID=
- 00:25:09 [INFO] Target: 
export AP_SSID=
root@GenericOMAP4(FlattenedDeviceTree):~# 
- 00:25:09 [INFO] Host: mkdir -p -m 777 /test
- 00:25:10 [INFO] Target: 
mkdir -p -m 777 /test
root@GenericOMAP4(FlattenedDeviceTree):~# 
- 00:25:10 [INFO] Host: cd /test
- 00:25:10 [INFO] Target: 
cd /test
root@GenericOMAP4(FlattenedDeviceTree):/test# 
- 00:25:10 [INFO] Host: cat > test.sh << EOF
- 00:25:10 [INFO] Target: 
cat > test.sh << EOF
- 00:25:10 [INFO] Host: failtest() {
- 00:25:10 [INFO] Target: 
failtest() {
- 00:25:10 [INFO] Host:   echo 1 >&3
- 00:25:10 [INFO] Target: 
  echo 1 >&3
- 00:25:10 [INFO] Host: }
- 00:25:10 [INFO] Target: 
- 00:25:10 [INFO] Host: timeout=600
- 00:25:10 [INFO] Target: 
timeout=600
- 00:25:10 [INFO] Host: 
- 00:25:10 [INFO] Target: 
- 00:25:10 [INFO] Host: # Start of user's script logic
- 00:25:10 [INFO] Target: 
# Start of user's script logic
- 00:25:10 [INFO] Host: mount -t proc proc /proc 2>/dev/null;
- 00:25:10 [INFO] Target: 
mount -t proc proc /proc 2>/dev/null;
- 00:25:10 [INFO] Host: 
- 00:25:11 [INFO] Target: 
- 00:25:11 [INFO] Host: mount -t sysfs sys /sys 2>/dev/null;
- 00:25:11 [INFO] Target: 
mount -t sysfs sys /sys 2>/dev/null;
- 00:25:11 [INFO] Host: 
- 00:25:11 [INFO] Target: 
- 00:25:11 [INFO] Host: mount -t debugfs none /sys/kernel/debug 2>/dev/null;
- 00:25:11 [INFO] Target: 
mount -t debugfs none /sys/kernel/debug 2>/dev/null;
- 00:25:11 [INFO] Host: 
- 00:25:11 [INFO] Target: 
- 00:25:11 [INFO] Host: echo 'cpuinfo:';cat /proc/cpuinfo; echo '=======';
- 00:25:11 [INFO] Target: 
echo 'cpuinfo:';cat /proc/cpuinfo; echo '=======';
- 00:25:11 [INFO] Host: 
- 00:25:11 [INFO] Target: 
- 00:25:11 [INFO] Host: echo 'soc info:';head /sys/devices/soc0/* 2>/dev/null; echo '=======';
- 00:25:11 [INFO] Target: 
echo 'soc info:';head /sys/devices/soc0/* 2>/dev/null; echo '=======';
- 00:25:11 [INFO] Host: 
- 00:25:11 [INFO] Target: 
- 00:25:11 [INFO] Host: echo 'DT Model info'; head /proc/device-tree/name /proc/device-tree/model /proc/device-tree/compatible 2>/dev/null;echo; echo '=======';
- 00:25:11 [INFO] Target: 
echo 'DT Model info'; head /proc/device-tree/name /proc/device-tree/model /pro 
c/device-tree/compatible 2>/dev/null;echo; echo '=======';
- 00:25:11 [INFO] Host: 
- 00:25:12 [INFO] Target: 
- 00:25:12 [INFO] Host: echo 'interrupts:';cat /proc/interrupts; echo '=======';
- 00:25:12 [INFO] Target: 
echo 'interrupts:';cat /proc/interrupts; echo '=======';
- 00:25:12 [INFO] Host: 
- 00:25:12 [INFO] Target: 
- 00:25:12 [INFO] Host: echo 'Clk_summary:';cat /sys/kernel/debug/clk/clk_summary; echo '=======';
- 00:25:12 [INFO] Target: 
echo 'Clk_summary:';cat /sys/kernel/debug/clk/clk_summary; echo '=======';
- 00:25:12 [INFO] Host: 
- 00:25:12 [INFO] Target: 
- 00:25:12 [INFO] Host: echo "Available frequencies"; cat /sys/devices/system/cpu/cpu0/cpufreq/scaling_available_frequencies 2>/dev/null;echo '=======';
- 00:25:12 [INFO] Target: 
echo "Available frequencies"; cat /sys/devices/system/cpu/cpu0/cpufreq/scaling 
_available_frequencies 2>/dev/null;echo '=======';
- 00:25:12 [INFO] Host: 
- 00:25:12 [INFO] Target: 
- 00:25:12 [INFO] Host: TMPF=/tmp/a.\$\$; TMPF2=/tmp/b.\$\$; STR=""
- 00:25:12 [INFO] Target: 
TMPF=/tmp/a.\$\$; TMPF2=/tmp/b.\$\$; STR=""
- 00:25:12 [INFO] Host: 
- 00:25:12 [INFO] Target: 
- 00:25:12 [INFO] Host: cp /dev/kmsg \$TMPF &
- 00:25:12 [INFO] Target: 
cp /dev/kmsg \$TMPF &
- 00:25:12 [INFO] Host: 
- 00:25:13 [INFO] Target: 
- 00:25:13 [INFO] Host: PID=\$! ; sleep 5; kill -9 \$PID
- 00:25:13 [INFO] Target: 
PID=\$! ; sleep 5; kill -9 \$PID
- 00:25:13 [INFO] Host: 
- 00:25:13 [INFO] Target: 
- 00:25:13 [INFO] Host: 
- 00:25:13 [INFO] Target: 
- 00:25:13 [INFO] Host: 
- 00:25:13 [INFO] Target: 
- 00:25:13 [INFO] Host: cat \$TMPF|grep "^0">\$TMPF2; N=\`cat \$TMPF2|wc -l\`; if [ "\$N" -ne 0 ]; then STR="\$STR emerg=\$N";echo "===== EMERGE++";cat \$TMPF2|cut -d ';' -f2;echo "====="; fi
- 00:25:13 [INFO] Target: 
cat \$TMPF|grep "^0">\$TMPF2; N=\`cat \$TMPF2|wc -l\`; if [ "\$N" -ne 0 ]; the 
n STR="\$STR emerg=\$N";echo "===== EMERGE++";cat \$TMPF2|cut -d ';' -f2;echo "= 
===="; fi
- 00:25:13 [INFO] Host: 
- 00:25:13 [INFO] Target: 
- 00:25:13 [INFO] Host: cat \$TMPF|grep "^1">\$TMPF2; N=\`cat \$TMPF2|wc -l\`; if [ "\$N" -ne 0 ]; then STR="\$STR alert=\$N";echo "===== ALERT ==";cat \$TMPF2|cut -d ';' -f2;echo "====="; fi
- 00:25:13 [INFO] Target: 
cat \$TMPF|grep "^1">\$TMPF2; N=\`cat \$TMPF2|wc -l\`; if [ "\$N" -ne 0 ]; the 
n STR="\$STR alert=\$N";echo "===== ALERT ==";cat \$TMPF2|cut -d ';' -f2;echo "= 
===="; fi
- 00:25:13 [INFO] Host: 
- 00:25:13 [INFO] Target: 
- 00:25:13 [INFO] Host: cat \$TMPF|grep "^2">\$TMPF2; N=\`cat \$TMPF2|wc -l\`; if [ "\$N" -ne 0 ]; then STR="\$STR crit=\$N";echo "===== CRIT ==";cat \$TMPF2|cut -d ';' -f2;echo "====="; fi
- 00:25:13 [INFO] Target: 
cat \$TMPF|grep "^2">\$TMPF2; N=\`cat \$TMPF2|wc -l\`; if [ "\$N" -ne 0 ]; the 
n STR="\$STR crit=\$N";echo "===== CRIT ==";cat \$TMPF2|cut -d ';' -f2;echo "=== 
=="; fi
- 00:25:13 [INFO] Host: 
- 00:25:14 [INFO] Target: 
- 00:25:14 [INFO] Host: cat \$TMPF|grep "^3">\$TMPF2; N=\`cat \$TMPF2|wc -l\`; if [ "\$N" -ne 0 ]; then STR="\$STR err=\$N";echo "===== ERR ==";cat \$TMPF2|cut -d ';' -f2;echo "=====" ;fi
- 00:25:14 [INFO] Target: 
cat \$TMPF|grep "^3">\$TMPF2; N=\`cat \$TMPF2|wc -l\`; if [ "\$N" -ne 0 ]; the 
n STR="\$STR err=\$N";echo "===== ERR ==";cat \$TMPF2|cut -d ';' -f2;echo "===== 
" ;fi
- 00:25:14 [INFO] Host: 
- 00:25:14 [INFO] Target: 
- 00:25:14 [INFO] Host: cat \$TMPF|grep "^4">\$TMPF2; N=\`cat \$TMPF2|wc -l\`; if [ "\$N" -ne 0 ]; then STR="\$STR warn=\$N";echo "===== WARN ==";cat \$TMPF2|cut -d ';' -f2;echo "=====" ;fi
- 00:25:14 [INFO] Target: 
cat \$TMPF|grep "^4">\$TMPF2; N=\`cat \$TMPF2|wc -l\`; if [ "\$N" -ne 0 ]; the 
n STR="\$STR warn=\$N";echo "===== WARN ==";cat \$TMPF2|cut -d ';' -f2;echo "=== 
==" ;fi
- 00:25:14 [INFO] Host: 
- 00:25:14 [INFO] Target: 
- 00:25:14 [INFO] Host: rm \$TMPF \$TMPF2; echo "SUM""MARY RESULT: BOOT:" 'PASS: H''ello World' 'B''oard' "Booted" "Boot Log has::::\$STR:"
- 00:25:14 [INFO] Target: 
rm \$TMPF \$TMPF2; echo "SUM""MARY RESULT: BOOT:" 'PASS: H''ello World' 'B''oa 
rd' "Booted" "Boot Log has::::\$STR:"
- 00:25:14 [INFO] Host: 
- 00:25:14 [INFO] Target: 
- 00:25:14 [INFO] Host: EOF
- 00:25:14 [INFO] Target: 
root@GenericOMAP4(FlattenedDeviceTree):/test# 
- 00:25:14 [INFO] Host: cd /test
- 00:25:14 [INFO] Target: 
cd /test
root@GenericOMAP4(FlattenedDeviceTree):/test# 
- 00:25:14 [INFO] Host: chmod +x test.sh
- 00:25:15 [INFO] Target: 
chmod +x test.sh
root@GenericOMAP4(FlattenedDeviceTree):/test# 
- 00:25:15 [INFO] Host: ./test.sh 2> stderr.log > stdout.log 3> result.log
- 00:25:21 [INFO] Target: 
./test.sh 2> stderr.log > stdout.l 
og 3> result.log
root@GenericOMAP4(FlattenedDeviceTree):/test# 
- 00:25:21 [INFO] Host: echo $?
- 00:25:21 [INFO] Target: 
echo $?
root@GenericOMAP4(FlattenedDeviceTree):/test# 
- 00:25:21 [INFO] Host: cd /test
- 00:25:21 [INFO] Target: 
cd /test
root@GenericOMAP4(FlattenedDeviceTree):/test# 
- 00:25:21 [INFO] Host: cat stdout.log
- 00:25:23 [INFO] Target: 
cat stdout.log
cpuinfo:
processor	: 0
model name	: ARMv7 Processor rev 10 (v7l)
BogoMIPS	: 1391.00
Features	: half thumb fastmult vfp edsp thumbee neon vfpv3 tls vfpd32 
CPU implementer	: 0x41
CPU architecture: 7
CPU variant	: 0x2
CPU part	: 0xc09
CPU revision	: 10
processor	: 1
model name	: ARMv7 Processor rev 10 (v7l)
BogoMIPS	: 1397.55
Features	: half thumb fastmult vfp edsp thumbee neon vfpv3 tls vfpd32 
CPU implementer	: 0x41
CPU architecture: 7
CPU variant	: 0x2
CPU part	: 0xc09
CPU revision	: 10
Hardware	: Generic OMAP4 (Flattened Device Tree)
Revision	: 0000
Serial		: 0000000000000000
=======
soc info:
==> /sys/devices/soc0/family <==
OMAP4
==> /sys/devices/soc0/machine <==
OMAP4460
==> /sys/devices/soc0/power <==
==> /sys/devices/soc0/revision <==
ES1.1
==> /sys/devices/soc0/subsystem <==
==> /sys/devices/soc0/type <==
==> /sys/devices/soc0/uevent <==
=======
DT Model info
==> /proc/device-tree/name <==
==> /proc/device-tree/model <==
TI OMAP4 PandaBoard-ES
==> /proc/device-tree/compatible <==
ti,omap4-panda-esti,omap4-pandati,omap4460ti,omap4430ti,omap4
=======
interrupts:
           CPU0       CPU1       
 16:        144          0     WUGEN  37 Level     gp_timer
 17:       1390       1675     GIC-0  29 Edge      twd
 18:          0          0     WUGEN   9 Level     l3-dbg-irq
 19:          0          0     WUGEN  10 Level     l3-app-irq
 21:          0          0     WUGEN  12 Level     DMA
 22:       2679          0     WUGEN  13 Level     omap-dma-engine
 25:          0          0     WUGEN  29 Level     4a310000.gpio
 58:          0          0     WUGEN  30 Level     48055000.gpio
 91:          0          0     WUGEN  31 Level     48057000.gpio
124:          0          0     WUGEN  32 Level     48059000.gpio
157:          0          0     WUGEN  33 Level     4805b000.gpio
190:          0          0     WUGEN  34 Level     4805d000.gpio
223:          0          0     WUGEN  20 Level     gpmc
228:       6310          0     WUGEN  74 Level     OMAP UART2
230:        191          0     WUGEN  56 Level     48070000.i2c
231:          0          0     WUGEN  57 Level     48072000.i2c
232:          0          0     WUGEN  61 Level     48060000.i2c
233:          0          0     WUGEN  62 Level     48350000.i2c
238:       4241          0     WUGEN  83 Level     mmc0
239:        144          0     WUGEN  59 Level     mmc1
240:          0          0     WUGEN  28 Level     4a066000.mmu
241:          0          0     WUGEN 100 Level     55082000.mmu
280:          0          0      PRCM Edge      pinctrl, pinctrl
338:          0          0   pinctrl 260 Edge      48020000.serial
340:          0          0     WUGEN   7 Level     TWL6030-PIH
344:          0          0     WUGEN 119 Level     twl6040
345:          0          0   twl6040   5 Edge      twl6040_irq_ready
346:          0          0   twl6040   0 Edge      twl6040_irq_th
IPI0:          0          1  CPU wakeup interrupts
IPI1:          0        104  Timer broadcast interrupts
IPI2:       1759       5947  Rescheduling interrupts
IPI3:        230        299  Function call interrupts
IPI4:          0          0  CPU stop interrupts
IPI5:          1          0  IRQ work interrupts
IPI6:          0          0  completion interrupts
Err:          0
=======
Clk_summary:
   clock                         enable_cnt  prepare_cnt        rate   accuracy   phase
----------------------------------------------------------------------------------------
 dummy_ck                                 0            0           0          0 0  
 xclk60motg_ck                            0            0    60000000          0 0  
 xclk60mhsp2_ck                           0            0    60000000          0 0  
 xclk60mhsp1_ck                           0            0    60000000          0 0  
    utmi_p1_gfclk                         0            0    60000000          0 0  
       usb_host_hs_utmi_p1_clk            0            0    60000000          0 0  
 utmi_phy_clkout_ck                       0            1    60000000          0 0  
    otg_60m_gfclk                         0            1    60000000          0 0  
       usb_otg_hs_xclk                    0            1    60000000          0 0  
 tie_low_clock_ck                         0            0           0          0 0  
 virt_38400000_ck                         1            1    38400000          0 0  
    sys_clkin_ck                          6           15    38400000          0 0  
       auxclk5_src_ck                     0            0    38400000          0 0  
          auxclk5_ck                      0            0    38400000          0 0  
             auxclkreq5_ck                0            0    38400000          0 0  
       auxclk4_src_ck                     0            0    38400000          0 0  
          auxclk4_ck                      0            0    19200000          0 0  
             auxclkreq4_ck                0            0    19200000          0 0  
       auxclk3_src_ck                     0            0    38400000          0 0  
          auxclk3_ck                      0            0    19200000          0 0  
             auxclkreq3_ck                0            0    19200000          0 0  
       auxclk2_src_ck                     0            0    38400000          0 0  
          auxclk2_ck                      0            0    38400000          0 0  
             auxclkreq2_ck                0            0    38400000          0 0  
       auxclk1_src_ck                     0            0    38400000          0 0  
          auxclk1_ck                      0            0    38400000          0 0  
             auxclkreq1_ck                0            0    38400000          0 0  
       auxclk0_src_ck                     0            0    38400000          0 0  
          auxclk0_ck                      0            0    38400000          0 0  
             auxclkreq0_ck                0            0    38400000          0 0  
       pmd_trace_clk_mux_ck               0            1    38400000          0 0  
          trace_clk_div_div_ck            0            1    38400000          0 0  
             trace_clk_div_ck             0            1    38400000          0 0  
       pmd_stm_clock_mux_ck               0            0    38400000          0 0  
          stm_clk_div_ck                  0            0    19200000          0 0  
       l4_wkup_clk_mux_ck                11           14    38400000          0 0  
          smartreflex_mpu_fck             0            1    38400000          0 0  
          smartreflex_iva_fck             0            1    38400000          0 0  
          smartreflex_core_fck            0            1    38400000          0 0  
          div_ts_ck                       0            0     1200000          0 0  
             bandgap_ts_fclk              0            0     1200000          0 0  
       cm2_dm9_mux                        0            1    38400000          0 0  
       cm2_dm4_mux                        0            1    38400000          0 0  
       cm2_dm3_mux                        0            1    38400000          0 0  
       cm2_dm2_mux                        0            1    38400000          0 0  
       cm2_dm11_mux                       0            1    38400000          0 0  
       cm2_dm10_mux                       0            1    38400000          0 0  
       dpll_usb_ck                        0            1   960000000          0 0  
          dpll_usb_m2_ck                  0            1   480000000          0 0  
             usb_host_hs_hsic480m_p2_clk           0            0   480000000          0 0  
             usb_host_hs_hsic480m_p1_clk           0            0   480000000          0 0  
             init_60m_fclk                0            1    60000000          0 0  
                usb_tll_hs_usb_ch1_clk           0            0    60000000          0 0  
                usb_tll_hs_usb_ch0_clk           0            0    60000000          0 0  
                usb_tll_hs_usb_ch2_clk           0            0    60000000          0 0  
                usb_host_hs_fck           0            1    60000000          0 0  
                usb_host_hs_hsic60m_p2_clk           0            0    60000000          0 0  
                usb_host_hs_hsic60m_p1_clk           0            0    60000000          0 0  
                usb_host_hs_utmi_p3_clk           0            0    60000000          0 0  
                utmi_p2_gfclk             0            0    60000000          0 0  
                   usb_host_hs_utmi_p2_clk           0            0    60000000          0 0  
          dpll_usb_clkdcoldo_ck           0            0   960000000          0 0  
       dpll_per_ck                        1            2   768000000          0 0  
          dpll_per_x2_ck                  1            3  1536000000          0 0  
             dpll_per_m3x2_ck             0            0   256000000          0 0  
             dpll_per_m7x2_ck             0            0   307200000          0 0  
             dpll_per_m6x2_ck             0            0   384000000          0 0  
             dpll_per_m5x2_ck             0            1   170666667          0 0  
                dss_dss_clk               0            5   170666667          0 0  
             dpll_per_m4x2_ck             0            1   128000000          0 0  
                usim_ck                   0            0     9142858          0 0  
                   usim_fclk              0            0     9142858          0 0  
                fdif_fck                  0            1   128000000          0 0  
                func_64m_fclk             0            0    64000000          0 0  
             dpll_per_m2x2_ck             2            6   192000000          0 0  
                hsi_fck                   0            1   192000000          0 0  
                func_96m_fclk             1            8    96000000          0 0  
                   hsmmc2_fclk            0            1    96000000          0 0  
                   hsmmc1_fclk            1            1    96000000          0 0  
                   mcbsp4_sync_mux_ck           0            2    96000000          0 0  
                      per_mcbsp4_gfclk           0            1    96000000          0 0  
                   iss_ctrlclk            0            1    96000000          0 0  
                func_48mc_fclk            0            1    48000000          0 0  
                   usb_host_hs_func48mclk           0            0    48000000          0 0  
                   usb_host_fs_fck           0            0    48000000          0 0  
                   dss_48mhz_clk           0            2    48000000          0 0  
                func_48m_fclk             4           12    48000000          0 0  
                   ocp2scp_usb_phy_phy_48m           0            1    48000000          0 0  
                func_24mc_fclk            0            1    24000000          0 0  
                   slimbus2_fclk_0           0            1    24000000          0 0  
                func_12m_fclk             0            1    12000000          0 0  
          dpll_per_m2_ck                  0            1    96000000          0 0  
             func_24m_clk                 0            1    24000000          0 0  
                slimbus1_fclk_1           0            1    24000000          0 0  
       per_hsd_byp_clk_mux_ck             0            0    38400000          0 0  
       dpll_mpu_ck                        2            2   699977142          0 0  
          mpu_periphclk                   1            1   349988571          0 0  
          dpll_mpu_m2_ck                  1            1   699977142          0 0  
       iva_hsd_byp_clk_mux_ck             1            1    38400000          0 0  
          dpll_iva_ck                     1            1    38400000          0 0  
             dpll_iva_x2_ck               1            2    38400000          0 0  
                dpll_iva_m5x2_ck           1            2     9600000          0 0  
                dpll_iva_m4x2_ck           0            2     9600000          0 0  
       dpll_core_ck                       2            2   800000000          0 0  
          dpll_core_m2_ck                 1            1   800000000          0 0  
             ddrphy_ck                    2            2   400000000          0 0  
          dpll_core_x2_ck                 1            2  1600000000          0 0  
             dpll_core_m3x2_ck            0            0   320000000          0 0  
             dpll_core_m7x2_ck            0            1   320000000          0 0  
                sgx_clk_mux               0            1   320000000          0 0  
             dpll_core_m4x2_ck            0            0   200000000          0 0  
                dll_clk_div_ck            0            0   100000000          0 0  
             dpll_core_m5x2_ck            1            1   400000000          0 0  
                div_mpu_hs_clk            0            0   400000000          0 0  
                div_iva_hs_clk            0            0   400000000          0 0  
                div_core_ck               1            2   400000000          0 0  
                   ducati_clk_mux_ck           0            3   400000000          0 0  
                   l3_div_ck             47           50   200000000          0 0  
                      usb_otg_hs_ick           0            1   200000000          0 0  
                      sha2md5_fck           0            0   200000000          0 0  
                      aes2_fck            0            0   200000000          0 0  
                      aes1_fck            0            0   200000000          0 0  
                      l4_div_ck          63           67   100000000          0 0  
                         usb_tll_hs_ick           0            1   100000000          0 0  
             dpll_core_m6x2_ck            0            0   266666667          0 0  
       core_hsd_byp_clk_mux_ck            0            0    38400000          0 0  
       syc_clk_div_ck                     0            5    38400000          0 0  
          dss_sys_clk                     0            4    38400000          0 0  
          timer8_sync_mux                 0            1    38400000          0 0  
          timer7_sync_mux                 0            1    38400000          0 0  
          timer6_sync_mux                 0            1    38400000          0 0  
          timer5_sync_mux                 0            1    38400000          0 0  
       dbgclk_mux_ck                      1            1    38400000          0 0  
       abe_dpll_bypass_clk_mux_ck           0            0    38400000          0 0  
 virt_27000000_ck                         0            0    27000000          0 0  
 virt_26000000_ck                         0            0    26000000          0 0  
 virt_19200000_ck                         0            0    19200000          0 0  
 virt_16800000_ck                         0            0    16800000          0 0  
 virt_13000000_ck                         0            0    13000000          0 0  
 virt_12000000_ck                         0            0    12000000          0 0  
 sys_32k_ck                               3           12       32768          0 0  
    dmt1_clk_mux                          1            1       32768          0 0  
    gpio1_dbclk                           0            2       32768          0 0  
    abe_dpll_refclk_mux_ck                1            1       32768          0 0  
       dpll_abe_ck                        1            2    98304000          0 0  
          dpll_abe_m2_ck                  0            1    98304000          0 0  
             per_abe_nc_fclk              0            0    98304000          0 0  
             per_abe_24m_fclk             0            1    24576000          0 0  
                slimbus2_fclk_1           0            1    24576000          0 0  
          dpll_abe_x2_ck                  1            1   196608000          0 0  
             dpll_abe_m3x2_ck             0            0    98304000          0 0  
                usb_hs_clk_div_ck           0            0    32768000          0 0  
                per_hs_clk_div_ck           0            0    49152000          0 0  
             dpll_abe_m2x2_ck             1            2    98304000          0 0  
                lp_clk_div_ck             0            0     6144000          0 0  
                abe_clk                   1            1    98304000          0 0  
                   aess_fclk              1            2    98304000          0 0  
                      ocp_abe_iclk          20           20    49152000          0 0  
                abe_24m_fclk              0            6    12288000          0 0  
                   mcbsp3_sync_mux_ck           0            2    12288000          0 0  
                      func_mcbsp3_gfclk           0            1    12288000          0 0  
                   mcbsp2_sync_mux_ck           0            2    12288000          0 0  
                      func_mcbsp2_gfclk           0            1    12288000          0 0  
                   mcbsp1_sync_mux_ck           0            2    12288000          0 0  
                      func_mcbsp1_gfclk           0            1    12288000          0 0  
                   mcasp_sync_mux_ck           0            1    12288000          0 0  
                      func_mcasp_abe_gfclk           0            1    12288000          0 0  
                   dmic_sync_mux_ck           0            1    12288000          0 0  
                      func_dmic_abe_gfclk           0            1    12288000          0 0  
                   slimbus1_fclk_0           0            1    12288000          0 0  
    usb_phy_cm_clk32k                     0            0       32768          0 0  
    gpio6_dbclk                           0            2       32768          0 0  
    gpio5_dbclk                           0            2       32768          0 0  
    gpio4_dbclk                           0            2       32768          0 0  
    gpio3_dbclk                           0            2       32768          0 0  
    gpio2_dbclk                           0            2       32768          0 0  
 slimbus_src_clk                          0            1    12000000          0 0  
    slimbus_clk                           0            1    12000000          0 0  
       slimbus1_slimbus_clk               0            1    12000000          0 0  
 secure_32k_clk_src_ck                    0            0       32768          0 0  
 pad_slimbus_core_clks_ck                 0            1    12000000          0 0  
    slimbus2_slimbus_clk                  0            1    12000000          0 0  
 pad_clks_src_ck                          0            1    12000000          0 0  
    pad_clks_ck                           0            6    12000000          0 0  
       slimbus1_fclk_2                    0            1    12000000          0 0  
 extalt_clkin_ck                          0            1    59000000          0 0  
    dss_tv_clk                            0            2    59000000          0 0  
=======
Available frequencies
=======
===== ERR ==
platform 4b501000.aes: Cannot lookup hwmod 'aes'
platform 480a5000.des: Cannot lookup hwmod 'des'
mtdoops: mtd device (mtddev=name/number) must be supplied
twl: not initialized
twl6030_uv_to_vsel:OUT OF RANGE! non mapped vsel for 1375000 Vs max 1316660
twl6030_uv_to_vsel:OUT OF RANGE! non mapped vsel for 1375000 Vs max 1316660
twl6030_uv_to_vsel:OUT OF RANGE! non mapped vsel for 1375000 Vs max 1316660
twl6030_uv_to_vsel:OUT OF RANGE! non mapped vsel for 1375000 Vs max 1316660
twl6030_uv_to_vsel:OUT OF RANGE! non mapped vsel for 1375000 Vs max 1316660
twl6030_uv_to_vsel:OUT OF RANGE! non mapped vsel for 1375000 Vs max 1316660
twl6030_uv_to_vsel:OUT OF RANGE! non mapped vsel for 1410000 Vs max 1316660
omap2_set_init_voltage: unable to find boot up OPP for vdd_mpu
omap2_set_init_voltage: unable to set vdd_mpu
omap2_set_init_voltage: unable to find boot up OPP for vdd_core
omap2_set_init_voltage: unable to set vdd_core
omap2_set_init_voltage: unable to find boot up OPP for vdd_iva
omap2_set_init_voltage: unable to set vdd_iva
udevd[137]: starting version 182
=====
===== WARN ==
L2C: platform modifies aux control register: 0x0e070000 -> 0x3e470000
L2C: DT/platform modifies aux control register: 0x0e070000 -> 0x3e470000
ti_dt_clocks_register: failed to lookup clock node dss_fck
ti_dt_clocks_register: failed to lookup clock node dss_fck
ti_dt_clocks_register: failed to lookup clock node bandgap_fclk
Lock dependency validator: Copyright (c) 2006 Red Hat, Inc., Ingo Molnar
... MAX_LOCKDEP_SUBCLASSES:  8
... MAX_LOCK_DEPTH:          48
... MAX_LOCKDEP_KEYS:        8191
... CLASSHASH_SIZE:          4096
... MAX_LOCKDEP_ENTRIES:     32768
... MAX_LOCKDEP_CHAINS:      65536
... CHAINHASH_SIZE:          32768
 memory used by lock dependency info: 5167 kB
 per task-struct memory footprint: 1536 bytes
omap_hwmod: l3_main_3 using broken dt data from ocp
omap_hwmod: l3_main_2 using broken dt data from ocp
gpmc_mem_init: disabling cs 0 mapped at 0x0-0x1000000
irq: no irq domain found for /ocp/l4@4a000000/scm@100000/pinmux@40 !
irq: no irq domain found for /ocp/l4@4a000000/scm@100000/pinmux@40 !
irq: no irq domain found for /ocp/l4@4a000000/scm@100000/pinmux@40 !
workingset: timestamp_bits=12 max_order=18 bucket_order=6
OMAP4 PM: u-boot >= v2012.07 is required for full PM support
Skipping twl internal clock init and using bootloader value (unknown osc rate)
===============================
[ INFO: suspicious RCU usage. ]
4.6.0-rc3-next-20160412-00002-g8b1c332e497d #1 Not tainted
-------------------------------
include/trace/events/ipi.h:35 suspicious rcu_dereference_check() usage!
\x0aother info that might help us debug this:\x0a
\x0aRCU used illegally from idle CPU!\x0arcu_scheduler_active = 1, debug_locks = 0
RCU used illegally from extended quiescent state!
no locks held by swapper/0/0.
\x0astack backtrace:
CPU: 0 PID: 0 Comm: swapper/0 Not tainted 4.6.0-rc3-next-20160412-00002-g8b1c332e497d #1
Hardware name: Generic OMAP4 (Flattened Device Tree)
[<c01101dc>] (unwind_backtrace) from [<c010c2ac>] (show_stack+0x10/0x14)
[<c010c2ac>] (show_stack) from [<c047debc>] (dump_stack+0xb0/0xe4)
[<c047debc>] (dump_stack) from [<c010dcc0>] (smp_cross_call+0x140/0x188)
[<c010dcc0>] (smp_cross_call) from [<c01cb1b4>] (generic_exec_single+0xa0/0x160)
[<c01cb1b4>] (generic_exec_single) from [<c01cb42c>] (smp_call_function_single_async+0x38/0x9c)
[<c01cb42c>] (smp_call_function_single_async) from [<c05ff6b0>] (cpuidle_coupled_poke_others+0x8c/0xa8)
[<c05ff6b0>] (cpuidle_coupled_poke_others) from [<c05ffc08>] (cpuidle_enter_state_coupled+0x2e4/0x390)
[<c05ffc08>] (cpuidle_enter_state_coupled) from [<c0184a64>] (cpu_startup_entry+0x1cc/0x3f0)
[<c0184a64>] (cpu_startup_entry) from [<c0b00c04>] (start_kernel+0x33c/0x3b4)
[<c0b00c04>] (start_kernel) from [<8000807c>] (0x8000807c)
hw-breakpoint: Failed to enable monitor mode on CPU 0.
hw-breakpoint: CPU 1 failed to disable vector catch
sr_init: No PMIC hook to init smartreflex
omap_hsmmc 480d5000.mmc: card claims to support voltages below defined range
mmc0: host does not support reading read-only switch, assuming write-enable
FAT-fs (mmcblk0p1): Volume was not properly unmounted. Some data may be corrupt. Please run fsck.
=====
SUMMARY RESULT: BOOT: PASS: Hello World Board Booted Boot Log has:::: err=18 warn=53:
root@GenericOMAP4(FlattenedDeviceTree):/test# 
- 00:25:23 [INFO] Host: cat stderr.log
- 00:25:23 [INFO] Target: 
cat stderr.log
./test.sh: line 33:   745 Killed                  cp /dev/kmsg $TMPF
root@GenericOMAP4(FlattenedDeviceTree):/test# 
- 00:25:23 [INFO] Host: cat result.log
- 00:25:25 [ERROR] On command: cat result.log waiting for cat result.log.+?(?m-ix:^1[\0\n\r]+) >>> error: execution expired
- 00:25:25 [INFO] Target: 
cat result.log
root@GenericOMAP4(FlattenedDeviceTree):/test# 
- 00:25:25 [INFO] Host: cd /test
- 00:25:25 [INFO] Target: 
cd /test
root@GenericOMAP4(FlattenedDeviceTree):/test# 
URL:gtsystest.telogy.design.ti.com/vatf/tidfarm-05/tidfarm-05_vatf@pandaboard-es/tidfarm-0504_12_2016_00_23_21/files/session_iteration_1/test_1
