- 05:40:42 [INFO] Starting target session
- 05:40:43 [INFO] Connected to pandaboard-vanilla via serial 
- 05:40:43 [INFO] Host: #check prompt
- 05:40:46 [ERROR] On command: #check prompt waiting for #check prompt.+?(?-mix:((?-mix:.*\s+login)|[Pp]assword)) >>> error: execution expired
- 05:40:46 [INFO] Target: 
#check prompt
root@pandaboard:/test# 
- 05:40:46 [INFO] Host: #check prompt
- 05:40:46 [INFO] Target: 
#check prompt
root@pandaboard:/test# 
- 05:40:46 [INFO] Host: sync;poweroff
- 05:41:00 [INFO] Target: 
sync;poweroff
Broadcast message from root@pandaboard (ttyO2) (Sat Sep  5 05:44:23 2015):
The system is going down for system halt NOW!
INIT: SwitKW.$
INIT: Sending processes the TERM signal
INIT: Sending pStopping syslogd/klogd: stopped syslogd (pid 1165)
stopped klogd (pid 1169)
done
Deconfiguring network interfaces... ifdown: interface eth0 not configured
done.
Sending all processes the TERM signal...
Sending all processes the KILL signal...
Unmounting remote filesystems...
Deactivating swap...
Unmounting local filesystems...
[ 6142.941040] reboot: System halted
- 05:41:00 [INFO] Disconnected serial from pandaboard-vanilla
- 05:41:23 [INFO] Connected to pandaboard-vanilla via serial 
- 05:41:23 [INFO] Host: 
- 05:41:33 [INFO] Target: 
mmc0 is current device
SD/MMC found on device 0
reading boot.scr
** Unable to read file boot.scr **
reading uEnv.txt
879 bytes read in 3 ms (286.1 KiB/s)
Importing environment from mmc0 ...
Running uenvcmd ...
(Re)start USB...
USB0:   USB EHCI 1.00
scanning bus 0 for devices... 3 USB Device(s) found
       scanning usb for storage devices... 0 Storage Device(s) found
       scanning usb for ethernet devices... 1 Ethernet Device(s) found
usbethaddr=2E:60:05:CC:46:01
Waiting for Ethernet connection... done.
BOOTP broadcast 1
DHCP client bound to address 192.168.1.156
Using sms0 device
TFTP from server 192.168.1.254; our IP address is 192.168.1.156
Filename '/tftpboot/kernel/omap4-panda.dtb'.
Load address: 0x88000000
Loading: *
TFTP error: 'File not found' (1)
Not retrying...
Waiting for Ethernet connection... done.
BOOTP broadcast 1
DHCP client bound to address 192.168.1.156
Using sms0 device
TFTP from server 192.168.1.254; our IP address is 192.168.1.156
Filename '/tftpboot/kernel/zImage'.
Load address: 0x80200000
Loading: *
TFTP error: 'File not found' (1)
Not retrying...
stopping USB..
Bad Linux ARM zImage magic!
EHCI fail timeout STS_ASS set
EHCI fail timeout STS_ASS set
Booting from mmc0 ...
Bad Linux ARM zImage magic!
U-Boot# 
U-Boot# 
U-Boot# 
U-Boot# 
U-Boot# 
U-Boot# 
U-Boot# 
U-Boot# 
U-Boot# 
U-Boot# 
U-Boot# 
U-Boot# 
U-Boot# 
U-Boot# 
U-Boot# 
U-Boot# 
U-Boot# 
U-Boot# 
U-Boot# 
U-Boot# 
U-Boot# 
U-Boot# 
U-Boot# 
U-Boot# 
U-Boot# 
U-Boot# 
U-Boot# 
U-Boot# 
U-Boot# 
U-Boot# 
U-Boot# 
U-Boot# 
U-Boot# 
U-Boot# 
U-Boot# 
U-Boot# 
U-Boot# 
U-Boot# 
U-Boot# 
U-Boot# 
U-Boot# 
U-Boot# 
U-Boot# 
U-Boot# 
U-Boot# 
U-Boot# 
U-Boot# 
U-Boot# 
U-Boot# 
U-Boot# 
U-Boot# 
U-Boot# 
U-Boot# 
U-Boot# 
U-Boot# 
U-Boot# 
U-Boot# 
U-Boot# 
U-Boot# 
U-Boot# 
U-Boot# 
U-Boot# 
U-Boot# 
U-Boot# 
U-Boot# 
U-Boot# 
U-Boot# 
U-Boot# 
U-Boot# 
U-Boot# 
U-Boot# 
U-Boot# 
U-Boot# 
U-Boot# 
U-Boot# 
U-Boot# 
U-Boot# 
U-Boot# 
U-Boot# 
U-Boot# 
U-Boot# 
- 05:41:33 [INFO] Host: 
- 05:41:33 [INFO] Target: 
U-Boot# 
U-Boot# 
- 05:41:33 [INFO] Host: version
- 05:41:33 [INFO] Target: 
version
U-Boot 2014.04-00069-g53b0d70 (Apr 22 2014 - 14:39:57)
arm-linux-gnueabi-gcc (Ubuntu/Linaro 4.6.3-1ubuntu5) 4.6.3
GNU ld (GNU Binutils for Ubuntu) 2.22
U-Boot# 
- 05:41:33 [INFO] Host: setenv bootargs 'console=ttyO2,115200n8 vram=16M earlyprintk rootwait '
- 05:41:33 [INFO] Target: 
setenv bootargs 'console=ttyO2,115200n8 vram=16M earlyprintk rootwait '
U-Boot# 
- 05:41:33 [INFO] Host: setenv bootcmd  ''
- 05:41:33 [INFO] Target: 
setenv bootcmd  ''
U-Boot# 
- 05:41:33 [INFO] Host: setenv autoload 'no'
- 05:41:33 [INFO] Target: 
setenv autoload 'no'
U-Boot# 
- 05:41:33 [INFO] Host: setenv serverip '192.168.1.254'
- 05:41:33 [INFO] Target: 
setenv serverip '192.168.1.254'
U-Boot# 
- 05:41:33 [INFO] Host: printenv
- 05:41:34 [INFO] Target: 
printenv
abootargs=console=ttyO2,115200n8 root=/dev/mmcblk0p2 rw rootfstype=ext4 rootwait earlyprintk
abootcmd=mw.w 0x4A31E05A 0x1f;printenv;echo "NOTE: booting from MMC filesystem";sleep 1;run fatloaduimage; echo "starting.."; sleep 1; run bootwdtb
abootwdtb=bootm ${loadaddr}
afatloaduimage=fatload mmc 0:1 ${loadaddr} uImage
arch=arm
auenvcmd=boot
autoload=no
baudrate=115200
board=panda
board_name=panda
bootargs=console=ttyO2,115200n8 vram=16M earlyprintk rootwait 
bootcmd=
bootdelay=1
bootdir=/tftpboot/kernel
bootfile=/tftpboot/kernel/zImage
bootm_size=0x08000000
bootpart=0:2
bootscript=echo Running bootscript from mmc${mmcdev} ...; source ${loadaddr}
console=ttyO2,115200n8
cpu=armv7
ethact=sms0
fdt_addr_r=0x88000000
fdtaddr=0x88000000
fdtbaddr=0x80F80000
fdtfile=omap4-panda.dtb
filesize=36f
findfdt=if test $board_name = sdp4430; then setenv fdtfile omap4-sdp.dtb; fi; if test $board_name = panda; then setenv fdtfile omap4-panda.dtb; fi;if test $board_name = panda-a4; then setenv fdtfile omap4-panda-a4.dtb; fi;if test $board_name = panda-es; then setenv fdtfile omap4-panda-es.dtb; fi;if test $fdtfile = undefined; then echo WARNING: Could not determine device tree to use; fi; 
importbootenv=echo Importing environment from mmc${mmcdev} ...; env import -t ${loadaddr} ${filesize}
kernel_addr_r=0x82000000
loadaddr=0x80200000
loadbootenv=fatload mmc ${mmcdev} ${loadaddr} uEnv.txt
loadbootscript=fatload mmc ${mmcdev} ${loadaddr} boot.scr
loadfdt=echo "++A";dhcp ${fdtaddr} ${bootdir}/${fdtfile}; echo "++B"
loadimage=;echo "++C";dhcp ${loadaddr} ${bootdir}/${mykernelfile};echo "++D";
mmcargs=setenv bootargs console=${console} vram=${vram} root=${mmcroot} rootfstype=${mmcrootfstype}
mmcboot=echo Booting from mmc${mmcdev} ...; run mmcargs; bootz ${loadaddr} - ${fdtaddr}
mmcdev=0
mmcroot=/dev/mmcblk0p2 rw
mmcrootfstype=ext3 rootwait
mykernelfile=zImage
netstart=usb start;echo usbethaddr=${usbethaddr}
netstop=usb stop
ramdisk_addr_r=0x88080000
rdaddr=0x88080000
serverip=192.168.1.254
soc=omap4
uenvcmd=run netstart;run loadfdt;run loadimage;run netstop; bootz ${loadaddr} - ${fdtaddr}
usbethaddr="2E:60:05:CC:46:01"
usbtty=cdc_acm
vendor=ti
ver=U-Boot 2014.04-00069-g53b0d70 (Apr 22 2014 - 14:39:57)
vram=16M
Environment size: 2328/131068 bytes
U-Boot# 
- 05:41:34 [INFO] Host: dcache off
- 05:41:34 [INFO] Target: 
dcache off
Unknown command 'dcache' - try 'help'
U-Boot# 
- 05:41:34 [INFO] Host: setenv usbethaddr 2E:62:05:CC:46:01
- 05:41:34 [INFO] Target: 
setenv usbethaddr 2E:62:05:CC:46:01
U-Boot# 
- 05:41:34 [INFO] Host: usb start
- 05:41:36 [INFO] Target: 
usb start
(Re)start USB...
USB0:   USB EHCI 1.00
scanning bus 0 for devices... 3 USB Device(s) found
       scanning usb for storage devices... 0 Storage Device(s) found
       scanning usb for ethernet devices... 1 Ethernet Device(s) found
U-Boot# 
- 05:41:36 [INFO] Host: printenv
- 05:41:36 [INFO] Target: 
printenv
abootargs=console=ttyO2,115200n8 root=/dev/mmcblk0p2 rw rootfstype=ext4 rootwait earlyprintk
abootcmd=mw.w 0x4A31E05A 0x1f;printenv;echo "NOTE: booting from MMC filesystem";sleep 1;run fatloaduimage; echo "starting.."; sleep 1; run bootwdtb
abootwdtb=bootm ${loadaddr}
afatloaduimage=fatload mmc 0:1 ${loadaddr} uImage
arch=arm
auenvcmd=boot
autoload=no
baudrate=115200
board=panda
board_name=panda
bootargs=console=ttyO2,115200n8 vram=16M earlyprintk rootwait 
bootcmd=
bootdelay=1
bootdir=/tftpboot/kernel
bootfile=/tftpboot/kernel/zImage
bootm_size=0x08000000
bootpart=0:2
bootscript=echo Running bootscript from mmc${mmcdev} ...; source ${loadaddr}
console=ttyO2,115200n8
cpu=armv7
ethact=sms0
fdt_addr_r=0x88000000
fdtaddr=0x88000000
fdtbaddr=0x80F80000
fdtfile=omap4-panda.dtb
filesize=36f
findfdt=if test $board_name = sdp4430; then setenv fdtfile omap4-sdp.dtb; fi; if test $board_name = panda; then setenv fdtfile omap4-panda.dtb; fi;if test $board_name = panda-a4; then setenv fdtfile omap4-panda-a4.dtb; fi;if test $board_name = panda-es; then setenv fdtfile omap4-panda-es.dtb; fi;if test $fdtfile = undefined; then echo WARNING: Could not determine device tree to use; fi; 
importbootenv=echo Importing environment from mmc${mmcdev} ...; env import -t ${loadaddr} ${filesize}
kernel_addr_r=0x82000000
loadaddr=0x80200000
loadbootenv=fatload mmc ${mmcdev} ${loadaddr} uEnv.txt
loadbootscript=fatload mmc ${mmcdev} ${loadaddr} boot.scr
loadfdt=echo "++A";dhcp ${fdtaddr} ${bootdir}/${fdtfile}; echo "++B"
loadimage=;echo "++C";dhcp ${loadaddr} ${bootdir}/${mykernelfile};echo "++D";
mmcargs=setenv bootargs console=${console} vram=${vram} root=${mmcroot} rootfstype=${mmcrootfstype}
mmcboot=echo Booting from mmc${mmcdev} ...; run mmcargs; bootz ${loadaddr} - ${fdtaddr}
mmcdev=0
mmcroot=/dev/mmcblk0p2 rw
mmcrootfstype=ext3 rootwait
mykernelfile=zImage
netstart=usb start;echo usbethaddr=${usbethaddr}
netstop=usb stop
ramdisk_addr_r=0x88080000
rdaddr=0x88080000
serverip=192.168.1.254
soc=omap4
uenvcmd=run netstart;run loadfdt;run loadimage;run netstop; bootz ${loadaddr} - ${fdtaddr}
usbethaddr=2E:62:05:CC:46:01
usbtty=cdc_acm
vendor=ti
ver=U-Boot 2014.04-00069-g53b0d70 (Apr 22 2014 - 14:39:57)
vram=16M
Environment size: 2326/131068 bytes
U-Boot# 
- 05:41:36 [INFO] Host: setenv bootargs ''${bootargs}' ip=:::::eth0:dhcp '
- 05:41:36 [INFO] Target: 
setenv bootargs ''${bootargs}' ip=:::::eth0:dhcp '
U-Boot# 
- 05:41:36 [INFO] Host: setenv serverip '192.168.1.254'
- 05:41:36 [INFO] Target: 
setenv serverip '192.168.1.254'
U-Boot# 
- 05:41:36 [INFO] Host: setenv autoload 'no'
- 05:41:37 [INFO] Target: 
setenv autoload 'no'
U-Boot# 
- 05:41:37 [INFO] Host: dhcp
- 05:41:39 [INFO] Target: 
dhcp
Waiting for Ethernet connection... done.
BOOTP broadcast 1
DHCP client bound to address 192.168.1.157
U-Boot# 
- 05:41:39 [INFO] Host: tftp ${loadaddr} 192.168.1.254:vatf_pandaboard-vanilla/c1f18c3ecd9aec8cf808a247d874faad
- 05:41:43 [INFO] Target: 
tftp ${loadaddr} 192.168.1.254:vatf_pandaboard-vanilla/c1f18c3ecd9aec8cf808a247d874faad
Waiting for Ethernet connection... done.
Using sms0 device
TFTP from server 192.168.1.254; our IP address is 192.168.1.157
Filename 'vatf_pandaboard-vanilla/c1f18c3ecd9aec8cf808a247d874faad'.
Load address: 0x80200000
Loading: *#################################################################
	 #################################################################
	 #################################################################
	 ##################################################
	 2.3 MiB/s
done
Bytes transferred = 3588912 (36c330 hex)
U-Boot# 
- 05:41:43 [INFO] Host: tftp ${fdt_addr_r} 192.168.1.254:vatf_pandaboard-vanilla/a702b9c85fa26c6a0e4d8a9c9893b8ed
- 05:41:45 [INFO] Target: 
tftp ${fdt_addr_r} 192.168.1.254:vatf_pandaboard-vanilla/a702b9c85fa26c6a0e4d8a9c9893b8ed
Waiting for Ethernet connection... done.
Using sms0 device
TFTP from server 192.168.1.254; our IP address is 192.168.1.157
Filename 'vatf_pandaboard-vanilla/a702b9c85fa26c6a0e4d8a9c9893b8ed'.
Load address: 0x88000000
Loading: *####
	 2.2 MiB/s
done
Bytes transferred = 56569 (dcf9 hex)
U-Boot# 
- 05:41:45 [INFO] Host: ls mmc 0:1
- 05:41:45 [INFO] Target: 
ls mmc 0:1
    33508   mlo 
   208700   u-boot.img 
      879   uenv.txt 
            .trash-1000/
        4   ws-calibrate.rules 
4 file(s), 1 dir(s)
U-Boot# 
- 05:41:45 [INFO] Host: ls mmc 0:2
- 05:41:45 [INFO] Target: 
ls mmc 0:2
<DIR>       4096 .
<DIR>       4096 ..
<DIR>      16384 lost+found
<DIR>       4096 bin
<DIR>       4096 boot
<SYM>         37 cpufreq
<SYM>         37 cpuidle
<DIR>       4096 dev
<DIR>       4096 etc
<DIR>       4096 home
<DIR>       4096 lib
<DIR>       4096 media
<DIR>       4096 mnt
<DIR>       4096 opt
<DIR>       4096 proc
<SYM>          8 run
<DIR>       4096 sbin
<DIR>       4096 srv
               9 .ash_history
<DIR>       4096 sys
<SYM>          8 tmp
<DIR>       4096 usr
<DIR>       4096 var
<DIR>       4096 www
<DIR>       4096 test
U-Boot# 
- 05:41:45 [INFO] Host: part uuid mmc 0:2
- 05:41:45 [INFO] Target: 
part uuid mmc 0:2
Unknown command 'part' - try 'help'
U-Boot# 
- 05:41:45 [INFO] Host: printenv
- 05:41:45 [INFO] Target: 
printenv
abootargs=console=ttyO2,115200n8 root=/dev/mmcblk0p2 rw rootfstype=ext4 rootwait earlyprintk
abootcmd=mw.w 0x4A31E05A 0x1f;printenv;echo "NOTE: booting from MMC filesystem";sleep 1;run fatloaduimage; echo "starting.."; sleep 1; run bootwdtb
abootwdtb=bootm ${loadaddr}
afatloaduimage=fatload mmc 0:1 ${loadaddr} uImage
arch=arm
auenvcmd=boot
autoload=no
baudrate=115200
board=panda
board_name=panda
bootargs=console=ttyO2,115200n8 vram=16M earlyprintk rootwait  ip=:::::eth0:dhcp 
bootcmd=
bootdelay=1
bootdir=/tftpboot/kernel
bootfile=/tftpboot/kernel/omap4-panda.dtb
bootm_size=0x08000000
bootpart=0:2
bootscript=echo Running bootscript from mmc${mmcdev} ...; source ${loadaddr}
console=ttyO2,115200n8
cpu=armv7
dnsip=192.0.2.2
ethact=sms0
fdt_addr_r=0x88000000
fdtaddr=0x88000000
fdtbaddr=0x80F80000
fdtfile=omap4-panda.dtb
fileaddr=88000000
filesize=dcf9
findfdt=if test $board_name = sdp4430; then setenv fdtfile omap4-sdp.dtb; fi; if test $board_name = panda; then setenv fdtfile omap4-panda.dtb; fi;if test $board_name = panda-a4; then setenv fdtfile omap4-panda-a4.dtb; fi;if test $board_name = panda-es; then setenv fdtfile omap4-panda-es.dtb; fi;if test $fdtfile = undefined; then echo WARNING: Could not determine device tree to use; fi; 
gatewayip=192.168.1.254
importbootenv=echo Importing environment from mmc${mmcdev} ...; env import -t ${loadaddr} ${filesize}
ipaddr=192.168.1.157
kernel_addr_r=0x82000000
loadaddr=0x80200000
loadbootenv=fatload mmc ${mmcdev} ${loadaddr} uEnv.txt
loadbootscript=fatload mmc ${mmcdev} ${loadaddr} boot.scr
loadfdt=echo "++A";dhcp ${fdtaddr} ${bootdir}/${fdtfile}; echo "++B"
loadimage=;echo "++C";dhcp ${loadaddr} ${bootdir}/${mykernelfile};echo "++D";
mmcargs=setenv bootargs console=${console} vram=${vram} root=${mmcroot} rootfstype=${mmcrootfstype}
mmcboot=echo Booting from mmc${mmcdev} ...; run mmcargs; bootz ${loadaddr} - ${fdtaddr}
mmcdev=0
mmcroot=/dev/mmcblk0p2 rw
mmcrootfstype=ext3 rootwait
mykernelfile=zImage
netmask=255.255.255.0
netstart=usb start;echo usbethaddr=${usbethaddr}
netstop=usb stop
ramdisk_addr_r=0x88080000
rdaddr=0x88080000
serverip=192.168.1.254
soc=omap4
uenvcmd=run netstart;run loadfdt;run loadimage;run netstop; bootz ${loadaddr} - ${fdtaddr}
usbethaddr=2E:62:05:CC:46:01
usbtty=cdc_acm
vendor=ti
ver=U-Boot 2014.04-00069-g53b0d70 (Apr 22 2014 - 14:39:57)
vram=16M
Environment size: 2466/131068 bytes
U-Boot# 
- 05:41:45 [INFO] Host: setenv bootargs ''${bootargs}' root=/dev/mmcblk0p2 rw rootfstype=ext3 rootwait '
- 05:41:45 [INFO] Target: 
setenv bootargs ''${bootargs}' root=/dev/mmcblk0p2 rw rootfstype=ext3 rootwait '
U-Boot# 
- 05:41:45 [INFO] Host: printenv
- 05:41:46 [INFO] Target: 
printenv
abootargs=console=ttyO2,115200n8 root=/dev/mmcblk0p2 rw rootfstype=ext4 rootwait earlyprintk
abootcmd=mw.w 0x4A31E05A 0x1f;printenv;echo "NOTE: booting from MMC filesystem";sleep 1;run fatloaduimage; echo "starting.."; sleep 1; run bootwdtb
abootwdtb=bootm ${loadaddr}
afatloaduimage=fatload mmc 0:1 ${loadaddr} uImage
arch=arm
auenvcmd=boot
autoload=no
baudrate=115200
board=panda
board_name=panda
bootargs=console=ttyO2,115200n8 vram=16M earlyprintk rootwait  ip=:::::eth0:dhcp  root=/dev/mmcblk0p2 rw rootfstype=ext3 rootwait 
bootcmd=
bootdelay=1
bootdir=/tftpboot/kernel
bootfile=/tftpboot/kernel/omap4-panda.dtb
bootm_size=0x08000000
bootpart=0:2
bootscript=echo Running bootscript from mmc${mmcdev} ...; source ${loadaddr}
console=ttyO2,115200n8
cpu=armv7
dnsip=192.0.2.2
ethact=sms0
fdt_addr_r=0x88000000
fdtaddr=0x88000000
fdtbaddr=0x80F80000
fdtfile=omap4-panda.dtb
fileaddr=88000000
filesize=dcf9
findfdt=if test $board_name = sdp4430; then setenv fdtfile omap4-sdp.dtb; fi; if test $board_name = panda; then setenv fdtfile omap4-panda.dtb; fi;if test $board_name = panda-a4; then setenv fdtfile omap4-panda-a4.dtb; fi;if test $board_name = panda-es; then setenv fdtfile omap4-panda-es.dtb; fi;if test $fdtfile = undefined; then echo WARNING: Could not determine device tree to use; fi; 
gatewayip=192.168.1.254
importbootenv=echo Importing environment from mmc${mmcdev} ...; env import -t ${loadaddr} ${filesize}
ipaddr=192.168.1.157
kernel_addr_r=0x82000000
loadaddr=0x80200000
loadbootenv=fatload mmc ${mmcdev} ${loadaddr} uEnv.txt
loadbootscript=fatload mmc ${mmcdev} ${loadaddr} boot.scr
loadfdt=echo "++A";dhcp ${fdtaddr} ${bootdir}/${fdtfile}; echo "++B"
loadimage=;echo "++C";dhcp ${loadaddr} ${bootdir}/${mykernelfile};echo "++D";
mmcargs=setenv bootargs console=${console} vram=${vram} root=${mmcroot} rootfstype=${mmcrootfstype}
mmcboot=echo Booting from mmc${mmcdev} ...; run mmcargs; bootz ${loadaddr} - ${fdtaddr}
mmcdev=0
mmcroot=/dev/mmcblk0p2 rw
mmcrootfstype=ext3 rootwait
mykernelfile=zImage
netmask=255.255.255.0
netstart=usb start;echo usbethaddr=${usbethaddr}
netstop=usb stop
ramdisk_addr_r=0x88080000
rdaddr=0x88080000
serverip=192.168.1.254
soc=omap4
uenvcmd=run netstart;run loadfdt;run loadimage;run netstop; bootz ${loadaddr} - ${fdtaddr}
usbethaddr=2E:62:05:CC:46:01
usbtty=cdc_acm
vendor=ti
ver=U-Boot 2014.04-00069-g53b0d70 (Apr 22 2014 - 14:39:57)
vram=16M
Environment size: 2515/131068 bytes
U-Boot# 
- 05:41:46 [INFO] Host: setenv bootcmd ''${bootcmd}' if iminfo ${loadaddr}; then bootm ${loadaddr} - ${fdt_addr_r}; else bootz ${loadaddr} - ${fdt_addr_r}; bootm ${loadaddr} - ${fdt_addr_r}; fi'
- 05:41:46 [INFO] Target: 
setenv bootcmd ''${bootcmd}' if iminfo ${loadaddr}; then bootm ${loadaddr} - ${fdt_addr_r}; else bootz ${loadaddr} - ${fdt_addr_r}; bootm ${loadaddr} - ${fdt_addr_r}; fi'
U-Boot# 
- 05:41:46 [INFO] Host: version
- 05:41:46 [INFO] Target: 
version
U-Boot 2014.04-00069-g53b0d70 (Apr 22 2014 - 14:39:57)
arm-linux-gnueabi-gcc (Ubuntu/Linaro 4.6.3-1ubuntu5) 4.6.3
GNU ld (GNU Binutils for Ubuntu) 2.22
U-Boot# 
- 05:41:46 [INFO] Host: bdinfo
- 05:41:46 [INFO] Target: 
bdinfo
arch_number = 0x00000AE7
boot_params = 0x80000100
DRAM bank   = 0x00000000
-> start    = 0x80000000
-> size     = 0x40000000
current eth = sms0
ip_addr     = 192.168.1.157
baudrate    = 115200 bps
TLB addr    = 0xBFFF0000
relocaddr   = 0xBFF79000
reloc off   = 0x3F779000
irq_sp      = 0xBFE58EE0
sp start    = 0xBFE58ED0
U-Boot# 
- 05:41:46 [INFO] Host: mmc rescan; echo $?
- 05:41:46 [INFO] Target: 
mmc rescan; echo $?
U-Boot# 
- 05:41:46 [INFO] Host: fatwrite mmc ${mmcdev}:1 ${loadaddr} ws-calibrate.rules 4
- 05:41:46 [INFO] Target: 
fatwrite mmc ${mmcdev}:1 ${loadaddr} ws-calibrate.rules 4
writing ws-calibrate.rules
4 bytes written
U-Boot# 
- 05:41:46 [INFO] Host: boot
- 05:42:17 [INFO] Target: 
boot
## Checking Image at 80200000 ...
Unknown image format!
Kernel image @ 0x80200000 [ 0x000000 - 0x36c330 ]
## Flattened Device Tree blob at 88000000
   Booting using the fdt blob at 0x88000000
   Loading Device Tree to 87fef000, end 87fffcf8 ... OK
Starting kernel ...
[    0.000000] Booting Linux on physical CPU 0x0
[    0.000000] Initializing cgroup subsys cpuset
[    0.000000] Initializing cgroup subsys cpu
[    0.000000] Initializing cgroup subsys cpuacct
[    0.000000] Linux version 4.3.0-rc6-next-20151022-00002-g0138c219164b (nmenon@kahuna) (gcc version 4.6.3 (Ubuntu/Linaro 4.6.3-1ubuntu5) ) #1 SMP Fri Oct 30 05:36:52 CDT 2015
[    0.000000] CPU: ARMv7 Processor [411fc092] revision 2 (ARMv7), cr=10c5387d
[    0.000000] CPU: PIPT / VIPT nonaliasing data cache, VIPT aliasing instruction cache
[    0.000000] Machine model: TI OMAP4 PandaBoard
[    0.000000] cma: Reserved 16 MiB at 0xbe800000
[    0.000000] Memory policy: Data cache writealloc
[    0.000000] OMAP4: Map 0xbfe00000 to fe600000 for dram barrier
[    0.000000] OMAP4430 ES2.2
[    0.000000] PERCPU: Embedded 14 pages/cpu @ef696000 s25152 r8192 d24000 u57344
[    0.000000] Built 1 zonelists in Zone order, mobility grouping on.  Total pages: 259904
[    0.000000] Kernel command line: console=ttyO2,115200n8 vram=16M earlyprintk rootwait  ip=:::::eth0:dhcp  root=/dev/mmcblk0p2 rw rootfstype=ext3 rootwait 
[    0.000000] PID hash table entries: 4096 (order: 2, 16384 bytes)
[    0.000000] Dentry cache hash table entries: 131072 (order: 7, 524288 bytes)
[    0.000000] Inode-cache hash table entries: 65536 (order: 6, 262144 bytes)
[    0.000000] Memory: 1001336K/1046528K available (6605K kernel code, 746K rwdata, 2236K rodata, 452K init, 8263K bss, 28808K reserved, 16384K cma-reserved, 243712K highmem)
[    0.000000] Virtual kernel memory layout:
[    0.000000]     vector  : 0xffff0000 - 0xffff1000   (   4 kB)
[    0.000000]     fixmap  : 0xffc00000 - 0xfff00000   (3072 kB)
[    0.000000]     vmalloc : 0xf0800000 - 0xff800000   ( 240 MB)
[    0.000000]     lowmem  : 0xc0000000 - 0xf0000000   ( 768 MB)
[    0.000000]     pkmap   : 0xbfe00000 - 0xc0000000   (   2 MB)
[    0.000000]     modules : 0xbf000000 - 0xbfe00000   (  14 MB)
[    0.000000]       .text : 0xc0008000 - 0xc08aa7c8   (8842 kB)
[    0.000000]       .init : 0xc08ab000 - 0xc091c000   ( 452 kB)
[    0.000000]       .data : 0xc091c000 - 0xc09d6ab8   ( 747 kB)
[    0.000000]        .bss : 0xc09d9000 - 0xc11eaee8   (8264 kB)
[    0.000000] Running RCU self tests
[    0.000000] Hierarchical RCU implementation.
[    0.000000] 	RCU lockdep checking is enabled.
[    0.000000] 	Build-time adjustment of leaf fanout to 32.
[    0.000000] NR_IRQS:16 nr_irqs:16 16
[    0.000000] L2C: platform modifies aux control register: 0x0e070000 -> 0x3e470000
[    0.000000] L2C: DT/platform modifies aux control register: 0x0e070000 -> 0x3e470000
[    0.000000] L2C-310 erratum 727915 enabled
[    0.000000] L2C-310 enabling early BRESP for Cortex-A9
[    0.000000] L2C-310 ID prefetch enabled, offset 1 lines
[    0.000000] L2C-310 cache controller enabled, 16 ways, 1024 kB
[    0.000000] L2C-310: CACHE_ID 0x410000c4, AUX_CTRL 0x7e470000
[    0.000000] ti_dt_clocks_register: failed to lookup clock node dss_fck
[    0.000000] ti_dt_clocks_register: failed to lookup clock node dss_fck
[    0.000000] ti_dt_clocks_register: failed to lookup clock node div_ts_ck
[    0.000000] ti_dt_clocks_register: failed to lookup clock node bandgap_ts_fclk
[    0.000000] OMAP clockevent source: timer1 at 32768 Hz
[    0.000000] clocksource: 32k_counter: mask: 0xffffffff max_cycles: 0xffffffff, max_idle_ns: 58327039986419 ns
[    0.000030] sched_clock: 32 bits at 32kHz, resolution 30517ns, wraps every 65535999984741ns
[    0.000030] OMAP clocksource: 32k_counter at 32768 Hz
[    0.001617] Console: colour dummy device 80x30
[    0.001678] Lock dependency validator: Copyright (c) 2006 Red Hat, Inc., Ingo Molnar
[    0.001708] ... MAX_LOCKDEP_SUBCLASSES:  8
[    0.001708] ... MAX_LOCK_DEPTH:          48
[    0.001708] ... MAX_LOCKDEP_KEYS:        8191
[    0.001739] ... CLASSHASH_SIZE:          4096
[    0.001739] ... MAX_LOCKDEP_ENTRIES:     32768
[    0.001739] ... MAX_LOCKDEP_CHAINS:      65536
[    0.001770] ... CHAINHASH_SIZE:          32768
[    0.001770]  memory used by lock dependency info: 5167 kB
[    0.001770]  per task-struct memory footprint: 1536 bytes
[    0.001800] Calibrating delay loop... 1196.85 BogoMIPS (lpj=5984256)
[    0.079345] pid_max: default: 32768 minimum: 301
[    0.079833] Security Framework initialized
[    0.079986] Mount-cache hash table entries: 2048 (order: 1, 8192 bytes)
[    0.080017] Mountpoint-cache hash table entries: 2048 (order: 1, 8192 bytes)
[    0.083679] Initializing cgroup subsys io
[    0.083801] Initializing cgroup subsys memory
[    0.083923] Initializing cgroup subsys devices
[    0.084014] Initializing cgroup subsys freezer
[    0.084167] Initializing cgroup subsys perf_event
[    0.084259] CPU: Testing write buffer coherency: ok
[    0.085784] CPU0: thread -1, cpu 0, socket 0, mpidr 80000000
[    0.085937] Setting up static identity map for 0x80008280 - 0x800082f0
[    0.129364] CPU1: thread -1, cpu 1, socket 0, mpidr 80000001
[    0.130126] Brought up 2 CPUs
[    0.130157] SMP: Total of 2 processors activated (2393.70 BogoMIPS).
[    0.130157] CPU: All CPU(s) started in SVC mode.
[    0.133880] devtmpfs: initialized
[    0.200317] VFP support v0.3: implementor 41 architecture 3 part 30 variant 9 rev 1
[    0.205932] omap_hwmod: l3_main_3 using broken dt data from ocp
[    0.211059] omap_hwmod: l3_main_2 using broken dt data from ocp
[    0.407836] clocksource: jiffies: mask: 0xffffffff max_cycles: 0xffffffff, max_idle_ns: 19112604462750000 ns
[    0.410552] pinctrl core: initialized pinctrl subsystem
[    0.416381] NET: Registered protocol family 16
[    0.422607] DMA: preallocated 256 KiB pool for atomic coherent allocations
[    0.449615] cpuidle: using governor ladder
[    0.479492] cpuidle: using governor menu
[    0.498809] irq: no irq domain found for /ocp/l4@4a000000/scm@100000/pinmux@40 !
[    0.499603] irq: no irq domain found for /ocp/l4@4a000000/scm@100000/pinmux@40 !
[    0.500366] irq: no irq domain found for /ocp/l4@4a000000/scm@100000/pinmux@40 !
[    0.525604] platform 4b501000.aes: Cannot lookup hwmod 'aes'
[    0.526214] platform 480a5000.des: Cannot lookup hwmod 'des'
[    0.535980] No ATAGs?
[    0.536102] hw-breakpoint: found 5 (+1 reserved) breakpoint and 1 watchpoint registers.
[    0.536102] hw-breakpoint: maximum watchpoint size is 4 bytes.
[    0.537292] omap4_sram_init:Unable to get sram pool needed to handle errata I688
[    0.539154] OMAP DMA hardware revision 0.0
[    0.541656] ARM PMU: not yet supported on OMAP4430 due to missing CTI driver
[    0.604003] SCSI subsystem initialized
[    0.606292] pps_core: LinuxPPS API ver. 1 registered
[    0.606292] pps_core: Software ver. 5.3.6 - Copyright 2005-2007 Rodolfo Giometti <giometti@linux.it>
[    0.606353] PTP clock support registered
[    0.611053] clocksource: Switched to clocksource 32k_counter
[    0.776885] NET: Registered protocol family 2
[    0.779296] TCP established hash table entries: 8192 (order: 3, 32768 bytes)
[    0.779510] TCP bind hash table entries: 8192 (order: 6, 294912 bytes)
[    0.782501] TCP: Hash tables configured (established 8192 bind 8192)
[    0.782897] UDP hash table entries: 512 (order: 3, 40960 bytes)
[    0.783294] UDP-Lite hash table entries: 512 (order: 3, 40960 bytes)
[    0.784576] NET: Registered protocol family 1
[    0.786285] RPC: Registered named UNIX socket transport module.
[    0.786315] RPC: Registered udp transport module.
[    0.786315] RPC: Registered tcp transport module.
[    0.786346] RPC: Registered tcp NFSv4.1 backchannel transport module.
[    0.793945] futex hash table entries: 512 (order: 3, 32768 bytes)
[    0.794311] audit: initializing netlink subsys (disabled)
[    0.794586] audit: type=2000 audit(0.780:1): initialized
[    0.798400] VFS: Disk quotas dquot_6.6.0
[    0.798583] VFS: Dquot-cache hash table entries: 1024 (order 0, 4096 bytes)
[    0.801788] NFS: Registering the id_resolver key type
[    0.802185] Key type id_resolver registered
[    0.802215] Key type id_legacy registered
[    0.802459] jffs2: version 2.2. (NAND) (SUMMARY)   2001-2006 Red Hat, Inc.
[    0.808258] bounce: pool size: 64 pages
[    0.808410] io scheduler noop registered
[    0.808410] io scheduler deadline registered
[    0.808471] io scheduler cfq registered (default)
[    0.814361] Serial: 8250/16550 driver, 4 ports, IRQ sharing enabled
[    0.858459] brd: module loaded
[    0.883544] loop: module loaded
[    0.887115] mtdoops: mtd device (mtddev=name/number) must be supplied
[    0.895782] mousedev: PS/2 mouse device common for all mice
[    0.895812] i2c /dev entries driver
[    0.897460] ledtrig-cpu: registered to indicate activity on CPUs
[    0.898895] oprofile: no performance counters
[    0.900390] oprofile: using timer interrupt.
[    0.901367] Initializing XFRM netlink socket
[    0.901947] NET: Registered protocol family 10
[    0.904846] sit: IPv6 over IPv4 tunneling driver
[    0.907318] NET: Registered protocol family 17
[    0.907409] NET: Registered protocol family 15
[    0.907806] Key type dns_resolver registered
[    0.908111] twl: not initialized
[    0.908142] twl6030_uv_to_vsel:OUT OF RANGE! non mapped vsel for 1375000 Vs max 1316660
[    0.908142] twl6030_uv_to_vsel:OUT OF RANGE! non mapped vsel for 1375000 Vs max 1316660
[    0.908203] twl6030_uv_to_vsel:OUT OF RANGE! non mapped vsel for 1375000 Vs max 1316660
[    0.908203] twl6030_uv_to_vsel:OUT OF RANGE! non mapped vsel for 1375000 Vs max 1316660
[    0.908233] twl6030_uv_to_vsel:OUT OF RANGE! non mapped vsel for 1375000 Vs max 1316660
[    0.908233] twl6030_uv_to_vsel:OUT OF RANGE! non mapped vsel for 1375000 Vs max 1316660
[    0.908264] twl6030_uv_to_vsel:OUT OF RANGE! non mapped vsel for 1410000 Vs max 1316660
[    0.908294] omap2_set_init_voltage: unable to find boot up OPP for vdd_mpu
[    0.908325] omap2_set_init_voltage: unable to set vdd_mpu
[    0.908355] omap2_set_init_voltage: unable to find boot up OPP for vdd_core
[    0.908355] omap2_set_init_voltage: unable to set vdd_core
[    0.908386] omap2_set_init_voltage: unable to find boot up OPP for vdd_iva
[    0.908416] omap2_set_init_voltage: unable to set vdd_iva
[    0.910888] Power Management for TI OMAP4+ devices.
[    0.910888] OMAP4 PM: u-boot >= v2012.07 is required for full PM support
[    0.912719] ThumbEE CPU extension supported.
[    0.912780] Registering SWP/SWPB emulation handler
[    0.912780] SmartReflex Class3 initialized
[    0.922821] OMAP GPIO hardware version 0.1
[    0.933074] omap-gpmc 50000000.gpmc: GPMC revision 6.0
[    0.935546] gpmc_mem_init: disabling cs 0 mapped at 0x0-0x1000000
[    0.941131] omap-dma-engine 4a056000.dma-controller: OMAP DMA engine driver
[    0.951110] omap_hwmod: gpio2: _wait_target_disable failed
[    1.021545] hw-breakpoint: Failed to enable monitor mode on CPU 0.
[    1.021820] pinctrl-single 4a100040.pinmux: 203 pins at pa fc100040 size 406
[    1.034088] pinctrl-single 4a31e040.pinmux: 28 pins at pa fc31e040 size 56
[    1.036682] Skipping twl internal clock init and using bootloader value (unknown osc rate)
[    1.051177] hw-breakpoint: CPU 0 failed to disable vector catch
[    1.053741] twl 0-0048: PIH (irq 332) nested IRQs
[    1.087371] twl6040 0-004b: clk32k is not handled
[    1.095397] omap_i2c 48070000.i2c: bus 0 rev0.10 at 400 kHz
[    1.097900] omap_i2c 48072000.i2c: bus 1 rev0.10 at 400 kHz
[    1.099975] omap_i2c 48060000.i2c: bus 2 rev0.10 at 100 kHz
[    1.102844] omap_i2c 48350000.i2c: bus 3 rev0.10 at 400 kHz
[    1.111114] omap_uart 4806a000.serial: no wakeirq for uart0
[    1.115325] 4806a000.serial: ttyO0 at MMIO 0x4806a000 (irq = 32, base_baud = 3000000) is a OMAP UART0
[    1.119079] 4806c000.serial: ttyO1 at MMIO 0x4806c000 (irq = 33, base_baud = 3000000) is a OMAP UART1
[    1.121185] 48020000.serial: ttyO2 at MMIO 0x48020000 (irq = 34, base_baud = 3000000) is a OMAP UART2
[    2.227935] console [ttyO2] enabled
[    2.234649] 4806e000.serial: ttyO3 at MMIO 0x4806e000 (irq = 35, base_baud = 3000000) is a OMAP UART3
[    2.400268] mmc0: host does not support reading read-only switch, assuming write-enable
[    2.411193] mmc0: new high speed SD card at address d198
[    2.419799] mmcblk0: mmc0:d198 SD02G 1.83 GiB 
[    2.426422] hctosys: unable to open rtc device (rtc0)
[    2.428131] sr_init: No PMIC hook to init smartreflex
[    2.439208] smartreflex smartreflex.0: omap_sr_probe: SmartReflex driver initialized
[    2.447937] smartreflex smartreflex.1: omap_sr_probe: SmartReflex driver initialized
[    2.456329] smartreflex smartreflex.2: omap_sr_probe: SmartReflex driver initialized
[    2.481842]  mmcblk0: p1 p2
[   14.631408] vwl1271: disabling
[   14.641113] VDAC: disabling
[   14.645019] VANA: disabling
[   14.648925] VUSB: disabling
[   14.659393] EXT4-fs (mmcblk0p2): mounting ext3 file system using the ext4 subsystem
[   14.682250] EXT4-fs (mmcblk0p2): warning: mounting fs with errors, running e2fsck is recommended
[   14.871643] EXT4-fs (mmcblk0p2): mounted filesystem with ordered data mode. Opts: (null)
[   14.881286] VFS: Mounted root (ext3 filesystem) on device 179:2.
[   14.899932] devtmpfs: mounted
[   14.903076] Freeing unused kernel memory: 452K (c08ab000 - c091c000)
INIT: version 2.88 booting
Error opening /dev/fb0: No such file or directory
/dev/ttyO2 linked to /dev/tty-bd - using as console
Starting udev
[   15.926361] udevd[132]: starting version 182
[   19.619995] FAT-fs (mmcblk0p1): Volume was not properly unmounted. Some data may be corrupt. Please run fsck.
ERROR: could not open directory /lib/modules/4.3.0-rc6-next-20151022-00002-g0138c219164b: No such file or directory
WARNING: -e needs -E or -F
ERROR: could not open directory /lib/modules/4.3.0-rc6-next-20151022-00002-g0138c219164b: No such file or directory
FATAL: could not search modules: No such file or directory
Starting Bootlog daemon: bootlogd: cannot allocate pseudo tty: No such file or directory
bootlogd.
[   21.666351] EXT4-fs (mmcblk0p2): re-mounted. Opts: data=ordered
[   21.769653] random: dd urandom read with 59 bits of entropy available
ALSA: Restoring mixer settings...
/usr/sbin/alsactl: load_state:1696: No soundcards found...
Configuring network interfaces... ifconfig: SIOCGIFFLAGS: No such device
done.
hwclock: can't open '/dev/misc/rtc': No such file or directory
Sat Jan 10 03:59:00 UTC 2015
hwclock: can't open '/dev/misc/rtc': No such file or directory
INIT: Entering runlevel: 3
/dev/ttyO2 linked to /dev/tty-bd - using as console
Starting system message bus: dbus.
Starting Dropbear SSH server: dropbear.
Starting telnet daemon.
hwclock: can't open '/dev/misc/rtc': No such file or directory
Starting syslogd/klogd: done
Starting thttpd.
Starting Lighttpd Web Server: lighttpd.
2015-01-10 03:59:00: (log.c.166) server started 
***************************************************************
***************************************************************
NOTICE: This file system contains the followin GPLv3 packages:
	binutils-symlinks
	binutils
	gdbserver
	parted
If you do not wish to distribute GPLv3 components please remove
the above packages prior to distribution.  This can be done using
the opkg remove command.  i.e.:
    opkg remove <package>
Where <package> is the name printed in the list above
NOTE: If the package is a dependency of another package you
      will be notified of the dependent packages.  You should
      use the --force-removal-of-dependent-packages option to
      also remove the dependent packages as well
***************************************************************
***************************************************************
Stopping Bootlog daemon: bootlogd.
 _____                    _____           _         _   
|  _  |___ ___ ___ ___   |  _  |___ ___  |_|___ ___| |_ 
|     |  _| .'| . | . |  |   __|  _| . | | | -_|  _|  _|
|__|__|_| |__,|_  |___|  |__|  |_| |___|_| |___|___|_|  
              |___|                    |___|            
Arago Project http://arago-project.org GenericOMAP4(FlattenedDeviceTree) tty-bd
Arago 2013.12 GenericOMAP4(FlattenedDeviceTree) tty-bd
GenericOMAP4(FlattenedDeviceTree) login: 
- 05:42:17 [INFO] Host: root
- 05:42:17 [INFO] Target: 
root
root@GenericOMAP4(FlattenedDeviceTree):~# 
- 05:42:17 [INFO] Host: uname -a
- 05:42:17 [INFO] Target: 
uname -a
Linux GenericOMAP4(FlattenedDeviceTree) 4.3.0-rc6-next-20151022-00002-g0138c219164b #1 SMP Fri Oct 30 05:36:52 CDT 2015 armv7l GNU/Linux
root@GenericOMAP4(FlattenedDeviceTree):~# 
- 05:42:17 [INFO] Host: cat /proc/cmdline
- 05:42:18 [INFO] Target: 
cat /proc/cmdline
console=ttyO2,115200n8 vram=16M earlyprintk rootwait  ip=:::::eth0:dhcp  root=/dev/mmcblk0p2 rw rootfstype=ext3 rootwait 
root@GenericOMAP4(FlattenedDeviceTree):~# 
- 05:42:18 [INFO] Host: uname -a
- 05:42:18 [INFO] Target: 
uname -a
Linux GenericOMAP4(FlattenedDeviceTree) 4.3.0-rc6-next-20151022-00002-g0138c219164b #1 SMP Fri Oct 30 05:36:52 CDT 2015 armv7l GNU/Linux
root@GenericOMAP4(FlattenedDeviceTree):~# 
- 05:42:18 [INFO] Host: cat /proc/mtd
- 05:42:18 [INFO] Target: 
[   28.356201] random: nonblocking pool is initialized
cat /proc/mtd
dev:    size   erasesize  name
root@GenericOMAP4(FlattenedDeviceTree):~# 
- 05:42:30 [INFO] Host: export IPERFHOST=192.168.1.254
- 05:42:30 [INFO] Target: 
export IPERFHOST=192.168.1.254
root@GenericOMAP4(FlattenedDeviceTree):~# 
- 05:42:30 [INFO] Host: export NFS_SERVER=192.168.1.254
- 05:42:30 [INFO] Target: 
export NFS_SERVER=192.168.1.254
root@GenericOMAP4(FlattenedDeviceTree):~# 
- 05:42:30 [INFO] Host: export NFS_ROOT_PATH=/home/NFS_exports/pandavanilla
- 05:42:30 [INFO] Target: 
export NFS_ROOT_PATH=/home/NFS_exports 
/pandavanilla
root@GenericOMAP4(FlattenedDeviceTree):~# 
- 05:42:30 [INFO] Host: export AP_SSID=
- 05:42:30 [INFO] Target: 
export AP_SSID=
root@GenericOMAP4(FlattenedDeviceTree):~# 
- 05:42:30 [INFO] Host: mkdir -p -m 777 /test
- 05:42:31 [INFO] Target: 
mkdir -p -m 777 /test
root@GenericOMAP4(FlattenedDeviceTree):~# 
- 05:42:31 [INFO] Host: cd /test
- 05:42:31 [INFO] Target: 
cd /test
root@GenericOMAP4(FlattenedDeviceTree):/test# 
- 05:42:31 [INFO] Host: cat > test.sh << EOF
- 05:42:31 [INFO] Target: 
cat > test.sh << EOF
- 05:42:31 [INFO] Host: failtest() {
- 05:42:31 [INFO] Target: 
failtest() {
- 05:42:31 [INFO] Host:   echo 1 >&3
- 05:42:31 [INFO] Target: 
  echo 1 >&3
- 05:42:31 [INFO] Host: }
- 05:42:31 [INFO] Target: 
- 05:42:31 [INFO] Host: timeout=600
- 05:42:31 [INFO] Target: 
timeout=600
- 05:42:31 [INFO] Host: 
- 05:42:31 [INFO] Target: 
- 05:42:31 [INFO] Host: # Start of user's script logic
- 05:42:31 [INFO] Target: 
# Start of user's script logic
- 05:42:31 [INFO] Host: mount -t proc proc /proc 2>/dev/null;
- 05:42:31 [INFO] Target: 
mount -t proc proc /proc 2>/dev/null;
- 05:42:31 [INFO] Host: 
- 05:42:32 [INFO] Target: 
- 05:42:32 [INFO] Host: mount -t sysfs sys /sys 2>/dev/null;
- 05:42:32 [INFO] Target: 
mount -t sysfs sys /sys 2>/dev/null;
- 05:42:32 [INFO] Host: 
- 05:42:32 [INFO] Target: 
- 05:42:32 [INFO] Host: mount -t debugfs none /sys/kernel/debug 2>/dev/null;
- 05:42:32 [INFO] Target: 
mount -t debugfs none /sys/kernel/debug 2>/dev/null;
- 05:42:32 [INFO] Host: 
- 05:42:32 [INFO] Target: 
- 05:42:32 [INFO] Host: echo 'cpuinfo:';cat /proc/cpuinfo; echo '=======';
- 05:42:32 [INFO] Target: 
echo 'cpuinfo:';cat /proc/cpuinfo; echo '=======';
- 05:42:32 [INFO] Host: 
- 05:42:32 [INFO] Target: 
- 05:42:32 [INFO] Host: echo 'soc info:';head /sys/devices/soc0/* 2>/dev/null; echo '=======';
- 05:42:32 [INFO] Target: 
echo 'soc info:';head /sys/devices/soc0/* 2>/dev/null; echo '=======';
- 05:42:32 [INFO] Host: 
- 05:42:32 [INFO] Target: 
- 05:42:32 [INFO] Host: echo 'DT Model info'; head /proc/device-tree/name /proc/device-tree/model /proc/device-tree/compatible 2>/dev/null;echo; echo '=======';
- 05:42:32 [INFO] Target: 
echo 'DT Model info'; head /proc/device-tree/name /proc/device-tree/model /pro 
c/device-tree/compatible 2>/dev/null;echo; echo '=======';
- 05:42:32 [INFO] Host: 
- 05:42:33 [INFO] Target: 
- 05:42:33 [INFO] Host: echo 'interrupts:';cat /proc/interrupts; echo '=======';
- 05:42:33 [INFO] Target: 
echo 'interrupts:';cat /proc/interrupts; echo '=======';
- 05:42:33 [INFO] Host: 
- 05:42:33 [INFO] Target: 
- 05:42:33 [INFO] Host: echo 'Clk_summary:';cat /sys/kernel/debug/clk/clk_summary; echo '=======';
- 05:42:33 [INFO] Target: 
echo 'Clk_summary:';cat /sys/kernel/debug/clk/clk_summary; echo '=======';
- 05:42:33 [INFO] Host: 
- 05:42:33 [INFO] Target: 
- 05:42:33 [INFO] Host: echo "Available frequencies"; cat /sys/devices/system/cpu/cpu0/cpufreq/scaling_available_frequencies 2>/dev/null;echo '=======';
- 05:42:33 [INFO] Target: 
echo "Available frequencies"; cat /sys/devices/system/cpu/cpu0/cpufreq/scaling 
_available_frequencies 2>/dev/null;echo '=======';
- 05:42:33 [INFO] Host: 
- 05:42:33 [INFO] Target: 
- 05:42:33 [INFO] Host: TMPF=/tmp/a.\$\$; TMPF2=/tmp/b.\$\$; STR=""
- 05:42:33 [INFO] Target: 
TMPF=/tmp/a.\$\$; TMPF2=/tmp/b.\$\$; STR=""
- 05:42:33 [INFO] Host: 
- 05:42:33 [INFO] Target: 
- 05:42:33 [INFO] Host: cp /dev/kmsg \$TMPF &
- 05:42:33 [INFO] Target: 
cp /dev/kmsg \$TMPF &
- 05:42:33 [INFO] Host: 
- 05:42:34 [INFO] Target: 
- 05:42:34 [INFO] Host: PID=\$! ; sleep 5; kill -9 \$PID
- 05:42:34 [INFO] Target: 
PID=\$! ; sleep 5; kill -9 \$PID
- 05:42:34 [INFO] Host: 
- 05:42:34 [INFO] Target: 
- 05:42:34 [INFO] Host: 
- 05:42:34 [INFO] Target: 
- 05:42:34 [INFO] Host: 
- 05:42:34 [INFO] Target: 
- 05:42:34 [INFO] Host: cat \$TMPF|grep "^0">\$TMPF2; N=\`cat \$TMPF2|wc -l\`; if [ "\$N" -ne 0 ]; then STR="\$STR emerg=\$N";echo "===== EMERGE++";cat \$TMPF2|cut -d ';' -f2;echo "====="; fi
- 05:42:34 [INFO] Target: 
cat \$TMPF|grep "^0">\$TMPF2; N=\`cat \$TMPF2|wc -l\`; if [ "\$N" -ne 0 ]; the 
n STR="\$STR emerg=\$N";echo "===== EMERGE++";cat \$TMPF2|cut -d ';' -f2;echo "= 
===="; fi
- 05:42:34 [INFO] Host: 
- 05:42:34 [INFO] Target: 
- 05:42:34 [INFO] Host: cat \$TMPF|grep "^1">\$TMPF2; N=\`cat \$TMPF2|wc -l\`; if [ "\$N" -ne 0 ]; then STR="\$STR alert=\$N";echo "===== ALERT ==";cat \$TMPF2|cut -d ';' -f2;echo "====="; fi
- 05:42:34 [INFO] Target: 
cat \$TMPF|grep "^1">\$TMPF2; N=\`cat \$TMPF2|wc -l\`; if [ "\$N" -ne 0 ]; the 
n STR="\$STR alert=\$N";echo "===== ALERT ==";cat \$TMPF2|cut -d ';' -f2;echo "= 
===="; fi
- 05:42:34 [INFO] Host: 
- 05:42:34 [INFO] Target: 
- 05:42:34 [INFO] Host: cat \$TMPF|grep "^2">\$TMPF2; N=\`cat \$TMPF2|wc -l\`; if [ "\$N" -ne 0 ]; then STR="\$STR crit=\$N";echo "===== CRIT ==";cat \$TMPF2|cut -d ';' -f2;echo "====="; fi
- 05:42:34 [INFO] Target: 
cat \$TMPF|grep "^2">\$TMPF2; N=\`cat \$TMPF2|wc -l\`; if [ "\$N" -ne 0 ]; the 
n STR="\$STR crit=\$N";echo "===== CRIT ==";cat \$TMPF2|cut -d ';' -f2;echo "=== 
=="; fi
- 05:42:34 [INFO] Host: 
- 05:42:35 [INFO] Target: 
- 05:42:35 [INFO] Host: cat \$TMPF|grep "^3">\$TMPF2; N=\`cat \$TMPF2|wc -l\`; if [ "\$N" -ne 0 ]; then STR="\$STR err=\$N";echo "===== ERR ==";cat \$TMPF2|cut -d ';' -f2;echo "=====" ;fi
- 05:42:35 [INFO] Target: 
cat \$TMPF|grep "^3">\$TMPF2; N=\`cat \$TMPF2|wc -l\`; if [ "\$N" -ne 0 ]; the 
n STR="\$STR err=\$N";echo "===== ERR ==";cat \$TMPF2|cut -d ';' -f2;echo "===== 
" ;fi
- 05:42:35 [INFO] Host: 
- 05:42:35 [INFO] Target: 
- 05:42:35 [INFO] Host: cat \$TMPF|grep "^4">\$TMPF2; N=\`cat \$TMPF2|wc -l\`; if [ "\$N" -ne 0 ]; then STR="\$STR warn=\$N";echo "===== WARN ==";cat \$TMPF2|cut -d ';' -f2;echo "=====" ;fi
- 05:42:35 [INFO] Target: 
cat \$TMPF|grep "^4">\$TMPF2; N=\`cat \$TMPF2|wc -l\`; if [ "\$N" -ne 0 ]; the 
n STR="\$STR warn=\$N";echo "===== WARN ==";cat \$TMPF2|cut -d ';' -f2;echo "=== 
==" ;fi
- 05:42:35 [INFO] Host: 
- 05:42:35 [INFO] Target: 
- 05:42:35 [INFO] Host: rm \$TMPF \$TMPF2; echo "SUM""MARY RESULT: BOOT:" 'PASS: H''ello World' 'B''oard' "Booted" "Boot Log has::::\$STR:"
- 05:42:35 [INFO] Target: 
rm \$TMPF \$TMPF2; echo "SUM""MARY RESULT: BOOT:" 'PASS: H''ello World' 'B''oa 
rd' "Booted" "Boot Log has::::\$STR:"
- 05:42:35 [INFO] Host: 
- 05:42:35 [INFO] Target: 
- 05:42:35 [INFO] Host: EOF
- 05:42:35 [INFO] Target: 
root@GenericOMAP4(FlattenedDeviceTree):/test# 
- 05:42:35 [INFO] Host: cd /test
- 05:42:35 [INFO] Target: 
cd /test
root@GenericOMAP4(FlattenedDeviceTree):/test# 
- 05:42:35 [INFO] Host: chmod +x test.sh
- 05:42:36 [INFO] Target: 
chmod +x test.sh
root@GenericOMAP4(FlattenedDeviceTree):/test# 
- 05:42:36 [INFO] Host: ./test.sh 2> stderr.log > stdout.log 3> result.log
- 05:42:41 [INFO] Target: 
./test.sh 2> stderr.log > stdout.l 
og 3> result.log
root@GenericOMAP4(FlattenedDeviceTree):/test# 
- 05:42:41 [INFO] Host: echo $?
- 05:42:41 [INFO] Target: 
echo $?
root@GenericOMAP4(FlattenedDeviceTree):/test# 
- 05:42:41 [INFO] Host: cd /test
- 05:42:41 [INFO] Target: 
cd /test
root@GenericOMAP4(FlattenedDeviceTree):/test# 
- 05:42:41 [INFO] Host: cat stdout.log
- 05:42:43 [INFO] Target: 
cat stdout.log
cpuinfo:
processor	: 0
model name	: ARMv7 Processor rev 2 (v7l)
BogoMIPS	: 1196.85
Features	: half thumb fastmult vfp edsp thumbee neon vfpv3 tls vfpd32 
CPU implementer	: 0x41
CPU architecture: 7
CPU variant	: 0x1
CPU part	: 0xc09
CPU revision	: 2
processor	: 1
model name	: ARMv7 Processor rev 2 (v7l)
BogoMIPS	: 1196.85
Features	: half thumb fastmult vfp edsp thumbee neon vfpv3 tls vfpd32 
CPU implementer	: 0x41
CPU architecture: 7
CPU variant	: 0x1
CPU part	: 0xc09
CPU revision	: 2
Hardware	: Generic OMAP4 (Flattened Device Tree)
Revision	: 0000
Serial		: 0000000000000000
=======
soc info:
==> /sys/devices/soc0/family <==
OMAP4
==> /sys/devices/soc0/machine <==
OMAP4430
==> /sys/devices/soc0/power <==
==> /sys/devices/soc0/revision <==
ES2.2
==> /sys/devices/soc0/subsystem <==
==> /sys/devices/soc0/type <==
==> /sys/devices/soc0/uevent <==
=======
DT Model info
==> /proc/device-tree/name <==
==> /proc/device-tree/model <==
TI OMAP4 PandaBoard
==> /proc/device-tree/compatible <==
ti,omap4-pandati,omap4430ti,omap4
=======
interrupts:
           CPU0       CPU1       
 16:        227          0     WUGEN  37 Level     gp_timer
 17:       1442       1416       GIC  29 Edge      twd
 18:          0          0     WUGEN   9 Level     l3-dbg-irq
 19:          0          0     WUGEN  10 Level     l3-app-irq
 21:          0          0     WUGEN  12 Level     DMA
 22:       2653          0     WUGEN  13 Level     omap-dma-engine
 25:          0          0     WUGEN  29 Level     4a310000.gpio
 26:          0          0     WUGEN  30 Level     48055000.gpio
 27:          0          0     WUGEN  31 Level     48057000.gpio
 28:          0          0     WUGEN  32 Level     48059000.gpio
 29:          0          0     WUGEN  33 Level     4805b000.gpio
 30:          0          0     WUGEN  34 Level     4805d000.gpio
 31:          0          0     WUGEN  20 Level     gpmc
 34:       6609          0     WUGEN  74 Level     OMAP UART2
 36:        173          0     WUGEN  56 Level     48070000.i2c
 37:          0          0     WUGEN  57 Level     48072000.i2c
 38:          0          0     WUGEN  61 Level     48060000.i2c
 39:          0          0     WUGEN  62 Level     48350000.i2c
 44:       4266          0     WUGEN  83 Level     mmc0
 45:         13          0     WUGEN  59 Level     mmc1
 83:          0          0      PRCM Edge      pinctrl, pinctrl
332:          0          0     WUGEN   7 Level     TWL6030-PIH
336:          0          0     WUGEN 119 Level     twl6040
337:          0          0   twl6040   5 Edge      twl6040_irq_ready
338:          0          0   twl6040   0 Edge      twl6040_irq_th
341:          0          0   pinctrl 260 Edge      48020000.serial
IPI0:          0          1  CPU wakeup interrupts
IPI1:          0        155  Timer broadcast interrupts
IPI2:       1837       5194  Rescheduling interrupts
IPI3:          0          0  Function call interrupts
IPI4:        240        340  Single function call interrupts
IPI5:          0          0  CPU stop interrupts
IPI6:          0          0  IRQ work interrupts
IPI7:          0          0  completion interrupts
Err:          0
=======
Clk_summary:
   clock                         enable_cnt  prepare_cnt        rate   accuracy   phase
----------------------------------------------------------------------------------------
 dummy_ck                                 0            0           0          0 0  
 xclk60motg_ck                            0            0    60000000          0 0  
 xclk60mhsp2_ck                           0            0    60000000          0 0  
 xclk60mhsp1_ck                           0            0    60000000          0 0  
    utmi_p1_gfclk                         0            0    60000000          0 0  
       usb_host_hs_utmi_p1_clk            0            0    60000000          0 0  
 utmi_phy_clkout_ck                       0            1    60000000          0 0  
    otg_60m_gfclk                         0            1    60000000          0 0  
       usb_otg_hs_xclk                    0            1    60000000          0 0  
 tie_low_clock_ck                         0            0           0          0 0  
 virt_38400000_ck                         1            1    38400000          0 0  
    sys_clkin_ck                          6           15    38400000          0 0  
       auxclk5_src_ck                     0            0    38400000          0 0  
          auxclk5_ck                      0            0    38400000          0 0  
             auxclkreq5_ck                0            0    38400000          0 0  
       auxclk4_src_ck                     0            0    38400000          0 0  
          auxclk4_ck                      0            0    19200000          0 0  
             auxclkreq4_ck                0            0    19200000          0 0  
       auxclk3_src_ck                     0            0    38400000          0 0  
          auxclk3_ck                      0            0    19200000          0 0  
             auxclkreq3_ck                0            0    19200000          0 0  
       auxclk2_src_ck                     0            0    38400000          0 0  
          auxclk2_ck                      0            0    38400000          0 0  
             auxclkreq2_ck                0            0    38400000          0 0  
       auxclk1_src_ck                     0            0    38400000          0 0  
          auxclk1_ck                      0            0    38400000          0 0  
             auxclkreq1_ck                0            0    38400000          0 0  
       auxclk0_src_ck                     0            0    38400000          0 0  
          auxclk0_ck                      0            0    38400000          0 0  
             auxclkreq0_ck                0            0    38400000          0 0  
       pmd_trace_clk_mux_ck               0            1    38400000          0 0  
          trace_clk_div_div_ck            0            1    38400000          0 0  
             trace_clk_div_ck             0            1    38400000          0 0  
       pmd_stm_clock_mux_ck               0            0    38400000          0 0  
          stm_clk_div_ck                  0            0    19200000          0 0  
       l4_wkup_clk_mux_ck                11           14    38400000          0 0  
          smartreflex_mpu_fck             0            1    38400000          0 0  
          smartreflex_iva_fck             0            1    38400000          0 0  
          smartreflex_core_fck            0            1    38400000          0 0  
       cm2_dm9_mux                        0            1    38400000          0 0  
       cm2_dm4_mux                        0            1    38400000          0 0  
       cm2_dm3_mux                        0            1    38400000          0 0  
       cm2_dm2_mux                        0            1    38400000          0 0  
       cm2_dm11_mux                       0            1    38400000          0 0  
       cm2_dm10_mux                       0            1    38400000          0 0  
       dpll_usb_ck                        0            1   960000000          0 0  
          dpll_usb_m2_ck                  0            1   480000000          0 0  
             usb_host_hs_hsic480m_p2_clk           0            0   480000000          0 0  
             usb_host_hs_hsic480m_p1_clk           0            0   480000000          0 0  
             init_60m_fclk                0            1    60000000          0 0  
                usb_tll_hs_usb_ch1_clk           0            0    60000000          0 0  
                usb_tll_hs_usb_ch0_clk           0            0    60000000          0 0  
                usb_tll_hs_usb_ch2_clk           0            0    60000000          0 0  
                usb_host_hs_fck           0            1    60000000          0 0  
                usb_host_hs_hsic60m_p2_clk           0            0    60000000          0 0  
                usb_host_hs_hsic60m_p1_clk           0            0    60000000          0 0  
                usb_host_hs_utmi_p3_clk           0            0    60000000          0 0  
                utmi_p2_gfclk             0            0    60000000          0 0  
                   usb_host_hs_utmi_p2_clk           0            0    60000000          0 0  
          dpll_usb_clkdcoldo_ck           0            0   960000000          0 0  
       dpll_per_ck                        1            2   768000000          0 0  
          dpll_per_x2_ck                  1            3  1536000000          0 0  
             dpll_per_m3x2_ck             0            0   256000000          0 0  
             dpll_per_m7x2_ck             0            0   307200000          0 0  
             dpll_per_m6x2_ck             0            0   384000000          0 0  
             dpll_per_m5x2_ck             0            1   170666667          0 0  
                dss_dss_clk               0            5   170666667          0 0  
             dpll_per_m4x2_ck             0            1   128000000          0 0  
                usim_ck                   0            0     9142858          0 0  
                   usim_fclk              0            0     9142858          0 0  
                fdif_fck                  0            1   128000000          0 0  
                func_64m_fclk             0            0    64000000          0 0  
             dpll_per_m2x2_ck             1            6   192000000          0 0  
                hsi_fck                   0            1   192000000          0 0  
                func_96m_fclk             0            8    96000000          0 0  
                   hsmmc2_fclk            0            1    96000000          0 0  
                   hsmmc1_fclk            0            1    96000000          0 0  
                   mcbsp4_sync_mux_ck           0            2    96000000          0 0  
                      per_mcbsp4_gfclk           0            1    96000000          0 0  
                   iss_ctrlclk            0            1    96000000          0 0  
                func_48mc_fclk            0            1    48000000          0 0  
                   usb_host_hs_func48mclk           0            0    48000000          0 0  
                   usb_host_fs_fck           0            0    48000000          0 0  
                   dss_48mhz_clk           0            2    48000000          0 0  
                func_48m_fclk             4           12    48000000          0 0  
                   ocp2scp_usb_phy_phy_48m           0            1    48000000          0 0  
                func_24mc_fclk            0            1    24000000          0 0  
                   slimbus2_fclk_0           0            1    24000000          0 0  
                func_12m_fclk             0            1    12000000          0 0  
          dpll_per_m2_ck                  0            1    96000000          0 0  
             func_24m_clk                 0            1    24000000          0 0  
                slimbus1_fclk_1           0            1    24000000          0 0  
       per_hsd_byp_clk_mux_ck             0            0    38400000          0 0  
       dpll_mpu_ck                        2            2   600000000          0 0  
          mpu_periphclk                   1            1   300000000          0 0  
          dpll_mpu_m2_ck                  1            1   600000000          0 0  
       iva_hsd_byp_clk_mux_ck             1            1    38400000          0 0  
          dpll_iva_ck                     1            1    38400000          0 0  
             dpll_iva_x2_ck               1            2    38400000          0 0  
                dpll_iva_m5x2_ck           1            2     9600000          0 0  
                dpll_iva_m4x2_ck           0            2     9600000          0 0  
       dpll_core_ck                       2            2   800000000          0 0  
          dpll_core_m2_ck                 1            1   800000000          0 0  
             ddrphy_ck                    2            2   400000000          0 0  
          dpll_core_x2_ck                 1            2  1600000000          0 0  
             dpll_core_m3x2_ck            0            0   320000000          0 0  
             dpll_core_m7x2_ck            0            1   320000000          0 0  
                sgx_clk_mux               0            1   320000000          0 0  
             dpll_core_m4x2_ck            0            0   200000000          0 0  
                dll_clk_div_ck            0            0   100000000          0 0  
             dpll_core_m5x2_ck            1            1   400000000          0 0  
                div_mpu_hs_clk            0            0   400000000          0 0  
                div_iva_hs_clk            0            0   400000000          0 0  
                div_core_ck               1            2   400000000          0 0  
                   ducati_clk_mux_ck           0            3   400000000          0 0  
                   l3_div_ck             47           50   200000000          0 0  
                      usb_otg_hs_ick           0            1   200000000          0 0  
                      sha2md5_fck           0            0   200000000          0 0  
                      aes2_fck            0            0   200000000          0 0  
                      aes1_fck            0            0   200000000          0 0  
                      l4_div_ck          63           67   100000000          0 0  
                         usb_tll_hs_ick           0            1   100000000          0 0  
             dpll_core_m6x2_ck            0            0   266666667          0 0  
       core_hsd_byp_clk_mux_ck            0            0    38400000          0 0  
       syc_clk_div_ck                     0            5    38400000          0 0  
          dss_sys_clk                     0            4    38400000          0 0  
          timer8_sync_mux                 0            1    38400000          0 0  
          timer7_sync_mux                 0            1    38400000          0 0  
          timer6_sync_mux                 0            1    38400000          0 0  
          timer5_sync_mux                 0            1    38400000          0 0  
       dbgclk_mux_ck                      1            1    38400000          0 0  
       abe_dpll_bypass_clk_mux_ck           0            0    38400000          0 0  
 virt_27000000_ck                         0            0    27000000          0 0  
 virt_26000000_ck                         0            0    26000000          0 0  
 virt_19200000_ck                         0            0    19200000          0 0  
 virt_16800000_ck                         0            0    16800000          0 0  
 virt_13000000_ck                         0            0    13000000          0 0  
 virt_12000000_ck                         0            0    12000000          0 0  
 sys_32k_ck                               3           12       32768          0 0  
    bandgap_fclk                          0            0       32768          0 0  
    dmt1_clk_mux                          1            1       32768          0 0  
    gpio1_dbclk                           0            2       32768          0 0  
    abe_dpll_refclk_mux_ck                1            1       32768          0 0  
       dpll_abe_ck                        1            2    98304000          0 0  
          dpll_abe_m2_ck                  0            1    98304000          0 0  
             per_abe_nc_fclk              0            0    98304000          0 0  
             per_abe_24m_fclk             0            1    24576000          0 0  
                slimbus2_fclk_1           0            1    24576000          0 0  
          dpll_abe_x2_ck                  1            1   196608000          0 0  
             dpll_abe_m3x2_ck             0            0    98304000          0 0  
                usb_hs_clk_div_ck           0            0    32768000          0 0  
                per_hs_clk_div_ck           0            0    49152000          0 0  
             dpll_abe_m2x2_ck             1            2    98304000          0 0  
                lp_clk_div_ck             0            0     6144000          0 0  
                abe_clk                   1            1    98304000          0 0  
                   aess_fclk              1            2    98304000          0 0  
                      ocp_abe_iclk          20           20    49152000          0 0  
                abe_24m_fclk              0            6    12288000          0 0  
                   mcbsp3_sync_mux_ck           0            2    12288000          0 0  
                      func_mcbsp3_gfclk           0            1    12288000          0 0  
                   mcbsp2_sync_mux_ck           0            2    12288000          0 0  
                      func_mcbsp2_gfclk           0            1    12288000          0 0  
                   mcbsp1_sync_mux_ck           0            2    12288000          0 0  
                      func_mcbsp1_gfclk           0            1    12288000          0 0  
                   mcasp_sync_mux_ck           0            1    12288000          0 0  
                      func_mcasp_abe_gfclk           0            1    12288000          0 0  
                   dmic_sync_mux_ck           0            1    12288000          0 0  
                      func_dmic_abe_gfclk           0            1    12288000          0 0  
                   slimbus1_fclk_0           0            1    12288000          0 0  
    usb_phy_cm_clk32k                     0            0       32768          0 0  
    gpio6_dbclk                           0            2       32768          0 0  
    gpio5_dbclk                           0            2       32768          0 0  
    gpio4_dbclk                           0            2       32768          0 0  
    gpio3_dbclk                           0            2       32768          0 0  
    gpio2_dbclk                           0            2       32768          0 0  
 slimbus_src_clk                          0            1    12000000          0 0  
    slimbus_clk                           0            1    12000000          0 0  
       slimbus1_slimbus_clk               0            1    12000000          0 0  
 secure_32k_clk_src_ck                    0            0       32768          0 0  
 pad_slimbus_core_clks_ck                 0            1    12000000          0 0  
    slimbus2_slimbus_clk                  0            1    12000000          0 0  
 pad_clks_src_ck                          0            1    12000000          0 0  
    pad_clks_ck                           0            6    12000000          0 0  
       slimbus1_fclk_2                    0            1    12000000          0 0  
 extalt_clkin_ck                          0            1    59000000          0 0  
    dss_tv_clk                            0            2    59000000          0 0  
=======
Available frequencies
=======
===== ERR ==
platform 4b501000.aes: Cannot lookup hwmod 'aes'
platform 480a5000.des: Cannot lookup hwmod 'des'
mtdoops: mtd device (mtddev=name/number) must be supplied
twl: not initialized
twl6030_uv_to_vsel:OUT OF RANGE! non mapped vsel for 1375000 Vs max 1316660
twl6030_uv_to_vsel:OUT OF RANGE! non mapped vsel for 1375000 Vs max 1316660
twl6030_uv_to_vsel:OUT OF RANGE! non mapped vsel for 1375000 Vs max 1316660
twl6030_uv_to_vsel:OUT OF RANGE! non mapped vsel for 1375000 Vs max 1316660
twl6030_uv_to_vsel:OUT OF RANGE! non mapped vsel for 1375000 Vs max 1316660
twl6030_uv_to_vsel:OUT OF RANGE! non mapped vsel for 1375000 Vs max 1316660
twl6030_uv_to_vsel:OUT OF RANGE! non mapped vsel for 1410000 Vs max 1316660
omap2_set_init_voltage: unable to find boot up OPP for vdd_mpu
omap2_set_init_voltage: unable to set vdd_mpu
omap2_set_init_voltage: unable to find boot up OPP for vdd_core
omap2_set_init_voltage: unable to set vdd_core
omap2_set_init_voltage: unable to find boot up OPP for vdd_iva
omap2_set_init_voltage: unable to set vdd_iva
udevd[132]: starting version 182
=====
===== WARN ==
L2C: platform modifies aux control register: 0x0e070000 -> 0x3e470000
L2C: DT/platform modifies aux control register: 0x0e070000 -> 0x3e470000
ti_dt_clocks_register: failed to lookup clock node dss_fck
ti_dt_clocks_register: failed to lookup clock node dss_fck
ti_dt_clocks_register: failed to lookup clock node div_ts_ck
ti_dt_clocks_register: failed to lookup clock node bandgap_ts_fclk
Lock dependency validator: Copyright (c) 2006 Red Hat, Inc., Ingo Molnar
... MAX_LOCKDEP_SUBCLASSES:  8
... MAX_LOCK_DEPTH:          48
... MAX_LOCKDEP_KEYS:        8191
... CLASSHASH_SIZE:          4096
... MAX_LOCKDEP_ENTRIES:     32768
... MAX_LOCKDEP_CHAINS:      65536
... CHAINHASH_SIZE:          32768
 memory used by lock dependency info: 5167 kB
 per task-struct memory footprint: 1536 bytes
omap_hwmod: l3_main_3 using broken dt data from ocp
omap_hwmod: l3_main_2 using broken dt data from ocp
irq: no irq domain found for /ocp/l4@4a000000/scm@100000/pinmux@40 !
irq: no irq domain found for /ocp/l4@4a000000/scm@100000/pinmux@40 !
irq: no irq domain found for /ocp/l4@4a000000/scm@100000/pinmux@40 !
omap4_sram_init:Unable to get sram pool needed to handle errata I688
OMAP4 PM: u-boot >= v2012.07 is required for full PM support
gpmc_mem_init: disabling cs 0 mapped at 0x0-0x1000000
omap_hwmod: gpio2: _wait_target_disable failed
hw-breakpoint: Failed to enable monitor mode on CPU 0.
Skipping twl internal clock init and using bootloader value (unknown osc rate)
hw-breakpoint: CPU 0 failed to disable vector catch
mmc0: host does not support reading read-only switch, assuming write-enable
sr_init: No PMIC hook to init smartreflex
EXT4-fs (mmcblk0p2): warning: mounting fs with errors, running e2fsck is recommended
FAT-fs (mmcblk0p1): Volume was not properly unmounted. Some data may be corrupt. Please run fsck.
=====
SUMMARY RESULT: BOOT: PASS: Hello World Board Booted Boot Log has:::: err=18 warn=32:
root@GenericOMAP4(FlattenedDeviceTree):/test# 
- 05:42:43 [INFO] Host: cat stderr.log
- 05:42:43 [INFO] Target: 
cat stderr.log
./test.sh: line 33:   690 Killed                  cp /dev/kmsg $TMPF
root@GenericOMAP4(FlattenedDeviceTree):/test# 
- 05:42:43 [INFO] Host: cat result.log
- 05:42:45 [ERROR] On command: cat result.log waiting for cat result.log.+?(?m-ix:^1[\0\n\r]+) >>> error: execution expired
- 05:42:45 [INFO] Target: 
cat result.log
root@GenericOMAP4(FlattenedDeviceTree):/test# 
- 05:42:45 [INFO] Host: cd /test
- 05:42:46 [INFO] Target: 
cd /test
root@GenericOMAP4(FlattenedDeviceTree):/test# 
URL:gtsystest.telogy.design.ti.com/vatf/tidfarm-06/tidfarm-06_vatf@pandaboard-vanilla/tidfarm-0610_30_2015_05_40_41/files/session_iteration_1/test_1
