- 06:14:07 [INFO] Starting target session
- 06:14:08 [INFO] Connected to pandaboard-vanilla via serial 
- 06:14:08 [INFO] Host: #check prompt
- 06:14:11 [ERROR] On command: #check prompt waiting for #check prompt.+?(?-mix:((?-mix:.*\s+login)|[Pp]assword)) >>> error: execution expired
- 06:14:11 [INFO] Target: 
#check prompt
root@pandaboard:/test# 
- 06:14:11 [INFO] Host: #check prompt
- 06:14:11 [INFO] Target: 
#check prompt
root@pandaboard:/test# 
- 06:14:11 [INFO] Host: sync;poweroff
- 06:14:24 [INFO] Target: 
sync;poweroff
Broadcast message from root@pandaboard (ttyO2) (Sat Sep  5 06:15:17 2015):
The system is going down for system halt NOW!
INIT: Sending processes the TERM signal
INIT: Sending pStopping syslogd/klogd: stopped syslogd (pid 1179)
stopped klogd (pid 1181)
done
Deconfiguring network interfaces... ifdown: interface eth0 not configured
done.
Sending all processes the TERM signal...
Sending all processes the KILL signal...
Unmounting remote filesystems...
Deactivating swap...
Unmounting local filesystems...
[ 7995.822753] reboot: System halted
- 06:14:24 [INFO] Disconnected serial from pandaboard-vanilla
- 06:14:48 [INFO] Connected to pandaboard-vanilla via serial 
- 06:14:48 [INFO] Host: 
- 06:14:48 [INFO] Target: 
U-Boot# 
U-Boot#  
U-Boot# 
U-Boot#  
U-Boot#  
U-Boot#  
U-Boot#  
U-Boot#  
U-Boot#  
U-Boot#  
U-Boot# 
- 06:14:49 [INFO] Host: version
- 06:14:49 [INFO] Target: 
version
U-Boot 2015.07-g852c8ba (Mar 10 2016 - 22:36:01 -0600)
arm-linux-gnueabihf-gcc (Linaro GCC 4.9-2015.05) 4.9.3 20150413 (prerelease)
GNU ld (GNU Binutils) Linaro 2014.11-3-git 2.24.0.20141017
U-Boot# 
- 06:14:49 [INFO] Host: bdi
- 06:14:49 [INFO] Target: 
arch_number = 0x00000AE7
boot_params = 0x80000100
DRAM bank   = 0x00000000
-> start    = 0x80000000
-> size     = 0x40000000
current eth = unknown
ip_addr     = <NULL>
baudrate    = 115200 bps
TLB addr    = 0xBFFF0000
relocaddr   = 0xBFF71000
reloc off   = 0x3F771000
irq_sp      = 0xBEF50EE0
sp start    = 0xBEF50ED0
U-Boot# 
- 06:14:49 [INFO] Host: printenv
- 06:14:49 [INFO] Target: 
printenv
arch=arm
args_mmc=run finduuid;setenv bootargs console=${console} ${optargs} root=PARTUUID=${uuid} rw rootfstype=${mmcrootfstype}
baudrate=115200
board=panda
board_name=panda
bootcmd=run findfdt; run envboot; mmc dev ${mmcdev}; if mmc rescan; then echo SD/MMC found on device ${mmcdev};if run loadimage; then run loadfdt;run mmcboot; fi; if run loaduimage; then run uimageboot;fi; fi
bootdelay=1
bootdir=/boot
bootenvfile=uEnv.txt
bootfile=zImage
bootm_size=0x10000000
bootpart=0:2
bootscript=echo Running bootscript from mmc${mmcdev} ...; source ${loadaddr}
console=ttyO2,115200n8
cpu=armv7
envboot=mmc dev ${mmcdev}; if mmc rescan; then echo SD/MMC found on device ${mmcdev};if run loadbootscript; then run bootscript;else if run loadbootenv; then echo Loaded env from ${bootenvfile};run importbootenv;fi;if test -n $uenvcmd; then echo Running uenvcmd ...;run uenvcmd;fi;fi;fi;
fdt_addr_r=0x88000000
fdtaddr=0x88000000
fdtfile=undefined
findfdt=if test $board_name = sdp4430; then setenv fdtfile omap4-sdp.dtb; fi; if test $board_name = panda; then setenv fdtfile omap4-panda.dtb; fi;if test $board_name = panda-a4; then setenv fdtfile omap4-panda-a4.dtb; fi;if test $board_name = panda-es; then setenv fdtfile omap4-panda-es.dtb; fi;if test $board_name = duovero; then setenv fdtfile omap4-duovero-parlor.dtb; fi;if test $fdtfile = undefined; then echo WARNING: Could not determine device tree to use; fi; 
finduuid=part uuid mmc 0:2 uuid
importbootenv=echo Importing environment from mmc${mmcdev} ...; env import -t ${loadaddr} ${filesize}
kernel_addr_r=0x82000000
loadaddr=0x82000000
loadbootenv=fatload mmc ${mmcdev} ${loadaddr} ${bootenvfile}
loadbootscript=load mmc ${mmcdev} ${loadaddr} boot.scr
loadfdt=load mmc ${bootpart} ${fdtaddr} ${bootdir}/${fdtfile}
loadimage=load mmc ${bootpart} ${loadaddr} ${bootdir}/${bootfile}
loaduimage=load mmc ${mmcdev} ${loadaddr} uImage
mmcboot=echo Booting from mmc${mmcdev} ...; run args_mmc; bootz ${loadaddr} - ${fdtaddr}
mmcdev=0
mmcrootfstype=ext4 rootwait
ramdisk_addr_r=0x88080000
rdaddr=0x88080000
soc=omap4
uimageboot=echo Booting from mmc${mmcdev} ...; run args_mmc; bootm ${loadaddr}
usbethaddr=02:04:f1:2a:2a:93
usbtty=cdc_acm
vendor=ti
ver=U-Boot 2015.07-g852c8ba (Mar 10 2016 - 22:36:01 -0600)
vram=16M
Environment size: 2346/131068 bytes
U-Boot# 
- 06:14:49 [INFO] Host: setenv autoload 'no'
- 06:14:49 [INFO] Target: 
setenv autoload 'no'
U-Boot# 
- 06:14:49 [INFO] Host: usb start
- 06:14:53 [INFO] Target: 
usb start
starting USB...
USB0:   USB EHCI 1.00
scanning bus 0 for devices... 3 USB Device(s) found
       scanning usb for storage devices... 0 Storage Device(s) found
       scanning usb for ethernet devices... 1 Ethernet Device(s) found
U-Boot# 
- 06:14:53 [INFO] Host: dhcp
- 06:14:56 [INFO] Target: 
dhcp
Waiting for Ethernet connection... done.
BOOTP broadcast 1
BOOTP broadcast 2
DHCP client bound to address 192.168.1.191 (1060 ms)
U-Boot# 
- 06:14:56 [INFO] Host: setenv serverip 192.168.1.254
- 06:14:56 [INFO] Target: 
setenv serverip 192.168.1.254
U-Boot# 
- 06:14:56 [INFO] Host: setenv bootargs 'console=ttyO2,115200n8 earlyprintk rootwait ip=dhcp root=/dev/mmcblk0p2 rw rootfstype=ext3'
- 06:14:56 [INFO] Target: 
setenv bootargs 'console=ttyO2,115200n8 earlyprintk rootwait ip=dhcp root=/dev/mmcblk0p2 rw rootfstype=ext3'
U-Boot# 
- 06:14:56 [INFO] Host: setenv loadaddr 0x82000000
- 06:14:56 [INFO] Target: 
setenv loadaddr 0x82000000
U-Boot# 
- 06:14:56 [INFO] Host: setenv ftdaddr 0x81f00000
- 06:14:56 [INFO] Target: 
setenv ftdaddr 0x81f00000
U-Boot# 
- 06:14:56 [INFO] Host: printenv
- 06:14:57 [INFO] Target: 
printenv
arch=arm
args_mmc=run finduuid;setenv bootargs console=${console} ${optargs} root=PARTUUID=${uuid} rw rootfstype=${mmcrootfstype}
autoload=no
baudrate=115200
board=panda
board_name=panda
bootargs=console=ttyO2,115200n8 earlyprintk rootwait ip=dhcp root=/dev/mmcblk0p2 rw rootfstype=ext3
bootcmd=run findfdt; run envboot; mmc dev ${mmcdev}; if mmc rescan; then echo SD/MMC found on device ${mmcdev};if run loadimage; then run loadfdt;run mmcboot; fi; if run loaduimage; then run uimageboot;fi; fi
bootdelay=1
bootdir=/boot
bootenvfile=uEnv.txt
bootfile=zImage
bootm_size=0x10000000
bootpart=0:2
bootscript=echo Running bootscript from mmc${mmcdev} ...; source ${loadaddr}
console=ttyO2,115200n8
cpu=armv7
dnsip=192.0.2.2
envboot=mmc dev ${mmcdev}; if mmc rescan; then echo SD/MMC found on device ${mmcdev};if run loadbootscript; then run bootscript;else if run loadbootenv; then echo Loaded env from ${bootenvfile};run importbootenv;fi;if test -n $uenvcmd; then echo Running uenvcmd ...;run uenvcmd;fi;fi;fi;
ethact=sms0
fdt_addr_r=0x88000000
fdtaddr=0x88000000
fdtfile=undefined
findfdt=if test $board_name = sdp4430; then setenv fdtfile omap4-sdp.dtb; fi; if test $board_name = panda; then setenv fdtfile omap4-panda.dtb; fi;if test $board_name = panda-a4; then setenv fdtfile omap4-panda-a4.dtb; fi;if test $board_name = panda-es; then setenv fdtfile omap4-panda-es.dtb; fi;if test $board_name = duovero; then setenv fdtfile omap4-duovero-parlor.dtb; fi;if test $fdtfile = undefined; then echo WARNING: Could not determine device tree to use; fi; 
finduuid=part uuid mmc 0:2 uuid
ftdaddr=0x81f00000
gatewayip=192.168.1.254
importbootenv=echo Importing environment from mmc${mmcdev} ...; env import -t ${loadaddr} ${filesize}
ipaddr=192.168.1.191
kernel_addr_r=0x82000000
loadaddr=0x82000000
loadbootenv=fatload mmc ${mmcdev} ${loadaddr} ${bootenvfile}
loadbootscript=load mmc ${mmcdev} ${loadaddr} boot.scr
loadfdt=load mmc ${bootpart} ${fdtaddr} ${bootdir}/${fdtfile}
loadimage=load mmc ${bootpart} ${loadaddr} ${bootdir}/${bootfile}
loaduimage=load mmc ${mmcdev} ${loadaddr} uImage
mmcboot=echo Booting from mmc${mmcdev} ...; run args_mmc; bootz ${loadaddr} - ${fdtaddr}
mmcdev=0
mmcrootfstype=ext4 rootwait
netmask=255.255.255.0
ramdisk_addr_r=0x88080000
rdaddr=0x88080000
serverip=192.168.1.254
soc=omap4
uimageboot=echo Booting from mmc${mmcdev} ...; run args_mmc; bootm ${loadaddr}
usbethaddr=02:04:f1:2a:2a:93
usbtty=cdc_acm
vendor=ti
ver=U-Boot 2015.07-g852c8ba (Mar 10 2016 - 22:36:01 -0600)
vram=16M
Environment size: 2613/131068 bytes
U-Boot# 
- 06:14:57 [INFO] Host: setenv bootcmd 'tftp ${loadaddr} 192.168.1.254:vatf_pandaboard-vanilla/1a5d2f2be892a0c4434af54344ae0b09; tftp ${fdtaddr} 192.168.1.254:vatf_pandaboard-vanilla/ff522ef2da0946449e5fba23cfebe016; if iminfo ${loadaddr}; then bootm ${loadaddr} - ${fdtaddr}; else bootz ${loadaddr} - ${fdtaddr}; bootm ${loadaddr} - ${fdtaddr}; fi' 
- 06:14:57 [INFO] Target: 
setenv bootcmd 'tftp ${loadaddr} 192.168.1.254:vatf_pandaboard-vanilla/1a5d2f2be892a0c4434af54344ae0b09; tftp ${fdtaddr} 192.168.1.254:vatf_pandaboard-vanilla/ff522ef2da0946449e5fba23cfebe016; if iminfo ${loadaddr}; then bootm ${loadaddr} - ${fdtaddr}; else bootz ${loadaddr} - ${fdtaddr}; bootm ${loadaddr} - ${fdtaddr}; fi' 
U-Boot# 
- 06:14:57 [INFO] Host: boot
- 06:15:36 [INFO] Target: 
boot
Waiting for Ethernet connection... done.
Using sms0 device
TFTP from server 192.168.1.254; our IP address is 192.168.1.191
Filename 'vatf_pandaboard-vanilla/1a5d2f2be892a0c4434af54344ae0b09'.
Load address: 0x82000000
Loading: *#################################################################
	 #################################################################
	 #################################################################
	 #################################################################
	 2.4 MiB/s
done
Bytes transferred = 3816368 (3a3bb0 hex)
Waiting for Ethernet connection... done.
Using sms0 device
TFTP from server 192.168.1.254; our IP address is 192.168.1.191
Filename 'vatf_pandaboard-vanilla/ff522ef2da0946449e5fba23cfebe016'.
Load address: 0x88000000
Loading: *####
	 2.1 MiB/s
done
Bytes transferred = 57707 (e16b hex)
## Checking Image at 82000000 ...
Unknown image format!
Kernel image @ 0x82000000 [ 0x000000 - 0x3a3bb0 ]
## Flattened Device Tree blob at 88000000
   Booting using the fdt blob at 0x88000000
   Loading Device Tree to 8ffee000, end 8ffff16a ... OK
Starting kernel ...
[    0.000000] Booting Linux on physical CPU 0x0
[    0.000000] Linux version 4.7.0-next-20160805-00002-g379e8f85c627 (nmenon@horus) (gcc version 4.9.3 20150413 (prerelease) (Linaro GCC 4.9-2015.05) ) #1 SMP Fri Aug 5 06:10:14 CDT 2016
[    0.000000] CPU: ARMv7 Processor [411fc092] revision 2 (ARMv7), cr=10c5387d
[    0.000000] CPU: PIPT / VIPT nonaliasing data cache, VIPT aliasing instruction cache
[    0.000000] OF: fdt:Machine model: TI OMAP4 PandaBoard
[    0.000000] cma: Reserved 16 MiB at 0xbe800000
[    0.000000] Memory policy: Data cache writealloc
[    0.000000] OMAP4: Map 0xbfe00000 to fe600000 for dram barrier
[    0.000000] OMAP4430 ES2.2
[    0.000000] percpu: Embedded 15 pages/cpu @ef696000 s31808 r8192 d21440 u61440
[    0.000000] Built 1 zonelists in Zone order, mobility grouping on.  Total pages: 259904
[    0.000000] Kernel command line: console=ttyO2,115200n8 earlyprintk rootwait ip=dhcp root=/dev/mmcblk0p2 rw rootfstype=ext3
[    0.000000] PID hash table entries: 4096 (order: 2, 16384 bytes)
[    0.000000] Dentry cache hash table entries: 131072 (order: 7, 524288 bytes)
[    0.000000] Inode-cache hash table entries: 65536 (order: 6, 262144 bytes)
[    0.000000] Memory: 999480K/1046528K available (7168K kernel code, 772K rwdata, 2384K rodata, 1024K init, 8122K bss, 30664K reserved, 16384K cma-reserved, 243712K highmem)
[    0.000000] Virtual kernel memory layout:
[    0.000000]     vector  : 0xffff0000 - 0xffff1000   (   4 kB)
[    0.000000]     fixmap  : 0xffc00000 - 0xfff00000   (3072 kB)
[    0.000000]     vmalloc : 0xf0800000 - 0xff800000   ( 240 MB)
[    0.000000]     lowmem  : 0xc0000000 - 0xf0000000   ( 768 MB)
[    0.000000]     pkmap   : 0xbfe00000 - 0xc0000000   (   2 MB)
[    0.000000]     modules : 0xbf000000 - 0xbfe00000   (  14 MB)
[    0.000000]       .text : 0xc0008000 - 0xc0800000   (8160 kB)
[    0.000000]       .init : 0xc0b00000 - 0xc0c00000   (1024 kB)
[    0.000000]       .data : 0xc0c00000 - 0xc0cc102c   ( 773 kB)
[    0.000000]        .bss : 0xc0cc3000 - 0xc14b1938   (8123 kB)
[    0.000000] Running RCU self tests
[    0.000000] Hierarchical RCU implementation.
[    0.000000] 	RCU lockdep checking is enabled.
[    0.000000] 	Build-time adjustment of leaf fanout to 32.
[    0.000000] NR_IRQS:16 nr_irqs:16 16
[    0.000000] L2C: platform modifies aux control register: 0x0e070000 -> 0x3e470000
[    0.000000] L2C: DT/platform modifies aux control register: 0x0e070000 -> 0x3e470000
[    0.000000] L2C-310 erratum 727915 enabled
[    0.000000] L2C-310 enabling early BRESP for Cortex-A9
[    0.000000] L2C-310 ID prefetch enabled, offset 1 lines
[    0.000000] L2C-310 cache controller enabled, 16 ways, 1024 kB
[    0.000000] L2C-310: CACHE_ID 0x410000c4, AUX_CTRL 0x7e470000
[    0.000000] ti_dt_clocks_register: failed to lookup clock node dss_fck
[    0.000000] ti_dt_clocks_register: failed to lookup clock node dss_fck
[    0.000000] ti_dt_clocks_register: failed to lookup clock node div_ts_ck
[    0.000000] ti_dt_clocks_register: failed to lookup clock node bandgap_ts_fclk
[    0.000000] OMAP clockevent source: timer1 at 32768 Hz
[    0.000000] clocksource: 32k_counter: mask: 0xffffffff max_cycles: 0xffffffff, max_idle_ns: 58327039986419 ns
[    0.000000] sched_clock: 32 bits at 32kHz, resolution 30517ns, wraps every 65535999984741ns
[    0.000000] OMAP clocksource: 32k_counter at 32768 Hz
[    0.001739] Console: colour dummy device 80x30
[    0.001800] Lock dependency validator: Copyright (c) 2006 Red Hat, Inc., Ingo Molnar
[    0.001831] ... MAX_LOCKDEP_SUBCLASSES:  8
[    0.001831] ... MAX_LOCK_DEPTH:          48
[    0.001831] ... MAX_LOCKDEP_KEYS:        8191
[    0.001861] ... CLASSHASH_SIZE:          4096
[    0.001861] ... MAX_LOCKDEP_ENTRIES:     32768
[    0.001861] ... MAX_LOCKDEP_CHAINS:      65536
[    0.001861] ... CHAINHASH_SIZE:          32768
[    0.001892]  memory used by lock dependency info: 5167 kB
[    0.001892]  per task-struct memory footprint: 1536 bytes
[    0.001922] Calibrating delay loop... 1196.85 BogoMIPS (lpj=5984256)
[    0.079315] pid_max: default: 32768 minimum: 301
[    0.079864] Security Framework initialized
[    0.080047] Mount-cache hash table entries: 2048 (order: 1, 8192 bytes)
[    0.080078] Mountpoint-cache hash table entries: 2048 (order: 1, 8192 bytes)
[    0.084381] CPU: Testing write buffer coherency: ok
[    0.086303] CPU0: thread -1, cpu 0, socket 0, mpidr 80000000
[    0.086364] Setting up static identity map for 0x80100000 - 0x80100070
[    0.129302] CPU1: thread -1, cpu 1, socket 0, mpidr 80000001
[    0.130249] Brought up 2 CPUs
[    0.130249] SMP: Total of 2 processors activated (2393.70 BogoMIPS).
[    0.130279] CPU: All CPU(s) started in SVC mode.
[    0.162536] devtmpfs: initialized
[    0.280090] VFP support v0.3: implementor 41 architecture 3 part 30 variant 9 rev 1
[    0.281219] clocksource: jiffies: mask: 0xffffffff max_cycles: 0xffffffff, max_idle_ns: 19112604462750000 ns
[    0.359588] pinctrl core: initialized pinctrl subsystem
[    0.441162] NET: Registered protocol family 16
[    0.448089] DMA: preallocated 256 KiB pool for atomic coherent allocations
[    0.454406] omap_hwmod: l3_main_3 using broken dt data from ocp
[    0.460235] omap_hwmod: l3_main_2 using broken dt data from ocp
[    0.709381] cpuidle: using governor menu
[    0.729980] OMAP GPIO hardware version 0.1
[    0.749816] omap-gpmc 50000000.gpmc: GPMC revision 6.0
[    0.749999] gpmc_mem_init: disabling cs 0 mapped at 0x0-0x1000000
[    0.752319] irq: no irq domain found for /ocp/l4@4a000000/scm@100000/pinmux@40 !
[    0.753143] irq: no irq domain found for /ocp/l4@4a000000/scm@100000/pinmux@40 !
[    0.754028] irq: no irq domain found for /ocp/l4@4a000000/scm@100000/pinmux@40 !
[    0.783050] platform 4b501000.aes: Cannot lookup hwmod 'aes'
[    0.783752] platform 480a5000.des: Cannot lookup hwmod 'des'
[    0.794982] No ATAGs?hw-breakpoint: found 5 (+1 reserved) breakpoint and 1 watchpoint registers.
[    0.795074] hw-breakpoint: maximum watchpoint size is 4 bytes.
[    0.797729] OMAP DMA hardware revision 0.0
[    0.832000] ARM PMU: not yet supported on OMAP4430 due to missing CTI driver
[    1.145568] omap-dma-engine 4a056000.dma-controller: OMAP DMA engine driver
[    1.230316] reg-fixed-voltage wl12xx_vmmc: could not find pctldev for node /ocp/l4@4a000000/scm@100000/pinmux@40/pinmux_wl12xx_gpio, deferring probe
[    1.270568] omap-iommu 4a066000.mmu: 4a066000.mmu registered
[    1.270935] omap-iommu 55082000.mmu: 55082000.mmu registered
[    1.309936] SCSI subsystem initialized
[    1.311523] omap_i2c 48070000.i2c: could not find pctldev for node /ocp/l4@4a000000/scm@100000/pinmux@40/pinmux_i2c1_pins, deferring probe
[    1.311645] omap_i2c 48072000.i2c: could not find pctldev for node /ocp/l4@4a000000/scm@100000/pinmux@40/pinmux_i2c2_pins, deferring probe
[    1.311767] omap_i2c 48060000.i2c: could not find pctldev for node /ocp/l4@4a000000/scm@100000/pinmux@40/pinmux_i2c3_pins, deferring probe
[    1.311889] omap_i2c 48350000.i2c: could not find pctldev for node /ocp/l4@4a000000/scm@100000/pinmux@40/pinmux_i2c4_pins, deferring probe
[    1.312377] pps_core: LinuxPPS API ver. 1 registered
[    1.312377] pps_core: Software ver. 5.3.6 - Copyright 2005-2007 Rodolfo Giometti <giometti@linux.it>
[    1.312469] PTP clock support registered
[    1.317718] clocksource: Switched to clocksource 32k_counter
[    1.518249] VFS: Disk quotas dquot_6.6.0
[    1.557800] VFS: Dquot-cache hash table entries: 1024 (order 0, 4096 bytes)
[    1.797729] NET: Registered protocol family 2
[    1.800048] TCP established hash table entries: 8192 (order: 3, 32768 bytes)
[    1.800292] TCP bind hash table entries: 8192 (order: 6, 294912 bytes)
[    1.802947] TCP: Hash tables configured (established 8192 bind 8192)
[    1.803344] UDP hash table entries: 512 (order: 3, 40960 bytes)
[    1.803710] UDP-Lite hash table entries: 512 (order: 3, 40960 bytes)
[    1.838439] NET: Registered protocol family 1
[    1.877990] RPC: Registered named UNIX socket transport module.
[    1.878021] RPC: Registered udp transport module.
[    1.878021] RPC: Registered tcp transport module.
[    1.878051] RPC: Registered tcp NFSv4.1 backchannel transport module.
[    1.940704] futex hash table entries: 512 (order: 3, 32768 bytes)
[    1.977722] audit: initializing netlink subsys (disabled)
[    1.978027] audit: type=2000 audit(1.960:1): initialized
[    1.981140] workingset: timestamp_bits=14 max_order=18 bucket_order=4
[    2.617980] NFS: Registering the id_resolver key type
[    2.618469] Key type id_resolver registered
[    2.618469] Key type id_legacy registered
[    2.618682] jffs2: version 2.2. (NAND) (SUMMARY)   2001-2006 Red Hat, Inc.
[    2.782592] bounce: pool size: 64 pages
[    2.782745] io scheduler noop registered
[    2.782775] io scheduler deadline registered
[    2.817810] io scheduler cfq registered (default)
[    2.902557] pinctrl-single 4a100040.pinmux: 203 pins at pa fc100040 size 406
[    2.903106] pinctrl-single 4a31e040.pinmux: 28 pins at pa fc31e040 size 56
[    2.910491] Serial: 8250/16550 driver, 4 ports, IRQ sharing enabled
[    2.917755] omap_uart 4806a000.serial: no wakeirq for uart0
[    2.918395] 4806a000.serial: ttyO0 at MMIO 0x4806a000 (irq = 224, base_baud = 3000000) is a OMAP UART0
[    2.921020] 4806c000.serial: ttyO1 at MMIO 0x4806c000 (irq = 225, base_baud = 3000000) is a OMAP UART1
[    2.922760] 48020000.serial: ttyO2 at MMIO 0x48020000 (irq = 226, base_baud = 3000000) is a OMAP UART2
[    3.813018] console [ttyO2] enabled
[    3.818695] 4806e000.serial: ttyO3 at MMIO 0x4806e000 (irq = 227, base_baud = 3000000) is a OMAP UART3
[    3.872589] brd: module loaded
[    3.902587] loop: module loaded
[    3.909790] mtdoops: mtd device (mtddev=name/number) must be supplied
[    3.927795] libphy: Fixed MDIO Bus: probed
[    3.938201] mousedev: PS/2 mouse device common for all mice
[    3.944061] i2c /dev entries driver
[    4.039001] ledtrig-cpu: registered to indicate activity on CPUs
[    4.047393] oprofile: no performance counters
[    4.054077] oprofile: using timer interrupt.
[    4.059417] Initializing XFRM netlink socket
[    4.257873] NET: Registered protocol family 10
[    4.265716] sit: IPv6, IPv4 and MPLS over IPv4 tunneling driver
[    4.274780] NET: Registered protocol family 17
[    4.279571] NET: Registered protocol family 15
[    4.284698] Key type dns_resolver registered
[    4.289489] twl: not initialized
[    4.292877] twl6030_uv_to_vsel:OUT OF RANGE! non mapped vsel for 1375000 Vs max 1316660
[    4.301330] twl6030_uv_to_vsel:OUT OF RANGE! non mapped vsel for 1375000 Vs max 1316660
[    4.309814] twl6030_uv_to_vsel:OUT OF RANGE! non mapped vsel for 1375000 Vs max 1316660
[    4.318267] twl6030_uv_to_vsel:OUT OF RANGE! non mapped vsel for 1375000 Vs max 1316660
[    4.326690] twl6030_uv_to_vsel:OUT OF RANGE! non mapped vsel for 1375000 Vs max 1316660
[    4.335144] twl6030_uv_to_vsel:OUT OF RANGE! non mapped vsel for 1375000 Vs max 1316660
[    4.343566] twl6030_uv_to_vsel:OUT OF RANGE! non mapped vsel for 1410000 Vs max 1316660
[    4.352050] omap2_set_init_voltage: unable to find boot up OPP for vdd_mpu
[    4.359313] omap2_set_init_voltage: unable to set vdd_mpu
[    4.365020] omap2_set_init_voltage: unable to find boot up OPP for vdd_core
[    4.372375] omap2_set_init_voltage: unable to set vdd_core
[    4.378204] omap2_set_init_voltage: unable to find boot up OPP for vdd_iva
[    4.385437] omap2_set_init_voltage: unable to set vdd_iva
[    4.393615] Power Management for TI OMAP4+ devices.
[    4.398773] OMAP4 PM: u-boot >= v2012.07 is required for full PM support
[    4.407623] ThumbEE CPU extension supported.
[    4.412261] Registering SWP/SWPB emulation handler
[    4.412261] SmartReflex Class3 initialized
[    4.479125] Skipping twl internal clock init and using bootloader value (unknown osc rate)
[    4.497955] hw-breakpoint: Failed to enable monitor mode on CPU 0.
[    4.507812] hw-breakpoint: CPU 0 failed to disable vector catch
[    4.520477] twl 0-0048: PIH (irq 335) nested IRQs
[    4.572204] omap_i2c 48070000.i2c: bus 0 rev0.10 at 400 kHz
[    4.581878] omap_i2c 48072000.i2c: bus 1 rev0.10 at 400 kHz
[    4.590301] omap_i2c 48060000.i2c: bus 2 rev0.10 at 100 kHz
[    4.599212] omap_i2c 48350000.i2c: bus 3 rev0.10 at 400 kHz
[    4.766296] mmc0: host does not support reading read-only switch, assuming write-enable
[    4.777038] mmc0: new high speed SD card at address d198
[    4.786804] mmcblk0: mmc0:d198 SD02G 1.83 GiB 
[    4.795898]  mmcblk0: p1 p2
[    4.818664] hctosys: unable to open rtc device (rtc0)
[    4.818664] sr_init: No PMIC hook to init smartreflex
[    4.818664] smartreflex smartreflex.0: omap_sr_probe: SmartReflex driver initialized
[    4.839324] smartreflex smartreflex.1: omap_sr_probe: SmartReflex driver initialized
[    4.848449] smartreflex smartreflex.2: omap_sr_probe: SmartReflex driver initialized
[   17.368103] vwl1271: disabling
[   17.377227] VDAC: disabling
[   17.380310] random: fast init done
[   17.385314] VANA: disabling
[   17.389495] VUSB: disabling
[   17.400878] EXT4-fs (mmcblk0p2): mounting ext3 file system using the ext4 subsystem
[   17.424346] EXT4-fs (mmcblk0p2): warning: mounting fs with errors, running e2fsck is recommended
[   17.658020] EXT4-fs (mmcblk0p2): mounted filesystem with ordered data mode. Opts: (null)
[   17.667907] VFS: Mounted root (ext3 filesystem) on device 179:2.
[   17.687469] devtmpfs: mounted
[   17.691406] Freeing unused kernel memory: 1024K (c0b00000 - c0c00000)
INIT: version 2.88 booting
Error opening /dev/fb0: No such file or directory
/dev/ttyO2 linked to /dev/tty-bd - using as console
Starting udev
[   18.802581] udevd[139]: starting version 182
[   23.771270] FAT-fs (mmcblk0p1): Volume was not properly unmounted. Some data may be corrupt. Please run fsck.
ERROR: could not open directory /lib/modules/4.7.0-next-20160805-00002-g379e8f85c627: No such file or directory
WARNING: -e needs -E or -F
ERROR: could not open directory /lib/modules/4.7.0-next-20160805-00002-g379e8f85c627: No such file or directory
FATAL: could not search modules: No such file or directory
Starting Bootlog daemon: bootlogd: cannot allocate pseudo tty: No such file or directory
bootlogd.
[   24.271697] EXT4-fs (mmcblk0p2): re-mounted. Opts: data=ordered
ALSA: Restoring mixer settings...
/usr/sbin/alsactl: load_state:1696: No soundcards found...
Configuring network interfaces... ifconfig: SIOCGIFFLAGS: No such device
done.
hwclock: can't open '/dev/misc/rtc': No such file or directory
Fri Apr  3 13:57:00 UTC 2015
hwclock: can't open '/dev/misc/rtc': No such file or directory
INIT: Entering runlevel: 3
/dev/ttyO2 linked to /dev/tty-bd - using as console
Starting system message bus: dbus.
Starting Dropbear SSH server: dropbear.
Starting telnet daemon.
hwclock: can't open '/dev/misc/rtc': No such file or directory
Starting syslogd/klogd: done
Starting thttpd.
Starting Lighttpd Web Server: lighttpd.
2015-04-03 13:57:01: (log.c.166) server started 
***************************************************************
***************************************************************
NOTICE: This file system contains the followin GPLv3 packages:
	binutils-symlinks
	binutils
	gdbserver
	parted
If you do not wish to distribute GPLv3 components please remove
the above packages prior to distribution.  This can be done using
the opkg remove command.  i.e.:
    opkg remove <package>
Where <package> is the name printed in the list above
NOTE: If the package is a dependency of another package you
      will be notified of the dependent packages.  You should
      use the --force-removal-of-dependent-packages option to
      also remove the dependent packages as well
***************************************************************
***************************************************************
Stopping Bootlog daemon: bootlogd.
 _____                    _____           _         _   
|  _  |___ ___ ___ ___   |  _  |___ ___  |_|___ ___| |_ 
|     |  _| .'| . | . |  |   __|  _| . | | | -_|  _|  _|
|__|__|_| |__,|_  |___|  |__|  |_| |___|_| |___|___|_|  
              |___|                    |___|            
Arago Project http://arago-project.org GenericOMAP4(FlattenedDeviceTree) tty-bd
Arago 2013.12 GenericOMAP4(FlattenedDeviceTree) tty-bd
GenericOMAP4(FlattenedDeviceTree) login: 
- 06:15:36 [INFO] Host: root
- 06:15:36 [INFO] Target: 
root
root@GenericOMAP4(FlattenedDeviceTree):~# 
- 06:15:36 [INFO] Sleeping 15 secs to allow systemd to finish starting processes...
- 06:15:51 [INFO] Disconnected serial from pandaboard-vanilla
- 06:15:51 [INFO] Connected to pandaboard-vanilla via serial 
- 06:15:51 [INFO] Host: uname -a
- 06:15:51 [INFO] Target: 
uname -a
Linux GenericOMAP4(FlattenedDeviceTree) 4.7.0-next-20160805-00002-g379e8f85c627 #1 SMP Fri Aug 5 06:10:14 CDT 2016 armv7l GNU/Linux
root@GenericOMAP4(FlattenedDeviceTree):~# 
- 06:15:51 [INFO] Host: cat /proc/cmdline
- 06:15:51 [INFO] Target: 
cat /proc/cmdline
console=ttyO2,115200n8 earlyprintk rootwait ip=dhcp root=/dev/mmcblk0p2 rw rootfstype=ext3
root@GenericOMAP4(FlattenedDeviceTree):~# 
- 06:15:51 [INFO] Host: uname -a
- 06:15:51 [INFO] Target: 
uname -a
Linux GenericOMAP4(FlattenedDeviceTree) 4.7.0-next-20160805-00002-g379e8f85c627 #1 SMP Fri Aug 5 06:10:14 CDT 2016 armv7l GNU/Linux
root@GenericOMAP4(FlattenedDeviceTree):~# 
- 06:15:51 [INFO] Host: cat /proc/mtd
- 06:15:51 [INFO] Target: 
cat /proc/mtd
dev:    size   erasesize  name
root@GenericOMAP4(FlattenedDeviceTree):~# 
- 06:15:51 [INFO] Host: cat /proc/diskstats
- 06:15:51 [INFO] Target: 
cat /proc/diskstats
   1       0 ram0 0 0 0 0 0 0 0 0 0 0 0
   1       1 ram1 0 0 0 0 0 0 0 0 0 0 0
   1       2 ram2 0 0 0 0 0 0 0 0 0 0 0
   1       3 ram3 0 0 0 0 0 0 0 0 0 0 0
   1       4 ram4 0 0 0 0 0 0 0 0 0 0 0
   1       5 ram5 0 0 0 0 0 0 0 0 0 0 0
   1       6 ram6 0 0 0 0 0 0 0 0 0 0 0
   1       7 ram7 0 0 0 0 0 0 0 0 0 0 0
   1       8 ram8 0 0 0 0 0 0 0 0 0 0 0
   1       9 ram9 0 0 0 0 0 0 0 0 0 0 0
   1      10 ram10 0 0 0 0 0 0 0 0 0 0 0
   1      11 ram11 0 0 0 0 0 0 0 0 0 0 0
   1      12 ram12 0 0 0 0 0 0 0 0 0 0 0
   1      13 ram13 0 0 0 0 0 0 0 0 0 0 0
   1      14 ram14 0 0 0 0 0 0 0 0 0 0 0
   1      15 ram15 0 0 0 0 0 0 0 0 0 0 0
   7       0 loop0 0 0 0 0 0 0 0 0 0 0 0
   7       1 loop1 0 0 0 0 0 0 0 0 0 0 0
   7       2 loop2 0 0 0 0 0 0 0 0 0 0 0
   7       3 loop3 0 0 0 0 0 0 0 0 0 0 0
   7       4 loop4 0 0 0 0 0 0 0 0 0 0 0
   7       5 loop5 0 0 0 0 0 0 0 0 0 0 0
   7       6 loop6 0 0 0 0 0 0 0 0 0 0 0
   7       7 loop7 0 0 0 0 0 0 0 0 0 0 0
 179       0 mmcblk0 1353 598 26100 5260 37 65 816 45500 0 7530 50750
 179       1 mmcblk0p1 159 0 1220 1600 0 0 0 0 0 1600 1600
 179       2 mmcblk0p2 1180 598 24768 3630 37 65 816 45500 0 7110 49120
root@GenericOMAP4(FlattenedDeviceTree):~# 
- 06:15:51 [INFO] Host: cat /proc/interrupts
- 06:15:52 [INFO] Target: 
cat /proc/interrupts
           CPU0       CPU1       
 16:        198          0     WUGEN  37 Level     gp_timer
 17:       1906       1919     GIC-0  29 Edge      twd
 18:          0          0     WUGEN   9 Level     l3-dbg-irq
 19:          0          0     WUGEN  10 Level     l3-app-irq
 21:          0          0     WUGEN  12 Level     DMA
 22:       2308          0     WUGEN  13 Level     omap-dma-engine
 25:          0          0     WUGEN  29 Level     4a310000.gpio
 58:          0          0     WUGEN  30 Level     48055000.gpio
 91:          0          0     WUGEN  31 Level     48057000.gpio
124:          0          0     WUGEN  32 Level     48059000.gpio
157:          0          0     WUGEN  33 Level     4805b000.gpio
190:          0          0     WUGEN  34 Level     4805d000.gpio
223:          0          0     WUGEN  20 Level     gpmc
226:        503          0     WUGEN  74 Level     OMAP UART2
228:        191          0     WUGEN  56 Level     48070000.i2c
229:          0          0     WUGEN  57 Level     48072000.i2c
230:          0          0     WUGEN  61 Level     48060000.i2c
231:          0          0     WUGEN  62 Level     48350000.i2c
236:       4274          0     WUGEN  83 Level     mmc0
237:         13          0     WUGEN  59 Level     mmc1
238:          0          0     WUGEN  28 Level     4a066000.mmu
239:          0          0     WUGEN 100 Level     55082000.mmu
275:          0          0      PRCM Edge      pinctrl, pinctrl
333:          0          0   pinctrl 260 Edge      48020000.serial
335:          0          0     WUGEN   7 Level     TWL6030-PIH
340:          0          0     WUGEN 119 Level     twl6040
341:          0          0   twl6040   5 Edge      twl6040_irq_ready
342:          0          0   twl6040   0 Edge      twl6040_irq_th
IPI0:          0          1  CPU wakeup interrupts
IPI1:          0        131  Timer broadcast interrupts
IPI2:       1798       2958  Rescheduling interrupts
IPI3:        157        344  Function call interrupts
IPI4:          0          0  CPU stop interrupts
IPI5:          0          0  IRQ work interrupts
IPI6:          0          0  completion interrupts
Err:          0
root@GenericOMAP4(FlattenedDeviceTree):~# 
- 06:15:52 [INFO] Host: cat /proc/softirqs
- 06:15:52 [INFO] Target: 
cat /proc/softirqs
                    CPU0       CPU1       
          HI:          0          0
       TIMER:       1554       1541
      NET_TX:          0          0
      NET_RX:          0          0
       BLOCK:          0          0
BLOCK_IOPOLL:          0          0
     TASKLET:       1397          0
       SCHED:        937        961
     HRTIMER:          0          0
         RCU:       2935       2471
root@GenericOMAP4(FlattenedDeviceTree):~# 
URL:gtsystest.telogy.design.ti.com/vatf/tidfarm-06/tidfarm-06_vatf@pandaboard-vanilla/tidfarm-0608_05_2016_06_14_06/files/session_iteration_1/test_1
