- 05:52:03 [INFO] Starting target session
- 05:52:03 [INFO] Connected to pandaboard-vanilla via serial 
- 05:52:03 [INFO] Host: #check prompt
- 05:52:06 [ERROR] On command: #check prompt waiting for #check prompt.+?(?-mix:((?-mix:.*\s+login)|[Pp]assword)) >>> error: execution expired
- 05:52:06 [INFO] Target: 
#check prompt
root@GenericOMAP4(FlattenedDeviceTree):~# 
- 05:52:06 [INFO] Host: #check prompt
- 05:52:07 [INFO] Target: 
#check prompt
root@GenericOMAP4(FlattenedDeviceTree):~# 
- 05:52:07 [INFO] Host: sync;poweroff
- 05:52:23 [INFO] Target: 
sync;poweroff
Broadcast message from root@GenericOMAP4(FlattenedDeviceTree) (ttyO2) (Tue Oc
The system isj*uj(*UI55jRroot@GenericOMAP4(FlattenedDeviceTree):~# 
INIT: Sending pStopping Dropbear SSH server: stopped /usr/sbin/dropbear (pid 574)
dropbear.
Stopping telnet daemon.
Stopping system message bus: Error opening /dev/fb0: No such file or directory
Stopping syslogd/klogd: stopped syslogd (pid 586)
stopped klogd (pid 588)
done
Stopping thttpd.
ALSA: Storing mixer settings...
/usr/sbin/alsactl: save_state:1580: No soundcards found...
Deconfiguring network interfaces... [11995.314270] smsc95xx 1-1.1:1.0 eth0: hardware isn't capable of remote wakeup
done.
Stopping Lighttpd Web Server: stopped /usr/sbin/lighttpd (pid 599)
lighttpd.
***************************************************************
***************************************************************
NOTICE: This file system contains the followin GPLv3 packages:
	binutils-symlinks
	binutils
	gdbserver
	parted
If you do not wish to distribute GPLv3 components please remove
the above packages prior to distribution.  This can be done using
the opkg remove command.  i.e.:
    opkg remove <package>
Where <package> is the name printed in the list above
NOTE: If the package is a dependency of another package you
      will be notified of the dependent packages.  You should
      use the --force-removal-of-dependent-packages option to
      also remove the dependent packages as well
***************************************************************
***************************************************************
Sending all processes the TERM signal...
Sending all processes the KILL signal...
Unmounting remote filesystems...
Deactivating swap...
Unmounting local filesystems...
[12002.821472] EXT4-fs (mmcblk0p2): re-mounted. Opts: data=ordered
[12005.167419] reboot: System halted
- 05:52:23 [INFO] Disconnected serial from pandaboard-vanilla
- 05:52:46 [INFO] Connected to pandaboard-vanilla via serial 
- 05:52:46 [INFO] Host: 
- 05:52:47 [INFO] Target: 
U-Boot# 
- 05:52:47 [INFO] Host: 
- 05:52:47 [INFO] Target: 
U-Boot# 
- 05:52:47 [INFO] Host: version
- 05:52:48 [INFO] Target: 
version
U-Boot 2014.04-00069-g53b0d70 (Apr 22 2014 - 14:39:57)
arm-linux-gnueabi-gcc (Ubuntu/Linaro 4.6.3-1ubuntu5) 4.6.3
GNU ld (GNU Binutils for Ubuntu) 2.22
U-Boot# 
- 05:52:48 [INFO] Host: setenv bootargs 'console=ttyO2,115200n8 vram=16M earlyprintk rootwait '
- 05:52:48 [INFO] Target: 
setenv bootargs 'console=ttyO2,115200n8 vram=16M earlyprintk rootwait '
U-Boot# 
- 05:52:48 [INFO] Host: setenv bootcmd  ''
- 05:52:49 [INFO] Target: 
setenv bootcmd  ''
U-Boot# 
- 05:52:49 [INFO] Host: setenv autoload 'no'
- 05:52:49 [INFO] Target: 
setenv autoload 'no'
U-Boot# 
- 05:52:49 [INFO] Host: setenv serverip '192.168.1.254'
- 05:52:50 [INFO] Target: 
setenv serverip '192.168.1.254'
U-Boot# 
- 05:52:50 [INFO] Host: setenv mmcdev ' '
- 05:52:50 [INFO] Target: 
setenv mmcdev ' '
U-Boot# 
- 05:52:50 [INFO] Host: printenv
- 05:52:51 [INFO] Target: 
printenv
arch=arm
autoload=no
baudrate=115200
board=panda
board_name=panda
bootargs=console=ttyO2,115200n8 vram=16M earlyprintk rootwait 
bootcmd=
bootdelay=1
bootdir=/boot
bootfile=zImage
bootm_size=0x08000000
bootpart=0:2
bootscript=echo Running bootscript from mmc${mmcdev} ...; source ${loadaddr}
console=ttyO2,115200n8
cpu=armv7
fdt_addr_r=0x88000000
fdtaddr=0x88000000
fdtfile=undefined
findfdt=if test $board_name = sdp4430; then setenv fdtfile omap4-sdp.dtb; fi; if test $board_name = panda; then setenv fdtfile omap4-panda.dtb; fi;if test $board_name = panda-a4; then setenv fdtfile omap4-panda-a4.dtb; fi;if test $board_name = panda-es; then setenv fdtfile omap4-panda-es.dtb; fi;if test $fdtfile = undefined; then echo WARNING: Could not determine device tree to use; fi; 
importbootenv=echo Importing environment from mmc${mmcdev} ...; env import -t ${loadaddr} ${filesize}
kernel_addr_r=0x82000000
loadaddr=0x82000000
loadbootenv=fatload mmc ${mmcdev} ${loadaddr} uEnv.txt
loadbootscript=fatload mmc ${mmcdev} ${loadaddr} boot.scr
loadfdt=load mmc ${bootpart} ${fdtaddr} ${bootdir}/${fdtfile}
loadimage=load mmc ${bootpart} ${loadaddr} ${bootdir}/${bootfile}
mmcargs=setenv bootargs console=${console} vram=${vram} root=${mmcroot} rootfstype=${mmcrootfstype}
mmcboot=echo Booting from mmc${mmcdev} ...; run mmcargs; bootz ${loadaddr} - ${fdtaddr}
mmcdev= 
mmcroot=/dev/mmcblk0p2 rw
mmcrootfstype=ext3 rootwait
ramdisk_addr_r=0x88080000
rdaddr=0x88080000
serverip=192.168.1.254
soc=omap4
usbethaddr=02:04:f1:2a:2a:93
usbtty=cdc_acm
vendor=ti
ver=U-Boot 2014.04-00069-g53b0d70 (Apr 22 2014 - 14:39:57)
vram=16M
Environment size: 1694/131068 bytes
U-Boot# 
- 05:52:51 [INFO] Host: dcache off
- 05:52:51 [INFO] Target: 
dcache off
Unknown command 'dcache' - try 'help'
U-Boot# 
- 05:52:51 [INFO] Host: setenv usbethaddr 2E:62:05:CC:46:01
- 05:52:52 [INFO] Target: 
setenv usbethaddr 2E:62:05:CC:46:01
U-Boot# 
- 05:52:52 [INFO] Host: usb start
- 05:52:54 [INFO] Target: 
usb start
(Re)start USB...
USB0:   USB EHCI 1.00
scanning bus 0 for devices... 3 USB Device(s) found
       scanning usb for storage devices... 0 Storage Device(s) found
       scanning usb for ethernet devices... 1 Ethernet Device(s) found
U-Boot# 
- 05:52:54 [INFO] Host: printenv
- 05:52:55 [INFO] Target: 
printenv
arch=arm
autoload=no
baudrate=115200
board=panda
board_name=panda
bootargs=console=ttyO2,115200n8 vram=16M earlyprintk rootwait 
bootcmd=
bootdelay=1
bootdir=/boot
bootfile=zImage
bootm_size=0x08000000
bootpart=0:2
bootscript=echo Running bootscript from mmc${mmcdev} ...; source ${loadaddr}
console=ttyO2,115200n8
cpu=armv7
ethact=sms0
fdt_addr_r=0x88000000
fdtaddr=0x88000000
fdtfile=undefined
findfdt=if test $board_name = sdp4430; then setenv fdtfile omap4-sdp.dtb; fi; if test $board_name = panda; then setenv fdtfile omap4-panda.dtb; fi;if test $board_name = panda-a4; then setenv fdtfile omap4-panda-a4.dtb; fi;if test $board_name = panda-es; then setenv fdtfile omap4-panda-es.dtb; fi;if test $fdtfile = undefined; then echo WARNING: Could not determine device tree to use; fi; 
importbootenv=echo Importing environment from mmc${mmcdev} ...; env import -t ${loadaddr} ${filesize}
kernel_addr_r=0x82000000
loadaddr=0x82000000
loadbootenv=fatload mmc ${mmcdev} ${loadaddr} uEnv.txt
loadbootscript=fatload mmc ${mmcdev} ${loadaddr} boot.scr
loadfdt=load mmc ${bootpart} ${fdtaddr} ${bootdir}/${fdtfile}
loadimage=load mmc ${bootpart} ${loadaddr} ${bootdir}/${bootfile}
mmcargs=setenv bootargs console=${console} vram=${vram} root=${mmcroot} rootfstype=${mmcrootfstype}
mmcboot=echo Booting from mmc${mmcdev} ...; run mmcargs; bootz ${loadaddr} - ${fdtaddr}
mmcdev= 
mmcroot=/dev/mmcblk0p2 rw
mmcrootfstype=ext3 rootwait
ramdisk_addr_r=0x88080000
rdaddr=0x88080000
serverip=192.168.1.254
soc=omap4
usbethaddr=2E:62:05:CC:46:01
usbtty=cdc_acm
vendor=ti
ver=U-Boot 2014.04-00069-g53b0d70 (Apr 22 2014 - 14:39:57)
vram=16M
Environment size: 1708/131068 bytes
U-Boot# 
- 05:52:55 [INFO] Host: setenv bootargs ''${bootargs}' ip=dhcp '
- 05:52:55 [INFO] Target: 
setenv bootargs ''${bootargs}' ip=dhcp '
U-Boot# 
- 05:52:55 [INFO] Host: setenv serverip '192.168.1.254'
- 05:52:56 [INFO] Target: 
setenv serverip '192.168.1.254'
U-Boot# 
- 05:52:56 [INFO] Host: setenv ipaddr dhcp
- 05:52:56 [INFO] Target: 
setenv ipaddr dhcp
U-Boot# 
- 05:52:56 [INFO] Host: setenv autoload 'no'
- 05:52:57 [INFO] Target: 
setenv autoload 'no'
U-Boot# 
- 05:52:57 [INFO] Host: dhcp
- 05:53:00 [INFO] Target: 
dhcp
Waiting for Ethernet connection... done.
BOOTP broadcast 1
DHCP client bound to address 192.168.1.166
U-Boot# 
- 05:53:00 [INFO] Host: setenv serverip '192.168.1.254'
- 05:53:00 [INFO] Target: 
setenv serverip '192.168.1.254'
U-Boot# 
- 05:53:00 [INFO] Host: tftp ${loadaddr} 192.168.1.254:vatf_10/fcf75b5206ba54acc74742fadc827934
- 05:53:10 [INFO] Target: 
tftp ${loadaddr} 192.168.1.254:vatf_10/fcf75b5206ba54acc74742fadc827934
Waiting for Ethernet connection... done.
Using sms0 device
TFTP from server 192.168.1.254; our IP address is 192.168.1.166
Filename 'vatf_10/fcf75b5206ba54acc74742fadc827934'.
Load address: 0x82000000
Loading: *EHCI timed out on TD - token=0x8008d80
T #################################################################
	 #################################################################
	 #################################################################
	 #################################################################
	 #######################################################
	 557.6 KiB/s
done
Bytes transferred = 4611328 (465d00 hex)
U-Boot# 
- 05:53:10 [INFO] Host: tftp ${fdt_addr_r} 192.168.1.254:vatf_10/5d8810abbdbf0e7a745d479a49e3a763
- 05:53:17 [INFO] Target: 
tftp ${fdt_addr_r} 192.168.1.254:vatf_10/5d8810abbdbf0e7a745d479a49e3a763
Waiting for Ethernet connection... done.
Using sms0 device
TFTP from server 192.168.1.254; our IP address is 192.168.1.166
Filename 'vatf_10/5d8810abbdbf0e7a745d479a49e3a763'.
Load address: 0x88000000
Loading: *EHCI timed out on TD - token=0x8008d80
T ####
	 10.7 KiB/s
done
Bytes transferred = 55700 (d994 hex)
U-Boot# 
- 05:53:17 [INFO] Host: ls mmc 0:1
- 05:53:18 [INFO] Target: 
ls mmc 0:1
    33508   mlo 
   208700   u-boot.img 
      879   uenv.txt 
            .trash-1000/
        4   ws-calibrate.rules 
4 file(s), 1 dir(s)
U-Boot# 
- 05:53:18 [INFO] Host: ls mmc 0:2
- 05:53:18 [INFO] Target: 
ls mmc 0:2
<DIR>       4096 .
<DIR>       4096 ..
<DIR>      16384 lost+found
<DIR>       4096 bin
<DIR>       4096 boot
<SYM>         37 cpufreq
<SYM>         37 cpuidle
<DIR>       4096 dev
<DIR>       4096 etc
<DIR>       4096 home
<DIR>       4096 lib
<DIR>       4096 media
<DIR>       4096 mnt
<DIR>       4096 opt
<DIR>       4096 proc
<SYM>          8 run
<DIR>       4096 sbin
<DIR>       4096 srv
               9 .ash_history
<DIR>       4096 sys
<SYM>          8 tmp
<DIR>       4096 usr
<DIR>       4096 var
<DIR>       4096 www
<DIR>       4096 test
U-Boot# 
- 05:53:18 [INFO] Host: part uuid mmc 0:2
- 05:53:19 [INFO] Target: 
part uuid mmc 0:2
Unknown command 'part' - try 'help'
U-Boot# 
- 05:53:19 [INFO] Host: printenv
- 05:53:19 [INFO] Target: 
printenv
arch=arm
autoload=no
baudrate=115200
board=panda
board_name=panda
bootargs=console=ttyO2,115200n8 vram=16M earlyprintk rootwait  ip=dhcp 
bootcmd=
bootdelay=1
bootdir=/boot
bootfile=zImage
bootm_size=0x08000000
bootpart=0:2
bootscript=echo Running bootscript from mmc${mmcdev} ...; source ${loadaddr}
console=ttyO2,115200n8
cpu=armv7
dnsip=192.0.2.2
ethact=sms0
fdt_addr_r=0x88000000
fdtaddr=0x88000000
fdtfile=undefined
fileaddr=88000000
filesize=d994
findfdt=if test $board_name = sdp4430; then setenv fdtfile omap4-sdp.dtb; fi; if test $board_name = panda; then setenv fdtfile omap4-panda.dtb; fi;if test $board_name = panda-a4; then setenv fdtfile omap4-panda-a4.dtb; fi;if test $board_name = panda-es; then setenv fdtfile omap4-panda-es.dtb; fi;if test $fdtfile = undefined; then echo WARNING: Could not determine device tree to use; fi; 
gatewayip=192.168.1.254
importbootenv=echo Importing environment from mmc${mmcdev} ...; env import -t ${loadaddr} ${filesize}
ipaddr=192.168.1.166
kernel_addr_r=0x82000000
loadaddr=0x82000000
loadbootenv=fatload mmc ${mmcdev} ${loadaddr} uEnv.txt
loadbootscript=fatload mmc ${mmcdev} ${loadaddr} boot.scr
loadfdt=load mmc ${bootpart} ${fdtaddr} ${bootdir}/${fdtfile}
loadimage=load mmc ${bootpart} ${loadaddr} ${bootdir}/${bootfile}
mmcargs=setenv bootargs console=${console} vram=${vram} root=${mmcroot} rootfstype=${mmcrootfstype}
mmcboot=echo Booting from mmc${mmcdev} ...; run mmcargs; bootz ${loadaddr} - ${fdtaddr}
mmcdev= 
mmcroot=/dev/mmcblk0p2 rw
mmcrootfstype=ext3 rootwait
netmask=255.255.255.0
ramdisk_addr_r=0x88080000
rdaddr=0x88080000
serverip=192.168.1.254
soc=omap4
usbethaddr=2E:62:05:CC:46:01
usbtty=cdc_acm
vendor=ti
ver=U-Boot 2014.04-00069-g53b0d70 (Apr 22 2014 - 14:39:57)
vram=16M
Environment size: 1844/131068 bytes
U-Boot# 
- 05:53:19 [INFO] Host: setenv bootargs ''${bootargs}' root=/dev/mmcblk0p2 rw rootfstype=ext3 rootwait '
- 05:53:20 [INFO] Target: 
setenv bootargs ''${bootargs}' root=/dev/mmcblk0p2 rw rootfstype=ext3 rootwait '
U-Boot# 
- 05:53:20 [INFO] Host: printenv
- 05:53:20 [INFO] Target: 
printenv
arch=arm
autoload=no
baudrate=115200
board=panda
board_name=panda
bootargs=console=ttyO2,115200n8 vram=16M earlyprintk rootwait  ip=dhcp  root=/dev/mmcblk0p2 rw rootfstype=ext3 rootwait 
bootcmd=
bootdelay=1
bootdir=/boot
bootfile=zImage
bootm_size=0x08000000
bootpart=0:2
bootscript=echo Running bootscript from mmc${mmcdev} ...; source ${loadaddr}
console=ttyO2,115200n8
cpu=armv7
dnsip=192.0.2.2
ethact=sms0
fdt_addr_r=0x88000000
fdtaddr=0x88000000
fdtfile=undefined
fileaddr=88000000
filesize=d994
findfdt=if test $board_name = sdp4430; then setenv fdtfile omap4-sdp.dtb; fi; if test $board_name = panda; then setenv fdtfile omap4-panda.dtb; fi;if test $board_name = panda-a4; then setenv fdtfile omap4-panda-a4.dtb; fi;if test $board_name = panda-es; then setenv fdtfile omap4-panda-es.dtb; fi;if test $fdtfile = undefined; then echo WARNING: Could not determine device tree to use; fi; 
gatewayip=192.168.1.254
importbootenv=echo Importing environment from mmc${mmcdev} ...; env import -t ${loadaddr} ${filesize}
ipaddr=192.168.1.166
kernel_addr_r=0x82000000
loadaddr=0x82000000
loadbootenv=fatload mmc ${mmcdev} ${loadaddr} uEnv.txt
loadbootscript=fatload mmc ${mmcdev} ${loadaddr} boot.scr
loadfdt=load mmc ${bootpart} ${fdtaddr} ${bootdir}/${fdtfile}
loadimage=load mmc ${bootpart} ${loadaddr} ${bootdir}/${bootfile}
mmcargs=setenv bootargs console=${console} vram=${vram} root=${mmcroot} rootfstype=${mmcrootfstype}
mmcboot=echo Booting from mmc${mmcdev} ...; run mmcargs; bootz ${loadaddr} - ${fdtaddr}
mmcdev= 
mmcroot=/dev/mmcblk0p2 rw
mmcrootfstype=ext3 rootwait
netmask=255.255.255.0
ramdisk_addr_r=0x88080000
rdaddr=0x88080000
serverip=192.168.1.254
soc=omap4
usbethaddr=2E:62:05:CC:46:01
usbtty=cdc_acm
vendor=ti
ver=U-Boot 2014.04-00069-g53b0d70 (Apr 22 2014 - 14:39:57)
vram=16M
Environment size: 1893/131068 bytes
U-Boot# 
- 05:53:20 [INFO] Host: setenv bootcmd ''${bootcmd}' if iminfo ${loadaddr}; then bootm ${loadaddr} - ${fdt_addr_r}; else bootz ${loadaddr} - ${fdt_addr_r}; bootm ${loadaddr} - ${fdt_addr_r}; fi'
- 05:53:21 [INFO] Target: 
setenv bootcmd ''${bootcmd}' if iminfo ${loadaddr}; then bootm ${loadaddr} - ${fdt_addr_r}; else bootz ${loadaddr} - ${fdt_addr_r}; bootm ${loadaddr} - ${fdt_addr_r}; fi'
U-Boot# 
- 05:53:21 [INFO] Host: bdinfo
- 05:53:21 [INFO] Target: 
bdinfo
arch_number = 0x00000AE7
boot_params = 0x80000100
DRAM bank   = 0x00000000
-> start    = 0x80000000
-> size     = 0x40000000
eth0name    = sms0
ethaddr     = (not set)
current eth = sms0
ip_addr     = 192.168.1.166
baudrate    = 115200 bps
TLB addr    = 0xBFFF0000
relocaddr   = 0xBFF79000
reloc off   = 0x3F779000
irq_sp      = 0xBFE58EE0
sp start    = 0xBFE58ED0
U-Boot# 
- 05:53:21 [INFO] Host: mmc rescan
- 05:53:22 [INFO] Target: 
mmc rescan
U-Boot# 
- 05:53:22 [INFO] Host: fatwrite mmc ${mmcdev}:1 ${loadaddr} ws-calibrate.rules 4
- 05:53:22 [INFO] Target: 
fatwrite mmc ${mmcdev}:1 ${loadaddr} ws-calibrate.rules 4
writing ws-calibrate.rules
4 bytes written
U-Boot# 
- 05:53:22 [INFO] Host: boot
- 05:53:54 [INFO] Target: 
boot
## Checking Image at 82000000 ...
Unknown image format!
Kernel image @ 0x82000000 [ 0x000000 - 0x465d00 ]
## Flattened Device Tree blob at 88000000
   Booting using the fdt blob at 0x88000000
   Loading Device Tree to 87fef000, end 87fff993 ... OK
Starting kernel ...
[    0.000000] Booting Linux on physical CPU 0x0
[    0.000000] Initializing cgroup subsys cpuset
[    0.000000] Initializing cgroup subsys cpu
[    0.000000] Initializing cgroup subsys cpuacct
[    0.000000] Linux version 4.0.0-rc3-next-20150316-00002-g2ee7ea7bbaf7 (nmenon@kahuna) (gcc version 4.6.3 (Ubuntu/Linaro 4.6.3-1ubuntu5) ) #1 SMP Mon Mar 16 05:41:46 CDT 2015
[    0.000000] CPU: ARMv7 Processor [411fc092] revision 2 (ARMv7), cr=10c5387d
[    0.000000] CPU: PIPT / VIPT nonaliasing data cache, VIPT aliasing instruction cache
[    0.000000] Machine model: TI OMAP4 PandaBoard
[    0.000000] cma: Reserved 16 MiB at 0xbe800000
[    0.000000] Memory policy: Data cache writealloc
[    0.000000] OMAP4430 ES2.2
[    0.000000] PERCPU: Embedded 12 pages/cpu @eee9a000 s18560 r8192 d22400 u49152
[    0.000000] Built 1 zonelists in Zone order, mobility grouping on.  Total pages: 260178
[    0.000000] Kernel command line: console=ttyO2,115200n8 vram=16M earlyprintk rootwait  ip=dhcp  root=/dev/mmcblk0p2 rw rootfstype=ext3 rootwait 
[    0.000000] PID hash table entries: 4096 (order: 2, 16384 bytes)
[    0.000000] Dentry cache hash table entries: 131072 (order: 7, 524288 bytes)
[    0.000000] Inode-cache hash table entries: 65536 (order: 6, 262144 bytes)
[    0.000000] Memory: 1003016K/1047552K available (6136K kernel code, 599K rwdata, 2288K rodata, 428K init, 8219K bss, 28152K reserved, 16384K cma-reserved, 252928K highmem)
[    0.000000] Virtual kernel memory layout:
[    0.000000]     vector  : 0xffff0000 - 0xffff1000   (   4 kB)
[    0.000000]     fixmap  : 0xffc00000 - 0xfff00000   (3072 kB)
[    0.000000]     vmalloc : 0xf0000000 - 0xff000000   ( 240 MB)
[    0.000000]     lowmem  : 0xc0000000 - 0xef800000   ( 760 MB)
[    0.000000]     pkmap   : 0xbfe00000 - 0xc0000000   (   2 MB)
[    0.000000]     modules : 0xbf000000 - 0xbfe00000   (  14 MB)
[    0.000000]       .text : 0xc0008000 - 0xc08423ec   (8425 kB)
[    0.000000]       .init : 0xc0843000 - 0xc08ae000   ( 428 kB)
[    0.000000]       .data : 0xc08ae000 - 0xc0943cb8   ( 600 kB)
[    0.000000]        .bss : 0xc0943cb8 - 0xc114ab08   (8220 kB)
[    0.000000] Running RCU self tests
[    0.000000] Hierarchical RCU implementation.
[    0.000000] 	RCU lockdep checking is enabled.
[    0.000000] 	Additional per-CPU info printed with stalls.
[    0.000000] NR_IRQS:16 nr_irqs:16 16
[    0.000000] L2C: platform modifies aux control register: 0x0e070000 -> 0x3e470000
[    0.000000] L2C: DT/platform modifies aux control register: 0x0e070000 -> 0x3e470000
[    0.000000] L2C-310 erratum 727915 enabled
[    0.000000] L2C-310 enabling early BRESP for Cortex-A9
[    0.000000] L2C-310 ID prefetch enabled, offset 1 lines
[    0.000000] L2C-310 cache controller enabled, 16 ways, 1024 kB
[    0.000000] L2C-310: CACHE_ID 0x410000c4, AUX_CTRL 0x7e470000
[    0.000000] ti_dt_clocks_register: failed to lookup clock node dss_fck
[    0.000000] ti_dt_clocks_register: failed to lookup clock node dss_fck
[    0.000000] ti_dt_clocks_register: failed to lookup clock node div_ts_ck
[    0.000000] ti_dt_clocks_register: failed to lookup clock node bandgap_ts_fclk
[    0.000000] OMAP clockevent source: timer1 at 32768 Hz
[    0.000000] sched_clock: 32 bits at 32kHz, resolution 30517ns, wraps every 65536000000000ns
[    0.000000] OMAP clocksource: 32k_counter at 32768 Hz
[    0.002227] Console: colour dummy device 80x30
[    0.002288] Lock dependency validator: Copyright (c) 2006 Red Hat, Inc., Ingo Molnar
[    0.002319] ... MAX_LOCKDEP_SUBCLASSES:  8
[    0.002319] ... MAX_LOCK_DEPTH:          48
[    0.002319] ... MAX_LOCKDEP_KEYS:        8191
[    0.002319] ... CLASSHASH_SIZE:          4096
[    0.002349] ... MAX_LOCKDEP_ENTRIES:     32768
[    0.002349] ... MAX_LOCKDEP_CHAINS:      65536
[    0.002349] ... CHAINHASH_SIZE:          32768
[    0.002380]  memory used by lock dependency info: 5167 kB
[    0.002380]  per task-struct memory footprint: 1152 bytes
[    0.002410] Calibrating delay loop... 1196.85 BogoMIPS (lpj=5984256)
[    0.080291] pid_max: default: 32768 minimum: 301
[    0.080749] Security Framework initialized
[    0.080963] Mount-cache hash table entries: 2048 (order: 1, 8192 bytes)
[    0.080963] Mountpoint-cache hash table entries: 2048 (order: 1, 8192 bytes)
[    0.084625] Initializing cgroup subsys blkio
[    0.084655] Initializing cgroup subsys memory
[    0.084777] Initializing cgroup subsys devices
[    0.084869] Initializing cgroup subsys freezer
[    0.085021] Initializing cgroup subsys perf_event
[    0.085113] CPU: Testing write buffer coherency: ok
[    0.086639] CPU0: thread -1, cpu 0, socket 0, mpidr 80000000
[    0.086761] Setting up static identity map for 0x805d2c48 - 0x805d2cb8
[    0.130310] CPU1: thread -1, cpu 1, socket 0, mpidr 80000001
[    0.131195] Brought up 2 CPUs
[    0.131225] SMP: Total of 2 processors activated (2393.70 BogoMIPS).
[    0.131225] CPU: All CPU(s) started in SVC mode.
[    0.134918] devtmpfs: initialized
[    0.137298] VFP support v0.3: implementor 41 architecture 3 part 30 variant 9 rev 1
[    0.143005] omap_hwmod: l3_main_3 using broken dt data from ocp
[    0.148071] omap_hwmod: l3_main_2 using broken dt data from ocp
[    0.345672] pinctrl core: initialized pinctrl subsystem
[    0.411987] NET: Registered protocol family 16
[    0.418334] DMA: preallocated 256 KiB pool for atomic coherent allocations
[    0.450592] cpuidle: using governor ladder
[    0.480438] cpuidle: using governor menu
[    0.493927] OMAP GPIO hardware version 0.1
[    0.505920] omap-gpmc 50000000.gpmc: GPMC revision 6.0
[    0.507171] irq: no irq domain found for /ocp/pinmux@4a100040 !
[    0.507904] irq: no irq domain found for /ocp/pinmux@4a100040 !
[    0.508605] irq: no irq domain found for /ocp/pinmux@4a100040 !
[    0.532501] platform 4b501000.aes: Cannot lookup hwmod 'aes'
[    0.533081] platform 480a5000.des: Cannot lookup hwmod 'des'
[    0.542266] No ATAGs?
[    0.542358] hw-breakpoint: found 5 (+1 reserved) breakpoint and 1 watchpoint registers.
[    0.542388] hw-breakpoint: maximum watchpoint size is 4 bytes.
[    0.545654] OMAP DMA hardware revision 0.0
[    0.547760] ARM PMU: not yet supported on OMAP4430 due to missing CTI driver
[    0.635833] omap-dma-engine 4a056000.dma-controller: OMAP DMA engine driver
[    0.710876] reg-fixed-voltage wl12xx_vmmc: could not find pctldev for node /ocp/pinmux@4a100040/pinmux_wl12xx_gpio, deferring probe
[    0.710906] platform wl12xx_vmmc: Driver reg-fixed-voltage requests probe deferral
[    0.715728] SCSI subsystem initialized
[    0.718902] omap_i2c 48070000.i2c: could not find pctldev for node /ocp/pinmux@4a100040/pinmux_i2c1_pins, deferring probe
[    0.718933] platform 48070000.i2c: Driver omap_i2c requests probe deferral
[    0.719024] omap_i2c 48072000.i2c: could not find pctldev for node /ocp/pinmux@4a100040/pinmux_i2c2_pins, deferring probe
[    0.719055] platform 48072000.i2c: Driver omap_i2c requests probe deferral
[    0.719146] omap_i2c 48060000.i2c: could not find pctldev for node /ocp/pinmux@4a100040/pinmux_i2c3_pins, deferring probe
[    0.719177] platform 48060000.i2c: Driver omap_i2c requests probe deferral
[    0.719268] omap_i2c 48350000.i2c: could not find pctldev for node /ocp/pinmux@4a100040/pinmux_i2c4_pins, deferring probe
[    0.719299] platform 48350000.i2c: Driver omap_i2c requests probe deferral
[    0.724273] Switched to clocksource 32k_counter
[    0.890747] NET: Registered protocol family 2
[    0.893127] TCP established hash table entries: 8192 (order: 3, 32768 bytes)
[    0.893463] TCP bind hash table entries: 8192 (order: 6, 294912 bytes)
[    0.896453] TCP: Hash tables configured (established 8192 bind 8192)
[    0.896820] UDP hash table entries: 512 (order: 3, 40960 bytes)
[    0.897247] UDP-Lite hash table entries: 512 (order: 3, 40960 bytes)
[    0.898559] NET: Registered protocol family 1
[    0.900207] RPC: Registered named UNIX socket transport module.
[    0.900207] RPC: Registered udp transport module.
[    0.900238] RPC: Registered tcp transport module.
[    0.900238] RPC: Registered tcp NFSv4.1 backchannel transport module.
[    0.911468] futex hash table entries: 512 (order: 3, 32768 bytes)
[    0.911865] audit: initializing netlink subsys (disabled)
[    0.912139] audit: type=2000 audit(0.890:1): initialized
[    0.918182] VFS: Disk quotas dquot_6.5.2
[    0.918365] VFS: Dquot-cache hash table entries: 1024 (order 0, 4096 bytes)
[    0.921325] NFS: Registering the id_resolver key type
[    0.921783] Key type id_resolver registered
[    0.921783] Key type id_legacy registered
[    0.922027] jffs2: version 2.2. (NAND) (SUMMARY)   2001-2006 Red Hat, Inc.
[    0.927551] bounce: pool size: 64 pages
[    0.927703] io scheduler noop registered
[    0.927734] io scheduler deadline registered
[    0.927795] io scheduler cfq registered (default)
[    0.932220] pinctrl-single 4a100040.pinmux: 203 pins at pa fc100040 size 406
[    0.932800] pinctrl-single 4a31e040.pinmux: 28 pins at pa fc31e040 size 56
[    0.939331] Serial: 8250/16550 driver, 4 ports, IRQ sharing enabled
[    0.946014] omap_uart 4806a000.serial: no wakeirq for uart0
[    0.946655] 4806a000.serial: ttyO0 at MMIO 0x4806a000 (irq = 226, base_baud = 3000000) is a OMAP UART0
[    0.949157] 4806c000.serial: ttyO1 at MMIO 0x4806c000 (irq = 227, base_baud = 3000000) is a OMAP UART1
[    0.950775] 48020000.serial: ttyO2 at MMIO 0x48020000 (irq = 228, base_baud = 3000000) is a OMAP UART2
[    1.827270] console [ttyO2] enabled
[    1.832794] 4806e000.serial: ttyO3 at MMIO 0x4806e000 (irq = 229, base_baud = 3000000) is a OMAP UART3
[    1.873168] brd: module loaded
[    1.896484] loop: module loaded
[    1.903015] mtdoops: mtd device (mtddev=name/number) must be supplied
[    1.922668] mousedev: PS/2 mouse device common for all mice
[    1.928588] i2c /dev entries driver
[    1.932556] Driver 'mmcblk' needs updating - please use bus_type methods
[    1.942230] omap_hsmmc 4809c000.mmc: unable to get vmmc regulator -517
[    1.949493] platform 4809c000.mmc: Driver omap_hsmmc requests probe deferral
[    1.957977] omap_hsmmc 480d5000.mmc: unable to get vmmc regulator -517
[    1.965057] platform 480d5000.mmc: Driver omap_hsmmc requests probe deferral
[    1.972839] ledtrig-cpu: registered to indicate activity on CPUs
[    1.980590] oprofile: no performance counters
[    1.986785] oprofile: using timer interrupt.
[    1.992034] Initializing XFRM netlink socket
[    1.996704] NET: Registered protocol family 17
[    2.001434] NET: Registered protocol family 15
[    2.006500] Key type dns_resolver registered
[    2.011199] twl: not initialized
[    2.014587] twl6030_uv_to_vsel:OUT OF RANGE! non mapped vsel for 1375000 Vs max 1316660
[    2.022949] twl6030_uv_to_vsel:OUT OF RANGE! non mapped vsel for 1375000 Vs max 1316660
[    2.031372] twl6030_uv_to_vsel:OUT OF RANGE! non mapped vsel for 1375000 Vs max 1316660
[    2.039733] twl6030_uv_to_vsel:OUT OF RANGE! non mapped vsel for 1375000 Vs max 1316660
[    2.048156] twl6030_uv_to_vsel:OUT OF RANGE! non mapped vsel for 1375000 Vs max 1316660
[    2.056518] twl6030_uv_to_vsel:OUT OF RANGE! non mapped vsel for 1375000 Vs max 1316660
[    2.064910] twl6030_uv_to_vsel:OUT OF RANGE! non mapped vsel for 1410000 Vs max 1316660
[    2.073272] omap2_set_init_voltage: unable to find boot up OPP for vdd_mpu
[    2.080474] omap2_set_init_voltage: unable to set vdd_mpu
[    2.086181] omap2_set_init_voltage: unable to find boot up OPP for vdd_core
[    2.093414] omap2_set_init_voltage: unable to set vdd_core
[    2.099212] omap2_set_init_voltage: unable to find boot up OPP for vdd_iva
[    2.106384] omap2_set_init_voltage: unable to set vdd_iva
[    2.114440] Power Management for TI OMAP4+ devices.
[    2.119537] OMAP4 PM: u-boot >= v2012.07 is required for full PM support
[    2.126892] ThumbEE CPU extension supported.
[    2.128204] Registering SWP/SWPB emulation handler
[    2.137786] SmartReflex Class3 initialized
[    2.154266] Skipping twl internal clock init and using bootloader value (unknown osc rate)
[    2.174316] hw-breakpoint: Failed to enable monitor mode on CPU 0.
[    2.184295] hw-breakpoint: CPU 0 failed to disable vector catch
[    2.192718] twl 0-0048: PIH (irq 337) nested IRQs
[    2.226806] twl6040 0-004b: clk32k is not handled
[    2.243347] omap_i2c 48070000.i2c: bus 0 rev0.10 at 400 kHz
[    2.252990] omap_i2c 48072000.i2c: bus 1 rev0.10 at 400 kHz
[    2.260833] omap_i2c 48060000.i2c: bus 2 rev0.10 at 100 kHz
[    2.269226] omap_i2c 48350000.i2c: bus 3 rev0.10 at 400 kHz
[    2.422821] mmc0: host does not support reading read-only switch, assuming write-enable
[    2.433532] mmc0: new high speed SD card at address d198
[    2.441589] mmcblk0: mmc0:d198 SD02G 1.83 GiB 
[    2.450714]  mmcblk0: p1 p2
[    2.450714] drivers/rtc/hctosys.c: unable to open rtc device (rtc0)
[    2.451873] sr_init: No PMIC hook to init smartreflex
[    2.451873] smartreflex smartreflex.0: omap_sr_probe: SmartReflex driver initialized
[    2.452667] smartreflex smartreflex.1: omap_sr_probe: SmartReflex driver initialized
[    2.452667] smartreflex smartreflex.2: omap_sr_probe: SmartReflex driver initialized
[   14.616210] VUSB: disabling
[   14.620605] VANA: disabling
[   14.625579] VDAC: disabling
[   14.634460] vwl1271: disabling
[   14.650665] kjournald starting.  Commit interval 5 seconds
[   14.650665] EXT3-fs (mmcblk0p2): warning: mounting fs with errors, running e2fsck is recommended
[   14.849609] EXT3-fs (mmcblk0p2): using internal journal
[   14.855133] EXT3-fs (mmcblk0p2): mounted filesystem with ordered data mode
[   14.855163] VFS: Mounted root (ext3 filesystem) on device 179:2.
[   14.873992] devtmpfs: mounted
[   14.877258] Freeing unused kernel memory: 428K (c0843000 - c08ae000)
INIT: version 2.88 booting
Error opening /dev/fb0: No such file or directory
/dev/ttyO2 linked to /dev/tty-bd - using as console
Starting udev
[   15.852233] udevd[99]: starting version 182
[   20.911285] FAT-fs (mmcblk0p1): Volume was not properly unmounted. Some data may be corrupt. Please run fsck.
ERROR: could not open directory /lib/modules/4.0.0-rc3-next-20150316-00002-g2ee7ea7bbaf7: No such file or directory
WARNING: -e needs -E or -F
ERROR: could not open directory /lib/modules/4.0.0-rc3-next-20150316-00002-g2ee7ea7bbaf7: No such file or directory
FATAL: could not search modules: No such file or directory
Starting Bootlog daemon: bootlogd: cannot allocate pseudo tty: No such file or directory
bootlogd.
[   25.415069] random: dd urandom read with 56 bits of entropy available
ALSA: Restoring mixer settings...
/usr/sbin/alsactl: load_state:1696: No soundcards found...
Configuring network interfaces... ifconfig: SIOCGIFFLAGS: No such device
done.
hwclock: can't open '/dev/misc/rtc': No such file or directory
Tue Oct  7 22:58:00 UTC 2014
hwclock: can't open '/dev/misc/rtc': No such file or directory
INIT: Entering runlevel: 3
/dev/ttyO2 linked to /dev/tty-bd - using as console
Starting system message bus: dbus.
Starting Dropbear SSH server: dropbear.
Starting telnet daemon.
hwclock: can't open '/dev/misc/rtc': No such file or directory
Starting syslogd/klogd: done
Starting thttpd.
Starting Lighttpd Web Server: lighttpd.
2014-10-07 22:58:00: (log.c.166) server started 
***************************************************************
***************************************************************
NOTICE: This file system contains the followin GPLv3 packages:
	binutils-symlinks
	binutils
	gdbserver
	parted
If you do not wish to distribute GPLv3 components please remove
the above packages prior to distribution.  This can be done using
the opkg remove command.  i.e.:
    opkg remove <package>
Where <package> is the name printed in the list above
NOTE: If the package is a dependency of another package you
      will be notified of the dependent packages.  You should
      use the --force-removal-of-dependent-packages option to
      also remove the dependent packages as well
***************************************************************
***************************************************************
Stopping Bootlog daemon: bootlogd.
 _____                    _____           _         _   
|  _  |___ ___ ___ ___   |  _  |___ ___  |_|___ ___| |_ 
|     |  _| .'| . | . |  |   __|  _| . | | | -_|  _|  _|
|__|__|_| |__,|_  |___|  |__|  |_| |___|_| |___|___|_|  
              |___|                    |___|            
Arago Project http://arago-project.org GenericOMAP4(FlattenedDeviceTree) tty-bd
Arago 2013.12 GenericOMAP4(FlattenedDeviceTree) tty-bd
GenericOMAP4(FlattenedDeviceTree) login: 
- 05:53:54 [INFO] Host: root
- 05:53:54 [INFO] Target: 
root
root@GenericOMAP4(FlattenedDeviceTree):~# 
- 05:53:54 [INFO] Host: uname -a
- 05:53:55 [INFO] Target: 
uname -a
Linux GenericOMAP4(FlattenedDeviceTree) 4.0.0-rc3-next-20150316-00002-g2ee7ea7bbaf7 #1 SMP Mon Mar 16 05:41:46 CDT 2015 armv7l GNU/Linux
root@GenericOMAP4(FlattenedDeviceTree):~# 
- 05:53:55 [INFO] Host: cat /proc/cmdline
- 05:53:55 [INFO] Target: 
[   31.598968] random: nonblocking pool is initialized
cat /proc/cmdline
console=ttyO2,115200n8 vram=16M earlyprintk rootwait  ip=dhcp  root=/dev/mmcblk0p2 rw rootfstype=ext3 rootwait 
root@GenericOMAP4(FlattenedDeviceTree):~# 
- 05:53:55 [INFO] Host: uname -a
- 05:53:56 [INFO] Target: 
uname -a
Linux GenericOMAP4(FlattenedDeviceTree) 4.0.0-rc3-next-20150316-00002-g2ee7ea7bbaf7 #1 SMP Mon Mar 16 05:41:46 CDT 2015 armv7l GNU/Linux
root@GenericOMAP4(FlattenedDeviceTree):~# 
- 05:53:56 [INFO] Host: cat /proc/mtd
- 05:53:56 [INFO] Target: 
cat /proc/mtd
dev:    size   erasesize  name
root@GenericOMAP4(FlattenedDeviceTree):~# 
URL:gtsystest.telogy.design.ti.com/vatf/tidfarm-02.dal.design.ti.com/tidfarm-02.dal.design.ti.com_vatf@10/tidfarm-02.dal.design.ti.com03_16_2015_05_52_02/files/session_iteration_1/test_1
