- 05:51:10 [INFO] Starting target session
- 05:51:11 [INFO] Connected to pandaboard-es via serial 
- 05:51:11 [INFO] Host: #check prompt
- 05:51:13 [ERROR] On command: #check prompt waiting for (?-mix:((?-mix:.*\s+login)|[Pp]assword)) >>> error: execution expired
- 05:51:13 [INFO] Target: 
#check prompt
root@GenericOMAP4(FlattenedDeviceTree):/test# 
- 05:51:13 [INFO] Host: #check prompt
- 05:51:14 [INFO] Target: 
#check prompt
root@GenericOMAP4(FlattenedDeviceTree):/test# 
- 05:51:14 [INFO] Host: sync;poweroff
- 05:51:34 [INFO] Target: 
sync;poweroff
Broadcast message from root@GenericOMAP4(FlattenedDeviceTree) (ttyO2) (Thu Ju
The system is going down for system halt NOW!
INIT: Switchi
INIT: Sending processes the TERM signal
root@GenericOMAP4(FlattenedDeviceTree):/test# 
INIT: Sending proceStopping Dropbear SSH server: stopped /usr/sbin/dropbear (pid 624)
dropbear.
Stopping telnet daemon.
Stopping system message bus: Error opening /dev/fb0: No such file or directory
Stopping syslogd/klogd: stopped syslogd (pid 634)
stopped klogd (pid 636)
done
Stopping thttpd.
ALSA: Storing mixer settings...
/usr/sbin/alsactl: save_state:1580: No soundcards found...
Deconfiguring network interfaces... ifdown: interface eth0 not configured
done.
Stopping Lighttpd Web Server: stopped /usr/sbin/lighttpd (pid 643)
lighttpd.
***************************************************************
***************************************************************
NOTICE: This file system contains the followin GPLv3 packages:
	binutils-symlinks
	binutils
	gdbserver
	parted
If you do not wish to distribute GPLv3 components please remove
the above packages prior to distribution.  This can be done using
the opkg remove command.  i.e.:
    opkg remove <package>
Where <package> is the name printed in the list above
NOTE: If the package is a dependency of another package you
      will be notified of the dependent packages.  You should
      use the --force-removal-of-dependent-packages option to
      also remove the dependent packages as well
***************************************************************
***************************************************************
Sending all processes the TERM signal...
Sending all processes the KILL signal...
Unmounting remote filesystems...
Deactivating swap...
Unmounting local filesystems...
[73481.272033] reboot: System halted
- 05:51:34 [INFO] Disconnected serial from pandaboard-es
- 05:52:09 [INFO] Connected to pandaboard-es via serial 
- 05:52:09 [INFO] Host: 
- 05:52:09 [INFO] Target: 
device
SD/MMC found on device 0
reading boot.scr
** Unable to read file boot.scr **
reading uEnv.txt
** Unable to read file uEnv.txt **
** File not found /boot/zImage **
U-Boot# 
U-Boot# 
- 05:52:09 [INFO] Host: 
- 05:52:10 [INFO] Target: 
U-Boot# 
- 05:52:10 [INFO] Host: version
- 05:52:11 [INFO] Target: 
version
U-Boot 2014.04-00069-g53b0d70 (Apr 22 2014 - 14:39:57)
arm-linux-gnueabi-gcc (Ubuntu/Linaro 4.6.3-1ubuntu5) 4.6.3
GNU ld (GNU Binutils for Ubuntu) 2.22
U-Boot# 
- 05:52:11 [INFO] Host: setenv bootargs 'console=ttyO2,115200n8 vram=16M earlyprintk rootwait '
- 05:52:11 [INFO] Target: 
setenv bootargs 'console=ttyO2,115200n8 vram=16M earlyprintk rootwait '
U-Boot# 
- 05:52:11 [INFO] Host: setenv bootcmd  ''
- 05:52:12 [INFO] Target: 
setenv bootcmd  ''
U-Boot# 
- 05:52:12 [INFO] Host: setenv autoload 'no'
- 05:52:12 [INFO] Target: 
setenv autoload 'no'
U-Boot# 
- 05:52:12 [INFO] Host: setenv serverip '128.247.105.47'
- 05:52:13 [INFO] Target: 
setenv serverip '128.247.105.47'
U-Boot# 
- 05:52:13 [INFO] Host: printenv
- 05:52:14 [INFO] Target: 
printenv
arch=arm
autoload=no
baudrate=115200
board=panda
board_name=panda-es
bootargs=console=ttyO2,115200n8 vram=16M earlyprintk rootwait 
bootcmd=
bootdelay=1
bootdir=/boot
bootfile=zImage
bootm_size=0x08000000
bootpart=0:2
bootscript=echo Running bootscript from mmc${mmcdev} ...; source ${loadaddr}
console=ttyO2,115200n8
cpu=armv7
fdt_addr_r=0x88000000
fdtaddr=0x88000000
fdtfile=omap4-panda-es.dtb
findfdt=if test $board_name = sdp4430; then setenv fdtfile omap4-sdp.dtb; fi; if test $board_name = panda; then setenv fdtfile omap4-panda.dtb; fi;if test $board_name = panda-a4; then setenv fdtfile omap4-panda-a4.dtb; fi;if test $board_name = panda-es; then setenv fdtfile omap4-panda-es.dtb; fi;if test $fdtfile = undefined; then echo WARNING: Could not determine device tree to use; fi; 
importbootenv=echo Importing environment from mmc${mmcdev} ...; env import -t ${loadaddr} ${filesize}
kernel_addr_r=0x82000000
loadaddr=0x82000000
loadbootenv=fatload mmc ${mmcdev} ${loadaddr} uEnv.txt
loadbootscript=fatload mmc ${mmcdev} ${loadaddr} boot.scr
loadfdt=load mmc ${bootpart} ${fdtaddr} ${bootdir}/${fdtfile}
loadimage=load mmc ${bootpart} ${loadaddr} ${bootdir}/${bootfile}
mmcargs=setenv bootargs console=${console} vram=${vram} root=${mmcroot} rootfstype=${mmcrootfstype}
mmcboot=echo Booting from mmc${mmcdev} ...; run mmcargs; bootz ${loadaddr} - ${fdtaddr}
mmcdev=0
mmcroot=/dev/mmcblk0p2 rw
mmcrootfstype=ext3 rootwait
ramdisk_addr_r=0x88080000
rdaddr=0x88080000
serverip=128.247.105.47
soc=omap4
usbethaddr=02:22:01:50:0e:50
usbtty=cdc_acm
vendor=ti
ver=U-Boot 2014.04-00069-g53b0d70 (Apr 22 2014 - 14:39:57)
vram=16M
Environment size: 1707/131068 bytes
U-Boot# 
- 05:52:14 [INFO] Host: dcache off
- 05:52:14 [INFO] Target: 
dcache off
Unknown command 'dcache' - try 'help'
U-Boot# 
- 05:52:14 [INFO] Host: setenv usbethaddr 2E:60:05:CC:46:01
- 05:52:15 [INFO] Target: 
setenv usbethaddr 2E:60:05:CC:46:01
U-Boot# 
- 05:52:15 [INFO] Host: usb start
- 05:52:17 [INFO] Target: 
usb start
(Re)start USB...
USB0:   USB EHCI 1.00
scanning bus 0 for devices... 3 USB Device(s) found
       scanning usb for storage devices... 0 Storage Device(s) found
       scanning usb for ethernet devices... 1 Ethernet Device(s) found
U-Boot# 
- 05:52:17 [INFO] Host: printenv
- 05:52:18 [INFO] Target: 
printenv
arch=arm
autoload=no
baudrate=115200
board=panda
board_name=panda-es
bootargs=console=ttyO2,115200n8 vram=16M earlyprintk rootwait 
bootcmd=
bootdelay=1
bootdir=/boot
bootfile=zImage
bootm_size=0x08000000
bootpart=0:2
bootscript=echo Running bootscript from mmc${mmcdev} ...; source ${loadaddr}
console=ttyO2,115200n8
cpu=armv7
ethact=sms0
fdt_addr_r=0x88000000
fdtaddr=0x88000000
fdtfile=omap4-panda-es.dtb
findfdt=if test $board_name = sdp4430; then setenv fdtfile omap4-sdp.dtb; fi; if test $board_name = panda; then setenv fdtfile omap4-panda.dtb; fi;if test $board_name = panda-a4; then setenv fdtfile omap4-panda-a4.dtb; fi;if test $board_name = panda-es; then setenv fdtfile omap4-panda-es.dtb; fi;if test $fdtfile = undefined; then echo WARNING: Could not determine device tree to use; fi; 
importbootenv=echo Importing environment from mmc${mmcdev} ...; env import -t ${loadaddr} ${filesize}
kernel_addr_r=0x82000000
loadaddr=0x82000000
loadbootenv=fatload mmc ${mmcdev} ${loadaddr} uEnv.txt
loadbootscript=fatload mmc ${mmcdev} ${loadaddr} boot.scr
loadfdt=load mmc ${bootpart} ${fdtaddr} ${bootdir}/${fdtfile}
loadimage=load mmc ${bootpart} ${loadaddr} ${bootdir}/${bootfile}
mmcargs=setenv bootargs console=${console} vram=${vram} root=${mmcroot} rootfstype=${mmcrootfstype}
mmcboot=echo Booting from mmc${mmcdev} ...; run mmcargs; bootz ${loadaddr} - ${fdtaddr}
mmcdev=0
mmcroot=/dev/mmcblk0p2 rw
mmcrootfstype=ext3 rootwait
ramdisk_addr_r=0x88080000
rdaddr=0x88080000
serverip=128.247.105.47
soc=omap4
usbethaddr=2E:60:05:CC:46:01
usbtty=cdc_acm
vendor=ti
ver=U-Boot 2014.04-00069-g53b0d70 (Apr 22 2014 - 14:39:57)
vram=16M
Environment size: 1721/131068 bytes
U-Boot# 
- 05:52:18 [INFO] Host: setenv bootargs ''${bootargs}' ip=dhcp '
- 05:52:19 [INFO] Target: 
setenv bootargs ''${bootargs}' ip=dhcp '
U-Boot# 
- 05:52:19 [INFO] Host: setenv serverip '128.247.105.47'
- 05:52:19 [INFO] Target: 
setenv serverip '128.247.105.47'
U-Boot# 
- 05:52:19 [INFO] Host: setenv ipaddr dhcp
- 05:52:20 [INFO] Target: 
setenv ipaddr dhcp
U-Boot# 
- 05:52:20 [INFO] Host: setenv autoload 'no'
- 05:52:20 [INFO] Target: 
setenv autoload 'no'
U-Boot# 
- 05:52:20 [INFO] Host: dhcp
- 05:52:23 [INFO] Target: 
dhcp
Waiting for Ethernet connection... done.
BOOTP broadcast 1
DHCP client bound to address 192.168.1.169
U-Boot# 
- 05:52:23 [INFO] Host: setenv serverip '128.247.105.47'
- 05:52:24 [INFO] Target: 
setenv serverip '128.247.105.47'
U-Boot# 
- 05:52:24 [INFO] Host: tftp ${loadaddr} 128.247.105.47:vatf_3/00b7b7649763dc125d147bf2e9f63bdf
- 05:52:33 [INFO] Target: 
tftp ${loadaddr} 128.247.105.47:vatf_3/00b7b7649763dc125d147bf2e9f63bdf
Waiting for Ethernet connection... done.
Using sms0 device
TFTP from server 128.247.105.47; our IP address is 192.168.1.169; sending through gateway 192.168.1.254
Filename 'vatf_3/00b7b7649763dc125d147bf2e9f63bdf'.
Load address: 0x82000000
Loading: *EHCI timed out on TD - token=0x88008d80
T #################################################################
	 #################################################################
	 #################################################################
	 #################################################################
	 ################################################################
	 700.2 KiB/s
done
Bytes transferred = 4750664 (487d48 hex)
U-Boot# 
- 05:52:33 [INFO] Host: tftp ${fdt_addr_r} 128.247.105.47:vatf_3/c7c16f84cf6702412ff4f9f2ff2ebd16
- 05:52:40 [INFO] Target: 
tftp ${fdt_addr_r} 128.247.105.47:vatf_3/c7c16f84cf6702412ff4f9f2ff2ebd16
Waiting for Ethernet connection... done.
Using sms0 device
TFTP from server 128.247.105.47; our IP address is 192.168.1.169; sending through gateway 192.168.1.254
Filename 'vatf_3/c7c16f84cf6702412ff4f9f2ff2ebd16'.
Load address: 0x88000000
Loading: *##EHCI timed out on TD - token=0x88008d80
T ##
	 10.7 KiB/s
done
Bytes transferred = 56190 (db7e hex)
U-Boot# 
- 05:52:40 [INFO] Host: ls mmc 0:1
- 05:52:40 [INFO] Target: 
ls mmc 0:1
    33508   mlo 
   208700   u-boot.img 
            images/
2 file(s), 1 dir(s)
U-Boot# 
- 05:52:40 [INFO] Host: ls mmc 0:2
- 05:52:41 [INFO] Target: 
ls mmc 0:2
<DIR>       4096 .
<DIR>       4096 ..
<DIR>       4096 bin
<DIR>       4096 boot
<SYM>         37 cpufreq
<SYM>         37 cpuidle
<DIR>       4096 dev
<DIR>       4096 etc
<DIR>       4096 home
<DIR>       4096 lib
<DIR>       4096 media
<DIR>       4096 mnt
<DIR>       4096 opt
<DIR>       4096 proc
<SYM>          8 run
<DIR>       4096 sbin
<DIR>       4096 srv
<DIR>       4096 sys
<SYM>          8 tmp
              14 .ash_history
<DIR>       4096 usr
<DIR>       4096 var
<DIR>       4096 www
<DIR>       4096 test
U-Boot# 
- 05:52:41 [INFO] Host: part uuid mmc 0:2
- 05:52:41 [INFO] Target: 
part uuid mmc 0:2
Unknown command 'part' - try 'help'
U-Boot# 
- 05:52:42 [INFO] Host: printenv
- 05:52:42 [INFO] Target: 
printenv
arch=arm
autoload=no
baudrate=115200
board=panda
board_name=panda-es
bootargs=console=ttyO2,115200n8 vram=16M earlyprintk rootwait  ip=dhcp 
bootcmd=
bootdelay=1
bootdir=/boot
bootfile=zImage
bootm_size=0x08000000
bootpart=0:2
bootscript=echo Running bootscript from mmc${mmcdev} ...; source ${loadaddr}
console=ttyO2,115200n8
cpu=armv7
dnsip=192.0.2.2
ethact=sms0
fdt_addr_r=0x88000000
fdtaddr=0x88000000
fdtfile=omap4-panda-es.dtb
fileaddr=88000000
filesize=db7e
findfdt=if test $board_name = sdp4430; then setenv fdtfile omap4-sdp.dtb; fi; if test $board_name = panda; then setenv fdtfile omap4-panda.dtb; fi;if test $board_name = panda-a4; then setenv fdtfile omap4-panda-a4.dtb; fi;if test $board_name = panda-es; then setenv fdtfile omap4-panda-es.dtb; fi;if test $fdtfile = undefined; then echo WARNING: Could not determine device tree to use; fi; 
gatewayip=192.168.1.254
importbootenv=echo Importing environment from mmc${mmcdev} ...; env import -t ${loadaddr} ${filesize}
ipaddr=192.168.1.169
kernel_addr_r=0x82000000
loadaddr=0x82000000
loadbootenv=fatload mmc ${mmcdev} ${loadaddr} uEnv.txt
loadbootscript=fatload mmc ${mmcdev} ${loadaddr} boot.scr
loadfdt=load mmc ${bootpart} ${fdtaddr} ${bootdir}/${fdtfile}
loadimage=load mmc ${bootpart} ${loadaddr} ${bootdir}/${bootfile}
mmcargs=setenv bootargs console=${console} vram=${vram} root=${mmcroot} rootfstype=${mmcrootfstype}
mmcboot=echo Booting from mmc${mmcdev} ...; run mmcargs; bootz ${loadaddr} - ${fdtaddr}
mmcdev=0
mmcroot=/dev/mmcblk0p2 rw
mmcrootfstype=ext3 rootwait
netmask=255.255.255.0
ramdisk_addr_r=0x88080000
rdaddr=0x88080000
serverip=128.247.105.47
soc=omap4
usbethaddr=2E:60:05:CC:46:01
usbtty=cdc_acm
vendor=ti
ver=U-Boot 2014.04-00069-g53b0d70 (Apr 22 2014 - 14:39:57)
vram=16M
Environment size: 1857/131068 bytes
U-Boot# 
- 05:52:42 [INFO] Host: setenv bootargs ''${bootargs}' root=/dev/mmcblk0p2 rw rootfstype=ext3 rootwait '
- 05:52:43 [INFO] Target: 
setenv bootargs ''${bootargs}' root=/dev/mmcblk0p2 rw rootfstype=ext3 rootwait '
U-Boot# 
- 05:52:43 [INFO] Host: printenv
- 05:52:43 [INFO] Target: 
printenv
arch=arm
autoload=no
baudrate=115200
board=panda
board_name=panda-es
bootargs=console=ttyO2,115200n8 vram=16M earlyprintk rootwait  ip=dhcp  root=/dev/mmcblk0p2 rw rootfstype=ext3 rootwait 
bootcmd=
bootdelay=1
bootdir=/boot
bootfile=zImage
bootm_size=0x08000000
bootpart=0:2
bootscript=echo Running bootscript from mmc${mmcdev} ...; source ${loadaddr}
console=ttyO2,115200n8
cpu=armv7
dnsip=192.0.2.2
ethact=sms0
fdt_addr_r=0x88000000
fdtaddr=0x88000000
fdtfile=omap4-panda-es.dtb
fileaddr=88000000
filesize=db7e
findfdt=if test $board_name = sdp4430; then setenv fdtfile omap4-sdp.dtb; fi; if test $board_name = panda; then setenv fdtfile omap4-panda.dtb; fi;if test $board_name = panda-a4; then setenv fdtfile omap4-panda-a4.dtb; fi;if test $board_name = panda-es; then setenv fdtfile omap4-panda-es.dtb; fi;if test $fdtfile = undefined; then echo WARNING: Could not determine device tree to use; fi; 
gatewayip=192.168.1.254
importbootenv=echo Importing environment from mmc${mmcdev} ...; env import -t ${loadaddr} ${filesize}
ipaddr=192.168.1.169
kernel_addr_r=0x82000000
loadaddr=0x82000000
loadbootenv=fatload mmc ${mmcdev} ${loadaddr} uEnv.txt
loadbootscript=fatload mmc ${mmcdev} ${loadaddr} boot.scr
loadfdt=load mmc ${bootpart} ${fdtaddr} ${bootdir}/${fdtfile}
loadimage=load mmc ${bootpart} ${loadaddr} ${bootdir}/${bootfile}
mmcargs=setenv bootargs console=${console} vram=${vram} root=${mmcroot} rootfstype=${mmcrootfstype}
mmcboot=echo Booting from mmc${mmcdev} ...; run mmcargs; bootz ${loadaddr} - ${fdtaddr}
mmcdev=0
mmcroot=/dev/mmcblk0p2 rw
mmcrootfstype=ext3 rootwait
netmask=255.255.255.0
ramdisk_addr_r=0x88080000
rdaddr=0x88080000
serverip=128.247.105.47
soc=omap4
usbethaddr=2E:60:05:CC:46:01
usbtty=cdc_acm
vendor=ti
ver=U-Boot 2014.04-00069-g53b0d70 (Apr 22 2014 - 14:39:57)
vram=16M
Environment size: 1906/131068 bytes
U-Boot# 
- 05:52:43 [INFO] Host: setenv bootcmd ''${bootcmd}' if iminfo ${loadaddr}; then bootm ${loadaddr} - ${fdt_addr_r}; else bootz ${loadaddr} - ${fdt_addr_r}; bootm ${loadaddr} - ${fdt_addr_r}; fi'
- 05:52:44 [INFO] Target: 
setenv bootcmd ''${bootcmd}' if iminfo ${loadaddr}; then bootm ${loadaddr} - ${fdt_addr_r}; else bootz ${loadaddr} - ${fdt_addr_r}; bootm ${loadaddr} - ${fdt_addr_r}; fi'
U-Boot# 
- 05:52:44 [INFO] Host: bdinfo
- 05:52:45 [INFO] Target: 
bdinfo
arch_number = 0x00000AE7
boot_params = 0x80000100
DRAM bank   = 0x00000000
-> start    = 0x80000000
-> size     = 0x40000000
eth0name    = sms0
ethaddr     = (not set)
current eth = sms0
ip_addr     = 192.168.1.169
baudrate    = 115200 bps
TLB addr    = 0xBFFF0000
relocaddr   = 0xBFF79000
reloc off   = 0x3F779000
irq_sp      = 0xBFE58EE0
sp start    = 0xBFE58ED0
U-Boot# 
- 05:52:45 [INFO] Host: boot
- 05:53:14 [INFO] Target: 
boot
## Checking Image at 82000000 ...
Unknown image format!
Kernel image @ 0x82000000 [ 0x000000 - 0x487d48 ]
## Flattened Device Tree blob at 88000000
   Booting using the fdt blob at 0x88000000
   Loading Device Tree to 87fef000, end 87fffb7d ... OK
Starting kernel ...
[    0.000000] Booting Linux on physical CPU 0x0
[    0.000000] Initializing cgroup subsys cpuset
[    0.000000] Initializing cgroup subsys cpu
[    0.000000] Initializing cgroup subsys cpuacct
[    0.000000] Linux version 3.18.0-rc2-next-20141030-00002-g735565c (nmenon@kahuna) (gcc version 4.6.3 (Ubuntu/Linaro 4.6.3-1ubuntu5) ) #1 SMP Thu Oct 30 05:47:42 CDT 2014
[    0.000000] CPU: ARMv7 Processor [412fc09a] revision 10 (ARMv7), cr=10c5387d
[    0.000000] CPU: PIPT / VIPT nonaliasing data cache, VIPT aliasing instruction cache
[    0.000000] Machine model: TI OMAP4 PandaBoard-ES
[    0.000000] cma: Reserved 16 MiB at 0xbe800000
[    0.000000] Memory policy: Data cache writealloc
[    0.000000] OMAP4460 ES1.1
[    0.000000] L2C: platform modifies aux control register: 0x0e070000 -> 0x3e470000
[    0.000000] PL310 OF: cache setting yield illegal associativity
[    0.000000] PL310 OF: -285522216 calculated, only 8 and 16 legal
[    0.000000] L2C: DT/platform modifies aux control register: 0x0e070000 -> 0x3e470000
[    0.000000] L2C-310 enabling early BRESP for Cortex-A9
[    0.000000] L2C-310 ID prefetch enabled, offset 1 lines
[    0.000000] OMAP L2C310: ROM does not support power control setting
[    0.000000] L2C-310 dynamic clock gating disabled, standby mode disabled
[    0.000000] L2C-310 cache controller enabled, 16 ways, 1024 kB
[    0.000000] L2C-310: CACHE_ID 0x410000c7, AUX_CTRL 0x7e470000
[    0.000000] PERCPU: Embedded 11 pages/cpu @eef9b000 s14976 r8192 d21888 u45056
[    0.000000] Built 1 zonelists in Zone order, mobility grouping on.  Total pages: 260368
[    0.000000] Kernel command line: console=ttyO2,115200n8 vram=16M earlyprintk rootwait  ip=dhcp  root=/dev/mmcblk0p2 rw rootfstype=ext3 rootwait 
[    0.000000] PID hash table entries: 4096 (order: 2, 16384 bytes)
[    0.000000] Dentry cache hash table entries: 131072 (order: 7, 524288 bytes)
[    0.000000] Inode-cache hash table entries: 65536 (order: 6, 262144 bytes)
[    0.000000] allocated 1047552 bytes of page_cgroup
[    0.000000] please try 'cgroup_disable=memory' option if you don't want memory cgroups
[    0.000000] Memory: 1002724K/1047552K available (6269K kernel code, 684K rwdata, 2324K rodata, 428K init, 8261K bss, 28444K reserved, 16384K cma-reserved, 252928K highmem)
[    0.000000] Virtual kernel memory layout:
[    0.000000]     vector  : 0xffff0000 - 0xffff1000   (   4 kB)
[    0.000000]     fixmap  : 0xffc00000 - 0xffe00000   (2048 kB)
[    0.000000]     vmalloc : 0xf0000000 - 0xff000000   ( 240 MB)
[    0.000000]     lowmem  : 0xc0000000 - 0xef800000   ( 760 MB)
[    0.000000]     pkmap   : 0xbfe00000 - 0xc0000000   (   2 MB)
[    0.000000]     modules : 0xbf000000 - 0xbfe00000   (  14 MB)
[    0.000000]       .text : 0xc0008000 - 0xc086ca00   (8595 kB)
[    0.000000]       .init : 0xc086d000 - 0xc08d8000   ( 428 kB)
[    0.000000]       .data : 0xc08d8000 - 0xc0983318   ( 685 kB)
[    0.000000]        .bss : 0xc0983318 - 0xc1194ae0   (8262 kB)
[    0.000000] Hierarchical RCU implementation.
[    0.000000] NR_IRQS:16 nr_irqs:16 16
[    0.000000] ti_dt_clocks_register: failed to lookup clock node bandgap_fclk
[    0.000000] OMAP clockevent source: timer1 at 32768 Hz
[    0.000000] sched_clock: 32 bits at 32kHz, resolution 30517ns, wraps every 65536000000000ns
[    0.000000] OMAP clocksource: 32k_counter at 32768 Hz
[    0.001861] Console: colour dummy device 80x30
[    0.001922] Lock dependency validator: Copyright (c) 2006 Red Hat, Inc., Ingo Molnar
[    0.001922] ... MAX_LOCKDEP_SUBCLASSES:  8
[    0.001953] ... MAX_LOCK_DEPTH:          48
[    0.001953] ... MAX_LOCKDEP_KEYS:        8191
[    0.001953] ... CLASSHASH_SIZE:          4096
[    0.001953] ... MAX_LOCKDEP_ENTRIES:     32768
[    0.001983] ... MAX_LOCKDEP_CHAINS:      65536
[    0.001983] ... CHAINHASH_SIZE:          32768
[    0.001983]  memory used by lock dependency info: 5167 kB
[    0.001983]  per task-struct memory footprint: 1152 bytes
[    0.002014] Calibrating delay loop... 1397.55 BogoMIPS (lpj=6987776)
[    0.080261] pid_max: default: 32768 minimum: 301
[    0.080657] Security Framework initialized
[    0.080841] Mount-cache hash table entries: 2048 (order: 1, 8192 bytes)
[    0.080871] Mountpoint-cache hash table entries: 2048 (order: 1, 8192 bytes)
[    0.083465] Initializing cgroup subsys memory
[    0.083557] Initializing cgroup subsys devices
[    0.083618] Initializing cgroup subsys freezer
[    0.083709] Initializing cgroup subsys blkio
[    0.083770] Initializing cgroup subsys perf_event
[    0.083862] CPU: Testing write buffer coherency: ok
[    0.084991] CPU0: thread -1, cpu 0, socket 0, mpidr 80000000
[    0.085083] Setting up static identity map for 0x805f2298 - 0x805f2308
[    0.090789] CPU1: Booted secondary processor
[    0.180267] CPU1: thread -1, cpu 1, socket 0, mpidr 80000001
[    0.180908] Brought up 2 CPUs
[    0.180938] SMP: Total of 2 processors activated.
[    0.180938] CPU: All CPU(s) started in SVC mode.
[    0.183685] devtmpfs: initialized
[    0.193481] VFP support v0.3: implementor 41 architecture 3 part 30 variant 9 rev 4
[    0.197875] omap_hwmod: l3_main_3 using broken dt data from ocp
[    0.201934] omap_hwmod: l3_main_2 using broken dt data from ocp
[    0.371765] pinctrl core: initialized pinctrl subsystem
[    0.374206] regulator-dummy: no parameters
[    0.424591] NET: Registered protocol family 16
[    0.429321] DMA: preallocated 256 KiB pool for atomic coherent allocations
[    0.460449] cpuidle: using governor ladder
[    0.490356] cpuidle: using governor menu
[    0.500885] OMAP GPIO hardware version 0.1
[    0.510375] omap-gpmc 50000000.gpmc: GPMC revision 6.0
[    0.511169] irq: no irq domain found for /ocp/pinmux@4a100040 !
[    0.511718] irq: no irq domain found for /ocp/pinmux@4a100040 !
[    0.512207] irq: no irq domain found for /ocp/pinmux@4a100040 !
[    0.530364] platform 4b501000.aes: Cannot lookup hwmod 'aes'
[    0.530853] platform 480a5000.des: Cannot lookup hwmod 'des'
[    0.539123] No ATAGs?
[    0.539215] hw-breakpoint: found 5 (+1 reserved) breakpoint and 1 watchpoint registers.
[    0.539215] hw-breakpoint: maximum watchpoint size is 4 bytes.
[    0.541717] OMAP DMA hardware revision 0.0
[    0.586517] edma-dma-engine edma-dma-engine.0: Can't allocate PaRAM dummy slot
[    0.586547] edma-dma-engine: probe of edma-dma-engine.0 failed with error -22
[    0.619171] omap-dma-engine 4a056000.dma-controller: OMAP DMA engine driver
[    0.700378] hsusb1_vbus: 3300 mV 
[    0.700836] reg-fixed-voltage wl12xx_vmmc: could not find pctldev for node /ocp/pinmux@4a100040/pinmux_wl12xx_gpio, deferring probe
[    0.700866] platform wl12xx_vmmc: Driver reg-fixed-voltage requests probe deferral
[    0.705047] SCSI subsystem initialized
[    0.705718] usbcore: registered new interface driver usbfs
[    0.705871] usbcore: registered new interface driver hub
[    0.706054] usbcore: registered new device driver usb
[    0.707672] omap_i2c 48070000.i2c: could not find pctldev for node /ocp/pinmux@4a100040/pinmux_i2c1_pins, deferring probe
[    0.707702] platform 48070000.i2c: Driver omap_i2c requests probe deferral
[    0.707763] omap_i2c 48072000.i2c: could not find pctldev for node /ocp/pinmux@4a100040/pinmux_i2c2_pins, deferring probe
[    0.707794] platform 48072000.i2c: Driver omap_i2c requests probe deferral
[    0.707885] omap_i2c 48060000.i2c: could not find pctldev for node /ocp/pinmux@4a100040/pinmux_i2c3_pins, deferring probe
[    0.707885] platform 48060000.i2c: Driver omap_i2c requests probe deferral
[    0.707946] omap_i2c 48350000.i2c: could not find pctldev for node /ocp/pinmux@4a100040/pinmux_i2c4_pins, deferring probe
[    0.707977] platform 48350000.i2c: Driver omap_i2c requests probe deferral
[    0.712005] Switched to clocksource 32k_counter
[    0.848449] NET: Registered protocol family 2
[    0.850219] TCP established hash table entries: 8192 (order: 3, 32768 bytes)
[    0.850494] TCP bind hash table entries: 8192 (order: 6, 294912 bytes)
[    0.853027] TCP: Hash tables configured (established 8192 bind 8192)
[    0.853240] TCP: reno registered
[    0.853271] UDP hash table entries: 512 (order: 3, 40960 bytes)
[    0.853607] UDP-Lite hash table entries: 512 (order: 3, 40960 bytes)
[    0.854888] NET: Registered protocol family 1
[    0.855926] RPC: Registered named UNIX socket transport module.
[    0.855957] RPC: Registered udp transport module.
[    0.855957] RPC: Registered tcp transport module.
[    0.855957] RPC: Registered tcp NFSv4.1 backchannel transport module.
[    0.857757] hw perfevents: enabled with armv7_cortex_a9 PMU driver, 7 counters available
[    0.862792] futex hash table entries: 512 (order: 3, 32768 bytes)
[    0.863037] audit: initializing netlink subsys (disabled)
[    0.863220] audit: type=2000 audit(0.850:1): initialized
[    0.867340] VFS: Disk quotas dquot_6.5.2
[    0.867462] Dquot-cache hash table entries: 1024 (order 0, 4096 bytes)
[    0.869445] NFS: Registering the id_resolver key type
[    0.869750] Key type id_resolver registered
[    0.869781] Key type id_legacy registered
[    0.869934] jffs2: version 2.2. (NAND) (SUMMARY)   2001-2006 Red Hat, Inc.
[    0.874969] bounce: pool size: 64 pages
[    0.875061] io scheduler noop registered
[    0.875091] io scheduler deadline registered
[    0.875152] io scheduler cfq registered (default)
[    0.880065] pinctrl-single 4a100040.pinmux: 203 pins at pa fc100040 size 406
[    0.880554] pinctrl-single 4a31e040.pinmux: 28 pins at pa fc31e040 size 56
[    0.884002] pbias_mmc_omap4: 1800 <--> 3000 mV at 3000 mV 
[    0.885437] abb_mpu: 1025 <--> 1389 mV 
[    0.886352] abb_iva: 950 <--> 1376 mV 
[    0.887725] Serial: 8250/16550 driver, 4 ports, IRQ sharing enabled
[    0.893127] omap_uart 4806a000.serial: no wakeirq for uart0
[    0.893585] omap_uart 4806a000.serial: ttyO0 at MMIO 0x4806a000 (irq = 104, base_baud = 3000000) is a OMAP UART0
[    0.895568] omap_uart 4806c000.serial: ttyO1 at MMIO 0x4806c000 (irq = 105, base_baud = 3000000) is a OMAP UART1
[    0.896881] omap_uart 48020000.serial: ttyO2 at MMIO 0x48020000 (irq = 106, base_baud = 3000000) is a OMAP UART2
[    1.836273] console [ttyO2] enabled
[    1.841827] omap_uart 4806e000.serial: ttyO3 at MMIO 0x4806e000 (irq = 102, base_baud = 3000000) is a OMAP UART3
[    1.873535] brd: module loaded
[    1.888397] loop: module loaded
[    1.894439] mtdoops: mtd device (mtddev=name/number) must be supplied
[    1.907958] usbcore: registered new interface driver asix
[    1.913757] usbcore: registered new interface driver ax88179_178a
[    1.920227] usbcore: registered new interface driver cdc_ether
[    1.926544] usbcore: registered new interface driver smsc95xx
[    1.932678] usbcore: registered new interface driver net1080
[    1.938690] usbcore: registered new interface driver cdc_subset
[    1.945037] usbcore: registered new interface driver zaurus
[    1.951019] usbcore: registered new interface driver cdc_ncm
[    1.957794] usbcore: registered new interface driver cdc_wdm
[    1.963928] usbcore: registered new interface driver usb-storage
[    1.970336] usbcore: registered new interface driver usbtest
[    1.978271] mousedev: PS/2 mouse device common for all mice
[    1.986663] i2c /dev entries driver
[    1.990356] Driver for 1-wire Dallas network protocol.
[    2.000061] omap_wdt: OMAP Watchdog Timer Rev 0x01: initial timeout 60 sec
[    2.008087] Driver 'mmcblk' needs updating - please use bus_type methods
[    2.016784] omap_hsmmc 4809c000.mmc: unable to get vmmc regulator -517
[    2.023956] platform 4809c000.mmc: Driver omap_hsmmc requests probe deferral
[    2.032012] omap_hsmmc 480d5000.mmc: unable to get vmmc regulator -517
[    2.039001] platform 480d5000.mmc: Driver omap_hsmmc requests probe deferral
[    2.048553] ledtrig-cpu: registered to indicate activity on CPUs
[    2.055328] usbcore: registered new interface driver usbhid
[    2.061157] usbhid: USB HID core driver
[    2.066711] oprofile: using arm/armv7-ca9
[    2.071472] TCP: cubic registered
[    2.075012] Initializing XFRM netlink socket
[    2.079864] NET: Registered protocol family 10
[    2.086853] sit: IPv6 over IPv4 tunneling driver
[    2.093627] NET: Registered protocol family 17
[    2.098358] NET: Registered protocol family 15
[    2.103332] Key type dns_resolver registered
[    2.108032] twl: not initialized
[    2.111389] twl6030_uv_to_vsel:OUT OF RANGE! non mapped vsel for 1375000 Vs max 1316660
[    2.119781] twl6030_uv_to_vsel:OUT OF RANGE! non mapped vsel for 1375000 Vs max 1316660
[    2.128173] twl6030_uv_to_vsel:OUT OF RANGE! non mapped vsel for 1375000 Vs max 1316660
[    2.136566] twl6030_uv_to_vsel:OUT OF RANGE! non mapped vsel for 1375000 Vs max 1316660
[    2.144958] twl6030_uv_to_vsel:OUT OF RANGE! non mapped vsel for 1375000 Vs max 1316660
[    2.153350] twl6030_uv_to_vsel:OUT OF RANGE! non mapped vsel for 1375000 Vs max 1316660
[    2.161712] twl6030_uv_to_vsel:OUT OF RANGE! non mapped vsel for 1410000 Vs max 1316660
[    2.170104] omap2_set_init_voltage: unable to find boot up OPP for vdd_mpu
[    2.177307] omap2_set_init_voltage: unable to set vdd_mpu
[    2.182983] omap2_set_init_voltage: unable to find boot up OPP for vdd_core
[    2.190246] omap2_set_init_voltage: unable to set vdd_core
[    2.196014] omap2_set_init_voltage: unable to find boot up OPP for vdd_iva
[    2.203186] omap2_set_init_voltage: unable to set vdd_iva
[    2.210784] Power Management for TI OMAP4+ devices.
[    2.215972] Power Management for TI OMAP4.
[    2.220245] OMAP4 PM: u-boot >= v2012.07 is required for full PM support
[    2.227416] ThumbEE CPU extension supported.
[    2.233154] Registering SWP/SWPB emulation handler
[    2.233154] SmartReflex Class3 initialized
[    2.248229] vwl1271: 1800 mV 
[    2.256652] Skipping twl internal clock init and using bootloader value (unknown osc rate)
[    2.269805] twl 0-0048: PIH (irq 39) nested IRQs
[    2.276855] twl_rtc 48070000.i2c:twl@48:rtc: Power up reset detected.
[    2.284851] twl_rtc 48070000.i2c:twl@48:rtc: Enabling TWL-RTC
[    2.295684] twl_rtc 48070000.i2c:twl@48:rtc: rtc core: registered 48070000.i2c:twl@48 as rtc0
[    2.307037] VAUX1_6030: 1000 <--> 3000 mV at 2800 mV 
[    2.314453] VAUX2_6030: 1200 <--> 2800 mV at 1800 mV 
[    2.321685] VAUX3_6030: 1000 <--> 3000 mV at 1200 mV 
[    2.329040] VMMC: 1200 <--> 3000 mV at 3000 mV 
[    2.335845] VPP: 1800 <--> 2500 mV at 1900 mV 
[    2.342529] VUSIM: 1200 <--> 2900 mV at 1800 mV 
[    2.347686] VDAC: 1800 mV 
[    2.352050] VANA: 2100 mV 
[    2.358062] VCXIO: 1800 mV 
[    2.358062] VUSB: 3300 mV 
[    2.367095] V1V8: 1800 mV 
[    2.371887] V2V1: 2100 mV 
[    2.379882] twl6040 0-004b: clk32k is not handled
[    2.391296] omap_i2c 48070000.i2c: bus 0 rev0.11 at 400 kHz
[    2.398925] omap_i2c 48072000.i2c: bus 1 rev0.11 at 400 kHz
[    2.407348] omap_i2c 48060000.i2c: bus 2 rev0.11 at 100 kHz
[    2.414733] omap_i2c 48350000.i2c: bus 3 rev0.11 at 400 kHz
[    2.474761] hw-breakpoint: Failed to enable monitor mode on CPU 0.
[    2.483917] hw-breakpoint: CPU 0 failed to disable vector catch
[    2.596618] twl_rtc 48070000.i2c:twl@48:rtc: setting system clock to 2000-01-01 00:00:00 UTC (946684800)
[    2.606597] sr_init: No PMIC hook to init smartreflex
[    2.611968] smartreflex smartreflex.0: omap_sr_probe: SmartReflex driver initialized
[    2.621093] smartreflex smartreflex.1: omap_sr_probe: SmartReflex driver initialized
[    2.629821] smartreflex smartreflex.2: omap_sr_probe: SmartReflex driver initialized
[    2.660308] mmc0: host does not support reading read-only switch, assuming write-enable
[    2.670806] mmc0: new high speed SDHC card at address b368
[    2.678833] mmcblk0: mmc0:b368 NCard 3.73 GiB 
[    2.688140]  mmcblk0: p1 p2
[    2.700042] omap_hsmmc 480d5000.mmc: card claims to support voltages below defined range
[    2.721496] mmc1: queuing unknown CIS tuple 0x91 (3 bytes)
[    2.730346] mmc1: new SDIO card at address 0001
[   14.794067] VUSB: disabling
[   14.798797] VANA: disabling
[   14.802551] VDAC: disabling
[   14.820953] kjournald starting.  Commit interval 5 seconds
[   14.832611] EXT3-fs (mmcblk0p2): using internal journal
[   14.832702] EXT3-fs (mmcblk0p2): mounted filesystem with ordered data mode
[   14.845306] VFS: Mounted root (ext3 filesystem) on device 179:2.
[   14.855712] devtmpfs: mounted
[   14.855712] Freeing unused kernel memory: 428K (c086d000 - c08d8000)
INIT: version 2.88 booting
Error opening /dev/fb0: No such file or directory
/dev/ttyO2 linked to /dev/tty-bd - using as console
Starting udev
[   15.699981] udevd[105]: starting version 182
[   19.324005] FAT-fs (mmcblk0p1): Volume was not properly unmounted. Some data may be corrupt. Please run fsck.
ERROR: could not open directory /lib/modules/3.18.0-rc2-next-20141030-00002-g735565c: No such file or directory
WARNING: -e needs -E or -F
ERROR: could not open directory /lib/modules/3.18.0-rc2-next-20141030-00002-g735565c: No such file or directory
FATAL: could not search modules: No such file or directory
Starting Bootlog daemon: bootlogd: cannot allocate pseudo tty: No such file or directory
bootlogd.
[   24.150970] random: dd urandom read with 59 bits of entropy available
ALSA: Restoring mixer settings...
/usr/sbin/alsactl: load_state:1696: No soundcards found...
Configuring network interfaces... ifconfig: SIOCGIFFLAGS: No such device
done.
Thu Jul  3 18:01:00 UTC 2014
INIT: Entering runlevel: 3
/dev/ttyO2 linked to /dev/tty-bd - using as console
Starting system message bus: dbus.
Starting Dropbear SSH server: dropbear.
Starting telnet daemon.
Starting syslogd/klogd: done
Starting thttpd.
Starting Lighttpd Web Server: lighttpd.
2014-07-03 18:01:01: (log.c.166) server started 
***************************************************************
***************************************************************
NOTICE: This file system contains the followin GPLv3 packages:
	binutils-symlinks
	binutils
	gdbserver
	parted
If you do not wish to distribute GPLv3 components please remove
the above packages prior to distribution.  This can be done using
the opkg remove command.  i.e.:
    opkg remove <package>
Where <package> is the name printed in the list above
NOTE: If the package is a dependency of another package you
      will be notified of the dependent packages.  You should
      use the --force-removal-of-dependent-packages option to
      also remove the dependent packages as well
***************************************************************
***************************************************************
Stopping Bootlog daemon: bootlogd.
 _____                    _____           _         _   
|  _  |___ ___ ___ ___   |  _  |___ ___  |_|___ ___| |_ 
|     |  _| .'| . | . |  |   __|  _| . | | | -_|  _|  _|
|__|__|_| |__,|_  |___|  |__|  |_| |___|_| |___|___|_|  
              |___|                    |___|            
Arago Project http://arago-project.org GenericOMAP4(FlattenedDeviceTree) tty-bd
Arago 2013.12 GenericOMAP4(FlattenedDeviceTree) tty-bd
GenericOMAP4(FlattenedDeviceTree) login: 
- 05:53:14 [INFO] Host: root
- 05:53:15 [INFO] Target: 
root
[   29.034942] random: nonblocking pool is initialized
root@GenericOMAP4(FlattenedDeviceTree):~# 
- 05:53:15 [INFO] Host: uname -a
- 05:53:15 [INFO] Target: 
uname -a
Linux GenericOMAP4(FlattenedDeviceTree) 3.18.0-rc2-next-20141030-00002-g735565c #1 SMP Thu Oct 30 05:47:42 CDT 2014 armv7l GNU/Linux
root@GenericOMAP4(FlattenedDeviceTree):~# 
- 05:53:16 [INFO] Host: cat /proc/cmdline
- 05:53:16 [INFO] Target: 
cat /proc/cmdline
console=ttyO2,115200n8 vram=16M earlyprintk rootwait  ip=dhcp  root=/dev/mmcblk0p2 rw rootfstype=ext3 rootwait 
root@GenericOMAP4(FlattenedDeviceTree):~# 
- 05:53:16 [INFO] Host: uname -a
- 05:53:17 [INFO] Target: 
uname -a
Linux GenericOMAP4(FlattenedDeviceTree) 3.18.0-rc2-next-20141030-00002-g735565c #1 SMP Thu Oct 30 05:47:42 CDT 2014 armv7l GNU/Linux
root@GenericOMAP4(FlattenedDeviceTree):~# 
- 05:53:17 [INFO] Host: cat /proc/mtd
- 05:53:17 [INFO] Target: 
cat /proc/mtd
dev:    size   erasesize  name
root@GenericOMAP4(FlattenedDeviceTree):~# 
- 05:53:23 [INFO] Host: export IPERFHOST=128.247.105.47
- 05:53:23 [INFO] Target: 
export IPERFHOST=128.247.105.47
root@GenericOMAP4(FlattenedDeviceTree):~# 
- 05:53:23 [INFO] Host: export NFS_SERVER=128.247.105.47
- 05:53:24 [INFO] Target: 
export NFS_SERVER=128.247.105.47
root@GenericOMAP4(FlattenedDeviceTree):~# 
- 05:53:24 [INFO] Host: export NFS_ROOT_PATH=/usr/workdir/filesys/linux/pandaes
- 05:53:25 [INFO] Target: 
export NFS_ROOT_PATH=/usr/workdir/file 
sys/linux/pandaes
root@GenericOMAP4(FlattenedDeviceTree):~# 
- 05:53:25 [INFO] Host: mkdir -p -m 777 /test
- 05:53:25 [INFO] Target: 
mkdir -p -m 777 /test
root@GenericOMAP4(FlattenedDeviceTree):~# 
- 05:53:25 [INFO] Host: cd /test
- 05:53:26 [INFO] Target: 
cd /test
root@GenericOMAP4(FlattenedDeviceTree):/test# 
- 05:53:26 [INFO] Host: cat > test.sh << EOF
- 05:53:26 [INFO] Target: 
cat > test.sh << EOF
- 05:53:26 [INFO] Host: failtest() {
- 05:53:27 [INFO] Target: 
failtest() {
- 05:53:27 [INFO] Host:   echo 1 >&3
- 05:53:28 [INFO] Target: 
  echo 1 >&3
- 05:53:28 [INFO] Host: }
- 05:53:28 [INFO] Target: 
- 05:53:28 [INFO] Host: timeout=600
- 05:53:29 [INFO] Target: 
timeout=600
- 05:53:29 [INFO] Host: 
- 05:53:30 [INFO] Target: 
- 05:53:30 [INFO] Host: # Start of user's script logic
- 05:53:30 [INFO] Target: 
# Start of user's script logic
- 05:53:30 [INFO] Host: 
- 05:53:31 [INFO] Target: 
- 05:53:31 [INFO] Host: 
- 05:53:31 [INFO] Target: 
- 05:53:31 [INFO] Host: mount -t proc proc /proc 2>/dev/null;
- 05:53:32 [INFO] Target: 
mount -t proc proc /proc 2>/dev/null;
- 05:53:32 [INFO] Host: 
- 05:53:32 [INFO] Target: 
- 05:53:33 [INFO] Host: mount -t sysfs sys /sys 2>/dev/null;
- 05:53:33 [INFO] Target: 
mount -t sysfs sys /sys 2>/dev/null;
- 05:53:33 [INFO] Host: 
- 05:53:34 [INFO] Target: 
- 05:53:34 [INFO] Host: mount -t debugfs none /sys/kernel/debug 2>/dev/null;
- 05:53:34 [INFO] Target: 
mount -t debugfs none /sys/kernel/debug 2>/dev/null;
- 05:53:34 [INFO] Host: 
- 05:53:35 [INFO] Target: 
- 05:53:35 [INFO] Host: echo 'cpuinfo:';cat /proc/cpuinfo; echo '=======';
- 05:53:36 [INFO] Target: 
echo 'cpuinfo:';cat /proc/cpuinfo; echo '=======';
- 05:53:36 [INFO] Host: 
- 05:53:36 [INFO] Target: 
- 05:53:36 [INFO] Host: echo 'soc info:';head /sys/devices/soc0/* 2>/dev/null; echo '=======';
- 05:53:37 [INFO] Target: 
echo 'soc info:';head /sys/devices/soc0/* 2>/dev/null; echo '=======';
- 05:53:37 [INFO] Host: 
- 05:53:37 [INFO] Target: 
- 05:53:37 [INFO] Host: echo 'DT Model info'; head /proc/device-tree/name /proc/device-tree/model /proc/device-tree/compatible 2>/dev/null;echo; echo '=======';
- 05:53:38 [INFO] Target: 
echo 'DT Model info'; head /proc/device-tree/name /proc/device-tree/model /pro 
c/device-tree/compatible 2>/dev/null;echo; echo '=======';
- 05:53:38 [INFO] Host: 
- 05:53:39 [INFO] Target: 
- 05:53:39 [INFO] Host: echo 'interrupts:';cat /proc/interrupts; echo '=======';
- 05:53:39 [INFO] Target: 
echo 'interrupts:';cat /proc/interrupts; echo '=======';
- 05:53:39 [INFO] Host: 
- 05:53:40 [INFO] Target: 
- 05:53:40 [INFO] Host: echo 'Clk_summary:';cat /sys/kernel/debug/clk/clk_summary; echo '=======';
- 05:53:40 [INFO] Target: 
echo 'Clk_summary:';cat /sys/kernel/debug/clk/clk_summary; echo '=======';
- 05:53:40 [INFO] Host: 
- 05:53:41 [INFO] Target: 
- 05:53:41 [INFO] Host: echo 'Orphan Clks:';ls /sys/kernel/debug/clk/orphans/; echo '=======';
- 05:53:42 [INFO] Target: 
echo 'Orphan Clks:';ls /sys/kernel/debug/clk/orphans/; echo '=======';
- 05:53:42 [INFO] Host: 
- 05:53:42 [INFO] Target: 
- 05:53:42 [INFO] Host: echo "Available frequencies"; cat /sys/devices/system/cpu/cpu0/cpufreq/scaling_available_frequencies 2>/dev/null;echo '=======';
- 05:53:43 [INFO] Target: 
echo "Available frequencies"; cat /sys/devices/system/cpu/cpu0/cpufreq/scaling 
_available_frequencies 2>/dev/null;echo '=======';
- 05:53:43 [INFO] Host: 
- 05:53:43 [INFO] Target: 
- 05:53:43 [INFO] Host: echo 'H''ello World' 'B''oard Booted';
- 05:53:44 [INFO] Target: 
echo 'H''ello World' 'B''oard Booted';
- 05:53:44 [INFO] Host: 
- 05:53:45 [INFO] Target: 
- 05:53:45 [INFO] Host: EOF
- 05:53:45 [INFO] Target: 
root@GenericOMAP4(FlattenedDeviceTree):/test# 
- 05:53:45 [INFO] Host: cd /test
- 05:53:46 [INFO] Target: 
cd /test
root@GenericOMAP4(FlattenedDeviceTree):/test# 
- 05:53:46 [INFO] Host: chmod +x test.sh
- 05:53:46 [INFO] Target: 
chmod +x test.sh
root@GenericOMAP4(FlattenedDeviceTree):/test# 
- 05:53:46 [INFO] Host: ./test.sh 2> stderr.log > stdout.log 3> result.log
- 05:53:47 [INFO] Target: 
./test.sh 2> stderr.log > stdout.l 
og 3> result.log
root@GenericOMAP4(FlattenedDeviceTree):/test# 
- 05:53:47 [INFO] Host: echo $?
- 05:53:47 [INFO] Target: 
echo $?
root@GenericOMAP4(FlattenedDeviceTree):/test# 
- 05:53:48 [INFO] Host: cd /test
- 05:53:48 [INFO] Target: 
cd /test
root@GenericOMAP4(FlattenedDeviceTree):/test# 
- 05:53:48 [INFO] Host: cat stdout.log
- 05:53:50 [INFO] Target: 
cat stdout.log
cpuinfo:
processor	: 0
model name	: ARMv7 Processor rev 10 (v7l)
Features	: half thumb fastmult vfp edsp thumbee neon vfpv3 tls vfpd32 
CPU implementer	: 0x41
CPU architecture: 7
CPU variant	: 0x2
CPU part	: 0xc09
CPU revision	: 10
processor	: 1
model name	: ARMv7 Processor rev 10 (v7l)
Features	: half thumb fastmult vfp edsp thumbee neon vfpv3 tls vfpd32 
CPU implementer	: 0x41
CPU architecture: 7
CPU variant	: 0x2
CPU part	: 0xc09
CPU revision	: 10
Hardware	: Generic OMAP4 (Flattened Device Tree)
Revision	: 0000
Serial		: 0000000000000000
=======
soc info:
==> /sys/devices/soc0/family <==
OMAP4
==> /sys/devices/soc0/machine <==
OMAP4460
==> /sys/devices/soc0/power <==
==> /sys/devices/soc0/revision <==
ES1.1
==> /sys/devices/soc0/subsystem <==
==> /sys/devices/soc0/type <==
==> /sys/devices/soc0/uevent <==
=======
DT Model info
==> /proc/device-tree/name <==
==> /proc/device-tree/model <==
TI OMAP4 PandaBoard-ES
==> /proc/device-tree/compatible <==
ti,omap4-panda-esti,omap4-pandati,omap4460ti,omap4430ti,omap4
=======
interrupts:
           CPU0       CPU1       
 29:       1525       1551       GIC  29  twd
 39:          0          0       GIC  39  TWL6030-PIH
 41:          0          0       GIC  41  l3-dbg-irq
 42:          0          0       GIC  42  l3-app-irq
 44:          0          0       GIC  44  DMA
 45:       2371          0       GIC  45  omap-dma-engine
 52:          0          0       GIC  52  gpmc
 69:        442          0       GIC  69  gp_timer
 88:        278          0       GIC  88  48070000.i2c
 89:          0          0       GIC  89  48072000.i2c
 91:        144          0       GIC  91  mmc1
 93:          0          0       GIC  93  48060000.i2c
 94:          0          0       GIC  94  48350000.i2c
106:       3893          0       GIC 106  OMAP UART2
115:       4674          0       GIC 115  mmc0
151:          0          0       GIC 151  twl6040
158:          1          0       GIC 158  talert
246:          0          0  48057000.gpio  22  tshut
363:          1          0      PRCM  pinctrl, pinctrl
419:          1          0   pinctrl 260  OMAP UART2
421:          0          0   twl6030  11  rtc0
424:          0          0   twl6040   5  twl6040_irq_ready
425:          0          0   twl6040   0  twl6040_irq_th
IPI0:          0          1  CPU wakeup interrupts
IPI1:          0        189  Timer broadcast interrupts
IPI2:       1831       2325  Rescheduling interrupts
IPI3:          0          0  Function call interrupts
IPI4:        246        421  Single function call interrupts
IPI5:          0          0  CPU stop interrupts
IPI6:          1          0  IRQ work interrupts
IPI7:          0          0  completion interrupts
Err:          0
=======
Clk_summary:
   clock                         enable_cnt  prepare_cnt        rate   accuracy   phase
----------------------------------------------------------------------------------------
 dummy_ck                                 0            0           0          0 0  
 xclk60motg_ck                            0            0    60000000          0 0  
 xclk60mhsp2_ck                           0            0    60000000          0 0  
 xclk60mhsp1_ck                           0            0    60000000          0 0  
    utmi_p1_gfclk                         0            0    60000000          0 0  
       usb_host_hs_utmi_p1_clk            0            0    60000000          0 0  
 utmi_phy_clkout_ck                       0            1    60000000          0 0  
    otg_60m_gfclk                         0            1    60000000          0 0  
       usb_otg_hs_xclk                    0            1    60000000          0 0  
 tie_low_clock_ck                         0            0           0          0 0  
 virt_38400000_ck                         1            1    38400000          0 0  
    sys_clkin_ck                          6           15    38400000          0 0  
       auxclk5_src_ck                     0            0    38400000          0 0  
          auxclk5_ck                      0            0    38400000          0 0  
             auxclkreq5_ck                0            0    38400000          0 0  
       auxclk4_src_ck                     0            0    38400000          0 0  
          auxclk4_ck                      0            0    19200000          0 0  
             auxclkreq4_ck                0            0    19200000          0 0  
       auxclk3_src_ck                     0            0    38400000          0 0  
          auxclk3_ck                      0            0    19200000          0 0  
             auxclkreq3_ck                0            0    19200000          0 0  
       auxclk2_src_ck                     0            0    38400000          0 0  
          auxclk2_ck                      0            0    38400000          0 0  
             auxclkreq2_ck                0            0    38400000          0 0  
       auxclk1_src_ck                     0            0    38400000          0 0  
          auxclk1_ck                      0            0    38400000          0 0  
             auxclkreq1_ck                0            0    38400000          0 0  
       auxclk0_src_ck                     0            0    38400000          0 0  
          auxclk0_ck                      0            0    38400000          0 0  
             auxclkreq0_ck                0            0    38400000          0 0  
       dpll_usb_ck                        0            1   960000000          0 0  
          dpll_usb_m2_ck                  0            1   480000000          0 0  
             usb_host_hs_hsic480m_p2_clk           0            0   480000000          0 0  
             usb_host_hs_hsic480m_p1_clk           0            0   480000000          0 0  
             init_60m_fclk                0            1    60000000          0 0  
                usb_tll_hs_usb_ch1_clk           0            0    60000000          0 0  
                usb_tll_hs_usb_ch0_clk           0            0    60000000          0 0  
                usb_tll_hs_usb_ch2_clk           0            0    60000000          0 0  
                usb_host_hs_fck           0            1    60000000          0 0  
                usb_host_hs_hsic60m_p2_clk           0            0    60000000          0 0  
                usb_host_hs_hsic60m_p1_clk           0            0    60000000          0 0  
                usb_host_hs_utmi_p3_clk           0            0    60000000          0 0  
                utmi_p2_gfclk             0            0    60000000          0 0  
                   usb_host_hs_utmi_p2_clk           0            0    60000000          0 0  
          dpll_usb_clkdcoldo_ck           0            0   960000000          0 0  
       dpll_per_ck                        1            2   768000000          0 0  
          dpll_per_x2_ck                  1            3  1536000000          0 0  
             dpll_per_m3x2_ck             0            0   256000000          0 0  
             dpll_per_m7x2_ck             0            0   307200000          0 0  
             dpll_per_m6x2_ck             0            0   384000000          0 0  
             dpll_per_m5x2_ck             0            1   170666667          0 0  
                dss_dss_clk               0            5   170666667          0 0  
             dpll_per_m4x2_ck             0            1   128000000          0 0  
                usim_ck                   0            0     9142858          0 0  
                   usim_fclk              0            0     9142858          0 0  
                fdif_fck                  0            1   128000000          0 0  
                func_64m_fclk             0            0    64000000          0 0  
             dpll_per_m2x2_ck             1            6   192000000          0 0  
                hsi_fck                   0            1   192000000          0 0  
                func_96m_fclk             0            8    96000000          0 0  
                   hsmmc2_fclk            0            1    96000000          0 0  
                   hsmmc1_fclk            0            1    96000000          0 0  
                   mcbsp4_sync_mux_ck           0            2    96000000          0 0  
                      per_mcbsp4_gfclk           0            1    96000000          0 0  
                   iss_ctrlclk            0            1    96000000          0 0  
                func_48mc_fclk            0            1    48000000          0 0  
                   usb_host_hs_func48mclk           0            0    48000000          0 0  
                   usb_host_fs_fck           0            0    48000000          0 0  
                   dss_48mhz_clk           0            2    48000000          0 0  
                func_48m_fclk             4           12    48000000          0 0  
                   ocp2scp_usb_phy_phy_48m           0            1    48000000          0 0  
                func_24mc_fclk            0            1    24000000          0 0  
                   slimbus2_fclk_0           0            1    24000000          0 0  
                func_12m_fclk             0            1    12000000          0 0  
          dpll_per_m2_ck                  0            1    96000000          0 0  
             func_24m_clk                 0            1    24000000          0 0  
                slimbus1_fclk_1           0            1    24000000          0 0  
       per_hsd_byp_clk_mux_ck             0            0    38400000          0 0  
       pmd_trace_clk_mux_ck               0            1    38400000          0 0  
          trace_clk_div_div_ck            0            1    38400000          0 0  
             trace_clk_div_ck             0            1    38400000          0 0  
       pmd_stm_clock_mux_ck               0            0    38400000          0 0  
          stm_clk_div_ck                  0            0    19200000          0 0  
       l4_wkup_clk_mux_ck                12           15    38400000          0 0  
          smartreflex_mpu_fck             0            1    38400000          0 0  
          smartreflex_iva_fck             0            1    38400000          0 0  
          smartreflex_core_fck            0            1    38400000          0 0  
          div_ts_ck                       1            1     4800000          0 0  
             bandgap_ts_fclk              1            1     4800000          0 0  
       dpll_mpu_ck                        2            2   699977142          0 0  
          mpu_periphclk                   1            1   349988571          0 0  
          dpll_mpu_m2_ck                  1            1   699977142          0 0  
       iva_hsd_byp_clk_mux_ck             1            1    38400000          0 0  
          dpll_iva_ck                     1            1    38400000          0 0  
             dpll_iva_x2_ck               1            2    38400000          0 0  
                dpll_iva_m5x2_ck           1            2     9600000          0 0  
                dpll_iva_m4x2_ck           0            2     9600000          0 0  
       dpll_core_ck                       2            2   800000000          0 0  
          dpll_core_m2_ck                 1            1   800000000          0 0  
             ddrphy_ck                    2            2   400000000          0 0  
          dpll_core_x2_ck                 1            2  1600000000          0 0  
             dpll_core_m3x2_ck            0            0   320000000          0 0  
             dpll_core_m7x2_ck            0            1   320000000          0 0  
                sgx_clk_mux               0            1   320000000          0 0  
             dpll_core_m4x2_ck            0            0   200000000          0 0  
                dll_clk_div_ck            0            0   100000000          0 0  
             dpll_core_m5x2_ck            1            1   400000000          0 0  
                div_mpu_hs_clk            0            0   400000000          0 0  
                div_iva_hs_clk            0            0   400000000          0 0  
                div_core_ck               1            2   400000000          0 0  
                   ducati_clk_mux_ck           0            3   400000000          0 0  
                   l3_div_ck             41           43   200000000          0 0  
                      usb_otg_hs_ick           0            1   200000000          0 0  
                      sha2md5_fck           0            0   200000000          0 0  
                      dss_fck             7            8   200000000          0 0  
                      aes2_fck            0            0   200000000          0 0  
                      aes1_fck            0            0   200000000          0 0  
                      l4_div_ck          64           67   100000000          0 0  
                         usb_tll_hs_ick           0            1   100000000          0 0  
             dpll_core_m6x2_ck            0            0   266666667          0 0  
       core_hsd_byp_clk_mux_ck            0            0    38400000          0 0  
       cm2_dm9_mux                        0            1    38400000          0 0  
       cm2_dm4_mux                        0            1    38400000          0 0  
       cm2_dm3_mux                        0            1    38400000          0 0  
       cm2_dm2_mux                        0            1    38400000          0 0  
       cm2_dm11_mux                       0            1    38400000          0 0  
       cm2_dm10_mux                       0            1    38400000          0 0  
       syc_clk_div_ck                     0            5    38400000          0 0  
          timer8_sync_mux                 0            1    38400000          0 0  
          timer7_sync_mux                 0            1    38400000          0 0  
          timer6_sync_mux                 0            1    38400000          0 0  
          timer5_sync_mux                 0            1    38400000          0 0  
          dss_sys_clk                     0            4    38400000          0 0  
       dbgclk_mux_ck                      1            1    38400000          0 0  
       abe_dpll_bypass_clk_mux_ck           0            0    38400000          0 0  
 virt_27000000_ck                         0            0    27000000          0 0  
 virt_26000000_ck                         0            0    26000000          0 0  
 virt_19200000_ck                         0            0    19200000          0 0  
 virt_16800000_ck                         0            0    16800000          0 0  
 virt_13000000_ck                         0            0    13000000          0 0  
 virt_12000000_ck                         0            0    12000000          0 0  
 sys_32k_ck                               3           13       32768          0 0  
    usb_phy_cm_clk32k                     0            1       32768          0 0  
    gpio6_dbclk                           0            1       32768          0 0  
    gpio5_dbclk                           0            1       32768          0 0  
    gpio4_dbclk                           0            1       32768          0 0  
    gpio3_dbclk                           0            1       32768          0 0  
    gpio2_dbclk                           0            1       32768          0 0  
    dmt1_clk_mux                          1            1       32768          0 0  
    gpio1_dbclk                           0            1       32768          0 0  
    abe_dpll_refclk_mux_ck                1            1       32768          0 0  
       dpll_abe_ck                        1            2    98304000          0 0  
          dpll_abe_m2_ck                  0            1    98304000          0 0  
             per_abe_nc_fclk              0            0    98304000          0 0  
             per_abe_24m_fclk             0            1    24576000          0 0  
                slimbus2_fclk_1           0            1    24576000          0 0  
          dpll_abe_x2_ck                  1            1   196608000          0 0  
             dpll_abe_m3x2_ck             0            0    98304000          0 0  
                usb_hs_clk_div_ck           0            0    32768000          0 0  
                per_hs_clk_div_ck           0            0    49152000          0 0  
             dpll_abe_m2x2_ck             1            2    98304000          0 0  
                lp_clk_div_ck             0            0     6144000          0 0  
                abe_clk                   1            1    98304000          0 0  
                   aess_fclk              1            2    98304000          0 0  
                      ocp_abe_iclk          20           20    49152000          0 0  
                abe_24m_fclk              0            6    12288000          0 0  
                   mcbsp3_sync_mux_ck           0            2    12288000          0 0  
                      func_mcbsp3_gfclk           0            1    12288000          0 0  
                   mcbsp2_sync_mux_ck           0            2    12288000          0 0  
                      func_mcbsp2_gfclk           0            1    12288000          0 0  
                   mcbsp1_sync_mux_ck           0            2    12288000          0 0  
                      func_mcbsp1_gfclk           0            1    12288000          0 0  
                   mcasp_sync_mux_ck           0            1    12288000          0 0  
                      func_mcasp_abe_gfclk           0            1    12288000          0 0  
                   dmic_sync_mux_ck           0            1    12288000          0 0  
                      func_dmic_abe_gfclk           0            1    12288000          0 0  
                   slimbus1_fclk_0           0            1    12288000          0 0  
 slimbus_src_clk                          0            1    12000000          0 0  
    slimbus_clk                           0            1    12000000          0 0  
       slimbus1_slimbus_clk               0            1    12000000          0 0  
 secure_32k_clk_src_ck                    0            0       32768          0 0  
 pad_slimbus_core_clks_ck                 0            1    12000000          0 0  
    slimbus2_slimbus_clk                  0            1    12000000          0 0  
 pad_clks_src_ck                          0            1    12000000          0 0  
    pad_clks_ck                           0            6    12000000          0 0  
       slimbus1_fclk_2                    0            1    12000000          0 0  
 extalt_clkin_ck                          0            1    59000000          0 0  
    dss_tv_clk                            0            2    59000000          0 0  
=======
Orphan Clks:
=======
Available frequencies
=======
Hello World Board Booted
root@GenericOMAP4(FlattenedDeviceTree):/test# 
- 05:53:50 [INFO] Host: cat stderr.log
- 05:53:51 [INFO] Target: 
cat stderr.log
ls: /sys/kernel/debug/clk/orphans/: No such file or directory
root@GenericOMAP4(FlattenedDeviceTree):/test# 
- 05:53:51 [INFO] Host: cat result.log
- 05:53:53 [ERROR] On command: cat result.log waiting for (?m-ix:^1[\0\n\r]+) >>> error: execution expired
- 05:53:53 [INFO] Target: 
cat result.log
root@GenericOMAP4(FlattenedDeviceTree):/test# 
- 05:53:53 [INFO] Host: cd /test
- 05:53:54 [INFO] Target: 
cd /test
root@GenericOMAP4(FlattenedDeviceTree):/test# 
