- 05:37:25 [INFO] Starting target session
- 05:37:25 [INFO] Connected to sdp2430 via serial 
- 05:37:25 [INFO] Host: #check prompt
- 05:37:28 [ERROR] On command: #check prompt waiting for #check prompt.+?(?-mix:((?-mix:activate this console)|[Pp]assword)) >>> error: execution expired
- 05:37:28 [INFO] Target: 
#check prompt
/test # 
- 05:37:28 [INFO] Host: #check prompt
- 05:37:29 [INFO] Target: 
#check prompt
/test # 
- 05:37:29 [INFO] Host: sync;poweroff
- 05:37:31 [INFO] Target: 
sync;poweroff
/test # umount: devtmpfs busy - remounted read-only
umount: can't remount 192.168.1.254:/usr/workdir/filesys/linux/sdp2430 read-only
The system is going down NOW!
Sent SIGTERM to all processes
Sent SIGKILL to all processes
Requesting system poweroff
[12571.351593] reboot: System halted
- 05:37:31 [INFO] Disconnected serial from sdp2430
- 05:37:32 [INFO] Connected to sdp2430 via serial 
- 05:37:32 [INFO] Host: 
- 05:37:33 [ERROR] On command:  waiting for (?-mix:OMAP243X\sSDP\s#) >>> error: execution expired
- 05:37:33 [INFO] Target: 
- 05:37:33 [INFO] Host: 
- 05:37:33 [ERROR] On command:  waiting for (?-mix:OMAP243X\sSDP\s#) >>> error: execution expired
- 05:37:33 [INFO] Target: 
U-Boot 1.1.3 (Mar  2 2007 - 11:17:49)
U-Boot code: 80E80000 -> 80EA2A4C  BSS: -> 80EA8BF0
- 05:37:33 [INFO] Host: 
- 05:37:34 [ERROR] On command:  waiting for (?-mix:OMAP243X\sSDP\s#) >>> error: execution expired
- 05:37:34 [INFO] Target: 
OMAP2430C-GP revision 3, PRCM #2
TI 2430SDP 0.1 Version + mDDR (Boot NOR)
RAM Configuration:
Bank #0: 80000000 128 MB
Bank #1: 88000000  0 kB
Flash: 192 MB
NAND:64 MB
In:    serial
Out:   serial
Err:   serial
- 05:37:34 [INFO] Host: 
- 05:37:34 [INFO] Target: 
Hit any key to stop autoboot:  3  0 
OMAP243X SDP # 
OMAP243X SDP # 
- 05:37:34 [INFO] Host: version
- 05:37:35 [INFO] Target: 
version
U-Boot 1.1.3 (Mar  2 2007 - 11:17:49)
OMAP243X SDP # 
- 05:37:35 [INFO] Host: bdinfo
- 05:37:35 [INFO] Target: 
bdinfo
arch_number = 0x00000384
env_t       = 0x00000000
boot_params = 0x80000100
DRAM bank   = 0x00000000
-> start    = 0x80000000
-> size     = 0x08000000
DRAM bank   = 0x00000001
-> start    = 0x88000000
-> size     = 0x00000000
ethaddr     = 08:00:28:01:01:A0
ip_addr     = 128.247.91.37
baudrate    = 115200 bps
OMAP243X SDP # 
- 05:37:35 [INFO] Host: printenv
- 05:37:36 [INFO] Target: 
printenv
bootdelay=3
baudrate=115200
ethaddr=08:00:28:01:01:A0
bootcmd=dhcp;bootm
bootfile=/tftpboot/kernel/uImage.omap2430-sdp
gatewayip=128.247.90.1
netmask=255.255.254.0
hostname=dhcp-128-247-91-37
ipaddr=128.247.91.37
serverip=128.247.91.123
bootargs=console=ttyO0,115200n8 noinitrd debug ignore_loglevel earlyprintk ip=dhcp root=/dev/nfs rw nfsroot=128.247.91.123:/nfs/sdp2430/,nolock,wsize=1024,rsize=1024 rootwait init=/bin/sh nohlt
stdin=serial
stdout=serial
stderr=serial
Environment size: 472/131068 bytes
OMAP243X SDP # 
- 05:37:36 [INFO] Host: setenv autoload 'no'
- 05:37:36 [INFO] Target: 
setenv autoload 'no'
OMAP243X SDP # 
- 05:37:36 [INFO] Host: dhcp
- 05:37:38 [INFO] Target: 
dhcp
Using MAC Address 08:00:28:01:01:A0
BOOTP broadcast 1
DHCP client bound to address 192.168.1.182
OMAP243X SDP # 
- 05:37:38 [INFO] Host: setenv serverip 192.168.1.254
- 05:37:39 [INFO] Target: 
setenv serverip 192.168.1.254
OMAP243X SDP # 
- 05:37:39 [INFO] Host: setenv bootargs 'console=ttyO0,115200n8 earlyprintk rootwait ip=dhcp root=/dev/nfs rw nfsroot=192.168.1.254:/usr/workdir/filesys/linux/sdp2430,nolock,wsize=1024,rsize=1024 nohlt'
- 05:37:39 [INFO] Target: 
setenv bootargs 'console=ttyO0,115200n8 earlyprintk rootwait ip=dhcp root=/dev/nfs rw nfsroot=192.168.1.254:/usr/workdir/filesys/linux/sdp2430,nolock,wsize=1024,rsize=1024 nohlt'
OMAP243X SDP # 
- 05:37:39 [INFO] Host: setenv bootfile vatf_5/bf2c15be816cea4415789f0a43902874
- 05:37:40 [INFO] Target: 
setenv bootfile vatf_5/bf2c15be816cea4415789f0a43902874
OMAP243X SDP # 
- 05:37:40 [INFO] Host: setenv bootcmd 'tftp ${loadaddr};bootm ${loadaddr}'
- 05:37:40 [INFO] Target: 
setenv bootcmd 'tftp ${loadaddr};bootm ${loadaddr}'
OMAP243X SDP # 
- 05:37:40 [INFO] Host: printenv
- 05:37:41 [INFO] Target: 
printenv
bootdelay=3
baudrate=115200
ethaddr=08:00:28:01:01:A0
hostname=dhcp-128-247-91-37
stdin=serial
stdout=serial
stderr=serial
autoload=no
gatewayip=192.168.1.254
netmask=255.255.255.0
ipaddr=192.168.1.182
serverip=192.168.1.254
bootargs=console=ttyO0,115200n8 earlyprintk rootwait ip=dhcp root=/dev/nfs rw nfsroot=192.168.1.254:/usr/workdir/filesys/linux/sdp2430,nolock,wsize=1024,rsize=1024 nohlt
bootfile=vatf_5/bf2c15be816cea4415789f0a43902874
bootcmd=tftp ${loadaddr};bootm ${loadaddr}
Environment size: 487/131068 bytes
OMAP243X SDP # 
- 05:37:41 [INFO] Host: boot
- 05:38:05 [INFO] Target: 
boot
Using MAC Address 08:00:28:01:01:A0
TFTP from server 192.168.1.254; our IP address is 192.168.1.182
Filename 'vatf_5/bf2c15be816cea4415789f0a43902874'.
Load address: 0x80000000
Loading: *#################################################################
	 #################################################################
	 #################################################################
	 #################################################################
	 #################################################################
	 #################################################################
	 #################################################################
	 #################################################################
	 #################################################################
	 #################################################################
	 ##########################
done
Bytes transferred = 3457951 (34c39f hex)
## Booting image at 80000000 ...
   Image Name:   Linux-4.0.0-rc6-next-20150402-00
   Image Type:   ARM Linux Kernel Image (uncompressed)
   Data Size:    3457887 Bytes =  3.3 MB
   Load Address: 80800000
   Entry Point:  80800000
   Verifying Checksum ... OK
Starting kernel ...
[    0.000000] Booting Linux on physical CPU 0x0
[    0.000000] Initializing cgroup subsys cpuset
[    0.000000] Initializing cgroup subsys cpu
[    0.000000] Initializing cgroup subsys cpuacct
[    0.000000] Linux version 4.0.0-rc6-next-20150402-00002-g638e254d65f5 (nmenon@kahuna) (gcc version 4.6.3 (Ubuntu/Linaro 4.6.3-1ubuntu5) ) #1 SMP Mon Apr 6 05:33:53 CDT 2015
[    0.000000] CPU: ARMv6-compatible processor [4107b366] revision 6 (ARMv6TEJ), cr=00c5387d
[    0.000000] CPU: VIPT aliasing data cache, VIPT aliasing instruction cache
[    0.000000] Machine model: TI OMAP2430 SDP
[    0.000000] earlycon: no match for ttyO0,115200n8
[    0.000000] cma: Reserved 16 MiB at 0x86800000
[    0.000000] Memory policy: Data cache writeback
[    0.000000] CPU: All CPU(s) started in SVC mode.
[    0.000000] OMAP2430
[    0.000000] 
[    0.000000] PERCPU: Embedded 12 pages/cpu @c7d6f000 s18688 r8192 d22272 u49152
[    0.000000] Built 1 zonelists in Zone order, mobility grouping on.  Total pages: 32224
[    0.000000] Kernel command line: console=ttyO0,115200n8 earlyprintk rootwait ip=dhcp root=/dev/nfs rw nfsroot=192.168.1.254:/usr/workdir/filesys/linux/sdp2430,nolock,wsize=1024,rsize=1024 nohlt
[    0.000000] PID hash table entries: 512 (order: -1, 2048 bytes)
[    0.000000] Dentry cache hash table entries: 16384 (order: 4, 65536 bytes)
[    0.000000] Inode-cache hash table entries: 8192 (order: 3, 32768 bytes)
[    0.000000] Memory: 94124K/130048K available (6214K kernel code, 584K rwdata, 2312K rodata, 440K init, 8220K bss, 19540K reserved, 16384K cma-reserved, 0K highmem)
[    0.000000] Virtual kernel memory layout:
[    0.000000]     vector  : 0xffff0000 - 0xffff1000   (   4 kB)
[    0.000000]     fixmap  : 0xffc00000 - 0xfff00000   (3072 kB)
[    0.000000]     vmalloc : 0xc8800000 - 0xff000000   ( 872 MB)
[    0.000000]     lowmem  : 0xc0000000 - 0xc8000000   ( 128 MB)
[    0.000000]     pkmap   : 0xbfe00000 - 0xc0000000   (   2 MB)
[    0.000000]     modules : 0xbf000000 - 0xbfe00000   (  14 MB)
[    0.000000]       .text : 0xc0008000 - 0xc085ba8c   (8527 kB)
[    0.000000]       .init : 0xc085c000 - 0xc08ca000   ( 440 kB)
[    0.000000]       .data : 0xc08ca000 - 0xc095c058   ( 585 kB)
[    0.000000]        .bss : 0xc095f000 - 0xc1166348   (8221 kB)
[    0.000000] Running RCU self tests
[    0.000000] Hierarchical RCU implementation.
[    0.000000] 	RCU lockdep checking is enabled.
[    0.000000] 	Additional per-CPU info printed with stalls.
[    0.000000] 	RCU restricting CPUs from NR_CPUS=2 to nr_cpu_ids=1.
[    0.000000] RCU: Adjusting geometry for rcu_fanout_leaf=16, nr_cpu_ids=1
[    0.000000] NR_IRQS:16 nr_irqs:16 16
[    0.000000] IRQ: Found an INTC at 0xfa0fe000 (revision 3.0) with 96 interrupts
[    0.000000] Clocking rate (Crystal/DPLL/MPU): 13.0/660/330 MHz
[    0.000000] OMAP clockevent source: timer1 at 32768 Hz
[    0.000000] clocksource 32k_counter: mask: 0xffffffff max_cycles: 0xffffffff, max_idle_ns: 58327039986419 ns
[    0.000030] sched_clock: 32 bits at 32kHz, resolution 30517ns, wraps every 65535999984741ns
[    0.000061] OMAP clocksource: 32k_counter at 32768 Hz
[    0.000518] hw-breakpoint: CPUID feature registers not supported. Assuming v6 debug is present.
[    0.002746] Console: colour dummy device 80x30
[    0.002929] Lock dependency validator: Copyright (c) 2006 Red Hat, Inc., Ingo Molnar
[    0.002960] ... MAX_LOCKDEP_SUBCLASSES:  8
[    0.002960] ... MAX_LOCK_DEPTH:          48
[    0.002990] ... MAX_LOCKDEP_KEYS:        8191
[    0.003021] ... CLASSHASH_SIZE:          4096
[    0.003051] ... MAX_LOCKDEP_ENTRIES:     32768
[    0.003051] ... MAX_LOCKDEP_CHAINS:      65536
[    0.003082] ... CHAINHASH_SIZE:          32768
[    0.003112]  memory used by lock dependency info: 5167 kB
[    0.003143]  per task-struct memory footprint: 1152 bytes
[    0.003204] Calibrating delay loop... 326.86 BogoMIPS (lpj=1634304)
[    0.115661] pid_max: default: 32768 minimum: 301
[    0.116699] Security Framework initialized
[    0.117187] Mount-cache hash table entries: 1024 (order: 0, 4096 bytes)
[    0.117248] Mountpoint-cache hash table entries: 1024 (order: 0, 4096 bytes)
[    0.127410] Initializing cgroup subsys blkio
[    0.127502] Initializing cgroup subsys memory
[    0.127716] Initializing cgroup subsys devices
[    0.127990] Initializing cgroup subsys freezer
[    0.128448] Initializing cgroup subsys perf_event
[    0.128662] CPU: Testing write buffer coherency: ok
[    0.133270] missing device node for CPU 0
[    0.133331] CPU0: thread -1, cpu 0, socket -1, mpidr 4107b366
[    0.133575] Setting up static identity map for 0x80008280 - 0x800082f0
[    0.147674] Brought up 1 CPUs
[    0.147705] SMP: Total of 1 processors activated (326.86 BogoMIPS).
[    0.147735] CPU: All CPU(s) started in SVC mode.
[    0.159332] devtmpfs: initialized
[    0.183990] VFP support v0.3: implementor 41 architecture 1 part 20 variant b rev 2
[    0.284606] omap_hwmod: usb_otg_hs: _wait_target_ready failed: -16
[    0.284637] omap_hwmod: usb_otg_hs: cannot be enabled for reset (3)
[    0.305450] clocksource jiffies: mask: 0xffffffff max_cycles: 0xffffffff, max_idle_ns: 19112604462750000 ns
[    0.311920] pinctrl core: initialized pinctrl subsystem
[    0.465148] NET: Registered protocol family 16
[    0.485504] DMA: preallocated 256 KiB pool for atomic coherent allocations
[    0.491882] cpuidle: using governor ladder
[    0.491973] cpuidle: using governor menu
[    0.554321] omap_gpio 4900c000.gpio: Could not get gpio dbck
[    0.560638] OMAP GPIO hardware version 2.4
[    0.563171] omap_gpio 4900e000.gpio: Could not get gpio dbck
[    0.569610] omap_gpio 49010000.gpio: Could not get gpio dbck
[    0.575531] omap_gpio 49012000.gpio: Could not get gpio dbck
[    0.581573] omap_gpio 480b6000.gpio: Could not get gpio dbck
[    0.588073] omap-gpmc 6e000000.gpmc: GPMC revision 3.0
[    0.602600] No ATAGs?
[    0.602783] hw-breakpoint: found 6 breakpoint and 1 watchpoint registers.
[    0.602813] hw-breakpoint: maximum watchpoint size is 4 bytes.
[    0.609771] OMAP DMA hardware revision 4.0
[    0.792816] omap-dma-engine 48056000.dma-controller: OMAP DMA engine driver
[    0.804351] SCSI subsystem initialized
[    0.813049] omap_i2c 48070000.i2c: bus 0 rev3.3 at 100 kHz
[    0.817932] omap_i2c 48072000.i2c: bus 1 rev3.3 at 100 kHz
[    0.832397] Switched to clocksource 32k_counter
[    1.318756] NET: Registered protocol family 2
[    1.325134] TCP established hash table entries: 1024 (order: 0, 4096 bytes)
[    1.325561] TCP bind hash table entries: 1024 (order: 3, 36864 bytes)
[    1.326721] TCP: Hash tables configured (established 1024 bind 1024)
[    1.327270] UDP hash table entries: 256 (order: 2, 20480 bytes)
[    1.327911] UDP-Lite hash table entries: 256 (order: 2, 20480 bytes)
[    1.330902] NET: Registered protocol family 1
[    1.336486] RPC: Registered named UNIX socket transport module.
[    1.336547] RPC: Registered udp transport module.
[    1.336578] RPC: Registered tcp transport module.
[    1.336608] RPC: Registered tcp NFSv4.1 backchannel transport module.
[    1.341705] CPU PMU: Failed to parse <no-node>/interrupt-affinity[0]
[    1.342163] hw perfevents: enabled with armv6_1136 PMU driver, 3 counters available
[    1.359008] futex hash table entries: 256 (order: 2, 16384 bytes)
[    1.359771] audit: initializing netlink subsys (disabled)
[    1.360473] audit: type=2000 audit(1.340:1): initialized
[    1.375640] VFS: Disk quotas dquot_6.5.2
[    1.376068] VFS: Dquot-cache hash table entries: 1024 (order 0, 4096 bytes)
[    1.384124] NFS: Registering the id_resolver key type
[    1.385589] Key type id_resolver registered
[    1.385650] Key type id_legacy registered
[    1.386260] jffs2: version 2.2. (NAND) (SUMMARY)   2001-2006 Red Hat, Inc.
[    1.404052] io scheduler noop registered
[    1.404144] io scheduler deadline registered
[    1.404266] io scheduler cfq registered (default)
[    1.411621] pinctrl-single 49002030.pinmux: 340 pins at pa fb002030 size 340
[    1.420501] Serial: 8250/16550 driver, 4 ports, IRQ sharing enabled
[    1.440460] omap_uart 4806a000.serial: no wakeirq for uart0
[    1.442474] 4806a000.serial: ttyO0 at MMIO 0x4806a000 (irq = 88, base_baud = 3000000) is a OMAP UART0
[    2.225463] console [ttyO0] enabled
[    2.236419] omap_uart 4806c000.serial: no wakeirq for uart1
[    2.243408] 4806c000.serial: ttyO1 at MMIO 0x4806c000 (irq = 89, base_baud = 3000000) is a OMAP UART1
[    2.256958] omap_uart 4806e000.serial: no wakeirq for uart2
[    2.263854] 4806e000.serial: ttyO2 at MMIO 0x4806e000 (irq = 90, base_baud = 3000000) is a OMAP UART2
[    2.369567] brd: module loaded
[    2.431945] loop: module loaded
[    2.473632] twl 1-0048: PIH (irq 23) chaining IRQs 274..282
[    2.480621] twl 1-0048: power (irq 279) chaining IRQs 282..289
[    2.553253] 
[    2.554840] =====================================
[    2.559814] [ BUG: swapper/0/1 still has locks held! ]
[    2.565368] 4.0.0-rc6-next-20150402-00002-g638e254d65f5 #1 Not tainted
[    2.572326] -------------------------------------
[    2.577301] 4 locks held by swapper/0/1:
[    2.581420]  #0:  (&dev->mutex){......}, at: [<c03d9c0c>] __driver_attach+0x48/0x98
[    2.589691]  #1:  (&dev->mutex){......}, at: [<c03d9c1c>] __driver_attach+0x58/0x98
[    2.597930]  #2:  (&dev->mutex){......}, at: [<c03d98c8>] device_attach+0x18/0x8c
[    2.605987]  #3:  (regulator_list_mutex){+.+.+.}, at: [<c03a24b4>] regulator_register+0x150/0xe40
[    2.615509] 
[    2.615509] stack backtrace:
[    2.620117] CPU: 0 PID: 1 Comm: swapper/0 Not tainted 4.0.0-rc6-next-20150402-00002-g638e254d65f5 #1
[    2.629821] Hardware name: Generic OMAP2430 (Flattened Device Tree)
[    2.636566] [<c0016334>] (unwind_backtrace) from [<c0012878>] (show_stack+0x10/0x14)
[    2.644836] [<c0012878>] (show_stack) from [<c05dd5dc>] (dump_stack+0x78/0x94)
[    2.652557] [<c05dd5dc>] (dump_stack) from [<c05e3134>] (schedule_hrtimeout_range_clock+0x18c/0x25c)
[    2.662292] [<c05e3134>] (schedule_hrtimeout_range_clock) from [<c00a7354>] (usleep_range+0x48/0x50)
[    2.672058] [<c00a7354>] (usleep_range) from [<c039fed0>] (_regulator_do_enable+0xa4/0x270)
[    2.680877] [<c039fed0>] (_regulator_do_enable) from [<c03a2e8c>] (regulator_register+0xb28/0xe40)
[    2.690429] [<c03a2e8c>] (regulator_register) from [<c03a3a80>] (devm_regulator_register+0x38/0x6c)
[    2.700073] [<c03a3a80>] (devm_regulator_register) from [<c03a9e9c>] (twlreg_probe+0x118/0x29c)
[    2.709350] [<c03a9e9c>] (twlreg_probe) from [<c03db09c>] (platform_drv_probe+0x48/0x98)
[    2.717987] [<c03db09c>] (platform_drv_probe) from [<c03d9b08>] (driver_probe_device+0x1b0/0x26c)
[    2.727447] [<c03d9b08>] (driver_probe_device) from [<c03d832c>] (bus_for_each_drv+0x5c/0x88)
[    2.736541] [<c03d832c>] (bus_for_each_drv) from [<c03d9924>] (device_attach+0x74/0x8c)
[    2.745056] [<c03d9924>] (device_attach) from [<c03d9034>] (bus_probe_device+0x88/0xb0)
[    2.753601] [<c03d9034>] (bus_probe_device) from [<c03d7554>] (device_add+0x324/0x520)
[    2.762054] [<c03d7554>] (device_add) from [<c04c7f54>] (of_platform_device_create_pdata+0x7c/0xb4)
[    2.771636] [<c04c7f54>] (of_platform_device_create_pdata) from [<c04c8068>] (of_platform_bus_create+0xdc/0x190)
[    2.782470] [<c04c8068>] (of_platform_bus_create) from [<c04c817c>] (of_platform_populate+0x60/0xa8)
[    2.792205] [<c04c817c>] (of_platform_populate) from [<c03fa610>] (twl_probe+0x380/0x5d8)
[    2.800842] [<c03fa610>] (twl_probe) from [<c0490bcc>] (i2c_device_probe+0x10c/0x154)
[    2.809204] [<c0490bcc>] (i2c_device_probe) from [<c03d9b08>] (driver_probe_device+0x1b0/0x26c)
[    2.818481] [<c03d9b08>] (driver_probe_device) from [<c03d9c58>] (__driver_attach+0x94/0x98)
[    2.827484] [<c03d9c58>] (__driver_attach) from [<c03d83ac>] (bus_for_each_dev+0x54/0x88)
[    2.836212] [<c03d83ac>] (bus_for_each_dev) from [<c03d9230>] (bus_add_driver+0xdc/0x1d4)
[    2.844909] [<c03d9230>] (bus_add_driver) from [<c03da42c>] (driver_register+0x78/0xf4)
[    2.853454] [<c03da42c>] (driver_register) from [<c0493eac>] (i2c_register_driver+0x2c/0x78)
[    2.862457] [<c0493eac>] (i2c_register_driver) from [<c0009784>] (do_one_initcall+0x80/0x1d8)
[    2.871459] [<c0009784>] (do_one_initcall) from [<c085ce74>] (kernel_init_freeable+0x1f4/0x2cc)
[    2.880737] [<c085ce74>] (kernel_init_freeable) from [<c05d8618>] (kernel_init+0x8/0xe4)
[    2.889343] [<c05d8618>] (kernel_init) from [<c000f490>] (ret_from_fork+0x14/0x24)
[    2.949279] twl4030_gpio twl4030-gpio: gpio (irq 274) chaining IRQs 290..307
[    2.958526] gpiochip_find_base: found new base at 494
[    2.964599] gpiochip_add: registered GPIOs 494 to 511 on device: twl4030
[    2.983306] mtdoops: mtd device (mtddev=name/number) must be supplied
[    3.000793] smc91x 8000300.ethernet: GPIO lookup for consumer power
[    3.007598] smc91x 8000300.ethernet: using device tree for GPIO lookup
[    3.014617] of_get_named_gpiod_flags: can't parse 'power-gpios' property of node '/ocp/gpmc@6e000000/ethernet@gpmc[0]'
[    3.026000] of_get_named_gpiod_flags: can't parse 'power-gpio' property of node '/ocp/gpmc@6e000000/ethernet@gpmc[0]'
[    3.037261] smc91x 8000300.ethernet: using lookup tables for GPIO lookup
[    3.044433] smc91x 8000300.ethernet: lookup for GPIO power failed
[    3.050903] smc91x 8000300.ethernet: GPIO lookup for consumer reset
[    3.057617] smc91x 8000300.ethernet: using device tree for GPIO lookup
[    3.064575] of_get_named_gpiod_flags: can't parse 'reset-gpios' property of node '/ocp/gpmc@6e000000/ethernet@gpmc[0]'
[    3.075958] of_get_named_gpiod_flags: can't parse 'reset-gpio' property of node '/ocp/gpmc@6e000000/ethernet@gpmc[0]'
[    3.087219] smc91x 8000300.ethernet: using lookup tables for GPIO lookup
[    3.094390] smc91x 8000300.ethernet: lookup for GPIO reset failed
[    3.100891] smc91x.c: v1.1, sep 22 2004 by Nicolas Pitre <nico@fluxnic.net>
[    3.111297] smc91x 8000300.ethernet eth0: SMC91C94 (rev 9) at c890a300 IRQ 261
[    3.119079] 
[    3.120666] smc91x 8000300.ethernet eth0: Ethernet addr: 08:00:28:01:01:a0
[    3.134216] mousedev: PS/2 mouse device common for all mice
[    3.140167] i2c /dev entries driver
[    3.146087] Driver 'mmcblk' needs updating - please use bus_type methods
[    3.155487] omap_hsmmc 4809c000.mmc: GPIO lookup for consumer cd
[    3.161987] omap_hsmmc 4809c000.mmc: using device tree for GPIO lookup
[    3.168914] of_get_named_gpiod_flags: can't parse 'cd-gpios' property of node '/ocp/mmc@4809c000[0]'
[    3.178649] of_get_named_gpiod_flags: can't parse 'cd-gpio' property of node '/ocp/mmc@4809c000[0]'
[    3.188262] omap_hsmmc 4809c000.mmc: using lookup tables for GPIO lookup
[    3.195434] omap_hsmmc 4809c000.mmc: lookup for GPIO cd failed
[    3.201599] omap_hsmmc 4809c000.mmc: GPIO lookup for consumer wp
[    3.208038] omap_hsmmc 4809c000.mmc: using device tree for GPIO lookup
[    3.215026] of_get_named_gpiod_flags: can't parse 'wp-gpios' property of node '/ocp/mmc@4809c000[0]'
[    3.224731] of_get_named_gpiod_flags: can't parse 'wp-gpio' property of node '/ocp/mmc@4809c000[0]'
[    3.234344] omap_hsmmc 4809c000.mmc: using lookup tables for GPIO lookup
[    3.241455] omap_hsmmc 4809c000.mmc: lookup for GPIO wp failed
[    3.292480] omap_hsmmc 480b4000.mmc: GPIO lookup for consumer cd
[    3.298858] omap_hsmmc 480b4000.mmc: using device tree for GPIO lookup
[    3.305877] of_get_named_gpiod_flags: can't parse 'cd-gpios' property of node '/ocp/mmc@480b4000[0]'
[    3.315612] of_get_named_gpiod_flags: can't parse 'cd-gpio' property of node '/ocp/mmc@480b4000[0]'
[    3.325256] omap_hsmmc 480b4000.mmc: using lookup tables for GPIO lookup
[    3.332397] omap_hsmmc 480b4000.mmc: lookup for GPIO cd failed
[    3.338592] omap_hsmmc 480b4000.mmc: GPIO lookup for consumer wp
[    3.345031] omap_hsmmc 480b4000.mmc: using device tree for GPIO lookup
[    3.351989] of_get_named_gpiod_flags: can't parse 'wp-gpios' property of node '/ocp/mmc@480b4000[0]'
[    3.361633] of_get_named_gpiod_flags: can't parse 'wp-gpio' property of node '/ocp/mmc@480b4000[0]'
[    3.371246] omap_hsmmc 480b4000.mmc: using lookup tables for GPIO lookup
[    3.378417] omap_hsmmc 480b4000.mmc: lookup for GPIO wp failed
[    3.385223] 480b4000.mmc supply vmmc not found, using dummy regulator
[    3.392456] omap_hsmmc 480b4000.mmc: could not set regulator OCR (-22)
[    3.399932] omap_hsmmc 480b4000.mmc: could not set regulator OCR (-22)
[    3.442718] ledtrig-cpu: registered to indicate activity on CPUs
[    3.451171] oprofile: using arm/armv6
[    3.456146] Initializing XFRM netlink socket
[    3.460784] NET: Registered protocol family 17
[    3.465728] NET: Registered protocol family 15
[    3.470855] Key type dns_resolver registered
[    3.475921] SmartReflex Class3 initialized
[    3.495178] rtc_hctosys: unable to open rtc device (rtc0)
[    3.500915] sr_init: No PMIC hook to init smartreflex
[    3.506896] sr_init: platform driver register failed for SR
[    3.552764] smc91x 8000300.ethernet eth0: link up
[    3.572021] Sending DHCP requests ., OK
[    3.622558] IP-Config: Got DHCP answer from 192.168.1.254, my address is 192.168.1.182
[    3.631530] IP-Config: Complete:
[    3.635162]      device=eth0, hwaddr=08:00:28:01:01:a0, ipaddr=192.168.1.182, mask=255.255.255.0, gw=192.168.1.254
[    3.646209]      host=192.168.1.182, domain=ti.com, nis-domain=(none)
[    3.653106]      bootserver=192.168.1.254, rootserver=192.168.1.254, rootpath=
[    3.660552]      nameserver0=192.0.2.2, nameserver1=192.0.2.3
[    3.669677] VUSB3V1: disabling
[    3.697235] VFS: Mounted root (nfs filesystem) on device 0:15.
[    3.704864] devtmpfs: mounted
[    3.709899] Freeing unused kernel memory: 440K (c085c000 - c08ca000)
Mounting proc : OK
Mounting sysfs : OK
Mounting devtmpfs:mount: mounting none on /dev failed: Device or resource busy
boot mounted: OK
/dev/ttyO0 linked to /dev/tty-bd - using as console
******************************************
Starting System Init for GenericOMAP2430(FlattenedDeviceTree)
Release: X.x
Kernel: Linux GenericOMAP2430(FlattenedDeviceTree) 4.0.0-rc6-next-20150402-00002-g638e254d65f5 #1 SMP Mon Apr 6 05:33:53 CDT 2015 armv6l GNU/Linux
******************************************
Saving kernel ring buffer : OK
Mounting devpts : OK
Setting up networking
Configuring lo : OK
Configuring eth0 : OK - 192.168.1.182
Starting telnetd : OK
Starting syslogd : OK
Starting klogd : OK
Mounting filesystems : OK
mount: mounting none on /proc/bus/usb/ failed: No such file or directory
Please press Enter to activate this console. 
- 05:38:05 [INFO] Host: root
- 05:38:06 [INFO] Target: 
root
/ # 
- 05:38:06 [INFO] Host: uname -a
- 05:38:06 [INFO] Target: 
uname -a
Linux GenericOMAP2430(FlattenedDeviceTree) 4.0.0-rc6-next-20150402-00002-g638e254d65f5 #1 SMP Mon Apr 6 05:33:53 CDT 2015 armv6l GNU/Linux
/ # 
- 05:38:06 [INFO] Host: cat /proc/cmdline
- 05:38:07 [INFO] Target: 
cat /proc/cmdline
console=ttyO0,115200n8 earlyprintk rootwait ip=dhcp root=/dev/nfs rw nfsroot=192.168.1.254:/usr/workdir/filesys/linux/sdp2430,nolock,wsize=1024,rsize=1024 nohlt
/ # 
- 05:38:07 [INFO] Host: uname -a
- 05:38:07 [INFO] Target: 
uname -a
Linux GenericOMAP2430(FlattenedDeviceTree) 4.0.0-rc6-next-20150402-00002-g638e254d65f5 #1 SMP Mon Apr 6 05:33:53 CDT 2015 armv6l GNU/Linux
/ # 
- 05:38:07 [INFO] Host: cat /proc/mtd
- 05:38:08 [INFO] Target: 
cat /proc/mtd
dev:    size   erasesize  name
/ # 
- 05:38:20 [INFO] Host: export IPERFHOST=192.168.1.254
- 05:38:20 [INFO] Target: 
export IPERFHOST=192.168.1.254
/ # 
- 05:38:20 [INFO] Host: export NFS_SERVER=192.168.1.254
- 05:38:21 [INFO] Target: 
export NFS_SERVER=192.168.1.254
/ # 
- 05:38:21 [INFO] Host: export NFS_ROOT_PATH=/usr/workdir/filesys/linux/sdp2430
- 05:38:21 [INFO] Target: 
export NFS_ROOT_PATH=/usr/workdir/filesys/linux/sdp2430
/ # 
- 05:38:21 [INFO] Host: mkdir -p -m 777 /test
- 05:38:22 [INFO] Target: 
mkdir -p -m 777 /test
/ # 
- 05:38:22 [INFO] Host: cd /test
- 05:38:22 [INFO] Target: 
cd /test
/test # 
- 05:38:22 [INFO] Host: cat > test.sh << EOF
- 05:38:23 [INFO] Target: 
cat > test.sh << EOF
- 05:38:23 [INFO] Host: failtest() {
- 05:38:23 [INFO] Target: 
failtest() {
- 05:38:23 [INFO] Host:   echo 1 >&3
- 05:38:24 [INFO] Target: 
  echo 1 >&3
- 05:38:24 [INFO] Host: }
- 05:38:24 [INFO] Target: 
- 05:38:24 [INFO] Host: timeout=600
- 05:38:25 [INFO] Target: 
timeout=600
- 05:38:25 [INFO] Host: 
- 05:38:25 [INFO] Target: 
- 05:38:25 [INFO] Host: # Start of user's script logic
- 05:38:26 [INFO] Target: 
# Start of user's script logic
- 05:38:26 [INFO] Host: 
- 05:38:27 [INFO] Target: 
- 05:38:27 [INFO] Host: 
- 05:38:27 [INFO] Target: 
- 05:38:27 [INFO] Host: mount -t proc proc /proc 2>/dev/null;
- 05:38:28 [INFO] Target: 
mount -t proc proc /proc 2>/dev/null;
- 05:38:28 [INFO] Host: 
- 05:38:28 [INFO] Target: 
- 05:38:28 [INFO] Host: mount -t sysfs sys /sys 2>/dev/null;
- 05:38:29 [INFO] Target: 
mount -t sysfs sys /sys 2>/dev/null;
- 05:38:29 [INFO] Host: 
- 05:38:29 [INFO] Target: 
- 05:38:29 [INFO] Host: mount -t debugfs none /sys/kernel/debug 2>/dev/null;
- 05:38:30 [INFO] Target: 
mount -t debugfs none /sys/kernel/debug 2>/dev/null;
- 05:38:30 [INFO] Host: 
- 05:38:30 [INFO] Target: 
- 05:38:30 [INFO] Host: echo 'cpuinfo:';cat /proc/cpuinfo; echo '=======';
- 05:38:31 [INFO] Target: 
echo 'cpuinfo:';cat /proc/cpuinfo; echo '=======';
- 05:38:31 [INFO] Host: 
- 05:38:31 [INFO] Target: 
- 05:38:31 [INFO] Host: echo 'soc info:';head /sys/devices/soc0/* 2>/dev/null; echo '=======';
- 05:38:32 [INFO] Target: 
echo 'soc info:';head /sys/devices/soc0/* 2>/dev/null; echo '=======';
- 05:38:32 [INFO] Host: 
- 05:38:32 [INFO] Target: 
- 05:38:32 [INFO] Host: echo 'DT Model info'; head /proc/device-tree/name /proc/device-tree/model /proc/device-tree/compatible 2>/dev/null;echo; echo '=======';
- 05:38:33 [INFO] Target: 
echo 'DT Model info'; head /proc/device-tree/name /proc/device-tree/model /pro
c/device-tree/compatible 2>/dev/null;echo; echo '=======';
- 05:38:33 [INFO] Host: 
- 05:38:33 [INFO] Target: 
- 05:38:33 [INFO] Host: echo 'interrupts:';cat /proc/interrupts; echo '=======';
- 05:38:34 [INFO] Target: 
echo 'interrupts:';cat [   35.325622] random: nonblocking pool is initialized
/proc/interrupts; echo '=======';
- 05:38:34 [INFO] Host: 
- 05:38:34 [INFO] Target: 
- 05:38:34 [INFO] Host: echo 'Clk_summary:';cat /sys/kernel/debug/clk/clk_summary; echo '=======';
- 05:38:35 [INFO] Target: 
echo 'Clk_summary:';cat /sys/kernel/debug/clk/clk_summary; echo '=======';
- 05:38:35 [INFO] Host: 
- 05:38:35 [INFO] Target: 
- 05:38:35 [INFO] Host: echo 'Orphan Clks:';ls /sys/kernel/debug/clk/orphans/; echo '=======';
- 05:38:36 [INFO] Target: 
echo 'Orphan Clks:';ls /sys/kernel/debug/clk/orphans/; echo '=======';
- 05:38:36 [INFO] Host: 
- 05:38:36 [INFO] Target: 
- 05:38:36 [INFO] Host: echo "Available frequencies"; cat /sys/devices/system/cpu/cpu0/cpufreq/scaling_available_frequencies 2>/dev/null;echo '=======';
- 05:38:37 [INFO] Target: 
echo "Available frequencies"; cat /sys/devices/system/cpu/cpu0/cpufreq/scaling
_available_frequencies 2>/dev/null;echo '=======';
- 05:38:37 [INFO] Host: 
- 05:38:37 [INFO] Target: 
- 05:38:37 [INFO] Host: echo 'H''ello World' 'B''oard Booted';
- 05:38:38 [INFO] Target: 
echo 'H''ello World' 'B''oard Booted';
- 05:38:38 [INFO] Host: 
- 05:38:38 [INFO] Target: 
- 05:38:38 [INFO] Host: EOF
- 05:38:39 [INFO] Target: 
/test # 
- 05:38:39 [INFO] Host: cd /test
- 05:38:39 [INFO] Target: 
cd /test
/test # 
- 05:38:39 [INFO] Host: chmod +x test.sh
- 05:38:40 [INFO] Target: 
chmod +x test.sh
/test # 
- 05:38:40 [INFO] Host: ./test.sh 2> stderr.log > stdout.log 3> result.log
- 05:38:40 [INFO] Target: 
./test.sh 2> stderr.log > stdout.log 3> result.log
/test # 
- 05:38:40 [INFO] Host: echo $?
- 05:38:41 [INFO] Target: 
echo $?
/test # 
- 05:38:41 [INFO] Host: cd /test
- 05:38:41 [INFO] Target: 
cd /test
/test # 
- 05:38:41 [INFO] Host: cat stdout.log
- 05:38:43 [INFO] Target: 
cat stdout.log
cpuinfo:
processor	: 0
model name	: ARMv6-compatible processor rev 6 (v6l)
BogoMIPS	: 326.86
Features	: swp half thumb fastmult vfp edsp java 
CPU implementer	: 0x41
CPU architecture: 6TEJ
CPU variant	: 0x0
CPU part	: 0xb36
CPU revision	: 6
Hardware	: Generic OMAP2430 (Flattened Device Tree)
Revision	: 0000
Serial		: 0000000000000000
=======
soc info:
=======
DT Model info
==> /proc/device-tree/name <==
==> /proc/device-tree/model <==
TI OMAP2430 SDP
==> /proc/device-tree/compatible <==
ti,omap2430-sdpti,omap2430ti,omap2
=======
interrupts:
           CPU0       
 23:          0      INTC   7  TWL4030-PIH
 28:          0      INTC  12  DMA
 29:          0      INTC  13  omap-dma-engine
 36:          0      INTC  20  gpmc
 53:        922      INTC  37  gp_timer
 72:          0      INTC  56  48070000.i2c
 73:        293      INTC  57  48072000.i2c
 88:       4055      INTC  72  OMAP UART0
 99:         13      INTC  83  mmc0
102:         13      INTC  86  mmc1
261:       4223  480b6000.gpio  21  eth0
274:          0   twl4030   0  twl4030_gpio
279:          0   twl4030   5  twl4030_power
IPI0:          0  CPU wakeup interrupts
IPI1:          0  Timer broadcast interrupts
IPI2:          0  Rescheduling interrupts
IPI3:          0  Function call interrupts
IPI4:          0  Single function call interrupts
IPI5:          0  CPU stop interrupts
IPI6:          0  IRQ work interrupts
IPI7:          0  completion interrupts
Err:          0
=======
Clk_summary:
   clock                         enable_cnt  prepare_cnt        rate   accuracy   phase
----------------------------------------------------------------------------------------
 dummy_ck                                 0            0           0          0 0  
 mcbsp_clks                               0            5           0          0 0  
 alt_ck                                   0            0    54000000          0 0  
 virt_26m_ck                              0            0    26000000          0 0  
 virt_19200000_ck                         0            0    19200000          0 0  
 virt_13m_ck                              1            1    13000000          0 0  
    aplls_clkin_ck                        1            1    13000000          0 0  
       aplls_clkin_x2_ck                  1            1    26000000          0 0  
          osc_ck                          1            1    26000000          0 0  
             mdm_osc_ck                   0            0    26000000          0 0  
             sys_ck                       8           11    13000000          0 0  
                gpt2_fck                  0            1    13000000          0 0  
                dss2_fck                  0            1    13000000          0 0  
                dss1_fck                  0            3    13000000          0 0  
                icr_ick                   0            0    13000000          0 0  
                omapctrl_ick              1            1    13000000          0 0  
                wdt1_ick                  0            0    13000000          0 0  
                sync_32k_ick              2            2    13000000          0 0  
                mpu_wdt_ick               1            1    13000000          0 0  
                gpios_ick                 4            4    13000000          0 0  
                gpt1_ick                  1            1    13000000          0 0  
                apll54_ck                 1            2           0          0 0  
                   func_54m_ck            0            1           0          0 0  
                      sys_clkout_src           0            0           0          0 0  
                         sys_clkout           0            0           0          0 0  
                      dss_54m_fck           0            2           0          0 0  
                      emul_ck             0            0           0          0 0  
                apll96_ck                 2            3    96000000          0 0  
                   apll96_d2_ck           1            1    48000000          0 0  
                      func_48m_ck           3            7    48000000          0 0  
                         mcspi3_fck           0            1    48000000          0 0  
                         usb_fck           0            0    48000000          0 0  
                         uart3_fck           1            1    48000000          0 0  
                         uart2_fck           1            1    48000000          0 0  
                         uart1_fck           1            1    48000000          0 0  
                         mcspi2_fck           0            1    48000000          0 0  
                         mcspi1_fck           0            1    48000000          0 0  
                         func_12m_ck           0            1    12000000          0 0  
                            hdq_fck           0            1    12000000          0 0  
                            fac_fck           0            0    12000000          0 0  
                   func_96m_ck            0           14    96000000          0 0  
                      mcbsp5_fck           0            1    96000000          0 0  
                      mcbsp4_fck           0            1    96000000          0 0  
                      mcbsp3_fck           0            1    96000000          0 0  
                      mcbsp2_fck           0            1    96000000          0 0  
                      mcbsp1_fck           0            1    96000000          0 0  
                      mmchs2_fck           0            1    96000000          0 0  
                      mmchs1_fck           0            1    96000000          0 0  
                      i2chs2_fck           0            1    96000000          0 0  
                      i2chs1_fck           0            1    96000000          0 0  
                      mspro_fck           0            0    96000000          0 0  
                      cam_fck             0            0    96000000          0 0  
                dpll_ck                   1            1   660000000          0 0  
                   core_ck                1            3   660000000          0 0  
                      mdm_ick             0            0   110000000          0 0  
                      ssi_ssr_sst_fck           0            0   132000000          0 0  
                      dsp_fck             0            1   330000000          0 0  
                         iva2_1_ick           0            0   165000000          0 0  
                      core_d16_ck           0            0    41250000          0 0  
                      core_d12_ck           0            0    55000000          0 0  
                      core_d9_ck           0            0    73333333          0 0  
                      core_d8_ck           0            0    82500000          0 0  
                      core_d6_ck           0            0   110000000          0 0  
                      core_d5_ck           0            0   132000000          0 0  
                      core_d4_ck           0            0   165000000          0 0  
                      core_d3_ck           0            0   220000000          0 0  
                      core_d2_ck           0            0   330000000          0 0  
                      core_l3_ck           9           11   165000000          0 0  
                         usb_l4_ick           1            1    41250000          0 0  
                         gfx_2d_fck           0            0    82500000          0 0  
                         gfx_3d_fck           0            0    82500000          0 0  
                         usbhs_ick           0            1   165000000          0 0  
                         sdrc_ick           1            1   165000000          0 0  
                         sdma_ick           1            1   165000000          0 0  
                         sdma_fck           0            0   165000000          0 0  
                         gpmc_fck           2            2   165000000          0 0  
                         l4_ck           31           36    82500000          0 0  
                            mdm_intc_ick           0            0    82500000          0 0  
                            gpio5_ick           1            1    82500000          0 0  
                            mmchs2_ick           1            1    82500000          0 0  
                            mmchs1_ick           1            1    82500000          0 0  
                            mcspi3_ick           1            1    82500000          0 0  
                            mcbsp5_ick           1            1    82500000          0 0  
                            mcbsp4_ick           1            1    82500000          0 0  
                            mcbsp3_ick           1            1    82500000          0 0  
                            pka_ick           0            0    82500000          0 0  
                            aes_ick           1            1    82500000          0 0  
                            rng_ick           1            1    82500000          0 0  
                            sha_ick           1            1    82500000          0 0  
                            des_ick           0            0    82500000          0 0  
                            i2c2_ick           1            1    82500000          0 0  
                            i2c1_ick           1            1    82500000          0 0  
                            hdq_ick           0            1    82500000          0 0  
                            fac_ick           0            0    82500000          0 0  
                            mspro_ick           0            0    82500000          0 0  
                            wdt4_ick           0            0    82500000          0 0  
                            mailboxes_ick           0            1    82500000          0 0  
                            cam_ick           0            0    82500000          0 0  
                            uart3_ick           1            1    82500000          0 0  
                            uart2_ick           1            1    82500000          0 0  
                            uart1_ick           1            1    82500000          0 0  
                            mcspi2_ick           1            1    82500000          0 0  
                            mcspi1_ick           1            1    82500000          0 0  
                            mcbsp2_ick           1            1    82500000          0 0  
                            mcbsp1_ick           1            1    82500000          0 0  
                            gpt12_ick           1            1    82500000          0 0  
                            gpt11_ick           1            1    82500000          0 0  
                            gpt10_ick           1            1    82500000          0 0  
                            gpt9_ick           1            1    82500000          0 0  
                            gpt8_ick           1            1    82500000          0 0  
                            gpt7_ick           1            1    82500000          0 0  
                            gpt6_ick           1            1    82500000          0 0  
                            gpt5_ick           1            1    82500000          0 0  
                            gpt4_ick           1            1    82500000          0 0  
                            gpt3_ick           1            1    82500000          0 0  
                            gpt2_ick           1            1    82500000          0 0  
                            ssi_l4_ick           0            0    82500000          0 0  
                            dss_ick           3            5    82500000          0 0  
                         gfx_ick           0            0   165000000          0 0  
                      mpu_ck              0            1   330000000          0 0  
                         virt_prcm_set           0            0           0          0 0  
 virt_12m_ck                              0            0    12000000          0 0  
 secure_32k_ck                            0            0       32768          0 0  
 func_32k_ck                              3           17       32768          0 0  
    gpt1_fck                              1            1       32768          0 0  
    gpt12_fck                             0            1       32768          0 0  
    gpt11_fck                             0            1       32768          0 0  
    gpt10_fck                             0            1       32768          0 0  
    gpt9_fck                              0            1       32768          0 0  
    gpt8_fck                              0            1       32768          0 0  
    gpt7_fck                              0            1       32768          0 0  
    gpt6_fck                              0            1       32768          0 0  
    gpt5_fck                              0            1       32768          0 0  
    gpt4_fck                              0            1       32768          0 0  
    gpt3_fck                              0            1       32768          0 0  
    mmchsdb2_fck                          0            1       32768          0 0  
    mmchsdb1_fck                          0            1       32768          0 0  
    gpio5_fck                             1            1       32768          0 0  
    wdt4_fck                              0            0       32768          0 0  
    mpu_wdt_fck                           0            1       32768          0 0  
    gpios_fck                             0            4       32768          0 0  
=======
Orphan Clks:
=======
Available frequencies
=======
Hello World Board Booted
/test # 
- 05:38:43 [INFO] Host: cat stderr.log
- 05:38:43 [INFO] Target: 
cat stderr.log
ls: /sys/kernel/debug/clk/orphans/: No such file or directory
/test # 
- 05:38:43 [INFO] Host: cat result.log
- 05:38:45 [ERROR] On command: cat result.log waiting for cat result.log.+?(?m-ix:^1[\0\n\r]+) >>> error: execution expired
- 05:38:45 [INFO] Target: 
cat result.log
/test # 
- 05:38:45 [INFO] Host: cd /test
- 05:38:46 [INFO] Target: 
cd /test
/test # 
URL:gtsystest.telogy.design.ti.com/vatf/tidfarm-02.dal.design.ti.com/tidfarm-02.dal.design.ti.com_vatf@5/tidfarm-02.dal.design.ti.com04_06_2015_05_37_24/files/session_iteration_1/test_1
