- 05:44:03 [INFO] Starting target session
- 05:44:03 [INFO] Connected to sdp2430 via serial 
- 05:44:03 [INFO] Host: #check prompt
- 05:44:06 [ERROR] On command: #check prompt waiting for #check prompt.+?(?-mix:((?-mix:activate this console)|[Pp]assword)) >>> error: execution expired
- 05:44:06 [INFO] Target: 
#check prompt
/test # 
- 05:44:06 [INFO] Host: #check prompt
- 05:44:06 [INFO] Target: 
#check prompt
/test # 
- 05:44:06 [INFO] Host: sync;poweroff
- 05:44:09 [INFO] Target: 
sync;poweroff
/test # umount: devtmpfs busy - remounted read-only
umount: can't remount 192.168.1.254:/usr/workdir/filesys/linux/sdp2430 read-only
The system is going down NOW!
Sent SIGTERM to all processes
Sent SIGKILL to all processes
Requesting system poweroff
[86183.665313] reboot: System halted
- 05:44:09 [INFO] Disconnected serial from sdp2430
- 05:44:10 [INFO] Connected to sdp2430 via serial 
- 05:44:10 [INFO] Host: 
- 05:44:10 [ERROR] On command:  waiting for (?-mix:OMAP243X\sSDP\s#) >>> error: execution expired
- 05:44:10 [INFO] Target: 
- 05:44:10 [INFO] Host: 
- 05:44:11 [ERROR] On command:  waiting for (?-mix:OMAP243X\sSDP\s#) >>> error: execution expired
- 05:44:11 [INFO] Target: 
U-Boot 1.1.3 (Mar  2 2007 - 11:17:49)
U-Boot code: 80E80000 -> 80EA2A4C  BSS: -> 80EA8BF0
- 05:44:11 [INFO] Host: 
- 05:44:11 [ERROR] On command:  waiting for (?-mix:OMAP243X\sSDP\s#) >>> error: execution expired
- 05:44:11 [INFO] Target: 
OMAP2430C-GP revision 3, PRCM #2
TI 2430SDP 0.1 Version + mDDR (Boot NOR)
RAM Configuration:
Bank #0: 80000000 128 MB
Bank #1: 88000000  0 kB
Flash: 192 MB
NAND:64 MB
In:    serial
Out:   serial
Err:   serial
- 05:44:11 [INFO] Host: 
- 05:44:12 [INFO] Target: 
Hit any key to stop autoboot:  3  0 
OMAP243X SDP # 
OMAP243X SDP # 
- 05:44:12 [INFO] Host: version
- 05:44:12 [INFO] Target: 
version
U-Boot 1.1.3 (Mar  2 2007 - 11:17:49)
OMAP243X SDP # 
- 05:44:12 [INFO] Host: bdinfo
- 05:44:13 [INFO] Target: 
bdinfo
arch_number = 0x00000384
env_t       = 0x00000000
boot_params = 0x80000100
DRAM bank   = 0x00000000
-> start    = 0x80000000
-> size     = 0x08000000
DRAM bank   = 0x00000001
-> start    = 0x88000000
-> size     = 0x00000000
ethaddr     = 08:00:28:01:01:A0
ip_addr     = 128.247.91.37
baudrate    = 115200 bps
OMAP243X SDP # 
- 05:44:13 [INFO] Host: printenv
- 05:44:13 [INFO] Target: 
printenv
bootdelay=3
baudrate=115200
ethaddr=08:00:28:01:01:A0
bootcmd=dhcp;bootm
bootfile=/tftpboot/kernel/uImage.omap2430-sdp
gatewayip=128.247.90.1
netmask=255.255.254.0
hostname=dhcp-128-247-91-37
ipaddr=128.247.91.37
serverip=128.247.91.123
bootargs=console=ttyO0,115200n8 noinitrd debug ignore_loglevel earlyprintk ip=dhcp root=/dev/nfs rw nfsroot=128.247.91.123:/nfs/sdp2430/,nolock,wsize=1024,rsize=1024 rootwait init=/bin/sh nohlt
stdin=serial
stdout=serial
stderr=serial
Environment size: 472/131068 bytes
OMAP243X SDP # 
- 05:44:13 [INFO] Host: setenv autoload 'no'
- 05:44:14 [INFO] Target: 
setenv autoload 'no'
OMAP243X SDP # 
- 05:44:14 [INFO] Host: dhcp
- 05:44:15 [INFO] Target: 
dhcp
Using MAC Address 08:00:28:01:01:A0
BOOTP broadcast 1
DHCP client bound to address 192.168.1.182
OMAP243X SDP # 
- 05:44:15 [INFO] Host: setenv serverip 192.168.1.254
- 05:44:16 [INFO] Target: 
setenv serverip 192.168.1.254
OMAP243X SDP # 
- 05:44:16 [INFO] Host: setenv bootargs 'console=ttyO0,115200n8 earlyprintk rootwait ip=dhcp root=/dev/nfs rw nfsroot=192.168.1.254:/usr/workdir/filesys/linux/sdp2430,nolock,wsize=1024,rsize=1024 nohlt'
- 05:44:16 [INFO] Target: 
setenv bootargs 'console=ttyO0,115200n8 earlyprintk rootwait ip=dhcp root=/dev/nfs rw nfsroot=192.168.1.254:/usr/workdir/filesys/linux/sdp2430,nolock,wsize=1024,rsize=1024 nohlt'
OMAP243X SDP # 
- 05:44:16 [INFO] Host: setenv bootfile vatf_5/f4f500a54c2d3eaa3d9a34b60b7832e1
- 05:44:17 [INFO] Target: 
setenv bootfile vatf_5/f4f500a54c2d3eaa3d9a34b60b7832e1
OMAP243X SDP # 
- 05:44:17 [INFO] Host: setenv bootcmd 'tftp ${loadaddr};bootm ${loadaddr}'
- 05:44:17 [INFO] Target: 
setenv bootcmd 'tftp ${loadaddr};bootm ${loadaddr}'
OMAP243X SDP # 
- 05:44:17 [INFO] Host: printenv
- 05:44:18 [INFO] Target: 
printenv
bootdelay=3
baudrate=115200
ethaddr=08:00:28:01:01:A0
hostname=dhcp-128-247-91-37
stdin=serial
stdout=serial
stderr=serial
autoload=no
gatewayip=192.168.1.254
netmask=255.255.255.0
ipaddr=192.168.1.182
serverip=192.168.1.254
bootargs=console=ttyO0,115200n8 earlyprintk rootwait ip=dhcp root=/dev/nfs rw nfsroot=192.168.1.254:/usr/workdir/filesys/linux/sdp2430,nolock,wsize=1024,rsize=1024 nohlt
bootfile=vatf_5/f4f500a54c2d3eaa3d9a34b60b7832e1
bootcmd=tftp ${loadaddr};bootm ${loadaddr}
Environment size: 487/131068 bytes
OMAP243X SDP # 
- 05:44:18 [INFO] Host: boot
- 05:44:47 [INFO] Target: 
boot
Using MAC Address 08:00:28:01:01:A0
TFTP from server 192.168.1.254; our IP address is 192.168.1.182
Filename 'vatf_5/f4f500a54c2d3eaa3d9a34b60b7832e1'.
Load address: 0x80000000
Loading: *#################################################################
	 #################################################################
	 #################################################################
	 #################################################################
	 #################################################################
	 #################################################################
	 #################################################################
	 #################################################################
	 #################################################################
	 #################################################################
	 #####################
done
Bytes transferred = 3434039 (346637 hex)
## Booting image at 80000000 ...
   Image Name:   Linux-4.0.0-rc4-next-20150320-00
   Image Type:   ARM Linux Kernel Image (uncompressed)
   Data Size:    3433975 Bytes =  3.3 MB
   Load Address: 80800000
   Entry Point:  80800000
   Verifying Checksum ... OK
Starting kernel ...
[    0.000000] Booting Linux on physical CPU 0x0
[    0.000000] Initializing cgroup subsys cpuset
[    0.000000] Initializing cgroup subsys cpu
[    0.000000] Initializing cgroup subsys cpuacct
[    0.000000] Linux version 4.0.0-rc4-next-20150320-00002-gbdca505e4579 (nmenon@kahuna) (gcc version 4.6.3 (Ubuntu/Linaro 4.6.3-1ubuntu5) ) #1 SMP Fri Mar 20 05:39:55 CDT 2015
[    0.000000] CPU: ARMv6-compatible processor [4107b366] revision 6 (ARMv6TEJ), cr=00c5387d
[    0.000000] CPU: VIPT aliasing data cache, VIPT aliasing instruction cache
[    0.000000] Machine model: TI OMAP2430 SDP
[    0.000000] cma: Reserved 16 MiB at 0x86800000
[    0.000000] Memory policy: Data cache writeback
[    0.000000] CPU: All CPU(s) started in SVC mode.
[    0.000000] OMAP2430
[    0.000000] 
[    0.000000] PERCPU: Embedded 12 pages/cpu @c7d70000 s18560 r8192 d22400 u49152
[    0.000000] Built 1 zonelists in Zone order, mobility grouping on.  Total pages: 32224
[    0.000000] Kernel command line: console=ttyO0,115200n8 earlyprintk rootwait ip=dhcp root=/dev/nfs rw nfsroot=192.168.1.254:/usr/workdir/filesys/linux/sdp2430,nolock,wsize=1024,rsize=1024 nohlt
[    0.000000] PID hash table entries: 512 (order: -1, 2048 bytes)
[    0.000000] Dentry cache hash table entries: 16384 (order: 4, 65536 bytes)
[    0.000000] Inode-cache hash table entries: 8192 (order: 3, 32768 bytes)
[    0.000000] Memory: 94228K/130048K available (6157K kernel code, 586K rwdata, 2292K rodata, 428K init, 8220K bss, 19436K reserved, 16384K cma-reserved, 0K highmem)
[    0.000000] Virtual kernel memory layout:
[    0.000000]     vector  : 0xffff0000 - 0xffff1000   (   4 kB)
[    0.000000]     fixmap  : 0xffc00000 - 0xfff00000   (3072 kB)
[    0.000000]     vmalloc : 0xc8800000 - 0xff000000   ( 872 MB)
[    0.000000]     lowmem  : 0xc0000000 - 0xc8000000   ( 128 MB)
[    0.000000]     pkmap   : 0xbfe00000 - 0xc0000000   (   2 MB)
[    0.000000]     modules : 0xbf000000 - 0xbfe00000   (  14 MB)
[    0.000000]       .text : 0xc0008000 - 0xc0848690   (8450 kB)
[    0.000000]       .init : 0xc0849000 - 0xc08b4000   ( 428 kB)
[    0.000000]       .data : 0xc08b4000 - 0xc0946a18   ( 587 kB)
[    0.000000]        .bss : 0xc0946a18 - 0xc114dac8   (8221 kB)
[    0.000000] Running RCU self tests
[    0.000000] Hierarchical RCU implementation.
[    0.000000] 	RCU lockdep checking is enabled.
[    0.000000] 	Additional per-CPU info printed with stalls.
[    0.000000] 	RCU restricting CPUs from NR_CPUS=2 to nr_cpu_ids=1.
[    0.000000] RCU: Adjusting geometry for rcu_fanout_leaf=16, nr_cpu_ids=1
[    0.000000] NR_IRQS:16 nr_irqs:16 16
[    0.000000] IRQ: Found an INTC at 0xfa0fe000 (revision 3.0) with 96 interrupts
[    0.000000] Clocking rate (Crystal/DPLL/MPU): 13.0/660/330 MHz
[    0.000000] OMAP clockevent source: timer1 at 32768 Hz
[    0.000000] clocksource 32k_counter: mask: 0xffffffff max_cycles: 0xffffffff, max_idle_ns: 58327039986419 ns
[    0.000030] sched_clock: 32 bits at 32kHz, resolution 30517ns, wraps every 65535999984741ns
[    0.000061] OMAP clocksource: 32k_counter at 32768 Hz
[    0.000518] hw-breakpoint: CPUID feature registers not supported. Assuming v6 debug is present.
[    0.002655] Console: colour dummy device 80x30
[    0.002807] Lock dependency validator: Copyright (c) 2006 Red Hat, Inc., Ingo Molnar
[    0.002838] ... MAX_LOCKDEP_SUBCLASSES:  8
[    0.002868] ... MAX_LOCK_DEPTH:          48
[    0.002899] ... MAX_LOCKDEP_KEYS:        8191
[    0.002929] ... CLASSHASH_SIZE:          4096
[    0.002929] ... MAX_LOCKDEP_ENTRIES:     32768
[    0.002960] ... MAX_LOCKDEP_CHAINS:      65536
[    0.002990] ... CHAINHASH_SIZE:          32768
[    0.003021]  memory used by lock dependency info: 5167 kB
[    0.003021]  per task-struct memory footprint: 1152 bytes
[    0.003082] Calibrating delay loop... 326.86 BogoMIPS (lpj=1634304)
[    0.115875] pid_max: default: 32768 minimum: 301
[    0.116882] Security Framework initialized
[    0.117340] Mount-cache hash table entries: 1024 (order: 0, 4096 bytes)
[    0.117401] Mountpoint-cache hash table entries: 1024 (order: 0, 4096 bytes)
[    0.127197] Initializing cgroup subsys blkio
[    0.127319] Initializing cgroup subsys memory
[    0.127532] Initializing cgroup subsys devices
[    0.127807] Initializing cgroup subsys freezer
[    0.128234] Initializing cgroup subsys perf_event
[    0.128448] CPU: Testing write buffer coherency: ok
[    0.132690] missing device node for CPU 0
[    0.132751] CPU0: thread -1, cpu 0, socket -1, mpidr 4107b366
[    0.132965] Setting up static identity map for 0x805d7b08 - 0x805d7b78
[    0.145202] Brought up 1 CPUs
[    0.145233] SMP: Total of 1 processors activated (326.86 BogoMIPS).
[    0.145263] CPU: All CPU(s) started in SVC mode.
[    0.155334] devtmpfs: initialized
[    0.179473] VFP support v0.3: implementor 41 architecture 1 part 20 variant b rev 2
[    0.278747] omap_hwmod: usb_otg_hs: _wait_target_ready failed: -16
[    0.278778] omap_hwmod: usb_otg_hs: cannot be enabled for reset (3)
[    0.299316] clocksource jiffies: mask: 0xffffffff max_cycles: 0xffffffff, max_idle_ns: 19112604462750000 ns
[    0.305084] pinctrl core: initialized pinctrl subsystem
[    0.455657] NET: Registered protocol family 16
[    0.475677] DMA: preallocated 256 KiB pool for atomic coherent allocations
[    0.481506] cpuidle: using governor ladder
[    0.481567] cpuidle: using governor menu
[    0.539825] omap_gpio 4900c000.gpio: Could not get gpio dbck
[    0.546234] OMAP GPIO hardware version 2.4
[    0.548675] omap_gpio 4900e000.gpio: Could not get gpio dbck
[    0.554321] omap_gpio 49010000.gpio: Could not get gpio dbck
[    0.560302] omap_gpio 49012000.gpio: Could not get gpio dbck
[    0.566284] omap_gpio 480b6000.gpio: Could not get gpio dbck
[    0.572296] omap-gpmc 6e000000.gpmc: GPMC revision 3.0
[    0.586273] No ATAGs?
[    0.586456] hw-breakpoint: found 6 breakpoint and 1 watchpoint registers.
[    0.586486] hw-breakpoint: maximum watchpoint size is 4 bytes.
[    0.592315] OMAP DMA hardware revision 4.0
[    0.769073] omap-dma-engine 48056000.dma-controller: OMAP DMA engine driver
[    0.780242] SCSI subsystem initialized
[    0.788452] omap_i2c 48070000.i2c: bus 0 rev3.3 at 100 kHz
[    0.792755] omap_i2c 48072000.i2c: bus 1 rev3.3 at 100 kHz
[    0.806457] Switched to clocksource 32k_counter
[    1.275115] NET: Registered protocol family 2
[    1.281036] TCP established hash table entries: 1024 (order: 0, 4096 bytes)
[    1.281494] TCP bind hash table entries: 1024 (order: 3, 36864 bytes)
[    1.282653] TCP: Hash tables configured (established 1024 bind 1024)
[    1.283142] UDP hash table entries: 256 (order: 2, 20480 bytes)
[    1.283782] UDP-Lite hash table entries: 256 (order: 2, 20480 bytes)
[    1.287139] NET: Registered protocol family 1
[    1.291900] RPC: Registered named UNIX socket transport module.
[    1.291931] RPC: Registered udp transport module.
[    1.291961] RPC: Registered tcp transport module.
[    1.291992] RPC: Registered tcp NFSv4.1 backchannel transport module.
[    1.297088] hw perfevents: enabled with armv6_1136 PMU driver, 3 counters available
[    1.313079] futex hash table entries: 256 (order: 2, 16384 bytes)
[    1.313842] audit: initializing netlink subsys (disabled)
[    1.314422] audit: type=2000 audit(1.300:1): initialized
[    1.328002] VFS: Disk quotas dquot_6.5.2
[    1.328399] VFS: Dquot-cache hash table entries: 1024 (order 0, 4096 bytes)
[    1.335693] NFS: Registering the id_resolver key type
[    1.337249] Key type id_resolver registered
[    1.337280] Key type id_legacy registered
[    1.337890] jffs2: version 2.2. (NAND) (SUMMARY)   2001-2006 Red Hat, Inc.
[    1.354217] io scheduler noop registered
[    1.354309] io scheduler deadline registered
[    1.354431] io scheduler cfq registered (default)
[    1.361877] pinctrl-single 49002030.pinmux: 340 pins at pa fb002030 size 340
[    1.373840] Serial: 8250/16550 driver, 4 ports, IRQ sharing enabled
[    1.393249] omap_uart 4806a000.serial: no wakeirq for uart0
[    1.394653] 4806a000.serial: ttyO0 at MMIO 0x4806a000 (irq = 88, base_baud = 3000000) is a OMAP UART0
[    2.165649] console [ttyO0] enabled
[    2.175720] omap_uart 4806c000.serial: no wakeirq for uart0
[    2.182708] 4806c000.serial: ttyO1 at MMIO 0x4806c000 (irq = 89, base_baud = 3000000) is a OMAP UART1
[    2.196716] omap_uart 4806e000.serial: no wakeirq for uart0
[    2.203491] 4806e000.serial: ttyO2 at MMIO 0x4806e000 (irq = 90, base_baud = 3000000) is a OMAP UART2
[    2.306457] brd: module loaded
[    2.365661] loop: module loaded
[    2.406280] twl 1-0048: PIH (irq 23) chaining IRQs 274..282
[    2.413208] twl 1-0048: power (irq 279) chaining IRQs 282..289
[    2.568328] twl4030_gpio twl4030-gpio: gpio (irq 274) chaining IRQs 290..307
[    2.598541] mtdoops: mtd device (mtddev=name/number) must be supplied
[    2.625793] smc91x.c: v1.1, sep 22 2004 by Nicolas Pitre <nico@fluxnic.net>
[    2.639892] smc91x 8000300.ethernet eth0: SMC91C94 (rev 9) at c890a300 IRQ 261
[    2.647674] 
[    2.649291] smc91x 8000300.ethernet eth0: Ethernet addr: 08:00:28:01:01:a0
[    2.667938] mousedev: PS/2 mouse device common for all mice
[    2.673889] i2c /dev entries driver
[    2.684326] Driver 'mmcblk' needs updating - please use bus_type methods
[    2.749145] 480b4000.mmc supply vmmc not found, using dummy regulator
[    2.756896] omap_hsmmc 480b4000.mmc: could not set regulator OCR (-22)
[    2.764862] omap_hsmmc 480b4000.mmc: could not set regulator OCR (-22)
[    2.807434] ledtrig-cpu: registered to indicate activity on CPUs
[    2.817535] oprofile: using arm/armv6
[    2.823486] Initializing XFRM netlink socket
[    2.828643] NET: Registered protocol family 17
[    2.833557] NET: Registered protocol family 15
[    2.839385] Key type dns_resolver registered
[    2.844421] SmartReflex Class3 initialized
[    2.877105] drivers/rtc/hctosys.c: unable to open rtc device (rtc0)
[    2.883758] sr_init: No PMIC hook to init smartreflex
[    2.890045] sr_init: platform driver register failed for SR
[    3.004180] smc91x 8000300.ethernet eth0: link up
[    3.026519] Sending DHCP requests ., OK
[    3.136901] IP-Config: Got DHCP answer from 192.168.1.254, my address is 192.168.1.182
[    3.146942] IP-Config: Complete:
[    3.150421]      device=eth0, hwaddr=08:00:28:01:01:a0, ipaddr=192.168.1.182, mask=255.255.255.0, gw=192.168.1.254
[    3.161468]      host=192.168.1.182, domain=ti.com, nis-domain=(none)
[    3.168365]      bootserver=192.168.1.254, rootserver=192.168.1.254, rootpath=
[    3.175842]      nameserver0=192.0.2.2, nameserver1=192.0.2.3
[    3.187347] VUSB3V1: disabling
[    3.252441] VFS: Mounted root (nfs filesystem) on device 0:15.
[    3.263641] devtmpfs: mounted
[    3.269317] Freeing unused kernel memory: 428K (c0849000 - c08b4000)
Mounting proc : OK
Mounting sysfs : OK
Mounting devtmpfs:mount: mounting none on /dev failed: Device or resource busy
boot mounted: OK
/dev/ttyO0 linked to /dev/tty-bd - using as console
******************************************
Starting System Init for GenericOMAP2430(FlattenedDeviceTree)
Release: X.x
Kernel: Linux GenericOMAP2430(FlattenedDeviceTree) 4.0.0-rc4-next-20150320-00002-gbdca505e4579 #1 SMP Fri Mar 20 05:39:55 CDT 2015 armv6l GNU/Linux
******************************************
Saving kernel ring buffer : OK
Mounting devpts : OK
Setting up networking
Configuring lo : OK
Configuring eth0 : OK - 192.168.1.182
Starting telnetd : OK
Starting syslogd : OK
Starting klogd : OK
Mounting filesystems : OK
mount: mounting none on /proc/bus/usb/ failed: No such file or directory
Please press Enter to activate this console. 
- 05:44:47 [INFO] Host: root
- 05:44:48 [INFO] Target: 
root
/ # 
- 05:44:48 [INFO] Host: uname -a
- 05:44:48 [INFO] Target: 
uname -a
Linux GenericOMAP2430(FlattenedDeviceTree) 4.0.0-rc4-next-20150320-00002-gbdca505e4579 #1 SMP Fri Mar 20 05:39:55 CDT 2015 armv6l GNU/Linux
/ # 
- 05:44:48 [INFO] Host: cat /proc/cmdline
- 05:44:49 [INFO] Target: 
cat /proc/cmdline
console=ttyO0,115200n8 earlyprintk rootwait ip=dhcp root=/dev/nfs rw nfsroot=192.168.1.254:/usr/workdir/filesys/linux/sdp2430,nolock,wsize=1024,rsize=1024 nohlt
/ # 
- 05:44:49 [INFO] Host: uname -a
- 05:44:49 [INFO] Target: 
uname -a
Linux GenericOMAP2430(FlattenedDeviceTree) 4.0.0-rc4-next-20150320-00002-gbdca505e4579 #1 SMP Fri Mar 20 05:39:55 CDT 2015 armv6l GNU/Linux
/ # 
- 05:44:49 [INFO] Host: cat /proc/mtd
- 05:44:50 [INFO] Target: 
cat /proc/mtd
dev:    size   erasesize  name
/ # 
- 05:44:57 [INFO] Host: export IPERFHOST=192.168.1.254
- 05:44:58 [INFO] Target: 
export IPERFHOST=192.168.1.254
/ # 
- 05:44:58 [INFO] Host: export NFS_SERVER=192.168.1.254
- 05:44:58 [INFO] Target: 
export NFS_SERVER=192.168.1.254
/ # 
- 05:44:58 [INFO] Host: export NFS_ROOT_PATH=/usr/workdir/filesys/linux/sdp2430
- 05:44:59 [INFO] Target: 
export NFS_ROOT_PATH=/usr/workdir/filesys/linux/sdp2430
/ # 
- 05:44:59 [INFO] Host: mkdir -p -m 777 /test
- 05:44:59 [INFO] Target: 
mkdir -p -m 777 /test
/ # 
- 05:44:59 [INFO] Host: cd /test
- 05:45:00 [INFO] Target: 
cd /test
/test # 
- 05:45:00 [INFO] Host: cat > test.sh << EOF
- 05:45:00 [INFO] Target: 
cat > test.sh << EOF
- 05:45:00 [INFO] Host: failtest() {
- 05:45:01 [INFO] Target: 
failtest() {
- 05:45:01 [INFO] Host:   echo 1 >&3
- 05:45:01 [INFO] Target: 
  echo 1 >&3
- 05:45:01 [INFO] Host: }
- 05:45:02 [INFO] Target: 
- 05:45:02 [INFO] Host: timeout=600
- 05:45:02 [INFO] Target: 
timeout=600
- 05:45:02 [INFO] Host: 
- 05:45:03 [INFO] Target: 
- 05:45:03 [INFO] Host: # Start of user's script logic
- 05:45:03 [INFO] Target: 
# Start of user's script logic
- 05:45:03 [INFO] Host: 
- 05:45:04 [INFO] Target: 
- 05:45:04 [INFO] Host: 
- 05:45:04 [INFO] Target: 
- 05:45:04 [INFO] Host: mount -t proc proc /proc 2>/dev/null;
- 05:45:05 [INFO] Target: 
mount -t proc proc /proc 2>/dev/null;
- 05:45:05 [INFO] Host: 
- 05:45:05 [INFO] Target: 
- 05:45:05 [INFO] Host: mount -t sysfs sys /sys 2>/dev/null;
- 05:45:06 [INFO] Target: 
mount -t sysfs sys /sys 2>/dev/null;
- 05:45:06 [INFO] Host: 
- 05:45:06 [INFO] Target: 
- 05:45:06 [INFO] Host: mount -t debugfs none /sys/kernel/debug 2>/dev/null;
- 05:45:07 [INFO] Target: 
mount -t debugfs none /sys/kernel/debug 2>/dev/null;
- 05:45:07 [INFO] Host: 
- 05:45:07 [INFO] Target: 
- 05:45:07 [INFO] Host: echo 'cpuinfo:';cat /proc/cpuinfo; echo '=======';
- 05:45:08 [INFO] Target: 
echo 'cpuinfo:';cat /proc/cpuinfo; echo '=======';
- 05:45:08 [INFO] Host: 
- 05:45:08 [INFO] Target: 
- 05:45:08 [INFO] Host: echo 'soc info:';head /sys/devices/soc0/* 2>/dev/null; echo '=======';
- 05:45:09 [INFO] Target: 
echo 'soc info:';head /sys/devices/soc0/* 2>/dev/null; echo '=======';
- 05:45:09 [INFO] Host: 
- 05:45:09 [INFO] Target: 
- 05:45:09 [INFO] Host: echo 'DT Model info'; head /proc/device-tree/name /proc/device-tree/model /proc/device-tree/compatible 2>/dev/null;echo; echo '=======';
- 05:45:10 [INFO] Target: 
echo 'DT Model info'; head /proc/device-tree/name /proc/device-tree/model /pro
c/device-tree/compatible 2>/dev/null;echo; echo '=======';
- 05:45:10 [INFO] Host: 
- 05:45:10 [INFO] Target: 
- 05:45:10 [INFO] Host: echo 'interrupts:';cat /proc/interrupts; echo '=======';
- 05:45:11 [INFO] Target: 
echo 'interrupts[   35.149597] random: nonblocking pool is initialized
:';cat /proc/interrupts; echo '=======';
- 05:45:11 [INFO] Host: 
- 05:45:11 [INFO] Target: 
- 05:45:11 [INFO] Host: echo 'Clk_summary:';cat /sys/kernel/debug/clk/clk_summary; echo '=======';
- 05:45:12 [INFO] Target: 
echo 'Clk_summary:';cat /sys/kernel/debug/clk/clk_summary; echo '=======';
- 05:45:12 [INFO] Host: 
- 05:45:12 [INFO] Target: 
- 05:45:12 [INFO] Host: echo 'Orphan Clks:';ls /sys/kernel/debug/clk/orphans/; echo '=======';
- 05:45:13 [INFO] Target: 
echo 'Orphan Clks:';ls /sys/kernel/debug/clk/orphans/; echo '=======';
- 05:45:13 [INFO] Host: 
- 05:45:13 [INFO] Target: 
- 05:45:13 [INFO] Host: echo "Available frequencies"; cat /sys/devices/system/cpu/cpu0/cpufreq/scaling_available_frequencies 2>/dev/null;echo '=======';
- 05:45:14 [INFO] Target: 
echo "Available frequencies"; cat /sys/devices/system/cpu/cpu0/cpufreq/scaling
_available_frequencies 2>/dev/null;echo '=======';
- 05:45:14 [INFO] Host: 
- 05:45:14 [INFO] Target: 
- 05:45:14 [INFO] Host: echo 'H''ello World' 'B''oard Booted';
- 05:45:15 [INFO] Target: 
echo 'H''ello World' 'B''oard Booted';
- 05:45:15 [INFO] Host: 
- 05:45:15 [INFO] Target: 
- 05:45:15 [INFO] Host: EOF
- 05:45:16 [INFO] Target: 
/test # 
- 05:45:16 [INFO] Host: cd /test
- 05:45:16 [INFO] Target: 
cd /test
/test # 
- 05:45:16 [INFO] Host: chmod +x test.sh
- 05:45:17 [INFO] Target: 
chmod +x test.sh
/test # 
- 05:45:17 [INFO] Host: ./test.sh 2> stderr.log > stdout.log 3> result.log
- 05:45:17 [INFO] Target: 
./test.sh 2> stderr.log > stdout.log 3> result.log
/test # 
- 05:45:17 [INFO] Host: echo $?
- 05:45:18 [INFO] Target: 
echo $?
/test # 
- 05:45:18 [INFO] Host: cd /test
- 05:45:18 [INFO] Target: 
cd /test
/test # 
- 05:45:18 [INFO] Host: cat stdout.log
- 05:45:20 [INFO] Target: 
cat stdout.log
cpuinfo:
processor	: 0
model name	: ARMv6-compatible processor rev 6 (v6l)
BogoMIPS	: 326.86
Features	: swp half thumb fastmult vfp edsp java 
CPU implementer	: 0x41
CPU architecture: 6TEJ
CPU variant	: 0x0
CPU part	: 0xb36
CPU revision	: 6
Hardware	: Generic OMAP2430 (Flattened Device Tree)
Revision	: 0000
Serial		: 0000000000000000
=======
soc info:
=======
DT Model info
==> /proc/device-tree/name <==
==> /proc/device-tree/model <==
TI OMAP2430 SDP
==> /proc/device-tree/compatible <==
ti,omap2430-sdpti,omap2430ti,omap2
=======
interrupts:
           CPU0       
 23:          0      INTC   7  TWL4030-PIH
 28:          0      INTC  12  DMA
 29:          0      INTC  13  omap-dma-engine
 36:          0      INTC  20  gpmc
 53:       1056      INTC  37  gp_timer
 72:          0      INTC  56  48070000.i2c
 73:        293      INTC  57  48072000.i2c
 88:       4292      INTC  72  OMAP UART0
 99:         13      INTC  83  mmc0
102:         13      INTC  86  mmc1
261:       4110  480b6000.gpio  21  eth0
274:          0   twl4030   0  twl4030_gpio
279:          0   twl4030   5  twl4030_power
IPI0:          0  CPU wakeup interrupts
IPI1:          0  Timer broadcast interrupts
IPI2:          0  Rescheduling interrupts
IPI3:          0  Function call interrupts
IPI4:          0  Single function call interrupts
IPI5:          0  CPU stop interrupts
IPI6:          0  IRQ work interrupts
IPI7:          0  completion interrupts
Err:          0
=======
Clk_summary:
   clock                         enable_cnt  prepare_cnt        rate   accuracy   phase
----------------------------------------------------------------------------------------
 dummy_ck                                 0            0           0          0 0  
 mcbsp_clks                               0            5           0          0 0  
 alt_ck                                   0            0    54000000          0 0  
 virt_26m_ck                              0            0    26000000          0 0  
 virt_19200000_ck                         0            0    19200000          0 0  
 virt_13m_ck                              1            1    13000000          0 0  
    aplls_clkin_ck                        1            1    13000000          0 0  
       aplls_clkin_x2_ck                  1            1    26000000          0 0  
          osc_ck                          1            1    26000000          0 0  
             mdm_osc_ck                   0            0    26000000          0 0  
             sys_ck                       8           11    13000000          0 0  
                gpt2_fck                  0            1    13000000          0 0  
                dss2_fck                  0            1    13000000          0 0  
                dss1_fck                  0            3    13000000          0 0  
                icr_ick                   0            0    13000000          0 0  
                omapctrl_ick              1            1    13000000          0 0  
                wdt1_ick                  0            0    13000000          0 0  
                sync_32k_ick              2            2    13000000          0 0  
                mpu_wdt_ick               1            1    13000000          0 0  
                gpios_ick                 4            4    13000000          0 0  
                gpt1_ick                  1            1    13000000          0 0  
                apll54_ck                 1            2           0          0 0  
                   func_54m_ck            0            1           0          0 0  
                      sys_clkout_src           0            0           0          0 0  
                         sys_clkout           0            0           0          0 0  
                      dss_54m_fck           0            2           0          0 0  
                      emul_ck             0            0           0          0 0  
                apll96_ck                 2            3    96000000          0 0  
                   apll96_d2_ck           1            1    48000000          0 0  
                      func_48m_ck           3            7    48000000          0 0  
                         mcspi3_fck           0            1    48000000          0 0  
                         usb_fck           0            0    48000000          0 0  
                         uart3_fck           1            1    48000000          0 0  
                         uart2_fck           1            1    48000000          0 0  
                         uart1_fck           1            1    48000000          0 0  
                         mcspi2_fck           0            1    48000000          0 0  
                         mcspi1_fck           0            1    48000000          0 0  
                         func_12m_ck           0            1    12000000          0 0  
                            hdq_fck           0            1    12000000          0 0  
                            fac_fck           0            0    12000000          0 0  
                   func_96m_ck            0           14    96000000          0 0  
                      mcbsp5_fck           0            1    96000000          0 0  
                      mcbsp4_fck           0            1    96000000          0 0  
                      mcbsp3_fck           0            1    96000000          0 0  
                      mcbsp2_fck           0            1    96000000          0 0  
                      mcbsp1_fck           0            1    96000000          0 0  
                      mmchs2_fck           0            1    96000000          0 0  
                      mmchs1_fck           0            1    96000000          0 0  
                      i2chs2_fck           0            1    96000000          0 0  
                      i2chs1_fck           0            1    96000000          0 0  
                      mspro_fck           0            0    96000000          0 0  
                      cam_fck             0            0    96000000          0 0  
                dpll_ck                   1            1   660000000          0 0  
                   core_ck                1            3   660000000          0 0  
                      mdm_ick             0            0   110000000          0 0  
                      ssi_ssr_sst_fck           0            0   132000000          0 0  
                      dsp_fck             0            1   330000000          0 0  
                         iva2_1_ick           0            0   165000000          0 0  
                      core_d16_ck           0            0    41250000          0 0  
                      core_d12_ck           0            0    55000000          0 0  
                      core_d9_ck           0            0    73333333          0 0  
                      core_d8_ck           0            0    82500000          0 0  
                      core_d6_ck           0            0   110000000          0 0  
                      core_d5_ck           0            0   132000000          0 0  
                      core_d4_ck           0            0   165000000          0 0  
                      core_d3_ck           0            0   220000000          0 0  
                      core_d2_ck           0            0   330000000          0 0  
                      core_l3_ck           9           11   165000000          0 0  
                         usb_l4_ick           1            1    41250000          0 0  
                         gfx_2d_fck           0            0    82500000          0 0  
                         gfx_3d_fck           0            0    82500000          0 0  
                         usbhs_ick           0            1   165000000          0 0  
                         sdrc_ick           1            1   165000000          0 0  
                         sdma_ick           1            1   165000000          0 0  
                         sdma_fck           0            0   165000000          0 0  
                         gpmc_fck           2            2   165000000          0 0  
                         l4_ck           31           36    82500000          0 0  
                            mdm_intc_ick           0            0    82500000          0 0  
                            gpio5_ick           1            1    82500000          0 0  
                            mmchs2_ick           1            1    82500000          0 0  
                            mmchs1_ick           1            1    82500000          0 0  
                            mcspi3_ick           1            1    82500000          0 0  
                            mcbsp5_ick           1            1    82500000          0 0  
                            mcbsp4_ick           1            1    82500000          0 0  
                            mcbsp3_ick           1            1    82500000          0 0  
                            pka_ick           0            0    82500000          0 0  
                            aes_ick           1            1    82500000          0 0  
                            rng_ick           1            1    82500000          0 0  
                            sha_ick           1            1    82500000          0 0  
                            des_ick           0            0    82500000          0 0  
                            i2c2_ick           1            1    82500000          0 0  
                            i2c1_ick           1            1    82500000          0 0  
                            hdq_ick           0            1    82500000          0 0  
                            fac_ick           0            0    82500000          0 0  
                            mspro_ick           0            0    82500000          0 0  
                            wdt4_ick           0            0    82500000          0 0  
                            mailboxes_ick           0            1    82500000          0 0  
                            cam_ick           0            0    82500000          0 0  
                            uart3_ick           1            1    82500000          0 0  
                            uart2_ick           1            1    82500000          0 0  
                            uart1_ick           1            1    82500000          0 0  
                            mcspi2_ick           1            1    82500000          0 0  
                            mcspi1_ick           1            1    82500000          0 0  
                            mcbsp2_ick           1            1    82500000          0 0  
                            mcbsp1_ick           1            1    82500000          0 0  
                            gpt12_ick           1            1    82500000          0 0  
                            gpt11_ick           1            1    82500000          0 0  
                            gpt10_ick           1            1    82500000          0 0  
                            gpt9_ick           1            1    82500000          0 0  
                            gpt8_ick           1            1    82500000          0 0  
                            gpt7_ick           1            1    82500000          0 0  
                            gpt6_ick           1            1    82500000          0 0  
                            gpt5_ick           1            1    82500000          0 0  
                            gpt4_ick           1            1    82500000          0 0  
                            gpt3_ick           1            1    82500000          0 0  
                            gpt2_ick           1            1    82500000          0 0  
                            ssi_l4_ick           0            0    82500000          0 0  
                            dss_ick           3            5    82500000          0 0  
                         gfx_ick           0            0   165000000          0 0  
                      mpu_ck              0            1   330000000          0 0  
                         virt_prcm_set           0            0           0          0 0  
 virt_12m_ck                              0            0    12000000          0 0  
 secure_32k_ck                            0            0       32768          0 0  
 func_32k_ck                              3           17       32768          0 0  
    gpt1_fck                              1            1       32768          0 0  
    gpt12_fck                             0            1       32768          0 0  
    gpt11_fck                             0            1       32768          0 0  
    gpt10_fck                             0            1       32768          0 0  
    gpt9_fck                              0            1       32768          0 0  
    gpt8_fck                              0            1       32768          0 0  
    gpt7_fck                              0            1       32768          0 0  
    gpt6_fck                              0            1       32768          0 0  
    gpt5_fck                              0            1       32768          0 0  
    gpt4_fck                              0            1       32768          0 0  
    gpt3_fck                              0            1       32768          0 0  
    mmchsdb2_fck                          0            1       32768          0 0  
    mmchsdb1_fck                          0            1       32768          0 0  
    gpio5_fck                             1            1       32768          0 0  
    wdt4_fck                              0            0       32768          0 0  
    mpu_wdt_fck                           0            1       32768          0 0  
    gpios_fck                             0            4       32768          0 0  
=======
Orphan Clks:
=======
Available frequencies
=======
Hello World Board Booted
/test # 
- 05:45:20 [INFO] Host: cat stderr.log
- 05:45:20 [INFO] Target: 
cat stderr.log
ls: /sys/kernel/debug/clk/orphans/: No such file or directory
/test # 
- 05:45:20 [INFO] Host: cat result.log
- 05:45:22 [ERROR] On command: cat result.log waiting for cat result.log.+?(?m-ix:^1[\0\n\r]+) >>> error: execution expired
- 05:45:22 [INFO] Target: 
cat result.log
/test # 
- 05:45:22 [INFO] Host: cd /test
- 05:45:23 [INFO] Target: 
cd /test
/test # 
URL:gtsystest.telogy.design.ti.com/vatf/tidfarm-02.dal.design.ti.com/tidfarm-02.dal.design.ti.com_vatf@5/tidfarm-02.dal.design.ti.com03_20_2015_05_44_01/files/session_iteration_1/test_1
