- 02:06:54 [INFO] Starting target session
- 02:06:54 [INFO] Connected to sdp2430 via serial 
- 02:06:54 [INFO] Host: #check prompt
- 02:06:57 [ERROR] On command: #check prompt waiting for #check prompt.+?(?-mix:((?-mix:activate this console)|[Pp]assword)) >>> error: execution expired
- 02:06:57 [INFO] Target: 
- 02:06:57 [INFO] Host: #check prompt
- 02:06:59 [ERROR] On command: #check prompt waiting for #check prompt.+?(?m-ix:\/*#) >>> error: execution expired
- 02:06:59 [INFO] Target: 
- 02:06:59 [INFO] Disconnected serial from sdp2430
- 02:07:00 [INFO] Connected to sdp2430 via serial 
- 02:07:00 [INFO] Host: 
- 02:07:01 [ERROR] On command:  waiting for (?-mix:OMAP243X\sSDP\s#) >>> error: execution expired
- 02:07:01 [INFO] Target: 
- 02:07:01 [INFO] Host: 
- 02:07:01 [ERROR] On command:  waiting for (?-mix:OMAP243X\sSDP\s#) >>> error: execution expired
- 02:07:01 [INFO] Target: 
U-Boot 1.1.3 (Mar  2 2007 - 11:17:49)
U-Boot code: 80E80000 -> 80EA2A4C  BSS: -> 80EA8BF0
- 02:07:01 [INFO] Host: 
- 02:07:02 [ERROR] On command:  waiting for (?-mix:OMAP243X\sSDP\s#) >>> error: execution expired
- 02:07:02 [INFO] Target: 
OMAP2430C-GP revision 3, PRCM #2
TI 2430SDP 0.1 Version + mDDR (Boot NOR)
RAM Configuration:
Bank #0: 80000000 128 MB
Bank #1: 88000000  0 kB
Flash: 192 MB
NAND:64 MB
In:    serial
Out:   serial
Err:   serial
- 02:07:02 [INFO] Host: 
- 02:07:02 [INFO] Target: 
Hit any key to stop autoboot:  3  0 
OMAP243X SDP # 
OMAP243X SDP # 
- 02:07:02 [INFO] Host: version
- 02:07:03 [INFO] Target: 
version
U-Boot 1.1.3 (Mar  2 2007 - 11:17:49)
OMAP243X SDP # 
- 02:07:03 [INFO] Host: bdinfo
- 02:07:03 [INFO] Target: 
bdinfo
arch_number = 0x00000384
env_t       = 0x00000000
boot_params = 0x80000100
DRAM bank   = 0x00000000
-> start    = 0x80000000
-> size     = 0x08000000
DRAM bank   = 0x00000001
-> start    = 0x88000000
-> size     = 0x00000000
ethaddr     = 08:00:28:01:01:A0
ip_addr     = 128.247.91.37
baudrate    = 115200 bps
OMAP243X SDP # 
- 02:07:03 [INFO] Host: printenv
- 02:07:04 [INFO] Target: 
printenv
bootdelay=3
baudrate=115200
ethaddr=08:00:28:01:01:A0
bootcmd=dhcp;bootm
bootfile=/tftpboot/kernel/uImage.omap2430-sdp
gatewayip=128.247.90.1
netmask=255.255.254.0
hostname=dhcp-128-247-91-37
ipaddr=128.247.91.37
serverip=128.247.91.123
bootargs=console=ttyO0,115200n8 noinitrd debug ignore_loglevel earlyprintk ip=dhcp root=/dev/nfs rw nfsroot=128.247.91.123:/nfs/sdp2430/,nolock,wsize=1024,rsize=1024 rootwait init=/bin/sh nohlt
stdin=serial
stdout=serial
stderr=serial
Environment size: 472/131068 bytes
OMAP243X SDP # 
- 02:07:04 [INFO] Host: setenv autoload 'no'
- 02:07:04 [INFO] Target: 
setenv autoload 'no'
OMAP243X SDP # 
- 02:07:04 [INFO] Host: dhcp
- 02:07:06 [INFO] Target: 
dhcp
Using MAC Address 08:00:28:01:01:A0
BOOTP broadcast 1
DHCP client bound to address 192.168.1.182
OMAP243X SDP # 
- 02:07:06 [INFO] Host: setenv serverip 192.168.1.254
- 02:07:06 [INFO] Target: 
setenv serverip 192.168.1.254
OMAP243X SDP # 
- 02:07:06 [INFO] Host: setenv bootargs 'console=ttyO0,115200n8 earlyprintk rootwait ip=dhcp root=/dev/nfs rw nfsroot=192.168.1.254:/usr/workdir/filesys/linux/sdp2430,nolock,wsize=1024,rsize=1024 nohlt'
- 02:07:07 [INFO] Target: 
setenv bootargs 'console=ttyO0,115200n8 earlyprintk rootwait ip=dhcp root=/dev/nfs rw nfsroot=192.168.1.254:/usr/workdir/filesys/linux/sdp2430,nolock,wsize=1024,rsize=1024 nohlt'
OMAP243X SDP # 
- 02:07:07 [INFO] Host: setenv bootfile vatf_5/a2ee362260b376d89675952b08e3de81
- 02:07:07 [INFO] Target: 
setenv bootfile vatf_5/a2ee362260b376d89675952b08e3de81
OMAP243X SDP # 
- 02:07:07 [INFO] Host: setenv bootcmd 'tftp ${loadaddr};bootm ${loadaddr}'
- 02:07:08 [INFO] Target: 
setenv bootcmd 'tftp ${loadaddr};bootm ${loadaddr}'
OMAP243X SDP # 
- 02:07:08 [INFO] Host: printenv
- 02:07:08 [INFO] Target: 
printenv
bootdelay=3
baudrate=115200
ethaddr=08:00:28:01:01:A0
hostname=dhcp-128-247-91-37
stdin=serial
stdout=serial
stderr=serial
autoload=no
gatewayip=192.168.1.254
netmask=255.255.255.0
ipaddr=192.168.1.182
serverip=192.168.1.254
bootargs=console=ttyO0,115200n8 earlyprintk rootwait ip=dhcp root=/dev/nfs rw nfsroot=192.168.1.254:/usr/workdir/filesys/linux/sdp2430,nolock,wsize=1024,rsize=1024 nohlt
bootfile=vatf_5/a2ee362260b376d89675952b08e3de81
bootcmd=tftp ${loadaddr};bootm ${loadaddr}
Environment size: 487/131068 bytes
OMAP243X SDP # 
- 02:07:08 [INFO] Host: boot
- 02:07:28 [INFO] Target: 
boot
Using MAC Address 08:00:28:01:01:A0
TFTP from server 192.168.1.254; our IP address is 192.168.1.182
Filename 'vatf_5/a2ee362260b376d89675952b08e3de81'.
Load address: 0x80000000
Loading: *#################################################################
	 #################################################################
	 #################################################################
	 #################################################################
	 #################################################################
	 #################################################################
	 #################################################################
	 #################################################################
	 #################################################################
	 #################################################################
	 #################################################################
	 #################################################################
	 #################################################################
	 #######################################
done
Bytes transferred = 4524095 (45083f hex)
## Booting image at 80000000 ...
   Image Name:   Linux-4.0.0-rc4-00002-gccf115f2e
   Image Type:   ARM Linux Kernel Image (uncompressed)
   Data Size:    4524031 Bytes =  4.3 MB
   Load Address: 80800000
   Entry Point:  80800000
   Verifying Checksum ... OK
Starting kernel ...
[    0.000000] Booting Linux on physical CPU 0x0
[    0.000000] Initializing cgroup subsys cpuset
[    0.000000] Initializing cgroup subsys cpu
[    0.000000] Initializing cgroup subsys cpuacct
[    0.000000] Linux version 4.0.0-rc4-00002-gccf115f2e1f4 (nmenon@kahuna) (gcc version 4.6.3 (Ubuntu/Linaro 4.6.3-1ubuntu5) ) #1 SMP Mon Mar 16 02:03:38 CDT 2015
[    0.000000] CPU: ARMv6-compatible processor [4107b366] revision 6 (ARMv6TEJ), cr=00c5387d
[    0.000000] CPU: VIPT aliasing data cache, VIPT aliasing instruction cache
[    0.000000] Machine model: TI OMAP2430 SDP
[    0.000000] cma: Reserved 16 MiB at 0x86800000
[    0.000000] Memory policy: Data cache writeback
[    0.000000] CPU: All CPU(s) started in SVC mode.
[    0.000000] OMAP2430
[    0.000000] 
[    0.000000] PERCPU: Embedded 12 pages/cpu @c7d70000 s18496 r8192 d22464 u49152
[    0.000000] Built 1 zonelists in Zone order, mobility grouping on.  Total pages: 32224
[    0.000000] Kernel command line: console=ttyO0,115200n8 earlyprintk rootwait ip=dhcp root=/dev/nfs rw nfsroot=192.168.1.254:/usr/workdir/filesys/linux/sdp2430,nolock,wsize=1024,rsize=1024 nohlt
[    0.000000] PID hash table entries: 512 (order: -1, 2048 bytes)
[    0.000000] Dentry cache hash table entries: 16384 (order: 4, 65536 bytes)
[    0.000000] Inode-cache hash table entries: 8192 (order: 3, 32768 bytes)
[    0.000000] Memory: 94516K/130048K available (5891K kernel code, 595K rwdata, 2260K rodata, 428K init, 8219K bss, 19148K reserved, 16384K cma-reserved, 0K highmem)
[    0.000000] Virtual kernel memory layout:
[    0.000000]     vector  : 0xffff0000 - 0xffff1000   (   4 kB)
[    0.000000]     fixmap  : 0xffc00000 - 0xfff00000   (3072 kB)
[    0.000000]     vmalloc : 0xc8800000 - 0xff000000   ( 872 MB)
[    0.000000]     lowmem  : 0xc0000000 - 0xc8000000   ( 128 MB)
[    0.000000]     pkmap   : 0xbfe00000 - 0xc0000000   (   2 MB)
[    0.000000]     modules : 0xbf000000 - 0xbfe00000   (  14 MB)
[    0.000000]       .text : 0xc0008000 - 0xc07fe110   (8153 kB)
[    0.000000]       .init : 0xc07ff000 - 0xc086a000   ( 428 kB)
[    0.000000]       .data : 0xc086a000 - 0xc08fee28   ( 596 kB)
[    0.000000]        .bss : 0xc08fee28 - 0xc1105b88   (8220 kB)
[    0.000000] Hierarchical RCU implementation.
[    0.000000] 	Additional per-CPU info printed with stalls.
[    0.000000] 	RCU restricting CPUs from NR_CPUS=2 to nr_cpu_ids=1.
[    0.000000] RCU: Adjusting geometry for rcu_fanout_leaf=16, nr_cpu_ids=1
[    0.000000] NR_IRQS:16 nr_irqs:16 16
[    0.000000] IRQ: Found an INTC at 0xfa0fe000 (revision 3.0) with 96 interrupts
[    0.000000] Clocking rate (Crystal/DPLL/MPU): 13.0/660/330 MHz
[    0.000000] OMAP clockevent source: timer1 at 32768 Hz
[    0.000061] sched_clock: 32 bits at 32kHz, resolution 30517ns, wraps every 65536000000000ns
[    0.000091] OMAP clocksource: 32k_counter at 32768 Hz
[    0.000518] hw-breakpoint: CPUID feature registers not supported. Assuming v6 debug is present.
[    0.002624] Console: colour dummy device 80x30
[    0.002777] Lock dependency validator: Copyright (c) 2006 Red Hat, Inc., Ingo Molnar
[    0.002807] ... MAX_LOCKDEP_SUBCLASSES:  8
[    0.002838] ... MAX_LOCK_DEPTH:          48
[    0.002868] ... MAX_LOCKDEP_KEYS:        8191
[    0.002899] ... CLASSHASH_SIZE:          4096
[    0.002899] ... MAX_LOCKDEP_ENTRIES:     32768
[    0.002929] ... MAX_LOCKDEP_CHAINS:      65536
[    0.002960] ... CHAINHASH_SIZE:          32768
[    0.002990]  memory used by lock dependency info: 5167 kB
[    0.002990]  per task-struct memory footprint: 1152 bytes
[    0.003051] Calibrating delay loop... 326.86 BogoMIPS (lpj=1634304)
[    0.115936] pid_max: default: 32768 minimum: 301
[    0.116943] Security Framework initialized
[    0.117431] Mount-cache hash table entries: 1024 (order: 0, 4096 bytes)
[    0.117492] Mountpoint-cache hash table entries: 1024 (order: 0, 4096 bytes)
[    0.126953] Initializing cgroup subsys blkio
[    0.127044] Initializing cgroup subsys memory
[    0.127288] Initializing cgroup subsys devices
[    0.127532] Initializing cgroup subsys freezer
[    0.127960] Initializing cgroup subsys perf_event
[    0.128173] CPU: Testing write buffer coherency: ok
[    0.132324] missing device node for CPU 0
[    0.132385] CPU0: thread -1, cpu 0, socket -1, mpidr 4107b366
[    0.132598] Setting up static identity map for 0x80595dc8 - 0x80595e38
[    0.143798] Brought up 1 CPUs
[    0.143829] SMP: Total of 1 processors activated (326.86 BogoMIPS).
[    0.143859] CPU: All CPU(s) started in SVC mode.
[    0.154296] devtmpfs: initialized
[    0.177276] VFP support v0.3: implementor 41 architecture 1 part 20 variant b rev 2
[    0.273223] omap_hwmod: usb_otg_hs: _wait_target_ready failed: -16
[    0.273254] omap_hwmod: usb_otg_hs: cannot be enabled for reset (3)
[    0.298950] pinctrl core: initialized pinctrl subsystem
[    0.443481] NET: Registered protocol family 16
[    0.462402] DMA: preallocated 256 KiB pool for atomic coherent allocations
[    0.468261] cpuidle: using governor ladder
[    0.468322] cpuidle: using governor menu
[    0.524200] omap_gpio 4900c000.gpio: Could not get gpio dbck
[    0.530303] OMAP GPIO hardware version 2.4
[    0.532653] omap_gpio 4900e000.gpio: Could not get gpio dbck
[    0.538146] omap_gpio 49010000.gpio: Could not get gpio dbck
[    0.543395] omap_gpio 49012000.gpio: Could not get gpio dbck
[    0.548950] omap_gpio 480b6000.gpio: Could not get gpio dbck
[    0.554565] omap-gpmc 6e000000.gpmc: GPMC revision 3.0
[    0.567962] No ATAGs?
[    0.568145] hw-breakpoint: found 6 breakpoint and 1 watchpoint registers.
[    0.568176] hw-breakpoint: maximum watchpoint size is 4 bytes.
[    0.573699] OMAP DMA hardware revision 4.0
[    0.738555] omap-dma-engine 48056000.dma-controller: OMAP DMA engine driver
[    0.749359] SCSI subsystem initialized
[    0.757080] omap_i2c 48070000.i2c: bus 0 rev3.3 at 100 kHz
[    0.761169] omap_i2c 48072000.i2c: bus 1 rev3.3 at 100 kHz
[    0.774017] Switched to clocksource 32k_counter
[    1.185699] NET: Registered protocol family 2
[    1.191131] TCP established hash table entries: 1024 (order: 0, 4096 bytes)
[    1.191558] TCP bind hash table entries: 1024 (order: 3, 36864 bytes)
[    1.192687] TCP: Hash tables configured (established 1024 bind 1024)
[    1.193145] TCP: reno registered
[    1.193206] UDP hash table entries: 256 (order: 2, 20480 bytes)
[    1.194061] UDP-Lite hash table entries: 256 (order: 2, 20480 bytes)
[    1.196868] NET: Registered protocol family 1
[    1.201232] RPC: Registered named UNIX socket transport module.
[    1.201293] RPC: Registered udp transport module.
[    1.201324] RPC: Registered tcp transport module.
[    1.201354] RPC: Registered tcp NFSv4.1 backchannel transport module.
[    1.206176] hw perfevents: enabled with armv6_1136 PMU driver, 3 counters available
[    1.221557] futex hash table entries: 256 (order: 2, 16384 bytes)
[    1.222320] audit: initializing netlink subsys (disabled)
[    1.222991] audit: type=2000 audit(1.200:1): initialized
[    1.235870] VFS: Disk quotas dquot_6.5.2
[    1.236267] VFS: Dquot-cache hash table entries: 1024 (order 0, 4096 bytes)
[    1.243011] NFS: Registering the id_resolver key type
[    1.244537] Key type id_resolver registered
[    1.244598] Key type id_legacy registered
[    1.245147] jffs2: version 2.2. (NAND) (SUMMARY)   2001-2006 Red Hat, Inc.
[    1.259918] io scheduler noop registered
[    1.260009] io scheduler deadline registered
[    1.260162] io scheduler cfq registered (default)
[    1.267059] pinctrl-single 49002030.pinmux: 340 pins at pa fb002030 size 340
[    1.278808] Serial: 8250/16550 driver, 4 ports, IRQ sharing enabled
[    1.296752] omap_uart 4806a000.serial: no wakeirq for uart0
[    1.298126] 4806a000.serial: ttyO0 at MMIO 0x4806a000 (irq = 88, base_baud = 3000000) is a OMAP UART0
[    2.039550] console [ttyO0] enabled
[    2.052062] omap_uart 4806c000.serial: no wakeirq for uart0
[    2.058959] 4806c000.serial: ttyO1 at MMIO 0x4806c000 (irq = 89, base_baud = 3000000) is a OMAP UART1
[    2.072570] omap_uart 4806e000.serial: no wakeirq for uart0
[    2.079467] 4806e000.serial: ttyO2 at MMIO 0x4806e000 (irq = 90, base_baud = 3000000) is a OMAP UART2
[    2.175720] brd: module loaded
[    2.231109] loop: module loaded
[    2.268402] twl 1-0048: PIH (irq 23) chaining IRQs 274..282
[    2.275421] twl 1-0048: power (irq 279) chaining IRQs 282..289
[    2.419921] twl4030_gpio twl4030-gpio: gpio (irq 274) chaining IRQs 290..307
[    2.448974] mtdoops: mtd device (mtddev=name/number) must be supplied
[    2.475494] smc91x.c: v1.1, sep 22 2004 by Nicolas Pitre <nico@fluxnic.net>
[    2.488983] smc91x 8000300.ethernet eth0: SMC91C94 (rev 9) at c890a300 IRQ 261
[    2.496765] 
[    2.498382] smc91x 8000300.ethernet eth0: Ethernet addr: 08:00:28:01:01:a0
[    2.516143] mousedev: PS/2 mouse device common for all mice
[    2.522094] i2c /dev entries driver
[    2.532196] Driver 'mmcblk' needs updating - please use bus_type methods
[    2.596557] 480b4000.mmc supply vmmc not found, using dummy regulator
[    2.604125] omap_hsmmc 480b4000.mmc: could not set regulator OCR (-22)
[    2.612152] omap_hsmmc 480b4000.mmc: could not set regulator OCR (-22)
[    2.654937] ledtrig-cpu: registered to indicate activity on CPUs
[    2.664886] oprofile: using arm/armv6
[    2.670654] TCP: cubic registered
[    2.674407] Initializing XFRM netlink socket
[    2.679382] NET: Registered protocol family 17
[    2.684417] NET: Registered protocol family 15
[    2.690124] Key type dns_resolver registered
[    2.695220] SmartReflex Class3 initialized
[    2.726348] drivers/rtc/hctosys.c: unable to open rtc device (rtc0)
[    2.733001] sr_init: No PMIC hook to init smartreflex
[    2.739166] sr_init: platform driver register failed for SR
[    2.841796] smc91x 8000300.ethernet eth0: link up
[    2.864074] Sending DHCP requests ., OK
[    2.934417] IP-Config: Got DHCP answer from 192.168.1.254, my address is 192.168.1.182
[    2.944274] IP-Config: Complete:
[    2.947723]      device=eth0, hwaddr=08:00:28:01:01:a0, ipaddr=192.168.1.182, mask=255.255.255.0, gw=192.168.1.254
[    2.958770]      host=192.168.1.182, domain=ti.com, nis-domain=(none)
[    2.965667]      bootserver=192.168.1.254, rootserver=192.168.1.254, rootpath=
[    2.973083]      nameserver0=192.0.2.2, nameserver1=192.0.2.3
[    2.983978] VUSB3V1: disabling
[    3.046752] VFS: Mounted root (nfs filesystem) on device 0:14.
[    3.057800] devtmpfs: mounted
[    3.063323] Freeing unused kernel memory: 428K (c07ff000 - c086a000)
Mounting proc : OK
Mounting sysfs : OK
Mounting devtmpfs:mount: mounting none on /dev failed: Device or resource busy
boot mounted: OK
/dev/ttyO0 linked to /dev/tty-bd - using as console
******************************************
Starting System Init for GenericOMAP2430(FlattenedDeviceTree)
Release: X.x
Kernel: Linux GenericOMAP2430(FlattenedDeviceTree) 4.0.0-rc4-00002-gccf115f2e1f4 #1 SMP Mon Mar 16 02:03:38 CDT 2015 armv6l GNU/Linux
******************************************
Saving kernel ring buffer : OK
Mounting devpts : OK
Setting up networking
Configuring lo : OK
Configuring eth0 : OK - 192.168.1.182
Starting telnetd : OK
Starting syslogd : OK
Starting klogd : OK
Mounting filesystems : OK
mount: mounting none on /proc/bus/usb/ failed: No such file or directory
Please press Enter to activate this console. 
- 02:07:28 [INFO] Host: root
- 02:07:29 [INFO] Target: 
root
/ # 
- 02:07:29 [INFO] Host: uname -a
- 02:07:29 [INFO] Target: 
uname -a
Linux GenericOMAP2430(FlattenedDeviceTree) 4.0.0-rc4-00002-gccf115f2e1f4 #1 SMP Mon Mar 16 02:03:38 CDT 2015 armv6l GNU/Linux
/ # 
- 02:07:29 [INFO] Host: cat /proc/cmdline
- 02:07:30 [INFO] Target: 
cat /proc/cmdline
console=ttyO0,115200n8 earlyprintk rootwait ip=dhcp root=/dev/nfs rw nfsroot=192.168.1.254:/usr/workdir/filesys/linux/sdp2430,nolock,wsize=1024,rsize=1024 nohlt
/ # 
- 02:07:30 [INFO] Host: uname -a
- 02:07:30 [INFO] Target: 
uname -a
Linux GenericOMAP2430(FlattenedDeviceTree) 4.0.0-rc4-00002-gccf115f2e1f4 #1 SMP Mon Mar 16 02:03:38 CDT 2015 armv6l GNU/Linux
/ # 
- 02:07:30 [INFO] Host: cat /proc/mtd
- 02:07:31 [INFO] Target: 
cat /proc/mtd
dev:    size   erasesize  name
/ # 
URL:gtsystest.telogy.design.ti.com/vatf/tidfarm-02.dal.design.ti.com/tidfarm-02.dal.design.ti.com_vatf@5/tidfarm-02.dal.design.ti.com03_16_2015_02_06_53/files/session_iteration_1/test_1
