- 05:40:55 [INFO] Starting target session
- 05:40:55 [INFO] Connected to sdp2430 via serial 
- 05:40:55 [INFO] Host: #check prompt
- 05:40:58 [ERROR] On command: #check prompt waiting for #check prompt.+?(?-mix:((?-mix:activate this console)|[Pp]assword)) >>> error: execution expired
- 05:40:58 [INFO] Target: 
 #check prompt
/test # 
- 05:40:58 [INFO] Host: #check prompt
- 05:40:59 [INFO] Target: 
#check prompt
/test # 
- 05:40:59 [INFO] Host: sync;poweroff
- 05:41:03 [INFO] Target: 
sync;poweroff
[86346.434753] ------------[ cut here ]------------
[86346.439910] WARNING: CPU: 0 PID: 137 at mm/mmap.c:2859 exit_mmap+0x1a8/0x21c()
[86346.447509] Modules linked in:
[86346.450927] CPU: 0 PID: 137 Comm: sh Tainted: G        W       3.19.0-rc5-next-20150122-00002-g2ade5cea1b05 #1
[86346.461547] Hardware name: Generic OMAP2430 (Flattened Device Tree)
[86346.468231] [<c001545c>] (unwind_backtrace) from [<c0011a74>] (show_stack+0x10/0x14)
[86346.476531] [<c0011a74>] (show_stack) from [<c0586860>] (dump_stack+0x78/0x94)
[86346.484313] [<c0586860>] (dump_stack) from [<c003dc34>] (warn_slowpath_common+0x7c/0xb4)
[86346.492950] [<c003dc34>] (warn_slowpath_common) from [<c003dc88>] (warn_slowpath_null+0x1c/0x24)
[86346.502319] [<c003dc88>] (warn_slowpath_null) from [<c012f004>] (exit_mmap+0x1a8/0x21c)
[86346.510864] [<c012f004>] (exit_mmap) from [<c003b31c>] (mmput+0x44/0xec)
[86346.517974] [<c003b31c>] (mmput) from [<c01524e8>] (flush_old_exec+0x300/0x5a4)
[86346.525787] [<c01524e8>] (flush_old_exec) from [<c0196dac>] (load_elf_binary+0x2ec/0x1144)
[86346.534637] [<c0196dac>] (load_elf_binary) from [<c0152020>] (search_binary_handler+0x88/0x1ac)
[86346.543914] [<c0152020>] (search_binary_handler) from [<c015308c>] (do_execveat_common+0x538/0x6c4)
[86346.553558] [<c015308c>] (do_execveat_common) from [<c0153244>] (do_execve+0x2c/0x34)
[86346.561920] [<c0153244>] (do_execve) from [<c000e5e0>] (ret_fast_syscall+0x0/0x4c)
[86346.569976] ---[ end trace f46f25bc9a16b2dd ]---
[86346.612030] ------------[ cut here ]------------
[86346.616943] WARNING: CPU: 0 PID: 137 at mm/mmap.c:2859 exit_mmap+0x1a8/0x21c()
[86346.624755] Modules linked in:
[86346.628021] CPU: 0 PID: 137 Comm: sync Tainted: G        W       3.19.0-rc5-next-20150122-00002-g2ade5cea1b05 #1
[86346.638854] Hardware name: Generic OMAP2430 (Flattened Device Tree)
[86346.645599] [<c001545c>] (unwind_backtrace) from [<c0011a74>] (show_stack+0x10/0x14)
[86346.653900] [<c0011a74>] (show_stack) from [<c0586860>] (dump_stack+0x78/0x94)
[86346.661651] [<c0586860>] (dump_stack) from [<c003dc34>] (warn_slowpath_common+0x7c/0xb4)
[86346.670318] [<c003dc34>] (warn_slowpath_common) from [<c003dc88>] (warn_slowpath_null+0x1c/0x24)
[86346.679687] [<c003dc88>] (warn_slowpath_null) from [<c012f004>] (exit_mmap+0x1a8/0x21c)
[86346.688171] [<c012f004>] (exit_mmap) from [<c003b31c>] (mmput+0x44/0xec)
[86346.695343] [<c003b31c>] (mmput) from [<c00401e8>] (do_exit+0x2b4/0x9b8)
[86346.702514] [<c00401e8>] (do_exit) from [<c0040960>] (do_group_exit+0x48/0xbc)
[86346.710235] [<c0040960>] (do_group_exit) from [<c00409e4>] (__wake_up_parent+0x0/0x18)
[86346.718566] ---[ end trace f46f25bc9a16b2de ]---
[86346.743530] ------------[ cut here ]------------
[86346.748474] WARNING: CPU: 0 PID: 138 at mm/mmap.c:2859 exit_mmap+0x1a8/0x21c()
[86346.756317] Modules linked in:
[86346.759674] CPU: 0 PID: 138 Comm: sh Tainted: G        W       3.19.0-rc5-next-20150122-00002-g2ade5cea1b05 #1
[86346.770324] Hardware name: Generic OMAP2430 (Flattened Device Tree)
[86346.777008] [<c001545c>] (unwind_backtrace) from [<c0011a74>] (show_stack+0x10/0x14)
[86346.785308] [<c0011a74>] (show_stack) from [<c0586860>] (dump_stack+0x78/0x94)
[86346.793060] [<c0586860>] (dump_stack) from [<c003dc34>] (warn_slowpath_common+0x7c/0xb4)
[86346.801727] [<c003dc34>] (warn_slowpath_common) from [<c003dc88>] (warn_slowpath_null+0x1c/0x24)
[86346.811096] [<c003dc88>] (warn_slowpath_null) from [<c012f004>] (exit_mmap+0x1a8/0x21c)
[86346.819641] [<c012f004>] (exit_mmap) from [<c003b31c>] (mmput+0x44/0xec)
[86346.826721] [<c003b31c>] (mmput) from [<c01524e8>] (flush_old_exec+0x300/0x5a4)
[86346.834533] [<c01524e8>] (flush_old_exec) from [<c0196dac>] (load_elf_binary+0x2ec/0x1144)
[86346.843353] [<c0196dac>] (load_elf_binary) from [<c0152020>] (search_binary_handler+0x88/0x1ac)
[86346.852630] [<c0152020>] (search_binary_handler) from [<c015308c>] (do_execveat_common+0x538/0x6c4)
[86346.862304] [<c015308c>] (do_execveat_common) from [<c0153244>] (do_execve+0x2c/0x34)
[86346.870666] [<c0153244>] (do_execve) from [<c000e5e0>] (ret_fast_syscall+0x0/0x4c)
[86346.878662] ---[ end trace f46f25bc9a16b2df ]---
[86346.976196] ------------[ cut here ]------------
[86346.981292] WARNING: CPU: 0 PID: 138 at mm/mmap.c:2859 exit_mmap+0x1a8/0x21c()
[86346.988922] Modules linked in:
[86346.992309] CPU: 0 PID: 138 Comm: poweroff Tainted: G        W       3.19.0-rc5-next-20150122-00002-g2ade5cea1b05 #1
[86347.003570] Hardware name: Generic OMAP2430 (Flattened Device Tree)
[86347.010345] [<c001545c>] (unwind_backtrace) from [<c0011a74>] (show_stack+0x10/0x14)
[86347.018554] [<c0011a74>] (show_stack) from [<c0586860>] (dump_stack+0x78/0x94)
[86347.026336] [<c0586860>] (dump_stack) from [<c003dc34>] (warn_slowpath_common+0x7c/0xb4)
[86347.034973] [<c003dc34>] (warn_slowpath_common) from [<c003dc88>] (warn_slowpath_null+0x1c/0x24)
[86347.044372] [<c003dc88>] (warn_slowpath_null) from [<c012f004>] (exit_mmap+0x1a8/0x21c)
[86347.052917] [<c012f004>] (exit_mmap) from [<c003b31c>] (mmput+0x44/0xec)
[86347.060089] [<c003b31c>] (mmput) from [<c00401e8>] (do_exit+0x2b4/0x9b8)
[86347.067169] [<c00401e8>] (do_exit) from [<c0040960>] (do_group_exit+0x48/0xbc)
[86347.074890] [<c0040960>] (do_group_exit) from [<c00409e4>] (__wake_up_parent+0x0/0x18)
[86347.083312] ---[ end trace f46f25bc9a16b2e0 ]---
/test # umount: devtmpfs busy - remounted read-only
umount: can't remount 192.168.1.254:/usr/workdir/filesys/linux/s[86347.138732] ------------[ cut here ]------------
dp2430 read-only
[86347.147674] WARNING: CPU: 0 PID: 139 at mm/mmap.c:2859 exit_mmap+0x1a8/0x21c()
[86347.156829] Modules linked in:
[86347.160186] CPU: 0 PID: 139 Comm: umount Tainted: G        W       3.19.0-rc5-next-20150122-00002-g2ade5cea1b05 #1
[86347.171173] Hardware name: Generic OMAP2430 (Flattened Device Tree)
[86347.177856] [<c001545c>] (unwind_backtrace) from [<c0011a74>] (show_stack+0x10/0x14)
[86347.186126] [<c0011a74>] (show_stack) from [<c0586860>] (dump_stack+0x78/0x94)
[86347.193878] [<c0586860>] (dump_stack) from [<c003dc34>] (warn_slowpath_common+0x7c/0xb4)
[86347.202545] [<c003dc34>] (warn_slowpath_common) from [<c003dc88>] (warn_slowpath_null+0x1c/0x24)
[86347.211914] [<c003dc88>] (warn_slowpath_null) from [<c012f004>] (exit_mmap+0x1a8/0x21c)
[86347.220458] [<c012f004>] (exit_mmap) from [<c003b31c>] (mmput+0x44/0xec)
[86347.227539] [<c003b31c>] (mmput) from [<c00401e8>] (do_exit+0x2b4/0x9b8)
[86347.234710] [<c00401e8>] (do_exit) from [<c0040960>] (do_group_exit+0x48/0xbc)
[86347.242431] [<c0040960>] (do_group_exit) from [<c00409e4>] (__wake_up_parent+0x0/0x18)
[86347.250854] ---[ end trace f46f25bc9a16b2e1 ]---
[86347.292236] ------------[ cut here ]------------
[86347.297149] WARNING: CPU: 0 PID: 140 at mm/mmap.c:2859 exit_mmap+0x1a8/0x21c()
[86347.304992] Modules linked in:
[86347.308258] CPU: 0 PID: 140 Comm: swapoff Tainted: G        W       3.19.0-rc5-next-20150122-00002-g2ade5cea1b05 #1
[86347.319366] Hardware name: Generic OMAP2430 (Flattened Device Tree)
[86347.326049] [<c001545c>] (unwind_backtrace) from [<c0011a74>] (show_stack+0x10/0x14)
[86347.334350] [<c0011a74>] (show_stack) from [<c0586860>] (dump_stack+0x78/0x94)
[86347.342102] [<c0586860>] (dump_stack) from [<c003dc34>] (warn_slowpath_common+0x7c/0xb4)
[86347.350738] [<c003dc34>] (warn_slowpath_common) from [<c003dc88>] (warn_slowpath_null+0x1c/0x24)
[86347.360107] [<c003dc88>] (warn_slowpath_null) from [<c012f004>] (exit_mmap+0x1a8/0x21c)
[86347.368591] [<c012f004>] (exit_mmap) from [<c003b31c>] (mmput+0x44/0xec)
[86347.375762] [<c003b31c>] (mmput) from [<c00401e8>] (do_exit+0x2b4/0x9b8)
[86347.382934] [<c00401e8>] (do_exit) from [<c0040960>] (do_group_exit+0x48/0xbc)
[86347.390624] [<c0040960>] (do_group_exit) from [<c00409e4>] (__wake_up_parent+0x0/0x18)
[86347.398986] ---[ end trace f46f25bc9a16b2e2 ]---
The system is going down NOW!
[86347.416046] ------------[ cut here ]------------
[86347.421142] WARNING: CPU: 0 PID: 82 at mm/mmap.c:2859 exit_mmap+0x1a8/0x21c()
[86347.428680] Modules linked in:
[86347.432067] CPU: 0 PID: 82 Comm: telnetd Tainted: G        W       3.19.0-rc5-next-20150122-00002-g2ade5cea1b05 #1
[86347.443054] Hardware name: Generic OMAP2430 (Flattened Device Tree)
[86347.449829] [<c001545c>] (unwind_backtrace) from [<c0011a74>] (show_stack+0x10/0x14)
[86347.458038] [<c0011a74>] (show_stack) from [<c0586860>] (dump_stack+0x78/0x94)
[86347.465789] [<c0586860>] (dump_stack) from [<c003dc34>] (warn_slowpath_common+0x7c/0xb4)
[86347.474456] [<c003dc34>] (warn_slowpath_common) from [<c003dc88>] (warn_slowpath_null+0x1c/0x24)
[86347.483856] [<c003dc88>] (warn_slowpath_null) from [<c012f004>] (exit_mmap+0x1a8/0x21c)
[86347.492401] [<c012f004>] (exit_mmap) from [<c003b31c>] (mmput+0x44/0xec)
[86347.499572] [<c003b31c>] (mmput) from [<c00401e8>] (do_exit+0x2b4/0x9b8)
[86347.506683] [<c00401e8>] (do_exit) from [<c0040960>] (do_group_exit+0x48/0xbc)
[86347.514404] [<c0040960>] (do_group_exit) from [<c004ac6c>] (get_signal+0x3ac/0x70c)
[86347.522583] [<c004ac6c>] (get_signal) from [<c05831c4>] (do_signal+0x7c/0x35c)
[86347.530334] [<c05831c4>] (do_signal) from [<c0011478>] (do_work_pending+0xb8/0xd0)
[86347.538330] [<c0011478>] (do_work_pending) from [<c000e63c>] (work_pending+0xc/0x20)
[86347.546600] ---[ end trace f46f25bc9a16b2e3 ]---
[86347.557891] ------------[ cut here ]------------
[86347.563018] WARNING: CPU: 0 PID: 86 at mm/mmap.c:2859 exit_mmap+0x1a8/0x21c()
[86347.570648] Modules linked in:
[86347.573913] CPU: 0 PID: 86 Comm: syslogd Tainted: G        W       3.19.0-rc5-next-20150122-00002-g2ade5cea1b05 #1
[86347.584899] Hardware name: Generic OMAP2430 (Flattened Device Tree)
[86347.591644] [<c001545c>] (unwind_backtrace) from [<c0011a74>] (show_stack+0x10/0x14)
[86347.599945] [<c0011a74>] (show_stack) from [<c0586860>] (dump_stack+0x78/0x94)
[86347.607604] [<c0586860>] (dump_stack) from [<c003dc34>] (warn_slowpath_common+0x7c/0xb4)
[86347.616271] [<c003dc34>] (warn_slowpath_common) from [<c003dc88>] (warn_slowpath_null+0x1c/0x24)
[86347.625640] [<c003dc88>] (warn_slowpath_null) from [<c012f004>] (exit_mmap+0x1a8/0x21c)
[86347.634185] [<c012f004>] (exit_mmap) from [<c003b31c>] (mmput+0x44/0xec)
[86347.641357] [<c003b31c>] (mmput) from [<c00401e8>] (do_exit+0x2b4/0x9b8)
[86347.648437] [<c00401e8>] (do_exit) from [<c0040960>] (do_group_exit+0x48/0xbc)
[86347.656158] [<c0040960>] (do_group_exit) from [<c004ac6c>] (get_signal+0x3ac/0x70c)
[86347.664306] [<c004ac6c>] (get_signal) from [<c05831c4>] (do_signal+0x7c/0x35c)
[86347.672058] [<c05831c4>] (do_signal) from [<c0011478>] (do_work_pending+0xb8/0xd0)
[86347.680114] [<c0011478>] (do_work_pending) from [<c000e63c>] (work_pending+0xc/0x20)
[86347.688293] ---[ end trace f46f25bc9a16b2e4 ]---
Sent SIGTERM to all processes
[86347.713867] ------------[ cut here ]------------
[86347.718811] WARNING: CPU: 0 PID: 88 at mm/mmap.c:2859 exit_mmap+0x1a8/0x21c()
[86347.726470] Modules linked in:
[86347.729827] CPU: 0 PID: 88 Comm: klogd Tainted: G        W       3.19.0-rc5-next-20150122-00002-g2ade5cea1b05 #1
[86347.740631] Hardware name: Generic OMAP2430 (Flattened Device Tree)
[86347.747283] [<c001545c>] (unwind_backtrace) from [<c0011a74>] (show_stack+0x10/0x14)
[86347.755584] [<c0011a74>] (show_stack) from [<c0586860>] (dump_stack+0x78/0x94)
[86347.763336] [<c0586860>] (dump_stack) from [<c003dc34>] (warn_slowpath_common+0x7c/0xb4)
[86347.771972] [<c003dc34>] (warn_slowpath_common) from [<c003dc88>] (warn_slowpath_null+0x1c/0x24)
[86347.781341] [<c003dc88>] (warn_slowpath_null) from [<c012f004>] (exit_mmap+0x1a8/0x21c)
[86347.789886] [<c012f004>] (exit_mmap) from [<c003b31c>] (mmput+0x44/0xec)
[86347.796997] [<c003b31c>] (mmput) from [<c00401e8>] (do_exit+0x2b4/0x9b8)
[86347.804138] [<c00401e8>] (do_exit) from [<c0040960>] (do_group_exit+0x48/0xbc)
[86347.811859] [<c0040960>] (do_group_exit) from [<c004ac6c>] (get_signal+0x3ac/0x70c)
[86347.820037] [<c004ac6c>] (get_signal) from [<c05831c4>] (do_signal+0x7c/0x35c)
[86347.827667] [<c05831c4>] (do_signal) from [<c0011478>] (do_work_pending+0xb8/0xd0)
[86347.835754] [<c0011478>] (do_work_pending) from [<c000e63c>] (work_pending+0xc/0x20)
[86347.843994] ---[ end trace f46f25bc9a16b2e5 ]---
Sent SIGKILL to all processes
[86348.856079] ------------[ cut here ]------------
[86348.861145] WARNING: CPU: 0 PID: 92 at mm/mmap.c:2859 exit_mmap+0x1a8/0x21c()
[86348.868682] Modules linked in:
[86348.872039] CPU: 0 PID: 92 Comm: sh Tainted: G        W       3.19.0-rc5-next-20150122-00002-g2ade5cea1b05 #1
[86348.882568] Hardware name: Generic OMAP2430 (Flattened Device Tree)
[86348.889251] [<c001545c>] (unwind_backtrace) from [<c0011a74>] (show_stack+0x10/0x14)
[86348.897521] [<c0011a74>] (show_stack) from [<c0586860>] (dump_stack+0x78/0x94)
[86348.905303] [<c0586860>] (dump_stack) from [<c003dc34>] (warn_slowpath_common+0x7c/0xb4)
[86348.913970] [<c003dc34>] (warn_slowpath_common) from [<c003dc88>] (warn_slowpath_null+0x1c/0x24)
[86348.923339] [<c003dc88>] (warn_slowpath_null) from [<c012f004>] (exit_mmap+0x1a8/0x21c)
[86348.931884] [<c012f004>] (exit_mmap) from [<c003b31c>] (mmput+0x44/0xec)
[86348.938964] [<c003b31c>] (mmput) from [<c00401e8>] (do_exit+0x2b4/0x9b8)
[86348.946136] [<c00401e8>] (do_exit) from [<c0040960>] (do_group_exit+0x48/0xbc)
[86348.953857] [<c0040960>] (do_group_exit) from [<c004ac6c>] (get_signal+0x3ac/0x70c)
[86348.962036] [<c004ac6c>] (get_signal) from [<c05831c4>] (do_signal+0x7c/0x35c)
[86348.969757] [<c05831c4>] (do_signal) from [<c0011478>] (do_work_pending+0xb8/0xd0)
[86348.977752] [<c0011478>] (do_work_pending) from [<c000e63c>] (work_pending+0xc/0x20)
[86348.985992] ---[ end trace f46f25bc9a16b2e6 ]---
Requesting system poweroff
[86350.003448] reboot: System halted
- 05:41:03 [INFO] Disconnected serial from sdp2430
- 05:41:04 [INFO] Connected to sdp2430 via serial 
- 05:41:04 [INFO] Host: 
- 05:41:04 [ERROR] On command:  waiting for (?-mix:OMAP243X\sSDP\s#) >>> error: execution expired
- 05:41:04 [INFO] Target: 
- 05:41:04 [INFO] Host: 
- 05:41:05 [ERROR] On command:  waiting for (?-mix:OMAP243X\sSDP\s#) >>> error: execution expired
- 05:41:05 [INFO] Target: 
U-Boot 1.1.3 (Mar  2 2007 - 11:17:49)
U-Boot code: 80E80000 -> 80EA2A4C  BSS: -> 80EA8BF0
- 05:41:05 [INFO] Host: 
- 05:41:05 [ERROR] On command:  waiting for (?-mix:OMAP243X\sSDP\s#) >>> error: execution expired
- 05:41:05 [INFO] Target: 
OMAP2430C-GP revision 3, PRCM #2
TI 2430SDP 0.1 Version + mDDR (Boot NOR)
RAM Configuration:
Bank #0: 80000000 128 MB
Bank #1: 88000000  0 kB
Flash: 192 MB
NAND:64 MB
In:    serial
Out:   serial
Err:   serial
- 05:41:05 [INFO] Host: 
- 05:41:06 [INFO] Target: 
Hit any key to stop autoboot:  3  0 
OMAP243X SDP # 
OMAP243X SDP # 
- 05:41:06 [INFO] Host: version
- 05:41:06 [INFO] Target: 
version
U-Boot 1.1.3 (Mar  2 2007 - 11:17:49)
OMAP243X SDP # 
- 05:41:06 [INFO] Host: bdinfo
- 05:41:07 [INFO] Target: 
bdinfo
arch_number = 0x00000384
env_t       = 0x00000000
boot_params = 0x80000100
DRAM bank   = 0x00000000
-> start    = 0x80000000
-> size     = 0x08000000
DRAM bank   = 0x00000001
-> start    = 0x88000000
-> size     = 0x00000000
ethaddr     = 08:00:28:01:01:A0
ip_addr     = 128.247.91.37
baudrate    = 115200 bps
OMAP243X SDP # 
- 05:41:07 [INFO] Host: printenv
- 05:41:07 [INFO] Target: 
printenv
bootdelay=3
baudrate=115200
ethaddr=08:00:28:01:01:A0
bootcmd=dhcp;bootm
bootfile=/tftpboot/kernel/uImage.omap2430-sdp
gatewayip=128.247.90.1
netmask=255.255.254.0
hostname=dhcp-128-247-91-37
ipaddr=128.247.91.37
serverip=128.247.91.123
bootargs=console=ttyO0,115200n8 noinitrd debug ignore_loglevel earlyprintk ip=dhcp root=/dev/nfs rw nfsroot=128.247.91.123:/nfs/sdp2430/,nolock,wsize=1024,rsize=1024 rootwait init=/bin/sh nohlt
stdin=serial
stdout=serial
stderr=serial
Environment size: 472/131068 bytes
OMAP243X SDP # 
- 05:41:07 [INFO] Host: setenv autoload 'no'
- 05:41:08 [INFO] Target: 
setenv autoload 'no'
OMAP243X SDP # 
- 05:41:08 [INFO] Host: dhcp
- 05:41:09 [INFO] Target: 
dhcp
Using MAC Address 08:00:28:01:01:A0
BOOTP broadcast 1
DHCP client bound to address 192.168.1.182
OMAP243X SDP # 
- 05:41:09 [INFO] Host: setenv serverip 192.168.1.254
- 05:41:10 [INFO] Target: 
setenv serverip 192.168.1.254
OMAP243X SDP # 
- 05:41:10 [INFO] Host: setenv bootargs 'console=ttyO0,115200n8 earlyprintk rootwait ip=dhcp root=/dev/nfs rw nfsroot=192.168.1.254:/usr/workdir/filesys/linux/sdp2430,nolock,wsize=1024,rsize=1024 nohlt'
- 05:41:10 [INFO] Target: 
setenv bootargs 'console=ttyO0,115200n8 earlyprintk rootwait ip=dhcp root=/dev/nfs rw nfsroot=192.168.1.254:/usr/workdir/filesys/linux/sdp2430,nolock,wsize=1024,rsize=1024 nohlt'
OMAP243X SDP # 
- 05:41:10 [INFO] Host: setenv bootfile vatf_5/588d62822a2e83dd0db88ba99dbb70cd
- 05:41:11 [INFO] Target: 
setenv bootfile vatf_5/588d62822a2e83dd0db88ba99dbb70cd
OMAP243X SDP # 
- 05:41:11 [INFO] Host: setenv bootcmd 'tftp ${loadaddr};bootm ${loadaddr}'
- 05:41:11 [INFO] Target: 
setenv bootcmd 'tftp ${loadaddr};bootm ${loadaddr}'
OMAP243X SDP # 
- 05:41:11 [INFO] Host: printenv
- 05:41:12 [INFO] Target: 
printenv
bootdelay=3
baudrate=115200
ethaddr=08:00:28:01:01:A0
hostname=dhcp-128-247-91-37
stdin=serial
stdout=serial
stderr=serial
autoload=no
gatewayip=192.168.1.254
netmask=255.255.255.0
ipaddr=192.168.1.182
serverip=192.168.1.254
bootargs=console=ttyO0,115200n8 earlyprintk rootwait ip=dhcp root=/dev/nfs rw nfsroot=192.168.1.254:/usr/workdir/filesys/linux/sdp2430,nolock,wsize=1024,rsize=1024 nohlt
bootfile=vatf_5/588d62822a2e83dd0db88ba99dbb70cd
bootcmd=tftp ${loadaddr};bootm ${loadaddr}
Environment size: 487/131068 bytes
OMAP243X SDP # 
- 05:41:12 [INFO] Host: boot
- 05:41:41 [INFO] Target: 
boot
Using MAC Address 08:00:28:01:01:A0
TFTP from server 192.168.1.254; our IP address is 192.168.1.182
Filename 'vatf_5/588d62822a2e83dd0db88ba99dbb70cd'.
Load address: 0x80000000
Loading: *#################################################################
	 #################################################################
	 #################################################################
	 #################################################################
	 #################################################################
	 #################################################################
	 #################################################################
	 #################################################################
	 #################################################################
	 #################################################################
	 #################################################################
	 #################################################################
	 #################################################################
	 ###################################
done
Bytes transferred = 4503321 (44b719 hex)
## Booting image at 80000000 ...
   Image Name:   Linux-3.19.0-rc5-next-20150123-0
   Image Type:   ARM Linux Kernel Image (uncompressed)
   Data Size:    4503257 Bytes =  4.3 MB
   Load Address: 80800000
   Entry Point:  80800000
   Verifying Checksum ... OK
Starting kernel ...
[    0.000000] Booting Linux on physical CPU 0x0
[    0.000000] Initializing cgroup subsys cpuset
[    0.000000] Initializing cgroup subsys cpu
[    0.000000] Initializing cgroup subsys cpuacct
[    0.000000] Linux version 3.19.0-rc5-next-20150123-00002-g668191ac684c (nmenon@kahuna) (gcc version 4.6.3 (Ubuntu/Linaro 4.6.3-1ubuntu5) ) #1 SMP Fri Jan 23 05:37:30 CST 2015
[    0.000000] CPU: ARMv6-compatible processor [4107b366] revision 6 (ARMv6TEJ), cr=00c5387d
[    0.000000] CPU: VIPT aliasing data cache, VIPT aliasing instruction cache
[    0.000000] Machine model: TI OMAP2430 SDP
[    0.000000] cma: Reserved 16 MiB at 0x86800000
[    0.000000] Memory policy: Data cache writeback
[    0.000000] CPU: All CPU(s) started in SVC mode.
[    0.000000] OMAP2430
[    0.000000] 
[    0.000000] PERCPU: Embedded 12 pages/cpu @c7d70000 s19392 r8192 d21568 u49152
[    0.000000] Built 1 zonelists in Zone order, mobility grouping on.  Total pages: 32224
[    0.000000] Kernel command line: console=ttyO0,115200n8 earlyprintk rootwait ip=dhcp root=/dev/nfs rw nfsroot=192.168.1.254:/usr/workdir/filesys/linux/sdp2430,nolock,wsize=1024,rsize=1024 nohlt
[    0.000000] PID hash table entries: 512 (order: -1, 2048 bytes)
[    0.000000] Dentry cache hash table entries: 16384 (order: 4, 65536 bytes)
[    0.000000] Inode-cache hash table entries: 8192 (order: 3, 32768 bytes)
[    0.000000] Memory: 94524K/130048K available (5866K kernel code, 616K rwdata, 2248K rodata, 436K init, 8220K bss, 19140K reserved, 16384K cma-reserved, 0K highmem)
[    0.000000] Virtual kernel memory layout:
[    0.000000]     vector  : 0xffff0000 - 0xffff1000   (   4 kB)
[    0.000000]     fixmap  : 0xffc00000 - 0xfff00000   (3072 kB)
[    0.000000]     vmalloc : 0xc8800000 - 0xff000000   ( 872 MB)
[    0.000000]     lowmem  : 0xc0000000 - 0xc8000000   ( 128 MB)
[    0.000000]     pkmap   : 0xbfe00000 - 0xc0000000   (   2 MB)
[    0.000000]     modules : 0xbf000000 - 0xbfe00000   (  14 MB)
[    0.000000]       .text : 0xc0008000 - 0xc07f4cc4   (8116 kB)
[    0.000000]       .init : 0xc07f5000 - 0xc0862000   ( 436 kB)
[    0.000000]       .data : 0xc0862000 - 0xc08fc268   ( 617 kB)
[    0.000000]        .bss : 0xc08fc268 - 0xc1103408   (8221 kB)
[    0.000000] Hierarchical RCU implementation.
[    0.000000] 	Additional per-CPU info printed with stalls.
[    0.000000] 	RCU restricting CPUs from NR_CPUS=2 to nr_cpu_ids=1.
[    0.000000] RCU: Adjusting geometry for rcu_fanout_leaf=16, nr_cpu_ids=1
[    0.000000] NR_IRQS:16 nr_irqs:16 16
[    0.000000] IRQ: Found an INTC at 0xfa0fe000 (revision 3.0) with 96 interrupts
[    0.000000] Clocking rate (Crystal/DPLL/MPU): 13.0/660/330 MHz
[    0.000000] OMAP clockevent source: timer1 at 32768 Hz
[    0.000030] sched_clock: 32 bits at 32kHz, resolution 30517ns, wraps every 65536000000000ns
[    0.000061] OMAP clocksource: 32k_counter at 32768 Hz
[    0.000457] hw-breakpoint: CPUID feature registers not supported. Assuming v6 debug is present.
[    0.002563] Console: colour dummy device 80x30
[    0.002716] Lock dependency validator: Copyright (c) 2006 Red Hat, Inc., Ingo Molnar
[    0.002746] ... MAX_LOCKDEP_SUBCLASSES:  8
[    0.002777] ... MAX_LOCK_DEPTH:          48
[    0.002777] ... MAX_LOCKDEP_KEYS:        8191
[    0.002807] ... CLASSHASH_SIZE:          4096
[    0.002838] ... MAX_LOCKDEP_ENTRIES:     32768
[    0.002868] ... MAX_LOCKDEP_CHAINS:      65536
[    0.002868] ... CHAINHASH_SIZE:          32768
[    0.002899]  memory used by lock dependency info: 5167 kB
[    0.002929]  per task-struct memory footprint: 1152 bytes
[    0.002990] Calibrating delay loop... 326.86 BogoMIPS (lpj=1634304)
[    0.115997] pid_max: default: 32768 minimum: 301
[    0.117004] Security Framework initialized
[    0.117431] Mount-cache hash table entries: 1024 (order: 0, 4096 bytes)
[    0.117492] Mountpoint-cache hash table entries: 1024 (order: 0, 4096 bytes)
[    0.126586] Initializing cgroup subsys blkio
[    0.126708] Initializing cgroup subsys memory
[    0.126922] Initializing cgroup subsys devices
[    0.127166] Initializing cgroup subsys freezer
[    0.127593] Initializing cgroup subsys perf_event
[    0.127807] CPU: Testing write buffer coherency: ok
[    0.131866] missing device node for CPU 0
[    0.131927] CPU0: thread -1, cpu 0, socket -1, mpidr 4107b366
[    0.132141] Setting up static identity map for 0x8058f3c8 - 0x8058f438
[    0.143096] Brought up 1 CPUs
[    0.143127] SMP: Total of 1 processors activated (326.86 BogoMIPS).
[    0.143157] CPU: All CPU(s) started in SVC mode.
[    0.153442] devtmpfs: initialized
[    0.176269] VFP support v0.3: implementor 41 architecture 1 part 20 variant b rev 2
[    0.271057] omap_hwmod: usb_otg_hs: _wait_target_ready failed: -16
[    0.271087] omap_hwmod: usb_otg_hs: cannot be enabled for reset (3)
[    0.296813] pinctrl core: initialized pinctrl subsystem
[    0.439636] NET: Registered protocol family 16
[    0.462097] DMA: preallocated 256 KiB pool for atomic coherent allocations
[    0.468231] cpuidle: using governor ladder
[    0.468322] cpuidle: using governor menu
[    0.523773] omap_gpio 4900c000.gpio: Could not get gpio dbck
[    0.529907] OMAP GPIO hardware version 2.4
[    0.532043] omap_gpio 4900e000.gpio: Could not get gpio dbck
[    0.537567] omap_gpio 49010000.gpio: Could not get gpio dbck
[    0.542785] omap_gpio 49012000.gpio: Could not get gpio dbck
[    0.548339] omap_gpio 480b6000.gpio: Could not get gpio dbck
[    0.553955] omap-gpmc 6e000000.gpmc: GPMC revision 3.0
[    0.567230] No ATAGs?
[    0.567382] hw-breakpoint: found 6 breakpoint and 1 watchpoint registers.
[    0.567413] hw-breakpoint: maximum watchpoint size is 4 bytes.
[    0.573028] OMAP DMA hardware revision 4.0
[    0.735626] omap-dma-engine 48056000.dma-controller: OMAP DMA engine driver
[    0.746459] SCSI subsystem initialized
[    0.754089] omap_i2c 48070000.i2c: bus 0 rev3.3 at 100 kHz
[    0.765563] omap_i2c 48072000.i2c: bus 1 rev3.3 at 100 kHz
[    0.779510] Switched to clocksource 32k_counter
[    1.229400] NET: Registered protocol family 2
[    1.234283] TCP established hash table entries: 1024 (order: 0, 4096 bytes)
[    1.234710] TCP bind hash table entries: 1024 (order: 3, 36864 bytes)
[    1.235870] TCP: Hash tables configured (established 1024 bind 1024)
[    1.236297] TCP: reno registered
[    1.236389] UDP hash table entries: 256 (order: 2, 20480 bytes)
[    1.237030] UDP-Lite hash table entries: 256 (order: 2, 20480 bytes)
[    1.240356] NET: Registered protocol family 1
[    1.245208] RPC: Registered named UNIX socket transport module.
[    1.245269] RPC: Registered udp transport module.
[    1.245300] RPC: Registered tcp transport module.
[    1.245330] RPC: Registered tcp NFSv4.1 backchannel transport module.
[    1.250061] hw perfevents: enabled with armv6_1136 PMU driver, 3 counters available
[    1.265045] futex hash table entries: 256 (order: 2, 16384 bytes)
[    1.265716] audit: initializing netlink subsys (disabled)
[    1.266296] audit: type=2000 audit(1.250:1): initialized
[    1.279357] VFS: Disk quotas dquot_6.5.2
[    1.279754] VFS: Dquot-cache hash table entries: 1024 (order 0, 4096 bytes)
[    1.287292] NFS: Registering the id_resolver key type
[    1.288787] Key type id_resolver registered
[    1.288848] Key type id_legacy registered
[    1.289398] jffs2: version 2.2. (NAND) (SUMMARY)   2001-2006 Red Hat, Inc.
[    1.303344] io scheduler noop registered
[    1.303436] io scheduler deadline registered
[    1.303588] io scheduler cfq registered (default)
[    1.309661] pinctrl-single 49002030.pinmux: 340 pins at pa fb002030 size 340
[    1.321289] Serial: 8250/16550 driver, 4 ports, IRQ sharing enabled
[    1.339324] omap_uart 4806a000.serial: no wakeirq for uart0
[    1.340728] 4806a000.serial: ttyO0 at MMIO 0x4806a000 (irq = 88, base_baud = 3000000) is a OMAP UART0
[    2.085296] console [ttyO0] enabled
[    2.095550] omap_uart 4806c000.serial: no wakeirq for uart0
[    2.102447] 4806c000.serial: ttyO1 at MMIO 0x4806c000 (irq = 89, base_baud = 3000000) is a OMAP UART1
[    2.115966] omap_uart 4806e000.serial: no wakeirq for uart0
[    2.122863] 4806e000.serial: ttyO2 at MMIO 0x4806e000 (irq = 90, base_baud = 3000000) is a OMAP UART2
[    2.220611] brd: module loaded
[    2.276214] loop: module loaded
[    2.314361] twl 1-0048: PIH (irq 23) chaining IRQs 274..282
[    2.321350] twl 1-0048: power (irq 279) chaining IRQs 282..289
[    2.465576] twl4030_gpio twl4030-gpio: gpio (irq 274) chaining IRQs 290..307
[    2.494720] mtdoops: mtd device (mtddev=name/number) must be supplied
[    2.519653] smc91x.c: v1.1, sep 22 2004 by Nicolas Pitre <nico@fluxnic.net>
[    2.533111] smc91x 8000300.ethernet eth0: SMC91C94 (rev 9) at c890a300 IRQ 261
[    2.540863] 
[    2.542480] smc91x 8000300.ethernet eth0: Ethernet addr: 08:00:28:01:01:a0
[    2.560394] mousedev: PS/2 mouse device common for all mice
[    2.566345] i2c /dev entries driver
[    2.576477] Driver 'mmcblk' needs updating - please use bus_type methods
[    2.640869] 480b4000.mmc supply vmmc not found, using dummy regulator
[    2.648498] omap_hsmmc 480b4000.mmc: could not set regulator OCR (-22)
[    2.656585] omap_hsmmc 480b4000.mmc: could not set regulator OCR (-22)
[    2.699615] ledtrig-cpu: registered to indicate activity on CPUs
[    2.709564] oprofile: using arm/armv6
[    2.715423] TCP: cubic registered
[    2.719177] Initializing XFRM netlink socket
[    2.724121] NET: Registered protocol family 17
[    2.729156] NET: Registered protocol family 15
[    2.734802] Key type dns_resolver registered
[    2.739898] SmartReflex Class3 initialized
[    2.772338] drivers/rtc/hctosys.c: unable to open rtc device (rtc0)
[    2.779205] sr_init: No PMIC hook to init smartreflex
[    2.785247] sr_init: platform driver register failed for SR
[    2.898834] smc91x 8000300.ethernet eth0: link up
[    2.918731] Sending DHCP requests ., OK
[    2.989105] IP-Config: Got DHCP answer from 192.168.1.254, my address is 192.168.1.182
[    2.998992] IP-Config: Complete:
[    3.002471]      device=eth0, hwaddr=08:00:28:01:01:a0, ipaddr=192.168.1.182, mask=255.255.255.0, gw=192.168.1.254
[    3.013488]      host=192.168.1.182, domain=ti.com, nis-domain=(none)
[    3.020385]      bootserver=192.168.1.254, rootserver=192.168.1.254, rootpath=
[    3.027832]      nameserver0=192.0.2.2, nameserver1=192.0.2.3
[    3.040100] VUSB3V1: disabling
[    3.100067] VFS: Mounted root (nfs filesystem) on device 0:14.
[    3.111114] devtmpfs: mounted
[    3.116699] Freeing unused kernel memory: 436K (c07f5000 - c0862000)
[   12.299346] nfs: server 192.168.1.254 not responding, still trying
[   12.308105] nfs: server 192.168.1.254 OK
Mounting proc : OK
Mounting sysfs : OK
Mounting devtmpfs:mount: mounting none on /dev failed: Device or resource busy
boot mounted: OK
/dev/ttyO0 linked to /dev/tty-bd - using as console
******************************************
Starting System Init for GenericOMAP2430(FlattenedDeviceTree)
Release: X.x
Kernel: Linux GenericOMAP2430(FlattenedDeviceTree) 3.19.0-rc5-next-20150123-00002-g668191ac684c #1 SMP Fri Jan 23 05:37:30 CST 2015 armv6l GNU/Linux
******************************************
Saving kernel ring buffer : OK
Mounting devpts : OK
Setting up networking
Configuring lo : OK
Configuring eth0 : OK - 192.168.1.182
Starting telnetd : OK
Starting syslogd : OK
Starting klogd : OK
Mounting filesystems : OK
mount: mounting none on /proc/bus/usb/ failed: No such file or directory
Please press Enter to activate this console. 
- 05:41:41 [INFO] Host: root
- 05:41:42 [INFO] Target: 
root
/ # 
- 05:41:42 [INFO] Host: uname -a
- 05:41:42 [INFO] Target: 
uname -a
Linux GenericOMAP2430(FlattenedDeviceTree) 3.19.0-rc5-next-20150123-00002-g668191ac684c #1 SMP Fri Jan 23 05:37:30 CST 2015 armv6l GNU/Linux
/ # 
- 05:41:42 [INFO] Host: cat /proc/cmdline
- 05:41:43 [INFO] Target: 
cat /proc/cmdline
console=ttyO0,115200n8 earlyprintk rootwait ip=dhcp root=/dev/nfs rw nfsroot=192.168.1.254:/usr/workdir/filesys/linux/sdp2430,nolock,wsize=1024,rsize=1024 nohlt
/ # 
- 05:41:43 [INFO] Host: uname -a
- 05:41:43 [INFO] Target: 
uname -a
Linux GenericOMAP2430(FlattenedDeviceTree) 3.19.0-rc5-next-20150123-00002-g668191ac684c #1 SMP Fri Jan 23 05:37:30 CST 2015 armv6l GNU/Linux
/ # 
- 05:41:43 [INFO] Host: cat /proc/mtd
- 05:41:44 [INFO] Target: 
cat /proc/mtd
dev:    size   erasesize  name
/ # 
- 05:41:49 [INFO] Host: export IPERFHOST=192.168.1.254
- 05:41:50 [INFO] Target: 
export IPERFHOST=192.168.1.254
/ # 
- 05:41:50 [INFO] Host: export NFS_SERVER=192.168.1.254
- 05:41:50 [INFO] Target: 
export NFS_SERVER=192.168.1.254
/ # 
- 05:41:50 [INFO] Host: export NFS_ROOT_PATH=/usr/workdir/filesys/linux/sdp2430
- 05:41:51 [INFO] Target: 
export NFS_ROOT_PATH=/usr/workdir/filesys/linux/sdp2430
/ # 
- 05:41:51 [INFO] Host: mkdir -p -m 777 /test
- 05:41:51 [INFO] Target: 
mkdir -p -m 777 /test
/ # 
- 05:41:51 [INFO] Host: cd /test
- 05:41:52 [INFO] Target: 
cd /test
/test # 
- 05:41:52 [INFO] Host: cat > test.sh << EOF
- 05:41:52 [INFO] Target: 
cat > test.sh << EOF
- 05:41:52 [INFO] Host: failtest() {
- 05:41:53 [INFO] Target: 
failtest() {
- 05:41:53 [INFO] Host:   echo 1 >&3
- 05:41:53 [INFO] Target: 
  echo 1 >&3
- 05:41:53 [INFO] Host: }
- 05:41:54 [INFO] Target: 
- 05:41:54 [INFO] Host: timeout=600
- 05:41:54 [INFO] Target: 
timeout=600
- 05:41:54 [INFO] Host: 
- 05:41:55 [INFO] Target: 
- 05:41:55 [INFO] Host: # Start of user's script logic
- 05:41:55 [INFO] Target: 
# Start of user's script logic
- 05:41:55 [INFO] Host: 
- 05:41:56 [INFO] Target: 
- 05:41:56 [INFO] Host: 
- 05:41:56 [INFO] Target: 
- 05:41:56 [INFO] Host: mount -t proc proc /proc 2>/dev/null;
- 05:41:57 [INFO] Target: 
mount -t proc proc /proc 2>/dev/null;
- 05:41:57 [INFO] Host: 
- 05:41:57 [INFO] Target: 
- 05:41:57 [INFO] Host: mount -t sysfs sys /sys 2>/dev/null;
- 05:41:58 [INFO] Target: 
mount -t sysfs sys /sys 2>/dev/null;
- 05:41:58 [INFO] Host: 
- 05:41:58 [INFO] Target: 
- 05:41:58 [INFO] Host: mount -t debugfs none /sys/kernel/debug 2>/dev/null;
- 05:41:59 [INFO] Target: 
mount -t debugfs none /sys/kernel/debug 2>/dev/null;
- 05:41:59 [INFO] Host: 
- 05:41:59 [INFO] Target: 
- 05:41:59 [INFO] Host: echo 'cpuinfo:';cat /proc/cpuinfo; echo '=======';
- 05:42:00 [INFO] Target: 
echo 'cpuinfo:';cat /proc/cpuinfo; echo '=======';
- 05:42:00 [INFO] Host: 
- 05:42:00 [INFO] Target: 
- 05:42:00 [INFO] Host: echo 'soc info:';head /sys/devices/soc0/* 2>/dev/null; echo '=======';
- 05:42:01 [INFO] Target: 
echo 'soc info:';head /sys/devices/soc0/* 2>/dev/null; echo '=======';
- 05:42:01 [INFO] Host: 
- 05:42:01 [INFO] Target: 
- 05:42:01 [INFO] Host: echo 'DT Model info'; head /proc/device-tree/name /proc/device-tree/model /proc/device-tree/compatible 2>/dev/null;echo; echo '=======';
- 05:42:02 [INFO] Target: 
echo 'DT Model info'; head /proc/device-tree/name /proc/device-tree/model /pro
c/device-tree/compatible 2>/dev/null;echo; echo '=======';
- 05:42:02 [INFO] Host: 
- 05:42:02 [INFO] Target: 
- 05:42:02 [INFO] Host: echo 'interrupts:';cat /proc/interrupts; echo '=======';
- 05:42:03 [INFO] Target: 
[   37.537506] random: nonblocking pool is initialized
echo 'interrupts:';cat /proc/interrupts; echo '=======';
- 05:42:03 [INFO] Host: 
- 05:42:03 [INFO] Target: 
- 05:42:03 [INFO] Host: echo 'Clk_summary:';cat /sys/kernel/debug/clk/clk_summary; echo '=======';
- 05:42:04 [INFO] Target: 
echo 'Clk_summary:';cat /sys/kernel/debug/clk/clk_summary; echo '=======';
- 05:42:04 [INFO] Host: 
- 05:42:04 [INFO] Target: 
- 05:42:04 [INFO] Host: echo 'Orphan Clks:';ls /sys/kernel/debug/clk/orphans/; echo '=======';
- 05:42:05 [INFO] Target: 
echo 'Orphan Clks:';ls /sys/kernel/debug/clk/orphans/; echo '=======';
- 05:42:05 [INFO] Host: 
- 05:42:05 [INFO] Target: 
- 05:42:05 [INFO] Host: echo "Available frequencies"; cat /sys/devices/system/cpu/cpu0/cpufreq/scaling_available_frequencies 2>/dev/null;echo '=======';
- 05:42:06 [INFO] Target: 
echo "Available frequencies"; cat /sys/devices/system/cpu/cpu0/cpufreq/scaling
_available_frequencies 2>/dev/null;echo '=======';
- 05:42:06 [INFO] Host: 
- 05:42:06 [INFO] Target: 
- 05:42:06 [INFO] Host: echo 'H''ello World' 'B''oard Booted';
- 05:42:07 [INFO] Target: 
echo 'H''ello World' 'B''oard Booted';
- 05:42:07 [INFO] Host: 
- 05:42:07 [INFO] Target: 
- 05:42:07 [INFO] Host: EOF
- 05:42:08 [INFO] Target: 
/test # 
- 05:42:08 [INFO] Host: cd /test
- 05:42:08 [INFO] Target: 
cd /test
/test # 
- 05:42:08 [INFO] Host: chmod +x test.sh
- 05:42:09 [INFO] Target: 
chmod +x test.sh
/test # 
- 05:42:09 [INFO] Host: ./test.sh 2> stderr.log > stdout.log 3> result.log
- 05:42:09 [INFO] Target: 
./test.sh 2> stderr.log > stdout.log 3> result.log
/test # 
- 05:42:09 [INFO] Host: echo $?
- 05:42:10 [INFO] Target: 
echo $?
/test # 
- 05:42:10 [INFO] Host: cd /test
- 05:42:10 [INFO] Target: 
cd /test
/test # 
- 05:42:10 [INFO] Host: cat stdout.log
- 05:42:12 [INFO] Target: 
cat stdout.log
cpuinfo:
processor	: 0
model name	: ARMv6-compatible processor rev 6 (v6l)
BogoMIPS	: 326.86
Features	: swp half thumb fastmult vfp edsp java 
CPU implementer	: 0x41
CPU architecture: 6TEJ
CPU variant	: 0x0
CPU part	: 0xb36
CPU revision	: 6
Hardware	: Generic OMAP2430 (Flattened Device Tree)
Revision	: 0000
Serial		: 0000000000000000
=======
soc info:
=======
DT Model info
==> /proc/device-tree/name <==
==> /proc/device-tree/model <==
TI OMAP2430 SDP
==> /proc/device-tree/compatible <==
ti,omap2430-sdpti,omap2430ti,omap2
=======
interrupts:
           CPU0       
 23:          0      INTC   7  TWL4030-PIH
 28:          0      INTC  12  DMA
 29:          0      INTC  13  omap-dma-engine
 36:          0      INTC  20  gpmc
 53:        954      INTC  37  gp_timer
 72:          0      INTC  56  48070000.i2c
 73:        293      INTC  57  48072000.i2c
 88:       4412      INTC  72  OMAP UART0
 99:         13      INTC  83  mmc0
102:         13      INTC  86  mmc1
261:       4094  480b6000.gpio  21  eth0
274:          0   twl4030   0  twl4030_gpio
279:          0   twl4030   5  twl4030_power
IPI0:          0  CPU wakeup interrupts
IPI1:          0  Timer broadcast interrupts
IPI2:          0  Rescheduling interrupts
IPI3:          0  Function call interrupts
IPI4:          0  Single function call interrupts
IPI5:          0  CPU stop interrupts
IPI6:          0  IRQ work interrupts
IPI7:          0  completion interrupts
Err:          0
=======
Clk_summary:
   clock                         enable_cnt  prepare_cnt        rate   accuracy   phase
----------------------------------------------------------------------------------------
 dummy_ck                                 0            0           0          0 0  
 mcbsp_clks                               0            5           0          0 0  
 alt_ck                                   0            0    54000000          0 0  
 virt_26m_ck                              0            0    26000000          0 0  
 virt_19200000_ck                         0            0    19200000          0 0  
 virt_13m_ck                              1            1    13000000          0 0  
    aplls_clkin_ck                        1            1    13000000          0 0  
       aplls_clkin_x2_ck                  1            1    26000000          0 0  
          osc_ck                          1            1    26000000          0 0  
             mdm_osc_ck                   0            0    26000000          0 0  
             sys_ck                       8           11    13000000          0 0  
                gpt2_fck                  0            1    13000000          0 0  
                dss2_fck                  0            1    13000000          0 0  
                dss1_fck                  0            3    13000000          0 0  
                icr_ick                   0            0    13000000          0 0  
                omapctrl_ick              1            1    13000000          0 0  
                wdt1_ick                  0            0    13000000          0 0  
                sync_32k_ick              2            2    13000000          0 0  
                mpu_wdt_ick               1            1    13000000          0 0  
                gpios_ick                 4            4    13000000          0 0  
                gpt1_ick                  1            1    13000000          0 0  
                apll54_ck                 1            2           0          0 0  
                   func_54m_ck            0            1           0          0 0  
                      sys_clkout_src           0            0           0          0 0  
                         sys_clkout           0            0           0          0 0  
                      dss_54m_fck           0            2           0          0 0  
                      emul_ck             0            0           0          0 0  
                apll96_ck                 2            3    96000000          0 0  
                   apll96_d2_ck           1            1    48000000          0 0  
                      func_48m_ck           3            7    48000000          0 0  
                         mcspi3_fck           0            1    48000000          0 0  
                         usb_fck           0            0    48000000          0 0  
                         uart3_fck           1            1    48000000          0 0  
                         uart2_fck           1            1    48000000          0 0  
                         uart1_fck           1            1    48000000          0 0  
                         mcspi2_fck           0            1    48000000          0 0  
                         mcspi1_fck           0            1    48000000          0 0  
                         func_12m_ck           0            1    12000000          0 0  
                            hdq_fck           0            1    12000000          0 0  
                            fac_fck           0            0    12000000          0 0  
                   func_96m_ck            0           14    96000000          0 0  
                      mcbsp5_fck           0            1    96000000          0 0  
                      mcbsp4_fck           0            1    96000000          0 0  
                      mcbsp3_fck           0            1    96000000          0 0  
                      mcbsp2_fck           0            1    96000000          0 0  
                      mcbsp1_fck           0            1    96000000          0 0  
                      mmchs2_fck           0            1    96000000          0 0  
                      mmchs1_fck           0            1    96000000          0 0  
                      i2chs2_fck           0            1    96000000          0 0  
                      i2chs1_fck           0            1    96000000          0 0  
                      mspro_fck           0            0    96000000          0 0  
                      cam_fck             0            0    96000000          0 0  
                dpll_ck                   1            1   660000000          0 0  
                   core_ck                1            3   660000000          0 0  
                      mdm_ick             0            0   110000000          0 0  
                      ssi_ssr_sst_fck           0            0   132000000          0 0  
                      dsp_fck             0            1   330000000          0 0  
                         iva2_1_ick           0            0   165000000          0 0  
                      core_d16_ck           0            0    41250000          0 0  
                      core_d12_ck           0            0    55000000          0 0  
                      core_d9_ck           0            0    73333333          0 0  
                      core_d8_ck           0            0    82500000          0 0  
                      core_d6_ck           0            0   110000000          0 0  
                      core_d5_ck           0            0   132000000          0 0  
                      core_d4_ck           0            0   165000000          0 0  
                      core_d3_ck           0            0   220000000          0 0  
                      core_d2_ck           0            0   330000000          0 0  
                      core_l3_ck           9           11   165000000          0 0  
                         usb_l4_ick           1            1    41250000          0 0  
                         gfx_2d_fck           0            0    82500000          0 0  
                         gfx_3d_fck           0            0    82500000          0 0  
                         usbhs_ick           0            1   165000000          0 0  
                         sdrc_ick           1            1   165000000          0 0  
                         sdma_ick           1            1   165000000          0 0  
                         sdma_fck           0            0   165000000          0 0  
                         gpmc_fck           2            2   165000000          0 0  
                         l4_ck           31           36    82500000          0 0  
                            mdm_intc_ick           0            0    82500000          0 0  
                            gpio5_ick           1            1    82500000          0 0  
                            mmchs2_ick           1            1    82500000          0 0  
                            mmchs1_ick           1            1    82500000          0 0  
                            mcspi3_ick           1            1    82500000          0 0  
                            mcbsp5_ick           1            1    82500000          0 0  
                            mcbsp4_ick           1            1    82500000          0 0  
                            mcbsp3_ick           1            1    82500000          0 0  
                            pka_ick           0            0    82500000          0 0  
                            aes_ick           1            1    82500000          0 0  
                            rng_ick           1            1    82500000          0 0  
                            sha_ick           1            1    82500000          0 0  
                            des_ick           0            0    82500000          0 0  
                            i2c2_ick           1            1    82500000          0 0  
                            i2c1_ick           1            1    82500000          0 0  
                            hdq_ick           0            1    82500000          0 0  
                            fac_ick           0            0    82500000          0 0  
                            mspro_ick           0            0    82500000          0 0  
                            wdt4_ick           0            0    82500000          0 0  
                            mailboxes_ick           0            1    82500000          0 0  
                            cam_ick           0            0    82500000          0 0  
                            uart3_ick           1            1    82500000          0 0  
                            uart2_ick           1            1    82500000          0 0  
                            uart1_ick           1            1    82500000          0 0  
                            mcspi2_ick           1            1    82500000          0 0  
                            mcspi1_ick           1            1    82500000          0 0  
                            mcbsp2_ick           1            1    82500000          0 0  
                            mcbsp1_ick           1            1    82500000          0 0  
                            gpt12_ick           1            1    82500000          0 0  
                            gpt11_ick           1            1    82500000          0 0  
                            gpt10_ick           1            1    82500000          0 0  
                            gpt9_ick           1            1    82500000          0 0  
                            gpt8_ick           1            1    82500000          0 0  
                            gpt7_ick           1            1    82500000          0 0  
                            gpt6_ick           1            1    82500000          0 0  
                            gpt5_ick           1            1    82500000          0 0  
                            gpt4_ick           1            1    82500000          0 0  
                            gpt3_ick           1            1    82500000          0 0  
                            gpt2_ick           1            1    82500000          0 0  
                            ssi_l4_ick           0            0    82500000          0 0  
                            dss_ick           3            5    82500000          0 0  
                         gfx_ick           0            0   165000000          0 0  
                      mpu_ck              0            1   330000000          0 0  
                         virt_prcm_set           0            0           0          0 0  
 virt_12m_ck                              0            0    12000000          0 0  
 secure_32k_ck                            0            0       32768          0 0  
 func_32k_ck                              3           17       32768          0 0  
    gpt1_fck                              1            1       32768          0 0  
    gpt12_fck                             0            1       32768          0 0  
    gpt11_fck                             0            1       32768          0 0  
    gpt10_fck                             0            1       32768          0 0  
    gpt9_fck                              0            1       32768          0 0  
    gpt8_fck                              0            1       32768          0 0  
    gpt7_fck                              0            1       32768          0 0  
    gpt6_fck                              0            1       32768          0 0  
    gpt5_fck                              0            1       32768          0 0  
    gpt4_fck                              0            1       32768          0 0  
    gpt3_fck                              0            1       32768          0 0  
    mmchsdb2_fck                          0            1       32768          0 0  
    mmchsdb1_fck                          0            1       32768          0 0  
    gpio5_fck                             1            1       32768          0 0  
    wdt4_fck                              0            0       32768          0 0  
    mpu_wdt_fck                           0            1       32768          0 0  
    gpios_fck                             0            4       32768          0 0  
=======
Orphan Clks:
=======
Available frequencies
=======
Hello World Board Booted
/test # 
- 05:42:12 [INFO] Host: cat stderr.log
- 05:42:12 [INFO] Target: 
cat stderr.log
ls: /sys/kernel/debug/clk/orphans/: No such file or directory
/test # 
- 05:42:12 [INFO] Host: cat result.log
- 05:42:14 [ERROR] On command: cat result.log waiting for cat result.log.+?(?m-ix:^1[\0\n\r]+) >>> error: execution expired
- 05:42:14 [INFO] Target: 
cat result.log
/test # 
- 05:42:14 [INFO] Host: cd /test
- 05:42:15 [INFO] Target: 
cd /test
/test # 
URL:gtsystest.telogy.design.ti.com/vatf/tidfarm-02/tidfarm-02_vatf@5/tidfarm-0201_23_2015_05_40_53/files/session_iteration_1/test_1
