- 16:59:37 [INFO] Starting target session
- 16:59:38 [INFO] Connected to sdp2430 via serial 
- 16:59:38 [INFO] Host: #check prompt
- 16:59:40 [ERROR] On command: #check prompt waiting for (?-mix:((?-mix:activate this console)|[Pp]assword)) >>> error: execution expired
- 16:59:40 [INFO] Target: 
#check prompt
/test # 
- 16:59:40 [INFO] Host: #check prompt
- 16:59:41 [INFO] Target: 
#check prompt
/test # 
- 16:59:41 [INFO] Host: sync;poweroff
- 16:59:43 [INFO] Target: 
sync;poweroff
/test # umount: devtmpfs busy - remounted read-only
umount: can't remount 128.247.105.47:/usr/workdir/filesys/linux/sdp2430 read-only
umount: can't remount rootfs read-only

The system is going down NOW!

Sent SIGTERM to all processes

Sent SIGKILL to all processes

Requesting system poweroff
[14008.268981] reboot: System halted

- 16:59:43 [INFO] Disconnected serial from sdp2430
- 16:59:45 [INFO] Connected to sdp2430 via serial 
- 16:59:45 [INFO] Host: 
- 16:59:45 [ERROR] On command:  waiting for (?-mix:OMAP243X\sSDP\s#) >>> error: execution expired
- 16:59:45 [INFO] Target: 

- 16:59:45 [INFO] Host: 
- 16:59:46 [ERROR] On command:  waiting for (?-mix:OMAP243X\sSDP\s#) >>> error: execution expired
- 16:59:46 [INFO] Target: 


U-Boot 1.1.3 (Mar  2 2007 - 11:17:49)

U-Boot code: 80E80000 -> 80EA2A4C  BSS: -> 80EA8BF0
OMAP2430C-GP revision 3, PRCM #2
TI 2430SDP 0.1 Version + mDDR (Boot NOR)
RAM Configuration:
Bank #0: 80000000 128 MB
Bank #1: 88000000  0 kB
Flash: 192 MB
NAND:64 MB

- 16:59:46 [INFO] Host: 
- 16:59:47 [INFO] Target: 
 0 
OMAP243X SDP # 
- 16:59:47 [INFO] Host: version
- 16:59:47 [INFO] Target: 
version


U-Boot 1.1.3 (Mar  2 2007 - 11:17:49)
OMAP243X SDP # 
- 16:59:47 [INFO] Host: bdinfo
- 16:59:48 [INFO] Target: 
bdinfo

arch_number = 0x00000384
env_t       = 0x00000000
boot_params = 0x80000100
DRAM bank   = 0x00000000
-> start    = 0x80000000
-> size     = 0x08000000
DRAM bank   = 0x00000001
-> start    = 0x88000000
-> size     = 0x00000000
ethaddr     = 08:00:28:01:01:A0
ip_addr     = 128.247.91.37
baudrate    = 115200 bps
OMAP243X SDP # 
- 16:59:48 [INFO] Host: printenv
- 16:59:49 [INFO] Target: 
printenv

bootdelay=3
baudrate=115200
ethaddr=08:00:28:01:01:A0
bootcmd=dhcp;bootm
bootfile=/tftpboot/kernel/uImage.omap2430-sdp
gatewayip=128.247.90.1
netmask=255.255.254.0
hostname=dhcp-128-247-91-37
ipaddr=128.247.91.37
serverip=128.247.91.123
bootargs=console=ttyO0,115200n8 noinitrd debug ignore_loglevel earlyprintk ip=dhcp root=/dev/nfs rw nfsroot=128.247.91.123:/nfs/sdp2430/,nolock,wsize=1024,rsize=1024 rootwait init=/bin/sh nohlt
stdin=serial
stdout=serial
stderr=serial

Environment size: 472/131068 bytes
OMAP243X SDP # 
- 16:59:49 [INFO] Host: setenv autoload 'no'
- 16:59:49 [INFO] Target: 
setenv autoload 'no'

OMAP243X SDP # 
- 16:59:49 [INFO] Host: dhcp
- 16:59:51 [INFO] Target: 
dhcp

Using MAC Address 08:00:28:01:01:A0
BOOTP broadcast 1
DHCP client bound to address 192.168.1.188
OMAP243X SDP # 
- 16:59:51 [INFO] Host: setenv serverip 128.247.105.47
- 16:59:52 [INFO] Target: 
setenv serverip 128.247.105.47

OMAP243X SDP # 
- 16:59:52 [INFO] Host: setenv bootargs 'console=ttyO0,115200n8 earlyprintk rootwait ip=dhcp root=/dev/nfs rw nfsroot=128.247.105.47:/usr/workdir/filesys/linux/sdp2430,nolock,wsize=1024,rsize=1024 nohlt'
- 16:59:52 [INFO] Target: 
setenv bootargs 'console=ttyO0,115200n8 earlyprintk rootwait ip=dhcp root=/dev/nfs rw nfsroot=128.247.105.47:/usr/workdir/filesys/linux/sdp2430,nolock,wsize=1024,rsize=1024 nohlt'

OMAP243X SDP # 
- 16:59:52 [INFO] Host: setenv bootfile vatf_5/a5548e2edd62d4ac030cb1268d5d9b86
- 16:59:53 [INFO] Target: 
setenv bootfile vatf_5/a5548e2edd62d4ac030cb1268d5d9b86

OMAP243X SDP # 
- 16:59:53 [INFO] Host: setenv bootcmd 'tftp ${loadaddr};bootm ${loadaddr}'
- 16:59:53 [INFO] Target: 
setenv bootcmd 'tftp ${loadaddr};bootm ${loadaddr}'

OMAP243X SDP # 
- 16:59:53 [INFO] Host: printenv
- 16:59:54 [INFO] Target: 
printenv

bootdelay=3
baudrate=115200
ethaddr=08:00:28:01:01:A0
hostname=dhcp-128-247-91-37
stdin=serial
stdout=serial
stderr=serial
autoload=no
gatewayip=192.168.1.254
netmask=255.255.255.0
ipaddr=192.168.1.188
serverip=128.247.105.47
bootargs=console=ttyO0,115200n8 earlyprintk rootwait ip=dhcp root=/dev/nfs rw nfsroot=128.247.105.47:/usr/workdir/filesys/linux/sdp2430,nolock,wsize=1024,rsize=1024 nohlt
bootfile=vatf_5/a5548e2edd62d4ac030cb1268d5d9b86
bootcmd=tftp ${loadaddr};bootm ${loadaddr}

Environment size: 489/131068 bytes
OMAP243X SDP # 
- 16:59:54 [INFO] Host: boot
- 17:00:15 [INFO] Target: 
boot

Using MAC Address 08:00:28:01:01:A0
TFTP from server 128.247.105.47; our IP address is 192.168.1.188; sending through gateway 192.168.1.254
Filename 'vatf_5/a5548e2edd62d4ac030cb1268d5d9b86'.
Load address: 0x80000000
Loading: *#################################################################
	 #################################################################
	 #################################################################
	 #################################################################
	 #################################################################
	 #################################################################
	 #################################################################
	 #################################################################
	 #################################################################
	 #################################################################
	 #################################################################
	 #################################################################
	 #################################################################
	 ###################
done
Bytes transferred = 4422695 (437c27 hex)
## Booting image at 80000000 ...
   Image Name:   Linux-3.17.0-rc1-00002-g40e0b3e
   Image Type:   ARM Linux Kernel Image (uncompressed)
   Data Size:    4422631 Bytes =  4.2 MB
   Load Address: 80800000
   Entry Point:  80800000
   Verifying Checksum ... OK
OK

Starting kernel ...

[    0.000000] Booting Linux on physical CPU 0x0
[    0.000000] Linux version 3.17.0-rc1-00002-g40e0b3e (nmenon@kahuna) (gcc version 4.6.3 (Ubuntu/Linaro 4.6.3-1ubuntu5) ) #1 SMP Tue Aug 26 16:56:09 CDT 2014
[    0.000000] CPU: ARMv6-compatible processor [4107b366] revision 6 (ARMv6TEJ), cr=00c5387d
[    0.000000] CPU: VIPT aliasing data cache, VIPT aliasing instruction cache
[    0.000000] Machine model: TI OMAP2430 SDP
[    0.000000] cma: Reserved 16 MiB at 86800000
[    0.000000] Memory policy: Data cache writeback
[    0.000000]   HighMem zone: 1048574 pages exceeds freesize 0
[    0.000000] CPU: All CPU(s) started in SVC mode.
[    0.000000] OMAP2430
[    0.000000] 
[    0.000000] PERCPU: Embedded 9 pages/cpu @c7d93000 s14336 r8192 d14336 u36864
[    0.000000] Built 1 zonelists in Zone order, mobility grouping on.  Total pages: 32256
[    0.000000] Kernel command line: console=ttyO0,115200n8 earlyprintk rootwait ip=dhcp root=/dev/nfs rw nfsroot=128.247.105.47:/usr/workdir/filesys/linux/sdp2430,nolock,wsize=1024,rsize=1024 nohlt
[    0.000000] PID hash table entries: 512 (order: -1, 2048 bytes)
[    0.000000] Dentry cache hash table entries: 16384 (order: 4, 65536 bytes)
[    0.000000] Inode-cache hash table entries: 8192 (order: 3, 32768 bytes)
[    0.000000] Memory: 94876K/130048K available (5703K kernel code, 647K rwdata, 2204K rodata, 406K init, 8210K bss, 35172K reserved, 0K highmem)
[    0.000000] Virtual kernel memory layout:
[    0.000000]     vector  : 0xffff0000 - 0xffff1000   (   4 kB)
[    0.000000]     fixmap  : 0xffc00000 - 0xffe00000   (2048 kB)
[    0.000000]     vmalloc : 0xc8800000 - 0xff000000   ( 872 MB)
[    0.000000]     lowmem  : 0xc0000000 - 0xc8000000   ( 128 MB)
[    0.000000]     pkmap   : 0xbfe00000 - 0xc0000000   (   2 MB)
[    0.000000]     modules : 0xbf000000 - 0xbfe00000   (  14 MB)
[    0.000000]       .text : 0xc0008000 - 0xc07c0f10   (7908 kB)
[    0.000000]       .init : 0xc07c1000 - 0xc0826800   ( 406 kB)
[    0.000000]       .data : 0xc0828000 - 0xc08c9e88   ( 648 kB)
[    0.000000]        .bss : 0xc08c9e88 - 0xc10cea58   (8211 kB)
[    0.000000] Hierarchical RCU implementation.
[    0.000000] 	RCU restricting CPUs from NR_CPUS=2 to nr_cpu_ids=1.
[    0.000000] RCU: Adjusting geometry for rcu_fanout_leaf=16, nr_cpu_ids=1
[    0.000000] NR_IRQS:16 nr_irqs:16 16
[    0.000000] IRQ: Found an INTC at 0xfa0fe000 (revision 3.0) with 96 interrupts
[    0.000000] Total of 96 interrupts on 1 active controller
[    0.000000] Clocking rate (Crystal/DPLL/MPU): 13.0/660/330 MHz
[    0.000000] OMAP clockevent source: timer1 at 32768 Hz
[    0.000030] sched_clock: 32 bits at 32kHz, resolution 30517ns, wraps every 65536000000000ns
[    0.000061] OMAP clocksource: 32k_counter at 32768 Hz
[    0.000427] hw-breakpoint: CPUID feature registers not supported. Assuming v6 debug is present.
[    0.002105] Console: colour dummy device 80x30
[    0.002227] Lock dependency validator: Copyright (c) 2006 Red Hat, Inc., Ingo Molnar
[    0.002258] ... MAX_LOCKDEP_SUBCLASSES:  8
[    0.002288] ... MAX_LOCK_DEPTH:          48
[    0.002288] ... MAX_LOCKDEP_KEYS:        8191
[    0.002319] ... CLASSHASH_SIZE:          4096
[    0.002349] ... MAX_LOCKDEP_ENTRIES:     32768
[    0.002380] ... MAX_LOCKDEP_CHAINS:      65536
[    0.002380] ... CHAINHASH_SIZE:          32768
[    0.002410]  memory used by lock dependency info: 5167 kB
[    0.002441]  per task-struct memory footprint: 1152 bytes
[    0.002532] Calibrating delay loop... 326.86 BogoMIPS (lpj=1634304)
[    0.126007] pid_max: default: 32768 minimum: 301
[    0.127136] Security Framework initialized
[    0.127502] Mount-cache hash table entries: 1024 (order: 0, 4096 bytes)
[    0.127532] Mountpoint-cache hash table entries: 1024 (order: 0, 4096 bytes)
[    0.134521] CPU: Testing write buffer coherency: ok
[    0.138244] missing device node for CPU 0
[    0.138305] CPU0: thread -1, cpu 0, socket -1, mpidr 4107b366
[    0.138519] Setting up static identity map for 0x805677a8 - 0x80567818
[    0.148712] Brought up 1 CPUs
[    0.148742] SMP: Total of 1 processors activated.
[    0.148773] CPU: All CPU(s) started in SVC mode.
[    0.157928] devtmpfs: initialized
[    0.178924] VFP support v0.3: implementor 41 architecture 1 part 20 variant b rev 2
[    0.269134] omap_hwmod: usb_otg_hs: cannot be enabled for reset (3)
[    0.296661] pinctrl core: initialized pinctrl subsystem
[    0.304443] regulator-dummy: no parameters
[    0.425231] NET: Registered protocol family 16
[    0.444091] DMA: preallocated 256 KiB pool for atomic coherent allocations
[    0.451049] cpuidle: using governor ladder
[    0.451110] cpuidle: using governor menu
[    0.506011] omap_gpio 4900c000.gpio: Could not get gpio dbck
[    0.511932] OMAP GPIO hardware version 2.4
[    0.514190] omap_gpio 4900e000.gpio: Could not get gpio dbck
[    0.519500] omap_gpio 49010000.gpio: Could not get gpio dbck
[    0.524688] omap_gpio 49012000.gpio: Could not get gpio dbck
[    0.529937] omap_gpio 480b6000.gpio: Could not get gpio dbck
[    0.535766] omap-gpmc 6e000000.gpmc: GPMC revision 3.0
[    0.536590] omap-gpmc 6e000000.gpmc: ethernet using bootloader timings on CS5
[    0.547760] No ATAGs?
[    0.547912] hw-breakpoint: found 6 breakpoint and 1 watchpoint registers.
[    0.547943] hw-breakpoint: maximum watchpoint size is 4 bytes.
[    0.553131] OMAP DMA hardware revision 4.0
[    0.629394] edma-dma-engine edma-dma-engine.0: Can't allocate PaRAM dummy slot
[    0.629577] edma-dma-engine: probe of edma-dma-engine.0 failed with error -22
[    0.739135] omap-dma-engine 48056000.dma-controller: OMAP DMA engine driver
[    0.751098] SCSI subsystem initialized
[    0.753479] usbcore: registered new interface driver usbfs
[    0.753997] usbcore: registered new interface driver hub
[    0.755920] usbcore: registered new device driver usb
[    0.762573] omap_i2c 48070000.i2c: bus 0 rev3.3 at 100 kHz
[    1.090301] omap_i2c 48072000.i2c: bus 1 rev3.3 at 100 kHz
[    1.105194] Switched to clocksource 32k_counter
[    1.542480] NET: Registered protocol family 2
[    1.548156] TCP established hash table entries: 1024 (order: 0, 4096 bytes)
[    1.548583] TCP bind hash table entries: 1024 (order: 3, 36864 bytes)
[    1.549652] TCP: Hash tables configured (established 1024 bind 1024)
[    1.550048] TCP: reno registered
[    1.550109] UDP hash table entries: 256 (order: 2, 20480 bytes)
[    1.550720] UDP-Lite hash table entries: 256 (order: 2, 20480 bytes)
[    1.554077] NET: Registered protocol family 1
[    1.558898] RPC: Registered named UNIX socket transport module.
[    1.558959] RPC: Registered udp transport module.
[    1.558990] RPC: Registered tcp transport module.
[    1.559020] RPC: Registered tcp NFSv4.1 backchannel transport module.
[    1.562469] hw perfevents: enabled with armv6_1136 PMU driver, 3 counters available
[    1.577850] futex hash table entries: 256 (order: 2, 16384 bytes)
[    1.591918] VFS: Disk quotas dquot_6.5.2
[    1.592285] Dquot-cache hash table entries: 1024 (order 0, 4096 bytes)
[    1.601654] NFS: Registering the id_resolver key type
[    1.602844] Key type id_resolver registered
[    1.602874] Key type id_legacy registered
[    1.603576] jffs2: version 2.2. (NAND) (SUMMARY)   2001-2006 Red Hat, Inc.
[    1.606994] msgmni has been set to 217
[    1.627655] io scheduler noop registered
[    1.627746] io scheduler deadline registered
[    1.627990] io scheduler cfq registered (default)
[    1.636505] pinctrl-single 49002030.pinmux: 340 pins at pa fb002030 size 340
[    1.642913] pbias_mmc_omap2430: 1800 <--> 3000 mV at 3000 mV 
[    1.648010] Serial: 8250/16550 driver, 4 ports, IRQ sharing enabled
[    1.670715] omap_uart 4806a000.serial: no wakeirq for uart0
[    1.672058] 4806a000.serial: ttyO0 at MMIO 0x4806a000 (irq = 88, base_baud = 3000000) is a OMAP UART0
[    2.412933] console [ttyO0] enabled
[    2.425933] omap_uart 4806c000.serial: no wakeirq for uart0
[    2.432556] 4806c000.serial: ttyO1 at MMIO 0x4806c000 (irq = 89, base_baud = 3000000) is a OMAP UART1
[    2.446716] omap_uart 4806e000.serial: no wakeirq for uart0
[    2.453460] 4806e000.serial: ttyO2 at MMIO 0x4806e000 (irq = 90, base_baud = 3000000) is a OMAP UART2
[    2.485656] omap_rng 480a0000.rng: OMAP Random Number Generator ver. 50
[    2.579956] brd: module loaded
[    2.630798] loop: module loaded
[    2.701110] twl 1-0048: PIH (irq 23) chaining IRQs 274..282
[    2.708129] twl 1-0048: power (irq 279) chaining IRQs 282..289
[    2.739624] VAUX1: at 3000 mV 
[    2.753417] VAUX2_4030: at 2800 mV 
[    2.767333] VAUX3: at 2800 mV 
[    2.780670] VAUX4: at 1200 mV 
[    2.794128] VDD1: 600 <--> 1450 mV at 1300 mV 
[    2.808929] VDAC: 1800 mV 
[    2.826965] VIO: at 1800 mV 
[    2.839538] VINTANA1: 1500 mV 
[    2.864044] VINTANA2: at 2750 mV 
[    2.878112] VINTDIG: 1500 mV 
[    2.887786] VMMC1: 1850 <--> 3150 mV at 1850 mV 
[    2.900665] VMMC2: 1850 <--> 3150 mV at 2600 mV 
[    2.911865] VUSB1V5: 1500 mV 
[    2.919799] VUSB1V8: 1800 mV 
[    2.928497] VUSB3V1: 3100 mV 
[    2.943420] VPLL1: at 1300 mV 
[    2.956634] VPLL2: 1800 mV 
[    2.967437] VSIM: 1800 <--> 3000 mV at 1800 mV 
[    2.978515] twl4030_gpio twl4030-gpio: gpio (irq 274) chaining IRQs 290..307
[    3.009552] mtdoops: mtd device (mtddev=name/number) must be supplied
[    3.031799] smc91x.c: v1.1, sep 22 2004 by Nicolas Pitre <nico@fluxnic.net>
[    3.046661] smc91x 8000300.ethernet eth0: SMC91C94 (rev 9) at c887a300 IRQ 261
[    3.054382] 
[    3.055999] smc91x 8000300.ethernet eth0: Ethernet addr: 08:00:28:01:01:a0
[    3.067932] usbcore: registered new interface driver asix
[    3.074188] usbcore: registered new interface driver ax88179_178a
[    3.081054] usbcore: registered new interface driver cdc_ether
[    3.087860] usbcore: registered new interface driver smsc95xx
[    3.094421] usbcore: registered new interface driver net1080
[    3.100799] usbcore: registered new interface driver cdc_subset
[    3.107543] usbcore: registered new interface driver zaurus
[    3.114227] usbcore: registered new interface driver cdc_ncm
[    3.124267] usbcore: registered new interface driver cdc_wdm
[    3.130859] usbcore: registered new interface driver usb-storage
[    3.137969] usbcore: registered new interface driver usbtest
[    3.150329] mousedev: PS/2 mouse device common for all mice
[    3.159027] twl4030_keypad 48072000.i2c:twl@48:keypad: OF: linux,keymap property not defined in /ocp/i2c@48072000/twl@48/keypad
[    3.171295] twl4030_keypad 48072000.i2c:twl@48:keypad: Failed to build keymap
[    3.179077] twl4030_keypad: probe of 48072000.i2c:twl@48:keypad failed with error -2
[    3.197601] input: twl4030_pwrbutton as /devices/ocp/48072000.i2c/i2c-1/1-0048/48072000.i2c:twl@48:pwrbutton/input/input1
[    3.225585] twl_rtc 48072000.i2c:twl@48:rtc: Power up reset detected.
[    3.236328] twl_rtc 48072000.i2c:twl@48:rtc: Enabling TWL-RTC
[    3.268768] twl_rtc 48072000.i2c:twl@48:rtc: rtc core: registered 48072000.i2c:twl@48 as rtc0
[    3.286773] i2c /dev entries driver
[    3.298919] Driver for 1-wire Dallas network protocol.
[    3.375122] 480b4000.mmc supply vmmc not found, using dummy regulator
[    3.382659] omap_hsmmc 480b4000.mmc: could not set regulator OCR (-22)
[    3.390808] omap_hsmmc 480b4000.mmc: could not set regulator OCR (-22)
[    3.435760] ledtrig-cpu: registered to indicate activity on CPUs
[    3.443786] usbcore: registered new interface driver usbhid
[    3.449676] usbhid: USB HID core driver
[    3.458190] oprofile: using arm/armv6
[    3.463989] TCP: cubic registered
[    3.467529] Initializing XFRM netlink socket
[    3.472412] NET: Registered protocol family 17
[    3.477447] NET: Registered protocol family 15
[    3.483245] Key type dns_resolver registered
[    3.488311] SmartReflex Class3 initialized
[    3.519775] twl_rtc 48072000.i2c:twl@48:rtc: setting system clock to 2000-01-01 00:00:00 UTC (946684800)
[    3.530059] sr_init: No PMIC hook to init smartreflex
[    3.536315] sr_init: platform driver register failed for SR
[    3.632812] smc91x 8000300.ethernet eth0: link up
[    3.653808] Sending DHCP requests ., OK
[    3.783966] IP-Config: Got DHCP answer from 192.168.1.254, my address is 192.168.1.188
[    3.793548] IP-Config: Complete:
[    3.796997]      device=eth0, hwaddr=08:00:28:01:01:a0, ipaddr=192.168.1.188, mask=255.255.255.0, gw=192.168.1.254
[    3.808013]      host=192.168.1.188, domain=ti.com, nis-domain=(none)
[    3.814880]      bootserver=192.168.1.254, rootserver=128.247.105.47, rootpath=
[    3.822418]      nameserver0=192.0.2.2, nameserver1=192.0.2.3
[    3.832641] VUSB3V1: disabling
[    3.890869] VFS: Mounted root (nfs filesystem) on device 0:13.
[    3.901214] devtmpfs: mounted
[    3.906799] Freeing unused kernel memory: 404K (c07c1000 - c0826000)
Mounting proc : OK
Mounting sysfs : OK
Mounting devtmpfs:mount: mounting none on /dev failed: Device or resource busy
boot mounted: OK
/dev/ttyO0 linked to /dev/tty-bd - using as console

******************************************
Starting System Init for GenericOMAP2430(FlattenedDeviceTree)
Release: X.x
Kernel: Linux GenericOMAP2430(FlattenedDeviceTree) 3.17.0-rc1-00002-g40e0b3e #1 SMP Tue Aug 26 16:56:09 CDT 2014 armv6l GNU/Linux
******************************************
Saving kernel ring buffer : OK
Mounting devpts : OK
Setting up networking
Configuring lo : OK
Configuring eth0 : OK - 192.168.1.188
Starting telnetd : OK
Starting syslogd : OK
Starting klogd : OK
Mounting filesystems : OK
mount: mounting none on /proc/bus/usb/ failed: No such file or directory

Please press Enter to activate this console. 
- 17:00:15 [INFO] Host: root
- 17:00:15 [INFO] Target: 
root
/ # 
- 17:00:15 [INFO] Host: uname -a
- 17:00:16 [INFO] Target: 
uname -a
Linux GenericOMAP2430(FlattenedDeviceTree) 3.17.0-rc1-00002-g40e0b3e #1 SMP Tue Aug 26 16:56:09 CDT 2014 armv6l GNU/Linux
/ # 
- 17:00:16 [INFO] Host: cat /proc/cmdline
- 17:00:17 [INFO] Target: 
cat /proc/cmdline
console=ttyO0,115200n8 earlyprintk rootwait ip=dhcp root=/dev/nfs rw nfsroot=128.247.105.47:/usr/workdir/filesys/linux/sdp2430,nolock,wsize=1024,rsize=1024 nohlt
/ # 
- 17:00:17 [INFO] Host: uname -a
- 17:00:17 [INFO] Target: 
uname -a
Linux GenericOMAP2430(FlattenedDeviceTree) 3.17.0-rc1-00002-g40e0b3e #1 SMP Tue Aug 26 16:56:09 CDT 2014 armv6l GNU/Linux
/ # 
- 17:00:17 [INFO] Host: cat /proc/mtd
- 17:00:18 [INFO] Target: 
cat /proc/mtd
dev:    size   erasesize  name
/ # 
- 17:00:24 [INFO] Host: export IPERFHOST=128.247.105.47
- 17:00:25 [INFO] Target: 
export IPERFHOST=128.247.105.47
/ # 
- 17:00:25 [INFO] Host: export NFS_SERVER=128.247.105.47
- 17:00:25 [INFO] Target: 
export NFS_SERVER=128.247.105.47
/ # 
- 17:00:25 [INFO] Host: export NFS_ROOT_PATH=/usr/workdir/filesys/linux/sdp2430
- 17:00:26 [INFO] Target: 
export NFS_ROOT_PATH=/usr/workdir/filesys/linux/sdp2430
/ # 
- 17:00:26 [INFO] Host: mkdir -p -m 777 /test
- 17:00:26 [INFO] Target: 
mkdir -p -m 777 /test
/ # 
- 17:00:26 [INFO] Host: cd /test
- 17:00:27 [INFO] Target: 
cd /test
/test # 
- 17:00:27 [INFO] Host: cat > test.sh << EOF
- 17:00:28 [INFO] Target: 
cat > test.sh << EOF
> 
- 17:00:28 [INFO] Host: failtest() {

- 17:00:28 [INFO] Target: 
failtest() {
> 
- 17:00:28 [INFO] Host:   echo 1 >&3

- 17:00:29 [INFO] Target: 
  echo 1 >&3
> 
- 17:00:29 [INFO] Host: }

- 17:00:29 [INFO] Target: 
}
> 
- 17:00:29 [INFO] Host: timeout=600

- 17:00:30 [INFO] Target: 
timeout=600
> 
- 17:00:30 [INFO] Host: 

- 17:00:31 [INFO] Target: 

> 
- 17:00:31 [INFO] Host: # Start of user's script logic

- 17:00:31 [INFO] Target: 
# Start of user's script logic
> 
- 17:00:31 [INFO] Host: 

- 17:00:32 [INFO] Target: 

> 
- 17:00:32 [INFO] Host: 

- 17:00:32 [INFO] Target: 

> 
- 17:00:33 [INFO] Host: mount -t proc proc /proc 2>/dev/null;

- 17:00:33 [INFO] Target: 
mount -t proc proc /proc 2>/dev/null;
> 
- 17:00:33 [INFO] Host: 

- 17:00:34 [INFO] Target: 

> 
- 17:00:34 [INFO] Host: mount -t sysfs sys /sys 2>/dev/null;

- 17:00:34 [INFO] Target: 
mount -t sysfs sys /sys 2>/dev/null;
> 
- 17:00:34 [INFO] Host: 

- 17:00:35 [INFO] Target: 

> 
- 17:00:35 [INFO] Host: mount -t debugfs none /sys/kernel/debug 2>/dev/null;

- 17:00:35 [INFO] Target: 
mount -t debugfs none /sys/kernel/debug 2>/dev/null;
> 
- 17:00:35 [INFO] Host: 

- 17:00:36 [INFO] Target: 

> 
- 17:00:36 [INFO] Host: echo 'cpuinfo:';cat /proc/cpuinfo; echo '=======';

- 17:00:37 [INFO] Target: 
echo 'cpuinfo:';cat /proc/cpuinfo; echo '=======';
> 
- 17:00:37 [INFO] Host: 

- 17:00:37 [INFO] Target: 

> 
- 17:00:37 [INFO] Host: echo 'soc info:';head /sys/devices/soc0/* 2>/dev/null; echo '=======';

- 17:00:38 [INFO] Target: 
echo 'soc info:';head /sys/devices/soc0/* 2>/dev/null; echo '=======';
> 
- 17:00:38 [INFO] Host: 

- 17:00:38 [INFO] Target: 

> 
- 17:00:38 [INFO] Host: echo 'interrupts:';cat /proc/interrupts; echo '=======';

- 17:00:39 [INFO] Target: 
echo 'interrupts:';cat /proc/interrupts; echo '=======';
> 
- 17:00:39 [INFO] Host: 

- 17:00:40 [INFO] Target: 

> 
- 17:00:40 [INFO] Host: echo 'Clk_summary:';cat /sys/kernel/debug/clk/clk_summary; echo '=======';

- 17:00:40 [INFO] Target: 
echo 'Clk_summary:';cat /sys/kernel/debug/clk/clk_summary[   32.889190] random: nonblocking pool is initialized
; echo '=======';
> 
- 17:00:40 [INFO] Host: 

- 17:00:41 [INFO] Target: 

> 
- 17:00:41 [INFO] Host: echo 'Orphan Clks:';ls /sys/kernel/debug/clk/orphans/; echo '=======';

- 17:00:41 [INFO] Target: 
echo 'Orphan Clks:';ls /sys/kernel/debug/clk/orphans/; echo '=======';
> 
- 17:00:41 [INFO] Host: 

- 17:00:42 [INFO] Target: 

> 
- 17:00:42 [INFO] Host: echo 'H''ello World' 'B''oard Booted';

- 17:00:43 [INFO] Target: 
echo 'H''ello World' 'B''oard Booted';
> 
- 17:00:43 [INFO] Host: 

- 17:00:43 [INFO] Target: 

> 
- 17:00:43 [INFO] Host: EOF
- 17:00:44 [INFO] Target: 
EOF
/test # 
- 17:00:44 [INFO] Host: cd /test
- 17:00:44 [INFO] Target: 
cd /test
/test # 
- 17:00:44 [INFO] Host: chmod +x test.sh
- 17:00:45 [INFO] Target: 
chmod +x test.sh
/test # 
- 17:00:45 [INFO] Host: ./test.sh 2> stderr.log > stdout.log 3> result.log
- 17:00:46 [INFO] Target: 
./test.sh 2> stderr.log > stdout.log 3> result.log
/test # 
- 17:00:46 [INFO] Host: echo $?
- 17:00:46 [INFO] Target: 
echo $?
0
/test # 
- 17:00:46 [INFO] Host: cd /test
- 17:00:47 [INFO] Target: 
cd /test
/test # 
- 17:00:47 [INFO] Host: cat stdout.log
- 17:00:48 [INFO] Target: 
cat stdout.log
cpuinfo:
processor	: 0
model name	: ARMv6-compatible processor rev 6 (v6l)
Features	: swp half thumb fastmult vfp edsp java 
CPU implementer	: 0x41
CPU architecture: 6TEJ
CPU variant	: 0x0
CPU part	: 0xb36
CPU revision	: 6

Hardware	: Generic OMAP2430 (Flattened Device Tree)
Revision	: 0000
Serial		: 0000000000000000
=======
soc info:
=======
interrupts:
           CPU0       
 23:          0      INTC   7  TWL4030-PIH
 28:          0      INTC  12  DMA
 29:          0      INTC  13  omap-dma-engine
 36:          0      INTC  20  gpmc
 53:        964      INTC  37  gp_timer
 72:          0      INTC  56  48070000.i2c
 73:        345      INTC  57  48072000.i2c
 88:       3526      INTC  72  OMAP UART0
 99:         13      INTC  83  mmc0
102:         13      INTC  86  mmc1
261:       4161      GPIO  21  eth0
274:          0   twl4030   0  twl4030_gpio
279:          0   twl4030   5  twl4030_power
282:          0   twl4030   8  twl4030_pwrbutton
285:          0   twl4030  11  rtc0
IPI0:          0  CPU wakeup interrupts
IPI1:          0  Timer broadcast interrupts
IPI2:          0  Rescheduling interrupts
IPI3:          0  Function call interrupts
IPI4:          0  Single function call interrupts
IPI5:          0  CPU stop interrupts
IPI6:          0  IRQ work interrupts
IPI7:          0  completion interrupts
Err:          0
=======
Clk_summary:
   clock                         enable_cnt  prepare_cnt        rate   accuracy
--------------------------------------------------------------------------------
 dummy_ck                                 0            0           0          0
 mcbsp_clks                               0            5           0          0
 alt_ck                                   0            0    54000000          0
 virt_26m_ck                              0            0    26000000          0
 virt_19200000_ck                         0            0    19200000          0
 virt_13m_ck                              1            1    13000000          0
    aplls_clkin_ck                        1            1    13000000          0
       aplls_clkin_x2_ck                  1            1    26000000          0
          osc_ck                          1            1    26000000          0
             mdm_osc_ck                   0            0    26000000          0
             sys_ck                       8           11    13000000          0
                icr_ick                   0            0    13000000          0
                omapctrl_ick              1            1    13000000          0
                wdt1_ick                  0            0    13000000          0
                sync_32k_ick              2            2    13000000          0
                mpu_wdt_ick               1            1    13000000          0
                gpios_ick                 4            4    13000000          0
                gpt2_fck                  0            1    13000000          0
                gpt1_ick                  1            1    13000000          0
                dss2_fck                  0            1    13000000          0
                dss1_fck                  0            3    13000000          0
                apll54_ck                 1            2           0          0
                   func_54m_ck            0            1           0          0
                      dss_54m_fck           0            2           0          0
                      emul_ck             0            0           0          0
                      sys_clkout_src           0            0           0          0
                         sys_clkout           0            0           0          0
                apll96_ck                 2            3    96000000          0
                   apll96_d2_ck           1            1    48000000          0
                      func_48m_ck           3            7    48000000          0
                         mcspi3_fck           0            1    48000000          0
                         usb_fck           0            0    48000000          0
                         uart3_fck           1            1    48000000          0
                         uart2_fck           1            1    48000000          0
                         uart1_fck           1            1    48000000          0
                         mcspi2_fck           0            1    48000000          0
                         mcspi1_fck           0            1    48000000          0
                         func_12m_ck           0            1    12000000          0
                            hdq_fck           0            1    12000000          0
                            fac_fck           0            0    12000000          0
                   func_96m_ck            0           14    96000000          0
                      mcbsp5_fck           0            1    96000000          0
                      mcbsp4_fck           0            1    96000000          0
                      mcbsp3_fck           0            1    96000000          0
                      mcbsp2_fck           0            1    96000000          0
                      mcbsp1_fck           0            1    96000000          0
                      mmchs2_fck           0            1    96000000          0
                      mmchs1_fck           0            1    96000000          0
                      i2chs2_fck           0            1    96000000          0
                      i2chs1_fck           0            1    96000000          0
                      mspro_fck           0            0    96000000          0
                      cam_fck             0            0    96000000          0
                dpll_ck                   1            1   660000000          0
                   core_ck                1            3   660000000          0
                      mdm_ick             0            0   110000000          0
                      ssi_ssr_sst_fck           0            0   132000000          0
                      core_d16_ck           0            0    41250000          0
                      core_d12_ck           0            0    55000000          0
                      core_d9_ck           0            0    73333333          0
                      core_d8_ck           0            0    82500000          0
                      core_d6_ck           0            0   110000000          0
                      core_d5_ck           0            0   132000000          0
                      core_d4_ck           0            0   165000000          0
                      core_d3_ck           0            0   220000000          0
                      core_d2_ck           0            0   330000000          0
                      core_l3_ck           9           11   165000000          0
                         usbhs_ick           0            1   165000000          0
                         sdrc_ick           1            1   165000000          0
                         sdma_ick           1            1   165000000          0
                         sdma_fck           0            0   165000000          0
                         gpmc_fck           2            2   165000000          0
                         usb_l4_ick           1            1    41250000          0
                         l4_ck           32           36    82500000          0
                            mdm_intc_ick           0            0    82500000          0
                            gpio5_ick           1            1    82500000          0
                            mmchs2_ick           1            1    82500000          0
                            mmchs1_ick           1            1    82500000          0
                            mcspi3_ick           1            1    82500000          0
                            mcbsp5_ick           1            1    82500000          0
                            mcbsp4_ick           1            1    82500000          0
                            mcbsp3_ick           1            1    82500000          0
                            pka_ick           0            0    82500000          0
                            aes_ick           1            1    82500000          0
                            rng_ick           1            1    82500000          0
                            sha_ick           1            1    82500000          0
                            des_ick           0            0    82500000          0
                            i2c2_ick           1            1    82500000          0
                            i2c1_ick           1            1    82500000          0
                            hdq_ick           0            1    82500000          0
                            fac_ick           0            0    82500000          0
                            mspro_ick           0            0    82500000          0
                            wdt4_ick           0            0    82500000          0
                            mailboxes_ick           0            1    82500000          0
                            cam_ick           0            0    82500000          0
                            uart3_ick           1            1    82500000          0
                            uart2_ick           1            1    82500000          0
                            uart1_ick           1            1    82500000          0
                            mcspi2_ick           1            1    82500000          0
                            mcspi1_ick           1            1    82500000          0
                            mcbsp2_ick           1            1    82500000          0
                            mcbsp1_ick           1            1    82500000          0
                            gpt12_ick           1            1    82500000          0
                            gpt11_ick           1            1    82500000          0
                            gpt10_ick           1            1    82500000          0
                            gpt9_ick           1            1    82500000          0
                            gpt8_ick           1            1    82500000          0
                            gpt7_ick           1            1    82500000          0
                            gpt6_ick           1            1    82500000          0
                            gpt5_ick           1            1    82500000          0
                            gpt4_ick           1            1    82500000          0
                            gpt3_ick           1            1    82500000          0
                            gpt2_ick           1            1    82500000          0
                            ssi_l4_ick           0            0    82500000          0
                            dss_ick           3            5    82500000          0
                         gfx_ick           0            0   165000000          0
                         gfx_2d_fck           0            0    82500000          0
                         gfx_3d_fck           0            0    82500000          0
                      dsp_fck             0            1   330000000          0
                         iva2_1_ick           0            0   165000000          0
                      mpu_ck              0            1   330000000          0
                         virt_prcm_set           0            0           0          0
 virt_12m_ck                              0            0    12000000          0
 secure_32k_ck                            0            0       32768          0
 func_32k_ck                              3           17       32768          0
    gpt1_fck                              1            1       32768          0
    mmchsdb2_fck                          0            1       32768          0
    mmchsdb1_fck                          0            1       32768          0
    gpio5_fck                             1            1       32768          0
    wdt4_fck                              0            0       32768          0
    mpu_wdt_fck                           0            1       32768          0
    gpios_fck                             0            4       32768          0
    gpt12_fck                             0            1       32768          0
    gpt11_fck                             0            1       32768          0
    gpt10_fck                             0            1       32768          0
    gpt9_fck                              0            1       32768          0
    gpt8_fck                              0            1       32768          0
    gpt7_fck                              0            1       32768          0
    gpt6_fck                              0            1       32768          0
    gpt5_fck                              0            1       32768          0
    gpt4_fck                              0            1       32768          0
    gpt3_fck                              0            1       32768          0
=======
Orphan Clks:
=======
Hello World Board Booted
/test # 
- 17:00:48 [INFO] Host: cat stderr.log
- 17:00:49 [INFO] Target: 
cat stderr.log
ls: /sys/kernel/debug/clk/orphans/: No such file or directory
/test # 
- 17:00:49 [INFO] Host: cat result.log
- 17:00:51 [ERROR] On command: cat result.log waiting for (?m-ix:^1[\0\n\r]+) >>> error: execution expired
- 17:00:51 [INFO] Target: 
cat result.log
/test # 
- 17:00:51 [INFO] Host: cd /test
- 17:00:52 [INFO] Target: 
cd /test
/test # 
