- 17:30:02 [INFO] Starting target session
- 17:30:03 [INFO] Connected to sdp2430 via serial 
- 17:30:03 [INFO] Host: #check prompt
- 17:30:06 [ERROR] On command: #check prompt waiting for #check prompt.+?(?-mix:((?-mix:activate this console)|[Pp]assword)) >>> error: execution expired
- 17:30:06 [INFO] Target: 
#check prompt
/test # 
- 17:30:06 [INFO] Host: #check prompt
- 17:30:06 [INFO] Target: 
#check prompt
/test # 
- 17:30:06 [INFO] Host: sync;poweroff
- 17:30:09 [INFO] Target: 
sync;poweroff
/test # umount: devtmpfs busy - remounted read-only
umount: can't remount 192.168.1.254:/home/NFS_exports/sdp2430 read-only
The system is going down NOW!
Sent SIGTERM to all processes
Sent SIGKILL to all processes
Requesting system poweroff
[42311.910949] reboot: System halted
- 17:30:09 [INFO] Disconnected serial from sdp2430
- 17:30:10 [INFO] Connected to sdp2430 via serial 
- 17:30:10 [INFO] Host: 
- 17:30:12 [INFO] Target: 
U-Boot 1.1.3 (Mar  2 2007 - 11:17:49)
U-Boot code: 80E80000 -> 80EA2A4C  BSS: -> 80EA8BF0
OMAP2430C-GP revision 3, PRCM #2
TI 2430SDP 0.1 Version + mDDR (Boot NOR)
RAM Configuration:
Bank #0: 80000000 128 MB
Bank #1: 88000000  0 kB
Flash: 192 MB
NAND:64 MB
In:    serial
Out:   serial
Err:   serial
Hit any key to stop autoboot:  3  0 
OMAP243X SDP # 
OMAP243X SDP # 
OMAP243X SDP # 
OMAP243X SDP # 
OMAP243X SDP # 
OMAP243X SDP # 
OMAP243X SDP # 
OMAP243X SDP # 
OMAP243X SDP # 
OMAP243X SDP # 
- 17:30:14 [INFO] Host: version
- 17:30:14 [INFO] Target: 
243X SDP # 
OMAP243X SDP # 
OMAP243X SDP # version
U-Boot 1.1.3 (Mar  2 2007 - 11:17:49)
OMAP243X SDP # 
- 17:30:14 [INFO] Host: bdinfo
- 17:30:14 [INFO] Target: 
bdinfo
arch_number = 0x00000384
env_t       = 0x00000000
boot_params = 0x80000100
DRAM bank   = 0x00000000
-> start    = 0x80000000
-> size     = 0x08000000
DRAM bank   = 0x00000001
-> start    = 0x88000000
-> size     = 0x00000000
ethaddr     = 08:00:28:01:01:A0
ip_addr     = 128.247.91.37
baudrate    = 115200 bps
OMAP243X SDP # 
- 17:30:14 [INFO] Host: printenv
- 17:30:14 [INFO] Target: 
printenv
bootdelay=3
baudrate=115200
ethaddr=08:00:28:01:01:A0
bootcmd=dhcp;bootm
bootfile=/tftpboot/kernel/uImage.omap2430-sdp
gatewayip=128.247.90.1
netmask=255.255.254.0
hostname=dhcp-128-247-91-37
ipaddr=128.247.91.37
serverip=128.247.91.123
bootargs=console=ttyO0,115200n8 noinitrd debug ignore_loglevel earlyprintk ip=dhcp root=/dev/nfs rw nfsroot=128.247.91.123:/nfs/sdp2430/,nolock,wsize=1024,rsize=1024 rootwait init=/bin/sh nohlt
stdin=serial
stdout=serial
stderr=serial
Environment size: 472/131068 bytes
OMAP243X SDP # 
- 17:30:14 [INFO] Host: setenv autoload 'no'
- 17:30:14 [INFO] Target: 
setenv autoload 'no'
OMAP243X SDP # 
- 17:30:14 [INFO] Host: dhcp
- 17:30:15 [INFO] Target: 
dhcp
Using MAC Address 08:00:28:01:01:A0
BOOTP broadcast 1
DHCP client bound to address 192.168.1.150
OMAP243X SDP # 
- 17:30:15 [INFO] Host: setenv serverip 192.168.1.254
- 17:30:16 [INFO] Target: 
setenv serverip 192.168.1.254
OMAP243X SDP # 
- 17:30:16 [INFO] Host: setenv bootargs 'console=ttyO0,115200n8 earlyprintk rootwait ip=dhcp root=/dev/nfs rw nfsroot=192.168.1.254:/home/NFS_exports/sdp2430,nolock,wsize=1024,rsize=1024 nohlt'
- 17:30:16 [INFO] Target: 
setenv bootargs 'console=ttyO0,115200n8 earlyprintk rootwait ip=dhcp root=/dev/nfs rw nfsroot=192.168.1.254:/home/NFS_exports/sdp2430,nolock,wsize=1024,rsize=1024 nohlt'
OMAP243X SDP # 
- 17:30:16 [INFO] Host: setenv bootfile vatf_sdp2430/7947c5a622afa346cbe28e631ad8a6b5
- 17:30:16 [INFO] Target: 
setenv bootfile vatf_sdp2430/7947c5a622afa346cbe28e631ad8a6b5
OMAP243X SDP # 
- 17:30:16 [INFO] Host: setenv bootcmd 'tftp ${loadaddr};bootm ${loadaddr}'
- 17:30:16 [INFO] Target: 
setenv bootcmd 'tftp ${loadaddr};bootm ${loadaddr}'
OMAP243X SDP # 
- 17:30:16 [INFO] Host: printenv
- 17:30:16 [INFO] Target: 
printenv
bootdelay=3
baudrate=115200
ethaddr=08:00:28:01:01:A0
hostname=dhcp-128-247-91-37
stdin=serial
stdout=serial
stderr=serial
autoload=no
gatewayip=192.168.1.254
netmask=255.255.255.0
ipaddr=192.168.1.150
serverip=192.168.1.254
bootargs=console=ttyO0,115200n8 earlyprintk rootwait ip=dhcp root=/dev/nfs rw nfsroot=192.168.1.254:/home/NFS_exports/sdp2430,nolock,wsize=1024,rsize=1024 nohlt
bootfile=vatf_sdp2430/7947c5a622afa346cbe28e631ad8a6b5
bootcmd=tftp ${loadaddr};bootm ${loadaddr}
Environment size: 484/131068 bytes
OMAP243X SDP # 
- 17:30:16 [INFO] Host: boot
- 17:30:41 [INFO] Target: 
boot
Using MAC Address 08:00:28:01:01:A0
TFTP from server 192.168.1.254; our IP address is 192.168.1.150
Filename 'vatf_sdp2430/7947c5a622afa346cbe28e631ad8a6b5'.
Load address: 0x80000000
Loading: *#################################################################
	 #################################################################
	 #################################################################
	 #################################################################
	 #################################################################
	 #################################################################
	 #################################################################
	 #################################################################
	 #################################################################
	 #################################################################
	 ##############################################################
done
Bytes transferred = 3642659 (379523 hex)
## Booting image at 80000000 ...
   Image Name:   Linux-4.4.0-rc5-00002-ga767b0787
   Image Type:   ARM Linux Kernel Image (uncompressed)
   Data Size:    3642595 Bytes =  3.5 MB
   Load Address: 81000000
   Entry Point:  81000000
   Verifying Checksum ... OK
Starting kernel ...
[    0.000000] Booting Linux on physical CPU 0x0
[    0.000000] Initializing cgroup subsys cpuset
[    0.000000] Initializing cgroup subsys cpu
[    0.000000] Initializing cgroup subsys cpuacct
[    0.000000] Linux version 4.4.0-rc5-00002-ga767b07870d6 (nmenon@horus) (gcc version 4.9.3 20150413 (prerelease) (Linaro GCC 4.9-2015.05) ) #1 SMP Wed Dec 16 17:25:21 CST 2015
[    0.000000] CPU: ARMv6-compatible processor [4107b366] revision 6 (ARMv6TEJ), cr=00c5387d
[    0.000000] CPU: VIPT aliasing data cache, VIPT aliasing instruction cache
[    0.000000] Machine model: TI OMAP2430 SDP
[    0.000000] cma: Reserved 16 MiB at 0x86800000
[    0.000000] Memory policy: Data cache writeback
[    0.000000] CPU: All CPU(s) started in SVC mode.
[    0.000000] OMAP2430
[    0.000000] 
[    0.000000] PERCPU: Embedded 14 pages/cpu @c7c6d000 s24960 r8192 d24192 u57344
[    0.000000] Built 1 zonelists in Zone order, mobility grouping on.  Total pages: 31968
[    0.000000] Kernel command line: console=ttyO0,115200n8 earlyprintk rootwait ip=dhcp root=/dev/nfs rw nfsroot=192.168.1.254:/home/NFS_exports/sdp2430,nolock,wsize=1024,rsize=1024 nohlt
[    0.000000] PID hash table entries: 512 (order: -1, 2048 bytes)
[    0.000000] Dentry cache hash table entries: 16384 (order: 4, 65536 bytes)
[    0.000000] Inode-cache hash table entries: 8192 (order: 3, 32768 bytes)
[    0.000000] Memory: 92552K/129024K available (6603K kernel code, 747K rwdata, 2240K rodata, 456K init, 8263K bss, 20088K reserved, 16384K cma-reserved, 0K highmem)
[    0.000000] Virtual kernel memory layout:
[    0.000000]     vector  : 0xffff0000 - 0xffff1000   (   4 kB)
[    0.000000]     fixmap  : 0xffc00000 - 0xfff00000   (3072 kB)
[    0.000000]     vmalloc : 0xc8800000 - 0xff800000   ( 880 MB)
[    0.000000]     lowmem  : 0xc0000000 - 0xc8000000   ( 128 MB)
[    0.000000]     pkmap   : 0xbfe00000 - 0xc0000000   (   2 MB)
[    0.000000]     modules : 0xbf000000 - 0xbfe00000   (  14 MB)
[    0.000000]       .text : 0xc0008000 - 0xc08ab040   (8845 kB)
[    0.000000]       .init : 0xc08ac000 - 0xc091e000   ( 456 kB)
[    0.000000]       .data : 0xc091e000 - 0xc09d8c18   ( 748 kB)
[    0.000000]        .bss : 0xc09db000 - 0xc11ece28   (8264 kB)
[    0.000000] Running RCU self tests
[    0.000000] Hierarchical RCU implementation.
[    0.000000] 	RCU lockdep checking is enabled.
[    0.000000] 	Build-time adjustment of leaf fanout to 32.
[    0.000000] 	RCU restricting CPUs from NR_CPUS=2 to nr_cpu_ids=1.
[    0.000000] RCU: Adjusting geometry for rcu_fanout_leaf=32, nr_cpu_ids=1
[    0.000000] NR_IRQS:16 nr_irqs:16 16
[    0.000000] IRQ: Found an INTC at 0xfa0fe000 (revision 3.0) with 96 interrupts
[    0.000000] Clocking rate (Crystal/DPLL/MPU): 13.0/660/330 MHz
[    0.000000] OMAP clockevent source: timer1 at 32768 Hz
[    0.000000] clocksource: 32k_counter: mask: 0xffffffff max_cycles: 0xffffffff, max_idle_ns: 58327039986419 ns
[    0.000030] sched_clock: 32 bits at 32kHz, resolution 30517ns, wraps every 65535999984741ns
[    0.000061] OMAP clocksource: 32k_counter at 32768 Hz
[    0.000671] hw-breakpoint: CPUID feature registers not supported. Assuming v6 debug is present.
[    0.002746] Console: colour dummy device 80x30
[    0.002899] Lock dependency validator: Copyright (c) 2006 Red Hat, Inc., Ingo Molnar
[    0.002929] ... MAX_LOCKDEP_SUBCLASSES:  8
[    0.002960] ... MAX_LOCK_DEPTH:          48
[    0.002960] ... MAX_LOCKDEP_KEYS:        8191
[    0.002990] ... CLASSHASH_SIZE:          4096
[    0.003021] ... MAX_LOCKDEP_ENTRIES:     32768
[    0.003051] ... MAX_LOCKDEP_CHAINS:      65536
[    0.003143] ... CHAINHASH_SIZE:          32768
[    0.003173]  memory used by lock dependency info: 5167 kB
[    0.003204]  per task-struct memory footprint: 1536 bytes
[    0.003265] Calibrating delay loop... 326.86 BogoMIPS (lpj=1634304)
[    0.132904] pid_max: default: 32768 minimum: 301
[    0.133911] Security Framework initialized
[    0.134277] Mount-cache hash table entries: 1024 (order: 0, 4096 bytes)
[    0.134338] Mountpoint-cache hash table entries: 1024 (order: 0, 4096 bytes)
[    0.143890] Initializing cgroup subsys io
[    0.144165] Initializing cgroup subsys memory
[    0.144378] Initializing cgroup subsys devices
[    0.144622] Initializing cgroup subsys freezer
[    0.145050] Initializing cgroup subsys perf_event
[    0.145233] CPU: Testing write buffer coherency: ok
[    0.150421] missing device node for CPU 0
[    0.150482] CPU0: thread -1, cpu 0, socket -1, mpidr 4107b366
[    0.150726] Setting up static identity map for 0x80008280 - 0x800082f0
[    0.162902] Brought up 1 CPUs
[    0.162963] SMP: Total of 1 processors activated (326.86 BogoMIPS).
[    0.162994] CPU: All CPU(s) started in SVC mode.
[    0.172241] devtmpfs: initialized
[    0.328765] VFP support v0.3: implementor 41 architecture 1 part 20 variant b rev 2
[    0.431732] omap_hwmod: usb_otg_hs: _wait_target_ready failed: -16
[    0.431793] omap_hwmod: usb_otg_hs: cannot be enabled for reset (3)
[    0.452819] clocksource: jiffies: mask: 0xffffffff max_cycles: 0xffffffff, max_idle_ns: 19112604462750000 ns
[    0.458557] pinctrl core: initialized pinctrl subsystem
[    0.474884] NET: Registered protocol family 16
[    0.494903] DMA: preallocated 256 KiB pool for atomic coherent allocations
[    0.500793] cpuidle: using governor ladder
[    0.500885] cpuidle: using governor menu
[    0.566284] OMAP GPIO hardware version 2.4
[    0.593627] omap-gpmc 6e000000.gpmc: GPMC revision 3.0
[    0.594055] gpmc_mem_init: disabling cs 0 mapped at 0x0-0x1000000
[    0.607788] No ATAGs?
[    0.607971] hw-breakpoint: found 6 breakpoint and 1 watchpoint registers.
[    0.608001] hw-breakpoint: maximum watchpoint size is 4 bytes.
[    0.611114] omap4_sram_init:Unable to allocate sram needed to handle errata I688
[    0.611175] omap4_sram_init:Unable to get sram pool needed to handle errata I688
[    0.613983] OMAP DMA hardware revision 4.0
[    0.712585] omap-dma-engine 48056000.dma-controller: OMAP DMA engine driver
[    0.725494] SCSI subsystem initialized
[    0.734588] omap_i2c 48070000.i2c: bus 0 rev3.3 at 100 kHz
[    0.739013] omap_i2c 48072000.i2c: bus 1 rev3.3 at 100 kHz
[    0.740234] pps_core: LinuxPPS API ver. 1 registered
[    0.740264] pps_core: Software ver. 5.3.6 - Copyright 2005-2007 Rodolfo Giometti <giometti@linux.it>
[    0.740447] PTP clock support registered
[    0.752899] clocksource: Switched to clocksource 32k_counter
[    1.212097] NET: Registered protocol family 2
[    1.218505] TCP established hash table entries: 1024 (order: 0, 4096 bytes)
[    1.218627] TCP bind hash table entries: 1024 (order: 3, 36864 bytes)
[    1.219696] TCP: Hash tables configured (established 1024 bind 1024)
[    1.220214] UDP hash table entries: 256 (order: 2, 20480 bytes)
[    1.220855] UDP-Lite hash table entries: 256 (order: 2, 20480 bytes)
[    1.223846] NET: Registered protocol family 1
[    1.228546] RPC: Registered named UNIX socket transport module.
[    1.228576] RPC: Registered udp transport module.
[    1.228607] RPC: Registered tcp transport module.
[    1.228637] RPC: Registered tcp NFSv4.1 backchannel transport module.
[    1.234527] hw perfevents: enabled with armv6_1136 PMU driver, 3 counters available
[    1.251312] futex hash table entries: 256 (order: 2, 16384 bytes)
[    1.251983] audit: initializing netlink subsys (disabled)
[    1.252777] audit: type=2000 audit(1.240:1): initialized
[    1.266418] VFS: Disk quotas dquot_6.6.0
[    1.267181] VFS: Dquot-cache hash table entries: 1024 (order 0, 4096 bytes)
[    1.274536] NFS: Registering the id_resolver key type
[    1.275756] Key type id_resolver registered
[    1.275817] Key type id_legacy registered
[    1.276367] jffs2: version 2.2. (NAND) (SUMMARY)   2001-2006 Red Hat, Inc.
[    1.294250] io scheduler noop registered
[    1.294342] io scheduler deadline registered
[    1.294464] io scheduler cfq registered (default)
[    1.301513] pinctrl-single 49002030.pinmux: 340 pins at pa fb002030 size 340
[    1.313659] Serial: 8250/16550 driver, 4 ports, IRQ sharing enabled
[    1.331909] omap_uart 4806a000.serial: no wakeirq for uart0
[    1.333557] 4806a000.serial: ttyO0 at MMIO 0x4806a000 (irq = 88, base_baud = 3000000) is a OMAP UART0
[    2.117431] console [ttyO0] enabled
[    2.128417] omap_uart 4806c000.serial: no wakeirq for uart1
[    2.135406] 4806c000.serial: ttyO1 at MMIO 0x4806c000 (irq = 89, base_baud = 3000000) is a OMAP UART1
[    2.148864] omap_uart 4806e000.serial: no wakeirq for uart2
[    2.155792] 4806e000.serial: ttyO2 at MMIO 0x4806e000 (irq = 90, base_baud = 3000000) is a OMAP UART2
[    2.282073] brd: module loaded
[    2.351959] loop: module loaded
[    2.390594] twl 1-0048: PIH (irq 23) chaining IRQs 274..282
[    2.397705] twl 1-0048: power (irq 279) chaining IRQs 282..289
[    2.552886] twl4030_gpio twl4030-gpio: gpio (irq 274) chaining IRQs 290..307
[    2.583953] mtdoops: mtd device (mtddev=name/number) must be supplied
[    2.616119] smc91x.c: v1.1, sep 22 2004 by Nicolas Pitre <nico@fluxnic.net>
[    2.629821] smc91x 8000300.ethernet eth0: SMC91C94 (rev 9) at c88fa300 IRQ 261
[    2.637603] 
[    2.639221] smc91x 8000300.ethernet eth0: Ethernet addr: 08:00:28:01:01:a0
[    2.659179] mousedev: PS/2 mouse device common for all mice
[    2.665283] i2c /dev entries driver
[    2.774017] ledtrig-cpu: registered to indicate activity on CPUs
[    2.784210] oprofile: using arm/armv6
[    2.790130] Initializing XFRM netlink socket
[    2.795898] NET: Registered protocol family 10
[    2.810241] sit: IPv6 over IPv4 tunneling driver
[    2.821807] NET: Registered protocol family 17
[    2.826904] NET: Registered protocol family 15
[    2.833068] Key type dns_resolver registered
[    2.838104] SmartReflex Class3 initialized
[    2.868408] hctosys: unable to open rtc device (rtc0)
[    2.873992] sr_init: No PMIC hook to init smartreflex
[    2.880096] sr_init: platform driver register failed for SR
[    2.994781] smc91x 8000300.ethernet eth0: link up
[    3.013092] Sending DHCP requests ., OK
[    3.073425] IP-Config: Got DHCP answer from 192.168.1.254, my address is 192.168.1.150
[    3.083312] IP-Config: Complete:
[    3.086761]      device=eth0, hwaddr=08:00:28:01:01:a0, ipaddr=192.168.1.150, mask=255.255.255.0, gw=192.168.1.254
[    3.097808]      host=192.168.1.150, domain=tidfarm-05.internal.ti.com, nis-domain=(none)
[    3.106536]      bootserver=192.168.1.254, rootserver=192.168.1.254, rootpath=
[    3.114044]      nameserver0=192.0.2.2, nameserver1=192.0.2.3
[    3.131622] VUSB3V1: disabling
[    3.191864] VFS: Mounted root (nfs filesystem) on device 0:15.
[    3.203338] devtmpfs: mounted
[    3.209136] Freeing unused kernel memory: 456K (c08ac000 - c091e000)
Mounting proc : OK
Mounting sysfs : OK
Mounting devtmpfs:mount: mounting none on /dev failed: Device or resource busy
boot mounted: OK
/dev/ttyO0 linked to /dev/tty-bd - using as console
******************************************
Starting System Init for GenericOMAP2430(FlattenedDeviceTree)
Release: X.x
Kernel: Linux GenericOMAP2430(FlattenedDeviceTree) 4.4.0-rc5-00002-ga767b07870d6 #1 SMP Wed Dec 16 17:25:21 CST 2015 armv6l GNU/Linux
******************************************
Saving kernel ring buffer : OK
Mounting devpts : OK
Setting up networking
Configuring lo : OK
Configuring eth0 : OK - 192.168.1.150
Starting telnetd : OK
Starting syslogd : OK
Starting klogd : OK
Mounting filesystems : OK
mount: mounting none on /proc/bus/usb/ failed: No such file or directory
Please press Enter to activate this console. 
- 17:30:41 [INFO] Host: root
- 17:30:42 [INFO] Target: 
root
[    7.727539] random: nonblocking pool is initialized
/ # 
- 17:30:42 [INFO] Host: uname -a
- 17:30:42 [INFO] Target: 
uname -a
Linux GenericOMAP2430(FlattenedDeviceTree) 4.4.0-rc5-00002-ga767b07870d6 #1 SMP Wed Dec 16 17:25:21 CST 2015 armv6l GNU/Linux
/ # 
- 17:30:42 [INFO] Host: cat /proc/cmdline
- 17:30:42 [INFO] Target: 
cat /proc/cmdline
console=ttyO0,115200n8 earlyprintk rootwait ip=dhcp root=/dev/nfs rw nfsroot=192.168.1.254:/home/NFS_exports/sdp2430,nolock,wsize=1024,rsize=1024 nohlt
/ # 
- 17:30:42 [INFO] Host: uname -a
- 17:30:42 [INFO] Target: 
uname -a
Linux GenericOMAP2430(FlattenedDeviceTree) 4.4.0-rc5-00002-ga767b07870d6 #1 SMP Wed Dec 16 17:25:21 CST 2015 armv6l GNU/Linux
/ # 
- 17:30:42 [INFO] Host: cat /proc/mtd
- 17:30:42 [INFO] Target: 
cat /proc/mtd
dev:    size   erasesize  name
/ # 
- 17:30:44 [INFO] Host: export IPERFHOST=192.168.1.254
- 17:30:44 [INFO] Target: 
export IPERFHOST=192.168.1.254
/ # 
- 17:30:44 [INFO] Host: export NFS_SERVER=192.168.1.254
- 17:30:44 [INFO] Target: 
export NFS_SERVER=192.168.1.254
/ # 
- 17:30:44 [INFO] Host: export NFS_ROOT_PATH=/home/NFS_exports/sdp2430
- 17:30:44 [INFO] Target: 
export NFS_ROOT_PATH=/home/NFS_exports/sdp2430
/ # 
- 17:30:44 [INFO] Host: export AP_SSID=
- 17:30:45 [INFO] Target: 
export AP_SSID=
/ # 
- 17:30:45 [INFO] Host: mkdir -p -m 777 /test
- 17:30:45 [INFO] Target: 
mkdir -p -m 777 /test
/ # 
- 17:30:45 [INFO] Host: cd /test
- 17:30:45 [INFO] Target: 
cd /test
/test # 
- 17:30:45 [INFO] Host: cat > test.sh << EOF
- 17:30:45 [INFO] Target: 
cat > test.sh << EOF
- 17:30:45 [INFO] Host: failtest() {
- 17:30:45 [INFO] Target: 
failtest() {
- 17:30:45 [INFO] Host:   echo 1 >&3
- 17:30:45 [INFO] Target: 
  echo 1 >&3
- 17:30:45 [INFO] Host: }
- 17:30:45 [INFO] Target: 
- 17:30:45 [INFO] Host: timeout=600
- 17:30:46 [INFO] Target: 
timeout=600
- 17:30:46 [INFO] Host: 
- 17:30:46 [INFO] Target: 
- 17:30:46 [INFO] Host: # Start of user's script logic
- 17:30:46 [INFO] Target: 
# Start of user's script logic
- 17:30:46 [INFO] Host: mount -t proc proc /proc 2>/dev/null;
- 17:30:46 [INFO] Target: 
mount -t proc proc /proc 2>/dev/null;
- 17:30:46 [INFO] Host: 
- 17:30:46 [INFO] Target: 
- 17:30:46 [INFO] Host: mount -t sysfs sys /sys 2>/dev/null;
- 17:30:46 [INFO] Target: 
mount -t sysfs sys /sys 2>/dev/null;
- 17:30:46 [INFO] Host: 
- 17:30:46 [INFO] Target: 
- 17:30:46 [INFO] Host: mount -t debugfs none /sys/kernel/debug 2>/dev/null;
- 17:30:46 [INFO] Target: 
mount -t debugfs none /sys/kernel/debug 2>/dev/null;
- 17:30:46 [INFO] Host: 
- 17:30:46 [INFO] Target: 
- 17:30:46 [INFO] Host: echo 'cpuinfo:';cat /proc/cpuinfo; echo '=======';
- 17:30:46 [INFO] Target: 
echo 'cpuinfo:';cat /proc/cpuinfo; echo '=======';
- 17:30:46 [INFO] Host: 
- 17:30:47 [INFO] Target: 
- 17:30:47 [INFO] Host: echo 'soc info:';head /sys/devices/soc0/* 2>/dev/null; echo '=======';
- 17:30:47 [INFO] Target: 
echo 'soc info:';head /sys/devices/soc0/* 2>/dev/null; echo '=======';
- 17:30:47 [INFO] Host: 
- 17:30:47 [INFO] Target: 
- 17:30:47 [INFO] Host: echo 'DT Model info'; head /proc/device-tree/name /proc/device-tree/model /proc/device-tree/compatible 2>/dev/null;echo; echo '=======';
- 17:30:47 [INFO] Target: 
echo 'DT Model info'; head /proc/device-tree/name /proc/device-tree/model /pro
c/device-tree/compatible 2>/dev/null;echo; echo '=======';
- 17:30:47 [INFO] Host: 
- 17:30:47 [INFO] Target: 
- 17:30:47 [INFO] Host: echo 'interrupts:';cat /proc/interrupts; echo '=======';
- 17:30:47 [INFO] Target: 
echo 'interrupts:';cat /proc/interrupts; echo '=======';
- 17:30:47 [INFO] Host: 
- 17:30:47 [INFO] Target: 
- 17:30:47 [INFO] Host: echo 'Clk_summary:';cat /sys/kernel/debug/clk/clk_summary; echo '=======';
- 17:30:47 [INFO] Target: 
echo 'Clk_summary:';cat /sys/kernel/debug/clk/clk_summary; echo '=======';
- 17:30:47 [INFO] Host: 
- 17:30:47 [INFO] Target: 
- 17:30:47 [INFO] Host: echo "Available frequencies"; cat /sys/devices/system/cpu/cpu0/cpufreq/scaling_available_frequencies 2>/dev/null;echo '=======';
- 17:30:47 [INFO] Target: 
echo "Available frequencies"; cat /sys/devices/system/cpu/cpu0/cpufreq/scaling
_available_frequencies 2>/dev/null;echo '=======';
- 17:30:47 [INFO] Host: 
- 17:30:48 [INFO] Target: 
- 17:30:48 [INFO] Host: TMPF=/tmp/a.\$\$; TMPF2=/tmp/b.\$\$; STR=""
- 17:30:48 [INFO] Target: 
TMPF=/tmp/a.\$\$; TMPF2=/tmp/b.\$\$; STR=""
- 17:30:48 [INFO] Host: 
- 17:30:48 [INFO] Target: 
- 17:30:48 [INFO] Host: cp /dev/kmsg \$TMPF &
- 17:30:48 [INFO] Target: 
cp /dev/kmsg \$TMPF &
- 17:30:48 [INFO] Host: 
- 17:30:48 [INFO] Target: 
- 17:30:48 [INFO] Host: PID=\$! ; sleep 5; kill -9 \$PID
- 17:30:48 [INFO] Target: 
PID=\$! ; sleep 5; kill -9 \$PID
- 17:30:48 [INFO] Host: 
- 17:30:48 [INFO] Target: 
- 17:30:48 [INFO] Host: 
- 17:30:48 [INFO] Target: 
- 17:30:48 [INFO] Host: 
- 17:30:48 [INFO] Target: 
- 17:30:48 [INFO] Host: cat \$TMPF|grep "^0">\$TMPF2; N=\`cat \$TMPF2|wc -l\`; if [ "\$N" -ne 0 ]; then STR="\$STR emerg=\$N";echo "===== EMERGE++";cat \$TMPF2|cut -d ';' -f2;echo "====="; fi
- 17:30:48 [INFO] Target: 
cat \$TMPF|grep "^0">\$TMPF2; N=\`cat \$TMPF2|wc -l\`; if [ "\$N" -ne 0 ]; the
n STR="\$STR emerg=\$N";echo "===== EMERGE++";cat \$TMPF2|cut -d ';' -f2;echo "=
===="; fi
- 17:30:48 [INFO] Host: 
- 17:30:49 [INFO] Target: 
- 17:30:49 [INFO] Host: cat \$TMPF|grep "^1">\$TMPF2; N=\`cat \$TMPF2|wc -l\`; if [ "\$N" -ne 0 ]; then STR="\$STR alert=\$N";echo "===== ALERT ==";cat \$TMPF2|cut -d ';' -f2;echo "====="; fi
- 17:30:49 [INFO] Target: 
cat \$TMPF|grep "^1">\$TMPF2; N=\`cat \$TMPF2|wc -l\`; if [ "\$N" -ne 0 ]; the
n STR="\$STR alert=\$N";echo "===== ALERT ==";cat \$TMPF2|cut -d ';' -f2;echo "=
===="; fi
- 17:30:49 [INFO] Host: 
- 17:30:49 [INFO] Target: 
- 17:30:49 [INFO] Host: cat \$TMPF|grep "^2">\$TMPF2; N=\`cat \$TMPF2|wc -l\`; if [ "\$N" -ne 0 ]; then STR="\$STR crit=\$N";echo "===== CRIT ==";cat \$TMPF2|cut -d ';' -f2;echo "====="; fi
- 17:30:49 [INFO] Target: 
cat \$TMPF|grep "^2">\$TMPF2; N=\`cat \$TMPF2|wc -l\`; if [ "\$N" -ne 0 ]; the
n STR="\$STR crit=\$N";echo "===== CRIT ==";cat \$TMPF2|cut -d ';' -f2;echo "===
=="; fi
- 17:30:49 [INFO] Host: 
- 17:30:49 [INFO] Target: 
- 17:30:49 [INFO] Host: cat \$TMPF|grep "^3">\$TMPF2; N=\`cat \$TMPF2|wc -l\`; if [ "\$N" -ne 0 ]; then STR="\$STR err=\$N";echo "===== ERR ==";cat \$TMPF2|cut -d ';' -f2;echo "=====" ;fi
- 17:30:49 [INFO] Target: 
cat \$TMPF|grep "^3">\$TMPF2; N=\`cat \$TMPF2|wc -l\`; if [ "\$N" -ne 0 ]; the
n STR="\$STR err=\$N";echo "===== ERR ==";cat \$TMPF2|cut -d ';' -f2;echo "=====
" ;fi
- 17:30:49 [INFO] Host: 
- 17:30:49 [INFO] Target: 
- 17:30:49 [INFO] Host: cat \$TMPF|grep "^4">\$TMPF2; N=\`cat \$TMPF2|wc -l\`; if [ "\$N" -ne 0 ]; then STR="\$STR warn=\$N";echo "===== WARN ==";cat \$TMPF2|cut -d ';' -f2;echo "=====" ;fi
- 17:30:49 [INFO] Target: 
cat \$TMPF|grep "^4">\$TMPF2; N=\`cat \$TMPF2|wc -l\`; if [ "\$N" -ne 0 ]; the
n STR="\$STR warn=\$N";echo "===== WARN ==";cat \$TMPF2|cut -d ';' -f2;echo "===
==" ;fi
- 17:30:49 [INFO] Host: 
- 17:30:49 [INFO] Target: 
- 17:30:49 [INFO] Host: rm \$TMPF \$TMPF2; echo "SUM""MARY RESULT: BOOT:" 'PASS: H''ello World' 'B''oard' "Booted" "Boot Log has::::\$STR:"
- 17:30:49 [INFO] Target: 
rm \$TMPF \$TMPF2; echo "SUM""MARY RESULT: BOOT:" 'PASS: H''ello World' 'B''oa
rd' "Booted" "Boot Log has::::\$STR:"
- 17:30:49 [INFO] Host: 
- 17:30:50 [INFO] Target: 
- 17:30:50 [INFO] Host: EOF
- 17:30:50 [INFO] Target: 
/test # 
- 17:30:50 [INFO] Host: cd /test
- 17:30:50 [INFO] Target: 
cd /test
/test # 
- 17:30:50 [INFO] Host: chmod +x test.sh
- 17:30:50 [INFO] Target: 
chmod +x test.sh
/test # 
- 17:30:50 [INFO] Host: ./test.sh 2> stderr.log > stdout.log 3> result.log
- 17:30:57 [INFO] Target: 
./test.sh 2> stderr.log > stdout.log 3> result.log
/test # 
- 17:30:57 [INFO] Host: echo $?
- 17:30:57 [INFO] Target: 
echo $?
/test # 
- 17:30:57 [INFO] Host: cd /test
- 17:30:57 [INFO] Target: 
cd /test
/test # 
- 17:30:57 [INFO] Host: cat stdout.log
- 17:30:58 [INFO] Target: 
cat stdout.log
cpuinfo:
processor	: 0
model name	: ARMv6-compatible processor rev 6 (v6l)
BogoMIPS	: 326.86
Features	: swp half thumb fastmult vfp edsp java 
CPU implementer	: 0x41
CPU architecture: 6TEJ
CPU variant	: 0x0
CPU part	: 0xb36
CPU revision	: 6
Hardware	: Generic OMAP2430 (Flattened Device Tree)
Revision	: 0000
Serial		: 0000000000000000
=======
soc info:
=======
DT Model info
==> /proc/device-tree/name <==
==> /proc/device-tree/model <==
TI OMAP2430 SDP
==> /proc/device-tree/compatible <==
ti,omap2430-sdpti,omap2430ti,omap2
=======
interrupts:
           CPU0       
 23:          0      INTC   7 Edge      TWL4030-PIH
 28:          0      INTC  12 Edge      DMA
 29:          0      INTC  13 Edge      omap-dma-engine
 36:          0      INTC  20 Edge      gpmc
 45:          0      INTC  29 Edge      4900c000.gpio
 46:          0      INTC  30 Edge      4900e000.gpio
 47:          0      INTC  31 Edge      49010000.gpio
 48:          0      INTC  32 Edge      49012000.gpio
 49:       4202      INTC  33 Edge      480b6000.gpio
 53:       1100      INTC  37 Edge      gp_timer
 72:          0      INTC  56 Edge      48070000.i2c
 73:        293      INTC  57 Edge      48072000.i2c
 88:       7468      INTC  72 Edge      OMAP UART0
 99:         13      INTC  83 Edge      mmc0
102:         13      INTC  86 Edge      mmc1
261:       4271  480b6000.gpio  21 Level     eth0
274:          0   twl4030   0 Edge      twl4030_gpio
279:          0   twl4030   5 Edge      twl4030_power
IPI0:          0  CPU wakeup interrupts
IPI1:          0  Timer broadcast interrupts
IPI2:          0  Rescheduling interrupts
IPI3:          0  Function call interrupts
IPI4:          0  Single function call interrupts
IPI5:          0  CPU stop interrupts
IPI6:          0  IRQ work interrupts
IPI7:          0  completion interrupts
Err:          0
=======
Clk_summary:
   clock                         enable_cnt  prepare_cnt        rate   accuracy   phase
----------------------------------------------------------------------------------------
 dummy_ck                                 0            0           0          0 0  
 mcbsp_clks                               0            5           0          0 0  
 alt_ck                                   0            0    54000000          0 0  
 virt_26m_ck                              0            0    26000000          0 0  
 virt_19200000_ck                         0            0    19200000          0 0  
 virt_13m_ck                              1            1    13000000          0 0  
    aplls_clkin_ck                        1            1    13000000          0 0  
       aplls_clkin_x2_ck                  1            1    26000000          0 0  
          osc_ck                          1            1    26000000          0 0  
             mdm_osc_ck                   0            0    26000000          0 0  
             sys_ck                       8           11    13000000          0 0  
                gpt2_fck                  0            1    13000000          0 0  
                dss2_fck                  0            1    13000000          0 0  
                dss1_fck                  0            3    13000000          0 0  
                icr_ick                   0            0    13000000          0 0  
                omapctrl_ick              1            1    13000000          0 0  
                wdt1_ick                  0            0    13000000          0 0  
                sync_32k_ick              2            2    13000000          0 0  
                mpu_wdt_ick               1            1    13000000          0 0  
                gpios_ick                 4            4    13000000          0 0  
                gpt1_ick                  1            1    13000000          0 0  
                apll54_ck                 1            2           0          0 0  
                   func_54m_ck            0            1           0          0 0  
                      sys_clkout_src           0            0           0          0 0  
                         sys_clkout           0            0           0          0 0  
                      dss_54m_fck           0            2           0          0 0  
                      emul_ck             0            0           0          0 0  
                apll96_ck                 2            3    96000000          0 0  
                   apll96_d2_ck           1            1    48000000          0 0  
                      func_48m_ck           3            7    48000000          0 0  
                         mcspi3_fck           0            1    48000000          0 0  
                         usb_fck           0            0    48000000          0 0  
                         uart3_fck           1            1    48000000          0 0  
                         uart2_fck           1            1    48000000          0 0  
                         uart1_fck           1            1    48000000          0 0  
                         mcspi2_fck           0            1    48000000          0 0  
                         mcspi1_fck           0            1    48000000          0 0  
                         func_12m_ck           0            1    12000000          0 0  
                            hdq_fck           0            1    12000000          0 0  
                            fac_fck           0            0    12000000          0 0  
                   func_96m_ck            0           14    96000000          0 0  
                      mcbsp5_fck           0            1    96000000          0 0  
                      mcbsp4_fck           0            1    96000000          0 0  
                      mcbsp3_fck           0            1    96000000          0 0  
                      mcbsp2_fck           0            1    96000000          0 0  
                      mcbsp1_fck           0            1    96000000          0 0  
                      mmchs2_fck           0            1    96000000          0 0  
                      mmchs1_fck           0            1    96000000          0 0  
                      i2chs2_fck           0            1    96000000          0 0  
                      i2chs1_fck           0            1    96000000          0 0  
                      mspro_fck           0            0    96000000          0 0  
                      cam_fck             0            0    96000000          0 0  
                dpll_ck                   1            1   660000000          0 0  
                   core_ck                1            3   660000000          0 0  
                      mdm_ick             0            0   110000000          0 0  
                      ssi_ssr_sst_fck           0            0   132000000          0 0  
                      dsp_fck             0            1   330000000          0 0  
                         iva2_1_ick           0            0   165000000          0 0  
                      core_d16_ck           0            0    41250000          0 0  
                      core_d12_ck           0            0    55000000          0 0  
                      core_d9_ck           0            0    73333333          0 0  
                      core_d8_ck           0            0    82500000          0 0  
                      core_d6_ck           0            0   110000000          0 0  
                      core_d5_ck           0            0   132000000          0 0  
                      core_d4_ck           0            0   165000000          0 0  
                      core_d3_ck           0            0   220000000          0 0  
                      core_d2_ck           0            0   330000000          0 0  
                      core_l3_ck           9           11   165000000          0 0  
                         usb_l4_ick           1            1    41250000          0 0  
                         gfx_2d_fck           0            0    82500000          0 0  
                         gfx_3d_fck           0            0    82500000          0 0  
                         usbhs_ick           0            1   165000000          0 0  
                         sdrc_ick           1            1   165000000          0 0  
                         sdma_ick           1            1   165000000          0 0  
                         sdma_fck           0            0   165000000          0 0  
                         gpmc_fck           2            2   165000000          0 0  
                         l4_ck           31           36    82500000          0 0  
                            mdm_intc_ick           0            0    82500000          0 0  
                            gpio5_ick           1            1    82500000          0 0  
                            mmchs2_ick           1            1    82500000          0 0  
                            mmchs1_ick           1            1    82500000          0 0  
                            mcspi3_ick           1            1    82500000          0 0  
                            mcbsp5_ick           1            1    82500000          0 0  
                            mcbsp4_ick           1            1    82500000          0 0  
                            mcbsp3_ick           1            1    82500000          0 0  
                            pka_ick           0            0    82500000          0 0  
                            aes_ick           1            1    82500000          0 0  
                            rng_ick           1            1    82500000          0 0  
                            sha_ick           1            1    82500000          0 0  
                            des_ick           0            0    82500000          0 0  
                            i2c2_ick           1            1    82500000          0 0  
                            i2c1_ick           1            1    82500000          0 0  
                            hdq_ick           0            1    82500000          0 0  
                            fac_ick           0            0    82500000          0 0  
                            mspro_ick           0            0    82500000          0 0  
                            wdt4_ick           0            0    82500000          0 0  
                            mailboxes_ick           0            1    82500000          0 0  
                            cam_ick           0            0    82500000          0 0  
                            uart3_ick           1            1    82500000          0 0  
                            uart2_ick           1            1    82500000          0 0  
                            uart1_ick           1            1    82500000          0 0  
                            mcspi2_ick           1            1    82500000          0 0  
                            mcspi1_ick           1            1    82500000          0 0  
                            mcbsp2_ick           1            1    82500000          0 0  
                            mcbsp1_ick           1            1    82500000          0 0  
                            gpt12_ick           1            1    82500000          0 0  
                            gpt11_ick           1            1    82500000          0 0  
                            gpt10_ick           1            1    82500000          0 0  
                            gpt9_ick           1            1    82500000          0 0  
                            gpt8_ick           1            1    82500000          0 0  
                            gpt7_ick           1            1    82500000          0 0  
                            gpt6_ick           1            1    82500000          0 0  
                            gpt5_ick           1            1    82500000          0 0  
                            gpt4_ick           1            1    82500000          0 0  
                            gpt3_ick           1            1    82500000          0 0  
                            gpt2_ick           1            1    82500000          0 0  
                            ssi_l4_ick           0            0    82500000          0 0  
                            dss_ick           3            5    82500000          0 0  
                         gfx_ick           0            0   165000000          0 0  
                      mpu_ck              0            1   330000000          0 0  
                         virt_prcm_set           0            0           0          0 0  
 virt_12m_ck                              0            0    12000000          0 0  
 secure_32k_ck                            0            0       32768          0 0  
 func_32k_ck                              3           17       32768          0 0  
    gpt1_fck                              1            1       32768          0 0  
    gpt12_fck                             0            1       32768          0 0  
    gpt11_fck                             0            1       32768          0 0  
    gpt10_fck                             0            1       32768          0 0  
    gpt9_fck                              0            1       32768          0 0  
    gpt8_fck                              0            1       32768          0 0  
    gpt7_fck                              0            1       32768          0 0  
    gpt6_fck                              0            1       32768          0 0  
    gpt5_fck                              0            1       32768          0 0  
    gpt4_fck                              0            1       32768          0 0  
    gpt3_fck                              0            1       32768          0 0  
    mmchsdb2_fck                          0            1       32768          0 0  
    mmchsdb1_fck                          0            1       32768          0 0  
    gpio5_fck                             1            1       32768          0 0  
    wdt4_fck                              0            0       32768          0 0  
    mpu_wdt_fck                           0            1       32768          0 0  
    gpios_fck                             0            4       32768          0 0  
=======
Available frequencies
=======
===== ERR ==
missing device node for CPU 0
omap_hwmod: usb_otg_hs: _wait_target_ready failed: -16
mtdoops: mtd device (mtddev=name/number) must be supplied
sr_init: platform driver register failed for SR
=====
===== WARN ==
hw-breakpoint: CPUID feature registers not supported. Assuming v6 debug is present.
Lock dependency validator: Copyright (c) 2006 Red Hat, Inc., Ingo Molnar
... MAX_LOCKDEP_SUBCLASSES:  8
... MAX_LOCK_DEPTH:          48
... MAX_LOCKDEP_KEYS:        8191
... CLASSHASH_SIZE:          4096
... MAX_LOCKDEP_ENTRIES:     32768
... MAX_LOCKDEP_CHAINS:      65536
... CHAINHASH_SIZE:          32768
 memory used by lock dependency info: 5167 kB
 per task-struct memory footprint: 1536 bytes
omap_hwmod: usb_otg_hs: cannot be enabled for reset (3)
gpmc_mem_init: disabling cs 0 mapped at 0x0-0x1000000
omap4_sram_init:Unable to allocate sram needed to handle errata I688
omap4_sram_init:Unable to get sram pool needed to handle errata I688
sr_init: No PMIC hook to init smartreflex
IP-Config: Got DHCP answer from 192.168.1.254, my address is 192.168.1.150
, nameserver1=192.0.2.3
=====
SUMMARY RESULT: BOOT: PASS: Hello World Board Booted Boot Log has:::: err=4 warn=19:
/test # 
- 17:30:58 [INFO] Host: cat stderr.log
- 17:30:59 [INFO] Target: 
cat stderr.log
/test # 
- 17:30:59 [INFO] Host: cat result.log
- 17:31:01 [ERROR] On command: cat result.log waiting for cat result.log.+?(?m-ix:^1[\0\n\r]+) >>> error: execution expired
- 17:31:01 [INFO] Target: 
cat result.log
/test # 
- 17:31:01 [INFO] Host: cd /test
- 17:31:01 [INFO] Target: 
cd /test
/test # 
URL:gtsystest.telogy.design.ti.com/vatf/tidfarm-05/tidfarm-05_vatf@sdp2430/tidfarm-0512_16_2015_17_30_00/files/session_iteration_1/test_1
