- 05:43:31 [INFO] Starting target session
- 05:43:32 [INFO] Connected to sdp2430 via serial 
- 05:43:32 [INFO] Host: #check prompt
- 05:43:35 [ERROR] On command: #check prompt waiting for #check prompt.+?(?-mix:((?-mix:activate this console)|[Pp]assword)) >>> error: execution expired
- 05:43:35 [INFO] Target: 
- 05:43:35 [INFO] Host: #check prompt
- 05:43:37 [ERROR] On command: #check prompt waiting for #check prompt.+?(?m-ix:\/*#) >>> error: execution expired
- 05:43:37 [INFO] Target: 
- 05:43:37 [INFO] Disconnected serial from sdp2430
- 05:43:38 [INFO] Connected to sdp2430 via serial 
- 05:43:38 [INFO] Host: 
- 05:43:41 [INFO] Target: 
U-Boot 1.1.3 (Mar  2 2007 - 11:17:49)
U-Boot code: 80E80000 -> 80EA2A4C  BSS: -> 80EA8BF0
OMAP2430C-GP revision 3, PRCM #2
TI 2430SDP 0.1 Version + mDDR (Boot NOR)
RAM Configuration:
Bank #0: 80000000 128 MB
Bank #1: 88000000  0 kB
Flash: 192 MB
NAND:64 MB
In:    serial
Out:   serial
Err:   serial
Hit any key to stop autoboot:  3  0 
OMAP243X SDP # 
OMAP243X SDP # 
OMAP243X SDP # 
OMAP243X SDP # 
OMAP243X SDP # 
OMAP243X SDP # 
OMAP243X SDP # 
OMAP243X SDP # 
OMAP243X SDP # 
OMAP243X SDP # 
OMAP243X SDP # 
OMAP243X SDP # 
OMAP243X SDP # 
OMAP243X SDP # 
OMAP243X SDP # 
OMAP243X SDP # 
OMAP
- 05:43:41 [INFO] Host: version
- 05:43:41 [INFO] Target: 
version
U-Boot 1.1.3 (Mar  2 2007 - 11:17:49)
OMAP243X SDP # 
- 05:43:41 [INFO] Host: bdinfo
- 05:43:41 [INFO] Target: 
bdinfo
arch_number = 0x00000384
env_t       = 0x00000000
boot_params = 0x80000100
DRAM bank   = 0x00000000
-> start    = 0x80000000
-> size     = 0x08000000
DRAM bank   = 0x00000001
-> start    = 0x88000000
-> size     = 0x00000000
ethaddr     = 08:00:28:01:01:A0
ip_addr     = 128.247.91.37
baudrate    = 115200 bps
OMAP243X SDP # 
- 05:43:41 [INFO] Host: printenv
- 05:43:41 [INFO] Target: 
printenv
bootdelay=3
baudrate=115200
ethaddr=08:00:28:01:01:A0
bootcmd=dhcp;bootm
bootfile=/tftpboot/kernel/uImage.omap2430-sdp
gatewayip=128.247.90.1
netmask=255.255.254.0
hostname=dhcp-128-247-91-37
ipaddr=128.247.91.37
serverip=128.247.91.123
bootargs=console=ttyO0,115200n8 noinitrd debug ignore_loglevel earlyprintk ip=dhcp root=/dev/nfs rw nfsroot=128.247.91.123:/nfs/sdp2430/,nolock,wsize=1024,rsize=1024 rootwait init=/bin/sh nohlt
stdin=serial
stdout=serial
stderr=serial
Environment size: 472/131068 bytes
OMAP243X SDP # 
- 05:43:41 [INFO] Host: setenv autoload 'no'
- 05:43:41 [INFO] Target: 
setenv autoload 'no'
OMAP243X SDP # 
- 05:43:41 [INFO] Host: dhcp
- 05:43:43 [INFO] Target: 
dhcp
Using MAC Address 08:00:28:01:01:A0
BOOTP broadcast 1
DHCP client bound to address 192.168.1.182
OMAP243X SDP # 
- 05:43:43 [INFO] Host: setenv serverip 192.168.1.254
- 05:43:43 [INFO] Target: 
setenv serverip 192.168.1.254
OMAP243X SDP # 
- 05:43:43 [INFO] Host: setenv bootargs 'console=ttyO0,115200n8 earlyprintk rootwait ip=dhcp root=/dev/nfs rw nfsroot=192.168.1.254:/usr/workdir/filesys/linux/sdp2430,nolock,wsize=1024,rsize=1024 nohlt'
- 05:43:43 [INFO] Target: 
setenv bootargs 'console=ttyO0,115200n8 earlyprintk rootwait ip=dhcp root=/dev/nfs rw nfsroot=192.168.1.254:/usr/workdir/filesys/linux/sdp2430,nolock,wsize=1024,rsize=1024 nohlt'
OMAP243X SDP # 
- 05:43:43 [INFO] Host: setenv bootfile vatf_5/43a2cac405cc8b565e98cb159221bbb1
- 05:43:43 [INFO] Target: 
setenv bootfile vatf_5/43a2cac405cc8b565e98cb159221bbb1
OMAP243X SDP # 
- 05:43:43 [INFO] Host: setenv bootcmd 'tftp ${loadaddr};bootm ${loadaddr}'
- 05:43:43 [INFO] Target: 
setenv bootcmd 'tftp ${loadaddr};bootm ${loadaddr}'
OMAP243X SDP # 
- 05:43:43 [INFO] Host: printenv
- 05:43:43 [INFO] Target: 
printenv
bootdelay=3
baudrate=115200
ethaddr=08:00:28:01:01:A0
hostname=dhcp-128-247-91-37
stdin=serial
stdout=serial
stderr=serial
autoload=no
gatewayip=192.168.1.254
netmask=255.255.255.0
ipaddr=192.168.1.182
serverip=192.168.1.254
bootargs=console=ttyO0,115200n8 earlyprintk rootwait ip=dhcp root=/dev/nfs rw nfsroot=192.168.1.254:/usr/workdir/filesys/linux/sdp2430,nolock,wsize=1024,rsize=1024 nohlt
bootfile=vatf_5/43a2cac405cc8b565e98cb159221bbb1
bootcmd=tftp ${loadaddr};bootm ${loadaddr}
Environment size: 487/131068 bytes
OMAP243X SDP # 
- 05:43:43 [INFO] Host: boot
- 05:47:03 [ERROR] On command: boot waiting for boot.+?(?-mix:activate this console) >>> error: execution expired
- 05:47:03 [INFO] Target: 
boot
Using MAC Address 08:00:28:01:01:A0
TFTP from server 192.168.1.254; our IP address is 192.168.1.182
Filename 'vatf_5/43a2cac405cc8b565e98cb159221bbb1'.
Load address: 0x80000000
Loading: *#################################################################
	 #################################################################
	 #################################################################
	 #################################################################
	 #################################################################
	 #################################################################
	 #################################################################
	 #################################################################
	 #################################################################
	 #################################################################
	 ##################################
done
Bytes transferred = 3497415 (355dc7 hex)
## Booting image at 80000000 ...
   Image Name:   Linux-4.1.0-rc7-next-20150610-00
   Image Type:   ARM Linux Kernel Image (uncompressed)
   Data Size:    3497351 Bytes =  3.3 MB
   Load Address: 80800000
   Entry Point:  80800000
   Verifying Checksum ... OK
Starting kernel ...
[    0.000000] Booting Linux on physical CPU 0x0
[    0.000000] Initializing cgroup subsys cpuset
[    0.000000] Initializing cgroup subsys cpu
[    0.000000] Initializing cgroup subsys cpuacct
[    0.000000] Linux version 4.1.0-rc7-next-20150610-00002-ga68341ceecf5 (nmenon@kahuna) (gcc version 4.6.3 (Ubuntu/Linaro 4.6.3-1ubuntu5) ) #3 SMP Thu Jun 11 05:39:49 CDT 2015
[    0.000000] CPU: ARMv6-compatible processor [4107b366] revision 6 (ARMv6TEJ), cr=00c5387d
[    0.000000] CPU: VIPT aliasing data cache, VIPT aliasing instruction cache
[    0.000000] Machine model: TI OMAP2430 SDP
[    0.000000] cma: Reserved 16 MiB at 0x86800000
[    0.000000] Memory policy: Data cache writeback
[    0.000000] CPU: All CPU(s) started in SVC mode.
[    0.000000] OMAP2430
[    0.000000] 
[    0.000000] PERCPU: Embedded 13 pages/cpu @c7d6e000 s22848 r8192 d22208 u53248
[    0.000000] Built 1 zonelists in Zone order, mobility grouping on.  Total pages: 32224
[    0.000000] Kernel command line: console=ttyO0,115200n8 earlyprintk rootwait ip=dhcp root=/dev/nfs rw nfsroot=192.168.1.254:/usr/workdir/filesys/linux/sdp2430,nolock,wsize=1024,rsize=1024 nohlt
[    0.000000] PID hash table entries: 512 (order: -1, 2048 bytes)
[    0.000000] Dentry cache hash table entries: 16384 (order: 4, 65536 bytes)
[    0.000000] Inode-cache hash table entries: 8192 (order: 3, 32768 bytes)
[    0.000000] Memory: 93996K/130048K available (6312K kernel code, 734K rwdata, 2184K rodata, 436K init, 8229K bss, 19668K reserved, 16384K cma-reserved, 0K highmem)
[    0.000000] Virtual kernel memory layout:
[    0.000000]     vector  : 0xffff0000 - 0xffff1000   (   4 kB)
[    0.000000]     fixmap  : 0xffc00000 - 0xfff00000   (3072 kB)
[    0.000000]     vmalloc : 0xc8800000 - 0xff000000   ( 872 MB)
[    0.000000]     lowmem  : 0xc0000000 - 0xc8000000   ( 128 MB)
[    0.000000]     pkmap   : 0xbfe00000 - 0xc0000000   (   2 MB)
[    0.000000]     modules : 0xbf000000 - 0xbfe00000   (  14 MB)
[    0.000000]       .text : 0xc0008000 - 0xc08544c0   (8498 kB)
[    0.000000]       .init : 0xc0855000 - 0xc08c2000   ( 436 kB)
[    0.000000]       .data : 0xc08c2000 - 0xc0979a20   ( 735 kB)
[    0.000000]        .bss : 0xc097c000 - 0xc1185708   (8230 kB)
[    0.000000] Running RCU self tests
[    0.000000] Hierarchical RCU implementation.
[    0.000000] 	RCU lockdep checking is enabled.
[    0.000000] 	Additional per-CPU info printed with stalls.
[    0.000000] 	Build-time adjustment of leaf fanout to 32.
[    0.000000] 	RCU restricting CPUs from NR_CPUS=2 to nr_cpu_ids=1.
[    0.000000] RCU: Adjusting geometry for rcu_fanout_leaf=32, nr_cpu_ids=1
[    0.000000] NR_IRQS:16 nr_irqs:16 16
[    0.000000] IRQ: Found an INTC at 0xfa0fe000 (revision 3.0) with 96 interrupts
[    0.000000] Clocking rate (Crystal/DPLL/MPU): 13.0/660/330 MHz
[    0.000000] OMAP clockevent source: timer1 at 32768 Hz
[    0.000000] clocksource 32k_counter: mask: 0xffffffff max_cycles: 0xffffffff, max_idle_ns: 58327039986419 ns
[    0.000030] sched_clock: 32 bits at 32kHz, resolution 30517ns, wraps every 65535999984741ns
[    0.000061] OMAP clocksource: 32k_counter at 32768 Hz
[    0.000518] hw-breakpoint: CPUID feature registers not supported. Assuming v6 debug is present.
[    0.002746] Console: colour dummy device 80x30
[    0.002929] Lock dependency validator: Copyright (c) 2006 Red Hat, Inc., Ingo Molnar
[    0.002960] ... MAX_LOCKDEP_SUBCLASSES:  8
[    0.002990] ... MAX_LOCK_DEPTH:          48
[    0.002990] ... MAX_LOCKDEP_KEYS:        8191
[    0.003021] ... CLASSHASH_SIZE:          4096
[    0.003051] ... MAX_LOCKDEP_ENTRIES:     32768
[    0.003082] ... MAX_LOCKDEP_CHAINS:      65536
[    0.003082] ... CHAINHASH_SIZE:          32768
[    0.003112]  memory used by lock dependency info: 5167 kB
[    0.003143]  per task-struct memory footprint: 1152 bytes
[    0.003204] Calibrating delay loop... 326.86 BogoMIPS (lpj=1634304)
[    0.115661] pid_max: default: 32768 minimum: 301
[    0.116699] Security Framework initialized
[    0.117156] Mount-cache hash table entries: 1024 (order: 0, 4096 bytes)
[    0.117218] Mountpoint-cache hash table entries: 1024 (order: 0, 4096 bytes)
[    0.127319] Initializing cgroup subsys blkio
[    0.127441] Initializing cgroup subsys memory
[    0.127685] Initializing cgroup subsys devices
[    0.127990] Initializing cgroup subsys freezer
[    0.128417] Initializing cgroup subsys perf_event
[    0.128601] CPU: Testing write buffer coherency: ok
[    0.133270] missing device node for CPU 0
[    0.133331] CPU0: thread -1, cpu 0, socket -1, mpidr 4107b366
[    0.133544] Setting up static identity map for 0x80008280 - 0x800082f0
[    0.147918] Brought up 1 CPUs
[    0.147979] SMP: Total of 1 processors activated (326.86 BogoMIPS).
[    0.148010] CPU: All CPU(s) started in SVC mode.
[    0.159332] devtmpfs: initialized
[    0.323272] VFP support v0.3: implementor 41 architecture 1 part 20 variant b rev 2
[    0.424835] omap_hwmod: usb_otg_hs: _wait_target_ready failed: -16
[    0.424865] omap_hwmod: usb_otg_hs: cannot be enabled for reset (3)
[    0.446044] clocksource jiffies: mask: 0xffffffff max_cycles: 0xffffffff, max_idle_ns: 19112604462750000 ns
[    0.452758] pinctrl core: initialized pinctrl subsystem
[    0.469696] NET: Registered protocol family 16
[    0.490417] DMA: preallocated 256 KiB pool for atomic coherent allocations
[    0.497161] cpuidle: using governor ladder
[    0.497253] cpuidle: using governor menu
[    0.556030] omap_gpio 4900c000.gpio: Could not get gpio dbck
[    0.561126] OMAP GPIO hardware version 2.4
[    0.563781] omap_gpio 4900e000.gpio: Could not get gpio dbck
[    0.569793] omap_gpio 49010000.gpio: Could not get gpio dbck
[    0.575744] omap_gpio 49012000.gpio: Could not get gpio dbck
[    0.581695] omap_gpio 480b6000.gpio: Could not get gpio dbck
[    0.587707] omap-gpmc 6e000000.gpmc: GPMC revision 3.0
[    0.588226] gpmc_mem_init: disabling cs 0 mapped at 0x0-0x1000000
[    0.602539] No ATAGs?
[    0.602691] hw-breakpoint: found 6 breakpoint and 1 watchpoint registers.
[    0.602752] hw-breakpoint: maximum watchpoint size is 4 bytes.
[    0.609680] OMAP DMA hardware revision 4.0
[    0.712982] omap-dma-engine 48056000.dma-controller: OMAP DMA engine driver
[    0.724609] SCSI subsystem initialized
[    0.734954] omap_i2c 48070000.i2c: bus 0 rev3.3 at 100 kHz
[    0.739807] omap_i2c 48072000.i2c: bus 1 rev3.3 at 100 kHz
[    0.754730] Switched to clocksource 32k_counter
[    1.257263] NET: Registered protocol family 2
[    1.263122] TCP established hash table entries: 1024 (order: 0, 4096 bytes)
[    1.263275] TCP bind hash table entries: 1024 (order: 3, 36864 bytes)
[    1.264648] TCP: Hash tables configured (established 1024 bind 1024)
[    1.265258] UDP hash table entries: 256 (order: 2, 20480 bytes)
[    1.265899] UDP-Lite hash table entries: 256 (order: 2, 20480 bytes)
[    1.269073] NET: Registered protocol family 1
[    1.274810] RPC: Registered named UNIX socket transport module.
[    1.274871] RPC: Registered udp transport module.
[    1.274902] RPC: Registered tcp transport module.
[    1.274932] RPC: Registered tcp NFSv4.1 backchannel transport module.
[    1.280029] hw perfevents: Failed to parse /pmu/interrupt-affinity[0]
[    1.280242] hw perfevents: enabled with armv6_1136 PMU driver, 3 counters available
[    1.297912] futex hash table entries: 256 (order: 2, 16384 bytes)
[    1.298828] audit: initializing netlink subsys (disabled)
[    1.299560] audit: type=2000 audit(1.280:1): initialized
[    1.313476] VFS: Disk quotas dquot_6.6.0
[    1.313903] VFS: Dquot-cache hash table entries: 1024 (order 0, 4096 bytes)
[    1.322021] NFS: Registering the id_resolver key type
[    1.323547] Key type id_resolver registered
[    1.323608] Key type id_legacy registered
[    1.324615] jffs2: version 2.2. (NAND) (SUMMARY)   2001-2006 Red Hat, Inc.
[    1.341247] io scheduler noop registered
[    1.341339] io scheduler deadline registered
[    1.341491] io scheduler cfq registered (default)
[    1.349243] pinctrl-single 49002030.pinmux: 340 pins at pa fb002030 size 340
[    1.358032] Serial: 8250/16550 driver, 4 ports, IRQ sharing enabled
[    1.377746] omap_uart 4806a000.serial: no wakeirq for uart0
[    1.379425] 4806a000.serial: ttyO0 at MMIO 0x4806a000 (irq = 88, base_baud = 3000000) is a OMAP UART0
[    2.170349] console [ttyO0] enabled
[    2.181274] omap_uart 4806c000.serial: no wakeirq for uart1
[    2.188262] 4806c000.serial: ttyO1 at MMIO 0x4806c000 (irq = 89, base_baud = 3000000) is a OMAP UART1
[    2.202026] omap_uart 4806e000.serial: no wakeirq for uart2
[    2.209014] 4806e000.serial: ttyO2 at MMIO 0x4806e000 (irq = 90, base_baud = 3000000) is a OMAP UART2
[    2.316802] brd: module loaded
[    2.377532] loop: module loaded
[    2.418701] twl 1-0048: PIH (irq 23) chaining IRQs 274..282
[    2.425842] twl 1-0048: power (irq 279) chaining IRQs 282..289
[    2.587982] twl4030_gpio twl4030-gpio: gpio (irq 274) chaining IRQs 290..307
[    2.619628] mtdoops: mtd device (mtddev=name/number) must be supplied
[    2.649322] smc91x: not found (-16).
[    2.653198] smc91x: probe of 8000300.ethernet failed with error -16
[    2.671752] mousedev: PS/2 mouse device common for all mice
[    2.677886] i2c /dev entries driver
[    2.747100] 480b4000.mmc supply vmmc not found, using dummy regulator
[    2.754760] omap_hsmmc 480b4000.mmc: could not set regulator OCR (-22)
[    2.762908] omap_hsmmc 480b4000.mmc: could not set regulator OCR (-22)
[    2.805480] ledtrig-cpu: registered to indicate activity on CPUs
[    2.815673] oprofile: using arm/armv6
[    2.821716] Initializing XFRM netlink socket
[    2.826904] NET: Registered protocol family 17
[    2.831817] NET: Registered protocol family 15
[    2.837921] Key type dns_resolver registered
[    2.842926] SmartReflex Class3 initialized
[    2.877258] hctosys: unable to open rtc device (rtc0)
[    2.882659] sr_init: No PMIC hook to init smartreflex
[    2.888977] sr_init: platform driver register failed for SR
[   15.118774] VUSB3V1: disabling
[  110.207153] VFS: Unable to mount root fs via NFS, trying floppy.
[  110.222198] VFS: Cannot open root device "nfs" or unknown-block(2,0): error -6
[  110.230072] Please append a correct "root=" boot option; here are the available partitions:
[  110.239379] 0100           16384 ram0  (driver?)
[  110.244476] 0101           16384 ram1  (driver?)
[  110.249420] 0102           16384 ram2  (driver?)
[  110.254455] 0103           16384 ram3  (driver?)
[  110.259399] 0104           16384 ram4  (driver?)
[  110.264434] 0105           16384 ram5  (driver?)
[  110.269378] 0106           16384 ram6  (driver?)
[  110.274383] 0107           16384 ram7  (driver?)
[  110.279327] 0108           16384 ram8  (driver?)
[  110.284362] 0109           16384 ram9  (driver?)
[  110.289276] 010a           16384 ram10  (driver?)
[  110.294403] 010b           16384 ram11  (driver?)
[  110.299438] 010c           16384 ram12  (driver?)
[  110.304565] 010d           16384 ram13  (driver?)
[  110.309600] 010e           16384 ram14  (driver?)
[  110.314727] 010f           16384 ram15  (driver?)
[  110.320068] Kernel panic - not syncing: VFS: Unable to mount root fs on unknown-block(2,0)
[  110.329254] ---[ end Kernel panic - not syncing: VFS: Unable to mount root fs on unknown-block(2,0)
[  148.604644] random: nonblocking pool is initialized
URL:gtsystest.telogy.design.ti.com/vatf/tidfarm-02.dal.design.ti.com/tidfarm-02.dal.design.ti.com_vatf@5/tidfarm-02.dal.design.ti.com06_11_2015_05_43_30/files/session_iteration_1/test_1
