- 05:38:53 [INFO] Starting target session
- 05:38:54 [INFO] Connected to sdp2430 via serial 
- 05:38:54 [INFO] Host: 
- 05:38:54 [INFO] Target: 

/test # 
- 05:38:54 [INFO] Host: sync;poweroff
- 05:38:57 [INFO] Target: 
sync;poweroff
/test # umount: devtmpfs busy - remounted read-only
umount: can't remount 128.247.105.47:/usr/workdir/filesys/linux/sdp2430 read-only
umount: can't remount rootfs read-only

The system is going down NOW!

Sent SIGTERM to all processes

Sent SIGKILL to all processes

Requesting system poweroff
[86679.573303] reboot: System halted

- 05:38:58 [INFO] Disconnected {"type"=>"serial"} from sdp2430
- 05:38:58 [INFO] Host: 
- 05:38:59 [ERROR] On command:  waiting for (?-mix:OMAP243X\sSDP\s#) >>> error: execution expired
- 05:38:59 [INFO] Target: 

- 05:38:59 [INFO] Host: 
- 05:38:59 [ERROR] On command:  waiting for (?-mix:OMAP243X\sSDP\s#) >>> error: execution expired
- 05:38:59 [INFO] Target: 


U-Boot 1.1.3 (Mar  2 2007 - 11:17:49)

U-Boot code: 80E80000 -> 80EA2A4C  BSS: -> 80EA8BF0
OMAP2430C-GP revision 3, PRCM #2
TI 2430SDP 1.1 Version + mDDR (Boot NOR)
RAM Configuration:
Bank #0: 80000000 128 MB
Bank #1: 88000000  0 kB
Flash: 192 MB
NAND:64 MB

- 05:38:59 [INFO] Host: 
- 05:39:00 [INFO] Target: 
Hit any key to stop autoboot:  3  0 
OMAP243X SDP # 
- 05:39:00 [INFO] Host: version
- 05:39:00 [INFO] Target: 
version


U-Boot 1.1.3 (Mar  2 2007 - 11:17:49)
OMAP243X SDP # 
- 05:39:00 [INFO] Host: bdinfo
- 05:39:01 [INFO] Target: 
bdinfo

arch_number = 0x00000384
env_t       = 0x00000000
boot_params = 0x80000100
DRAM bank   = 0x00000000
-> start    = 0x80000000
-> size     = 0x08000000
DRAM bank   = 0x00000001
-> start    = 0x88000000
-> size     = 0x00000000
ethaddr     = 08:00:28:01:01:A0
ip_addr     = 128.247.91.37
baudrate    = 115200 bps
OMAP243X SDP # 
- 05:39:01 [INFO] Host: printenv
- 05:39:02 [INFO] Target: 
printenv

bootdelay=3
baudrate=115200
ethaddr=08:00:28:01:01:A0
bootcmd=dhcp;bootm
bootfile=/tftpboot/kernel/uImage.omap2430-sdp
gatewayip=128.247.90.1
netmask=255.255.254.0
hostname=dhcp-128-247-91-37
ipaddr=128.247.91.37
serverip=128.247.91.123
bootargs=console=ttyO0,115200n8 noinitrd debug ignore_loglevel earlyprintk ip=dhcp root=/dev/nfs rw nfsroot=128.247.91.123:/nfs/sdp2430/,nolock,wsize=1024,rsize=1024 rootwait init=/bin/sh nohlt
stdin=serial
stdout=serial
stderr=serial

Environment size: 472/131068 bytes
OMAP243X SDP # 
- 05:39:02 [INFO] Host: setenv autoload 'no'
- 05:39:02 [INFO] Target: 
setenv autoload 'no'

OMAP243X SDP # 
- 05:39:02 [INFO] Host: dhcp
- 05:39:04 [INFO] Target: 
dhcp

Using MAC Address 08:00:28:01:01:A0
BOOTP broadcast 1
DHCP client bound to address 192.168.1.188
OMAP243X SDP # 
- 05:39:04 [INFO] Host: setenv serverip 128.247.105.47
- 05:39:04 [INFO] Target: 
setenv serverip 128.247.105.47

OMAP243X SDP # 
- 05:39:05 [INFO] Host: setenv bootargs 'console=ttyO0,115200n8 earlyprintk rootwait ip=dhcp root=/dev/nfs rw nfsroot=128.247.105.47:/usr/workdir/filesys/linux/sdp2430,nolock,wsize=1024,rsize=1024 nohlt'
- 05:39:05 [INFO] Target: 
setenv bootargs 'console=ttyO0,115200n8 earlyprintk rootwait ip=dhcp root=/dev/nfs rw nfsroot=128.247.105.47:/usr/workdir/filesys/linux/sdp2430,nolock,wsize=1024,rsize=1024 nohlt'

OMAP243X SDP # 
- 05:39:05 [INFO] Host: setenv bootfile vatf_5/4f588a0bebf82949e51648a043196097
- 05:39:06 [INFO] Target: 
setenv bootfile vatf_5/4f588a0bebf82949e51648a043196097

OMAP243X SDP # 
- 05:39:06 [INFO] Host: setenv bootcmd 'tftp ${loadaddr};bootm ${loadaddr}'
- 05:39:06 [INFO] Target: 
setenv bootcmd 'tftp ${loadaddr};bootm ${loadaddr}'

OMAP243X SDP # 
- 05:39:06 [INFO] Host: printenv
- 05:39:07 [INFO] Target: 
printenv

bootdelay=3
baudrate=115200
ethaddr=08:00:28:01:01:A0
hostname=dhcp-128-247-91-37
stdin=serial
stdout=serial
stderr=serial
autoload=no
gatewayip=192.168.1.254
netmask=255.255.255.0
ipaddr=192.168.1.188
serverip=128.247.105.47
bootargs=console=ttyO0,115200n8 earlyprintk rootwait ip=dhcp root=/dev/nfs rw nfsroot=128.247.105.47:/usr/workdir/filesys/linux/sdp2430,nolock,wsize=1024,rsize=1024 nohlt
bootfile=vatf_5/4f588a0bebf82949e51648a043196097
bootcmd=tftp ${loadaddr};bootm ${loadaddr}

Environment size: 489/131068 bytes
OMAP243X SDP # 
- 05:39:07 [INFO] Host: boot
- 05:39:27 [INFO] Target: 
boot

Using MAC Address 08:00:28:01:01:A0
TFTP from server 128.247.105.47; our IP address is 192.168.1.188; sending through gateway 192.168.1.254
Filename 'vatf_5/4f588a0bebf82949e51648a043196097'.
Load address: 0x80000000
Loading: *#################################################################
	 #################################################################
	 #################################################################
	 #################################################################
	 #################################################################
	 #################################################################
	 #################################################################
	 #################################################################
	 #################################################################
	 #################################################################
	 #################################################################
	 #################################################################
	 #################################################################
	 ########
done
Bytes transferred = 4366225 (429f91 hex)
## Booting image at 80000000 ...
   Image Name:   Linux-3.16.0-rc2-next-20140626-0
   Image Type:   ARM Linux Kernel Image (uncompressed)
   Data Size:    4366161 Bytes =  4.2 MB
   Load Address: 80800000
   Entry Point:  80800000
   Verifying Checksum ... OK
OK

Starting kernel ...

[    0.000000] Booting Linux on physical CPU 0x0
[    0.000000] Linux version 3.16.0-rc2-next-20140626-00002-g1b33c17 (nmenon@kahuna) (gcc version 4.6.3 (Ubuntu/Linaro 4.6.3-1ubuntu5) ) #1 SMP Thu Jun 26 05:35:37 CDT 2014
[    0.000000] CPU: ARMv6-compatible processor [4107b366] revision 6 (ARMv6TEJ), cr=00c5387d
[    0.000000] CPU: VIPT aliasing data cache, VIPT aliasing instruction cache
[    0.000000] Machine model: TI OMAP2430 SDP
[    0.000000] cma: Reserved 16 MiB at 86800000
[    0.000000] Memory policy: Data cache writeback
[    0.000000]   HighMem zone: 1048574 pages exceeds freesize 0
[    0.000000] CPU: All CPU(s) started in SVC mode.
[    0.000000] OMAP2430
[    0.000000] 
[    0.000000] PERCPU: Embedded 9 pages/cpu @c7db1000 s14336 r8192 d14336 u36864
[    0.000000] Built 1 zonelists in Zone order, mobility grouping on.  Total pages: 32256
[    0.000000] Kernel command line: console=ttyO0,115200n8 earlyprintk rootwait ip=dhcp root=/dev/nfs rw nfsroot=128.247.105.47:/usr/workdir/filesys/linux/sdp2430,nolock,wsize=1024,rsize=1024 nohlt
[    0.000000] PID hash table entries: 512 (order: -1, 2048 bytes)
[    0.000000] Dentry cache hash table entries: 16384 (order: 4, 65536 bytes)
[    0.000000] Inode-cache hash table entries: 8192 (order: 3, 32768 bytes)
[    0.000000] Memory: 95036K/130048K available (5658K kernel code, 690K rwdata, 2196K rodata, 402K init, 8209K bss, 35012K reserved, 0K highmem)
[    0.000000] Virtual kernel memory layout:
[    0.000000]     vector  : 0xffff0000 - 0xffff1000   (   4 kB)
[    0.000000]     fixmap  : 0xffc00000 - 0xffe00000   (2048 kB)
[    0.000000]     vmalloc : 0xc8800000 - 0xff000000   ( 872 MB)
[    0.000000]     lowmem  : 0xc0000000 - 0xc8000000   ( 128 MB)
[    0.000000]     pkmap   : 0xbfe00000 - 0xc0000000   (   2 MB)
[    0.000000]     modules : 0xbf000000 - 0xbfe00000   (  14 MB)
[    0.000000]       .text : 0xc0008000 - 0xc07b3aa4   (7855 kB)
[    0.000000]       .init : 0xc07b4000 - 0xc0818800   ( 402 kB)
[    0.000000]       .data : 0xc081a000 - 0xc08c6870   ( 691 kB)
[    0.000000]        .bss : 0xc08c6870 - 0xc10cad98   (8210 kB)
[    0.000000] Hierarchical RCU implementation.
[    0.000000] 	RCU restricting CPUs from NR_CPUS=2 to nr_cpu_ids=1.
[    0.000000] RCU: Adjusting geometry for rcu_fanout_leaf=16, nr_cpu_ids=1
[    0.000000] NR_IRQS:16 nr_irqs:16 16
[    0.000000] IRQ: Found an INTC at 0xfa0fe000 (revision 3.0) with 96 interrupts
[    0.000000] Total of 96 interrupts on 1 active controller
[    0.000000] Clocking rate (Crystal/DPLL/MPU): 13.0/660/330 MHz
[    0.000000] OMAP clockevent source: timer1 at 32768 Hz
[    0.000030] sched_clock: 32 bits at 32kHz, resolution 30517ns, wraps every 65536000000000ns
[    0.000061] OMAP clocksource: 32k_counter at 32768 Hz
[    0.000457] hw-breakpoint: CPUID feature registers not supported. Assuming v6 debug is present.
[    0.002197] Console: colour dummy device 80x30
[    0.002319] Lock dependency validator: Copyright (c) 2006 Red Hat, Inc., Ingo Molnar
[    0.002349] ... MAX_LOCKDEP_SUBCLASSES:  8
[    0.002410] ... MAX_LOCK_DEPTH:          48
[    0.002441] ... MAX_LOCKDEP_KEYS:        8191
[    0.002471] ... CLASSHASH_SIZE:          4096
[    0.002502] ... MAX_LOCKDEP_ENTRIES:     32768
[    0.002532] ... MAX_LOCKDEP_CHAINS:      65536
[    0.002593] ... CHAINHASH_SIZE:          32768
[    0.002624]  memory used by lock dependency info: 5167 kB
[    0.002655]  per task-struct memory footprint: 1152 bytes
[    0.002777] Calibrating delay loop... 326.86 BogoMIPS (lpj=1634304)
[    0.128662] pid_max: default: 32768 minimum: 301
[    0.129821] Security Framework initialized
[    0.130218] Mount-cache hash table entries: 1024 (order: 0, 4096 bytes)
[    0.130279] Mountpoint-cache hash table entries: 1024 (order: 0, 4096 bytes)
[    0.137329] CPU: Testing write buffer coherency: ok
[    0.141021] missing device node for CPU 0
[    0.141082] CPU0: thread -1, cpu 0, socket -1, mpidr 4107b366
[    0.141296] Setting up static identity map for 0x8055cb68 - 0x8055cbd8
[    0.151550] Brought up 1 CPUs
[    0.151611] SMP: Total of 1 processors activated.
[    0.151672] CPU: All CPU(s) started in SVC mode.
[    0.161010] devtmpfs: initialized
[    0.181823] VFP support v0.3: implementor 41 architecture 1 part 20 variant b rev 2
[    0.223327] omap_hwmod: usb_otg_hs: cannot be enabled for reset (3)
[    0.251068] pinctrl core: initialized pinctrl subsystem
[    0.259033] regulator-dummy: no parameters
[    0.294372] NET: Registered protocol family 16
[    0.313842] DMA: preallocated 256 KiB pool for atomic coherent allocations
[    0.319885] cpuidle: using governor ladder
[    0.320037] cpuidle: using governor menu
[    0.372467] omap_gpio 4900c000.gpio: Could not get gpio dbck
[    0.378601] OMAP GPIO hardware version 2.4
[    0.380828] omap_gpio 4900e000.gpio: Could not get gpio dbck
[    0.386016] omap_gpio 49010000.gpio: Could not get gpio dbck
[    0.391387] omap_gpio 49012000.gpio: Could not get gpio dbck
[    0.396514] omap_gpio 480b6000.gpio: Could not get gpio dbck
[    0.402099] omap-gpmc 6e000000.gpmc: GPMC revision 3.0
[    0.402923] omap-gpmc 6e000000.gpmc: ethernet using bootloader timings on CS5
[    0.413909] No ATAGs?
[    0.414062] hw-breakpoint: found 6 breakpoint and 1 watchpoint registers.
[    0.414184] hw-breakpoint: maximum watchpoint size is 4 bytes.
[    0.419525] OMAP DMA hardware revision 4.0
[    0.496887] edma-dma-engine edma-dma-engine.0: Can't allocate PaRAM dummy slot
[    0.497070] edma-dma-engine: probe of edma-dma-engine.0 failed with error -5
[    0.605926] omap-dma-engine 48056000.dma-controller: OMAP DMA engine driver
[    0.618011] SCSI subsystem initialized
[    0.620422] usbcore: registered new interface driver usbfs
[    0.620971] usbcore: registered new interface driver hub
[    0.621917] usbcore: registered new device driver usb
[    0.628753] omap_i2c 48070000.i2c: bus 0 rev3.3 at 100 kHz
[    0.952911] omap_i2c 48072000.i2c: bus 1 rev3.3 at 100 kHz
[    0.966491] Switched to clocksource 32k_counter
[    1.402862] NET: Registered protocol family 2
[    1.408416] TCP established hash table entries: 1024 (order: 0, 4096 bytes)
[    1.408843] TCP bind hash table entries: 1024 (order: 3, 36864 bytes)
[    1.410003] TCP: Hash tables configured (established 1024 bind 1024)
[    1.410430] TCP: reno registered
[    1.410583] UDP hash table entries: 256 (order: 2, 20480 bytes)
[    1.411224] UDP-Lite hash table entries: 256 (order: 2, 20480 bytes)
[    1.414550] NET: Registered protocol family 1
[    1.419525] RPC: Registered named UNIX socket transport module.
[    1.419677] RPC: Registered udp transport module.
[    1.419738] RPC: Registered tcp transport module.
[    1.419769] RPC: Registered tcp NFSv4.1 backchannel transport module.
[    1.423126] hw perfevents: enabled with v6 PMU driver, 3 counters available
[    1.438446] futex hash table entries: 256 (order: 2, 16384 bytes)
[    1.451538] VFS: Disk quotas dquot_6.5.2
[    1.451873] Dquot-cache hash table entries: 1024 (order 0, 4096 bytes)
[    1.461944] NFS: Registering the id_resolver key type
[    1.463104] Key type id_resolver registered
[    1.463226] Key type id_legacy registered
[    1.463684] jffs2: version 2.2. (NAND) (SUMMARY)   2001-2006 Red Hat, Inc.
[    1.465515] msgmni has been set to 217
[    1.483551] io scheduler noop registered
[    1.483673] io scheduler deadline registered
[    1.483917] io scheduler cfq registered (default)
[    1.492126] pinctrl-single 49002030.pinmux: 340 pins at pa fb002030 size 340
[    1.498687] pbias_mmc_omap2430: 1800 <--> 3000 mV at 3000 mV 
[    1.502380] Serial: 8250/16550 driver, 4 ports, IRQ sharing enabled
[    1.525207] omap_uart 4806a000.serial: no wakeirq for uart0
[    1.526733] 4806a000.serial: ttyO0 at MMIO 0x4806a000 (irq = 88, base_baud = 3000000) is a OMAP UART0
[    2.266448] console [ttyO0] enabled
[    2.279022] omap_uart 4806c000.serial: no wakeirq for uart0
[    2.285919] 4806c000.serial: ttyO1 at MMIO 0x4806c000 (irq = 89, base_baud = 3000000) is a OMAP UART1
[    2.299865] omap_uart 4806e000.serial: no wakeirq for uart0
[    2.306671] 4806e000.serial: ttyO2 at MMIO 0x4806e000 (irq = 90, base_baud = 3000000) is a OMAP UART2
[    2.339202] omap_rng 480a0000.rng: OMAP Random Number Generator ver. 50
[    2.432495] brd: module loaded
[    2.487731] loop: module loaded
[    2.549468] twl 1-0048: PIH (irq 23) chaining IRQs 274..282
[    2.556549] twl 1-0048: power (irq 279) chaining IRQs 282..289
[    2.587402] VAUX1: at 3000 mV 
[    2.601013] VAUX2_4030: at 2800 mV 
[    2.614929] VAUX3: at 2800 mV 
[    2.628234] VAUX4: at 1200 mV 
[    2.641540] VDD1: 600 <--> 1450 mV at 1300 mV 
[    2.656249] VDAC: 1800 mV 
[    2.674224] VIO: at 1800 mV 
[    2.689331] VINTANA1: 1500 mV 
[    2.703247] VINTANA2: at 2750 mV 
[    2.718994] VINTDIG: 1500 mV 
[    2.729003] VMMC1: 1850 <--> 3150 mV at 1850 mV 
[    2.751739] VMMC2: 1850 <--> 3150 mV at 2600 mV 
[    2.768524] VUSB1V5: 1500 mV 
[    2.776519] VUSB1V8: 1800 mV 
[    2.784820] VUSB3V1: 3100 mV 
[    2.799957] VPLL1: at 1300 mV 
[    2.812499] VPLL2: 1800 mV 
[    2.823394] VSIM: 1800 <--> 3000 mV at 1800 mV 
[    2.834594] twl4030_gpio twl4030-gpio: gpio (irq 274) chaining IRQs 290..307
[    2.865417] mtdoops: mtd device (mtddev=name/number) must be supplied
[    2.889160] smc91x.c: v1.1, sep 22 2004 by Nicolas Pitre <nico@fluxnic.net>
[    2.902496] smc91x 8000300.ethernet eth0: SMC91C94 (rev 9) at c887a300 IRQ 261
[    2.910308] 
[    2.911956] smc91x 8000300.ethernet eth0: Ethernet addr: 08:00:28:01:01:a0
[    2.923797] usbcore: registered new interface driver asix
[    2.930084] usbcore: registered new interface driver ax88179_178a
[    2.937042] usbcore: registered new interface driver cdc_ether
[    2.943756] usbcore: registered new interface driver smsc95xx
[    2.950439] usbcore: registered new interface driver net1080
[    2.956939] usbcore: registered new interface driver cdc_subset
[    2.963592] usbcore: registered new interface driver zaurus
[    2.970245] usbcore: registered new interface driver cdc_ncm
[    2.979217] usbcore: registered new interface driver cdc_wdm
[    2.986022] usbcore: registered new interface driver usb-storage
[    2.992980] usbcore: registered new interface driver usbtest
[    3.005249] mousedev: PS/2 mouse device common for all mice
[    3.013854] twl4030_keypad 48072000.i2c:twl@48:keypad: OF: linux,keymap property not defined in /ocp/i2c@48072000/twl@48/keypad
[    3.026153] twl4030_keypad 48072000.i2c:twl@48:keypad: Failed to build keymap
[    3.033905] twl4030_keypad: probe of 48072000.i2c:twl@48:keypad failed with error -2
[    3.070800] input: twl4030_pwrbutton as /devices/ocp/48072000.i2c/i2c-1/1-0048/48072000.i2c:twl@48:pwrbutton/input/input1
[    3.094055] twl_rtc 48072000.i2c:twl@48:rtc: Power up reset detected.
[    3.104919] twl_rtc 48072000.i2c:twl@48:rtc: Enabling TWL-RTC
[    3.136840] twl_rtc 48072000.i2c:twl@48:rtc: rtc core: registered 48072000.i2c:twl@48 as rtc0
[    3.152221] i2c /dev entries driver
[    3.164428] Driver for 1-wire Dallas network protocol.
[    3.247558] 480b4000.mmc supply vmmc not found, using dummy regulator
[    3.255310] omap_hsmmc 480b4000.mmc: could not set regulator OCR (-22)
[    3.263458] omap_hsmmc 480b4000.mmc: could not set regulator OCR (-22)
[    3.308410] ledtrig-cpu: registered to indicate activity on CPUs
[    3.316467] usbcore: registered new interface driver usbhid
[    3.322357] usbhid: USB HID core driver
[    3.330902] oprofile: using arm/armv6
[    3.336730] TCP: cubic registered
[    3.340393] Initializing XFRM netlink socket
[    3.345306] NET: Registered protocol family 17
[    3.350463] NET: Registered protocol family 15
[    3.356262] Key type dns_resolver registered
[    3.361389] Registering SWP/SWPB emulation handler
[    3.366668] SmartReflex Class3 initialized
[    3.398101] twl_rtc 48072000.i2c:twl@48:rtc: setting system clock to 2000-01-01 00:00:00 UTC (946684800)
[    3.408508] sr_init: No PMIC hook to init smartreflex
[    3.414672] sr_init: platform driver register failed for SR
[    3.500335] smc91x 8000300.ethernet eth0: link up
[    3.526092] Sending DHCP requests ., OK
[    3.586578] IP-Config: Got DHCP answer from 192.168.1.254, my address is 192.168.1.188
[    3.596038] IP-Config: Complete:
[    3.599517]      device=eth0, hwaddr=08:00:28:01:01:a0, ipaddr=192.168.1.188, mask=255.255.255.0, gw=192.168.1.254
[    3.610595]      host=192.168.1.188, domain=ti.com, nis-domain=(none)
[    3.617553]      bootserver=192.168.1.254, rootserver=128.247.105.47, rootpath=
[    3.625091]      nameserver0=192.0.2.2, nameserver1=192.0.2.3
[    3.635498] VUSB3V1: disabling
[    3.693664] VFS: Mounted root (nfs filesystem) on device 0:13.
[    3.704650] devtmpfs: mounted
[    3.710174] Freeing unused kernel memory: 400K (c07b4000 - c0818000)
Mounting proc : OK
Mounting sysfs : OK
Mounting devtmpfs:mount: mounting none on /dev failed: Device or resource busy
boot mounted: OK
/dev/ttyO0 linked to /dev/tty-bd - using as console

******************************************
Starting System Init for GenericOMAP2430(FlattenedDeviceTree)
Release: X.x
Kernel: Linux GenericOMAP2430(FlattenedDeviceTree) 3.16.0-rc2-next-20140626-00002-g1b33c17 #1 SMP Thu Jun 26 05:35:37 CDT 2014 armv6l GNU/Linux
******************************************
Saving kernel ring buffer : OK
Mounting devpts : OK
Setting up networking
Configuring lo : OK
Configuring eth0 : OK - 192.168.1.188
Starting telnetd : OK
Starting syslogd : OK
Starting klogd : OK
Mounting filesystems : OK
mount: mounting none on /proc/bus/usb/ failed: No such file or directory

Please press Enter to activate this console. 
- 05:39:27 [INFO] Host: root
- 05:39:28 [INFO] Target: 
root
/ # 
- 05:39:28 [INFO] Host: uname -a
- 05:39:29 [INFO] Target: 
uname -a
Linux GenericOMAP2430(FlattenedDeviceTree) 3.16.0-rc2-next-20140626-00002-g1b33c17 #1 SMP Thu Jun 26 05:35:37 CDT 2014 armv6l GNU/Linux
/ # 
- 05:39:29 [INFO] Host: cat /proc/cmdline
- 05:39:29 [INFO] Target: 
cat /proc/cmdline
console=ttyO0,115200n8 earlyprintk rootwait ip=dhcp root=/dev/nfs rw nfsroot=128.247.105.47:/usr/workdir/filesys/linux/sdp2430,nolock,wsize=1024,rsize=1024 nohlt
/ # 
- 05:39:29 [INFO] Host: uname -a
- 05:39:30 [INFO] Target: 
uname -a
Linux GenericOMAP2430(FlattenedDeviceTree) 3.16.0-rc2-next-20140626-00002-g1b33c17 #1 SMP Thu Jun 26 05:35:37 CDT 2014 armv6l GNU/Linux
/ # 
- 05:39:30 [INFO] Host: cat /proc/mtd
- 05:39:30 [INFO] Target: 
cat /proc/mtd
dev:    size   erasesize  name
/ # 
- 05:39:39 [INFO] Host: export IPERFHOST=128.247.105.47
- 05:39:39 [INFO] Target: 
export IPERFHOST=128.247.105.47
/ # 
- 05:39:39 [INFO] Host: export NFS_SERVER=128.247.105.47
- 05:39:40 [INFO] Target: 
export NFS_SERVER=128.247.105.47
/ # 
- 05:39:40 [INFO] Host: export NFS_ROOT_PATH=/usr/workdir/filesys/linux/sdp2430
- 05:39:40 [INFO] Target: 
export NFS_ROOT_PATH=/usr/workdir/filesys/linux/sdp2430
/ # 
- 05:39:41 [INFO] Host: mkdir -p -m 777 /test
- 05:39:41 [INFO] Target: 
mkdir -p -m 777 /test
/ # 
- 05:39:41 [INFO] Host: cd /test
- 05:39:42 [INFO] Target: 
cd /test
/test # 
- 05:39:42 [INFO] Host: cat > test.sh << EOF
- 05:39:42 [INFO] Target: 
cat > test.sh << EOF
> 
- 05:39:42 [INFO] Host: failtest() {

- 05:39:43 [INFO] Target: 
failtest() {
> 
- 05:39:43 [INFO] Host:   echo 1 >&3

- 05:39:43 [INFO] Target: 
  echo 1 >&3
> 
- 05:39:43 [INFO] Host: }

- 05:39:44 [INFO] Target: 
}
> 
- 05:39:44 [INFO] Host: script=anonymous:anonymous@gtautoftp.gt.design.ti.com/anonymous/opentest/target-test-basic.sh_md5_5d260c597a39e144f6dea1bc54ee8584

- 05:39:54 [ERROR] On command: script=anonymous:anonymous@gtautoftp.gt.design.ti.com/anonymous/opentest/target-test-basic.sh_md5_5d260c597a39e144f6dea1bc54ee8584
 waiting for (?-mix:.*) >>> error: execution expired
- 05:39:54 [INFO] Target: 
script=anonymous:anonymous@gtautoftp.gt.design.ti.com/anonymous/opentest/targe

t-test-basic.sh_md5_5d260c597a39e144f6dea1bc54ee8584
> 
- 05:39:54 [INFO] Host: timeout=600

- 05:39:55 [INFO] Target: 
timeout=600
> 
- 05:39:55 [INFO] Host: 

- 05:39:55 [INFO] Target: 

> 
- 05:39:55 [INFO] Host: # Start of user's script logic

- 05:39:56 [INFO] Target: 
# Start of user's script logic
> 
- 05:39:56 [INFO] Host: 

- 05:39:56 [INFO] Target: 

> 
- 05:39:56 [INFO] Host: 

- 05:39:57 [INFO] Target: 

> 
- 05:39:57 [INFO] Host: mount -t proc proc /proc 2>/dev/null;

- 05:39:58 [INFO] Target: 
mount -t proc proc /proc 2>/dev/null;
> 
- 05:39:58 [INFO] Host: 

- 05:39:58 [INFO] Target: 

> 
- 05:39:58 [INFO] Host: mount -t sysfs sys /sys 2>/dev/null;

- 05:39:59 [INFO] Target: 
mount -t sysfs sys /sys 2>/dev/null;
> 
- 05:39:59 [INFO] Host: 

- 05:39:59 [INFO] Target: 

> 
- 05:39:59 [INFO] Host: mount -t debugfs none /sys/kernel/debug 2>/dev/null;

- 05:40:00 [INFO] Target: 
mount -t debugfs none /sys/kernel/debug 2>/dev/null;
> 
- 05:40:00 [INFO] Host: 

- 05:40:01 [INFO] Target: 

> 
- 05:40:01 [INFO] Host: echo 'cpuinfo:';cat /proc/cpuinfo; echo '=======';

- 05:40:01 [INFO] Target: 
echo 'cpuinfo:';c[   40.678894] random: nonblocking pool is initialized
at /proc/cpuinfo; echo '=======';
> 
- 05:40:01 [INFO] Host: 

- 05:40:02 [INFO] Target: 

> 
- 05:40:02 [INFO] Host: echo 'soc info:';head /sys/devices/soc0/* 2>/dev/null; echo '=======';

- 05:40:02 [INFO] Target: 
echo 'soc info:';head /sys/devices/soc0/* 2>/dev/null; echo '=======';
> 
- 05:40:02 [INFO] Host: 

- 05:40:03 [INFO] Target: 

> 
- 05:40:03 [INFO] Host: echo 'interrupts:';cat /proc/interrupts; echo '=======';

- 05:40:03 [INFO] Target: 
echo 'interrupts:';cat /proc/interrupts; echo '=======';
> 
- 05:40:03 [INFO] Host: 

- 05:40:04 [INFO] Target: 

> 
- 05:40:04 [INFO] Host: echo 'Clk_summary:';cat /sys/kernel/debug/clk/clk_summary; echo '=======';

- 05:40:05 [INFO] Target: 
echo 'Clk_summary:';cat /sys/kernel/debug/clk/clk_summary; echo '=======';
> 
- 05:40:05 [INFO] Host: 

- 05:40:05 [INFO] Target: 

> 
- 05:40:05 [INFO] Host: echo 'Orphan Clks:';ls /sys/kernel/debug/clk/orphans/; echo '=======';

- 05:40:06 [INFO] Target: 
echo 'Orphan Clks:';ls /sys/kernel/debug/clk/orphans/; echo '=======';
> 
- 05:40:06 [INFO] Host: 

- 05:40:06 [INFO] Target: 

> 
- 05:40:06 [INFO] Host: echo 'H''ello World' 'B''oard Booted';

- 05:40:07 [INFO] Target: 
echo 'H''ello World' 'B''oard Booted';
> 
- 05:40:07 [INFO] Host: 

- 05:40:08 [INFO] Target: 

> 
- 05:40:08 [INFO] Host: EOF
- 05:40:08 [INFO] Target: 
EOF
/test # 
- 05:40:08 [INFO] Host: cd /test
- 05:40:09 [INFO] Target: 
cd /test
/test # 
- 05:40:09 [INFO] Host: chmod +x test.sh
- 05:40:09 [INFO] Target: 
chmod +x test.sh
/test # 
- 05:40:09 [INFO] Host: ./test.sh 2> stderr.log > stdout.log 3> result.log
- 05:40:10 [INFO] Target: 
./test.sh 2> stderr.log > stdout.log 3> result.log
/test # 
- 05:40:10 [INFO] Host: echo $?
- 05:40:11 [INFO] Target: 
echo $?
0
/test # 
- 05:40:11 [INFO] Host: cd /test
- 05:40:11 [INFO] Target: 
cd /test
/test # 
- 05:40:11 [INFO] Host: cat stdout.log
- 05:40:13 [INFO] Target: 
cat stdout.log
cpuinfo:
processor	: 0
model name	: ARMv6-compatible processor rev 6 (v6l)
Features	: swp half thumb fastmult vfp edsp java 
CPU implementer	: 0x41
CPU architecture: 6TEJ
CPU variant	: 0x0
CPU part	: 0xb36
CPU revision	: 6

Hardware	: Generic OMAP2430 (Flattened Device Tree)
Revision	: 0000
Serial		: 0000000000000000
=======
soc info:
=======
interrupts:
           CPU0       
 23:          0      INTC   7  TWL4030-PIH
 28:          0      INTC  12  DMA
 29:          0      INTC  13  omap-dma-engine
 36:          0      INTC  20  gpmc
 53:        976      INTC  37  gp_timer
 72:          0      INTC  56  48070000.i2c
 73:        345      INTC  57  48072000.i2c
 88:       4010      INTC  72  OMAP UART0
 99:         13      INTC  83  mmc0
102:         13      INTC  86  mmc1
261:       4141      GPIO  21  eth0
274:          0   twl4030   0  twl4030_gpio
279:          0   twl4030   5  twl4030_power
282:          0   twl4030   8  twl4030_pwrbutton
285:          0   twl4030  11  rtc0
IPI0:          0  CPU wakeup interrupts
IPI1:          0  Timer broadcast interrupts
IPI2:          0  Rescheduling interrupts
IPI3:          0  Function call interrupts
IPI4:          0  Single function call interrupts
IPI5:          0  CPU stop interrupts
IPI6:          0  IRQ work interrupts
IPI7:          0  completion interrupts
Err:          0
=======
Clk_summary:
   clock                         enable_cnt  prepare_cnt        rate   accuracy
--------------------------------------------------------------------------------
 mcbsp_clks                               0            5           0          0
 alt_ck                                   0            0    54000000          0
 osc_ck                                   1            1    26000000          0
    mdm_osc_ck                            0            0    26000000          0
    sys_ck                                8           10    13000000          0
       icr_ick                            0            0    13000000          0
       omapctrl_ick                       1            1    13000000          0
       wdt1_ick                           0            0    13000000          0
       sync_32k_ick                       2            2    13000000          0
       mpu_wdt_ick                        1            1    13000000          0
       gpios_ick                          4            4    13000000          0
       gpt2_fck                           0            1    13000000          0
       gpt1_ick                           1            1    13000000          0
       dss2_fck                           0            1    13000000          0
       apll54_ck                          1            2           0          0
          func_54m_ck                     0            1           0          0
             dss_54m_fck                  0            2           0          0
             emul_ck                      0            0           0          0
             sys_clkout_src               0            0           0          0
                sys_clkout                0            0           0          0
       apll96_ck                          2            3    96000000          0
          func_48m_ck                     3            7    48000000          0
             usb_fck                      0            0    48000000          0
             uart3_fck                    1            1    48000000          0
             uart2_fck                    1            1    48000000          0
             uart1_fck                    1            1    48000000          0
             mcspi3_fck                   0            1    48000000          0
             mcspi2_fck                   0            1    48000000          0
             mcspi1_fck                   0            1    48000000          0
             func_12m_ck                  0            1    12000000          0
                hdq_fck                   0            1    12000000          0
                fac_fck                   0            0    12000000          0
          func_96m_ck                     0           14    96000000          0
             mmchs2_fck                   0            1    96000000          0
             mmchs1_fck                   0            1    96000000          0
             i2chs2_fck                   0            1    96000000          0
             i2chs1_fck                   0            1    96000000          0
             mspro_fck                    0            0    96000000          0
             cam_fck                      0            0    96000000          0
             mcbsp5_fck                   0            1    96000000          0
             mcbsp4_fck                   0            1    96000000          0
             mcbsp3_fck                   0            1    96000000          0
             mcbsp2_fck                   0            1    96000000          0
             mcbsp1_fck                   0            1    96000000          0
       dpll_ck                            1            1   660000000          0
          core_ck                         1            4   660000000          0
             ssi_ssr_sst_fck              0            0   132000000          0
             core_l3_ck                   9           11   165000000          0
                usbhs_ick                 0            1   165000000          0
                sdrc_ick                  1            1   165000000          0
                sdma_ick                  1            1   165000000          0
                sdma_fck                  0            0   165000000          0
                gpmc_fck                  2            2   165000000          0
                l4_ck                    32           36    82500000          0
                   mdm_intc_ick           0            0    82500000          0
                   gpio5_ick              1            1    82500000          0
                   mmchs2_ick             1            1    82500000          0
                   mmchs1_ick             1            1    82500000          0
                   pka_ick                0            0    82500000          0
                   aes_ick                1            1    82500000          0
                   rng_ick                1            1    82500000          0
                   sha_ick                1            1    82500000          0
                   des_ick                0            0    82500000          0
                   i2c2_ick               1            1    82500000          0
                   i2c1_ick               1            1    82500000          0
                   hdq_ick                0            1    82500000          0
                   fac_ick                0            0    82500000          0
                   mspro_ick              0            0    82500000          0
                   wdt4_ick               0            0    82500000          0
                   mailboxes_ick           0            1    82500000          0
                   cam_ick                0            0    82500000          0
                   uart3_ick              1            1    82500000          0
                   uart2_ick              1            1    82500000          0
                   uart1_ick              1            1    82500000          0
                   mcspi3_ick             1            1    82500000          0
                   mcspi2_ick             1            1    82500000          0
                   mcspi1_ick             1            1    82500000          0
                   mcbsp5_ick             1            1    82500000          0
                   mcbsp4_ick             1            1    82500000          0
                   mcbsp3_ick             1            1    82500000          0
                   mcbsp2_ick             1            1    82500000          0
                   mcbsp1_ick             1            1    82500000          0
                   gpt12_ick              1            1    82500000          0
                   gpt11_ick              1            1    82500000          0
                   gpt10_ick              1            1    82500000          0
                   gpt9_ick               1            1    82500000          0
                   gpt8_ick               1            1    82500000          0
                   gpt7_ick               1            1    82500000          0
                   gpt6_ick               1            1    82500000          0
                   gpt5_ick               1            1    82500000          0
                   gpt4_ick               1            1    82500000          0
                   gpt3_ick               1            1    82500000          0
                   gpt2_ick               1            1    82500000          0
                   ssi_l4_ick             0            0    82500000          0
                   dss_ick                3            5    82500000          0
                usb_l4_ick                1            1    41250000          0
                gfx_3d_fck                0            0    82500000          0
                gfx_2d_fck                0            0    82500000          0
                gfx_ick                   0            0   165000000          0
             dss1_fck                     0            3    41250000          0
             mdm_ick                      0            0   110000000          0
             dsp_fck                      0            1   330000000          0
                iva2_1_ick                0            0   165000000          0
             mpu_ck                       0            1   330000000          0
                virt_prcm_set             0            0           0          0
 secure_32k_ck                            0            0       32768          0
 func_32k_ck                              3           17       32768          0
    gpt1_fck                              1            1       32768          0
    mmchsdb2_fck                          0            1       32768          0
    mmchsdb1_fck                          0            1       32768          0
    gpio5_fck                             1            1       32768          0
    wdt4_fck                              0            0       32768          0
    mpu_wdt_fck                           0            1       32768          0
    gpios_fck                             0            4       32768          0
    gpt12_fck                             0            1       32768          0
    gpt11_fck                             0            1       32768          0
    gpt10_fck                             0            1       32768          0
    gpt9_fck                              0            1       32768          0
    gpt8_fck                              0            1       32768          0
    gpt7_fck                              0            1       32768          0
    gpt6_fck                              0            1       32768          0
    gpt5_fck                              0            1       32768          0
    gpt4_fck                              0            1       32768          0
    gpt3_fck                              0            1       32768          0
=======
Orphan Clks:
=======
Hello World Board Booted
/test # 
- 05:40:13 [INFO] Host: cat stderr.log
- 05:40:13 [INFO] Target: 
cat stderr.log
/test # 
- 05:40:13 [INFO] Host: cat result.log
- 05:40:15 [ERROR] On command: cat result.log waiting for (?m-ix:^1[\0\n\r]+) >>> error: execution expired
- 05:40:15 [INFO] Target: 
cat result.log
/test # 
- 05:40:16 [INFO] Host: cd /test
- 05:40:16 [INFO] Target: 
cd /test
/test # 
FOR DEBUG:URL:http://gtsystest.telogy.design.ti.com/vatf/tidfarm-02/tidfarm-02_vatf@5/tidfarm-0206_26_2014_05_38_52/files/session_iteration_1/test_1/dut1_1_log.txt
