- 05:34:38 [INFO] Starting target session
- 05:34:39 [INFO] Connected to sdp2430 via serial 
- 05:34:39 [INFO] Host: 
- 05:34:39 [INFO] Target: 

/test # 
- 05:34:39 [INFO] Host: sync;poweroff
- 05:34:42 [INFO] Target: 
sync;poweroff
/test # umount: devtmpfs busy - remounted read-only
umount: can't remount 128.247.105.47:/usr/workdir/filesys/linux/sdp2430 read-only
umount: can't remount rootfs read-only

The system is going down NOW!

Sent SIGTERM to all processes

Sent SIGKILL to all processes

Requesting system poweroff
[52552.331817] reboot: System halted

- 05:34:43 [INFO] Disconnected {"type"=>"serial"} from sdp2430
- 05:34:43 [INFO] Host: 
- 05:34:44 [ERROR] On command:  waiting for (?-mix:OMAP243X\sSDP\s#) >>> error: execution expired
- 05:34:44 [INFO] Target: 

- 05:34:44 [INFO] Host: 
- 05:34:44 [ERROR] On command:  waiting for (?-mix:OMAP243X\sSDP\s#) >>> error: execution expired
- 05:34:44 [INFO] Target: 


U-Boot 1.1.3 (Mar  2 2007 - 11:17:49)

U-Boot code: 80E80000 -> 80EA2A4C  BSS: -> 80EA8BF0
OMAP2430C-GP revision 3, PRCM #2
TI 2430SDP 1.1 Version + mDDR (Boot NOR)
RAM Configuration:
Bank #0: 80000000 128 MB
Bank #1: 88000000  0 kB
Flash: 192 MB
NAND:64 MB

- 05:34:44 [INFO] Host: 
- 05:34:45 [INFO] Target: 
 3  0 
OMAP243X SDP # 
- 05:34:45 [INFO] Host: version
- 05:34:46 [INFO] Target: 
version


U-Boot 1.1.3 (Mar  2 2007 - 11:17:49)
OMAP243X SDP # 
- 05:34:46 [INFO] Host: bdinfo
- 05:34:46 [INFO] Target: 
bdinfo

arch_number = 0x00000384
env_t       = 0x00000000
boot_params = 0x80000100
DRAM bank   = 0x00000000
-> start    = 0x80000000
-> size     = 0x08000000
DRAM bank   = 0x00000001
-> start    = 0x88000000
-> size     = 0x00000000
ethaddr     = 08:00:28:01:01:A0
ip_addr     = 128.247.91.37
baudrate    = 115200 bps
OMAP243X SDP # 
- 05:34:46 [INFO] Host: printenv
- 05:34:47 [INFO] Target: 
printenv

bootdelay=3
baudrate=115200
ethaddr=08:00:28:01:01:A0
bootcmd=dhcp;bootm
bootfile=/tftpboot/kernel/uImage.omap2430-sdp
gatewayip=128.247.90.1
netmask=255.255.254.0
hostname=dhcp-128-247-91-37
ipaddr=128.247.91.37
serverip=128.247.91.123
bootargs=console=ttyO0,115200n8 noinitrd debug ignore_loglevel earlyprintk ip=dhcp root=/dev/nfs rw nfsroot=128.247.91.123:/nfs/sdp2430/,nolock,wsize=1024,rsize=1024 rootwait init=/bin/sh nohlt
stdin=serial
stdout=serial
stderr=serial

Environment size: 472/131068 bytes
OMAP243X SDP # 
- 05:34:47 [INFO] Host: setenv autoload 'no'
- 05:34:47 [INFO] Target: 
setenv autoload 'no'

OMAP243X SDP # 
- 05:34:47 [INFO] Host: dhcp
- 05:34:49 [INFO] Target: 
dhcp

Using MAC Address 08:00:28:01:01:A0
BOOTP broadcast 1
DHCP client bound to address 192.168.1.188
OMAP243X SDP # 
- 05:34:49 [INFO] Host: setenv serverip 128.247.105.47
- 05:34:50 [INFO] Target: 
setenv serverip 128.247.105.47

OMAP243X SDP # 
- 05:34:50 [INFO] Host: setenv bootargs 'console=ttyO0,115200n8 earlyprintk rootwait ip=dhcp root=/dev/nfs rw nfsroot=128.247.105.47:/usr/workdir/filesys/linux/sdp2430,nolock,wsize=1024,rsize=1024 nohlt'
- 05:34:50 [INFO] Target: 
setenv bootargs 'console=ttyO0,115200n8 earlyprintk rootwait ip=dhcp root=/dev/nfs rw nfsroot=128.247.105.47:/usr/workdir/filesys/linux/sdp2430,nolock,wsize=1024,rsize=1024 nohlt'

OMAP243X SDP # 
- 05:34:50 [INFO] Host: setenv bootfile vatf_5/45540f98b670deacb3178b03fa00e95c
- 05:34:51 [INFO] Target: 
setenv bootfile vatf_5/45540f98b670deacb3178b03fa00e95c

OMAP243X SDP # 
- 05:34:51 [INFO] Host: setenv bootcmd 'tftp ${loadaddr};bootm ${loadaddr}'
- 05:34:52 [INFO] Target: 
setenv bootcmd 'tftp ${loadaddr};bootm ${loadaddr}'

OMAP243X SDP # 
- 05:34:52 [INFO] Host: printenv
- 05:34:52 [INFO] Target: 
printenv

bootdelay=3
baudrate=115200
ethaddr=08:00:28:01:01:A0
hostname=dhcp-128-247-91-37
stdin=serial
stdout=serial
stderr=serial
autoload=no
gatewayip=192.168.1.254
netmask=255.255.255.0
ipaddr=192.168.1.188
serverip=128.247.105.47
bootargs=console=ttyO0,115200n8 earlyprintk rootwait ip=dhcp root=/dev/nfs rw nfsroot=128.247.105.47:/usr/workdir/filesys/linux/sdp2430,nolock,wsize=1024,rsize=1024 nohlt
bootfile=vatf_5/45540f98b670deacb3178b03fa00e95c
bootcmd=tftp ${loadaddr};bootm ${loadaddr}

Environment size: 489/131068 bytes
OMAP243X SDP # 
- 05:34:52 [INFO] Host: boot
- 05:35:12 [INFO] Target: 
boot

Using MAC Address 08:00:28:01:01:A0
TFTP from server 128.247.105.47; our IP address is 192.168.1.188; sending through gateway 192.168.1.254
Filename 'vatf_5/45540f98b670deacb3178b03fa00e95c'.
Load address: 0x80000000
Loading: *#################################################################
	 #################################################################
	 #################################################################
	 #################################################################
	 #################################################################
	 #################################################################
	 #################################################################
	 #################################################################
	 #################################################################
	 #################################################################
	 #################################################################
	 #################################################################
	 #################################################################
	 ####
done
Bytes transferred = 4342577 (424331 hex)
## Booting image at 80000000 ...
   Image Name:   Linux-3.15.0-rc7-next-20140527-0
   Image Type:   ARM Linux Kernel Image (uncompressed)
   Data Size:    4342513 Bytes =  4.1 MB
   Load Address: 80800000
   Entry Point:  80800000
   Verifying Checksum ... OK
OK

Starting kernel ...

[    0.000000] Booting Linux on physical CPU 0x0
[    0.000000] Linux version 3.15.0-rc7-next-20140527-00002-g2679643 (nmenon@kahuna) (gcc version 4.6.3 (Ubuntu/Linaro 4.6.3-1ubuntu5) ) #1 SMP Wed May 28 05:31:21 CDT 2014
[    0.000000] CPU: ARMv6-compatible processor [4107b366] revision 6 (ARMv6TEJ), cr=00c5387d
[    0.000000] CPU: VIPT aliasing data cache, VIPT aliasing instruction cache
[    0.000000] Machine model: TI OMAP2430 SDP
[    0.000000] cma: CMA: reserved 16 MiB at 86800000
[    0.000000] Memory policy: Data cache writeback
[    0.000000] CPU: All CPU(s) started in SVC mode.
[    0.000000] OMAP2430
[    0.000000] 
[    0.000000] PERCPU: Embedded 9 pages/cpu @c7dd9000 s14272 r8192 d14400 u36864
[    0.000000] Built 1 zonelists in Zone order, mobility grouping on.  Total pages: 32256
[    0.000000] Kernel command line: console=ttyO0,115200n8 earlyprintk rootwait ip=dhcp root=/dev/nfs rw nfsroot=128.247.105.47:/usr/workdir/filesys/linux/sdp2430,nolock,wsize=1024,rsize=1024 nohlt
[    0.000000] PID hash table entries: 512 (order: -1, 2048 bytes)
[    0.000000] Dentry cache hash table entries: 16384 (order: 4, 65536 bytes)
[    0.000000] Inode-cache hash table entries: 8192 (order: 3, 32768 bytes)
[    0.000000] Memory: 95132K/130048K available (5629K kernel code, 678K rwdata, 2184K rodata, 397K init, 8337K bss, 34916K reserved, 0K highmem)
[    0.000000] Virtual kernel memory layout:
[    0.000000]     vector  : 0xffff0000 - 0xffff1000   (   4 kB)
[    0.000000]     fixmap  : 0xffc00000 - 0xffe00000   (2048 kB)
[    0.000000]     vmalloc : 0xc8800000 - 0xff000000   ( 872 MB)
[    0.000000]     lowmem  : 0xc0000000 - 0xc8000000   ( 128 MB)
[    0.000000]     pkmap   : 0xbfe00000 - 0xc0000000   (   2 MB)
[    0.000000]     modules : 0xbf000000 - 0xbfe00000   (  14 MB)
[    0.000000]       .text : 0xc0008000 - 0xc07a991c   (7815 kB)
[    0.000000]       .init : 0xc07aa000 - 0xc080d7c0   ( 398 kB)
[    0.000000]       .data : 0xc080e000 - 0xc08b7958   ( 679 kB)
[    0.000000]        .bss : 0xc08b7958 - 0xc10dbe10   (8338 kB)
[    0.000000] Hierarchical RCU implementation.
[    0.000000] 	RCU restricting CPUs from NR_CPUS=2 to nr_cpu_ids=1.
[    0.000000] RCU: Adjusting geometry for rcu_fanout_leaf=16, nr_cpu_ids=1
[    0.000000] NR_IRQS:16 nr_irqs:16 16
[    0.000000] IRQ: Found an INTC at 0xfa0fe000 (revision 3.0) with 96 interrupts
[    0.000000] Total of 96 interrupts on 1 active controller
[    0.000000] Clocking rate (Crystal/DPLL/MPU): 13.0/660/330 MHz
[    0.000000] OMAP clockevent source: timer1 at 32768 Hz
[    0.000030] sched_clock: 32 bits at 32kHz, resolution 30517ns, wraps every 65536000000000ns
[    0.000091] OMAP clocksource: 32k_counter at 32768 Hz
[    0.000457] hw-breakpoint: CPUID feature registers not supported. Assuming v6 debug is present.
[    0.002227] Console: colour dummy device 80x30
[    0.002349] Lock dependency validator: Copyright (c) 2006 Red Hat, Inc., Ingo Molnar
[    0.002380] ... MAX_LOCKDEP_SUBCLASSES:  8
[    0.002410] ... MAX_LOCK_DEPTH:          48
[    0.002471] ... MAX_LOCKDEP_KEYS:        8191
[    0.002502] ... CLASSHASH_SIZE:          4096
[    0.002532] ... MAX_LOCKDEP_ENTRIES:     32768
[    0.002563] ... MAX_LOCKDEP_CHAINS:      65536
[    0.002624] ... CHAINHASH_SIZE:          32768
[    0.002655]  memory used by lock dependency info: 5167 kB
[    0.002685]  per task-struct memory footprint: 1152 bytes
[    0.002807] Calibrating delay loop... 326.86 BogoMIPS (lpj=1634304)
[    0.128723] pid_max: default: 32768 minimum: 301
[    0.129913] Security Framework initialized
[    0.130340] Mount-cache hash table entries: 1024 (order: 0, 4096 bytes)
[    0.130401] Mountpoint-cache hash table entries: 1024 (order: 0, 4096 bytes)
[    0.137786] CPU: Testing write buffer coherency: ok
[    0.141571] missing device node for CPU 0
[    0.141632] CPU0: thread -1, cpu 0, socket -1, mpidr 4107b366
[    0.141845] Setting up static identity map for 0x80556268 - 0x805562d8
[    0.152252] Brought up 1 CPUs
[    0.152313] SMP: Total of 1 processors activated.
[    0.152343] CPU: All CPU(s) started in SVC mode.
[    0.162261] devtmpfs: initialized
[    0.183410] VFP support v0.3: implementor 41 architecture 1 part 20 variant b rev 2
[    0.224639] omap_hwmod: usb_otg_hs: cannot be enabled for reset (3)
[    0.252868] pinctrl core: initialized pinctrl subsystem
[    0.261077] regulator-dummy: no parameters
[    0.299896] NET: Registered protocol family 16
[    0.302612] DMA: failed to allocate 256 KiB pool for atomic coherent allocation
[    0.308959] cpuidle: using governor ladder
[    0.309112] cpuidle: using governor menu
[    0.362335] omap_gpio 4900c000.gpio: Could not get gpio dbck
[    0.368347] OMAP GPIO hardware version 2.4
[    0.370635] omap_gpio 4900e000.gpio: Could not get gpio dbck
[    0.376068] omap_gpio 49010000.gpio: Could not get gpio dbck
[    0.381805] omap_gpio 49012000.gpio: Could not get gpio dbck
[    0.387115] omap_gpio 480b6000.gpio: Could not get gpio dbck
[    0.392761] omap-gpmc 6e000000.gpmc: GPMC revision 3.0
[    0.393585] omap-gpmc 6e000000.gpmc: ethernet using bootloader timings on CS5
[    0.404754] No ATAGs?
[    0.404907] hw-breakpoint: found 6 breakpoint and 1 watchpoint registers.
[    0.405029] hw-breakpoint: maximum watchpoint size is 4 bytes.
[    0.410430] OMAP DMA hardware revision 4.0
[    0.484283] edma-dma-engine edma-dma-engine.0: Can't allocate PaRAM dummy slot
[    0.484466] edma-dma-engine: probe of edma-dma-engine.0 failed with error -5
[    0.597198] omap-dma-engine 48056000.dma-controller: OMAP DMA engine driver
[    0.608917] SCSI subsystem initialized
[    0.611389] usbcore: registered new interface driver usbfs
[    0.611938] usbcore: registered new interface driver hub
[    0.613739] usbcore: registered new device driver usb
[    0.621398] omap_i2c 48070000.i2c: bus 0 rev3.3 at 100 kHz
[    0.938507] omap_i2c 48072000.i2c: bus 1 rev3.3 at 100 kHz
[    0.951995] Switched to clocksource 32k_counter
[    1.403930] NET: Registered protocol family 2
[    1.408874] TCP established hash table entries: 1024 (order: 0, 4096 bytes)
[    1.409301] TCP bind hash table entries: 1024 (order: 3, 36864 bytes)
[    1.410461] TCP: Hash tables configured (established 1024 bind 1024)
[    1.410858] TCP: reno registered
[    1.411041] UDP hash table entries: 256 (order: 2, 20480 bytes)
[    1.411834] UDP-Lite hash table entries: 256 (order: 2, 20480 bytes)
[    1.415161] NET: Registered protocol family 1
[    1.420166] RPC: Registered named UNIX socket transport module.
[    1.420318] RPC: Registered udp transport module.
[    1.420349] RPC: Registered tcp transport module.
[    1.420410] RPC: Registered tcp NFSv4.1 backchannel transport module.
[    1.423889] hw perfevents: enabled with v6 PMU driver, 3 counters available
[    1.439392] futex hash table entries: 256 (order: 2, 16384 bytes)
[    1.453308] VFS: Disk quotas dquot_6.5.2
[    1.453674] Dquot-cache hash table entries: 1024 (order 0, 4096 bytes)
[    1.463867] NFS: Registering the id_resolver key type
[    1.465148] Key type id_resolver registered
[    1.465301] Key type id_legacy registered
[    1.465789] jffs2: version 2.2. (NAND) (SUMMARY)   2001-2006 Red Hat, Inc.
[    1.467559] msgmni has been set to 217
[    1.484039] io scheduler noop registered
[    1.484130] io scheduler deadline registered
[    1.484344] io scheduler cfq registered (default)
[    1.492279] pinctrl-single 49002030.pinmux: 340 pins at pa fb002030 size 340
[    1.498962] pbias_mmc_omap2430: 1800 <--> 3000 mV at 3000 mV 
[    1.502899] Serial: 8250/16550 driver, 4 ports, IRQ sharing enabled
[    1.525573] omap_uart 4806a000.serial: no wakeirq for uart0
[    1.526916] 4806a000.serial: ttyO0 at MMIO 0x4806a000 (irq = 88, base_baud = 3000000) is a OMAP UART0
[    2.262329] console [ttyO0] enabled
[    2.275085] omap_uart 4806c000.serial: no wakeirq for uart0
[    2.282012] 4806c000.serial: ttyO1 at MMIO 0x4806c000 (irq = 89, base_baud = 3000000) is a OMAP UART1
[    2.296264] omap_uart 4806e000.serial: no wakeirq for uart0
[    2.303131] 4806e000.serial: ttyO2 at MMIO 0x4806e000 (irq = 90, base_baud = 3000000) is a OMAP UART2
[    2.330413] omap_rng 480a0000.rng: OMAP Random Number Generator ver. 50
[    2.420654] brd: module loaded
[    2.475341] loop: module loaded
[    2.537170] twl 1-0048: PIH (irq 23) chaining IRQs 274..282
[    2.544250] twl 1-0048: power (irq 279) chaining IRQs 282..289
[    2.574432] VAUX1: at 3000 mV 
[    2.588317] VAUX2_4030: at 2800 mV 
[    2.602142] VAUX3: at 2800 mV 
[    2.615417] VAUX4: at 1200 mV 
[    2.628601] VDD1: 600 <--> 1450 mV at 1300 mV 
[    2.644805] VDAC: 1800 mV 
[    2.663238] VIO: at 1800 mV 
[    2.678558] VINTANA1: 1500 mV 
[    2.693298] VINTANA2: at 2750 mV 
[    2.707885] VINTDIG: 1500 mV 
[    2.718658] VMMC1: 1850 <--> 3150 mV at 1850 mV 
[    2.740875] VMMC2: 1850 <--> 3150 mV at 2600 mV 
[    2.763122] VUSB1V5: 1500 mV 
[    2.771636] VUSB1V8: 1800 mV 
[    2.780151] VUSB3V1: 3100 mV 
[    2.794525] VPLL1: at 1300 mV 
[    2.809051] VPLL2: 1800 mV 
[    2.822174] VSIM: 1800 <--> 3000 mV at 1800 mV 
[    2.834838] twl4030_gpio twl4030-gpio: gpio (irq 274) chaining IRQs 290..307
[    2.865844] mtdoops: mtd device (mtddev=name/number) must be supplied
[    2.888549] smc91x.c: v1.1, sep 22 2004 by Nicolas Pitre <nico@fluxnic.net>
[    2.902343] smc91x 8000300.ethernet eth0: SMC91C94 (rev 9) at c887a300 IRQ 261
[    2.910003] 
[    2.911773] smc91x 8000300.ethernet eth0: Ethernet addr: 08:00:28:01:01:a0
[    2.923858] usbcore: registered new interface driver asix
[    2.930023] usbcore: registered new interface driver ax88179_178a
[    2.937103] usbcore: registered new interface driver cdc_ether
[    2.944000] usbcore: registered new interface driver smsc95xx
[    2.950592] usbcore: registered new interface driver net1080
[    2.957183] usbcore: registered new interface driver cdc_subset
[    2.964050] usbcore: registered new interface driver zaurus
[    2.970642] usbcore: registered new interface driver cdc_ncm
[    2.979980] usbcore: registered new interface driver cdc_wdm
[    2.986907] usbcore: registered new interface driver usb-storage
[    2.994018] usbcore: registered new interface driver usbtest
[    3.006561] mousedev: PS/2 mouse device common for all mice
[    3.015197] twl4030_keypad 48072000.i2c:twl@48:keypad: OF: linux,keymap property not defined in /ocp/i2c@48072000/twl@48/keypad
[    3.027557] twl4030_keypad 48072000.i2c:twl@48:keypad: Failed to build keymap
[    3.035430] twl4030_keypad: probe of 48072000.i2c:twl@48:keypad failed with error -2
[    3.055236] input: twl4030_pwrbutton as /devices/ocp/48072000.i2c/i2c-1/1-0048/48072000.i2c:twl@48:pwrbutton/input/input1
[    3.083862] twl_rtc 48072000.i2c:twl@48:rtc: Power up reset detected.
[    3.095275] twl_rtc 48072000.i2c:twl@48:rtc: Enabling TWL-RTC
[    3.126861] twl_rtc 48072000.i2c:twl@48:rtc: rtc core: registered 48072000.i2c:twl@48 as rtc0
[    3.144836] i2c /dev entries driver
[    3.157623] Driver for 1-wire Dallas network protocol.
[    3.184326] omap_hsmmc 4809c000.mmc: pins are not configured from the driver
[    3.243133] 480b4000.mmc supply vmmc not found, using dummy regulator
[    3.250854] omap_hsmmc 480b4000.mmc: could not set regulator OCR (-22)
[    3.258178] omap_hsmmc 480b4000.mmc: pins are not configured from the driver
[    3.267028] omap_hsmmc 480b4000.mmc: could not set regulator OCR (-22)
[    3.313903] ledtrig-cpu: registered to indicate activity on CPUs
[    3.322052] usbcore: registered new interface driver usbhid
[    3.327972] usbhid: USB HID core driver
[    3.335571] oprofile: using arm/armv6
[    3.341156] TCP: cubic registered
[    3.345062] Initializing XFRM netlink socket
[    3.349975] NET: Registered protocol family 17
[    3.355041] NET: Registered protocol family 15
[    3.360687] Key type dns_resolver registered
[    3.365997] Registering SWP/SWPB emulation handler
[    3.371154] SmartReflex Class3 initialized
[    3.393066] VUSB3V1: disabling
[    3.428344] twl_rtc 48072000.i2c:twl@48:rtc: setting system clock to 2000-01-01 00:00:00 UTC (946684800)
[    3.438720] sr_init: No PMIC hook to init smartreflex
[    3.444976] sr_init: platform driver register failed for SR
[    3.533447] smc91x 8000300.ethernet eth0: link up
[    3.551605] Sending DHCP requests ., OK
[    3.601989] IP-Config: Got DHCP answer from 192.168.1.254, my address is 192.168.1.188
[    3.611785] IP-Config: Complete:
[    3.615264]      device=eth0, hwaddr=08:00:28:01:01:a0, ipaddr=192.168.1.188, mask=255.255.255.0, gw=192.168.1.254
[    3.626403]      host=192.168.1.188, domain=ti.com, nis-domain=(none)
[    3.633361]      bootserver=192.168.1.254, rootserver=128.247.105.47, rootpath=
[    3.640899]      nameserver0=192.0.2.2, nameserver1=192.0.2.3
[    3.696319] VFS: Mounted root (nfs filesystem) on device 0:13.
[    3.707031] devtmpfs: mounted
[    3.712677] Freeing unused kernel memory: 396K (c07aa000 - c080d000)
Mounting proc : OK
Mounting sysfs : OK
Mounting devtmpfs:mount: mounting none on /dev failed: Device or resource busy
boot mounted: OK
/dev/ttyO0 linked to /dev/tty-bd - using as console

******************************************
Starting System Init for GenericOMAP2430(FlattenedDeviceTree)
Release: X.x
Kernel: Linux GenericOMAP2430(FlattenedDeviceTree) 3.15.0-rc7-next-20140527-00002-g2679643 #1 SMP Wed May 28 05:31:21 CDT 2014 armv6l GNU/Linux
******************************************
Saving kernel ring buffer : OK
Mounting devpts : OK
Setting up networking
Configuring lo : OK
Configuring eth0 : OK - 192.168.1.188
Starting telnetd : OK
Starting syslogd : OK
Starting klogd : OK
Mounting filesystems : OK
mount: mounting none on /proc/bus/usb/ failed: No such file or directory

Please press Enter to activate this console. 
- 05:35:12 [INFO] Host: root
- 05:35:13 [INFO] Target: 
root
/ # 
- 05:35:13 [INFO] Host: uname -a
- 05:35:14 [INFO] Target: 
uname -a
Linux GenericOMAP2430(FlattenedDeviceTree) 3.15.0-rc7-next-20140527-00002-g2679643 #1 SMP Wed May 28 05:31:21 CDT 2014 armv6l GNU/Linux
/ # 
- 05:35:14 [INFO] Host: cat /proc/cmdline
- 05:35:14 [INFO] Target: 
cat /proc/cmdline
console=ttyO0,115200n8 earlyprintk rootwait ip=dhcp root=/dev/nfs rw nfsroot=128.247.105.47:/usr/workdir/filesys/linux/sdp2430,nolock,wsize=1024,rsize=1024 nohlt
/ # 
- 05:35:14 [INFO] Host: uname -a
- 05:35:15 [INFO] Target: 
uname -a
Linux GenericOMAP2430(FlattenedDeviceTree) 3.15.0-rc7-next-20140527-00002-g2679643 #1 SMP Wed May 28 05:31:21 CDT 2014 armv6l GNU/Linux
/ # 
- 05:35:15 [INFO] Host: cat /proc/mtd
- 05:35:15 [INFO] Target: 
cat /proc/mtd
dev:    size   erasesize  name
/ # 
- 05:35:21 [INFO] Host: export IPERFHOST=128.247.105.47
- 05:35:22 [INFO] Target: 
export IPERFHOST=128.247.105.47
/ # 
- 05:35:22 [INFO] Host: export NFS_SERVER=128.247.105.47
- 05:35:22 [INFO] Target: 
export NFS_SERVER=128.247.105.47
/ # 
- 05:35:22 [INFO] Host: export NFS_ROOT_PATH=/usr/workdir/filesys/linux/sdp2430
- 05:35:23 [INFO] Target: 
export NFS_ROOT_PATH=/usr/workdir/filesys/linux/sdp2430
/ # 
- 05:35:23 [INFO] Host: mkdir -p -m 777 /test
- 05:35:23 [INFO] Target: 
mkdir -p -m 777 /test
/ # 
- 05:35:23 [INFO] Host: cd /test
- 05:35:24 [INFO] Target: 
cd /test
/test # 
- 05:35:24 [INFO] Host: cat > test.sh << EOF
- 05:35:25 [INFO] Target: 
cat > test.sh << EOF
> 
- 05:35:25 [INFO] Host: failtest() {

- 05:35:25 [INFO] Target: 
failtest() {
> 
- 05:35:25 [INFO] Host:   echo 1 >&3

- 05:35:26 [INFO] Target: 
  echo 1 >&3
> 
- 05:35:26 [INFO] Host: }

- 05:35:27 [INFO] Target: 
}
> 
- 05:35:27 [INFO] Host: script=anonymous:anonymous@gtautoftp.gt.design.ti.com/anonymous/opentest/target-test-basic.sh_md5_5d260c597a39e144f6dea1bc54ee8584

- 05:35:37 [ERROR] On command: script=anonymous:anonymous@gtautoftp.gt.design.ti.com/anonymous/opentest/target-test-basic.sh_md5_5d260c597a39e144f6dea1bc54ee8584
 waiting for (?-mix:.*) >>> error: execution expired
- 05:35:37 [INFO] Target: 
script=anonymous:anonymous@gtautoftp.gt.design.ti.com/anonymous/opentest/targe

t-test-basic.sh_md5_5d260c597a39e144f6dea1bc54ee8584
> 
- 05:35:37 [INFO] Host: timeout=600

- 05:35:37 [INFO] Target: 
timeout=600
> 
- 05:35:37 [INFO] Host: 

- 05:35:38 [INFO] Target: 

> 
- 05:35:38 [INFO] Host: # Start of user's script logic

- 05:35:38 [INFO] Target: 
# Start of user's script logic
> 
- 05:35:38 [INFO] Host: 

- 05:35:39 [INFO] Target: 

> 
- 05:35:39 [INFO] Host: 

- 05:35:40 [INFO] Target: 

> 
- 05:35:40 [INFO] Host: mount -t proc proc /proc 2>/dev/null;

- 05:35:40 [INFO] Target: 
mount -t proc proc /proc 2>/dev/null;
> 
- 05:35:40 [INFO] Host: 

- 05:35:41 [INFO] Target: 

> 
- 05:35:41 [INFO] Host: mount -t sysfs sys /sys 2>/dev/null;

- 05:35:41 [INFO] Target: 
mount -t sysfs sys /sys 2>/dev/null;
> 
- 05:35:41 [INFO] Host: 

- 05:35:42 [INFO] Target: 

> 
- 05:35:42 [INFO] Host: mount -t debugfs none /sys/kernel/debug 2>/dev/null;

- 05:35:43 [INFO] Target: 
mount -t debugfs none /sys/kernel/debug 2>/dev/null;
> 
- 05:35:43 [INFO] Host: 

- 05:35:43 [INFO] Target: 

> 
- 05:35:43 [INFO] Host: echo 'cpuinfo:';cat /proc/cpuinfo; echo '=======';

- 05:35:44 [INFO] Target: 
echo 'cpuinfo:';cat /proc/cpuinfo; echo '=======';
> 
- 05:35:44 [INFO] Host: 

- 05:35:44 [INFO] Target: 

> 
- 05:35:44 [INFO] Host: echo 'soc info:';head /sys/devices/soc0/* 2>/dev/null; echo '=======';

- 05:35:45 [INFO] Target: 
[   39.677307] random: nonblocking pool is initialized
echo 'soc info:';head /sys/devices/soc0/* 2>/dev/null; echo '=======';
> 
- 05:35:45 [INFO] Host: 

- 05:35:45 [INFO] Target: 

> 
- 05:35:46 [INFO] Host: echo 'interrupts:';cat /proc/interrupts; echo '=======';

- 05:35:46 [INFO] Target: 
echo 'interrupts:';cat /proc/interrupts; echo '=======';
> 
- 05:35:46 [INFO] Host: 

- 05:35:47 [INFO] Target: 

> 
- 05:35:47 [INFO] Host: echo 'Clk_summary:';cat /sys/kernel/debug/clk/clk_summary; echo '=======';

- 05:35:47 [INFO] Target: 
echo 'Clk_summary:';cat /sys/kernel/debug/clk/clk_summary; echo '=======';
> 
- 05:35:47 [INFO] Host: 

- 05:35:48 [INFO] Target: 

> 
- 05:35:48 [INFO] Host: echo 'Orphan Clks:';ls /sys/kernel/debug/clk/orphans/; echo '=======';

- 05:35:48 [INFO] Target: 
echo 'Orphan Clks:';ls /sys/kernel/debug/clk/orphans/; echo '=======';
> 
- 05:35:48 [INFO] Host: 

- 05:35:49 [INFO] Target: 

> 
- 05:35:49 [INFO] Host: echo 'H''ello World' 'B''oard Booted';

- 05:35:50 [INFO] Target: 
echo 'H''ello World' 'B''oard Booted';
> 
- 05:35:50 [INFO] Host: 

- 05:35:50 [INFO] Target: 

> 
- 05:35:50 [INFO] Host: EOF
- 05:35:51 [INFO] Target: 
EOF
/test # 
- 05:35:51 [INFO] Host: cd /test
- 05:35:51 [INFO] Target: 
cd /test
/test # 
- 05:35:51 [INFO] Host: chmod +x test.sh
- 05:35:52 [INFO] Target: 
chmod +x test.sh
/test # 
- 05:35:52 [INFO] Host: ./test.sh 2> stderr.log > stdout.log 3> result.log
- 05:35:52 [INFO] Target: 
./test.sh 2> stderr.log > stdout.log 3> result.log
/test # 
- 05:35:53 [INFO] Host: echo $?
- 05:35:53 [INFO] Target: 
echo $?
0
/test # 
- 05:35:53 [INFO] Host: cd /test
- 05:35:54 [INFO] Target: 
cd /test
/test # 
- 05:35:54 [INFO] Host: cat stdout.log
- 05:35:55 [INFO] Target: 
cat stdout.log
cpuinfo:
processor	: 0
model name	: ARMv6-compatible processor rev 6 (v6l)
Features	: swp half thumb fastmult vfp edsp java 
CPU implementer	: 0x41
CPU architecture: 6TEJ
CPU variant	: 0x0
CPU part	: 0xb36
CPU revision	: 6

Hardware	: Generic OMAP2430 (Flattened Device Tree)
Revision	: 0000
Serial		: 0000000000000000
=======
soc info:
=======
interrupts:
           CPU0       
 23:          0      INTC   7  TWL4030-PIH
 28:          0      INTC  12  DMA
 29:          0      INTC  13  omap-dma-engine
 36:          0      INTC  20  gpmc
 53:        983      INTC  37  gp_timer
 72:          0      INTC  56  48070000.i2c
 73:        344      INTC  57  48072000.i2c
 88:       3728      INTC  72  OMAP UART0
 99:         13      INTC  83  mmc0
102:         13      INTC  86  mmc1
261:       4252      GPIO  21  eth0
274:          0   twl4030   0  twl4030_gpio
279:          0   twl4030   5  twl4030_power
282:          0   twl4030   8  twl4030_pwrbutton
285:          0   twl4030  11  rtc0
IPI0:          0  CPU wakeup interrupts
IPI1:          0  Timer broadcast interrupts
IPI2:          0  Rescheduling interrupts
IPI3:          0  Function call interrupts
IPI4:          0  Single function call interrupts
IPI5:          0  CPU stop interrupts
IPI6:          0  IRQ work interrupts
IPI7:          0  completion interrupts
Err:          0
=======
Clk_summary:
   clock                         enable_cnt  prepare_cnt        rate   accuracy
--------------------------------------------------------------------------------
 mcbsp_clks                               0            5           0          0
 alt_ck                                   0            0    54000000          0
 osc_ck                                   1            1    26000000          0
    mdm_osc_ck                            0            0    26000000          0
    sys_ck                                8           10    13000000          0
       icr_ick                            0            0    13000000          0
       omapctrl_ick                       1            1    13000000          0
       wdt1_ick                           0            0    13000000          0
       sync_32k_ick                       2            2    13000000          0
       mpu_wdt_ick                        1            1    13000000          0
       gpios_ick                          4            4    13000000          0
       gpt2_fck                           0            1    13000000          0
       gpt1_ick                           1            1    13000000          0
       dss2_fck                           0            1    13000000          0
       apll54_ck                          1            2           0          0
          func_54m_ck                     0            1           0          0
             dss_54m_fck                  0            2           0          0
             emul_ck                      0            0           0          0
             sys_clkout_src               0            0           0          0
                sys_clkout                0            0           0          0
       apll96_ck                          2            3    96000000          0
          func_48m_ck                     3            7    48000000          0
             usb_fck                      0            0    48000000          0
             uart3_fck                    1            1    48000000          0
             uart2_fck                    1            1    48000000          0
             uart1_fck                    1            1    48000000          0
             mcspi3_fck                   0            1    48000000          0
             mcspi2_fck                   0            1    48000000          0
             mcspi1_fck                   0            1    48000000          0
             func_12m_ck                  0            1    12000000          0
                hdq_fck                   0            1    12000000          0
                fac_fck                   0            0    12000000          0
          func_96m_ck                     0           14    96000000          0
             mmchs2_fck                   0            1    96000000          0
             mmchs1_fck                   0            1    96000000          0
             i2chs2_fck                   0            1    96000000          0
             i2chs1_fck                   0            1    96000000          0
             mspro_fck                    0            0    96000000          0
             cam_fck                      0            0    96000000          0
             mcbsp5_fck                   0            1    96000000          0
             mcbsp4_fck                   0            1    96000000          0
             mcbsp3_fck                   0            1    96000000          0
             mcbsp2_fck                   0            1    96000000          0
             mcbsp1_fck                   0            1    96000000          0
       dpll_ck                            1            1   660000000          0
          core_ck                         1            4   660000000          0
             ssi_ssr_sst_fck              0            0   132000000          0
             core_l3_ck                   9           11   165000000          0
                usbhs_ick                 0            1   165000000          0
                sdrc_ick                  1            1   165000000          0
                sdma_ick                  1            1   165000000          0
                sdma_fck                  0            0   165000000          0
                gpmc_fck                  2            2   165000000          0
                l4_ck                    32           36    82500000          0
                   mdm_intc_ick           0            0    82500000          0
                   gpio5_ick              1            1    82500000          0
                   mmchs2_ick             1            1    82500000          0
                   mmchs1_ick             1            1    82500000          0
                   pka_ick                0            0    82500000          0
                   aes_ick                1            1    82500000          0
                   rng_ick                1            1    82500000          0
                   sha_ick                1            1    82500000          0
                   des_ick                0            0    82500000          0
                   i2c2_ick               1            1    82500000          0
                   i2c1_ick               1            1    82500000          0
                   hdq_ick                0            1    82500000          0
                   fac_ick                0            0    82500000          0
                   mspro_ick              0            0    82500000          0
                   wdt4_ick               0            0    82500000          0
                   mailboxes_ick           0            1    82500000          0
                   cam_ick                0            0    82500000          0
                   uart3_ick              1            1    82500000          0
                   uart2_ick              1            1    82500000          0
                   uart1_ick              1            1    82500000          0
                   mcspi3_ick             1            1    82500000          0
                   mcspi2_ick             1            1    82500000          0
                   mcspi1_ick             1            1    82500000          0
                   mcbsp5_ick             1            1    82500000          0
                   mcbsp4_ick             1            1    82500000          0
                   mcbsp3_ick             1            1    82500000          0
                   mcbsp2_ick             1            1    82500000          0
                   mcbsp1_ick             1            1    82500000          0
                   gpt12_ick              1            1    82500000          0
                   gpt11_ick              1            1    82500000          0
                   gpt10_ick              1            1    82500000          0
                   gpt9_ick               1            1    82500000          0
                   gpt8_ick               1            1    82500000          0
                   gpt7_ick               1            1    82500000          0
                   gpt6_ick               1            1    82500000          0
                   gpt5_ick               1            1    82500000          0
                   gpt4_ick               1            1    82500000          0
                   gpt3_ick               1            1    82500000          0
                   gpt2_ick               1            1    82500000          0
                   ssi_l4_ick             0            0    82500000          0
                   dss_ick                3            5    82500000          0
                usb_l4_ick                1            1    41250000          0
                gfx_3d_fck                0            0    82500000          0
                gfx_2d_fck                0            0    82500000          0
                gfx_ick                   0            0   165000000          0
             dss1_fck                     0            3    41250000          0
             mdm_ick                      0            0   110000000          0
             dsp_fck                      0            1   330000000          0
                iva2_1_ick                0            0   165000000          0
             mpu_ck                       0            1   330000000          0
                virt_prcm_set             0            0           0          0
 secure_32k_ck                            0            0       32768          0
 func_32k_ck                              3           17       32768          0
    gpt1_fck                              1            1       32768          0
    mmchsdb2_fck                          0            1       32768          0
    mmchsdb1_fck                          0            1       32768          0
    gpio5_fck                             1            1       32768          0
    wdt4_fck                              0            0       32768          0
    mpu_wdt_fck                           0            1       32768          0
    gpios_fck                             0            4       32768          0
    gpt12_fck                             0            1       32768          0
    gpt11_fck                             0            1       32768          0
    gpt10_fck                             0            1       32768          0
    gpt9_fck                              0            1       32768          0
    gpt8_fck                              0            1       32768          0
    gpt7_fck                              0            1       32768          0
    gpt6_fck                              0            1       32768          0
    gpt5_fck                              0            1       32768          0
    gpt4_fck                              0            1       32768          0
    gpt3_fck                              0            1       32768          0
=======
Orphan Clks:
=======
Hello World Board Booted
/test # 
- 05:35:55 [INFO] Host: cat stderr.log
- 05:35:56 [INFO] Target: 
cat stderr.log
/test # 
- 05:35:56 [INFO] Host: cat result.log
- 05:35:58 [ERROR] On command: cat result.log waiting for (?m-ix:^1[\0\n\r]+) >>> error: execution expired
- 05:35:58 [INFO] Target: 
cat result.log
/test # 
- 05:35:58 [INFO] Host: cd /test
- 05:35:59 [INFO] Target: 
cd /test
/test # 
