- 05:38:30 [INFO] Starting target session
- 05:38:30 [INFO] Connected to sdp2430 via serial 
- 05:38:30 [INFO] Host: #check prompt
- 05:38:33 [ERROR] On command: #check prompt waiting for (?-mix:((?-mix:activate this console)|[Pp]assword)) >>> error: execution expired
- 05:38:33 [INFO] Target: 
#check prompt
/test # 
- 05:38:33 [INFO] Host: #check prompt
- 05:38:33 [INFO] Target: 
#check prompt
/test # 
- 05:38:33 [INFO] Host: sync;poweroff
- 05:38:36 [INFO] Target: 
sync;poweroff
/test # umount: devtmpfs busy - remounted read-only
umount: can't remount 128.247.105.47:/usr/workdir/filesys/linux/sdp2430 read-only
umount: can't remount rootfs read-only
The system is going down NOW!
Sent SIGTERM to all processes
Sent SIGKILL to all processes
Requesting system poweroff
[12611.062255] reboot: System halted
- 05:38:36 [INFO] Disconnected serial from sdp2430
- 05:38:37 [INFO] Connected to sdp2430 via serial 
- 05:38:37 [INFO] Host: 
- 05:38:38 [ERROR] On command:  waiting for (?-mix:OMAP243X\sSDP\s#) >>> error: execution expired
- 05:38:38 [INFO] Target: 
- 05:38:38 [INFO] Host: 
- 05:38:38 [ERROR] On command:  waiting for (?-mix:OMAP243X\sSDP\s#) >>> error: execution expired
- 05:38:38 [INFO] Target: 
U-Boot 1.1.3 (Mar  2 2007 - 11:17:49)
U-Boot code: 80E80000 -> 80EA2A4C  BSS: -> 80EA8BF0
OMAP2430C-GP revision 3, PRCM #2
TI 2430SDP 0.1 Version + mDDR (Boot NOR)
RAM Configuration:
Bank #0: 80000000 128 MB
Bank #1: 88000000  0 kB
Flash: 192 MB
NAND:64 MB
- 05:38:39 [INFO] Host: 
- 05:38:39 [INFO] Target: 
OMAP243X SDP # 
- 05:38:39 [INFO] Host: version
- 05:38:40 [INFO] Target: 
version
U-Boot 1.1.3 (Mar  2 2007 - 11:17:49)
OMAP243X SDP # 
- 05:38:40 [INFO] Host: bdinfo
- 05:38:40 [INFO] Target: 
bdinfo
arch_number = 0x00000384
env_t       = 0x00000000
boot_params = 0x80000100
DRAM bank   = 0x00000000
-> start    = 0x80000000
-> size     = 0x08000000
DRAM bank   = 0x00000001
-> start    = 0x88000000
-> size     = 0x00000000
ethaddr     = 08:00:28:01:01:A0
ip_addr     = 128.247.91.37
baudrate    = 115200 bps
OMAP243X SDP # 
- 05:38:41 [INFO] Host: printenv
- 05:38:41 [INFO] Target: 
printenv
bootdelay=3
baudrate=115200
ethaddr=08:00:28:01:01:A0
bootcmd=dhcp;bootm
bootfile=/tftpboot/kernel/uImage.omap2430-sdp
gatewayip=128.247.90.1
netmask=255.255.254.0
hostname=dhcp-128-247-91-37
ipaddr=128.247.91.37
serverip=128.247.91.123
bootargs=console=ttyO0,115200n8 noinitrd debug ignore_loglevel earlyprintk ip=dhcp root=/dev/nfs rw nfsroot=128.247.91.123:/nfs/sdp2430/,nolock,wsize=1024,rsize=1024 rootwait init=/bin/sh nohlt
stdin=serial
stdout=serial
stderr=serial
Environment size: 472/131068 bytes
OMAP243X SDP # 
- 05:38:41 [INFO] Host: setenv autoload 'no'
- 05:38:42 [INFO] Target: 
setenv autoload 'no'
OMAP243X SDP # 
- 05:38:42 [INFO] Host: dhcp
- 05:38:43 [INFO] Target: 
dhcp
Using MAC Address 08:00:28:01:01:A0
BOOTP broadcast 1
DHCP client bound to address 192.168.1.188
OMAP243X SDP # 
- 05:38:43 [INFO] Host: setenv serverip 128.247.105.47
- 05:38:44 [INFO] Target: 
setenv serverip 128.247.105.47
OMAP243X SDP # 
- 05:38:44 [INFO] Host: setenv bootargs 'console=ttyO0,115200n8 earlyprintk rootwait ip=dhcp root=/dev/nfs rw nfsroot=128.247.105.47:/usr/workdir/filesys/linux/sdp2430,nolock,wsize=1024,rsize=1024 nohlt'
- 05:38:45 [INFO] Target: 
setenv bootargs 'console=ttyO0,115200n8 earlyprintk rootwait ip=dhcp root=/dev/nfs rw nfsroot=128.247.105.47:/usr/workdir/filesys/linux/sdp2430,nolock,wsize=1024,rsize=1024 nohlt'
OMAP243X SDP # 
- 05:38:45 [INFO] Host: setenv bootfile vatf_5/8ade4d7e7d7c3d5b746ca069bceb8b6d
- 05:38:45 [INFO] Target: 
setenv bootfile vatf_5/8ade4d7e7d7c3d5b746ca069bceb8b6d
OMAP243X SDP # 
- 05:38:45 [INFO] Host: setenv bootcmd 'tftp ${loadaddr};bootm ${loadaddr}'
- 05:38:46 [INFO] Target: 
setenv bootcmd 'tftp ${loadaddr};bootm ${loadaddr}'
OMAP243X SDP # 
- 05:38:46 [INFO] Host: printenv
- 05:38:46 [INFO] Target: 
printenv
bootdelay=3
baudrate=115200
ethaddr=08:00:28:01:01:A0
hostname=dhcp-128-247-91-37
stdin=serial
stdout=serial
stderr=serial
autoload=no
gatewayip=192.168.1.254
netmask=255.255.255.0
ipaddr=192.168.1.188
serverip=128.247.105.47
bootargs=console=ttyO0,115200n8 earlyprintk rootwait ip=dhcp root=/dev/nfs rw nfsroot=128.247.105.47:/usr/workdir/filesys/linux/sdp2430,nolock,wsize=1024,rsize=1024 nohlt
bootfile=vatf_5/8ade4d7e7d7c3d5b746ca069bceb8b6d
bootcmd=tftp ${loadaddr};bootm ${loadaddr}
Environment size: 489/131068 bytes
OMAP243X SDP # 
- 05:38:46 [INFO] Host: boot
- 05:39:08 [INFO] Target: 
boot
Using MAC Address 08:00:28:01:01:A0
TFTP from server 128.247.105.47; our IP address is 192.168.1.188; sending through gateway 192.168.1.254
Filename 'vatf_5/8ade4d7e7d7c3d5b746ca069bceb8b6d'.
Load address: 0x80000000
Loading: *#################################################################
	 #################################################################
	 #################################################################
	 #################################################################
	 #################################################################
	 #################################################################
	 #################################################################
	 #################################################################
	 #################################################################
	 #################################################################
	 #################################################################
	 #################################################################
	 #################################################################
	 #################################################################
	 ############################
done
Bytes transferred = 4798180 (4936e4 hex)
## Booting image at 80000000 ...
   Image Name:   Linux-3.18.0-rc1-next-20141027-0
   Image Type:   ARM Linux Kernel Image (uncompressed)
   Data Size:    4798116 Bytes =  4.6 MB
   Load Address: 80800000
   Entry Point:  80800000
   Verifying Checksum ... OK
Starting kernel ...
[    0.000000] Booting Linux on physical CPU 0x0
[    0.000000] Initializing cgroup subsys cpuset
[    0.000000] Initializing cgroup subsys cpu
[    0.000000] Initializing cgroup subsys cpuacct
[    0.000000] Linux version 3.18.0-rc1-next-20141027-00002-g7830238 (nmenon@kahuna) (gcc version 4.6.3 (Ubuntu/Linaro 4.6.3-1ubuntu5) ) #1 SMP Mon Oct 27 05:35:12 CDT 2014
[    0.000000] CPU: ARMv6-compatible processor [4107b366] revision 6 (ARMv6TEJ), cr=00c5387d
[    0.000000] CPU: VIPT aliasing data cache, VIPT aliasing instruction cache
[    0.000000] Machine model: TI OMAP2430 SDP
[    0.000000] cma: Reserved 16 MiB at 0x86800000
[    0.000000] Memory policy: Data cache writeback
[    0.000000]   HighMem zone: 1048574 pages exceeds freesize 0
[    0.000000] CPU: All CPU(s) started in SVC mode.
[    0.000000] OMAP2430
[    0.000000] 
[    0.000000] PERCPU: Embedded 11 pages/cpu @c7d91000 s14976 r8192 d21888 u45056
[    0.000000] Built 1 zonelists in Zone order, mobility grouping on.  Total pages: 32256
[    0.000000] Kernel command line: console=ttyO0,115200n8 earlyprintk rootwait ip=dhcp root=/dev/nfs rw nfsroot=128.247.105.47:/usr/workdir/filesys/linux/sdp2430,nolock,wsize=1024,rsize=1024 nohlt
[    0.000000] PID hash table entries: 512 (order: -1, 2048 bytes)
[    0.000000] Dentry cache hash table entries: 16384 (order: 4, 65536 bytes)
[    0.000000] Inode-cache hash table entries: 8192 (order: 3, 32768 bytes)
[    0.000000] allocated 130048 bytes of page_cgroup
[    0.000000] please try 'cgroup_disable=memory' option if you don't want memory cgroups
[    0.000000] Memory: 93940K/130048K available (6281K kernel code, 684K rwdata, 2324K rodata, 424K init, 8262K bss, 19724K reserved, 16384K cma-reserved, 0K highmem)
[    0.000000] Virtual kernel memory layout:
[    0.000000]     vector  : 0xffff0000 - 0xffff1000   (   4 kB)
[    0.000000]     fixmap  : 0xffc00000 - 0xffe00000   (2048 kB)
[    0.000000]     vmalloc : 0xc8800000 - 0xff000000   ( 872 MB)
[    0.000000]     lowmem  : 0xc0000000 - 0xc8000000   ( 128 MB)
[    0.000000]     pkmap   : 0xbfe00000 - 0xc0000000   (   2 MB)
[    0.000000]     modules : 0xbf000000 - 0xbfe00000   (  14 MB)
[    0.000000]       .text : 0xc0008000 - 0xc086fa1c   (8607 kB)
[    0.000000]       .init : 0xc0870000 - 0xc08da000   ( 424 kB)
[    0.000000]       .data : 0xc08da000 - 0xc0985298   ( 685 kB)
[    0.000000]        .bss : 0xc0985298 - 0xc1196aa0   (8263 kB)
[    0.000000] Hierarchical RCU implementation.
[    0.000000] 	RCU restricting CPUs from NR_CPUS=2 to nr_cpu_ids=1.
[    0.000000] RCU: Adjusting geometry for rcu_fanout_leaf=16, nr_cpu_ids=1
[    0.000000] NR_IRQS:16 nr_irqs:16 16
[    0.000000] IRQ: Found an INTC at 0xfa0fe000 (revision 3.0) with 96 interrupts
[    0.000000] Clocking rate (Crystal/DPLL/MPU): 13.0/660/330 MHz
[    0.000000] OMAP clockevent source: timer1 at 32768 Hz
[    0.000030] sched_clock: 32 bits at 32kHz, resolution 30517ns, wraps every 65536000000000ns
[    0.000091] OMAP clocksource: 32k_counter at 32768 Hz
[    0.000488] hw-breakpoint: CPUID feature registers not supported. Assuming v6 debug is present.
[    0.002380] Console: colour dummy device 80x30
[    0.002532] Lock dependency validator: Copyright (c) 2006 Red Hat, Inc., Ingo Molnar
[    0.002563] ... MAX_LOCKDEP_SUBCLASSES:  8
[    0.002593] ... MAX_LOCK_DEPTH:          48
[    0.002593] ... MAX_LOCKDEP_KEYS:        8191
[    0.002624] ... CLASSHASH_SIZE:          4096
[    0.002655] ... MAX_LOCKDEP_ENTRIES:     32768
[    0.002685] ... MAX_LOCKDEP_CHAINS:      65536
[    0.002685] ... CHAINHASH_SIZE:          32768
[    0.002716]  memory used by lock dependency info: 5167 kB
[    0.002746]  per task-struct memory footprint: 1152 bytes
[    0.002807] Calibrating delay loop... 326.86 BogoMIPS (lpj=1634304)
[    0.125976] pid_max: default: 32768 minimum: 301
[    0.126953] Security Framework initialized
[    0.127441] Mount-cache hash table entries: 1024 (order: 0, 4096 bytes)
[    0.127502] Mountpoint-cache hash table entries: 1024 (order: 0, 4096 bytes)
[    0.135467] Initializing cgroup subsys memory
[    0.135681] Initializing cgroup subsys devices
[    0.136077] Initializing cgroup subsys freezer
[    0.136352] Initializing cgroup subsys blkio
[    0.136596] Initializing cgroup subsys perf_event
[    0.136840] CPU: Testing write buffer coherency: ok
[    0.140624] missing device node for CPU 0
[    0.140655] CPU0: thread -1, cpu 0, socket -1, mpidr 4107b366
[    0.140899] Setting up static identity map for 0x805f46d8 - 0x805f4748
[    0.151885] Brought up 1 CPUs
[    0.151947] SMP: Total of 1 processors activated.
[    0.151977] CPU: All CPU(s) started in SVC mode.
[    0.161651] devtmpfs: initialized
[    0.168212] VFP support v0.3: implementor 41 architecture 1 part 20 variant b rev 2
[    0.260711] omap_hwmod: usb_otg_hs: cannot be enabled for reset (3)
[    0.289489] pinctrl core: initialized pinctrl subsystem
[    0.297424] regulator-dummy: no parameters
[    0.422485] NET: Registered protocol family 16
[    0.440643] DMA: preallocated 256 KiB pool for atomic coherent allocations
[    0.446899] cpuidle: using governor ladder
[    0.446960] cpuidle: using governor menu
[    0.504760] omap_gpio 4900c000.gpio: Could not get gpio dbck
[    0.510528] OMAP GPIO hardware version 2.4
[    0.512969] omap_gpio 4900e000.gpio: Could not get gpio dbck
[    0.518920] omap_gpio 49010000.gpio: Could not get gpio dbck
[    0.524322] omap_gpio 49012000.gpio: Could not get gpio dbck
[    0.529907] omap_gpio 480b6000.gpio: Could not get gpio dbck
[    0.535797] omap-gpmc 6e000000.gpmc: GPMC revision 3.0
[    0.536865] omap-gpmc 6e000000.gpmc: ethernet using bootloader timings on CS5
[    0.549163] No ATAGs?
[    0.549316] hw-breakpoint: found 6 breakpoint and 1 watchpoint registers.
[    0.549377] hw-breakpoint: maximum watchpoint size is 4 bytes.
[    0.554687] OMAP DMA hardware revision 4.0
[    0.618377] edma-dma-engine edma-dma-engine.0: Can't allocate PaRAM dummy slot
[    0.618530] edma-dma-engine: probe of edma-dma-engine.0 failed with error -22
[    0.725799] omap-dma-engine 48056000.dma-controller: OMAP DMA engine driver
[    0.736877] SCSI subsystem initialized
[    0.739105] usbcore: registered new interface driver usbfs
[    0.739562] usbcore: registered new interface driver hub
[    0.739929] usbcore: registered new device driver usb
[    0.748168] omap_i2c 48070000.i2c: bus 0 rev3.3 at 100 kHz
[    0.759460] omap_i2c 48072000.i2c: bus 1 rev3.3 at 100 kHz
[    0.772735] Switched to clocksource 32k_counter
[    1.208618] NET: Registered protocol family 2
[    1.213989] TCP established hash table entries: 1024 (order: 0, 4096 bytes)
[    1.214416] TCP bind hash table entries: 1024 (order: 3, 36864 bytes)
[    1.215545] TCP: Hash tables configured (established 1024 bind 1024)
[    1.215972] TCP: reno registered
[    1.216033] UDP hash table entries: 256 (order: 2, 20480 bytes)
[    1.216674] UDP-Lite hash table entries: 256 (order: 2, 20480 bytes)
[    1.220092] NET: Registered protocol family 1
[    1.224426] RPC: Registered named UNIX socket transport module.
[    1.224487] RPC: Registered udp transport module.
[    1.224517] RPC: Registered tcp transport module.
[    1.224548] RPC: Registered tcp NFSv4.1 backchannel transport module.
[    1.228149] hw perfevents: enabled with armv6_1136 PMU driver, 3 counters available
[    1.243682] futex hash table entries: 256 (order: 2, 16384 bytes)
[    1.244262] audit: initializing netlink subsys (disabled)
[    1.244750] audit: type=2000 audit(1.230:1): initialized
[    1.256408] VFS: Disk quotas dquot_6.5.2
[    1.256805] Dquot-cache hash table entries: 1024 (order 0, 4096 bytes)
[    1.263824] NFS: Registering the id_resolver key type
[    1.264923] Key type id_resolver registered
[    1.264984] Key type id_legacy registered
[    1.265533] jffs2: version 2.2. (NAND) (SUMMARY)   2001-2006 Red Hat, Inc.
[    1.282775] io scheduler noop registered
[    1.282867] io scheduler deadline registered
[    1.283111] io scheduler cfq registered (default)
[    1.290863] pinctrl-single 49002030.pinmux: 340 pins at pa fb002030 size 340
[    1.300292] pbias_mmc_omap2430: 1800 <--> 3000 mV at 3000 mV 
[    1.305480] Serial: 8250/16550 driver, 4 ports, IRQ sharing enabled
[    1.322753] omap_uart 4806a000.serial: no wakeirq for uart0
[    1.324157] omap_uart 4806a000.serial: ttyO0 at MMIO 0x4806a000 (irq = 29, base_baud = 3000000) is a OMAP UART0
[    2.123687] console [ttyO0] enabled
[    2.133880] omap_uart 4806c000.serial: no wakeirq for uart0
[    2.140563] omap_uart 4806c000.serial: ttyO1 at MMIO 0x4806c000 (irq = 30, base_baud = 3000000) is a OMAP UART1
[    2.154785] omap_uart 4806e000.serial: no wakeirq for uart0
[    2.161376] omap_uart 4806e000.serial: ttyO2 at MMIO 0x4806e000 (irq = 31, base_baud = 3000000) is a OMAP UART2
[    2.179626] omap_rng 480a0000.rng: OMAP Random Number Generator ver. 50
[    2.251892] brd: module loaded
[    2.294281] loop: module loaded
[    2.329895] twl 1-0048: PIH (irq 216) chaining IRQs 217..225
[    2.337036] twl 1-0048: power (irq 222) chaining IRQs 225..232
[    2.357818] VAUX1: at 3000 mV 
[    2.368255] VAUX2_4030: at 2800 mV 
[    2.378784] VAUX3: at 2800 mV 
[    2.388519] VAUX4: at 1200 mV 
[    2.398315] VDD1: 600 <--> 1450 mV at 1300 mV 
[    2.409515] VDAC: 1800 mV 
[    2.422058] VIO: at 1800 mV 
[    2.432952] VINTANA1: 1500 mV 
[    2.443725] VINTANA2: at 2750 mV 
[    2.454833] VINTDIG: 1500 mV 
[    2.463653] VMMC1: 1850 <--> 3150 mV at 1850 mV 
[    2.475219] VMMC2: 1850 <--> 3150 mV at 2600 mV 
[    2.485595] VUSB1V5: 1500 mV 
[    2.493316] VUSB1V8: 1800 mV 
[    2.501007] VUSB3V1: 3100 mV 
[    2.511810] VPLL1: at 1300 mV 
[    2.523986] VPLL2: 1800 mV 
[    2.533721] VSIM: 1800 <--> 3000 mV at 1800 mV 
[    2.544281] twl4030_gpio twl4030-gpio: gpio (irq 217) chaining IRQs 233..250
[    2.579162] mtdoops: mtd device (mtddev=name/number) must be supplied
[    2.600708] smc91x.c: v1.1, sep 22 2004 by Nicolas Pitre <nico@fluxnic.net>
[    2.614349] smc91x 8000300.ethernet eth0: SMC91C94 (rev 9) at c887a300 IRQ 197
[    2.621978] 
[    2.623718] smc91x 8000300.ethernet eth0: Ethernet addr: 08:00:28:01:01:a0
[    2.635803] usbcore: registered new interface driver asix
[    2.641906] usbcore: registered new interface driver ax88179_178a
[    2.648895] usbcore: registered new interface driver cdc_ether
[    2.655792] usbcore: registered new interface driver smsc95xx
[    2.662231] usbcore: registered new interface driver net1080
[    2.668792] usbcore: registered new interface driver cdc_subset
[    2.675537] usbcore: registered new interface driver zaurus
[    2.682067] usbcore: registered new interface driver cdc_ncm
[    2.691192] usbcore: registered new interface driver cdc_wdm
[    2.697875] usbcore: registered new interface driver usb-storage
[    2.704925] usbcore: registered new interface driver usbtest
[    2.717254] mousedev: PS/2 mouse device common for all mice
[    2.725891] twl4030_keypad 48072000.i2c:twl@48:keypad: OF: linux,keymap property not defined in /ocp/i2c@48072000/twl@48/keypad
[    2.738159] twl4030_keypad 48072000.i2c:twl@48:keypad: Failed to build keymap
[    2.746002] twl4030_keypad: probe of 48072000.i2c:twl@48:keypad failed with error -2
[    2.763275] input: twl4030_pwrbutton as /devices/ocp/48072000.i2c/i2c-1/1-0048/48072000.i2c:twl@48:pwrbutton/input/input1
[    2.782470] twl_rtc 48072000.i2c:twl@48:rtc: Power up reset detected.
[    2.789947] twl_rtc 48072000.i2c:twl@48:rtc: Enabling TWL-RTC
[    2.809631] twl_rtc 48072000.i2c:twl@48:rtc: rtc core: registered 48072000.i2c:twl@48 as rtc0
[    2.822021] i2c /dev entries driver
[    2.831359] Driver for 1-wire Dallas network protocol.
[    2.904357] 480b4000.mmc supply vmmc not found, using dummy regulator
[    2.911926] omap_hsmmc 480b4000.mmc: could not set regulator OCR (-22)
[    2.920043] omap_hsmmc 480b4000.mmc: could not set regulator OCR (-22)
[    2.964874] ledtrig-cpu: registered to indicate activity on CPUs
[    2.972869] usbcore: registered new interface driver usbhid
[    2.978790] usbhid: USB HID core driver
[    2.987365] oprofile: using arm/armv6
[    2.993316] TCP: cubic registered
[    2.996917] Initializing XFRM netlink socket
[    3.002838] NET: Registered protocol family 10
[    3.016540] sit: IPv6 over IPv4 tunneling driver
[    3.027618] NET: Registered protocol family 17
[    3.032684] NET: Registered protocol family 15
[    3.038543] Key type dns_resolver registered
[    3.043731] SmartReflex Class3 initialized
[    3.076995] twl_rtc 48072000.i2c:twl@48:rtc: setting system clock to 2000-01-01 00:00:00 UTC (946684800)
[    3.087219] sr_init: No PMIC hook to init smartreflex
[    3.093383] sr_init: platform driver register failed for SR
[    3.207550] smc91x 8000300.ethernet eth0: link up
[    3.236785] Sending DHCP requests ., OK
[    3.293121] IP-Config: Got DHCP answer from 192.168.1.254, my address is 192.168.1.188
[    3.303009] IP-Config: Complete:
[    3.306457]      device=eth0, hwaddr=08:00:28:01:01:a0, ipaddr=192.168.1.188, mask=255.255.255.0, gw=192.168.1.254
[    3.317474]      host=192.168.1.188, domain=ti.com, nis-domain=(none)
[    3.324371]      bootserver=192.168.1.254, rootserver=128.247.105.47, rootpath=
[    3.331909]      nameserver0=192.0.2.2, nameserver1=192.0.2.3
[    3.342681] VUSB3V1: disabling
[    3.400726] VFS: Mounted root (nfs filesystem) on device 0:13.
[    3.410644] devtmpfs: mounted
[    3.416290] Freeing unused kernel memory: 424K (c0870000 - c08da000)
Mounting proc : OK
Mounting sysfs : OK
Mounting devtmpfs:mount: mounting none on /dev failed: Device or resource busy
boot mounted: OK
/dev/ttyO0 linked to /dev/tty-bd - using as console
******************************************
Starting System Init for GenericOMAP2430(FlattenedDeviceTree)
Release: X.x
Kernel: Linux GenericOMAP2430(FlattenedDeviceTree) 3.18.0-rc1-next-20141027-00002-g7830238 #1 SMP Mon Oct 27 05:35:12 CDT 2014 armv6l GNU/Linux
******************************************
Saving kernel ring buffer : OK
Mounting devpts : OK
Setting up networking
Configuring lo : OK
Configuring eth0 : OK - 192.168.1.188
Starting telnetd : OK
Starting syslogd : OK
Starting klogd : OK
Mounting filesystems : OK
mount: mounting none on /proc/bus/usb/ failed: No such file or directory
Please press Enter to activate this console. 
- 05:39:08 [INFO] Host: root
- 05:39:08 [INFO] Target: 
root
/ # 
- 05:39:08 [INFO] Host: uname -a
- 05:39:09 [INFO] Target: 
uname -a
Linux GenericOMAP2430(FlattenedDeviceTree) 3.18.0-rc1-next-20141027-00002-g7830238 #1 SMP Mon Oct 27 05:35:12 CDT 2014 armv6l GNU/Linux
/ # 
- 05:39:09 [INFO] Host: cat /proc/cmdline
- 05:39:09 [INFO] Target: 
cat /proc/cmdline
console=ttyO0,115200n8 earlyprintk rootwait ip=dhcp root=/dev/nfs rw nfsroot=128.247.105.47:/usr/workdir/filesys/linux/sdp2430,nolock,wsize=1024,rsize=1024 nohlt
/ # 
- 05:39:09 [INFO] Host: uname -a
- 05:39:10 [INFO] Target: 
uname -a
Linux GenericOMAP2430(FlattenedDeviceTree) 3.18.0-rc1-next-20141027-00002-g7830238 #1 SMP Mon Oct 27 05:35:12 CDT 2014 armv6l GNU/Linux
/ # 
- 05:39:10 [INFO] Host: cat /proc/mtd
- 05:39:11 [INFO] Target: 
cat /proc/mtd
dev:    size   erasesize  name
/ # 
- 05:39:19 [INFO] Host: export IPERFHOST=128.247.105.47
- 05:39:20 [INFO] Target: 
export IPERFHOST=128.247.105.47
/ # 
- 05:39:20 [INFO] Host: export NFS_SERVER=128.247.105.47
- 05:39:20 [INFO] Target: 
export NFS_SERVER=128.247.105.47
/ # 
- 05:39:20 [INFO] Host: export NFS_ROOT_PATH=/usr/workdir/filesys/linux/sdp2430
- 05:39:21 [INFO] Target: 
export NFS_ROOT_PATH=/usr/workdir/filesys/linux/sdp2430
/ # 
- 05:39:21 [INFO] Host: mkdir -p -m 777 /test
- 05:39:21 [INFO] Target: 
mkdir -p -m 777 /test
/ # 
- 05:39:21 [INFO] Host: cd /test
- 05:39:22 [INFO] Target: 
cd /test
/test # 
- 05:39:22 [INFO] Host: cat > test.sh << EOF
- 05:39:23 [INFO] Target: 
cat > test.sh << EOF
- 05:39:23 [INFO] Host: failtest() {
- 05:39:23 [INFO] Target: 
failtest() {
- 05:39:23 [INFO] Host:   echo 1 >&3
- 05:39:24 [INFO] Target: 
  echo 1 >&3
- 05:39:24 [INFO] Host: }
- 05:39:24 [INFO] Target: 
- 05:39:24 [INFO] Host: timeout=600
- 05:39:25 [INFO] Target: 
timeout=600
- 05:39:25 [INFO] Host: 
- 05:39:25 [INFO] Target: 
- 05:39:25 [INFO] Host: # Start of user's script logic
- 05:39:26 [INFO] Target: 
# Start of user's script logic
- 05:39:26 [INFO] Host: 
- 05:39:27 [INFO] Target: 
- 05:39:27 [INFO] Host: 
- 05:39:27 [INFO] Target: 
- 05:39:27 [INFO] Host: mount -t proc proc /proc 2>/dev/null;
- 05:39:28 [INFO] Target: 
mount -t proc proc /proc 2>/dev/null;
- 05:39:28 [INFO] Host: 
- 05:39:28 [INFO] Target: 
- 05:39:28 [INFO] Host: mount -t sysfs sys /sys 2>/dev/null;
- 05:39:29 [INFO] Target: 
mount -t sysfs sys /sys 2>/dev/null;
- 05:39:29 [INFO] Host: 
- 05:39:30 [INFO] Target: 
- 05:39:30 [INFO] Host: mount -t debugfs none /sys/kernel/debug 2>/dev/null;
- 05:39:30 [INFO] Target: 
mount -t debugfs none /sys/kernel/debug 2>/dev/null;
- 05:39:30 [INFO] Host: 
- 05:39:31 [INFO] Target: 
- 05:39:31 [INFO] Host: echo 'cpuinfo:';cat /proc/cpuinfo; echo '=======';
- 05:39:31 [INFO] Target: 
echo 'cpuinfo:';cat /proc/cpuinfo; echo '=======';
- 05:39:31 [INFO] Host: 
- 05:39:32 [INFO] Target: 
- 05:39:32 [INFO] Host: echo 'soc info:';head /sys/devices/soc0/* 2>/dev/null; echo '=======';
- 05:39:32 [INFO] Target: 
echo 'soc info:';head /sys/devices/soc0/* 2>/dev/null; echo '=======';
- 05:39:32 [INFO] Host: 
- 05:39:33 [INFO] Target: 
- 05:39:33 [INFO] Host: echo 'DT Model info'; head /proc/device-tree/name /proc/device-tree/model /proc/device-tree/compatible 2>/dev/null;echo; echo '=======';
- 05:39:34 [INFO] Target: 
echo 'DT Model info'; head /proc/device-tree/name /proc/device-[   32.670135] random: nonblocking pool is initialized
tree/model /pro
c/device-tree/compatible 2>/dev/null;echo; echo '=======';
- 05:39:34 [INFO] Host: 
- 05:39:34 [INFO] Target: 
- 05:39:34 [INFO] Host: echo 'interrupts:';cat /proc/interrupts; echo '=======';
- 05:39:35 [INFO] Target: 
echo 'interrupts:';cat /proc/interrupts; echo '=======';
- 05:39:35 [INFO] Host: 
- 05:39:35 [INFO] Target: 
- 05:39:35 [INFO] Host: echo 'Clk_summary:';cat /sys/kernel/debug/clk/clk_summary; echo '=======';
- 05:39:36 [INFO] Target: 
echo 'Clk_summary:';cat /sys/kernel/debug/clk/clk_summary; echo '=======';
- 05:39:36 [INFO] Host: 
- 05:39:37 [INFO] Target: 
- 05:39:37 [INFO] Host: echo 'Orphan Clks:';ls /sys/kernel/debug/clk/orphans/; echo '=======';
- 05:39:37 [INFO] Target: 
echo 'Orphan Clks:';ls /sys/kernel/debug/clk/orphans/; echo '=======';
- 05:39:37 [INFO] Host: 
- 05:39:38 [INFO] Target: 
- 05:39:38 [INFO] Host: echo "Available frequencies"; cat /sys/devices/system/cpu/cpu0/cpufreq/scaling_available_frequencies 2>/dev/null;echo '=======';
- 05:39:38 [INFO] Target: 
echo "Available frequencies"; cat /sys/devices/system/cpu/cpu0/cpufreq/scaling
_available_frequencies 2>/dev/null;echo '=======';
- 05:39:38 [INFO] Host: 
- 05:39:39 [INFO] Target: 
- 05:39:39 [INFO] Host: echo 'H''ello World' 'B''oard Booted';
- 05:39:39 [INFO] Target: 
echo 'H''ello World' 'B''oard Booted';
- 05:39:39 [INFO] Host: 
- 05:39:40 [INFO] Target: 
- 05:39:40 [INFO] Host: EOF
- 05:39:41 [INFO] Target: 
/test # 
- 05:39:41 [INFO] Host: cd /test
- 05:39:41 [INFO] Target: 
cd /test
/test # 
- 05:39:41 [INFO] Host: chmod +x test.sh
- 05:39:42 [INFO] Target: 
chmod +x test.sh
/test # 
- 05:39:42 [INFO] Host: ./test.sh 2> stderr.log > stdout.log 3> result.log
- 05:39:42 [INFO] Target: 
./test.sh 2> stderr.log > stdout.log 3> result.log
/test # 
- 05:39:42 [INFO] Host: echo $?
- 05:39:43 [INFO] Target: 
echo $?
/test # 
- 05:39:43 [INFO] Host: cd /test
- 05:39:44 [INFO] Target: 
cd /test
/test # 
- 05:39:44 [INFO] Host: cat stdout.log
- 05:39:45 [INFO] Target: 
cat stdout.log
cpuinfo:
processor	: 0
model name	: ARMv6-compatible processor rev 6 (v6l)
Features	: swp half thumb fastmult vfp edsp java 
CPU implementer	: 0x41
CPU architecture: 6TEJ
CPU variant	: 0x0
CPU part	: 0xb36
CPU revision	: 6
Hardware	: Generic OMAP2430 (Flattened Device Tree)
Revision	: 0000
Serial		: 0000000000000000
=======
soc info:
=======
DT Model info
==> /proc/device-tree/name <==
==> /proc/device-tree/model <==
TI OMAP2430 SDP
==> /proc/device-tree/compatible <==
ti,omap2430-sdpti,omap2430ti,omap2
=======
interrupts:
           CPU0       
 16:        975      INTC  37  gp_timer
 20:          0      INTC  13  omap-dma-engine
 23:          0      INTC  56  48070000.i2c
 24:        348      INTC  57  48072000.i2c
 28:          0      INTC  51  DMA
 29:       4549      INTC  72  OMAP UART0
197:       4235  480b6000.gpio  21  eth0
208:          0      INTC  20  gpmc
211:         13      INTC  83  mmc0
212:         13      INTC  86  mmc1
216:          0      INTC   7  TWL4030-PIH
217:          0   twl4030   0  twl4030_gpio
222:          0   twl4030   5  twl4030_power
225:          0   twl4030   8  twl4030_pwrbutton
228:          0   twl4030  11  rtc0
IPI0:          0  CPU wakeup interrupts
IPI1:          0  Timer broadcast interrupts
IPI2:          0  Rescheduling interrupts
IPI3:          0  Function call interrupts
IPI4:          0  Single function call interrupts
IPI5:          0  CPU stop interrupts
IPI6:          0  IRQ work interrupts
IPI7:          0  completion interrupts
Err:          0
=======
Clk_summary:
   clock                         enable_cnt  prepare_cnt        rate   accuracy   phase
----------------------------------------------------------------------------------------
 dummy_ck                                 0            0           0          0 0  
 mcbsp_clks                               0            5           0          0 0  
 alt_ck                                   0            0    54000000          0 0  
 virt_26m_ck                              0            0    26000000          0 0  
 virt_19200000_ck                         0            0    19200000          0 0  
 virt_13m_ck                              1            1    13000000          0 0  
    aplls_clkin_ck                        1            1    13000000          0 0  
       aplls_clkin_x2_ck                  1            1    26000000          0 0  
          osc_ck                          1            1    26000000          0 0  
             mdm_osc_ck                   0            0    26000000          0 0  
             sys_ck                       8           11    13000000          0 0  
                gpt2_fck                  0            1    13000000          0 0  
                dss2_fck                  0            1    13000000          0 0  
                dss1_fck                  0            3    13000000          0 0  
                icr_ick                   0            0    13000000          0 0  
                omapctrl_ick              1            1    13000000          0 0  
                wdt1_ick                  0            0    13000000          0 0  
                sync_32k_ick              2            2    13000000          0 0  
                mpu_wdt_ick               1            1    13000000          0 0  
                gpios_ick                 4            4    13000000          0 0  
                gpt1_ick                  1            1    13000000          0 0  
                apll54_ck                 1            2           0          0 0  
                   func_54m_ck            0            1           0          0 0  
                      sys_clkout_src           0            0           0          0 0  
                         sys_clkout           0            0           0          0 0  
                      dss_54m_fck           0            2           0          0 0  
                      emul_ck             0            0           0          0 0  
                apll96_ck                 2            3    96000000          0 0  
                   apll96_d2_ck           1            1    48000000          0 0  
                      func_48m_ck           3            7    48000000          0 0  
                         mcspi3_fck           0            1    48000000          0 0  
                         usb_fck           0            0    48000000          0 0  
                         uart3_fck           1            1    48000000          0 0  
                         uart2_fck           1            1    48000000          0 0  
                         uart1_fck           1            1    48000000          0 0  
                         mcspi2_fck           0            1    48000000          0 0  
                         mcspi1_fck           0            1    48000000          0 0  
                         func_12m_ck           0            1    12000000          0 0  
                            hdq_fck           0            1    12000000          0 0  
                            fac_fck           0            0    12000000          0 0  
                   func_96m_ck            0           14    96000000          0 0  
                      mcbsp5_fck           0            1    96000000          0 0  
                      mcbsp4_fck           0            1    96000000          0 0  
                      mcbsp3_fck           0            1    96000000          0 0  
                      mcbsp2_fck           0            1    96000000          0 0  
                      mcbsp1_fck           0            1    96000000          0 0  
                      mmchs2_fck           0            1    96000000          0 0  
                      mmchs1_fck           0            1    96000000          0 0  
                      i2chs2_fck           0            1    96000000          0 0  
                      i2chs1_fck           0            1    96000000          0 0  
                      mspro_fck           0            0    96000000          0 0  
                      cam_fck             0            0    96000000          0 0  
                dpll_ck                   1            1   660000000          0 0  
                   core_ck                1            3   660000000          0 0  
                      mdm_ick             0            0   110000000          0 0  
                      ssi_ssr_sst_fck           0            0   132000000          0 0  
                      dsp_fck             0            1   330000000          0 0  
                         iva2_1_ick           0            0   165000000          0 0  
                      core_d16_ck           0            0    41250000          0 0  
                      core_d12_ck           0            0    55000000          0 0  
                      core_d9_ck           0            0    73333333          0 0  
                      core_d8_ck           0            0    82500000          0 0  
                      core_d6_ck           0            0   110000000          0 0  
                      core_d5_ck           0            0   132000000          0 0  
                      core_d4_ck           0            0   165000000          0 0  
                      core_d3_ck           0            0   220000000          0 0  
                      core_d2_ck           0            0   330000000          0 0  
                      core_l3_ck           9           11   165000000          0 0  
                         usb_l4_ick           1            1    41250000          0 0  
                         gfx_2d_fck           0            0    82500000          0 0  
                         gfx_3d_fck           0            0    82500000          0 0  
                         usbhs_ick           0            1   165000000          0 0  
                         sdrc_ick           1            1   165000000          0 0  
                         sdma_ick           1            1   165000000          0 0  
                         sdma_fck           0            0   165000000          0 0  
                         gpmc_fck           2            2   165000000          0 0  
                         l4_ck           32           36    82500000          0 0  
                            mdm_intc_ick           0            0    82500000          0 0  
                            gpio5_ick           1            1    82500000          0 0  
                            mmchs2_ick           1            1    82500000          0 0  
                            mmchs1_ick           1            1    82500000          0 0  
                            mcspi3_ick           1            1    82500000          0 0  
                            mcbsp5_ick           1            1    82500000          0 0  
                            mcbsp4_ick           1            1    82500000          0 0  
                            mcbsp3_ick           1            1    82500000          0 0  
                            pka_ick           0            0    82500000          0 0  
                            aes_ick           1            1    82500000          0 0  
                            rng_ick           1            1    82500000          0 0  
                            sha_ick           1            1    82500000          0 0  
                            des_ick           0            0    82500000          0 0  
                            i2c2_ick           1            1    82500000          0 0  
                            i2c1_ick           1            1    82500000          0 0  
                            hdq_ick           0            1    82500000          0 0  
                            fac_ick           0            0    82500000          0 0  
                            mspro_ick           0            0    82500000          0 0  
                            wdt4_ick           0            0    82500000          0 0  
                            mailboxes_ick           0            1    82500000          0 0  
                            cam_ick           0            0    82500000          0 0  
                            uart3_ick           1            1    82500000          0 0  
                            uart2_ick           1            1    82500000          0 0  
                            uart1_ick           1            1    82500000          0 0  
                            mcspi2_ick           1            1    82500000          0 0  
                            mcspi1_ick           1            1    82500000          0 0  
                            mcbsp2_ick           1            1    82500000          0 0  
                            mcbsp1_ick           1            1    82500000          0 0  
                            gpt12_ick           1            1    82500000          0 0  
                            gpt11_ick           1            1    82500000          0 0  
                            gpt10_ick           1            1    82500000          0 0  
                            gpt9_ick           1            1    82500000          0 0  
                            gpt8_ick           1            1    82500000          0 0  
                            gpt7_ick           1            1    82500000          0 0  
                            gpt6_ick           1            1    82500000          0 0  
                            gpt5_ick           1            1    82500000          0 0  
                            gpt4_ick           1            1    82500000          0 0  
                            gpt3_ick           1            1    82500000          0 0  
                            gpt2_ick           1            1    82500000          0 0  
                            ssi_l4_ick           0            0    82500000          0 0  
                            dss_ick           3            5    82500000          0 0  
                         gfx_ick           0            0   165000000          0 0  
                      mpu_ck              0            1   330000000          0 0  
                         virt_prcm_set           0            0           0          0 0  
 virt_12m_ck                              0            0    12000000          0 0  
 secure_32k_ck                            0            0       32768          0 0  
 func_32k_ck                              3           17       32768          0 0  
    gpt1_fck                              1            1       32768          0 0  
    gpt12_fck                             0            1       32768          0 0  
    gpt11_fck                             0            1       32768          0 0  
    gpt10_fck                             0            1       32768          0 0  
    gpt9_fck                              0            1       32768          0 0  
    gpt8_fck                              0            1       32768          0 0  
    gpt7_fck                              0            1       32768          0 0  
    gpt6_fck                              0            1       32768          0 0  
    gpt5_fck                              0            1       32768          0 0  
    gpt4_fck                              0            1       32768          0 0  
    gpt3_fck                              0            1       32768          0 0  
    mmchsdb2_fck                          0            1       32768          0 0  
    mmchsdb1_fck                          0            1       32768          0 0  
    gpio5_fck                             1            1       32768          0 0  
    wdt4_fck                              0            0       32768          0 0  
    mpu_wdt_fck                           0            1       32768          0 0  
    gpios_fck                             0            4       32768          0 0  
=======
Orphan Clks:
=======
Available frequencies
=======
Hello World Board Booted
/test # 
- 05:39:45 [INFO] Host: cat stderr.log
- 05:39:46 [INFO] Target: 
cat stderr.log
ls: /sys/kernel/debug/clk/orphans/: No such file or directory
/test # 
- 05:39:46 [INFO] Host: cat result.log
- 05:39:48 [ERROR] On command: cat result.log waiting for (?m-ix:^1[\0\n\r]+) >>> error: execution expired
- 05:39:48 [INFO] Target: 
cat result.log
/test # 
- 05:39:48 [INFO] Host: cd /test
- 05:39:48 [INFO] Target: 
cd /test
/test # 
