- 05:46:52 [INFO] Starting target session
- 05:46:52 [INFO] Connected to sdp2430 via serial 
- 05:46:52 [INFO] Host: #check prompt
- 05:46:55 [ERROR] On command: #check prompt waiting for #check prompt.+?(?-mix:((?-mix:activate this console)|[Pp]assword)) >>> error: execution expired
- 05:46:55 [INFO] Target: 
 #check prompt
/test # 
- 05:46:55 [INFO] Host: #check prompt
- 05:46:56 [INFO] Target: 
#check prompt
/test # 
- 05:46:56 [INFO] Host: sync;poweroff
- 05:46:59 [INFO] Target: 
sync;poweroff
[85816.747009] ------------[ cut here ]------------
[85816.752166] WARNING: CPU: 0 PID: 137 at mm/mmap.c:2859 exit_mmap+0x1a8/0x21c()
[85816.759918] Modules linked in:
[85816.763214] CPU: 0 PID: 137 Comm: sh Tainted: G        W       3.19.0-rc5-next-20150119-00002-gfdefcded1272 #1
[85816.773834] Hardware name: Generic OMAP2430 (Flattened Device Tree)
[85816.780609] [<c00153f0>] (unwind_backtrace) from [<c0011a74>] (show_stack+0x10/0x14)
[85816.788909] [<c0011a74>] (show_stack) from [<c0580150>] (dump_stack+0x78/0x94)
[85816.796569] [<c0580150>] (dump_stack) from [<c003d4d0>] (warn_slowpath_common+0x7c/0xb4)
[85816.805236] [<c003d4d0>] (warn_slowpath_common) from [<c003d524>] (warn_slowpath_null+0x1c/0x24)
[85816.814636] [<c003d524>] (warn_slowpath_null) from [<c012de64>] (exit_mmap+0x1a8/0x21c)
[85816.823181] [<c012de64>] (exit_mmap) from [<c003abb8>] (mmput+0x44/0xec)
[85816.830383] [<c003abb8>] (mmput) from [<c0151368>] (flush_old_exec+0x300/0x5a4)
[85816.838226] [<c0151368>] (flush_old_exec) from [<c0195c10>] (load_elf_binary+0x2ec/0x1144)
[85816.846984] [<c0195c10>] (load_elf_binary) from [<c0150ea0>] (search_binary_handler+0x88/0x1ac)
[85816.856292] [<c0150ea0>] (search_binary_handler) from [<c0151f0c>] (do_execveat_common+0x538/0x6c4)
[85816.865936] [<c0151f0c>] (do_execveat_common) from [<c01520c4>] (do_execve+0x2c/0x34)
[85816.874328] [<c01520c4>] (do_execve) from [<c000e5e0>] (ret_fast_syscall+0x0/0x4c)
[85816.882385] ---[ end trace 62dba3486eb5e104 ]---
[85816.921722] ------------[ cut here ]------------
[85816.926666] WARNING: CPU: 0 PID: 137 at mm/mmap.c:2859 exit_mmap+0x1a8/0x21c()
[85816.934448] Modules linked in:
[85816.937744] CPU: 0 PID: 137 Comm: sync Tainted: G        W       3.19.0-rc5-next-20150119-00002-gfdefcded1272 #1
[85816.948577] Hardware name: Generic OMAP2430 (Flattened Device Tree)
[85816.955261] [<c00153f0>] (unwind_backtrace) from [<c0011a74>] (show_stack+0x10/0x14)
[85816.963562] [<c0011a74>] (show_stack) from [<c0580150>] (dump_stack+0x78/0x94)
[85816.971343] [<c0580150>] (dump_stack) from [<c003d4d0>] (warn_slowpath_common+0x7c/0xb4)
[85816.979980] [<c003d4d0>] (warn_slowpath_common) from [<c003d524>] (warn_slowpath_null+0x1c/0x24)
[85816.989379] [<c003d524>] (warn_slowpath_null) from [<c012de64>] (exit_mmap+0x1a8/0x21c)
[85816.997863] [<c012de64>] (exit_mmap) from [<c003abb8>] (mmput+0x44/0xec)
[85817.005126] [<c003abb8>] (mmput) from [<c003fa84>] (do_exit+0x2b4/0x9b8)
[85817.012329] [<c003fa84>] (do_exit) from [<c00401fc>] (do_group_exit+0x48/0xbc)
[85817.020080] [<c00401fc>] (do_group_exit) from [<c0040280>] (__wake_up_parent+0x0/0x18)
[85817.028533] ---[ end trace 62dba3486eb5e105 ]---
[85817.060577] ------------[ cut here ]------------
[85817.065521] WARNING: CPU: 0 PID: 138 at mm/mmap.c:2859 exit_mmap+0x1a8/0x21c()
[85817.073425] Modules linked in:
[85817.076690] CPU: 0 PID: 138 Comm: sh Tainted: G        W       3.19.0-rc5-next-20150119-00002-gfdefcded1272 #1
[85817.087371] Hardware name: Generic OMAP2430 (Flattened Device Tree)
[85817.094146] [<c00153f0>] (unwind_backtrace) from [<c0011a74>] (show_stack+0x10/0x14)
[85817.102478] [<c0011a74>] (show_stack) from [<c0580150>] (dump_stack+0x78/0x94)
[85817.110229] [<c0580150>] (dump_stack) from [<c003d4d0>] (warn_slowpath_common+0x7c/0xb4)
[85817.118896] [<c003d4d0>] (warn_slowpath_common) from [<c003d524>] (warn_slowpath_null+0x1c/0x24)
[85817.128295] [<c003d524>] (warn_slowpath_null) from [<c012de64>] (exit_mmap+0x1a8/0x21c)
[85817.136779] [<c012de64>] (exit_mmap) from [<c003abb8>] (mmput+0x44/0xec)
[85817.143951] [<c003abb8>] (mmput) from [<c0151368>] (flush_old_exec+0x300/0x5a4)
[85817.151794] [<c0151368>] (flush_old_exec) from [<c0195c10>] (load_elf_binary+0x2ec/0x1144)
[85817.160644] [<c0195c10>] (load_elf_binary) from [<c0150ea0>] (search_binary_handler+0x88/0x1ac)
[85817.169921] [<c0150ea0>] (search_binary_handler) from [<c0151f0c>] (do_execveat_common+0x538/0x6c4)
[85817.179595] [<c0151f0c>] (do_execveat_common) from [<c01520c4>] (do_execve+0x2c/0x34)
[85817.187896] [<c01520c4>] (do_execve) from [<c000e5e0>] (ret_fast_syscall+0x0/0x4c)
[85817.195983] ---[ end trace 62dba3486eb5e106 ]---
[85817.290618] ------------[ cut here ]------------
[85817.295562] WARNING: CPU: 0 PID: 138 at mm/mmap.c:2859 exit_mmap+0x1a8/0x21c()
[85817.303405] Modules linked in:
[85817.306671] CPU: 0 PID: 138 Comm: poweroff Tainted: G        W       3.19.0-rc5-next-20150119-00002-gfdefcded1272 #1
[85817.317901] Hardware name: Generic OMAP2430 (Flattened Device Tree)
[85817.324615] [<c00153f0>] (unwind_backtrace) from [<c0011a74>] (show_stack+0x10/0x14)
[85817.332885] [<c0011a74>] (show_stack) from [<c0580150>] (dump_stack+0x78/0x94)
[85817.340637] [<c0580150>] (dump_stack) from [<c003d4d0>] (warn_slowpath_common+0x7c/0xb4)
[85817.349304] [<c003d4d0>] (warn_slowpath_common) from [<c003d524>] (warn_slowpath_null+0x1c/0x24)
[85817.358703] [<c003d524>] (warn_slowpath_null) from [<c012de64>] (exit_mmap+0x1a8/0x21c)
[85817.367187] [<c012de64>] (exit_mmap) from [<c003abb8>] (mmput+0x44/0xec)
[85817.374359] [<c003abb8>] (mmput) from [<c003fa84>] (do_exit+0x2b4/0x9b8)
[85817.381530] [<c003fa84>] (do_exit) from [<c00401fc>] (do_group_exit+0x48/0xbc)
[85817.389251] [<c00401fc>] (do_group_exit) from [<c0040280>] (__wake_up_parent+0x0/0x18)
[85817.397644] ---[ end trace 62dba3486eb5e107 ]---
/test # umount: devtmpfs busy - remounted read-only
umount: can't remount 192.168.1.254:/usr/workdir/filesys/linux/s[85817.451202] ------------[ cut here ]------------
dp2430 read-only
[85817.459869] WARNING: CPU: 0 PID: 139 at mm/mmap.c:2859 exit_mmap+0x1a8/0x21c()
[85817.468994] Modules linked in:
[85817.472259] CPU: 0 PID: 139 Comm: umount Tainted: G        W       3.19.0-rc5-next-20150119-00002-gfdefcded1272 #1
[85817.483276] Hardware name: Generic OMAP2430 (Flattened Device Tree)
[85817.490051] [<c00153f0>] (unwind_backtrace) from [<c0011a74>] (show_stack+0x10/0x14)
[85817.498352] [<c0011a74>] (show_stack) from [<c0580150>] (dump_stack+0x78/0x94)
[85817.506042] [<c0580150>] (dump_stack) from [<c003d4d0>] (warn_slowpath_common+0x7c/0xb4)
[85817.514678] [<c003d4d0>] (warn_slowpath_common) from [<c003d524>] (warn_slowpath_null+0x1c/0x24)
[85817.524078] [<c003d524>] (warn_slowpath_null) from [<c012de64>] (exit_mmap+0x1a8/0x21c)
[85817.532623] [<c012de64>] (exit_mmap) from [<c003abb8>] (mmput+0x44/0xec)
[85817.539794] [<c003abb8>] (mmput) from [<c003fa84>] (do_exit+0x2b4/0x9b8)
[85817.546905] [<c003fa84>] (do_exit) from [<c00401fc>] (do_group_exit+0x48/0xbc)
[85817.554626] [<c00401fc>] (do_group_exit) from [<c0040280>] (__wake_up_parent+0x0/0x18)
[85817.563079] ---[ end trace 62dba3486eb5e108 ]---
[85817.603668] ------------[ cut here ]------------
[85817.608795] WARNING: CPU: 0 PID: 140 at mm/mmap.c:2859 exit_mmap+0x1a8/0x21c()
[85817.616424] Modules linked in:
[85817.619842] CPU: 0 PID: 140 Comm: swapoff Tainted: G        W       3.19.0-rc5-next-20150119-00002-gfdefcded1272 #1
[85817.630920] Hardware name: Generic OMAP2430 (Flattened Device Tree)
[85817.637603] [<c00153f0>] (unwind_backtrace) from [<c0011a74>] (show_stack+0x10/0x14)
[85817.645904] [<c0011a74>] (show_stack) from [<c0580150>] (dump_stack+0x78/0x94)
[85817.653686] [<c0580150>] (dump_stack) from [<c003d4d0>] (warn_slowpath_common+0x7c/0xb4)
[85817.662322] [<c003d4d0>] (warn_slowpath_common) from [<c003d524>] (warn_slowpath_null+0x1c/0x24)
[85817.671691] [<c003d524>] (warn_slowpath_null) from [<c012de64>] (exit_mmap+0x1a8/0x21c)
[85817.680267] [<c012de64>] (exit_mmap) from [<c003abb8>] (mmput+0x44/0xec)
[85817.687377] [<c003abb8>] (mmput) from [<c003fa84>] (do_exit+0x2b4/0x9b8)
[85817.694549] [<c003fa84>] (do_exit) from [<c00401fc>] (do_group_exit+0x48/0xbc)
[85817.702270] [<c00401fc>] (do_group_exit) from [<c0040280>] (__wake_up_parent+0x0/0x18)
[85817.710693] ---[ end trace 62dba3486eb5e109 ]---
The system is going down NOW!
[85817.727325] ------------[ cut here ]------------
[85817.732482] WARNING: CPU: 0 PID: 82 at mm/mmap.c:2859 exit_mmap+0x1a8/0x21c()
[85817.740112] Modules linked in:
[85817.743377] CPU: 0 PID: 82 Comm: telnetd Tainted: G        W       3.19.0-rc5-next-20150119-00002-gfdefcded1272 #1
[85817.754394] Hardware name: Generic OMAP2430 (Flattened Device Tree)
[85817.761169] [<c00153f0>] (unwind_backtrace) from [<c0011a74>] (show_stack+0x10/0x14)
[85817.769470] [<c0011a74>] (show_stack) from [<c0580150>] (dump_stack+0x78/0x94)
[85817.777160] [<c0580150>] (dump_stack) from [<c003d4d0>] (warn_slowpath_common+0x7c/0xb4)
[85817.785827] [<c003d4d0>] (warn_slowpath_common) from [<c003d524>] (warn_slowpath_null+0x1c/0x24)
[85817.795227] [<c003d524>] (warn_slowpath_null) from [<c012de64>] (exit_mmap+0x1a8/0x21c)
[85817.803802] [<c012de64>] (exit_mmap) from [<c003abb8>] (mmput+0x44/0xec)
[85817.810974] [<c003abb8>] (mmput) from [<c003fa84>] (do_exit+0x2b4/0x9b8)
[85817.818176] [<c003fa84>] (do_exit) from [<c00401fc>] (do_group_exit+0x48/0xbc)
[85817.825866] [<c00401fc>] (do_group_exit) from [<c004a508>] (get_signal+0x3ac/0x70c)
[85817.834045] [<c004a508>] (get_signal) from [<c057cb20>] (do_signal+0x7c/0x35c)
[85817.841796] [<c057cb20>] (do_signal) from [<c0011478>] (do_work_pending+0xb8/0xd0)
[85817.849914] [<c0011478>] (do_work_pending) from [<c000e63c>] (work_pending+0xc/0x20)
[85817.858184] ---[ end trace 62dba3486eb5e10a ]---
[85817.869995] ------------[ cut here ]------------
[85817.874938] WARNING: CPU: 0 PID: 86 at mm/mmap.c:2859 exit_mmap+0x1a8/0x21c()
[85817.882751] Modules linked in:
[85817.886047] CPU: 0 PID: 86 Comm: syslogd Tainted: G        W       3.19.0-rc5-next-20150119-00002-gfdefcded1272 #1
[85817.897094] Hardware name: Generic OMAP2430 (Flattened Device Tree)
[85817.903869] [<c00153f0>] (unwind_backtrace) from [<c0011a74>] (show_stack+0x10/0x14)
[85817.912139] [<c0011a74>] (show_stack) from [<c0580150>] (dump_stack+0x78/0x94)
[85817.919891] [<c0580150>] (dump_stack) from [<c003d4d0>] (warn_slowpath_common+0x7c/0xb4)
[85817.928558] [<c003d4d0>] (warn_slowpath_common) from [<c003d524>] (warn_slowpath_null+0x1c/0x24)
[85817.937866] [<c003d524>] (warn_slowpath_null) from [<c012de64>] (exit_mmap+0x1a8/0x21c)
[85817.946411] [<c012de64>] (exit_mmap) from [<c003abb8>] (mmput+0x44/0xec)
[85817.953613] [<c003abb8>] (mmput) from [<c003fa84>] (do_exit+0x2b4/0x9b8)
[85817.960784] [<c003fa84>] (do_exit) from [<c00401fc>] (do_group_exit+0x48/0xbc)
[85817.968505] [<c00401fc>] (do_group_exit) from [<c004a508>] (get_signal+0x3ac/0x70c)
[85817.976623] [<c004a508>] (get_signal) from [<c057cb20>] (do_signal+0x7c/0x35c)
[85817.984374] [<c057cb20>] (do_signal) from [<c0011478>] (do_work_pending+0xb8/0xd0)
[85817.992462] [<c0011478>] (do_work_pending) from [<c000e63c>] (work_pending+0xc/0x20)
[85818.000793] ---[ end trace 62dba3486eb5e10b ]---
Sent SIGTERM to all processes
[85818.028350] ------------[ cut here ]------------
[85818.033264] WARNING: CPU: 0 PID: 88 at mm/mmap.c:2859 exit_mmap+0x1a8/0x21c()
[85818.040924] Modules linked in:
[85818.044189] CPU: 0 PID: 88 Comm: klogd Tainted: G        W       3.19.0-rc5-next-20150119-00002-gfdefcded1272 #1
[85818.055023] Hardware name: Generic OMAP2430 (Flattened Device Tree)
[85818.061767] [<c00153f0>] (unwind_backtrace) from [<c0011a74>] (show_stack+0x10/0x14)
[85818.070068] [<c0011a74>] (show_stack) from [<c0580150>] (dump_stack+0x78/0x94)
[85818.077758] [<c0580150>] (dump_stack) from [<c003d4d0>] (warn_slowpath_common+0x7c/0xb4)
[85818.086425] [<c003d4d0>] (warn_slowpath_common) from [<c003d524>] (warn_slowpath_null+0x1c/0x24)
[85818.095794] [<c003d524>] (warn_slowpath_null) from [<c012de64>] (exit_mmap+0x1a8/0x21c)
[85818.104370] [<c012de64>] (exit_mmap) from [<c003abb8>] (mmput+0x44/0xec)
[85818.111541] [<c003abb8>] (mmput) from [<c003fa84>] (do_exit+0x2b4/0x9b8)
[85818.118713] [<c003fa84>] (do_exit) from [<c00401fc>] (do_group_exit+0x48/0xbc)
[85818.126373] [<c00401fc>] (do_group_exit) from [<c004a508>] (get_signal+0x3ac/0x70c)
[85818.134552] [<c004a508>] (get_signal) from [<c057cb20>] (do_signal+0x7c/0x35c)
[85818.142272] [<c057cb20>] (do_signal) from [<c0011478>] (do_work_pending+0xb8/0xd0)
[85818.150390] [<c0011478>] (do_work_pending) from [<c000e63c>] (work_pending+0xc/0x20)
[85818.158630] ---[ end trace 62dba3486eb5e10c ]---
Sent SIGKILL to all processes
[85819.026000] ------------[ cut here ]------------
[85819.031097] WARNING: CPU: 0 PID: 92 at mm/mmap.c:2859 exit_mmap+0x1a8/0x21c()
[85819.038726] Modules linked in:
[85819.041992] CPU: 0 PID: 92 Comm: sh Tainted: G        W       3.19.0-rc5-next-20150119-00002-gfdefcded1272 #1
[85819.052551] Hardware name: Generic OMAP2430 (Flattened Device Tree)
[85819.059295] [<c00153f0>] (unwind_backtrace) from [<c0011a74>] (show_stack+0x10/0x14)
[85819.067535] [<c0011a74>] (show_stack) from [<c0580150>] (dump_stack+0x78/0x94)
[85819.075286] [<c0580150>] (dump_stack) from [<c003d4d0>] (warn_slowpath_common+0x7c/0xb4)
[85819.083953] [<c003d4d0>] (warn_slowpath_common) from [<c003d524>] (warn_slowpath_null+0x1c/0x24)
[85819.093353] [<c003d524>] (warn_slowpath_null) from [<c012de64>] (exit_mmap+0x1a8/0x21c)
[85819.101898] [<c012de64>] (exit_mmap) from [<c003abb8>] (mmput+0x44/0xec)
[85819.109069] [<c003abb8>] (mmput) from [<c003fa84>] (do_exit+0x2b4/0x9b8)
[85819.116180] [<c003fa84>] (do_exit) from [<c00401fc>] (do_group_exit+0x48/0xbc)
[85819.123901] [<c00401fc>] (do_group_exit) from [<c004a508>] (get_signal+0x3ac/0x70c)
[85819.132080] [<c004a508>] (get_signal) from [<c057cb20>] (do_signal+0x7c/0x35c)
[85819.139831] [<c057cb20>] (do_signal) from [<c0011478>] (do_work_pending+0xb8/0xd0)
[85819.147857] [<c0011478>] (do_work_pending) from [<c000e63c>] (work_pending+0xc/0x20)
[85819.156097] ---[ end trace 62dba3486eb5e10d ]---
Requesting system poweroff
[85820.173431] reboot: System halted
- 05:46:59 [INFO] Disconnected serial from sdp2430
- 05:47:00 [INFO] Connected to sdp2430 via serial 
- 05:47:00 [INFO] Host: 
- 05:47:01 [ERROR] On command:  waiting for (?-mix:OMAP243X\sSDP\s#) >>> error: execution expired
- 05:47:01 [INFO] Target: 
- 05:47:01 [INFO] Host: 
- 05:47:01 [ERROR] On command:  waiting for (?-mix:OMAP243X\sSDP\s#) >>> error: execution expired
- 05:47:01 [INFO] Target: 
U-Boot 1.1.3 (Mar  2 2007 - 11:17:49)
U-Boot code: 80E80000 -> 80EA2A4C  BSS: -> 80EA8BF0
- 05:47:01 [INFO] Host: 
- 05:47:02 [INFO] Target: 
OMAP2430C-GP revision 3, PRCM #2
TI 2430SDP 1.1 Version + mDDR (Boot NOR)
RAM Configuration:
Bank #0: 80000000 128 MB
Bank #1: 88000000  0 kB
Flash: 192 MB
NAND:64 MB
In:    serial
Out:   serial
Err:   serial
Hit any key to stop autoboot:  3  0 
OMAP243X SDP # 
- 05:47:02 [INFO] Host: version
- 05:47:02 [INFO] Target: 
version
U-Boot 1.1.3 (Mar  2 2007 - 11:17:49)
OMAP243X SDP # 
- 05:47:02 [INFO] Host: bdinfo
- 05:47:03 [INFO] Target: 
bdinfo
arch_number = 0x00000384
env_t       = 0x00000000
boot_params = 0x80000100
DRAM bank   = 0x00000000
-> start    = 0x80000000
-> size     = 0x08000000
DRAM bank   = 0x00000001
-> start    = 0x88000000
-> size     = 0x00000000
ethaddr     = 08:00:28:01:01:A0
ip_addr     = 128.247.91.37
baudrate    = 115200 bps
OMAP243X SDP # 
- 05:47:03 [INFO] Host: printenv
- 05:47:03 [INFO] Target: 
printenv
bootdelay=3
baudrate=115200
ethaddr=08:00:28:01:01:A0
bootcmd=dhcp;bootm
bootfile=/tftpboot/kernel/uImage.omap2430-sdp
gatewayip=128.247.90.1
netmask=255.255.254.0
hostname=dhcp-128-247-91-37
ipaddr=128.247.91.37
serverip=128.247.91.123
bootargs=console=ttyO0,115200n8 noinitrd debug ignore_loglevel earlyprintk ip=dhcp root=/dev/nfs rw nfsroot=128.247.91.123:/nfs/sdp2430/,nolock,wsize=1024,rsize=1024 rootwait init=/bin/sh nohlt
stdin=serial
stdout=serial
stderr=serial
Environment size: 472/131068 bytes
OMAP243X SDP # 
- 05:47:03 [INFO] Host: setenv autoload 'no'
- 05:47:04 [INFO] Target: 
setenv autoload 'no'
OMAP243X SDP # 
- 05:47:04 [INFO] Host: dhcp
- 05:47:05 [INFO] Target: 
dhcp
Using MAC Address 08:00:28:01:01:A0
BOOTP broadcast 1
DHCP client bound to address 192.168.1.182
OMAP243X SDP # 
- 05:47:05 [INFO] Host: setenv serverip 192.168.1.254
- 05:47:06 [INFO] Target: 
setenv serverip 192.168.1.254
OMAP243X SDP # 
- 05:47:06 [INFO] Host: setenv bootargs 'console=ttyO0,115200n8 earlyprintk rootwait ip=dhcp root=/dev/nfs rw nfsroot=192.168.1.254:/usr/workdir/filesys/linux/sdp2430,nolock,wsize=1024,rsize=1024 nohlt'
- 05:47:06 [INFO] Target: 
setenv bootargs 'console=ttyO0,115200n8 earlyprintk rootwait ip=dhcp root=/dev/nfs rw nfsroot=192.168.1.254:/usr/workdir/filesys/linux/sdp2430,nolock,wsize=1024,rsize=1024 nohlt'
OMAP243X SDP # 
- 05:47:06 [INFO] Host: setenv bootfile vatf_5/5291bdb3dcbbff941c22543b8fabcf76
- 05:47:07 [INFO] Target: 
setenv bootfile vatf_5/5291bdb3dcbbff941c22543b8fabcf76
OMAP243X SDP # 
- 05:47:07 [INFO] Host: setenv bootcmd 'tftp ${loadaddr};bootm ${loadaddr}'
- 05:47:07 [INFO] Target: 
setenv bootcmd 'tftp ${loadaddr};bootm ${loadaddr}'
OMAP243X SDP # 
- 05:47:07 [INFO] Host: printenv
- 05:47:08 [INFO] Target: 
printenv
bootdelay=3
baudrate=115200
ethaddr=08:00:28:01:01:A0
hostname=dhcp-128-247-91-37
stdin=serial
stdout=serial
stderr=serial
autoload=no
gatewayip=192.168.1.254
netmask=255.255.255.0
ipaddr=192.168.1.182
serverip=192.168.1.254
bootargs=console=ttyO0,115200n8 earlyprintk rootwait ip=dhcp root=/dev/nfs rw nfsroot=192.168.1.254:/usr/workdir/filesys/linux/sdp2430,nolock,wsize=1024,rsize=1024 nohlt
bootfile=vatf_5/5291bdb3dcbbff941c22543b8fabcf76
bootcmd=tftp ${loadaddr};bootm ${loadaddr}
Environment size: 487/131068 bytes
OMAP243X SDP # 
- 05:47:08 [INFO] Host: boot
- 05:47:39 [INFO] Target: 
boot
Using MAC Address 08:00:28:01:01:A0
TFTP from server 192.168.1.254; our IP address is 192.168.1.182
Filename 'vatf_5/5291bdb3dcbbff941c22543b8fabcf76'.
Load address: 0x80000000
Loading: *#################################################################
	 #################################################################
	 #################################################################
	 #################################################################
	 #################################################################
	 #################################################################
	 #################################################################
	 #################################################################
	 #################################################################
	 #################################################################
	 #################################################################
	 #################################################################
	 #################################################################
	 #################################
done
Bytes transferred = 4491921 (448a91 hex)
## Booting image at 80000000 ...
   Image Name:   Linux-3.19.0-rc5-next-20150120-0
   Image Type:   ARM Linux Kernel Image (uncompressed)
   Data Size:    4491857 Bytes =  4.3 MB
   Load Address: 80800000
   Entry Point:  80800000
   Verifying Checksum ... OK
Starting kernel ...
[    0.000000] Booting Linux on physical CPU 0x0
[    0.000000] Initializing cgroup subsys cpuset
[    0.000000] Initializing cgroup subsys cpu
[    0.000000] Initializing cgroup subsys cpuacct
[    0.000000] Linux version 3.19.0-rc5-next-20150120-00002-g8ef3de6000e3 (nmenon@kahuna) (gcc version 4.6.3 (Ubuntu/Linaro 4.6.3-1ubuntu5) ) #1 SMP Tue Jan 20 05:43:30 CST 2015
[    0.000000] CPU: ARMv6-compatible processor [4107b366] revision 6 (ARMv6TEJ), cr=00c5387d
[    0.000000] CPU: VIPT aliasing data cache, VIPT aliasing instruction cache
[    0.000000] Machine model: TI OMAP2430 SDP
[    0.000000] cma: Reserved 16 MiB at 0x86800000
[    0.000000] Memory policy: Data cache writeback
[    0.000000] CPU: All CPU(s) started in SVC mode.
[    0.000000] OMAP2430
[    0.000000] 
[    0.000000] PERCPU: Embedded 12 pages/cpu @c7d70000 s19392 r8192 d21568 u49152
[    0.000000] Built 1 zonelists in Zone order, mobility grouping on.  Total pages: 32224
[    0.000000] Kernel command line: console=ttyO0,115200n8 earlyprintk rootwait ip=dhcp root=/dev/nfs rw nfsroot=192.168.1.254:/usr/workdir/filesys/linux/sdp2430,nolock,wsize=1024,rsize=1024 nohlt
[    0.000000] PID hash table entries: 512 (order: -1, 2048 bytes)
[    0.000000] Dentry cache hash table entries: 16384 (order: 4, 65536 bytes)
[    0.000000] Inode-cache hash table entries: 8192 (order: 3, 32768 bytes)
[    0.000000] Memory: 94552K/130048K available (5853K kernel code, 623K rwdata, 2236K rodata, 428K init, 8219K bss, 19112K reserved, 16384K cma-reserved, 0K highmem)
[    0.000000] Virtual kernel memory layout:
[    0.000000]     vector  : 0xffff0000 - 0xffff1000   (   4 kB)
[    0.000000]     fixmap  : 0xffc00000 - 0xfff00000   (3072 kB)
[    0.000000]     vmalloc : 0xc8800000 - 0xff000000   ( 872 MB)
[    0.000000]     lowmem  : 0xc0000000 - 0xc8000000   ( 128 MB)
[    0.000000]     pkmap   : 0xbfe00000 - 0xc0000000   (   2 MB)
[    0.000000]     modules : 0xbf000000 - 0xbfe00000   (  14 MB)
[    0.000000]       .text : 0xc0008000 - 0xc07eea70   (8091 kB)
[    0.000000]       .init : 0xc07ef000 - 0xc085a000   ( 428 kB)
[    0.000000]       .data : 0xc085a000 - 0xc08f5ce8   ( 624 kB)
[    0.000000]        .bss : 0xc08f5ce8 - 0xc10fcbc8   (8220 kB)
[    0.000000] Hierarchical RCU implementation.
[    0.000000] 	Additional per-CPU info printed with stalls.
[    0.000000] 	RCU restricting CPUs from NR_CPUS=2 to nr_cpu_ids=1.
[    0.000000] RCU: Adjusting geometry for rcu_fanout_leaf=16, nr_cpu_ids=1
[    0.000000] NR_IRQS:16 nr_irqs:16 16
[    0.000000] IRQ: Found an INTC at 0xfa0fe000 (revision 3.0) with 96 interrupts
[    0.000000] Clocking rate (Crystal/DPLL/MPU): 13.0/660/330 MHz
[    0.000000] OMAP clockevent source: timer1 at 32768 Hz
[    0.000030] sched_clock: 32 bits at 32kHz, resolution 30517ns, wraps every 65536000000000ns
[    0.000061] OMAP clocksource: 32k_counter at 32768 Hz
[    0.000457] hw-breakpoint: CPUID feature registers not supported. Assuming v6 debug is present.
[    0.002532] Console: colour dummy device 80x30
[    0.002655] Lock dependency validator: Copyright (c) 2006 Red Hat, Inc., Ingo Molnar
[    0.002685] ... MAX_LOCKDEP_SUBCLASSES:  8
[    0.002716] ... MAX_LOCK_DEPTH:          48
[    0.002746] ... MAX_LOCKDEP_KEYS:        8191
[    0.002777] ... CLASSHASH_SIZE:          4096
[    0.002777] ... MAX_LOCKDEP_ENTRIES:     32768
[    0.002807] ... MAX_LOCKDEP_CHAINS:      65536
[    0.002838] ... CHAINHASH_SIZE:          32768
[    0.002868]  memory used by lock dependency info: 5167 kB
[    0.002899]  per task-struct memory footprint: 1152 bytes
[    0.002929] Calibrating delay loop... 326.86 BogoMIPS (lpj=1634304)
[    0.116027] pid_max: default: 32768 minimum: 301
[    0.117004] Security Framework initialized
[    0.117462] Mount-cache hash table entries: 1024 (order: 0, 4096 bytes)
[    0.117523] Mountpoint-cache hash table entries: 1024 (order: 0, 4096 bytes)
[    0.126831] Initializing cgroup subsys blkio
[    0.126922] Initializing cgroup subsys memory
[    0.127136] Initializing cgroup subsys devices
[    0.127410] Initializing cgroup subsys freezer
[    0.127807] Initializing cgroup subsys perf_event
[    0.128021] CPU: Testing write buffer coherency: ok
[    0.132019] missing device node for CPU 0
[    0.132080] CPU0: thread -1, cpu 0, socket -1, mpidr 4107b366
[    0.132293] Setting up static identity map for 0x8058c660 - 0x8058c6d0
[    0.143249] Brought up 1 CPUs
[    0.143310] SMP: Total of 1 processors activated (326.86 BogoMIPS).
[    0.143341] CPU: All CPU(s) started in SVC mode.
[    0.153503] devtmpfs: initialized
[    0.176300] VFP support v0.3: implementor 41 architecture 1 part 20 variant b rev 2
[    0.269409] omap_hwmod: usb_otg_hs: cannot be enabled for reset (3)
[    0.295013] pinctrl core: initialized pinctrl subsystem
[    0.438018] NET: Registered protocol family 16
[    0.460205] DMA: preallocated 256 KiB pool for atomic coherent allocations
[    0.466217] cpuidle: using governor ladder
[    0.466308] cpuidle: using governor menu
[    0.521301] omap_gpio 4900c000.gpio: Could not get gpio dbck
[    0.527496] OMAP GPIO hardware version 2.4
[    0.529663] omap_gpio 4900e000.gpio: Could not get gpio dbck
[    0.534973] omap_gpio 49010000.gpio: Could not get gpio dbck
[    0.540466] omap_gpio 49012000.gpio: Could not get gpio dbck
[    0.546051] omap_gpio 480b6000.gpio: Could not get gpio dbck
[    0.551727] omap-gpmc 6e000000.gpmc: GPMC revision 3.0
[    0.564697] No ATAGs?
[    0.564849] hw-breakpoint: found 6 breakpoint and 1 watchpoint registers.
[    0.564880] hw-breakpoint: maximum watchpoint size is 4 bytes.
[    0.570648] OMAP DMA hardware revision 4.0
[    0.732910] omap-dma-engine 48056000.dma-controller: OMAP DMA engine driver
[    0.743682] SCSI subsystem initialized
[    0.751434] omap_i2c 48070000.i2c: bus 0 rev3.3 at 100 kHz
[    0.762603] omap_i2c 48072000.i2c: bus 1 rev3.3 at 100 kHz
[    0.776641] Switched to clocksource 32k_counter
[    1.227600] NET: Registered protocol family 2
[    1.232818] TCP established hash table entries: 1024 (order: 0, 4096 bytes)
[    1.233245] TCP bind hash table entries: 1024 (order: 3, 36864 bytes)
[    1.234405] TCP: Hash tables configured (established 1024 bind 1024)
[    1.234863] TCP: reno registered
[    1.234954] UDP hash table entries: 256 (order: 2, 20480 bytes)
[    1.235778] UDP-Lite hash table entries: 256 (order: 2, 20480 bytes)
[    1.238922] NET: Registered protocol family 1
[    1.243774] RPC: Registered named UNIX socket transport module.
[    1.243804] RPC: Registered udp transport module.
[    1.243835] RPC: Registered tcp transport module.
[    1.243865] RPC: Registered tcp NFSv4.1 backchannel transport module.
[    1.247985] hw perfevents: enabled with armv6_1136 PMU driver, 3 counters available
[    1.263000] futex hash table entries: 256 (order: 2, 16384 bytes)
[    1.263702] audit: initializing netlink subsys (disabled)
[    1.264312] audit: type=2000 audit(1.250:1): initialized
[    1.277496] VFS: Disk quotas dquot_6.5.2
[    1.277862] VFS: Dquot-cache hash table entries: 1024 (order 0, 4096 bytes)
[    1.285278] NFS: Registering the id_resolver key type
[    1.286743] Key type id_resolver registered
[    1.286804] Key type id_legacy registered
[    1.287384] jffs2: version 2.2. (NAND) (SUMMARY)   2001-2006 Red Hat, Inc.
[    1.301422] io scheduler noop registered
[    1.301483] io scheduler deadline registered
[    1.301635] io scheduler cfq registered (default)
[    1.307830] pinctrl-single 49002030.pinmux: 340 pins at pa fb002030 size 340
[    1.319183] Serial: 8250/16550 driver, 4 ports, IRQ sharing enabled
[    1.337127] omap_uart 4806a000.serial: no wakeirq for uart0
[    1.338531] 4806a000.serial: ttyO0 at MMIO 0x4806a000 (irq = 88, base_baud = 3000000) is a OMAP UART0
[    2.075805] console [ttyO0] enabled
[    2.086303] omap_uart 4806c000.serial: no wakeirq for uart0
[    2.092956] 4806c000.serial: ttyO1 at MMIO 0x4806c000 (irq = 89, base_baud = 3000000) is a OMAP UART1
[    2.106781] omap_uart 4806e000.serial: no wakeirq for uart0
[    2.113403] 4806e000.serial: ttyO2 at MMIO 0x4806e000 (irq = 90, base_baud = 3000000) is a OMAP UART2
[    2.137084]  ram0: unknown partition table
[    2.146636]  ram1: unknown partition table
[    2.155700]  ram2: unknown partition table
[    2.164855]  ram3: unknown partition table
[    2.174133]  ram4: unknown partition table
[    2.183319]  ram5: unknown partition table
[    2.192474]  ram6: unknown partition table
[    2.201873]  ram7: unknown partition table
[    2.211120]  ram8: unknown partition table
[    2.220367]  ram9: unknown partition table
[    2.229766]  ram10: unknown partition table
[    2.239318]  ram11: unknown partition table
[    2.248748]  ram12: unknown partition table
[    2.258178]  ram13: unknown partition table
[    2.267883]  ram14: unknown partition table
[    2.277099]  ram15: unknown partition table
[    2.282897] brd: module loaded
[    2.338348] loop: module loaded
[    2.375793] twl 1-0048: PIH (irq 23) chaining IRQs 274..282
[    2.382690] twl 1-0048: power (irq 279) chaining IRQs 282..289
[    2.525970] twl4030_gpio twl4030-gpio: gpio (irq 274) chaining IRQs 290..307
[    2.557373] mtdoops: mtd device (mtddev=name/number) must be supplied
[    2.582122] smc91x.c: v1.1, sep 22 2004 by Nicolas Pitre <nico@fluxnic.net>
[    2.595672] smc91x 8000300.ethernet eth0: SMC91C94 (rev 9) at c890a300 IRQ 261
[    2.603302] 
[    2.604919] smc91x 8000300.ethernet eth0: Ethernet addr: 08:00:28:01:01:a0
[    2.622711] mousedev: PS/2 mouse device common for all mice
[    2.628814] i2c /dev entries driver
[    2.638977] Driver 'mmcblk' needs updating - please use bus_type methods
[    2.697998] 480b4000.mmc supply vmmc not found, using dummy regulator
[    2.705810] omap_hsmmc 480b4000.mmc: could not set regulator OCR (-22)
[    2.713775] omap_hsmmc 480b4000.mmc: could not set regulator OCR (-22)
[    2.756958] ledtrig-cpu: registered to indicate activity on CPUs
[    2.766906] oprofile: using arm/armv6
[    2.772857] TCP: cubic registered
[    2.776611] Initializing XFRM netlink socket
[    2.781585] NET: Registered protocol family 17
[    2.786621] NET: Registered protocol family 15
[    2.792266] Key type dns_resolver registered
[    2.797393] SmartReflex Class3 initialized
[    2.829681] drivers/rtc/hctosys.c: unable to open rtc device (rtc0)
[    2.836517] sr_init: No PMIC hook to init smartreflex
[    2.842590] sr_init: platform driver register failed for SR
[    2.957031] smc91x 8000300.ethernet eth0: link up
[    2.975982] Sending DHCP requests ., OK
[    3.046386] IP-Config: Got DHCP answer from 192.168.1.254, my address is 192.168.1.182
[    3.056243] IP-Config: Complete:
[    3.059692]      device=eth0, hwaddr=08:00:28:01:01:a0, ipaddr=192.168.1.182, mask=255.255.255.0, gw=192.168.1.254
[    3.070739]      host=192.168.1.182, domain=ti.com, nis-domain=(none)
[    3.077606]      bootserver=192.168.1.254, rootserver=192.168.1.254, rootpath=
[    3.085052]      nameserver0=192.0.2.2, nameserver1=192.0.2.3
[    3.095947] VUSB3V1: disabling
[    3.156249] VFS: Mounted root (nfs filesystem) on device 0:14.
[    3.167083] devtmpfs: mounted
[    3.172637] Freeing unused kernel memory: 428K (c07ef000 - c085a000)
Mounting proc : [    5.084869] ------------[ cut here ]------------
[    5.089935] WARNING: CPU: 0 PID: 45 at mm/mmap.c:2859 exit_mmap+0x1a8/0x21c()
[    5.097534] Modules linked in:
[    5.100799] CPU: 0 PID: 45 Comm: rcS Not tainted 3.19.0-rc5-next-20150120-00002-g8ef3de6000e3 #1
[    5.110137] Hardware name: Generic OMAP2430 (Flattened Device Tree)
[    5.116882] [<c00153f0>] (unwind_backtrace) from [<c0011a74>] (show_stack+0x10/0x14)
[    5.125091] [<c0011a74>] (show_stack) from [<c0583f8c>] (dump_stack+0x78/0x94)
[    5.132812] [<c0583f8c>] (dump_stack) from [<c003d5bc>] (warn_slowpath_common+0x7c/0xb4)
[    5.141479] [<c003d5bc>] (warn_slowpath_common) from [<c003d610>] (warn_slowpath_null+0x1c/0x24)
[    5.150817] [<c003d610>] (warn_slowpath_null) from [<c012dfdc>] (exit_mmap+0x1a8/0x21c)
[    5.159362] [<c012dfdc>] (exit_mmap) from [<c003aca4>] (mmput+0x44/0xec)
[    5.166534] [<c003aca4>] (mmput) from [<c01514f4>] (flush_old_exec+0x300/0x5a4)
[    5.174285] [<c01514f4>] (flush_old_exec) from [<c0195eb0>] (load_elf_binary+0x2ec/0x1144)
[    5.183105] [<c0195eb0>] (load_elf_binary) from [<c015102c>] (search_binary_handler+0x88/0x1ac)
[    5.192382] [<c015102c>] (search_binary_handler) from [<c0152098>] (do_execveat_common+0x538/0x6c4)
[    5.202026] [<c0152098>] (do_execveat_common) from [<c0152250>] (do_execve+0x2c/0x34)
[    5.210388] [<c0152250>] (do_execve) from [<c000e5e0>] (ret_fast_syscall+0x0/0x4c)
[    5.218444] ---[ end trace 7f1ea92976d5e4dc ]---
[    5.409912] ------------[ cut here ]------------
[    5.416259] WARNING: CPU: 0 PID: 45 at mm/mmap.c:2859 exit_mmap+0x1a8/0x21c()
[    5.424560] Modules linked in:
[    5.427978] CPU: 0 PID: 45 Comm: mount Tainted: G        W       3.19.0-rc5-next-20150120-00002-g8ef3de6000e3 #1
[    5.438812] Hardware name: Generic OMAP2430 (Flattened Device Tree)
[    5.445495] [<c00153f0>] (unwind_backtrace) from [<c0011a74>] (show_stack+0x10/0x14)
[    5.453857] [<c0011a74>] (show_stack) from [<c0583f8c>] (dump_stack+0x78/0x94)
[    5.461608] [<c0583f8c>] (dump_stack) from [<c003d5bc>] (warn_slowpath_common+0x7c/0xb4)
[    5.470275] [<c003d5bc>] (warn_slowpath_common) from [<c003d610>] (warn_slowpath_null+0x1c/0x24)
[    5.479644] [<c003d610>] (warn_slowpath_null) from [<c012dfdc>] (exit_mmap+0x1a8/0x21c)
[    5.488220] [<c012dfdc>] (exit_mmap) from [<c003aca4>] (mmput+0x44/0xec)
[    5.495330] [<c003aca4>] (mmput) from [<c003fb70>] (do_exit+0x2b4/0x9b8)
[    5.502502] [<c003fb70>] (do_exit) from [<c00402e8>] (do_group_exit+0x48/0xbc)
[    5.510253] [<c00402e8>] (do_group_exit) from [<c004036c>] (__wake_up_parent+0x0/0x18)
[    5.518676] ---[ end trace 7f1ea92976d5e4dd ]---
[    5.593139] ------------[ cut here ]------------
[    5.598205] WARNING: CPU: 0 PID: 47 at mm/mmap.c:2859 exit_mmap+0x1a8/0x21c()
[    5.605834] Modules linked in:
[    5.609130] CPU: 0 PID: 47 Comm: rcS Tainted: G        W       3.19.0-rc5-next-20150120-00002-g8ef3de6000e3 #1
[    5.619750] Hardware name: Generic OMAP2430 (Flattened Device Tree)
[    5.626495] [<c00153f0>] (unwind_backtrace) from [<c0011a74>] (show_stack+0x10/0x14)
[    5.634735] [<c0011a74>] (show_stack) from [<c0583f8c>] (dump_stack+0x78/0x94)
[    5.642486] [<c0583f8c>] (dump_stack) from [<c003d5bc>] (warn_slowpath_common+0x7c/0xb4)
[    5.651153] [<c003d5bc>] (warn_slowpath_common) from [<c003d610>] (warn_slowpath_null+0x1c/0x24)
[    5.660522] [<c003d610>] (warn_slowpath_null) from [<c012dfdc>] (exit_mmap+0x1a8/0x21c)
[    5.669067] [<c012dfdc>] (exit_mmap) from [<c003aca4>] (mmput+0x44/0xec)
[    5.676269] [<c003aca4>] (mmput) from [<c01514f4>] (flush_old_exec+0x300/0x5a4)
[    5.684020] [<c01514f4>] (flush_old_exec) from [<c0195eb0>] (load_elf_binary+0x2ec/0x1144)
[    5.692871] [<c0195eb0>] (load_elf_binary) from [<c015102c>] (search_binary_handler+0x88/0x1ac)
[    5.702148] [<c015102c>] (search_binary_handler) from [<c0152098>] (do_execveat_common+0x538/0x6c4)
[    5.711822] [<c0152098>] (do_execveat_common) from [<c0152250>] (do_execve+0x2c/0x34)
[    5.720184] [<c0152250>] (do_execve) from [<c000e5e0>] (ret_fast_syscall+0x0/0x4c)
[    5.728240] ---[ end trace 7f1ea92976d5e4de ]---
[    5.738342] ------------[ cut here ]------------
[    5.743286] WARNING: CPU: 0 PID: 48 at mm/mmap.c:2859 exit_mmap+0x1a8/0x21c()
[    5.750946] Modules linked in:
[    5.754241] CPU: 0 PID: 48 Comm: rcS Tainted: G        W       3.19.0-rc5-next-20150120-00002-g8ef3de6000e3 #1
[    5.764862] Hardware name: Generic OMAP2430 (Flattened Device Tree)
[    5.771606] [<c00153f0>] (unwind_backtrace) from [<c0011a74>] (show_stack+0x10/0x14)
[    5.779907] [<c0011a74>] (show_stack) from [<c0583f8c>] (dump_stack+0x78/0x94)
[    5.787658] [<c0583f8c>] (dump_stack) from [<c003d5bc>] (warn_slowpath_common+0x7c/0xb4)
[    5.796325] [<c003d5bc>] (warn_slowpath_common) from [<c003d610>] (warn_slowpath_null+0x1c/0x24)
[    5.805725] [<c003d610>] (warn_slowpath_null) from [<c012dfdc>] (exit_mmap+0x1a8/0x21c)
[    5.814178] [<c012dfdc>] (exit_mmap) from [<c003aca4>] (mmput+0x44/0xec)
[    5.821380] [<c003aca4>] (mmput) from [<c01514f4>] (flush_old_exec+0x300/0x5a4)
[    5.829223] [<c01514f4>] (flush_old_exec) from [<c0195eb0>] (load_elf_binary+0x2ec/0x1144)
[    5.838043] [<c0195eb0>] (load_elf_binary) from [<c015102c>] (search_binary_handler+0x88/0x1ac)
[    5.847351] [<c015102c>] (search_binary_handler) from [<c0152098>] (do_execveat_common+0x538/0x6c4)
[    5.856994] [<c0152098>] (do_execveat_common) from [<c0152250>] (do_execve+0x2c/0x34)
[    5.865295] [<c0152250>] (do_execve) from [<c000e5e0>] (ret_fast_syscall+0x0/0x4c)
[    5.873382] ---[ end trace 7f1ea92976d5e4df ]---
[    5.893554] ------------[ cut here ]------------
[    5.898620] WARNING: CPU: 0 PID: 49 at mm/mmap.c:2859 exit_mmap+0x1a8/0x21c()
[    5.906249] Modules linked in:
[    5.909515] CPU: 0 PID: 49 Comm: rcS Tainted: G        W       3.19.0-rc5-next-20150120-00002-g8ef3de6000e3 #1
[    5.920166] Hardware name: Generic OMAP2430 (Flattened Device Tree)
[    5.926910] [<c00153f0>] (unwind_backtrace) from [<c0011a74>] (show_stack+0x10/0x14)
[    5.935119] [<c0011a74>] (show_stack) from [<c0583f8c>] (dump_stack+0x78/0x94)
[    5.942871] [<c0583f8c>] (dump_stack) from [<c003d5bc>] (warn_slowpath_common+0x7c/0xb4)
[    5.951538] [<c003d5bc>] (warn_slowpath_common) from [<c003d610>] (warn_slowpath_null+0x1c/0x24)
[    5.960937] [<c003d610>] (warn_slowpath_null) from [<c012dfdc>] (exit_mmap+0x1a8/0x21c)
[    5.969482] [<c012dfdc>] (exit_mmap) from [<c003aca4>] (mmput+0x44/0xec)
[    5.976684] [<c003aca4>] (mmput) from [<c01514f4>] (flush_old_exec+0x300/0x5a4)
[    5.984436] [<c01514f4>] (flush_old_exec) from [<c0195eb0>] (load_elf_binary+0x2ec/0x1144)
[    5.993286] [<c0195eb0>] (load_elf_binary) from [<c015102c>] (search_binary_handler+0x88/0x1ac)
[    6.002563] [<c015102c>] (search_binary_handler) from [<c0152098>] (do_execveat_common+0x538/0x6c4)
[    6.012237] [<c0152098>] (do_execveat_common) from [<c0152250>] (do_execve+0x2c/0x34)
[    6.020599] [<c0152250>] (do_execve) from [<c000e5e0>] (ret_fast_syscall+0x0/0x4c)
[    6.028686] ---[ end trace 7f1ea92976d5e4e0 ]---
[    6.044158] ------------[ cut here ]------------
[    6.049224] WARNING: CPU: 0 PID: 50 at mm/mmap.c:2859 exit_mmap+0x1a8/0x21c()
[    6.056854] Modules linked in:
[    6.060119] CPU: 0 PID: 50 Comm: rcS Tainted: G        W       3.19.0-rc5-next-20150120-00002-g8ef3de6000e3 #1
[    6.070770] Hardware name: Generic OMAP2430 (Flattened Device Tree)
[    6.077514] [<c00153f0>] (unwind_backtrace) from [<c0011a74>] (show_stack+0x10/0x14)
[    6.085815] [<c0011a74>] (show_stack) from [<c0583f8c>] (dump_stack+0x78/0x94)
[    6.093475] [<c0583f8c>] (dump_stack) from [<c003d5bc>] (warn_slowpath_common+0x7c/0xb4)
[    6.102142] [<c003d5bc>] (warn_slowpath_common) from [<c003d610>] (warn_slowpath_null+0x1c/0x24)
[    6.111541] [<c003d610>] (warn_slowpath_null) from [<c012dfdc>] (exit_mmap+0x1a8/0x21c)
[    6.120086] [<c012dfdc>] (exit_mmap) from [<c003aca4>] (mmput+0x44/0xec)
[    6.127288] [<c003aca4>] (mmput) from [<c01514f4>] (flush_old_exec+0x300/0x5a4)
[    6.135040] [<c01514f4>] (flush_old_exec) from [<c0195eb0>] (load_elf_binary+0x2ec/0x1144)
[    6.143890] [<c0195eb0>] (load_elf_binary) from [<c015102c>] (search_binary_handler+0x88/0x1ac)
[    6.153167] [<c015102c>] (search_binary_handler) from [<c0152098>] (do_execveat_common+0x538/0x6c4)
[    6.162841] [<c0152098>] (do_execveat_common) from [<c0152250>] (do_execve+0x2c/0x34)
[    6.171203] [<c0152250>] (do_execve) from [<c000e5e0>] (ret_fast_syscall+0x0/0x4c)
[    6.179290] ---[ end trace 7f1ea92976d5e4e1 ]---
[    6.226623] ------------[ cut here ]------------
[    6.231536] WARNING: CPU: 0 PID: 47 at mm/mmap.c:2859 exit_mmap+0x1a8/0x21c()
[    6.239196] Modules linked in:
[    6.242492] CPU: 0 PID: 47 Comm: cat Tainted: G        W       3.19.0-rc5-next-20150120-00002-g8ef3de6000e3 #1
[    6.253143] Hardware name: Generic OMAP2430 (Flattened Device Tree)
[    6.259887] [<c00153f0>] (unwind_backtrace) from [<c0011a74>] (show_stack+0x10/0x14)
[    6.268188] [<c0011a74>] (show_stack) from [<c0583f8c>] (dump_stack+0x78/0x94)
[    6.275939] [<c0583f8c>] (dump_stack) from [<c003d5bc>] (warn_slowpath_common+0x7c/0xb4)
[    6.284515] [<c003d5bc>] (warn_slowpath_common) from [<c003d610>] (warn_slowpath_null+0x1c/0x24)
[    6.293884] [<c003d610>] (warn_slowpath_null) from [<c012dfdc>] (exit_mmap+0x1a8/0x21c)
[    6.302459] [<c012dfdc>] (exit_mmap) from [<c003aca4>] (mmput+0x44/0xec)
[    6.309631] [<c003aca4>] (mmput) from [<c003fb70>] (do_exit+0x2b4/0x9b8)
[    6.316802] [<c003fb70>] (do_exit) from [<c00402e8>] (do_group_exit+0x48/0xbc)
[    6.324462] [<c00402e8>] (do_group_exit) from [<c004036c>] (__wake_up_parent+0x0/0x18)
[    6.332885] ---[ end trace 7f1ea92976d5e4e2 ]---
[    6.378540] ------------[ cut here ]------------
[    6.384246] WARNING: CPU: 0 PID: 48 at mm/mmap.c:2859 exit_mmap+0x1a8/0x21c()
[    6.391967] Modules linked in:
[    6.395233] CPU: 0 PID: 48 Comm: grep Tainted: G        W       3.19.0-rc5-next-20150120-00002-g8ef3de6000e3 #1
[    6.405975] Hardware name: Generic OMAP2430 (Flattened Device Tree)
[    6.412658] [<c00153f0>] (unwind_backtrace) from [<c0011a74>] (show_stack+0x10/0x14)
[    6.420959] [<c0011a74>] (show_stack) from [<c0583f8c>] (dump_stack+0x78/0x94)
[    6.428710] [<c0583f8c>] (dump_stack) from [<c003d5bc>] (warn_slowpath_common+0x7c/0xb4)
[    6.437377] [<c003d5bc>] (warn_slowpath_common) from [<c003d610>] (warn_slowpath_null+0x1c/0x24)
[    6.446746] [<c003d610>] (warn_slowpath_null) from [<c012dfdc>] (exit_mmap+0x1a8/0x21c)
[    6.455230] [<c012dfdc>] (exit_mmap) from [<c003aca4>] (mmput+0x44/0xec)
[    6.462402] [<c003aca4>] (mmput) from [<c003fb70>] (do_exit+0x2b4/0x9b8)
[    6.469573] [<c003fb70>] (do_exit) from [<c00402e8>] (do_group_exit+0x48/0xbc)
[    6.477294] [<c00402e8>] (do_group_exit) from [<c004036c>] (__wake_up_parent+0x0/0x18)
[    6.485748] ---[ end trace 7f1ea92976d5e4e3 ]---
[    6.523498] ------------[ cut here ]------------
[    6.529327] WARNING: CPU: 0 PID: 49 at mm/mmap.c:2859 exit_mmap+0x1a8/0x21c()
[    6.537261] Modules linked in:
[    6.540557] CPU: 0 PID: 49 Comm: cut Tainted: G        W       3.19.0-rc5-next-20150120-00002-g8ef3de6000e3 #1
[    6.551239] Hardware name: Generic OMAP2430 (Flattened Device Tree)
[    6.558013] [<c00153f0>] (unwind_backtrace) from [<c0011a74>] (show_stack+0x10/0x14)
[    6.566314] [<c0011a74>] (show_stack) from [<c0583f8c>] (dump_stack+0x78/0x94)
[    6.574005] [<c0583f8c>] (dump_stack) from [<c003d5bc>] (warn_slowpath_common+0x7c/0xb4)
[    6.582672] [<c003d5bc>] (warn_slowpath_common) from [<c003d610>] (warn_slowpath_null+0x1c/0x24)
[    6.592041] [<c003d610>] (warn_slowpath_null) from [<c012dfdc>] (exit_mmap+0x1a8/0x21c)
[    6.600616] [<c012dfdc>] (exit_mmap) from [<c003aca4>] (mmput+0x44/0xec)
[    6.607818] [<c003aca4>] (mmput) from [<c003fb70>] (do_exit+0x2b4/0x9b8)
[    6.614898] [<c003fb70>] (do_exit) from [<c00402e8>] (do_group_exit+0x48/0xbc)
[    6.622650] [<c00402e8>] (do_group_exit) from [<c004036c>] (__wake_up_parent+0x0/0x18)
[    6.631072] ---[ end trace 7f1ea92976d5e4e4 ]---
[    6.663787] ------------[ cut here ]------------
[    6.669860] WARNING: CPU: 0 PID: 50 at mm/mmap.c:2859 exit_mmap+0x1a8/0x21c()
[    6.677612] Modules linked in:
[    6.680877] CPU: 0 PID: 50 Comm: tr Tainted: G        W       3.19.0-rc5-next-20150120-00002-g8ef3de6000e3 #1
[    6.691436] Hardware name: Generic OMAP2430 (Flattened Device Tree)
[    6.698211] [<c00153f0>] (unwind_backtrace) from [<c0011a74>] (show_stack+0x10/0x14)
[    6.706512] [<c0011a74>] (show_stack) from [<c0583f8c>] (dump_stack+0x78/0x94)
[    6.714202] [<c0583f8c>] (dump_stack) from [<c003d5bc>] (warn_slowpath_common+0x7c/0xb4)
[    6.722869] [<c003d5bc>] (warn_slowpath_common) from [<c003d610>] (warn_slowpath_null+0x1c/0x24)
[    6.732238] [<c003d610>] (warn_slowpath_null) from [<c012dfdc>] (exit_mmap+0x1a8/0x21c)
[    6.740783] [<c012dfdc>] (exit_mmap) from [<c003aca4>] (mmput+0x44/0xec)
[    6.747985] [<c003aca4>] (mmput) from [<c003fb70>] (do_exit+0x2b4/0x9b8)
[    6.755065] [<c003fb70>] (do_exit) from [<c00402e8>] (do_group_exit+0x48/0xbc)
[    6.762817] [<c00402e8>] (do_group_exit) from [<c004036c>] (__wake_up_parent+0x0/0x18)
[    6.771270] ---[ end trace 7f1ea92976d5e4e5 ]---
[    6.792907] ------------[ cut here ]------------
[    6.799285] WARNING: CPU: 0 PID: 46 at mm/mmap.c:2859 exit_mmap+0x1a8/0x21c()
[    6.807006] Modules linked in:
[    6.810272] CPU: 0 PID: 46 Comm: rcS Tainted: G        W       3.19.0-rc5-next-20150120-00002-g8ef3de6000e3 #1
[    6.820953] Hardware name: Generic OMAP2430 (Flattened Device Tree)
[    6.827697] [<c00153f0>] (unwind_backtrace) from [<c0011a74>] (show_stack+0x10/0x14)
[    6.835998] [<c0011a74>] (show_stack) from [<c0583f8c>] (dump_stack+0x78/0x94)
[    6.843688] [<c0583f8c>] (dump_stack) from [<c003d5bc>] (warn_slowpath_common+0x7c/0xb4)
[    6.852355] [<c003d5bc>] (warn_slowpath_common) from [<c003d610>] (warn_slowpath_null+0x1c/0x24)
[    6.861724] [<c003d610>] (warn_slowpath_null) from [<c012dfdc>] (exit_mmap+0x1a8/0x21c)
[    6.870269] [<c012dfdc>] (exit_mmap) from [<c003aca4>] (mmput+0x44/0xec)
[    6.877441] [<c003aca4>] (mmput) from [<c003fb70>] (do_exit+0x2b4/0x9b8)
[    6.884552] [<c003fb70>] (do_exit) from [<c00402e8>] (do_group_exit+0x48/0xbc)
[    6.892272] [<c00402e8>] (do_group_exit) from [<c004036c>] (__wake_up_parent+0x0/0x18)
[    6.900695] ---[ end trace 7f1ea92976d5e4e6 ]---
[    6.928070] ------------[ cut here ]------------
[    6.933013] WARNING: CPU: 0 PID: 52 at mm/mmap.c:2859 exit_mmap+0x1a8/0x21c()
[    6.940765] Modules linked in:
[    6.944061] CPU: 0 PID: 52 Comm: rcS Tainted: G        W       3.19.0-rc5-next-20150120-00002-g8ef3de6000e3 #1
[    6.954711] Hardware name: Generic OMAP2430 (Flattened Device Tree)
[    6.961486] [<c00153f0>] (unwind_backtrace) from [<c0011a74>] (show_stack+0x10/0x14)
[    6.969787] [<c0011a74>] (show_stack) from [<c0583f8c>] (dump_stack+0x78/0x94)
[    6.977539] [<c0583f8c>] (dump_stack) from [<c003d5bc>] (warn_slowpath_common+0x7c/0xb4)
[    6.986206] [<c003d5bc>] (warn_slowpath_common) from [<c003d610>] (warn_slowpath_null+0x1c/0x24)
[    6.995605] [<c003d610>] (warn_slowpath_null) from [<c012dfdc>] (exit_mmap+0x1a8/0x21c)
[    7.004058] [<c012dfdc>] (exit_mmap) from [<c003aca4>] (mmput+0x44/0xec)
[    7.011260] [<c003aca4>] (mmput) from [<c01514f4>] (flush_old_exec+0x300/0x5a4)
[    7.019104] [<c01514f4>] (flush_old_exec) from [<c0195eb0>] (load_elf_binary+0x2ec/0x1144)
[    7.027954] [<c0195eb0>] (load_elf_binary) from [<c015102c>] (search_binary_handler+0x88/0x1ac)
[    7.037353] [<c015102c>] (search_binary_handler) from [<c0152098>] (do_execveat_common+0x538/0x6c4)
[    7.047027] [<c0152098>] (do_execveat_common) from [<c0152250>] (do_execve+0x2c/0x34)
[    7.055328] [<c0152250>] (do_execve) from [<c000e5e0>] (ret_fast_syscall+0x0/0x4c)
[    7.063415] ---[ end trace 7f1ea92976d5e4e7 ]---
[    7.070312] ------------[ cut here ]------------
[    7.075256] WARNING: CPU: 0 PID: 51 at mm/mmap.c:2859 exit_mmap+0x1a8/0x21c()
[    7.082977] Modules linked in:
[    7.086364] CPU: 0 PID: 51 Comm: rcS Tainted: G        W       3.19.0-rc5-next-20150120-00002-g8ef3de6000e3 #1
[    7.096984] Hardware name: Generic OMAP2430 (Flattened Device Tree)
[    7.103698] [<c00153f0>] (unwind_backtrace) from [<c0011a74>] (show_stack+0x10/0x14)
[    7.111999] [<c0011a74>] (show_stack) from [<c0583f8c>] (dump_stack+0x78/0x94)
[    7.119750] [<c0583f8c>] (dump_stack) from [<c003d5bc>] (warn_slowpath_common+0x7c/0xb4)
[    7.128417] [<c003d5bc>] (warn_slowpath_common) from [<c003d610>] (warn_slowpath_null+0x1c/0x24)
[    7.137786] [<c003d610>] (warn_slowpath_null) from [<c012dfdc>] (exit_mmap+0x1a8/0x21c)
[    7.146362] [<c012dfdc>] (exit_mmap) from [<c003aca4>] (mmput+0x44/0xec)
[    7.153472] [<c003aca4>] (mmput) from [<c01514f4>] (flush_old_exec+0x300/0x5a4)
[    7.161315] [<c01514f4>] (flush_old_exec) from [<c0195eb0>] (load_elf_binary+0x2ec/0x1144)
[    7.170135] [<c0195eb0>] (load_elf_binary) from [<c015102c>] (search_binary_handler+0x88/0x1ac)
[    7.179443] [<c015102c>] (search_binary_handler) from [<c0152098>] (do_execveat_common+0x538/0x6c4)
[    7.189086] [<c0152098>] (do_execveat_common) from [<c0152250>] (do_execve+0x2c/0x34)
[    7.197479] [<c0152250>] (do_execve) from [<c000e5e0>] (ret_fast_syscall+0x0/0x4c)
[    7.205566] ---[ end trace 7f1ea92976d5e4e8 ]---
[    7.231201] ------------[ cut here ]------------
[    7.236328] WARNING: CPU: 0 PID: 51 at mm/mmap.c:2859 exit_mmap+0x1a8/0x21c()
[    7.243865] Modules linked in:
[    7.247253] CPU: 0 PID: 51 Comm: cat Tainted: G        W       3.19.0-rc5-next-20150120-00002-g8ef3de6000e3 #1
[    7.257904] Hardware name: Generic OMAP2430 (Flattened Device Tree)
[    7.264587] [<c00153f0>] (unwind_backtrace) from [<c0011a74>] (show_stack+0x10/0x14)
[    7.272888] [<c0011a74>] (show_stack) from [<c0583f8c>] (dump_stack+0x78/0x94)
[    7.280639] [<c0583f8c>] (dump_stack) from [<c003d5bc>] (warn_slowpath_common+0x7c/0xb4)
[    7.289306] [<c003d5bc>] (warn_slowpath_common) from [<c003d610>] (warn_slowpath_null+0x1c/0x24)
[    7.298706] [<c003d610>] (warn_slowpath_null) from [<c012dfdc>] (exit_mmap+0x1a8/0x21c)
[    7.307281] [<c012dfdc>] (exit_mmap) from [<c003aca4>] (mmput+0x44/0xec)
[    7.314361] [<c003aca4>] (mmput) from [<c003fb70>] (do_exit+0x2b4/0x9b8)
[    7.321563] [<c003fb70>] (do_exit) from [<c00402e8>] (do_group_exit+0x48/0xbc)
[    7.329284] [<c00402e8>] (do_group_exit) from [<c004036c>] (__wake_up_parent+0x0/0x18)
[    7.337738] ---[ end trace 7f1ea92976d5e4e9 ]---
[    7.346221] ------------[ cut here ]------------
[    7.351165] WARNING: CPU: 0 PID: 52 at mm/mmap.c:2859 exit_mmap+0x1a8/0x21c()
[    7.358795] Modules linked in:
[    7.362060] CPU: 0 PID: 52 Comm: grep Tainted: G        W       3.19.0-rc5-next-20150120-00002-g8ef3de6000e3 #1
[    7.372802] Hardware name: Generic OMAP2430 (Flattened Device Tree)
[    7.379547] [<c00153f0>] (unwind_backtrace) from [<c0011a74>] (show_stack+0x10/0x14)
[    7.387847] [<c0011a74>] (show_stack) from [<c0583f8c>] (dump_stack+0x78/0x94)
[    7.395599] [<c0583f8c>] (dump_stack) from [<c003d5bc>] (warn_slowpath_common+0x7c/0xb4)
[    7.404174] [<c003d5bc>] (warn_slowpath_common) from [<c003d610>] (warn_slowpath_null+0x1c/0x24)
[    7.413574] [<c003d610>] (warn_slowpath_null) from [<c012dfdc>] (exit_mmap+0x1a8/0x21c)
[    7.422119] [<c012dfdc>] (exit_mmap) from [<c003aca4>] (mmput+0x44/0xec)
[    7.429290] [<c003aca4>] (mmput) from [<c003fb70>] (do_exit+0x2b4/0x9b8)
[    7.436462] [<c003fb70>] (do_exit) from [<c00402e8>] (do_group_exit+0x48/0xbc)
[    7.444122] [<c00402e8>] (do_group_exit) from [<c004036c>] (__wake_up_parent+0x0/0x18)
[    7.452545] ---[ end trace 7f1ea92976d5e4ea ]---
Mounting sysfs : [    7.470672] ------------[ cut here ]------------
[    7.475799] WARNING: CPU: 0 PID: 53 at mm/mmap.c:2859 exit_mmap+0x1a8/0x21c()
[    7.483337] Modules linked in:
[    7.486694] CPU: 0 PID: 53 Comm: rcS Tainted: G        W       3.19.0-rc5-next-20150120-00002-g8ef3de6000e3 #1
[    7.497344] Hardware name: Generic OMAP2430 (Flattened Device Tree)
[    7.504028] [<c00153f0>] (unwind_backtrace) from [<c0011a74>] (show_stack+0x10/0x14)
[    7.512329] [<c0011a74>] (show_stack) from [<c0583f8c>] (dump_stack+0x78/0x94)
[    7.520080] [<c0583f8c>] (dump_stack) from [<c003d5bc>] (warn_slowpath_common+0x7c/0xb4)
[    7.528747] [<c003d5bc>] (warn_slowpath_common) from [<c003d610>] (warn_slowpath_null+0x1c/0x24)
[    7.538116] [<c003d610>] (warn_slowpath_null) from [<c012dfdc>] (exit_mmap+0x1a8/0x21c)
[    7.546661] [<c012dfdc>] (exit_mmap) from [<c003aca4>] (mmput+0x44/0xec)
[    7.553771] [<c003aca4>] (mmput) from [<c01514f4>] (flush_old_exec+0x300/0x5a4)
[    7.561614] [<c01514f4>] (flush_old_exec) from [<c0195eb0>] (load_elf_binary+0x2ec/0x1144)
[    7.570434] [<c0195eb0>] (load_elf_binary) from [<c015102c>] (search_binary_handler+0x88/0x1ac)
[    7.579711] [<c015102c>] (search_binary_handler) from [<c0152098>] (do_execveat_common+0x538/0x6c4)
[    7.589355] [<c0152098>] (do_execveat_common) from [<c0152250>] (do_execve+0x2c/0x34)
[    7.597747] [<c0152250>] (do_execve) from [<c000e5e0>] (ret_fast_syscall+0x0/0x4c)
[    7.605804] ---[ end trace 7f1ea92976d5e4eb ]---
[    7.627288] ------------[ cut here ]------------
[    7.632202] WARNING: CPU: 0 PID: 53 at mm/mmap.c:2859 exit_mmap+0x1a8/0x21c()
[    7.639953] Modules linked in:
[    7.643218] CPU: 0 PID: 53 Comm: mount Tainted: G        W       3.19.0-rc5-next-20150120-00002-g8ef3de6000e3 #1
[    7.654083] Hardware name: Generic OMAP2430 (Flattened Device Tree)
[    7.660827] [<c00153f0>] (unwind_backtrace) from [<c0011a74>] (show_stack+0x10/0x14)
[    7.669128] [<c0011a74>] (show_stack) from [<c0583f8c>] (dump_stack+0x78/0x94)
[    7.676879] [<c0583f8c>] (dump_stack) from [<c003d5bc>] (warn_slowpath_common+0x7c/0xb4)
[    7.685546] [<c003d5bc>] (warn_slowpath_common) from [<c003d610>] (warn_slowpath_null+0x1c/0x24)
[    7.694854] [<c003d610>] (warn_slowpath_null) from [<c012dfdc>] (exit_mmap+0x1a8/0x21c)
[    7.703430] [<c012dfdc>] (exit_mmap) from [<c003aca4>] (mmput+0x44/0xec)
[    7.710601] [<c003aca4>] (mmput) from [<c003fb70>] (do_exit+0x2b4/0x9b8)
[    7.717773] [<c003fb70>] (do_exit) from [<c00402e8>] (do_group_exit+0x48/0xbc)
[    7.725433] [<c00402e8>] (do_group_exit) from [<c004036c>] (__wake_up_parent+0x0/0x18)
[    7.733856] ---[ end trace 7f1ea92976d5e4ec ]---
[    7.760314] ------------[ cut here ]------------
[    7.765258] WARNING: CPU: 0 PID: 54 at mm/mmap.c:2859 exit_mmap+0x1a8/0x21c()
[    7.773010] Modules linked in:
[    7.776397] CPU: 0 PID: 54 Comm: rcS Tainted: G        W       3.19.0-rc5-next-20150120-00002-g8ef3de6000e3 #1
[    7.787048] Hardware name: Generic OMAP2430 (Flattened Device Tree)
[    7.793731] [<c00153f0>] (unwind_backtrace) from [<c0011a74>] (show_stack+0x10/0x14)
[    7.802032] [<c0011a74>] (show_stack) from [<c0583f8c>] (dump_stack+0x78/0x94)
[    7.809814] [<c0583f8c>] (dump_stack) from [<c003d5bc>] (warn_slowpath_common+0x7c/0xb4)
[    7.818450] [<c003d5bc>] (warn_slowpath_common) from [<c003d610>] (warn_slowpath_null+0x1c/0x24)
[    7.827850] [<c003d610>] (warn_slowpath_null) from [<c012dfdc>] (exit_mmap+0x1a8/0x21c)
[    7.836425] [<c012dfdc>] (exit_mmap) from [<c003aca4>] (mmput+0x44/0xec)
[    7.843536] [<c003aca4>] (mmput) from [<c01514f4>] (flush_old_exec+0x300/0x5a4)
[    7.851379] [<c01514f4>] (flush_old_exec) from [<c0195eb0>] (load_elf_binary+0x2ec/0x1144)
[    7.860229] [<c0195eb0>] (load_elf_binary) from [<c015102c>] (search_binary_handler+0x88/0x1ac)
[    7.869506] [<c015102c>] (search_binary_handler) from [<c0152098>] (do_execveat_common+0x538/0x6c4)
[    7.879180] [<c0152098>] (do_execveat_common) from [<c0152250>] (do_execve+0x2c/0x34)
[    7.887573] [<c0152250>] (do_execve) from [<c000e5e0>] (ret_fast_syscall+0x0/0x4c)
[    7.895629] ---[ end trace 7f1ea92976d5e4ed ]---
[    7.902618] ------------[ cut here ]------------
[    7.907775] WARNING: CPU: 0 PID: 55 at mm/mmap.c:2859 exit_mmap+0x1a8/0x21c()
[    7.915313] Modules linked in:
[    7.918670] CPU: 0 PID: 55 Comm: rcS Tainted: G        W       3.19.0-rc5-next-20150120-00002-g8ef3de6000e3 #1
[    7.929321] Hardware name: Generic OMAP2430 (Flattened Device Tree)
[    7.936065] [<c00153f0>] (unwind_backtrace) from [<c0011a74>] (show_stack+0x10/0x14)
[    7.944305] [<c0011a74>] (show_stack) from [<c0583f8c>] (dump_stack+0x78/0x94)
[    7.952056] [<c0583f8c>] (dump_stack) from [<c003d5bc>] (warn_slowpath_common+0x7c/0xb4)
[    7.960754] [<c003d5bc>] (warn_slowpath_common) from [<c003d610>] (warn_slowpath_null+0x1c/0x24)
[    7.970123] [<c003d610>] (warn_slowpath_null) from [<c012dfdc>] (exit_mmap+0x1a8/0x21c)
[    7.978698] [<c012dfdc>] (exit_mmap) from [<c003aca4>] (mmput+0x44/0xec)
[    7.985900] [<c003aca4>] (mmput) from [<c01514f4>] (flush_old_exec+0x300/0x5a4)
[    7.993652] [<c01514f4>] (flush_old_exec) from [<c0195eb0>] (load_elf_binary+0x2ec/0x1144)
[    8.002502] [<c0195eb0>] (load_elf_binary) from [<c015102c>] (search_binary_handler+0x88/0x1ac)
[    8.011810] [<c015102c>] (search_binary_handler) from [<c0152098>] (do_execveat_common+0x538/0x6c4)
[    8.021453] [<c0152098>] (do_execveat_common) from [<c0152250>] (do_execve+0x2c/0x34)
[    8.029846] [<c0152250>] (do_execve) from [<c000e5e0>] (ret_fast_syscall+0x0/0x4c)
[    8.038024] ---[ end trace 7f1ea92976d5e4ee ]---
[    8.067596] ------------[ cut here ]------------
[    8.072509] WARNING: CPU: 0 PID: 54 at mm/mmap.c:2859 exit_mmap+0x1a8/0x21c()
[    8.080261] Modules linked in:
[    8.083526] CPU: 0 PID: 54 Comm: cat Tainted: G        W       3.19.0-rc5-next-20150120-00002-g8ef3de6000e3 #1
[    8.094177] Hardware name: Generic OMAP2430 (Flattened Device Tree)
[    8.100952] [<c00153f0>] (unwind_backtrace) from [<c0011a74>] (show_stack+0x10/0x14)
[    8.109252] [<c0011a74>] (show_stack) from [<c0583f8c>] (dump_stack+0x78/0x94)
[    8.117004] [<c0583f8c>] (dump_stack) from [<c003d5bc>] (warn_slowpath_common+0x7c/0xb4)
[    8.125671] [<c003d5bc>] (warn_slowpath_common) from [<c003d610>] (warn_slowpath_null+0x1c/0x24)
[    8.134979] [<c003d610>] (warn_slowpath_null) from [<c012dfdc>] (exit_mmap+0x1a8/0x21c)
[    8.143524] [<c012dfdc>] (exit_mmap) from [<c003aca4>] (mmput+0x44/0xec)
[    8.150726] [<c003aca4>] (mmput) from [<c003fb70>] (do_exit+0x2b4/0x9b8)
[    8.157897] [<c003fb70>] (do_exit) from [<c00402e8>] (do_group_exit+0x48/0xbc)
[    8.165618] [<c00402e8>] (do_group_exit) from [<c004036c>] (__wake_up_parent+0x0/0x18)
[    8.173980] ---[ end trace 7f1ea92976d5e4ef ]---
[    8.179412] ------------[ cut here ]------------
[    8.184356] WARNING: CPU: 0 PID: 55 at mm/mmap.c:2859 exit_mmap+0x1a8/0x21c()
[    8.192047] Modules linked in:
[    8.195343] CPU: 0 PID: 55 Comm: grep Tainted: G        W       3.19.0-rc5-next-20150120-00002-g8ef3de6000e3 #1
[    8.206085] Hardware name: Generic OMAP2430 (Flattened Device Tree)
[    8.212768] [<c00153f0>] (unwind_backtrace) from [<c0011a74>] (show_stack+0x10/0x14)
[    8.221069] [<c0011a74>] (show_stack) from [<c0583f8c>] (dump_stack+0x78/0x94)
[    8.228820] [<c0583f8c>] (dump_stack) from [<c003d5bc>] (warn_slowpath_common+0x7c/0xb4)
[    8.237487] [<c003d5bc>] (warn_slowpath_common) from [<c003d610>] (warn_slowpath_null+0x1c/0x24)
[    8.246856] [<c003d610>] (warn_slowpath_null) from [<c012dfdc>] (exit_mmap+0x1a8/0x21c)
[    8.255340] [<c012dfdc>] (exit_mmap) from [<c003aca4>] (mmput+0x44/0xec)
[    8.262512] [<c003aca4>] (mmput) from [<c003fb70>] (do_exit+0x2b4/0x9b8)
[    8.269683] [<c003fb70>] (do_exit) from [<c00402e8>] (do_group_exit+0x48/0xbc)
[    8.277435] [<c00402e8>] (do_group_exit) from [<c004036c>] (__wake_up_parent+0x0/0x18)
[    8.285858] ---[ end trace 7f1ea92976d5e4f0 ]---
Mounting devtmpfs:[    8.306671] ------------[ cut here ]------------
[    8.311614] WARNING: CPU: 0 PID: 56 at mm/mmap.c:2859 exit_mmap+0x1a8/0x21c()
[    8.319366] Modules linked in:
[    8.322662] CPU: 0 PID: 56 Comm: rcS Tainted: G        W       3.19.0-rc5-next-20150120-00002-g8ef3de6000e3 #1
[    8.333312] Hardware name: Generic OMAP2430 (Flattened Device Tree)
[    8.340057] [<c00153f0>] (unwind_backtrace) from [<c0011a74>] (show_stack+0x10/0x14)
[    8.348388] [<c0011a74>] (show_stack) from [<c0583f8c>] (dump_stack+0x78/0x94)
[    8.356140] [<c0583f8c>] (dump_stack) from [<c003d5bc>] (warn_slowpath_common+0x7c/0xb4)
[    8.364715] [<c003d5bc>] (warn_slowpath_common) from [<c003d610>] (warn_slowpath_null+0x1c/0x24)
[    8.374084] [<c003d610>] (warn_slowpath_null) from [<c012dfdc>] (exit_mmap+0x1a8/0x21c)
[    8.382629] [<c012dfdc>] (exit_mmap) from [<c003aca4>] (mmput+0x44/0xec)
[    8.389831] [<c003aca4>] (mmput) from [<c01514f4>] (flush_old_exec+0x300/0x5a4)
[    8.397674] [<c01514f4>] (flush_old_exec) from [<c0195eb0>] (load_elf_binary+0x2ec/0x1144)
[    8.406494] [<c0195eb0>] (load_elf_binary) from [<c015102c>] (search_binary_handler+0x88/0x1ac)
[    8.415802] [<c015102c>] (search_binary_handler) from [<c0152098>] (do_execveat_common+0x538/0x6c4)
[    8.425384] [<c0152098>] (do_execveat_common) from [<c0152250>] (do_execve+0x2c/0x34)
[    8.433746] [<c0152250>] (do_execve) from [<c000e5e0>] (ret_fast_syscall+0x0/0x4c)
[    8.441833] ---[ end trace 7f1ea92976d5e4f1 ]---
mount: mounting none on /dev failed: Device or resource busy
[    8.468261] ------------[ cut here ]------------
[    8.476745] WARNING: CPU: 0 PID: 56 at mm/mmap.c:2859 exit_mmap+0x1a8/0x21c()
[    8.484283] Modules linked in:
[    8.487670] CPU: 0 PID: 56 Comm: mount Tainted: G        W       3.19.0-rc5-next-20150120-00002-g8ef3de6000e3 #1
[    8.498474] Hardware name: Generic OMAP2430 (Flattened Device Tree)
[    8.505157] [<c00153f0>] (unwind_backtrace) from [<c0011a74>] (show_stack+0x10/0x14)
[    8.513458] [<c0011a74>] (show_stack) from [<c0583f8c>] (dump_stack+0x78/0x94)
[    8.521209] [<c0583f8c>] (dump_stack) from [<c003d5bc>] (warn_slowpath_common+0x7c/0xb4)
[    8.529876] [<c003d5bc>] (warn_slowpath_common) from [<c003d610>] (warn_slowpath_null+0x1c/0x24)
[    8.539276] [<c003d610>] (warn_slowpath_null) from [<c012dfdc>] (exit_mmap+0x1a8/0x21c)
[    8.547821] [<c012dfdc>] (exit_mmap) from [<c003aca4>] (mmput+0x44/0xec)
[    8.554931] [<c003aca4>] (mmput) from [<c003fb70>] (do_exit+0x2b4/0x9b8)
[    8.562103] [<c003fb70>] (do_exit) from [<c00402e8>] (do_group_exit+0x48/0xbc)
[    8.569824] [<c00402e8>] (do_group_exit) from [<c004036c>] (__wake_up_parent+0x0/0x18)
[    8.578277] ---[ end trace 7f1ea92976d5e4f2 ]---
boot mounted: OK
[    8.613586] ------------[ cut here ]------------
[    8.618743] WARNING: CPU: 0 PID: 59 at mm/mmap.c:2859 exit_mmap+0x1a8/0x21c()
[    8.626373] Modules linked in:
[    8.629638] CPU: 0 PID: 59 Comm: rcS Tainted: G        W       3.19.0-rc5-next-20150120-00002-g8ef3de6000e3 #1
[    8.640289] Hardware name: Generic OMAP2430 (Flattened Device Tree)
[    8.647033] [<c00153f0>] (unwind_backtrace) from [<c0011a74>] (show_stack+0x10/0x14)
[    8.655273] [<c0011a74>] (show_stack) from [<c0583f8c>] (dump_stack+0x78/0x94)
[    8.663024] [<c0583f8c>] (dump_stack) from [<c003d5bc>] (warn_slowpath_common+0x7c/0xb4)
[    8.671691] [<c003d5bc>] (warn_slowpath_common) from [<c003d610>] (warn_slowpath_null+0x1c/0x24)
[    8.681060] [<c003d610>] (warn_slowpath_null) from [<c012dfdc>] (exit_mmap+0x1a8/0x21c)
[    8.689636] [<c012dfdc>] (exit_mmap) from [<c003aca4>] (mmput+0x44/0xec)
[    8.696838] [<c003aca4>] (mmput) from [<c01514f4>] (flush_old_exec+0x300/0x5a4)
[    8.704589] [<c01514f4>] (flush_old_exec) from [<c0195eb0>] (load_elf_binary+0x2ec/0x1144)
[    8.713409] [<c0195eb0>] (load_elf_binary) from [<c015102c>] (search_binary_handler+0x88/0x1ac)
[    8.722717] [<c015102c>] (search_binary_handler) from [<c0152098>] (do_execveat_common+0x538/0x6c4)
[    8.732360] [<c0152098>] (do_execveat_common) from [<c0152250>] (do_execve+0x2c/0x34)
[    8.740753] [<c0152250>] (do_execve) from [<c000e5e0>] (ret_fast_syscall+0x0/0x4c)
[    8.748840] ---[ end trace 7f1ea92976d5e4f3 ]---
[    8.757873] ------------[ cut here ]------------
[    8.762786] WARNING: CPU: 0 PID: 60 at mm/mmap.c:2859 exit_mmap+0x1a8/0x21c()
[    8.770477] Modules linked in:
[    8.773742] CPU: 0 PID: 60 Comm: rcS Tainted: G        W       3.19.0-rc5-next-20150120-00002-g8ef3de6000e3 #1
[    8.784393] Hardware name: Generic OMAP2430 (Flattened Device Tree)
[    8.791137] [<c00153f0>] (unwind_backtrace) from [<c0011a74>] (show_stack+0x10/0x14)
[    8.799468] [<c0011a74>] (show_stack) from [<c0583f8c>] (dump_stack+0x78/0x94)
[    8.807220] [<c0583f8c>] (dump_stack) from [<c003d5bc>] (warn_slowpath_common+0x7c/0xb4)
[    8.815887] [<c003d5bc>] (warn_slowpath_common) from [<c003d610>] (warn_slowpath_null+0x1c/0x24)
[    8.825195] [<c003d610>] (warn_slowpath_null) from [<c012dfdc>] (exit_mmap+0x1a8/0x21c)
[    8.833770] [<c012dfdc>] (exit_mmap) from [<c003aca4>] (mmput+0x44/0xec)
[    8.840942] [<c003aca4>] (mmput) from [<c01514f4>] (flush_old_exec+0x300/0x5a4)
[    8.848785] [<c01514f4>] (flush_old_exec) from [<c0195eb0>] (load_elf_binary+0x2ec/0x1144)
[    8.857635] [<c0195eb0>] (load_elf_binary) from [<c015102c>] (search_binary_handler+0x88/0x1ac)
[    8.866912] [<c015102c>] (search_binary_handler) from [<c0152098>] (do_execveat_common+0x538/0x6c4)
[    8.876586] [<c0152098>] (do_execveat_common) from [<c0152250>] (do_execve+0x2c/0x34)
[    8.884887] [<c0152250>] (do_execve) from [<c000e5e0>] (ret_fast_syscall+0x0/0x4c)
[    8.892974] ---[ end trace 7f1ea92976d5e4f4 ]---
[    8.924530] ------------[ cut here ]------------
[    8.929656] WARNING: CPU: 0 PID: 59 at mm/mmap.c:2859 exit_mmap+0x1a8/0x21c()
[    8.937316] Modules linked in:
[    8.940582] CPU: 0 PID: 59 Comm: mount Tainted: G        W       3.19.0-rc5-next-20150120-00002-g8ef3de6000e3 #1
[    8.951416] Hardware name: Generic OMAP2430 (Flattened Device Tree)
[    8.958160] [<c00153f0>] (unwind_backtrace) from [<c0011a74>] (show_stack+0x10/0x14)
[    8.966491] [<c0011a74>] (show_stack) from [<c0583f8c>] (dump_stack+0x78/0x94)
[    8.974151] [<c0583f8c>] (dump_stack) from [<c003d5bc>] (warn_slowpath_common+0x7c/0xb4)
[    8.982818] [<c003d5bc>] (warn_slowpath_common) from [<c003d610>] (warn_slowpath_null+0x1c/0x24)
[    8.992218] [<c003d610>] (warn_slowpath_null) from [<c012dfdc>] (exit_mmap+0x1a8/0x21c)
[    9.000762] [<c012dfdc>] (exit_mmap) from [<c003aca4>] (mmput+0x44/0xec)
[    9.007965] [<c003aca4>] (mmput) from [<c003fb70>] (do_exit+0x2b4/0x9b8)
[    9.015045] [<c003fb70>] (do_exit) from [<c00402e8>] (do_group_exit+0x48/0xbc)
[    9.022796] [<c00402e8>] (do_group_exit) from [<c004036c>] (__wake_up_parent+0x0/0x18)
[    9.031219] ---[ end trace 7f1ea92976d5e4f5 ]---
[    9.077087] ------------[ cut here ]------------
[    9.082031] WARNING: CPU: 0 PID: 60 at mm/mmap.c:2859 exit_mmap+0x1a8/0x21c()
[    9.089752] Modules linked in:
[    9.093017] CPU: 0 PID: 60 Comm: grep Tainted: G        W       3.19.0-rc5-next-20150120-00002-g8ef3de6000e3 #1
[    9.103790] Hardware name: Generic OMAP2430 (Flattened Device Tree)
[    9.110534] [<c00153f0>] (unwind_backtrace) from [<c0011a74>] (show_stack+0x10/0x14)
[    9.118835] [<c0011a74>] (show_stack) from [<c0583f8c>] (dump_stack+0x78/0x94)
[    9.126586] [<c0583f8c>] (dump_stack) from [<c003d5bc>] (warn_slowpath_common+0x7c/0xb4)
[    9.135162] [<c003d5bc>] (warn_slowpath_common) from [<c003d610>] (warn_slowpath_null+0x1c/0x24)
[    9.144561] [<c003d610>] (warn_slowpath_null) from [<c012dfdc>] (exit_mmap+0x1a8/0x21c)
[    9.153106] [<c012dfdc>] (exit_mmap) from [<c003aca4>] (mmput+0x44/0xec)
[    9.160278] [<c003aca4>] (mmput) from [<c003fb70>] (do_exit+0x2b4/0x9b8)
[    9.167449] [<c003fb70>] (do_exit) from [<c00402e8>] (do_group_exit+0x48/0xbc)
[    9.175109] [<c00402e8>] (do_group_exit) from [<c004036c>] (__wake_up_parent+0x0/0x18)
[    9.183532] ---[ end trace 7f1ea92976d5e4f6 ]---
[    9.190124] ------------[ cut here ]------------
[    9.195068] WARNING: CPU: 0 PID: 58 at mm/mmap.c:2859 exit_mmap+0x1a8/0x21c()
[    9.202789] Modules linked in:
[    9.206176] CPU: 0 PID: 58 Comm: rcS Tainted: G        W       3.19.0-rc5-next-20150120-00002-g8ef3de6000e3 #1
[    9.216827] Hardware name: Generic OMAP2430 (Flattened Device Tree)
[    9.223510] [<c00153f0>] (unwind_backtrace) from [<c0011a74>] (show_stack+0x10/0x14)
[    9.231811] [<c0011a74>] (show_stack) from [<c0583f8c>] (dump_stack+0x78/0x94)
[    9.239562] [<c0583f8c>] (dump_stack) from [<c003d5bc>] (warn_slowpath_common+0x7c/0xb4)
[    9.248229] [<c003d5bc>] (warn_slowpath_common) from [<c003d610>] (warn_slowpath_null+0x1c/0x24)
[    9.257629] [<c003d610>] (warn_slowpath_null) from [<c012dfdc>] (exit_mmap+0x1a8/0x21c)
[    9.266174] [<c012dfdc>] (exit_mmap) from [<c003aca4>] (mmput+0x44/0xec)
[    9.273284] [<c003aca4>] (mmput) from [<c003fb70>] (do_exit+0x2b4/0x9b8)
[    9.280456] [<c003fb70>] (do_exit) from [<c00402e8>] (do_group_exit+0x48/0xbc)
[    9.288177] [<c00402e8>] (do_group_exit) from [<c004036c>] (__wake_up_parent+0x0/0x18)
[    9.296630] ---[ end trace 7f1ea92976d5e4f7 ]---
[    9.357940] ------------[ cut here ]------------
[    9.362854] WARNING: CPU: 0 PID: 62 at mm/mmap.c:2859 exit_mmap+0x1a8/0x21c()
[    9.370544] Modules linked in:
[    9.373809] CPU: 0 PID: 62 Comm: rcS Tainted: G        W       3.19.0-rc5-next-20150120-00002-g8ef3de6000e3 #1
[    9.384460] Hardware name: Generic OMAP2430 (Flattened Device Tree)
[    9.391235] [<c00153f0>] (unwind_backtrace) from [<c0011a74>] (show_stack+0x10/0x14)
[    9.399536] [<c0011a74>] (show_stack) from [<c0583f8c>] (dump_stack+0x78/0x94)
[    9.407287] [<c0583f8c>] (dump_stack) from [<c003d5bc>] (warn_slowpath_common+0x7c/0xb4)
[    9.415954] [<c003d5bc>] (warn_slowpath_common) from [<c003d610>] (warn_slowpath_null+0x1c/0x24)
[    9.425262] [<c003d610>] (warn_slowpath_null) from [<c012dfdc>] (exit_mmap+0x1a8/0x21c)
[    9.433837] [<c012dfdc>] (exit_mmap) from [<c003aca4>] (mmput+0x44/0xec)
[    9.441040] [<c003aca4>] (mmput) from [<c01514f4>] (flush_old_exec+0x300/0x5a4)
[    9.448852] [<c01514f4>] (flush_old_exec) from [<c0195eb0>] (load_elf_binary+0x2ec/0x1144)
[    9.457702] [<c0195eb0>] (load_elf_binary) from [<c015102c>] (search_binary_handler+0x88/0x1ac)
[    9.467010] [<c015102c>] (search_binary_handler) from [<c0152098>] (do_execveat_common+0x538/0x6c4)
[    9.476654] [<c0152098>] (do_execveat_common) from [<c0152250>] (do_execve+0x2c/0x34)
[    9.484954] [<c0152250>] (do_execve) from [<c000e5e0>] (ret_fast_syscall+0x0/0x4c)
[    9.493041] ---[ end trace 7f1ea92976d5e4f8 ]---
[    9.500030] ------------[ cut here ]------------
[    9.504974] WARNING: CPU: 0 PID: 63 at mm/mmap.c:2859 exit_mmap+0x1a8/0x21c()
[    9.512634] Modules linked in:
[    9.516021] CPU: 0 PID: 63 Comm: rcS Tainted: G        W       3.19.0-rc5-next-20150120-00002-g8ef3de6000e3 #1
[    9.526641] Hardware name: Generic OMAP2430 (Flattened Device Tree)
[    9.533325] [<c00153f0>] (unwind_backtrace) from [<c0011a74>] (show_stack+0x10/0x14)
[    9.541625] [<c0011a74>] (show_stack) from [<c0583f8c>] (dump_stack+0x78/0x94)
[    9.549377] [<c0583f8c>] (dump_stack) from [<c003d5bc>] (warn_slowpath_common+0x7c/0xb4)
[    9.558044] [<c003d5bc>] (warn_slowpath_common) from [<c003d610>] (warn_slowpath_null+0x1c/0x24)
[    9.567443] [<c003d610>] (warn_slowpath_null) from [<c012dfdc>] (exit_mmap+0x1a8/0x21c)
[    9.575988] [<c012dfdc>] (exit_mmap) from [<c003aca4>] (mmput+0x44/0xec)
[    9.583129] [<c003aca4>] (mmput) from [<c01514f4>] (flush_old_exec+0x300/0x5a4)
[    9.590972] [<c01514f4>] (flush_old_exec) from [<c0195eb0>] (load_elf_binary+0x2ec/0x1144)
[    9.599792] [<c0195eb0>] (load_elf_binary) from [<c015102c>] (search_binary_handler+0x88/0x1ac)
[    9.609100] [<c015102c>] (search_binary_handler) from [<c0152098>] (do_execveat_common+0x538/0x6c4)
[    9.618743] [<c0152098>] (do_execveat_common) from [<c0152250>] (do_execve+0x2c/0x34)
[    9.627136] [<c0152250>] (do_execve) from [<c000e5e0>] (ret_fast_syscall+0x0/0x4c)
[    9.635131] ---[ end trace 7f1ea92976d5e4f9 ]---
[    9.650207] ------------[ cut here ]------------
[    9.655151] WARNING: CPU: 0 PID: 64 at mm/mmap.c:2859 exit_mmap+0x1a8/0x21c()
[    9.662872] Modules linked in:
[    9.666259] CPU: 0 PID: 64 Comm: rcS Tainted: G        W       3.19.0-rc5-next-20150120-00002-g8ef3de6000e3 #1
[    9.676879] Hardware name: Generic OMAP2430 (Flattened Device Tree)
[    9.683563] [<c00153f0>] (unwind_backtrace) from [<c0011a74>] (show_stack+0x10/0x14)
[    9.691894] [<c0011a74>] (show_stack) from [<c0583f8c>] (dump_stack+0x78/0x94)
[    9.699645] [<c0583f8c>] (dump_stack) from [<c003d5bc>] (warn_slowpath_common+0x7c/0xb4)
[    9.708312] [<c003d5bc>] (warn_slowpath_common) from [<c003d610>] (warn_slowpath_null+0x1c/0x24)
[    9.717681] [<c003d610>] (warn_slowpath_null) from [<c012dfdc>] (exit_mmap+0x1a8/0x21c)
[    9.726257] [<c012dfdc>] (exit_mmap) from [<c003aca4>] (mmput+0x44/0xec)
[    9.733367] [<c003aca4>] (mmput) from [<c01514f4>] (flush_old_exec+0x300/0x5a4)
[    9.741210] [<c01514f4>] (flush_old_exec) from [<c0195eb0>] (load_elf_binary+0x2ec/0x1144)
[    9.750030] [<c0195eb0>] (load_elf_binary) from [<c015102c>] (search_binary_handler+0x88/0x1ac)
[    9.759338] [<c015102c>] (search_binary_handler) from [<c0152098>] (do_execveat_common+0x538/0x6c4)
[    9.769012] [<c0152098>] (do_execveat_common) from [<c0152250>] (do_execve+0x2c/0x34)
[    9.777374] [<c0152250>] (do_execve) from [<c000e5e0>] (ret_fast_syscall+0x0/0x4c)
[    9.785400] ---[ end trace 7f1ea92976d5e4fa ]---
[    9.792114] ------------[ cut here ]------------
[    9.797271] WARNING: CPU: 0 PID: 65 at mm/mmap.c:2859 exit_mmap+0x1a8/0x21c()
[    9.804809] Modules linked in:
[    9.808197] CPU: 0 PID: 65 Comm: rcS Tainted: G        W       3.19.0-rc5-next-20150120-00002-g8ef3de6000e3 #1
[    9.818817] Hardware name: Generic OMAP2430 (Flattened Device Tree)
[    9.825592] [<c00153f0>] (unwind_backtrace) from [<c0011a74>] (show_stack+0x10/0x14)
[    9.833801] [<c0011a74>] (show_stack) from [<c0583f8c>] (dump_stack+0x78/0x94)
[    9.841552] [<c0583f8c>] (dump_stack) from [<c003d5bc>] (warn_slowpath_common+0x7c/0xb4)
[    9.850250] [<c003d5bc>] (warn_slowpath_common) from [<c003d610>] (warn_slowpath_null+0x1c/0x24)
[    9.859619] [<c003d610>] (warn_slowpath_null) from [<c012dfdc>] (exit_mmap+0x1a8/0x21c)
[    9.868194] [<c012dfdc>] (exit_mmap) from [<c003aca4>] (mmput+0x44/0xec)
[    9.875305] [<c003aca4>] (mmput) from [<c01514f4>] (flush_old_exec+0x300/0x5a4)
[    9.883148] [<c01514f4>] (flush_old_exec) from [<c0195eb0>] (load_elf_binary+0x2ec/0x1144)
[    9.891967] [<c0195eb0>] (load_elf_binary) from [<c015102c>] (search_binary_handler+0x88/0x1ac)
[    9.901275] [<c015102c>] (search_binary_handler) from [<c0152098>] (do_execveat_common+0x538/0x6c4)
[    9.910949] [<c0152098>] (do_execveat_common) from [<c0152250>] (do_execve+0x2c/0x34)
[    9.919311] [<c0152250>] (do_execve) from [<c000e5e0>] (ret_fast_syscall+0x0/0x4c)
[    9.927398] ---[ end trace 7f1ea92976d5e4fb ]---
[    9.934661] ------------[ cut here ]------------
[    9.939727] WARNING: CPU: 0 PID: 66 at mm/mmap.c:2859 exit_mmap+0x1a8/0x21c()
[    9.947357] Modules linked in:
[    9.950622] CPU: 0 PID: 66 Comm: rcS Tainted: G        W       3.19.0-rc5-next-20150120-00002-g8ef3de6000e3 #1
[    9.961273] Hardware name: Generic OMAP2430 (Flattened Device Tree)
[    9.968048] [<c00153f0>] (unwind_backtrace) from [<c0011a74>] (show_stack+0x10/0x14)
[    9.976348] [<c0011a74>] (show_stack) from [<c0583f8c>] (dump_stack+0x78/0x94)
[    9.984008] [<c0583f8c>] (dump_stack) from [<c003d5bc>] (warn_slowpath_common+0x7c/0xb4)
[    9.992675] [<c003d5bc>] (warn_slowpath_common) from [<c003d610>] (warn_slowpath_null+0x1c/0x24)
[   10.002075] [<c003d610>] (warn_slowpath_null) from [<c012dfdc>] (exit_mmap+0x1a8/0x21c)
[   10.010620] [<c012dfdc>] (exit_mmap) from [<c003aca4>] (mmput+0x44/0xec)
[   10.017852] [<c003aca4>] (mmput) from [<c01514f4>] (flush_old_exec+0x300/0x5a4)
[   10.025665] [<c01514f4>] (flush_old_exec) from [<c0195eb0>] (load_elf_binary+0x2ec/0x1144)
[   10.034423] [<c0195eb0>] (load_elf_binary) from [<c015102c>] (search_binary_handler+0x88/0x1ac)
[   10.043823] [<c015102c>] (search_binary_handler) from [<c0152098>] (do_execveat_common+0x538/0x6c4)
[   10.053527] [<c0152098>] (do_execveat_common) from [<c0152250>] (do_execve+0x2c/0x34)
[   10.061920] [<c0152250>] (do_execve) from [<c000e5e0>] (ret_fast_syscall+0x0/0x4c)
[   10.070007] ---[ end trace 7f1ea92976d5e4fc ]---
[   10.145843] ------------[ cut here ]------------
[   10.150756] WARNING: CPU: 0 PID: 62 at mm/mmap.c:2859 exit_mmap+0x1a8/0x21c()
[   10.158416] Modules linked in:
[   10.161682] CPU: 0 PID: 62 Comm: cat Tainted: G        W       3.19.0-rc5-next-20150120-00002-g8ef3de6000e3 #1
[   10.172332] Hardware name: Generic OMAP2430 (Flattened Device Tree)
[   10.179077] [<c00153f0>] (unwind_backtrace) from [<c0011a74>] (show_stack+0x10/0x14)
[   10.187377] [<c0011a74>] (show_stack) from [<c0583f8c>] (dump_stack+0x78/0x94)
[   10.195068] [<c0583f8c>] (dump_stack) from [<c003d5bc>] (warn_slowpath_common+0x7c/0xb4)
[   10.203735] [<c003d5bc>] (warn_slowpath_common) from [<c003d610>] (warn_slowpath_null+0x1c/0x24)
[   10.213134] [<c003d610>] (warn_slowpath_null) from [<c012dfdc>] (exit_mmap+0x1a8/0x21c)
[   10.221710] [<c012dfdc>] (exit_mmap) from [<c003aca4>] (mmput+0x44/0xec)
[   10.228912] [<c003aca4>] (mmput) from [<c003fb70>] (do_exit+0x2b4/0x9b8)
[   10.236114] [<c003fb70>] (do_exit) from [<c00402e8>] (do_group_exit+0x48/0xbc)
[   10.243743] [<c00402e8>] (do_group_exit) from [<c004036c>] (__wake_up_parent+0x0/0x18)
[   10.252197] ---[ end trace 7f1ea92976d5e4fd ]---
[   10.270477] ------------[ cut here ]------------
[   10.275421] WARNING: CPU: 0 PID: 63 at mm/mmap.c:2859 exit_mmap+0x1a8/0x21c()
[   10.283142] Modules linked in:
[   10.286529] CPU: 0 PID: 63 Comm: sed Tainted: G        W       3.19.0-rc5-next-20150120-00002-g8ef3de6000e3 #1
[   10.297180] Hardware name: Generic OMAP2430 (Flattened Device Tree)
[   10.303863] [<c00153f0>] (unwind_backtrace) from [<c0011a74>] (show_stack+0x10/0x14)
[   10.312164] [<c0011a74>] (show_stack) from [<c0583f8c>] (dump_stack+0x78/0x94)
[   10.319915] [<c0583f8c>] (dump_stack) from [<c003d5bc>] (warn_slowpath_common+0x7c/0xb4)
[   10.328582] [<c003d5bc>] (warn_slowpath_common) from [<c003d610>] (warn_slowpath_null+0x1c/0x24)
[   10.337982] [<c003d610>] (warn_slowpath_null) from [<c012dfdc>] (exit_mmap+0x1a8/0x21c)
[   10.346527] [<c012dfdc>] (exit_mmap) from [<c003aca4>] (mmput+0x44/0xec)
[   10.353637] [<c003aca4>] (mmput) from [<c003fb70>] (do_exit+0x2b4/0x9b8)
[   10.360809] [<c003fb70>] (do_exit) from [<c00402e8>] (do_group_exit+0x48/0xbc)
[   10.368530] [<c00402e8>] (do_group_exit) from [<c004036c>] (__wake_up_parent+0x0/0x18)
[   10.376983] ---[ end trace 7f1ea92976d5e4fe ]---
[   10.384521] ------------[ cut here ]------------
[   10.389678] WARNING: CPU: 0 PID: 64 at mm/mmap.c:2859 exit_mmap+0x1a8/0x21c()
[   10.397308] Modules linked in:
[   10.400604] CPU: 0 PID: 64 Comm: grep Tainted: G        W       3.19.0-rc5-next-20150120-00002-g8ef3de6000e3 #1
[   10.411315] Hardware name: Generic OMAP2430 (Flattened Device Tree)
[   10.418090] [<c00153f0>] (unwind_backtrace) from [<c0011a74>] (show_stack+0x10/0x14)
[   10.426391] [<c0011a74>] (show_stack) from [<c0583f8c>] (dump_stack+0x78/0x94)
[   10.434082] [<c0583f8c>] (dump_stack) from [<c003d5bc>] (warn_slowpath_common+0x7c/0xb4)
[   10.442749] [<c003d5bc>] (warn_slowpath_common) from [<c003d610>] (warn_slowpath_null+0x1c/0x24)
[   10.452117] [<c003d610>] (warn_slowpath_null) from [<c012dfdc>] (exit_mmap+0x1a8/0x21c)
[   10.460693] [<c012dfdc>] (exit_mmap) from [<c003aca4>] (mmput+0x44/0xec)
[   10.467864] [<c003aca4>] (mmput) from [<c003fb70>] (do_exit+0x2b4/0x9b8)
[   10.474975] [<c003fb70>] (do_exit) from [<c00402e8>] (do_group_exit+0x48/0xbc)
[   10.482696] [<c00402e8>] (do_group_exit) from [<c004036c>] (__wake_up_parent+0x0/0x18)
[   10.491149] ---[ end trace 7f1ea92976d5e4ff ]---
[   10.499267] ------------[ cut here ]------------
[   10.504211] WARNING: CPU: 0 PID: 65 at mm/mmap.c:2859 exit_mmap+0x1a8/0x21c()
[   10.511932] Modules linked in:
[   10.515228] CPU: 0 PID: 65 Comm: cut Tainted: G        W       3.19.0-rc5-next-20150120-00002-g8ef3de6000e3 #1
[   10.525878] Hardware name: Generic OMAP2430 (Flattened Device Tree)
[   10.532562] [<c00153f0>] (unwind_backtrace) from [<c0011a74>] (show_stack+0x10/0x14)
[   10.540893] [<c0011a74>] (show_stack) from [<c0583f8c>] (dump_stack+0x78/0x94)
[   10.548645] [<c0583f8c>] (dump_stack) from [<c003d5bc>] (warn_slowpath_common+0x7c/0xb4)
[   10.557312] [<c003d5bc>] (warn_slowpath_common) from [<c003d610>] (warn_slowpath_null+0x1c/0x24)
[   10.566711] [<c003d610>] (warn_slowpath_null) from [<c012dfdc>] (exit_mmap+0x1a8/0x21c)
[   10.575164] [<c012dfdc>] (exit_mmap) from [<c003aca4>] (mmput+0x44/0xec)
[   10.582366] [<c003aca4>] (mmput) from [<c003fb70>] (do_exit+0x2b4/0x9b8)
[   10.589538] [<c003fb70>] (do_exit) from [<c00402e8>] (do_group_exit+0x48/0xbc)
[   10.597259] [<c00402e8>] (do_group_exit) from [<c004036c>] (__wake_up_parent+0x0/0x18)
[   10.605712] ---[ end trace 7f1ea92976d5e500 ]---
[   10.613739] ------------[ cut here ]------------
[   10.618927] WARNING: CPU: 0 PID: 66 at mm/mmap.c:2859 exit_mmap+0x1a8/0x21c()
[   10.626556] Modules linked in:
[   10.629852] CPU: 0 PID: 66 Comm: cut Tainted: G        W       3.19.0-rc5-next-20150120-00002-g8ef3de6000e3 #1
[   10.640472] Hardware name: Generic OMAP2430 (Flattened Device Tree)
[   10.647247] [<c00153f0>] (unwind_backtrace) from [<c0011a74>] (show_stack+0x10/0x14)
[   10.655456] [<c0011a74>] (show_stack) from [<c0583f8c>] (dump_stack+0x78/0x94)
[   10.663299] [<c0583f8c>] (dump_stack) from [<c003d5bc>] (warn_slowpath_common+0x7c/0xb4)
[   10.671966] [<c003d5bc>] (warn_slowpath_common) from [<c003d610>] (warn_slowpath_null+0x1c/0x24)
[   10.681335] [<c003d610>] (warn_slowpath_null) from [<c012dfdc>] (exit_mmap+0x1a8/0x21c)
[   10.689910] [<c012dfdc>] (exit_mmap) from [<c003aca4>] (mmput+0x44/0xec)
[   10.697082] [<c003aca4>] (mmput) from [<c003fb70>] (do_exit+0x2b4/0x9b8)
[   10.704193] [<c003fb70>] (do_exit) from [<c00402e8>] (do_group_exit+0x48/0xbc)
[   10.711914] [<c00402e8>] (do_group_exit) from [<c004036c>] (__wake_up_parent+0x0/0x18)
[   10.720367] ---[ end trace 7f1ea92976d5e501 ]---
[   10.727813] ------------[ cut here ]------------
[   10.732757] WARNING: CPU: 0 PID: 61 at mm/mmap.c:2859 exit_mmap+0x1a8/0x21c()
[   10.740509] Modules linked in:
[   10.743804] CPU: 0 PID: 61 Comm: rcS Tainted: G        W       3.19.0-rc5-next-20150120-00002-g8ef3de6000e3 #1
[   10.754455] Hardware name: Generic OMAP2430 (Flattened Device Tree)
[   10.761230] [<c00153f0>] (unwind_backtrace) from [<c0011a74>] (show_stack+0x10/0x14)
[   10.769531] [<c0011a74>] (show_stack) from [<c0583f8c>] (dump_stack+0x78/0x94)
[   10.777313] [<c0583f8c>] (dump_stack) from [<c003d5bc>] (warn_slowpath_common+0x7c/0xb4)
[   10.785980] [<c003d5bc>] (warn_slowpath_common) from [<c003d610>] (warn_slowpath_null+0x1c/0x24)
[   10.795257] [<c003d610>] (warn_slowpath_null) from [<c012dfdc>] (exit_mmap+0x1a8/0x21c)
[   10.803833] [<c012dfdc>] (exit_mmap) from [<c003aca4>] (mmput+0x44/0xec)
[   10.811004] [<c003aca4>] (mmput) from [<c003fb70>] (do_exit+0x2b4/0x9b8)
[   10.818206] [<c003fb70>] (do_exit) from [<c00402e8>] (do_group_exit+0x48/0xbc)
[   10.825927] [<c00402e8>] (do_group_exit) from [<c004036c>] (__wake_up_parent+0x0/0x18)
[   10.834289] ---[ end trace 7f1ea92976d5e502 ]---
[   10.853179] ------------[ cut here ]------------
[   10.858367] WARNING: CPU: 0 PID: 67 at mm/mmap.c:2859 exit_mmap+0x1a8/0x21c()
[   10.866027] Modules linked in:
[   10.869293] CPU: 0 PID: 67 Comm: rcS Tainted: G        W       3.19.0-rc5-next-20150120-00002-g8ef3de6000e3 #1
[   10.879913] Hardware name: Generic OMAP2430 (Flattened Device Tree)
[   10.886688] [<c00153f0>] (unwind_backtrace) from [<c0011a74>] (show_stack+0x10/0x14)
[   10.894897] [<c0011a74>] (show_stack) from [<c0583f8c>] (dump_stack+0x78/0x94)
[   10.902679] [<c0583f8c>] (dump_stack) from [<c003d5bc>] (warn_slowpath_common+0x7c/0xb4)
[   10.911315] [<c003d5bc>] (warn_slowpath_common) from [<c003d610>] (warn_slowpath_null+0x1c/0x24)
[   10.920715] [<c003d610>] (warn_slowpath_null) from [<c012dfdc>] (exit_mmap+0x1a8/0x21c)
[   10.929260] [<c012dfdc>] (exit_mmap) from [<c003aca4>] (mmput+0x44/0xec)
[   10.936462] [<c003aca4>] (mmput) from [<c01514f4>] (flush_old_exec+0x300/0x5a4)
[   10.944213] [<c01514f4>] (flush_old_exec) from [<c0195eb0>] (load_elf_binary+0x2ec/0x1144)
[   10.953063] [<c0195eb0>] (load_elf_binary) from [<c015102c>] (search_binary_handler+0x88/0x1ac)
[   10.962341] [<c015102c>] (search_binary_handler) from [<c0152098>] (do_execveat_common+0x538/0x6c4)
[   10.972015] [<c0152098>] (do_execveat_common) from [<c0152250>] (do_execve+0x2c/0x34)
[   10.980377] [<c0152250>] (do_execve) from [<c000e5e0>] (ret_fast_syscall+0x0/0x4c)
[   10.988464] ---[ end trace 7f1ea92976d5e503 ]---
[   11.005157] ------------[ cut here ]------------
[   11.010314] WARNING: CPU: 0 PID: 67 at mm/mmap.c:2859 exit_mmap+0x1a8/0x21c()
[   11.017974] Modules linked in:
[   11.021240] CPU: 0 PID: 67 Comm: rm Tainted: G        W       3.19.0-rc5-next-20150120-00002-g8ef3de6000e3 #1
[   11.031799] Hardware name: Generic OMAP2430 (Flattened Device Tree)
[   11.038635] [<c00153f0>] (unwind_backtrace) from [<c0011a74>] (show_stack+0x10/0x14)
[   11.046966] [<c0011a74>] (show_stack) from [<c0583f8c>] (dump_stack+0x78/0x94)
[   11.054656] [<c0583f8c>] (dump_stack) from [<c003d5bc>] (warn_slowpath_common+0x7c/0xb4)
[   11.063323] [<c003d5bc>] (warn_slowpath_common) from [<c003d610>] (warn_slowpath_null+0x1c/0x24)
[   11.072692] [<c003d610>] (warn_slowpath_null) from [<c012dfdc>] (exit_mmap+0x1a8/0x21c)
[   11.081268] [<c012dfdc>] (exit_mmap) from [<c003aca4>] (mmput+0x44/0xec)
[   11.088439] [<c003aca4>] (mmput) from [<c003fb70>] (do_exit+0x2b4/0x9b8)
[   11.095611] [<c003fb70>] (do_exit) from [<c00402e8>] (do_group_exit+0x48/0xbc)
[   11.103271] [<c00402e8>] (do_group_exit) from [<c004036c>] (__wake_up_parent+0x0/0x18)
[   11.111724] ---[ end trace 7f1ea92976d5e504 ]---
[   11.130065] ------------[ cut here ]------------
[   11.134979] WARNING: CPU: 0 PID: 68 at mm/mmap.c:2859 exit_mmap+0x1a8/0x21c()
[   11.142730] Modules linked in:
[   11.146118] CPU: 0 PID: 68 Comm: rcS Tainted: G        W       3.19.0-rc5-next-20150120-00002-g8ef3de6000e3 #1
[   11.156738] Hardware name: Generic OMAP2430 (Flattened Device Tree)
[   11.163421] [<c00153f0>] (unwind_backtrace) from [<c0011a74>] (show_stack+0x10/0x14)
[   11.171752] [<c0011a74>] (show_stack) from [<c0583f8c>] (dump_stack+0x78/0x94)
[   11.179504] [<c0583f8c>] (dump_stack) from [<c003d5bc>] (warn_slowpath_common+0x7c/0xb4)
[   11.188171] [<c003d5bc>] (warn_slowpath_common) from [<c003d610>] (warn_slowpath_null+0x1c/0x24)
[   11.197570] [<c003d610>] (warn_slowpath_null) from [<c012dfdc>] (exit_mmap+0x1a8/0x21c)
[   11.206115] [<c012dfdc>] (exit_mmap) from [<c003aca4>] (mmput+0x44/0xec)
[   11.213226] [<c003aca4>] (mmput) from [<c01514f4>] (flush_old_exec+0x300/0x5a4)
[   11.221069] [<c01514f4>] (flush_old_exec) from [<c0195eb0>] (load_elf_binary+0x2ec/0x1144)
[   11.229919] [<c0195eb0>] (load_elf_binary) from [<c015102c>] (search_binary_handler+0x88/0x1ac)
[   11.239227] [<c015102c>] (search_binary_handler) from [<c0152098>] (do_execveat_common+0x538/0x6c4)
[   11.248870] [<c0152098>] (do_execveat_common) from [<c0152250>] (do_execve+0x2c/0x34)
[   11.257263] [<c0152250>] (do_execve) from [<c000e5e0>] (ret_fast_syscall+0x0/0x4c)
[   11.265258] ---[ end trace 7f1ea92976d5e505 ]---
[   11.282409] ------------[ cut here ]------------
[   11.287536] WARNING: CPU: 0 PID: 68 at mm/mmap.c:2859 exit_mmap+0x1a8/0x21c()
[   11.295074] Modules linked in:
[   11.298431] CPU: 0 PID: 68 Comm: ln Tainted: G        W       3.19.0-rc5-next-20150120-00002-g8ef3de6000e3 #1
[   11.308990] Hardware name: Generic OMAP2430 (Flattened Device Tree)
[   11.315734] [<c00153f0>] (unwind_backtrace) from [<c0011a74>] (show_stack+0x10/0x14)
[   11.323974] [<c0011a74>] (show_stack) from [<c0583f8c>] (dump_stack+0x78/0x94)
[   11.331726] [<c0583f8c>] (dump_stack) from [<c003d5bc>] (warn_slowpath_common+0x7c/0xb4)
[   11.340393] [<c003d5bc>] (warn_slowpath_common) from [<c003d610>] (warn_slowpath_null+0x1c/0x24)
[   11.349792] [<c003d610>] (warn_slowpath_null) from [<c012dfdc>] (exit_mmap+0x1a8/0x21c)
[   11.358337] [<c012dfdc>] (exit_mmap) from [<c003aca4>] (mmput+0x44/0xec)
[   11.365447] [<c003aca4>] (mmput) from [<c003fb70>] (do_exit+0x2b4/0x9b8)
[   11.372619] [<c003fb70>] (do_exit) from [<c00402e8>] (do_group_exit+0x48/0xbc)
[   11.380340] [<c00402e8>] (do_group_exit) from [<c004036c>] (__wake_up_parent+0x0/0x18)
[   11.388793] ---[ end trace 7f1ea92976d5e506 ]---
/dev/ttyO0 linked to /dev/tty-bd - using as console
[   11.409332] ------------[ cut here ]------------
[   11.414276] WARNING: CPU: 0 PID: 69 at mm/mmap.c:2859 exit_mmap+0x1a8/0x21c()
[   11.422058] Modules linked in:
[   11.425323] CPU: 0 PID: 69 Comm: rcS Tainted: G        W       3.19.0-rc5-next-20150120-00002-g8ef3de6000e3 #1
[   11.436004] Hardware name: Generic OMAP2430 (Flattened Device Tree)
[   11.442687] [<c00153f0>] (unwind_backtrace) from [<c0011a74>] (show_stack+0x10/0x14)
[   11.450988] [<c0011a74>] (show_stack) from [<c0583f8c>] (dump_stack+0x78/0x94)
[   11.458740] [<c0583f8c>] (dump_stack) from [<c003d5bc>] (warn_slowpath_common+0x7c/0xb4)
[   11.467407] [<c003d5bc>] (warn_slowpath_common) from [<c003d610>] (warn_slowpath_null+0x1c/0x24)
[   11.476806] [<c003d610>] (warn_slowpath_null) from [<c012dfdc>] (exit_mmap+0x1a8/0x21c)
[   11.485290] [<c012dfdc>] (exit_mmap) from [<c003aca4>] (mmput+0x44/0xec)
[   11.492462] [<c003aca4>] (mmput) from [<c01514f4>] (flush_old_exec+0x300/0x5a4)
[   11.500305] [<c01514f4>] (flush_old_exec) from [<c0195eb0>] (load_elf_binary+0x2ec/0x1144)
[   11.509155] [<c0195eb0>] (load_elf_binary) from [<c015102c>] (search_binary_handler+0x88/0x1ac)
[   11.518463] [<c015102c>] (search_binary_handler) from [<c0152098>] (do_execveat_common+0x538/0x6c4)
[   11.528106] [<c0152098>] (do_execveat_common) from [<c0152250>] (do_execve+0x2c/0x34)
[   11.536499] [<c0152250>] (do_execve) from [<c000e5e0>] (ret_fast_syscall+0x0/0x4c)
[   11.544494] ---[ end trace 7f1ea92976d5e507 ]---
[   11.561614] ------------[ cut here ]------------
[   11.566772] WARNING: CPU: 0 PID: 69 at mm/mmap.c:2859 exit_mmap+0x1a8/0x21c()
[   11.574310] Modules linked in:
[   11.577697] CPU: 0 PID: 69 Comm: hostname Tainted: G        W       3.19.0-rc5-next-20150120-00002-g8ef3de6000e3 #1
[   11.588775] Hardware name: Generic OMAP2430 (Flattened Device Tree)
[   11.595458] [<c00153f0>] (unwind_backtrace) from [<c0011a74>] (show_stack+0x10/0x14)
[   11.603820] [<c0011a74>] (show_stack) from [<c0583f8c>] (dump_stack+0x78/0x94)
[   11.611602] [<c0583f8c>] (dump_stack) from [<c003d5bc>] (warn_slowpath_common+0x7c/0xb4)
[   11.620269] [<c003d5bc>] (warn_slowpath_common) from [<c003d610>] (warn_slowpath_null+0x1c/0x24)
[   11.629638] [<c003d610>] (warn_slowpath_null) from [<c012dfdc>] (exit_mmap+0x1a8/0x21c)
[   11.638214] [<c012dfdc>] (exit_mmap) from [<c003aca4>] (mmput+0x44/0xec)
[   11.645324] [<c003aca4>] (mmput) from [<c003fb70>] (do_exit+0x2b4/0x9b8)
[   11.652496] [<c003fb70>] (do_exit) from [<c00402e8>] (do_group_exit+0x48/0xbc)
[   11.660217] [<c00402e8>] (do_group_exit) from [<c004036c>] (__wake_up_parent+0x0/0x18)
[   11.668670] ---[ end trace 7f1ea92976d5e508 ]---
******************************************
Starting System Init for GenericOMAP2430(FlattenedDeviceTree)
Release: X.x
Kernel: [   11.691101] ------------[ cut here ]------------
[   11.696258] WARNING: CPU: 0 PID: 70 at mm/mmap.c:2859 exit_mmap+0x1a8/0x21c()
[   11.703826] Modules linked in:
[   11.707183] CPU: 0 PID: 70 Comm: rcS Tainted: G        W       3.19.0-rc5-next-20150120-00002-g8ef3de6000e3 #1
[   11.717834] Hardware name: Generic OMAP2430 (Flattened Device Tree)
[   11.724517] [<c00153f0>] (unwind_backtrace) from [<c0011a74>] (show_stack+0x10/0x14)
[   11.732818] [<c0011a74>] (show_stack) from [<c0583f8c>] (dump_stack+0x78/0x94)
[   11.740570] [<c0583f8c>] (dump_stack) from [<c003d5bc>] (warn_slowpath_common+0x7c/0xb4)
[   11.749237] [<c003d5bc>] (warn_slowpath_common) from [<c003d610>] (warn_slowpath_null+0x1c/0x24)
[   11.758636] [<c003d610>] (warn_slowpath_null) from [<c012dfdc>] (exit_mmap+0x1a8/0x21c)
[   11.767181] [<c012dfdc>] (exit_mmap) from [<c003aca4>] (mmput+0x44/0xec)
[   11.774322] [<c003aca4>] (mmput) from [<c01514f4>] (flush_old_exec+0x300/0x5a4)
[   11.782135] [<c01514f4>] (flush_old_exec) from [<c0195eb0>] (load_elf_binary+0x2ec/0x1144)
[   11.790985] [<c0195eb0>] (load_elf_binary) from [<c015102c>] (search_binary_handler+0x88/0x1ac)
[   11.800292] [<c015102c>] (search_binary_handler) from [<c0152098>] (do_execveat_common+0x538/0x6c4)
[   11.809967] [<c0152098>] (do_execveat_common) from [<c0152250>] (do_execve+0x2c/0x34)
[   11.818328] [<c0152250>] (do_execve) from [<c000e5e0>] (ret_fast_syscall+0x0/0x4c)
[   11.826416] ---[ end trace 7f1ea92976d5e509 ]---
Linux GenericOMAP2430(FlattenedDeviceTree) 3.19.0-rc5-next-20150[   11.844207] ------------[ cut here ]------------
120-00002-g8ef3de6000e3 #1 SMP Tue Jan 20 05:43:[   11.852691] WARNING: CPU: 0 PID: 70 at mm/mmap.c:2859 exit_mmap+0x1a8/0x21c()
30 CST 2015 armv6l GNU/Linux
[   11.864349] Modules linked in:
[   11.870239] CPU: 0 PID: 70 Comm: uname Tainted: G        W       3.19.0-rc5-next-20150120-00002-g8ef3de6000e3 #1
[   11.881072] Hardware name: Generic OMAP2430 (Flattened Device Tree)
[   11.887817] [<c00153f0>] (unwind_backtrace) from [<c0011a74>] (show_stack+0x10/0x14)
[   11.896118] [<c0011a74>] (show_stack) from [<c0583f8c>] (dump_stack+0x78/0x94)
[   11.903808] [<c0583f8c>] (dump_stack) from [<c003d5bc>] (warn_slowpath_common+0x7c/0xb4)
[   11.912475] [<c003d5bc>] (warn_slowpath_common) from [<c003d610>] (warn_slowpath_null+0x1c/0x24)
[   11.921844] [<c003d610>] (warn_slowpath_null) from [<c012dfdc>] (exit_mmap+0x1a8/0x21c)
[   11.930419] [<c012dfdc>] (exit_mmap) from [<c003aca4>] (mmput+0x44/0xec)
[   11.937591] [<c003aca4>] (mmput) from [<c003fb70>] (do_exit+0x2b4/0x9b8)
[   11.944702] [<c003fb70>] (do_exit) from [<c00402e8>] (do_group_exit+0x48/0xbc)
[   11.952423] [<c00402e8>] (do_group_exit) from [<c004036c>] (__wake_up_parent+0x0/0x18)
[   11.960876] ---[ end trace 7f1ea92976d5e50a ]---
******************************************
Saving kernel ring buffer : [   11.990142] ------------[ cut here ]------------
[   11.995056] WARNING: CPU: 0 PID: 71 at mm/mmap.c:2859 exit_mmap+0x1a8/0x21c()
[   12.002838] Modules linked in:
[   12.006195] CPU: 0 PID: 71 Comm: rcS Tainted: G        W       3.19.0-rc5-next-20150120-00002-g8ef3de6000e3 #1
[   12.016845] Hardware name: Generic OMAP2430 (Flattened Device Tree)
[   12.023529] [<c00153f0>] (unwind_backtrace) from [<c0011a74>] (show_stack+0x10/0x14)
[   12.031860] [<c0011a74>] (show_stack) from [<c0583f8c>] (dump_stack+0x78/0x94)
[   12.039703] [<c0583f8c>] (dump_stack) from [<c003d5bc>] (warn_slowpath_common+0x7c/0xb4)
[   12.048400] [<c003d5bc>] (warn_slowpath_common) from [<c003d610>] (warn_slowpath_null+0x1c/0x24)
[   12.057800] [<c003d610>] (warn_slowpath_null) from [<c012dfdc>] (exit_mmap+0x1a8/0x21c)
[   12.066375] [<c012dfdc>] (exit_mmap) from [<c003aca4>] (mmput+0x44/0xec)
[   12.073486] [<c003aca4>] (mmput) from [<c01514f4>] (flush_old_exec+0x300/0x5a4)
[   12.081329] [<c01514f4>] (flush_old_exec) from [<c0195eb0>] (load_elf_binary+0x2ec/0x1144)
[   12.090179] [<c0195eb0>] (load_elf_binary) from [<c015102c>] (search_binary_handler+0x88/0x1ac)
[   12.099487] [<c015102c>] (search_binary_handler) from [<c0152098>] (do_execveat_common+0x538/0x6c4)
[   12.109130] [<c0152098>] (do_execveat_common) from [<c0152250>] (do_execve+0x2c/0x34)
[   12.117523] [<c0152250>] (do_execve) from [<c000e5e0>] (ret_fast_syscall+0x0/0x4c)
[   12.125579] ---[ end trace 7f1ea92976d5e50b ]---
[   12.176391] ------------[ cut here ]------------
[   12.181335] WARNING: CPU: 0 PID: 71 at mm/mmap.c:2859 exit_mmap+0x1a8/0x21c()
[   12.188964] Modules linked in:
[   12.192260] CPU: 0 PID: 71 Comm: dmesg Tainted: G        W       3.19.0-rc5-next-20150120-00002-g8ef3de6000e3 #1
[   12.203063] Hardware name: Generic OMAP2430 (Flattened Device Tree)
[   12.209808] [<c00153f0>] (unwind_backtrace) from [<c0011a74>] (show_stack+0x10/0x14)
[   12.218139] [<c0011a74>] (show_stack) from [<c0583f8c>] (dump_stack+0x78/0x94)
[   12.225891] [<c0583f8c>] (dump_stack) from [<c003d5bc>] (warn_slowpath_common+0x7c/0xb4)
[   12.234466] [<c003d5bc>] (warn_slowpath_common) from [<c003d610>] (warn_slowpath_null+0x1c/0x24)
[   12.243835] [<c003d610>] (warn_slowpath_null) from [<c012dfdc>] (exit_mmap+0x1a8/0x21c)
[   12.252380] [<c012dfdc>] (exit_mmap) from [<c003aca4>] (mmput+0x44/0xec)
[   12.259552] [<c003aca4>] (mmput) from [<c003fb70>] (do_exit+0x2b4/0x9b8)
[   12.266754] [<c003fb70>] (do_exit) from [<c00402e8>] (do_group_exit+0x48/0xbc)
[   12.274383] [<c00402e8>] (do_group_exit) from [<c004036c>] (__wake_up_parent+0x0/0x18)
[   12.282836] ---[ end trace 7f1ea92976d5e50c ]---
[   12.399841] ------------[ cut here ]------------
[   12.404754] WARNING: CPU: 0 PID: 72 at mm/mmap.c:2859 exit_mmap+0x1a8/0x21c()
[   12.412536] Modules linked in:
[   12.415893] CPU: 0 PID: 72 Comm: rcS Tainted: G        W       3.19.0-rc5-next-20150120-00002-g8ef3de6000e3 #1
[   12.426544] Hardware name: Generic OMAP2430 (Flattened Device Tree)
[   12.433227] [<c00153f0>] (unwind_backtrace) from [<c0011a74>] (show_stack+0x10/0x14)
[   12.441528] [<c0011a74>] (show_stack) from [<c0583f8c>] (dump_stack+0x78/0x94)
[   12.449310] [<c0583f8c>] (dump_stack) from [<c003d5bc>] (warn_slowpath_common+0x7c/0xb4)
[   12.457977] [<c003d5bc>] (warn_slowpath_common) from [<c003d610>] (warn_slowpath_null+0x1c/0x24)
[   12.467346] [<c003d610>] (warn_slowpath_null) from [<c012dfdc>] (exit_mmap+0x1a8/0x21c)
[   12.475891] [<c012dfdc>] (exit_mmap) from [<c003aca4>] (mmput+0x44/0xec)
[   12.483032] [<c003aca4>] (mmput) from [<c01514f4>] (flush_old_exec+0x300/0x5a4)
[   12.490875] [<c01514f4>] (flush_old_exec) from [<c0195eb0>] (load_elf_binary+0x2ec/0x1144)
[   12.499694] [<c0195eb0>] (load_elf_binary) from [<c015102c>] (search_binary_handler+0x88/0x1ac)
[   12.509002] [<c015102c>] (search_binary_handler) from [<c0152098>] (do_execveat_common+0x538/0x6c4)
[   12.518676] [<c0152098>] (do_execveat_common) from [<c0152250>] (do_execve+0x2c/0x34)
[   12.527038] [<c0152250>] (do_execve) from [<c000e5e0>] (ret_fast_syscall+0x0/0x4c)
[   12.535034] ---[ end trace 7f1ea92976d5e50d ]---
[   12.542083] ------------[ cut here ]------------
[   12.547210] WARNING: CPU: 0 PID: 73 at mm/mmap.c:2859 exit_mmap+0x1a8/0x21c()
[   12.554779] Modules linked in:
[   12.558135] CPU: 0 PID: 73 Comm: rcS Tainted: G        W       3.19.0-rc5-next-20150120-00002-g8ef3de6000e3 #1
[   12.568786] Hardware name: Generic OMAP2430 (Flattened Device Tree)
[   12.575469] [<c00153f0>] (unwind_backtrace) from [<c0011a74>] (show_stack+0x10/0x14)
[   12.583770] [<c0011a74>] (show_stack) from [<c0583f8c>] (dump_stack+0x78/0x94)
[   12.591522] [<c0583f8c>] (dump_stack) from [<c003d5bc>] (warn_slowpath_common+0x7c/0xb4)
[   12.600189] [<c003d5bc>] (warn_slowpath_common) from [<c003d610>] (warn_slowpath_null+0x1c/0x24)
[   12.609588] [<c003d610>] (warn_slowpath_null) from [<c012dfdc>] (exit_mmap+0x1a8/0x21c)
[   12.618133] [<c012dfdc>] (exit_mmap) from [<c003aca4>] (mmput+0x44/0xec)
[   12.625244] [<c003aca4>] (mmput) from [<c01514f4>] (flush_old_exec+0x300/0x5a4)
[   12.633087] [<c01514f4>] (flush_old_exec) from [<c0195eb0>] (load_elf_binary+0x2ec/0x1144)
[   12.641937] [<c0195eb0>] (load_elf_binary) from [<c015102c>] (search_binary_handler+0x88/0x1ac)
[   12.651245] [<c015102c>] (search_binary_handler) from [<c0152098>] (do_execveat_common+0x538/0x6c4)
[   12.660888] [<c0152098>] (do_execveat_common) from [<c0152250>] (do_execve+0x2c/0x34)
[   12.669281] [<c0152250>] (do_execve) from [<c000e5e0>] (ret_fast_syscall+0x0/0x4c)
[   12.677337] ---[ end trace 7f1ea92976d5e50e ]---
[   12.704742] ------------[ cut here ]------------
[   12.709808] WARNING: CPU: 0 PID: 73 at mm/mmap.c:2859 exit_mmap+0x1a8/0x21c()
[   12.717437] Modules linked in:
[   12.720703] CPU: 0 PID: 73 Comm: grep Tainted: G        W       3.19.0-rc5-next-20150120-00002-g8ef3de6000e3 #1
[   12.731445] Hardware name: Generic OMAP2430 (Flattened Device Tree)
[   12.738189] [<c00153f0>] (unwind_backtrace) from [<c0011a74>] (show_stack+0x10/0x14)
[   12.746490] [<c0011a74>] (show_stack) from [<c0583f8c>] (dump_stack+0x78/0x94)
[   12.754150] [<c0583f8c>] (dump_stack) from [<c003d5bc>] (warn_slowpath_common+0x7c/0xb4)
[   12.762817] [<c003d5bc>] (warn_slowpath_common) from [<c003d610>] (warn_slowpath_null+0x1c/0x24)
[   12.772216] [<c003d610>] (warn_slowpath_null) from [<c012dfdc>] (exit_mmap+0x1a8/0x21c)
[   12.780761] [<c012dfdc>] (exit_mmap) from [<c003aca4>] (mmput+0x44/0xec)
