- 00:34:48 [INFO] Starting target session
- 00:34:51 [INFO] Connected to sdp3430 via serial 
- 00:34:51 [INFO] Host: #check prompt
- 00:34:54 [ERROR] On command: #check prompt waiting for #check prompt.+?(?-mix:((?-mix:.*\s+login)|[Pp]assword)) >>> error: execution expired
- 00:34:54 [INFO] Target: 
- 00:34:54 [INFO] Host: #check prompt
- 00:34:56 [ERROR] On command: #check prompt waiting for #check prompt.+?(?m-ix:root.*#) >>> error: execution expired
- 00:34:56 [INFO] Target: 
- 00:34:56 [INFO] Host: #check prompt
- 00:34:58 [ERROR] On command: #check prompt waiting for #check prompt.+?(?m-ix:root.*#) >>> error: execution expired
- 00:34:58 [INFO] Target: 
- 00:34:58 [INFO] Host: #check prompt
- 00:35:00 [ERROR] On command: #check prompt waiting for #check prompt.+?(?m-ix:root.*#) >>> error: execution expired
- 00:35:00 [INFO] Target: 
- 00:35:00 [INFO] Disconnected serial from sdp3430
- 00:35:01 [INFO] Connected to sdp3430 via serial 
- 00:35:01 [INFO] Host: 
- 00:35:07 [INFO] Target: 
U-Boot 2009.11-rc1-00485-g7d1e865 (Nov 09 2009 - 11:21:55)
OMAP3530-GP ES3.0, CPU-OPP2 L3-165MHz
OMAP3 SDP3430 board + LPDDR/NOR
I2C:   ready
DRAM:  128 MB
Flash: 128 MB
In:    serial
Out:   serial
Err:   serial
OMAP34XX SDP # 
OMAP34XX SDP # 
OMAP34XX SDP # 
OMAP34XX SDP # 
OMAP34XX SDP # 
OMAP34XX SDP # 
OMAP34XX SDP # 
OMAP34XX SDP # 
OMAP34XX SDP # 
OMAP34XX SDP # 
OMAP34XX SDP # 
OMAP34XX SDP # 
OMAP34XX SDP # 
OMAP34XX SDP # 
OMAP34XX SDP # 
OMAP34XX SDP # 
OMAP34XX SDP # 
OMAP34XX SDP # 
OMAP34XX SDP # 
OMAP34XX SDP # 
OMAP34XX SDP # 
OMAP34XX SDP # 
OMAP34XX SDP # 
OMAP34XX SDP # 
OMAP34XX SDP # 
OMAP34XX SDP # 
OMAP34XX SDP # 
OMAP34XX SDP # 
OMAP34XX SDP # 
OMAP34XX SDP # 
OMAP34XX SDP # 
OMAP34XX SDP # 
OMAP34XX SDP # 
OMAP34XX SDP # 
OMAP34XX SDP # 
OMAP34XX SDP # 
OMAP34XX SDP # 
OMAP34XX SDP # 
OMAP34XX SDP # 
OMAP34XX SDP # 
OMAP34XX SDP # 
OMAP34XX SDP # 
OMAP34XX SDP # 
OMAP34XX SDP # 
OMAP34XX SDP # 
- 00:35:08 [INFO] Host: version
- 00:35:08 [INFO] Target: 
OMAP34XX SDP # 
OMAP34XX SDP # 
OMAP34XX SDP # version
U-Boot 2009.11-rc1-00485-g7d1e865 (Nov 09 2009 - 11:21:55)
OMAP34XX SDP # 
- 00:35:08 [INFO] Host: bdinfo
- 00:35:08 [INFO] Target: 
bdinfo
arch_number = 0x00000472
env_t       = 0x00000000
boot_params = 0x80000100
DRAM bank   = 0x00000000
-> start    = 0x80000000
-> size     = 0x08000000
DRAM bank   = 0x00000001
-> start    = 0xA0000000
-> size     = 0x00000000
ethaddr     = 08:00:28:01:24:57
ip_addr     = 0.0.0.0
baudrate    = 115200 bps
OMAP34XX SDP # 
- 00:35:08 [INFO] Host: printenv
- 00:35:08 [INFO] Target: 
printenv
baudrate=115200
loadaddr=0x82000000
console=ttyS0,115200n8
mmcargs=setenv bootargs console=${console} root=/dev/mmcblk0p2 rw rootfstype=ext3 rootwait
norargs=setenv bootargs console=${console} root=/dev/mtdblock3 rw rootfstype=jffs2
loadbootscript=fatload mmc 0 ${loadaddr} boot.scr
bootscript=echo Running bootscript from MMC/SD ...; autoscr ${loadaddr}
loaduimage=fatload mmc 0 ${loadaddr} uImage
mmcboot=echo Booting from MMC/SD ...; run mmcargs; bootm ${loadaddr}
norboot=echo Booting from NOR ...; run norargs; bootm 0x80000
bootdelay=3
ethaddr=08:00:28:01:24:57
serverip=128.247.91.123
bootfile=/tftpboot/kernel/uImage.omap3430-sdp
bootcmd=dhcp;bootm
bootargs=console=ttyO0,115200n8 debug ignore_loglevel earlyprintk root=/dev/mmcblk0p2 rw rootfstype=ext3 rootwait nohlt
stdin=serial
stdout=serial
stderr=serial
Environment size: 818/262140 bytes
OMAP34XX SDP # 
- 00:35:08 [INFO] Host: setenv autoload 'no'
- 00:35:08 [INFO] Target: 
setenv autoload 'no'
OMAP34XX SDP # 
- 00:35:08 [INFO] Host: dhcp
- 00:35:10 [INFO] Target: 
dhcp
Using MAC Address 08:00:28:01:24:57
BOOTP broadcast 1
DHCP client bound to address 192.168.1.155
OMAP34XX SDP # 
- 00:35:10 [INFO] Host: setenv serverip 192.168.1.254
- 00:35:10 [INFO] Target: 
setenv serverip 192.168.1.254
OMAP34XX SDP # 
- 00:35:10 [INFO] Host: setenv bootargs 'console=ttyO0,115200n8 earlyprintk rootwait ip=dhcp root=/dev/mmcblk0p2 rw rootfstype=ext3 nohlt'
- 00:35:10 [INFO] Target: 
setenv bootargs 'console=ttyO0,115200n8 earlyprintk rootwait ip=dhcp root=/dev/mmcblk0p2 rw rootfstype=ext3 nohlt'
OMAP34XX SDP # 
- 00:35:10 [INFO] Host: setenv loadaddr 0x82800000
- 00:35:10 [INFO] Target: 
setenv loadaddr 0x82800000
OMAP34XX SDP # 
- 00:35:10 [INFO] Host: setenv bootcmd 'tftp ${loadaddr} 192.168.1.254:vatf_sdp3430/19a71fb4201f87304e6f2b8170bf82e0; bootm ${loadaddr}'
- 00:35:11 [INFO] Target: 
setenv bootcmd 'tftp ${loadaddr} 192.168.1.254:vatf_sdp3430/19a71fb4201f87304e6f2b8170bf82e0; bootm ${loadaddr}'
OMAP34XX SDP # 
- 00:35:11 [INFO] Host: printenv
- 00:35:11 [INFO] Target: 
printenv
baudrate=115200
console=ttyS0,115200n8
mmcargs=setenv bootargs console=${console} root=/dev/mmcblk0p2 rw rootfstype=ext3 rootwait
norargs=setenv bootargs console=${console} root=/dev/mtdblock3 rw rootfstype=jffs2
loadbootscript=fatload mmc 0 ${loadaddr} boot.scr
bootscript=echo Running bootscript from MMC/SD ...; autoscr ${loadaddr}
loaduimage=fatload mmc 0 ${loadaddr} uImage
mmcboot=echo Booting from MMC/SD ...; run mmcargs; bootm ${loadaddr}
norboot=echo Booting from NOR ...; run norargs; bootm 0x80000
bootdelay=3
ethaddr=08:00:28:01:24:57
stdin=serial
stdout=serial
stderr=serial
autoload=no
bootfile=/tftpboot/kernel/uImage.omap3430-sdp
gatewayip=192.168.1.254
netmask=255.255.255.0
ipaddr=192.168.1.155
serverip=192.168.1.254
bootargs=console=ttyO0,115200n8 earlyprintk rootwait ip=dhcp root=/dev/mmcblk0p2 rw rootfstype=ext3 nohlt
loadaddr=0x82800000
bootcmd=tftp ${loadaddr} 192.168.1.254:vatf_sdp3430/19a71fb4201f87304e6f2b8170bf82e0; bootm ${loadaddr}
Environment size: 967/262140 bytes
OMAP34XX SDP # 
- 00:35:11 [INFO] Host: boot
- 00:36:18 [INFO] Target: 
boot
Using MAC Address 08:00:28:01:24:57
TFTP from server 192.168.1.254; our IP address is 192.168.1.155
Filename 'vatf_sdp3430/19a71fb4201f87304e6f2b8170bf82e0'.
Load address: 0x82800000
Loading: *#################################################################
	 #################################################################
	 #################################################################
	 ###########################################################
done
Bytes transferred = 3723019 (38cf0b hex)
## Booting kernel from Legacy Image at 82800000 ...
   Image Name:   Linux-4.5.0-rc1-next-20160127-00
   Image Type:   ARM Linux Kernel Image (uncompressed)
   Data Size:    3722955 Bytes =  3.6 MB
   Load Address: 81000000
   Entry Point:  81000000
   Verifying Checksum ... OK
   Loading Kernel Image ... OK
Starting kernel ...
[    0.000000] Booting Linux on physical CPU 0x0
[    0.000000] Linux version 4.5.0-rc1-next-20160127-00002-gb7b971a62a2d (nmenon@horus) (gcc version 4.9.3 20150413 (prerelease) (Linaro GCC 4.9-2015.05) ) #1 SMP Wed Jan 27 00:30:07 CST 2016
[    0.000000] CPU: ARMv7 Processor [411fc083] revision 3 (ARMv7), cr=10c5387d
[    0.000000] CPU: PIPT / VIPT nonaliasing data cache, VIPT nonaliasing instruction cache
[    0.000000] Machine model: TI OMAP3430 SDP
[    0.000000] cma: Reserved 16 MiB at 0x86800000
[    0.000000] Memory policy: Data cache writeback
[    0.000000] CPU: All CPU(s) started in SVC mode.
[    0.000000] OMAP3430/3530 ES3.0 (l2cache iva sgx neon isp )
[    0.000000] PERCPU: Embedded 15 pages/cpu @c7c5a000 s28928 r8192 d24320 u61440
[    0.000000] Built 1 zonelists in Zone order, mobility grouping on.  Total pages: 31968
[    0.000000] Kernel command line: console=ttyO0,115200n8 earlyprintk rootwait ip=dhcp root=/dev/mmcblk0p2 rw rootfstype=ext3 nohlt
[    0.000000] PID hash table entries: 512 (order: -1, 2048 bytes)
[    0.000000] Dentry cache hash table entries: 16384 (order: 4, 65536 bytes)
[    0.000000] Inode-cache hash table entries: 8192 (order: 3, 32768 bytes)
[    0.000000] Memory: 92256K/129024K available (6725K kernel code, 770K rwdata, 2284K rodata, 460K init, 8268K bss, 20384K reserved, 16384K cma-reserved, 0K highmem)
[    0.000000] Virtual kernel memory layout:
[    0.000000]     vector  : 0xffff0000 - 0xffff1000   (   4 kB)
[    0.000000]     fixmap  : 0xffc00000 - 0xfff00000   (3072 kB)
[    0.000000]     vmalloc : 0xc8800000 - 0xff800000   ( 880 MB)
[    0.000000]     lowmem  : 0xc0000000 - 0xc8000000   ( 128 MB)
[    0.000000]     pkmap   : 0xbfe00000 - 0xc0000000   (   2 MB)
[    0.000000]     modules : 0xbf000000 - 0xbfe00000   (  14 MB)
[    0.000000]       .text : 0xc0008000 - 0xc08d4888   (9011 kB)
[    0.000000]       .init : 0xc08d5000 - 0xc0948000   ( 460 kB)
[    0.000000]       .data : 0xc0948000 - 0xc0a08a14   ( 771 kB)
[    0.000000]        .bss : 0xc0a0b000 - 0xc121e020   (8269 kB)
[    0.000000] Running RCU self tests
[    0.000000] Hierarchical RCU implementation.
[    0.000000] 	RCU lockdep checking is enabled.
[    0.000000] 	Build-time adjustment of leaf fanout to 32.
[    0.000000] 	RCU restricting CPUs from NR_CPUS=2 to nr_cpu_ids=1.
[    0.000000] RCU: Adjusting geometry for rcu_fanout_leaf=32, nr_cpu_ids=1
[    0.000000] NR_IRQS:16 nr_irqs:16 16
[    0.000000] IRQ: Found an INTC at 0xfa200000 (revision 4.0) with 96 interrupts
[    0.000000] Clocking rate (Crystal/Core/MPU): 26.0/332/500 MHz
[    0.000000] OMAP clockevent source: timer1 at 32768 Hz
[    0.000000] clocksource: 32k_counter: mask: 0xffffffff max_cycles: 0xffffffff, max_idle_ns: 58327039986419 ns
[    0.000000] sched_clock: 32 bits at 32kHz, resolution 30517ns, wraps every 65535999984741ns
[    0.000030] OMAP clocksource: 32k_counter at 32768 Hz
[    0.002258] Console: colour dummy device 80x30
[    0.002380] Lock dependency validator: Copyright (c) 2006 Red Hat, Inc., Ingo Molnar
[    0.002410] ... MAX_LOCKDEP_SUBCLASSES:  8
[    0.002410] ... MAX_LOCK_DEPTH:          48
[    0.002441] ... MAX_LOCKDEP_KEYS:        8191
[    0.002471] ... CLASSHASH_SIZE:          4096
[    0.002471] ... MAX_LOCKDEP_ENTRIES:     32768
[    0.002502] ... MAX_LOCKDEP_CHAINS:      65536
[    0.002502] ... CHAINHASH_SIZE:          32768
[    0.002532]  memory used by lock dependency info: 5167 kB
[    0.002563]  per task-struct memory footprint: 1536 bytes
[    0.002593] Calibrating delay loop... 496.43 BogoMIPS (lpj=2482176)
[    0.095245] pid_max: default: 32768 minimum: 301
[    0.096069] Security Framework initialized
[    0.096343] Mount-cache hash table entries: 1024 (order: 0, 4096 bytes)
[    0.096374] Mountpoint-cache hash table entries: 1024 (order: 0, 4096 bytes)
[    0.103179] CPU: Testing write buffer coherency: ok
[    0.106719] CPU0: thread -1, cpu 0, socket -1, mpidr 0
[    0.106933] Setting up static identity map for 0x80008280 - 0x800082f0
[    0.114379] Brought up 1 CPUs
[    0.114440] SMP: Total of 1 processors activated (496.43 BogoMIPS).
[    0.114471] CPU: All CPU(s) started in SVC mode.
[    0.122955] devtmpfs: initialized
[    0.278289] VFP support v0.3: implementor 41 architecture 3 part 30 variant c rev 1
[    0.280120] clocksource: jiffies: mask: 0xffffffff max_cycles: 0xffffffff, max_idle_ns: 19112604462750000 ns
[    0.283599] pinctrl core: initialized pinctrl subsystem
[    0.294311] NET: Registered protocol family 16
[    0.307647] DMA: preallocated 256 KiB pool for atomic coherent allocations
[    0.426452] omap_hwmod: mcbsp2_sidetone using broken dt data from mcbsp
[    0.429809] omap_hwmod: mcbsp3_sidetone using broken dt data from mcbsp
[    0.571594] cpuidle: using governor menu
[    0.572662] Reprogramming SDRC clock to 332000000 Hz
[    0.597747] OMAP GPIO hardware version 2.5
[    0.660583] omap-gpmc 6e000000.gpmc: GPMC revision 5.0
[    0.660949] gpmc_mem_init: disabling cs 0 mapped at 0x0-0x1000000
[    0.662780] gpmc_cs_program_settings: invalid width 0!
[    0.669860] No ATAGs?[    0.669921] hw-breakpoint: debug architecture 0x4 unsupported.
[    0.671722] omap4_sram_init:Unable to allocate sram needed to handle errata I688
[    0.671752] omap4_sram_init:Unable to get sram pool needed to handle errata I688
[    0.674560] OMAP DMA hardware revision 4.0
[    0.749694] omap-dma-engine 48056000.dma-controller: OMAP DMA engine driver
[    0.759063] SCSI subsystem initialized
[    0.767120] omap_i2c 48070000.i2c: bus 0 rev3.3 at 2600 kHz
[    0.769866] omap_i2c 48072000.i2c: bus 1 rev3.3 at 100 kHz
[    0.772247] omap_i2c 48060000.i2c: bus 2 rev3.3 at 100 kHz
[    0.773010] pps_core: LinuxPPS API ver. 1 registered
[    0.773040] pps_core: Software ver. 5.3.6 - Copyright 2005-2007 Rodolfo Giometti <giometti@linux.it>
[    0.773193] PTP clock support registered
[    0.781402] clocksource: Switched to clocksource 32k_counter
[    1.026428] VFS: Disk quotas dquot_6.6.0
[    1.026763] VFS: Dquot-cache hash table entries: 1024 (order 0, 4096 bytes)
[    1.097381] NET: Registered protocol family 2
[    1.101074] TCP established hash table entries: 1024 (order: 0, 4096 bytes)
[    1.101165] TCP bind hash table entries: 1024 (order: 3, 36864 bytes)
[    1.101989] TCP: Hash tables configured (established 1024 bind 1024)
[    1.102416] UDP hash table entries: 256 (order: 2, 20480 bytes)
[    1.102813] UDP-Lite hash table entries: 256 (order: 2, 20480 bytes)
[    1.104522] NET: Registered protocol family 1
[    1.107727] RPC: Registered named UNIX socket transport module.
[    1.107757] RPC: Registered udp transport module.
[    1.107788] RPC: Registered tcp transport module.
[    1.107818] RPC: Registered tcp NFSv4.1 backchannel transport module.
[    1.116729] hw perfevents: enabled with armv7_cortex_a8 PMU driver, 5 counters available
[    1.128204] futex hash table entries: 256 (order: 2, 16384 bytes)
[    1.128692] audit: initializing netlink subsys (disabled)
[    1.129089] audit: type=2000 audit(1.110:1): initialized
[    1.144165] NFS: Registering the id_resolver key type
[    1.144958] Key type id_resolver registered
[    1.144989] Key type id_legacy registered
[    1.145355] jffs2: version 2.2. (NAND) (SUMMARY)   2001-2006 Red Hat, Inc.
[    1.156829] io scheduler noop registered
[    1.156921] io scheduler deadline registered
[    1.157012] io scheduler cfq registered (default)
[    1.162109] pinctrl-single 48002030.pinmux: 284 pins at pa fa002030 size 568
[    1.163269] pinctrl-single 48002a00.pinmux: 46 pins at pa fa002a00 size 92
[    1.164733] pinctrl-single 480025d8.pinmux: 18 pins at pa fa0025d8 size 36
[    1.173370] Serial: 8250/16550 driver, 4 ports, IRQ sharing enabled
[    1.186706] omap_uart 4806a000.serial: no wakeirq for uart0
[    1.187774] 4806a000.serial: ttyO0 at MMIO 0x4806a000 (irq = 88, base_baud = 3000000) is a OMAP UART0
[    1.937194] console [ttyO0] enabled
[    1.944305] omap_uart 4806c000.serial: no wakeirq for uart1
[    1.950836] 4806c000.serial: ttyO1 at MMIO 0x4806c000 (irq = 89, base_baud = 3000000) is a OMAP UART1
[    1.963317] omap_uart 49020000.serial: no wakeirq for uart2
[    1.969818] 49020000.serial: ttyO2 at MMIO 0x49020000 (irq = 90, base_baud = 3000000) is a OMAP UART2
[    2.064697] brd: module loaded
[    2.114501] loop: module loaded
[    2.135467] twl 0-0048: PIH (irq 23) chaining IRQs 338..346
[    2.142211] twl 0-0048: power (irq 343) chaining IRQs 346..353
[    2.229522] twl4030_gpio twl4030-gpio: gpio (irq 338) chaining IRQs 354..371
[    2.252532] mtdoops: mtd device (mtddev=name/number) must be supplied
[    2.272338] intel,pf48f6000m0y1be: Found 1 x16 devices at 0x0 in 16-bit bank. Manufacturer ID 0x000089 Chip ID 0x0088b1
[    2.283905] Intel/Sharp Extended Query Table at 0x010A
[    2.289367] Intel/Sharp Extended Query Table at 0x010A
[    2.294891] Intel/Sharp Extended Query Table at 0x010A
[    2.300354] Intel/Sharp Extended Query Table at 0x010A
[    2.305908] Intel/Sharp Extended Query Table at 0x010A
[    2.311431] Using buffer write method
[    2.315307] Using auto-unlock on power-up/resume
[    2.320190] cfi_cmdset_0001: Erase suspend on write enabled
[    2.331481] 4 ofpart partitions found on MTD device intel,pf48f6000m0y1be
[    2.338714] Creating 4 MTD partitions on "intel,pf48f6000m0y1be":
[    2.345275] 0x000000000000-0x000000040000 : "bootloader-nor"
[    2.363830] 0x000000040000-0x000000080000 : "params-nor"
[    2.377593] 0x000000080000-0x000000280000 : "kernel-nor"
[    2.391113] 0x000000240000-0x000007fc0000 : "filesystem-nor"
[    2.417846] omap2-onenand omap2-onenand: initializing on CS2, phys base 0x02000000, virtual base c8940000, freq 0 MHz
[    2.429260] Muxed OneNAND 256MB 1.8V 16-bit (0x40)
[    2.434417] OneNAND version = 0x002c
[    2.440399] Scanning device for bad blocks
[    2.448638] OneNAND eraseblock 51 is an initial bad block
[    2.458526] OneNAND eraseblock 119 is an initial bad block
[    2.500274] OneNAND eraseblock 718 is an initial bad block
[    2.567749] OneNAND eraseblock 1746 is an initial bad block
[    2.591979] 5 ofpart partitions found on MTD device omap2-onenand
[    2.598419] Creating 5 MTD partitions on "omap2-onenand":
[    2.604217] 0x000000000000-0x000000080000 : "xloader-onenand"
[    2.617980] 0x000000080000-0x0000000c0000 : "bootloader-onenand"
[    2.632080] 0x0000000c0000-0x0000000e0000 : "params-onenand"
[    2.645629] 0x0000000e0000-0x0000002e0000 : "kernel-onenand"
[    2.659088] 0x0000002e0000-0x000010000000 : "filesystem-onenand"
[    2.713928] mousedev: PS/2 mouse device common for all mice
[    2.719879] i2c /dev entries driver
[    2.782470] ledtrig-cpu: registered to indicate activity on CPUs
[    2.791931] oprofile: using arm/armv7
[    2.797210] Initializing XFRM netlink socket
[    2.802703] NET: Registered protocol family 10
[    2.818206] sit: IPv6 over IPv4 tunneling driver
[    2.827819] NET: Registered protocol family 17
[    2.832824] NET: Registered protocol family 15
[    2.838317] Key type dns_resolver registered
[    2.843475] omap2_set_init_voltage: unable to find boot up OPP for vdd_mpu_iva
[    2.851104] omap2_set_init_voltage: unable to set vdd_mpu_iva
[    2.857330] omap2_set_init_voltage: unable to find boot up OPP for vdd_core
[    2.864776] omap2_set_init_voltage: unable to set vdd_core
[    2.874603] PM: no software I/O chain control; some wakeups may be lost
[    2.885162] ThumbEE CPU extension supported.
[    2.889770] Registering SWP/SWPB emulation handler
[    2.894989] SmartReflex Class3 initialized
[    2.918029] hctosys: unable to open rtc device (rtc0)
[    2.923614] sr_init: No PMIC hook to init smartreflex
[    2.929748] smartreflex smartreflex.0: omap_sr_probe: SmartReflex driver initialized
[    2.938537] smartreflex smartreflex.0: omap_sr_probe: smartreflex_mpu_iva: No Voltage table for the corresponding vdd. Cannot create debugfs entries for n-values
[    2.954589] smartreflex: probe of smartreflex.0 failed with error -61
[    2.961822] smartreflex smartreflex.1: omap_sr_probe: SmartReflex driver initialized
[    2.970397] smartreflex smartreflex.1: omap_sr_probe: smartreflex_core: No Voltage table for the corresponding vdd. Cannot create debugfs entries for n-values
[    2.985931] smartreflex: probe of smartreflex.1 failed with error -61
[    2.993072] sr_init: platform driver register failed for SR
[    3.126464] mmc0: host does not support reading read-only switch, assuming write-enable
[    3.137725] mmc0: new high speed SD card at address b368
[    3.148498] mmcblk0: mmc0:b368 SD    1.89 GiB 
[    3.161895]  mmcblk0: p1 p2
[   15.233551] VAUX3: disabling
[   15.238098] VDAC: disabling
[   15.242675] VUSB1V5: disabling
[   15.246948] VUSB1V8: disabling
[   15.251312] VUSB3V1: disabling
[   15.255584] VPLL2: disabling
[   15.273803] EXT4-fs (mmcblk0p2): mounting ext3 file system using the ext4 subsystem
[   15.450195] EXT4-fs (mmcblk0p2): recovery complete
[   15.462280] EXT4-fs (mmcblk0p2): mounted filesystem with ordered data mode. Opts: (null)
[   15.471313] VFS: Mounted root (ext3 filesystem) on device 179:2.
[   15.487396] devtmpfs: mounted
[   15.492828] Freeing unused kernel memory: 460K (c08d5000 - c0948000)
INIT: version 2.88 booting
Error opening /dev/fb0: No such file or directory
/dev/ttyO0 linked to /dev/tty-bd - using as console
Starting udev
[   17.315856] udevd[129]: starting version 182
[   31.543853] FAT-fs (mmcblk0p1): Invalid FSINFO signature: 0x00000000, 0x00000000 (sector = 17554)
[   31.554718] FAT-fs (mmcblk0p1): error, invalid access to FAT (entry 0x13ee6402)
[   31.562622] FAT-fs (mmcblk0p1): Filesystem has been set read-only
[   31.739807] FAT-fs (mmcblk0p1): Invalid FSINFO signature: 0x00000000, 0x00000000 (sector = 17554)
[   31.749542] FAT-fs (mmcblk0p1): error, invalid access to FAT (entry 0x13ee6402)
[   31.757476] FAT-fs (mmcblk0p1): Filesystem has been set read-only
[   31.797485] FAT-fs (mmcblk0p1): Invalid FSINFO signature: 0x00000000, 0x00000000 (sector = 17554)
[   31.808044] FAT-fs (mmcblk0p1): error, invalid access to FAT (entry 0x13ee6402)
[   31.815917] FAT-fs (mmcblk0p1): Filesystem has been set read-only
[   32.389556] FAT-fs (mmcblk0p1): Invalid FSINFO signature: 0x00000000, 0x00000000 (sector = 17554)
[   32.399291] FAT-fs (mmcblk0p1): error, invalid access to FAT (entry 0x13ee6402)
[   32.407135] FAT-fs (mmcblk0p1): Filesystem has been set read-only
[   32.496459] FAT-fs (mmcblk0p1): Invalid FSINFO signature: 0x00000000, 0x00000000 (sector = 17554)
[   32.506134] FAT-fs (mmcblk0p1): error, invalid access to FAT (entry 0x13ee6402)
[   32.513946] FAT-fs (mmcblk0p1): Filesystem has been set read-only
[   32.524993] FAT-fs (mmcblk0p1): Invalid FSINFO signature: 0x00000000, 0x00000000 (sector = 17554)
[   32.534667] FAT-fs (mmcblk0p1): error, invalid access to FAT (entry 0x13ee6402)
[   32.542480] FAT-fs (mmcblk0p1): Filesystem has been set read-only
ERROR: could not open directory /lib/modules/4.5.0-rc1-next-20160127-00002-gb7b971a62a2d: No such file or directory
WARNING: -e needs -E or -F
ERROR: could not open directory /lib/modules/4.5.0-rc1-next-20160127-00002-gb7b971a62a2d: No such file or directory
FATAL: could not search modules: No such file or directory
Starting Bootlog daemon: bootlogd: cannot allocate pseudo tty: No such file or directory
bootlogd.
[   33.278411] EXT4-fs (mmcblk0p2): re-mounted. Opts: data=ordered
[   33.473785] random: dd urandom read with 90 bits of entropy available
ALSA: Restoring mixer settings...
/usr/sbin/alsactl: load_state:1696: No soundcards found...
Configuring network interfaces... ifconfig: SIOCGIFFLAGS: No such device
done.
hwclock: can't open '/dev/misc/rtc': No such file or directory
Wed Apr 29 02:41:00 UTC 2015
hwclock: can't open '/dev/misc/rtc': No such file or directory
INIT: Entering runlevel: 3
/dev/ttyO0 linked to /dev/tty-bd - using as console
Starting system message bus: dbus.
Starting Dropbear SSH server: dropbear.
Starting telnet daemon.
hwclock: can't open '/dev/misc/rtc': No such file or directory
Starting syslogd/klogd: done
Starting thttpd.
Starting Lighttpd Web Server: lighttpd.
2015-04-29 02:41:01: (log.c.166) server started 
[   39.089904] random: nonblocking pool is initialized
***************************************************************
***************************************************************
NOTICE: This file system contains the followin GPLv3 packages:
	binutils-symlinks
	binutils
	gdbserver
	parted
If you do not wish to distribute GPLv3 components please remove
the above packages prior to distribution.  This can be done using
the opkg remove command.  i.e.:
    opkg remove <package>
Where <package> is the name printed in the list above
NOTE: If the package is a dependency of another package you
      will be notified of the dependent packages.  You should
      use the --force-removal-of-dependent-packages option to
      also remove the dependent packages as well
***************************************************************
***************************************************************
Stopping Bootlog daemon: bootlogd.
 _____                    _____           _         _   
|  _  |___ ___ ___ ___   |  _  |___ ___  |_|___ ___| |_ 
|     |  _| .'| . | . |  |   __|  _| . | | | -_|  _|  _|
|__|__|_| |__,|_  |___|  |__|  |_| |___|_| |___|___|_|  
              |___|                    |___|            
Arago Project http://arago-project.org GenericOMAP3(FlattenedDeviceTree) tty-bd
Arago 2013.12 GenericOMAP3(FlattenedDeviceTree) tty-bd
GenericOMAP3(FlattenedDeviceTree) login: 
- 00:36:18 [INFO] Host: root
- 00:36:18 [INFO] Target: 
root
root@GenericOMAP3(FlattenedDeviceTree):~# 
- 00:36:18 [INFO] Host: uname -a
- 00:36:18 [INFO] Target: 
uname -a
Linux GenericOMAP3(FlattenedDeviceTree) 4.5.0-rc1-next-20160127-00002-gb7b971a62a2d #1 SMP Wed Jan 27 00:30:07 CST 2016 armv7l GNU/Linux
root@GenericOMAP3(FlattenedDeviceTree):~# 
- 00:36:18 [INFO] Host: cat /proc/cmdline
- 00:36:18 [INFO] Target: 
cat /proc/cmdline
console=ttyO0,115200n8 earlyprintk rootwait ip=dhcp root=/dev/mmcblk0p2 rw rootfstype=ext3 nohlt
root@GenericOMAP3(FlattenedDeviceTree):~# 
- 00:36:18 [INFO] Host: uname -a
- 00:36:18 [INFO] Target: 
uname -a
Linux GenericOMAP3(FlattenedDeviceTree) 4.5.0-rc1-next-20160127-00002-gb7b971a62a2d #1 SMP Wed Jan 27 00:30:07 CST 2016 armv7l GNU/Linux
root@GenericOMAP3(FlattenedDeviceTree):~# 
- 00:36:18 [INFO] Host: cat /proc/mtd
- 00:36:18 [INFO] Target: 
cat /proc/mtd
dev:    size   erasesize  name
mtd0: 00040000 00040000 "bootloader-nor"
mtd1: 00040000 00040000 "params-nor"
mtd2: 00200000 00040000 "kernel-nor"
mtd3: 07d80000 00040000 "filesystem-nor"
mtd4: 00080000 00020000 "xloader-onenand"
mtd5: 00040000 00020000 "bootloader-onenand"
mtd6: 00020000 00020000 "params-onenand"
mtd7: 00200000 00020000 "kernel-onenand"
mtd8: 0fd20000 00020000 "filesystem-onenand"
root@GenericOMAP3(FlattenedDeviceTree):~# 
URL:gtsystest.telogy.design.ti.com/vatf/tidfarm-06/tidfarm-06_vatf@sdp3430/tidfarm-0601_27_2016_00_34_47/files/session_iteration_1/test_1
