- 05:40:24 [INFO] Starting target session
- 05:40:24 [INFO] Connected to sdp3430 via serial 
- 05:40:24 [INFO] Host: #check prompt
- 05:40:27 [ERROR] On command: #check prompt waiting for #check prompt.+?(?-mix:((?-mix:.*\s+login)|[Pp]assword)) >>> error: execution expired
- 05:40:27 [INFO] Target: 
- 05:40:27 [INFO] Host: #check prompt
- 05:40:29 [ERROR] On command: #check prompt waiting for #check prompt.+?(?m-ix:root.*#) >>> error: execution expired
- 05:40:29 [INFO] Target: 
- 05:40:29 [INFO] Disconnected serial from sdp3430
- 05:40:30 [INFO] Connected to sdp3430 via serial 
- 05:40:30 [INFO] Host: 
- 05:40:33 [INFO] Target: 
U-Boot 2009.11-rc1-00485-g7d1e865 (Nov 09 2009 - 11:21:55)
OMAP3530-GP ES3.0, CPU-OPP2 L3-165MHz
OMAP3 SDP3430 board + LPDDR/NOR
I2C:   ready
DRAM:  128 MB
Flash: 128 MB
In:    serial
Out:   serial
Err:   serial
OMAP34XX SDP # 
OMAP34XX SDP # 
OMAP34XX SDP # 
OMAP34XX SDP # 
OMAP34XX SDP # 
OMAP34XX SDP # 
OMAP34XX SDP # 
OMAP34XX SDP # 
OMAP34XX SDP # 
OMAP34XX SDP # 
OMAP34XX SDP # 
OMAP34XX SDP # 
OMAP34XX SDP # 
OMAP34XX SDP # 
OMAP34XX SDP # 
- 05:40:33 [INFO] Host: version
- 05:40:33 [INFO] Target: 
version
U-Boot 2009.11-rc1-00485-g7d1e865 (Nov 09 2009 - 11:21:55)
OMAP34XX SDP # 
- 05:40:33 [INFO] Host: bdinfo
- 05:40:33 [INFO] Target: 
bdinfo
arch_number = 0x00000472
env_t       = 0x00000000
boot_params = 0x80000100
DRAM bank   = 0x00000000
-> start    = 0x80000000
-> size     = 0x08000000
DRAM bank   = 0x00000001
-> start    = 0xA0000000
-> size     = 0x00000000
ethaddr     = 08:00:28:01:24:57
ip_addr     = 0.0.0.0
baudrate    = 115200 bps
OMAP34XX SDP # 
- 05:40:33 [INFO] Host: printenv
- 05:40:33 [INFO] Target: 
printenv
baudrate=115200
loadaddr=0x82000000
console=ttyS0,115200n8
mmcargs=setenv bootargs console=${console} root=/dev/mmcblk0p2 rw rootfstype=ext3 rootwait
norargs=setenv bootargs console=${console} root=/dev/mtdblock3 rw rootfstype=jffs2
loadbootscript=fatload mmc 0 ${loadaddr} boot.scr
bootscript=echo Running bootscript from MMC/SD ...; autoscr ${loadaddr}
loaduimage=fatload mmc 0 ${loadaddr} uImage
mmcboot=echo Booting from MMC/SD ...; run mmcargs; bootm ${loadaddr}
norboot=echo Booting from NOR ...; run norargs; bootm 0x80000
bootdelay=3
ethaddr=08:00:28:01:24:57
serverip=128.247.91.123
bootfile=/tftpboot/kernel/uImage.omap3430-sdp
bootcmd=dhcp;bootm
bootargs=console=ttyO0,115200n8 debug ignore_loglevel earlyprintk root=/dev/mmcblk0p2 rw rootfstype=ext3 rootwait nohlt
stdin=serial
stdout=serial
stderr=serial
Environment size: 818/262140 bytes
OMAP34XX SDP # 
- 05:40:33 [INFO] Host: setenv autoload 'no'
- 05:40:34 [INFO] Target: 
setenv autoload 'no'
OMAP34XX SDP # 
- 05:40:34 [INFO] Host: dhcp
- 05:40:35 [INFO] Target: 
dhcp
Using MAC Address 08:00:28:01:24:57
BOOTP broadcast 1
DHCP client bound to address 192.168.1.185
OMAP34XX SDP # 
- 05:40:35 [INFO] Host: setenv serverip 192.168.1.254
- 05:40:36 [INFO] Target: 
setenv serverip 192.168.1.254
OMAP34XX SDP # 
- 05:40:36 [INFO] Host: setenv bootargs 'console=ttyO0,115200n8 earlyprintk rootwait ip=dhcp root=/dev/mmcblk0p2 rw rootfstype=ext3 nohlt'
- 05:40:36 [INFO] Target: 
setenv bootargs 'console=ttyO0,115200n8 earlyprintk rootwait ip=dhcp root=/dev/mmcblk0p2 rw rootfstype=ext3 nohlt'
OMAP34XX SDP # 
- 05:40:36 [INFO] Host: setenv bootcmd 'tftp ${loadaddr} 192.168.1.254:vatf_7/f2c7b9fff0c2b84d83834867735e22a9; bootm ${loadaddr}'
- 05:40:36 [INFO] Target: 
setenv bootcmd 'tftp ${loadaddr} 192.168.1.254:vatf_7/f2c7b9fff0c2b84d83834867735e22a9; bootm ${loadaddr}'
OMAP34XX SDP # 
- 05:40:36 [INFO] Host: printenv
- 05:40:36 [INFO] Target: 
printenv
baudrate=115200
loadaddr=0x82000000
console=ttyS0,115200n8
mmcargs=setenv bootargs console=${console} root=/dev/mmcblk0p2 rw rootfstype=ext3 rootwait
norargs=setenv bootargs console=${console} root=/dev/mtdblock3 rw rootfstype=jffs2
loadbootscript=fatload mmc 0 ${loadaddr} boot.scr
bootscript=echo Running bootscript from MMC/SD ...; autoscr ${loadaddr}
loaduimage=fatload mmc 0 ${loadaddr} uImage
mmcboot=echo Booting from MMC/SD ...; run mmcargs; bootm ${loadaddr}
norboot=echo Booting from NOR ...; run norargs; bootm 0x80000
bootdelay=3
ethaddr=08:00:28:01:24:57
stdin=serial
stdout=serial
stderr=serial
autoload=no
bootfile=/tftpboot/kernel/uImage.omap3430-sdp
gatewayip=192.168.1.254
netmask=255.255.255.0
ipaddr=192.168.1.185
serverip=192.168.1.254
bootargs=console=ttyO0,115200n8 earlyprintk rootwait ip=dhcp root=/dev/mmcblk0p2 rw rootfstype=ext3 nohlt
bootcmd=tftp ${loadaddr} 192.168.1.254:vatf_7/f2c7b9fff0c2b84d83834867735e22a9; bootm ${loadaddr}
Environment size: 961/262140 bytes
OMAP34XX SDP # 
- 05:40:36 [INFO] Host: boot
- 05:41:42 [INFO] Target: 
boot
Using MAC Address 08:00:28:01:24:57
TFTP from server 192.168.1.254; our IP address is 192.168.1.185
Filename 'vatf_7/f2c7b9fff0c2b84d83834867735e22a9'.
Load address: 0x82000000
Loading: *#################################################################
	 #################################################################
	 #################################################################
	 #####################################################
done
Bytes transferred = 3628607 (375e3f hex)
## Booting kernel from Legacy Image at 82000000 ...
   Image Name:   Linux-4.3.0-rc1-next-20150914-00
   Image Type:   ARM Linux Kernel Image (uncompressed)
   Data Size:    3628543 Bytes =  3.5 MB
   Load Address: 80800000
   Entry Point:  80800000
   Verifying Checksum ... OK
   Loading Kernel Image ... OK
Starting kernel ...
[    0.000000] Booting Linux on physical CPU 0x0
[    0.000000] Initializing cgroup subsys cpuset
[    0.000000] Initializing cgroup subsys cpu
[    0.000000] Initializing cgroup subsys cpuacct
[    0.000000] Linux version 4.3.0-rc1-next-20150914-00002-g274b50485d2c (nmenon@kahuna) (gcc version 4.6.3 (Ubuntu/Linaro 4.6.3-1ubuntu5) ) #1 SMP Mon Sep 14 05:35:34 CDT 2015
[    0.000000] CPU: ARMv7 Processor [411fc083] revision 3 (ARMv7), cr=10c5387d
[    0.000000] CPU: PIPT / VIPT nonaliasing data cache, VIPT nonaliasing instruction cache
[    0.000000] Machine model: TI OMAP3430 SDP
[    0.000000] cma: Reserved 16 MiB at 0x86800000
[    0.000000] Memory policy: Data cache writeback
[    0.000000] CPU: All CPU(s) started in SVC mode.
[    0.000000] OMAP3430/3530 ES3.0 (l2cache iva sgx neon isp )
[    0.000000] PERCPU: Embedded 14 pages/cpu @c7c5b000 s25088 r8192 d24064 u57344
[    0.000000] Built 1 zonelists in Zone order, mobility grouping on.  Total pages: 31968
[    0.000000] Kernel command line: console=ttyO0,115200n8 earlyprintk rootwait ip=dhcp root=/dev/mmcblk0p2 rw rootfstype=ext3 nohlt
[    0.000000] PID hash table entries: 512 (order: -1, 2048 bytes)
[    0.000000] Dentry cache hash table entries: 16384 (order: 4, 65536 bytes)
[    0.000000] Inode-cache hash table entries: 8192 (order: 3, 32768 bytes)
[    0.000000] Memory: 92536K/129024K available (6553K kernel code, 744K rwdata, 2216K rodata, 452K init, 8263K bss, 20104K reserved, 16384K cma-reserved, 0K highmem)
[    0.000000] Virtual kernel memory layout:
[    0.000000]     vector  : 0xffff0000 - 0xffff1000   (   4 kB)
[    0.000000]     fixmap  : 0xffc00000 - 0xfff00000   (3072 kB)
[    0.000000]     vmalloc : 0xc8800000 - 0xff000000   ( 872 MB)
[    0.000000]     lowmem  : 0xc0000000 - 0xc8000000   ( 128 MB)
[    0.000000]     pkmap   : 0xbfe00000 - 0xc0000000   (   2 MB)
[    0.000000]     modules : 0xbf000000 - 0xbfe00000   (  14 MB)
[    0.000000]       .text : 0xc0008000 - 0xc08986f8   (8770 kB)
[    0.000000]       .init : 0xc0899000 - 0xc090a000   ( 452 kB)
[    0.000000]       .data : 0xc090a000 - 0xc09c4198   ( 745 kB)
[    0.000000]        .bss : 0xc09c7000 - 0xc11d8f30   (8264 kB)
[    0.000000] Running RCU self tests
[    0.000000] Hierarchical RCU implementation.
[    0.000000] 	RCU lockdep checking is enabled.
[    0.000000] 	Build-time adjustment of leaf fanout to 32.
[    0.000000] 	RCU restricting CPUs from NR_CPUS=2 to nr_cpu_ids=1.
[    0.000000] RCU: Adjusting geometry for rcu_fanout_leaf=32, nr_cpu_ids=1
[    0.000000] NR_IRQS:16 nr_irqs:16 16
[    0.000000] IRQ: Found an INTC at 0xfa200000 (revision 4.0) with 96 interrupts
[    0.000000] Clocking rate (Crystal/Core/MPU): 26.0/332/500 MHz
[    0.000000] OMAP clockevent source: timer1 at 32768 Hz
[    0.000000] clocksource: 32k_counter: mask: 0xffffffff max_cycles: 0xffffffff, max_idle_ns: 58327039986419 ns
[    0.000030] sched_clock: 32 bits at 32kHz, resolution 30517ns, wraps every 65535999984741ns
[    0.000030] OMAP clocksource: 32k_counter at 32768 Hz
[    0.001708] Console: colour dummy device 80x30
[    0.001831] Lock dependency validator: Copyright (c) 2006 Red Hat, Inc., Ingo Molnar
[    0.001861] ... MAX_LOCKDEP_SUBCLASSES:  8
[    0.001861] ... MAX_LOCK_DEPTH:          48
[    0.001892] ... MAX_LOCKDEP_KEYS:        8191
[    0.001892] ... CLASSHASH_SIZE:          4096
[    0.001922] ... MAX_LOCKDEP_ENTRIES:     32768
[    0.001922] ... MAX_LOCKDEP_CHAINS:      65536
[    0.001953] ... CHAINHASH_SIZE:          32768
[    0.001953]  memory used by lock dependency info: 5167 kB
[    0.001983]  per task-struct memory footprint: 1536 bytes
[    0.002014] Calibrating delay loop... 496.43 BogoMIPS (lpj=2482176)
[    0.096832] pid_max: default: 32768 minimum: 301
[    0.097534] Security Framework initialized
[    0.097808] Mount-cache hash table entries: 1024 (order: 0, 4096 bytes)
[    0.097869] Mountpoint-cache hash table entries: 1024 (order: 0, 4096 bytes)
[    0.104003] Initializing cgroup subsys io
[    0.104248] Initializing cgroup subsys memory
[    0.104431] Initializing cgroup subsys devices
[    0.104614] Initializing cgroup subsys freezer
[    0.104888] Initializing cgroup subsys perf_event
[    0.105010] CPU: Testing write buffer coherency: ok
[    0.107940] CPU0: thread -1, cpu 0, socket -1, mpidr 0
[    0.108184] Setting up static identity map for 0x80008280 - 0x800082f0
[    0.117156] Brought up 1 CPUs
[    0.117187] SMP: Total of 1 processors activated (496.43 BogoMIPS).
[    0.117218] CPU: All CPU(s) started in SVC mode.
[    0.125122] devtmpfs: initialized
[    0.280273] VFP support v0.3: implementor 41 architecture 3 part 30 variant c rev 1
[    0.389587] omap_hwmod: mcbsp2_sidetone using broken dt data from mcbsp
[    0.392608] omap_hwmod: mcbsp3_sidetone using broken dt data from mcbsp
[    0.523559] clocksource: jiffies: mask: 0xffffffff max_cycles: 0xffffffff, max_idle_ns: 19112604462750000 ns
[    0.528228] pinctrl core: initialized pinctrl subsystem
[    0.538818] NET: Registered protocol family 16
[    0.551208] DMA: preallocated 256 KiB pool for atomic coherent allocations
[    0.555572] cpuidle: using governor ladder
[    0.555633] cpuidle: using governor menu
[    0.556823] Reprogramming SDRC clock to 332000000 Hz
[    0.579528] OMAP GPIO hardware version 2.5
[    0.639923] omap-gpmc 6e000000.gpmc: GPMC revision 5.0
[    0.640258] gpmc_mem_init: disabling cs 0 mapped at 0x0-0x1000000
[    0.642089] gpmc_cs_program_settings: invalid width 0!
[    0.649108] No ATAGs?[    0.649169] hw-breakpoint: debug architecture 0x4 unsupported.
[    0.652862] omap4_sram_init:Unable to allocate sram needed to handle errata I688
[    0.652893] omap4_sram_init:Unable to get sram pool needed to handle errata I688
[    0.655487] OMAP DMA hardware revision 4.0
[    0.728942] omap-dma-engine 48056000.dma-controller: OMAP DMA engine driver
[    0.737426] SCSI subsystem initialized
[    0.745300] omap_i2c 48070000.i2c: bus 0 rev3.3 at 2600 kHz
[    0.748168] omap_i2c 48072000.i2c: bus 1 rev3.3 at 100 kHz
[    0.750579] omap_i2c 48060000.i2c: bus 2 rev3.3 at 100 kHz
[    0.751312] pps_core: LinuxPPS API ver. 1 registered
[    0.751342] pps_core: Software ver. 5.3.6 - Copyright 2005-2007 Rodolfo Giometti <giometti@linux.it>
[    0.751495] PTP clock support registered
[    0.760314] clocksource: Switched to clocksource 32k_counter
[    1.067749] NET: Registered protocol family 2
[    1.071807] TCP established hash table entries: 1024 (order: 0, 4096 bytes)
[    1.071899] TCP bind hash table entries: 1024 (order: 3, 36864 bytes)
[    1.072570] TCP: Hash tables configured (established 1024 bind 1024)
[    1.072998] UDP hash table entries: 256 (order: 2, 20480 bytes)
[    1.073364] UDP-Lite hash table entries: 256 (order: 2, 20480 bytes)
[    1.075317] NET: Registered protocol family 1
[    1.078491] RPC: Registered named UNIX socket transport module.
[    1.078552] RPC: Registered udp transport module.
[    1.078582] RPC: Registered tcp transport module.
[    1.078582] RPC: Registered tcp NFSv4.1 backchannel transport module.
[    1.087219] hw perfevents: enabled with armv7_cortex_a8 PMU driver, 5 counters available
[    1.098632] futex hash table entries: 256 (order: 2, 16384 bytes)
[    1.099212] audit: initializing netlink subsys (disabled)
[    1.099639] audit: type=2000 audit(1.080:1): initialized
[    1.108734] VFS: Disk quotas dquot_6.6.0
[    1.109039] VFS: Dquot-cache hash table entries: 1024 (order 0, 4096 bytes)
[    1.114349] NFS: Registering the id_resolver key type
[    1.115142] Key type id_resolver registered
[    1.115173] Key type id_legacy registered
[    1.115570] jffs2: version 2.2. (NAND) (SUMMARY)   2001-2006 Red Hat, Inc.
[    1.127746] io scheduler noop registered
[    1.127807] io scheduler deadline registered
[    1.127929] io scheduler cfq registered (default)
[    1.133026] pinctrl-single 48002030.pinmux: 284 pins at pa fa002030 size 568
[    1.134094] pinctrl-single 48002a00.pinmux: 46 pins at pa fa002a00 size 92
[    1.135528] pinctrl-single 480025d8.pinmux: 18 pins at pa fa0025d8 size 36
[    1.138183] ------------[ cut here ]------------
[    1.138244] WARNING: CPU: 0 PID: 1 at drivers/regulator/pbias-regulator.c:181 pbias_regulator_probe+0x25c/0x2ac()
[    1.138275] pbias-regulator 2b0.pbias_regulator: using legacy dt data for pbias offset
[    1.138275] Modules linked in:
[    1.138305] CPU: 0 PID: 1 Comm: swapper/0 Not tainted 4.3.0-rc1-next-20150914-00002-g274b50485d2c #1
[    1.138336] Hardware name: Generic OMAP3 (Flattened Device Tree)
[    1.138397] [<c0016e9c>] (unwind_backtrace) from [<c0013198>] (show_stack+0x10/0x14)
[    1.138427] [<c0013198>] (show_stack) from [<c0340ad0>] (dump_stack+0x78/0x94)
[    1.138458] [<c0340ad0>] (dump_stack) from [<c003e688>] (warn_slowpath_common+0x7c/0xb4)
[    1.138519] [<c003e688>] (warn_slowpath_common) from [<c003e754>] (warn_slowpath_fmt+0x30/0x40)
[    1.138549] [<c003e754>] (warn_slowpath_fmt) from [<c03a1de4>] (pbias_regulator_probe+0x25c/0x2ac)
[    1.138580] [<c03a1de4>] (pbias_regulator_probe) from [<c03d8850>] (platform_drv_probe+0x48/0x98)
[    1.138610] [<c03d8850>] (platform_drv_probe) from [<c03d71bc>] (driver_probe_device+0x1e0/0x29c)
[    1.138641] [<c03d71bc>] (driver_probe_device) from [<c03d730c>] (__driver_attach+0x94/0x98)
[    1.138671] [<c03d730c>] (__driver_attach) from [<c03d5a20>] (bus_for_each_dev+0x54/0x88)
[    1.138702] [<c03d5a20>] (bus_for_each_dev) from [<c03d690c>] (bus_add_driver+0x160/0x1f8)
[    1.138732] [<c03d690c>] (bus_add_driver) from [<c03d7c84>] (driver_register+0x78/0xf4)
[    1.138763] [<c03d7c84>] (driver_register) from [<c00097e4>] (do_one_initcall+0x80/0x1d8)
[    1.138793] [<c00097e4>] (do_one_initcall) from [<c0899ea0>] (kernel_init_freeable+0x208/0x2e4)
[    1.138854] [<c0899ea0>] (kernel_init_freeable) from [<c0630d80>] (kernel_init+0x8/0xe4)
[    1.138885] [<c0630d80>] (kernel_init) from [<c000f710>] (ret_from_fork+0x14/0x24)
[    1.138977] ---[ end trace e2b887927f77c78b ]---
[    1.144317] Serial: 8250/16550 driver, 4 ports, IRQ sharing enabled
[    1.157897] omap_uart 4806a000.serial: no wakeirq for uart0
[    1.158966] 4806a000.serial: ttyO0 at MMIO 0x4806a000 (irq = 88, base_baud = 3000000) is a OMAP UART0
[    2.128570] console [ttyO0] enabled
[    2.137481] omap_uart 4806c000.serial: no wakeirq for uart1
[    2.144195] 4806c000.serial: ttyO1 at MMIO 0x4806c000 (irq = 89, base_baud = 3000000) is a OMAP UART1
[    2.156677] omap_uart 49020000.serial: no wakeirq for uart2
[    2.163330] 49020000.serial: ttyO2 at MMIO 0x49020000 (irq = 90, base_baud = 3000000) is a OMAP UART2
[    2.253021] brd: module loaded
[    2.302246] loop: module loaded
[    2.323822] twl 0-0048: PIH (irq 23) chaining IRQs 338..346
[    2.330566] twl 0-0048: power (irq 343) chaining IRQs 346..353
[    2.419128] twl4030_gpio twl4030-gpio: gpio (irq 338) chaining IRQs 354..371
[    2.441864] mtdoops: mtd device (mtddev=name/number) must be supplied
[    2.461730] intel,pf48f6000m0y1be: Found 1 x16 devices at 0x0 in 16-bit bank. Manufacturer ID 0x000089 Chip ID 0x0088b1
[    2.473266] Intel/Sharp Extended Query Table at 0x010A
[    2.478729] Intel/Sharp Extended Query Table at 0x010A
[    2.484252] Intel/Sharp Extended Query Table at 0x010A
[    2.489715] Intel/Sharp Extended Query Table at 0x010A
[    2.495239] Intel/Sharp Extended Query Table at 0x010A
[    2.500762] Using buffer write method
[    2.504638] Using auto-unlock on power-up/resume
[    2.509521] cfi_cmdset_0001: Erase suspend on write enabled
[    2.520874] 4 ofpart partitions found on MTD device intel,pf48f6000m0y1be
[    2.528076] Creating 4 MTD partitions on "intel,pf48f6000m0y1be":
[    2.534729] 0x000000000000-0x000000040000 : "bootloader-nor"
[    2.554321] 0x000000040000-0x000000080000 : "params-nor"
[    2.568023] 0x000000080000-0x000000280000 : "kernel-nor"
[    2.581665] 0x000000240000-0x000007fc0000 : "filesystem-nor"
[    2.608032] omap2-onenand omap2-onenand: initializing on CS2, phys base 0x02000000, virtual base c8940000, freq 0 MHz
[    2.619476] Muxed OneNAND 256MB 1.8V 16-bit (0x40)
[    2.624603] OneNAND version = 0x002c
[    2.630859] Scanning device for bad blocks
[    2.638824] OneNAND eraseblock 51 is an initial bad block
[    2.648651] OneNAND eraseblock 119 is an initial bad block
[    2.690246] OneNAND eraseblock 718 is an initial bad block
[    2.757171] OneNAND eraseblock 1746 is an initial bad block
[    2.781219] 5 ofpart partitions found on MTD device omap2-onenand
[    2.787658] Creating 5 MTD partitions on "omap2-onenand":
[    2.793487] 0x000000000000-0x000000080000 : "xloader-onenand"
[    2.807464] 0x000000080000-0x0000000c0000 : "bootloader-onenand"
[    2.821441] 0x0000000c0000-0x0000000e0000 : "params-onenand"
[    2.834899] 0x0000000e0000-0x0000002e0000 : "kernel-onenand"
[    2.848419] 0x0000002e0000-0x000010000000 : "filesystem-onenand"
[    2.898895] mousedev: PS/2 mouse device common for all mice
[    2.904998] i2c /dev entries driver
[    2.971313] ledtrig-cpu: registered to indicate activity on CPUs
[    2.980590] oprofile: using arm/armv7
[    2.985900] Initializing XFRM netlink socket
[    2.991394] NET: Registered protocol family 10
[    3.003295] sit: IPv6 over IPv4 tunneling driver
[    3.013092] NET: Registered protocol family 17
[    3.017974] NET: Registered protocol family 15
[    3.023590] Key type dns_resolver registered
[    3.028594] omap2_set_init_voltage: unable to find boot up OPP for vdd_mpu_iva
[    3.036376] omap2_set_init_voltage: unable to set vdd_mpu_iva
[    3.042572] omap2_set_init_voltage: unable to find boot up OPP for vdd_core
[    3.049957] omap2_set_init_voltage: unable to set vdd_core
[    3.059692] PM: no software I/O chain control; some wakeups may be lost
[    3.070526] ThumbEE CPU extension supported.
[    3.075103] Registering SWP/SWPB emulation handler
[    3.080291] SmartReflex Class3 initialized
[    3.108337] hctosys: unable to open rtc device (rtc0)
[    3.113952] sr_init: No PMIC hook to init smartreflex
[    3.120269] smartreflex smartreflex.0: omap_sr_probe: SmartReflex driver initialized
[    3.128906] smartreflex smartreflex.0: omap_sr_probe: smartreflex_mpu_iva: No Voltage table for the corresponding vdd. Cannot create debugfs entries for n-values
[    3.144989] smartreflex: probe of smartreflex.0 failed with error -61
[    3.152221] smartreflex smartreflex.1: omap_sr_probe: SmartReflex driver initialized
[    3.160888] smartreflex smartreflex.1: omap_sr_probe: smartreflex_core: No Voltage table for the corresponding vdd. Cannot create debugfs entries for n-values
[    3.176391] smartreflex: probe of smartreflex.1 failed with error -61
[    3.183502] sr_init: platform driver register failed for SR
[    3.317077] mmc0: host does not support reading read-only switch, assuming write-enable
[    3.328308] mmc0: new high speed SD card at address b368
[    3.339263] mmcblk0: mmc0:b368 SD    1.88 GiB 
[    3.352874]  mmcblk0: p1 p2
[   15.422271] VAUX3: disabling
[   15.426818] VDAC: disabling
[   15.431396] VUSB1V5: disabling
[   15.435699] VUSB1V8: disabling
[   15.439971] VUSB3V1: disabling
[   15.444305] VPLL2: disabling
[   15.462463] EXT4-fs (mmcblk0p2): mounting ext3 file system using the ext4 subsystem
[   15.503051] EXT4-fs (mmcblk0p2): mounted filesystem with ordered data mode. Opts: (null)
[   15.512023] VFS: Mounted root (ext3 filesystem) on device 179:2.
[   15.534942] devtmpfs: mounted
[   15.539978] Freeing unused kernel memory: 452K (c0899000 - c090a000)
INIT: version 2.88 booting
Error opening /dev/fb0: No such file or directory
/dev/ttyO0 linked to /dev/tty-bd - using as console
Starting udev
[   17.375335] udevd[128]: starting version 182
[   31.292236] FAT-fs (mmcblk0p1): Invalid FSINFO signature: 0x00000000, 0x00000000 (sector = 17554)
[   31.303161] FAT-fs (mmcblk0p1): error, invalid access to FAT (entry 0x13ee6402)
[   31.311035] FAT-fs (mmcblk0p1): Filesystem has been set read-only
[   31.487060] FAT-fs (mmcblk0p1): Invalid FSINFO signature: 0x00000000, 0x00000000 (sector = 17554)
[   31.496765] FAT-fs (mmcblk0p1): error, invalid access to FAT (entry 0x13ee6402)
[   31.504608] FAT-fs (mmcblk0p1): Filesystem has been set read-only
[   31.553527] FAT-fs (mmcblk0p1): Invalid FSINFO signature: 0x00000000, 0x00000000 (sector = 17554)
[   31.564025] FAT-fs (mmcblk0p1): error, invalid access to FAT (entry 0x13ee6402)
[   31.571929] FAT-fs (mmcblk0p1): Filesystem has been set read-only
[   32.156646] FAT-fs (mmcblk0p1): Invalid FSINFO signature: 0x00000000, 0x00000000 (sector = 17554)
[   32.166351] FAT-fs (mmcblk0p1): error, invalid access to FAT (entry 0x13ee6402)
[   32.174194] FAT-fs (mmcblk0p1): Filesystem has been set read-only
[   32.264068] FAT-fs (mmcblk0p1): Invalid FSINFO signature: 0x00000000, 0x00000000 (sector = 17554)
[   32.273742] FAT-fs (mmcblk0p1): error, invalid access to FAT (entry 0x13ee6402)
[   32.281555] FAT-fs (mmcblk0p1): Filesystem has been set read-only
[   32.292358] FAT-fs (mmcblk0p1): Invalid FSINFO signature: 0x00000000, 0x00000000 (sector = 17554)
[   32.302001] FAT-fs (mmcblk0p1): error, invalid access to FAT (entry 0x13ee6402)
[   32.309722] FAT-fs (mmcblk0p1): Filesystem has been set read-only
ERROR: could not open directory /lib/modules/4.3.0-rc1-next-20150914-00002-g274b50485d2c: No such file or directory
WARNING: -e needs -E or -F
ERROR: could not open directory /lib/modules/4.3.0-rc1-next-20150914-00002-g274b50485d2c: No such file or directory
FATAL: could not search modules: No such file or directory
Starting Bootlog daemon: bootlogd: cannot allocate pseudo tty: No such file or directory
bootlogd.
[   33.033691] EXT4-fs (mmcblk0p2): re-mounted. Opts: data=ordered
[   33.229278] random: dd urandom read with 86 bits of entropy available
ALSA: Restoring mixer settings...
/usr/sbin/alsactl: load_state:1696: No soundcards found...
Configuring network interfaces... ifconfig: SIOCGIFFLAGS: No such device
done.
hwclock: can't open '/dev/misc/rtc': No such file or directory
Wed Mar 18 14:52:00 UTC 2015
hwclock: can't open '/dev/misc/rtc': No such file or directory
INIT: Entering runlevel: 3
/dev/ttyO0 linked to /dev/tty-bd - using as console
Starting system message bus: dbus.
Starting Dropbear SSH server: dropbear.
Starting telnet daemon.
hwclock: can't open '/dev/misc/rtc': No such file or directory
Starting syslogd/klogd: done
Starting thttpd.
Starting Lighttpd Web Server: lighttpd.
2015-03-18 14:52:01: (log.c.166) server started 
[   39.130828] random: nonblocking pool is initialized
***************************************************************
***************************************************************
NOTICE: This file system contains the followin GPLv3 packages:
	binutils-symlinks
	binutils
	gdbserver
	parted
If you do not wish to distribute GPLv3 components please remove
the above packages prior to distribution.  This can be done using
the opkg remove command.  i.e.:
    opkg remove <package>
Where <package> is the name printed in the list above
NOTE: If the package is a dependency of another package you
      will be notified of the dependent packages.  You should
      use the --force-removal-of-dependent-packages option to
      also remove the dependent packages as well
***************************************************************
***************************************************************
Stopping Bootlog daemon: bootlogd.
 _____                    _____           _         _   
|  _  |___ ___ ___ ___   |  _  |___ ___  |_|___ ___| |_ 
|     |  _| .'| . | . |  |   __|  _| . | | | -_|  _|  _|
|__|__|_| |__,|_  |___|  |__|  |_| |___|_| |___|___|_|  
              |___|                    |___|            
Arago Project http://arago-project.org GenericOMAP3(FlattenedDeviceTree) tty-bd
Arago 2013.12 GenericOMAP3(FlattenedDeviceTree) tty-bd
GenericOMAP3(FlattenedDeviceTree) login: 
- 05:41:42 [INFO] Host: root
- 05:41:42 [INFO] Target: 
root
root@GenericOMAP3(FlattenedDeviceTree):~# 
- 05:41:42 [INFO] Host: uname -a
- 05:41:43 [INFO] Target: 
uname -a
Linux GenericOMAP3(FlattenedDeviceTree) 4.3.0-rc1-next-20150914-00002-g274b50485d2c #1 SMP Mon Sep 14 05:35:34 CDT 2015 armv7l GNU/Linux
root@GenericOMAP3(FlattenedDeviceTree):~# 
- 05:41:43 [INFO] Host: cat /proc/cmdline
- 05:41:43 [INFO] Target: 
cat /proc/cmdline
console=ttyO0,115200n8 earlyprintk rootwait ip=dhcp root=/dev/mmcblk0p2 rw rootfstype=ext3 nohlt
root@GenericOMAP3(FlattenedDeviceTree):~# 
- 05:41:43 [INFO] Host: uname -a
- 05:41:43 [INFO] Target: 
uname -a
Linux GenericOMAP3(FlattenedDeviceTree) 4.3.0-rc1-next-20150914-00002-g274b50485d2c #1 SMP Mon Sep 14 05:35:34 CDT 2015 armv7l GNU/Linux
root@GenericOMAP3(FlattenedDeviceTree):~# 
- 05:41:43 [INFO] Host: cat /proc/mtd
- 05:41:43 [INFO] Target: 
cat /proc/mtd
dev:    size   erasesize  name
mtd0: 00040000 00040000 "bootloader-nor"
mtd1: 00040000 00040000 "params-nor"
mtd2: 00200000 00040000 "kernel-nor"
mtd3: 07d80000 00040000 "filesystem-nor"
mtd4: 00080000 00020000 "xloader-onenand"
mtd5: 00040000 00020000 "bootloader-onenand"
mtd6: 00020000 00020000 "params-onenand"
mtd7: 00200000 00020000 "kernel-onenand"
mtd8: 0fd20000 00020000 "filesystem-onenand"
root@GenericOMAP3(FlattenedDeviceTree):~# 
- 05:41:50 [INFO] Host: export IPERFHOST=192.168.1.254
- 05:41:50 [INFO] Target: 
export IPERFHOST=192.168.1.254
root@GenericOMAP3(FlattenedDeviceTree):~# 
- 05:41:50 [INFO] Host: export NFS_SERVER=192.168.1.254
- 05:41:50 [INFO] Target: 
export NFS_SERVER=192.168.1.254
root@GenericOMAP3(FlattenedDeviceTree):~# 
- 05:41:50 [INFO] Host: export NFS_ROOT_PATH=/usr/workdir/filesys/linux/sdp3430
- 05:41:50 [INFO] Target: 
export NFS_ROOT_PATH=/usr/workdir/file 
sys/linux/sdp3430
root@GenericOMAP3(FlattenedDeviceTree):~# 
- 05:41:50 [INFO] Host: mkdir -p -m 777 /test
- 05:41:50 [INFO] Target: 
mkdir -p -m 777 /test
root@GenericOMAP3(FlattenedDeviceTree):~# 
- 05:41:50 [INFO] Host: cd /test
- 05:41:50 [INFO] Target: 
cd /test
root@GenericOMAP3(FlattenedDeviceTree):/test# 
- 05:41:50 [INFO] Host: cat > test.sh << EOF
- 05:41:51 [INFO] Target: 
cat > test.sh << EOF
- 05:41:51 [INFO] Host: failtest() {
- 05:41:51 [INFO] Target: 
failtest() {
- 05:41:51 [INFO] Host:   echo 1 >&3
- 05:41:51 [INFO] Target: 
  echo 1 >&3
- 05:41:51 [INFO] Host: }
- 05:41:51 [INFO] Target: 
- 05:41:51 [INFO] Host: timeout=600
- 05:41:51 [INFO] Target: 
timeout=600
- 05:41:51 [INFO] Host: 
- 05:41:51 [INFO] Target: 
- 05:41:51 [INFO] Host: # Start of user's script logic
- 05:41:51 [INFO] Target: 
# Start of user's script logic
- 05:41:51 [INFO] Host: mount -t proc proc /proc 2>/dev/null;
- 05:41:51 [INFO] Target: 
mount -t proc proc /proc 2>/dev/null;
- 05:41:51 [INFO] Host: 
- 05:41:51 [INFO] Target: 
- 05:41:51 [INFO] Host: mount -t sysfs sys /sys 2>/dev/null;
- 05:41:51 [INFO] Target: 
mount -t sysfs sys /sys 2>/dev/null;
- 05:41:51 [INFO] Host: 
- 05:41:52 [INFO] Target: 
- 05:41:52 [INFO] Host: mount -t debugfs none /sys/kernel/debug 2>/dev/null;
- 05:41:52 [INFO] Target: 
mount -t debugfs none /sys/kernel/debug 2>/dev/null;
- 05:41:52 [INFO] Host: 
- 05:41:52 [INFO] Target: 
- 05:41:52 [INFO] Host: echo 'cpuinfo:';cat /proc/cpuinfo; echo '=======';
- 05:41:52 [INFO] Target: 
echo 'cpuinfo:';cat /proc/cpuinfo; echo '=======';
- 05:41:52 [INFO] Host: 
- 05:41:52 [INFO] Target: 
- 05:41:52 [INFO] Host: echo 'soc info:';head /sys/devices/soc0/* 2>/dev/null; echo '=======';
- 05:41:52 [INFO] Target: 
echo 'soc info:';head /sys/devices/soc0/* 2>/dev/null; echo '=======';
- 05:41:52 [INFO] Host: 
- 05:41:52 [INFO] Target: 
- 05:41:52 [INFO] Host: echo 'DT Model info'; head /proc/device-tree/name /proc/device-tree/model /proc/device-tree/compatible 2>/dev/null;echo; echo '=======';
- 05:41:52 [INFO] Target: 
echo 'DT Model info'; head /proc/device-tree/name /proc/device-tree/model /pro 
c/device-tree/compatible 2>/dev/null;echo; echo '=======';
- 05:41:52 [INFO] Host: 
- 05:41:52 [INFO] Target: 
- 05:41:52 [INFO] Host: echo 'interrupts:';cat /proc/interrupts; echo '=======';
- 05:41:52 [INFO] Target: 
echo 'interrupts:';cat /proc/interrupts; echo '=======';
- 05:41:52 [INFO] Host: 
- 05:41:53 [INFO] Target: 
- 05:41:53 [INFO] Host: echo 'Clk_summary:';cat /sys/kernel/debug/clk/clk_summary; echo '=======';
- 05:41:53 [INFO] Target: 
echo 'Clk_summary:';cat /sys/kernel/debug/clk/clk_summary; echo '=======';
- 05:41:53 [INFO] Host: 
- 05:41:53 [INFO] Target: 
- 05:41:53 [INFO] Host: echo "Available frequencies"; cat /sys/devices/system/cpu/cpu0/cpufreq/scaling_available_frequencies 2>/dev/null;echo '=======';
- 05:41:53 [INFO] Target: 
echo "Available frequencies"; cat /sys/devices/system/cpu/cpu0/cpufreq/scaling 
_available_frequencies 2>/dev/null;echo '=======';
- 05:41:53 [INFO] Host: 
- 05:41:53 [INFO] Target: 
- 05:41:53 [INFO] Host: TMPF=/tmp/a.\$\$; TMPF2=/tmp/b.\$\$; STR=""
- 05:41:53 [INFO] Target: 
TMPF=/tmp/a.\$\$; TMPF2=/tmp/b.\$\$; STR=""
- 05:41:53 [INFO] Host: 
- 05:41:53 [INFO] Target: 
- 05:41:53 [INFO] Host: cp /dev/kmsg \$TMPF &
- 05:41:53 [INFO] Target: 
cp /dev/kmsg \$TMPF &
- 05:41:53 [INFO] Host: 
- 05:41:53 [INFO] Target: 
- 05:41:53 [INFO] Host: PID=\$! ; sleep 5; kill -9 \$PID
- 05:41:53 [INFO] Target: 
PID=\$! ; sleep 5; kill -9 \$PID
- 05:41:53 [INFO] Host: 
- 05:41:54 [INFO] Target: 
- 05:41:54 [INFO] Host: 
- 05:41:54 [INFO] Target: 
- 05:41:54 [INFO] Host: 
- 05:41:54 [INFO] Target: 
- 05:41:54 [INFO] Host: cat \$TMPF|grep "^0">\$TMPF2; N=\`cat \$TMPF2|wc -l\`; if [ "\$N" -ne 0 ]; then STR="\$STR emerg=\$N";echo "===== EMERGE++";cat \$TMPF2|cut -d ';' -f2;echo "====="; fi
- 05:41:54 [INFO] Target: 
cat \$TMPF|grep "^0">\$TMPF2; N=\`cat \$TMPF2|wc -l\`; if [ "\$N" -ne 0 ]; the 
n STR="\$STR emerg=\$N";echo "===== EMERGE++";cat \$TMPF2|cut -d ';' -f2;echo "= 
===="; fi
- 05:41:54 [INFO] Host: 
- 05:41:54 [INFO] Target: 
- 05:41:54 [INFO] Host: cat \$TMPF|grep "^1">\$TMPF2; N=\`cat \$TMPF2|wc -l\`; if [ "\$N" -ne 0 ]; then STR="\$STR alert=\$N";echo "===== ALERT ==";cat \$TMPF2|cut -d ';' -f2;echo "====="; fi
- 05:41:54 [INFO] Target: 
cat \$TMPF|grep "^1">\$TMPF2; N=\`cat \$TMPF2|wc -l\`; if [ "\$N" -ne 0 ]; the 
n STR="\$STR alert=\$N";echo "===== ALERT ==";cat \$TMPF2|cut -d ';' -f2;echo "= 
===="; fi
- 05:41:54 [INFO] Host: 
- 05:41:54 [INFO] Target: 
- 05:41:54 [INFO] Host: cat \$TMPF|grep "^2">\$TMPF2; N=\`cat \$TMPF2|wc -l\`; if [ "\$N" -ne 0 ]; then STR="\$STR crit=\$N";echo "===== CRIT ==";cat \$TMPF2|cut -d ';' -f2;echo "====="; fi
- 05:41:54 [INFO] Target: 
cat \$TMPF|grep "^2">\$TMPF2; N=\`cat \$TMPF2|wc -l\`; if [ "\$N" -ne 0 ]; the 
n STR="\$STR crit=\$N";echo "===== CRIT ==";cat \$TMPF2|cut -d ';' -f2;echo "=== 
=="; fi
- 05:41:54 [INFO] Host: 
- 05:41:54 [INFO] Target: 
- 05:41:54 [INFO] Host: cat \$TMPF|grep "^3">\$TMPF2; N=\`cat \$TMPF2|wc -l\`; if [ "\$N" -ne 0 ]; then STR="\$STR err=\$N";echo "===== ERR ==";cat \$TMPF2|cut -d ';' -f2;echo "=====" ;fi
- 05:41:54 [INFO] Target: 
cat \$TMPF|grep "^3">\$TMPF2; N=\`cat \$TMPF2|wc -l\`; if [ "\$N" -ne 0 ]; the 
n STR="\$STR err=\$N";echo "===== ERR ==";cat \$TMPF2|cut -d ';' -f2;echo "===== 
" ;fi
- 05:41:54 [INFO] Host: 
- 05:41:55 [INFO] Target: 
- 05:41:55 [INFO] Host: cat \$TMPF|grep "^4">\$TMPF2; N=\`cat \$TMPF2|wc -l\`; if [ "\$N" -ne 0 ]; then STR="\$STR warn=\$N";echo "===== WARN ==";cat \$TMPF2|cut -d ';' -f2;echo "=====" ;fi
- 05:41:55 [INFO] Target: 
cat \$TMPF|grep "^4">\$TMPF2; N=\`cat \$TMPF2|wc -l\`; if [ "\$N" -ne 0 ]; the 
n STR="\$STR warn=\$N";echo "===== WARN ==";cat \$TMPF2|cut -d ';' -f2;echo "=== 
==" ;fi
- 05:41:55 [INFO] Host: 
- 05:41:55 [INFO] Target: 
- 05:41:55 [INFO] Host: rm \$TMPF \$TMPF2; echo "SUM""MARY RESULT: BOOT:" 'PASS: H''ello World' 'B''oard' "Booted" "Boot Log has::::\$STR:"
- 05:41:55 [INFO] Target: 
rm \$TMPF \$TMPF2; echo "SUM""MARY RESULT: BOOT:" 'PASS: H''ello World' 'B''oa 
rd' "Booted" "Boot Log has::::\$STR:"
- 05:41:55 [INFO] Host: 
- 05:41:55 [INFO] Target: 
- 05:41:55 [INFO] Host: EOF
- 05:41:55 [INFO] Target: 
root@GenericOMAP3(FlattenedDeviceTree):/test# 
- 05:41:55 [INFO] Host: cd /test
- 05:41:55 [INFO] Target: 
cd /test
root@GenericOMAP3(FlattenedDeviceTree):/test# 
- 05:41:55 [INFO] Host: chmod +x test.sh
- 05:41:55 [INFO] Target: 
chmod +x test.sh
root@GenericOMAP3(FlattenedDeviceTree):/test# 
- 05:41:55 [INFO] Host: ./test.sh 2> stderr.log > stdout.log 3> result.log
- 05:42:01 [INFO] Target: 
./test.sh 2> stderr.log > stdout.l 
og 3> result.log
root@GenericOMAP3(FlattenedDeviceTree):/test# 
- 05:42:01 [INFO] Host: echo $?
- 05:42:02 [INFO] Target: 
echo $?
root@GenericOMAP3(FlattenedDeviceTree):/test# 
- 05:42:02 [INFO] Host: cd /test
- 05:42:02 [INFO] Target: 
cd /test
root@GenericOMAP3(FlattenedDeviceTree):/test# 
- 05:42:02 [INFO] Host: cat stdout.log
- 05:42:04 [INFO] Target: 
cat stdout.log
cpuinfo:
processor	: 0
model name	: ARMv7 Processor rev 3 (v7l)
BogoMIPS	: 496.43
Features	: half thumb fastmult vfp edsp thumbee neon vfpv3 tls vfpd32 
CPU implementer	: 0x41
CPU architecture: 7
CPU variant	: 0x1
CPU part	: 0xc08
CPU revision	: 3
Hardware	: Generic OMAP3 (Flattened Device Tree)
Revision	: 0000
Serial		: 0000000000000000
=======
soc info:
==> /sys/devices/soc0/family <==
OMAP3
==> /sys/devices/soc0/machine <==
OMAP3430/3530
==> /sys/devices/soc0/power <==
==> /sys/devices/soc0/revision <==
ES3.0
==> /sys/devices/soc0/subsystem <==
==> /sys/devices/soc0/type <==
==> /sys/devices/soc0/uevent <==
=======
DT Model info
==> /proc/device-tree/name <==
==> /proc/device-tree/model <==
TI OMAP3430 SDP
==> /proc/device-tree/compatible <==
ti,omap3430-sdpti,omap3
=======
interrupts:
           CPU0       
 23:          0      INTC   7 Edge      TWL4030-PIH
 25:          0      INTC   9 Edge      l3-debug-irq
 26:          0      INTC  10 Edge      l3-app-irq
 28:          0      INTC  12 Edge      DMA
 29:       2104      INTC  13 Edge      omap-dma-engine
 36:          0      INTC  20 Edge      gpmc
 53:       3116      INTC  37 Edge      gp_timer
 72:        318      INTC  56 Edge      48070000.i2c
 73:          0      INTC  57 Edge      48072000.i2c
 77:          0      INTC  61 Edge      48060000.i2c
 88:       7957      INTC  72 Edge      OMAP UART0
 99:       4101      INTC  83 Edge      mmc0
306:          0      PRCM Edge      pm_wkup
315:          0      PRCM Edge      pinctrl, pinctrl, pm_io
338:          0   twl4030   0 Edge      twl4030_gpio
343:          0   twl4030   5 Edge      twl4030_power
IPI0:          0  CPU wakeup interrupts
IPI1:          0  Timer broadcast interrupts
IPI2:          0  Rescheduling interrupts
IPI3:          0  Function call interrupts
IPI4:          0  Single function call interrupts
IPI5:          0  CPU stop interrupts
IPI6:          0  IRQ work interrupts
IPI7:          0  completion interrupts
Err:          0
=======
Clk_summary:
   clock                         enable_cnt  prepare_cnt        rate   accuracy   phase
----------------------------------------------------------------------------------------
 secure_32k_fck                           0            1       32768          0 0  
    wdt1_fck                              0            0       32768          0 0  
    gpt12_fck                             0            1       32768          0 0  
 dummy_ck                                 0            0           0          0 0  
 mcbsp_clks                               0            5           0          0 0  
 sys_altclk                               0            0           0          0 0  
 virt_38_4m_ck                            0            0    38400000          0 0  
 virt_26000000_ck                         1            1    26000000          0 0  
    osc_sys_ck                            1            1    26000000          0 0  
       sys_clkout1                        0            0    26000000          0 0  
       sys_ck                             3           18    13000000          0 0  
          gpt9_fck                        0            1    13000000          0 0  
          gpt8_fck                        0            1    13000000          0 0  
          gpt7_fck                        0            1    13000000          0 0  
          gpt6_fck                        0            1    13000000          0 0  
          gpt5_fck                        0            1    13000000          0 0  
          gpt4_fck                        0            1    13000000          0 0  
          gpt3_fck                        0            1    13000000          0 0  
          gpt2_fck                        0            1    13000000          0 0  
          cpefuse_fck                     0            0    13000000          0 0  
          dpll5_ck                        0            1   120000000          0 0  
             dpll5_m2_ck                  0            1   120000000          0 0  
                dpll5_m2_d20_ck           0            0     6000000          0 0  
                dpll5_m2_d16_ck           0            0     7500000          0 0  
                dpll5_m2_d8_ck            0            0    15000000          0 0  
                dpll5_m2_d4_ck            0            0    30000000          0 0  
                usbhost_120m_fck           0            0   120000000          0 0  
                usbtll_fck                0            1   120000000          0 0  
          sys_d2_ck                       0            0     6500000          0 0  
             usim_fck                     0            0     6500000          0 0  
          modem_fck                       0            0    13000000          0 0  
          dpll2_ck                        0            1   360000000          0 0  
             dpll2_m2_ck                  0            1   360000000          0 0  
                iva2_ck                   0            2   360000000          0 0  
          sr2_fck                         0            1    13000000          0 0  
          sr1_fck                         0            1    13000000          0 0  
          traceclk_src_fck                0            0    13000000          0 0  
             traceclk_fck                 0            0    13000000          0 0  
          emu_src_mux_ck                  0            1    13000000          0 0  
             emu_src_ck                   0            1    13000000          0 0  
                atclk_fck                 0            0    13000000          0 0  
                pclkx2_fck                0            0    13000000          0 0  
                pclk_fck                  0            0     6500000          0 0  
          dss2_alwon_fck                  0            2    13000000          0 0  
          dpll1_ck                        0            1   500000000          0 0  
             dpll1_x2_ck                  0            1  1000000000          0 0  
                dpll1_x2m2_ck             0            1  1000000000          0 0  
                   mpu_ck                 0            1  1000000000          0 0  
                      emu_mpu_alwon_ck           0            0  1000000000          0 0  
                      arm_fck             0            1   500000000          0 0  
          dpll3_ck                        1            1   332000000          0 0  
             dpll3_x2_ck                  0            0   664000000          0 0  
             dpll3_m2_ck                  1            2   332000000          0 0  
                dpll3_m2x2_ck             0            1   664000000          0 0  
                   corex2_fck             0            1   664000000          0 0  
                      ssi_ssr_fck_3430es2           0            1   221333334          0 0  
                         ssi_sst_fck_3430es2           0            0   110666667          0 0  
                      corex2_d5_fck           0            0   132800000          0 0  
                      corex2_d3_fck           0            0   221333333          0 0  
                core_ck                   1            1   332000000          0 0  
                   core_d2_ck             0            0   166000000          0 0  
                   core_d6_ck             0            0    55333333          0 0  
                      sgx_fck             0            0    55333333          0 0  
                   core_d4_ck             0            0    83000000          0 0  
                   core_d3_ck             0            0   110666666          0 0  
                   dpll2_fck              0            0   332000000          0 0  
                   l3_ick                 2            3   166000000          0 0  
                      sgx_ick             0            0   166000000          0 0  
                      mad2d_ick           0            0   166000000          0 0  
                      sad2d_ick           0            1   166000000          0 0  
                      security_l3_ick           0            0   166000000          0 0  
                         pka_ick           0            0   166000000          0 0  
                      core_l3_ick           8           10   166000000          0 0  
                         hsotgusb_ick_3430es2           0            1   166000000          0 0  
                         gpmc_fck           2            2   166000000          0 0  
                         sdrc_ick           1            1   166000000          0 0  
                      l4_ick              7            8    83000000          0 0  
                         usbhost_ick           1            1    83000000          0 0  
                         dss_ick_3430es2           4            6    83000000          0 0  
                         sr_l4_ick           2            2    83000000          0 0  
                         ssi_l4_ick           1            1    83000000          0 0  
                            ssi_ick_3430es2           1            1    83000000          0 0  
                         cam_ick           0            1    83000000          0 0  
                         security_l4_ick2           0            0    83000000          0 0  
                            des1_ick           0            0    83000000          0 0  
                            sha11_ick           0            0    83000000          0 0  
                            rng_ick           0            0    83000000          0 0  
                            aes1_ick           0            0    83000000          0 0  
                         per_l4_ick          12           17    83000000          0 0  
                            mcbsp4_ick           1            1    83000000          0 0  
                            mcbsp3_ick           2            2    83000000          0 0  
                            mcbsp2_ick           2            2    83000000          0 0  
                            gpt2_ick           1            1    83000000          0 0  
                            gpt3_ick           1            1    83000000          0 0  
                            gpt4_ick           1            1    83000000          0 0  
                            gpt5_ick           1            1    83000000          0 0  
                            gpt6_ick           1            1    83000000          0 0  
                            gpt7_ick           1            1    83000000          0 0  
                            gpt8_ick           1            1    83000000          0 0  
                            gpt9_ick           1            1    83000000          0 0  
                            uart4_ick           0            0    83000000          0 0  
                            uart3_ick           1            1    83000000          0 0  
                            wdt3_ick           0            0    83000000          0 0  
                            gpio2_ick           0            1    83000000          0 0  
                            gpio3_ick           0            1    83000000          0 0  
                            gpio4_ick           0            1    83000000          0 0  
                            gpio5_ick           0            1    83000000          0 0  
                            gpio6_ick           0            1    83000000          0 0  
                         core_l4_ick          21           23    83000000          0 0  
                            mmchs3_ick           1            1    83000000          0 0  
                            usbtll_ick           1            1    83000000          0 0  
                            mailboxes_ick           0            1    83000000          0 0  
                            mspro_ick           0            0    83000000          0 0  
                            des2_ick           0            0    83000000          0 0  
                            icr_ick           0            0    83000000          0 0  
                            sha12_ick           1            2    83000000          0 0  
                            aes2_ick           1            2    83000000          0 0  
                            omapctrl_ick           1            1    83000000          0 0  
                            mcbsp1_ick           1            1    83000000          0 0  
                            mcbsp5_ick           1            1    83000000          0 0  
                            gpt10_ick           1            1    83000000          0 0  
                            gpt11_ick           1            1    83000000          0 0  
                            uart1_ick           1            1    83000000          0 0  
                            uart2_ick           1            1    83000000          0 0  
                            i2c1_ick           1            1    83000000          0 0  
                            i2c2_ick           1            1    83000000          0 0  
                            i2c3_ick           1            1    83000000          0 0  
                            mcspi1_ick           1            1    83000000          0 0  
                            mcspi2_ick           1            1    83000000          0 0  
                            mcspi3_ick           1            1    83000000          0 0  
                            mcspi4_ick           1            1    83000000          0 0  
                            hdq_ick           0            1    83000000          0 0  
                            mmchs1_ick           1            1    83000000          0 0  
                            mmchs2_ick           1            1    83000000          0 0  
                         rm_ick           0            0    41500000          0 0  
                   dpll1_fck              0            0   166000000          0 0  
             dpll3_m3_ck                  0            0   166000000          0 0  
                dpll3_m3x2_mul_ck           0            0   332000000          0 0  
                   dpll3_m3x2_ck           0            0   332000000          0 0  
                      emu_core_alwon_ck           0            0   332000000          0 0  
          dpll4_ck                        1            3   432000000          0 0  
             dpll4_x2_ck                  0            0   864000000          0 0  
             dpll4_m6_ck                  0            0   144000000          0 0  
                dpll4_m6x2_mul_ck           0            0   288000000          0 0  
                   dpll4_m6x2_ck           0            0   288000000          0 0  
                      emu_per_alwon_ck           0            0   288000000          0 0  
             dpll4_m5_ck                  0            0   108000000          0 0  
                dpll4_m5x2_mul_ck           0            0   216000000          0 0  
                   dpll4_m5x2_ck           0            0   216000000          0 0  
                      cam_mclk            0            0   216000000          0 0  
             dpll4_m4_ck                  0            1   216000000          0 0  
                dpll4_m4x2_mul_ck           0            1   432000000          0 0  
                   dpll4_m4x2_ck           0            1   432000000          0 0  
                      dss1_alwon_fck_3430es2           0            4   432000000          0 0  
             dpll4_m3_ck                  0            1    27000000          0 0  
                dpll4_m3x2_mul_ck           0            1    54000000          0 0  
                   dpll4_m3x2_ck           0            1    54000000          0 0  
                      omap_54m_fck           0            1    54000000          0 0  
                         clkout2_src_ck           0            0    54000000          0 0  
                            sys_clkout2           0            0    54000000          0 0  
                         dss_tv_fck           0            2    54000000          0 0  
             dpll4_m2_ck                  1            1    48000000          0 0  
                dpll4_m2x2_mul_ck           1            1    96000000          0 0  
                   dpll4_m2x2_ck           1            1    96000000          0 0  
                      omap_192m_alwon_fck           0            0    96000000          0 0  
                      omap_96m_alwon_fck           1            2    96000000          0 0  
                         per_96m_fck           0            6    96000000          0 0  
                            mcbsp4_fck           0            1    96000000          0 0  
                            mcbsp3_fck           0            2    96000000          0 0  
                            mcbsp2_fck           0            2    96000000          0 0  
                         cm_96m_fck           1            2    96000000          0 0  
                            cm_96m_d2_fck           1            1    48000000          0 0  
                               omap_48m_fck           2            4    48000000          0 0  
                                  usbhost_48m_fck           0            1    48000000          0 0  
                                  per_48m_fck           1            1    48000000          0 0  
                                     uart3_fck           1            1    48000000          0 0  
                                  core_48m_fck           2            6    48000000          0 0  
                                     uart1_fck           1            1    48000000          0 0  
                                     uart2_fck           1            1    48000000          0 0  
                                     mcspi1_fck           0            1    48000000          0 0  
                                     mcspi2_fck           0            1    48000000          0 0  
                                     mcspi3_fck           0            1    48000000          0 0  
                                     mcspi4_fck           0            1    48000000          0 0  
                                  omap_12m_fck           0            1    12000000          0 0  
                                     core_12m_fck           0            1    12000000          0 0  
                                        hdq_fck             0            1    12000000          0 0  
                            omap_96m_fck           0            2    96000000          0 0  
                               omap_96m_d10_fck           0            0     9600000          0 0  
                               omap_96m_d8_fck           0            0    12000000          0 0  
                               omap_96m_d4_fck           0            0    24000000          0 0  
                               omap_96m_d2_fck           0            0    48000000          0 0  
                               dss_96m_fck           0            2    96000000          0 0  
                               core_96m_fck           0           10    96000000          0 0  
                                  mcbsp1_fck           0            1    96000000          0 0  
                                  mcbsp5_fck           0            1    96000000          0 0  
                                  mmchs3_fck           0            1    96000000          0 0  
                                  mspro_fck           0            0    96000000          0 0  
                                  csi2_96m_fck           0            0    96000000          0 0  
                                  i2c1_fck           0            1    96000000          0 0  
                                  i2c2_fck           0            1    96000000          0 0  
                                  i2c3_fck           0            1    96000000          0 0  
                                  mmchs1_fck           0            1    96000000          0 0  
                                  mmchs2_fck           0            1    96000000          0 0  
          wkup_l4_ick                     4            5    13000000          0 0  
             usim_ick                     0            0    13000000          0 0  
             gpt1_ick                     1            1    13000000          0 0  
             gpt12_ick                    1            1    13000000          0 0  
             omap_32ksync_ick             1            1    13000000          0 0  
             gpio1_ick                    0            1    13000000          0 0  
             wdt1_ick                     0            0    13000000          0 0  
             wdt2_ick                     1            1    13000000          0 0  
 virt_19200000_ck                         0            0    19200000          0 0  
 virt_13m_ck                              0            0    13000000          0 0  
 virt_12m_ck                              0            0    12000000          0 0  
 omap_32k_fck                             2            8       32768          0 0  
    gpt1_fck                              1            1       32768          0 0  
    gpt11_fck                             0            1       32768          0 0  
    gpt10_fck                             0            1       32768          0 0  
    ts_fck                                0            0       32768          0 0  
    per_32k_alwon_fck                     0            5       32768          0 0  
       wdt3_fck                           0            0       32768          0 0  
       gpio2_dbck                         0            2       32768          0 0  
       gpio3_dbck                         0            2       32768          0 0  
       gpio4_dbck                         0            2       32768          0 0  
       gpio5_dbck                         0            2       32768          0 0  
       gpio6_dbck                         0            2       32768          0 0  
    wkup_32k_fck                          1            3       32768          0 0  
       wdt2_fck                           0            1       32768          0 0  
       gpio1_dbck                         0            2       32768          0 0  
 dummy_apb_pclk                           0            0           0          0 0  
 virt_16_8m_ck                            0            0    16800000          0 0  
=======
Available frequencies
=======
===== ERR ==
gpmc_cs_program_settings: invalid width 0!
mtdoops: mtd device (mtddev=name/number) must be supplied
omap2_set_init_voltage: unable to find boot up OPP for vdd_mpu_iva
omap2_set_init_voltage: unable to set vdd_mpu_iva
omap2_set_init_voltage: unable to find boot up OPP for vdd_core
omap2_set_init_voltage: unable to set vdd_core
sr_init: platform driver register failed for SR
udevd[128]: starting version 182
FAT-fs (mmcblk0p1): error, invalid access to FAT (entry 0x13ee6402)
FAT-fs (mmcblk0p1): Filesystem has been set read-only
FAT-fs (mmcblk0p1): error, invalid access to FAT (entry 0x13ee6402)
FAT-fs (mmcblk0p1): Filesystem has been set read-only
FAT-fs (mmcblk0p1): error, invalid access to FAT (entry 0x13ee6402)
FAT-fs (mmcblk0p1): Filesystem has been set read-only
FAT-fs (mmcblk0p1): error, invalid access to FAT (entry 0x13ee6402)
FAT-fs (mmcblk0p1): Filesystem has been set read-only
FAT-fs (mmcblk0p1): error, invalid access to FAT (entry 0x13ee6402)
FAT-fs (mmcblk0p1): Filesystem has been set read-only
FAT-fs (mmcblk0p1): error, invalid access to FAT (entry 0x13ee6402)
FAT-fs (mmcblk0p1): Filesystem has been set read-only
=====
===== WARN ==
Lock dependency validator: Copyright (c) 2006 Red Hat, Inc., Ingo Molnar
... MAX_LOCKDEP_SUBCLASSES:  8
... MAX_LOCK_DEPTH:          48
... MAX_LOCKDEP_KEYS:        8191
... CLASSHASH_SIZE:          4096
... MAX_LOCKDEP_ENTRIES:     32768
... MAX_LOCKDEP_CHAINS:      65536
... CHAINHASH_SIZE:          32768
 memory used by lock dependency info: 5167 kB
 per task-struct memory footprint: 1536 bytes
omap_hwmod: mcbsp2_sidetone using broken dt data from mcbsp
omap_hwmod: mcbsp3_sidetone using broken dt data from mcbsp
gpmc_mem_init: disabling cs 0 mapped at 0x0-0x1000000
omap4_sram_init:Unable to allocate sram needed to handle errata I688
omap4_sram_init:Unable to get sram pool needed to handle errata I688
------------[ cut here ]------------
WARNING: CPU: 0 PID: 1 at drivers/regulator/pbias-regulator.c:181 pbias_regulator_probe+0x25c/0x2ac()
pbias-regulator 2b0.pbias_regulator: using legacy dt data for pbias offset
Modules linked in:
CPU: 0 PID: 1 Comm: swapper/0 Not tainted 4.3.0-rc1-next-20150914-00002-g274b50485d2c #1
Hardware name: Generic OMAP3 (Flattened Device Tree)
[<c0016e9c>] (unwind_backtrace) from [<c0013198>] (show_stack+0x10/0x14)
[<c0013198>] (show_stack) from [<c0340ad0>] (dump_stack+0x78/0x94)
[<c0340ad0>] (dump_stack) from [<c003e688>] (warn_slowpath_common+0x7c/0xb4)
[<c003e688>] (warn_slowpath_common) from [<c003e754>] (warn_slowpath_fmt+0x30/0x40)
[<c003e754>] (warn_slowpath_fmt) from [<c03a1de4>] (pbias_regulator_probe+0x25c/0x2ac)
[<c03a1de4>] (pbias_regulator_probe) from [<c03d8850>] (platform_drv_probe+0x48/0x98)
[<c03d8850>] (platform_drv_probe) from [<c03d71bc>] (driver_probe_device+0x1e0/0x29c)
[<c03d71bc>] (driver_probe_device) from [<c03d730c>] (__driver_attach+0x94/0x98)
[<c03d730c>] (__driver_attach) from [<c03d5a20>] (bus_for_each_dev+0x54/0x88)
[<c03d5a20>] (bus_for_each_dev) from [<c03d690c>] (bus_add_driver+0x160/0x1f8)
[<c03d690c>] (bus_add_driver) from [<c03d7c84>] (driver_register+0x78/0xf4)
[<c03d7c84>] (driver_register) from [<c00097e4>] (do_one_initcall+0x80/0x1d8)
[<c00097e4>] (do_one_initcall) from [<c0899ea0>] (kernel_init_freeable+0x208/0x2e4)
[<c0899ea0>] (kernel_init_freeable) from [<c0630d80>] (kernel_init+0x8/0xe4)
[<c0630d80>] (kernel_init) from [<c000f710>] (ret_from_fork+0x14/0x24)
---[ end trace e2b887927f77c78b ]---
PM: no software I/O chain control
sr_init: No PMIC hook to init smartreflex
smartreflex smartreflex.0: omap_sr_probe: smartreflex_mpu_iva: No Voltage table for the corresponding vdd. Cannot create debugfs entries for n-values
smartreflex: probe of smartreflex.0 failed with error -61
smartreflex smartreflex.1: omap_sr_probe: smartreflex_core: No Voltage table for the corresponding vdd. Cannot create debugfs entries for n-values
smartreflex: probe of smartreflex.1 failed with error -61
mmc0: host does not support reading read-only switch, assuming write-enable
FAT-fs (mmcblk0p1): Invalid FSINFO signature: 0x00000000, 0x00000000 (sector = 17554)
FAT-fs (mmcblk0p1): Invalid FSINFO signature: 0x00000000, 0x00000000 (sector = 17554)
FAT-fs (mmcblk0p1): Invalid FSINFO signature: 0x00000000, 0x00000000 (sector = 17554)
FAT-fs (mmcblk0p1): Invalid FSINFO signature: 0x00000000, 0x00000000 (sector = 17554)
FAT-fs (mmcblk0p1): Invalid FSINFO signature: 0x00000000, 0x00000000 (sector = 17554)
FAT-fs (mmcblk0p1): Invalid FSINFO signature: 0x00000000, 0x00000000 (sector = 17554)
=====
SUMMARY RESULT: BOOT: PASS: Hello World Board Booted Boot Log has:::: err=20 warn=50:
root@GenericOMAP3(FlattenedDeviceTree):/test# 
- 05:42:04 [INFO] Host: cat stderr.log
- 05:42:04 [INFO] Target: 
cat stderr.log
./test.sh: line 33:   740 Killed                  cp /dev/kmsg $TMPF
root@GenericOMAP3(FlattenedDeviceTree):/test# 
- 05:42:04 [INFO] Host: cat result.log
- 05:42:06 [ERROR] On command: cat result.log waiting for cat result.log.+?(?m-ix:^1[\0\n\r]+) >>> error: execution expired
- 05:42:06 [INFO] Target: 
cat result.log
root@GenericOMAP3(FlattenedDeviceTree):/test# 
- 05:42:06 [INFO] Host: cd /test
- 05:42:06 [INFO] Target: 
cd /test
root@GenericOMAP3(FlattenedDeviceTree):/test# 
URL:gtsystest.telogy.design.ti.com/vatf/tidfarm-02.dal.design.ti.com/tidfarm-02.dal.design.ti.com_vatf@7/tidfarm-02.dal.design.ti.com09_14_2015_05_40_22/files/session_iteration_1/test_1
