- 05:51:57 [INFO] Starting target session
- 05:51:58 [INFO] Connected to sdp3430 via serial 
- 05:51:58 [INFO] Host: #check prompt
- 05:52:00 [ERROR] On command: #check prompt waiting for (?-mix:((?-mix:.*\s+login)|[Pp]assword)) >>> error: execution expired
- 05:52:00 [INFO] Target: 
#check prompt
root@GenericOMAP3(FlattenedDeviceTree):/test# 
- 05:52:00 [INFO] Host: #check prompt
- 05:52:01 [INFO] Target: 
#check prompt
root@GenericOMAP3(FlattenedDeviceTree):/test# 
- 05:52:01 [INFO] Host: sync;poweroff
- 05:52:17 [INFO] Target: 
sync;poweroff
Broadcast message from root@GenericOMAP3(FlattenedDeviceTree) (ttyO0) (Wed Ju
The system is going down for system halt NOW!
INIT: Switchroot@GenericOMAP3(FlattenedDeviceTree):/test# 
INIT: Sending processes the TERM signal
INIT: Sending procStopping Dropbear SSH server: stopped /usr/sbin/dropbear (pid 605)
dropbear.
Stopping telnet daemon.
Stopping system message bus: Error opening /dev/fb0: No such file or directory
Stopping syslogd/klogd: stopped syslogd (pid 617)
stopped klogd (pid 620)
done
Stopping thttpd.
ALSA: Storing mixer settings...
/usr/sbin/alsactl: save_state:1580: No soundcards found...
Deconfiguring network interfaces... ifdown: interface eth0 not configured
done.
Stopping Lighttpd Web Server: stopped /usr/sbin/lighttpd (pid 631)
lighttpd.
***************************************************************
***************************************************************
NOTICE: This file system contains the followin GPLv3 packages:
	binutils-symlinks
	binutils
	gdbserver
	parted
If you do not wish to distribute GPLv3 components please remove
the above packages prior to distribution.  This can be done using
the opkg remove command.  i.e.:
    opkg remove <package>
Where <package> is the name printed in the list above
NOTE: If the package is a dependency of another package you
      will be notified of the dependent packages.  You should
      use the --force-removal-of-dependent-packages option to
      also remove the dependent packages as well
***************************************************************
***************************************************************
Sending all processes the TERM signal...
Sending all processes the KILL signal...
Unmounting remote filesystems...
Deactivating swap...
Unmounting local filesystems...
[172101.598907] EXT4-fs (mmcblk0p2): re-mounted. Opts: data=ordered
[172103.760681] reboot: System halted
- 05:52:17 [INFO] Disconnected serial from sdp3430
- 05:52:18 [INFO] Connected to sdp3430 via serial 
- 05:52:18 [INFO] Host: 
- 05:52:19 [ERROR] On command:  waiting for (?-mix:OMAP34XX\sSDP\s#) >>> error: execution expired
- 05:52:19 [INFO] Target: 
- 05:52:19 [INFO] Host: 
- 05:52:20 [ERROR] On command:  waiting for (?-mix:OMAP34XX\sSDP\s#) >>> error: execution expired
- 05:52:20 [INFO] Target: 
- 05:52:20 [INFO] Host: 
- 05:52:20 [ERROR] On command:  waiting for (?-mix:OMAP34XX\sSDP\s#) >>> error: execution expired
- 05:52:20 [INFO] Target: 
U-Boot 2009.11-rc1-00485-g7d1e865 (Nov 09 2009 - 11:21:55)
OMAP3530-GP ES3.0, CPU-OPP2 L3-165MHz
OMAP3 SDP3430 board + LPDDR/NOR
I2C:   ready
DRAM:  128 MB
Flash: 128 MB
In:    serial
Out:   serial
Err:   serial
- 05:52:20 [INFO] Host: 
- 05:52:21 [INFO] Target: 
OMAP34XX SDP # 
OMAP34XX SDP # 
- 05:52:21 [INFO] Host: version
- 05:52:21 [INFO] Target: 
version
U-Boot 2009.11-rc1-00485-g7d1e865 (Nov 09 2009 - 11:21:55)
OMAP34XX SDP # 
- 05:52:21 [INFO] Host: bdinfo
- 05:52:22 [INFO] Target: 
bdinfo
arch_number = 0x00000472
env_t       = 0x00000000
boot_params = 0x80000100
DRAM bank   = 0x00000000
-> start    = 0x80000000
-> size     = 0x08000000
DRAM bank   = 0x00000001
-> start    = 0xA0000000
-> size     = 0x00000000
ethaddr     = 08:00:28:01:24:57
ip_addr     = 0.0.0.0
baudrate    = 115200 bps
OMAP34XX SDP # 
- 05:52:22 [INFO] Host: printenv
- 05:52:23 [INFO] Target: 
printenv
baudrate=115200
loadaddr=0x82000000
console=ttyS0,115200n8
mmcargs=setenv bootargs console=${console} root=/dev/mmcblk0p2 rw rootfstype=ext3 rootwait
norargs=setenv bootargs console=${console} root=/dev/mtdblock3 rw rootfstype=jffs2
loadbootscript=fatload mmc 0 ${loadaddr} boot.scr
bootscript=echo Running bootscript from MMC/SD ...; autoscr ${loadaddr}
loaduimage=fatload mmc 0 ${loadaddr} uImage
mmcboot=echo Booting from MMC/SD ...; run mmcargs; bootm ${loadaddr}
norboot=echo Booting from NOR ...; run norargs; bootm 0x80000
bootdelay=3
ethaddr=08:00:28:01:24:57
serverip=128.247.91.123
bootfile=/tftpboot/kernel/uImage.omap3430-sdp
bootcmd=dhcp;bootm
bootargs=console=ttyO0,115200n8 debug ignore_loglevel earlyprintk root=/dev/mmcblk0p2 rw rootfstype=ext3 rootwait nohlt
stdin=serial
stdout=serial
stderr=serial
Environment size: 818/262140 bytes
OMAP34XX SDP # 
- 05:52:23 [INFO] Host: setenv autoload 'no'
- 05:52:23 [INFO] Target: 
setenv autoload 'no'
OMAP34XX SDP # 
- 05:52:23 [INFO] Host: dhcp
- 05:52:25 [INFO] Target: 
dhcp
Using MAC Address 08:00:28:01:24:57
BOOTP broadcast 1
DHCP client bound to address 192.168.1.185
OMAP34XX SDP # 
- 05:52:25 [INFO] Host: setenv serverip 128.247.105.47
- 05:52:26 [INFO] Target: 
setenv serverip 128.247.105.47
OMAP34XX SDP # 
- 05:52:26 [INFO] Host: setenv bootargs 'console=ttyO0,115200n8 earlyprintk rootwait ip=dhcp root=/dev/mmcblk0p2 rw rootfstype=ext3 nohlt'
- 05:52:26 [INFO] Target: 
setenv bootargs 'console=ttyO0,115200n8 earlyprintk rootwait ip=dhcp root=/dev/mmcblk0p2 rw rootfstype=ext3 nohlt'
OMAP34XX SDP # 
- 05:52:26 [INFO] Host: setenv bootcmd 'tftp ${loadaddr} 128.247.105.47:vatf_7/a90351e50a4d50e893f6eaa66fdb05ac; bootm ${loadaddr}'
- 05:52:27 [INFO] Target: 
setenv bootcmd 'tftp ${loadaddr} 128.247.105.47:vatf_7/a90351e50a4d50e893f6eaa66fdb05ac; bootm ${loadaddr}'
OMAP34XX SDP # 
- 05:52:27 [INFO] Host: printenv
- 05:52:28 [INFO] Target: 
printenv
baudrate=115200
loadaddr=0x82000000
console=ttyS0,115200n8
mmcargs=setenv bootargs console=${console} root=/dev/mmcblk0p2 rw rootfstype=ext3 rootwait
norargs=setenv bootargs console=${console} root=/dev/mtdblock3 rw rootfstype=jffs2
loadbootscript=fatload mmc 0 ${loadaddr} boot.scr
bootscript=echo Running bootscript from MMC/SD ...; autoscr ${loadaddr}
loaduimage=fatload mmc 0 ${loadaddr} uImage
mmcboot=echo Booting from MMC/SD ...; run mmcargs; bootm ${loadaddr}
norboot=echo Booting from NOR ...; run norargs; bootm 0x80000
bootdelay=3
ethaddr=08:00:28:01:24:57
stdin=serial
stdout=serial
stderr=serial
autoload=no
bootfile=/tftpboot/kernel/uImage.omap3430-sdp
gatewayip=192.168.1.254
netmask=255.255.255.0
ipaddr=192.168.1.185
serverip=128.247.105.47
bootargs=console=ttyO0,115200n8 earlyprintk rootwait ip=dhcp root=/dev/mmcblk0p2 rw rootfstype=ext3 nohlt
bootcmd=tftp ${loadaddr} 128.247.105.47:vatf_7/a90351e50a4d50e893f6eaa66fdb05ac; bootm ${loadaddr}
Environment size: 963/262140 bytes
OMAP34XX SDP # 
- 05:52:28 [INFO] Host: boot
- 05:53:33 [INFO] Target: 
boot
Using MAC Address 08:00:28:01:24:57
TFTP from server 128.247.105.47; our IP address is 192.168.1.185; sending through gateway 192.168.1.254
Filename 'vatf_7/a90351e50a4d50e893f6eaa66fdb05ac'.
Load address: 0x82000000
Loading: *#################################################################
	 #################################################################
	 #################################################################
	 #################################################################
	 ############################################
done
Bytes transferred = 4451852 (43ee0c hex)
## Booting kernel from Legacy Image at 82000000 ...
   Image Name:   Linux-3.17.0-rc5-next-20140918-0
   Image Type:   ARM Linux Kernel Image (uncompressed)
   Data Size:    4451788 Bytes =  4.2 MB
   Load Address: 80800000
   Entry Point:  80800000
   Verifying Checksum ... OK
   Loading Kernel Image ... OK
Starting kernel ...
[    0.000000] Booting Linux on physical CPU 0x0
[    0.000000] Linux version 3.17.0-rc5-next-20140918-00002-g57b28d6 (nmenon@kahuna) (gcc version 4.6.3 (Ubuntu/Linaro 4.6.3-1ubuntu5) ) #1 SMP Thu Sep 18 05:48:32 CDT 2014
[    0.000000] CPU: ARMv7 Processor [411fc083] revision 3 (ARMv7), cr=10c5387d
[    0.000000] CPU: PIPT / VIPT nonaliasing data cache, VIPT nonaliasing instruction cache
[    0.000000] Machine model: TI OMAP3430 SDP
[    0.000000] cma: Reserved 16 MiB at 86800000
[    0.000000] Memory policy: Data cache writeback
[    0.000000]   HighMem zone: 1048574 pages exceeds freesize 0
[    0.000000] CPU: All CPU(s) started in SVC mode.
[    0.000000] OMAP3430/3530 ES3.0 (l2cache iva sgx neon isp )
[    0.000000] PERCPU: Embedded 11 pages/cpu @c7d7f000 s14400 r8192 d22464 u45056
[    0.000000] Built 1 zonelists in Zone order, mobility grouping on.  Total pages: 32256
[    0.000000] Kernel command line: console=ttyO0,115200n8 earlyprintk rootwait ip=dhcp root=/dev/mmcblk0p2 rw rootfstype=ext3 nohlt
[    0.000000] PID hash table entries: 512 (order: -1, 2048 bytes)
[    0.000000] Dentry cache hash table entries: 16384 (order: 4, 65536 bytes)
[    0.000000] Inode-cache hash table entries: 8192 (order: 3, 32768 bytes)
[    0.000000] Memory: 94720K/130048K available (5731K kernel code, 655K rwdata, 2216K rodata, 406K init, 8212K bss, 35328K reserved, 0K highmem)
[    0.000000] Virtual kernel memory layout:
[    0.000000]     vector  : 0xffff0000 - 0xffff1000   (   4 kB)
[    0.000000]     fixmap  : 0xffc00000 - 0xffe00000   (2048 kB)
[    0.000000]     vmalloc : 0xc8800000 - 0xff000000   ( 872 MB)
[    0.000000]     lowmem  : 0xc0000000 - 0xc8000000   ( 128 MB)
[    0.000000]     pkmap   : 0xbfe00000 - 0xc0000000   (   2 MB)
[    0.000000]     modules : 0xbf000000 - 0xbfe00000   (  14 MB)
[    0.000000]       .text : 0xc0008000 - 0xc07cb268   (7949 kB)
[    0.000000]       .init : 0xc07cc000 - 0xc0831840   ( 407 kB)
[    0.000000]       .data : 0xc0832000 - 0xc08d5e90   ( 656 kB)
[    0.000000]        .bss : 0xc08d5e90 - 0xc10db028   (8213 kB)
[    0.000000] Hierarchical RCU implementation.
[    0.000000] 	RCU restricting CPUs from NR_CPUS=2 to nr_cpu_ids=1.
[    0.000000] RCU: Adjusting geometry for rcu_fanout_leaf=16, nr_cpu_ids=1
[    0.000000] NR_IRQS:16 nr_irqs:16 16
[    0.000000] IRQ: Found an INTC at 0xfa200000 (revision 4.0) with 96 interrupts
[    0.000000] Total of 96 interrupts on 1 active controller
[    0.000000] Clocking rate (Crystal/Core/MPU): 26.0/332/500 MHz
[    0.000000] OMAP clockevent source: timer1 at 32768 Hz
[    0.000030] sched_clock: 32 bits at 32kHz, resolution 30517ns, wraps every 65536000000000ns
[    0.000061] OMAP clocksource: 32k_counter at 32768 Hz
[    0.001464] Console: colour dummy device 80x30
[    0.001556] Lock dependency validator: Copyright (c) 2006 Red Hat, Inc., Ingo Molnar
[    0.001586] ... MAX_LOCKDEP_SUBCLASSES:  8
[    0.001586] ... MAX_LOCK_DEPTH:          48
[    0.001617] ... MAX_LOCKDEP_KEYS:        8191
[    0.001617] ... CLASSHASH_SIZE:          4096
[    0.001647] ... MAX_LOCKDEP_ENTRIES:     32768
[    0.001647] ... MAX_LOCKDEP_CHAINS:      65536
[    0.001678] ... CHAINHASH_SIZE:          32768
[    0.001678]  memory used by lock dependency info: 5167 kB
[    0.001708]  per task-struct memory footprint: 1152 bytes
[    0.001770] Calibrating delay loop... 496.43 BogoMIPS (lpj=2482176)
[    0.106781] pid_max: default: 32768 minimum: 301
[    0.107482] Security Framework initialized
[    0.107757] Mount-cache hash table entries: 1024 (order: 0, 4096 bytes)
[    0.107788] Mountpoint-cache hash table entries: 1024 (order: 0, 4096 bytes)
[    0.112182] CPU: Testing write buffer coherency: ok
[    0.114440] CPU0: thread -1, cpu 0, socket -1, mpidr 0
[    0.114654] Setting up static identity map for 0x8056ea58 - 0x8056eac8
[    0.121582] Brought up 1 CPUs
[    0.121612] SMP: Total of 1 processors activated.
[    0.121643] CPU: All CPU(s) started in SVC mode.
[    0.127105] devtmpfs: initialized
[    0.142547] VFP support v0.3: implementor 41 architecture 3 part 30 variant c rev 1
[    0.248626] omap_hwmod: mcbsp2_sidetone using broken dt data from mcbsp
[    0.251617] omap_hwmod: mcbsp3_sidetone using broken dt data from mcbsp
[    0.387634] pinctrl core: initialized pinctrl subsystem
[    0.392730] regulator-dummy: no parameters
[    0.523010] NET: Registered protocol family 16
[    0.535125] DMA: preallocated 256 KiB pool for atomic coherent allocations
[    0.540344] cpuidle: using governor ladder
[    0.540405] cpuidle: using governor menu
[    0.552673] Reprogramming SDRC clock to 332000000 Hz
[    0.573181] OMAP GPIO hardware version 2.5
[    0.628997] omap-gpmc 6e000000.gpmc: GPMC revision 5.0
[    0.630767] gpmc_probe_nand_child: ti,elm-id property not found
[    0.631042] gpmc_cs_program_settings: invalid width 0!
[    0.636657] No ATAGs?[    0.636718] hw-breakpoint: debug architecture 0x4 unsupported.
[    0.641876] OMAP DMA hardware revision 4.0
[    0.697723] edma-dma-engine edma-dma-engine.0: Can't allocate PaRAM dummy slot
[    0.697845] edma-dma-engine: probe of edma-dma-engine.0 failed with error -22
[    0.776702] omap-dma-engine 48056000.dma-controller: OMAP DMA engine driver
[    0.785614] SCSI subsystem initialized
[    0.787445] usbcore: registered new interface driver usbfs
[    0.787872] usbcore: registered new interface driver hub
[    0.789337] usbcore: registered new device driver usb
[    1.007385] omap_i2c 48070000.i2c: bus 0 rev3.3 at 2600 kHz
[    1.010314] omap_i2c 48072000.i2c: bus 1 rev3.3 at 100 kHz
[    1.012512] omap_i2c 48060000.i2c: bus 2 rev3.3 at 100 kHz
[    1.023101] Switched to clocksource 32k_counter
[    1.329071] NET: Registered protocol family 2
[    1.332641] TCP established hash table entries: 1024 (order: 0, 4096 bytes)
[    1.332916] TCP bind hash table entries: 1024 (order: 3, 36864 bytes)
[    1.333587] TCP: Hash tables configured (established 1024 bind 1024)
[    1.333923] TCP: reno registered
[    1.333953] UDP hash table entries: 256 (order: 2, 20480 bytes)
[    1.334350] UDP-Lite hash table entries: 256 (order: 2, 20480 bytes)
[    1.336425] NET: Registered protocol family 1
[    1.339721] RPC: Registered named UNIX socket transport module.
[    1.339752] RPC: Registered udp transport module.
[    1.339782] RPC: Registered tcp transport module.
[    1.339782] RPC: Registered tcp NFSv4.1 backchannel transport module.
[    1.342346] hw perfevents: enabled with armv7_cortex_a8 PMU driver, 5 counters available
[    1.353454] futex hash table entries: 256 (order: 2, 16384 bytes)
[    1.363830] VFS: Disk quotas dquot_6.5.2
[    1.364074] Dquot-cache hash table entries: 1024 (order 0, 4096 bytes)
[    1.369171] NFS: Registering the id_resolver key type
[    1.369873] Key type id_resolver registered
[    1.369903] Key type id_legacy registered
[    1.370239] jffs2: version 2.2. (NAND) (SUMMARY)   2001-2006 Red Hat, Inc.
[    1.371246] msgmni has been set to 217
[    1.382141] io scheduler noop registered
[    1.382202] io scheduler deadline registered
[    1.382354] io scheduler cfq registered (default)
[    1.387817] pinctrl-single 48002030.pinmux: 284 pins at pa fa002030 size 568
[    1.388946] pinctrl-single 48002a00.pinmux: 46 pins at pa fa002a00 size 92
[    1.390319] pinctrl-single 480025d8.pinmux: 18 pins at pa fa0025d8 size 36
[    1.395141] pbias_mmc_omap2430: 1800 <--> 3000 mV at 3000 mV 
[    1.399017] Serial: 8250/16550 driver, 4 ports, IRQ sharing enabled
[    1.414062] omap_uart 4806a000.serial: no wakeirq for uart0
[    1.415100] omap_uart 4806a000.serial: ttyO0 at MMIO 0x4806a000 (irq = 88, base_baud = 3000000) is a OMAP UART0
[    2.139282] console [ttyO0] enabled
[    2.149108] omap_uart 4806c000.serial: no wakeirq for uart0
[    2.155700] omap_uart 4806c000.serial: ttyO1 at MMIO 0x4806c000 (irq = 89, base_baud = 3000000) is a OMAP UART1
[    2.172332] omap_uart 49020000.serial: no wakeirq for uart0
[    2.178771] omap_uart 49020000.serial: ttyO2 at MMIO 0x49020000 (irq = 90, base_baud = 3000000) is a OMAP UART2
[    2.251831] brd: module loaded
[    2.290283] loop: module loaded
[    2.319793] twl 0-0048: PIH (irq 23) chaining IRQs 338..346
[    2.326538] twl 0-0048: power (irq 343) chaining IRQs 346..353
[    2.345458] VAUX1: at 3000 mV 
[    2.355285] VAUX2_4030: at 1800 mV 
[    2.365814] VAUX3: at 2800 mV 
[    2.374633] VAUX4: at 2800 mV 
[    2.384155] VDD1: 600 <--> 1450 mV at 1200 mV 
[    2.396087] VDAC: 1800 mV 
[    2.406707] VIO: at 1800 mV 
[    2.415252] VINTANA1: 1500 mV 
[    2.425476] VINTANA2: at 2750 mV 
[    2.435180] VINTDIG: 1500 mV 
[    2.443023] VMMC1: 1850 <--> 3150 mV at 3000 mV 
[    2.455230] VMMC2: 1850 <--> 3150 mV at 2600 mV 
[    2.465820] VUSB1V5: 1500 mV 
[    2.471923] VUSB1V8: 1800 mV 
[    2.478668] VUSB3V1: 3100 mV 
[    2.487060] VPLL1: at 1800 mV 
[    2.495880] VPLL2: 1800 mV 
[    2.505645] VSIM: 1800 <--> 3000 mV at 1800 mV 
[    2.515869] twl4030_gpio twl4030-gpio: gpio (irq 338) chaining IRQs 354..371
[    2.539489] mtdoops: mtd device (mtddev=name/number) must be supplied
[    2.548034] omap2-onenand omap2-onenand: initializing on CS2, phys base 0x20000000, virtual base c8880000, freq 0 MHz
[    2.559448] Muxed OneNAND 256MB 1.8V 16-bit (0x40)
[    2.564605] OneNAND version = 0x002c
[    2.570465] Scanning device for bad blocks
[    2.585235] OneNAND eraseblock 51 is an initial bad block
[    2.599029] OneNAND eraseblock 119 is an initial bad block
[    2.654663] OneNAND eraseblock 718 is an initial bad block
[    2.740509] OneNAND eraseblock 1746 is an initial bad block
[    2.772094] 5 ofpart partitions found on MTD device omap2-onenand
[    2.778564] Creating 5 MTD partitions on "omap2-onenand":
[    2.784393] 0x000000000000-0x000000080000 : "xloader-onenand"
[    2.800811] 0x000000080000-0x0000000c0000 : "bootloader-onenand"
[    2.815307] 0x0000000c0000-0x0000000e0000 : "params-onenand"
[    2.829528] 0x0000000e0000-0x0000002e0000 : "kernel-onenand"
[    2.843322] 0x0000002e0000-0x000010000000 : "filesystem-onenand"
[    2.888549] usbcore: registered new interface driver asix
[    2.894714] usbcore: registered new interface driver ax88179_178a
[    2.901550] usbcore: registered new interface driver cdc_ether
[    2.908111] usbcore: registered new interface driver smsc95xx
[    2.914550] usbcore: registered new interface driver net1080
[    2.920806] usbcore: registered new interface driver cdc_subset
[    2.927398] usbcore: registered new interface driver zaurus
[    2.933837] usbcore: registered new interface driver cdc_ncm
[    2.942169] usbcore: registered new interface driver cdc_wdm
[    2.948577] usbcore: registered new interface driver usb-storage
[    2.955444] usbcore: registered new interface driver usbtest
[    2.976623] mousedev: PS/2 mouse device common for all mice
[    2.984588] twl4030_keypad 48070000.i2c:twl@48:keypad: OF: linux,keymap property not defined in /ocp/i2c@48070000/twl@48/keypad
[    2.996826] twl4030_keypad 48070000.i2c:twl@48:keypad: Failed to build keymap
[    3.004608] twl4030_keypad: probe of 48070000.i2c:twl@48:keypad failed with error -2
[    3.022064] input: twl4030_pwrbutton as /devices/68000000.ocp/48070000.i2c/i2c-0/0-0048/48070000.i2c:twl@48:pwrbutton/input/input1
[    3.048889] twl_rtc 48070000.i2c:twl@48:rtc: Power up reset detected.
[    3.058715] twl_rtc 48070000.i2c:twl@48:rtc: Enabling TWL-RTC
[    3.077209] twl_rtc 48070000.i2c:twl@48:rtc: rtc core: registered 48070000.i2c:twl@48 as rtc0
[    3.088409] i2c /dev entries driver
[    3.098175] Driver for 1-wire Dallas network protocol.
[    3.113006] omap_wdt: OMAP Watchdog Timer Rev 0x31: initial timeout 60 sec
[    3.183685] ledtrig-cpu: registered to indicate activity on CPUs
[    3.191131] usbcore: registered new interface driver usbhid
[    3.197204] usbhid: USB HID core driver
[    3.204895] oprofile: using arm/armv7
[    3.209991] TCP: cubic registered
[    3.213653] Initializing XFRM netlink socket
[    3.218414] NET: Registered protocol family 17
[    3.223327] NET: Registered protocol family 15
[    3.228668] Key type dns_resolver registered
[    3.233734] omap2_set_init_voltage: unable to find boot up OPP for vdd_mpu_iva
[    3.241455] omap2_set_init_voltage: unable to set vdd_mpu_iva
[    3.247558] omap2_set_init_voltage: unable to find boot up OPP for vdd_core
[    3.254974] omap2_set_init_voltage: unable to set vdd_core
[    3.264465] PM: no software I/O chain control; some wakeups may be lost
[    3.274841] ThumbEE CPU extension supported.
[    3.279449] Registering SWP/SWPB emulation handler
[    3.284667] SmartReflex Class3 initialized
[    3.320495] twl_rtc 48070000.i2c:twl@48:rtc: setting system clock to 2000-01-01 00:00:00 UTC (946684800)
[    3.330780] sr_init: No PMIC hook to init smartreflex
[    3.337005] smartreflex smartreflex.0: omap_sr_probe: SmartReflex driver initialized
[    3.345794] smartreflex smartreflex.0: omap_sr_probe: smartreflex_mpu_iva: No Voltage table for the corresponding vdd. Cannot create debugfs entries for n-values
[    3.362091] smartreflex: probe of smartreflex.0 failed with error -61
[    3.369201] smartreflex smartreflex.1: omap_sr_probe: SmartReflex driver initialized
[    3.377777] smartreflex smartreflex.1: omap_sr_probe: smartreflex_core: No Voltage table for the corresponding vdd. Cannot create debugfs entries for n-values
[    3.393188] smartreflex: probe of smartreflex.1 failed with error -61
[    3.400329] sr_init: platform driver register failed for SR
[    3.522003] mmc0: host does not support reading read-only switch. assuming write-enable.
[    3.533050] mmc0: new high speed SD card at address b368
[    3.543640] mmcblk0: mmc0:b368 SD    1.88 GiB 
[    3.559753]  mmcblk0: p1 p2
[   15.622863] VPLL2: disabling
[   15.626861] VUSB3V1: disabling
[   15.630950] VUSB1V8: disabling
[   15.635162] VUSB1V5: disabling
[   15.639556] VDAC: disabling
[   15.643768] VAUX3: disabling
[   15.667510] kjournald starting.  Commit interval 5 seconds
[   15.678710] EXT3-fs (mmcblk0p2): using internal journal
[   15.684417] EXT3-fs (mmcblk0p2): mounted filesystem with ordered data mode
[   15.691955] VFS: Mounted root (ext3 filesystem) on device 179:2.
[   15.703704] devtmpfs: mounted
[   15.708526] Freeing unused kernel memory: 404K (c07cc000 - c0831000)
INIT: version 2.88 booting
Error opening /dev/fb0: No such file or directory
/dev/ttyO0 linked to /dev/tty-bd - using as console
Starting udev
[   17.185302] udevd[861]: starting version 182
[   22.952178] random: nonblocking pool is initialized
[   29.816406] FAT-fs (mmcblk0p1): Invalid FSINFO signature: 0x00000000, 0x00000000 (sector = 17554)
[   29.826965] FAT-fs (mmcblk0p1): error, invalid access to FAT (entry 0x13ee6402)
[   29.834808] FAT-fs (mmcblk0p1): Filesystem has been set read-only
[   29.841308] FAT-fs (mmcblk0p1): error, invalid access to FAT (entry 0x13ee6402)
[   29.849456] FAT-fs (mmcblk0p1): error, invalid access to FAT (entry 0x7f6577fd)
[   30.012756] FAT-fs (mmcblk0p1): Invalid FSINFO signature: 0x00000000, 0x00000000 (sector = 17554)
[   30.022430] FAT-fs (mmcblk0p1): error, invalid access to FAT (entry 0x13ee6402)
[   30.030181] FAT-fs (mmcblk0p1): Filesystem has been set read-only
[   30.062713] FAT-fs (mmcblk0p1): Invalid FSINFO signature: 0x00000000, 0x00000000 (sector = 17554)
[   30.073059] FAT-fs (mmcblk0p1): error, invalid access to FAT (entry 0x13ee6402)
[   30.080780] FAT-fs (mmcblk0p1): Filesystem has been set read-only
[   30.552825] FAT-fs (mmcblk0p1): Invalid FSINFO signature: 0x00000000, 0x00000000 (sector = 17554)
[   30.562469] FAT-fs (mmcblk0p1): error, invalid access to FAT (entry 0x13ee6402)
[   30.570220] FAT-fs (mmcblk0p1): Filesystem has been set read-only
[   30.643157] FAT-fs (mmcblk0p1): Invalid FSINFO signature: 0x00000000, 0x00000000 (sector = 17554)
[   30.652801] FAT-fs (mmcblk0p1): error, invalid access to FAT (entry 0x13ee6402)
[   30.660552] FAT-fs (mmcblk0p1): Filesystem has been set read-only
[   30.670166] FAT-fs (mmcblk0p1): Invalid FSINFO signature: 0x00000000, 0x00000000 (sector = 17554)
[   30.679962] FAT-fs (mmcblk0p1): error, invalid access to FAT (entry 0x13ee6402)
[   30.687774] FAT-fs (mmcblk0p1): Filesystem has been set read-only
ERROR: could not open directory /lib/modules/3.17.0-rc5-next-20140918-00002-g57b28d6: No such file or directory
WARNING: -e needs -E or -F
ERROR: could not open directory /lib/modules/3.17.0-rc5-next-20140918-00002-g57b28d6: No such file or directory
FATAL: could not search modules: No such file or directory
Starting Bootlog daemon: bootlogd: cannot allocate pseudo tty: No such file or directory
bootlogd.
ALSA: Restoring mixer settings...
/usr/sbin/alsactl: load_state:1696: No soundcards found...
Configuring network interfaces... ifconfig: SIOCGIFFLAGS: No such device
done.
Wed Jul 23 19:50:00 UTC 2014
INIT: Entering runlevel: 3
/dev/ttyO0 linked to /dev/tty-bd - using as console
Starting system message bus: dbus.
Starting Dropbear SSH server: dropbear.
Starting telnet daemon.
Starting syslogd/klogd: done
Starting thttpd.
Starting Lighttpd Web Server: lighttpd.
2014-07-23 19:50:02: (log.c.166) server started 
***************************************************************
***************************************************************
NOTICE: This file system contains the followin GPLv3 packages:
	binutils-symlinks
	binutils
	gdbserver
	parted
If you do not wish to distribute GPLv3 components please remove
the above packages prior to distribution.  This can be done using
the opkg remove command.  i.e.:
    opkg remove <package>
Where <package> is the name printed in the list above
NOTE: If the package is a dependency of another package you
      will be notified of the dependent packages.  You should
      use the --force-removal-of-dependent-packages option to
      also remove the dependent packages as well
***************************************************************
***************************************************************
Stopping Bootlog daemon: bootlogd.
 _____                    _____           _         _   
|  _  |___ ___ ___ ___   |  _  |___ ___  |_|___ ___| |_ 
|     |  _| .'| . | . |  |   __|  _| . | | | -_|  _|  _|
|__|__|_| |__,|_  |___|  |__|  |_| |___|_| |___|___|_|  
              |___|                    |___|            
Arago Project http://arago-project.org GenericOMAP3(FlattenedDeviceTree) tty-bd
Arago 2013.12 GenericOMAP3(FlattenedDeviceTree) tty-bd
GenericOMAP3(FlattenedDeviceTree) login: 
- 05:53:33 [INFO] Host: root
- 05:53:34 [INFO] Target: 
root
root@GenericOMAP3(FlattenedDeviceTree):~# 
- 05:53:34 [INFO] Host: uname -a
- 05:53:35 [INFO] Target: 
uname -a
Linux GenericOMAP3(FlattenedDeviceTree) 3.17.0-rc5-next-20140918-00002-g57b28d6 #1 SMP Thu Sep 18 05:48:32 CDT 2014 armv7l GNU/Linux
root@GenericOMAP3(FlattenedDeviceTree):~# 
- 05:53:35 [INFO] Host: cat /proc/cmdline
- 05:53:35 [INFO] Target: 
cat /proc/cmdline
console=ttyO0,115200n8 earlyprintk rootwait ip=dhcp root=/dev/mmcblk0p2 rw rootfstype=ext3 nohlt
root@GenericOMAP3(FlattenedDeviceTree):~# 
- 05:53:35 [INFO] Host: uname -a
- 05:53:36 [INFO] Target: 
uname -a
Linux GenericOMAP3(FlattenedDeviceTree) 3.17.0-rc5-next-20140918-00002-g57b28d6 #1 SMP Thu Sep 18 05:48:32 CDT 2014 armv7l GNU/Linux
root@GenericOMAP3(FlattenedDeviceTree):~# 
- 05:53:36 [INFO] Host: cat /proc/mtd
- 05:53:36 [INFO] Target: 
cat /proc/mtd
dev:    size   erasesize  name
mtd0: 00080000 00020000 "xloader-onenand"
mtd1: 00040000 00020000 "bootloader-onenand"
mtd2: 00020000 00020000 "params-onenand"
mtd3: 00200000 00020000 "kernel-onenand"
mtd4: 0fd20000 00020000 "filesystem-onenand"
root@GenericOMAP3(FlattenedDeviceTree):~# 
- 05:53:42 [INFO] Host: export IPERFHOST=128.247.105.47
- 05:53:42 [INFO] Target: 
export IPERFHOST=128.247.105.47
root@GenericOMAP3(FlattenedDeviceTree):~# 
- 05:53:43 [INFO] Host: export NFS_SERVER=128.247.105.47
- 05:53:43 [INFO] Target: 
export NFS_SERVER=128.247.105.47
root@GenericOMAP3(FlattenedDeviceTree):~# 
- 05:53:43 [INFO] Host: export NFS_ROOT_PATH=/usr/workdir/filesys/linux/sdp3430
- 05:53:44 [INFO] Target: 
export NFS_ROOT_PATH=/usr/workdir/file 
sys/linux/sdp3430
root@GenericOMAP3(FlattenedDeviceTree):~# 
- 05:53:44 [INFO] Host: mkdir -p -m 777 /test
- 05:53:44 [INFO] Target: 
mkdir -p -m 777 /test
root@GenericOMAP3(FlattenedDeviceTree):~# 
- 05:53:44 [INFO] Host: cd /test
- 05:53:45 [INFO] Target: 
cd /test
root@GenericOMAP3(FlattenedDeviceTree):/test# 
- 05:53:45 [INFO] Host: cat > test.sh << EOF
- 05:53:45 [INFO] Target: 
cat > test.sh << EOF
- 05:53:45 [INFO] Host: failtest() {
- 05:53:46 [INFO] Target: 
failtest() {
- 05:53:46 [INFO] Host:   echo 1 >&3
- 05:53:47 [INFO] Target: 
  echo 1 >&3
- 05:53:47 [INFO] Host: }
- 05:53:47 [INFO] Target: 
- 05:53:47 [INFO] Host: timeout=600
- 05:53:48 [INFO] Target: 
timeout=600
- 05:53:48 [INFO] Host: 
- 05:53:48 [INFO] Target: 
- 05:53:48 [INFO] Host: # Start of user's script logic
- 05:53:49 [INFO] Target: 
# Start of user's script logic
- 05:53:49 [INFO] Host: 
- 05:53:49 [INFO] Target: 
- 05:53:49 [INFO] Host: 
- 05:53:50 [INFO] Target: 
- 05:53:50 [INFO] Host: mount -t proc proc /proc 2>/dev/null;
- 05:53:51 [INFO] Target: 
mount -t proc proc /proc 2>/dev/null;
- 05:53:51 [INFO] Host: 
- 05:53:51 [INFO] Target: 
- 05:53:51 [INFO] Host: mount -t sysfs sys /sys 2>/dev/null;
- 05:53:52 [INFO] Target: 
mount -t sysfs sys /sys 2>/dev/null;
- 05:53:52 [INFO] Host: 
- 05:53:52 [INFO] Target: 
- 05:53:52 [INFO] Host: mount -t debugfs none /sys/kernel/debug 2>/dev/null;
- 05:53:53 [INFO] Target: 
mount -t debugfs none /sys/kernel/debug 2>/dev/null;
- 05:53:53 [INFO] Host: 
- 05:53:54 [INFO] Target: 
- 05:53:54 [INFO] Host: echo 'cpuinfo:';cat /proc/cpuinfo; echo '=======';
- 05:53:54 [INFO] Target: 
echo 'cpuinfo:';cat /proc/cpuinfo; echo '=======';
- 05:53:54 [INFO] Host: 
- 05:53:55 [INFO] Target: 
- 05:53:55 [INFO] Host: echo 'soc info:';head /sys/devices/soc0/* 2>/dev/null; echo '=======';
- 05:53:55 [INFO] Target: 
echo 'soc info:';head /sys/devices/soc0/* 2>/dev/null; echo '=======';
- 05:53:55 [INFO] Host: 
- 05:53:56 [INFO] Target: 
- 05:53:56 [INFO] Host: echo 'DT Model info'; head /proc/device-tree/name /proc/device-tree/model /proc/device-tree/compatible 2>/dev/null;echo; echo '=======';
- 05:53:56 [INFO] Target: 
echo 'DT Model info'; head /proc/device-tree/name /proc/device-tree/model /pro 
c/device-tree/compatible 2>/dev/null;echo; echo '=======';
- 05:53:56 [INFO] Host: 
- 05:53:57 [INFO] Target: 
- 05:53:57 [INFO] Host: echo 'interrupts:';cat /proc/interrupts; echo '=======';
- 05:53:58 [INFO] Target: 
echo 'interrupts:';cat /proc/interrupts; echo '=======';
- 05:53:58 [INFO] Host: 
- 05:53:58 [INFO] Target: 
- 05:53:58 [INFO] Host: echo 'Clk_summary:';cat /sys/kernel/debug/clk/clk_summary; echo '=======';
- 05:53:59 [INFO] Target: 
echo 'Clk_summary:';cat /sys/kernel/debug/clk/clk_summary; echo '=======';
- 05:53:59 [INFO] Host: 
- 05:53:59 [INFO] Target: 
- 05:53:59 [INFO] Host: echo 'Orphan Clks:';ls /sys/kernel/debug/clk/orphans/; echo '=======';
- 05:54:00 [INFO] Target: 
echo 'Orphan Clks:';ls /sys/kernel/debug/clk/orphans/; echo '=======';
- 05:54:00 [INFO] Host: 
- 05:54:01 [INFO] Target: 
- 05:54:01 [INFO] Host: echo "Available frequencies"; cat /sys/devices/system/cpu/cpu0/cpufreq/scaling_available_frequencies 2>/dev/null;echo '=======';
- 05:54:01 [INFO] Target: 
echo "Available frequencies"; cat /sys/devices/system/cpu/cpu0/cpufreq/scaling 
_available_frequencies 2>/dev/null;echo '=======';
- 05:54:01 [INFO] Host: 
- 05:54:02 [INFO] Target: 
- 05:54:02 [INFO] Host: echo 'H''ello World' 'B''oard Booted';
- 05:54:02 [INFO] Target: 
echo 'H''ello World' 'B''oard Booted';
- 05:54:02 [INFO] Host: 
- 05:54:03 [INFO] Target: 
- 05:54:03 [INFO] Host: EOF
- 05:54:03 [INFO] Target: 
root@GenericOMAP3(FlattenedDeviceTree):/test# 
- 05:54:03 [INFO] Host: cd /test
- 05:54:04 [INFO] Target: 
cd /test
root@GenericOMAP3(FlattenedDeviceTree):/test# 
- 05:54:04 [INFO] Host: chmod +x test.sh
- 05:54:05 [INFO] Target: 
chmod +x test.sh
root@GenericOMAP3(FlattenedDeviceTree):/test# 
- 05:54:05 [INFO] Host: ./test.sh 2> stderr.log > stdout.log 3> result.log
- 05:54:05 [INFO] Target: 
./test.sh 2> stderr.log > stdout.l 
og 3> result.log
root@GenericOMAP3(FlattenedDeviceTree):/test# 
- 05:54:05 [INFO] Host: echo $?
- 05:54:06 [INFO] Target: 
echo $?
root@GenericOMAP3(FlattenedDeviceTree):/test# 
- 05:54:06 [INFO] Host: cd /test
- 05:54:06 [INFO] Target: 
cd /test
root@GenericOMAP3(FlattenedDeviceTree):/test# 
- 05:54:06 [INFO] Host: cat stdout.log
- 05:54:08 [INFO] Target: 
cat stdout.log
cpuinfo:
processor	: 0
model name	: ARMv7 Processor rev 3 (v7l)
Features	: half thumb fastmult vfp edsp thumbee neon vfpv3 tls vfpd32 
CPU implementer	: 0x41
CPU architecture: 7
CPU variant	: 0x1
CPU part	: 0xc08
CPU revision	: 3
Hardware	: Generic OMAP3 (Flattened Device Tree)
Revision	: 0000
Serial		: 0000000000000000
=======
soc info:
==> /sys/devices/soc0/family <==
OMAP3
==> /sys/devices/soc0/machine <==
OMAP3430/3530
==> /sys/devices/soc0/power <==
==> /sys/devices/soc0/revision <==
ES3.0
==> /sys/devices/soc0/subsystem <==
==> /sys/devices/soc0/type <==
==> /sys/devices/soc0/uevent <==
=======
DT Model info
==> /proc/device-tree/name <==
==> /proc/device-tree/model <==
TI OMAP3430 SDP
==> /proc/device-tree/compatible <==
ti,omap3430-sdpti,omap3
=======
interrupts:
           CPU0       
 23:          0      INTC   7  TWL4030-PIH
 25:          0      INTC   9  l3-debug-irq
 26:          0      INTC  10  l3-app-irq
 28:          0      INTC  12  DMA
 29:       2311      INTC  13  omap-dma-engine
 36:          0      INTC  20  gpmc
 53:       2913      INTC  37  gp_timer
 72:        424      INTC  56  48070000.i2c
 73:          0      INTC  57  48072000.i2c
 77:          0      INTC  61  48060000.i2c
 88:       4435      INTC  72  OMAP UART0
 99:       4899      INTC  83  mmc0
306:          0      PRCM  pm_wkup
315:          0      PRCM  pinctrl, pinctrl, pm_io
338:          0   twl4030   0  twl4030_gpio
343:          0   twl4030   5  twl4030_power
346:          0   twl4030   8  twl4030_pwrbutton
349:          0   twl4030  11  rtc0
IPI0:          0  CPU wakeup interrupts
IPI1:          0  Timer broadcast interrupts
IPI2:          0  Rescheduling interrupts
IPI3:          0  Function call interrupts
IPI4:          0  Single function call interrupts
IPI5:          0  CPU stop interrupts
IPI6:          0  IRQ work interrupts
IPI7:          0  completion interrupts
Err:          0
=======
Clk_summary:
   clock                         enable_cnt  prepare_cnt        rate   accuracy
--------------------------------------------------------------------------------
 secure_32k_fck                           0            1       32768          0
    wdt1_fck                              0            0       32768          0
    gpt12_fck                             0            1       32768          0
 dummy_ck                                 0            0           0          0
 mcbsp_clks                               0            5           0          0
 sys_altclk                               0            0           0          0
 virt_38_4m_ck                            0            0    38400000          0
 virt_26000000_ck                         1            1    26000000          0
    osc_sys_ck                            1            1    26000000          0
       sys_clkout1                        0            0    26000000          0
       sys_ck                             3           18    13000000          0
          cpefuse_fck                     0            0    13000000          0
          dpll5_ck                        0            1   120000000          0
             dpll5_m2_ck                  0            1   120000000          0
                usbhost_120m_fck           0            0   120000000          0
                usbtll_fck                0            1   120000000          0
                dpll5_m2_d4_ck            0            0    30000000          0
                dpll5_m2_d8_ck            0            0    15000000          0
                dpll5_m2_d16_ck           0            0     7500000          0
                dpll5_m2_d20_ck           0            0     6000000          0
          sys_d2_ck                       0            0     6500000          0
             usim_fck                     0            0     6500000          0
          modem_fck                       0            0    13000000          0
          dpll2_ck                        0            1   360000000          0
             dpll2_m2_ck                  0            1   360000000          0
                iva2_ck                   0            2   360000000          0
          sr2_fck                         0            1    13000000          0
          sr1_fck                         0            1    13000000          0
          traceclk_src_fck                0            0    13000000          0
             traceclk_fck                 0            0    13000000          0
          emu_src_mux_ck                  0            1    13000000          0
             emu_src_ck                   0            1    13000000          0
                atclk_fck                 0            0    13000000          0
                pclkx2_fck                0            0    13000000          0
                pclk_fck                  0            0     6500000          0
          gpt9_fck                        0            1    13000000          0
          gpt8_fck                        0            1    13000000          0
          gpt7_fck                        0            1    13000000          0
          gpt6_fck                        0            1    13000000          0
          gpt5_fck                        0            1    13000000          0
          gpt4_fck                        0            1    13000000          0
          gpt3_fck                        0            1    13000000          0
          gpt2_fck                        0            1    13000000          0
          dss2_alwon_fck                  0            2    13000000          0
          dpll1_ck                        0            1   500000000          0
             dpll1_x2_ck                  0            1  1000000000          0
                dpll1_x2m2_ck             0            1  1000000000          0
                   mpu_ck                 0            1  1000000000          0
                      emu_mpu_alwon_ck           0            0  1000000000          0
                      arm_fck             0            1   500000000          0
          dpll3_ck                        1            1   332000000          0
             dpll3_m2_ck                  1            2   332000000          0
                core_ck                   1            1   332000000          0
                   core_d2_ck             0            0   166000000          0
                   core_d6_ck             0            0    55333333          0
                      sgx_fck             0            0    55333333          0
                   core_d4_ck             0            0    83000000          0
                   core_d3_ck             0            0   110666666          0
                   dpll2_fck              0            0   332000000          0
                   l3_ick                 2            3   166000000          0
                      sgx_ick             0            0   166000000          0
                      mad2d_ick           0            0   166000000          0
                      sad2d_ick           0            1   166000000          0
                      security_l3_ick           0            0   166000000          0
                         pka_ick           0            0   166000000          0
                      core_l3_ick           8           10   166000000          0
                         hsotgusb_ick_3430es2           0            1   166000000          0
                         gpmc_fck           2            2   166000000          0
                         sdrc_ick           1            1   166000000          0
                      l4_ick              7            8    83000000          0
                         usbhost_ick           1            1    83000000          0
                         dss_ick_3430es2           4            6    83000000          0
                         sr_l4_ick           2            2    83000000          0
                         ssi_l4_ick           1            1    83000000          0
                            ssi_ick_3430es2           1            1    83000000          0
                         cam_ick           0            1    83000000          0
                         security_l4_ick2           0            0    83000000          0
                            des1_ick           0            0    83000000          0
                            sha11_ick           0            0    83000000          0
                            rng_ick           0            0    83000000          0
                            aes1_ick           0            0    83000000          0
                         per_l4_ick          12           17    83000000          0
                            mcbsp4_ick           2            2    83000000          0
                            mcbsp3_ick           2            2    83000000          0
                            mcbsp2_ick           1            1    83000000          0
                            gpt2_ick           1            1    83000000          0
                            gpt3_ick           1            1    83000000          0
                            gpt4_ick           1            1    83000000          0
                            gpt5_ick           1            1    83000000          0
                            gpt6_ick           1            1    83000000          0
                            gpt7_ick           1            1    83000000          0
                            gpt8_ick           1            1    83000000          0
                            gpt9_ick           1            1    83000000          0
                            uart4_ick           0            0    83000000          0
                            uart3_ick           1            1    83000000          0
                            wdt3_ick           0            0    83000000          0
                            gpio2_ick           0            1    83000000          0
                            gpio3_ick           0            1    83000000          0
                            gpio4_ick           0            1    83000000          0
                            gpio5_ick           0            1    83000000          0
                            gpio6_ick           0            1    83000000          0
                         core_l4_ick          21           23    83000000          0
                            mmchs3_ick           1            1    83000000          0
                            usbtll_ick           1            1    83000000          0
                            mailboxes_ick           0            1    83000000          0
                            mspro_ick           0            0    83000000          0
                            des2_ick           0            0    83000000          0
                            icr_ick           0            0    83000000          0
                            sha12_ick           1            2    83000000          0
                            aes2_ick           1            2    83000000          0
                            omapctrl_ick           1            1    83000000          0
                            mcbsp1_ick           1            1    83000000          0
                            mcbsp5_ick           1            1    83000000          0
                            gpt10_ick           1            1    83000000          0
                            gpt11_ick           1            1    83000000          0
                            uart1_ick           1            1    83000000          0
                            uart2_ick           1            1    83000000          0
                            i2c1_ick           1            1    83000000          0
                            i2c2_ick           1            1    83000000          0
                            i2c3_ick           1            1    83000000          0
                            mcspi1_ick           1            1    83000000          0
                            mcspi2_ick           1            1    83000000          0
                            mcspi3_ick           1            1    83000000          0
                            mcspi4_ick           1            1    83000000          0
                            hdq_ick           0            1    83000000          0
                            mmchs1_ick           1            1    83000000          0
                            mmchs2_ick           1            1    83000000          0
                         rm_ick           0            0    41500000          0
                   dpll1_fck              0            0   166000000          0
                dpll3_m2x2_ck             0            1   664000000          0
                   corex2_fck             0            1   664000000          0
                      ssi_ssr_fck_3430es2           0            1   221333334          0
                         ssi_sst_fck_3430es2           0            0   110666667          0
                      corex2_d5_fck           0            0   132800000          0
                      corex2_d3_fck           0            0   221333333          0
             dpll3_m3_ck                  0            0   166000000          0
                dpll3_m3x2_mul_ck           0            0   332000000          0
                   dpll3_m3x2_ck           0            0   332000000          0
                      emu_core_alwon_ck           0            0   332000000          0
             dpll3_x2_ck                  0            0   664000000          0
          dpll4_ck                        1            3   432000000          0
             dpll4_m6_ck                  0            0   144000000          0
                dpll4_m6x2_mul_ck           0            0   288000000          0
                   dpll4_m6x2_ck           0            0   288000000          0
                      emu_per_alwon_ck           0            0   288000000          0
             dpll4_m5_ck                  0            0   108000000          0
                dpll4_m5x2_mul_ck           0            0   216000000          0
                   dpll4_m5x2_ck           0            0   216000000          0
                      cam_mclk            0            0   216000000          0
             dpll4_m4_ck                  0            1   216000000          0
                dpll4_m4x2_mul_ck           0            1   432000000          0
                   dpll4_m4x2_ck           0            1   432000000          0
                      dss1_alwon_fck_3430es2           0            4   432000000          0
             dpll4_m3_ck                  0            1    27000000          0
                dpll4_m3x2_mul_ck           0            1    54000000          0
                   dpll4_m3x2_ck           0            1    54000000          0
                      omap_54m_fck           0            1    54000000          0
                         dss_tv_fck           0            2    54000000          0
                         clkout2_src_ck           0            0    54000000          0
                            sys_clkout2           0            0    54000000          0
             dpll4_m2_ck                  1            1    48000000          0
                dpll4_m2x2_mul_ck           1            1    96000000          0
                   dpll4_m2x2_ck           1            1    96000000          0
                      omap_192m_alwon_fck           0            0    96000000          0
                      omap_96m_alwon_fck           1            2    96000000          0
                         per_96m_fck           0            6    96000000          0
                            mcbsp4_fck           0            1    96000000          0
                            mcbsp3_fck           0            2    96000000          0
                            mcbsp2_fck           0            2    96000000          0
                         cm_96m_fck           1            2    96000000          0
                            cm_96m_d2_fck           1            1    48000000          0
                               omap_48m_fck           2            4    48000000          0
                                  usbhost_48m_fck           0            1    48000000          0
                                  per_48m_fck           1            1    48000000          0
                                     uart3_fck           1            1    48000000          0
                                  core_48m_fck           2            6    48000000          0
                                     uart1_fck           1            1    48000000          0
                                     uart2_fck           1            1    48000000          0
                                     mcspi1_fck           0            1    48000000          0
                                     mcspi2_fck           0            1    48000000          0
                                     mcspi3_fck           0            1    48000000          0
                                     mcspi4_fck           0            1    48000000          0
                                  omap_12m_fck           0            1    12000000          0
                                     core_12m_fck           0            1    12000000          0
                                        hdq_fck             0            1    12000000          0
                            omap_96m_fck           0            2    96000000          0
                               omap_96m_d10_fck           0            0     9600000          0
                               omap_96m_d8_fck           0            0    12000000          0
                               omap_96m_d4_fck           0            0    24000000          0
                               omap_96m_d2_fck           0            0    48000000          0
                               dss_96m_fck           0            2    96000000          0
                               core_96m_fck           0           10    96000000          0
                                  mcbsp1_fck           0            1    96000000          0
                                  mcbsp5_fck           0            1    96000000          0
                                  mmchs3_fck           0            1    96000000          0
                                  mspro_fck           0            0    96000000          0
                                  csi2_96m_fck           0            0    96000000          0
                                  i2c1_fck           0            1    96000000          0
                                  i2c2_fck           0            1    96000000          0
                                  i2c3_fck           0            1    96000000          0
                                  mmchs1_fck           0            1    96000000          0
                                  mmchs2_fck           0            1    96000000          0
             dpll4_x2_ck                  0            0   864000000          0
          wkup_l4_ick                     4            5    13000000          0
             usim_ick                     0            0    13000000          0
             gpt1_ick                     1            1    13000000          0
             gpt12_ick                    1            1    13000000          0
             omap_32ksync_ick             1            1    13000000          0
             gpio1_ick                    0            1    13000000          0
             wdt1_ick                     0            0    13000000          0
             wdt2_ick                     1            1    13000000          0
 virt_19200000_ck                         0            0    19200000          0
 virt_13m_ck                              0            0    13000000          0
 virt_12m_ck                              0            0    12000000          0
 omap_32k_fck                             2            8       32768          0
    gpt1_fck                              1            1       32768          0
    ts_fck                                0            0       32768          0
    per_32k_alwon_fck                     0            5       32768          0
       wdt3_fck                           0            0       32768          0
       gpio2_dbck                         0            1       32768          0
       gpio3_dbck                         0            1       32768          0
       gpio4_dbck                         0            1       32768          0
       gpio5_dbck                         0            1       32768          0
       gpio6_dbck                         0            1       32768          0
    wkup_32k_fck                          1            3       32768          0
       wdt2_fck                           0            1       32768          0
       gpio1_dbck                         0            1       32768          0
    gpt11_fck                             0            1       32768          0
    gpt10_fck                             0            1       32768          0
 dummy_apb_pclk                           0            0           0          0
 virt_16_8m_ck                            0            0    16800000          0
=======
Orphan Clks:
=======
Available frequencies
=======
Hello World Board Booted
root@GenericOMAP3(FlattenedDeviceTree):/test# 
- 05:54:09 [INFO] Host: cat stderr.log
- 05:54:09 [INFO] Target: 
cat stderr.log
ls: /sys/kernel/debug/clk/orphans/: No such file or directory
root@GenericOMAP3(FlattenedDeviceTree):/test# 
- 05:54:09 [INFO] Host: cat result.log
- 05:54:11 [ERROR] On command: cat result.log waiting for (?m-ix:^1[\0\n\r]+) >>> error: execution expired
- 05:54:11 [INFO] Target: 
cat result.log
root@GenericOMAP3(FlattenedDeviceTree):/test# 
- 05:54:11 [INFO] Host: cd /test
- 05:54:12 [INFO] Target: 
cd /test
root@GenericOMAP3(FlattenedDeviceTree):/test# 
