- 05:50:02 [INFO] Starting target session
- 05:50:03 [INFO] Connected to sdp3430 via serial 
- 05:50:03 [INFO] Host: #check prompt
- 05:50:05 [ERROR] On command: #check prompt waiting for (?-mix:((?-mix:.*\s+login)|[Pp]assword)) >>> error: execution expired
- 05:50:05 [INFO] Target: 
#check prompt
root@GenericOMAP3(FlattenedDeviceTree):/test# 
- 05:50:05 [INFO] Host: #check prompt
- 05:50:06 [INFO] Target: 
#check prompt
root@GenericOMAP3(FlattenedDeviceTree):/test# 
- 05:50:06 [INFO] Host: sync;poweroff
- 05:50:21 [INFO] Target: 
sync;poweroff
Broadcast message from root@GenericOMAPFe system is going down for system halt NOW!
INIT: Sending processes the TERM signal
root@GenericOMAP3(FlattenedDeviceTree):/test# 
INIT: Sending proceStopping Dropbear SSH server: stopped /usr/sbin/dropbear (pid 602)
dropbear.
Stopping telnet daemon.
Stopping system message bus: Error opening /dev/fb0: No such file or directory
Stopping syslogd/klogd: stopped syslogd (pid 614)
stopped klogd (pid 617)
done
Stopping thttpd.
ALSA: Storing mixer settings...
/usr/sbin/alsactl: save_state:1580: No soundcards found...
Deconfiguring network interfaces... ifdown: interface eth0 not configured
done.
Stopping Lighttpd Web Server: stopped /usr/sbin/lighttpd (pid 628)
lighttpd.
***************************************************************
***************************************************************
NOTICE: This file system contains the followin GPLv3 packages:
	binutils-symlinks
	binutils
	gdbserver
	parted
If you do not wish to distribute GPLv3 components please remove
the above packages prior to distribution.  This can be done using
the opkg remove command.  i.e.:
    opkg remove <package>
Where <package> is the name printed in the list above
NOTE: If the package is a dependency of another package you
      will be notified of the dependent packages.  You should
      use the --force-removal-of-dependent-packages option to
      also remove the dependent packages as well
***************************************************************
***************************************************************
Sending all processes the TERM signal...
Sending all processes the KILL signal...
Unmounting remote filesystems...
Deactivating swap...
Unmounting local filesystems...
[11994.354492] EXT4-fs (mmcblk0p2): re-mounted. Opts: data=ordered
[11996.517456] reboot: System halted
- 05:50:21 [INFO] Disconnected serial from sdp3430
- 05:50:22 [INFO] Connected to sdp3430 via serial 
- 05:50:22 [INFO] Host: 
- 05:50:23 [ERROR] On command:  waiting for (?-mix:OMAP34XX\sSDP\s#) >>> error: execution expired
- 05:50:23 [INFO] Target: 
- 05:50:23 [INFO] Host: 
- 05:50:23 [ERROR] On command:  waiting for (?-mix:OMAP34XX\sSDP\s#) >>> error: execution expired
- 05:50:24 [INFO] Target: 
- 05:50:24 [INFO] Host: 
- 05:50:24 [ERROR] On command:  waiting for (?-mix:OMAP34XX\sSDP\s#) >>> error: execution expired
- 05:50:24 [INFO] Target: 
U-Boot 2009.11-rc1-00485-g7d1e865 (Nov 09 2009 - 11:21:55)
OMAP3530-GP ES3.0, CPU-OPP2 L3-165MHz
OMAP3 SDP3430 board + LPDDR/NOR
I2C:   ready
DRAM:  128 MB
Flash: 128 MB
In:    serial
Out:   serial
Err:   serial
- 05:50:24 [INFO] Host: 
- 05:50:25 [INFO] Target: 
OMAP34XX SDP # 
OMAP34XX SDP # 
- 05:50:25 [INFO] Host: version
- 05:50:25 [INFO] Target: 
version
U-Boot 2009.11-rc1-00485-g7d1e865 (Nov 09 2009 - 11:21:55)
OMAP34XX SDP # 
- 05:50:25 [INFO] Host: bdinfo
- 05:50:26 [INFO] Target: 
bdinfo
arch_number = 0x00000472
env_t       = 0x00000000
boot_params = 0x80000100
DRAM bank   = 0x00000000
-> start    = 0x80000000
-> size     = 0x08000000
DRAM bank   = 0x00000001
-> start    = 0xA0000000
-> size     = 0x00000000
ethaddr     = 08:00:28:01:24:57
ip_addr     = 0.0.0.0
baudrate    = 115200 bps
OMAP34XX SDP # 
- 05:50:26 [INFO] Host: printenv
- 05:50:27 [INFO] Target: 
printenv
baudrate=115200
loadaddr=0x82000000
console=ttyS0,115200n8
mmcargs=setenv bootargs console=${console} root=/dev/mmcblk0p2 rw rootfstype=ext3 rootwait
norargs=setenv bootargs console=${console} root=/dev/mtdblock3 rw rootfstype=jffs2
loadbootscript=fatload mmc 0 ${loadaddr} boot.scr
bootscript=echo Running bootscript from MMC/SD ...; autoscr ${loadaddr}
loaduimage=fatload mmc 0 ${loadaddr} uImage
mmcboot=echo Booting from MMC/SD ...; run mmcargs; bootm ${loadaddr}
norboot=echo Booting from NOR ...; run norargs; bootm 0x80000
bootdelay=3
ethaddr=08:00:28:01:24:57
serverip=128.247.91.123
bootfile=/tftpboot/kernel/uImage.omap3430-sdp
bootcmd=dhcp;bootm
bootargs=console=ttyO0,115200n8 debug ignore_loglevel earlyprintk root=/dev/mmcblk0p2 rw rootfstype=ext3 rootwait nohlt
stdin=serial
stdout=serial
stderr=serial
Environment size: 818/262140 bytes
OMAP34XX SDP # 
- 05:50:27 [INFO] Host: setenv autoload 'no'
- 05:50:27 [INFO] Target: 
setenv autoload 'no'
OMAP34XX SDP # 
- 05:50:27 [INFO] Host: dhcp
- 05:50:29 [INFO] Target: 
dhcp
Using MAC Address 08:00:28:01:24:57
BOOTP broadcast 1
DHCP client bound to address 192.168.1.185
OMAP34XX SDP # 
- 05:50:29 [INFO] Host: setenv serverip 128.247.105.47
- 05:50:30 [INFO] Target: 
setenv serverip 128.247.105.47
OMAP34XX SDP # 
- 05:50:30 [INFO] Host: setenv bootargs 'console=ttyO0,115200n8 earlyprintk rootwait ip=dhcp root=/dev/mmcblk0p2 rw rootfstype=ext3 nohlt'
- 05:50:30 [INFO] Target: 
setenv bootargs 'console=ttyO0,115200n8 earlyprintk rootwait ip=dhcp root=/dev/mmcblk0p2 rw rootfstype=ext3 nohlt'
OMAP34XX SDP # 
- 05:50:30 [INFO] Host: setenv bootcmd 'tftp ${loadaddr} 128.247.105.47:vatf_7/6f6253b745cd59472fde03e883c72fd5; bootm ${loadaddr}'
- 05:50:31 [INFO] Target: 
setenv bootcmd 'tftp ${loadaddr} 128.247.105.47:vatf_7/6f6253b745cd59472fde03e883c72fd5; bootm ${loadaddr}'
OMAP34XX SDP # 
- 05:50:31 [INFO] Host: printenv
- 05:50:32 [INFO] Target: 
printenv
baudrate=115200
loadaddr=0x82000000
console=ttyS0,115200n8
mmcargs=setenv bootargs console=${console} root=/dev/mmcblk0p2 rw rootfstype=ext3 rootwait
norargs=setenv bootargs console=${console} root=/dev/mtdblock3 rw rootfstype=jffs2
loadbootscript=fatload mmc 0 ${loadaddr} boot.scr
bootscript=echo Running bootscript from MMC/SD ...; autoscr ${loadaddr}
loaduimage=fatload mmc 0 ${loadaddr} uImage
mmcboot=echo Booting from MMC/SD ...; run mmcargs; bootm ${loadaddr}
norboot=echo Booting from NOR ...; run norargs; bootm 0x80000
bootdelay=3
ethaddr=08:00:28:01:24:57
stdin=serial
stdout=serial
stderr=serial
autoload=no
bootfile=/tftpboot/kernel/uImage.omap3430-sdp
gatewayip=192.168.1.254
netmask=255.255.255.0
ipaddr=192.168.1.185
serverip=128.247.105.47
bootargs=console=ttyO0,115200n8 earlyprintk rootwait ip=dhcp root=/dev/mmcblk0p2 rw rootfstype=ext3 nohlt
bootcmd=tftp ${loadaddr} 128.247.105.47:vatf_7/6f6253b745cd59472fde03e883c72fd5; bootm ${loadaddr}
Environment size: 963/262140 bytes
OMAP34XX SDP # 
- 05:50:32 [INFO] Host: boot
- 05:51:41 [INFO] Target: 
boot
Using MAC Address 08:00:28:01:24:57
TFTP from server 128.247.105.47; our IP address is 192.168.1.185; sending through gateway 192.168.1.254
Filename 'vatf_7/6f6253b745cd59472fde03e883c72fd5'.
Load address: 0x82000000
Loading: *#################################################################
	 #################################################################
	 #################################################################
	 #################################################################
	 #########################################################
done
Bytes transferred = 4652009 (46fbe9 hex)
## Booting kernel from Legacy Image at 82000000 ...
   Image Name:   Linux-3.18.0-rc3-next-20141110-0
   Image Type:   ARM Linux Kernel Image (uncompressed)
   Data Size:    4651945 Bytes =  4.4 MB
   Load Address: 80800000
   Entry Point:  80800000
   Verifying Checksum ... OK
   Loading Kernel Image ... OK
Starting kernel ...
[    0.000000] Booting Linux on physical CPU 0x0
[    0.000000] Initializing cgroup subsys cpuset
[    0.000000] Initializing cgroup subsys cpu
[    0.000000] Initializing cgroup subsys cpuacct
[    0.000000] Linux version 3.18.0-rc3-next-20141110-00002-g41cdba9 (nmenon@kahuna) (gcc version 4.6.3 (Ubuntu/Linaro 4.6.3-1ubuntu5) ) #1 SMP Mon Nov 10 05:46:25 CST 2014
[    0.000000] CPU: ARMv7 Processor [411fc083] revision 3 (ARMv7), cr=10c5387d
[    0.000000] CPU: PIPT / VIPT nonaliasing data cache, VIPT nonaliasing instruction cache
[    0.000000] Machine model: TI OMAP3430 SDP
[    0.000000] cma: Reserved 16 MiB at 0x86800000
[    0.000000] Memory policy: Data cache writeback
[    0.000000]   HighMem zone: 1048574 pages exceeds freesize 0
[    0.000000] CPU: All CPU(s) started in SVC mode.
[    0.000000] OMAP3430/3530 ES3.0 (l2cache iva sgx neon isp )
[    0.000000] PERCPU: Embedded 11 pages/cpu @c7d5f000 s14848 r8192 d22016 u45056
[    0.000000] Built 1 zonelists in Zone order, mobility grouping on.  Total pages: 32224
[    0.000000] Kernel command line: console=ttyO0,115200n8 earlyprintk rootwait ip=dhcp root=/dev/mmcblk0p2 rw rootfstype=ext3 nohlt
[    0.000000] PID hash table entries: 512 (order: -1, 2048 bytes)
[    0.000000] Dentry cache hash table entries: 16384 (order: 4, 65536 bytes)
[    0.000000] Inode-cache hash table entries: 8192 (order: 3, 32768 bytes)
[    0.000000] Memory: 94180K/130048K available (6020K kernel code, 674K rwdata, 2288K rodata, 424K init, 8227K bss, 19484K reserved, 16384K cma-reserved, 0K highmem)
[    0.000000] Virtual kernel memory layout:
[    0.000000]     vector  : 0xffff0000 - 0xffff1000   (   4 kB)
[    0.000000]     fixmap  : 0xffc00000 - 0xffe00000   (2048 kB)
[    0.000000]     vmalloc : 0xc8800000 - 0xff000000   ( 872 MB)
[    0.000000]     lowmem  : 0xc0000000 - 0xc8000000   ( 128 MB)
[    0.000000]     pkmap   : 0xbfe00000 - 0xc0000000   (   2 MB)
[    0.000000]     modules : 0xbf000000 - 0xbfe00000   (  14 MB)
[    0.000000]       .text : 0xc0008000 - 0xc08252c4   (8309 kB)
[    0.000000]       .init : 0xc0826000 - 0xc0890000   ( 424 kB)
[    0.000000]       .data : 0xc0890000 - 0xc0938b58   ( 675 kB)
[    0.000000]        .bss : 0xc0938b58 - 0xc11419b8   (8228 kB)
[    0.000000] Hierarchical RCU implementation.
[    0.000000] 	RCU restricting CPUs from NR_CPUS=2 to nr_cpu_ids=1.
[    0.000000] RCU: Adjusting geometry for rcu_fanout_leaf=16, nr_cpu_ids=1
[    0.000000] NR_IRQS:16 nr_irqs:16 16
[    0.000000] IRQ: Found an INTC at 0xfa200000 (revision 4.0) with 96 interrupts
[    0.000000] Clocking rate (Crystal/Core/MPU): 26.0/332/500 MHz
[    0.000000] OMAP clockevent source: timer1 at 32768 Hz
[    0.000030] sched_clock: 32 bits at 32kHz, resolution 30517ns, wraps every 65536000000000ns
[    0.000061] OMAP clocksource: 32k_counter at 32768 Hz
[    0.001556] Console: colour dummy device 80x30
[    0.001678] Lock dependency validator: Copyright (c) 2006 Red Hat, Inc., Ingo Molnar
[    0.001678] ... MAX_LOCKDEP_SUBCLASSES:  8
[    0.001708] ... MAX_LOCK_DEPTH:          48
[    0.001708] ... MAX_LOCKDEP_KEYS:        8191
[    0.001739] ... CLASSHASH_SIZE:          4096
[    0.001739] ... MAX_LOCKDEP_ENTRIES:     32768
[    0.001770] ... MAX_LOCKDEP_CHAINS:      65536
[    0.001770] ... CHAINHASH_SIZE:          32768
[    0.001800]  memory used by lock dependency info: 5167 kB
[    0.001831]  per task-struct memory footprint: 1152 bytes
[    0.001861] Calibrating delay loop... 496.43 BogoMIPS (lpj=2482176)
[    0.106994] pid_max: default: 32768 minimum: 301
[    0.107727] Security Framework initialized
[    0.108093] Mount-cache hash table entries: 1024 (order: 0, 4096 bytes)
[    0.108123] Mountpoint-cache hash table entries: 1024 (order: 0, 4096 bytes)
[    0.113189] Initializing cgroup subsys memory
[    0.113342] Initializing cgroup subsys devices
[    0.113494] Initializing cgroup subsys freezer
[    0.113647] Initializing cgroup subsys blkio
[    0.113800] Initializing cgroup subsys perf_event
[    0.113952] CPU: Testing write buffer coherency: ok
[    0.116302] CPU0: thread -1, cpu 0, socket -1, mpidr 0
[    0.116546] Setting up static identity map for 0x805b4318 - 0x805b4388
[    0.124023] Brought up 1 CPUs
[    0.124053] SMP: Total of 1 processors activated.
[    0.124053] CPU: All CPU(s) started in SVC mode.
[    0.130065] devtmpfs: initialized
[    0.134094] VFP support v0.3: implementor 41 architecture 3 part 30 variant c rev 1
[    0.237487] omap_hwmod: mcbsp2_sidetone using broken dt data from mcbsp
[    0.240417] omap_hwmod: mcbsp3_sidetone using broken dt data from mcbsp
[    0.371368] pinctrl core: initialized pinctrl subsystem
[    0.373992] Driver 'reg-dummy' needs an owner
[    0.506744] NET: Registered protocol family 16
[    0.518859] DMA: preallocated 256 KiB pool for atomic coherent allocations
[    0.519653] Driver 'omap-gpmc' needs an owner
[    0.520599] Driver 'omap_gpio' needs an ownerDriver 'sram' needs an owner
[    0.522583] Driver 'syscon' needs an ownerDriver 'dummy' needs an owner
[    0.523895] cpuidle: using governor ladder
[    0.523956] cpuidle: using governor menu
[    0.523986] Driver 'omap_l3_smx' needs an owner
[    0.524261] omap_l3_smx omap_l3_smx.0: couldn't request debug irq
[    0.524383] omap_l3_smx: probe of omap_l3_smx.0 failed with error -22
[    0.524871] Driver 'omap_l3_noc' needs an owner
[    0.536682] Reprogramming SDRC clock to 332000000 Hz
[    0.556549] OMAP GPIO hardware version 2.5
[    0.612854] omap-gpmc 6e000000.gpmc: GPMC revision 5.0
[    0.614654] gpmc_probe_nand_child: ti,elm-id property not found
[    0.614929] gpmc_cs_program_settings: invalid width 0!
[    0.620452] No ATAGs?[    0.620513] hw-breakpoint: debug architecture 0x4 unsupported.
[    0.620574] Driver 'edma' needs an owner
[    0.624237] Driver 'omap_dma_system' needs an owner[    0.625305] OMAP DMA hardware revision 4.0
[    0.669006] Driver 'omap-control-phy' needs an owner
[    0.669982] Driver 'twl4030_gpio' needs an ownerDriver 'edma-dma-engine' needs an owner
[    0.673126] Driver 'omap-dma-engine' needs an owner[    0.747924] omap-dma-engine 48056000.dma-controller: OMAP DMA engine driver
[    0.748718] Driver 'reg-fixed-voltage' needs an owner
[    0.749359] Driver 'palmas-pmic' needs an ownerDriver 'tps65023' needs an owner
[    0.750457] Driver 'tps6507x-pmic' needs an ownerDriver 'tps65217-pmic' needs an owner
[    0.751220] Driver 'tps65910-pmic' needs an ownerDriver 'twl_reg' needs an owner
[    0.754211] Driver 'tps65217' needs an ownerDriver 'tps65910' needs an owner
[    0.754669] Driver 'palmas' needs an owner[    0.756072] SCSI subsystem initialized
[    0.756500] Driver 'Generic PHY' needs an owner
[    0.756683] Driver 'Generic 10G PHY' needs an ownerDriver 'usbfs' needs an owner
[    0.757690] usbcore: registered new interface driver usbfs
[    0.757751] Driver 'hub' needs an owner
[    0.758087] usbcore: registered new interface driver hub
[    0.758178] Driver 'usb' needs an owner
[    0.758361] usbcore: registered new device driver usb
[    0.758422] Driver 'usb_phy_generic' needs an owner
[    0.759735] Driver 'omap_i2c' needs an owner[    0.768280] omap_i2c 48070000.i2c: bus 0 rev3.3 at 2600 kHz
[    0.770446] omap_i2c 48072000.i2c: bus 1 rev3.3 at 100 kHz
[    0.772491] omap_i2c 48060000.i2c: bus 2 rev3.3 at 100 kHz
[    0.781066] Switched to clocksource 32k_counter
[    1.073425] NET: Registered protocol family 2
[    1.076568] TCP established hash table entries: 1024 (order: 0, 4096 bytes)
[    1.076843] TCP bind hash table entries: 1024 (order: 3, 36864 bytes)
[    1.077514] TCP: Hash tables configured (established 1024 bind 1024)
[    1.077880] TCP: reno registered
[    1.077941] UDP hash table entries: 256 (order: 2, 20480 bytes)
[    1.078308] UDP-Lite hash table entries: 256 (order: 2, 20480 bytes)
[    1.080383] NET: Registered protocol family 1
[    1.083251] RPC: Registered named UNIX socket transport module.
[    1.083282] RPC: Registered udp transport module.
[    1.083312] RPC: Registered tcp transport module.
[    1.083343] RPC: Registered tcp NFSv4.1 backchannel transport module.
[    1.085327] Driver 'arm-pmu' needs an owner
[    1.085968] hw perfevents: enabled with armv7_cortex_a8 PMU driver, 5 counters available
[    1.087188] Driver 'omap_timer' needs an owner
[    1.093841] Driver 'alarmtimer' needs an owner[    1.096832] futex hash table entries: 256 (order: 2, 16384 bytes)
[    1.097198] audit: initializing netlink subsys (disabled)
[    1.097595] audit: type=2000 audit(1.080:1): initialized
[    1.105957] VFS: Disk quotas dquot_6.5.2
[    1.106231] Dquot-cache hash table entries: 1024 (order 0, 4096 bytes)
[    1.111206] NFS: Registering the id_resolver key type
[    1.111938] Key type id_resolver registered
[    1.111968] Key type id_legacy registered
[    1.112335] jffs2: version 2.2. (NAND) (SUMMARY)   2001-2006 Red Hat, Inc.
[    1.120544] io scheduler noop registered
[    1.120605] io scheduler deadline registered
[    1.120788] io scheduler cfq registered (default)
[    1.121215] Driver 'omap-ocp2scp' needs an owner
[    1.122131] Driver 'omap-usb2' needs an ownerDriver 'ti-pipe3' needs an owner
[    1.123565] Driver 'pinctrl-single' needs an owner[    1.126342] pinctrl-single 48002030.pinmux: 284 pins at pa fa002030 size 568
[    1.127319] pinctrl-single 48002a00.pinmux: 46 pins at pa fa002a00 size 92
[    1.128631] pinctrl-single 480025d8.pinmux: 18 pins at pa fa0025d8 size 36
[    1.128875] Driver 'twl-pwm' needs an owner
[    1.129547] Driver 'twl-pwmled' needs an ownerDriver 'platform-lcd' needs an owner
[    1.132385] Driver 'omapvrfb' needs an ownerDriver 'pbias-regulator' needs an owner
[    1.135833] Driver 'ti_abb' needs an ownerDriver 'tps65218-pmic' needs an owner
[    1.138549] Serial: 8250/16550 driver, 4 ports, IRQ sharing enabled
[    1.147949] Driver 'serial8250' needs an owner
[    1.148620] Driver 'of_serial' needs an ownerDriver 'omap_uart' needs an owner
[    1.150512] omap_uart 4806a000.serial: no wakeirq for uart0
[    1.152160] omap_uart 4806a000.serial: ttyO0 at MMIO 0x4806a000 (irq = 224, base_baud = 3000000) is a OMAP UART0
[    2.110687] console [ttyO0] enabled
[    2.118896] omap_uart 4806c000.serial: no wakeirq for uart0
[    2.125701] omap_uart 4806c000.serial: ttyO1 at MMIO 0x4806c000 (irq = 225, base_baud = 3000000) is a OMAP UART1
[    2.139038] omap_uart 49020000.serial: no wakeirq for uart0
[    2.145599] omap_uart 49020000.serial: ttyO2 at MMIO 0x49020000 (irq = 226, base_baud = 3000000) is a OMAP UART2
[    2.158721] Driver 'omap_rng' needs an owner
[    2.163879] Driver 'omap3-rom-rng' needs an owner[    2.213439] brd: module loaded
[    2.244201] loop: module loaded
[    2.247589] Driver 'tps65218' needs an owner
[    2.252319] Driver 'menelaus' needs an ownerDriver 'twl' needs an owner
[    2.275299] twl 0-0048: PIH (irq 291) chaining IRQs 292..300
[    2.282196] twl 0-0048: power (irq 297) chaining IRQs 300..307
[    2.362792] twl4030_gpio twl4030-gpio: gpio (irq 292) chaining IRQs 308..325
[    2.382324] Driver 'twl4030_power' needs an owner
[    2.388275] Driver 'twl4030-audio' needs an ownerDriver 'twl6040' needs an owner
[    2.397644] Driver 'sd' needs an owner[    2.404937] mtdoops: mtd device (mtddev=name/number) must be supplied
[    2.412078] Driver 'omap2-nand' needs an owner
[    2.417144] Driver 'omap2-onenand' needs an owner[    2.423004] omap2-onenand omap2-onenand: initializing on CS2, phys base 0x20000000, virtual base c8880000, freq 0 MHz
[    2.434356] Muxed OneNAND 256MB 1.8V 16-bit (0x40)
[    2.439422] OneNAND version = 0x002c
[    2.445281] Scanning device for bad blocks
[    2.453094] OneNAND eraseblock 51 is an initial bad block
[    2.462860] OneNAND eraseblock 119 is an initial bad block
[    2.503784] OneNAND eraseblock 718 is an initial bad block
[    2.569732] OneNAND eraseblock 1746 is an initial bad block
[    2.593475] 5 ofpart partitions found on MTD device omap2-onenand
[    2.599945] Creating 5 MTD partitions on "omap2-onenand":
[    2.605712] 0x000000000000-0x000000080000 : "xloader-onenand"
[    2.621978] 0x000000080000-0x0000000c0000 : "bootloader-onenand"
[    2.634521] 0x0000000c0000-0x0000000e0000 : "params-onenand"
[    2.646697] 0x0000000e0000-0x0000002e0000 : "kernel-onenand"
[    2.658843] 0x0000002e0000-0x000010000000 : "filesystem-onenand"
[    2.685577] Driver 'omap2_mcspi' needs an owner
[    2.698089] Driver 'SMSC LAN83C185' needs an ownerDriver 'SMSC LAN8187' needs an owner
[    2.707000] Driver 'SMSC LAN8700' needs an ownerDriver 'SMSC LAN911x Internal PHY' needs an owner
[    2.716827] Driver 'SMSC LAN8710/LAN8720' needs an ownerDriver 'Atheros 8035 ethernet' needs an owner
[    2.727111] Driver 'Atheros 8030 ethernet' needs an ownerDriver 'Atheros 8031 ethernet' needs an owner
[    2.737396] Driver 'ks8851' needs an ownerDriver 'ks8851_mll' needs an owner
[    2.745971] Driver 'smc91x' needs an ownerDriver 'smsc911x' needs an owner
[    2.754974] Driver 'davinci_mdio' needs an ownerDriver 'cpsw-phy-sel' needs an owner
[    2.764892] Driver 'asix' needs an owner[    2.769439] usbcore: registered new interface driver asix
[    2.775268] Driver 'ax88179_178a' needs an owner
[    2.780212] usbcore: registered new interface driver ax88179_178a
[    2.786956] Driver 'cdc_ether' needs an owner
[    2.791687] usbcore: registered new interface driver cdc_ether
[    2.798065] Driver 'smsc95xx' needs an owner
[    2.802795] usbcore: registered new interface driver smsc95xx
[    2.809082] Driver 'net1080' needs an owner
[    2.813629] usbcore: registered new interface driver net1080
[    2.819824] Driver 'cdc_subset' needs an owner
[    2.824645] usbcore: registered new interface driver cdc_subset
[    2.831146] Driver 'zaurus' needs an owner
[    2.835601] usbcore: registered new interface driver zaurus
[    2.841796] Driver 'cdc_ncm' needs an owner
[    2.846405] usbcore: registered new interface driver cdc_ncm
[    2.854492] Driver 'cdc_wdm' needs an owner
[    2.859039] usbcore: registered new interface driver cdc_wdm
[    2.865356] Driver 'usb-storage' needs an owner
[    2.870330] usbcore: registered new interface driver usb-storage
[    2.876953] Driver 'usbtest' needs an owner
[    2.881652] usbcore: registered new interface driver usbtest
[    2.887847] Driver 'am335x-control-usb' needs an owner
[    2.894042] Driver 'am335x-phy-driver' needs an owner[    2.902984] mousedev: PS/2 mouse device common for all mice
[    2.908966] Driver 'atkbd' needs an owner
[    2.913970] Driver 'twl4030_keypad' needs an owner[    2.920135] twl4030_keypad 48070000.i2c:twl@48:keypad: OF: linux,keymap property not defined in /ocp/i2c@48070000/twl@48/keypad
[    2.932403] twl4030_keypad 48070000.i2c:twl@48:keypad: Failed to build keymap
[    2.940063] twl4030_keypad: probe of 48070000.i2c:twl@48:keypad failed with error -2
[    2.949737] Driver 'psmouse' needs an owner
[    2.954589] Driver 'twl4030_pwrbutton' needs an owner[    2.964111] input: twl4030_pwrbutton as /devices/platform/68000000.ocp/48070000.i2c/i2c-0/0-0048/48070000.i2c:twl@48:pwrbutton/input/input1
[    2.980621] Driver 'omap_rtc' needs an owner
[    2.986175] Driver 'twl_rtc' needs an owner[    2.992004] twl_rtc 48070000.i2c:twl@48:rtc: Power up reset detected.
[    2.999114] twl_rtc 48070000.i2c:twl@48:rtc: Enabling TWL-RTC
[    3.012359] twl_rtc 48070000.i2c:twl@48:rtc: rtc core: registered 48070000.i2c:twl@48 as rtc0
[    3.023010] i2c /dev entries driver
[    3.031524] Driver for 1-wire Dallas network protocol.
[    3.037261] Driver 'w1_master_driver' needs an owner
[    3.042663] Driver 'w1_slave_driver' needs an ownerDriver 'ti-soc-thermal' needs an owner
[    3.052795] Driver 'omap_wdt' needs an owner[    3.061767] omap_wdt: OMAP Watchdog Timer Rev 0x31: initial timeout 60 sec
[    3.069702] Driver 'twl4030_wdt' needs an owner
[    3.077239] Driver 'mmcblk' needs an owner[    3.081695] Driver 'mmcblk' needs updating - please use bus_type methods
[    3.089111] Driver 'sdio_uart' needs an owner
[    3.093841] Driver 'mmci-omap' needs an ownerDriver 'omap_hsmmc' needs an owner
[    3.151947] Driver 'leds-gpio' needs an owner
[    3.157379] ledtrig-cpu: registered to indicate activity on CPUs
[    3.164489] Driver 'hid-generic' needs an owner
[    3.169372] Driver 'usbhid' needs an owner[    3.174194] usbcore: registered new interface driver usbhid
[    3.180084] usbhid: USB HID core driver
[    3.184234] Driver 'dra7-atl' needs an owner
[    3.189483] Driver 'palmas-usb' needs an ownerDriver 'oprofile-perf' needs an owner
[    3.200012] oprofile: using arm/armv7
[    3.205413] TCP: cubic registered
[    3.208984] Initializing XFRM netlink socket
[    3.213836] NET: Registered protocol family 17
[    3.218627] NET: Registered protocol family 15
[    3.224029] Key type dns_resolver registered
[    3.229034] omap2_set_init_voltage: unable to find boot up OPP for vdd_mpu_iva
[    3.236755] omap2_set_init_voltage: unable to set vdd_mpu_iva
[    3.242919] omap2_set_init_voltage: unable to find boot up OPP for vdd_core
[    3.250274] omap2_set_init_voltage: unable to set vdd_core
[    3.259643] PM: no software I/O chain control; some wakeups may be lost
[    3.269989] ThumbEE CPU extension supported.
[    3.274658] Registering SWP/SWPB emulation handler
[    3.279785] SmartReflex Class3 initialized
[    3.296630] Driver 'cpsw' needs an owner
[    3.301818] Driver 'gpio-keys' needs an owner[    3.310150] twl_rtc 48070000.i2c:twl@48:rtc: setting system clock to 2000-01-01 00:00:00 UTC (946684800)
[    3.320343] sr_init: No PMIC hook to init smartreflex
[    3.325744] Driver 'smartreflex' needs an owner
[    3.331176] smartreflex smartreflex.0: omap_sr_probe: SmartReflex driver initialized
[    3.340057] smartreflex smartreflex.0: omap_sr_probe: smartreflex_mpu_iva: No Voltage table for the corresponding vdd. Cannot create debugfs entries for n-values
[    3.356231] smartreflex: probe of smartreflex.0 failed with error -61
[    3.363464] smartreflex smartreflex.1: omap_sr_probe: SmartReflex driver initialized
[    3.372100] smartreflex smartreflex.1: omap_sr_probe: smartreflex_core: No Voltage table for the corresponding vdd. Cannot create debugfs entries for n-values
[    3.387512] smartreflex: probe of smartreflex.1 failed with error -61
[    3.394622] sr_init: platform driver register failed for SR
[    3.551177] mmc0: host does not support reading read-only switch, assuming write-enable
[    3.562164] mmc0: new high speed SD card at address b368
[    3.571716] mmcblk0: mmc0:b368 SD    1.88 GiB 
[    3.586639]  mmcblk0: p1 p2
[   15.632324] VPLL2: disabling
[   15.636383] VUSB3V1: disabling
[   15.640533] VUSB1V8: disabling
[   15.644805] VUSB1V5: disabling
[   15.649291] VDAC: disabling
[   15.653564] VAUX3: disabling
[   15.678588] kjournald starting.  Commit interval 5 seconds
[   15.690368] EXT3-fs (mmcblk0p2): using internal journal
[   15.696014] EXT3-fs (mmcblk0p2): mounted filesystem with ordered data mode
[   15.703552] VFS: Mounted root (ext3 filesystem) on device 179:2.
[   15.715515] devtmpfs: mounted
[   15.720458] Freeing unused kernel memory: 424K (c0826000 - c0890000)
INIT: version 2.88 booting
Error opening /dev/fb0: No such file or directory
/dev/ttyO0 linked to /dev/tty-bd - using as console
Starting udev
[   17.319030] udevd[91]: starting version 182
[   31.012329] FAT-fs (mmcblk0p1): Invalid FSINFO signature: 0x00000000, 0x00000000 (sector = 17554)
[   31.022979] FAT-fs (mmcblk0p1): error, invalid access to FAT (entry 0x13ee6402)
[   31.030731] FAT-fs (mmcblk0p1): Filesystem has been set read-only
[   31.197937] FAT-fs (mmcblk0p1): Invalid FSINFO signature: 0x00000000, 0x00000000 (sector = 17554)
[   31.207611] FAT-fs (mmcblk0p1): error, invalid access to FAT (entry 0x13ee6402)
[   31.215423] FAT-fs (mmcblk0p1): Filesystem has been set read-only
[   31.242279] FAT-fs (mmcblk0p1): Invalid FSINFO signature: 0x00000000, 0x00000000 (sector = 17554)
[   31.252624] FAT-fs (mmcblk0p1): error, invalid access to FAT (entry 0x13ee6402)
[   31.260375] FAT-fs (mmcblk0p1): Filesystem has been set read-only
[   31.796722] FAT-fs (mmcblk0p1): Invalid FSINFO signature: 0x00000000, 0x00000000 (sector = 17554)
[   31.806396] FAT-fs (mmcblk0p1): error, invalid access to FAT (entry 0x13ee6402)
[   31.814208] FAT-fs (mmcblk0p1): Filesystem has been set read-only
[   31.891693] FAT-fs (mmcblk0p1): Invalid FSINFO signature: 0x00000000, 0x00000000 (sector = 17554)
[   31.901336] FAT-fs (mmcblk0p1): error, invalid access to FAT (entry 0x13ee6402)
[   31.909057] FAT-fs (mmcblk0p1): Filesystem has been set read-only
[   31.918762] FAT-fs (mmcblk0p1): Invalid FSINFO signature: 0x00000000, 0x00000000 (sector = 17554)
[   31.928527] FAT-fs (mmcblk0p1): error, invalid access to FAT (entry 0x13ee6402)
[   31.936340] FAT-fs (mmcblk0p1): Filesystem has been set read-only
ERROR: could not open directory /lib/modules/3.18.0-rc3-next-20141110-00002-g41cdba9: No such file or directory
WARNING: -e needs -E or -F
ERROR: could not open directory /lib/modules/3.18.0-rc3-next-20141110-00002-g41cdba9: No such file or directory
FATAL: could not search modules: No such file or directory
Starting Bootlog daemon: bootlogd: cannot allocate pseudo tty: No such file or directory
bootlogd.
[   32.865081] random: dd urandom read with 90 bits of entropy available
ALSA: Restoring mixer settings...
/usr/sbin/alsactl: load_state:1696: No soundcards found...
Configuring network interfaces... ifconfig: SIOCGIFFLAGS: No such device
done.
Fri Sep  5 15:56:00 UTC 2014
INIT: Entering runlevel: 3
/dev/ttyO0 linked to /dev/tty-bd - using as console
Starting system message bus: dbus.
Starting Dropbear SSH server: dropbear.
Starting telnet daemon.
Starting syslogd/klogd: done
Starting thttpd.
Starting Lighttpd Web Server: lighttpd.
2014-09-05 15:56:01: (log.c.166) server started 
[   38.690887] random: nonblocking pool is initialized
***************************************************************
***************************************************************
NOTICE: This file system contains the followin GPLv3 packages:
	binutils-symlinks
	binutils
	gdbserver
	parted
If you do not wish to distribute GPLv3 components please remove
the above packages prior to distribution.  This can be done using
the opkg remove command.  i.e.:
    opkg remove <package>
Where <package> is the name printed in the list above
NOTE: If the package is a dependency of another package you
      will be notified of the dependent packages.  You should
      use the --force-removal-of-dependent-packages option to
      also remove the dependent packages as well
***************************************************************
***************************************************************
Stopping Bootlog daemon: bootlogd.
 _____                    _____           _         _   
|  _  |___ ___ ___ ___   |  _  |___ ___  |_|___ ___| |_ 
|     |  _| .'| . | . |  |   __|  _| . | | | -_|  _|  _|
|__|__|_| |__,|_  |___|  |__|  |_| |___|_| |___|___|_|  
              |___|                    |___|            
Arago Project http://arago-project.org GenericOMAP3(FlattenedDeviceTree) tty-bd
Arago 2013.12 GenericOMAP3(FlattenedDeviceTree) tty-bd
GenericOMAP3(FlattenedDeviceTree) login: 
- 05:51:41 [INFO] Host: root
- 05:51:41 [INFO] Target: 
root
root@GenericOMAP3(FlattenedDeviceTree):~# 
- 05:51:41 [INFO] Host: uname -a
- 05:51:42 [INFO] Target: 
uname -a
Linux GenericOMAP3(FlattenedDeviceTree) 3.18.0-rc3-next-20141110-00002-g41cdba9 #1 SMP Mon Nov 10 05:46:25 CST 2014 armv7l GNU/Linux
root@GenericOMAP3(FlattenedDeviceTree):~# 
- 05:51:42 [INFO] Host: cat /proc/cmdline
- 05:51:43 [INFO] Target: 
cat /proc/cmdline
console=ttyO0,115200n8 earlyprintk rootwait ip=dhcp root=/dev/mmcblk0p2 rw rootfstype=ext3 nohlt
root@GenericOMAP3(FlattenedDeviceTree):~# 
- 05:51:43 [INFO] Host: uname -a
- 05:51:43 [INFO] Target: 
uname -a
Linux GenericOMAP3(FlattenedDeviceTree) 3.18.0-rc3-next-20141110-00002-g41cdba9 #1 SMP Mon Nov 10 05:46:25 CST 2014 armv7l GNU/Linux
root@GenericOMAP3(FlattenedDeviceTree):~# 
- 05:51:43 [INFO] Host: cat /proc/mtd
- 05:51:44 [INFO] Target: 
cat /proc/mtd
dev:    size   erasesize  name
mtd0: 00080000 00020000 "xloader-onenand"
mtd1: 00040000 00020000 "bootloader-onenand"
mtd2: 00020000 00020000 "params-onenand"
mtd3: 00200000 00020000 "kernel-onenand"
mtd4: 0fd20000 00020000 "filesystem-onenand"
root@GenericOMAP3(FlattenedDeviceTree):~# 
- 05:51:52 [INFO] Host: export IPERFHOST=128.247.105.47
- 05:51:53 [INFO] Target: 
export IPERFHOST=128.247.105.47
root@GenericOMAP3(FlattenedDeviceTree):~# 
- 05:51:53 [INFO] Host: export NFS_SERVER=128.247.105.47
- 05:51:53 [INFO] Target: 
export NFS_SERVER=128.247.105.47
root@GenericOMAP3(FlattenedDeviceTree):~# 
- 05:51:53 [INFO] Host: export NFS_ROOT_PATH=/usr/workdir/filesys/linux/sdp3430
- 05:51:54 [INFO] Target: 
export NFS_ROOT_PATH=/usr/workdir/file 
sys/linux/sdp3430
root@GenericOMAP3(FlattenedDeviceTree):~# 
- 05:51:54 [INFO] Host: mkdir -p -m 777 /test
- 05:51:55 [INFO] Target: 
mkdir -p -m 777 /test
root@GenericOMAP3(FlattenedDeviceTree):~# 
- 05:51:55 [INFO] Host: cd /test
- 05:51:55 [INFO] Target: 
cd /test
root@GenericOMAP3(FlattenedDeviceTree):/test# 
- 05:51:55 [INFO] Host: cat > test.sh << EOF
- 05:51:56 [INFO] Target: 
cat > test.sh << EOF
- 05:51:56 [INFO] Host: failtest() {
- 05:51:56 [INFO] Target: 
failtest() {
- 05:51:56 [INFO] Host:   echo 1 >&3
- 05:51:57 [INFO] Target: 
  echo 1 >&3
- 05:51:57 [INFO] Host: }
- 05:51:58 [INFO] Target: 
- 05:51:58 [INFO] Host: timeout=600
- 05:51:58 [INFO] Target: 
timeout=600
- 05:51:58 [INFO] Host: 
- 05:51:59 [INFO] Target: 
- 05:51:59 [INFO] Host: # Start of user's script logic
- 05:51:59 [INFO] Target: 
# Start of user's script logic
- 05:51:59 [INFO] Host: 
- 05:52:00 [INFO] Target: 
- 05:52:00 [INFO] Host: 
- 05:52:00 [INFO] Target: 
- 05:52:00 [INFO] Host: mount -t proc proc /proc 2>/dev/null;
- 05:52:01 [INFO] Target: 
mount -t proc proc /proc 2>/dev/null;
- 05:52:01 [INFO] Host: 
- 05:52:02 [INFO] Target: 
- 05:52:02 [INFO] Host: mount -t sysfs sys /sys 2>/dev/null;
- 05:52:02 [INFO] Target: 
mount -t sysfs sys /sys 2>/dev/null;
- 05:52:02 [INFO] Host: 
- 05:52:03 [INFO] Target: 
- 05:52:03 [INFO] Host: mount -t debugfs none /sys/kernel/debug 2>/dev/null;
- 05:52:03 [INFO] Target: 
mount -t debugfs none /sys/kernel/debug 2>/dev/null;
- 05:52:03 [INFO] Host: 
- 05:52:04 [INFO] Target: 
- 05:52:04 [INFO] Host: echo 'cpuinfo:';cat /proc/cpuinfo; echo '=======';
- 05:52:05 [INFO] Target: 
echo 'cpuinfo:';cat /proc/cpuinfo; echo '=======';
- 05:52:05 [INFO] Host: 
- 05:52:05 [INFO] Target: 
- 05:52:05 [INFO] Host: echo 'soc info:';head /sys/devices/soc0/* 2>/dev/null; echo '=======';
- 05:52:06 [INFO] Target: 
echo 'soc info:';head /sys/devices/soc0/* 2>/dev/null; echo '=======';
- 05:52:06 [INFO] Host: 
- 05:52:06 [INFO] Target: 
- 05:52:06 [INFO] Host: echo 'DT Model info'; head /proc/device-tree/name /proc/device-tree/model /proc/device-tree/compatible 2>/dev/null;echo; echo '=======';
- 05:52:07 [INFO] Target: 
echo 'DT Model info'; head /proc/device-tree/name /proc/device-tree/model /pro 
c/device-tree/compatible 2>/dev/null;echo; echo '=======';
- 05:52:07 [INFO] Host: 
- 05:52:07 [INFO] Target: 
- 05:52:08 [INFO] Host: echo 'interrupts:';cat /proc/interrupts; echo '=======';
- 05:52:08 [INFO] Target: 
echo 'interrupts:';cat /proc/interrupts; echo '=======';
- 05:52:08 [INFO] Host: 
- 05:52:09 [INFO] Target: 
- 05:52:09 [INFO] Host: echo 'Clk_summary:';cat /sys/kernel/debug/clk/clk_summary; echo '=======';
- 05:52:09 [INFO] Target: 
echo 'Clk_summary:';cat /sys/kernel/debug/clk/clk_summary; echo '=======';
- 05:52:09 [INFO] Host: 
- 05:52:10 [INFO] Target: 
- 05:52:10 [INFO] Host: echo 'Orphan Clks:';ls /sys/kernel/debug/clk/orphans/; echo '=======';
- 05:52:10 [INFO] Target: 
echo 'Orphan Clks:';ls /sys/kernel/debug/clk/orphans/; echo '=======';
- 05:52:10 [INFO] Host: 
- 05:52:11 [INFO] Target: 
- 05:52:11 [INFO] Host: echo "Available frequencies"; cat /sys/devices/system/cpu/cpu0/cpufreq/scaling_available_frequencies 2>/dev/null;echo '=======';
- 05:52:12 [INFO] Target: 
echo "Available frequencies"; cat /sys/devices/system/cpu/cpu0/cpufreq/scaling 
_available_frequencies 2>/dev/null;echo '=======';
- 05:52:12 [INFO] Host: 
- 05:52:12 [INFO] Target: 
- 05:52:12 [INFO] Host: echo 'H''ello World' 'B''oard Booted';
- 05:52:13 [INFO] Target: 
echo 'H''ello World' 'B''oard Booted';
- 05:52:13 [INFO] Host: 
- 05:52:13 [INFO] Target: 
- 05:52:13 [INFO] Host: EOF
- 05:52:14 [INFO] Target: 
root@GenericOMAP3(FlattenedDeviceTree):/test# 
- 05:52:14 [INFO] Host: cd /test
- 05:52:15 [INFO] Target: 
cd /test
root@GenericOMAP3(FlattenedDeviceTree):/test# 
- 05:52:15 [INFO] Host: chmod +x test.sh
- 05:52:15 [INFO] Target: 
chmod +x test.sh
root@GenericOMAP3(FlattenedDeviceTree):/test# 
- 05:52:15 [INFO] Host: ./test.sh 2> stderr.log > stdout.log 3> result.log
- 05:52:16 [INFO] Target: 
./test.sh 2> stderr.log > stdout.l 
og 3> result.log
root@GenericOMAP3(FlattenedDeviceTree):/test# 
- 05:52:16 [INFO] Host: echo $?
- 05:52:16 [INFO] Target: 
echo $?
root@GenericOMAP3(FlattenedDeviceTree):/test# 
- 05:52:16 [INFO] Host: cd /test
- 05:52:17 [INFO] Target: 
cd /test
root@GenericOMAP3(FlattenedDeviceTree):/test# 
- 05:52:17 [INFO] Host: cat stdout.log
- 05:52:20 [INFO] Target: 
cat stdout.log
cpuinfo:
processor	: 0
model name	: ARMv7 Processor rev 3 (v7l)
Features	: half thumb fastmult vfp edsp thumbee neon vfpv3 tls vfpd32 
CPU implementer	: 0x41
CPU architecture: 7
CPU variant	: 0x1
CPU part	: 0xc08
CPU revision	: 3
Hardware	: Generic OMAP3 (Flattened Device Tree)
Revision	: 0000
Serial		: 0000000000000000
=======
soc info:
==> /sys/devices/soc0/family <==
OMAP3
==> /sys/devices/soc0/machine <==
OMAP3430/3530
==> /sys/devices/soc0/power <==
==> /sys/devices/soc0/revision <==
ES3.0
==> /sys/devices/soc0/subsystem <==
==> /sys/devices/soc0/type <==
==> /sys/devices/soc0/uevent <==
=======
DT Model info
==> /proc/device-tree/name <==
==> /proc/device-tree/model <==
TI OMAP3430 SDP
==> /proc/device-tree/compatible <==
ti,omap3430-sdpti,omap3
=======
interrupts:
           CPU0       
 16:       3101      INTC  37  gp_timer
 23:       2199      INTC  13  omap-dma-engine
 28:          0  48310000.gpio   1  DMA
224:       4683      INTC  72  OMAP UART0
227:        424      INTC  56  48070000.i2c
228:          0      INTC  57  48072000.i2c
229:          0      INTC  61  48060000.i2c
236:       4801      INTC  83  mmc0
253:          0      INTC  20  gpmc
259:          0      PRCM  pm_wkup
268:          0      PRCM  pinctrl, pinctrl, pm_io
291:          0      INTC   7  TWL4030-PIH
292:          0   twl4030   0  twl4030_gpio
297:          0   twl4030   5  twl4030_power
300:          0   twl4030   8  twl4030_pwrbutton
303:          0   twl4030  11  rtc0
IPI0:          0  CPU wakeup interrupts
IPI1:          0  Timer broadcast interrupts
IPI2:          0  Rescheduling interrupts
IPI3:          0  Function call interrupts
IPI4:          0  Single function call interrupts
IPI5:          0  CPU stop interrupts
IPI6:          0  IRQ work interrupts
IPI7:          0  completion interrupts
Err:          0
=======
Clk_summary:
   clock                         enable_cnt  prepare_cnt        rate   accuracy   phase
----------------------------------------------------------------------------------------
 secure_32k_fck                           0            1       32768          0 0  
    wdt1_fck                              0            0       32768          0 0  
    gpt12_fck                             0            1       32768          0 0  
 dummy_ck                                 0            0           0          0 0  
 mcbsp_clks                               0            5           0          0 0  
 sys_altclk                               0            0           0          0 0  
 virt_38_4m_ck                            0            0    38400000          0 0  
 virt_26000000_ck                         1            1    26000000          0 0  
    osc_sys_ck                            1            1    26000000          0 0  
       sys_clkout1                        0            0    26000000          0 0  
       sys_ck                             3           18    13000000          0 0  
          gpt9_fck                        0            1    13000000          0 0  
          gpt8_fck                        0            1    13000000          0 0  
          gpt7_fck                        0            1    13000000          0 0  
          gpt6_fck                        0            1    13000000          0 0  
          gpt5_fck                        0            1    13000000          0 0  
          gpt4_fck                        0            1    13000000          0 0  
          gpt3_fck                        0            1    13000000          0 0  
          gpt2_fck                        0            1    13000000          0 0  
          cpefuse_fck                     0            0    13000000          0 0  
          dpll5_ck                        0            1   120000000          0 0  
             dpll5_m2_ck                  0            1   120000000          0 0  
                dpll5_m2_d20_ck           0            0     6000000          0 0  
                dpll5_m2_d16_ck           0            0     7500000          0 0  
                dpll5_m2_d8_ck            0            0    15000000          0 0  
                dpll5_m2_d4_ck            0            0    30000000          0 0  
                usbhost_120m_fck           0            0   120000000          0 0  
                usbtll_fck                0            1   120000000          0 0  
          sys_d2_ck                       0            0     6500000          0 0  
             usim_fck                     0            0     6500000          0 0  
          modem_fck                       0            0    13000000          0 0  
          dpll2_ck                        0            1   360000000          0 0  
             dpll2_m2_ck                  0            1   360000000          0 0  
                iva2_ck                   0            2   360000000          0 0  
          sr2_fck                         0            1    13000000          0 0  
          sr1_fck                         0            1    13000000          0 0  
          traceclk_src_fck                0            0    13000000          0 0  
             traceclk_fck                 0            0    13000000          0 0  
          emu_src_mux_ck                  0            1    13000000          0 0  
             emu_src_ck                   0            1    13000000          0 0  
                atclk_fck                 0            0    13000000          0 0  
                pclkx2_fck                0            0    13000000          0 0  
                pclk_fck                  0            0     6500000          0 0  
          dss2_alwon_fck                  0            2    13000000          0 0  
          dpll1_ck                        0            1   500000000          0 0  
             dpll1_x2_ck                  0            1  1000000000          0 0  
                dpll1_x2m2_ck             0            1  1000000000          0 0  
                   mpu_ck                 0            1  1000000000          0 0  
                      emu_mpu_alwon_ck           0            0  1000000000          0 0  
                      arm_fck             0            1   500000000          0 0  
          dpll3_ck                        1            1   332000000          0 0  
             dpll3_x2_ck                  0            0   664000000          0 0  
             dpll3_m2_ck                  1            2   332000000          0 0  
                dpll3_m2x2_ck             0            1   664000000          0 0  
                   corex2_fck             0            1   664000000          0 0  
                      ssi_ssr_fck_3430es2           0            1   221333334          0 0  
                         ssi_sst_fck_3430es2           0            0   110666667          0 0  
                      corex2_d5_fck           0            0   132800000          0 0  
                      corex2_d3_fck           0            0   221333333          0 0  
                core_ck                   1            1   332000000          0 0  
                   core_d2_ck             0            0   166000000          0 0  
                   core_d6_ck             0            0    55333333          0 0  
                      sgx_fck             0            0    55333333          0 0  
                   core_d4_ck             0            0    83000000          0 0  
                   core_d3_ck             0            0   110666666          0 0  
                   dpll2_fck              0            0   332000000          0 0  
                   l3_ick                 2            3   166000000          0 0  
                      sgx_ick             0            0   166000000          0 0  
                      mad2d_ick           0            0   166000000          0 0  
                      sad2d_ick           0            1   166000000          0 0  
                      security_l3_ick           0            0   166000000          0 0  
                         pka_ick           0            0   166000000          0 0  
                      core_l3_ick           8           10   166000000          0 0  
                         hsotgusb_ick_3430es2           0            1   166000000          0 0  
                         gpmc_fck           2            2   166000000          0 0  
                         sdrc_ick           1            1   166000000          0 0  
                      l4_ick              7            8    83000000          0 0  
                         usbhost_ick           1            1    83000000          0 0  
                         dss_ick_3430es2           4            6    83000000          0 0  
                         sr_l4_ick           2            2    83000000          0 0  
                         ssi_l4_ick           1            1    83000000          0 0  
                            ssi_ick_3430es2           1            1    83000000          0 0  
                         cam_ick           0            1    83000000          0 0  
                         security_l4_ick2           0            0    83000000          0 0  
                            des1_ick           0            0    83000000          0 0  
                            sha11_ick           0            0    83000000          0 0  
                            rng_ick           0            0    83000000          0 0  
                            aes1_ick           0            0    83000000          0 0  
                         per_l4_ick          12           17    83000000          0 0  
                            mcbsp4_ick           2            2    83000000          0 0  
                            mcbsp3_ick           2            2    83000000          0 0  
                            mcbsp2_ick           1            1    83000000          0 0  
                            gpt2_ick           1            1    83000000          0 0  
                            gpt3_ick           1            1    83000000          0 0  
                            gpt4_ick           1            1    83000000          0 0  
                            gpt5_ick           1            1    83000000          0 0  
                            gpt6_ick           1            1    83000000          0 0  
                            gpt7_ick           1            1    83000000          0 0  
                            gpt8_ick           1            1    83000000          0 0  
                            gpt9_ick           1            1    83000000          0 0  
                            uart4_ick           0            0    83000000          0 0  
                            uart3_ick           1            1    83000000          0 0  
                            wdt3_ick           0            0    83000000          0 0  
                            gpio2_ick           0            1    83000000          0 0  
                            gpio3_ick           0            1    83000000          0 0  
                            gpio4_ick           0            1    83000000          0 0  
                            gpio5_ick           0            1    83000000          0 0  
                            gpio6_ick           0            1    83000000          0 0  
                         core_l4_ick          21           23    83000000          0 0  
                            mmchs3_ick           1            1    83000000          0 0  
                            usbtll_ick           1            1    83000000          0 0  
                            mailboxes_ick           0            1    83000000          0 0  
                            mspro_ick           0            0    83000000          0 0  
                            des2_ick           0            0    83000000          0 0  
                            icr_ick           0            0    83000000          0 0  
                            sha12_ick           1            2    83000000          0 0  
                            aes2_ick           1            2    83000000          0 0  
                            omapctrl_ick           1            1    83000000          0 0  
                            mcbsp1_ick           1            1    83000000          0 0  
                            mcbsp5_ick           1            1    83000000          0 0  
                            gpt10_ick           1            1    83000000          0 0  
                            gpt11_ick           1            1    83000000          0 0  
                            uart1_ick           1            1    83000000          0 0  
                            uart2_ick           1            1    83000000          0 0  
                            i2c1_ick           1            1    83000000          0 0  
                            i2c2_ick           1            1    83000000          0 0  
                            i2c3_ick           1            1    83000000          0 0  
                            mcspi1_ick           1            1    83000000          0 0  
                            mcspi2_ick           1            1    83000000          0 0  
                            mcspi3_ick           1            1    83000000          0 0  
                            mcspi4_ick           1            1    83000000          0 0  
                            hdq_ick           0            1    83000000          0 0  
                            mmchs1_ick           1            1    83000000          0 0  
                            mmchs2_ick           1            1    83000000          0 0  
                         rm_ick           0            0    41500000          0 0  
                   dpll1_fck              0            0   166000000          0 0  
             dpll3_m3_ck                  0            0   166000000          0 0  
                dpll3_m3x2_mul_ck           0            0   332000000          0 0  
                   dpll3_m3x2_ck           0            0   332000000          0 0  
                      emu_core_alwon_ck           0            0   332000000          0 0  
          dpll4_ck                        1            3   432000000          0 0  
             dpll4_x2_ck                  0            0   864000000          0 0  
             dpll4_m6_ck                  0            0   144000000          0 0  
                dpll4_m6x2_mul_ck           0            0   288000000          0 0  
                   dpll4_m6x2_ck           0            0   288000000          0 0  
                      emu_per_alwon_ck           0            0   288000000          0 0  
             dpll4_m5_ck                  0            0   108000000          0 0  
                dpll4_m5x2_mul_ck           0            0   216000000          0 0  
                   dpll4_m5x2_ck           0            0   216000000          0 0  
                      cam_mclk            0            0   216000000          0 0  
             dpll4_m4_ck                  0            1   216000000          0 0  
                dpll4_m4x2_mul_ck           0            1   432000000          0 0  
                   dpll4_m4x2_ck           0            1   432000000          0 0  
                      dss1_alwon_fck_3430es2           0            4   432000000          0 0  
             dpll4_m3_ck                  0            1    27000000          0 0  
                dpll4_m3x2_mul_ck           0            1    54000000          0 0  
                   dpll4_m3x2_ck           0            1    54000000          0 0  
                      omap_54m_fck           0            1    54000000          0 0  
                         clkout2_src_ck           0            0    54000000          0 0  
                            sys_clkout2           0            0    54000000          0 0  
                         dss_tv_fck           0            2    54000000          0 0  
             dpll4_m2_ck                  1            1    48000000          0 0  
                dpll4_m2x2_mul_ck           1            1    96000000          0 0  
                   dpll4_m2x2_ck           1            1    96000000          0 0  
                      omap_192m_alwon_fck           0            0    96000000          0 0  
                      omap_96m_alwon_fck           1            2    96000000          0 0  
                         per_96m_fck           0            6    96000000          0 0  
                            mcbsp4_fck           0            1    96000000          0 0  
                            mcbsp3_fck           0            2    96000000          0 0  
                            mcbsp2_fck           0            2    96000000          0 0  
                         cm_96m_fck           1            2    96000000          0 0  
                            cm_96m_d2_fck           1            1    48000000          0 0  
                               omap_48m_fck           2            4    48000000          0 0  
                                  usbhost_48m_fck           0            1    48000000          0 0  
                                  per_48m_fck           1            1    48000000          0 0  
                                     uart3_fck           1            1    48000000          0 0  
                                  core_48m_fck           2            6    48000000          0 0  
                                     uart1_fck           1            1    48000000          0 0  
                                     uart2_fck           1            1    48000000          0 0  
                                     mcspi1_fck           0            1    48000000          0 0  
                                     mcspi2_fck           0            1    48000000          0 0  
                                     mcspi3_fck           0            1    48000000          0 0  
                                     mcspi4_fck           0            1    48000000          0 0  
                                  omap_12m_fck           0            1    12000000          0 0  
                                     core_12m_fck           0            1    12000000          0 0  
                                        hdq_fck             0            1    12000000          0 0  
                            omap_96m_fck           0            2    96000000          0 0  
                               omap_96m_d10_fck           0            0     9600000          0 0  
                               omap_96m_d8_fck           0            0    12000000          0 0  
                               omap_96m_d4_fck           0            0    24000000          0 0  
                               omap_96m_d2_fck           0            0    48000000          0 0  
                               dss_96m_fck           0            2    96000000          0 0  
                               core_96m_fck           0           10    96000000          0 0  
                                  mcbsp1_fck           0            1    96000000          0 0  
                                  mcbsp5_fck           0            1    96000000          0 0  
                                  mmchs3_fck           0            1    96000000          0 0  
                                  mspro_fck           0            0    96000000          0 0  
                                  csi2_96m_fck           0            0    96000000          0 0  
                                  i2c1_fck           0            1    96000000          0 0  
                                  i2c2_fck           0            1    96000000          0 0  
                                  i2c3_fck           0            1    96000000          0 0  
                                  mmchs1_fck           0            1    96000000          0 0  
                                  mmchs2_fck           0            1    96000000          0 0  
          wkup_l4_ick                     4            5    13000000          0 0  
             usim_ick                     0            0    13000000          0 0  
             gpt1_ick                     1            1    13000000          0 0  
             gpt12_ick                    1            1    13000000          0 0  
             omap_32ksync_ick             1            1    13000000          0 0  
             gpio1_ick                    0            1    13000000          0 0  
             wdt1_ick                     0            0    13000000          0 0  
             wdt2_ick                     1            1    13000000          0 0  
 virt_19200000_ck                         0            0    19200000          0 0  
 virt_13m_ck                              0            0    13000000          0 0  
 virt_12m_ck                              0            0    12000000          0 0  
 omap_32k_fck                             2            8       32768          0 0  
    gpt1_fck                              1            1       32768          0 0  
    gpt11_fck                             0            1       32768          0 0  
    gpt10_fck                             0            1       32768          0 0  
    ts_fck                                0            0       32768          0 0  
    per_32k_alwon_fck                     0            5       32768          0 0  
       wdt3_fck                           0            0       32768          0 0  
       gpio2_dbck                         0            1       32768          0 0  
       gpio3_dbck                         0            1       32768          0 0  
       gpio4_dbck                         0            1       32768          0 0  
       gpio5_dbck                         0            1       32768          0 0  
       gpio6_dbck                         0            1       32768          0 0  
    wkup_32k_fck                          1            3       32768          0 0  
       wdt2_fck                           0            1       32768          0 0  
       gpio1_dbck                         0            1       32768          0 0  
 dummy_apb_pclk                           0            0           0          0 0  
 virt_16_8m_ck                            0            0    16800000          0 0  
=======
Orphan Clks:
=======
Available frequencies
=======
Hello World Board Booted
root@GenericOMAP3(FlattenedDeviceTree):/test# 
- 05:52:20 [INFO] Host: cat stderr.log
- 05:52:20 [INFO] Target: 
cat stderr.log
ls: /sys/kernel/debug/clk/orphans/: No such file or directory
root@GenericOMAP3(FlattenedDeviceTree):/test# 
- 05:52:20 [INFO] Host: cat result.log
- 05:52:22 [ERROR] On command: cat result.log waiting for (?m-ix:^1[\0\n\r]+) >>> error: execution expired
- 05:52:22 [INFO] Target: 
cat result.log
root@GenericOMAP3(FlattenedDeviceTree):/test# 
- 05:52:22 [INFO] Host: cd /test
- 05:52:23 [INFO] Target: 
cd /test
root@GenericOMAP3(FlattenedDeviceTree):/test# 
