- 05:41:07 [INFO] Starting target session
- 05:41:08 [INFO] Connected to sdp3430 via serial 
- 05:41:08 [INFO] Host: #check prompt
- 05:41:11 [ERROR] On command: #check prompt waiting for #check prompt.+?(?-mix:((?-mix:.*\s+login)|[Pp]assword)) >>> error: execution expired
- 05:41:11 [INFO] Target: 
 check prompt
[78741.500305] ------------[ cut here ]------------
[78741.505645] WARNING: CPU: 0 PID: 660 at mm/mmap.c:2859 exit_mmap+0x1a8/0x214()
[78741.513580] Modules linked in:
[78741.517089] CPU: 0 PID: 660 Comm: getty Tainted: G        W       3.19.0-rc5-next-20150122-00002-g2ade5cea1b05 #1
[78741.528137] Hardware name: Generic OMAP3 (Flattened Device Tree)
[78741.534820] [<c02159bc>] (unwind_backtrace) from [<c0211444>] (show_stack+0x10/0x14)
[78741.543304] [<c0211444>] (show_stack) from [<c08b1dbc>] (dump_stack+0x70/0x8c)
[78741.551239] [<c08b1dbc>] (dump_stack) from [<c0246674>] (warn_slowpath_common+0x74/0xac)
[78741.560058] [<c0246674>] (warn_slowpath_common) from [<c02466c8>] (warn_slowpath_null+0x1c/0x24)
[78741.569641] [<c02466c8>] (warn_slowpath_null) from [<c02e30e4>] (exit_mmap+0x1a8/0x214)
[78741.578369] [<c02e30e4>] (exit_mmap) from [<c024403c>] (mmput+0x40/0xf8)
[78741.585723] [<c024403c>] (mmput) from [<c02ff290>] (flush_old_exec+0x32c/0x604)
[78741.593749] [<c02ff290>] (flush_old_exec) from [<c033b994>] (load_elf_binary+0x2ec/0x112c)
[78741.602813] [<c033b994>] (load_elf_binary) from [<c02fe5ac>] (search_binary_handler+0x9c/0x240)
[78741.612274] [<c02fe5ac>] (search_binary_handler) from [<c02ffd48>] (do_execveat_common+0x4d8/0x5bc)
[78741.622131] [<c02ffd48>] (do_execveat_common) from [<c02ffe58>] (do_execve+0x2c/0x34)
[78741.630645] [<c02ffe58>] (do_execve) from [<c020e6e0>] (ret_fast_syscall+0x0/0x34)
[78741.638885] ---[ end trace d336e69960a70467 ]---
Password: 
- 05:41:11 [INFO] Host: #check prompt
- 05:41:13 [ERROR] On command: #check prompt waiting for #check prompt.+?(?m-ix:root.*#) >>> error: execution expired
- 05:41:13 [INFO] Target: 
- 05:41:13 [INFO] Disconnected serial from sdp3430
- 05:41:14 [INFO] Connected to sdp3430 via serial 
- 05:41:14 [INFO] Host: 
- 05:41:14 [ERROR] On command:  waiting for (?-mix:OMAP34XX\sSDP\s#) >>> error: execution expired
- 05:41:14 [INFO] Target: 
- 05:41:14 [INFO] Host: 
- 05:41:15 [ERROR] On command:  waiting for (?-mix:OMAP34XX\sSDP\s#) >>> error: execution expired
- 05:41:15 [INFO] Target: 
- 05:41:15 [INFO] Host: 
- 05:41:15 [ERROR] On command:  waiting for (?-mix:OMAP34XX\sSDP\s#) >>> error: execution expired
- 05:41:15 [INFO] Target: 
- 05:41:15 [INFO] Host: 
- 05:41:16 [ERROR] On command:  waiting for (?-mix:OMAP34XX\sSDP\s#) >>> error: execution expired
- 05:41:16 [INFO] Target: 
U-Boot 2009.11-rc1-00485-g7d1e865 (Nov 09 2009 - 11:21:55)
OMAP3530-GP ES3.0, CPU-OPP2 L3-165MHz
OMAP3 SDP3430 board + LPDDR/NOR
I2C:   ready
DRAM:  128 MB
Flash: 128 MB
In:    serial
Out:   serial
Err:   serial
- 05:41:16 [INFO] Host: 
- 05:41:16 [INFO] Target: 
OMAP34XX SDP # 
OMAP34XX SDP # 
- 05:41:16 [INFO] Host: version
- 05:41:17 [INFO] Target: 
version
U-Boot 2009.11-rc1-00485-g7d1e865 (Nov 09 2009 - 11:21:55)
OMAP34XX SDP # 
- 05:41:17 [INFO] Host: bdinfo
- 05:41:17 [INFO] Target: 
bdinfo
arch_number = 0x00000472
env_t       = 0x00000000
boot_params = 0x80000100
DRAM bank   = 0x00000000
-> start    = 0x80000000
-> size     = 0x08000000
DRAM bank   = 0x00000001
-> start    = 0xA0000000
-> size     = 0x00000000
ethaddr     = 08:00:28:01:24:57
ip_addr     = 0.0.0.0
baudrate    = 115200 bps
OMAP34XX SDP # 
- 05:41:17 [INFO] Host: printenv
- 05:41:18 [INFO] Target: 
printenv
baudrate=115200
loadaddr=0x82000000
console=ttyS0,115200n8
mmcargs=setenv bootargs console=${console} root=/dev/mmcblk0p2 rw rootfstype=ext3 rootwait
norargs=setenv bootargs console=${console} root=/dev/mtdblock3 rw rootfstype=jffs2
loadbootscript=fatload mmc 0 ${loadaddr} boot.scr
bootscript=echo Running bootscript from MMC/SD ...; autoscr ${loadaddr}
loaduimage=fatload mmc 0 ${loadaddr} uImage
mmcboot=echo Booting from MMC/SD ...; run mmcargs; bootm ${loadaddr}
norboot=echo Booting from NOR ...; run norargs; bootm 0x80000
bootdelay=3
ethaddr=08:00:28:01:24:57
serverip=128.247.91.123
bootfile=/tftpboot/kernel/uImage.omap3430-sdp
bootcmd=dhcp;bootm
bootargs=console=ttyO0,115200n8 debug ignore_loglevel earlyprintk root=/dev/mmcblk0p2 rw rootfstype=ext3 rootwait nohlt
stdin=serial
stdout=serial
stderr=serial
Environment size: 818/262140 bytes
OMAP34XX SDP # 
- 05:41:18 [INFO] Host: setenv autoload 'no'
- 05:41:18 [INFO] Target: 
setenv autoload 'no'
OMAP34XX SDP # 
- 05:41:18 [INFO] Host: dhcp
- 05:41:20 [INFO] Target: 
dhcp
Using MAC Address 08:00:28:01:24:57
BOOTP broadcast 1
DHCP client bound to address 192.168.1.185
OMAP34XX SDP # 
- 05:41:20 [INFO] Host: setenv serverip 192.168.1.254
- 05:41:21 [INFO] Target: 
setenv serverip 192.168.1.254
OMAP34XX SDP # 
- 05:41:21 [INFO] Host: setenv bootargs 'console=ttyO0,115200n8 earlyprintk rootwait ip=dhcp root=/dev/mmcblk0p2 rw rootfstype=ext3 nohlt'
- 05:41:21 [INFO] Target: 
setenv bootargs 'console=ttyO0,115200n8 earlyprintk rootwait ip=dhcp root=/dev/mmcblk0p2 rw rootfstype=ext3 nohlt'
OMAP34XX SDP # 
- 05:41:21 [INFO] Host: setenv bootcmd 'tftp ${loadaddr} 192.168.1.254:vatf_7/03160f0c3c126ba658cc96465748c2e0; bootm ${loadaddr}'
- 05:41:22 [INFO] Target: 
setenv bootcmd 'tftp ${loadaddr} 192.168.1.254:vatf_7/03160f0c3c126ba658cc96465748c2e0; bootm ${loadaddr}'
OMAP34XX SDP # 
- 05:41:22 [INFO] Host: printenv
- 05:41:22 [INFO] Target: 
printenv
baudrate=115200
loadaddr=0x82000000
console=ttyS0,115200n8
mmcargs=setenv bootargs console=${console} root=/dev/mmcblk0p2 rw rootfstype=ext3 rootwait
norargs=setenv bootargs console=${console} root=/dev/mtdblock3 rw rootfstype=jffs2
loadbootscript=fatload mmc 0 ${loadaddr} boot.scr
bootscript=echo Running bootscript from MMC/SD ...; autoscr ${loadaddr}
loaduimage=fatload mmc 0 ${loadaddr} uImage
mmcboot=echo Booting from MMC/SD ...; run mmcargs; bootm ${loadaddr}
norboot=echo Booting from NOR ...; run norargs; bootm 0x80000
bootdelay=3
ethaddr=08:00:28:01:24:57
stdin=serial
stdout=serial
stderr=serial
autoload=no
bootfile=/tftpboot/kernel/uImage.omap3430-sdp
gatewayip=192.168.1.254
netmask=255.255.255.0
ipaddr=192.168.1.185
serverip=192.168.1.254
bootargs=console=ttyO0,115200n8 earlyprintk rootwait ip=dhcp root=/dev/mmcblk0p2 rw rootfstype=ext3 nohlt
bootcmd=tftp ${loadaddr} 192.168.1.254:vatf_7/03160f0c3c126ba658cc96465748c2e0; bootm ${loadaddr}
Environment size: 961/262140 bytes
OMAP34XX SDP # 
- 05:41:22 [INFO] Host: boot
- 05:42:32 [INFO] Target: 
boot
Using MAC Address 08:00:28:01:24:57
TFTP from server 192.168.1.254; our IP address is 192.168.1.185
Filename 'vatf_7/03160f0c3c126ba658cc96465748c2e0'.
Load address: 0x82000000
Loading: *#################################################################
	 #################################################################
	 #################################################################
	 #################################################################
	 ################################################
done
Bytes transferred = 4521277 (44fd3d hex)
## Booting kernel from Legacy Image at 82000000 ...
   Image Name:   Linux-3.19.0-rc5-next-20150123-0
   Image Type:   ARM Linux Kernel Image (uncompressed)
   Data Size:    4521213 Bytes =  4.3 MB
   Load Address: 80800000
   Entry Point:  80800000
   Verifying Checksum ... OK
   Loading Kernel Image ... OK
Starting kernel ...
[    0.000000] Booting Linux on physical CPU 0x0
[    0.000000] Initializing cgroup subsys cpuset
[    0.000000] Initializing cgroup subsys cpu
[    0.000000] Initializing cgroup subsys cpuacct
[    0.000000] Linux version 3.19.0-rc5-next-20150123-00002-g668191ac684c (nmenon@kahuna) (gcc version 4.6.3 (Ubuntu/Linaro 4.6.3-1ubuntu5) ) #1 SMP Fri Jan 23 05:37:30 CST 2015
[    0.000000] CPU: ARMv7 Processor [411fc083] revision 3 (ARMv7), cr=10c5387d
[    0.000000] CPU: PIPT / VIPT nonaliasing data cache, VIPT nonaliasing instruction cache
[    0.000000] Machine model: TI OMAP3430 SDP
[    0.000000] cma: Reserved 16 MiB at 0x86800000
[    0.000000] Memory policy: Data cache writeback
[    0.000000] CPU: All CPU(s) started in SVC mode.
[    0.000000] OMAP3430/3530 ES3.0 (l2cache iva sgx neon isp )
[    0.000000] PERCPU: Embedded 12 pages/cpu @c7d5e000 s19392 r8192 d21568 u49152
[    0.000000] Built 1 zonelists in Zone order, mobility grouping on.  Total pages: 32224
[    0.000000] Kernel command line: console=ttyO0,115200n8 earlyprintk rootwait ip=dhcp root=/dev/mmcblk0p2 rw rootfstype=ext3 nohlt
[    0.000000] PID hash table entries: 512 (order: -1, 2048 bytes)
[    0.000000] Dentry cache hash table entries: 16384 (order: 4, 65536 bytes)
[    0.000000] Inode-cache hash table entries: 8192 (order: 3, 32768 bytes)
[    0.000000] Memory: 94428K/130048K available (5866K kernel code, 616K rwdata, 2248K rodata, 436K init, 8220K bss, 19236K reserved, 16384K cma-reserved, 0K highmem)
[    0.000000] Virtual kernel memory layout:
[    0.000000]     vector  : 0xffff0000 - 0xffff1000   (   4 kB)
[    0.000000]     fixmap  : 0xffc00000 - 0xfff00000   (3072 kB)
[    0.000000]     vmalloc : 0xc8800000 - 0xff000000   ( 872 MB)
[    0.000000]     lowmem  : 0xc0000000 - 0xc8000000   ( 128 MB)
[    0.000000]     pkmap   : 0xbfe00000 - 0xc0000000   (   2 MB)
[    0.000000]     modules : 0xbf000000 - 0xbfe00000   (  14 MB)
[    0.000000]       .text : 0xc0008000 - 0xc07f4cc4   (8116 kB)
[    0.000000]       .init : 0xc07f5000 - 0xc0862000   ( 436 kB)
[    0.000000]       .data : 0xc0862000 - 0xc08fc268   ( 617 kB)
[    0.000000]        .bss : 0xc08fc268 - 0xc1103408   (8221 kB)
[    0.000000] Hierarchical RCU implementation.
[    0.000000] 	Additional per-CPU info printed with stalls.
[    0.000000] 	RCU restricting CPUs from NR_CPUS=2 to nr_cpu_ids=1.
[    0.000000] RCU: Adjusting geometry for rcu_fanout_leaf=16, nr_cpu_ids=1
[    0.000000] NR_IRQS:16 nr_irqs:16 16
[    0.000000] IRQ: Found an INTC at 0xfa200000 (revision 4.0) with 96 interrupts
[    0.000000] Clocking rate (Crystal/Core/MPU): 26.0/332/500 MHz
[    0.000000] OMAP clockevent source: timer1 at 32768 Hz
[    0.000030] sched_clock: 32 bits at 32kHz, resolution 30517ns, wraps every 65536000000000ns
[    0.000061] OMAP clocksource: 32k_counter at 32768 Hz
[    0.001647] Console: colour dummy device 80x30
[    0.001739] Lock dependency validator: Copyright (c) 2006 Red Hat, Inc., Ingo Molnar
[    0.001770] ... MAX_LOCKDEP_SUBCLASSES:  8
[    0.001800] ... MAX_LOCK_DEPTH:          48
[    0.001800] ... MAX_LOCKDEP_KEYS:        8191
[    0.001831] ... CLASSHASH_SIZE:          4096
[    0.001831] ... MAX_LOCKDEP_ENTRIES:     32768
[    0.001861] ... MAX_LOCKDEP_CHAINS:      65536
[    0.001892] ... CHAINHASH_SIZE:          32768
[    0.001892]  memory used by lock dependency info: 5167 kB
[    0.001922]  per task-struct memory footprint: 1152 bytes
[    0.001953] Calibrating delay loop... 496.43 BogoMIPS (lpj=2482176)
[    0.097045] pid_max: default: 32768 minimum: 301
[    0.097686] Security Framework initialized
[    0.098022] Mount-cache hash table entries: 1024 (order: 0, 4096 bytes)
[    0.098052] Mountpoint-cache hash table entries: 1024 (order: 0, 4096 bytes)
[    0.103607] Initializing cgroup subsys blkio
[    0.103698] Initializing cgroup subsys memory
[    0.103851] Initializing cgroup subsys devices
[    0.104034] Initializing cgroup subsys freezer
[    0.104278] Initializing cgroup subsys perf_event
[    0.104431] CPU: Testing write buffer coherency: ok
[    0.106872] CPU0: thread -1, cpu 0, socket -1, mpidr 0
[    0.107299] Setting up static identity map for 0x8058f3c8 - 0x8058f438
[    0.114166] Brought up 1 CPUs
[    0.114196] SMP: Total of 1 processors activated (496.43 BogoMIPS).
[    0.114227] CPU: All CPU(s) started in SVC mode.
[    0.120452] devtmpfs: initialized
[    0.136505] VFP support v0.3: implementor 41 architecture 3 part 30 variant c rev 1
[    0.238677] omap_hwmod: mcbsp2_sidetone using broken dt data from mcbsp
[    0.241577] omap_hwmod: mcbsp3_sidetone using broken dt data from mcbsp
[    0.369506] pinctrl core: initialized pinctrl subsystem
[    0.511901] NET: Registered protocol family 16
[    0.526275] DMA: preallocated 256 KiB pool for atomic coherent allocations
[    0.530395] cpuidle: using governor ladder
[    0.530456] cpuidle: using governor menu
[    0.542755] Reprogramming SDRC clock to 332000000 Hz
[    0.562744] OMAP GPIO hardware version 2.5
[    0.616333] omap-gpmc 6e000000.gpmc: GPMC revision 5.0
[    0.618225] gpmc_cs_program_settings: invalid width 0!
[    0.623443] No ATAGs?[    0.623504] hw-breakpoint: debug architecture 0x4 unsupported.
[    0.628509] OMAP DMA hardware revision 4.0
[    0.744537] omap-dma-engine 48056000.dma-controller: OMAP DMA engine driver
[    0.752197] SCSI subsystem initialized
[    0.763244] omap_i2c 48070000.i2c: bus 0 rev3.3 at 2600 kHz
[    0.765533] omap_i2c 48072000.i2c: bus 1 rev3.3 at 100 kHz
[    0.767852] omap_i2c 48060000.i2c: bus 2 rev3.3 at 100 kHz
[    0.776916] Switched to clocksource 32k_counter
[    1.078765] NET: Registered protocol family 2
[    1.081817] TCP established hash table entries: 1024 (order: 0, 4096 bytes)
[    1.082092] TCP bind hash table entries: 1024 (order: 3, 36864 bytes)
[    1.082763] TCP: Hash tables configured (established 1024 bind 1024)
[    1.083160] TCP: reno registered
[    1.083221] UDP hash table entries: 256 (order: 2, 20480 bytes)
[    1.083618] UDP-Lite hash table entries: 256 (order: 2, 20480 bytes)
[    1.085601] NET: Registered protocol family 1
[    1.088989] RPC: Registered named UNIX socket transport module.
[    1.089050] RPC: Registered udp transport module.
[    1.089080] RPC: Registered tcp transport module.
[    1.089080] RPC: Registered tcp NFSv4.1 backchannel transport module.
[    1.095581] hw perfevents: enabled with armv7_cortex_a8 PMU driver, 5 counters available
[    1.106353] futex hash table entries: 256 (order: 2, 16384 bytes)
[    1.106781] audit: initializing netlink subsys (disabled)
[    1.107208] audit: type=2000 audit(1.100:1): initialized
[    1.115753] VFS: Disk quotas dquot_6.5.2
[    1.116027] VFS: Dquot-cache hash table entries: 1024 (order 0, 4096 bytes)
[    1.121185] NFS: Registering the id_resolver key type
[    1.121887] Key type id_resolver registered
[    1.121917] Key type id_legacy registered
[    1.122222] jffs2: version 2.2. (NAND) (SUMMARY)   2001-2006 Red Hat, Inc.
[    1.130859] io scheduler noop registered
[    1.130920] io scheduler deadline registered
[    1.131011] io scheduler cfq registered (default)
[    1.134796] pinctrl-single 48002030.pinmux: 284 pins at pa fa002030 size 568
[    1.135833] pinctrl-single 48002a00.pinmux: 46 pins at pa fa002a00 size 92
[    1.137451] pinctrl-single 480025d8.pinmux: 18 pins at pa fa0025d8 size 36
[    1.145019] Serial: 8250/16550 driver, 4 ports, IRQ sharing enabled
[    1.157958] omap_uart 4806a000.serial: no wakeirq for uart0
[    1.158752] 4806a000.serial: ttyO0 at MMIO 0x4806a000 (irq = 88, base_baud = 3000000) is a OMAP UART0
[    1.877502] console [ttyO0] enabled
[    1.885070] omap_uart 4806c000.serial: no wakeirq for uart0
[    1.891937] 4806c000.serial: ttyO1 at MMIO 0x4806c000 (irq = 89, base_baud = 3000000) is a OMAP UART1
[    1.904266] omap_uart 49020000.serial: no wakeirq for uart0
[    1.910888] 49020000.serial: ttyO2 at MMIO 0x49020000 (irq = 90, base_baud = 3000000) is a OMAP UART2
[    1.981231] brd: module loaded
[    2.019897] loop: module loaded
[    2.041900] twl 0-0048: PIH (irq 23) chaining IRQs 338..346
[    2.048583] twl 0-0048: power (irq 343) chaining IRQs 346..353
[    2.130462] twl4030_gpio twl4030-gpio: gpio (irq 338) chaining IRQs 354..371
[    2.151641] mtdoops: mtd device (mtddev=name/number) must be supplied
[    2.171325] intel,pf48f6000m0y1be: Found 1 x16 devices at 0x0 in 16-bit bank. Manufacturer ID 0x000089 Chip ID 0x0088b1
[    2.182861] Intel/Sharp Extended Query Table at 0x010A
[    2.188385] Intel/Sharp Extended Query Table at 0x010A
[    2.193847] Intel/Sharp Extended Query Table at 0x010A
[    2.199371] Intel/Sharp Extended Query Table at 0x010A
[    2.204833] Intel/Sharp Extended Query Table at 0x010A
[    2.210327] Using buffer write method
[    2.214233] Using auto-unlock on power-up/resume
[    2.219146] cfi_cmdset_0001: Erase suspend on write enabled
[    2.227203] 4 ofpart partitions found on MTD device intel,pf48f6000m0y1be
[    2.234374] Creating 4 MTD partitions on "intel,pf48f6000m0y1be":
[    2.241027] 0x000000000000-0x000000040000 : "bootloader-nor"
[    2.257934] 0x000000040000-0x000000080000 : "params-nor"
[    2.270294] 0x000000080000-0x000000280000 : "kernel-nor"
[    2.282318] 0x000000240000-0x000007fc0000 : "filesystem-nor"
[    2.306091] omap2-onenand omap2-onenand: initializing on CS2, phys base 0x20000000, virtual base c8940000, freq 0 MHz
[    2.317596] Muxed OneNAND 256MB 1.8V 16-bit (0x40)
[    2.322662] OneNAND version = 0x002c
[    2.328552] Scanning device for bad blocks
[    2.336517] OneNAND eraseblock 51 is an initial bad block
[    2.346252] OneNAND eraseblock 119 is an initial bad block
[    2.387176] OneNAND eraseblock 718 is an initial bad block
[    2.453063] OneNAND eraseblock 1746 is an initial bad block
[    2.476806] 5 ofpart partitions found on MTD device omap2-onenand
[    2.483245] Creating 5 MTD partitions on "omap2-onenand":
[    2.489074] 0x000000000000-0x000000080000 : "xloader-onenand"
[    2.502136] 0x000000080000-0x0000000c0000 : "bootloader-onenand"
[    2.514648] 0x0000000c0000-0x0000000e0000 : "params-onenand"
[    2.526885] 0x0000000e0000-0x0000002e0000 : "kernel-onenand"
[    2.539123] 0x0000002e0000-0x000010000000 : "filesystem-onenand"
[    2.583740] mousedev: PS/2 mouse device common for all mice
[    2.589843] i2c /dev entries driver
[    2.598999] Driver 'mmcblk' needs updating - please use bus_type methods
[    2.657318] ledtrig-cpu: registered to indicate activity on CPUs
[    2.666473] oprofile: using arm/armv7
[    2.671661] TCP: cubic registered
[    2.675262] Initializing XFRM netlink socket
[    2.680175] NET: Registered protocol family 17
[    2.685058] NET: Registered protocol family 15
[    2.690460] Key type dns_resolver registered
[    2.695404] omap2_set_init_voltage: unable to find boot up OPP for vdd_mpu_iva
[    2.703155] omap2_set_init_voltage: unable to set vdd_mpu_iva
[    2.709350] omap2_set_init_voltage: unable to find boot up OPP for vdd_core
[    2.716766] omap2_set_init_voltage: unable to set vdd_core
[    2.725952] PM: no software I/O chain control; some wakeups may be lost
[    2.736511] ThumbEE CPU extension supported.
[    2.741119] Registering SWP/SWPB emulation handler
[    2.746276] SmartReflex Class3 initialized
[    2.774627] drivers/rtc/hctosys.c: unable to open rtc device (rtc0)
[    2.781463] sr_init: No PMIC hook to init smartreflex
[    2.787567] smartreflex smartreflex.0: omap_sr_probe: SmartReflex driver initialized
[    2.796264] smartreflex smartreflex.0: omap_sr_probe: smartreflex_mpu_iva: No Voltage table for the corresponding vdd. Cannot create debugfs entries for n-values
[    2.812255] smartreflex: probe of smartreflex.0 failed with error -61
[    2.819458] smartreflex smartreflex.1: omap_sr_probe: SmartReflex driver initialized
[    2.828094] smartreflex smartreflex.1: omap_sr_probe: smartreflex_core: No Voltage table for the corresponding vdd. Cannot create debugfs entries for n-values
[    2.843536] smartreflex: probe of smartreflex.1 failed with error -61
[    2.850646] sr_init: platform driver register failed for SR
[    2.996612] mmc0: host does not support reading read-only switch, assuming write-enable
[    3.007659] mmc0: new high speed SD card at address b368
[    3.017333] mmcblk0: mmc0:b368 SD    1.88 GiB 
[    3.030853]  mmcblk0: p1 p2
[   15.087677] VPLL2: disabling
[   15.091796] VUSB3V1: disabling
[   15.096038] VUSB1V8: disabling
[   15.100372] VUSB1V5: disabling
[   15.105010] VDAC: disabling
[   15.109436] VAUX3: disabling
[   15.601348] kjournald starting.  Commit interval 5 seconds
[   15.612243] EXT3-fs (mmcblk0p2): using internal journal
[   15.622650] EXT3-fs (mmcblk0p2): recovery complete
[   15.627838] EXT3-fs (mmcblk0p2): mounted filesystem with ordered data mode
[   15.635314] VFS: Mounted root (ext3 filesystem) on device 179:2.
[   15.647552] devtmpfs: mounted
[   15.652465] Freeing unused kernel memory: 436K (c07f5000 - c0862000)
INIT: version 2.88 booting
Error opening /dev/fb0: No such file or directory
/dev/ttyO0 linked to /dev/tty-bd - using as console
Starting udev
[   17.222442] udevd[95]: starting version 182
[   31.812835] FAT-fs (mmcblk0p1): Invalid FSINFO signature: 0x00000000, 0x00000000 (sector = 17554)
[   31.823516] FAT-fs (mmcblk0p1): error, invalid access to FAT (entry 0x13ee6402)
[   31.831390] FAT-fs (mmcblk0p1): Filesystem has been set read-only
[   32.014617] FAT-fs (mmcblk0p1): Invalid FSINFO signature: 0x00000000, 0x00000000 (sector = 17554)
[   32.024261] FAT-fs (mmcblk0p1): error, invalid access to FAT (entry 0x13ee6402)
[   32.032073] FAT-fs (mmcblk0p1): Filesystem has been set read-only
[   32.045227] FAT-fs (mmcblk0p1): Invalid FSINFO signature: 0x00000000, 0x00000000 (sector = 17554)
[   32.055694] FAT-fs (mmcblk0p1): error, invalid access to FAT (entry 0x13ee6402)
[   32.063537] FAT-fs (mmcblk0p1): Filesystem has been set read-only
[   32.572540] FAT-fs (mmcblk0p1): Invalid FSINFO signature: 0x00000000, 0x00000000 (sector = 17554)
[   32.582244] FAT-fs (mmcblk0p1): error, invalid access to FAT (entry 0x13ee6402)
[   32.590087] FAT-fs (mmcblk0p1): Filesystem has been set read-only
[   32.673126] FAT-fs (mmcblk0p1): Invalid FSINFO signature: 0x00000000, 0x00000000 (sector = 17554)
[   32.682769] FAT-fs (mmcblk0p1): error, invalid access to FAT (entry 0x13ee6402)
[   32.690582] FAT-fs (mmcblk0p1): Filesystem has been set read-only
[   32.701263] FAT-fs (mmcblk0p1): Invalid FSINFO signature: 0x00000000, 0x00000000 (sector = 17554)
[   32.710876] FAT-fs (mmcblk0p1): error, invalid access to FAT (entry 0x13ee6402)
[   32.718688] FAT-fs (mmcblk0p1): Filesystem has been set read-only
ERROR: could not open directory /lib/modules/3.19.0-rc5-next-20150123-00002-g668191ac684c: No such file or directory
WARNING: -e needs -E or -F
ERROR: could not open directory /lib/modules/3.19.0-rc5-next-20150123-00002-g668191ac684c: No such file or directory
FATAL: could not search modules: No such file or directory
Starting Bootlog daemon: bootlogd: cannot allocate pseudo tty: No such file or directory
bootlogd.
[   34.310333] random: dd urandom read with 91 bits of entropy available
ALSA: Restoring mixer settings...
/usr/sbin/alsactl: load_state:1696: No soundcards found...
Configuring network interfaces... ifconfig: SIOCGIFFLAGS: No such device
done.
hwclock: can't open '/dev/misc/rtc': No such file or directory
Wed Oct 29 09:59:00 UTC 2014
hwclock: can't open '/dev/misc/rtc': No such file or directory
INIT: Entering runlevel: 3
/dev/ttyO0 linked to /dev/tty-bd - using as console
Starting system message bus: dbus.
Starting Dropbear SSH server: dropbear.
Starting telnet daemon.
hwclock: can't open '/dev/misc/rtc': No such file or directory
Starting syslogd/klogd: done
Starting thttpd.
Starting Lighttpd Web Server: lighttpd.
2014-10-29 09:59:01: (log.c.166) server started 
[   39.836944] random: nonblocking pool is initialized
***************************************************************
***************************************************************
NOTICE: This file system contains the followin GPLv3 packages:
	binutils-symlinks
	binutils
	gdbserver
	parted
If you do not wish to distribute GPLv3 components please remove
the above packages prior to distribution.  This can be done using
the opkg remove command.  i.e.:
    opkg remove <package>
Where <package> is the name printed in the list above
NOTE: If the package is a dependency of another package you
      will be notified of the dependent packages.  You should
      use the --force-removal-of-dependent-packages option to
      also remove the dependent packages as well
***************************************************************
***************************************************************
Stopping Bootlog daemon: bootlogd.
 _____                    _____           _         _   
|  _  |___ ___ ___ ___   |  _  |___ ___  |_|___ ___| |_ 
|     |  _| .'| . | . |  |   __|  _| . | | | -_|  _|  _|
|__|__|_| |__,|_  |___|  |__|  |_| |___|_| |___|___|_|  
              |___|                    |___|            
Arago Project http://arago-project.org GenericOMAP3(FlattenedDeviceTree) tty-bd
Arago 2013.12 GenericOMAP3(FlattenedDeviceTree) tty-bd
GenericOMAP3(FlattenedDeviceTree) login: 
- 05:42:32 [INFO] Host: root
- 05:42:33 [INFO] Target: 
root
root@GenericOMAP3(FlattenedDeviceTree):~# 
- 05:42:33 [INFO] Host: uname -a
- 05:42:33 [INFO] Target: 
uname -a
Linux GenericOMAP3(FlattenedDeviceTree) 3.19.0-rc5-next-20150123-00002-g668191ac684c #1 SMP Fri Jan 23 05:37:30 CST 2015 armv7l GNU/Linux
root@GenericOMAP3(FlattenedDeviceTree):~# 
- 05:42:33 [INFO] Host: cat /proc/cmdline
- 05:42:34 [INFO] Target: 
cat /proc/cmdline
console=ttyO0,115200n8 earlyprintk rootwait ip=dhcp root=/dev/mmcblk0p2 rw rootfstype=ext3 nohlt
root@GenericOMAP3(FlattenedDeviceTree):~# 
- 05:42:34 [INFO] Host: uname -a
- 05:42:34 [INFO] Target: 
uname -a
Linux GenericOMAP3(FlattenedDeviceTree) 3.19.0-rc5-next-20150123-00002-g668191ac684c #1 SMP Fri Jan 23 05:37:30 CST 2015 armv7l GNU/Linux
root@GenericOMAP3(FlattenedDeviceTree):~# 
- 05:42:34 [INFO] Host: cat /proc/mtd
- 05:42:35 [INFO] Target: 
cat /proc/mtd
dev:    size   erasesize  name
mtd0: 00040000 00040000 "bootloader-nor"
mtd1: 00040000 00040000 "params-nor"
mtd2: 00200000 00040000 "kernel-nor"
mtd3: 07d80000 00040000 "filesystem-nor"
mtd4: 00080000 00020000 "xloader-onenand"
mtd5: 00040000 00020000 "bootloader-onenand"
mtd6: 00020000 00020000 "params-onenand"
mtd7: 00200000 00020000 "kernel-onenand"
mtd8: 0fd20000 00020000 "filesystem-onenand"
root@GenericOMAP3(FlattenedDeviceTree):~# 
- 05:42:40 [INFO] Host: export IPERFHOST=192.168.1.254
- 05:42:41 [INFO] Target: 
export IPERFHOST=192.168.1.254
root@GenericOMAP3(FlattenedDeviceTree):~# 
- 05:42:41 [INFO] Host: export NFS_SERVER=192.168.1.254
- 05:42:41 [INFO] Target: 
export NFS_SERVER=192.168.1.254
root@GenericOMAP3(FlattenedDeviceTree):~# 
- 05:42:41 [INFO] Host: export NFS_ROOT_PATH=/usr/workdir/filesys/linux/sdp3430
- 05:42:42 [INFO] Target: 
export NFS_ROOT_PATH=/usr/workdir/file 
sys/linux/sdp3430
root@GenericOMAP3(FlattenedDeviceTree):~# 
- 05:42:42 [INFO] Host: mkdir -p -m 777 /test
- 05:42:42 [INFO] Target: 
mkdir -p -m 777 /test
root@GenericOMAP3(FlattenedDeviceTree):~# 
- 05:42:42 [INFO] Host: cd /test
- 05:42:43 [INFO] Target: 
cd /test
root@GenericOMAP3(FlattenedDeviceTree):/test# 
- 05:42:43 [INFO] Host: cat > test.sh << EOF
- 05:42:43 [INFO] Target: 
cat > test.sh << EOF
- 05:42:43 [INFO] Host: failtest() {
- 05:42:44 [INFO] Target: 
failtest() {
- 05:42:44 [INFO] Host:   echo 1 >&3
- 05:42:44 [INFO] Target: 
  echo 1 >&3
- 05:42:44 [INFO] Host: }
- 05:42:45 [INFO] Target: 
- 05:42:45 [INFO] Host: timeout=600
- 05:42:45 [INFO] Target: 
timeout=600
- 05:42:45 [INFO] Host: 
- 05:42:46 [INFO] Target: 
- 05:42:46 [INFO] Host: # Start of user's script logic
- 05:42:46 [INFO] Target: 
# Start of user's script logic
- 05:42:46 [INFO] Host: 
- 05:42:47 [INFO] Target: 
- 05:42:47 [INFO] Host: 
- 05:42:47 [INFO] Target: 
- 05:42:47 [INFO] Host: mount -t proc proc /proc 2>/dev/null;
- 05:42:48 [INFO] Target: 
mount -t proc proc /proc 2>/dev/null;
- 05:42:48 [INFO] Host: 
- 05:42:48 [INFO] Target: 
- 05:42:48 [INFO] Host: mount -t sysfs sys /sys 2>/dev/null;
- 05:42:49 [INFO] Target: 
mount -t sysfs sys /sys 2>/dev/null;
- 05:42:49 [INFO] Host: 
- 05:42:49 [INFO] Target: 
- 05:42:49 [INFO] Host: mount -t debugfs none /sys/kernel/debug 2>/dev/null;
- 05:42:50 [INFO] Target: 
mount -t debugfs none /sys/kernel/debug 2>/dev/null;
- 05:42:50 [INFO] Host: 
- 05:42:50 [INFO] Target: 
- 05:42:50 [INFO] Host: echo 'cpuinfo:';cat /proc/cpuinfo; echo '=======';
- 05:42:51 [INFO] Target: 
echo 'cpuinfo:';cat /proc/cpuinfo; echo '=======';
- 05:42:51 [INFO] Host: 
- 05:42:51 [INFO] Target: 
- 05:42:51 [INFO] Host: echo 'soc info:';head /sys/devices/soc0/* 2>/dev/null; echo '=======';
- 05:42:52 [INFO] Target: 
echo 'soc info:';head /sys/devices/soc0/* 2>/dev/null; echo '=======';
- 05:42:52 [INFO] Host: 
- 05:42:52 [INFO] Target: 
- 05:42:52 [INFO] Host: echo 'DT Model info'; head /proc/device-tree/name /proc/device-tree/model /proc/device-tree/compatible 2>/dev/null;echo; echo '=======';
- 05:42:53 [INFO] Target: 
echo 'DT Model info'; head /proc/device-tree/name /proc/device-tree/model /pro 
c/device-tree/compatible 2>/dev/null;echo; echo '=======';
- 05:42:53 [INFO] Host: 
- 05:42:53 [INFO] Target: 
- 05:42:53 [INFO] Host: echo 'interrupts:';cat /proc/interrupts; echo '=======';
- 05:42:54 [INFO] Target: 
echo 'interrupts:';cat /proc/interrupts; echo '=======';
- 05:42:54 [INFO] Host: 
- 05:42:54 [INFO] Target: 
- 05:42:54 [INFO] Host: echo 'Clk_summary:';cat /sys/kernel/debug/clk/clk_summary; echo '=======';
- 05:42:55 [INFO] Target: 
echo 'Clk_summary:';cat /sys/kernel/debug/clk/clk_summary; echo '=======';
- 05:42:55 [INFO] Host: 
- 05:42:55 [INFO] Target: 
- 05:42:55 [INFO] Host: echo 'Orphan Clks:';ls /sys/kernel/debug/clk/orphans/; echo '=======';
- 05:42:56 [INFO] Target: 
echo 'Orphan Clks:';ls /sys/kernel/debug/clk/orphans/; echo '=======';
- 05:42:56 [INFO] Host: 
- 05:42:56 [INFO] Target: 
- 05:42:56 [INFO] Host: echo "Available frequencies"; cat /sys/devices/system/cpu/cpu0/cpufreq/scaling_available_frequencies 2>/dev/null;echo '=======';
- 05:42:57 [INFO] Target: 
echo "Available frequencies"; cat /sys/devices/system/cpu/cpu0/cpufreq/scaling 
_available_frequencies 2>/dev/null;echo '=======';
- 05:42:57 [INFO] Host: 
- 05:42:57 [INFO] Target: 
- 05:42:57 [INFO] Host: echo 'H''ello World' 'B''oard Booted';
- 05:42:58 [INFO] Target: 
echo 'H''ello World' 'B''oard Booted';
- 05:42:58 [INFO] Host: 
- 05:42:58 [INFO] Target: 
- 05:42:58 [INFO] Host: EOF
- 05:42:59 [INFO] Target: 
root@GenericOMAP3(FlattenedDeviceTree):/test# 
- 05:42:59 [INFO] Host: cd /test
- 05:42:59 [INFO] Target: 
cd /test
root@GenericOMAP3(FlattenedDeviceTree):/test# 
- 05:42:59 [INFO] Host: chmod +x test.sh
- 05:43:00 [INFO] Target: 
chmod +x test.sh
root@GenericOMAP3(FlattenedDeviceTree):/test# 
- 05:43:00 [INFO] Host: ./test.sh 2> stderr.log > stdout.log 3> result.log
- 05:43:00 [INFO] Target: 
./test.sh 2> stderr.log > stdout.l 
og 3> result.log
root@GenericOMAP3(FlattenedDeviceTree):/test# 
- 05:43:00 [INFO] Host: echo $?
- 05:43:01 [INFO] Target: 
echo $?
root@GenericOMAP3(FlattenedDeviceTree):/test# 
- 05:43:01 [INFO] Host: cd /test
- 05:43:01 [INFO] Target: 
cd /test
root@GenericOMAP3(FlattenedDeviceTree):/test# 
- 05:43:01 [INFO] Host: cat stdout.log
- 05:43:04 [INFO] Target: 
cat stdout.log
cpuinfo:
processor	: 0
model name	: ARMv7 Processor rev 3 (v7l)
BogoMIPS	: 496.43
Features	: half thumb fastmult vfp edsp thumbee neon vfpv3 tls vfpd32 
CPU implementer	: 0x41
CPU architecture: 7
CPU variant	: 0x1
CPU part	: 0xc08
CPU revision	: 3
Hardware	: Generic OMAP3 (Flattened Device Tree)
Revision	: 0000
Serial		: 0000000000000000
=======
soc info:
==> /sys/devices/soc0/family <==
OMAP3
==> /sys/devices/soc0/machine <==
OMAP3430/3530
==> /sys/devices/soc0/power <==
==> /sys/devices/soc0/revision <==
ES3.0
==> /sys/devices/soc0/subsystem <==
==> /sys/devices/soc0/type <==
==> /sys/devices/soc0/uevent <==
=======
DT Model info
==> /proc/device-tree/name <==
==> /proc/device-tree/model <==
TI OMAP3430 SDP
==> /proc/device-tree/compatible <==
ti,omap3430-sdpti,omap3
=======
interrupts:
           CPU0       
 23:          0      INTC   7  TWL4030-PIH
 25:          0      INTC   9  l3-debug-irq
 26:          0      INTC  10  l3-app-irq
 28:          0      INTC  12  DMA
 29:       2219      INTC  13  omap-dma-engine
 36:          0      INTC  20  gpmc
 53:       3143      INTC  37  gp_timer
 72:        336      INTC  56  48070000.i2c
 73:          0      INTC  57  48072000.i2c
 77:          0      INTC  61  48060000.i2c
 88:       4542      INTC  72  OMAP UART0
 99:       4831      INTC  83  mmc0
306:          0      PRCM  pm_wkup
315:          0      PRCM  pinctrl, pinctrl, pm_io
338:          0   twl4030   0  twl4030_gpio
343:          0   twl4030   5  twl4030_power
IPI0:          0  CPU wakeup interrupts
IPI1:          0  Timer broadcast interrupts
IPI2:          0  Rescheduling interrupts
IPI3:          0  Function call interrupts
IPI4:          0  Single function call interrupts
IPI5:          0  CPU stop interrupts
IPI6:          0  IRQ work interrupts
IPI7:          0  completion interrupts
Err:          0
=======
Clk_summary:
   clock                         enable_cnt  prepare_cnt        rate   accuracy   phase
----------------------------------------------------------------------------------------
 secure_32k_fck                           0            1       32768          0 0  
    wdt1_fck                              0            0       32768          0 0  
    gpt12_fck                             0            1       32768          0 0  
 dummy_ck                                 0            0           0          0 0  
 mcbsp_clks                               0            5           0          0 0  
 sys_altclk                               0            0           0          0 0  
 virt_38_4m_ck                            0            0    38400000          0 0  
 virt_26000000_ck                         1            1    26000000          0 0  
    osc_sys_ck                            1            1    26000000          0 0  
       sys_clkout1                        0            0    26000000          0 0  
       sys_ck                             3           18    13000000          0 0  
          gpt9_fck                        0            1    13000000          0 0  
          gpt8_fck                        0            1    13000000          0 0  
          gpt7_fck                        0            1    13000000          0 0  
          gpt6_fck                        0            1    13000000          0 0  
          gpt5_fck                        0            1    13000000          0 0  
          gpt4_fck                        0            1    13000000          0 0  
          gpt3_fck                        0            1    13000000          0 0  
          gpt2_fck                        0            1    13000000          0 0  
          cpefuse_fck                     0            0    13000000          0 0  
          dpll5_ck                        0            1   120000000          0 0  
             dpll5_m2_ck                  0            1   120000000          0 0  
                dpll5_m2_d20_ck           0            0     6000000          0 0  
                dpll5_m2_d16_ck           0            0     7500000          0 0  
                dpll5_m2_d8_ck            0            0    15000000          0 0  
                dpll5_m2_d4_ck            0            0    30000000          0 0  
                usbhost_120m_fck           0            0   120000000          0 0  
                usbtll_fck                0            1   120000000          0 0  
          sys_d2_ck                       0            0     6500000          0 0  
             usim_fck                     0            0     6500000          0 0  
          modem_fck                       0            0    13000000          0 0  
          dpll2_ck                        0            1   360000000          0 0  
             dpll2_m2_ck                  0            1   360000000          0 0  
                iva2_ck                   0            2   360000000          0 0  
          sr2_fck                         0            1    13000000          0 0  
          sr1_fck                         0            1    13000000          0 0  
          traceclk_src_fck                0            0    13000000          0 0  
             traceclk_fck                 0            0    13000000          0 0  
          emu_src_mux_ck                  0            1    13000000          0 0  
             emu_src_ck                   0            1    13000000          0 0  
                atclk_fck                 0            0    13000000          0 0  
                pclkx2_fck                0            0    13000000          0 0  
                pclk_fck                  0            0     6500000          0 0  
          dss2_alwon_fck                  0            2    13000000          0 0  
          dpll1_ck                        0            1   500000000          0 0  
             dpll1_x2_ck                  0            1  1000000000          0 0  
                dpll1_x2m2_ck             0            1  1000000000          0 0  
                   mpu_ck                 0            1  1000000000          0 0  
                      emu_mpu_alwon_ck           0            0  1000000000          0 0  
                      arm_fck             0            1   500000000          0 0  
          dpll3_ck                        1            1   332000000          0 0  
             dpll3_x2_ck                  0            0   664000000          0 0  
             dpll3_m2_ck                  1            2   332000000          0 0  
                dpll3_m2x2_ck             0            1   664000000          0 0  
                   corex2_fck             0            1   664000000          0 0  
                      ssi_ssr_fck_3430es2           0            1   221333334          0 0  
                         ssi_sst_fck_3430es2           0            0   110666667          0 0  
                      corex2_d5_fck           0            0   132800000          0 0  
                      corex2_d3_fck           0            0   221333333          0 0  
                core_ck                   1            1   332000000          0 0  
                   core_d2_ck             0            0   166000000          0 0  
                   core_d6_ck             0            0    55333333          0 0  
                      sgx_fck             0            0    55333333          0 0  
                   core_d4_ck             0            0    83000000          0 0  
                   core_d3_ck             0            0   110666666          0 0  
                   dpll2_fck              0            0   332000000          0 0  
                   l3_ick                 2            3   166000000          0 0  
                      sgx_ick             0            0   166000000          0 0  
                      mad2d_ick           0            0   166000000          0 0  
                      sad2d_ick           0            1   166000000          0 0  
                      security_l3_ick           0            0   166000000          0 0  
                         pka_ick           0            0   166000000          0 0  
                      core_l3_ick           8           10   166000000          0 0  
                         hsotgusb_ick_3430es2           0            1   166000000          0 0  
                         gpmc_fck           2            2   166000000          0 0  
                         sdrc_ick           1            1   166000000          0 0  
                      l4_ick              7            8    83000000          0 0  
                         usbhost_ick           1            1    83000000          0 0  
                         dss_ick_3430es2           4            6    83000000          0 0  
                         sr_l4_ick           2            2    83000000          0 0  
                         ssi_l4_ick           1            1    83000000          0 0  
                            ssi_ick_3430es2           1            1    83000000          0 0  
                         cam_ick           0            1    83000000          0 0  
                         security_l4_ick2           0            0    83000000          0 0  
                            des1_ick           0            0    83000000          0 0  
                            sha11_ick           0            0    83000000          0 0  
                            rng_ick           0            0    83000000          0 0  
                            aes1_ick           0            0    83000000          0 0  
                         per_l4_ick          12           17    83000000          0 0  
                            mcbsp4_ick           2            2    83000000          0 0  
                            mcbsp3_ick           2            2    83000000          0 0  
                            mcbsp2_ick           1            1    83000000          0 0  
                            gpt2_ick           1            1    83000000          0 0  
                            gpt3_ick           1            1    83000000          0 0  
                            gpt4_ick           1            1    83000000          0 0  
                            gpt5_ick           1            1    83000000          0 0  
                            gpt6_ick           1            1    83000000          0 0  
                            gpt7_ick           1            1    83000000          0 0  
                            gpt8_ick           1            1    83000000          0 0  
                            gpt9_ick           1            1    83000000          0 0  
                            uart4_ick           0            0    83000000          0 0  
                            uart3_ick           1            1    83000000          0 0  
                            wdt3_ick           0            0    83000000          0 0  
                            gpio2_ick           0            1    83000000          0 0  
                            gpio3_ick           0            1    83000000          0 0  
                            gpio4_ick           0            1    83000000          0 0  
                            gpio5_ick           0            1    83000000          0 0  
                            gpio6_ick           0            1    83000000          0 0  
                         core_l4_ick          21           23    83000000          0 0  
                            mmchs3_ick           1            1    83000000          0 0  
                            usbtll_ick           1            1    83000000          0 0  
                            mailboxes_ick           0            1    83000000          0 0  
                            mspro_ick           0            0    83000000          0 0  
                            des2_ick           0            0    83000000          0 0  
                            icr_ick           0            0    83000000          0 0  
                            sha12_ick           1            2    83000000          0 0  
                            aes2_ick           1            2    83000000          0 0  
                            omapctrl_ick           1            1    83000000          0 0  
                            mcbsp1_ick           1            1    83000000          0 0  
                            mcbsp5_ick           1            1    83000000          0 0  
                            gpt10_ick           1            1    83000000          0 0  
                            gpt11_ick           1            1    83000000          0 0  
                            uart1_ick           1            1    83000000          0 0  
                            uart2_ick           1            1    83000000          0 0  
                            i2c1_ick           1            1    83000000          0 0  
                            i2c2_ick           1            1    83000000          0 0  
                            i2c3_ick           1            1    83000000          0 0  
                            mcspi1_ick           1            1    83000000          0 0  
                            mcspi2_ick           1            1    83000000          0 0  
                            mcspi3_ick           1            1    83000000          0 0  
                            mcspi4_ick           1            1    83000000          0 0  
                            hdq_ick           0            1    83000000          0 0  
                            mmchs1_ick           1            1    83000000          0 0  
                            mmchs2_ick           1            1    83000000          0 0  
                         rm_ick           0            0    41500000          0 0  
                   dpll1_fck              0            0   166000000          0 0  
             dpll3_m3_ck                  0            0   166000000          0 0  
                dpll3_m3x2_mul_ck           0            0   332000000          0 0  
                   dpll3_m3x2_ck           0            0   332000000          0 0  
                      emu_core_alwon_ck           0            0   332000000          0 0  
          dpll4_ck                        1            3   432000000          0 0  
             dpll4_x2_ck                  0            0   864000000          0 0  
             dpll4_m6_ck                  0            0   144000000          0 0  
                dpll4_m6x2_mul_ck           0            0   288000000          0 0  
                   dpll4_m6x2_ck           0            0   288000000          0 0  
                      emu_per_alwon_ck           0            0   288000000          0 0  
             dpll4_m5_ck                  0            0   108000000          0 0  
                dpll4_m5x2_mul_ck           0            0   216000000          0 0  
                   dpll4_m5x2_ck           0            0   216000000          0 0  
                      cam_mclk            0            0   216000000          0 0  
             dpll4_m4_ck                  0            1   216000000          0 0  
                dpll4_m4x2_mul_ck           0            1   432000000          0 0  
                   dpll4_m4x2_ck           0            1   432000000          0 0  
                      dss1_alwon_fck_3430es2           0            4   432000000          0 0  
             dpll4_m3_ck                  0            1    27000000          0 0  
                dpll4_m3x2_mul_ck           0            1    54000000          0 0  
                   dpll4_m3x2_ck           0            1    54000000          0 0  
                      omap_54m_fck           0            1    54000000          0 0  
                         clkout2_src_ck           0            0    54000000          0 0  
                            sys_clkout2           0            0    54000000          0 0  
                         dss_tv_fck           0            2    54000000          0 0  
             dpll4_m2_ck                  1            1    48000000          0 0  
                dpll4_m2x2_mul_ck           1            1    96000000          0 0  
                   dpll4_m2x2_ck           1            1    96000000          0 0  
                      omap_192m_alwon_fck           0            0    96000000          0 0  
                      omap_96m_alwon_fck           1            2    96000000          0 0  
                         per_96m_fck           0            6    96000000          0 0  
                            mcbsp4_fck           0            1    96000000          0 0  
                            mcbsp3_fck           0            2    96000000          0 0  
                            mcbsp2_fck           0            2    96000000          0 0  
                         cm_96m_fck           1            2    96000000          0 0  
                            cm_96m_d2_fck           1            1    48000000          0 0  
                               omap_48m_fck           2            4    48000000          0 0  
                                  usbhost_48m_fck           0            1    48000000          0 0  
                                  per_48m_fck           1            1    48000000          0 0  
                                     uart3_fck           1            1    48000000          0 0  
                                  core_48m_fck           2            6    48000000          0 0  
                                     uart1_fck           1            1    48000000          0 0  
                                     uart2_fck           1            1    48000000          0 0  
                                     mcspi1_fck           0            1    48000000          0 0  
                                     mcspi2_fck           0            1    48000000          0 0  
                                     mcspi3_fck           0            1    48000000          0 0  
                                     mcspi4_fck           0            1    48000000          0 0  
                                  omap_12m_fck           0            1    12000000          0 0  
                                     core_12m_fck           0            1    12000000          0 0  
                                        hdq_fck             0            1    12000000          0 0  
                            omap_96m_fck           0            2    96000000          0 0  
                               omap_96m_d10_fck           0            0     9600000          0 0  
                               omap_96m_d8_fck           0            0    12000000          0 0  
                               omap_96m_d4_fck           0            0    24000000          0 0  
                               omap_96m_d2_fck           0            0    48000000          0 0  
                               dss_96m_fck           0            2    96000000          0 0  
                               core_96m_fck           0           10    96000000          0 0  
                                  mcbsp1_fck           0            1    96000000          0 0  
                                  mcbsp5_fck           0            1    96000000          0 0  
                                  mmchs3_fck           0            1    96000000          0 0  
                                  mspro_fck           0            0    96000000          0 0  
                                  csi2_96m_fck           0            0    96000000          0 0  
                                  i2c1_fck           0            1    96000000          0 0  
                                  i2c2_fck           0            1    96000000          0 0  
                                  i2c3_fck           0            1    96000000          0 0  
                                  mmchs1_fck           0            1    96000000          0 0  
                                  mmchs2_fck           0            1    96000000          0 0  
          wkup_l4_ick                     4            5    13000000          0 0  
             usim_ick                     0            0    13000000          0 0  
             gpt1_ick                     1            1    13000000          0 0  
             gpt12_ick                    1            1    13000000          0 0  
             omap_32ksync_ick             1            1    13000000          0 0  
             gpio1_ick                    0            1    13000000          0 0  
             wdt1_ick                     0            0    13000000          0 0  
             wdt2_ick                     1            1    13000000          0 0  
 virt_19200000_ck                         0            0    19200000          0 0  
 virt_13m_ck                              0            0    13000000          0 0  
 virt_12m_ck                              0            0    12000000          0 0  
 omap_32k_fck                             2            8       32768          0 0  
    gpt1_fck                              1            1       32768          0 0  
    gpt11_fck                             0            1       32768          0 0  
    gpt10_fck                             0            1       32768          0 0  
    ts_fck                                0            0       32768          0 0  
    per_32k_alwon_fck                     0            5       32768          0 0  
       wdt3_fck                           0            0       32768          0 0  
       gpio2_dbck                         0            1       32768          0 0  
       gpio3_dbck                         0            1       32768          0 0  
       gpio4_dbck                         0            1       32768          0 0  
       gpio5_dbck                         0            1       32768          0 0  
       gpio6_dbck                         0            1       32768          0 0  
    wkup_32k_fck                          1            3       32768          0 0  
       wdt2_fck                           0            1       32768          0 0  
       gpio1_dbck                         0            1       32768          0 0  
 dummy_apb_pclk                           0            0           0          0 0  
 virt_16_8m_ck                            0            0    16800000          0 0  
=======
Orphan Clks:
=======
Available frequencies
=======
Hello World Board Booted
root@GenericOMAP3(FlattenedDeviceTree):/test# 
- 05:43:04 [INFO] Host: cat stderr.log
- 05:43:04 [INFO] Target: 
cat stderr.log
ls: /sys/kernel/debug/clk/orphans/: No such file or directory
root@GenericOMAP3(FlattenedDeviceTree):/test# 
- 05:43:04 [INFO] Host: cat result.log
- 05:43:06 [ERROR] On command: cat result.log waiting for cat result.log.+?(?m-ix:^1[\0\n\r]+) >>> error: execution expired
- 05:43:06 [INFO] Target: 
cat result.log
root@GenericOMAP3(FlattenedDeviceTree):/test# 
- 05:43:06 [INFO] Host: cd /test
- 05:43:07 [INFO] Target: 
cd /test
root@GenericOMAP3(FlattenedDeviceTree):/test# 
URL:gtsystest.telogy.design.ti.com/vatf/tidfarm-02/tidfarm-02_vatf@7/tidfarm-0201_23_2015_05_41_04/files/session_iteration_1/test_1
