- 05:29:18 [INFO] Starting target session
- 05:29:18 [INFO] Connected to sdp3430 via serial 
- 05:29:18 [INFO] Host: 
- 05:29:19 [INFO] Target: 

root@GenericOMAP3(FlattenedDeviceTree):/test# 
- 05:29:19 [INFO] Host: sync;poweroff
- 05:29:36 [INFO] Target: 
sync;poweroff


Broadcast message from root@GenericOMAP3(FlattenedDeviceTree) (ttyO0) (Sun Ap
The system is going down for system halt NOW!

root@GenericOMAP3(Flatj(*UI55jR
INIT: Sending procesStopping Dropbear SSH server: stopped /usr/sbin/dropbear (pid 598)
dropbear.
Stopping telnet daemon.
Stopping system message bus: Error opening /dev/fb0: No such file or directory
Stopping syslogd/klogd: stopped syslogd (pid 610)
stopped klogd (pid 613)
done
Stopping thttpd.
ALSA: Storing mixer settings...
/usr/sbin/alsactl: save_state:1580: No soundcards found...
Deconfiguring network interfaces... ifdown: interface eth0 not configured
done.
Stopping Lighttpd Web Server: stopped /usr/sbin/lighttpd (pid 624)
lighttpd.
***************************************************************
***************************************************************
NOTICE: This file system contains the followin GPLv3 packages:
	binutils-symlinks
	binutils
	gdbserver
	parted

If you do not wish to distribute GPLv3 components please remove
the above packages prior to distribution.  This can be done using
the opkg remove command.  i.e.:
    opkg remove <package>
Where <package> is the name printed in the list above

NOTE: If the package is a dependency of another package you
      will be notified of the dependent packages.  You should
      use the --force-removal-of-dependent-packages option to
      also remove the dependent packages as well
***************************************************************
***************************************************************
Sending all processes the TERM signal...
Sending all processes the KILL signal...
Unmounting remote filesystems...
Deactivating swap...
Unmounting local filesystems...
[85147.273590] EXT4-fs (mmcblk0p2): re-mounted. Opts: data=ordered
[85149.435119] reboot: System halted

- 05:29:37 [INFO] Disconnected {"type"=>"serial"} from sdp3430
- 05:29:37 [INFO] Host: 
- 05:29:37 [ERROR] On command:  waiting for (?-mix:OMAP34XX\sSDP\s#) >>> error: execution expired
- 05:29:37 [INFO] Target: 

- 05:29:37 [INFO] Host: 
- 05:29:38 [ERROR] On command:  waiting for (?-mix:OMAP34XX\sSDP\s#) >>> error: execution expired
- 05:29:38 [INFO] Target: 

- 05:29:38 [INFO] Host: 
- 05:29:38 [ERROR] On command:  waiting for (?-mix:OMAP34XX\sSDP\s#) >>> error: execution expired
- 05:29:38 [INFO] Target: 


U-Boot 2009.11-rc1-00485-g7d1e865 (Nov 09 2009 - 11:21:55)

OMAP3530-GP ES3.0, CPU-OPP2 L3-165MHz
OMAP3 SDP3430 board + LPDDR/NOR
I2C:   ready
DRAM:  128 MB
Flash: 128 MB
In:    serial
Out:   serial
Err:   serial

- 05:29:39 [INFO] Host: 
- 05:29:39 [INFO] Target: 
OMAP34XX SDP # 

OMAP34XX SDP # 
- 05:29:39 [INFO] Host: version
- 05:29:40 [INFO] Target: 
version


U-Boot 2009.11-rc1-00485-g7d1e865 (Nov 09 2009 - 11:21:55)
OMAP34XX SDP # 
- 05:29:40 [INFO] Host: bdinfo
- 05:29:40 [INFO] Target: 
bdinfo

arch_number = 0x00000472
env_t       = 0x00000000
boot_params = 0x80000100
DRAM bank   = 0x00000000
-> start    = 0x80000000
-> size     = 0x08000000
DRAM bank   = 0x00000001
-> start    = 0xA0000000
-> size     = 0x00000000
ethaddr     = 08:00:28:01:24:57
ip_addr     = 0.0.0.0
baudrate    = 115200 bps
OMAP34XX SDP # 
- 05:29:40 [INFO] Host: printenv
- 05:29:41 [INFO] Target: 
printenv

baudrate=115200
loadaddr=0x82000000
console=ttyS0,115200n8
mmcargs=setenv bootargs console=${console} root=/dev/mmcblk0p2 rw rootfstype=ext3 rootwait
norargs=setenv bootargs console=${console} root=/dev/mtdblock3 rw rootfstype=jffs2
loadbootscript=fatload mmc 0 ${loadaddr} boot.scr
bootscript=echo Running bootscript from MMC/SD ...; autoscr ${loadaddr}
loaduimage=fatload mmc 0 ${loadaddr} uImage
mmcboot=echo Booting from MMC/SD ...; run mmcargs; bootm ${loadaddr}
norboot=echo Booting from NOR ...; run norargs; bootm 0x80000
bootdelay=3
ethaddr=08:00:28:01:24:57
serverip=128.247.91.123
bootfile=/tftpboot/kernel/uImage.omap3430-sdp
bootcmd=dhcp;bootm
bootargs=console=ttyO0,115200n8 debug ignore_loglevel earlyprintk root=/dev/mmcblk0p2 rw rootfstype=ext3 rootwait nohlt
stdin=serial
stdout=serial
stderr=serial

Environment size: 818/262140 bytes
OMAP34XX SDP # 
- 05:29:41 [INFO] Host: setenv autoload 'no'
- 05:29:41 [INFO] Target: 
setenv autoload 'no'

OMAP34XX SDP # 
- 05:29:41 [INFO] Host: dhcp
- 05:29:43 [INFO] Target: 
dhcp

Using MAC Address 08:00:28:01:24:57
BOOTP broadcast 1
DHCP client bound to address 192.168.1.185
OMAP34XX SDP # 
- 05:29:44 [INFO] Host: setenv serverip 128.247.105.47
- 05:29:44 [INFO] Target: 
setenv serverip 128.247.105.47

OMAP34XX SDP # 
- 05:29:44 [INFO] Host: setenv bootargs 'console=ttyO0,115200n8 earlyprintk rootwait ip=dhcp root=/dev/mmcblk0p2 rw rootfstype=ext3 nohlt'
- 05:29:45 [INFO] Target: 
setenv bootargs 'console=ttyO0,115200n8 earlyprintk rootwait ip=dhcp root=/dev/mmcblk0p2 rw rootfstype=ext3 nohlt'

OMAP34XX SDP # 
- 05:29:45 [INFO] Host: setenv bootcmd 'tftp ${loadaddr} 128.247.105.47:vatf_7/5f02e81435f173145e3716e794034077; bootm ${loadaddr}'
- 05:29:45 [INFO] Target: 
setenv bootcmd 'tftp ${loadaddr} 128.247.105.47:vatf_7/5f02e81435f173145e3716e794034077; bootm ${loadaddr}'

OMAP34XX SDP # 
- 05:29:45 [INFO] Host: printenv
- 05:29:46 [INFO] Target: 
printenv

baudrate=115200
loadaddr=0x82000000
console=ttyS0,115200n8
mmcargs=setenv bootargs console=${console} root=/dev/mmcblk0p2 rw rootfstype=ext3 rootwait
norargs=setenv bootargs console=${console} root=/dev/mtdblock3 rw rootfstype=jffs2
loadbootscript=fatload mmc 0 ${loadaddr} boot.scr
bootscript=echo Running bootscript from MMC/SD ...; autoscr ${loadaddr}
loaduimage=fatload mmc 0 ${loadaddr} uImage
mmcboot=echo Booting from MMC/SD ...; run mmcargs; bootm ${loadaddr}
norboot=echo Booting from NOR ...; run norargs; bootm 0x80000
bootdelay=3
ethaddr=08:00:28:01:24:57
stdin=serial
stdout=serial
stderr=serial
autoload=no
bootfile=/tftpboot/kernel/uImage.omap3430-sdp
gatewayip=192.168.1.254
netmask=255.255.255.0
ipaddr=192.168.1.185
serverip=128.247.105.47
bootargs=console=ttyO0,115200n8 earlyprintk rootwait ip=dhcp root=/dev/mmcblk0p2 rw rootfstype=ext3 nohlt
bootcmd=tftp ${loadaddr} 128.247.105.47:vatf_7/5f02e81435f173145e3716e794034077; bootm ${loadaddr}

Environment size: 963/262140 bytes
OMAP34XX SDP # 
- 05:29:46 [INFO] Host: boot
- 05:30:52 [INFO] Target: 
boot

Using MAC Address 08:00:28:01:24:57
TFTP from server 128.247.105.47; our IP address is 192.168.1.185; sending through gateway 192.168.1.254
Filename 'vatf_7/5f02e81435f173145e3716e794034077'.
Load address: 0x82000000
Loading: *#################################################################
	 #################################################################
	 #################################################################
	 #################################################################
	 ######################################
done
Bytes transferred = 4363754 (4295ea hex)
## Booting kernel from Legacy Image at 82000000 ...
   Image Name:   Linux-3.15.0-rc5-next-20140521-0
   Image Type:   ARM Linux Kernel Image (uncompressed)
   Data Size:    4363690 Bytes =  4.2 MB
   Load Address: 80800000
   Entry Point:  80800000
   Verifying Checksum ... OK
   Loading Kernel Image ... OK
OK

Starting kernel ...

[    0.000000] Booting Linux on physical CPU 0x0
[    0.000000] Linux version 3.15.0-rc5-next-20140521-00002-g86f77fe (nmenon@kahuna) (gcc version 4.6.3 (Ubuntu/Linaro 4.6.3-1ubuntu5) ) #1 SMP Thu May 22 05:25:54 CDT 2014
[    0.000000] CPU: ARMv7 Processor [411fc083] revision 3 (ARMv7), cr=10c5387d
[    0.000000] CPU: PIPT / VIPT nonaliasing data cache, VIPT nonaliasing instruction cache
[    0.000000] Machine model: TI OMAP3430 SDP
[    0.000000] cma: CMA: reserved 16 MiB at 86800000
[    0.000000] Memory policy: Data cache writeback
[    0.000000] CPU: All CPU(s) started in SVC mode.
[    0.000000] OMAP3430/3530 ES3.0 (l2cache iva sgx neon isp )
[    0.000000] PERCPU: Embedded 9 pages/cpu @c7da9000 s13568 r8192 d15104 u36864
[    0.000000] Built 1 zonelists in Zone order, mobility grouping on.  Total pages: 32256
[    0.000000] Kernel command line: console=ttyO0,115200n8 earlyprintk rootwait ip=dhcp root=/dev/mmcblk0p2 rw rootfstype=ext3 nohlt
[    0.000000] PID hash table entries: 512 (order: -1, 2048 bytes)
[    0.000000] Dentry cache hash table entries: 16384 (order: 4, 65536 bytes)
[    0.000000] Inode-cache hash table entries: 8192 (order: 3, 32768 bytes)
[    0.000000] Memory: 94936K/130048K available (5604K kernel code, 671K rwdata, 2168K rodata, 393K init, 8339K bss, 35112K reserved, 0K highmem)
[    0.000000] Virtual kernel memory layout:
[    0.000000]     vector  : 0xffff0000 - 0xffff1000   (   4 kB)
[    0.000000]     fixmap  : 0xffc00000 - 0xffe00000   (2048 kB)
[    0.000000]     vmalloc : 0xc8800000 - 0xff000000   ( 872 MB)
[    0.000000]     lowmem  : 0xc0000000 - 0xc8000000   ( 128 MB)
[    0.000000]     pkmap   : 0xbfe00000 - 0xc0000000   (   2 MB)
[    0.000000]     modules : 0xbf000000 - 0xbfe00000   (  14 MB)
[    0.000000]       .text : 0xc0008000 - 0xc079f430   (7774 kB)
[    0.000000]       .init : 0xc07a0000 - 0xc0802500   ( 394 kB)
[    0.000000]       .data : 0xc0804000 - 0xc08abf98   ( 672 kB)
[    0.000000]        .bss : 0xc08abf98 - 0xc10d0e10   (8340 kB)
[    0.000000] Hierarchical RCU implementation.
[    0.000000] 	RCU restricting CPUs from NR_CPUS=2 to nr_cpu_ids=1.
[    0.000000] RCU: Adjusting geometry for rcu_fanout_leaf=16, nr_cpu_ids=1
[    0.000000] NR_IRQS:16 nr_irqs:16 16
[    0.000000] IRQ: Found an INTC at 0xfa200000 (revision 4.0) with 96 interrupts
[    0.000000] Total of 96 interrupts on 1 active controller
[    0.000000] Clocking rate (Crystal/Core/MPU): 26.0/332/500 MHz
[    0.000000] OMAP clockevent source: timer1 at 32768 Hz
[    0.000061] sched_clock: 32 bits at 32kHz, resolution 30517ns, wraps every 65536000000000ns
[    0.000091] OMAP clocksource: 32k_counter at 32768 Hz
[    0.001556] Console: colour dummy device 80x30
[    0.001617] Lock dependency validator: Copyright (c) 2006 Red Hat, Inc., Ingo Molnar
[    0.001647] ... MAX_LOCKDEP_SUBCLASSES:  8
[    0.001678] ... MAX_LOCK_DEPTH:          48
[    0.001708] ... MAX_LOCKDEP_KEYS:        8191
[    0.001739] ... CLASSHASH_SIZE:          4096
[    0.001770] ... MAX_LOCKDEP_ENTRIES:     32768
[    0.001800] ... MAX_LOCKDEP_CHAINS:      65536
[    0.001831] ... CHAINHASH_SIZE:          32768
[    0.001861]  memory used by lock dependency info: 5167 kB
[    0.001861]  per task-struct memory footprint: 1152 bytes
[    0.001953] Calibrating delay loop... 496.43 BogoMIPS (lpj=2482176)
[    0.106933] pid_max: default: 32768 minimum: 301
[    0.107788] Security Framework initialized
[    0.108062] Mount-cache hash table entries: 1024 (order: 0, 4096 bytes)
[    0.108123] Mountpoint-cache hash table entries: 1024 (order: 0, 4096 bytes)
[    0.112823] CPU: Testing write buffer coherency: ok
[    0.115112] CPU0: thread -1, cpu 0, socket -1, mpidr 0
[    0.115356] Setting up static identity map for 0x8054f768 - 0x8054f7d8
[    0.122253] Brought up 1 CPUs
[    0.122283] SMP: Total of 1 processors activated.
[    0.122314] CPU: All CPU(s) started in SVC mode.
[    0.128173] devtmpfs: initialized
[    0.143432] VFP support v0.3: implementor 41 architecture 3 part 30 variant c rev 1
[    0.242828] omap_hwmod: mcbsp2_sidetone using broken dt data from mcbsp
[    0.245635] omap_hwmod: mcbsp3_sidetone using broken dt data from mcbsp
[    0.285095] ------------[ cut here ]------------
[    0.285186] WARNING: CPU: 0 PID: 1 at arch/arm/mach-omap2/omap_hwmod.c:2538 _init+0x1c0/0x3e0()
[    0.285217] omap_hwmod: ssi: doesn't have mpu register target base
[    0.285247] Modules linked in:
[    0.285278] CPU: 0 PID: 1 Comm: swapper/0 Not tainted 3.15.0-rc5-next-20140521-00002-g86f77fe #1
[    0.285369] [<c0014b90>] (unwind_backtrace) from [<c0011824>] (show_stack+0x10/0x14)
[    0.285430] [<c0011824>] (show_stack) from [<c0547904>] (dump_stack+0x78/0x94)
[    0.285461] [<c0547904>] (dump_stack) from [<c003f5bc>] (warn_slowpath_common+0x6c/0x8c)
[    0.285522] [<c003f5bc>] (warn_slowpath_common) from [<c003f670>] (warn_slowpath_fmt+0x30/0x40)
[    0.285552] [<c003f670>] (warn_slowpath_fmt) from [<c07acc90>] (_init+0x1c0/0x3e0)
[    0.285614] [<c07acc90>] (_init) from [<c0027958>] (omap_hwmod_for_each+0x34/0x5c)
[    0.285644] [<c0027958>] (omap_hwmod_for_each) from [<c07ad404>] (__omap_hwmod_setup_all+0x24/0x40)
[    0.285705] [<c07ad404>] (__omap_hwmod_setup_all) from [<c0008904>] (do_one_initcall+0x80/0x1cc)
[    0.285736] [<c0008904>] (do_one_initcall) from [<c07a0d2c>] (kernel_init_freeable+0xfc/0x1cc)
[    0.285797] [<c07a0d2c>] (kernel_init_freeable) from [<c0542474>] (kernel_init+0x8/0xe4)
[    0.285858] [<c0542474>] (kernel_init) from [<c000e5a8>] (ret_from_fork+0x14/0x2c)
[    0.286071] ---[ end trace 41d8ad0365cf95df ]---
[    0.374389] pinctrl core: initialized pinctrl subsystem
[    0.379699] regulator-dummy: no parameters
[    0.505279] NET: Registered protocol family 16
[    0.520904] DMA: preallocated 256 KiB pool for atomic coherent allocations
[    0.541564] Reprogramming SDRC clock to 332000000 Hz
[    0.561065] OMAP GPIO hardware version 2.5
[    0.614685] omap-gpmc 6e000000.gpmc: GPMC revision 5.0
[    0.616455] gpmc_probe_nand_child: ti,elm-id property not found
[    0.616760] gpmc_cs_program_settings: invalid width 0!
[    0.620788] No ATAGs?[    0.620849] hw-breakpoint: debug architecture 0x4 unsupported.
[    0.626373] OMAP DMA hardware revision 4.0
[    0.676605] edma-dma-engine edma-dma-engine.0: Can't allocate PaRAM dummy slot
[    0.676757] edma-dma-engine: probe of edma-dma-engine.0 failed with error -5
[    0.753448] omap-dma-engine 48056000.dma-controller: OMAP DMA engine driver
[    0.761779] SCSI subsystem initialized
[    0.763610] usbcore: registered new interface driver usbfs
[    0.764007] usbcore: registered new interface driver hub
[    0.765655] usbcore: registered new device driver usb
[    0.972991] omap_i2c 48070000.i2c: bus 0 rev3.3 at 2600 kHz
[    0.976104] omap_i2c 48072000.i2c: bus 1 rev3.3 at 100 kHz
[    0.979156] omap_i2c 48060000.i2c: bus 2 rev3.3 at 100 kHz
[    0.988800] Switched to clocksource 32k_counter
[    1.289001] NET: Registered protocol family 2
[    1.291961] TCP established hash table entries: 1024 (order: 0, 4096 bytes)
[    1.292236] TCP bind hash table entries: 1024 (order: 3, 36864 bytes)
[    1.292938] TCP: Hash tables configured (established 1024 bind 1024)
[    1.293273] TCP: reno registered
[    1.293365] UDP hash table entries: 256 (order: 2, 20480 bytes)
[    1.293762] UDP-Lite hash table entries: 256 (order: 2, 20480 bytes)
[    1.295776] NET: Registered protocol family 1
[    1.299530] RPC: Registered named UNIX socket transport module.
[    1.299621] RPC: Registered udp transport module.
[    1.299652] RPC: Registered tcp transport module.
[    1.299682] RPC: Registered tcp NFSv4.1 backchannel transport module.
[    1.301971] hw perfevents: enabled with ARMv7 Cortex-A8 PMU driver, 5 counters available
[    1.312713] futex hash table entries: 256 (order: 2, 16384 bytes)
[    1.322387] VFS: Disk quotas dquot_6.5.2
[    1.322662] Dquot-cache hash table entries: 1024 (order 0, 4096 bytes)
[    1.327331] NFS: Registering the id_resolver key type
[    1.328277] Key type id_resolver registered
[    1.328369] Key type id_legacy registered
[    1.328674] jffs2: version 2.2. (NAND) (SUMMARY)   2001-2006 Red Hat, Inc.
[    1.329620] msgmni has been set to 217
[    1.341674] io scheduler noop registered
[    1.341766] io scheduler deadline registered
[    1.341888] io scheduler cfq registered (default)
[    1.347045] pinctrl-single 48002030.pinmux: 284 pins at pa fa002030 size 568
[    1.348358] pinctrl-single 48002a00.pinmux: 46 pins at pa fa002a00 size 92
[    1.349609] pinctrl-single 480025d8.pinmux: 18 pins at pa fa0025d8 size 36
[    1.354064] pbias_mmc_omap2430: 1800 <--> 3000 mV at 3000 mV 
[    1.357238] Serial: 8250/16550 driver, 4 ports, IRQ sharing enabled
[    1.372344] omap_uart 4806a000.serial: no wakeirq for uart0
[    1.373382] 4806a000.serial: ttyO0 at MMIO 0x4806a000 (irq = 88, base_baud = 3000000) is a OMAP UART0
[    2.215179] console [ttyO0] enabled
[    2.223937] omap_uart 4806c000.serial: no wakeirq for uart0
[    2.230743] 4806c000.serial: ttyO1 at MMIO 0x4806c000 (irq = 89, base_baud = 3000000) is a OMAP UART1
[    2.243835] omap_uart 49020000.serial: no wakeirq for uart0
[    2.250366] 49020000.serial: ttyO2 at MMIO 0x49020000 (irq = 90, base_baud = 3000000) is a OMAP UART2
[    2.322174] brd: module loaded
[    2.359588] loop: module loaded
[    2.383178] twl 0-0048: PIH (irq 23) chaining IRQs 338..346
[    2.390106] twl 0-0048: power (irq 343) chaining IRQs 346..353
[    2.406646] VAUX1: at 3000 mV 
[    2.415924] VAUX2_4030: at 1800 mV 
[    2.425811] VAUX3: at 2800 mV 
[    2.434875] VAUX4: at 2800 mV 
[    2.443786] VDD1: 600 <--> 1450 mV at 1200 mV 
[    2.454925] VDAC: 1800 mV 
[    2.466217] VIO: at 1800 mV 
[    2.475433] VINTANA1: 1500 mV 
[    2.484710] VINTANA2: at 2750 mV 
[    2.494293] VINTDIG: 1500 mV 
[    2.501739] VMMC1: 1850 <--> 3150 mV at 3000 mV 
[    2.513519] VMMC2: 1850 <--> 3150 mV at 2600 mV 
[    2.523620] VUSB1V5: 1500 mV 
[    2.529724] VUSB1V8: 1800 mV 
[    2.535583] VUSB3V1: 3100 mV 
[    2.545318] VPLL1: at 1800 mV 
[    2.553924] VPLL2: 1800 mV 
[    2.561950] VSIM: 1800 <--> 3000 mV at 1800 mV 
[    2.572723] twl4030_gpio twl4030-gpio: gpio (irq 338) chaining IRQs 354..371
[    2.593994] mtdoops: mtd device (mtddev=name/number) must be supplied
[    2.602478] omap2-onenand omap2-onenand: initializing on CS2, phys base 0x20000000, virtual base c8880000, freq 0 MHz
[    2.613891] Muxed OneNAND 256MB 1.8V 16-bit (0x40)
[    2.619049] OneNAND version = 0x002c
[    2.624908] Scanning device for bad blocks
[    2.632873] OneNAND eraseblock 51 is an initial bad block
[    2.646148] OneNAND eraseblock 119 is an initial bad block
[    2.701538] OneNAND eraseblock 718 is an initial bad block
[    2.787689] OneNAND eraseblock 1746 is an initial bad block
[    2.821533] 5 ofpart partitions found on MTD device omap2-onenand
[    2.828186] Creating 5 MTD partitions on "omap2-onenand":
[    2.833953] 0x000000000000-0x000000080000 : "xloader-onenand"
[    2.853912] 0x000000080000-0x0000000c0000 : "bootloader-onenand"
[    2.870727] 0x0000000c0000-0x0000000e0000 : "params-onenand"
[    2.884765] 0x0000000e0000-0x0000002e0000 : "kernel-onenand"
[    2.900573] 0x0000002e0000-0x000010000000 : "filesystem-onenand"
[    2.944213] usbcore: registered new interface driver asix
[    2.950439] usbcore: registered new interface driver ax88179_178a
[    2.957153] usbcore: registered new interface driver cdc_ether
[    2.963806] usbcore: registered new interface driver smsc95xx
[    2.970275] usbcore: registered new interface driver net1080
[    2.976531] usbcore: registered new interface driver cdc_subset
[    2.983154] usbcore: registered new interface driver zaurus
[    2.989593] usbcore: registered new interface driver cdc_ncm
[    2.997741] usbcore: registered new interface driver cdc_wdm
[    3.004455] usbcore: registered new interface driver usb-storage
[    3.011352] usbcore: registered new interface driver usbtest
[    3.021820] mousedev: PS/2 mouse device common for all mice
[    3.029510] twl4030_keypad keypad.28: OF: linux,keymap property not defined in /ocp/i2c@48070000/twl@48/keypad
[    3.040771] twl4030_keypad keypad.28: Failed to build keymap
[    3.046905] twl4030_keypad: probe of keypad.28 failed with error -2
[    3.073455] input: twl4030_pwrbutton as /devices/68000000.ocp/48070000.i2c/i2c-0/0-0048/pwrbutton.27/input/input1
[    3.092224] twl_rtc rtc.3: Power up reset detected.
[    3.099822] twl_rtc rtc.3: Enabling TWL-RTC
[    3.115631] twl_rtc rtc.3: rtc core: registered rtc.3 as rtc0
[    3.125579] i2c /dev entries driver
[    3.137237] Driver for 1-wire Dallas network protocol.
[    3.152618] omap_wdt: OMAP Watchdog Timer Rev 0x31: initial timeout 60 sec
[    3.180419] omap_hsmmc 4809c000.mmc: pins are not configured from the driver
[    3.240051] ledtrig-cpu: registered to indicate activity on CPUs
[    3.247589] usbcore: registered new interface driver usbhid
[    3.253631] usbhid: USB HID core driver
[    3.260314] oprofile: using arm/armv7
[    3.265380] TCP: cubic registered
[    3.269165] Initializing XFRM netlink socket
[    3.273956] NET: Registered protocol family 17
[    3.278930] NET: Registered protocol family 15
[    3.284271] Key type dns_resolver registered
[    3.291229] PM: no software I/O chain control; some wakeups may be lost
[    3.299041] ThumbEE CPU extension supported.
[    3.303649] Registering SWP/SWPB emulation handler
[    3.332580] VPLL2: disabling
[    3.337646] VUSB3V1: disabling
[    3.342712] VUSB1V8: disabling
[    3.346862] VUSB1V5: disabling
[    3.351837] VDAC: disabling
[    3.355987] VAUX3: disabling
[    3.368621] twl_rtc rtc.3: setting system clock to 2000-01-01 00:00:00 UTC (946684800)
[    3.485809] mmc0: host does not support reading read-only switch. assuming write-enable.
[    3.497161] mmc0: new high speed SD card at address b368
[    3.507720] mmcblk0: mmc0:b368 SD    1.88 GiB 
[    3.524444]  mmcblk0: p1 p2
[   15.608947] kjournald starting.  Commit interval 5 seconds
[   15.619903] EXT3-fs (mmcblk0p2): using internal journal
[   15.625610] EXT3-fs (mmcblk0p2): mounted filesystem with ordered data mode
[   15.633300] VFS: Mounted root (ext3 filesystem) on device 179:2.
[   15.645141] devtmpfs: mounted
[   15.650054] Freeing unused kernel memory: 392K (c07a0000 - c0802000)

INIT: version 2.88 booting

Error opening /dev/fb0: No such file or directory
/dev/ttyO0 linked to /dev/tty-bd - using as console
Starting udev
[   17.187805] udevd[843]: starting version 182
[   24.430114] random: nonblocking pool is initialized
[   30.676269] FAT-fs (mmcblk0p1): Volume was not properly unmounted. Some data may be corrupt. Please run fsck.
ERROR: could not open directory /lib/modules/3.15.0-rc5-next-20140521-00002-g86f77fe: No such file or directory
WARNING: -e needs -E or -F
ERROR: could not open directory /lib/modules/3.15.0-rc5-next-20140521-00002-g86f77fe: No such file or directory
FATAL: could not search modules: No such file or directory
Starting Bootlog daemon: bootlogd: cannot allocate pseudo tty: No such file or directory
bootlogd.
ALSA: Restoring mixer settings...
/usr/sbin/alsactl: load_state:1696: No soundcards found...
Configuring network interfaces... ifconfig: SIOCGIFFLAGS: No such device
done.
Sun Apr 13 04:16:00 UTC 2014

INIT: Entering runlevel: 3

/dev/ttyO0 linked to /dev/tty-bd - using as console
Starting system message bus: dbus.
Starting Dropbear SSH server: dropbear.
Starting telnet daemon.
Starting syslogd/klogd: done
Starting thttpd.
Starting Lighttpd Web Server: lighttpd.
2014-04-13 04:16:02: (log.c.166) server started 
***************************************************************
***************************************************************
NOTICE: This file system contains the followin GPLv3 packages:
	binutils-symlinks
	binutils
	gdbserver
	parted

If you do not wish to distribute GPLv3 components please remove
the above packages prior to distribution.  This can be done using
the opkg remove command.  i.e.:
    opkg remove <package>
Where <package> is the name printed in the list above

NOTE: If the package is a dependency of another package you
      will be notified of the dependent packages.  You should
      use the --force-removal-of-dependent-packages option to
      also remove the dependent packages as well
***************************************************************
***************************************************************
Stopping Bootlog daemon: bootlogd.

 _____                    _____           _         _   
|  _  |___ ___ ___ ___   |  _  |___ ___  |_|___ ___| |_ 
|     |  _| .'| . | . |  |   __|  _| . | | | -_|  _|  _|
|__|__|_| |__,|_  |___|  |__|  |_| |___|_| |___|___|_|  
              |___|                    |___|            

Arago Project http://arago-project.org GenericOMAP3(FlattenedDeviceTree) tty-bd

Arago 2013.12 GenericOMAP3(FlattenedDeviceTree) tty-bd

GenericOMAP3(FlattenedDeviceTree) login: 
- 05:30:52 [INFO] Host: root
- 05:30:52 [INFO] Target: 
root
root@GenericOMAP3(FlattenedDeviceTree):~# 
- 05:30:52 [INFO] Host: uname -a
- 05:30:53 [INFO] Target: 
uname -a
Linux GenericOMAP3(FlattenedDeviceTree) 3.15.0-rc5-next-20140521-00002-g86f77fe #1 SMP Thu May 22 05:25:54 CDT 2014 armv7l GNU/Linux
root@GenericOMAP3(FlattenedDeviceTree):~# 
- 05:30:53 [INFO] Host: cat /proc/cmdline
- 05:30:53 [INFO] Target: 
cat /proc/cmdline
console=ttyO0,115200n8 earlyprintk rootwait ip=dhcp root=/dev/mmcblk0p2 rw rootfstype=ext3 nohlt
root@GenericOMAP3(FlattenedDeviceTree):~# 
- 05:30:54 [INFO] Host: uname -a
- 05:30:54 [INFO] Target: 
uname -a
Linux GenericOMAP3(FlattenedDeviceTree) 3.15.0-rc5-next-20140521-00002-g86f77fe #1 SMP Thu May 22 05:25:54 CDT 2014 armv7l GNU/Linux
root@GenericOMAP3(FlattenedDeviceTree):~# 
- 05:30:54 [INFO] Host: cat /proc/mtd
- 05:30:55 [INFO] Target: 
cat /proc/mtd
dev:    size   erasesize  name
mtd0: 00080000 00020000 "xloader-onenand"
mtd1: 00040000 00020000 "bootloader-onenand"
mtd2: 00020000 00020000 "params-onenand"
mtd3: 00200000 00020000 "kernel-onenand"
mtd4: 0fd20000 00020000 "filesystem-onenand"
root@GenericOMAP3(FlattenedDeviceTree):~# 
- 05:31:03 [INFO] Host: export IPERFHOST=128.247.105.47
- 05:31:04 [INFO] Target: 
export IPERFHOST=128.247.105.47
root@GenericOMAP3(FlattenedDeviceTree):~# 
- 05:31:04 [INFO] Host: export NFS_SERVER=128.247.105.47
- 05:31:04 [INFO] Target: 
export NFS_SERVER=128.247.105.47
root@GenericOMAP3(FlattenedDeviceTree):~# 
- 05:31:04 [INFO] Host: export NFS_ROOT_PATH=/usr/workdir/filesys/linux/sdp3430
- 05:31:05 [INFO] Target: 
export NFS_ROOT_PATH=/usr/workdir/file 
sys/linux/sdp3430
root@GenericOMAP3(FlattenedDeviceTree):~# 
- 05:31:05 [INFO] Host: mkdir -p -m 777 /test
- 05:31:06 [INFO] Target: 
mkdir -p -m 777 /test
root@GenericOMAP3(FlattenedDeviceTree):~# 
- 05:31:06 [INFO] Host: cd /test
- 05:31:06 [INFO] Target: 
cd /test
root@GenericOMAP3(FlattenedDeviceTree):/test# 
- 05:31:06 [INFO] Host: cat > test.sh << EOF
- 05:31:07 [INFO] Target: 
cat > test.sh << EOF
> 
- 05:31:07 [INFO] Host: failtest() {

- 05:31:07 [INFO] Target: 
failtest() {
> 
- 05:31:07 [INFO] Host:   echo 1 >&3

- 05:31:08 [INFO] Target: 
  echo 1 >&3
> 
- 05:31:08 [INFO] Host: }

- 05:31:09 [INFO] Target: 
}
> 
- 05:31:09 [INFO] Host: script=anonymous:anonymous@gtautoftp.gt.design.ti.com/anonymous/opentest/target-test-basic.sh_md5_5d260c597a39e144f6dea1bc54ee8584

- 05:31:19 [ERROR] On command: script=anonymous:anonymous@gtautoftp.gt.design.ti.com/anonymous/opentest/target-test-basic.sh_md5_5d260c597a39e144f6dea1bc54ee8584
 waiting for (?-mix:.*) >>> error: execution expired
- 05:31:19 [INFO] Target: 
script=anonymous:anonymous@gtautoftp.gt.design.ti.com/anonymous/opentest/targe 
t-test-basic.sh_md5_5d260c597a39e144f6dea1bc54ee8584
> 
- 05:31:19 [INFO] Host: timeout=600

- 05:31:19 [INFO] Target: 
timeout=600
> 
- 05:31:19 [INFO] Host: 

- 05:31:20 [INFO] Target: 

> 
- 05:31:20 [INFO] Host: # Start of user's script logic

- 05:31:21 [INFO] Target: 
# Start of user's script logic
> 
- 05:31:21 [INFO] Host: 

- 05:31:21 [INFO] Target: 

> 
- 05:31:21 [INFO] Host: 

- 05:31:22 [INFO] Target: 

> 
- 05:31:22 [INFO] Host: mount -t proc proc /proc 2>/dev/null;

- 05:31:22 [INFO] Target: 
mount -t proc proc /proc 2>/dev/null;
> 
- 05:31:22 [INFO] Host: 

- 05:31:23 [INFO] Target: 

> 
- 05:31:23 [INFO] Host: mount -t sysfs sys /sys 2>/dev/null;

- 05:31:23 [INFO] Target: 
mount -t sysfs sys /sys 2>/dev/null;
> 
- 05:31:24 [INFO] Host: 

- 05:31:24 [INFO] Target: 

> 
- 05:31:24 [INFO] Host: mount -t debugfs none /sys/kernel/debug 2>/dev/null;

- 05:31:25 [INFO] Target: 
mount -t debugfs none /sys/kernel/debug 2>/dev/null;
> 
- 05:31:25 [INFO] Host: 

- 05:31:25 [INFO] Target: 

> 
- 05:31:25 [INFO] Host: echo 'cpuinfo:';cat /proc/cpuinfo; echo '=======';

- 05:31:26 [INFO] Target: 
echo 'cpuinfo:';cat /proc/cpuinfo; echo '=======';
> 
- 05:31:26 [INFO] Host: 

- 05:31:26 [INFO] Target: 

> 
- 05:31:26 [INFO] Host: echo 'soc info:';head /sys/devices/soc0/* 2>/dev/null; echo '=======';

- 05:31:27 [INFO] Target: 
echo 'soc info:';head /sys/devices/soc0/* 2>/dev/null; echo '=======';
> 
- 05:31:27 [INFO] Host: 

- 05:31:28 [INFO] Target: 

> 
- 05:31:28 [INFO] Host: echo 'interrupts:';cat /proc/interrupts; echo '=======';

- 05:31:28 [INFO] Target: 
echo 'interrupts:';cat /proc/interrupts; echo '=======';
> 
- 05:31:28 [INFO] Host: 

- 05:31:29 [INFO] Target: 

> 
- 05:31:29 [INFO] Host: echo 'Clk_summary:';cat /sys/kernel/debug/clk/clk_summary; echo '=======';

- 05:31:29 [INFO] Target: 
echo 'Clk_summary:';cat /sys/kernel/debug/clk/clk_summary; echo '=======';
> 
- 05:31:29 [INFO] Host: 

- 05:31:30 [INFO] Target: 

> 
- 05:31:30 [INFO] Host: echo 'Orphan Clks:';ls /sys/kernel/debug/clk/orphans/; echo '=======';

- 05:31:31 [INFO] Target: 
echo 'Orphan Clks:';ls /sys/kernel/debug/clk/orphans/; echo '=======';
> 
- 05:31:31 [INFO] Host: 

- 05:31:31 [INFO] Target: 

> 
- 05:31:31 [INFO] Host: echo 'H''ello World' 'B''oard Booted';

- 05:31:32 [INFO] Target: 
echo 'H''ello World' 'B''oard Booted';
> 
- 05:31:32 [INFO] Host: 

- 05:31:32 [INFO] Target: 

> 
- 05:31:33 [INFO] Host: EOF
- 05:31:33 [INFO] Target: 
EOF
root@GenericOMAP3(FlattenedDeviceTree):/test# 
- 05:31:33 [INFO] Host: cd /test
- 05:31:34 [INFO] Target: 
cd /test
root@GenericOMAP3(FlattenedDeviceTree):/test# 
- 05:31:34 [INFO] Host: chmod +x test.sh
- 05:31:34 [INFO] Target: 
chmod +x test.sh
root@GenericOMAP3(FlattenedDeviceTree):/test# 
- 05:31:34 [INFO] Host: ./test.sh 2> stderr.log > stdout.log 3> result.log
- 05:31:35 [INFO] Target: 
./test.sh 2> stderr.log > stdout.l 
og 3> result.log
root@GenericOMAP3(FlattenedDeviceTree):/test# 
- 05:31:35 [INFO] Host: echo $?
- 05:31:35 [INFO] Target: 
echo $?
0
root@GenericOMAP3(FlattenedDeviceTree):/test# 
- 05:31:36 [INFO] Host: cd /test
- 05:31:36 [INFO] Target: 
cd /test
root@GenericOMAP3(FlattenedDeviceTree):/test# 
- 05:31:36 [INFO] Host: cat stdout.log
- 05:31:38 [INFO] Target: 
cat stdout.log
cpuinfo:
processor	: 0
model name	: ARMv7 Processor rev 3 (v7l)
Features	: swp half thumb fastmult vfp edsp thumbee neon vfpv3 tls vfpd32 
CPU implementer	: 0x41
CPU architecture: 7
CPU variant	: 0x1
CPU part	: 0xc08
CPU revision	: 3

Hardware	: Generic OMAP3 (Flattened Device Tree)
Revision	: 0000
Serial		: 0000000000000000
=======
soc info:
==> /sys/devices/soc0/family <==
OMAP3

==> /sys/devices/soc0/machine <==
OMAP3430/3530

==> /sys/devices/soc0/power <==

==> /sys/devices/soc0/revision <==
ES3.0

==> /sys/devices/soc0/subsystem <==

==> /sys/devices/soc0/type <==
GP

==> /sys/devices/soc0/uevent <==
=======
interrupts:
           CPU0       
 23:          0      INTC   7  TWL4030-PIH
 25:          0      INTC   9  l3-debug-irq
 26:          0      INTC  10  l3-app-irq
 28:          0      INTC  12  DMA
 29:       2281      INTC  13  omap-dma-engine
 36:          0      INTC  20  gpmc
 53:       2954      INTC  37  gp_timer
 72:        428      INTC  56  48070000.i2c
 73:          0      INTC  57  48072000.i2c
 77:          0      INTC  61  48060000.i2c
 88:       4226      INTC  72  OMAP UART0
 99:       4837      INTC  83  mmc0
306:          0      PRCM  pm_wkup
315:          0      PRCM  pinctrl, pinctrl, pm_io
338:          0   twl4030   0  twl4030_gpio
343:          0   twl4030   5  twl4030_power
346:          0   twl4030   8  twl4030_pwrbutton
349:          0   twl4030  11  rtc0
IPI0:          0  CPU wakeup interrupts
IPI1:          0  Timer broadcast interrupts
IPI2:          0  Rescheduling interrupts
IPI3:          0  Function call interrupts
IPI4:          0  Single function call interrupts
IPI5:          0  CPU stop interrupts
IPI6:          0  IRQ work interrupts
IPI7:          0  completion interrupts
Err:          0
=======
Clk_summary:
   clock                        enable_cnt  prepare_cnt  rate        accuracy
---------------------------------------------------------------------------------
 secure_32k_fck                 0           1            32768      0          
    wdt1_fck                    0           0            32768      0          
    gpt12_fck                   0           1            32768      0          
 dummy_ck                       0           0            0          0          
 mcbsp_clks                     0           5            0          0          
 sys_altclk                     0           0            0          0          
 virt_38_4m_ck                  0           0            38400000   0          
 virt_26000000_ck               1           1            26000000   0          
    osc_sys_ck                  1           1            26000000   0          
       sys_clkout1              0           0            26000000   0          
       sys_ck                   3           18           13000000   0          
          cpefuse_fck           0           0            13000000   0          
          dpll5_ck              0           1            120000000  0          
             dpll5_m2_ck        0           1            120000000  0          
                usbhost_120m_fck 0           0            120000000  0          
                usbtll_fck      0           1            120000000  0          
                dpll5_m2_d4_ck  0           0            30000000   0          
                dpll5_m2_d8_ck  0           0            15000000   0          
                dpll5_m2_d16_ck 0           0            7500000    0          
                dpll5_m2_d20_ck 0           0            6000000    0          
          sys_d2_ck             0           0            6500000    0          
             usim_fck           0           0            6500000    0          
          modem_fck             0           0            13000000   0          
          dpll2_ck              0           1            360000000  0          
             dpll2_m2_ck        0           1            360000000  0          
                iva2_ck         0           2            360000000  0          
          sr2_fck               0           1            13000000   0          
          sr1_fck               0           1            13000000   0          
          traceclk_src_fck      0           0            13000000   0          
             traceclk_fck       0           0            13000000   0          
          emu_src_mux_ck        0           1            13000000   0          
             emu_src_ck         0           1            13000000   0          
                atclk_fck       0           0            13000000   0          
                pclkx2_fck      0           0            13000000   0          
                pclk_fck        0           0            6500000    0          
          gpt9_fck              0           1            13000000   0          
          gpt8_fck              0           1            13000000   0          
          gpt7_fck              0           1            13000000   0          
          gpt6_fck              0           1            13000000   0          
          gpt5_fck              0           1            13000000   0          
          gpt4_fck              0           1            13000000   0          
          gpt3_fck              0           1            13000000   0          
          gpt2_fck              0           1            13000000   0          
          dss2_alwon_fck        0           2            13000000   0          
          dpll1_ck              0           1            500000000  0          
             dpll1_x2_ck        0           1            1000000000 0          
                dpll1_x2m2_ck   0           1            1000000000 0          
                   mpu_ck       0           1            1000000000 0          
                      emu_mpu_alwon_ck 0           0            1000000000 0          
                      arm_fck   0           1            500000000  0          
          dpll3_ck              1           1            332000000  0          
             dpll3_m2_ck        1           1            332000000  0          
                core_ck         1           1            332000000  0          
                   core_d2_ck   0           0            166000000  0          
                   core_d6_ck   0           0            55333333   0          
                      sgx_fck   0           0            55333333   0          
                   core_d4_ck   0           0            83000000   0          
                   core_d3_ck   0           0            110666666  0          
                   dpll2_fck    0           0            332000000  0          
                   l3_ick       2           3            166000000  0          
                      sgx_ick   0           0            166000000  0          
                      mad2d_ick 0           0            166000000  0          
                      sad2d_ick 0           1            166000000  0          
                      security_l3_ick 0           0            166000000  0          
                         pka_ick 0           0            166000000  0          
                      core_l3_ick 8           10           166000000  0          
                         hsotgusb_ick_3430es2 0           1            166000000  0          
                         gpmc_fck 2           2            166000000  0          
                         sdrc_ick 1           1            166000000  0          
                      l4_ick    6           7            83000000   0          
                         usbhost_ick 1           1            83000000   0          
                         dss_ick_3430es2 4           6            83000000   0          
                         sr_l4_ick 2           2            83000000   0          
                         ssi_l4_ick 0           0            83000000   0          
                            ssi_ick_3430es2 0           0            83000000   0          
                         cam_ick 0           1            83000000   0          
                         security_l4_ick2 0           0            83000000   0          
                            des1_ick 0           0            83000000   0          
                            sha11_ick 0           0            83000000   0          
                            rng_ick 0           0            83000000   0          
                            aes1_ick 0           0            83000000   0          
                         per_l4_ick 12          17           83000000   0          
                            mcbsp4_ick 2           2            83000000   0          
                            mcbsp3_ick 2           2            83000000   0          
                            mcbsp2_ick 1           1            83000000   0          
                            gpt2_ick 1           1            83000000   0          
                            gpt3_ick 1           1            83000000   0          
                            gpt4_ick 1           1            83000000   0          
                            gpt5_ick 1           1            83000000   0          
                            gpt6_ick 1           1            83000000   0          
                            gpt7_ick 1           1            83000000   0          
                            gpt8_ick 1           1            83000000   0          
                            gpt9_ick 1           1            83000000   0          
                            uart4_ick 0           0            83000000   0          
                            uart3_ick 1           1            83000000   0          
                            wdt3_ick 0           0            83000000   0          
                            gpio2_ick 0           1            83000000   0          
                            gpio3_ick 0           1            83000000   0          
                            gpio4_ick 0           1            83000000   0          
                            gpio5_ick 0           1            83000000   0          
                            gpio6_ick 0           1            83000000   0          
                         core_l4_ick 21          23           83000000   0          
                            mmchs3_ick 1           1            83000000   0          
                            usbtll_ick 1           1            83000000   0          
                            mailboxes_ick 0           1            83000000   0          
                            mspro_ick 0           0            83000000   0          
                            des2_ick 0           0            83000000   0          
                            icr_ick 0           0            83000000   0          
                            sha12_ick 1           2            83000000   0          
                            aes2_ick 1           2            83000000   0          
                            omapctrl_ick 1           1            83000000   0          
                            mcbsp1_ick 1           1            83000000   0          
                            mcbsp5_ick 1           1            83000000   0          
                            gpt10_ick 1           1            83000000   0          
                            gpt11_ick 1           1            83000000   0          
                            uart1_ick 1           1            83000000   0          
                            uart2_ick 1           1            83000000   0          
                            i2c1_ick 1           1            83000000   0          
                            i2c2_ick 1           1            83000000   0          
                            i2c3_ick 1           1            83000000   0          
                            mcspi1_ick 1           1            83000000   0          
                            mcspi2_ick 1           1            83000000   0          
                            mcspi3_ick 1           1            83000000   0          
                            mcspi4_ick 1           1            83000000   0          
                            hdq_ick 0           1            83000000   0          
                            mmchs1_ick 1           1            83000000   0          
                            mmchs2_ick 1           1            83000000   0          
                         rm_ick 0           0            41500000   0          
                   dpll1_fck    0           0            166000000  0          
                dpll3_m2x2_ck   0           0            664000000  0          
                   corex2_fck   0           0            664000000  0          
                      ssi_ssr_fck_3430es2 0           0            221333334  0          
                         ssi_sst_fck_3430es2 0           0            110666667  0          
                      corex2_d5_fck 0           0            132800000  0          
                      corex2_d3_fck 0           0            221333333  0          
             dpll3_m3_ck        0           0            166000000  0          
                dpll3_m3x2_mul_ck 0           0            332000000  0          
                   dpll3_m3x2_ck 0           0            332000000  0          
                      emu_core_alwon_ck 0           0            332000000  0          
             dpll3_x2_ck        0           0            664000000  0          
          dpll4_ck              1           3            432000000  0          
             dpll4_m6_ck        0           0            144000000  0          
                dpll4_m6x2_mul_ck 0           0            288000000  0          
                   dpll4_m6x2_ck 0           0            288000000  0          
                      emu_per_alwon_ck 0           0            288000000  0          
             dpll4_m5_ck        0           0            108000000  0          
                dpll4_m5x2_mul_ck 0           0            216000000  0          
                   dpll4_m5x2_ck 0           0            216000000  0          
                      cam_mclk  0           0            216000000  0          
             dpll4_m4_ck        0           1            216000000  0          
                dpll4_m4x2_mul_ck 0           1            432000000  0          
                   dpll4_m4x2_ck 0           1            432000000  0          
                      dss1_alwon_fck_3430es2 0           4            432000000  0          
             dpll4_m3_ck        0           1            27000000   0          
                dpll4_m3x2_mul_ck 0           1            54000000   0          
                   dpll4_m3x2_ck 0           1            54000000   0          
                      omap_54m_fck 0           1            54000000   0          
                         dss_tv_fck 0           2            54000000   0          
                         clkout2_src_ck 0           0            54000000   0          
                            sys_clkout2 0           0            54000000   0          
             dpll4_m2_ck        1           1            48000000   0          
                dpll4_m2x2_mul_ck 1           1            96000000   0          
                   dpll4_m2x2_ck 1           1            96000000   0          
                      omap_192m_alwon_fck 0           0            96000000   0          
                      omap_96m_alwon_fck 1           2            96000000   0          
                         per_96m_fck 0           6            96000000   0          
                            mcbsp4_fck 0           1            96000000   0          
                            mcbsp3_fck 0           2            96000000   0          
                            mcbsp2_fck 0           2            96000000   0          
                         cm_96m_fck 1           2            96000000   0          
                            cm_96m_d2_fck 1           1            48000000   0          
                               omap_48m_fck 2           4            48000000   0          
                                  usbhost_48m_fck 0           1            48000000   0          
                                  per_48m_fck 1           1            48000000   0          
                                     uart3_fck 1           1            48000000   0          
                                  core_48m_fck 2           6            48000000   0          
                                     uart1_fck 1           1            48000000   0          
                                     uart2_fck 1           1            48000000   0          
                                     mcspi1_fck 0           1            48000000   0          
                                     mcspi2_fck 0           1            48000000   0          
                                     mcspi3_fck 0           1            48000000   0          
                                     mcspi4_fck 0           1            48000000   0          
                                  omap_12m_fck 0           1            12000000   0          
                                     core_12m_fck 0           1            12000000   0          
                                        hdq_fck   0           1            12000000   0          
                            omap_96m_fck 0           2            96000000   0          
                               omap_96m_d10_fck 0           0            9600000    0          
                               omap_96m_d8_fck 0           0            12000000   0          
                               omap_96m_d4_fck 0           0            24000000   0          
                               omap_96m_d2_fck 0           0            48000000   0          
                               dss_96m_fck 0           2            96000000   0          
                               core_96m_fck 0           10           96000000   0          
                                  mcbsp1_fck 0           1            96000000   0          
                                  mcbsp5_fck 0           1            96000000   0          
                                  mmchs3_fck 0           1            96000000   0          
                                  mspro_fck 0           0            96000000   0          
                                  csi2_96m_fck 0           0            96000000   0          
                                  i2c1_fck 0           1            96000000   0          
                                  i2c2_fck 0           1            96000000   0          
                                  i2c3_fck 0           1            96000000   0          
                                  mmchs1_fck 0           1            96000000   0          
                                  mmchs2_fck 0           1            96000000   0          
             dpll4_x2_ck        0           0            864000000  0          
          wkup_l4_ick           4           5            13000000   0          
             usim_ick           0           0            13000000   0          
             gpt1_ick           1           1            13000000   0          
             gpt12_ick          1           1            13000000   0          
             omap_32ksync_ick   1           1            13000000   0          
             gpio1_ick          0           1            13000000   0          
             wdt1_ick           0           0            13000000   0          
             wdt2_ick           1           1            13000000   0          
 virt_19200000_ck               0           0            19200000   0          
 virt_13m_ck                    0           0            13000000   0          
 virt_12m_ck                    0           0            12000000   0          
 omap_32k_fck                   2           8            32768      0          
    gpt1_fck                    1           1            32768      0          
    ts_fck                      0           0            32768      0          
    per_32k_alwon_fck           0           5            32768      0          
       wdt3_fck                 0           0            32768      0          
       gpio2_dbck               0           1            32768      0          
       gpio3_dbck               0           1            32768      0          
       gpio4_dbck               0           1            32768      0          
       gpio5_dbck               0           1            32768      0          
       gpio6_dbck               0           1            32768      0          
    wkup_32k_fck                1           3            32768      0          
       wdt2_fck                 0           1            32768      0          
       gpio1_dbck               0           1            32768      0          
    gpt11_fck                   0           1            32768      0          
    gpt10_fck                   0           1            32768      0          
 dummy_apb_pclk                 0           0            0          0          
 virt_16_8m_ck                  0           0            16800000   0          
=======
Orphan Clks:
=======
Hello World Board Booted
root@GenericOMAP3(FlattenedDeviceTree):/test# 
- 05:31:38 [INFO] Host: cat stderr.log
- 05:31:39 [INFO] Target: 
cat stderr.log
root@GenericOMAP3(FlattenedDeviceTree):/test# 
- 05:31:39 [INFO] Host: cat result.log
- 05:31:41 [ERROR] On command: cat result.log waiting for (?m-ix:^1[\0\n\r]+) >>> error: execution expired
- 05:31:41 [INFO] Target: 
cat result.log
root@GenericOMAP3(FlattenedDeviceTree):/test# 
- 05:31:41 [INFO] Host: cd /test
- 05:31:42 [INFO] Target: 
cd /test
root@GenericOMAP3(FlattenedDeviceTree):/test# 
