- 03:24:23 [INFO] Starting target session
- 03:24:25 [INFO] Connected to sdp4430 via serial 
- 03:24:25 [INFO] Host: #check prompt
- 03:24:28 [ERROR] On command: #check prompt waiting for #check prompt.+?(?-mix:((?-mix:.*\s+login)|[Pp]assword)) >>> error: execution expired
- 03:24:28 [INFO] Target: 
#check prompt
root@TI-OMAP4-SDP-board:/test# 
- 03:24:28 [INFO] Host: #check prompt
- 03:24:28 [INFO] Target: 
#check prompt
root@TI-OMAP4-SDP-board:/test# 
- 03:24:28 [INFO] Host: sync;poweroff
- 03:24:40 [INFO] Target: 
sync;poweroff
Broadcast message from root@TI-OMAP4-SDP-board (ttyO2) (Sat Jul 18 21:04:48 2
The system is going down j(*UStopping Dropbear SSH server: stopped /usr/sbin/dropbear (pid 677)
dropbear.
Stopping telnet daemon.
Stopping system message bus: dbus.
Error opening /dev/fb0: No such file or directory
Stopping syslogd/klogd: stopped syslogd (pid 704)
stopped klogd (pid 706)
done
Stopping thttpd.
stopping statd: done
ALSA: Storing mixer settings...
/usr/sbin/alsactl: save_state:1590: No soundcards found...
Stopping rpcbind daemon...
done.
Stopping Lighttpd Web Server: stopped /usr/sbin/lighttpd (pid 713)
lighttpd.
Deconfiguring network interfaces... done.
Stopping Matrix GUI applicationstart-stop-daemon: warning: killing process 719: No such process
***************************************************************
***************************************************************
NOTICE: This file system contains the followin GPLv3 packages:
	binutils
	elfutils
	gdbserver
	libdw1
	libelf1
	parted
If you do not wish to distribute GPLv3 components please remove
the above packages prior to distribution.  This can be done using
the opkg remove command.  i.e.:
    opkg remove <package>
Where <package> is the name printed in the list above
NOTE: If the package is a dependency of another package you
      will be notified of the dependent packages.  You should
      use the --force-removal-of-dependent-packages option to
      also remove the dependent packages as well
***************************************************************
***************************************************************
Sending all processes the TERM signal...
Sending all processes the KILL signal...
Unmounting remote filesystems...
Deactivating swap...
Unmounting local filesystems...
[ 7385.928710] EXT4-fs (mmcblk0p2): re-mounted. Opts: data=ordered
[ 7388.194305] reboot: System halted
- 03:24:40 [INFO] Disconnected serial from sdp4430
- 03:24:41 [INFO] Connected to sdp4430 via serial 
- 03:24:41 [INFO] Host: 
- 03:24:44 [INFO] Target: 
U-Boot SPL 2014.01-00006-gb301e45-dirty (Dec 18 2014 - 15:55:39)
OMAP4430 ES2.3
SPL: Please implement spl_start_uboot() for your board
SPL: Direct Linux boot not active!
reading u-boot.img
reading u-boot.img
U-Boot 2014.01-00006-gb301e45-dirty (Dec 18 2014 - 15:55:39)
CPU  : OMAP4430 ES2.3
Board: OMAP4430 SDP
I2C:   ready
DRAM:  1 GiB
MMC:   OMAP SD/MMC: 0, OMAP SD/MMC: 1
*** Warning - bad CRC, using default environment
Battery Voltage: 3544 mV
Net:   KS8851SNL
Hit any key to stop autoboot:  1  0 
U-Boot# 
U-Boot# 
U-Boot# 
U-Boot# 
U-Boot# 
U-Boot# 
U-Boot# 
U-Boot# 
U-Boot# 
U-Boot# 
U-Boot# 
U-Boot# 
U-Boot# 
U-Boot# 
U-Boot# 
U-Boot# 
- 03:24:44 [INFO] Host: 
- 03:24:45 [INFO] Target: 
U-Boot# 
- 03:24:45 [INFO] Host: version
- 03:24:45 [INFO] Target: 
version
U-Boot 2014.01-00006-gb301e45-dirty (Dec 18 2014 - 15:55:39)
arm-linux-gnueabi-gcc (Ubuntu/Linaro 4.6.3-1ubuntu5) 4.6.3
GNU ld (GNU Binutils for Ubuntu) 2.22
U-Boot# 
- 03:24:45 [INFO] Host: setenv bootargs 'console=ttyO2,115200n8 vram=16M earlyprintk=serial,ttyO2,115200n8 rootwait '
- 03:24:45 [INFO] Target: 
setenv bootargs 'console=ttyO2,115200n8 vram=16M earlyprintk=serial,ttyO2,115200n8 rootwait '
U-Boot# 
- 03:24:45 [INFO] Host: setenv bootcmd  ''
- 03:24:45 [INFO] Target: 
setenv bootcmd  ''
U-Boot# 
- 03:24:45 [INFO] Host: setenv autoload 'no'
- 03:24:45 [INFO] Target: 
setenv autoload 'no'
U-Boot# 
- 03:24:45 [INFO] Host: setenv serverip '192.168.1.254'
- 03:24:45 [INFO] Target: 
setenv serverip '192.168.1.254'
U-Boot# 
- 03:24:45 [INFO] Host: printenv
- 03:24:45 [INFO] Target: 
printenv
arch=arm
autoload=no
baudrate=115200
board=sdp4430
board_name=sdp4430
bootargs=console=ttyO2,115200n8 vram=16M earlyprintk=serial,ttyO2,115200n8 rootwait 
bootcmd=
bootdelay=1
bootdir=/boot
bootfile=zImage
bootm_size=0x08000000
bootpart=0:2
bootscript=echo Running bootscript from mmc${mmcdev} ...; source ${loadaddr}
console=ttyO2,115200n8
cpu=armv7
ethact=KS8851SNL
ethaddr=08:00:28:01:4D:8A
fdt_addr_r=0x88000000
fdtaddr=0x88000000
fdtfile=undefined
findfdt=if test $board_name = sdp4430; then setenv fdtfile omap4-sdp.dtb; fi; if test $board_name = panda; then setenv fdtfile omap4-panda.dtb; fi;if test $board_name = panda-a4; then setenv fdtfile omap4-panda-a4.dtb; fi;if test $board_name = panda-es; then setenv fdtfile omap4-panda-es.dtb; fi;if test $fdtfile = undefined; then echo WARNING: Could not determine device tree to use; fi; 
importbootenv=echo Importing environment from mmc${mmcdev} ...; env import -t ${loadaddr} ${filesize}
loadaddr=0x82000000
loadbootenv=fatload mmc ${mmcdev} ${loadaddr} uEnv.txt
loadbootscript=fatload mmc ${mmcdev} ${loadaddr} boot.scr
loadfdt=load mmc ${bootpart} ${fdtaddr} ${bootdir}/${fdtfile}
loadimage=load mmc ${bootpart} ${loadaddr} ${bootdir}/${bootfile}
mmcargs=setenv bootargs console=${console} vram=${vram} root=${mmcroot} rootfstype=${mmcrootfstype}
mmcboot=echo Booting from mmc${mmcdev} ...; run mmcargs; bootz ${loadaddr} - ${fdtaddr}
mmcdev=0
mmcroot=/dev/mmcblk0p2 rw
mmcrootfstype=ext3 rootwait
serverip=192.168.1.254
soc=omap4
usbtty=cdc_acm
vendor=ti
ver=U-Boot 2014.01-00006-gb301e45-dirty (Dec 18 2014 - 15:55:39)
vram=16M
Environment size: 1667/131068 bytes
U-Boot# 
- 03:24:45 [INFO] Host: setenv _initramfs -
- 03:24:45 [INFO] Target: 
setenv _initramfs -
U-Boot# 
- 03:24:45 [INFO] Host: printenv
- 03:24:46 [INFO] Target: 
printenv
_initramfs=-
arch=arm
autoload=no
baudrate=115200
board=sdp4430
board_name=sdp4430
bootargs=console=ttyO2,115200n8 vram=16M earlyprintk=serial,ttyO2,115200n8 rootwait 
bootcmd=
bootdelay=1
bootdir=/boot
bootfile=zImage
bootm_size=0x08000000
bootpart=0:2
bootscript=echo Running bootscript from mmc${mmcdev} ...; source ${loadaddr}
console=ttyO2,115200n8
cpu=armv7
ethact=KS8851SNL
ethaddr=08:00:28:01:4D:8A
fdt_addr_r=0x88000000
fdtaddr=0x88000000
fdtfile=undefined
findfdt=if test $board_name = sdp4430; then setenv fdtfile omap4-sdp.dtb; fi; if test $board_name = panda; then setenv fdtfile omap4-panda.dtb; fi;if test $board_name = panda-a4; then setenv fdtfile omap4-panda-a4.dtb; fi;if test $board_name = panda-es; then setenv fdtfile omap4-panda-es.dtb; fi;if test $fdtfile = undefined; then echo WARNING: Could not determine device tree to use; fi; 
importbootenv=echo Importing environment from mmc${mmcdev} ...; env import -t ${loadaddr} ${filesize}
loadaddr=0x82000000
loadbootenv=fatload mmc ${mmcdev} ${loadaddr} uEnv.txt
loadbootscript=fatload mmc ${mmcdev} ${loadaddr} boot.scr
loadfdt=load mmc ${bootpart} ${fdtaddr} ${bootdir}/${fdtfile}
loadimage=load mmc ${bootpart} ${loadaddr} ${bootdir}/${bootfile}
mmcargs=setenv bootargs console=${console} vram=${vram} root=${mmcroot} rootfstype=${mmcrootfstype}
mmcboot=echo Booting from mmc${mmcdev} ...; run mmcargs; bootz ${loadaddr} - ${fdtaddr}
mmcdev=0
mmcroot=/dev/mmcblk0p2 rw
mmcrootfstype=ext3 rootwait
serverip=192.168.1.254
soc=omap4
usbtty=cdc_acm
vendor=ti
ver=U-Boot 2014.01-00006-gb301e45-dirty (Dec 18 2014 - 15:55:39)
vram=16M
Environment size: 1682/131068 bytes
U-Boot# 
- 03:24:46 [INFO] Host: setenv bootargs ''${bootargs}' ip=:::::eth0:dhcp '
- 03:24:46 [INFO] Target: 
setenv bootargs ''${bootargs}' ip=:::::eth0:dhcp '
U-Boot# 
- 03:24:46 [INFO] Host: setenv serverip '192.168.1.254'
- 03:24:46 [INFO] Target: 
setenv serverip '192.168.1.254'
U-Boot# 
- 03:24:46 [INFO] Host: setenv autoload 'no'
- 03:24:46 [INFO] Target: 
setenv autoload 'no'
U-Boot# 
- 03:24:46 [INFO] Host: dhcp
- 03:24:47 [INFO] Target: 
dhcp
port status information = 0x8420 
BOOTP broadcast 1
DHCP client bound to address 192.168.1.188
U-Boot# 
- 03:24:47 [INFO] Host: tftp ${loadaddr} 192.168.1.254:vatf_sdp4430/c151b5b7ae3b6a39af8b38d2388617ea
- 03:24:55 [INFO] Target: 
tftp ${loadaddr} 192.168.1.254:vatf_sdp4430/c151b5b7ae3b6a39af8b38d2388617ea
Using KS8851SNL device
TFTP from server 192.168.1.254; our IP address is 192.168.1.188
Filename 'vatf_sdp4430/c151b5b7ae3b6a39af8b38d2388617ea'.
Load address: 0x82000000
Loading: *T #################################################################
	 #################################################################
	 #################################################################
	 ############################################################
	 456.1 KiB/s
done
Bytes transferred = 3735048 (38fe08 hex)
U-Boot# 
- 03:24:55 [INFO] Host: tftp ${fdtaddr} 192.168.1.254:vatf_sdp4430/4d98c395f96d137307ed0f80ee24c3c6
- 03:24:55 [INFO] Target: 
tftp ${fdtaddr} 192.168.1.254:vatf_sdp4430/4d98c395f96d137307ed0f80ee24c3c6
Using KS8851SNL device
TFTP from server 192.168.1.254; our IP address is 192.168.1.188
Filename 'vatf_sdp4430/4d98c395f96d137307ed0f80ee24c3c6'.
Load address: 0x88000000
Loading: *#####
	 1.1 MiB/s
done
Bytes transferred = 58923 (e62b hex)
U-Boot# 
- 03:24:55 [INFO] Host: ls mmc 0:1
- 03:24:55 [INFO] Target: 
ls mmc 0:1
            2014.10-old/
    57476   omap4-sdp.dtb 
    57476   omap4-sdp-es23plus.dtb 
    32376   mlo 
   187224   u-boot.img 
  3323313   ramdisk.gz 
       84   uenv.txt 
  4380240   zimage-back 
            2014.04-old/
            2014.01-old/
        4   ws-calibrate.rules 
8 file(s), 3 dir(s)
U-Boot# 
- 03:24:55 [INFO] Host: ls mmc 0:2
- 03:24:56 [INFO] Target: 
ls mmc 0:2
<DIR>       4096 .
<DIR>       4096 ..
<DIR>      16384 lost+found
<DIR>       4096 bin
<DIR>       4096 boot
<DIR>       4096 dev
<DIR>       4096 etc
<DIR>       4096 home
<DIR>       4096 lib
<DIR>       4096 media
<DIR>       4096 mnt
<DIR>       4096 opt
<DIR>       4096 proc
<DIR>       4096 run
<DIR>       4096 sbin
<DIR>       4096 srv
<DIR>       4096 sys
<SYM>          8 tmp
<DIR>       4096 usr
<DIR>       4096 var
<DIR>       4096 www
<DIR>       4096 test
U-Boot# 
- 03:24:56 [INFO] Host: part uuid mmc 0:2
- 03:24:56 [INFO] Target: 
part uuid mmc 0:2
00000000-02
U-Boot# 
- 03:24:56 [INFO] Host: printenv
- 03:24:56 [INFO] Target: 
printenv
_initramfs=-
arch=arm
autoload=no
baudrate=115200
board=sdp4430
board_name=sdp4430
bootargs=console=ttyO2,115200n8 vram=16M earlyprintk=serial,ttyO2,115200n8 rootwait ip=:::::eth0:dhcp
bootcmd=
bootdelay=1
bootdir=/boot
bootfile=zImage
bootm_size=0x08000000
bootpart=0:2
bootscript=echo Running bootscript from mmc${mmcdev} ...; source ${loadaddr}
console=ttyO2,115200n8
cpu=armv7
dnsip=192.0.2.2
ethact=KS8851SNL
ethaddr=08:00:28:01:4D:8A
fdt_addr_r=0x88000000
fdtaddr=0x88000000
fdtfile=undefined
fileaddr=88000000
filesize=e62b
findfdt=if test $board_name = sdp4430; then setenv fdtfile omap4-sdp.dtb; fi; if test $board_name = panda; then setenv fdtfile omap4-panda.dtb; fi;if test $board_name = panda-a4; then setenv fdtfile omap4-panda-a4.dtb; fi;if test $board_name = panda-es; then setenv fdtfile omap4-panda-es.dtb; fi;if test $fdtfile = undefined; then echo WARNING: Could not determine device tree to use; fi; 
gatewayip=192.168.1.254
importbootenv=echo Importing environment from mmc${mmcdev} ...; env import -t ${loadaddr} ${filesize}
ipaddr=192.168.1.188
loadaddr=0x82000000
loadbootenv=fatload mmc ${mmcdev} ${loadaddr} uEnv.txt
loadbootscript=fatload mmc ${mmcdev} ${loadaddr} boot.scr
loadfdt=load mmc ${bootpart} ${fdtaddr} ${bootdir}/${fdtfile}
loadimage=load mmc ${bootpart} ${loadaddr} ${bootdir}/${bootfile}
mmcargs=setenv bootargs console=${console} vram=${vram} root=${mmcroot} rootfstype=${mmcrootfstype}
mmcboot=echo Booting from mmc${mmcdev} ...; run mmcargs; bootz ${loadaddr} - ${fdtaddr}
mmcdev=0
mmcroot=/dev/mmcblk0p2 rw
mmcrootfstype=ext3 rootwait
netmask=255.255.255.0
serverip=192.168.1.254
soc=omap4
usbtty=cdc_acm
vendor=ti
ver=U-Boot 2014.01-00006-gb301e45-dirty (Dec 18 2014 - 15:55:39)
vram=16M
Environment size: 1826/131068 bytes
U-Boot# 
- 03:24:56 [INFO] Host: setenv bootargs ''${bootargs}' root=PARTUUID=00000000-02 rw rootfstype=ext4 rootwait '
- 03:24:56 [INFO] Target: 
setenv bootargs ''${bootargs}' root=PARTUUID=00000000-02 rw rootfstype=ext4 rootwait '
U-Boot# 
- 03:24:56 [INFO] Host: printenv
- 03:24:56 [INFO] Target: 
printenv
_initramfs=-
arch=arm
autoload=no
baudrate=115200
board=sdp4430
board_name=sdp4430
bootargs=console=ttyO2,115200n8 vram=16M earlyprintk=serial,ttyO2,115200n8 rootwait ip=:::::eth0:dhcp root=PARTUUID=00000000-02 rw rootfstype=ext4 rootwait
bootcmd=
bootdelay=1
bootdir=/boot
bootfile=zImage
bootm_size=0x08000000
bootpart=0:2
bootscript=echo Running bootscript from mmc${mmcdev} ...; source ${loadaddr}
console=ttyO2,115200n8
cpu=armv7
dnsip=192.0.2.2
ethact=KS8851SNL
ethaddr=08:00:28:01:4D:8A
fdt_addr_r=0x88000000
fdtaddr=0x88000000
fdtfile=undefined
fileaddr=88000000
filesize=e62b
findfdt=if test $board_name = sdp4430; then setenv fdtfile omap4-sdp.dtb; fi; if test $board_name = panda; then setenv fdtfile omap4-panda.dtb; fi;if test $board_name = panda-a4; then setenv fdtfile omap4-panda-a4.dtb; fi;if test $board_name = panda-es; then setenv fdtfile omap4-panda-es.dtb; fi;if test $fdtfile = undefined; then echo WARNING: Could not determine device tree to use; fi; 
gatewayip=192.168.1.254
importbootenv=echo Importing environment from mmc${mmcdev} ...; env import -t ${loadaddr} ${filesize}
ipaddr=192.168.1.188
loadaddr=0x82000000
loadbootenv=fatload mmc ${mmcdev} ${loadaddr} uEnv.txt
loadbootscript=fatload mmc ${mmcdev} ${loadaddr} boot.scr
loadfdt=load mmc ${bootpart} ${fdtaddr} ${bootdir}/${fdtfile}
loadimage=load mmc ${bootpart} ${loadaddr} ${bootdir}/${bootfile}
mmcargs=setenv bootargs console=${console} vram=${vram} root=${mmcroot} rootfstype=${mmcrootfstype}
mmcboot=echo Booting from mmc${mmcdev} ...; run mmcargs; bootz ${loadaddr} - ${fdtaddr}
mmcdev=0
mmcroot=/dev/mmcblk0p2 rw
mmcrootfstype=ext3 rootwait
netmask=255.255.255.0
serverip=192.168.1.254
soc=omap4
usbtty=cdc_acm
vendor=ti
ver=U-Boot 2014.01-00006-gb301e45-dirty (Dec 18 2014 - 15:55:39)
vram=16M
Environment size: 1880/131068 bytes
U-Boot# 
- 03:24:56 [INFO] Host: setenv bootcmd ''${bootcmd}' if iminfo ${loadaddr}; then bootm ${loadaddr} ${_initramfs} ${fdtaddr}; else bootz ${loadaddr} ${_initramfs} ${fdtaddr}; bootm ${loadaddr} ${_initramfs} ${fdtaddr}; fi'
- 03:24:56 [INFO] Target: 
setenv bootcmd ''${bootcmd}' if iminfo ${loadaddr}; then bootm ${loadaddr} ${_initramfs} ${fdtaddr}; else bootz ${loadaddr} ${_initramfs} ${fdtaddr}; bootm ${loadaddr} ${_initramfs} ${fdtaddr}; fi'
U-Boot# 
- 03:24:56 [INFO] Host: version
- 03:24:56 [INFO] Target: 
version
U-Boot 2014.01-00006-gb301e45-dirty (Dec 18 2014 - 15:55:39)
arm-linux-gnueabi-gcc (Ubuntu/Linaro 4.6.3-1ubuntu5) 4.6.3
GNU ld (GNU Binutils for Ubuntu) 2.22
U-Boot# 
- 03:24:56 [INFO] Host: bdinfo
- 03:24:56 [INFO] Target: 
bdinfo
arch_number = 0x00000870
boot_params = 0x80000100
DRAM bank   = 0x00000000
-> start    = 0x80000000
-> size     = 0x40000000
eth0name    = KS8851SNL
ethaddr     = 08:00:28:01:4D:8A
current eth = KS8851SNL
ip_addr     = 192.168.1.188
baudrate    = 115200 bps
TLB addr    = 0xBFFF0000
relocaddr   = 0xBFF90000
reloc off   = 0x3F790000
irq_sp      = 0xBFE6FF28
sp start    = 0xBFE6FF18
U-Boot# 
- 03:24:56 [INFO] Host: mmc rescan; echo $?
- 03:24:57 [INFO] Target: 
mmc rescan; echo $?
U-Boot# 
- 03:24:57 [INFO] Host: fatwrite mmc 0:1 ${loadaddr} ws-calibrate.rules 4
- 03:24:57 [INFO] Target: 
fatwrite mmc 0:1 ${loadaddr} ws-calibrate.rules 4
writing ws-calibrate.rules
4 bytes written
U-Boot# 
- 03:24:57 [INFO] Host: boot
- 03:28:27 [ERROR] On command: boot waiting for boot.+?(?-mix:.*\s+login) >>> error: execution expired
- 03:28:27 [INFO] Target: 
boot
## Checking Image at 82000000 ...
Unknown image format!
Kernel image @ 0x82000000 [ 0x000000 - 0x38fe08 ]
## Flattened Device Tree blob at 88000000
   Booting using the fdt blob at 0x88000000
   Loading Device Tree to 87fee000, end 87fff62a ... OK
Starting kernel ...
[    0.000000] Booting Linux on physical CPU 0x0
[    0.000000] Linux version 4.5.0-rc7-next-20160314-00002-g7e0d3f31150c (nmenon@horus) (gcc version 4.9.3 20150413 (prerelease) (Linaro GCC 4.9-2015.05) ) #1 SMP Mon Mar 14 03:20:17 CDT 2016
[    0.000000] CPU: ARMv7 Processor [411fc093] revision 3 (ARMv7), cr=10c5387d
[    0.000000] CPU: PIPT / VIPT nonaliasing data cache, VIPT aliasing instruction cache
[    0.000000] Machine model: TI OMAP4 SDP board
[    0.000000] cma: Reserved 16 MiB at 0xbe800000
[    0.000000] Memory policy: Data cache writealloc
[    0.000000] OMAP4: Map 0xbfe00000 to fe600000 for dram barrier
[    0.000000] OMAP4430 ES2.3
[    0.000000] percpu: Embedded 15 pages/cpu @ef693000 s29568 r8192 d23680 u61440
[    0.000000] Built 1 zonelists in Zone order, mobility grouping on.  Total pages: 259904
[    0.000000] Kernel command line: console=ttyO2,115200n8 vram=16M earlyprintk=serial,ttyO2,115200n8 rootwait ip=:::::eth0:dhcp root=PARTUUID=00000000-02 rw rootfstype=ext4 rootwait
[    0.000000] PID hash table entries: 4096 (order: 2, 16384 bytes)
[    0.000000] Dentry cache hash table entries: 131072 (order: 7, 524288 bytes)
[    0.000000] Inode-cache hash table entries: 65536 (order: 6, 262144 bytes)
[    0.000000] Memory: 999460K/1046528K available (7349K kernel code, 785K rwdata, 2340K rodata, 1024K init, 8118K bss, 30684K reserved, 16384K cma-reserved, 243712K highmem)
[    0.000000] Virtual kernel memory layout:
[    0.000000]     vector  : 0xffff0000 - 0xffff1000   (   4 kB)
[    0.000000]     fixmap  : 0xffc00000 - 0xfff00000   (3072 kB)
[    0.000000]     vmalloc : 0xf0800000 - 0xff800000   ( 240 MB)
[    0.000000]     lowmem  : 0xc0000000 - 0xf0000000   ( 768 MB)
[    0.000000]     pkmap   : 0xbfe00000 - 0xc0000000   (   2 MB)
[    0.000000]     modules : 0xbf000000 - 0xbfe00000   (  14 MB)
[    0.000000]       .text : 0xc0008000 - 0xc0a76568   (10682 kB)
[    0.000000]       .init : 0xc0b00000 - 0xc0c00000   (1024 kB)
[    0.000000]       .data : 0xc0c00000 - 0xc0cc465c   ( 786 kB)
[    0.000000]        .bss : 0xc0cc6000 - 0xc14b38b8   (8119 kB)
[    0.000000] Running RCU self tests
[    0.000000] Hierarchical RCU implementation.
[    0.000000] 	RCU lockdep checking is enabled.
[    0.000000] 	Build-time adjustment of leaf fanout to 32.
[    0.000000] NR_IRQS:16 nr_irqs:16 16
[    0.000000] L2C: platform modifies aux control register: 0x0e070000 -> 0x3e470000
[    0.000000] L2C: DT/platform modifies aux control register: 0x0e070000 -> 0x3e470000
[    0.000000] L2C-310 erratum 727915 enabled
[    0.000000] L2C-310 enabling early BRESP for Cortex-A9
[    0.000000] L2C-310 ID prefetch enabled, offset 1 lines
[    0.000000] L2C-310 cache controller enabled, 16 ways, 1024 kB
[    0.000000] L2C-310: CACHE_ID 0x410000c4, AUX_CTRL 0x7e470000
[    0.000000] ti_dt_clocks_register: failed to lookup clock node dss_fck
[    0.000000] ti_dt_clocks_register: failed to lookup clock node dss_fck
[    0.000000] ti_dt_clocks_register: failed to lookup clock node div_ts_ck
[    0.000000] ti_dt_clocks_register: failed to lookup clock node bandgap_ts_fclk
[    0.000000] OMAP clockevent source: timer1 at 32768 Hz
[    0.000000] clocksource: 32k_counter: mask: 0xffffffff max_cycles: 0xffffffff, max_idle_ns: 58327039986419 ns
[    0.000000] sched_clock: 32 bits at 32kHz, resolution 30517ns, wraps every 65535999984741ns
[    0.000030] OMAP clocksource: 32k_counter at 32768 Hz
[    0.001678] Console: colour dummy device 80x30
[    0.001739] Lock dependency validator: Copyright (c) 2006 Red Hat, Inc., Ingo Molnar
[    0.001770] ... MAX_LOCKDEP_SUBCLASSES:  8
[    0.001770] ... MAX_LOCK_DEPTH:          48
[    0.001800] ... MAX_LOCKDEP_KEYS:        8191
[    0.001800] ... CLASSHASH_SIZE:          4096
[    0.001800] ... MAX_LOCKDEP_ENTRIES:     32768
[    0.001800] ... MAX_LOCKDEP_CHAINS:      65536
[    0.001831] ... CHAINHASH_SIZE:          32768
[    0.001831]  memory used by lock dependency info: 5167 kB
[    0.001831]  per task-struct memory footprint: 1536 bytes
[    0.001861] Calibrating delay loop... 1196.85 BogoMIPS (lpj=5984256)
[    0.079376] pid_max: default: 32768 minimum: 301
[    0.079925] Security Framework initialized
[    0.080108] Mount-cache hash table entries: 2048 (order: 1, 8192 bytes)
[    0.080108] Mountpoint-cache hash table entries: 2048 (order: 1, 8192 bytes)
[    0.084533] CPU: Testing write buffer coherency: ok
[    0.086486] CPU0: thread -1, cpu 0, socket 0, mpidr 80000000
[    0.086608] Setting up static identity map for 0x80100000 - 0x80100070
[    0.129364] CPU1: thread -1, cpu 1, socket 0, mpidr 80000001
[    0.130279] Brought up 2 CPUs
[    0.130310] SMP: Total of 2 processors activated (2393.70 BogoMIPS).
[    0.130310] CPU: All CPU(s) started in SVC mode.
[    0.134185] devtmpfs: initialized
[    0.204528] VFP support v0.3: implementor 41 architecture 3 part 30 variant 9 rev 4
[    0.205627] clocksource: jiffies: mask: 0xffffffff max_cycles: 0xffffffff, max_idle_ns: 19112604462750000 ns
[    0.207916] pinctrl core: initialized pinctrl subsystem
[    0.214538] NET: Registered protocol family 16
[    0.221252] DMA: preallocated 256 KiB pool for atomic coherent allocations
[    0.227630] omap_hwmod: l3_main_3 using broken dt data from ocp
[    0.233673] omap_hwmod: l3_main_2 using broken dt data from ocp
[    0.454071] ------------[ cut here ]------------
[    0.454101] WARNING: CPU: 0 PID: 1 at drivers/i2c/i2c-core.c:1930 i2c_register_driver+0x68/0x84
[    0.454101] Modules linked in:
[    0.454132] CPU: 0 PID: 1 Comm: swapper/0 Not tainted 4.5.0-rc7-next-20160314-00002-g7e0d3f31150c #1
[    0.454132] Hardware name: Generic OMAP4 (Flattened Device Tree)
[    0.454193] [<c010feec>] (unwind_backtrace) from [<c010c158>] (show_stack+0x10/0x14)
[    0.454223] [<c010c158>] (show_stack) from [<c046ccd8>] (dump_stack+0xb0/0xe4)
[    0.454254] [<c046ccd8>] (dump_stack) from [<c0136f20>] (__warn+0xd4/0x100)
[    0.454284] [<c0136f20>] (__warn) from [<c0136ff8>] (warn_slowpath_null+0x20/0x28)
[    0.454315] [<c0136ff8>] (warn_slowpath_null) from [<c05d5d0c>] (i2c_register_driver+0x68/0x84)
[    0.454345] [<c05d5d0c>] (i2c_register_driver) from [<c0b40e10>] (i2c_init+0x68/0xc4)
[    0.454345] [<c0b40e10>] (i2c_init) from [<c0101824>] (do_one_initcall+0x80/0x1e0)
[    0.454376] [<c0101824>] (do_one_initcall) from [<c0b00e94>] (kernel_init_freeable+0x218/0x2e8)
[    0.454406] [<c0b00e94>] (kernel_init_freeable) from [<c0786fe0>] (kernel_init+0x8/0x118)
[    0.454437] [<c0786fe0>] (kernel_init) from [<c01078d0>] (ret_from_fork+0x14/0x24)
[    0.454467] ---[ end trace 119f7f1329a9c908 ]---
[    0.479614] cpuidle: using governor menu
[    0.500549] OMAP GPIO hardware version 0.1
[    0.519622] omap-gpmc 50000000.gpmc: GPMC revision 6.0
[    0.519805] gpmc_mem_init: disabling cs 0 mapped at 0x0-0x1000000
[    0.521148] irq: no irq domain found for /ocp/l4@4a000000/scm@100000/pinmux@40 !
[    0.521972] irq: no irq domain found for /ocp/l4@4a000000/scm@100000/pinmux@40 !
[    0.522796] irq: no irq domain found for /ocp/l4@4a000000/scm@100000/pinmux@40 !
[    0.552612] platform 4b501000.aes: Cannot lookup hwmod 'aes'
[    0.553283] platform 480a5000.des: Cannot lookup hwmod 'des'
[    0.564971] No ATAGs?
[    0.565093] hw-breakpoint: found 5 (+1 reserved) breakpoint and 1 watchpoint registers.
[    0.565093] hw-breakpoint: maximum watchpoint size is 4 bytes.
[    0.567932] OMAP DMA hardware revision 0.0
[    0.570709] ARM PMU: not yet supported on OMAP4430 due to missing CTI driver
[    0.624786] ------------[ cut here ]------------
[    0.624816] WARNING: CPU: 0 PID: 1 at drivers/i2c/i2c-core.c:1930 i2c_register_driver+0x68/0x84
[    0.624816] Modules linked in:
[    0.624847] CPU: 0 PID: 1 Comm: swapper/0 Tainted: G        W       4.5.0-rc7-next-20160314-00002-g7e0d3f31150c #1
[    0.624847] Hardware name: Generic OMAP4 (Flattened Device Tree)
[    0.624908] [<c010feec>] (unwind_backtrace) from [<c010c158>] (show_stack+0x10/0x14)
[    0.624938] [<c010c158>] (show_stack) from [<c046ccd8>] (dump_stack+0xb0/0xe4)
[    0.624969] [<c046ccd8>] (dump_stack) from [<c0136f20>] (__warn+0xd4/0x100)
[    0.624999] [<c0136f20>] (__warn) from [<c0136ff8>] (warn_slowpath_null+0x20/0x28)
[    0.625030] [<c0136ff8>] (warn_slowpath_null) from [<c05d5d0c>] (i2c_register_driver+0x68/0x84)
[    0.625030] [<c05d5d0c>] (i2c_register_driver) from [<c0101824>] (do_one_initcall+0x80/0x1e0)
[    0.625061] [<c0101824>] (do_one_initcall) from [<c0b00e94>] (kernel_init_freeable+0x218/0x2e8)
[    0.625091] [<c0b00e94>] (kernel_init_freeable) from [<c0786fe0>] (kernel_init+0x8/0x118)
[    0.625122] [<c0786fe0>] (kernel_init) from [<c01078d0>] (ret_from_fork+0x14/0x24)
[    0.625152] ---[ end trace 119f7f1329a9c909 ]---
[    0.639465] omap-dma-engine 4a056000.dma-controller: OMAP DMA engine driver
[    0.643829] reg-fixed-voltage wl12xx_vmmc: could not find pctldev for node /ocp/l4@4a000000/scm@100000/pinmux@40/pinmux_wl12xx_gpio, deferring probe
[    0.644805] ------------[ cut here ]------------
[    0.644836] WARNING: CPU: 0 PID: 1 at drivers/i2c/i2c-core.c:1930 i2c_register_driver+0x68/0x84
[    0.644866] Modules linked in:
[    0.644866] CPU: 0 PID: 1 Comm: swapper/0 Tainted: G        W       4.5.0-rc7-next-20160314-00002-g7e0d3f31150c #1
[    0.644897] Hardware name: Generic OMAP4 (Flattened Device Tree)
[    0.644927] [<c010feec>] (unwind_backtrace) from [<c010c158>] (show_stack+0x10/0x14)
[    0.644958] [<c010c158>] (show_stack) from [<c046ccd8>] (dump_stack+0xb0/0xe4)
[    0.644989] [<c046ccd8>] (dump_stack) from [<c0136f20>] (__warn+0xd4/0x100)
[    0.645019] [<c0136f20>] (__warn) from [<c0136ff8>] (warn_slowpath_null+0x20/0x28)
[    0.645019] [<c0136ff8>] (warn_slowpath_null) from [<c05d5d0c>] (i2c_register_driver+0x68/0x84)
[    0.645050] [<c05d5d0c>] (i2c_register_driver) from [<c0101824>] (do_one_initcall+0x80/0x1e0)
[    0.645080] [<c0101824>] (do_one_initcall) from [<c0b00e94>] (kernel_init_freeable+0x218/0x2e8)
[    0.645111] [<c0b00e94>] (kernel_init_freeable) from [<c0786fe0>] (kernel_init+0x8/0x118)
[    0.645141] [<c0786fe0>] (kernel_init) from [<c01078d0>] (ret_from_fork+0x14/0x24)
[    0.645141] ---[ end trace 119f7f1329a9c90a ]---
[    0.650421] omap-iommu 4a066000.mmu: 4a066000.mmu registered
[    0.650817] omap-iommu 55082000.mmu: 55082000.mmu registered
[    0.651184] ------------[ cut here ]------------
[    0.651214] WARNING: CPU: 0 PID: 1 at drivers/i2c/i2c-core.c:1930 i2c_register_driver+0x68/0x84
[    0.651214] Modules linked in:
[    0.651245] CPU: 0 PID: 1 Comm: swapper/0 Tainted: G        W       4.5.0-rc7-next-20160314-00002-g7e0d3f31150c #1
[    0.651275] Hardware name: Generic OMAP4 (Flattened Device Tree)
[    0.651275] [<c010feec>] (unwind_backtrace) from [<c010c158>] (show_stack+0x10/0x14)
[    0.651306] [<c010c158>] (show_stack) from [<c046ccd8>] (dump_stack+0xb0/0xe4)
[    0.651336] [<c046ccd8>] (dump_stack) from [<c0136f20>] (__warn+0xd4/0x100)
[    0.651367] [<c0136f20>] (__warn) from [<c0136ff8>] (warn_slowpath_null+0x20/0x28)
[    0.651397] [<c0136ff8>] (warn_slowpath_null) from [<c05d5d0c>] (i2c_register_driver+0x68/0x84)
[    0.651397] [<c05d5d0c>] (i2c_register_driver) from [<c0101824>] (do_one_initcall+0x80/0x1e0)
[    0.651428] [<c0101824>] (do_one_initcall) from [<c0b00e94>] (kernel_init_freeable+0x218/0x2e8)
[    0.651458] [<c0b00e94>] (kernel_init_freeable) from [<c0786fe0>] (kernel_init+0x8/0x118)
[    0.651489] [<c0786fe0>] (kernel_init) from [<c01078d0>] (ret_from_fork+0x14/0x24)
[    0.651489] ---[ end trace 119f7f1329a9c90b ]---
[    0.651519] ------------[ cut here ]------------
[    0.651519] WARNING: CPU: 0 PID: 1 at drivers/i2c/i2c-core.c:1930 i2c_register_driver+0x68/0x84
[    0.651550] Modules linked in:
[    0.651550] CPU: 0 PID: 1 Comm: swapper/0 Tainted: G        W       4.5.0-rc7-next-20160314-00002-g7e0d3f31150c #1
[    0.651580] Hardware name: Generic OMAP4 (Flattened Device Tree)
[    0.651580] [<c010feec>] (unwind_backtrace) from [<c010c158>] (show_stack+0x10/0x14)
[    0.651611] [<c010c158>] (show_stack) from [<c046ccd8>] (dump_stack+0xb0/0xe4)
[    0.651641] [<c046ccd8>] (dump_stack) from [<c0136f20>] (__warn+0xd4/0x100)
[    0.651672] [<c0136f20>] (__warn) from [<c0136ff8>] (warn_slowpath_null+0x20/0x28)
[    0.651672] [<c0136ff8>] (warn_slowpath_null) from [<c05d5d0c>] (i2c_register_driver+0x68/0x84)
[    0.651702] [<c05d5d0c>] (i2c_register_driver) from [<c0101824>] (do_one_initcall+0x80/0x1e0)
[    0.651702] [<c0101824>] (do_one_initcall) from [<c0b00e94>] (kernel_init_freeable+0x218/0x2e8)
[    0.651733] [<c0b00e94>] (kernel_init_freeable) from [<c0786fe0>] (kernel_init+0x8/0x118)
[    0.651763] [<c0786fe0>] (kernel_init) from [<c01078d0>] (ret_from_fork+0x14/0x24)
[    0.651763] ---[ end trace 119f7f1329a9c90c ]---
[    0.651794] ------------[ cut here ]------------
[    0.651824] WARNING: CPU: 0 PID: 1 at drivers/i2c/i2c-core.c:1930 i2c_register_driver+0x68/0x84
[    0.651824] Modules linked in:
[    0.651824] CPU: 0 PID: 1 Comm: swapper/0 Tainted: G        W       4.5.0-rc7-next-20160314-00002-g7e0d3f31150c #1
[    0.651855] Hardware name: Generic OMAP4 (Flattened Device Tree)
[    0.651885] [<c010feec>] (unwind_backtrace) from [<c010c158>] (show_stack+0x10/0x14)
[    0.651885] [<c010c158>] (show_stack) from [<c046ccd8>] (dump_stack+0xb0/0xe4)
[    0.651916] [<c046ccd8>] (dump_stack) from [<c0136f20>] (__warn+0xd4/0x100)
[    0.651947] [<c0136f20>] (__warn) from [<c0136ff8>] (warn_slowpath_null+0x20/0x28)
[    0.651947] [<c0136ff8>] (warn_slowpath_null) from [<c05d5d0c>] (i2c_register_driver+0x68/0x84)
[    0.651977] [<c05d5d0c>] (i2c_register_driver) from [<c0101824>] (do_one_initcall+0x80/0x1e0)
[    0.652008] [<c0101824>] (do_one_initcall) from [<c0b00e94>] (kernel_init_freeable+0x218/0x2e8)
[    0.652008] [<c0b00e94>] (kernel_init_freeable) from [<c0786fe0>] (kernel_init+0x8/0x118)
[    0.652038] [<c0786fe0>] (kernel_init) from [<c01078d0>] (ret_from_fork+0x14/0x24)
[    0.652038] ---[ end trace 119f7f1329a9c90d ]---
[    0.652923] SCSI subsystem initialized
[    0.655090] omap_i2c 48070000.i2c: could not find pctldev for node /ocp/l4@4a000000/scm@100000/pinmux@40/pinmux_i2c1_pins, deferring probe
[    0.655212] omap_i2c 48072000.i2c: could not find pctldev for node /ocp/l4@4a000000/scm@100000/pinmux@40/pinmux_i2c2_pins, deferring probe
[    0.655334] omap_i2c 48060000.i2c: could not find pctldev for node /ocp/l4@4a000000/scm@100000/pinmux@40/pinmux_i2c3_pins, deferring probe
[    0.655426] omap_i2c 48350000.i2c: could not find pctldev for node /ocp/l4@4a000000/scm@100000/pinmux@40/pinmux_i2c4_pins, deferring probe
[    0.655944] pps_core: LinuxPPS API ver. 1 registered
[    0.655944] pps_core: Software ver. 5.3.6 - Copyright 2005-2007 Rodolfo Giometti <giometti@linux.it>
[    0.656036] PTP clock support registered
[    0.661346] clocksource: Switched to clocksource 32k_counter
[    0.790649] VFS: Disk quotas dquot_6.6.0
[    0.790832] VFS: Dquot-cache hash table entries: 1024 (order 0, 4096 bytes)
[    0.830902] NET: Registered protocol family 2
[    0.833618] TCP established hash table entries: 8192 (order: 3, 32768 bytes)
[    0.833831] TCP bind hash table entries: 8192 (order: 6, 294912 bytes)
[    0.836608] TCP: Hash tables configured (established 8192 bind 8192)
[    0.836975] UDP hash table entries: 512 (order: 3, 40960 bytes)
[    0.837371] UDP-Lite hash table entries: 512 (order: 3, 40960 bytes)
[    0.838653] NET: Registered protocol family 1
[    0.840545] RPC: Registered named UNIX socket transport module.
[    0.840576] RPC: Registered udp transport module.
[    0.840576] RPC: Registered tcp transport module.
[    0.840606] RPC: Registered tcp NFSv4.1 backchannel transport module.
[    0.854003] futex hash table entries: 512 (order: 3, 32768 bytes)
[    0.854370] audit: initializing netlink subsys (disabled)
[    0.854675] audit: type=2000 audit(0.840:1): initialized
[    0.858337] workingset: timestamp_bits=12 max_order=18 bucket_order=6
[    0.862701] NFS: Registering the id_resolver key type
[    0.863189] Key type id_resolver registered
[    0.863220] Key type id_legacy registered
[    0.863464] jffs2: version 2.2. (NAND) (SUMMARY)   2001-2006 Red Hat, Inc.
[    0.869750] bounce: pool size: 64 pages
[    0.869934] io scheduler noop registered
[    0.869964] io scheduler deadline registered
[    0.870025] io scheduler cfq registered (default)
[    0.874755] pinctrl-single 4a100040.pinmux: 203 pins at pa fc100040 size 406
[    0.875335] pinctrl-single 4a31e040.pinmux: 28 pins at pa fc31e040 size 56
[    0.877593] ------------[ cut here ]------------
[    0.877624] WARNING: CPU: 1 PID: 1 at drivers/i2c/i2c-core.c:1930 i2c_register_driver+0x68/0x84
[    0.877655] Modules linked in:
[    0.877685] CPU: 1 PID: 1 Comm: swapper/0 Tainted: G        W       4.5.0-rc7-next-20160314-00002-g7e0d3f31150c #1
[    0.877685] Hardware name: Generic OMAP4 (Flattened Device Tree)
[    0.877716] [<c010feec>] (unwind_backtrace) from [<c010c158>] (show_stack+0x10/0x14)
[    0.877746] [<c010c158>] (show_stack) from [<c046ccd8>] (dump_stack+0xb0/0xe4)
[    0.877807] [<c046ccd8>] (dump_stack) from [<c0136f20>] (__warn+0xd4/0x100)
[    0.877838] [<c0136f20>] (__warn) from [<c0136ff8>] (warn_slowpath_null+0x20/0x28)
[    0.877838] [<c0136ff8>] (warn_slowpath_null) from [<c05d5d0c>] (i2c_register_driver+0x68/0x84)
[    0.877868] [<c05d5d0c>] (i2c_register_driver) from [<c0101824>] (do_one_initcall+0x80/0x1e0)
[    0.877899] [<c0101824>] (do_one_initcall) from [<c0b00e94>] (kernel_init_freeable+0x218/0x2e8)
[    0.877929] [<c0b00e94>] (kernel_init_freeable) from [<c0786fe0>] (kernel_init+0x8/0x118)
[    0.877960] [<c0786fe0>] (kernel_init) from [<c01078d0>] (ret_from_fork+0x14/0x24)
[    0.877990] ---[ end trace 119f7f1329a9c90e ]---
[    0.883178] Serial: 8250/16550 driver, 4 ports, IRQ sharing enabled
[    0.890167] omap_uart 4806a000.serial: no wakeirq for uart0
[    0.890777] 4806a000.serial: ttyO0 at MMIO 0x4806a000 (irq = 226, base_baud = 3000000) is a OMAP UART0
[    0.893585] 4806c000.serial: ttyO1 at MMIO 0x4806c000 (irq = 227, base_baud = 3000000) is a OMAP UART1
[    0.895385] 48020000.serial: ttyO2 at MMIO 0x48020000 (irq = 228, base_baud = 3000000) is a OMAP UART2
[    2.590148] console [ttyO2] enabled
[    2.595916] 4806e000.serial: ttyO3 at MMIO 0x4806e000 (irq = 229, base_baud = 3000000) is a OMAP UART3
[    2.647064] brd: module loaded
[    2.676391] loop: module loaded
[    2.679718] ------------[ cut here ]------------
[    2.684600] WARNING: CPU: 1 PID: 1 at drivers/i2c/i2c-core.c:1930 i2c_register_driver+0x68/0x84
[    2.693725] Modules linked in:
[    2.696929] CPU: 1 PID: 1 Comm: swapper/0 Tainted: G        W       4.5.0-rc7-next-20160314-00002-g7e0d3f31150c #1
[    2.707763] Hardware name: Generic OMAP4 (Flattened Device Tree)
[    2.714050] [<c010feec>] (unwind_backtrace) from [<c010c158>] (show_stack+0x10/0x14)
[    2.722167] [<c010c158>] (show_stack) from [<c046ccd8>] (dump_stack+0xb0/0xe4)
[    2.729766] [<c046ccd8>] (dump_stack) from [<c0136f20>] (__warn+0xd4/0x100)
[    2.737030] [<c0136f20>] (__warn) from [<c0136ff8>] (warn_slowpath_null+0x20/0x28)
[    2.744964] [<c0136ff8>] (warn_slowpath_null) from [<c05d5d0c>] (i2c_register_driver+0x68/0x84)
[    2.754058] [<c05d5d0c>] (i2c_register_driver) from [<c0101824>] (do_one_initcall+0x80/0x1e0)
[    2.762969] [<c0101824>] (do_one_initcall) from [<c0b00e94>] (kernel_init_freeable+0x218/0x2e8)
[    2.772094] [<c0b00e94>] (kernel_init_freeable) from [<c0786fe0>] (kernel_init+0x8/0x118)
[    2.780670] [<c0786fe0>] (kernel_init) from [<c01078d0>] (ret_from_fork+0x14/0x24)
[    2.788635] ---[ end trace 119f7f1329a9c90f ]---
[    2.793487] ------------[ cut here ]------------
[    2.798339] WARNING: CPU: 1 PID: 1 at drivers/i2c/i2c-core.c:1930 i2c_register_driver+0x68/0x84
[    2.807464] Modules linked in:
[    2.810668] CPU: 1 PID: 1 Comm: swapper/0 Tainted: G        W       4.5.0-rc7-next-20160314-00002-g7e0d3f31150c #1
[    2.821472] Hardware name: Generic OMAP4 (Flattened Device Tree)
[    2.827758] [<c010feec>] (unwind_backtrace) from [<c010c158>] (show_stack+0x10/0x14)
[    2.835876] [<c010c158>] (show_stack) from [<c046ccd8>] (dump_stack+0xb0/0xe4)
[    2.843414] [<c046ccd8>] (dump_stack) from [<c0136f20>] (__warn+0xd4/0x100)
[    2.850708] [<c0136f20>] (__warn) from [<c0136ff8>] (warn_slowpath_null+0x20/0x28)
[    2.858612] [<c0136ff8>] (warn_slowpath_null) from [<c05d5d0c>] (i2c_register_driver+0x68/0x84)
[    2.867706] [<c05d5d0c>] (i2c_register_driver) from [<c0101824>] (do_one_initcall+0x80/0x1e0)
[    2.876647] [<c0101824>] (do_one_initcall) from [<c0b00e94>] (kernel_init_freeable+0x218/0x2e8)
[    2.885742] [<c0b00e94>] (kernel_init_freeable) from [<c0786fe0>] (kernel_init+0x8/0x118)
[    2.894287] [<c0786fe0>] (kernel_init) from [<c01078d0>] (ret_from_fork+0x14/0x24)
[    2.902252] ---[ end trace 119f7f1329a9c910 ]---
[    2.907104] ------------[ cut here ]------------
[    2.911956] WARNING: CPU: 1 PID: 1 at drivers/i2c/i2c-core.c:1930 i2c_register_driver+0x68/0x84
[    2.921051] Modules linked in:
[    2.924285] CPU: 1 PID: 1 Comm: swapper/0 Tainted: G        W       4.5.0-rc7-next-20160314-00002-g7e0d3f31150c #1
[    2.935089] Hardware name: Generic OMAP4 (Flattened Device Tree)
[    2.941375] [<c010feec>] (unwind_backtrace) from [<c010c158>] (show_stack+0x10/0x14)
[    2.949462] [<c010c158>] (show_stack) from [<c046ccd8>] (dump_stack+0xb0/0xe4)
[    2.957031] [<c046ccd8>] (dump_stack) from [<c0136f20>] (__warn+0xd4/0x100)
[    2.964324] [<c0136f20>] (__warn) from [<c0136ff8>] (warn_slowpath_null+0x20/0x28)
[    2.972229] [<c0136ff8>] (warn_slowpath_null) from [<c05d5d0c>] (i2c_register_driver+0x68/0x84)
[    2.981323] [<c05d5d0c>] (i2c_register_driver) from [<c0101824>] (do_one_initcall+0x80/0x1e0)
[    2.990234] [<c0101824>] (do_one_initcall) from [<c0b00e94>] (kernel_init_freeable+0x218/0x2e8)
[    2.999359] [<c0b00e94>] (kernel_init_freeable) from [<c0786fe0>] (kernel_init+0x8/0x118)
[    3.007904] [<c0786fe0>] (kernel_init) from [<c01078d0>] (ret_from_fork+0x14/0x24)
[    3.016296] ---[ end trace 119f7f1329a9c911 ]---
[    3.022644] ------------[ cut here ]------------
[    3.027496] WARNING: CPU: 1 PID: 1 at drivers/i2c/i2c-core.c:1930 i2c_register_driver+0x68/0x84
[    3.036621] Modules linked in:
[    3.039825] CPU: 1 PID: 1 Comm: swapper/0 Tainted: G        W       4.5.0-rc7-next-20160314-00002-g7e0d3f31150c #1
[    3.050628] Hardware name: Generic OMAP4 (Flattened Device Tree)
[    3.056915] [<c010feec>] (unwind_backtrace) from [<c010c158>] (show_stack+0x10/0x14)
[    3.065032] [<c010c158>] (show_stack) from [<c046ccd8>] (dump_stack+0xb0/0xe4)
[    3.072601] [<c046ccd8>] (dump_stack) from [<c0136f20>] (__warn+0xd4/0x100)
[    3.079864] [<c0136f20>] (__warn) from [<c0136ff8>] (warn_slowpath_null+0x20/0x28)
[    3.087799] [<c0136ff8>] (warn_slowpath_null) from [<c05d5d0c>] (i2c_register_driver+0x68/0x84)
[    3.096893] [<c05d5d0c>] (i2c_register_driver) from [<c0101824>] (do_one_initcall+0x80/0x1e0)
[    3.105804] [<c0101824>] (do_one_initcall) from [<c0b00e94>] (kernel_init_freeable+0x218/0x2e8)
[    3.114898] [<c0b00e94>] (kernel_init_freeable) from [<c0786fe0>] (kernel_init+0x8/0x118)
[    3.123474] [<c0786fe0>] (kernel_init) from [<c01078d0>] (ret_from_fork+0x14/0x24)
[    3.131439] ---[ end trace 119f7f1329a9c912 ]---
[    3.138214] mtdoops: mtd device (mtddev=name/number) must be supplied
[    3.158477] spi1.0 supply vdd-io not found, using dummy regulator
[    3.165679] ks8851 spi1.0: message enable is 0
[    3.177307] ks8851 spi1.0 eth0: revision 0, MAC 08:00:28:01:4d:8a, IRQ 61, has EEPROM
[    3.191772] mousedev: PS/2 mouse device common for all mice
[    3.197631] i2c /dev entries driver
[    3.201385] Unable to handle kernel NULL pointer dereference at virtual address 00000148
[    3.209838] pgd = c0004000
[    3.212707] [00000148] *pgd=00000000
[    3.216461] Internal error: Oops: 5 [#1] SMP ARM
[    3.221282] Modules linked in:
[    3.224487] CPU: 0 PID: 1 Comm: swapper/0 Tainted: G        W       4.5.0-rc7-next-20160314-00002-g7e0d3f31150c #1
[    3.235290] Hardware name: Generic OMAP4 (Flattened Device Tree)
[    3.241577] task: ee8b2d40 ti: ee8b4000 task.ti: ee8b4000
[    3.247253] PC is at blocking_notifier_chain_register+0x80/0xdc
[    3.253417] LR is at i2c_dev_init+0x68/0xd8
[    3.257812] pc : [<c015a76c>]    lr : [<c0b40ed4>]    psr: 60000113
[    3.257812] sp : ee8b5ed0  ip : 00000000  fp : c0b005a0
[    3.269805] r10: c0b51858  r9 : 00000000  r8 : 00000000
[    3.275238] r7 : c0b40e6c  r6 : eebe5a40  r5 : c149a15c  r4 : 00000104
[    3.282073] r3 : 00000000  r2 : 00000001  r1 : c0c9e550  r0 : 00000104
[    3.288879] Flags: nZCv  IRQs on  FIQs on  Mode SVC_32  ISA ARM  Segment none
[    3.296356] Control: 10c5387d  Table: 8000404a  DAC: 00000051
[    3.302337] Process swapper/0 (pid: 1, stack limit = 0xee8b4218)
[    3.308624] Stack: (0xee8b5ed0 to 0xee8b6000)
[    3.313171] 5ec0:                                     00000000 c149a15c eebe5a40 c0b40ed4
[    3.321746] 5ee0: c085712c c0c06990 eebe5a40 c0c06990 c0c06990 c0101824 c0c400a4 60000113
[    3.330291] 5f00: 00000000 ee8b32e8 ee8b2d00 00000004 00000006 00000000 0000009d c082c2b4
[    3.338836] 5f20: c0a48654 c0158720 00000001 c09f1560 c0a47a10 00000000 00000006 00000006
[    3.347381] 5f40: c0b6b580 00000006 00000006 c0b51850 c0cc6000 c0b6bb1c c0cc6000 c0b51858
[    3.355926] 5f60: c0b005a0 c0b00e94 00000006 00000006 00000000 c0b005a0 00000000 0000009e
[    3.364471] 5f80: c0786fd8 00000000 c0786fd8 00000000 00000000 00000000 00000000 00000000
[    3.373016] 5fa0: 00000000 c0786fe0 00000000 c01078d0 00000000 00000000 00000000 00000000
[    3.381561] 5fc0: 00000000 00000000 00000000 00000000 00000000 00000000 00000000 00000000
[    3.390106] 5fe0: 00000000 00000000 00000000 00000000 00000013 00000000 eaa22ac8 aaa8a28a
[    3.398681] [<c015a76c>] (blocking_notifier_chain_register) from [<c0b40ed4>] (i2c_dev_init+0x68/0xd8)
[    3.408416] [<c0b40ed4>] (i2c_dev_init) from [<c0101824>] (do_one_initcall+0x80/0x1e0)
[    3.416687] [<c0101824>] (do_one_initcall) from [<c0b00e94>] (kernel_init_freeable+0x218/0x2e8)
[    3.425811] [<c0b00e94>] (kernel_init_freeable) from [<c0786fe0>] (kernel_init+0x8/0x118)
[    3.434387] [<c0786fe0>] (kernel_init) from [<c01078d0>] (ret_from_fork+0x14/0x24)
[    3.442291] Code: e58c5000 eb00b9d7 e3a00000 e8bd8070 (e5903044) 
[    3.448730] ---[ end trace 119f7f1329a9c913 ]---
[    3.453613] Kernel panic - not syncing: Attempted to kill init! exitcode=0x0000000b
[    3.453613] 
[    3.463165] CPU1: stopping
[    3.466003] CPU: 1 PID: 0 Comm: swapper/1 Tainted: G      D W       4.5.0-rc7-next-20160314-00002-g7e0d3f31150c #1
[    3.476806] Hardware name: Generic OMAP4 (Flattened Device Tree)
[    3.483123] [<c010feec>] (unwind_backtrace) from [<c010c158>] (show_stack+0x10/0x14)
[    3.491210] [<c010c158>] (show_stack) from [<c046ccd8>] (dump_stack+0xb0/0xe4)
[    3.498779] [<c046ccd8>] (dump_stack) from [<c010e538>] (handle_IPI+0x2a4/0x2dc)
[    3.506500] [<c010e538>] (handle_IPI) from [<c0101588>] (gic_handle_irq+0x84/0x94)
[    3.514434] [<c0101588>] (gic_handle_irq) from [<c078de78>] (__irq_svc+0x58/0x78)
[    3.522247] Exception stack(0xee8ddf88 to 0xee8ddfd0)
[    3.527526] df80:                   c0108318 00000000 00000000 00000000 ee8dc000 c0c02a34
[    3.536071] dfa0: 00000000 00000000 c0cc2218 c0c029cc c0cc2218 00000000 00000000 ee8ddfd8
[    3.544616] dfc0: c0108318 c010831c 60000113 ffffffff
[    3.549926] [<c078de78>] (__irq_svc) from [<c010831c>] (arch_cpu_idle+0x20/0x3c)
[    3.557647] [<c010831c>] (arch_cpu_idle) from [<c0181f68>] (cpu_startup_entry+0x2a4/0x328)
[    3.566284] [<c0181f68>] (cpu_startup_entry) from [<8010162c>] (0x8010162c)
[    3.573577] ---[ end Kernel panic - not syncing: Attempted to kill init! exitcode=0x0000000b
[    3.573577] 
- 03:28:27 [INFO] Boot attempt 1/1 failed
- 03:28:27 [INFO] Collecting kernel traces via sysrq...
- 03:28:37 [INFO] 
- 03:28:47 [INFO] 
- 03:28:58 [INFO] 
- 03:28:58 [INFO] Disconnected serial from sdp4430
URL:gtsystest.telogy.design.ti.com/vatf/tidfarm-06/tidfarm-06_vatf@sdp4430/tidfarm-0603_14_2016_03_24_20/files/session_iteration_1/test_1
