spawn ttyNM_OMAP5uEVM
picocom v1.4

port is        : /dev/ttyNM_OMAP5uEVM
flowcontrol    : none
baudrate is    : 115200
parity is      : none
databits are   : 8
escape is      : C-a
noinit is      : yes
noreset is     : yes
nolock is      : yes
send_cmd is    : ascii_xfr -s -v -l10
receive_cmd is : rz -vv

Terminal ready
 0 
mmc0 is current device
SD/MMC found on device 0
reading uEnv.txt
468 bytes read in 2 ms (228.5 KiB/s)
Loaded environment from
Importing environment from mmc0 ...
(Re)start USB...
USB0:   USB EHCI 1.00
scanning bus 0 for devices... 3 USB Device(s) found
       scanning usb for storage devices... 0 Storage Device(s) found
       scanning usb for ethernet devices... 1 Ethernet Device(s) found
usbethaddr=02:21:08:40:09:80
Waiting for Ethernet connection... done.
BOOTP broadcast 1
*** Unhandled DHCP Option in OFFER/ACK: 150
*** Unhandled DHCP Option in OFFER/ACK: 44
*** Unhandled DHCP Option in OFFER/ACK: 46
*** Unhandled DHCP Option in OFFER/ACK: 150
*** Unhandled DHCP Option in OFFER/ACK: 44
*** Unhandled DHCP Option in OFFER/ACK: 46
DHCP client bound to address 128.247.91.96
Using sms0 device
TFTP from server 128.247.91.123; our IP address is 128.247.91.96
Filename '/tftpboot/kernel/zImage'.
Load address: 0x82000000
Loading: *#################################################################
	 #################################################################
	 #################################################################
	 #################################################################
	 #################################################################
	 #################################################################
	 #################################################################
	 #################################################################
	 #################################################################
	 #################################################################
	 #################################################################
	 #################################################################
	 #################################################################
	 ####
	 495.1 KiB/s
done
Bytes transferred = 4342416 (424290 hex)
stopping USB..
(Re)start USB...
USB0:   USB EHCI 1.00
scanning bus 0 for devices... 3 USB Device(s) found
       scanning usb for storage devices... 0 Storage Device(s) found
       scanning usb for ethernet devices... 1 Ethernet Device(s) found
usbethaddr=02:21:08:40:09:80
Waiting for Ethernet connection... done.
BOOTP broadcast 1
*** Unhandled DHCP Option in OFFER/ACK: 150
*** Unhandled DHCP Option in OFFER/ACK: 44
*** Unhandled DHCP Option in OFFER/ACK: 46
*** Unhandled DHCP Option in OFFER/ACK: 150
*** Unhandled DHCP Option in OFFER/ACK: 44
*** Unhandled DHCP Option in OFFER/ACK: 46
DHCP client bound to address 128.247.91.96
Using sms0 device
TFTP from server 128.247.91.123; our IP address is 128.247.91.96
Filename '/tftpboot/kernel/omap5-uevm.dtb'.
Load address: 0x88000000
Loading: *##########
	 536.1 KiB/s
done
Bytes transferred = 47779 (baa3 hex)
stopping USB..
Booting from mmc0 ...
Kernel image @ 0x82000000 [ 0x000000 - 0x424290 ]
## Flattened Device Tree blob at 88000000
   Booting using the fdt blob at 0x88000000
   Loading Device Tree to 87ff1000, end 87fffaa2 ... OK

Starting kernel ...

[    0.000000] Booting Linux on physical CPU 0x0
[    0.000000] Linux version 3.15.0-rc8-next-20140606-00002-g5e5cfa3 (nmenon@kahuna) (gcc version 4.6.3 (Ubuntu/Linaro 4.6.3-1ubuntu5) ) #1 SMP Mon Jun 9 05:28:42 CDT 2014
[    0.000000] CPU: ARMv7 Processor [412fc0f2] revision 2 (ARMv7), cr=10c5387d
[    0.000000] CPU: PIPT / VIPT nonaliasing data cache, PIPT instruction cache
[    0.000000] Machine model: TI OMAP5 uEVM board
[    0.000000] cma: CMA: reserved 16 MiB at ae800000
[    0.000000] Memory policy: Data cache writealloc
[    0.000000] OMAP5432 ES2.0
[    0.000000] PERCPU: Embedded 9 pages/cpu @ed7af000 s14336 r8192 d14336 u36864
[    0.000000] Built 1 zonelists in Zone order, mobility grouping on.  Total pages: 518416
[    0.000000] Kernel command line: console=ttyO2,115200n8 vram=16M root=/dev/mmcblk1p2 rw rootfstype=ext4 rootwait no_console_suspend earlyprintk
[    0.000000] PID hash table entries: 4096 (order: 2, 16384 bytes)
[    0.000000] Dentry cache hash table entries: 131072 (order: 7, 524288 bytes)
[    0.000000] Inode-cache hash table entries: 65536 (order: 6, 262144 bytes)
[    0.000000] Memory: 2028552K/2079744K available (5641K kernel code, 680K rwdata, 2192K rodata, 402K init, 8337K bss, 51192K reserved, 1301504K highmem)
[    0.000000] Virtual kernel memory layout:
[    0.000000]     vector  : 0xffff0000 - 0xffff1000   (   4 kB)
[    0.000000]     fixmap  : 0xffc00000 - 0xffe00000   (2048 kB)
[    0.000000]     vmalloc : 0xf0000000 - 0xff000000   ( 240 MB)
[    0.000000]     lowmem  : 0xc0000000 - 0xef800000   ( 760 MB)
[    0.000000]     pkmap   : 0xbfe00000 - 0xc0000000   (   2 MB)
[    0.000000]     modules : 0xbf000000 - 0xbfe00000   (  14 MB)
[    0.000000]       .text : 0xc0008000 - 0xc07ae94c   (7835 kB)
[    0.000000]       .init : 0xc07af000 - 0xc0813800   ( 402 kB)
[    0.000000]       .data : 0xc0814000 - 0xc08be108   ( 681 kB)
[    0.000000]        .bss : 0xc08be108 - 0xc10e25d8   (8338 kB)
[    0.000000] Hierarchical RCU implementation.
[    0.000000] NR_IRQS:16 nr_irqs:16 16
[    0.000000] OMAP clockevent source: timer1 at 32768 Hz
[    0.000000] sched_clock: 32 bits at 32kHz, resolution 30517ns, wraps every 65536000000000ns
[    0.000030] OMAP clocksource: 32k_counter at 32768 Hz
[    0.000335] Architected cp15 timer(s) running at 6.14MHz (virt).
[    0.000371] sched_clock: 56 bits at 6MHz, resolution 162ns, wraps every 2796202663936ns
[    0.000382] Switching to timer-based delay loop
[    0.001303] Console: colour dummy device 80x30
[    0.001329] Lock dependency validator: Copyright (c) 2006 Red Hat, Inc., Ingo Molnar
[    0.001341] ... MAX_LOCKDEP_SUBCLASSES:  8
[    0.001352] ... MAX_LOCK_DEPTH:          48
[    0.001362] ... MAX_LOCKDEP_KEYS:        8191
[    0.001373] ... CLASSHASH_SIZE:          4096
[    0.001383] ... MAX_LOCKDEP_ENTRIES:     32768
[    0.001393] ... MAX_LOCKDEP_CHAINS:      65536
[    0.001403] ... CHAINHASH_SIZE:          32768
[    0.001414]  memory used by lock dependency info: 5167 kB
[    0.001424]  per task-struct memory footprint: 1152 bytes
[    0.001458] Calibrating delay loop (skipped), value calculated using timer frequency.. 12.28 BogoMIPS (lpj=61440)
[    0.001479] pid_max: default: 32768 minimum: 301
[    0.001808] Security Framework initialized
[    0.001916] Mount-cache hash table entries: 2048 (order: 1, 8192 bytes)
[    0.001931] Mountpoint-cache hash table entries: 2048 (order: 1, 8192 bytes)
[    0.003578] CPU: Testing write buffer coherency: ok
[    0.004325] /cpus/cpu@0 missing clock-frequency property
[    0.004349] /cpus/cpu@1 missing clock-frequency property
[    0.004364] CPU0: thread -1, cpu 0, socket 0, mpidr 80000000
[    0.004418] Setting up static identity map for 0x80558f28 - 0x80558f98
[    0.008268] CPU1: Booted secondary processor
[    0.008300] CPU1: thread -1, cpu 1, socket 0, mpidr 80000001
[    0.008712] Brought up 2 CPUs
[    0.008732] SMP: Total of 2 processors activated.
[    0.008744] CPU: All CPU(s) started in SVC mode.
[    0.010759] devtmpfs: initialized
[    0.020009] VFP support v0.3: implementor 41 architecture 4 part 30 variant f rev 0
[    0.021309] omap_hwmod: l3_main_3 using broken dt data from ocp
[    0.022477] omap_hwmod: l3_main_2 using broken dt data from ocp
[    0.038004] ------------[ cut here ]------------
[    0.038023] WARNING: CPU: 0 PID: 1 at arch/arm/mach-omap2/omap_hwmod.c:2538 _init+0x1c0/0x3e0()
[    0.038035] omap_hwmod: dss_rfbi: doesn't have mpu register target base
[    0.038045] Modules linked in:
[    0.038067] CPU: 0 PID: 1 Comm: swapper/0 Not tainted 3.15.0-rc8-next-20140606-00002-g5e5cfa3 #1
[    0.038098] [<c0014d10>] (unwind_backtrace) from [<c001197c>] (show_stack+0x10/0x14)
[    0.038121] [<c001197c>] (show_stack) from [<c0550d00>] (dump_stack+0x78/0x94)
[    0.038141] [<c0550d00>] (dump_stack) from [<c00405f4>] (warn_slowpath_common+0x6c/0x8c)
[    0.038157] [<c00405f4>] (warn_slowpath_common) from [<c00406a8>] (warn_slowpath_fmt+0x30/0x40)
[    0.038173] [<c00406a8>] (warn_slowpath_fmt) from [<c07bbee0>] (_init+0x1c0/0x3e0)
[    0.038191] [<c07bbee0>] (_init) from [<c00282b4>] (omap_hwmod_for_each+0x34/0x5c)
[    0.038208] [<c00282b4>] (omap_hwmod_for_each) from [<c07bc654>] (__omap_hwmod_setup_all+0x24/0x40)
[    0.038223] [<c07bc654>] (__omap_hwmod_setup_all) from [<c0008984>] (do_one_initcall+0x80/0x1cc)
[    0.038243] [<c0008984>] (do_one_initcall) from [<c07afc9c>] (kernel_init_freeable+0xfc/0x1cc)
[    0.038261] [<c07afc9c>] (kernel_init_freeable) from [<c054b840>] (kernel_init+0x8/0xe4)
[    0.038278] [<c054b840>] (kernel_init) from [<c000e628>] (ret_from_fork+0x14/0x2c)
[    0.038324] ---[ end trace a429902c1667111c ]---
[    0.089956] omap_hwmod: dss_dispc: cannot be enabled for reset (3)
[    0.092503] omap_hwmod: dss_dsi1: cannot be enabled for reset (3)
[    0.095038] omap_hwmod: dss_dsi2: cannot be enabled for reset (3)
[    0.097566] omap_hwmod: dss_hdmi: cannot be enabled for reset (3)
[    0.136805] pinctrl core: initialized pinctrl subsystem
[    0.138736] regulator-dummy: no parameters
[    0.175006] NET: Registered protocol family 16
[    0.179093] DMA: preallocated 256 KiB pool for atomic coherent allocations
[    0.180570] cpuidle: using governor ladder
[    0.180606] cpuidle: using governor menu
[    0.199098] OMAP GPIO hardware version 0.1
[    0.208510] platform 50000000.gpmc: Cannot lookup hwmod 'gpmc'
[    0.208729] omap-gpmc 50000000.gpmc: _od_fail_runtime_resume: FIXME: missing hwmod/omap_dev info
[    0.208748] omap-gpmc 50000000.gpmc: GPMC revision 6.0
[    0.224938] platform 4a090000.ocp2scp: Cannot lookup hwmod 'ocp2scp3'
[    0.225329] platform 4a140000.sata: Cannot lookup hwmod 'sata'
[    0.228974] No ATAGs?
[    0.229039] hw-breakpoint: found 5 (+1 reserved) breakpoint and 4 watchpoint registers.
[    0.229067] hw-breakpoint: maximum watchpoint size is 8 bytes.
[    0.230911] OMAP DMA hardware revision 0.0
[    0.273250] edma-dma-engine edma-dma-engine.0: Can't allocate PaRAM dummy slot
[    0.273296] edma-dma-engine: probe of edma-dma-engine.0 failed with error -5
[    0.300327] omap-dma-engine 4a056000.dma-controller: OMAP DMA engine driver
[    0.301405] vmmcsd_fixed: 3000 mV 
[    0.304635] SCSI subsystem initialized
[    0.305236] usbcore: registered new interface driver usbfs
[    0.305374] usbcore: registered new interface driver hub
[    0.307766] usbcore: registered new device driver usb
[    0.308142] hsusb2_phy supply vcc not found, using dummy regulator
[    0.308614] hsusb3_phy supply vcc not found, using dummy regulator
[    0.309301] omap_i2c 48070000.i2c: could not find pctldev for node /ocp/pinmux@4a002840/pinmux_i2c1_pins, deferring probe
[    0.309328] platform 48070000.i2c: Driver omap_i2c requests probe deferral
[    0.310209] omap_i2c 48072000.i2c: bus 1 rev0.12 at 100 kHz
[    0.310932] omap_i2c 48060000.i2c: bus 2 rev0.12 at 100 kHz
[    0.311570] omap_i2c 4807a000.i2c: bus 3 rev0.12 at 100 kHz
[    0.311642] omap_i2c 4807c000.i2c: could not find pctldev for node /ocp/pinmux@4a002840/pinmux_i2c5_pins, deferring probe
[    0.311667] platform 4807c000.i2c: Driver omap_i2c requests probe deferral
[    0.314757] Switched to clocksource arch_sys_counter
[    0.415044] NET: Registered protocol family 2
[    0.416291] TCP established hash table entries: 8192 (order: 3, 32768 bytes)
[    0.416491] TCP bind hash table entries: 8192 (order: 6, 294912 bytes)
[    0.418785] TCP: Hash tables configured (established 8192 bind 8192)
[    0.418908] TCP: reno registered
[    0.418950] UDP hash table entries: 512 (order: 3, 40960 bytes)
[    0.419268] UDP-Lite hash table entries: 512 (order: 3, 40960 bytes)
[    0.420226] NET: Registered protocol family 1
[    0.421237] RPC: Registered named UNIX socket transport module.
[    0.421264] RPC: Registered udp transport module.
[    0.421277] RPC: Registered tcp transport module.
[    0.421289] RPC: Registered tcp NFSv4.1 backchannel transport module.
[    0.422100] hw perfevents: enabled with ARMv7 Cortex-A15 PMU driver, 7 counters available
[    0.426244] futex hash table entries: 512 (order: 3, 32768 bytes)
[    0.429426] VFS: Disk quotas dquot_6.5.2
[    0.429531] Dquot-cache hash table entries: 1024 (order 0, 4096 bytes)
[    0.431113] NFS: Registering the id_resolver key type
[    0.431324] Key type id_resolver registered
[    0.431352] Key type id_legacy registered
[    0.431444] jffs2: version 2.2. (NAND) (SUMMARY)  Â© 2001-2006 Red Hat, Inc.
[    0.431858] msgmni has been set to 1452
[    0.433617] bounce: pool size: 64 pages
[    0.433669] io scheduler noop registered
[    0.433688] io scheduler deadline registered
[    0.433762] io scheduler cfq registered (default)
[    0.439200] pinctrl-single 4a002840.pinmux: 219 pins at pa fc002840 size 438
[    0.439574] pinctrl-single 4ae0c840.pinmux: 28 pins at pa fce0c840 size 56
[    0.441393] pbias_mmc_omap5: 1800 <--> 3000 mV at 3000 mV 
[    0.442345] omap-ocp2scp 4a090000.ocp2scp: _od_fail_runtime_resume: FIXME: missing hwmod/omap_dev info
[    0.442627] Serial: 8250/16550 driver, 4 ports, IRQ sharing enabled
[    0.446855] omap_uart 4806a000.serial: no wakeirq for uart0
[    0.447165] 4806a000.serial: ttyO0 at MMIO 0x4806a000 (irq = 104, base_baud = 3000000) is a OMAP UART0
[    0.448341] omap_uart 4806c000.serial: no wakeirq for uart0
[    0.448529] 4806c000.serial: ttyO1 at MMIO 0x4806c000 (irq = 105, base_baud = 3000000) is a OMAP UART1
[    0.449357] omap_uart 48020000.serial: no wakeirq for uart0
[    0.449544] 48020000.serial: ttyO2 at MMIO 0x48020000 (irq = 106, base_baud = 3000000) is a OMAP UART2
[    1.428461] console [ttyO2] enabled
[    1.433046] omap_uart 4806e000.serial: no wakeirq for uart0
[    1.439096] 4806e000.serial: ttyO3 at MMIO 0x4806e000 (irq = 102, base_baud = 3000000) is a OMAP UART3
[    1.449686] omap_uart 48066000.serial: no wakeirq for uart0
[    1.455708] 48066000.serial: ttyO4 at MMIO 0x48066000 (irq = 137, base_baud = 3000000) is a OMAP UART4
[    1.466201] omap_uart 48068000.serial: no wakeirq for uart0
[    1.472194] 48068000.serial: ttyO5 at MMIO 0x48068000 (irq = 138, base_baud = 3000000) is a OMAP UART5
[    1.499659] brd: module loaded
[    1.512466] loop: module loaded
[    1.517935] mtdoops: mtd device (mtddev=name/number) must be supplied
[    1.529742] usbcore: registered new interface driver asix
[    1.535534] usbcore: registered new interface driver ax88179_178a
[    1.542001] usbcore: registered new interface driver cdc_ether
[    1.548267] usbcore: registered new interface driver smsc95xx
[    1.554373] usbcore: registered new interface driver net1080
[    1.560410] usbcore: registered new interface driver cdc_subset
[    1.566719] usbcore: registered new interface driver zaurus
[    1.572692] usbcore: registered new interface driver cdc_ncm
[    1.579283] usbcore: registered new interface driver cdc_wdm
[    1.585365] usbcore: registered new interface driver usb-storage
[    1.591780] usbcore: registered new interface driver usbtest
[    1.599133] mousedev: PS/2 mouse device common for all mice
[    1.606941] i2c /dev entries driver
[    1.612426] Driver for 1-wire Dallas network protocol.
[    1.620940] omap_wdt: OMAP Watchdog Timer Rev 0x01: initial timeout 60 sec
[    1.629696] omap_hsmmc 4809c000.mmc: unable to get vmmc regulator -517
[    1.636763] platform 4809c000.mmc: Driver omap_hsmmc requests probe deferral
[    1.644778] omap_hsmmc 480b4000.mmc: pins are not configured from the driver
[    1.685057] 480ad000.mmc supply vmmc not found, using dummy regulator
[    1.692189] omap_hsmmc 480ad000.mmc: pins are not configured from the driver
[    1.699953] omap_hsmmc 480ad000.mmc: could not set regulator OCR (-22)
[    1.746112] ledtrig-cpu: registered to indicate activity on CPUs
[    1.752782] usbcore: registered new interface driver usbhid
[    1.758655] usbhid: USB HID core driver
[    1.764342] oprofile: using timer interrupt.
[    1.769174] TCP: cubic registered
[    1.772667] Initializing XFRM netlink socket
[    1.777306] NET: Registered protocol family 17
[    1.777313] mmc0: BKOPS_EN bit is not set
[    1.786308] NET: Registered protocol family 15
[    1.791150] Key type dns_resolver registered
[    1.795809] omap_vc_init_channel: No PMIC info for vdd_core
[    1.801654] omap_vp_init: No PMIC info for vdd_core
[    1.806787] omap_vc_init_channel: No PMIC info for vdd_mm
[    1.812443] omap_vp_init: No PMIC info for vdd_mm
[    1.817501] omap_vc_init_channel: No PMIC info for vdd_mpu
[    1.823264] omap_vp_init: No PMIC info for vdd_mpu
[    1.828372] mmc0: new high speed MMC card at address 0001
[    1.828937] ThumbEE CPU extension supported.
[    1.828961] Registering SWP/SWPB emulation handler
[    1.828971] SmartReflex Class3 initialized
[    1.846776] palmas 0-0048: Irq flag is 0x00000000
[    1.854317] mmcblk0: mmc0:0001 SEM04G 3.68 GiB 
[    1.859497] mmcblk0boot0: mmc0:0001 SEM04G partition 1 2.00 MiB
[    1.865833] palmas 0-0048: Muxing GPIO 2, PWM 0, LED 0
[    1.866117] mmcblk0boot1: mmc0:0001 SEM04G partition 2 2.00 MiB
[    1.871551] Alternate GPT is invalid, using primary GPT.
[    1.871596]  mmcblk0: p1 p2 p3 p4 p5 p6 p7
[    1.877752]  mmcblk0boot1: unknown partition table
[    1.879920]  mmcblk0boot0: unknown partition table
[    1.938656] smps123: 600 <--> 1500 mV at 1060 mV 
[    1.945891] smps45: 600 <--> 1310 mV at 1030 mV 
[    1.953570] smps6: 1200 mV 
[    1.958482] smps7: 1800 mV 
[    1.963688] smps8: 600 <--> 1310 mV at 1040 mV 
[    1.970769] smps9: 2100 mV 
[    1.975287] smps10_out2: 5000 mV 
[    1.980038] smps10_out1: 5000 mV 
[    1.984494] ldo1: 1500 <--> 1800 mV 
[    1.990032] ldo2: 2800 mV 
[    1.994960] ldo3: 1500 mV 
[    1.999116] ldo4: 1500 <--> 1800 mV 
[    2.004888] ldo5: 1800 mV 
[    2.011325] ldo6: 1200 mV 
[    2.015970] ldo7: 2000 mV 
[    2.020854] ldo8: 3000 mV 
[    2.025873] ldo9: 1800 <--> 3000 mV at 3000 mV 
[    2.032628] ldoln: 1800 mV 
[    2.037651] ldousb: 3250 mV 
[    2.041695] REGEN1: no parameters
[    2.045620] REGEN2: no parameters
[    2.049729] regen3: no parameters
[    2.053942] SYSEN1: no parameters
[    2.057872] SYSEN2: no parameters
[    2.061560] omap_i2c 48070000.i2c: bus 0 rev0.12 at 400 kHz
[    2.069716] omap_i2c 4807c000.i2c: bus 4 rev0.12 at 400 kHz
[    2.078607] omap_hsmmc 4809c000.mmc: pins are not configured from the driver
[    2.125992] drivers/rtc/hctosys.c: unable to open rtc device (rtc0)
[    2.132566] sr_init: No PMIC hook to init smartreflex
[    2.138094] sr_init: platform driver register failed for SR
[    2.169302] ldo8: disabling
[    2.176324] ldo3: disabling
[    2.182217] Waiting for root device /dev/mmcblk1p2...
[    2.262674] mmc2: host does not support reading read-only switch. assuming write-enable.
[    2.273337] mmc2: new high speed SDHC card at address 910e
[    2.280021] mmcblk1: mmc2:910e SD08G 7.42 GiB 
[    2.286427]  mmcblk1: p1 p2
[    3.264551] EXT4-fs (mmcblk1p2): recovery complete
[    3.273881] EXT4-fs (mmcblk1p2): mounted filesystem with ordered data mode. Opts: (null)
[    3.282428] VFS: Mounted root (ext4 filesystem) on device 179:26.
[    3.298760] devtmpfs: mounted
[    3.302214] Freeing unused kernel memory: 400K (c07af000 - c0813000)
Mounting proc : OK
Mounting sysfs : OK
Mounting devtmpfs:mount: mounting none on /dev failed: Device or resource busy
boot mounted: OK
ln: /dev/tty-bd: File exists
/dev/ttyO2
no_console_suspend linked to /dev/tty-bd - using as console

******************************************
Starting System Init for GenericOMAP5(FlattenedDeviceTree)
Release: X.x
Kernel: Linux GenericOMAP5(FlattenedDeviceTree) 3.15.0-rc8-next-20140606-00002-g5e5cfa3 #1 SMP Mon Jun 9 05:28:42 CDT 2014 armv7l GNU/Linux
******************************************
Saving kernel ring buffer : OK
Mounting devpts : OK
Setting up networking
Configuring lo : OK
Starting syslogd : OK
Starting klogd : OK
Mounting filesystems : OK
mount: mounting none on /proc/bus/usb/ failed: No such file or directory

Please press Enter to activate this console. root


/ # 
/ # 
/ # 
/ # 
/ # 
/ # [   43.055042] random: nonblocking pool is initialized
mount -t proc proc /proc
mount: mounting proc on /proc failed: Device or resource busy
/ # 
/ # 
/ # mount -t sysfs sys /sys
mount: mounting sys on /sys failed: Device or resource busy
/ # 
/ # 
/ # mount -t debugfs none /sys/kernel/debug
mount: mounting none on /sys/kernel/debug failed: Device or resource busy
/ # 
/ # 
/ # cat /proc/cpuinfo
processor	: 0
model name	: ARMv7 Processor rev 2 (v7l)
Features	: swp half thumb fastmult vfp edsp thumbee neon vfpv3 tls vfpv4 idiva idivt vfpd32 lpae evtstrm 
CPU implementer	: 0x41
CPU architecture: 7
CPU variant	: 0x2
CPU part	: 0xc0f
CPU revision	: 2

processor	: 1
model name	: ARMv7 Processor rev 2 (v7l)
Features	: swp half thumb fastmult vfp edsp thumbee neon vfpv3 tls vfpv4 idiva idivt vfpd32 lpae evtstrm 
CPU implementer	: 0x41
CPU architecture: 7
CPU variant	: 0x2
CPU part	: 0xc0f
CPU revision	: 2

Hardware	: Generic OMAP5 (Flattened Device Tree)
Revision	: 0000
Serial		: 0000000000000000
/ # 
/ # 
/ # cat /proc/interrupts
           CPU0       CPU1       
 27:        481        304       GIC  27  arch_timer
 39:          0          0       GIC  39  palmas
 41:          0          0       GIC  41  l3-dbg-irq
 42:          0          0       GIC  42  l3-app-irq
 44:          0          0       GIC  44  DMA
 45:        351          0       GIC  45  omap-dma-engine
 52:          0          0       GIC  52  gpmc
 69:          0          0       GIC  69  gp_timer
 88:        515          0       GIC  88  48070000.i2c
 89:          0          0       GIC  89  48072000.i2c
 92:          0          0       GIC  92  4807c000.i2c
 93:          0          0       GIC  93  48060000.i2c
 94:          0          0       GIC  94  4807a000.i2c
106:        680          0       GIC 106  OMAP UART2
115:        407          0       GIC 115  mmc2
118:         65          0       GIC 118  mmc0
126:         13          0       GIC 126  mmc1
158:          1          0       GIC 158  talert
451:          0          0    palmas  21  palmas_usb_id
453:          0          0    palmas  23  palmas_usb_vbus
IPI0:          0          1  CPU wakeup interrupts
IPI1:          0          0  Timer broadcast interrupts
IPI2:       1056        927  Rescheduling interrupts
IPI3:          0          0  Function call interrupts
IPI4:         96         10  Single function call interrupts
IPI5:          0          0  CPU stop interrupts
IPI6:          0          0  IRQ work interrupts
IPI7:          0          0  completion interrupts
Err:          0
/ # 
/ # 
/ # head /sys/devices/soc0/* 2>/dev/null
==> /sys/devices/soc0/family <==
OMAP5

==> /sys/devices/soc0/machine <==
OMAP5432

==> /sys/devices/soc0/power <==

==> /sys/devices/soc0/revision <==
ES2.0

==> /sys/devices/soc0/subsystem <==

==> /sys/devices/soc0/type <==
GP

==> /sys/devices/soc0/uevent <==
/ # 
/ # 
/ # cat /sys/kernel/debug/clk/clk_summary
   clock                         enable_cnt  prepare_cnt        rate   accuracy
--------------------------------------------------------------------------------
 dummy_ck                                 0            0           0          0
 xclk60mhsp2_ck                           0            0    60000000          0
 xclk60mhsp1_ck                           0            0    60000000          0
 virt_38400000_ck                         0            0    38400000          0
 virt_27000000_ck                         0            0    27000000          0
 virt_26000000_ck                         0            0    26000000          0
 virt_19200000_ck                         1            1    19200000          0
    sys_clkin                             5           13    19200000          0
       timer9_gfclk_mux                   0            1    19200000          0
       timer4_gfclk_mux                   0            1    19200000          0
       timer3_gfclk_mux                   0            1    19200000          0
       timer2_gfclk_mux                   0            1    19200000          0
       timer11_gfclk_mux                  0            1    19200000          0
       timer10_gfclk_mux                  0            1    19200000          0
       sata_ref_clk                       0            0    19200000          0
       dpll_usb_ck                        1            2   960000000          0
          dpll_usb_m2_ck                  0            1   480000000          0
             usb_host_hs_hsic480m_p3_clk           0            0   480000000          0
             usb_host_hs_hsic480m_p2_clk           0            0   480000000          0
             usb_host_hs_hsic480m_p1_clk           0            0   480000000          0
             l3init_60m_fclk              0            1    60000000          0
                usb_tll_hs_usb_ch2_clk           0            0    60000000          0
                usb_tll_hs_usb_ch1_clk           0            0    60000000          0
                usb_tll_hs_usb_ch0_clk           0            0    60000000          0
                usb_host_hs_utmi_p3_clk           0            0    60000000          0
                utmi_p2_gfclk             0            0    60000000          0
                   usb_host_hs_utmi_p2_clk           0            0    60000000          0
                utmi_p1_gfclk             0            0    60000000          0
                   usb_host_hs_utmi_p1_clk           0            0    60000000          0
                usb_host_hs_hsic60m_p3_clk           0            0    60000000          0
                usb_host_hs_hsic60m_p2_clk           0            0    60000000          0
                usb_host_hs_hsic60m_p1_clk           0            0    60000000          0
          dpll_usb_clkdcoldo              1            1   960000000          0
             usb_otg_ss_refclk960m           1            3   960000000          0
       dpll_unipro2_ck                    0            0           0          0
          dpll_unipro2_m2_ck              0            0           0          0
          dpll_unipro2_clkdcoldo           0            0           0          0
       dpll_unipro1_ck                    0            0           0          0
          dpll_unipro1_m2_ck              0            0           0          0
             lli_txphy_ls_clk             0            0           0          0
          dpll_unipro1_clkdcoldo           0            0           0          0
             lli_txphy_clk                0            0           0          0
       dpll_per_ck                        1            1   384000000          0
          dpll_per_m2_ck                  0            0    96000000          0
             func_24m_clk                 0            0    24000000          0
          dpll_per_x2_ck                  1            2   768000000          0
             dpll_per_m3x2_ck             0            0   256000000          0
             dpll_per_m2x2_ck             1            4   192000000          0
                mmc2_fclk_mux             0            1   192000000          0
                   mmc2_fclk              0            1    96000000          0
                mmc1_fclk_mux             0            1   192000000          0
                   mmc1_fclk              0            1    96000000          0
                hsi_fclk                  0            0   192000000          0
                func_96m_fclk             0            6    96000000          0
                   iss_ctrlclk            0            0    96000000          0
                func_48m_fclk             6           13    48000000          0
                   dss_48mhz_clk           0            2    48000000          0
                func_12m_fclk             0            0    12000000          0
             dpll_per_h14x2_ck            0            0   384000000          0
             dpll_per_h12x2_ck            0            1   192000000          0
                dss_dss_clk               0            4   192000000          0
             dpll_per_h11x2_ck            0            0   256000000          0
                fdif_fclk                 0            0   256000000          0
                func_128m_clk             0            0   128000000          0
       auxclk4_src_ck                     0            0    19200000          0
          auxclk4_ck                      0            0     9600000          0
       auxclk3_src_ck                     0            0    19200000          0
          auxclk3_ck                      0            0    19200000          0
             auxclkreq3_ck                0            0    19200000          0
       auxclk2_src_ck                     0            0    19200000          0
          auxclk2_ck                      0            0    19200000          0
             auxclkreq2_ck                0            0    19200000          0
       auxclk1_src_ck                     0            0    19200000          0
          auxclk1_ck                      0            0    19200000          0
             auxclkreq1_ck                0            0    19200000          0
       auxclk0_src_ck                     0            0    19200000          0
          auxclk0_ck                      0            0    19200000          0
             auxclkreq0_ck                0            0    19200000          0
       dpll_mpu_ck                        1            1  1000000000          0
          dpll_mpu_m2_ck                  1            1  1000000000          0
       dpll_iva_ck                        0            1           0          0
          dpll_iva_x2_ck                  0            1           0          0
             dpll_iva_h12x2_ck            0            0           0          0
             dpll_iva_h11x2_ck            0            1           0          0
       dpll_core_ck                       1            1  1063680000          0
          dpll_core_m2_ck                 0            0   531840000          0
          dpll_core_x2_ck                 3            4  2127360000          0
             dpll_core_m3x2_ck            0            0   425472000          0
             dpll_core_h24x2_ck           0            0   354560000          0
             dpll_core_h23x2_ck           0            0   303908572          0
             dpll_core_h22x2_ck           0            1   425472000          0
             dpll_core_h14x2_ck           0            0    33767620          0
                gpu_hyd_gclk_mux           0            0    33767620          0
                gpu_core_gclk_mux           0            0    33767620          0
             dpll_core_h13x2_ck           1            2    34312259          0
             dpll_core_h12x2_ck           1            1   531840000          0
                l3_iclk_div              21           22   531840000          0
                   l4_root_clk_div          43           49   531840000          0
                   gpu_l3_iclk            0            0   531840000          0
                mpu_dpll_hs_clk_div           0            0   531840000          0
                iva_dpll_hs_clk_div           0            0   531840000          0
             dpll_core_h11x2_ck           4            4   265920000          0
             dpll_core_h21x2_ck           0            0   354560000          0
                c2c_fclk                  0            0   354560000          0
                   c2c_iclk               0            0   177280000          0
       wkupaon_iclk_mux                   7            8    19200000          0
          l3instr_ts_gclk_div             0            0    19200000          0
       dss_syc_gfclk_div                  0            5    19200000          0
          dss_sys_clk                     0            5    19200000          0
          timer8_gfclk_mux                0            1    19200000          0
          timer7_gfclk_mux                0            1    19200000          0
          timer6_gfclk_mux                0            1    19200000          0
          timer5_gfclk_mux                0            1    19200000          0
       custefuse_sys_gfclk_div            0            0     9600000          0
       abe_dpll_bypass_clk_mux            0            0    19200000          0
 virt_16800000_ck                         0            0    16800000          0
 virt_13000000_ck                         0            0    13000000          0
 virt_12000000_ck                         0            0    12000000          0
 sys_32k_ck                               3           15       32768          0
    usb_phy_cm_clk32k                     1            2       32768          0
    mmc1_32khz_clk                        0            1       32768          0
    gpio8_dbclk                           0            1       32768          0
    gpio7_dbclk                           0            1       32768          0
    gpio6_dbclk                           0            1       32768          0
    gpio5_dbclk                           0            1       32768          0
    gpio4_dbclk                           0            1       32768          0
    gpio3_dbclk                           0            1       32768          0
    gpio2_dbclk                           0            1       32768          0
    dss_32khz_clk                         0            1       32768          0
    abe_dpll_clk_mux                      1            1       32768          0
       dpll_abe_ck                        1            1    98304000          0
          dpll_abe_x2_ck                  1            1   196608000          0
             dpll_abe_m3x2_ck             0            0    98304000          0
                usb_dpll_hs_clk_div           0            0    32768000          0
                per_dpll_hs_clk_div           0            0    49152000          0
             dpll_abe_m2x2_ck             1            2    98304000          0
                abe_lp_clk_div            0            0     6144000          0
                abe_clk                   1            1    98304000          0
                   aess_fclk              1            1    98304000          0
                      abe_iclk           11           11    49152000          0
                abe_24m_fclk              0            4    12288000          0
                   mcbsp3_sync_mux_ck           0            2    12288000          0
                      mcbsp3_gfclk           0            1    12288000          0
                   mcbsp2_sync_mux_ck           0            2    12288000          0
                      mcbsp2_gfclk           0            1    12288000          0
                   mcbsp1_sync_mux_ck           0            2    12288000          0
                      mcbsp1_gfclk           0            1    12288000          0
                   mcasp_sync_mux_ck           0            0    12288000          0
                      mcasp_gfclk           0            0    12288000          0
                   dmic_sync_mux_ck           0            1    12288000          0
                      dmic_gfclk           0            1    12288000          0
    gpio1_dbclk                           0            1       32768          0
    timer1_gfclk_mux                      1            1       32768          0
 slimbus_src_clk                          0            0    12000000          0
    slimbus_clk                           0            0    12000000          0
       slimbus1_slimbus_clk               0            0    12000000          0
 secure_32k_clk_src_ck                    0            0       32768          0
 pad_clks_src_ck                          0            1    12000000          0
    pad_clks_ck                           0            4    12000000          0
/ # 
/ # 
/ # ls /sys/kernel/debug/clk/orphans/
/ # 
/ # 
/ # echo 'H''ello World' 'B''oard Booted'
Hello World Board Booted
/ # 
/ # 
/ # sync;poweroff


/ # 
/ # 
/ # umount: devtmpfs busy - remounted read-only
umount: can't remount /dev/root read-only
umount: can't remount rootfs read-only
The system is going down NOW!
Sent SIGTERM to all processes
Sent SIGKILL to all processes
Requesting system poweroff
[   59.843524] reboot: Power down

Skipping tty reset...
Thanks for using picocom
