- 09:36:30 [INFO] Starting target session
- 09:36:30 [INFO] Connected to am57xx-evm via serial 
- 09:36:30 [INFO] Host: #check prompt
- 09:36:33 [ERROR] On command: #check prompt waiting for #check prompt.+?(?-mix:((?-mix:login:)|[Pp]assword)) >>> error: execution expired
- 09:36:33 [INFO] Target: 
x8888888xx?x8?8<x<p??xxxxxxx<x|xx888888888x|xx8x?8??xxxxxxxx<xxxx8888888?x?xx?xxxxx?xxxxxx?>xx888888888?|xxxxx88x?xxxx8xxxx8x<xxx?x?xx?xxxxxxxx?x8|88888888888xx?x8x?<<?<?xxxxxxxxxxxx8
- 09:36:33 [INFO] Host: #check prompt
- 09:36:35 [ERROR] On command: #check prompt waiting for #check prompt.+?(?-mix:[\w\d]+@.+[@:#]+) >>> error: execution expired
- 09:36:35 [INFO] Target: 
88888<8xx?x8x?88??x|xxxxxxx<xxx<8<88888xx?x8x?8<x<??xxxxxxx|x<xxxxx8
- 09:36:35 [INFO] Disconnected serial from am57xx-evm
- 09:37:00 [INFO] Connected to am57xx-evm via serial 
- 09:37:00 [INFO] Host: 
- 09:37:00 [INFO] Target: 
SATA link 0 timeout.
AHCI 0001.0300 32 slots 1 ports 3 Gbps 0x1 impl SATA mode
flags: 64bit ncq stag pm led clo only pmp pio slum part ccc apst 
scanning bus for devices...
Found 0 device(s).
Net:   cpsw
Hit any key to stop autoboot:  1  0 
U-Boot# 
- 09:37:00 [INFO] Host: 
- 09:37:01 [INFO] Target: 
U-Boot# 
- 09:37:01 [INFO] Host: version
- 09:37:01 [INFO] Target: 
version
U-Boot 2014.07-gb8febc6 (Nov 18 2014 - 20:37:19)
arm-linux-gnueabihf-gcc (crosstool-NG linaro-1.13.1-4.7-2013.03-20130313 - Linaro GCC 2013.03) 4.7.3 20130226 (prerelease)
GNU ld (crosstool-NG linaro-1.13.1-4.7-2013.03-20130313 - Linaro GCC 2013.03) 2.23.1
U-Boot# 
- 09:37:01 [INFO] Host: setenv bootargs 'console=ttyO2,115200n8  earlyprintk rootwait '
- 09:37:02 [INFO] Target: 
setenv bootargs 'console=ttyO2,115200n8  earlyprintk rootwait '
U-Boot# 
- 09:37:02 [INFO] Host: setenv bootcmd  ''
- 09:37:02 [INFO] Target: 
setenv bootcmd  ''
U-Boot# 
- 09:37:02 [INFO] Host: setenv autoload 'no'
- 09:37:03 [INFO] Target: 
setenv autoload 'no'
U-Boot# 
- 09:37:03 [INFO] Host: setenv serverip '192.168.0.1'
- 09:37:03 [INFO] Target: 
setenv serverip '192.168.0.1'
U-Boot# 
- 09:37:03 [INFO] Host: printenv
- 09:37:04 [INFO] Target: 
printenv
arch=arm
autoload=no
baudrate=115200
board=beagle_x15
board_name=beagle_x15
bootargs=console=ttyO2,115200n8  earlyprintk rootwait 
bootcmd=
bootdelay=1
bootdir=/boot
bootfile=zImage
bootm_size=0x10000000
bootpart=0:2
bootscript=echo Running bootscript from mmc${mmcdev} ...; source ${loadaddr}
console=ttyO2,115200n8
cpu=armv7
eth1addr=7c:66:9d:ec:e8:7f
ethact=cpsw
ethaddr=7c:66:9d:ec:e8:7e
fdt_addr_r=0x88000000
fdtaddr=0x88000000
fdtfile=undefined
findfdt=if test $board_name = omap5_uevm; then setenv fdtfile omap5-uevm.dtb; fi; if test $board_name = dra7xx; then setenv fdtfile dra7-evm.dtb; fi;if test $board_name = dra72x; then setenv fdtfile dra72-evm.dtb; fi;if test $board_name = beagle_x15; then setenv fdtfile am57xx-beagle-x15.dtb; fi;if test $fdtfile = undefined; then echo WARNING: Could not determine device tree to use; fi; 
importbootenv=echo Importing environment from mmc${mmcdev} ...; env import -t ${loadaddr} ${filesize}
kernel_addr_r=0x82000000
loadaddr=0x82000000
loadbootenv=fatload mmc ${mmcdev} ${loadaddr} uEnv.txt
loadbootscript=fatload mmc ${mmcdev} ${loadaddr} boot.scr
loadfdt=load mmc ${bootpart} ${fdtaddr} ${bootdir}/${fdtfile};
loadimage=load mmc ${bootpart} ${loadaddr} ${bootdir}/${bootfile}
mmcargs=setenv bootargs console=${console} ${optargs} vram=${vram} root=${mmcroot} rootfstype=${mmcrootfstype}
mmcboot=mmc dev ${mmcdev}; if mmc rescan; then echo SD/MMC found on device ${mmcdev};if run loadbootenv; then echo Loaded environment from ${bootenv};run importbootenv;fi;if test -n $uenvcmd; then echo Running uenvcmd ...;run uenvcmd;fi;if run loadimage; then run loadfdt; echo Booting from mmc${mmcdev} ...; run mmcargs; bootz ${loadaddr} - ${fdtaddr}; fi;fi;
mmcdev=0
mmcroot=/dev/mmcblk0p2 rw
mmcrootfstype=ext4 rootwait
partitions=uuid_disk=${uuid_gpt_disk};name=rootfs,start=2MiB,size=-,uuid=${uuid_gpt_rootfs}
ramdisk_addr_r=0x88080000
rdaddr=0x88080000
scsidevs=0
serverip=192.168.0.1
soc=omap5
stderr=serial
stdin=serial
stdout=serial
usbtty=cdc_acm
vendor=ti
ver=U-Boot 2014.07-gb8febc6 (Nov 18 2014 - 20:37:19)
vram=16M
Environment size: 2167/65532 bytes
U-Boot# 
- 09:37:04 [INFO] Host: printenv
- 09:37:04 [INFO] Target: 
printenv
arch=arm
autoload=no
baudrate=115200
board=beagle_x15
board_name=beagle_x15
bootargs=console=ttyO2,115200n8  earlyprintk rootwait 
bootcmd=
bootdelay=1
bootdir=/boot
bootfile=zImage
bootm_size=0x10000000
bootpart=0:2
bootscript=echo Running bootscript from mmc${mmcdev} ...; source ${loadaddr}
console=ttyO2,115200n8
cpu=armv7
eth1addr=7c:66:9d:ec:e8:7f
ethact=cpsw
ethaddr=7c:66:9d:ec:e8:7e
fdt_addr_r=0x88000000
fdtaddr=0x88000000
fdtfile=undefined
findfdt=if test $board_name = omap5_uevm; then setenv fdtfile omap5-uevm.dtb; fi; if test $board_name = dra7xx; then setenv fdtfile dra7-evm.dtb; fi;if test $board_name = dra72x; then setenv fdtfile dra72-evm.dtb; fi;if test $board_name = beagle_x15; then setenv fdtfile am57xx-beagle-x15.dtb; fi;if test $fdtfile = undefined; then echo WARNING: Could not determine device tree to use; fi; 
importbootenv=echo Importing environment from mmc${mmcdev} ...; env import -t ${loadaddr} ${filesize}
kernel_addr_r=0x82000000
loadaddr=0x82000000
loadbootenv=fatload mmc ${mmcdev} ${loadaddr} uEnv.txt
loadbootscript=fatload mmc ${mmcdev} ${loadaddr} boot.scr
loadfdt=load mmc ${bootpart} ${fdtaddr} ${bootdir}/${fdtfile};
loadimage=load mmc ${bootpart} ${loadaddr} ${bootdir}/${bootfile}
mmcargs=setenv bootargs console=${console} ${optargs} vram=${vram} root=${mmcroot} rootfstype=${mmcrootfstype}
mmcboot=mmc dev ${mmcdev}; if mmc rescan; then echo SD/MMC found on device ${mmcdev};if run loadbootenv; then echo Loaded environment from ${bootenv};run importbootenv;fi;if test -n $uenvcmd; then echo Running uenvcmd ...;run uenvcmd;fi;if run loadimage; then run loadfdt; echo Booting from mmc${mmcdev} ...; run mmcargs; bootz ${loadaddr} - ${fdtaddr}; fi;fi;
mmcdev=0
mmcroot=/dev/mmcblk0p2 rw
mmcrootfstype=ext4 rootwait
partitions=uuid_disk=${uuid_gpt_disk};name=rootfs,start=2MiB,size=-,uuid=${uuid_gpt_rootfs}
ramdisk_addr_r=0x88080000
rdaddr=0x88080000
scsidevs=0
serverip=192.168.0.1
soc=omap5
stderr=serial
stdin=serial
stdout=serial
usbtty=cdc_acm
vendor=ti
ver=U-Boot 2014.07-gb8febc6 (Nov 18 2014 - 20:37:19)
vram=16M
Environment size: 2167/65532 bytes
U-Boot# 
- 09:37:04 [INFO] Host: setenv bootargs ''${bootargs}' ip=dhcp '
- 09:37:05 [INFO] Target: 
setenv bootargs ''${bootargs}' ip=dhcp '
U-Boot# 
- 09:37:05 [INFO] Host: setenv serverip '192.168.0.1'
- 09:37:05 [INFO] Target: 
setenv serverip '192.168.0.1'
U-Boot# 
- 09:37:05 [INFO] Host: setenv ipaddr dhcp
- 09:37:06 [INFO] Target: 
setenv ipaddr dhcp
U-Boot# 
- 09:37:06 [INFO] Host: setenv autoload 'no'
- 09:37:06 [INFO] Target: 
setenv autoload 'no'
U-Boot# 
- 09:37:06 [INFO] Host: dhcp
- 09:37:08 [INFO] Target: 
dhcp
link up on port 0, speed 1000, full duplex
BOOTP broadcast 1
DHCP client bound to address 192.168.0.146
U-Boot# 
- 09:37:08 [INFO] Host: setenv serverip '192.168.0.1'
- 09:37:08 [INFO] Target: 
setenv serverip '192.168.0.1'
U-Boot# 
- 09:37:08 [INFO] Host: tftp ${loadaddr} 192.168.0.1:vatf_am57xx-evm1/a4eed8ad43fda5b9aa6964cd32b84773
- 09:37:09 [INFO] Target: 
tftp ${loadaddr} 192.168.0.1:vatf_am57xx-evm1/a4eed8ad43fda5b9aa6964cd32b84773
link up on port 0, speed 1000, full duplex
Using cpsw device
TFTP from server 192.168.0.1; our IP address is 192.168.0.146
Filename 'vatf_am57xx-evm1/a4eed8ad43fda5b9aa6964cd32b84773'.
Load address: 0x82000000
Loading: *#################################################################
	 #################################################################
	 #################################################################
	 #################################################################
	 #################################################################
	 #################################################
	 9.3 MiB/s
done
Bytes transferred = 5481696 (53a4e0 hex)
U-Boot# 
- 09:37:09 [INFO] Host: tftp ${fdt_addr_r} 192.168.0.1:vatf_am57xx-evm1/5eeb9903b0e2aa6ed3680d9aaabb35b8
- 09:37:10 [INFO] Target: 
tftp ${fdt_addr_r} 192.168.0.1:vatf_am57xx-evm1/5eeb9903b0e2aa6ed3680d9aaabb35b8
link up on port 0, speed 1000, full duplex
Using cpsw device
TFTP from server 192.168.0.1; our IP address is 192.168.0.146
Filename 'vatf_am57xx-evm1/5eeb9903b0e2aa6ed3680d9aaabb35b8'.
Load address: 0x88000000
Loading: *#####
	 8.3 MiB/s
done
Bytes transferred = 69568 (10fc0 hex)
U-Boot# 
- 09:37:10 [INFO] Host: ls mmc 0:1
- 09:37:10 [INFO] Target: 
ls mmc 0:1
    59268   mlo 
   314400   u-boot.img 
  4747192   zimage 
    82884   zimage-am57xx-beagle-x15.dtb 
    65536   uboot.env 
        4   ws-calibrate.rules 
6 file(s), 0 dir(s)
U-Boot# 
- 09:37:10 [INFO] Host: ls mmc 0:2
- 09:37:11 [INFO] Target: 
ls mmc 0:2
<DIR>       4096 .
<DIR>       4096 ..
<DIR>      16384 lost+found
<DIR>       4096 srv
<DIR>       4096 home
<DIR>       4096 media
<DIR>       4096 var
<DIR>       4096 sys
<DIR>       4096 boot
<DIR>       4096 dev
<DIR>       4096 usr
<DIR>       4096 bin
<DIR>       4096 mnt
<DIR>       4096 etc
<DIR>       4096 sbin
<SYM>          8 tmp
<DIR>       4096 proc
<DIR>       4096 run
<DIR>       4096 lib
<DIR>       4096 test
U-Boot# 
- 09:37:11 [INFO] Host: part uuid mmc 0:2
- 09:37:11 [INFO] Target: 
part uuid mmc 0:2
00000000-02
U-Boot# 
- 09:37:11 [INFO] Host: printenv
- 09:37:12 [INFO] Target: 
printenv
arch=arm
autoload=no
baudrate=115200
board=beagle_x15
board_name=beagle_x15
bootargs=console=ttyO2,115200n8  earlyprintk rootwait  ip=dhcp 
bootcmd=
bootdelay=1
bootdir=/boot
bootfile=zImage
bootm_size=0x10000000
bootpart=0:2
bootscript=echo Running bootscript from mmc${mmcdev} ...; source ${loadaddr}
console=ttyO2,115200n8
cpu=armv7
dnsip=192.0.2.2
dnsip2=192.0.2.3
eth1addr=7c:66:9d:ec:e8:7f
ethact=cpsw
ethaddr=7c:66:9d:ec:e8:7e
fdt_addr_r=0x88000000
fdtaddr=0x88000000
fdtfile=undefined
fileaddr=88000000
filesize=10fc0
findfdt=if test $board_name = omap5_uevm; then setenv fdtfile omap5-uevm.dtb; fi; if test $board_name = dra7xx; then setenv fdtfile dra7-evm.dtb; fi;if test $board_name = dra72x; then setenv fdtfile dra72-evm.dtb; fi;if test $board_name = beagle_x15; then setenv fdtfile am57xx-beagle-x15.dtb; fi;if test $fdtfile = undefined; then echo WARNING: Could not determine device tree to use; fi; 
gatewayip=192.168.0.1
importbootenv=echo Importing environment from mmc${mmcdev} ...; env import -t ${loadaddr} ${filesize}
ipaddr=192.168.0.146
kernel_addr_r=0x82000000
loadaddr=0x82000000
loadbootenv=fatload mmc ${mmcdev} ${loadaddr} uEnv.txt
loadbootscript=fatload mmc ${mmcdev} ${loadaddr} boot.scr
loadfdt=load mmc ${bootpart} ${fdtaddr} ${bootdir}/${fdtfile};
loadimage=load mmc ${bootpart} ${loadaddr} ${bootdir}/${bootfile}
mmcargs=setenv bootargs console=${console} ${optargs} vram=${vram} root=${mmcroot} rootfstype=${mmcrootfstype}
mmcboot=mmc dev ${mmcdev}; if mmc rescan; then echo SD/MMC found on device ${mmcdev};if run loadbootenv; then echo Loaded environment from ${bootenv};run importbootenv;fi;if test -n $uenvcmd; then echo Running uenvcmd ...;run uenvcmd;fi;if run loadimage; then run loadfdt; echo Booting from mmc${mmcdev} ...; run mmcargs; bootz ${loadaddr} - ${fdtaddr}; fi;fi;
mmcdev=0
mmcroot=/dev/mmcblk0p2 rw
mmcrootfstype=ext4 rootwait
netmask=255.255.255.0
partitions=uuid_disk=${uuid_gpt_disk};name=rootfs,start=2MiB,size=-,uuid=${uuid_gpt_rootfs}
ramdisk_addr_r=0x88080000
rdaddr=0x88080000
scsidevs=0
serverip=192.168.0.1
soc=omap5
stderr=serial
stdin=serial
stdout=serial
usbtty=cdc_acm
vendor=ti
ver=U-Boot 2014.07-gb8febc6 (Nov 18 2014 - 20:37:19)
vram=16M
Environment size: 2321/65532 bytes
U-Boot# 
- 09:37:12 [INFO] Host: setenv bootargs ''${bootargs}' root=PARTUUID=00000000-02 rw rootfstype=ext4 rootwait '
- 09:37:12 [INFO] Target: 
setenv bootargs ''${bootargs}' root=PARTUUID=00000000-02 rw rootfstype=ext4 rootwait '
U-Boot# 
- 09:37:12 [INFO] Host: printenv
- 09:37:13 [INFO] Target: 
printenv
arch=arm
autoload=no
baudrate=115200
board=beagle_x15
board_name=beagle_x15
bootargs=console=ttyO2,115200n8  earlyprintk rootwait  ip=dhcp  root=PARTUUID=00000000-02 rw rootfstype=ext4 rootwait 
bootcmd=
bootdelay=1
bootdir=/boot
bootfile=zImage
bootm_size=0x10000000
bootpart=0:2
bootscript=echo Running bootscript from mmc${mmcdev} ...; source ${loadaddr}
console=ttyO2,115200n8
cpu=armv7
dnsip=192.0.2.2
dnsip2=192.0.2.3
eth1addr=7c:66:9d:ec:e8:7f
ethact=cpsw
ethaddr=7c:66:9d:ec:e8:7e
fdt_addr_r=0x88000000
fdtaddr=0x88000000
fdtfile=undefined
fileaddr=88000000
filesize=10fc0
findfdt=if test $board_name = omap5_uevm; then setenv fdtfile omap5-uevm.dtb; fi; if test $board_name = dra7xx; then setenv fdtfile dra7-evm.dtb; fi;if test $board_name = dra72x; then setenv fdtfile dra72-evm.dtb; fi;if test $board_name = beagle_x15; then setenv fdtfile am57xx-beagle-x15.dtb; fi;if test $fdtfile = undefined; then echo WARNING: Could not determine device tree to use; fi; 
gatewayip=192.168.0.1
importbootenv=echo Importing environment from mmc${mmcdev} ...; env import -t ${loadaddr} ${filesize}
ipaddr=192.168.0.146
kernel_addr_r=0x82000000
loadaddr=0x82000000
loadbootenv=fatload mmc ${mmcdev} ${loadaddr} uEnv.txt
loadbootscript=fatload mmc ${mmcdev} ${loadaddr} boot.scr
loadfdt=load mmc ${bootpart} ${fdtaddr} ${bootdir}/${fdtfile};
loadimage=load mmc ${bootpart} ${loadaddr} ${bootdir}/${bootfile}
mmcargs=setenv bootargs console=${console} ${optargs} vram=${vram} root=${mmcroot} rootfstype=${mmcrootfstype}
mmcboot=mmc dev ${mmcdev}; if mmc rescan; then echo SD/MMC found on device ${mmcdev};if run loadbootenv; then echo Loaded environment from ${bootenv};run importbootenv;fi;if test -n $uenvcmd; then echo Running uenvcmd ...;run uenvcmd;fi;if run loadimage; then run loadfdt; echo Booting from mmc${mmcdev} ...; run mmcargs; bootz ${loadaddr} - ${fdtaddr}; fi;fi;
mmcdev=0
mmcroot=/dev/mmcblk0p2 rw
mmcrootfstype=ext4 rootwait
netmask=255.255.255.0
partitions=uuid_disk=${uuid_gpt_disk};name=rootfs,start=2MiB,size=-,uuid=${uuid_gpt_rootfs}
ramdisk_addr_r=0x88080000
rdaddr=0x88080000
scsidevs=0
serverip=192.168.0.1
soc=omap5
stderr=serial
stdin=serial
stdout=serial
usbtty=cdc_acm
vendor=ti
ver=U-Boot 2014.07-gb8febc6 (Nov 18 2014 - 20:37:19)
vram=16M
Environment size: 2376/65532 bytes
U-Boot# 
- 09:37:13 [INFO] Host: setenv bootcmd ''${bootcmd}' if iminfo ${loadaddr}; then bootm ${loadaddr} - ${fdt_addr_r}; else bootz ${loadaddr} - ${fdt_addr_r}; bootm ${loadaddr} - ${fdt_addr_r}; fi'
- 09:37:13 [INFO] Target: 
setenv bootcmd ''${bootcmd}' if iminfo ${loadaddr}; then bootm ${loadaddr} - ${fdt_addr_r}; else bootz ${loadaddr} - ${fdt_addr_r}; bootm ${loadaddr} - ${fdt_addr_r}; fi'
U-Boot# 
- 09:37:13 [INFO] Host: bdinfo
- 09:37:14 [INFO] Target: 
bdinfo
arch_number = 0x00000000
boot_params = 0x80000100
DRAM bank   = 0x00000000
-> start    = 0x80000000
-> size     = 0x80000000
DRAM bank   = 0x00000001
-> start    = 0x00000000
-> size     = 0x00000000
eth0name    = cpsw
ethaddr     = 7c:66:9d:ec:e8:7e
current eth = cpsw
ip_addr     = 192.168.0.146
baudrate    = 115200 bps
TLB addr    = 0xFFFF0000
relocaddr   = 0xFFF60000
reloc off   = 0x7F760000
irq_sp      = 0xFEF4FEE0
sp start    = 0xFEF4FED0
U-Boot# 
- 09:37:14 [INFO] Host: mmc rescan
- 09:37:14 [INFO] Target: 
mmc rescan
U-Boot# 
- 09:37:14 [INFO] Host: fatwrite mmc ${mmcdev}:1 ${loadaddr} ws-calibrate.rules 4
- 09:37:15 [INFO] Target: 
fatwrite mmc ${mmcdev}:1 ${loadaddr} ws-calibrate.rules 4
writing ws-calibrate.rules
4 bytes written
U-Boot# 
- 09:37:15 [INFO] Host: boot
- 09:38:46 [INFO] Target: 
boot
## Checking Image at 82000000 ...
Unknown image format!
Kernel image @ 0x82000000 [ 0x000000 - 0x53a4e0 ]
## Flattened Device Tree blob at 88000000
   Booting using the fdt blob at 0x88000000
   Loading Device Tree to 8ffec000, end 8fffffbf ... OK
Starting kernel ...
[    0.000000] Booting Linux on physical CPU 0x0
[    0.000000] Linux version 3.19.0-rc5-next-20150122-00002-g2ade5cea1b05 (nmenon@kahuna) (gcc version 4.6.3 (Ubuntu/Linaro 4.6.3-1ubuntu5) ) #1 SMP Thu Jan 22 08:35:01 CST 2015
[    0.000000] CPU: ARMv7 Processor [412fc0f2] revision 2 (ARMv7), cr=30c5387d
[    0.000000] CPU: PIPT / VIPT nonaliasing data cache, PIPT instruction cache
[    0.000000] Machine model: TI AM5728 BeagleBoard-X15
[    0.000000] cma: Reserved 64 MiB at 0x00000000fb800000
[    0.000000] Forcing write-allocate cache policy for SMP
[    0.000000] Memory policy: Data cache writealloc
[    0.000000] DRA752 ES1.1
[    0.000000] PERCPU: Embedded 11 pages/cpu @ee79f000 s13120 r8192 d23744 u45056
[    0.000000] Built 1 zonelists in Zone order, mobility grouping on.  Total pages: 522256
[    0.000000] Kernel command line: console=ttyO2,115200n8  earlyprintk rootwait  ip=dhcp  root=PARTUUID=00000000-02 rw rootfstype=ext4 rootwait 
[    0.000000] PID hash table entries: 4096 (order: 2, 16384 bytes)
[    0.000000] Dentry cache hash table entries: 131072 (order: 7, 524288 bytes)
[    0.000000] Inode-cache hash table entries: 65536 (order: 6, 262144 bytes)
[    0.000000] Memory: 1999860K/2095104K available (7136K kernel code, 933K rwdata, 2904K rodata, 780K init, 303K bss, 29708K reserved, 65536K cma-reserved, 1251328K highmem)
[    0.000000] Virtual kernel memory layout:
[    0.000000]     vector  : 0xffff0000 - 0xffff1000   (   4 kB)
[    0.000000]     fixmap  : 0xffc00000 - 0xfff00000   (3072 kB)
[    0.000000]     vmalloc : 0xf0000000 - 0xff000000   ( 240 MB)
[    0.000000]     lowmem  : 0xc0000000 - 0xef800000   ( 760 MB)
[    0.000000]     pkmap   : 0xbfe00000 - 0xc0000000   (   2 MB)
[    0.000000]     modules : 0xbf000000 - 0xbfe00000   (  14 MB)
[    0.000000]       .text : 0xc0208000 - 0xc0bd63a0   (10041 kB)
[    0.000000]       .init : 0xc0bd7000 - 0xc0c9a000   ( 780 kB)
[    0.000000]       .data : 0xc0c9a000 - 0xc0d835c0   ( 934 kB)
[    0.000000]        .bss : 0xc0d835c0 - 0xc0dcf2a0   ( 304 kB)
[    0.000000] SLUB: HWalign=64, Order=0-3, MinObjects=0, CPUs=2, Nodes=1
[    0.000000] Hierarchical RCU implementation.
[    0.000000] 	Additional per-CPU info printed with stalls.
[    0.000000] 	RCU restricting CPUs from NR_CPUS=8 to nr_cpu_ids=2.
[    0.000000] RCU: Adjusting geometry for rcu_fanout_leaf=16, nr_cpu_ids=2
[    0.000000] NR_IRQS:16 nr_irqs:16 16
[    0.000000] OMAP clockevent source: timer1 at 32768 Hz
[    0.000000] sched_clock: 32 bits at 32kHz, resolution 30517ns, wraps every 65536000000000ns
[    0.000000] OMAP clocksource: 32k_counter at 32768 Hz
[    0.000366] Architected cp15 timer(s) running at 6.14MHz (virt).
[    0.000370] sched_clock: 56 bits at 6MHz, resolution 162ns, wraps every 2794592043008ns
[    0.000381] Switching to timer-based delay loop, resolution 162ns
[    0.004393] Console: colour dummy device 80x30
[    0.004410] Calibrating delay loop (skipped), value calculated using timer frequency.. 12.29 BogoMIPS (lpj=30737)
[    0.004421] pid_max: default: 32768 minimum: 301
[    0.004509] Mount-cache hash table entries: 2048 (order: 1, 8192 bytes)
[    0.004519] Mountpoint-cache hash table entries: 2048 (order: 1, 8192 bytes)
[    0.004975] CPU: Testing write buffer coherency: ok
[    0.005153] /cpus/cpu@0 missing clock-frequency property
[    0.005184] /cpus/cpu@1 missing clock-frequency property
[    0.005193] CPU0: thread -1, cpu 0, socket 0, mpidr 80000000
[    0.005256] Setting up static identity map for 0x808bffb8 - 0x808c0050
[    0.007538] CPU1: thread -1, cpu 1, socket 0, mpidr 80000001
[    0.007595] Brought up 2 CPUs
[    0.007607] SMP: Total of 2 processors activated (24.58 BogoMIPS).
[    0.007613] CPU: All CPU(s) started in SVC mode.
[    0.007946] devtmpfs: initialized
[    0.008562] VFP support v0.3: implementor 41 architecture 4 part 30 variant f rev 0
[    0.008621] omap_hwmod: l3_main_2 using broken dt data from ocp
[    0.089134] omap_hwmod: dss_core: _wait_target_disable failed
[    0.089143] omap_hwmod: dss_core: _wait_target_ready failed: -16
[    0.089152] omap_hwmod: dss_core: cannot be enabled for reset (3)
[    0.091673] omap_hwmod: dss_dispc: _wait_target_ready failed: -16
[    0.091681] omap_hwmod: dss_dispc: cannot be enabled for reset (3)
[    0.094193] omap_hwmod: dss_hdmi: _wait_target_ready failed: -16
[    0.094201] omap_hwmod: dss_hdmi: cannot be enabled for reset (3)
[    0.163382] omap_hwmod: pcie1: _wait_target_disable failed
[    0.169657] omap_hwmod: pcie2: _wait_target_disable failed
[    0.172003] pinctrl core: initialized pinctrl subsystem
[    0.188582] NET: Registered protocol family 16
[    0.190206] DMA: preallocated 256 KiB pool for atomic coherent allocations
[    0.205652] cpuidle: using governor ladder
[    0.220643] cpuidle: using governor menu
[    0.224148] OMAP GPIO hardware version 0.1
[    0.227551] irq: no irq domain found for /ocp/pinmux@4a003400 !
[    0.230289] platform 4e000000.dmm: Cannot lookup hwmod 'dmm'
[    0.235543] No ATAGs?
[    0.235569] hw-breakpoint: found 5 (+1 reserved) breakpoint and 4 watchpoint registers.
[    0.235577] hw-breakpoint: maximum watchpoint size is 8 bytes.
[    0.236549] OMAP DMA hardware revision 0.0
[    0.238562] Serial: AMBA PL011 UART driver
[    0.266404] omap-dma-engine 4a056000.dma-controller: OMAP DMA engine driver
[    0.266790] reg-fixed-voltage fixedregulator-vdd_3v3: Failed to find supply vin
[    0.266868] reg-fixed-voltage fixedregulator-vdd_3v3: Failed to register regulator: -517
[    0.266883] platform fixedregulator-vdd_3v3: Driver reg-fixed-voltage requests probe deferral
[    0.267081] reg-fixed-voltage fixedregulator-vtt: Failed to find supply vin
[    0.267168] reg-fixed-voltage fixedregulator-vtt: Failed to register regulator: -517
[    0.267183] platform fixedregulator-vtt: Driver reg-fixed-voltage requests probe deferral
[    0.269081] vgaarb: loaded
[    0.269592] SCSI subsystem initialized
[    0.269936] usbcore: registered new interface driver usbfs
[    0.269983] usbcore: registered new interface driver hub
[    0.270023] usbcore: registered new device driver usb
[    0.270608] omap_i2c 48070000.i2c: could not find pctldev for node /ocp/pinmux@4a003400/i2c1_pins_default, deferring probe
[    0.270620] platform 48070000.i2c: Driver omap_i2c requests probe deferral
[    0.270646] omap_i2c 48060000.i2c: could not find pctldev for node /ocp/pinmux@4a003400/i2c3_pins_default, deferring probe
[    0.270657] platform 48060000.i2c: Driver omap_i2c requests probe deferral
[    0.271026] Linux video capture interface: v2.00
[    0.271060] pps_core: LinuxPPS API ver. 1 registered
[    0.271066] pps_core: Software ver. 5.3.6 - Copyright 2005-2007 Rodolfo Giometti <giometti@linux.it>
[    0.271086] PTP clock support registered
[    0.271247] EDAC MC: Ver: 3.0.0
[    0.271646] Advanced Linux Sound Architecture Driver Initialized.
[    0.272410] Switched to clocksource arch_sys_counter
[    0.279244] NET: Registered protocol family 2
[    0.279663] TCP established hash table entries: 8192 (order: 3, 32768 bytes)
[    0.279725] TCP bind hash table entries: 8192 (order: 4, 65536 bytes)
[    0.279856] TCP: Hash tables configured (established 8192 bind 8192)
[    0.279896] TCP: reno registered
[    0.279906] UDP hash table entries: 512 (order: 2, 16384 bytes)
[    0.279936] UDP-Lite hash table entries: 512 (order: 2, 16384 bytes)
[    0.280061] NET: Registered protocol family 1
[    0.280237] RPC: Registered named UNIX socket transport module.
[    0.280245] RPC: Registered udp transport module.
[    0.280250] RPC: Registered tcp transport module.
[    0.280256] RPC: Registered tcp NFSv4.1 backchannel transport module.
[    0.280923] hw perfevents: enabled with armv7_cortex_a15 PMU driver, 7 counters available
[    0.282269] futex hash table entries: 512 (order: 3, 32768 bytes)
[    0.291207] squashfs: version 4.0 (2009/01/31) Phillip Lougher
[    0.291755] NFS: Registering the id_resolver key type
[    0.291779] Key type id_resolver registered
[    0.291786] Key type id_legacy registered
[    0.291831] ntfs: driver 2.1.31 [Flags: R/O].
[    0.292639] bounce: pool size: 64 pages
[    0.292797] Block layer SCSI generic (bsg) driver version 0.4 loaded (major 249)
[    0.292810] io scheduler noop registered
[    0.292819] io scheduler deadline registered
[    0.292959] io scheduler cfq registered (default)
[    0.295522] platform 4a084000.phy: Driver omap-usb2 requests probe deferral
[    0.298251] pinctrl-single 4a003400.pinmux: 281 pins at pa fc003400 size 1124
[    0.343778] Serial: 8250/16550 driver, 4 ports, IRQ sharing disabled
[    0.345692] msm_serial: driver initialized
[    0.346241] 48020000.serial: ttyO2 at MMIO 0x48020000 (irq = 295, base_baud = 3000000) is a OMAP UART2
[    1.157729] console [ttyO2] enabled
[    1.161678] STMicroelectronics ASC driver initialized
[    1.171402] loop: module loaded
[    1.175874] ahci 4a140000.sata: SSS flag set, parallel bus scan disabled
[    1.182908] ahci 4a140000.sata: AHCI 0001.0300 32 slots 1 ports 3 Gbps 0x1 impl platform mode
[    1.191820] ahci 4a140000.sata: flags: 64bit ncq sntf stag pm led clo only pmp pio slum part ccc apst 
[    1.202282] scsi host0: ahci_platform
[    1.206353] ata1: SATA max UDMA/133 mmio [mem 0x4a140000-0x4a1410ff] port 0x100 irq 312
[    1.217975] CAN device driver interface
[    1.222838] igb: Intel(R) Gigabit Ethernet Network Driver - version 5.2.15-k
[    1.230204] igb: Copyright (c) 2007-2014 Intel Corporation.
[    1.237337] pegasus: v0.9.3 (2013/04/25), Pegasus/Pegasus II USB Ethernet driver
[    1.245108] usbcore: registered new interface driver pegasus
[    1.251071] usbcore: registered new interface driver asix
[    1.256749] usbcore: registered new interface driver ax88179_178a
[    1.263154] usbcore: registered new interface driver cdc_ether
[    1.269298] usbcore: registered new interface driver smsc75xx
[    1.275351] usbcore: registered new interface driver smsc95xx
[    1.281390] usbcore: registered new interface driver net1080
[    1.287346] usbcore: registered new interface driver cdc_subset
[    1.293572] usbcore: registered new interface driver zaurus
[    1.299458] usbcore: registered new interface driver cdc_ncm
[    1.306206] ehci_hcd: USB 2.0 'Enhanced' Host Controller (EHCI) Driver
[    1.313033] ehci-pci: EHCI PCI platform driver
[    1.317711] ehci-platform: EHCI generic platform driver
[    1.323317] ehci-omap: OMAP-EHCI Host Controller driver
[    1.328882] ehci-orion: EHCI orion driver
[    1.333189] SPEAr-ehci: EHCI SPEAr driver
[    1.337489] ehci-st: EHCI STMicroelectronics driver
[    1.342689] ehci-exynos: EHCI EXYNOS driver
[    1.347170] tegra-ehci: Tegra EHCI driver
[    1.351487] ohci_hcd: USB 1.1 'Open' Host Controller (OHCI) Driver
[    1.357962] ohci-pci: OHCI PCI platform driver
[    1.362646] ohci-platform: OHCI generic platform driver
[    1.368231] ohci-omap3: OHCI OMAP3 driver
[    1.372531] SPEAr-ohci: OHCI SPEAr driver
[    1.376820] ohci-st: OHCI STMicroelectronics driver
[    1.382322] usbcore: registered new interface driver usb-storage
[    1.389930] mousedev: PS/2 mouse device common for all mice
[    1.398268] i2c /dev entries driver
[    1.402992] usbcore: registered new interface driver uvcvideo
[    1.409001] USB Video Class driver (1.1.1)
[    1.413285] gspca_main: v2.14.0 registered
[    1.420596] Driver 'mmcblk' needs updating - please use bus_type methods
[    1.427664] sdhci: Secure Digital Host Controller Interface driver
[    1.434120] sdhci: Copyright(c) Pierre Ossman
[    1.439419] omap_hsmmc 4809c000.mmc: Got CD GPIO
[    1.444427] omap_hsmmc 4809c000.mmc: unable to get vmmc regulator -517
[    1.451321] platform 4809c000.mmc: Driver omap_hsmmc requests probe deferral
[    1.458938] omap_hsmmc 480b4000.mmc: unable to get vmmc regulator -517
[    1.465805] platform 480b4000.mmc: Driver omap_hsmmc requests probe deferral
[    1.473375] Synopsys Designware Multimedia Card Interface Driver
[    1.480342] sdhci-pltfm: SDHCI platform and OF driver helper
[    1.487803] ledtrig-cpu: registered to indicate activity on CPUs
[    1.494242] usbcore: registered new interface driver usbhid
[    1.500068] usbhid: USB HID core driver
[    1.506488] usbcore: registered new interface driver snd-usb-audio
[    1.514964] TCP: cubic registered
[    1.518441] NET: Registered protocol family 17
[    1.523092] can: controller area network core (rev 20120528 abi 9)
[    1.529594] NET: Registered protocol family 29
[    1.534247] can: raw protocol (rev 20120528)
[    1.537436] ata1: SATA link down (SStatus 0 SControl 300)
[    1.544354] can: broadcast manager protocol (rev 20120528 t)
[    1.550268] can: netlink gateway (rev 20130117) max_hops=1
[    1.556262] Key type dns_resolver registered
[    1.560866] omap_voltage_late_init: Voltage driver support not added
[    1.567785] platform cpufreq-dt.0: Driver cpufreq-dt requests probe deferral
[    1.575269] Power Management for TI OMAP4+ devices.
[    1.580617] ThumbEE CPU extension supported.
[    1.585108] Registering SWP/SWPB emulation handler
[    1.591354] reg-fixed-voltage fixedregulator-vdd_3v3: Failed to find supply vin
[    1.599108] reg-fixed-voltage fixedregulator-vdd_3v3: Failed to register regulator: -517
[    1.607607] platform fixedregulator-vdd_3v3: Driver reg-fixed-voltage requests probe deferral
[    1.617243] reg-fixed-voltage fixedregulator-vtt: Failed to find supply vin
[    1.624625] reg-fixed-voltage fixedregulator-vtt: Failed to register regulator: -517
[    1.632758] platform fixedregulator-vtt: Driver reg-fixed-voltage requests probe deferral
[    1.642618] palmas 0-0058: Irq flag is 0x00000008
[    1.669480] palmas 0-0058: Muxing GPIO 2f, PWM 0, LED 0
[    1.698752] palmas-rtc 48070000.i2c:tps659038@58:tps659038_rtc: rtc core: registered 48070000.i2c:tps659 as rtc1
[    1.711891] omap_i2c 48070000.i2c: bus 0 rev0.12 at 400 kHz
[    1.718557] genirq: Setting trigger mode 8 for irq 389 failed (gic_set_type+0x0/0x9c)
[    1.742490] rtc-ds1307: probe of 2-006f failed with error -5
[    1.748479] omap_i2c 48060000.i2c: bus 2 rev0.12 at 400 kHz
[    1.755272] omap_hsmmc 4809c000.mmc: Got CD GPIO
[    1.793151] omap_hsmmc 480b4000.mmc: unable to get vmmc regulator -517
[    1.800052] platform 480b4000.mmc: Driver omap_hsmmc requests probe deferral
[    1.812679] vdd_3v3: supplied by regen1
[    1.817133] vtt_fixed: supplied by smps3
[    1.902427] davinci_mdio 48485000.mdio: davinci mdio revision 1.6
[    1.908832] davinci_mdio 48485000.mdio: detected phy mask fffffff9
[    1.919625] libphy: 48485000.mdio: probed
[    1.923839] davinci_mdio 48485000.mdio: phy[1]: device 48485000.mdio:01, driver unknown
[    1.932246] davinci_mdio 48485000.mdio: phy[2]: device 48485000.mdio:02, driver unknown
[    1.941135] cpsw 48484000.ethernet: Detected MACID = 7c:66:9d:ec:e8:7e
[    1.948460] cpsw 48484000.ethernet: cpsw: Detected MACID = 7c:66:9d:ec:e8:7f
[    1.956351] drivers/rtc/hctosys.c: unable to open rtc device (rtc0)
[    1.971324] net eth0: initializing cpsw version 1.15 (0)
[    2.034509] mmc0: host does not support reading read-only switch, assuming write-enable
[    2.044865] mmc0: new high speed SDHC card at address 59b4
[    2.046340] net eth0: phy found : id is : 0x221622
[    2.050702] net eth1: initializing cpsw version 1.15 (0)
[    2.061541] mmcblk0: mmc0:59b4 SMI   14.7 GiB 
[    2.067016]  mmcblk0: p1 p2 p3
[    2.121219] net eth1: phy found : id is : 0x221622
[    2.141255] mmc1: BKOPS_EN bit is not set
[    2.151493] mmc1: new high speed MMC card at address 0001
[    2.157382] mmcblk1: mmc1:0001 P1XXXX 3.60 GiB 
[    2.162216] mmcblk1boot0: mmc1:0001 P1XXXX partition 1 2.00 MiB
[    2.168517] mmcblk1boot1: mmc1:0001 P1XXXX partition 2 2.00 MiB
[    2.175401]  mmcblk1: p1
[    6.059706] cpsw 48484000.ethernet eth0: Link is Up - 1Gbps/Full - flow control rx/tx
[    6.082421] Sending DHCP requests ., OK
[    6.162416] IP-Config: Got DHCP answer from 192.168.0.1, my address is 192.168.0.146
[    6.174737] IP-Config: Complete:
[    6.178137]      device=eth0, hwaddr=7c:66:9d:ec:e8:7e, ipaddr=192.168.0.146, mask=255.255.255.0, gw=192.168.0.1
[    6.188807]      host=192.168.0.146, domain=ti.com, nis-domain=(none)
[    6.195569]      bootserver=192.168.0.1, rootserver=192.168.0.1, rootpath=
[    6.202601]      nameserver0=192.0.2.2, nameserver1=192.0.2.3
[    6.209078] ldousb: disabling
[    6.212619] ALSA device list:
[    6.215726]   No soundcards found.
[    6.495792] EXT4-fs (mmcblk0p2): recovery complete
[    6.505499] EXT4-fs (mmcblk0p2): mounted filesystem with ordered data mode. Opts: (null)
[    6.514012] VFS: Mounted root (ext4 filesystem) on device 179:2.
[    6.525370] devtmpfs: mounted
[    6.528924] Freeing unused kernel memory: 780K (c0bd7000 - c0c9a000)
INIT: version 2.88 booting
[    6.760605] ------------[ cut here ]------------
[    6.765481] WARNING: CPU: 1 PID: 70 at mm/mmap.c:2859 exit_mmap+0x1b8/0x224()
[    6.772977] Modules linked in:
[    6.776184] CPU: 1 PID: 70 Comm: init Not tainted 3.19.0-rc5-next-20150122-00002-g2ade5cea1b05 #1
[    6.785493] Hardware name: Generic DRA74X (Flattened Device Tree)
[    6.791909] [<c0215b6c>] (unwind_backtrace) from [<c021148c>] (show_stack+0x10/0x14)
[    6.800045] [<c021148c>] (show_stack) from [<c08bac70>] (dump_stack+0x70/0x8c)
[    6.807631] [<c08bac70>] (dump_stack) from [<c02474f4>] (warn_slowpath_common+0x74/0xac)
[    6.816135] [<c02474f4>] (warn_slowpath_common) from [<c0247548>] (warn_slowpath_null+0x1c/0x24)
[    6.825362] [<c0247548>] (warn_slowpath_null) from [<c02e5b0c>] (exit_mmap+0x1b8/0x224)
[    6.833774] [<c02e5b0c>] (exit_mmap) from [<c0244ebc>] (mmput+0x40/0xf8)
[    6.840802] [<c0244ebc>] (mmput) from [<c0302e88>] (flush_old_exec+0x32c/0x604)
[    6.848470] [<c0302e88>] (flush_old_exec) from [<c033f58c>] (load_elf_binary+0x2ec/0x112c)
[    6.857148] [<c033f58c>] (load_elf_binary) from [<c0302184>] (search_binary_handler+0x9c/0x240)
[    6.866281] [<c0302184>] (search_binary_handler) from [<c033eecc>] (load_script+0x260/0x27c)
[    6.875137] [<c033eecc>] (load_script) from [<c0302184>] (search_binary_handler+0x9c/0x240)
[    6.883909] [<c0302184>] (search_binary_handler) from [<c0303940>] (do_execveat_common+0x4d8/0x5bc)
[    6.893402] [<c0303940>] (do_execveat_common) from [<c0303a50>] (do_execve+0x2c/0x34)
[    6.901630] [<c0303a50>] (do_execve) from [<c020e720>] (ret_fast_syscall+0x0/0x34)
[    6.909573] ---[ end trace a1f0f63823e74154 ]---
[    6.980598] ------------[ cut here ]------------
[    6.985462] WARNING: CPU: 1 PID: 71 at mm/mmap.c:2859 exit_mmap+0x1b8/0x224()
[    6.992948] Modules linked in:
[    6.996151] CPU: 1 PID: 71 Comm: rcS Tainted: G        W       3.19.0-rc5-next-20150122-00002-g2ade5cea1b05 #1
[    7.006647] Hardware name: Generic DRA74X (Flattened Device Tree)
[    7.013055] [<c0215b6c>] (unwind_backtrace) from [<c021148c>] (show_stack+0x10/0x14)
[    7.021189] [<c021148c>] (show_stack) from [<c08bac70>] (dump_stack+0x70/0x8c)
[    7.028782] [<c08bac70>] (dump_stack) from [<c02474f4>] (warn_slowpath_common+0x74/0xac)
[    7.037273] [<c02474f4>] (warn_slowpath_common) from [<c0247548>] (warn_slowpath_null+0x1c/0x24)
[    7.046503] [<c0247548>] (warn_slowpath_null) from [<c02e5b0c>] (exit_mmap+0x1b8/0x224)
[    7.054902] [<c02e5b0c>] (exit_mmap) from [<c0244ebc>] (mmput+0x40/0xf8)
[    7.061940] [<c0244ebc>] (mmput) from [<c0302e88>] (flush_old_exec+0x32c/0x604)
[    7.069614] [<c0302e88>] (flush_old_exec) from [<c033f58c>] (load_elf_binary+0x2ec/0x112c)
[    7.078290] [<c033f58c>] (load_elf_binary) from [<c0302184>] (search_binary_handler+0x9c/0x240)
[    7.087424] [<c0302184>] (search_binary_handler) from [<c0303940>] (do_execveat_common+0x4d8/0x5bc)
[    7.096925] [<c0303940>] (do_execveat_common) from [<c0303a50>] (do_execve+0x2c/0x34)
[    7.105149] [<c0303a50>] (do_execve) from [<c020e720>] (ret_fast_syscall+0x0/0x34)
[    7.113094] ---[ end trace a1f0f63823e74155 ]---
[    7.140679] ------------[ cut here ]------------
[    7.145539] WARNING: CPU: 1 PID: 71 at mm/mmap.c:2859 exit_mmap+0x1b8/0x224()
[    7.153027] Modules linked in:
[    7.156234] CPU: 1 PID: 71 Comm: mount Tainted: G        W       3.19.0-rc5-next-20150122-00002-g2ade5cea1b05 #1
[    7.166908] Hardware name: Generic DRA74X (Flattened Device Tree)
[    7.173311] [<c0215b6c>] (unwind_backtrace) from [<c021148c>] (show_stack+0x10/0x14)
[    7.181441] [<c021148c>] (show_stack) from [<c08bac70>] (dump_stack+0x70/0x8c)
[    7.189024] [<c08bac70>] (dump_stack) from [<c02474f4>] (warn_slowpath_common+0x74/0xac)
[    7.197515] [<c02474f4>] (warn_slowpath_common) from [<c0247548>] (warn_slowpath_null+0x1c/0x24)
[    7.206738] [<c0247548>] (warn_slowpath_null) from [<c02e5b0c>] (exit_mmap+0x1b8/0x224)
[    7.215141] [<c02e5b0c>] (exit_mmap) from [<c0244ebc>] (mmput+0x40/0xf8)
[    7.222181] [<c0244ebc>] (mmput) from [<c0249450>] (do_exit+0x288/0x914)
[    7.229213] [<c0249450>] (do_exit) from [<c0249bb4>] (do_group_exit+0x48/0xd0)
[    7.236796] [<c0249bb4>] (do_group_exit) from [<c0249c4c>] (__wake_up_parent+0x0/0x18)
[    7.245106] ---[ end trace a1f0f63823e74156 ]---
[    7.253479] ------------[ cut here ]------------
[    7.258335] WARNING: CPU: 0 PID: 70 at mm/mmap.c:2859 exit_mmap+0x1b8/0x224()
[    7.265837] Modules linked in:
[    7.269052] CPU: 0 PID: 70 Comm: rcS Tainted: G        W       3.19.0-rc5-next-20150122-00002-g2ade5cea1b05 #1
[    7.279546] Hardware name: Generic DRA74X (Flattened Device Tree)
[    7.285949] [<c0215b6c>] (unwind_backtrace) from [<c021148c>] (show_stack+0x10/0x14)
[    7.294080] [<c021148c>] (show_stack) from [<c08bac70>] (dump_stack+0x70/0x8c)
[    7.301667] [<c08bac70>] (dump_stack) from [<c02474f4>] (warn_slowpath_common+0x74/0xac)
[    7.310162] [<c02474f4>] (warn_slowpath_common) from [<c0247548>] (warn_slowpath_null+0x1c/0x24)
[    7.319390] [<c0247548>] (warn_slowpath_null) from [<c02e5b0c>] (exit_mmap+0x1b8/0x224)
[    7.327796] [<c02e5b0c>] (exit_mmap) from [<c0244ebc>] (mmput+0x40/0xf8)
[    7.334834] [<c0244ebc>] (mmput) from [<c0302e88>] (flush_old_exec+0x32c/0x604)
[    7.342516] [<c0302e88>] (flush_old_exec) from [<c033f58c>] (load_elf_binary+0x2ec/0x112c)
[    7.351197] [<c033f58c>] (load_elf_binary) from [<c0302184>] (search_binary_handler+0x9c/0x240)
[    7.360333] [<c0302184>] (search_binary_handler) from [<c033eecc>] (load_script+0x260/0x27c)
[    7.369197] [<c033eecc>] (load_script) from [<c0302184>] (search_binary_handler+0x9c/0x240)
[    7.377970] [<c0302184>] (search_binary_handler) from [<c0303940>] (do_execveat_common+0x4d8/0x5bc)
[    7.387475] [<c0303940>] (do_execveat_common) from [<c0303a50>] (do_execve+0x2c/0x34)
[    7.395699] [<c0303a50>] (do_execve) from [<c020e720>] (ret_fast_syscall+0x0/0x34)
[    7.403647] ---[ end trace a1f0f63823e74157 ]---
[    7.412817] ------------[ cut here ]------------
[    7.417675] WARNING: CPU: 0 PID: 72 at mm/mmap.c:2859 exit_mmap+0x1b8/0x224()
[    7.425164] Modules linked in:
[    7.428375] CPU: 0 PID: 72 Comm: rc Tainted: G        W       3.19.0-rc5-next-20150122-00002-g2ade5cea1b05 #1
[    7.438778] Hardware name: Generic DRA74X (Flattened Device Tree)
[    7.445182] [<c0215b6c>] (unwind_backtrace) from [<c021148c>] (show_stack+0x10/0x14)
[    7.453323] [<c021148c>] (show_stack) from [<c08bac70>] (dump_stack+0x70/0x8c)
[    7.460908] [<c08bac70>] (dump_stack) from [<c02474f4>] (warn_slowpath_common+0x74/0xac)
[    7.469406] [<c02474f4>] (warn_slowpath_common) from [<c0247548>] (warn_slowpath_null+0x1c/0x24)
[    7.478636] [<c0247548>] (warn_slowpath_null) from [<c02e5b0c>] (exit_mmap+0x1b8/0x224)
[    7.487042] [<c02e5b0c>] (exit_mmap) from [<c0244ebc>] (mmput+0x40/0xf8)
[    7.494079] [<c0244ebc>] (mmput) from [<c0302e88>] (flush_old_exec+0x32c/0x604)
[    7.501758] [<c0302e88>] (flush_old_exec) from [<c033f58c>] (load_elf_binary+0x2ec/0x112c)
[    7.510436] [<c033f58c>] (load_elf_binary) from [<c0302184>] (search_binary_handler+0x9c/0x240)
[    7.519571] [<c0302184>] (search_binary_handler) from [<c0303940>] (do_execveat_common+0x4d8/0x5bc)
[    7.529071] [<c0303940>] (do_execveat_common) from [<c0303a50>] (do_execve+0x2c/0x34)
[    7.537297] [<c0303a50>] (do_execve) from [<c020e720>] (ret_fast_syscall+0x0/0x34)
[    7.545244] ---[ end trace a1f0f63823e74158 ]---
[    7.557777] ------------[ cut here ]------------
[    7.562646] WARNING: CPU: 1 PID: 72 at mm/mmap.c:2859 exit_mmap+0x1b8/0x224()
[    7.570145] Modules linked in:
[    7.573359] CPU: 1 PID: 72 Comm: stty Tainted: G        W       3.19.0-rc5-next-20150122-00002-g2ade5cea1b05 #1
[    7.583955] Hardware name: Generic DRA74X (Flattened Device Tree)
[    7.590365] [<c0215b6c>] (unwind_backtrace) from [<c021148c>] (show_stack+0x10/0x14)
[    7.598503] [<c021148c>] (show_stack) from [<c08bac70>] (dump_stack+0x70/0x8c)
[    7.606095] [<c08bac70>] (dump_stack) from [<c02474f4>] (warn_slowpath_common+0x74/0xac)
[    7.614594] [<c02474f4>] (warn_slowpath_common) from [<c0247548>] (warn_slowpath_null+0x1c/0x24)
[    7.623823] [<c0247548>] (warn_slowpath_null) from [<c02e5b0c>] (exit_mmap+0x1b8/0x224)
[    7.632231] [<c02e5b0c>] (exit_mmap) from [<c0244ebc>] (mmput+0x40/0xf8)
[    7.639271] [<c0244ebc>] (mmput) from [<c0249450>] (do_exit+0x288/0x914)
[    7.646309] [<c0249450>] (do_exit) from [<c0249bb4>] (do_group_exit+0x48/0xd0)
[    7.653897] [<c0249bb4>] (do_group_exit) from [<c0249c4c>] (__wake_up_parent+0x0/0x18)
[    7.662209] ---[ end trace a1f0f63823e74159 ]---
[    7.673803] ------------[ cut here ]------------
[    7.678663] WARNING: CPU: 1 PID: 74 at mm/mmap.c:2859 exit_mmap+0x1b8/0x224()
[    7.686153] Modules linked in:
[    7.689365] CPU: 1 PID: 74 Comm: rc Tainted: G        W       3.19.0-rc5-next-20150122-00002-g2ade5cea1b05 #1
[    7.699765] Hardware name: Generic DRA74X (Flattened Device Tree)
[    7.706173] [<c0215b6c>] (unwind_backtrace) from [<c021148c>] (show_stack+0x10/0x14)
[    7.714310] [<c021148c>] (show_stack) from [<c08bac70>] (dump_stack+0x70/0x8c)
[    7.721896] [<c08bac70>] (dump_stack) from [<c02474f4>] (warn_slowpath_common+0x74/0xac)
[    7.730394] [<c02474f4>] (warn_slowpath_common) from [<c0247548>] (warn_slowpath_null+0x1c/0x24)
[    7.739620] [<c0247548>] (warn_slowpath_null) from [<c02e5b0c>] (exit_mmap+0x1b8/0x224)
[    7.748025] [<c02e5b0c>] (exit_mmap) from [<c0244ebc>] (mmput+0x40/0xf8)
[    7.755061] [<c0244ebc>] (mmput) from [<c0302e88>] (flush_old_exec+0x32c/0x604)
[    7.762737] [<c0302e88>] (flush_old_exec) from [<c033f58c>] (load_elf_binary+0x2ec/0x112c)
[    7.771414] [<c033f58c>] (load_elf_binary) from [<c0302184>] (search_binary_handler+0x9c/0x240)
[    7.780549] [<c0302184>] (search_binary_handler) from [<c0303940>] (do_execveat_common+0x4d8/0x5bc)
[    7.790043] [<c0303940>] (do_execveat_common) from [<c0303a50>] (do_execve+0x2c/0x34)
[    7.798264] [<c0303a50>] (do_execve) from [<c020e720>] (ret_fast_syscall+0x0/0x34)
[    7.806209] ---[ end trace a1f0f63823e7415a ]---
[    7.821980] ------------[ cut here ]------------
[    7.826860] WARNING: CPU: 1 PID: 74 at mm/mmap.c:2859 exit_mmap+0x1b8/0x224()
[    7.834348] Modules linked in:
[    7.837559] CPU: 1 PID: 74 Comm: mount Tainted: G        W       3.19.0-rc5-next-20150122-00002-g2ade5cea1b05 #1
[    7.848239] Hardware name: Generic DRA74X (Flattened Device Tree)
[    7.854643] [<c0215b6c>] (unwind_backtrace) from [<c021148c>] (show_stack+0x10/0x14)
[    7.862773] [<c021148c>] (show_stack) from [<c08bac70>] (dump_stack+0x70/0x8c)
[    7.870358] [<c08bac70>] (dump_stack) from [<c02474f4>] (warn_slowpath_common+0x74/0xac)
[    7.878856] [<c02474f4>] (warn_slowpath_common) from [<c0247548>] (warn_slowpath_null+0x1c/0x24)
[    7.888084] [<c0247548>] (warn_slowpath_null) from [<c02e5b0c>] (exit_mmap+0x1b8/0x224)
[    7.896492] [<c02e5b0c>] (exit_mmap) from [<c0244ebc>] (mmput+0x40/0xf8)
[    7.903533] [<c0244ebc>] (mmput) from [<c0249450>] (do_exit+0x288/0x914)
[    7.910568] [<c0249450>] (do_exit) from [<c0249bb4>] (do_group_exit+0x48/0xd0)
[    7.918155] [<c0249bb4>] (do_group_exit) from [<c0249c4c>] (__wake_up_parent+0x0/0x18)
[    7.926464] ---[ end trace a1f0f63823e7415b ]---
[    7.932343] ------------[ cut here ]------------
[    7.937203] WARNING: CPU: 0 PID: 73 at mm/mmap.c:2859 exit_mmap+0x1b8/0x224()
[    7.944703] Modules linked in:
[    7.947924] CPU: 0 PID: 73 Comm: rc Tainted: G        W       3.19.0-rc5-next-20150122-00002-g2ade5cea1b05 #1
[    7.958332] Hardware name: Generic DRA74X (Flattened Device Tree)
[    7.964743] [<c0215b6c>] (unwind_backtrace) from [<c021148c>] (show_stack+0x10/0x14)
[    7.972884] [<c021148c>] (show_stack) from [<c08bac70>] (dump_stack+0x70/0x8c)
[    7.980478] [<c08bac70>] (dump_stack) from [<c02474f4>] (warn_slowpath_common+0x74/0xac)
[    7.988983] [<c02474f4>] (warn_slowpath_common) from [<c0247548>] (warn_slowpath_null+0x1c/0x24)
[    7.989290] ------------[ cut here ]------------
[    7.989299] WARNING: CPU: 1 PID: 75 at mm/mmap.c:2859 exit_mmap+0x1b8/0x224()
[    7.989302] Modules linked in:
[    8.013742] [<c0247548>] (warn_slowpath_null) from [<c02e5b0c>] (exit_mmap+0x1b8/0x224)
[    8.022153] [<c02e5b0c>] (exit_mmap) from [<c0244ebc>] (mmput+0x40/0xf8)
[    8.029199] [<c0244ebc>] (mmput) from [<c0249450>] (do_exit+0x288/0x914)
[    8.036238] [<c0249450>] (do_exit) from [<c0249bb4>] (do_group_exit+0x48/0xd0)
[    8.043824] [<c0249bb4>] (do_group_exit) from [<c0249c4c>] (__wake_up_parent+0x0/0x18)
[    8.052131] ---[ end trace a1f0f63823e7415c ]---
[    8.052136] CPU: 1 PID: 75 Comm: rc Tainted: G        W       3.19.0-rc5-next-20150122-00002-g2ade5cea1b05 #1
[    8.052140] Hardware name: Generic DRA74X (Flattened Device Tree)
[    8.052150] [<c0215b6c>] (unwind_backtrace) from [<c021148c>] (show_stack+0x10/0x14)
[    8.052160] [<c021148c>] (show_stack) from [<c08bac70>] (dump_stack+0x70/0x8c)
[    8.052168] [<c08bac70>] (dump_stack) from [<c02474f4>] (warn_slowpath_common+0x74/0xac)
[    8.052175] [<c02474f4>] (warn_slowpath_common) from [<c0247548>] (warn_slowpath_null+0x1c/0x24)
[    8.052183] [<c0247548>] (warn_slowpath_null) from [<c02e5b0c>] (exit_mmap+0x1b8/0x224)
[    8.052189] [<c02e5b0c>] (exit_mmap) from [<c0244ebc>] (mmput+0x40/0xf8)
[    8.052196] [<c0244ebc>] (mmput) from [<c0302e88>] (flush_old_exec+0x32c/0x604)
[    8.052202] [<c0302e88>] (flush_old_exec) from [<c033f58c>] (load_elf_binary+0x2ec/0x112c)
[    8.052207] [<c033f58c>] (load_elf_binary) from [<c0302184>] (search_binary_handler+0x9c/0x240)
[    8.052213] [<c0302184>] (search_binary_handler) from [<c0303940>] (do_execveat_common+0x4d8/0x5bc)
[    8.052219] [<c0303940>] (do_execveat_common) from [<c0303a50>] (do_execve+0x2c/0x34)
[    8.052225] [<c0303a50>] (do_execve) from [<c020e720>] (ret_fast_syscall+0x0/0x34)
[    8.052228] ---[ end trace a1f0f63823e7415d ]---
Error opening /dev/fb0: No such file or director[    8.183966] ------------[ cut here ]------------
[    8.192006] WARNING: CPU: 1 PID: 75 at mm/mmap.c:2859 exit_mmap+0x1b8/0x224()
[    8.199740] Modules linked in:
[    8.202964] CPU: 1 PID: 75 Comm: psplash Tainted: G        W       3.19.0-rc5-next-20150122-00002-g2ade5cea1b05 #1
[    8.213837] Hardware name: Generic DRA74X (Flattened Device Tree)
[    8.213851] [<c0215b6c>] (unwind_backtrace) from [<c021148c>] (show_stack+0x10/0x14)
[    8.213862] [<c021148c>] (show_stack) from [<c08bac70>] (dump_stack+0x70/0x8c)
[    8.213872] [<c08bac70>] (dump_stack) from [<c02474f4>] (warn_slowpath_common+0x74/0xac)
[    8.213878] [<c02474f4>] (warn_slowpath_common) from [<c0247548>] (warn_slowpath_null+0x1c/0x24)
[    8.213886] [<c0247548>] (warn_slowpath_null) from [<c02e5b0c>] (exit_mmap+0x1b8/0x224)
[    8.213894] [<c02e5b0c>] (exit_mmap) from [<c0244ebc>] (mmput+0x40/0xf8)
[    8.213901] [<c0244ebc>] (mmput) from [<c0249450>] (do_exit+0x288/0x914)
[    8.213909] [<c0249450>] (do_exit) from [<c0249bb4>] (do_group_exit+0x48/0xd0)
[    8.213916] [<c0249bb4>] (do_group_exit) from [<c0249c4c>] (__wake_up_parent+0x0/0x18)
[    8.213919] ---[ end trace a1f0f63823e7415e ]---
[    8.297537] ------------[ cut here ]------------
[    8.302382] WARNING: CPU: 1 PID: 77 at mm/mmap.c:2859 exit_mmap+0x1b8/0x224()
[    8.309881] Modules linked in:
[    8.313097] CPU: 1 PID: 77 Comm: rc Tainted: G        W       3.19.0-rc5-next-20150122-00002-g2ade5cea1b05 #1
[    8.323499] Hardware name: Generic DRA74X (Flattened Device Tree)
[    8.329904] [<c0215b6c>] (unwind_backtrace) from [<c021148c>] (show_stack+0x10/0x14)
[    8.338038] [<c021148c>] (show_stack) from [<c08bac70>] (dump_stack+0x70/0x8c)
[    8.345624] [<c08bac70>] (dump_stack) from [<c02474f4>] (warn_slowpath_common+0x74/0xac)
[    8.354124] [<c02474f4>] (warn_slowpath_common) from [<c0247548>] (warn_slowpath_null+0x1c/0x24)
[    8.363350] [<c0247548>] (warn_slowpath_null) from [<c02e5b0c>] (exit_mmap+0x1b8/0x224)
[    8.371757] [<c02e5b0c>] (exit_mmap) from [<c0244ebc>] (mmput+0x40/0xf8)
[    8.378796] [<c0244ebc>] (mmput) from [<c0249450>] (do_exit+0x288/0x914)
[    8.385833] [<c0249450>] (do_exit) from [<c0249bb4>] (do_group_exit+0x48/0xd0)
[    8.393413] [<c0249bb4>] (do_group_exit) from [<c0249c4c>] (__wake_up_parent+0x0/0x18)
[    8.401723] ---[ end trace a1f0f63823e7415f ]---
[    8.407366] ------------[ cut here ]------------
[    8.412227] WARNING: CPU: 0 PID: 76 at mm/mmap.c:2859 exit_mmap+0x1b8/0x224()
[    8.419715] Modules linked in:
[    8.422926] CPU: 0 PID: 76 Comm: rc Tainted: G        W       3.19.0-rc5-next-20150122-00002-g2ade5cea1b05 #1
[    8.433334] Hardware name: Generic DRA74X (Flattened Device Tree)
[    8.439736] [<c0215b6c>] (unwind_backtrace) from [<c021148c>] (show_stack+0x10/0x14)
[    8.447871] [<c021148c>] (show_stack) from [<c08bac70>] (dump_stack+0x70/0x8c)
[    8.455459] [<c08bac70>] (dump_stack) from [<c02474f4>] (warn_slowpath_common+0x74/0xac)
[    8.463957] [<c02474f4>] (warn_slowpath_common) from [<c0247548>] (warn_slowpath_null+0x1c/0x24)
[    8.473188] [<c0247548>] (warn_slowpath_null) from [<c02e5b0c>] (exit_mmap+0x1b8/0x224)
[    8.481593] [<c02e5b0c>] (exit_mmap) from [<c0244ebc>] (mmput+0x40/0xf8)
[    8.488633] [<c0244ebc>] (mmput) from [<c0249450>] (do_exit+0x288/0x914)
[    8.495673] [<c0249450>] (do_exit) from [<c0249bb4>] (do_group_exit+0x48/0xd0)
[    8.503259] [<c0249bb4>] (do_group_exit) from [<c0249c4c>] (__wake_up_parent+0x0/0x18)
[    8.511568] ---[ end trace a1f0f63823e74160 ]---
[    8.519920] ------------[ cut here ]------------
[    8.524784] WARNING: CPU: 0 PID: 79 at mm/mmap.c:2859 exit_mmap+0x1b8/0x224()
[    8.532276] Modules linked in:
[    8.535488] CPU: 0 PID: 79 Comm: rc Tainted: G        W       3.19.0-rc5-next-20150122-00002-g2ade5cea1b05 #1
[    8.545897] Hardware name: Generic DRA74X (Flattened Device Tree)
[    8.552301] [<c0215b6c>] (unwind_backtrace) from [<c021148c>] (show_stack+0x10/0x14)
[    8.560440] [<c021148c>] (show_stack) from [<c08bac70>] (dump_stack+0x70/0x8c)
[    8.568030] [<c08bac70>] (dump_stack) from [<c02474f4>] (warn_slowpath_common+0x74/0xac)
[    8.576530] [<c02474f4>] (warn_slowpath_common) from [<c0247548>] (warn_slowpath_null+0x1c/0x24)
[    8.585753] [<c0247548>] (warn_slowpath_null) from [<c02e5b0c>] (exit_mmap+0x1b8/0x224)
[    8.594163] [<c02e5b0c>] (exit_mmap) from [<c0244ebc>] (mmput+0x40/0xf8)
[    8.601199] [<c0244ebc>] (mmput) from [<c0302e88>] (flush_old_exec+0x32c/0x604)
[    8.608877] [<c0302e88>] (flush_old_exec) from [<c033f58c>] (load_elf_binary+0x2ec/0x112c)
[    8.617556] [<c033f58c>] (load_elf_binary) from [<c0302184>] (search_binary_handler+0x9c/0x240)
[    8.626693] [<c0302184>] (search_binary_handler) from [<c0303940>] (do_execveat_common+0x4d8/0x5bc)
[    8.636189] [<c0303940>] (do_execveat_common) from [<c0303a50>] (do_execve+0x2c/0x34)
[    8.644413] [<c0303a50>] (do_execve) from [<c020e720>] (ret_fast_syscall+0x0/0x34)
[    8.652359] ---[ end trace a1f0f63823e74161 ]---
[    8.658557] ------------[ cut here ]------------
[    8.663423] WARNING: CPU: 1 PID: 79 at mm/mmap.c:2859 exit_mmap+0x1b8/0x224()
[    8.670908] Modules linked in:
[    8.674119] CPU: 1 PID: 79 Comm: grep Tainted: G        W       3.19.0-rc5-next-20150122-00002-g2ade5cea1b05 #1
[    8.684704] Hardware name: Generic DRA74X (Flattened Device Tree)
[    8.691110] [<c0215b6c>] (unwind_backtrace) from [<c021148c>] (show_stack+0x10/0x14)
[    8.699241] [<c021148c>] (show_stack) from [<c08bac70>] (dump_stack+0x70/0x8c)
[    8.706827] [<c08bac70>] (dump_stack) from [<c02474f4>] (warn_slowpath_common+0x74/0xac)
[    8.715325] [<c02474f4>] (warn_slowpath_common) from [<c0247548>] (warn_slowpath_null+0x1c/0x24)
[    8.724551] [<c0247548>] (warn_slowpath_null) from [<c02e5b0c>] (exit_mmap+0x1b8/0x224)
[    8.732958] [<c02e5b0c>] (exit_mmap) from [<c0244ebc>] (mmput+0x40/0xf8)
[    8.739996] [<c0244ebc>] (mmput) from [<c0249450>] (do_exit+0x288/0x914)
[    8.747035] [<c0249450>] (do_exit) from [<c0249bb4>] (do_group_exit+0x48/0xd0)
[    8.754622] [<c0249bb4>] (do_group_exit) from [<c0249c4c>] (__wake_up_parent+0x0/0x18)
[    8.762925] ---[ end trace a1f0f63823e74162 ]---
[    8.769803] ------------[ cut here ]------------
[    8.774662] WARNING: CPU: 0 PID: 80 at mm/mmap.c:2859 exit_mmap+0x1b8/0x224()
[    8.782150] Modules linked in:
[    8.785366] CPU: 0 PID: 80 Comm: rc Tainted: G        W       3.19.0-rc5-next-20150122-00002-g2ade5cea1b05 #1
[    8.795774] Hardware name: Generic DRA74X (Flattened Device Tree)
[    8.802173] [<c0215b6c>] (unwind_backtrace) from [<c021148c>] (show_stack+0x10/0x14)
[    8.810309] [<c021148c>] (show_stack) from [<c08bac70>] (dump_stack+0x70/0x8c)
[    8.817894] [<c08bac70>] (dump_stack) from [<c02474f4>] (warn_slowpath_common+0x74/0xac)
[    8.826390] [<c02474f4>] (warn_slowpath_common) from [<c0247548>] (warn_slowpath_null+0x1c/0x24)
[    8.835620] [<c0247548>] (warn_slowpath_null) from [<c02e5b0c>] (exit_mmap+0x1b8/0x224)
[    8.844029] [<c02e5b0c>] (exit_mmap) from [<c0244ebc>] (mmput+0x40/0xf8)
[    8.851068] [<c0244ebc>] (mmput) from [<c0302e88>] (flush_old_exec+0x32c/0x604)
[    8.858747] [<c0302e88>] (flush_old_exec) from [<c033f58c>] (load_elf_binary+0x2ec/0x112c)
[    8.867424] [<c033f58c>] (load_elf_binary) from [<c0302184>] (search_binary_handler+0x9c/0x240)
[    8.876561] [<c0302184>] (search_binary_handler) from [<c0303940>] (do_execveat_common+0x4d8/0x5bc)
[    8.886062] [<c0303940>] (do_execveat_common) from [<c0303a50>] (do_execve+0x2c/0x34)
[    8.894282] [<c0303a50>] (do_execve) from [<c020e720>] (ret_fast_syscall+0x0/0x34)
[    8.902230] ---[ end trace a1f0f63823e74163 ]---
[    8.908302] ------------[ cut here ]------------
[    8.913190] WARNING: CPU: 1 PID: 80 at mm/mmap.c:2859 exit_mmap+0x1b8/0x224()
[    8.920677] Modules linked in:
[    8.923888] CPU: 1 PID: 80 Comm: mount Tainted: G        W       3.19.0-rc5-next-20150122-00002-g2ade5cea1b05 #1
[    8.934564] Hardware name: Generic DRA74X (Flattened Device Tree)
[    8.940964] [<c0215b6c>] (unwind_backtrace) from [<c021148c>] (show_stack+0x10/0x14)
[    8.949097] [<c021148c>] (show_stack) from [<c08bac70>] (dump_stack+0x70/0x8c)
[    8.956685] [<c08bac70>] (dump_stack) from [<c02474f4>] (warn_slowpath_common+0x74/0xac)
[    8.965182] [<c02474f4>] (warn_slowpath_common) from [<c0247548>] (warn_slowpath_null+0x1c/0x24)
[    8.974407] [<c0247548>] (warn_slowpath_null) from [<c02e5b0c>] (exit_mmap+0x1b8/0x224)
[    8.982807] [<c02e5b0c>] (exit_mmap) from [<c0244ebc>] (mmput+0x40/0xf8)
[    8.989844] [<c0244ebc>] (mmput) from [<c0249450>] (do_exit+0x288/0x914)
[    8.996883] [<c0249450>] (do_exit) from [<c0249bb4>] (do_group_exit+0x48/0xd0)
[    9.004472] [<c0249bb4>] (do_group_exit) from [<c0249c4c>] (__wake_up_parent+0x0/0x18)
[    9.012782] ---[ end trace a1f0f63823e74164 ]---
[    9.018613] ------------[ cut here ]------------
[    9.023471] WARNING: CPU: 0 PID: 81 at mm/mmap.c:2859 exit_mmap+0x1b8/0x224()
[    9.030962] Modules linked in:
[    9.034174] CPU: 0 PID: 81 Comm: rc Tainted: G        W       3.19.0-rc5-next-20150122-00002-g2ade5cea1b05 #1
[    9.044581] Hardware name: Generic DRA74X (Flattened Device Tree)
[    9.050984] [<c0215b6c>] (unwind_backtrace) from [<c021148c>] (show_stack+0x10/0x14)
[    9.059119] [<c021148c>] (show_stack) from [<c08bac70>] (dump_stack+0x70/0x8c)
[    9.066707] [<c08bac70>] (dump_stack) from [<c02474f4>] (warn_slowpath_common+0x74/0xac)
[    9.075209] [<c02474f4>] (warn_slowpath_common) from [<c0247548>] (warn_slowpath_null+0x1c/0x24)
[    9.084431] [<c0247548>] (warn_slowpath_null) from [<c02e5b0c>] (exit_mmap+0x1b8/0x224)
[    9.092834] [<c02e5b0c>] (exit_mmap) from [<c0244ebc>] (mmput+0x40/0xf8)
[    9.099872] [<c0244ebc>] (mmput) from [<c0302e88>] (flush_old_exec+0x32c/0x604)
[    9.107545] [<c0302e88>] (flush_old_exec) from [<c033f58c>] (load_elf_binary+0x2ec/0x112c)
[    9.116224] [<c033f58c>] (load_elf_binary) from [<c0302184>] (search_binary_handler+0x9c/0x240)
[    9.125361] [<c0302184>] (search_binary_handler) from [<c0303940>] (do_execveat_common+0x4d8/0x5bc)
[    9.134860] [<c0303940>] (do_execveat_common) from [<c0303a50>] (do_execve+0x2c/0x34)
[    9.143085] [<c0303a50>] (do_execve) from [<c020e720>] (ret_fast_syscall+0x0/0x34)
[    9.151031] ---[ end trace a1f0f63823e74165 ]---
[    9.157184] ------------[ cut here ]------------
[    9.162043] WARNING: CPU: 1 PID: 81 at mm/mmap.c:2859 exit_mmap+0x1b8/0x224()
[    9.169530] Modules linked in:
[    9.172743] CPU: 1 PID: 81 Comm: grep Tainted: G        W       3.19.0-rc5-next-20150122-00002-g2ade5cea1b05 #1
[    9.183336] Hardware name: Generic DRA74X (Flattened Device Tree)
[    9.189750] [<c0215b6c>] (unwind_backtrace) from [<c021148c>] (show_stack+0x10/0x14)
[    9.197891] [<c021148c>] (show_stack) from [<c08bac70>] (dump_stack+0x70/0x8c)
[    9.205485] [<c08bac70>] (dump_stack) from [<c02474f4>] (warn_slowpath_common+0x74/0xac)
[    9.213999] [<c02474f4>] (warn_slowpath_common) from [<c0247548>] (warn_slowpath_null+0x1c/0x24)
[    9.223235] [<c0247548>] (warn_slowpath_null) from [<c02e5b0c>] (exit_mmap+0x1b8/0x224)
[    9.231643] [<c02e5b0c>] (exit_mmap) from [<c0244ebc>] (mmput+0x40/0xf8)
[    9.238681] [<c0244ebc>] (mmput) from [<c0249450>] (do_exit+0x288/0x914)
[    9.245724] [<c0249450>] (do_exit) from [<c0249bb4>] (do_group_exit+0x48/0xd0)
[    9.253308] [<c0249bb4>] (do_group_exit) from [<c0249c4c>] (__wake_up_parent+0x0/0x18)
[    9.261619] ---[ end trace a1f0f63823e74166 ]---
[    9.267348] ------------[ cut here ]------------
[    9.272205] WARNING: CPU: 0 PID: 82 at mm/mmap.c:2859 exit_mmap+0x1b8/0x224()
[    9.279696] Modules linked in:
[    9.282909] CPU: 0 PID: 82 Comm: rc Tainted: G        W       3.19.0-rc5-next-20150122-00002-g2ade5cea1b05 #1
[    9.293315] Hardware name: Generic DRA74X (Flattened Device Tree)
[    9.299716] [<c0215b6c>] (unwind_backtrace) from [<c021148c>] (show_stack+0x10/0x14)
[    9.307848] [<c021148c>] (show_stack) from [<c08bac70>] (dump_stack+0x70/0x8c)
[    9.315430] [<c08bac70>] (dump_stack) from [<c02474f4>] (warn_slowpath_common+0x74/0xac)
[    9.323925] [<c02474f4>] (warn_slowpath_common) from [<c0247548>] (warn_slowpath_null+0x1c/0x24)
[    9.333153] [<c0247548>] (warn_slowpath_null) from [<c02e5b0c>] (exit_mmap+0x1b8/0x224)
[    9.341558] [<c02e5b0c>] (exit_mmap) from [<c0244ebc>] (mmput+0x40/0xf8)
[    9.348595] [<c0244ebc>] (mmput) from [<c0302e88>] (flush_old_exec+0x32c/0x604)
[    9.356266] [<c0302e88>] (flush_old_exec) from [<c033f58c>] (load_elf_binary+0x2ec/0x112c)
[    9.364944] [<c033f58c>] (load_elf_binary) from [<c0302184>] (search_binary_handler+0x9c/0x240)
[    9.374077] [<c0302184>] (search_binary_handler) from [<c0303940>] (do_execveat_common+0x4d8/0x5bc)
[    9.383573] [<c0303940>] (do_execveat_common) from [<c0303a50>] (do_execve+0x2c/0x34)
[    9.391796] [<c0303a50>] (do_execve) from [<c020e720>] (ret_fast_syscall+0x0/0x34)
[    9.399740] ---[ end trace a1f0f63823e74167 ]---
[    9.405689] ------------[ cut here ]------------
[    9.410544] WARNING: CPU: 0 PID: 82 at mm/mmap.c:2859 exit_mmap+0x1b8/0x224()
[    9.418029] Modules linked in:
[    9.421236] CPU: 0 PID: 82 Comm: mount Tainted: G        W       3.19.0-rc5-next-20150122-00002-g2ade5cea1b05 #1
[    9.431915] Hardware name: Generic DRA74X (Flattened Device Tree)
[    9.438315] [<c0215b6c>] (unwind_backtrace) from [<c021148c>] (show_stack+0x10/0x14)
[    9.446445] [<c021148c>] (show_stack) from [<c08bac70>] (dump_stack+0x70/0x8c)
[    9.454024] [<c08bac70>] (dump_stack) from [<c02474f4>] (warn_slowpath_common+0x74/0xac)
[    9.462525] [<c02474f4>] (warn_slowpath_common) from [<c0247548>] (warn_slowpath_null+0x1c/0x24)
[    9.471745] [<c0247548>] (warn_slowpath_null) from [<c02e5b0c>] (exit_mmap+0x1b8/0x224)
[    9.480150] [<c02e5b0c>] (exit_mmap) from [<c0244ebc>] (mmput+0x40/0xf8)
[    9.487189] [<c0244ebc>] (mmput) from [<c0249450>] (do_exit+0x288/0x914)
[    9.494221] [<c0249450>] (do_exit) from [<c0249bb4>] (do_group_exit+0x48/0xd0)
[    9.501810] [<c0249bb4>] (do_group_exit) from [<c0249c4c>] (__wake_up_parent+0x0/0x18)
[    9.510116] ---[ end trace a1f0f63823e74168 ]---
[    9.515473] ------------[ cut here ]------------
[    9.520330] WARNING: CPU: 1 PID: 78 at mm/mmap.c:2859 exit_mmap+0x1b8/0x224()
[    9.527820] Modules linked in:
[    9.531026] CPU: 1 PID: 78 Comm: rc Tainted: G        W       3.19.0-rc5-next-20150122-00002-g2ade5cea1b05 #1
[    9.541432] Hardware name: Generic DRA74X (Flattened Device Tree)
[    9.547834] [<c0215b6c>] (unwind_backtrace) from [<c021148c>] (show_stack+0x10/0x14)
[    9.555972] [<c021148c>] (show_stack) from [<c08bac70>] (dump_stack+0x70/0x8c)
[    9.563555] [<c08bac70>] (dump_stack) from [<c02474f4>] (warn_slowpath_common+0x74/0xac)
[    9.572052] [<c02474f4>] (warn_slowpath_common) from [<c0247548>] (warn_slowpath_null+0x1c/0x24)
[    9.581273] [<c0247548>] (warn_slowpath_null) from [<c02e5b0c>] (exit_mmap+0x1b8/0x224)
[    9.589680] [<c02e5b0c>] (exit_mmap) from [<c0244ebc>] (mmput+0x40/0xf8)
[    9.596716] [<c0244ebc>] (mmput) from [<c0249450>] (do_exit+0x288/0x914)
[    9.603755] [<c0249450>] (do_exit) from [<c0249bb4>] (do_group_exit+0x48/0xd0)
[    9.611340] [<c0249bb4>] (do_group_exit) from [<c0249c4c>] (__wake_up_parent+0x0/0x18)
[    9.619647] ---[ end trace a1f0f63823e74169 ]---
[    9.628506] ------------[ cut here ]------------
[    9.633372] WARNING: CPU: 1 PID: 84 at mm/mmap.c:2859 exit_mmap+0x1b8/0x224()
[    9.640874] Modules linked in:
[    9.644088] CPU: 1 PID: 84 Comm: rc Tainted: G        W       3.19.0-rc5-next-20150122-00002-g2ade5cea1b05 #1
[    9.654492] Hardware name: Generic DRA74X (Flattened Device Tree)
[    9.660898] [<c0215b6c>] (unwind_backtrace) from [<c021148c>] (show_stack+0x10/0x14)
[    9.669040] [<c021148c>] (show_stack) from [<c08bac70>] (dump_stack+0x70/0x8c)
[    9.676626] [<c08bac70>] (dump_stack) from [<c02474f4>] (warn_slowpath_common+0x74/0xac)
[    9.685124] [<c02474f4>] (warn_slowpath_common) from [<c0247548>] (warn_slowpath_null+0x1c/0x24)
[    9.694354] [<c0247548>] (warn_slowpath_null) from [<c02e5b0c>] (exit_mmap+0x1b8/0x224)
[    9.702762] [<c02e5b0c>] (exit_mmap) from [<c0244ebc>] (mmput+0x40/0xf8)
[    9.709800] [<c0244ebc>] (mmput) from [<c0302e88>] (flush_old_exec+0x32c/0x604)
[    9.717474] [<c0302e88>] (flush_old_exec) from [<c033f58c>] (load_elf_binary+0x2ec/0x112c)
[    9.726150] [<c033f58c>] (load_elf_binary) from [<c0302184>] (search_binary_handler+0x9c/0x240)
[    9.735285] [<c0302184>] (search_binary_handler) from [<c0303940>] (do_execveat_common+0x4d8/0x5bc)
[    9.744783] [<c0303940>] (do_execveat_common) from [<c0303a50>] (do_execve+0x2c/0x34)
[    9.753004] [<c0303a50>] (do_execve) from [<c020e720>] (ret_fast_syscall+0x0/0x34)
[    9.760949] ---[ end trace a1f0f63823e7416a ]---
[    9.768870] ------------[ cut here ]------------
[    9.773735] WARNING: CPU: 0 PID: 84 at mm/mmap.c:2859 exit_mmap+0x1b8/0x224()
[    9.781230] Modules linked in:
[    9.784449] CPU: 0 PID: 84 Comm: mount Tainted: G        W       3.19.0-rc5-next-20150122-00002-g2ade5cea1b05 #1
[    9.795130] Hardware name: Generic DRA74X (Flattened Device Tree)
[    9.801543] [<c0215b6c>] (unwind_backtrace) from [<c021148c>] (show_stack+0x10/0x14)
[    9.809680] [<c021148c>] (show_stack) from [<c08bac70>] (dump_stack+0x70/0x8c)
[    9.817269] [<c08bac70>] (dump_stack) from [<c02474f4>] (warn_slowpath_common+0x74/0xac)
[    9.825766] [<c02474f4>] (warn_slowpath_common) from [<c0247548>] (warn_slowpath_null+0x1c/0x24)
[    9.834993] [<c0247548>] (warn_slowpath_null) from [<c02e5b0c>] (exit_mmap+0x1b8/0x224)
[    9.843401] [<c02e5b0c>] (exit_mmap) from [<c0244ebc>] (mmput+0x40/0xf8)
[    9.850438] [<c0244ebc>] (mmput) from [<c0249450>] (do_exit+0x288/0x914)
[    9.857473] [<c0249450>] (do_exit) from [<c0249bb4>] (do_group_exit+0x48/0xd0)
[    9.865059] [<c0249bb4>] (do_group_exit) from [<c0249c4c>] (__wake_up_parent+0x0/0x18)
[    9.873373] ---[ end trace a1f0f63823e7416b ]---
[    9.879549] ------------[ cut here ]------------
[    9.884410] WARNING: CPU: 1 PID: 85 at mm/mmap.c:2859 exit_mmap+0x1b8/0x224()
[    9.891897] Modules linked in:
[    9.895109] CPU: 1 PID: 85 Comm: rc Tainted: G        W       3.19.0-rc5-next-20150122-00002-g2ade5cea1b05 #1
[    9.905511] Hardware name: Generic DRA74X (Flattened Device Tree)
[    9.911916] [<c0215b6c>] (unwind_backtrace) from [<c021148c>] (show_stack+0x10/0x14)
[    9.920046] [<c021148c>] (show_stack) from [<c08bac70>] (dump_stack+0x70/0x8c)
[    9.927629] [<c08bac70>] (dump_stack) from [<c02474f4>] (warn_slowpath_common+0x74/0xac)
[    9.936123] [<c02474f4>] (warn_slowpath_common) from [<c0247548>] (warn_slowpath_null+0x1c/0x24)
[    9.945352] [<c0247548>] (warn_slowpath_null) from [<c02e5b0c>] (exit_mmap+0x1b8/0x224)
[    9.953762] [<c02e5b0c>] (exit_mmap) from [<c0244ebc>] (mmput+0x40/0xf8)
[    9.960802] [<c0244ebc>] (mmput) from [<c0302e88>] (flush_old_exec+0x32c/0x604)
[    9.968479] [<c0302e88>] (flush_old_exec) from [<c033f58c>] (load_elf_binary+0x2ec/0x112c)
[    9.977156] [<c033f58c>] (load_elf_binary) from [<c0302184>] (search_binary_handler+0x9c/0x240)
[    9.986291] [<c0302184>] (search_binary_handler) from [<c0303940>] (do_execveat_common+0x4d8/0x5bc)
[    9.995788] [<c0303940>] (do_execveat_common) from [<c0303a50>] (do_execve+0x2c/0x34)
[   10.004009] [<c0303a50>] (do_execve) from [<c020e720>] (ret_fast_syscall+0x0/0x34)
[   10.011954] ---[ end trace a1f0f63823e7416c ]---
[   10.018934] ------------[ cut here ]------------
[   10.023791] WARNING: CPU: 1 PID: 85 at mm/mmap.c:2859 exit_mmap+0x1b8/0x224()
[   10.031279] Modules linked in:
[   10.034489] CPU: 1 PID: 85 Comm: swapon Tainted: G        W       3.19.0-rc5-next-20150122-00002-g2ade5cea1b05 #1
[   10.045261] Hardware name: Generic DRA74X (Flattened Device Tree)
[   10.051665] [<c0215b6c>] (unwind_backtrace) from [<c021148c>] (show_stack+0x10/0x14)
[   10.059806] [<c021148c>] (show_stack) from [<c08bac70>] (dump_stack+0x70/0x8c)
[   10.067395] [<c08bac70>] (dump_stack) from [<c02474f4>] (warn_slowpath_common+0x74/0xac)
[   10.075900] [<c02474f4>] (warn_slowpath_common) from [<c0247548>] (warn_slowpath_null+0x1c/0x24)
[   10.085129] [<c0247548>] (warn_slowpath_null) from [<c02e5b0c>] (exit_mmap+0x1b8/0x224)
[   10.093536] [<c02e5b0c>] (exit_mmap) from [<c0244ebc>] (mmput+0x40/0xf8)
[   10.100577] [<c0244ebc>] (mmput) from [<c0249450>] (do_exit+0x288/0x914)
[   10.107618] [<c0249450>] (do_exit) from [<c0249bb4>] (do_group_exit+0x48/0xd0)
[   10.115204] [<c0249bb4>] (do_group_exit) from [<c0249c4c>] (__wake_up_parent+0x0/0x18)
[   10.123508] ---[ end trace a1f0f63823e7416d ]---
[   10.128795] ------------[ cut here ]------------
[   10.133653] WARNING: CPU: 0 PID: 83 at mm/mmap.c:2859 exit_mmap+0x1b8/0x224()
[   10.141147] Modules linked in:
[   10.144358] CPU: 0 PID: 83 Comm: rc Tainted: G        W       3.19.0-rc5-next-20150122-00002-g2ade5cea1b05 #1
[   10.154766] Hardware name: Generic DRA74X (Flattened Device Tree)
[   10.161172] [<c0215b6c>] (unwind_backtrace) from [<c021148c>] (show_stack+0x10/0x14)
[   10.169305] [<c021148c>] (show_stack) from [<c08bac70>] (dump_stack+0x70/0x8c)
[   10.176891] [<c08bac70>] (dump_stack) from [<c02474f4>] (warn_slowpath_common+0x74/0xac)
[   10.185390] [<c02474f4>] (warn_slowpath_common) from [<c0247548>] (warn_slowpath_null+0x1c/0x24)
[   10.194620] [<c0247548>] (warn_slowpath_null) from [<c02e5b0c>] (exit_mmap+0x1b8/0x224)
[   10.203028] [<c02e5b0c>] (exit_mmap) from [<c0244ebc>] (mmput+0x40/0xf8)
[   10.210063] [<c0244ebc>] (mmput) from [<c0249450>] (do_exit+0x288/0x914)
[   10.217102] [<c0249450>] (do_exit) from [<c0249bb4>] (do_group_exit+0x48/0xd0)
[   10.224689] [<c0249bb4>] (do_group_exit) from [<c0249c4c>] (__wake_up_parent+0x0/0x18)
[   10.233002] ---[ end trace a1f0f63823e7416e ]---
[   10.244025] ------------[ cut here ]------------
[   10.248893] WARNING: CPU: 1 PID: 86 at mm/mmap.c:2859 exit_mmap+0x1b8/0x224()
[   10.256385] Modules linked in:
[   10.259601] CPU: 1 PID: 86 Comm: rc Tainted: G        W       3.19.0-rc5-next-20150122-00002-g2ade5cea1b05 #1
[   10.270009] Hardware name: Generic DRA74X (Flattened Device Tree)
[   10.276410] [<c0215b6c>] (unwind_backtrace) from [<c021148c>] (show_stack+0x10/0x14)
[   10.284545] [<c021148c>] (show_stack) from [<c08bac70>] (dump_stack+0x70/0x8c)
[   10.292128] [<c08bac70>] (dump_stack) from [<c02474f4>] (warn_slowpath_common+0x74/0xac)
[   10.300625] [<c02474f4>] (warn_slowpath_common) from [<c0247548>] (warn_slowpath_null+0x1c/0x24)
[   10.309858] [<c0247548>] (warn_slowpath_null) from [<c02e5b0c>] (exit_mmap+0x1b8/0x224)
[   10.318262] [<c02e5b0c>] (exit_mmap) from [<c0244ebc>] (mmput+0x40/0xf8)
[   10.325299] [<c0244ebc>] (mmput) from [<c0302e88>] (flush_old_exec+0x32c/0x604)
[   10.332978] [<c0302e88>] (flush_old_exec) from [<c033f58c>] (load_elf_binary+0x2ec/0x112c)
[   10.341649] [<c033f58c>] (load_elf_binary) from [<c0302184>] (search_binary_handler+0x9c/0x240)
[   10.350785] [<c0302184>] (search_binary_handler) from [<c033eecc>] (load_script+0x260/0x27c)
[   10.359649] [<c033eecc>] (load_script) from [<c0302184>] (search_binary_handler+0x9c/0x240)
[   10.368417] [<c0302184>] (search_binary_handler) from [<c0303940>] (do_execveat_common+0x4d8/0x5bc)
[   10.377915] [<c0303940>] (do_execveat_common) from [<c0303a50>] (do_execve+0x2c/0x34)
[   10.386137] [<c0303a50>] (do_execve) from [<c020e720>] (ret_fast_syscall+0x0/0x34)
[   10.394084] ---[ end trace a1f0f63823e7416f ]---
Starting udev
[   10.407324] ------------[ cut here ]------------
[   10.412563] WARNING: CPU: 0 PID: 87 at mm/mmap.c:2859 exit_mmap+0x1b8/0x224()
[   10.420053] Modules linked in:
[   10.423265] CPU: 0 PID: 87 Comm: S04udev Tainted: G        W       3.19.0-rc5-next-20150122-00002-g2ade5cea1b05 #1
[   10.434119] Hardware name: Generic DRA74X (Flattened Device Tree)
[   10.440524] [<c0215b6c>] (unwind_backtrace) from [<c021148c>] (show_stack+0x10/0x14)
[   10.448658] [<c021148c>] (show_stack) from [<c08bac70>] (dump_stack+0x70/0x8c)
[   10.456244] [<c08bac70>] (dump_stack) from [<c02474f4>] (warn_slowpath_common+0x74/0xac)
[   10.464744] [<c02474f4>] (warn_slowpath_common) from [<c0247548>] (warn_slowpath_null+0x1c/0x24)
[   10.473968] [<c0247548>] (warn_slowpath_null) from [<c02e5b0c>] (exit_mmap+0x1b8/0x224)
[   10.482373] [<c02e5b0c>] (exit_mmap) from [<c0244ebc>] (mmput+0x40/0xf8)
[   10.489411] [<c0244ebc>] (mmput) from [<c0302e88>] (flush_old_exec+0x32c/0x604)
[   10.497088] [<c0302e88>] (flush_old_exec) from [<c033f58c>] (load_elf_binary+0x2ec/0x112c)
[   10.505765] [<c033f58c>] (load_elf_binary) from [<c0302184>] (search_binary_handler+0x9c/0x240)
[   10.514898] [<c0302184>] (search_binary_handler) from [<c0303940>] (do_execveat_common+0x4d8/0x5bc)
[   10.524395] [<c0303940>] (do_execveat_common) from [<c0303a50>] (do_execve+0x2c/0x34)
[   10.532616] [<c0303a50>] (do_execve) from [<c020e720>] (ret_fast_syscall+0x0/0x34)
[   10.540565] ---[ end trace a1f0f63823e74170 ]---
[   10.546760] ------------[ cut here ]------------
[   10.551626] WARNING: CPU: 1 PID: 87 at mm/mmap.c:2859 exit_mmap+0x1b8/0x224()
[   10.559117] Modules linked in:
[   10.562325] CPU: 1 PID: 87 Comm: grep Tainted: G        W       3.19.0-rc5-next-20150122-00002-g2ade5cea1b05 #1
[   10.572918] Hardware name: Generic DRA74X (Flattened Device Tree)
[   10.579323] [<c0215b6c>] (unwind_backtrace) from [<c021148c>] (show_stack+0x10/0x14)
[   10.587464] [<c021148c>] (show_stack) from [<c08bac70>] (dump_stack+0x70/0x8c)
[   10.595055] [<c08bac70>] (dump_stack) from [<c02474f4>] (warn_slowpath_common+0x74/0xac)
[   10.603548] [<c02474f4>] (warn_slowpath_common) from [<c0247548>] (warn_slowpath_null+0x1c/0x24)
[   10.612775] [<c0247548>] (warn_slowpath_null) from [<c02e5b0c>] (exit_mmap+0x1b8/0x224)
[   10.621178] [<c02e5b0c>] (exit_mmap) from [<c0244ebc>] (mmput+0x40/0xf8)
[   10.628219] [<c0244ebc>] (mmput) from [<c0249450>] (do_exit+0x288/0x914)
[   10.635258] [<c0249450>] (do_exit) from [<c0249bb4>] (do_group_exit+0x48/0xd0)
[   10.642843] [<c0249bb4>] (do_group_exit) from [<c0249c4c>] (__wake_up_parent+0x0/0x18)
[   10.651154] ---[ end trace a1f0f63823e74171 ]---
[   10.681736] ------------[ cut here ]------------
[   10.686593] WARNING: CPU: 0 PID: 88 at mm/mmap.c:2859 exit_mmap+0x1b8/0x224()
[   10.694080] Modules linked in:
[   10.697284] CPU: 0 PID: 88 Comm: S04udev Tainted: G        W       3.19.0-rc5-next-20150122-00002-g2ade5cea1b05 #1
[   10.708145] Hardware name: Generic DRA74X (Flattened Device Tree)
[   10.714549] [<c0215b6c>] (unwind_backtrace) from [<c021148c>] (show_stack+0x10/0x14)
[   10.722680] [<c021148c>] (show_stack) from [<c08bac70>] (dump_stack+0x70/0x8c)
[   10.730265] [<c08bac70>] (dump_stack) from [<c02474f4>] (warn_slowpath_common+0x74/0xac)
[   10.738761] [<c02474f4>] (warn_slowpath_common) from [<c0247548>] (warn_slowpath_null+0x1c/0x24)
[   10.747991] [<c0247548>] (warn_slowpath_null) from [<c02e5b0c>] (exit_mmap+0x1b8/0x224)
[   10.756394] [<c02e5b0c>] (exit_mmap) from [<c0244ebc>] (mmput+0x40/0xf8)
[   10.763430] [<c0244ebc>] (mmput) from [<c0302e88>] (flush_old_exec+0x32c/0x604)
[   10.771103] [<c0302e88>] (flush_old_exec) from [<c033f58c>] (load_elf_binary+0x2ec/0x112c)
[   10.779786] [<c033f58c>] (load_elf_binary) from [<c0302184>] (search_binary_handler+0x9c/0x240)
[   10.788921] [<c0302184>] (search_binary_handler) from [<c0303940>] (do_execveat_common+0x4d8/0x5bc)
[   10.798422] [<c0303940>] (do_execveat_common) from [<c0303a50>] (do_execve+0x2c/0x34)
[   10.806642] [<c0303a50>] (do_execve) from [<c020e720>] (ret_fast_syscall+0x0/0x34)
[   10.814589] ---[ end trace a1f0f63823e74172 ]---
[   10.820900] ------------[ cut here ]------------
[   10.825758] WARNING: CPU: 1 PID: 88 at mm/mmap.c:2859 exit_mmap+0x1b8/0x224()
[   10.833249] Modules linked in:
[   10.836458] CPU: 1 PID: 88 Comm: awk Tainted: G        W       3.19.0-rc5-next-20150122-00002-g2ade5cea1b05 #1
[   10.846954] Hardware name: Generic DRA74X (Flattened Device Tree)
[   10.853360] [<c0215b6c>] (unwind_backtrace) from [<c021148c>] (show_stack+0x10/0x14)
[   10.861496] [<c021148c>] (show_stack) from [<c08bac70>] (dump_stack+0x70/0x8c)
[   10.869080] [<c08bac70>] (dump_stack) from [<c02474f4>] (warn_slowpath_common+0x74/0xac)
[   10.877579] [<c02474f4>] (warn_slowpath_common) from [<c0247548>] (warn_slowpath_null+0x1c/0x24)
[   10.886810] [<c0247548>] (warn_slowpath_null) from [<c02e5b0c>] (exit_mmap+0x1b8/0x224)
[   10.895214] [<c02e5b0c>] (exit_mmap) from [<c0244ebc>] (mmput+0x40/0xf8)
[   10.902254] [<c0244ebc>] (mmput) from [<c0249450>] (do_exit+0x288/0x914)
[   10.909291] [<c0249450>] (do_exit) from [<c0249bb4>] (do_group_exit+0x48/0xd0)
[   10.916878] [<c0249bb4>] (do_group_exit) from [<c0249c4c>] (__wake_up_parent+0x0/0x18)
[   10.925192] ---[ end trace a1f0f63823e74173 ]---
[   10.932376] ------------[ cut here ]------------
[   10.937235] WARNING: CPU: 0 PID: 89 at mm/mmap.c:2859 exit_mmap+0x1b8/0x224()
[   10.944735] Modules linked in:
[   10.947947] CPU: 0 PID: 89 Comm: S04udev Tainted: G        W       3.19.0-rc5-next-20150122-00002-g2ade5cea1b05 #1
[   10.958808] Hardware name: Generic DRA74X (Flattened Device Tree)
[   10.965209] [<c0215b6c>] (unwind_backtrace) from [<c021148c>] (show_stack+0x10/0x14)
[   10.973344] [<c021148c>] (show_stack) from [<c08bac70>] (dump_stack+0x70/0x8c)
[   10.980927] [<c08bac70>] (dump_stack) from [<c02474f4>] (warn_slowpath_common+0x74/0xac)
[   10.989430] [<c02474f4>] (warn_slowpath_common) from [<c0247548>] (warn_slowpath_null+0x1c/0x24)
[   10.998657] [<c0247548>] (warn_slowpath_null) from [<c02e5b0c>] (exit_mmap+0x1b8/0x224)
[   11.007056] [<c02e5b0c>] (exit_mmap) from [<c0244ebc>] (mmput+0x40/0xf8)
[   11.014094] [<c0244ebc>] (mmput) from [<c0302e88>] (flush_old_exec+0x32c/0x604)
[   11.021769] [<c0302e88>] (flush_old_exec) from [<c033f58c>] (load_elf_binary+0x2ec/0x112c)
[   11.030445] [<c033f58c>] (load_elf_binary) from [<c0302184>] (search_binary_handler+0x9c/0x240)
[   11.039579] [<c0302184>] (search_binary_handler) from [<c0303940>] (do_execveat_common+0x4d8/0x5bc)
[   11.049078] [<c0303940>] (do_execveat_common) from [<c0303a50>] (do_execve+0x2c/0x34)
[   11.057300] [<c0303a50>] (do_execve) from [<c020e720>] (ret_fast_syscall+0x0/0x34)
[   11.065242] ---[ end trace a1f0f63823e74174 ]---
[   11.071258] ------------[ cut here ]------------
[   11.076124] WARNING: CPU: 1 PID: 89 at mm/mmap.c:2859 exit_mmap+0x1b8/0x224()
[   11.083614] Modules linked in:
[   11.086822] CPU: 1 PID: 89 Comm: mkdir Tainted: G        W       3.19.0-rc5-next-20150122-00002-g2ade5cea1b05 #1
[   11.097515] Hardware name: Generic DRA74X (Flattened Device Tree)
[   11.103922] [<c0215b6c>] (unwind_backtrace) from [<c021148c>] (show_stack+0x10/0x14)
[   11.112063] [<c021148c>] (show_stack) from [<c08bac70>] (dump_stack+0x70/0x8c)
[   11.119653] [<c08bac70>] (dump_stack) from [<c02474f4>] (warn_slowpath_common+0x74/0xac)
[   11.128157] [<c02474f4>] (warn_slowpath_common) from [<c0247548>] (warn_slowpath_null+0x1c/0x24)
[   11.137395] [<c0247548>] (warn_slowpath_null) from [<c02e5b0c>] (exit_mmap+0x1b8/0x224)
[   11.145817] [<c02e5b0c>] (exit_mmap) from [<c0244ebc>] (mmput+0x40/0xf8)
[   11.152861] [<c0244ebc>] (mmput) from [<c0249450>] (do_exit+0x288/0x914)
[   11.159902] [<c0249450>] (do_exit) from [<c0249bb4>] (do_group_exit+0x48/0xd0)
[   11.167491] [<c0249bb4>] (do_group_exit) from [<c0249c4c>] (__wake_up_parent+0x0/0x18)
[   11.175801] ---[ end trace a1f0f63823e74175 ]---
[   11.181628] ------------[ cut here ]------------
[   11.186484] WARNING: CPU: 0 PID: 90 at mm/mmap.c:2859 exit_mmap+0x1b8/0x224()
[   11.193976] Modules linked in:
[   11.197184] CPU: 0 PID: 90 Comm: S04udev Tainted: G        W       3.19.0-rc5-next-20150122-00002-g2ade5cea1b05 #1
[   11.208041] Hardware name: Generic DRA74X (Flattened Device Tree)
[   11.214441] [<c0215b6c>] (unwind_backtrace) from [<c021148c>] (show_stack+0x10/0x14)
[   11.222576] [<c021148c>] (show_stack) from [<c08bac70>] (dump_stack+0x70/0x8c)
[   11.230160] [<c08bac70>] (dump_stack) from [<c02474f4>] (warn_slowpath_common+0x74/0xac)
[   11.238653] [<c02474f4>] (warn_slowpath_common) from [<c0247548>] (warn_slowpath_null+0x1c/0x24)
[   11.247883] [<c0247548>] (warn_slowpath_null) from [<c02e5b0c>] (exit_mmap+0x1b8/0x224)
[   11.256285] [<c02e5b0c>] (exit_mmap) from [<c0244ebc>] (mmput+0x40/0xf8)
[   11.263325] [<c0244ebc>] (mmput) from [<c0302e88>] (flush_old_exec+0x32c/0x604)
[   11.271001] [<c0302e88>] (flush_old_exec) from [<c033f58c>] (load_elf_binary+0x2ec/0x112c)
[   11.279676] [<c033f58c>] (load_elf_binary) from [<c0302184>] (search_binary_handler+0x9c/0x240)
[   11.288812] [<c0302184>] (search_binary_handler) from [<c0303940>] (do_execveat_common+0x4d8/0x5bc)
[   11.298308] [<c0303940>] (do_execveat_common) from [<c0303a50>] (do_execve+0x2c/0x34)
[   11.306529] [<c0303a50>] (do_execve) from [<c020e720>] (ret_fast_syscall+0x0/0x34)
[   11.314471] ---[ end trace a1f0f63823e74176 ]---
[   11.320444] ------------[ cut here ]------------
[   11.325303] WARNING: CPU: 1 PID: 90 at mm/mmap.c:2859 exit_mmap+0x1b8/0x224()
[   11.332800] Modules linked in:
[   11.336004] CPU: 1 PID: 90 Comm: mkdir Tainted: G        W       3.19.0-rc5-next-20150122-00002-g2ade5cea1b05 #1
[   11.346693] Hardware name: Generic DRA74X (Flattened Device Tree)
[   11.353104] [<c0215b6c>] (unwind_backtrace) from [<c021148c>] (show_stack+0x10/0x14)
[   11.361243] [<c021148c>] (show_stack) from [<c08bac70>] (dump_stack+0x70/0x8c)
[   11.368837] [<c08bac70>] (dump_stack) from [<c02474f4>] (warn_slowpath_common+0x74/0xac)
[   11.377342] [<c02474f4>] (warn_slowpath_common) from [<c0247548>] (warn_slowpath_null+0x1c/0x24)
[   11.386572] [<c0247548>] (warn_slowpath_null) from [<c02e5b0c>] (exit_mmap+0x1b8/0x224)
[   11.394981] [<c02e5b0c>] (exit_mmap) from [<c0244ebc>] (mmput+0x40/0xf8)
[   11.402022] [<c0244ebc>] (mmput) from [<c0249450>] (do_exit+0x288/0x914)
[   11.409062] [<c0249450>] (do_exit) from [<c0249bb4>] (do_group_exit+0x48/0xd0)
[   11.416645] [<c0249bb4>] (do_group_exit) from [<c0249c4c>] (__wake_up_parent+0x0/0x18)
[   11.424955] ---[ end trace a1f0f63823e74177 ]---
[   11.430742] ------------[ cut here ]------------
[   11.435599] WARNING: CPU: 0 PID: 91 at mm/mmap.c:2859 exit_mmap+0x1b8/0x224()
[   11.443093] Modules linked in:
[   11.446301] CPU: 0 PID: 91 Comm: S04udev Tainted: G        W       3.19.0-rc5-next-20150122-00002-g2ade5cea1b05 #1
[   11.457160] Hardware name: Generic DRA74X (Flattened Device Tree)
[   11.463563] [<c0215b6c>] (unwind_backtrace) from [<c021148c>] (show_stack+0x10/0x14)
[   11.471696] [<c021148c>] (show_stack) from [<c08bac70>] (dump_stack+0x70/0x8c)
[   11.479283] [<c08bac70>] (dump_stack) from [<c02474f4>] (warn_slowpath_common+0x74/0xac)
[   11.487779] [<c02474f4>] (warn_slowpath_common) from [<c0247548>] (warn_slowpath_null+0x1c/0x24)
[   11.497002] [<c0247548>] (warn_slowpath_null) from [<c02e5b0c>] (exit_mmap+0x1b8/0x224)
[   11.505406] [<c02e5b0c>] (exit_mmap) from [<c0244ebc>] (mmput+0x40/0xf8)
[   11.512442] [<c0244ebc>] (mmput) from [<c0302e88>] (flush_old_exec+0x32c/0x604)
[   11.520120] [<c0302e88>] (flush_old_exec) from [<c033f58c>] (load_elf_binary+0x2ec/0x112c)
[   11.528797] [<c033f58c>] (load_elf_binary) from [<c0302184>] (search_binary_handler+0x9c/0x240)
[   11.537940] [<c0302184>] (search_binary_handler) from [<c0303940>] (do_execveat_common+0x4d8/0x5bc)
[   11.547441] [<c0303940>] (do_execveat_common) from [<c0303a50>] (do_execve+0x2c/0x34)
[   11.555665] [<c0303a50>] (do_execve) from [<c020e720>] (ret_fast_syscall+0x0/0x34)
[   11.563612] ---[ end trace a1f0f63823e74178 ]---
[   11.569592] ------------[ cut here ]------------
[   11.574456] WARNING: CPU: 1 PID: 91 at mm/mmap.c:2859 exit_mmap+0x1b8/0x224()
[   11.581954] Modules linked in:
[   11.585174] CPU: 1 PID: 91 Comm: mkdir Tainted: G        W       3.19.0-rc5-next-20150122-00002-g2ade5cea1b05 #1
[   11.595856] Hardware name: Generic DRA74X (Flattened Device Tree)
[   11.602266] [<c0215b6c>] (unwind_backtrace) from [<c021148c>] (show_stack+0x10/0x14)
[   11.610407] [<c021148c>] (show_stack) from [<c08bac70>] (dump_stack+0x70/0x8c)
[   11.617999] [<c08bac70>] (dump_stack) from [<c02474f4>] (warn_slowpath_common+0x74/0xac)
[   11.626498] [<c02474f4>] (warn_slowpath_common) from [<c0247548>] (warn_slowpath_null+0x1c/0x24)
[   11.635727] [<c0247548>] (warn_slowpath_null) from [<c02e5b0c>] (exit_mmap+0x1b8/0x224)
[   11.644133] [<c02e5b0c>] (exit_mmap) from [<c0244ebc>] (mmput+0x40/0xf8)
[   11.651172] [<c0244ebc>] (mmput) from [<c0249450>] (do_exit+0x288/0x914)
[   11.658214] [<c0249450>] (do_exit) from [<c0249bb4>] (do_group_exit+0x48/0xd0)
[   11.665798] [<c0249bb4>] (do_group_exit) from [<c0249c4c>] (__wake_up_parent+0x0/0x18)
[   11.674106] ---[ end trace a1f0f63823e74179 ]---
[   11.699940] ------------[ cut here ]------------
[   11.704803] WARNING: CPU: 0 PID: 92 at mm/mmap.c:2859 exit_mmap+0x1b8/0x224()
[   11.712296] Modules linked in:
[   11.715515] CPU: 0 PID: 92 Comm: S04udev Tainted: G        W       3.19.0-rc5-next-20150122-00002-g2ade5cea1b05 #1
[   11.726384] Hardware name: Generic DRA74X (Flattened Device Tree)
[   11.732793] [<c0215b6c>] (unwind_backtrace) from [<c021148c>] (show_stack+0x10/0x14)
[   11.740936] [<c021148c>] (show_stack) from [<c08bac70>] (dump_stack+0x70/0x8c)
[   11.748536] [<c08bac70>] (dump_stack) from [<c02474f4>] (warn_slowpath_common+0x74/0xac)
[   11.757036] [<c02474f4>] (warn_slowpath_common) from [<c0247548>] (warn_slowpath_null+0x1c/0x24)
[   11.766271] [<c0247548>] (warn_slowpath_null) from [<c02e5b0c>] (exit_mmap+0x1b8/0x224)
[   11.774681] [<c02e5b0c>] (exit_mmap) from [<c0244ebc>] (mmput+0x40/0xf8)
[   11.781730] [<c0244ebc>] (mmput) from [<c0302e88>] (flush_old_exec+0x32c/0x604)
[   11.789415] [<c0302e88>] (flush_old_exec) from [<c033f58c>] (load_elf_binary+0x2ec/0x112c)
[   11.798089] [<c033f58c>] (load_elf_binary) from [<c0302184>] (search_binary_handler+0x9c/0x240)
[   11.807224] [<c0302184>] (search_binary_handler) from [<c0303940>] (do_execveat_common+0x4d8/0x5bc)
[   11.816724] [<c0303940>] (do_execveat_common) from [<c0303a50>] (do_execve+0x2c/0x34)
[   11.824944] [<c0303a50>] (do_execve) from [<c020e720>] (ret_fast_syscall+0x0/0x34)
[   11.832888] ---[ end trace a1f0f63823e7417a ]---
[   11.845613] ------------[ cut here ]------------
[   11.850477] WARNING: CPU: 1 PID: 92 at mm/mmap.c:2859 exit_mmap+0x1b8/0x224()
[   11.857972] Modules linked in:
[   11.861176] CPU: 1 PID: 92 Comm: pidof Tainted: G        W       3.19.0-rc5-next-20150122-00002-g2ade5cea1b05 #1
[   11.871866] Hardware name: Generic DRA74X (Flattened Device Tree)
[   11.878279] [<c0215b6c>] (unwind_backtrace) from [<c021148c>] (show_stack+0x10/0x14)
[   11.886418] [<c021148c>] (show_stack) from [<c08bac70>] (dump_stack+0x70/0x8c)
[   11.894013] [<c08bac70>] (dump_stack) from [<c02474f4>] (warn_slowpath_common+0x74/0xac)
[   11.902524] [<c02474f4>] (warn_slowpath_common) from [<c0247548>] (warn_slowpath_null+0x1c/0x24)
[   11.911755] [<c0247548>] (warn_slowpath_null) from [<c02e5b0c>] (exit_mmap+0x1b8/0x224)
[   11.920167] [<c02e5b0c>] (exit_mmap) from [<c0244ebc>] (mmput+0x40/0xf8)
[   11.927214] [<c0244ebc>] (mmput) from [<c0249450>] (do_exit+0x288/0x914)
[   11.934257] [<c0249450>] (do_exit) from [<c0249bb4>] (do_group_exit+0x48/0xd0)
[   11.941849] [<c0249bb4>] (do_group_exit) from [<c0249c4c>] (__wake_up_parent+0x0/0x18)
[   11.950163] ---[ end trace a1f0f63823e7417b ]---
[   11.958631] ------------[ cut here ]------------
[   11.963488] WARNING: CPU: 0 PID: 93 at mm/mmap.c:2859 exit_mmap+0x1b8/0x224()
[   11.970978] Modules linked in:
[   11.974190] CPU: 0 PID: 93 Comm: S04udev Tainted: G        W       3.19.0-rc5-next-20150122-00002-g2ade5cea1b05 #1
[   11.985048] Hardware name: Generic DRA74X (Flattened Device Tree)
[   11.991450] [<c0215b6c>] (unwind_backtrace) from [<c021148c>] (show_stack+0x10/0x14)
[   11.999586] [<c021148c>] (show_stack) from [<c08bac70>] (dump_stack+0x70/0x8c)
[   12.007173] [<c08bac70>] (dump_stack) from [<c02474f4>] (warn_slowpath_common+0x74/0xac)
[   12.015675] [<c02474f4>] (warn_slowpath_common) from [<c0247548>] (warn_slowpath_null+0x1c/0x24)
[   12.024898] [<c0247548>] (warn_slowpath_null) from [<c02e5b0c>] (exit_mmap+0x1b8/0x224)
[   12.033303] [<c02e5b0c>] (exit_mmap) from [<c0244ebc>] (mmput+0x40/0xf8)
[   12.040337] [<c0244ebc>] (mmput) from [<c0302e88>] (flush_old_exec+0x32c/0x604)
[   12.048013] [<c0302e88>] (flush_old_exec) from [<c033f58c>] (load_elf_binary+0x2ec/0x112c)
[   12.056688] [<c033f58c>] (load_elf_binary) from [<c0302184>] (search_binary_handler+0x9c/0x240)
[   12.065827] [<c0302184>] (search_binary_handler) from [<c0303940>] (do_execveat_common+0x4d8/0x5bc)
[   12.075324] [<c0303940>] (do_execveat_common) from [<c0303a50>] (do_execve+0x2c/0x34)
[   12.083550] [<c0303a50>] (do_execve) from [<c020e720>] (ret_fast_syscall+0x0/0x34)
[   12.091501] ---[ end trace a1f0f63823e7417c ]---
[   12.146899] udevd[94]: starting version 182
[   12.154607] ------------[ cut here ]------------
[   12.159466] WARNING: CPU: 1 PID: 93 at mm/mmap.c:2859 exit_mmap+0x1b8/0x224()
[   12.166946] Modules linked in:
[   12.170164] CPU: 1 PID: 93 Comm: udevd Tainted: G        W       3.19.0-rc5-next-20150122-00002-g2ade5cea1b05 #1
[   12.180836] Hardware name: Generic DRA74X (Flattened Device Tree)
[   12.187234] [<c0215b6c>] (unwind_backtrace) from [<c021148c>] (show_stack+0x10/0x14)
[   12.195357] [<c021148c>] (show_stack) from [<c08bac70>] (dump_stack+0x70/0x8c)
[   12.202942] [<c08bac70>] (dump_stack) from [<c02474f4>] (warn_slowpath_common+0x74/0xac)
[   12.211437] [<c02474f4>] (warn_slowpath_common) from [<c0247548>] (warn_slowpath_null+0x1c/0x24)
[   12.220667] [<c0247548>] (warn_slowpath_null) from [<c02e5b0c>] (exit_mmap+0x1b8/0x224)
[   12.229073] [<c02e5b0c>] (exit_mmap) from [<c0244ebc>] (mmput+0x40/0xf8)
[   12.236114] [<c0244ebc>] (mmput) from [<c0249450>] (do_exit+0x288/0x914)
[   12.243151] [<c0249450>] (do_exit) from [<c0249bb4>] (do_group_exit+0x48/0xd0)
[   12.250736] [<c0249bb4>] (do_group_exit) from [<c0249c4c>] (__wake_up_parent+0x0/0x18)
[   12.259049] ---[ end trace a1f0f63823e7417d ]---
[   12.266725] ------------[ cut here ]------------
[   12.271589] WARNING: CPU: 0 PID: 95 at mm/mmap.c:2859 exit_mmap+0x1b8/0x224()
[   12.279088] Modules linked in:
[   12.282293] CPU: 0 PID: 95 Comm: S04udev Tainted: G        W       3.19.0-rc5-next-20150122-00002-g2ade5cea1b05 #1
[   12.293159] Hardware name: Generic DRA74X (Flattened Device Tree)
[   12.299566] [<c0215b6c>] (unwind_backtrace) from [<c021148c>] (show_stack+0x10/0x14)
[   12.307705] [<c021148c>] (show_stack) from [<c08bac70>] (dump_stack+0x70/0x8c)
[   12.315289] [<c08bac70>] (dump_stack) from [<c02474f4>] (warn_slowpath_common+0x74/0xac)
[   12.323788] [<c02474f4>] (warn_slowpath_common) from [<c0247548>] (warn_slowpath_null+0x1c/0x24)
[   12.333012] [<c0247548>] (warn_slowpath_null) from [<c02e5b0c>] (exit_mmap+0x1b8/0x224)
[   12.341420] [<c02e5b0c>] (exit_mmap) from [<c0244ebc>] (mmput+0x40/0xf8)
[   12.348458] [<c0244ebc>] (mmput) from [<c0302e88>] (flush_old_exec+0x32c/0x604)
[   12.356136] [<c0302e88>] (flush_old_exec) from [<c033f58c>] (load_elf_binary+0x2ec/0x112c)
[   12.364812] [<c033f58c>] (load_elf_binary) from [<c0302184>] (search_binary_handler+0x9c/0x240)
[   12.373945] [<c0302184>] (search_binary_handler) from [<c0303940>] (do_execveat_common+0x4d8/0x5bc)
[   12.383446] [<c0303940>] (do_execveat_common) from [<c0303a50>] (do_execve+0x2c/0x34)
[   12.391673] [<c0303a50>] (do_execve) from [<c020e720>] (ret_fast_syscall+0x0/0x34)
[   12.399619] ---[ end trace a1f0f63823e7417e ]---
[   12.413259] ------------[ cut here ]------------
[   12.418124] WARNING: CPU: 1 PID: 95 at mm/mmap.c:2859 exit_mmap+0x1b8/0x224()
[   12.425618] Modules linked in:
[   12.428838] CPU: 1 PID: 95 Comm: udevadm Tainted: G        W       3.19.0-rc5-next-20150122-00002-g2ade5cea1b05 #1
[   12.439708] Hardware name: Generic DRA74X (Flattened Device Tree)
[   12.446124] [<c0215b6c>] (unwind_backtrace) from [<c021148c>] (show_stack+0x10/0x14)
[   12.454268] [<c021148c>] (show_stack) from [<c08bac70>] (dump_stack+0x70/0x8c)
[   12.461859] [<c08bac70>] (dump_stack) from [<c02474f4>] (warn_slowpath_common+0x74/0xac)
[   12.470357] [<c02474f4>] (warn_slowpath_common) from [<c0247548>] (warn_slowpath_null+0x1c/0x24)
[   12.479591] [<c0247548>] (warn_slowpath_null) from [<c02e5b0c>] (exit_mmap+0x1b8/0x224)
[   12.487989] [<c02e5b0c>] (exit_mmap) from [<c0244ebc>] (mmput+0x40/0xf8)
[   12.495020] [<c0244ebc>] (mmput) from [<c0249450>] (do_exit+0x288/0x914)
[   12.502052] [<c0249450>] (do_exit) from [<c0249bb4>] (do_group_exit+0x48/0xd0)
[   12.509634] [<c0249bb4>] (do_group_exit) from [<c0249c4c>] (__wake_up_parent+0x0/0x18)
[   12.517941] ---[ end trace a1f0f63823e7417f ]---
[   12.523999] ------------[ cut here ]------------
[   12.528856] WARNING: CPU: 0 PID: 96 at mm/mmap.c:2859 exit_mmap+0x1b8/0x224()
[   12.536341] Modules linked in:
[   12.539556] CPU: 0 PID: 96 Comm: S04udev Tainted: G        W       3.19.0-rc5-next-20150122-00002-g2ade5cea1b05 #1
[   12.550414] Hardware name: Generic DRA74X (Flattened Device Tree)
[   12.556818] [<c0215b6c>] (unwind_backtrace) from [<c021148c>] (show_stack+0x10/0x14)
[   12.564942] [<c021148c>] (show_stack) from [<c08bac70>] (dump_stack+0x70/0x8c)
[   12.572526] [<c08bac70>] (dump_stack) from [<c02474f4>] (warn_slowpath_common+0x74/0xac)
[   12.581020] [<c02474f4>] (warn_slowpath_common) from [<c0247548>] (warn_slowpath_null+0x1c/0x24)
[   12.590240] [<c0247548>] (warn_slowpath_null) from [<c02e5b0c>] (exit_mmap+0x1b8/0x224)
[   12.598643] [<c02e5b0c>] (exit_mmap) from [<c0244ebc>] (mmput+0x40/0xf8)
[   12.605679] [<c0244ebc>] (mmput) from [<c0302e88>] (flush_old_exec+0x32c/0x604)
[   12.613350] [<c0302e88>] (flush_old_exec) from [<c033f58c>] (load_elf_binary+0x2ec/0x112c)
[   12.622017] [<c033f58c>] (load_elf_binary) from [<c0302184>] (search_binary_handler+0x9c/0x240)
[   12.631153] [<c0302184>] (search_binary_handler) from [<c0303940>] (do_execveat_common+0x4d8/0x5bc)
[   12.640645] [<c0303940>] (do_execveat_common) from [<c0303a50>] (do_execve+0x2c/0x34)
[   12.648864] [<c0303a50>] (do_execve) from [<c020e720>] (ret_fast_syscall+0x0/0x34)
[   12.656806] ---[ end trace a1f0f63823e74180 ]---
[   12.720315] ------------[ cut here ]------------
[   12.725198] WARNING: CPU: 1 PID: 100 at mm/mmap.c:2859 exit_mmap+0x1b8/0x224()
[   12.732774] Modules linked in:
[   12.735981] CPU: 1 PID: 100 Comm: udevd Tainted: G        W       3.19.0-rc5-next-20150122-00002-g2ade5cea1b05 #1
[   12.746743] Hardware name: Generic DRA74X (Flattened Device Tree)
[   12.753156] [<c0215b6c>] (unwind_backtrace) from [<c021148c>] (show_stack+0x10/0x14)
[   12.761319] [<c021148c>] (show_stack) from [<c08bac70>] (dump_stack+0x70/0x8c)
[   12.768925] [<c08bac70>] (dump_stack) from [<c02474f4>] (warn_slowpath_common+0x74/0xac)
[   12.777456] [<c02474f4>] (warn_slowpath_common) from [<c0247548>] (warn_slowpath_null+0x1c/0x24)
[   12.786702] [<c0247548>] (warn_slowpath_null) from [<c02e5b0c>] (exit_mmap+0x1b8/0x224)
[   12.795118] [<c02e5b0c>] (exit_mmap) from [<c0244ebc>] (mmput+0x40/0xf8)
[   12.802170] [<c0244ebc>] (mmput) from [<c0302e88>] (flush_old_exec+0x32c/0x604)
[   12.809868] [<c0302e88>] (flush_old_exec) from [<c033f58c>] (load_elf_binary+0x2ec/0x112c)
[   12.818559] [<c033f58c>] (load_elf_binary) from [<c0302184>] (search_binary_handler+0x9c/0x240)
[   12.819368] ------------[ cut here ]------------
[   12.819380] WARNING: CPU: 0 PID: 117 at mm/mmap.c:2859 exit_mmap+0x1b8/0x224()
[   12.819384] Modules linked in:
[   12.843328] [<c0302184>] (search_binary_handler) from [<c0303940>] (do_execveat_common+0x4d8/0x5bc)
[   12.852825] [<c0303940>] (do_execveat_common) from [<c0303a50>] (do_execve+0x2c/0x34)
[   12.861053] [<c0303a50>] (do_execve) from [<c020e720>] (ret_fast_syscall+0x0/0x34)
[   12.868999] ---[ end trace a1f0f63823e74181 ]---
[   12.869004] CPU: 0 PID: 117 Comm: udevd Tainted: G        W       3.19.0-rc5-next-20150122-00002-g2ade5cea1b05 #1
[   12.869008] Hardware name: Generic DRA74X (Flattened Device Tree)
[   12.869024] [<c0215b6c>] (unwind_backtrace) from [<c021148c>] (show_stack+0x10/0x14)
[   12.869036] [<c021148c>] (show_stack) from [<c08bac70>] (dump_stack+0x70/0x8c)
[   12.869046] [<c08bac70>] (dump_stack) from [<c02474f4>] (warn_slowpath_common+0x74/0xac)
[   12.869053] [<c02474f4>] (warn_slowpath_common) from [<c0247548>] (warn_slowpath_null+0x1c/0x24)
[   12.869060] [<c0247548>] (warn_slowpath_null) from [<c02e5b0c>] (exit_mmap+0x1b8/0x224)
[   12.869068] [<c02e5b0c>] (exit_mmap) from [<c0244ebc>] (mmput+0x40/0xf8)
[   12.869074] [<c0244ebc>] (mmput) from [<c0302e88>] (flush_old_exec+0x32c/0x604)
[   12.869081] [<c0302e88>] (flush_old_exec) from [<c033f58c>] (load_elf_binary+0x2ec/0x112c)
[   12.869087] [<c033f58c>] (load_elf_binary) from [<c0302184>] (search_binary_handler+0x9c/0x240)
[   12.869093] [<c0302184>] (search_binary_handler) from [<c0303940>] (do_execveat_common+0x4d8/0x5bc)
[   12.869098] [<c0303940>] (do_execveat_common) from [<c0303a50>] (do_execve+0x2c/0x34)
[   12.869105] [<c0303a50>] (do_execve) from [<c020e720>] (ret_fast_syscall+0x0/0x34)
[   12.869108] ---[ end trace a1f0f63823e74182 ]---
[   12.869992] ------------[ cut here ]------------
[   12.870000] WARNING: CPU: 0 PID: 118 at mm/mmap.c:2859 exit_mmap+0x1b8/0x224()
[   12.870003] Modules linked in:
[   12.870008] CPU: 0 PID: 118 Comm: udevd Tainted: G        W       3.19.0-rc5-next-20150122-00002-g2ade5cea1b05 #1
[   12.870010] Hardware name: Generic DRA74X (Flattened Device Tree)
[   12.870021] [<c0215b6c>] (unwind_backtrace) from [<c021148c>] (show_stack+0x10/0x14)
[   12.870029] [<c021148c>] (show_stack) from [<c08bac70>] (dump_stack+0x70/0x8c)
[   12.870037] [<c08bac70>] (dump_stack) from [<c02474f4>] (warn_slowpath_common+0x74/0xac)
[   12.870044] [<c02474f4>] (warn_slowpath_common) from [<c0247548>] (warn_slowpath_null+0x1c/0x24)
[   12.870051] [<c0247548>] (warn_slowpath_null) from [<c02e5b0c>] (exit_mmap+0x1b8/0x224)
[   12.870058] [<c02e5b0c>] (exit_mmap) from [<c0244ebc>] (mmput+0x40/0xf8)
[   12.870064] [<c0244ebc>] (mmput) from [<c0302e88>] (flush_old_exec+0x32c/0x604)
[   12.870070] [<c0302e88>] (flush_old_exec) from [<c033f58c>] (load_elf_binary+0x2ec/0x112c)
[   12.870075] [<c033f58c>] (load_elf_binary) from [<c0302184>] (search_binary_handler+0x9c/0x240)
[   12.870082] [<c0302184>] (search_binary_handler) from [<c0303940>] (do_execveat_common+0x4d8/0x5bc)
[   12.870088] [<c0303940>] (do_execveat_common) from [<c0303a50>] (do_execve+0x2c/0x34)
[   12.870094] [<c0303a50>] (do_execve) from [<c020e720>] (ret_fast_syscall+0x0/0x34)
[   12.870097] ---[ end trace a1f0f63823e74183 ]---
[   12.898366] ------------[ cut here ]------------
[   12.898380] WARNING: CPU: 0 PID: 129 at mm/mmap.c:2859 exit_mmap+0x1b8/0x224()
[   12.898384] Modules linked in:
[   12.898390] CPU: 0 PID: 129 Comm: udevd Tainted: G        W       3.19.0-rc5-next-20150122-00002-g2ade5cea1b05 #1
[   12.898392] Hardware name: Generic DRA74X (Flattened Device Tree)
[   12.898407] [<c0215b6c>] (unwind_backtrace) from [<c021148c>] (show_stack+0x10/0x14)
[   12.898419] [<c021148c>] (show_stack) from [<c08bac70>] (dump_stack+0x70/0x8c)
[   12.898429] [<c08bac70>] (dump_stack) from [<c02474f4>] (warn_slowpath_common+0x74/0xac)
[   12.898437] [<c02474f4>] (warn_slowpath_common) from [<c0247548>] (warn_slowpath_null+0x1c/0x24)
[   12.898445] [<c0247548>] (warn_slowpath_null) from [<c02e5b0c>] (exit_mmap+0x1b8/0x224)
[   12.898452] [<c02e5b0c>] (exit_mmap) from [<c0244ebc>] (mmput+0x40/0xf8)
[   12.898460] [<c0244ebc>] (mmput) from [<c0302e88>] (flush_old_exec+0x32c/0x604)
[   12.898466] [<c0302e88>] (flush_old_exec) from [<c033f58c>] (load_elf_binary+0x2ec/0x112c)
[   12.898472] [<c033f58c>] (load_elf_binary) from [<c0302184>] (search_binary_handler+0x9c/0x240)
[   12.898478] [<c0302184>] (search_binary_handler) from [<c0303940>] (do_execveat_common+0x4d8/0x5bc)
[   12.898484] [<c0303940>] (do_execveat_common) from [<c0303a50>] (do_execve+0x2c/0x34)
[   12.898491] [<c0303a50>] (do_execve) from [<c020e720>] (ret_fast_syscall+0x0/0x34)
[   12.898494] ---[ end trace a1f0f63823e74184 ]---
[   12.900391] ------------[ cut here ]------------
[   12.900401] WARNING: CPU: 0 PID: 129 at mm/mmap.c:2859 exit_mmap+0x1b8/0x224()
[   12.900405] Modules linked in:
[   12.900409] CPU: 0 PID: 129 Comm: modprobe Tainted: G        W       3.19.0-rc5-next-20150122-00002-g2ade5cea1b05 #1
[   12.900411] Hardware name: Generic DRA74X (Flattened Device Tree)
[   12.900422] [<c0215b6c>] (unwind_backtrace) from [<c021148c>] (show_stack+0x10/0x14)
[   12.900431] [<c021148c>] (show_stack) from [<c08bac70>] (dump_stack+0x70/0x8c)
[   12.900440] [<c08bac70>] (dump_stack) from [<c02474f4>] (warn_slowpath_common+0x74/0xac)
[   12.900446] [<c02474f4>] (warn_slowpath_common) from [<c0247548>] (warn_slowpath_null+0x1c/0x24)
