- 07:32:33 [INFO] Starting target session
- 07:32:33 [INFO] Connected to am57xx-evm via serial 
- 07:32:33 [INFO] Host: #check prompt
- 07:32:36 [ERROR] On command: #check prompt waiting for #check prompt.+?(?-mix:((?-mix:login:)|[Pp]assword)) >>> error: execution expired
- 07:32:36 [INFO] Target: 
#check prompt
root@am57xx-evm:/test# 
- 07:32:36 [INFO] Host: #check prompt
- 07:32:37 [INFO] Target: 
#check prompt
root@am57xx-evm:/test# 
- 07:32:37 [INFO] Host: sync;poweroff
- 07:32:47 [INFO] Target: 
sync;poweroff
Broadcast message from root@am57xx-evm (ttyO2) (Sun May 10 21:55:40 2015):
The system is going down for system halt NOW!
INIT: SUIM SYSFS Node Not Found
Stopping Dropbear SSH server: stopped /usr/sbin/dropbear (pid 669)
dropbear.
Stopping telnet daemon.
Stopping tiipclad daemon.
Stopping system message bus: dbus.
Error opening /dev/fb0: No such file or directory
Stopping syslogd/klogd: stopped syslogd (pid 699)
stopped klogd (pid 701)
done
Stopping thttpd.
Stopping Weston
stopping statd: done
ALSA: Storing mixer settings...
/usr/sbin/alsactl: save_state:1590: No soundcards found...
Stopping rpcbind daemon...
done.
Stopping Lighttpd Web Server: stopped /usr/sbin/lighttpd (pid 708)
lighttpd.
Deconfiguring network interfaces... done.
Stopping Matrix GUI applicationstart-stop-daemon: warning: killing process 714: No such process
Disabling thermal zones...
***************************************************************
***************************************************************
NOTICE: This file system contains the followin GPLv3 packages:
	autoconf
	binutils
	cpp-symlinks
	cpp
	g++-symlinks
	g++
	gcc-symlinks
	gcc
	gdbserver
	gstreamer1.0-libav
	libgmp10
	libmpc3
	libmpfr4
	make
	parted
If you do not wish to distribute GPLv3 components please remove
the above packages prior to distribution.  This can be done using
the opkg remove command.  i.e.:
    opkg remove <package>
Where <package> is the name printed in the list above
NOTE: If the package is a dependency of another package you
      will be notified of the dependent packages.  You should
      use the --force-removal-of-dependent-packages option to
      also remove the dependent packages as well
***************************************************************
***************************************************************
Sending all processes the TERM signal...
Sending all processes the KILL signal...
Unmounting remote filesystems...
Deactivating swap...
Unmounting local filesystems...
[ 1797.346485] EXT4-fs (mmcblk1p2): re-mounted. Opts: data=ordered
[ 1799.756190] sd 0:0:0:0: [sda] Synchronizing SCSI cache
[ 1799.765189] sd 0:0:0:0: [sda] Stopping disk
[ 1799.860786] reboot: Power down
- 07:32:47 [INFO] Disconnected serial from am57xx-evm
- 07:32:52 [INFO] Connected to am57xx-evm via serial 
- 07:32:52 [INFO] Host: 
- 07:32:52 [INFO] Target: 
reading uboot.env
** Unable to read "uboot.env" from mmc0:1 **
Using default environment
Target spinup took 0 ms.
AHCI 0001.0300 32 slots 1 ports 3 Gbps 0x1 impl SATA mode
flags: 64bit ncq stag pm led clo only pmp pio slum part ccc apst 
scanning bus for devices...
  Device 0: (0:0) Vendor: ATA Prod.: KINGSTON SMS200S Rev: 541A
            Type: Hard Disk
            Capacity: 28626.1 MB = 27.9 GB (58626288 x 512)
Found 1 device(s).
SCSI:  Net:   <ethaddr> not set. Validating first E-fuse MAC
cpsw
Hit any key to stop autoboot:  1  0 
U-Boot# 
U-Boot# 
U-Boot# 
U-Boot# 
- 07:32:52 [INFO] Host: 
- 07:32:52 [INFO] Target: 
U-Boot# 
- 07:32:52 [INFO] Host: version
- 07:32:52 [INFO] Target: 
U-Boot# version
U-Boot 2014.07-g8a51ac8 (Apr 27 2015 - 20:52:52)
arm-linux-gnueabihf-gcc (crosstool-NG linaro-1.13.1-4.7-2013.03-20130313 - Linaro GCC 2013.03) 4.7.3 20130226 (prerelease)
GNU ld (crosstool-NG linaro-1.13.1-4.7-2013.03-20130313 - Linaro GCC 2013.03) 2.23.1
U-Boot# 
- 07:32:52 [INFO] Host: setenv bootargs 'console=ttyO2,115200n8  earlyprintk rootwait '
- 07:32:52 [INFO] Target: 
setenv bootargs 'console=ttyO2,115200n8  earlyprintk rootwait '
U-Boot# 
- 07:32:52 [INFO] Host: setenv bootcmd  ''
- 07:32:53 [INFO] Target: 
setenv bootcmd  ''
U-Boot# 
- 07:32:53 [INFO] Host: setenv autoload 'no'
- 07:32:53 [INFO] Target: 
setenv autoload 'no'
U-Boot# 
- 07:32:53 [INFO] Host: setenv serverip '192.168.0.1'
- 07:32:53 [INFO] Target: 
setenv serverip '192.168.0.1'
U-Boot# 
- 07:32:53 [INFO] Host: setenv mmcdev ' '
- 07:32:53 [INFO] Target: 
setenv mmcdev ' '
U-Boot# 
- 07:32:53 [INFO] Host: printenv
- 07:32:53 [INFO] Target: 
printenv
arch=arm
autoload=no
baudrate=115200
board=beagle_x15
board_name=beagle_x15
bootargs=console=ttyO2,115200n8  earlyprintk rootwait 
bootcmd=
bootdelay=1
bootdir=/boot
bootenv=uEnv.txt
bootfile=zImage
bootm_size=0x10000000
bootpart=0:2
bootscript=echo Running bootscript from mmc${mmcdev} ...; source ${loadaddr}
console=ttyO2,115200n8
cpu=armv7
eth1addr=7c:66:9d:ec:e3:ad
ethact=cpsw
ethaddr=7c:66:9d:ec:e3:ac
fdt_addr_r=0x88000000
fdtaddr=0x88000000
fdtfile=undefined
findfdt=if test $board_name = omap5_uevm; then setenv fdtfile omap5-uevm.dtb; fi; if test $board_name = dra7xx; then setenv fdtfile dra7-evm.dtb; fi;if test $board_name = dra72x; then setenv fdtfile dra72-evm.dtb; fi;if test $board_name = beagle_x15; then setenv fdtfile am57xx-beagle-x15.dtb; fi;if test $fdtfile = undefined; then echo WARNING: Could not determine device tree to use; fi; 
importbootenv=echo Importing environment from mmc${mmcdev} ...; env import -t ${loadaddr} ${filesize}
kernel_addr_r=0x82000000
loadaddr=0x82000000
loadbootenv=fatload mmc ${mmcdev} ${loadaddr} ${bootenv}
loadbootscript=fatload mmc ${mmcdev} ${loadaddr} boot.scr
loadfdt=load mmc ${bootpart} ${fdtaddr} ${bootdir}/${fdtfile};
loadimage=load mmc ${bootpart} ${loadaddr} ${bootdir}/${bootfile}
mmcargs=setenv bootargs console=${console} ${optargs} vram=${vram} root=${mmcroot} rootfstype=${mmcrootfstype}
mmcboot=mmc dev ${mmcdev}; if mmc rescan; then echo SD/MMC found on device ${mmcdev};if run loadbootenv; then echo Loaded environment from ${bootenv};run importbootenv;fi;if test -n $uenvcmd; then echo Running uenvcmd ...;run uenvcmd;fi;if run loadimage; then run loadfdt; echo Booting from mmc${mmcdev} ...; run mmcargs; bootz ${loadaddr} - ${fdtaddr}; fi;fi;
mmcdev= 
mmcroot=/dev/mmcblk0p2 rw
mmcrootfstype=ext4 rootwait
netargs=setenv bootargs console=${console} ${optargs} root=/dev/nfs nfsroot=${serverip}:${rootpath},${nfsopts} rw ip=dhcp
netboot=echo Booting from network ...; set env autoload no; dhcp; tftp ${loadaddr} ${bootfile}; tftp ${fdtaddr} ${fdtfile}; run netargs; bootz ${loadaddr} - ${fdtaddr}
partitions=uuid_disk=${uuid_gpt_disk};name=rootfs,start=2MiB,size=-,uuid=${uuid_gpt_rootfs}
ramdisk_addr_r=0x88080000
rdaddr=0x88080000
scsidevs=1
serverip=192.168.0.1
soc=omap5
stderr=serial
stdin=serial
stdout=serial
usbtty=cdc_acm
vendor=ti
ver=U-Boot 2014.07-g8a51ac8 (Apr 27 2015 - 20:52:52)
vram=16M
Environment size: 2482/65532 bytes
U-Boot# 
- 07:32:53 [INFO] Host: printenv
- 07:32:53 [INFO] Target: 
printenv
arch=arm
autoload=no
baudrate=115200
board=beagle_x15
board_name=beagle_x15
bootargs=console=ttyO2,115200n8  earlyprintk rootwait 
bootcmd=
bootdelay=1
bootdir=/boot
bootenv=uEnv.txt
bootfile=zImage
bootm_size=0x10000000
bootpart=0:2
bootscript=echo Running bootscript from mmc${mmcdev} ...; source ${loadaddr}
console=ttyO2,115200n8
cpu=armv7
eth1addr=7c:66:9d:ec:e3:ad
ethact=cpsw
ethaddr=7c:66:9d:ec:e3:ac
fdt_addr_r=0x88000000
fdtaddr=0x88000000
fdtfile=undefined
findfdt=if test $board_name = omap5_uevm; then setenv fdtfile omap5-uevm.dtb; fi; if test $board_name = dra7xx; then setenv fdtfile dra7-evm.dtb; fi;if test $board_name = dra72x; then setenv fdtfile dra72-evm.dtb; fi;if test $board_name = beagle_x15; then setenv fdtfile am57xx-beagle-x15.dtb; fi;if test $fdtfile = undefined; then echo WARNING: Could not determine device tree to use; fi; 
importbootenv=echo Importing environment from mmc${mmcdev} ...; env import -t ${loadaddr} ${filesize}
kernel_addr_r=0x82000000
loadaddr=0x82000000
loadbootenv=fatload mmc ${mmcdev} ${loadaddr} ${bootenv}
loadbootscript=fatload mmc ${mmcdev} ${loadaddr} boot.scr
loadfdt=load mmc ${bootpart} ${fdtaddr} ${bootdir}/${fdtfile};
loadimage=load mmc ${bootpart} ${loadaddr} ${bootdir}/${bootfile}
mmcargs=setenv bootargs console=${console} ${optargs} vram=${vram} root=${mmcroot} rootfstype=${mmcrootfstype}
mmcboot=mmc dev ${mmcdev}; if mmc rescan; then echo SD/MMC found on device ${mmcdev};if run loadbootenv; then echo Loaded environment from ${bootenv};run importbootenv;fi;if test -n $uenvcmd; then echo Running uenvcmd ...;run uenvcmd;fi;if run loadimage; then run loadfdt; echo Booting from mmc${mmcdev} ...; run mmcargs; bootz ${loadaddr} - ${fdtaddr}; fi;fi;
mmcdev= 
mmcroot=/dev/mmcblk0p2 rw
mmcrootfstype=ext4 rootwait
netargs=setenv bootargs console=${console} ${optargs} root=/dev/nfs nfsroot=${serverip}:${rootpath},${nfsopts} rw ip=dhcp
netboot=echo Booting from network ...; set env autoload no; dhcp; tftp ${loadaddr} ${bootfile}; tftp ${fdtaddr} ${fdtfile}; run netargs; bootz ${loadaddr} - ${fdtaddr}
partitions=uuid_disk=${uuid_gpt_disk};name=rootfs,start=2MiB,size=-,uuid=${uuid_gpt_rootfs}
ramdisk_addr_r=0x88080000
rdaddr=0x88080000
scsidevs=1
serverip=192.168.0.1
soc=omap5
stderr=serial
stdin=serial
stdout=serial
usbtty=cdc_acm
vendor=ti
ver=U-Boot 2014.07-g8a51ac8 (Apr 27 2015 - 20:52:52)
vram=16M
Environment size: 2482/65532 bytes
U-Boot# 
- 07:32:53 [INFO] Host: setenv bootargs ''${bootargs}' ip=dhcp '
- 07:32:54 [INFO] Target: 
setenv bootargs ''${bootargs}' ip=dhcp '
U-Boot# 
- 07:32:54 [INFO] Host: setenv serverip '192.168.0.1'
- 07:32:54 [INFO] Target: 
setenv serverip '192.168.0.1'
U-Boot# 
- 07:32:54 [INFO] Host: setenv ipaddr dhcp
- 07:32:54 [INFO] Target: 
setenv ipaddr dhcp
U-Boot# 
- 07:32:54 [INFO] Host: setenv autoload 'no'
- 07:32:54 [INFO] Target: 
setenv autoload 'no'
U-Boot# 
- 07:32:54 [INFO] Host: dhcp
- 07:33:04 [INFO] Target: 
dhcp
cpsw Waiting for PHY auto negotiation to complete............... done
link up on port 0, speed 1000, full duplex
BOOTP broadcast 1
DHCP client bound to address 192.168.0.246
U-Boot# 
- 07:33:04 [INFO] Host: setenv serverip '192.168.0.1'
- 07:33:04 [INFO] Target: 
setenv serverip '192.168.0.1'
U-Boot# 
- 07:33:04 [INFO] Host: tftp ${loadaddr} 192.168.0.1:vatf_am57xx-evm1/a5f4ce455d244b54bbd5bf4b7bab3ffb
- 07:33:04 [INFO] Target: 
tftp ${loadaddr} 192.168.0.1:vatf_am57xx-evm1/a5f4ce455d244b54bbd5bf4b7bab3ffb
link up on port 0, speed 1000, full duplex
Using cpsw device
TFTP from server 192.168.0.1; our IP address is 192.168.0.246
Filename 'vatf_am57xx-evm1/a5f4ce455d244b54bbd5bf4b7bab3ffb'.
Load address: 0x82000000
Loading: *#################################################################
	 #################################################################
	 #################################################################
	 #################################################################
	 #################################################################
	 #################################################################
	 ############################################
	 9.3 MiB/s
done
Bytes transferred = 6371088 (613710 hex)
U-Boot# 
- 07:33:04 [INFO] Host: tftp ${fdt_addr_r} 192.168.0.1:vatf_am57xx-evm1/55ba874f8fda4e3fab0bf3bd7675c0a3
- 07:33:05 [INFO] Target: 
tftp ${fdt_addr_r} 192.168.0.1:vatf_am57xx-evm1/55ba874f8fda4e3fab0bf3bd7675c0a3
link up on port 0, speed 1000, full duplex
Using cpsw device
TFTP from server 192.168.0.1; our IP address is 192.168.0.246
Filename 'vatf_am57xx-evm1/55ba874f8fda4e3fab0bf3bd7675c0a3'.
Load address: 0x88000000
Loading: *######
	 8.1 MiB/s
done
Bytes transferred = 76495 (12acf hex)
U-Boot# 
- 07:33:05 [INFO] Host: ls mmc 0:1
- 07:33:05 [INFO] Target: 
ls mmc 0:1
    59476   mlo 
   310376   u-boot.img 
        4   ws-calibrate.rules 
        0   pointercal 
4 file(s), 0 dir(s)
U-Boot# 
- 07:33:05 [INFO] Host: ls mmc 0:2
- 07:33:05 [INFO] Target: 
ls mmc 0:2
<DIR>       4096 .
<DIR>       4096 ..
<DIR>       4096 include
<DIR>       4096 srv
<DIR>       4096 home
<DIR>       4096 media
<DIR>       4096 opt
<DIR>       4096 var
<DIR>       4096 sys
<DIR>       4096 boot
<DIR>       4096 dev
<DIR>       4096 usr
<DIR>       4096 bin
<DIR>       4096 mnt
<DIR>       4096 etc
<DIR>       4096 sbin
<DIR>       4096 www
<SYM>          8 tmp
<DIR>       4096 proc
<DIR>       4096 run
<DIR>       4096 lib
<DIR>       4096 test
U-Boot# 
- 07:33:05 [INFO] Host: part uuid mmc 0:2
- 07:33:05 [INFO] Target: 
part uuid mmc 0:2
00000000-02
U-Boot# 
- 07:33:05 [INFO] Host: printenv
- 07:33:05 [INFO] Target: 
printenv
arch=arm
autoload=no
baudrate=115200
board=beagle_x15
board_name=beagle_x15
bootargs=console=ttyO2,115200n8  earlyprintk rootwait  ip=dhcp 
bootcmd=
bootdelay=1
bootdir=/boot
bootenv=uEnv.txt
bootfile=zImage
bootm_size=0x10000000
bootpart=0:2
bootscript=echo Running bootscript from mmc${mmcdev} ...; source ${loadaddr}
console=ttyO2,115200n8
cpu=armv7
dnsip=192.0.2.2
dnsip2=192.0.2.3
eth1addr=7c:66:9d:ec:e3:ad
ethact=cpsw
ethaddr=7c:66:9d:ec:e3:ac
fdt_addr_r=0x88000000
fdtaddr=0x88000000
fdtfile=undefined
fileaddr=88000000
filesize=12acf
findfdt=if test $board_name = omap5_uevm; then setenv fdtfile omap5-uevm.dtb; fi; if test $board_name = dra7xx; then setenv fdtfile dra7-evm.dtb; fi;if test $board_name = dra72x; then setenv fdtfile dra72-evm.dtb; fi;if test $board_name = beagle_x15; then setenv fdtfile am57xx-beagle-x15.dtb; fi;if test $fdtfile = undefined; then echo WARNING: Could not determine device tree to use; fi; 
gatewayip=192.168.0.1
importbootenv=echo Importing environment from mmc${mmcdev} ...; env import -t ${loadaddr} ${filesize}
ipaddr=192.168.0.246
kernel_addr_r=0x82000000
loadaddr=0x82000000
loadbootenv=fatload mmc ${mmcdev} ${loadaddr} ${bootenv}
loadbootscript=fatload mmc ${mmcdev} ${loadaddr} boot.scr
loadfdt=load mmc ${bootpart} ${fdtaddr} ${bootdir}/${fdtfile};
loadimage=load mmc ${bootpart} ${loadaddr} ${bootdir}/${bootfile}
mmcargs=setenv bootargs console=${console} ${optargs} vram=${vram} root=${mmcroot} rootfstype=${mmcrootfstype}
mmcboot=mmc dev ${mmcdev}; if mmc rescan; then echo SD/MMC found on device ${mmcdev};if run loadbootenv; then echo Loaded environment from ${bootenv};run importbootenv;fi;if test -n $uenvcmd; then echo Running uenvcmd ...;run uenvcmd;fi;if run loadimage; then run loadfdt; echo Booting from mmc${mmcdev} ...; run mmcargs; bootz ${loadaddr} - ${fdtaddr}; fi;fi;
mmcdev= 
mmcroot=/dev/mmcblk0p2 rw
mmcrootfstype=ext4 rootwait
netargs=setenv bootargs console=${console} ${optargs} root=/dev/nfs nfsroot=${serverip}:${rootpath},${nfsopts} rw ip=dhcp
netboot=echo Booting from network ...; set env autoload no; dhcp; tftp ${loadaddr} ${bootfile}; tftp ${fdtaddr} ${fdtfile}; run netargs; bootz ${loadaddr} - ${fdtaddr}
netmask=255.255.255.0
partitions=uuid_disk=${uuid_gpt_disk};name=rootfs,start=2MiB,size=-,uuid=${uuid_gpt_rootfs}
ramdisk_addr_r=0x88080000
rdaddr=0x88080000
scsidevs=1
serverip=192.168.0.1
soc=omap5
stderr=serial
stdin=serial
stdout=serial
usbtty=cdc_acm
vendor=ti
ver=U-Boot 2014.07-g8a51ac8 (Apr 27 2015 - 20:52:52)
vram=16M
Environment size: 2636/65532 bytes
U-Boot# 
- 07:33:05 [INFO] Host: setenv bootargs ''${bootargs}' root=PARTUUID=00000000-02 rw rootfstype=ext4 rootwait '
- 07:33:05 [INFO] Target: 
setenv bootargs ''${bootargs}' root=PARTUUID=00000000-02 rw rootfstype=ext4 rootwait '
U-Boot# 
- 07:33:05 [INFO] Host: printenv
- 07:33:06 [INFO] Target: 
printenv
arch=arm
autoload=no
baudrate=115200
board=beagle_x15
board_name=beagle_x15
bootargs=console=ttyO2,115200n8  earlyprintk rootwait  ip=dhcp  root=PARTUUID=00000000-02 rw rootfstype=ext4 rootwait 
bootcmd=
bootdelay=1
bootdir=/boot
bootenv=uEnv.txt
bootfile=zImage
bootm_size=0x10000000
bootpart=0:2
bootscript=echo Running bootscript from mmc${mmcdev} ...; source ${loadaddr}
console=ttyO2,115200n8
cpu=armv7
dnsip=192.0.2.2
dnsip2=192.0.2.3
eth1addr=7c:66:9d:ec:e3:ad
ethact=cpsw
ethaddr=7c:66:9d:ec:e3:ac
fdt_addr_r=0x88000000
fdtaddr=0x88000000
fdtfile=undefined
fileaddr=88000000
filesize=12acf
findfdt=if test $board_name = omap5_uevm; then setenv fdtfile omap5-uevm.dtb; fi; if test $board_name = dra7xx; then setenv fdtfile dra7-evm.dtb; fi;if test $board_name = dra72x; then setenv fdtfile dra72-evm.dtb; fi;if test $board_name = beagle_x15; then setenv fdtfile am57xx-beagle-x15.dtb; fi;if test $fdtfile = undefined; then echo WARNING: Could not determine device tree to use; fi; 
gatewayip=192.168.0.1
importbootenv=echo Importing environment from mmc${mmcdev} ...; env import -t ${loadaddr} ${filesize}
ipaddr=192.168.0.246
kernel_addr_r=0x82000000
loadaddr=0x82000000
loadbootenv=fatload mmc ${mmcdev} ${loadaddr} ${bootenv}
loadbootscript=fatload mmc ${mmcdev} ${loadaddr} boot.scr
loadfdt=load mmc ${bootpart} ${fdtaddr} ${bootdir}/${fdtfile};
loadimage=load mmc ${bootpart} ${loadaddr} ${bootdir}/${bootfile}
mmcargs=setenv bootargs console=${console} ${optargs} vram=${vram} root=${mmcroot} rootfstype=${mmcrootfstype}
mmcboot=mmc dev ${mmcdev}; if mmc rescan; then echo SD/MMC found on device ${mmcdev};if run loadbootenv; then echo Loaded environment from ${bootenv};run importbootenv;fi;if test -n $uenvcmd; then echo Running uenvcmd ...;run uenvcmd;fi;if run loadimage; then run loadfdt; echo Booting from mmc${mmcdev} ...; run mmcargs; bootz ${loadaddr} - ${fdtaddr}; fi;fi;
mmcdev= 
mmcroot=/dev/mmcblk0p2 rw
mmcrootfstype=ext4 rootwait
netargs=setenv bootargs console=${console} ${optargs} root=/dev/nfs nfsroot=${serverip}:${rootpath},${nfsopts} rw ip=dhcp
netboot=echo Booting from network ...; set env autoload no; dhcp; tftp ${loadaddr} ${bootfile}; tftp ${fdtaddr} ${fdtfile}; run netargs; bootz ${loadaddr} - ${fdtaddr}
netmask=255.255.255.0
partitions=uuid_disk=${uuid_gpt_disk};name=rootfs,start=2MiB,size=-,uuid=${uuid_gpt_rootfs}
ramdisk_addr_r=0x88080000
rdaddr=0x88080000
scsidevs=1
serverip=192.168.0.1
soc=omap5
stderr=serial
stdin=serial
stdout=serial
usbtty=cdc_acm
vendor=ti
ver=U-Boot 2014.07-g8a51ac8 (Apr 27 2015 - 20:52:52)
vram=16M
Environment size: 2691/65532 bytes
U-Boot# 
- 07:33:06 [INFO] Host: setenv bootcmd ''${bootcmd}' if iminfo ${loadaddr}; then bootm ${loadaddr} - ${fdt_addr_r}; else bootz ${loadaddr} - ${fdt_addr_r}; bootm ${loadaddr} - ${fdt_addr_r}; fi'
- 07:33:06 [INFO] Target: 
setenv bootcmd ''${bootcmd}' if iminfo ${loadaddr}; then bootm ${loadaddr} - ${fdt_addr_r}; else bootz ${loadaddr} - ${fdt_addr_r}; bootm ${loadaddr} - ${fdt_addr_r}; fi'
U-Boot# 
- 07:33:06 [INFO] Host: bdinfo
- 07:33:06 [INFO] Target: 
bdinfo
arch_number = 0x00000000
boot_params = 0x80000100
DRAM bank   = 0x00000000
-> start    = 0x80000000
-> size     = 0x80000000
DRAM bank   = 0x00000001
-> start    = 0x00000000
-> size     = 0x00000000
eth0name    = cpsw
ethaddr     = 7c:66:9d:ec:e3:ac
current eth = cpsw
ip_addr     = 192.168.0.246
baudrate    = 115200 bps
TLB addr    = 0xFFFF0000
relocaddr   = 0xFFF61000
reloc off   = 0x7F761000
irq_sp      = 0xFEF50EE0
sp start    = 0xFEF50ED0
U-Boot# 
- 07:33:06 [INFO] Host: mmc rescan
- 07:33:06 [INFO] Target: 
mmc rescan
U-Boot# 
- 07:33:06 [INFO] Host: fatwrite mmc ${mmcdev}:1 ${loadaddr} ws-calibrate.rules 4
- 07:33:06 [INFO] Target: 
fatwrite mmc ${mmcdev}:1 ${loadaddr} ws-calibrate.rules 4
writing ws-calibrate.rules
4 bytes written
U-Boot# 
- 07:33:06 [INFO] Host: boot
- 07:33:21 [INFO] Target: 
boot
## Checking Image at 82000000 ...
Unknown image format!
Kernel image @ 0x82000000 [ 0x000000 - 0x613710 ]
## Flattened Device Tree blob at 88000000
   Booting using the fdt blob at 0x88000000
   Loading Device Tree to 8ffea000, end 8fffface ... OK
Starting kernel ...
[    0.000000] Booting Linux on physical CPU 0x0
[    0.000000] Linux version 4.2.0-rc5-next-20150806-00002-gb02e4bafb13b (nmenon@kahuna) (gcc version 4.6.3 (Ubuntu/Linaro 4.6.3-1ubuntu5) ) #1 SMP Thu Aug 6 06:33:20 CDT 2015
[    0.000000] CPU: ARMv7 Processor [412fc0f2] revision 2 (ARMv7), cr=30c5387d
[    0.000000] CPU: PIPT / VIPT nonaliasing data cache, PIPT instruction cache
[    0.000000] Machine model: TI AM5728 BeagleBoard-X15
[    0.000000] cma: Reserved 64 MiB at 0x00000000fb800000
[    0.000000] Forcing write-allocate cache policy for SMP
[    0.000000] Memory policy: Data cache writealloc
[    0.000000] DRA752 ES1.1
[    0.000000] PERCPU: Embedded 12 pages/cpu @ee791000 s19200 r8192 d21760 u49152
[    0.000000] Built 1 zonelists in Zone order, mobility grouping on.  Total pages: 522000
[    0.000000] Kernel command line: console=ttyO2,115200n8  earlyprintk rootwait  ip=dhcp  root=PARTUUID=00000000-02 rw rootfstype=ext4 rootwait 
[    0.000000] PID hash table entries: 4096 (order: 2, 16384 bytes)
[    0.000000] Dentry cache hash table entries: 131072 (order: 7, 524288 bytes)
[    0.000000] Inode-cache hash table entries: 65536 (order: 6, 262144 bytes)
[    0.000000] Memory: 1996788K/2094080K available (8056K kernel code, 1018K rwdata, 3596K rodata, 1020K init, 345K bss, 31756K reserved, 65536K cma-reserved, 1250304K highmem)
[    0.000000] Virtual kernel memory layout:
[    0.000000]     vector  : 0xffff0000 - 0xffff1000   (   4 kB)
[    0.000000]     fixmap  : 0xffc00000 - 0xfff00000   (3072 kB)
[    0.000000]     vmalloc : 0xf0000000 - 0xff000000   ( 240 MB)
[    0.000000]     lowmem  : 0xc0000000 - 0xef800000   ( 760 MB)
[    0.000000]     pkmap   : 0xbfe00000 - 0xc0000000   (   2 MB)
[    0.000000]     modules : 0xbf000000 - 0xbfe00000   (  14 MB)
[    0.000000]       .text : 0xc0208000 - 0xc0d6a0b8   (11657 kB)
[    0.000000]       .init : 0xc0d6b000 - 0xc0e6a000   (1020 kB)
[    0.000000]       .data : 0xc0e6a000 - 0xc0f68a80   (1019 kB)
[    0.000000]        .bss : 0xc0f6b000 - 0xc0fc1460   ( 346 kB)
[    0.000000] SLUB: HWalign=64, Order=0-3, MinObjects=0, CPUs=2, Nodes=1
[    0.000000] Hierarchical RCU implementation.
[    0.000000] 	Build-time adjustment of leaf fanout to 32.
[    0.000000] 	RCU restricting CPUs from NR_CPUS=16 to nr_cpu_ids=2.
[    0.000000] RCU: Adjusting geometry for rcu_fanout_leaf=32, nr_cpu_ids=2
[    0.000000] NR_IRQS:16 nr_irqs:16 16
[    0.000000] OMAP clockevent source: timer1 at 32768 Hz
[    0.000000] clocksource: 32k_counter: mask: 0xffffffff max_cycles: 0xffffffff, max_idle_ns: 58327039986419 ns
[    0.000000] sched_clock: 32 bits at 32kHz, resolution 30517ns, wraps every 65535999984741ns
[    0.000000] OMAP clocksource: 32k_counter at 32768 Hz
[    0.000396] Architected cp15 timer(s) running at 6.14MHz (virt).
[    0.000427] clocksource: arch_sys_counter: mask: 0xffffffffffffff max_cycles: 0x16af5adb9, max_idle_ns: 440795202250 ns
[    0.000431] sched_clock: 56 bits at 6MHz, resolution 162ns, wraps every 4398046511023ns
[    0.000442] Switching to timer-based delay loop, resolution 162ns
[    0.005584] Console: colour dummy device 80x30
[    0.005604] Calibrating delay loop (skipped), value calculated using timer frequency.. 12.29 BogoMIPS (lpj=30737)
[    0.005615] pid_max: default: 32768 minimum: 301
[    0.005700] Mount-cache hash table entries: 2048 (order: 1, 8192 bytes)
[    0.005709] Mountpoint-cache hash table entries: 2048 (order: 1, 8192 bytes)
[    0.006171] CPU: Testing write buffer coherency: ok
[    0.006363] /cpus/cpu@0 missing clock-frequency property
[    0.006397] /cpus/cpu@1 missing clock-frequency property
[    0.006407] CPU0: thread -1, cpu 0, socket 0, mpidr 80000000
[    0.006450] Setting up static identity map for 0x80209000 - 0x80209170
[    0.010654] CPU1: thread -1, cpu 1, socket 0, mpidr 80000001
[    0.010708] Brought up 2 CPUs
[    0.010719] SMP: Total of 2 processors activated (24.58 BogoMIPS).
[    0.010726] CPU: All CPU(s) started in SVC mode.
[    0.011077] devtmpfs: initialized
[    0.028745] VFP support v0.3: implementor 41 architecture 4 part 30 variant f rev 0
[    0.029631] omap_hwmod: l3_main_2 using broken dt data from ocp
[    0.168634] clocksource: jiffies: mask: 0xffffffff max_cycles: 0xffffffff, max_idle_ns: 9556302231375000 ns
[    0.169949] pinctrl core: initialized pinctrl subsystem
[    0.171348] NET: Registered protocol family 16
[    0.172848] DMA: preallocated 256 KiB pool for atomic coherent allocations
[    0.185796] cpuidle: using governor ladder
[    0.200812] cpuidle: using governor menu
[    0.202428] omap_l3_noc 44000000.ocp: L3 debug error: target 2 mod:1 (unclearable)
[    0.202492] omap_l3_noc 44000000.ocp: L3 application error: target 2 mod:1 (unclearable)
[    0.206075] OMAP GPIO hardware version 0.1
[    0.209987] irq: no irq domain found for /ocp/l4@4a000000/scm@2000/pinmux@1400 !
[    0.221283] No ATAGs?
[    0.221309] hw-breakpoint: found 5 (+1 reserved) breakpoint and 4 watchpoint registers.
[    0.221316] hw-breakpoint: maximum watchpoint size is 8 bytes.
[    0.222493] omap4_sram_init:Unable to allocate sram needed to handle errata I688
[    0.222501] omap4_sram_init:Unable to get sram pool needed to handle errata I688
[    0.222729] OMAP DMA hardware revision 0.0
[    0.225787] Serial: AMBA PL011 UART driver
[    0.251495] omap-dma-engine 4a056000.dma-controller: OMAP DMA engine driver
[    0.254422] vgaarb: loaded
[    0.255003] SCSI subsystem initialized
[    0.255358] usbcore: registered new interface driver usbfs
[    0.255408] usbcore: registered new interface driver hub
[    0.255455] usbcore: registered new device driver usb
[    0.256130] omap_i2c 48070000.i2c: could not find pctldev for node /ocp/l4@4a000000/scm@2000/pinmux@1400/i2c1_pins_default, deferring probe
[    0.256156] omap_i2c 48060000.i2c: could not find pctldev for node /ocp/l4@4a000000/scm@2000/pinmux@1400/i2c3_pins_default, deferring probe
[    0.256832] pps_core: LinuxPPS API ver. 1 registered
[    0.256839] pps_core: Software ver. 5.3.6 - Copyright 2005-2007 Rodolfo Giometti <giometti@linux.it>
[    0.256861] PTP clock support registered
[    0.257039] EDAC MC: Ver: 3.0.0
[    0.258875] clocksource: Switched to clocksource arch_sys_counter
[    0.267385] NET: Registered protocol family 2
[    0.267750] TCP established hash table entries: 8192 (order: 3, 32768 bytes)
[    0.267820] TCP bind hash table entries: 8192 (order: 4, 65536 bytes)
[    0.267950] TCP: Hash tables configured (established 8192 bind 8192)
[    0.267996] UDP hash table entries: 512 (order: 2, 16384 bytes)
[    0.268025] UDP-Lite hash table entries: 512 (order: 2, 16384 bytes)
[    0.268150] NET: Registered protocol family 1
[    0.268349] RPC: Registered named UNIX socket transport module.
[    0.268356] RPC: Registered udp transport module.
[    0.268361] RPC: Registered tcp transport module.
[    0.268367] RPC: Registered tcp NFSv4.1 backchannel transport module.
[    0.269088] hw perfevents: enabled with armv7_cortex_a15 PMU driver, 7 counters available
[    0.270481] futex hash table entries: 512 (order: 3, 32768 bytes)
[    0.279664] squashfs: version 4.0 (2009/01/31) Phillip Lougher
[    0.280344] NFS: Registering the id_resolver key type
[    0.280373] Key type id_resolver registered
[    0.280380] Key type id_legacy registered
[    0.280434] ntfs: driver 2.1.32 [Flags: R/O].
[    0.281185] bounce: pool size: 64 pages
[    0.281345] Block layer SCSI generic (bsg) driver version 0.4 loaded (major 249)
[    0.281358] io scheduler noop registered
[    0.281370] io scheduler deadline registered
[    0.281396] io scheduler cfq registered (default)
[    0.287648] pinctrl-single 4a003400.pinmux: 281 pins at pa fc003400 size 1124
[    0.338067] Serial: 8250/16550 driver, 4 ports, IRQ sharing disabled
[    0.340011] SuperH (H)SCI(F) driver initialized
[    0.340820] msm_serial: driver initialized
[    0.341474] 48020000.serial: ttyO2 at MMIO 0x48020000 (irq = 296, base_baud = 3000000) is a OMAP UART2
[    1.080266] console [ttyO2] enabled
[    1.084305] STMicroelectronics ASC driver initialized
[    1.091026] [drm] Initialized drm 1.1.0 20060810
[    1.101927] loop: module loaded
[    1.106553] ahci 4a140000.sata: SSS flag set, parallel bus scan disabled
[    1.113589] ahci 4a140000.sata: AHCI 0001.0300 32 slots 1 ports 3 Gbps 0x1 impl platform mode
[    1.122507] ahci 4a140000.sata: flags: 64bit ncq sntf stag pm led clo only pmp pio slum part ccc apst 
[    1.132985] scsi host0: ahci
[    1.136237] ata1: SATA max UDMA/133 mmio [mem 0x4a140000-0x4a1410ff] port 0x100 irq 313
[    1.149702] CAN device driver interface
[    1.154774] igb: Intel(R) Gigabit Ethernet Network Driver - version 5.3.0-k
[    1.162049] igb: Copyright (c) 2007-2014 Intel Corporation.
[    1.170354] pegasus: v0.9.3 (2013/04/25), Pegasus/Pegasus II USB Ethernet driver
[    1.178129] usbcore: registered new interface driver pegasus
[    1.184095] usbcore: registered new interface driver asix
[    1.189774] usbcore: registered new interface driver ax88179_178a
[    1.196178] usbcore: registered new interface driver cdc_ether
[    1.202320] usbcore: registered new interface driver smsc75xx
[    1.208374] usbcore: registered new interface driver smsc95xx
[    1.214423] usbcore: registered new interface driver net1080
[    1.220387] usbcore: registered new interface driver cdc_subset
[    1.226607] usbcore: registered new interface driver zaurus
[    1.232498] usbcore: registered new interface driver cdc_ncm
[    1.240435] ehci_hcd: USB 2.0 'Enhanced' Host Controller (EHCI) Driver
[    1.247272] ehci-pci: EHCI PCI platform driver
[    1.251952] ehci-platform: EHCI generic platform driver
[    1.257588] ehci-omap: OMAP-EHCI Host Controller driver
[    1.263173] ehci-orion: EHCI orion driver
[    1.267488] SPEAr-ehci: EHCI SPEAr driver
[    1.271802] ehci-st: EHCI STMicroelectronics driver
[    1.277020] ehci-exynos: EHCI EXYNOS driver
[    1.281530] ehci-atmel: EHCI Atmel driver
[    1.285843] tegra-ehci: Tegra EHCI driver
[    1.290176] ohci_hcd: USB 1.1 'Open' Host Controller (OHCI) Driver
[    1.296654] ohci-pci: OHCI PCI platform driver
[    1.301341] ohci-platform: OHCI generic platform driver
[    1.306943] ohci-omap3: OHCI OMAP3 driver
[    1.311257] SPEAr-ohci: OHCI SPEAr driver
[    1.315579] ohci-st: OHCI STMicroelectronics driver
[    1.320802] ohci-atmel: OHCI Atmel driver
[    1.325175] usbcore: registered new interface driver usb-storage
[    1.332664] mousedev: PS/2 mouse device common for all mice
[    1.341638] i2c /dev entries driver
[    1.351722] sdhci: Secure Digital Host Controller Interface driver
[    1.358187] sdhci: Copyright(c) Pierre Ossman
[    1.363567] omap_hsmmc 4809c000.mmc: Got CD GPIO
[    1.368676] omap_hsmmc 4809c000.mmc: unable to get vmmc regulator -517
[    1.389300] vdd_3v3: supplied by regulator-dummy
[    1.424570] Synopsys Designware Multimedia Card Interface Driver
[    1.431839] sdhci-pltfm: SDHCI platform and OF driver helper
[    1.439721] ledtrig-cpu: registered to indicate activity on CPUs
[    1.446195] usbcore: registered new interface driver usbhid
[    1.452052] usbhid: USB HID core driver
[    1.459968] NET: Registered protocol family 10
[    1.465132] sit: IPv6 over IPv4 tunneling driver
[    1.470443] NET: Registered protocol family 17
[    1.475105] can: controller area network core (rev 20120528 abi 9)
[    1.481615] NET: Registered protocol family 29
[    1.486266] can: raw protocol (rev 20120528)
[    1.490741] can: broadcast manager protocol (rev 20120528 t)
[    1.496661] can: netlink gateway (rev 20130117) max_hops=1
[    1.502702] Key type dns_resolver registered
[    1.507328] omap_voltage_late_init: Voltage driver support not added
[    1.514537] Power Management for TI OMAP4+ devices.
[    1.519888] ThumbEE CPU extension supported.
[    1.524402] Registering SWP/SWPB emulation handler
[    1.531377] palmas 0-0058: Irq flag is 0x00000008
[    1.536501] mmc0: MAN_BKOPS_EN bit is not set
[    1.547300] mmc0: new high speed MMC card at address 0001
[    1.553249] mmcblk0: mmc0:0001 P1XXXX 3.60 GiB 
[    1.558136] mmcblk0boot0: mmc0:0001 P1XXXX partition 1 2.00 MiB
[    1.564473] mmcblk0boot1: mmc0:0001 P1XXXX partition 2 2.00 MiB
[    1.571527]  mmcblk0: p1 p2
[    1.576824] palmas 0-0058: Muxing GPIO 2f, PWM 0, LED 0
[    1.606793] palmas-rtc 48070000.i2c:tps659038@58:tps659038_rtc: rtc core: registered 48070000.i2c:tps659 as rtc1
[    1.620124] omap_i2c 48070000.i2c: bus 0 rev0.12 at 400 kHz
[    1.643902] ata1: SATA link up 3.0 Gbps (SStatus 123 SControl 300)
[    1.650928] rtc-ds1307 2-006f: SET TIME!
[    1.655793] rtc-ds1307 2-006f: rtc core: registered mcp7941x as rtc0
[    1.662627] rtc-ds1307 2-006f: 64 bytes nvram
[    1.667238] ata1.00: ATA-8: KINGSTON SMS200S330G, 541ABBF0, max UDMA/133
[    1.667259] omap_i2c 48060000.i2c: bus 2 rev0.12 at 400 kHz
[    1.670722] omap_hsmmc 4809c000.mmc: Got CD GPIO
[    1.684998] ata1.00: 58626288 sectors, multi 1: LBA48 NCQ (depth 31/32)
[    1.702273] ata1.00: configured for UDMA/133
[    1.706973] scsi 0:0:0:0: Direct-Access     ATA      KINGSTON SMS200S BBF0 PQ: 0 ANSI: 5
[    1.716281] sd 0:0:0:0: [sda] 58626288 512-byte logical blocks: (30.0 GB/27.9 GiB)
[    1.724451] sd 0:0:0:0: [sda] Write Protect is off
[    1.729577] sd 0:0:0:0: [sda] Write cache: enabled, read cache: enabled, doesn't support DPO or FUA
[    1.764736] sd 0:0:0:0: [sda] Attached SCSI disk
[    1.803885] davinci_mdio 48485000.mdio: davinci mdio revision 1.6
[    1.810285] davinci_mdio 48485000.mdio: detected phy mask fffffff9
[    1.821085] libphy: 48485000.mdio: probed
[    1.825301] davinci_mdio 48485000.mdio: phy[1]: device 48485000.mdio:01, driver Micrel KSZ9031 Gigabit PHY
[    1.835429] davinci_mdio 48485000.mdio: phy[2]: device 48485000.mdio:02, driver Micrel KSZ9031 Gigabit PHY
[    1.846330] cpsw 48484000.ethernet: Detected MACID = 7c:66:9d:ec:e3:ac
[    1.853746] cpsw 48484000.ethernet: cpsw: Detected MACID = 7c:66:9d:ec:e3:ad
[    1.863018] rtc-ds1307 2-006f: setting system clock to 2001-01-01 00:00:00 UTC (978307200)
[    1.880343] net eth0: initializing cpsw version 1.15 (0)
[    1.929181] mmc1: host does not support reading read-only switch, assuming write-enable
[    1.941493] mmc1: new high speed SD card at address aaaa
[    1.947300] mmcblk1: mmc1:aaaa SU02G 1.84 GiB 
[    1.965959] net eth0: phy found : id is : 0x221622
[    1.977079] IPv6: ADDRCONF(NETDEV_UP): eth0: link is not ready
[    1.983223] net eth1: initializing cpsw version 1.15 (0)
[    1.992511]  mmcblk1: p1 p2 p3
[    2.066319] net eth1: phy found : id is : 0x221622
[    2.076272] IPv6: ADDRCONF(NETDEV_UP): eth1: link is not ready
[    5.986085] cpsw 48484000.ethernet eth0: Link is Up - 1Gbps/Full - flow control rx/tx
[    5.994355] IPv6: ADDRCONF(NETDEV_CHANGE): eth0: link becomes ready
[    6.008883] Sending DHCP requests ., OK
[    6.093882] IP-Config: Got DHCP answer from 192.168.0.1, my address is 192.168.0.246
[    6.106862] IP-Config: Complete:
[    6.110270]      device=eth0, hwaddr=7c:66:9d:ec:e3:ac, ipaddr=192.168.0.246, mask=255.255.255.0, gw=192.168.0.1
[    6.120964]      host=192.168.0.246, domain=ti.com, nis-domain=(none)
[    6.127741]      bootserver=192.168.0.1, rootserver=192.168.0.1, rootpath=
[    6.134785]      nameserver0=192.0.2.2, nameserver1=192.0.2.3
[    6.141282] ldousb: disabling
[    6.181313] EXT4-fs (mmcblk1p2): mounted filesystem with ordered data mode. Opts: (null)
[    6.189852] VFS: Mounted root (ext4 filesystem) on device 179:50.
[    6.200386] devtmpfs: mounted
[    6.204059] Freeing unused kernel memory: 1020K (c0d6b000 - c0e6a000)
INIT: version 2.88 booting
Error opening /dev/fb0: No such file or directory
Starting udev
[    6.663761] udevd[93]: starting version 182
[    7.760464] FAT-fs (mmcblk0p2): Volume was not properly unmounted. Some data may be corrupt. Please run fsck.
[    7.771155] FAT-fs (mmcblk0p1): Volume was not properly unmounted. Some data may be corrupt. Please run fsck.
[    7.775607] FAT-fs (mmcblk1p1): Volume was not properly unmounted. Some data may be corrupt. Please run fsck.
[    7.815995] FAT-fs (mmcblk1p3): Volume was not properly unmounted. Some data may be corrupt. Please run fsck.
depmod: ERROR: could not open directory /lib/modules/4.2.0-rc5-next-20150806-00002-gb02e4bafb13b: No such file or directory
depmod: WARNING: -e needs -E or -F
depmod: ERROR: could not open directory /lib/modules/4.2.0-rc5-next-20150806-00002-gb02e4bafb13b: No such file or directory
depmod: FATAL: could not search modules: No such file or directory
[    7.947811] EXT4-fs (mmcblk1p2): re-mounted. Opts: data=ordered
Starting Bootlog daemon: bootlogd.
[    8.014754] random: dd urandom read with 65 bits of entropy available
Populating dev cache
ALSA: Restoring mixer settings...
/usr/sbin/alsactl: load_state:1729: No soundcards found...
Sun May 10 21:55:00 UTC 2015
INIT: Entering runlevel: 5
Configuring network interfaces... udhcpc (v1.22.1) started
Sending discover...
Sending select for 192.168.0.199...
Lease of 192.168.0.199 obtained, lease time 3600
/etc/udhcpc.d/50default: Adding DNS 192.0.2.2
/etc/udhcpc.d/50default: Adding DNS 192.0.2.3
done.
Starting system message bus: dbus.
UIM SYSFS Node Not Found
Starting Dropbear SSH server: dropbear.
Starting telnet daemon.
Starting tiipclad daemon
Opened log file: lad.txt
id = 0 baseId= 0
Spawned daemon: /usr/bin/lad_dra7xx
Starting rpcbind daemon...done.
creating NFS state directory: done
starting statd: done
Starting syslogd/klogd: done
Starting thttpd.
Starting Lighttpd Web Server: lighttpd.
2015-05-10 21:55:02: (/home/jenkins/tisdk-build/build-CORTEX_1/arago-tmp-external-linaro-toolchain/work/cortexa15t2hf-vfp-neon-linux-gnueabi/lighttpd/1.4.33-r1/lighttpd-1.4.33/src/log.c.166) server started 
Starting Matrix GUI application.
Enabling thermal zones...
[   11.962063] random: nonblocking pool is initialized
***************************************************************
***************************************************************
NOTICE: This file system contains the followin GPLv3 packages:
	autoconf
	binutils
	cpp-symlinks
	cpp
	g++-symlinks
	g++
	gcc-symlinks
	gcc
	gdbserver
	gstreamer1.0-libav
	libgmp10
	libmpc3
	libmpfr4
	make
	parted
If you do not wish to distribute GPLv3 components please remove
the above packages prior to distribution.  This can be done using
the opkg remove command.  i.e.:
    opkg remove <package>
Where <package> is the name printed in the list above
NOTE: If the package is a dependency of another package you
      will be notified of the dependent packages.  You should
      use the --force-removal-of-dependent-packages option to
      also remove the dependent packages as well
***************************************************************
***************************************************************
Stopping Bootlog daemon: bootlogd.
 _____                    _____           _         _   
|  _  |___ ___ ___ ___   |  _  |___ ___  |_|___ ___| |_ 
|     |  _| .'| . | . |  |   __|  _| . | | | -_|  _|  _|
|__|__|_| |__,|_  |___|  |__|  |_| |___|_| |___|___|_|  
              |___|                    |___|            
Arago Project http://arago-project.org am57xx-evm /dev/ttyO2
Arago 2015.04 am57xx-evm /dev/ttyO2
am57xx-evm login: 
- 07:33:21 [INFO] Host: root
- 07:33:21 [INFO] Target: 
root
root@am57xx-evm:~# 
- 07:33:21 [INFO] Host: uname -a
- 07:33:21 [INFO] Target: 
uname -a
Linux am57xx-evm 4.2.0-rc5-next-20150806-00002-gb02e4bafb13b #1 SMP Thu Aug 6 06:33:20 CDT 2015 armv7l GNU/Linux
root@am57xx-evm:~# 
- 07:33:21 [INFO] Host: cat /proc/cmdline
- 07:33:21 [INFO] Target: 
cat /proc/cmdline
console=ttyO2,115200n8  earlyprintk rootwait  ip=dhcp  root=PARTUUID=00000000-02 rw rootfstype=ext4 rootwait 
root@am57xx-evm:~# 
- 07:33:21 [INFO] Host: uname -a
- 07:33:21 [INFO] Target: 
uname -a
Linux am57xx-evm 4.2.0-rc5-next-20150806-00002-gb02e4bafb13b #1 SMP Thu Aug 6 06:33:20 CDT 2015 armv7l GNU/Linux
root@am57xx-evm:~# 
- 07:33:21 [INFO] Host: cat /proc/mtd
- 07:33:21 [INFO] Target: 
cat /proc/mtd
dev:    size   erasesize  name
root@am57xx-evm:~# 
- 07:33:27 [INFO] Host: export IPERFHOST=192.168.0.1
- 07:33:27 [INFO] Target: 
export IPERFHOST=192.168.0.1
root@am57xx-evm:~# 
- 07:33:27 [INFO] Host: export NFS_SERVER=192.168.0.1
- 07:33:27 [INFO] Target: 
export NFS_SERVER=192.168.0.1
root@am57xx-evm:~# 
- 07:33:27 [INFO] Host: export NFS_ROOT_PATH=/home/tigtfarm03/NFS_exports/am57xx-evm1/
- 07:33:27 [INFO] Target: 
export NFS_ROOT_PATH=/home/tigtfarm03/NFS_exports/am57xx-evm1 
root@am57xx-evm:~# 
- 07:33:27 [INFO] Host: mkdir -p -m 777 /test
- 07:33:27 [INFO] Target: 
mkdir -p -m 777 /test
root@am57xx-evm:~# 
- 07:33:27 [INFO] Host: cd /test
- 07:33:27 [INFO] Target: 
cd /test
root@am57xx-evm:/test# 
- 07:33:27 [INFO] Host: cat > test.sh << EOF
- 07:33:27 [INFO] Target: 
cat > test.sh << EOF
- 07:33:27 [INFO] Host: failtest() {
- 07:33:27 [INFO] Target: 
failtest() {
- 07:33:27 [INFO] Host:   echo 1 >&3
- 07:33:27 [INFO] Target: 
  echo 1 >&3
- 07:33:27 [INFO] Host: }
- 07:33:28 [INFO] Target: 
- 07:33:28 [INFO] Host: timeout=600
- 07:33:28 [INFO] Target: 
timeout=600
- 07:33:28 [INFO] Host: 
- 07:33:28 [INFO] Target: 
- 07:33:28 [INFO] Host: # Start of user's script logic
- 07:33:28 [INFO] Target: 
# Start of user's script logic
- 07:33:28 [INFO] Host: mount -t proc proc /proc 2>/dev/null;
- 07:33:28 [INFO] Target: 
mount -t proc proc /proc 2>/dev/null;
- 07:33:28 [INFO] Host: 
- 07:33:28 [INFO] Target: 
- 07:33:28 [INFO] Host: mount -t sysfs sys /sys 2>/dev/null;
- 07:33:28 [INFO] Target: 
mount -t sysfs sys /sys 2>/dev/null;
- 07:33:28 [INFO] Host: 
- 07:33:28 [INFO] Target: 
- 07:33:28 [INFO] Host: mount -t debugfs none /sys/kernel/debug 2>/dev/null;
- 07:33:28 [INFO] Target: 
mount -t debugfs none /sys/kernel/debug 2>/dev/null;
- 07:33:28 [INFO] Host: 
- 07:33:28 [INFO] Target: 
- 07:33:28 [INFO] Host: echo 'cpuinfo:';cat /proc/cpuinfo; echo '=======';
- 07:33:29 [INFO] Target: 
echo 'cpuinfo:';cat /proc/cpuinfo; echo '=======';
- 07:33:29 [INFO] Host: 
- 07:33:29 [INFO] Target: 
- 07:33:29 [INFO] Host: echo 'soc info:';head /sys/devices/soc0/* 2>/dev/null; echo '=======';
- 07:33:29 [INFO] Target: 
echo 'soc info:';head /sys/devices/soc0/* 2>/dev/null; echo '=======';
- 07:33:29 [INFO] Host: 
- 07:33:29 [INFO] Target: 
- 07:33:29 [INFO] Host: echo 'DT Model info'; head /proc/device-tree/name /proc/device-tree/model /proc/device-tree/compatible 2>/dev/null;echo; echo '=======';
- 07:33:29 [INFO] Target: 
echo 'DT Model info'; head /proc/device-tree/name /proc/device-tree/model /pro 
c/device-tree/compatible 2>/dev/null;echo; echo '=======';
- 07:33:29 [INFO] Host: 
- 07:33:29 [INFO] Target: 
- 07:33:29 [INFO] Host: echo 'interrupts:';cat /proc/interrupts; echo '=======';
- 07:33:29 [INFO] Target: 
echo 'interrupts:';cat /proc/interrupts; echo '=======';
- 07:33:29 [INFO] Host: 
- 07:33:29 [INFO] Target: 
- 07:33:29 [INFO] Host: echo 'Clk_summary:';cat /sys/kernel/debug/clk/clk_summary; echo '=======';
- 07:33:29 [INFO] Target: 
echo 'Clk_summary:';cat /sys/kernel/debug/clk/clk_summary; echo '=======';
- 07:33:29 [INFO] Host: 
- 07:33:29 [INFO] Target: 
- 07:33:29 [INFO] Host: echo "Available frequencies"; cat /sys/devices/system/cpu/cpu0/cpufreq/scaling_available_frequencies 2>/dev/null;echo '=======';
- 07:33:30 [INFO] Target: 
echo "Available frequencies"; cat /sys/devices/system/cpu/cpu0/cpufreq/scaling 
_available_frequencies 2>/dev/null;echo '=======';
- 07:33:30 [INFO] Host: 
- 07:33:30 [INFO] Target: 
- 07:33:30 [INFO] Host: TMPF=/tmp/a.\$\$; TMPF2=/tmp/b.\$\$; STR=""
- 07:33:30 [INFO] Target: 
TMPF=/tmp/a.\$\$; TMPF2=/tmp/b.\$\$; STR=""
- 07:33:30 [INFO] Host: 
- 07:33:30 [INFO] Target: 
- 07:33:30 [INFO] Host: cp /dev/kmsg \$TMPF &
- 07:33:30 [INFO] Target: 
cp /dev/kmsg \$TMPF &
- 07:33:30 [INFO] Host: 
- 07:33:30 [INFO] Target: 
- 07:33:30 [INFO] Host: PID=\$! ; sleep 5; kill -9 \$PID
- 07:33:30 [INFO] Target: 
PID=\$! ; sleep 5; kill -9 \$PID
- 07:33:30 [INFO] Host: 
- 07:33:30 [INFO] Target: 
- 07:33:30 [INFO] Host: 
- 07:33:30 [INFO] Target: 
- 07:33:30 [INFO] Host: 
- 07:33:31 [INFO] Target: 
- 07:33:31 [INFO] Host: cat \$TMPF|grep "^0">\$TMPF2; N=\`cat \$TMPF2|wc -l\`; if [ "\$N" -ne 0 ]; then STR="\$STR emerg=\$N";echo "===== EMERGE++";cat \$TMPF2|cut -d ';' -f2;echo "====="; fi
- 07:33:31 [INFO] Target: 
cat \$TMPF|grep "^0">\$TMPF2; N=\`cat \$TMPF2|wc -l\`; if [ "\$N" -ne 0 ]; the 
n STR="\$STR emerg=\$N";echo "===== EMERGE++";cat \$TMPF2|cut -d ';' -f2;echo "= 
===="; fi
- 07:33:31 [INFO] Host: 
- 07:33:31 [INFO] Target: 
- 07:33:31 [INFO] Host: cat \$TMPF|grep "^1">\$TMPF2; N=\`cat \$TMPF2|wc -l\`; if [ "\$N" -ne 0 ]; then STR="\$STR alert=\$N";echo "===== ALERT ==";cat \$TMPF2|cut -d ';' -f2;echo "====="; fi
- 07:33:31 [INFO] Target: 
cat \$TMPF|grep "^1">\$TMPF2; N=\`cat \$TMPF2|wc -l\`; if [ "\$N" -ne 0 ]; the 
n STR="\$STR alert=\$N";echo "===== ALERT ==";cat \$TMPF2|cut -d ';' -f2;echo "= 
===="; fi
- 07:33:31 [INFO] Host: 
- 07:33:31 [INFO] Target: 
- 07:33:31 [INFO] Host: cat \$TMPF|grep "^2">\$TMPF2; N=\`cat \$TMPF2|wc -l\`; if [ "\$N" -ne 0 ]; then STR="\$STR crit=\$N";echo "===== CRIT ==";cat \$TMPF2|cut -d ';' -f2;echo "====="; fi
- 07:33:31 [INFO] Target: 
cat \$TMPF|grep "^2">\$TMPF2; N=\`cat \$TMPF2|wc -l\`; if [ "\$N" -ne 0 ]; the 
n STR="\$STR crit=\$N";echo "===== CRIT ==";cat \$TMPF2|cut -d ';' -f2;echo "=== 
=="; fi
- 07:33:31 [INFO] Host: 
- 07:33:31 [INFO] Target: 
- 07:33:31 [INFO] Host: cat \$TMPF|grep "^3">\$TMPF2; N=\`cat \$TMPF2|wc -l\`; if [ "\$N" -ne 0 ]; then STR="\$STR err=\$N";echo "===== ERR ==";cat \$TMPF2|cut -d ';' -f2;echo "=====" ;fi
- 07:33:31 [INFO] Target: 
cat \$TMPF|grep "^3">\$TMPF2; N=\`cat \$TMPF2|wc -l\`; if [ "\$N" -ne 0 ]; the 
n STR="\$STR err=\$N";echo "===== ERR ==";cat \$TMPF2|cut -d ';' -f2;echo "===== 
" ;fi
- 07:33:31 [INFO] Host: 
- 07:33:31 [INFO] Target: 
- 07:33:31 [INFO] Host: cat \$TMPF|grep "^4">\$TMPF2; N=\`cat \$TMPF2|wc -l\`; if [ "\$N" -ne 0 ]; then STR="\$STR warn=\$N";echo "===== WARN ==";cat \$TMPF2|cut -d ';' -f2;echo "=====" ;fi
- 07:33:31 [INFO] Target: 
cat \$TMPF|grep "^4">\$TMPF2; N=\`cat \$TMPF2|wc -l\`; if [ "\$N" -ne 0 ]; the 
n STR="\$STR warn=\$N";echo "===== WARN ==";cat \$TMPF2|cut -d ';' -f2;echo "=== 
==" ;fi
- 07:33:31 [INFO] Host: 
- 07:33:32 [INFO] Target: 
- 07:33:32 [INFO] Host: rm \$TMPF \$TMPF2; echo "SUM""MARY RESULT: BOOT:" 'PASS: H''ello World' 'B''oard' "Booted" "Boot Log has::::\$STR:"
- 07:33:32 [INFO] Target: 
rm \$TMPF \$TMPF2; echo "SUM""MARY RESULT: BOOT:" 'PASS: H''ello World' 'B''oa 
rd' "Booted" "Boot Log has::::\$STR:"
- 07:33:32 [INFO] Host: 
- 07:33:32 [INFO] Target: 
- 07:33:32 [INFO] Host: EOF
- 07:33:32 [INFO] Target: 
root@am57xx-evm:/test# 
- 07:33:32 [INFO] Host: cd /test
- 07:33:32 [INFO] Target: 
cd /test
root@am57xx-evm:/test# 
- 07:33:32 [INFO] Host: chmod +x test.sh
- 07:33:32 [INFO] Target: 
chmod +x test.sh
root@am57xx-evm:/test# 
- 07:33:32 [INFO] Host: ./test.sh 2> stderr.log > stdout.log 3> result.log
- 07:33:37 [INFO] Target: 
./test.sh 2> stderr.log > stdout.log 3> result.log
root@am57xx-evm:/test# 
- 07:33:37 [INFO] Host: echo $?
- 07:33:37 [INFO] Target: 
echo $?
root@am57xx-evm:/test# 
- 07:33:37 [INFO] Host: cd /test
- 07:33:37 [INFO] Target: 
cd /test
root@am57xx-evm:/test# 
- 07:33:37 [INFO] Host: cat stdout.log
- 07:33:38 [INFO] Target: 
cat stdout.log
cpuinfo:
processor	: 0
model name	: ARMv7 Processor rev 2 (v7l)
BogoMIPS	: 12.29
Features	: half thumb fastmult vfp edsp thumbee neon vfpv3 tls vfpv4 idiva idivt vfpd32 lpae evtstrm 
CPU implementer	: 0x41
CPU architecture: 7
CPU variant	: 0x2
CPU part	: 0xc0f
CPU revision	: 2
processor	: 1
model name	: ARMv7 Processor rev 2 (v7l)
BogoMIPS	: 12.29
Features	: half thumb fastmult vfp edsp thumbee neon vfpv3 tls vfpv4 idiva idivt vfpd32 lpae evtstrm 
CPU implementer	: 0x41
CPU architecture: 7
CPU variant	: 0x2
CPU part	: 0xc0f
CPU revision	: 2
Hardware	: Generic DRA74X (Flattened Device Tree)
Revision	: 0000
Serial		: 0000000000000000
=======
soc info:
==> /sys/devices/soc0/family <==
DRA7
==> /sys/devices/soc0/machine <==
DRA752
==> /sys/devices/soc0/power <==
==> /sys/devices/soc0/revision <==
ES1.1
==> /sys/devices/soc0/subsystem <==
==> /sys/devices/soc0/type <==
==> /sys/devices/soc0/uevent <==
=======
DT Model info
==> /proc/device-tree/name <==
==> /proc/device-tree/model <==
TI AM5728 BeagleBoard-X15
==> /proc/device-tree/compatible <==
ti,am572x-beagle-x15ti,am5728ti,dra742ti,dra74ti,dra7
=======
interrupts:
           CPU0       CPU1       
 16:          0          0      CBAR  32 Edge      gp_timer
 19:       2013       1088       GIC  27 Edge      arch_timer
 22:          1          0      CBAR   4 Edge      l3-dbg-irq
 23:          1          0     WUGEN  10 Edge      l3-app-irq
 29:       4716          0      CBAR   8 Edge      omap-dma-engine
 33:          1          0  4ae10000.gpio   0 Level     palmas
225:          0          0  4805d000.gpio  27 Edge      4809c000.mmc cd
296:       8599          0      CBAR  69 Edge      OMAP UART2
309:        610          0      CBAR  51 Edge      48070000.i2c
310:         34          0      CBAR  56 Edge      48060000.i2c
311:       5842          0      CBAR  78 Edge      mmc1
312:        891          0      CBAR  81 Edge      mmc0
313:         65          0      CBAR  49 Edge      4a140000.sata
315:          1          0      CBAR  72 Edge    
316:          1          0      CBAR  87 Edge    
318:         27          0      CBAR 335 Edge      48484000.ethernet
319:         30          0      CBAR 336 Edge      48484000.ethernet
389:          0          0   pinctrl 1016 Edge      48020000.serial
390:          0          0    palmas   8 Edge      48070000.i2c:tps659038@58:tps659038_rtc
392:          0          0      CBAR   2 Edge      mcp7941x
IPI0:          0          1  CPU wakeup interrupts
IPI1:          0          0  Timer broadcast interrupts
IPI2:       1648       2314  Rescheduling interrupts
IPI3:          0          0  Function call interrupts
IPI4:         37         24  Single function call interrupts
IPI5:          0          0  CPU stop interrupts
IPI6:          0          0  IRQ work interrupts
IPI7:          0          0  completion interrupts
Err:          0
=======
Clk_summary:
   clock                         enable_cnt  prepare_cnt        rate   accuracy   phase
----------------------------------------------------------------------------------------
 dummy_ck                                 0            0           0          0 0  
 video2_m2_clkin_ck                       0            0         
- 07:33:38 [INFO] Host: cat stderr.log
- 07:33:40 [INFO] Target: 
  0 0  
    video2_dclk_div                       0            0           0          0 0  
 video2_clkin_ck                          0            0           0          0 0  
    video2_div_clk                        0            0           0          0 0  
    video2_clk2_div                       0            0           0          0 0  
 video1_m2_clkin_ck                       0            0           0          0 0  
    video1_dclk_div                       0            0           0          0 0  
 video1_clkin_ck                          0            0           0          0 0  
    video1_div_clk                        0            0           0          0 0  
    video1_clk2_div                       0            0           0          0 0  
 usb_otg_clkin_ck            cat stderr.log
             0            0           0          0 0  
    usb_otg_dclk_div                      0            0           0          0 0  
 sys_clkin2                               0            0    22579200          0 0  
    abe_dpll_sys_clk_mux                  0            0    22579200          0 0  
       abe_dpll_clk_mux                   0            0    22579200          0 0  
          dpll_abe_ck                     0            0   180633600          0 0  
             dpll_abe_m2_ck               0            0   180633600          0 0  
                per_abe_x1_gfclk2_div           0            0   180633600          0 0  
                   mcasp8_aux_gfclk_mux           0            0   180633600          0 0  
                   mcasp7_aux_gfclk_mux           0            0   180633600          0 0  
                   mcasp6_aux_gfclk_mux           0            0   180633600          0 0  
                   mcasp5_aux_gfclk_mux           0            0   180633600          0 0  
                   mcasp4_aux_gfclk_mux           0            0   180633600          0 0  
                   mcasp3_aux_gfclk_mux           0            0   180633600          0 0  
                   mcasp2_aux_gfclk_mux           0            0   180633600          0 0  
                   mcasp1_aux_gfclk_mux           0            0   180633600          0 0  
                per_abe_x1_dclk_div           0            0   180633600          0 0  
             dpll_abe_x2_ck               0            0   361267200          0 0  
                dpll_abe_m3x2_ck           0            0   180633600          0 0  
                   usb_dpll_hs_clk_div           0            0    60211200          0 0  
                   per_dpll_hs_clk_div           0            0    90316800          0 0  
                dpll_abe_m2x2_ck           0            0   361267200          0 0  
                   abe_lp_clk_div           0            0    22579200          0 0  
                   abe_24m_fclk           0            0    45158400          0 0  
                      mcasp8_ahclk_mux           0            0    45158400          0 0  
                      mcasp7_ahclkx_mux           0            0    45158400          0 0  
                      mcasp6_ahclkx_mux           0            0    45158400          0 0  
                      mcasp5_ahclkx_mux           0            0    45158400          0 0  
                      mcasp4_ahclkx_mux           0            0    45158400          0 0  
                      mcasp3_ahclkx_mux           0            0    45158400          0 0  
                      mcasp2_ahclkx_mux           0            0    45158400          0 0  
                      mcasp2_ahclkr_mux           0            0    45158400          0 0  
                      mcasp1_ahclkx_mux           0            0    45158400          0 0  
                      mcasp1_ahclkr_mux           0            0    45158400          0 0  
                   ipu1_gfclk_mux           0            0   361267200          0 0  
                   abe_clk                0            0   361267200          0 0  
                      aess_fclk           0            0   361267200          0 0  
                         abe_giclk_div           0            0   361267200          0 0  
       abe_dpll_bypass_clk_mux            0            0    22579200          0 0  
    sys_clk2_dclk_div                     0            0    22579200          0 0  
 virt_38400000_ck                         0            0    38400000          0 0  
 virt_27000000_ck                         0            0    27000000          0 0  
 virt_26000000_ck                         0            0    26000000          0 0  
 virt_20000000_ck                         1            1    20000000          0 0  
    sys_clkin1                            6           13    20000000          0 0  
       wkupaon_iclk_mux                  10           12    20000000          0 0  
          l3instr_ts_gclk_div             0            0      625000          0 0  
       sata_ref_clk                       3            3    20000000          0 0  
       dpll_usb_ck                        0            1   960000000          0 0  
          dpll_usb_clkdcoldo              0            1   960000000          0 0  
             l3init_960m_gfclk            0            2   960000000          0 0  
                usb_otg_ss2_refclk960m           0            2   960000000          0 0  
                usb_otg_ss1_refclk960m           0            2   960000000          0 0  
          dpll_usb_m2_ck                  0            0   480000000          0 0  
             l3init_480m_dclk_div           0            0   480000000          0 0  
             l3init_60m_fclk              0            0    60000000          0 0  
       dpll_usb_byp_mux                   0            0    20000000          0 0  
       dpll_per_ck                        1            1   384000000          0 0  
          dpll_per_x2_ck                  1            3   768000000          0 0  
             dpll_per_m2x2_ck             1            5   192000000          0 0  
                mmc2_fclk_mux             0            1   192000000          0 0  
                   mmc2_fclk_div           0            1    96000000          0 0  
                mmc1_fclk_mux             0            1   192000000          0 0  
                   mmc1_fclk_div           0            1    96000000          0 0  
                func_96m_fclk             0            5    96000000          0 0  
                func_48m_fclk             2           18    48000000          0 0  
                   uart6_gfclk_mux           0            1    48000000          0 0  
                   uart10_gfclk_mux           0            1    48000000          0 0  
                   uart9_gfclk_mux           0            1    48000000          0 0  
                   uart8_gfclk_mux           0            1    48000000          0 0  
                   uart7_gfclk_mux           0            1    48000000          0 0  
                   uart5_gfclk_mux           0            1    48000000          0 0  
                   uart4_gfclk_mux           0            1    48000000          0 0  
                   uart3_gfclk_mux           1            1    48000000          0 0  
                   uart2_gfclk_mux           0            1    48000000          0 0  
                   uart1_gfclk_mux           0            1    48000000          0 0  
                   mmc4_gfclk_mux           0            1    48000000          0 0  
                      mmc4_gfclk_div           0            1    48000000          0 0  
                   mmc3_gfclk_mux           0            1    48000000          0 0  
                      mmc3_gfclk_div           0            1    48000000          0 0  
                   dss_48mhz_clk           0            2    48000000          0 0  
                func_12m_fclk             0            1    12000000          0 0  
             dpll_per_h14x2_ck            0            0   384000000          0 0  
             dpll_per_h13x2_ck            0            0   192000000          0 0  
             dpll_per_h12x2_ck            0            1   192000000          0 0  
                dss_dss_clk               0            3   192000000          0 0  
             dpll_per_h11x2_ck            0            1   256000000          0 0  
                func_128m_clk             0            1   128000000          0 0  
                   qspi_gfclk_mux           0            1   128000000          0 0  
                      qspi_gfclk_div           0            1   128000000          0 0  
          dpll_per_m2_ck                  0            0    96000000          0 0  
             func_24m_clk                 0            0    24000000          0 0  
             func_96m_aon_dclk_div           0            0    96000000          0 0  
       dpll_per_byp_mux                   0            0    20000000          0 0  
       dpll_pcie_ref_ck                   0            0  1500000000          0 0  
          dpll_pcie_ref_m2_ck             0            0  1500000000          0 0  
             pcie2_dclk_div               0            0  1500000000          0 0  
          dpll_pcie_ref_m2ldo_ck           0            0   100000000          0 0  
             apll_pcie_in_clk_mux           0            0   100000000          0 0  
                apll_pcie_ck              0            0   100000000          0 0  
                   apll_pcie_m2_ck           0            0   100000000          0 0  
                      pcie_dclk_div           0            0   100000000          0 0  
                   apll_pcie_clkvcoldo_div           0            0   100000000          0 0  
                   apll_pcie_clkvcoldo           0            0   100000000          0 0  
                   optfclk_pciephy2_clk           0            0   100000000          0 0  
                   optfclk_pciephy1_clk           0            0   100000000          0 0  
                   optfclk_pciephy_div           0            0   100000000          0 0  
                      optfclk_pciephy2_div_clk           0            0   100000000          0 0  
                      optfclk_pciephy1_div_clk           0            0   100000000          0 0  
       dpll_eve_byp_mux                   0            0    20000000          0 0  
          dpll_eve_ck                     0            0    20000000          0 0  
             dpll_eve_m2_ck               0            0    20000000          0 0  
                eve_clk                   0            0    20000000          0 0  
                eve_dclk_div              0            0    20000000          0 0  
       dpll_gmac_ck                       3            3  1000000000          0 0  
          dpll_gmac_x2_ck                 0            0  2000000000          0 0  
             dpll_gmac_m3x2_ck            0            0   200000000          0 0  
             dpll_gmac_h13x2_ck           0            0   200000000          0 0  
             dpll_gmac_h12x2_ck           0            0   250000000          0 0  
             dpll_gmac_h11x2_ck           0            0    50000000          0 0  
                gmii_m_clk_div            0            0    25000000          0 0  
          dpll_gmac_m2_ck                 0            0   250000000          0 0  
             gmac_250m_dclk_div           0            0   250000000          0 0  
             gmac_gmii_ref_clk_div           0            0   125000000          0 0  
       dpll_gmac_byp_mux                  0            0    20000000          0 0  
       dpll_ddr_ck                        0            0  1064000000          0 0  
          dpll_ddr_x2_ck                  0            0  2128000000          0 0  
             dpll_ddr_h11x2_ck            0            0   266000000          0 0  
          dpll_ddr_m2_ck                  0            0   532000000          0 0  
             emif_phy_dclk_div            0            0   532000000          0 0  
       dpll_ddr_byp_mux                   0            0    20000000          0 0  
       dpll_gpu_byp_mux                   0            0    20000000          0 0  
          dpll_gpu_ck                     0            0    20000000          0 0  
             dpll_gpu_m2_ck               0            0    20000000          0 0  
                gpu_dclk                  0            0    20000000          0 0  
       dpll_iva_byp_mux                   0            0    20000000          0 0  
          dpll_iva_ck                     0            0    20000000          0 0  
             dpll_iva_m2_ck               0            0    20000000          0 0  
                iva_dclk                  0            0    20000000          0 0  
       dpll_dsp_byp_mux                   0            0    20000000          0 0  
          dpll_dsp_ck                     0            0    20000000          0 0  
             dpll_dsp_x2_ck               0            0    20000000          0 0  
                dpll_dsp_m3x2_ck           0            0    20000000          0 0  
             dpll_dsp_m2_ck               0            0    20000000          0 0  
                dsp_gclk_div              0            0    20000000          0 0  
       dpll_mpu_ck                        1            1  1000000000          0 0  
          dpll_mpu_m2_ck                  1            1  1000000000          0 0  
             mpu_dclk_div                 0            0  1000000000          0 0  
       dpll_core_ck                       1            1  1064000000          0 0  
          dpll_core_m2_ck                 0            0   532000000          0 0  
             core_dpll_out_dclk_div           0            0   532000000          0 0  
          dpll_core_x2_ck                 2            3  2128000000          0 0  
             dpll_core_h24x2_ck           0            1   354666667          0 0  
             dpll_core_h23x2_ck           0            0   532000000          0 0  
             dpll_core_h22x2_ck           0            0   425600000          0 0  
             dpll_core_h14x2_ck           0            0   425600000          0 0  
                gpu_hyd_gclk_mux           0            0   425600000          0 0  
                gpu_core_gclk_mux           0            0   425600000          0 0  
             dpll_core_h13x2_ck           4            8    34322581          0 0  
             dpll_core_h12x2_ck           1            1   532000000          0 0  
                l3_iclk_div              90          102   266000000          0 0  
                   dss_deshdcp_clk           1            2   266000000          0 0  
                   vip3_gclk_mux           0            0   266000000          0 0  
                   vip2_gclk_mux           0            0   266000000          0 0  
                   vip1_gclk_mux           0            0   266000000          0 0  
                   gmac_rft_clk_mux           0            0   266000000          0 0  
                   atl_gfclk_mux           0            1   266000000          0 0  
                      atl_clkin3_ck           0            0   266000000          0 0  
                      atl_clkin2_ck           0            0   266000000          0 0  
                      atl_clkin1_ck           0            0   266000000          0 0  
                      atl_clkin0_ck           0            0   266000000          0 0  
                   l4_root_clk_div           8           11   133000000          0 0  
                eve_dpll_hs_clk_div           0            0   532000000          0 0  
                iva_dpll_hs_clk_div           0            0   532000000          0 0  
                dsp_dpll_hs_clk_div           0            0   532000000          0 0  
                mpu_dpll_hs_clk_div           0            0   532000000          0 0  
       dpll_core_byp_mux                  0            0    20000000          0 0  
       dcan1_sys_clk_mux                  0            1    20000000          0 0  
       video2_dpll_clk_mux                0            1    20000000          0 0  
          dss_video2_clk                  0            1    20000000          0 0  
       video1_dpll_clk_mux                0            1    20000000          0 0  
          dss_video1_clk                  0            1    20000000          0 0  
       timer_sys_clk_div                  0           14    20000000          0 0  
          timer9_gfclk_mux                0            1    20000000          0 0  
          timer4_gfclk_mux                0            1    20000000          0 0  
          timer3_gfclk_mux                0            1    20000000          0 0  
          timer2_gfclk_mux                0            1    20000000          0 0  
          timer16_gfclk_mux               0            1    20000000          0 0  
          timer15_gfclk_mux               0            1    20000000          0 0  
          timer14_gfclk_mux               0            1    20000000          0 0  
          timer13_gfclk_mux               0            1    20000000          0 0  
          timer11_gfclk_mux               0            1    20000000          0 0  
          timer10_gfclk_mux               0            1    20000000          0 0  
          timer8_gfclk_mux                0            1    20000000          0 0  
          timer7_gfclk_mux                0            1    20000000          0 0  
          timer6_gfclk_mux                0            1    20000000          0 0  
          timer5_gfclk_mux                0            1    20000000          0 0  
       hdmi_dpll_clk_mux                  0            1    20000000          0 0  
          dss_hdmi_clk                    0            2    20000000          0 0  
       custefuse_sys_gfclk_div            0            0    10000000          0 0  
       emu_dclk_div                       0            0    20000000          0 0  
       sata_dclk_div                      0            0    20000000          0 0  
       sys_clk1_dclk_div                  0            0    20000000          0 0  
          clkoutmux2_clk_mux              0            0    20000000          0 0  
             clkout2_clk                  0            0    20000000          0 0  
          clkoutmux1_clk_mux              0            0    20000000          0 0  
          clkoutmux0_clk_mux              0            0    20000000          0 0  
       adc_gfclk_mux                      0            0    20000000          0 0  
       abe_sys_clk_div                    0            0    20000000          0 0  
 virt_19200000_ck                         0            0    19200000          0 0  
 virt_16800000_ck                         0            0    16800000          0 0  
 virt_13000000_ck                         0            0    13000000          0 0  
 virt_12000000_ck                         0            0    12000000          0 0  
 sys_32k_ck                               1           18       32768          0 0  
    timer1_gfclk_mux                      1            1       32768          0 0  
    gpio1_dbclk                           0            1       32768          0 0  
    atl_dpll_clk_mux                      0            0       32768          0 0  
    usb_phy3_always_on_clk32k             0            0       32768          0 0  
    usb_phy2_always_on_clk32k             0            1       32768          0 0  
    usb_phy1_always_on_clk32k             0            1       32768          0 0  
    mmc4_clk32k                           0            1       32768          0 0  
    mmc3_clk32k                           0            1       32768          0 0  
    mmc2_clk32k                           0            1       32768          0 0  
    mmc1_clk32k                           0            1       32768          0 0  
    gpio8_dbclk                           0            1       32768          0 0  
    gpio7_dbclk                           0            1       32768          0 0  
    gpio6_dbclk                           0            1       32768          0 0  
    gpio5_dbclk                           0            1       32768          0 0  
    gpio4_dbclk                           0            1       32768          0 0  
    gpio3_dbclk                           0            1       32768          0 0  
    gpio2_dbclk                           0            1       32768          0 0  
    dss_32khz_clk                         0            1       32768          0 0  
    optfclk_pciephy2_32khz                0            0       32768          0 0  
    optfclk_pciephy1_32khz                0            0       32768          0 0  
 secure_32k_clk_src_ck                    0            0       32768          0 0  
    secure_32k_dclk_div                   0            0       32768          0 0  
 sdvenc_clkin_ck                          0            0           0          0 0  
 rmii_clk_ck                              0            0           0          0 0  
 ref_clkin3_ck                            0            0           0          0 0  
 ref_clkin2_ck                            0            0           0          0 0  
 ref_clkin1_ck                            0            0           0          0 0  
 ref_clkin0_ck                            0            0           0          0 0  
 pciesref_acs_clk_ck                      0            0   100000000          0 0  
 mlbp_clkin_ck                            0            0           0          0 0  
    mlbp_clk                              0            0           0          0 0  
 mlb_clkin_ck                             0            0           0          0 0  
    mlb_clk                               0            0           0          0 0  
 hdmi_clkin_ck                            0            0           0          0 0  
    hdmi_div_clk                          0            0           0          0 0  
    hdmi_clk2_div                         0            0           0          0 0  
    hdmi_dclk_div                         0            0           0          0 0  
=======
Available frequencies
1000000 1176000 
=======
===== ERR ==
/cpus/cpu@0 missing clock-frequency property
/cpus/cpu@1 missing clock-frequency property
omap_l3_noc 44000000.ocp: L3 debug error: target 2 mod:1 (unclearable)
omap_l3_noc 44000000.ocp: L3 application error: target 2 mod:1 (unclearable)
omap_hsmmc 4809c000.mmc: unable to get vmmc regulator -517
omap_voltage_late_init: Voltage driver support not added
udevd[93]: starting version 182
=====
===== WARN ==
Forcing write-allocate cache policy for SMP
omap_hwmod: l3_main_2 using broken dt data from ocp
irq: no irq domain found for /ocp/l4@4a000000/scm@2000/pinmux@1400 !
omap4_sram_init:Unable to allocate sram needed to handle errata I688
omap4_sram_init:Unable to get sram pool needed 
- 07:33:40 [INFO] Host: cat result.log
- 07:33:42 [ERROR] On command: cat result.log waiting for cat result.log.+?(?m-ix:^1[\0\n\r]+) >>> error: execution expired
- 07:33:42 [INFO] Target: 
g write-enable
IP-Config: Got DHCP answer from 192.168.0.1, my address is 192.168.0.246
, nameserver1=192.0.2.3
FAT-fs (mmcblk0p2): Volume was not properly unmounted. Some data may be corrupt. Please run fsck.
FAT-fs (mmcblk0p1): Volume was not properly unmounted. Some data may be corrupt. Please run fsck.
FAT-fs (mmcblk1p1): Volume was not properly unmounted. Some data may be corrupt. Please run fsck.
FAT-fs (mmcblk1p3): Volume was not properlycat result.log
 unmounted. Some data may be corrupt. Please run fsck.
=====
SUMMARY RESULT: BOOT: PASS: Hello World Board Booted Boot Log has:::: err=7 warn=13:
root@am57xx-evm:/test# cat stderr.log
./test.sh: line 33:   793 Killed                  cp /dev/kmsg $TMPF
root@am57xx-evm:/test# cat result.log
root@am57xx-evm:/test# 
- 07:33:42 [INFO] Host: cd /test
- 07:33:42 [INFO] Target: 
cd /test
root@am57xx-evm:/test# 
URL:gtsystest.telogy.design.ti.com/vatf/tigtfarm03/tigtfarm03_vatf@am57xx-evm1/tigtfarm0308_06_2015_07_32_33/files/session_iteration_1/test_1
