- 07:31:46 [INFO] Starting target session
- 07:31:46 [INFO] Connected to am57xx-evm via serial 
- 07:31:46 [INFO] Host: #check prompt
- 07:31:49 [ERROR] On command: #check prompt waiting for #check prompt.+?(?-mix:((?-mix:login:)|[Pp]assword)) >>> error: execution expired
- 07:31:49 [INFO] Target: 
#check prompt
root@am57xx-evm:/test# 
- 07:31:49 [INFO] Host: #check prompt
- 07:31:50 [INFO] Target: 
#check prompt
root@am57xx-evm:/test# 
- 07:31:50 [INFO] Host: sync;poweroff
- 07:31:59 [INFO] Target: 
sync;poweroff
Broadcast message from root@JStopping Dropbear SSH server: stopped /usr/sbin/dropbear (pid 713)
dropbear.
Stopping telnet daemon.
Stopping tiipclad daemon.
Stopping system message bus: dbus.
Error opening /dev/fb0: No such file or directory
Stopping syslogd/klogd: stopped syslogd (pid 751)
stopped klogd (pid 753)
done
Stopping thttpd.
Stopping Weston
stopping statd: done
ALSA: Storing mixer settings...
/usr/sbin/alsactl: save_state:1590: No soundcards found...
Stopping rpcbind daemon...
done.
Stopping Lighttpd Web Server: stopped /usr/sbin/lighttpd (pid 764)
lighttpd.
Deconfiguring network interfaces... done.
Stopping Matrix GUI applicationstart-stop-daemon: warning: killing process 770: No such process
***************************************************************
***************************************************************
NOTICE: This file system contains the followin GPLv3 packages:
	binutils
	elfutils
	gdbserver
	libdw1
	libelf1
	parted
If you do not wish to distribute GPLv3 components please remove
the above packages prior to distribution.  This can be done using
the opkg remove command.  i.e.:
    opkg remove <package>
Where <package> is the name printed in the list above
NOTE: If the package is a dependency of another package you
      will be notified of the dependent packages.  You should
      use the --force-removal-of-dependent-packages option to
      also remove the dependent packages as well
***************************************************************
***************************************************************
Sending all processes the TERM signal...
Sending all processes the KILL signal...
Unmounting remote filesystems...
Deactivating swap...
Unmounting local filesystems...
[ 1416.685652] EXT4-fs (mmcblk0p2): re-mounted. Opts: data=ordered
[ 1418.944822] reboot: Power down
- 07:31:59 [INFO] Disconnected serial from am57xx-evm
- 07:32:04 [INFO] Connected to am57xx-evm via serial 
- 07:32:04 [INFO] Host: 
- 07:32:05 [INFO] Target: 
  0 
U-Boot# 
- 07:32:05 [INFO] Host: 
- 07:32:05 [INFO] Target: 
U-Boot# 
- 07:32:05 [INFO] Host: version
- 07:32:06 [INFO] Target: 
version
U-Boot 2014.07-gb8febc6 (Dec 08 2014 - 14:47:18)
arm-linux-gnueabihf-gcc (crosstool-NG linaro-1.13.1-4.7-2013.03-20130313 - Linaro GCC 2013.03) 4.7.3 20130226 (prerelease)
GNU ld (crosstool-NG linaro-1.13.1-4.7-2013.03-20130313 - Linaro GCC 2013.03) 2.23.1
U-Boot# 
- 07:32:06 [INFO] Host: setenv bootargs 'console=ttyO2,115200n8  earlyprintk rootwait '
- 07:32:06 [INFO] Target: 
setenv bootargs 'console=ttyO2,115200n8  earlyprintk rootwait '
U-Boot# 
- 07:32:06 [INFO] Host: setenv bootcmd  ''
- 07:32:07 [INFO] Target: 
setenv bootcmd  ''
U-Boot# 
- 07:32:07 [INFO] Host: setenv autoload 'no'
- 07:32:07 [INFO] Target: 
setenv autoload 'no'
U-Boot# 
- 07:32:07 [INFO] Host: setenv serverip '192.168.0.1'
- 07:32:08 [INFO] Target: 
setenv serverip '192.168.0.1'
U-Boot# 
- 07:32:08 [INFO] Host: printenv
- 07:32:08 [INFO] Target: 
printenv
arch=arm
autoload=no
baudrate=115200
board=beagle_x15
board_name=beagle_x15
bootargs=console=ttyO2,115200n8  earlyprintk rootwait 
bootcmd=
bootdelay=1
bootdir=/boot
bootfile=zImage
bootm_size=0x10000000
bootpart=0:2
bootscript=echo Running bootscript from mmc${mmcdev} ...; source ${loadaddr}
console=ttyO2,115200n8
cpu=armv7
eth1addr=7c:66:9d:ec:f9:49
ethact=cpsw
ethaddr=7c:66:9d:ec:f9:48
fdt_addr_r=0x88000000
fdtaddr=0x88000000
fdtfile=undefined
findfdt=if test $board_name = omap5_uevm; then setenv fdtfile omap5-uevm.dtb; fi; if test $board_name = dra7xx; then setenv fdtfile dra7-evm.dtb; fi;if test $board_name = dra72x; then setenv fdtfile dra72-evm.dtb; fi;if test $board_name = beagle_x15; then setenv fdtfile am57xx-beagle-x15.dtb; fi;if test $fdtfile = undefined; then echo WARNING: Could not determine device tree to use; fi; 
importbootenv=echo Importing environment from mmc${mmcdev} ...; env import -t ${loadaddr} ${filesize}
kernel_addr_r=0x82000000
loadaddr=0x82000000
loadbootenv=fatload mmc ${mmcdev} ${loadaddr} uEnv.txt
loadbootscript=fatload mmc ${mmcdev} ${loadaddr} boot.scr
loadfdt=load mmc ${bootpart} ${fdtaddr} ${bootdir}/${fdtfile};
loadimage=load mmc ${bootpart} ${loadaddr} ${bootdir}/${bootfile}
mmcargs=setenv bootargs console=${console} ${optargs} vram=${vram} root=${mmcroot} rootfstype=${mmcrootfstype}
mmcboot=mmc dev ${mmcdev}; if mmc rescan; then echo SD/MMC found on device ${mmcdev};if run loadbootenv; then echo Loaded environment from ${bootenv};run importbootenv;fi;if test -n $uenvcmd; then echo Running uenvcmd ...;run uenvcmd;fi;if run loadimage; then run loadfdt; echo Booting from mmc${mmcdev} ...; run mmcargs; bootz ${loadaddr} - ${fdtaddr}; fi;fi;
mmcdev=0
mmcroot=/dev/mmcblk0p2 rw
mmcrootfstype=ext4 rootwait
partitions=uuid_disk=${uuid_gpt_disk};name=rootfs,start=2MiB,size=-,uuid=${uuid_gpt_rootfs}
ramdisk_addr_r=0x88080000
rdaddr=0x88080000
scsidevs=0
serverip=192.168.0.1
soc=omap5
stderr=serial
stdin=serial
stdout=serial
usbtty=cdc_acm
vendor=ti
ver=U-Boot 2014.07-gb8febc6 (Dec 08 2014 - 14:47:18)
vram=16M
Environment size: 2167/65532 bytes
U-Boot# 
- 07:32:08 [INFO] Host: printenv
- 07:32:09 [INFO] Target: 
printenv
arch=arm
autoload=no
baudrate=115200
board=beagle_x15
board_name=beagle_x15
bootargs=console=ttyO2,115200n8  earlyprintk rootwait 
bootcmd=
bootdelay=1
bootdir=/boot
bootfile=zImage
bootm_size=0x10000000
bootpart=0:2
bootscript=echo Running bootscript from mmc${mmcdev} ...; source ${loadaddr}
console=ttyO2,115200n8
cpu=armv7
eth1addr=7c:66:9d:ec:f9:49
ethact=cpsw
ethaddr=7c:66:9d:ec:f9:48
fdt_addr_r=0x88000000
fdtaddr=0x88000000
fdtfile=undefined
findfdt=if test $board_name = omap5_uevm; then setenv fdtfile omap5-uevm.dtb; fi; if test $board_name = dra7xx; then setenv fdtfile dra7-evm.dtb; fi;if test $board_name = dra72x; then setenv fdtfile dra72-evm.dtb; fi;if test $board_name = beagle_x15; then setenv fdtfile am57xx-beagle-x15.dtb; fi;if test $fdtfile = undefined; then echo WARNING: Could not determine device tree to use; fi; 
importbootenv=echo Importing environment from mmc${mmcdev} ...; env import -t ${loadaddr} ${filesize}
kernel_addr_r=0x82000000
loadaddr=0x82000000
loadbootenv=fatload mmc ${mmcdev} ${loadaddr} uEnv.txt
loadbootscript=fatload mmc ${mmcdev} ${loadaddr} boot.scr
loadfdt=load mmc ${bootpart} ${fdtaddr} ${bootdir}/${fdtfile};
loadimage=load mmc ${bootpart} ${loadaddr} ${bootdir}/${bootfile}
mmcargs=setenv bootargs console=${console} ${optargs} vram=${vram} root=${mmcroot} rootfstype=${mmcrootfstype}
mmcboot=mmc dev ${mmcdev}; if mmc rescan; then echo SD/MMC found on device ${mmcdev};if run loadbootenv; then echo Loaded environment from ${bootenv};run importbootenv;fi;if test -n $uenvcmd; then echo Running uenvcmd ...;run uenvcmd;fi;if run loadimage; then run loadfdt; echo Booting from mmc${mmcdev} ...; run mmcargs; bootz ${loadaddr} - ${fdtaddr}; fi;fi;
mmcdev=0
mmcroot=/dev/mmcblk0p2 rw
mmcrootfstype=ext4 rootwait
partitions=uuid_disk=${uuid_gpt_disk};name=rootfs,start=2MiB,size=-,uuid=${uuid_gpt_rootfs}
ramdisk_addr_r=0x88080000
rdaddr=0x88080000
scsidevs=0
serverip=192.168.0.1
soc=omap5
stderr=serial
stdin=serial
stdout=serial
usbtty=cdc_acm
vendor=ti
ver=U-Boot 2014.07-gb8febc6 (Dec 08 2014 - 14:47:18)
vram=16M
Environment size: 2167/65532 bytes
U-Boot# 
- 07:32:09 [INFO] Host: setenv bootargs ''${bootargs}' ip=dhcp '
- 07:32:09 [INFO] Target: 
setenv bootargs ''${bootargs}' ip=dhcp '
U-Boot# 
- 07:32:09 [INFO] Host: setenv serverip '192.168.0.1'
- 07:32:10 [INFO] Target: 
setenv serverip '192.168.0.1'
U-Boot# 
- 07:32:10 [INFO] Host: setenv ipaddr dhcp
- 07:32:10 [INFO] Target: 
setenv ipaddr dhcp
U-Boot# 
- 07:32:10 [INFO] Host: setenv autoload 'no'
- 07:32:11 [INFO] Target: 
setenv autoload 'no'
U-Boot# 
- 07:32:11 [INFO] Host: dhcp
- 07:32:12 [INFO] Target: 
dhcp
link up on port 0, speed 1000, full duplex
BOOTP broadcast 1
DHCP client bound to address 192.168.0.167
U-Boot# 
- 07:32:12 [INFO] Host: setenv serverip '192.168.0.1'
- 07:32:13 [INFO] Target: 
setenv serverip '192.168.0.1'
U-Boot# 
- 07:32:13 [INFO] Host: tftp ${loadaddr} 192.168.0.1:vatf_am57xx-evm/149aab0afd0097823b81d8b395b1e3dc
- 07:32:14 [INFO] Target: 
tftp ${loadaddr} 192.168.0.1:vatf_am57xx-evm/149aab0afd0097823b81d8b395b1e3dc
link up on port 0, speed 1000, full duplex
Using cpsw device
TFTP from server 192.168.0.1; our IP address is 192.168.0.167
Filename 'vatf_am57xx-evm/149aab0afd0097823b81d8b395b1e3dc'.
Load address: 0x82000000
Loading: *#################################################################
	 #################################################################
	 #################################################################
	 #################################################################
	 #################################################################
	 #################################################################
	 #########
	 12 MiB/s
done
Bytes transferred = 5845432 (5931b8 hex)
U-Boot# 
- 07:32:14 [INFO] Host: tftp ${fdt_addr_r} 192.168.0.1:vatf_am57xx-evm/b5b0ae568aea7ba9909607e2f0c5effa
- 07:32:14 [INFO] Target: 
tftp ${fdt_addr_r} 192.168.0.1:vatf_am57xx-evm/b5b0ae568aea7ba9909607e2f0c5effa
link up on port 0, speed 1000, full duplex
Using cpsw device
TFTP from server 192.168.0.1; our IP address is 192.168.0.167
Filename 'vatf_am57xx-evm/b5b0ae568aea7ba9909607e2f0c5effa'.
Load address: 0x88000000
Loading: *#####
	 9.5 MiB/s
done
Bytes transferred = 70079 (111bf hex)
U-Boot# 
- 07:32:14 [INFO] Host: ls mmc 0:1
- 07:32:15 [INFO] Target: 
ls mmc 0:1
   314400   u-boot.img 
    59268   mlo 
        4   ws-calibrate.rules 
3 file(s), 0 dir(s)
U-Boot# 
- 07:32:15 [INFO] Host: ls mmc 0:2
- 07:32:15 [INFO] Target: 
ls mmc 0:2
<DIR>       4096 .
<DIR>       4096 ..
<DIR>      16384 lost+found
<DIR>       4096 srv
<DIR>       4096 home
<DIR>       4096 media
<DIR>       4096 opt
<DIR>       4096 var
<DIR>       4096 sys
<DIR>       4096 boot
<DIR>       4096 dev
<DIR>       4096 usr
<DIR>       4096 bin
<DIR>       4096 mnt
<DIR>       4096 etc
<DIR>       4096 sbin
<DIR>       4096 www
<SYM>          8 tmp
<DIR>       4096 proc
<DIR>       4096 run
<DIR>       4096 lib
<DIR>       4096 test
U-Boot# 
- 07:32:15 [INFO] Host: part uuid mmc 0:2
- 07:32:16 [INFO] Target: 
part uuid mmc 0:2
00000000-02
U-Boot# 
- 07:32:16 [INFO] Host: printenv
- 07:32:16 [INFO] Target: 
printenv
arch=arm
autoload=no
baudrate=115200
board=beagle_x15
board_name=beagle_x15
bootargs=console=ttyO2,115200n8  earlyprintk rootwait  ip=dhcp 
bootcmd=
bootdelay=1
bootdir=/boot
bootfile=zImage
bootm_size=0x10000000
bootpart=0:2
bootscript=echo Running bootscript from mmc${mmcdev} ...; source ${loadaddr}
console=ttyO2,115200n8
cpu=armv7
dnsip=192.0.2.2
dnsip2=192.0.2.3
eth1addr=7c:66:9d:ec:f9:49
ethact=cpsw
ethaddr=7c:66:9d:ec:f9:48
fdt_addr_r=0x88000000
fdtaddr=0x88000000
fdtfile=undefined
fileaddr=88000000
filesize=111bf
findfdt=if test $board_name = omap5_uevm; then setenv fdtfile omap5-uevm.dtb; fi; if test $board_name = dra7xx; then setenv fdtfile dra7-evm.dtb; fi;if test $board_name = dra72x; then setenv fdtfile dra72-evm.dtb; fi;if test $board_name = beagle_x15; then setenv fdtfile am57xx-beagle-x15.dtb; fi;if test $fdtfile = undefined; then echo WARNING: Could not determine device tree to use; fi; 
gatewayip=192.168.0.1
importbootenv=echo Importing environment from mmc${mmcdev} ...; env import -t ${loadaddr} ${filesize}
ipaddr=192.168.0.167
kernel_addr_r=0x82000000
loadaddr=0x82000000
loadbootenv=fatload mmc ${mmcdev} ${loadaddr} uEnv.txt
loadbootscript=fatload mmc ${mmcdev} ${loadaddr} boot.scr
loadfdt=load mmc ${bootpart} ${fdtaddr} ${bootdir}/${fdtfile};
loadimage=load mmc ${bootpart} ${loadaddr} ${bootdir}/${bootfile}
mmcargs=setenv bootargs console=${console} ${optargs} vram=${vram} root=${mmcroot} rootfstype=${mmcrootfstype}
mmcboot=mmc dev ${mmcdev}; if mmc rescan; then echo SD/MMC found on device ${mmcdev};if run loadbootenv; then echo Loaded environment from ${bootenv};run importbootenv;fi;if test -n $uenvcmd; then echo Running uenvcmd ...;run uenvcmd;fi;if run loadimage; then run loadfdt; echo Booting from mmc${mmcdev} ...; run mmcargs; bootz ${loadaddr} - ${fdtaddr}; fi;fi;
mmcdev=0
mmcroot=/dev/mmcblk0p2 rw
mmcrootfstype=ext4 rootwait
netmask=255.255.255.0
partitions=uuid_disk=${uuid_gpt_disk};name=rootfs,start=2MiB,size=-,uuid=${uuid_gpt_rootfs}
ramdisk_addr_r=0x88080000
rdaddr=0x88080000
scsidevs=0
serverip=192.168.0.1
soc=omap5
stderr=serial
stdin=serial
stdout=serial
usbtty=cdc_acm
vendor=ti
ver=U-Boot 2014.07-gb8febc6 (Dec 08 2014 - 14:47:18)
vram=16M
Environment size: 2321/65532 bytes
U-Boot# 
- 07:32:16 [INFO] Host: setenv bootargs ''${bootargs}' root=PARTUUID=00000000-02 rw rootfstype=ext4 rootwait '
- 07:32:17 [INFO] Target: 
setenv bootargs ''${bootargs}' root=PARTUUID=00000000-02 rw rootfstype=ext4 rootwait '
U-Boot# 
- 07:32:17 [INFO] Host: printenv
- 07:32:17 [INFO] Target: 
printenv
arch=arm
autoload=no
baudrate=115200
board=beagle_x15
board_name=beagle_x15
bootargs=console=ttyO2,115200n8  earlyprintk rootwait  ip=dhcp  root=PARTUUID=00000000-02 rw rootfstype=ext4 rootwait 
bootcmd=
bootdelay=1
bootdir=/boot
bootfile=zImage
bootm_size=0x10000000
bootpart=0:2
bootscript=echo Running bootscript from mmc${mmcdev} ...; source ${loadaddr}
console=ttyO2,115200n8
cpu=armv7
dnsip=192.0.2.2
dnsip2=192.0.2.3
eth1addr=7c:66:9d:ec:f9:49
ethact=cpsw
ethaddr=7c:66:9d:ec:f9:48
fdt_addr_r=0x88000000
fdtaddr=0x88000000
fdtfile=undefined
fileaddr=88000000
filesize=111bf
findfdt=if test $board_name = omap5_uevm; then setenv fdtfile omap5-uevm.dtb; fi; if test $board_name = dra7xx; then setenv fdtfile dra7-evm.dtb; fi;if test $board_name = dra72x; then setenv fdtfile dra72-evm.dtb; fi;if test $board_name = beagle_x15; then setenv fdtfile am57xx-beagle-x15.dtb; fi;if test $fdtfile = undefined; then echo WARNING: Could not determine device tree to use; fi; 
gatewayip=192.168.0.1
importbootenv=echo Importing environment from mmc${mmcdev} ...; env import -t ${loadaddr} ${filesize}
ipaddr=192.168.0.167
kernel_addr_r=0x82000000
loadaddr=0x82000000
loadbootenv=fatload mmc ${mmcdev} ${loadaddr} uEnv.txt
loadbootscript=fatload mmc ${mmcdev} ${loadaddr} boot.scr
loadfdt=load mmc ${bootpart} ${fdtaddr} ${bootdir}/${fdtfile};
loadimage=load mmc ${bootpart} ${loadaddr} ${bootdir}/${bootfile}
mmcargs=setenv bootargs console=${console} ${optargs} vram=${vram} root=${mmcroot} rootfstype=${mmcrootfstype}
mmcboot=mmc dev ${mmcdev}; if mmc rescan; then echo SD/MMC found on device ${mmcdev};if run loadbootenv; then echo Loaded environment from ${bootenv};run importbootenv;fi;if test -n $uenvcmd; then echo Running uenvcmd ...;run uenvcmd;fi;if run loadimage; then run loadfdt; echo Booting from mmc${mmcdev} ...; run mmcargs; bootz ${loadaddr} - ${fdtaddr}; fi;fi;
mmcdev=0
mmcroot=/dev/mmcblk0p2 rw
mmcrootfstype=ext4 rootwait
netmask=255.255.255.0
partitions=uuid_disk=${uuid_gpt_disk};name=rootfs,start=2MiB,size=-,uuid=${uuid_gpt_rootfs}
ramdisk_addr_r=0x88080000
rdaddr=0x88080000
scsidevs=0
serverip=192.168.0.1
soc=omap5
stderr=serial
stdin=serial
stdout=serial
usbtty=cdc_acm
vendor=ti
ver=U-Boot 2014.07-gb8febc6 (Dec 08 2014 - 14:47:18)
vram=16M
Environment size: 2376/65532 bytes
U-Boot# 
- 07:32:17 [INFO] Host: setenv bootcmd ''${bootcmd}' if iminfo ${loadaddr}; then bootm ${loadaddr} - ${fdt_addr_r}; else bootz ${loadaddr} - ${fdt_addr_r}; bootm ${loadaddr} - ${fdt_addr_r}; fi'
- 07:32:18 [INFO] Target: 
setenv bootcmd ''${bootcmd}' if iminfo ${loadaddr}; then bootm ${loadaddr} - ${fdt_addr_r}; else bootz ${loadaddr} - ${fdt_addr_r}; bootm ${loadaddr} - ${fdt_addr_r}; fi'
U-Boot# 
- 07:32:18 [INFO] Host: bdinfo
- 07:32:18 [INFO] Target: 
bdinfo
arch_number = 0x00000000
boot_params = 0x80000100
DRAM bank   = 0x00000000
-> start    = 0x80000000
-> size     = 0x80000000
DRAM bank   = 0x00000001
-> start    = 0x00000000
-> size     = 0x00000000
eth0name    = cpsw
ethaddr     = 7c:66:9d:ec:f9:48
current eth = cpsw
ip_addr     = 192.168.0.167
baudrate    = 115200 bps
TLB addr    = 0xFFFF0000
relocaddr   = 0xFFF60000
reloc off   = 0x7F760000
irq_sp      = 0xFEF4FEE0
sp start    = 0xFEF4FED0
U-Boot# 
- 07:32:18 [INFO] Host: mmc rescan
- 07:32:19 [INFO] Target: 
mmc rescan
U-Boot# 
- 07:32:19 [INFO] Host: fatwrite mmc ${mmcdev}:1 ${loadaddr} ws-calibrate.rules 4
- 07:32:19 [INFO] Target: 
fatwrite mmc ${mmcdev}:1 ${loadaddr} ws-calibrate.rules 4
writing ws-calibrate.rules
4 bytes written
U-Boot# 
- 07:32:19 [INFO] Host: boot
- 07:32:44 [INFO] Target: 
boot
## Checking Image at 82000000 ...
Unknown image format!
Kernel image @ 0x82000000 [ 0x000000 - 0x5931b8 ]
## Flattened Device Tree blob at 88000000
   Booting using the fdt blob at 0x88000000
   Loading Device Tree to 8ffeb000, end 8ffff1be ... OK
Starting kernel ...
[    0.000000] Booting Linux on physical CPU 0x0
[    0.000000] Linux version 3.19.0-rc7-next-20150204-00002-g2c60f8b756d9 (nmenon@kahuna) (gcc version 4.6.3 (Ubuntu/Linaro 4.6.3-1ubuntu5) ) #1 SMP Thu Feb 5 06:26:50 CST 2015
[    0.000000] CPU: ARMv7 Processor [412fc0f2] revision 2 (ARMv7), cr=30c5387d
[    0.000000] CPU: PIPT / VIPT nonaliasing data cache, PIPT instruction cache
[    0.000000] Machine model: TI AM5728 BeagleBoard-X15
[    0.000000] cma: Reserved 64 MiB at 0x00000000fb800000
[    0.000000] Forcing write-allocate cache policy for SMP
[    0.000000] Memory policy: Data cache writealloc
[    0.000000] DRA752 ES1.1
[    0.000000] PERCPU: Embedded 11 pages/cpu @ee79f000 s12480 r8192 d24384 u45056
[    0.000000] Built 1 zonelists in Zone order, mobility grouping on.  Total pages: 522256
[    0.000000] Kernel command line: console=ttyO2,115200n8  earlyprintk rootwait  ip=dhcp  root=PARTUUID=00000000-02 rw rootfstype=ext4 rootwait 
[    0.000000] PID hash table entries: 4096 (order: 2, 16384 bytes)
[    0.000000] Dentry cache hash table entries: 131072 (order: 7, 524288 bytes)
[    0.000000] Inode-cache hash table entries: 65536 (order: 6, 262144 bytes)
[    0.000000] Memory: 1999072K/2095104K available (7652K kernel code, 937K rwdata, 3160K rodata, 784K init, 311K bss, 30496K reserved, 65536K cma-reserved, 1251328K highmem)
[    0.000000] Virtual kernel memory layout:
[    0.000000]     vector  : 0xffff0000 - 0xffff1000   (   4 kB)
[    0.000000]     fixmap  : 0xffc00000 - 0xfff00000   (3072 kB)
[    0.000000]     vmalloc : 0xf0000000 - 0xff000000   ( 240 MB)
[    0.000000]     lowmem  : 0xc0000000 - 0xef800000   ( 760 MB)
[    0.000000]     pkmap   : 0xbfe00000 - 0xc0000000   (   2 MB)
[    0.000000]     modules : 0xbf000000 - 0xbfe00000   (  14 MB)
[    0.000000]       .text : 0xc0208000 - 0xc0c975c4   (10814 kB)
[    0.000000]       .init : 0xc0c98000 - 0xc0d5c000   ( 784 kB)
[    0.000000]       .data : 0xc0d5c000 - 0xc0e467e0   ( 938 kB)
[    0.000000]        .bss : 0xc0e467e0 - 0xc0e946e0   ( 312 kB)
[    0.000000] SLUB: HWalign=64, Order=0-3, MinObjects=0, CPUs=2, Nodes=1
[    0.000000] Hierarchical RCU implementation.
[    0.000000] 	Additional per-CPU info printed with stalls.
[    0.000000] 	RCU restricting CPUs from NR_CPUS=8 to nr_cpu_ids=2.
[    0.000000] RCU: Adjusting geometry for rcu_fanout_leaf=16, nr_cpu_ids=2
[    0.000000] NR_IRQS:16 nr_irqs:16 16
[    0.000000] OMAP clockevent source: timer1 at 32768 Hz
[    0.000000] sched_clock: 32 bits at 32kHz, resolution 30517ns, wraps every 65536000000000ns
[    0.000000] OMAP clocksource: 32k_counter at 32768 Hz
[    0.000396] Architected cp15 timer(s) running at 6.14MHz (virt).
[    0.000400] sched_clock: 56 bits at 6MHz, resolution 162ns, wraps every 2794592043008ns
[    0.000411] Switching to timer-based delay loop, resolution 162ns
[    0.004674] Console: colour dummy device 80x30
[    0.004690] Calibrating delay loop (skipped), value calculated using timer frequency.. 12.29 BogoMIPS (lpj=30737)
[    0.004702] pid_max: default: 32768 minimum: 301
[    0.004787] Mount-cache hash table entries: 2048 (order: 1, 8192 bytes)
[    0.004796] Mountpoint-cache hash table entries: 2048 (order: 1, 8192 bytes)
[    0.005283] CPU: Testing write buffer coherency: ok
[    0.005464] /cpus/cpu@0 missing clock-frequency property
[    0.005496] /cpus/cpu@1 missing clock-frequency property
[    0.005506] CPU0: thread -1, cpu 0, socket 0, mpidr 80000000
[    0.005539] Setting up static identity map for 0x8093c900 - 0x8093c998
[    0.008244] CPU1: thread -1, cpu 1, socket 0, mpidr 80000001
[    0.008300] Brought up 2 CPUs
[    0.008312] SMP: Total of 2 processors activated (24.58 BogoMIPS).
[    0.008318] CPU: All CPU(s) started in SVC mode.
[    0.008664] devtmpfs: initialized
[    0.009298] VFP support v0.3: implementor 41 architecture 4 part 30 variant f rev 0
[    0.009348] omap_hwmod: l3_main_2 using broken dt data from ocp
[    0.089460] omap_hwmod: dss_core: _wait_target_disable failed
[    0.089471] omap_hwmod: dss_core: _wait_target_ready failed: -16
[    0.089479] omap_hwmod: dss_core: cannot be enabled for reset (3)
[    0.092004] omap_hwmod: dss_dispc: _wait_target_ready failed: -16
[    0.092012] omap_hwmod: dss_dispc: cannot be enabled for reset (3)
[    0.094525] omap_hwmod: dss_hdmi: _wait_target_ready failed: -16
[    0.094532] omap_hwmod: dss_hdmi: cannot be enabled for reset (3)
[    0.163803] omap_hwmod: pcie1: _wait_target_disable failed
[    0.170082] omap_hwmod: pcie2: _wait_target_disable failed
[    0.172484] pinctrl core: initialized pinctrl subsystem
[    0.189354] NET: Registered protocol family 16
[    0.191011] DMA: preallocated 256 KiB pool for atomic coherent allocations
[    0.205546] cpuidle: using governor ladder
[    0.220536] cpuidle: using governor menu
[    0.224052] OMAP GPIO hardware version 0.1
[    0.227496] irq: no irq domain found for /ocp/pinmux@4a003400 !
[    0.230296] platform 4e000000.dmm: Cannot lookup hwmod 'dmm'
[    0.235875] No ATAGs?
[    0.235900] hw-breakpoint: found 5 (+1 reserved) breakpoint and 4 watchpoint registers.
[    0.235908] hw-breakpoint: maximum watchpoint size is 8 bytes.
[    0.237182] OMAP DMA hardware revision 0.0
[    0.239216] Serial: AMBA PL011 UART driver
[    0.271501] omap-dma-engine 4a056000.dma-controller: OMAP DMA engine driver
[    0.271889] reg-fixed-voltage fixedregulator-vdd_3v3: Failed to find supply vin
[    0.271972] reg-fixed-voltage fixedregulator-vdd_3v3: Failed to register regulator: -517
[    0.271988] platform fixedregulator-vdd_3v3: Driver reg-fixed-voltage requests probe deferral
[    0.272174] reg-fixed-voltage fixedregulator-vtt: Failed to find supply vin
[    0.272265] reg-fixed-voltage fixedregulator-vtt: Failed to register regulator: -517
[    0.272279] platform fixedregulator-vtt: Driver reg-fixed-voltage requests probe deferral
[    0.274251] vgaarb: loaded
[    0.274747] SCSI subsystem initialized
[    0.275099] usbcore: registered new interface driver usbfs
[    0.275148] usbcore: registered new interface driver hub
[    0.275188] usbcore: registered new device driver usb
[    0.275791] omap_i2c 48070000.i2c: could not find pctldev for node /ocp/pinmux@4a003400/i2c1_pins_default, deferring probe
[    0.275802] platform 48070000.i2c: Driver omap_i2c requests probe deferral
[    0.275829] omap_i2c 48060000.i2c: could not find pctldev for node /ocp/pinmux@4a003400/i2c3_pins_default, deferring probe
[    0.275839] platform 48060000.i2c: Driver omap_i2c requests probe deferral
[    0.276202] Linux video capture interface: v2.00
[    0.276240] pps_core: LinuxPPS API ver. 1 registered
[    0.276246] pps_core: Software ver. 5.3.6 - Copyright 2005-2007 Rodolfo Giometti <giometti@linux.it>
[    0.276266] PTP clock support registered
[    0.276440] EDAC MC: Ver: 3.0.0
[    0.276833] Advanced Linux Sound Architecture Driver Initialized.
[    0.277606] Switched to clocksource arch_sys_counter
[    0.284659] NET: Registered protocol family 2
[    0.285096] TCP established hash table entries: 8192 (order: 3, 32768 bytes)
[    0.285159] TCP bind hash table entries: 8192 (order: 4, 65536 bytes)
[    0.285289] TCP: Hash tables configured (established 8192 bind 8192)
[    0.285330] TCP: reno registered
[    0.285340] UDP hash table entries: 512 (order: 2, 16384 bytes)
[    0.285369] UDP-Lite hash table entries: 512 (order: 2, 16384 bytes)
[    0.285490] NET: Registered protocol family 1
[    0.285672] RPC: Registered named UNIX socket transport module.
[    0.285679] RPC: Registered udp transport module.
[    0.285684] RPC: Registered tcp transport module.
[    0.285689] RPC: Registered tcp NFSv4.1 backchannel transport module.
[    0.286360] hw perfevents: enabled with armv7_cortex_a15 PMU driver, 7 counters available
[    0.287756] futex hash table entries: 512 (order: 3, 32768 bytes)
[    0.296755] squashfs: version 4.0 (2009/01/31) Phillip Lougher
[    0.297331] NFS: Registering the id_resolver key type
[    0.297355] Key type id_resolver registered
[    0.297361] Key type id_legacy registered
[    0.297417] ntfs: driver 2.1.31 [Flags: R/O].
[    0.298261] bounce: pool size: 64 pages
[    0.298417] Block layer SCSI generic (bsg) driver version 0.4 loaded (major 249)
[    0.298431] io scheduler noop registered
[    0.298443] io scheduler deadline registered
[    0.298591] io scheduler cfq registered (default)
[    0.301259] platform 4a084000.phy: Driver omap-usb2 requests probe deferral
[    0.301693] ti-pipe3 4a096000.phy: unable to get refclk
[    0.304017] pinctrl-single 4a003400.pinmux: 281 pins at pa fc003400 size 1124
[    0.350419] Serial: 8250/16550 driver, 4 ports, IRQ sharing disabled
[    0.352337] msm_serial: driver initialized
[    0.352938] 48020000.serial: ttyO2 at MMIO 0x48020000 (irq = 295, base_baud = 3000000) is a OMAP UART2
[    1.170035] console [ttyO2] enabled
[    1.174002] STMicroelectronics ASC driver initialized
[    1.180405] [drm] Initialized drm 1.1.0 20060810
[    1.190703] loop: module loaded
[    1.195156] ahci 4a140000.sata: SSS flag set, parallel bus scan disabled
[    1.202189] ahci 4a140000.sata: AHCI 0001.0300 32 slots 1 ports 3 Gbps 0x1 impl platform mode
[    1.211104] ahci 4a140000.sata: flags: 64bit ncq sntf stag pm led clo only pmp pio slum part ccc apst 
[    1.221551] scsi host0: ahci
[    1.224807] ata1: SATA max UDMA/133 mmio [mem 0x4a140000-0x4a1410ff] port 0x100 irq 312
[    1.236404] CAN device driver interface
[    1.241312] igb: Intel(R) Gigabit Ethernet Network Driver - version 5.2.15-k
[    1.248681] igb: Copyright (c) 2007-2014 Intel Corporation.
[    1.255874] pegasus: v0.9.3 (2013/04/25), Pegasus/Pegasus II USB Ethernet driver
[    1.263650] usbcore: registered new interface driver pegasus
[    1.269616] usbcore: registered new interface driver asix
[    1.275304] usbcore: registered new interface driver ax88179_178a
[    1.281709] usbcore: registered new interface driver cdc_ether
[    1.287867] usbcore: registered new interface driver smsc75xx
[    1.293924] usbcore: registered new interface driver smsc95xx
[    1.299966] usbcore: registered new interface driver net1080
[    1.305921] usbcore: registered new interface driver cdc_subset
[    1.312151] usbcore: registered new interface driver zaurus
[    1.318050] usbcore: registered new interface driver cdc_ncm
[    1.324825] ehci_hcd: USB 2.0 'Enhanced' Host Controller (EHCI) Driver
[    1.331657] ehci-pci: EHCI PCI platform driver
[    1.336339] ehci-platform: EHCI generic platform driver
[    1.341958] ehci-omap: OMAP-EHCI Host Controller driver
[    1.347535] ehci-orion: EHCI orion driver
[    1.351840] SPEAr-ehci: EHCI SPEAr driver
[    1.356146] ehci-st: EHCI STMicroelectronics driver
[    1.361358] ehci-exynos: EHCI EXYNOS driver
[    1.365860] tegra-ehci: Tegra EHCI driver
[    1.370181] ohci_hcd: USB 1.1 'Open' Host Controller (OHCI) Driver
[    1.376658] ohci-pci: OHCI PCI platform driver
[    1.381344] ohci-platform: OHCI generic platform driver
[    1.386929] ohci-omap3: OHCI OMAP3 driver
[    1.391233] SPEAr-ohci: OHCI SPEAr driver
[    1.395538] ohci-st: OHCI STMicroelectronics driver
[    1.400813] usbcore: registered new interface driver usb-storage
[    1.408481] mousedev: PS/2 mouse device common for all mice
[    1.416908] i2c /dev entries driver
[    1.421674] usbcore: registered new interface driver uvcvideo
[    1.427682] USB Video Class driver (1.1.1)
[    1.431958] gspca_main: v2.14.0 registered
[    1.439192] Driver 'mmcblk' needs updating - please use bus_type methods
[    1.446256] sdhci: Secure Digital Host Controller Interface driver
[    1.452711] sdhci: Copyright(c) Pierre Ossman
[    1.457896] omap_hsmmc 4809c000.mmc: Got CD GPIO
[    1.462915] omap_hsmmc 4809c000.mmc: unable to get vmmc regulator -517
[    1.469806] platform 4809c000.mmc: Driver omap_hsmmc requests probe deferral
[    1.477421] omap_hsmmc 480b4000.mmc: unable to get vmmc regulator -517
[    1.484296] platform 480b4000.mmc: Driver omap_hsmmc requests probe deferral
[    1.491863] Synopsys Designware Multimedia Card Interface Driver
[    1.498835] sdhci-pltfm: SDHCI platform and OF driver helper
[    1.506265] ledtrig-cpu: registered to indicate activity on CPUs
[    1.512723] usbcore: registered new interface driver usbhid
[    1.518546] usbhid: USB HID core driver
[    1.525031] usbcore: registered new interface driver snd-usb-audio
[    1.533529] TCP: cubic registered
[    1.536994] NET: Registered protocol family 17
[    1.541656] can: controller area network core (rev 20120528 abi 9)
[    1.548158] NET: Registered protocol family 29
[    1.552813] can: raw protocol (rev 20120528)
[    1.557277] can: broadcast manager protocol (rev 20120528 t)
[    1.563201] can: netlink gateway (rev 20130117) max_hops=1
[    1.569219] Key type dns_resolver registered
[    1.572633] ata1: SATA link down (SStatus 0 SControl 300)
[    1.579466] omap_voltage_late_init: Voltage driver support not added
[    1.586392] platform cpufreq-dt.0: Driver cpufreq-dt requests probe deferral
[    1.593889] Power Management for TI OMAP4+ devices.
[    1.599226] ThumbEE CPU extension supported.
[    1.603717] Registering SWP/SWPB emulation handler
[    1.610020] reg-fixed-voltage fixedregulator-vdd_3v3: Failed to find supply vin
[    1.617784] reg-fixed-voltage fixedregulator-vdd_3v3: Failed to register regulator: -517
[    1.626292] platform fixedregulator-vdd_3v3: Driver reg-fixed-voltage requests probe deferral
[    1.635967] reg-fixed-voltage fixedregulator-vtt: Failed to find supply vin
[    1.643361] reg-fixed-voltage fixedregulator-vtt: Failed to register regulator: -517
[    1.651490] platform fixedregulator-vtt: Driver reg-fixed-voltage requests probe deferral
[    1.661181] palmas 0-0058: Irq flag is 0x00000008
[    1.684818] palmas 0-0058: Muxing GPIO 2f, PWM 0, LED 0
[    1.714311] palmas-rtc 48070000.i2c:tps659038@58:tps659038_rtc: rtc core: registered 48070000.i2c:tps659 as rtc1
[    1.727374] omap_i2c 48070000.i2c: bus 0 rev0.12 at 400 kHz
[    1.733947] genirq: Setting trigger mode 8 for irq 389 failed (gic_set_type+0x0/0xa0)
[    1.758123] rtc-ds1307 2-006f: SET TIME!
[    1.762964] rtc-ds1307 2-006f: rtc core: registered mcp7941x as rtc0
[    1.769666] rtc-ds1307 2-006f: 64 bytes nvram
[    1.774264] omap_i2c 48060000.i2c: bus 2 rev0.12 at 400 kHz
[    1.781068] omap_hsmmc 4809c000.mmc: Got CD GPIO
[    1.818397] omap_hsmmc 480b4000.mmc: unable to get vmmc regulator -517
[    1.825304] platform 480b4000.mmc: Driver omap_hsmmc requests probe deferral
[    1.834799] vdd_3v3: supplied by regen1
[    1.839219] vtt_fixed: supplied by smps3
[    1.927627] davinci_mdio 48485000.mdio: davinci mdio revision 1.6
[    1.934031] davinci_mdio 48485000.mdio: detected phy mask fffffff9
[    1.944505] libphy: 48485000.mdio: probed
[    1.948722] davinci_mdio 48485000.mdio: phy[1]: device 48485000.mdio:01, driver unknown
[    1.957124] davinci_mdio 48485000.mdio: phy[2]: device 48485000.mdio:02, driver unknown
[    1.966059] cpsw 48484000.ethernet: Detected MACID = 7c:66:9d:ec:f9:48
[    1.973397] cpsw 48484000.ethernet: cpsw: Detected MACID = 7c:66:9d:ec:f9:49
[    1.981590] rtc-ds1307 2-006f: setting system clock to 2001-01-01 00:00:00 UTC (978307200)
[    1.998334] mmc0: host does not support reading read-only switch, assuming write-enable
[    1.998517] net eth0: initializing cpsw version 1.15 (0)
[    2.016145] mmc0: new high speed SD card at address e624
[    2.021962] mmcblk0: mmc0:e624 SU02G 1.84 GiB 
[    2.034968]  mmcblk0: p1 p2 p3
[    2.066539] net eth0: phy found : id is : 0x221622
[    2.075779] net eth1: initializing cpsw version 1.15 (0)
[    2.086203] mmc1: MAN_BKOPS_EN bit is not set
[    2.098491] mmc1: new high speed MMC card at address 0001
[    2.104387] mmcblk1: mmc1:0001 S10004 3.56 GiB 
[    2.109221] mmcblk1boot0: mmc1:0001 S10004 partition 1 4.00 MiB
[    2.115511] mmcblk1boot1: mmc1:0001 S10004 partition 2 4.00 MiB
[    2.122438]  mmcblk1: p1 p2
[    2.151299] net eth1: phy found : id is : 0x221622
[    8.089706] cpsw 48484000.ethernet eth0: Link is Up - 1Gbps/Full - flow control rx/tx
[    8.107615] Sending DHCP requests .
[   10.103662] cpsw 48484000.ethernet eth0: Link is Down
[   11.392607] .
[   15.134664] cpsw 48484000.ethernet eth0: Link is Up - 1Gbps/Full - flow control rx/tx
[   16.762608] ., OK
[   16.817611] IP-Config: Got DHCP answer from 192.168.0.1, my address is 192.168.0.167
[   16.829464] IP-Config: Complete:
[   16.832869]      device=eth0, hwaddr=7c:66:9d:ec:f9:48, ipaddr=192.168.0.167, mask=255.255.255.0, gw=192.168.0.1
[   16.843554]      host=192.168.0.167, domain=ti.com, nis-domain=(none)
[   16.850320]      bootserver=192.168.0.1, rootserver=192.168.0.1, rootpath=
[   16.857364]      nameserver0=192.0.2.2, nameserver1=192.0.2.3
[   16.863857] ldousb: disabling
[   16.867394] ALSA device list:
[   16.870522]   No soundcards found.
[   16.904544] EXT4-fs (mmcblk0p2): mounted filesystem with ordered data mode. Opts: (null)
[   16.913064] VFS: Mounted root (ext4 filesystem) on device 179:2.
[   16.923633] devtmpfs: mounted
[   16.927160] Freeing unused kernel memory: 784K (c0c98000 - c0d5c000)
INIT: version 2.88 booting
Error opening /dev/fb0: No such file or directory
Starting udev
[   17.383586] udevd[88]: starting version 182
[   18.711893] FAT-fs (mmcblk1p1): Volume was not properly unmounted. Some data may be corrupt. Please run fsck.
[   18.754541] EXT4-fs (mmcblk1p2): mounted filesystem without journal. Opts: (null)
[   18.765047] FAT-fs (mmcblk0p1): Volume was not properly unmounted. Some data may be corrupt. Please run fsck.
[   18.791032] EXT4-fs (mmcblk0p3): mounted filesystem without journal. Opts: (null)
depmod: ERROR: could not open directory /lib/modules/3.19.0-rc7-next-20150204-00002-g2c60f8b756d9: No such file or directory
depmod: WARNING: -e needs -E or -F
depmod: ERROR: could not open directory /lib/modules/3.19.0-rc7-next-20150204-00002-g2c60f8b756d9: No such file or directory
depmod: FATAL: could not search modules: No such file or directory
[   18.899616] EXT4-fs (mmcblk0p2): re-mounted. Opts: data=ordered
Starting Bootlog daemon: bootlogd.
[   18.960608] random: dd urandom read with 65 bits of entropy available
Populating dev cache
ALSA: Restoring mixer settings...
Thu Dec 11 14:07:00 UTC 2014
/usr/sbin/alsactl: load_state:1729: No soundcards found...
INIT: Entering runlevel: 5
Configuring network interfaces... udhcpc (v1.22.1) started
Sending discover...
Sending select for 192.168.0.220...
Lease of 192.168.0.220 obtained, lease time 600
/etc/udhcpc.d/50default: Adding DNS 192.0.2.2
/etc/udhcpc.d/50default: Adding DNS 192.0.2.3
done.
Starting system message bus: dbus.
Starting Dropbear SSH server: dropbear.
Starting telnet daemon.
Starting tiipclad daemon
Spawned daemon: /usr/bin/lad_dra7xx
Starting rpcbind daemon...rpcbind: cannot create socket for udp6
rpcbind: cannot create socket for tcp6
done.
creating NFS state directory: done
starting statd: done
Starting syslogd/klogd: done
Starting thttpd.
Starting Lighttpd Web Server: lighttpd.
2014-12-11 14:07:01: (/home/jenkins/tisdk-build/build-CORTEX_1/arago-tmp-external-linaro-toolchain/work/cortexa15t2hf-vfp-neon-oe-linux-gnueabi/lighttpd/1.4.33-r1/lighttpd-1.4.33/src/log.c.166) server started 
Starting Matrix GUI application.
[   22.536475] random: nonblocking pool is initialized
***************************************************************
***************************************************************
NOTICE: This file system contains the followin GPLv3 packages:
	binutils
	elfutils
	gdbserver
	libdw1
	libelf1
	parted
If you do not wish to distribute GPLv3 components please remove
the above packages prior to distribution.  This can be done using
the opkg remove command.  i.e.:
    opkg remove <package>
Where <package> is the name printed in the list above
NOTE: If the package is a dependency of another package you
      will be notified of the dependent packages.  You should
      use the --force-removal-of-dependent-packages option to
      also remove the dependent packages as well
***************************************************************
***************************************************************
Stopping Bootlog daemon: bootlogd.
 _____                    _____           _         _   
|  _  |___ ___ ___ ___   |  _  |___ ___  |_|___ ___| |_ 
|     |  _| .'| . | . |  |   __|  _| . | | | -_|  _|  _|
|__|__|_| |__,|_  |___|  |__|  |_| |___|_| |___|___|_|  
              |___|                    |___|            
Arago Project http://arago-project.org am57xx-evm /dev/ttyO2
Arago 2014.10 am57xx-evm /dev/ttyO2
am57xx-evm login: 
- 07:32:44 [INFO] Host: root
- 07:32:45 [INFO] Target: 
root
root@am57xx-evm:~# 
- 07:32:45 [INFO] Host: uname -a
- 07:32:45 [INFO] Target: 
uname -a
Linux am57xx-evm 3.19.0-rc7-next-20150204-00002-g2c60f8b756d9 #1 SMP Thu Feb 5 06:26:50 CST 2015 armv7l GNU/Linux
root@am57xx-evm:~# 
- 07:32:45 [INFO] Host: cat /proc/cmdline
- 07:32:46 [INFO] Target: 
cat /proc/cmdline
console=ttyO2,115200n8  earlyprintk rootwait  ip=dhcp  root=PARTUUID=00000000-02 rw rootfstype=ext4 rootwait 
root@am57xx-evm:~# 
- 07:32:46 [INFO] Host: uname -a
- 07:32:46 [INFO] Target: 
uname -a
Linux am57xx-evm 3.19.0-rc7-next-20150204-00002-g2c60f8b756d9 #1 SMP Thu Feb 5 06:26:50 CST 2015 armv7l GNU/Linux
root@am57xx-evm:~# 
- 07:32:46 [INFO] Host: cat /proc/mtd
- 07:32:47 [INFO] Target: 
cat /proc/mtd
dev:    size   erasesize  name
root@am57xx-evm:~# 
- 07:32:59 [INFO] Host: export IPERFHOST=192.168.0.1
- 07:33:00 [INFO] Target: 
export IPERFHOST=192.168.0.1
root@am57xx-evm:~# 
- 07:33:00 [INFO] Host: export NFS_SERVER=192.168.0.1
- 07:33:00 [INFO] Target: 
export NFS_SERVER=192.168.0.1
root@am57xx-evm:~# 
- 07:33:00 [INFO] Host: export NFS_ROOT_PATH=/home/tigtfarm05/NFS_exports/am57xx-evm
- 07:33:01 [INFO] Target: 
export NFS_ROOT_PATH=/home/tigtfarm05/NFS_exports/am57xx-evm
root@am57xx-evm:~# 
- 07:33:01 [INFO] Host: mkdir -p -m 777 /test
- 07:33:01 [INFO] Target: 
mkdir -p -m 777 /test
root@am57xx-evm:~# 
- 07:33:01 [INFO] Host: cd /test
- 07:33:02 [INFO] Target: 
cd /test
root@am57xx-evm:/test# 
- 07:33:02 [INFO] Host: cat > test.sh << EOF
- 07:33:02 [INFO] Target: 
cat > test.sh << EOF
- 07:33:02 [INFO] Host: failtest() {
- 07:33:03 [INFO] Target: 
failtest() {
- 07:33:03 [INFO] Host:   echo 1 >&3
- 07:33:03 [INFO] Target: 
  echo 1 >&3
- 07:33:03 [INFO] Host: }
- 07:33:04 [INFO] Target: 
- 07:33:04 [INFO] Host: timeout=600
- 07:33:04 [INFO] Target: 
timeout=600
- 07:33:04 [INFO] Host: 
- 07:33:05 [INFO] Target: 
- 07:33:05 [INFO] Host: # Start of user's script logic
- 07:33:05 [INFO] Target: 
# Start of user's script logic
- 07:33:05 [INFO] Host: 
- 07:33:06 [INFO] Target: 
- 07:33:06 [INFO] Host: 
- 07:33:06 [INFO] Target: 
- 07:33:06 [INFO] Host: mount -t proc proc /proc 2>/dev/null;
- 07:33:07 [INFO] Target: 
mount -t proc proc /proc 2>/dev/null;
- 07:33:07 [INFO] Host: 
- 07:33:07 [INFO] Target: 
- 07:33:07 [INFO] Host: mount -t sysfs sys /sys 2>/dev/null;
- 07:33:08 [INFO] Target: 
mount -t sysfs sys /sys 2>/dev/null;
- 07:33:08 [INFO] Host: 
- 07:33:08 [INFO] Target: 
- 07:33:08 [INFO] Host: mount -t debugfs none /sys/kernel/debug 2>/dev/null;
- 07:33:09 [INFO] Target: 
mount -t debugfs none /sys/kernel/debug 2>/dev/null;
- 07:33:09 [INFO] Host: 
- 07:33:09 [INFO] Target: 
- 07:33:09 [INFO] Host: echo 'cpuinfo:';cat /proc/cpuinfo; echo '=======';
- 07:33:10 [INFO] Target: 
echo 'cpuinfo:';cat /proc/cpuinfo; echo '=======';
- 07:33:10 [INFO] Host: 
- 07:33:10 [INFO] Target: 
- 07:33:10 [INFO] Host: echo 'soc info:';head /sys/devices/soc0/* 2>/dev/null; echo '=======';
- 07:33:11 [INFO] Target: 
echo 'soc info:';head /sys/devices/soc0/* 2>/dev/null; echo '=======';
- 07:33:11 [INFO] Host: 
- 07:33:11 [INFO] Target: 
- 07:33:11 [INFO] Host: echo 'DT Model info'; head /proc/device-tree/name /proc/device-tree/model /proc/device-tree/compatible 2>/dev/null;echo; echo '=======';
- 07:33:12 [INFO] Target: 
echo 'DT Model info'; head /proc/device-tree/name /proc/device-tree/model /pro 
c/device-tree/compatible 2>/dev/null;echo; echo '=======';
- 07:33:12 [INFO] Host: 
- 07:33:12 [INFO] Target: 
- 07:33:12 [INFO] Host: echo 'interrupts:';cat /proc/interrupts; echo '=======';
- 07:33:13 [INFO] Target: 
echo 'interrupts:';cat /proc/interrupts; echo '=======';
- 07:33:13 [INFO] Host: 
- 07:33:13 [INFO] Target: 
- 07:33:13 [INFO] Host: echo 'Clk_summary:';cat /sys/kernel/debug/clk/clk_summary; echo '=======';
- 07:33:14 [INFO] Target: 
echo 'Clk_summary:';cat /sys/kernel/debug/clk/clk_summary; echo '=======';
- 07:33:14 [INFO] Host: 
- 07:33:14 [INFO] Target: 
- 07:33:14 [INFO] Host: echo 'Orphan Clks:';ls /sys/kernel/debug/clk/orphans/; echo '=======';
- 07:33:15 [INFO] Target: 
echo 'Orphan Clks:';ls /sys/kernel/debug/clk/orphans/; echo '=======';
- 07:33:15 [INFO] Host: 
- 07:33:15 [INFO] Target: 
- 07:33:15 [INFO] Host: echo "Available frequencies"; cat /sys/devices/system/cpu/cpu0/cpufreq/scaling_available_frequencies 2>/dev/null;echo '=======';
- 07:33:16 [INFO] Target: 
echo "Available frequencies"; cat /sys/devices/system/cpu/cpu0/cpufreq/scaling 
_available_frequencies 2>/dev/null;echo '=======';
- 07:33:16 [INFO] Host: 
- 07:33:16 [INFO] Target: 
- 07:33:16 [INFO] Host: echo 'H''ello World' 'B''oard Booted';
- 07:33:17 [INFO] Target: 
echo 'H''ello World' 'B''oard Booted';
- 07:33:17 [INFO] Host: 
- 07:33:17 [INFO] Target: 
- 07:33:17 [INFO] Host: EOF
- 07:33:18 [INFO] Target: 
root@am57xx-evm:/test# 
- 07:33:18 [INFO] Host: cd /test
- 07:33:18 [INFO] Target: 
cd /test
root@am57xx-evm:/test# 
- 07:33:18 [INFO] Host: chmod +x test.sh
- 07:33:19 [INFO] Target: 
chmod +x test.sh
root@am57xx-evm:/test# 
- 07:33:19 [INFO] Host: ./test.sh 2> stderr.log > stdout.log 3> result.log
- 07:33:19 [INFO] Target: 
./test.sh 2> stderr.log > stdout.log 3> result.log
root@am57xx-evm:/test# 
- 07:33:19 [INFO] Host: echo $?
- 07:33:20 [INFO] Target: 
echo $?
root@am57xx-evm:/test# 
- 07:33:20 [INFO] Host: cd /test
- 07:33:20 [INFO] Target: 
cd /test
root@am57xx-evm:/test# 
- 07:33:20 [INFO] Host: cat stdout.log
- 07:33:23 [INFO] Target: 
cat stdout.log
cpuinfo:
processor	: 0
model name	: ARMv7 Processor rev 2 (v7l)
BogoMIPS	: 12.29
Features	: half thumb fastmult vfp edsp thumbee neon vfpv3 tls vfpv4 idiva idivt vfpd32 lpae evtstrm 
CPU implementer	: 0x41
CPU architecture: 7
CPU variant	: 0x2
CPU part	: 0xc0f
CPU revision	: 2
processor	: 1
model name	: ARMv7 Processor rev 2 (v7l)
BogoMIPS	: 12.29
Features	: half thumb fastmult vfp edsp thumbee neon vfpv3 tls vfpv4 idiva idivt vfpd32 lpae evtstrm 
CPU implementer	: 0x41
CPU architecture: 7
CPU variant	: 0x2
CPU part	: 0xc0f
CPU revision	: 2
Hardware	: Generic DRA74X (Flattened Device Tree)
Revision	: 0000
Serial		: 0000000000000000
=======
soc info:
==> /sys/devices/soc0/family <==
DRA7
==> /sys/devices/soc0/machine <==
DRA752
==> /sys/devices/soc0/power <==
==> /sys/devices/soc0/revision <==
ES1.1
==> /sys/devices/soc0/subsystem <==
==> /sys/devices/soc0/type <==
==> /sys/devices/soc0/uevent <==
=======
DT Model info
==> /proc/device-tree/name <==
==> /proc/device-tree/model <==
TI AM5728 BeagleBoard-X15
==> /proc/device-tree/compatible <==
ti,am572x-beagle-x15ti,am5728ti,dra742ti,dra74ti,dra7
=======
interrupts:
           CPU0       CPU1       
 16:          0          0       GIC 191  gp_timer
 19:       1830       3702       GIC  27  arch_timer
 22:          0          0       GIC 190  l3-dbg-irq
 23:          0          0       GIC  42  l3-app-irq
 28:       4419          0       GIC 185  omap-dma-engine
 32:          1          0  4ae10000.gpio   0  palmas
224:          0          0  4805d000.gpio  27  4809c000.mmc cd
295:       4939          0       GIC 174  OMAP UART2
308:        591          0       GIC 156  48070000.i2c
309:         32          0       GIC 155  48060000.i2c
310:       5426          0       GIC 154  mmc0
311:        889          0       GIC 153  mmc1
312:          0          0       GIC 152  4a140000.sata
317:         30          0       GIC 147  48484000.ethernet
318:         16          0       GIC 146  48484000.ethernet
331:          1          0      PRCM  pinctrl
386:          1          0   pinctrl 584  OMAP UART2
387:          0          0    palmas   8  48070000.i2c:tps659038@58:tps659038_rtc
389:          0          0       GIC 144  mcp7941x
IPI0:          0          1  CPU wakeup interrupts
IPI1:          0          0  Timer broadcast interrupts
IPI2:       2049       2190  Rescheduling interrupts
IPI3:          0          0  Function call interrupts
IPI4:        318         25  Single function call interrupts
IPI5:          0          0  CPU stop interrupts
IPI6:          1          0  IRQ work interrupts
IPI7:          0          0  completion interrupts
Err:          0
=======
Clk_summary:
   clock                         enable_cnt  prepare_cnt        rate   accuracy   phase
----------------------------------------------------------------------------------------
 dummy_ck                                 0            0           0          0 0  
 video2_m2_clkin_ck                       0            0           0          0 0  
    video2_dclk_div                       0            0           0          0 0  
 video2_clkin_ck                          0            0           0          0 0  
    video2_div_clk                        0            0           0          0 0  
    video2_clk2_div                       0            0           0          0 0  
 video1_m2_clkin_ck                       0            0           0          0 0  
    video1_dclk_div                       0            0           0          0 0  
 video1_clkin_ck                          0            0           0          0 0  
    video1_div_clk                        0            0           0          0 0  
    video1_clk2_div                       0            0           0          0 0  
 usb_otg_clkin_ck                         0            0           0          0 0  
    usb_otg_dclk_div                      0            0           0          0 0  
 sys_clkin2                               0            0    22579200          0 0  
    abe_dpll_sys_clk_mux                  0            0    22579200          0 0  
       abe_dpll_clk_mux                   0            0    22579200          0 0  
          dpll_abe_ck                     0            0   180633600          0 0  
             dpll_abe_m2_ck               0            0   180633600          0 0  
                per_abe_x1_gfclk2_div           0            0   180633600          0 0  
                   mcasp8_aux_gfclk_mux           0            0   180633600          0 0  
                   mcasp7_aux_gfclk_mux           0            0   180633600          0 0  
                   mcasp6_aux_gfclk_mux           0            0   180633600          0 0  
                   mcasp5_aux_gfclk_mux           0            0   180633600          0 0  
                   mcasp4_aux_gfclk_mux           0            0   180633600          0 0  
                   mcasp3_aux_gfclk_mux           0            0   180633600          0 0  
                   mcasp2_aux_gfclk_mux           0            0   180633600          0 0  
                   mcasp1_aux_gfclk_mux           0            0   180633600          0 0  
                per_abe_x1_dclk_div           0            0   180633600          0 0  
             dpll_abe_x2_ck               0            0   361267200          0 0  
                dpll_abe_m3x2_ck           0            0   180633600          0 0  
                   usb_dpll_hs_clk_div           0            0    60211200          0 0  
                   per_dpll_hs_clk_div           0            0    90316800          0 0  
                   dpll_gpu_ck            0            0   180633600          0 0  
                      dpll_gpu_m2_ck           0            0    22579200          0 0  
                         gpu_dclk           0            0    22579200          0 0  
                dpll_abe_m2x2_ck           0            0   361267200          0 0  
                   abe_lp_clk_div           0            0    22579200          0 0  
                   abe_24m_fclk           0            0    45158400          0 0  
                      mcasp8_ahclk_mux           0            0    45158400          0 0  
                      mcasp7_ahclkx_mux           0            0    45158400          0 0  
                      mcasp6_ahclkx_mux           0            0    45158400          0 0  
                      mcasp5_ahclkx_mux           0            0    45158400          0 0  
                      mcasp4_ahclkx_mux           0            0    45158400          0 0  
                      mcasp3_ahclkx_mux           0            0    45158400          0 0  
                      mcasp2_ahclkx_mux           0            0    45158400          0 0  
                      mcasp2_ahclkr_mux           0            0    45158400          0 0  
                      mcasp1_ahclkx_mux           0            0    45158400          0 0  
                      mcasp1_ahclkr_mux           0            0    45158400          0 0  
                   ipu1_gfclk_mux           0            0   361267200          0 0  
                   abe_clk                0            0   361267200          0 0  
                      aess_fclk           0            0   361267200          0 0  
                         abe_giclk_div           0            0   361267200          0 0  
       abe_dpll_bypass_clk_mux            0            0    22579200          0 0  
    sys_clk2_dclk_div                     0            0    22579200          0 0  
 virt_38400000_ck                         0            0    38400000          0 0  
 virt_27000000_ck                         0            0    27000000          0 0  
 virt_26000000_ck                         0            0    26000000          0 0  
 virt_20000000_ck                         1            1    20000000          0 0  
    sys_clkin1                            8           14    20000000          0 0  
       wkupaon_iclk_mux                  10           12    20000000          0 0  
          l3instr_ts_gclk_div             0            0      625000          0 0  
       sata_ref_clk                       1            1    20000000          0 0  
       dpll_usb_ck                        1            1   960000000          0 0  
          dpll_usb_clkdcoldo              1            1   960000000          0 0  
             l3init_960m_gfclk            1            2   960000000          0 0  
                usb_otg_ss2_refclk960m           0            2   960000000          0 0  
                usb_otg_ss1_refclk960m           1            3   960000000          0 0  
          dpll_usb_m2_ck                  0            0   480000000          0 0  
             l3init_480m_dclk_div           0            0   480000000          0 0  
             l3init_60m_fclk              0            0    60000000          0 0  
       dpll_per_ck                        1            1   384000000          0 0  
          dpll_per_x2_ck                  1            3   768000000          0 0  
             dpll_per_m2x2_ck             1            5   192000000          0 0  
                mmc2_fclk_mux             0            1   192000000          0 0  
                   mmc2_fclk_div           0            1    96000000          0 0  
                mmc1_fclk_mux             0            1   192000000          0 0  
                   mmc1_fclk_div           0            1    96000000          0 0  
                func_96m_fclk             0            5    96000000          0 0  
                func_48m_fclk             2           18    48000000          0 0  
                   uart6_gfclk_mux           0            1    48000000          0 0  
                   uart10_gfclk_mux           0            1    48000000          0 0  
                   uart9_gfclk_mux           0            1    48000000          0 0  
                   uart8_gfclk_mux           0            1    48000000          0 0  
                   uart7_gfclk_mux           0            1    48000000          0 0  
                   uart5_gfclk_mux           0            1    48000000          0 0  
                   uart4_gfclk_mux           0            1    48000000          0 0  
                   uart3_gfclk_mux           1            1    48000000          0 0  
                   uart2_gfclk_mux           0            1    48000000          0 0  
                   uart1_gfclk_mux           0            1    48000000          0 0  
                   mmc4_gfclk_mux           0            1    48000000          0 0  
                      mmc4_gfclk_div           0            1    48000000          0 0  
                   mmc3_gfclk_mux           0            1    48000000          0 0  
                      mmc3_gfclk_div           0            1    48000000          0 0  
                   dss_48mhz_clk           0            2    48000000          0 0  
                func_12m_fclk             0            1    12000000          0 0  
             dpll_per_h14x2_ck            0            0   384000000          0 0  
             dpll_per_h13x2_ck            0            1   192000000          0 0  
                qspi_gfclk_mux            0            1   192000000          0 0  
                   qspi_gfclk_div           0            1   192000000          0 0  
             dpll_per_h12x2_ck            0            1   192000000          0 0  
                dss_dss_clk               0            3   192000000          0 0  
             dpll_per_h11x2_ck            0            0   256000000          0 0  
                func_128m_clk             0            0   128000000          0 0  
          dpll_per_m2_ck                  0            0    96000000          0 0  
             func_24m_clk                 0            0    24000000          0 0  
             func_96m_aon_dclk_div           0            0    96000000          0 0  
       dpll_pcie_ref_ck                   1            1  1500000000          0 0  
          dpll_pcie_ref_m2_ck             0            0  1500000000          0 0  
             pcie2_dclk_div               0            0  1500000000          0 0  
          dpll_pcie_ref_m2ldo_ck           1            1   100000000          0 0  
             apll_pcie_in_clk_mux           1            1   100000000          0 0  
                apll_pcie_ck              2            2   100000000          0 0  
                   apll_pcie_m2_ck           0            0   100000000          0 0  
                      pcie_dclk_div           0            0   100000000          0 0  
                   apll_pcie_clkvcoldo_div           0            0   100000000          0 0  
                   apll_pcie_clkvcoldo           0            0   100000000          0 0  
                   optfclk_pciephy2_clk           0            0   100000000          0 0  
                   optfclk_pciephy1_clk           1            1   100000000          0 0  
                   optfclk_pciephy_div           1            1   100000000          0 0  
                      optfclk_pciephy2_div_clk           0            0   100000000          0 0  
                      optfclk_pciephy1_div_clk           1            1   100000000          0 0  
       dpll_gmac_ck                       3            3  1000000000          0 0  
          dpll_gmac_x2_ck                 0            0  2000000000          0 0  
             dpll_gmac_m3x2_ck            0            0   200000000          0 0  
             dpll_gmac_h13x2_ck           0            0   200000000          0 0  
             dpll_gmac_h12x2_ck           0            0   250000000          0 0  
             dpll_gmac_h11x2_ck           0            0    50000000          0 0  
                gmii_m_clk_div            0            0    25000000          0 0  
          dpll_gmac_m2_ck                 0            0   250000000          0 0  
             gmac_250m_dclk_div           0            0   250000000          0 0  
             gmac_gmii_ref_clk_div           0            0   125000000          0 0  
       dpll_ddr_ck                        0            0  1064000000          0 0  
          dpll_ddr_x2_ck                  0            0  2128000000          0 0  
             dpll_ddr_h11x2_ck            0            0   266000000          0 0  
          dpll_ddr_m2_ck                  0            0   532000000          0 0  
             emif_phy_dclk_div            0            0   532000000          0 0  
       dpll_mpu_ck                        1            1  1000000000          0 0  
          dpll_mpu_m2_ck                  1            1  1000000000          0 0  
             mpu_dclk_div                 0            0  1000000000          0 0  
       dpll_core_ck                       1            1  1064000000          0 0  
          dpll_core_m2_ck                 0            0   532000000          0 0  
             core_dpll_out_dclk_div           0            0   532000000          0 0  
          dpll_core_x2_ck                 2            3  2128000000          0 0  
             dpll_core_h24x2_ck           0            1   354666667          0 0  
             dpll_core_h23x2_ck           0            0   532000000          0 0  
             dpll_core_h22x2_ck           0            0   425600000          0 0  
             dpll_core_h14x2_ck           0            0   425600000          0 0  
                gpu_hyd_gclk_mux           0            0   425600000          0 0  
                gpu_core_gclk_mux           0            0   425600000          0 0  
             dpll_core_h13x2_ck           4            8    34322581          0 0  
             dpll_core_h12x2_ck           1            1   532000000          0 0  
                l3_iclk_div              85           96   266000000          0 0  
                   vip3_gclk_mux           0            0   266000000          0 0  
                   vip2_gclk_mux           0            0   266000000          0 0  
                   vip1_gclk_mux           0            0   266000000          0 0  
                   gmac_rft_clk_mux           0            0   266000000          0 0  
                   atl_gfclk_mux           0            1   266000000          0 0  
                      atl_clkin3_ck           0            0   266000000          0 0  
                      atl_clkin2_ck           0            0   266000000          0 0  
                      atl_clkin1_ck           0            0   266000000          0 0  
                      atl_clkin0_ck           0            0   266000000          0 0  
                   l4_root_clk_div          12           15   133000000          0 0  
                eve_dpll_hs_clk_div           0            0   532000000          0 0  
                   dpll_eve_ck            0            0   532000000          0 0  
                      dpll_eve_m2_ck           0            0   532000000          0 0  
                         eve_clk           0            0   532000000          0 0  
                         eve_dclk_div           0            0   532000000          0 0  
                iva_dpll_hs_clk_div           0            0   532000000          0 0  
                   dpll_iva_ck            0            0   532000000          0 0  
                      dpll_iva_m2_ck           0            0   532000000          0 0  
                         iva_dclk           0            0   532000000          0 0  
                dsp_dpll_hs_clk_div           0            0   532000000          0 0  
                   dpll_dsp_ck            0            0   532000000          0 0  
                      dpll_dsp_x2_ck           0            0   532000000          0 0  
                         dpll_dsp_m3x2_ck           0            0   532000000          0 0  
                      dpll_dsp_m2_ck           0            0   532000000          0 0  
                         dsp_gclk_div           0            0   532000000          0 0  
                mpu_dpll_hs_clk_div           0            0   532000000          0 0  
       dcan1_sys_clk_mux                  0            1    20000000          0 0  
       video2_dpll_clk_mux                0            1    20000000          0 0  
          dss_video2_clk                  0            1    20000000          0 0  
       video1_dpll_clk_mux                0            1    20000000          0 0  
          dss_video1_clk                  0            1    20000000          0 0  
       timer_sys_clk_div                  0           10    20000000          0 0  
          timer9_gfclk_mux                0            1    20000000          0 0  
          timer4_gfclk_mux                0            1    20000000          0 0  
          timer3_gfclk_mux                0            1    20000000          0 0  
          timer2_gfclk_mux                0            1    20000000          0 0  
          timer16_gfclk_mux               0            0    20000000          0 0  
          timer15_gfclk_mux               0            0    20000000          0 0  
          timer14_gfclk_mux               0            0    20000000          0 0  
          timer13_gfclk_mux               0            0    20000000          0 0  
          timer11_gfclk_mux               0            1    20000000          0 0  
          timer10_gfclk_mux               0            1    20000000          0 0  
          timer8_gfclk_mux                0            1    20000000          0 0  
          timer7_gfclk_mux                0            1    20000000          0 0  
          timer6_gfclk_mux                0            1    20000000          0 0  
          timer5_gfclk_mux                0            1    20000000          0 0  
       hdmi_dpll_clk_mux                  0            1    20000000          0 0  
          dss_hdmi_clk                    0            2    20000000          0 0  
       custefuse_sys_gfclk_div            0            0    10000000          0 0  
       emu_dclk_div                       0            0    20000000          0 0  
       sata_dclk_div                      0            0    20000000          0 0  
       sys_clk1_dclk_div                  0            0    20000000          0 0  
          clkoutmux2_clk_mux              0            0    20000000          0 0  
          clkoutmux1_clk_mux              0            0    20000000          0 0  
          clkoutmux0_clk_mux              0            0    20000000          0 0  
       adc_gfclk_mux                      0            0    20000000          0 0  
       abe_sys_clk_div                    0            0    20000000          0 0  
 virt_19200000_ck                         0            0    19200000          0 0  
 virt_16800000_ck                         0            0    16800000          0 0  
 virt_13000000_ck                         0            0    13000000          0 0  
 virt_12000000_ck                         0            0    12000000          0 0  
 sys_32k_ck                               3           20       32768          0 0  
    timer1_gfclk_mux                      1            1       32768          0 0  
    gpio1_dbclk                           0            1       32768          0 0  
    atl_dpll_clk_mux                      0            0       32768          0 0  
    usb_phy3_always_on_clk32k             1            1       32768          0 0  
    usb_phy2_always_on_clk32k             0            1       32768          0 0  
    usb_phy1_always_on_clk32k             0            1       32768          0 0  
    mmc4_clk32k                           0            1       32768          0 0  
    mmc3_clk32k                           0            1       32768          0 0  
    mmc2_clk32k                           0            1       32768          0 0  
    mmc1_clk32k                           0            1       32768          0 0  
    gpio8_dbclk                           0            1       32768          0 0  
    gpio7_dbclk                           0            1       32768          0 0  
    gpio6_dbclk                           0            1       32768          0 0  
    gpio5_dbclk                           0            1       32768          0 0  
    gpio4_dbclk                           0            1       32768          0 0  
    gpio3_dbclk                           0            1       32768          0 0  
    gpio2_dbclk                           0            1       32768          0 0  
    dss_32khz_clk                         0            1       32768          0 0  
    optfclk_pciephy2_32khz                0            0       32768          0 0  
    optfclk_pciephy1_32khz                1            1       32768          0 0  
 secure_32k_clk_src_ck                    0            0       32768          0 0  
    secure_32k_dclk_div                   0            0       32768          0 0  
 sdvenc_clkin_ck                          0            0           0          0 0  
 rmii_clk_ck                              0            0           0          0 0  
 ref_clkin3_ck                            0            0           0          0 0  
 ref_clkin2_ck                            0            0           0          0 0  
 ref_clkin1_ck                            0            0           0          0 0  
 ref_clkin0_ck                            0            0           0          0 0  
 pciesref_acs_clk_ck                      0            0   100000000          0 0  
 mlbp_clkin_ck                            0            0           0          0 0  
    mlbp_clk                              0            0           0          0 0  
 mlb_clkin_ck                             0            0           0          0 0  
    mlb_clk                               0            0           0          0 0  
 hdmi_clkin_ck                            0            0           0          0 0  
    hdmi_div_clk                          0            0           0          0 0  
    hdmi_clk2_div                         0            0           0          0 0  
    hdmi_dclk_div                         0            0           0          0 0  
=======
Orphan Clks:
=======
Available frequencies
1000000 1176000 
=======
Hello World Board Booted
root@am57xx-evm:/test# 
- 07:33:23 [INFO] Host: cat stderr.log
- 07:33:23 [INFO] Target: 
cat stderr.log
ls: /sys/kernel/debug/clk/orphans/: No such file or directory
root@am57xx-evm:/test# 
- 07:33:23 [INFO] Host: cat result.log
- 07:33:25 [ERROR] On command: cat result.log waiting for cat result.log.+?(?m-ix:^1[\0\n\r]+) >>> error: execution expired
- 07:33:25 [INFO] Target: 
cat result.log
root@am57xx-evm:/test# 
- 07:33:25 [INFO] Host: cd /test
- 07:33:26 [INFO] Target: 
cd /test
root@am57xx-evm:/test# 
URL:gtsystest.telogy.design.ti.com/vatf/tigtfarm05/tigtfarm05_vatf@am57xx-evm/tigtfarm0502_05_2015_07_31_46/files/session_iteration_1/test_1
