- 17:15:27 [INFO] Starting target session
- 17:15:27 [INFO] Connected to am57xx-evm via serial 
- 17:15:27 [INFO] Host: #check prompt
- 17:15:30 [ERROR] On command: #check prompt waiting for #check prompt.+?(?-mix:((?-mix:login:)|[Pp]assword)) >>> error: execution expired
- 17:15:30 [INFO] Target: 
#check prompt
- 17:15:30 [INFO] Host: #check prompt
- 17:15:32 [ERROR] On command: #check prompt waiting for #check prompt.+?(?-mix:root@.+[@:#]+) >>> error: execution expired
- 17:15:32 [INFO] Target: 
#check prompt
- 17:15:32 [INFO] Disconnected serial from am57xx-evm
- 17:15:37 [INFO] Connected to am57xx-evm via serial 
- 17:15:37 [INFO] Host: 
- 17:15:38 [INFO] Target: 
SATA link 0 timeout.
AHCI 0001.0300 32 slots 1 ports 3 Gbps 0x1 impl SATA mode
flags: 64bit ncq stag pm led clo only pmp pio slum part ccc apst 
SCSI:  SATA link 0 timeout.
AHCI 0001.0300 32 slots 1 ports 3 Gbps 0x1 impl SATA mode
flags: 64bit ncq stag pm led clo only pmp pio slum part ccc apst 
scanning bus for devices...
Found 0 device(s).
Net:   <ethaddr> not set. Validating first E-fuse MAC
cpsw
Hit any key to stop autoboot:  1  0 
U-Boot# 
U-Boot# 
U-Boot# 
U-Boot# 
U-Boot# 
U-Boot# 
U-Boot# 
U-Boot# 
U-Boot# 
U-Boot# 
U-Boot# 
- 17:15:38 [INFO] Host: 
- 17:15:39 [INFO] Target: 
U-Boot# 
U-Boot# 
- 17:15:39 [INFO] Host: version
- 17:15:39 [INFO] Target: 
version
U-Boot 2015.07 (Aug 25 2015 - 20:52:55 -0400)
arm-linux-gnueabihf-gcc (Linaro GCC 4.9-2015.01-3) 4.9.3 20150113 (prerelease)
GNU ld (GNU Binutils) Linaro 2014.11-3-git 2.24.0.20141017
U-Boot# 
- 17:15:39 [INFO] Host: setenv bootargs 'console=ttyO2,115200n8  earlyprintk rootwait '
- 17:15:39 [INFO] Target: 
setenv bootargs 'console=ttyO2,115200n8  earlyprintk rootwait '
U-Boot# 
- 17:15:39 [INFO] Host: setenv bootcmd  ''
- 17:15:39 [INFO] Target: 
setenv bootcmd  ''
U-Boot# 
- 17:15:39 [INFO] Host: setenv autoload 'no'
- 17:15:39 [INFO] Target: 
setenv autoload 'no'
U-Boot# 
- 17:15:39 [INFO] Host: setenv serverip '192.168.0.1'
- 17:15:39 [INFO] Target: 
setenv serverip '192.168.0.1'
U-Boot# 
- 17:15:39 [INFO] Host: printenv
- 17:15:39 [INFO] Target: 
printenv
arch=arm
autoload=no
baudrate=115200
board=beagle_x15
board_name=beagle_x15
bootargs=console=ttyO2,115200n8  earlyprintk rootwait 
bootcmd=
bootdelay=1
bootdir=/boot
bootenv=uEnv.txt
bootfile=zImage
bootm_size=0x10000000
bootpart=0:2
bootscript=echo Running bootscript from mmc${mmcdev} ...; source ${loadaddr}
console=ttyO2,115200n8
cpu=armv7
dfu_alt_info_emmc=rawemmc raw 0 3751936;boot part 1 1;rootfs part 1 2;MLO fat 1 1;MLO.raw raw 0x100 0x100;u-boot.img.raw raw 0x300 0x400;spl-os-args.raw raw 0x80 0x80;spl-os-image.raw raw 0x900 0x2000;spl-os-args fat 1 1;spl-os-image fat 1 1;u-boot.img fat 1 1;uEnv.txt fat 1 1
dfu_alt_info_mmc=boot part 0 1;rootfs part 0 2;MLO fat 0 1;MLO.raw raw 0x100 0x100;u-boot.img.raw raw 0x300 0x400;spl-os-args.raw raw 0x80 0x80;spl-os-image.raw raw 0x900 0x2000;spl-os-args fat 0 1;spl-os-image fat 0 1;u-boot.img fat 0 1;uEnv.txt fat 0 1
dfu_alt_info_ram=kernel ram 0x80200000 0x4000000;fdt ram 0x80f80000 0x80000;ramdisk ram 0x81000000 0x4000000
dfu_bufsiz=0x10000
dofastboot=0
eth1addr=74:da:ea:08:7b:07
ethact=cpsw
ethaddr=74:da:ea:08:7b:06
fdt_addr_r=0x88000000
fdtaddr=0x88000000
fdtfile=undefined
findfdt=if test $board_name = omap5_uevm; then setenv fdtfile omap5-uevm.dtb; fi; if test $board_name = dra7xx; then setenv fdtfile dra7-evm.dtb; fi;if test $board_name = dra72x; then setenv fdtfile dra72-evm.dtb; fi;if test $board_name = beagle_x15; then setenv fdtfile am57xx-beagle-x15.dtb; fi;if test $fdtfile = undefined; then echo WARNING: Could not determine device tree to use; fi; 
importbootenv=echo Importing environment from mmc${mmcdev} ...; env import -t ${loadaddr} ${filesize}
kernel_addr_r=0x82000000
loadaddr=0x82000000
loadbootenv=fatload mmc ${mmcdev} ${loadaddr} ${bootenv}
loadbootscript=fatload mmc ${mmcdev} ${loadaddr} boot.scr
loadfdt=load mmc ${bootpart} ${fdtaddr} ${bootdir}/${fdtfile};
loadimage=load mmc ${bootpart} ${loadaddr} ${bootdir}/${bootfile}
mmcargs=setenv bootargs console=${console} ${optargs} vram=${vram} root=${mmcroot} rootfstype=${mmcrootfstype}
mmcboot=mmc dev ${mmcdev}; if mmc rescan; then echo SD/MMC found on device ${mmcdev};if run loadbootenv; then echo Loaded environment from ${bootenv};run importbootenv;fi;if test -n $uenvcmd; then echo Running uenvcmd ...;run uenvcmd;fi;if run loadimage; then run loadfdt; echo Booting from mmc${mmcdev} ...; run mmcargs; bootz ${loadaddr} - ${fdtaddr}; fi;fi;
mmcdev=0
mmcroot=/dev/mmcblk0p2 rw
mmcrootfstype=ext4 rootwait
netargs=setenv bootargs console=${console} ${optargs} root=/dev/nfs nfsroot=${serverip}:${rootpath},${nfsopts} rw ip=dhcp
netboot=echo Booting from network ...; setenv autoload no; dhcp; run netloadimage; run netloadfdt; run netargs; bootz ${loadaddr} - ${fdtaddr}
netloadfdt=tftp ${fdtaddr} ${fdtfile}
netloadimage=tftp ${loadaddr} ${bootfile}
nfsopts=nolock
partitions=uuid_disk=${uuid_gpt_disk};name=rootfs,start=2MiB,size=-,uuid=${uuid_gpt_rootfs}
ramdisk_addr_r=0x88080000
rdaddr=0x88080000
rootpath=/export/rootfs
scsidevs=0
serverip=192.168.0.1
soc=omap5
static_ip=${ipaddr}:${serverip}:${gatewayip}:${netmask}:${hostname}::off
stderr=serial
stdin=serial
stdout=serial
usbtty=cdc_acm
vendor=ti
ver=U-Boot 2015.07 (Aug 25 2015 - 20:52:55 -0400)
vram=16M
Environment size: 3340/65532 bytes
U-Boot# 
- 17:15:39 [INFO] Host: printenv
- 17:15:40 [INFO] Target: 
printenv
arch=arm
autoload=no
baudrate=115200
board=beagle_x15
board_name=beagle_x15
bootargs=console=ttyO2,115200n8  earlyprintk rootwait 
bootcmd=
bootdelay=1
bootdir=/boot
bootenv=uEnv.txt
bootfile=zImage
bootm_size=0x10000000
bootpart=0:2
bootscript=echo Running bootscript from mmc${mmcdev} ...; source ${loadaddr}
console=ttyO2,115200n8
cpu=armv7
dfu_alt_info_emmc=rawemmc raw 0 3751936;boot part 1 1;rootfs part 1 2;MLO fat 1 1;MLO.raw raw 0x100 0x100;u-boot.img.raw raw 0x300 0x400;spl-os-args.raw raw 0x80 0x80;spl-os-image.raw raw 0x900 0x2000;spl-os-args fat 1 1;spl-os-image fat 1 1;u-boot.img fat 1 1;uEnv.txt fat 1 1
dfu_alt_info_mmc=boot part 0 1;rootfs part 0 2;MLO fat 0 1;MLO.raw raw 0x100 0x100;u-boot.img.raw raw 0x300 0x400;spl-os-args.raw raw 0x80 0x80;spl-os-image.raw raw 0x900 0x2000;spl-os-args fat 0 1;spl-os-image fat 0 1;u-boot.img fat 0 1;uEnv.txt fat 0 1
dfu_alt_info_ram=kernel ram 0x80200000 0x4000000;fdt ram 0x80f80000 0x80000;ramdisk ram 0x81000000 0x4000000
dfu_bufsiz=0x10000
dofastboot=0
eth1addr=74:da:ea:08:7b:07
ethact=cpsw
ethaddr=74:da:ea:08:7b:06
fdt_addr_r=0x88000000
fdtaddr=0x88000000
fdtfile=undefined
findfdt=if test $board_name = omap5_uevm; then setenv fdtfile omap5-uevm.dtb; fi; if test $board_name = dra7xx; then setenv fdtfile dra7-evm.dtb; fi;if test $board_name = dra72x; then setenv fdtfile dra72-evm.dtb; fi;if test $board_name = beagle_x15; then setenv fdtfile am57xx-beagle-x15.dtb; fi;if test $fdtfile = undefined; then echo WARNING: Could not determine device tree to use; fi; 
importbootenv=echo Importing environment from mmc${mmcdev} ...; env import -t ${loadaddr} ${filesize}
kernel_addr_r=0x82000000
loadaddr=0x82000000
loadbootenv=fatload mmc ${mmcdev} ${loadaddr} ${bootenv}
loadbootscript=fatload mmc ${mmcdev} ${loadaddr} boot.scr
loadfdt=load mmc ${bootpart} ${fdtaddr} ${bootdir}/${fdtfile};
loadimage=load mmc ${bootpart} ${loadaddr} ${bootdir}/${bootfile}
mmcargs=setenv bootargs console=${console} ${optargs} vram=${vram} root=${mmcroot} rootfstype=${mmcrootfstype}
mmcboot=mmc dev ${mmcdev}; if mmc rescan; then echo SD/MMC found on device ${mmcdev};if run loadbootenv; then echo Loaded environment from ${bootenv};run importbootenv;fi;if test -n $uenvcmd; then echo Running uenvcmd ...;run uenvcmd;fi;if run loadimage; then run loadfdt; echo Booting from mmc${mmcdev} ...; run mmcargs; bootz ${loadaddr} - ${fdtaddr}; fi;fi;
mmcdev=0
mmcroot=/dev/mmcblk0p2 rw
mmcrootfstype=ext4 rootwait
netargs=setenv bootargs console=${console} ${optargs} root=/dev/nfs nfsroot=${serverip}:${rootpath},${nfsopts} rw ip=dhcp
netboot=echo Booting from network ...; setenv autoload no; dhcp; run netloadimage; run netloadfdt; run netargs; bootz ${loadaddr} - ${fdtaddr}
netloadfdt=tftp ${fdtaddr} ${fdtfile}
netloadimage=tftp ${loadaddr} ${bootfile}
nfsopts=nolock
partitions=uuid_disk=${uuid_gpt_disk};name=rootfs,start=2MiB,size=-,uuid=${uuid_gpt_rootfs}
ramdisk_addr_r=0x88080000
rdaddr=0x88080000
rootpath=/export/rootfs
scsidevs=0
serverip=192.168.0.1
soc=omap5
static_ip=${ipaddr}:${serverip}:${gatewayip}:${netmask}:${hostname}::off
stderr=serial
stdin=serial
stdout=serial
usbtty=cdc_acm
vendor=ti
ver=U-Boot 2015.07 (Aug 25 2015 - 20:52:55 -0400)
vram=16M
Environment size: 3340/65532 bytes
U-Boot# 
- 17:15:40 [INFO] Host: setenv bootargs ''${bootargs}' ip=:::::eth0:dhcp '
- 17:15:40 [INFO] Target: 
setenv bootargs ''${bootargs}' ip=:::::eth0:dhcp '
U-Boot# 
- 17:15:40 [INFO] Host: setenv serverip '192.168.0.1'
- 17:15:40 [INFO] Target: 
setenv serverip '192.168.0.1'
U-Boot# 
- 17:15:40 [INFO] Host: setenv autoload 'no'
- 17:15:40 [INFO] Target: 
setenv autoload 'no'
U-Boot# 
- 17:15:40 [INFO] Host: dhcp
- 17:15:41 [INFO] Target: 
dhcp
cpsw Waiting for PHY auto negotiation to complete. done
link up on port 0, speed 1000, full duplex
BOOTP broadcast 1
BOOTP broadcast 2
BOOTP broadcast 3
DHCP client bound to address 192.168.0.240 (1002 ms)
U-Boot# 
- 17:15:41 [INFO] Host: tftp ${loadaddr} 192.168.0.1:vatf_am57xx-evm/a959616d33b499f3ba22d1349e6d848e
- 17:15:42 [INFO] Target: 
tftp ${loadaddr} 192.168.0.1:vatf_am57xx-evm/a959616d33b499f3ba22d1349e6d848e
link up on port 0, speed 1000, full duplex
Using cpsw device
TFTP from server 192.168.0.1; our IP address is 192.168.0.240
Filename 'vatf_am57xx-evm/a959616d33b499f3ba22d1349e6d848e'.
Load address: 0x82000000
Loading: *#################################################################
	 #################################################################
	 #################################################################
	 #################################################################
	 #################################################################
	 #################################################################
	 ###############################################
	 11.7 MiB/s
done
Bytes transferred = 6410560 (61d140 hex)
U-Boot# 
- 17:15:42 [INFO] Host: tftp ${fdt_addr_r} 192.168.0.1:vatf_am57xx-evm/c238b781b2443dafaff155989b75a4d3
- 17:15:42 [INFO] Target: 
tftp ${fdt_addr_r} 192.168.0.1:vatf_am57xx-evm/c238b781b2443dafaff155989b75a4d3
link up on port 0, speed 1000, full duplex
Using cpsw device
TFTP from server 192.168.0.1; our IP address is 192.168.0.240
Filename 'vatf_am57xx-evm/c238b781b2443dafaff155989b75a4d3'.
Load address: 0x88000000
Loading: *######
	 10.5 MiB/s
done
Bytes transferred = 76753 (12bd1 hex)
U-Boot# 
- 17:15:42 [INFO] Host: ls mmc 0:1
- 17:15:42 [INFO] Target: 
ls mmc 0:1
    54224   mlo 
   285920   u-boot.img 
        4   ws-calibrate.rules 
        0   pointercal 
4 file(s), 0 dir(s)
U-Boot# 
- 17:15:42 [INFO] Host: ls mmc 0:2
- 17:15:42 [INFO] Target: 
ls mmc 0:2
<DIR>       4096 .
<DIR>       4096 ..
<DIR>       4096 include
<DIR>       4096 srv
<DIR>       4096 home
<DIR>       4096 media
<DIR>       4096 opt
<DIR>       4096 var
<DIR>       4096 sys
<DIR>       4096 boot
<DIR>       4096 dev
<DIR>       4096 usr
<DIR>       4096 bin
<DIR>       4096 mnt
<DIR>       4096 etc
<DIR>       4096 sbin
<DIR>       4096 www
<SYM>          8 tmp
<DIR>       4096 proc
<DIR>       4096 run
<DIR>       4096 lib
<DIR>       4096 test
U-Boot# 
- 17:15:42 [INFO] Host: part uuid mmc 0:2
- 17:15:42 [INFO] Target: 
part uuid mmc 0:2
00000000-02
U-Boot# 
- 17:15:42 [INFO] Host: printenv
- 17:15:43 [INFO] Target: 
printenv
arch=arm
autoload=no
baudrate=115200
board=beagle_x15
board_name=beagle_x15
bootargs=console=ttyO2,115200n8  earlyprintk rootwait  ip=:::::eth0:dhcp 
bootcmd=
bootdelay=1
bootdir=/boot
bootenv=uEnv.txt
bootfile=zImage
bootm_size=0x10000000
bootpart=0:2
bootscript=echo Running bootscript from mmc${mmcdev} ...; source ${loadaddr}
console=ttyO2,115200n8
cpu=armv7
dfu_alt_info_emmc=rawemmc raw 0 3751936;boot part 1 1;rootfs part 1 2;MLO fat 1 1;MLO.raw raw 0x100 0x100;u-boot.img.raw raw 0x300 0x400;spl-os-args.raw raw 0x80 0x80;spl-os-image.raw raw 0x900 0x2000;spl-os-args fat 1 1;spl-os-image fat 1 1;u-boot.img fat 1 1;uEnv.txt fat 1 1
dfu_alt_info_mmc=boot part 0 1;rootfs part 0 2;MLO fat 0 1;MLO.raw raw 0x100 0x100;u-boot.img.raw raw 0x300 0x400;spl-os-args.raw raw 0x80 0x80;spl-os-image.raw raw 0x900 0x2000;spl-os-args fat 0 1;spl-os-image fat 0 1;u-boot.img fat 0 1;uEnv.txt fat 0 1
dfu_alt_info_ram=kernel ram 0x80200000 0x4000000;fdt ram 0x80f80000 0x80000;ramdisk ram 0x81000000 0x4000000
dfu_bufsiz=0x10000
dnsip=192.0.2.2
dnsip2=192.0.2.3
dofastboot=0
eth1addr=74:da:ea:08:7b:07
ethact=cpsw
ethaddr=74:da:ea:08:7b:06
fdt_addr_r=0x88000000
fdtaddr=0x88000000
fdtfile=undefined
fileaddr=88000000
filesize=12bd1
findfdt=if test $board_name = omap5_uevm; then setenv fdtfile omap5-uevm.dtb; fi; if test $board_name = dra7xx; then setenv fdtfile dra7-evm.dtb; fi;if test $board_name = dra72x; then setenv fdtfile dra72-evm.dtb; fi;if test $board_name = beagle_x15; then setenv fdtfile am57xx-beagle-x15.dtb; fi;if test $fdtfile = undefined; then echo WARNING: Could not determine device tree to use; fi; 
gatewayip=192.168.0.1
importbootenv=echo Importing environment from mmc${mmcdev} ...; env import -t ${loadaddr} ${filesize}
ipaddr=192.168.0.240
kernel_addr_r=0x82000000
loadaddr=0x82000000
loadbootenv=fatload mmc ${mmcdev} ${loadaddr} ${bootenv}
loadbootscript=fatload mmc ${mmcdev} ${loadaddr} boot.scr
loadfdt=load mmc ${bootpart} ${fdtaddr} ${bootdir}/${fdtfile};
loadimage=load mmc ${bootpart} ${loadaddr} ${bootdir}/${bootfile}
mmcargs=setenv bootargs console=${console} ${optargs} vram=${vram} root=${mmcroot} rootfstype=${mmcrootfstype}
mmcboot=mmc dev ${mmcdev}; if mmc rescan; then echo SD/MMC found on device ${mmcdev};if run loadbootenv; then echo Loaded environment from ${bootenv};run importbootenv;fi;if test -n $uenvcmd; then echo Running uenvcmd ...;run uenvcmd;fi;if run loadimage; then run loadfdt; echo Booting from mmc${mmcdev} ...; run mmcargs; bootz ${loadaddr} - ${fdtaddr}; fi;fi;
mmcdev=0
mmcroot=/dev/mmcblk0p2 rw
mmcrootfstype=ext4 rootwait
netargs=setenv bootargs console=${console} ${optargs} root=/dev/nfs nfsroot=${serverip}:${rootpath},${nfsopts} rw ip=dhcp
netboot=echo Booting from network ...; setenv autoload no; dhcp; run netloadimage; run netloadfdt; run netargs; bootz ${loadaddr} - ${fdtaddr}
netloadfdt=tftp ${fdtaddr} ${fdtfile}
netloadimage=tftp ${loadaddr} ${bootfile}
netmask=255.255.255.0
nfsopts=nolock
partitions=uuid_disk=${uuid_gpt_disk};name=rootfs,start=2MiB,size=-,uuid=${uuid_gpt_rootfs}
ramdisk_addr_r=0x88080000
rdaddr=0x88080000
rootpath=/export/rootfs
scsidevs=0
serverip=192.168.0.1
soc=omap5
static_ip=${ipaddr}:${serverip}:${gatewayip}:${netmask}:${hostname}::off
stderr=serial
stdin=serial
stdout=serial
usbtty=cdc_acm
vendor=ti
ver=U-Boot 2015.07 (Aug 25 2015 - 20:52:55 -0400)
vram=16M
Environment size: 3504/65532 bytes
U-Boot# 
- 17:15:43 [INFO] Host: setenv bootargs ''${bootargs}' root=PARTUUID=00000000-02 rw rootfstype=ext4 rootwait '
- 17:15:43 [INFO] Target: 
setenv bootargs ''${bootargs}' root=PARTUUID=00000000-02 rw rootfstype=ext4 rootwait '
U-Boot# 
- 17:15:43 [INFO] Host: printenv
- 17:15:43 [INFO] Target: 
printenv
arch=arm
autoload=no
baudrate=115200
board=beagle_x15
board_name=beagle_x15
bootargs=console=ttyO2,115200n8  earlyprintk rootwait  ip=:::::eth0:dhcp  root=PARTUUID=00000000-02 rw rootfstype=ext4 rootwait 
bootcmd=
bootdelay=1
bootdir=/boot
bootenv=uEnv.txt
bootfile=zImage
bootm_size=0x10000000
bootpart=0:2
bootscript=echo Running bootscript from mmc${mmcdev} ...; source ${loadaddr}
console=ttyO2,115200n8
cpu=armv7
dfu_alt_info_emmc=rawemmc raw 0 3751936;boot part 1 1;rootfs part 1 2;MLO fat 1 1;MLO.raw raw 0x100 0x100;u-boot.img.raw raw 0x300 0x400;spl-os-args.raw raw 0x80 0x80;spl-os-image.raw raw 0x900 0x2000;spl-os-args fat 1 1;spl-os-image fat 1 1;u-boot.img fat 1 1;uEnv.txt fat 1 1
dfu_alt_info_mmc=boot part 0 1;rootfs part 0 2;MLO fat 0 1;MLO.raw raw 0x100 0x100;u-boot.img.raw raw 0x300 0x400;spl-os-args.raw raw 0x80 0x80;spl-os-image.raw raw 0x900 0x2000;spl-os-args fat 0 1;spl-os-image fat 0 1;u-boot.img fat 0 1;uEnv.txt fat 0 1
dfu_alt_info_ram=kernel ram 0x80200000 0x4000000;fdt ram 0x80f80000 0x80000;ramdisk ram 0x81000000 0x4000000
dfu_bufsiz=0x10000
dnsip=192.0.2.2
dnsip2=192.0.2.3
dofastboot=0
eth1addr=74:da:ea:08:7b:07
ethact=cpsw
ethaddr=74:da:ea:08:7b:06
fdt_addr_r=0x88000000
fdtaddr=0x88000000
fdtfile=undefined
fileaddr=88000000
filesize=12bd1
findfdt=if test $board_name = omap5_uevm; then setenv fdtfile omap5-uevm.dtb; fi; if test $board_name = dra7xx; then setenv fdtfile dra7-evm.dtb; fi;if test $board_name = dra72x; then setenv fdtfile dra72-evm.dtb; fi;if test $board_name = beagle_x15; then setenv fdtfile am57xx-beagle-x15.dtb; fi;if test $fdtfile = undefined; then echo WARNING: Could not determine device tree to use; fi; 
gatewayip=192.168.0.1
importbootenv=echo Importing environment from mmc${mmcdev} ...; env import -t ${loadaddr} ${filesize}
ipaddr=192.168.0.240
kernel_addr_r=0x82000000
loadaddr=0x82000000
loadbootenv=fatload mmc ${mmcdev} ${loadaddr} ${bootenv}
loadbootscript=fatload mmc ${mmcdev} ${loadaddr} boot.scr
loadfdt=load mmc ${bootpart} ${fdtaddr} ${bootdir}/${fdtfile};
loadimage=load mmc ${bootpart} ${loadaddr} ${bootdir}/${bootfile}
mmcargs=setenv bootargs console=${console} ${optargs} vram=${vram} root=${mmcroot} rootfstype=${mmcrootfstype}
mmcboot=mmc dev ${mmcdev}; if mmc rescan; then echo SD/MMC found on device ${mmcdev};if run loadbootenv; then echo Loaded environment from ${bootenv};run importbootenv;fi;if test -n $uenvcmd; then echo Running uenvcmd ...;run uenvcmd;fi;if run loadimage; then run loadfdt; echo Booting from mmc${mmcdev} ...; run mmcargs; bootz ${loadaddr} - ${fdtaddr}; fi;fi;
mmcdev=0
mmcroot=/dev/mmcblk0p2 rw
mmcrootfstype=ext4 rootwait
netargs=setenv bootargs console=${console} ${optargs} root=/dev/nfs nfsroot=${serverip}:${rootpath},${nfsopts} rw ip=dhcp
netboot=echo Booting from network ...; setenv autoload no; dhcp; run netloadimage; run netloadfdt; run netargs; bootz ${loadaddr} - ${fdtaddr}
netloadfdt=tftp ${fdtaddr} ${fdtfile}
netloadimage=tftp ${loadaddr} ${bootfile}
netmask=255.255.255.0
nfsopts=nolock
partitions=uuid_disk=${uuid_gpt_disk};name=rootfs,start=2MiB,size=-,uuid=${uuid_gpt_rootfs}
ramdisk_addr_r=0x88080000
rdaddr=0x88080000
rootpath=/export/rootfs
scsidevs=0
serverip=192.168.0.1
soc=omap5
static_ip=${ipaddr}:${serverip}:${gatewayip}:${netmask}:${hostname}::off
stderr=serial
stdin=serial
stdout=serial
usbtty=cdc_acm
vendor=ti
ver=U-Boot 2015.07 (Aug 25 2015 - 20:52:55 -0400)
vram=16M
Environment size: 3559/65532 bytes
U-Boot# 
- 17:15:43 [INFO] Host: setenv bootcmd ''${bootcmd}' if iminfo ${loadaddr}; then bootm ${loadaddr} - ${fdt_addr_r}; else bootz ${loadaddr} - ${fdt_addr_r}; bootm ${loadaddr} - ${fdt_addr_r}; fi'
- 17:15:43 [INFO] Target: 
setenv bootcmd ''${bootcmd}' if iminfo ${loadaddr}; then bootm ${loadaddr} - ${fdt_addr_r}; else bootz ${loadaddr} - ${fdt_addr_r}; bootm ${loadaddr} - ${fdt_addr_r}; fi'
U-Boot# 
- 17:15:43 [INFO] Host: version
- 17:15:43 [INFO] Target: 
version
U-Boot 2015.07 (Aug 25 2015 - 20:52:55 -0400)
arm-linux-gnueabihf-gcc (Linaro GCC 4.9-2015.01-3) 4.9.3 20150113 (prerelease)
GNU ld (GNU Binutils) Linaro 2014.11-3-git 2.24.0.20141017
U-Boot# 
- 17:15:43 [INFO] Host: bdinfo
- 17:15:43 [INFO] Target: 
bdinfo
arch_number = 0x00000000
boot_params = 0x80000100
DRAM bank   = 0x00000000
-> start    = 0x80000000
-> size     = 0x80000000
DRAM bank   = 0x00000001
-> start    = 0x00000000
-> size     = 0x00000000
eth0name    = cpsw
ethaddr     = 74:da:ea:08:7b:06
current eth = cpsw
ip_addr     = 192.168.0.240
baudrate    = 115200 bps
TLB addr    = 0xFFFF0000
relocaddr   = 0xFFF67000
reloc off   = 0x7F767000
irq_sp      = 0xFEF56EE0
sp start    = 0xFEF56ED0
U-Boot# 
- 17:15:43 [INFO] Host: mmc rescan; echo $?
- 17:15:43 [INFO] Target: 
mmc rescan; echo $?
U-Boot# 
- 17:15:43 [INFO] Host: fatwrite mmc ${mmcdev}:1 ${loadaddr} ws-calibrate.rules 4
- 17:15:44 [INFO] Target: 
fatwrite mmc ${mmcdev}:1 ${loadaddr} ws-calibrate.rules 4
writing ws-calibrate.rules
4 bytes written
U-Boot# 
- 17:15:44 [INFO] Host: boot
- 17:18:14 [ERROR] On command: boot waiting for boot.+?(?-mix:login:) >>> error: execution expired
- 17:18:14 [INFO] Target: 
boot
## Checking Image at 82000000 ...
Unknown image format!
Kernel image @ 0x82000000 [ 0x000000 - 0x61d140 ]
## Flattened Device Tree blob at 88000000
   Booting using the fdt blob at 0x88000000
   Loading Device Tree to 8ffea000, end 8ffffbd0 ... OK
Starting kernel ...
[    0.000000] Booting Linux on physical CPU 0x0
[    0.000000] Linux version 4.3.0-rc1-next-20150914-00002-g274b50485d2c (nmenon@kahuna) (gcc version 4.6.3 (Ubuntu/Linaro 4.6.3-1ubuntu5) ) #1 SMP Mon Sep 14 08:10:05 CDT 2015
[    0.000000] CPU: ARMv7 Processor [412fc0f2] revision 2 (ARMv7), cr=30c5387d
[    0.000000] CPU: PIPT / VIPT nonaliasing data cache, PIPT instruction cache
[    0.000000] Machine model: TI AM5728 BeagleBoard-X15
[    0.000000] cma: Reserved 64 MiB at 0x00000000fb800000
[    0.000000] Forcing write-allocate cache policy for SMP
[    0.000000] Memory policy: Data cache writealloc
[    0.000000] DRA752 ES1.1
[    0.000000] PERCPU: Embedded 12 pages/cpu @ee791000 s19136 r8192 d21824 u49152
[    0.000000] Built 1 zonelists in Zone order, mobility grouping on.  Total pages: 522000
[    0.000000] Kernel command line: console=ttyO2,115200n8  earlyprintk rootwait  ip=:::::eth0:dhcp  root=PARTUUID=00000000-02 rw rootfstype=ext4 rootwait 
[    0.000000] PID hash table entries: 4096 (order: 2, 16384 bytes)
[    0.000000] Dentry cache hash table entries: 131072 (order: 7, 524288 bytes)
[    0.000000] Inode-cache hash table entries: 65536 (order: 6, 262144 bytes)
[    0.000000] Memory: 1996688K/2094080K available (8109K kernel code, 1015K rwdata, 3624K rodata, 1044K init, 345K bss, 31856K reserved, 65536K cma-reserved, 1250304K highmem)
[    0.000000] Virtual kernel memory layout:
[    0.000000]     vector  : 0xffff0000 - 0xffff1000   (   4 kB)
[    0.000000]     fixmap  : 0xffc00000 - 0xfff00000   (3072 kB)
[    0.000000]     vmalloc : 0xf0000000 - 0xff000000   ( 240 MB)
[    0.000000]     lowmem  : 0xc0000000 - 0xef800000   ( 760 MB)
[    0.000000]     pkmap   : 0xbfe00000 - 0xc0000000   (   2 MB)
[    0.000000]     modules : 0xbf000000 - 0xbfe00000   (  14 MB)
[    0.000000]       .text : 0xc0208000 - 0xc0d7e5d0   (11738 kB)
[    0.000000]       .init : 0xc0d7f000 - 0xc0e84000   (1044 kB)
[    0.000000]       .data : 0xc0e84000 - 0xc0f81ca0   (1016 kB)
[    0.000000]        .bss : 0xc0f84000 - 0xc0fda4a0   ( 346 kB)
[    0.000000] SLUB: HWalign=64, Order=0-3, MinObjects=0, CPUs=2, Nodes=1
[    0.000000] Hierarchical RCU implementation.
[    0.000000] 	Build-time adjustment of leaf fanout to 32.
[    0.000000] 	RCU restricting CPUs from NR_CPUS=16 to nr_cpu_ids=2.
[    0.000000] RCU: Adjusting geometry for rcu_fanout_leaf=32, nr_cpu_ids=2
[    0.000000] NR_IRQS:16 nr_irqs:16 16
[    0.000000] OMAP clockevent source: timer1 at 32768 Hz
[    0.000000] clocksource: 32k_counter: mask: 0xffffffff max_cycles: 0xffffffff, max_idle_ns: 58327039986419 ns
[    0.000000] sched_clock: 32 bits at 32kHz, resolution 30517ns, wraps every 65535999984741ns
[    0.000000] OMAP clocksource: 32k_counter at 32768 Hz
[    0.000396] Architected cp15 timer(s) running at 6.14MHz (virt).
[    0.000427] clocksource: arch_sys_counter: mask: 0xffffffffffffff max_cycles: 0x16af5adb9, max_idle_ns: 440795202250 ns
[    0.000431] sched_clock: 56 bits at 6MHz, resolution 162ns, wraps every 4398046511023ns
[    0.000441] Switching to timer-based delay loop, resolution 162ns
[    0.005658] Console: colour dummy device 80x30
[    0.005676] Calibrating delay loop (skipped), value calculated using timer frequency.. 12.29 BogoMIPS (lpj=30737)
[    0.005688] pid_max: default: 32768 minimum: 301
[    0.005770] Mount-cache hash table entries: 2048 (order: 1, 8192 bytes)
[    0.005779] Mountpoint-cache hash table entries: 2048 (order: 1, 8192 bytes)
[    0.006225] CPU: Testing write buffer coherency: ok
[    0.006415] /cpus/cpu@0 missing clock-frequency property
[    0.006448] /cpus/cpu@1 missing clock-frequency property
[    0.006458] CPU0: thread -1, cpu 0, socket 0, mpidr 80000000
[    0.006493] Setting up static identity map for 0x80209000 - 0x80209170
[    0.010848] CPU1: thread -1, cpu 1, socket 0, mpidr 80000001
[    0.010907] Brought up 2 CPUs
[    0.010919] SMP: Total of 2 processors activated (24.58 BogoMIPS).
[    0.010924] CPU: All CPU(s) started in SVC mode.
[    0.011220] devtmpfs: initialized
[    0.029106] VFP support v0.3: implementor 41 architecture 4 part 30 variant f rev 0
[    0.029968] omap_hwmod: l3_main_2 using broken dt data from ocp
[    0.168858] clocksource: jiffies: mask: 0xffffffff max_cycles: 0xffffffff, max_idle_ns: 9556302231375000 ns
[    0.170152] pinctrl core: initialized pinctrl subsystem
[    0.171550] NET: Registered protocol family 16
[    0.173053] DMA: preallocated 256 KiB pool for atomic coherent allocations
[    0.185978] cpuidle: using governor ladder
[    0.200994] cpuidle: using governor menu
[    0.206303] OMAP GPIO hardware version 0.1
[    0.210402] irq: no irq domain found for /ocp/l4@4a000000/scm@2000/pinmux@1400 !
[    0.221790] No ATAGs?
[    0.221814] hw-breakpoint: found 5 (+1 reserved) breakpoint and 4 watchpoint registers.
[    0.221821] hw-breakpoint: maximum watchpoint size is 8 bytes.
[    0.223005] omap4_sram_init:Unable to allocate sram needed to handle errata I688
[    0.223013] omap4_sram_init:Unable to get sram pool needed to handle errata I688
[    0.223238] OMAP DMA hardware revision 0.0
[    0.226313] Serial: AMBA PL011 UART driver
[    0.250965] omap-dma-engine 4a056000.dma-controller: OMAP DMA engine driver
[    0.254734] vgaarb: loaded
[    0.255330] SCSI subsystem initialized
[    0.255690] usbcore: registered new interface driver usbfs
[    0.255742] usbcore: registered new interface driver hub
[    0.255784] usbcore: registered new device driver usb
[    0.256455] omap_i2c 48070000.i2c: could not find pctldev for node /ocp/l4@4a000000/scm@2000/pinmux@1400/i2c1_pins_default, deferring probe
[    0.256481] omap_i2c 48060000.i2c: could not find pctldev for node /ocp/l4@4a000000/scm@2000/pinmux@1400/i2c3_pins_default, deferring probe
[    0.257181] pps_core: LinuxPPS API ver. 1 registered
[    0.257187] pps_core: Software ver. 5.3.6 - Copyright 2005-2007 Rodolfo Giometti <giometti@linux.it>
[    0.257209] PTP clock support registered
[    0.257391] EDAC MC: Ver: 3.0.0
[    0.259198] clocksource: Switched to clocksource arch_sys_counter
[    0.267759] NET: Registered protocol family 2
[    0.268134] TCP established hash table entries: 8192 (order: 3, 32768 bytes)
[    0.268204] TCP bind hash table entries: 8192 (order: 4, 65536 bytes)
[    0.268334] TCP: Hash tables configured (established 8192 bind 8192)
[    0.268378] UDP hash table entries: 512 (order: 2, 16384 bytes)
[    0.268407] UDP-Lite hash table entries: 512 (order: 2, 16384 bytes)
[    0.268525] NET: Registered protocol family 1
[    0.268723] RPC: Registered named UNIX socket transport module.
[    0.268730] RPC: Registered udp transport module.
[    0.268736] RPC: Registered tcp transport module.
[    0.268741] RPC: Registered tcp NFSv4.1 backchannel transport module.
[    0.269463] hw perfevents: enabled with armv7_cortex_a15 PMU driver, 7 counters available
[    0.270879] futex hash table entries: 512 (order: 3, 32768 bytes)
[    0.280008] squashfs: version 4.0 (2009/01/31) Phillip Lougher
[    0.280695] NFS: Registering the id_resolver key type
[    0.280723] Key type id_resolver registered
[    0.280729] Key type id_legacy registered
[    0.280785] ntfs: driver 2.1.32 [Flags: R/O].
[    0.281785] bounce: pool size: 64 pages
[    0.281952] Block layer SCSI generic (bsg) driver version 0.4 loaded (major 249)
[    0.281965] io scheduler noop registered
[    0.281978] io scheduler deadline registered
[    0.282006] io scheduler cfq registered (default)
[    0.288218] pinctrl-single 4a003400.pinmux: 282 pins at pa fc003400 size 1128
[    0.297982] pbias-regulator: probe of 4a002000.scm_conf:pbias_regulator failed with error -22
[    0.339539] Serial: 8250/16550 driver, 4 ports, IRQ sharing disabled
[    0.341445] SuperH (H)SCI(F) driver initialized
[    0.342252] msm_serial: driver initialized
[    0.342905] 48020000.serial: ttyO2 at MMIO 0x48020000 (irq = 296, base_baud = 3000000) is a OMAP UART2
[    1.075484] console [ttyO2] enabled
[    1.079486] STMicroelectronics ASC driver initialized
[    1.086246] [drm] Initialized drm 1.1.0 20060810
[    1.097961] loop: module loaded
[    1.102476] ahci 4a140000.sata: SSS flag set, parallel bus scan disabled
[    1.109504] ahci 4a140000.sata: AHCI 0001.0300 32 slots 1 ports 3 Gbps 0x1 impl platform mode
[    1.118419] ahci 4a140000.sata: flags: 64bit ncq sntf stag pm led clo only pmp pio slum part ccc apst 
[    1.128885] scsi host0: ahci
[    1.132135] ata1: SATA max UDMA/133 mmio [mem 0x4a140000-0x4a1410ff] port 0x100 irq 313
[    1.145687] CAN device driver interface
[    1.150792] igb: Intel(R) Gigabit Ethernet Network Driver - version 5.3.0-k
[    1.158059] igb: Copyright (c) 2007-2014 Intel Corporation.
[    1.166355] pegasus: v0.9.3 (2013/04/25), Pegasus/Pegasus II USB Ethernet driver
[    1.174125] usbcore: registered new interface driver pegasus
[    1.180088] usbcore: registered new interface driver asix
[    1.185766] usbcore: registered new interface driver ax88179_178a
[    1.192166] usbcore: registered new interface driver cdc_ether
[    1.198307] usbcore: registered new interface driver smsc75xx
[    1.204365] usbcore: registered new interface driver smsc95xx
[    1.210400] usbcore: registered new interface driver net1080
[    1.216352] usbcore: registered new interface driver cdc_subset
[    1.222575] usbcore: registered new interface driver zaurus
[    1.228465] usbcore: registered new interface driver cdc_ncm
[    1.236354] ehci_hcd: USB 2.0 'Enhanced' Host Controller (EHCI) Driver
[    1.243183] ehci-pci: EHCI PCI platform driver
[    1.247864] ehci-platform: EHCI generic platform driver
[    1.253497] ehci-omap: OMAP-EHCI Host Controller driver
[    1.259080] ehci-orion: EHCI orion driver
[    1.263394] SPEAr-ehci: EHCI SPEAr driver
[    1.267706] ehci-st: EHCI STMicroelectronics driver
[    1.272926] ehci-exynos: EHCI EXYNOS driver
[    1.277439] ehci-atmel: EHCI Atmel driver
[    1.281755] tegra-ehci: Tegra EHCI driver
[    1.286091] ohci_hcd: USB 1.1 'Open' Host Controller (OHCI) Driver
[    1.292555] ohci-pci: OHCI PCI platform driver
[    1.297243] ohci-platform: OHCI generic platform driver
[    1.302844] ohci-omap3: OHCI OMAP3 driver
[    1.307164] SPEAr-ohci: OHCI SPEAr driver
[    1.311477] ohci-st: OHCI STMicroelectronics driver
[    1.316697] ohci-atmel: OHCI Atmel driver
[    1.321060] usbcore: registered new interface driver usb-storage
[    1.328536] mousedev: PS/2 mouse device common for all mice
[    1.337527] i2c /dev entries driver
[    1.347957] sdhci: Secure Digital Host Controller Interface driver
[    1.354432] sdhci: Copyright(c) Pierre Ossman
[    1.359823] omap_hsmmc 4809c000.mmc: Got CD GPIO
[    1.379627] vdd_3v3: supplied by regulator-dummy
[    1.414974] Synopsys Designware Multimedia Card Interface Driver
[    1.422200] sdhci-pltfm: SDHCI platform and OF driver helper
[    1.430367] ledtrig-cpu: registered to indicate activity on CPUs
[    1.436846] usbcore: registered new interface driver usbhid
[    1.442708] usbhid: USB HID core driver
[    1.450394] NET: Registered protocol family 10
[    1.455555] sit: IPv6 over IPv4 tunneling driver
[    1.460868] NET: Registered protocol family 17
[    1.465536] can: controller area network core (rev 20120528 abi 9)
[    1.469219] ata1: SATA link down (SStatus 0 SControl 300)
[    1.477692] NET: Registered protocol family 29
[    1.482354] can: raw protocol (rev 20120528)
[    1.486837] can: broadcast manager protocol (rev 20120528 t)
[    1.492772] can: netlink gateway (rev 20130117) max_hops=1
[    1.498843] Key type dns_resolver registered
[    1.503470] omap_voltage_late_init: Voltage driver support not added
[    1.510132] mmc0: MAN_BKOPS_EN bit is not set
[    1.510728] Power Management for TI OMAP4+ devices.
[    1.510958] ThumbEE CPU extension supported.
[    1.510971] Registering SWP/SWPB emulation handler
[    1.520298] palmas 0-0058: Irq flag is 0x00000008
[    1.541307] palmas 0-0058: Muxing GPIO 2f, PWM 0, LED 0
[    1.546843] mmc0: new high speed MMC card at address 0001
[    1.552860] mmcblk0: mmc0:0001 S10004 3.56 GiB 
[    1.557787] mmcblk0boot0: mmc0:0001 S10004 partition 1 4.00 MiB
[    1.564168] mmcblk0boot1: mmc0:0001 S10004 partition 2 4.00 MiB
[    1.571233]  mmcblk0: p1 p2 p3
[    1.574515] palmas-rtc 48070000.i2c:tps659038@58:tps659038_rtc: rtc core: registered 48070000.i2c:tps659 as rtc1
[    1.587941] omap_i2c 48070000.i2c: bus 0 rev0.12 at 400 kHz
[    1.614715] rtc-ds1307 2-006f: SET TIME!
[    1.619558] rtc-ds1307 2-006f: rtc core: registered mcp7941x as rtc0
[    1.626349] rtc-ds1307 2-006f: 64 bytes nvram
[    1.630955] omap_i2c 48060000.i2c: bus 2 rev0.12 at 400 kHz
[    1.639735] omap_hsmmc 4809c000.mmc: Got CD GPIO
[    1.663036] omap_hsmmc 4809c000.mmc: Got CD GPIO
[    1.739209] davinci_mdio 48485000.mdio: davinci mdio revision 1.6
[    1.745611] davinci_mdio 48485000.mdio: detected phy mask fffffff9
[    1.756097] libphy: 48485000.mdio: probed
[    1.757057] omap_hsmmc 4809c000.mmc: Got CD GPIO
[    1.765163] davinci_mdio 48485000.mdio: phy[1]: device 48485000.mdio:01, driver Micrel KSZ9031 Gigabit PHY
[    1.775295] davinci_mdio 48485000.mdio: phy[2]: device 48485000.mdio:02, driver Micrel KSZ9031 Gigabit PHY
[    1.786040] cpsw 48484000.ethernet: Detected MACID = 74:da:ea:08:7b:06
[    1.793476] cpsw 48484000.ethernet: cpsw: Detected MACID = 74:da:ea:08:7b:07
[    1.801754] rtc-ds1307 2-006f: setting system clock to 2001-01-01 00:00:00 UTC (978307200)
[    1.818926] net eth0: initializing cpsw version 1.15 (0)
[    1.821876] omap_hsmmc 4809c000.mmc: Got CD GPIO
[    1.906178] net eth0: phy found : id is : 0x221622
[    1.917283] IPv6: ADDRCONF(NETDEV_UP): eth0: link is not ready
[    5.926305] cpsw 48484000.ethernet eth0: Link is Up - 1Gbps/Full - flow control rx/tx
[    5.934560] IPv6: ADDRCONF(NETDEV_CHANGE): eth0: link becomes ready
[    5.949208] Sending DHCP requests ., OK
[    5.974207] IP-Config: Got DHCP answer from 192.168.0.1, my address is 192.168.0.240
[    5.982416] IP-Config: Complete:
[    5.985819]      device=eth0, hwaddr=74:da:ea:08:7b:06, ipaddr=192.168.0.240, mask=255.255.255.0, gw=192.168.0.1
[    5.996503]      host=192.168.0.240, domain=ti.com, nis-domain=(none)
[    6.003264]      bootserver=0.0.0.0, rootserver=0.0.0.0, rootpath=
[    6.009568]      nameserver0=192.0.2.2, nameserver1=192.0.2.3
[    6.015844] platform 4809c000.mmc: omap_device_late_idle: enabled but no driver.  Idling
[    6.024560] ldo1: disabling
[    6.027871] ldousb: disabling
[    6.031981] Waiting for root device PARTUUID=00000000-02...
- 17:18:14 [INFO] Boot attempt 1/1 failed
URL:gtsystest.telogy.design.ti.com/vatf/tigtfarm11/tigtfarm11_vatf@am57xx-evm/tigtfarm1109_14_2015_17_15_27/files/session_iteration_1/test_1
