- 08:03:01 [INFO] Starting target session
- 08:03:01 [INFO] Connected to am57xx-evm via serial 
- 08:03:01 [INFO] Host: #check prompt
- 08:03:04 [ERROR] On command: #check prompt waiting for #check prompt.+?(?-mix:((?-mix:login:)|[Pp]assword)) >>> error: execution expired
- 08:03:04 [INFO] Target: 
#check prompt
root@am57xx-evm:/test# [ 3891.684799] ata1: SATA link down (SStatus 1 SControl 310)
[ 3891.690473] ata1: EH complete
[ 3891.696208] ata1: exception Emask 0x10 SAct 0x0 SErr 0x4040000 action 0xe frozen
[ 3891.703973] ata1: irq_stat 0x00000040, connection status changed
[ 3891.710282] ata1: SError: { CommWake DevExch }
[ 3891.714959] ata1: limiting SATA link speed to 1.5 Gbps
[ 3891.720350] ata1: hard resetting link
- 08:03:04 [INFO] Host: #check prompt
- 08:03:04 [INFO] Target: 
#check prompt
root@am57xx-evm:/test# 
- 08:03:04 [INFO] Host: sync;poweroff
- 08:03:14 [INFO] Target: 
sync;poweroff
Broadcast message from root@am57xJ[ 3893.939809] ata1: SATA link down (SStatus 1 SControl 310)
[ 3893.945490] ata1: EH complete
[ 3893.948618] ata1: exception Emask 0x10 SAct 0x0 SErr 0x4040000 action 0xe frozen
[ 3893.956378] ata1: irq_stat 0x00000040, connection status changed
[ 3893.962685] ata1: SError: { CommWake DevExch }
[ 3893.967356] ata1: limiting SATA link speed to 1.5 Gbps
[ 3893.972751] ata1: hard resetting link
UIM SYSFS Node Not Found
Stopping Dropbear SSH server: stopped /usr/sbin/dropbear (pid 905)
dropbear.
Stopping telnet daemon.
Stopping tiipclad daemon.
Stopping system message bus: dbus.
Error opening /dev/fb0: No such file or directory
Stopping syslogd/klogd: stopped syslogd (pid 928)
stopped klogd (pid 931)
done
Stopping thttpd.
Stopping Weston
stopping statd: done
Stopping random number generator daemon.
ALSA: Storing mixer settings...
/usr/sbin/alsactl: save_state:1590: No soundcards found...
Stopping rpcbind daemon...
done.
Stopping Lighttpd Web Server: stopped /usr/sbin/lighttpd (pid 938)
lighttpd.
Deconfiguring network interfaces... done.
Stopping Matrix GUI applicationstart-stop-daemon: warning: killing process 946: No such process
Disabling thermal zones...
[ 3896.194833] ata1: SATA link down (SStatus 1 SControl 310)
[ 3896.200551] ata1: EH complete
***************************************************************
***************************************************************[ 3896.221390] ata1: exception Emask 0x10 SAct 0x0 SErr 0x4040000 action 0xe frozen
NOTICE: This file system contains the followin[ 3896.232618] ata1: irq_stat 0x00000040, connection status changed
g GPLv3 packages:
	autoconf
	binutils-dev
	bi[ 3896.232623] ata1: SError: { CommWake DevExch }
nutils
	bison-dev
	bison
	cpp-symlinks
	cpp
[ 3896.232643] ata1: limiting SATA link speed to 1.5 Gbps
	g++-symlinks
	g++
	gcc-symlinks
	gcc
	gdbc[ 3896.232650] ata1: hard resetting link
	gdbserver
	gstreamer1.0-libav
	libgmp10
	libmpc3
	libmpfr4
	make
	parted
If you do not wish to distribute GPLv3 components please remove
the above packages prior to distribution.  This can be done using
the opkg remove command.  i.e.:
    opkg remove <package>
Where <package> is the name printed in the list above
NOTE: If the package is a dependency of another package you
      will be notified of the dependent packages.  You should
      use the --force-removal-of-dependent-packages option to
      also remove the dependent packages as well
***************************************************************
***************************************************************
Sending all processes the TERM signal...
[ 3898.444803] ata1: SATA link down (SStatus 1 SControl 310)
[ 3898.450486] ata1: EH complete
[ 3898.455238] ata1: exception Emask 0x10 SAct 0x0 SErr 0x4040000 action 0xe frozen
[ 3898.462988] ata1: irq_stat 0x00000040, connection status changed
[ 3898.469288] ata1: SError: { CommWake DevExch }
[ 3898.473962] ata1: limiting SATA link speed to 1.5 Gbps
[ 3898.479356] ata1: hard resetting link
[ 3900.694798] ata1: SATA link down (SStatus 1 SControl 310)
[ 3900.700472] ata1: EH complete
[ 3900.705777] ata1: exception Emask 0x10 SAct 0x0 SErr 0x4040000 action 0xe frozen
[ 3900.713552] ata1: irq_stat 0x00000040, connection status changed
[ 3900.719856] ata1: SError: { CommWake DevExch }
[ 3900.724515] ata1: limiting SATA link speed to 1.5 Gbps
[ 3900.729906] ata1: hard resetting link
Sending all processes the KILL signal...
Unmounting remote filesystems...
Deactivating swap...
Unmounting local filesystems...
[ 3901.410461] EXT4-fs (mmcblk0p2): re-mounted. Opts: data=ordered
[ 3902.949803] ata1: SATA link down (SStatus 1 SControl 310)
[ 3902.955484] ata1: EH complete
[ 3902.958626] ata1: exception Emask 0x10 SAct 0x0 SErr 0x4040000 action 0xe frozen
[ 3902.966384] ata1: irq_stat 0x00000040, connection status changed
[ 3902.972680] ata1: SError: { CommWake DevExch }
[ 3902.977353] ata1: limiting SATA link speed to 1.5 Gbps
[ 3902.982743] ata1: hard resetting link
[ 3903.879800] reboot: Power down
- 08:03:14 [INFO] Disconnected serial from am57xx-evm
- 08:03:19 [INFO] Connected to am57xx-evm via serial 
- 08:03:19 [INFO] Host: 
- 08:03:20 [INFO] Target: 
reading uboot.env
SATA link 0 timeout.
AHCI 0001.0300 32 slots 1 ports 3 Gbps 0x1 impl SATA mode
flags: 64bit ncq stag pm led clo only pmp pio slum part ccc apst 
SCSI:  SATA link 0 timeout.
AHCI 0001.0300 32 slots 1 ports 3 Gbps 0x1 impl SATA mode
flags: 64bit ncq stag pm led clo only pmp pio slum part ccc apst 
scanning bus for devices...
Found 0 device(s).
Net:   <ethaddr> not set. Validating first E-fuse MAC
cpsw
Hit any key to stop autoboot:  1  0 
U-Boot# 
U-Boot# 
U-Boot# 
U-Boot# 
U-Boot# 
U-Boot# 
U-Boot# 
U-Boot# 
U-Boot# 
- 08:03:20 [INFO] Host: 
- 08:03:20 [INFO] Target: 
-Boot# 
U-Boot# 
- 08:03:20 [INFO] Host: version
- 08:03:21 [INFO] Target: 
version
U-Boot 2015.07 (Dec 10 2015 - 09:27:44 -0500)
arm-linux-gnueabihf-gcc (Linaro GCC 4.9-2015.05) 4.9.3 20150413 (prerelease)
GNU ld (GNU Binutils) Linaro 2014.11-3-git 2.24.0.20141017
U-Boot# 
- 08:03:21 [INFO] Host: setenv bootargs 'console=ttyO2,115200n8  earlyprintk=serial,ttyO2,115200n8 rootwait '
- 08:03:21 [INFO] Target: 
setenv bootargs 'console=ttyO2,115200n8  earlyprintk=serial,ttyO2,115200n8 rootwait '
U-Boot# 
- 08:03:21 [INFO] Host: setenv bootcmd  ''
- 08:03:21 [INFO] Target: 
setenv bootcmd  ''
U-Boot# 
- 08:03:21 [INFO] Host: setenv autoload 'no'
- 08:03:21 [INFO] Target: 
setenv autoload 'no'
U-Boot# 
- 08:03:21 [INFO] Host: setenv serverip '192.168.0.1'
- 08:03:21 [INFO] Target: 
setenv serverip '192.168.0.1'
U-Boot# 
- 08:03:21 [INFO] Host: printenv
- 08:03:21 [INFO] Target: 
printenv
arch=arm
args_mmc=run finduuid;setenv bootargs console=${console} ${optargs} root=PARTUUID=${uuid} rw rootfstype=${mmcrootfstype}
autoload=no
baudrate=115200
board=am57xx
board_name=am57xx_evm
board_rev=A.20
board_serial=40154P550039
bootargs=console=ttyO2,115200n8  earlyprintk=serial,ttyO2,115200n8 rootwait 
bootcmd=
bootdelay=1
bootdir=/boot
bootenvfile=uEnv.txt
bootfile=zImage
bootm_size=0x10000000
bootpart=0:2
bootscript=echo Running bootscript from mmc${mmcdev} ...; source ${loadaddr}
console=ttyO2,115200n8
cpu=armv7
dfu_alt_info_emmc=rawemmc raw 0 3751936;boot part 1 1;rootfs part 1 2;MLO fat 1 1;MLO.raw raw 0x100 0x100;u-boot.img.raw raw 0x300 0x400;spl-os-args.raw raw 0x80 0x80;spl-os-image.raw raw 0x900 0x2000;spl-os-args fat 1 1;spl-os-image fat 1 1;u-boot.img fat 1 1;uEnv.txt fat 1 1
dfu_alt_info_mmc=boot part 0 1;rootfs part 0 2;MLO fat 0 1;MLO.raw raw 0x100 0x100;u-boot.img.raw raw 0x300 0x400;spl-os-args.raw raw 0x80 0x80;spl-os-image.raw raw 0x900 0x2000;spl-os-args fat 0 1;spl-os-image fat 0 1;u-boot.img fat 0 1;uEnv.txt fat 0 1
dfu_alt_info_qspi=MLO raw 0x0 0x010000;MLO.backup1 raw 0x010000 0x010000;MLO.backup2 raw 0x020000 0x010000;MLO.backup3 raw 0x030000 0x010000;u-boot.img raw 0x040000 0x0100000;u-boot-spl-os raw 0x140000 0x080000;u-boot-env raw 0x1C0000 0x010000;u-boot-env.backup raw 0x1D0000 0x010000;kernel raw 0x1E0000 0x800000
dfu_alt_info_ram=kernel ram 0x80200000 0x4000000;fdt ram 0x80f80000 0x80000;ramdisk ram 0x81000000 0x4000000
dfu_bufsiz=0x10000
dofastboot=0
envboot=mmc dev ${mmcdev}; if mmc rescan; then echo SD/MMC found on device ${mmcdev};if run loadbootscript; then run bootscript;else if run loadbootenv; then echo Loaded env from ${bootenvfile};run importbootenv;fi;if test -n $uenvcmd; then echo Running uenvcmd ...;run uenvcmd;fi;fi;fi;
eth1addr=74:da:ea:47:8b:27
ethact=cpsw
ethaddr=74:da:ea:47:8b:26
fdt_addr_r=0x88000000
fdtaddr=0x88000000
fdtfile=undefined
findfdt=if test $board_name = omap5_uevm; then setenv fdtfile omap5-uevm.dtb; fi; if test $board_name = dra7xx; then setenv fdtfile dra7-evm.dtb; fi;if test $board_name = dra72x; then setenv fdtfile dra72-evm.dtb; fi;if test $board_name = beagle_x15; then setenv fdtfile am57xx-beagle-x15.dtb; fi;if test $board_name = am57xx_evm; then setenv fdtfile am57xx-evm.dtb; fi;if test $board_name = am572x_idk; then setenv fdtfile am572x-idk.dtb; fi;if test $board_name = am571x_idk; then setenv fdtfile am571x-idk.dtb; fi;if test $board_name = am572x_idk_osd; then setenv fdtfile am572x-idk-lcd-osd.dtb; fi;if test $board_name = am571x_idk_osd; then setenv fdtfile am571x-idk-lcd-osd.dtb; fi;if test $fdtfile = undefined; then echo WARNING: Could not determine device tree to use; fi; 
finduuid=part uuid mmc 0:2 uuid
importbootenv=echo Importing environment from mmc${mmcdev} ...; env import -t ${loadaddr} ${filesize}
kernel_addr_r=0x82000000
loadaddr=0x82000000
loadbootenv=fatload mmc ${mmcdev} ${loadaddr} ${bootenvfile}
loadbootscript=fatload mmc ${mmcdev} ${loadaddr} boot.scr
loadfdt=load mmc ${bootpart} ${fdtaddr} ${bootdir}/${fdtfile};
loadimage=load mmc ${bootpart} ${loadaddr} ${bootdir}/${bootfile}
mmcboot=mmc dev ${mmcdev}; if mmc rescan; then echo SD/MMC found on device ${mmcdev};if run loadimage; then run loadfdt; echo Booting from mmc${mmcdev} ...; run args_mmc; bootz ${loadaddr} - ${fdtaddr}; fi;fi;
mmcdev=0
mmcrootfstype=ext4 rootwait
netargs=setenv bootargs console=${console} ${optargs} root=/dev/nfs nfsroot=${serverip}:${rootpath},${nfsopts} rw ip=dhcp
netboot=echo Booting from network ...; setenv autoload no; dhcp; run netloadimage; run netloadfdt; run netargs; bootz ${loadaddr} - ${fdtaddr}
netloadfdt=tftp ${fdtaddr} ${fdtfile}
netloadimage=tftp ${loadaddr} ${bootfile}
nfsopts=nolock
partitions=uuid_disk=${uuid_gpt_disk};name=rootfs,start=2MiB,size=-,uuid=${uuid_gpt_rootfs}
ramdisk_addr_r=0x88080000
rdaddr=0x88080000
rootpath=/export/rootfs
scsidevs=0
serverip=192.168.0.1
soc=omap5
static_ip=${ipaddr}:${serverip}:${gatewayip}:${netmask}:${hostname}::off
stderr=serial
stdin=serial
stdout=serial
usbtty=cdc_acm
vendor=ti
ver=U-Boot 2015.07 (Dec 10 2015 - 09:27:44 -0500)
vram=16M
Environment size: 4270/65532 bytes
U-Boot# 
- 08:03:21 [INFO] Host: setenv _initramfs -
- 08:03:21 [INFO] Target: 
setenv _initramfs -
U-Boot# 
- 08:03:21 [INFO] Host: printenv
- 08:03:22 [INFO] Target: 
printenv
_initramfs=-
arch=arm
args_mmc=run finduuid;setenv bootargs console=${console} ${optargs} root=PARTUUID=${uuid} rw rootfstype=${mmcrootfstype}
autoload=no
baudrate=115200
board=am57xx
board_name=am57xx_evm
board_rev=A.20
board_serial=40154P550039
bootargs=console=ttyO2,115200n8  earlyprintk=serial,ttyO2,115200n8 rootwait 
bootcmd=
bootdelay=1
bootdir=/boot
bootenvfile=uEnv.txt
bootfile=zImage
bootm_size=0x10000000
bootpart=0:2
bootscript=echo Running bootscript from mmc${mmcdev} ...; source ${loadaddr}
console=ttyO2,115200n8
cpu=armv7
dfu_alt_info_emmc=rawemmc raw 0 3751936;boot part 1 1;rootfs part 1 2;MLO fat 1 1;MLO.raw raw 0x100 0x100;u-boot.img.raw raw 0x300 0x400;spl-os-args.raw raw 0x80 0x80;spl-os-image.raw raw 0x900 0x2000;spl-os-args fat 1 1;spl-os-image fat 1 1;u-boot.img fat 1 1;uEnv.txt fat 1 1
dfu_alt_info_mmc=boot part 0 1;rootfs part 0 2;MLO fat 0 1;MLO.raw raw 0x100 0x100;u-boot.img.raw raw 0x300 0x400;spl-os-args.raw raw 0x80 0x80;spl-os-image.raw raw 0x900 0x2000;spl-os-args fat 0 1;spl-os-image fat 0 1;u-boot.img fat 0 1;uEnv.txt fat 0 1
dfu_alt_info_qspi=MLO raw 0x0 0x010000;MLO.backup1 raw 0x010000 0x010000;MLO.backup2 raw 0x020000 0x010000;MLO.backup3 raw 0x030000 0x010000;u-boot.img raw 0x040000 0x0100000;u-boot-spl-os raw 0x140000 0x080000;u-boot-env raw 0x1C0000 0x010000;u-boot-env.backup raw 0x1D0000 0x010000;kernel raw 0x1E0000 0x800000
dfu_alt_info_ram=kernel ram 0x80200000 0x4000000;fdt ram 0x80f80000 0x80000;ramdisk ram 0x81000000 0x4000000
dfu_bufsiz=0x10000
dofastboot=0
envboot=mmc dev ${mmcdev}; if mmc rescan; then echo SD/MMC found on device ${mmcdev};if run loadbootscript; then run bootscript;else if run loadbootenv; then echo Loaded env from ${bootenvfile};run importbootenv;fi;if test -n $uenvcmd; then echo Running uenvcmd ...;run uenvcmd;fi;fi;fi;
eth1addr=74:da:ea:47:8b:27
ethact=cpsw
ethaddr=74:da:ea:47:8b:26
fdt_addr_r=0x88000000
fdtaddr=0x88000000
fdtfile=undefined
findfdt=if test $board_name = omap5_uevm; then setenv fdtfile omap5-uevm.dtb; fi; if test $board_name = dra7xx; then setenv fdtfile dra7-evm.dtb; fi;if test $board_name = dra72x; then setenv fdtfile dra72-evm.dtb; fi;if test $board_name = beagle_x15; then setenv fdtfile am57xx-beagle-x15.dtb; fi;if test $board_name = am57xx_evm; then setenv fdtfile am57xx-evm.dtb; fi;if test $board_name = am572x_idk; then setenv fdtfile am572x-idk.dtb; fi;if test $board_name = am571x_idk; then setenv fdtfile am571x-idk.dtb; fi;if test $board_name = am572x_idk_osd; then setenv fdtfile am572x-idk-lcd-osd.dtb; fi;if test $board_name = am571x_idk_osd; then setenv fdtfile am571x-idk-lcd-osd.dtb; fi;if test $fdtfile = undefined; then echo WARNING: Could not determine device tree to use; fi; 
finduuid=part uuid mmc 0:2 uuid
importbootenv=echo Importing environment from mmc${mmcdev} ...; env import -t ${loadaddr} ${filesize}
kernel_addr_r=0x82000000
loadaddr=0x82000000
loadbootenv=fatload mmc ${mmcdev} ${loadaddr} ${bootenvfile}
loadbootscript=fatload mmc ${mmcdev} ${loadaddr} boot.scr
loadfdt=load mmc ${bootpart} ${fdtaddr} ${bootdir}/${fdtfile};
loadimage=load mmc ${bootpart} ${loadaddr} ${bootdir}/${bootfile}
mmcboot=mmc dev ${mmcdev}; if mmc rescan; then echo SD/MMC found on device ${mmcdev};if run loadimage; then run loadfdt; echo Booting from mmc${mmcdev} ...; run args_mmc; bootz ${loadaddr} - ${fdtaddr}; fi;fi;
mmcdev=0
mmcrootfstype=ext4 rootwait
netargs=setenv bootargs console=${console} ${optargs} root=/dev/nfs nfsroot=${serverip}:${rootpath},${nfsopts} rw ip=dhcp
netboot=echo Booting from network ...; setenv autoload no; dhcp; run netloadimage; run netloadfdt; run netargs; bootz ${loadaddr} - ${fdtaddr}
netloadfdt=tftp ${fdtaddr} ${fdtfile}
netloadimage=tftp ${loadaddr} ${bootfile}
nfsopts=nolock
partitions=uuid_disk=${uuid_gpt_disk};name=rootfs,start=2MiB,size=-,uuid=${uuid_gpt_rootfs}
ramdisk_addr_r=0x88080000
rdaddr=0x88080000
rootpath=/export/rootfs
scsidevs=0
serverip=192.168.0.1
soc=omap5
static_ip=${ipaddr}:${serverip}:${gatewayip}:${netmask}:${hostname}::off
stderr=serial
stdin=serial
stdout=serial
usbtty=cdc_acm
vendor=ti
ver=U-Boot 2015.07 (Dec 10 2015 - 09:27:44 -0500)
vram=16M
Environment size: 4285/65532 bytes
U-Boot# 
- 08:03:22 [INFO] Host: setenv bootargs ''${bootargs}' ip=:::::eth0:dhcp '
- 08:03:22 [INFO] Target: 
setenv bootargs ''${bootargs}' ip=:::::eth0:dhcp '
U-Boot# 
- 08:03:22 [INFO] Host: setenv serverip '192.168.0.1'
- 08:03:22 [INFO] Target: 
setenv serverip '192.168.0.1'
U-Boot# 
- 08:03:22 [INFO] Host: setenv autoload 'no'
- 08:03:22 [INFO] Target: 
setenv autoload 'no'
U-Boot# 
- 08:03:22 [INFO] Host: dhcp
- 08:03:27 [INFO] Target: 
dhcp
cpsw Waiting for PHY auto negotiation to complete...... done
link up on port 0, speed 1000, full duplex
BOOTP broadcast 1
BOOTP broadcast 2
BOOTP broadcast 3
DHCP client bound to address 192.168.0.137 (1040 ms)
U-Boot# 
- 08:03:27 [INFO] Host: tftp ${loadaddr} 192.168.0.1:vatf_am57xx-evm/e38deb588ae40bc7ad781f07d60e1064
- 08:03:27 [INFO] Target: 
tftp ${loadaddr} 192.168.0.1:vatf_am57xx-evm/e38deb588ae40bc7ad781f07d60e1064
link up on port 0, speed 1000, full duplex
Using cpsw device
TFTP from server 192.168.0.1; our IP address is 192.168.0.137
Filename 'vatf_am57xx-evm/e38deb588ae40bc7ad781f07d60e1064'.
Load address: 0x82000000
Loading: *#################################################################
	 #################################################################
	 #################################################################
	 #################################################################
	 #################################################################
	 #################################################################
	 #################################################################
	 ######################
	 11.6 MiB/s
done
Bytes transferred = 6989920 (6aa860 hex)
U-Boot# 
- 08:03:27 [INFO] Host: tftp ${fdtaddr} 192.168.0.1:vatf_am57xx-evm/b4bc8730f62807ddec9c151591396536
- 08:03:27 [INFO] Target: 
tftp ${fdtaddr} 192.168.0.1:vatf_am57xx-evm/b4bc8730f62807ddec9c151591396536
link up on port 0, speed 1000, full duplex
Using cpsw device
TFTP from server 192.168.0.1; our IP address is 192.168.0.137
Filename 'vatf_am57xx-evm/b4bc8730f62807ddec9c151591396536'.
Load address: 0x88000000
Loading: *######
	 10.2 MiB/s
done
Bytes transferred = 85472 (14de0 hex)
U-Boot# 
- 08:03:27 [INFO] Host: ls mmc 0:1
- 08:03:27 [INFO] Target: 
ls mmc 0:1
    59144   mlo 
   288816   u-boot.img 
        4   ws-calibrate.rules 
        0   pointercal 
    65536   uboot.env 
       33   primary_bootloader.md5 
       33   fs.md5 
7 file(s), 0 dir(s)
U-Boot# 
- 08:03:27 [INFO] Host: ls mmc 0:2
- 08:03:28 [INFO] Target: 
ls mmc 0:2
<DIR>       4096 .
<DIR>       4096 ..
<DIR>       4096 include
<DIR>       4096 srv
<DIR>       4096 home
<DIR>       4096 media
<DIR>       4096 opt
<DIR>       4096 var
<DIR>       4096 sys
<DIR>       4096 boot
<DIR>       4096 dev
<DIR>       4096 usr
<DIR>       4096 bin
<DIR>       4096 mnt
<DIR>       4096 etc
<DIR>       4096 sbin
<DIR>       4096 www
<SYM>          8 tmp
<DIR>       4096 proc
<DIR>       4096 run
<DIR>       4096 lib
<DIR>       4096 test
U-Boot# 
- 08:03:28 [INFO] Host: part uuid mmc 0:2
- 08:03:28 [INFO] Target: 
part uuid mmc 0:2
00000000-02
U-Boot# 
- 08:03:28 [INFO] Host: printenv
- 08:03:28 [INFO] Target: 
printenv
_initramfs=-
arch=arm
args_mmc=run finduuid;setenv bootargs console=${console} ${optargs} root=PARTUUID=${uuid} rw rootfstype=${mmcrootfstype}
autoload=no
baudrate=115200
board=am57xx
board_name=am57xx_evm
board_rev=A.20
board_serial=40154P550039
bootargs=console=ttyO2,115200n8  earlyprintk=serial,ttyO2,115200n8 rootwait  ip=:::::eth0:dhcp 
bootcmd=
bootdelay=1
bootdir=/boot
bootenvfile=uEnv.txt
bootfile=zImage
bootm_size=0x10000000
bootpart=0:2
bootscript=echo Running bootscript from mmc${mmcdev} ...; source ${loadaddr}
console=ttyO2,115200n8
cpu=armv7
dfu_alt_info_emmc=rawemmc raw 0 3751936;boot part 1 1;rootfs part 1 2;MLO fat 1 1;MLO.raw raw 0x100 0x100;u-boot.img.raw raw 0x300 0x400;spl-os-args.raw raw 0x80 0x80;spl-os-image.raw raw 0x900 0x2000;spl-os-args fat 1 1;spl-os-image fat 1 1;u-boot.img fat 1 1;uEnv.txt fat 1 1
dfu_alt_info_mmc=boot part 0 1;rootfs part 0 2;MLO fat 0 1;MLO.raw raw 0x100 0x100;u-boot.img.raw raw 0x300 0x400;spl-os-args.raw raw 0x80 0x80;spl-os-image.raw raw 0x900 0x2000;spl-os-args fat 0 1;spl-os-image fat 0 1;u-boot.img fat 0 1;uEnv.txt fat 0 1
dfu_alt_info_qspi=MLO raw 0x0 0x010000;MLO.backup1 raw 0x010000 0x010000;MLO.backup2 raw 0x020000 0x010000;MLO.backup3 raw 0x030000 0x010000;u-boot.img raw 0x040000 0x0100000;u-boot-spl-os raw 0x140000 0x080000;u-boot-env raw 0x1C0000 0x010000;u-boot-env.backup raw 0x1D0000 0x010000;kernel raw 0x1E0000 0x800000
dfu_alt_info_ram=kernel ram 0x80200000 0x4000000;fdt ram 0x80f80000 0x80000;ramdisk ram 0x81000000 0x4000000
dfu_bufsiz=0x10000
dnsip=192.0.2.2
dnsip2=192.0.2.3
dofastboot=0
envboot=mmc dev ${mmcdev}; if mmc rescan; then echo SD/MMC found on device ${mmcdev};if run loadbootscript; then run bootscript;else if run loadbootenv; then echo Loaded env from ${bootenvfile};run importbootenv;fi;if test -n $uenvcmd; then echo Running uenvcmd ...;run uenvcmd;fi;fi;fi;
eth1addr=74:da:ea:47:8b:27
ethact=cpsw
ethaddr=74:da:ea:47:8b:26
fdt_addr_r=0x88000000
fdtaddr=0x88000000
fdtfile=undefined
fileaddr=88000000
filesize=14de0
findfdt=if test $board_name = omap5_uevm; then setenv fdtfile omap5-uevm.dtb; fi; if test $board_name = dra7xx; then setenv fdtfile dra7-evm.dtb; fi;if test $board_name = dra72x; then setenv fdtfile dra72-evm.dtb; fi;if test $board_name = beagle_x15; then setenv fdtfile am57xx-beagle-x15.dtb; fi;if test $board_name = am57xx_evm; then setenv fdtfile am57xx-evm.dtb; fi;if test $board_name = am572x_idk; then setenv fdtfile am572x-idk.dtb; fi;if test $board_name = am571x_idk; then setenv fdtfile am571x-idk.dtb; fi;if test $board_name = am572x_idk_osd; then setenv fdtfile am572x-idk-lcd-osd.dtb; fi;if test $board_name = am571x_idk_osd; then setenv fdtfile am571x-idk-lcd-osd.dtb; fi;if test $fdtfile = undefined; then echo WARNING: Could not determine device tree to use; fi; 
finduuid=part uuid mmc 0:2 uuid
gatewayip=192.168.0.1
importbootenv=echo Importing environment from mmc${mmcdev} ...; env import -t ${loadaddr} ${filesize}
ipaddr=192.168.0.137
kernel_addr_r=0x82000000
loadaddr=0x82000000
loadbootenv=fatload mmc ${mmcdev} ${loadaddr} ${bootenvfile}
loadbootscript=fatload mmc ${mmcdev} ${loadaddr} boot.scr
loadfdt=load mmc ${bootpart} ${fdtaddr} ${bootdir}/${fdtfile};
loadimage=load mmc ${bootpart} ${loadaddr} ${bootdir}/${bootfile}
mmcboot=mmc dev ${mmcdev}; if mmc rescan; then echo SD/MMC found on device ${mmcdev};if run loadimage; then run loadfdt; echo Booting from mmc${mmcdev} ...; run args_mmc; bootz ${loadaddr} - ${fdtaddr}; fi;fi;
mmcdev=0
mmcrootfstype=ext4 rootwait
netargs=setenv bootargs console=${console} ${optargs} root=/dev/nfs nfsroot=${serverip}:${rootpath},${nfsopts} rw ip=dhcp
netboot=echo Booting from network ...; setenv autoload no; dhcp; run netloadimage; run netloadfdt; run netargs; bootz ${loadaddr} - ${fdtaddr}
netloadfdt=tftp ${fdtaddr} ${fdtfile}
netloadimage=tftp ${loadaddr} ${bootfile}
netmask=255.255.255.0
nfsopts=nolock
partitions=uuid_disk=${uuid_gpt_disk};name=rootfs,start=2MiB,size=-,uuid=${uuid_gpt_rootfs}
ramdisk_addr_r=0x88080000
rdaddr=0x88080000
rootpath=/export/rootfs
scsidevs=0
serverip=192.168.0.1
soc=omap5
static_ip=${ipaddr}:${serverip}:${gatewayip}:${netmask}:${hostname}::off
stderr=serial
stdin=serial
stdout=serial
usbtty=cdc_acm
vendor=ti
ver=U-Boot 2015.07 (Dec 10 2015 - 09:27:44 -0500)
vram=16M
Environment size: 4449/65532 bytes
U-Boot# 
- 08:03:28 [INFO] Host: setenv bootargs ''${bootargs}' root=PARTUUID=00000000-02 rw rootfstype=ext4 rootwait '
- 08:03:28 [INFO] Target: 
setenv bootargs ''${bootargs}' root=PARTUUID=00000000-02 rw rootfstype=ext4 rootwait '
U-Boot# 
- 08:03:28 [INFO] Host: printenv
- 08:03:29 [INFO] Target: 
printenv
_initramfs=-
arch=arm
args_mmc=run finduuid;setenv bootargs console=${console} ${optargs} root=PARTUUID=${uuid} rw rootfstype=${mmcrootfstype}
autoload=no
baudrate=115200
board=am57xx
board_name=am57xx_evm
board_rev=A.20
board_serial=40154P550039
bootargs=console=ttyO2,115200n8  earlyprintk=serial,ttyO2,115200n8 rootwait  ip=:::::eth0:dhcp  root=PARTUUID=00000000-02 rw rootfstype=ext4 rootwait 
bootcmd=
bootdelay=1
bootdir=/boot
bootenvfile=uEnv.txt
bootfile=zImage
bootm_size=0x10000000
bootpart=0:2
bootscript=echo Running bootscript from mmc${mmcdev} ...; source ${loadaddr}
console=ttyO2,115200n8
cpu=armv7
dfu_alt_info_emmc=rawemmc raw 0 3751936;boot part 1 1;rootfs part 1 2;MLO fat 1 1;MLO.raw raw 0x100 0x100;u-boot.img.raw raw 0x300 0x400;spl-os-args.raw raw 0x80 0x80;spl-os-image.raw raw 0x900 0x2000;spl-os-args fat 1 1;spl-os-image fat 1 1;u-boot.img fat 1 1;uEnv.txt fat 1 1
dfu_alt_info_mmc=boot part 0 1;rootfs part 0 2;MLO fat 0 1;MLO.raw raw 0x100 0x100;u-boot.img.raw raw 0x300 0x400;spl-os-args.raw raw 0x80 0x80;spl-os-image.raw raw 0x900 0x2000;spl-os-args fat 0 1;spl-os-image fat 0 1;u-boot.img fat 0 1;uEnv.txt fat 0 1
dfu_alt_info_qspi=MLO raw 0x0 0x010000;MLO.backup1 raw 0x010000 0x010000;MLO.backup2 raw 0x020000 0x010000;MLO.backup3 raw 0x030000 0x010000;u-boot.img raw 0x040000 0x0100000;u-boot-spl-os raw 0x140000 0x080000;u-boot-env raw 0x1C0000 0x010000;u-boot-env.backup raw 0x1D0000 0x010000;kernel raw 0x1E0000 0x800000
dfu_alt_info_ram=kernel ram 0x80200000 0x4000000;fdt ram 0x80f80000 0x80000;ramdisk ram 0x81000000 0x4000000
dfu_bufsiz=0x10000
dnsip=192.0.2.2
dnsip2=192.0.2.3
dofastboot=0
envboot=mmc dev ${mmcdev}; if mmc rescan; then echo SD/MMC found on device ${mmcdev};if run loadbootscript; then run bootscript;else if run loadbootenv; then echo Loaded env from ${bootenvfile};run importbootenv;fi;if test -n $uenvcmd; then echo Running uenvcmd ...;run uenvcmd;fi;fi;fi;
eth1addr=74:da:ea:47:8b:27
ethact=cpsw
ethaddr=74:da:ea:47:8b:26
fdt_addr_r=0x88000000
fdtaddr=0x88000000
fdtfile=undefined
fileaddr=88000000
filesize=14de0
findfdt=if test $board_name = omap5_uevm; then setenv fdtfile omap5-uevm.dtb; fi; if test $board_name = dra7xx; then setenv fdtfile dra7-evm.dtb; fi;if test $board_name = dra72x; then setenv fdtfile dra72-evm.dtb; fi;if test $board_name = beagle_x15; then setenv fdtfile am57xx-beagle-x15.dtb; fi;if test $board_name = am57xx_evm; then setenv fdtfile am57xx-evm.dtb; fi;if test $board_name = am572x_idk; then setenv fdtfile am572x-idk.dtb; fi;if test $board_name = am571x_idk; then setenv fdtfile am571x-idk.dtb; fi;if test $board_name = am572x_idk_osd; then setenv fdtfile am572x-idk-lcd-osd.dtb; fi;if test $board_name = am571x_idk_osd; then setenv fdtfile am571x-idk-lcd-osd.dtb; fi;if test $fdtfile = undefined; then echo WARNING: Could not determine device tree to use; fi; 
finduuid=part uuid mmc 0:2 uuid
gatewayip=192.168.0.1
importbootenv=echo Importing environment from mmc${mmcdev} ...; env import -t ${loadaddr} ${filesize}
ipaddr=192.168.0.137
kernel_addr_r=0x82000000
loadaddr=0x82000000
loadbootenv=fatload mmc ${mmcdev} ${loadaddr} ${bootenvfile}
loadbootscript=fatload mmc ${mmcdev} ${loadaddr} boot.scr
loadfdt=load mmc ${bootpart} ${fdtaddr} ${bootdir}/${fdtfile};
loadimage=load mmc ${bootpart} ${loadaddr} ${bootdir}/${bootfile}
mmcboot=mmc dev ${mmcdev}; if mmc rescan; then echo SD/MMC found on device ${mmcdev};if run loadimage; then run loadfdt; echo Booting from mmc${mmcdev} ...; run args_mmc; bootz ${loadaddr} - ${fdtaddr}; fi;fi;
mmcdev=0
mmcrootfstype=ext4 rootwait
netargs=setenv bootargs console=${console} ${optargs} root=/dev/nfs nfsroot=${serverip}:${rootpath},${nfsopts} rw ip=dhcp
netboot=echo Booting from network ...; setenv autoload no; dhcp; run netloadimage; run netloadfdt; run netargs; bootz ${loadaddr} - ${fdtaddr}
netloadfdt=tftp ${fdtaddr} ${fdtfile}
netloadimage=tftp ${loadaddr} ${bootfile}
netmask=255.255.255.0
nfsopts=nolock
partitions=uuid_disk=${uuid_gpt_disk};name=rootfs,start=2MiB,size=-,uuid=${uuid_gpt_rootfs}
ramdisk_addr_r=0x88080000
rdaddr=0x88080000
rootpath=/export/rootfs
scsidevs=0
serverip=192.168.0.1
soc=omap5
static_ip=${ipaddr}:${serverip}:${gatewayip}:${netmask}:${hostname}::off
stderr=serial
stdin=serial
stdout=serial
usbtty=cdc_acm
vendor=ti
ver=U-Boot 2015.07 (Dec 10 2015 - 09:27:44 -0500)
vram=16M
Environment size: 4504/65532 bytes
U-Boot# 
- 08:03:29 [INFO] Host: setenv bootcmd ''${bootcmd}' if iminfo ${loadaddr}; then bootm ${loadaddr} ${_initramfs} ${fdtaddr}; else bootz ${loadaddr} ${_initramfs} ${fdtaddr}; bootm ${loadaddr} ${_initramfs} ${fdtaddr}; fi'
- 08:03:29 [INFO] Target: 
setenv bootcmd ''${bootcmd}' if iminfo ${loadaddr}; then bootm ${loadaddr} ${_initramfs} ${fdtaddr}; else bootz ${loadaddr} ${_initramfs} ${fdtaddr}; bootm ${loadaddr} ${_initramfs} ${fdtaddr}; fi'
U-Boot# 
- 08:03:29 [INFO] Host: version
- 08:03:29 [INFO] Target: 
version
U-Boot 2015.07 (Dec 10 2015 - 09:27:44 -0500)
arm-linux-gnueabihf-gcc (Linaro GCC 4.9-2015.05) 4.9.3 20150413 (prerelease)
GNU ld (GNU Binutils) Linaro 2014.11-3-git 2.24.0.20141017
U-Boot# 
- 08:03:29 [INFO] Host: bdinfo
- 08:03:29 [INFO] Target: 
bdinfo
arch_number = 0x00000000
boot_params = 0x80000100
DRAM bank   = 0x00000000
-> start    = 0x80000000
-> size     = 0x80000000
DRAM bank   = 0x00000001
-> start    = 0x00000000
-> size     = 0x00000000
eth0name    = cpsw
ethaddr     = 74:da:ea:47:8b:26
current eth = cpsw
ip_addr     = 192.168.0.137
baudrate    = 115200 bps
TLB addr    = 0xFFFF0000
relocaddr   = 0xFFF64000
reloc off   = 0x7F764000
irq_sp      = 0xFEF53EE0
sp start    = 0xFEF53ED0
U-Boot# 
- 08:03:29 [INFO] Host: mmc rescan; echo $?
- 08:03:29 [INFO] Target: 
mmc rescan; echo $?
U-Boot# 
- 08:03:29 [INFO] Host: fatwrite mmc 0:1 ${loadaddr} ws-calibrate.rules 4
- 08:03:29 [INFO] Target: 
fatwrite mmc 0:1 ${loadaddr} ws-calibrate.rules 4
writing ws-calibrate.rules
4 bytes written
U-Boot# 
- 08:03:29 [INFO] Host: boot
- 08:03:44 [INFO] Target: 
boot
## Checking Image at 82000000 ...
Unknown image format!
Kernel image @ 0x82000000 [ 0x000000 - 0x6aa860 ]
## Flattened Device Tree blob at 88000000
   Booting using the fdt blob at 0x88000000
   Loading Device Tree to 8ffe8000, end 8ffffddf ... OK
Starting kernel ...
[    0.000000] Booting Linux on physical CPU 0x0
[    0.000000] Linux version 4.6.0-rc4-next-20160422-00002-g815453da9e87 (nmenon@horus) (gcc version 4.9.3 20150413 (prerelease) (Linaro GCC 4.9-2015.05) ) #1 SMP Fri Apr 22 06:56:24 CDT 2016
[    0.000000] CPU: ARMv7 Processor [412fc0f2] revision 2 (ARMv7), cr=30c5387d
[    0.000000] CPU: div instructions available: patching division code
[    0.000000] CPU: PIPT / VIPT nonaliasing data cache, PIPT instruction cache
[    0.000000] Machine model: TI AM5728 BeagleBoard-X15
[    0.000000] cma: Reserved 64 MiB at 0x00000000fb800000
[    0.000000] Forcing write-allocate cache policy for SMP
[    0.000000] Memory policy: Data cache writealloc
[    0.000000] OMAP4: Map 0x00000000ffd00000 to fe600000 for dram barrier
[    0.000000] DRA752 ES1.1
[    0.000000] percpu: Embedded 12 pages/cpu @eef8a000 s19648 r8192 d21312 u49152
[    0.000000] Built 1 zonelists in Zone order, mobility grouping on.  Total pages: 521984
[    0.000000] Kernel command line: console=ttyO2,115200n8  earlyprintk=serial,ttyO2,115200n8 rootwait  ip=:::::eth0:dhcp  root=PARTUUID=00000000-02 rw rootfstype=ext4 rootwait 
[    0.000000] PID hash table entries: 4096 (order: 2, 16384 bytes)
[    0.000000] Dentry cache hash table entries: 131072 (order: 7, 524288 bytes)
[    0.000000] Inode-cache hash table entries: 65536 (order: 6, 262144 bytes)
[    0.000000] Memory: 1990956K/2094080K available (10493K kernel code, 1069K rwdata, 4256K rodata, 2048K init, 342K bss, 37588K reserved, 65536K cma-reserved, 1242112K highmem)
[    0.000000] Virtual kernel memory layout:
[    0.000000]     vector  : 0xffff0000 - 0xffff1000   (   4 kB)
[    0.000000]     fixmap  : 0xffc00000 - 0xfff00000   (3072 kB)
[    0.000000]     vmalloc : 0xf0800000 - 0xff800000   ( 240 MB)
[    0.000000]     lowmem  : 0xc0000000 - 0xf0000000   ( 768 MB)
[    0.000000]     pkmap   : 0xbfe00000 - 0xc0000000   (   2 MB)
[    0.000000]     modules : 0xbf000000 - 0xbfe00000   (  14 MB)
[    0.000000]       .text : 0xc0208000 - 0xc1267658   (16766 kB)
[    0.000000]       .init : 0xc1400000 - 0xc1600000   (2048 kB)
[    0.000000]       .data : 0xc1600000 - 0xc170b400   (1069 kB)
[    0.000000]        .bss : 0xc170d000 - 0xc1762b98   ( 343 kB)
[    0.000000] SLUB: HWalign=64, Order=0-3, MinObjects=0, CPUs=2, Nodes=1
[    0.000000] Hierarchical RCU implementation.
[    0.000000] 	Build-time adjustment of leaf fanout to 32.
[    0.000000] 	RCU restricting CPUs from NR_CPUS=16 to nr_cpu_ids=2.
[    0.000000] RCU: Adjusting geometry for rcu_fanout_leaf=32, nr_cpu_ids=2
[    0.000000] NR_IRQS:16 nr_irqs:16 16
[    0.000000] OMAP clockevent source: timer1 at 32786 Hz
[    0.000000] Architected cp15 timer(s) running at 6.14MHz (virt).
[    0.000000] clocksource: arch_sys_counter: mask: 0xffffffffffffff max_cycles: 0x16af5adb9, max_idle_ns: 440795202250 ns
[    0.000003] sched_clock: 56 bits at 6MHz, resolution 162ns, wraps every 4398046511023ns
[    0.000014] Switching to timer-based delay loop, resolution 162ns
[    0.003166] clocksource: 32k_counter: mask: 0xffffffff max_cycles: 0xffffffff, max_idle_ns: 58327039986419 ns
[    0.003173] OMAP clocksource: 32k_counter at 32768 Hz
[    0.005926] Console: colour dummy device 80x30
[    0.005945] Calibrating delay loop (skipped), value calculated using timer frequency.. 12.29 BogoMIPS (lpj=30737)
[    0.005957] pid_max: default: 32768 minimum: 301
[    0.006029] Mount-cache hash table entries: 2048 (order: 1, 8192 bytes)
[    0.006037] Mountpoint-cache hash table entries: 2048 (order: 1, 8192 bytes)
[    0.006511] CPU: Testing write buffer coherency: ok
[    0.006704] /cpus/cpu@0 missing clock-frequency property
[    0.006745] /cpus/cpu@1 missing clock-frequency property
[    0.006754] CPU0: thread -1, cpu 0, socket 0, mpidr 80000000
[    0.006768] Setting up static identity map for 0x80400000 - 0x80400170
[    0.011091] CPU1: thread -1, cpu 1, socket 0, mpidr 80000001
[    0.011164] Brought up 2 CPUs
[    0.011176] SMP: Total of 2 processors activated (24.58 BogoMIPS).
[    0.011182] CPU: All CPU(s) started in SVC mode.
[    0.011528] devtmpfs: initialized
[    0.029694] VFP support v0.3: implementor 41 architecture 4 part 30 variant f rev 0
[    0.030342] clocksource: jiffies: mask: 0xffffffff max_cycles: 0xffffffff, max_idle_ns: 9556302231375000 ns
[    0.031577] pinctrl core: initialized pinctrl subsystem
[    0.032898] NET: Registered protocol family 16
[    0.034448] DMA: preallocated 256 KiB pool for atomic coherent allocations
[    0.035512] omap_hwmod: l3_main_2 using broken dt data from ocp
[    0.097202] omap_hwmod: epwmss0: no dt node
[    0.097208] ------------[ cut here ]------------
[    0.097223] WARNING: CPU: 0 PID: 1 at arch/arm/mach-omap2/omap_hwmod.c:2497 _init+0x1f4/0x41c
[    0.097228] omap_hwmod: epwmss0: doesn't have mpu register target base
[    0.097233] Modules linked in:
[    0.097245] CPU: 0 PID: 1 Comm: swapper/0 Not tainted 4.6.0-rc4-next-20160422-00002-g815453da9e87 #1
[    0.097252] Hardware name: Generic DRA74X (Flattened Device Tree)
[    0.097275] [<c040fa70>] (unwind_backtrace) from [<c040b12c>] (show_stack+0x10/0x14)
[    0.097290] [<c040b12c>] (show_stack) from [<c068b3f4>] (dump_stack+0x98/0xac)
[    0.097305] [<c068b3f4>] (dump_stack) from [<c0441d3c>] (__warn+0xe8/0x100)
[    0.097318] [<c0441d3c>] (__warn) from [<c0441d8c>] (warn_slowpath_fmt+0x38/0x48)
[    0.097329] [<c0441d8c>] (warn_slowpath_fmt) from [<c1414618>] (_init+0x1f4/0x41c)
[    0.097344] [<c1414618>] (_init) from [<c0428434>] (omap_hwmod_for_each+0x38/0x60)
[    0.097356] [<c0428434>] (omap_hwmod_for_each) from [<c1414ba4>] (__omap_hwmod_setup_all+0x28/0x40)
[    0.097366] [<c1414ba4>] (__omap_hwmod_setup_all) from [<c0401e40>] (do_one_initcall+0x40/0x174)
[    0.097377] [<c0401e40>] (do_one_initcall) from [<c1400dd4>] (kernel_init_freeable+0x15c/0x1fc)
[    0.097390] [<c1400dd4>] (kernel_init_freeable) from [<c0c6c3d8>] (kernel_init+0x8/0x114)
[    0.097401] [<c0c6c3d8>] (kernel_init) from [<c0407d28>] (ret_from_fork+0x14/0x2c)
[    0.097414] ---[ end trace 1fa3bbdf9727b3b1 ]---
[    0.098112] omap_hwmod: epwmss1: no dt node
[    0.098117] ------------[ cut here ]------------
[    0.098126] WARNING: CPU: 0 PID: 1 at arch/arm/mach-omap2/omap_hwmod.c:2497 _init+0x1f4/0x41c
[    0.098131] omap_hwmod: epwmss1: doesn't have mpu register target base
[    0.098135] Modules linked in:
[    0.098145] CPU: 0 PID: 1 Comm: swapper/0 Tainted: G        W       4.6.0-rc4-next-20160422-00002-g815453da9e87 #1
[    0.098151] Hardware name: Generic DRA74X (Flattened Device Tree)
[    0.098163] [<c040fa70>] (unwind_backtrace) from [<c040b12c>] (show_stack+0x10/0x14)
[    0.098174] [<c040b12c>] (show_stack) from [<c068b3f4>] (dump_stack+0x98/0xac)
[    0.098186] [<c068b3f4>] (dump_stack) from [<c0441d3c>] (__warn+0xe8/0x100)
[    0.098196] [<c0441d3c>] (__warn) from [<c0441d8c>] (warn_slowpath_fmt+0x38/0x48)
[    0.098206] [<c0441d8c>] (warn_slowpath_fmt) from [<c1414618>] (_init+0x1f4/0x41c)
[    0.098218] [<c1414618>] (_init) from [<c0428434>] (omap_hwmod_for_each+0x38/0x60)
[    0.098228] [<c0428434>] (omap_hwmod_for_each) from [<c1414ba4>] (__omap_hwmod_setup_all+0x28/0x40)
[    0.098237] [<c1414ba4>] (__omap_hwmod_setup_all) from [<c0401e40>] (do_one_initcall+0x40/0x174)
[    0.098248] [<c0401e40>] (do_one_initcall) from [<c1400dd4>] (kernel_init_freeable+0x15c/0x1fc)
[    0.098258] [<c1400dd4>] (kernel_init_freeable) from [<c0c6c3d8>] (kernel_init+0x8/0x114)
[    0.098268] [<c0c6c3d8>] (kernel_init) from [<c0407d28>] (ret_from_fork+0x14/0x2c)
[    0.098274] ---[ end trace 1fa3bbdf9727b3b2 ]---
[    0.098963] omap_hwmod: epwmss2: no dt node
[    0.098968] ------------[ cut here ]------------
[    0.098976] WARNING: CPU: 0 PID: 1 at arch/arm/mach-omap2/omap_hwmod.c:2497 _init+0x1f4/0x41c
[    0.098981] omap_hwmod: epwmss2: doesn't have mpu register target base
[    0.098985] Modules linked in:
[    0.098994] CPU: 0 PID: 1 Comm: swapper/0 Tainted: G        W       4.6.0-rc4-next-20160422-00002-g815453da9e87 #1
[    0.099000] Hardware name: Generic DRA74X (Flattened Device Tree)
[    0.099012] [<c040fa70>] (unwind_backtrace) from [<c040b12c>] (show_stack+0x10/0x14)
[    0.099023] [<c040b12c>] (show_stack) from [<c068b3f4>] (dump_stack+0x98/0xac)
[    0.099034] [<c068b3f4>] (dump_stack) from [<c0441d3c>] (__warn+0xe8/0x100)
[    0.099045] [<c0441d3c>] (__warn) from [<c0441d8c>] (warn_slowpath_fmt+0x38/0x48)
[    0.099055] [<c0441d8c>] (warn_slowpath_fmt) from [<c1414618>] (_init+0x1f4/0x41c)
[    0.099066] [<c1414618>] (_init) from [<c0428434>] (omap_hwmod_for_each+0x38/0x60)
[    0.099077] [<c0428434>] (omap_hwmod_for_each) from [<c1414ba4>] (__omap_hwmod_setup_all+0x28/0x40)
[    0.099086] [<c1414ba4>] (__omap_hwmod_setup_all) from [<c0401e40>] (do_one_initcall+0x40/0x174)
[    0.099096] [<c0401e40>] (do_one_initcall) from [<c1400dd4>] (kernel_init_freeable+0x15c/0x1fc)
[    0.099106] [<c1400dd4>] (kernel_init_freeable) from [<c0c6c3d8>] (kernel_init+0x8/0x114)
[    0.099116] [<c0c6c3d8>] (kernel_init) from [<c0407d28>] (ret_from_fork+0x14/0x2c)
[    0.099122] ---[ end trace 1fa3bbdf9727b3b3 ]---
[    0.211207] cpuidle: using governor menu
[    0.218767] OMAP GPIO hardware version 0.1
[    0.224748] irq: no irq domain found for /ocp/l4@4a000000/scm@2000/pinmux@1400 !
[    0.238701] No ATAGs?
[    0.238722] hw-breakpoint: found 5 (+1 reserved) breakpoint and 4 watchpoint registers.
[    0.238729] hw-breakpoint: maximum watchpoint size is 8 bytes.
[    0.239719] omap4_sram_init:Unable to allocate sram needed to handle errata I688
[    0.239726] omap4_sram_init:Unable to get sram pool needed to handle errata I688
[    0.239952] OMAP DMA hardware revision 0.0
[    0.244342] Serial: AMBA PL011 UART driver
[    0.275783] omap-dma-engine 4a056000.dma-controller: OMAP DMA engine driver
[    0.277368] edma 43300000.edma: memcpy is disabled
[    0.281273] edma 43300000.edma: TI EDMA DMA engine driver
[    0.284838] vgaarb: loaded
[    0.285444] SCSI subsystem initialized
[    0.285751] usbcore: registered new interface driver usbfs
[    0.285802] usbcore: registered new interface driver hub
[    0.285849] usbcore: registered new device driver usb
[    0.286530] omap_i2c 48070000.i2c: could not find pctldev for node /ocp/l4@4a000000/scm@2000/pinmux@1400/i2c1_pins_default, deferring probe
[    0.286558] omap_i2c 48060000.i2c: could not find pctldev for node /ocp/l4@4a000000/scm@2000/pinmux@1400/i2c3_pins_default, deferring probe
[    0.287307] pps_core: LinuxPPS API ver. 1 registered
[    0.287313] pps_core: Software ver. 5.3.6 - Copyright 2005-2007 Rodolfo Giometti <giometti@linux.it>
[    0.287329] PTP clock support registered
[    0.287492] EDAC MC: Ver: 3.0.0
[    0.289307] clocksource: Switched to clocksource arch_sys_counter
[    0.297024] NET: Registered protocol family 2
[    0.297391] TCP established hash table entries: 8192 (order: 3, 32768 bytes)
[    0.297452] TCP bind hash table entries: 8192 (order: 4, 65536 bytes)
[    0.297575] TCP: Hash tables configured (established 8192 bind 8192)
[    0.297616] UDP hash table entries: 512 (order: 2, 16384 bytes)
[    0.297644] UDP-Lite hash table entries: 512 (order: 2, 16384 bytes)
[    0.297748] NET: Registered protocol family 1
[    0.297912] RPC: Registered named UNIX socket transport module.
[    0.297919] RPC: Registered udp transport module.
[    0.297924] RPC: Registered tcp transport module.
[    0.297929] RPC: Registered tcp NFSv4.1 backchannel transport module.
[    0.298654] hw perfevents: enabled with armv7_cortex_a15 PMU driver, 7 counters available
[    0.300206] futex hash table entries: 512 (order: 3, 32768 bytes)
[    0.300764] workingset: timestamp_bits=28 max_order=19 bucket_order=0
[    0.308795] squashfs: version 4.0 (2009/01/31) Phillip Lougher
[    0.309452] NFS: Registering the id_resolver key type
[    0.309476] Key type id_resolver registered
[    0.309481] Key type id_legacy registered
[    0.309512] ntfs: driver 2.1.32 [Flags: R/O].
[    0.310417] bounce: pool size: 64 pages
[    0.310565] Block layer SCSI generic (bsg) driver version 0.4 loaded (major 248)
[    0.310573] io scheduler noop registered
[    0.310578] io scheduler deadline registered
[    0.310600] io scheduler cfq registered (default)
[    0.317921] pinctrl-single 4a003400.pinmux: 282 pins at pa fc003400 size 1128
[    0.372654] Serial: 8250/16550 driver, 4 ports, IRQ sharing disabled
[    0.375003] SuperH (H)SCI(F) driver initialized
[    0.375928] msm_serial: driver initialized
[    0.376261] 48020000.serial: ttyO2 at MMIO 0x48020000 (irq = 301, base_baud = 3000000) is a OMAP UART2
[    1.543028] console [ttyO2] enabled
[    1.546991] STMicroelectronics ASC driver initialized
[    1.555101] [drm] Initialized drm 1.1.0 20060810
[    1.571264] brd: module loaded
[    1.578425] loop: module loaded
[    1.583292] ahci 4a140000.sata: SSS flag set, parallel bus scan disabled
[    1.590343] ahci 4a140000.sata: AHCI 0001.0300 32 slots 1 ports 3 Gbps 0x1 impl platform mode
[    1.599265] ahci 4a140000.sata: flags: 64bit ncq sntf stag pm led clo only pmp pio slum part ccc apst 
[    1.609745] scsi host0: ahci
[    1.612975] ata1: SATA max UDMA/133 mmio [mem 0x4a140000-0x4a1410ff] port 0x100 irq 331
[    1.627192] libphy: Fixed MDIO Bus: probed
[    1.632015] CAN device driver interface
[    1.637807] igb: Intel(R) Gigabit Ethernet Network Driver - version 5.3.0-k
[    1.645083] igb: Copyright (c) 2007-2014 Intel Corporation.
[    1.694334] davinci_mdio 48485000.mdio: davinci mdio revision 1.6
[    1.700720] davinci_mdio 48485000.mdio: detected phy mask fffffff9
[    1.711046] libphy: 48485000.mdio: probed
[    1.715251] davinci_mdio 48485000.mdio: phy[1]: device 48485000.mdio:01, driver Micrel KSZ9031 Gigabit PHY
[    1.725362] davinci_mdio 48485000.mdio: phy[2]: device 48485000.mdio:02, driver Micrel KSZ9031 Gigabit PHY
[    1.736334] cpsw 48484000.ethernet: Detected MACID = 74:da:ea:47:8b:26
[    1.743758] cpsw 48484000.ethernet: cpsw: Detected MACID = 74:da:ea:47:8b:27
[    1.751805] pegasus: v0.9.3 (2013/04/25), Pegasus/Pegasus II USB Ethernet driver
[    1.759578] usbcore: registered new interface driver pegasus
[    1.765543] usbcore: registered new interface driver asix
[    1.771223] usbcore: registered new interface driver ax88179_178a
[    1.777621] usbcore: registered new interface driver cdc_ether
[    1.783762] usbcore: registered new interface driver smsc75xx
[    1.789813] usbcore: registered new interface driver smsc95xx
[    1.795859] usbcore: registered new interface driver net1080
[    1.801807] usbcore: registered new interface driver cdc_subset
[    1.808027] usbcore: registered new interface driver zaurus
[    1.813905] usbcore: registered new interface driver cdc_ncm
[    1.822838] ehci_hcd: USB 2.0 'Enhanced' Host Controller (EHCI) Driver
[    1.829671] ehci-pci: EHCI PCI platform driver
[    1.834355] ehci-platform: EHCI generic platform driver
[    1.840009] ehci-omap: OMAP-EHCI Host Controller driver
[    1.845612] ehci-orion: EHCI orion driver
[    1.849940] SPEAr-ehci: EHCI SPEAr driver
[    1.854266] ehci-st: EHCI STMicroelectronics driver
[    1.859498] ehci-exynos: EHCI EXYNOS driver
[    1.864015] ehci-atmel: EHCI Atmel driver
[    1.868342] tegra-ehci: Tegra EHCI driver
[    1.872694] ohci_hcd: USB 1.1 'Open' Host Controller (OHCI) Driver
[    1.879163] ohci-pci: OHCI PCI platform driver
[    1.883838] ohci-platform: OHCI generic platform driver
[    1.889462] ohci-omap3: OHCI OMAP3 driver
[    1.893787] SPEAr-ohci: OHCI SPEAr driver
[    1.898124] ohci-st: OHCI STMicroelectronics driver
[    1.903360] ohci-atmel: OHCI Atmel driver
[    1.908216] usbcore: registered new interface driver usb-storage
[    1.915936] mousedev: PS/2 mouse device common for all mice
[    1.924891] i2c /dev entries driver
[    1.939203] sdhci: Secure Digital Host Controller Interface driver
[    1.945669] sdhci: Copyright(c) Pierre Ossman
[    1.951152] omap_hsmmc 4809c000.mmc: Got CD GPIO
[    1.985123] Synopsys Designware Multimedia Card Interface Driver
[    1.992437] sdhci-pltfm: SDHCI platform and OF driver helper
[    2.000795] ledtrig-cpu: registered to indicate activity on CPUs
[    2.007486] usbcore: registered new interface driver usbhid
[    2.013320] usbhid: USB HID core driver
[    2.022264] NET: Registered protocol family 10
[    2.027514] sit: IPv6 over IPv4 tunneling driver
[    2.032794] NET: Registered protocol family 17
[    2.037446] can: controller area network core (rev 20120528 abi 9)
[    2.043955] NET: Registered protocol family 29
[    2.048610] can: raw protocol (rev 20120528)
[    2.053080] can: broadcast manager protocol (rev 20120528 t)
[    2.059000] can: netlink gateway (rev 20130117) max_hops=1
[    2.065035] Key type dns_resolver registered
[    2.069668] omap_voltage_late_init: Voltage driver support not added
[    2.076883] Power Management for TI OMAP4+ devices.
[    2.082183] ThumbEE CPU extension supported.
[    2.086671] Registering SWP/SWPB emulation handler
[    2.093415] palmas 0-0058: Irq flag is 0x00000008
[    2.116458] palmas 0-0058: Muxing GPIO 2f, PWM 0, LED 0
[    2.143626] vdd_3v3: supplied by regen1
[    2.147859] aic_dvdd_fixed: supplied by vdd_3v3
[    2.152676] vtt_fixed: supplied by smps3
[    2.162268] palmas-rtc 48070000.i2c:tps659038@58:tps659038_rtc: rtc core: registered 48070000.i2c:tps659 as rtc1
[    2.176978] at24 0-0050: 4096 byte 24c32 EEPROM, writable, 1 bytes/write
[    2.184056] omap_i2c 48070000.i2c: bus 0 rev0.12 at 400 kHz
[    2.209812] rtc-ds1307 2-006f: SET TIME!
[    2.215549] rtc-ds1307 2-006f: rtc core: registered mcp7941x as rtc0
[    2.222308] rtc-ds1307 2-006f: 64 bytes nvram
[    2.226912] omap_i2c 48060000.i2c: bus 2 rev0.12 at 400 kHz
[    2.235126] xhci-hcd xhci-hcd.0.auto: xHCI Host Controller
[    2.240905] xhci-hcd xhci-hcd.0.auto: new USB bus registered, assigned bus number 1
[    2.249163] xhci-hcd xhci-hcd.0.auto: hcc params 0x0220f04c hci version 0x100 quirks 0x00010010
[    2.258321] xhci-hcd xhci-hcd.0.auto: irq 410, io mem 0x48890000
[    2.265196] hub 1-0:1.0: USB hub found
[    2.269145] hub 1-0:1.0: 1 port detected
[    2.273554] xhci-hcd xhci-hcd.0.auto: xHCI Host Controller
[    2.279325] xhci-hcd xhci-hcd.0.auto: new USB bus registered, assigned bus number 2
[    2.287420] usb usb2: We don't know the algorithms for LPM for this host, disabling LPM.
[    2.296436] hub 2-0:1.0: USB hub found
[    2.300403] hub 2-0:1.0: 1 port detected
[    2.306489] omap_hsmmc 4809c000.mmc: Got CD GPIO
[    2.372750] rtc-ds1307 2-006f: setting system clock to 2001-01-01 00:00:00 UTC (978307200)
[    2.391036] net eth0: initializing cpsw version 1.15 (0)
[    2.405748] mmc0: host does not support reading read-only switch, assuming write-enable
[    2.417572] mmc0: new high speed SDHC card at address aaaa
[    2.423638] mmcblk0: mmc0:aaaa SL08G 7.40 GiB 
[    2.429680]  mmcblk0: p1 p2 p3
[    2.439504] mmc1: new high speed MMC card at address 0001
[    2.445478] mmcblk1: mmc1:0001 S10004 3.56 GiB 
[    2.450366] mmcblk1boot0: mmc1:0001 S10004 partition 1 4.00 MiB
[    2.456720] mmcblk1boot1: mmc1:0001 S10004 partition 2 4.00 MiB
[    2.463600]  mmcblk1: p1 p2 p3
[    2.476299] Micrel KSZ9031 Gigabit PHY 48485000.mdio:01: attached PHY driver [Micrel KSZ9031 Gigabit PHY] (mii_bus:phy_addr=48485000.mdio:01, irq=-1)
[    2.496463] IPv6: ADDRCONF(NETDEV_UP): eth0: link is not ready
[    2.579317] usb 1-1: new high-speed USB device number 2 using xhci-hcd
[    2.614347] usb 2-1: new SuperSpeed USB device number 2 using xhci-hcd
[    2.639534] hub 2-1:1.0: USB hub found
[    2.643511] hub 2-1:1.0: 4 ports detected
[    2.735553] hub 1-1:1.0: USB hub found
[    2.739527] hub 1-1:1.0: 4 ports detected
[    3.034323] usb 1-1.1: new high-speed USB device number 3 using xhci-hcd
[    3.130440] usb-storage 1-1.1:1.0: USB Mass Storage device detected
[    3.137222] scsi host1: usb-storage 1-1.1:1.0
[    3.830912] ata1: SATA link down (SStatus 1 SControl 300)
[    3.847596] ata1: exception Emask 0x10 SAct 0x0 SErr 0x4040000 action 0xe frozen
[    3.855357] ata1: irq_stat 0x00000040, connection status changed
[    3.861650] ata1: SError: { CommWake DevExch }
[    3.866318] ata1: hard resetting link
[    4.159535] scsi 1:0:0:0: Direct-Access     Imation  Nano Pro         PMAP PQ: 0 ANSI: 4
[    5.191205] sd 1:0:0:0: [sda] 15124992 512-byte logical blocks: (7.74 GB/7.21 GiB)
[    5.199352] sd 1:0:0:0: [sda] Write Protect is off
[    5.204589] sd 1:0:0:0: [sda] No Caching mode page found
[    5.210175] sd 1:0:0:0: [sda] Assuming drive cache: write through
[    5.238922]  sda: sda1
[    5.242766] sd 1:0:0:0: [sda] Attached SCSI removable disk
[    6.084331] ata1: SATA link down (SStatus 1 SControl 300)
[    6.090003] ata1: EH complete
[    6.093342] ata1: exception Emask 0x10 SAct 0x0 SErr 0x4040000 action 0xe frozen
[    6.101092] ata1: irq_stat 0x00000040, connection status changed
[    6.107395] ata1: SError: { CommWake DevExch }
[    6.112065] ata1: limiting SATA link speed to 1.5 Gbps
[    6.117450] ata1: hard resetting link
[    6.497466] cpsw 48484000.ethernet eth0: Link is Up - 1Gbps/Full - flow control rx/tx
[    6.505699] IPv6: ADDRCONF(NETDEV_CHANGE): eth0: link becomes ready
[    6.514365] Sending DHCP requests ., OK
[    6.539326] IP-Config: Got DHCP answer from 192.168.0.1, my address is 192.168.0.137
[    6.547516] IP-Config: Complete:
[    6.550916]      device=eth0, hwaddr=74:da:ea:47:8b:26, ipaddr=192.168.0.137, mask=255.255.255.0, gw=192.168.0.1
[    6.561579]      host=192.168.0.137, domain=ti.com, nis-domain=(none)
[    6.568337]      bootserver=0.0.0.0, rootserver=0.0.0.0, rootpath=     nameserver0=192.0.2.2, nameserver1=192.0.2.3
[    6.579394] aic_dvdd_fixed: disabling
[    6.599196] EXT4-fs (mmcblk0p2): mounted filesystem with ordered data mode. Opts: (null)
[    6.607715] VFS: Mounted root (ext4 filesystem) on device 179:2.
[    6.621424] devtmpfs: mounted
[    6.625780] Freeing unused kernel memory: 2048K (c1400000 - c1600000)
INIT: version 2.88 booting
Error opening /dev/fb0: No such file or directory
Starting udev
[    7.032160] udevd[134]: starting version 182
[    8.349353] ata1: SATA link down (SStatus 1 SControl 310)
[    8.355056] ata1: EH complete
[    8.371483] ata1: exception Emask 0x10 SAct 0x0 SErr 0x4040000 action 0xe frozen
[    8.379286] ata1: irq_stat 0x00000040, connection status changed
[    8.385604] ata1: SError: { CommWake DevExch }
[    8.390336] ata1: limiting SATA link speed to 1.5 Gbps
[    8.395781] ata1: hard resetting link
[    8.405465] EXT4-fs (sda1): warning: mounting unchecked fs, running e2fsck is recommended
[    8.406223] FAT-fs (mmcblk1p2): Volume was not properly unmounted. Some data may be corrupt. Please run fsck.
[    8.418113] FAT-fs (mmcblk0p1): Volume was not properly unmounted. Some data may be corrupt. Please run fsck.
[    8.447333] FAT-fs (mmcblk0p3): Volume was not properly unmounted. Some data may be corrupt. Please run fsck.
[    8.466410] FAT-fs (mmcblk1p3): Volume was not properly unmounted. Some data may be corrupt. Please run fsck.
[    8.478271] EXT4-fs (sda1): mounted filesystem without journal. Opts: (null)
[    8.489074] FAT-fs (mmcblk1p1): Volume was not properly unmounted. Some data may be corrupt. Please run fsck.
depmod: ERROR: could not open directory /lib/modules/4.6.0-rc4-next-20160422-00002-g815453da9e87: No such file or directory
depmod: WARNING: -e needs -E or -F
depmod: ERROR: could not open directory /lib/modules/4.6.0-rc4-next-20160422-00002-g815453da9e87: No such file or directory
depmod: FATAL: could not search modules: No such file or directory
[    8.660767] EXT4-fs (mmcblk0p2): re-mounted. Opts: data=ordered
Starting random number generator daemonread error
read error
[    8.732577] random: dd urandom read with 110 bits of entropy available
ALSA: Restoring mixer settings...
Sun Mar 20 00:49:55 UTC 2016
/usr/sbin/alsactl: load_state:1729: No soundcards found...
INIT: Entering runlevel: 5
Configuring network interfaces... udhcpc (v1.23.1) started
Sending discover...
Sending select for 192.168.0.104...
Lease of 192.168.0.104 obtained, lease time 600
/etc/udhcpc.d/50default: Adding DNS 192.0.2.2
/etc/udhcpc.d/50default: Adding DNS 192.0.2.3
done.
Starting system message bus: dbus.
[   10.619343] ata1: SATA link down (SStatus 1 SControl 310)
[   10.625040] ata1: EH complete
[   10.628168] ata1: exception Emask 0x10 SAct 0x0 SErr 0x4040000 action 0xe frozen
[   10.635926] ata1: irq_stat 0x00000040, connection status changed
[   10.642225] ata1: SError: { CommWake DevExch }
[   10.646890] ata1: limiting SATA link speed to 1.5 Gbps
[   10.652282] ata1: hard resetting link
UIM SYSFS Node Not Found
Initializing the graphics driver ...
PVR:(Error): OpenServices: drmOpen failed [120, /pvr_bridge_u.c]
PVR:(Error): PVRSRVInitSrvConnect: PVRSRVConnect failed [2572, /bridged_pvr_glue.c]
PVR:(Error): SrvInit: PVRSRVInitSrvConnect failed (4) [37, /srvinit.c]
PVR:(Error): main: SrvInit failed (4) [47, /pvrsrvinit.c]
[   11.011308] random: nonblocking pool is initialized
Starting Dropbear SSH server: dropbear.
Starting telnet daemon.
Starting tiipclad daemon
GateMP support enabled on host
Opened log file: lad.txt
numProcessors = 5 id = 0 baseId = 0
Spawned daemon: /usr/bin/lad_dra7xx
Starting rpcbind daemon...done.
starting statd: done
Starting syslogd/klogd: done
Starting thttpd.
Starting Lighttpd Web Server: lighttpd.
2016-03-20 00:49:57: (/home/jenkins/tisdk-build-fido-rt/build-CORTEX_1/arago-tmp-external-linaro-toolchain/work/cortexa15hf-vfp-neon-linux-gnueabi/lighttpd/1.4.35-r1/lighttpd-1.4.35/src/log.c.164) server started 
Starting Matrix GUI application.
Enabling thermal zones...
[   12.869339] ata1: SATA link down (SStatus 1 SControl 310)
[   12.875037] ata1: EH complete
[   12.878698] ata1: exception Emask 0x10 SAct 0x0 SErr 0x4040000 action 0xe frozen
[   12.886471] ata1: irq_stat 0x00000040, connection status changed
[   12.892778] ata1: SError: { CommWake DevExch }
[   12.897462] ata1: limiting SATA link speed to 1.5 Gbps
[   12.902867] ata1: hard resetting link
***************************************************************
***************************************************************
NOTICE: This file system contains the following GPLv3 packages:
	autoconf
	binutils-dev
	binutils
	bison-dev
	bison
	cpp-symlinks
	cpp
	g++-symlinks
	g++
	gcc-symlinks
	gcc
	gdbc6x
	gdbserver
	gstreamer1.0-libav
	libgmp10
	libmpc3
	libmpfr4
	make
	parted
If you do not wish to distribute GPLv3 components please remove
the above packages prior to distribution.  This can be done using
the opkg remove command.  i.e.:
    opkg remove <package>
Where <package> is the name printed in the list above
NOTE: If the package is a dependency of another package you
      will be notified of the dependent packages.  You should
      use the --force-removal-of-dependent-packages option to
      also remove the dependent packages as well
***************************************************************
***************************************************************
 _____                    _____           _         _   
|  _  |___ ___ ___ ___   |  _  |___ ___  |_|___ ___| |_ 
|     |  _| .'| . | . |  |   __|  _| . | | | -_|  _|  _|
|__|__|_| |__,|_  |___|  |__|  |_| |___|_| |___|___|_|  
              |___|                    |___|            
Arago Project http://arago-project.org am57xx-evm /dev/ttyO2
Arago 2015.12 am57xx-evm /dev/ttyO2
am57xx-evm login: 
- 08:03:44 [INFO] Host: root
- 08:03:44 [INFO] Target: 
root
root@am57xx-evm:~# 
- 08:03:44 [INFO] Disconnected serial from am57xx-evm
- 08:03:44 [INFO] Connected to am57xx-evm via serial 
- 08:03:44 [INFO] Host: uname -a
- 08:03:44 [INFO] Target: 
uname -a
Linux am57xx-evm 4.6.0-rc4-next-20160422-00002-g815453da9e87 #1 SMP Fri Apr 22 06:56:24 CDT 2016 armv7l GNU/Linux
root@am57xx-evm:~# 
- 08:03:44 [INFO] Host: cat /proc/cmdline
- 08:03:44 [INFO] Target: 
cat /proc/cmdline
console=ttyO2,115200n8  earlyprintk=serial,ttyO2,115200n8 rootwait  ip=:::::eth0:dhcp  root=PARTUUID=00000000-02 rw rootfstype=ext4 rootwait 
root@am57xx-evm:~# 
- 08:03:44 [INFO] Host: uname -a
- 08:03:44 [INFO] Target: 
uname -a
Linux am57xx-evm 4.6.0-rc4-next-20160422-00002-g815453da9e87 #1 SMP Fri Apr 22 06:56:24 CDT 2016 armv7l GNU/Linux
root@am57xx-evm:~# 
- 08:03:44 [INFO] Host: cat /proc/mtd
- 08:03:44 [INFO] Target: 
cat /proc/mtd
dev:    size   erasesize  name
root@am57xx-evm:~# 
- 08:03:45 [INFO] Host: export IPERFHOST=192.168.0.1
- 08:03:45 [INFO] Target: 
export IPERFHOST=192.168.0.1
root@am57xx-evm:~# 
- 08:03:45 [INFO] Host: export NFS_SERVER=192.168.0.1
- 08:03:45 [INFO] Target: 
export NFS_SERVER=192.168.0.1
root@am57xx-evm:~# [   15.124338] ata1: SATA link down (SStatus 1 SControl 310)
[   15.130035] ata1: EH complete
[   15.151502] ata1: exception Emask 0x10 SAct 0x0 SErr 0x4040000 action 0xe frozen
[   15.159257] ata1: irq_stat 0x00000040, connection status changed
[   15.165561] ata1: SError: { CommWake DevExch }
[   15.170241] ata1: limiting SATA link speed to 1.5 Gbps
[   15.175631] ata1: hard resetting link
- 08:03:45 [INFO] Host: export NFS_ROOT_PATH=/home/tigtfarm10/NFS_exports/linux/am57xx-evm
- 08:03:45 [INFO] Target: 
export NFS_ROOT_PATH=/home/tigtfarm10/NFS_exports/linux/am57x 
x-evm
root@am57xx-evm:~# 
- 08:03:45 [INFO] Host: export AP_SSID=
- 08:03:45 [INFO] Target: 
export AP_SSID=
root@am57xx-evm:~# 
- 08:03:45 [INFO] Host: mkdir -p -m 777 /test
- 08:03:45 [INFO] Target: 
mkdir -p -m 777 /test
root@am57xx-evm:~# 
- 08:03:45 [INFO] Host: cd /test
- 08:03:45 [INFO] Target: 
cd /test
root@am57xx-evm:/test# 
- 08:03:45 [INFO] Host: cat > test.sh << EOF
- 08:03:46 [INFO] Target: 
cat > test.sh << EOF
- 08:03:46 [INFO] Host: failtest() {
- 08:03:46 [INFO] Target: 
failtest() {
- 08:03:46 [INFO] Host:   echo 1 >&3
- 08:03:46 [INFO] Target: 
  echo 1 >&3
- 08:03:46 [INFO] Host: }
- 08:03:46 [INFO] Target: 
- 08:03:46 [INFO] Host: timeout=600
- 08:03:46 [INFO] Target: 
timeout=600
- 08:03:46 [INFO] Host: 
- 08:03:46 [INFO] Target: 
- 08:03:46 [INFO] Host: # Start of user's script logic
- 08:03:46 [INFO] Target: 
# Start of user's script logic
- 08:03:46 [INFO] Host: mount -t proc proc /proc 2>/dev/null;
- 08:03:46 [INFO] Target: 
mount -t proc proc /proc 2>/dev/null;
- 08:03:46 [INFO] Host: 
- 08:03:46 [INFO] Target: 
- 08:03:46 [INFO] Host: mount -t sysfs sys /sys 2>/dev/null;
- 08:03:46 [INFO] Target: 
mount -t sysfs sys /sys 2>/dev/null;
- 08:03:46 [INFO] Host: 
- 08:03:47 [INFO] Target: 
- 08:03:47 [INFO] Host: mount -t debugfs none /sys/kernel/debug 2>/dev/null;
- 08:03:47 [INFO] Target: 
mount -t debugfs none /sys/kernel/debug 2>/dev/null;
- 08:03:47 [INFO] Host: 
- 08:03:47 [INFO] Target: 
- 08:03:47 [INFO] Host: echo 'cpuinfo:';cat /proc/cpuinfo; echo '=======';
- 08:03:47 [INFO] Target: 
echo 'cpuinfo:';cat /proc/cpuinfo; echo '=======';
- 08:03:47 [INFO] Host: 
- 08:03:47 [INFO] Target: 
- 08:03:47 [INFO] Host: echo 'soc info:';head /sys/devices/soc0/* 2>/dev/null; echo '=======';
- 08:03:47 [INFO] Target: 
echo 'soc info:';head /sys/devices/soc0/* 2>/dev/null; echo '=======';
- 08:03:47 [INFO] Host: 
- 08:03:47 [INFO] Target: 
- 08:03:47 [INFO] Host: echo 'DT Model info'; head /proc/device-tree/name /proc/device-tree/model /proc/device-tree/compatible 2>/dev/null;echo; echo '=======';
- 08:03:47 [INFO] Target: 
echo 'DT Model info'; head /proc/device-tree/name /proc/device-tree/model /pro 
c/device-tree/compatible 2>/dev/null;echo; echo '=======';
> [   17.394332] ata1: SATA link down (SStatus 1 SControl 310)
[   17.400008] ata1: EH complete
[   17.403139] ata1: exception Emask 0x10 SAct 0x0 SErr 0x4040000 action 0xe
- 08:03:47 [INFO] Host: 
- 08:03:47 [INFO] Target: 
 frozen
[   17.410898] ata1: irq_stat 0x00000040, connection status changed
[   17.417198] ata1: SError: { CommWake DevExch }
[   17.421867] ata1: limiting SATA link speed to 1.5 Gbps
[   17.427258] ata1: hard resetting link
- 08:03:47 [INFO] Host: echo 'interrupts:';cat /proc/interrupts; echo '=======';
- 08:03:47 [INFO] Target: 
echo 'interrupts:';cat /proc/interrupts; echo '=======';
- 08:03:47 [INFO] Host: 
- 08:03:48 [INFO] Target: 
- 08:03:48 [INFO] Host: echo 'Clk_summary:';cat /sys/kernel/debug/clk/clk_summary; echo '=======';
- 08:03:48 [INFO] Target: 
echo 'Clk_summary:';cat /sys/kernel/debug/clk/clk_summary; echo '=======';
- 08:03:48 [INFO] Host: 
- 08:03:48 [INFO] Target: 
- 08:03:48 [INFO] Host: echo "Available frequencies"; cat /sys/devices/system/cpu/cpu0/cpufreq/scaling_available_frequencies 2>/dev/null;echo '=======';
- 08:03:48 [INFO] Target: 
echo "Available frequencies"; cat /sys/devices/system/cpu/cpu0/cpufreq/scaling 
_available_frequencies 2>/dev/null;echo '=======';
- 08:03:48 [INFO] Host: 
- 08:03:48 [INFO] Target: 
- 08:03:48 [INFO] Host: TMPF=/tmp/a.\$\$; TMPF2=/tmp/b.\$\$; STR=""
- 08:03:48 [INFO] Target: 
TMPF=/tmp/a.\$\$; TMPF2=/tmp/b.\$\$; STR=""
- 08:03:48 [INFO] Host: 
- 08:03:48 [INFO] Target: 
- 08:03:48 [INFO] Host: cp /dev/kmsg \$TMPF &
- 08:03:48 [INFO] Target: 
cp /dev/kmsg \$TMPF &
- 08:03:48 [INFO] Host: 
- 08:03:48 [INFO] Target: 
- 08:03:48 [INFO] Host: PID=\$! ; sleep 5; kill -9 \$PID
- 08:03:48 [INFO] Target: 
PID=\$! ; sleep 5; kill -9 \$PID
- 08:03:48 [INFO] Host: 
- 08:03:49 [INFO] Target: 
- 08:03:49 [INFO] Host: 
- 08:03:49 [INFO] Target: 
- 08:03:49 [INFO] Host: 
- 08:03:49 [INFO] Target: 
- 08:03:49 [INFO] Host: cat \$TMPF|grep "^0">\$TMPF2; N=\`cat \$TMPF2|wc -l\`; if [ "\$N" -ne 0 ]; then STR="\$STR emerg=\$N";echo "===== EMERGE++";cat \$TMPF2|cut -d ';' -f2;echo "====="; fi
- 08:03:49 [INFO] Target: 
cat \$TMPF|grep "^0">\$TMPF2; N=\`cat \$TMPF2|wc -l\`; if [ "\$N" -ne 0 ]; the 
n STR="\$STR emerg=\$N";echo "===== EMERGE++";cat \$TMPF2|cut -d ';' -f2;echo "= 
===="; fi
- 08:03:49 [INFO] Host: 
- 08:03:49 [INFO] Target: 
- 08:03:49 [INFO] Host: cat \$TMPF|grep "^1">\$TMPF2; N=\`cat \$TMPF2|wc -l\`; if [ "\$N" -ne 0 ]; then STR="\$STR alert=\$N";echo "===== ALERT ==";cat \$TMPF2|cut -d ';' -f2;echo "====="; fi
- 08:03:49 [INFO] Target: 
cat \$TMPF|grep "^1">\$TMPF2; N=\`cat \$TMPF2|wc -l\`; if [ "\$N" -ne 0 ]; the 
n STR="\$STR alert=\$N";echo "===== ALERT ==";cat \$TMPF2|cut -d ';' -f2;echo "= 
===="; fi
- 08:03:49 [INFO] Host: 
- 08:03:49 [INFO] Target: 
- 08:03:49 [INFO] Host: cat \$TMPF|grep "^2">\$TMPF2; N=\`cat \$TMPF2|wc -l\`; if [ "\$N" -ne 0 ]; then STR="\$STR crit=\$N";echo "===== CRIT ==";cat \$TMPF2|cut -d ';' -f2;echo "====="; fi
- 08:03:49 [INFO] Target: 
cat \$TMPF|grep "^2">\$TMPF2; N=\`cat \$TMPF2|wc -l\`; if [ "\$N" -ne 0 ]; the 
n STR="\$STR crit=\$N";echo "===== CRIT ==";cat \$TMPF2|cut -d ';' -f2;echo "=== 
=="; fi
- 08:03:49 [INFO] Host: 
- 08:03:49 [INFO] Target: 
- 08:03:49 [INFO] Host: cat \$TMPF|grep "^3">\$TMPF2; N=\`cat \$TMPF2|wc -l\`; if [ "\$N" -ne 0 ]; then STR="\$STR err=\$N";echo "===== ERR ==";cat \$TMPF2|cut -d ';' -f2;echo "=====" ;fi
- 08:03:49 [INFO] Target: 
cat \$TMPF|grep "^3">\$TMPF2; N=\`cat \$TMPF2|wc -l\`; if [ "\$N" -ne 0 ]; the 
n STR="\$STR err=\$N";echo "===== ERR ==";cat \$TMPF2|cut -d ';' -f2;echo "===== 
" ;fi
- 08:03:49 [INFO] Host: 
- 08:03:50 [INFO] Target: 
> [   19.644331] ata1: SATA link down (SStatus 1 SControl 310)
[   19.649998] ata1: EH complete
[   19.653665] ata1: exception Emask 0x10 SAct 0x0 SErr 0x4040000 action 0xe frozen
[   19.661425] ata1: irq_stat 0x00000040, connection status changed
[   19.667724] ata1: SError: { CommWake DevExch }
[   19.672393] ata1: limiting SATA link speed to 1.5 Gbps
[   19.677781] ata1: hard resetting link
- 08:03:50 [INFO] Host: cat \$TMPF|grep "^4">\$TMPF2; N=\`cat \$TMPF2|wc -l\`; if [ "\$N" -ne 0 ]; then STR="\$STR warn=\$N";echo "===== WARN ==";cat \$TMPF2|cut -d ';' -f2;echo "=====" ;fi
- 08:03:50 [INFO] Target: 
cat \$TMPF|grep "^4">\$TMPF2; N=\`cat \$TMPF2|wc -l\`; if [ "\$N" -ne 0 ]; the 
n STR="\$STR warn=\$N";echo "===== WARN ==";cat \$TMPF2|cut -d ';' -f2;echo "=== 
==" ;fi
- 08:03:50 [INFO] Host: 
- 08:03:50 [INFO] Target: 
- 08:03:50 [INFO] Host: rm \$TMPF \$TMPF2; echo "SUM""MARY RESULT: BOOT:" 'PASS: H''ello World' 'B''oard' "Booted" "Boot Log has::::\$STR:"
- 08:03:50 [INFO] Target: 
rm \$TMPF \$TMPF2; echo "SUM""MARY RESULT: BOOT:" 'PASS: H''ello World' 'B''oa 
rd' "Booted" "Boot Log has::::\$STR:"
- 08:03:50 [INFO] Host: 
- 08:03:50 [INFO] Target: 
- 08:03:50 [INFO] Host: EOF
- 08:03:50 [INFO] Target: 
root@am57xx-evm:/test# 
- 08:03:50 [INFO] Host: cd /test
- 08:03:50 [INFO] Target: 
cd /test
root@am57xx-evm:/test# 
- 08:03:50 [INFO] Host: chmod +x test.sh
- 08:03:50 [INFO] Target: 
chmod +x test.sh
root@am57xx-evm:/test# 
- 08:03:50 [INFO] Host: ./test.sh 2> stderr.log > stdout.log 3> result.log
- 08:03:55 [INFO] Target: 
./test.sh 2> stderr.log > stdout.log 3> result.log
[   21.894334] ata1: SATA link down (SStatus 1 SControl 310)
[   21.900015] ata1: EH complete
[   21.904199] ata1: exception Emask 0x10 SAct 0x0 SErr 0x4040000 action 0xe frozen
[   21.911970] ata1: irq_stat 0x00000040, connection status changed
[   21.918282] ata1: SError: { CommWake DevExch }
[   21.922963] ata1: limiting SATA link speed to 1.5 Gbps
[   21.928360] ata1: hard resetting link
[   24.144329] ata1: SATA link down (SStatus 1 SControl 310)
[   24.150008] ata1: EH complete
[   24.154778] ata1: exception Emask 0x10 SAct 0x0 SErr 0x4040000 action 0xe frozen
[   24.162530] ata1: irq_stat 0x00000040, connection status changed
[   24.168825] ata1: SError: { CommWake DevExch }
[   24.173495] ata1: limiting SATA link speed to 1.5 Gbps
[   24.178885] ata1: hard resetting link
root@am57xx-evm:/test# 
- 08:03:55 [INFO] Host: echo $?
- 08:03:55 [INFO] Target: 
echo $?
root@am57xx-evm:/test# 
- 08:03:55 [INFO] Host: cd /test
- 08:03:56 [INFO] Target: 
cd /test
root@am57xx-evm:/test# 
- 08:03:56 [INFO] Host: cat stdout.log
- 08:03:59 [INFO] Target: 
cat stdout.log
cpuinfo:
processor	: 0
model name	: ARMv7 Processor rev 2 (v7l)
BogoMIPS	: 12.29
Features	: half thumb fastmult vfp edsp thumbee neon vfpv3 tls vfpv4 idiva idivt vfpd32 lpae evtstrm 
CPU implementer	: 0x41
CPU architecture: 7
CPU variant	: 0x2
CPU part	: 0xc0f
CPU revision	: 2
processor	: 1
model name	: ARMv7 Processor rev 2 (v7l)
BogoMIPS	: 12.29
Features	: half thumb fastmult vfp edsp thumbee neon vfpv3 tls vfpv4 idiva idivt vfpd32 lpae evtstrm 
CPU implementer	: 0x41
CPU architecture: 7
CPU variant	: 0x2
CPU part	: 0xc0f
CPU revision	: 2
Hardware	: Generic DRA74X (Flattened Device Tree)
Revision	: 0000
Serial		: 0000000000000000
=======
soc info:
==> /sys/devices/soc0/family <==
DRA7
==> /sys/devices/soc0/machine <==
DRA752
==> /sys/devices/soc0/power <==
==> /sys/devices/soc0/revision <==
ES1.1
==> /sys/devices/soc0/subsystem <==
==> /sys/devices/soc0/type <==
==> /sys/devices/soc0/uevent <==
=======
DT Model info
==> /proc/device-tree/name <==
==> /proc/device-tree/model <==
TI AM5728 BeagleBoard-X15
==> /proc/device-tree/compatible <==
ti,am572x-beagle-x15ti,am5728ti,dra742ti,dra74ti,dra7
=======
interrupts:
           CPU0       CPU1       
 16:          0          0      CBAR  32 Level     gp_timer
 19:       1660       2534     GIC-0  27 Edge      arch_timer
 22:          0          0      CBAR   4 Level     l3-dbg-irq
 23:          0          0     WUGEN  10 Level     l3-app-irq
 29:       5662          0      CBAR   8 Level     omap-dma-engine
 32:          0          0      CBAR 361 Level     43300000.edma_ccint
 34:          0          0      CBAR 359 Level     43300000.edma_ccerrint
 37:          1          0      CBAR  24 Level     4ae10000.gpio
 38:          1          0  4ae10000.gpio   0 Level     palmas
 70:          0          0      CBAR  25 Level     48055000.gpio
103:          0          0      CBAR  26 Level     48057000.gpio
136:          0          0      CBAR  27 Level     48059000.gpio
169:          0          0      CBAR  28 Level     4805b000.gpio
202:          0          0      CBAR  29 Level     4805d000.gpio
230:          0          0  4805d000.gpio  27 Edge      4809c000.mmc cd
235:          0          0      CBAR  30 Level     48051000.gpio
268:          0          0      CBAR 116 Level     48053000.gpio
301:       7978          0      CBAR  69 Level     OMAP UART2
327:        544          0      CBAR  51 Level     48070000.i2c
328:         45          0      CBAR  56 Level     48060000.i2c
329:       6861          0      CBAR  78 Level     mmc0
330:       1081          0      CBAR  81 Level     mmc1
331:          9          0      CBAR  49 Level     ahci[4a140000.sata]
333:          5          0      CBAR  72 Level     dwc3-omap
338:         18          0      CBAR 335 Level     48484000.ethernet
339:         13          0      CBAR 336 Level     48484000.ethernet
409:          0          0   pinctrl 1016 Edge      48020000.serial
410:        545          0      CBAR  71 Level     xhci-hcd:usb1
411:          0          0    palmas   8 Level     48070000.i2c:tps659038@58:tps659038_rtc
413:          0          0      CBAR   2 Edge      mcp7941x
414:          0          0   pinctrl 1060 Edge      2-006f
IPI0:          0          1  CPU wakeup interrupts
IPI1:          0          0  Timer broadcast interrupts
IPI2:       3937       9657  Rescheduling interrupts
IPI3:        170         13  Function call interrupts
IPI4:          0          0  CPU stop interrupts
IPI5:         27         33  IRQ work interrupts
IPI6:          0          0  completion interrupts
Err:          0
=======
Clk_summary:
   clock                         enable_cnt  prepare_cnt        rate   accuracy   phase
----------------------------------------------------------------------------------------
 dummy_ck                                 0            0           0          0 0  
 video2_m2_clkin_ck                       0            0           0          0 0  
    video2_dclk_div                       0            0           0          0 0  
 video2_clkin_ck                          0            0           0          0 0  
    video2_div_clk                        0            0           0          0 0  
    video2_clk2_div                       0            0           0          0 0  
 video1_m2_clkin_ck                       0            0           0          0 0  
    video1_dclk_div                       0            0           0          0 0  
 video1_clkin_ck                          0            0           0          0 0  
    video1_div_clk                        0            0           0          0 0  
    video1_clk2_div                       0            0           0          0 0  
 usb_otg_clkin_ck                         0            0           0          0 0  
    usb_otg_dclk_div                      0            0           0          0 0  
 sys_clkin2                               0            0    22579200          0 0  
    sys_clk2_dclk_div                     0            0    22579200          0 0  
 virt_38400000_ck                         0            0    38400000          0 0  
 virt_27000000_ck                         0            0    27000000          0 0  
 virt_26000000_ck                         0            0    26000000          0 0  
 virt_20000000_ck                         1            1    20000000          0 0  
    sys_clkin1                            8           15    20000000          0 0  
       wkupaon_iclk_mux                  11           13    20000000          0 0  
          l3instr_ts_gclk_div             0            0      625000          0 0  
       dpll_usb_ck                        1            1   960000000          0 0  
          dpll_usb_clkdcoldo              1            1   960000000          0 0  
             l3init_960m_gfclk            1            2   960000000          0 0  
                usb_otg_ss2_refclk960m           0            2   960000000          0 0  
                usb_otg_ss1_refclk960m           2            3   960000000          0 0  
          dpll_usb_m2_ck                  0            0   480000000          0 0  
             l3init_480m_dclk_div           0            0   480000000          0 0  
             l3init_60m_fclk              0            0    60000000          0 0  
       dpll_usb_byp_mux                   0            0    20000000          0 0  
       dpll_per_ck                        1            1   384000000          0 0  
          dpll_per_x2_ck                  1            3   768000000          0 0  
             dpll_per_m2x2_ck             1            5   192000000          0 0  
                mmc2_fclk_mux             0            1   192000000          0 0  
                   mmc2_fclk_div           0            1    96000000          0 0  
                mmc1_fclk_mux             0            1   192000000          0 0  
                   mmc1_fclk_div           0            1    96000000          0 0  
                func_96m_fclk             0            5    96000000          0 0  
                func_48m_fclk             2           18    48000000          0 0  
                   uart6_gfclk_mux           0            1    48000000          0 0  
                   uart10_gfclk_mux           0            1    48000000          [   26.394332] ata1: SATA link down (SStatus 1 SControl 310)
0 0  
                   uart9_gfclk_mux       [   26.404130] ata1: EH complete
    0            1    48000000          0 0  
 [   26.411423] ata1: exception Emask 0x10 SAct 0x0 SErr 0x4040000 action 0xe frozen
                  uart8_gfclk_mux           0   [   26.423350] ata1: irq_stat 0x00000040, connection status changed
         1    48000000          0 0  
         [   26.433828] ata1: SError: { CommWake DevExch }
          uart7_gfclk_mux           0           [   26.442663] ata1: limiting SATA link speed to 1.5 Gbps
 1    48000000          0 0  
                 [   26.452222] ata1: hard resetting link
  uart5_gfclk_mux           0            1    48000000          0 0  
                   uart4_gfclk_mux           0            1    48000000          0 0  
                   uart3_gfclk_mux           1            1    48000000          0 0  
                   uart2_gfclk_mux           0            1    48000000          0 0  
                   uart1_gfclk_mux           0            1    48000000          0 0  
                   mmc4_gfclk_mux           0            1    48000000          0 0  
                      mmc4_gfclk_div           0            1    48000000          0 0  
                   mmc3_gfclk_mux           0            1    48000000          0 0  
                      mmc3_gfclk_div           0            1    48000000          0 0  
                   dss_48mhz_clk           0            2    48000000          0 0  
                func_12m_fclk             0            1    12000000          0 0  
             dpll_per_h14x2_ck            0            0   384000000          0 0  
             dpll_per_h13x2_ck            0            0   192000000          0 0  
             dpll_per_h12x2_ck            0            1   192000000          0 0  
                dss_dss_clk               0            3   192000000          0 0  
             dpll_per_h11x2_ck            0            1   256000000          0 0  
                func_128m_clk             0            1   128000000          0 0  
                   qspi_gfclk_mux           0            1   128000000          0 0  
                      qspi_gfclk_div           0            1   128000000          0 0  
          dpll_per_m2_ck                  0            0    96000000          0 0  
             func_24m_clk                 0            0    24000000          0 0  
             func_96m_aon_dclk_div           0            0    96000000          0 0  
       dpll_per_byp_mux                   0            0    20000000          0 0  
       dpll_eve_byp_mux                   0            0    20000000          0 0  
          dpll_eve_ck                     0            0    20000000          0 0  
             dpll_eve_m2_ck               0            0    20000000          0 0  
                eve_clk                   0            0    20000000          0 0  
                eve_dclk_div              0            0    20000000          0 0  
       dpll_gmac_ck                       3            3  1000000000          0 0  
          dpll_gmac_x2_ck                 0            0  2000000000          0 0  
             dpll_gmac_m3x2_ck            0            0   200000000          0 0  
             dpll_gmac_h13x2_ck           0            0   200000000          0 0  
             dpll_gmac_h12x2_ck           0            0   250000000          0 0  
             dpll_gmac_h11x2_ck           0            0    50000000          0 0  
                gmii_m_clk_div            0            0    25000000          0 0  
          dpll_gmac_m2_ck                 0            0   250000000          0 0  
             gmac_250m_dclk_div           0            0   250000000          0 0  
             gmac_gmii_ref_clk_div           0            0   125000000          0 0  
       dpll_gmac_byp_mux                  0            0    20000000          0 0  
       dpll_ddr_ck                        0            0  1064000000          0 0  
          dpll_ddr_x2_ck                  0            0  2128000000          0 0  
             dpll_ddr_h11x2_ck            0            0   266000000          0 0  
          dpll_ddr_m2_ck                  0            0   532000000          0 0  
             emif_phy_dclk_div            0            0   532000000          0 0  
       dpll_ddr_byp_mux                   0            0    20000000          0 0  
       dpll_gpu_byp_mux                   0            0    20000000          0 0  
          dpll_gpu_ck                     0            0    20000000          0 0  
             dpll_gpu_m2_ck               0            0    20000000          0 0  
                gpu_dclk                  0            0    20000000          0 0  
       dpll_iva_byp_mux                   0            0    20000000          0 0  
          dpll_iva_ck                     0            0    20000000          0 0  
             dpll_iva_m2_ck               0            0    20000000          0 0  
                iva_dclk                  0            0    20000000          0 0  
       dpll_dsp_byp_mux                   0            0    20000000          0 0  
          dpll_dsp_ck                     0            0    20000000          0 0  
             dpll_dsp_x2_ck               0            0    20000000          0 0  
                dpll_dsp_m3x2_ck           0            0    20000000          0 0  
             dpll_dsp_m2_ck               0            0    20000000          0 0  
                dsp_gclk_div              0            0    20000000          0 0  
       dpll_mpu_ck                        1            1  1000000000          0 0  
          dpll_mpu_m2_ck                  1            1  1000000000          0 0  
             mpu_dclk_div                 0            0  1000000000          0 0  
       dpll_core_ck                       1            1  1064000000          0 0  
          dpll_core_m2_ck                 0            0   532000000          0 0  
             core_dpll_out_dclk_div           0            0   532000000          0 0  
          dpll_core_x2_ck                 2            3  2128000000          0 0  
             dpll_core_h24x2_ck           0            1   354666667          0 0  
             dpll_core_h23x2_ck           0            0   532000000          0 0  
             dpll_core_h22x2_ck           0            0   425600000          0 0  
             dpll_core_h14x2_ck           0            0   425600000          0 0  
                gpu_hyd_gclk_mux           0            0   425600000          0 0  
                gpu_core_gclk_mux           0            0   425600000          0 0  
             dpll_core_h13x2_ck           5            8    34322581          0 0  
             dpll_core_h12x2_ck           1            1   532000000          0 0  
                l3_iclk_div              99          111   266000000          0 0  
                   dss_deshdcp_clk           1            2   266000000          0 0  
                   vip3_gclk_mux           0            0   266000000          0 0  
                   vip2_gclk_mux           0            0   266000000          0 0  
                   vip1_gclk_mux           0            0   266000000          0 0  
                   gmac_rft_clk_mux           0            0   266000000          0 0  
                   atl_gfclk_mux           0            1   266000000          0 0  
                      atl_clkin3_ck           0            0   266000000          0 0  
                      atl_clkin2_ck           0            0   266000000          0 0  
                      atl_clkin1_ck           0            0   266000000          0 0  
                      atl_clkin0_ck           0            0   266000000          0 0  
                   l4_root_clk_div          17           19   133000000          0 0  
                      ehrpwm2_tbclk           0            0   133000000          0 0  
                      ehrpwm1_tbclk           0            0   133000000          0 0  
                      ehrpwm0_tbclk           0            0   133000000          0 0  
                eve_dpll_hs_clk_div           0            0   532000000          0 0  
                iva_dpll_hs_clk_div           0            0   532000000          0 0  
                dsp_dpll_hs_clk_div           0            0   532000000          0 0  
                mpu_dpll_hs_clk_div           0            0   532000000          0 0  
       dpll_core_byp_mux                  0            0    20000000          0 0  
       adc_gfclk_mux                      0            0    20000000          0 0  
       sata_ref_clk                       3            3    20000000          0 0  
       dpll_pcie_ref_ck                   0            0  1500000000          0 0  
          dpll_pcie_ref_m2_ck             0            0  1500000000          0 0  
             pcie2_dclk_div               0            0  1500000000          0 0  
          dpll_pcie_ref_m2ldo_ck           0            0   100000000          0 0  
             apll_pcie_in_clk_mux           0            0   100000000          0 0  
                apll_pcie_ck              0            0   100000000          0 0  
                   apll_pcie_m2_ck           0            0   100000000          0 0  
                      pcie_dclk_div           0            0   100000000          0 0  
                   apll_pcie_clkvcoldo_div           0            0   100000000          0 0  
                   apll_pcie_clkvcoldo           0            0   100000000          0 0  
                   optfclk_pciephy2_clk           0            0   100000000          0 0  
                   optfclk_pciephy1_clk           0            0   100000000          0 0  
                   optfclk_pciephy_div           0            0   100000000          0 0  
                      optfclk_pciephy2_div_clk           0            0   100000000          0 0  
                      optfclk_pciephy1_div_clk           0            0   100000000          0 0  
       sys_clk32_pseudo_ck                1            1       32786          0 0  
          sys_32k_ck                      3           19       32786          0 0  
             timer1_gfclk_mux             1            1       32786          0 0  
             gpio1_dbclk                  0            2       32786          0 0  
             atl_dpll_clk_mux             0            0       32786          0 0  
             usb_phy3_always_on_clk32k           1            1       32786          0 0  
             usb_phy2_always_on_clk32k           0            1       32786          0 0  
             usb_phy1_always_on_clk32k           1            1       32786          0 0  
             mmc4_clk32k                  0            1       32786          0 0  
             mmc3_clk32k                  0            1       32786          0 0  
             mmc2_clk32k                  0            1       32786          0 0  
             mmc1_clk32k                  0            1       32786          0 0  
             gpio8_dbclk                  0            2       32786          0 0  
             gpio7_dbclk                  0            2       32786          0 0  
             gpio6_dbclk                  0            2       32786          0 0  
             gpio5_dbclk                  0            2       32786          0 0  
             gpio4_dbclk                  0            2       32786          0 0  
             gpio3_dbclk                  0            2       32786          0 0  
             gpio2_dbclk                  0            2       32786          0 0  
             dss_32khz_clk                0            1       32786          0 0  
             optfclk_pciephy2_32khz           0            0       32786          0 0  
             optfclk_pciephy1_32khz           0            0       32786          0 0  
       dcan1_sys_clk_mux                  0            1    20000000          0 0  
       video2_dpll_clk_mux                0            1    20000000          0 0  
          dss_video2_clk                  0            1    20000000          0 0  
       video1_dpll_clk_mux                0            1    20000000          0 0  
          dss_video1_clk                  0            1    20000000          0 0  
       timer_sys_clk_div                  0           14    20000000          0 0  
          timer9_gfclk_mux                0            1    20000000          0 0  
          timer4_gfclk_mux                0            1    20000000          0 0  
          timer3_gfclk_mux                0            1    20000000          0 0  
          timer2_gfclk_mux                0            1    20000000          0 0  
          timer16_gfclk_mux               0            1    20000000          0 0  
          timer15_gfclk_mux               0            1    20000000          0 0  
          timer14_gfclk_mux               0            1    20000000          0 0  
          timer13_gfclk_mux               0            1    20000000          0 0  
          timer11_gfclk_mux               0            1    20000000          0 0  
          timer10_gfclk_mux               0            1    20000000          0 0  
          timer8_gfclk_mux                0            1    20000000          0 0  
          timer7_gfclk_mux                0            1    20000000          0 0  
          timer6_gfclk_mux                0            1    20000000          0 0  
          timer5_gfclk_mux                0            1    20000000          0 0  
       hdmi_dpll_clk_mux                  0            1    20000000          0 0  
          dss_hdmi_clk                    0            2    20000000          0 0  
       custefuse_sys_gfclk_div            0            0    10000000          0 0  
       emu_dclk_div                       0            0    20000000          0 0  
       sata_dclk_div                      0            0    20000000          0 0  
       sys_clk1_dclk_div                  0            0    20000000          0 0  
          clkoutmux2_clk_mux              0            0    20000000          0 0  
             clkout2_clk                  0            0    20000000          0 0  
          clkoutmux1_clk_mux              0            0    20000000          0 0  
          clkoutmux0_clk_mux              0            0    20000000          0 0  
       abe_sys_clk_div                    0            0    20000000          0 0  
       abe_dpll_sys_clk_mux               0            1    20000000          0 0  
          abe_dpll_clk_mux                0            0    20000000          0 0  
          abe_dpll_bypass_clk_mux           0            1    20000000          0 0  
             dpll_abe_ck                  0            2    20000000          0 0  
                dpll_abe_m2_ck            0            1    20000000          0 0  
                   per_abe_x1_gfclk2_div           0            8    20000000          0 0  
                      mcasp8_aux_gfclk_mux           0            1    20000000          0 0  
                      mcasp7_aux_gfclk_mux           0            1    20000000          0 0  
                      mcasp6_aux_gfclk_mux           0            1    20000000          0 0  
                      mcasp5_aux_gfclk_mux           0            1    20000000          0 0  
                      mcasp4_aux_gfclk_mux           0            1    20000000          0 0  
                      mcasp3_aux_gfclk_mux           0            1    20000000          0 0  
                      mcasp2_aux_gfclk_mux           0            1    20000000          0 0  
                      mcasp1_aux_gfclk_mux           0            1    20000000          0 0  
                   per_abe_x1_dclk_div           0            0    20000000          0 0  
                dpll_abe_x2_ck            0            1    20000000          0 0  
                   dpll_abe_m3x2_ck           0            0    20000000          0 0  
                      usb_dpll_hs_clk_div           0            0     6666666          0 0  
                      per_dpll_hs_clk_div           0            0    10000000          0 0  
                   dpll_abe_m2x2_ck           0            1    20000000          0 0  
                      abe_lp_clk_div           0            0     1250000          0 0  
                      abe_24m_fclk           0           10     2500000          0 0  
                         mcasp8_ahclkx_mux           0            1     2500000          0 0  
                         mcasp7_ahclkx_mux           0            1     2500000          0 0  
                         mcasp6_ahclkx_mux           0            1     2500000          0 0  
                         mcasp5_ahclkx_mux           0            1     2500000          0 0  
                         mcasp4_ahclkx_mux           0            1     2500000          0 0  
                         mcasp3_ahclkx_mux           0            1     2500000          0 0  
                         mcasp2_ahclkx_mux           0            1     2500000          0 0  
                         mcasp2_ahclkr_mux           0            1     2500000          0 0  
                         mcasp1_ahclkx_mux           0            1     2500000          0 0  
                         mcasp1_ahclkr_mux           0            1     2500000          0 0  
                      ipu1_gfclk_mux           0            0    20000000          0 0  
                      abe_clk             0            0    20000000          0 0  
                         aess_fclk           0            0    20000000          0 0  
                            abe_giclk_div           0            0    20000000          0 0  
 virt_19200000_ck                         0            0    19200000          0 0  
 virt_16800000_ck                         0            0    16800000          0 0  
 virt_13000000_ck                         0            0    13000000          0 0  
 virt_12000000_ck                         0            0    12000000          0 0  
 sys_clk32_crystal_ck                     0            0       32768          0 0  
 secure_32k_clk_src_ck                    0            1       32768          0 0  
    secure_32k_dclk_div                   0            0       32768          0 0  
 sdvenc_clkin_ck                          0            0           0          0 0  
 rmii_clk_ck                              0            0           0          0 0  
 ref_clkin3_ck                            0            0           0          0 0  
 ref_clkin2_ck                            0            0           0          0 0  
 ref_clkin1_ck                            0            0           0          0 0  
 ref_clkin0_ck                            0            0           0          0 0  
 pciesref_acs_clk_ck                      0            0   100000000          0 0  
 mlbp_clkin_ck                            0            0           0          0 0  
    mlbp_clk                              0            0           0          0 0  
 mlb_clkin_ck                             0            0           0          0 0  
    mlb_clk                               0            0           0          0 0  
 hdmi_clkin_ck                            0            0           0          0 0  
    hdmi_div_clk                          0            0           0          0 0  
    hdmi_clk2_div                         0            0           0          0 0  
    hdmi_dclk_div                         0            0           0          0 0  
=======
Available frequencies
1000000 1176000 
=======
===== ERR ==
/cpus/cpu@0 missing clock-frequency property
/cpus/cpu@1 missing clock-frequency property
omap_hwmod: epwmss0: no dt node
omap_hwmod: epwmss1: no dt node
omap_hwmod: epwmss2: no dt node
omap_voltage_late_init: Voltage driver support not added
ata1: exception Emask 0x10 SAct 0x0 SErr 0x4040000 action 0xe frozen
ata1: irq_stat 0x00000040, connection status changed
ata1: SError: { CommWake DevExch }
sd 1:0:0:0: [sda] No Caching mode page found
sd 1:0:0:0: [sda] Assuming drive cache: write through
ata1: exception Emask 0x10 SAct 0x0 SErr 0x4040000 action 0xe frozen
ata1: irq_stat 0x00000040, connection status changed
ata1: SError: { CommWake DevExch }
udevd[134]: starting version 182
ata1: exception Emask 0x10 SAct 0x0 SErr 0x4040000 action 0xe frozen
ata1: irq_stat 0x00000040, connection status changed
ata1: SError: { CommWake DevExch }
ata1: exception Emask 0x10 SAct 0x0 SErr 0x4040000 action 0xe frozen
ata1: irq_stat 0x00000040, connection status changed
ata1: SError: { CommWake DevExch }
ata1: exception Emask 0x10 SAct 0x0 SErr 0x4040000 action 0xe frozen
ata1: irq_stat 0x00000040, connection status changed
ata1: SError: { CommWake DevExch }
ata1: exception Emask 0x10 SAct 0x0 SErr 0x4040000 action 0xe frozen
ata1: irq_stat 0x00000040, connection status changed
ata1: SError: { CommWake DevExch }
ata1: exception Emask 0x10 SAct 0x0 SErr 0x4040000 action 0xe frozen
ata1: irq_stat 0x00000040, connection status changed
ata1: SError: { CommWake DevExch }
ata1: exception Emask 0x10 SAct 0x0 SErr 0x4040000 action 0xe frozen
ata1: irq_stat 0x00000040, connection status changed
ata1: SError: { CommWake DevExch }
ata1: exception Emask 0x10 SAct 0x0 SErr 0x4040000 action 0xe frozen
ata1: irq_stat 0x00000040, connection status changed
ata1: SError: { CommWake DevExch }
ata1: exception Emask 0x10 SAct 0x0 SErr 0x4040000 action 0xe frozen
ata1: irq_stat 0x00000040, connection status changed
ata1: SError: { CommWake DevExch }
=====
===== WARN ==
Forcing write-allocate cache policy for SMP
omap_hwmod: l3_main_2 using broken dt data from ocp
------------[ cut here ]------------
WARNING: CPU: 0 PID: 1 at arch/arm/mach-omap2/omap_hwmod.c:2497 _init+0x1f4/0x41c
omap_hwmod: epwmss0: doesn't have mpu register target base
Modules linked in:
CPU: 0 PID: 1 Comm: swapper/0 Not tainted 4.6.0-rc4-next-20160422-00002-g815453da9e87 #1
Hardware name: Generic DRA74X (Flattened Device Tree)
[<c040fa70>] (unwind_backtrace) from [<c040b12c>] (show_stack+0x10/0x14)
[<c040b12c>] (show_stack) from [<c068b3f4>] (dump_stack+0x98/0xac)
[<c068b3f4>] (dump_stack) from [<c0441d3c>] (__warn+0xe8/0x100)
[<c0441d3c>] (__warn) from [<c0441d8c>] (warn_slowpath_fmt+0x38/0x48)
[<c0441d8c>] (warn_slowpath_fmt) from [<c1414618>] (_init+0x1f4/0x41c)
[<c1414618>] (_init) from [<c0428434>] (omap_hwmod_for_each+0x38/0x60)
[<c0428434>] (omap_hwmod_for_each) from [<c1414ba4>] (__omap_hwmod_setup_all+0x28/0x40)
[<c1414ba4>] (__omap_hwmod_setup_all) from [<c0401e40>] (do_one_initcall+0x40/0x174)
[<c0401e40>] (do_one_initcall) from [<c1400dd4>] (kernel_init_freeable+0x15c/0x1fc)
[<c1400dd4>] (kernel_init_freeable) from [<c0c6c3d8>] (kernel_init+0x8/0x114)
[<c0c6c3d8>] (kernel_init) from [<c0407d28>] (ret_from_fork+0x14/0x2c)
---[ end trace 1fa3bbdf9727b3b1 ]---
------------[ cut here ]------------
WARNING: CPU: 0 PID: 1 at arch/arm/mach-omap2/omap_hwmod.c:2497 _init+0x1f4/0x41c
omap_hwmod: epwmss1: doesn't have mpu register target base
Modules linked in:
CPU: 0 PID: 1 Comm: swapper/0 Tainted: G        W       4.6.0-rc4-next-20160422-00002-g815453da9e87 #1
Hardware name: Generic DRA74X (Flattened Device Tree)
[<c040fa70>] (unwind_backtrace) from [<c040b12c>] (show_stack+0x10/0x14)
[<c040b12c>] (show_stack) from [<c068b3f4>] (dump_stack+0x98/0xac)
[<c068b3f4>] (dump_stack) from [<c0441d3c>] (__warn+0xe8/0x100)
[<c0441d3c>] (__warn) from [<c0441d8c>] (warn_slowpath_fmt+0x38/0x48)
[<c0441d8c>] (warn_slowpath_fmt) from [<c1414618>] (_init+0x1f4/0x41c)
[<c1414618>] (_init) from [<c0428434>] (omap_hwmod_for_each+0x38/0x60)
[<c0428434>] (omap_hwmod_for_each) from [<c1414ba4>] (__omap_hwmod_setup_all+0x28/0x40)
[<c1414ba4>] (__omap_hwmod_setup_all) from [<c0401e40>] (do_one_initcall+0x40/0x174)
[<c0401e40>] (do_one_initcall) from [<c1400dd4>] (kernel_init_freeable+0x15c/0x1fc)
[<c1400dd4>] (kernel_init_freeable) from [<c0c6c3d8>] (kernel_init+0x8/0x114)
[<c0c6c3d8>] (kernel_init) from [<c0407d28>] (ret_from_fork+0x14/0x2c)
---[ end trace 1fa3bbdf9727b3b2 ]---
------------[ cut here ]------------
WARNING: CPU: 0 PID: 1 at arch/arm/mach-omap2/omap_hwmod.c:2497 _init+0x1f4/0x41c
omap_hwmod: epwmss2: doesn't have mpu register target base
Modules linked in:
CPU: 0 PID: 1 Comm: swapper/0 Tainted: G        W       4.6.0-rc4-next-20160422-00002-g815453da9e87 #1
Hardware name: Generic DRA74X (Flattened Device Tree)
[<c040fa70>] (unwind_backtrace) from [<c040b12c>] (show_stack+0x10/0x14)
[<c040b12c>] (show_stack) from [<c068b3f4>] (dump_stack+0x98/0xac)
[<c068b3f4>] (dump_stack) from [<c0441d3c>] (__warn+0xe8/0x100)
[<c0441d3c>] (__warn) from [<c0441d8c>] (warn_slowpath_fmt+0x38/0x48)
[<c0441d8c>] (warn_slowpath_fmt) from [<c1414618>] (_init+0x1f4/0x41c)
[<c1414618>] (_init) from [<c0428434>] (omap_hwmod_for_each+0x38/0x60)
[<c0428434>] (omap_hwmod_for_each) from [<c1414ba4>] (__omap_hwmod_setup_all+0x28/0x40)
[<c1414ba4>] (__omap_hwmod_setup_all) from [<c0401e40>] (do_one_initcall+0x40/0x174)
[<c0401e40>] (do_one_initcall) from [<c1400dd4>] (kernel_init_freeable+0x15c/0x1fc)
[<c1400dd4>] (kernel_init_freeable) from [<c0c6c3d8>] (kernel_init+0x8/0x114)
[<c0c6c3d8>] (kernel_init) from [<c0407d28>] (ret_from_fork+0x14/0x2c)
