- 09:34:42 [INFO] Starting target session
- 09:34:42 [INFO] Connected to am57xx-evm via serial 
- 09:34:42 [INFO] Host: #check prompt
- 09:34:45 [ERROR] On command: #check prompt waiting for #check prompt.+?(?-mix:((?-mix:login:)|[Pp]assword)) >>> error: execution expired
- 09:34:45 [INFO] Target: 
- 09:34:45 [INFO] Host: #check prompt
- 09:34:47 [ERROR] On command: #check prompt waiting for #check prompt.+?(?-mix:[\w\d]+@.+[@:#]+) >>> error: execution expired
- 09:34:47 [INFO] Target: 
- 09:34:47 [INFO] Host: #check prompt
- 09:34:49 [ERROR] On command: #check prompt waiting for #check prompt.+?(?-mix:[\w\d]+@.+[@:#]+) >>> error: execution expired
- 09:34:49 [INFO] Target: 
- 09:34:49 [INFO] Host: #check prompt
- 09:34:51 [ERROR] On command: #check prompt waiting for #check prompt.+?(?-mix:[\w\d]+@.+[@:#]+) >>> error: execution expired
- 09:34:51 [INFO] Target: 
- 09:34:51 [INFO] Disconnected serial from am57xx-evm
- 09:34:56 [INFO] Connected to am57xx-evm via serial 
- 09:34:56 [INFO] Host: 
- 09:34:57 [INFO] Target: 
MMC:   OMAP SD/MMC: 0, OMAP SD/MMC: 1
reading uboot.env
SCSI:  SATA link 0 timeout.
AHCI 0001.0300 32 slots 1 ports 3 Gbps 0x1 impl SATA mode
flags: 64bit ncq stag pm led clo only pmp pio slum part ccc apst 
scanning bus for devices...
Found 0 device(s).
Net:   
Warning: ethernet@48484000 using MAC address from ROM
eth0: ethernet@48484000
Hit any key to stop autoboot:  2  0 
=>  
=>  
=>  
=>  
=>  
- 09:34:57 [INFO] Host: 
- 09:34:57 [INFO] Target: 
- 09:34:57 [INFO] Host: version
- 09:34:57 [INFO] Target: 
version
U-Boot 2016.05-00022-g64be216 (Jun 20 2016 - 11:36:12 -0500)
arm-linux-gnueabihf-gcc (Linaro GCC 5.3-2016.02) 5.3.1 20160113
GNU ld (GNU Binutils) 2.25.0 Linaro 2015_10
- 09:34:57 [INFO] Host: setenv bootargs 'console=ttyO2,115200n8  earlyprintk=serial,ttyO2,115200n8 rootwait '
- 09:34:57 [INFO] Target: 
setenv bootargs 'console=ttyO2,115200n8  earlyprintk=serial,ttyO2,115200n8 rootwait '
- 09:34:57 [INFO] Host: setenv bootcmd  ''
- 09:34:58 [INFO] Target: 
setenv bootcmd  ''
- 09:34:58 [INFO] Host: setenv autoload 'no'
- 09:34:58 [INFO] Target: 
setenv autoload 'no'
- 09:34:58 [INFO] Host: setenv serverip '192.168.0.1'
- 09:34:58 [INFO] Target: 
setenv serverip '192.168.0.1'
- 09:34:58 [INFO] Host: setenv _initramfs -
- 09:34:58 [INFO] Target: 
setenv _initramfs -
- 09:34:58 [INFO] Host: printenv
- 09:34:58 [INFO] Target: 
printenv
_initramfs=-
arch=arm
args_mmc=run finduuid;setenv bootargs console=${console} ${optargs} root=PARTUUID=${uuid} rw rootfstype=${mmcrootfstype}
autoload=no
baudrate=115200
board=am57xx
board_name=am57xx_evm
board_rev=A.20
board_serial=33154P550004
bootargs=console=ttyO2,115200n8  earlyprintk=serial,ttyO2,115200n8 rootwait 
bootcmd=
bootdelay=2
bootdir=/boot
bootenvfile=uEnv.txt
bootfile=zImage
bootm_size=0x10000000
bootpart=0:2
bootscript=echo Running bootscript from mmc${mmcdev} ...; source ${loadaddr}
console=ttyO2,115200n8
cpu=armv7
dofastboot=0
envboot=mmc dev ${mmcdev}; if mmc rescan; then echo SD/MMC found on device ${mmcdev};if run loadbootscript; then run bootscript;else if run loadbootenv; then echo Loaded env from ${bootenvfile};run importbootenv;fi;if test -n $uenvcmd; then echo Running uenvcmd ...;run uenvcmd;fi;fi;fi;
ethaddr=74:da:ea:08:38:a8
fdt_addr_r=0x88000000
fdtaddr=0x88000000
fdtcontroladdr=fef300f0
fdtfile=undefined
findfdt=if test $board_name = omap5_uevm; then setenv fdtfile omap5-uevm.dtb; fi; if test $board_name = dra7xx; then setenv fdtfile dra7-evm.dtb; fi;if test $board_name = dra72x-revc; then setenv fdtfile dra72-evm-revc.dtb; fi;if test $board_name = dra72x; then setenv fdtfile dra72-evm.dtb; fi;if test $board_name = beagle_x15; then setenv fdtfile am57xx-beagle-x15.dtb; fi;if test $board_name = beagle_x15_revb1; then setenv fdtfile am57xx-beagle-x15-revb1.dtb; fi;if test $board_name = am57xx_evm; then setenv fdtfile am57xx-evm.dtb; fi;if test $board_name = am57xx_evm_reva3; then setenv fdtfile am57xx-evm-reva3.dtb; fi;if test $board_name = am572x_idk; then setenv fdtfile am572x-idk.dtb; fi;if test $board_name = am571x_idk; then setenv fdtfile am571x-idk.dtb; fi;if test $fdtfile = undefined; then echo WARNING: Could not determine device tree to use; fi; 
finduuid=part uuid mmc 0:2 uuid
importbootenv=echo Importing environment from mmc${mmcdev} ...; env import -t ${loadaddr} ${filesize}
kernel_addr_r=0x82000000
loadaddr=0x82000000
loadbootenv=fatload mmc ${mmcdev} ${loadaddr} ${bootenvfile}
loadbootscript=fatload mmc ${mmcdev} ${loadaddr} boot.scr
loadfdt=load mmc ${bootpart} ${fdtaddr} ${bootdir}/${fdtfile};
loadimage=load mmc ${bootpart} ${loadaddr} ${bootdir}/${bootfile}
mmcboot=mmc dev ${mmcdev}; if mmc rescan; then echo SD/MMC found on device ${mmcdev};if run loadimage; then run loadfdt; echo Booting from mmc${mmcdev} ...; run args_mmc; bootz ${loadaddr} - ${fdtaddr}; fi;fi;
mmcdev=0
mmcrootfstype=ext4 rootwait
netargs=setenv bootargs console=${console} ${optargs} root=/dev/nfs nfsroot=${serverip}:${rootpath},${nfsopts} rw ip=dhcp
netboot=echo Booting from network ...; setenv autoload no; dhcp; run netloadimage; run netloadfdt; run netargs; bootz ${loadaddr} - ${fdtaddr}
netloadfdt=tftp ${fdtaddr} ${fdtfile}
netloadimage=tftp ${loadaddr} ${bootfile}
nfsopts=nolock
partitions=uuid_disk=${uuid_gpt_disk};name=rootfs,start=2MiB,size=-,uuid=${uuid_gpt_rootfs}
pxefile_addr_r=0x80100000
ramdisk_addr_r=0x88080000
rdaddr=0x88080000
rootpath=/export/rootfs
scriptaddr=0x80000000
scsidevs=0
serverip=192.168.0.1
soc=omap5
static_ip=${ipaddr}:${serverip}:${gatewayip}:${netmask}:${hostname}::off
stderr=serial@48020000
stdin=serial@48020000
stdout=serial@48020000
usbtty=cdc_acm
vendor=ti
ver=U-Boot 2016.05-00022-g64be216 (Jun 20 2016 - 11:36:12 -0500)
vram=16M
Environment size: 3463/65532 bytes
- 09:34:58 [INFO] Host: printenv
- 09:34:59 [INFO] Target: 
printenv
_initramfs=-
arch=arm
args_mmc=run finduuid;setenv bootargs console=${console} ${optargs} root=PARTUUID=${uuid} rw rootfstype=${mmcrootfstype}
autoload=no
baudrate=115200
board=am57xx
board_name=am57xx_evm
board_rev=A.20
board_serial=33154P550004
bootargs=console=ttyO2,115200n8  earlyprintk=serial,ttyO2,115200n8 rootwait 
bootcmd=
bootdelay=2
bootdir=/boot
bootenvfile=uEnv.txt
bootfile=zImage
bootm_size=0x10000000
bootpart=0:2
bootscript=echo Running bootscript from mmc${mmcdev} ...; source ${loadaddr}
console=ttyO2,115200n8
cpu=armv7
dofastboot=0
envboot=mmc dev ${mmcdev}; if mmc rescan; then echo SD/MMC found on device ${mmcdev};if run loadbootscript; then run bootscript;else if run loadbootenv; then echo Loaded env from ${bootenvfile};run importbootenv;fi;if test -n $uenvcmd; then echo Running uenvcmd ...;run uenvcmd;fi;fi;fi;
ethaddr=74:da:ea:08:38:a8
fdt_addr_r=0x88000000
fdtaddr=0x88000000
fdtcontroladdr=fef300f0
fdtfile=undefined
findfdt=if test $board_name = omap5_uevm; then setenv fdtfile omap5-uevm.dtb; fi; if test $board_name = dra7xx; then setenv fdtfile dra7-evm.dtb; fi;if test $board_name = dra72x-revc; then setenv fdtfile dra72-evm-revc.dtb; fi;if test $board_name = dra72x; then setenv fdtfile dra72-evm.dtb; fi;if test $board_name = beagle_x15; then setenv fdtfile am57xx-beagle-x15.dtb; fi;if test $board_name = beagle_x15_revb1; then setenv fdtfile am57xx-beagle-x15-revb1.dtb; fi;if test $board_name = am57xx_evm; then setenv fdtfile am57xx-evm.dtb; fi;if test $board_name = am57xx_evm_reva3; then setenv fdtfile am57xx-evm-reva3.dtb; fi;if test $board_name = am572x_idk; then setenv fdtfile am572x-idk.dtb; fi;if test $board_name = am571x_idk; then setenv fdtfile am571x-idk.dtb; fi;if test $fdtfile = undefined; then echo WARNING: Could not determine device tree to use; fi; 
finduuid=part uuid mmc 0:2 uuid
importbootenv=echo Importing environment from mmc${mmcdev} ...; env import -t ${loadaddr} ${filesize}
kernel_addr_r=0x82000000
loadaddr=0x82000000
loadbootenv=fatload mmc ${mmcdev} ${loadaddr} ${bootenvfile}
loadbootscript=fatload mmc ${mmcdev} ${loadaddr} boot.scr
loadfdt=load mmc ${bootpart} ${fdtaddr} ${bootdir}/${fdtfile};
loadimage=load mmc ${bootpart} ${loadaddr} ${bootdir}/${bootfile}
mmcboot=mmc dev ${mmcdev}; if mmc rescan; then echo SD/MMC found on device ${mmcdev};if run loadimage; then run loadfdt; echo Booting from mmc${mmcdev} ...; run args_mmc; bootz ${loadaddr} - ${fdtaddr}; fi;fi;
mmcdev=0
mmcrootfstype=ext4 rootwait
netargs=setenv bootargs console=${console} ${optargs} root=/dev/nfs nfsroot=${serverip}:${rootpath},${nfsopts} rw ip=dhcp
netboot=echo Booting from network ...; setenv autoload no; dhcp; run netloadimage; run netloadfdt; run netargs; bootz ${loadaddr} - ${fdtaddr}
netloadfdt=tftp ${fdtaddr} ${fdtfile}
netloadimage=tftp ${loadaddr} ${bootfile}
nfsopts=nolock
partitions=uuid_disk=${uuid_gpt_disk};name=rootfs,start=2MiB,size=-,uuid=${uuid_gpt_rootfs}
pxefile_addr_r=0x80100000
ramdisk_addr_r=0x88080000
rdaddr=0x88080000
rootpath=/export/rootfs
scriptaddr=0x80000000
scsidevs=0
serverip=192.168.0.1
soc=omap5
static_ip=${ipaddr}:${serverip}:${gatewayip}:${netmask}:${hostname}::off
stderr=serial@48020000
stdin=serial@48020000
stdout=serial@48020000
usbtty=cdc_acm
vendor=ti
ver=U-Boot 2016.05-00022-g64be216 (Jun 20 2016 - 11:36:12 -0500)
vram=16M
Environment size: 3463/65532 bytes
- 09:34:59 [INFO] Host: setenv bootargs ''${bootargs}' ip=:::::eth0:dhcp '
- 09:34:59 [INFO] Target: 
setenv bootargs ''${bootargs}' ip=:::::eth0:dhcp '
- 09:34:59 [INFO] Host: setenv serverip '192.168.0.1'
- 09:34:59 [INFO] Target: 
setenv serverip '192.168.0.1'
- 09:34:59 [INFO] Host: setenv autoload 'no'
- 09:34:59 [INFO] Target: 
setenv autoload 'no'
- 09:34:59 [INFO] Host: dhcp
- 09:35:06 [INFO] Target: 
dhcp
ethernet@48484000 Waiting for PHY auto negotiation to complete.......... done
link up on port 0, speed 1000, full duplex
BOOTP broadcast 1
BOOTP broadcast 2
BOOTP broadcast 3
DHCP client bound to address 192.168.0.157 (1042 ms)
- 09:35:06 [INFO] Host: tftp ${loadaddr} 192.168.0.1:vatf_am57xx-evm1/1635e7178516eaef0f07b1e6112da2a8
- 09:35:07 [INFO] Target: 
tftp ${loadaddr} 192.168.0.1:vatf_am57xx-evm1/1635e7178516eaef0f07b1e6112da2a8
link up on port 0, speed 1000, full duplex
Using ethernet@48484000 device
TFTP from server 192.168.0.1; our IP address is 192.168.0.157
Filename 'vatf_am57xx-evm1/1635e7178516eaef0f07b1e6112da2a8'.
Load address: 0x82000000
Loading: *#################################################################
	 #################################################################
	 #################################################################
	 #################################################################
	 #################################################################
	 #################################################################
	 #################################################################
	 ############################
	 9.3 MiB/s
done
Bytes transferred = 7085448 (6c1d88 hex)
- 09:35:07 [INFO] Host: tftp ${fdt_addr_r} 192.168.0.1:vatf_am57xx-evm1/6a335f893e1ed77a658415e45f901346
- 09:35:07 [INFO] Target: 
tftp ${fdt_addr_r} 192.168.0.1:vatf_am57xx-evm1/6a335f893e1ed77a658415e45f901346
link up on port 0, speed 1000, full duplex
Using ethernet@48484000 device
TFTP from server 192.168.0.1; our IP address is 192.168.0.157
Filename 'vatf_am57xx-evm1/6a335f893e1ed77a658415e45f901346'.
Load address: 0x88000000
Loading: *#######
	 7.7 MiB/s
done
Bytes transferred = 89104 (15c10 hex)
- 09:35:07 [INFO] Host: ls mmc 0:1
- 09:35:07 [INFO] Target: 
ls mmc 0:1
    68656   mlo 
   578976   u-boot.img 
        4   ws-calibrate.rules 
        0   pointercal 
       33   primary_bootloader.md5 
       33   fs.md5 
    65536   uboot.env 
7 file(s), 0 dir(s)
- 09:35:07 [INFO] Host: ls mmc 0:2
- 09:35:07 [INFO] Target: 
ls mmc 0:2
<DIR>       4096 .
<DIR>       4096 ..
<DIR>       4096 srv
<DIR>       4096 home
<DIR>       4096 media
<DIR>       4096 var
<DIR>       4096 sys
<DIR>       4096 boot
<DIR>       4096 dev
<DIR>       4096 usr
<DIR>       4096 bin
<DIR>       4096 mnt
<DIR>       4096 etc
<DIR>       4096 sbin
<SYM>          8 tmp
<DIR>       4096 proc
<DIR>       4096 run
<DIR>       4096 lib
<DIR>       4096 test
- 09:35:07 [INFO] Host: part uuid mmc 0:2
- 09:35:07 [INFO] Target: 
part uuid mmc 0:2
00000000-02
- 09:35:07 [INFO] Host: printenv
- 09:35:08 [INFO] Target: 
printenv
_initramfs=-
arch=arm
args_mmc=run finduuid;setenv bootargs console=${console} ${optargs} root=PARTUUID=${uuid} rw rootfstype=${mmcrootfstype}
autoload=no
baudrate=115200
board=am57xx
board_name=am57xx_evm
board_rev=A.20
board_serial=33154P550004
bootargs=console=ttyO2,115200n8  earlyprintk=serial,ttyO2,115200n8 rootwait  ip=:::::eth0:dhcp 
bootcmd=
bootdelay=2
bootdir=/boot
bootenvfile=uEnv.txt
bootfile=zImage
bootm_size=0x10000000
bootpart=0:2
bootscript=echo Running bootscript from mmc${mmcdev} ...; source ${loadaddr}
console=ttyO2,115200n8
cpu=armv7
dnsip=192.0.2.2
dnsip2=192.0.2.3
dofastboot=0
envboot=mmc dev ${mmcdev}; if mmc rescan; then echo SD/MMC found on device ${mmcdev};if run loadbootscript; then run bootscript;else if run loadbootenv; then echo Loaded env from ${bootenvfile};run importbootenv;fi;if test -n $uenvcmd; then echo Running uenvcmd ...;run uenvcmd;fi;fi;fi;
ethact=ethernet@48484000
ethaddr=74:da:ea:08:38:a8
fdt_addr_r=0x88000000
fdtaddr=0x88000000
fdtcontroladdr=fef300f0
fdtfile=undefined
fileaddr=88000000
filesize=15c10
findfdt=if test $board_name = omap5_uevm; then setenv fdtfile omap5-uevm.dtb; fi; if test $board_name = dra7xx; then setenv fdtfile dra7-evm.dtb; fi;if test $board_name = dra72x-revc; then setenv fdtfile dra72-evm-revc.dtb; fi;if test $board_name = dra72x; then setenv fdtfile dra72-evm.dtb; fi;if test $board_name = beagle_x15; then setenv fdtfile am57xx-beagle-x15.dtb; fi;if test $board_name = beagle_x15_revb1; then setenv fdtfile am57xx-beagle-x15-revb1.dtb; fi;if test $board_name = am57xx_evm; then setenv fdtfile am57xx-evm.dtb; fi;if test $board_name = am57xx_evm_reva3; then setenv fdtfile am57xx-evm-reva3.dtb; fi;if test $board_name = am572x_idk; then setenv fdtfile am572x-idk.dtb; fi;if test $board_name = am571x_idk; then setenv fdtfile am571x-idk.dtb; fi;if test $fdtfile = undefined; then echo WARNING: Could not determine device tree to use; fi; 
finduuid=part uuid mmc 0:2 uuid
gatewayip=192.168.0.1
importbootenv=echo Importing environment from mmc${mmcdev} ...; env import -t ${loadaddr} ${filesize}
ipaddr=192.168.0.157
kernel_addr_r=0x82000000
loadaddr=0x82000000
loadbootenv=fatload mmc ${mmcdev} ${loadaddr} ${bootenvfile}
loadbootscript=fatload mmc ${mmcdev} ${loadaddr} boot.scr
loadfdt=load mmc ${bootpart} ${fdtaddr} ${bootdir}/${fdtfile};
loadimage=load mmc ${bootpart} ${loadaddr} ${bootdir}/${bootfile}
mmcboot=mmc dev ${mmcdev}; if mmc rescan; then echo SD/MMC found on device ${mmcdev};if run loadimage; then run loadfdt; echo Booting from mmc${mmcdev} ...; run args_mmc; bootz ${loadaddr} - ${fdtaddr}; fi;fi;
mmcdev=0
mmcrootfstype=ext4 rootwait
netargs=setenv bootargs console=${console} ${optargs} root=/dev/nfs nfsroot=${serverip}:${rootpath},${nfsopts} rw ip=dhcp
netboot=echo Booting from network ...; setenv autoload no; dhcp; run netloadimage; run netloadfdt; run netargs; bootz ${loadaddr} - ${fdtaddr}
netloadfdt=tftp ${fdtaddr} ${fdtfile}
netloadimage=tftp ${loadaddr} ${bootfile}
netmask=255.255.255.0
nfsopts=nolock
partitions=uuid_disk=${uuid_gpt_disk};name=rootfs,start=2MiB,size=-,uuid=${uuid_gpt_rootfs}
pxefile_addr_r=0x80100000
ramdisk_addr_r=0x88080000
rdaddr=0x88080000
rootpath=/export/rootfs
scriptaddr=0x80000000
scsidevs=0
serverip=192.168.0.1
soc=omap5
static_ip=${ipaddr}:${serverip}:${gatewayip}:${netmask}:${hostname}::off
stderr=serial@48020000
stdin=serial@48020000
stdout=serial@48020000
usbtty=cdc_acm
vendor=ti
ver=U-Boot 2016.05-00022-g64be216 (Jun 20 2016 - 11:36:12 -0500)
vram=16M
Environment size: 3654/65532 bytes
- 09:35:08 [INFO] Host: setenv bootargs ''${bootargs}' root=PARTUUID=00000000-02 rw rootfstype=ext4 rootwait '
- 09:35:08 [INFO] Target: 
setenv bootargs ''${bootargs}' root=PARTUUID=00000000-02 rw rootfstype=ext4 rootwait '
- 09:35:08 [INFO] Host: printenv
- 09:35:08 [INFO] Target: 
printenv
_initramfs=-
arch=arm
args_mmc=run finduuid;setenv bootargs console=${console} ${optargs} root=PARTUUID=${uuid} rw rootfstype=${mmcrootfstype}
autoload=no
baudrate=115200
board=am57xx
board_name=am57xx_evm
board_rev=A.20
board_serial=33154P550004
bootargs=console=ttyO2,115200n8  earlyprintk=serial,ttyO2,115200n8 rootwait  ip=:::::eth0:dhcp  root=PARTUUID=00000000-02 rw rootfstype=ext4 rootwait 
bootcmd=
bootdelay=2
bootdir=/boot
bootenvfile=uEnv.txt
bootfile=zImage
bootm_size=0x10000000
bootpart=0:2
bootscript=echo Running bootscript from mmc${mmcdev} ...; source ${loadaddr}
console=ttyO2,115200n8
cpu=armv7
dnsip=192.0.2.2
dnsip2=192.0.2.3
dofastboot=0
envboot=mmc dev ${mmcdev}; if mmc rescan; then echo SD/MMC found on device ${mmcdev};if run loadbootscript; then run bootscript;else if run loadbootenv; then echo Loaded env from ${bootenvfile};run importbootenv;fi;if test -n $uenvcmd; then echo Running uenvcmd ...;run uenvcmd;fi;fi;fi;
ethact=ethernet@48484000
ethaddr=74:da:ea:08:38:a8
fdt_addr_r=0x88000000
fdtaddr=0x88000000
fdtcontroladdr=fef300f0
fdtfile=undefined
fileaddr=88000000
filesize=15c10
findfdt=if test $board_name = omap5_uevm; then setenv fdtfile omap5-uevm.dtb; fi; if test $board_name = dra7xx; then setenv fdtfile dra7-evm.dtb; fi;if test $board_name = dra72x-revc; then setenv fdtfile dra72-evm-revc.dtb; fi;if test $board_name = dra72x; then setenv fdtfile dra72-evm.dtb; fi;if test $board_name = beagle_x15; then setenv fdtfile am57xx-beagle-x15.dtb; fi;if test $board_name = beagle_x15_revb1; then setenv fdtfile am57xx-beagle-x15-revb1.dtb; fi;if test $board_name = am57xx_evm; then setenv fdtfile am57xx-evm.dtb; fi;if test $board_name = am57xx_evm_reva3; then setenv fdtfile am57xx-evm-reva3.dtb; fi;if test $board_name = am572x_idk; then setenv fdtfile am572x-idk.dtb; fi;if test $board_name = am571x_idk; then setenv fdtfile am571x-idk.dtb; fi;if test $fdtfile = undefined; then echo WARNING: Could not determine device tree to use; fi; 
finduuid=part uuid mmc 0:2 uuid
gatewayip=192.168.0.1
importbootenv=echo Importing environment from mmc${mmcdev} ...; env import -t ${loadaddr} ${filesize}
ipaddr=192.168.0.157
kernel_addr_r=0x82000000
loadaddr=0x82000000
loadbootenv=fatload mmc ${mmcdev} ${loadaddr} ${bootenvfile}
loadbootscript=fatload mmc ${mmcdev} ${loadaddr} boot.scr
loadfdt=load mmc ${bootpart} ${fdtaddr} ${bootdir}/${fdtfile};
loadimage=load mmc ${bootpart} ${loadaddr} ${bootdir}/${bootfile}
mmcboot=mmc dev ${mmcdev}; if mmc rescan; then echo SD/MMC found on device ${mmcdev};if run loadimage; then run loadfdt; echo Booting from mmc${mmcdev} ...; run args_mmc; bootz ${loadaddr} - ${fdtaddr}; fi;fi;
mmcdev=0
mmcrootfstype=ext4 rootwait
netargs=setenv bootargs console=${console} ${optargs} root=/dev/nfs nfsroot=${serverip}:${rootpath},${nfsopts} rw ip=dhcp
netboot=echo Booting from network ...; setenv autoload no; dhcp; run netloadimage; run netloadfdt; run netargs; bootz ${loadaddr} - ${fdtaddr}
netloadfdt=tftp ${fdtaddr} ${fdtfile}
netloadimage=tftp ${loadaddr} ${bootfile}
netmask=255.255.255.0
nfsopts=nolock
partitions=uuid_disk=${uuid_gpt_disk};name=rootfs,start=2MiB,size=-,uuid=${uuid_gpt_rootfs}
pxefile_addr_r=0x80100000
ramdisk_addr_r=0x88080000
rdaddr=0x88080000
rootpath=/export/rootfs
scriptaddr=0x80000000
scsidevs=0
serverip=192.168.0.1
soc=omap5
static_ip=${ipaddr}:${serverip}:${gatewayip}:${netmask}:${hostname}::off
stderr=serial@48020000
stdin=serial@48020000
stdout=serial@48020000
usbtty=cdc_acm
vendor=ti
ver=U-Boot 2016.05-00022-g64be216 (Jun 20 2016 - 11:36:12 -0500)
vram=16M
Environment size: 3709/65532 bytes
- 09:35:08 [INFO] Host: setenv bootcmd ''${bootcmd}' if iminfo ${loadaddr}; then bootm ${loadaddr} ${_initramfs} ${fdt_addr_r}; else bootz ${loadaddr} ${_initramfs} ${fdt_addr_r}; bootm ${loadaddr} ${_initramfs} ${fdt_addr_r}; fi'
- 09:35:08 [INFO] Target: 
setenv bootcmd ''${bootcmd}' if iminfo ${loadaddr}; then bootm ${loadaddr} ${_initramfs} ${fdt_addr_r}; else bootz ${loadaddr} ${_initramfs} ${fdt_addr_r}; bootm ${loadaddr} ${_initramfs} ${fdt_addr_r}; fi'
- 09:35:08 [INFO] Host: version
- 09:35:08 [INFO] Target: 
version
U-Boot 2016.05-00022-g64be216 (Jun 20 2016 - 11:36:12 -0500)
arm-linux-gnueabihf-gcc (Linaro GCC 5.3-2016.02) 5.3.1 20160113
GNU ld (GNU Binutils) 2.25.0 Linaro 2015_10
- 09:35:08 [INFO] Host: bdinfo
- 09:35:08 [INFO] Target: 
bdinfo
arch_number = 0x00000000
boot_params = 0x80000100
DRAM bank   = 0x00000000
-> start    = 0x80000000
-> size     = 0x80000000
DRAM bank   = 0x00000001
-> start    = 0x00000000
-> size     = 0x00000000
baudrate    = 115200 bps
TLB addr    = 0xFFFF0000
relocaddr   = 0xFFF54000
reloc off   = 0x7F754000
irq_sp      = 0xFEF300E0
sp start    = 0xFEF300D0
- 09:35:08 [INFO] Host: mmc rescan; echo $?
- 09:35:09 [INFO] Target: 
mmc rescan; echo $?
- 09:35:09 [INFO] Host: fatwrite mmc ${mmcdev}:1 ${loadaddr} ws-calibrate.rules 4
- 09:35:09 [INFO] Target: 
fatwrite mmc ${mmcdev}:1 ${loadaddr} ws-calibrate.rules 4
writing ws-calibrate.rules
4 bytes written
- 09:35:09 [INFO] Host: boot
- 09:38:39 [ERROR] On command: boot waiting for boot.+?(?-mix:login:) >>> error: execution expired
- 09:38:39 [INFO] Target: 
boot
## Checking Image at 82000000 ...
Unknown image format!
Kernel image @ 0x82000000 [ 0x000000 - 0x6c1d88 ]
## Flattened Device Tree blob at 88000000
   Booting using the fdt blob at 0x88000000
   Loading Device Tree to 8ffe7000, end 8ffffc0f ... OK
Starting kernel ...
[    0.000000] Booting Linux on physical CPU 0x0
[    0.000000] Linux version 4.7.0-rc4-next-20160623-00002-gf4b2d80a12d6 (nmenon@horus) (gcc version 4.9.3 20150413 (prerelease) (Linaro GCC 4.9-2015.05) ) #1 SMP Thu Jun 23 08:37:23 CDT 2016
[    0.000000] CPU: ARMv7 Processor [412fc0f2] revision 2 (ARMv7), cr=30c5387d
[    0.000000] CPU: div instructions available: patching division code
[    0.000000] CPU: PIPT / VIPT nonaliasing data cache, PIPT instruction cache
[    0.000000] Machine model: TI AM5728 BeagleBoard-X15
[    0.000000] cma: Reserved 64 MiB at 0x00000000fb800000
[    0.000000] Forcing write-allocate cache policy for SMP
[    0.000000] Memory policy: Data cache writealloc
[    0.000000] OMAP4: Map 0x00000000ffd00000 to fe600000 for dram barrier
[    0.000000] DRA752 ES1.1
[    0.000000] percpu: Embedded 14 pages/cpu @eef85000 s25984 r8192 d23168 u57344
[    0.000000] Built 1 zonelists in Zone order, mobility grouping on.  Total pages: 521984
[    0.000000] Kernel command line: console=ttyO2,115200n8  earlyprintk=serial,ttyO2,115200n8 rootwait  ip=:::::eth0:dhcp  root=PARTUUID=00000000-02 rw rootfstype=ext4 rootwait 
[    0.000000] PID hash table entries: 4096 (order: 2, 16384 bytes)
[    0.000000] Dentry cache hash table entries: 131072 (order: 7, 524288 bytes)
[    0.000000] Inode-cache hash table entries: 65536 (order: 6, 262144 bytes)
[    0.000000] Memory: 1990916K/2094080K available (10496K kernel code, 1081K rwdata, 4344K rodata, 2048K init, 347K bss, 37628K reserved, 65536K cma-reserved, 1242112K highmem)
[    0.000000] Virtual kernel memory layout:
[    0.000000]     vector  : 0xffff0000 - 0xffff1000   (   4 kB)
[    0.000000]     fixmap  : 0xffc00000 - 0xfff00000   (3072 kB)
[    0.000000]     vmalloc : 0xf0800000 - 0xff800000   ( 240 MB)
[    0.000000]     lowmem  : 0xc0000000 - 0xf0000000   ( 768 MB)
[    0.000000]     pkmap   : 0xbfe00000 - 0xc0000000   (   2 MB)
[    0.000000]     modules : 0xbf000000 - 0xbfe00000   (  14 MB)
[    0.000000]       .text : 0xc0208000 - 0xc127e384   (16857 kB)
[    0.000000]       .init : 0xc1400000 - 0xc1600000   (2048 kB)
[    0.000000]       .data : 0xc1600000 - 0xc170e520   (1082 kB)
[    0.000000]        .bss : 0xc1710000 - 0xc1766d88   ( 348 kB)
[    0.000000] SLUB: HWalign=64, Order=0-3, MinObjects=0, CPUs=2, Nodes=1
[    0.000000] Hierarchical RCU implementation.
[    0.000000] 	Build-time adjustment of leaf fanout to 32.
[    0.000000] 	RCU restricting CPUs from NR_CPUS=16 to nr_cpu_ids=2.
[    0.000000] RCU: Adjusting geometry for rcu_fanout_leaf=32, nr_cpu_ids=2
[    0.000000] NR_IRQS:16 nr_irqs:16 16
[    0.000000] OMAP clockevent source: timer1 at 32786 Hz
[    0.000000] Architected cp15 timer(s) running at 6.14MHz (virt).
[    0.000000] clocksource: arch_sys_counter: mask: 0xffffffffffffff max_cycles: 0x16af5adb9, max_idle_ns: 440795202250 ns
[    0.000004] sched_clock: 56 bits at 6MHz, resolution 162ns, wraps every 4398046511023ns
[    0.000014] Switching to timer-based delay loop, resolution 162ns
[    0.003310] clocksource: 32k_counter: mask: 0xffffffff max_cycles: 0xffffffff, max_idle_ns: 58327039986419 ns
[    0.003317] OMAP clocksource: 32k_counter at 32768 Hz
[    0.006343] Console: colour dummy device 80x30
[    0.006363] Calibrating delay loop (skipped), value calculated using timer frequency.. 12.29 BogoMIPS (lpj=30737)
[    0.006375] pid_max: default: 32768 minimum: 301
[    0.006447] Mount-cache hash table entries: 2048 (order: 1, 8192 bytes)
[    0.006456] Mountpoint-cache hash table entries: 2048 (order: 1, 8192 bytes)
[    0.006930] CPU: Testing write buffer coherency: ok
[    0.007079] /cpus/cpu@0 missing clock-frequency property
[    0.007092] /cpus/cpu@1 missing clock-frequency property
[    0.007101] CPU0: thread -1, cpu 0, socket 0, mpidr 80000000
[    0.007114] Setting up static identity map for 0x80400000 - 0x80400170
[    0.012374] CPU1: thread -1, cpu 1, socket 0, mpidr 80000001
[    0.012450] Brought up 2 CPUs
[    0.012460] SMP: Total of 2 processors activated (24.58 BogoMIPS).
[    0.012466] CPU: All CPU(s) started in SVC mode.
[    0.012812] devtmpfs: initialized
[    0.031910] VFP support v0.3: implementor 41 architecture 4 part 30 variant f rev 0
[    0.032308] clocksource: jiffies: mask: 0xffffffff max_cycles: 0xffffffff, max_idle_ns: 9556302231375000 ns
[    0.033323] pinctrl core: initialized pinctrl subsystem
[    0.034832] NET: Registered protocol family 16
[    0.036247] DMA: preallocated 256 KiB pool for atomic coherent allocations
[    0.037351] omap_hwmod: l3_main_2 using broken dt data from ocp
[    0.196887] cpuidle: using governor menu
[    0.204912] OMAP GPIO hardware version 0.1
[    0.211025] irq: no irq domain found for /ocp/l4@4a000000/scm@2000/pinmux@1400 !
[    0.221875] platform 4b500000.aes: Cannot lookup hwmod 'aes1'
[    0.222128] platform 4b700000.aes: Cannot lookup hwmod 'aes2'
[    0.222380] platform 480a5000.des: Cannot lookup hwmod 'des'
[    0.222637] platform 4b101000.sham: Cannot lookup hwmod 'sham'
[    0.222883] platform 48090000.rng: Cannot lookup hwmod 'rng'
[    0.226021] No ATAGs?
[    0.226040] hw-breakpoint: found 5 (+1 reserved) breakpoint and 4 watchpoint registers.
[    0.226048] hw-breakpoint: maximum watchpoint size is 8 bytes.
[    0.227065] omap4_sram_init:Unable to allocate sram needed to handle errata I688
[    0.227072] omap4_sram_init:Unable to get sram pool needed to handle errata I688
[    0.227300] OMAP DMA hardware revision 0.0
[    0.232294] Serial: AMBA PL011 UART driver
[    0.257182] omap-dma-engine 4a056000.dma-controller: OMAP DMA engine driver
[    0.258852] edma 43300000.edma: memcpy is disabled
[    0.262838] edma 43300000.edma: TI EDMA DMA engine driver
[    0.266792] vgaarb: loaded
[    0.267411] SCSI subsystem initialized
[    0.267731] usbcore: registered new interface driver usbfs
[    0.267778] usbcore: registered new interface driver hub
[    0.267819] usbcore: registered new device driver usb
[    0.268409] omap_i2c 48070000.i2c: could not find pctldev for node /ocp/l4@4a000000/scm@2000/pinmux@1400/i2c1_pins_default, deferring probe
[    0.268437] omap_i2c 48060000.i2c: could not find pctldev for node /ocp/l4@4a000000/scm@2000/pinmux@1400/i2c3_pins_default, deferring probe
[    0.269238] pps_core: LinuxPPS API ver. 1 registered
[    0.269244] pps_core: Software ver. 5.3.6 - Copyright 2005-2007 Rodolfo Giometti <giometti@linux.it>
[    0.269259] PTP clock support registered
[    0.269432] EDAC MC: Ver: 3.0.0
[    0.271264] clocksource: Switched to clocksource arch_sys_counter
[    0.278843] NET: Registered protocol family 2
[    0.279214] TCP established hash table entries: 8192 (order: 3, 32768 bytes)
[    0.279275] TCP bind hash table entries: 8192 (order: 4, 65536 bytes)
[    0.279398] TCP: Hash tables configured (established 8192 bind 8192)
[    0.279444] UDP hash table entries: 512 (order: 2, 16384 bytes)
[    0.279473] UDP-Lite hash table entries: 512 (order: 2, 16384 bytes)
[    0.279582] NET: Registered protocol family 1
[    0.279818] RPC: Registered named UNIX socket transport module.
[    0.279825] RPC: Registered udp transport module.
[    0.279830] RPC: Registered tcp transport module.
[    0.279835] RPC: Registered tcp NFSv4.1 backchannel transport module.
[    0.280581] hw perfevents: enabled with armv7_cortex_a15 PMU driver, 7 counters available
[    0.282156] futex hash table entries: 512 (order: 3, 32768 bytes)
[    0.282749] workingset: timestamp_bits=30 max_order=19 bucket_order=0
[    0.290905] squashfs: version 4.0 (2009/01/31) Phillip Lougher
[    0.291560] NFS: Registering the id_resolver key type
[    0.291586] Key type id_resolver registered
[    0.291592] Key type id_legacy registered
[    0.291626] ntfs: driver 2.1.32 [Flags: R/O].
[    0.292503] bounce: pool size: 64 pages
[    0.292648] Block layer SCSI generic (bsg) driver version 0.4 loaded (major 248)
[    0.292656] io scheduler noop registered
[    0.292662] io scheduler deadline registered
[    0.292792] io scheduler cfq registered (default)
[    0.299707] libphy: mdio_driver_register: phy-bcm-ns2-pci
[    0.300915] pinctrl-single 4a003400.pinmux: 282 pins at pa fc003400 size 1128
[    0.358524] Serial: 8250/16550 driver, 4 ports, IRQ sharing disabled
[    0.360943] SuperH (H)SCI(F) driver initialized
[    0.361954] msm_serial: driver initialized
[    0.362293] 48020000.serial: ttyO2 at MMIO 0x48020000 (irq = 301, base_baud = 3000000) is a OMAP UART2
[    1.142190] console [ttyO2] enabled
[    1.146146] STMicroelectronics ASC driver initialized
[    1.153042] omap_rng 48090000.rng: _od_fail_runtime_resume: FIXME: missing hwmod/omap_dev info
[    1.162117] Unhandled fault: asynchronous external abort (0x1211) at 0x00000000
[    1.162123] ------------[ cut here ]------------
[    1.162135] WARNING: CPU: 0 PID: 0 at drivers/bus/omap_l3_noc.c:147 l3_interrupt_handler+0x23c/0x340
[    1.162140] 44000000.ocp:L3 Custom Error: MASTER MPU TARGET L4_PER1_P3 (Idle): Data Access in Supervisor mode during Functional access
[    1.162145] Modules linked in:
[    1.162151] CPU: 0 PID: 0 Comm: swapper/0 Not tainted 4.7.0-rc4-next-20160623-00002-gf4b2d80a12d6 #1
[    1.162154] Hardware name: Generic DRA74X (Flattened Device Tree)
[    1.162173] [<c040fac0>] (unwind_backtrace) from [<c040b154>] (show_stack+0x10/0x14)
[    1.162182] [<c040b154>] (show_stack) from [<c0693a7c>] (dump_stack+0x98/0xac)
[    1.162193] [<c0693a7c>] (dump_stack) from [<c0442cac>] (__warn+0xe8/0x100)
[    1.162201] [<c0442cac>] (__warn) from [<c0442cfc>] (warn_slowpath_fmt+0x38/0x48)
[    1.162210] [<c0442cfc>] (warn_slowpath_fmt) from [<c06c5178>] (l3_interrupt_handler+0x23c/0x340)
[    1.162218] [<c06c5178>] (l3_interrupt_handler) from [<c0485c1c>] (__handle_irq_event_percpu+0x88/0x118)
[    1.162227] [<c0485c1c>] (__handle_irq_event_percpu) from [<c0485cc8>] (handle_irq_event_percpu+0x1c/0x58)
[    1.162233] [<c0485cc8>] (handle_irq_event_percpu) from [<c0485d48>] (handle_irq_event+0x44/0x68)
[    1.162241] [<c0485d48>] (handle_irq_event) from [<c04890d4>] (handle_fasteoi_irq+0xb4/0x194)
[    1.162248] [<c04890d4>] (handle_fasteoi_irq) from [<c0485288>] (generic_handle_irq+0x24/0x34)
[    1.162254] [<c0485288>] (generic_handle_irq) from [<c0485538>] (__handle_domain_irq+0x5c/0xb4)
[    1.162260] [<c0485538>] (__handle_domain_irq) from [<c040170c>] (gic_handle_irq+0x54/0x98)
[    1.162266] [<c040170c>] (gic_handle_irq) from [<c040bc40>] (__irq_svc+0x40/0x54)
[    1.162269] Exception stack(0xc1601f40 to 0xc1601f88)
[    1.162275] 1f40: 00000001 00000000 00000000 c041aea0 c1600000 c1602444 00000001 00000000
[    1.162280] 1f60: 00000000 c1519e80 c16024b0 c16024a8 00000000 c1601f90 c0408748 c040874c
[    1.162283] 1f80: 60000013 ffffffff
[    1.162292] [<c040bc40>] (__irq_svc) from [<c040874c>] (arch_cpu_idle+0x38/0x3c)
[    1.162300] [<c040874c>] (arch_cpu_idle) from [<c0478d74>] (cpu_startup_entry+0x1d0/0x22c)
[    1.162311] [<c0478d74>] (cpu_startup_entry) from [<c1400c70>] (start_kernel+0x394/0x3a0)
[    1.162318] [<c1400c70>] (start_kernel) from [<80208090>] (0x80208090)
[    1.162332] ---[ end trace 3e8188473f6917a6 ]---
[    1.390641] pgd = c0203000
[    1.393462] [00000000] *pgd=80000080204003, *pmd=00000000
[    1.399112] Internal error: : 1211 [#1] SMP ARM
[    1.403833] Modules linked in:
[    1.407026] CPU: 1 PID: 1 Comm: swapper/0 Tainted: G        W       4.7.0-rc4-next-20160623-00002-gf4b2d80a12d6 #1
[    1.417812] Hardware name: Generic DRA74X (Flattened Device Tree)
[    1.424164] task: ee088000 ti: ee08c000 task.ti: ee08c000
[    1.429796] PC is at omap4_rng_init+0x20/0x84
[    1.434341] LR is at set_current_rng+0x64/0x16c
[    1.439068] pc : [<c0806004>]    lr : [<c08057ac>]    psr: 40000013
[    1.439068] sp : ee08de18  ip : 00000000  fp : 00000000
[    1.451053] r10: 00000000  r9 : c16a4028  r8 : c1751d7c
[    1.456498] r7 : c16a4174  r6 : c16a41a0  r5 : c16a4040  r4 : c16a4174
[    1.463299] r3 : fa090000  r2 : fa090014  r1 : 00000000  r0 : c0f08b84
[    1.470113] Flags: nZcv  IRQs on  FIQs on  Mode SVC_32  ISA ARM  Segment kernel
[    1.477740] Control: 30c5387d  Table: 80203000  DAC: 55555555
[    1.483729] Process swapper/0 (pid: 1, stack limit = 0xee08c220)
[    1.489989] Stack: (0xee08de18 to 0xee08e000)
[    1.494532] de00:                                                       00000000 c16a4040
[    1.503058] de20: c16a41a0 c16a4174 c1751d7c c0805b20 ee216a10 00000000 ee519890 ee216a00
[    1.511595] de40: 00000159 00000000 00000000 c0806318 00000000 ee1fe900 ee519890 ee216a10
[    1.520125] de60: ee216a10 ee216a10 c16a412c fffffdfb 00000000 c0895be8 ee216a10 c1751ffc
[    1.528659] de80: c1752004 c16a412c 00000000 c08942f8 ee216a10 c16a412c ee216a44 c16a6930
[    1.537183] dea0: c1710000 00000124 00000000 c0894450 00000000 c16a412c c08943a4 c089266c
[    1.545711] dec0: ee05cc5c ee1fc6b4 c16a412c ee51b600 00000000 c08938ec c10ea448 c14a9834
[    1.554239] dee0: c16a412c c16a412c c143eac8 c14a9834 c1710000 c0894c88 c1513ec4 c143eac8
[    1.562765] df00: c14a9834 c0401e40 00000063 ee08df28 c045c768 c045c7a0 00000000 ffffffff
[    1.571300] df20: 00000000 c16360b4 00000123 c0e1d1c0 c123d584 c045c934 0000cccd c11a897c
[    1.579830] df40: c123bec8 00000000 00000006 00000006 c163609c efffe940 c1513ec4 00000006
[    1.588364] df60: c14a9834 c1710000 c1710000 00000124 c14a983c c1400dd8 00000006 00000006
[    1.596894] df80: 00000000 c14005a0 00000000 c0c8d4d0 00000000 00000000 00000000 00000000
[    1.605423] dfa0: 00000000 c0c8d4d8 00000000 c0407d28 00000000 00000000 00000000 00000000
[    1.613953] dfc0: 00000000 00000000 00000000 00000000 00000000 00000000 00000000 00000000
[    1.622493] dfe0: 00000000 00000000 00000000 00000000 00000013 00000000 00000000 00000000
[    1.631021] [<c0806004>] (omap4_rng_init) from [<00000000>] (  (null))
[    1.637828] Code: e0832002 e5921000 e2111b01 1a000016 (e52de004) 
[    1.644190] ---[ end trace 3e8188473f6917a7 ]---
[    1.649046] Kernel panic - not syncing: Attempted to kill init! exitcode=0x0000000b
[    1.649046] 
[    1.658585] CPU0: stopping
[    1.661408] CPU: 0 PID: 0 Comm: swapper/0 Tainted: G      D W       4.7.0-rc4-next-20160623-00002-gf4b2d80a12d6 #1
[    1.672188] Hardware name: Generic DRA74X (Flattened Device Tree)
[    1.678560] [<c040fac0>] (unwind_backtrace) from [<c040b154>] (show_stack+0x10/0x14)
[    1.686636] [<c040b154>] (show_stack) from [<c0693a7c>] (dump_stack+0x98/0xac)
[    1.694170] [<c0693a7c>] (dump_stack) from [<c040e224>] (handle_IPI+0x174/0x194)
[    1.701887] [<c040e224>] (handle_IPI) from [<c040174c>] (gic_handle_irq+0x94/0x98)
[    1.709781] [<c040174c>] (gic_handle_irq) from [<c040bc40>] (__irq_svc+0x40/0x54)
[    1.717591] Exception stack(0xc1601f40 to 0xc1601f88)
[    1.722852] 1f40: 00000001 00000000 00000000 c041aea0 c1600000 c1602444 00000001 00000000
[    1.731394] 1f60: 00000000 c1519e80 c16024b0 c16024a8 00000000 c1601f90 c0408748 c040874c
[    1.739915] 1f80: 60000013 ffffffff
[    1.743554] [<c040bc40>] (__irq_svc) from [<c040874c>] (arch_cpu_idle+0x38/0x3c)
[    1.751278] [<c040874c>] (arch_cpu_idle) from [<c0478d74>] (cpu_startup_entry+0x1d0/0x22c)
[    1.759900] [<c0478d74>] (cpu_startup_entry) from [<c1400c70>] (start_kernel+0x394/0x3a0)
[    1.768437] [<c1400c70>] (start_kernel) from [<80208090>] (0x80208090)
[    1.775253] ---[ end Kernel panic - not syncing: Attempted to kill init! exitcode=0x0000000b
[    1.775253] 
- 09:38:39 [INFO] Boot attempt 1/1 failed
- 09:38:39 [INFO] Collecting kernel traces via sysrq...
- 09:38:49 [INFO] 
- 09:38:59 [INFO] 
- 09:39:09 [INFO] 
- 09:39:09 [INFO] Disconnected serial from am57xx-evm
URL:gtsystest.telogy.design.ti.com/vatf/tigtfarm03/tigtfarm03_vatf@am57xx-evm1/tigtfarm0306_23_2016_09_34_42/files/session_iteration_1/test_1
