- 07:17:39 [INFO] Starting target session
- 07:18:05 [INFO] Connected to am57xx-evm via serial 
- 07:18:05 [INFO] Host: #check prompt
- 07:18:08 [ERROR] On command: #check prompt waiting for #check prompt.+?(?-mix:((?-mix:login:)|[Pp]assword)) >>> error: execution expired
- 07:18:08 [INFO] Target: 
#check prompt
root@am57xx-evm:/test# 
- 07:18:08 [INFO] Host: #check prompt
- 07:18:08 [INFO] Target: 
#check prompt
root@am57xx-evm:/test# 
- 07:18:08 [INFO] Host: sync;poweroff
- 07:18:22 [INFO] Target: 
sync;poweroff
Broadcast message from root@am57xx-evm (ttyS2) (Fri Sep 18 03:18:08 2015):
The system is going down for system halt NOW!
4.38-g27989b8 #2 SMP Thu Apr 16 02:35:02 EDT 2015 armv7l GNU/Linux
root@am57xx-evm:~# cat /proc/cmdline
console=ttyO2,115200n8 earlyprintk rootwait ip=:::::eth0:dhcp root=/dev/nfs rw nfsroot=192.168.0.1:/home/tigtfarm03/NFS_exports/am57xx-evm1//autofs/1e515548d355e3c387e363cf36570ce3,nolock,v3,tcp,rsize=4096,wsize=4096 ramdisk_size=80000
root@am57xx-evm:~# uname -a
Linux am57xx-evm 3.14.38-g27989b8 #2 SMP Thu Apr 16 02:35:02 EDT 2015 armv7l GNU/Linux
root@am57xx-evm:~# cat /proc/mtd
dev:    size   erasesize  name
root@am57xx-evm:~# export IPERFHOST=192.168.0.1
root@am57xx-evm:~# export NFS_SERVER=192.168.0.1
root@am57xx-evm:~# export NFS_ROOT_PATH=/home/tigtfarm03/NFS_exports/am57xx-evm1
root@am57xx-evm:~# export AP_SSID=
root@am57xx-evm:~# mkdir -p -m 777 /test
root@am57xx-evm:~# cd /test
root@am57xx-evm:/test# cat > test.sh << EOF
> failtest() {
>   echo 1 >&3
> timeout=600
> # Start of user's script logic
> uname -a
> EOF
root@am57xx-evm:/test# cd /test
root@am57xx-evm:/test# chmod +x test.sh
root@am57xx-evm:/test# ./test.sh 2> stderr.log > stdout.log 3> result.log
root@am57xx-evm:/test# echo $?
root@am57xx-evm:/test# cd /test
root@am57xx-evm:/test# cat stdout.log
Linux am57xx-evm 3.14.38-g27989b8 #2 SMP Thu Apr 16 02:35:02 EDT 2015 armv7l GNU/Linux
root@am57xx-evm:/test# cat stderr.log
root@am57xx-evm:/test# cat result.log
root@am57xx-evm:/test# cd /test
root@am57xx-evm:/test# #check prompt
root@am57xx-evm:/test# #check prompt
root@am57xx-evm:/test# sync;poweroff
Broadcast message from root@am57xx-evm (ttyS2) (Fri Sep 18 03:18:08 2015):
The system is going down for system halt NOW!
INIT: Switching to runlevel: 0
root@am57xx-evm:/test# 
INIT: Sending processes the TERM signal
Stopping syslogd/klogd: stopped syslogd (pid 1559)
stopped klogd (pid 1562)
done
not deconfiguring network interfaces: network file systems still mounted.
Sending all processes the TERM signal...
Sending all processes the KILL signal...
Unmounting remote filesystems...
Deactivating swap...
Unmounting local filesystems...
[ 2243.339235] sd 0:0:0:0: [sda] Synchronizing SCSI cache
[ 2243.344671] sd 0:0:0:0: [sda] Stopping disk
[ 2243.799737] reboot: Power down
- 07:18:22 [INFO] Disconnected serial from am57xx-evm
- 07:18:27 [INFO] Connected to am57xx-evm via serial 
- 07:18:27 [INFO] Host: 
- 07:18:31 [INFO] Target: 
MMC:   OMAP SD/MMC: 0, OMAP SD/MMC: 1
reading uboot.env
Target spinup took 0 ms.
AHCI 0001.0300 32 slots 1 ports 3 Gbps 0x1 impl SATA mode
flags: 64bit ncq stag pm led clo only pmp pio slum part ccc apst 
SCSI:  Target spinup took 0 ms.
AHCI 0001.0300 32 slots 1 ports 3 Gbps 0x1 impl SATA mode
flags: 64bit ncq stag pm led clo only pmp pio slum part ccc apst 
scanning bus for devices...
  Device 0: (0:0) Vendor: ATA Prod.: ST3500514NS Rev: SN11
            Type: Hard Disk
            Capacity: 476940.0 MB = 465.7 GB (976773168 x 512)
Found 1 device(s).
Net:   cpsw
Hit any key to stop autoboot:  1  0 
U-Boot# 
U-Boot# 
U-Boot# 
U-Boot# 
U-Boot# 
U-Boot# 
U-Boot# 
U-Boot# 
U-Boot# 
U-Boot# 
U-Boot# 
U-Boot# 
U-Boot# 
U-Boot# 
U-Boot# 
U-Boot# 
U-Boot# 
U-Boot# 
U-Boot# 
U-Boot# 
U-Boot# 
U-Boot# 
U-Boot# 
U-Boot# 
U-Boot# 
U-Boot# 
U-Boot# 
U-Boot# 
U-Boot# 
U-Boot# 
U-Boot# 
U-Boot# 
U-Boot# 
U-Boot# 
U-Boot# 
U-Boot# 
- 07:18:31 [INFO] Host: 
- 07:18:31 [INFO] Target: 
U-Boot# 
- 07:18:31 [INFO] Host: version
- 07:18:31 [INFO] Target: 
version
U-Boot 2015.07 (Dec 04 2015 - 23:41:40 -0500)
arm-linux-gnueabihf-gcc (Linaro GCC 4.9-2015.05) 4.9.3 20150413 (prerelease)
GNU ld (GNU Binutils) Linaro 2014.11-3-git 2.24.0.20141017
U-Boot# 
- 07:18:31 [INFO] Host: setenv bootargs 'console=ttyO2,115200n8  earlyprintk rootwait '
- 07:18:31 [INFO] Target: 
setenv bootargs 'console=ttyO2,115200n8  earlyprintk rootwait '
U-Boot# 
- 07:18:31 [INFO] Host: setenv bootcmd  ''
- 07:18:31 [INFO] Target: 
setenv bootcmd  ''
U-Boot# 
- 07:18:31 [INFO] Host: setenv autoload 'no'
- 07:18:31 [INFO] Target: 
setenv autoload 'no'
U-Boot# 
- 07:18:31 [INFO] Host: setenv serverip '192.168.0.1'
- 07:18:32 [INFO] Target: 
setenv serverip '192.168.0.1'
U-Boot# 
- 07:18:32 [INFO] Host: printenv
- 07:18:32 [INFO] Target: 
printenv
arch=arm
autoload=no
baudrate=115200
board=beagle_x15
board_name=am57xx_evm
board_rev=A.20
board_serial=33154P550004
bootargs=console=ttyO2,115200n8  earlyprintk rootwait 
bootcmd=
bootdelay=1
bootdir=/boot
bootenv=uEnv.txt
bootfile=zImage
bootm_size=0x10000000
bootpart=0:2
bootscript=echo Running bootscript from mmc${mmcdev} ...; source ${loadaddr}
console=ttyO2,115200n8
cpu=armv7
dfu_alt_info_emmc=rawemmc raw 0 3751936;boot part 1 1;rootfs part 1 2;MLO fat 1 1;MLO.raw raw 0x100 0x100;u-boot.img.raw raw 0x300 0x400;spl-os-args.raw raw 0x80 0x80;spl-os-image.raw raw 0x900 0x2000;spl-os-args fat 1 1;spl-os-image fat 1 1;u-boot.img fat 1 1;uEnv.txt fat 1 1
dfu_alt_info_mmc=boot part 0 1;rootfs part 0 2;MLO fat 0 1;MLO.raw raw 0x100 0x100;u-boot.img.raw raw 0x300 0x400;spl-os-args.raw raw 0x80 0x80;spl-os-image.raw raw 0x900 0x2000;spl-os-args fat 0 1;spl-os-image fat 0 1;u-boot.img fat 0 1;uEnv.txt fat 0 1
dfu_alt_info_ram=kernel ram 0x80200000 0x4000000;fdt ram 0x80f80000 0x80000;ramdisk ram 0x81000000 0x4000000
dfu_bufsiz=0x10000
dofastboot=0
eth1addr=74:da:ea:08:38:a9
ethact=cpsw
ethaddr=74:da:ea:08:38:a8
fdt_addr_r=0x88000000
fdtaddr=0x88000000
fdtfile=undefined
findfdt=if test $board_name = omap5_uevm; then setenv fdtfile omap5-uevm.dtb; fi; if test $board_name = dra7xx; then setenv fdtfile dra7-evm.dtb; fi;if test $board_name = dra72x; then setenv fdtfile dra72-evm.dtb; fi;if test $board_name = beagle_x15; then setenv fdtfile am57xx-beagle-x15.dtb; fi;if test $fdtfile = undefined; then echo WARNING: Could not determine device tree to use; fi; 
importbootenv=echo Importing environment from mmc${mmcdev} ...; env import -t ${loadaddr} ${filesize}
kernel_addr_r=0x82000000
loadaddr=0x82000000
loadbootenv=fatload mmc ${mmcdev} ${loadaddr} ${bootenv}
loadbootscript=fatload mmc ${mmcdev} ${loadaddr} boot.scr
loadfdt=load mmc ${bootpart} ${fdtaddr} ${bootdir}/${fdtfile};
loadimage=load mmc ${bootpart} ${loadaddr} ${bootdir}/${bootfile}
mmcargs=setenv bootargs console=${console} ${optargs} vram=${vram} root=${mmcroot} rootfstype=${mmcrootfstype}
mmcboot=mmc dev ${mmcdev}; if mmc rescan; then echo SD/MMC found on device ${mmcdev};if run loadbootenv; then echo Loaded environment from ${bootenv};run importbootenv;fi;if test -n $uenvcmd; then echo Running uenvcmd ...;run uenvcmd;fi;if run loadimage; then run loadfdt; echo Booting from mmc${mmcdev} ...; run mmcargs; bootz ${loadaddr} - ${fdtaddr}; fi;fi;
mmcdev=0
mmcroot=/dev/mmcblk0p2 rw
mmcrootfstype=ext4 rootwait
netargs=setenv bootargs console=${console} ${optargs} root=/dev/nfs nfsroot=${serverip}:${rootpath},${nfsopts} rw ip=dhcp
netboot=echo Booting from network ...; setenv autoload no; dhcp; run netloadimage; run netloadfdt; run netargs; bootz ${loadaddr} - ${fdtaddr}
netloadfdt=tftp ${fdtaddr} ${fdtfile}
netloadimage=tftp ${loadaddr} ${bootfile}
nfsopts=nolock
partitions=uuid_disk=${uuid_gpt_disk};name=rootfs,start=2MiB,size=-,uuid=${uuid_gpt_rootfs}
ramdisk_addr_r=0x88080000
rdaddr=0x88080000
rootpath=/export/rootfs
scsidevs=1
serverip=192.168.0.1
soc=omap5
static_ip=${ipaddr}:${serverip}:${gatewayip}:${netmask}:${hostname}::off
stderr=serial
stdin=serial
stdout=serial
usbtty=cdc_acm
vendor=ti
ver=U-Boot 2015.07 (Dec 04 2015 - 23:41:40 -0500)
vram=16M
Environment size: 3385/65532 bytes
U-Boot# 
- 07:18:32 [INFO] Host: printenv
- 07:18:32 [INFO] Target: 
printenv
arch=arm
autoload=no
baudrate=115200
board=beagle_x15
board_name=am57xx_evm
board_rev=A.20
board_serial=33154P550004
bootargs=console=ttyO2,115200n8  earlyprintk rootwait 
bootcmd=
bootdelay=1
bootdir=/boot
bootenv=uEnv.txt
bootfile=zImage
bootm_size=0x10000000
bootpart=0:2
bootscript=echo Running bootscript from mmc${mmcdev} ...; source ${loadaddr}
console=ttyO2,115200n8
cpu=armv7
dfu_alt_info_emmc=rawemmc raw 0 3751936;boot part 1 1;rootfs part 1 2;MLO fat 1 1;MLO.raw raw 0x100 0x100;u-boot.img.raw raw 0x300 0x400;spl-os-args.raw raw 0x80 0x80;spl-os-image.raw raw 0x900 0x2000;spl-os-args fat 1 1;spl-os-image fat 1 1;u-boot.img fat 1 1;uEnv.txt fat 1 1
dfu_alt_info_mmc=boot part 0 1;rootfs part 0 2;MLO fat 0 1;MLO.raw raw 0x100 0x100;u-boot.img.raw raw 0x300 0x400;spl-os-args.raw raw 0x80 0x80;spl-os-image.raw raw 0x900 0x2000;spl-os-args fat 0 1;spl-os-image fat 0 1;u-boot.img fat 0 1;uEnv.txt fat 0 1
dfu_alt_info_ram=kernel ram 0x80200000 0x4000000;fdt ram 0x80f80000 0x80000;ramdisk ram 0x81000000 0x4000000
dfu_bufsiz=0x10000
dofastboot=0
eth1addr=74:da:ea:08:38:a9
ethact=cpsw
ethaddr=74:da:ea:08:38:a8
fdt_addr_r=0x88000000
fdtaddr=0x88000000
fdtfile=undefined
findfdt=if test $board_name = omap5_uevm; then setenv fdtfile omap5-uevm.dtb; fi; if test $board_name = dra7xx; then setenv fdtfile dra7-evm.dtb; fi;if test $board_name = dra72x; then setenv fdtfile dra72-evm.dtb; fi;if test $board_name = beagle_x15; then setenv fdtfile am57xx-beagle-x15.dtb; fi;if test $fdtfile = undefined; then echo WARNING: Could not determine device tree to use; fi; 
importbootenv=echo Importing environment from mmc${mmcdev} ...; env import -t ${loadaddr} ${filesize}
kernel_addr_r=0x82000000
loadaddr=0x82000000
loadbootenv=fatload mmc ${mmcdev} ${loadaddr} ${bootenv}
loadbootscript=fatload mmc ${mmcdev} ${loadaddr} boot.scr
loadfdt=load mmc ${bootpart} ${fdtaddr} ${bootdir}/${fdtfile};
loadimage=load mmc ${bootpart} ${loadaddr} ${bootdir}/${bootfile}
mmcargs=setenv bootargs console=${console} ${optargs} vram=${vram} root=${mmcroot} rootfstype=${mmcrootfstype}
mmcboot=mmc dev ${mmcdev}; if mmc rescan; then echo SD/MMC found on device ${mmcdev};if run loadbootenv; then echo Loaded environment from ${bootenv};run importbootenv;fi;if test -n $uenvcmd; then echo Running uenvcmd ...;run uenvcmd;fi;if run loadimage; then run loadfdt; echo Booting from mmc${mmcdev} ...; run mmcargs; bootz ${loadaddr} - ${fdtaddr}; fi;fi;
mmcdev=0
mmcroot=/dev/mmcblk0p2 rw
mmcrootfstype=ext4 rootwait
netargs=setenv bootargs console=${console} ${optargs} root=/dev/nfs nfsroot=${serverip}:${rootpath},${nfsopts} rw ip=dhcp
netboot=echo Booting from network ...; setenv autoload no; dhcp; run netloadimage; run netloadfdt; run netargs; bootz ${loadaddr} - ${fdtaddr}
netloadfdt=tftp ${fdtaddr} ${fdtfile}
netloadimage=tftp ${loadaddr} ${bootfile}
nfsopts=nolock
partitions=uuid_disk=${uuid_gpt_disk};name=rootfs,start=2MiB,size=-,uuid=${uuid_gpt_rootfs}
ramdisk_addr_r=0x88080000
rdaddr=0x88080000
rootpath=/export/rootfs
scsidevs=1
serverip=192.168.0.1
soc=omap5
static_ip=${ipaddr}:${serverip}:${gatewayip}:${netmask}:${hostname}::off
stderr=serial
stdin=serial
stdout=serial
usbtty=cdc_acm
vendor=ti
ver=U-Boot 2015.07 (Dec 04 2015 - 23:41:40 -0500)
vram=16M
Environment size: 3385/65532 bytes
U-Boot# 
- 07:18:32 [INFO] Host: setenv bootargs ''${bootargs}' ip=:::::eth0:dhcp '
- 07:18:32 [INFO] Target: 
setenv bootargs ''${bootargs}' ip=:::::eth0:dhcp '
U-Boot# 
- 07:18:32 [INFO] Host: setenv serverip '192.168.0.1'
- 07:18:32 [INFO] Target: 
setenv serverip '192.168.0.1'
U-Boot# 
- 07:18:32 [INFO] Host: setenv autoload 'no'
- 07:18:32 [INFO] Target: 
setenv autoload 'no'
U-Boot# 
- 07:18:32 [INFO] Host: dhcp
- 07:19:04 [INFO] Target: 
dhcp
cpsw Waiting for PHY auto negotiation to complete... done
link up on port 0, speed 1000, full duplex
BOOTP broadcast 1
BOOTP broadcast 2
BOOTP broadcast 3
BOOTP broadcast 4
BOOTP broadcast 5
BOOTP broadcast 6
BOOTP broadcast 7
BOOTP broadcast 8
BOOTP broadcast 9
BOOTP broadcast 10
BOOTP broadcast 11
BOOTP broadcast 12
BOOTP broadcast 13
BOOTP broadcast 14
BOOTP broadcast 15
BOOTP broadcast 16
BOOTP broadcast 17
BOOTP broadcast 18
DHCP client bound to address 192.168.0.162 (29786 ms)
U-Boot# 
- 07:19:04 [INFO] Host: tftp ${loadaddr} 192.168.0.1:vatf_am57xx-evm1/8c27263990887b3c20b53a7897afd334
- 07:19:05 [INFO] Target: 
tftp ${loadaddr} 192.168.0.1:vatf_am57xx-evm1/8c27263990887b3c20b53a7897afd334
link up on port 0, speed 1000, full duplex
Using cpsw device
TFTP from server 192.168.0.1; our IP address is 192.168.0.162
Filename 'vatf_am57xx-evm1/8c27263990887b3c20b53a7897afd334'.
Load address: 0x82000000
Loading: *#################################################################
	 #################################################################
	 #################################################################
	 #################################################################
	 #################################################################
	 #################################################################
	 ###########################################################
	 8.9 MiB/s
done
Bytes transferred = 6580520 (646928 hex)
U-Boot# 
- 07:19:05 [INFO] Host: tftp ${fdt_addr_r} 192.168.0.1:vatf_am57xx-evm1/f433bf6a22b7e9fb87c0c4ad8c9fef0f
- 07:19:05 [INFO] Target: 
tftp ${fdt_addr_r} 192.168.0.1:vatf_am57xx-evm1/f433bf6a22b7e9fb87c0c4ad8c9fef0f
link up on port 0, speed 1000, full duplex
Using cpsw device
TFTP from server 192.168.0.1; our IP address is 192.168.0.162
Filename 'vatf_am57xx-evm1/f433bf6a22b7e9fb87c0c4ad8c9fef0f'.
Load address: 0x88000000
Loading: *######
	 8.6 MiB/s
done
Bytes transferred = 80718 (13b4e hex)
U-Boot# 
- 07:19:05 [INFO] Host: ls mmc 0:1
- 07:19:05 [INFO] Target: 
ls mmc 0:1
    59144   mlo 
   288816   u-boot.img 
        4   ws-calibrate.rules 
        0   pointercal 
       33   primary_bootloader.md5 
       33   fs.md5 
    65536   uboot.env 
7 file(s), 0 dir(s)
U-Boot# 
- 07:19:05 [INFO] Host: ls mmc 0:2
- 07:19:05 [INFO] Target: 
ls mmc 0:2
<DIR>       4096 .
<DIR>       4096 ..
<DIR>       4096 include
<DIR>       4096 srv
<DIR>       4096 home
<DIR>       4096 media
<DIR>       4096 opt
<DIR>       4096 var
<DIR>       4096 sys
<DIR>       4096 boot
<DIR>       4096 dev
<DIR>       4096 usr
U-Boot# 
- 07:19:05 [INFO] Host: ls mmc 0:3
- 07:19:05 [INFO] Target: 
ls mmc 0:3
0 file(s), 0 dir(s)
U-Boot# 
- 07:19:05 [INFO] Host: ls mmc 0:4
- 07:19:05 [INFO] Target: 
ls mmc 0:4
** Invalid partition 4 **
U-Boot# 
- 07:19:05 [INFO] Host: ls mmc 0:5
- 07:19:05 [INFO] Target: 
ls mmc 0:5
** Invalid partition 5 **
U-Boot# 
- 07:19:05 [INFO] Host: part uuid mmc 0:
- 07:19:05 [INFO] Target: 
part uuid mmc 0:
00000000-01
U-Boot# 
- 07:19:05 [INFO] Host: printenv
- 07:19:06 [INFO] Target: 
printenv
arch=arm
autoload=no
baudrate=115200
board=beagle_x15
board_name=am57xx_evm
board_rev=A.20
board_serial=33154P550004
bootargs=console=ttyO2,115200n8  earlyprintk rootwait  ip=:::::eth0:dhcp 
bootcmd=
bootdelay=1
bootdir=/boot
bootenv=uEnv.txt
bootfile=zImage
bootm_size=0x10000000
bootpart=0:2
bootscript=echo Running bootscript from mmc${mmcdev} ...; source ${loadaddr}
console=ttyO2,115200n8
cpu=armv7
dfu_alt_info_emmc=rawemmc raw 0 3751936;boot part 1 1;rootfs part 1 2;MLO fat 1 1;MLO.raw raw 0x100 0x100;u-boot.img.raw raw 0x300 0x400;spl-os-args.raw raw 0x80 0x80;spl-os-image.raw raw 0x900 0x2000;spl-os-args fat 1 1;spl-os-image fat 1 1;u-boot.img fat 1 1;uEnv.txt fat 1 1
dfu_alt_info_mmc=boot part 0 1;rootfs part 0 2;MLO fat 0 1;MLO.raw raw 0x100 0x100;u-boot.img.raw raw 0x300 0x400;spl-os-args.raw raw 0x80 0x80;spl-os-image.raw raw 0x900 0x2000;spl-os-args fat 0 1;spl-os-image fat 0 1;u-boot.img fat 0 1;uEnv.txt fat 0 1
dfu_alt_info_ram=kernel ram 0x80200000 0x4000000;fdt ram 0x80f80000 0x80000;ramdisk ram 0x81000000 0x4000000
dfu_bufsiz=0x10000
dnsip=192.0.2.2
dnsip2=192.0.2.3
dofastboot=0
eth1addr=74:da:ea:08:38:a9
ethact=cpsw
ethaddr=74:da:ea:08:38:a8
fdt_addr_r=0x88000000
fdtaddr=0x88000000
fdtfile=undefined
fileaddr=88000000
filesize=13b4e
findfdt=if test $board_name = omap5_uevm; then setenv fdtfile omap5-uevm.dtb; fi; if test $board_name = dra7xx; then setenv fdtfile dra7-evm.dtb; fi;if test $board_name = dra72x; then setenv fdtfile dra72-evm.dtb; fi;if test $board_name = beagle_x15; then setenv fdtfile am57xx-beagle-x15.dtb; fi;if test $fdtfile = undefined; then echo WARNING: Could not determine device tree to use; fi; 
gatewayip=192.168.0.1
importbootenv=echo Importing environment from mmc${mmcdev} ...; env import -t ${loadaddr} ${filesize}
ipaddr=192.168.0.162
kernel_addr_r=0x82000000
loadaddr=0x82000000
loadbootenv=fatload mmc ${mmcdev} ${loadaddr} ${bootenv}
loadbootscript=fatload mmc ${mmcdev} ${loadaddr} boot.scr
loadfdt=load mmc ${bootpart} ${fdtaddr} ${bootdir}/${fdtfile};
loadimage=load mmc ${bootpart} ${loadaddr} ${bootdir}/${bootfile}
mmcargs=setenv bootargs console=${console} ${optargs} vram=${vram} root=${mmcroot} rootfstype=${mmcrootfstype}
mmcboot=mmc dev ${mmcdev}; if mmc rescan; then echo SD/MMC found on device ${mmcdev};if run loadbootenv; then echo Loaded environment from ${bootenv};run importbootenv;fi;if test -n $uenvcmd; then echo Running uenvcmd ...;run uenvcmd;fi;if run loadimage; then run loadfdt; echo Booting from mmc${mmcdev} ...; run mmcargs; bootz ${loadaddr} - ${fdtaddr}; fi;fi;
mmcdev=0
mmcroot=/dev/mmcblk0p2 rw
mmcrootfstype=ext4 rootwait
netargs=setenv bootargs console=${console} ${optargs} root=/dev/nfs nfsroot=${serverip}:${rootpath},${nfsopts} rw ip=dhcp
netboot=echo Booting from network ...; setenv autoload no; dhcp; run netloadimage; run netloadfdt; run netargs; bootz ${loadaddr} - ${fdtaddr}
netloadfdt=tftp ${fdtaddr} ${fdtfile}
netloadimage=tftp ${loadaddr} ${bootfile}
netmask=255.255.255.0
nfsopts=nolock
partitions=uuid_disk=${uuid_gpt_disk};name=rootfs,start=2MiB,size=-,uuid=${uuid_gpt_rootfs}
ramdisk_addr_r=0x88080000
rdaddr=0x88080000
rootpath=/export/rootfs
scsidevs=1
serverip=192.168.0.1
soc=omap5
static_ip=${ipaddr}:${serverip}:${gatewayip}:${netmask}:${hostname}::off
stderr=serial
stdin=serial
stdout=serial
usbtty=cdc_acm
vendor=ti
ver=U-Boot 2015.07 (Dec 04 2015 - 23:41:40 -0500)
vram=16M
Environment size: 3549/65532 bytes
U-Boot# 
- 07:19:06 [INFO] Host: setenv bootargs ''${bootargs}' root=PARTUUID=00000000-01 rw rootfstype=ext4 rootwait '
- 07:19:06 [INFO] Target: 
setenv bootargs ''${bootargs}' root=PARTUUID=00000000-01 rw rootfstype=ext4 rootwait '
U-Boot# 
- 07:19:06 [INFO] Host: printenv
- 07:19:06 [INFO] Target: 
printenv
arch=arm
autoload=no
baudrate=115200
board=beagle_x15
board_name=am57xx_evm
board_rev=A.20
board_serial=33154P550004
bootargs=console=ttyO2,115200n8  earlyprintk rootwait  ip=:::::eth0:dhcp  root=PARTUUID=00000000-01 rw rootfstype=ext4 rootwait 
bootcmd=
bootdelay=1
bootdir=/boot
bootenv=uEnv.txt
bootfile=zImage
bootm_size=0x10000000
bootpart=0:2
bootscript=echo Running bootscript from mmc${mmcdev} ...; source ${loadaddr}
console=ttyO2,115200n8
cpu=armv7
dfu_alt_info_emmc=rawemmc raw 0 3751936;boot part 1 1;rootfs part 1 2;MLO fat 1 1;MLO.raw raw 0x100 0x100;u-boot.img.raw raw 0x300 0x400;spl-os-args.raw raw 0x80 0x80;spl-os-image.raw raw 0x900 0x2000;spl-os-args fat 1 1;spl-os-image fat 1 1;u-boot.img fat 1 1;uEnv.txt fat 1 1
dfu_alt_info_mmc=boot part 0 1;rootfs part 0 2;MLO fat 0 1;MLO.raw raw 0x100 0x100;u-boot.img.raw raw 0x300 0x400;spl-os-args.raw raw 0x80 0x80;spl-os-image.raw raw 0x900 0x2000;spl-os-args fat 0 1;spl-os-image fat 0 1;u-boot.img fat 0 1;uEnv.txt fat 0 1
dfu_alt_info_ram=kernel ram 0x80200000 0x4000000;fdt ram 0x80f80000 0x80000;ramdisk ram 0x81000000 0x4000000
dfu_bufsiz=0x10000
dnsip=192.0.2.2
dnsip2=192.0.2.3
dofastboot=0
eth1addr=74:da:ea:08:38:a9
ethact=cpsw
ethaddr=74:da:ea:08:38:a8
fdt_addr_r=0x88000000
fdtaddr=0x88000000
fdtfile=undefined
fileaddr=88000000
filesize=13b4e
findfdt=if test $board_name = omap5_uevm; then setenv fdtfile omap5-uevm.dtb; fi; if test $board_name = dra7xx; then setenv fdtfile dra7-evm.dtb; fi;if test $board_name = dra72x; then setenv fdtfile dra72-evm.dtb; fi;if test $board_name = beagle_x15; then setenv fdtfile am57xx-beagle-x15.dtb; fi;if test $fdtfile = undefined; then echo WARNING: Could not determine device tree to use; fi; 
gatewayip=192.168.0.1
importbootenv=echo Importing environment from mmc${mmcdev} ...; env import -t ${loadaddr} ${filesize}
ipaddr=192.168.0.162
kernel_addr_r=0x82000000
loadaddr=0x82000000
loadbootenv=fatload mmc ${mmcdev} ${loadaddr} ${bootenv}
loadbootscript=fatload mmc ${mmcdev} ${loadaddr} boot.scr
loadfdt=load mmc ${bootpart} ${fdtaddr} ${bootdir}/${fdtfile};
loadimage=load mmc ${bootpart} ${loadaddr} ${bootdir}/${bootfile}
mmcargs=setenv bootargs console=${console} ${optargs} vram=${vram} root=${mmcroot} rootfstype=${mmcrootfstype}
mmcboot=mmc dev ${mmcdev}; if mmc rescan; then echo SD/MMC found on device ${mmcdev};if run loadbootenv; then echo Loaded environment from ${bootenv};run importbootenv;fi;if test -n $uenvcmd; then echo Running uenvcmd ...;run uenvcmd;fi;if run loadimage; then run loadfdt; echo Booting from mmc${mmcdev} ...; run mmcargs; bootz ${loadaddr} - ${fdtaddr}; fi;fi;
mmcdev=0
mmcroot=/dev/mmcblk0p2 rw
mmcrootfstype=ext4 rootwait
netargs=setenv bootargs console=${console} ${optargs} root=/dev/nfs nfsroot=${serverip}:${rootpath},${nfsopts} rw ip=dhcp
netboot=echo Booting from network ...; setenv autoload no; dhcp; run netloadimage; run netloadfdt; run netargs; bootz ${loadaddr} - ${fdtaddr}
netloadfdt=tftp ${fdtaddr} ${fdtfile}
netloadimage=tftp ${loadaddr} ${bootfile}
netmask=255.255.255.0
nfsopts=nolock
partitions=uuid_disk=${uuid_gpt_disk};name=rootfs,start=2MiB,size=-,uuid=${uuid_gpt_rootfs}
ramdisk_addr_r=0x88080000
rdaddr=0x88080000
rootpath=/export/rootfs
scsidevs=1
serverip=192.168.0.1
soc=omap5
static_ip=${ipaddr}:${serverip}:${gatewayip}:${netmask}:${hostname}::off
stderr=serial
stdin=serial
stdout=serial
usbtty=cdc_acm
vendor=ti
ver=U-Boot 2015.07 (Dec 04 2015 - 23:41:40 -0500)
vram=16M
Environment size: 3604/65532 bytes
U-Boot# 
- 07:19:06 [INFO] Host: setenv bootcmd ''${bootcmd}' if iminfo ${loadaddr}; then bootm ${loadaddr} - ${fdt_addr_r}; else bootz ${loadaddr} - ${fdt_addr_r}; bootm ${loadaddr} - ${fdt_addr_r}; fi'
- 07:19:06 [INFO] Target: 
setenv bootcmd ''${bootcmd}' if iminfo ${loadaddr}; then bootm ${loadaddr} - ${fdt_addr_r}; else bootz ${loadaddr} - ${fdt_addr_r}; bootm ${loadaddr} - ${fdt_addr_r}; fi'
U-Boot# 
- 07:19:06 [INFO] Host: version
- 07:19:07 [INFO] Target: 
version
U-Boot 2015.07 (Dec 04 2015 - 23:41:40 -0500)
arm-linux-gnueabihf-gcc (Linaro GCC 4.9-2015.05) 4.9.3 20150413 (prerelease)
GNU ld (GNU Binutils) Linaro 2014.11-3-git 2.24.0.20141017
U-Boot# 
- 07:19:07 [INFO] Host: bdinfo
- 07:19:07 [INFO] Target: 
bdinfo
arch_number = 0x00000000
boot_params = 0x80000100
DRAM bank   = 0x00000000
-> start    = 0x80000000
-> size     = 0x80000000
DRAM bank   = 0x00000001
-> start    = 0x00000000
-> size     = 0x00000000
eth0name    = cpsw
ethaddr     = 74:da:ea:08:38:a8
current eth = cpsw
ip_addr     = 192.168.0.162
baudrate    = 115200 bps
TLB addr    = 0xFFFF0000
relocaddr   = 0xFFF64000
reloc off   = 0x7F764000
irq_sp      = 0xFEF53EE0
sp start    = 0xFEF53ED0
U-Boot# 
- 07:19:07 [INFO] Host: mmc rescan; echo $?
- 07:19:07 [INFO] Target: 
mmc rescan; echo $?
U-Boot# 
- 07:19:07 [INFO] Host: fatwrite mmc ${mmcdev}:1 ${loadaddr} ws-calibrate.rules 4
- 07:19:07 [INFO] Target: 
fatwrite mmc ${mmcdev}:1 ${loadaddr} ws-calibrate.rules 4
writing ws-calibrate.rules
4 bytes written
U-Boot# 
- 07:19:07 [INFO] Host: boot
- 07:22:37 [ERROR] On command: boot waiting for boot.+?(?-mix:login:) >>> error: execution expired
- 07:22:37 [INFO] Target: 
boot
## Checking Image at 82000000 ...
Unknown image format!
Kernel image @ 0x82000000 [ 0x000000 - 0x646928 ]
## Flattened Device Tree blob at 88000000
   Booting using the fdt blob at 0x88000000
   Loading Device Tree to 8ffe9000, end 8ffffb4d ... OK
Starting kernel ...
[    0.000000] Booting Linux on physical CPU 0x0
[    0.000000] Linux version 4.4.0-rc3-next-20151207-00002-g457cd6de6f23 (nmenon@kahuna) (gcc version 4.6.3 (Ubuntu/Linaro 4.6.3-1ubuntu5) ) #1 SMP Mon Dec 7 06:20:25 CST 2015
[    0.000000] CPU: ARMv7 Processor [412fc0f2] revision 2 (ARMv7), cr=30c5387d
[    0.000000] CPU: PIPT / VIPT nonaliasing data cache, PIPT instruction cache
[    0.000000] Machine model: TI AM5728 BeagleBoard-X15
[    0.000000] cma: Reserved 64 MiB at 0x00000000fb800000
[    0.000000] Forcing write-allocate cache policy for SMP
[    0.000000] Memory policy: Data cache writealloc
[    0.000000] DRA752 ES1.1
[    0.000000] PERCPU: Embedded 12 pages/cpu @eef8e000 s19200 r8192 d21760 u49152
[    0.000000] Built 1 zonelists in Zone order, mobility grouping on.  Total pages: 521984
[    0.000000] Kernel command line: console=ttyO2,115200n8  earlyprintk rootwait  ip=:::::eth0:dhcp  root=PARTUUID=00000000-01 rw rootfstype=ext4 rootwait 
[    0.000000] PID hash table entries: 4096 (order: 2, 16384 bytes)
[    0.000000] Dentry cache hash table entries: 131072 (order: 7, 524288 bytes)
[    0.000000] Inode-cache hash table entries: 65536 (order: 6, 262144 bytes)
[    0.000000] Memory: 1996180K/2094080K available (8335K kernel code, 1091K rwdata, 3832K rodata, 1028K init, 344K bss, 32364K reserved, 65536K cma-reserved, 1242112K highmem)
[    0.000000] Virtual kernel memory layout:
[    0.000000]     vector  : 0xffff0000 - 0xffff1000   (   4 kB)
[    0.000000]     fixmap  : 0xffc00000 - 0xfff00000   (3072 kB)
[    0.000000]     vmalloc : 0xf0800000 - 0xff800000   ( 240 MB)
[    0.000000]     lowmem  : 0xc0000000 - 0xf0000000   ( 768 MB)
[    0.000000]     pkmap   : 0xbfe00000 - 0xc0000000   (   2 MB)
[    0.000000]     modules : 0xbf000000 - 0xbfe00000   (  14 MB)
[    0.000000]       .text : 0xc0208000 - 0xc0deae5c   (12172 kB)
[    0.000000]       .init : 0xc0deb000 - 0xc0eec000   (1028 kB)
[    0.000000]       .data : 0xc0eec000 - 0xc0ffcd40   (1092 kB)
[    0.000000]        .bss : 0xc0fff000 - 0xc1055220   ( 345 kB)
[    0.000000] SLUB: HWalign=64, Order=0-3, MinObjects=0, CPUs=2, Nodes=1
[    0.000000] Hierarchical RCU implementation.
[    0.000000] 	Build-time adjustment of leaf fanout to 32.
[    0.000000] 	RCU restricting CPUs from NR_CPUS=16 to nr_cpu_ids=2.
[    0.000000] RCU: Adjusting geometry for rcu_fanout_leaf=32, nr_cpu_ids=2
[    0.000000] NR_IRQS:16 nr_irqs:16 16
[    0.000000] OMAP clockevent source: timer1 at 32768 Hz
[    0.000000] Architected cp15 timer(s) running at 6.14MHz (virt).
[    0.000000] clocksource: arch_sys_counter: mask: 0xffffffffffffff max_cycles: 0x16af5adb9, max_idle_ns: 440795202250 ns
[    0.000004] sched_clock: 56 bits at 6MHz, resolution 162ns, wraps every 4398046511023ns
[    0.000014] Switching to timer-based delay loop, resolution 162ns
[    0.003113] clocksource: 32k_counter: mask: 0xffffffff max_cycles: 0xffffffff, max_idle_ns: 58327039986419 ns
[    0.003120] OMAP clocksource: 32k_counter at 32768 Hz
[    0.005817] Console: colour dummy device 80x30
[    0.005835] Calibrating delay loop (skipped), value calculated using timer frequency.. 12.29 BogoMIPS (lpj=30737)
[    0.005847] pid_max: default: 32768 minimum: 301
[    0.005928] Mount-cache hash table entries: 2048 (order: 1, 8192 bytes)
[    0.005937] Mountpoint-cache hash table entries: 2048 (order: 1, 8192 bytes)
[    0.006388] CPU: Testing write buffer coherency: ok
[    0.006578] /cpus/cpu@0 missing clock-frequency property
[    0.006612] /cpus/cpu@1 missing clock-frequency property
[    0.006622] CPU0: thread -1, cpu 0, socket 0, mpidr 80000000
[    0.006662] Setting up static identity map for 0x80209000 - 0x80209170
[    0.011041] CPU1: thread -1, cpu 1, socket 0, mpidr 80000001
[    0.011097] Brought up 2 CPUs
[    0.011109] SMP: Total of 2 processors activated (24.58 BogoMIPS).
[    0.011115] CPU: All CPU(s) started in SVC mode.
[    0.011403] devtmpfs: initialized
[    0.029234] VFP support v0.3: implementor 41 architecture 4 part 30 variant f rev 0
[    0.030138] omap_hwmod: l3_main_2 using broken dt data from ocp
[    0.171793] clocksource: jiffies: mask: 0xffffffff max_cycles: 0xffffffff, max_idle_ns: 9556302231375000 ns
[    0.173091] pinctrl core: initialized pinctrl subsystem
[    0.174472] NET: Registered protocol family 16
[    0.176029] DMA: preallocated 256 KiB pool for atomic coherent allocations
[    0.191055] cpuidle: using governor ladder
[    0.206075] cpuidle: using governor menu
[    0.212135] OMAP GPIO hardware version 0.1
[    0.217151] irq: no irq domain found for /ocp/l4@4a000000/scm@2000/pinmux@1400 !
[    0.230065] No ATAGs?
[    0.230091] hw-breakpoint: found 5 (+1 reserved) breakpoint and 4 watchpoint registers.
[    0.230099] hw-breakpoint: maximum watchpoint size is 8 bytes.
[    0.231217] omap4_sram_init:Unable to allocate sram needed to handle errata I688
[    0.231224] omap4_sram_init:Unable to get sram pool needed to handle errata I688
[    0.231452] OMAP DMA hardware revision 0.0
[    0.235675] Serial: AMBA PL011 UART driver
[    0.261160] omap-dma-engine 4a056000.dma-controller: OMAP DMA engine driver
[    0.265928] vgaarb: loaded
[    0.266665] SCSI subsystem initialized
[    0.266998] usbcore: registered new interface driver usbfs
[    0.267045] usbcore: registered new interface driver hub
[    0.267084] usbcore: registered new device driver usb
[    0.267776] omap_i2c 48070000.i2c: could not find pctldev for node /ocp/l4@4a000000/scm@2000/pinmux@1400/i2c1_pins_default, deferring probe
[    0.267801] omap_i2c 48060000.i2c: could not find pctldev for node /ocp/l4@4a000000/scm@2000/pinmux@1400/i2c3_pins_default, deferring probe
[    0.268556] pps_core: LinuxPPS API ver. 1 registered
[    0.268563] pps_core: Software ver. 5.3.6 - Copyright 2005-2007 Rodolfo Giometti <giometti@linux.it>
[    0.268583] PTP clock support registered
[    0.268766] EDAC MC: Ver: 3.0.0
[    0.270663] clocksource: Switched to clocksource arch_sys_counter
[    0.279047] NET: Registered protocol family 2
[    0.279405] TCP established hash table entries: 8192 (order: 3, 32768 bytes)
[    0.279474] TCP bind hash table entries: 8192 (order: 4, 65536 bytes)
[    0.279604] TCP: Hash tables configured (established 8192 bind 8192)
[    0.279646] UDP hash table entries: 512 (order: 2, 16384 bytes)
[    0.279675] UDP-Lite hash table entries: 512 (order: 2, 16384 bytes)
[    0.279794] NET: Registered protocol family 1
[    0.279994] RPC: Registered named UNIX socket transport module.
[    0.280001] RPC: Registered udp transport module.
[    0.280006] RPC: Registered tcp transport module.
[    0.280011] RPC: Registered tcp NFSv4.1 backchannel transport module.
[    0.280763] hw perfevents: enabled with armv7_cortex_a15 PMU driver, 7 counters available
[    0.282211] futex hash table entries: 512 (order: 3, 32768 bytes)
[    0.291390] squashfs: version 4.0 (2009/01/31) Phillip Lougher
[    0.292038] NFS: Registering the id_resolver key type
[    0.292062] Key type id_resolver registered
[    0.292067] Key type id_legacy registered
[    0.292116] ntfs: driver 2.1.32 [Flags: R/O].
[    0.293111] bounce: pool size: 64 pages
[    0.293261] Block layer SCSI generic (bsg) driver version 0.4 loaded (major 249)
[    0.293273] io scheduler noop registered
[    0.293284] io scheduler deadline registered
[    0.293315] io scheduler cfq registered (default)
[    0.300609] pinctrl-single 4a003400.pinmux: 282 pins at pa fc003400 size 1128
[    0.353301] Serial: 8250/16550 driver, 4 ports, IRQ sharing disabled
[    0.355237] SuperH (H)SCI(F) driver initialized
[    0.356102] msm_serial: driver initialized
[    0.356788] 48020000.serial: ttyO2 at MMIO 0x48020000 (irq = 296, base_baud = 3000000) is a OMAP UART2
[    1.071541] console [ttyO2] enabled
[    1.075493] STMicroelectronics ASC driver initialized
[    1.082306] [drm] Initialized drm 1.1.0 20060810
[    1.094162] loop: module loaded
[    1.098971] ahci 4a140000.sata: SSS flag set, parallel bus scan disabled
[    1.106006] ahci 4a140000.sata: AHCI 0001.0300 32 slots 1 ports 3 Gbps 0x1 impl platform mode
[    1.114914] ahci 4a140000.sata: flags: 64bit ncq sntf stag pm led clo only pmp pio slum part ccc apst 
[    1.125344] scsi host0: ahci
[    1.128591] ata1: SATA max UDMA/133 mmio [mem 0x4a140000-0x4a1410ff] port 0x100 irq 321
[    1.142273] libphy: Fixed MDIO Bus: probed
[    1.147097] CAN device driver interface
[    1.152410] igb: Intel(R) Gigabit Ethernet Network Driver - version 5.3.0-k
[    1.159681] igb: Copyright (c) 2007-2014 Intel Corporation.
[    1.220686] davinci_mdio 48485000.mdio: davinci mdio revision 1.6
[    1.227055] davinci_mdio 48485000.mdio: detected phy mask fffffff9
[    1.237572] libphy: 48485000.mdio: probed
[    1.241768] davinci_mdio 48485000.mdio: phy[1]: device 48485000.mdio:01, driver Micrel KSZ9031 Gigabit PHY
[    1.251853] davinci_mdio 48485000.mdio: phy[2]: device 48485000.mdio:02, driver Micrel KSZ9031 Gigabit PHY
[    1.262729] cpsw 48484000.ethernet: Detected MACID = 74:da:ea:08:38:a8
[    1.270131] cpsw 48484000.ethernet: cpsw: Detected MACID = 74:da:ea:08:38:a9
[    1.278175] pegasus: v0.9.3 (2013/04/25), Pegasus/Pegasus II USB Ethernet driver
[    1.285940] usbcore: registered new interface driver pegasus
[    1.291902] usbcore: registered new interface driver asix
[    1.297584] usbcore: registered new interface driver ax88179_178a
[    1.303992] usbcore: registered new interface driver cdc_ether
[    1.310135] usbcore: registered new interface driver smsc75xx
[    1.316181] usbcore: registered new interface driver smsc95xx
[    1.322222] usbcore: registered new interface driver net1080
[    1.328172] usbcore: registered new interface driver cdc_subset
[    1.334390] usbcore: registered new interface driver zaurus
[    1.340280] usbcore: registered new interface driver cdc_ncm
[    1.347989] ehci_hcd: USB 2.0 'Enhanced' Host Controller (EHCI) Driver
[    1.354817] ehci-pci: EHCI PCI platform driver
[    1.359488] ehci-platform: EHCI generic platform driver
[    1.365138] ehci-omap: OMAP-EHCI Host Controller driver
[    1.370728] ehci-orion: EHCI orion driver
[    1.375040] SPEAr-ehci: EHCI SPEAr driver
[    1.379365] ehci-st: EHCI STMicroelectronics driver
[    1.384589] ehci-exynos: EHCI EXYNOS driver
[    1.389109] ehci-atmel: EHCI Atmel driver
[    1.393427] tegra-ehci: Tegra EHCI driver
[    1.397766] ohci_hcd: USB 1.1 'Open' Host Controller (OHCI) Driver
[    1.404232] ohci-pci: OHCI PCI platform driver
[    1.408914] ohci-platform: OHCI generic platform driver
[    1.414521] ohci-omap3: OHCI OMAP3 driver
[    1.418844] SPEAr-ohci: OHCI SPEAr driver
[    1.423163] ohci-st: OHCI STMicroelectronics driver
[    1.428387] ohci-atmel: OHCI Atmel driver
[    1.433049] usbcore: registered new interface driver usb-storage
[    1.440663] mousedev: PS/2 mouse device common for all mice
[    1.449610] i2c /dev entries driver
[    1.461275] sdhci: Secure Digital Host Controller Interface driver
[    1.467740] sdhci: Copyright(c) Pierre Ossman
[    1.473184] omap_hsmmc 4809c000.mmc: Got CD GPIO
[    1.506467] Synopsys Designware Multimedia Card Interface Driver
[    1.513795] sdhci-pltfm: SDHCI platform and OF driver helper
[    1.522162] ledtrig-cpu: registered to indicate activity on CPUs
[    1.528737] usbcore: registered new interface driver usbhid
[    1.534560] usbhid: USB HID core driver
[    1.542678] NET: Registered protocol family 10
[    1.547933] sit: IPv6 over IPv4 tunneling driver
[    1.553222] NET: Registered protocol family 17
[    1.557888] can: controller area network core (rev 20120528 abi 9)
[    1.564385] NET: Registered protocol family 29
[    1.569028] can: raw protocol (rev 20120528)
[    1.573499] can: broadcast manager protocol (rev 20120528 t)
[    1.579413] can: netlink gateway (rev 20130117) max_hops=1
[    1.585447] Key type dns_resolver registered
[    1.590055] omap_voltage_late_init: Voltage driver support not added
[    1.597223] Power Management for TI OMAP4+ devices.
[    1.602537] ThumbEE CPU extension supported.
[    1.607039] Registering SWP/SWPB emulation handler
[    1.613913] palmas 0-0058: Irq flag is 0x00000008
[    1.635688] ata1: SATA link up 3.0 Gbps (SStatus 123 SControl 300)
[    1.643576] ata1.00: ATA-8: ST3500514NS, SN11, max UDMA/133
[    1.649451] ata1.00: 976773168 sectors, multi 0: LBA48 NCQ (depth 31/32)
[    1.657389] palmas 0-0058: Muxing GPIO 2f, PWM 0, LED 0
[    1.663570] ata1.00: configured for UDMA/133
[    1.668374] scsi 0:0:0:0: Direct-Access     ATA      ST3500514NS      SN11 PQ: 0 ANSI: 5
[    1.700984] palmas-rtc 48070000.i2c:tps659038@58:tps659038_rtc: rtc core: registered 48070000.i2c:tps659 as rtc1
[    1.715200] omap_i2c 48070000.i2c: bus 0 rev0.12 at 400 kHz
[    1.722218] sd 0:0:0:0: [sda] 976773168 512-byte logical blocks: (500 GB/466 GiB)
[    1.730683] sd 0:0:0:0: [sda] Write Protect is off
[    1.735826] sd 0:0:0:0: [sda] Write cache: enabled, read cache: enabled, doesn't support DPO or FUA
[    1.746216] rtc-ds1307 2-006f: SET TIME!
[    1.752014] rtc-ds1307 2-006f: rtc core: registered mcp7941x as rtc0
[    1.758728]  sda: sda1 sda2 sda3
[    1.762279] rtc-ds1307 2-006f: 64 bytes nvram
[    1.766908] omap_i2c 48060000.i2c: bus 2 rev0.12 at 400 kHz
[    1.773723] sd 0:0:0:0: [sda] Attached SCSI disk
[    1.776614] omap_hsmmc 4809c000.mmc: Got CD GPIO
[    1.776730] omap_hsmmc 4809c000.mmc: omap_device: omap_device_enable() called from invalid state 1
[    1.821587] omap_hsmmc 480b4000.mmc: omap_device: omap_device_enable() called from invalid state 1
[    1.831154] vdd_3v3: supplied by regen1
[    1.864676] rtc-ds1307 2-006f: setting system clock to 2001-01-01 00:00:00 UTC (978307200)
[    1.881939] net eth0: initializing cpsw version 1.15 (0)
[    1.894623] mmc0: host does not support reading read-only switch, assuming write-enable
[    1.906922] mmc0: new high speed SD card at address aaaa
[    1.912787] mmcblk0: mmc0:aaaa SU02G 1.84 GiB 
[    1.919124]  mmcblk0: p1 p2 p3
[    1.967980] net eth0: phy found : id is : 0x221622
[    1.976202] mmc1: MAN_BKOPS_EN bit is not set
[    1.979225] IPv6: ADDRCONF(NETDEV_UP): eth0: link is not ready
[    1.994382] mmc1: new high speed MMC card at address 0001
[    2.000348] mmcblk1: mmc1:0001 S10004 3.56 GiB 
[    2.005240] mmcblk1boot0: mmc1:0001 S10004 partition 1 4.00 MiB
[    2.011587] mmcblk1boot1: mmc1:0001 S10004 partition 2 4.00 MiB
[    2.018460]  mmcblk1: p1 p2 p3
[    5.988626] cpsw 48484000.ethernet eth0: Link is Up - 1Gbps/Full - flow control rx/tx
[    5.996905] IPv6: ADDRCONF(NETDEV_CHANGE): eth0: link becomes ready
[    6.010673] Sending DHCP requests ., OK
[    6.035673] IP-Config: Got DHCP answer from 192.168.0.1, my address is 192.168.0.162
[    6.043903] IP-Config: Complete:
[    6.047319]      device=eth0, hwaddr=74:da:ea:08:38:a8, ipaddr=192.168.0.162, mask=255.255.255.0, gw=192.168.0.1
[    6.058027]      host=192.168.0.162, domain=ti.com, nis-domain=(none)
[    6.064805]      bootserver=0.0.0.0, rootserver=0.0.0.0, rootpath=     nameserver0=192.0.2.2, nameserver1=192.0.2.3
[    6.075904] aic_dvdd_fixed: disabling
[    6.079929] ldousb: disabling
[    6.085250] List of all partitions:
[    6.088943] 0800       488386584 sda  driver: sd
[    6.093813]   0801           80896 sda1 969134e1-01
[    6.098947]   0802        16776192 sda2 969134e1-02
[    6.104082]   0803       471526424 sda3 969134e1-03
[    6.109216] b300         1931264 mmcblk0  driver: mmcblk
[    6.114803]   b301           16127 mmcblk0p1 00000000-01
[    6.120397]   b302         1104768 mmcblk0p2 00000000-02
[    6.125997]   b303          808416 mmcblk0p3 00000000-03
[    6.131586] b310         3735552 mmcblk1  driver: mmcblk
[    6.137179]   b311           80896 mmcblk1p1 5f6ea9d1-01
[    6.142764]   b312         1047552 mmcblk1p2 5f6ea9d1-02
[    6.148349]   b313         2604032 mmcblk1p3 5f6ea9d1-03
[    6.153940] b330            4096 mmcblk1boot1  (driver?)
[    6.159532] b320            4096 mmcblk1boot0  (driver?)
[    6.165119] No filesystem could mount root, tried:  ext4
[    6.170721] Kernel panic - not syncing: VFS: Unable to mount root fs on unknown-block(179,1)
[    6.179590] CPU: 0 PID: 1 Comm: swapper/0 Not tainted 4.4.0-rc3-next-20151207-00002-g457cd6de6f23 #1
[    6.189186] Hardware name: Generic DRA74X (Flattened Device Tree)
[    6.195605] [<c021806c>] (unwind_backtrace) from [<c0213724>] (show_stack+0x10/0x14)
[    6.203754] [<c0213724>] (show_stack) from [<c0486468>] (dump_stack+0x70/0x8c)
[    6.211351] [<c0486468>] (dump_stack) from [<c02c9120>] (panic+0x8c/0x22c)
[    6.218579] [<c02c9120>] (panic) from [<c0dec208>] (mount_block_root+0x1f4/0x268)
[    6.226444] [<c0dec208>] (mount_block_root) from [<c0dec374>] (mount_root+0xf8/0x11c)
[    6.234680] [<c0dec374>] (mount_root) from [<c0dec4c0>] (prepare_namespace+0x128/0x18c)
[    6.243090] [<c0dec4c0>] (prepare_namespace) from [<c0debe34>] (kernel_init_freeable+0x1a0/0x1e8)
[    6.252418] [<c0debe34>] (kernel_init_freeable) from [<c09decb4>] (kernel_init+0x8/0xe8)
[    6.260931] [<c09decb4>] (kernel_init) from [<c0210a28>] (ret_from_fork+0x14/0x2c)
[    6.268894] CPU1: stopping
[    6.271731] CPU: 1 PID: 0 Comm: swapper/1 Not tainted 4.4.0-rc3-next-20151207-00002-g457cd6de6f23 #1
[    6.281299] Hardware name: Generic DRA74X (Flattened Device Tree)
[    6.287696] [<c021806c>] (unwind_backtrace) from [<c0213724>] (show_stack+0x10/0x14)
[    6.295818] [<c0213724>] (show_stack) from [<c0486468>] (dump_stack+0x70/0x8c)
[    6.303392] [<c0486468>] (dump_stack) from [<c021683c>] (handle_IPI+0x16c/0x1ac)
[    6.311147] [<c021683c>] (handle_IPI) from [<c020a6ec>] (gic_handle_irq+0x8c/0x98)
[    6.319077] [<c020a6ec>] (gic_handle_irq) from [<c0214200>] (__irq_svc+0x40/0x54)
[    6.326921] Exception stack(0xee0a7f90 to 0xee0a7fd8)
[    6.332212] 7f80:                                     00000001 00000000 c1000da0 00000000
[    6.340784] 7fa0: c0eee50c c0eee4ac 00000000 c0ee95c8 c0eee514 00000001 c0ee6364 00000000
[    6.349345] 7fc0: c0ee6380 ee0a7fe0 c023383c c0211430 60000013 ffffffff
[    6.356281] [<c0214200>] (__irq_svc) from [<c0211430>] (arch_cpu_idle+0x1c/0x3c)
[    6.364040] [<c0211430>] (arch_cpu_idle) from [<c027db0c>] (cpu_startup_entry+0x1c4/0x248)
[    6.372696] [<c027db0c>] (cpu_startup_entry) from [<8020aaec>] (0x8020aaec)
[    6.380002] ---[ end Kernel panic - not syncing: VFS: Unable to mount root fs on unknown-block(179,1)
- 07:22:37 [INFO] Boot attempt 1/1 failed
- 07:22:37 [INFO] Disconnected serial from am57xx-evm
URL:gtsystest.telogy.design.ti.com/vatf/tigtfarm03/tigtfarm03_vatf@am57xx-evm1/tigtfarm0312_07_2015_07_17_39/files/session_iteration_1/test_1
