- 07:13:50 [INFO] Starting target session
- 07:13:50 [INFO] Connected to dra7xx-evm via serial 
- 07:13:50 [INFO] Host: #check prompt
- 07:13:52 [ERROR] On command: #check prompt waiting for (?-mix:((?-mix:login:)|[Pp]assword)) >>> error: execution expired
- 07:13:52 [INFO] Target: 
#check prompt
root@dra7xx-evm:/test# 
- 07:13:52 [INFO] Host: #check prompt
- 07:13:53 [INFO] Target: 
#check prompt
root@dra7xx-evm:/test# 
- 07:13:53 [INFO] Host: sync;poweroff
- 07:14:07 [INFO] Target: 
sync;poweroff


Broadcast message from root@drAJj.]Y[Z.H+K.]CRR Sending processes the TERM signal

root@dra7xx-evm:/test# 
INIT: Stopping telnet daemon.
Stopping system message bus: dbus.
Stopping syslogd/klogd: stopped syslogd (pid 1543)
stopped klogd (pid 1547)
done
Stopping thttpd.
ALSA: Storing mixer settings...
/usr/sbin/alsactl: save_state:1590: No soundcards found...
Deconfiguring network interfaces... done.
Sending all processes the TERM signal...
Sending all processes the KILL signal...
Unmounting remote filesystems...
Deactivating swap...
Unmounting local filesystems...
[  987.593231] reboot: System halted

- 07:14:07 [INFO] Disconnected serial from dra7xx-evm
- 07:14:28 [INFO] Connected to dra7xx-evm via serial 
- 07:14:28 [INFO] Host: 
- 07:14:28 [INFO] Target: 
 0 
U-Boot# 
- 07:14:28 [INFO] Host: version
- 07:14:29 [INFO] Target: 
version

U-Boot 2014.07 (Jul 14 2014 - 13:25:06)
arm-linux-gnueabihf-gcc (crosstool-NG linaro-1.13.1-4.7-2013.03-20130313 - Linaro GCC 2013.03) 4.7.3 20130226 (prerelease)
GNU ld (crosstool-NG linaro-1.13.1-4.7-2013.03-20130313 - Linaro GCC 2013.03) 2.23.1
U-Boot# 
- 07:14:29 [INFO] Host: bdi
- 07:14:29 [INFO] Target: 
bdi
arch_number = 0x00000000
boot_params = 0x80000100
DRAM bank   = 0x00000000
-> start    = 0x80000000
-> size     = 0x60000000
eth0name    = cpsw
ethaddr     = c4:ed:ba:c2:1b:54
current eth = cpsw
ip_addr     = <NULL>
baudrate    = 115200 bps
TLB addr    = 0xDFFF0000
relocaddr   = 0xDFF5E000
reloc off   = 0x5F75E000
irq_sp      = 0xDEF3DEE0
sp start    = 0xDEF3DED0
U-Boot# 
- 07:14:29 [INFO] Host: printenv
- 07:14:30 [INFO] Target: 
printenv
arch=arm
baudrate=115200
board=dra7xx
board_name=dra7xx
bootcmd=run findfdt; run mmcboot;setenv mmcdev 1; setenv bootpart 1:2; setenv mmcroot /dev/mmcblk0p2 rw; run mmcboot;
bootdelay=1
bootdir=/boot
bootfile=zImage
bootm_size=0x10000000
bootpart=0:2
bootscript=echo Running bootscript from mmc${mmcdev} ...; source ${loadaddr}
console=ttyO0,115200n8
cpu=armv7
eth1addr=c4:ed:ba:c2:1b:55
ethact=cpsw
ethaddr=c4:ed:ba:c2:1b:54
fdt_addr_r=0x88000000
fdtaddr=0x88000000
fdtfile=undefined
findfdt=if test $board_name = omap5_uevm; then setenv fdtfile omap5-uevm.dtb; fi; if test $board_name = dra7xx; then setenv fdtfile dra7-evm.dtb; fi;if test $board_name = dra72x; then setenv fdtfile dra72-evm.dtb; fi;if test $fdtfile = undefined; then echo WARNING: Could not determine device tree to use; fi; 
importbootenv=echo Importing environment from mmc${mmcdev} ...; env import -t ${loadaddr} ${filesize}
kernel_addr_r=0x82000000
loadaddr=0x82000000
loadbootenv=fatload mmc ${mmcdev} ${loadaddr} uEnv.txt
loadbootscript=fatload mmc ${mmcdev} ${loadaddr} boot.scr
loadfdt=load mmc ${bootpart} ${fdtaddr} ${bootdir}/${fdtfile};
loadimage=load mmc ${bootpart} ${loadaddr} ${bootdir}/${bootfile}
mmcargs=setenv bootargs console=${console} ${optargs} vram=${vram} root=${mmcroot} rootfstype=${mmcrootfstype}
mmcboot=mmc dev ${mmcdev}; if mmc rescan; then echo SD/MMC found on device ${mmcdev};if run loadbootenv; then echo Loaded environment from ${bootenv};run importbootenv;fi;if test -n $uenvcmd; then echo Running uenvcmd ...;run uenvcmd;fi;if run loadimage; then run loadfdt; echo Booting from mmc${mmcdev} ...; run mmcargs; bootz ${loadaddr} - ${fdtaddr}; fi;fi;
mmcdev=0
mmcroot=/dev/mmcblk1p2 rw
mmcrootfstype=ext4 rootwait
partitions=uuid_disk=${uuid_gpt_disk};name=rootfs,start=2MiB,size=-,uuid=${uuid_gpt_rootfs}
ramdisk_addr_r=0x88080000
rdaddr=0x88080000
scsidevs=0
soc=omap5
stderr=serial
stdin=serial
stdout=serial
usbtty=cdc_acm
vendor=ti
ver=U-Boot 2014.07 (Jul 14 2014 - 13:25:06)
vram=16M

Environment size: 2085/131067 bytes
U-Boot# 
- 07:14:30 [INFO] Host: setenv autoload 'no'
- 07:14:30 [INFO] Target: 
setenv autoload 'no'
U-Boot# 
- 07:14:30 [INFO] Host: usb start
- 07:14:33 [INFO] Target: 
usb start
(Re)start USB...
USB0:   Register 2000140 NbrPorts 2
Starting the controller
USB XHCI 1.00
scanning bus 0 for devices... 2 USB Device(s) found
       scanning usb for storage devices... 1 Storage Device(s) found
U-Boot# 
- 07:14:33 [INFO] Host: dhcp
- 07:14:35 [INFO] Target: 
dhcp
cpsw Waiting for PHY auto negotiation to complete.. done
link up on port 0, speed 1000, full duplex
BOOTP broadcast 1
DHCP client bound to address 192.168.0.163
U-Boot# 
- 07:14:35 [INFO] Host: setenv serverip 192.168.0.1
- 07:14:35 [INFO] Target: 
setenv serverip 192.168.0.1
U-Boot# 
- 07:14:35 [INFO] Host: setenv bootargs 'console=ttyO0,115200n8 earlyprintk rootwait ip=dhcp root=/dev/mmcblk1p2 rw rootfstype=ext3'
- 07:14:36 [INFO] Target: 
setenv bootargs 'console=ttyO0,115200n8 earlyprintk rootwait ip=dhcp root=/dev/mmcblk1p2 rw rootfstype=ext3'
U-Boot# 
- 07:14:36 [INFO] Host: printenv
- 07:14:36 [INFO] Target: 
printenv
arch=arm
autoload=no
baudrate=115200
board=dra7xx
board_name=dra7xx
bootargs=console=ttyO0,115200n8 earlyprintk rootwait ip=dhcp root=/dev/mmcblk1p2 rw rootfstype=ext3
bootcmd=run findfdt; run mmcboot;setenv mmcdev 1; setenv bootpart 1:2; setenv mmcroot /dev/mmcblk0p2 rw; run mmcboot;
bootdelay=1
bootdir=/boot
bootfile=zImage
bootm_size=0x10000000
bootpart=0:2
bootscript=echo Running bootscript from mmc${mmcdev} ...; source ${loadaddr}
console=ttyO0,115200n8
cpu=armv7
dnsip=192.0.2.2
dnsip2=192.0.2.3
eth1addr=c4:ed:ba:c2:1b:55
ethact=cpsw
ethaddr=c4:ed:ba:c2:1b:54
fdt_addr_r=0x88000000
fdtaddr=0x88000000
fdtfile=undefined
findfdt=if test $board_name = omap5_uevm; then setenv fdtfile omap5-uevm.dtb; fi; if test $board_name = dra7xx; then setenv fdtfile dra7-evm.dtb; fi;if test $board_name = dra72x; then setenv fdtfile dra72-evm.dtb; fi;if test $fdtfile = undefined; then echo WARNING: Could not determine device tree to use; fi; 
gatewayip=192.168.0.1
importbootenv=echo Importing environment from mmc${mmcdev} ...; env import -t ${loadaddr} ${filesize}
ipaddr=192.168.0.163
kernel_addr_r=0x82000000
loadaddr=0x82000000
loadbootenv=fatload mmc ${mmcdev} ${loadaddr} uEnv.txt
loadbootscript=fatload mmc ${mmcdev} ${loadaddr} boot.scr
loadfdt=load mmc ${bootpart} ${fdtaddr} ${bootdir}/${fdtfile};
loadimage=load mmc ${bootpart} ${loadaddr} ${bootdir}/${bootfile}
mmcargs=setenv bootargs console=${console} ${optargs} vram=${vram} root=${mmcroot} rootfstype=${mmcrootfstype}
mmcboot=mmc dev ${mmcdev}; if mmc rescan; then echo SD/MMC found on device ${mmcdev};if run loadbootenv; then echo Loaded environment from ${bootenv};run importbootenv;fi;if test -n $uenvcmd; then echo Running uenvcmd ...;run uenvcmd;fi;if run loadimage; then run loadfdt; echo Booting from mmc${mmcdev} ...; run mmcargs; bootz ${loadaddr} - ${fdtaddr}; fi;fi;
mmcdev=0
mmcroot=/dev/mmcblk1p2 rw
mmcrootfstype=ext4 rootwait
netmask=255.255.255.0
partitions=uuid_disk=${uuid_gpt_disk};name=rootfs,start=2MiB,size=-,uuid=${uuid_gpt_rootfs}
ramdisk_addr_r=0x88080000
rdaddr=0x88080000
scsidevs=0
serverip=192.168.0.1
soc=omap5
stderr=serial
stdin=serial
stdout=serial
usbtty=cdc_acm
vendor=ti
ver=U-Boot 2014.07 (Jul 14 2014 - 13:25:06)
vram=16M

Environment size: 2332/131067 bytes
U-Boot# 
- 07:14:36 [INFO] Host: setenv bootcmd 'tftp ${loadaddr} 192.168.0.1:vatf_dra7xx-evm/771408dac25a673f9a7a025004a4e22a; tftp ${fdtaddr} 192.168.0.1:vatf_dra7xx-evm/9bee44472cc53e684386bd80d6fffbfc; if iminfo ${loadaddr}; then bootm ${loadaddr} - ${fdtaddr}; else bootz ${loadaddr} - ${fdtaddr}; bootm ${loadaddr} - ${fdtaddr}; fi' 
- 07:14:37 [INFO] Target: 
setenv bootcmd 'tftp ${loadaddr} 192.168.0.1:vatf_dra7xx-evm/771408dac25a673f9a7a025004a4e22a; tftp ${fdtaddr} 192.168.0.1:vatf_dra7xx-evm/9bee44472cc53e684386bd80d6fffbfc; if iminfo ${loadaddr}; then bootm ${loadaddr} - ${fdtaddr}; else bootz ${loadaddr} - ${fdtaddr}; bootm ${loadaddr} - ${fdtaddr}; fi' 
U-Boot# 
- 07:14:37 [INFO] Host: boot
- 07:15:02 [INFO] Target: 
boot
link up on port 0, speed 1000, full duplex
Using cpsw device
TFTP from server 192.168.0.1; our IP address is 192.168.0.163
Filename 'vatf_dra7xx-evm/771408dac25a673f9a7a025004a4e22a'.
Load address: 0x82000000
Loading: *cpsw Waiting for PHY auto negotiation to complete...... done
T #################################################################
	 #################################################################
	 #################################################################
	 #################################################################
	 #################################################################
	 ######################
	 933.6 KiB/s
done
Bytes transferred = 5083216 (4d9050 hex)
link up on port 0, speed 1000, full duplex
Using cpsw device
TFTP from server 192.168.0.1; our IP address is 192.168.0.163
Filename 'vatf_dra7xx-evm/9bee44472cc53e684386bd80d6fffbfc'.
Load address: 0x88000000
Loading: *#####
	 12.2 MiB/s
done
Bytes transferred = 63755 (f90b hex)

## Checking Image at 82000000 ...
Unknown image format!
Kernel image @ 0x82000000 [ 0x000000 - 0x4d9050 ]
## Flattened Device Tree blob at 88000000
   Booting using the fdt blob at 0x88000000
   Loading Device Tree to 8ffed000, end 8ffff90a ... OK

Starting kernel ...

[    0.000000] Booting Linux on physical CPU 0x0
[    0.000000] Linux version 3.16.0-rc6-next-20140725-00002-gd7ba82e (nmenon@kahuna) (gcc version 4.6.3 (Ubuntu/Linaro 4.6.3-1ubuntu5) ) #1 SMP Mon Jul 28 06:17:55 CDT 2014
[    0.000000] CPU: ARMv7 Processor [412fc0f2] revision 2 (ARMv7), cr=30c5387d
[    0.000000] CPU: PIPT / VIPT nonaliasing data cache, PIPT instruction cache
[    0.000000] Machine model: TI DRA742
[    0.000000] cma: Reserved 64 MiB at ab800000
[    0.000000] Forcing write-allocate cache policy for SMP
[    0.000000] Memory policy: Data cache writealloc
[    0.000000] DRA752 ES1.0
[    0.000000] PERCPU: Embedded 8 pages/cpu @eab8b000 s8448 r8192 d16128 u32768
[    0.000000] Built 1 zonelists in Zone order, mobility grouping on.  Total pages: 391184
[    0.000000] Kernel command line: console=ttyO0,115200n8 earlyprintk rootwait ip=dhcp root=/dev/mmcblk1p2 rw rootfstype=ext3
[    0.000000] PID hash table entries: 4096 (order: 2, 16384 bytes)
[    0.000000] Dentry cache hash table entries: 131072 (order: 7, 524288 bytes)
[    0.000000] Inode-cache hash table entries: 65536 (order: 6, 262144 bytes)
[    0.000000] Memory: 1480484K/1570816K available (6614K kernel code, 923K rwdata, 2632K rodata, 692K init, 308K bss, 90332K reserved, 792576K highmem)
[    0.000000] Virtual kernel memory layout:
[    0.000000]     vector  : 0xffff0000 - 0xffff1000   (   4 kB)
[    0.000000]     fixmap  : 0xffc00000 - 0xffe00000   (2048 kB)
[    0.000000]     vmalloc : 0xf0000000 - 0xff000000   ( 240 MB)
[    0.000000]     lowmem  : 0xc0000000 - 0xef800000   ( 760 MB)
[    0.000000]     pkmap   : 0xbfe00000 - 0xc0000000   (   2 MB)
[    0.000000]     modules : 0xbf000000 - 0xbfe00000   (  14 MB)
[    0.000000]       .text : 0xc0208000 - 0xc0b0fbec   (9247 kB)
[    0.000000]       .init : 0xc0b10000 - 0xc0bbd100   ( 693 kB)
[    0.000000]       .data : 0xc0bbe000 - 0xc0ca4d80   ( 924 kB)
[    0.000000]        .bss : 0xc0ca4d80 - 0xc0cf2050   ( 309 kB)
[    0.000000] SLUB: HWalign=64, Order=0-3, MinObjects=0, CPUs=2, Nodes=1
[    0.000000] Hierarchical RCU implementation.
[    0.000000] 	RCU restricting CPUs from NR_CPUS=8 to nr_cpu_ids=2.
[    0.000000] RCU: Adjusting geometry for rcu_fanout_leaf=16, nr_cpu_ids=2
[    0.000000] NR_IRQS:16 nr_irqs:16 16
[    0.000000] OMAP clockevent source: timer1 at 32768 Hz
[    0.000000] sched_clock: 32 bits at 32kHz, resolution 30517ns, wraps every 65536000000000ns
[    0.000030] OMAP clocksource: 32k_counter at 32768 Hz
[    0.000366] Architected cp15 timer(s) running at 6.14MHz (virt).
[    0.000401] sched_clock: 56 bits at 6MHz, resolution 162ns, wraps every 2796202663936ns
[    0.000411] Switching to timer-based delay loop, resolution 162ns
[    0.004097] Console: colour dummy device 80x30
[    0.004114] Calibrating delay loop (skipped), value calculated using timer frequency.. 12.28 BogoMIPS (lpj=30720)
[    0.004125] pid_max: default: 32768 minimum: 301
[    0.004210] Mount-cache hash table entries: 2048 (order: 1, 8192 bytes)
[    0.004219] Mountpoint-cache hash table entries: 2048 (order: 1, 8192 bytes)
[    0.004612] CPU: Testing write buffer coherency: ok
[    0.004773] /cpus/cpu@0 missing clock-frequency property
[    0.004798] /cpus/cpu@1 missing clock-frequency property
[    0.004807] CPU0: thread -1, cpu 0, socket 0, mpidr 80000000
[    0.004842] Setting up static identity map for 0x80840360 - 0x808403f8
[    0.006988] CPU1: Booted secondary processor
[    0.007010] CPU1: thread -1, cpu 1, socket 0, mpidr 80000001
[    0.007065] Brought up 2 CPUs
[    0.007077] SMP: Total of 2 processors activated.
[    0.007082] CPU: All CPU(s) started in SVC mode.
[    0.007427] devtmpfs: initialized
[    0.008009] VFP support v0.3: implementor 41 architecture 4 part 30 variant f rev 0
[    0.008069] omap_hwmod: l3_main_2 using broken dt data from ocp
[    0.047304] omap_hwmod: dss_core: _wait_target_disable failed
[    0.047316] omap_hwmod: dss_core: cannot be enabled for reset (3)
[    0.049830] omap_hwmod: dss_dispc: cannot be enabled for reset (3)
[    0.052351] omap_hwmod: dss_hdmi: cannot be enabled for reset (3)
[    0.119300] pinctrl core: initialized pinctrl subsystem
[    0.119627] regulator-dummy: no parameters
[    0.134082] NET: Registered protocol family 16
[    0.135542] DMA: preallocated 256 KiB pool for atomic coherent allocations
[    0.136923] cpuidle: using governor ladder
[    0.136934] cpuidle: using governor menu
[    0.138140] omap_l3_noc 44000000.ocp: L3 debug error: target 2 mod:1 (unclearable)
[    0.138192] omap_l3_noc 44000000.ocp: L3 application error: target 2 mod:1 (unclearable)
[    0.138680] platform 51000000.pcie: Cannot lookup hwmod 'pcie1'
[    0.140149] OMAP GPIO hardware version 0.1
[    0.146154] platform 4e000000.dmm: Cannot lookup hwmod 'dmm'
[    0.148620] platform 4a090000.ocp2scp: Cannot lookup hwmod 'ocp2scp3'
[    0.150317] omap-gpmc 50000000.gpmc: could not find pctldev for node /ocp/pinmux@4a003400/nand_flash_x16, deferring probe
[    0.150330] platform 50000000.gpmc: Driver omap-gpmc requests probe deferral
[    0.151147] No ATAGs?
[    0.151172] hw-breakpoint: found 5 (+1 reserved) breakpoint and 4 watchpoint registers.
[    0.151179] hw-breakpoint: maximum watchpoint size is 8 bytes.
[    0.151302] EXYNOS: PMU not supported
[    0.152406] OMAP DMA hardware revision 0.0
[    0.153944] Serial: AMBA PL011 UART driver
[    0.173756] edma-dma-engine edma-dma-engine.0: Can't allocate PaRAM dummy slot
[    0.173773] edma-dma-engine: probe of edma-dma-engine.0 failed with error -5
[    0.182253] omap-dma-engine 4a056000.dma-controller: OMAP DMA engine driver
[    0.182599] mmc2_3v3: 3300 mV 
[    0.184421] vgaarb: loaded
[    0.184890] SCSI subsystem initialized
[    0.185232] usbcore: registered new interface driver usbfs
[    0.185279] usbcore: registered new interface driver hub
[    0.185350] usbcore: registered new device driver usb
[    0.185855] omap_i2c 48070000.i2c: could not find pctldev for node /ocp/pinmux@4a003400/pinmux_i2c1_pins, deferring probe
[    0.185868] platform 48070000.i2c: Driver omap_i2c requests probe deferral
[    0.185893] omap_i2c 48072000.i2c: could not find pctldev for node /ocp/pinmux@4a003400/pinmux_i2c2_pins, deferring probe
[    0.185902] platform 48072000.i2c: Driver omap_i2c requests probe deferral
[    0.185926] omap_i2c 48060000.i2c: could not find pctldev for node /ocp/pinmux@4a003400/pinmux_i2c3_pins, deferring probe
[    0.185936] platform 48060000.i2c: Driver omap_i2c requests probe deferral
[    0.186152] Linux video capture interface: v2.00
[    0.186192] pps_core: LinuxPPS API ver. 1 registered
[    0.186197] pps_core: Software ver. 5.3.6 - Copyright 2005-2007 Rodolfo Giometti <giometti@linux.it>
[    0.186219] PTP clock support registered
[    0.186272] EDAC MC: Ver: 3.0.0
[    0.186853] Advanced Linux Sound Architecture Driver Initialized.
[    0.187591] Switched to clocksource arch_sys_counter
[    0.194451] NET: Registered protocol family 2
[    0.194823] TCP established hash table entries: 8192 (order: 3, 32768 bytes)
[    0.194885] TCP bind hash table entries: 8192 (order: 4, 65536 bytes)
[    0.195015] TCP: Hash tables configured (established 8192 bind 8192)
[    0.195054] TCP: reno registered
[    0.195064] UDP hash table entries: 512 (order: 2, 16384 bytes)
[    0.195093] UDP-Lite hash table entries: 512 (order: 2, 16384 bytes)
[    0.195206] NET: Registered protocol family 1
[    0.195382] RPC: Registered named UNIX socket transport module.
[    0.195389] RPC: Registered udp transport module.
[    0.195394] RPC: Registered tcp transport module.
[    0.195399] RPC: Registered tcp NFSv4.1 backchannel transport module.
[    0.197303] futex hash table entries: 512 (order: 3, 32768 bytes)
[    0.206539] squashfs: version 4.0 (2009/01/31) Phillip Lougher
[    0.207104] NFS: Registering the id_resolver key type
[    0.207132] Key type id_resolver registered
[    0.207138] Key type id_legacy registered
[    0.207182] msgmni has been set to 1471
[    0.207621] bounce: pool size: 64 pages
[    0.207788] Block layer SCSI generic (bsg) driver version 0.4 loaded (major 249)
[    0.207799] io scheduler noop registered
[    0.207809] io scheduler deadline registered
[    0.207957] io scheduler cfq registered (default)
[    0.208507] platform 4a094000.pciephy: Cannot lookup hwmod 'pcie1-phy'
[    0.210045] platform 4a084000.phy: Driver omap-usb2 requests probe deferral
[    0.210139] platform 4a085000.phy: Driver omap-usb2 requests probe deferral
[    0.211133] pinctrl-single 4a003400.pinmux: 281 pins at pa fc003400 size 1124
[    0.256643] Serial: 8250/16550 driver, 4 ports, IRQ sharing disabled
[    0.258034] Serial: IMX driver
[    0.258308] msm_serial: driver initialized
[    0.258731] omap_uart 4806a000.serial: no wakeirq for uart0
[    0.258821] 4806a000.serial: ttyO0 at MMIO 0x4806a000 (irq = 294, base_baud = 3000000) is a OMAP UART0
[    1.081812] console [ttyO0] enabled
[    1.085755] omap_uart 4806c000.serial: no wakeirq for uart0
[    1.091643] 4806c000.serial: ttyO1 at MMIO 0x4806c000 (irq = 295, base_baud = 3000000) is a OMAP UART1
[    1.101637] omap_uart 48020000.serial: no wakeirq for uart0
[    1.107525] 48020000.serial: ttyO2 at MMIO 0x48020000 (irq = 296, base_baud = 3000000) is a OMAP UART2
[    1.117553] STMicroelectronics ASC driver initialized
[    1.123465] serial: Freescale lpuart driver
[    1.128001] [drm] Initialized drm 1.1.0 20060810
[    1.136965] loop: module loaded
[    1.141183] platform 4a140000.sata: Driver ahci requests probe deferral
[    1.150857] CAN device driver interface
[    1.155476] igb: Intel(R) Gigabit Ethernet Network Driver - version 5.0.5-k
[    1.162755] igb: Copyright (c) 2007-2014 Intel Corporation.
[    1.169686] pegasus: v0.9.3 (2013/04/25), Pegasus/Pegasus II USB Ethernet driver
[    1.177452] usbcore: registered new interface driver pegasus
[    1.183423] usbcore: registered new interface driver asix
[    1.189103] usbcore: registered new interface driver ax88179_178a
[    1.195504] usbcore: registered new interface driver cdc_ether
[    1.201654] usbcore: registered new interface driver smsc75xx
[    1.207717] usbcore: registered new interface driver smsc95xx
[    1.213760] usbcore: registered new interface driver net1080
[    1.219720] usbcore: registered new interface driver cdc_subset
[    1.225941] usbcore: registered new interface driver zaurus
[    1.231839] usbcore: registered new interface driver cdc_ncm
[    1.237783] ehci_hcd: USB 2.0 'Enhanced' Host Controller (EHCI) Driver
[    1.244611] ehci-pci: EHCI PCI platform driver
[    1.249292] ehci-platform: EHCI generic platform driver
[    1.254886] ehci-omap: OMAP-EHCI Host Controller driver
[    1.260461] ehci-orion: EHCI orion driver
[    1.264761] SPEAr-ehci: EHCI SPEAr driver
[    1.269055] tegra-ehci: Tegra EHCI driver
[    1.273367] ohci_hcd: USB 1.1 'Open' Host Controller (OHCI) Driver
[    1.279838] ohci-pci: OHCI PCI platform driver
[    1.284530] ohci-platform: OHCI generic platform driver
[    1.290105] ohci-omap3: OHCI OMAP3 driver
[    1.294407] SPEAr-ohci: OHCI SPEAr driver
[    1.299215] usbcore: registered new interface driver usb-storage
[    1.306898] mousedev: PS/2 mouse device common for all mice
[    1.314835] i2c /dev entries driver
[    1.319417] usbcore: registered new interface driver uvcvideo
[    1.325424] USB Video Class driver (1.1.1)
[    1.329708] gspca_main: v2.14.0 registered
[    1.336252] sdhci: Secure Digital Host Controller Interface driver
[    1.342710] sdhci: Copyright(c) Pierre Ossman
[    1.348069] omap_hsmmc 4809c000.mmc: unable to get vmmc regulator -517
[    1.354938] platform 4809c000.mmc: Driver omap_hsmmc requests probe deferral
[    1.392827] Synopsys Designware Multimedia Card Interface Driver
[    1.399644] sdhci-pltfm: SDHCI platform and OF driver helper
[    1.406608] usbcore: registered new interface driver usbhid
[    1.412432] usbhid: USB HID core driver
[    1.420239] TCP: cubic registered
[    1.423717] NET: Registered protocol family 17
[    1.428374] can: controller area network core (rev 20120528 abi 9)
[    1.430725] mmc0: BKOPS_EN bit is not set
[    1.433064] mmc0: new high speed MMC card at address 0001
[    1.433349] mmcblk0: mmc0:0001 MMC04G 3.52 GiB 
[    1.437628] mmcblk0boot0: mmc0:0001 MMC04G partition 1 16.0 MiB
[    1.437725] mmcblk0boot1: mmc0:0001 MMC04G partition 2 16.0 MiB
[    1.439031]  mmcblk0: p1
[    1.440256]  mmcblk0boot1: unknown partition table
[    1.441290]  mmcblk0boot0: unknown partition table
[    1.474374] NET: Registered protocol family 29
[    1.479024] can: raw protocol (rev 20120528)
[    1.483488] can: broadcast manager protocol (rev 20120528 t)
[    1.489412] can: netlink gateway (rev 20130117) max_hops=1
[    1.495457] Key type dns_resolver registered
[    1.500036] omap_voltage_late_init: Voltage driver support not added
[    1.507020] ThumbEE CPU extension supported.
[    1.511496] Registering SWP/SWPB emulation handler
[    1.517178] omap-gpmc 50000000.gpmc: GPMC revision 6.0
[    1.523698] palmas 0-0058: IRQ missing: skipping irq request
[    1.529926] palmas 0-0058: Muxing GPIO 2e, PWM 0, LED 0
[    1.537186] smps123: 850 <--> 1250 mV at 1060 mV 
[    1.543490] smps45: 850 <--> 1150 mV at 1060 mV 
[    1.549691] smps6: 850 <--> 1650 mV at 1060 mV 
[    1.555641] smps7: 850 <--> 1030 mV at 1030 mV 
[    1.561728] smps8: 850 <--> 1250 mV at 1060 mV 
[    1.567716] smps9: 1800 mV 
[    1.571817] ldo1: 1800 <--> 3300 mV at 3300 mV 
[    1.578004] ldo2: 3300 mV 
[    1.582276] ldo3: 1800 mV 
[    1.585795] LDO4: at 1800 mV 
[    1.589318] LDO5: no parameters
[    1.593022] LDO6: no parameters
[    1.596724] LDO7: no parameters
[    1.600425] LDO8: no parameters
[    1.604903] ldo9: 1050 mV 
[    1.609177] ldoln: 1800 mV 
[    1.613542] ldousb: 3300 mV 
[    1.617071] REGEN1: no parameters
[    1.620639] REGEN2: no parameters
[    1.624207] REGEN3: no parameters
[    1.627779] SYSEN1: no parameters
[    1.631335] SYSEN2: no parameters
[    1.634872] omap_i2c 48070000.i2c: bus 0 rev0.12 at 400 kHz
[    1.641225] omap_i2c 48072000.i2c: bus 1 rev0.12 at 400 kHz
[    1.647551] omap_i2c 48060000.i2c: bus 2 rev0.12 at 3400 kHz
[    1.654466] platform 4a140000.sata: Driver ahci requests probe deferral
[    1.692901] platform 4a140000.sata: Driver ahci requests probe deferral
[    1.700292] drivers/rtc/hctosys.c: unable to open rtc device (rtc0)
[    1.773979] mmc1: host does not support reading read-only switch. assuming write-enable.
[    1.785922] mmc1: new high speed SD card at address e624
[    1.791751] mmcblk1: mmc1:e624 SU02G 1.84 GiB 
[    1.797796]  mmcblk1: p1 p2 p3
[    1.801964] platform 4a140000.sata: Driver ahci requests probe deferral
[   13.772869] ldousb: disabling
[   13.776376] ldo9: disabling
[   13.779708] ldo2: disabling
[   13.783036] smps8: disabling
[   13.786442] smps6: disabling
[   13.789858] smps45: disabling
[   13.793398] ALSA device list:
[   13.796492]   No soundcards found.
[   13.801264] EXT4-fs (mmcblk1p2): mounting ext3 file system using the ext4 subsystem
[   13.834488] EXT4-fs (mmcblk1p2): mounted filesystem with ordered data mode. Opts: (null)
[   13.842973] VFS: Mounted root (ext3 filesystem) on device 179:50.
[   13.854836] devtmpfs: mounted
[   13.858330] Freeing unused kernel memory: 692K (c0b10000 - c0bbd000)

INIT: version 2.88 booting

Error opening /dev/fb0: No such file or directory
Starting udev
[   14.348710] udevd[79]: starting version 182
[   15.246954] random: nonblocking pool is initialized
udevd[329]: failed to execute '/etc/udev/scripts/mount.sh' '/etc/udev/scripts/mount.sh': No such file or directory


udevd[330]: failed to execute '/etc/udev/scripts/mount.sh' '/etc/udev/scripts/mount.sh': No such file or directory


udevd[331]: failed to execute '/etc/udev/scripts/mount.sh' '/etc/udev/scripts/mount.sh': No such file or directory


udevd[332]: failed to execute '/etc/udev/scripts/mount.sh' '/etc/udev/scripts/mount.sh': No such file or directory


depmod: ERROR: could not open directory /lib/modules/3.16.0-rc6-next-20140725-00002-gd7ba82e: No such file or directory
depmod: WARNING: -e needs -E or -F
depmod: ERROR: could not open directory /lib/modules/3.16.0-rc6-next-20140725-00002-gd7ba82e: No such file or directory
depmod: FATAL: could not search modules: No such file or directory
[   15.578482] EXT4-fs (mmcblk1p2): re-mounted. Opts: data=ordered
Starting Bootlog daemon: bootlogd.

Populating dev cache

ALSA: Restoring mixer settings...

Configuring network interfaces... /usr/sbin/alsactl: load_state:1729: No soundcards found...

ifconfig: SIOCGIFFLAGS: No such device

done.

hwclock: can't open '/dev/misc/rtc': No such file or directory

Fri Jul 11 18:58:00 UTC 2014

hwclock: can't open '/dev/misc/rtc': No such file or directory


INIT: Entering runlevel: 5


Starting system message bus: dbus.

Starting Dropbear SSH server: dropbear.

Starting telnet daemon.

Starting tiipclad daemon

Spawned daemon: /usr/bin/lad_dra7xx



.

hwclock: can't open '/dev/misc/rtc': No such file or directory

Starting syslogd/klogd: done

Starting thttpd.

Starting Lighttpd Web Server: 2014-07-11 18:58:00: (log.c.166) server started 

lighttpd.

/

Removing stale PID file /var/run/matrix-gui-2.0.pid.

Starting Matrix GUI application.

***************************************************************

***************************************************************

NOTICE: This file system contains the followin GPLv3 packages:

	binutils-symlinks

	binutils

	gdbserver

	parted



If you do not wish to distribute GPLv3 components please remove

the above packages prior to distribution.  This can be done using

the opkg remove command.  i.e.:

    opkg remove <package>

Where <package> is the name printed in the list above



NOTE: If the package is a dependency of another package you

      will be notified of the dependent packages.  You should

      use the --force-removal-of-dependent-packages option to

      also remove the dependent packages as well

***************************************************************

***************************************************************

Stopping Bootlog daemon: bootlogd.


 _____                    _____           _         _   

|  _  |___ ___ ___ ___   |  _  |___ ___  |_|___ ___| |_ 

|     |  _| .'| . | . |  |   __|  _| . | | | -_|  _|  _|

|__|__|_| |__,|_  |___|  |__|  |_| |___|_| |___|___|_|  

              |___|                    |___|            



Arago Project http://arago-project.org dra7xx-evm /dev/ttyO0



Arago 2014.05 dra7xx-evm /dev/ttyO0



dra7xx-evm login: 
- 07:15:02 [INFO] Host: root
- 07:15:03 [INFO] Target: 
root
root@dra7xx-evm:~# 
- 07:15:03 [INFO] Host: uname -a
- 07:15:04 [INFO] Target: 
uname -a
Linux dra7xx-evm 3.16.0-rc6-next-20140725-00002-gd7ba82e #1 SMP Mon Jul 28 06:17:55 CDT 2014 armv7l GNU/Linux
root@dra7xx-evm:~# 
- 07:15:04 [INFO] Host: cat /proc/cmdline
- 07:15:04 [INFO] Target: 
cat /proc/cmdline
console=ttyO0,115200n8 earlyprintk rootwait ip=dhcp root=/dev/mmcblk1p2 rw rootfstype=ext3
root@dra7xx-evm:~# 
- 07:15:04 [INFO] Host: uname -a
- 07:15:05 [INFO] Target: 
uname -a
Linux dra7xx-evm 3.16.0-rc6-next-20140725-00002-gd7ba82e #1 SMP Mon Jul 28 06:17:55 CDT 2014 armv7l GNU/Linux
root@dra7xx-evm:~# 
- 07:15:05 [INFO] Host: cat /proc/mtd
- 07:15:05 [INFO] Target: 
cat /proc/mtd
dev:    size   erasesize  name
root@dra7xx-evm:~# 
- 07:15:09 [INFO] Host: export IPERFHOST=192.168.0.1
- 07:15:10 [INFO] Target: 
export IPERFHOST=192.168.0.1
root@dra7xx-evm:~# 
- 07:15:10 [INFO] Host: export NFS_SERVER=192.168.0.1
- 07:15:10 [INFO] Target: 
export NFS_SERVER=192.168.0.1
root@dra7xx-evm:~# 
- 07:15:10 [INFO] Host: export NFS_ROOT_PATH=/home/tigtfarm01/NFS_exports/dra7xx
- 07:15:11 [INFO] Target: 
export NFS_ROOT_PATH=/home/tigtfarm01/NFS_exports/dra7xx
root@dra7xx-evm:~# 
- 07:15:11 [INFO] Host: mkdir -p -m 777 /test
- 07:15:11 [INFO] Target: 
mkdir -p -m 777 /test
root@dra7xx-evm:~# 
- 07:15:11 [INFO] Host: cd /test
- 07:15:12 [INFO] Target: 
cd /test
root@dra7xx-evm:/test# 
- 07:15:12 [INFO] Host: cat > test.sh << EOF
- 07:15:12 [INFO] Target: 
cat > test.sh << EOF
> 
- 07:15:12 [INFO] Host: failtest() {

- 07:15:13 [INFO] Target: 
failtest() {
> 
- 07:15:13 [INFO] Host:   echo 1 >&3

- 07:15:13 [INFO] Target: 
  echo 1 >&3
> 
- 07:15:13 [INFO] Host: }

- 07:15:14 [INFO] Target: 
}
> 
- 07:15:14 [INFO] Host: timeout=600

- 07:15:14 [INFO] Target: 
timeout=600
> 
- 07:15:14 [INFO] Host: 

- 07:15:15 [INFO] Target: 

> 
- 07:15:15 [INFO] Host: # Start of user's script logic

- 07:15:15 [INFO] Target: 
# Start of user's script logic
> 
- 07:15:15 [INFO] Host: 

- 07:15:16 [INFO] Target: 

> 
- 07:15:16 [INFO] Host: 

- 07:15:16 [INFO] Target: 

> 
- 07:15:16 [INFO] Host: mount -t proc proc /proc 2>/dev/null;

- 07:15:17 [INFO] Target: 
mount -t proc proc /proc 2>/dev/null;
> 
- 07:15:17 [INFO] Host: 

- 07:15:17 [INFO] Target: 

> 
- 07:15:17 [INFO] Host: mount -t sysfs sys /sys 2>/dev/null;

- 07:15:18 [INFO] Target: 
mount -t sysfs sys /sys 2>/dev/null;
> 
- 07:15:18 [INFO] Host: 

- 07:15:18 [INFO] Target: 

> 
- 07:15:18 [INFO] Host: mount -t debugfs none /sys/kernel/debug 2>/dev/null;

- 07:15:19 [INFO] Target: 
mount -t debugfs none /sys/kernel/debug 2>/dev/null;
> 
- 07:15:19 [INFO] Host: 

- 07:15:19 [INFO] Target: 

> 
- 07:15:19 [INFO] Host: echo 'cpuinfo:';cat /proc/cpuinfo; echo '=======';

- 07:15:20 [INFO] Target: 
echo 'cpuinfo:';cat /proc/cpuinfo; echo '=======';
> 
- 07:15:20 [INFO] Host: 

- 07:15:20 [INFO] Target: 

> 
- 07:15:20 [INFO] Host: echo 'soc info:';head /sys/devices/soc0/* 2>/dev/null; echo '=======';

- 07:15:21 [INFO] Target: 
echo 'soc info:';head /sys/devices/soc0/* 2>/dev/null; echo '=======';
> 
- 07:15:21 [INFO] Host: 

- 07:15:21 [INFO] Target: 

> 
- 07:15:21 [INFO] Host: echo 'interrupts:';cat /proc/interrupts; echo '=======';

- 07:15:22 [INFO] Target: 
echo 'interrupts:';cat /proc/interrupts; echo '=======';
> 
- 07:15:22 [INFO] Host: 

- 07:15:22 [INFO] Target: 

> 
- 07:15:22 [INFO] Host: echo 'Clk_summary:';cat /sys/kernel/debug/clk/clk_summary; echo '=======';

- 07:15:23 [INFO] Target: 
echo 'Clk_summary:';cat /sys/kernel/debug/clk/clk_summary; echo '=======';
> 
- 07:15:23 [INFO] Host: 

- 07:15:23 [INFO] Target: 

> 
- 07:15:23 [INFO] Host: echo 'Orphan Clks:';ls /sys/kernel/debug/clk/orphans/; echo '=======';

- 07:15:24 [INFO] Target: 
echo 'Orphan Clks:';ls /sys/kernel/debug/clk/orphans/; echo '=======';
> 
- 07:15:24 [INFO] Host: 

- 07:15:24 [INFO] Target: 

> 
- 07:15:24 [INFO] Host: echo 'H''ello World' 'B''oard Booted';

- 07:15:25 [INFO] Target: 
echo 'H''ello World' 'B''oard Booted';
> 
- 07:15:25 [INFO] Host: 

- 07:15:25 [INFO] Target: 

> 
- 07:15:25 [INFO] Host: EOF
- 07:15:26 [INFO] Target: 
EOF
root@dra7xx-evm:/test# 
- 07:15:26 [INFO] Host: cd /test
- 07:15:26 [INFO] Target: 
cd /test
root@dra7xx-evm:/test# 
- 07:15:26 [INFO] Host: chmod +x test.sh
- 07:15:27 [INFO] Target: 
chmod +x test.sh
root@dra7xx-evm:/test# 
- 07:15:27 [INFO] Host: ./test.sh 2> stderr.log > stdout.log 3> result.log
- 07:15:27 [INFO] Target: 
./test.sh 2> stderr.log > stdout.log 3> result.log
root@dra7xx-evm:/test# 
- 07:15:27 [INFO] Host: echo $?
- 07:15:28 [INFO] Target: 
echo $?
0
root@dra7xx-evm:/test# 
- 07:15:28 [INFO] Host: cd /test
- 07:15:28 [INFO] Target: 
cd /test
root@dra7xx-evm:/test# 
- 07:15:28 [INFO] Host: cat stdout.log
- 07:15:31 [INFO] Target: 
cat stdout.log
cpuinfo:
processor	: 0
model name	: ARMv7 Processor rev 2 (v7l)
Features	: half thumb fastmult vfp edsp thumbee neon vfpv3 tls vfpv4 idiva idivt vfpd32 lpae evtstrm 
CPU implementer	: 0x41
CPU architecture: 7
CPU variant	: 0x2
CPU part	: 0xc0f
CPU revision	: 2

processor	: 1
model name	: ARMv7 Processor rev 2 (v7l)
Features	: half thumb fastmult vfp edsp thumbee neon vfpv3 tls vfpv4 idiva idivt vfpd32 lpae evtstrm 
CPU implementer	: 0x41
CPU architecture: 7
CPU variant	: 0x2
CPU part	: 0xc0f
CPU revision	: 2

Hardware	: Generic DRA74X (Flattened Device Tree)
Revision	: 0000
Serial		: 0000000000000000
=======
soc info:
==> /sys/devices/soc0/family <==
DRA7

==> /sys/devices/soc0/machine <==
DRA752

==> /sys/devices/soc0/power <==

==> /sys/devices/soc0/revision <==
ES1.0

==> /sys/devices/soc0/subsystem <==

==> /sys/devices/soc0/type <==
GP

==> /sys/devices/soc0/uevent <==
=======
interrupts:
           CPU0       CPU1       
 16:          0          0       GIC 191  gp_timer
 19:       1593       1673       GIC  27  arch_timer
 22:          1          0       GIC 190  l3-dbg-irq
 23:          1          0       GIC  42  l3-app-irq
 27:       3877          0       GIC 186  omap-dma-engine
 44:          0          0      GPIO  13  DMA
294:       3852          0       GIC 175  OMAP UART0
309:        358          0       GIC 155  48070000.i2c
310:          0          0       GIC 154  48072000.i2c
311:          0          0       GIC 153  48060000.i2c
312:       5116          0       GIC 152  mmc1
313:       1008          0       GIC 151  mmc0
321:          0          0       GIC 143  gpmc
IPI0:          0          1  CPU wakeup interrupts
IPI1:          0          0  Timer broadcast interrupts
IPI2:       1768       1749  Rescheduling interrupts
IPI3:          0          0  Function call interrupts
IPI4:         39          8  Single function call interrupts
IPI5:          0          0  CPU stop interrupts
IPI6:          0          0  IRQ work interrupts
IPI7:          0          0  completion interrupts
Err:          0
=======
Clk_summary:
   clock                         enable_cnt  prepare_cnt        rate   accuracy
--------------------------------------------------------------------------------
 dummy_ck                                 0            0           0          0
 video2_m2_clkin_ck                       0            0           0          0
    video2_dclk_div                       0            0           0          0
 video2_clkin_ck                          0            0           0          0
    video2_div_clk                        0            0           0          0
    video2_clk2_div                       0            0           0          0
 video1_m2_clkin_ck                       0            0           0          0
    video1_dclk_div                       0            0           0          0
 video1_clkin_ck                          0            0           0          0
    video1_div_clk                        0            0           0          0
    video1_clk2_div                       0            0           0          0
 usb_otg_clkin_ck                         0            0           0          0
    usb_otg_dclk_div                      0            0           0          0
 sys_clkin2                               0            0    22579200          0
    abe_dpll_sys_clk_mux                  0            0    22579200          0
       abe_dpll_clk_mux                   0            0    22579200          0
          dpll_abe_ck                     0            0   361267200          0
             dpll_abe_m2_ck               0            0   361267200          0
                per_abe_x1_dclk_div           0            0   361267200          0
                per_abe_x1_gfclk2_div           0            0   361267200          0
                   mcasp8_aux_gfclk_mux           0            0   361267200          0
                   mcasp7_aux_gfclk_mux           0            0   361267200          0
                   mcasp6_aux_gfclk_mux           0            0   361267200          0
                   mcasp5_aux_gfclk_mux           0            0   361267200          0
                   mcasp4_aux_gfclk_mux           0            0   361267200          0
                   mcasp3_aux_gfclk_mux           0            0   361267200          0
                   mcasp2_aux_gfclk_mux           0            0   361267200          0
                   mcasp1_aux_gfclk_mux           0            0   361267200          0
             dpll_abe_x2_ck               0            0   722534400          0
                dpll_abe_m3x2_ck           0            0   361267200          0
                   usb_dpll_hs_clk_div           0            0   120422400          0
                   per_dpll_hs_clk_div           0            0   180633600          0
                   dpll_gpu_ck            0            0   361267200          0
                      dpll_gpu_m2_ck           0            0    22579200          0
                         gpu_dclk           0            0    22579200          0
                dpll_abe_m2x2_ck           0            0   361267200          0
                   ipu1_gfclk_mux           0            0   361267200          0
                   abe_clk                0            0   361267200          0
                      aess_fclk           0            0   361267200          0
                         abe_giclk_div           0            0   361267200          0
                   abe_24m_fclk           0            0    45158400          0
                      mcasp8_ahclk_mux           0            0    45158400          0
                      mcasp7_ahclkx_mux           0            0    45158400          0
                      mcasp6_ahclkx_mux           0            0    45158400          0
                      mcasp5_ahclkx_mux           0            0    45158400          0
                      mcasp4_ahclkx_mux           0            0    45158400          0
                      mcasp3_ahclkx_mux           0            0    45158400          0
                      mcasp2_ahclkx_mux           0            0    45158400          0
                      mcasp2_ahclkr_mux           0            0    45158400          0
                      mcasp1_ahclkx_mux           0            0    45158400          0
                      mcasp1_ahclkr_mux           0            0    45158400          0
                   abe_lp_clk_div           0            0    22579200          0
       abe_dpll_bypass_clk_mux            0            0    22579200          0
    sys_clk2_dclk_div                     0            0    22579200          0
 virt_38400000_ck                         0            0    38400000          0
 virt_27000000_ck                         0            0    27000000          0
 virt_26000000_ck                         0            0    26000000          0
 virt_20000000_ck                         1            1    20000000          0
    sys_clkin1                            5           12    20000000          0
       sata_ref_clk                       0            0    20000000          0
       dpll_usb_ck                        0            1   960000000          0
          dpll_usb_clkdcoldo              0            1   960000000          0
             l3init_960m_gfclk            0            2   960000000          0
                usb_otg_ss2_refclk960m           0            2   960000000          0
                usb_otg_ss1_refclk960m           0            2   960000000          0
          dpll_usb_m2_ck                  0            0   480000000          0
             l3init_60m_fclk              0            0    60000000          0
             l3init_480m_dclk_div           0            0   480000000          0
       dpll_per_ck                        1            1   384000000          0
          dpll_per_x2_ck                  1            3   768000000          0
             dpll_per_m2x2_ck             1            5   192000000          0
                mmc2_fclk_mux             0            1   192000000          0
                   mmc2_fclk_div           0            1    96000000          0
                mmc1_fclk_mux             0            1   192000000          0
                   mmc1_fclk_div           0            1    96000000          0
                func_96m_fclk             0            5    96000000          0
                func_48m_fclk             3           14    48000000          0
                   uart9_gfclk_mux           0            0    48000000          0
                   uart8_gfclk_mux           0            0    48000000          0
                   uart7_gfclk_mux           0            0    48000000          0
                   uart5_gfclk_mux           0            1    48000000          0
                   uart4_gfclk_mux           0            1    48000000          0
                   uart3_gfclk_mux           1            1    48000000          0
                   uart2_gfclk_mux           1            1    48000000          0
                   uart1_gfclk_mux           1            1    48000000          0
                   mmc4_gfclk_mux           0            1    48000000          0
                      mmc4_gfclk_div           0            1    48000000          0
                   mmc3_gfclk_mux           0            1    48000000          0
                      mmc3_gfclk_div           0            1    48000000          0
                   dss_48mhz_clk           0            2    48000000          0
                   uart10_gfclk_mux           0            0    48000000          0
                   uart6_gfclk_mux           0            1    48000000          0
                func_12m_fclk             0            1    12000000          0
             dpll_per_h14x2_ck            0            0   384000000          0
             dpll_per_h13x2_ck            0            1   192000000          0
                qspi_gfclk_mux            0            1   192000000          0
                   qspi_gfclk_div           0            1   192000000          0
             dpll_per_h12x2_ck            0            1   192000000          0
                dss_dss_clk               0            3   192000000          0
             dpll_per_h11x2_ck            0            0   256000000          0
                func_128m_clk             0            0   128000000          0
          dpll_per_m2_ck                  0            0    96000000          0
             func_24m_clk                 0            0    24000000          0
             func_96m_aon_dclk_div           0            0    96000000          0
       dpll_pcie_ref_ck                   0            0    20000000          0
          dpll_pcie_ref_m2_ck             0            0    20000000          0
             pcie2_dclk_div               0            0    20000000          0
          dpll_pcie_ref_m2ldo_ck           0            0    20000000          0
             apll_pcie_in_clk_mux           0            0    20000000          0
                apll_pcie_ck              0            0    20000000          0
                   apll_pcie_m2_ck           0            0    20000000          0
                      pcie_dclk_div           0            0    20000000          0
                   apll_pcie_clkvcoldo_div           0            0    20000000          0
                   apll_pcie_clkvcoldo           0            0    20000000          0
                   optfclk_pciephy2_clk           0            0    20000000          0
                   optfclk_pciephy1_clk           0            0    20000000          0
                   optfclk_pciephy_div           0            0    10000000          0
                      optfclk_pciephy2_div_clk           0            0    10000000          0
                      optfclk_pciephy1_div_clk           0            0    10000000          0
       dpll_gmac_ck                       0            0  1000000000          0
          dpll_gmac_x2_ck                 0            0  2000000000          0
             dpll_gmac_m3x2_ck            0            0   200000000          0
             dpll_gmac_h13x2_ck           0            0   200000000          0
             dpll_gmac_h12x2_ck           0            0   250000000          0
             dpll_gmac_h11x2_ck           0            0    50000000          0
                gmii_m_clk_div            0            0    25000000          0
          dpll_gmac_m2_ck                 0            0   250000000          0
             gmac_gmii_ref_clk_div           0            0   125000000          0
             gmac_250m_dclk_div           0            0   250000000          0
       dpll_ddr_ck                        0            0  1064000000          0
          dpll_ddr_x2_ck                  0            0  2128000000          0
             dpll_ddr_h11x2_ck            0            0   266000000          0
          dpll_ddr_m2_ck                  0            0   532000000          0
             emif_phy_dclk_div            0            0   532000000          0
       dpll_mpu_ck                        1            1  1000000000          0
          dpll_mpu_m2_ck                  1            1  1000000000          0
             mpu_dclk_div                 0            0  1000000000          0
       dpll_core_ck                       1            1  1064000000          0
          dpll_core_m2_ck                 0            0   532000000          0
             core_dpll_out_dclk_div           0            0   532000000          0
          dpll_core_x2_ck                 2            3  2128000000          0
             dpll_core_h24x2_ck           0            1   354666667          0
             dpll_core_h23x2_ck           0            0   532000000          0
             dpll_core_h22x2_ck           0            0   425600000          0
             dpll_core_h14x2_ck           0            0   425600000          0
                gpu_hyd_gclk_mux           0            0   425600000          0
                gpu_core_gclk_mux           0            0   425600000          0
             dpll_core_h13x2_ck           4            8    34322581          0
             dpll_core_h12x2_ck           1            1   532000000          0
                l3_iclk_div              65           78   266000000          0
                   vip3_gclk_mux           0            0   266000000          0
                   vip2_gclk_mux           0            0   266000000          0
                   vip1_gclk_mux           0            0   266000000          0
                   gmac_rft_clk_mux           0            0   266000000          0
                   atl_gfclk_mux           0            1   266000000          0
                      atl_clkin0_ck           0            0   266000000          0
                      atl_clkin1_ck           0            0   266000000          0
                      atl_clkin2_ck           0            0   266000000          0
                      atl_clkin3_ck           0            0   266000000          0
                   l4_root_clk_div           3            4   133000000          0
                eve_dpll_hs_clk_div           0            0   532000000          0
                   dpll_eve_ck            0            0   532000000          0
                      dpll_eve_m2_ck           0            0   532000000          0
                         eve_dclk_div           0            0   532000000          0
                         eve_clk           0            0   532000000          0
                iva_dpll_hs_clk_div           0            0   532000000          0
                   dpll_iva_ck            0            0   532000000          0
                      dpll_iva_m2_ck           0            0   532000000          0
                         iva_dclk           0            0   532000000          0
                dsp_dpll_hs_clk_div           0            0   532000000          0
                   dpll_dsp_ck            0            0   532000000          0
                      dpll_dsp_x2_ck           0            0   532000000          0
                         dpll_dsp_m3x2_ck           0            0   532000000          0
                      dpll_dsp_m2_ck           0            0   532000000          0
                         dsp_gclk_div           0            0   532000000          0
                mpu_dpll_hs_clk_div           0            0   532000000          0
       dcan1_sys_clk_mux                  0            1    20000000          0
       wkupaon_iclk_mux                   8           11    20000000          0
          l3instr_ts_gclk_div             0            0      625000          0
       video2_dpll_clk_mux                0            1    20000000          0
          dss_video2_clk                  0            1    20000000          0
       video1_dpll_clk_mux                0            1    20000000          0
          dss_video1_clk                  0            1    20000000          0
       timer_sys_clk_div                  0           10    20000000          0
          timer9_gfclk_mux                0            1    20000000          0
          timer4_gfclk_mux                0            1    20000000          0
          timer3_gfclk_mux                0            1    20000000          0
          timer2_gfclk_mux                0            1    20000000          0
          timer16_gfclk_mux               0            0    20000000          0
          timer15_gfclk_mux               0            0    20000000          0
          timer14_gfclk_mux               0            0    20000000          0
          timer13_gfclk_mux               0            0    20000000          0
          timer11_gfclk_mux               0            1    20000000          0
          timer10_gfclk_mux               0            1    20000000          0
          timer8_gfclk_mux                0            1    20000000          0
          timer7_gfclk_mux                0            1    20000000          0
          timer6_gfclk_mux                0            1    20000000          0
          timer5_gfclk_mux                0            1    20000000          0
       hdmi_dpll_clk_mux                  0            1    20000000          0
          dss_hdmi_clk                    0            2    20000000          0
       custefuse_sys_gfclk_div            0            0    10000000          0
       emu_dclk_div                       0            0    20000000          0
       sata_dclk_div                      0            0    20000000          0
       sys_clk1_dclk_div                  0            0    20000000          0
          clkoutmux2_clk_mux              0            0    20000000          0
          clkoutmux1_clk_mux              0            0    20000000          0
          clkoutmux0_clk_mux              0            0    20000000          0
       adc_gfclk_mux                      0            0    20000000          0
       abe_sys_clk_div                    0            0    20000000          0
 virt_19200000_ck                         0            0    19200000          0
 virt_16800000_ck                         0            0    16800000          0
 virt_13000000_ck                         0            0    13000000          0
 virt_12000000_ck                         0            0    12000000          0
 sys_32k_ck                               1           17       32768          0
    atl_dpll_clk_mux                      0            0       32768          0
    usb_phy3_always_on_clk32k             0            0       32768          0
    usb_phy2_always_on_clk32k             0            1       32768          0
    usb_phy1_always_on_clk32k             0            1       32768          0
    mmc4_clk32k                           0            1       32768          0
    mmc3_clk32k                           0            1       32768          0
    mmc2_clk32k                           0            1       32768          0
    mmc1_clk32k                           0            1       32768          0
    gpio8_dbclk                           0            1       32768          0
    gpio7_dbclk                           0            1       32768          0
    gpio6_dbclk                           0            1       32768          0
    gpio5_dbclk                           0            1       32768          0
    gpio4_dbclk                           0            1       32768          0
    gpio3_dbclk                           0            1       32768          0
    gpio2_dbclk                           0            1       32768          0
    dss_32khz_clk                         0            1       32768          0
    optfclk_pciephy2_32khz                0            0       32768          0
    optfclk_pciephy1_32khz                0            0       32768          0
    gpio1_dbclk                           0            1       32768          0
    timer1_gfclk_mux                      1            1       32768          0
 secure_32k_clk_src_ck                    0            0       32768          0
    secure_32k_dclk_div                   0            0       32768          0
 sdvenc_clkin_ck                          0            0           0          0
 rmii_clk_ck                              0            0           0          0
 ref_clkin3_ck                            0            0           0          0
 ref_clkin2_ck                            0            0           0          0
 ref_clkin1_ck                            0            0           0          0
 ref_clkin0_ck                            0            0           0          0
 pciesref_acs_clk_ck                      0            0   100000000          0
 mlbp_clkin_ck                            0            0           0          0
    mlbp_clk                              0            0           0          0
 mlb_clkin_ck                             0            0           0          0
    mlb_clk                               0            0           0          0
 hdmi_clkin_ck                            0            0           0          0
    hdmi_div_clk                          0            0           0          0
    hdmi_clk2_div                         0            0           0          0
    hdmi_dclk_div                         0            0           0          0
=======
Orphan Clks:
=======
Hello World Board Booted
root@dra7xx-evm:/test# 
- 07:15:31 [INFO] Host: cat stderr.log
- 07:15:31 [INFO] Target: 
cat stderr.log
ls: /sys/kernel/debug/clk/orphans/: No such file or directory
root@dra7xx-evm:/test# 
- 07:15:31 [INFO] Host: cat result.log
- 07:15:33 [ERROR] On command: cat result.log waiting for (?m-ix:^1[\0\n\r]+) >>> error: execution expired
- 07:15:33 [INFO] Target: 
cat result.log
root@dra7xx-evm:/test# 
- 07:15:33 [INFO] Host: cd /test
- 07:15:34 [INFO] Target: 
cd /test
root@dra7xx-evm:/test# 
