- 06:01:14 [INFO] Starting target session
- 06:01:14 [INFO] Connected to dra7xx-evm via serial 
- 06:01:14 [INFO] Host: #check prompt
- 06:01:17 [ERROR] On command: #check prompt waiting for #check prompt.+?(?-mix:((?-mix:login:)|[Pp]assword)) >>> error: execution expired
- 06:01:17 [INFO] Target: 
- 06:01:17 [INFO] Host: #check prompt
- 06:01:19 [ERROR] On command: #check prompt waiting for #check prompt.+?(?-mix:[\w\d]+@.+[@:#]+) >>> error: execution expired
- 06:01:19 [INFO] Target: 
- 06:01:19 [INFO] Host: #check prompt
- 06:01:21 [ERROR] On command: #check prompt waiting for #check prompt.+?(?-mix:[\w\d]+@.+[@:#]+) >>> error: execution expired
- 06:01:21 [INFO] Target: 
- 06:01:21 [INFO] Host: #check prompt
- 06:01:23 [ERROR] On command: #check prompt waiting for #check prompt.+?(?-mix:[\w\d]+@.+[@:#]+) >>> error: execution expired
- 06:01:23 [INFO] Target: 
- 06:01:23 [INFO] Disconnected serial from dra7xx-evm
- 06:01:24 [INFO] Connected to dra7xx-evm via serial 
- 06:01:24 [INFO] Host: 
- 06:01:27 [INFO] Target: 
U-Boot SPL 2015.07 (Mar 01 2016 - 16:21:13)
DRA752-GP ES1.1
reading args
spl_load_image_fat_os: error reading image args, err - -1
reading u-boot.img
reading u-boot.img
U-Boot 2015.07 (Mar 01 2016 - 16:21:13 -0500)
CPU  : DRA752-GP ES1.1
Board: DRA74x EVM REV G.0
I2C:   ready
DRAM:  1.5 GiB
MMC:   OMAP SD/MMC: 0, OMAP SD/MMC: 1
*** Warning - bad CRC, using default environment
SCSI:  SATA link 0 timeout.
AHCI 0001.0300 32 slots 1 ports 3 Gbps 0x1 impl SATA mode
flags: 64bit ncq stag pm led clo only pmp pio slum part ccc apst 
scanning bus for devices...
Found 0 device(s).
Net:   <ethaddr> not set. Validating first E-fuse MAC
cpsw
Hit any key to stop autoboot:  1  0 
U-Boot# 
U-Boot# 
U-Boot# 
U-Boot# 
U-Boot# 
U-Boot# 
U-Boot# 
U-Boot# 
U-Boot# 
U-Boot# 
U-Boot# 
U-Boot# 
U-Boot# 
- 06:01:27 [INFO] Host: 
- 06:01:28 [INFO] Target: 
U-Boot# 
U-Boot# 
U-Boot# 
U-Boot# 
U-Boot# 
U-Boot# 
- 06:01:28 [INFO] Host: version
- 06:01:28 [INFO] Target: 
version
U-Boot 2015.07 (Mar 01 2016 - 16:21:13 -0500)
arm-linux-gnueabihf-gcc (Linaro GCC 4.9-2015.05) 4.9.3 20150413 (prerelease)
GNU ld (GNU Binutils) Linaro 2014.11-3-git 2.24.0.20141017
U-Boot# 
- 06:01:28 [INFO] Host: setenv bootargs 'console=ttyO0,115200n8 earlyprintk=serial,ttyO0,115200n8 rootwait '
- 06:01:28 [INFO] Target: 
setenv bootargs 'console=ttyO0,115200n8 earlyprintk=serial,ttyO0,115200n8 rootwait '
U-Boot# 
- 06:01:28 [INFO] Host: setenv bootcmd  ''
- 06:01:28 [INFO] Target: 
setenv bootcmd  ''
U-Boot# 
- 06:01:28 [INFO] Host: setenv autoload 'no'
- 06:01:28 [INFO] Target: 
setenv autoload 'no'
U-Boot# 
- 06:01:28 [INFO] Host: setenv serverip '192.168.0.1'
- 06:01:28 [INFO] Target: 
setenv serverip '192.168.0.1'
U-Boot# 
- 06:01:28 [INFO] Host: printenv
- 06:01:28 [INFO] Target: 
printenv
arch=arm
args_mmc=run finduuid;setenv bootargs console=${console} ${optargs} root=PARTUUID=${uuid} rw rootfstype=${mmcrootfstype}
autoload=no
baudrate=115200
board=dra7xx
board_name=dra7xx
board_rev=G.0
bootargs=console=ttyO0,115200n8 earlyprintk=serial,ttyO0,115200n8 rootwait 
bootcmd=
bootdelay=1
bootdir=/boot
bootenvfile=uEnv.txt
bootfile=zImage
bootm_size=0x10000000
bootpart=0:2
bootscript=echo Running bootscript from mmc${mmcdev} ...; source ${loadaddr}
console=ttyO0,115200n8
cpu=armv7
dfu_alt_info_emmc=rawemmc raw 0 3751936;boot part 1 1;rootfs part 1 2;MLO fat 1 1;MLO.raw raw 0x100 0x100;u-boot.img.raw raw 0x300 0x400;spl-os-args.raw raw 0x80 0x80;spl-os-image.raw raw 0x900 0x2000;spl-os-args fat 1 1;spl-os-image fat 1 1;u-boot.img fat 1 1;uEnv.txt fat 1 1
dfu_alt_info_mmc=boot part 0 1;rootfs part 0 2;MLO fat 0 1;MLO.raw raw 0x100 0x100;u-boot.img.raw raw 0x300 0x400;spl-os-args.raw raw 0x80 0x80;spl-os-image.raw raw 0x900 0x2000;spl-os-args fat 0 1;spl-os-image fat 0 1;u-boot.img fat 0 1;uEnv.txt fat 0 1
dfu_alt_info_qspi=MLO raw 0x0 0x010000;MLO.backup1 raw 0x010000 0x010000;MLO.backup2 raw 0x020000 0x010000;MLO.backup3 raw 0x030000 0x010000;u-boot.img raw 0x040000 0x0100000;u-boot-spl-os raw 0x140000 0x080000;u-boot-env raw 0x1C0000 0x010000;u-boot-env.backup raw 0x1D0000 0x010000;kernel raw 0x1E0000 0x800000
dfu_alt_info_ram=kernel ram 0x80200000 0x4000000;fdt ram 0x80f80000 0x80000;ramdisk ram 0x81000000 0x4000000
dfu_bufsiz=0x10000
dofastboot=0
envboot=mmc dev ${mmcdev}; if mmc rescan; then echo SD/MMC found on device ${mmcdev};if run loadbootscript; then run bootscript;else if run loadbootenv; then echo Loaded env from ${bootenvfile};run importbootenv;fi;if test -n $uenvcmd; then echo Running uenvcmd ...;run uenvcmd;fi;fi;fi;
eth1addr=b4:99:4c:0b:e4:e7
ethact=cpsw
ethaddr=b4:99:4c:0b:e4:e6
fdt_addr_r=0x88000000
fdtaddr=0x88000000
fdtfile=undefined
findfdt=if test $board_name = omap5_uevm; then setenv fdtfile omap5-uevm.dtb; fi; if test $board_name = dra7xx; then setenv fdtfile dra7-evm.dtb; fi;if test $board_name = dra72x; then setenv fdtfile dra72-evm.dtb; fi;if test $board_name = beagle_x15; then setenv fdtfile am57xx-beagle-x15.dtb; fi;if test $board_name = beagle_x15_es2plus; then setenv fdtfile am57xx-beagle-x15-es2plus.dtb; fi;if test $board_name = am57xx_evm; then setenv fdtfile am57xx-evm.dtb; fi;if test $board_name = am57xx_evm_es2plus; then setenv fdtfile am57xx-evm-es2plus.dtb; fi;if test $board_name = am572x_idk; then setenv fdtfile am572x-idk.dtb; fi;if test $board_name = am571x_idk; then setenv fdtfile am571x-idk.dtb; fi;if test $board_name = am572x_idk_osd; then setenv fdtfile am572x-idk-lcd-osd.dtb; fi;if test $board_name = am571x_idk_osd; then setenv fdtfile am571x-idk-lcd-osd.dtb; fi;if test $fdtfile = undefined; then echo WARNING: Could not determine device tree to use; fi; 
finduuid=part uuid mmc 0:2 uuid
importbootenv=echo Importing environment from mmc${mmcdev} ...; env import -t ${loadaddr} ${filesize}
kernel_addr_r=0x82000000
loadaddr=0x82000000
loadbootenv=fatload mmc ${mmcdev} ${loadaddr} ${bootenvfile}
loadbootscript=fatload mmc ${mmcdev} ${loadaddr} boot.scr
loadfdt=load mmc ${bootpart} ${fdtaddr} ${bootdir}/${fdtfile};
loadimage=load mmc ${bootpart} ${loadaddr} ${bootdir}/${bootfile}
mmcboot=mmc dev ${mmcdev}; if mmc rescan; then echo SD/MMC found on device ${mmcdev};if run loadimage; then run loadfdt; echo Booting from mmc${mmcdev} ...; run args_mmc; bootz ${loadaddr} - ${fdtaddr}; fi;fi;
mmcdev=0
mmcrootfstype=ext4 rootwait
netargs=setenv bootargs console=${console} ${optargs} root=/dev/nfs nfsroot=${serverip}:${rootpath},${nfsopts} rw ip=dhcp
netboot=echo Booting from network ...; setenv autoload no; dhcp; run netloadimage; run netloadfdt; run netargs; bootz ${loadaddr} - ${fdtaddr}
netloadfdt=tftp ${fdtaddr} ${fdtfile}
netloadimage=tftp ${loadaddr} ${bootfile}
nfsopts=nolock
partitions=uuid_disk=${uuid_gpt_disk};name=rootfs,start=2MiB,size=-,uuid=${uuid_gpt_rootfs}
ramdisk_addr_r=0x88080000
rdaddr=0x88080000
rootpath=/export/rootfs
scsidevs=0
serial#=0c01700801499252
serverip=192.168.0.1
soc=omap5
static_ip=${ipaddr}:${serverip}:${gatewayip}:${netmask}:${hostname}::off
stderr=serial
stdin=serial
stdout=serial
usbtty=cdc_acm
vendor=ti
ver=U-Boot 2015.07 (Mar 01 2016 - 16:21:13 -0500)
vram=16M
Environment size: 4448/131067 bytes
U-Boot# 
- 06:01:28 [INFO] Host: setenv _initramfs -
- 06:01:29 [INFO] Target: 
setenv _initramfs -
U-Boot# 
- 06:01:29 [INFO] Host: printenv
- 06:01:29 [INFO] Target: 
printenv
_initramfs=-
arch=arm
args_mmc=run finduuid;setenv bootargs console=${console} ${optargs} root=PARTUUID=${uuid} rw rootfstype=${mmcrootfstype}
autoload=no
baudrate=115200
board=dra7xx
board_name=dra7xx
board_rev=G.0
bootargs=console=ttyO0,115200n8 earlyprintk=serial,ttyO0,115200n8 rootwait 
bootcmd=
bootdelay=1
bootdir=/boot
bootenvfile=uEnv.txt
bootfile=zImage
bootm_size=0x10000000
bootpart=0:2
bootscript=echo Running bootscript from mmc${mmcdev} ...; source ${loadaddr}
console=ttyO0,115200n8
cpu=armv7
dfu_alt_info_emmc=rawemmc raw 0 3751936;boot part 1 1;rootfs part 1 2;MLO fat 1 1;MLO.raw raw 0x100 0x100;u-boot.img.raw raw 0x300 0x400;spl-os-args.raw raw 0x80 0x80;spl-os-image.raw raw 0x900 0x2000;spl-os-args fat 1 1;spl-os-image fat 1 1;u-boot.img fat 1 1;uEnv.txt fat 1 1
dfu_alt_info_mmc=boot part 0 1;rootfs part 0 2;MLO fat 0 1;MLO.raw raw 0x100 0x100;u-boot.img.raw raw 0x300 0x400;spl-os-args.raw raw 0x80 0x80;spl-os-image.raw raw 0x900 0x2000;spl-os-args fat 0 1;spl-os-image fat 0 1;u-boot.img fat 0 1;uEnv.txt fat 0 1
dfu_alt_info_qspi=MLO raw 0x0 0x010000;MLO.backup1 raw 0x010000 0x010000;MLO.backup2 raw 0x020000 0x010000;MLO.backup3 raw 0x030000 0x010000;u-boot.img raw 0x040000 0x0100000;u-boot-spl-os raw 0x140000 0x080000;u-boot-env raw 0x1C0000 0x010000;u-boot-env.backup raw 0x1D0000 0x010000;kernel raw 0x1E0000 0x800000
dfu_alt_info_ram=kernel ram 0x80200000 0x4000000;fdt ram 0x80f80000 0x80000;ramdisk ram 0x81000000 0x4000000
dfu_bufsiz=0x10000
dofastboot=0
envboot=mmc dev ${mmcdev}; if mmc rescan; then echo SD/MMC found on device ${mmcdev};if run loadbootscript; then run bootscript;else if run loadbootenv; then echo Loaded env from ${bootenvfile};run importbootenv;fi;if test -n $uenvcmd; then echo Running uenvcmd ...;run uenvcmd;fi;fi;fi;
eth1addr=b4:99:4c:0b:e4:e7
ethact=cpsw
ethaddr=b4:99:4c:0b:e4:e6
fdt_addr_r=0x88000000
fdtaddr=0x88000000
fdtfile=undefined
findfdt=if test $board_name = omap5_uevm; then setenv fdtfile omap5-uevm.dtb; fi; if test $board_name = dra7xx; then setenv fdtfile dra7-evm.dtb; fi;if test $board_name = dra72x; then setenv fdtfile dra72-evm.dtb; fi;if test $board_name = beagle_x15; then setenv fdtfile am57xx-beagle-x15.dtb; fi;if test $board_name = beagle_x15_es2plus; then setenv fdtfile am57xx-beagle-x15-es2plus.dtb; fi;if test $board_name = am57xx_evm; then setenv fdtfile am57xx-evm.dtb; fi;if test $board_name = am57xx_evm_es2plus; then setenv fdtfile am57xx-evm-es2plus.dtb; fi;if test $board_name = am572x_idk; then setenv fdtfile am572x-idk.dtb; fi;if test $board_name = am571x_idk; then setenv fdtfile am571x-idk.dtb; fi;if test $board_name = am572x_idk_osd; then setenv fdtfile am572x-idk-lcd-osd.dtb; fi;if test $board_name = am571x_idk_osd; then setenv fdtfile am571x-idk-lcd-osd.dtb; fi;if test $fdtfile = undefined; then echo WARNING: Could not determine device tree to use; fi; 
finduuid=part uuid mmc 0:2 uuid
importbootenv=echo Importing environment from mmc${mmcdev} ...; env import -t ${loadaddr} ${filesize}
kernel_addr_r=0x82000000
loadaddr=0x82000000
loadbootenv=fatload mmc ${mmcdev} ${loadaddr} ${bootenvfile}
loadbootscript=fatload mmc ${mmcdev} ${loadaddr} boot.scr
loadfdt=load mmc ${bootpart} ${fdtaddr} ${bootdir}/${fdtfile};
loadimage=load mmc ${bootpart} ${loadaddr} ${bootdir}/${bootfile}
mmcboot=mmc dev ${mmcdev}; if mmc rescan; then echo SD/MMC found on device ${mmcdev};if run loadimage; then run loadfdt; echo Booting from mmc${mmcdev} ...; run args_mmc; bootz ${loadaddr} - ${fdtaddr}; fi;fi;
mmcdev=0
mmcrootfstype=ext4 rootwait
netargs=setenv bootargs console=${console} ${optargs} root=/dev/nfs nfsroot=${serverip}:${rootpath},${nfsopts} rw ip=dhcp
netboot=echo Booting from network ...; setenv autoload no; dhcp; run netloadimage; run netloadfdt; run netargs; bootz ${loadaddr} - ${fdtaddr}
netloadfdt=tftp ${fdtaddr} ${fdtfile}
netloadimage=tftp ${loadaddr} ${bootfile}
nfsopts=nolock
partitions=uuid_disk=${uuid_gpt_disk};name=rootfs,start=2MiB,size=-,uuid=${uuid_gpt_rootfs}
ramdisk_addr_r=0x88080000
rdaddr=0x88080000
rootpath=/export/rootfs
scsidevs=0
serial#=0c01700801499252
serverip=192.168.0.1
soc=omap5
static_ip=${ipaddr}:${serverip}:${gatewayip}:${netmask}:${hostname}::off
stderr=serial
stdin=serial
stdout=serial
usbtty=cdc_acm
vendor=ti
ver=U-Boot 2015.07 (Mar 01 2016 - 16:21:13 -0500)
vram=16M
Environment size: 4463/131067 bytes
U-Boot# 
- 06:01:29 [INFO] Host: setenv bootargs ''${bootargs}' ip=:::::eth0:dhcp '
- 06:01:29 [INFO] Target: 
setenv bootargs ''${bootargs}' ip=:::::eth0:dhcp '
U-Boot# 
- 06:01:29 [INFO] Host: setenv serverip '192.168.0.1'
- 06:01:29 [INFO] Target: 
setenv serverip '192.168.0.1'
U-Boot# 
- 06:01:29 [INFO] Host: setenv autoload 'no'
- 06:01:29 [INFO] Target: 
setenv autoload 'no'
U-Boot# 
- 06:01:29 [INFO] Host: dhcp
- 06:01:30 [INFO] Target: 
dhcp
link up on port 0, speed 1000, full duplex
BOOTP broadcast 1
BOOTP broadcast 2
BOOTP broadcast 3
DHCP client bound to address 192.168.0.174 (1128 ms)
U-Boot# 
- 06:01:30 [INFO] Host: tftp ${loadaddr} 192.168.0.1:vatf_dra7xx-evm1/53a8604198b913216caed6a50e16a8b3
- 06:01:31 [INFO] Target: 
tftp ${loadaddr} 192.168.0.1:vatf_dra7xx-evm1/53a8604198b913216caed6a50e16a8b3
link up on port 0, speed 1000, full duplex
Using cpsw device
TFTP from server 192.168.0.1; our IP address is 192.168.0.174
Filename 'vatf_dra7xx-evm1/53a8604198b913216caed6a50e16a8b3'.
Load address: 0x82000000
Loading: *#################################################################
	 #################################################################
	 #################################################################
	 #################################################################
	 #################################################################
	 #################################################################
	 #################################################################
	 ###############
	 11.2 MiB/s
done
Bytes transferred = 6887168 (691700 hex)
U-Boot# 
- 06:01:31 [INFO] Host: tftp ${fdtaddr} 192.168.0.1:vatf_dra7xx-evm1/67af485a08be7dba7df918ec2339cfde
- 06:01:31 [INFO] Target: 
tftp ${fdtaddr} 192.168.0.1:vatf_dra7xx-evm1/67af485a08be7dba7df918ec2339cfde
link up on port 0, speed 1000, full duplex
Using cpsw device
TFTP from server 192.168.0.1; our IP address is 192.168.0.174
Filename 'vatf_dra7xx-evm1/67af485a08be7dba7df918ec2339cfde'.
Load address: 0x88000000
Loading: *######
	 8.7 MiB/s
done
Bytes transferred = 82173 (140fd hex)
U-Boot# 
- 06:01:31 [INFO] Host: ls mmc 0:1
- 06:01:31 [INFO] Target: 
ls mmc 0:1
    67716   mlo 
   312000   u-boot.img 
        4   ws-calibrate.rules 
        0   pointercal 
       14   .ipaddr 
       33   primary_bootloader.md5 
6 file(s), 0 dir(s)
U-Boot# 
- 06:01:31 [INFO] Host: ls mmc 0:2
- 06:01:32 [INFO] Target: 
ls mmc 0:2
<DIR>       4096 .
<DIR>       4096 ..
<DIR>      16384 lost+found
<DIR>       4096 bin
<DIR>       4096 boot
<DIR>       4096 dev
<DIR>       4096 etc
<DIR>       4096 home
<DIR>       4096 lib
<DIR>       4096 media
<DIR>       4096 mnt
<DIR>       4096 opt
<DIR>       4096 proc
<DIR>       4096 run
<DIR>       4096 sbin
<DIR>       4096 srv
<DIR>       4096 sys
<DIR>       4096 test
<SYM>          8 tmp
<DIR>       4096 usr
<DIR>       4096 var
<DIR>       4096 www
U-Boot# 
- 06:01:32 [INFO] Host: part uuid mmc 0:2
- 06:01:32 [INFO] Target: 
part uuid mmc 0:2
00000000-02
U-Boot# 
- 06:01:32 [INFO] Host: printenv
- 06:01:32 [INFO] Target: 
printenv
_initramfs=-
arch=arm
args_mmc=run finduuid;setenv bootargs console=${console} ${optargs} root=PARTUUID=${uuid} rw rootfstype=${mmcrootfstype}
autoload=no
baudrate=115200
board=dra7xx
board_name=dra7xx
board_rev=G.0
bootargs=console=ttyO0,115200n8 earlyprintk=serial,ttyO0,115200n8 rootwait  ip=:::::eth0:dhcp 
bootcmd=
bootdelay=1
bootdir=/boot
bootenvfile=uEnv.txt
bootfile=zImage
bootm_size=0x10000000
bootpart=0:2
bootscript=echo Running bootscript from mmc${mmcdev} ...; source ${loadaddr}
console=ttyO0,115200n8
cpu=armv7
dfu_alt_info_emmc=rawemmc raw 0 3751936;boot part 1 1;rootfs part 1 2;MLO fat 1 1;MLO.raw raw 0x100 0x100;u-boot.img.raw raw 0x300 0x400;spl-os-args.raw raw 0x80 0x80;spl-os-image.raw raw 0x900 0x2000;spl-os-args fat 1 1;spl-os-image fat 1 1;u-boot.img fat 1 1;uEnv.txt fat 1 1
dfu_alt_info_mmc=boot part 0 1;rootfs part 0 2;MLO fat 0 1;MLO.raw raw 0x100 0x100;u-boot.img.raw raw 0x300 0x400;spl-os-args.raw raw 0x80 0x80;spl-os-image.raw raw 0x900 0x2000;spl-os-args fat 0 1;spl-os-image fat 0 1;u-boot.img fat 0 1;uEnv.txt fat 0 1
dfu_alt_info_qspi=MLO raw 0x0 0x010000;MLO.backup1 raw 0x010000 0x010000;MLO.backup2 raw 0x020000 0x010000;MLO.backup3 raw 0x030000 0x010000;u-boot.img raw 0x040000 0x0100000;u-boot-spl-os raw 0x140000 0x080000;u-boot-env raw 0x1C0000 0x010000;u-boot-env.backup raw 0x1D0000 0x010000;kernel raw 0x1E0000 0x800000
dfu_alt_info_ram=kernel ram 0x80200000 0x4000000;fdt ram 0x80f80000 0x80000;ramdisk ram 0x81000000 0x4000000
dfu_bufsiz=0x10000
dnsip=192.0.2.2
dnsip2=192.0.2.3
dofastboot=0
envboot=mmc dev ${mmcdev}; if mmc rescan; then echo SD/MMC found on device ${mmcdev};if run loadbootscript; then run bootscript;else if run loadbootenv; then echo Loaded env from ${bootenvfile};run importbootenv;fi;if test -n $uenvcmd; then echo Running uenvcmd ...;run uenvcmd;fi;fi;fi;
eth1addr=b4:99:4c:0b:e4:e7
ethact=cpsw
ethaddr=b4:99:4c:0b:e4:e6
fdt_addr_r=0x88000000
fdtaddr=0x88000000
fdtfile=undefined
fileaddr=88000000
filesize=140fd
findfdt=if test $board_name = omap5_uevm; then setenv fdtfile omap5-uevm.dtb; fi; if test $board_name = dra7xx; then setenv fdtfile dra7-evm.dtb; fi;if test $board_name = dra72x; then setenv fdtfile dra72-evm.dtb; fi;if test $board_name = beagle_x15; then setenv fdtfile am57xx-beagle-x15.dtb; fi;if test $board_name = beagle_x15_es2plus; then setenv fdtfile am57xx-beagle-x15-es2plus.dtb; fi;if test $board_name = am57xx_evm; then setenv fdtfile am57xx-evm.dtb; fi;if test $board_name = am57xx_evm_es2plus; then setenv fdtfile am57xx-evm-es2plus.dtb; fi;if test $board_name = am572x_idk; then setenv fdtfile am572x-idk.dtb; fi;if test $board_name = am571x_idk; then setenv fdtfile am571x-idk.dtb; fi;if test $board_name = am572x_idk_osd; then setenv fdtfile am572x-idk-lcd-osd.dtb; fi;if test $board_name = am571x_idk_osd; then setenv fdtfile am571x-idk-lcd-osd.dtb; fi;if test $fdtfile = undefined; then echo WARNING: Could not determine device tree to use; fi; 
finduuid=part uuid mmc 0:2 uuid
gatewayip=192.168.0.1
importbootenv=echo Importing environment from mmc${mmcdev} ...; env import -t ${loadaddr} ${filesize}
ipaddr=192.168.0.174
kernel_addr_r=0x82000000
loadaddr=0x82000000
loadbootenv=fatload mmc ${mmcdev} ${loadaddr} ${bootenvfile}
loadbootscript=fatload mmc ${mmcdev} ${loadaddr} boot.scr
loadfdt=load mmc ${bootpart} ${fdtaddr} ${bootdir}/${fdtfile};
loadimage=load mmc ${bootpart} ${loadaddr} ${bootdir}/${bootfile}
mmcboot=mmc dev ${mmcdev}; if mmc rescan; then echo SD/MMC found on device ${mmcdev};if run loadimage; then run loadfdt; echo Booting from mmc${mmcdev} ...; run args_mmc; bootz ${loadaddr} - ${fdtaddr}; fi;fi;
mmcdev=0
mmcrootfstype=ext4 rootwait
netargs=setenv bootargs console=${console} ${optargs} root=/dev/nfs nfsroot=${serverip}:${rootpath},${nfsopts} rw ip=dhcp
netboot=echo Booting from network ...; setenv autoload no; dhcp; run netloadimage; run netloadfdt; run netargs; bootz ${loadaddr} - ${fdtaddr}
netloadfdt=tftp ${fdtaddr} ${fdtfile}
netloadimage=tftp ${loadaddr} ${bootfile}
netmask=255.255.255.0
nfsopts=nolock
partitions=uuid_disk=${uuid_gpt_disk};name=rootfs,start=2MiB,size=-,uuid=${uuid_gpt_rootfs}
ramdisk_addr_r=0x88080000
rdaddr=0x88080000
rootpath=/export/rootfs
scsidevs=0
serial#=0c01700801499252
serverip=192.168.0.1
soc=omap5
static_ip=${ipaddr}:${serverip}:${gatewayip}:${netmask}:${hostname}::off
stderr=serial
stdin=serial
stdout=serial
usbtty=cdc_acm
vendor=ti
ver=U-Boot 2015.07 (Mar 01 2016 - 16:21:13 -0500)
vram=16M
Environment size: 4627/131067 bytes
U-Boot# 
- 06:01:32 [INFO] Host: setenv bootargs ''${bootargs}' root=PARTUUID=00000000-02 rw rootfstype=ext4 rootwait '
- 06:01:32 [INFO] Target: 
setenv bootargs ''${bootargs}' root=PARTUUID=00000000-02 rw rootfstype=ext4 rootwait '
U-Boot# 
- 06:01:32 [INFO] Host: printenv
- 06:01:33 [INFO] Target: 
printenv
_initramfs=-
arch=arm
args_mmc=run finduuid;setenv bootargs console=${console} ${optargs} root=PARTUUID=${uuid} rw rootfstype=${mmcrootfstype}
autoload=no
baudrate=115200
board=dra7xx
board_name=dra7xx
board_rev=G.0
bootargs=console=ttyO0,115200n8 earlyprintk=serial,ttyO0,115200n8 rootwait  ip=:::::eth0:dhcp  root=PARTUUID=00000000-02 rw rootfstype=ext4 rootwait 
bootcmd=
bootdelay=1
bootdir=/boot
bootenvfile=uEnv.txt
bootfile=zImage
bootm_size=0x10000000
bootpart=0:2
bootscript=echo Running bootscript from mmc${mmcdev} ...; source ${loadaddr}
console=ttyO0,115200n8
cpu=armv7
dfu_alt_info_emmc=rawemmc raw 0 3751936;boot part 1 1;rootfs part 1 2;MLO fat 1 1;MLO.raw raw 0x100 0x100;u-boot.img.raw raw 0x300 0x400;spl-os-args.raw raw 0x80 0x80;spl-os-image.raw raw 0x900 0x2000;spl-os-args fat 1 1;spl-os-image fat 1 1;u-boot.img fat 1 1;uEnv.txt fat 1 1
dfu_alt_info_mmc=boot part 0 1;rootfs part 0 2;MLO fat 0 1;MLO.raw raw 0x100 0x100;u-boot.img.raw raw 0x300 0x400;spl-os-args.raw raw 0x80 0x80;spl-os-image.raw raw 0x900 0x2000;spl-os-args fat 0 1;spl-os-image fat 0 1;u-boot.img fat 0 1;uEnv.txt fat 0 1
dfu_alt_info_qspi=MLO raw 0x0 0x010000;MLO.backup1 raw 0x010000 0x010000;MLO.backup2 raw 0x020000 0x010000;MLO.backup3 raw 0x030000 0x010000;u-boot.img raw 0x040000 0x0100000;u-boot-spl-os raw 0x140000 0x080000;u-boot-env raw 0x1C0000 0x010000;u-boot-env.backup raw 0x1D0000 0x010000;kernel raw 0x1E0000 0x800000
dfu_alt_info_ram=kernel ram 0x80200000 0x4000000;fdt ram 0x80f80000 0x80000;ramdisk ram 0x81000000 0x4000000
dfu_bufsiz=0x10000
dnsip=192.0.2.2
dnsip2=192.0.2.3
dofastboot=0
envboot=mmc dev ${mmcdev}; if mmc rescan; then echo SD/MMC found on device ${mmcdev};if run loadbootscript; then run bootscript;else if run loadbootenv; then echo Loaded env from ${bootenvfile};run importbootenv;fi;if test -n $uenvcmd; then echo Running uenvcmd ...;run uenvcmd;fi;fi;fi;
eth1addr=b4:99:4c:0b:e4:e7
ethact=cpsw
ethaddr=b4:99:4c:0b:e4:e6
fdt_addr_r=0x88000000
fdtaddr=0x88000000
fdtfile=undefined
fileaddr=88000000
filesize=140fd
findfdt=if test $board_name = omap5_uevm; then setenv fdtfile omap5-uevm.dtb; fi; if test $board_name = dra7xx; then setenv fdtfile dra7-evm.dtb; fi;if test $board_name = dra72x; then setenv fdtfile dra72-evm.dtb; fi;if test $board_name = beagle_x15; then setenv fdtfile am57xx-beagle-x15.dtb; fi;if test $board_name = beagle_x15_es2plus; then setenv fdtfile am57xx-beagle-x15-es2plus.dtb; fi;if test $board_name = am57xx_evm; then setenv fdtfile am57xx-evm.dtb; fi;if test $board_name = am57xx_evm_es2plus; then setenv fdtfile am57xx-evm-es2plus.dtb; fi;if test $board_name = am572x_idk; then setenv fdtfile am572x-idk.dtb; fi;if test $board_name = am571x_idk; then setenv fdtfile am571x-idk.dtb; fi;if test $board_name = am572x_idk_osd; then setenv fdtfile am572x-idk-lcd-osd.dtb; fi;if test $board_name = am571x_idk_osd; then setenv fdtfile am571x-idk-lcd-osd.dtb; fi;if test $fdtfile = undefined; then echo WARNING: Could not determine device tree to use; fi; 
finduuid=part uuid mmc 0:2 uuid
gatewayip=192.168.0.1
importbootenv=echo Importing environment from mmc${mmcdev} ...; env import -t ${loadaddr} ${filesize}
ipaddr=192.168.0.174
kernel_addr_r=0x82000000
loadaddr=0x82000000
loadbootenv=fatload mmc ${mmcdev} ${loadaddr} ${bootenvfile}
loadbootscript=fatload mmc ${mmcdev} ${loadaddr} boot.scr
loadfdt=load mmc ${bootpart} ${fdtaddr} ${bootdir}/${fdtfile};
loadimage=load mmc ${bootpart} ${loadaddr} ${bootdir}/${bootfile}
mmcboot=mmc dev ${mmcdev}; if mmc rescan; then echo SD/MMC found on device ${mmcdev};if run loadimage; then run loadfdt; echo Booting from mmc${mmcdev} ...; run args_mmc; bootz ${loadaddr} - ${fdtaddr}; fi;fi;
mmcdev=0
mmcrootfstype=ext4 rootwait
netargs=setenv bootargs console=${console} ${optargs} root=/dev/nfs nfsroot=${serverip}:${rootpath},${nfsopts} rw ip=dhcp
netboot=echo Booting from network ...; setenv autoload no; dhcp; run netloadimage; run netloadfdt; run netargs; bootz ${loadaddr} - ${fdtaddr}
netloadfdt=tftp ${fdtaddr} ${fdtfile}
netloadimage=tftp ${loadaddr} ${bootfile}
netmask=255.255.255.0
nfsopts=nolock
partitions=uuid_disk=${uuid_gpt_disk};name=rootfs,start=2MiB,size=-,uuid=${uuid_gpt_rootfs}
ramdisk_addr_r=0x88080000
rdaddr=0x88080000
rootpath=/export/rootfs
scsidevs=0
serial#=0c01700801499252
serverip=192.168.0.1
soc=omap5
static_ip=${ipaddr}:${serverip}:${gatewayip}:${netmask}:${hostname}::off
stderr=serial
stdin=serial
stdout=serial
usbtty=cdc_acm
vendor=ti
ver=U-Boot 2015.07 (Mar 01 2016 - 16:21:13 -0500)
vram=16M
Environment size: 4682/131067 bytes
U-Boot# 
- 06:01:33 [INFO] Host: setenv bootcmd ''${bootcmd}' if iminfo ${loadaddr}; then bootm ${loadaddr} ${_initramfs} ${fdtaddr}; else bootz ${loadaddr} ${_initramfs} ${fdtaddr}; bootm ${loadaddr} ${_initramfs} ${fdtaddr}; fi'
- 06:01:33 [INFO] Target: 
setenv bootcmd ''${bootcmd}' if iminfo ${loadaddr}; then bootm ${loadaddr} ${_initramfs} ${fdtaddr}; else bootz ${loadaddr} ${_initramfs} ${fdtaddr}; bootm ${loadaddr} ${_initramfs} ${fdtaddr}; fi'
U-Boot# 
- 06:01:33 [INFO] Host: version
- 06:01:33 [INFO] Target: 
version
U-Boot 2015.07 (Mar 01 2016 - 16:21:13 -0500)
arm-linux-gnueabihf-gcc (Linaro GCC 4.9-2015.05) 4.9.3 20150413 (prerelease)
GNU ld (GNU Binutils) Linaro 2014.11-3-git 2.24.0.20141017
U-Boot# 
- 06:01:33 [INFO] Host: bdinfo
- 06:01:33 [INFO] Target: 
bdinfo
arch_number = 0x00000000
boot_params = 0x80000100
DRAM bank   = 0x00000000
-> start    = 0x80000000
-> size     = 0x60000000
DRAM bank   = 0x00000001
-> start    = 0x00000000
-> size     = 0x00000000
eth0name    = cpsw
ethaddr     = b4:99:4c:0b:e4:e6
current eth = cpsw
ip_addr     = 192.168.0.174
baudrate    = 115200 bps
TLB addr    = 0xDFFF0000
relocaddr   = 0xDFF5F000
reloc off   = 0x5F75F000
irq_sp      = 0xDEF3EEC0
sp start    = 0xDEF3EEB0
U-Boot# 
- 06:01:33 [INFO] Host: mmc rescan; echo $?
- 06:01:33 [INFO] Target: 
mmc rescan; echo $?
U-Boot# 
- 06:01:33 [INFO] Host: fatwrite mmc 0:1 ${loadaddr} ws-calibrate.rules 4
- 06:01:33 [INFO] Target: 
fatwrite mmc 0:1 ${loadaddr} ws-calibrate.rules 4
writing ws-calibrate.rules
4 bytes written
U-Boot# 
- 06:01:33 [INFO] Host: boot
- 06:05:03 [ERROR] On command: boot waiting for boot.+?(?-mix:login:) >>> error: execution expired
- 06:05:03 [INFO] Target: 
boot
## Checking Image at 82000000 ...
Unknown image format!
Kernel image @ 0x82000000 [ 0x000000 - 0x691700 ]
## Flattened Device Tree blob at 88000000
   Booting using the fdt blob at 0x88000000
   Loading Device Tree to 8ffe8000, end 8ffff0fc ... OK
Starting kernel ...
[    0.000000] Booting Linux on physical CPU 0x0
[    0.000000] Linux version 4.5.0-rc7-next-20160314-00002-g7e0d3f31150c (nmenon@horus) (gcc version 4.9.3 20150413 (prerelease) (Linaro GCC 4.9-2015.05) ) #1 SMP Mon Mar 14 04:53:12 CDT 2016
[    0.000000] CPU: ARMv7 Processor [412fc0f2] revision 2 (ARMv7), cr=30c5387d
[    0.000000] CPU: div instructions available: patching division code
[    0.000000] CPU: PIPT / VIPT nonaliasing data cache, PIPT instruction cache
[    0.000000] Machine model: TI DRA742
[    0.000000] cma: Reserved 64 MiB at 0x00000000db800000
[    0.000000] Forcing write-allocate cache policy for SMP
[    0.000000] Memory policy: Data cache writealloc
[    0.000000] DRA752 ES1.1
[    0.000000] percpu: Embedded 13 pages/cpu @ef38f000 s23808 r8192 d21248 u53248
[    0.000000] Built 1 zonelists in Zone order, mobility grouping on.  Total pages: 390912
[    0.000000] Kernel command line: console=ttyO0,115200n8 earlyprintk=serial,ttyO0,115200n8 rootwait  ip=:::::eth0:dhcp  root=PARTUUID=00000000-02 rw rootfstype=ext4 rootwait 
[    0.000000] PID hash table entries: 4096 (order: 2, 16384 bytes)
[    0.000000] Dentry cache hash table entries: 131072 (order: 7, 524288 bytes)
[    0.000000] Inode-cache hash table entries: 65536 (order: 6, 262144 bytes)
[    0.000000] Memory: 1470760K/1569792K available (10489K kernel code, 1082K rwdata, 4216K rodata, 2048K init, 345K bss, 33496K reserved, 65536K cma-reserved, 717824K highmem)
[    0.000000] Virtual kernel memory layout:
[    0.000000]     vector  : 0xffff0000 - 0xffff1000   (   4 kB)
[    0.000000]     fixmap  : 0xffc00000 - 0xfff00000   (3072 kB)
[    0.000000]     vmalloc : 0xf0800000 - 0xff800000   ( 240 MB)
[    0.000000]     lowmem  : 0xc0000000 - 0xf0000000   ( 768 MB)
[    0.000000]     pkmap   : 0xbfe00000 - 0xc0000000   (   2 MB)
[    0.000000]     modules : 0xbf000000 - 0xbfe00000   (  14 MB)
[    0.000000]       .text : 0xc0208000 - 0xc125c654   (16722 kB)
[    0.000000]       .init : 0xc1400000 - 0xc1600000   (2048 kB)
[    0.000000]       .data : 0xc1600000 - 0xc170e800   (1082 kB)
[    0.000000]        .bss : 0xc1710000 - 0xc17666d8   ( 346 kB)
[    0.000000] SLUB: HWalign=64, Order=0-3, MinObjects=0, CPUs=2, Nodes=1
[    0.000000] Hierarchical RCU implementation.
[    0.000000] 	Build-time adjustment of leaf fanout to 32.
[    0.000000] 	RCU restricting CPUs from NR_CPUS=16 to nr_cpu_ids=2.
[    0.000000] RCU: Adjusting geometry for rcu_fanout_leaf=32, nr_cpu_ids=2
[    0.000000] NR_IRQS:16 nr_irqs:16 16
[    0.000000] OMAP clockevent source: timer1 at 32768 Hz
[    0.000000] Architected cp15 timer(s) running at 6.14MHz (virt).
[    0.000000] clocksource: arch_sys_counter: mask: 0xffffffffffffff max_cycles: 0x16af5adb9, max_idle_ns: 440795202250 ns
[    0.000004] sched_clock: 56 bits at 6MHz, resolution 162ns, wraps every 4398046511023ns
[    0.000014] Switching to timer-based delay loop, resolution 162ns
[    0.003086] clocksource: 32k_counter: mask: 0xffffffff max_cycles: 0xffffffff, max_idle_ns: 58327039986419 ns
[    0.003092] OMAP clocksource: 32k_counter at 32768 Hz
[    0.005700] Console: colour dummy device 80x30
[    0.005719] Calibrating delay loop (skipped), value calculated using timer frequency.. 12.29 BogoMIPS (lpj=30737)
[    0.005730] pid_max: default: 32768 minimum: 301
[    0.005802] Mount-cache hash table entries: 2048 (order: 1, 8192 bytes)
[    0.005811] Mountpoint-cache hash table entries: 2048 (order: 1, 8192 bytes)
[    0.006287] CPU: Testing write buffer coherency: ok
[    0.006483] /cpus/cpu@0 missing clock-frequency property
[    0.006522] /cpus/cpu@1 missing clock-frequency property
[    0.006532] CPU0: thread -1, cpu 0, socket 0, mpidr 80000000
[    0.006566] Setting up static identity map for 0x80400000 - 0x80400170
[    0.010974] CPU1: thread -1, cpu 1, socket 0, mpidr 80000001
[    0.011049] Brought up 2 CPUs
[    0.011060] SMP: Total of 2 processors activated (24.58 BogoMIPS).
[    0.011066] CPU: All CPU(s) started in SVC mode.
[    0.011395] devtmpfs: initialized
[    0.029052] VFP support v0.3: implementor 41 architecture 4 part 30 variant f rev 0
[    0.029744] clocksource: jiffies: mask: 0xffffffff max_cycles: 0xffffffff, max_idle_ns: 9556302231375000 ns
[    0.031064] pinctrl core: initialized pinctrl subsystem
[    0.032504] NET: Registered protocol family 16
[    0.034060] DMA: preallocated 256 KiB pool for atomic coherent allocations
[    0.035060] omap_hwmod: l3_main_2 using broken dt data from ocp
[    0.179138] ------------[ cut here ]------------
[    0.179152] WARNING: CPU: 0 PID: 1 at drivers/i2c/i2c-core.c:1930 i2c_register_driver+0x78/0x84
[    0.179158] Modules linked in:
[    0.179171] CPU: 0 PID: 1 Comm: swapper/0 Not tainted 4.5.0-rc7-next-20160314-00002-g7e0d3f31150c #1
[    0.179177] Hardware name: Generic DRA74X (Flattened Device Tree)
[    0.179196] [<c040fa68>] (unwind_backtrace) from [<c040b124>] (show_stack+0x10/0x14)
[    0.179215] [<c040b124>] (show_stack) from [<c068c614>] (dump_stack+0x98/0xac)
[    0.179230] [<c068c614>] (dump_stack) from [<c0441d28>] (__warn+0xe8/0x100)
[    0.179241] [<c0441d28>] (__warn) from [<c0441df0>] (warn_slowpath_null+0x20/0x28)
[    0.179251] [<c0441df0>] (warn_slowpath_null) from [<c0a5e2f0>] (i2c_register_driver+0x78/0x84)
[    0.179261] [<c0a5e2f0>] (i2c_register_driver) from [<c1443374>] (i2c_init+0x80/0xc8)
[    0.179273] [<c1443374>] (i2c_init) from [<c0401e34>] (do_one_initcall+0x90/0x1dc)
[    0.179285] [<c0401e34>] (do_one_initcall) from [<c1400dd8>] (kernel_init_freeable+0x15c/0x1fc)
[    0.179300] [<c1400dd8>] (kernel_init_freeable) from [<c0c4b548>] (kernel_init+0x8/0x114)
[    0.179312] [<c0c4b548>] (kernel_init) from [<c0407d28>] (ret_from_fork+0x14/0x2c)
[    0.179325] ---[ end trace 0e994292ae10efb5 ]---
[    0.190936] cpuidle: using governor menu
[    0.197374] OMAP GPIO hardware version 0.1
[    0.203277] irq: no irq domain found for /ocp/l4@4a000000/scm@2000/pinmux@1400 !
[    0.213249] omap-gpmc 50000000.gpmc: could not find pctldev for node /ocp/l4@4a000000/scm@2000/pinmux@1400/nand_flash_x16, deferring probe
[    0.217086] No ATAGs?
[    0.217112] hw-breakpoint: found 5 (+1 reserved) breakpoint and 4 watchpoint registers.
[    0.217119] hw-breakpoint: maximum watchpoint size is 8 bytes.
[    0.218095] omap4_sram_init:Unable to allocate sram needed to handle errata I688
[    0.218103] omap4_sram_init:Unable to get sram pool needed to handle errata I688
[    0.218337] OMAP DMA hardware revision 0.0
[    0.222874] Serial: AMBA PL011 UART driver
[    0.237716] ------------[ cut here ]------------
[    0.237729] WARNING: CPU: 1 PID: 1 at drivers/i2c/i2c-core.c:1930 i2c_register_driver+0x78/0x84
[    0.237735] Modules linked in:
[    0.237747] CPU: 1 PID: 1 Comm: swapper/0 Tainted: G        W       4.5.0-rc7-next-20160314-00002-g7e0d3f31150c #1
[    0.237754] Hardware name: Generic DRA74X (Flattened Device Tree)
[    0.237770] [<c040fa68>] (unwind_backtrace) from [<c040b124>] (show_stack+0x10/0x14)
[    0.237785] [<c040b124>] (show_stack) from [<c068c614>] (dump_stack+0x98/0xac)
[    0.237799] [<c068c614>] (dump_stack) from [<c0441d28>] (__warn+0xe8/0x100)
[    0.237811] [<c0441d28>] (__warn) from [<c0441df0>] (warn_slowpath_null+0x20/0x28)
[    0.237821] [<c0441df0>] (warn_slowpath_null) from [<c0a5e2f0>] (i2c_register_driver+0x78/0x84)
[    0.237831] [<c0a5e2f0>] (i2c_register_driver) from [<c0401e34>] (do_one_initcall+0x90/0x1dc)
[    0.237844] [<c0401e34>] (do_one_initcall) from [<c1400dd8>] (kernel_init_freeable+0x15c/0x1fc)
[    0.237858] [<c1400dd8>] (kernel_init_freeable) from [<c0c4b548>] (kernel_init+0x8/0x114)
[    0.237870] [<c0c4b548>] (kernel_init) from [<c0407d28>] (ret_from_fork+0x14/0x2c)
[    0.237876] ---[ end trace 0e994292ae10efb6 ]---
[    0.237888] ------------[ cut here ]------------
[    0.237897] WARNING: CPU: 1 PID: 1 at drivers/i2c/i2c-core.c:1930 i2c_register_driver+0x78/0x84
[    0.237901] Modules linked in:
[    0.237911] CPU: 1 PID: 1 Comm: swapper/0 Tainted: G        W       4.5.0-rc7-next-20160314-00002-g7e0d3f31150c #1
[    0.237916] Hardware name: Generic DRA74X (Flattened Device Tree)
[    0.237927] [<c040fa68>] (unwind_backtrace) from [<c040b124>] (show_stack+0x10/0x14)
[    0.237938] [<c040b124>] (show_stack) from [<c068c614>] (dump_stack+0x98/0xac)
[    0.237949] [<c068c614>] (dump_stack) from [<c0441d28>] (__warn+0xe8/0x100)
[    0.237959] [<c0441d28>] (__warn) from [<c0441df0>] (warn_slowpath_null+0x20/0x28)
[    0.237969] [<c0441df0>] (warn_slowpath_null) from [<c0a5e2f0>] (i2c_register_driver+0x78/0x84)
[    0.237978] [<c0a5e2f0>] (i2c_register_driver) from [<c0401e34>] (do_one_initcall+0x90/0x1dc)
[    0.237989] [<c0401e34>] (do_one_initcall) from [<c1400dd8>] (kernel_init_freeable+0x15c/0x1fc)
[    0.238001] [<c1400dd8>] (kernel_init_freeable) from [<c0c4b548>] (kernel_init+0x8/0x114)
[    0.238012] [<c0c4b548>] (kernel_init) from [<c0407d28>] (ret_from_fork+0x14/0x2c)
[    0.238018] ---[ end trace 0e994292ae10efb7 ]---
[    0.241175] omap-dma-engine 4a056000.dma-controller: OMAP DMA engine driver
[    0.243595] ------------[ cut here ]------------
[    0.243606] WARNING: CPU: 1 PID: 1 at drivers/i2c/i2c-core.c:1930 i2c_register_driver+0x78/0x84
[    0.243612] Modules linked in:
[    0.243622] CPU: 1 PID: 1 Comm: swapper/0 Tainted: G        W       4.5.0-rc7-next-20160314-00002-g7e0d3f31150c #1
[    0.243628] Hardware name: Generic DRA74X (Flattened Device Tree)
[    0.243641] [<c040fa68>] (unwind_backtrace) from [<c040b124>] (show_stack+0x10/0x14)
[    0.243652] [<c040b124>] (show_stack) from [<c068c614>] (dump_stack+0x98/0xac)
[    0.243665] [<c068c614>] (dump_stack) from [<c0441d28>] (__warn+0xe8/0x100)
[    0.243675] [<c0441d28>] (__warn) from [<c0441df0>] (warn_slowpath_null+0x20/0x28)
[    0.243685] [<c0441df0>] (warn_slowpath_null) from [<c0a5e2f0>] (i2c_register_driver+0x78/0x84)
[    0.243695] [<c0a5e2f0>] (i2c_register_driver) from [<c0401e34>] (do_one_initcall+0x90/0x1dc)
[    0.243707] [<c0401e34>] (do_one_initcall) from [<c1400dd8>] (kernel_init_freeable+0x15c/0x1fc)
[    0.243719] [<c1400dd8>] (kernel_init_freeable) from [<c0c4b548>] (kernel_init+0x8/0x114)
[    0.243731] [<c0c4b548>] (kernel_init) from [<c0407d28>] (ret_from_fork+0x14/0x2c)
[    0.243737] ---[ end trace 0e994292ae10efb8 ]---
[    0.244413] ------------[ cut here ]------------
[    0.244423] WARNING: CPU: 1 PID: 1 at drivers/i2c/i2c-core.c:1930 i2c_register_driver+0x78/0x84
[    0.244428] Modules linked in:
[    0.244438] CPU: 1 PID: 1 Comm: swapper/0 Tainted: G        W       4.5.0-rc7-next-20160314-00002-g7e0d3f31150c #1
[    0.244443] Hardware name: Generic DRA74X (Flattened Device Tree)
[    0.244454] [<c040fa68>] (unwind_backtrace) from [<c040b124>] (show_stack+0x10/0x14)
[    0.244465] [<c040b124>] (show_stack) from [<c068c614>] (dump_stack+0x98/0xac)
[    0.244476] [<c068c614>] (dump_stack) from [<c0441d28>] (__warn+0xe8/0x100)
[    0.244486] [<c0441d28>] (__warn) from [<c0441df0>] (warn_slowpath_null+0x20/0x28)
[    0.244496] [<c0441df0>] (warn_slowpath_null) from [<c0a5e2f0>] (i2c_register_driver+0x78/0x84)
[    0.244505] [<c0a5e2f0>] (i2c_register_driver) from [<c0401e34>] (do_one_initcall+0x90/0x1dc)
[    0.244516] [<c0401e34>] (do_one_initcall) from [<c1400dd8>] (kernel_init_freeable+0x15c/0x1fc)
[    0.244528] [<c1400dd8>] (kernel_init_freeable) from [<c0c4b548>] (kernel_init+0x8/0x114)
[    0.244539] [<c0c4b548>] (kernel_init) from [<c0407d28>] (ret_from_fork+0x14/0x2c)
[    0.244545] ---[ end trace 0e994292ae10efb9 ]---
[    0.244700] ------------[ cut here ]------------
[    0.244709] WARNING: CPU: 1 PID: 1 at drivers/i2c/i2c-core.c:1930 i2c_register_driver+0x78/0x84
[    0.244713] Modules linked in:
[    0.244723] CPU: 1 PID: 1 Comm: swapper/0 Tainted: G        W       4.5.0-rc7-next-20160314-00002-g7e0d3f31150c #1
[    0.244728] Hardware name: Generic DRA74X (Flattened Device Tree)
[    0.244739] [<c040fa68>] (unwind_backtrace) from [<c040b124>] (show_stack+0x10/0x14)
[    0.244748] [<c040b124>] (show_stack) from [<c068c614>] (dump_stack+0x98/0xac)
[    0.244759] [<c068c614>] (dump_stack) from [<c0441d28>] (__warn+0xe8/0x100)
[    0.244769] [<c0441d28>] (__warn) from [<c0441df0>] (warn_slowpath_null+0x20/0x28)
[    0.244779] [<c0441df0>] (warn_slowpath_null) from [<c0a5e2f0>] (i2c_register_driver+0x78/0x84)
[    0.244788] [<c0a5e2f0>] (i2c_register_driver) from [<c0401e34>] (do_one_initcall+0x90/0x1dc)
[    0.244799] [<c0401e34>] (do_one_initcall) from [<c1400dd8>] (kernel_init_freeable+0x15c/0x1fc)
[    0.244810] [<c1400dd8>] (kernel_init_freeable) from [<c0c4b548>] (kernel_init+0x8/0x114)
[    0.244821] [<c0c4b548>] (kernel_init) from [<c0407d28>] (ret_from_fork+0x14/0x2c)
[    0.244827] ---[ end trace 0e994292ae10efba ]---
[    0.246515] vgaarb: loaded
[    0.246526] ------------[ cut here ]------------
[    0.246535] WARNING: CPU: 1 PID: 1 at drivers/i2c/i2c-core.c:1930 i2c_register_driver+0x78/0x84
[    0.246540] Modules linked in:
[    0.246550] CPU: 1 PID: 1 Comm: swapper/0 Tainted: G        W       4.5.0-rc7-next-20160314-00002-g7e0d3f31150c #1
[    0.246555] Hardware name: Generic DRA74X (Flattened Device Tree)
[    0.246567] [<c040fa68>] (unwind_backtrace) from [<c040b124>] (show_stack+0x10/0x14)
[    0.246577] [<c040b124>] (show_stack) from [<c068c614>] (dump_stack+0x98/0xac)
[    0.246588] [<c068c614>] (dump_stack) from [<c0441d28>] (__warn+0xe8/0x100)
[    0.246598] [<c0441d28>] (__warn) from [<c0441df0>] (warn_slowpath_null+0x20/0x28)
[    0.246608] [<c0441df0>] (warn_slowpath_null) from [<c0a5e2f0>] (i2c_register_driver+0x78/0x84)
[    0.246618] [<c0a5e2f0>] (i2c_register_driver) from [<c0401e34>] (do_one_initcall+0x90/0x1dc)
[    0.246629] [<c0401e34>] (do_one_initcall) from [<c1400dd8>] (kernel_init_freeable+0x15c/0x1fc)
[    0.246641] [<c1400dd8>] (kernel_init_freeable) from [<c0c4b548>] (kernel_init+0x8/0x114)
[    0.246652] [<c0c4b548>] (kernel_init) from [<c0407d28>] (ret_from_fork+0x14/0x2c)
[    0.246657] ---[ end trace 0e994292ae10efbb ]---
[    0.246665] ------------[ cut here ]------------
[    0.246674] WARNING: CPU: 1 PID: 1 at drivers/i2c/i2c-core.c:1930 i2c_register_driver+0x78/0x84
[    0.246678] Modules linked in:
[    0.246687] CPU: 1 PID: 1 Comm: swapper/0 Tainted: G        W       4.5.0-rc7-next-20160314-00002-g7e0d3f31150c #1
[    0.246692] Hardware name: Generic DRA74X (Flattened Device Tree)
[    0.246703] [<c040fa68>] (unwind_backtrace) from [<c040b124>] (show_stack+0x10/0x14)
[    0.246713] [<c040b124>] (show_stack) from [<c068c614>] (dump_stack+0x98/0xac)
[    0.246723] [<c068c614>] (dump_stack) from [<c0441d28>] (__warn+0xe8/0x100)
[    0.246733] [<c0441d28>] (__warn) from [<c0441df0>] (warn_slowpath_null+0x20/0x28)
[    0.246743] [<c0441df0>] (warn_slowpath_null) from [<c0a5e2f0>] (i2c_register_driver+0x78/0x84)
[    0.246752] [<c0a5e2f0>] (i2c_register_driver) from [<c0401e34>] (do_one_initcall+0x90/0x1dc)
[    0.246763] [<c0401e34>] (do_one_initcall) from [<c1400dd8>] (kernel_init_freeable+0x15c/0x1fc)
[    0.246774] [<c1400dd8>] (kernel_init_freeable) from [<c0c4b548>] (kernel_init+0x8/0x114)
[    0.246785] [<c0c4b548>] (kernel_init) from [<c0407d28>] (ret_from_fork+0x14/0x2c)
[    0.246790] ---[ end trace 0e994292ae10efbc ]---
[    0.246799] ------------[ cut here ]------------
[    0.246807] WARNING: CPU: 1 PID: 1 at drivers/i2c/i2c-core.c:1930 i2c_register_driver+0x78/0x84
[    0.246811] Modules linked in:
[    0.246819] CPU: 1 PID: 1 Comm: swapper/0 Tainted: G        W       4.5.0-rc7-next-20160314-00002-g7e0d3f31150c #1
[    0.246824] Hardware name: Generic DRA74X (Flattened Device Tree)
[    0.246835] [<c040fa68>] (unwind_backtrace) from [<c040b124>] (show_stack+0x10/0x14)
[    0.246844] [<c040b124>] (show_stack) from [<c068c614>] (dump_stack+0x98/0xac)
[    0.246855] [<c068c614>] (dump_stack) from [<c0441d28>] (__warn+0xe8/0x100)
[    0.246865] [<c0441d28>] (__warn) from [<c0441df0>] (warn_slowpath_null+0x20/0x28)
[    0.246875] [<c0441df0>] (warn_slowpath_null) from [<c0a5e2f0>] (i2c_register_driver+0x78/0x84)
[    0.246884] [<c0a5e2f0>] (i2c_register_driver) from [<c0401e34>] (do_one_initcall+0x90/0x1dc)
[    0.246894] [<c0401e34>] (do_one_initcall) from [<c1400dd8>] (kernel_init_freeable+0x15c/0x1fc)
[    0.246906] [<c1400dd8>] (kernel_init_freeable) from [<c0c4b548>] (kernel_init+0x8/0x114)
[    0.246916] [<c0c4b548>] (kernel_init) from [<c0407d28>] (ret_from_fork+0x14/0x2c)
[    0.246922] ---[ end trace 0e994292ae10efbd ]---
[    0.246930] ------------[ cut here ]------------
[    0.246938] WARNING: CPU: 1 PID: 1 at drivers/i2c/i2c-core.c:1930 i2c_register_driver+0x78/0x84
[    0.246942] Modules linked in:
[    0.246950] CPU: 1 PID: 1 Comm: swapper/0 Tainted: G        W       4.5.0-rc7-next-20160314-00002-g7e0d3f31150c #1
[    0.246955] Hardware name: Generic DRA74X (Flattened Device Tree)
[    0.246966] [<c040fa68>] (unwind_backtrace) from [<c040b124>] (show_stack+0x10/0x14)
[    0.246975] [<c040b124>] (show_stack) from [<c068c614>] (dump_stack+0x98/0xac)
[    0.246986] [<c068c614>] (dump_stack) from [<c0441d28>] (__warn+0xe8/0x100)
[    0.246996] [<c0441d28>] (__warn) from [<c0441df0>] (warn_slowpath_null+0x20/0x28)
[    0.247006] [<c0441df0>] (warn_slowpath_null) from [<c0a5e2f0>] (i2c_register_driver+0x78/0x84)
[    0.247015] [<c0a5e2f0>] (i2c_register_driver) from [<c0401e34>] (do_one_initcall+0x90/0x1dc)
[    0.247025] [<c0401e34>] (do_one_initcall) from [<c1400dd8>] (kernel_init_freeable+0x15c/0x1fc)
[    0.247036] [<c1400dd8>] (kernel_init_freeable) from [<c0c4b548>] (kernel_init+0x8/0x114)
[    0.247047] [<c0c4b548>] (kernel_init) from [<c0407d28>] (ret_from_fork+0x14/0x2c)
[    0.247052] ---[ end trace 0e994292ae10efbe ]---
[    0.247060] ------------[ cut here ]------------
[    0.247068] WARNING: CPU: 1 PID: 1 at drivers/i2c/i2c-core.c:1930 i2c_register_driver+0x78/0x84
[    0.247073] Modules linked in:
[    0.247081] CPU: 1 PID: 1 Comm: swapper/0 Tainted: G        W       4.5.0-rc7-next-20160314-00002-g7e0d3f31150c #1
[    0.247086] Hardware name: Generic DRA74X (Flattened Device Tree)
[    0.247096] [<c040fa68>] (unwind_backtrace) from [<c040b124>] (show_stack+0x10/0x14)
[    0.247106] [<c040b124>] (show_stack) from [<c068c614>] (dump_stack+0x98/0xac)
[    0.247116] [<c068c614>] (dump_stack) from [<c0441d28>] (__warn+0xe8/0x100)
[    0.247126] [<c0441d28>] (__warn) from [<c0441df0>] (warn_slowpath_null+0x20/0x28)
[    0.247136] [<c0441df0>] (warn_slowpath_null) from [<c0a5e2f0>] (i2c_register_driver+0x78/0x84)
[    0.247145] [<c0a5e2f0>] (i2c_register_driver) from [<c0401e34>] (do_one_initcall+0x90/0x1dc)
[    0.247155] [<c0401e34>] (do_one_initcall) from [<c1400dd8>] (kernel_init_freeable+0x15c/0x1fc)
[    0.247166] [<c1400dd8>] (kernel_init_freeable) from [<c0c4b548>] (kernel_init+0x8/0x114)
[    0.247177] [<c0c4b548>] (kernel_init) from [<c0407d28>] (ret_from_fork+0x14/0x2c)
[    0.247182] ---[ end trace 0e994292ae10efbf ]---
[    0.247191] ------------[ cut here ]------------
[    0.247199] WARNING: CPU: 1 PID: 1 at drivers/i2c/i2c-core.c:1930 i2c_register_driver+0x78/0x84
[    0.247203] Modules linked in:
[    0.247211] CPU: 1 PID: 1 Comm: swapper/0 Tainted: G        W       4.5.0-rc7-next-20160314-00002-g7e0d3f31150c #1
[    0.247216] Hardware name: Generic DRA74X (Flattened Device Tree)
[    0.247226] [<c040fa68>] (unwind_backtrace) from [<c040b124>] (show_stack+0x10/0x14)
[    0.247236] [<c040b124>] (show_stack) from [<c068c614>] (dump_stack+0x98/0xac)
[    0.247246] [<c068c614>] (dump_stack) from [<c0441d28>] (__warn+0xe8/0x100)
[    0.247256] [<c0441d28>] (__warn) from [<c0441df0>] (warn_slowpath_null+0x20/0x28)
[    0.247266] [<c0441df0>] (warn_slowpath_null) from [<c0a5e2f0>] (i2c_register_driver+0x78/0x84)
[    0.247275] [<c0a5e2f0>] (i2c_register_driver) from [<c0401e34>] (do_one_initcall+0x90/0x1dc)
[    0.247285] [<c0401e34>] (do_one_initcall) from [<c1400dd8>] (kernel_init_freeable+0x15c/0x1fc)
[    0.247296] [<c1400dd8>] (kernel_init_freeable) from [<c0c4b548>] (kernel_init+0x8/0x114)
[    0.247307] [<c0c4b548>] (kernel_init) from [<c0407d28>] (ret_from_fork+0x14/0x2c)
[    0.247313] ---[ end trace 0e994292ae10efc0 ]---
[    0.247321] ------------[ cut here ]------------
[    0.247329] WARNING: CPU: 1 PID: 1 at drivers/i2c/i2c-core.c:1930 i2c_register_driver+0x78/0x84
[    0.247333] Modules linked in:
[    0.247341] CPU: 1 PID: 1 Comm: swapper/0 Tainted: G        W       4.5.0-rc7-next-20160314-00002-g7e0d3f31150c #1
[    0.247346] Hardware name: Generic DRA74X (Flattened Device Tree)
[    0.247356] [<c040fa68>] (unwind_backtrace) from [<c040b124>] (show_stack+0x10/0x14)
[    0.247366] [<c040b124>] (show_stack) from [<c068c614>] (dump_stack+0x98/0xac)
[    0.247376] [<c068c614>] (dump_stack) from [<c0441d28>] (__warn+0xe8/0x100)
[    0.247387] [<c0441d28>] (__warn) from [<c0441df0>] (warn_slowpath_null+0x20/0x28)
[    0.247396] [<c0441df0>] (warn_slowpath_null) from [<c0a5e2f0>] (i2c_register_driver+0x78/0x84)
[    0.247405] [<c0a5e2f0>] (i2c_register_driver) from [<c143f960>] (max8907_i2c_init+0x14/0x34)
[    0.247415] [<c143f960>] (max8907_i2c_init) from [<c0401e34>] (do_one_initcall+0x90/0x1dc)
[    0.247426] [<c0401e34>] (do_one_initcall) from [<c1400dd8>] (kernel_init_freeable+0x15c/0x1fc)
[    0.247437] [<c1400dd8>] (kernel_init_freeable) from [<c0c4b548>] (kernel_init+0x8/0x114)
[    0.247448] [<c0c4b548>] (kernel_init) from [<c0407d28>] (ret_from_fork+0x14/0x2c)
[    0.247453] ---[ end trace 0e994292ae10efc1 ]---
[    0.247458] Failed to register I2C driver: -11
[    0.247466] ------------[ cut here ]------------
[    0.247474] WARNING: CPU: 1 PID: 1 at drivers/i2c/i2c-core.c:1930 i2c_register_driver+0x78/0x84
[    0.247478] Modules linked in:
[    0.247487] CPU: 1 PID: 1 Comm: swapper/0 Tainted: G        W       4.5.0-rc7-next-20160314-00002-g7e0d3f31150c #1
[    0.247492] Hardware name: Generic DRA74X (Flattened Device Tree)
[    0.247502] [<c040fa68>] (unwind_backtrace) from [<c040b124>] (show_stack+0x10/0x14)
[    0.247511] [<c040b124>] (show_stack) from [<c068c614>] (dump_stack+0x98/0xac)
[    0.247522] [<c068c614>] (dump_stack) from [<c0441d28>] (__warn+0xe8/0x100)
[    0.247532] [<c0441d28>] (__warn) from [<c0441df0>] (warn_slowpath_null+0x20/0x28)
[    0.247542] [<c0441df0>] (warn_slowpath_null) from [<c0a5e2f0>] (i2c_register_driver+0x78/0x84)
[    0.247551] [<c0a5e2f0>] (i2c_register_driver) from [<c0401e34>] (do_one_initcall+0x90/0x1dc)
[    0.247562] [<c0401e34>] (do_one_initcall) from [<c1400dd8>] (kernel_init_freeable+0x15c/0x1fc)
[    0.247573] [<c1400dd8>] (kernel_init_freeable) from [<c0c4b548>] (kernel_init+0x8/0x114)
[    0.247583] [<c0c4b548>] (kernel_init) from [<c0407d28>] (ret_from_fork+0x14/0x2c)
[    0.247588] ---[ end trace 0e994292ae10efc2 ]---
[    0.247669] ------------[ cut here ]------------
[    0.247678] WARNING: CPU: 1 PID: 1 at drivers/i2c/i2c-core.c:1930 i2c_register_driver+0x78/0x84
[    0.247682] Modules linked in:
[    0.247691] CPU: 1 PID: 1 Comm: swapper/0 Tainted: G        W       4.5.0-rc7-next-20160314-00002-g7e0d3f31150c #1
[    0.247696] Hardware name: Generic DRA74X (Flattened Device Tree)
[    0.247707] [<c040fa68>] (unwind_backtrace) from [<c040b124>] (show_stack+0x10/0x14)
[    0.247717] [<c040b124>] (show_stack) from [<c068c614>] (dump_stack+0x98/0xac)
[    0.247727] [<c068c614>] (dump_stack) from [<c0441d28>] (__warn+0xe8/0x100)
[    0.247737] [<c0441d28>] (__warn) from [<c0441df0>] (warn_slowpath_null+0x20/0x28)
[    0.247747] [<c0441df0>] (warn_slowpath_null) from [<c0a5e2f0>] (i2c_register_driver+0x78/0x84)
[    0.247756] [<c0a5e2f0>] (i2c_register_driver) from [<c0401e34>] (do_one_initcall+0x90/0x1dc)
[    0.247767] [<c0401e34>] (do_one_initcall) from [<c1400dd8>] (kernel_init_freeable+0x15c/0x1fc)
[    0.247778] [<c1400dd8>] (kernel_init_freeable) from [<c0c4b548>] (kernel_init+0x8/0x114)
[    0.247789] [<c0c4b548>] (kernel_init) from [<c0407d28>] (ret_from_fork+0x14/0x2c)
[    0.247795] ---[ end trace 0e994292ae10efc3 ]---
[    0.247939] ------------[ cut here ]------------
[    0.247948] WARNING: CPU: 1 PID: 1 at drivers/i2c/i2c-core.c:1930 i2c_register_driver+0x78/0x84
[    0.247952] Modules linked in:
[    0.247962] CPU: 1 PID: 1 Comm: swapper/0 Tainted: G        W       4.5.0-rc7-next-20160314-00002-g7e0d3f31150c #1
[    0.247967] Hardware name: Generic DRA74X (Flattened Device Tree)
[    0.247978] [<c040fa68>] (unwind_backtrace) from [<c040b124>] (show_stack+0x10/0x14)
[    0.247989] [<c040b124>] (show_stack) from [<c068c614>] (dump_stack+0x98/0xac)
[    0.248000] [<c068c614>] (dump_stack) from [<c0441d28>] (__warn+0xe8/0x100)
[    0.248010] [<c0441d28>] (__warn) from [<c0441df0>] (warn_slowpath_null+0x20/0x28)
[    0.248020] [<c0441df0>] (warn_slowpath_null) from [<c0a5e2f0>] (i2c_register_driver+0x78/0x84)
[    0.248029] [<c0a5e2f0>] (i2c_register_driver) from [<c0401e34>] (do_one_initcall+0x90/0x1dc)
[    0.248040] [<c0401e34>] (do_one_initcall) from [<c1400dd8>] (kernel_init_freeable+0x15c/0x1fc)
[    0.248052] [<c1400dd8>] (kernel_init_freeable) from [<c0c4b548>] (kernel_init+0x8/0x114)
[    0.248063] [<c0c4b548>] (kernel_init) from [<c0407d28>] (ret_from_fork+0x14/0x2c)
[    0.248069] ---[ end trace 0e994292ae10efc4 ]---
[    0.248078] ------------[ cut here ]------------
[    0.248086] WARNING: CPU: 1 PID: 1 at drivers/i2c/i2c-core.c:1930 i2c_register_driver+0x78/0x84
[    0.248090] Modules linked in:
[    0.248099] CPU: 1 PID: 1 Comm: swapper/0 Tainted: G        W       4.5.0-rc7-next-20160314-00002-g7e0d3f31150c #1
[    0.248104] Hardware name: Generic DRA74X (Flattened Device Tree)
[    0.248114] [<c040fa68>] (unwind_backtrace) from [<c040b124>] (show_stack+0x10/0x14)
[    0.248124] [<c040b124>] (show_stack) from [<c068c614>] (dump_stack+0x98/0xac)
[    0.248134] [<c068c614>] (dump_stack) from [<c0441d28>] (__warn+0xe8/0x100)
[    0.248145] [<c0441d28>] (__warn) from [<c0441df0>] (warn_slowpath_null+0x20/0x28)
[    0.248154] [<c0441df0>] (warn_slowpath_null) from [<c0a5e2f0>] (i2c_register_driver+0x78/0x84)
[    0.248163] [<c0a5e2f0>] (i2c_register_driver) from [<c0401e34>] (do_one_initcall+0x90/0x1dc)
[    0.248174] [<c0401e34>] (do_one_initcall) from [<c1400dd8>] (kernel_init_freeable+0x15c/0x1fc)
[    0.248185] [<c1400dd8>] (kernel_init_freeable) from [<c0c4b548>] (kernel_init+0x8/0x114)
[    0.248196] [<c0c4b548>] (kernel_init) from [<c0407d28>] (ret_from_fork+0x14/0x2c)
[    0.248202] ---[ end trace 0e994292ae10efc5 ]---
[    0.248210] ------------[ cut here ]------------
[    0.248218] WARNING: CPU: 1 PID: 1 at drivers/i2c/i2c-core.c:1930 i2c_register_driver+0x78/0x84
[    0.248222] Modules linked in:
[    0.248231] CPU: 1 PID: 1 Comm: swapper/0 Tainted: G        W       4.5.0-rc7-next-20160314-00002-g7e0d3f31150c #1
[    0.248236] Hardware name: Generic DRA74X (Flattened Device Tree)
[    0.248246] [<c040fa68>] (unwind_backtrace) from [<c040b124>] (show_stack+0x10/0x14)
[    0.248255] [<c040b124>] (show_stack) from [<c068c614>] (dump_stack+0x98/0xac)
[    0.248266] [<c068c614>] (dump_stack) from [<c0441d28>] (__warn+0xe8/0x100)
[    0.248276] [<c0441d28>] (__warn) from [<c0441df0>] (warn_slowpath_null+0x20/0x28)
[    0.248286] [<c0441df0>] (warn_slowpath_null) from [<c0a5e2f0>] (i2c_register_driver+0x78/0x84)
[    0.248294] [<c0a5e2f0>] (i2c_register_driver) from [<c0401e34>] (do_one_initcall+0x90/0x1dc)
[    0.248305] [<c0401e34>] (do_one_initcall) from [<c1400dd8>] (kernel_init_freeable+0x15c/0x1fc)
[    0.248316] [<c1400dd8>] (kernel_init_freeable) from [<c0c4b548>] (kernel_init+0x8/0x114)
[    0.248327] [<c0c4b548>] (kernel_init) from [<c0407d28>] (ret_from_fork+0x14/0x2c)
[    0.248332] ---[ end trace 0e994292ae10efc6 ]---
[    0.248341] ------------[ cut here ]------------
[    0.248349] WARNING: CPU: 1 PID: 1 at drivers/i2c/i2c-core.c:1930 i2c_register_driver+0x78/0x84
[    0.248353] Modules linked in:
[    0.248361] CPU: 1 PID: 1 Comm: swapper/0 Tainted: G        W       4.5.0-rc7-next-20160314-00002-g7e0d3f31150c #1
[    0.248366] Hardware name: Generic DRA74X (Flattened Device Tree)
[    0.248376] [<c040fa68>] (unwind_backtrace) from [<c040b124>] (show_stack+0x10/0x14)
[    0.248386] [<c040b124>] (show_stack) from [<c068c614>] (dump_stack+0x98/0xac)
[    0.248396] [<c068c614>] (dump_stack) from [<c0441d28>] (__warn+0xe8/0x100)
[    0.248406] [<c0441d28>] (__warn) from [<c0441df0>] (warn_slowpath_null+0x20/0x28)
[    0.248416] [<c0441df0>] (warn_slowpath_null) from [<c0a5e2f0>] (i2c_register_driver+0x78/0x84)
[    0.248425] [<c0a5e2f0>] (i2c_register_driver) from [<c0401e34>] (do_one_initcall+0x90/0x1dc)
[    0.248435] [<c0401e34>] (do_one_initcall) from [<c1400dd8>] (kernel_init_freeable+0x15c/0x1fc)
[    0.248446] [<c1400dd8>] (kernel_init_freeable) from [<c0c4b548>] (kernel_init+0x8/0x114)
[    0.248457] [<c0c4b548>] (kernel_init) from [<c0407d28>] (ret_from_fork+0x14/0x2c)
[    0.248462] ---[ end trace 0e994292ae10efc7 ]---
[    0.248667] SCSI subsystem initialized
[    0.248987] usbcore: registered new interface driver usbfs
[    0.249033] usbcore: registered new interface driver hub
[    0.249072] usbcore: registered new device driver usb
[    0.249774] omap_i2c 48070000.i2c: could not find pctldev for node /ocp/l4@4a000000/scm@2000/pinmux@1400/pinmux_i2c1_pins, deferring probe
[    0.249800] omap_i2c 48072000.i2c: could not find pctldev for node /ocp/l4@4a000000/scm@2000/pinmux@1400/pinmux_i2c2_pins, deferring probe
[    0.249822] omap_i2c 48060000.i2c: could not find pctldev for node /ocp/l4@4a000000/scm@2000/pinmux@1400/pinmux_i2c3_pins, deferring probe
[    0.250561] pps_core: LinuxPPS API ver. 1 registered
[    0.250567] pps_core: Software ver. 5.3.6 - Copyright 2005-2007 Rodolfo Giometti <giometti@linux.it>
[    0.250586] PTP clock support registered
[    0.250765] EDAC MC: Ver: 3.0.0
[    0.252711] clocksource: Switched to clocksource arch_sys_counter
[    0.260353] NET: Registered protocol family 2
[    0.260727] TCP established hash table entries: 8192 (order: 3, 32768 bytes)
[    0.260788] TCP bind hash table entries: 8192 (order: 4, 65536 bytes)
[    0.260911] TCP: Hash tables configured (established 8192 bind 8192)
[    0.260953] UDP hash table entries: 512 (order: 2, 16384 bytes)
[    0.260982] UDP-Lite hash table entries: 512 (order: 2, 16384 bytes)
[    0.261100] NET: Registered protocol family 1
[    0.261284] RPC: Registered named UNIX socket transport module.
[    0.261291] RPC: Registered udp transport module.
[    0.261296] RPC: Registered tcp transport module.
[    0.261301] RPC: Registered tcp NFSv4.1 backchannel transport module.
[    0.262021] hw perfevents: enabled with armv7_cortex_a15 PMU driver, 7 counters available
[    0.263552] futex hash table entries: 512 (order: 3, 32768 bytes)
[    0.264149] workingset: timestamp_bits=28 max_order=19 bucket_order=0
[    0.272372] squashfs: version 4.0 (2009/01/31) Phillip Lougher
[    0.273037] NFS: Registering the id_resolver key type
[    0.273063] Key type id_resolver registered
[    0.273069] Key type id_legacy registered
[    0.273127] ntfs: driver 2.1.32 [Flags: R/O].
[    0.274111] bounce: pool size: 64 pages
[    0.274267] Block layer SCSI generic (bsg) driver version 0.4 loaded (major 248)
[    0.274277] io scheduler noop registered
[    0.274286] io scheduler deadline registered
[    0.274310] io scheduler cfq registered (default)
[    0.281710] pinctrl-single 4a003400.pinmux: 282 pins at pa fc003400 size 1128
[    0.294606] ------------[ cut here ]------------
[    0.294619] WARNING: CPU: 1 PID: 1 at drivers/i2c/i2c-core.c:1930 i2c_register_driver+0x78/0x84
[    0.294624] Modules linked in:
[    0.294637] CPU: 1 PID: 1 Comm: swapper/0 Tainted: G        W       4.5.0-rc7-next-20160314-00002-g7e0d3f31150c #1
[    0.294643] Hardware name: Generic DRA74X (Flattened Device Tree)
[    0.294661] [<c040fa68>] (unwind_backtrace) from [<c040b124>] (show_stack+0x10/0x14)
[    0.294675] [<c040b124>] (show_stack) from [<c068c614>] (dump_stack+0x98/0xac)
[    0.294690] [<c068c614>] (dump_stack) from [<c0441d28>] (__warn+0xe8/0x100)
[    0.294702] [<c0441d28>] (__warn) from [<c0441df0>] (warn_slowpath_null+0x20/0x28)
[    0.294712] [<c0441df0>] (warn_slowpath_null) from [<c0a5e2f0>] (i2c_register_driver+0x78/0x84)
[    0.294723] [<c0a5e2f0>] (i2c_register_driver) from [<c0401e34>] (do_one_initcall+0x90/0x1dc)
[    0.294738] [<c0401e34>] (do_one_initcall) from [<c1400dd8>] (kernel_init_freeable+0x15c/0x1fc)
[    0.294752] [<c1400dd8>] (kernel_init_freeable) from [<c0c4b548>] (kernel_init+0x8/0x114)
[    0.294765] [<c0c4b548>] (kernel_init) from [<c0407d28>] (ret_from_fork+0x14/0x2c)
[    0.294771] ---[ end trace 0e994292ae10efc8 ]---
[    0.294988] ------------[ cut here ]------------
[    0.294998] WARNING: CPU: 1 PID: 1 at drivers/i2c/i2c-core.c:1930 i2c_register_driver+0x78/0x84
[    0.295003] Modules linked in:
[    0.295013] CPU: 1 PID: 1 Comm: swapper/0 Tainted: G        W       4.5.0-rc7-next-20160314-00002-g7e0d3f31150c #1
[    0.295018] Hardware name: Generic DRA74X (Flattened Device Tree)
[    0.295029] [<c040fa68>] (unwind_backtrace) from [<c040b124>] (show_stack+0x10/0x14)
[    0.295040] [<c040b124>] (show_stack) from [<c068c614>] (dump_stack+0x98/0xac)
[    0.295051] [<c068c614>] (dump_stack) from [<c0441d28>] (__warn+0xe8/0x100)
[    0.295062] [<c0441d28>] (__warn) from [<c0441df0>] (warn_slowpath_null+0x20/0x28)
[    0.295071] [<c0441df0>] (warn_slowpath_null) from [<c0a5e2f0>] (i2c_register_driver+0x78/0x84)
[    0.295081] [<c0a5e2f0>] (i2c_register_driver) from [<c0401e34>] (do_one_initcall+0x90/0x1dc)
[    0.295092] [<c0401e34>] (do_one_initcall) from [<c1400dd8>] (kernel_init_freeable+0x15c/0x1fc)
[    0.295104] [<c1400dd8>] (kernel_init_freeable) from [<c0c4b548>] (kernel_init+0x8/0x114)
[    0.295115] [<c0c4b548>] (kernel_init) from [<c0407d28>] (ret_from_fork+0x14/0x2c)
[    0.295121] ---[ end trace 0e994292ae10efc9 ]---
[    0.295132] ------------[ cut here ]------------
[    0.295140] WARNING: CPU: 1 PID: 1 at drivers/i2c/i2c-core.c:1930 i2c_register_driver+0x78/0x84
[    0.295145] Modules linked in:
[    0.295154] CPU: 1 PID: 1 Comm: swapper/0 Tainted: G        W       4.5.0-rc7-next-20160314-00002-g7e0d3f31150c #1
[    0.295159] Hardware name: Generic DRA74X (Flattened Device Tree)
[    0.295170] [<c040fa68>] (unwind_backtrace) from [<c040b124>] (show_stack+0x10/0x14)
[    0.295180] [<c040b124>] (show_stack) from [<c068c614>] (dump_stack+0x98/0xac)
[    0.295190] [<c068c614>] (dump_stack) from [<c0441d28>] (__warn+0xe8/0x100)
[    0.295200] [<c0441d28>] (__warn) from [<c0441df0>] (warn_slowpath_null+0x20/0x28)
[    0.295210] [<c0441df0>] (warn_slowpath_null) from [<c0a5e2f0>] (i2c_register_driver+0x78/0x84)
[    0.295219] [<c0a5e2f0>] (i2c_register_driver) from [<c0401e34>] (do_one_initcall+0x90/0x1dc)
[    0.295230] [<c0401e34>] (do_one_initcall) from [<c1400dd8>] (kernel_init_freeable+0x15c/0x1fc)
[    0.295241] [<c1400dd8>] (kernel_init_freeable) from [<c0c4b548>] (kernel_init+0x8/0x114)
[    0.295252] [<c0c4b548>] (kernel_init) from [<c0407d28>] (ret_from_fork+0x14/0x2c)
[    0.295258] ---[ end trace 0e994292ae10efca ]---
[    0.295268] ------------[ cut here ]------------
[    0.295276] WARNING: CPU: 1 PID: 1 at drivers/i2c/i2c-core.c:1930 i2c_register_driver+0x78/0x84
[    0.295280] Modules linked in:
[    0.295289] CPU: 1 PID: 1 Comm: swapper/0 Tainted: G        W       4.5.0-rc7-next-20160314-00002-g7e0d3f31150c #1
[    0.295294] Hardware name: Generic DRA74X (Flattened Device Tree)
[    0.295305] [<c040fa68>] (unwind_backtrace) from [<c040b124>] (show_stack+0x10/0x14)
[    0.295314] [<c040b124>] (show_stack) from [<c068c614>] (dump_stack+0x98/0xac)
[    0.295325] [<c068c614>] (dump_stack) from [<c0441d28>] (__warn+0xe8/0x100)
[    0.295335] [<c0441d28>] (__warn) from [<c0441df0>] (warn_slowpath_null+0x20/0x28)
[    0.295345] [<c0441df0>] (warn_slowpath_null) from [<c0a5e2f0>] (i2c_register_driver+0x78/0x84)
[    0.295354] [<c0a5e2f0>] (i2c_register_driver) from [<c0401e34>] (do_one_initcall+0x90/0x1dc)
[    0.295365] [<c0401e34>] (do_one_initcall) from [<c1400dd8>] (kernel_init_freeable+0x15c/0x1fc)
[    0.295376] [<c1400dd8>] (kernel_init_freeable) from [<c0c4b548>] (kernel_init+0x8/0x114)
[    0.295387] [<c0c4b548>] (kernel_init) from [<c0407d28>] (ret_from_fork+0x14/0x2c)
[    0.295392] ---[ end trace 0e994292ae10efcb ]---
[    0.338010] Serial: 8250/16550 driver, 4 ports, IRQ sharing disabled
[    0.340368] SuperH (H)SCI(F) driver initialized
[    0.341311] msm_serial: driver initialized
[    0.341650] 4806a000.serial: ttyO0 at MMIO 0x4806a000 (irq = 296, base_baud = 3000000) is a OMAP UART0
[    3.722795] console [ttyO0] enabled
[    3.726757] omap_uart 4806c000.serial: no wakeirq for uart1
[    3.732656] 4806c000.serial: ttyO1 at MMIO 0x4806c000 (irq = 297, base_baud = 3000000) is a OMAP UART1
[    3.742674] omap_uart 48020000.serial: no wakeirq for uart2
[    3.748575] 48020000.serial: ttyO2 at MMIO 0x48020000 (irq = 298, base_baud = 3000000) is a OMAP UART2
[    3.758610] STMicroelectronics ASC driver initialized
[    3.765553] [drm] Initialized drm 1.1.0 20060810
[    3.781550] brd: module loaded
[    3.788668] loop: module loaded
[    3.791997] ------------[ cut here ]------------
[    3.796839] WARNING: CPU: 1 PID: 1 at drivers/i2c/i2c-core.c:1930 i2c_register_driver+0x78/0x84
[    3.805943] Modules linked in:
[    3.809152] CPU: 1 PID: 1 Comm: swapper/0 Tainted: G        W       4.5.0-rc7-next-20160314-00002-g7e0d3f31150c #1
[    3.819956] Hardware name: Generic DRA74X (Flattened Device Tree)
[    3.826331] [<c040fa68>] (unwind_backtrace) from [<c040b124>] (show_stack+0x10/0x14)
[    3.834429] [<c040b124>] (show_stack) from [<c068c614>] (dump_stack+0x98/0xac)
[    3.841982] [<c068c614>] (dump_stack) from [<c0441d28>] (__warn+0xe8/0x100)
[    3.849250] [<c0441d28>] (__warn) from [<c0441df0>] (warn_slowpath_null+0x20/0x28)
[    3.857163] [<c0441df0>] (warn_slowpath_null) from [<c0a5e2f0>] (i2c_register_driver+0x78/0x84)
[    3.866245] [<c0a5e2f0>] (i2c_register_driver) from [<c0401e34>] (do_one_initcall+0x90/0x1dc)
[    3.875153] [<c0401e34>] (do_one_initcall) from [<c1400dd8>] (kernel_init_freeable+0x15c/0x1fc)
[    3.884235] [<c1400dd8>] (kernel_init_freeable) from [<c0c4b548>] (kernel_init+0x8/0x114)
[    3.892781] [<c0c4b548>] (kernel_init) from [<c0407d28>] (ret_from_fork+0x14/0x2c)
[    3.900701] ---[ end trace 0e994292ae10efcc ]---
[    3.905534] ------------[ cut here ]------------
[    3.910371] WARNING: CPU: 1 PID: 1 at drivers/i2c/i2c-core.c:1930 i2c_register_driver+0x78/0x84
[    3.919469] Modules linked in:
[    3.922658] CPU: 1 PID: 1 Comm: swapper/0 Tainted: G        W       4.5.0-rc7-next-20160314-00002-g7e0d3f31150c #1
[    3.933466] Hardware name: Generic DRA74X (Flattened Device Tree)
[    3.939844] [<c040fa68>] (unwind_backtrace) from [<c040b124>] (show_stack+0x10/0x14)
[    3.947929] [<c040b124>] (show_stack) from [<c068c614>] (dump_stack+0x98/0xac)
[    3.955472] [<c068c614>] (dump_stack) from [<c0441d28>] (__warn+0xe8/0x100)
[    3.962750] [<c0441d28>] (__warn) from [<c0441df0>] (warn_slowpath_null+0x20/0x28)
[    3.970661] [<c0441df0>] (warn_slowpath_null) from [<c0a5e2f0>] (i2c_register_driver+0x78/0x84)
[    3.979745] [<c0a5e2f0>] (i2c_register_driver) from [<c0401e34>] (do_one_initcall+0x90/0x1dc)
[    3.988647] [<c0401e34>] (do_one_initcall) from [<c1400dd8>] (kernel_init_freeable+0x15c/0x1fc)
[    3.997735] [<c1400dd8>] (kernel_init_freeable) from [<c0c4b548>] (kernel_init+0x8/0x114)
[    4.006282] [<c0c4b548>] (kernel_init) from [<c0407d28>] (ret_from_fork+0x14/0x2c)
[    4.014214] ---[ end trace 0e994292ae10efcd ]---
[    4.019051] ------------[ cut here ]------------
[    4.023883] WARNING: CPU: 1 PID: 1 at drivers/i2c/i2c-core.c:1930 i2c_register_driver+0x78/0x84
[    4.032984] Modules linked in:
[    4.036175] CPU: 1 PID: 1 Comm: swapper/0 Tainted: G        W       4.5.0-rc7-next-20160314-00002-g7e0d3f31150c #1
[    4.046971] Hardware name: Generic DRA74X (Flattened Device Tree)
[    4.053339] [<c040fa68>] (unwind_backtrace) from [<c040b124>] (show_stack+0x10/0x14)
[    4.061432] [<c040b124>] (show_stack) from [<c068c614>] (dump_stack+0x98/0xac)
[    4.068970] [<c068c614>] (dump_stack) from [<c0441d28>] (__warn+0xe8/0x100)
[    4.076237] [<c0441d28>] (__warn) from [<c0441df0>] (warn_slowpath_null+0x20/0x28)
[    4.084149] [<c0441df0>] (warn_slowpath_null) from [<c0a5e2f0>] (i2c_register_driver+0x78/0x84)
[    4.093230] [<c0a5e2f0>] (i2c_register_driver) from [<c0401e34>] (do_one_initcall+0x90/0x1dc)
[    4.102148] [<c0401e34>] (do_one_initcall) from [<c1400dd8>] (kernel_init_freeable+0x15c/0x1fc)
[    4.111239] [<c1400dd8>] (kernel_init_freeable) from [<c0c4b548>] (kernel_init+0x8/0x114)
[    4.119774] [<c0c4b548>] (kernel_init) from [<c0407d28>] (ret_from_fork+0x14/0x2c)
[    4.127707] ---[ end trace 0e994292ae10efce ]---
[    4.132526] ------------[ cut here ]------------
[    4.137354] WARNING: CPU: 1 PID: 1 at drivers/i2c/i2c-core.c:1930 i2c_register_driver+0x78/0x84
[    4.146439] Modules linked in:
[    4.149639] CPU: 1 PID: 1 Comm: swapper/0 Tainted: G        W       4.5.0-rc7-next-20160314-00002-g7e0d3f31150c #1
[    4.160441] Hardware name: Generic DRA74X (Flattened Device Tree)
[    4.166804] [<c040fa68>] (unwind_backtrace) from [<c040b124>] (show_stack+0x10/0x14)
[    4.174884] [<c040b124>] (show_stack) from [<c068c614>] (dump_stack+0x98/0xac)
[    4.182435] [<c068c614>] (dump_stack) from [<c0441d28>] (__warn+0xe8/0x100)
[    4.189710] [<c0441d28>] (__warn) from [<c0441df0>] (warn_slowpath_null+0x20/0x28)
[    4.197619] [<c0441df0>] (warn_slowpath_null) from [<c0a5e2f0>] (i2c_register_driver+0x78/0x84)
[    4.206713] [<c0a5e2f0>] (i2c_register_driver) from [<c0401e34>] (do_one_initcall+0x90/0x1dc)
[    4.215607] [<c0401e34>] (do_one_initcall) from [<c1400dd8>] (kernel_init_freeable+0x15c/0x1fc)
[    4.224703] [<c1400dd8>] (kernel_init_freeable) from [<c0c4b548>] (kernel_init+0x8/0x114)
[    4.233254] [<c0c4b548>] (kernel_init) from [<c0407d28>] (ret_from_fork+0x14/0x2c)
[    4.241166] ---[ end trace 0e994292ae10efcf ]---
[    4.245995] ------------[ cut here ]------------
[    4.250828] WARNING: CPU: 1 PID: 1 at drivers/i2c/i2c-core.c:1930 i2c_register_driver+0x78/0x84
[    4.259923] Modules linked in:
[    4.263124] CPU: 1 PID: 1 Comm: swapper/0 Tainted: G        W       4.5.0-rc7-next-20160314-00002-g7e0d3f31150c #1
[    4.273927] Hardware name: Generic DRA74X (Flattened Device Tree)
[    4.280285] [<c040fa68>] (unwind_backtrace) from [<c040b124>] (show_stack+0x10/0x14)
[    4.288375] [<c040b124>] (show_stack) from [<c068c614>] (dump_stack+0x98/0xac)
[    4.295923] [<c068c614>] (dump_stack) from [<c0441d28>] (__warn+0xe8/0x100)
[    4.303199] [<c0441d28>] (__warn) from [<c0441df0>] (warn_slowpath_null+0x20/0x28)
[    4.311113] [<c0441df0>] (warn_slowpath_null) from [<c0a5e2f0>] (i2c_register_driver+0x78/0x84)
[    4.320189] [<c0a5e2f0>] (i2c_register_driver) from [<c0401e34>] (do_one_initcall+0x90/0x1dc)
[    4.329099] [<c0401e34>] (do_one_initcall) from [<c1400dd8>] (kernel_init_freeable+0x15c/0x1fc)
[    4.338188] [<c1400dd8>] (kernel_init_freeable) from [<c0c4b548>] (kernel_init+0x8/0x114)
[    4.346726] [<c0c4b548>] (kernel_init) from [<c0407d28>] (ret_from_fork+0x14/0x2c)
[    4.354644] ---[ end trace 0e994292ae10efd0 ]---
[    4.359481] ------------[ cut here ]------------
[    4.364310] WARNING: CPU: 1 PID: 1 at drivers/i2c/i2c-core.c:1930 i2c_register_driver+0x78/0x84
[    4.373404] Modules linked in:
[    4.376592] CPU: 1 PID: 1 Comm: swapper/0 Tainted: G        W       4.5.0-rc7-next-20160314-00002-g7e0d3f31150c #1
[    4.387401] Hardware name: Generic DRA74X (Flattened Device Tree)
[    4.393765] [<c040fa68>] (unwind_backtrace) from [<c040b124>] (show_stack+0x10/0x14)
[    4.401850] [<c040b124>] (show_stack) from [<c068c614>] (dump_stack+0x98/0xac)
[    4.409397] [<c068c614>] (dump_stack) from [<c0441d28>] (__warn+0xe8/0x100)
[    4.416666] [<c0441d28>] (__warn) from [<c0441df0>] (warn_slowpath_null+0x20/0x28)
[    4.424572] [<c0441df0>] (warn_slowpath_null) from [<c0a5e2f0>] (i2c_register_driver+0x78/0x84)
[    4.433653] [<c0a5e2f0>] (i2c_register_driver) from [<c0401e34>] (do_one_initcall+0x90/0x1dc)
[    4.442556] [<c0401e34>] (do_one_initcall) from [<c1400dd8>] (kernel_init_freeable+0x15c/0x1fc)
[    4.451646] [<c1400dd8>] (kernel_init_freeable) from [<c0c4b548>] (kernel_init+0x8/0x114)
[    4.460185] [<c0c4b548>] (kernel_init) from [<c0407d28>] (ret_from_fork+0x14/0x2c)
[    4.468111] ---[ end trace 0e994292ae10efd1 ]---
[    4.473167] ------------[ cut here ]------------
[    4.478012] WARNING: CPU: 1 PID: 1 at drivers/i2c/i2c-core.c:1930 i2c_register_driver+0x78/0x84
[    4.487094] Modules linked in:
[    4.490299] CPU: 1 PID: 1 Comm: swapper/0 Tainted: G        W       4.5.0-rc7-next-20160314-00002-g7e0d3f31150c #1
[    4.501105] Hardware name: Generic DRA74X (Flattened Device Tree)
[    4.507470] [<c040fa68>] (unwind_backtrace) from [<c040b124>] (show_stack+0x10/0x14)
[    4.515559] [<c040b124>] (show_stack) from [<c068c614>] (dump_stack+0x98/0xac)
[    4.523098] [<c068c614>] (dump_stack) from [<c0441d28>] (__warn+0xe8/0x100)
[    4.530366] [<c0441d28>] (__warn) from [<c0441df0>] (warn_slowpath_null+0x20/0x28)
[    4.538281] [<c0441df0>] (warn_slowpath_null) from [<c0a5e2f0>] (i2c_register_driver+0x78/0x84)
[    4.547371] [<c0a5e2f0>] (i2c_register_driver) from [<c0401e34>] (do_one_initcall+0x90/0x1dc)
[    4.556275] [<c0401e34>] (do_one_initcall) from [<c1400dd8>] (kernel_init_freeable+0x15c/0x1fc)
[    4.565367] [<c1400dd8>] (kernel_init_freeable) from [<c0c4b548>] (kernel_init+0x8/0x114)
[    4.573912] [<c0c4b548>] (kernel_init) from [<c0407d28>] (ret_from_fork+0x14/0x2c)
[    4.581829] ---[ end trace 0e994292ae10efd2 ]---
[    4.586659] ------------[ cut here ]------------
[    4.591493] WARNING: CPU: 1 PID: 1 at drivers/i2c/i2c-core.c:1930 i2c_register_driver+0x78/0x84
[    4.600578] Modules linked in:
[    4.603779] CPU: 1 PID: 1 Comm: swapper/0 Tainted: G        W       4.5.0-rc7-next-20160314-00002-g7e0d3f31150c #1
[    4.614590] Hardware name: Generic DRA74X (Flattened Device Tree)
[    4.620958] [<c040fa68>] (unwind_backtrace) from [<c040b124>] (show_stack+0x10/0x14)
[    4.629050] [<c040b124>] (show_stack) from [<c068c614>] (dump_stack+0x98/0xac)
[    4.636594] [<c068c614>] (dump_stack) from [<c0441d28>] (__warn+0xe8/0x100)
[    4.643866] [<c0441d28>] (__warn) from [<c0441df0>] (warn_slowpath_null+0x20/0x28)
[    4.651770] [<c0441df0>] (warn_slowpath_null) from [<c0a5e2f0>] (i2c_register_driver+0x78/0x84)
[    4.660860] [<c0a5e2f0>] (i2c_register_driver) from [<c0401e34>] (do_one_initcall+0x90/0x1dc)
[    4.669766] [<c0401e34>] (do_one_initcall) from [<c1400dd8>] (kernel_init_freeable+0x15c/0x1fc)
[    4.678849] [<c1400dd8>] (kernel_init_freeable) from [<c0c4b548>] (kernel_init+0x8/0x114)
[    4.687393] [<c0c4b548>] (kernel_init) from [<c0407d28>] (ret_from_fork+0x14/0x2c)
[    4.695314] ---[ end trace 0e994292ae10efd3 ]---
[    4.700704] ------------[ cut here ]------------
[    4.705541] WARNING: CPU: 1 PID: 1 at drivers/i2c/i2c-core.c:1930 i2c_register_driver+0x78/0x84
[    4.714619] Modules linked in:
[    4.717820] CPU: 1 PID: 1 Comm: swapper/0 Tainted: G        W       4.5.0-rc7-next-20160314-00002-g7e0d3f31150c #1
[    4.728618] Hardware name: Generic DRA74X (Flattened Device Tree)
[    4.734991] [<c040fa68>] (unwind_backtrace) from [<c040b124>] (show_stack+0x10/0x14)
[    4.743083] [<c040b124>] (show_stack) from [<c068c614>] (dump_stack+0x98/0xac)
[    4.750631] [<c068c614>] (dump_stack) from [<c0441d28>] (__warn+0xe8/0x100)
[    4.757899] [<c0441d28>] (__warn) from [<c0441df0>] (warn_slowpath_null+0x20/0x28)
[    4.765803] [<c0441df0>] (warn_slowpath_null) from [<c0a5e2f0>] (i2c_register_driver+0x78/0x84)
[    4.774895] [<c0a5e2f0>] (i2c_register_driver) from [<c0401e34>] (do_one_initcall+0x90/0x1dc)
[    4.783804] [<c0401e34>] (do_one_initcall) from [<c1400dd8>] (kernel_init_freeable+0x15c/0x1fc)
[    4.792903] [<c1400dd8>] (kernel_init_freeable) from [<c0c4b548>] (kernel_init+0x8/0x114)
[    4.801445] [<c0c4b548>] (kernel_init) from [<c0407d28>] (ret_from_fork+0x14/0x2c)
[    4.809365] ---[ end trace 0e994292ae10efd4 ]---
[    4.814198] ------------[ cut here ]------------
[    4.819027] WARNING: CPU: 1 PID: 1 at drivers/i2c/i2c-core.c:1930 i2c_register_driver+0x78/0x84
[    4.828115] Modules linked in:
[    4.831309] CPU: 1 PID: 1 Comm: swapper/0 Tainted: G        W       4.5.0-rc7-next-20160314-00002-g7e0d3f31150c #1
[    4.842111] Hardware name: Generic DRA74X (Flattened Device Tree)
[    4.848466] [<c040fa68>] (unwind_backtrace) from [<c040b124>] (show_stack+0x10/0x14)
[    4.856553] [<c040b124>] (show_stack) from [<c068c614>] (dump_stack+0x98/0xac)
[    4.864102] [<c068c614>] (dump_stack) from [<c0441d28>] (__warn+0xe8/0x100)
[    4.871373] [<c0441d28>] (__warn) from [<c0441df0>] (warn_slowpath_null+0x20/0x28)
[    4.879273] [<c0441df0>] (warn_slowpath_null) from [<c0a5e2f0>] (i2c_register_driver+0x78/0x84)
[    4.888359] [<c0a5e2f0>] (i2c_register_driver) from [<c0401e34>] (do_one_initcall+0x90/0x1dc)
[    4.897265] [<c0401e34>] (do_one_initcall) from [<c1400dd8>] (kernel_init_freeable+0x15c/0x1fc)
[    4.906347] [<c1400dd8>] (kernel_init_freeable) from [<c0c4b548>] (kernel_init+0x8/0x114)
[    4.914887] [<c0c4b548>] (kernel_init) from [<c0407d28>] (ret_from_fork+0x14/0x2c)
[    4.922807] ---[ end trace 0e994292ae10efd5 ]---
[    4.928190] ahci 4a140000.sata: SSS flag set, parallel bus scan disabled
[    4.935220] ahci 4a140000.sata: AHCI 0001.0300 32 slots 1 ports 3 Gbps 0x1 impl platform mode
[    4.944138] ahci 4a140000.sata: flags: 64bit ncq sntf stag pm led clo only pmp pio slum part ccc apst 
[    4.954619] scsi host0: ahci
[    4.957879] ata1: SATA max UDMA/133 mmio [mem 0x4a140000-0x4a1410ff] port 0x100 irq 327
[    4.972862] libphy: Fixed MDIO Bus: probed
[    4.977683] CAN device driver interface
[    4.983554] igb: Intel(R) Gigabit Ethernet Network Driver - version 5.3.0-k
[    4.990833] igb: Copyright (c) 2007-2014 Intel Corporation.
[    5.037726] davinci_mdio 48485000.mdio: davinci mdio revision 1.6
[    5.044110] davinci_mdio 48485000.mdio: detected phy mask fffffff3
[    5.054613] libphy: 48485000.mdio: probed
[    5.058813] davinci_mdio 48485000.mdio: phy[2]: device 48485000.mdio:02, driver unknown
[    5.067185] davinci_mdio 48485000.mdio: phy[3]: device 48485000.mdio:03, driver unknown
[    5.076411] cpsw 48484000.ethernet: Detected MACID = b4:99:4c:0b:e4:e6
[    5.083841] cpsw 48484000.ethernet: cpsw: Detected MACID = b4:99:4c:0b:e4:e7
[    5.091909] pegasus: v0.9.3 (2013/04/25), Pegasus/Pegasus II USB Ethernet driver
[    5.099700] usbcore: registered new interface driver pegasus
[    5.105670] usbcore: registered new interface driver asix
[    5.111359] usbcore: registered new interface driver ax88179_178a
[    5.117766] usbcore: registered new interface driver cdc_ether
[    5.123919] usbcore: registered new interface driver smsc75xx
[    5.129988] usbcore: registered new interface driver smsc95xx
[    5.136037] usbcore: registered new interface driver net1080
[    5.142010] usbcore: registered new interface driver cdc_subset
[    5.148244] usbcore: registered new interface driver zaurus
[    5.154135] usbcore: registered new interface driver cdc_ncm
[    5.160339] ------------[ cut here ]------------
[    5.165175] WARNING: CPU: 0 PID: 1 at drivers/i2c/i2c-core.c:1930 i2c_register_driver+0x78/0x84
[    5.174281] Modules linked in:
[    5.177483] CPU: 0 PID: 1 Comm: swapper/0 Tainted: G        W       4.5.0-rc7-next-20160314-00002-g7e0d3f31150c #1
[    5.188299] Hardware name: Generic DRA74X (Flattened Device Tree)
[    5.194673] [<c040fa68>] (unwind_backtrace) from [<c040b124>] (show_stack+0x10/0x14)
[    5.202768] [<c040b124>] (show_stack) from [<c068c614>] (dump_stack+0x98/0xac)
[    5.210316] [<c068c614>] (dump_stack) from [<c0441d28>] (__warn+0xe8/0x100)
[    5.217596] [<c0441d28>] (__warn) from [<c0441df0>] (warn_slowpath_null+0x20/0x28)
[    5.225510] [<c0441df0>] (warn_slowpath_null) from [<c0a5e2f0>] (i2c_register_driver+0x78/0x84)
[    5.234594] [<c0a5e2f0>] (i2c_register_driver) from [<c0401e34>] (do_one_initcall+0x90/0x1dc)
[    5.243509] [<c0401e34>] (do_one_initcall) from [<c1400dd8>] (kernel_init_freeable+0x15c/0x1fc)
[    5.252600] [<c1400dd8>] (kernel_init_freeable) from [<c0c4b548>] (kernel_init+0x8/0x114)
[    5.261147] [<c0c4b548>] (kernel_init) from [<c0407d28>] (ret_from_fork+0x14/0x2c)
[    5.269058] ---[ end trace 0e994292ae10efd6 ]---
[    5.275536] ehci_hcd: USB 2.0 'Enhanced' Host Controller (EHCI) Driver
[    5.282366] ehci-pci: EHCI PCI platform driver
[    5.283974] ata1: SATA link down (SStatus 0 SControl 300)
[    5.292704] ehci-platform: EHCI generic platform driver
[    5.298372] ehci-omap: OMAP-EHCI Host Controller driver
[    5.303986] ehci-orion: EHCI orion driver
[    5.308319] SPEAr-ehci: EHCI SPEAr driver
[    5.312641] ehci-st: EHCI STMicroelectronics driver
[    5.317883] ehci-exynos: EHCI EXYNOS driver
[    5.322414] ehci-atmel: EHCI Atmel driver
[    5.326750] tegra-ehci: Tegra EHCI driver
[    5.331107] ohci_hcd: USB 1.1 'Open' Host Controller (OHCI) Driver
[    5.337593] ohci-pci: OHCI PCI platform driver
[    5.342279] ohci-platform: OHCI generic platform driver
[    5.347907] ohci-omap3: OHCI OMAP3 driver
[    5.352226] SPEAr-ohci: OHCI SPEAr driver
[    5.356559] ohci-st: OHCI STMicroelectronics driver
[    5.361803] ohci-atmel: OHCI Atmel driver
[    5.366687] usbcore: registered new interface driver usb-storage
[    5.374461] mousedev: PS/2 mouse device common for all mice
[    5.381129] ------------[ cut here ]------------
[    5.385974] WARNING: CPU: 0 PID: 1 at drivers/i2c/i2c-core.c:1930 i2c_register_driver+0x78/0x84
[    5.395077] Modules linked in:
[    5.398287] CPU: 0 PID: 1 Comm: swapper/0 Tainted: G        W       4.5.0-rc7-next-20160314-00002-g7e0d3f31150c #1
[    5.409083] Hardware name: Generic DRA74X (Flattened Device Tree)
[    5.415451] [<c040fa68>] (unwind_backtrace) from [<c040b124>] (show_stack+0x10/0x14)
[    5.423543] [<c040b124>] (show_stack) from [<c068c614>] (dump_stack+0x98/0xac)
[    5.431100] [<c068c614>] (dump_stack) from [<c0441d28>] (__warn+0xe8/0x100)
[    5.438374] [<c0441d28>] (__warn) from [<c0441df0>] (warn_slowpath_null+0x20/0x28)
[    5.446287] [<c0441df0>] (warn_slowpath_null) from [<c0a5e2f0>] (i2c_register_driver+0x78/0x84)
[    5.455371] [<c0a5e2f0>] (i2c_register_driver) from [<c0401e34>] (do_one_initcall+0x90/0x1dc)
[    5.464288] [<c0401e34>] (do_one_initcall) from [<c1400dd8>] (kernel_init_freeable+0x15c/0x1fc)
[    5.473387] [<c1400dd8>] (kernel_init_freeable) from [<c0c4b548>] (kernel_init+0x8/0x114)
[    5.481932] [<c0c4b548>] (kernel_init) from [<c0407d28>] (ret_from_fork+0x14/0x2c)
[    5.489857] ---[ end trace 0e994292ae10efd7 ]---
[    5.494810] ------------[ cut here ]------------
[    5.499652] WARNING: CPU: 0 PID: 1 at drivers/i2c/i2c-core.c:1930 i2c_register_driver+0x78/0x84
[    5.508748] Modules linked in:
[    5.511943] CPU: 0 PID: 1 Comm: swapper/0 Tainted: G        W       4.5.0-rc7-next-20160314-00002-g7e0d3f31150c #1
[    5.522745] Hardware name: Generic DRA74X (Flattened Device Tree)
[    5.529110] [<c040fa68>] (unwind_backtrace) from [<c040b124>] (show_stack+0x10/0x14)
[    5.537203] [<c040b124>] (show_stack) from [<c068c614>] (dump_stack+0x98/0xac)
[    5.544748] [<c068c614>] (dump_stack) from [<c0441d28>] (__warn+0xe8/0x100)
[    5.552019] [<c0441d28>] (__warn) from [<c0441df0>] (warn_slowpath_null+0x20/0x28)
[    5.559927] [<c0441df0>] (warn_slowpath_null) from [<c0a5e2f0>] (i2c_register_driver+0x78/0x84)
[    5.569007] [<c0a5e2f0>] (i2c_register_driver) from [<c0401e34>] (do_one_initcall+0x90/0x1dc)
[    5.577918] [<c0401e34>] (do_one_initcall) from [<c1400dd8>] (kernel_init_freeable+0x15c/0x1fc)
[    5.587010] [<c1400dd8>] (kernel_init_freeable) from [<c0c4b548>] (kernel_init+0x8/0x114)
[    5.595555] [<c0c4b548>] (kernel_init) from [<c0407d28>] (ret_from_fork+0x14/0x2c)
[    5.603478] ---[ end trace 0e994292ae10efd8 ]---
[    5.608585] ------------[ cut here ]------------
[    5.613423] WARNING: CPU: 0 PID: 1 at drivers/i2c/i2c-core.c:1930 i2c_register_driver+0x78/0x84
[    5.622525] Modules linked in:
[    5.625731] CPU: 0 PID: 1 Comm: swapper/0 Tainted: G        W       4.5.0-rc7-next-20160314-00002-g7e0d3f31150c #1
[    5.636535] Hardware name: Generic DRA74X (Flattened Device Tree)
[    5.642897] [<c040fa68>] (unwind_backtrace) from [<c040b124>] (show_stack+0x10/0x14)
[    5.650986] [<c040b124>] (show_stack) from [<c068c614>] (dump_stack+0x98/0xac)
[    5.658528] [<c068c614>] (dump_stack) from [<c0441d28>] (__warn+0xe8/0x100)
[    5.665811] [<c0441d28>] (__warn) from [<c0441df0>] (warn_slowpath_null+0x20/0x28)
[    5.673719] [<c0441df0>] (warn_slowpath_null) from [<c0a5e2f0>] (i2c_register_driver+0x78/0x84)
[    5.682800] [<c0a5e2f0>] (i2c_register_driver) from [<c0401e34>] (do_one_initcall+0x90/0x1dc)
[    5.691694] [<c0401e34>] (do_one_initcall) from [<c1400dd8>] (kernel_init_freeable+0x15c/0x1fc)
[    5.700776] [<c1400dd8>] (kernel_init_freeable) from [<c0c4b548>] (kernel_init+0x8/0x114)
[    5.709319] [<c0c4b548>] (kernel_init) from [<c0407d28>] (ret_from_fork+0x14/0x2c)
[    5.717243] ---[ end trace 0e994292ae10efd9 ]---
[    5.722296] ------------[ cut here ]------------
[    5.727140] WARNING: CPU: 0 PID: 1 at drivers/i2c/i2c-core.c:1930 i2c_register_driver+0x78/0x84
[    5.736239] Modules linked in:
[    5.739438] CPU: 0 PID: 1 Comm: swapper/0 Tainted: G        W       4.5.0-rc7-next-20160314-00002-g7e0d3f31150c #1
[    5.750247] Hardware name: Generic DRA74X (Flattened Device Tree)
[    5.756613] [<c040fa68>] (unwind_backtrace) from [<c040b124>] (show_stack+0x10/0x14)
[    5.764703] [<c040b124>] (show_stack) from [<c068c614>] (dump_stack+0x98/0xac)
[    5.772246] [<c068c614>] (dump_stack) from [<c0441d28>] (__warn+0xe8/0x100)
[    5.779521] [<c0441d28>] (__warn) from [<c0441df0>] (warn_slowpath_null+0x20/0x28)
[    5.787431] [<c0441df0>] (warn_slowpath_null) from [<c0a5e2f0>] (i2c_register_driver+0x78/0x84)
[    5.796521] [<c0a5e2f0>] (i2c_register_driver) from [<c0401e34>] (do_one_initcall+0x90/0x1dc)
[    5.805423] [<c0401e34>] (do_one_initcall) from [<c1400dd8>] (kernel_init_freeable+0x15c/0x1fc)
[    5.814505] [<c1400dd8>] (kernel_init_freeable) from [<c0c4b548>] (kernel_init+0x8/0x114)
[    5.823039] [<c0c4b548>] (kernel_init) from [<c0407d28>] (ret_from_fork+0x14/0x2c)
[    5.830957] ---[ end trace 0e994292ae10efda ]---
[    5.835789] ------------[ cut here ]------------
[    5.840622] WARNING: CPU: 0 PID: 1 at drivers/i2c/i2c-core.c:1930 i2c_register_driver+0x78/0x84
[    5.849714] Modules linked in:
[    5.852911] CPU: 0 PID: 1 Comm: swapper/0 Tainted: G        W       4.5.0-rc7-next-20160314-00002-g7e0d3f31150c #1
[    5.863711] Hardware name: Generic DRA74X (Flattened Device Tree)
[    5.870076] [<c040fa68>] (unwind_backtrace) from [<c040b124>] (show_stack+0x10/0x14)
[    5.878168] [<c040b124>] (show_stack) from [<c068c614>] (dump_stack+0x98/0xac)
[    5.885709] [<c068c614>] (dump_stack) from [<c0441d28>] (__warn+0xe8/0x100)
[    5.892980] [<c0441d28>] (__warn) from [<c0441df0>] (warn_slowpath_null+0x20/0x28)
[    5.900888] [<c0441df0>] (warn_slowpath_null) from [<c0a5e2f0>] (i2c_register_driver+0x78/0x84)
[    5.909973] [<c0a5e2f0>] (i2c_register_driver) from [<c0401e34>] (do_one_initcall+0x90/0x1dc)
[    5.918876] [<c0401e34>] (do_one_initcall) from [<c1400dd8>] (kernel_init_freeable+0x15c/0x1fc)
[    5.927967] [<c1400dd8>] (kernel_init_freeable) from [<c0c4b548>] (kernel_init+0x8/0x114)
[    5.936506] [<c0c4b548>] (kernel_init) from [<c0407d28>] (ret_from_fork+0x14/0x2c)
[    5.944416] ---[ end trace 0e994292ae10efdb ]---
[    5.950868] i2c /dev entries driver
[    5.954542] Unable to handle kernel NULL pointer dereference at virtual address 0000009c
[    5.963003] pgd = c0203000
[    5.965822] [0000009c] *pgd=80000080204003, *pmd=00000000
[    5.971477] Internal error: Oops: 206 [#1] SMP ARM
[    5.976474] Modules linked in:
[    5.979666] CPU: 0 PID: 1 Comm: swapper/0 Tainted: G        W       4.5.0-rc7-next-20160314-00002-g7e0d3f31150c #1
[    5.990471] Hardware name: Generic DRA74X (Flattened Device Tree)
[    5.996825] task: ee888000 ti: ee876000 task.ti: ee876000
[    6.002466] PC is at blocking_notifier_chain_register+0x80/0xd4
[    6.008643] LR is at i2c_dev_init+0x84/0xe0
[    6.013015] pc : [<c045d0b4>]    lr : [<c1443440>]    psr: 60000013
[    6.013015] sp : ee877ee0  ip : ee801b80  fp : 00000000
[    6.025008] r10: c14a583c  r9 : 00000118  r8 : 00000000
[    6.030462] r7 : c14433bc  r6 : eee3e6c0  r5 : c1755358  r4 : 00000084
[    6.037284] r3 : 00000000  r2 : 00000000  r1 : c16bfc40  r0 : 00000084
[    6.044104] Flags: nZCv  IRQs on  FIQs on  Mode SVC_32  ISA ARM  Segment kernel
[    6.051726] Control: 30c5387d  Table: 80203000  DAC: fffffffd
[    6.057739] Process swapper/0 (pid: 1, stack limit = 0xee876220)
[    6.064000] Stack: (0xee877ee0 to 0xee878000)
[    6.068549] 7ee0: 00000000 c1755358 eee3e6c0 c1443440 c0f5f954 eee3e6c0 c14433bc c1606890
[    6.077086] 7f00: c1606890 c0401e34 c0e07ba8 00000014 00000000 00000000 00000000 c0564624
[    6.085628] 7f20: 00000000 c1636814 00000117 c0e1dbfc c121d2d8 c045b780 0000cccd c1191560
[    6.094165] 7f40: c121bd0c 00000000 00000006 00000006 c16367fc ef3ab1c0 c150602c 00000006
[    6.102702] 7f60: c14a5834 c1710000 c1710000 c14a583c 00000000 c1400dd8 00000006 00000006
[    6.111243] 7f80: 00000000 c14005a0 00000000 c0c4b540 00000000 00000000 00000000 00000000
[    6.119774] 7fa0: 00000000 c0c4b548 00000000 c0407d28 00000000 00000000 00000000 00000000
[    6.128313] 7fc0: 00000000 00000000 00000000 00000000 00000000 00000000 00000000 00000000
[    6.136856] 7fe0: 00000000 00000000 00000000 00000000 00000013 00000000 00020040 00220024
[    6.145394] [<c045d0b4>] (blocking_notifier_chain_register) from [<c1443440>] (i2c_dev_init+0x84/0xe0)
[    6.155110] [<c1443440>] (i2c_dev_init) from [<c0401e34>] (do_one_initcall+0x90/0x1dc)
[    6.163377] [<c0401e34>] (do_one_initcall) from [<c1400dd8>] (kernel_init_freeable+0x15c/0x1fc)
[    6.172465] [<c1400dd8>] (kernel_init_freeable) from [<c0c4b548>] (kernel_init+0x8/0x114)
[    6.181011] [<c0c4b548>] (kernel_init) from [<c0407d28>] (ret_from_fork+0x14/0x2c)
[    6.188919] Code: e58c5000 eb007b46 e3a00000 e8bd8070 (e5903018) 
[    6.195303] ---[ end trace 0e994292ae10efdc ]---
[    6.200142] Kernel panic - not syncing: Attempted to kill init! exitcode=0x0000000b
[    6.200142] 
[    6.209676] CPU1: stopping
[    6.212513] CPU: 1 PID: 0 Comm: swapper/1 Tainted: G      D W       4.5.0-rc7-next-20160314-00002-g7e0d3f31150c #1
[    6.223355] Hardware name: Generic DRA74X (Flattened Device Tree)
[    6.229738] [<c040fa68>] (unwind_backtrace) from [<c040b124>] (show_stack+0x10/0x14)
[    6.237850] [<c040b124>] (show_stack) from [<c068c614>] (dump_stack+0x98/0xac)
[    6.245425] [<c068c614>] (dump_stack) from [<c040e20c>] (handle_IPI+0x174/0x194)
[    6.253174] [<c040e20c>] (handle_IPI) from [<c0401768>] (gic_handle_irq+0x90/0x94)
[    6.261099] [<c0401768>] (gic_handle_irq) from [<c040bc00>] (__irq_svc+0x40/0x54)
[    6.268933] Exception stack(0xee8a9f88 to 0xee8a9fd0)
[    6.274217] 9f80:                   00000001 00000000 00000000 c041ae60 ee8a8000 c16024ac
[    6.282779] 9fa0: 00000000 00000000 c150b5c0 c1602514 c160250c ee8a9fe0 00000000 ee8a9fd8
[    6.291338] 9fc0: c0408748 c040874c 60000013 ffffffff
[    6.296629] [<c040bc00>] (__irq_svc) from [<c040874c>] (arch_cpu_idle+0x38/0x3c)
[    6.304381] [<c040874c>] (arch_cpu_idle) from [<c0477b04>] (cpu_startup_entry+0x1c0/0x224)
[    6.313040] [<c0477b04>] (cpu_startup_entry) from [<80401c2c>] (0x80401c2c)
[    6.320338] ---[ end Kernel panic - not syncing: Attempted to kill init! exitcode=0x0000000b
[    6.320338] 
- 06:05:03 [INFO] Boot attempt 1/1 failed
- 06:05:03 [INFO] Collecting kernel traces via sysrq...
- 06:05:14 [INFO] 
- 06:05:24 [INFO] 
- 06:05:34 [INFO] 
- 06:05:34 [INFO] Disconnected serial from dra7xx-evm
URL:gtsystest.telogy.design.ti.com/vatf/tigtfarm07/tigtfarm07_vatf@dra7xx-evm1/tigtfarm0703_14_2016_06_01_14/files/session_iteration_1/test_1
