- 03:37:21 [INFO] Starting target session
- 03:37:21 [INFO] Connected to dra72x-evm via serial 
- 03:37:21 [INFO] Host: #check prompt
- 03:37:21 [INFO] Target: 
#check prompt
Password: 
- 03:37:21 [INFO] Host:  
- 03:37:25 [INFO] Target: 
Login incorrect
dra7xx-evm login: 
- 03:37:25 [INFO] Host: root
- 03:37:25 [INFO] Target: 
root
root@dra7xx-evm:~# 
- 03:37:25 [INFO] Host: #check prompt
- 03:37:25 [INFO] Target: 
#check prompt
root@dra7xx-evm:~# 
- 03:37:25 [INFO] Host: sync;poweroff
- 03:37:34 [INFO] Target: 
sync;poweroff
INIT: S
Broadcast message from root@dra7xx-evm (ttyO0) (Wed Jan  7 17:56:44 1970):
The system is going down for system halt NOW!
Stopping Dropbear SSH server: stopped /usr/sbin/dropbear (pid 785)
dropbear.
Stopping telnet daemon.
Stopping system message bus: dbus.
hwclock: can't open '/dev/misc/rtc': No such file or directory
Error opening /dev/fb0: No such file or directory
Stopping syslogd/klogd: stopped syslogd (pid 814)
stopped klogd (pid 815)
done
Stopping thttpd.
stopping statd: done
ALSA: Storing mixer settings...
/usr/sbin/alsactl: save_state:1590: No soundcards found...
Stopping rpcbind daemon...
done.
Stopping Lighttpd Web Server: stopped /usr/sbin/lighttpd (pid 822)
lighttpd.
Deconfiguring network interfaces... ifdown: interface eth0 not configured
done.
Stopping Matrix GUI applicationstart-stop-daemon: warning: killing process 828: No such process
***************************************************************
***************************************************************
NOTICE: This file system contains the followin GPLv3 packages:
	binutils
	elfutils
	gdbserver
	libdw1
	libelf1
	parted
If you do not wish to distribute GPLv3 components please remove
the above packages prior to distribution.  This can be done using
the opkg remove command.  i.e.:
    opkg remove <package>
Where <package> is the name printed in the list above
NOTE: If the package is a dependency of another package you
      will be notified of the dependent packages.  You should
      use the --force-removal-of-dependent-packages option to
      also remove the dependent packages as well
***************************************************************
***************************************************************
Sending all processes the TERM signal...
Sending all processes the KILL signal...
Unmounting remote filesystems...
Deactivating swap...
Unmounting local filesystems...
[ 4049.476893] EXT4-fs (mmcblk1p2): re-mounted. Opts: data=ordered
[ 4051.585960] reboot: Power down
- 03:37:34 [INFO] Disconnected serial from dra72x-evm
- 03:37:35 [INFO] Connected to dra72x-evm via serial 
- 03:37:35 [INFO] Host: 
- 03:37:37 [INFO] Target: 
U-Boot SPL 2016.05-00041-ga456020 (Jul 08 2016 - 12:54:20)
DRA722-GP ES2.0
Trying to boot from MMC1
reading args
spl_load_image_fat_os: error reading image args, err - -1
reading u-boot.img
reading u-boot.img
reading u-boot.img
reading u-boot.img
U-Boot 2016.05-00041-ga456020 (Jul 08 2016 - 12:54:20 -0500), Build: jenkins-ti-uboot-compile-test-146
CPU  : DRA722-GP ES2.0
Model: TI DRA722 Rev C EVM
Board: DRA72x EVM REV C.1
I2C:   ready
DRAM:  2 GiB
MMC:   OMAP SD/MMC: 0, OMAP SD/MMC: 1
SCSI:  SATA link 0 timeout.
AHCI 0001.0300 32 slots 1 ports 3 Gbps 0x1 impl SATA mode
flags: 64bit ncq stag pm led clo only pmp pio slum part ccc apst 
scanning bus for devices...
Found 0 device(s).
Net:   
Warning: ethernet@48484000 using MAC address from ROM
eth0: ethernet@48484000
Hit any key to stop autoboot:  2  0 
=>  
=>  
=>  
=>  
=>  
=>  
=>  
=>  
=>  
=>  
=>  
- 03:37:38 [INFO] Host: 
- 03:37:38 [INFO] Target: 
- 03:37:38 [INFO] Host: version
- 03:37:38 [INFO] Target: 
version
U-Boot 2016.05-00041-ga456020 (Jul 08 2016 - 12:54:20 -0500)
arm-linux-gnueabihf-gcc (Linaro GCC 5.3-2016.02) 5.3.1 20160113
GNU ld (GNU Binutils) 2.25.0 Linaro 2015_10
- 03:37:38 [INFO] Host: setenv bootargs 'console=ttyO0,115200n8 earlyprintk=serial,ttyO0,115200n8 rootwait '
- 03:37:38 [INFO] Target: 
setenv bootargs 'console=ttyO0,115200n8 earlyprintk=serial,ttyO0,115200n8 rootwait '
- 03:37:38 [INFO] Host: setenv bootcmd  ''
- 03:37:38 [INFO] Target: 
setenv bootcmd  ''
- 03:37:38 [INFO] Host: setenv autoload 'no'
- 03:37:38 [INFO] Target: 
setenv autoload 'no'
- 03:37:38 [INFO] Host: setenv serverip '192.168.0.1'
- 03:37:38 [INFO] Target: 
setenv serverip '192.168.0.1'
- 03:37:38 [INFO] Host: setenv _initramfs -
- 03:37:38 [INFO] Target: 
setenv _initramfs -
- 03:37:38 [INFO] Host: printenv
- 03:37:39 [INFO] Target: 
printenv
_initramfs=-
arch=arm
args_mmc=run finduuid;setenv bootargs console=${console} ${optargs} root=PARTUUID=${uuid} rw rootfstype=${mmcrootfstype}
autoload=no
baudrate=115200
board=dra7xx
board_name=dra72x-revc
board_rev=C.1
bootargs=console=ttyO0,115200n8 earlyprintk=serial,ttyO0,115200n8 rootwait 
bootcmd=
bootdelay=2
bootdir=/boot
bootenvfile=uEnv.txt
bootfile=zImage
bootm_size=0x10000000
bootpart=0:2
bootscript=echo Running bootscript from mmc${mmcdev} ...; source ${loadaddr}
console=ttyO0,115200n8
cpu=armv7
dfu_alt_info_emmc=rawemmc raw 0 3751936;boot part 1 1;rootfs part 1 2;MLO fat 1 1;MLO.raw raw 0x100 0x100;u-boot.img.raw raw 0x300 0x400;spl-os-args.raw raw 0x80 0x80;spl-os-image.raw raw 0x900 0x2000;spl-os-args fat 1 1;spl-os-image fat 1 1;u-boot.img fat 1 1;uEnv.txt fat 1 1
dfu_alt_info_mmc=boot part 0 1;rootfs part 0 2;MLO fat 0 1;MLO.raw raw 0x100 0x100;u-boot.img.raw raw 0x300 0x400;spl-os-args.raw raw 0x80 0x80;spl-os-image.raw raw 0x900 0x2000;spl-os-args fat 0 1;spl-os-image fat 0 1;u-boot.img fat 0 1;uEnv.txt fat 0 1
dfu_alt_info_qspi=MLO raw 0x0 0x020000;MLO.backup1 raw 0x020000 0x020000;u-boot.img raw 0x040000 0x0100000;u-boot-spl-os raw 0x140000 0x080000;u-boot-env raw 0x1C0000 0x010000;u-boot-env.backup raw 0x1D0000 0x010000;kernel raw 0x1E0000 0x800000
dfu_alt_info_ram=kernel ram 0x80200000 0x4000000;fdt ram 0x80f80000 0x80000;ramdisk ram 0x81000000 0x4000000
dfu_bufsiz=0x10000
dofastboot=0
envboot=mmc dev ${mmcdev}; if mmc rescan; then echo SD/MMC found on device ${mmcdev};if run loadbootscript; then run bootscript;else if run loadbootenv; then echo Loaded env from ${bootenvfile};run importbootenv;fi;if test -n $uenvcmd; then echo Running uenvcmd ...;run uenvcmd;fi;fi;fi;
ethaddr=5c:f8:21:14:64:c2
fdt_addr_r=0x88000000
fdtaddr=0x88000000
fdtcontroladdr=fdf137b0
fdtfile=undefined
findfdt=if test $board_name = omap5_uevm; then setenv fdtfile omap5-uevm.dtb; fi; if test $board_name = dra7xx; then setenv fdtfile dra7-evm.dtb; fi;if test $board_name = dra72x-revc; then setenv fdtfile dra72-evm-revc.dtb; fi;if test $board_name = dra72x; then setenv fdtfile dra72-evm.dtb; fi;if test $board_name = beagle_x15; then setenv fdtfile am57xx-beagle-x15.dtb; fi;if test $board_name = beagle_x15_revb1; then setenv fdtfile am57xx-beagle-x15-revb1.dtb; fi;if test $board_name = am57xx_evm; then setenv fdtfile am57xx-evm.dtb; fi;if test $board_name = am57xx_evm_reva3; then setenv fdtfile am57xx-evm-reva3.dtb; fi;if test $board_name = am572x_idk; then setenv fdtfile am572x-idk.dtb; fi;if test $board_name = am571x_idk && test $idk_lcd = no; then setenv fdtfile am571x-idk.dtb; fi;if test $board_name = am571x_idk && test $idk_lcd = osd101t2045; then setenv fdtfile am571x-idk-lcd-osd.dtb; fi;if test $fdtfile = undefined; then echo WARNING: Could not determine device tree to use; fi; 
finduuid=part uuid mmc ${bootpart} uuid
importbootenv=echo Importing environment from mmc${mmcdev} ...; env import -t ${loadaddr} ${filesize}
kernel_addr_r=0x82000000
loadaddr=0x82000000
loadbootenv=fatload mmc ${mmcdev} ${loadaddr} ${bootenvfile}
loadbootscript=fatload mmc ${mmcdev} ${loadaddr} boot.scr
loadfdt=load mmc ${bootpart} ${fdtaddr} ${bootdir}/${fdtfile};
loadimage=load mmc ${bootpart} ${loadaddr} ${bootdir}/${bootfile}
mmcboot=mmc dev ${mmcdev}; if mmc rescan; then echo SD/MMC found on device ${mmcdev};if run loadimage; then run loadfdt; echo Booting from mmc${mmcdev} ...; run args_mmc; bootz ${loadaddr} - ${fdtaddr}; fi;fi;
mmcdev=0
mmcrootfstype=ext4 rootwait
netargs=setenv bootargs console=${console} ${optargs} root=/dev/nfs nfsroot=${serverip}:${rootpath},${nfsopts} rw ip=dhcp
netboot=echo Booting from network ...; setenv autoload no; dhcp; run netloadimage; run netloadfdt; run netargs; bootz ${loadaddr} - ${fdtaddr}
netloadfdt=tftp ${fdtaddr} ${fdtfile}
netloadimage=tftp ${loadaddr} ${bootfile}
nfsopts=nolock
partitions=uuid_disk=${uuid_gpt_disk};name=rootfs,start=2MiB,size=-,uuid=${uuid_gpt_rootfs}
partitions_android=uuid_disk=${uuid_gpt_disk};name=xloader,start=128K,size=128K,uuid=${uuid_gpt_xloader};name=bootloader,size=384K,uuid=${uuid_gpt_bootloader};name=environment,size=128K,uuid=${uuid_gpt_environment};name=misc,size=128K,uuid=${uuid_gpt_misc};name=efs,start=1280K,size=16M,uuid=${uuid_gpt_efs};name=crypto,size=16K,uuid=${uuid_gpt_crypto};name=recovery,size=10M,uuid=${uuid_gpt_recovery};name=boot,size=10M,uuid=${uuid_gpt_boot};name=system,size=768M,uuid=${uuid_gpt_system};name=cache,size=256M,uuid=${uuid_gpt_cache};name=ipu1,size=1M,uuid=${uuid_gpt_ipu1};name=ipu2,size=1M,uuid=${uuid_gpt_ipu2};name=userdata,size=-,uuid=${uuid_gpt_userdata}
pxefile_addr_r=0x80100000
ramdisk_addr_r=0x88080000
rdaddr=0x88080000
rootpath=/export/rootfs
scriptaddr=0x80000000
scsidevs=0
serial#=050130061c6600a1
serverip=192.168.0.1
soc=omap5
static_ip=${ipaddr}:${serverip}:${gatewayip}:${netmask}:${hostname}::off
stderr=serial@4806a000
stdin=serial@4806a000
stdout=serial@4806a000
usbtty=cdc_acm
vendor=ti
ver=U-Boot 2016.05-00041-ga456020 (Jul 08 2016 - 12:54:20 -0500)
vram=16M
Environment size: 5181/131067 bytes
- 03:37:39 [INFO] Host: printenv
- 03:37:39 [INFO] Target: 
printenv
_initramfs=-
arch=arm
args_mmc=run finduuid;setenv bootargs console=${console} ${optargs} root=PARTUUID=${uuid} rw rootfstype=${mmcrootfstype}
autoload=no
baudrate=115200
board=dra7xx
board_name=dra72x-revc
board_rev=C.1
bootargs=console=ttyO0,115200n8 earlyprintk=serial,ttyO0,115200n8 rootwait 
bootcmd=
bootdelay=2
bootdir=/boot
bootenvfile=uEnv.txt
bootfile=zImage
bootm_size=0x10000000
bootpart=0:2
bootscript=echo Running bootscript from mmc${mmcdev} ...; source ${loadaddr}
console=ttyO0,115200n8
cpu=armv7
dfu_alt_info_emmc=rawemmc raw 0 3751936;boot part 1 1;rootfs part 1 2;MLO fat 1 1;MLO.raw raw 0x100 0x100;u-boot.img.raw raw 0x300 0x400;spl-os-args.raw raw 0x80 0x80;spl-os-image.raw raw 0x900 0x2000;spl-os-args fat 1 1;spl-os-image fat 1 1;u-boot.img fat 1 1;uEnv.txt fat 1 1
dfu_alt_info_mmc=boot part 0 1;rootfs part 0 2;MLO fat 0 1;MLO.raw raw 0x100 0x100;u-boot.img.raw raw 0x300 0x400;spl-os-args.raw raw 0x80 0x80;spl-os-image.raw raw 0x900 0x2000;spl-os-args fat 0 1;spl-os-image fat 0 1;u-boot.img fat 0 1;uEnv.txt fat 0 1
dfu_alt_info_qspi=MLO raw 0x0 0x020000;MLO.backup1 raw 0x020000 0x020000;u-boot.img raw 0x040000 0x0100000;u-boot-spl-os raw 0x140000 0x080000;u-boot-env raw 0x1C0000 0x010000;u-boot-env.backup raw 0x1D0000 0x010000;kernel raw 0x1E0000 0x800000
dfu_alt_info_ram=kernel ram 0x80200000 0x4000000;fdt ram 0x80f80000 0x80000;ramdisk ram 0x81000000 0x4000000
dfu_bufsiz=0x10000
dofastboot=0
envboot=mmc dev ${mmcdev}; if mmc rescan; then echo SD/MMC found on device ${mmcdev};if run loadbootscript; then run bootscript;else if run loadbootenv; then echo Loaded env from ${bootenvfile};run importbootenv;fi;if test -n $uenvcmd; then echo Running uenvcmd ...;run uenvcmd;fi;fi;fi;
ethaddr=5c:f8:21:14:64:c2
fdt_addr_r=0x88000000
fdtaddr=0x88000000
fdtcontroladdr=fdf137b0
fdtfile=undefined
findfdt=if test $board_name = omap5_uevm; then setenv fdtfile omap5-uevm.dtb; fi; if test $board_name = dra7xx; then setenv fdtfile dra7-evm.dtb; fi;if test $board_name = dra72x-revc; then setenv fdtfile dra72-evm-revc.dtb; fi;if test $board_name = dra72x; then setenv fdtfile dra72-evm.dtb; fi;if test $board_name = beagle_x15; then setenv fdtfile am57xx-beagle-x15.dtb; fi;if test $board_name = beagle_x15_revb1; then setenv fdtfile am57xx-beagle-x15-revb1.dtb; fi;if test $board_name = am57xx_evm; then setenv fdtfile am57xx-evm.dtb; fi;if test $board_name = am57xx_evm_reva3; then setenv fdtfile am57xx-evm-reva3.dtb; fi;if test $board_name = am572x_idk; then setenv fdtfile am572x-idk.dtb; fi;if test $board_name = am571x_idk && test $idk_lcd = no; then setenv fdtfile am571x-idk.dtb; fi;if test $board_name = am571x_idk && test $idk_lcd = osd101t2045; then setenv fdtfile am571x-idk-lcd-osd.dtb; fi;if test $fdtfile = undefined; then echo WARNING: Could not determine device tree to use; fi; 
finduuid=part uuid mmc ${bootpart} uuid
importbootenv=echo Importing environment from mmc${mmcdev} ...; env import -t ${loadaddr} ${filesize}
kernel_addr_r=0x82000000
loadaddr=0x82000000
loadbootenv=fatload mmc ${mmcdev} ${loadaddr} ${bootenvfile}
loadbootscript=fatload mmc ${mmcdev} ${loadaddr} boot.scr
loadfdt=load mmc ${bootpart} ${fdtaddr} ${bootdir}/${fdtfile};
loadimage=load mmc ${bootpart} ${loadaddr} ${bootdir}/${bootfile}
mmcboot=mmc dev ${mmcdev}; if mmc rescan; then echo SD/MMC found on device ${mmcdev};if run loadimage; then run loadfdt; echo Booting from mmc${mmcdev} ...; run args_mmc; bootz ${loadaddr} - ${fdtaddr}; fi;fi;
mmcdev=0
mmcrootfstype=ext4 rootwait
netargs=setenv bootargs console=${console} ${optargs} root=/dev/nfs nfsroot=${serverip}:${rootpath},${nfsopts} rw ip=dhcp
netboot=echo Booting from network ...; setenv autoload no; dhcp; run netloadimage; run netloadfdt; run netargs; bootz ${loadaddr} - ${fdtaddr}
netloadfdt=tftp ${fdtaddr} ${fdtfile}
netloadimage=tftp ${loadaddr} ${bootfile}
nfsopts=nolock
partitions=uuid_disk=${uuid_gpt_disk};name=rootfs,start=2MiB,size=-,uuid=${uuid_gpt_rootfs}
partitions_android=uuid_disk=${uuid_gpt_disk};name=xloader,start=128K,size=128K,uuid=${uuid_gpt_xloader};name=bootloader,size=384K,uuid=${uuid_gpt_bootloader};name=environment,size=128K,uuid=${uuid_gpt_environment};name=misc,size=128K,uuid=${uuid_gpt_misc};name=efs,start=1280K,size=16M,uuid=${uuid_gpt_efs};name=crypto,size=16K,uuid=${uuid_gpt_crypto};name=recovery,size=10M,uuid=${uuid_gpt_recovery};name=boot,size=10M,uuid=${uuid_gpt_boot};name=system,size=768M,uuid=${uuid_gpt_system};name=cache,size=256M,uuid=${uuid_gpt_cache};name=ipu1,size=1M,uuid=${uuid_gpt_ipu1};name=ipu2,size=1M,uuid=${uuid_gpt_ipu2};name=userdata,size=-,uuid=${uuid_gpt_userdata}
pxefile_addr_r=0x80100000
ramdisk_addr_r=0x88080000
rdaddr=0x88080000
rootpath=/export/rootfs
scriptaddr=0x80000000
scsidevs=0
serial#=050130061c6600a1
serverip=192.168.0.1
soc=omap5
static_ip=${ipaddr}:${serverip}:${gatewayip}:${netmask}:${hostname}::off
stderr=serial@4806a000
stdin=serial@4806a000
stdout=serial@4806a000
usbtty=cdc_acm
vendor=ti
ver=U-Boot 2016.05-00041-ga456020 (Jul 08 2016 - 12:54:20 -0500)
vram=16M
Environment size: 5181/131067 bytes
- 03:37:39 [INFO] Host: setenv bootargs ''${bootargs}' ip=:::::eth0:dhcp '
- 03:37:39 [INFO] Target: 
setenv bootargs ''${bootargs}' ip=:::::eth0:dhcp '
- 03:37:39 [INFO] Host: setenv serverip '192.168.0.1'
- 03:37:39 [INFO] Target: 
setenv serverip '192.168.0.1'
- 03:37:39 [INFO] Host: setenv autoload 'no'
- 03:37:40 [INFO] Target: 
setenv autoload 'no'
- 03:37:40 [INFO] Host: dhcp
- 03:37:42 [INFO] Target: 
dhcp
link up on port 0, speed 1000, full duplex
BOOTP broadcast 1
BOOTP broadcast 2
BOOTP broadcast 3
BOOTP broadcast 4
DHCP client bound to address 192.168.0.221 (2651 ms)
- 03:37:42 [INFO] Host: tftp ${loadaddr} 192.168.0.1:vatf_j6eco-evm1/bb799f3a8d23b802c72b6c3dbe6eb160
- 03:37:43 [INFO] Target: 
tftp ${loadaddr} 192.168.0.1:vatf_j6eco-evm1/bb799f3a8d23b802c72b6c3dbe6eb160
link up on port 0, speed 1000, full duplex
Using ethernet@48484000 device
TFTP from server 192.168.0.1; our IP address is 192.168.0.221
Filename 'vatf_j6eco-evm1/bb799f3a8d23b802c72b6c3dbe6eb160'.
Load address: 0x82000000
Loading: *#################################################################
	 #################################################################
	 #################################################################
	 #################################################################
	 #################################################################
	 #################################################################
	 #################################################################
	 #########################
	 11.1 MiB/s
done
Bytes transferred = 7038376 (6b65a8 hex)
- 03:37:43 [INFO] Host: tftp ${fdt_addr_r} 192.168.0.1:vatf_j6eco-evm1/3ea2e329fea99924bbd4671205854893
- 03:37:43 [INFO] Target: 
tftp ${fdt_addr_r} 192.168.0.1:vatf_j6eco-evm1/3ea2e329fea99924bbd4671205854893
link up on port 0, speed 1000, full duplex
Using ethernet@48484000 device
TFTP from server 192.168.0.1; our IP address is 192.168.0.221
Filename 'vatf_j6eco-evm1/3ea2e329fea99924bbd4671205854893'.
Load address: 0x88000000
Loading: *######
	 9 MiB/s
done
Bytes transferred = 85007 (14c0f hex)
- 03:37:43 [INFO] Host: ls mmc 0:1
- 03:37:43 [INFO] Target: 
ls mmc 0:1
    77252   mlo 
     1164   readme 
   642820   u-boot.img 
      574   uenv.txt 
        4   ws-calibrate.rules 
        0   pointercal 
6 file(s), 0 dir(s)
- 03:37:43 [INFO] Host: ls mmc 0:2
- 03:37:43 [INFO] Target: 
ls mmc 0:2
<DIR>       4096 .
<DIR>       4096 ..
<DIR>       4096 bin
<DIR>       4096 boot
<DIR>       4096 dev
<DIR>       4096 etc
<DIR>       4096 home
<DIR>       4096 lib
<DIR>       4096 media
<DIR>       4096 mnt
<DIR>       4096 opt
<DIR>       4096 proc
<DIR>       4096 run
<DIR>       4096 sbin
<DIR>       4096 srv
<DIR>       4096 sys
<SYM>          8 tmp
<DIR>       4096 usr
<DIR>       4096 var
<DIR>       4096 www
<DIR>       4096 test
- 03:37:43 [INFO] Host: part uuid mmc 0:2
- 03:37:43 [INFO] Target: 
part uuid mmc 0:2
00000000-02
- 03:37:43 [INFO] Host: printenv
- 03:37:44 [INFO] Target: 
printenv
_initramfs=-
arch=arm
args_mmc=run finduuid;setenv bootargs console=${console} ${optargs} root=PARTUUID=${uuid} rw rootfstype=${mmcrootfstype}
autoload=no
baudrate=115200
board=dra7xx
board_name=dra72x-revc
board_rev=C.1
bootargs=console=ttyO0,115200n8 earlyprintk=serial,ttyO0,115200n8 rootwait  ip=:::::eth0:dhcp 
bootcmd=
bootdelay=2
bootdir=/boot
bootenvfile=uEnv.txt
bootfile=zImage
bootm_size=0x10000000
bootpart=0:2
bootscript=echo Running bootscript from mmc${mmcdev} ...; source ${loadaddr}
console=ttyO0,115200n8
cpu=armv7
dfu_alt_info_emmc=rawemmc raw 0 3751936;boot part 1 1;rootfs part 1 2;MLO fat 1 1;MLO.raw raw 0x100 0x100;u-boot.img.raw raw 0x300 0x400;spl-os-args.raw raw 0x80 0x80;spl-os-image.raw raw 0x900 0x2000;spl-os-args fat 1 1;spl-os-image fat 1 1;u-boot.img fat 1 1;uEnv.txt fat 1 1
dfu_alt_info_mmc=boot part 0 1;rootfs part 0 2;MLO fat 0 1;MLO.raw raw 0x100 0x100;u-boot.img.raw raw 0x300 0x400;spl-os-args.raw raw 0x80 0x80;spl-os-image.raw raw 0x900 0x2000;spl-os-args fat 0 1;spl-os-image fat 0 1;u-boot.img fat 0 1;uEnv.txt fat 0 1
dfu_alt_info_qspi=MLO raw 0x0 0x020000;MLO.backup1 raw 0x020000 0x020000;u-boot.img raw 0x040000 0x0100000;u-boot-spl-os raw 0x140000 0x080000;u-boot-env raw 0x1C0000 0x010000;u-boot-env.backup raw 0x1D0000 0x010000;kernel raw 0x1E0000 0x800000
dfu_alt_info_ram=kernel ram 0x80200000 0x4000000;fdt ram 0x80f80000 0x80000;ramdisk ram 0x81000000 0x4000000
dfu_bufsiz=0x10000
dnsip=192.0.2.2
dnsip2=192.0.2.3
dofastboot=0
envboot=mmc dev ${mmcdev}; if mmc rescan; then echo SD/MMC found on device ${mmcdev};if run loadbootscript; then run bootscript;else if run loadbootenv; then echo Loaded env from ${bootenvfile};run importbootenv;fi;if test -n $uenvcmd; then echo Running uenvcmd ...;run uenvcmd;fi;fi;fi;
ethact=ethernet@48484000
ethaddr=5c:f8:21:14:64:c2
fdt_addr_r=0x88000000
fdtaddr=0x88000000
fdtcontroladdr=fdf137b0
fdtfile=undefined
fileaddr=88000000
filesize=14c0f
findfdt=if test $board_name = omap5_uevm; then setenv fdtfile omap5-uevm.dtb; fi; if test $board_name = dra7xx; then setenv fdtfile dra7-evm.dtb; fi;if test $board_name = dra72x-revc; then setenv fdtfile dra72-evm-revc.dtb; fi;if test $board_name = dra72x; then setenv fdtfile dra72-evm.dtb; fi;if test $board_name = beagle_x15; then setenv fdtfile am57xx-beagle-x15.dtb; fi;if test $board_name = beagle_x15_revb1; then setenv fdtfile am57xx-beagle-x15-revb1.dtb; fi;if test $board_name = am57xx_evm; then setenv fdtfile am57xx-evm.dtb; fi;if test $board_name = am57xx_evm_reva3; then setenv fdtfile am57xx-evm-reva3.dtb; fi;if test $board_name = am572x_idk; then setenv fdtfile am572x-idk.dtb; fi;if test $board_name = am571x_idk && test $idk_lcd = no; then setenv fdtfile am571x-idk.dtb; fi;if test $board_name = am571x_idk && test $idk_lcd = osd101t2045; then setenv fdtfile am571x-idk-lcd-osd.dtb; fi;if test $fdtfile = undefined; then echo WARNING: Could not determine device tree to use; fi; 
finduuid=part uuid mmc ${bootpart} uuid
gatewayip=192.168.0.1
importbootenv=echo Importing environment from mmc${mmcdev} ...; env import -t ${loadaddr} ${filesize}
ipaddr=192.168.0.221
kernel_addr_r=0x82000000
loadaddr=0x82000000
loadbootenv=fatload mmc ${mmcdev} ${loadaddr} ${bootenvfile}
loadbootscript=fatload mmc ${mmcdev} ${loadaddr} boot.scr
loadfdt=load mmc ${bootpart} ${fdtaddr} ${bootdir}/${fdtfile};
loadimage=load mmc ${bootpart} ${loadaddr} ${bootdir}/${bootfile}
mmcboot=mmc dev ${mmcdev}; if mmc rescan; then echo SD/MMC found on device ${mmcdev};if run loadimage; then run loadfdt; echo Booting from mmc${mmcdev} ...; run args_mmc; bootz ${loadaddr} - ${fdtaddr}; fi;fi;
mmcdev=0
mmcrootfstype=ext4 rootwait
netargs=setenv bootargs console=${console} ${optargs} root=/dev/nfs nfsroot=${serverip}:${rootpath},${nfsopts} rw ip=dhcp
netboot=echo Booting from network ...; setenv autoload no; dhcp; run netloadimage; run netloadfdt; run netargs; bootz ${loadaddr} - ${fdtaddr}
netloadfdt=tftp ${fdtaddr} ${fdtfile}
netloadimage=tftp ${loadaddr} ${bootfile}
netmask=255.255.255.0
nfsopts=nolock
partitions=uuid_disk=${uuid_gpt_disk};name=rootfs,start=2MiB,size=-,uuid=${uuid_gpt_rootfs}
partitions_android=uuid_disk=${uuid_gpt_disk};name=xloader,start=128K,size=128K,uuid=${uuid_gpt_xloader};name=bootloader,size=384K,uuid=${uuid_gpt_bootloader};name=environment,size=128K,uuid=${uuid_gpt_environment};name=misc,size=128K,uuid=${uuid_gpt_misc};name=efs,start=1280K,size=16M,uuid=${uuid_gpt_efs};name=crypto,size=16K,uuid=${uuid_gpt_crypto};name=recovery,size=10M,uuid=${uuid_gpt_recovery};name=boot,size=10M,uuid=${uuid_gpt_boot};name=system,size=768M,uuid=${uuid_gpt_system};name=cache,size=256M,uuid=${uuid_gpt_cache};name=ipu1,size=1M,uuid=${uuid_gpt_ipu1};name=ipu2,size=1M,uuid=${uuid_gpt_ipu2};name=userdata,size=-,uuid=${uuid_gpt_userdata}
pxefile_addr_r=0x80100000
ramdisk_addr_r=0x88080000
rdaddr=0x88080000
rootpath=/export/rootfs
scriptaddr=0x80000000
scsidevs=0
serial#=050130061c6600a1
serverip=192.168.0.1
soc=omap5
static_ip=${ipaddr}:${serverip}:${gatewayip}:${netmask}:${hostname}::off
stderr=serial@4806a000
stdin=serial@4806a000
stdout=serial@4806a000
usbtty=cdc_acm
vendor=ti
ver=U-Boot 2016.05-00041-ga456020 (Jul 08 2016 - 12:54:20 -0500)
vram=16M
Environment size: 5372/131067 bytes
- 03:37:44 [INFO] Host: setenv bootargs ''${bootargs}' root=PARTUUID=00000000-02 rw rootfstype=ext4 rootwait '
- 03:37:44 [INFO] Target: 
setenv bootargs ''${bootargs}' root=PARTUUID=00000000-02 rw rootfstype=ext4 rootwait '
- 03:37:44 [INFO] Host: printenv
- 03:37:45 [INFO] Target: 
printenv
_initramfs=-
arch=arm
args_mmc=run finduuid;setenv bootargs console=${console} ${optargs} root=PARTUUID=${uuid} rw rootfstype=${mmcrootfstype}
autoload=no
baudrate=115200
board=dra7xx
board_name=dra72x-revc
board_rev=C.1
bootargs=console=ttyO0,115200n8 earlyprintk=serial,ttyO0,115200n8 rootwait  ip=:::::eth0:dhcp  root=PARTUUID=00000000-02 rw rootfstype=ext4 rootwait 
bootcmd=
bootdelay=2
bootdir=/boot
bootenvfile=uEnv.txt
bootfile=zImage
bootm_size=0x10000000
bootpart=0:2
bootscript=echo Running bootscript from mmc${mmcdev} ...; source ${loadaddr}
console=ttyO0,115200n8
cpu=armv7
dfu_alt_info_emmc=rawemmc raw 0 3751936;boot part 1 1;rootfs part 1 2;MLO fat 1 1;MLO.raw raw 0x100 0x100;u-boot.img.raw raw 0x300 0x400;spl-os-args.raw raw 0x80 0x80;spl-os-image.raw raw 0x900 0x2000;spl-os-args fat 1 1;spl-os-image fat 1 1;u-boot.img fat 1 1;uEnv.txt fat 1 1
dfu_alt_info_mmc=boot part 0 1;rootfs part 0 2;MLO fat 0 1;MLO.raw raw 0x100 0x100;u-boot.img.raw raw 0x300 0x400;spl-os-args.raw raw 0x80 0x80;spl-os-image.raw raw 0x900 0x2000;spl-os-args fat 0 1;spl-os-image fat 0 1;u-boot.img fat 0 1;uEnv.txt fat 0 1
dfu_alt_info_qspi=MLO raw 0x0 0x020000;MLO.backup1 raw 0x020000 0x020000;u-boot.img raw 0x040000 0x0100000;u-boot-spl-os raw 0x140000 0x080000;u-boot-env raw 0x1C0000 0x010000;u-boot-env.backup raw 0x1D0000 0x010000;kernel raw 0x1E0000 0x800000
dfu_alt_info_ram=kernel ram 0x80200000 0x4000000;fdt ram 0x80f80000 0x80000;ramdisk ram 0x81000000 0x4000000
dfu_bufsiz=0x10000
dnsip=192.0.2.2
dnsip2=192.0.2.3
dofastboot=0
envboot=mmc dev ${mmcdev}; if mmc rescan; then echo SD/MMC found on device ${mmcdev};if run loadbootscript; then run bootscript;else if run loadbootenv; then echo Loaded env from ${bootenvfile};run importbootenv;fi;if test -n $uenvcmd; then echo Running uenvcmd ...;run uenvcmd;fi;fi;fi;
ethact=ethernet@48484000
ethaddr=5c:f8:21:14:64:c2
fdt_addr_r=0x88000000
fdtaddr=0x88000000
fdtcontroladdr=fdf137b0
fdtfile=undefined
fileaddr=88000000
filesize=14c0f
findfdt=if test $board_name = omap5_uevm; then setenv fdtfile omap5-uevm.dtb; fi; if test $board_name = dra7xx; then setenv fdtfile dra7-evm.dtb; fi;if test $board_name = dra72x-revc; then setenv fdtfile dra72-evm-revc.dtb; fi;if test $board_name = dra72x; then setenv fdtfile dra72-evm.dtb; fi;if test $board_name = beagle_x15; then setenv fdtfile am57xx-beagle-x15.dtb; fi;if test $board_name = beagle_x15_revb1; then setenv fdtfile am57xx-beagle-x15-revb1.dtb; fi;if test $board_name = am57xx_evm; then setenv fdtfile am57xx-evm.dtb; fi;if test $board_name = am57xx_evm_reva3; then setenv fdtfile am57xx-evm-reva3.dtb; fi;if test $board_name = am572x_idk; then setenv fdtfile am572x-idk.dtb; fi;if test $board_name = am571x_idk && test $idk_lcd = no; then setenv fdtfile am571x-idk.dtb; fi;if test $board_name = am571x_idk && test $idk_lcd = osd101t2045; then setenv fdtfile am571x-idk-lcd-osd.dtb; fi;if test $fdtfile = undefined; then echo WARNING: Could not determine device tree to use; fi; 
finduuid=part uuid mmc ${bootpart} uuid
gatewayip=192.168.0.1
importbootenv=echo Importing environment from mmc${mmcdev} ...; env import -t ${loadaddr} ${filesize}
ipaddr=192.168.0.221
kernel_addr_r=0x82000000
loadaddr=0x82000000
loadbootenv=fatload mmc ${mmcdev} ${loadaddr} ${bootenvfile}
loadbootscript=fatload mmc ${mmcdev} ${loadaddr} boot.scr
loadfdt=load mmc ${bootpart} ${fdtaddr} ${bootdir}/${fdtfile};
loadimage=load mmc ${bootpart} ${loadaddr} ${bootdir}/${bootfile}
mmcboot=mmc dev ${mmcdev}; if mmc rescan; then echo SD/MMC found on device ${mmcdev};if run loadimage; then run loadfdt; echo Booting from mmc${mmcdev} ...; run args_mmc; bootz ${loadaddr} - ${fdtaddr}; fi;fi;
mmcdev=0
mmcrootfstype=ext4 rootwait
netargs=setenv bootargs console=${console} ${optargs} root=/dev/nfs nfsroot=${serverip}:${rootpath},${nfsopts} rw ip=dhcp
netboot=echo Booting from network ...; setenv autoload no; dhcp; run netloadimage; run netloadfdt; run netargs; bootz ${loadaddr} - ${fdtaddr}
netloadfdt=tftp ${fdtaddr} ${fdtfile}
netloadimage=tftp ${loadaddr} ${bootfile}
netmask=255.255.255.0
nfsopts=nolock
partitions=uuid_disk=${uuid_gpt_disk};name=rootfs,start=2MiB,size=-,uuid=${uuid_gpt_rootfs}
partitions_android=uuid_disk=${uuid_gpt_disk};name=xloader,start=128K,size=128K,uuid=${uuid_gpt_xloader};name=bootloader,size=384K,uuid=${uuid_gpt_bootloader};name=environment,size=128K,uuid=${uuid_gpt_environment};name=misc,size=128K,uuid=${uuid_gpt_misc};name=efs,start=1280K,size=16M,uuid=${uuid_gpt_efs};name=crypto,size=16K,uuid=${uuid_gpt_crypto};name=recovery,size=10M,uuid=${uuid_gpt_recovery};name=boot,size=10M,uuid=${uuid_gpt_boot};name=system,size=768M,uuid=${uuid_gpt_system};name=cache,size=256M,uuid=${uuid_gpt_cache};name=ipu1,size=1M,uuid=${uuid_gpt_ipu1};name=ipu2,size=1M,uuid=${uuid_gpt_ipu2};name=userdata,size=-,uuid=${uuid_gpt_userdata}
pxefile_addr_r=0x80100000
ramdisk_addr_r=0x88080000
rdaddr=0x88080000
rootpath=/export/rootfs
scriptaddr=0x80000000
scsidevs=0
serial#=050130061c6600a1
serverip=192.168.0.1
soc=omap5
static_ip=${ipaddr}:${serverip}:${gatewayip}:${netmask}:${hostname}::off
stderr=serial@4806a000
stdin=serial@4806a000
stdout=serial@4806a000
usbtty=cdc_acm
vendor=ti
ver=U-Boot 2016.05-00041-ga456020 (Jul 08 2016 - 12:54:20 -0500)
vram=16M
Environment size: 5427/131067 bytes
- 03:37:45 [INFO] Host: setenv bootcmd ''${bootcmd}' if iminfo ${loadaddr}; then bootm ${loadaddr} ${_initramfs} ${fdt_addr_r}; else bootz ${loadaddr} ${_initramfs} ${fdt_addr_r}; bootm ${loadaddr} ${_initramfs} ${fdt_addr_r}; fi'
- 03:37:45 [INFO] Target: 
setenv bootcmd ''${bootcmd}' if iminfo ${loadaddr}; then bootm ${loadaddr} ${_initramfs} ${fdt_addr_r}; else bootz ${loadaddr} ${_initramfs} ${fdt_addr_r}; bootm ${loadaddr} ${_initramfs} ${fdt_addr_r}; fi'
- 03:37:45 [INFO] Host: version
- 03:37:45 [INFO] Target: 
version
U-Boot 2016.05-00041-ga456020 (Jul 08 2016 - 12:54:20 -0500)
arm-linux-gnueabihf-gcc (Linaro GCC 5.3-2016.02) 5.3.1 20160113
GNU ld (GNU Binutils) 2.25.0 Linaro 2015_10
- 03:37:45 [INFO] Host: bdinfo
- 03:37:45 [INFO] Target: 
bdinfo
arch_number = 0x00000000
boot_params = 0x80000100
DRAM bank   = 0x00000000
-> start    = 0x80000000
-> size     = 0x7F000000
DRAM bank   = 0x00000001
-> start    = 0x00000000
-> size     = 0x00000000
baudrate    = 115200 bps
TLB addr    = 0xFEFF0000
relocaddr   = 0xFEF47000
reloc off   = 0x7E747000
irq_sp      = 0xFDF137A0
sp start    = 0xFDF13790
- 03:37:45 [INFO] Host: mmc rescan; echo $?
- 03:37:45 [INFO] Target: 
mmc rescan; echo $?
- 03:37:45 [INFO] Host: fatwrite mmc ${mmcdev}:1 ${loadaddr} ws-calibrate.rules 4
- 03:37:45 [INFO] Target: 
fatwrite mmc ${mmcdev}:1 ${loadaddr} ws-calibrate.rules 4
writing ws-calibrate.rules
4 bytes written
- 03:37:45 [INFO] Host: boot
- 03:41:15 [ERROR] On command: boot waiting for boot.+?(?-mix:login:) >>> error: execution expired
- 03:41:15 [INFO] Target: 
boot
## Checking Image at 82000000 ...
Unknown image format!
Kernel image @ 0x82000000 [ 0x000000 - 0x6b65a8 ]
## Flattened Device Tree blob at 88000000
   Booting using the fdt blob at 0x88000000
   Loading Device Tree to 8ffe8000, end 8ffffc0e ... OK
Starting kernel ...
[    0.000000] Booting Linux on physical CPU 0x0
[    0.000000] Linux version 4.7.0-00002-gfab29e1bd05c (nmenon@horus) (gcc version 4.9.3 20150413 (prerelease) (Linaro GCC 4.9-2015.05) ) #1 SMP Mon Jul 25 02:34:30 CDT 2016
[    0.000000] CPU: ARMv7 Processor [412fc0f2] revision 2 (ARMv7), cr=30c5387d
[    0.000000] CPU: div instructions available: patching division code
[    0.000000] CPU: PIPT / VIPT nonaliasing data cache, PIPT instruction cache
[    0.000000] Machine model: TI DRA722
[    0.000000] cma: Reserved 64 MiB at 0x00000000fa800000
[    0.000000] Forcing write-allocate cache policy for SMP
[    0.000000] Memory policy: Data cache writealloc
[    0.000000] OMAP4: Map 0x00000000fed00000 to fe600000 for dram barrier
[    0.000000] DRA722 ES2.0
[    0.000000] percpu: Embedded 13 pages/cpu @eefb5000 s23744 r8192 d21312 u53248
[    0.000000] Built 1 zonelists in Zone order, mobility grouping on.  Total pages: 517888
[    0.000000] Kernel command line: console=ttyO0,115200n8 earlyprintk=serial,ttyO0,115200n8 rootwait  ip=:::::eth0:dhcp  root=PARTUUID=00000000-02 rw rootfstype=ext4 rootwait 
[    0.000000] PID hash table entries: 4096 (order: 2, 16384 bytes)
[    0.000000] Dentry cache hash table entries: 131072 (order: 7, 524288 bytes)
[    0.000000] Inode-cache hash table entries: 65536 (order: 6, 262144 bytes)
[    0.000000] Memory: 1974728K/2077696K available (10495K kernel code, 1083K rwdata, 4300K rodata, 2048K init, 347K bss, 37432K reserved, 65536K cma-reserved, 1225728K highmem)
[    0.000000] Virtual kernel memory layout:
[    0.000000]     vector  : 0xffff0000 - 0xffff1000   (   4 kB)
[    0.000000]     fixmap  : 0xffc00000 - 0xfff00000   (3072 kB)
[    0.000000]     vmalloc : 0xf0800000 - 0xff800000   ( 240 MB)
[    0.000000]     lowmem  : 0xc0000000 - 0xf0000000   ( 768 MB)
[    0.000000]     pkmap   : 0xbfe00000 - 0xc0000000   (   2 MB)
[    0.000000]     modules : 0xbf000000 - 0xbfe00000   (  14 MB)
[    0.000000]       .text : 0xc0208000 - 0xc1272ce0   (16812 kB)
[    0.000000]       .init : 0xc1400000 - 0xc1600000   (2048 kB)
[    0.000000]       .data : 0xc1600000 - 0xc170eea0   (1084 kB)
[    0.000000]        .bss : 0xc1710000 - 0xc1766ee0   ( 348 kB)
[    0.000000] SLUB: HWalign=64, Order=0-3, MinObjects=0, CPUs=1, Nodes=1
[    0.000000] Hierarchical RCU implementation.
[    0.000000] 	Build-time adjustment of leaf fanout to 32.
[    0.000000] 	RCU restricting CPUs from NR_CPUS=16 to nr_cpu_ids=1.
[    0.000000] RCU: Adjusting geometry for rcu_fanout_leaf=32, nr_cpu_ids=1
[    0.000000] NR_IRQS:16 nr_irqs:16 16
[    0.000000] OMAP clockevent source: timer1 at 32786 Hz
[    0.000000] Architected cp15 timer(s) running at 6.14MHz (virt).
[    0.000000] clocksource: arch_sys_counter: mask: 0xffffffffffffff max_cycles: 0x16af5adb9, max_idle_ns: 440795202250 ns
[    0.000004] sched_clock: 56 bits at 6MHz, resolution 162ns, wraps every 4398046511023ns
[    0.000013] Switching to timer-based delay loop, resolution 162ns
[    0.003205] clocksource: 32k_counter: mask: 0xffffffff max_cycles: 0xffffffff, max_idle_ns: 58327039986419 ns
[    0.003211] OMAP clocksource: 32k_counter at 32768 Hz
[    0.005855] Console: colour dummy device 80x30
[    0.005875] Calibrating delay loop (skipped), value calculated using timer frequency.. 12.29 BogoMIPS (lpj=30737)
[    0.005886] pid_max: default: 32768 minimum: 301
[    0.005959] Mount-cache hash table entries: 2048 (order: 1, 8192 bytes)
[    0.005968] Mountpoint-cache hash table entries: 2048 (order: 1, 8192 bytes)
[    0.006438] CPU: Testing write buffer coherency: ok
[    0.006642] /cpus/cpu@0 missing clock-frequency property
[    0.006653] CPU0: thread -1, cpu 0, socket 0, mpidr 80000000
[    0.006666] Setting up static identity map for 0x80400000 - 0x80400170
[    0.011058] Brought up 1 CPUs
[    0.011067] SMP: Total of 1 processors activated (12.29 BogoMIPS).
[    0.011073] CPU: All CPU(s) started in SVC mode.
[    0.011359] devtmpfs: initialized
[    0.029737] VFP support v0.3: implementor 41 architecture 4 part 30 variant f rev 0
[    0.030437] clocksource: jiffies: mask: 0xffffffff max_cycles: 0xffffffff, max_idle_ns: 9556302231375000 ns
[    0.031503] pinctrl core: initialized pinctrl subsystem
[    0.032953] NET: Registered protocol family 16
[    0.034421] DMA: preallocated 256 KiB pool for atomic coherent allocations
[    0.035550] omap_hwmod: l3_main_2 using broken dt data from ocp
[    0.096904] omap_hwmod: epwmss0: no dt node
[    0.096911] ------------[ cut here ]------------
[    0.096929] WARNING: CPU: 0 PID: 1 at arch/arm/mach-omap2/omap_hwmod.c:2497 _init+0x1f4/0x41c
[    0.096936] omap_hwmod: epwmss0: doesn't have mpu register target base
[    0.096940] Modules linked in:
[    0.096954] CPU: 0 PID: 1 Comm: swapper/0 Not tainted 4.7.0-00002-gfab29e1bd05c #1
[    0.096960] Hardware name: Generic DRA72X (Flattened Device Tree)
[    0.096983] [<c040faa8>] (unwind_backtrace) from [<c040b148>] (show_stack+0x10/0x14)
[    0.096999] [<c040b148>] (show_stack) from [<c068e2f4>] (dump_stack+0x98/0xac)
[    0.097013] [<c068e2f4>] (dump_stack) from [<c0441c84>] (__warn+0xe8/0x100)
[    0.097025] [<c0441c84>] (__warn) from [<c0441cd4>] (warn_slowpath_fmt+0x38/0x48)
[    0.097037] [<c0441cd4>] (warn_slowpath_fmt) from [<c14144fc>] (_init+0x1f4/0x41c)
[    0.097052] [<c14144fc>] (_init) from [<c042845c>] (omap_hwmod_for_each+0x38/0x60)
[    0.097064] [<c042845c>] (omap_hwmod_for_each) from [<c1414a88>] (__omap_hwmod_setup_all+0x28/0x40)
[    0.097076] [<c1414a88>] (__omap_hwmod_setup_all) from [<c0401e60>] (do_one_initcall+0x40/0x174)
[    0.097087] [<c0401e60>] (do_one_initcall) from [<c1400dd8>] (kernel_init_freeable+0x15c/0x1fc)
[    0.097098] [<c1400dd8>] (kernel_init_freeable) from [<c0c7ca9c>] (kernel_init+0x8/0x114)
[    0.097109] [<c0c7ca9c>] (kernel_init) from [<c0407d28>] (ret_from_fork+0x14/0x2c)
[    0.097125] ---[ end trace cbcc49e4acb137c3 ]---
[    0.097842] omap_hwmod: epwmss1: no dt node
[    0.097847] ------------[ cut here ]------------
[    0.097857] WARNING: CPU: 0 PID: 1 at arch/arm/mach-omap2/omap_hwmod.c:2497 _init+0x1f4/0x41c
[    0.097862] omap_hwmod: epwmss1: doesn't have mpu register target base
[    0.097867] Modules linked in:
[    0.097877] CPU: 0 PID: 1 Comm: swapper/0 Tainted: G        W       4.7.0-00002-gfab29e1bd05c #1
[    0.097882] Hardware name: Generic DRA72X (Flattened Device Tree)
[    0.097894] [<c040faa8>] (unwind_backtrace) from [<c040b148>] (show_stack+0x10/0x14)
[    0.097905] [<c040b148>] (show_stack) from [<c068e2f4>] (dump_stack+0x98/0xac)
[    0.097917] [<c068e2f4>] (dump_stack) from [<c0441c84>] (__warn+0xe8/0x100)
[    0.097927] [<c0441c84>] (__warn) from [<c0441cd4>] (warn_slowpath_fmt+0x38/0x48)
[    0.097938] [<c0441cd4>] (warn_slowpath_fmt) from [<c14144fc>] (_init+0x1f4/0x41c)
[    0.097951] [<c14144fc>] (_init) from [<c042845c>] (omap_hwmod_for_each+0x38/0x60)
[    0.097963] [<c042845c>] (omap_hwmod_for_each) from [<c1414a88>] (__omap_hwmod_setup_all+0x28/0x40)
[    0.097973] [<c1414a88>] (__omap_hwmod_setup_all) from [<c0401e60>] (do_one_initcall+0x40/0x174)
[    0.097982] [<c0401e60>] (do_one_initcall) from [<c1400dd8>] (kernel_init_freeable+0x15c/0x1fc)
[    0.097992] [<c1400dd8>] (kernel_init_freeable) from [<c0c7ca9c>] (kernel_init+0x8/0x114)
[    0.098002] [<c0c7ca9c>] (kernel_init) from [<c0407d28>] (ret_from_fork+0x14/0x2c)
[    0.098008] ---[ end trace cbcc49e4acb137c4 ]---
[    0.098705] omap_hwmod: epwmss2: no dt node
[    0.098710] ------------[ cut here ]------------
[    0.098720] WARNING: CPU: 0 PID: 1 at arch/arm/mach-omap2/omap_hwmod.c:2497 _init+0x1f4/0x41c
[    0.098725] omap_hwmod: epwmss2: doesn't have mpu register target base
[    0.098729] Modules linked in:
[    0.098738] CPU: 0 PID: 1 Comm: swapper/0 Tainted: G        W       4.7.0-00002-gfab29e1bd05c #1
[    0.098744] Hardware name: Generic DRA72X (Flattened Device Tree)
[    0.098755] [<c040faa8>] (unwind_backtrace) from [<c040b148>] (show_stack+0x10/0x14)
[    0.098765] [<c040b148>] (show_stack) from [<c068e2f4>] (dump_stack+0x98/0xac)
[    0.098777] [<c068e2f4>] (dump_stack) from [<c0441c84>] (__warn+0xe8/0x100)
[    0.098787] [<c0441c84>] (__warn) from [<c0441cd4>] (warn_slowpath_fmt+0x38/0x48)
[    0.098798] [<c0441cd4>] (warn_slowpath_fmt) from [<c14144fc>] (_init+0x1f4/0x41c)
[    0.098811] [<c14144fc>] (_init) from [<c042845c>] (omap_hwmod_for_each+0x38/0x60)
[    0.098822] [<c042845c>] (omap_hwmod_for_each) from [<c1414a88>] (__omap_hwmod_setup_all+0x28/0x40)
[    0.098833] [<c1414a88>] (__omap_hwmod_setup_all) from [<c0401e60>] (do_one_initcall+0x40/0x174)
[    0.098842] [<c0401e60>] (do_one_initcall) from [<c1400dd8>] (kernel_init_freeable+0x15c/0x1fc)
[    0.098851] [<c1400dd8>] (kernel_init_freeable) from [<c0c7ca9c>] (kernel_init+0x8/0x114)
[    0.098861] [<c0c7ca9c>] (kernel_init) from [<c0407d28>] (ret_from_fork+0x14/0x2c)
[    0.098867] ---[ end trace cbcc49e4acb137c5 ]---
[    0.196775] cpuidle: using governor menu
[    0.204461] OMAP GPIO hardware version 0.1
[    0.210620] irq: no irq domain found for /ocp/l4@4a000000/scm@2000/pinmux@1400 !
[    0.220881] omap-gpmc 50000000.gpmc: could not find pctldev for node /ocp/l4@4a000000/scm@2000/pinmux@1400/nand_default, deferring probe
[    0.225650] No ATAGs?
[    0.225664] hw-breakpoint: found 5 (+1 reserved) breakpoint and 4 watchpoint registers.
[    0.225671] hw-breakpoint: maximum watchpoint size is 8 bytes.
[    0.226675] omap4_sram_init:Unable to allocate sram needed to handle errata I688
[    0.226682] omap4_sram_init:Unable to get sram pool needed to handle errata I688
[    0.226912] OMAP DMA hardware revision 0.0
[    0.231763] Serial: AMBA PL011 UART driver
[    0.244652] omap-dma-engine 4a056000.dma-controller: OMAP DMA engine driver
[    0.246306] edma 43300000.edma: memcpy is disabled
[    0.250373] edma 43300000.edma: TI EDMA DMA engine driver
[    0.250878] aic_dvdd: supplied by evm_3v3
[    0.254072] vgaarb: loaded
[    0.254715] SCSI subsystem initialized
[    0.255037] usbcore: registered new interface driver usbfs
[    0.255085] usbcore: registered new interface driver hub
[    0.255122] usbcore: registered new device driver usb
[    0.255827] omap_i2c 48070000.i2c: could not find pctldev for node /ocp/l4@4a000000/scm@2000/pinmux@1400/pinmux_i2c1_pins, deferring probe
[    0.255855] omap_i2c 4807c000.i2c: could not find pctldev for node /ocp/l4@4a000000/scm@2000/pinmux@1400/pinmux_i2c5_pins, deferring probe
[    0.256659] pps_core: LinuxPPS API ver. 1 registered
[    0.256665] pps_core: Software ver. 5.3.6 - Copyright 2005-2007 Rodolfo Giometti <giometti@linux.it>
[    0.256680] PTP clock support registered
[    0.256850] EDAC MC: Ver: 3.0.0
[    0.258774] clocksource: Switched to clocksource arch_sys_counter
[    0.266459] NET: Registered protocol family 2
[    0.266838] TCP established hash table entries: 8192 (order: 3, 32768 bytes)
[    0.266898] TCP bind hash table entries: 8192 (order: 4, 65536 bytes)
[    0.267022] TCP: Hash tables configured (established 8192 bind 8192)
[    0.267068] UDP hash table entries: 512 (order: 2, 16384 bytes)
[    0.267096] UDP-Lite hash table entries: 512 (order: 2, 16384 bytes)
[    0.267203] NET: Registered protocol family 1
[    0.267385] RPC: Registered named UNIX socket transport module.
[    0.267392] RPC: Registered udp transport module.
[    0.267397] RPC: Registered tcp transport module.
[    0.267402] RPC: Registered tcp NFSv4.1 backchannel transport module.
[    0.268171] hw perfevents: enabled with armv7_cortex_a15 PMU driver, 7 counters available
[    0.269731] futex hash table entries: 256 (order: 2, 16384 bytes)
[    0.270329] workingset: timestamp_bits=28 max_order=19 bucket_order=0
[    0.278560] squashfs: version 4.0 (2009/01/31) Phillip Lougher
[    0.279216] NFS: Registering the id_resolver key type
[    0.279241] Key type id_resolver registered
[    0.279247] Key type id_legacy registered
[    0.279281] ntfs: driver 2.1.32 [Flags: R/O].
[    0.280158] bounce: pool size: 64 pages
[    0.280314] Block layer SCSI generic (bsg) driver version 0.4 loaded (major 248)
[    0.280322] io scheduler noop registered
[    0.280328] io scheduler deadline registered
[    0.280350] io scheduler cfq registered (default)
[    0.288543] pinctrl-single 4a003400.pinmux: 282 pins at pa fc003400 size 1128
[    0.344397] Serial: 8250/16550 driver, 4 ports, IRQ sharing disabled
[    0.346854] SuperH (H)SCI(F) driver initialized
[    0.347819] msm_serial: driver initialized
[    0.348172] 4806a000.serial: ttyO0 at MMIO 0x4806a000 (irq = 301, base_baud = 3000000) is a OMAP UART0
[    1.512924] console [ttyO0] enabled
[    1.516925] STMicroelectronics ASC driver initialized
[    1.525159] [drm] Initialized drm 1.1.0 20060810
[    1.541632] brd: module loaded
[    1.548754] loop: module loaded
[    1.553789] ahci 4a140000.sata: SSS flag set, parallel bus scan disabled
[    1.560830] ahci 4a140000.sata: AHCI 0001.0300 32 slots 1 ports 3 Gbps 0x1 impl platform mode
[    1.569757] ahci 4a140000.sata: flags: 64bit ncq sntf stag pm led clo only pmp pio slum part ccc apst 
[    1.580242] scsi host0: ahci
[    1.583485] ata1: SATA max UDMA/133 mmio [mem 0x4a140000-0x4a1410ff] port 0x100 irq 332
[    1.598192] libphy: Fixed MDIO Bus: probed
[    1.603071] CAN device driver interface
[    1.608963] igb: Intel(R) Gigabit Ethernet Network Driver - version 5.3.0-k
[    1.616252] igb: Copyright (c) 2007-2014 Intel Corporation.
[    1.625044] cpsw 48484000.ethernet: gpio request failed, ret -517
[    1.631740] pegasus: v0.9.3 (2013/04/25), Pegasus/Pegasus II USB Ethernet driver
[    1.639539] usbcore: registered new interface driver pegasus
[    1.645513] usbcore: registered new interface driver asix
[    1.651199] usbcore: registered new interface driver ax88179_178a
[    1.657613] usbcore: registered new interface driver cdc_ether
[    1.663775] usbcore: registered new interface driver smsc75xx
[    1.669843] usbcore: registered new interface driver smsc95xx
[    1.675888] usbcore: registered new interface driver net1080
[    1.681847] usbcore: registered new interface driver cdc_subset
[    1.688075] usbcore: registered new interface driver zaurus
[    1.693961] usbcore: registered new interface driver cdc_ncm
[    1.702063] ehci_hcd: USB 2.0 'Enhanced' Host Controller (EHCI) Driver
[    1.708907] ehci-pci: EHCI PCI platform driver
[    1.713584] ehci-platform: EHCI generic platform driver
[    1.719260] ehci-omap: OMAP-EHCI Host Controller driver
[    1.724872] ehci-orion: EHCI orion driver
[    1.729214] SPEAr-ehci: EHCI SPEAr driver
[    1.733540] ehci-st: EHCI STMicroelectronics driver
[    1.738793] ehci-exynos: EHCI EXYNOS driver
[    1.743318] ehci-atmel: EHCI Atmel driver
[    1.747654] tegra-ehci: Tegra EHCI driver
[    1.752008] ohci_hcd: USB 1.1 'Open' Host Controller (OHCI) Driver
[    1.758489] ohci-pci: OHCI PCI platform driver
[    1.763182] ohci-platform: OHCI generic platform driver
[    1.768815] ohci-omap3: OHCI OMAP3 driver
[    1.773143] SPEAr-ohci: OHCI SPEAr driver
[    1.777478] ohci-st: OHCI STMicroelectronics driver
[    1.782725] ohci-atmel: OHCI Atmel driver
[    1.787607] usbcore: registered new interface driver usb-storage
[    1.795496] mousedev: PS/2 mouse device common for all mice
[    1.804372] i2c /dev entries driver
[    1.819020] sdhci: Secure Digital Host Controller Interface driver
[    1.825490] sdhci: Copyright(c) Pierre Ossman
[    1.830996] omap_hsmmc 4809c000.mmc: Got CD GPIO
[    1.864570] Synopsys Designware Multimedia Card Interface Driver
[    1.871908] sdhci-pltfm: SDHCI platform and OF driver helper
[    1.879833] ledtrig-cpu: registered to indicate activity on CPUs
[    1.886393] usbcore: registered new interface driver usbhid
[    1.892233] usbhid: USB HID core driver
[    1.901712] NET: Registered protocol family 10
[    1.906931] sit: IPv6 over IPv4 tunneling driver
[    1.912302] NET: Registered protocol family 17
[    1.916968] can: controller area network core (rev 20120528 abi 9)
[    1.923488] NET: Registered protocol family 29
[    1.928143] can: raw protocol (rev 20120528)
[    1.932616] can: broadcast manager protocol (rev 20120528 t)
[    1.938545] can: netlink gateway (rev 20130117) max_hops=1
[    1.944615] Key type dns_resolver registered
[    1.949250] omap_voltage_late_init: Voltage driver support not added
[    1.955989] Power Management for TI OMAP4+ devices.
[    1.961277] ThumbEE CPU extension supported.
[    1.965767] Registering SWP/SWPB emulation handler
[    1.974961] omap-gpmc 50000000.gpmc: GPMC revision 6.0
[    1.980404] gpmc_mem_init: disabling cs 0 mapped at 0x0-0x1000000
[    1.990450] palmas 0-0058: Irq flag is 0x00000000
[    2.015899] palmas 0-0058: Muxing GPIO 1d, PWM 0, LED 0
[    2.030777] mmc0: new high speed MMC card at address 0001
[    2.036985] mmcblk0: mmc0:0001 MMC08G 7.25 GiB 
[    2.041947] mmcblk0boot0: mmc0:0001 MMC08G partition 1 8.00 MiB
[    2.048380] mmcblk0boot1: mmc0:0001 MMC08G partition 2 8.00 MiB
[    2.055410]  mmcblk0: p1 p2 p3
[    2.065929] pcf857x 0-0021: probed
[    2.069737] omap_i2c 48070000.i2c: bus 0 rev0.12 at 400 kHz
[    2.108998] GPIO line 991 (vin6_sel_s0) hogged as output/low
[    2.115030] ata1: SATA link down (SStatus 0 SControl 300)
[    2.120843] pcf857x 4-0026: probed
[    2.124453] omap_i2c 4807c000.i2c: bus 4 rev0.12 at 400 kHz
[    2.168786] davinci_mdio 48485000.mdio: davinci mdio revision 1.6
[    2.175179] davinci_mdio 48485000.mdio: no live phy, scanning all
[    2.182495] davinci_mdio: probe of 48485000.mdio failed with error -5
[    2.190422] cpsw 48484000.ethernet: Detected MACID = 5c:f8:21:14:64:c2
[    2.200638] omap_hsmmc 4809c000.mmc: Got CD GPIO
[    2.208992] omap_hsmmc 4809c000.mmc: Got CD GPIO
[    2.246160] hctosys: unable to open rtc device (rtc0)
[    2.260595] net eth0: initializing cpsw version 1.15 (0)
[    2.268184] libphy: PHY 48485000.mdio:03 not found
[    2.273220] net eth0: phy "48485000.mdio:03" not found on slave 0, err -19
[    2.286628] IPv6: ADDRCONF(NETDEV_UP): eth0: link is not ready
[    2.444556] mmc1: host does not support reading read-only switch, assuming write-enable
[    2.457277] mmc1: new high speed SD card at address e624
[    2.463194] mmcblk1: mmc1:e624 SU02G 1.84 GiB 
[    2.481375]  mmcblk1: p1 p2 p3
[   12.288779] Waiting up to 110 more seconds for network.
[   22.293778] Waiting up to 100 more seconds for network.
[   32.298778] Waiting up to 90 more seconds for network.
[   42.303778] Waiting up to 80 more seconds for network.
[   52.308778] Waiting up to 70 more seconds for network.
[   62.313778] Waiting up to 60 more seconds for network.
[   72.318778] Waiting up to 50 more seconds for network.
[   82.323778] Waiting up to 40 more seconds for network.
[   92.328778] Waiting up to 30 more seconds for network.
[  102.333777] Waiting up to 20 more seconds for network.
[  112.338778] Waiting up to 10 more seconds for network.
[  122.308783] Sending DHCP requests ...... timed out!
[  205.788215] IP-Config: Reopening network devices...
[  205.793360] net eth0: initializing cpsw version 1.15 (0)
[  205.800924] libphy: PHY 48485000.mdio:03 not found
[  205.805950] net eth0: phy "48485000.mdio:03" not found on slave 0, err -19
[  205.817352] IPv6: ADDRCONF(NETDEV_UP): eth0: link is not ready
- 03:41:15 [INFO] Boot attempt 1/1 failed
- 03:41:15 [INFO] Collecting kernel traces via sysrq...
- 03:41:25 [INFO] [  215.818779] Waiting up to 110 more seconds for network.
- 03:41:36 [INFO] [  225.823779] Waiting up to 100 more seconds for network.
- 03:41:46 [INFO] [  235.828778] Waiting up to 90 more seconds for network.
- 03:41:46 [INFO] Disconnected serial from dra72x-evm
URL:gtsystest.telogy.design.ti.com/vatf/tigtfarm07/tigtfarm07_vatf@j6eco-evm1/tigtfarm0707_25_2016_03_37_20/files/session_iteration_1/test_1
