- 03:12:31 [INFO] Starting target session
- 03:12:32 [INFO] Connected to dra7xx-evm via serial 
- 03:12:32 [INFO] Host: #check prompt
- 03:12:35 [ERROR] On command: #check prompt waiting for #check prompt.+?(?-mix:((?-mix:login:)|[Pp]assword)) >>> error: execution expired
- 03:12:35 [INFO] Target: 
#check prompt
root@dra7xx-evm:~# 
- 03:12:35 [INFO] Host: #check prompt
- 03:12:35 [INFO] Target: 
#check prompt
root@dra7xx-evm:~# 
- 03:12:35 [INFO] Host: sync;poweroff
- 03:12:44 [INFO] Target: 
sync;poweroff
Broadcast message@JStopping Dropbear SSH server: stopped /usr/sbin/dropbear (pid 899)
dropbear.
Stopping telnet daemon.
Stopping system message bus: dbus.
hwclock: can't open '/dev/misc/rtc': No such file or directory
Error opening /dev/fb0: No such file or directory
Stopping syslogd/klogd: stopped syslogd (pid 925)
stopped klogd (pid 928)
done
Stopping thttpd.
Stopping Weston
stopping statd: done
ALSA: Storing mixer settings...
/usr/sbin/alsactl: save_state:1590: No soundcards found...
Stopping rpcbind daemon...
done.
Stopping Lighttpd Web Server: stopped /usr/sbin/lighttpd (pid 935)
lighttpd.
Deconfiguring network interfaces... done.
Stopping Matrix GUI applicationstart-stop-daemon: warning: killing process 941: No such process
***************************************************************
***************************************************************
NOTICE: This file system contains the followin GPLv3 packages:
	binutils
	elfutils
	gdbserver
	libdw1
	libelf1
	parted
If you do not wish to distribute GPLv3 components please remove
the above packages prior to distribution.  This can be done using
the opkg remove command.  i.e.:
    opkg remove <package>
Where <package> is the name printed in the list above
NOTE: If the package is a dependency of another package you
      will be notified of the dependent packages.  You should
      use the --force-removal-of-dependent-packages option to
      also remove the dependent packages as well
***************************************************************
***************************************************************
Sending all processes the TERM signal...
Sending all processes the KILL signal...
Unmounting remote filesystems...
Deactivating swap...
Unmounting local filesystems...
[ 3588.577962] EXT4-fs (mmcblk1p2): re-mounted. Opts: data=ordered
[ 3590.900177] reboot: System halted
- 03:12:44 [INFO] Disconnected serial from dra7xx-evm
- 03:12:45 [INFO] Connected to dra7xx-evm via serial 
- 03:12:45 [INFO] Host: 
- 03:12:49 [INFO] Target: 
U-Boot SPL 2016.05-00041-ga456020 (Jul 08 2016 - 12:54:20)
DRA752-GP ES1.1
Trying to boot from MMC1
reading args
spl_load_image_fat_os: error reading image args, err - -1
reading u-boot.img
reading u-boot.img
reading u-boot.img
reading u-boot.img
U-Boot 2016.05-00041-ga456020 (Jul 08 2016 - 12:54:20 -0500), Build: jenkins-ti-uboot-compile-test-146
CPU  : DRA752-GP ES1.1
Model: TI DRA742
Board: DRA74x EVM REV G.0
I2C:   ready
DRAM:  1.5 GiB
MMC:   OMAP SD/MMC: 0, OMAP SD/MMC: 1
SCSI:  SATA link 0 timeout.
AHCI 0001.0300 32 slots 1 ports 3 Gbps 0x1 impl SATA mode
flags: 64bit ncq stag pm led clo only pmp pio slum part ccc apst 
scanning bus for devices...
Found 0 device(s).
Net:   
Warning: ethernet@48484000 using MAC address from ROM
eth0: ethernet@48484000
Hit any key to stop autoboot:  2  0 
=>  
=>  
=>  
=>  
=>  
=>  
=>  
=>  
=>  
=>  
=>  
=>  
=>  
=>  
=>  
=>  
- 03:12:49 [INFO] Host: 
- 03:12:49 [INFO] Target: 
=>  
=>  
=>  
=>  
=>  
- 03:12:49 [INFO] Host: version
- 03:12:49 [INFO] Target: 
version
U-Boot 2016.05-00041-ga456020 (Jul 08 2016 - 12:54:20 -0500)
arm-linux-gnueabihf-gcc (Linaro GCC 5.3-2016.02) 5.3.1 20160113
GNU ld (GNU Binutils) 2.25.0 Linaro 2015_10
- 03:12:49 [INFO] Host: setenv bootargs 'console=ttyO0,115200n8 earlyprintk=serial,ttyO0,115200n8 rootwait '
- 03:12:49 [INFO] Target: 
setenv bootargs 'console=ttyO0,115200n8 earlyprintk=serial,ttyO0,115200n8 rootwait '
- 03:12:49 [INFO] Host: setenv bootcmd  ''
- 03:12:49 [INFO] Target: 
setenv bootcmd  ''
- 03:12:49 [INFO] Host: setenv autoload 'no'
- 03:12:49 [INFO] Target: 
setenv autoload 'no'
- 03:12:49 [INFO] Host: setenv serverip '192.168.0.1'
- 03:12:50 [INFO] Target: 
setenv serverip '192.168.0.1'
- 03:12:50 [INFO] Host: setenv _initramfs -
- 03:12:50 [INFO] Target: 
setenv _initramfs -
- 03:12:50 [INFO] Host: printenv
- 03:12:50 [INFO] Target: 
printenv
_initramfs=-
arch=arm
args_mmc=run finduuid;setenv bootargs console=${console} ${optargs} root=PARTUUID=${uuid} rw rootfstype=${mmcrootfstype}
autoload=no
baudrate=115200
board=dra7xx
board_name=dra7xx
board_rev=G.0
bootargs=console=ttyO0,115200n8 earlyprintk=serial,ttyO0,115200n8 rootwait 
bootcmd=
bootdelay=2
bootdir=/boot
bootenvfile=uEnv.txt
bootfile=zImage
bootm_size=0x10000000
bootpart=0:2
bootscript=echo Running bootscript from mmc${mmcdev} ...; source ${loadaddr}
console=ttyO0,115200n8
cpu=armv7
dfu_alt_info_emmc=rawemmc raw 0 3751936;boot part 1 1;rootfs part 1 2;MLO fat 1 1;MLO.raw raw 0x100 0x100;u-boot.img.raw raw 0x300 0x400;spl-os-args.raw raw 0x80 0x80;spl-os-image.raw raw 0x900 0x2000;spl-os-args fat 1 1;spl-os-image fat 1 1;u-boot.img fat 1 1;uEnv.txt fat 1 1
dfu_alt_info_mmc=boot part 0 1;rootfs part 0 2;MLO fat 0 1;MLO.raw raw 0x100 0x100;u-boot.img.raw raw 0x300 0x400;spl-os-args.raw raw 0x80 0x80;spl-os-image.raw raw 0x900 0x2000;spl-os-args fat 0 1;spl-os-image fat 0 1;u-boot.img fat 0 1;uEnv.txt fat 0 1
dfu_alt_info_qspi=MLO raw 0x0 0x020000;MLO.backup1 raw 0x020000 0x020000;u-boot.img raw 0x040000 0x0100000;u-boot-spl-os raw 0x140000 0x080000;u-boot-env raw 0x1C0000 0x010000;u-boot-env.backup raw 0x1D0000 0x010000;kernel raw 0x1E0000 0x800000
dfu_alt_info_ram=kernel ram 0x80200000 0x4000000;fdt ram 0x80f80000 0x80000;ramdisk ram 0x81000000 0x4000000
dfu_bufsiz=0x10000
dofastboot=0
envboot=mmc dev ${mmcdev}; if mmc rescan; then echo SD/MMC found on device ${mmcdev};if run loadbootscript; then run bootscript;else if run loadbootenv; then echo Loaded env from ${bootenvfile};run importbootenv;fi;if test -n $uenvcmd; then echo Running uenvcmd ...;run uenvcmd;fi;fi;fi;
ethaddr=b4:99:4c:0b:e4:e6
fdt_addr_r=0x88000000
fdtaddr=0x88000000
fdtcontroladdr=def12c10
fdtfile=undefined
findfdt=if test $board_name = omap5_uevm; then setenv fdtfile omap5-uevm.dtb; fi; if test $board_name = dra7xx; then setenv fdtfile dra7-evm.dtb; fi;if test $board_name = dra72x-revc; then setenv fdtfile dra72-evm-revc.dtb; fi;if test $board_name = dra72x; then setenv fdtfile dra72-evm.dtb; fi;if test $board_name = beagle_x15; then setenv fdtfile am57xx-beagle-x15.dtb; fi;if test $board_name = beagle_x15_revb1; then setenv fdtfile am57xx-beagle-x15-revb1.dtb; fi;if test $board_name = am57xx_evm; then setenv fdtfile am57xx-evm.dtb; fi;if test $board_name = am57xx_evm_reva3; then setenv fdtfile am57xx-evm-reva3.dtb; fi;if test $board_name = am572x_idk; then setenv fdtfile am572x-idk.dtb; fi;if test $board_name = am571x_idk && test $idk_lcd = no; then setenv fdtfile am571x-idk.dtb; fi;if test $board_name = am571x_idk && test $idk_lcd = osd101t2045; then setenv fdtfile am571x-idk-lcd-osd.dtb; fi;if test $fdtfile = undefined; then echo WARNING: Could not determine device tree to use; fi; 
finduuid=part uuid mmc ${bootpart} uuid
importbootenv=echo Importing environment from mmc${mmcdev} ...; env import -t ${loadaddr} ${filesize}
kernel_addr_r=0x82000000
loadaddr=0x82000000
loadbootenv=fatload mmc ${mmcdev} ${loadaddr} ${bootenvfile}
loadbootscript=fatload mmc ${mmcdev} ${loadaddr} boot.scr
loadfdt=load mmc ${bootpart} ${fdtaddr} ${bootdir}/${fdtfile};
loadimage=load mmc ${bootpart} ${loadaddr} ${bootdir}/${bootfile}
mmcboot=mmc dev ${mmcdev}; if mmc rescan; then echo SD/MMC found on device ${mmcdev};if run loadimage; then run loadfdt; echo Booting from mmc${mmcdev} ...; run args_mmc; bootz ${loadaddr} - ${fdtaddr}; fi;fi;
mmcdev=0
mmcrootfstype=ext4 rootwait
netargs=setenv bootargs console=${console} ${optargs} root=/dev/nfs nfsroot=${serverip}:${rootpath},${nfsopts} rw ip=dhcp
netboot=echo Booting from network ...; setenv autoload no; dhcp; run netloadimage; run netloadfdt; run netargs; bootz ${loadaddr} - ${fdtaddr}
netloadfdt=tftp ${fdtaddr} ${fdtfile}
netloadimage=tftp ${loadaddr} ${bootfile}
nfsopts=nolock
partitions=uuid_disk=${uuid_gpt_disk};name=rootfs,start=2MiB,size=-,uuid=${uuid_gpt_rootfs}
partitions_android=uuid_disk=${uuid_gpt_disk};name=xloader,start=128K,size=128K,uuid=${uuid_gpt_xloader};name=bootloader,size=384K,uuid=${uuid_gpt_bootloader};name=environment,size=128K,uuid=${uuid_gpt_environment};name=misc,size=128K,uuid=${uuid_gpt_misc};name=efs,start=1280K,size=16M,uuid=${uuid_gpt_efs};name=crypto,size=16K,uuid=${uuid_gpt_crypto};name=recovery,size=10M,uuid=${uuid_gpt_recovery};name=boot,size=10M,uuid=${uuid_gpt_boot};name=system,size=768M,uuid=${uuid_gpt_system};name=cache,size=256M,uuid=${uuid_gpt_cache};name=ipu1,size=1M,uuid=${uuid_gpt_ipu1};name=ipu2,size=1M,uuid=${uuid_gpt_ipu2};name=userdata,size=-,uuid=${uuid_gpt_userdata}
pxefile_addr_r=0x80100000
ramdisk_addr_r=0x88080000
rdaddr=0x88080000
rootpath=/export/rootfs
scriptaddr=0x80000000
scsidevs=0
serial#=0c017008762a0121
serverip=192.168.0.1
soc=omap5
static_ip=${ipaddr}:${serverip}:${gatewayip}:${netmask}:${hostname}::off
stderr=serial@4806a000
stdin=serial@4806a000
stdout=serial@4806a000
usbtty=cdc_acm
vendor=ti
ver=U-Boot 2016.05-00041-ga456020 (Jul 08 2016 - 12:54:20 -0500)
vram=16M
Environment size: 5176/131067 bytes
- 03:12:50 [INFO] Host: printenv
- 03:12:51 [INFO] Target: 
printenv
_initramfs=-
arch=arm
args_mmc=run finduuid;setenv bootargs console=${console} ${optargs} root=PARTUUID=${uuid} rw rootfstype=${mmcrootfstype}
autoload=no
baudrate=115200
board=dra7xx
board_name=dra7xx
board_rev=G.0
bootargs=console=ttyO0,115200n8 earlyprintk=serial,ttyO0,115200n8 rootwait 
bootcmd=
bootdelay=2
bootdir=/boot
bootenvfile=uEnv.txt
bootfile=zImage
bootm_size=0x10000000
bootpart=0:2
bootscript=echo Running bootscript from mmc${mmcdev} ...; source ${loadaddr}
console=ttyO0,115200n8
cpu=armv7
dfu_alt_info_emmc=rawemmc raw 0 3751936;boot part 1 1;rootfs part 1 2;MLO fat 1 1;MLO.raw raw 0x100 0x100;u-boot.img.raw raw 0x300 0x400;spl-os-args.raw raw 0x80 0x80;spl-os-image.raw raw 0x900 0x2000;spl-os-args fat 1 1;spl-os-image fat 1 1;u-boot.img fat 1 1;uEnv.txt fat 1 1
dfu_alt_info_mmc=boot part 0 1;rootfs part 0 2;MLO fat 0 1;MLO.raw raw 0x100 0x100;u-boot.img.raw raw 0x300 0x400;spl-os-args.raw raw 0x80 0x80;spl-os-image.raw raw 0x900 0x2000;spl-os-args fat 0 1;spl-os-image fat 0 1;u-boot.img fat 0 1;uEnv.txt fat 0 1
dfu_alt_info_qspi=MLO raw 0x0 0x020000;MLO.backup1 raw 0x020000 0x020000;u-boot.img raw 0x040000 0x0100000;u-boot-spl-os raw 0x140000 0x080000;u-boot-env raw 0x1C0000 0x010000;u-boot-env.backup raw 0x1D0000 0x010000;kernel raw 0x1E0000 0x800000
dfu_alt_info_ram=kernel ram 0x80200000 0x4000000;fdt ram 0x80f80000 0x80000;ramdisk ram 0x81000000 0x4000000
dfu_bufsiz=0x10000
dofastboot=0
envboot=mmc dev ${mmcdev}; if mmc rescan; then echo SD/MMC found on device ${mmcdev};if run loadbootscript; then run bootscript;else if run loadbootenv; then echo Loaded env from ${bootenvfile};run importbootenv;fi;if test -n $uenvcmd; then echo Running uenvcmd ...;run uenvcmd;fi;fi;fi;
ethaddr=b4:99:4c:0b:e4:e6
fdt_addr_r=0x88000000
fdtaddr=0x88000000
fdtcontroladdr=def12c10
fdtfile=undefined
findfdt=if test $board_name = omap5_uevm; then setenv fdtfile omap5-uevm.dtb; fi; if test $board_name = dra7xx; then setenv fdtfile dra7-evm.dtb; fi;if test $board_name = dra72x-revc; then setenv fdtfile dra72-evm-revc.dtb; fi;if test $board_name = dra72x; then setenv fdtfile dra72-evm.dtb; fi;if test $board_name = beagle_x15; then setenv fdtfile am57xx-beagle-x15.dtb; fi;if test $board_name = beagle_x15_revb1; then setenv fdtfile am57xx-beagle-x15-revb1.dtb; fi;if test $board_name = am57xx_evm; then setenv fdtfile am57xx-evm.dtb; fi;if test $board_name = am57xx_evm_reva3; then setenv fdtfile am57xx-evm-reva3.dtb; fi;if test $board_name = am572x_idk; then setenv fdtfile am572x-idk.dtb; fi;if test $board_name = am571x_idk && test $idk_lcd = no; then setenv fdtfile am571x-idk.dtb; fi;if test $board_name = am571x_idk && test $idk_lcd = osd101t2045; then setenv fdtfile am571x-idk-lcd-osd.dtb; fi;if test $fdtfile = undefined; then echo WARNING: Could not determine device tree to use; fi; 
finduuid=part uuid mmc ${bootpart} uuid
importbootenv=echo Importing environment from mmc${mmcdev} ...; env import -t ${loadaddr} ${filesize}
kernel_addr_r=0x82000000
loadaddr=0x82000000
loadbootenv=fatload mmc ${mmcdev} ${loadaddr} ${bootenvfile}
loadbootscript=fatload mmc ${mmcdev} ${loadaddr} boot.scr
loadfdt=load mmc ${bootpart} ${fdtaddr} ${bootdir}/${fdtfile};
loadimage=load mmc ${bootpart} ${loadaddr} ${bootdir}/${bootfile}
mmcboot=mmc dev ${mmcdev}; if mmc rescan; then echo SD/MMC found on device ${mmcdev};if run loadimage; then run loadfdt; echo Booting from mmc${mmcdev} ...; run args_mmc; bootz ${loadaddr} - ${fdtaddr}; fi;fi;
mmcdev=0
mmcrootfstype=ext4 rootwait
netargs=setenv bootargs console=${console} ${optargs} root=/dev/nfs nfsroot=${serverip}:${rootpath},${nfsopts} rw ip=dhcp
netboot=echo Booting from network ...; setenv autoload no; dhcp; run netloadimage; run netloadfdt; run netargs; bootz ${loadaddr} - ${fdtaddr}
netloadfdt=tftp ${fdtaddr} ${fdtfile}
netloadimage=tftp ${loadaddr} ${bootfile}
nfsopts=nolock
partitions=uuid_disk=${uuid_gpt_disk};name=rootfs,start=2MiB,size=-,uuid=${uuid_gpt_rootfs}
partitions_android=uuid_disk=${uuid_gpt_disk};name=xloader,start=128K,size=128K,uuid=${uuid_gpt_xloader};name=bootloader,size=384K,uuid=${uuid_gpt_bootloader};name=environment,size=128K,uuid=${uuid_gpt_environment};name=misc,size=128K,uuid=${uuid_gpt_misc};name=efs,start=1280K,size=16M,uuid=${uuid_gpt_efs};name=crypto,size=16K,uuid=${uuid_gpt_crypto};name=recovery,size=10M,uuid=${uuid_gpt_recovery};name=boot,size=10M,uuid=${uuid_gpt_boot};name=system,size=768M,uuid=${uuid_gpt_system};name=cache,size=256M,uuid=${uuid_gpt_cache};name=ipu1,size=1M,uuid=${uuid_gpt_ipu1};name=ipu2,size=1M,uuid=${uuid_gpt_ipu2};name=userdata,size=-,uuid=${uuid_gpt_userdata}
pxefile_addr_r=0x80100000
ramdisk_addr_r=0x88080000
rdaddr=0x88080000
rootpath=/export/rootfs
scriptaddr=0x80000000
scsidevs=0
serial#=0c017008762a0121
serverip=192.168.0.1
soc=omap5
static_ip=${ipaddr}:${serverip}:${gatewayip}:${netmask}:${hostname}::off
stderr=serial@4806a000
stdin=serial@4806a000
stdout=serial@4806a000
usbtty=cdc_acm
vendor=ti
ver=U-Boot 2016.05-00041-ga456020 (Jul 08 2016 - 12:54:20 -0500)
vram=16M
Environment size: 5176/131067 bytes
- 03:12:51 [INFO] Host: setenv bootargs ''${bootargs}' ip=:::::eth0:dhcp '
- 03:12:51 [INFO] Target: 
setenv bootargs ''${bootargs}' ip=:::::eth0:dhcp '
- 03:12:51 [INFO] Host: setenv serverip '192.168.0.1'
- 03:12:51 [INFO] Target: 
setenv serverip '192.168.0.1'
- 03:12:51 [INFO] Host: setenv autoload 'no'
- 03:12:51 [INFO] Target: 
setenv autoload 'no'
- 03:12:51 [INFO] Host: dhcp
- 03:12:52 [INFO] Target: 
dhcp
link up on port 0, speed 100, half duplex
BOOTP broadcast 1
BOOTP broadcast 2
BOOTP broadcast 3
DHCP client bound to address 192.168.0.244 (1037 ms)
- 03:12:52 [INFO] Host: tftp ${loadaddr} 192.168.0.1:vatf_dra7xx-evm1/9ec1b0a920d0b25f1ed2cccaed90e176
- 03:12:53 [INFO] Target: 
tftp ${loadaddr} 192.168.0.1:vatf_dra7xx-evm1/9ec1b0a920d0b25f1ed2cccaed90e176
link up on port 0, speed 100, half duplex
Using ethernet@48484000 device
TFTP from server 192.168.0.1; our IP address is 192.168.0.244
Filename 'vatf_dra7xx-evm1/9ec1b0a920d0b25f1ed2cccaed90e176'.
Load address: 0x82000000
Loading: *#################################################################
	 #################################################################
	 #################################################################
	 #################################################################
	 #################################################################
	 #################################################################
	 #################################################################
	 ##############
	 5.2 MiB/s
done
Bytes transferred = 6879160 (68f7b8 hex)
- 03:12:53 [INFO] Host: tftp ${fdt_addr_r} 192.168.0.1:vatf_dra7xx-evm1/3e685ce4d8553a3cb1dcaa7012320c58
- 03:12:54 [INFO] Target: 
tftp ${fdt_addr_r} 192.168.0.1:vatf_dra7xx-evm1/3e685ce4d8553a3cb1dcaa7012320c58
link up on port 0, speed 100, half duplex
Using ethernet@48484000 device
TFTP from server 192.168.0.1; our IP address is 192.168.0.244
Filename 'vatf_dra7xx-evm1/3e685ce4d8553a3cb1dcaa7012320c58'.
Load address: 0x88000000
Loading: *#######
	 4.6 MiB/s
done
Bytes transferred = 90767 (1628f hex)
- 03:12:54 [INFO] Host: ls mmc 0:1
- 03:12:54 [INFO] Target: 
ls mmc 0:1
    77252   mlo 
   642820   u-boot.img 
        4   ws-calibrate.rules 
        0   pointercal 
       14   .ipaddr 
       33   primary_bootloader.md5 
6 file(s), 0 dir(s)
- 03:12:54 [INFO] Host: ls mmc 0:2
- 03:12:54 [INFO] Target: 
ls mmc 0:2
<DIR>       4096 .
<DIR>       4096 ..
<DIR>      16384 lost+found
<DIR>       4096 bin
<DIR>       4096 boot
<DIR>       4096 dev
<DIR>       4096 etc
<DIR>       4096 home
<DIR>       4096 lib
<DIR>       4096 media
<DIR>       4096 mnt
<DIR>       4096 opt
<DIR>       4096 proc
<DIR>       4096 run
<DIR>       4096 sbin
<DIR>       4096 srv
<DIR>       4096 sys
<DIR>       4096 test
<SYM>          8 tmp
<DIR>       4096 usr
<DIR>       4096 var
<DIR>       4096 www
- 03:12:54 [INFO] Host: part uuid mmc 0:2
- 03:12:54 [INFO] Target: 
part uuid mmc 0:2
00000000-02
- 03:12:54 [INFO] Host: printenv
- 03:12:55 [INFO] Target: 
printenv
_initramfs=-
arch=arm
args_mmc=run finduuid;setenv bootargs console=${console} ${optargs} root=PARTUUID=${uuid} rw rootfstype=${mmcrootfstype}
autoload=no
baudrate=115200
board=dra7xx
board_name=dra7xx
board_rev=G.0
bootargs=console=ttyO0,115200n8 earlyprintk=serial,ttyO0,115200n8 rootwait  ip=:::::eth0:dhcp 
bootcmd=
bootdelay=2
bootdir=/boot
bootenvfile=uEnv.txt
bootfile=zImage
bootm_size=0x10000000
bootpart=0:2
bootscript=echo Running bootscript from mmc${mmcdev} ...; source ${loadaddr}
console=ttyO0,115200n8
cpu=armv7
dfu_alt_info_emmc=rawemmc raw 0 3751936;boot part 1 1;rootfs part 1 2;MLO fat 1 1;MLO.raw raw 0x100 0x100;u-boot.img.raw raw 0x300 0x400;spl-os-args.raw raw 0x80 0x80;spl-os-image.raw raw 0x900 0x2000;spl-os-args fat 1 1;spl-os-image fat 1 1;u-boot.img fat 1 1;uEnv.txt fat 1 1
dfu_alt_info_mmc=boot part 0 1;rootfs part 0 2;MLO fat 0 1;MLO.raw raw 0x100 0x100;u-boot.img.raw raw 0x300 0x400;spl-os-args.raw raw 0x80 0x80;spl-os-image.raw raw 0x900 0x2000;spl-os-args fat 0 1;spl-os-image fat 0 1;u-boot.img fat 0 1;uEnv.txt fat 0 1
dfu_alt_info_qspi=MLO raw 0x0 0x020000;MLO.backup1 raw 0x020000 0x020000;u-boot.img raw 0x040000 0x0100000;u-boot-spl-os raw 0x140000 0x080000;u-boot-env raw 0x1C0000 0x010000;u-boot-env.backup raw 0x1D0000 0x010000;kernel raw 0x1E0000 0x800000
dfu_alt_info_ram=kernel ram 0x80200000 0x4000000;fdt ram 0x80f80000 0x80000;ramdisk ram 0x81000000 0x4000000
dfu_bufsiz=0x10000
dnsip=192.0.2.2
dnsip2=192.0.2.3
dofastboot=0
envboot=mmc dev ${mmcdev}; if mmc rescan; then echo SD/MMC found on device ${mmcdev};if run loadbootscript; then run bootscript;else if run loadbootenv; then echo Loaded env from ${bootenvfile};run importbootenv;fi;if test -n $uenvcmd; then echo Running uenvcmd ...;run uenvcmd;fi;fi;fi;
ethact=ethernet@48484000
ethaddr=b4:99:4c:0b:e4:e6
fdt_addr_r=0x88000000
fdtaddr=0x88000000
fdtcontroladdr=def12c10
fdtfile=undefined
fileaddr=88000000
filesize=1628f
findfdt=if test $board_name = omap5_uevm; then setenv fdtfile omap5-uevm.dtb; fi; if test $board_name = dra7xx; then setenv fdtfile dra7-evm.dtb; fi;if test $board_name = dra72x-revc; then setenv fdtfile dra72-evm-revc.dtb; fi;if test $board_name = dra72x; then setenv fdtfile dra72-evm.dtb; fi;if test $board_name = beagle_x15; then setenv fdtfile am57xx-beagle-x15.dtb; fi;if test $board_name = beagle_x15_revb1; then setenv fdtfile am57xx-beagle-x15-revb1.dtb; fi;if test $board_name = am57xx_evm; then setenv fdtfile am57xx-evm.dtb; fi;if test $board_name = am57xx_evm_reva3; then setenv fdtfile am57xx-evm-reva3.dtb; fi;if test $board_name = am572x_idk; then setenv fdtfile am572x-idk.dtb; fi;if test $board_name = am571x_idk && test $idk_lcd = no; then setenv fdtfile am571x-idk.dtb; fi;if test $board_name = am571x_idk && test $idk_lcd = osd101t2045; then setenv fdtfile am571x-idk-lcd-osd.dtb; fi;if test $fdtfile = undefined; then echo WARNING: Could not determine device tree to use; fi; 
finduuid=part uuid mmc ${bootpart} uuid
gatewayip=192.168.0.1
importbootenv=echo Importing environment from mmc${mmcdev} ...; env import -t ${loadaddr} ${filesize}
ipaddr=192.168.0.244
kernel_addr_r=0x82000000
loadaddr=0x82000000
loadbootenv=fatload mmc ${mmcdev} ${loadaddr} ${bootenvfile}
loadbootscript=fatload mmc ${mmcdev} ${loadaddr} boot.scr
loadfdt=load mmc ${bootpart} ${fdtaddr} ${bootdir}/${fdtfile};
loadimage=load mmc ${bootpart} ${loadaddr} ${bootdir}/${bootfile}
mmcboot=mmc dev ${mmcdev}; if mmc rescan; then echo SD/MMC found on device ${mmcdev};if run loadimage; then run loadfdt; echo Booting from mmc${mmcdev} ...; run args_mmc; bootz ${loadaddr} - ${fdtaddr}; fi;fi;
mmcdev=0
mmcrootfstype=ext4 rootwait
netargs=setenv bootargs console=${console} ${optargs} root=/dev/nfs nfsroot=${serverip}:${rootpath},${nfsopts} rw ip=dhcp
netboot=echo Booting from network ...; setenv autoload no; dhcp; run netloadimage; run netloadfdt; run netargs; bootz ${loadaddr} - ${fdtaddr}
netloadfdt=tftp ${fdtaddr} ${fdtfile}
netloadimage=tftp ${loadaddr} ${bootfile}
netmask=255.255.255.0
nfsopts=nolock
partitions=uuid_disk=${uuid_gpt_disk};name=rootfs,start=2MiB,size=-,uuid=${uuid_gpt_rootfs}
partitions_android=uuid_disk=${uuid_gpt_disk};name=xloader,start=128K,size=128K,uuid=${uuid_gpt_xloader};name=bootloader,size=384K,uuid=${uuid_gpt_bootloader};name=environment,size=128K,uuid=${uuid_gpt_environment};name=misc,size=128K,uuid=${uuid_gpt_misc};name=efs,start=1280K,size=16M,uuid=${uuid_gpt_efs};name=crypto,size=16K,uuid=${uuid_gpt_crypto};name=recovery,size=10M,uuid=${uuid_gpt_recovery};name=boot,size=10M,uuid=${uuid_gpt_boot};name=system,size=768M,uuid=${uuid_gpt_system};name=cache,size=256M,uuid=${uuid_gpt_cache};name=ipu1,size=1M,uuid=${uuid_gpt_ipu1};name=ipu2,size=1M,uuid=${uuid_gpt_ipu2};name=userdata,size=-,uuid=${uuid_gpt_userdata}
pxefile_addr_r=0x80100000
ramdisk_addr_r=0x88080000
rdaddr=0x88080000
rootpath=/export/rootfs
scriptaddr=0x80000000
scsidevs=0
serial#=0c017008762a0121
serverip=192.168.0.1
soc=omap5
static_ip=${ipaddr}:${serverip}:${gatewayip}:${netmask}:${hostname}::off
stderr=serial@4806a000
stdin=serial@4806a000
stdout=serial@4806a000
usbtty=cdc_acm
vendor=ti
ver=U-Boot 2016.05-00041-ga456020 (Jul 08 2016 - 12:54:20 -0500)
vram=16M
Environment size: 5367/131067 bytes
- 03:12:55 [INFO] Host: setenv bootargs ''${bootargs}' root=PARTUUID=00000000-02 rw rootfstype=ext4 rootwait '
- 03:12:55 [INFO] Target: 
setenv bootargs ''${bootargs}' root=PARTUUID=00000000-02 rw rootfstype=ext4 rootwait '
- 03:12:55 [INFO] Host: printenv
- 03:12:55 [INFO] Target: 
printenv
_initramfs=-
arch=arm
args_mmc=run finduuid;setenv bootargs console=${console} ${optargs} root=PARTUUID=${uuid} rw rootfstype=${mmcrootfstype}
autoload=no
baudrate=115200
board=dra7xx
board_name=dra7xx
board_rev=G.0
bootargs=console=ttyO0,115200n8 earlyprintk=serial,ttyO0,115200n8 rootwait  ip=:::::eth0:dhcp  root=PARTUUID=00000000-02 rw rootfstype=ext4 rootwait 
bootcmd=
bootdelay=2
bootdir=/boot
bootenvfile=uEnv.txt
bootfile=zImage
bootm_size=0x10000000
bootpart=0:2
bootscript=echo Running bootscript from mmc${mmcdev} ...; source ${loadaddr}
console=ttyO0,115200n8
cpu=armv7
dfu_alt_info_emmc=rawemmc raw 0 3751936;boot part 1 1;rootfs part 1 2;MLO fat 1 1;MLO.raw raw 0x100 0x100;u-boot.img.raw raw 0x300 0x400;spl-os-args.raw raw 0x80 0x80;spl-os-image.raw raw 0x900 0x2000;spl-os-args fat 1 1;spl-os-image fat 1 1;u-boot.img fat 1 1;uEnv.txt fat 1 1
dfu_alt_info_mmc=boot part 0 1;rootfs part 0 2;MLO fat 0 1;MLO.raw raw 0x100 0x100;u-boot.img.raw raw 0x300 0x400;spl-os-args.raw raw 0x80 0x80;spl-os-image.raw raw 0x900 0x2000;spl-os-args fat 0 1;spl-os-image fat 0 1;u-boot.img fat 0 1;uEnv.txt fat 0 1
dfu_alt_info_qspi=MLO raw 0x0 0x020000;MLO.backup1 raw 0x020000 0x020000;u-boot.img raw 0x040000 0x0100000;u-boot-spl-os raw 0x140000 0x080000;u-boot-env raw 0x1C0000 0x010000;u-boot-env.backup raw 0x1D0000 0x010000;kernel raw 0x1E0000 0x800000
dfu_alt_info_ram=kernel ram 0x80200000 0x4000000;fdt ram 0x80f80000 0x80000;ramdisk ram 0x81000000 0x4000000
dfu_bufsiz=0x10000
dnsip=192.0.2.2
dnsip2=192.0.2.3
dofastboot=0
envboot=mmc dev ${mmcdev}; if mmc rescan; then echo SD/MMC found on device ${mmcdev};if run loadbootscript; then run bootscript;else if run loadbootenv; then echo Loaded env from ${bootenvfile};run importbootenv;fi;if test -n $uenvcmd; then echo Running uenvcmd ...;run uenvcmd;fi;fi;fi;
ethact=ethernet@48484000
ethaddr=b4:99:4c:0b:e4:e6
fdt_addr_r=0x88000000
fdtaddr=0x88000000
fdtcontroladdr=def12c10
fdtfile=undefined
fileaddr=88000000
filesize=1628f
findfdt=if test $board_name = omap5_uevm; then setenv fdtfile omap5-uevm.dtb; fi; if test $board_name = dra7xx; then setenv fdtfile dra7-evm.dtb; fi;if test $board_name = dra72x-revc; then setenv fdtfile dra72-evm-revc.dtb; fi;if test $board_name = dra72x; then setenv fdtfile dra72-evm.dtb; fi;if test $board_name = beagle_x15; then setenv fdtfile am57xx-beagle-x15.dtb; fi;if test $board_name = beagle_x15_revb1; then setenv fdtfile am57xx-beagle-x15-revb1.dtb; fi;if test $board_name = am57xx_evm; then setenv fdtfile am57xx-evm.dtb; fi;if test $board_name = am57xx_evm_reva3; then setenv fdtfile am57xx-evm-reva3.dtb; fi;if test $board_name = am572x_idk; then setenv fdtfile am572x-idk.dtb; fi;if test $board_name = am571x_idk && test $idk_lcd = no; then setenv fdtfile am571x-idk.dtb; fi;if test $board_name = am571x_idk && test $idk_lcd = osd101t2045; then setenv fdtfile am571x-idk-lcd-osd.dtb; fi;if test $fdtfile = undefined; then echo WARNING: Could not determine device tree to use; fi; 
finduuid=part uuid mmc ${bootpart} uuid
gatewayip=192.168.0.1
importbootenv=echo Importing environment from mmc${mmcdev} ...; env import -t ${loadaddr} ${filesize}
ipaddr=192.168.0.244
kernel_addr_r=0x82000000
loadaddr=0x82000000
loadbootenv=fatload mmc ${mmcdev} ${loadaddr} ${bootenvfile}
loadbootscript=fatload mmc ${mmcdev} ${loadaddr} boot.scr
loadfdt=load mmc ${bootpart} ${fdtaddr} ${bootdir}/${fdtfile};
loadimage=load mmc ${bootpart} ${loadaddr} ${bootdir}/${bootfile}
mmcboot=mmc dev ${mmcdev}; if mmc rescan; then echo SD/MMC found on device ${mmcdev};if run loadimage; then run loadfdt; echo Booting from mmc${mmcdev} ...; run args_mmc; bootz ${loadaddr} - ${fdtaddr}; fi;fi;
mmcdev=0
mmcrootfstype=ext4 rootwait
netargs=setenv bootargs console=${console} ${optargs} root=/dev/nfs nfsroot=${serverip}:${rootpath},${nfsopts} rw ip=dhcp
netboot=echo Booting from network ...; setenv autoload no; dhcp; run netloadimage; run netloadfdt; run netargs; bootz ${loadaddr} - ${fdtaddr}
netloadfdt=tftp ${fdtaddr} ${fdtfile}
netloadimage=tftp ${loadaddr} ${bootfile}
netmask=255.255.255.0
nfsopts=nolock
partitions=uuid_disk=${uuid_gpt_disk};name=rootfs,start=2MiB,size=-,uuid=${uuid_gpt_rootfs}
partitions_android=uuid_disk=${uuid_gpt_disk};name=xloader,start=128K,size=128K,uuid=${uuid_gpt_xloader};name=bootloader,size=384K,uuid=${uuid_gpt_bootloader};name=environment,size=128K,uuid=${uuid_gpt_environment};name=misc,size=128K,uuid=${uuid_gpt_misc};name=efs,start=1280K,size=16M,uuid=${uuid_gpt_efs};name=crypto,size=16K,uuid=${uuid_gpt_crypto};name=recovery,size=10M,uuid=${uuid_gpt_recovery};name=boot,size=10M,uuid=${uuid_gpt_boot};name=system,size=768M,uuid=${uuid_gpt_system};name=cache,size=256M,uuid=${uuid_gpt_cache};name=ipu1,size=1M,uuid=${uuid_gpt_ipu1};name=ipu2,size=1M,uuid=${uuid_gpt_ipu2};name=userdata,size=-,uuid=${uuid_gpt_userdata}
pxefile_addr_r=0x80100000
ramdisk_addr_r=0x88080000
rdaddr=0x88080000
rootpath=/export/rootfs
scriptaddr=0x80000000
scsidevs=0
serial#=0c017008762a0121
serverip=192.168.0.1
soc=omap5
static_ip=${ipaddr}:${serverip}:${gatewayip}:${netmask}:${hostname}::off
stderr=serial@4806a000
stdin=serial@4806a000
stdout=serial@4806a000
usbtty=cdc_acm
vendor=ti
ver=U-Boot 2016.05-00041-ga456020 (Jul 08 2016 - 12:54:20 -0500)
vram=16M
Environment size: 5422/131067 bytes
- 03:12:55 [INFO] Host: setenv bootcmd ''${bootcmd}' if iminfo ${loadaddr}; then bootm ${loadaddr} ${_initramfs} ${fdt_addr_r}; else bootz ${loadaddr} ${_initramfs} ${fdt_addr_r}; bootm ${loadaddr} ${_initramfs} ${fdt_addr_r}; fi'
- 03:12:55 [INFO] Target: 
setenv bootcmd ''${bootcmd}' if iminfo ${loadaddr}; then bootm ${loadaddr} ${_initramfs} ${fdt_addr_r}; else bootz ${loadaddr} ${_initramfs} ${fdt_addr_r}; bootm ${loadaddr} ${_initramfs} ${fdt_addr_r}; fi'
- 03:12:55 [INFO] Host: version
- 03:12:55 [INFO] Target: 
version
U-Boot 2016.05-00041-ga456020 (Jul 08 2016 - 12:54:20 -0500)
arm-linux-gnueabihf-gcc (Linaro GCC 5.3-2016.02) 5.3.1 20160113
GNU ld (GNU Binutils) 2.25.0 Linaro 2015_10
- 03:12:55 [INFO] Host: bdinfo
- 03:12:55 [INFO] Target: 
bdinfo
arch_number = 0x00000000
boot_params = 0x80000100
DRAM bank   = 0x00000000
-> start    = 0x80000000
-> size     = 0x60000000
DRAM bank   = 0x00000001
-> start    = 0x00000000
-> size     = 0x00000000
baudrate    = 115200 bps
TLB addr    = 0xDFFF0000
relocaddr   = 0xDFF47000
reloc off   = 0x5F747000
irq_sp      = 0xDEF12C00
sp start    = 0xDEF12BF0
- 03:12:55 [INFO] Host: mmc rescan; echo $?
- 03:12:56 [INFO] Target: 
mmc rescan; echo $?
- 03:12:56 [INFO] Host: fatwrite mmc ${mmcdev}:1 ${loadaddr} ws-calibrate.rules 4
- 03:12:56 [INFO] Target: 
fatwrite mmc ${mmcdev}:1 ${loadaddr} ws-calibrate.rules 4
writing ws-calibrate.rules
4 bytes written
- 03:12:56 [INFO] Host: boot
- 03:13:11 [INFO] Target: 
boot
## Checking Image at 82000000 ...
Unknown image format!
Kernel image @ 0x82000000 [ 0x000000 - 0x68f7b8 ]
## Flattened Device Tree blob at 88000000
   Booting using the fdt blob at 0x88000000
   Loading Device Tree to 8ffe6000, end 8ffff28e ... OK
Starting kernel ...
[    0.000000] Booting Linux on physical CPU 0x0
[    0.000000] Linux version 4.7.0-next-20160805-00002-g4c079c9e0eca (nmenon@horus) (gcc version 4.9.3 20150413 (prerelease) (Linaro GCC 4.9-2015.05) ) #1 SMP Fri Aug 5 02:09:08 CDT 2016
[    0.000000] CPU: ARMv7 Processor [412fc0f2] revision 2 (ARMv7), cr=30c5387d
[    0.000000] CPU: div instructions available: patching division code
[    0.000000] CPU: PIPT / VIPT nonaliasing data cache, PIPT instruction cache
[    0.000000] OF: fdt:Machine model: TI DRA742
[    0.000000] cma: Reserved 64 MiB at 0x00000000db800000
[    0.000000] Forcing write-allocate cache policy for SMP
[    0.000000] Memory policy: Data cache writealloc
[    0.000000] OMAP4: Map 0x00000000dfd00000 to fe600000 for dram barrier
[    0.000000] DRA752 ES1.1
[    0.000000] percpu: Embedded 14 pages/cpu @ef388000 s26624 r8192 d22528 u57344
[    0.000000] Built 1 zonelists in Zone order, mobility grouping on.  Total pages: 390912
[    0.000000] Kernel command line: console=ttyO0,115200n8 earlyprintk=serial,ttyO0,115200n8 rootwait  ip=:::::eth0:dhcp  root=PARTUUID=00000000-02 rw rootfstype=ext4 rootwait 
[    0.000000] PID hash table entries: 4096 (order: 2, 16384 bytes)
[    0.000000] Dentry cache hash table entries: 131072 (order: 7, 524288 bytes)
[    0.000000] Inode-cache hash table entries: 65536 (order: 6, 262144 bytes)
[    0.000000] Memory: 1472768K/1569792K available (10240K kernel code, 1086K rwdata, 3772K rodata, 2048K init, 347K bss, 31488K reserved, 65536K cma-reserved, 717824K highmem)
[    0.000000] Virtual kernel memory layout:
[    0.000000]     vector  : 0xffff0000 - 0xffff1000   (   4 kB)
[    0.000000]     fixmap  : 0xffc00000 - 0xfff00000   (3072 kB)
[    0.000000]     vmalloc : 0xf0800000 - 0xff800000   ( 240 MB)
[    0.000000]     lowmem  : 0xc0000000 - 0xf0000000   ( 768 MB)
[    0.000000]     pkmap   : 0xbfe00000 - 0xc0000000   (   2 MB)
[    0.000000]     modules : 0xbf000000 - 0xbfe00000   (  14 MB)
[    0.000000]       .text : 0xc0208000 - 0xc0e00000   (12256 kB)
[    0.000000]       .init : 0xc1200000 - 0xc1400000   (2048 kB)
[    0.000000]       .data : 0xc1400000 - 0xc150fb40   (1087 kB)
[    0.000000]        .bss : 0xc1511000 - 0xc1567e88   ( 348 kB)
[    0.000000] SLUB: HWalign=64, Order=0-3, MinObjects=0, CPUs=2, Nodes=1
[    0.000000] Hierarchical RCU implementation.
[    0.000000] 	Build-time adjustment of leaf fanout to 32.
[    0.000000] 	RCU restricting CPUs from NR_CPUS=16 to nr_cpu_ids=2.
[    0.000000] RCU: Adjusting geometry for rcu_fanout_leaf=32, nr_cpu_ids=2
[    0.000000] NR_IRQS:16 nr_irqs:16 16
[    0.000000] OMAP clockevent source: timer1 at 32786 Hz
[    0.000000] arm_arch_timer: Architected cp15 timer(s) running at 6.14MHz (virt).
[    0.000000] clocksource: arch_sys_counter: mask: 0xffffffffffffff max_cycles: 0x16af5adb9, max_idle_ns: 440795202250 ns
[    0.000003] sched_clock: 56 bits at 6MHz, resolution 162ns, wraps every 4398046511023ns
[    0.000014] Switching to timer-based delay loop, resolution 162ns
[    0.003306] clocksource: 32k_counter: mask: 0xffffffff max_cycles: 0xffffffff, max_idle_ns: 58327039986419 ns
[    0.003312] OMAP clocksource: 32k_counter at 32768 Hz
[    0.006390] Console: colour dummy device 80x30
[    0.006410] Calibrating delay loop (skipped), value calculated using timer frequency.. 12.29 BogoMIPS (lpj=30737)
[    0.006422] pid_max: default: 32768 minimum: 301
[    0.006494] Mount-cache hash table entries: 2048 (order: 1, 8192 bytes)
[    0.006503] Mountpoint-cache hash table entries: 2048 (order: 1, 8192 bytes)
[    0.006976] CPU: Testing write buffer coherency: ok
[    0.007123] /cpus/cpu@0 missing clock-frequency property
[    0.007136] /cpus/cpu@1 missing clock-frequency property
[    0.007144] CPU0: thread -1, cpu 0, socket 0, mpidr 80000000
[    0.007159] Setting up static identity map for 0x80400000 - 0x80400170
[    0.012303] CPU1: thread -1, cpu 1, socket 0, mpidr 80000001
[    0.012377] Brought up 2 CPUs
[    0.012389] SMP: Total of 2 processors activated (24.58 BogoMIPS).
[    0.012394] CPU: All CPU(s) started in SVC mode.
[    0.012724] devtmpfs: initialized
[    0.033871] VFP support v0.3: implementor 41 architecture 4 part 30 variant f rev 0
[    0.034306] clocksource: jiffies: mask: 0xffffffff max_cycles: 0xffffffff, max_idle_ns: 9556302231375000 ns
[    0.035338] pinctrl core: initialized pinctrl subsystem
[    0.036825] NET: Registered protocol family 16
[    0.038251] DMA: preallocated 256 KiB pool for atomic coherent allocations
[    0.039385] omap_hwmod: l3_main_2 using broken dt data from ocp
[    0.201949] cpuidle: using governor menu
[    0.209716] OMAP GPIO hardware version 0.1
[    0.215772] irq: no irq domain found for /ocp/l4@4a000000/scm@2000/pinmux@1400 !
[    0.227369] omap-gpmc 50000000.gpmc: could not find pctldev for node /ocp/l4@4a000000/scm@2000/pinmux@1400/nand_flash_x16, deferring probe
[    0.228973] platform 4b500000.aes: Cannot lookup hwmod 'aes1'
[    0.229231] platform 4b700000.aes: Cannot lookup hwmod 'aes2'
[    0.229486] platform 480a5000.des: Cannot lookup hwmod 'des'
[    0.229736] platform 4b101000.sham: Cannot lookup hwmod 'sham'
[    0.229984] platform 48090000.rng: Cannot lookup hwmod 'rng'
[    0.232491] No ATAGs?hw-breakpoint: found 5 (+1 reserved) breakpoint and 4 watchpoint registers.
[    0.232516] hw-breakpoint: maximum watchpoint size is 8 bytes.
[    0.233535] omap4_sram_init:Unable to allocate sram needed to handle errata I688
[    0.233543] omap4_sram_init:Unable to get sram pool needed to handle errata I688
[    0.233775] OMAP DMA hardware revision 0.0
[    0.239059] Serial: AMBA PL011 UART driver
[    0.266764] omap-dma-engine 4a056000.dma-controller: OMAP DMA engine driver
[    0.268497] edma 43300000.edma: memcpy is disabled
[    0.272416] edma 43300000.edma: TI EDMA DMA engine driver
[    0.276689] vgaarb: loaded
[    0.277349] SCSI subsystem initialized
[    0.277644] usbcore: registered new interface driver usbfs
[    0.277688] usbcore: registered new interface driver hub
[    0.277727] usbcore: registered new device driver usb
[    0.278316] omap_i2c 48070000.i2c: could not find pctldev for node /ocp/l4@4a000000/scm@2000/pinmux@1400/pinmux_i2c1_pins, deferring probe
[    0.278343] omap_i2c 48072000.i2c: could not find pctldev for node /ocp/l4@4a000000/scm@2000/pinmux@1400/pinmux_i2c2_pins, deferring probe
[    0.278367] omap_i2c 48060000.i2c: could not find pctldev for node /ocp/l4@4a000000/scm@2000/pinmux@1400/pinmux_i2c3_pins, deferring probe
[    0.279200] pps_core: LinuxPPS API ver. 1 registered
[    0.279206] pps_core: Software ver. 5.3.6 - Copyright 2005-2007 Rodolfo Giometti <giometti@linux.it>
[    0.279221] PTP clock support registered
[    0.279397] EDAC MC: Ver: 3.0.0
[    0.281333] clocksource: Switched to clocksource arch_sys_counter
[    0.289301] NET: Registered protocol family 2
[    0.289650] TCP established hash table entries: 8192 (order: 3, 32768 bytes)
[    0.289710] TCP bind hash table entries: 8192 (order: 4, 65536 bytes)
[    0.289834] TCP: Hash tables configured (established 8192 bind 8192)
[    0.289875] UDP hash table entries: 512 (order: 2, 16384 bytes)
[    0.289904] UDP-Lite hash table entries: 512 (order: 2, 16384 bytes)
[    0.290013] NET: Registered protocol family 1
[    0.290255] RPC: Registered named UNIX socket transport module.
[    0.290262] RPC: Registered udp transport module.
[    0.290267] RPC: Registered tcp transport module.
[    0.290271] RPC: Registered tcp NFSv4.1 backchannel transport module.
[    0.291038] hw perfevents: /pmu: failed to probe PMU!
[    0.291045] hw perfevents: /pmu: failed to register PMU devices!
[    0.291058] armv7-pmu: probe of pmu failed with error -22
[    0.292667] futex hash table entries: 512 (order: 3, 32768 bytes)
[    0.293100] workingset: timestamp_bits=30 max_order=19 bucket_order=0
[    0.301334] squashfs: version 4.0 (2009/01/31) Phillip Lougher
[    0.301959] NFS: Registering the id_resolver key type
[    0.301984] Key type id_resolver registered
[    0.301990] Key type id_legacy registered
[    0.302022] ntfs: driver 2.1.32 [Flags: R/O].
[    0.302858] bounce: pool size: 64 pages
[    0.303001] Block layer SCSI generic (bsg) driver version 0.4 loaded (major 248)
[    0.303010] io scheduler noop registered
[    0.303016] io scheduler deadline registered
[    0.303146] io scheduler cfq registered (default)
[    0.310230] libphy: mdio_driver_register: phy-bcm-ns2-pci
[    0.311501] pinctrl-single 4a003400.pinmux: 282 pins at pa fc003400 size 1128
[    0.367596] Serial: 8250/16550 driver, 4 ports, IRQ sharing disabled
[    0.370043] SuperH (H)SCI(F) driver initialized
[    0.371051] msm_serial: driver initialized
[    0.371423] 4806a000.serial: ttyO0 at MMIO 0x4806a000 (irq = 301, base_baud = 3000000) is a OMAP UART0
[    1.184779] console [ttyO0] enabled
[    1.188733] omap_uart 4806c000.serial: no wakeirq for uart1
[    1.194623] 4806c000.serial: ttyO1 at MMIO 0x4806c000 (irq = 302, base_baud = 3000000) is a OMAP UART1
[    1.204628] omap_uart 48020000.serial: no wakeirq for uart2
[    1.210517] 48020000.serial: ttyO2 at MMIO 0x48020000 (irq = 303, base_baud = 3000000) is a OMAP UART2
[    1.220552] STMicroelectronics ASC driver initialized
[    1.227498] omap_rng 48090000.rng: _od_fail_runtime_resume: FIXME: missing hwmod/omap_dev info
[    1.236496] omap_rng 48090000.rng: Failed to runtime_get device: -19
[    1.243135] omap_rng 48090000.rng: initialization failed.
[    1.250420] [drm] Initialized drm 1.1.0 20060810
[    1.267323] brd: module loaded
[    1.274382] loop: module loaded
[    1.279348] ahci 4a140000.sata: SSS flag set, parallel bus scan disabled
[    1.286379] ahci 4a140000.sata: AHCI 0001.0300 32 slots 1 ports 3 Gbps 0x1 impl platform mode
[    1.295294] ahci 4a140000.sata: flags: 64bit ncq sntf stag pm led clo only pmp pio slum part ccc apst 
[    1.305750] scsi host0: ahci
[    1.309000] ata1: SATA max UDMA/133 mmio [mem 0x4a140000-0x4a1410ff] port 0x100 irq 337
[    1.324588] libphy: Fixed MDIO Bus: probed
[    1.329555] CAN device driver interface
[    1.335692] igb: Intel(R) Gigabit Ethernet Network Driver - version 5.3.0-k
[    1.342959] igb: Copyright (c) 2007-2014 Intel Corporation.
[    1.396359] davinci_mdio 48485000.mdio: davinci mdio revision 1.6
[    1.402724] davinci_mdio 48485000.mdio: detected phy mask fffffff3
[    1.413367] libphy: 48485000.mdio: probed
[    1.417566] davinci_mdio 48485000.mdio: phy[2]: device 48485000.mdio:02, driver unknown
[    1.425921] davinci_mdio 48485000.mdio: phy[3]: device 48485000.mdio:03, driver unknown
[    1.435219] cpsw 48484000.ethernet: Detected MACID = b4:99:4c:0b:e4:e6
[    1.442641] cpsw 48484000.ethernet: cpsw: Detected MACID = b4:99:4c:0b:e4:e7
[    1.450701] pegasus: v0.9.3 (2013/04/25), Pegasus/Pegasus II USB Ethernet driver
[    1.458473] usbcore: registered new interface driver pegasus
[    1.464435] usbcore: registered new interface driver asix
[    1.470106] usbcore: registered new interface driver ax88179_178a
[    1.476495] usbcore: registered new interface driver cdc_ether
[    1.482634] usbcore: registered new interface driver smsc75xx
[    1.488682] usbcore: registered new interface driver smsc95xx
[    1.494723] usbcore: registered new interface driver net1080
[    1.500668] usbcore: registered new interface driver cdc_subset
[    1.506882] usbcore: registered new interface driver zaurus
[    1.512745] usbcore: registered new interface driver cdc_ncm
[    1.521371] ehci_hcd: USB 2.0 'Enhanced' Host Controller (EHCI) Driver
[    1.528198] ehci-pci: EHCI PCI platform driver
[    1.532873] ehci-platform: EHCI generic platform driver
[    1.538550] ehci-orion: EHCI orion driver
[    1.542888] SPEAr-ehci: EHCI SPEAr driver
[    1.547220] ehci-st: EHCI STMicroelectronics driver
[    1.552463] ehci-exynos: EHCI EXYNOS driver
[    1.556998] ehci-atmel: EHCI Atmel driver
[    1.561315] tegra-ehci: Tegra EHCI driver
[    1.565670] ohci_hcd: USB 1.1 'Open' Host Controller (OHCI) Driver
[    1.572141] ohci-pci: OHCI PCI platform driver
[    1.576822] ohci-platform: OHCI generic platform driver
[    1.582455] ohci-omap3: OHCI OMAP3 driver
[    1.586784] SPEAr-ohci: OHCI SPEAr driver
[    1.591114] ohci-st: OHCI STMicroelectronics driver
[    1.596363] ohci-atmel: OHCI Atmel driver
[    1.601272] usbcore: registered new interface driver usb-storage
[    1.609069] mousedev: PS/2 mouse device common for all mice
[    1.618035] i2c /dev entries driver
[    1.633872] sdhci: Secure Digital Host Controller Interface driver
[    1.637626] ata1: SATA link down (SStatus 0 SControl 300)
[    1.645969] sdhci: Copyright(c) Pierre Ossman
[    1.651490] omap_hsmmc 4809c000.mmc: Got CD GPIO
[    1.697197] Synopsys Designware Multimedia Card Interface Driver
[    1.704585] sdhci-pltfm: SDHCI platform and OF driver helper
[    1.712917] ledtrig-cpu: registered to indicate activity on CPUs
[    1.719472] usbcore: registered new interface driver usbhid
[    1.725296] usbhid: USB HID core driver
[    1.735797] NET: Registered protocol family 10
[    1.741180] sit: IPv6, IPv4 and MPLS over IPv4 tunneling driver
[    1.747821] NET: Registered protocol family 17
[    1.752480] can: controller area network core (rev 20120528 abi 9)
[    1.758979] NET: Registered protocol family 29
[    1.763628] can: raw protocol (rev 20120528)
[    1.768091] can: broadcast manager protocol (rev 20160617 t)
[    1.774008] can: netlink gateway (rev 20130117) max_hops=1
[    1.780044] Key type dns_resolver registered
[    1.784670] omap_voltage_late_init: Voltage driver support not added
[    1.791405] Power Management for TI OMAP4+ devices.
[    1.796730] ThumbEE CPU extension supported.
[    1.801192] Registering SWP/SWPB emulation handler
[    1.807284] omap-gpmc 50000000.gpmc: GPMC revision 6.0
[    1.812675] gpmc_mem_init: disabling cs 0 mapped at 0x0-0x1000000
[    1.822420] palmas 0-0058: IRQ missing: skipping irq request
[    1.841647] palmas 0-0058: Muxing GPIO 2e, PWM 0, LED 0
[    1.865851] random: fast init done
[    1.876179] evm_3v3_sw: supplied by sysen1
[    1.880676] aic_dvdd: supplied by evm_3v3_sw
[    1.885891] vtt_fixed: supplied by sysen2
[    1.891346] pcf857x 0-0020: probed
[    1.895474] pcf857x 0-0021: probed
[    1.899238] omap_i2c 48070000.i2c: bus 0 rev0.12 at 400 kHz
[    1.916570] GPIO line 975 (vin6_sel_s0) hogged as output/low
[    1.922661] pcf857x 1-0026: probed
[    1.926248] omap_i2c 48072000.i2c: bus 1 rev0.12 at 400 kHz
[    1.932689] omap_i2c 48060000.i2c: bus 2 rev0.12 at 400 kHz
[    1.942182] omap_hsmmc 4809c000.mmc: Got CD GPIO
[    2.018967] omap_hsmmc 4809c000.mmc: Got CD GPIO
[    2.064415] mmc0: new high speed MMC card at address 0001
[    2.065223] input: gpio_keys as /devices/platform/gpio_keys/input/input0
[    2.077426] hctosys: unable to open rtc device (rtc0)
[    2.092104] net eth0: initializing cpsw version 1.15 (0)
[    2.102430] mmcblk0: mmc0:0001 MMC08G 7.25 GiB 
[    2.107379] mmcblk0boot0: mmc0:0001 MMC08G partition 1 8.00 MiB
[    2.113752] mmcblk0boot1: mmc0:0001 MMC08G partition 2 8.00 MiB
[    2.120672]  mmcblk0: p1 p2 p3
[    2.180047] Generic PHY 48485000.mdio:02: attached PHY driver [Generic PHY] (mii_bus:phy_addr=48485000.mdio:02, irq=-1)
[    2.197891] IPv6: ADDRCONF(NETDEV_UP): eth0: link is not ready
[    2.246247] mmc1: host does not support reading read-only switch, assuming write-enable
[    2.259901] mmc1: new high speed SDHC card at address e624
[    2.265964] mmcblk1: mmc1:e624 SU04G 3.69 GiB 
[    2.278435]  mmcblk1: p1 p2 p3
[    4.253922] cpsw 48484000.ethernet eth0: Link is Up - 100Mbps/Half - flow control off
[    4.262142] IPv6: ADDRCONF(NETDEV_CHANGE): eth0: link becomes ready
[    4.281343] Sending DHCP requests .., OK
[    7.056343] IP-Config: Got DHCP answer from 192.168.0.1, my address is 192.168.0.244
[    7.064522] IP-Config: Complete:
[    7.067911]      device=eth0, hwaddr=b4:99:4c:0b:e4:e6, ipaddr=192.168.0.244, mask=255.255.255.0, gw=192.168.0.1
[    7.078564]      host=192.168.0.244, domain=ti.com, nis-domain=(none)
[    7.085309]      bootserver=192.168.0.1, rootserver=192.168.0.1, rootpath=     nameserver0=192.0.2.2, nameserver1=192.0.2.3
[    7.097077] aic_dvdd: disabling
[    7.100543] ldousb: disabling
[    7.121692] EXT4-fs (mmcblk1p2): warning: maximal mount count reached, running e2fsck is recommended
[    7.144317] EXT4-fs (mmcblk1p2): mounted filesystem with ordered data mode. Opts: (null)
[    7.152807] VFS: Mounted root (ext4 filesystem) on device 179:50.
[    7.171481] devtmpfs: mounted
[    7.175786] Freeing unused kernel memory: 2048K (c1200000 - c1400000)
INIT: version 2.88 booting
Error opening /dev/fb0: No such file or directory
Starting udev
[    7.661198] udevd[149]: starting version 182
[    9.466474] FAT-fs (mmcblk0p2): Volume was not properly unmounted. Some data may be corrupt. Please run fsck.
[    9.491912] FAT-fs (mmcblk0p3): Volume was not properly unmounted. Some data may be corrupt. Please run fsck.
[    9.524320] FAT-fs (mmcblk1p1): Volume was not properly unmounted. Some data may be corrupt. Please run fsck.
depmod: ERROR: could not open directory /lib/modules/4.7.0-next-20160805-00002-g4c079c9e0eca: No such file or directory
depmod: WARNING: -e needs -E or -F
depmod: ERROR: could not open directory /lib/modules/4.7.0-next-20160805-00002-g4c079c9e0eca: No such file or directory
depmod: FATAL: could not search modules: No such file or directory
[    9.706493] EXT4-fs (mmcblk1p2): re-mounted. Opts: data=ordered
Starting Bootlog daemon: bootlogd.
Populating dev cache
ALSA: Restoring mixer settings...
hwclock: can't open '/dev/misc/rtc': No such file or directory
/usr/sbin/alsactl: load_state:1729: No soundcards found...
Wed Dec 17 04:49:00 UTC 2014
hwclock: can't open '/dev/misc/rtc': No such file or directory
INIT: Entering runlevel: 5
Configuring network interfaces... udhcpc (v1.22.1) started
Sending discover...
Sending select for 192.168.0.215...
Lease of 192.168.0.215 obtained, lease time 600
/etc/udhcpc.d/50default: Adding DNS 192.0.2.2
/etc/udhcpc.d/50default: Adding DNS 192.0.2.3
done.
Starting system message bus: dbus.
Starting Dropbear SSH server: dropbear.
Starting telnet daemon.
Starting rpcbind daemon...done.
creating NFS state directory: done
starting statd: done
hwclock: can't open '/dev/misc/rtc': No such file or directory
Starting syslogd/klogd: done
Starting thttpd.
Starting Lighttpd Web Server: lighttpd.
2014-12-17 04:49:01: (/scratch/jenkins/coresdk-nightly-build/build-CORTEX_1/arago-tmp-external-linaro-toolchain/work/cortexa15t2hf-vfp-neon-oe-linux-gnueabi/lighttpd/1.4.33-r1/lighttpd-1.4.33/src/log.c.166) server started 
Starting Matrix GUI application.
***************************************************************
***************************************************************
NOTICE: This file system contains the followin GPLv3 packages:
	binutils
	elfutils
	gdbserver
	libdw1
	libelf1
	parted
If you do not wish to distribute GPLv3 components please remove
the above packages prior to distribution.  This can be done using
the opkg remove command.  i.e.:
    opkg remove <package>
Where <package> is the name printed in the list above
NOTE: If the package is a dependency of another package you
      will be notified of the dependent packages.  You should
      use the --force-removal-of-dependent-packages option to
      also remove the dependent packages as well
***************************************************************
***************************************************************
Stopping Bootlog daemon: bootlogd.
 _____                    _____           _         _   
|  _  |___ ___ ___ ___   |  _  |___ ___  |_|___ ___| |_ 
|     |  _| .'| . | . |  |   __|  _| . | | | -_|  _|  _|
|__|__|_| |__,|_  |___|  |__|  |_| |___|_| |___|___|_|  
              |___|                    |___|            
Arago Project http://arago-project.org dra7xx-evm /dev/ttyO0
Arago 2014.08 dra7xx-evm /dev/ttyO0
dra7xx-evm login: 
- 03:13:11 [INFO] Host: root
- 03:13:11 [INFO] Target: 
root
root@dra7xx-evm:~# 
- 03:13:11 [INFO] Sleeping 15 secs to allow systemd to finish starting processes...
- 03:13:26 [INFO] Disconnected serial from dra7xx-evm
- 03:13:26 [INFO] Connected to dra7xx-evm via serial 
- 03:13:26 [INFO] Host: uname -a
- 03:13:27 [INFO] Target: 
uname -a
Linux dra7xx-evm 4.7.0-next-20160805-00002-g4c079c9e0eca #1 SMP Fri Aug 5 02:09:08 CDT 2016 armv7l GNU/Linux
root@dra7xx-evm:~# 
- 03:13:27 [INFO] Host: cat /proc/cmdline
- 03:13:27 [INFO] Target: 
cat /proc/cmdline
console=ttyO0,115200n8 earlyprintk=serial,ttyO0,115200n8 rootwait  ip=:::::eth0:dhcp  root=PARTUUID=00000000-02 rw rootfstype=ext4 rootwait 
root@dra7xx-evm:~# 
- 03:13:27 [INFO] Host: uname -a
- 03:13:27 [INFO] Target: 
uname -a
Linux dra7xx-evm 4.7.0-next-20160805-00002-g4c079c9e0eca #1 SMP Fri Aug 5 02:09:08 CDT 2016 armv7l GNU/Linux
root@dra7xx-evm:~# 
- 03:13:27 [INFO] Host: cat /proc/mtd
- 03:13:27 [INFO] Target: 
cat /proc/mtd
dev:    size   erasesize  name
root@dra7xx-evm:~# 
- 03:13:27 [INFO] Host: cat /proc/diskstats
- 03:13:27 [INFO] Target: 
cat /proc/diskstats
   1       0 ram0 0 0 0 0 0 0 0 0 0 0 0
   1       1 ram1 0 0 0 0 0 0 0 0 0 0 0
   1       2 ram2 0 0 0 0 0 0 0 0 0 0 0
   1       3 ram3 0 0 0 0 0 0 0 0 0 0 0
   1       4 ram4 0 0 0 0 0 0 0 0 0 0 0
   1       5 ram5 0 0 0 0 0 0 0 0 0 0 0
   1       6 ram6 0 0 0 0 0 0 0 0 0 0 0
   1       7 ram7 0 0 0 0 0 0 0 0 0 0 0
   1       8 ram8 0 0 0 0 0 0 0 0 0 0 0
   1       9 ram9 0 0 0 0 0 0 0 0 0 0 0
   1      10 ram10 0 0 0 0 0 0 0 0 0 0 0
   1      11 ram11 0 0 0 0 0 0 0 0 0 0 0
   1      12 ram12 0 0 0 0 0 0 0 0 0 0 0
   1      13 ram13 0 0 0 0 0 0 0 0 0 0 0
   1      14 ram14 0 0 0 0 0 0 0 0 0 0 0
   1      15 ram15 0 0 0 0 0 0 0 0 0 0 0
   7       0 loop0 0 0 0 0 0 0 0 0 0 0 0
   7       1 loop1 0 0 0 0 0 0 0 0 0 0 0
   7       2 loop2 0 0 0 0 0 0 0 0 0 0 0
   7       3 loop3 0 0 0 0 0 0 0 0 0 0 0
   7       4 loop4 0 0 0 0 0 0 0 0 0 0 0
   7       5 loop5 0 0 0 0 0 0 0 0 0 0 0
   7       6 loop6 0 0 0 0 0 0 0 0 0 0 0
   7       7 loop7 0 0 0 0 0 0 0 0 0 0 0
 179       0 mmcblk0 233 14 3488 295 0 0 0 0 0 130 295
 179       1 mmcblk0p1 54 0 859 90 0 0 0 0 0 75 90
 179       2 mmcblk0p2 60 7 860 85 0 0 0 0 0 70 85
 179       3 mmcblk0p3 74 7 977 75 0 0 0 0 0 75 75
 179      32 mmcblk0boot1 27 0 216 100 0 0 0 0 0 100 100
 179      16 mmcblk0boot0 27 0 216 90 0 0 0 0 0 90 90
 179      48 mmcblk1 1897 556 84302 8825 28 23 1761 365 0 3955 9185
 179      49 mmcblk1p1 99 0 1588 295 0 0 0 0 0 280 295
 179      50 mmcblk1p2 1716 549 81660 8245 27 23 1760 350 0 3795 8590
 179      51 mmcblk1p3 61 7 870 240 1 0 1 15 0 225 255
root@dra7xx-evm:~# 
- 03:13:27 [INFO] Host: cat /proc/interrupts
- 03:13:27 [INFO] Target: 
cat /proc/interrupts
           CPU0       CPU1       
 17:          0          0      CBAR  32 Level     gp_timer
 20:       2156       2198     GIC-0  27 Level     arch_timer
 22:          0          0      CBAR   4 Level     l3-dbg-irq
 23:          0          0     WUGEN  10 Level     l3-app-irq
 29:       4624          0      CBAR   8 Level     omap-dma-engine
 32:          0          0      CBAR 361 Level     43300000.edma_ccint
 34:          0          0      CBAR 359 Level     43300000.edma_ccerrint
 37:          0          0      CBAR  24 Level     4ae10000.gpio
 70:          0          0      CBAR  25 Level     48055000.gpio
103:          0          0      CBAR  26 Level     48057000.gpio
136:          0          0      CBAR  27 Level     48059000.gpio
169:          0          0      CBAR  28 Level     4805b000.gpio
202:          2          0      CBAR  29 Level     4805d000.gpio
214:          2          0  4805d000.gpio  11 Edge      0-0020, 0-0021
230:          0          0  4805d000.gpio  27 Edge      4809c000.mmc cd
235:          0          0      CBAR  30 Level     48051000.gpio
268:          0          0      CBAR 116 Level     48053000.gpio
301:        619          0      CBAR  67 Level     OMAP UART0
329:        361          0      CBAR  51 Level     48070000.i2c
330:          3          0      CBAR  52 Level     48072000.i2c
331:          0          0      CBAR  56 Level     48060000.i2c
332:       5866          0      CBAR  78 Level     mmc1
333:       1065          0      CBAR  81 Level     mmc0
337:          0          0      CBAR  49 Level     ahci[4a140000.sata]
342:          0          0      CBAR  15 Level     gpmc
346:         12          0      CBAR 335 Level     48484000.ethernet
347:         15          0      CBAR 336 Level     48484000.ethernet
421:          0          0   pinctrl 992 Edge      4806a000.serial
426:          0          0   pcf857x   2 Edge      btnUser1
427:          0          0   pcf857x   3 Edge      btnUser2
IPI0:          0          1  CPU wakeup interrupts
IPI1:          0          0  Timer broadcast interrupts
IPI2:       1533       4509  Rescheduling interrupts
IPI3:         12          7  Function call interrupts
IPI4:          0          0  CPU stop interrupts
IPI5:          0          0  IRQ work interrupts
IPI6:          0          0  completion interrupts
Err:          0
root@dra7xx-evm:~# 
- 03:13:27 [INFO] Host: cat /proc/softirqs
- 03:13:28 [INFO] Target: 
cat /proc/softirqs
                    CPU0       CPU1       
          HI:          0          0
       TIMER:       2034       2037
      NET_TX:          5          0
      NET_RX:         30          1
       BLOCK:          0          0
BLOCK_IOPOLL:          0          0
     TASKLET:       2218          0
       SCHED:       1245       1184
     HRTIMER:          0          0
         RCU:       3352       3403
root@dra7xx-evm:~# 
URL:gtsystest.telogy.design.ti.com/vatf/tigtfarm07/tigtfarm07_vatf@dra7xx-evm1/tigtfarm0708_05_2016_03_12_31/files/session_iteration_1/test_1
