- 11:01:14 [INFO] Starting target session
- 11:01:15 [INFO] Connected to dra72x-evm via serial 
- 11:01:15 [INFO] Host: #check prompt
- 11:01:18 [ERROR] On command: #check prompt waiting for #check prompt.+?(?-mix:((?-mix:login:)|[Pp]assword)) >>> error: execution expired
- 11:01:18 [INFO] Target: 
#check prompt
- 11:01:18 [INFO] Host: #check prompt
- 11:01:20 [ERROR] On command: #check prompt waiting for #check prompt.+?(?-mix:root@.+[@:#]+) >>> error: execution expired
- 11:01:20 [INFO] Target: 
#check prompt
- 11:01:20 [INFO] Host: #check prompt
- 11:01:22 [ERROR] On command: #check prompt waiting for #check prompt.+?(?-mix:root@.+[@:#]+) >>> error: execution expired
- 11:01:22 [INFO] Target: 
#check prompt
- 11:01:22 [INFO] Host: #check prompt
- 11:01:24 [ERROR] On command: #check prompt waiting for #check prompt.+?(?-mix:root@.+[@:#]+) >>> error: execution expired
- 11:01:24 [INFO] Target: 
#check prompt
- 11:01:24 [INFO] Disconnected serial from dra72x-evm
- 11:01:25 [INFO] Connected to dra72x-evm via serial 
- 11:01:25 [INFO] Host: 
- 11:01:26 [INFO] Target: 
U-Boot SPL 2016.05-g72e318bdce (Dec 10 2016 - 07:13:26)
DRA722-GP ES2.0
Trying to boot from MMC1
reading args
spl_load_image_fat_os: error reading image args, err - -1
reading u-boot.img
reading u-boot.img
reading u-boot.img
reading u-boot.img
U-Boot 2016.05-g72e318bdce (Dec 10 2016 - 07:13:26 -0500)
CPU  : DRA722-GP ES2.0
Model: TI DRA722 Rev C EVM
Board: DRA72x EVM REV C.1
DRAM:  2 GiB
MMC:   OMAP SD/MMC: 0, OMAP SD/MMC: 1
SCSI:  Target spinup took 0 ms.
AHCI 0001.0300 32 slots 1 ports 3 Gbps 0x1 impl SATA mode
flags: 64bit ncq stag pm led clo only pmp pio slum part ccc apst 
scanning bus for devices...
  Device 0: (0:0) Vendor: ATA Prod.: ST1000DM003-1SB1 Rev: CC43
            Type: Hard Disk
            Capacity: 953869.7 MB = 931.5 GB (1953525168 x 512)
Found 1 device(s).
Net:   
Warning: ethernet@48484000 using MAC address from ROM
eth0: ethernet@48484000
Hit any key to stop autoboot:  2  0 
=>  
=>  
=>  
=>  
- 11:01:26 [INFO] Host: 
- 11:01:26 [INFO] Target: 
- 11:01:26 [INFO] Host: version
- 11:01:26 [INFO] Target: 
version
U-Boot 2016.05-g72e318bdce (Dec 10 2016 - 07:13:26 -0500)
arm-linux-gnueabihf-gcc (Linaro GCC 5.3-2016.02) 5.3.1 20160113
GNU ld (GNU Binutils) 2.25.0 Linaro 2015_10
- 11:01:26 [INFO] Host: setenv bootargs 'console=ttyO0,115200n8 earlyprintk=serial,ttyO0,115200n8 rootwait '
- 11:01:27 [INFO] Target: 
setenv bootargs 'console=ttyO0,115200n8 earlyprintk=serial,ttyO0,115200n8 rootwait '
- 11:01:27 [INFO] Host: setenv bootcmd  ''
- 11:01:27 [INFO] Target: 
setenv bootcmd  ''
- 11:01:27 [INFO] Host: setenv autoload 'no'
- 11:01:27 [INFO] Target: 
setenv autoload 'no'
- 11:01:27 [INFO] Host: setenv serverip '192.168.0.1'
- 11:01:27 [INFO] Target: 
setenv serverip '192.168.0.1'
- 11:01:27 [INFO] Host: setenv _initramfs -
- 11:01:27 [INFO] Target: 
setenv _initramfs -
- 11:01:27 [INFO] Host: printenv
- 11:01:28 [INFO] Target: 
printenv
_initramfs=-
arch=arm
args_fit=setenv bootargs console=${console} 
args_mmc=run finduuid;setenv bootargs console=${console} ${optargs} root=PARTUUID=${uuid} rw rootfstype=${mmcrootfstype}
autoload=no
baudrate=115200
board=dra7xx
board_name=dra72x-revc
board_rev=C.1
boot_fdt=try
boot_fit=0
bootargs=console=ttyO0,115200n8 earlyprintk=serial,ttyO0,115200n8 rootwait 
bootcmd=
bootdelay=2
bootdir=/boot
bootenvfile=uEnv.txt
bootfile=zImage
bootm_size=0x10000000
bootpart=0:2
bootscript=echo Running bootscript from mmc${mmcdev} ...; source ${loadaddr}
console=ttyO0,115200n8
cpu=armv7
dfu_alt_info_emmc=rawemmc raw 0 3751936;boot part 1 1;rootfs part 1 2;MLO fat 1 1;MLO.raw raw 0x100 0x100;u-boot.img.raw raw 0x300 0x400;spl-os-args.raw raw 0x80 0x80;spl-os-image.raw raw 0x900 0x2000;spl-os-args fat 1 1;spl-os-image fat 1 1;u-boot.img fat 1 1;uEnv.txt fat 1 1
dfu_alt_info_mmc=boot part 0 1;rootfs part 0 2;MLO fat 0 1;MLO.raw raw 0x100 0x100;u-boot.img.raw raw 0x300 0x400;spl-os-args.raw raw 0x80 0x80;spl-os-image.raw raw 0x900 0x2000;spl-os-args fat 0 1;spl-os-image fat 0 1;u-boot.img fat 0 1;uEnv.txt fat 0 1
dfu_alt_info_qspi=MLO raw 0x0 0x040000;u-boot.img raw 0x040000 0x0100000;u-boot-spl-os raw 0x140000 0x080000;u-boot-env raw 0x1C0000 0x010000;u-boot-env.backup raw 0x1D0000 0x010000;kernel raw 0x1E0000 0x800000
dfu_alt_info_ram=kernel ram 0x80200000 0x4000000;fdt ram 0x80f80000 0x80000;ramdisk ram 0x81000000 0x4000000
dfu_bufsiz=0x10000
dofastboot=0
envboot=mmc dev ${mmcdev}; if mmc rescan; then echo SD/MMC found on device ${mmcdev};if run loadbootscript; then run bootscript;else if run loadbootenv; then echo Loaded env from ${bootenvfile};run importbootenv;fi;if test -n $uenvcmd; then echo Running uenvcmd ...;run uenvcmd;fi;fi;fi;
ethaddr=5c:f8:21:14:54:c8
fdt_addr_r=0x88000000
fdtaddr=0x88000000
fdtcontroladdr=fdf101d8
fdtfile=undefined
findfdt=if test $board_name = omap5_uevm; then setenv fdtfile omap5-uevm.dtb; fi; if test $board_name = dra7xx; then setenv fdtfile dra7-evm.dtb; fi;if test $board_name = dra72x-revc; then setenv fdtfile dra72-evm-revc.dtb; fi;if test $board_name = dra72x; then setenv fdtfile dra72-evm.dtb; fi;if test $board_name = dra71x; then setenv fdtfile dra71-evm.dtb; fi;if test $board_name = beagle_x15; then setenv fdtfile am57xx-beagle-x15.dtb; fi;if test $board_name = beagle_x15_revb1; then setenv fdtfile am57xx-beagle-x15-revb1.dtb; fi;if test $board_name = am57xx_evm; then setenv fdtfile am57xx-evm.dtb; fi;if test $board_name = am57xx_evm_reva3; then setenv fdtfile am57xx-evm-reva3.dtb; fi;if test $board_name = am572x_idk && test $idk_lcd = no; then setenv fdtfile am572x-idk.dtb; fi;if test $board_name = am572x_idk && test $idk_lcd = osd101t2045; then setenv fdtfile am572x-idk-lcd-osd.dtb; fi;if test $board_name = am572x_idk && test $idk_lcd = osd101t2587; then setenv fdtfile am572x-idk-lcd-osd101t2587.dtb; fi;if test $board_name = am571x_idk && test $idk_lcd = no; then setenv fdtfile am571x-idk.dtb; fi;if test $board_name = am571x_idk && test $idk_lcd = osd101t2045; then setenv fdtfile am571x-idk-lcd-osd.dtb; fi;if test $board_name = am571x_idk && test $idk_lcd = osd101t2587; then setenv fdtfile am571x-idk-lcd-osd101t2587.dtb; fi;if test $fdtfile = undefined; then echo WARNING: Could not determine device tree to use; fi; 
finduuid=part uuid mmc ${bootpart} uuid
fit_bootfile=fitImage.itb
fit_loadaddr=0x88000000
importbootenv=echo Importing environment from mmc${mmcdev} ...; env import -t ${loadaddr} ${filesize}
kernel_addr_r=0x82000000
loadaddr=0x82000000
loadbootenv=fatload mmc ${mmcdev} ${loadaddr} ${bootenvfile}
loadbootscript=load mmc ${mmcdev} ${loadaddr} boot.scr
loadfdt=load ${devtype} ${bootpart} ${fdtaddr} ${bootdir}/${fdtfile}
loadfit=run args_fit; bootm ${loadaddr}#${fdtfile};
loadimage=load ${devtype} ${bootpart} ${loadaddr} ${bootdir}/${bootfile}
mmcboot=mmc dev ${mmcdev}; setenv devnum ${mmcdev}; setenv devtype mmc; if mmc rescan; then echo SD/MMC found on device ${mmcdev};if run loadimage; then if test ${boot_fit} -eq 1; then run loadfit; else run mmcloados;fi;fi;fi;
mmcdev=0
mmcloados=run args_mmc; if test ${boot_fdt} = yes || test ${boot_fdt} = try; then if run loadfdt; then bootz ${loadaddr} - ${fdtaddr}; else if test ${boot_fdt} = try; then bootz; else echo WARN: Cannot load the DT; fi; fi; else bootz; fi;
mmcrootfstype=ext4 rootwait
netargs=setenv bootargs console=${console} ${optargs} root=/dev/nfs nfsroot=${serverip}:${rootpath},${nfsopts} rw ip=dhcp
netboot=echo Booting from network ...; setenv autoload no; dhcp; run netloadimage; run netloadfdt; run netargs; bootz ${loadaddr} - ${fdtaddr}
netloadfdt=tftp ${fdtaddr} ${fdtfile}
netloadimage=tftp ${loadaddr} ${bootfile}
nfsopts=nolock
partitions=uuid_disk=${uuid_gpt_disk};name=rootfs,start=2MiB,size=-,uuid=${uuid_gpt_rootfs}
partitions_android=uuid_disk=${uuid_gpt_disk};name=xloader,start=128K,size=128K,uuid=${uuid_gpt_xloader};name=bootloader,size=384K,uuid=${uuid_gpt_bootloader};name=environment,size=128K,uuid=${uuid_gpt_environment};name=misc,size=128K,uuid=${uuid_gpt_misc};name=efs,start=1280K,size=16M,uuid=${uuid_gpt_efs};name=crypto,size=16K,uuid=${uuid_gpt_crypto};name=recovery,size=10M,uuid=${uuid_gpt_recovery};name=boot,size=10M,uuid=${uuid_gpt_boot};name=system,size=768M,uuid=${uuid_gpt_system};name=cache,size=256M,uuid=${uuid_gpt_cache};name=ipu1,size=1M,uuid=${uuid_gpt_ipu1};name=ipu2,size=1M,uuid=${uuid_gpt_ipu2};name=userdata,size=-,uuid=${uuid_gpt_userdata}
pxefile_addr_r=0x80100000
ramdisk_addr_r=0x88080000
rdaddr=0x88080000
rootpath=/export/rootfs
scriptaddr=0x80000000
scsidevs=1
serial#=0501101f6f3e0001
serverip=192.168.0.1
soc=omap5
static_ip=${ipaddr}:${serverip}:${gatewayip}:${netmask}:${hostname}::off
stderr=serial@4806a000
stdin=serial@4806a000
stdout=serial@4806a000
update_to_fit=setenv loadaddr ${fit_loadaddr}; setenv bootfile ${fit_bootfile}
usbtty=cdc_acm
vendor=ti
ver=U-Boot 2016.05-g72e318bdce (Dec 10 2016 - 07:13:26 -0500)
vram=16M
Environment size: 6118/131067 bytes
- 11:01:28 [INFO] Host: printenv
- 11:01:28 [INFO] Target: 
printenv
_initramfs=-
arch=arm
args_fit=setenv bootargs console=${console} 
args_mmc=run finduuid;setenv bootargs console=${console} ${optargs} root=PARTUUID=${uuid} rw rootfstype=${mmcrootfstype}
autoload=no
baudrate=115200
board=dra7xx
board_name=dra72x-revc
board_rev=C.1
boot_fdt=try
boot_fit=0
bootargs=console=ttyO0,115200n8 earlyprintk=serial,ttyO0,115200n8 rootwait 
bootcmd=
bootdelay=2
bootdir=/boot
bootenvfile=uEnv.txt
bootfile=zImage
bootm_size=0x10000000
bootpart=0:2
bootscript=echo Running bootscript from mmc${mmcdev} ...; source ${loadaddr}
console=ttyO0,115200n8
cpu=armv7
dfu_alt_info_emmc=rawemmc raw 0 3751936;boot part 1 1;rootfs part 1 2;MLO fat 1 1;MLO.raw raw 0x100 0x100;u-boot.img.raw raw 0x300 0x400;spl-os-args.raw raw 0x80 0x80;spl-os-image.raw raw 0x900 0x2000;spl-os-args fat 1 1;spl-os-image fat 1 1;u-boot.img fat 1 1;uEnv.txt fat 1 1
dfu_alt_info_mmc=boot part 0 1;rootfs part 0 2;MLO fat 0 1;MLO.raw raw 0x100 0x100;u-boot.img.raw raw 0x300 0x400;spl-os-args.raw raw 0x80 0x80;spl-os-image.raw raw 0x900 0x2000;spl-os-args fat 0 1;spl-os-image fat 0 1;u-boot.img fat 0 1;uEnv.txt fat 0 1
dfu_alt_info_qspi=MLO raw 0x0 0x040000;u-boot.img raw 0x040000 0x0100000;u-boot-spl-os raw 0x140000 0x080000;u-boot-env raw 0x1C0000 0x010000;u-boot-env.backup raw 0x1D0000 0x010000;kernel raw 0x1E0000 0x800000
dfu_alt_info_ram=kernel ram 0x80200000 0x4000000;fdt ram 0x80f80000 0x80000;ramdisk ram 0x81000000 0x4000000
dfu_bufsiz=0x10000
dofastboot=0
envboot=mmc dev ${mmcdev}; if mmc rescan; then echo SD/MMC found on device ${mmcdev};if run loadbootscript; then run bootscript;else if run loadbootenv; then echo Loaded env from ${bootenvfile};run importbootenv;fi;if test -n $uenvcmd; then echo Running uenvcmd ...;run uenvcmd;fi;fi;fi;
ethaddr=5c:f8:21:14:54:c8
fdt_addr_r=0x88000000
fdtaddr=0x88000000
fdtcontroladdr=fdf101d8
fdtfile=undefined
findfdt=if test $board_name = omap5_uevm; then setenv fdtfile omap5-uevm.dtb; fi; if test $board_name = dra7xx; then setenv fdtfile dra7-evm.dtb; fi;if test $board_name = dra72x-revc; then setenv fdtfile dra72-evm-revc.dtb; fi;if test $board_name = dra72x; then setenv fdtfile dra72-evm.dtb; fi;if test $board_name = dra71x; then setenv fdtfile dra71-evm.dtb; fi;if test $board_name = beagle_x15; then setenv fdtfile am57xx-beagle-x15.dtb; fi;if test $board_name = beagle_x15_revb1; then setenv fdtfile am57xx-beagle-x15-revb1.dtb; fi;if test $board_name = am57xx_evm; then setenv fdtfile am57xx-evm.dtb; fi;if test $board_name = am57xx_evm_reva3; then setenv fdtfile am57xx-evm-reva3.dtb; fi;if test $board_name = am572x_idk && test $idk_lcd = no; then setenv fdtfile am572x-idk.dtb; fi;if test $board_name = am572x_idk && test $idk_lcd = osd101t2045; then setenv fdtfile am572x-idk-lcd-osd.dtb; fi;if test $board_name = am572x_idk && test $idk_lcd = osd101t2587; then setenv fdtfile am572x-idk-lcd-osd101t2587.dtb; fi;if test $board_name = am571x_idk && test $idk_lcd = no; then setenv fdtfile am571x-idk.dtb; fi;if test $board_name = am571x_idk && test $idk_lcd = osd101t2045; then setenv fdtfile am571x-idk-lcd-osd.dtb; fi;if test $board_name = am571x_idk && test $idk_lcd = osd101t2587; then setenv fdtfile am571x-idk-lcd-osd101t2587.dtb; fi;if test $fdtfile = undefined; then echo WARNING: Could not determine device tree to use; fi; 
finduuid=part uuid mmc ${bootpart} uuid
fit_bootfile=fitImage.itb
fit_loadaddr=0x88000000
importbootenv=echo Importing environment from mmc${mmcdev} ...; env import -t ${loadaddr} ${filesize}
kernel_addr_r=0x82000000
loadaddr=0x82000000
loadbootenv=fatload mmc ${mmcdev} ${loadaddr} ${bootenvfile}
loadbootscript=load mmc ${mmcdev} ${loadaddr} boot.scr
loadfdt=load ${devtype} ${bootpart} ${fdtaddr} ${bootdir}/${fdtfile}
loadfit=run args_fit; bootm ${loadaddr}#${fdtfile};
loadimage=load ${devtype} ${bootpart} ${loadaddr} ${bootdir}/${bootfile}
mmcboot=mmc dev ${mmcdev}; setenv devnum ${mmcdev}; setenv devtype mmc; if mmc rescan; then echo SD/MMC found on device ${mmcdev};if run loadimage; then if test ${boot_fit} -eq 1; then run loadfit; else run mmcloados;fi;fi;fi;
mmcdev=0
mmcloados=run args_mmc; if test ${boot_fdt} = yes || test ${boot_fdt} = try; then if run loadfdt; then bootz ${loadaddr} - ${fdtaddr}; else if test ${boot_fdt} = try; then bootz; else echo WARN: Cannot load the DT; fi; fi; else bootz; fi;
mmcrootfstype=ext4 rootwait
netargs=setenv bootargs console=${console} ${optargs} root=/dev/nfs nfsroot=${serverip}:${rootpath},${nfsopts} rw ip=dhcp
netboot=echo Booting from network ...; setenv autoload no; dhcp; run netloadimage; run netloadfdt; run netargs; bootz ${loadaddr} - ${fdtaddr}
netloadfdt=tftp ${fdtaddr} ${fdtfile}
netloadimage=tftp ${loadaddr} ${bootfile}
nfsopts=nolock
partitions=uuid_disk=${uuid_gpt_disk};name=rootfs,start=2MiB,size=-,uuid=${uuid_gpt_rootfs}
partitions_android=uuid_disk=${uuid_gpt_disk};name=xloader,start=128K,size=128K,uuid=${uuid_gpt_xloader};name=bootloader,size=384K,uuid=${uuid_gpt_bootloader};name=environment,size=128K,uuid=${uuid_gpt_environment};name=misc,size=128K,uuid=${uuid_gpt_misc};name=efs,start=1280K,size=16M,uuid=${uuid_gpt_efs};name=crypto,size=16K,uuid=${uuid_gpt_crypto};name=recovery,size=10M,uuid=${uuid_gpt_recovery};name=boot,size=10M,uuid=${uuid_gpt_boot};name=system,size=768M,uuid=${uuid_gpt_system};name=cache,size=256M,uuid=${uuid_gpt_cache};name=ipu1,size=1M,uuid=${uuid_gpt_ipu1};name=ipu2,size=1M,uuid=${uuid_gpt_ipu2};name=userdata,size=-,uuid=${uuid_gpt_userdata}
pxefile_addr_r=0x80100000
ramdisk_addr_r=0x88080000
rdaddr=0x88080000
rootpath=/export/rootfs
scriptaddr=0x80000000
scsidevs=1
serial#=0501101f6f3e0001
serverip=192.168.0.1
soc=omap5
static_ip=${ipaddr}:${serverip}:${gatewayip}:${netmask}:${hostname}::off
stderr=serial@4806a000
stdin=serial@4806a000
stdout=serial@4806a000
update_to_fit=setenv loadaddr ${fit_loadaddr}; setenv bootfile ${fit_bootfile}
usbtty=cdc_acm
vendor=ti
ver=U-Boot 2016.05-g72e318bdce (Dec 10 2016 - 07:13:26 -0500)
vram=16M
Environment size: 6118/131067 bytes
- 11:01:28 [INFO] Host: setenv bootargs ''${bootargs}' ip=:::::eth0:dhcp '
- 11:01:28 [INFO] Target: 
setenv bootargs ''${bootargs}' ip=:::::eth0:dhcp '
- 11:01:28 [INFO] Host: setenv serverip '192.168.0.1'
- 11:01:28 [INFO] Target: 
setenv serverip '192.168.0.1'
- 11:01:28 [INFO] Host: setenv autoload 'no'
- 11:01:28 [INFO] Target: 
setenv autoload 'no'
- 11:01:28 [INFO] Host: dhcp
- 11:01:34 [INFO] Target: 
dhcp
ethernet@48484000 Waiting for PHY auto negotiation to complete....... done
link up on port 0, speed 1000, full duplex
BOOTP broadcast 1
BOOTP broadcast 2
BOOTP broadcast 3
DHCP client bound to address 192.168.0.127 (1255 ms)
- 11:01:34 [INFO] Host: tftp ${loadaddr} 192.168.0.1:vatf_dra72x-evm/68b7251b8e6febc3e38cbae2267e29ce
- 11:01:35 [INFO] Target: 
tftp ${loadaddr} 192.168.0.1:vatf_dra72x-evm/68b7251b8e6febc3e38cbae2267e29ce
link up on port 0, speed 1000, full duplex
Using ethernet@48484000 device
TFTP from server 192.168.0.1; our IP address is 192.168.0.127
Filename 'vatf_dra72x-evm/68b7251b8e6febc3e38cbae2267e29ce'.
Load address: 0x82000000
Loading: *#################################################################
	 #################################################################
	 #################################################################
	 #################################################################
	 #################################################################
	 #################################################################
	 #################################################################
	 ###################################
	 10.8 MiB/s
done
Bytes transferred = 7187160 (6daad8 hex)
- 11:01:35 [INFO] Host: tftp ${fdt_addr_r} 192.168.0.1:vatf_dra72x-evm/e360c006ba907a69dc16007cc3864668
- 11:01:35 [INFO] Target: 
tftp ${fdt_addr_r} 192.168.0.1:vatf_dra72x-evm/e360c006ba907a69dc16007cc3864668
link up on port 0, speed 1000, full duplex
Using ethernet@48484000 device
TFTP from server 192.168.0.1; our IP address is 192.168.0.127
Filename 'vatf_dra72x-evm/e360c006ba907a69dc16007cc3864668'.
Load address: 0x88000000
Loading: *######
	 9.2 MiB/s
done
Bytes transferred = 87054 (1540e hex)
- 11:01:35 [INFO] Host: ls mmc 0:1
- 11:01:35 [INFO] Target: 
ls mmc 0:1
    82008   mlo 
   737480   u-boot.img 
        4   ws-calibrate.rules 
        0   pointercal 
4 file(s), 0 dir(s)
- 11:01:35 [INFO] Host: ls mmc 0:2
- 11:01:35 [INFO] Target: 
ls mmc 0:2
<DIR>       4096 .
<DIR>       4096 ..
<DIR>      16384 lost+found
<DIR>       4096 include
<DIR>       4096 srv
<DIR>       4096 home
<DIR>       4096 media
<DIR>       4096 opt
<DIR>       4096 var
<DIR>       4096 sys
<DIR>       4096 boot
<DIR>       4096 dev
<DIR>       4096 usr
<DIR>       4096 bin
<DIR>       4096 mnt
<DIR>       4096 etc
<DIR>       4096 sbin
<DIR>       4096 www
<SYM>          8 tmp
<DIR>       4096 proc
<DIR>       4096 run
<DIR>       4096 lib
<DIR>       4096 test
- 11:01:35 [INFO] Host: part uuid mmc 0:2
- 11:01:35 [INFO] Target: 
part uuid mmc 0:2
00000000-02
- 11:01:35 [INFO] Host: printenv
- 11:01:36 [INFO] Target: 
printenv
_initramfs=-
arch=arm
args_fit=setenv bootargs console=${console} 
args_mmc=run finduuid;setenv bootargs console=${console} ${optargs} root=PARTUUID=${uuid} rw rootfstype=${mmcrootfstype}
autoload=no
baudrate=115200
board=dra7xx
board_name=dra72x-revc
board_rev=C.1
boot_fdt=try
boot_fit=0
bootargs=console=ttyO0,115200n8 earlyprintk=serial,ttyO0,115200n8 rootwait  ip=:::::eth0:dhcp 
bootcmd=
bootdelay=2
bootdir=/boot
bootenvfile=uEnv.txt
bootfile=zImage
bootm_size=0x10000000
bootpart=0:2
bootscript=echo Running bootscript from mmc${mmcdev} ...; source ${loadaddr}
console=ttyO0,115200n8
cpu=armv7
dfu_alt_info_emmc=rawemmc raw 0 3751936;boot part 1 1;rootfs part 1 2;MLO fat 1 1;MLO.raw raw 0x100 0x100;u-boot.img.raw raw 0x300 0x400;spl-os-args.raw raw 0x80 0x80;spl-os-image.raw raw 0x900 0x2000;spl-os-args fat 1 1;spl-os-image fat 1 1;u-boot.img fat 1 1;uEnv.txt fat 1 1
dfu_alt_info_mmc=boot part 0 1;rootfs part 0 2;MLO fat 0 1;MLO.raw raw 0x100 0x100;u-boot.img.raw raw 0x300 0x400;spl-os-args.raw raw 0x80 0x80;spl-os-image.raw raw 0x900 0x2000;spl-os-args fat 0 1;spl-os-image fat 0 1;u-boot.img fat 0 1;uEnv.txt fat 0 1
dfu_alt_info_qspi=MLO raw 0x0 0x040000;u-boot.img raw 0x040000 0x0100000;u-boot-spl-os raw 0x140000 0x080000;u-boot-env raw 0x1C0000 0x010000;u-boot-env.backup raw 0x1D0000 0x010000;kernel raw 0x1E0000 0x800000
dfu_alt_info_ram=kernel ram 0x80200000 0x4000000;fdt ram 0x80f80000 0x80000;ramdisk ram 0x81000000 0x4000000
dfu_bufsiz=0x10000
dnsip=192.0.2.2
dnsip2=192.0.2.3
dofastboot=0
envboot=mmc dev ${mmcdev}; if mmc rescan; then echo SD/MMC found on device ${mmcdev};if run loadbootscript; then run bootscript;else if run loadbootenv; then echo Loaded env from ${bootenvfile};run importbootenv;fi;if test -n $uenvcmd; then echo Running uenvcmd ...;run uenvcmd;fi;fi;fi;
ethact=ethernet@48484000
ethaddr=5c:f8:21:14:54:c8
fdt_addr_r=0x88000000
fdtaddr=0x88000000
fdtcontroladdr=fdf101d8
fdtfile=undefined
fileaddr=88000000
filesize=1540e
findfdt=if test $board_name = omap5_uevm; then setenv fdtfile omap5-uevm.dtb; fi; if test $board_name = dra7xx; then setenv fdtfile dra7-evm.dtb; fi;if test $board_name = dra72x-revc; then setenv fdtfile dra72-evm-revc.dtb; fi;if test $board_name = dra72x; then setenv fdtfile dra72-evm.dtb; fi;if test $board_name = dra71x; then setenv fdtfile dra71-evm.dtb; fi;if test $board_name = beagle_x15; then setenv fdtfile am57xx-beagle-x15.dtb; fi;if test $board_name = beagle_x15_revb1; then setenv fdtfile am57xx-beagle-x15-revb1.dtb; fi;if test $board_name = am57xx_evm; then setenv fdtfile am57xx-evm.dtb; fi;if test $board_name = am57xx_evm_reva3; then setenv fdtfile am57xx-evm-reva3.dtb; fi;if test $board_name = am572x_idk && test $idk_lcd = no; then setenv fdtfile am572x-idk.dtb; fi;if test $board_name = am572x_idk && test $idk_lcd = osd101t2045; then setenv fdtfile am572x-idk-lcd-osd.dtb; fi;if test $board_name = am572x_idk && test $idk_lcd = osd101t2587; then setenv fdtfile am572x-idk-lcd-osd101t2587.dtb; fi;if test $board_name = am571x_idk && test $idk_lcd = no; then setenv fdtfile am571x-idk.dtb; fi;if test $board_name = am571x_idk && test $idk_lcd = osd101t2045; then setenv fdtfile am571x-idk-lcd-osd.dtb; fi;if test $board_name = am571x_idk && test $idk_lcd = osd101t2587; then setenv fdtfile am571x-idk-lcd-osd101t2587.dtb; fi;if test $fdtfile = undefined; then echo WARNING: Could not determine device tree to use; fi; 
finduuid=part uuid mmc ${bootpart} uuid
fit_bootfile=fitImage.itb
fit_loadaddr=0x88000000
gatewayip=192.168.0.1
importbootenv=echo Importing environment from mmc${mmcdev} ...; env import -t ${loadaddr} ${filesize}
ipaddr=192.168.0.127
kernel_addr_r=0x82000000
loadaddr=0x82000000
loadbootenv=fatload mmc ${mmcdev} ${loadaddr} ${bootenvfile}
loadbootscript=load mmc ${mmcdev} ${loadaddr} boot.scr
loadfdt=load ${devtype} ${bootpart} ${fdtaddr} ${bootdir}/${fdtfile}
loadfit=run args_fit; bootm ${loadaddr}#${fdtfile};
loadimage=load ${devtype} ${bootpart} ${loadaddr} ${bootdir}/${bootfile}
mmcboot=mmc dev ${mmcdev}; setenv devnum ${mmcdev}; setenv devtype mmc; if mmc rescan; then echo SD/MMC found on device ${mmcdev};if run loadimage; then if test ${boot_fit} -eq 1; then run loadfit; else run mmcloados;fi;fi;fi;
mmcdev=0
mmcloados=run args_mmc; if test ${boot_fdt} = yes || test ${boot_fdt} = try; then if run loadfdt; then bootz ${loadaddr} - ${fdtaddr}; else if test ${boot_fdt} = try; then bootz; else echo WARN: Cannot load the DT; fi; fi; else bootz; fi;
mmcrootfstype=ext4 rootwait
netargs=setenv bootargs console=${console} ${optargs} root=/dev/nfs nfsroot=${serverip}:${rootpath},${nfsopts} rw ip=dhcp
netboot=echo Booting from network ...; setenv autoload no; dhcp; run netloadimage; run netloadfdt; run netargs; bootz ${loadaddr} - ${fdtaddr}
netloadfdt=tftp ${fdtaddr} ${fdtfile}
netloadimage=tftp ${loadaddr} ${bootfile}
netmask=255.255.255.0
nfsopts=nolock
partitions=uuid_disk=${uuid_gpt_disk};name=rootfs,start=2MiB,size=-,uuid=${uuid_gpt_rootfs}
partitions_android=uuid_disk=${uuid_gpt_disk};name=xloader,start=128K,size=128K,uuid=${uuid_gpt_xloader};name=bootloader,size=384K,uuid=${uuid_gpt_bootloader};name=environment,size=128K,uuid=${uuid_gpt_environment};name=misc,size=128K,uuid=${uuid_gpt_misc};name=efs,start=1280K,size=16M,uuid=${uuid_gpt_efs};name=crypto,size=16K,uuid=${uuid_gpt_crypto};name=recovery,size=10M,uuid=${uuid_gpt_recovery};name=boot,size=10M,uuid=${uuid_gpt_boot};name=system,size=768M,uuid=${uuid_gpt_system};name=cache,size=256M,uuid=${uuid_gpt_cache};name=ipu1,size=1M,uuid=${uuid_gpt_ipu1};name=ipu2,size=1M,uuid=${uuid_gpt_ipu2};name=userdata,size=-,uuid=${uuid_gpt_userdata}
pxefile_addr_r=0x80100000
ramdisk_addr_r=0x88080000
rdaddr=0x88080000
rootpath=/export/rootfs
scriptaddr=0x80000000
scsidevs=1
serial#=0501101f6f3e0001
serverip=192.168.0.1
soc=omap5
static_ip=${ipaddr}:${serverip}:${gatewayip}:${netmask}:${hostname}::off
stderr=serial@4806a000
stdin=serial@4806a000
stdout=serial@4806a000
update_to_fit=setenv loadaddr ${fit_loadaddr}; setenv bootfile ${fit_bootfile}
usbtty=cdc_acm
vendor=ti
ver=U-Boot 2016.05-g72e318bdce (Dec 10 2016 - 07:13:26 -0500)
vram=16M
Environment size: 6309/131067 bytes
- 11:01:36 [INFO] Host: setenv bootargs ''${bootargs}' root=PARTUUID=00000000-02 rw rootfstype=ext4 rootwait '
- 11:01:36 [INFO] Target: 
setenv bootargs ''${bootargs}' root=PARTUUID=00000000-02 rw rootfstype=ext4 rootwait '
- 11:01:36 [INFO] Host: printenv
- 11:01:37 [INFO] Target: 
printenv
_initramfs=-
arch=arm
args_fit=setenv bootargs console=${console} 
args_mmc=run finduuid;setenv bootargs console=${console} ${optargs} root=PARTUUID=${uuid} rw rootfstype=${mmcrootfstype}
autoload=no
baudrate=115200
board=dra7xx
board_name=dra72x-revc
board_rev=C.1
boot_fdt=try
boot_fit=0
bootargs=console=ttyO0,115200n8 earlyprintk=serial,ttyO0,115200n8 rootwait  ip=:::::eth0:dhcp  root=PARTUUID=00000000-02 rw rootfstype=ext4 rootwait 
bootcmd=
bootdelay=2
bootdir=/boot
bootenvfile=uEnv.txt
bootfile=zImage
bootm_size=0x10000000
bootpart=0:2
bootscript=echo Running bootscript from mmc${mmcdev} ...; source ${loadaddr}
console=ttyO0,115200n8
cpu=armv7
dfu_alt_info_emmc=rawemmc raw 0 3751936;boot part 1 1;rootfs part 1 2;MLO fat 1 1;MLO.raw raw 0x100 0x100;u-boot.img.raw raw 0x300 0x400;spl-os-args.raw raw 0x80 0x80;spl-os-image.raw raw 0x900 0x2000;spl-os-args fat 1 1;spl-os-image fat 1 1;u-boot.img fat 1 1;uEnv.txt fat 1 1
dfu_alt_info_mmc=boot part 0 1;rootfs part 0 2;MLO fat 0 1;MLO.raw raw 0x100 0x100;u-boot.img.raw raw 0x300 0x400;spl-os-args.raw raw 0x80 0x80;spl-os-image.raw raw 0x900 0x2000;spl-os-args fat 0 1;spl-os-image fat 0 1;u-boot.img fat 0 1;uEnv.txt fat 0 1
dfu_alt_info_qspi=MLO raw 0x0 0x040000;u-boot.img raw 0x040000 0x0100000;u-boot-spl-os raw 0x140000 0x080000;u-boot-env raw 0x1C0000 0x010000;u-boot-env.backup raw 0x1D0000 0x010000;kernel raw 0x1E0000 0x800000
dfu_alt_info_ram=kernel ram 0x80200000 0x4000000;fdt ram 0x80f80000 0x80000;ramdisk ram 0x81000000 0x4000000
dfu_bufsiz=0x10000
dnsip=192.0.2.2
dnsip2=192.0.2.3
dofastboot=0
envboot=mmc dev ${mmcdev}; if mmc rescan; then echo SD/MMC found on device ${mmcdev};if run loadbootscript; then run bootscript;else if run loadbootenv; then echo Loaded env from ${bootenvfile};run importbootenv;fi;if test -n $uenvcmd; then echo Running uenvcmd ...;run uenvcmd;fi;fi;fi;
ethact=ethernet@48484000
ethaddr=5c:f8:21:14:54:c8
fdt_addr_r=0x88000000
fdtaddr=0x88000000
fdtcontroladdr=fdf101d8
fdtfile=undefined
fileaddr=88000000
filesize=1540e
findfdt=if test $board_name = omap5_uevm; then setenv fdtfile omap5-uevm.dtb; fi; if test $board_name = dra7xx; then setenv fdtfile dra7-evm.dtb; fi;if test $board_name = dra72x-revc; then setenv fdtfile dra72-evm-revc.dtb; fi;if test $board_name = dra72x; then setenv fdtfile dra72-evm.dtb; fi;if test $board_name = dra71x; then setenv fdtfile dra71-evm.dtb; fi;if test $board_name = beagle_x15; then setenv fdtfile am57xx-beagle-x15.dtb; fi;if test $board_name = beagle_x15_revb1; then setenv fdtfile am57xx-beagle-x15-revb1.dtb; fi;if test $board_name = am57xx_evm; then setenv fdtfile am57xx-evm.dtb; fi;if test $board_name = am57xx_evm_reva3; then setenv fdtfile am57xx-evm-reva3.dtb; fi;if test $board_name = am572x_idk && test $idk_lcd = no; then setenv fdtfile am572x-idk.dtb; fi;if test $board_name = am572x_idk && test $idk_lcd = osd101t2045; then setenv fdtfile am572x-idk-lcd-osd.dtb; fi;if test $board_name = am572x_idk && test $idk_lcd = osd101t2587; then setenv fdtfile am572x-idk-lcd-osd101t2587.dtb; fi;if test $board_name = am571x_idk && test $idk_lcd = no; then setenv fdtfile am571x-idk.dtb; fi;if test $board_name = am571x_idk && test $idk_lcd = osd101t2045; then setenv fdtfile am571x-idk-lcd-osd.dtb; fi;if test $board_name = am571x_idk && test $idk_lcd = osd101t2587; then setenv fdtfile am571x-idk-lcd-osd101t2587.dtb; fi;if test $fdtfile = undefined; then echo WARNING: Could not determine device tree to use; fi; 
finduuid=part uuid mmc ${bootpart} uuid
fit_bootfile=fitImage.itb
fit_loadaddr=0x88000000
gatewayip=192.168.0.1
importbootenv=echo Importing environment from mmc${mmcdev} ...; env import -t ${loadaddr} ${filesize}
ipaddr=192.168.0.127
kernel_addr_r=0x82000000
loadaddr=0x82000000
loadbootenv=fatload mmc ${mmcdev} ${loadaddr} ${bootenvfile}
loadbootscript=load mmc ${mmcdev} ${loadaddr} boot.scr
loadfdt=load ${devtype} ${bootpart} ${fdtaddr} ${bootdir}/${fdtfile}
loadfit=run args_fit; bootm ${loadaddr}#${fdtfile};
loadimage=load ${devtype} ${bootpart} ${loadaddr} ${bootdir}/${bootfile}
mmcboot=mmc dev ${mmcdev}; setenv devnum ${mmcdev}; setenv devtype mmc; if mmc rescan; then echo SD/MMC found on device ${mmcdev};if run loadimage; then if test ${boot_fit} -eq 1; then run loadfit; else run mmcloados;fi;fi;fi;
mmcdev=0
mmcloados=run args_mmc; if test ${boot_fdt} = yes || test ${boot_fdt} = try; then if run loadfdt; then bootz ${loadaddr} - ${fdtaddr}; else if test ${boot_fdt} = try; then bootz; else echo WARN: Cannot load the DT; fi; fi; else bootz; fi;
mmcrootfstype=ext4 rootwait
netargs=setenv bootargs console=${console} ${optargs} root=/dev/nfs nfsroot=${serverip}:${rootpath},${nfsopts} rw ip=dhcp
netboot=echo Booting from network ...; setenv autoload no; dhcp; run netloadimage; run netloadfdt; run netargs; bootz ${loadaddr} - ${fdtaddr}
netloadfdt=tftp ${fdtaddr} ${fdtfile}
netloadimage=tftp ${loadaddr} ${bootfile}
netmask=255.255.255.0
nfsopts=nolock
partitions=uuid_disk=${uuid_gpt_disk};name=rootfs,start=2MiB,size=-,uuid=${uuid_gpt_rootfs}
partitions_android=uuid_disk=${uuid_gpt_disk};name=xloader,start=128K,size=128K,uuid=${uuid_gpt_xloader};name=bootloader,size=384K,uuid=${uuid_gpt_bootloader};name=environment,size=128K,uuid=${uuid_gpt_environment};name=misc,size=128K,uuid=${uuid_gpt_misc};name=efs,start=1280K,size=16M,uuid=${uuid_gpt_efs};name=crypto,size=16K,uuid=${uuid_gpt_crypto};name=recovery,size=10M,uuid=${uuid_gpt_recovery};name=boot,size=10M,uuid=${uuid_gpt_boot};name=system,size=768M,uuid=${uuid_gpt_system};name=cache,size=256M,uuid=${uuid_gpt_cache};name=ipu1,size=1M,uuid=${uuid_gpt_ipu1};name=ipu2,size=1M,uuid=${uuid_gpt_ipu2};name=userdata,size=-,uuid=${uuid_gpt_userdata}
pxefile_addr_r=0x80100000
ramdisk_addr_r=0x88080000
rdaddr=0x88080000
rootpath=/export/rootfs
scriptaddr=0x80000000
scsidevs=1
serial#=0501101f6f3e0001
serverip=192.168.0.1
soc=omap5
static_ip=${ipaddr}:${serverip}:${gatewayip}:${netmask}:${hostname}::off
stderr=serial@4806a000
stdin=serial@4806a000
stdout=serial@4806a000
update_to_fit=setenv loadaddr ${fit_loadaddr}; setenv bootfile ${fit_bootfile}
usbtty=cdc_acm
vendor=ti
ver=U-Boot 2016.05-g72e318bdce (Dec 10 2016 - 07:13:26 -0500)
vram=16M
Environment size: 6364/131067 bytes
- 11:01:37 [INFO] Host: setenv bootcmd ''${bootcmd}' if iminfo ${loadaddr}; then bootm ${loadaddr} ${_initramfs} ${fdt_addr_r}; else bootz ${loadaddr} ${_initramfs} ${fdt_addr_r}; bootm ${loadaddr} ${_initramfs} ${fdt_addr_r}; fi'
- 11:01:37 [INFO] Target: 
setenv bootcmd ''${bootcmd}' if iminfo ${loadaddr}; then bootm ${loadaddr} ${_initramfs} ${fdt_addr_r}; else bootz ${loadaddr} ${_initramfs} ${fdt_addr_r}; bootm ${loadaddr} ${_initramfs} ${fdt_addr_r}; fi'
- 11:01:37 [INFO] Host: version
- 11:01:37 [INFO] Target: 
version
U-Boot 2016.05-g72e318bdce (Dec 10 2016 - 07:13:26 -0500)
arm-linux-gnueabihf-gcc (Linaro GCC 5.3-2016.02) 5.3.1 20160113
GNU ld (GNU Binutils) 2.25.0 Linaro 2015_10
- 11:01:37 [INFO] Host: bdinfo
- 11:01:37 [INFO] Target: 
bdinfo
arch_number = 0x00000000
boot_params = 0x80000100
DRAM bank   = 0x00000000
-> start    = 0x80000000
-> size     = 0x7F000000
DRAM bank   = 0x00000001
-> start    = 0x00000000
-> size     = 0x00000000
baudrate    = 115200 bps
TLB addr    = 0xFEFF0000
relocaddr   = 0xFEF44000
reloc off   = 0x7E744000
irq_sp      = 0xFDF101C0
sp start    = 0xFDF101B0
- 11:01:37 [INFO] Host: mmc rescan; echo $?
- 11:01:37 [INFO] Target: 
mmc rescan; echo $?
- 11:01:37 [INFO] Host: fatwrite mmc ${mmcdev}:1 ${loadaddr} ws-calibrate.rules 4
- 11:01:37 [INFO] Target: 
fatwrite mmc ${mmcdev}:1 ${loadaddr} ws-calibrate.rules 4
writing ws-calibrate.rules
4 bytes written
- 11:01:37 [INFO] Host: boot
- 11:05:07 [ERROR] On command: boot waiting for boot.+?(?-mix:login:) >>> error: execution expired
- 11:05:07 [INFO] Target: 
boot
## Checking Image at 82000000 ...
Unknown image format!
Kernel image @ 0x82000000 [ 0x000000 - 0x6daad8 ]
## Flattened Device Tree blob at 88000000
   Booting using the fdt blob at 0x88000000
   Loading Device Tree to 8ffe7000, end 8ffff40d ... OK
Starting kernel ...
[    0.000000] Booting Linux on physical CPU 0x0
[    0.000000] Linux version 4.9.0-next-20161212-00002-g3a7a642d2f13 (nmenon@horus) (gcc version 4.9.3 20150413 (prerelease) (Linaro GCC 4.9-2015.05) ) #3 SMP Mon Dec 12 09:55:43 CST 2016
[    0.000000] CPU: ARMv7 Processor [412fc0f2] revision 2 (ARMv7), cr=30c5387d
[    0.000000] CPU: div instructions available: patching division code
[    0.000000] CPU: PIPT / VIPT nonaliasing data cache, PIPT instruction cache
[    0.000000] OF: fdt:Machine model: TI DRA722
[    0.000000] efi: Getting EFI parameters from FDT:
[    0.000000] efi: UEFI not found.
[    0.000000] cma: Reserved 64 MiB at 0x00000000fa800000
[    0.000000] Memory policy: Data cache writealloc
[    0.000000] OMAP4: Map 0x00000000fed00000 to fe600000 for dram barrier
[    0.000000] DRA722 ES2.0
[    0.000000] percpu: Embedded 14 pages/cpu @eefbc000 s26048 r8192 d23104 u57344
[    0.000000] Built 1 zonelists in Zone order, mobility grouping on.  Total pages: 517888
[    0.000000] Kernel command line: console=ttyO0,115200n8 earlyprintk=serial,ttyO0,115200n8 rootwait  ip=:::::eth0:dhcp  root=PARTUUID=00000000-02 rw rootfstype=ext4 rootwait 
[    0.000000] PID hash table entries: 4096 (order: 2, 16384 bytes)
[    0.000000] Dentry cache hash table entries: 131072 (order: 7, 524288 bytes)
[    0.000000] Inode-cache hash table entries: 65536 (order: 6, 262144 bytes)
[    0.000000] Memory: 1974536K/2077696K available (10240K kernel code, 1136K rwdata, 3940K rodata, 2048K init, 507K bss, 37624K reserved, 65536K cma-reserved, 1225728K highmem)
[    0.000000] Virtual kernel memory layout:
[    0.000000]     vector  : 0xffff0000 - 0xffff1000   (   4 kB)
[    0.000000]     fixmap  : 0xffc00000 - 0xfff00000   (3072 kB)
[    0.000000]     vmalloc : 0xf0800000 - 0xff800000   ( 240 MB)
[    0.000000]     lowmem  : 0xc0000000 - 0xf0000000   ( 768 MB)
[    0.000000]     pkmap   : 0xbfe00000 - 0xc0000000   (   2 MB)
[    0.000000]     modules : 0xbf000000 - 0xbfe00000   (  14 MB)
[    0.000000]       .text : 0xc0208000 - 0xc0e00000   (12256 kB)
[    0.000000]       .init : 0xc1400000 - 0xc1600000   (2048 kB)
[    0.000000]       .data : 0xc1600000 - 0xc171c040   (1137 kB)
[    0.000000]        .bss : 0xc171e000 - 0xc179ce30   ( 508 kB)
[    0.000000] SLUB: HWalign=64, Order=0-3, MinObjects=0, CPUs=1, Nodes=1
[    0.000000] Hierarchical RCU implementation.
[    0.000000] 	Build-time adjustment of leaf fanout to 32.
[    0.000000] 	RCU restricting CPUs from NR_CPUS=16 to nr_cpu_ids=1.
[    0.000000] RCU: Adjusting geometry for rcu_fanout_leaf=32, nr_cpu_ids=1
[    0.000000] NR_IRQS:16 nr_irqs:16 16
[    0.000000] OMAP clockevent source: timer1 at 32786 Hz
[    0.000000] arm_arch_timer: Architected cp15 timer(s) running at 6.14MHz (phys).
[    0.000000] clocksource: arch_sys_counter: mask: 0xffffffffffffff max_cycles: 0x16af5adb9, max_idle_ns: 440795202250 ns
[    0.000004] sched_clock: 56 bits at 6MHz, resolution 162ns, wraps every 4398046511023ns
[    0.000014] Switching to timer-based delay loop, resolution 162ns
[    0.003183] clocksource: 32k_counter: mask: 0xffffffff max_cycles: 0xffffffff, max_idle_ns: 58327039986419 ns
[    0.003189] OMAP clocksource: 32k_counter at 32768 Hz
[    0.006180] Console: colour dummy device 80x30
[    0.006203] Calibrating delay loop (skipped), value calculated using timer frequency.. 12.29 BogoMIPS (lpj=61475)
[    0.006214] pid_max: default: 32768 minimum: 301
[    0.006283] Mount-cache hash table entries: 2048 (order: 1, 8192 bytes)
[    0.006291] Mountpoint-cache hash table entries: 2048 (order: 1, 8192 bytes)
[    0.006683] CPU: Testing write buffer coherency: ok
[    0.006847] /cpus/cpu@0 missing clock-frequency property
[    0.006859] CPU0: thread -1, cpu 0, socket 0, mpidr 80000000
[    0.007009] Setting up static identity map for 0x80400000 - 0x80400170
[    0.011693] EFI services will not be available.
[    0.011819] smp: Bringing up secondary CPUs ...
[    0.011827] smp: Brought up 1 node, 1 CPU
[    0.011833] SMP: Total of 1 processors activated (12.29 BogoMIPS).
[    0.011839] CPU: All CPU(s) started in HYP mode.
[    0.011843] CPU: Virtualization extensions available.
[    0.012117] devtmpfs: initialized
[    0.030442] VFP support v0.3: implementor 41 architecture 4 part 30 variant f rev 0
[    0.030908] clocksource: jiffies: mask: 0xffffffff max_cycles: 0xffffffff, max_idle_ns: 19112604462750000 ns
[    0.031955] pinctrl core: initialized pinctrl subsystem
[    0.033528] NET: Registered protocol family 16
[    0.034979] DMA: preallocated 256 KiB pool for atomic coherent allocations
[    0.036124] omap_hwmod: l3_main_2 using broken dt data from ocp
[    0.186656] cpuidle: using governor menu
[    0.195327] OMAP GPIO hardware version 0.1
[    0.206142] irq: no irq domain found for /ocp/l4@4a000000/scm@2000/pinmux@1400 !
[    0.217411] omap-gpmc 50000000.gpmc: GPMC revision 6.0
[    0.217423] gpmc_mem_init: disabling cs 0 mapped at 0x0-0x1000000
[    0.224921] No ATAGs?
[    0.224962] hw-breakpoint: found 5 (+1 reserved) breakpoint and 4 watchpoint registers.
[    0.224969] hw-breakpoint: maximum watchpoint size is 8 bytes.
[    0.226011] omap4_sram_init:Unable to allocate sram needed to handle errata I688
[    0.226018] omap4_sram_init:Unable to get sram pool needed to handle errata I688
[    0.226260] OMAP DMA hardware revision 0.0
[    0.231257] Serial: AMBA PL011 UART driver
[    0.251019] omap-dma-engine 4a056000.dma-controller: OMAP DMA engine driver (LinkedList1/2/3 supported)
[    0.252768] edma 43300000.edma: memcpy is disabled
[    0.256547] edma 43300000.edma: TI EDMA DMA engine driver
[    0.257302] evm_5v0: supplied by evm_12v0
[    0.257510] vsys_3v3: supplied by evm_12v0
[    0.257725] evm_3v3: supplied by vsys_3v3
[    0.257936] aic_dvdd: supplied by evm_3v3
[    0.261370] vgaarb: loaded
[    0.262044] SCSI subsystem initialized
[    0.262346] usbcore: registered new interface driver usbfs
[    0.262386] usbcore: registered new interface driver hub
[    0.262420] usbcore: registered new device driver usb
[    0.291444] pcf857x 0-0021: probed
[    0.291796] palmas 0-0058: Irq flag is 0x00000000
[    0.294100] palmas 0-0058: Muxing GPIO 1d, PWM 0, LED 0
[    0.295474] SMPS1: supplied by vsys_3v3
[    0.296891] SMPS2: supplied by vsys_3v3
[    0.298310] SMPS3: supplied by vsys_3v3
[    0.299712] SMPS4: supplied by vsys_3v3
[    0.300967] SMPS5: supplied by vsys_3v3
[    0.301717] LDO1: supplied by vsys_3v3
[    0.311403] random: fast init done
[    0.311527] LDO2: supplied by vsys_3v3
[    0.312525] LDO3: supplied by vsys_3v3
[    0.321253] LDO4: supplied by evm_5v0
[    0.331265] LDO5: supplied by vsys_3v3
[    0.341992] omap_i2c 48070000.i2c: bus 0 rev0.12 at 400 kHz
[    0.371002] GPIO line 991 (vin6_sel_s0) hogged as output/low
[    0.371126] pcf857x 4-0026: probed
[    0.371152] omap_i2c 4807c000.i2c: bus 4 rev0.12 at 400 kHz
[    0.372119] pps_core: LinuxPPS API ver. 1 registered
[    0.372126] pps_core: Software ver. 5.3.6 - Copyright 2005-2007 Rodolfo Giometti <giometti@linux.it>
[    0.372142] PTP clock support registered
[    0.372325] EDAC MC: Ver: 3.0.0
[    0.374314] clocksource: Switched to clocksource arch_sys_counter
[    0.381511] NET: Registered protocol family 2
[    0.381870] TCP established hash table entries: 8192 (order: 3, 32768 bytes)
[    0.381930] TCP bind hash table entries: 8192 (order: 4, 65536 bytes)
[    0.382054] TCP: Hash tables configured (established 8192 bind 8192)
[    0.382099] UDP hash table entries: 512 (order: 2, 16384 bytes)
[    0.382128] UDP-Lite hash table entries: 512 (order: 2, 16384 bytes)
[    0.382235] NET: Registered protocol family 1
[    0.382454] RPC: Registered named UNIX socket transport module.
[    0.382460] RPC: Registered udp transport module.
[    0.382465] RPC: Registered tcp transport module.
[    0.382470] RPC: Registered tcp NFSv4.1 backchannel transport module.
[    0.383276] hw perfevents: enabled with armv7_cortex_a15 PMU driver, 7 counters available
[    0.384796] futex hash table entries: 256 (order: 2, 16384 bytes)
[    0.385352] workingset: timestamp_bits=30 max_order=19 bucket_order=0
[    0.392229] squashfs: version 4.0 (2009/01/31) Phillip Lougher
[    0.392761] NFS: Registering the id_resolver key type
[    0.392781] Key type id_resolver registered
[    0.392787] Key type id_legacy registered
[    0.392817] ntfs: driver 2.1.32 [Flags: R/O].
[    0.393845] bounce: pool size: 64 pages
[    0.393984] Block layer SCSI generic (bsg) driver version 0.4 loaded (major 248)
[    0.393992] io scheduler noop registered
[    0.393998] io scheduler deadline registered
[    0.394128] io scheduler cfq registered (default)
[    0.402917] pinctrl-single 4a003400.pinmux: 282 pins at pa fc003400 size 1128
[    0.462849] Serial: 8250/16550 driver, 4 ports, IRQ sharing disabled
[    0.465374] SuperH (H)SCI(F) driver initialized
[    0.466413] msm_serial: driver initialized
[    0.466782] 4806a000.serial: ttyO0 at MMIO 0x4806a000 (irq = 301, base_baud = 3000000) is a OMAP UART0
[    1.302918] console [ttyO0] enabled
[    1.306893] STMicroelectronics ASC driver initialized
[    1.314226] omap_rng 48090000.rng: Random Number Generator ver. 20
[    1.322360] [drm] Initialized
[    1.337681] brd: module loaded
[    1.344669] loop: module loaded
[    1.349814] ahci 4a140000.sata: SSS flag set, parallel bus scan disabled
[    1.356881] ahci 4a140000.sata: AHCI 0001.0300 32 slots 1 ports 3 Gbps 0x1 impl platform mode
[    1.365811] ahci 4a140000.sata: flags: 64bit ncq sntf stag pm led clo only pmp pio slum part ccc apst 
[    1.376271] scsi host0: ahci
[    1.379494] ata1: SATA max UDMA/133 mmio [mem 0x4a140000-0x4a1410ff] port 0x100 irq 332
[    1.394959] libphy: Fixed MDIO Bus: probed
[    1.399982] CAN device driver interface
[    1.404931] bgmac_bcma: Broadcom 47xx GBit MAC driver loaded
[    1.412187] e1000e: Intel(R) PRO/1000 Network Driver - 3.2.6-k
[    1.418300] e1000e: Copyright(c) 1999 - 2015 Intel Corporation.
[    1.424537] igb: Intel(R) Gigabit Ethernet Network Driver - version 5.4.0-k
[    1.431818] igb: Copyright (c) 2007-2014 Intel Corporation.
[    1.494341] davinci_mdio 48485000.mdio: davinci mdio revision 1.6
[    1.500704] davinci_mdio 48485000.mdio: no live phy, scanning all
[    1.508433] davinci_mdio: probe of 48485000.mdio failed with error -5
[    1.516162] cpsw 48484000.ethernet: Detected MACID = 5c:f8:21:14:54:c8
[    1.524327] pegasus: v0.9.3 (2013/04/25), Pegasus/Pegasus II USB Ethernet driver
[    1.532113] usbcore: registered new interface driver pegasus
[    1.538075] usbcore: registered new interface driver asix
[    1.543740] usbcore: registered new interface driver ax88179_178a
[    1.550148] usbcore: registered new interface driver cdc_ether
[    1.556296] usbcore: registered new interface driver smsc75xx
[    1.562337] usbcore: registered new interface driver smsc95xx
[    1.568376] usbcore: registered new interface driver net1080
[    1.574335] usbcore: registered new interface driver cdc_subset
[    1.580544] usbcore: registered new interface driver zaurus
[    1.586417] usbcore: registered new interface driver cdc_ncm
[    1.594828] ehci_hcd: USB 2.0 'Enhanced' Host Controller (EHCI) Driver
[    1.601651] ehci-pci: EHCI PCI platform driver
[    1.606337] ehci-platform: EHCI generic platform driver
[    1.612010] ehci-orion: EHCI orion driver
[    1.616360] SPEAr-ehci: EHCI SPEAr driver
[    1.620695] ehci-st: EHCI STMicroelectronics driver
[    1.625947] ehci-exynos: EHCI EXYNOS driver
[    1.630484] ehci-atmel: EHCI Atmel driver
[    1.634823] tegra-ehci: Tegra EHCI driver
[    1.639182] ohci_hcd: USB 1.1 'Open' Host Controller (OHCI) Driver
[    1.645666] ohci-pci: OHCI PCI platform driver
[    1.650337] ohci-platform: OHCI generic platform driver
[    1.655990] ohci-omap3: OHCI OMAP3 driver
[    1.660324] SPEAr-ohci: OHCI SPEAr driver
[    1.664674] ohci-st: OHCI STMicroelectronics driver
[    1.669917] ohci-atmel: OHCI Atmel driver
[    1.674872] usbcore: registered new interface driver usb-storage
[    1.682679] mousedev: PS/2 mouse device common for all mice
[    1.691648] i2c /dev entries driver
[    1.708916] sdhci: Secure Digital Host Controller Interface driver
[    1.715415] sdhci: Copyright(c) Pierre Ossman
[    1.720965] omap_hsmmc 4809c000.mmc: Got CD GPIO
[    1.785114] Synopsys Designware Multimedia Card Interface Driver
[    1.792371] sdhci-pltfm: SDHCI platform and OF driver helper
[    1.800417] ledtrig-cpu: registered to indicate activity on CPUs
[    1.806988] usbcore: registered new interface driver usbhid
[    1.812799] usbhid: USB HID core driver
[    1.819858] NET: Registered protocol family 10
[    1.825077] Segment Routing with IPv6
[    1.828964] sit: IPv6, IPv4 and MPLS over IPv4 tunneling driver
[    1.835539] NET: Registered protocol family 17
[    1.840177] can: controller area network core (rev 20120528 abi 9)
[    1.846672] NET: Registered protocol family 29
[    1.851308] can: raw protocol (rev 20120528)
[    1.855767] can: broadcast manager protocol (rev 20161123 t)
[    1.861673] can: netlink gateway (rev 20130117) max_hops=1
[    1.867662] Key type dns_resolver registered
[    1.872246] omap_voltage_late_init: Voltage driver support not added
[    1.878954] Power Management for TI OMAP4+ devices.
[    1.884230] ThumbEE CPU extension supported.
[    1.888720] Registering SWP/SWPB emulation handler
[    1.905600] evm_3v3_sd: supplied by evm_3v3
[    1.913493] omap_hsmmc 4809c000.mmc: Got CD GPIO
[    1.961431] mmc0: new high speed MMC card at address 0001
[    1.967402] mmcblk0: mmc0:0001 MMC08G 7.25 GiB 
[    1.972270] mmcblk0boot0: mmc0:0001 MMC08G partition 1 8.00 MiB
[    1.982344] hctosys: unable to open rtc device (rtc0)
[    1.988406] net eth0: initializing cpsw version 1.15 (0)
[    1.995917] libphy: PHY 48485000.mdio:03 not found
[    2.000938] net eth0: phy "48485000.mdio:03" not found on slave 0, err -19
[    2.014278] IPv6: ADDRCONF(NETDEV_UP): eth0: link is not ready
[    2.022492] mmcblk0boot1: mmc0:0001 MMC08G partition 2 8.00 MiB
[    2.029414]  mmcblk0: p1 p2 p3
[    2.054339] ata1: SATA link up 3.0 Gbps (SStatus 123 SControl 300)
[    2.061673] ata1.00: ATA-8: ST1000DM003-1SB10C, CC43, max UDMA/133
[    2.068181] ata1.00: 1953525168 sectors, multi 0: LBA48 NCQ (depth 31/32)
[    2.089654] ata1.00: configured for UDMA/133
[    2.094379] scsi 0:0:0:0: Direct-Access     ATA      ST1000DM003-1SB1 CC43 PQ: 0 ANSI: 5
[    2.104377] sd 0:0:0:0: [sda] 1953525168 512-byte logical blocks: (1.00 TB/932 GiB)
[    2.112409] sd 0:0:0:0: [sda] 4096-byte physical blocks
[    2.119310] sd 0:0:0:0: [sda] Write Protect is off
[    2.124450] sd 0:0:0:0: [sda] Write cache: enabled, read cache: enabled, doesn't support DPO or FUA
[    2.139065]  sda: sda1 sda2 sda3
[    2.143282] sd 0:0:0:0: [sda] Attached SCSI disk
[   12.034322] Waiting up to 110 more seconds for network.
[   22.054320] Waiting up to 100 more seconds for network.
[   32.074330] Waiting up to 90 more seconds for network.
[   42.094319] Waiting up to 80 more seconds for network.
[   52.114321] Waiting up to 70 more seconds for network.
[   62.134329] Waiting up to 60 more seconds for network.
[   72.154320] Waiting up to 50 more seconds for network.
[   82.174320] Waiting up to 40 more seconds for network.
[   92.194320] Waiting up to 30 more seconds for network.
[  102.214320] Waiting up to 20 more seconds for network.
[  112.234320] Waiting up to 10 more seconds for network.
[  122.044325] Sending DHCP requests ...... timed out!
[  196.408985] IP-Config: Reopening network devices...
[  196.414109] net eth0: initializing cpsw version 1.15 (0)
[  196.421682] libphy: PHY 48485000.mdio:03 not found
[  196.426713] net eth0: phy "48485000.mdio:03" not found on slave 0, err -19
[  196.438279] IPv6: ADDRCONF(NETDEV_UP): eth0: link is not ready
[  206.464320] Waiting up to 110 more seconds for network.
- 11:05:07 [INFO] Host: root
- 11:05:47 [ERROR] On command: root waiting for (?-mix:root@.+[@:#]+) >>> error: execution expired
- 11:05:47 [INFO] Target: 
[  216.484320] Waiting up to 100 more seconds for network.
[  226.504320] Waiting up to 90 more seconds for network.
[  236.524320] Waiting up to 80 more seconds for network.
[  246.544320] Waiting up to 70 more seconds for network.
- 11:05:47 [INFO] Host: root
- 11:06:27 [ERROR] On command: root waiting for (?-mix:root@.+[@:#]+) >>> error: execution expired
- 11:06:27 [INFO] Target: 
[  256.564329] Waiting up to 60 more seconds for network.
[  266.584320] Waiting up to 50 more seconds for network.
[  276.604319] Waiting up to 40 more seconds for network.
[  286.624320] Waiting up to 30 more seconds for network.
- 11:06:27 [INFO] Host: root
- 11:07:07 [ERROR] On command: root waiting for (?-mix:root@.+[@:#]+) >>> error: execution expired
- 11:07:07 [INFO] Target: 
[  296.644320] Waiting up to 20 more seconds for network.
[  306.664320] Waiting up to 10 more seconds for network.
[  316.474330] Sending DHCP requests ...
- 11:07:07 [INFO] Boot attempt 1/1 failed
- 11:07:07 [INFO] Collecting kernel traces via sysrq...
- 11:07:17 [INFO] .
- 11:07:28 [INFO] .
- 11:07:38 [INFO] 
- 11:07:38 [INFO] Disconnected serial from dra72x-evm
URL:gtsystest.telogy.design.ti.com/vatf/tigtfarm04/tigtfarm04_vatf@dra72x-evm/tigtfarm0412_12_2016_11_01_14/files/session_iteration_1/test_1
