- 07:29:33 [INFO] Starting target session
- 07:29:33 [INFO] Connected to dra72x-evm via serial 
- 07:29:33 [INFO] Host: #check prompt
- 07:29:35 [ERROR] On command: #check prompt waiting for #check prompt.+?(?-mix:((?-mix:login:)|[Pp]assword)) >>> error: execution expired
- 07:29:35 [INFO] Target: 
#check prompt
root@dra7xx-evm:/test# 
- 07:29:35 [INFO] Host: #check prompt
- 07:29:35 [INFO] Target: 
#check prompt
root@dra7xx-evm:/test# 
- 07:29:35 [INFO] Host: sync;poweroff
- 07:31:35 [ERROR] On command: sync;poweroff waiting for sync;poweroff.+?(?i-mx:System halted|System will go to power_off) >>> error: execution expired
- 07:31:35 [INFO] Target: 
sync;poweroff
INIT: Swit
INIT: Sending processes the TERM signal
Broadcast message from root@dra7xx-evm (ttyO0) (Sat Aug 30 01:31:44 2014):
The system is going down for system halt NOW!
root@dra7xx-evm:/test# 
INIT: SeStopping syslogd/klogd: stopped syslogd (pid 1247)
stopped klogd (pid 1251)
done
Deconfiguring network interfaces... ifdown: interface eth0 not configured
done.
Sending all processes the TERM signal...
Sending all processes the KILL signal...
Unmounting remote filesystems...
Deactivating swap...
Unmounting local filesystems...
[ 1360.778127] reboot: Power down
- 07:31:35 [INFO] Disconnected serial from dra72x-evm
- 07:31:56 [INFO] Connected to dra72x-evm via serial 
- 07:31:56 [INFO] Host: 
- 07:31:57 [INFO] Target: 
SATA link 0 timeout.
AHCI 0001.0300 32 slots 1 ports 3 Gbps 0x1 impl SATA mode
flags: 64bit ncq stag pm led clo only pmp pio slum part ccc apst 
scanning bus for devices...
Found 0 device(s).
SCSI:  Net:   <ethaddr> not set. Validating first E-fuse MAC
cpsw
Hit any key to stop autoboot:  1  0 
U-Boot# 
- 07:31:57 [INFO] Host: 
- 07:31:57 [INFO] Target: 
U-Boot# 
- 07:31:57 [INFO] Host: version
- 07:31:58 [INFO] Target: 
version
U-Boot 2014.07-00071-gaca0808 (Oct 02 2014 - 11:23:33)
arm-linux-gnueabihf-gcc (crosstool-NG linaro-1.13.1-4.7-2013.03-20130313 - Linaro GCC 2013.03) 4.7.3 20130226 (prerelease)
GNU ld (crosstool-NG linaro-1.13.1-4.7-2013.03-20130313 - Linaro GCC 2013.03) 2.23.1
U-Boot# 
- 07:31:58 [INFO] Host: setenv bootargs 'console=ttyO0,115200n8 earlyprintk rootwait '
- 07:31:58 [INFO] Target: 
setenv bootargs 'console=ttyO0,115200n8 earlyprintk rootwait '
U-Boot# 
- 07:31:58 [INFO] Host: setenv bootcmd  ''
- 07:31:59 [INFO] Target: 
setenv bootcmd  ''
U-Boot# 
- 07:31:59 [INFO] Host: setenv autoload 'no'
- 07:32:00 [INFO] Target: 
setenv autoload 'no'
U-Boot# 
- 07:32:00 [INFO] Host: setenv serverip '192.168.0.1'
- 07:32:00 [INFO] Target: 
setenv serverip '192.168.0.1'
U-Boot# 
- 07:32:00 [INFO] Host: printenv
- 07:32:01 [INFO] Target: 
printenv
arch=arm
autoload=no
baudrate=115200
board=dra7xx
board_name=dra72x
bootargs=console=ttyO0,115200n8 earlyprintk rootwait 
bootcmd=
bootdelay=1
bootdir=/boot
bootfile=zImage
bootm_size=0x10000000
bootpart=0:2
bootscript=echo Running bootscript from mmc${mmcdev} ...; source ${loadaddr}
console=ttyO0,115200n8
cpu=armv7
eth1addr=b4:99:4c:1b:f6:af
ethact=cpsw
ethaddr=b4:99:4c:1b:f6:ae
fdt_addr_r=0x88000000
fdtaddr=0x88000000
fdtfile=undefined
findfdt=if test $board_name = omap5_uevm; then setenv fdtfile omap5-uevm.dtb; fi; if test $board_name = dra7xx; then setenv fdtfile dra7-evm.dtb; fi;if test $board_name = dra72x; then setenv fdtfile dra72-evm.dtb; fi;if test $fdtfile = undefined; then echo WARNING: Could not determine device tree to use; fi; 
importbootenv=echo Importing environment from mmc${mmcdev} ...; env import -t ${loadaddr} ${filesize}
kernel_addr_r=0x82000000
loadaddr=0x82000000
loadbootenv=fatload mmc ${mmcdev} ${loadaddr} uEnv.txt
loadbootscript=fatload mmc ${mmcdev} ${loadaddr} boot.scr
loadfdt=load mmc ${bootpart} ${fdtaddr} ${bootdir}/${fdtfile};
loadimage=load mmc ${bootpart} ${loadaddr} ${bootdir}/${bootfile}
mmcargs=setenv bootargs console=${console} ${optargs} vram=${vram} root=${mmcroot} rootfstype=${mmcrootfstype}
mmcboot=mmc dev ${mmcdev}; if mmc rescan; then echo SD/MMC found on device ${mmcdev};if run loadbootenv; then echo Loaded environment from ${bootenv};run importbootenv;fi;if test -n $uenvcmd; then echo Running uenvcmd ...;run uenvcmd;fi;if run loadimage; then run loadfdt; echo Booting from mmc${mmcdev} ...; run mmcargs; bootz ${loadaddr} - ${fdtaddr}; fi;fi;
mmcdev=0
mmcroot=/dev/mmcblk1p2 rw
mmcrootfstype=ext4 rootwait
partitions=uuid_disk=${uuid_gpt_disk};name=rootfs,start=2MiB,size=-,uuid=${uuid_gpt_rootfs}
ramdisk_addr_r=0x88080000
rdaddr=0x88080000
scsidevs=0
serverip=192.168.0.1
soc=omap5
stderr=serial
stdin=serial
stdout=serial
usbtty=cdc_acm
vendor=ti
ver=U-Boot 2014.07-00071-gaca0808 (Oct 02 2014 - 11:23:33)
vram=16M
Environment size: 2084/131067 bytes
U-Boot# 
- 07:32:01 [INFO] Host: printenv
- 07:32:01 [INFO] Target: 
printenv
arch=arm
autoload=no
baudrate=115200
board=dra7xx
board_name=dra72x
bootargs=console=ttyO0,115200n8 earlyprintk rootwait 
bootcmd=
bootdelay=1
bootdir=/boot
bootfile=zImage
bootm_size=0x10000000
bootpart=0:2
bootscript=echo Running bootscript from mmc${mmcdev} ...; source ${loadaddr}
console=ttyO0,115200n8
cpu=armv7
eth1addr=b4:99:4c:1b:f6:af
ethact=cpsw
ethaddr=b4:99:4c:1b:f6:ae
fdt_addr_r=0x88000000
fdtaddr=0x88000000
fdtfile=undefined
findfdt=if test $board_name = omap5_uevm; then setenv fdtfile omap5-uevm.dtb; fi; if test $board_name = dra7xx; then setenv fdtfile dra7-evm.dtb; fi;if test $board_name = dra72x; then setenv fdtfile dra72-evm.dtb; fi;if test $fdtfile = undefined; then echo WARNING: Could not determine device tree to use; fi; 
importbootenv=echo Importing environment from mmc${mmcdev} ...; env import -t ${loadaddr} ${filesize}
kernel_addr_r=0x82000000
loadaddr=0x82000000
loadbootenv=fatload mmc ${mmcdev} ${loadaddr} uEnv.txt
loadbootscript=fatload mmc ${mmcdev} ${loadaddr} boot.scr
loadfdt=load mmc ${bootpart} ${fdtaddr} ${bootdir}/${fdtfile};
loadimage=load mmc ${bootpart} ${loadaddr} ${bootdir}/${bootfile}
mmcargs=setenv bootargs console=${console} ${optargs} vram=${vram} root=${mmcroot} rootfstype=${mmcrootfstype}
mmcboot=mmc dev ${mmcdev}; if mmc rescan; then echo SD/MMC found on device ${mmcdev};if run loadbootenv; then echo Loaded environment from ${bootenv};run importbootenv;fi;if test -n $uenvcmd; then echo Running uenvcmd ...;run uenvcmd;fi;if run loadimage; then run loadfdt; echo Booting from mmc${mmcdev} ...; run mmcargs; bootz ${loadaddr} - ${fdtaddr}; fi;fi;
mmcdev=0
mmcroot=/dev/mmcblk1p2 rw
mmcrootfstype=ext4 rootwait
partitions=uuid_disk=${uuid_gpt_disk};name=rootfs,start=2MiB,size=-,uuid=${uuid_gpt_rootfs}
ramdisk_addr_r=0x88080000
rdaddr=0x88080000
scsidevs=0
serverip=192.168.0.1
soc=omap5
stderr=serial
stdin=serial
stdout=serial
usbtty=cdc_acm
vendor=ti
ver=U-Boot 2014.07-00071-gaca0808 (Oct 02 2014 - 11:23:33)
vram=16M
Environment size: 2084/131067 bytes
U-Boot# 
- 07:32:01 [INFO] Host: setenv bootargs ''${bootargs}' ip=dhcp '
- 07:32:02 [INFO] Target: 
setenv bootargs ''${bootargs}' ip=dhcp '
U-Boot# 
- 07:32:02 [INFO] Host: setenv serverip '192.168.0.1'
- 07:32:02 [INFO] Target: 
setenv serverip '192.168.0.1'
U-Boot# 
- 07:32:02 [INFO] Host: setenv ipaddr dhcp
- 07:32:03 [INFO] Target: 
setenv ipaddr dhcp
U-Boot# 
- 07:32:03 [INFO] Host: setenv autoload 'no'
- 07:32:03 [INFO] Target: 
setenv autoload 'no'
U-Boot# 
- 07:32:03 [INFO] Host: dhcp
- 07:32:10 [INFO] Target: 
dhcp
link up on port 1, speed 1000, full duplex
BOOTP broadcast 1
BOOTP broadcast 2
DHCP client bound to address 192.168.0.210
U-Boot# 
- 07:32:10 [INFO] Host: setenv serverip '192.168.0.1'
- 07:32:11 [INFO] Target: 
setenv serverip '192.168.0.1'
U-Boot# 
- 07:32:11 [INFO] Host: tftp ${loadaddr} 192.168.0.1:vatf_j6eco-evm2/06bc87d28f57fbad705b203823b6ee4f
- 07:32:11 [INFO] Target: 
tftp ${loadaddr} 192.168.0.1:vatf_j6eco-evm2/06bc87d28f57fbad705b203823b6ee4f
link up on port 1, speed 1000, full duplex
Using cpsw device
TFTP from server 192.168.0.1; our IP address is 192.168.0.210
Filename 'vatf_j6eco-evm2/06bc87d28f57fbad705b203823b6ee4f'.
Load address: 0x82000000
Loading: *#################################################################
	 #################################################################
	 #################################################################
	 #################################################################
	 #################################################################
	 ####################################
	 11.2 MiB/s
done
Bytes transferred = 5289832 (50b768 hex)
U-Boot# 
- 07:32:11 [INFO] Host: tftp ${fdt_addr_r} 192.168.0.1:vatf_j6eco-evm2/d60d57d757bbb94bd619554e4537b4b3
- 07:32:12 [INFO] Target: 
tftp ${fdt_addr_r} 192.168.0.1:vatf_j6eco-evm2/d60d57d757bbb94bd619554e4537b4b3
link up on port 1, speed 1000, full duplex
Using cpsw device
TFTP from server 192.168.0.1; our IP address is 192.168.0.210
Filename 'vatf_j6eco-evm2/d60d57d757bbb94bd619554e4537b4b3'.
Load address: 0x88000000
Loading: *#####
	 8.3 MiB/s
done
Bytes transferred = 61103 (eeaf hex)
U-Boot# 
- 07:32:12 [INFO] Host: ls mmc 0:1
- 07:32:12 [INFO] Target: 
ls mmc 0:1
    73624   mlo 
     1164   readme 
   433092   u-boot.img 
      574   uenv.txt 
4 file(s), 0 dir(s)
U-Boot# 
- 07:32:12 [INFO] Host: ls mmc 0:2
- 07:32:13 [INFO] Target: 
ls mmc 0:2
<DIR>       4096 .
<DIR>       4096 ..
<DIR>       4096 bin
<DIR>       4096 boot
<DIR>       4096 dev
<DIR>       4096 etc
<DIR>       4096 home
<DIR>       4096 lib
<DIR>       4096 media
<DIR>       4096 mnt
<DIR>       4096 opt
<DIR>       4096 proc
<DIR>       4096 run
<DIR>       4096 sbin
<DIR>       4096 srv
<DIR>       4096 sys
<SYM>          8 tmp
<DIR>       4096 usr
<DIR>       4096 var
<DIR>       4096 www
<DIR>       4096 test
U-Boot# 
- 07:32:13 [INFO] Host: part uuid mmc 0:2
- 07:32:13 [INFO] Target: 
part uuid mmc 0:2
00000000-02
U-Boot# 
- 07:32:13 [INFO] Host: printenv
- 07:32:14 [INFO] Target: 
printenv
arch=arm
autoload=no
baudrate=115200
board=dra7xx
board_name=dra72x
bootargs=console=ttyO0,115200n8 earlyprintk rootwait  ip=dhcp 
bootcmd=
bootdelay=1
bootdir=/boot
bootfile=zImage
bootm_size=0x10000000
bootpart=0:2
bootscript=echo Running bootscript from mmc${mmcdev} ...; source ${loadaddr}
console=ttyO0,115200n8
cpu=armv7
dnsip=192.0.2.2
dnsip2=192.0.2.3
eth1addr=b4:99:4c:1b:f6:af
ethact=cpsw
ethaddr=b4:99:4c:1b:f6:ae
fdt_addr_r=0x88000000
fdtaddr=0x88000000
fdtfile=undefined
fileaddr=88000000
filesize=eeaf
findfdt=if test $board_name = omap5_uevm; then setenv fdtfile omap5-uevm.dtb; fi; if test $board_name = dra7xx; then setenv fdtfile dra7-evm.dtb; fi;if test $board_name = dra72x; then setenv fdtfile dra72-evm.dtb; fi;if test $fdtfile = undefined; then echo WARNING: Could not determine device tree to use; fi; 
gatewayip=192.168.0.1
importbootenv=echo Importing environment from mmc${mmcdev} ...; env import -t ${loadaddr} ${filesize}
ipaddr=192.168.0.210
kernel_addr_r=0x82000000
loadaddr=0x82000000
loadbootenv=fatload mmc ${mmcdev} ${loadaddr} uEnv.txt
loadbootscript=fatload mmc ${mmcdev} ${loadaddr} boot.scr
loadfdt=load mmc ${bootpart} ${fdtaddr} ${bootdir}/${fdtfile};
loadimage=load mmc ${bootpart} ${loadaddr} ${bootdir}/${bootfile}
mmcargs=setenv bootargs console=${console} ${optargs} vram=${vram} root=${mmcroot} rootfstype=${mmcrootfstype}
mmcboot=mmc dev ${mmcdev}; if mmc rescan; then echo SD/MMC found on device ${mmcdev};if run loadbootenv; then echo Loaded environment from ${bootenv};run importbootenv;fi;if test -n $uenvcmd; then echo Running uenvcmd ...;run uenvcmd;fi;if run loadimage; then run loadfdt; echo Booting from mmc${mmcdev} ...; run mmcargs; bootz ${loadaddr} - ${fdtaddr}; fi;fi;
mmcdev=0
mmcroot=/dev/mmcblk1p2 rw
mmcrootfstype=ext4 rootwait
netmask=255.255.255.0
partitions=uuid_disk=${uuid_gpt_disk};name=rootfs,start=2MiB,size=-,uuid=${uuid_gpt_rootfs}
ramdisk_addr_r=0x88080000
rdaddr=0x88080000
scsidevs=0
serverip=192.168.0.1
soc=omap5
stderr=serial
stdin=serial
stdout=serial
usbtty=cdc_acm
vendor=ti
ver=U-Boot 2014.07-00071-gaca0808 (Oct 02 2014 - 11:23:33)
vram=16M
Environment size: 2237/131067 bytes
U-Boot# 
- 07:32:14 [INFO] Host: setenv bootargs ''${bootargs}' root=PARTUUID=00000000-02 rw rootfstype=ext4 rootwait '
- 07:32:14 [INFO] Target: 
setenv bootargs ''${bootargs}' root=PARTUUID=00000000-02 rw rootfstype=ext4 rootwait '
U-Boot# 
- 07:32:14 [INFO] Host: printenv
- 07:32:15 [INFO] Target: 
printenv
arch=arm
autoload=no
baudrate=115200
board=dra7xx
board_name=dra72x
bootargs=console=ttyO0,115200n8 earlyprintk rootwait  ip=dhcp  root=PARTUUID=00000000-02 rw rootfstype=ext4 rootwait 
bootcmd=
bootdelay=1
bootdir=/boot
bootfile=zImage
bootm_size=0x10000000
bootpart=0:2
bootscript=echo Running bootscript from mmc${mmcdev} ...; source ${loadaddr}
console=ttyO0,115200n8
cpu=armv7
dnsip=192.0.2.2
dnsip2=192.0.2.3
eth1addr=b4:99:4c:1b:f6:af
ethact=cpsw
ethaddr=b4:99:4c:1b:f6:ae
fdt_addr_r=0x88000000
fdtaddr=0x88000000
fdtfile=undefined
fileaddr=88000000
filesize=eeaf
findfdt=if test $board_name = omap5_uevm; then setenv fdtfile omap5-uevm.dtb; fi; if test $board_name = dra7xx; then setenv fdtfile dra7-evm.dtb; fi;if test $board_name = dra72x; then setenv fdtfile dra72-evm.dtb; fi;if test $fdtfile = undefined; then echo WARNING: Could not determine device tree to use; fi; 
gatewayip=192.168.0.1
importbootenv=echo Importing environment from mmc${mmcdev} ...; env import -t ${loadaddr} ${filesize}
ipaddr=192.168.0.210
kernel_addr_r=0x82000000
loadaddr=0x82000000
loadbootenv=fatload mmc ${mmcdev} ${loadaddr} uEnv.txt
loadbootscript=fatload mmc ${mmcdev} ${loadaddr} boot.scr
loadfdt=load mmc ${bootpart} ${fdtaddr} ${bootdir}/${fdtfile};
loadimage=load mmc ${bootpart} ${loadaddr} ${bootdir}/${bootfile}
mmcargs=setenv bootargs console=${console} ${optargs} vram=${vram} root=${mmcroot} rootfstype=${mmcrootfstype}
mmcboot=mmc dev ${mmcdev}; if mmc rescan; then echo SD/MMC found on device ${mmcdev};if run loadbootenv; then echo Loaded environment from ${bootenv};run importbootenv;fi;if test -n $uenvcmd; then echo Running uenvcmd ...;run uenvcmd;fi;if run loadimage; then run loadfdt; echo Booting from mmc${mmcdev} ...; run mmcargs; bootz ${loadaddr} - ${fdtaddr}; fi;fi;
mmcdev=0
mmcroot=/dev/mmcblk1p2 rw
mmcrootfstype=ext4 rootwait
netmask=255.255.255.0
partitions=uuid_disk=${uuid_gpt_disk};name=rootfs,start=2MiB,size=-,uuid=${uuid_gpt_rootfs}
ramdisk_addr_r=0x88080000
rdaddr=0x88080000
scsidevs=0
serverip=192.168.0.1
soc=omap5
stderr=serial
stdin=serial
stdout=serial
usbtty=cdc_acm
vendor=ti
ver=U-Boot 2014.07-00071-gaca0808 (Oct 02 2014 - 11:23:33)
vram=16M
Environment size: 2292/131067 bytes
U-Boot# 
- 07:32:15 [INFO] Host: setenv bootcmd ''${bootcmd}' if iminfo ${loadaddr}; then bootm ${loadaddr} - ${fdt_addr_r}; else bootz ${loadaddr} - ${fdt_addr_r}; bootm ${loadaddr} - ${fdt_addr_r}; fi'
- 07:32:15 [INFO] Target: 
setenv bootcmd ''${bootcmd}' if iminfo ${loadaddr}; then bootm ${loadaddr} - ${fdt_addr_r}; else bootz ${loadaddr} - ${fdt_addr_r}; bootm ${loadaddr} - ${fdt_addr_r}; fi'
U-Boot# 
- 07:32:15 [INFO] Host: bdinfo
- 07:32:16 [INFO] Target: 
bdinfo
arch_number = 0x00000000
boot_params = 0x80000100
DRAM bank   = 0x00000000
-> start    = 0x80000000
-> size     = 0x40000000
eth0name    = cpsw
ethaddr     = b4:99:4c:1b:f6:ae
current eth = cpsw
ip_addr     = 192.168.0.210
baudrate    = 115200 bps
TLB addr    = 0xBFFF0000
relocaddr   = 0xBF744000
reloc off   = 0x3EF44000
irq_sp      = 0xBE723EE0
sp start    = 0xBE723ED0
U-Boot# 
- 07:32:16 [INFO] Host: boot
- 07:34:46 [ERROR] On command: boot waiting for boot.+?(?-mix:login:) >>> error: execution expired
- 07:34:46 [INFO] Target: 
boot
## Checking Image at 82000000 ...
Unknown image format!
Kernel image @ 0x82000000 [ 0x000000 - 0x50b768 ]
## Flattened Device Tree blob at 88000000
   Booting using the fdt blob at 0x88000000
   Loading Device Tree to 8ffee000, end 8ffffeae ... OK
Starting kernel ...
[    0.000000] Booting Linux on physical CPU 0x0
[    0.000000] Linux version 3.17.0-next-20141008-00002-g3191a79 (nmenon@kahuna) (gcc version 4.6.3 (Ubuntu/Linaro 4.6.3-1ubuntu5) ) #1 SMP Wed Oct 8 06:26:04 CDT 2014
[    0.000000] CPU: ARMv7 Processor [412fc0f2] revision 2 (ARMv7), cr=30c5387d
[    0.000000] CPU: PIPT / VIPT nonaliasing data cache, PIPT instruction cache
[    0.000000] Machine model: TI DRA722
[    0.000000] cma: Reserved 64 MiB at bb800000
[    0.000000] Forcing write-allocate cache policy for SMP
[    0.000000] Memory policy: Data cache writealloc
[    0.000000] DRA722 ES1.0
[    0.000000] PERCPU: Embedded 10 pages/cpu @eefb5000 s8448 r8192 d24320 u40960
[    0.000000] Built 1 zonelists in Zone order, mobility grouping on.  Total pages: 260112
[    0.000000] Kernel command line: console=ttyO0,115200n8 earlyprintk rootwait  ip=dhcp  root=PARTUUID=00000000-02 rw rootfstype=ext4 rootwait 
[    0.000000] PID hash table entries: 4096 (order: 2, 16384 bytes)
[    0.000000] Dentry cache hash table entries: 131072 (order: 7, 524288 bytes)
[    0.000000] Inode-cache hash table entries: 65536 (order: 6, 262144 bytes)
[    0.000000] Memory: 959972K/1046528K available (6904K kernel code, 939K rwdata, 2776K rodata, 732K init, 312K bss, 86556K reserved, 202752K highmem)
[    0.000000] Virtual kernel memory layout:
[    0.000000]     vector  : 0xffff0000 - 0xffff1000   (   4 kB)
[    0.000000]     fixmap  : 0xffc00000 - 0xffe00000   (2048 kB)
[    0.000000]     vmalloc : 0xf0000000 - 0xff000000   ( 240 MB)
[    0.000000]     lowmem  : 0xc0000000 - 0xef800000   ( 760 MB)
[    0.000000]     pkmap   : 0xbfe00000 - 0xc0000000   (   2 MB)
[    0.000000]     modules : 0xbf000000 - 0xbfe00000   (  14 MB)
[    0.000000]       .text : 0xc0208000 - 0xc0b7c4e4   (9682 kB)
[    0.000000]       .init : 0xc0b7d000 - 0xc0c34000   ( 732 kB)
[    0.000000]       .data : 0xc0c34000 - 0xc0d1ef80   ( 940 kB)
[    0.000000]        .bss : 0xc0d1ef80 - 0xc0d6d1e0   ( 313 kB)
[    0.000000] SLUB: HWalign=64, Order=0-3, MinObjects=0, CPUs=1, Nodes=1
[    0.000000] Hierarchical RCU implementation.
[    0.000000] 	RCU restricting CPUs from NR_CPUS=8 to nr_cpu_ids=1.
[    0.000000] RCU: Adjusting geometry for rcu_fanout_leaf=16, nr_cpu_ids=1
[    0.000000] NR_IRQS:16 nr_irqs:16 16
[    0.000000] GIC CPU mask not found - kernel will fail to boot.
[    0.000000] GIC CPU mask not found - kernel will fail to boot.
[    0.000000] omap3_noncore_dpll_set_rate: dpll_gpu_ck: final rate 22574257 does not match desired rate 22579200
[    0.000000] OMAP clockevent source: timer1 at 32768 Hz
[    0.000000] sched_clock: 32 bits at 32kHz, resolution 30517ns, wraps every 65536000000000ns
[    0.000000] OMAP clocksource: 32k_counter at 32768 Hz
[    0.004150] Console: colour dummy device 80x30
[    0.004180] Calibrating delay loop... 1992.29 BogoMIPS (lpj=4980736)
[    0.020263] pid_max: default: 32768 minimum: 301
[    0.020355] Mount-cache hash table entries: 2048 (order: 1, 8192 bytes)
[    0.020385] Mountpoint-cache hash table entries: 2048 (order: 1, 8192 bytes)
[    0.020751] CPU: Testing write buffer coherency: ok
[    0.020935] /cpus/cpu@0 missing clock-frequency property
[    0.020935] CPU0: thread -1, cpu 0, socket 0, mpidr 80000000
[    0.020965] Setting up static identity map for 0x808870e8 - 0x80887180
[    0.022766] Brought up 1 CPUs
[    0.022766] SMP: Total of 1 processors activated.
[    0.022766] CPU: All CPU(s) started in SVC mode.
[    0.023040] devtmpfs: initialized
[    0.023651] VFP support v0.3: implementor 41 architecture 4 part 30 variant f rev 0
[    0.023712] omap_hwmod: l3_main_2 using broken dt data from ocp
[    0.029663] ------------[ cut here ]------------
[    0.029663] WARNING: CPU: 0 PID: 1 at arch/arm/mach-omap2/omap_hwmod.c:2542 _init+0x1c4/0x3dc()
[    0.029663] omap_hwmod: gmac: doesn't have mpu register target base
[    0.029663] Modules linked in:
[    0.029693] CPU: 0 PID: 1 Comm: swapper/0 Not tainted 3.17.0-next-20141008-00002-g3191a79 #1
[    0.029724] [<c0215c14>] (unwind_backtrace) from [<c02114e8>] (show_stack+0x10/0x14)
[    0.029724] [<c02114e8>] (show_stack) from [<c0882338>] (dump_stack+0x70/0x8c)
[    0.029754] [<c0882338>] (dump_stack) from [<c0248cec>] (warn_slowpath_common+0x64/0x84)
[    0.029754] [<c0248cec>] (warn_slowpath_common) from [<c0248da0>] (warn_slowpath_fmt+0x30/0x40)
[    0.029754] [<c0248da0>] (warn_slowpath_fmt) from [<c0b99f0c>] (_init+0x1c4/0x3dc)
[    0.029785] [<c0b99f0c>] (_init) from [<c022fc70>] (omap_hwmod_for_each+0x34/0x5c)
[    0.029785] [<c022fc70>] (omap_hwmod_for_each) from [<c0b9a5c0>] (__omap_hwmod_setup_all+0x24/0x40)
[    0.029815] [<c0b9a5c0>] (__omap_hwmod_setup_all) from [<c0208d04>] (do_one_initcall+0x80/0x1d0)
[    0.029815] [<c0208d04>] (do_one_initcall) from [<c0b7dd50>] (kernel_init_freeable+0x10c/0x1d8)
[    0.029815] [<c0b7dd50>] (kernel_init_freeable) from [<c087dab8>] (kernel_init+0x8/0xe4)
[    0.029846] [<c087dab8>] (kernel_init) from [<c020e7b8>] (ret_from_fork+0x14/0x3c)
[    0.029846] ---[ end trace feb290a6e569753a ]---
[    0.049774] ------------[ cut here ]------------
[    0.049774] WARNING: CPU: 0 PID: 1 at arch/arm/mach-omap2/omap_hwmod.c:2542 _init+0x1c4/0x3dc()
[    0.049774] omap_hwmod: rtcss: doesn't have mpu register target base
[    0.049774] Modules linked in:
[    0.049804] CPU: 0 PID: 1 Comm: swapper/0 Tainted: G        W      3.17.0-next-20141008-00002-g3191a79 #1
[    0.049804] [<c0215c14>] (unwind_backtrace) from [<c02114e8>] (show_stack+0x10/0x14)
[    0.049835] [<c02114e8>] (show_stack) from [<c0882338>] (dump_stack+0x70/0x8c)
[    0.049835] [<c0882338>] (dump_stack) from [<c0248cec>] (warn_slowpath_common+0x64/0x84)
[    0.049835] [<c0248cec>] (warn_slowpath_common) from [<c0248da0>] (warn_slowpath_fmt+0x30/0x40)
[    0.049865] [<c0248da0>] (warn_slowpath_fmt) from [<c0b99f0c>] (_init+0x1c4/0x3dc)
[    0.049865] [<c0b99f0c>] (_init) from [<c022fc70>] (omap_hwmod_for_each+0x34/0x5c)
[    0.049865] [<c022fc70>] (omap_hwmod_for_each) from [<c0b9a5c0>] (__omap_hwmod_setup_all+0x24/0x40)
[    0.049896] [<c0b9a5c0>] (__omap_hwmod_setup_all) from [<c0208d04>] (do_one_initcall+0x80/0x1d0)
[    0.049896] [<c0208d04>] (do_one_initcall) from [<c0b7dd50>] (kernel_init_freeable+0x10c/0x1d8)
[    0.049926] [<c0b7dd50>] (kernel_init_freeable) from [<c087dab8>] (kernel_init+0x8/0xe4)
[    0.049926] [<c087dab8>] (kernel_init) from [<c020e7b8>] (ret_from_fork+0x14/0x3c)
[    0.049926] ---[ end trace feb290a6e569753b ]---
[    0.069793] omap_hwmod: dss_core: _wait_target_disable failed
[    0.069793] omap_hwmod: dss_core: cannot be enabled for reset (3)
[    0.072448] omap_hwmod: dss_dispc: cannot be enabled for reset (3)
[    0.075042] omap_hwmod: dss_hdmi: cannot be enabled for reset (3)
[    0.149200] omap_hwmod: pcie1: _wait_target_disable failed
[    0.155731] omap_hwmod: pcie2: _wait_target_disable failed
[    0.157989] pinctrl core: initialized pinctrl subsystem
[    0.158325] regulator-dummy: no parameters
[    0.172271] NET: Registered protocol family 16
[    0.173706] DMA: preallocated 256 KiB pool for atomic coherent allocations
[    0.175140] cpuidle: using governor ladder
[    0.175140] cpuidle: using governor menu
[    0.178527] OMAP GPIO hardware version 0.1
[    0.184570] platform 4e000000.dmm: Cannot lookup hwmod 'dmm'
[    0.188140] No ATAGs?
[    0.188171] hw-breakpoint: found 5 (+1 reserved) breakpoint and 4 watchpoint registers.
[    0.188171] hw-breakpoint: maximum watchpoint size is 8 bytes.
[    0.188293] EXYNOS: PMU not supported
[    0.189361] OMAP DMA hardware revision 0.0
[    0.191040] Serial: AMBA PL011 UART driver
[    0.200500] edma-dma-engine edma-dma-engine.0: Can't allocate PaRAM dummy slot
[    0.200531] edma-dma-engine: probe of edma-dma-engine.0 failed with error -22
[    0.208862] omap-dma-engine 4a056000.dma-controller: OMAP DMA engine driver
[    0.210662] vgaarb: loaded
[    0.211151] SCSI subsystem initialized
[    0.211486] usbcore: registered new interface driver usbfs
[    0.211547] usbcore: registered new interface driver hub
[    0.211578] usbcore: registered new device driver usb
[    0.212066] omap_i2c 48070000.i2c: could not find pctldev for node /ocp/pinmux@4a003400/pinmux_i2c1_pins, deferring probe
[    0.212066] platform 48070000.i2c: Driver omap_i2c requests probe deferral
[    0.212249] Linux video capture interface: v2.00
[    0.212280] pps_core: LinuxPPS API ver. 1 registered
[    0.212280] pps_core: Software ver. 5.3.6 - Copyright 2005-2007 Rodolfo Giometti <giometti@linux.it>
[    0.212310] PTP clock support registered
[    0.212463] EDAC MC: Ver: 3.0.0
[    0.213134] Advanced Linux Sound Architecture Driver Initialized.
[    0.213867] Switched to clocksource 32k_counter
[    0.220855] NET: Registered protocol family 2
[    0.221282] TCP established hash table entries: 8192 (order: 3, 32768 bytes)
[    0.221343] TCP bind hash table entries: 8192 (order: 4, 65536 bytes)
[    0.221496] TCP: Hash tables configured (established 8192 bind 8192)
[    0.221527] TCP: reno registered
[    0.221527] UDP hash table entries: 512 (order: 2, 16384 bytes)
[    0.221557] UDP-Lite hash table entries: 512 (order: 2, 16384 bytes)
[    0.221679] NET: Registered protocol family 1
[    0.221862] RPC: Registered named UNIX socket transport module.
[    0.221893] RPC: Registered udp transport module.
[    0.221893] RPC: Registered tcp transport module.
[    0.221893] RPC: Registered tcp NFSv4.1 backchannel transport module.
[    0.222534] hw perfevents: enabled with armv7_cortex_a15 PMU driver, 7 counters available
[    0.223785] futex hash table entries: 256 (order: 2, 16384 bytes)
[    0.232757] squashfs: version 4.0 (2009/01/31) Phillip Lougher
[    0.233306] NFS: Registering the id_resolver key type
[    0.233337] Key type id_resolver registered
[    0.233337] Key type id_legacy registered
[    0.233398] msgmni has been set to 1478
[    0.233703] bounce: pool size: 64 pages
[    0.233886] Block layer SCSI generic (bsg) driver version 0.4 loaded (major 249)
[    0.233917] io scheduler noop registered
[    0.233917] io scheduler deadline registered
[    0.234069] io scheduler cfq registered (default)
[    0.238372] pinctrl-single 4a003400.pinmux: 281 pins at pa fc003400 size 1124
[    0.283843] Serial: 8250/16550 driver, 4 ports, IRQ sharing disabled
[    0.285217] Serial: IMX driver
[    0.285583] msm_serial: driver initialized
[    0.285919] omap_uart 4806a000.serial: no wakeirq for uart0
[    0.286010] omap_uart 4806a000.serial: ttyO0 at MMIO 0x4806a000 (irq = 295, base_baud = 3000000) is a OMAP UART0
[    1.266174] console [ttyO0] enabled
[    1.270141] STMicroelectronics ASC driver initialized
[    1.276031] serial: Freescale lpuart driver
[    1.280578] [drm] Initialized drm 1.1.0 20060810
[    1.289703] loop: module loaded
[    1.294067] ahci 4a140000.sata: SSS flag set, parallel bus scan disabled
[    1.301116] ahci 4a140000.sata: AHCI 0001.0300 32 slots 1 ports 3 Gbps 0x1 impl platform mode
[    1.310028] ahci 4a140000.sata: flags: 64bit ncq sntf stag pm led clo only pmp pio slum part ccc apst 
[    1.320556] scsi host0: ahci_platform
[    1.324645] ata1: SATA max UDMA/133 mmio [mem 0x4a140000-0x4a1410ff] port 0x100 irq 309
[    1.335571] CAN device driver interface
[    1.340240] igb: Intel(R) Gigabit Ethernet Network Driver - version 5.2.15-k
[    1.347625] igb: Copyright (c) 2007-2014 Intel Corporation.
[    1.354583] pegasus: v0.9.3 (2013/04/25), Pegasus/Pegasus II USB Ethernet driver
[    1.362365] usbcore: registered new interface driver pegasus
[    1.368347] usbcore: registered new interface driver asix
[    1.374053] usbcore: registered new interface driver ax88179_178a
[    1.380462] usbcore: registered new interface driver cdc_ether
[    1.386627] usbcore: registered new interface driver smsc75xx
[    1.392669] usbcore: registered new interface driver smsc95xx
[    1.398742] usbcore: registered new interface driver net1080
[    1.404693] usbcore: registered new interface driver cdc_subset
[    1.410919] usbcore: registered new interface driver zaurus
[    1.416839] usbcore: registered new interface driver cdc_ncm
[    1.422973] ehci_hcd: USB 2.0 'Enhanced' Host Controller (EHCI) Driver
[    1.429809] ehci-pci: EHCI PCI platform driver
[    1.434509] ehci-platform: EHCI generic platform driver
[    1.440093] ehci-omap: OMAP-EHCI Host Controller driver
[    1.445678] ehci-orion: EHCI orion driver
[    1.449951] SPEAr-ehci: EHCI SPEAr driver
[    1.454254] tegra-ehci: Tegra EHCI driver
[    1.458557] ohci_hcd: USB 1.1 'Open' Host Controller (OHCI) Driver
[    1.465026] ohci-pci: OHCI PCI platform driver
[    1.469726] ohci-platform: OHCI generic platform driver
[    1.475280] ohci-omap3: OHCI OMAP3 driver
[    1.479583] SPEAr-ohci: OHCI SPEAr driver
[    1.484161] usbcore: registered new interface driver usb-storage
[    1.491577] mousedev: PS/2 mouse device common for all mice
[    1.499481] i2c /dev entries driver
[    1.504119] usbcore: registered new interface driver uvcvideo
[    1.510131] USB Video Class driver (1.1.1)
[    1.514434] gspca_main: v2.14.0 registered
[    1.521209] sdhci: Secure Digital Host Controller Interface driver
[    1.527679] sdhci: Copyright(c) Pierre Ossman
[    1.532928] Synopsys Designware Multimedia Card Interface Driver
[    1.539703] sdhci-pltfm: SDHCI platform and OF driver helper
[    1.546569] ledtrig-cpu: registered to indicate activity on CPUs
[    1.553009] usbcore: registered new interface driver usbhid
[    1.558837] usbhid: USB HID core driver
[    1.566497] TCP: cubic registered
[    1.569976] NET: Registered protocol family 17
[    1.574645] can: controller area network core (rev 20120528 abi 9)
[    1.581176] NET: Registered protocol family 29
[    1.585815] can: raw protocol (rev 20120528)
[    1.590301] can: broadcast manager protocol (rev 20120528 t)
[    1.596221] can: netlink gateway (rev 20130117) max_hops=1
[    1.602264] Key type dns_resolver registered
[    1.606872] omap_voltage_late_init: Voltage driver support not added
[    1.613830] Power Management for TI OMAP4+ devices.
[    1.619171] ThumbEE CPU extension supported.
[    1.623657] Registering SWP/SWPB emulation handler
[    1.630279] palmas 0-0058: Irq flag is 0x00000000
[    1.637786] palmas 0-0058: Muxing GPIO 1d, PWM 0, LED 0
[    1.644927] smps1: 850 <--> 1250 mV at 1060 mV 
[    1.650878] smps2: 850 <--> 1030 mV at 1030 mV 
[    1.656921] smps3: 850 <--> 1250 mV at 1060 mV 
[    1.662933] smps4: 1800 mV 
[    1.667114] smps5: 1350 mV 
[    1.671295] ldo1: 1800 <--> 3300 mV at 3000 mV 
[    1.676788] ldo2: 1800 <--> 3300 mV 
[    1.682098] ldo3: 1800 mV 
[    1.686462] ldo4: 3300 mV 
[    1.690826] ldo5: 1800 mV 
[    1.694244] REGEN1: no parameters
[    1.697845] REGEN2: no parameters
[    1.701446] REGEN3: no parameters
[    1.705017] omap_i2c 48070000.i2c: bus 0 rev0.12 at 400 kHz
[    1.711181] drivers/rtc/hctosys.c: unable to open rtc device (rtc0)
[    1.953918] ata1: SATA link down (SStatus 0 SControl 300)
[   13.784149] ldo4: disabling
[   13.787719] ldo1: disabling
[   13.791107] ALSA device list:
[   13.794219]   No soundcards found.
[   13.798309] Waiting for root device PARTUUID=00000000-02...
