- 15:26:58 [INFO] Starting target session
- 15:26:58 [INFO] Connected to dra7xx-evm via serial 
- 15:26:58 [INFO] Host: #check prompt
- 15:27:00 [ERROR] On command: #check prompt waiting for (?-mix:((?-mix:login:)|[Pp]assword)) >>> error: execution expired
- 15:27:00 [INFO] Target: 

- 15:27:00 [INFO] Host: #check prompt
- 15:27:02 [ERROR] On command: #check prompt waiting for (?-mix:[\w\d]+@.+[@:#]+) >>> error: execution expired
- 15:27:02 [INFO] Target: 

- 15:27:02 [INFO] Disconnected serial from dra7xx-evm
- 15:27:23 [INFO] Connected to dra7xx-evm via serial 
- 15:27:23 [INFO] Host: 
- 15:27:24 [INFO] Target: 
 0 
U-Boot# 
- 15:27:24 [INFO] Host: version
- 15:27:24 [INFO] Target: 
version

U-Boot 2014.07 (Aug 12 2014 - 20:19:42)
arm-linux-gnueabihf-gcc (crosstool-NG linaro-1.13.1-4.7-2013.03-20130313 - Linaro GCC 2013.03) 4.7.3 20130226 (prerelease)
GNU ld (crosstool-NG linaro-1.13.1-4.7-2013.03-20130313 - Linaro GCC 2013.03) 2.23.1
U-Boot# 
- 15:27:24 [INFO] Host: bdi
- 15:27:25 [INFO] Target: 
bdi
arch_number = 0x00000000
boot_params = 0x80000100
DRAM bank   = 0x00000000
-> start    = 0x80000000
-> size     = 0x60000000
eth0name    = cpsw
ethaddr     = 7c:66:9d:f1:c0:ce
current eth = cpsw
ip_addr     = <NULL>
baudrate    = 115200 bps
TLB addr    = 0xDFFF0000
relocaddr   = 0xDFF5E000
reloc off   = 0x5F75E000
irq_sp      = 0xDEF3DEE0
sp start    = 0xDEF3DED0
U-Boot# 
- 15:27:25 [INFO] Host: printenv
- 15:27:25 [INFO] Target: 
printenv
arch=arm
baudrate=115200
board=dra7xx
board_name=dra7xx
bootcmd=run findfdt; run mmcboot;setenv mmcdev 1; setenv bootpart 1:2; setenv mmcroot /dev/mmcblk0p2 rw; run mmcboot;
bootdelay=1
bootdir=/boot
bootfile=zImage
bootm_size=0x10000000
bootpart=0:2
bootscript=echo Running bootscript from mmc${mmcdev} ...; source ${loadaddr}
console=ttyO0,115200n8
cpu=armv7
eth1addr=7c:66:9d:f1:c0:cf
ethact=cpsw
ethaddr=7c:66:9d:f1:c0:ce
fdt_addr_r=0x88000000
fdtaddr=0x88000000
fdtfile=undefined
findfdt=if test $board_name = omap5_uevm; then setenv fdtfile omap5-uevm.dtb; fi; if test $board_name = dra7xx; then setenv fdtfile dra7-evm.dtb; fi;if test $board_name = dra72x; then setenv fdtfile dra72-evm.dtb; fi;if test $fdtfile = undefined; then echo WARNING: Could not determine device tree to use; fi; 
importbootenv=echo Importing environment from mmc${mmcdev} ...; env import -t ${loadaddr} ${filesize}
kernel_addr_r=0x82000000
loadaddr=0x82000000
loadbootenv=fatload mmc ${mmcdev} ${loadaddr} uEnv.txt
loadbootscript=fatload mmc ${mmcdev} ${loadaddr} boot.scr
loadfdt=load mmc ${bootpart} ${fdtaddr} ${bootdir}/${fdtfile};
loadimage=load mmc ${bootpart} ${loadaddr} ${bootdir}/${bootfile}
mmcargs=setenv bootargs console=${console} ${optargs} vram=${vram} root=${mmcroot} rootfstype=${mmcrootfstype}
mmcboot=mmc dev ${mmcdev}; if mmc rescan; then echo SD/MMC found on device ${mmcdev};if run loadbootenv; then echo Loaded environment from ${bootenv};run importbootenv;fi;if test -n $uenvcmd; then echo Running uenvcmd ...;run uenvcmd;fi;if run loadimage; then run loadfdt; echo Booting from mmc${mmcdev} ...; run mmcargs; bootz ${loadaddr} - ${fdtaddr}; fi;fi;
mmcdev=0
mmcroot=/dev/mmcblk1p2 rw
mmcrootfstype=ext4 rootwait
partitions=uuid_disk=${uuid_gpt_disk};name=rootfs,start=2MiB,size=-,uuid=${uuid_gpt_rootfs}
ramdisk_addr_r=0x88080000
rdaddr=0x88080000
scsidevs=0
soc=omap5
stderr=serial
stdin=serial
stdout=serial
usbtty=cdc_acm
vendor=ti
ver=U-Boot 2014.07 (Aug 12 2014 - 20:19:42)
vram=16M

Environment size: 2085/131067 bytes
U-Boot# 
- 15:27:25 [INFO] Host: setenv autoload 'no'
- 15:27:26 [INFO] Target: 
setenv autoload 'no'
U-Boot# 
- 15:27:26 [INFO] Host: usb start
- 15:27:27 [INFO] Target: 
usb start
(Re)start USB...
USB0:   Register 2000140 NbrPorts 2
Starting the controller
USB XHCI 1.00
scanning bus 0 for devices... 1 USB Device(s) found
       scanning usb for storage devices... 0 Storage Device(s) found
U-Boot# 
- 15:27:27 [INFO] Host: dhcp
- 15:27:39 [INFO] Target: 
dhcp
cpsw Waiting for PHY auto negotiation to complete......... TIMEOUT !
BOOTP broadcast 1
cpsw Waiting for PHY auto negotiation to complete......... TIMEOUT !
cpsw Waiting for PHY auto negotiation to complete.. done
link up on port 0, speed 1000, full duplex
BOOTP broadcast 2
DHCP client bound to address 192.168.0.64
U-Boot# 
- 15:27:39 [INFO] Host: setenv serverip 192.168.0.1
- 15:27:40 [INFO] Target: 
setenv serverip 192.168.0.1
U-Boot# 
- 15:27:40 [INFO] Host: setenv bootargs 'console=ttyO0,115200n8 earlyprintk rootwait ip=dhcp root=/dev/mmcblk1p2 rw rootfstype=ext3'
- 15:27:40 [INFO] Target: 
setenv bootargs 'console=ttyO0,115200n8 earlyprintk rootwait ip=dhcp root=/dev/mmcblk1p2 rw rootfstype=ext3'
U-Boot# 
- 15:27:40 [INFO] Host: printenv
- 15:27:41 [INFO] Target: 
printenv
arch=arm
autoload=no
baudrate=115200
board=dra7xx
board_name=dra7xx
bootargs=console=ttyO0,115200n8 earlyprintk rootwait ip=dhcp root=/dev/mmcblk1p2 rw rootfstype=ext3
bootcmd=run findfdt; run mmcboot;setenv mmcdev 1; setenv bootpart 1:2; setenv mmcroot /dev/mmcblk0p2 rw; run mmcboot;
bootdelay=1
bootdir=/boot
bootfile=zImage
bootm_size=0x10000000
bootpart=0:2
bootscript=echo Running bootscript from mmc${mmcdev} ...; source ${loadaddr}
console=ttyO0,115200n8
cpu=armv7
dnsip=192.0.2.2
dnsip2=192.0.2.3
eth1addr=7c:66:9d:f1:c0:cf
ethact=cpsw
ethaddr=7c:66:9d:f1:c0:ce
fdt_addr_r=0x88000000
fdtaddr=0x88000000
fdtfile=undefined
findfdt=if test $board_name = omap5_uevm; then setenv fdtfile omap5-uevm.dtb; fi; if test $board_name = dra7xx; then setenv fdtfile dra7-evm.dtb; fi;if test $board_name = dra72x; then setenv fdtfile dra72-evm.dtb; fi;if test $fdtfile = undefined; then echo WARNING: Could not determine device tree to use; fi; 
gatewayip=192.168.0.1
importbootenv=echo Importing environment from mmc${mmcdev} ...; env import -t ${loadaddr} ${filesize}
ipaddr=192.168.0.64
kernel_addr_r=0x82000000
loadaddr=0x82000000
loadbootenv=fatload mmc ${mmcdev} ${loadaddr} uEnv.txt
loadbootscript=fatload mmc ${mmcdev} ${loadaddr} boot.scr
loadfdt=load mmc ${bootpart} ${fdtaddr} ${bootdir}/${fdtfile};
loadimage=load mmc ${bootpart} ${loadaddr} ${bootdir}/${bootfile}
mmcargs=setenv bootargs console=${console} ${optargs} vram=${vram} root=${mmcroot} rootfstype=${mmcrootfstype}
mmcboot=mmc dev ${mmcdev}; if mmc rescan; then echo SD/MMC found on device ${mmcdev};if run loadbootenv; then echo Loaded environment from ${bootenv};run importbootenv;fi;if test -n $uenvcmd; then echo Running uenvcmd ...;run uenvcmd;fi;if run loadimage; then run loadfdt; echo Booting from mmc${mmcdev} ...; run mmcargs; bootz ${loadaddr} - ${fdtaddr}; fi;fi;
mmcdev=0
mmcroot=/dev/mmcblk1p2 rw
mmcrootfstype=ext4 rootwait
netmask=255.255.255.0
partitions=uuid_disk=${uuid_gpt_disk};name=rootfs,start=2MiB,size=-,uuid=${uuid_gpt_rootfs}
ramdisk_addr_r=0x88080000
rdaddr=0x88080000
scsidevs=0
serverip=192.168.0.1
soc=omap5
stderr=serial
stdin=serial
stdout=serial
usbtty=cdc_acm
vendor=ti
ver=U-Boot 2014.07 (Aug 12 2014 - 20:19:42)
vram=16M

Environment size: 2331/131067 bytes
U-Boot# 
- 15:27:41 [INFO] Host: setenv bootcmd 'tftp ${loadaddr} 192.168.0.1:vatf_dra7xx-evm2/00ac9d887e572547b478eab10c3e3f17; tftp ${fdtaddr} 192.168.0.1:vatf_dra7xx-evm2/9cd0a9d75af7d3e8637492b2cd27753b; if iminfo ${loadaddr}; then bootm ${loadaddr} - ${fdtaddr}; else bootz ${loadaddr} - ${fdtaddr}; bootm ${loadaddr} - ${fdtaddr}; fi' 
- 15:27:41 [INFO] Target: 
setenv bootcmd 'tftp ${loadaddr} 192.168.0.1:vatf_dra7xx-evm2/00ac9d887e572547b478eab10c3e3f17; tftp ${fdtaddr} 192.168.0.1:vatf_dra7xx-evm2/9cd0a9d75af7d3e8637492b2cd27753b; if iminfo ${loadaddr}; then bootm ${loadaddr} - ${fdtaddr}; else bootz ${loadaddr} - ${fdtaddr}; bootm ${loadaddr} - ${fdtaddr}; fi' 
U-Boot# 
- 15:27:41 [INFO] Host: boot
- 15:30:11 [ERROR] On command: boot waiting for (?-mix:login:) >>> error: execution expired
- 15:30:11 [INFO] Target: 
boot
link up on port 0, speed 1000, full duplex
Using cpsw device
TFTP from server 192.168.0.1; our IP address is 192.168.0.64
Filename 'vatf_dra7xx-evm2/00ac9d887e572547b478eab10c3e3f17'.
Load address: 0x82000000
Loading: *#################################################################
	 #################################################################
	 #################################################################
	 #################################################################
	 #################################################################
	 #############################
	 11.5 MiB/s
done
Bytes transferred = 5189016 (4f2d98 hex)
link up on port 0, speed 1000, full duplex
Using cpsw device
TFTP from server 192.168.0.1; our IP address is 192.168.0.64
Filename 'vatf_dra7xx-evm2/9cd0a9d75af7d3e8637492b2cd27753b'.
Load address: 0x88000000
Loading: *#####
	 9 MiB/s
done
Bytes transferred = 65871 (1014f hex)

## Checking Image at 82000000 ...
Unknown image format!
Kernel image @ 0x82000000 [ 0x000000 - 0x4f2d98 ]
## Flattened Device Tree blob at 88000000
   Booting using the fdt blob at 0x88000000
   Loading Device Tree to 8ffec000, end 8ffff14e ... OK

Starting kernel ...

[    0.000000] Booting Linux on physical CPU 0x0
[    0.000000] Linux version 3.17.0-rc2-next-20140829-00002-ga3d5d6c (nmenon@kahuna) (gcc version 4.6.3 (Ubuntu/Linaro 4.6.3-1ubuntu5) ) #1 SMP Fri Aug 29 06:24:23 CDT 2014
[    0.000000] CPU: ARMv7 Processor [412fc0f2] revision 2 (ARMv7), cr=30c5387d
[    0.000000] CPU: PIPT / VIPT nonaliasing data cache, PIPT instruction cache
[    0.000000] Machine model: TI DRA742
[    0.000000] cma: Reserved 64 MiB at ab800000
[    0.000000] Forcing write-allocate cache policy for SMP
[    0.000000] Memory policy: Data cache writealloc
[    0.000000] DRA752 ES1.1
[    0.000000] PERCPU: Embedded 8 pages/cpu @eab8a000 s8448 r8192 d16128 u32768
[    0.000000] Built 1 zonelists in Zone order, mobility grouping on.  Total pages: 391184
[    0.000000] Kernel command line: console=ttyO0,115200n8 earlyprintk rootwait ip=dhcp root=/dev/mmcblk1p2 rw rootfstype=ext3
[    0.000000] PID hash table entries: 4096 (order: 2, 16384 bytes)
[    0.000000] Dentry cache hash table entries: 131072 (order: 7, 524288 bytes)
[    0.000000] Inode-cache hash table entries: 65536 (order: 6, 262144 bytes)
[    0.000000] Memory: 1480212K/1570816K available (6784K kernel code, 934K rwdata, 2704K rodata, 704K init, 309K bss, 90604K reserved, 792576K highmem)
[    0.000000] Virtual kernel memory layout:
[    0.000000]     vector  : 0xffff0000 - 0xffff1000   (   4 kB)
[    0.000000]     fixmap  : 0xffc00000 - 0xffe00000   (2048 kB)
[    0.000000]     vmalloc : 0xf0000000 - 0xff000000   ( 240 MB)
[    0.000000]     lowmem  : 0xc0000000 - 0xef800000   ( 760 MB)
[    0.000000]     pkmap   : 0xbfe00000 - 0xc0000000   (   2 MB)
[    0.000000]     modules : 0xbf000000 - 0xbfe00000   (  14 MB)
[    0.000000]       .text : 0xc0208000 - 0xc0b4c398   (9489 kB)
[    0.000000]       .init : 0xc0b4d000 - 0xc0bfd100   ( 705 kB)
[    0.000000]       .data : 0xc0bfe000 - 0xc0ce7b80   ( 935 kB)
[    0.000000]        .bss : 0xc0ce7b80 - 0xc0d34fd0   ( 310 kB)
[    0.000000] SLUB: HWalign=64, Order=0-3, MinObjects=0, CPUs=2, Nodes=1
[    0.000000] Hierarchical RCU implementation.
[    0.000000] 	RCU restricting CPUs from NR_CPUS=8 to nr_cpu_ids=2.
[    0.000000] RCU: Adjusting geometry for rcu_fanout_leaf=16, nr_cpu_ids=2
[    0.000000] NR_IRQS:16 nr_irqs:16 16
[    0.000000] omap3_noncore_dpll_set_rate: dpll_gpu_ck: final rate 22574257 does not match desired rate 22579200
[    0.000000] Division by zero in kernel.
[    0.000000] CPU: 0 PID: 0 Comm: swapper/0 Not tainted 3.17.0-rc2-next-20140829-00002-ga3d5d6c #1
[    0.000000] [<c0215ad4>] (unwind_backtrace) from [<c02114c8>] (show_stack+0x10/0x14)
[    0.000000] [<c02114c8>] (show_stack) from [<c0865060>] (dump_stack+0x70/0x8c)
[    0.000000] [<c0865060>] (dump_stack) from [<c0416968>] (Ldiv0+0x8/0x10)
[    0.000000] [<c0416968>] (Ldiv0) from [<c0759758>] (ti_clk_divider_set_rate+0x14/0x14c)
[    0.000000] [<c0759758>] (ti_clk_divider_set_rate) from [<c0745724>] (clk_change_rate+0x138/0x184)
[    0.000000] [<c0745724>] (clk_change_rate) from [<c07456f4>] (clk_change_rate+0x108/0x184)
[    0.000000] Division by zero in kernel.
[    0.000000] CPU: 0 PID: 0 Comm: swapper/0 Not tainted 3.17.0-rc2-next-20140829-00002-ga3d5d6c #1
[    0.000000] [<c0215ad4>] (unwind_backtrace) from [<c02114c8>] (show_stack+0x10/0x14)
[    0.000000] [<c02114c8>] (show_stack) from [<c0865060>] (dump_stack+0x70/0x8c)
[    0.000000] [<c0865060>] (dump_stack) from [<c0416968>] (Ldiv0+0x8/0x10)
[    0.000000] [<c0416968>] (Ldiv0) from [<c0759758>] (ti_clk_divider_set_rate+0x14/0x14c)
[    0.000000] [<c0759758>] (ti_clk_divider_set_rate) from [<c0745724>] (clk_change_rate+0x138/0x184)
[    0.000000] [<c0745724>] (clk_change_rate) from [<c07456f4>] (clk_change_rate+0x108/0x184)
[    0.000000] Division by zero in kernel.
[    0.000000] CPU: 0 PID: 0 Comm: swapper/0 Not tainted 3.17.0-rc2-next-20140829-00002-ga3d5d6c #1
[    0.000000] [<c0215ad4>] (unwind_backtrace) from [<c02114c8>] (show_stack+0x10/0x14)
[    0.000000] [<c02114c8>] (show_stack) from [<c0865060>] (dump_stack+0x70/0x8c)
[    0.000000] [<c0865060>] (dump_stack) from [<c0416968>] (Ldiv0+0x8/0x10)
[    0.000000] [<c0416968>] (Ldiv0) from [<c0759758>] (ti_clk_divider_set_rate+0x14/0x14c)
[    0.000000] [<c0759758>] (ti_clk_divider_set_rate) from [<c0745724>] (clk_change_rate+0x138/0x184)
[    0.000000] [<c0745724>] (clk_change_rate) from [<c07456f4>] (clk_change_rate+0x108/0x184)
[    0.000000] Division by zero in kernel.
[    0.000000] CPU: 0 PID: 0 Comm: swapper/0 Not tainted 3.17.0-rc2-next-20140829-00002-ga3d5d6c #1
[    0.000000] [<c0215ad4>] (unwind_backtrace) from [<c02114c8>] (show_stack+0x10/0x14)
[    0.000000] [<c02114c8>] (show_stack) from [<c0865060>] (dump_stack+0x70/0x8c)
[    0.000000] [<c0865060>] (dump_stack) from [<c0416968>] (Ldiv0+0x8/0x10)
[    0.000000] [<c0416968>] (Ldiv0) from [<c0759758>] (ti_clk_divider_set_rate+0x14/0x14c)
[    0.000000] [<c0759758>] (ti_clk_divider_set_rate) from [<c0745724>] (clk_change_rate+0x138/0x184)
[    0.000000] [<c0745724>] (clk_change_rate) from [<c07456f4>] (clk_change_rate+0x108/0x184)
[    0.000000] Division by zero in kernel.
[    0.000000] CPU: 0 PID: 0 Comm: swapper/0 Not tainted 3.17.0-rc2-next-20140829-00002-ga3d5d6c #1
[    0.000000] [<c0215ad4>] (unwind_backtrace) from [<c02114c8>] (show_stack+0x10/0x14)
[    0.000000] [<c02114c8>] (show_stack) from [<c0865060>] (dump_stack+0x70/0x8c)
[    0.000000] [<c0865060>] (dump_stack) from [<c0416968>] (Ldiv0+0x8/0x10)
[    0.000000] [<c0416968>] (Ldiv0) from [<c0759758>] (ti_clk_divider_set_rate+0x14/0x14c)
[    0.000000] [<c0759758>] (ti_clk_divider_set_rate) from [<c0745724>] (clk_change_rate+0x138/0x184)
[    0.000000] [<c0745724>] (clk_change_rate) from [<c07456f4>] (clk_change_rate+0x108/0x184)
[    0.000000] Division by zero in kernel.
[    0.000000] CPU: 0 PID: 0 Comm: swapper/0 Not tainted 3.17.0-rc2-next-20140829-00002-ga3d5d6c #1
[    0.000000] [<c0215ad4>] (unwind_backtrace) from [<c02114c8>] (show_stack+0x10/0x14)
[    0.000000] [<c02114c8>] (show_stack) from [<c0865060>] (dump_stack+0x70/0x8c)
[    0.000000] [<c0865060>] (dump_stack) from [<c0416968>] (Ldiv0+0x8/0x10)
[    0.000000] [<c0416968>] (Ldiv0) from [<c0759758>] (ti_clk_divider_set_rate+0x14/0x14c)
[    0.000000] [<c0759758>] (ti_clk_divider_set_rate) from [<c0745724>] (clk_change_rate+0x138/0x184)
[    0.000000] [<c0745724>] (clk_change_rate) from [<c07456f4>] (clk_change_rate+0x108/0x184)
[    0.000000] Division by zero in kernel.
[    0.000000] CPU: 0 PID: 0 Comm: swapper/0 Not tainted 3.17.0-rc2-next-20140829-00002-ga3d5d6c #1
[    0.000000] [<c0215ad4>] (unwind_backtrace) from [<c02114c8>] (show_stack+0x10/0x14)
[    0.000000] [<c02114c8>] (show_stack) from [<c0865060>] (dump_stack+0x70/0x8c)
[    0.000000] [<c0865060>] (dump_stack) from [<c0416968>] (Ldiv0+0x8/0x10)
[    0.000000] [<c0416968>] (Ldiv0) from [<c0759758>] (ti_clk_divider_set_rate+0x14/0x14c)
[    0.000000] [<c0759758>] (ti_clk_divider_set_rate) from [<c0745724>] (clk_change_rate+0x138/0x184)
[    0.000000] [<c0745724>] (clk_change_rate) from [<c07456f4>] (clk_change_rate+0x108/0x184)
[    0.000000] Division by zero in kernel.
[    0.000000] CPU: 0 PID: 0 Comm: swapper/0 Not tainted 3.17.0-rc2-next-20140829-00002-ga3d5d6c #1
[    0.000000] [<c0215ad4>] (unwind_backtrace) from [<c02114c8>] (show_stack+0x10/0x14)
[    0.000000] [<c02114c8>] (show_stack) from [<c0865060>] (dump_stack+0x70/0x8c)
[    0.000000] [<c0865060>] (dump_stack) from [<c0416968>] (Ldiv0+0x8/0x10)
[    0.000000] [<c0416968>] (Ldiv0) from [<c0759758>] (ti_clk_divider_set_rate+0x14/0x14c)
[    0.000000] [<c0759758>] (ti_clk_divider_set_rate) from [<c0745724>] (clk_change_rate+0x138/0x184)
[    0.000000] [<c0745724>] (clk_change_rate) from [<c07456f4>] (clk_change_rate+0x108/0x184)
[    0.000000] Division by zero in kernel.
[    0.000000] CPU: 0 PID: 0 Comm: swapper/0 Not tainted 3.17.0-rc2-next-20140829-00002-ga3d5d6c #1
[    0.000000] [<c0215ad4>] (unwind_backtrace) from [<c02114c8>] (show_stack+0x10/0x14)
[    0.000000] [<c02114c8>] (show_stack) from [<c0865060>] (dump_stack+0x70/0x8c)
[    0.000000] [<c0865060>] (dump_stack) from [<c0416968>] (Ldiv0+0x8/0x10)
[    0.000000] [<c0416968>] (Ldiv0) from [<c0759758>] (ti_clk_divider_set_rate+0x14/0x14c)
[    0.000000] [<c0759758>] (ti_clk_divider_set_rate) from [<c0745724>] (clk_change_rate+0x138/0x184)
[    0.000000] [<c0745724>] (clk_change_rate) from [<c07456f4>] (clk_change_rate+0x108/0x184)
[    0.000000] Division by zero in kernel.
[    0.000000] CPU: 0 PID: 0 Comm: swapper/0 Not tainted 3.17.0-rc2-next-20140829-00002-ga3d5d6c #1
[    0.000000] [<c0215ad4>] (unwind_backtrace) from [<c02114c8>] (show_stack+0x10/0x14)
[    0.000000] [<c02114c8>] (show_stack) from [<c0865060>] (dump_stack+0x70/0x8c)
[    0.000000] [<c0865060>] (dump_stack) from [<c0416968>] (Ldiv0+0x8/0x10)
[    0.000000] [<c0416968>] (Ldiv0) from [<c0759758>] (ti_clk_divider_set_rate+0x14/0x14c)
[    0.000000] [<c0759758>] (ti_clk_divider_set_rate) from [<c0745724>] (clk_change_rate+0x138/0x184)
[    0.000000] [<c0745724>] (clk_change_rate) from [<c07456f4>] (clk_change_rate+0x108/0x184)
[    0.000000] Division by zero in kernel.
[    0.000000] CPU: 0 PID: 0 Comm: swapper/0 Not tainted 3.17.0-rc2-next-20140829-00002-ga3d5d6c #1
[    0.000000] [<c0215ad4>] (unwind_backtrace) from [<c02114c8>] (show_stack+0x10/0x14)
[    0.000000] [<c02114c8>] (show_stack) from [<c0865060>] (dump_stack+0x70/0x8c)
[    0.000000] [<c0865060>] (dump_stack) from [<c0416968>] (Ldiv0+0x8/0x10)
[    0.000000] [<c0416968>] (Ldiv0) from [<c0759758>] (ti_clk_divider_set_rate+0x14/0x14c)
[    0.000000] [<c0759758>] (ti_clk_divider_set_rate) from [<c0745724>] (clk_change_rate+0x138/0x184)
[    0.000000] [<c0745724>] (clk_change_rate) from [<c07456f4>] (clk_change_rate+0x108/0x184)
[    0.000000] Division by zero in kernel.
[    0.000000] CPU: 0 PID: 0 Comm: swapper/0 Not tainted 3.17.0-rc2-next-20140829-00002-ga3d5d6c #1
[    0.000000] [<c0215ad4>] (unwind_backtrace) from [<c02114c8>] (show_stack+0x10/0x14)
[    0.000000] [<c02114c8>] (show_stack) from [<c0865060>] (dump_stack+0x70/0x8c)
[    0.000000] [<c0865060>] (dump_stack) from [<c0416968>] (Ldiv0+0x8/0x10)
[    0.000000] [<c0416968>] (Ldiv0) from [<c0759758>] (ti_clk_divider_set_rate+0x14/0x14c)
[    0.000000] [<c0759758>] (ti_clk_divider_set_rate) from [<c0745724>] (clk_change_rate+0x138/0x184)
[    0.000000] [<c0745724>] (clk_change_rate) from [<c07456f4>] (clk_change_rate+0x108/0x184)
[    0.000000] Division by zero in kernel.
[    0.000000] CPU: 0 PID: 0 Comm: swapper/0 Not tainted 3.17.0-rc2-next-20140829-00002-ga3d5d6c #1
[    0.000000] [<c0215ad4>] (unwind_backtrace) from [<c02114c8>] (show_stack+0x10/0x14)
[    0.000000] [<c02114c8>] (show_stack) from [<c0865060>] (dump_stack+0x70/0x8c)
[    0.000000] [<c0865060>] (dump_stack) from [<c0416968>] (Ldiv0+0x8/0x10)
[    0.000000] [<c0416968>] (Ldiv0) from [<c0759758>] (ti_clk_divider_set_rate+0x14/0x14c)
[    0.000000] [<c0759758>] (ti_clk_divider_set_rate) from [<c0745724>] (clk_change_rate+0x138/0x184)
[    0.000000] [<c0745724>] (clk_change_rate) from [<c07456f4>] (clk_change_rate+0x108/0x184)
[    0.000000] Division by zero in kernel.
[    0.000000] CPU: 0 PID: 0 Comm: swapper/0 Not tainted 3.17.0-rc2-next-20140829-00002-ga3d5d6c #1
[    0.000000] [<c0215ad4>] (unwind_backtrace) from [<c02114c8>] (show_stack+0x10/0x14)
[    0.000000] [<c02114c8>] (show_stack) from [<c0865060>] (dump_stack+0x70/0x8c)
[    0.000000] [<c0865060>] (dump_stack) from [<c0416968>] (Ldiv0+0x8/0x10)
[    0.000000] [<c0416968>] (Ldiv0) from [<c0759758>] (ti_clk_divider_set_rate+0x14/0x14c)
[    0.000000] [<c0759758>] (ti_clk_divider_set_rate) from [<c0745724>] (clk_change_rate+0x138/0x184)
[    0.000000] [<c0745724>] (clk_change_rate) from [<c07456f4>] (clk_change_rate+0x108/0x184)
[    0.000000] Division by zero in kernel.
[    0.000000] CPU: 0 PID: 0 Comm: swapper/0 Not tainted 3.17.0-rc2-next-20140829-00002-ga3d5d6c #1
[    0.000000] [<c0215ad4>] (unwind_backtrace) from [<c02114c8>] (show_stack+0x10/0x14)
[    0.000000] [<c02114c8>] (show_stack) from [<c0865060>] (dump_stack+0x70/0x8c)
[    0.000000] [<c0865060>] (dump_stack) from [<c0416968>] (Ldiv0+0x8/0x10)
[    0.000000] [<c0416968>] (Ldiv0) from [<c0759758>] (ti_clk_divider_set_rate+0x14/0x14c)
[    0.000000] [<c0759758>] (ti_clk_divider_set_rate) from [<c0745724>] (clk_change_rate+0x138/0x184)
[    0.000000] [<c0745724>] (clk_change_rate) from [<c07456f4>] (clk_change_rate+0x108/0x184)
[    0.000000] Division by zero in kernel.
[    0.000000] CPU: 0 PID: 0 Comm: swapper/0 Not tainted 3.17.0-rc2-next-20140829-00002-ga3d5d6c #1
[    0.000000] [<c0215ad4>] (unwind_backtrace) from [<c02114c8>] (show_stack+0x10/0x14)
[    0.000000] [<c02114c8>] (show_stack) from [<c0865060>] (dump_stack+0x70/0x8c)
[    0.000000] [<c0865060>] (dump_stack) from [<c0416968>] (Ldiv0+0x8/0x10)
[    0.000000] [<c0416968>] (Ldiv0) from [<c0759758>] (ti_clk_divider_set_rate+0x14/0x14c)
[    0.000000] [<c0759758>] (ti_clk_divider_set_rate) from [<c0745724>] (clk_change_rate+0x138/0x184)
[    0.000000] [<c0745724>] (clk_change_rate) from [<c07456f4>] (clk_change_rate+0x108/0x184)
[    0.000000] Division by zero in kernel.
[    0.000000] CPU: 0 PID: 0 Comm: swapper/0 Not tainted 3.17.0-rc2-next-20140829-00002-ga3d5d6c #1
[    0.000000] [<c0215ad4>] (unwind_backtrace) from [<c02114c8>] (show_stack+0x10/0x14)
[    0.000000] [<c02114c8>] (show_stack) from [<c0865060>] (dump_stack+0x70/0x8c)
[    0.000000] [<c0865060>] (dump_stack) from [<c0416968>] (Ldiv0+0x8/0x10)
[    0.000000] [<c0416968>] (Ldiv0) from [<c0759758>] (ti_clk_divider_set_rate+0x14/0x14c)
[    0.000000] [<c0759758>] (ti_clk_divider_set_rate) from [<c0745724>] (clk_change_rate+0x138/0x184)
[    0.000000] [<c0745724>] (clk_change_rate) from [<c07456f4>] (clk_change_rate+0x108/0x184)
[    0.000000] Division by zero in kernel.
[    0.000000] CPU: 0 PID: 0 Comm: swapper/0 Not tainted 3.17.0-rc2-next-20140829-00002-ga3d5d6c #1
[    0.000000] [<c0215ad4>] (unwind_backtrace) from [<c02114c8>] (show_stack+0x10/0x14)
[    0.000000] [<c02114c8>] (show_stack) from [<c0865060>] (dump_stack+0x70/0x8c)
[    0.000000] [<c0865060>] (dump_stack) from [<c0416968>] (Ldiv0+0x8/0x10)
[    0.000000] [<c0416968>] (Ldiv0) from [<c0759758>] (ti_clk_divider_set_rate+0x14/0x14c)
[    0.000000] [<c0759758>] (ti_clk_divider_set_rate) from [<c0745724>] (clk_change_rate+0x138/0x184)
[    0.000000] [<c0745724>] (clk_change_rate) from [<c07456f4>] (clk_change_rate+0x108/0x184)
[    0.000000] Division by zero in kernel.
[    0.000000] CPU: 0 PID: 0 Comm: swapper/0 Not tainted 3.17.0-rc2-next-20140829-00002-ga3d5d6c #1
[    0.000000] [<c0215ad4>] (unwind_backtrace) from [<c02114c8>] (show_stack+0x10/0x14)
[    0.000000] [<c02114c8>] (show_stack) from [<c0865060>] (dump_stack+0x70/0x8c)
[    0.000000] [<c0865060>] (dump_stack) from [<c0416968>] (Ldiv0+0x8/0x10)
[    0.000000] [<c0416968>] (Ldiv0) from [<c0759758>] (ti_clk_divider_set_rate+0x14/0x14c)
[    0.000000] [<c0759758>] (ti_clk_divider_set_rate) from [<c0745724>] (clk_change_rate+0x138/0x184)
[    0.000000] [<c0745724>] (clk_change_rate) from [<c07456f4>] (clk_change_rate+0x108/0x184)
[    0.000000] Division by zero in kernel.
[    0.000000] CPU: 0 PID: 0 Comm: swapper/0 Not tainted 3.17.0-rc2-next-20140829-00002-ga3d5d6c #1
[    0.000000] [<c0215ad4>] (unwind_backtrace) from [<c02114c8>] (show_stack+0x10/0x14)
[    0.000000] [<c02114c8>] (show_stack) from [<c0865060>] (dump_stack+0x70/0x8c)
[    0.000000] [<c0865060>] (dump_stack) from [<c0416968>] (Ldiv0+0x8/0x10)
[    0.000000] [<c0416968>] (Ldiv0) from [<c0759758>] (ti_clk_divider_set_rate+0x14/0x14c)
[    0.000000] [<c0759758>] (ti_clk_divider_set_rate) from [<c0745724>] (clk_change_rate+0x138/0x184)
[    0.000000] [<c0745724>] (clk_change_rate) from [<c07456f4>] (clk_change_rate+0x108/0x184)
[    0.000000] Division by zero in kernel.
[    0.000000] CPU: 0 PID: 0 Comm: swapper/0 Not tainted 3.17.0-rc2-next-20140829-00002-ga3d5d6c #1
[    0.000000] [<c0215ad4>] (unwind_backtrace) from [<c02114c8>] (show_stack+0x10/0x14)
[    0.000000] [<c02114c8>] (show_stack) from [<c0865060>] (dump_stack+0x70/0x8c)
[    0.000000] [<c0865060>] (dump_stack) from [<c0416968>] (Ldiv0+0x8/0x10)
[    0.000000] [<c0416968>] (Ldiv0) from [<c0759758>] (ti_clk_divider_set_rate+0x14/0x14c)
[    0.000000] [<c0759758>] (ti_clk_divider_set_rate) from [<c0745724>] (clk_change_rate+0x138/0x184)
[    0.000000] [<c0745724>] (clk_change_rate) from [<c07456f4>] (clk_change_rate+0x108/0x184)
[    0.000000] Division by zero in kernel.
[    0.000000] CPU: 0 PID: 0 Comm: swapper/0 Not tainted 3.17.0-rc2-next-20140829-00002-ga3d5d6c #1
[    0.000000] [<c0215ad4>] (unwind_backtrace) from [<c02114c8>] (show_stack+0x10/0x14)
[    0.000000] [<c02114c8>] (show_stack) from [<c0865060>] (dump_stack+0x70/0x8c)
[    0.000000] [<c0865060>] (dump_stack) from [<c0416968>] (Ldiv0+0x8/0x10)
[    0.000000] [<c0416968>] (Ldiv0) from [<c0759758>] (ti_clk_divider_set_rate+0x14/0x14c)
[    0.000000] [<c0759758>] (ti_clk_divider_set_rate) from [<c0745724>] (clk_change_rate+0x138/0x184)
[    0.000000] [<c0745724>] (clk_change_rate) from [<c07456f4>] (clk_change_rate+0x108/0x184)
[    0.000000] Division by zero in kernel.
[    0.000000] CPU: 0 PID: 0 Comm: swapper/0 Not tainted 3.17.0-rc2-next-20140829-00002-ga3d5d6c #1
[    0.000000] [<c0215ad4>] (unwind_backtrace) from [<c02114c8>] (show_stack+0x10/0x14)
[    0.000000] [<c02114c8>] (show_stack) from [<c0865060>] (dump_stack+0x70/0x8c)
[    0.000000] [<c0865060>] (dump_stack) from [<c0416968>] (Ldiv0+0x8/0x10)
[    0.000000] [<c0416968>] (Ldiv0) from [<c0759758>] (ti_clk_divider_set_rate+0x14/0x14c)
[    0.000000] [<c0759758>] (ti_clk_divider_set_rate) from [<c0745724>] (clk_change_rate+0x138/0x184)
[    0.000000] [<c0745724>] (clk_change_rate) from [<c07456f4>] (clk_change_rate+0x108/0x184)
[    0.000000] Division by zero in kernel.
[    0.000000] CPU: 0 PID: 0 Comm: swapper/0 Not tainted 3.17.0-rc2-next-20140829-00002-ga3d5d6c #1
[    0.000000] [<c0215ad4>] (unwind_backtrace) from [<c02114c8>] (show_stack+0x10/0x14)
[    0.000000] [<c02114c8>] (show_stack) from [<c0865060>] (dump_stack+0x70/0x8c)
[    0.000000] [<c0865060>] (dump_stack) from [<c0416968>] (Ldiv0+0x8/0x10)
[    0.000000] [<c0416968>] (Ldiv0) from [<c0759758>] (ti_clk_divider_set_rate+0x14/0x14c)
[    0.000000] [<c0759758>] (ti_clk_divider_set_rate) from [<c0745724>] (clk_change_rate+0x138/0x184)
[    0.000000] [<c0745724>] (clk_change_rate) from [<c07456f4>] (clk_change_rate+0x108/0x184)
[    0.000000] Division by zero in kernel.
[    0.000000] CPU: 0 PID: 0 Comm: swapper/0 Not tainted 3.17.0-rc2-next-20140829-00002-ga3d5d6c #1
[    0.000000] [<c0215ad4>] (unwind_backtrace) from [<c02114c8>] (show_stack+0x10/0x14)
[    0.000000] [<c02114c8>] (show_stack) from [<c0865060>] (dump_stack+0x70/0x8c)
[    0.000000] [<c0865060>] (dump_stack) from [<c0416968>] (Ldiv0+0x8/0x10)
[    0.000000] [<c0416968>] (Ldiv0) from [<c0759758>] (ti_clk_divider_set_rate+0x14/0x14c)
[    0.000000] [<c0759758>] (ti_clk_divider_set_rate) from [<c0745724>] (clk_change_rate+0x138/0x184)
[    0.000000] [<c0745724>] (clk_change_rate) from [<c07456f4>] (clk_change_rate+0x108/0x184)
[    0.000000] Division by zero in kernel.
[    0.000000] CPU: 0 PID: 0 Comm: swapper/0 Not tainted 3.17.0-rc2-next-20140829-00002-ga3d5d6c #1
[    0.000000] [<c0215ad4>] (unwind_backtrace) from [<c02114c8>] (show_stack+0x10/0x14)
[    0.000000] [<c02114c8>] (show_stack) from [<c0865060>] (dump_stack+0x70/0x8c)
[    0.000000] [<c0865060>] (dump_stack) from [<c0416968>] (Ldiv0+0x8/0x10)
[    0.000000] [<c0416968>] (Ldiv0) from [<c0759758>] (ti_clk_divider_set_rate+0x14/0x14c)
[    0.000000] [<c0759758>] (ti_clk_divider_set_rate) from [<c0745724>] (clk_change_rate+0x138/0x184)
[    0.000000] [<c0745724>] (clk_change_rate) from [<c07456f4>] (clk_change_rate+0x108/0x184)
[    0.000000] Division by zero in kernel.
[    0.000000] CPU: 0 PID: 0 Comm: swapper/0 Not tainted 3.17.0-rc2-next-20140829-00002-ga3d5d6c #1
[    0.000000] [<c0215ad4>] (unwind_backtrace) from [<c02114c8>] (show_stack+0x10/0x14)
[    0.000000] [<c02114c8>] (show_stack) from [<c0865060>] (dump_stack+0x70/0x8c)
[    0.000000] [<c0865060>] (dump_stack) from [<c0416968>] (Ldiv0+0x8/0x10)
[    0.000000] [<c0416968>] (Ldiv0) from [<c0759758>] (ti_clk_divider_set_rate+0x14/0x14c)
[    0.000000] [<c0759758>] (ti_clk_divider_set_rate) from [<c0745724>] (clk_change_rate+0x138/0x184)
[    0.000000] [<c0745724>] (clk_change_rate) from [<c07456f4>] (clk_change_rate+0x108/0x184)
[    0.000000] Division by zero in kernel.
[    0.000000] CPU: 0 PID: 0 Comm: swapper/0 Not tainted 3.17.0-rc2-next-20140829-00002-ga3d5d6c #1
[    0.000000] [<c0215ad4>] (unwind_backtrace) from [<c02114c8>] (show_stack+0x10/0x14)
[    0.000000] [<c02114c8>] (show_stack) from [<c0865060>] (dump_stack+0x70/0x8c)
[    0.000000] [<c0865060>] (dump_stack) from [<c0416968>] (Ldiv0+0x8/0x10)
[    0.000000] [<c0416968>] (Ldiv0) from [<c0759758>] (ti_clk_divider_set_rate+0x14/0x14c)
[    0.000000] [<c0759758>] (ti_clk_divider_set_rate) from [<c0745724>] (clk_change_rate+0x138/0x184)
[    0.000000] [<c0745724>] (clk_change_rate) from [<c07456f4>] (clk_change_rate+0x108/0x184)
[    0.000000] Division by zero in kernel.
[    0.000000] CPU: 0 PID: 0 Comm: swapper/0 Not tainted 3.17.0-rc2-next-20140829-00002-ga3d5d6c #1
[    0.000000] [<c0215ad4>] (unwind_backtrace) from [<c02114c8>] (show_stack+0x10/0x14)
[    0.000000] [<c02114c8>] (show_stack) from [<c0865060>] (dump_stack+0x70/0x8c)
[    0.000000] [<c0865060>] (dump_stack) from [<c0416968>] (Ldiv0+0x8/0x10)
[    0.000000] [<c0416968>] (Ldiv0) from [<c0759758>] (ti_clk_divider_set_rate+0x14/0x14c)
[    0.000000] [<c0759758>] (ti_clk_divider_set_rate) from [<c0745724>] (clk_change_rate+0x138/0x184)
[    0.000000] [<c0745724>] (clk_change_rate) from [<c07456f4>] (clk_change_rate+0x108/0x184)
[    0.000000] Division by zero in kernel.
[    0.000000] CPU: 0 PID: 0 Comm: swapper/0 Not tainted 3.17.0-rc2-next-20140829-00002-ga3d5d6c #1
[    0.000000] [<c0215ad4>] (unwind_backtrace) from [<c02114c8>] (show_stack+0x10/0x14)
[    0.000000] [<c02114c8>] (show_stack) from [<c0865060>] (dump_stack+0x70/0x8c)
[    0.000000] [<c0865060>] (dump_stack) from [<c0416968>] (Ldiv0+0x8/0x10)
[    0.000000] [<c0416968>] (Ldiv0) from [<c0759758>] (ti_clk_divider_set_rate+0x14/0x14c)
[    0.000000] [<c0759758>] (ti_clk_divider_set_rate) from [<c0745724>] (clk_change_rate+0x138/0x184)
[    0.000000] [<c0745724>] (clk_change_rate) from [<c07456f4>] (clk_change_rate+0x108/0x184)
[    0.000000] Division by zero in kernel.
[    0.000000] CPU: 0 PID: 0 Comm: swapper/0 Not tainted 3.17.0-rc2-next-20140829-00002-ga3d5d6c #1
[    0.000000] [<c0215ad4>] (unwind_backtrace) from [<c02114c8>] (show_stack+0x10/0x14)
[    0.000000] [<c02114c8>] (show_stack) from [<c0865060>] (dump_stack+0x70/0x8c)
[    0.000000] [<c0865060>] (dump_stack) from [<c0416968>] (Ldiv0+0x8/0x10)
[    0.000000] [<c0416968>] (Ldiv0) from [<c0759758>] (ti_clk_divider_set_rate+0x14/0x14c)
[    0.000000] [<c0759758>] (ti_clk_divider_set_rate) from [<c0745724>] (clk_change_rate+0x138/0x184)
[    0.000000] [<c0745724>] (clk_change_rate) from [<c07456f4>] (clk_change_rate+0x108/0x184)
[    0.000000] Division by zero in kernel.
[    0.000000] CPU: 0 PID: 0 Comm: swapper/0 Not tainted 3.17.0-rc2-next-20140829-00002-ga3d5d6c #1
[    0.000000] [<c0215ad4>] (unwind_backtrace) from [<c02114c8>] (show_stack+0x10/0x14)
[    0.000000] [<c02114c8>] (show_stack) from [<c0865060>] (dump_stack+0x70/0x8c)
[    0.000000] [<c0865060>] (dump_stack) from [<c0416968>] (Ldiv0+0x8/0x10)
[    0.000000] [<c0416968>] (Ldiv0) from [<c0759758>] (ti_clk_divider_set_rate+0x14/0x14c)
[    0.000000] [<c0759758>] (ti_clk_divider_set_rate) from [<c0745724>] (clk_change_rate+0x138/0x184)
[    0.000000] [<c0745724>] (clk_change_rate) from [<c07456f4>] (clk_change_rate+0x108/0x184)
[    0.000000] Division by zero in kernel.
[    0.000000] CPU: 0 PID: 0 Comm: swapper/0 Not tainted 3.17.0-rc2-next-20140829-00002-ga3d5d6c #1
[    0.000000] [<c0215ad4>] (unwind_backtrace) from [<c02114c8>] (show_stack+0x10/0x14)
[    0.000000] [<c02114c8>] (show_stack) from [<c0865060>] (dump_stack+0x70/0x8c)
[    0.000000] [<c0865060>] (dump_stack) from [<c0416968>] (Ldiv0+0x8/0x10)
[    0.000000] [<c0416968>] (Ldiv0) from [<c0759758>] (ti_clk_divider_set_rate+0x14/0x14c)
[    0.000000] [<c0759758>] (ti_clk_divider_set_rate) from [<c0745724>] (clk_change_rate+0x138/0x184)
[    0.000000] [<c0745724>] (clk_change_rate) from [<c07456f4>] (clk_change_rate+0x108/0x184)
[    0.000000] Division by zero in kernel.
[    0.000000] CPU: 0 PID: 0 Comm: swapper/0 Not tainted 3.17.0-rc2-next-20140829-00002-ga3d5d6c #1
[    0.000000] [<c0215ad4>] (unwind_backtrace) from [<c02114c8>] (show_stack+0x10/0x14)
[    0.000000] [<c02114c8>] (show_stack) from [<c0865060>] (dump_stack+0x70/0x8c)
[    0.000000] [<c0865060>] (dump_stack) from [<c0416968>] (Ldiv0+0x8/0x10)
[    0.000000] [<c0416968>] (Ldiv0) from [<c0759758>] (ti_clk_divider_set_rate+0x14/0x14c)
[    0.000000] [<c0759758>] (ti_clk_divider_set_rate) from [<c0745724>] (clk_change_rate+0x138/0x184)
[    0.000000] [<c0745724>] (clk_change_rate) from [<c07456f4>] (clk_change_rate+0x108/0x184)
[    0.000000] Division by zero in kernel.
[    0.000000] CPU: 0 PID: 0 Comm: swapper/0 Not tainted 3.17.0-rc2-next-20140829-00002-ga3d5d6c #1
[    0.000000] [<c0215ad4>] (unwind_backtrace) from [<c02114c8>] (show_stack+0x10/0x14)
[    0.000000] [<c02114c8>] (show_stack) from [<c0865060>] (dump_stack+0x70/0x8c)
[    0.000000] [<c0865060>] (dump_stack) from [<c0416968>] (Ldiv0+0x8/0x10)
[    0.000000] [<c0416968>] (Ldiv0) from [<c0759758>] (ti_clk_divider_set_rate+0x14/0x14c)
[    0.000000] [<c0759758>] (ti_clk_divider_set_rate) from [<c0745724>] (clk_change_rate+0x138/0x184)
[    0.000000] [<c0745724>] (clk_change_rate) from [<c07456f4>] (clk_change_rate+0x108/0x184)
[    0.000000] Division by zero in kernel.
[    0.000000] CPU: 0 PID: 0 Comm: swapper/0 Not tainted 3.17.0-rc2-next-20140829-00002-ga3d5d6c #1
[    0.000000] [<c0215ad4>] (unwind_backtrace) from [<c02114c8>] (show_stack+0x10/0x14)
[    0.000000] [<c02114c8>] (show_stack) from [<c0865060>] (dump_stack+0x70/0x8c)
[    0.000000] [<c0865060>] (dump_stack) from [<c0416968>] (Ldiv0+0x8/0x10)
[    0.000000] [<c0416968>] (Ldiv0) from [<c0759758>] (ti_clk_divider_set_rate+0x14/0x14c)
[    0.000000] [<c0759758>] (ti_clk_divider_set_rate) from [<c0745724>] (clk_change_rate+0x138/0x184)
[    0.000000] [<c0745724>] (clk_change_rate) from [<c07456f4>] (clk_change_rate+0x108/0x184)
[    0.000000] Division by zero in kernel.
[    0.000000] CPU: 0 PID: 0 Comm: swapper/0 Not tainted 3.17.0-rc2-next-20140829-00002-ga3d5d6c #1
[    0.000000] [<c0215ad4>] (unwind_backtrace) from [<c02114c8>] (show_stack+0x10/0x14)
[    0.000000] [<c02114c8>] (show_stack) from [<c0865060>] (dump_stack+0x70/0x8c)
[    0.000000] [<c0865060>] (dump_stack) from [<c0416968>] (Ldiv0+0x8/0x10)
[    0.000000] [<c0416968>] (Ldiv0) from [<c0759758>] (ti_clk_divider_set_rate+0x14/0x14c)
[    0.000000] [<c0759758>] (ti_clk_divider_set_rate) from [<c0745724>] (clk_change_rate+0x138/0x184)
[    0.000000] [<c0745724>] (clk_change_rate) from [<c07456f4>] (clk_change_rate+0x108/0x184)
[    0.000000] Division by zero in kernel.
[    0.000000] CPU: 0 PID: 0 Comm: swapper/0 Not tainted 3.17.0-rc2-next-20140829-00002-ga3d5d6c #1
[    0.000000] [<c0215ad4>] (unwind_backtrace) from [<c02114c8>] (show_stack+0x10/0x14)
[    0.000000] [<c02114c8>] (show_stack) from [<c0865060>] (dump_stack+0x70/0x8c)
[    0.000000] [<c0865060>] (dump_stack) from [<c0416968>] (Ldiv0+0x8/0x10)
[    0.000000] [<c0416968>] (Ldiv0) from [<c0759758>] (ti_clk_divider_set_rate+0x14/0x14c)
[    0.000000] [<c0759758>] (ti_clk_divider_set_rate) from [<c0745724>] (clk_change_rate+0x138/0x184)
[    0.000000] [<c0745724>] (clk_change_rate) from [<c07456f4>] (clk_change_rate+0x108/0x184)
[    0.000000] Division by zero in kernel.
[    0.000000] CPU: 0 PID: 0 Comm: swapper/0 Not tainted 3.17.0-rc2-next-20140829-00002-ga3d5d6c #1
[    0.000000] [<c0215ad4>] (unwind_backtrace) from [<c02114c8>] (show_stack+0x10/0x14)
[    0.000000] [<c02114c8>] (show_stack) from [<c0865060>] (dump_stack+0x70/0x8c)
[    0.000000] [<c0865060>] (dump_stack) from [<c0416968>] (Ldiv0+0x8/0x10)
[    0.000000] [<c0416968>] (Ldiv0) from [<c075a480>] (atl_clk_set_rate+0x10/0x2c)
[    0.000000] [<c075a480>] (atl_clk_set_rate) from [<c0745724>] (clk_change_rate+0x138/0x184)
[    0.000000] [<c0745724>] (clk_change_rate) from [<c07456f4>] (clk_change_rate+0x108/0x184)
[    0.000000] Division by zero in kernel.
[    0.000000] CPU: 0 PID: 0 Comm: swapper/0 Not tainted 3.17.0-rc2-next-20140829-00002-ga3d5d6c #1
[    0.000000] [<c0215ad4>] (unwind_backtrace) from [<c02114c8>] (show_stack+0x10/0x14)
[    0.000000] [<c02114c8>] (show_stack) from [<c0865060>] (dump_stack+0x70/0x8c)
[    0.000000] [<c0865060>] (dump_stack) from [<c0416968>] (Ldiv0+0x8/0x10)
[    0.000000] [<c0416968>] (Ldiv0) from [<c075a480>] (atl_clk_set_rate+0x10/0x2c)
[    0.000000] [<c075a480>] (atl_clk_set_rate) from [<c0745724>] (clk_change_rate+0x138/0x184)
[    0.000000] [<c0745724>] (clk_change_rate) from [<c07456f4>] (clk_change_rate+0x108/0x184)
[    0.000000] Division by zero in kernel.
[    0.000000] CPU: 0 PID: 0 Comm: swapper/0 Not tainted 3.17.0-rc2-next-20140829-00002-ga3d5d6c #1
[    0.000000] [<c0215ad4>] (unwind_backtrace) from [<c02114c8>] (show_stack+0x10/0x14)
[    0.000000] [<c02114c8>] (show_stack) from [<c0865060>] (dump_stack+0x70/0x8c)
[    0.000000] [<c0865060>] (dump_stack) from [<c0416968>] (Ldiv0+0x8/0x10)
[    0.000000] [<c0416968>] (Ldiv0) from [<c075a480>] (atl_clk_set_rate+0x10/0x2c)
[    0.000000] [<c075a480>] (atl_clk_set_rate) from [<c0745724>] (clk_change_rate+0x138/0x184)
[    0.000000] [<c0745724>] (clk_change_rate) from [<c07456f4>] (clk_change_rate+0x108/0x184)
[    0.000000] Division by zero in kernel.
[    0.000000] CPU: 0 PID: 0 Comm: swapper/0 Not tainted 3.17.0-rc2-next-20140829-00002-ga3d5d6c #1
[    0.000000] [<c0215ad4>] (unwind_backtrace) from [<c02114c8>] (show_stack+0x10/0x14)
[    0.000000] [<c02114c8>] (show_stack) from [<c0865060>] (dump_stack+0x70/0x8c)
[    0.000000] [<c0865060>] (dump_stack) from [<c0416968>] (Ldiv0+0x8/0x10)
[    0.000000] [<c0416968>] (Ldiv0) from [<c075a480>] (atl_clk_set_rate+0x10/0x2c)
[    0.000000] [<c075a480>] (atl_clk_set_rate) from [<c0745724>] (clk_change_rate+0x138/0x184)
[    0.000000] [<c0745724>] (clk_change_rate) from [<c07456f4>] (clk_change_rate+0x108/0x184)
[    0.000000] Division by zero in kernel.
[    0.000000] CPU: 0 PID: 0 Comm: swapper/0 Not tainted 3.17.0-rc2-next-20140829-00002-ga3d5d6c #1
[    0.000000] [<c0215ad4>] (unwind_backtrace) from [<c02114c8>] (show_stack+0x10/0x14)
[    0.000000] [<c02114c8>] (show_stack) from [<c0865060>] (dump_stack+0x70/0x8c)
[    0.000000] [<c0865060>] (dump_stack) from [<c0416968>] (Ldiv0+0x8/0x10)
[    0.000000] [<c0416968>] (Ldiv0) from [<c0759758>] (ti_clk_divider_set_rate+0x14/0x14c)
[    0.000000] [<c0759758>] (ti_clk_divider_set_rate) from [<c0745724>] (clk_change_rate+0x138/0x184)
[    0.000000] [<c0745724>] (clk_change_rate) from [<c07456f4>] (clk_change_rate+0x108/0x184)
[    0.000000] Division by zero in kernel.
[    0.000000] CPU: 0 PID: 0 Comm: swapper/0 Not tainted 3.17.0-rc2-next-20140829-00002-ga3d5d6c #1
[    0.000000] [<c0215ad4>] (unwind_backtrace) from [<c02114c8>] (show_stack+0x10/0x14)
[    0.000000] [<c02114c8>] (show_stack) from [<c0865060>] (dump_stack+0x70/0x8c)
[    0.000000] [<c0865060>] (dump_stack) from [<c0416968>] (Ldiv0+0x8/0x10)
[    0.000000] [<c0416968>] (Ldiv0) from [<c0759758>] (ti_clk_divider_set_rate+0x14/0x14c)
[    0.000000] [<c0759758>] (ti_clk_divider_set_rate) from [<c0745724>] (clk_change_rate+0x138/0x184)
[    0.000000] [<c0745724>] (clk_change_rate) from [<c07456f4>] (clk_change_rate+0x108/0x184)
[    0.000000] Division by zero in kernel.
[    0.000000] CPU: 0 PID: 0 Comm: swapper/0 Not tainted 3.17.0-rc2-next-20140829-00002-ga3d5d6c #1
[    0.000000] [<c0215ad4>] (unwind_backtrace) from [<c02114c8>] (show_stack+0x10/0x14)
[    0.000000] [<c02114c8>] (show_stack) from [<c0865060>] (dump_stack+0x70/0x8c)
[    0.000000] [<c0865060>] (dump_stack) from [<c0416968>] (Ldiv0+0x8/0x10)
[    0.000000] [<c0416968>] (Ldiv0) from [<c0759758>] (ti_clk_divider_set_rate+0x14/0x14c)
[    0.000000] [<c0759758>] (ti_clk_divider_set_rate) from [<c0745724>] (clk_change_rate+0x138/0x184)
[    0.000000] [<c0745724>] (clk_change_rate) from [<c07456f4>] (clk_change_rate+0x108/0x184)
[    0.000000] Division by zero in kernel.
[    0.000000] CPU: 0 PID: 0 Comm: swapper/0 Not tainted 3.17.0-rc2-next-20140829-00002-ga3d5d6c #1
[    0.000000] [<c0215ad4>] (unwind_backtrace) from [<c02114c8>] (show_stack+0x10/0x14)
[    0.000000] [<c02114c8>] (show_stack) from [<c0865060>] (dump_stack+0x70/0x8c)
[    0.000000] [<c0865060>] (dump_stack) from [<c0416968>] (Ldiv0+0x8/0x10)
[    0.000000] [<c0416968>] (Ldiv0) from [<c0759758>] (ti_clk_divider_set_rate+0x14/0x14c)
[    0.000000] [<c0759758>] (ti_clk_divider_set_rate) from [<c0745724>] (clk_change_rate+0x138/0x184)
[    0.000000] [<c0745724>] (clk_change_rate) from [<c07456f4>] (clk_change_rate+0x108/0x184)
[    0.000000] Division by zero in kernel.
[    0.000000] CPU: 0 PID: 0 Comm: swapper/0 Not tainted 3.17.0-rc2-next-20140829-00002-ga3d5d6c #1
[    0.000000] [<c0215ad4>] (unwind_backtrace) from [<c02114c8>] (show_stack+0x10/0x14)
[    0.000000] [<c02114c8>] (show_stack) from [<c0865060>] (dump_stack+0x70/0x8c)
[    0.000000] [<c0865060>] (dump_stack) from [<c0416968>] (Ldiv0+0x8/0x10)
[    0.000000] [<c0416968>] (Ldiv0) from [<c0759758>] (ti_clk_divider_set_rate+0x14/0x14c)
[    0.000000] [<c0759758>] (ti_clk_divider_set_rate) from [<c0745724>] (clk_change_rate+0x138/0x184)
[    0.000000] [<c0745724>] (clk_change_rate) from [<c07456f4>] (clk_change_rate+0x108/0x184)
[    0.000000] Division by zero in kernel.
[    0.000000] CPU: 0 PID: 0 Comm: swapper/0 Not tainted 3.17.0-rc2-next-20140829-00002-ga3d5d6c #1
[    0.000000] [<c0215ad4>] (unwind_backtrace) from [<c02114c8>] (show_stack+0x10/0x14)
[    0.000000] [<c02114c8>] (show_stack) from [<c0865060>] (dump_stack+0x70/0x8c)
[    0.000000] [<c0865060>] (dump_stack) from [<c0416968>] (Ldiv0+0x8/0x10)
[    0.000000] [<c0416968>] (Ldiv0) from [<c0759758>] (ti_clk_divider_set_rate+0x14/0x14c)
[    0.000000] [<c0759758>] (ti_clk_divider_set_rate) from [<c0745724>] (clk_change_rate+0x138/0x184)
[    0.000000] [<c0745724>] (clk_change_rate) from [<c07456f4>] (clk_change_rate+0x108/0x184)
[    0.000000] Division by zero in kernel.
[    0.000000] CPU: 0 PID: 0 Comm: swapper/0 Not tainted 3.17.0-rc2-next-20140829-00002-ga3d5d6c #1
[    0.000000] [<c0215ad4>] (unwind_backtrace) from [<c02114c8>] (show_stack+0x10/0x14)
[    0.000000] [<c02114c8>] (show_stack) from [<c0865060>] (dump_stack+0x70/0x8c)
[    0.000000] [<c0865060>] (dump_stack) from [<c0416968>] (Ldiv0+0x8/0x10)
[    0.000000] [<c0416968>] (Ldiv0) from [<c0759758>] (ti_clk_divider_set_rate+0x14/0x14c)
[    0.000000] [<c0759758>] (ti_clk_divider_set_rate) from [<c0745724>] (clk_change_rate+0x138/0x184)
[    0.000000] [<c0745724>] (clk_change_rate) from [<c07456f4>] (clk_change_rate+0x108/0x184)
[    0.000000] Division by zero in kernel.
[    0.000000] CPU: 0 PID: 0 Comm: swapper/0 Not tainted 3.17.0-rc2-next-20140829-00002-ga3d5d6c #1
[    0.000000] [<c0215ad4>] (unwind_backtrace) from [<c02114c8>] (show_stack+0x10/0x14)
[    0.000000] [<c02114c8>] (show_stack) from [<c0865060>] (dump_stack+0x70/0x8c)
[    0.000000] [<c0865060>] (dump_stack) from [<c0416968>] (Ldiv0+0x8/0x10)
[    0.000000] [<c0416968>] (Ldiv0) from [<c0759758>] (ti_clk_divider_set_rate+0x14/0x14c)
[    0.000000] [<c0759758>] (ti_clk_divider_set_rate) from [<c0745724>] (clk_change_rate+0x138/0x184)
[    0.000000] [<c0745724>] (clk_change_rate) from [<c07456f4>] (clk_change_rate+0x108/0x184)
[    0.000000] Division by zero in kernel.
[    0.000000] CPU: 0 PID: 0 Comm: swapper/0 Not tainted 3.17.0-rc2-next-20140829-00002-ga3d5d6c #1
[    0.000000] [<c0215ad4>] (unwind_backtrace) from [<c02114c8>] (show_stack+0x10/0x14)
[    0.000000] [<c02114c8>] (show_stack) from [<c0865060>] (dump_stack+0x70/0x8c)
[    0.000000] [<c0865060>] (dump_stack) from [<c0416968>] (Ldiv0+0x8/0x10)
[    0.000000] [<c0416968>] (Ldiv0) from [<c0759758>] (ti_clk_divider_set_rate+0x14/0x14c)
[    0.000000] [<c0759758>] (ti_clk_divider_set_rate) from [<c0745724>] (clk_change_rate+0x138/0x184)
[    0.000000] [<c0745724>] (clk_change_rate) from [<c07456f4>] (clk_change_rate+0x108/0x184)
[    0.000000] Division by zero in kernel.
[    0.000000] CPU: 0 PID: 0 Comm: swapper/0 Not tainted 3.17.0-rc2-next-20140829-00002-ga3d5d6c #1
[    0.000000] [<c0215ad4>] (unwind_backtrace) from [<c02114c8>] (show_stack+0x10/0x14)
[    0.000000] [<c02114c8>] (show_stack) from [<c0865060>] (dump_stack+0x70/0x8c)
[    0.000000] [<c0865060>] (dump_stack) from [<c0416968>] (Ldiv0+0x8/0x10)
[    0.000000] [<c0416968>] (Ldiv0) from [<c0759758>] (ti_clk_divider_set_rate+0x14/0x14c)
[    0.000000] [<c0759758>] (ti_clk_divider_set_rate) from [<c0745724>] (clk_change_rate+0x138/0x184)
[    0.000000] [<c0745724>] (clk_change_rate) from [<c07456f4>] (clk_change_rate+0x108/0x184)
[    0.000000] Division by zero in kernel.
[    0.000000] CPU: 0 PID: 0 Comm: swapper/0 Not tainted 3.17.0-rc2-next-20140829-00002-ga3d5d6c #1
[    0.000000] [<c0215ad4>] (unwind_backtrace) from [<c02114c8>] (show_stack+0x10/0x14)
[    0.000000] [<c02114c8>] (show_stack) from [<c0865060>] (dump_stack+0x70/0x8c)
[    0.000000] [<c0865060>] (dump_stack) from [<c0416968>] (Ldiv0+0x8/0x10)
[    0.000000] [<c0416968>] (Ldiv0) from [<c0759758>] (ti_clk_divider_set_rate+0x14/0x14c)
[    0.000000] [<c0759758>] (ti_clk_divider_set_rate) from [<c0745724>] (clk_change_rate+0x138/0x184)
[    0.000000] [<c0745724>] (clk_change_rate) from [<c07456f4>] (clk_change_rate+0x108/0x184)
[    0.000000] OMAP clockevent source: timer1 at 32768 Hz
[    0.000000] sched_clock: 32 bits at 32kHz, resolution 30517ns, wraps every 65536000000000ns
[    0.000000] OMAP clocksource: 32k_counter at 32768 Hz
[    0.000335] Architected cp15 timer(s) running at 6.14MHz (virt).
[    0.000370] sched_clock: 56 bits at 6MHz, resolution 162ns, wraps every 2796202663936ns
[    0.000381] Switching to timer-based delay loop, resolution 162ns
[    0.004184] Console: colour dummy device 80x30
[    0.004202] Calibrating delay loop (skipped), value calculated using timer frequency.. 12.28 BogoMIPS (lpj=30720)
[    0.004213] pid_max: default: 32768 minimum: 301
[    0.004301] Mount-cache hash table entries: 2048 (order: 1, 8192 bytes)
[    0.004309] Mountpoint-cache hash table entries: 2048 (order: 1, 8192 bytes)
[    0.004714] CPU: Testing write buffer coherency: ok
[    0.004890] /cpus/cpu@0 missing clock-frequency property
[    0.004914] /cpus/cpu@1 missing clock-frequency property
[    0.004923] CPU0: thread -1, cpu 0, socket 0, mpidr 80000000
[    0.004956] Setting up static identity map for 0x80869af8 - 0x80869b90
[    0.007126] CPU1: Booted secondary processor
[    0.007148] CPU1: thread -1, cpu 1, socket 0, mpidr 80000001
[    0.007202] Brought up 2 CPUs
[    0.007213] SMP: Total of 2 processors activated.
[    0.007219] CPU: All CPU(s) started in SVC mode.
[    0.007565] devtmpfs: initialized
[    0.008168] VFP support v0.3: implementor 41 architecture 4 part 30 variant f rev 0
[    0.008221] omap_hwmod: l3_main_2 using broken dt data from ocp
[    0.014539] ------------[ cut here ]------------
[    0.014553] WARNING: CPU: 0 PID: 1 at arch/arm/mach-omap2/omap_hwmod.c:2542 _init+0x1c4/0x3dc()
[    0.014559] omap_hwmod: gmac: doesn't have mpu register target base
[    0.014563] Modules linked in:
[    0.014575] CPU: 0 PID: 1 Comm: swapper/0 Not tainted 3.17.0-rc2-next-20140829-00002-ga3d5d6c #1
[    0.014594] [<c0215ad4>] (unwind_backtrace) from [<c02114c8>] (show_stack+0x10/0x14)
[    0.014610] [<c02114c8>] (show_stack) from [<c0865060>] (dump_stack+0x70/0x8c)
[    0.014626] [<c0865060>] (dump_stack) from [<c0248874>] (warn_slowpath_common+0x64/0x84)
[    0.014638] [<c0248874>] (warn_slowpath_common) from [<c0248928>] (warn_slowpath_fmt+0x30/0x40)
[    0.014649] [<c0248928>] (warn_slowpath_fmt) from [<c0b6883c>] (_init+0x1c4/0x3dc)
[    0.014664] [<c0b6883c>] (_init) from [<c022e900>] (omap_hwmod_for_each+0x34/0x5c)
[    0.014676] [<c022e900>] (omap_hwmod_for_each) from [<c0b68ee4>] (__omap_hwmod_setup_all+0x24/0x40)
[    0.014687] [<c0b68ee4>] (__omap_hwmod_setup_all) from [<c0208ca4>] (do_one_initcall+0x80/0x1d0)
[    0.014698] [<c0208ca4>] (do_one_initcall) from [<c0b4dce0>] (kernel_init_freeable+0x10c/0x1d8)
[    0.014709] [<c0b4dce0>] (kernel_init_freeable) from [<c086077c>] (kernel_init+0x8/0xe4)
[    0.014720] [<c086077c>] (kernel_init) from [<c020e778>] (ret_from_fork+0x14/0x3c)
[    0.014738] ---[ end trace 52539cc32d397697 ]---
[    0.035389] ------------[ cut here ]------------
[    0.035403] WARNING: CPU: 0 PID: 1 at arch/arm/mach-omap2/omap_hwmod.c:2542 _init+0x1c4/0x3dc()
[    0.035409] omap_hwmod: rtcss: doesn't have mpu register target base
[    0.035413] Modules linked in:
[    0.035423] CPU: 0 PID: 1 Comm: swapper/0 Tainted: G        W      3.17.0-rc2-next-20140829-00002-ga3d5d6c #1
[    0.035438] [<c0215ad4>] (unwind_backtrace) from [<c02114c8>] (show_stack+0x10/0x14)
[    0.035451] [<c02114c8>] (show_stack) from [<c0865060>] (dump_stack+0x70/0x8c)
[    0.035464] [<c0865060>] (dump_stack) from [<c0248874>] (warn_slowpath_common+0x64/0x84)
[    0.035475] [<c0248874>] (warn_slowpath_common) from [<c0248928>] (warn_slowpath_fmt+0x30/0x40)
[    0.035486] [<c0248928>] (warn_slowpath_fmt) from [<c0b6883c>] (_init+0x1c4/0x3dc)
[    0.035498] [<c0b6883c>] (_init) from [<c022e900>] (omap_hwmod_for_each+0x34/0x5c)
[    0.035509] [<c022e900>] (omap_hwmod_for_each) from [<c0b68ee4>] (__omap_hwmod_setup_all+0x24/0x40)
[    0.035520] [<c0b68ee4>] (__omap_hwmod_setup_all) from [<c0208ca4>] (do_one_initcall+0x80/0x1d0)
[    0.035529] [<c0208ca4>] (do_one_initcall) from [<c0b4dce0>] (kernel_init_freeable+0x10c/0x1d8)
[    0.035539] [<c0b4dce0>] (kernel_init_freeable) from [<c086077c>] (kernel_init+0x8/0xe4)
[    0.035550] [<c086077c>] (kernel_init) from [<c020e778>] (ret_from_fork+0x14/0x3c)
[    0.035555] ---[ end trace 52539cc32d397698 ]---
[    0.055978] omap_hwmod: dss_core: _wait_target_disable failed
[    0.055988] omap_hwmod: dss_core: cannot be enabled for reset (3)
[    0.058504] omap_hwmod: dss_dispc: cannot be enabled for reset (3)
[    0.061069] omap_hwmod: dss_hdmi: cannot be enabled for reset (3)
[    0.132076] omap_hwmod: pcie1: _wait_target_disable failed
[    0.138354] omap_hwmod: pcie2: _wait_target_disable failed
[    0.140602] pinctrl core: initialized pinctrl subsystem
[    0.140943] regulator-dummy: no parameters
[    0.155752] NET: Registered protocol family 16
[    0.157203] DMA: preallocated 256 KiB pool for atomic coherent allocations
[    0.158610] cpuidle: using governor ladder
[    0.158623] cpuidle: using governor menu
[    0.161887] OMAP GPIO hardware version 0.1
[    0.168123] platform 4e000000.dmm: Cannot lookup hwmod 'dmm'
[    0.172408] omap-gpmc 50000000.gpmc: could not find pctldev for node /ocp/pinmux@4a003400/nand_flash_x16, deferring probe
[    0.172422] platform 50000000.gpmc: Driver omap-gpmc requests probe deferral
[    0.173256] No ATAGs?
[    0.173280] hw-breakpoint: found 5 (+1 reserved) breakpoint and 4 watchpoint registers.
[    0.173287] hw-breakpoint: maximum watchpoint size is 8 bytes.
[    0.173418] EXYNOS: PMU not supported
[    0.174518] OMAP DMA hardware revision 0.0
[    0.176060] Serial: AMBA PL011 UART driver
[    0.198377] edma-dma-engine edma-dma-engine.0: Can't allocate PaRAM dummy slot
[    0.198395] edma-dma-engine: probe of edma-dma-engine.0 failed with error -22
[    0.206933] omap-dma-engine 4a056000.dma-controller: OMAP DMA engine driver
[    0.207283] mmc2_3v3: 3300 mV 
[    0.209086] vgaarb: loaded
[    0.209542] SCSI subsystem initialized
[    0.209875] usbcore: registered new interface driver usbfs
[    0.209926] usbcore: registered new interface driver hub
[    0.209990] usbcore: registered new device driver usb
[    0.210484] omap_i2c 48070000.i2c: could not find pctldev for node /ocp/pinmux@4a003400/pinmux_i2c1_pins, deferring probe
[    0.210496] platform 48070000.i2c: Driver omap_i2c requests probe deferral
[    0.210522] omap_i2c 48072000.i2c: could not find pctldev for node /ocp/pinmux@4a003400/pinmux_i2c2_pins, deferring probe
[    0.210533] platform 48072000.i2c: Driver omap_i2c requests probe deferral
[    0.210572] omap_i2c 48060000.i2c: could not find pctldev for node /ocp/pinmux@4a003400/pinmux_i2c3_pins, deferring probe
[    0.210583] platform 48060000.i2c: Driver omap_i2c requests probe deferral
[    0.210794] Linux video capture interface: v2.00
[    0.210830] pps_core: LinuxPPS API ver. 1 registered
[    0.210836] pps_core: Software ver. 5.3.6 - Copyright 2005-2007 Rodolfo Giometti <giometti@linux.it>
[    0.210857] PTP clock support registered
[    0.211032] EDAC MC: Ver: 3.0.0
[    0.211601] Advanced Linux Sound Architecture Driver Initialized.
[    0.212346] Switched to clocksource arch_sys_counter
[    0.219680] NET: Registered protocol family 2
[    0.220098] TCP established hash table entries: 8192 (order: 3, 32768 bytes)
[    0.220160] TCP bind hash table entries: 8192 (order: 4, 65536 bytes)
[    0.220291] TCP: Hash tables configured (established 8192 bind 8192)
[    0.220332] TCP: reno registered
[    0.220341] UDP hash table entries: 512 (order: 2, 16384 bytes)
[    0.220370] UDP-Lite hash table entries: 512 (order: 2, 16384 bytes)
[    0.220495] NET: Registered protocol family 1
[    0.220667] RPC: Registered named UNIX socket transport module.
[    0.220674] RPC: Registered udp transport module.
[    0.220679] RPC: Registered tcp transport module.
[    0.220684] RPC: Registered tcp NFSv4.1 backchannel transport module.
[    0.222674] futex hash table entries: 512 (order: 3, 32768 bytes)
[    0.231727] squashfs: version 4.0 (2009/01/31) Phillip Lougher
[    0.232286] NFS: Registering the id_resolver key type
[    0.232310] Key type id_resolver registered
[    0.232316] Key type id_legacy registered
[    0.232381] msgmni has been set to 1471
[    0.232719] bounce: pool size: 64 pages
[    0.232881] Block layer SCSI generic (bsg) driver version 0.4 loaded (major 249)
[    0.232895] io scheduler noop registered
[    0.232907] io scheduler deadline registered
[    0.233049] io scheduler cfq registered (default)
[    0.235248] platform 4a084000.phy: Driver omap-usb2 requests probe deferral
[    0.235344] platform 4a085000.phy: Driver omap-usb2 requests probe deferral
[    0.237191] pinctrl-single 4a003400.pinmux: 281 pins at pa fc003400 size 1124
[    0.283372] Serial: 8250/16550 driver, 4 ports, IRQ sharing disabled
[    0.284824] Serial: IMX driver
[    0.285110] msm_serial: driver initialized
[    0.285552] omap_uart 4806a000.serial: no wakeirq for uart0
[    0.285643] 4806a000.serial: ttyO0 at MMIO 0x4806a000 (irq = 294, base_baud = 3000000) is a OMAP UART0
[    4.644422] console [ttyO0] enabled
[    4.648392] omap_uart 4806c000.serial: no wakeirq for uart0
[    4.654294] 4806c000.serial: ttyO1 at MMIO 0x4806c000 (irq = 295, base_baud = 3000000) is a OMAP UART1
[    4.664304] omap_uart 48020000.serial: no wakeirq for uart0
[    4.670198] 48020000.serial: ttyO2 at MMIO 0x48020000 (irq = 296, base_baud = 3000000) is a OMAP UART2
[    4.680228] STMicroelectronics ASC driver initialized
[    4.686186] serial: Freescale lpuart driver
[    4.690726] [drm] Initialized drm 1.1.0 20060810
[    4.699982] loop: module loaded
[    4.704254] ahci 4a140000.sata: SSS flag set, parallel bus scan disabled
[    4.711279] ahci 4a140000.sata: AHCI 0001.0300 32 slots 1 ports 3 Gbps 0x1 impl platform mode
[    4.720195] ahci 4a140000.sata: flags: 64bit ncq sntf stag pm led clo only pmp pio slum part ccc apst 
[    4.730637] scsi host0: ahci_platform
[    4.734707] ata1: SATA max UDMA/133 mmio [mem 0x4a140000-0x4a1410ff] port 0x100 irq 317
[    4.746163] CAN device driver interface
[    4.750935] igb: Intel(R) Gigabit Ethernet Network Driver - version 5.2.13-k
[    4.758300] igb: Copyright (c) 2007-2014 Intel Corporation.
[    4.765402] pegasus: v0.9.3 (2013/04/25), Pegasus/Pegasus II USB Ethernet driver
[    4.773173] usbcore: registered new interface driver pegasus
[    4.779134] usbcore: registered new interface driver asix
[    4.784811] usbcore: registered new interface driver ax88179_178a
[    4.791212] usbcore: registered new interface driver cdc_ether
[    4.797368] usbcore: registered new interface driver smsc75xx
[    4.803425] usbcore: registered new interface driver smsc95xx
[    4.809463] usbcore: registered new interface driver net1080
[    4.815405] usbcore: registered new interface driver cdc_subset
[    4.821624] usbcore: registered new interface driver zaurus
[    4.827513] usbcore: registered new interface driver cdc_ncm
[    4.833446] ehci_hcd: USB 2.0 'Enhanced' Host Controller (EHCI) Driver
[    4.840265] ehci-pci: EHCI PCI platform driver
[    4.844947] ehci-platform: EHCI generic platform driver
[    4.850548] ehci-omap: OMAP-EHCI Host Controller driver
[    4.856121] ehci-orion: EHCI orion driver
[    4.860421] SPEAr-ehci: EHCI SPEAr driver
[    4.864717] tegra-ehci: Tegra EHCI driver
[    4.869031] ohci_hcd: USB 1.1 'Open' Host Controller (OHCI) Driver
[    4.875507] ohci-pci: OHCI PCI platform driver
[    4.880193] ohci-platform: OHCI generic platform driver
[    4.885762] ohci-omap3: OHCI OMAP3 driver
[    4.890064] SPEAr-ohci: OHCI SPEAr driver
[    4.894874] usbcore: registered new interface driver usb-storage
[    4.902569] mousedev: PS/2 mouse device common for all mice
[    4.910483] i2c /dev entries driver
[    4.915215] usbcore: registered new interface driver uvcvideo
[    4.921217] USB Video Class driver (1.1.1)
[    4.925505] gspca_main: v2.14.0 registered
[    4.932486] sdhci: Secure Digital Host Controller Interface driver
[    4.938943] sdhci: Copyright(c) Pierre Ossman
[    4.944306] omap_hsmmc 4809c000.mmc: unable to get vmmc regulator -517
[    4.951176] platform 4809c000.mmc: Driver omap_hsmmc requests probe deferral
[    4.987588] Synopsys Designware Multimedia Card Interface Driver
[    4.994489] sdhci-pltfm: SDHCI platform and OF driver helper
[    5.001451] usbcore: registered new interface driver usbhid
[    5.007313] usbhid: USB HID core driver
[    5.015525] TCP: cubic registered
[    5.019017] NET: Registered protocol family 17
[    5.023673] can: controller area network core (rev 20120528 abi 9)
[    5.030174] NET: Registered protocol family 29
[    5.034826] can: raw protocol (rev 20120528)
[    5.039296] can: broadcast manager protocol (rev 20120528 t)
[    5.045218] can: netlink gateway (rev 20130117) max_hops=1
[    5.051240] Key type dns_resolver registered
[    5.055840] omap_voltage_late_init: Voltage driver support not added
[    5.062802] ThumbEE CPU extension supported.
[    5.067267] Registering SWP/SWPB emulation handler
[    5.072392] mmc0: BKOPS_EN bit is not set
[    5.086668] Unable to handle kernel NULL pointer dereference at virtual address 00000104
[    5.095120] pgd =   (null)
[    5.097943] Unable to handle kernel NULL pointer dereference at virtual address 00000000
[    5.106386] pgd =   (null)
[    5.109206] Unable to handle kernel NULL pointer dereference at virtual address 00000000
[    5.112373] ata1: SATA link down (SStatus 0 SControl 300)
[    5.123274] pgd =   (null)
[    5.126094] Unable to handle kernel NULL pointer dereference at virtual address 00000000
[    5.134534] pgd =   (null)
[    5.137354] Unable to handle kernel NULL pointer dereference at virtual address 00000000
[    5.145795] pgd =   (null)
[    5.148616] Unable to handle kernel NULL pointer dereference at virtual address 00000000
[    5.157057] pgd =   (null)
[    5.159879] Unable to handle kernel NULL pointer dereference at virtual address 00000000
[    5.168323] pgd =   (null)
[    5.171143] Unable to handle kernel NULL pointer dereference at virtual address 00000000
[    5.179576] pgd =   (null)
[    5.182396] Unable to handle kernel NULL pointer dereference at virtual address 00000000
[    5.190830] pgd =   (null)
[    5.193649] Unable to handle kernel NULL pointer dereference at virtual address 00000000
[    5.202094] pgd =   (null)
[    5.204912] Unable to handle kernel NULL pointer dereference at virtual address 00000000
[    5.213350] pgd =   (null)
[    5.216170] Unable to handle kernel NULL pointer dereference at virtual address 00000000
[    5.224613] pgd =   (null)
[    5.227432] Unable to handle kernel NULL pointer dereference at virtual address 00000000
[    5.235875] pgd =   (null)
[    5.238693] Unable to handle kernel NULL pointer dereference at virtual address 00000000
[    5.247135] pgd =   (null)
[    5.249952] Unable to handle kernel NULL pointer dereference at virtual address 00000000
[    5.258389] pgd =   (null)
[    5.261208] Unable to handle kernel NULL pointer dereference at virtual address 00000000
[    5.269650] pgd =   (null)
[    5.272472] Unable to handle kernel NULL pointer dereference at virtual address 00000000
[    5.280908] pgd =   (null)
[    5.283723] Unable to handle kernel NULL pointer dereference at virtual address 00000000
[    5.292162] pgd = ea0d4c10
[    5.294980] [00000000] *pgd=4f797474(bad)
[    5.299173] Internal error: Oops: 206 [#1] SMP ARM
[    5.304169] Modules linked in:

