- 09:48:44 [INFO] Starting target session
- 09:48:44 [INFO] Connected to dra72x-evm via serial 
- 09:48:44 [INFO] Host: #check prompt
- 09:48:47 [ERROR] On command: #check prompt waiting for #check prompt.+?(?-mix:((?-mix:login:)|[Pp]assword)) >>> error: execution expired
- 09:48:47 [INFO] Target: 
#check prompt
- 09:48:47 [INFO] Host: #check prompt
- 09:48:49 [ERROR] On command: #check prompt waiting for #check prompt.+?(?-mix:root@.+[@:#]+) >>> error: execution expired
- 09:48:49 [INFO] Target: 
#check prompt
- 09:48:49 [INFO] Host: #check prompt
- 09:48:51 [ERROR] On command: #check prompt waiting for #check prompt.+?(?-mix:root@.+[@:#]+) >>> error: execution expired
- 09:48:51 [INFO] Target: 
#check prompt
- 09:48:51 [INFO] Host: #check prompt
- 09:48:53 [ERROR] On command: #check prompt waiting for #check prompt.+?(?-mix:root@.+[@:#]+) >>> error: execution expired
- 09:48:53 [INFO] Target: 
#check prompt
- 09:48:53 [INFO] Disconnected serial from dra72x-evm
- 09:48:54 [INFO] Connected to dra72x-evm via serial 
- 09:48:55 [INFO] Host: 
- 09:48:56 [INFO] Target: 
U-Boot SPL 2016.05-00117-g2f757e5 (Aug 25 2016 - 01:35:53)
DRA722-GP ES2.0
Trying to boot from MMC1
reading args
spl_load_image_fat_os: error reading image args, err - -1
reading u-boot.img
reading u-boot.img
reading u-boot.img
reading u-boot.img
U-Boot 2016.05-00117-g2f757e5 (Aug 25 2016 - 01:35:53 -0500), Build: jenkins-ti-uboot-compile-test-169
CPU  : DRA722-GP ES2.0
Model: TI DRA722 Rev C EVM
Board: DRA72x EVM REV C.1
DRAM:  2 GiB
MMC:   OMAP SD/MMC: 0, OMAP SD/MMC: 1
SCSI:  Target spinup took 0 ms.
AHCI 0001.0300 32 slots 1 ports 3 Gbps 0x1 impl SATA mode
flags: 64bit ncq stag pm led clo only pmp pio slum part ccc apst 
scanning bus for devices...
  Device 0: (0:0) Vendor: ATA Prod.: ST1000DM003-1SB1 Rev: CC43
            Type: Hard Disk
            Capacity: 953869.7 MB = 931.5 GB (1953525168 x 512)
Found 1 device(s).
Net:   
Warning: ethernet@48484000 using MAC address from ROM
eth0: ethernet@48484000
Hit any key to stop autoboot:  2  0 
=>  
=>  
=>  
=>  
=>  
- 09:48:56 [INFO] Host: 
- 09:48:56 [INFO] Target: 
- 09:48:56 [INFO] Host: version
- 09:48:56 [INFO] Target: 
version
U-Boot 2016.05-00117-g2f757e5 (Aug 25 2016 - 01:35:53 -0500)
arm-linux-gnueabihf-gcc (Linaro GCC 5.3-2016.02) 5.3.1 20160113
GNU ld (GNU Binutils) 2.25.0 Linaro 2015_10
- 09:48:56 [INFO] Host: setenv bootargs 'console=ttyO0,115200n8 earlyprintk=serial,ttyO0,115200n8 rootwait '
- 09:48:56 [INFO] Target: 
setenv bootargs 'console=ttyO0,115200n8 earlyprintk=serial,ttyO0,115200n8 rootwait '
- 09:48:56 [INFO] Host: setenv bootcmd  ''
- 09:48:57 [INFO] Target: 
setenv bootcmd  ''
- 09:48:57 [INFO] Host: setenv autoload 'no'
- 09:48:57 [INFO] Target: 
setenv autoload 'no'
- 09:48:57 [INFO] Host: setenv serverip '192.168.0.1'
- 09:48:57 [INFO] Target: 
setenv serverip '192.168.0.1'
- 09:48:57 [INFO] Host: setenv _initramfs -
- 09:48:57 [INFO] Target: 
setenv _initramfs -
- 09:48:57 [INFO] Host: printenv
- 09:48:57 [INFO] Target: 
printenv
_initramfs=-
arch=arm
args_mmc=run finduuid;setenv bootargs console=${console} ${optargs} root=PARTUUID=${uuid} rw rootfstype=${mmcrootfstype}
autoload=no
baudrate=115200
board=dra7xx
board_name=dra72x-revc
board_rev=C.1
bootargs=console=ttyO0,115200n8 earlyprintk=serial,ttyO0,115200n8 rootwait 
bootcmd=
bootdelay=2
bootdir=/boot
bootenvfile=uEnv.txt
bootfile=zImage
bootm_size=0x10000000
bootpart=0:2
bootscript=echo Running bootscript from mmc${mmcdev} ...; source ${loadaddr}
console=ttyO0,115200n8
cpu=armv7
dfu_alt_info_emmc=rawemmc raw 0 3751936;boot part 1 1;rootfs part 1 2;MLO fat 1 1;MLO.raw raw 0x100 0x100;u-boot.img.raw raw 0x300 0x400;spl-os-args.raw raw 0x80 0x80;spl-os-image.raw raw 0x900 0x2000;spl-os-args fat 1 1;spl-os-image fat 1 1;u-boot.img fat 1 1;uEnv.txt fat 1 1
dfu_alt_info_mmc=boot part 0 1;rootfs part 0 2;MLO fat 0 1;MLO.raw raw 0x100 0x100;u-boot.img.raw raw 0x300 0x400;spl-os-args.raw raw 0x80 0x80;spl-os-image.raw raw 0x900 0x2000;spl-os-args fat 0 1;spl-os-image fat 0 1;u-boot.img fat 0 1;uEnv.txt fat 0 1
dfu_alt_info_qspi=MLO raw 0x0 0x040000;u-boot.img raw 0x040000 0x0100000;u-boot-spl-os raw 0x140000 0x080000;u-boot-env raw 0x1C0000 0x010000;u-boot-env.backup raw 0x1D0000 0x010000;kernel raw 0x1E0000 0x800000
dfu_alt_info_ram=kernel ram 0x80200000 0x4000000;fdt ram 0x80f80000 0x80000;ramdisk ram 0x81000000 0x4000000
dfu_bufsiz=0x10000
dofastboot=0
envboot=mmc dev ${mmcdev}; if mmc rescan; then echo SD/MMC found on device ${mmcdev};if run loadbootscript; then run bootscript;else if run loadbootenv; then echo Loaded env from ${bootenvfile};run importbootenv;fi;if test -n $uenvcmd; then echo Running uenvcmd ...;run uenvcmd;fi;fi;fi;
ethaddr=5c:f8:21:14:54:c8
fdt_addr_r=0x88000000
fdtaddr=0x88000000
fdtcontroladdr=fdf12218
fdtfile=undefined
findfdt=if test $board_name = omap5_uevm; then setenv fdtfile omap5-uevm.dtb; fi; if test $board_name = dra7xx; then setenv fdtfile dra7-evm.dtb; fi;if test $board_name = dra72x-revc; then setenv fdtfile dra72-evm-revc.dtb; fi;if test $board_name = dra72x; then setenv fdtfile dra72-evm.dtb; fi;if test $board_name = beagle_x15; then setenv fdtfile am57xx-beagle-x15.dtb; fi;if test $board_name = beagle_x15_revb1; then setenv fdtfile am57xx-beagle-x15-revb1.dtb; fi;if test $board_name = am57xx_evm; then setenv fdtfile am57xx-evm.dtb; fi;if test $board_name = am57xx_evm_reva3; then setenv fdtfile am57xx-evm-reva3.dtb; fi;if test $board_name = am572x_idk; then setenv fdtfile am572x-idk.dtb; fi;if test $board_name = am571x_idk && test $idk_lcd = no; then setenv fdtfile am571x-idk.dtb; fi;if test $board_name = am571x_idk && test $idk_lcd = osd101t2045; then setenv fdtfile am571x-idk-lcd-osd.dtb; fi;if test $fdtfile = undefined; then echo WARNING: Could not determine device tree to use; fi; 
finduuid=part uuid mmc ${bootpart} uuid
importbootenv=echo Importing environment from mmc${mmcdev} ...; env import -t ${loadaddr} ${filesize}
kernel_addr_r=0x82000000
loadaddr=0x82000000
loadbootenv=fatload mmc ${mmcdev} ${loadaddr} ${bootenvfile}
loadbootscript=fatload mmc ${mmcdev} ${loadaddr} boot.scr
loadfdt=load mmc ${bootpart} ${fdtaddr} ${bootdir}/${fdtfile};
loadimage=load mmc ${bootpart} ${loadaddr} ${bootdir}/${bootfile}
mmcboot=mmc dev ${mmcdev}; if mmc rescan; then echo SD/MMC found on device ${mmcdev};if run loadimage; then run loadfdt; echo Booting from mmc${mmcdev} ...; run args_mmc; bootz ${loadaddr} - ${fdtaddr}; fi;fi;
mmcdev=0
mmcrootfstype=ext4 rootwait
netargs=setenv bootargs console=${console} ${optargs} root=/dev/nfs nfsroot=${serverip}:${rootpath},${nfsopts} rw ip=dhcp
netboot=echo Booting from network ...; setenv autoload no; dhcp; run netloadimage; run netloadfdt; run netargs; bootz ${loadaddr} - ${fdtaddr}
netloadfdt=tftp ${fdtaddr} ${fdtfile}
netloadimage=tftp ${loadaddr} ${bootfile}
nfsopts=nolock
partitions=uuid_disk=${uuid_gpt_disk};name=rootfs,start=2MiB,size=-,uuid=${uuid_gpt_rootfs}
partitions_android=uuid_disk=${uuid_gpt_disk};name=xloader,start=128K,size=128K,uuid=${uuid_gpt_xloader};name=bootloader,size=384K,uuid=${uuid_gpt_bootloader};name=environment,size=128K,uuid=${uuid_gpt_environment};name=misc,size=128K,uuid=${uuid_gpt_misc};name=efs,start=1280K,size=16M,uuid=${uuid_gpt_efs};name=crypto,size=16K,uuid=${uuid_gpt_crypto};name=recovery,size=10M,uuid=${uuid_gpt_recovery};name=boot,size=10M,uuid=${uuid_gpt_boot};name=system,size=768M,uuid=${uuid_gpt_system};name=cache,size=256M,uuid=${uuid_gpt_cache};name=ipu1,size=1M,uuid=${uuid_gpt_ipu1};name=ipu2,size=1M,uuid=${uuid_gpt_ipu2};name=userdata,size=-,uuid=${uuid_gpt_userdata}
pxefile_addr_r=0x80100000
ramdisk_addr_r=0x88080000
rdaddr=0x88080000
rootpath=/export/rootfs
scriptaddr=0x80000000
scsidevs=1
serial#=0501101f6f3e0001
serverip=192.168.0.1
soc=omap5
static_ip=${ipaddr}:${serverip}:${gatewayip}:${netmask}:${hostname}::off
stderr=serial@4806a000
stdin=serial@4806a000
stdout=serial@4806a000
usbtty=cdc_acm
vendor=ti
ver=U-Boot 2016.05-00117-g2f757e5 (Aug 25 2016 - 01:35:53 -0500)
vram=16M
Environment size: 5147/131067 bytes
- 09:48:57 [INFO] Host: printenv
- 09:48:58 [INFO] Target: 
printenv
_initramfs=-
arch=arm
args_mmc=run finduuid;setenv bootargs console=${console} ${optargs} root=PARTUUID=${uuid} rw rootfstype=${mmcrootfstype}
autoload=no
baudrate=115200
board=dra7xx
board_name=dra72x-revc
board_rev=C.1
bootargs=console=ttyO0,115200n8 earlyprintk=serial,ttyO0,115200n8 rootwait 
bootcmd=
bootdelay=2
bootdir=/boot
bootenvfile=uEnv.txt
bootfile=zImage
bootm_size=0x10000000
bootpart=0:2
bootscript=echo Running bootscript from mmc${mmcdev} ...; source ${loadaddr}
console=ttyO0,115200n8
cpu=armv7
dfu_alt_info_emmc=rawemmc raw 0 3751936;boot part 1 1;rootfs part 1 2;MLO fat 1 1;MLO.raw raw 0x100 0x100;u-boot.img.raw raw 0x300 0x400;spl-os-args.raw raw 0x80 0x80;spl-os-image.raw raw 0x900 0x2000;spl-os-args fat 1 1;spl-os-image fat 1 1;u-boot.img fat 1 1;uEnv.txt fat 1 1
dfu_alt_info_mmc=boot part 0 1;rootfs part 0 2;MLO fat 0 1;MLO.raw raw 0x100 0x100;u-boot.img.raw raw 0x300 0x400;spl-os-args.raw raw 0x80 0x80;spl-os-image.raw raw 0x900 0x2000;spl-os-args fat 0 1;spl-os-image fat 0 1;u-boot.img fat 0 1;uEnv.txt fat 0 1
dfu_alt_info_qspi=MLO raw 0x0 0x040000;u-boot.img raw 0x040000 0x0100000;u-boot-spl-os raw 0x140000 0x080000;u-boot-env raw 0x1C0000 0x010000;u-boot-env.backup raw 0x1D0000 0x010000;kernel raw 0x1E0000 0x800000
dfu_alt_info_ram=kernel ram 0x80200000 0x4000000;fdt ram 0x80f80000 0x80000;ramdisk ram 0x81000000 0x4000000
dfu_bufsiz=0x10000
dofastboot=0
envboot=mmc dev ${mmcdev}; if mmc rescan; then echo SD/MMC found on device ${mmcdev};if run loadbootscript; then run bootscript;else if run loadbootenv; then echo Loaded env from ${bootenvfile};run importbootenv;fi;if test -n $uenvcmd; then echo Running uenvcmd ...;run uenvcmd;fi;fi;fi;
ethaddr=5c:f8:21:14:54:c8
fdt_addr_r=0x88000000
fdtaddr=0x88000000
fdtcontroladdr=fdf12218
fdtfile=undefined
findfdt=if test $board_name = omap5_uevm; then setenv fdtfile omap5-uevm.dtb; fi; if test $board_name = dra7xx; then setenv fdtfile dra7-evm.dtb; fi;if test $board_name = dra72x-revc; then setenv fdtfile dra72-evm-revc.dtb; fi;if test $board_name = dra72x; then setenv fdtfile dra72-evm.dtb; fi;if test $board_name = beagle_x15; then setenv fdtfile am57xx-beagle-x15.dtb; fi;if test $board_name = beagle_x15_revb1; then setenv fdtfile am57xx-beagle-x15-revb1.dtb; fi;if test $board_name = am57xx_evm; then setenv fdtfile am57xx-evm.dtb; fi;if test $board_name = am57xx_evm_reva3; then setenv fdtfile am57xx-evm-reva3.dtb; fi;if test $board_name = am572x_idk; then setenv fdtfile am572x-idk.dtb; fi;if test $board_name = am571x_idk && test $idk_lcd = no; then setenv fdtfile am571x-idk.dtb; fi;if test $board_name = am571x_idk && test $idk_lcd = osd101t2045; then setenv fdtfile am571x-idk-lcd-osd.dtb; fi;if test $fdtfile = undefined; then echo WARNING: Could not determine device tree to use; fi; 
finduuid=part uuid mmc ${bootpart} uuid
importbootenv=echo Importing environment from mmc${mmcdev} ...; env import -t ${loadaddr} ${filesize}
kernel_addr_r=0x82000000
loadaddr=0x82000000
loadbootenv=fatload mmc ${mmcdev} ${loadaddr} ${bootenvfile}
loadbootscript=fatload mmc ${mmcdev} ${loadaddr} boot.scr
loadfdt=load mmc ${bootpart} ${fdtaddr} ${bootdir}/${fdtfile};
loadimage=load mmc ${bootpart} ${loadaddr} ${bootdir}/${bootfile}
mmcboot=mmc dev ${mmcdev}; if mmc rescan; then echo SD/MMC found on device ${mmcdev};if run loadimage; then run loadfdt; echo Booting from mmc${mmcdev} ...; run args_mmc; bootz ${loadaddr} - ${fdtaddr}; fi;fi;
mmcdev=0
mmcrootfstype=ext4 rootwait
netargs=setenv bootargs console=${console} ${optargs} root=/dev/nfs nfsroot=${serverip}:${rootpath},${nfsopts} rw ip=dhcp
netboot=echo Booting from network ...; setenv autoload no; dhcp; run netloadimage; run netloadfdt; run netargs; bootz ${loadaddr} - ${fdtaddr}
netloadfdt=tftp ${fdtaddr} ${fdtfile}
netloadimage=tftp ${loadaddr} ${bootfile}
nfsopts=nolock
partitions=uuid_disk=${uuid_gpt_disk};name=rootfs,start=2MiB,size=-,uuid=${uuid_gpt_rootfs}
partitions_android=uuid_disk=${uuid_gpt_disk};name=xloader,start=128K,size=128K,uuid=${uuid_gpt_xloader};name=bootloader,size=384K,uuid=${uuid_gpt_bootloader};name=environment,size=128K,uuid=${uuid_gpt_environment};name=misc,size=128K,uuid=${uuid_gpt_misc};name=efs,start=1280K,size=16M,uuid=${uuid_gpt_efs};name=crypto,size=16K,uuid=${uuid_gpt_crypto};name=recovery,size=10M,uuid=${uuid_gpt_recovery};name=boot,size=10M,uuid=${uuid_gpt_boot};name=system,size=768M,uuid=${uuid_gpt_system};name=cache,size=256M,uuid=${uuid_gpt_cache};name=ipu1,size=1M,uuid=${uuid_gpt_ipu1};name=ipu2,size=1M,uuid=${uuid_gpt_ipu2};name=userdata,size=-,uuid=${uuid_gpt_userdata}
pxefile_addr_r=0x80100000
ramdisk_addr_r=0x88080000
rdaddr=0x88080000
rootpath=/export/rootfs
scriptaddr=0x80000000
scsidevs=1
serial#=0501101f6f3e0001
serverip=192.168.0.1
soc=omap5
static_ip=${ipaddr}:${serverip}:${gatewayip}:${netmask}:${hostname}::off
stderr=serial@4806a000
stdin=serial@4806a000
stdout=serial@4806a000
usbtty=cdc_acm
vendor=ti
ver=U-Boot 2016.05-00117-g2f757e5 (Aug 25 2016 - 01:35:53 -0500)
vram=16M
Environment size: 5147/131067 bytes
- 09:48:58 [INFO] Host: setenv bootargs ''${bootargs}' ip=:::::eth0:dhcp '
- 09:48:58 [INFO] Target: 
setenv bootargs ''${bootargs}' ip=:::::eth0:dhcp '
- 09:48:58 [INFO] Host: setenv serverip '192.168.0.1'
- 09:48:58 [INFO] Target: 
setenv serverip '192.168.0.1'
- 09:48:58 [INFO] Host: setenv autoload 'no'
- 09:48:58 [INFO] Target: 
setenv autoload 'no'
- 09:48:58 [INFO] Host: dhcp
- 09:49:04 [INFO] Target: 
dhcp
ethernet@48484000 Waiting for PHY auto negotiation to complete........ done
link up on port 0, speed 1000, full duplex
BOOTP broadcast 1
BOOTP broadcast 2
BOOTP broadcast 3
DHCP client bound to address 192.168.0.72 (1297 ms)
- 09:49:04 [INFO] Host: tftp ${loadaddr} 192.168.0.1:vatf_dra72x-evm/367f30608fedb0b0885e221312209dfe
- 09:49:04 [INFO] Target: 
tftp ${loadaddr} 192.168.0.1:vatf_dra72x-evm/367f30608fedb0b0885e221312209dfe
link up on port 0, speed 1000, full duplex
Using ethernet@48484000 device
TFTP from server 192.168.0.1; our IP address is 192.168.0.72
Filename 'vatf_dra72x-evm/367f30608fedb0b0885e221312209dfe'.
Load address: 0x82000000
Loading: *#################################################################
	 #################################################################
	 #################################################################
	 #################################################################
	 #################################################################
	 #################################################################
	 #################################################################
	 ##################
	 10.1 MiB/s
done
Bytes transferred = 6936032 (69d5e0 hex)
- 09:49:04 [INFO] Host: tftp ${fdt_addr_r} 192.168.0.1:vatf_dra72x-evm/b037fca7cd3de9950a9aa142e44f5f66
- 09:49:05 [INFO] Target: 
tftp ${fdt_addr_r} 192.168.0.1:vatf_dra72x-evm/b037fca7cd3de9950a9aa142e44f5f66
link up on port 0, speed 1000, full duplex
Using ethernet@48484000 device
TFTP from server 192.168.0.1; our IP address is 192.168.0.72
Filename 'vatf_dra72x-evm/b037fca7cd3de9950a9aa142e44f5f66'.
Load address: 0x88000000
Loading: *#######
	 9.4 MiB/s
done
Bytes transferred = 88911 (15b4f hex)
- 09:49:05 [INFO] Host: ls mmc 0:1
- 09:49:05 [INFO] Target: 
ls mmc 0:1
    78640   mlo 
   654092   u-boot.img 
        4   ws-calibrate.rules 
        0   pointercal 
4 file(s), 0 dir(s)
- 09:49:05 [INFO] Host: ls mmc 0:2
- 09:49:05 [INFO] Target: 
ls mmc 0:2
<DIR>       4096 .
<DIR>       4096 ..
<DIR>      16384 lost+found
<DIR>       4096 include
<DIR>       4096 srv
<DIR>       4096 home
<DIR>       4096 media
<DIR>       4096 opt
<DIR>       4096 var
<DIR>       4096 sys
<DIR>       4096 boot
<DIR>       4096 dev
<DIR>       4096 usr
<DIR>       4096 bin
<DIR>       4096 mnt
<DIR>       4096 etc
<DIR>       4096 sbin
<DIR>       4096 www
<SYM>          8 tmp
<DIR>       4096 proc
<DIR>       4096 run
<DIR>       4096 lib
<DIR>       4096 test
- 09:49:05 [INFO] Host: part uuid mmc 0:2
- 09:49:05 [INFO] Target: 
part uuid mmc 0:2
00000000-02
- 09:49:05 [INFO] Host: printenv
- 09:49:06 [INFO] Target: 
printenv
_initramfs=-
arch=arm
args_mmc=run finduuid;setenv bootargs console=${console} ${optargs} root=PARTUUID=${uuid} rw rootfstype=${mmcrootfstype}
autoload=no
baudrate=115200
board=dra7xx
board_name=dra72x-revc
board_rev=C.1
bootargs=console=ttyO0,115200n8 earlyprintk=serial,ttyO0,115200n8 rootwait  ip=:::::eth0:dhcp 
bootcmd=
bootdelay=2
bootdir=/boot
bootenvfile=uEnv.txt
bootfile=zImage
bootm_size=0x10000000
bootpart=0:2
bootscript=echo Running bootscript from mmc${mmcdev} ...; source ${loadaddr}
console=ttyO0,115200n8
cpu=armv7
dfu_alt_info_emmc=rawemmc raw 0 3751936;boot part 1 1;rootfs part 1 2;MLO fat 1 1;MLO.raw raw 0x100 0x100;u-boot.img.raw raw 0x300 0x400;spl-os-args.raw raw 0x80 0x80;spl-os-image.raw raw 0x900 0x2000;spl-os-args fat 1 1;spl-os-image fat 1 1;u-boot.img fat 1 1;uEnv.txt fat 1 1
dfu_alt_info_mmc=boot part 0 1;rootfs part 0 2;MLO fat 0 1;MLO.raw raw 0x100 0x100;u-boot.img.raw raw 0x300 0x400;spl-os-args.raw raw 0x80 0x80;spl-os-image.raw raw 0x900 0x2000;spl-os-args fat 0 1;spl-os-image fat 0 1;u-boot.img fat 0 1;uEnv.txt fat 0 1
dfu_alt_info_qspi=MLO raw 0x0 0x040000;u-boot.img raw 0x040000 0x0100000;u-boot-spl-os raw 0x140000 0x080000;u-boot-env raw 0x1C0000 0x010000;u-boot-env.backup raw 0x1D0000 0x010000;kernel raw 0x1E0000 0x800000
dfu_alt_info_ram=kernel ram 0x80200000 0x4000000;fdt ram 0x80f80000 0x80000;ramdisk ram 0x81000000 0x4000000
dfu_bufsiz=0x10000
dnsip=192.0.2.2
dnsip2=192.0.2.3
dofastboot=0
envboot=mmc dev ${mmcdev}; if mmc rescan; then echo SD/MMC found on device ${mmcdev};if run loadbootscript; then run bootscript;else if run loadbootenv; then echo Loaded env from ${bootenvfile};run importbootenv;fi;if test -n $uenvcmd; then echo Running uenvcmd ...;run uenvcmd;fi;fi;fi;
ethact=ethernet@48484000
ethaddr=5c:f8:21:14:54:c8
fdt_addr_r=0x88000000
fdtaddr=0x88000000
fdtcontroladdr=fdf12218
fdtfile=undefined
fileaddr=88000000
filesize=15b4f
findfdt=if test $board_name = omap5_uevm; then setenv fdtfile omap5-uevm.dtb; fi; if test $board_name = dra7xx; then setenv fdtfile dra7-evm.dtb; fi;if test $board_name = dra72x-revc; then setenv fdtfile dra72-evm-revc.dtb; fi;if test $board_name = dra72x; then setenv fdtfile dra72-evm.dtb; fi;if test $board_name = beagle_x15; then setenv fdtfile am57xx-beagle-x15.dtb; fi;if test $board_name = beagle_x15_revb1; then setenv fdtfile am57xx-beagle-x15-revb1.dtb; fi;if test $board_name = am57xx_evm; then setenv fdtfile am57xx-evm.dtb; fi;if test $board_name = am57xx_evm_reva3; then setenv fdtfile am57xx-evm-reva3.dtb; fi;if test $board_name = am572x_idk; then setenv fdtfile am572x-idk.dtb; fi;if test $board_name = am571x_idk && test $idk_lcd = no; then setenv fdtfile am571x-idk.dtb; fi;if test $board_name = am571x_idk && test $idk_lcd = osd101t2045; then setenv fdtfile am571x-idk-lcd-osd.dtb; fi;if test $fdtfile = undefined; then echo WARNING: Could not determine device tree to use; fi; 
finduuid=part uuid mmc ${bootpart} uuid
gatewayip=192.168.0.1
importbootenv=echo Importing environment from mmc${mmcdev} ...; env import -t ${loadaddr} ${filesize}
ipaddr=192.168.0.72
kernel_addr_r=0x82000000
loadaddr=0x82000000
loadbootenv=fatload mmc ${mmcdev} ${loadaddr} ${bootenvfile}
loadbootscript=fatload mmc ${mmcdev} ${loadaddr} boot.scr
loadfdt=load mmc ${bootpart} ${fdtaddr} ${bootdir}/${fdtfile};
loadimage=load mmc ${bootpart} ${loadaddr} ${bootdir}/${bootfile}
mmcboot=mmc dev ${mmcdev}; if mmc rescan; then echo SD/MMC found on device ${mmcdev};if run loadimage; then run loadfdt; echo Booting from mmc${mmcdev} ...; run args_mmc; bootz ${loadaddr} - ${fdtaddr}; fi;fi;
mmcdev=0
mmcrootfstype=ext4 rootwait
netargs=setenv bootargs console=${console} ${optargs} root=/dev/nfs nfsroot=${serverip}:${rootpath},${nfsopts} rw ip=dhcp
netboot=echo Booting from network ...; setenv autoload no; dhcp; run netloadimage; run netloadfdt; run netargs; bootz ${loadaddr} - ${fdtaddr}
netloadfdt=tftp ${fdtaddr} ${fdtfile}
netloadimage=tftp ${loadaddr} ${bootfile}
netmask=255.255.255.0
nfsopts=nolock
partitions=uuid_disk=${uuid_gpt_disk};name=rootfs,start=2MiB,size=-,uuid=${uuid_gpt_rootfs}
partitions_android=uuid_disk=${uuid_gpt_disk};name=xloader,start=128K,size=128K,uuid=${uuid_gpt_xloader};name=bootloader,size=384K,uuid=${uuid_gpt_bootloader};name=environment,size=128K,uuid=${uuid_gpt_environment};name=misc,size=128K,uuid=${uuid_gpt_misc};name=efs,start=1280K,size=16M,uuid=${uuid_gpt_efs};name=crypto,size=16K,uuid=${uuid_gpt_crypto};name=recovery,size=10M,uuid=${uuid_gpt_recovery};name=boot,size=10M,uuid=${uuid_gpt_boot};name=system,size=768M,uuid=${uuid_gpt_system};name=cache,size=256M,uuid=${uuid_gpt_cache};name=ipu1,size=1M,uuid=${uuid_gpt_ipu1};name=ipu2,size=1M,uuid=${uuid_gpt_ipu2};name=userdata,size=-,uuid=${uuid_gpt_userdata}
pxefile_addr_r=0x80100000
ramdisk_addr_r=0x88080000
rdaddr=0x88080000
rootpath=/export/rootfs
scriptaddr=0x80000000
scsidevs=1
serial#=0501101f6f3e0001
serverip=192.168.0.1
soc=omap5
static_ip=${ipaddr}:${serverip}:${gatewayip}:${netmask}:${hostname}::off
stderr=serial@4806a000
stdin=serial@4806a000
stdout=serial@4806a000
usbtty=cdc_acm
vendor=ti
ver=U-Boot 2016.05-00117-g2f757e5 (Aug 25 2016 - 01:35:53 -0500)
vram=16M
Environment size: 5337/131067 bytes
- 09:49:06 [INFO] Host: setenv bootargs ''${bootargs}' root=PARTUUID=00000000-02 rw rootfstype=ext4 rootwait '
- 09:49:06 [INFO] Target: 
setenv bootargs ''${bootargs}' root=PARTUUID=00000000-02 rw rootfstype=ext4 rootwait '
- 09:49:06 [INFO] Host: printenv
- 09:49:06 [INFO] Target: 
printenv
_initramfs=-
arch=arm
args_mmc=run finduuid;setenv bootargs console=${console} ${optargs} root=PARTUUID=${uuid} rw rootfstype=${mmcrootfstype}
autoload=no
baudrate=115200
board=dra7xx
board_name=dra72x-revc
board_rev=C.1
bootargs=console=ttyO0,115200n8 earlyprintk=serial,ttyO0,115200n8 rootwait  ip=:::::eth0:dhcp  root=PARTUUID=00000000-02 rw rootfstype=ext4 rootwait 
bootcmd=
bootdelay=2
bootdir=/boot
bootenvfile=uEnv.txt
bootfile=zImage
bootm_size=0x10000000
bootpart=0:2
bootscript=echo Running bootscript from mmc${mmcdev} ...; source ${loadaddr}
console=ttyO0,115200n8
cpu=armv7
dfu_alt_info_emmc=rawemmc raw 0 3751936;boot part 1 1;rootfs part 1 2;MLO fat 1 1;MLO.raw raw 0x100 0x100;u-boot.img.raw raw 0x300 0x400;spl-os-args.raw raw 0x80 0x80;spl-os-image.raw raw 0x900 0x2000;spl-os-args fat 1 1;spl-os-image fat 1 1;u-boot.img fat 1 1;uEnv.txt fat 1 1
dfu_alt_info_mmc=boot part 0 1;rootfs part 0 2;MLO fat 0 1;MLO.raw raw 0x100 0x100;u-boot.img.raw raw 0x300 0x400;spl-os-args.raw raw 0x80 0x80;spl-os-image.raw raw 0x900 0x2000;spl-os-args fat 0 1;spl-os-image fat 0 1;u-boot.img fat 0 1;uEnv.txt fat 0 1
dfu_alt_info_qspi=MLO raw 0x0 0x040000;u-boot.img raw 0x040000 0x0100000;u-boot-spl-os raw 0x140000 0x080000;u-boot-env raw 0x1C0000 0x010000;u-boot-env.backup raw 0x1D0000 0x010000;kernel raw 0x1E0000 0x800000
dfu_alt_info_ram=kernel ram 0x80200000 0x4000000;fdt ram 0x80f80000 0x80000;ramdisk ram 0x81000000 0x4000000
dfu_bufsiz=0x10000
dnsip=192.0.2.2
dnsip2=192.0.2.3
dofastboot=0
envboot=mmc dev ${mmcdev}; if mmc rescan; then echo SD/MMC found on device ${mmcdev};if run loadbootscript; then run bootscript;else if run loadbootenv; then echo Loaded env from ${bootenvfile};run importbootenv;fi;if test -n $uenvcmd; then echo Running uenvcmd ...;run uenvcmd;fi;fi;fi;
ethact=ethernet@48484000
ethaddr=5c:f8:21:14:54:c8
fdt_addr_r=0x88000000
fdtaddr=0x88000000
fdtcontroladdr=fdf12218
fdtfile=undefined
fileaddr=88000000
filesize=15b4f
findfdt=if test $board_name = omap5_uevm; then setenv fdtfile omap5-uevm.dtb; fi; if test $board_name = dra7xx; then setenv fdtfile dra7-evm.dtb; fi;if test $board_name = dra72x-revc; then setenv fdtfile dra72-evm-revc.dtb; fi;if test $board_name = dra72x; then setenv fdtfile dra72-evm.dtb; fi;if test $board_name = beagle_x15; then setenv fdtfile am57xx-beagle-x15.dtb; fi;if test $board_name = beagle_x15_revb1; then setenv fdtfile am57xx-beagle-x15-revb1.dtb; fi;if test $board_name = am57xx_evm; then setenv fdtfile am57xx-evm.dtb; fi;if test $board_name = am57xx_evm_reva3; then setenv fdtfile am57xx-evm-reva3.dtb; fi;if test $board_name = am572x_idk; then setenv fdtfile am572x-idk.dtb; fi;if test $board_name = am571x_idk && test $idk_lcd = no; then setenv fdtfile am571x-idk.dtb; fi;if test $board_name = am571x_idk && test $idk_lcd = osd101t2045; then setenv fdtfile am571x-idk-lcd-osd.dtb; fi;if test $fdtfile = undefined; then echo WARNING: Could not determine device tree to use; fi; 
finduuid=part uuid mmc ${bootpart} uuid
gatewayip=192.168.0.1
importbootenv=echo Importing environment from mmc${mmcdev} ...; env import -t ${loadaddr} ${filesize}
ipaddr=192.168.0.72
kernel_addr_r=0x82000000
loadaddr=0x82000000
loadbootenv=fatload mmc ${mmcdev} ${loadaddr} ${bootenvfile}
loadbootscript=fatload mmc ${mmcdev} ${loadaddr} boot.scr
loadfdt=load mmc ${bootpart} ${fdtaddr} ${bootdir}/${fdtfile};
loadimage=load mmc ${bootpart} ${loadaddr} ${bootdir}/${bootfile}
mmcboot=mmc dev ${mmcdev}; if mmc rescan; then echo SD/MMC found on device ${mmcdev};if run loadimage; then run loadfdt; echo Booting from mmc${mmcdev} ...; run args_mmc; bootz ${loadaddr} - ${fdtaddr}; fi;fi;
mmcdev=0
mmcrootfstype=ext4 rootwait
netargs=setenv bootargs console=${console} ${optargs} root=/dev/nfs nfsroot=${serverip}:${rootpath},${nfsopts} rw ip=dhcp
netboot=echo Booting from network ...; setenv autoload no; dhcp; run netloadimage; run netloadfdt; run netargs; bootz ${loadaddr} - ${fdtaddr}
netloadfdt=tftp ${fdtaddr} ${fdtfile}
netloadimage=tftp ${loadaddr} ${bootfile}
netmask=255.255.255.0
nfsopts=nolock
partitions=uuid_disk=${uuid_gpt_disk};name=rootfs,start=2MiB,size=-,uuid=${uuid_gpt_rootfs}
partitions_android=uuid_disk=${uuid_gpt_disk};name=xloader,start=128K,size=128K,uuid=${uuid_gpt_xloader};name=bootloader,size=384K,uuid=${uuid_gpt_bootloader};name=environment,size=128K,uuid=${uuid_gpt_environment};name=misc,size=128K,uuid=${uuid_gpt_misc};name=efs,start=1280K,size=16M,uuid=${uuid_gpt_efs};name=crypto,size=16K,uuid=${uuid_gpt_crypto};name=recovery,size=10M,uuid=${uuid_gpt_recovery};name=boot,size=10M,uuid=${uuid_gpt_boot};name=system,size=768M,uuid=${uuid_gpt_system};name=cache,size=256M,uuid=${uuid_gpt_cache};name=ipu1,size=1M,uuid=${uuid_gpt_ipu1};name=ipu2,size=1M,uuid=${uuid_gpt_ipu2};name=userdata,size=-,uuid=${uuid_gpt_userdata}
pxefile_addr_r=0x80100000
ramdisk_addr_r=0x88080000
rdaddr=0x88080000
rootpath=/export/rootfs
scriptaddr=0x80000000
scsidevs=1
serial#=0501101f6f3e0001
serverip=192.168.0.1
soc=omap5
static_ip=${ipaddr}:${serverip}:${gatewayip}:${netmask}:${hostname}::off
stderr=serial@4806a000
stdin=serial@4806a000
stdout=serial@4806a000
usbtty=cdc_acm
vendor=ti
ver=U-Boot 2016.05-00117-g2f757e5 (Aug 25 2016 - 01:35:53 -0500)
vram=16M
Environment size: 5392/131067 bytes
- 09:49:06 [INFO] Host: setenv bootcmd ''${bootcmd}' if iminfo ${loadaddr}; then bootm ${loadaddr} ${_initramfs} ${fdt_addr_r}; else bootz ${loadaddr} ${_initramfs} ${fdt_addr_r}; bootm ${loadaddr} ${_initramfs} ${fdt_addr_r}; fi'
- 09:49:06 [INFO] Target: 
setenv bootcmd ''${bootcmd}' if iminfo ${loadaddr}; then bootm ${loadaddr} ${_initramfs} ${fdt_addr_r}; else bootz ${loadaddr} ${_initramfs} ${fdt_addr_r}; bootm ${loadaddr} ${_initramfs} ${fdt_addr_r}; fi'
- 09:49:06 [INFO] Host: version
- 09:49:06 [INFO] Target: 
version
U-Boot 2016.05-00117-g2f757e5 (Aug 25 2016 - 01:35:53 -0500)
arm-linux-gnueabihf-gcc (Linaro GCC 5.3-2016.02) 5.3.1 20160113
GNU ld (GNU Binutils) 2.25.0 Linaro 2015_10
- 09:49:06 [INFO] Host: bdinfo
- 09:49:06 [INFO] Target: 
bdinfo
arch_number = 0x00000000
boot_params = 0x80000100
DRAM bank   = 0x00000000
-> start    = 0x80000000
-> size     = 0x7F000000
DRAM bank   = 0x00000001
-> start    = 0x00000000
-> size     = 0x00000000
baudrate    = 115200 bps
TLB addr    = 0xFEFF0000
relocaddr   = 0xFEF46000
reloc off   = 0x7E746000
irq_sp      = 0xFDF12200
sp start    = 0xFDF121F0
- 09:49:06 [INFO] Host: mmc rescan; echo $?
- 09:49:07 [INFO] Target: 
mmc rescan; echo $?
- 09:49:07 [INFO] Host: fatwrite mmc ${mmcdev}:1 ${loadaddr} ws-calibrate.rules 4
- 09:49:07 [INFO] Target: 
fatwrite mmc ${mmcdev}:1 ${loadaddr} ws-calibrate.rules 4
writing ws-calibrate.rules
4 bytes written
- 09:49:07 [INFO] Host: boot
- 09:52:37 [ERROR] On command: boot waiting for boot.+?(?-mix:login:) >>> error: execution expired
- 09:52:37 [INFO] Target: 
boot
## Checking Image at 82000000 ...
Unknown image format!
Kernel image @ 0x82000000 [ 0x000000 - 0x69d5e0 ]
## Flattened Device Tree blob at 88000000
   Booting using the fdt blob at 0x88000000
   Loading Device Tree to 8ffe7000, end 8ffffb4e ... OK
Starting kernel ...
[    0.000000] Booting Linux on physical CPU 0x0
[    0.000000] Linux version 4.8.0-rc5-next-20160908-00002-g58f5dd4ebfd8 (nmenon@horus) (gcc version 4.9.3 20150413 (prerelease) (Linaro GCC 4.9-2015.05) ) #3 SMP Thu Sep 8 08:46:15 CDT 2016
[    0.000000] CPU: ARMv7 Processor [412fc0f2] revision 2 (ARMv7), cr=30c5387d
[    0.000000] CPU: div instructions available: patching division code
[    0.000000] CPU: PIPT / VIPT nonaliasing data cache, PIPT instruction cache
[    0.000000] OF: fdt:Machine model: TI DRA722
[    0.000000] cma: Reserved 64 MiB at 0x00000000fa800000
[    0.000000] Forcing write-allocate cache policy for SMP
[    0.000000] Memory policy: Data cache writealloc
[    0.000000] OMAP4: Map 0x00000000fed00000 to fe600000 for dram barrier
[    0.000000] DRA722 ES2.0
[    0.000000] percpu: Embedded 14 pages/cpu @eefb1000 s26112 r8192 d23040 u57344
[    0.000000] Built 1 zonelists in Zone order, mobility grouping on.  Total pages: 517888
[    0.000000] Kernel command line: console=ttyO0,115200n8 earlyprintk=serial,ttyO0,115200n8 rootwait  ip=:::::eth0:dhcp  root=PARTUUID=00000000-02 rw rootfstype=ext4 rootwait 
[    0.000000] PID hash table entries: 4096 (order: 2, 16384 bytes)
[    0.000000] Dentry cache hash table entries: 131072 (order: 7, 524288 bytes)
[    0.000000] Inode-cache hash table entries: 65536 (order: 6, 262144 bytes)
[    0.000000] Memory: 1976740K/2077696K available (10240K kernel code, 1098K rwdata, 3828K rodata, 2048K init, 347K bss, 35420K reserved, 65536K cma-reserved, 1225728K highmem)
[    0.000000] Virtual kernel memory layout:
[    0.000000]     vector  : 0xffff0000 - 0xffff1000   (   4 kB)
[    0.000000]     fixmap  : 0xffc00000 - 0xfff00000   (3072 kB)
[    0.000000]     vmalloc : 0xf0800000 - 0xff800000   ( 240 MB)
[    0.000000]     lowmem  : 0xc0000000 - 0xf0000000   ( 768 MB)
[    0.000000]     pkmap   : 0xbfe00000 - 0xc0000000   (   2 MB)
[    0.000000]     modules : 0xbf000000 - 0xbfe00000   (  14 MB)
[    0.000000]       .text : 0xc0208000 - 0xc0e00000   (12256 kB)
[    0.000000]       .init : 0xc1200000 - 0xc1400000   (2048 kB)
[    0.000000]       .data : 0xc1400000 - 0xc1512ba0   (1099 kB)
[    0.000000]        .bss : 0xc1514000 - 0xc156ac88   ( 348 kB)
[    0.000000] SLUB: HWalign=64, Order=0-3, MinObjects=0, CPUs=1, Nodes=1
[    0.000000] Hierarchical RCU implementation.
[    0.000000] 	Build-time adjustment of leaf fanout to 32.
[    0.000000] 	RCU restricting CPUs from NR_CPUS=16 to nr_cpu_ids=1.
[    0.000000] RCU: Adjusting geometry for rcu_fanout_leaf=32, nr_cpu_ids=1
[    0.000000] NR_IRQS:16 nr_irqs:16 16
[    0.000000] ti_dt_clocks_register: failed to lookup clock node gmac_gmii_ref_clk_div
[    0.000000] OMAP clockevent source: timer1 at 32786 Hz
[    0.000000] arm_arch_timer: Architected cp15 timer(s) running at 6.14MHz (virt).
[    0.000000] clocksource: arch_sys_counter: mask: 0xffffffffffffff max_cycles: 0x16af5adb9, max_idle_ns: 440795202250 ns
[    0.000004] sched_clock: 56 bits at 6MHz, resolution 162ns, wraps every 4398046511023ns
[    0.000013] Switching to timer-based delay loop, resolution 162ns
[    0.003263] clocksource: 32k_counter: mask: 0xffffffff max_cycles: 0xffffffff, max_idle_ns: 58327039986419 ns
[    0.003269] OMAP clocksource: 32k_counter at 32768 Hz
[    0.006241] Console: colour dummy device 80x30
[    0.006262] Calibrating delay loop (skipped), value calculated using timer frequency.. 12.29 BogoMIPS (lpj=30737)
[    0.006273] pid_max: default: 32768 minimum: 301
[    0.006346] Mount-cache hash table entries: 2048 (order: 1, 8192 bytes)
[    0.006354] Mountpoint-cache hash table entries: 2048 (order: 1, 8192 bytes)
[    0.006824] CPU: Testing write buffer coherency: ok
[    0.006977] /cpus/cpu@0 missing clock-frequency property
[    0.006988] CPU0: thread -1, cpu 0, socket 0, mpidr 80000000
[    0.007001] Setting up static identity map for 0x80400000 - 0x80400170
[    0.011772] Brought up 1 CPUs
[    0.011781] SMP: Total of 1 processors activated (12.29 BogoMIPS).
[    0.011787] CPU: All CPU(s) started in SVC mode.
[    0.011817] span: 0 (max cpu_capacity = 1024)
[    0.012073] devtmpfs: initialized
[    0.032988] VFP support v0.3: implementor 41 architecture 4 part 30 variant f rev 0
[    0.033463] clocksource: jiffies: mask: 0xffffffff max_cycles: 0xffffffff, max_idle_ns: 9556302231375000 ns
[    0.034509] pinctrl core: initialized pinctrl subsystem
[    0.036110] NET: Registered protocol family 16
[    0.037620] DMA: preallocated 256 KiB pool for atomic coherent allocations
[    0.038829] omap_hwmod: l3_main_2 using broken dt data from ocp
[    0.137641] omap_hwmod: dss_core: _wait_target_disable failed
[    0.137652] omap_hwmod: dss_core: _wait_target_ready failed: -16
[    0.137660] omap_hwmod: dss_core: cannot be enabled for reset (3)
[    0.145065] omap_hwmod: dss_core: _wait_target_disable failed
[    0.145072] omap_hwmod: dss_core: _wait_target_ready failed: -16
[    0.145079] ------------[ cut here ]------------
[    0.145096] WARNING: CPU: 0 PID: 1 at arch/arm/mach-omap2/omap_hwmod.c:2708 _setup+0x58/0x408
[    0.145103] hwmod: dss_dispc: setup: failed to enable parent hwmod dss_core
[    0.145107] Modules linked in:
[    0.145120] CPU: 0 PID: 1 Comm: swapper/0 Not tainted 4.8.0-rc5-next-20160908-00002-g58f5dd4ebfd8 #3
[    0.145127] Hardware name: Generic DRA72X (Flattened Device Tree)
[    0.145147] [<c040fb20>] (unwind_backtrace) from [<c040b120>] (show_stack+0x10/0x14)
[    0.145160] [<c040b120>] (show_stack) from [<c069775c>] (dump_stack+0x98/0xac)
[    0.145173] [<c069775c>] (dump_stack) from [<c0442d4c>] (__warn+0xe8/0x100)
[    0.145186] [<c0442d4c>] (__warn) from [<c0442d9c>] (warn_slowpath_fmt+0x38/0x48)
[    0.145198] [<c0442d9c>] (warn_slowpath_fmt) from [<c1213e5c>] (_setup+0x58/0x408)
[    0.145211] [<c1213e5c>] (_setup) from [<c0428b94>] (omap_hwmod_for_each+0x38/0x60)
[    0.145222] [<c0428b94>] (omap_hwmod_for_each) from [<c1214a48>] (__omap_hwmod_setup_all+0x38/0x40)
[    0.145234] [<c1214a48>] (__omap_hwmod_setup_all) from [<c0401e50>] (do_one_initcall+0x40/0x174)
[    0.145246] [<c0401e50>] (do_one_initcall) from [<c1200dd8>] (kernel_init_freeable+0x15c/0x1fc)
[    0.145257] [<c1200dd8>] (kernel_init_freeable) from [<c0cae028>] (kernel_init+0x8/0x114)
[    0.145268] [<c0cae028>] (kernel_init) from [<c0407ce8>] (ret_from_fork+0x14/0x2c)
[    0.145277] ---[ end trace b776b0f8a28c5ae7 ]---
[    0.147448] omap_hwmod: dss_dispc: _wait_target_ready failed: -16
[    0.147456] omap_hwmod: dss_dispc: cannot be enabled for reset (3)
[    0.147461] ------------[ cut here ]------------
[    0.147472] WARNING: CPU: 0 PID: 1 at arch/arm/mach-omap2/omap_hwmod.c:2235 _idle+0x238/0x240
[    0.147478] omap_hwmod: dss_core: idle state can only be entered from enabled state
[    0.147482] Modules linked in:
[    0.147492] CPU: 0 PID: 1 Comm: swapper/0 Tainted: G        W       4.8.0-rc5-next-20160908-00002-g58f5dd4ebfd8 #3
[    0.147498] Hardware name: Generic DRA72X (Flattened Device Tree)
[    0.147510] [<c040fb20>] (unwind_backtrace) from [<c040b120>] (show_stack+0x10/0x14)
[    0.147519] [<c040b120>] (show_stack) from [<c069775c>] (dump_stack+0x98/0xac)
[    0.147529] [<c069775c>] (dump_stack) from [<c0442d4c>] (__warn+0xe8/0x100)
[    0.147539] [<c0442d4c>] (__warn) from [<c0442d9c>] (warn_slowpath_fmt+0x38/0x48)
[    0.147551] [<c0442d9c>] (warn_slowpath_fmt) from [<c0428850>] (_idle+0x238/0x240)
[    0.147563] [<c0428850>] (_idle) from [<c12141b8>] (_setup+0x3b4/0x408)
[    0.147574] [<c12141b8>] (_setup) from [<c0428b94>] (omap_hwmod_for_each+0x38/0x60)
[    0.147584] [<c0428b94>] (omap_hwmod_for_each) from [<c1214a48>] (__omap_hwmod_setup_all+0x38/0x40)
[    0.147594] [<c1214a48>] (__omap_hwmod_setup_all) from [<c0401e50>] (do_one_initcall+0x40/0x174)
[    0.147603] [<c0401e50>] (do_one_initcall) from [<c1200dd8>] (kernel_init_freeable+0x15c/0x1fc)
[    0.147613] [<c1200dd8>] (kernel_init_freeable) from [<c0cae028>] (kernel_init+0x8/0x114)
[    0.147623] [<c0cae028>] (kernel_init) from [<c0407ce8>] (ret_from_fork+0x14/0x2c)
[    0.147629] ---[ end trace b776b0f8a28c5ae8 ]---
[    0.155065] omap_hwmod: dss_core: _wait_target_disable failed
[    0.155073] omap_hwmod: dss_core: _wait_target_ready failed: -16
[    0.155080] ------------[ cut here ]------------
[    0.155091] WARNING: CPU: 0 PID: 1 at arch/arm/mach-omap2/omap_hwmod.c:2708 _setup+0x58/0x408
[    0.155096] hwmod: dss_hdmi: setup: failed to enable parent hwmod dss_core
[    0.155101] Modules linked in:
[    0.155110] CPU: 0 PID: 1 Comm: swapper/0 Tainted: G        W       4.8.0-rc5-next-20160908-00002-g58f5dd4ebfd8 #3
[    0.155116] Hardware name: Generic DRA72X (Flattened Device Tree)
[    0.155127] [<c040fb20>] (unwind_backtrace) from [<c040b120>] (show_stack+0x10/0x14)
[    0.155136] [<c040b120>] (show_stack) from [<c069775c>] (dump_stack+0x98/0xac)
[    0.155145] [<c069775c>] (dump_stack) from [<c0442d4c>] (__warn+0xe8/0x100)
[    0.155155] [<c0442d4c>] (__warn) from [<c0442d9c>] (warn_slowpath_fmt+0x38/0x48)
[    0.155167] [<c0442d9c>] (warn_slowpath_fmt) from [<c1213e5c>] (_setup+0x58/0x408)
[    0.155177] [<c1213e5c>] (_setup) from [<c0428b94>] (omap_hwmod_for_each+0x38/0x60)
[    0.155187] [<c0428b94>] (omap_hwmod_for_each) from [<c1214a48>] (__omap_hwmod_setup_all+0x38/0x40)
[    0.155197] [<c1214a48>] (__omap_hwmod_setup_all) from [<c0401e50>] (do_one_initcall+0x40/0x174)
[    0.155206] [<c0401e50>] (do_one_initcall) from [<c1200dd8>] (kernel_init_freeable+0x15c/0x1fc)
[    0.155215] [<c1200dd8>] (kernel_init_freeable) from [<c0cae028>] (kernel_init+0x8/0x114)
[    0.155225] [<c0cae028>] (kernel_init) from [<c0407ce8>] (ret_from_fork+0x14/0x2c)
[    0.155231] ---[ end trace b776b0f8a28c5ae9 ]---
[    0.157398] omap_hwmod: dss_hdmi: _wait_target_ready failed: -16
[    0.157406] omap_hwmod: dss_hdmi: cannot be enabled for reset (3)
[    0.157410] ------------[ cut here ]------------
[    0.157421] WARNING: CPU: 0 PID: 1 at arch/arm/mach-omap2/omap_hwmod.c:2235 _idle+0x238/0x240
[    0.157426] omap_hwmod: dss_core: idle state can only be entered from enabled state
[    0.157430] Modules linked in:
[    0.157439] CPU: 0 PID: 1 Comm: swapper/0 Tainted: G        W       4.8.0-rc5-next-20160908-00002-g58f5dd4ebfd8 #3
[    0.157444] Hardware name: Generic DRA72X (Flattened Device Tree)
[    0.157455] [<c040fb20>] (unwind_backtrace) from [<c040b120>] (show_stack+0x10/0x14)
[    0.157464] [<c040b120>] (show_stack) from [<c069775c>] (dump_stack+0x98/0xac)
[    0.157473] [<c069775c>] (dump_stack) from [<c0442d4c>] (__warn+0xe8/0x100)
[    0.157483] [<c0442d4c>] (__warn) from [<c0442d9c>] (warn_slowpath_fmt+0x38/0x48)
[    0.157495] [<c0442d9c>] (warn_slowpath_fmt) from [<c0428850>] (_idle+0x238/0x240)
[    0.157506] [<c0428850>] (_idle) from [<c12141b8>] (_setup+0x3b4/0x408)
[    0.157516] [<c12141b8>] (_setup) from [<c0428b94>] (omap_hwmod_for_each+0x38/0x60)
[    0.157526] [<c0428b94>] (omap_hwmod_for_each) from [<c1214a48>] (__omap_hwmod_setup_all+0x38/0x40)
[    0.157536] [<c1214a48>] (__omap_hwmod_setup_all) from [<c0401e50>] (do_one_initcall+0x40/0x174)
[    0.157545] [<c0401e50>] (do_one_initcall) from [<c1200dd8>] (kernel_init_freeable+0x15c/0x1fc)
[    0.157554] [<c1200dd8>] (kernel_init_freeable) from [<c0cae028>] (kernel_init+0x8/0x114)
[    0.157564] [<c0cae028>] (kernel_init) from [<c0407ce8>] (ret_from_fork+0x14/0x2c)
[    0.157570] ---[ end trace b776b0f8a28c5aea ]---
[    0.203928] cpuidle: using governor menu
[    0.211807] OMAP GPIO hardware version 0.1
[    0.218048] irq: no irq domain found for /ocp/l4@4a000000/scm@2000/pinmux@1400 !
[    0.228434] omap-gpmc 50000000.gpmc: could not find pctldev for node /ocp/l4@4a000000/scm@2000/pinmux@1400/nand_default, deferring probe
[    0.230406] platform 4b500000.aes: Cannot lookup hwmod 'aes1'
[    0.230660] platform 4b700000.aes: Cannot lookup hwmod 'aes2'
[    0.230910] platform 480a5000.des: Cannot lookup hwmod 'des'
[    0.231161] platform 4b101000.sham: Cannot lookup hwmod 'sham'
[    0.231412] platform 48090000.rng: Cannot lookup hwmod 'rng'
[    0.234513] No ATAGs?
[    0.234528] hw-breakpoint: found 5 (+1 reserved) breakpoint and 4 watchpoint registers.
[    0.234535] hw-breakpoint: maximum watchpoint size is 8 bytes.
[    0.235585] omap4_sram_init:Unable to allocate sram needed to handle errata I688
[    0.235592] omap4_sram_init:Unable to get sram pool needed to handle errata I688
[    0.235826] OMAP DMA hardware revision 0.0
[    0.241017] Serial: AMBA PL011 UART driver
[    0.260160] omap-dma-engine 4a056000.dma-controller: OMAP DMA engine driver (LinkedList1/2/3 supported)
[    0.261936] edma 43300000.edma: memcpy is disabled
[    0.266079] edma 43300000.edma: TI EDMA DMA engine driver
[    0.266848] aic_dvdd: supplied by evm_3v3
[    0.270137] vgaarb: loaded
[    0.270838] SCSI subsystem initialized
[    0.271159] usbcore: registered new interface driver usbfs
[    0.271207] usbcore: registered new interface driver hub
[    0.271247] usbcore: registered new device driver usb
[    0.271838] omap_i2c 48070000.i2c: could not find pctldev for node /ocp/l4@4a000000/scm@2000/pinmux@1400/pinmux_i2c1_pins, deferring probe
[    0.271866] omap_i2c 4807c000.i2c: could not find pctldev for node /ocp/l4@4a000000/scm@2000/pinmux@1400/pinmux_i2c5_pins, deferring probe
[    0.272721] pps_core: LinuxPPS API ver. 1 registered
[    0.272727] pps_core: Software ver. 5.3.6 - Copyright 2005-2007 Rodolfo Giometti <giometti@linux.it>
[    0.272744] PTP clock support registered
[    0.272922] EDAC MC: Ver: 3.0.0
[    0.274933] clocksource: Switched to clocksource arch_sys_counter
[    0.282661] NET: Registered protocol family 2
[    0.283029] TCP established hash table entries: 8192 (order: 3, 32768 bytes)
[    0.283090] TCP bind hash table entries: 8192 (order: 4, 65536 bytes)
[    0.283213] TCP: Hash tables configured (established 8192 bind 8192)
[    0.283258] UDP hash table entries: 512 (order: 2, 16384 bytes)
[    0.283286] UDP-Lite hash table entries: 512 (order: 2, 16384 bytes)
[    0.283394] NET: Registered protocol family 1
[    0.283623] RPC: Registered named UNIX socket transport module.
[    0.283630] RPC: Registered udp transport module.
[    0.283636] RPC: Registered tcp transport module.
[    0.283641] RPC: Registered tcp NFSv4.1 backchannel transport module.
[    0.284471] hw perfevents: enabled with armv7_cortex_a15 PMU driver, 7 counters available
[    0.286069] futex hash table entries: 256 (order: 2, 16384 bytes)
[    0.286673] workingset: timestamp_bits=30 max_order=19 bucket_order=0
[    0.294626] squashfs: version 4.0 (2009/01/31) Phillip Lougher
[    0.295260] NFS: Registering the id_resolver key type
[    0.295280] Key type id_resolver registered
[    0.295286] Key type id_legacy registered
[    0.295317] ntfs: driver 2.1.32 [Flags: R/O].
[    0.296202] bounce: pool size: 64 pages
[    0.296351] Block layer SCSI generic (bsg) driver version 0.4 loaded (major 248)
[    0.296359] io scheduler noop registered
[    0.296365] io scheduler deadline registered
[    0.296494] io scheduler cfq registered (default)
[    0.303729] libphy: mdio_driver_register: phy-bcm-ns2-pci
[    0.304993] pinctrl-single 4a003400.pinmux: 282 pins at pa fc003400 size 1128
[    0.319492] pbias_mmc_omap5: failed to get the current voltage(-5)
[    0.319505] pbias-regulator 4a002e00.pbias_regulator: Failed to register regulator: -5
[    0.319519] pbias-regulator: probe of 4a002e00.pbias_regulator failed with error -5
[    0.362741] Serial: 8250/16550 driver, 4 ports, IRQ sharing disabled
[    0.365302] SuperH (H)SCI(F) driver initialized
[    0.366328] msm_serial: driver initialized
[    0.366683] 4806a000.serial: ttyO0 at MMIO 0x4806a000 (irq = 301, base_baud = 3000000) is a OMAP UART0
[    1.819784] console [ttyO0] enabled
[    1.823767] STMicroelectronics ASC driver initialized
[    1.830722] omap_rng 48090000.rng: _od_fail_runtime_resume: FIXME: missing hwmod/omap_dev info
[    1.839716] omap_rng 48090000.rng: Failed to runtime_get device: -19
[    1.846347] omap_rng 48090000.rng: initialization failed.
[    1.853621] [drm] Initialized drm 1.1.0 20060810
[    1.870655] brd: module loaded
[    1.877800] loop: module loaded
[    1.882785] phy phy-4a096000.phy.0: phy poweron failed --> -5
[    1.888853] ahci: probe of 4a140000.sata failed with error -5
[    1.901363] libphy: Fixed MDIO Bus: probed
[    1.906507] CAN device driver interface
[    1.912633] igb: Intel(R) Gigabit Ethernet Network Driver - version 5.3.0-k
[    1.919908] igb: Copyright (c) 2007-2014 Intel Corporation.
[    1.928833] cpsw 48484000.ethernet: gpio request failed, ret -517
[    1.935543] pegasus: v0.9.3 (2013/04/25), Pegasus/Pegasus II USB Ethernet driver
[    1.943314] usbcore: registered new interface driver pegasus
[    1.949273] usbcore: registered new interface driver asix
[    1.954946] usbcore: registered new interface driver ax88179_178a
[    1.961340] usbcore: registered new interface driver cdc_ether
[    1.967473] usbcore: registered new interface driver smsc75xx
[    1.973516] usbcore: registered new interface driver smsc95xx
[    1.979539] usbcore: registered new interface driver net1080
[    1.985481] usbcore: registered new interface driver cdc_subset
[    1.991695] usbcore: registered new interface driver zaurus
[    1.997566] usbcore: registered new interface driver cdc_ncm
[    2.005886] ehci_hcd: USB 2.0 'Enhanced' Host Controller (EHCI) Driver
[    2.012717] ehci-pci: EHCI PCI platform driver
[    2.017397] ehci-platform: EHCI generic platform driver
[    2.023058] ehci-orion: EHCI orion driver
[    2.027390] SPEAr-ehci: EHCI SPEAr driver
[    2.031723] ehci-st: EHCI STMicroelectronics driver
[    2.036965] ehci-exynos: EHCI EXYNOS driver
[    2.041498] ehci-atmel: EHCI Atmel driver
[    2.045832] tegra-ehci: Tegra EHCI driver
[    2.050187] ohci_hcd: USB 1.1 'Open' Host Controller (OHCI) Driver
[    2.056656] ohci-pci: OHCI PCI platform driver
[    2.061334] ohci-platform: OHCI generic platform driver
[    2.066956] ohci-omap3: OHCI OMAP3 driver
[    2.071288] SPEAr-ohci: OHCI SPEAr driver
[    2.075621] ohci-st: OHCI STMicroelectronics driver
[    2.080861] ohci-atmel: OHCI Atmel driver
[    2.085753] usbcore: registered new interface driver usb-storage
[    2.093542] mousedev: PS/2 mouse device common for all mice
[    2.102452] i2c /dev entries driver
[    2.118322] sdhci: Secure Digital Host Controller Interface driver
[    2.124780] sdhci: Copyright(c) Pierre Ossman
[    2.130335] omap_hsmmc 4809c000.mmc: Got CD GPIO
[    2.175782] Synopsys Designware Multimedia Card Interface Driver
[    2.183158] sdhci-pltfm: SDHCI platform and OF driver helper
[    2.191388] ledtrig-cpu: registered to indicate activity on CPUs
[    2.197990] usbcore: registered new interface driver usbhid
[    2.203815] usbhid: USB HID core driver
[    2.214183] NET: Registered protocol family 10
[    2.219491] sit: IPv6, IPv4 and MPLS over IPv4 tunneling driver
[    2.226146] NET: Registered protocol family 17
[    2.230797] can: controller area network core (rev 20120528 abi 9)
[    2.237292] NET: Registered protocol family 29
[    2.241938] can: raw protocol (rev 20120528)
[    2.246399] can: broadcast manager protocol (rev 20160617 t)
[    2.252314] can: netlink gateway (rev 20130117) max_hops=1
[    2.258350] Key type dns_resolver registered
[    2.262971] omap_voltage_late_init: Voltage driver support not added
[    2.269695] Power Management for TI OMAP4+ devices.
[    2.275001] ThumbEE CPU extension supported.
[    2.279461] Registering SWP/SWPB emulation handler
[    2.288464] omap-gpmc 50000000.gpmc: GPMC revision 6.0
[    2.293863] gpmc_mem_init: disabling cs 0 mapped at 0x0-0x1000000
[    2.303947] palmas 0-0058: Irq flag is 0x00000000
[    2.322024] palmas 0-0058: Muxing GPIO 1d, PWM 0, LED 0
[    2.339991] random: fast init done
[    2.348056] mmc0: new high speed MMC card at address 0001
[    2.354056] mmcblk0: mmc0:0001 MMC08G 7.25 GiB 
[    2.358946] mmcblk0boot0: mmc0:0001 MMC08G partition 1 8.00 MiB
[    2.365285] mmcblk0boot1: mmc0:0001 MMC08G partition 2 8.00 MiB
[    2.371926] pcf857x 0-0021: probed
[    2.375730] omap_i2c 48070000.i2c: bus 0 rev0.12 at 400 kHz
[    2.393714]  mmcblk0: p1 p2 p3
[    2.410166] GPIO line 991 (vin6_sel_s0) hogged as output/low
[    2.416265] pcf857x 4-0026: probed
[    2.419850] omap_i2c 4807c000.i2c: bus 4 rev0.12 at 400 kHz
[    2.469942] davinci_mdio 48485000.mdio: davinci mdio revision 1.6
[    2.476319] davinci_mdio 48485000.mdio: no live phy, scanning all
[    2.483871] davinci_mdio: probe of 48485000.mdio failed with error -5
[    2.491927] cpsw 48484000.ethernet: Detected MACID = 5c:f8:21:14:54:c8
[    2.503012] omap_hsmmc 4809c000.mmc: Got CD GPIO
[    2.511911] omap_hsmmc 4809c000.mmc: Got CD GPIO
[    2.517318] omap_hsmmc 4809c000.mmc: SD card detect fail? enable CONFIG_REGULATOR_PBIAS
[    2.526390] hctosys: unable to open rtc device (rtc0)
[    2.541161] net eth0: initializing cpsw version 1.15 (0)
[    2.548723] libphy: PHY 48485000.mdio:03 not found
[    2.553738] net eth0: phy "48485000.mdio:03" not found on slave 0, err -19
[    2.567312] IPv6: ADDRCONF(NETDEV_UP): eth0: link is not ready
[   12.574934] Waiting up to 110 more seconds for network.
[   22.584931] Waiting up to 100 more seconds for network.
[   32.594932] Waiting up to 90 more seconds for network.
[   42.604931] Waiting up to 80 more seconds for network.
[   52.614931] Waiting up to 70 more seconds for network.
[   62.624931] Waiting up to 60 more seconds for network.
[   72.634931] Waiting up to 50 more seconds for network.
[   82.644931] Waiting up to 40 more seconds for network.
[   92.654939] Waiting up to 30 more seconds for network.
[  102.664931] Waiting up to 20 more seconds for network.
[  112.674931] Waiting up to 10 more seconds for network.
[  122.599937] Sending DHCP requests ...... timed out!
[  208.684547] IP-Config: Reopening network devices...
[  208.689675] net eth0: initializing cpsw version 1.15 (0)
[  208.697221] libphy: PHY 48485000.mdio:03 not found
[  208.702237] net eth0: phy "48485000.mdio:03" not found on slave 0, err -19
[  208.713784] IPv6: ADDRCONF(NETDEV_UP): eth0: link is not ready
- 09:52:37 [INFO] Boot attempt 1/1 failed
- 09:52:37 [INFO] Collecting kernel traces via sysrq...
- 09:52:47 [INFO] [  218.719931] Waiting up to 110 more seconds for network.
- 09:52:57 [INFO] [  228.729931] Waiting up to 100 more seconds for network.
- 09:53:08 [INFO] [  238.739931] Waiting up to 90 more seconds for network.
- 09:53:08 [INFO] Disconnected serial from dra72x-evm
URL:gtsystest.telogy.design.ti.com/vatf/tigtfarm04/tigtfarm04_vatf@dra72x-evm/tigtfarm0409_08_2016_09_48_44/files/session_iteration_1/test_1
