- 14:11:50 [INFO] Starting target session
- 14:11:50 [INFO] Connected to dra72x-evm via serial 
- 14:11:50 [INFO] Host: #check prompt
- 14:11:53 [ERROR] On command: #check prompt waiting for #check prompt.+?(?-mix:((?-mix:login:)|[Pp]assword)) >>> error: execution expired
- 14:11:53 [INFO] Target: 
- 14:11:53 [INFO] Host: #check prompt
- 14:11:55 [ERROR] On command: #check prompt waiting for #check prompt.+?(?-mix:[\w\d]+@.+[@:#]+) >>> error: execution expired
- 14:11:55 [INFO] Target: 
- 14:11:55 [INFO] Host: #check prompt
- 14:11:57 [ERROR] On command: #check prompt waiting for #check prompt.+?(?-mix:[\w\d]+@.+[@:#]+) >>> error: execution expired
- 14:11:57 [INFO] Target: 
- 14:11:57 [INFO] Host: #check prompt
- 14:11:59 [ERROR] On command: #check prompt waiting for #check prompt.+?(?-mix:[\w\d]+@.+[@:#]+) >>> error: execution expired
- 14:11:59 [INFO] Target: 
- 14:11:59 [INFO] Disconnected serial from dra72x-evm
- 14:12:00 [INFO] Connected to dra72x-evm via serial 
- 14:12:00 [INFO] Host: 
- 14:12:02 [INFO] Target: 
U-Boot SPL 2016.05-00022-g64be216 (Jun 20 2016 - 11:36:12)
DRA722-GP ES2.0
Trying to boot from MMC1
reading args
spl_load_image_fat_os: error reading image args, err - -1
reading u-boot.img
reading u-boot.img
reading u-boot.img
reading u-boot.img
U-Boot 2016.05-00022-g64be216 (Jun 20 2016 - 11:36:12 -0500), Build: jenkins-ti-uboot-compile-test-139
CPU  : DRA722-GP ES2.0
Model: TI DRA722 Rev C EVM
Board: DRA72x EVM REV C.1
I2C:   ready
DRAM:  2 GiB
MMC:   OMAP SD/MMC: 0, OMAP SD/MMC: 1
** First descriptor is NOT a primary desc on 1:1 **
SCSI:  SATA link 0 timeout.
AHCI 0001.0300 32 slots 1 ports 3 Gbps 0x1 impl SATA mode
flags: 64bit ncq stag pm led clo only pmp pio slum part ccc apst 
scanning bus for devices...
Found 0 device(s).
Net:   
Warning: ethernet@48484000 using MAC address from ROM
eth0: ethernet@48484000
Hit any key to stop autoboot:  2  0 
=>  
=>  
=>  
=>  
- 14:12:02 [INFO] Host: 
- 14:12:03 [INFO] Target: 
=>  
- 14:12:03 [INFO] Host: version
- 14:12:03 [INFO] Target: 
version
U-Boot 2016.05-00022-g64be216 (Jun 20 2016 - 11:36:12 -0500)
arm-linux-gnueabihf-gcc (Linaro GCC 5.3-2016.02) 5.3.1 20160113
GNU ld (GNU Binutils) 2.25.0 Linaro 2015_10
- 14:12:03 [INFO] Host: setenv bootargs 'console=ttyO0,115200n8 earlyprintk=serial,ttyO0,115200n8 rootwait '
- 14:12:03 [INFO] Target: 
setenv bootargs 'console=ttyO0,115200n8 earlyprintk=serial,ttyO0,115200n8 rootwait '
- 14:12:03 [INFO] Host: setenv bootcmd  ''
- 14:12:03 [INFO] Target: 
setenv bootcmd  ''
- 14:12:03 [INFO] Host: setenv autoload 'no'
- 14:12:03 [INFO] Target: 
setenv autoload 'no'
- 14:12:03 [INFO] Host: setenv serverip '192.168.0.1'
- 14:12:03 [INFO] Target: 
setenv serverip '192.168.0.1'
- 14:12:03 [INFO] Host: setenv _initramfs -
- 14:12:03 [INFO] Target: 
setenv _initramfs -
- 14:12:03 [INFO] Host: printenv
- 14:12:04 [INFO] Target: 
printenv
_initramfs=-
arch=arm
args_mmc=run finduuid;setenv bootargs console=${console} ${optargs} root=PARTUUID=${uuid} rw rootfstype=${mmcrootfstype}
autoload=no
baudrate=115200
board=dra7xx
board_name=dra72x-revc
board_rev=C.1
bootargs=console=ttyO0,115200n8 earlyprintk=serial,ttyO0,115200n8 rootwait 
bootcmd=
bootdelay=2
bootdir=/boot
bootenvfile=uEnv.txt
bootfile=zImage
bootm_size=0x10000000
bootpart=0:2
bootscript=echo Running bootscript from mmc${mmcdev} ...; source ${loadaddr}
console=ttyO0,115200n8
cpu=armv7
dfu_alt_info_emmc=rawemmc raw 0 3751936;boot part 1 1;rootfs part 1 2;MLO fat 1 1;MLO.raw raw 0x100 0x100;u-boot.img.raw raw 0x300 0x400;spl-os-args.raw raw 0x80 0x80;spl-os-image.raw raw 0x900 0x2000;spl-os-args fat 1 1;spl-os-image fat 1 1;u-boot.img fat 1 1;uEnv.txt fat 1 1
dfu_alt_info_mmc=boot part 0 1;rootfs part 0 2;MLO fat 0 1;MLO.raw raw 0x100 0x100;u-boot.img.raw raw 0x300 0x400;spl-os-args.raw raw 0x80 0x80;spl-os-image.raw raw 0x900 0x2000;spl-os-args fat 0 1;spl-os-image fat 0 1;u-boot.img fat 0 1;uEnv.txt fat 0 1
dfu_alt_info_qspi=MLO raw 0x0 0x020000;MLO.backup1 raw 0x020000 0x020000;u-boot.img raw 0x040000 0x0100000;u-boot-spl-os raw 0x140000 0x080000;u-boot-env raw 0x1C0000 0x010000;u-boot-env.backup raw 0x1D0000 0x010000;kernel raw 0x1E0000 0x800000
dfu_alt_info_ram=kernel ram 0x80200000 0x4000000;fdt ram 0x80f80000 0x80000;ramdisk ram 0x81000000 0x4000000
dfu_bufsiz=0x10000
dofastboot=0
envboot=mmc dev ${mmcdev}; if mmc rescan; then echo SD/MMC found on device ${mmcdev};if run loadbootscript; then run bootscript;else if run loadbootenv; then echo Loaded env from ${bootenvfile};run importbootenv;fi;if test -n $uenvcmd; then echo Running uenvcmd ...;run uenvcmd;fi;fi;fi;
ethaddr=5c:f8:21:14:64:c2
fdt_addr_r=0x88000000
fdtaddr=0x88000000
fdtcontroladdr=fdf137b0
fdtfile=undefined
findfdt=if test $board_name = omap5_uevm; then setenv fdtfile omap5-uevm.dtb; fi; if test $board_name = dra7xx; then setenv fdtfile dra7-evm.dtb; fi;if test $board_name = dra72x-revc; then setenv fdtfile dra72-evm-revc.dtb; fi;if test $board_name = dra72x; then setenv fdtfile dra72-evm.dtb; fi;if test $board_name = beagle_x15; then setenv fdtfile am57xx-beagle-x15.dtb; fi;if test $board_name = beagle_x15_revb1; then setenv fdtfile am57xx-beagle-x15-revb1.dtb; fi;if test $board_name = am57xx_evm; then setenv fdtfile am57xx-evm.dtb; fi;if test $board_name = am57xx_evm_reva3; then setenv fdtfile am57xx-evm-reva3.dtb; fi;if test $board_name = am572x_idk; then setenv fdtfile am572x-idk.dtb; fi;if test $board_name = am571x_idk; then setenv fdtfile am571x-idk.dtb; fi;if test $fdtfile = undefined; then echo WARNING: Could not determine device tree to use; fi; 
finduuid=part uuid mmc 0:2 uuid
importbootenv=echo Importing environment from mmc${mmcdev} ...; env import -t ${loadaddr} ${filesize}
kernel_addr_r=0x82000000
loadaddr=0x82000000
loadbootenv=fatload mmc ${mmcdev} ${loadaddr} ${bootenvfile}
loadbootscript=fatload mmc ${mmcdev} ${loadaddr} boot.scr
loadfdt=load mmc ${bootpart} ${fdtaddr} ${bootdir}/${fdtfile};
loadimage=load mmc ${bootpart} ${loadaddr} ${bootdir}/${bootfile}
mmcboot=mmc dev ${mmcdev}; if mmc rescan; then echo SD/MMC found on device ${mmcdev};if run loadimage; then run loadfdt; echo Booting from mmc${mmcdev} ...; run args_mmc; bootz ${loadaddr} - ${fdtaddr}; fi;fi;
mmcdev=0
mmcrootfstype=ext4 rootwait
netargs=setenv bootargs console=${console} ${optargs} root=/dev/nfs nfsroot=${serverip}:${rootpath},${nfsopts} rw ip=dhcp
netboot=echo Booting from network ...; setenv autoload no; dhcp; run netloadimage; run netloadfdt; run netargs; bootz ${loadaddr} - ${fdtaddr}
netloadfdt=tftp ${fdtaddr} ${fdtfile}
netloadimage=tftp ${loadaddr} ${bootfile}
nfsopts=nolock
partitions=uuid_disk=${uuid_gpt_disk};name=rootfs,start=2MiB,size=-,uuid=${uuid_gpt_rootfs}
partitions_android=uuid_disk=${uuid_gpt_disk};name=xloader,start=128K,size=128K,uuid=${uuid_gpt_xloader};name=bootloader,size=384K,uuid=${uuid_gpt_bootloader};name=environment,size=128K,uuid=${uuid_gpt_environment};name=misc,size=128K,uuid=${uuid_gpt_misc};name=efs,start=1280K,size=16M,uuid=${uuid_gpt_efs};name=crypto,size=16K,uuid=${uuid_gpt_crypto};name=recovery,size=10M,uuid=${uuid_gpt_recovery};name=boot,size=10M,uuid=${uuid_gpt_boot};name=system,size=768M,uuid=${uuid_gpt_system};name=cache,size=256M,uuid=${uuid_gpt_cache};name=ipu1,size=1M,uuid=${uuid_gpt_ipu1};name=ipu2,size=1M,uuid=${uuid_gpt_ipu2};name=userdata,size=-,uuid=${uuid_gpt_userdata}
pxefile_addr_r=0x80100000
ramdisk_addr_r=0x88080000
rdaddr=0x88080000
rootpath=/export/rootfs
scriptaddr=0x80000000
scsidevs=0
serial#=050130061c6600a1
serverip=192.168.0.1
soc=omap5
static_ip=${ipaddr}:${serverip}:${gatewayip}:${netmask}:${hostname}::off
stderr=serial@4806a000
stdin=serial@4806a000
stdout=serial@4806a000
usbtty=cdc_acm
vendor=ti
ver=U-Boot 2016.05-00022-g64be216 (Jun 20 2016 - 11:36:12 -0500)
vram=16M
Environment size: 5039/131067 bytes
- 14:12:04 [INFO] Host: printenv
- 14:12:04 [INFO] Target: 
printenv
_initramfs=-
arch=arm
args_mmc=run finduuid;setenv bootargs console=${console} ${optargs} root=PARTUUID=${uuid} rw rootfstype=${mmcrootfstype}
autoload=no
baudrate=115200
board=dra7xx
board_name=dra72x-revc
board_rev=C.1
bootargs=console=ttyO0,115200n8 earlyprintk=serial,ttyO0,115200n8 rootwait 
bootcmd=
bootdelay=2
bootdir=/boot
bootenvfile=uEnv.txt
bootfile=zImage
bootm_size=0x10000000
bootpart=0:2
bootscript=echo Running bootscript from mmc${mmcdev} ...; source ${loadaddr}
console=ttyO0,115200n8
cpu=armv7
dfu_alt_info_emmc=rawemmc raw 0 3751936;boot part 1 1;rootfs part 1 2;MLO fat 1 1;MLO.raw raw 0x100 0x100;u-boot.img.raw raw 0x300 0x400;spl-os-args.raw raw 0x80 0x80;spl-os-image.raw raw 0x900 0x2000;spl-os-args fat 1 1;spl-os-image fat 1 1;u-boot.img fat 1 1;uEnv.txt fat 1 1
dfu_alt_info_mmc=boot part 0 1;rootfs part 0 2;MLO fat 0 1;MLO.raw raw 0x100 0x100;u-boot.img.raw raw 0x300 0x400;spl-os-args.raw raw 0x80 0x80;spl-os-image.raw raw 0x900 0x2000;spl-os-args fat 0 1;spl-os-image fat 0 1;u-boot.img fat 0 1;uEnv.txt fat 0 1
dfu_alt_info_qspi=MLO raw 0x0 0x020000;MLO.backup1 raw 0x020000 0x020000;u-boot.img raw 0x040000 0x0100000;u-boot-spl-os raw 0x140000 0x080000;u-boot-env raw 0x1C0000 0x010000;u-boot-env.backup raw 0x1D0000 0x010000;kernel raw 0x1E0000 0x800000
dfu_alt_info_ram=kernel ram 0x80200000 0x4000000;fdt ram 0x80f80000 0x80000;ramdisk ram 0x81000000 0x4000000
dfu_bufsiz=0x10000
dofastboot=0
envboot=mmc dev ${mmcdev}; if mmc rescan; then echo SD/MMC found on device ${mmcdev};if run loadbootscript; then run bootscript;else if run loadbootenv; then echo Loaded env from ${bootenvfile};run importbootenv;fi;if test -n $uenvcmd; then echo Running uenvcmd ...;run uenvcmd;fi;fi;fi;
ethaddr=5c:f8:21:14:64:c2
fdt_addr_r=0x88000000
fdtaddr=0x88000000
fdtcontroladdr=fdf137b0
fdtfile=undefined
findfdt=if test $board_name = omap5_uevm; then setenv fdtfile omap5-uevm.dtb; fi; if test $board_name = dra7xx; then setenv fdtfile dra7-evm.dtb; fi;if test $board_name = dra72x-revc; then setenv fdtfile dra72-evm-revc.dtb; fi;if test $board_name = dra72x; then setenv fdtfile dra72-evm.dtb; fi;if test $board_name = beagle_x15; then setenv fdtfile am57xx-beagle-x15.dtb; fi;if test $board_name = beagle_x15_revb1; then setenv fdtfile am57xx-beagle-x15-revb1.dtb; fi;if test $board_name = am57xx_evm; then setenv fdtfile am57xx-evm.dtb; fi;if test $board_name = am57xx_evm_reva3; then setenv fdtfile am57xx-evm-reva3.dtb; fi;if test $board_name = am572x_idk; then setenv fdtfile am572x-idk.dtb; fi;if test $board_name = am571x_idk; then setenv fdtfile am571x-idk.dtb; fi;if test $fdtfile = undefined; then echo WARNING: Could not determine device tree to use; fi; 
finduuid=part uuid mmc 0:2 uuid
importbootenv=echo Importing environment from mmc${mmcdev} ...; env import -t ${loadaddr} ${filesize}
kernel_addr_r=0x82000000
loadaddr=0x82000000
loadbootenv=fatload mmc ${mmcdev} ${loadaddr} ${bootenvfile}
loadbootscript=fatload mmc ${mmcdev} ${loadaddr} boot.scr
loadfdt=load mmc ${bootpart} ${fdtaddr} ${bootdir}/${fdtfile};
loadimage=load mmc ${bootpart} ${loadaddr} ${bootdir}/${bootfile}
mmcboot=mmc dev ${mmcdev}; if mmc rescan; then echo SD/MMC found on device ${mmcdev};if run loadimage; then run loadfdt; echo Booting from mmc${mmcdev} ...; run args_mmc; bootz ${loadaddr} - ${fdtaddr}; fi;fi;
mmcdev=0
mmcrootfstype=ext4 rootwait
netargs=setenv bootargs console=${console} ${optargs} root=/dev/nfs nfsroot=${serverip}:${rootpath},${nfsopts} rw ip=dhcp
netboot=echo Booting from network ...; setenv autoload no; dhcp; run netloadimage; run netloadfdt; run netargs; bootz ${loadaddr} - ${fdtaddr}
netloadfdt=tftp ${fdtaddr} ${fdtfile}
netloadimage=tftp ${loadaddr} ${bootfile}
nfsopts=nolock
partitions=uuid_disk=${uuid_gpt_disk};name=rootfs,start=2MiB,size=-,uuid=${uuid_gpt_rootfs}
partitions_android=uuid_disk=${uuid_gpt_disk};name=xloader,start=128K,size=128K,uuid=${uuid_gpt_xloader};name=bootloader,size=384K,uuid=${uuid_gpt_bootloader};name=environment,size=128K,uuid=${uuid_gpt_environment};name=misc,size=128K,uuid=${uuid_gpt_misc};name=efs,start=1280K,size=16M,uuid=${uuid_gpt_efs};name=crypto,size=16K,uuid=${uuid_gpt_crypto};name=recovery,size=10M,uuid=${uuid_gpt_recovery};name=boot,size=10M,uuid=${uuid_gpt_boot};name=system,size=768M,uuid=${uuid_gpt_system};name=cache,size=256M,uuid=${uuid_gpt_cache};name=ipu1,size=1M,uuid=${uuid_gpt_ipu1};name=ipu2,size=1M,uuid=${uuid_gpt_ipu2};name=userdata,size=-,uuid=${uuid_gpt_userdata}
pxefile_addr_r=0x80100000
ramdisk_addr_r=0x88080000
rdaddr=0x88080000
rootpath=/export/rootfs
scriptaddr=0x80000000
scsidevs=0
serial#=050130061c6600a1
serverip=192.168.0.1
soc=omap5
static_ip=${ipaddr}:${serverip}:${gatewayip}:${netmask}:${hostname}::off
stderr=serial@4806a000
stdin=serial@4806a000
stdout=serial@4806a000
usbtty=cdc_acm
vendor=ti
ver=U-Boot 2016.05-00022-g64be216 (Jun 20 2016 - 11:36:12 -0500)
vram=16M
Environment size: 5039/131067 bytes
- 14:12:04 [INFO] Host: setenv bootargs ''${bootargs}' ip=:::::eth0:dhcp '
- 14:12:04 [INFO] Target: 
setenv bootargs ''${bootargs}' ip=:::::eth0:dhcp '
- 14:12:04 [INFO] Host: setenv serverip '192.168.0.1'
- 14:12:04 [INFO] Target: 
setenv serverip '192.168.0.1'
- 14:12:04 [INFO] Host: setenv autoload 'no'
- 14:12:04 [INFO] Target: 
setenv autoload 'no'
- 14:12:04 [INFO] Host: dhcp
- 14:12:06 [INFO] Target: 
dhcp
ethernet@48484000 Waiting for PHY auto negotiation to complete. done
link up on port 0, speed 1000, full duplex
BOOTP broadcast 1
BOOTP broadcast 2
BOOTP broadcast 3
DHCP client bound to address 192.168.0.221 (1051 ms)
- 14:12:06 [INFO] Host: tftp ${loadaddr} 192.168.0.1:vatf_j6eco-evm1/22f6ac0b341ad177a98de35507b5ab92
- 14:12:07 [INFO] Target: 
tftp ${loadaddr} 192.168.0.1:vatf_j6eco-evm1/22f6ac0b341ad177a98de35507b5ab92
link up on port 0, speed 1000, full duplex
Using ethernet@48484000 device
TFTP from server 192.168.0.1; our IP address is 192.168.0.221
Filename 'vatf_j6eco-evm1/22f6ac0b341ad177a98de35507b5ab92'.
Load address: 0x82000000
Loading: *#################################################################
	 #################################################################
	 #################################################################
	 #################################################################
	 #################################################################
	 #################################################################
	 #################################################################
	 ############################
	 11.8 MiB/s
done
Bytes transferred = 7085176 (6c1c78 hex)
- 14:12:07 [INFO] Host: tftp ${fdt_addr_r} 192.168.0.1:vatf_j6eco-evm1/02c1a0f2326f78975cd78067a9d5033e
- 14:12:07 [INFO] Target: 
tftp ${fdt_addr_r} 192.168.0.1:vatf_j6eco-evm1/02c1a0f2326f78975cd78067a9d5033e
link up on port 0, speed 1000, full duplex
Using ethernet@48484000 device
TFTP from server 192.168.0.1; our IP address is 192.168.0.221
Filename 'vatf_j6eco-evm1/02c1a0f2326f78975cd78067a9d5033e'.
Load address: 0x88000000
Loading: *#######
	 9.4 MiB/s
done
Bytes transferred = 88682 (15a6a hex)
- 14:12:07 [INFO] Host: ls mmc 0:1
- 14:12:07 [INFO] Target: 
ls mmc 0:1
    77172   mlo 
     1164   readme 
   642396   u-boot.img 
      574   uenv.txt 
        4   ws-calibrate.rules 
        0   pointercal 
6 file(s), 0 dir(s)
- 14:12:07 [INFO] Host: ls mmc 0:2
- 14:12:07 [INFO] Target: 
ls mmc 0:2
<DIR>       4096 .
<DIR>       4096 ..
<DIR>       4096 bin
<DIR>       4096 boot
<DIR>       4096 dev
<DIR>       4096 etc
<DIR>       4096 home
<DIR>       4096 lib
<DIR>       4096 media
<DIR>       4096 mnt
<DIR>       4096 opt
<DIR>       4096 proc
<DIR>       4096 run
<DIR>       4096 sbin
<DIR>       4096 srv
<DIR>       4096 sys
<SYM>          8 tmp
<DIR>       4096 usr
<DIR>       4096 var
<DIR>       4096 www
<DIR>       4096 test
- 14:12:07 [INFO] Host: part uuid mmc 0:2
- 14:12:07 [INFO] Target: 
part uuid mmc 0:2
00000000-02
- 14:12:07 [INFO] Host: printenv
- 14:12:08 [INFO] Target: 
printenv
_initramfs=-
arch=arm
args_mmc=run finduuid;setenv bootargs console=${console} ${optargs} root=PARTUUID=${uuid} rw rootfstype=${mmcrootfstype}
autoload=no
baudrate=115200
board=dra7xx
board_name=dra72x-revc
board_rev=C.1
bootargs=console=ttyO0,115200n8 earlyprintk=serial,ttyO0,115200n8 rootwait  ip=:::::eth0:dhcp 
bootcmd=
bootdelay=2
bootdir=/boot
bootenvfile=uEnv.txt
bootfile=zImage
bootm_size=0x10000000
bootpart=0:2
bootscript=echo Running bootscript from mmc${mmcdev} ...; source ${loadaddr}
console=ttyO0,115200n8
cpu=armv7
dfu_alt_info_emmc=rawemmc raw 0 3751936;boot part 1 1;rootfs part 1 2;MLO fat 1 1;MLO.raw raw 0x100 0x100;u-boot.img.raw raw 0x300 0x400;spl-os-args.raw raw 0x80 0x80;spl-os-image.raw raw 0x900 0x2000;spl-os-args fat 1 1;spl-os-image fat 1 1;u-boot.img fat 1 1;uEnv.txt fat 1 1
dfu_alt_info_mmc=boot part 0 1;rootfs part 0 2;MLO fat 0 1;MLO.raw raw 0x100 0x100;u-boot.img.raw raw 0x300 0x400;spl-os-args.raw raw 0x80 0x80;spl-os-image.raw raw 0x900 0x2000;spl-os-args fat 0 1;spl-os-image fat 0 1;u-boot.img fat 0 1;uEnv.txt fat 0 1
dfu_alt_info_qspi=MLO raw 0x0 0x020000;MLO.backup1 raw 0x020000 0x020000;u-boot.img raw 0x040000 0x0100000;u-boot-spl-os raw 0x140000 0x080000;u-boot-env raw 0x1C0000 0x010000;u-boot-env.backup raw 0x1D0000 0x010000;kernel raw 0x1E0000 0x800000
dfu_alt_info_ram=kernel ram 0x80200000 0x4000000;fdt ram 0x80f80000 0x80000;ramdisk ram 0x81000000 0x4000000
dfu_bufsiz=0x10000
dnsip=192.0.2.2
dnsip2=192.0.2.3
dofastboot=0
envboot=mmc dev ${mmcdev}; if mmc rescan; then echo SD/MMC found on device ${mmcdev};if run loadbootscript; then run bootscript;else if run loadbootenv; then echo Loaded env from ${bootenvfile};run importbootenv;fi;if test -n $uenvcmd; then echo Running uenvcmd ...;run uenvcmd;fi;fi;fi;
ethact=ethernet@48484000
ethaddr=5c:f8:21:14:64:c2
fdt_addr_r=0x88000000
fdtaddr=0x88000000
fdtcontroladdr=fdf137b0
fdtfile=undefined
fileaddr=88000000
filesize=15a6a
findfdt=if test $board_name = omap5_uevm; then setenv fdtfile omap5-uevm.dtb; fi; if test $board_name = dra7xx; then setenv fdtfile dra7-evm.dtb; fi;if test $board_name = dra72x-revc; then setenv fdtfile dra72-evm-revc.dtb; fi;if test $board_name = dra72x; then setenv fdtfile dra72-evm.dtb; fi;if test $board_name = beagle_x15; then setenv fdtfile am57xx-beagle-x15.dtb; fi;if test $board_name = beagle_x15_revb1; then setenv fdtfile am57xx-beagle-x15-revb1.dtb; fi;if test $board_name = am57xx_evm; then setenv fdtfile am57xx-evm.dtb; fi;if test $board_name = am57xx_evm_reva3; then setenv fdtfile am57xx-evm-reva3.dtb; fi;if test $board_name = am572x_idk; then setenv fdtfile am572x-idk.dtb; fi;if test $board_name = am571x_idk; then setenv fdtfile am571x-idk.dtb; fi;if test $fdtfile = undefined; then echo WARNING: Could not determine device tree to use; fi; 
finduuid=part uuid mmc 0:2 uuid
gatewayip=192.168.0.1
importbootenv=echo Importing environment from mmc${mmcdev} ...; env import -t ${loadaddr} ${filesize}
ipaddr=192.168.0.221
kernel_addr_r=0x82000000
loadaddr=0x82000000
loadbootenv=fatload mmc ${mmcdev} ${loadaddr} ${bootenvfile}
loadbootscript=fatload mmc ${mmcdev} ${loadaddr} boot.scr
loadfdt=load mmc ${bootpart} ${fdtaddr} ${bootdir}/${fdtfile};
loadimage=load mmc ${bootpart} ${loadaddr} ${bootdir}/${bootfile}
mmcboot=mmc dev ${mmcdev}; if mmc rescan; then echo SD/MMC found on device ${mmcdev};if run loadimage; then run loadfdt; echo Booting from mmc${mmcdev} ...; run args_mmc; bootz ${loadaddr} - ${fdtaddr}; fi;fi;
mmcdev=0
mmcrootfstype=ext4 rootwait
netargs=setenv bootargs console=${console} ${optargs} root=/dev/nfs nfsroot=${serverip}:${rootpath},${nfsopts} rw ip=dhcp
netboot=echo Booting from network ...; setenv autoload no; dhcp; run netloadimage; run netloadfdt; run netargs; bootz ${loadaddr} - ${fdtaddr}
netloadfdt=tftp ${fdtaddr} ${fdtfile}
netloadimage=tftp ${loadaddr} ${bootfile}
netmask=255.255.255.0
nfsopts=nolock
partitions=uuid_disk=${uuid_gpt_disk};name=rootfs,start=2MiB,size=-,uuid=${uuid_gpt_rootfs}
partitions_android=uuid_disk=${uuid_gpt_disk};name=xloader,start=128K,size=128K,uuid=${uuid_gpt_xloader};name=bootloader,size=384K,uuid=${uuid_gpt_bootloader};name=environment,size=128K,uuid=${uuid_gpt_environment};name=misc,size=128K,uuid=${uuid_gpt_misc};name=efs,start=1280K,size=16M,uuid=${uuid_gpt_efs};name=crypto,size=16K,uuid=${uuid_gpt_crypto};name=recovery,size=10M,uuid=${uuid_gpt_recovery};name=boot,size=10M,uuid=${uuid_gpt_boot};name=system,size=768M,uuid=${uuid_gpt_system};name=cache,size=256M,uuid=${uuid_gpt_cache};name=ipu1,size=1M,uuid=${uuid_gpt_ipu1};name=ipu2,size=1M,uuid=${uuid_gpt_ipu2};name=userdata,size=-,uuid=${uuid_gpt_userdata}
pxefile_addr_r=0x80100000
ramdisk_addr_r=0x88080000
rdaddr=0x88080000
rootpath=/export/rootfs
scriptaddr=0x80000000
scsidevs=0
serial#=050130061c6600a1
serverip=192.168.0.1
soc=omap5
static_ip=${ipaddr}:${serverip}:${gatewayip}:${netmask}:${hostname}::off
stderr=serial@4806a000
stdin=serial@4806a000
stdout=serial@4806a000
usbtty=cdc_acm
vendor=ti
ver=U-Boot 2016.05-00022-g64be216 (Jun 20 2016 - 11:36:12 -0500)
vram=16M
Environment size: 5230/131067 bytes
- 14:12:08 [INFO] Host: setenv bootargs ''${bootargs}' root=PARTUUID=00000000-02 rw rootfstype=ext4 rootwait '
- 14:12:08 [INFO] Target: 
setenv bootargs ''${bootargs}' root=PARTUUID=00000000-02 rw rootfstype=ext4 rootwait '
- 14:12:08 [INFO] Host: printenv
- 14:12:08 [INFO] Target: 
printenv
_initramfs=-
arch=arm
args_mmc=run finduuid;setenv bootargs console=${console} ${optargs} root=PARTUUID=${uuid} rw rootfstype=${mmcrootfstype}
autoload=no
baudrate=115200
board=dra7xx
board_name=dra72x-revc
board_rev=C.1
bootargs=console=ttyO0,115200n8 earlyprintk=serial,ttyO0,115200n8 rootwait  ip=:::::eth0:dhcp  root=PARTUUID=00000000-02 rw rootfstype=ext4 rootwait 
bootcmd=
bootdelay=2
bootdir=/boot
bootenvfile=uEnv.txt
bootfile=zImage
bootm_size=0x10000000
bootpart=0:2
bootscript=echo Running bootscript from mmc${mmcdev} ...; source ${loadaddr}
console=ttyO0,115200n8
cpu=armv7
dfu_alt_info_emmc=rawemmc raw 0 3751936;boot part 1 1;rootfs part 1 2;MLO fat 1 1;MLO.raw raw 0x100 0x100;u-boot.img.raw raw 0x300 0x400;spl-os-args.raw raw 0x80 0x80;spl-os-image.raw raw 0x900 0x2000;spl-os-args fat 1 1;spl-os-image fat 1 1;u-boot.img fat 1 1;uEnv.txt fat 1 1
dfu_alt_info_mmc=boot part 0 1;rootfs part 0 2;MLO fat 0 1;MLO.raw raw 0x100 0x100;u-boot.img.raw raw 0x300 0x400;spl-os-args.raw raw 0x80 0x80;spl-os-image.raw raw 0x900 0x2000;spl-os-args fat 0 1;spl-os-image fat 0 1;u-boot.img fat 0 1;uEnv.txt fat 0 1
dfu_alt_info_qspi=MLO raw 0x0 0x020000;MLO.backup1 raw 0x020000 0x020000;u-boot.img raw 0x040000 0x0100000;u-boot-spl-os raw 0x140000 0x080000;u-boot-env raw 0x1C0000 0x010000;u-boot-env.backup raw 0x1D0000 0x010000;kernel raw 0x1E0000 0x800000
dfu_alt_info_ram=kernel ram 0x80200000 0x4000000;fdt ram 0x80f80000 0x80000;ramdisk ram 0x81000000 0x4000000
dfu_bufsiz=0x10000
dnsip=192.0.2.2
dnsip2=192.0.2.3
dofastboot=0
envboot=mmc dev ${mmcdev}; if mmc rescan; then echo SD/MMC found on device ${mmcdev};if run loadbootscript; then run bootscript;else if run loadbootenv; then echo Loaded env from ${bootenvfile};run importbootenv;fi;if test -n $uenvcmd; then echo Running uenvcmd ...;run uenvcmd;fi;fi;fi;
ethact=ethernet@48484000
ethaddr=5c:f8:21:14:64:c2
fdt_addr_r=0x88000000
fdtaddr=0x88000000
fdtcontroladdr=fdf137b0
fdtfile=undefined
fileaddr=88000000
filesize=15a6a
findfdt=if test $board_name = omap5_uevm; then setenv fdtfile omap5-uevm.dtb; fi; if test $board_name = dra7xx; then setenv fdtfile dra7-evm.dtb; fi;if test $board_name = dra72x-revc; then setenv fdtfile dra72-evm-revc.dtb; fi;if test $board_name = dra72x; then setenv fdtfile dra72-evm.dtb; fi;if test $board_name = beagle_x15; then setenv fdtfile am57xx-beagle-x15.dtb; fi;if test $board_name = beagle_x15_revb1; then setenv fdtfile am57xx-beagle-x15-revb1.dtb; fi;if test $board_name = am57xx_evm; then setenv fdtfile am57xx-evm.dtb; fi;if test $board_name = am57xx_evm_reva3; then setenv fdtfile am57xx-evm-reva3.dtb; fi;if test $board_name = am572x_idk; then setenv fdtfile am572x-idk.dtb; fi;if test $board_name = am571x_idk; then setenv fdtfile am571x-idk.dtb; fi;if test $fdtfile = undefined; then echo WARNING: Could not determine device tree to use; fi; 
finduuid=part uuid mmc 0:2 uuid
gatewayip=192.168.0.1
importbootenv=echo Importing environment from mmc${mmcdev} ...; env import -t ${loadaddr} ${filesize}
ipaddr=192.168.0.221
kernel_addr_r=0x82000000
loadaddr=0x82000000
loadbootenv=fatload mmc ${mmcdev} ${loadaddr} ${bootenvfile}
loadbootscript=fatload mmc ${mmcdev} ${loadaddr} boot.scr
loadfdt=load mmc ${bootpart} ${fdtaddr} ${bootdir}/${fdtfile};
loadimage=load mmc ${bootpart} ${loadaddr} ${bootdir}/${bootfile}
mmcboot=mmc dev ${mmcdev}; if mmc rescan; then echo SD/MMC found on device ${mmcdev};if run loadimage; then run loadfdt; echo Booting from mmc${mmcdev} ...; run args_mmc; bootz ${loadaddr} - ${fdtaddr}; fi;fi;
mmcdev=0
mmcrootfstype=ext4 rootwait
netargs=setenv bootargs console=${console} ${optargs} root=/dev/nfs nfsroot=${serverip}:${rootpath},${nfsopts} rw ip=dhcp
netboot=echo Booting from network ...; setenv autoload no; dhcp; run netloadimage; run netloadfdt; run netargs; bootz ${loadaddr} - ${fdtaddr}
netloadfdt=tftp ${fdtaddr} ${fdtfile}
netloadimage=tftp ${loadaddr} ${bootfile}
netmask=255.255.255.0
nfsopts=nolock
partitions=uuid_disk=${uuid_gpt_disk};name=rootfs,start=2MiB,size=-,uuid=${uuid_gpt_rootfs}
partitions_android=uuid_disk=${uuid_gpt_disk};name=xloader,start=128K,size=128K,uuid=${uuid_gpt_xloader};name=bootloader,size=384K,uuid=${uuid_gpt_bootloader};name=environment,size=128K,uuid=${uuid_gpt_environment};name=misc,size=128K,uuid=${uuid_gpt_misc};name=efs,start=1280K,size=16M,uuid=${uuid_gpt_efs};name=crypto,size=16K,uuid=${uuid_gpt_crypto};name=recovery,size=10M,uuid=${uuid_gpt_recovery};name=boot,size=10M,uuid=${uuid_gpt_boot};name=system,size=768M,uuid=${uuid_gpt_system};name=cache,size=256M,uuid=${uuid_gpt_cache};name=ipu1,size=1M,uuid=${uuid_gpt_ipu1};name=ipu2,size=1M,uuid=${uuid_gpt_ipu2};name=userdata,size=-,uuid=${uuid_gpt_userdata}
pxefile_addr_r=0x80100000
ramdisk_addr_r=0x88080000
rdaddr=0x88080000
rootpath=/export/rootfs
scriptaddr=0x80000000
scsidevs=0
serial#=050130061c6600a1
serverip=192.168.0.1
soc=omap5
static_ip=${ipaddr}:${serverip}:${gatewayip}:${netmask}:${hostname}::off
stderr=serial@4806a000
stdin=serial@4806a000
stdout=serial@4806a000
usbtty=cdc_acm
vendor=ti
ver=U-Boot 2016.05-00022-g64be216 (Jun 20 2016 - 11:36:12 -0500)
vram=16M
Environment size: 5285/131067 bytes
- 14:12:08 [INFO] Host: setenv bootcmd ''${bootcmd}' if iminfo ${loadaddr}; then bootm ${loadaddr} ${_initramfs} ${fdt_addr_r}; else bootz ${loadaddr} ${_initramfs} ${fdt_addr_r}; bootm ${loadaddr} ${_initramfs} ${fdt_addr_r}; fi'
- 14:12:08 [INFO] Target: 
setenv bootcmd ''${bootcmd}' if iminfo ${loadaddr}; then bootm ${loadaddr} ${_initramfs} ${fdt_addr_r}; else bootz ${loadaddr} ${_initramfs} ${fdt_addr_r}; bootm ${loadaddr} ${_initramfs} ${fdt_addr_r}; fi'
- 14:12:08 [INFO] Host: version
- 14:12:08 [INFO] Target: 
version
U-Boot 2016.05-00022-g64be216 (Jun 20 2016 - 11:36:12 -0500)
arm-linux-gnueabihf-gcc (Linaro GCC 5.3-2016.02) 5.3.1 20160113
GNU ld (GNU Binutils) 2.25.0 Linaro 2015_10
- 14:12:08 [INFO] Host: bdinfo
- 14:12:09 [INFO] Target: 
bdinfo
arch_number = 0x00000000
boot_params = 0x80000100
DRAM bank   = 0x00000000
-> start    = 0x80000000
-> size     = 0x7F000000
DRAM bank   = 0x00000001
-> start    = 0x00000000
-> size     = 0x00000000
baudrate    = 115200 bps
TLB addr    = 0xFEFF0000
relocaddr   = 0xFEF47000
reloc off   = 0x7E747000
irq_sp      = 0xFDF137A0
sp start    = 0xFDF13790
- 14:12:09 [INFO] Host: mmc rescan; echo $?
- 14:12:09 [INFO] Target: 
mmc rescan; echo $?
- 14:12:09 [INFO] Host: fatwrite mmc ${mmcdev}:1 ${loadaddr} ws-calibrate.rules 4
- 14:12:09 [INFO] Target: 
=> fatwrite mmc ${mmcdev}:1 ${loadaddr} ws-calibrate.rules 4
writing ws-calibrate.rules
4 bytes written
- 14:12:09 [INFO] Host: boot
- 14:15:39 [ERROR] On command: boot waiting for boot.+?(?-mix:login:) >>> error: execution expired
- 14:15:39 [INFO] Target: 
boot
## Checking Image at 82000000 ...
Unknown image format!
Kernel image @ 0x82000000 [ 0x000000 - 0x6c1c78 ]
## Flattened Device Tree blob at 88000000
   Booting using the fdt blob at 0x88000000
   Loading Device Tree to 8ffe7000, end 8ffffa69 ... OK
Starting kernel ...
[    0.000000] Booting Linux on physical CPU 0x0
[    0.000000] Linux version 4.7.0-rc4-next-20160624-00002-g416d48320897 (nmenon@horus) (gcc version 4.9.3 20150413 (prerelease) (Linaro GCC 4.9-2015.05) ) #1 SMP Fri Jun 24 13:09:19 CDT 2016
[    0.000000] CPU: ARMv7 Processor [412fc0f2] revision 2 (ARMv7), cr=30c5387d
[    0.000000] CPU: div instructions available: patching division code
[    0.000000] CPU: PIPT / VIPT nonaliasing data cache, PIPT instruction cache
[    0.000000] Machine model: TI DRA722
[    0.000000] cma: Reserved 64 MiB at 0x00000000fa800000
[    0.000000] Forcing write-allocate cache policy for SMP
[    0.000000] Memory policy: Data cache writealloc
[    0.000000] OMAP4: Map 0x00000000fed00000 to fe600000 for dram barrier
[    0.000000] DRA722 ES2.0
[    0.000000] percpu: Embedded 14 pages/cpu @eefb4000 s26048 r8192 d23104 u57344
[    0.000000] Built 1 zonelists in Zone order, mobility grouping on.  Total pages: 517888
[    0.000000] Kernel command line: console=ttyO0,115200n8 earlyprintk=serial,ttyO0,115200n8 rootwait  ip=:::::eth0:dhcp  root=PARTUUID=00000000-02 rw rootfstype=ext4 rootwait 
[    0.000000] PID hash table entries: 4096 (order: 2, 16384 bytes)
[    0.000000] Dentry cache hash table entries: 131072 (order: 7, 524288 bytes)
[    0.000000] Inode-cache hash table entries: 65536 (order: 6, 262144 bytes)
[    0.000000] Memory: 1974720K/2077696K available (10496K kernel code, 1081K rwdata, 4344K rodata, 2048K init, 347K bss, 37440K reserved, 65536K cma-reserved, 1225728K highmem)
[    0.000000] Virtual kernel memory layout:
[    0.000000]     vector  : 0xffff0000 - 0xffff1000   (   4 kB)
[    0.000000]     fixmap  : 0xffc00000 - 0xfff00000   (3072 kB)
[    0.000000]     vmalloc : 0xf0800000 - 0xff800000   ( 240 MB)
[    0.000000]     lowmem  : 0xc0000000 - 0xf0000000   ( 768 MB)
[    0.000000]     pkmap   : 0xbfe00000 - 0xc0000000   (   2 MB)
[    0.000000]     modules : 0xbf000000 - 0xbfe00000   (  14 MB)
[    0.000000]       .text : 0xc0208000 - 0xc127e314   (16857 kB)
[    0.000000]       .init : 0xc1400000 - 0xc1600000   (2048 kB)
[    0.000000]       .data : 0xc1600000 - 0xc170e620   (1082 kB)
[    0.000000]        .bss : 0xc1710000 - 0xc1766d48   ( 348 kB)
[    0.000000] SLUB: HWalign=64, Order=0-3, MinObjects=0, CPUs=1, Nodes=1
[    0.000000] Hierarchical RCU implementation.
[    0.000000] 	Build-time adjustment of leaf fanout to 32.
[    0.000000] 	RCU restricting CPUs from NR_CPUS=16 to nr_cpu_ids=1.
[    0.000000] RCU: Adjusting geometry for rcu_fanout_leaf=32, nr_cpu_ids=1
[    0.000000] NR_IRQS:16 nr_irqs:16 16
[    0.000000] OMAP clockevent source: timer1 at 32786 Hz
[    0.000000] Architected cp15 timer(s) running at 6.14MHz (virt).
[    0.000000] clocksource: arch_sys_counter: mask: 0xffffffffffffff max_cycles: 0x16af5adb9, max_idle_ns: 440795202250 ns
[    0.000004] sched_clock: 56 bits at 6MHz, resolution 162ns, wraps every 4398046511023ns
[    0.000013] Switching to timer-based delay loop, resolution 162ns
[    0.003273] clocksource: 32k_counter: mask: 0xffffffff max_cycles: 0xffffffff, max_idle_ns: 58327039986419 ns
[    0.003279] OMAP clocksource: 32k_counter at 32768 Hz
[    0.006183] Console: colour dummy device 80x30
[    0.006201] Calibrating delay loop (skipped), value calculated using timer frequency.. 12.29 BogoMIPS (lpj=30737)
[    0.006212] pid_max: default: 32768 minimum: 301
[    0.006284] Mount-cache hash table entries: 2048 (order: 1, 8192 bytes)
[    0.006292] Mountpoint-cache hash table entries: 2048 (order: 1, 8192 bytes)
[    0.006768] CPU: Testing write buffer coherency: ok
[    0.006920] /cpus/cpu@0 missing clock-frequency property
[    0.006931] CPU0: thread -1, cpu 0, socket 0, mpidr 80000000
[    0.006943] Setting up static identity map for 0x80400000 - 0x80400170
[    0.011681] Brought up 1 CPUs
[    0.011690] SMP: Total of 1 processors activated (12.29 BogoMIPS).
[    0.011696] CPU: All CPU(s) started in SVC mode.
[    0.011977] devtmpfs: initialized
[    0.030922] VFP support v0.3: implementor 41 architecture 4 part 30 variant f rev 0
[    0.031368] clocksource: jiffies: mask: 0xffffffff max_cycles: 0xffffffff, max_idle_ns: 9556302231375000 ns
[    0.032436] pinctrl core: initialized pinctrl subsystem
[    0.034036] NET: Registered protocol family 16
[    0.035493] DMA: preallocated 256 KiB pool for atomic coherent allocations
[    0.036700] omap_hwmod: l3_main_2 using broken dt data from ocp
[    0.184919] cpuidle: using governor menu
[    0.193038] OMAP GPIO hardware version 0.1
[    0.199189] irq: no irq domain found for /ocp/l4@4a000000/scm@2000/pinmux@1400 !
[    0.209356] omap-gpmc 50000000.gpmc: could not find pctldev for node /ocp/l4@4a000000/scm@2000/pinmux@1400/nand_default, deferring probe
[    0.211399] platform 4b500000.aes: Cannot lookup hwmod 'aes1'
[    0.211650] platform 4b700000.aes: Cannot lookup hwmod 'aes2'
[    0.211916] platform 480a5000.des: Cannot lookup hwmod 'des'
[    0.212169] platform 4b101000.sham: Cannot lookup hwmod 'sham'
[    0.212417] platform 48090000.rng: Cannot lookup hwmod 'rng'
[    0.215440] No ATAGs?
[    0.215454] hw-breakpoint: found 5 (+1 reserved) breakpoint and 4 watchpoint registers.
[    0.215461] hw-breakpoint: maximum watchpoint size is 8 bytes.
[    0.216493] omap4_sram_init:Unable to allocate sram needed to handle errata I688
[    0.216501] omap4_sram_init:Unable to get sram pool needed to handle errata I688
[    0.216736] OMAP DMA hardware revision 0.0
[    0.221914] Serial: AMBA PL011 UART driver
[    0.234739] omap-dma-engine 4a056000.dma-controller: OMAP DMA engine driver
[    0.236476] edma 43300000.edma: memcpy is disabled
[    0.240444] edma 43300000.edma: TI EDMA DMA engine driver
[    0.240965] aic_dvdd: supplied by evm_3v3
[    0.244344] vgaarb: loaded
[    0.244990] SCSI subsystem initialized
[    0.245304] usbcore: registered new interface driver usbfs
[    0.245351] usbcore: registered new interface driver hub
[    0.245386] usbcore: registered new device driver usb
[    0.246000] omap_i2c 48070000.i2c: could not find pctldev for node /ocp/l4@4a000000/scm@2000/pinmux@1400/pinmux_i2c1_pins, deferring probe
[    0.246029] omap_i2c 4807c000.i2c: could not find pctldev for node /ocp/l4@4a000000/scm@2000/pinmux@1400/pinmux_i2c5_pins, deferring probe
[    0.246871] pps_core: LinuxPPS API ver. 1 registered
[    0.246876] pps_core: Software ver. 5.3.6 - Copyright 2005-2007 Rodolfo Giometti <giometti@linux.it>
[    0.246892] PTP clock support registered
[    0.247098] EDAC MC: Ver: 3.0.0
[    0.249010] clocksource: Switched to clocksource arch_sys_counter
[    0.256638] NET: Registered protocol family 2
[    0.257010] TCP established hash table entries: 8192 (order: 3, 32768 bytes)
[    0.257070] TCP bind hash table entries: 8192 (order: 4, 65536 bytes)
[    0.257194] TCP: Hash tables configured (established 8192 bind 8192)
[    0.257239] UDP hash table entries: 512 (order: 2, 16384 bytes)
[    0.257267] UDP-Lite hash table entries: 512 (order: 2, 16384 bytes)
[    0.257379] NET: Registered protocol family 1
[    0.257609] RPC: Registered named UNIX socket transport module.
[    0.257616] RPC: Registered udp transport module.
[    0.257621] RPC: Registered tcp transport module.
[    0.257627] RPC: Registered tcp NFSv4.1 backchannel transport module.
[    0.258431] hw perfevents: enabled with armv7_cortex_a15 PMU driver, 7 counters available
[    0.259988] futex hash table entries: 256 (order: 2, 16384 bytes)
[    0.260580] workingset: timestamp_bits=28 max_order=19 bucket_order=0
[    0.268629] squashfs: version 4.0 (2009/01/31) Phillip Lougher
[    0.269286] NFS: Registering the id_resolver key type
[    0.269330] Key type id_resolver registered
[    0.269336] Key type id_legacy registered
[    0.269369] ntfs: driver 2.1.32 [Flags: R/O].
[    0.270257] bounce: pool size: 64 pages
[    0.270410] Block layer SCSI generic (bsg) driver version 0.4 loaded (major 248)
[    0.270418] io scheduler noop registered
[    0.270424] io scheduler deadline registered
[    0.270550] io scheduler cfq registered (default)
[    0.277728] libphy: mdio_driver_register: phy-bcm-ns2-pci
[    0.278969] pinctrl-single 4a003400.pinmux: 282 pins at pa fc003400 size 1128
[    0.335504] Serial: 8250/16550 driver, 4 ports, IRQ sharing disabled
[    0.338007] SuperH (H)SCI(F) driver initialized
[    0.339036] msm_serial: driver initialized
[    0.339394] 4806a000.serial: ttyO0 at MMIO 0x4806a000 (irq = 301, base_baud = 3000000) is a OMAP UART0
[    1.123207] console [ttyO0] enabled
[    1.127185] STMicroelectronics ASC driver initialized
[    1.134162] omap_rng 48090000.rng: _od_fail_runtime_resume: FIXME: missing hwmod/omap_dev info
[    1.143255] ------------[ cut here ]------------
[    1.148074] WARNING: CPU: 0 PID: 1 at drivers/bus/omap_l3_noc.c:147 l3_interrupt_handler+0x23c/0x340
[    1.157592] 44000000.ocp:L3 Custom Error: MASTER MPU TARGET L4_PER1_P3 (Idle): Data Access in Supervisor mode during Functional access
[    1.170205] Modules linked in:
[    1.173399] CPU: 0 PID: 1 Comm: swapper/0 Not tainted 4.7.0-rc4-next-20160624-00002-g416d48320897 #1
[    1.182920] Hardware name: Generic DRA72X (Flattened Device Tree)
[    1.189293] [<c040fae0>] (unwind_backtrace) from [<c040b154>] (show_stack+0x10/0x14)
[    1.197375] [<c040b154>] (show_stack) from [<c069357c>] (dump_stack+0x98/0xac)
[    1.204912] [<c069357c>] (dump_stack) from [<c0442cac>] (__warn+0xe8/0x100)
[    1.212175] [<c0442cac>] (__warn) from [<c0442cfc>] (warn_slowpath_fmt+0x38/0x48)
[    1.220001] [<c0442cfc>] (warn_slowpath_fmt) from [<c06c4c78>] (l3_interrupt_handler+0x23c/0x340)
[    1.229266] [<c06c4c78>] (l3_interrupt_handler) from [<c0485c1c>] (__handle_irq_event_percpu+0x88/0x118)
[    1.239162] [<c0485c1c>] (__handle_irq_event_percpu) from [<c0485cc8>] (handle_irq_event_percpu+0x1c/0x58)
[    1.249229] [<c0485cc8>] (handle_irq_event_percpu) from [<c0485d48>] (handle_irq_event+0x44/0x68)
[    1.258489] [<c0485d48>] (handle_irq_event) from [<c04890d4>] (handle_fasteoi_irq+0xb4/0x194)
[    1.267387] [<c04890d4>] (handle_fasteoi_irq) from [<c0485288>] (generic_handle_irq+0x24/0x34)
[    1.276375] [<c0485288>] (generic_handle_irq) from [<c0485538>] (__handle_domain_irq+0x5c/0xb4)
[    1.285448] [<c0485538>] (__handle_domain_irq) from [<c040170c>] (gic_handle_irq+0x54/0x98)
[    1.294160] [<c040170c>] (gic_handle_irq) from [<c040bc40>] (__irq_svc+0x40/0x54)
[    1.301970] Exception stack(0xee089dd8 to 0xee089e20)
[    1.307239] 9dc0:                                                       c16a40a8 0000000c
[    1.315765] 9de0: 00000000 ee088000 c16a40a8 00000000 ee4c7b90 c16a41f4 c1751d7c 00000000
[    1.324296] 9e00: 00000000 00000000 00000000 ee089e28 c08054d0 c0c904a8 60000053 ffffffff
[    1.332824] [<c040bc40>] (__irq_svc) from [<c0c904a8>] (mutex_lock+0x38/0x4c)
[    1.340253] [<c0c904a8>] (mutex_lock) from [<c08054d0>] (hwrng_register+0x34/0x1c0)
[    1.348242] [<c08054d0>] (hwrng_register) from [<c0805e2c>] (omap_rng_probe+0x178/0x234)
[    1.356687] [<c0805e2c>] (omap_rng_probe) from [<c0895728>] (platform_drv_probe+0x4c/0xb0)
[    1.365314] [<c0895728>] (platform_drv_probe) from [<c0893e38>] (driver_probe_device+0x214/0x2c0)
[    1.374569] [<c0893e38>] (driver_probe_device) from [<c0893f90>] (__driver_attach+0xac/0xb0)
[    1.383376] [<c0893f90>] (__driver_attach) from [<c08921ac>] (bus_for_each_dev+0x68/0x9c)
[    1.391915] [<c08921ac>] (bus_for_each_dev) from [<c089342c>] (bus_add_driver+0x1a0/0x218)
[    1.400534] [<c089342c>] (bus_add_driver) from [<c08947c8>] (driver_register+0x78/0xf8)
[    1.408884] [<c08947c8>] (driver_register) from [<c0401e40>] (do_one_initcall+0x40/0x174)
[    1.417414] [<c0401e40>] (do_one_initcall) from [<c1400dd8>] (kernel_init_freeable+0x15c/0x1fc)
[    1.426497] [<c1400dd8>] (kernel_init_freeable) from [<c0c8d0cc>] (kernel_init+0x8/0x114)
[    1.435030] [<c0c8d0cc>] (kernel_init) from [<c0407d28>] (ret_from_fork+0x14/0x2c)
[    1.442935] ---[ end trace f56c2568ca13123a ]---
[    1.447775] ------------[ cut here ]------------
[    1.452600] WARNING: CPU: 0 PID: 1 at drivers/bus/omap_l3_noc.c:147 l3_interrupt_handler+0x23c/0x340
[    1.462129] 44000000.ocp:L3 Custom Error: MASTER MPU TARGET L4_PER1_P3 (Read): Data Access in User mode during Functional access
[    1.474187] Modules linked in:
[    1.477375] CPU: 0 PID: 1 Comm: swapper/0 Tainted: G        W       4.7.0-rc4-next-20160624-00002-g416d48320897 #1
[    1.488175] Hardware name: Generic DRA72X (Flattened Device Tree)
[    1.494540] [<c040fae0>] (unwind_backtrace) from [<c040b154>] (show_stack+0x10/0x14)
[    1.502619] [<c040b154>] (show_stack) from [<c069357c>] (dump_stack+0x98/0xac)
[    1.510166] [<c069357c>] (dump_stack) from [<c0442cac>] (__warn+0xe8/0x100)
[    1.517438] [<c0442cac>] (__warn) from [<c0442cfc>] (warn_slowpath_fmt+0x38/0x48)
[    1.525242] [<c0442cfc>] (warn_slowpath_fmt) from [<c06c4c78>] (l3_interrupt_handler+0x23c/0x340)
[    1.534505] [<c06c4c78>] (l3_interrupt_handler) from [<c0485c1c>] (__handle_irq_event_percpu+0x88/0x118)
[    1.544395] [<c0485c1c>] (__handle_irq_event_percpu) from [<c0485cc8>] (handle_irq_event_percpu+0x1c/0x58)
[    1.554472] [<c0485cc8>] (handle_irq_event_percpu) from [<c0485d48>] (handle_irq_event+0x44/0x68)
[    1.563728] [<c0485d48>] (handle_irq_event) from [<c04890d4>] (handle_fasteoi_irq+0xb4/0x194)
[    1.572610] [<c04890d4>] (handle_fasteoi_irq) from [<c0485288>] (generic_handle_irq+0x24/0x34)
[    1.581592] [<c0485288>] (generic_handle_irq) from [<c0485538>] (__handle_domain_irq+0x5c/0xb4)
[    1.590670] [<c0485538>] (__handle_domain_irq) from [<c040170c>] (gic_handle_irq+0x54/0x98)
[    1.599389] [<c040170c>] (gic_handle_irq) from [<c040bc40>] (__irq_svc+0x40/0x54)
[    1.607191] Exception stack(0xee089dc8 to 0xee089e10)
[    1.612461] 9dc0:                   c0f08c04 00000000 fa090014 fa090000 c16a41f4 c16a40c0
[    1.620989] 9de0: c16a4220 c16a41f4 c1751d7c c16a40a8 00000000 00000000 00000000 ee089e18
[    1.629520] 9e00: c08052c0 c0805b18 40000053 ffffffff
[    1.634788] [<c040bc40>] (__irq_svc) from [<c0805b18>] (omap4_rng_init+0x20/0x84)
[    1.642592] [<c0805b18>] (omap4_rng_init) from [<00000000>] (  (null))
[    1.649402] ---[ end trace f56c2568ca13123b ]---
[    1.654244] Unhandled fault: asynchronous external abort (0x1211) at 0x00000000
[    1.661869] pgd = c0203000
[    1.664686] [00000000] *pgd=80000080204003, *pmd=00000000
[    1.670332] Internal error: : 1211 [#1] SMP ARM
[    1.675057] Modules linked in:
[    1.678248] CPU: 0 PID: 1 Comm: swapper/0 Tainted: G        W       4.7.0-rc4-next-20160624-00002-g416d48320897 #1
[    1.689036] Hardware name: Generic DRA72X (Flattened Device Tree)
[    1.695392] task: ee084000 ti: ee088000 task.ti: ee088000
[    1.701027] PC is at omap4_rng_init+0x20/0x84
[    1.705566] LR is at set_current_rng+0x64/0x16c
[    1.710292] pc : [<c0805b18>]    lr : [<c08052c0>]    psr: 40000053
[    1.710292] sp : ee089e18  ip : 00000000  fp : 00000000
[    1.722259] r10: 00000000  r9 : c16a40a8  r8 : c1751d7c
[    1.727707] r7 : c16a41f4  r6 : c16a4220  r5 : c16a40c0  r4 : c16a41f4
[    1.734512] r3 : fa090000  r2 : fa090014  r1 : 00000000  r0 : c0f08c04
[    1.741317] Flags: nZcv  IRQs on  FIQs off  Mode SVC_32  ISA ARM  Segment kernel
[    1.749024] Control: 30c5387d  Table: 80203000  DAC: fffffffd
[    1.755019] Process swapper/0 (pid: 1, stack limit = 0xee088220)
[    1.761279] Stack: (0xee089e18 to 0xee08a000)
[    1.765822] 9e00:                                                       00000000 c16a40c0
[    1.774356] 9e20: c16a4220 c16a41f4 c1751d7c c0805634 ee1b1210 00000000 ee4c7b90 ee1b1200
[    1.782882] 9e40: 0000015d 00000000 00000000 c0805e2c 00000000 ee1b0740 ee4c7b90 ee1b1210
[    1.791412] 9e60: ee1b1210 ee1b1210 c16a41ac fffffdfb 00000000 c0895728 ee1b1210 c1751ffc
[    1.799938] 9e80: c1752004 c16a41ac 00000000 c0893e38 ee1b1210 c16a41ac ee1b1244 c16a6518
[    1.808469] 9ea0: c1710000 00000124 00000000 c0893f90 00000000 c16a41ac c0893ee4 c08921ac
[    1.816995] 9ec0: ee05595c ee1ab9b4 c16a41ac ee4c9600 00000000 c089342c c10eaba8 c14a8834
[    1.825528] 9ee0: c16a41ac c16a41ac c143eb94 c14a8834 c1710000 c08947c8 c1512bc0 c143eb94
[    1.834054] 9f00: c14a8834 c0401e40 c0e0776c 00000015 00000000 00000000 00000000 c056bf28
[    1.842589] 9f20: 00000000 c16360b4 00000123 c0e1d230 c123d530 c045c934 0000cccd c11a91c4
[    1.851123] 9f40: c123be74 00000000 00000006 00000006 c163609c efffe9c0 c1512bc0 00000006
[    1.859646] 9f60: c14a8834 c1710000 c1710000 00000124 c14a883c c1400dd8 00000006 00000006
[    1.868173] 9f80: 00000000 c14005a0 00000000 c0c8d0c4 00000000 00000000 00000000 00000000
[    1.876705] 9fa0: 00000000 c0c8d0cc 00000000 c0407d28 00000000 00000000 00000000 00000000
[    1.885234] 9fc0: 00000000 00000000 00000000 00000000 00000000 00000000 00000000 00000000
[    1.893771] 9fe0: 00000000 00000000 00000000 00000000 00000013 00000000 00020002 00800200
[    1.902304] [<c0805b18>] (omap4_rng_init) from [<00000000>] (  (null))
[    1.909112] Code: e0832002 e5921000 e2111b01 1a000016 (e52de004) 
[    1.915470] ---[ end trace f56c2568ca13123c ]---
[    1.920317] Kernel panic - not syncing: Attempted to kill init! exitcode=0x0000000b
[    1.920317] 
[    1.929853] ---[ end Kernel panic - not syncing: Attempted to kill init! exitcode=0x0000000b
[    1.929853] 
- 14:15:39 [INFO] Boot attempt 1/1 failed
- 14:15:39 [INFO] Collecting kernel traces via sysrq...
- 14:15:49 [INFO] 
- 14:15:59 [INFO] 
- 14:16:10 [INFO] 
- 14:16:10 [INFO] Disconnected serial from dra72x-evm
URL:gtsystest.telogy.design.ti.com/vatf/tigtfarm07/tigtfarm07_vatf@j6eco-evm1/tigtfarm0706_24_2016_14_11_50/files/session_iteration_1/test_1
